<?xml version="1.0" ?>

<verbosegc xmlns="http://www.ibm.com/j9/verbosegc" version="25b0271_CMPRSS">

<initialized id="1" timestamp="2019-07-02T23:04:49.266">
  <attribute name="gcPolicy" value="-Xgcpolicy:optthruput" />
  <attribute name="GC Util" value="0" />
  <attribute name="CPU Util" value="0" />
  <attribute name="Time Running"value="0"/>
  <attribute name="Number of cores"value="0"/>
  <attribute name="maxHeapSize" value="0x7cbc0000" />
  <attribute name="initialHeapSize" value="0x800000" />
  <attribute name="compressedRefs" value="true" />
  <attribute name="compressedRefsDisplacement" value="0x0" />
  <attribute name="compressedRefsShift" value="0x0" />
  <attribute name="pageSize" value="0x1000" />
  <attribute name="pageType" value="not used" />
  <attribute name="requestedPageSize" value="0x1000" />
  <attribute name="requestedPageType" value="not used" />
  <attribute name="gcthreads" value="4" />
  <attribute name="packetListSplit" value="4" />
  <attribute name="cacheListSplit" value="4" />
  <attribute name="splitFreeListSplitAmount" value="1" />
  <attribute name="numaNodes" value="0" />
  <system>
    <attribute name="physicalMemory" value="8370962432" />
    <attribute name="numCPUs" value="4" />
    <attribute name="architecture" value="amd64" />
    <attribute name="os" value="Linux" />
    <attribute name="osVersion" value="4.4.0-148-generic" />
  </system>
  <vmargs>
    <vmarg name="-Xoptionsfile=/vagrant/jdk/lib/options.default" />
    <vmarg name="-Xlockword:mode=default,noLockword=java/lang/String,noLockword=java/util/MapEntry,noLockword=java/util/HashMap$Entry,noLockword..." />
    <vmarg name="-Xjcl:jclse11_29" />
    <vmarg name="-Dcom.ibm.oti.vm.bootstrap.library.path=/vagrant/jdk/lib/compressedrefs:/vagrant/jdk/lib" />
    <vmarg name="-Dsun.boot.library.path=/vagrant/jdk/lib/compressedrefs:/vagrant/jdk/lib" />
    <vmarg name="-Djava.library.path=/vagrant/jdk/lib/compressedrefs:/vagrant/jdk/lib:/usr/lib64:/usr/lib" />
    <vmarg name="-Djava.home=/vagrant/jdk" />
    <vmarg name="-Duser.dir=/vagrant" />
    <vmarg name="-Xgcpolicy:optthruput" />
    <vmarg name="-verbose:gc" />
    <vmarg name="-Xloggc:large-OPTTHRUPUT-jdkF-verbose11sunflow.txt" />
    <vmarg name="-Djava.class.path=dacapo-9.12-MR1-bach.jar" />
    <vmarg name="-Dsun.java.command=dacapo-9.12-MR1-bach.jar sunflow --size=large" />
    <vmarg name="-Dsun.java.launcher=SUN_STANDARD" />
    <vmarg name="-Dsun.java.launcher.pid=27131" />
  </vmargs>
</initialized>

<exclusive-start id="2" timestamp="2019-07-02T23:04:49.652" intervalms="386.427">
  <response-info timems="0.023" idlems="0.023" threads="0" lastid="0000000000DDB700" lastname="main" />
</exclusive-start>
<af-start id="3" threadId="0000000000DDC088" totalBytesRequested="16" timestamp="2019-07-02T23:04:49.653" intervalms="386.824" />
<cycle-start id="4" type="global" contextid="0" timestamp="2019-07-02T23:04:49.653" intervalms="387.288" />
  <attribute name="GC Util" value="0" />
  <attribute name="CPU Util" value="95" />
  <attribute name="Time Running"value="0"/>
  <attribute name="Number of cores"value="4"/>
<gc-start id="5" type="global" contextid="4" timestamp="2019-07-02T23:04:49.653">
  <mem-info id="6" free="418816" total="8388608" percent="4">
    <mem type="tenure" free="418816" total="8388608" percent="4">
      <mem type="soa" free="0" total="7969792" percent="0" />
      <mem type="loa" free="418816" total="418816" percent="100" />
    </mem>
  </mem-info>
</gc-start>
<allocation-stats totalBytes="7963984" >
  <allocated-bytes non-tlh="2292880" tlh="5671104" />
  <largest-consumer threadName="main" threadId="0000000000DDB700" bytes="7892392" />
</allocation-stats>
<gc-op id="7" type="mark" timems="2.910" contextid="4" timestamp="2019-07-02T23:04:49.656">
  <trace-info objectcount="30035" scancount="24092" scanbytes="759236" />
  <finalization candidates="125" enqueued="1" />
  <ownableSynchronizers candidates="3" cleared="0" />
  <references type="soft" candidates="129" cleared="0" enqueued="0" dynamicThreshold="32" maxThreshold="32" />
  <references type="weak" candidates="1325" cleared="567" enqueued="477" />
  <references type="phantom" candidates="106" cleared="42" enqueued="42" />
  <stringconstants candidates="3935" cleared="0"  />
</gc-op>
<gc-op id="8" type="classunload" timems="0.049" contextid="4" timestamp="2019-07-02T23:04:49.657">
  <classunload-info classloadercandidates="7" classloadersunloaded="0" classesunloaded="0" anonymousclassesunloaded="0" quiescems="0.000" setupms="0.048" scanms="0.000" postms="0.001" />
</gc-op>
<gc-op id="9" type="sweep" timems="0.528" contextid="4" timestamp="2019-07-02T23:04:49.657" />
<gc-end id="10" type="global" contextid="4" durationms="3.886" usertimems="4.000" systemtimems="0.000" timestamp="2019-07-02T23:04:49.657" activeThreads="4">
  <mem-info id="11" free="4717008" total="8388608" percent="56">
    <mem type="tenure" free="4717008" total="8388608" percent="56" micro-fragmented="448768" macro-fragmented="0">
      <mem type="soa" free="4298192" total="7969792" percent="53" />
      <mem type="loa" free="418816" total="418816" percent="100" />
    </mem>
    <pending-finalizers system="1" default="0" reference="519" classloader="0" />
  </mem-info>
</gc-end>
<cycle-end id="12" type="global" contextid="4" timestamp="2019-07-02T23:04:49.657">
  <attribute name="GC Util" value="86" />
  <attribute name="CPU Util" value="5860421755894" />
  <attribute name="Time Running"value="292"/>
  <attribute name="Number of cores"value="4"/>
</cycle-end>
<allocation-satisfied id="13" threadId="0000000000DDB700" bytesRequested="16" />
<af-end id="14" timestamp="2019-07-02T23:04:49.658" threadId="0000000000DDC088" success="true" />
<exclusive-end id="15" timestamp="2019-07-02T23:04:49.658" durationms="5.386" />

<exclusive-start id="16" timestamp="2019-07-02T23:04:49.793" intervalms="140.541">
  <response-info timems="0.065" idlems="0.065" threads="0" lastid="0000000000DDB700" lastname="main" />
</exclusive-start>
<sys-start reason="explicit" id="17" timestamp="2019-07-02T23:04:49.793" intervalms="527.142" />
<cycle-start id="18" type="global" contextid="0" timestamp="2019-07-02T23:04:49.793" intervalms="139.969" />
  <attribute name="GC Util" value="86" />
  <attribute name="CPU Util" value="5860421755894" />
  <attribute name="Time Running"value="292"/>
  <attribute name="Number of cores"value="4"/>
<gc-start id="19" type="global" contextid="18" timestamp="2019-07-02T23:04:49.793">
  <mem-info id="20" free="664288" total="8388608" percent="7">
    <mem type="tenure" free="664288" total="8388608" percent="7">
      <mem type="soa" free="245472" total="7969792" percent="3" />
      <mem type="loa" free="418816" total="418816" percent="100" />
    </mem>
  </mem-info>
</gc-start>
<allocation-stats totalBytes="4050912" >
  <allocated-bytes non-tlh="1048672" tlh="3002240" />
  <largest-consumer threadName="main" threadId="0000000000DDB700" bytes="4041064" />
</allocation-stats>
<gc-op id="21" type="mark" timems="1.804" contextid="18" timestamp="2019-07-02T23:04:49.795">
  <trace-info objectcount="29097" scancount="23313" scanbytes="745012" />
  <finalization candidates="124" enqueued="0" />
  <ownableSynchronizers candidates="3" cleared="0" />
  <references type="soft" candidates="129" cleared="0" enqueued="0" dynamicThreshold="17" maxThreshold="32" />
  <references type="weak" candidates="760" cleared="2" enqueued="2" />
  <references type="phantom" candidates="63" cleared="0" enqueued="0" />
  <stringconstants candidates="3935" cleared="0"  />
</gc-op>
<gc-op id="22" type="classunload" timems="0.003" contextid="18" timestamp="2019-07-02T23:04:49.796">
  <classunload-info classloadercandidates="7" classloadersunloaded="0" classesunloaded="0" anonymousclassesunloaded="0" quiescems="0.000" setupms="0.002" scanms="0.000" postms="0.001" />
</gc-op>
<gc-op id="23" type="sweep" timems="0.242" contextid="18" timestamp="2019-07-02T23:04:49.796" />
<mem-info id="24" free="4504720" total="8388608" percent="53">
  <mem type="tenure" free="4504720" total="8388608" percent="53" micro-fragmented="382355" macro-fragmented="0">
    <mem type="soa" free="4085904" total="7969792" percent="51" />
    <mem type="loa" free="418816" total="418816" percent="100" />
  </mem>
  <pending-finalizers system="0" default="0" reference="2" classloader="0" />
</mem-info>
<gc-op id="25" type="compact" timems="7.116" contextid="18" timestamp="2019-07-02T23:04:49.803">
  <compact-info movecount="29096" movebytes="3385216" reason="compact on aggressive collection" />
</gc-op>
<gc-end id="26" type="global" contextid="18" durationms="10.227" usertimems="12.000" systemtimems="0.000" timestamp="2019-07-02T23:04:49.804" activeThreads="4">
  <mem-info id="27" free="5003304" total="8388608" percent="59">
    <mem type="tenure" free="5003304" total="8388608" percent="59">
      <mem type="soa" free="4584488" total="7969792" percent="57" />
      <mem type="loa" free="418816" total="418816" percent="100" />
    </mem>
    <pending-finalizers system="0" default="0" reference="2" classloader="0" />
  </mem-info>
</gc-end>
<cycle-end id="28" type="global" contextid="18" timestamp="2019-07-02T23:04:49.804">
  <attribute name="GC Util" value="9" />
  <attribute name="CPU Util" value="29999535003211" />
  <attribute name="Time Running"value="431"/>
  <attribute name="Number of cores"value="4"/>
</cycle-end>
<sys-end id="29" timestamp="2019-07-02T23:04:49.804" />
<exclusive-end id="30" timestamp="2019-07-02T23:04:49.804" durationms="11.005" />

<exclusive-start id="31" timestamp="2019-07-02T23:04:49.963" intervalms="170.364">
  <response-info timems="0.033" idlems="0.019" threads="1" lastid="0000000001129500" lastname="Thread-3" />
</exclusive-start>
<af-start id="32" threadId="0000000001131688" totalBytesRequested="31112" timestamp="2019-07-02T23:04:49.963" intervalms="310.739" />
<cycle-start id="33" type="global" contextid="0" timestamp="2019-07-02T23:04:49.964" intervalms="170.486" />
  <attribute name="GC Util" value="9" />
  <attribute name="CPU Util" value="29999535003211" />
  <attribute name="Time Running"value="431"/>
  <attribute name="Number of cores"value="4"/>
<gc-start id="34" type="global" contextid="33" timestamp="2019-07-02T23:04:49.964">
  <mem-info id="35" free="428168" total="8388608" percent="5">
    <mem type="tenure" free="428168" total="8388608" percent="5">
      <mem type="soa" free="9352" total="7969792" percent="0" />
      <mem type="loa" free="418816" total="418816" percent="100" />
    </mem>
  </mem-info>
</gc-start>
<allocation-stats totalBytes="4540024" >
  <allocated-bytes non-tlh="466848" tlh="4073176" />
  <largest-consumer threadName="main" threadId="0000000000DDB700" bytes="3054240" />
</allocation-stats>
<gc-op id="36" type="mark" timems="2.834" contextid="33" timestamp="2019-07-02T23:04:49.967">
  <trace-info objectcount="39402" scancount="31084" scanbytes="964760" />
  <finalization candidates="124" enqueued="0" />
  <ownableSynchronizers candidates="3" cleared="0" />
  <references type="soft" candidates="146" cleared="0" enqueued="0" dynamicThreshold="19" maxThreshold="32" />
  <references type="weak" candidates="803" cleared="29" enqueued="28" />
  <references type="phantom" candidates="65" cleared="2" enqueued="2" />
  <stringconstants candidates="4488" cleared="1"  />
</gc-op>
<gc-op id="37" type="sweep" timems="0.247" contextid="33" timestamp="2019-07-02T23:04:49.967" />
<gc-end id="38" type="global" contextid="33" durationms="3.569" usertimems="4.000" systemtimems="0.000" timestamp="2019-07-02T23:04:49.967" activeThreads="4">
  <mem-info id="39" free="3715880" total="8388608" percent="44">
    <mem type="tenure" free="3715880" total="8388608" percent="44" micro-fragmented="364898" macro-fragmented="0">
      <mem type="soa" free="3297064" total="7969792" percent="41" />
      <mem type="loa" free="418816" total="418816" percent="100" />
    </mem>
    <pending-finalizers system="0" default="0" reference="30" classloader="0" />
  </mem-info>
</gc-end>
<cycle-end id="40" type="global" contextid="33" timestamp="2019-07-02T23:04:49.967">
  <attribute name="GC Util" value="87" />
  <attribute name="CPU Util" value="6343783017619" />
  <attribute name="Time Running"value="602"/>
  <attribute name="Number of cores"value="4"/>
</cycle-end>
<allocation-satisfied id="41" threadId="0000000001130D00" bytesRequested="31112" />
<af-end id="42" timestamp="2019-07-02T23:04:49.968" threadId="0000000001131688" success="true" />
<exclusive-end id="43" timestamp="2019-07-02T23:04:49.968" durationms="4.531" />

<exclusive-start id="44" timestamp="2019-07-02T23:04:50.080" intervalms="117.171">
  <response-info timems="0.099" idlems="0.099" threads="0" lastid="0000000001129500" lastname="Thread-3" />
</exclusive-start>
<af-start id="45" threadId="0000000001129E88" totalBytesRequested="24" timestamp="2019-07-02T23:04:50.081" intervalms="117.159" />
<cycle-start id="46" type="global" contextid="0" timestamp="2019-07-02T23:04:50.081" intervalms="117.142" />
  <attribute name="GC Util" value="87" />
  <attribute name="CPU Util" value="6343783017619" />
  <attribute name="Time Running"value="602"/>
  <attribute name="Number of cores"value="4"/>
<gc-start id="47" type="global" contextid="46" timestamp="2019-07-02T23:04:50.081">
  <mem-info id="48" free="418816" total="8388608" percent="4">
    <mem type="tenure" free="418816" total="8388608" percent="4">
      <mem type="soa" free="0" total="7969792" percent="0" />
      <mem type="loa" free="418816" total="418816" percent="100" />
    </mem>
  </mem-info>
</gc-start>
<allocation-stats totalBytes="3304376" >
  <allocated-bytes non-tlh="1012432" tlh="2291944" />
  <largest-consumer threadName="Thread-3" threadId="0000000001129500" bytes="2375768" />
</allocation-stats>
<gc-op id="49" type="mark" timems="2.843" contextid="46" timestamp="2019-07-02T23:04:50.084">
  <trace-info objectcount="43625" scancount="35308" scanbytes="1181088" />
  <finalization candidates="124" enqueued="0" />
  <ownableSynchronizers candidates="3" cleared="0" />
  <references type="soft" candidates="146" cleared="0" enqueued="0" dynamicThreshold="14" maxThreshold="32" />
  <references type="weak" candidates="774" cleared="0" enqueued="0" />
  <references type="phantom" candidates="63" cleared="0" enqueued="0" />
  <stringconstants candidates="4510" cleared="0"  />
</gc-op>
<gc-op id="50" type="sweep" timems="0.566" contextid="46" timestamp="2019-07-02T23:04:50.085" />
<gc-end id="51" type="global" contextid="46" durationms="3.878" usertimems="4.000" systemtimems="0.000" timestamp="2019-07-02T23:04:50.085" activeThreads="4">
  <mem-info id="52" free="2816760" total="8388608" percent="33">
    <mem type="tenure" free="2816760" total="8388608" percent="33" micro-fragmented="790438" macro-fragmented="0">
      <mem type="soa" free="2397944" total="7969792" percent="30" />
      <mem type="loa" free="418816" total="418816" percent="100" />
    </mem>
  </mem-info>
</gc-end>
<cycle-end id="53" type="global" contextid="46" timestamp="2019-07-02T23:04:50.085">
  <attribute name="GC Util" value="88" />
  <attribute name="CPU Util" value="6259460943623" />
  <attribute name="Time Running"value="719"/>
  <attribute name="Number of cores"value="4"/>
</cycle-end>
<allocation-satisfied id="54" threadId="0000000001129500" bytesRequested="24" />
<af-end id="55" timestamp="2019-07-02T23:04:50.085" threadId="0000000001129E88" success="true" />
<exclusive-end id="56" timestamp="2019-07-02T23:04:50.085" durationms="4.668" />

<exclusive-start id="57" timestamp="2019-07-02T23:04:50.173" intervalms="92.753">
  <response-info timems="0.072" idlems="0.072" threads="0" lastid="0000000001129500" lastname="Thread-3" />
</exclusive-start>
<af-start id="58" threadId="0000000001129E88" totalBytesRequested="6920" timestamp="2019-07-02T23:04:50.173" intervalms="92.710" />
<cycle-start id="59" type="global" contextid="0" timestamp="2019-07-02T23:04:50.173" intervalms="92.695" />
  <attribute name="GC Util" value="88" />
  <attribute name="CPU Util" value="6259460943623" />
  <attribute name="Time Running"value="719"/>
  <attribute name="Number of cores"value="4"/>
<gc-start id="60" type="global" contextid="59" timestamp="2019-07-02T23:04:50.174">
  <mem-info id="61" free="418816" total="8388608" percent="4">
    <mem type="tenure" free="418816" total="8388608" percent="4">
      <mem type="soa" free="0" total="7969792" percent="0" />
      <mem type="loa" free="418816" total="418816" percent="100" />
    </mem>
  </mem-info>
</gc-start>
<allocation-stats totalBytes="2373048" >
  <allocated-bytes non-tlh="350488" tlh="2022560" />
  <largest-consumer threadName="Thread-3" threadId="0000000001129500" bytes="2373048" />
</allocation-stats>
<gc-op id="62" type="mark" timems="4.105" contextid="59" timestamp="2019-07-02T23:04:50.178">
  <trace-info objectcount="43616" scancount="35295" scanbytes="1180992" />
  <finalization candidates="124" enqueued="0" />
  <ownableSynchronizers candidates="3" cleared="0" />
  <references type="soft" candidates="146" cleared="0" enqueued="0" dynamicThreshold="10" maxThreshold="32" />
  <references type="weak" candidates="774" cleared="0" enqueued="0" />
  <references type="phantom" candidates="63" cleared="0" enqueued="0" />
  <stringconstants candidates="4510" cleared="0"  />
</gc-op>
<gc-op id="63" type="sweep" timems="0.669" contextid="59" timestamp="2019-07-02T23:04:50.179" />
<gc-end id="64" type="global" contextid="59" durationms="5.337" usertimems="8.000" systemtimems="0.000" timestamp="2019-07-02T23:04:50.179" activeThreads="4">
  <mem-info id="65" free="2832664" total="8388608" percent="33">
    <mem type="tenure" free="2832664" total="8388608" percent="33" micro-fragmented="789756" macro-fragmented="0">
      <mem type="soa" free="2413848" total="7969792" percent="30" />
      <mem type="loa" free="418816" total="418816" percent="100" />
    </mem>
  </mem-info>
</gc-end>
<cycle-end id="66" type="global" contextid="59" timestamp="2019-07-02T23:04:50.179">
  <attribute name="GC Util" value="89" />
  <attribute name="CPU Util" value="4377676239805" />
  <attribute name="Time Running"value="813"/>
  <attribute name="Number of cores"value="4"/>
</cycle-end>
<allocation-satisfied id="67" threadId="0000000001129500" bytesRequested="6920" />
<af-end id="68" timestamp="2019-07-02T23:04:50.179" threadId="0000000001129E88" success="true" />
<exclusive-end id="69" timestamp="2019-07-02T23:04:50.179" durationms="6.246" />

<exclusive-start id="70" timestamp="2019-07-02T23:04:50.260" intervalms="86.870">
  <response-info timems="0.032" idlems="0.032" threads="0" lastid="0000000001129500" lastname="Thread-10" />
</exclusive-start>
<af-start id="71" threadId="0000000001129E88" totalBytesRequested="54280" timestamp="2019-07-02T23:04:50.260" intervalms="86.867" />
<cycle-start id="72" type="global" contextid="0" timestamp="2019-07-02T23:04:50.260" intervalms="86.872" />
  <attribute name="GC Util" value="89" />
  <attribute name="CPU Util" value="4377676239805" />
  <attribute name="Time Running"value="813"/>
  <attribute name="Number of cores"value="4"/>
<gc-start id="73" type="global" contextid="72" timestamp="2019-07-02T23:04:50.260">
  <mem-info id="74" free="445712" total="8388608" percent="5">
    <mem type="tenure" free="445712" total="8388608" percent="5">
      <mem type="soa" free="26896" total="7969792" percent="0" />
      <mem type="loa" free="418816" total="418816" percent="100" />
    </mem>
  </mem-info>
</gc-start>
<allocation-stats totalBytes="2352136" >
  <allocated-bytes non-tlh="413488" tlh="1938648" />
  <largest-consumer threadName="main" threadId="0000000000DDB700" bytes="79616" />
</allocation-stats>
<gc-op id="75" type="mark" timems="1.735" contextid="72" timestamp="2019-07-02T23:04:50.262">
  <trace-info objectcount="44080" scancount="35709" scanbytes="1199168" />
  <finalization candidates="124" enqueued="0" />
  <ownableSynchronizers candidates="3" cleared="0" />
  <references type="soft" candidates="146" cleared="0" enqueued="0" dynamicThreshold="10" maxThreshold="32" />
  <references type="weak" candidates="774" cleared="0" enqueued="0" />
  <references type="phantom" candidates="63" cleared="0" enqueued="0" />
  <stringconstants candidates="4570" cleared="0"  />
</gc-op>
<gc-op id="76" type="sweep" timems="0.264" contextid="72" timestamp="2019-07-02T23:04:50.263" />
<gc-end id="77" type="global" contextid="72" durationms="2.414" usertimems="4.000" systemtimems="0.000" timestamp="2019-07-02T23:04:50.263" activeThreads="4">
  <mem-info id="78" free="2815048" total="8388608" percent="33">
    <mem type="tenure" free="2815048" total="8388608" percent="33" micro-fragmented="839226" macro-fragmented="0">
      <mem type="soa" free="2396232" total="7969792" percent="30" />
      <mem type="loa" free="418816" total="418816" percent="100" />
    </mem>
  </mem-info>
</gc-end>
<cycle-end id="79" type="global" contextid="72" timestamp="2019-07-02T23:04:50.263">
  <attribute name="GC Util" value="84" />
  <attribute name="CPU Util" value="9896003385709" />
  <attribute name="Time Running"value="898"/>
  <attribute name="Number of cores"value="4"/>
</cycle-end>
<allocation-satisfied id="80" threadId="0000000001129500" bytesRequested="54280" />
<af-end id="81" timestamp="2019-07-02T23:04:50.263" threadId="0000000001129E88" success="true" />
<exclusive-end id="82" timestamp="2019-07-02T23:04:50.263" durationms="3.307" />

<exclusive-start id="83" timestamp="2019-07-02T23:04:50.296" intervalms="35.777">
  <response-info timems="0.050" idlems="0.050" threads="0" lastid="0000000001134900" lastname="Thread-7" />
</exclusive-start>
<af-start id="84" threadId="0000000001135288" totalBytesRequested="40" timestamp="2019-07-02T23:04:50.296" intervalms="35.788" />
<cycle-start id="85" type="global" contextid="0" timestamp="2019-07-02T23:04:50.296" intervalms="35.782" />
  <attribute name="GC Util" value="84" />
  <attribute name="CPU Util" value="9896003385709" />
  <attribute name="Time Running"value="898"/>
  <attribute name="Number of cores"value="4"/>
<gc-start id="86" type="global" contextid="85" timestamp="2019-07-02T23:04:50.296">
  <mem-info id="87" free="418816" total="8388608" percent="4">
    <mem type="tenure" free="418816" total="8388608" percent="4">
      <mem type="soa" free="0" total="7969792" percent="0" />
      <mem type="loa" free="418816" total="418816" percent="100" />
    </mem>
  </mem-info>
</gc-start>
<allocation-stats totalBytes="2445696" >
  <allocated-bytes non-tlh="197576" tlh="2248120" />
  <largest-consumer threadName="Thread-7" threadId="0000000001134900" bytes="677512" />
</allocation-stats>
<gc-op id="88" type="mark" timems="2.007" contextid="85" timestamp="2019-07-02T23:04:50.299">
  <trace-info objectcount="63773" scancount="55388" scanbytes="2215048" />
  <finalization candidates="124" enqueued="0" />
  <ownableSynchronizers candidates="3" cleared="0" />
  <references type="soft" candidates="146" cleared="0" enqueued="0" dynamicThreshold="10" maxThreshold="32" />
  <references type="weak" candidates="774" cleared="0" enqueued="0" />
  <references type="phantom" candidates="63" cleared="0" enqueued="0" />
  <stringconstants candidates="4573" cleared="0"  />
</gc-op>
<gc-op id="89" type="sweep" timems="0.244" contextid="85" timestamp="2019-07-02T23:04:50.299" />
<heap-resize id="90" type="expand" space="tenure" amount="1179648" count="1" timems="0.017" reason="insufficient free space following gc" timestamp="2019-07-02T23:04:50.299" />
<gc-end id="91" type="global" contextid="85" durationms="2.781" usertimems="8.000" systemtimems="0.000" timestamp="2019-07-02T23:04:50.299" activeThreads="4">
  <mem-info id="92" free="2904240" total="9568256" percent="30">
    <mem type="tenure" free="2904240" total="9568256" percent="30" micro-fragmented="933653" macro-fragmented="0">
      <mem type="soa" free="2426032" total="9090048" percent="26" />
      <mem type="loa" free="478208" total="478208" percent="100" />
    </mem>
  </mem-info>
</gc-end>
<cycle-end id="93" type="global" contextid="85" timestamp="2019-07-02T23:04:50.299">
  <attribute name="GC Util" value="89" />
  <attribute name="CPU Util" value="8822655830236" />
  <attribute name="Time Running"value="934"/>
  <attribute name="Number of cores"value="4"/>
</cycle-end>
<allocation-satisfied id="94" threadId="0000000001134900" bytesRequested="40" />
<af-end id="95" timestamp="2019-07-02T23:04:50.299" threadId="0000000001135288" success="true" />
<exclusive-end id="96" timestamp="2019-07-02T23:04:50.299" durationms="3.632" />

<exclusive-start id="97" timestamp="2019-07-02T23:04:50.381" intervalms="84.740">
  <response-info timems="0.076" idlems="0.076" threads="0" lastid="000000000112D100" lastname="Thread-8" />
</exclusive-start>
<af-start id="98" threadId="000000000112DA88" totalBytesRequested="40" timestamp="2019-07-02T23:04:50.381" intervalms="84.666" />
<cycle-start id="99" type="global" contextid="0" timestamp="2019-07-02T23:04:50.381" intervalms="84.686" />
  <attribute name="GC Util" value="89" />
  <attribute name="CPU Util" value="8822655830236" />
  <attribute name="Time Running"value="934"/>
  <attribute name="Number of cores"value="4"/>
<gc-start id="100" type="global" contextid="99" timestamp="2019-07-02T23:04:50.381">
  <mem-info id="101" free="478208" total="9568256" percent="4">
    <mem type="tenure" free="478208" total="9568256" percent="4">
      <mem type="soa" free="0" total="9090048" percent="0" />
      <mem type="loa" free="478208" total="478208" percent="100" />
    </mem>
  </mem-info>
</gc-start>
<allocation-stats totalBytes="2426248" >
  <allocated-bytes non-tlh="0" tlh="2426248" />
  <largest-consumer threadName="Thread-7" threadId="0000000001134900" bytes="753376" />
</allocation-stats>
<gc-op id="102" type="mark" timems="5.109" contextid="99" timestamp="2019-07-02T23:04:50.386">
  <trace-info objectcount="64372" scancount="55978" scanbytes="2229200" />
  <finalization candidates="124" enqueued="0" />
  <ownableSynchronizers candidates="3" cleared="0" />
  <references type="soft" candidates="146" cleared="0" enqueued="0" dynamicThreshold="9" maxThreshold="32" />
  <references type="weak" candidates="774" cleared="0" enqueued="0" />
  <references type="phantom" candidates="63" cleared="0" enqueued="0" />
  <stringconstants candidates="4573" cleared="0"  />
</gc-op>
<gc-op id="103" type="sweep" timems="0.907" contextid="99" timestamp="2019-07-02T23:04:50.387" />
<gc-end id="104" type="global" contextid="99" durationms="6.494" usertimems="16.000" systemtimems="0.000" timestamp="2019-07-02T23:04:50.387" activeThreads="4">
  <mem-info id="105" free="2889208" total="9568256" percent="30">
    <mem type="tenure" free="2889208" total="9568256" percent="30" micro-fragmented="924103" macro-fragmented="0">
      <mem type="soa" free="2411000" total="9090048" percent="26" />
      <mem type="loa" free="478208" total="478208" percent="100" />
    </mem>
  </mem-info>
</gc-end>
<cycle-end id="106" type="global" contextid="99" timestamp="2019-07-02T23:04:50.388">
  <attribute name="GC Util" value="122" />
  <attribute name="CPU Util" value="3542315787211" />
  <attribute name="Time Running"value="1022"/>
  <attribute name="Number of cores"value="4"/>
</cycle-end>
<allocation-satisfied id="107" threadId="000000000112D100" bytesRequested="40" />
<af-end id="108" timestamp="2019-07-02T23:04:50.388" threadId="000000000112DA88" success="true" />
<exclusive-end id="109" timestamp="2019-07-02T23:04:50.388" durationms="7.437" />

<exclusive-start id="110" timestamp="2019-07-02T23:04:50.474" intervalms="93.035">
  <response-info timems="0.208" idlems="0.189" threads="1" lastid="0000000001134900" lastname="Thread-7" />
</exclusive-start>
<af-start id="111" threadId="000000000112DA88" totalBytesRequested="40" timestamp="2019-07-02T23:04:50.474" intervalms="93.068" />
<cycle-start id="112" type="global" contextid="0" timestamp="2019-07-02T23:04:50.474" intervalms="93.005" />
  <attribute name="GC Util" value="122" />
  <attribute name="CPU Util" value="3542315787211" />
  <attribute name="Time Running"value="1022"/>
  <attribute name="Number of cores"value="4"/>
<gc-start id="113" type="global" contextid="112" timestamp="2019-07-02T23:04:50.474">
  <mem-info id="114" free="478208" total="9568256" percent="4">
    <mem type="tenure" free="478208" total="9568256" percent="4">
      <mem type="soa" free="0" total="9090048" percent="0" />
      <mem type="loa" free="478208" total="478208" percent="100" />
    </mem>
  </mem-info>
</gc-start>
<allocation-stats totalBytes="2409448" >
  <allocated-bytes non-tlh="0" tlh="2409448" />
  <largest-consumer threadName="Thread-7" threadId="0000000001134900" bytes="828848" />
</allocation-stats>
<gc-op id="115" type="mark" timems="2.210" contextid="112" timestamp="2019-07-02T23:04:50.476">
  <trace-info objectcount="65235" scancount="56858" scanbytes="2250216" />
  <finalization candidates="124" enqueued="0" />
  <ownableSynchronizers candidates="3" cleared="0" />
  <references type="soft" candidates="146" cleared="0" enqueued="0" dynamicThreshold="9" maxThreshold="32" />
  <references type="weak" candidates="774" cleared="0" enqueued="0" />
  <references type="phantom" candidates="63" cleared="0" enqueued="0" />
  <stringconstants candidates="4573" cleared="0"  />
</gc-op>
<gc-op id="116" type="sweep" timems="0.770" contextid="112" timestamp="2019-07-02T23:04:50.477" />
<heap-resize id="117" type="expand" space="tenure" amount="1048576" count="1" timems="0.023" reason="insufficient free space following gc" timestamp="2019-07-02T23:04:50.477" />
<gc-end id="118" type="global" contextid="112" durationms="3.557" usertimems="12.000" systemtimems="0.000" timestamp="2019-07-02T23:04:50.477" activeThreads="4">
  <mem-info id="119" free="3901360" total="10616832" percent="36">
    <mem type="tenure" free="3901360" total="10616832" percent="36" micro-fragmented="962149" macro-fragmented="0">
      <mem type="soa" free="3370928" total="10086400" percent="33" />
      <mem type="loa" free="530432" total="530432" percent="100" />
    </mem>
  </mem-info>
</gc-end>
<cycle-end id="120" type="global" contextid="112" timestamp="2019-07-02T23:04:50.478">
  <attribute name="GC Util" value="245" />
  <attribute name="CPU Util" value="8201377838207" />
  <attribute name="Time Running"value="1112"/>
  <attribute name="Number of cores"value="4"/>
</cycle-end>
<allocation-satisfied id="121" threadId="000000000112D100" bytesRequested="40" />
<af-end id="122" timestamp="2019-07-02T23:04:50.478" threadId="000000000112DA88" success="true" />
<exclusive-end id="123" timestamp="2019-07-02T23:04:50.478" durationms="4.336" />

<exclusive-start id="124" timestamp="2019-07-02T23:04:50.573" intervalms="99.212">
  <response-info timems="0.153" idlems="0.102" threads="2" lastid="0000000000DE6B00" lastname="JIT Compilation Thread-2" />
</exclusive-start>
<af-start id="125" threadId="0000000001129E88" totalBytesRequested="40" timestamp="2019-07-02T23:04:50.573" intervalms="99.240" />
<cycle-start id="126" type="global" contextid="0" timestamp="2019-07-02T23:04:50.573" intervalms="99.244" />
  <attribute name="GC Util" value="245" />
  <attribute name="CPU Util" value="8201377838207" />
  <attribute name="Time Running"value="1112"/>
  <attribute name="Number of cores"value="4"/>
<gc-start id="127" type="global" contextid="126" timestamp="2019-07-02T23:04:50.573">
  <mem-info id="128" free="530432" total="10616832" percent="4">
    <mem type="tenure" free="530432" total="10616832" percent="4">
      <mem type="soa" free="0" total="10086400" percent="0" />
      <mem type="loa" free="530432" total="530432" percent="100" />
    </mem>
  </mem-info>
</gc-start>
<allocation-stats totalBytes="3368008" >
  <allocated-bytes non-tlh="0" tlh="3368008" />
  <largest-consumer threadName="Thread-9" threadId="0000000001130D00" bytes="924864" />
</allocation-stats>
<gc-op id="129" type="mark" timems="2.074" contextid="126" timestamp="2019-07-02T23:04:50.576">
  <trace-info objectcount="66736" scancount="58362" scanbytes="2286160" />
  <finalization candidates="124" enqueued="0" />
  <ownableSynchronizers candidates="3" cleared="0" />
  <references type="soft" candidates="146" cleared="0" enqueued="0" dynamicThreshold="11" maxThreshold="32" />
  <references type="weak" candidates="774" cleared="0" enqueued="0" />
  <references type="phantom" candidates="63" cleared="0" enqueued="0" />
  <stringconstants candidates="4573" cleared="0"  />
</gc-op>
<gc-op id="130" type="sweep" timems="0.756" contextid="126" timestamp="2019-07-02T23:04:50.576" />
<gc-end id="131" type="global" contextid="126" durationms="3.326" usertimems="8.000" systemtimems="0.000" timestamp="2019-07-02T23:04:50.577" activeThreads="4">
  <mem-info id="132" free="3855624" total="10616832" percent="36">
    <mem type="tenure" free="3855624" total="10616832" percent="36" micro-fragmented="857779" macro-fragmented="0">
      <mem type="soa" free="3325192" total="10086400" percent="32" />
      <mem type="loa" free="530432" total="530432" percent="100" />
    </mem>
  </mem-info>
</gc-end>
<cycle-end id="133" type="global" contextid="126" timestamp="2019-07-02T23:04:50.577">
  <attribute name="GC Util" value="225" />
  <attribute name="CPU Util" value="8588765340257" />
  <attribute name="Time Running"value="1211"/>
  <attribute name="Number of cores"value="4"/>
</cycle-end>
<allocation-satisfied id="134" threadId="0000000001129500" bytesRequested="40" />
<af-end id="135" timestamp="2019-07-02T23:04:50.577" threadId="0000000001129E88" success="true" />
<exclusive-end id="136" timestamp="2019-07-02T23:04:50.577" durationms="4.160" />

<exclusive-start id="137" timestamp="2019-07-02T23:04:50.667" intervalms="94.107">
  <response-info timems="0.071" idlems="0.038" threads="1" lastid="000000000112D100" lastname="Thread-8" />
</exclusive-start>
<af-start id="138" threadId="0000000001135288" totalBytesRequested="40" timestamp="2019-07-02T23:04:50.667" intervalms="94.097" />
<cycle-start id="139" type="global" contextid="0" timestamp="2019-07-02T23:04:50.667" intervalms="94.098" />
  <attribute name="GC Util" value="225" />
  <attribute name="CPU Util" value="8588765340257" />
  <attribute name="Time Running"value="1211"/>
  <attribute name="Number of cores"value="4"/>
<gc-start id="140" type="global" contextid="139" timestamp="2019-07-02T23:04:50.667">
  <mem-info id="141" free="530432" total="10616832" percent="4">
    <mem type="tenure" free="530432" total="10616832" percent="4">
      <mem type="soa" free="0" total="10086400" percent="0" />
      <mem type="loa" free="530432" total="530432" percent="100" />
    </mem>
  </mem-info>
</gc-start>
<allocation-stats totalBytes="3319848" >
  <allocated-bytes non-tlh="0" tlh="3319848" />
  <largest-consumer threadName="Thread-10" threadId="0000000001129500" bytes="975360" />
</allocation-stats>
<gc-op id="142" type="mark" timems="2.463" contextid="139" timestamp="2019-07-02T23:04:50.670">
  <trace-info objectcount="68139" scancount="59767" scanbytes="2319624" />
  <finalization candidates="124" enqueued="0" />
  <ownableSynchronizers candidates="3" cleared="0" />
  <references type="soft" candidates="146" cleared="0" enqueued="0" dynamicThreshold="11" maxThreshold="32" />
  <references type="weak" candidates="774" cleared="0" enqueued="0" />
  <references type="phantom" candidates="63" cleared="0" enqueued="0" />
  <stringconstants candidates="4573" cleared="0"  />
</gc-op>
<gc-op id="143" type="sweep" timems="0.785" contextid="139" timestamp="2019-07-02T23:04:50.671" />
<gc-end id="144" type="global" contextid="139" durationms="3.789" usertimems="12.000" systemtimems="0.000" timestamp="2019-07-02T23:04:50.671" activeThreads="4">
  <mem-info id="145" free="3806856" total="10616832" percent="35">
    <mem type="tenure" free="3806856" total="10616832" percent="35" micro-fragmented="851200" macro-fragmented="0">
      <mem type="soa" free="3276424" total="10086400" percent="32" />
      <mem type="loa" free="530432" total="530432" percent="100" />
    </mem>
  </mem-info>
</gc-end>
<cycle-end id="146" type="global" contextid="139" timestamp="2019-07-02T23:04:50.671">
  <attribute name="GC Util" value="240" />
  <attribute name="CPU Util" value="7156508089488" />
  <attribute name="Time Running"value="1305"/>
  <attribute name="Number of cores"value="4"/>
</cycle-end>
<allocation-satisfied id="147" threadId="0000000001134900" bytesRequested="40" />
<af-end id="148" timestamp="2019-07-02T23:04:50.671" threadId="0000000001135288" success="true" />
<exclusive-end id="149" timestamp="2019-07-02T23:04:50.671" durationms="4.562" />

<exclusive-start id="150" timestamp="2019-07-02T23:04:50.689" intervalms="22.283">
  <response-info timems="0.073" idlems="0.073" threads="0" lastid="0000000001134900" lastname="Thread-7" />
</exclusive-start>
<af-start id="151" threadId="0000000001135288" totalBytesRequested="40" timestamp="2019-07-02T23:04:50.689" intervalms="22.307" />
<cycle-start id="152" type="global" contextid="0" timestamp="2019-07-02T23:04:50.690" intervalms="22.344" />
  <attribute name="GC Util" value="240" />
  <attribute name="CPU Util" value="7156508089488" />
  <attribute name="Time Running"value="1305"/>
  <attribute name="Number of cores"value="4"/>
<gc-start id="153" type="global" contextid="152" timestamp="2019-07-02T23:04:50.690">
  <mem-info id="154" free="530432" total="10616832" percent="4">
    <mem type="tenure" free="530432" total="10616832" percent="4">
      <mem type="soa" free="0" total="10086400" percent="0" />
      <mem type="loa" free="530432" total="530432" percent="100" />
    </mem>
  </mem-info>
</gc-start>
<allocation-stats totalBytes="3268280" >
  <allocated-bytes non-tlh="0" tlh="3268280" />
  <largest-consumer threadName="Thread-8" threadId="000000000112D100" bytes="1714952" />
</allocation-stats>
<gc-op id="155" type="mark" timems="2.534" contextid="152" timestamp="2019-07-02T23:04:50.692">
  <trace-info objectcount="68754" scancount="60390" scanbytes="2330368" />
  <finalization candidates="124" enqueued="0" />
  <ownableSynchronizers candidates="3" cleared="0" />
  <references type="soft" candidates="146" cleared="45" enqueued="42" dynamicThreshold="11" maxThreshold="32" />
  <references type="weak" candidates="774" cleared="0" enqueued="0" />
  <references type="phantom" candidates="63" cleared="0" enqueued="0" />
  <stringconstants candidates="4573" cleared="0"  />
</gc-op>
<gc-op id="156" type="sweep" timems="0.849" contextid="152" timestamp="2019-07-02T23:04:50.693" />
<gc-end id="157" type="global" contextid="152" durationms="3.859" usertimems="8.000" systemtimems="4.000" timestamp="2019-07-02T23:04:50.693" activeThreads="4">
  <mem-info id="158" free="3751920" total="10616832" percent="35">
    <mem type="tenure" free="3751920" total="10616832" percent="35" micro-fragmented="936073" macro-fragmented="0">
      <mem type="soa" free="3221488" total="10086400" percent="31" />
      <mem type="loa" free="530432" total="530432" percent="100" />
    </mem>
    <pending-finalizers system="0" default="0" reference="42" classloader="0" />
  </mem-info>
</gc-end>
<cycle-end id="159" type="global" contextid="152" timestamp="2019-07-02T23:04:50.694">
  <attribute name="GC Util" value="248" />
  <attribute name="CPU Util" value="7028193197697" />
  <attribute name="Time Running"value="1328"/>
  <attribute name="Number of cores"value="4"/>
</cycle-end>
<allocation-satisfied id="160" threadId="0000000001134900" bytesRequested="40" />
<af-end id="161" timestamp="2019-07-02T23:04:50.694" threadId="0000000001135288" success="true" />
<exclusive-end id="162" timestamp="2019-07-02T23:04:50.694" durationms="4.877" />

<exclusive-start id="163" timestamp="2019-07-02T23:04:50.710" intervalms="20.718">
  <response-info timems="9.431" idlems="4.740" threads="1" lastid="0000000001130D00" lastname="Thread-9" />
</exclusive-start>
<af-start id="164" threadId="000000000112DA88" totalBytesRequested="24" timestamp="2019-07-02T23:04:50.710" intervalms="20.682" />
<cycle-start id="165" type="global" contextid="0" timestamp="2019-07-02T23:04:50.710" intervalms="20.757" />
  <attribute name="GC Util" value="248" />
  <attribute name="CPU Util" value="7028193197697" />
  <attribute name="Time Running"value="1328"/>
  <attribute name="Number of cores"value="4"/>
<gc-start id="166" type="global" contextid="165" timestamp="2019-07-02T23:04:50.710">
  <mem-info id="167" free="530432" total="10616832" percent="4">
    <mem type="tenure" free="530432" total="10616832" percent="4">
      <mem type="soa" free="0" total="10086400" percent="0" />
      <mem type="loa" free="530432" total="530432" percent="100" />
    </mem>
  </mem-info>
</gc-start>
<allocation-stats totalBytes="3222608" >
  <allocated-bytes non-tlh="0" tlh="3222608" />
  <largest-consumer threadName="Thread-8" threadId="000000000112D100" bytes="1133384" />
</allocation-stats>
<gc-op id="168" type="mark" timems="2.362" contextid="165" timestamp="2019-07-02T23:04:50.713">
  <trace-info objectcount="69876" scancount="61511" scanbytes="2356188" />
  <finalization candidates="124" enqueued="0" />
  <ownableSynchronizers candidates="3" cleared="0" />
  <references type="soft" candidates="101" cleared="0" enqueued="0" dynamicThreshold="11" maxThreshold="32" />
  <references type="weak" candidates="774" cleared="0" enqueued="0" />
  <references type="phantom" candidates="63" cleared="0" enqueued="0" />
  <stringconstants candidates="4573" cleared="0"  />
</gc-op>
<gc-op id="169" type="sweep" timems="0.704" contextid="165" timestamp="2019-07-02T23:04:50.714" />
<gc-end id="170" type="global" contextid="165" durationms="3.604" usertimems="12.000" systemtimems="0.000" timestamp="2019-07-02T23:04:50.714" activeThreads="4">
  <mem-info id="171" free="3688296" total="10616832" percent="34">
    <mem type="tenure" free="3688296" total="10616832" percent="34" micro-fragmented="948246" macro-fragmented="0">
      <mem type="soa" free="3157864" total="10086400" percent="31" />
      <mem type="loa" free="530432" total="530432" percent="100" />
    </mem>
  </mem-info>
</gc-end>
<cycle-end id="172" type="global" contextid="165" timestamp="2019-07-02T23:04:50.714">
  <attribute name="GC Util" value="246" />
  <attribute name="CPU Util" value="7491246107894" />
  <attribute name="Time Running"value="1348"/>
  <attribute name="Number of cores"value="4"/>
</cycle-end>
<allocation-satisfied id="173" threadId="000000000112D100" bytesRequested="24" />
<af-end id="174" timestamp="2019-07-02T23:04:50.714" threadId="000000000112DA88" success="true" />
<exclusive-end id="175" timestamp="2019-07-02T23:04:50.714" durationms="4.555" />

<exclusive-start id="176" timestamp="2019-07-02T23:04:50.719" intervalms="9.145">
  <response-info timems="0.037" idlems="0.037" threads="0" lastid="000000000112D100" lastname="Thread-8" />
</exclusive-start>
<af-start id="177" threadId="000000000112DA88" totalBytesRequested="40" timestamp="2019-07-02T23:04:50.719" intervalms="9.112" />
<cycle-start id="178" type="global" contextid="0" timestamp="2019-07-02T23:04:50.719" intervalms="8.992" />
  <attribute name="GC Util" value="246" />
  <attribute name="CPU Util" value="7491246107894" />
  <attribute name="Time Running"value="1348"/>
  <attribute name="Number of cores"value="4"/>
<gc-start id="179" type="global" contextid="178" timestamp="2019-07-02T23:04:50.719">
  <mem-info id="180" free="530432" total="10616832" percent="4">
    <mem type="tenure" free="530432" total="10616832" percent="4">
      <mem type="soa" free="0" total="10086400" percent="0" />
      <mem type="loa" free="530432" total="530432" percent="100" />
    </mem>
  </mem-info>
</gc-start>
<allocation-stats totalBytes="3157504" >
  <allocated-bytes non-tlh="0" tlh="3157504" />
  <largest-consumer threadName="Thread-9" threadId="0000000001130D00" bytes="1072376" />
</allocation-stats>
<gc-op id="181" type="mark" timems="2.351" contextid="178" timestamp="2019-07-02T23:04:50.722">
  <trace-info objectcount="67609" scancount="60042" scanbytes="2313948" />
  <finalization candidates="124" enqueued="0" />
  <ownableSynchronizers candidates="3" cleared="0" />
  <references type="soft" candidates="101" cleared="15" enqueued="13" dynamicThreshold="11" maxThreshold="32" />
  <references type="weak" candidates="774" cleared="0" enqueued="0" />
  <references type="phantom" candidates="63" cleared="0" enqueued="0" />
  <stringconstants candidates="4573" cleared="0"  />
</gc-op>
<gc-op id="182" type="sweep" timems="0.804" contextid="178" timestamp="2019-07-02T23:04:50.723" />
<heap-resize id="183" type="expand" space="tenure" amount="1835008" count="1" timems="0.046" reason="excessive time being spent in gc" timestamp="2019-07-02T23:04:50.723" />
<gc-end id="184" type="global" contextid="178" durationms="3.616" usertimems="12.000" systemtimems="0.000" timestamp="2019-07-02T23:04:50.723" activeThreads="4">
  <mem-info id="185" free="5672840" total="12451840" percent="45">
    <mem type="tenure" free="5672840" total="12451840" percent="45" micro-fragmented="897628" macro-fragmented="0">
      <mem type="soa" free="5050248" total="11829248" percent="42" />
      <mem type="loa" free="622592" total="622592" percent="100" />
    </mem>
    <pending-finalizers system="0" default="0" reference="13" classloader="0" />
  </mem-info>
</gc-end>
<cycle-end id="186" type="global" contextid="178" timestamp="2019-07-02T23:04:50.723">
  <attribute name="GC Util" value="244" />
  <attribute name="CPU Util" value="7516303096634" />
  <attribute name="Time Running"value="1357"/>
  <attribute name="Number of cores"value="4"/>
</cycle-end>
<allocation-satisfied id="187" threadId="000000000112D100" bytesRequested="40" />
<af-end id="188" timestamp="2019-07-02T23:04:50.723" threadId="000000000112DA88" success="true" />
<exclusive-end id="189" timestamp="2019-07-02T23:04:50.723" durationms="4.416" />

<exclusive-start id="190" timestamp="2019-07-02T23:04:50.730" intervalms="11.212">
  <response-info timems="0.026" idlems="0.026" threads="0" lastid="0000000001130D00" lastname="Thread-9" />
</exclusive-start>
<af-start id="191" threadId="0000000001131688" totalBytesRequested="40" timestamp="2019-07-02T23:04:50.733" intervalms="14.235" />
<cycle-start id="192" type="global" contextid="0" timestamp="2019-07-02T23:04:50.734" intervalms="14.288" />
  <attribute name="GC Util" value="244" />
  <attribute name="CPU Util" value="7516303096634" />
  <attribute name="Time Running"value="1357"/>
  <attribute name="Number of cores"value="4"/>
<gc-start id="193" type="global" contextid="192" timestamp="2019-07-02T23:04:50.734">
  <mem-info id="194" free="622592" total="12451840" percent="5">
    <mem type="tenure" free="622592" total="12451840" percent="5">
      <mem type="soa" free="0" total="11829248" percent="0" />
      <mem type="loa" free="622592" total="622592" percent="100" />
    </mem>
  </mem-info>
</gc-start>
<allocation-stats totalBytes="5040832" >
  <allocated-bytes non-tlh="0" tlh="5040832" />
  <largest-consumer threadName="Thread-8" threadId="000000000112D100" bytes="1716136" />
</allocation-stats>
<gc-op id="195" type="mark" timems="2.530" contextid="192" timestamp="2019-07-02T23:04:50.737">
  <trace-info objectcount="69000" scancount="61443" scanbytes="2345636" />
  <finalization candidates="124" enqueued="0" />
  <ownableSynchronizers candidates="3" cleared="0" />
  <references type="soft" candidates="86" cleared="0" enqueued="0" dynamicThreshold="14" maxThreshold="32" />
  <references type="weak" candidates="774" cleared="0" enqueued="0" />
  <references type="phantom" candidates="63" cleared="0" enqueued="0" />
  <stringconstants candidates="4573" cleared="0"  />
</gc-op>
<gc-op id="196" type="sweep" timems="0.887" contextid="192" timestamp="2019-07-02T23:04:50.738" />
<heap-resize id="197" type="expand" space="tenure" amount="2162688" count="1" timems="0.059" reason="excessive time being spent in gc" timestamp="2019-07-02T23:04:50.738" />
<gc-end id="198" type="global" contextid="192" durationms="4.157" usertimems="16.000" systemtimems="0.000" timestamp="2019-07-02T23:04:50.738" activeThreads="4">
  <mem-info id="199" free="7771712" total="14614528" percent="53">
    <mem type="tenure" free="7771712" total="14614528" percent="53" micro-fragmented="889618" macro-fragmented="0">
      <mem type="soa" free="7041600" total="13884416" percent="50" />
      <mem type="loa" free="730112" total="730112" percent="100" />
    </mem>
  </mem-info>
</gc-end>
<cycle-end id="200" type="global" contextid="192" timestamp="2019-07-02T23:04:50.738">
  <attribute name="GC Util" value="236" />
  <attribute name="CPU Util" value="6992289711302" />
  <attribute name="Time Running"value="1372"/>
  <attribute name="Number of cores"value="4"/>
</cycle-end>
<allocation-satisfied id="201" threadId="0000000001130D00" bytesRequested="40" />
<af-end id="202" timestamp="2019-07-02T23:04:50.738" threadId="0000000001131688" success="true" />
<exclusive-end id="203" timestamp="2019-07-02T23:04:50.738" durationms="8.036" />

<exclusive-start id="204" timestamp="2019-07-02T23:04:50.754" intervalms="24.025">
  <response-info timems="0.262" idlems="0.215" threads="1" lastid="0000000001130D00" lastname="Thread-9" />
</exclusive-start>
<af-start id="205" threadId="000000000112DA88" totalBytesRequested="40" timestamp="2019-07-02T23:04:50.754" intervalms="21.081" />
<cycle-start id="206" type="global" contextid="0" timestamp="2019-07-02T23:04:50.755" intervalms="21.075" />
  <attribute name="GC Util" value="236" />
  <attribute name="CPU Util" value="6992289711302" />
  <attribute name="Time Running"value="1372"/>
  <attribute name="Number of cores"value="4"/>
<gc-start id="207" type="global" contextid="206" timestamp="2019-07-02T23:04:50.755">
  <mem-info id="208" free="730112" total="14614528" percent="4">
    <mem type="tenure" free="730112" total="14614528" percent="4">
      <mem type="soa" free="0" total="13884416" percent="0" />
      <mem type="loa" free="730112" total="730112" percent="100" />
    </mem>
  </mem-info>
</gc-start>
<allocation-stats totalBytes="7028968" >
  <allocated-bytes non-tlh="0" tlh="7028968" />
  <largest-consumer threadName="Thread-10" threadId="0000000001129500" bytes="2013632" />
</allocation-stats>
<heap-resize id="209" type="loa contract" space="tenure" amount="146432" count="1" timems="0.000" reason="contract underutilized loa" timestamp="2019-07-02T23:04:50.755" />
<gc-op id="210" type="mark" timems="1.988" contextid="206" timestamp="2019-07-02T23:04:50.757">
  <trace-info objectcount="63035" scancount="55468" scanbytes="2069240" />
  <finalization candidates="124" enqueued="0" />
  <ownableSynchronizers candidates="3" cleared="0" />
  <references type="soft" candidates="86" cleared="0" enqueued="0" dynamicThreshold="17" maxThreshold="32" />
  <references type="weak" candidates="775" cleared="0" enqueued="0" />
  <references type="phantom" candidates="64" cleared="0" enqueued="0" />
  <stringconstants candidates="4573" cleared="0"  />
</gc-op>
<gc-op id="211" type="sweep" timems="0.627" contextid="206" timestamp="2019-07-02T23:04:50.758" />
<heap-resize id="212" type="expand" space="tenure" amount="1703936" count="1" timems="0.047" reason="excessive time being spent in gc" timestamp="2019-07-02T23:04:50.758" />
<gc-end id="213" type="global" contextid="206" durationms="3.440" usertimems="8.000" systemtimems="0.000" timestamp="2019-07-02T23:04:50.758" activeThreads="4">
  <mem-info id="214" free="9803184" total="16318464" percent="60">
    <mem type="tenure" free="9803184" total="16318464" percent="60" micro-fragmented="862527" macro-fragmented="0">
      <mem type="soa" free="9150896" total="15666176" percent="58" />
      <mem type="loa" free="652288" total="652288" percent="100" />
    </mem>
  </mem-info>
</gc-end>
<cycle-end id="215" type="global" contextid="206" timestamp="2019-07-02T23:04:50.758">
  <attribute name="GC Util" value="231" />
  <attribute name="CPU Util" value="8867983172190" />
  <attribute name="Time Running"value="1392"/>
  <attribute name="Number of cores"value="4"/>
</cycle-end>
<allocation-satisfied id="216" threadId="000000000112D100" bytesRequested="40" />
<af-end id="217" timestamp="2019-07-02T23:04:50.758" threadId="000000000112DA88" success="true" />
<exclusive-end id="218" timestamp="2019-07-02T23:04:50.759" durationms="4.235" />

<exclusive-start id="219" timestamp="2019-07-02T23:04:50.776" intervalms="21.426">
  <response-info timems="0.032" idlems="0.032" threads="0" lastid="000000000112D100" lastname="Thread-8" />
</exclusive-start>
<af-start id="220" threadId="000000000112DA88" totalBytesRequested="40" timestamp="2019-07-02T23:04:50.776" intervalms="21.383" />
<cycle-start id="221" type="global" contextid="0" timestamp="2019-07-02T23:04:50.776" intervalms="21.341" />
  <attribute name="GC Util" value="231" />
  <attribute name="CPU Util" value="8867983172190" />
  <attribute name="Time Running"value="1392"/>
  <attribute name="Number of cores"value="4"/>
<gc-start id="222" type="global" contextid="221" timestamp="2019-07-02T23:04:50.776">
  <mem-info id="223" free="652288" total="16318464" percent="3">
    <mem type="tenure" free="652288" total="16318464" percent="3">
      <mem type="soa" free="0" total="15666176" percent="0" />
      <mem type="loa" free="652288" total="652288" percent="100" />
    </mem>
  </mem-info>
</gc-start>
<allocation-stats totalBytes="9138240" >
  <allocated-bytes non-tlh="7424" tlh="9130816" />
  <largest-consumer threadName="Thread-8" threadId="000000000112D100" bytes="4475128" />
</allocation-stats>
<heap-resize id="224" type="loa contract" space="tenure" amount="162816" count="1" timems="0.000" reason="contract underutilized loa" timestamp="2019-07-02T23:04:50.776" />
<gc-op id="225" type="mark" timems="2.160" contextid="221" timestamp="2019-07-02T23:04:50.779">
  <trace-info objectcount="64655" scancount="57089" scanbytes="2108840" />
  <finalization candidates="124" enqueued="0" />
  <ownableSynchronizers candidates="3" cleared="0" />
  <references type="soft" candidates="86" cleared="0" enqueued="0" dynamicThreshold="19" maxThreshold="32" />
  <references type="weak" candidates="774" cleared="0" enqueued="0" />
  <references type="phantom" candidates="63" cleared="0" enqueued="0" />
  <stringconstants candidates="4574" cleared="0"  />
</gc-op>
<gc-op id="226" type="sweep" timems="0.881" contextid="221" timestamp="2019-07-02T23:04:50.780" />
<heap-resize id="227" type="expand" space="tenure" amount="1048576" count="1" timems="0.059" reason="excessive time being spent in gc" timestamp="2019-07-02T23:04:50.780" />
<gc-end id="228" type="global" contextid="221" durationms="3.783" usertimems="12.000" systemtimems="0.000" timestamp="2019-07-02T23:04:50.780" activeThreads="4">
  <mem-info id="229" free="10751024" total="17367040" percent="61">
    <mem type="tenure" free="10751024" total="17367040" percent="61" micro-fragmented="937907" macro-fragmented="0">
      <mem type="soa" free="10230832" total="16846848" percent="60" />
      <mem type="loa" free="520192" total="520192" percent="100" />
    </mem>
  </mem-info>
</gc-end>
<cycle-end id="230" type="global" contextid="221" timestamp="2019-07-02T23:04:50.780">
  <attribute name="GC Util" value="237" />
  <attribute name="CPU Util" value="8190028008135" />
  <attribute name="Time Running"value="1414"/>
  <attribute name="Number of cores"value="4"/>
</cycle-end>
<allocation-satisfied id="231" threadId="000000000112D100" bytesRequested="40" />
<af-end id="232" timestamp="2019-07-02T23:04:50.780" threadId="000000000112DA88" success="true" />
<exclusive-end id="233" timestamp="2019-07-02T23:04:50.780" durationms="4.624" />

<exclusive-start id="234" timestamp="2019-07-02T23:04:50.800" intervalms="24.116">
  <response-info timems="0.081" idlems="0.081" threads="0" lastid="0000000001130D00" lastname="Thread-9" />
</exclusive-start>
<af-start id="235" threadId="0000000001131688" totalBytesRequested="40" timestamp="2019-07-02T23:04:50.800" intervalms="24.133" />
<cycle-start id="236" type="global" contextid="0" timestamp="2019-07-02T23:04:50.800" intervalms="24.139" />
  <attribute name="GC Util" value="237" />
  <attribute name="CPU Util" value="8190028008135" />
  <attribute name="Time Running"value="1414"/>
  <attribute name="Number of cores"value="4"/>
<gc-start id="237" type="global" contextid="236" timestamp="2019-07-02T23:04:50.800">
  <mem-info id="238" free="520192" total="17367040" percent="2">
    <mem type="tenure" free="520192" total="17367040" percent="2">
      <mem type="soa" free="0" total="16846848" percent="0" />
      <mem type="loa" free="520192" total="520192" percent="100" />
    </mem>
  </mem-info>
</gc-start>
<allocation-stats totalBytes="10212072" >
  <allocated-bytes non-tlh="1032" tlh="10211040" />
  <largest-consumer threadName="Thread-8" threadId="000000000112D100" bytes="5108952" />
</allocation-stats>
<heap-resize id="239" type="loa contract" space="tenure" amount="173056" count="1" timems="0.000" reason="contract underutilized loa" timestamp="2019-07-02T23:04:50.800" />
<gc-op id="240" type="mark" timems="2.324" contextid="236" timestamp="2019-07-02T23:04:50.803">
  <trace-info objectcount="61527" scancount="53952" scanbytes="2034160" />
  <finalization candidates="124" enqueued="0" />
  <ownableSynchronizers candidates="3" cleared="0" />
  <references type="soft" candidates="86" cleared="0" enqueued="0" dynamicThreshold="19" maxThreshold="32" />
  <references type="weak" candidates="774" cleared="0" enqueued="0" />
  <references type="phantom" candidates="63" cleared="0" enqueued="0" />
  <stringconstants candidates="4574" cleared="0"  />
</gc-op>
<gc-op id="241" type="sweep" timems="0.845" contextid="236" timestamp="2019-07-02T23:04:50.804" />
<gc-end id="242" type="global" contextid="236" durationms="3.633" usertimems="8.000" systemtimems="0.000" timestamp="2019-07-02T23:04:50.804" activeThreads="4">
  <mem-info id="243" free="10876544" total="17367040" percent="62">
    <mem type="tenure" free="10876544" total="17367040" percent="62" micro-fragmented="863052" macro-fragmented="0">
      <mem type="soa" free="10529408" total="17019904" percent="61" />
      <mem type="loa" free="347136" total="347136" percent="100" />
    </mem>
  </mem-info>
</gc-end>
<cycle-end id="244" type="global" contextid="236" timestamp="2019-07-02T23:04:50.804">
  <attribute name="GC Util" value="236" />
  <attribute name="CPU Util" value="7697442563439" />
  <attribute name="Time Running"value="1438"/>
  <attribute name="Number of cores"value="4"/>
</cycle-end>
<allocation-satisfied id="245" threadId="0000000001130D00" bytesRequested="40" />
<af-end id="246" timestamp="2019-07-02T23:04:50.804" threadId="0000000001131688" success="true" />
<exclusive-end id="247" timestamp="2019-07-02T23:04:50.804" durationms="4.231" />

<exclusive-start id="248" timestamp="2019-07-02T23:04:50.817" intervalms="17.635">
  <response-info timems="0.027" idlems="0.027" threads="0" lastid="000000000112D100" lastname="Thread-8" />
</exclusive-start>
<af-start id="249" threadId="000000000112DA88" totalBytesRequested="40" timestamp="2019-07-02T23:04:50.818" intervalms="17.618" />
<cycle-start id="250" type="global" contextid="0" timestamp="2019-07-02T23:04:50.818" intervalms="17.613" />
  <attribute name="GC Util" value="236" />
  <attribute name="CPU Util" value="7697442563439" />
  <attribute name="Time Running"value="1438"/>
  <attribute name="Number of cores"value="4"/>
<gc-start id="251" type="global" contextid="250" timestamp="2019-07-02T23:04:50.818">
  <mem-info id="252" free="347136" total="17367040" percent="1">
    <mem type="tenure" free="347136" total="17367040" percent="1">
      <mem type="soa" free="0" total="17019904" percent="0" />
      <mem type="loa" free="347136" total="347136" percent="100" />
    </mem>
  </mem-info>
</gc-start>
<allocation-stats totalBytes="10513520" >
  <allocated-bytes non-tlh="0" tlh="10513520" />
  <largest-consumer threadName="Thread-9" threadId="0000000001130D00" bytes="3555752" />
</allocation-stats>
<heap-resize id="253" type="loa contract" space="tenure" amount="174080" count="1" timems="0.000" reason="contract underutilized loa" timestamp="2019-07-02T23:04:50.818" />
<gc-op id="254" type="mark" timems="2.239" contextid="250" timestamp="2019-07-02T23:04:50.820">
  <trace-info objectcount="64371" scancount="56789" scanbytes="2102408" />
  <finalization candidates="124" enqueued="0" />
  <ownableSynchronizers candidates="3" cleared="0" />
  <references type="soft" candidates="86" cleared="0" enqueued="0" dynamicThreshold="20" maxThreshold="32" />
  <references type="weak" candidates="774" cleared="0" enqueued="0" />
  <references type="phantom" candidates="63" cleared="0" enqueued="0" />
  <stringconstants candidates="4574" cleared="0"  />
</gc-op>
<gc-op id="255" type="sweep" timems="0.936" contextid="250" timestamp="2019-07-02T23:04:50.821" />
<gc-end id="256" type="global" contextid="250" durationms="3.521" usertimems="8.000" systemtimems="0.000" timestamp="2019-07-02T23:04:50.821" activeThreads="4">
  <mem-info id="257" free="10723928" total="17367040" percent="61">
    <mem type="tenure" free="10723928" total="17367040" percent="61" micro-fragmented="859446" macro-fragmented="0">
      <mem type="soa" free="10550872" total="17193984" percent="61" />
      <mem type="loa" free="173056" total="173056" percent="100" />
    </mem>
  </mem-info>
</gc-end>
<cycle-end id="258" type="global" contextid="250" timestamp="2019-07-02T23:04:50.821">
  <attribute name="GC Util" value="258" />
  <attribute name="CPU Util" value="8040880189478" />
  <attribute name="Time Running"value="1455"/>
  <attribute name="Number of cores"value="4"/>
</cycle-end>
<allocation-satisfied id="259" threadId="000000000112D100" bytesRequested="40" />
<af-end id="260" timestamp="2019-07-02T23:04:50.822" threadId="000000000112DA88" success="true" />
<exclusive-end id="261" timestamp="2019-07-02T23:04:50.822" durationms="4.171" />

<exclusive-start id="262" timestamp="2019-07-02T23:04:50.833" intervalms="15.443">
  <response-info timems="0.069" idlems="0.044" threads="1" lastid="0000000001129500" lastname="Thread-10" />
</exclusive-start>
<af-start id="263" threadId="0000000001135288" totalBytesRequested="24" timestamp="2019-07-02T23:04:50.833" intervalms="15.436" />
<cycle-start id="264" type="global" contextid="0" timestamp="2019-07-02T23:04:50.833" intervalms="15.431" />
  <attribute name="GC Util" value="258" />
  <attribute name="CPU Util" value="8040880189478" />
  <attribute name="Time Running"value="1455"/>
  <attribute name="Number of cores"value="4"/>
<gc-start id="265" type="global" contextid="264" timestamp="2019-07-02T23:04:50.833">
  <mem-info id="266" free="173056" total="17367040" percent="0">
    <mem type="tenure" free="173056" total="17367040" percent="0">
      <mem type="soa" free="0" total="17193984" percent="0" />
      <mem type="loa" free="173056" total="173056" percent="100" />
    </mem>
  </mem-info>
</gc-start>
<allocation-stats totalBytes="10528504" >
  <allocated-bytes non-tlh="0" tlh="10528504" />
  <largest-consumer threadName="Thread-8" threadId="000000000112D100" bytes="3131632" />
</allocation-stats>
<gc-op id="267" type="mark" timems="2.264" contextid="264" timestamp="2019-07-02T23:04:50.836">
  <trace-info objectcount="71393" scancount="63814" scanbytes="2403812" />
  <finalization candidates="124" enqueued="0" />
  <ownableSynchronizers candidates="3" cleared="0" />
  <references type="soft" candidates="86" cleared="0" enqueued="0" dynamicThreshold="19" maxThreshold="32" />
  <references type="weak" candidates="774" cleared="0" enqueued="0" />
  <references type="phantom" candidates="63" cleared="0" enqueued="0" />
  <stringconstants candidates="4574" cleared="0"  />
</gc-op>
<gc-op id="268" type="sweep" timems="0.897" contextid="264" timestamp="2019-07-02T23:04:50.837" />
<heap-resize id="269" type="expand" space="tenure" amount="1048576" count="1" timems="0.056" reason="excessive time being spent in gc" timestamp="2019-07-02T23:04:50.837" />
<gc-end id="270" type="global" contextid="264" durationms="3.881" usertimems="8.000" systemtimems="0.000" timestamp="2019-07-02T23:04:50.837" activeThreads="4">
  <mem-info id="271" free="11395008" total="18415616" percent="61">
    <mem type="tenure" free="11395008" total="18415616" percent="61" micro-fragmented="981521" macro-fragmented="0">
      <mem type="soa" free="11211712" total="18232320" percent="61" />
      <mem type="loa" free="183296" total="183296" percent="100" />
    </mem>
  </mem-info>
</gc-end>
<cycle-end id="272" type="global" contextid="264" timestamp="2019-07-02T23:04:50.837">
  <attribute name="GC Util" value="236" />
  <attribute name="CPU Util" value="7805320850867" />
  <attribute name="Time Running"value="1471"/>
  <attribute name="Number of cores"value="4"/>
</cycle-end>
<allocation-satisfied id="273" threadId="0000000001134900" bytesRequested="24" />
<af-end id="274" timestamp="2019-07-02T23:04:50.838" threadId="0000000001135288" success="true" />
<exclusive-end id="275" timestamp="2019-07-02T23:04:50.838" durationms="4.743" />

<exclusive-start id="276" timestamp="2019-07-02T23:04:50.852" intervalms="19.055">
  <response-info timems="0.111" idlems="0.089" threads="1" lastid="0000000001130D00" lastname="Thread-9" />
</exclusive-start>
<af-start id="277" threadId="000000000112DA88" totalBytesRequested="40" timestamp="2019-07-02T23:04:50.852" intervalms="19.046" />
<cycle-start id="278" type="global" contextid="0" timestamp="2019-07-02T23:04:50.852" intervalms="19.077" />
  <attribute name="GC Util" value="236" />
  <attribute name="CPU Util" value="7805320850867" />
  <attribute name="Time Running"value="1471"/>
  <attribute name="Number of cores"value="4"/>
<gc-start id="279" type="global" contextid="278" timestamp="2019-07-02T23:04:50.852">
  <mem-info id="280" free="183296" total="18415616" percent="0">
    <mem type="tenure" free="183296" total="18415616" percent="0">
      <mem type="soa" free="0" total="18232320" percent="0" />
      <mem type="loa" free="183296" total="183296" percent="100" />
    </mem>
  </mem-info>
</gc-start>
<allocation-stats totalBytes="11184720" >
  <allocated-bytes non-tlh="23160" tlh="11161560" />
  <largest-consumer threadName="Thread-8" threadId="000000000112D100" bytes="3767944" />
</allocation-stats>
<gc-op id="281" type="mark" timems="2.335" contextid="278" timestamp="2019-07-02T23:04:50.855">
  <trace-info objectcount="70351" scancount="62770" scanbytes="2379388" />
  <finalization candidates="124" enqueued="0" />
  <ownableSynchronizers candidates="3" cleared="0" />
  <references type="soft" candidates="86" cleared="0" enqueued="0" dynamicThreshold="19" maxThreshold="32" />
  <references type="weak" candidates="774" cleared="0" enqueued="0" />
  <references type="phantom" candidates="63" cleared="0" enqueued="0" />
  <stringconstants candidates="4574" cleared="0"  />
</gc-op>
<gc-op id="282" type="sweep" timems="0.880" contextid="278" timestamp="2019-07-02T23:04:50.856" />
<gc-end id="283" type="global" contextid="278" durationms="3.669" usertimems="8.000" systemtimems="0.000" timestamp="2019-07-02T23:04:50.856" activeThreads="4">
  <mem-info id="284" free="11401608" total="18415616" percent="61">
    <mem type="tenure" free="11401608" total="18415616" percent="61" micro-fragmented="978723" macro-fragmented="0">
      <mem type="soa" free="11218312" total="18232320" percent="61" />
      <mem type="loa" free="183296" total="183296" percent="100" />
    </mem>
  </mem-info>
</gc-end>
<cycle-end id="285" type="global" contextid="278" timestamp="2019-07-02T23:04:50.856">
  <attribute name="GC Util" value="232" />
  <attribute name="CPU Util" value="7594712512947" />
  <attribute name="Time Running"value="1490"/>
  <attribute name="Number of cores"value="4"/>
</cycle-end>
<allocation-satisfied id="286" threadId="000000000112D100" bytesRequested="40" />
<af-end id="287" timestamp="2019-07-02T23:04:50.856" threadId="000000000112DA88" success="true" />
<exclusive-end id="288" timestamp="2019-07-02T23:04:50.856" durationms="4.486" />

<exclusive-start id="289" timestamp="2019-07-02T23:04:50.873" intervalms="20.730">
  <response-info timems="0.027" idlems="0.027" threads="0" lastid="0000000001134900" lastname="Thread-7" />
</exclusive-start>
<af-start id="290" threadId="0000000001135288" totalBytesRequested="40" timestamp="2019-07-02T23:04:50.873" intervalms="20.740" />
<cycle-start id="291" type="global" contextid="0" timestamp="2019-07-02T23:04:50.873" intervalms="20.713" />
  <attribute name="GC Util" value="232" />
  <attribute name="CPU Util" value="7594712512947" />
  <attribute name="Time Running"value="1490"/>
  <attribute name="Number of cores"value="4"/>
<gc-start id="292" type="global" contextid="291" timestamp="2019-07-02T23:04:50.873">
  <mem-info id="293" free="183296" total="18415616" percent="0">
    <mem type="tenure" free="183296" total="18415616" percent="0">
      <mem type="soa" free="0" total="18232320" percent="0" />
      <mem type="loa" free="183296" total="183296" percent="100" />
    </mem>
  </mem-info>
</gc-start>
<allocation-stats totalBytes="11189080" >
  <allocated-bytes non-tlh="38112" tlh="11150968" />
  <largest-consumer threadName="Thread-8" threadId="000000000112D100" bytes="4500240" />
</allocation-stats>
<gc-op id="294" type="mark" timems="2.149" contextid="291" timestamp="2019-07-02T23:04:50.875">
  <trace-info objectcount="61823" scancount="54249" scanbytes="2138700" />
  <finalization candidates="124" enqueued="0" />
  <ownableSynchronizers candidates="3" cleared="0" />
  <references type="soft" candidates="86" cleared="0" enqueued="0" dynamicThreshold="19" maxThreshold="32" />
  <references type="weak" candidates="774" cleared="0" enqueued="0" />
  <references type="phantom" candidates="63" cleared="0" enqueued="0" />
  <stringconstants candidates="4574" cleared="0"  />
</gc-op>
<gc-op id="295" type="sweep" timems="0.821" contextid="291" timestamp="2019-07-02T23:04:50.876" />
<gc-end id="296" type="global" contextid="291" durationms="3.359" usertimems="8.000" systemtimems="0.000" timestamp="2019-07-02T23:04:50.876" activeThreads="4">
  <mem-info id="297" free="11768832" total="18415616" percent="63">
    <mem type="tenure" free="11768832" total="18415616" percent="63" micro-fragmented="800549" macro-fragmented="0">
      <mem type="soa" free="11585536" total="18232320" percent="63" />
      <mem type="loa" free="183296" total="183296" percent="100" />
    </mem>
  </mem-info>
</gc-end>
<cycle-end id="298" type="global" contextid="291" timestamp="2019-07-02T23:04:50.877">
  <attribute name="GC Util" value="245" />
  <attribute name="CPU Util" value="8260736064294" />
  <attribute name="Time Running"value="1511"/>
  <attribute name="Number of cores"value="4"/>
</cycle-end>
<allocation-satisfied id="299" threadId="0000000001134900" bytesRequested="40" />
<af-end id="300" timestamp="2019-07-02T23:04:50.877" threadId="0000000001135288" success="true" />
<exclusive-end id="301" timestamp="2019-07-02T23:04:50.877" durationms="4.291" />

<exclusive-start id="302" timestamp="2019-07-02T23:04:50.889" intervalms="16.692">
  <response-info timems="0.057" idlems="0.057" threads="0" lastid="0000000001130D00" lastname="Thread-9" />
</exclusive-start>
<af-start id="303" threadId="0000000001131688" totalBytesRequested="40" timestamp="2019-07-02T23:04:50.890" intervalms="16.726" />
<cycle-start id="304" type="global" contextid="0" timestamp="2019-07-02T23:04:50.890" intervalms="16.777" />
  <attribute name="GC Util" value="245" />
  <attribute name="CPU Util" value="8260736064294" />
  <attribute name="Time Running"value="1511"/>
  <attribute name="Number of cores"value="4"/>
<gc-start id="305" type="global" contextid="304" timestamp="2019-07-02T23:04:50.890">
  <mem-info id="306" free="183296" total="18415616" percent="0">
    <mem type="tenure" free="183296" total="18415616" percent="0">
      <mem type="soa" free="0" total="18232320" percent="0" />
      <mem type="loa" free="183296" total="183296" percent="100" />
    </mem>
  </mem-info>
</gc-start>
<allocation-stats totalBytes="11567096" >
  <allocated-bytes non-tlh="0" tlh="11567096" />
  <largest-consumer threadName="Thread-8" threadId="000000000112D100" bytes="3962240" />
</allocation-stats>
<gc-op id="307" type="mark" timems="1.791" contextid="304" timestamp="2019-07-02T23:04:50.892">
  <trace-info objectcount="66694" scancount="59112" scanbytes="2291196" />
  <finalization candidates="124" enqueued="0" />
  <ownableSynchronizers candidates="3" cleared="0" />
  <references type="soft" candidates="86" cleared="0" enqueued="0" dynamicThreshold="20" maxThreshold="32" />
  <references type="weak" candidates="774" cleared="0" enqueued="0" />
  <references type="phantom" candidates="63" cleared="0" enqueued="0" />
  <stringconstants candidates="4574" cleared="0"  />
</gc-op>
<gc-op id="308" type="sweep" timems="0.863" contextid="304" timestamp="2019-07-02T23:04:50.893" />
<heap-resize id="309" type="contract" space="tenure" amount="131072" count="1" timems="0.052" reason="excess free space following gc" timestamp="2019-07-02T23:04:50.893" />
<gc-end id="310" type="global" contextid="304" durationms="3.083" usertimems="8.000" systemtimems="0.000" timestamp="2019-07-02T23:04:50.893" activeThreads="4">
  <mem-info id="311" free="11237528" total="18284544" percent="61">
    <mem type="tenure" free="11237528" total="18284544" percent="61" micro-fragmented="852790" macro-fragmented="0">
      <mem type="soa" free="11237528" total="18102272" percent="62" />
      <mem type="loa" free="0" total="182272" percent="0" />
    </mem>
  </mem-info>
</gc-end>
<cycle-end id="312" type="global" contextid="304" timestamp="2019-07-02T23:04:50.893">
  <attribute name="GC Util" value="249" />
  <attribute name="CPU Util" value="9868384438088" />
  <attribute name="Time Running"value="1527"/>
  <attribute name="Number of cores"value="4"/>
</cycle-end>
<allocation-satisfied id="313" threadId="0000000001130D00" bytesRequested="40" />
<af-end id="314" timestamp="2019-07-02T23:04:50.893" threadId="0000000001131688" success="true" />
<exclusive-end id="315" timestamp="2019-07-02T23:04:50.893" durationms="3.771" />

<exclusive-start id="316" timestamp="2019-07-02T23:04:50.906" intervalms="17.006">
  <response-info timems="0.030" idlems="0.030" threads="0" lastid="0000000001129500" lastname="Thread-10" />
</exclusive-start>
<af-start id="317" threadId="0000000001129E88" totalBytesRequested="40" timestamp="2019-07-02T23:04:50.909" intervalms="19.886" />
<cycle-start id="318" type="global" contextid="0" timestamp="2019-07-02T23:04:50.910" intervalms="19.842" />
  <attribute name="GC Util" value="249" />
  <attribute name="CPU Util" value="9868384438088" />
  <attribute name="Time Running"value="1527"/>
  <attribute name="Number of cores"value="4"/>
<gc-start id="319" type="global" contextid="318" timestamp="2019-07-02T23:04:50.910">
  <mem-info id="320" free="0" total="18284544" percent="0">
    <mem type="tenure" free="0" total="18284544" percent="0">
      <mem type="soa" free="0" total="18102272" percent="0" />
      <mem type="loa" free="0" total="182272" percent="0" />
    </mem>
  </mem-info>
</gc-start>
<allocation-stats totalBytes="11213224" >
  <allocated-bytes non-tlh="0" tlh="11213224" />
  <largest-consumer threadName="Thread-9" threadId="0000000001130D00" bytes="4005840" />
</allocation-stats>
<gc-op id="321" type="mark" timems="1.460" contextid="318" timestamp="2019-07-02T23:04:50.911">
  <trace-info objectcount="70501" scancount="62924" scanbytes="2382804" />
  <finalization candidates="124" enqueued="0" />
  <ownableSynchronizers candidates="3" cleared="0" />
  <references type="soft" candidates="86" cleared="0" enqueued="0" dynamicThreshold="19" maxThreshold="32" />
  <references type="weak" candidates="774" cleared="0" enqueued="0" />
  <references type="phantom" candidates="63" cleared="0" enqueued="0" />
  <stringconstants candidates="4574" cleared="0"  />
</gc-op>
<gc-op id="322" type="sweep" timems="0.418" contextid="318" timestamp="2019-07-02T23:04:50.912" />
<gc-end id="323" type="global" contextid="318" durationms="2.390" usertimems="4.000" systemtimems="0.000" timestamp="2019-07-02T23:04:50.912" activeThreads="4">
  <mem-info id="324" free="11113320" total="18284544" percent="60">
    <mem type="tenure" free="11113320" total="18284544" percent="60" micro-fragmented="966339" macro-fragmented="0">
      <mem type="soa" free="11034112" total="18102272" percent="60" />
      <mem type="loa" free="79208" total="182272" percent="43" />
    </mem>
  </mem-info>
</gc-end>
<cycle-end id="325" type="global" contextid="318" timestamp="2019-07-02T23:04:50.912">
  <attribute name="GC Util" value="197" />
  <attribute name="CPU Util" value="11937886185488" />
  <attribute name="Time Running"value="1547"/>
  <attribute name="Number of cores"value="4"/>
</cycle-end>
<allocation-satisfied id="326" threadId="0000000001129500" bytesRequested="40" />
<af-end id="327" timestamp="2019-07-02T23:04:50.913" threadId="0000000001129E88" success="true" />
<exclusive-end id="328" timestamp="2019-07-02T23:04:50.913" durationms="6.227" />

<exclusive-start id="329" timestamp="2019-07-02T23:04:50.922" intervalms="15.704">
  <response-info timems="0.029" idlems="0.029" threads="1" lastid="000000000112D100" lastname="Thread-8" />
</exclusive-start>
<af-start id="330" threadId="0000000001135288" totalBytesRequested="24" timestamp="2019-07-02T23:04:50.922" intervalms="12.785" />
<cycle-start id="331" type="global" contextid="0" timestamp="2019-07-02T23:04:50.922" intervalms="12.810" />
  <attribute name="GC Util" value="197" />
  <attribute name="CPU Util" value="11937886185488" />
  <attribute name="Time Running"value="1547"/>
  <attribute name="Number of cores"value="4"/>
<gc-start id="332" type="global" contextid="331" timestamp="2019-07-02T23:04:50.922">
  <mem-info id="333" free="79208" total="18284544" percent="0">
    <mem type="tenure" free="79208" total="18284544" percent="0">
      <mem type="soa" free="0" total="18102272" percent="0" />
      <mem type="loa" free="79208" total="182272" percent="43" />
    </mem>
  </mem-info>
</gc-start>
<allocation-stats totalBytes="11003728" >
  <allocated-bytes non-tlh="19056" tlh="10984672" />
  <largest-consumer threadName="Thread-9" threadId="0000000001130D00" bytes="3181312" />
</allocation-stats>
<gc-op id="334" type="mark" timems="2.096" contextid="331" timestamp="2019-07-02T23:04:50.925">
  <trace-info objectcount="69678" scancount="62105" scanbytes="2363364" />
  <finalization candidates="124" enqueued="0" />
  <ownableSynchronizers candidates="3" cleared="0" />
  <references type="soft" candidates="86" cleared="1" enqueued="1" dynamicThreshold="19" maxThreshold="32" />
  <references type="weak" candidates="774" cleared="0" enqueued="0" />
  <references type="phantom" candidates="63" cleared="0" enqueued="0" />
  <stringconstants candidates="4574" cleared="0"  />
</gc-op>
<gc-op id="335" type="sweep" timems="0.681" contextid="331" timestamp="2019-07-02T23:04:50.925" />
<heap-resize id="336" type="contract" space="tenure" amount="65536" count="1" timems="0.113" reason="excess free space following gc" timestamp="2019-07-02T23:04:50.926" />
<gc-end id="337" type="global" contextid="331" durationms="3.419" usertimems="0.000" systemtimems="4.000" timestamp="2019-07-02T23:04:50.926" activeThreads="4">
  <mem-info id="338" free="11266136" total="18219008" percent="61">
    <mem type="tenure" free="11266136" total="18219008" percent="61" micro-fragmented="914437" macro-fragmented="0">
      <mem type="soa" free="11266136" total="18037760" percent="62" />
      <mem type="loa" free="0" total="181248" percent="0" />
    </mem>
    <pending-finalizers system="0" default="0" reference="1" classloader="0" />
  </mem-info>
</gc-end>
<cycle-end id="339" type="global" contextid="331" timestamp="2019-07-02T23:04:50.926">
  <attribute name="GC Util" value="232" />
  <attribute name="CPU Util" value="8438587600477" />
  <attribute name="Time Running"value="1560"/>
  <attribute name="Number of cores"value="4"/>
</cycle-end>
<allocation-satisfied id="340" threadId="0000000001134900" bytesRequested="24" />
<af-end id="341" timestamp="2019-07-02T23:04:50.926" threadId="0000000001135288" success="true" />
<exclusive-end id="342" timestamp="2019-07-02T23:04:50.926" durationms="4.387" />

<exclusive-start id="343" timestamp="2019-07-02T23:04:50.935" intervalms="12.823">
  <response-info timems="0.027" idlems="0.027" threads="0" lastid="0000000001130D00" lastname="Thread-9" />
</exclusive-start>
<af-start id="344" threadId="0000000001131688" totalBytesRequested="40" timestamp="2019-07-02T23:04:50.935" intervalms="12.838" />
<cycle-start id="345" type="global" contextid="0" timestamp="2019-07-02T23:04:50.935" intervalms="12.844" />
  <attribute name="GC Util" value="232" />
  <attribute name="CPU Util" value="8438587600477" />
  <attribute name="Time Running"value="1560"/>
  <attribute name="Number of cores"value="4"/>
<gc-start id="346" type="global" contextid="345" timestamp="2019-07-02T23:04:50.935">
  <mem-info id="347" free="0" total="18219008" percent="0">
    <mem type="tenure" free="0" total="18219008" percent="0">
      <mem type="soa" free="0" total="18037760" percent="0" />
      <mem type="loa" free="0" total="181248" percent="0" />
    </mem>
  </mem-info>
</gc-start>
<allocation-stats totalBytes="11243376" >
  <allocated-bytes non-tlh="19056" tlh="11224320" />
  <largest-consumer threadName="Thread-7" threadId="0000000001134900" bytes="3036840" />
</allocation-stats>
<gc-op id="348" type="mark" timems="2.246" contextid="345" timestamp="2019-07-02T23:04:50.938">
  <trace-info objectcount="68593" scancount="61020" scanbytes="2337636" />
  <finalization candidates="124" enqueued="0" />
  <ownableSynchronizers candidates="3" cleared="0" />
  <references type="soft" candidates="85" cleared="0" enqueued="0" dynamicThreshold="19" maxThreshold="32" />
  <references type="weak" candidates="774" cleared="0" enqueued="0" />
  <references type="phantom" candidates="63" cleared="0" enqueued="0" />
  <stringconstants candidates="4574" cleared="0"  />
</gc-op>
<gc-op id="349" type="sweep" timems="0.800" contextid="345" timestamp="2019-07-02T23:04:50.939" />
<mem-info id="350" free="11285840" total="18219008" percent="61">
  <mem type="tenure" free="11285840" total="18219008" percent="61" micro-fragmented="831533" macro-fragmented="0">
    <mem type="soa" free="11285840" total="18037760" percent="62" />
    <mem type="loa" free="0" total="181248" percent="0" />
  </mem>
</mem-info>
<gc-op id="351" type="compact" timems="11.862" contextid="345" timestamp="2019-07-02T23:04:50.951">
  <compact-info movecount="67972" movebytes="5791552" reason="compact to aid heap contraction" />
</gc-op>
<heap-resize id="352" type="contract" space="tenure" amount="131072" count="1" timems="0.109" reason="excess free space following gc" timestamp="2019-07-02T23:04:50.951" />
<gc-end id="353" type="global" contextid="345" durationms="15.567" usertimems="20.000" systemtimems="4.000" timestamp="2019-07-02T23:04:50.951" activeThreads="4">
  <mem-info id="354" free="12165080" total="18087936" percent="67">
    <mem type="tenure" free="12165080" total="18087936" percent="67">
      <mem type="soa" free="12035032" total="17907712" percent="67" />
      <mem type="loa" free="130048" total="180224" percent="72" />
    </mem>
  </mem-info>
</gc-end>
<cycle-end id="355" type="global" contextid="345" timestamp="2019-07-02T23:04:50.951">
  <attribute name="GC Util" value="156" />
  <attribute name="CPU Util" value="19158222982035" />
  <attribute name="Time Running"value="1574"/>
  <attribute name="Number of cores"value="4"/>
</cycle-end>
<allocation-satisfied id="356" threadId="0000000001130D00" bytesRequested="40" />
<af-end id="357" timestamp="2019-07-02T23:04:50.951" threadId="0000000001131688" success="true" />
<exclusive-end id="358" timestamp="2019-07-02T23:04:50.951" durationms="16.263" />

<exclusive-start id="359" timestamp="2019-07-02T23:04:50.959" intervalms="24.351">
  <response-info timems="0.022" idlems="0.022" threads="0" lastid="0000000001129500" lastname="Thread-10" />
</exclusive-start>
<af-start id="360" threadId="0000000001129E88" totalBytesRequested="40" timestamp="2019-07-02T23:04:50.959" intervalms="24.321" />
<cycle-start id="361" type="global" contextid="0" timestamp="2019-07-02T23:04:50.959" intervalms="24.278" />
  <attribute name="GC Util" value="156" />
  <attribute name="CPU Util" value="19158222982035" />
  <attribute name="Time Running"value="1574"/>
  <attribute name="Number of cores"value="4"/>
<gc-start id="362" type="global" contextid="361" timestamp="2019-07-02T23:04:50.960">
  <mem-info id="363" free="130048" total="18087936" percent="0">
    <mem type="tenure" free="130048" total="18087936" percent="0">
      <mem type="soa" free="0" total="17907712" percent="0" />
      <mem type="loa" free="130048" total="180224" percent="72" />
    </mem>
  </mem-info>
</gc-start>
<allocation-stats totalBytes="12099144" >
  <allocated-bytes non-tlh="0" tlh="12099144" />
  <largest-consumer threadName="Thread-9" threadId="0000000001130D00" bytes="3416680" />
</allocation-stats>
<gc-op id="364" type="mark" timems="1.114" contextid="361" timestamp="2019-07-02T23:04:50.961">
  <trace-info objectcount="66076" scancount="58497" scanbytes="2277060" />
  <finalization candidates="124" enqueued="0" />
  <ownableSynchronizers candidates="3" cleared="0" />
  <references type="soft" candidates="85" cleared="0" enqueued="0" dynamicThreshold="21" maxThreshold="32" />
  <references type="weak" candidates="774" cleared="0" enqueued="0" />
  <references type="phantom" candidates="63" cleared="0" enqueued="0" />
  <stringconstants candidates="4574" cleared="0"  />
</gc-op>
<gc-op id="365" type="sweep" timems="0.296" contextid="361" timestamp="2019-07-02T23:04:50.961" />
<heap-resize id="366" type="contract" space="tenure" amount="131072" count="1" timems="0.103" reason="excess free space following gc" timestamp="2019-07-02T23:04:50.962" />
<gc-end id="367" type="global" contextid="361" durationms="2.166" usertimems="0.000" systemtimems="4.000" timestamp="2019-07-02T23:04:50.962" activeThreads="4">
  <mem-info id="368" free="12011296" total="17956864" percent="66">
    <mem type="tenure" free="12011296" total="17956864" percent="66" micro-fragmented="184686" macro-fragmented="0">
      <mem type="soa" free="11923080" total="17777664" percent="67" />
      <mem type="loa" free="88216" total="179200" percent="49" />
    </mem>
  </mem-info>
</gc-end>
<cycle-end id="369" type="global" contextid="361" timestamp="2019-07-02T23:04:50.962">
  <attribute name="GC Util" value="205" />
  <attribute name="CPU Util" value="15696204041805" />
  <attribute name="Time Running"value="1596"/>
  <attribute name="Number of cores"value="4"/>
</cycle-end>
<allocation-satisfied id="370" threadId="0000000001129500" bytesRequested="40" />
<af-end id="371" timestamp="2019-07-02T23:04:50.962" threadId="0000000001129E88" success="true" />
<exclusive-end id="372" timestamp="2019-07-02T23:04:50.962" durationms="2.987" />

<exclusive-start id="373" timestamp="2019-07-02T23:04:50.970" intervalms="10.461">
  <response-info timems="0.032" idlems="0.032" threads="0" lastid="000000000112D100" lastname="Thread-8" />
</exclusive-start>
<af-start id="374" threadId="000000000112DA88" totalBytesRequested="40" timestamp="2019-07-02T23:04:50.970" intervalms="10.498" />
<cycle-start id="375" type="global" contextid="0" timestamp="2019-07-02T23:04:50.970" intervalms="10.537" />
  <attribute name="GC Util" value="205" />
  <attribute name="CPU Util" value="15696204041805" />
  <attribute name="Time Running"value="1596"/>
  <attribute name="Number of cores"value="4"/>
<gc-start id="376" type="global" contextid="375" timestamp="2019-07-02T23:04:50.970">
  <mem-info id="377" free="88216" total="17956864" percent="0">
    <mem type="tenure" free="88216" total="17956864" percent="0">
      <mem type="soa" free="0" total="17777664" percent="0" />
      <mem type="loa" free="88216" total="179200" percent="49" />
    </mem>
  </mem-info>
</gc-start>
<allocation-stats totalBytes="11921536" >
  <allocated-bytes non-tlh="0" tlh="11921536" />
  <largest-consumer threadName="Thread-9" threadId="0000000001130D00" bytes="3059120" />
</allocation-stats>
<gc-op id="378" type="mark" timems="2.335" contextid="375" timestamp="2019-07-02T23:04:50.973">
  <trace-info objectcount="67420" scancount="59845" scanbytes="2309476" />
  <finalization candidates="124" enqueued="0" />
  <ownableSynchronizers candidates="3" cleared="0" />
  <references type="soft" candidates="85" cleared="0" enqueued="0" dynamicThreshold="21" maxThreshold="32" />
  <references type="weak" candidates="774" cleared="0" enqueued="0" />
  <references type="phantom" candidates="63" cleared="0" enqueued="0" />
  <stringconstants candidates="4574" cleared="0"  />
</gc-op>
<gc-op id="379" type="sweep" timems="0.802" contextid="375" timestamp="2019-07-02T23:04:50.973" />
<mem-info id="380" free="12052688" total="17956864" percent="67">
  <mem type="tenure" free="12052688" total="17956864" percent="67" micro-fragmented="154925" macro-fragmented="0">
    <mem type="soa" free="11873512" total="17777664" percent="66" />
    <mem type="loa" free="179176" total="179200" percent="99" />
  </mem>
</mem-info>
<gc-op id="381" type="compact" timems="8.516" contextid="375" timestamp="2019-07-02T23:04:50.982">
  <compact-info movecount="46883" movebytes="4807672" reason="compact to aid heap contraction" />
</gc-op>
<heap-resize id="382" type="contract" space="tenure" amount="131072" count="1" timems="0.082" reason="excess free space following gc" timestamp="2019-07-02T23:04:50.982" />
<gc-end id="383" type="global" contextid="375" durationms="12.390" usertimems="20.000" systemtimems="0.000" timestamp="2019-07-02T23:04:50.982" activeThreads="4">
  <mem-info id="384" free="11933144" total="17825792" percent="66">
    <mem type="tenure" free="11933144" total="17825792" percent="66">
      <mem type="soa" free="11803096" total="17647616" percent="66" />
      <mem type="loa" free="130048" total="178176" percent="72" />
    </mem>
  </mem-info>
</gc-end>
<cycle-end id="385" type="global" contextid="375" timestamp="2019-07-02T23:04:50.983">
  <attribute name="GC Util" value="155" />
  <attribute name="CPU Util" value="18673439610236" />
  <attribute name="Time Running"value="1609"/>
  <attribute name="Number of cores"value="4"/>
</cycle-end>
<allocation-satisfied id="386" threadId="000000000112D100" bytesRequested="40" />
<af-end id="387" timestamp="2019-07-02T23:04:50.983" threadId="000000000112DA88" success="true" />
<exclusive-end id="388" timestamp="2019-07-02T23:04:50.983" durationms="13.230" />

<exclusive-start id="389" timestamp="2019-07-02T23:04:50.992" intervalms="22.273">
  <response-info timems="0.030" idlems="0.030" threads="0" lastid="0000000001129500" lastname="Thread-10" />
</exclusive-start>
<af-start id="390" threadId="0000000001129E88" totalBytesRequested="40" timestamp="2019-07-02T23:04:50.992" intervalms="22.243" />
<cycle-start id="391" type="global" contextid="0" timestamp="2019-07-02T23:04:50.992" intervalms="22.247" />
  <attribute name="GC Util" value="155" />
  <attribute name="CPU Util" value="18673439610236" />
  <attribute name="Time Running"value="1609"/>
  <attribute name="Number of cores"value="4"/>
<gc-start id="392" type="global" contextid="391" timestamp="2019-07-02T23:04:50.992">
  <mem-info id="393" free="130048" total="17825792" percent="0">
    <mem type="tenure" free="130048" total="17825792" percent="0">
      <mem type="soa" free="0" total="17647616" percent="0" />
      <mem type="loa" free="130048" total="178176" percent="72" />
    </mem>
  </mem-info>
</gc-start>
<allocation-stats totalBytes="11867256" >
  <allocated-bytes non-tlh="0" tlh="11867256" />
  <largest-consumer threadName="Thread-9" threadId="0000000001130D00" bytes="4161040" />
</allocation-stats>
<gc-op id="394" type="mark" timems="1.373" contextid="391" timestamp="2019-07-02T23:04:50.994">
  <trace-info objectcount="68942" scancount="61366" scanbytes="2345988" />
  <finalization candidates="124" enqueued="0" />
  <ownableSynchronizers candidates="3" cleared="0" />
  <references type="soft" candidates="85" cleared="0" enqueued="0" dynamicThreshold="21" maxThreshold="32" />
  <references type="weak" candidates="774" cleared="0" enqueued="0" />
  <references type="phantom" candidates="63" cleared="0" enqueued="0" />
  <stringconstants candidates="4574" cleared="0"  />
</gc-op>
<gc-op id="395" type="sweep" timems="0.325" contextid="391" timestamp="2019-07-02T23:04:50.994" />
<heap-resize id="396" type="contract" space="tenure" amount="131072" count="1" timems="0.086" reason="excess free space following gc" timestamp="2019-07-02T23:04:50.995" />
<gc-end id="397" type="global" contextid="391" durationms="2.310" usertimems="4.000" systemtimems="0.000" timestamp="2019-07-02T23:04:50.995" activeThreads="4">
  <mem-info id="398" free="11775096" total="17694720" percent="66">
    <mem type="tenure" free="11775096" total="17694720" percent="66" micro-fragmented="8736" macro-fragmented="0">
      <mem type="soa" free="11693416" total="17518592" percent="66" />
      <mem type="loa" free="81680" total="176128" percent="46" />
    </mem>
  </mem-info>
</gc-end>
<cycle-end id="399" type="global" contextid="391" timestamp="2019-07-02T23:04:50.995">
  <attribute name="GC Util" value="196" />
  <attribute name="CPU Util" value="12668527370109" />
  <attribute name="Time Running"value="1629"/>
  <attribute name="Number of cores"value="4"/>
</cycle-end>
<allocation-satisfied id="400" threadId="0000000001129500" bytesRequested="40" />
<af-end id="401" timestamp="2019-07-02T23:04:50.995" threadId="0000000001129E88" success="true" />
<exclusive-end id="402" timestamp="2019-07-02T23:04:50.995" durationms="3.115" />

<exclusive-start id="403" timestamp="2019-07-02T23:04:51.002" intervalms="10.074">
  <response-info timems="0.023" idlems="0.023" threads="0" lastid="0000000001129500" lastname="Thread-10" />
</exclusive-start>
<af-start id="404" threadId="0000000001129E88" totalBytesRequested="40" timestamp="2019-07-02T23:04:51.002" intervalms="10.049" />
<cycle-start id="405" type="global" contextid="0" timestamp="2019-07-02T23:04:51.002" intervalms="10.042" />
  <attribute name="GC Util" value="196" />
  <attribute name="CPU Util" value="12668527370109" />
  <attribute name="Time Running"value="1629"/>
  <attribute name="Number of cores"value="4"/>
<gc-start id="406" type="global" contextid="405" timestamp="2019-07-02T23:04:51.002">
  <mem-info id="407" free="81680" total="17694720" percent="0">
    <mem type="tenure" free="81680" total="17694720" percent="0">
      <mem type="soa" free="0" total="17518592" percent="0" />
      <mem type="loa" free="81680" total="176128" percent="46" />
    </mem>
  </mem-info>
</gc-start>
<allocation-stats totalBytes="11686240" >
  <allocated-bytes non-tlh="0" tlh="11686240" />
  <largest-consumer threadName="Thread-9" threadId="0000000001130D00" bytes="3132560" />
</allocation-stats>
<gc-op id="408" type="mark" timems="1.219" contextid="405" timestamp="2019-07-02T23:04:51.004">
  <trace-info objectcount="72127" scancount="64555" scanbytes="2422180" />
  <finalization candidates="124" enqueued="0" />
  <ownableSynchronizers candidates="3" cleared="0" />
  <references type="soft" candidates="85" cleared="0" enqueued="0" dynamicThreshold="21" maxThreshold="32" />
  <references type="weak" candidates="774" cleared="0" enqueued="0" />
  <references type="phantom" candidates="63" cleared="0" enqueued="0" />
  <stringconstants candidates="4574" cleared="0"  />
</gc-op>
<gc-op id="409" type="sweep" timems="0.301" contextid="405" timestamp="2019-07-02T23:04:51.004" />
<mem-info id="410" free="11673328" total="17694720" percent="65">
  <mem type="tenure" free="11673328" total="17694720" percent="65" micro-fragmented="32270" macro-fragmented="0">
    <mem type="soa" free="11582856" total="17518592" percent="66" />
    <mem type="loa" free="90472" total="176128" percent="51" />
  </mem>
</mem-info>
<gc-op id="411" type="compact" timems="3.242" contextid="405" timestamp="2019-07-02T23:04:51.008">
  <compact-info movecount="4974" movebytes="120424" reason="compact to aid heap contraction" />
</gc-op>
<heap-resize id="412" type="contract" space="tenure" amount="131072" count="1" timems="0.088" reason="excess free space following gc" timestamp="2019-07-02T23:04:51.008" />
<gc-end id="413" type="global" contextid="405" durationms="5.574" usertimems="8.000" systemtimems="0.000" timestamp="2019-07-02T23:04:51.008" activeThreads="4">
  <mem-info id="414" free="11561368" total="17563648" percent="65">
    <mem type="tenure" free="11561368" total="17563648" percent="65">
      <mem type="soa" free="11431320" total="17388544" percent="65" />
      <mem type="loa" free="130048" total="175104" percent="74" />
    </mem>
  </mem-info>
</gc-end>
<cycle-end id="415" type="global" contextid="405" timestamp="2019-07-02T23:04:51.008">
  <attribute name="GC Util" value="22" />
  <attribute name="CPU Util" value="39290691788184" />
  <attribute name="Time Running"value="1640"/>
  <attribute name="Number of cores"value="4"/>
</cycle-end>
<allocation-satisfied id="416" threadId="0000000001129500" bytesRequested="40" />
<af-end id="417" timestamp="2019-07-02T23:04:51.008" threadId="0000000001129E88" success="true" />
<exclusive-end id="418" timestamp="2019-07-02T23:04:51.008" durationms="6.328" />

<exclusive-start id="419" timestamp="2019-07-02T23:04:51.015" intervalms="12.880">
  <response-info timems="0.022" idlems="0.022" threads="0" lastid="0000000001129500" lastname="Thread-10" />
</exclusive-start>
<af-start id="420" threadId="0000000001129E88" totalBytesRequested="40" timestamp="2019-07-02T23:04:51.015" intervalms="12.911" />
<cycle-start id="421" type="global" contextid="0" timestamp="2019-07-02T23:04:51.015" intervalms="12.918" />
  <attribute name="GC Util" value="22" />
  <attribute name="CPU Util" value="39290691788184" />
  <attribute name="Time Running"value="1640"/>
  <attribute name="Number of cores"value="4"/>
<gc-start id="422" type="global" contextid="421" timestamp="2019-07-02T23:04:51.015">
  <mem-info id="423" free="130048" total="17563648" percent="0">
    <mem type="tenure" free="130048" total="17563648" percent="0">
      <mem type="soa" free="0" total="17388544" percent="0" />
      <mem type="loa" free="130048" total="175104" percent="74" />
    </mem>
  </mem-info>
</gc-start>
<allocation-stats totalBytes="11495352" >
  <allocated-bytes non-tlh="0" tlh="11495352" />
  <largest-consumer threadName="Thread-9" threadId="0000000001130D00" bytes="2981568" />
</allocation-stats>
<gc-op id="424" type="mark" timems="1.227" contextid="421" timestamp="2019-07-02T23:04:51.017">
  <trace-info objectcount="68867" scancount="61291" scanbytes="2344068" />
  <finalization candidates="124" enqueued="0" />
  <ownableSynchronizers candidates="3" cleared="0" />
  <references type="soft" candidates="85" cleared="0" enqueued="0" dynamicThreshold="21" maxThreshold="32" />
  <references type="weak" candidates="774" cleared="0" enqueued="0" />
  <references type="phantom" candidates="63" cleared="0" enqueued="0" />
  <stringconstants candidates="4574" cleared="0"  />
</gc-op>
<gc-op id="425" type="sweep" timems="0.259" contextid="421" timestamp="2019-07-02T23:04:51.017" />
<heap-resize id="426" type="contract" space="tenure" amount="131072" count="1" timems="0.100" reason="excess free space following gc" timestamp="2019-07-02T23:04:51.017" />
<gc-end id="427" type="global" contextid="421" durationms="2.069" usertimems="0.000" systemtimems="4.000" timestamp="2019-07-02T23:04:51.017" activeThreads="4">
  <mem-info id="428" free="11373760" total="17432576" percent="65">
    <mem type="tenure" free="11373760" total="17432576" percent="65" micro-fragmented="113165" macro-fragmented="0">
      <mem type="soa" free="11300232" total="17258496" percent="65" />
      <mem type="loa" free="73528" total="174080" percent="42" />
    </mem>
  </mem-info>
</gc-end>
<cycle-end id="429" type="global" contextid="421" timestamp="2019-07-02T23:04:51.017">
  <attribute name="GC Util" value="185" />
  <attribute name="CPU Util" value="14045640818608" />
  <attribute name="Time Running"value="1652"/>
  <attribute name="Number of cores"value="4"/>
</cycle-end>
<allocation-satisfied id="430" threadId="0000000001129500" bytesRequested="40" />
<af-end id="431" timestamp="2019-07-02T23:04:51.018" threadId="0000000001129E88" success="true" />
<exclusive-end id="432" timestamp="2019-07-02T23:04:51.018" durationms="2.839" />

<exclusive-start id="433" timestamp="2019-07-02T23:04:51.027" intervalms="12.131">
  <response-info timems="0.079" idlems="0.050" threads="1" lastid="0000000001129500" lastname="Thread-10" />
</exclusive-start>
<af-start id="434" threadId="000000000112DA88" totalBytesRequested="40" timestamp="2019-07-02T23:04:51.027" intervalms="12.139" />
<cycle-start id="435" type="global" contextid="0" timestamp="2019-07-02T23:04:51.027" intervalms="12.137" />
  <attribute name="GC Util" value="185" />
  <attribute name="CPU Util" value="14045640818608" />
  <attribute name="Time Running"value="1652"/>
  <attribute name="Number of cores"value="4"/>
<gc-start id="436" type="global" contextid="435" timestamp="2019-07-02T23:04:51.028">
  <mem-info id="437" free="73528" total="17432576" percent="0">
    <mem type="tenure" free="73528" total="17432576" percent="0">
      <mem type="soa" free="0" total="17258496" percent="0" />
      <mem type="loa" free="73528" total="174080" percent="42" />
    </mem>
  </mem-info>
</gc-start>
<allocation-stats totalBytes="11293832" >
  <allocated-bytes non-tlh="19056" tlh="11274776" />
  <largest-consumer threadName="Thread-8" threadId="000000000112D100" bytes="4055808" />
</allocation-stats>
<gc-op id="438" type="mark" timems="2.347" contextid="435" timestamp="2019-07-02T23:04:51.030">
  <trace-info objectcount="61232" scancount="53650" scanbytes="2160692" />
  <finalization candidates="124" enqueued="0" />
  <ownableSynchronizers candidates="3" cleared="0" />
  <references type="soft" candidates="85" cleared="0" enqueued="0" dynamicThreshold="20" maxThreshold="32" />
  <references type="weak" candidates="774" cleared="0" enqueued="0" />
  <references type="phantom" candidates="63" cleared="0" enqueued="0" />
  <stringconstants candidates="4574" cleared="0"  />
</gc-op>
<gc-op id="439" type="sweep" timems="0.717" contextid="435" timestamp="2019-07-02T23:04:51.031" />
<heap-resize id="440" type="contract" space="tenure" amount="65536" count="1" timems="0.091" reason="excess free space following gc" timestamp="2019-07-02T23:04:51.031" />
<gc-end id="441" type="global" contextid="435" durationms="3.764" usertimems="8.000" systemtimems="0.000" timestamp="2019-07-02T23:04:51.031" activeThreads="4">
  <mem-info id="442" free="11368200" total="17367040" percent="65">
    <mem type="tenure" free="11368200" total="17367040" percent="65" micro-fragmented="96651" macro-fragmented="0">
      <mem type="soa" free="11368200" total="17193984" percent="66" />
      <mem type="loa" free="0" total="173056" percent="0" />
    </mem>
  </mem-info>
</gc-end>
<cycle-end id="443" type="global" contextid="435" timestamp="2019-07-02T23:04:51.031">
  <attribute name="GC Util" value="246" />
  <attribute name="CPU Util" value="7567277194962" />
  <attribute name="Time Running"value="1665"/>
  <attribute name="Number of cores"value="4"/>
</cycle-end>
<allocation-satisfied id="444" threadId="000000000112D100" bytesRequested="40" />
<af-end id="445" timestamp="2019-07-02T23:04:51.032" threadId="000000000112DA88" success="true" />
<exclusive-end id="446" timestamp="2019-07-02T23:04:51.032" durationms="4.627" />

<exclusive-start id="447" timestamp="2019-07-02T23:04:51.040" intervalms="12.449">
  <response-info timems="0.025" idlems="0.025" threads="0" lastid="0000000001129500" lastname="Thread-10" />
</exclusive-start>
<af-start id="448" threadId="0000000001129E88" totalBytesRequested="24" timestamp="2019-07-02T23:04:51.040" intervalms="12.454" />
<cycle-start id="449" type="global" contextid="0" timestamp="2019-07-02T23:04:51.040" intervalms="12.413" />
  <attribute name="GC Util" value="246" />
  <attribute name="CPU Util" value="7567277194962" />
  <attribute name="Time Running"value="1665"/>
  <attribute name="Number of cores"value="4"/>
<gc-start id="450" type="global" contextid="449" timestamp="2019-07-02T23:04:51.040">
  <mem-info id="451" free="0" total="17367040" percent="0">
    <mem type="tenure" free="0" total="17367040" percent="0">
      <mem type="soa" free="0" total="17193984" percent="0" />
      <mem type="loa" free="0" total="173056" percent="0" />
    </mem>
  </mem-info>
</gc-start>
<allocation-stats totalBytes="11360024" >
  <allocated-bytes non-tlh="0" tlh="11360024" />
  <largest-consumer threadName="Thread-7" threadId="0000000001134900" bytes="3636968" />
</allocation-stats>
<gc-op id="452" type="mark" timems="1.165" contextid="449" timestamp="2019-07-02T23:04:51.041">
  <trace-info objectcount="62781" scancount="55205" scanbytes="2197868" />
  <finalization candidates="124" enqueued="0" />
  <ownableSynchronizers candidates="3" cleared="0" />
  <references type="soft" candidates="85" cleared="0" enqueued="0" dynamicThreshold="20" maxThreshold="32" />
  <references type="weak" candidates="774" cleared="0" enqueued="0" />
  <references type="phantom" candidates="63" cleared="0" enqueued="0" />
  <stringconstants candidates="4574" cleared="0"  />
</gc-op>
<gc-op id="453" type="sweep" timems="0.360" contextid="449" timestamp="2019-07-02T23:04:51.042" />
<mem-info id="454" free="11308328" total="17367040" percent="65">
  <mem type="tenure" free="11308328" total="17367040" percent="65" micro-fragmented="178405" macro-fragmented="0">
    <mem type="soa" free="11220392" total="17193984" percent="65" />
    <mem type="loa" free="87936" total="173056" percent="50" />
  </mem>
</mem-info>
<gc-op id="455" type="compact" timems="5.057" contextid="449" timestamp="2019-07-02T23:04:51.047">
  <compact-info movecount="34444" movebytes="2255136" reason="compact to aid heap contraction" />
</gc-op>
<heap-resize id="456" type="contract" space="tenure" amount="131072" count="1" timems="0.092" reason="excess free space following gc" timestamp="2019-07-02T23:04:51.047" />
<gc-end id="457" type="global" contextid="449" durationms="7.577" usertimems="4.000" systemtimems="4.000" timestamp="2019-07-02T23:04:51.047" activeThreads="4">
  <mem-info id="458" free="11461072" total="17235968" percent="66">
    <mem type="tenure" free="11461072" total="17235968" percent="66">
      <mem type="soa" free="11331024" total="17063936" percent="66" />
      <mem type="loa" free="130048" total="172032" percent="75" />
    </mem>
  </mem-info>
</gc-end>
<cycle-end id="459" type="global" contextid="449" timestamp="2019-07-02T23:04:51.048">
  <attribute name="GC Util" value="16" />
  <attribute name="CPU Util" value="27120585214689" />
  <attribute name="Time Running"value="1677"/>
  <attribute name="Number of cores"value="4"/>
</cycle-end>
<allocation-satisfied id="460" threadId="0000000001129500" bytesRequested="24" />
<af-end id="461" timestamp="2019-07-02T23:04:51.048" threadId="0000000001129E88" success="true" />
<exclusive-end id="462" timestamp="2019-07-02T23:04:51.048" durationms="8.430" />

<exclusive-start id="463" timestamp="2019-07-02T23:04:51.066" intervalms="26.732">
  <response-info timems="0.029" idlems="0.029" threads="0" lastid="000000000112D100" lastname="Thread-8" />
</exclusive-start>
<af-start id="464" threadId="000000000112DA88" totalBytesRequested="40" timestamp="2019-07-02T23:04:51.066" intervalms="26.805" />
<cycle-start id="465" type="global" contextid="0" timestamp="2019-07-02T23:04:51.067" intervalms="26.915" />
  <attribute name="GC Util" value="16" />
  <attribute name="CPU Util" value="27120585214689" />
  <attribute name="Time Running"value="1677"/>
  <attribute name="Number of cores"value="4"/>
<gc-start id="466" type="global" contextid="465" timestamp="2019-07-02T23:04:51.067">
  <mem-info id="467" free="130048" total="17235968" percent="0">
    <mem type="tenure" free="130048" total="17235968" percent="0">
      <mem type="soa" free="0" total="17063936" percent="0" />
      <mem type="loa" free="130048" total="172032" percent="75" />
    </mem>
  </mem-info>
</gc-start>
<allocation-stats totalBytes="11395112" >
  <allocated-bytes non-tlh="0" tlh="11395112" />
  <largest-consumer threadName="Thread-7" threadId="0000000001134900" bytes="2981512" />
</allocation-stats>
<gc-op id="468" type="mark" timems="1.901" contextid="465" timestamp="2019-07-02T23:04:51.069">
  <trace-info objectcount="64706" scancount="57132" scanbytes="2244068" />
  <finalization candidates="124" enqueued="0" />
  <ownableSynchronizers candidates="3" cleared="0" />
  <references type="soft" candidates="85" cleared="0" enqueued="0" dynamicThreshold="21" maxThreshold="32" />
  <references type="weak" candidates="774" cleared="0" enqueued="0" />
  <references type="phantom" candidates="63" cleared="0" enqueued="0" />
  <stringconstants candidates="4574" cleared="0"  />
</gc-op>
<gc-op id="469" type="sweep" timems="0.713" contextid="465" timestamp="2019-07-02T23:04:51.070" />
<heap-resize id="470" type="contract" space="tenure" amount="131072" count="1" timems="0.079" reason="excess free space following gc" timestamp="2019-07-02T23:04:51.070" />
<gc-end id="471" type="global" contextid="465" durationms="3.334" usertimems="4.000" systemtimems="4.000" timestamp="2019-07-02T23:04:51.070" activeThreads="4">
  <mem-info id="472" free="11113280" total="17104896" percent="64">
    <mem type="tenure" free="11113280" total="17104896" percent="64" micro-fragmented="61875" macro-fragmented="0">
      <mem type="soa" free="11113280" total="16933888" percent="65" />
      <mem type="loa" free="0" total="171008" percent="0" />
    </mem>
  </mem-info>
</gc-end>
<cycle-end id="473" type="global" contextid="465" timestamp="2019-07-02T23:04:51.070">
  <attribute name="GC Util" value="231" />
  <attribute name="CPU Util" value="9271574942224" />
  <attribute name="Time Running"value="1704"/>
  <attribute name="Number of cores"value="4"/>
</cycle-end>
<allocation-satisfied id="474" threadId="000000000112D100" bytesRequested="40" />
<af-end id="475" timestamp="2019-07-02T23:04:51.070" threadId="000000000112DA88" success="true" />
<exclusive-end id="476" timestamp="2019-07-02T23:04:51.071" durationms="4.266" />

<exclusive-start id="477" timestamp="2019-07-02T23:04:51.079" intervalms="13.161">
  <response-info timems="1.849" idlems="0.934" threads="1" lastid="0000000001129500" lastname="Thread-10" />
</exclusive-start>
<af-start id="478" threadId="000000000112DA88" totalBytesRequested="40" timestamp="2019-07-02T23:04:51.080" intervalms="13.081" />
<cycle-start id="479" type="global" contextid="0" timestamp="2019-07-02T23:04:51.080" intervalms="13.009" />
  <attribute name="GC Util" value="231" />
  <attribute name="CPU Util" value="9271574942224" />
  <attribute name="Time Running"value="1704"/>
  <attribute name="Number of cores"value="4"/>
<gc-start id="480" type="global" contextid="479" timestamp="2019-07-02T23:04:51.080">
  <mem-info id="481" free="0" total="17104896" percent="0">
    <mem type="tenure" free="0" total="17104896" percent="0">
      <mem type="soa" free="0" total="16933888" percent="0" />
      <mem type="loa" free="0" total="171008" percent="0" />
    </mem>
  </mem-info>
</gc-start>
<allocation-stats totalBytes="11107880" >
  <allocated-bytes non-tlh="0" tlh="11107880" />
  <largest-consumer threadName="Thread-7" threadId="0000000001134900" bytes="3184688" />
</allocation-stats>
<gc-op id="482" type="mark" timems="2.212" contextid="479" timestamp="2019-07-02T23:04:51.082">
  <trace-info objectcount="67065" scancount="59492" scanbytes="2300428" />
  <finalization candidates="124" enqueued="0" />
  <ownableSynchronizers candidates="3" cleared="0" />
  <references type="soft" candidates="85" cleared="0" enqueued="0" dynamicThreshold="20" maxThreshold="32" />
  <references type="weak" candidates="774" cleared="0" enqueued="0" />
  <references type="phantom" candidates="63" cleared="0" enqueued="0" />
  <stringconstants candidates="4574" cleared="0"  />
</gc-op>
<gc-op id="483" type="sweep" timems="0.776" contextid="479" timestamp="2019-07-02T23:04:51.083" />
<mem-info id="484" free="10975048" total="17104896" percent="64">
  <mem type="tenure" free="10975048" total="17104896" percent="64" micro-fragmented="94355" macro-fragmented="0">
    <mem type="soa" free="10894304" total="16933888" percent="64" />
    <mem type="loa" free="80744" total="171008" percent="47" />
  </mem>
</mem-info>
<gc-op id="485" type="compact" timems="5.133" contextid="479" timestamp="2019-07-02T23:04:51.088">
  <compact-info movecount="16114" movebytes="662272" reason="compact to aid heap contraction" />
</gc-op>
<heap-resize id="486" type="contract" space="tenure" amount="131072" count="1" timems="0.084" reason="excess free space following gc" timestamp="2019-07-02T23:04:51.089" />
<gc-end id="487" type="global" contextid="479" durationms="8.993" usertimems="16.000" systemtimems="0.000" timestamp="2019-07-02T23:04:51.089" activeThreads="4">
  <mem-info id="488" free="11098416" total="16973824" percent="65">
    <mem type="tenure" free="11098416" total="16973824" percent="65">
      <mem type="soa" free="10969392" total="16804864" percent="65" />
      <mem type="loa" free="129024" total="168960" percent="76" />
    </mem>
  </mem-info>
</gc-end>
<cycle-end id="489" type="global" contextid="479" timestamp="2019-07-02T23:04:51.089">
  <attribute name="GC Util" value="138" />
  <attribute name="CPU Util" value="17849085274939" />
  <attribute name="Time Running"value="1719"/>
  <attribute name="Number of cores"value="4"/>
</cycle-end>
<allocation-satisfied id="490" threadId="000000000112D100" bytesRequested="40" />
<af-end id="491" timestamp="2019-07-02T23:04:51.089" threadId="000000000112DA88" success="true" />
<exclusive-end id="492" timestamp="2019-07-02T23:04:51.089" durationms="9.749" />

<exclusive-start id="493" timestamp="2019-07-02T23:04:51.099" intervalms="20.035">
  <response-info timems="0.226" idlems="0.123" threads="1" lastid="0000000001129500" lastname="Thread-10" />
</exclusive-start>
<af-start id="494" threadId="0000000001135288" totalBytesRequested="40" timestamp="2019-07-02T23:04:51.100" intervalms="19.966" />
<cycle-start id="495" type="global" contextid="0" timestamp="2019-07-02T23:04:51.100" intervalms="19.933" />
  <attribute name="GC Util" value="138" />
  <attribute name="CPU Util" value="17849085274939" />
  <attribute name="Time Running"value="1719"/>
  <attribute name="Number of cores"value="4"/>
<gc-start id="496" type="global" contextid="495" timestamp="2019-07-02T23:04:51.100">
  <mem-info id="497" free="129024" total="16973824" percent="0">
    <mem type="tenure" free="129024" total="16973824" percent="0">
      <mem type="soa" free="0" total="16804864" percent="0" />
      <mem type="loa" free="129024" total="168960" percent="76" />
    </mem>
  </mem-info>
</gc-start>
<allocation-stats totalBytes="11033488" >
  <allocated-bytes non-tlh="0" tlh="11033488" />
  <largest-consumer threadName="Thread-9" threadId="0000000001130D00" bytes="4554128" />
</allocation-stats>
<gc-op id="498" type="mark" timems="2.076" contextid="495" timestamp="2019-07-02T23:04:51.102">
  <trace-info objectcount="69577" scancount="62013" scanbytes="2360684" />
  <finalization candidates="124" enqueued="0" />
  <ownableSynchronizers candidates="3" cleared="0" />
  <references type="soft" candidates="85" cleared="1" enqueued="0" dynamicThreshold="20" maxThreshold="32" />
  <references type="weak" candidates="774" cleared="0" enqueued="0" />
  <references type="phantom" candidates="63" cleared="0" enqueued="0" />
  <stringconstants candidates="4574" cleared="0"  />
</gc-op>
<gc-op id="499" type="sweep" timems="0.724" contextid="495" timestamp="2019-07-02T23:04:51.103" />
<heap-resize id="500" type="contract" space="tenure" amount="131072" count="1" timems="0.101" reason="excess free space following gc" timestamp="2019-07-02T23:04:51.103" />
<gc-end id="501" type="global" contextid="495" durationms="3.470" usertimems="8.000" systemtimems="4.000" timestamp="2019-07-02T23:04:51.103" activeThreads="4">
  <mem-info id="502" free="10730464" total="16842752" percent="63">
    <mem type="tenure" free="10730464" total="16842752" percent="63" micro-fragmented="71026" macro-fragmented="0">
      <mem type="soa" free="10730464" total="16674816" percent="64" />
      <mem type="loa" free="0" total="167936" percent="0" />
    </mem>
  </mem-info>
</gc-end>
<cycle-end id="503" type="global" contextid="495" timestamp="2019-07-02T23:04:51.103">
  <attribute name="GC Util" value="239" />
  <attribute name="CPU Util" value="8467682193278" />
  <attribute name="Time Running"value="1737"/>
  <attribute name="Number of cores"value="4"/>
</cycle-end>
<allocation-satisfied id="504" threadId="0000000001134900" bytesRequested="40" />
<af-end id="505" timestamp="2019-07-02T23:04:51.104" threadId="0000000001135288" success="true" />
<exclusive-end id="506" timestamp="2019-07-02T23:04:51.104" durationms="4.382" />

<exclusive-start id="507" timestamp="2019-07-02T23:04:51.113" intervalms="13.659">
  <response-info timems="0.076" idlems="0.049" threads="1" lastid="0000000001130D00" lastname="Thread-9" />
</exclusive-start>
<af-start id="508" threadId="000000000112DA88" totalBytesRequested="40" timestamp="2019-07-02T23:04:51.113" intervalms="13.759" />
<cycle-start id="509" type="global" contextid="0" timestamp="2019-07-02T23:04:51.113" intervalms="13.756" />
  <attribute name="GC Util" value="239" />
  <attribute name="CPU Util" value="8467682193278" />
  <attribute name="Time Running"value="1737"/>
  <attribute name="Number of cores"value="4"/>
<gc-start id="510" type="global" contextid="509" timestamp="2019-07-02T23:04:51.114">
  <mem-info id="511" free="0" total="16842752" percent="0">
    <mem type="tenure" free="0" total="16842752" percent="0">
      <mem type="soa" free="0" total="16674816" percent="0" />
      <mem type="loa" free="0" total="167936" percent="0" />
    </mem>
  </mem-info>
</gc-start>
<allocation-stats totalBytes="10725552" >
  <allocated-bytes non-tlh="0" tlh="10725552" />
  <largest-consumer threadName="Thread-8" threadId="000000000112D100" bytes="3936224" />
</allocation-stats>
<gc-op id="512" type="mark" timems="2.404" contextid="509" timestamp="2019-07-02T23:04:51.116">
  <trace-info objectcount="71715" scancount="64138" scanbytes="2412196" />
  <finalization candidates="124" enqueued="0" />
  <ownableSynchronizers candidates="3" cleared="0" />
  <references type="soft" candidates="84" cleared="0" enqueued="0" dynamicThreshold="20" maxThreshold="32" />
  <references type="weak" candidates="774" cleared="0" enqueued="0" />
  <references type="phantom" candidates="63" cleared="0" enqueued="0" />
  <stringconstants candidates="4574" cleared="0"  />
</gc-op>
<gc-op id="513" type="sweep" timems="0.771" contextid="509" timestamp="2019-07-02T23:04:51.117" />
<mem-info id="514" free="10550736" total="16842752" percent="62">
  <mem type="tenure" free="10550736" total="16842752" percent="62" micro-fragmented="40933" macro-fragmented="0">
    <mem type="soa" free="10550736" total="16674816" percent="63" />
    <mem type="loa" free="0" total="167936" percent="0" />
  </mem>
</mem-info>
<gc-op id="515" type="compact" timems="10.016" contextid="509" timestamp="2019-07-02T23:04:51.127">
  <compact-info movecount="55299" movebytes="5078752" reason="compact to aid heap contraction" />
</gc-op>
<heap-resize id="516" type="contract" space="tenure" amount="131072" count="1" timems="0.087" reason="excess free space following gc" timestamp="2019-07-02T23:04:51.128" />
<gc-end id="517" type="global" contextid="509" durationms="14.337" usertimems="20.000" systemtimems="0.000" timestamp="2019-07-02T23:04:51.128" activeThreads="4">
  <mem-info id="518" free="10727712" total="16711680" percent="64">
    <mem type="tenure" free="10727712" total="16711680" percent="64">
      <mem type="soa" free="10597664" total="16544768" percent="64" />
      <mem type="loa" free="130048" total="166912" percent="77" />
    </mem>
  </mem-info>
</gc-end>
<cycle-end id="519" type="global" contextid="509" timestamp="2019-07-02T23:04:51.128">
  <attribute name="GC Util" value="133" />
  <attribute name="CPU Util" value="17820685540195" />
  <attribute name="Time Running"value="1753"/>
  <attribute name="Number of cores"value="4"/>
</cycle-end>
<allocation-satisfied id="520" threadId="000000000112D100" bytesRequested="40" />
<af-end id="521" timestamp="2019-07-02T23:04:51.128" threadId="000000000112DA88" success="true" />
<exclusive-end id="522" timestamp="2019-07-02T23:04:51.128" durationms="15.293" />

<exclusive-start id="523" timestamp="2019-07-02T23:04:51.138" intervalms="25.080">
  <response-info timems="0.042" idlems="0.042" threads="0" lastid="000000000112D100" lastname="Thread-8" />
</exclusive-start>
<af-start id="524" threadId="000000000112DA88" totalBytesRequested="40" timestamp="2019-07-02T23:04:51.138" intervalms="25.071" />
<cycle-start id="525" type="global" contextid="0" timestamp="2019-07-02T23:04:51.139" intervalms="25.128" />
  <attribute name="GC Util" value="133" />
  <attribute name="CPU Util" value="17820685540195" />
  <attribute name="Time Running"value="1753"/>
  <attribute name="Number of cores"value="4"/>
<gc-start id="526" type="global" contextid="525" timestamp="2019-07-02T23:04:51.139">
  <mem-info id="527" free="130048" total="16711680" percent="0">
    <mem type="tenure" free="130048" total="16711680" percent="0">
      <mem type="soa" free="0" total="16544768" percent="0" />
      <mem type="loa" free="130048" total="166912" percent="77" />
    </mem>
  </mem-info>
</gc-start>
<allocation-stats totalBytes="10661800" >
  <allocated-bytes non-tlh="0" tlh="10661800" />
  <largest-consumer threadName="Thread-9" threadId="0000000001130D00" bytes="4354800" />
</allocation-stats>
<gc-op id="528" type="mark" timems="1.893" contextid="525" timestamp="2019-07-02T23:04:51.141">
  <trace-info objectcount="64682" scancount="57094" scanbytes="2243180" />
  <finalization candidates="124" enqueued="0" />
  <ownableSynchronizers candidates="3" cleared="0" />
  <references type="soft" candidates="84" cleared="0" enqueued="0" dynamicThreshold="20" maxThreshold="32" />
  <references type="weak" candidates="774" cleared="0" enqueued="0" />
  <references type="phantom" candidates="63" cleared="0" enqueued="0" />
  <stringconstants candidates="4574" cleared="0"  />
</gc-op>
<gc-op id="529" type="sweep" timems="0.729" contextid="525" timestamp="2019-07-02T23:04:51.141" />
<heap-resize id="530" type="contract" space="tenure" amount="131072" count="1" timems="0.096" reason="excess free space following gc" timestamp="2019-07-02T23:04:51.142" />
<gc-end id="531" type="global" contextid="525" durationms="3.223" usertimems="8.000" systemtimems="0.000" timestamp="2019-07-02T23:04:51.142" activeThreads="4">
  <mem-info id="532" free="10480808" total="16580608" percent="63">
    <mem type="tenure" free="10480808" total="16580608" percent="63" micro-fragmented="106547" macro-fragmented="0">
      <mem type="soa" free="10480808" total="16415744" percent="63" />
      <mem type="loa" free="0" total="164864" percent="0" />
    </mem>
  </mem-info>
</gc-end>
<cycle-end id="533" type="global" contextid="525" timestamp="2019-07-02T23:04:51.142">
  <attribute name="GC Util" value="244" />
  <attribute name="CPU Util" value="9255256379226" />
  <attribute name="Time Running"value="1776"/>
  <attribute name="Number of cores"value="4"/>
</cycle-end>
<allocation-satisfied id="534" threadId="000000000112D100" bytesRequested="40" />
<af-end id="535" timestamp="2019-07-02T23:04:51.142" threadId="000000000112DA88" success="true" />
<exclusive-end id="536" timestamp="2019-07-02T23:04:51.142" durationms="4.122" />

<exclusive-start id="537" timestamp="2019-07-02T23:04:51.152" intervalms="13.956">
  <response-info timems="0.026" idlems="0.026" threads="0" lastid="000000000112D100" lastname="Thread-8" />
</exclusive-start>
<af-start id="538" threadId="000000000112DA88" totalBytesRequested="40" timestamp="2019-07-02T23:04:51.152" intervalms="13.952" />
<cycle-start id="539" type="global" contextid="0" timestamp="2019-07-02T23:04:51.152" intervalms="13.947" />
  <attribute name="GC Util" value="244" />
  <attribute name="CPU Util" value="9255256379226" />
  <attribute name="Time Running"value="1776"/>
  <attribute name="Number of cores"value="4"/>
<gc-start id="540" type="global" contextid="539" timestamp="2019-07-02T23:04:51.153">
  <mem-info id="541" free="0" total="16580608" percent="0">
    <mem type="tenure" free="0" total="16580608" percent="0">
      <mem type="soa" free="0" total="16415744" percent="0" />
      <mem type="loa" free="0" total="164864" percent="0" />
    </mem>
  </mem-info>
</gc-start>
<allocation-stats totalBytes="10475384" >
  <allocated-bytes non-tlh="0" tlh="10475384" />
  <largest-consumer threadName="Thread-8" threadId="000000000112D100" bytes="4454936" />
</allocation-stats>
<gc-op id="542" type="mark" timems="2.302" contextid="539" timestamp="2019-07-02T23:04:51.155">
  <trace-info objectcount="68556" scancount="60984" scanbytes="2336412" />
  <finalization candidates="124" enqueued="0" />
  <ownableSynchronizers candidates="3" cleared="0" />
  <references type="soft" candidates="84" cleared="0" enqueued="0" dynamicThreshold="20" maxThreshold="32" />
  <references type="weak" candidates="774" cleared="0" enqueued="0" />
  <references type="phantom" candidates="63" cleared="0" enqueued="0" />
  <stringconstants candidates="4574" cleared="0"  />
</gc-op>
<gc-op id="543" type="sweep" timems="0.772" contextid="539" timestamp="2019-07-02T23:04:51.156" />
<mem-info id="544" free="10276792" total="16580608" percent="61">
  <mem type="tenure" free="10276792" total="16580608" percent="61" micro-fragmented="303037" macro-fragmented="0">
    <mem type="soa" free="10200392" total="16415744" percent="62" />
    <mem type="loa" free="76400" total="164864" percent="46" />
  </mem>
</mem-info>
<gc-op id="545" type="compact" timems="5.636" contextid="539" timestamp="2019-07-02T23:04:51.162">
  <compact-info movecount="28843" movebytes="1257832" reason="compact to aid heap contraction" />
</gc-op>
<heap-resize id="546" type="contract" space="tenure" amount="131072" count="1" timems="0.092" reason="excess free space following gc" timestamp="2019-07-02T23:04:51.162" />
<gc-end id="547" type="global" contextid="539" durationms="9.791" usertimems="20.000" systemtimems="4.000" timestamp="2019-07-02T23:04:51.162" activeThreads="4">
  <mem-info id="548" free="10544424" total="16449536" percent="64">
    <mem type="tenure" free="10544424" total="16449536" percent="64">
      <mem type="soa" free="10414376" total="16285696" percent="63" />
      <mem type="loa" free="130048" total="163840" percent="79" />
    </mem>
  </mem-info>
</gc-end>
<cycle-end id="549" type="global" contextid="539" timestamp="2019-07-02T23:04:51.163">
  <attribute name="GC Util" value="142" />
  <attribute name="CPU Util" value="17446105229519" />
  <attribute name="Time Running"value="1792"/>
  <attribute name="Number of cores"value="4"/>
</cycle-end>
<allocation-satisfied id="550" threadId="000000000112D100" bytesRequested="40" />
<af-end id="551" timestamp="2019-07-02T23:04:51.163" threadId="000000000112DA88" success="true" />
<exclusive-end id="552" timestamp="2019-07-02T23:04:51.163" durationms="10.696" />

<exclusive-start id="553" timestamp="2019-07-02T23:04:51.171" intervalms="18.990">
  <response-info timems="0.030" idlems="0.030" threads="0" lastid="0000000001134900" lastname="Thread-7" />
</exclusive-start>
<af-start id="554" threadId="0000000001135288" totalBytesRequested="40" timestamp="2019-07-02T23:04:51.171" intervalms="18.995" />
<cycle-start id="555" type="global" contextid="0" timestamp="2019-07-02T23:04:51.171" intervalms="18.983" />
  <attribute name="GC Util" value="142" />
  <attribute name="CPU Util" value="17446105229519" />
  <attribute name="Time Running"value="1792"/>
  <attribute name="Number of cores"value="4"/>
<gc-start id="556" type="global" contextid="555" timestamp="2019-07-02T23:04:51.172">
  <mem-info id="557" free="130048" total="16449536" percent="0">
    <mem type="tenure" free="130048" total="16449536" percent="0">
      <mem type="soa" free="0" total="16285696" percent="0" />
      <mem type="loa" free="130048" total="163840" percent="79" />
    </mem>
  </mem-info>
</gc-start>
<allocation-stats totalBytes="10478472" >
  <allocated-bytes non-tlh="0" tlh="10478472" />
  <largest-consumer threadName="Thread-7" threadId="0000000001134900" bytes="3898888" />
</allocation-stats>
<gc-op id="558" type="mark" timems="2.140" contextid="555" timestamp="2019-07-02T23:04:51.174">
  <trace-info objectcount="63259" scancount="55682" scanbytes="2099012" />
  <finalization candidates="124" enqueued="0" />
  <ownableSynchronizers candidates="3" cleared="0" />
  <references type="soft" candidates="84" cleared="0" enqueued="0" dynamicThreshold="20" maxThreshold="32" />
  <references type="weak" candidates="774" cleared="0" enqueued="0" />
  <references type="phantom" candidates="63" cleared="0" enqueued="0" />
  <stringconstants candidates="4574" cleared="0"  />
</gc-op>
<gc-op id="559" type="sweep" timems="0.710" contextid="555" timestamp="2019-07-02T23:04:51.175" />
<heap-resize id="560" type="contract" space="tenure" amount="131072" count="1" timems="0.097" reason="excess free space following gc" timestamp="2019-07-02T23:04:51.175" />
<gc-end id="561" type="global" contextid="555" durationms="3.469" usertimems="8.000" systemtimems="0.000" timestamp="2019-07-02T23:04:51.175" activeThreads="4">
  <mem-info id="562" free="10541256" total="16318464" percent="64">
    <mem type="tenure" free="10541256" total="16318464" percent="64" micro-fragmented="95553" macro-fragmented="0">
      <mem type="soa" free="10471512" total="16155648" percent="64" />
      <mem type="loa" free="69744" total="162816" percent="42" />
    </mem>
  </mem-info>
</gc-end>
<cycle-end id="563" type="global" contextid="555" timestamp="2019-07-02T23:04:51.175">
  <attribute name="GC Util" value="249" />
  <attribute name="CPU Util" value="8308539506579" />
  <attribute name="Time Running"value="1809"/>
  <attribute name="Number of cores"value="4"/>
</cycle-end>
<allocation-satisfied id="564" threadId="0000000001134900" bytesRequested="40" />
<af-end id="565" timestamp="2019-07-02T23:04:51.175" threadId="0000000001135288" success="true" />
<exclusive-end id="566" timestamp="2019-07-02T23:04:51.175" durationms="4.347" />

<exclusive-start id="567" timestamp="2019-07-02T23:04:51.184" intervalms="12.549">
  <response-info timems="0.061" idlems="0.061" threads="0" lastid="0000000001129500" lastname="Thread-10" />
</exclusive-start>
<af-start id="568" threadId="0000000001129E88" totalBytesRequested="136" timestamp="2019-07-02T23:04:51.184" intervalms="12.495" />
<cycle-start id="569" type="global" contextid="0" timestamp="2019-07-02T23:04:51.184" intervalms="12.451" />
  <attribute name="GC Util" value="249" />
  <attribute name="CPU Util" value="8308539506579" />
  <attribute name="Time Running"value="1809"/>
  <attribute name="Number of cores"value="4"/>
<gc-start id="570" type="global" contextid="569" timestamp="2019-07-02T23:04:51.184">
  <mem-info id="571" free="69744" total="16318464" percent="0">
    <mem type="tenure" free="69744" total="16318464" percent="0">
      <mem type="soa" free="0" total="16155648" percent="0" />
      <mem type="loa" free="69744" total="162816" percent="42" />
    </mem>
  </mem-info>
</gc-start>
<allocation-stats totalBytes="10466808" >
  <allocated-bytes non-tlh="0" tlh="10466808" />
  <largest-consumer threadName="Thread-10" threadId="0000000001129500" bytes="3720200" />
</allocation-stats>
<gc-op id="572" type="mark" timems="2.244" contextid="569" timestamp="2019-07-02T23:04:51.186">
  <trace-info objectcount="66176" scancount="58604" scanbytes="2278964" />
  <finalization candidates="124" enqueued="0" />
  <ownableSynchronizers candidates="3" cleared="0" />
  <references type="soft" candidates="84" cleared="0" enqueued="0" dynamicThreshold="20" maxThreshold="32" />
  <references type="weak" candidates="774" cleared="0" enqueued="0" />
  <references type="phantom" candidates="63" cleared="0" enqueued="0" />
  <stringconstants candidates="4574" cleared="0"  />
</gc-op>
<gc-op id="573" type="sweep" timems="0.724" contextid="569" timestamp="2019-07-02T23:04:51.187" />
<mem-info id="574" free="10371072" total="16318464" percent="63">
  <mem type="tenure" free="10371072" total="16318464" percent="63" micro-fragmented="86545" macro-fragmented="0">
    <mem type="soa" free="10301328" total="16155648" percent="63" />
    <mem type="loa" free="69744" total="162816" percent="42" />
  </mem>
</mem-info>
<gc-op id="575" type="compact" timems="5.257" contextid="569" timestamp="2019-07-02T23:04:51.193">
  <compact-info movecount="20845" movebytes="913080" reason="compact to aid heap contraction" />
</gc-op>
<heap-resize id="576" type="contract" space="tenure" amount="131072" count="1" timems="0.081" reason="excess free space following gc" timestamp="2019-07-02T23:04:51.193" />
<gc-end id="577" type="global" contextid="569" durationms="8.878" usertimems="12.000" systemtimems="4.000" timestamp="2019-07-02T23:04:51.193" activeThreads="4">
  <mem-info id="578" free="10341776" total="16187392" percent="63">
    <mem type="tenure" free="10341776" total="16187392" percent="63">
      <mem type="soa" free="10211728" total="16025600" percent="63" />
      <mem type="loa" free="130048" total="161792" percent="80" />
    </mem>
  </mem-info>
</gc-end>
<cycle-end id="579" type="global" contextid="569" timestamp="2019-07-02T23:04:51.193">
  <attribute name="GC Util" value="168" />
  <attribute name="CPU Util" value="20749829909845" />
  <attribute name="Time Running"value="1823"/>
  <attribute name="Number of cores"value="4"/>
</cycle-end>
<allocation-satisfied id="580" threadId="0000000001129500" bytesRequested="136" />
<af-end id="581" timestamp="2019-07-02T23:04:51.193" threadId="0000000001129E88" success="true" />
<exclusive-end id="582" timestamp="2019-07-02T23:04:51.193" durationms="9.413" />

<exclusive-start id="583" timestamp="2019-07-02T23:04:51.200" intervalms="15.835">
  <response-info timems="0.028" idlems="0.028" threads="0" lastid="0000000001130D00" lastname="Thread-9" />
</exclusive-start>
<af-start id="584" threadId="0000000001131688" totalBytesRequested="24" timestamp="2019-07-02T23:04:51.200" intervalms="15.780" />
<cycle-start id="585" type="global" contextid="0" timestamp="2019-07-02T23:04:51.200" intervalms="15.779" />
  <attribute name="GC Util" value="168" />
  <attribute name="CPU Util" value="20749829909845" />
  <attribute name="Time Running"value="1823"/>
  <attribute name="Number of cores"value="4"/>
<gc-start id="586" type="global" contextid="585" timestamp="2019-07-02T23:04:51.200">
  <mem-info id="587" free="130048" total="16187392" percent="0">
    <mem type="tenure" free="130048" total="16187392" percent="0">
      <mem type="soa" free="0" total="16025600" percent="0" />
      <mem type="loa" free="130048" total="161792" percent="80" />
    </mem>
  </mem-info>
</gc-start>
<allocation-stats totalBytes="10275632" >
  <allocated-bytes non-tlh="0" tlh="10275632" />
  <largest-consumer threadName="Thread-8" threadId="000000000112D100" bytes="3067744" />
</allocation-stats>
<gc-op id="588" type="mark" timems="1.610" contextid="585" timestamp="2019-07-02T23:04:51.201">
  <trace-info objectcount="69290" scancount="61711" scanbytes="2353812" />
  <finalization candidates="124" enqueued="0" />
  <ownableSynchronizers candidates="3" cleared="0" />
  <references type="soft" candidates="84" cleared="0" enqueued="0" dynamicThreshold="20" maxThreshold="32" />
  <references type="weak" candidates="774" cleared="0" enqueued="0" />
  <references type="phantom" candidates="63" cleared="0" enqueued="0" />
  <stringconstants candidates="4574" cleared="0"  />
</gc-op>
<gc-op id="589" type="sweep" timems="0.244" contextid="585" timestamp="2019-07-02T23:04:51.202" />
<heap-resize id="590" type="contract" space="tenure" amount="131072" count="1" timems="0.093" reason="excess free space following gc" timestamp="2019-07-02T23:04:51.202" />
<gc-end id="591" type="global" contextid="585" durationms="2.409" usertimems="4.000" systemtimems="0.000" timestamp="2019-07-02T23:04:51.202" activeThreads="4">
  <mem-info id="592" free="9995600" total="16056320" percent="62">
    <mem type="tenure" free="9995600" total="16056320" percent="62" micro-fragmented="71064" macro-fragmented="0">
      <mem type="soa" free="9917136" total="15896576" percent="62" />
      <mem type="loa" free="78464" total="159744" percent="49" />
    </mem>
  </mem-info>
</gc-end>
<cycle-end id="593" type="global" contextid="585" timestamp="2019-07-02T23:04:51.202">
  <attribute name="GC Util" value="230" />
  <attribute name="CPU Util" value="10710902103314" />
  <attribute name="Time Running"value="1837"/>
  <attribute name="Number of cores"value="4"/>
</cycle-end>
<allocation-satisfied id="594" threadId="0000000001130D00" bytesRequested="24" />
<af-end id="595" timestamp="2019-07-02T23:04:51.203" threadId="0000000001131688" success="true" />
<exclusive-end id="596" timestamp="2019-07-02T23:04:51.203" durationms="3.053" />

<exclusive-start id="597" timestamp="2019-07-02T23:04:51.210" intervalms="10.291">
  <response-info timems="0.019" idlems="0.018" threads="1" lastid="0000000001130D00" lastname="Thread-9" />
</exclusive-start>
<af-start id="598" threadId="000000000112DA88" totalBytesRequested="40" timestamp="2019-07-02T23:04:51.210" intervalms="10.376" />
<cycle-start id="599" type="global" contextid="0" timestamp="2019-07-02T23:04:51.210" intervalms="10.419" />
  <attribute name="GC Util" value="230" />
  <attribute name="CPU Util" value="10710902103314" />
  <attribute name="Time Running"value="1837"/>
  <attribute name="Number of cores"value="4"/>
<gc-start id="600" type="global" contextid="599" timestamp="2019-07-02T23:04:51.210">
  <mem-info id="601" free="78464" total="16056320" percent="0">
    <mem type="tenure" free="78464" total="16056320" percent="0">
      <mem type="soa" free="0" total="15896576" percent="0" />
      <mem type="loa" free="78464" total="159744" percent="49" />
    </mem>
  </mem-info>
</gc-start>
<allocation-stats totalBytes="9913120" >
  <allocated-bytes non-tlh="0" tlh="9913120" />
  <largest-consumer threadName="Thread-8" threadId="000000000112D100" bytes="3324320" />
</allocation-stats>
<gc-op id="602" type="mark" timems="2.049" contextid="599" timestamp="2019-07-02T23:04:51.212">
  <trace-info objectcount="72881" scancount="65318" scanbytes="2440268" />
  <finalization candidates="124" enqueued="0" />
  <ownableSynchronizers candidates="3" cleared="0" />
  <references type="soft" candidates="84" cleared="0" enqueued="0" dynamicThreshold="19" maxThreshold="32" />
  <references type="weak" candidates="774" cleared="0" enqueued="0" />
  <references type="phantom" candidates="63" cleared="0" enqueued="0" />
  <stringconstants candidates="4574" cleared="0"  />
</gc-op>
<gc-op id="603" type="sweep" timems="0.762" contextid="599" timestamp="2019-07-02T23:04:51.213" />
<gc-end id="604" type="global" contextid="599" durationms="3.280" usertimems="4.000" systemtimems="0.000" timestamp="2019-07-02T23:04:51.213" activeThreads="4">
  <mem-info id="605" free="9794488" total="16056320" percent="61">
    <mem type="tenure" free="9794488" total="16056320" percent="61" micro-fragmented="124074" macro-fragmented="0">
      <mem type="soa" free="9634744" total="15896576" percent="60" />
      <mem type="loa" free="159744" total="159744" percent="100" />
    </mem>
  </mem-info>
</gc-end>
<cycle-end id="606" type="global" contextid="599" timestamp="2019-07-02T23:04:51.214">
  <attribute name="GC Util" value="251" />
  <attribute name="CPU Util" value="8608095481698" />
  <attribute name="Time Running"value="1848"/>
  <attribute name="Number of cores"value="4"/>
</cycle-end>
<allocation-satisfied id="607" threadId="000000000112D100" bytesRequested="40" />
<af-end id="608" timestamp="2019-07-02T23:04:51.214" threadId="000000000112DA88" success="true" />
<exclusive-end id="609" timestamp="2019-07-02T23:04:51.214" durationms="3.983" />

<exclusive-start id="610" timestamp="2019-07-02T23:04:51.221" intervalms="11.670">
  <response-info timems="0.056" idlems="0.056" threads="0" lastid="0000000001134900" lastname="Thread-7" />
</exclusive-start>
<af-start id="611" threadId="0000000001135288" totalBytesRequested="40" timestamp="2019-07-02T23:04:51.222" intervalms="11.678" />
<cycle-start id="612" type="global" contextid="0" timestamp="2019-07-02T23:04:51.222" intervalms="11.679" />
  <attribute name="GC Util" value="251" />
  <attribute name="CPU Util" value="8608095481698" />
  <attribute name="Time Running"value="1848"/>
  <attribute name="Number of cores"value="4"/>
<gc-start id="613" type="global" contextid="612" timestamp="2019-07-02T23:04:51.222">
  <mem-info id="614" free="159744" total="16056320" percent="0">
    <mem type="tenure" free="159744" total="16056320" percent="0">
      <mem type="soa" free="0" total="15896576" percent="0" />
      <mem type="loa" free="159744" total="159744" percent="100" />
    </mem>
  </mem-info>
</gc-start>
<allocation-stats totalBytes="9625448" >
  <allocated-bytes non-tlh="0" tlh="9625448" />
  <largest-consumer threadName="Thread-7" threadId="0000000001134900" bytes="3311248" />
</allocation-stats>
<gc-op id="615" type="mark" timems="2.129" contextid="612" timestamp="2019-07-02T23:04:51.224">
  <trace-info objectcount="71056" scancount="63506" scanbytes="2395948" />
  <finalization candidates="124" enqueued="0" />
  <ownableSynchronizers candidates="3" cleared="0" />
  <references type="soft" candidates="84" cleared="0" enqueued="0" dynamicThreshold="19" maxThreshold="32" />
  <references type="weak" candidates="774" cleared="0" enqueued="0" />
  <references type="phantom" candidates="63" cleared="0" enqueued="0" />
  <stringconstants candidates="4574" cleared="0"  />
</gc-op>
<gc-op id="616" type="sweep" timems="0.753" contextid="612" timestamp="2019-07-02T23:04:51.225" />
<gc-end id="617" type="global" contextid="612" durationms="3.288" usertimems="8.000" systemtimems="0.000" timestamp="2019-07-02T23:04:51.225" activeThreads="4">
  <mem-info id="618" free="9846456" total="16056320" percent="61">
    <mem type="tenure" free="9846456" total="16056320" percent="61" micro-fragmented="91783" macro-fragmented="0">
      <mem type="soa" free="9686712" total="15896576" percent="60" />
      <mem type="loa" free="159744" total="159744" percent="100" />
    </mem>
  </mem-info>
</gc-end>
<cycle-end id="619" type="global" contextid="612" timestamp="2019-07-02T23:04:51.225">
  <attribute name="GC Util" value="244" />
  <attribute name="CPU Util" value="8431417411940" />
  <attribute name="Time Running"value="1860"/>
  <attribute name="Number of cores"value="4"/>
</cycle-end>
<allocation-satisfied id="620" threadId="0000000001134900" bytesRequested="40" />
<af-end id="621" timestamp="2019-07-02T23:04:51.226" threadId="0000000001135288" success="true" />
<exclusive-end id="622" timestamp="2019-07-02T23:04:51.226" durationms="4.211" />

<exclusive-start id="623" timestamp="2019-07-02T23:04:51.232" intervalms="10.851">
  <response-info timems="0.057" idlems="0.057" threads="1" lastid="0000000001129500" lastname="Thread-10" />
</exclusive-start>
<af-start id="624" threadId="000000000112DA88" totalBytesRequested="40" timestamp="2019-07-02T23:04:51.232" intervalms="10.847" />
<cycle-start id="625" type="global" contextid="0" timestamp="2019-07-02T23:04:51.233" intervalms="10.850" />
  <attribute name="GC Util" value="244" />
  <attribute name="CPU Util" value="8431417411940" />
  <attribute name="Time Running"value="1860"/>
  <attribute name="Number of cores"value="4"/>
<gc-start id="626" type="global" contextid="625" timestamp="2019-07-02T23:04:51.233">
  <mem-info id="627" free="159744" total="16056320" percent="0">
    <mem type="tenure" free="159744" total="16056320" percent="0">
      <mem type="soa" free="0" total="15896576" percent="0" />
      <mem type="loa" free="159744" total="159744" percent="100" />
    </mem>
  </mem-info>
</gc-start>
<allocation-stats totalBytes="9674408" >
  <allocated-bytes non-tlh="0" tlh="9674408" />
  <largest-consumer threadName="Thread-7" threadId="0000000001134900" bytes="3504880" />
</allocation-stats>
<gc-op id="628" type="mark" timems="2.093" contextid="625" timestamp="2019-07-02T23:04:51.235">
  <trace-info objectcount="69661" scancount="62076" scanbytes="2362412" />
  <finalization candidates="124" enqueued="0" />
  <ownableSynchronizers candidates="3" cleared="0" />
  <references type="soft" candidates="84" cleared="0" enqueued="0" dynamicThreshold="19" maxThreshold="32" />
  <references type="weak" candidates="774" cleared="0" enqueued="0" />
  <references type="phantom" candidates="63" cleared="0" enqueued="0" />
  <stringconstants candidates="4574" cleared="0"  />
</gc-op>
<gc-op id="629" type="sweep" timems="0.596" contextid="625" timestamp="2019-07-02T23:04:51.236" />
<heap-resize id="630" type="contract" space="tenure" amount="131072" count="1" timems="0.090" reason="excess free space following gc" timestamp="2019-07-02T23:04:51.236" />
<gc-end id="631" type="global" contextid="625" durationms="3.351" usertimems="8.000" systemtimems="0.000" timestamp="2019-07-02T23:04:51.236" activeThreads="4">
  <mem-info id="632" free="9678832" total="15925248" percent="60">
    <mem type="tenure" free="9678832" total="15925248" percent="60" micro-fragmented="118921" macro-fragmented="0">
      <mem type="soa" free="9678832" total="15766528" percent="61" />
      <mem type="loa" free="0" total="158720" percent="0" />
    </mem>
  </mem-info>
</gc-end>
<cycle-end id="633" type="global" contextid="625" timestamp="2019-07-02T23:04:51.236">
  <attribute name="GC Util" value="250" />
  <attribute name="CPU Util" value="8426529861584" />
  <attribute name="Time Running"value="1870"/>
  <attribute name="Number of cores"value="4"/>
</cycle-end>
<allocation-satisfied id="634" threadId="000000000112D100" bytesRequested="40" />
<af-end id="635" timestamp="2019-07-02T23:04:51.236" threadId="000000000112DA88" success="true" />
<exclusive-end id="636" timestamp="2019-07-02T23:04:51.237" durationms="4.171" />

<exclusive-start id="637" timestamp="2019-07-02T23:04:51.243" intervalms="10.667">
  <response-info timems="0.019" idlems="0.019" threads="0" lastid="0000000001134900" lastname="Thread-7" />
</exclusive-start>
<af-start id="638" threadId="0000000001135288" totalBytesRequested="40" timestamp="2019-07-02T23:04:51.243" intervalms="10.661" />
<cycle-start id="639" type="global" contextid="0" timestamp="2019-07-02T23:04:51.243" intervalms="10.656" />
  <attribute name="GC Util" value="250" />
  <attribute name="CPU Util" value="8426529861584" />
  <attribute name="Time Running"value="1870"/>
  <attribute name="Number of cores"value="4"/>
<gc-start id="640" type="global" contextid="639" timestamp="2019-07-02T23:04:51.243">
  <mem-info id="641" free="0" total="15925248" percent="0">
    <mem type="tenure" free="0" total="15925248" percent="0">
      <mem type="soa" free="0" total="15766528" percent="0" />
      <mem type="loa" free="0" total="158720" percent="0" />
    </mem>
  </mem-info>
</gc-start>
<allocation-stats totalBytes="9666792" >
  <allocated-bytes non-tlh="0" tlh="9666792" />
  <largest-consumer threadName="Thread-7" threadId="0000000001134900" bytes="3552328" />
</allocation-stats>
<gc-op id="642" type="mark" timems="2.243" contextid="639" timestamp="2019-07-02T23:04:51.246">
  <trace-info objectcount="72421" scancount="64846" scanbytes="2428940" />
  <finalization candidates="124" enqueued="0" />
  <ownableSynchronizers candidates="3" cleared="0" />
  <references type="soft" candidates="84" cleared="0" enqueued="0" dynamicThreshold="19" maxThreshold="32" />
  <references type="weak" candidates="774" cleared="0" enqueued="0" />
  <references type="phantom" candidates="63" cleared="0" enqueued="0" />
  <stringconstants candidates="4574" cleared="0"  />
</gc-op>
<gc-op id="643" type="sweep" timems="0.770" contextid="639" timestamp="2019-07-02T23:04:51.247" />
<heap-resize id="644" type="expand" space="tenure" amount="1048576" count="1" timems="0.037" reason="excessive time being spent in gc" timestamp="2019-07-02T23:04:51.247" />
<gc-end id="645" type="global" contextid="639" durationms="3.587" usertimems="4.000" systemtimems="0.000" timestamp="2019-07-02T23:04:51.247" activeThreads="4">
  <mem-info id="646" free="10513344" total="16973824" percent="61">
    <mem type="tenure" free="10513344" total="16973824" percent="61" micro-fragmented="190757" macro-fragmented="0">
      <mem type="soa" free="10344384" total="16804864" percent="61" />
      <mem type="loa" free="168960" total="168960" percent="100" />
    </mem>
  </mem-info>
</gc-end>
<cycle-end id="647" type="global" contextid="639" timestamp="2019-07-02T23:04:51.247">
  <attribute name="GC Util" value="234" />
  <attribute name="CPU Util" value="7893718544006" />
  <attribute name="Time Running"value="1881"/>
  <attribute name="Number of cores"value="4"/>
</cycle-end>
<allocation-satisfied id="648" threadId="0000000001134900" bytesRequested="40" />
<af-end id="649" timestamp="2019-07-02T23:04:51.247" threadId="0000000001135288" success="true" />
<exclusive-end id="650" timestamp="2019-07-02T23:04:51.247" durationms="4.277" />

<exclusive-start id="651" timestamp="2019-07-02T23:04:51.254" intervalms="11.326">
  <response-info timems="0.056" idlems="0.056" threads="0" lastid="0000000001134900" lastname="Thread-7" />
</exclusive-start>
<af-start id="652" threadId="0000000001135288" totalBytesRequested="40" timestamp="2019-07-02T23:04:51.254" intervalms="11.324" />
<cycle-start id="653" type="global" contextid="0" timestamp="2019-07-02T23:04:51.255" intervalms="11.325" />
  <attribute name="GC Util" value="234" />
  <attribute name="CPU Util" value="7893718544006" />
  <attribute name="Time Running"value="1881"/>
  <attribute name="Number of cores"value="4"/>
<gc-start id="654" type="global" contextid="653" timestamp="2019-07-02T23:04:51.255">
  <mem-info id="655" free="168960" total="16973824" percent="0">
    <mem type="tenure" free="168960" total="16973824" percent="0">
      <mem type="soa" free="0" total="16804864" percent="0" />
      <mem type="loa" free="168960" total="168960" percent="100" />
    </mem>
  </mem-info>
</gc-start>
<allocation-stats totalBytes="10327424" >
  <allocated-bytes non-tlh="19056" tlh="10308368" />
  <largest-consumer threadName="Thread-8" threadId="000000000112D100" bytes="3657608" />
</allocation-stats>
<gc-op id="656" type="mark" timems="2.079" contextid="653" timestamp="2019-07-02T23:04:51.257">
  <trace-info objectcount="72447" scancount="64869" scanbytes="2429596" />
  <finalization candidates="124" enqueued="0" />
  <ownableSynchronizers candidates="3" cleared="0" />
  <references type="soft" candidates="84" cleared="0" enqueued="0" dynamicThreshold="19" maxThreshold="32" />
  <references type="weak" candidates="774" cleared="0" enqueued="0" />
  <references type="phantom" candidates="63" cleared="0" enqueued="0" />
  <stringconstants candidates="4574" cleared="0"  />
</gc-op>
<gc-op id="657" type="sweep" timems="0.798" contextid="653" timestamp="2019-07-02T23:04:51.258" />
<gc-end id="658" type="global" contextid="653" durationms="3.314" usertimems="8.000" systemtimems="0.000" timestamp="2019-07-02T23:04:51.258" activeThreads="4">
  <mem-info id="659" free="10671344" total="16973824" percent="62">
    <mem type="tenure" free="10671344" total="16973824" percent="62" micro-fragmented="184517" macro-fragmented="0">
      <mem type="soa" free="10502384" total="16804864" percent="62" />
      <mem type="loa" free="168960" total="168960" percent="100" />
    </mem>
  </mem-info>
</gc-end>
<cycle-end id="660" type="global" contextid="653" timestamp="2019-07-02T23:04:51.258">
  <attribute name="GC Util" value="253" />
  <attribute name="CPU Util" value="8605983092826" />
  <attribute name="Time Running"value="1892"/>
  <attribute name="Number of cores"value="4"/>
</cycle-end>
<allocation-satisfied id="661" threadId="0000000001134900" bytesRequested="40" />
<af-end id="662" timestamp="2019-07-02T23:04:51.258" threadId="0000000001135288" success="true" />
<exclusive-end id="663" timestamp="2019-07-02T23:04:51.259" durationms="4.225" />

<exclusive-start id="664" timestamp="2019-07-02T23:04:51.267" intervalms="12.856">
  <response-info timems="0.069" idlems="0.037" threads="1" lastid="0000000001129500" lastname="Thread-10" />
</exclusive-start>
<af-start id="665" threadId="0000000001131688" totalBytesRequested="40" timestamp="2019-07-02T23:04:51.267" intervalms="12.880" />
<cycle-start id="666" type="global" contextid="0" timestamp="2019-07-02T23:04:51.268" intervalms="12.918" />
  <attribute name="GC Util" value="253" />
  <attribute name="CPU Util" value="8605983092826" />
  <attribute name="Time Running"value="1892"/>
  <attribute name="Number of cores"value="4"/>
<gc-start id="667" type="global" contextid="666" timestamp="2019-07-02T23:04:51.268">
  <mem-info id="668" free="168960" total="16973824" percent="0">
    <mem type="tenure" free="168960" total="16973824" percent="0">
      <mem type="soa" free="0" total="16804864" percent="0" />
      <mem type="loa" free="168960" total="168960" percent="100" />
    </mem>
  </mem-info>
</gc-start>
<allocation-stats totalBytes="10484416" >
  <allocated-bytes non-tlh="19056" tlh="10465360" />
  <largest-consumer threadName="Thread-8" threadId="000000000112D100" bytes="4395120" />
</allocation-stats>
<gc-op id="669" type="mark" timems="1.158" contextid="666" timestamp="2019-07-02T23:04:51.269">
  <trace-info objectcount="69591" scancount="62021" scanbytes="2361020" />
  <finalization candidates="124" enqueued="0" />
  <ownableSynchronizers candidates="3" cleared="0" />
  <references type="soft" candidates="84" cleared="0" enqueued="0" dynamicThreshold="20" maxThreshold="32" />
  <references type="weak" candidates="774" cleared="0" enqueued="0" />
  <references type="phantom" candidates="63" cleared="0" enqueued="0" />
  <stringconstants candidates="4574" cleared="0"  />
</gc-op>
<gc-op id="670" type="sweep" timems="0.412" contextid="666" timestamp="2019-07-02T23:04:51.270" />
<gc-end id="671" type="global" contextid="666" durationms="2.070" usertimems="4.000" systemtimems="0.000" timestamp="2019-07-02T23:04:51.270" activeThreads="4">
  <mem-info id="672" free="10831584" total="16973824" percent="63">
    <mem type="tenure" free="10831584" total="16973824" percent="63" micro-fragmented="54272" macro-fragmented="0">
      <mem type="soa" free="10662624" total="16804864" percent="63" />
      <mem type="loa" free="168960" total="168960" percent="100" />
    </mem>
  </mem-info>
</gc-end>
<cycle-end id="673" type="global" contextid="666" timestamp="2019-07-02T23:04:51.270">
  <attribute name="GC Util" value="216" />
  <attribute name="CPU Util" value="14768394727873" />
  <attribute name="Time Running"value="1904"/>
  <attribute name="Number of cores"value="4"/>
</cycle-end>
<allocation-satisfied id="674" threadId="0000000001130D00" bytesRequested="40" />
<af-end id="675" timestamp="2019-07-02T23:04:51.270" threadId="0000000001131688" success="true" />
<exclusive-end id="676" timestamp="2019-07-02T23:04:51.270" durationms="2.945" />

<exclusive-start id="677" timestamp="2019-07-02T23:04:51.279" intervalms="11.511">
  <response-info timems="0.060" idlems="0.060" threads="0" lastid="000000000112D100" lastname="Thread-8" />
</exclusive-start>
<af-start id="678" threadId="000000000112DA88" totalBytesRequested="40" timestamp="2019-07-02T23:04:51.279" intervalms="11.503" />
<cycle-start id="679" type="global" contextid="0" timestamp="2019-07-02T23:04:51.279" intervalms="11.477" />
  <attribute name="GC Util" value="216" />
  <attribute name="CPU Util" value="14768394727873" />
  <attribute name="Time Running"value="1904"/>
  <attribute name="Number of cores"value="4"/>
<gc-start id="680" type="global" contextid="679" timestamp="2019-07-02T23:04:51.279">
  <mem-info id="681" free="168960" total="16973824" percent="0">
    <mem type="tenure" free="168960" total="16973824" percent="0">
      <mem type="soa" free="0" total="16804864" percent="0" />
      <mem type="loa" free="168960" total="168960" percent="100" />
    </mem>
  </mem-info>
</gc-start>
<allocation-stats totalBytes="10647576" >
  <allocated-bytes non-tlh="23160" tlh="10624416" />
  <largest-consumer threadName="Thread-7" threadId="0000000001134900" bytes="3802624" />
</allocation-stats>
<gc-op id="682" type="mark" timems="2.087" contextid="679" timestamp="2019-07-02T23:04:51.281">
  <trace-info objectcount="69336" scancount="61762" scanbytes="2354644" />
  <finalization candidates="124" enqueued="0" />
  <ownableSynchronizers candidates="3" cleared="0" />
  <references type="soft" candidates="84" cleared="0" enqueued="0" dynamicThreshold="20" maxThreshold="32" />
  <references type="weak" candidates="774" cleared="0" enqueued="0" />
  <references type="phantom" candidates="63" cleared="0" enqueued="0" />
  <stringconstants candidates="4574" cleared="0"  />
</gc-op>
<gc-op id="683" type="sweep" timems="0.757" contextid="679" timestamp="2019-07-02T23:04:51.282" />
<heap-resize id="684" type="contract" space="tenure" amount="131072" count="1" timems="0.031" reason="excess free space following gc" timestamp="2019-07-02T23:04:51.282" />
<gc-end id="685" type="global" contextid="679" durationms="3.457" usertimems="8.000" systemtimems="0.000" timestamp="2019-07-02T23:04:51.283" activeThreads="4">
  <mem-info id="686" free="10427824" total="16842752" percent="61">
    <mem type="tenure" free="10427824" total="16842752" percent="61" micro-fragmented="155762" macro-fragmented="0">
      <mem type="soa" free="10353384" total="16674816" percent="62" />
      <mem type="loa" free="74440" total="167936" percent="44" />
    </mem>
  </mem-info>
</gc-end>
<cycle-end id="687" type="global" contextid="679" timestamp="2019-07-02T23:04:51.283">
  <attribute name="GC Util" value="254" />
  <attribute name="CPU Util" value="8455731147674" />
  <attribute name="Time Running"value="1917"/>
  <attribute name="Number of cores"value="4"/>
</cycle-end>
<allocation-satisfied id="688" threadId="000000000112D100" bytesRequested="40" />
<af-end id="689" timestamp="2019-07-02T23:04:51.283" threadId="000000000112DA88" success="true" />
<exclusive-end id="690" timestamp="2019-07-02T23:04:51.283" durationms="4.298" />

<exclusive-start id="691" timestamp="2019-07-02T23:04:51.291" intervalms="11.977">
  <response-info timems="0.056" idlems="0.056" threads="0" lastid="0000000001134900" lastname="Thread-7" />
</exclusive-start>
<af-start id="692" threadId="0000000001135288" totalBytesRequested="40" timestamp="2019-07-02T23:04:51.291" intervalms="11.964" />
<cycle-start id="693" type="global" contextid="0" timestamp="2019-07-02T23:04:51.291" intervalms="11.963" />
  <attribute name="GC Util" value="254" />
  <attribute name="CPU Util" value="8455731147674" />
  <attribute name="Time Running"value="1917"/>
  <attribute name="Number of cores"value="4"/>
<gc-start id="694" type="global" contextid="693" timestamp="2019-07-02T23:04:51.291">
  <mem-info id="695" free="74440" total="16842752" percent="0">
    <mem type="tenure" free="74440" total="16842752" percent="0">
      <mem type="soa" free="0" total="16674816" percent="0" />
      <mem type="loa" free="74440" total="167936" percent="44" />
    </mem>
  </mem-info>
</gc-start>
<allocation-stats totalBytes="10404016" >
  <allocated-bytes non-tlh="23160" tlh="10380856" />
  <largest-consumer threadName="Thread-7" threadId="0000000001134900" bytes="3588240" />
</allocation-stats>
<gc-op id="696" type="mark" timems="2.301" contextid="693" timestamp="2019-07-02T23:04:51.294">
  <trace-info objectcount="68184" scancount="60611" scanbytes="2327124" />
  <finalization candidates="124" enqueued="0" />
  <ownableSynchronizers candidates="3" cleared="0" />
  <references type="soft" candidates="84" cleared="0" enqueued="0" dynamicThreshold="19" maxThreshold="32" />
  <references type="weak" candidates="774" cleared="0" enqueued="0" />
  <references type="phantom" candidates="63" cleared="0" enqueued="0" />
  <stringconstants candidates="4574" cleared="0"  />
</gc-op>
<gc-op id="697" type="sweep" timems="0.774" contextid="693" timestamp="2019-07-02T23:04:51.295" />
<heap-resize id="698" type="contract" space="tenure" amount="131072" count="1" timems="0.104" reason="excess free space following gc" timestamp="2019-07-02T23:04:51.295" />
<gc-end id="699" type="global" contextid="693" durationms="3.838" usertimems="4.000" systemtimems="4.000" timestamp="2019-07-02T23:04:51.295" activeThreads="4">
  <mem-info id="700" free="10350784" total="16711680" percent="61">
    <mem type="tenure" free="10350784" total="16711680" percent="61" micro-fragmented="137317" macro-fragmented="0">
      <mem type="soa" free="10350784" total="16544768" percent="62" />
      <mem type="loa" free="0" total="166912" percent="0" />
    </mem>
  </mem-info>
</gc-end>
<cycle-end id="701" type="global" contextid="693" timestamp="2019-07-02T23:04:51.295">
  <attribute name="GC Util" value="246" />
  <attribute name="CPU Util" value="7693115233111" />
  <attribute name="Time Running"value="1929"/>
  <attribute name="Number of cores"value="4"/>
</cycle-end>
<allocation-satisfied id="702" threadId="0000000001134900" bytesRequested="40" />
<af-end id="703" timestamp="2019-07-02T23:04:51.295" threadId="0000000001135288" success="true" />
<exclusive-end id="704" timestamp="2019-07-02T23:04:51.295" durationms="4.588" />

<exclusive-start id="705" timestamp="2019-07-02T23:04:51.304" intervalms="12.908">
  <response-info timems="0.029" idlems="0.017" threads="1" lastid="0000000001130D00" lastname="Thread-9" />
</exclusive-start>
<af-start id="706" threadId="0000000001129E88" totalBytesRequested="24" timestamp="2019-07-02T23:04:51.304" intervalms="12.915" />
<cycle-start id="707" type="global" contextid="0" timestamp="2019-07-02T23:04:51.304" intervalms="12.904" />
  <attribute name="GC Util" value="246" />
  <attribute name="CPU Util" value="7693115233111" />
  <attribute name="Time Running"value="1929"/>
  <attribute name="Number of cores"value="4"/>
<gc-start id="708" type="global" contextid="707" timestamp="2019-07-02T23:04:51.304">
  <mem-info id="709" free="0" total="16711680" percent="0">
    <mem type="tenure" free="0" total="16711680" percent="0">
      <mem type="soa" free="0" total="16544768" percent="0" />
      <mem type="loa" free="0" total="166912" percent="0" />
    </mem>
  </mem-info>
</gc-start>
<allocation-stats totalBytes="10352376" >
  <allocated-bytes non-tlh="38112" tlh="10314264" />
  <largest-consumer threadName="Thread-8" threadId="000000000112D100" bytes="3792800" />
</allocation-stats>
<gc-op id="710" type="mark" timems="1.161" contextid="707" timestamp="2019-07-02T23:04:51.305">
  <trace-info objectcount="61641" scancount="54064" scanbytes="2170556" />
  <finalization candidates="124" enqueued="0" />
  <ownableSynchronizers candidates="3" cleared="0" />
  <references type="soft" candidates="84" cleared="0" enqueued="0" dynamicThreshold="19" maxThreshold="32" />
  <references type="weak" candidates="774" cleared="0" enqueued="0" />
  <references type="phantom" candidates="63" cleared="0" enqueued="0" />
  <stringconstants candidates="4574" cleared="0"  />
</gc-op>
<gc-op id="711" type="sweep" timems="0.446" contextid="707" timestamp="2019-07-02T23:04:51.306" />
<mem-info id="712" free="11012000" total="16711680" percent="65">
  <mem type="tenure" free="11012000" total="16711680" percent="65" micro-fragmented="13069" macro-fragmented="0">
    <mem type="soa" free="10860112" total="16544768" percent="65" />
    <mem type="loa" free="151888" total="166912" percent="90" />
  </mem>
</mem-info>
<gc-op id="713" type="compact" timems="3.700" contextid="707" timestamp="2019-07-02T23:04:51.310">
  <compact-info movecount="21931" movebytes="1094064" reason="compact to aid heap contraction" />
</gc-op>
<heap-resize id="714" type="contract" space="tenure" amount="131072" count="1" timems="0.089" reason="excess free space following gc" timestamp="2019-07-02T23:04:51.310" />
<gc-end id="715" type="global" contextid="707" durationms="6.283" usertimems="12.000" systemtimems="0.000" timestamp="2019-07-02T23:04:51.310" activeThreads="4">
  <mem-info id="716" free="10839304" total="16580608" percent="65">
    <mem type="tenure" free="10839304" total="16580608" percent="65">
      <mem type="soa" free="10710280" total="16415744" percent="65" />
      <mem type="loa" free="129024" total="164864" percent="78" />
    </mem>
  </mem-info>
</gc-end>
<cycle-end id="717" type="global" contextid="707" timestamp="2019-07-02T23:04:51.310">
  <attribute name="GC Util" value="14" />
  <attribute name="CPU Util" value="26449523439366" />
  <attribute name="Time Running"value="1941"/>
  <attribute name="Number of cores"value="4"/>
</cycle-end>
<allocation-satisfied id="718" threadId="0000000001129500" bytesRequested="24" />
<af-end id="719" timestamp="2019-07-02T23:04:51.311" threadId="0000000001129E88" success="true" />
<exclusive-end id="720" timestamp="2019-07-02T23:04:51.311" durationms="7.174" />

<exclusive-start id="721" timestamp="2019-07-02T23:04:51.319" intervalms="15.197">
  <response-info timems="0.025" idlems="0.015" threads="1" lastid="0000000001130D00" lastname="Thread-9" />
</exclusive-start>
<af-start id="722" threadId="0000000001129E88" totalBytesRequested="40" timestamp="2019-07-02T23:04:51.319" intervalms="15.186" />
<cycle-start id="723" type="global" contextid="0" timestamp="2019-07-02T23:04:51.319" intervalms="15.184" />
  <attribute name="GC Util" value="14" />
  <attribute name="CPU Util" value="26449523439366" />
  <attribute name="Time Running"value="1941"/>
  <attribute name="Number of cores"value="4"/>
<gc-start id="724" type="global" contextid="723" timestamp="2019-07-02T23:04:51.319">
  <mem-info id="725" free="129024" total="16580608" percent="0">
    <mem type="tenure" free="129024" total="16580608" percent="0">
      <mem type="soa" free="0" total="16415744" percent="0" />
      <mem type="loa" free="129024" total="164864" percent="78" />
    </mem>
  </mem-info>
</gc-start>
<allocation-stats totalBytes="10774360" >
  <allocated-bytes non-tlh="0" tlh="10774360" />
  <largest-consumer threadName="Thread-7" threadId="0000000001134900" bytes="3505680" />
</allocation-stats>
<gc-op id="726" type="mark" timems="1.092" contextid="723" timestamp="2019-07-02T23:04:51.321">
  <trace-info objectcount="65832" scancount="58270" scanbytes="2271588" />
  <finalization candidates="124" enqueued="0" />
  <ownableSynchronizers candidates="3" cleared="0" />
  <references type="soft" candidates="84" cleared="0" enqueued="0" dynamicThreshold="20" maxThreshold="32" />
  <references type="weak" candidates="774" cleared="0" enqueued="0" />
  <references type="phantom" candidates="63" cleared="0" enqueued="0" />
  <stringconstants candidates="4574" cleared="0"  />
</gc-op>
<gc-op id="727" type="sweep" timems="0.311" contextid="723" timestamp="2019-07-02T23:04:51.321" />
<heap-resize id="728" type="contract" space="tenure" amount="131072" count="1" timems="0.054" reason="excess free space following gc" timestamp="2019-07-02T23:04:51.321" />
<gc-end id="729" type="global" contextid="723" durationms="2.110" usertimems="0.000" systemtimems="0.000" timestamp="2019-07-02T23:04:51.321" activeThreads="4">
  <mem-info id="730" free="10529744" total="16449536" percent="64">
    <mem type="tenure" free="10529744" total="16449536" percent="64" micro-fragmented="9230" macro-fragmented="0">
      <mem type="soa" free="10529744" total="16285696" percent="64" />
      <mem type="loa" free="0" total="163840" percent="0" />
    </mem>
  </mem-info>
</gc-end>
<cycle-end id="731" type="global" contextid="723" timestamp="2019-07-02T23:04:51.321">
  <attribute name="GC Util" value="201" />
  <attribute name="CPU Util" value="15494577646198" />
  <attribute name="Time Running"value="1956"/>
  <attribute name="Number of cores"value="4"/>
</cycle-end>
<allocation-satisfied id="732" threadId="0000000001129500" bytesRequested="40" />
<af-end id="733" timestamp="2019-07-02T23:04:51.322" threadId="0000000001129E88" success="true" />
<exclusive-end id="734" timestamp="2019-07-02T23:04:51.322" durationms="2.931" />

<exclusive-start id="735" timestamp="2019-07-02T23:04:51.330" intervalms="11.062">
  <response-info timems="0.024" idlems="0.014" threads="1" lastid="0000000001130D00" lastname="Thread-9" />
</exclusive-start>
<af-start id="736" threadId="0000000001129E88" totalBytesRequested="40" timestamp="2019-07-02T23:04:51.330" intervalms="11.069" />
<cycle-start id="737" type="global" contextid="0" timestamp="2019-07-02T23:04:51.330" intervalms="11.068" />
  <attribute name="GC Util" value="201" />
  <attribute name="CPU Util" value="15494577646198" />
  <attribute name="Time Running"value="1956"/>
  <attribute name="Number of cores"value="4"/>
<gc-start id="738" type="global" contextid="737" timestamp="2019-07-02T23:04:51.330">
  <mem-info id="739" free="0" total="16449536" percent="0">
    <mem type="tenure" free="0" total="16449536" percent="0">
      <mem type="soa" free="0" total="16285696" percent="0" />
      <mem type="loa" free="0" total="163840" percent="0" />
    </mem>
  </mem-info>
</gc-start>
<allocation-stats totalBytes="10522144" >
  <allocated-bytes non-tlh="0" tlh="10522144" />
  <largest-consumer threadName="Thread-7" threadId="0000000001134900" bytes="3480800" />
</allocation-stats>
<gc-op id="740" type="mark" timems="1.340" contextid="737" timestamp="2019-07-02T23:04:51.332">
  <trace-info objectcount="69627" scancount="62051" scanbytes="2361732" />
  <finalization candidates="124" enqueued="0" />
  <ownableSynchronizers candidates="3" cleared="0" />
  <references type="soft" candidates="84" cleared="0" enqueued="0" dynamicThreshold="20" maxThreshold="32" />
  <references type="weak" candidates="774" cleared="0" enqueued="0" />
  <references type="phantom" candidates="63" cleared="0" enqueued="0" />
  <stringconstants candidates="4574" cleared="0"  />
</gc-op>
<gc-op id="741" type="sweep" timems="0.299" contextid="737" timestamp="2019-07-02T23:04:51.332" />
<mem-info id="742" free="10486160" total="16449536" percent="63">
  <mem type="tenure" free="10486160" total="16449536" percent="63" micro-fragmented="31543" macro-fragmented="0">
    <mem type="soa" free="10403576" total="16285696" percent="63" />
    <mem type="loa" free="82584" total="163840" percent="50" />
  </mem>
</mem-info>
<gc-op id="743" type="compact" timems="3.722" contextid="737" timestamp="2019-07-02T23:04:51.336">
  <compact-info movecount="18833" movebytes="727360" reason="compact to aid heap contraction" />
</gc-op>
<heap-resize id="744" type="contract" space="tenure" amount="131072" count="1" timems="0.086" reason="excess free space following gc" timestamp="2019-07-02T23:04:51.336" />
<gc-end id="745" type="global" contextid="737" durationms="6.186" usertimems="8.000" systemtimems="0.000" timestamp="2019-07-02T23:04:51.336" activeThreads="4">
  <mem-info id="746" free="10389056" total="16318464" percent="63">
    <mem type="tenure" free="10389056" total="16318464" percent="63">
      <mem type="soa" free="10259008" total="16155648" percent="63" />
      <mem type="loa" free="130048" total="162816" percent="79" />
    </mem>
  </mem-info>
</gc-end>
<cycle-end id="747" type="global" contextid="737" timestamp="2019-07-02T23:04:51.337">
  <attribute name="GC Util" value="18" />
  <attribute name="CPU Util" value="39180201330779" />
  <attribute name="Time Running"value="1967"/>
  <attribute name="Number of cores"value="4"/>
</cycle-end>
<allocation-satisfied id="748" threadId="0000000001129500" bytesRequested="40" />
<af-end id="749" timestamp="2019-07-02T23:04:51.337" threadId="0000000001129E88" success="true" />
<exclusive-end id="750" timestamp="2019-07-02T23:04:51.337" durationms="6.979" />

<exclusive-start id="751" timestamp="2019-07-02T23:04:51.344" intervalms="14.423">
  <response-info timems="0.063" idlems="0.063" threads="0" lastid="0000000001134900" lastname="Thread-7" />
</exclusive-start>
<af-start id="752" threadId="0000000001135288" totalBytesRequested="40" timestamp="2019-07-02T23:04:51.344" intervalms="14.422" />
<cycle-start id="753" type="global" contextid="0" timestamp="2019-07-02T23:04:51.345" intervalms="14.423" />
  <attribute name="GC Util" value="18" />
  <attribute name="CPU Util" value="39180201330779" />
  <attribute name="Time Running"value="1967"/>
  <attribute name="Number of cores"value="4"/>
<gc-start id="754" type="global" contextid="753" timestamp="2019-07-02T23:04:51.345">
  <mem-info id="755" free="130048" total="16318464" percent="0">
    <mem type="tenure" free="130048" total="16318464" percent="0">
      <mem type="soa" free="0" total="16155648" percent="0" />
      <mem type="loa" free="130048" total="162816" percent="79" />
    </mem>
  </mem-info>
</gc-start>
<allocation-stats totalBytes="10323256" >
  <allocated-bytes non-tlh="0" tlh="10323256" />
  <largest-consumer threadName="Thread-8" threadId="000000000112D100" bytes="3812944" />
</allocation-stats>
<gc-op id="756" type="mark" timems="1.891" contextid="753" timestamp="2019-07-02T23:04:51.347">
  <trace-info objectcount="68638" scancount="61077" scanbytes="2338156" />
  <finalization candidates="124" enqueued="0" />
  <ownableSynchronizers candidates="3" cleared="0" />
  <references type="soft" candidates="84" cleared="0" enqueued="0" dynamicThreshold="20" maxThreshold="32" />
  <references type="weak" candidates="774" cleared="0" enqueued="0" />
  <references type="phantom" candidates="63" cleared="0" enqueued="0" />
  <stringconstants candidates="4574" cleared="0"  />
</gc-op>
<gc-op id="757" type="sweep" timems="0.736" contextid="753" timestamp="2019-07-02T23:04:51.348" />
<heap-resize id="758" type="contract" space="tenure" amount="131072" count="1" timems="0.099" reason="excess free space following gc" timestamp="2019-07-02T23:04:51.348" />
<gc-end id="759" type="global" contextid="753" durationms="3.322" usertimems="8.000" systemtimems="0.000" timestamp="2019-07-02T23:04:51.348" activeThreads="4">
  <mem-info id="760" free="10060296" total="16187392" percent="62">
    <mem type="tenure" free="10060296" total="16187392" percent="62" micro-fragmented="63048" macro-fragmented="0">
      <mem type="soa" free="10060296" total="16025600" percent="62" />
      <mem type="loa" free="0" total="161792" percent="0" />
    </mem>
  </mem-info>
</gc-end>
<cycle-end id="761" type="global" contextid="753" timestamp="2019-07-02T23:04:51.348">
  <attribute name="GC Util" value="245" />
  <attribute name="CPU Util" value="9306079799767" />
  <attribute name="Time Running"value="1982"/>
  <attribute name="Number of cores"value="4"/>
</cycle-end>
<allocation-satisfied id="762" threadId="0000000001134900" bytesRequested="40" />
<af-end id="763" timestamp="2019-07-02T23:04:51.348" threadId="0000000001135288" success="true" />
<exclusive-end id="764" timestamp="2019-07-02T23:04:51.348" durationms="4.031" />

<exclusive-start id="765" timestamp="2019-07-02T23:04:51.356" intervalms="11.281">
  <response-info timems="0.025" idlems="0.014" threads="1" lastid="0000000001129500" lastname="Thread-10" />
</exclusive-start>
<af-start id="766" threadId="0000000001131688" totalBytesRequested="40" timestamp="2019-07-02T23:04:51.356" intervalms="11.287" />
<cycle-start id="767" type="global" contextid="0" timestamp="2019-07-02T23:04:51.356" intervalms="11.285" />
  <attribute name="GC Util" value="245" />
  <attribute name="CPU Util" value="9306079799767" />
  <attribute name="Time Running"value="1982"/>
  <attribute name="Number of cores"value="4"/>
<gc-start id="768" type="global" contextid="767" timestamp="2019-07-02T23:04:51.356">
  <mem-info id="769" free="0" total="16187392" percent="0">
    <mem type="tenure" free="0" total="16187392" percent="0">
      <mem type="soa" free="0" total="16025600" percent="0" />
      <mem type="loa" free="0" total="161792" percent="0" />
    </mem>
  </mem-info>
</gc-start>
<allocation-stats totalBytes="10116320" >
  <allocated-bytes non-tlh="0" tlh="10116320" />
  <largest-consumer threadName="Thread-8" threadId="000000000112D100" bytes="3513040" />
</allocation-stats>
<gc-op id="770" type="mark" timems="1.065" contextid="767" timestamp="2019-07-02T23:04:51.357">
  <trace-info objectcount="66877" scancount="59304" scanbytes="2296164" />
  <finalization candidates="124" enqueued="0" />
  <ownableSynchronizers candidates="3" cleared="0" />
  <references type="soft" candidates="84" cleared="0" enqueued="0" dynamicThreshold="19" maxThreshold="32" />
  <references type="weak" candidates="774" cleared="0" enqueued="0" />
  <references type="phantom" candidates="63" cleared="0" enqueued="0" />
  <stringconstants candidates="4574" cleared="0"  />
</gc-op>
<gc-op id="771" type="sweep" timems="0.320" contextid="767" timestamp="2019-07-02T23:04:51.358" />
<mem-info id="772" free="10132528" total="16187392" percent="62">
  <mem type="tenure" free="10132528" total="16187392" percent="62" micro-fragmented="57678" macro-fragmented="0">
    <mem type="soa" free="10132528" total="16025600" percent="63" />
    <mem type="loa" free="0" total="161792" percent="0" />
  </mem>
</mem-info>
<gc-op id="773" type="compact" timems="4.367" contextid="767" timestamp="2019-07-02T23:04:51.362">
  <compact-info movecount="26899" movebytes="1196128" reason="compact to aid heap contraction" />
</gc-op>
<heap-resize id="774" type="contract" space="tenure" amount="131072" count="1" timems="0.090" reason="excess free space following gc" timestamp="2019-07-02T23:04:51.363" />
<gc-end id="775" type="global" contextid="767" durationms="6.732" usertimems="12.000" systemtimems="0.000" timestamp="2019-07-02T23:04:51.363" activeThreads="4">
  <mem-info id="776" free="10194528" total="16056320" percent="63">
    <mem type="tenure" free="10194528" total="16056320" percent="63">
      <mem type="soa" free="10065504" total="15896576" percent="63" />
      <mem type="loa" free="129024" total="159744" percent="80" />
    </mem>
  </mem-info>
</gc-end>
<cycle-end id="777" type="global" contextid="767" timestamp="2019-07-02T23:04:51.363">
  <attribute name="GC Util" value="16" />
  <attribute name="CPU Util" value="32247241069495" />
  <attribute name="Time Running"value="1993"/>
  <attribute name="Number of cores"value="4"/>
</cycle-end>
<allocation-satisfied id="778" threadId="0000000001130D00" bytesRequested="40" />
<af-end id="779" timestamp="2019-07-02T23:04:51.363" threadId="0000000001131688" success="true" />
<exclusive-end id="780" timestamp="2019-07-02T23:04:51.363" durationms="7.583" />

<exclusive-start id="781" timestamp="2019-07-02T23:04:51.375" intervalms="19.250">
  <response-info timems="0.028" idlems="0.016" threads="1" lastid="0000000001130D00" lastname="Thread-9" />
</exclusive-start>
<af-start id="782" threadId="0000000001129E88" totalBytesRequested="40" timestamp="2019-07-02T23:04:51.375" intervalms="19.205" />
<cycle-start id="783" type="global" contextid="0" timestamp="2019-07-02T23:04:51.375" intervalms="19.231" />
  <attribute name="GC Util" value="16" />
  <attribute name="CPU Util" value="32247241069495" />
  <attribute name="Time Running"value="1993"/>
  <attribute name="Number of cores"value="4"/>
<gc-start id="784" type="global" contextid="783" timestamp="2019-07-02T23:04:51.375">
  <mem-info id="785" free="129024" total="16056320" percent="0">
    <mem type="tenure" free="129024" total="16056320" percent="0">
      <mem type="soa" free="0" total="15896576" percent="0" />
      <mem type="loa" free="129024" total="159744" percent="80" />
    </mem>
  </mem-info>
</gc-start>
<allocation-stats totalBytes="10129816" >
  <allocated-bytes non-tlh="0" tlh="10129816" />
  <largest-consumer threadName="Thread-10" threadId="0000000001129500" bytes="3636872" />
</allocation-stats>
<gc-op id="786" type="mark" timems="1.136" contextid="783" timestamp="2019-07-02T23:04:51.377">
  <trace-info objectcount="69467" scancount="61893" scanbytes="2358836" />
  <finalization candidates="124" enqueued="0" />
  <ownableSynchronizers candidates="3" cleared="0" />
  <references type="soft" candidates="84" cleared="0" enqueued="0" dynamicThreshold="20" maxThreshold="32" />
  <references type="weak" candidates="774" cleared="0" enqueued="0" />
  <references type="phantom" candidates="63" cleared="0" enqueued="0" />
  <stringconstants candidates="4574" cleared="0"  />
</gc-op>
<gc-op id="787" type="sweep" timems="0.283" contextid="783" timestamp="2019-07-02T23:04:51.377" />
<heap-resize id="788" type="contract" space="tenure" amount="131072" count="1" timems="0.048" reason="excess free space following gc" timestamp="2019-07-02T23:04:51.377" />
<gc-end id="789" type="global" contextid="783" durationms="2.157" usertimems="4.000" systemtimems="0.000" timestamp="2019-07-02T23:04:51.377" activeThreads="4">
  <mem-info id="790" free="9989920" total="15925248" percent="62">
    <mem type="tenure" free="9989920" total="15925248" percent="62" micro-fragmented="18439" macro-fragmented="0">
      <mem type="soa" free="9911832" total="15766528" percent="62" />
      <mem type="loa" free="78088" total="158720" percent="49" />
    </mem>
  </mem-info>
</gc-end>
<cycle-end id="791" type="global" contextid="783" timestamp="2019-07-02T23:04:51.377">
  <attribute name="GC Util" value="193" />
  <attribute name="CPU Util" value="14935352939569" />
  <attribute name="Time Running"value="2012"/>
  <attribute name="Number of cores"value="4"/>
</cycle-end>
<allocation-satisfied id="792" threadId="0000000001129500" bytesRequested="40" />
<af-end id="793" timestamp="2019-07-02T23:04:51.378" threadId="0000000001129E88" success="true" />
<exclusive-end id="794" timestamp="2019-07-02T23:04:51.378" durationms="2.850" />

<exclusive-start id="795" timestamp="2019-07-02T23:04:51.385" intervalms="10.127">
  <response-info timems="0.038" idlems="0.025" threads="2" lastid="0000000001129500" lastname="Thread-10" />
</exclusive-start>
<af-start id="796" threadId="0000000001131688" totalBytesRequested="40" timestamp="2019-07-02T23:04:51.385" intervalms="10.126" />
<cycle-start id="797" type="global" contextid="0" timestamp="2019-07-02T23:04:51.385" intervalms="10.011" />
  <attribute name="GC Util" value="193" />
  <attribute name="CPU Util" value="14935352939569" />
  <attribute name="Time Running"value="2012"/>
  <attribute name="Number of cores"value="4"/>
<gc-start id="798" type="global" contextid="797" timestamp="2019-07-02T23:04:51.385">
  <mem-info id="799" free="78088" total="15925248" percent="0">
    <mem type="tenure" free="78088" total="15925248" percent="0">
      <mem type="soa" free="0" total="15766528" percent="0" />
      <mem type="loa" free="78088" total="158720" percent="49" />
    </mem>
  </mem-info>
</gc-start>
<allocation-stats totalBytes="9905400" >
  <allocated-bytes non-tlh="19056" tlh="9886344" />
  <largest-consumer threadName="Thread-8" threadId="000000000112D100" bytes="3713984" />
</allocation-stats>
<gc-op id="800" type="mark" timems="1.249" contextid="797" timestamp="2019-07-02T23:04:51.387">
  <trace-info objectcount="66105" scancount="58520" scanbytes="2277636" />
  <finalization candidates="124" enqueued="0" />
  <ownableSynchronizers candidates="3" cleared="0" />
  <references type="soft" candidates="84" cleared="0" enqueued="0" dynamicThreshold="20" maxThreshold="32" />
  <references type="weak" candidates="774" cleared="0" enqueued="0" />
  <references type="phantom" candidates="63" cleared="0" enqueued="0" />
  <stringconstants candidates="4574" cleared="0"  />
</gc-op>
<gc-op id="801" type="sweep" timems="0.287" contextid="797" timestamp="2019-07-02T23:04:51.387" />
<heap-resize id="802" type="contract" space="tenure" amount="131072" count="1" timems="0.103" reason="excess free space following gc" timestamp="2019-07-02T23:04:51.387" />
<gc-end id="803" type="global" contextid="797" durationms="2.154" usertimems="4.000" systemtimems="0.000" timestamp="2019-07-02T23:04:51.387" activeThreads="4">
  <mem-info id="804" free="9793360" total="15794176" percent="62">
    <mem type="tenure" free="9793360" total="15794176" percent="62" micro-fragmented="62307" macro-fragmented="0">
      <mem type="soa" free="9793360" total="15636480" percent="62" />
      <mem type="loa" free="0" total="157696" percent="0" />
    </mem>
  </mem-info>
</gc-end>
<cycle-end id="805" type="global" contextid="797" timestamp="2019-07-02T23:04:51.388">
  <attribute name="GC Util" value="187" />
  <attribute name="CPU Util" value="13730139162134" />
  <attribute name="Time Running"value="2022"/>
  <attribute name="Number of cores"value="4"/>
</cycle-end>
<allocation-satisfied id="806" threadId="0000000001130D00" bytesRequested="40" />
<af-end id="807" timestamp="2019-07-02T23:04:51.388" threadId="0000000001131688" success="true" />
<exclusive-end id="808" timestamp="2019-07-02T23:04:51.388" durationms="2.854" />

<exclusive-start id="809" timestamp="2019-07-02T23:04:51.395" intervalms="9.978">
  <response-info timems="0.021" idlems="0.021" threads="0" lastid="000000000112D100" lastname="Thread-8" />
</exclusive-start>
<af-start id="810" threadId="000000000112DA88" totalBytesRequested="40" timestamp="2019-07-02T23:04:51.395" intervalms="10.041" />
<cycle-start id="811" type="global" contextid="0" timestamp="2019-07-02T23:04:51.395" intervalms="10.150" />
  <attribute name="GC Util" value="187" />
  <attribute name="CPU Util" value="13730139162134" />
  <attribute name="Time Running"value="2022"/>
  <attribute name="Number of cores"value="4"/>
<gc-start id="812" type="global" contextid="811" timestamp="2019-07-02T23:04:51.395">
  <mem-info id="813" free="0" total="15794176" percent="0">
    <mem type="tenure" free="0" total="15794176" percent="0">
      <mem type="soa" free="0" total="15636480" percent="0" />
      <mem type="loa" free="0" total="157696" percent="0" />
    </mem>
  </mem-info>
</gc-start>
<allocation-stats totalBytes="9781440" >
  <allocated-bytes non-tlh="0" tlh="9781440" />
  <largest-consumer threadName="Thread-8" threadId="000000000112D100" bytes="3371240" />
</allocation-stats>
<gc-op id="814" type="mark" timems="1.932" contextid="811" timestamp="2019-07-02T23:04:51.398">
  <trace-info objectcount="67803" scancount="60233" scanbytes="2318636" />
  <finalization candidates="124" enqueued="0" />
  <ownableSynchronizers candidates="3" cleared="0" />
  <references type="soft" candidates="84" cleared="0" enqueued="0" dynamicThreshold="19" maxThreshold="32" />
  <references type="weak" candidates="774" cleared="0" enqueued="0" />
  <references type="phantom" candidates="63" cleared="0" enqueued="0" />
  <stringconstants candidates="4574" cleared="0"  />
</gc-op>
<gc-op id="815" type="sweep" timems="0.766" contextid="811" timestamp="2019-07-02T23:04:51.398" />
<gc-end id="816" type="global" contextid="811" durationms="3.254" usertimems="4.000" systemtimems="0.000" timestamp="2019-07-02T23:04:51.399" activeThreads="4">
  <mem-info id="817" free="9681600" total="15794176" percent="61">
    <mem type="tenure" free="9681600" total="15794176" percent="61" micro-fragmented="65249" macro-fragmented="0">
      <mem type="soa" free="9681600" total="15636480" percent="61" />
      <mem type="loa" free="0" total="157696" percent="0" />
    </mem>
  </mem-info>
</gc-end>
<cycle-end id="818" type="global" contextid="811" timestamp="2019-07-02T23:04:51.399">
  <attribute name="GC Util" value="236" />
  <attribute name="CPU Util" value="8966029047650" />
  <attribute name="Time Running"value="2033"/>
  <attribute name="Number of cores"value="4"/>
</cycle-end>
<allocation-satisfied id="819" threadId="000000000112D100" bytesRequested="40" />
<af-end id="820" timestamp="2019-07-02T23:04:51.399" threadId="000000000112DA88" success="true" />
<exclusive-end id="821" timestamp="2019-07-02T23:04:51.399" durationms="4.117" />

<exclusive-start id="822" timestamp="2019-07-02T23:04:51.406" intervalms="10.851">
  <response-info timems="0.032" idlems="0.032" threads="0" lastid="000000000112D100" lastname="Thread-8" />
</exclusive-start>
<af-start id="823" threadId="000000000112DA88" totalBytesRequested="40" timestamp="2019-07-02T23:04:51.406" intervalms="10.831" />
<cycle-start id="824" type="global" contextid="0" timestamp="2019-07-02T23:04:51.406" intervalms="10.828" />
  <attribute name="GC Util" value="236" />
  <attribute name="CPU Util" value="8966029047650" />
  <attribute name="Time Running"value="2033"/>
  <attribute name="Number of cores"value="4"/>
<gc-start id="825" type="global" contextid="824" timestamp="2019-07-02T23:04:51.406">
  <mem-info id="826" free="0" total="15794176" percent="0">
    <mem type="tenure" free="0" total="15794176" percent="0">
      <mem type="soa" free="0" total="15636480" percent="0" />
      <mem type="loa" free="0" total="157696" percent="0" />
    </mem>
  </mem-info>
</gc-start>
<allocation-stats totalBytes="9662264" >
  <allocated-bytes non-tlh="19056" tlh="9643208" />
  <largest-consumer threadName="Thread-7" threadId="0000000001134900" bytes="3329192" />
</allocation-stats>
<gc-op id="827" type="mark" timems="2.234" contextid="824" timestamp="2019-07-02T23:04:51.409">
  <trace-info objectcount="65314" scancount="57742" scanbytes="2258884" />
  <finalization candidates="124" enqueued="0" />
  <ownableSynchronizers candidates="3" cleared="0" />
  <references type="soft" candidates="84" cleared="0" enqueued="0" dynamicThreshold="19" maxThreshold="32" />
  <references type="weak" candidates="774" cleared="0" enqueued="0" />
  <references type="phantom" candidates="63" cleared="0" enqueued="0" />
  <stringconstants candidates="4574" cleared="0"  />
</gc-op>
<gc-op id="828" type="sweep" timems="0.782" contextid="824" timestamp="2019-07-02T23:04:51.410" />
<mem-info id="829" free="9751816" total="15794176" percent="61">
  <mem type="tenure" free="9751816" total="15794176" percent="61" micro-fragmented="84507" macro-fragmented="0">
    <mem type="soa" free="9751816" total="15636480" percent="62" />
    <mem type="loa" free="0" total="157696" percent="0" />
  </mem>
</mem-info>
<gc-op id="830" type="compact" timems="5.425" contextid="824" timestamp="2019-07-02T23:04:51.415">
  <compact-info movecount="25575" movebytes="1164584" reason="compact to aid heap contraction" />
</gc-op>
<heap-resize id="831" type="contract" space="tenure" amount="131072" count="1" timems="0.089" reason="excess free space following gc" timestamp="2019-07-02T23:04:51.415" />
<gc-end id="832" type="global" contextid="824" durationms="9.492" usertimems="20.000" systemtimems="0.000" timestamp="2019-07-02T23:04:51.416" activeThreads="4">
  <mem-info id="833" free="9842688" total="15663104" percent="62">
    <mem type="tenure" free="9842688" total="15663104" percent="62">
      <mem type="soa" free="9713664" total="15507456" percent="62" />
      <mem type="loa" free="129024" total="155648" percent="82" />
    </mem>
  </mem-info>
</gc-end>
<cycle-end id="834" type="global" contextid="824" timestamp="2019-07-02T23:04:51.416">
  <attribute name="GC Util" value="148" />
  <attribute name="CPU Util" value="18106362517839" />
  <attribute name="Time Running"value="2045"/>
  <attribute name="Number of cores"value="4"/>
</cycle-end>
<allocation-satisfied id="835" threadId="000000000112D100" bytesRequested="40" />
<af-end id="836" timestamp="2019-07-02T23:04:51.416" threadId="000000000112DA88" success="true" />
<exclusive-end id="837" timestamp="2019-07-02T23:04:51.416" durationms="10.451" />

<exclusive-start id="838" timestamp="2019-07-02T23:04:51.423" intervalms="17.099">
  <response-info timems="0.029" idlems="0.016" threads="1" lastid="0000000001129500" lastname="Thread-10" />
</exclusive-start>
<af-start id="839" threadId="0000000001131688" totalBytesRequested="40" timestamp="2019-07-02T23:04:51.423" intervalms="17.106" />
<cycle-start id="840" type="global" contextid="0" timestamp="2019-07-02T23:04:51.423" intervalms="17.092" />
  <attribute name="GC Util" value="148" />
  <attribute name="CPU Util" value="18106362517839" />
  <attribute name="Time Running"value="2045"/>
  <attribute name="Number of cores"value="4"/>
<gc-start id="841" type="global" contextid="840" timestamp="2019-07-02T23:04:51.423">
  <mem-info id="842" free="129024" total="15663104" percent="0">
    <mem type="tenure" free="129024" total="15663104" percent="0">
      <mem type="soa" free="0" total="15507456" percent="0" />
      <mem type="loa" free="129024" total="155648" percent="82" />
    </mem>
  </mem-info>
</gc-start>
<allocation-stats totalBytes="9777808" >
  <allocated-bytes non-tlh="0" tlh="9777808" />
  <largest-consumer threadName="Thread-7" threadId="0000000001134900" bytes="3307168" />
</allocation-stats>
<gc-op id="843" type="mark" timems="1.193" contextid="840" timestamp="2019-07-02T23:04:51.425">
  <trace-info objectcount="67959" scancount="60393" scanbytes="2322396" />
  <finalization candidates="124" enqueued="0" />
  <ownableSynchronizers candidates="3" cleared="0" />
  <references type="soft" candidates="84" cleared="0" enqueued="0" dynamicThreshold="20" maxThreshold="32" />
  <references type="weak" candidates="774" cleared="0" enqueued="0" />
  <references type="phantom" candidates="63" cleared="0" enqueued="0" />
  <stringconstants candidates="4574" cleared="0"  />
</gc-op>
<gc-op id="844" type="sweep" timems="0.281" contextid="840" timestamp="2019-07-02T23:04:51.425" />
<heap-resize id="845" type="contract" space="tenure" amount="131072" count="1" timems="0.049" reason="excess free space following gc" timestamp="2019-07-02T23:04:51.425" />
<gc-end id="846" type="global" contextid="840" durationms="1.926" usertimems="0.000" systemtimems="0.000" timestamp="2019-07-02T23:04:51.425" activeThreads="4">
  <mem-info id="847" free="9565880" total="15532032" percent="61">
    <mem type="tenure" free="9565880" total="15532032" percent="61" micro-fragmented="12615" macro-fragmented="0">
      <mem type="soa" free="9565880" total="15377408" percent="62" />
      <mem type="loa" free="0" total="154624" percent="0" />
    </mem>
  </mem-info>
</gc-end>
<cycle-end id="848" type="global" contextid="840" timestamp="2019-07-02T23:04:51.425">
  <attribute name="GC Util" value="189" />
  <attribute name="CPU Util" value="14788178291680" />
  <attribute name="Time Running"value="2060"/>
  <attribute name="Number of cores"value="4"/>
</cycle-end>
<allocation-satisfied id="849" threadId="0000000001130D00" bytesRequested="40" />
<af-end id="850" timestamp="2019-07-02T23:04:51.426" threadId="0000000001131688" success="true" />
<exclusive-end id="851" timestamp="2019-07-02T23:04:51.426" durationms="2.774" />

<exclusive-start id="852" timestamp="2019-07-02T23:04:51.432" intervalms="9.395">
  <response-info timems="0.028" idlems="0.018" threads="2" lastid="0000000001129500" lastname="Thread-10" />
</exclusive-start>
<af-start id="853" threadId="0000000001131688" totalBytesRequested="40" timestamp="2019-07-02T23:04:51.432" intervalms="9.376" />
<cycle-start id="854" type="global" contextid="0" timestamp="2019-07-02T23:04:51.433" intervalms="9.379" />
  <attribute name="GC Util" value="189" />
  <attribute name="CPU Util" value="14788178291680" />
  <attribute name="Time Running"value="2060"/>
  <attribute name="Number of cores"value="4"/>
<gc-start id="855" type="global" contextid="854" timestamp="2019-07-02T23:04:51.433">
  <mem-info id="856" free="0" total="15532032" percent="0">
    <mem type="tenure" free="0" total="15532032" percent="0">
      <mem type="soa" free="0" total="15377408" percent="0" />
      <mem type="loa" free="0" total="154624" percent="0" />
    </mem>
  </mem-info>
</gc-start>
<allocation-stats totalBytes="9559928" >
  <allocated-bytes non-tlh="0" tlh="9559928" />
  <largest-consumer threadName="Thread-7" threadId="0000000001134900" bytes="3213440" />
</allocation-stats>
<gc-op id="857" type="mark" timems="1.146" contextid="854" timestamp="2019-07-02T23:04:51.434">
  <trace-info objectcount="70697" scancount="63122" scanbytes="2387988" />
  <finalization candidates="124" enqueued="0" />
  <ownableSynchronizers candidates="3" cleared="0" />
  <references type="soft" candidates="84" cleared="0" enqueued="0" dynamicThreshold="19" maxThreshold="32" />
  <references type="weak" candidates="774" cleared="0" enqueued="0" />
  <references type="phantom" candidates="63" cleared="0" enqueued="0" />
  <stringconstants candidates="4574" cleared="0"  />
</gc-op>
<gc-op id="858" type="sweep" timems="0.361" contextid="854" timestamp="2019-07-02T23:04:51.434" />
<gc-end id="859" type="global" contextid="854" durationms="1.947" usertimems="4.000" systemtimems="0.000" timestamp="2019-07-02T23:04:51.435" activeThreads="4">
  <mem-info id="860" free="9519696" total="15532032" percent="61">
    <mem type="tenure" free="9519696" total="15532032" percent="61" micro-fragmented="35443" macro-fragmented="0">
      <mem type="soa" free="9450328" total="15377408" percent="61" />
      <mem type="loa" free="69368" total="154624" percent="44" />
    </mem>
  </mem-info>
</gc-end>
<cycle-end id="861" type="global" contextid="854" timestamp="2019-07-02T23:04:51.435">
  <attribute name="GC Util" value="200" />
  <attribute name="CPU Util" value="14779268538475" />
  <attribute name="Time Running"value="2069"/>
  <attribute name="Number of cores"value="4"/>
</cycle-end>
<allocation-satisfied id="862" threadId="0000000001130D00" bytesRequested="40" />
<af-end id="863" timestamp="2019-07-02T23:04:51.435" threadId="0000000001131688" success="true" />
<exclusive-end id="864" timestamp="2019-07-02T23:04:51.435" durationms="2.783" />

<exclusive-start id="865" timestamp="2019-07-02T23:04:51.442" intervalms="9.391">
  <response-info timems="0.033" idlems="0.018" threads="1" lastid="0000000001129500" lastname="Thread-10" />
</exclusive-start>
<af-start id="866" threadId="0000000001131688" totalBytesRequested="24" timestamp="2019-07-02T23:04:51.442" intervalms="9.410" />
<cycle-start id="867" type="global" contextid="0" timestamp="2019-07-02T23:04:51.442" intervalms="9.429" />
  <attribute name="GC Util" value="200" />
  <attribute name="CPU Util" value="14779268538475" />
  <attribute name="Time Running"value="2069"/>
  <attribute name="Number of cores"value="4"/>
<gc-start id="868" type="global" contextid="867" timestamp="2019-07-02T23:04:51.442">
  <mem-info id="869" free="69368" total="15532032" percent="0">
    <mem type="tenure" free="69368" total="15532032" percent="0">
      <mem type="soa" free="0" total="15377408" percent="0" />
      <mem type="loa" free="69368" total="154624" percent="44" />
    </mem>
  </mem-info>
</gc-start>
<allocation-stats totalBytes="9437032" >
  <allocated-bytes non-tlh="19056" tlh="9417976" />
  <largest-consumer threadName="Thread-7" threadId="0000000001134900" bytes="3443160" />
</allocation-stats>
<gc-op id="870" type="mark" timems="1.098" contextid="867" timestamp="2019-07-02T23:04:51.443">
  <trace-info objectcount="68261" scancount="60683" scanbytes="2329108" />
  <finalization candidates="124" enqueued="0" />
  <ownableSynchronizers candidates="3" cleared="0" />
  <references type="soft" candidates="84" cleared="0" enqueued="0" dynamicThreshold="19" maxThreshold="32" />
  <references type="weak" candidates="774" cleared="0" enqueued="0" />
  <references type="phantom" candidates="63" cleared="0" enqueued="0" />
  <stringconstants candidates="4574" cleared="0"  />
</gc-op>
<gc-op id="871" type="sweep" timems="0.287" contextid="867" timestamp="2019-07-02T23:04:51.444" />
<heap-resize id="872" type="contract" space="tenure" amount="65536" count="1" timems="0.103" reason="excess free space following gc" timestamp="2019-07-02T23:04:51.444" />
<gc-end id="873" type="global" contextid="867" durationms="2.159" usertimems="4.000" systemtimems="0.000" timestamp="2019-07-02T23:04:51.444" activeThreads="4">
  <mem-info id="874" free="9383328" total="15466496" percent="60">
    <mem type="tenure" free="9383328" total="15466496" percent="60" micro-fragmented="13126" macro-fragmented="0">
      <mem type="soa" free="9383328" total="15311872" percent="61" />
      <mem type="loa" free="0" total="154624" percent="0" />
    </mem>
  </mem-info>
</gc-end>
<cycle-end id="875" type="global" contextid="867" timestamp="2019-07-02T23:04:51.444">
  <attribute name="GC Util" value="197" />
  <attribute name="CPU Util" value="15383401193964" />
  <attribute name="Time Running"value="2079"/>
  <attribute name="Number of cores"value="4"/>
</cycle-end>
<allocation-satisfied id="876" threadId="0000000001130D00" bytesRequested="24" />
<af-end id="877" timestamp="2019-07-02T23:04:51.445" threadId="0000000001131688" success="true" />
<exclusive-end id="878" timestamp="2019-07-02T23:04:51.445" durationms="2.982" />

<exclusive-start id="879" timestamp="2019-07-02T23:04:51.451" intervalms="9.664">
  <response-info timems="0.021" idlems="0.021" threads="0" lastid="0000000001134900" lastname="Thread-7" />
</exclusive-start>
<af-start id="880" threadId="0000000001135288" totalBytesRequested="40" timestamp="2019-07-02T23:04:51.451" intervalms="9.688" />
<cycle-start id="881" type="global" contextid="0" timestamp="2019-07-02T23:04:51.452" intervalms="9.672" />
  <attribute name="GC Util" value="197" />
  <attribute name="CPU Util" value="15383401193964" />
  <attribute name="Time Running"value="2079"/>
  <attribute name="Number of cores"value="4"/>
<gc-start id="882" type="global" contextid="881" timestamp="2019-07-02T23:04:51.452">
  <mem-info id="883" free="0" total="15466496" percent="0">
    <mem type="tenure" free="0" total="15466496" percent="0">
      <mem type="soa" free="0" total="15311872" percent="0" />
      <mem type="loa" free="0" total="154624" percent="0" />
    </mem>
  </mem-info>
</gc-start>
<allocation-stats totalBytes="9384768" >
  <allocated-bytes non-tlh="0" tlh="9384768" />
  <largest-consumer threadName="Thread-7" threadId="0000000001134900" bytes="3297664" />
</allocation-stats>
<gc-op id="884" type="mark" timems="1.866" contextid="881" timestamp="2019-07-02T23:04:51.454">
  <trace-info objectcount="71131" scancount="63554" scanbytes="2398748" />
  <finalization candidates="124" enqueued="0" />
  <ownableSynchronizers candidates="3" cleared="0" />
  <references type="soft" candidates="84" cleared="0" enqueued="0" dynamicThreshold="19" maxThreshold="32" />
  <references type="weak" candidates="774" cleared="0" enqueued="0" />
  <references type="phantom" candidates="63" cleared="0" enqueued="0" />
  <stringconstants candidates="4574" cleared="0"  />
</gc-op>
<gc-op id="885" type="sweep" timems="0.790" contextid="881" timestamp="2019-07-02T23:04:51.455" />
<heap-resize id="886" type="expand" space="tenure" amount="1048576" count="1" timems="0.040" reason="excessive time being spent in gc" timestamp="2019-07-02T23:04:51.455" />
<gc-end id="887" type="global" contextid="881" durationms="3.298" usertimems="8.000" systemtimems="0.000" timestamp="2019-07-02T23:04:51.455" activeThreads="4">
  <mem-info id="888" free="10285296" total="16515072" percent="62">
    <mem type="tenure" free="10285296" total="16515072" percent="62" micro-fragmented="98907" macro-fragmented="0">
      <mem type="soa" free="10120432" total="16350208" percent="61" />
      <mem type="loa" free="164864" total="164864" percent="100" />
    </mem>
  </mem-info>
</gc-end>
<cycle-end id="889" type="global" contextid="881" timestamp="2019-07-02T23:04:51.455">
  <attribute name="GC Util" value="230" />
  <attribute name="CPU Util" value="9415509608995" />
  <attribute name="Time Running"value="2089"/>
  <attribute name="Number of cores"value="4"/>
</cycle-end>
<allocation-satisfied id="890" threadId="0000000001134900" bytesRequested="40" />
<af-end id="891" timestamp="2019-07-02T23:04:51.455" threadId="0000000001135288" success="true" />
<exclusive-end id="892" timestamp="2019-07-02T23:04:51.456" durationms="4.236" />

<exclusive-start id="893" timestamp="2019-07-02T23:04:51.463" intervalms="11.486">
  <response-info timems="0.063" idlems="0.033" threads="1" lastid="0000000001130D00" lastname="Thread-9" />
</exclusive-start>
<af-start id="894" threadId="0000000001129E88" totalBytesRequested="40" timestamp="2019-07-02T23:04:51.463" intervalms="11.444" />
<cycle-start id="895" type="global" contextid="0" timestamp="2019-07-02T23:04:51.463" intervalms="11.437" />
  <attribute name="GC Util" value="230" />
  <attribute name="CPU Util" value="9415509608995" />
  <attribute name="Time Running"value="2089"/>
  <attribute name="Number of cores"value="4"/>
<gc-start id="896" type="global" contextid="895" timestamp="2019-07-02T23:04:51.463">
  <mem-info id="897" free="164864" total="16515072" percent="0">
    <mem type="tenure" free="164864" total="16515072" percent="0">
      <mem type="soa" free="0" total="16350208" percent="0" />
      <mem type="loa" free="164864" total="164864" percent="100" />
    </mem>
  </mem-info>
</gc-start>
<allocation-stats totalBytes="10115096" >
  <allocated-bytes non-tlh="0" tlh="10115096" />
  <largest-consumer threadName="Thread-7" threadId="0000000001134900" bytes="3534056" />
</allocation-stats>
<gc-op id="898" type="mark" timems="1.205" contextid="895" timestamp="2019-07-02T23:04:51.465">
  <trace-info objectcount="75031" scancount="67438" scanbytes="2491420" />
  <finalization candidates="124" enqueued="0" />
  <ownableSynchronizers candidates="3" cleared="0" />
  <references type="soft" candidates="84" cleared="0" enqueued="0" dynamicThreshold="19" maxThreshold="32" />
  <references type="weak" candidates="774" cleared="0" enqueued="0" />
  <references type="phantom" candidates="63" cleared="0" enqueued="0" />
  <stringconstants candidates="4574" cleared="0"  />
</gc-op>
<gc-op id="899" type="sweep" timems="0.491" contextid="895" timestamp="2019-07-02T23:04:51.465" />
<gc-end id="900" type="global" contextid="895" durationms="2.162" usertimems="4.000" systemtimems="0.000" timestamp="2019-07-02T23:04:51.465" activeThreads="4">
  <mem-info id="901" free="10277864" total="16515072" percent="62">
    <mem type="tenure" free="10277864" total="16515072" percent="62" micro-fragmented="77165" macro-fragmented="0">
      <mem type="soa" free="10113000" total="16350208" percent="61" />
      <mem type="loa" free="164864" total="164864" percent="100" />
    </mem>
  </mem-info>
</gc-end>
<cycle-end id="902" type="global" contextid="895" timestamp="2019-07-02T23:04:51.466">
  <attribute name="GC Util" value="200" />
  <attribute name="CPU Util" value="14181196199267" />
  <attribute name="Time Running"value="2100"/>
  <attribute name="Number of cores"value="4"/>
</cycle-end>
<allocation-satisfied id="903" threadId="0000000001129500" bytesRequested="40" />
<af-end id="904" timestamp="2019-07-02T23:04:51.466" threadId="0000000001129E88" success="true" />
<exclusive-end id="905" timestamp="2019-07-02T23:04:51.466" durationms="3.009" />

<exclusive-start id="906" timestamp="2019-07-02T23:04:51.473" intervalms="10.155">
  <response-info timems="0.057" idlems="0.057" threads="0" lastid="0000000001134900" lastname="Thread-7" />
</exclusive-start>
<af-start id="907" threadId="0000000001135288" totalBytesRequested="40" timestamp="2019-07-02T23:04:51.473" intervalms="10.161" />
<cycle-start id="908" type="global" contextid="0" timestamp="2019-07-02T23:04:51.473" intervalms="10.164" />
  <attribute name="GC Util" value="200" />
  <attribute name="CPU Util" value="14181196199267" />
  <attribute name="Time Running"value="2100"/>
  <attribute name="Number of cores"value="4"/>
<gc-start id="909" type="global" contextid="908" timestamp="2019-07-02T23:04:51.473">
  <mem-info id="910" free="164864" total="16515072" percent="0">
    <mem type="tenure" free="164864" total="16515072" percent="0">
      <mem type="soa" free="0" total="16350208" percent="0" />
      <mem type="loa" free="164864" total="164864" percent="100" />
    </mem>
  </mem-info>
</gc-start>
<allocation-stats totalBytes="10092728" >
  <allocated-bytes non-tlh="19056" tlh="10073672" />
  <largest-consumer threadName="Thread-7" threadId="0000000001134900" bytes="3497224" />
</allocation-stats>
<gc-op id="911" type="mark" timems="2.071" contextid="908" timestamp="2019-07-02T23:04:51.476">
  <trace-info objectcount="71765" scancount="64207" scanbytes="2413412" />
  <finalization candidates="124" enqueued="0" />
  <ownableSynchronizers candidates="3" cleared="0" />
  <references type="soft" candidates="84" cleared="0" enqueued="0" dynamicThreshold="19" maxThreshold="32" />
  <references type="weak" candidates="774" cleared="0" enqueued="0" />
  <references type="phantom" candidates="63" cleared="0" enqueued="0" />
  <stringconstants candidates="4574" cleared="0"  />
</gc-op>
<gc-op id="912" type="sweep" timems="0.814" contextid="908" timestamp="2019-07-02T23:04:51.477" />
<gc-end id="913" type="global" contextid="908" durationms="3.390" usertimems="4.000" systemtimems="0.000" timestamp="2019-07-02T23:04:51.477" activeThreads="4">
  <mem-info id="914" free="10341448" total="16515072" percent="62">
    <mem type="tenure" free="10341448" total="16515072" percent="62" micro-fragmented="92360" macro-fragmented="0">
      <mem type="soa" free="10176584" total="16350208" percent="62" />
      <mem type="loa" free="164864" total="164864" percent="100" />
    </mem>
  </mem-info>
</gc-end>
<cycle-end id="915" type="global" contextid="908" timestamp="2019-07-02T23:04:51.477">
  <attribute name="GC Util" value="248" />
  <attribute name="CPU Util" value="8509933247356" />
  <attribute name="Time Running"value="2111"/>
  <attribute name="Number of cores"value="4"/>
</cycle-end>
<allocation-satisfied id="916" threadId="0000000001134900" bytesRequested="40" />
<af-end id="917" timestamp="2019-07-02T23:04:51.477" threadId="0000000001135288" success="true" />
<exclusive-end id="918" timestamp="2019-07-02T23:04:51.477" durationms="4.222" />

<exclusive-start id="919" timestamp="2019-07-02T23:04:51.485" intervalms="11.676">
  <response-info timems="0.059" idlems="0.059" threads="0" lastid="000000000112D100" lastname="Thread-8" />
</exclusive-start>
<af-start id="920" threadId="000000000112DA88" totalBytesRequested="40" timestamp="2019-07-02T23:04:51.485" intervalms="11.690" />
<cycle-start id="921" type="global" contextid="0" timestamp="2019-07-02T23:04:51.485" intervalms="11.688" />
  <attribute name="GC Util" value="248" />
  <attribute name="CPU Util" value="8509933247356" />
  <attribute name="Time Running"value="2111"/>
  <attribute name="Number of cores"value="4"/>
<gc-start id="922" type="global" contextid="921" timestamp="2019-07-02T23:04:51.485">
  <mem-info id="923" free="164864" total="16515072" percent="0">
    <mem type="tenure" free="164864" total="16515072" percent="0">
      <mem type="soa" free="0" total="16350208" percent="0" />
      <mem type="loa" free="164864" total="164864" percent="100" />
    </mem>
  </mem-info>
</gc-start>
<allocation-stats totalBytes="10158512" >
  <allocated-bytes non-tlh="19056" tlh="10139456" />
  <largest-consumer threadName="Thread-8" threadId="000000000112D100" bytes="3751152" />
</allocation-stats>
<gc-op id="924" type="mark" timems="2.404" contextid="921" timestamp="2019-07-02T23:04:51.488">
  <trace-info objectcount="69011" scancount="61425" scanbytes="2347468" />
  <finalization candidates="124" enqueued="0" />
  <ownableSynchronizers candidates="3" cleared="0" />
  <references type="soft" candidates="84" cleared="0" enqueued="0" dynamicThreshold="20" maxThreshold="32" />
  <references type="weak" candidates="774" cleared="0" enqueued="0" />
  <references type="phantom" candidates="63" cleared="0" enqueued="0" />
  <stringconstants candidates="4574" cleared="0"  />
</gc-op>
<gc-op id="925" type="sweep" timems="0.812" contextid="921" timestamp="2019-07-02T23:04:51.488" />
<heap-resize id="926" type="contract" space="tenure" amount="131072" count="1" timems="0.039" reason="excess free space following gc" timestamp="2019-07-02T23:04:51.489" />
<gc-end id="927" type="global" contextid="921" durationms="3.761" usertimems="4.000" systemtimems="4.000" timestamp="2019-07-02T23:04:51.489" activeThreads="4">
  <mem-info id="928" free="10274256" total="16384000" percent="62">
    <mem type="tenure" free="10274256" total="16384000" percent="62" micro-fragmented="47404" macro-fragmented="0">
      <mem type="soa" free="10204840" total="16220160" percent="62" />
      <mem type="loa" free="69416" total="163840" percent="42" />
    </mem>
  </mem-info>
</gc-end>
<cycle-end id="929" type="global" contextid="921" timestamp="2019-07-02T23:04:51.489">
  <attribute name="GC Util" value="245" />
  <attribute name="CPU Util" value="7394951712402" />
  <attribute name="Time Running"value="2123"/>
  <attribute name="Number of cores"value="4"/>
</cycle-end>
<allocation-satisfied id="930" threadId="000000000112D100" bytesRequested="40" />
<af-end id="931" timestamp="2019-07-02T23:04:51.489" threadId="000000000112DA88" success="true" />
<exclusive-end id="932" timestamp="2019-07-02T23:04:51.489" durationms="4.579" />

<exclusive-start id="933" timestamp="2019-07-02T23:04:51.497" intervalms="12.093">
  <response-info timems="0.057" idlems="0.057" threads="0" lastid="000000000112D100" lastname="Thread-8" />
</exclusive-start>
<af-start id="934" threadId="000000000112DA88" totalBytesRequested="24" timestamp="2019-07-02T23:04:51.497" intervalms="12.057" />
<cycle-start id="935" type="global" contextid="0" timestamp="2019-07-02T23:04:51.497" intervalms="12.019" />
  <attribute name="GC Util" value="245" />
  <attribute name="CPU Util" value="7394951712402" />
  <attribute name="Time Running"value="2123"/>
  <attribute name="Number of cores"value="4"/>
<gc-start id="936" type="global" contextid="935" timestamp="2019-07-02T23:04:51.497">
  <mem-info id="937" free="69416" total="16384000" percent="0">
    <mem type="tenure" free="69416" total="16384000" percent="0">
      <mem type="soa" free="0" total="16220160" percent="0" />
      <mem type="loa" free="69416" total="163840" percent="42" />
    </mem>
  </mem-info>
</gc-start>
<allocation-stats totalBytes="10203752" >
  <allocated-bytes non-tlh="19056" tlh="10184696" />
  <largest-consumer threadName="Thread-8" threadId="000000000112D100" bytes="3380552" />
</allocation-stats>
<gc-op id="938" type="mark" timems="1.848" contextid="935" timestamp="2019-07-02T23:04:51.499">
  <trace-info objectcount="66086" scancount="58512" scanbytes="2277260" />
  <finalization candidates="124" enqueued="0" />
  <ownableSynchronizers candidates="3" cleared="0" />
  <references type="soft" candidates="84" cleared="0" enqueued="0" dynamicThreshold="20" maxThreshold="32" />
  <references type="weak" candidates="774" cleared="0" enqueued="0" />
  <references type="phantom" candidates="63" cleared="0" enqueued="0" />
  <stringconstants candidates="4574" cleared="0"  />
</gc-op>
<gc-op id="939" type="sweep" timems="0.792" contextid="935" timestamp="2019-07-02T23:04:51.500" />
<heap-resize id="940" type="contract" space="tenure" amount="65536" count="1" timems="0.104" reason="excess free space following gc" timestamp="2019-07-02T23:04:51.500" />
<gc-end id="941" type="global" contextid="935" durationms="3.414" usertimems="4.000" systemtimems="0.000" timestamp="2019-07-02T23:04:51.500" activeThreads="4">
  <mem-info id="942" free="10196112" total="16318464" percent="62">
    <mem type="tenure" free="10196112" total="16318464" percent="62" micro-fragmented="80537" macro-fragmented="0">
      <mem type="soa" free="10196112" total="16155648" percent="63" />
      <mem type="loa" free="0" total="162816" percent="0" />
    </mem>
  </mem-info>
</gc-end>
<cycle-end id="943" type="global" contextid="935" timestamp="2019-07-02T23:04:51.501">
  <attribute name="GC Util" value="246" />
  <attribute name="CPU Util" value="9488616804476" />
  <attribute name="Time Running"value="2134"/>
  <attribute name="Number of cores"value="4"/>
</cycle-end>
<allocation-satisfied id="944" threadId="000000000112D100" bytesRequested="24" />
<af-end id="945" timestamp="2019-07-02T23:04:51.501" threadId="000000000112DA88" success="true" />
<exclusive-end id="946" timestamp="2019-07-02T23:04:51.501" durationms="4.216" />

<exclusive-start id="947" timestamp="2019-07-02T23:04:51.510" intervalms="13.593">
  <response-info timems="0.023" idlems="0.023" threads="0" lastid="000000000112D100" lastname="Thread-8" />
</exclusive-start>
<af-start id="948" threadId="000000000112DA88" totalBytesRequested="40" timestamp="2019-07-02T23:04:51.510" intervalms="13.626" />
<cycle-start id="949" type="global" contextid="0" timestamp="2019-07-02T23:04:51.511" intervalms="13.674" />
  <attribute name="GC Util" value="246" />
  <attribute name="CPU Util" value="9488616804476" />
  <attribute name="Time Running"value="2134"/>
  <attribute name="Number of cores"value="4"/>
<gc-start id="950" type="global" contextid="949" timestamp="2019-07-02T23:04:51.511">
  <mem-info id="951" free="0" total="16318464" percent="0">
    <mem type="tenure" free="0" total="16318464" percent="0">
      <mem type="soa" free="0" total="16155648" percent="0" />
      <mem type="loa" free="0" total="162816" percent="0" />
    </mem>
  </mem-info>
</gc-start>
<allocation-stats totalBytes="10241864" >
  <allocated-bytes non-tlh="0" tlh="10241864" />
  <largest-consumer threadName="Thread-8" threadId="000000000112D100" bytes="4510552" />
</allocation-stats>
<gc-op id="952" type="mark" timems="2.254" contextid="949" timestamp="2019-07-02T23:04:51.513">
  <trace-info objectcount="68694" scancount="61108" scanbytes="2340180" />
  <finalization candidates="124" enqueued="0" />
  <ownableSynchronizers candidates="3" cleared="0" />
  <references type="soft" candidates="84" cleared="0" enqueued="0" dynamicThreshold="19" maxThreshold="32" />
  <references type="weak" candidates="774" cleared="0" enqueued="0" />
  <references type="phantom" candidates="63" cleared="0" enqueued="0" />
  <stringconstants candidates="4574" cleared="0"  />
</gc-op>
<gc-op id="953" type="sweep" timems="0.830" contextid="949" timestamp="2019-07-02T23:04:51.514" />
<mem-info id="954" free="10116712" total="16318464" percent="61">
  <mem type="tenure" free="10116712" total="16318464" percent="61" micro-fragmented="125895" macro-fragmented="0">
    <mem type="soa" free="10116712" total="16155648" percent="62" />
    <mem type="loa" free="0" total="162816" percent="0" />
  </mem>
</mem-info>
<gc-op id="955" type="compact" timems="5.679" contextid="949" timestamp="2019-07-02T23:04:51.520">
  <compact-info movecount="28955" movebytes="1245880" reason="compact to aid heap contraction" />
</gc-op>
<heap-resize id="956" type="contract" space="tenure" amount="131072" count="1" timems="0.087" reason="excess free space following gc" timestamp="2019-07-02T23:04:51.520" />
<gc-end id="957" type="global" contextid="949" durationms="9.795" usertimems="20.000" systemtimems="0.000" timestamp="2019-07-02T23:04:51.521" activeThreads="4">
  <mem-info id="958" free="10280560" total="16187392" percent="63">
    <mem type="tenure" free="10280560" total="16187392" percent="63">
      <mem type="soa" free="10150512" total="16025600" percent="63" />
      <mem type="loa" free="130048" total="161792" percent="80" />
    </mem>
  </mem-info>
</gc-end>
<cycle-end id="959" type="global" contextid="949" timestamp="2019-07-02T23:04:51.521">
  <attribute name="GC Util" value="138" />
  <attribute name="CPU Util" value="17015203872327" />
  <attribute name="Time Running"value="2150"/>
  <attribute name="Number of cores"value="4"/>
</cycle-end>
<allocation-satisfied id="960" threadId="000000000112D100" bytesRequested="40" />
<af-end id="961" timestamp="2019-07-02T23:04:51.521" threadId="000000000112DA88" success="true" />
<exclusive-end id="962" timestamp="2019-07-02T23:04:51.521" durationms="10.699" />

<exclusive-start id="963" timestamp="2019-07-02T23:04:51.528" intervalms="18.107">
  <response-info timems="0.032" idlems="0.018" threads="1" lastid="0000000001129500" lastname="Thread-10" />
</exclusive-start>
<af-start id="964" threadId="0000000001131688" totalBytesRequested="40" timestamp="2019-07-02T23:04:51.529" intervalms="18.136" />
<cycle-start id="965" type="global" contextid="0" timestamp="2019-07-02T23:04:51.529" intervalms="18.126" />
  <attribute name="GC Util" value="138" />
  <attribute name="CPU Util" value="17015203872327" />
  <attribute name="Time Running"value="2150"/>
  <attribute name="Number of cores"value="4"/>
<gc-start id="966" type="global" contextid="965" timestamp="2019-07-02T23:04:51.529">
  <mem-info id="967" free="130048" total="16187392" percent="0">
    <mem type="tenure" free="130048" total="16187392" percent="0">
      <mem type="soa" free="0" total="16025600" percent="0" />
      <mem type="loa" free="130048" total="161792" percent="80" />
    </mem>
  </mem-info>
</gc-start>
<allocation-stats totalBytes="10214688" >
  <allocated-bytes non-tlh="0" tlh="10214688" />
  <largest-consumer threadName="Thread-8" threadId="000000000112D100" bytes="3629240" />
</allocation-stats>
<gc-op id="968" type="mark" timems="1.159" contextid="965" timestamp="2019-07-02T23:04:51.530">
  <trace-info objectcount="71156" scancount="63573" scanbytes="2399076" />
  <finalization candidates="124" enqueued="0" />
  <ownableSynchronizers candidates="3" cleared="0" />
  <references type="soft" candidates="84" cleared="0" enqueued="0" dynamicThreshold="20" maxThreshold="32" />
  <references type="weak" candidates="774" cleared="0" enqueued="0" />
  <references type="phantom" candidates="63" cleared="0" enqueued="0" />
  <stringconstants candidates="4574" cleared="0"  />
</gc-op>
<gc-op id="969" type="sweep" timems="0.286" contextid="965" timestamp="2019-07-02T23:04:51.531" />
<heap-resize id="970" type="contract" space="tenure" amount="131072" count="1" timems="0.095" reason="excess free space following gc" timestamp="2019-07-02T23:04:51.531" />
<gc-end id="971" type="global" contextid="965" durationms="2.085" usertimems="4.000" systemtimems="0.000" timestamp="2019-07-02T23:04:51.531" activeThreads="4">
  <mem-info id="972" free="10099128" total="16056320" percent="62">
    <mem type="tenure" free="10099128" total="16056320" percent="62" micro-fragmented="22379" macro-fragmented="0">
      <mem type="soa" free="10009632" total="15896576" percent="62" />
      <mem type="loa" free="89496" total="159744" percent="56" />
    </mem>
  </mem-info>
</gc-end>
<cycle-end id="973" type="global" contextid="965" timestamp="2019-07-02T23:04:51.531">
  <attribute name="GC Util" value="215" />
  <attribute name="CPU Util" value="14742793951665" />
  <attribute name="Time Running"value="2166"/>
  <attribute name="Number of cores"value="4"/>
</cycle-end>
<allocation-satisfied id="974" threadId="0000000001130D00" bytesRequested="40" />
<af-end id="975" timestamp="2019-07-02T23:04:51.531" threadId="0000000001131688" success="true" />
<exclusive-end id="976" timestamp="2019-07-02T23:04:51.531" durationms="2.971" />

<exclusive-start id="977" timestamp="2019-07-02T23:04:51.542" intervalms="14.056">
  <response-info timems="0.026" idlems="0.014" threads="1" lastid="0000000001130D00" lastname="Thread-9" />
</exclusive-start>
<af-start id="978" threadId="0000000001135288" totalBytesRequested="40" timestamp="2019-07-02T23:04:51.543" intervalms="14.040" />
<cycle-start id="979" type="global" contextid="0" timestamp="2019-07-02T23:04:51.543" intervalms="14.043" />
  <attribute name="GC Util" value="215" />
  <attribute name="CPU Util" value="14742793951665" />
  <attribute name="Time Running"value="2166"/>
  <attribute name="Number of cores"value="4"/>
<gc-start id="980" type="global" contextid="979" timestamp="2019-07-02T23:04:51.543">
  <mem-info id="981" free="89496" total="16056320" percent="0">
    <mem type="tenure" free="89496" total="16056320" percent="0">
      <mem type="soa" free="0" total="15896576" percent="0" />
      <mem type="loa" free="89496" total="159744" percent="56" />
    </mem>
  </mem-info>
</gc-start>
<allocation-stats totalBytes="10001248" >
  <allocated-bytes non-tlh="0" tlh="10001248" />
  <largest-consumer threadName="Thread-8" threadId="000000000112D100" bytes="4887472" />
</allocation-stats>
<gc-op id="982" type="mark" timems="2.375" contextid="979" timestamp="2019-07-02T23:04:51.546">
  <trace-info objectcount="73229" scancount="65686" scanbytes="2448780" />
  <finalization candidates="124" enqueued="0" />
  <ownableSynchronizers candidates="3" cleared="0" />
  <references type="soft" candidates="84" cleared="0" enqueued="0" dynamicThreshold="20" maxThreshold="32" />
  <references type="weak" candidates="774" cleared="0" enqueued="0" />
  <references type="phantom" candidates="63" cleared="0" enqueued="0" />
  <stringconstants candidates="4574" cleared="0"  />
</gc-op>
<gc-op id="983" type="sweep" timems="0.778" contextid="979" timestamp="2019-07-02T23:04:51.546" />
<heap-resize id="984" type="contract" space="tenure" amount="131072" count="1" timems="0.113" reason="excess free space following gc" timestamp="2019-07-02T23:04:51.547" />
<gc-end id="985" type="global" contextid="979" durationms="3.915" usertimems="4.000" systemtimems="4.000" timestamp="2019-07-02T23:04:51.547" activeThreads="4">
  <mem-info id="986" free="9810984" total="15925248" percent="61">
    <mem type="tenure" free="9810984" total="15925248" percent="61" micro-fragmented="13117" macro-fragmented="0">
      <mem type="soa" free="9810984" total="15766528" percent="62" />
      <mem type="loa" free="0" total="158720" percent="0" />
    </mem>
  </mem-info>
</gc-end>
<cycle-end id="987" type="global" contextid="979" timestamp="2019-07-02T23:04:51.547">
  <attribute name="GC Util" value="249" />
  <attribute name="CPU Util" value="7490233172011" />
  <attribute name="Time Running"value="2181"/>
  <attribute name="Number of cores"value="4"/>
</cycle-end>
<allocation-satisfied id="988" threadId="0000000001134900" bytesRequested="40" />
<af-end id="989" timestamp="2019-07-02T23:04:51.547" threadId="0000000001135288" success="true" />
<exclusive-end id="990" timestamp="2019-07-02T23:04:51.547" durationms="4.700" />

<exclusive-start id="991" timestamp="2019-07-02T23:04:51.554" intervalms="11.838">
  <response-info timems="0.030" idlems="0.017" threads="1" lastid="0000000001129500" lastname="Thread-10" />
</exclusive-start>
<af-start id="992" threadId="0000000001131688" totalBytesRequested="24" timestamp="2019-07-02T23:04:51.554" intervalms="11.813" />
<cycle-start id="993" type="global" contextid="0" timestamp="2019-07-02T23:04:51.555" intervalms="11.810" />
  <attribute name="GC Util" value="249" />
  <attribute name="CPU Util" value="7490233172011" />
  <attribute name="Time Running"value="2181"/>
  <attribute name="Number of cores"value="4"/>
<gc-start id="994" type="global" contextid="993" timestamp="2019-07-02T23:04:51.555">
  <mem-info id="995" free="0" total="15925248" percent="0">
    <mem type="tenure" free="0" total="15925248" percent="0">
      <mem type="soa" free="0" total="15766528" percent="0" />
      <mem type="loa" free="0" total="158720" percent="0" />
    </mem>
  </mem-info>
</gc-start>
<allocation-stats totalBytes="9795648" >
  <allocated-bytes non-tlh="19056" tlh="9776592" />
  <largest-consumer threadName="Thread-7" threadId="0000000001134900" bytes="3503408" />
</allocation-stats>
<gc-op id="996" type="mark" timems="1.124" contextid="993" timestamp="2019-07-02T23:04:51.556">
  <trace-info objectcount="71001" scancount="63437" scanbytes="2395436" />
  <finalization candidates="124" enqueued="0" />
  <ownableSynchronizers candidates="3" cleared="0" />
  <references type="soft" candidates="84" cleared="0" enqueued="0" dynamicThreshold="19" maxThreshold="32" />
  <references type="weak" candidates="774" cleared="0" enqueued="0" />
  <references type="phantom" candidates="63" cleared="0" enqueued="0" />
  <stringconstants candidates="4574" cleared="0"  />
</gc-op>
<gc-op id="997" type="sweep" timems="0.370" contextid="993" timestamp="2019-07-02T23:04:51.557" />
<gc-end id="998" type="global" contextid="993" durationms="1.976" usertimems="4.000" systemtimems="0.000" timestamp="2019-07-02T23:04:51.557" activeThreads="4">
  <mem-info id="999" free="9763592" total="15925248" percent="61">
    <mem type="tenure" free="9763592" total="15925248" percent="61" micro-fragmented="100124" macro-fragmented="0">
      <mem type="soa" free="9763592" total="15766528" percent="61" />
      <mem type="loa" free="0" total="158720" percent="0" />
    </mem>
  </mem-info>
</gc-end>
<cycle-end id="1000" type="global" contextid="993" timestamp="2019-07-02T23:04:51.557">
  <attribute name="GC Util" value="210" />
  <attribute name="CPU Util" value="15130873592872" />
  <attribute name="Time Running"value="2191"/>
  <attribute name="Number of cores"value="4"/>
</cycle-end>
<allocation-satisfied id="1001" threadId="0000000001130D00" bytesRequested="24" />
<af-end id="1002" timestamp="2019-07-02T23:04:51.557" threadId="0000000001131688" success="true" />
<exclusive-end id="1003" timestamp="2019-07-02T23:04:51.557" durationms="2.796" />

<exclusive-start id="1004" timestamp="2019-07-02T23:04:51.564" intervalms="9.759">
  <response-info timems="0.057" idlems="0.056" threads="1" lastid="0000000001130D00" lastname="Thread-9" />
</exclusive-start>
<af-start id="1005" threadId="000000000112DA88" totalBytesRequested="24" timestamp="2019-07-02T23:04:51.564" intervalms="9.768" />
<cycle-start id="1006" type="global" contextid="0" timestamp="2019-07-02T23:04:51.564" intervalms="9.775" />
  <attribute name="GC Util" value="210" />
  <attribute name="CPU Util" value="15130873592872" />
  <attribute name="Time Running"value="2191"/>
  <attribute name="Number of cores"value="4"/>
<gc-start id="1007" type="global" contextid="1006" timestamp="2019-07-02T23:04:51.564">
  <mem-info id="1008" free="0" total="15925248" percent="0">
    <mem type="tenure" free="0" total="15925248" percent="0">
      <mem type="soa" free="0" total="15766528" percent="0" />
      <mem type="loa" free="0" total="158720" percent="0" />
    </mem>
  </mem-info>
</gc-start>
<allocation-stats totalBytes="9746576" >
  <allocated-bytes non-tlh="19056" tlh="9727520" />
  <largest-consumer threadName="Thread-7" threadId="0000000001134900" bytes="3414384" />
</allocation-stats>
<gc-op id="1009" type="mark" timems="2.259" contextid="1006" timestamp="2019-07-02T23:04:51.567">
  <trace-info objectcount="69554" scancount="61981" scanbytes="2360484" />
  <finalization candidates="124" enqueued="0" />
  <ownableSynchronizers candidates="3" cleared="0" />
  <references type="soft" candidates="84" cleared="0" enqueued="0" dynamicThreshold="19" maxThreshold="32" />
  <references type="weak" candidates="774" cleared="0" enqueued="0" />
  <references type="phantom" candidates="63" cleared="0" enqueued="0" />
  <stringconstants candidates="4574" cleared="0"  />
</gc-op>
<gc-op id="1010" type="sweep" timems="0.858" contextid="1006" timestamp="2019-07-02T23:04:51.568" />
<gc-end id="1011" type="global" contextid="1006" durationms="3.582" usertimems="8.000" systemtimems="0.000" timestamp="2019-07-02T23:04:51.568" activeThreads="4">
  <mem-info id="1012" free="9744552" total="15925248" percent="61">
    <mem type="tenure" free="9744552" total="15925248" percent="61" micro-fragmented="117987" macro-fragmented="0">
      <mem type="soa" free="9744552" total="15766528" percent="61" />
      <mem type="loa" free="0" total="158720" percent="0" />
    </mem>
  </mem-info>
</gc-end>
<cycle-end id="1013" type="global" contextid="1006" timestamp="2019-07-02T23:04:51.568">
  <attribute name="GC Util" value="252" />
  <attribute name="CPU Util" value="7836233329673" />
  <attribute name="Time Running"value="2202"/>
  <attribute name="Number of cores"value="4"/>
</cycle-end>
<allocation-satisfied id="1014" threadId="000000000112D100" bytesRequested="24" />
<af-end id="1015" timestamp="2019-07-02T23:04:51.568" threadId="000000000112DA88" success="true" />
<exclusive-end id="1016" timestamp="2019-07-02T23:04:51.569" durationms="4.483" />

<exclusive-start id="1017" timestamp="2019-07-02T23:04:51.578" intervalms="13.763">
  <response-info timems="0.057" idlems="0.057" threads="0" lastid="0000000001134900" lastname="Thread-7" />
</exclusive-start>
<af-start id="1018" threadId="0000000001135288" totalBytesRequested="40" timestamp="2019-07-02T23:04:51.578" intervalms="13.810" />
<cycle-start id="1019" type="global" contextid="0" timestamp="2019-07-02T23:04:51.578" intervalms="13.824" />
  <attribute name="GC Util" value="252" />
  <attribute name="CPU Util" value="7836233329673" />
  <attribute name="Time Running"value="2202"/>
  <attribute name="Number of cores"value="4"/>
<gc-start id="1020" type="global" contextid="1019" timestamp="2019-07-02T23:04:51.578">
  <mem-info id="1021" free="0" total="15925248" percent="0">
    <mem type="tenure" free="0" total="15925248" percent="0">
      <mem type="soa" free="0" total="15766528" percent="0" />
      <mem type="loa" free="0" total="158720" percent="0" />
    </mem>
  </mem-info>
</gc-start>
<allocation-stats totalBytes="9726824" >
  <allocated-bytes non-tlh="0" tlh="9726824" />
  <largest-consumer threadName="Thread-7" threadId="0000000001134900" bytes="4221896" />
</allocation-stats>
<gc-op id="1022" type="mark" timems="2.113" contextid="1019" timestamp="2019-07-02T23:04:51.581">
  <trace-info objectcount="72854" scancount="65289" scanbytes="2440004" />
  <finalization candidates="124" enqueued="0" />
  <ownableSynchronizers candidates="3" cleared="0" />
  <references type="soft" candidates="84" cleared="0" enqueued="0" dynamicThreshold="19" maxThreshold="32" />
  <references type="weak" candidates="774" cleared="0" enqueued="0" />
  <references type="phantom" candidates="63" cleared="0" enqueued="0" />
  <stringconstants candidates="4574" cleared="0"  />
</gc-op>
<gc-op id="1023" type="sweep" timems="0.842" contextid="1019" timestamp="2019-07-02T23:04:51.582" />
<gc-end id="1024" type="global" contextid="1019" durationms="3.447" usertimems="8.000" systemtimems="0.000" timestamp="2019-07-02T23:04:51.582" activeThreads="4">
  <mem-info id="1025" free="9605984" total="15925248" percent="60">
    <mem type="tenure" free="9605984" total="15925248" percent="60" micro-fragmented="173872" macro-fragmented="0">
      <mem type="soa" free="9605984" total="15766528" percent="60" />
      <mem type="loa" free="0" total="158720" percent="0" />
    </mem>
  </mem-info>
</gc-end>
<cycle-end id="1026" type="global" contextid="1019" timestamp="2019-07-02T23:04:51.582">
  <attribute name="GC Util" value="238" />
  <attribute name="CPU Util" value="8391665635129" />
  <attribute name="Time Running"value="2216"/>
  <attribute name="Number of cores"value="4"/>
</cycle-end>
<allocation-satisfied id="1027" threadId="0000000001134900" bytesRequested="40" />
<af-end id="1028" timestamp="2019-07-02T23:04:51.582" threadId="0000000001135288" success="true" />
<exclusive-end id="1029" timestamp="2019-07-02T23:04:51.582" durationms="4.462" />

<exclusive-start id="1030" timestamp="2019-07-02T23:04:51.590" intervalms="11.985">
  <response-info timems="0.072" idlems="0.070" threads="1" lastid="0000000001134900" lastname="Thread-7" />
</exclusive-start>
<af-start id="1031" threadId="0000000001131688" totalBytesRequested="40" timestamp="2019-07-02T23:04:51.590" intervalms="11.949" />
<cycle-start id="1032" type="global" contextid="0" timestamp="2019-07-02T23:04:51.590" intervalms="11.931" />
  <attribute name="GC Util" value="238" />
  <attribute name="CPU Util" value="8391665635129" />
  <attribute name="Time Running"value="2216"/>
  <attribute name="Number of cores"value="4"/>
<gc-start id="1033" type="global" contextid="1032" timestamp="2019-07-02T23:04:51.590">
  <mem-info id="1034" free="0" total="15925248" percent="0">
    <mem type="tenure" free="0" total="15925248" percent="0">
      <mem type="soa" free="0" total="15766528" percent="0" />
      <mem type="loa" free="0" total="158720" percent="0" />
    </mem>
  </mem-info>
</gc-start>
<allocation-stats totalBytes="9581272" >
  <allocated-bytes non-tlh="42216" tlh="9539056" />
  <largest-consumer threadName="Thread-8" threadId="000000000112D100" bytes="3173648" />
</allocation-stats>
<gc-op id="1035" type="mark" timems="1.120" contextid="1032" timestamp="2019-07-02T23:04:51.592">
  <trace-info objectcount="65450" scancount="57878" scanbytes="2262404" />
  <finalization candidates="124" enqueued="0" />
  <ownableSynchronizers candidates="3" cleared="0" />
  <references type="soft" candidates="84" cleared="0" enqueued="0" dynamicThreshold="19" maxThreshold="32" />
  <references type="weak" candidates="774" cleared="0" enqueued="0" />
  <references type="phantom" candidates="63" cleared="0" enqueued="0" />
  <stringconstants candidates="4574" cleared="0"  />
</gc-op>
<gc-op id="1036" type="sweep" timems="0.311" contextid="1032" timestamp="2019-07-02T23:04:51.592" />
<heap-resize id="1037" type="contract" space="tenure" amount="131072" count="1" timems="0.088" reason="excess free space following gc" timestamp="2019-07-02T23:04:51.592" />
<gc-end id="1038" type="global" contextid="1032" durationms="2.018" usertimems="4.000" systemtimems="0.000" timestamp="2019-07-02T23:04:51.592" activeThreads="4">
  <mem-info id="1039" free="9780440" total="15794176" percent="61">
    <mem type="tenure" free="9780440" total="15794176" percent="61" micro-fragmented="110961" macro-fragmented="0">
      <mem type="soa" free="9780440" total="15636480" percent="62" />
      <mem type="loa" free="0" total="157696" percent="0" />
    </mem>
  </mem-info>
</gc-end>
<cycle-end id="1040" type="global" contextid="1032" timestamp="2019-07-02T23:04:51.592">
  <attribute name="GC Util" value="211" />
  <attribute name="CPU Util" value="15779165614101" />
  <attribute name="Time Running"value="2227"/>
  <attribute name="Number of cores"value="4"/>
</cycle-end>
<allocation-satisfied id="1041" threadId="0000000001130D00" bytesRequested="40" />
<af-end id="1042" timestamp="2019-07-02T23:04:51.593" threadId="0000000001131688" success="true" />
<exclusive-end id="1043" timestamp="2019-07-02T23:04:51.593" durationms="2.885" />

<exclusive-start id="1044" timestamp="2019-07-02T23:04:51.606" intervalms="15.896">
  <response-info timems="0.090" idlems="0.080" threads="1" lastid="0000000001130D00" lastname="Thread-9" />
</exclusive-start>
<af-start id="1045" threadId="0000000001129E88" totalBytesRequested="40" timestamp="2019-07-02T23:04:51.606" intervalms="15.895" />
<cycle-start id="1046" type="global" contextid="0" timestamp="2019-07-02T23:04:51.606" intervalms="15.908" />
  <attribute name="GC Util" value="211" />
  <attribute name="CPU Util" value="15779165614101" />
  <attribute name="Time Running"value="2227"/>
  <attribute name="Number of cores"value="4"/>
<gc-start id="1047" type="global" contextid="1046" timestamp="2019-07-02T23:04:51.606">
  <mem-info id="1048" free="0" total="15794176" percent="0">
    <mem type="tenure" free="0" total="15794176" percent="0">
      <mem type="soa" free="0" total="15636480" percent="0" />
      <mem type="loa" free="0" total="157696" percent="0" />
    </mem>
  </mem-info>
</gc-start>
<allocation-stats totalBytes="9770576" >
  <allocated-bytes non-tlh="0" tlh="9770576" />
  <largest-consumer threadName="Thread-10" threadId="0000000001129500" bytes="3207920" />
</allocation-stats>
<gc-op id="1049" type="mark" timems="1.275" contextid="1046" timestamp="2019-07-02T23:04:51.608">
  <trace-info objectcount="63955" scancount="56378" scanbytes="2226012" />
  <finalization candidates="124" enqueued="0" />
  <ownableSynchronizers candidates="3" cleared="0" />
  <references type="soft" candidates="84" cleared="0" enqueued="0" dynamicThreshold="19" maxThreshold="32" />
  <references type="weak" candidates="774" cleared="0" enqueued="0" />
  <references type="phantom" candidates="63" cleared="0" enqueued="0" />
  <stringconstants candidates="4574" cleared="0"  />
</gc-op>
<gc-op id="1050" type="sweep" timems="0.270" contextid="1046" timestamp="2019-07-02T23:04:51.608" />
<mem-info id="1051" free="9907928" total="15794176" percent="62">
  <mem type="tenure" free="9907928" total="15794176" percent="62" micro-fragmented="21086" macro-fragmented="0">
    <mem type="soa" free="9907928" total="15636480" percent="63" />
    <mem type="loa" free="0" total="157696" percent="0" />
  </mem>
</mem-info>
<gc-op id="1052" type="compact" timems="4.059" contextid="1046" timestamp="2019-07-02T23:04:51.612">
  <compact-info movecount="24216" movebytes="1131712" reason="compact to aid heap contraction" />
</gc-op>
<heap-resize id="1053" type="contract" space="tenure" amount="131072" count="1" timems="0.088" reason="excess free space following gc" timestamp="2019-07-02T23:04:51.613" />
<gc-end id="1054" type="global" contextid="1046" durationms="6.617" usertimems="8.000" systemtimems="0.000" timestamp="2019-07-02T23:04:51.613" activeThreads="4">
  <mem-info id="1055" free="9875560" total="15663104" percent="63">
    <mem type="tenure" free="9875560" total="15663104" percent="63">
      <mem type="soa" free="9746536" total="15507456" percent="62" />
      <mem type="loa" free="129024" total="155648" percent="82" />
    </mem>
  </mem-info>
</gc-end>
<cycle-end id="1056" type="global" contextid="1046" timestamp="2019-07-02T23:04:51.613">
  <attribute name="GC Util" value="17" />
  <attribute name="CPU Util" value="37593248762287" />
  <attribute name="Time Running"value="2244"/>
  <attribute name="Number of cores"value="4"/>
</cycle-end>
<allocation-satisfied id="1057" threadId="0000000001129500" bytesRequested="40" />
<af-end id="1058" timestamp="2019-07-02T23:04:51.613" threadId="0000000001129E88" success="true" />
<exclusive-end id="1059" timestamp="2019-07-02T23:04:51.613" durationms="7.462" />

<exclusive-start id="1060" timestamp="2019-07-02T23:04:51.622" intervalms="15.812">
  <response-info timems="0.023" idlems="0.013" threads="1" lastid="0000000001129500" lastname="Thread-10" />
</exclusive-start>
<af-start id="1061" threadId="0000000001131688" totalBytesRequested="40" timestamp="2019-07-02T23:04:51.622" intervalms="15.808" />
<cycle-start id="1062" type="global" contextid="0" timestamp="2019-07-02T23:04:51.622" intervalms="15.807" />
  <attribute name="GC Util" value="17" />
  <attribute name="CPU Util" value="37593248762287" />
  <attribute name="Time Running"value="2244"/>
  <attribute name="Number of cores"value="4"/>
<gc-start id="1063" type="global" contextid="1062" timestamp="2019-07-02T23:04:51.622">
  <mem-info id="1064" free="129024" total="15663104" percent="0">
    <mem type="tenure" free="129024" total="15663104" percent="0">
      <mem type="soa" free="0" total="15507456" percent="0" />
      <mem type="loa" free="129024" total="155648" percent="82" />
    </mem>
  </mem-info>
</gc-start>
<allocation-stats totalBytes="9810480" >
  <allocated-bytes non-tlh="0" tlh="9810480" />
  <largest-consumer threadName="Thread-7" threadId="0000000001134900" bytes="3356280" />
</allocation-stats>
<gc-op id="1065" type="mark" timems="1.362" contextid="1062" timestamp="2019-07-02T23:04:51.624">
  <trace-info objectcount="68308" scancount="60731" scanbytes="2330932" />
  <finalization candidates="124" enqueued="0" />
  <ownableSynchronizers candidates="3" cleared="0" />
  <references type="soft" candidates="84" cleared="0" enqueued="0" dynamicThreshold="20" maxThreshold="32" />
  <references type="weak" candidates="774" cleared="0" enqueued="0" />
  <references type="phantom" candidates="63" cleared="0" enqueued="0" />
  <stringconstants candidates="4574" cleared="0"  />
</gc-op>
<gc-op id="1066" type="sweep" timems="0.264" contextid="1062" timestamp="2019-07-02T23:04:51.624" />
<heap-resize id="1067" type="contract" space="tenure" amount="131072" count="1" timems="0.099" reason="excess free space following gc" timestamp="2019-07-02T23:04:51.624" />
<gc-end id="1068" type="global" contextid="1062" durationms="2.321" usertimems="4.000" systemtimems="0.000" timestamp="2019-07-02T23:04:51.624" activeThreads="4">
  <mem-info id="1069" free="9566024" total="15532032" percent="61">
    <mem type="tenure" free="9566024" total="15532032" percent="61" micro-fragmented="5919" macro-fragmented="0">
      <mem type="soa" free="9566024" total="15377408" percent="62" />
      <mem type="loa" free="0" total="154624" percent="0" />
    </mem>
  </mem-info>
</gc-end>
<cycle-end id="1070" type="global" contextid="1062" timestamp="2019-07-02T23:04:51.624">
  <attribute name="GC Util" value="167" />
  <attribute name="CPU Util" value="12688080875568" />
  <attribute name="Time Running"value="2259"/>
  <attribute name="Number of cores"value="4"/>
</cycle-end>
<allocation-satisfied id="1071" threadId="0000000001130D00" bytesRequested="40" />
<af-end id="1072" timestamp="2019-07-02T23:04:51.625" threadId="0000000001131688" success="true" />
<exclusive-end id="1073" timestamp="2019-07-02T23:04:51.625" durationms="3.080" />

<exclusive-start id="1074" timestamp="2019-07-02T23:04:51.633" intervalms="11.305">
  <response-info timems="0.016" idlems="0.016" threads="0" lastid="0000000001134900" lastname="Thread-7" />
</exclusive-start>
<af-start id="1075" threadId="0000000001135288" totalBytesRequested="24" timestamp="2019-07-02T23:04:51.633" intervalms="11.320" />
<cycle-start id="1076" type="global" contextid="0" timestamp="2019-07-02T23:04:51.633" intervalms="11.306" />
  <attribute name="GC Util" value="167" />
  <attribute name="CPU Util" value="12688080875568" />
  <attribute name="Time Running"value="2259"/>
  <attribute name="Number of cores"value="4"/>
<gc-start id="1077" type="global" contextid="1076" timestamp="2019-07-02T23:04:51.633">
  <mem-info id="1078" free="0" total="15532032" percent="0">
    <mem type="tenure" free="0" total="15532032" percent="0">
      <mem type="soa" free="0" total="15377408" percent="0" />
      <mem type="loa" free="0" total="154624" percent="0" />
    </mem>
  </mem-info>
</gc-start>
<allocation-stats totalBytes="9557688" >
  <allocated-bytes non-tlh="0" tlh="9557688" />
  <largest-consumer threadName="Thread-7" threadId="0000000001134900" bytes="3321320" />
</allocation-stats>
<gc-op id="1079" type="mark" timems="1.927" contextid="1076" timestamp="2019-07-02T23:04:51.635">
  <trace-info objectcount="71855" scancount="64285" scanbytes="2415964" />
  <finalization candidates="124" enqueued="0" />
  <ownableSynchronizers candidates="3" cleared="0" />
  <references type="soft" candidates="84" cleared="0" enqueued="0" dynamicThreshold="19" maxThreshold="32" />
  <references type="weak" candidates="774" cleared="0" enqueued="0" />
  <references type="phantom" candidates="63" cleared="0" enqueued="0" />
  <stringconstants candidates="4574" cleared="0"  />
</gc-op>
<gc-op id="1080" type="sweep" timems="0.764" contextid="1076" timestamp="2019-07-02T23:04:51.636" />
<gc-end id="1081" type="global" contextid="1076" durationms="3.155" usertimems="8.000" systemtimems="0.000" timestamp="2019-07-02T23:04:51.636" activeThreads="4">
  <mem-info id="1082" free="9448072" total="15532032" percent="60">
    <mem type="tenure" free="9448072" total="15532032" percent="60" micro-fragmented="11809" macro-fragmented="0">
      <mem type="soa" free="9448072" total="15377408" percent="61" />
      <mem type="loa" free="0" total="154624" percent="0" />
    </mem>
  </mem-info>
</gc-end>
<cycle-end id="1083" type="global" contextid="1076" timestamp="2019-07-02T23:04:51.637">
  <attribute name="GC Util" value="240" />
  <attribute name="CPU Util" value="9149408190907" />
  <attribute name="Time Running"value="2271"/>
  <attribute name="Number of cores"value="4"/>
</cycle-end>
<allocation-satisfied id="1084" threadId="0000000001134900" bytesRequested="24" />
<af-end id="1085" timestamp="2019-07-02T23:04:51.637" threadId="0000000001135288" success="true" />
<exclusive-end id="1086" timestamp="2019-07-02T23:04:51.637" durationms="4.072" />

<exclusive-start id="1087" timestamp="2019-07-02T23:04:51.648" intervalms="14.994">
  <response-info timems="0.098" idlems="0.059" threads="1" lastid="0000000001129500" lastname="Thread-10" />
</exclusive-start>
<af-start id="1088" threadId="000000000112DA88" totalBytesRequested="40" timestamp="2019-07-02T23:04:51.648" intervalms="15.038" />
<cycle-start id="1089" type="global" contextid="0" timestamp="2019-07-02T23:04:51.648" intervalms="15.054" />
  <attribute name="GC Util" value="240" />
  <attribute name="CPU Util" value="9149408190907" />
  <attribute name="Time Running"value="2271"/>
  <attribute name="Number of cores"value="4"/>
<gc-start id="1090" type="global" contextid="1089" timestamp="2019-07-02T23:04:51.648">
  <mem-info id="1091" free="0" total="15532032" percent="0">
    <mem type="tenure" free="0" total="15532032" percent="0">
      <mem type="soa" free="0" total="15377408" percent="0" />
      <mem type="loa" free="0" total="154624" percent="0" />
    </mem>
  </mem-info>
</gc-start>
<allocation-stats totalBytes="9420880" >
  <allocated-bytes non-tlh="38112" tlh="9382768" />
  <largest-consumer threadName="Thread-7" threadId="0000000001134900" bytes="4644584" />
</allocation-stats>
<gc-op id="1092" type="mark" timems="2.224" contextid="1089" timestamp="2019-07-02T23:04:51.651">
  <trace-info objectcount="59670" scancount="52080" scanbytes="2008916" />
  <finalization candidates="124" enqueued="0" />
  <ownableSynchronizers candidates="3" cleared="0" />
  <references type="soft" candidates="84" cleared="0" enqueued="0" dynamicThreshold="19" maxThreshold="32" />
  <references type="weak" candidates="774" cleared="0" enqueued="0" />
  <references type="phantom" candidates="63" cleared="0" enqueued="0" />
  <stringconstants candidates="4574" cleared="0"  />
</gc-op>
<gc-op id="1093" type="sweep" timems="0.762" contextid="1089" timestamp="2019-07-02T23:04:51.652" />
<heap-resize id="1094" type="contract" space="tenure" amount="131072" count="1" timems="0.106" reason="excess free space following gc" timestamp="2019-07-02T23:04:51.652" />
<gc-end id="1095" type="global" contextid="1089" durationms="3.696" usertimems="8.000" systemtimems="0.000" timestamp="2019-07-02T23:04:51.652" activeThreads="4">
  <mem-info id="1096" free="9737968" total="15400960" percent="63">
    <mem type="tenure" free="9737968" total="15400960" percent="63" micro-fragmented="18775" macro-fragmented="0">
      <mem type="soa" free="9659856" total="15247360" percent="63" />
      <mem type="loa" free="78112" total="153600" percent="50" />
    </mem>
  </mem-info>
</gc-end>
<cycle-end id="1097" type="global" contextid="1089" timestamp="2019-07-02T23:04:51.652">
  <attribute name="GC Util" value="229" />
  <attribute name="CPU Util" value="7978070926850" />
  <attribute name="Time Running"value="2286"/>
  <attribute name="Number of cores"value="4"/>
</cycle-end>
<allocation-satisfied id="1098" threadId="000000000112D100" bytesRequested="40" />
<af-end id="1099" timestamp="2019-07-02T23:04:51.652" threadId="000000000112DA88" success="true" />
<exclusive-end id="1100" timestamp="2019-07-02T23:04:51.652" durationms="4.598" />

<exclusive-start id="1101" timestamp="2019-07-02T23:04:51.663" intervalms="14.933">
  <response-info timems="0.036" idlems="0.036" threads="0" lastid="0000000001134900" lastname="Thread-7" />
</exclusive-start>
<af-start id="1102" threadId="0000000001135288" totalBytesRequested="40" timestamp="2019-07-02T23:04:51.663" intervalms="14.902" />
<cycle-start id="1103" type="global" contextid="0" timestamp="2019-07-02T23:04:51.663" intervalms="14.891" />
  <attribute name="GC Util" value="229" />
  <attribute name="CPU Util" value="7978070926850" />
  <attribute name="Time Running"value="2286"/>
  <attribute name="Number of cores"value="4"/>
<gc-start id="1104" type="global" contextid="1103" timestamp="2019-07-02T23:04:51.663">
  <mem-info id="1105" free="78112" total="15400960" percent="0">
    <mem type="tenure" free="78112" total="15400960" percent="0">
      <mem type="soa" free="0" total="15247360" percent="0" />
      <mem type="loa" free="78112" total="153600" percent="50" />
    </mem>
  </mem-info>
</gc-start>
<allocation-stats totalBytes="9711784" >
  <allocated-bytes non-tlh="0" tlh="9711784" />
  <largest-consumer threadName="Thread-8" threadId="000000000112D100" bytes="3931672" />
</allocation-stats>
<gc-op id="1106" type="mark" timems="2.385" contextid="1103" timestamp="2019-07-02T23:04:51.666">
  <trace-info objectcount="66122" scancount="58544" scanbytes="2278052" />
  <finalization candidates="124" enqueued="0" />
  <ownableSynchronizers candidates="3" cleared="0" />
  <references type="soft" candidates="84" cleared="0" enqueued="0" dynamicThreshold="20" maxThreshold="32" />
  <references type="weak" candidates="774" cleared="0" enqueued="0" />
  <references type="phantom" candidates="63" cleared="0" enqueued="0" />
  <stringconstants candidates="4574" cleared="0"  />
</gc-op>
<gc-op id="1107" type="sweep" timems="0.820" contextid="1103" timestamp="2019-07-02T23:04:51.667" />
<heap-resize id="1108" type="contract" space="tenure" amount="65536" count="1" timems="0.114" reason="excess free space following gc" timestamp="2019-07-02T23:04:51.667" />
<gc-end id="1109" type="global" contextid="1103" durationms="3.921" usertimems="8.000" systemtimems="0.000" timestamp="2019-07-02T23:04:51.667" activeThreads="4">
  <mem-info id="1110" free="9347872" total="15335424" percent="60">
    <mem type="tenure" free="9347872" total="15335424" percent="60" micro-fragmented="80175" macro-fragmented="0">
      <mem type="soa" free="9347872" total="15182848" percent="61" />
      <mem type="loa" free="0" total="152576" percent="0" />
    </mem>
  </mem-info>
</gc-end>
<cycle-end id="1111" type="global" contextid="1103" timestamp="2019-07-02T23:04:51.667">
  <attribute name="GC Util" value="241" />
  <attribute name="CPU Util" value="7456016496631" />
  <attribute name="Time Running"value="2301"/>
  <attribute name="Number of cores"value="4"/>
</cycle-end>
<allocation-satisfied id="1112" threadId="0000000001134900" bytesRequested="40" />
<af-end id="1113" timestamp="2019-07-02T23:04:51.667" threadId="0000000001135288" success="true" />
<exclusive-end id="1114" timestamp="2019-07-02T23:04:51.667" durationms="4.682" />

<exclusive-start id="1115" timestamp="2019-07-02T23:04:51.676" intervalms="13.312">
  <response-info timems="0.019" idlems="0.019" threads="1" lastid="0000000001129500" lastname="Thread-10" />
</exclusive-start>
<af-start id="1116" threadId="0000000001135288" totalBytesRequested="40" timestamp="2019-07-02T23:04:51.676" intervalms="13.268" />
<cycle-start id="1117" type="global" contextid="0" timestamp="2019-07-02T23:04:51.676" intervalms="13.260" />
  <attribute name="GC Util" value="241" />
  <attribute name="CPU Util" value="7456016496631" />
  <attribute name="Time Running"value="2301"/>
  <attribute name="Number of cores"value="4"/>
<gc-start id="1118" type="global" contextid="1117" timestamp="2019-07-02T23:04:51.676">
  <mem-info id="1119" free="0" total="15335424" percent="0">
    <mem type="tenure" free="0" total="15335424" percent="0">
      <mem type="soa" free="0" total="15182848" percent="0" />
      <mem type="loa" free="0" total="152576" percent="0" />
    </mem>
  </mem-info>
</gc-start>
<allocation-stats totalBytes="9331168" >
  <allocated-bytes non-tlh="0" tlh="9331168" />
  <largest-consumer threadName="Thread-8" threadId="000000000112D100" bytes="3136552" />
</allocation-stats>
<gc-op id="1120" type="mark" timems="2.121" contextid="1117" timestamp="2019-07-02T23:04:51.679">
  <trace-info objectcount="68066" scancount="60480" scanbytes="2324772" />
  <finalization candidates="124" enqueued="0" />
  <ownableSynchronizers candidates="3" cleared="0" />
  <references type="soft" candidates="84" cleared="0" enqueued="0" dynamicThreshold="19" maxThreshold="32" />
  <references type="weak" candidates="774" cleared="0" enqueued="0" />
  <references type="phantom" candidates="63" cleared="0" enqueued="0" />
  <stringconstants candidates="4574" cleared="0"  />
</gc-op>
<gc-op id="1121" type="sweep" timems="0.816" contextid="1117" timestamp="2019-07-02T23:04:51.680" />
<gc-end id="1122" type="global" contextid="1117" durationms="3.423" usertimems="8.000" systemtimems="0.000" timestamp="2019-07-02T23:04:51.680" activeThreads="4">
  <mem-info id="1123" free="9237352" total="15335424" percent="60">
    <mem type="tenure" free="9237352" total="15335424" percent="60" micro-fragmented="50447" macro-fragmented="0">
      <mem type="soa" free="9237352" total="15182848" percent="60" />
      <mem type="loa" free="0" total="152576" percent="0" />
    </mem>
  </mem-info>
</gc-end>
<cycle-end id="1124" type="global" contextid="1117" timestamp="2019-07-02T23:04:51.680">
  <attribute name="GC Util" value="243" />
  <attribute name="CPU Util" value="8300482823354" />
  <attribute name="Time Running"value="2314"/>
  <attribute name="Number of cores"value="4"/>
</cycle-end>
<allocation-satisfied id="1125" threadId="0000000001134900" bytesRequested="40" />
<af-end id="1126" timestamp="2019-07-02T23:04:51.680" threadId="0000000001135288" success="true" />
<exclusive-end id="1127" timestamp="2019-07-02T23:04:51.680" durationms="4.358" />

<exclusive-start id="1128" timestamp="2019-07-02T23:04:51.691" intervalms="14.926">
  <response-info timems="0.236" idlems="0.120" threads="1" lastid="0000000001129500" lastname="Thread-10" />
</exclusive-start>
<af-start id="1129" threadId="0000000001131688" totalBytesRequested="40" timestamp="2019-07-02T23:04:51.691" intervalms="14.983" />
<cycle-start id="1130" type="global" contextid="0" timestamp="2019-07-02T23:04:51.691" intervalms="15.001" />
  <attribute name="GC Util" value="243" />
  <attribute name="CPU Util" value="8300482823354" />
  <attribute name="Time Running"value="2314"/>
  <attribute name="Number of cores"value="4"/>
<gc-start id="1131" type="global" contextid="1130" timestamp="2019-07-02T23:04:51.691">
  <mem-info id="1132" free="0" total="15335424" percent="0">
    <mem type="tenure" free="0" total="15335424" percent="0">
      <mem type="soa" free="0" total="15182848" percent="0" />
      <mem type="loa" free="0" total="152576" percent="0" />
    </mem>
  </mem-info>
</gc-start>
<allocation-stats totalBytes="9212368" >
  <allocated-bytes non-tlh="0" tlh="9212368" />
  <largest-consumer threadName="Thread-8" threadId="000000000112D100" bytes="3941280" />
</allocation-stats>
<gc-op id="1133" type="mark" timems="1.253" contextid="1130" timestamp="2019-07-02T23:04:51.693">
  <trace-info objectcount="69824" scancount="62240" scanbytes="2367156" />
  <finalization candidates="124" enqueued="0" />
  <ownableSynchronizers candidates="3" cleared="0" />
  <references type="soft" candidates="84" cleared="0" enqueued="0" dynamicThreshold="19" maxThreshold="32" />
  <references type="weak" candidates="774" cleared="0" enqueued="0" />
  <references type="phantom" candidates="63" cleared="0" enqueued="0" />
  <stringconstants candidates="4574" cleared="0"  />
</gc-op>
<gc-op id="1134" type="sweep" timems="0.413" contextid="1130" timestamp="2019-07-02T23:04:51.693" />
<heap-resize id="1135" type="expand" space="tenure" amount="1048576" count="1" timems="0.055" reason="excessive time being spent in gc" timestamp="2019-07-02T23:04:51.694" />
<gc-end id="1136" type="global" contextid="1130" durationms="2.261" usertimems="4.000" systemtimems="0.000" timestamp="2019-07-02T23:04:51.694" activeThreads="4">
  <mem-info id="1137" free="10161368" total="16384000" percent="62">
    <mem type="tenure" free="10161368" total="16384000" percent="62" micro-fragmented="65621" macro-fragmented="0">
      <mem type="soa" free="9997528" total="16220160" percent="61" />
      <mem type="loa" free="163840" total="163840" percent="100" />
    </mem>
  </mem-info>
</gc-end>
<cycle-end id="1138" type="global" contextid="1130" timestamp="2019-07-02T23:04:51.694">
  <attribute name="GC Util" value="206" />
  <attribute name="CPU Util" value="14162904461183" />
  <attribute name="Time Running"value="2328"/>
  <attribute name="Number of cores"value="4"/>
</cycle-end>
<allocation-satisfied id="1139" threadId="0000000001130D00" bytesRequested="40" />
<af-end id="1140" timestamp="2019-07-02T23:04:51.694" threadId="0000000001131688" success="true" />
<exclusive-end id="1141" timestamp="2019-07-02T23:04:51.694" durationms="3.137" />

<exclusive-start id="1142" timestamp="2019-07-02T23:04:51.705" intervalms="14.431">
  <response-info timems="0.043" idlems="0.023" threads="1" lastid="0000000001129500" lastname="Thread-10" />
</exclusive-start>
<af-start id="1143" threadId="0000000001131688" totalBytesRequested="40" timestamp="2019-07-02T23:04:51.710" intervalms="18.368" />
<cycle-start id="1144" type="global" contextid="0" timestamp="2019-07-02T23:04:51.710" intervalms="18.351" />
  <attribute name="GC Util" value="206" />
  <attribute name="CPU Util" value="14162904461183" />
  <attribute name="Time Running"value="2328"/>
  <attribute name="Number of cores"value="4"/>
<gc-start id="1145" type="global" contextid="1144" timestamp="2019-07-02T23:04:51.710">
  <mem-info id="1146" free="163840" total="16384000" percent="1">
    <mem type="tenure" free="163840" total="16384000" percent="1">
      <mem type="soa" free="0" total="16220160" percent="0" />
      <mem type="loa" free="163840" total="163840" percent="100" />
    </mem>
  </mem-info>
</gc-start>
<allocation-stats totalBytes="9968304" >
  <allocated-bytes non-tlh="23160" tlh="9945144" />
  <largest-consumer threadName="Thread-8" threadId="000000000112D100" bytes="4509888" />
</allocation-stats>
<gc-op id="1147" type="mark" timems="1.284" contextid="1144" timestamp="2019-07-02T23:04:51.711">
  <trace-info objectcount="67059" scancount="59480" scanbytes="2300764" />
  <finalization candidates="124" enqueued="0" />
  <ownableSynchronizers candidates="3" cleared="0" />
  <references type="soft" candidates="84" cleared="0" enqueued="0" dynamicThreshold="19" maxThreshold="32" />
  <references type="weak" candidates="774" cleared="0" enqueued="0" />
  <references type="phantom" candidates="63" cleared="0" enqueued="0" />
  <stringconstants candidates="4574" cleared="0"  />
</gc-op>
<gc-op id="1148" type="sweep" timems="0.631" contextid="1144" timestamp="2019-07-02T23:04:51.712" />
<gc-end id="1149" type="global" contextid="1144" durationms="2.386" usertimems="4.000" systemtimems="0.000" timestamp="2019-07-02T23:04:51.712" activeThreads="4">
  <mem-info id="1150" free="10470744" total="16384000" percent="63">
    <mem type="tenure" free="10470744" total="16384000" percent="63" micro-fragmented="26249" macro-fragmented="0">
      <mem type="soa" free="10306904" total="16220160" percent="63" />
      <mem type="loa" free="163840" total="163840" percent="100" />
    </mem>
  </mem-info>
</gc-end>
<cycle-end id="1151" type="global" contextid="1144" timestamp="2019-07-02T23:04:51.712">
  <attribute name="GC Util" value="196" />
  <attribute name="CPU Util" value="13437137341013" />
  <attribute name="Time Running"value="2347"/>
  <attribute name="Number of cores"value="4"/>
</cycle-end>
<allocation-satisfied id="1152" threadId="0000000001130D00" bytesRequested="40" />
<af-end id="1153" timestamp="2019-07-02T23:04:51.712" threadId="0000000001131688" success="true" />
<exclusive-end id="1154" timestamp="2019-07-02T23:04:51.713" durationms="7.128" />

<exclusive-start id="1155" timestamp="2019-07-02T23:04:51.720" intervalms="14.140">
  <response-info timems="0.026" idlems="0.026" threads="0" lastid="0000000001130D00" lastname="Thread-9" />
</exclusive-start>
<af-start id="1156" threadId="0000000001131688" totalBytesRequested="40" timestamp="2019-07-02T23:04:51.720" intervalms="10.390" />
<cycle-start id="1157" type="global" contextid="0" timestamp="2019-07-02T23:04:51.720" intervalms="10.321" />
  <attribute name="GC Util" value="196" />
  <attribute name="CPU Util" value="13437137341013" />
  <attribute name="Time Running"value="2347"/>
  <attribute name="Number of cores"value="4"/>
<gc-start id="1158" type="global" contextid="1157" timestamp="2019-07-02T23:04:51.720">
  <mem-info id="1159" free="163840" total="16384000" percent="1">
    <mem type="tenure" free="163840" total="16384000" percent="1">
      <mem type="soa" free="0" total="16220160" percent="0" />
      <mem type="loa" free="163840" total="163840" percent="100" />
    </mem>
  </mem-info>
</gc-start>
<allocation-stats totalBytes="10282536" >
  <allocated-bytes non-tlh="19056" tlh="10263480" />
  <largest-consumer threadName="Thread-9" threadId="0000000001130D00" bytes="2974696" />
</allocation-stats>
<gc-op id="1160" type="mark" timems="1.092" contextid="1157" timestamp="2019-07-02T23:04:51.721">
  <trace-info objectcount="65085" scancount="57509" scanbytes="2252940" />
  <finalization candidates="124" enqueued="0" />
  <ownableSynchronizers candidates="3" cleared="0" />
  <references type="soft" candidates="84" cleared="0" enqueued="0" dynamicThreshold="20" maxThreshold="32" />
  <references type="weak" candidates="774" cleared="0" enqueued="0" />
  <references type="phantom" candidates="63" cleared="0" enqueued="0" />
  <stringconstants candidates="4574" cleared="0"  />
</gc-op>
<gc-op id="1161" type="sweep" timems="0.337" contextid="1157" timestamp="2019-07-02T23:04:51.722" />
<gc-end id="1162" type="global" contextid="1157" durationms="1.667" usertimems="4.000" systemtimems="0.000" timestamp="2019-07-02T23:04:51.722" activeThreads="4">
  <mem-info id="1163" free="10547128" total="16384000" percent="64">
    <mem type="tenure" free="10547128" total="16384000" percent="64" micro-fragmented="21071" macro-fragmented="0">
      <mem type="soa" free="10383288" total="16220160" percent="64" />
      <mem type="loa" free="163840" total="163840" percent="100" />
    </mem>
  </mem-info>
</gc-end>
<cycle-end id="1164" type="global" contextid="1157" timestamp="2019-07-02T23:04:51.722">
  <attribute name="GC Util" value="228" />
  <attribute name="CPU Util" value="16066437090141" />
  <attribute name="Time Running"value="2357"/>
  <attribute name="Number of cores"value="4"/>
</cycle-end>
<allocation-satisfied id="1165" threadId="0000000001130D00" bytesRequested="40" />
<af-end id="1166" timestamp="2019-07-02T23:04:51.722" threadId="0000000001131688" success="true" />
<exclusive-end id="1167" timestamp="2019-07-02T23:04:51.722" durationms="2.381" />

<exclusive-start id="1168" timestamp="2019-07-02T23:04:51.730" intervalms="10.716">
  <response-info timems="0.067" idlems="0.043" threads="1" lastid="0000000001130D00" lastname="Thread-9" />
</exclusive-start>
<af-start id="1169" threadId="0000000001129E88" totalBytesRequested="40" timestamp="2019-07-02T23:04:51.730" intervalms="10.451" />
<cycle-start id="1170" type="global" contextid="0" timestamp="2019-07-02T23:04:51.730" intervalms="10.479" />
  <attribute name="GC Util" value="228" />
  <attribute name="CPU Util" value="16066437090141" />
  <attribute name="Time Running"value="2357"/>
  <attribute name="Number of cores"value="4"/>
<gc-start id="1171" type="global" contextid="1170" timestamp="2019-07-02T23:04:51.731">
  <mem-info id="1172" free="163840" total="16384000" percent="1">
    <mem type="tenure" free="163840" total="16384000" percent="1">
      <mem type="soa" free="0" total="16220160" percent="0" />
      <mem type="loa" free="163840" total="163840" percent="100" />
    </mem>
  </mem-info>
</gc-start>
<allocation-stats totalBytes="10358200" >
  <allocated-bytes non-tlh="19056" tlh="10339144" />
  <largest-consumer threadName="Thread-8" threadId="000000000112D100" bytes="3231712" />
</allocation-stats>
<gc-op id="1173" type="mark" timems="2.182" contextid="1170" timestamp="2019-07-02T23:04:51.733">
  <trace-info objectcount="62094" scancount="54524" scanbytes="2181396" />
  <finalization candidates="124" enqueued="0" />
  <ownableSynchronizers candidates="3" cleared="0" />
  <references type="soft" candidates="84" cleared="0" enqueued="0" dynamicThreshold="20" maxThreshold="32" />
  <references type="weak" candidates="774" cleared="0" enqueued="0" />
  <references type="phantom" candidates="63" cleared="0" enqueued="0" />
  <stringconstants candidates="4574" cleared="0"  />
</gc-op>
<gc-op id="1174" type="sweep" timems="0.855" contextid="1170" timestamp="2019-07-02T23:04:51.734" />
<heap-resize id="1175" type="contract" space="tenure" amount="131072" count="1" timems="0.037" reason="excess free space following gc" timestamp="2019-07-02T23:04:51.734" />
<gc-end id="1176" type="global" contextid="1170" durationms="3.401" usertimems="8.000" systemtimems="0.000" timestamp="2019-07-02T23:04:51.734" activeThreads="4">
  <mem-info id="1177" free="10398640" total="16252928" percent="63">
    <mem type="tenure" free="10398640" total="16252928" percent="63" micro-fragmented="9479" macro-fragmented="0">
      <mem type="soa" free="10398640" total="16091136" percent="64" />
      <mem type="loa" free="0" total="161792" percent="0" />
    </mem>
  </mem-info>
</gc-end>
<cycle-end id="1178" type="global" contextid="1170" timestamp="2019-07-02T23:04:51.734">
  <attribute name="GC Util" value="252" />
  <attribute name="CPU Util" value="8300471617090" />
  <attribute name="Time Running"value="2368"/>
  <attribute name="Number of cores"value="4"/>
</cycle-end>
<allocation-satisfied id="1179" threadId="0000000001129500" bytesRequested="40" />
<af-end id="1180" timestamp="2019-07-02T23:04:51.734" threadId="0000000001129E88" success="true" />
<exclusive-end id="1181" timestamp="2019-07-02T23:04:51.734" durationms="4.013" />

<exclusive-start id="1182" timestamp="2019-07-02T23:04:51.741" intervalms="10.714">
  <response-info timems="0.025" idlems="0.025" threads="0" lastid="000000000112D100" lastname="Thread-8" />
</exclusive-start>
<af-start id="1183" threadId="000000000112DA88" totalBytesRequested="40" timestamp="2019-07-02T23:04:51.741" intervalms="10.681" />
<cycle-start id="1184" type="global" contextid="0" timestamp="2019-07-02T23:04:51.741" intervalms="10.654" />
  <attribute name="GC Util" value="252" />
  <attribute name="CPU Util" value="8300471617090" />
  <attribute name="Time Running"value="2368"/>
  <attribute name="Number of cores"value="4"/>
<gc-start id="1185" type="global" contextid="1184" timestamp="2019-07-02T23:04:51.741">
  <mem-info id="1186" free="0" total="16252928" percent="0">
    <mem type="tenure" free="0" total="16252928" percent="0">
      <mem type="soa" free="0" total="16091136" percent="0" />
      <mem type="loa" free="0" total="161792" percent="0" />
    </mem>
  </mem-info>
</gc-start>
<allocation-stats totalBytes="10386328" >
  <allocated-bytes non-tlh="0" tlh="10386328" />
  <largest-consumer threadName="Thread-7" threadId="0000000001134900" bytes="2727552" />
</allocation-stats>
<gc-op id="1187" type="mark" timems="1.908" contextid="1184" timestamp="2019-07-02T23:04:51.743">
  <trace-info objectcount="63470" scancount="55882" scanbytes="2214500" />
  <finalization candidates="124" enqueued="0" />
  <ownableSynchronizers candidates="3" cleared="0" />
  <references type="soft" candidates="84" cleared="0" enqueued="0" dynamicThreshold="20" maxThreshold="32" />
  <references type="weak" candidates="774" cleared="0" enqueued="0" />
  <references type="phantom" candidates="63" cleared="0" enqueued="0" />
  <stringconstants candidates="4574" cleared="0"  />
</gc-op>
<gc-op id="1188" type="sweep" timems="0.819" contextid="1184" timestamp="2019-07-02T23:04:51.744" />
<mem-info id="1189" free="10366280" total="16252928" percent="63">
  <mem type="tenure" free="10366280" total="16252928" percent="63" micro-fragmented="39278" macro-fragmented="0">
    <mem type="soa" free="10300312" total="16091136" percent="64" />
    <mem type="loa" free="65968" total="161792" percent="40" />
  </mem>
</mem-info>
<gc-op id="1190" type="compact" timems="5.170" contextid="1184" timestamp="2019-07-02T23:04:51.750">
  <compact-info movecount="23731" movebytes="1120200" reason="compact to aid heap contraction" />
</gc-op>
<heap-resize id="1191" type="contract" space="tenure" amount="131072" count="1" timems="0.068" reason="excess free space following gc" timestamp="2019-07-02T23:04:51.750" />
<gc-end id="1192" type="global" contextid="1184" durationms="8.686" usertimems="16.000" systemtimems="0.000" timestamp="2019-07-02T23:04:51.750" activeThreads="4">
  <mem-info id="1193" free="10341728" total="16121856" percent="64">
    <mem type="tenure" free="10341728" total="16121856" percent="64">
      <mem type="soa" free="10211680" total="15961088" percent="63" />
      <mem type="loa" free="130048" total="160768" percent="80" />
    </mem>
  </mem-info>
</gc-end>
<cycle-end id="1194" type="global" contextid="1184" timestamp="2019-07-02T23:04:51.750">
  <attribute name="GC Util" value="143" />
  <attribute name="CPU Util" value="17652876499220" />
  <attribute name="Time Running"value="2380"/>
  <attribute name="Number of cores"value="4"/>
</cycle-end>
<allocation-satisfied id="1195" threadId="000000000112D100" bytesRequested="40" />
<af-end id="1196" timestamp="2019-07-02T23:04:51.750" threadId="000000000112DA88" success="true" />
<exclusive-end id="1197" timestamp="2019-07-02T23:04:51.750" durationms="9.272" />

<exclusive-start id="1198" timestamp="2019-07-02T23:04:51.757" intervalms="15.708">
  <response-info timems="0.036" idlems="0.036" threads="0" lastid="0000000001129500" lastname="Thread-10" />
</exclusive-start>
<af-start id="1199" threadId="0000000001129E88" totalBytesRequested="24" timestamp="2019-07-02T23:04:51.757" intervalms="15.685" />
<cycle-start id="1200" type="global" contextid="0" timestamp="2019-07-02T23:04:51.757" intervalms="15.671" />
  <attribute name="GC Util" value="143" />
  <attribute name="CPU Util" value="17652876499220" />
  <attribute name="Time Running"value="2380"/>
  <attribute name="Number of cores"value="4"/>
<gc-start id="1201" type="global" contextid="1200" timestamp="2019-07-02T23:04:51.757">
  <mem-info id="1202" free="130048" total="16121856" percent="0">
    <mem type="tenure" free="130048" total="16121856" percent="0">
      <mem type="soa" free="0" total="15961088" percent="0" />
      <mem type="loa" free="130048" total="160768" percent="80" />
    </mem>
  </mem-info>
</gc-start>
<allocation-stats totalBytes="10275768" >
  <allocated-bytes non-tlh="0" tlh="10275768" />
  <largest-consumer threadName="Thread-7" threadId="0000000001134900" bytes="2719456" />
</allocation-stats>
<gc-op id="1203" type="mark" timems="2.464" contextid="1200" timestamp="2019-07-02T23:04:51.759">
  <trace-info objectcount="64799" scancount="57227" scanbytes="2246556" />
  <finalization candidates="124" enqueued="0" />
  <ownableSynchronizers candidates="3" cleared="0" />
  <references type="soft" candidates="84" cleared="0" enqueued="0" dynamicThreshold="20" maxThreshold="32" />
  <references type="weak" candidates="774" cleared="0" enqueued="0" />
  <references type="phantom" candidates="63" cleared="0" enqueued="0" />
  <stringconstants candidates="4574" cleared="0"  />
</gc-op>
<gc-op id="1204" type="sweep" timems="0.773" contextid="1200" timestamp="2019-07-02T23:04:51.760" />
<heap-resize id="1205" type="contract" space="tenure" amount="131072" count="1" timems="0.212" reason="excess free space following gc" timestamp="2019-07-02T23:04:51.761" />
<gc-end id="1206" type="global" contextid="1200" durationms="3.818" usertimems="8.000" systemtimems="0.000" timestamp="2019-07-02T23:04:51.761" activeThreads="4">
  <mem-info id="1207" free="10187432" total="15990784" percent="63">
    <mem type="tenure" free="10187432" total="15990784" percent="63" micro-fragmented="5132" macro-fragmented="0">
      <mem type="soa" free="10106224" total="15831040" percent="63" />
      <mem type="loa" free="81208" total="159744" percent="50" />
    </mem>
  </mem-info>
</gc-end>
<cycle-end id="1208" type="global" contextid="1200" timestamp="2019-07-02T23:04:51.761">
  <attribute name="GC Util" value="244" />
  <attribute name="CPU Util" value="7214461822209" />
  <attribute name="Time Running"value="2395"/>
  <attribute name="Number of cores"value="4"/>
</cycle-end>
<allocation-satisfied id="1209" threadId="0000000001129500" bytesRequested="24" />
<af-end id="1210" timestamp="2019-07-02T23:04:51.761" threadId="0000000001129E88" success="true" />
<exclusive-end id="1211" timestamp="2019-07-02T23:04:51.761" durationms="4.317" />

<exclusive-start id="1212" timestamp="2019-07-02T23:04:51.768" intervalms="10.896">
  <response-info timems="0.023" idlems="0.023" threads="0" lastid="0000000001130D00" lastname="Thread-9" />
</exclusive-start>
<af-start id="1213" threadId="0000000001131688" totalBytesRequested="40" timestamp="2019-07-02T23:04:51.768" intervalms="10.940" />
<cycle-start id="1214" type="global" contextid="0" timestamp="2019-07-02T23:04:51.768" intervalms="10.991" />
  <attribute name="GC Util" value="244" />
  <attribute name="CPU Util" value="7214461822209" />
  <attribute name="Time Running"value="2395"/>
  <attribute name="Number of cores"value="4"/>
<gc-start id="1215" type="global" contextid="1214" timestamp="2019-07-02T23:04:51.768">
  <mem-info id="1216" free="81208" total="15990784" percent="0">
    <mem type="tenure" free="81208" total="15990784" percent="0">
      <mem type="soa" free="0" total="15831040" percent="0" />
      <mem type="loa" free="81208" total="159744" percent="50" />
    </mem>
  </mem-info>
</gc-start>
<allocation-stats totalBytes="10097336" >
  <allocated-bytes non-tlh="0" tlh="10097336" />
  <largest-consumer threadName="Thread-9" threadId="0000000001130D00" bytes="2674200" />
</allocation-stats>
<gc-op id="1217" type="mark" timems="1.909" contextid="1214" timestamp="2019-07-02T23:04:51.770">
  <trace-info objectcount="65944" scancount="58359" scanbytes="2274068" />
  <finalization candidates="124" enqueued="0" />
  <ownableSynchronizers candidates="3" cleared="0" />
  <references type="soft" candidates="84" cleared="0" enqueued="0" dynamicThreshold="20" maxThreshold="32" />
  <references type="weak" candidates="774" cleared="0" enqueued="0" />
  <references type="phantom" candidates="63" cleared="0" enqueued="0" />
  <stringconstants candidates="4574" cleared="0"  />
</gc-op>
<gc-op id="1218" type="sweep" timems="0.804" contextid="1214" timestamp="2019-07-02T23:04:51.771" />
<mem-info id="1219" free="10204840" total="15990784" percent="63">
  <mem type="tenure" free="10204840" total="15990784" percent="63" micro-fragmented="8466" macro-fragmented="0">
    <mem type="soa" free="10051672" total="15831040" percent="63" />
    <mem type="loa" free="153168" total="159744" percent="95" />
  </mem>
</mem-info>
<gc-op id="1220" type="compact" timems="4.663" contextid="1214" timestamp="2019-07-02T23:04:51.776">
  <compact-info movecount="8752" movebytes="367800" reason="compact to aid heap contraction" />
</gc-op>
<heap-resize id="1221" type="contract" space="tenure" amount="131072" count="1" timems="0.038" reason="excess free space following gc" timestamp="2019-07-02T23:04:51.776" />
<gc-end id="1222" type="global" contextid="1214" durationms="8.192" usertimems="12.000" systemtimems="0.000" timestamp="2019-07-02T23:04:51.776" activeThreads="4">
  <mem-info id="1223" free="10022064" total="15859712" percent="63">
    <mem type="tenure" free="10022064" total="15859712" percent="63">
      <mem type="soa" free="9893040" total="15702016" percent="63" />
      <mem type="loa" free="129024" total="157696" percent="81" />
    </mem>
  </mem-info>
</gc-end>
<cycle-end id="1224" type="global" contextid="1214" timestamp="2019-07-02T23:04:51.776">
  <attribute name="GC Util" value="147" />
  <attribute name="CPU Util" value="17856341916765" />
  <attribute name="Time Running"value="2406"/>
  <attribute name="Number of cores"value="4"/>
</cycle-end>
<allocation-satisfied id="1225" threadId="0000000001130D00" bytesRequested="40" />
<af-end id="1226" timestamp="2019-07-02T23:04:51.777" threadId="0000000001131688" success="true" />
<exclusive-end id="1227" timestamp="2019-07-02T23:04:51.777" durationms="9.101" />

<exclusive-start id="1228" timestamp="2019-07-02T23:04:51.783" intervalms="15.444">
  <response-info timems="0.028" idlems="0.028" threads="0" lastid="000000000112D100" lastname="Thread-8" />
</exclusive-start>
<af-start id="1229" threadId="000000000112DA88" totalBytesRequested="40" timestamp="2019-07-02T23:04:51.783" intervalms="15.447" />
<cycle-start id="1230" type="global" contextid="0" timestamp="2019-07-02T23:04:51.783" intervalms="15.442" />
  <attribute name="GC Util" value="147" />
  <attribute name="CPU Util" value="17856341916765" />
  <attribute name="Time Running"value="2406"/>
  <attribute name="Number of cores"value="4"/>
<gc-start id="1231" type="global" contextid="1230" timestamp="2019-07-02T23:04:51.783">
  <mem-info id="1232" free="129024" total="15859712" percent="0">
    <mem type="tenure" free="129024" total="15859712" percent="0">
      <mem type="soa" free="0" total="15702016" percent="0" />
      <mem type="loa" free="129024" total="157696" percent="81" />
    </mem>
  </mem-info>
</gc-start>
<allocation-stats totalBytes="9957384" >
  <allocated-bytes non-tlh="0" tlh="9957384" />
  <largest-consumer threadName="Thread-9" threadId="0000000001130D00" bytes="2588384" />
</allocation-stats>
<gc-op id="1233" type="mark" timems="1.074" contextid="1230" timestamp="2019-07-02T23:04:51.785">
  <trace-info objectcount="66912" scancount="59341" scanbytes="2296828" />
  <finalization candidates="124" enqueued="0" />
  <ownableSynchronizers candidates="3" cleared="0" />
  <references type="soft" candidates="84" cleared="0" enqueued="0" dynamicThreshold="20" maxThreshold="32" />
  <references type="weak" candidates="774" cleared="0" enqueued="0" />
  <references type="phantom" candidates="63" cleared="0" enqueued="0" />
  <stringconstants candidates="4574" cleared="0"  />
</gc-op>
<gc-op id="1234" type="sweep" timems="0.302" contextid="1230" timestamp="2019-07-02T23:04:51.785" />
<heap-resize id="1235" type="contract" space="tenure" amount="131072" count="1" timems="0.056" reason="excess free space following gc" timestamp="2019-07-02T23:04:51.785" />
<gc-end id="1236" type="global" contextid="1230" durationms="1.914" usertimems="0.000" systemtimems="4.000" timestamp="2019-07-02T23:04:51.785" activeThreads="4">
  <mem-info id="1237" free="9919736" total="15728640" percent="63">
    <mem type="tenure" free="9919736" total="15728640" percent="63" micro-fragmented="768" macro-fragmented="0">
      <mem type="soa" free="9798520" total="15571968" percent="62" />
      <mem type="loa" free="121216" total="156672" percent="77" />
    </mem>
  </mem-info>
</gc-end>
<cycle-end id="1238" type="global" contextid="1230" timestamp="2019-07-02T23:04:51.785">
  <attribute name="GC Util" value="200" />
  <attribute name="CPU Util" value="15853629278312" />
  <attribute name="Time Running"value="2420"/>
  <attribute name="Number of cores"value="4"/>
</cycle-end>
<allocation-satisfied id="1239" threadId="000000000112D100" bytesRequested="40" />
<af-end id="1240" timestamp="2019-07-02T23:04:51.786" threadId="000000000112DA88" success="true" />
<exclusive-end id="1241" timestamp="2019-07-02T23:04:51.786" durationms="2.594" />

<exclusive-start id="1242" timestamp="2019-07-02T23:04:51.792" intervalms="8.992">
  <response-info timems="0.023" idlems="0.023" threads="0" lastid="000000000112D100" lastname="Thread-8" />
</exclusive-start>
<af-start id="1243" threadId="000000000112DA88" totalBytesRequested="40" timestamp="2019-07-02T23:04:51.792" intervalms="8.991" />
<cycle-start id="1244" type="global" contextid="0" timestamp="2019-07-02T23:04:51.792" intervalms="9.025" />
  <attribute name="GC Util" value="200" />
  <attribute name="CPU Util" value="15853629278312" />
  <attribute name="Time Running"value="2420"/>
  <attribute name="Number of cores"value="4"/>
<gc-start id="1245" type="global" contextid="1244" timestamp="2019-07-02T23:04:51.792">
  <mem-info id="1246" free="121216" total="15728640" percent="0">
    <mem type="tenure" free="121216" total="15728640" percent="0">
      <mem type="soa" free="0" total="15571968" percent="0" />
      <mem type="loa" free="121216" total="156672" percent="77" />
    </mem>
  </mem-info>
</gc-start>
<allocation-stats totalBytes="9790272" >
  <allocated-bytes non-tlh="0" tlh="9790272" />
  <largest-consumer threadName="Thread-9" threadId="0000000001130D00" bytes="2549320" />
</allocation-stats>
<gc-op id="1247" type="mark" timems="1.155" contextid="1244" timestamp="2019-07-02T23:04:51.794">
  <trace-info objectcount="68201" scancount="60626" scanbytes="2327996" />
  <finalization candidates="124" enqueued="0" />
  <ownableSynchronizers candidates="3" cleared="0" />
  <references type="soft" candidates="84" cleared="0" enqueued="0" dynamicThreshold="20" maxThreshold="32" />
  <references type="weak" candidates="774" cleared="0" enqueued="0" />
  <references type="phantom" candidates="63" cleared="0" enqueued="0" />
  <stringconstants candidates="4574" cleared="0"  />
</gc-op>
<gc-op id="1248" type="sweep" timems="0.302" contextid="1244" timestamp="2019-07-02T23:04:51.794" />
<heap-resize id="1249" type="contract" space="tenure" amount="131072" count="1" timems="0.091" reason="excess free space following gc" timestamp="2019-07-02T23:04:51.794" />
<gc-end id="1250" type="global" contextid="1244" durationms="2.158" usertimems="4.000" systemtimems="0.000" timestamp="2019-07-02T23:04:51.795" activeThreads="4">
  <mem-info id="1251" free="9688960" total="15597568" percent="62">
    <mem type="tenure" free="9688960" total="15597568" percent="62" micro-fragmented="22612" macro-fragmented="0">
      <mem type="soa" free="9609104" total="15441920" percent="62" />
      <mem type="loa" free="79856" total="155648" percent="51" />
    </mem>
  </mem-info>
</gc-end>
<cycle-end id="1252" type="global" contextid="1244" timestamp="2019-07-02T23:04:51.795">
  <attribute name="GC Util" value="193" />
  <attribute name="CPU Util" value="14664772502048" />
  <attribute name="Time Running"value="2429"/>
  <attribute name="Number of cores"value="4"/>
</cycle-end>
<allocation-satisfied id="1253" threadId="000000000112D100" bytesRequested="40" />
<af-end id="1254" timestamp="2019-07-02T23:04:51.795" threadId="000000000112DA88" success="true" />
<exclusive-end id="1255" timestamp="2019-07-02T23:04:51.795" durationms="2.920" />

<exclusive-start id="1256" timestamp="2019-07-02T23:04:51.802" intervalms="9.499">
  <response-info timems="0.026" idlems="0.026" threads="0" lastid="000000000112D100" lastname="Thread-8" />
</exclusive-start>
<af-start id="1257" threadId="000000000112DA88" totalBytesRequested="24" timestamp="2019-07-02T23:04:51.802" intervalms="9.493" />
<cycle-start id="1258" type="global" contextid="0" timestamp="2019-07-02T23:04:51.802" intervalms="9.457" />
  <attribute name="GC Util" value="193" />
  <attribute name="CPU Util" value="14664772502048" />
  <attribute name="Time Running"value="2429"/>
  <attribute name="Number of cores"value="4"/>
<gc-start id="1259" type="global" contextid="1258" timestamp="2019-07-02T23:04:51.802">
  <mem-info id="1260" free="79856" total="15597568" percent="0">
    <mem type="tenure" free="79856" total="15597568" percent="0">
      <mem type="soa" free="0" total="15441920" percent="0" />
      <mem type="loa" free="79856" total="155648" percent="51" />
    </mem>
  </mem-info>
</gc-start>
<allocation-stats totalBytes="9592208" >
  <allocated-bytes non-tlh="0" tlh="9592208" />
  <largest-consumer threadName="Thread-9" threadId="0000000001130D00" bytes="2543624" />
</allocation-stats>
<gc-op id="1261" type="mark" timems="1.079" contextid="1258" timestamp="2019-07-02T23:04:51.803">
  <trace-info objectcount="69271" scancount="61697" scanbytes="2353372" />
  <finalization candidates="124" enqueued="0" />
  <ownableSynchronizers candidates="3" cleared="0" />
  <references type="soft" candidates="84" cleared="0" enqueued="0" dynamicThreshold="19" maxThreshold="32" />
  <references type="weak" candidates="774" cleared="0" enqueued="0" />
  <references type="phantom" candidates="63" cleared="0" enqueued="0" />
  <stringconstants candidates="4574" cleared="0"  />
</gc-op>
<gc-op id="1262" type="sweep" timems="0.331" contextid="1258" timestamp="2019-07-02T23:04:51.803" />
<mem-info id="1263" free="9607848" total="15597568" percent="61">
  <mem type="tenure" free="9607848" total="15597568" percent="61" micro-fragmented="17722" macro-fragmented="0">
    <mem type="soa" free="9518584" total="15441920" percent="61" />
    <mem type="loa" free="89264" total="155648" percent="57" />
  </mem>
</mem-info>
<gc-op id="1264" type="compact" timems="3.204" contextid="1258" timestamp="2019-07-02T23:04:51.807">
  <compact-info movecount="5472" movebytes="132128" reason="compact to aid heap contraction" />
</gc-op>
<heap-resize id="1265" type="contract" space="tenure" amount="131072" count="1" timems="0.078" reason="excess free space following gc" timestamp="2019-07-02T23:04:51.807" />
<gc-end id="1266" type="global" contextid="1258" durationms="5.354" usertimems="8.000" systemtimems="0.000" timestamp="2019-07-02T23:04:51.807" activeThreads="4">
  <mem-info id="1267" free="9553640" total="15466496" percent="61">
    <mem type="tenure" free="9553640" total="15466496" percent="61">
      <mem type="soa" free="9423592" total="15311872" percent="61" />
      <mem type="loa" free="130048" total="154624" percent="84" />
    </mem>
  </mem-info>
</gc-end>
<cycle-end id="1268" type="global" contextid="1258" timestamp="2019-07-02T23:04:51.807">
  <attribute name="GC Util" value="14" />
  <attribute name="CPU Util" value="34591298713553" />
  <attribute name="Time Running"value="2439"/>
  <attribute name="Number of cores"value="4"/>
</cycle-end>
<allocation-satisfied id="1269" threadId="000000000112D100" bytesRequested="24" />
<af-end id="1270" timestamp="2019-07-02T23:04:51.808" threadId="000000000112DA88" success="true" />
<exclusive-end id="1271" timestamp="2019-07-02T23:04:51.808" durationms="6.086" />

<exclusive-start id="1272" timestamp="2019-07-02T23:04:51.814" intervalms="12.280">
  <response-info timems="0.031" idlems="0.031" threads="0" lastid="0000000001134900" lastname="Thread-7" />
</exclusive-start>
<af-start id="1273" threadId="0000000001135288" totalBytesRequested="40" timestamp="2019-07-02T23:04:51.814" intervalms="12.323" />
<cycle-start id="1274" type="global" contextid="0" timestamp="2019-07-02T23:04:51.814" intervalms="12.363" />
  <attribute name="GC Util" value="14" />
  <attribute name="CPU Util" value="34591298713553" />
  <attribute name="Time Running"value="2439"/>
  <attribute name="Number of cores"value="4"/>
<gc-start id="1275" type="global" contextid="1274" timestamp="2019-07-02T23:04:51.814">
  <mem-info id="1276" free="130048" total="15466496" percent="0">
    <mem type="tenure" free="130048" total="15466496" percent="0">
      <mem type="soa" free="0" total="15311872" percent="0" />
      <mem type="loa" free="130048" total="154624" percent="84" />
    </mem>
  </mem-info>
</gc-start>
<allocation-stats totalBytes="9487592" >
  <allocated-bytes non-tlh="0" tlh="9487592" />
  <largest-consumer threadName="Thread-9" threadId="0000000001130D00" bytes="2509184" />
</allocation-stats>
<gc-op id="1277" type="mark" timems="2.277" contextid="1274" timestamp="2019-07-02T23:04:51.817">
  <trace-info objectcount="70487" scancount="62916" scanbytes="2383164" />
  <finalization candidates="124" enqueued="0" />
  <ownableSynchronizers candidates="3" cleared="0" />
  <references type="soft" candidates="84" cleared="0" enqueued="0" dynamicThreshold="19" maxThreshold="32" />
  <references type="weak" candidates="774" cleared="0" enqueued="0" />
  <references type="phantom" candidates="63" cleared="0" enqueued="0" />
  <stringconstants candidates="4574" cleared="0"  />
</gc-op>
<gc-op id="1278" type="sweep" timems="0.764" contextid="1274" timestamp="2019-07-02T23:04:51.817" />
<heap-resize id="1279" type="contract" space="tenure" amount="131072" count="1" timems="0.081" reason="excess free space following gc" timestamp="2019-07-02T23:04:51.818" />
<gc-end id="1280" type="global" contextid="1274" durationms="3.592" usertimems="8.000" systemtimems="0.000" timestamp="2019-07-02T23:04:51.818" activeThreads="4">
  <mem-info id="1281" free="9396112" total="15335424" percent="61">
    <mem type="tenure" free="9396112" total="15335424" percent="61" micro-fragmented="10026" macro-fragmented="0">
      <mem type="soa" free="9321056" total="15182848" percent="61" />
      <mem type="loa" free="75056" total="152576" percent="49" />
    </mem>
  </mem-info>
</gc-end>
<cycle-end id="1282" type="global" contextid="1274" timestamp="2019-07-02T23:04:51.818">
  <attribute name="GC Util" value="249" />
  <attribute name="CPU Util" value="7790404920411" />
  <attribute name="Time Running"value="2452"/>
  <attribute name="Number of cores"value="4"/>
</cycle-end>
<allocation-satisfied id="1283" threadId="0000000001134900" bytesRequested="40" />
<af-end id="1284" timestamp="2019-07-02T23:04:51.818" threadId="0000000001135288" success="true" />
<exclusive-end id="1285" timestamp="2019-07-02T23:04:51.818" durationms="4.371" />

<exclusive-start id="1286" timestamp="2019-07-02T23:04:51.824" intervalms="10.617">
  <response-info timems="0.022" idlems="0.022" threads="0" lastid="0000000001130D00" lastname="Thread-9" />
</exclusive-start>
<af-start id="1287" threadId="0000000001131688" totalBytesRequested="40" timestamp="2019-07-02T23:04:51.825" intervalms="10.602" />
<cycle-start id="1288" type="global" contextid="0" timestamp="2019-07-02T23:04:51.825" intervalms="10.561" />
  <attribute name="GC Util" value="249" />
  <attribute name="CPU Util" value="7790404920411" />
  <attribute name="Time Running"value="2452"/>
  <attribute name="Number of cores"value="4"/>
<gc-start id="1289" type="global" contextid="1288" timestamp="2019-07-02T23:04:51.825">
  <mem-info id="1290" free="75056" total="15335424" percent="0">
    <mem type="tenure" free="75056" total="15335424" percent="0">
      <mem type="soa" free="0" total="15182848" percent="0" />
      <mem type="loa" free="75056" total="152576" percent="49" />
    </mem>
  </mem-info>
</gc-start>
<allocation-stats totalBytes="9313448" >
  <allocated-bytes non-tlh="0" tlh="9313448" />
  <largest-consumer threadName="Thread-9" threadId="0000000001130D00" bytes="2540280" />
</allocation-stats>
<gc-op id="1291" type="mark" timems="2.295" contextid="1288" timestamp="2019-07-02T23:04:51.827">
  <trace-info objectcount="71557" scancount="63990" scanbytes="2409036" />
  <finalization candidates="124" enqueued="0" />
  <ownableSynchronizers candidates="3" cleared="0" />
  <references type="soft" candidates="84" cleared="0" enqueued="0" dynamicThreshold="19" maxThreshold="32" />
  <references type="weak" candidates="774" cleared="0" enqueued="0" />
  <references type="phantom" candidates="63" cleared="0" enqueued="0" />
  <stringconstants candidates="4574" cleared="0"  />
</gc-op>
<gc-op id="1292" type="sweep" timems="0.991" contextid="1288" timestamp="2019-07-02T23:04:51.828" />
<gc-end id="1293" type="global" contextid="1288" durationms="3.635" usertimems="4.000" systemtimems="4.000" timestamp="2019-07-02T23:04:51.828" activeThreads="4">
  <mem-info id="1294" free="9346800" total="15335424" percent="60">
    <mem type="tenure" free="9346800" total="15335424" percent="60" micro-fragmented="15926" macro-fragmented="0">
      <mem type="soa" free="9261064" total="15182848" percent="60" />
      <mem type="loa" free="85736" total="152576" percent="56" />
    </mem>
  </mem-info>
</gc-end>
<cycle-end id="1295" type="global" contextid="1288" timestamp="2019-07-02T23:04:51.828">
  <attribute name="GC Util" value="247" />
  <attribute name="CPU Util" value="7723916504227" />
  <attribute name="Time Running"value="2462"/>
  <attribute name="Number of cores"value="4"/>
</cycle-end>
<allocation-satisfied id="1296" threadId="0000000001130D00" bytesRequested="40" />
<af-end id="1297" timestamp="2019-07-02T23:04:51.829" threadId="0000000001131688" success="true" />
<exclusive-end id="1298" timestamp="2019-07-02T23:04:51.829" durationms="4.353" />

<exclusive-start id="1299" timestamp="2019-07-02T23:04:51.835" intervalms="10.940">
  <response-info timems="0.030" idlems="0.030" threads="0" lastid="0000000001134900" lastname="Thread-7" />
</exclusive-start>
<af-start id="1300" threadId="0000000001135288" totalBytesRequested="136" timestamp="2019-07-02T23:04:51.835" intervalms="10.922" />
<cycle-start id="1301" type="global" contextid="0" timestamp="2019-07-02T23:04:51.836" intervalms="10.933" />
  <attribute name="GC Util" value="247" />
  <attribute name="CPU Util" value="7723916504227" />
  <attribute name="Time Running"value="2462"/>
  <attribute name="Number of cores"value="4"/>
<gc-start id="1302" type="global" contextid="1301" timestamp="2019-07-02T23:04:51.836">
  <mem-info id="1303" free="85736" total="15335424" percent="0">
    <mem type="tenure" free="85736" total="15335424" percent="0">
      <mem type="soa" free="0" total="15182848" percent="0" />
      <mem type="loa" free="85736" total="152576" percent="56" />
    </mem>
  </mem-info>
</gc-start>
<allocation-stats totalBytes="9245624" >
  <allocated-bytes non-tlh="0" tlh="9245624" />
  <largest-consumer threadName="Thread-8" threadId="000000000112D100" bytes="2423056" />
</allocation-stats>
<gc-op id="1304" type="mark" timems="2.318" contextid="1301" timestamp="2019-07-02T23:04:51.838">
  <trace-info objectcount="72510" scancount="64929" scanbytes="2431388" />
  <finalization candidates="124" enqueued="0" />
  <ownableSynchronizers candidates="3" cleared="0" />
  <references type="soft" candidates="84" cleared="0" enqueued="0" dynamicThreshold="19" maxThreshold="32" />
  <references type="weak" candidates="774" cleared="0" enqueued="0" />
  <references type="phantom" candidates="63" cleared="0" enqueued="0" />
  <stringconstants candidates="4574" cleared="0"  />
</gc-op>
<gc-op id="1305" type="sweep" timems="0.832" contextid="1301" timestamp="2019-07-02T23:04:51.839" />
<gc-end id="1306" type="global" contextid="1301" durationms="3.474" usertimems="8.000" systemtimems="0.000" timestamp="2019-07-02T23:04:51.839" activeThreads="4">
  <mem-info id="1307" free="9278944" total="15335424" percent="60">
    <mem type="tenure" free="9278944" total="15335424" percent="60" micro-fragmented="7433" macro-fragmented="0">
      <mem type="soa" free="9193208" total="15182848" percent="60" />
      <mem type="loa" free="85736" total="152576" percent="56" />
    </mem>
  </mem-info>
</gc-end>
<cycle-end id="1308" type="global" contextid="1301" timestamp="2019-07-02T23:04:51.839">
  <attribute name="GC Util" value="261" />
  <attribute name="CPU Util" value="7656433183351" />
  <attribute name="Time Running"value="2473"/>
  <attribute name="Number of cores"value="4"/>
</cycle-end>
<allocation-satisfied id="1309" threadId="0000000001134900" bytesRequested="136" />
<af-end id="1310" timestamp="2019-07-02T23:04:51.840" threadId="0000000001135288" success="true" />
<exclusive-end id="1311" timestamp="2019-07-02T23:04:51.840" durationms="4.305" />

<exclusive-start id="1312" timestamp="2019-07-02T23:04:51.846" intervalms="10.711">
  <response-info timems="0.030" idlems="0.030" threads="0" lastid="0000000001129500" lastname="Thread-10" />
</exclusive-start>
<af-start id="1313" threadId="0000000001129E88" totalBytesRequested="40" timestamp="2019-07-02T23:04:51.846" intervalms="10.661" />
<cycle-start id="1314" type="global" contextid="0" timestamp="2019-07-02T23:04:51.846" intervalms="10.649" />
  <attribute name="GC Util" value="261" />
  <attribute name="CPU Util" value="7656433183351" />
  <attribute name="Time Running"value="2473"/>
  <attribute name="Number of cores"value="4"/>
<gc-start id="1315" type="global" contextid="1314" timestamp="2019-07-02T23:04:51.846">
  <mem-info id="1316" free="85736" total="15335424" percent="0">
    <mem type="tenure" free="85736" total="15335424" percent="0">
      <mem type="soa" free="0" total="15182848" percent="0" />
      <mem type="loa" free="85736" total="152576" percent="56" />
    </mem>
  </mem-info>
</gc-start>
<allocation-stats totalBytes="9170392" >
  <allocated-bytes non-tlh="0" tlh="9170392" />
  <largest-consumer threadName="Thread-9" threadId="0000000001130D00" bytes="2631968" />
</allocation-stats>
<gc-op id="1317" type="mark" timems="2.253" contextid="1314" timestamp="2019-07-02T23:04:51.849">
  <trace-info objectcount="73601" scancount="66030" scanbytes="2457612" />
  <finalization candidates="124" enqueued="0" />
  <ownableSynchronizers candidates="3" cleared="0" />
  <references type="soft" candidates="84" cleared="0" enqueued="0" dynamicThreshold="19" maxThreshold="32" />
  <references type="weak" candidates="774" cleared="0" enqueued="0" />
  <references type="phantom" candidates="63" cleared="0" enqueued="0" />
  <stringconstants candidates="4574" cleared="0"  />
</gc-op>
<gc-op id="1318" type="sweep" timems="0.674" contextid="1314" timestamp="2019-07-02T23:04:51.850" />
<heap-resize id="1319" type="expand" space="tenure" amount="1048576" count="1" timems="0.050" reason="excessive time being spent in gc" timestamp="2019-07-02T23:04:51.850" />
<gc-end id="1320" type="global" contextid="1314" durationms="3.595" usertimems="8.000" systemtimems="0.000" timestamp="2019-07-02T23:04:51.850" activeThreads="4">
  <mem-info id="1321" free="10233264" total="16384000" percent="62">
    <mem type="tenure" free="10233264" total="16384000" percent="62" micro-fragmented="12065" macro-fragmented="0">
      <mem type="soa" free="10069424" total="16220160" percent="62" />
      <mem type="loa" free="163840" total="163840" percent="100" />
    </mem>
  </mem-info>
</gc-end>
<cycle-end id="1322" type="global" contextid="1314" timestamp="2019-07-02T23:04:51.850">
  <attribute name="GC Util" value="257" />
  <attribute name="CPU Util" value="7882300961540" />
  <attribute name="Time Running"value="2484"/>
  <attribute name="Number of cores"value="4"/>
</cycle-end>
<allocation-satisfied id="1323" threadId="0000000001129500" bytesRequested="40" />
<af-end id="1324" timestamp="2019-07-02T23:04:51.850" threadId="0000000001129E88" success="true" />
<exclusive-end id="1325" timestamp="2019-07-02T23:04:51.850" durationms="4.141" />

<exclusive-start id="1326" timestamp="2019-07-02T23:04:51.857" intervalms="10.953">
  <response-info timems="0.021" idlems="0.021" threads="0" lastid="0000000001130D00" lastname="Thread-9" />
</exclusive-start>
<af-start id="1327" threadId="0000000001131688" totalBytesRequested="136" timestamp="2019-07-02T23:04:51.857" intervalms="10.943" />
<cycle-start id="1328" type="global" contextid="0" timestamp="2019-07-02T23:04:51.857" intervalms="10.946" />
  <attribute name="GC Util" value="257" />
  <attribute name="CPU Util" value="7882300961540" />
  <attribute name="Time Running"value="2484"/>
  <attribute name="Number of cores"value="4"/>
<gc-start id="1329" type="global" contextid="1328" timestamp="2019-07-02T23:04:51.857">
  <mem-info id="1330" free="163840" total="16384000" percent="1">
    <mem type="tenure" free="163840" total="16384000" percent="1">
      <mem type="soa" free="0" total="16220160" percent="0" />
      <mem type="loa" free="163840" total="163840" percent="100" />
    </mem>
  </mem-info>
</gc-start>
<allocation-stats totalBytes="10041272" >
  <allocated-bytes non-tlh="0" tlh="10041272" />
  <largest-consumer threadName="Thread-9" threadId="0000000001130D00" bytes="2944040" />
</allocation-stats>
<gc-op id="1331" type="mark" timems="2.055" contextid="1328" timestamp="2019-07-02T23:04:51.859">
  <trace-info objectcount="69979" scancount="62409" scanbytes="2370124" />
  <finalization candidates="124" enqueued="0" />
  <ownableSynchronizers candidates="3" cleared="0" />
  <references type="soft" candidates="84" cleared="0" enqueued="0" dynamicThreshold="19" maxThreshold="32" />
  <references type="weak" candidates="774" cleared="0" enqueued="0" />
  <references type="phantom" candidates="63" cleared="0" enqueued="0" />
  <stringconstants candidates="4574" cleared="0"  />
</gc-op>
<gc-op id="1332" type="sweep" timems="0.878" contextid="1328" timestamp="2019-07-02T23:04:51.860" />
<gc-end id="1333" type="global" contextid="1328" durationms="3.200" usertimems="8.000" systemtimems="0.000" timestamp="2019-07-02T23:04:51.860" activeThreads="4">
  <mem-info id="1334" free="10339520" total="16384000" percent="63">
    <mem type="tenure" free="10339520" total="16384000" percent="63" micro-fragmented="111422" macro-fragmented="0">
      <mem type="soa" free="10175680" total="16220160" percent="62" />
      <mem type="loa" free="163840" total="163840" percent="100" />
    </mem>
  </mem-info>
</gc-end>
<cycle-end id="1335" type="global" contextid="1328" timestamp="2019-07-02T23:04:51.861">
  <attribute name="GC Util" value="258" />
  <attribute name="CPU Util" value="8725412697243" />
  <attribute name="Time Running"value="2495"/>
  <attribute name="Number of cores"value="4"/>
</cycle-end>
<allocation-satisfied id="1336" threadId="0000000001130D00" bytesRequested="136" />
<af-end id="1337" timestamp="2019-07-02T23:04:51.861" threadId="0000000001131688" success="true" />
<exclusive-end id="1338" timestamp="2019-07-02T23:04:51.861" durationms="3.846" />

<exclusive-start id="1339" timestamp="2019-07-02T23:04:51.867" intervalms="10.149">
  <response-info timems="0.023" idlems="0.023" threads="0" lastid="0000000001129500" lastname="Thread-10" />
</exclusive-start>
<af-start id="1340" threadId="0000000001129E88" totalBytesRequested="40" timestamp="2019-07-02T23:04:51.867" intervalms="10.196" />
<cycle-start id="1341" type="global" contextid="0" timestamp="2019-07-02T23:04:51.867" intervalms="10.190" />
  <attribute name="GC Util" value="258" />
  <attribute name="CPU Util" value="8725412697243" />
  <attribute name="Time Running"value="2495"/>
  <attribute name="Number of cores"value="4"/>
<gc-start id="1342" type="global" contextid="1341" timestamp="2019-07-02T23:04:51.867">
  <mem-info id="1343" free="163840" total="16384000" percent="1">
    <mem type="tenure" free="163840" total="16384000" percent="1">
      <mem type="soa" free="0" total="16220160" percent="0" />
      <mem type="loa" free="163840" total="163840" percent="100" />
    </mem>
  </mem-info>
</gc-start>
<allocation-stats totalBytes="10148528" >
  <allocated-bytes non-tlh="19056" tlh="10129472" />
  <largest-consumer threadName="Thread-8" threadId="000000000112D100" bytes="3343960" />
</allocation-stats>
<gc-op id="1344" type="mark" timems="2.244" contextid="1341" timestamp="2019-07-02T23:04:51.870">
  <trace-info objectcount="66455" scancount="58881" scanbytes="2285764" />
  <finalization candidates="124" enqueued="0" />
  <ownableSynchronizers candidates="3" cleared="0" />
  <references type="soft" candidates="84" cleared="0" enqueued="0" dynamicThreshold="20" maxThreshold="32" />
  <references type="weak" candidates="774" cleared="0" enqueued="0" />
  <references type="phantom" candidates="63" cleared="0" enqueued="0" />
  <stringconstants candidates="4574" cleared="0"  />
</gc-op>
<gc-op id="1345" type="sweep" timems="0.795" contextid="1341" timestamp="2019-07-02T23:04:51.871" />
<gc-end id="1346" type="global" contextid="1341" durationms="3.401" usertimems="8.000" systemtimems="0.000" timestamp="2019-07-02T23:04:51.871" activeThreads="4">
  <mem-info id="1347" free="10388376" total="16384000" percent="63">
    <mem type="tenure" free="10388376" total="16384000" percent="63" micro-fragmented="152355" macro-fragmented="0">
      <mem type="soa" free="10224536" total="16220160" percent="63" />
      <mem type="loa" free="163840" total="163840" percent="100" />
    </mem>
  </mem-info>
</gc-end>
<cycle-end id="1348" type="global" contextid="1341" timestamp="2019-07-02T23:04:51.871">
  <attribute name="GC Util" value="253" />
  <attribute name="CPU Util" value="7902395683864" />
  <attribute name="Time Running"value="2505"/>
  <attribute name="Number of cores"value="4"/>
</cycle-end>
<allocation-satisfied id="1349" threadId="0000000001129500" bytesRequested="40" />
<af-end id="1350" timestamp="2019-07-02T23:04:51.871" threadId="0000000001129E88" success="true" />
<exclusive-end id="1351" timestamp="2019-07-02T23:04:51.871" durationms="4.185" />

<exclusive-start id="1352" timestamp="2019-07-02T23:04:51.878" intervalms="10.889">
  <response-info timems="0.021" idlems="0.021" threads="0" lastid="0000000001129500" lastname="Thread-10" />
</exclusive-start>
<af-start id="1353" threadId="0000000001129E88" totalBytesRequested="40" timestamp="2019-07-02T23:04:51.878" intervalms="10.888" />
<cycle-start id="1354" type="global" contextid="0" timestamp="2019-07-02T23:04:51.878" intervalms="10.884" />
  <attribute name="GC Util" value="253" />
  <attribute name="CPU Util" value="7902395683864" />
  <attribute name="Time Running"value="2505"/>
  <attribute name="Number of cores"value="4"/>
<gc-start id="1355" type="global" contextid="1354" timestamp="2019-07-02T23:04:51.878">
  <mem-info id="1356" free="163840" total="16384000" percent="1">
    <mem type="tenure" free="163840" total="16384000" percent="1">
      <mem type="soa" free="0" total="16220160" percent="0" />
      <mem type="loa" free="163840" total="163840" percent="100" />
    </mem>
  </mem-info>
</gc-start>
<allocation-stats totalBytes="10201392" >
  <allocated-bytes non-tlh="0" tlh="10201392" />
  <largest-consumer threadName="Thread-8" threadId="000000000112D100" bytes="3396336" />
</allocation-stats>
<gc-op id="1357" type="mark" timems="1.732" contextid="1354" timestamp="2019-07-02T23:04:51.880">
  <trace-info objectcount="67979" scancount="60415" scanbytes="2323084" />
  <finalization candidates="124" enqueued="0" />
  <ownableSynchronizers candidates="3" cleared="0" />
  <references type="soft" candidates="84" cleared="0" enqueued="0" dynamicThreshold="20" maxThreshold="32" />
  <references type="weak" candidates="774" cleared="0" enqueued="0" />
  <references type="phantom" candidates="63" cleared="0" enqueued="0" />
  <stringconstants candidates="4574" cleared="0"  />
</gc-op>
<gc-op id="1358" type="sweep" timems="0.886" contextid="1354" timestamp="2019-07-02T23:04:51.881" />
<heap-resize id="1359" type="contract" space="tenure" amount="131072" count="1" timems="0.052" reason="excess free space following gc" timestamp="2019-07-02T23:04:51.881" />
<gc-end id="1360" type="global" contextid="1354" durationms="3.049" usertimems="4.000" systemtimems="4.000" timestamp="2019-07-02T23:04:51.881" activeThreads="4">
  <mem-info id="1361" free="9989376" total="16252928" percent="61">
    <mem type="tenure" free="9989376" total="16252928" percent="61" micro-fragmented="200560" macro-fragmented="0">
      <mem type="soa" free="9989376" total="16091136" percent="62" />
      <mem type="loa" free="0" total="161792" percent="0" />
    </mem>
  </mem-info>
</gc-end>
<cycle-end id="1362" type="global" contextid="1354" timestamp="2019-07-02T23:04:51.881">
  <attribute name="GC Util" value="252" />
  <attribute name="CPU Util" value="10366909502138" />
  <attribute name="Time Running"value="2515"/>
  <attribute name="Number of cores"value="4"/>
</cycle-end>
<allocation-satisfied id="1363" threadId="0000000001129500" bytesRequested="40" />
<af-end id="1364" timestamp="2019-07-02T23:04:51.882" threadId="0000000001129E88" success="true" />
<exclusive-end id="1365" timestamp="2019-07-02T23:04:51.882" durationms="3.737" />

<exclusive-start id="1366" timestamp="2019-07-02T23:04:51.888" intervalms="10.359">
  <response-info timems="0.023" idlems="0.023" threads="1" lastid="0000000001130D00" lastname="Thread-9" />
</exclusive-start>
<af-start id="1367" threadId="000000000112DA88" totalBytesRequested="40" timestamp="2019-07-02T23:04:51.889" intervalms="10.397" />
<cycle-start id="1368" type="global" contextid="0" timestamp="2019-07-02T23:04:51.889" intervalms="10.412" />
  <attribute name="GC Util" value="252" />
  <attribute name="CPU Util" value="10366909502138" />
  <attribute name="Time Running"value="2515"/>
  <attribute name="Number of cores"value="4"/>
<gc-start id="1369" type="global" contextid="1368" timestamp="2019-07-02T23:04:51.889">
  <mem-info id="1370" free="0" total="16252928" percent="0">
    <mem type="tenure" free="0" total="16252928" percent="0">
      <mem type="soa" free="0" total="16091136" percent="0" />
      <mem type="loa" free="0" total="161792" percent="0" />
    </mem>
  </mem-info>
</gc-start>
<allocation-stats totalBytes="9957680" >
  <allocated-bytes non-tlh="0" tlh="9957680" />
  <largest-consumer threadName="Thread-8" threadId="000000000112D100" bytes="3149592" />
</allocation-stats>
<gc-op id="1371" type="mark" timems="1.274" contextid="1368" timestamp="2019-07-02T23:04:51.890">
  <trace-info objectcount="69299" scancount="61725" scanbytes="2354636" />
  <finalization candidates="124" enqueued="0" />
  <ownableSynchronizers candidates="3" cleared="0" />
  <references type="soft" candidates="84" cleared="0" enqueued="0" dynamicThreshold="19" maxThreshold="32" />
  <references type="weak" candidates="774" cleared="0" enqueued="0" />
  <references type="phantom" candidates="63" cleared="0" enqueued="0" />
  <stringconstants candidates="4574" cleared="0"  />
</gc-op>
<gc-op id="1372" type="sweep" timems="0.388" contextid="1368" timestamp="2019-07-02T23:04:51.891" />
<gc-end id="1373" type="global" contextid="1368" durationms="2.132" usertimems="0.000" systemtimems="4.000" timestamp="2019-07-02T23:04:51.891" activeThreads="4">
  <mem-info id="1374" free="9955128" total="16252928" percent="61">
    <mem type="tenure" free="9955128" total="16252928" percent="61" micro-fragmented="147156" macro-fragmented="0">
      <mem type="soa" free="9852208" total="16091136" percent="61" />
      <mem type="loa" free="102920" total="161792" percent="63" />
    </mem>
  </mem-info>
</gc-end>
<cycle-end id="1375" type="global" contextid="1368" timestamp="2019-07-02T23:04:51.891">
  <attribute name="GC Util" value="187" />
  <attribute name="CPU Util" value="13520794179244" />
  <attribute name="Time Running"value="2526"/>
  <attribute name="Number of cores"value="4"/>
</cycle-end>
<allocation-satisfied id="1376" threadId="000000000112D100" bytesRequested="40" />
<af-end id="1377" timestamp="2019-07-02T23:04:51.891" threadId="000000000112DA88" success="true" />
<exclusive-end id="1378" timestamp="2019-07-02T23:04:51.891" durationms="2.984" />

<exclusive-start id="1379" timestamp="2019-07-02T23:04:51.898" intervalms="9.706">
  <response-info timems="0.023" idlems="0.022" threads="1" lastid="0000000001129500" lastname="Thread-10" />
</exclusive-start>
<af-start id="1380" threadId="0000000001135288" totalBytesRequested="40" timestamp="2019-07-02T23:04:51.898" intervalms="9.687" />
<cycle-start id="1381" type="global" contextid="0" timestamp="2019-07-02T23:04:51.898" intervalms="9.694" />
  <attribute name="GC Util" value="187" />
  <attribute name="CPU Util" value="13520794179244" />
  <attribute name="Time Running"value="2526"/>
  <attribute name="Number of cores"value="4"/>
<gc-start id="1382" type="global" contextid="1381" timestamp="2019-07-02T23:04:51.898">
  <mem-info id="1383" free="102920" total="16252928" percent="0">
    <mem type="tenure" free="102920" total="16252928" percent="0">
      <mem type="soa" free="0" total="16091136" percent="0" />
      <mem type="loa" free="102920" total="161792" percent="63" />
    </mem>
  </mem-info>
</gc-start>
<allocation-stats totalBytes="9813904" >
  <allocated-bytes non-tlh="0" tlh="9813904" />
  <largest-consumer threadName="Thread-8" threadId="000000000112D100" bytes="3018400" />
</allocation-stats>
<gc-op id="1384" type="mark" timems="2.317" contextid="1381" timestamp="2019-07-02T23:04:51.901">
  <trace-info objectcount="70761" scancount="63198" scanbytes="2389788" />
  <finalization candidates="124" enqueued="0" />
  <ownableSynchronizers candidates="3" cleared="0" />
  <references type="soft" candidates="84" cleared="0" enqueued="0" dynamicThreshold="19" maxThreshold="32" />
  <references type="weak" candidates="774" cleared="0" enqueued="0" />
  <references type="phantom" candidates="63" cleared="0" enqueued="0" />
  <stringconstants candidates="4574" cleared="0"  />
</gc-op>
<gc-op id="1385" type="sweep" timems="0.948" contextid="1381" timestamp="2019-07-02T23:04:51.902" />
<gc-end id="1386" type="global" contextid="1381" durationms="3.586" usertimems="8.000" systemtimems="0.000" timestamp="2019-07-02T23:04:51.902" activeThreads="4">
  <mem-info id="1387" free="9810448" total="16252928" percent="60">
    <mem type="tenure" free="9810448" total="16252928" percent="60" micro-fragmented="134719" macro-fragmented="0">
      <mem type="soa" free="9707528" total="16091136" percent="60" />
      <mem type="loa" free="102920" total="161792" percent="63" />
    </mem>
  </mem-info>
</gc-end>
<cycle-end id="1388" type="global" contextid="1381" timestamp="2019-07-02T23:04:51.902">
  <attribute name="GC Util" value="249" />
  <attribute name="CPU Util" value="7688513957657" />
  <attribute name="Time Running"value="2536"/>
  <attribute name="Number of cores"value="4"/>
</cycle-end>
<allocation-satisfied id="1389" threadId="0000000001134900" bytesRequested="40" />
<af-end id="1390" timestamp="2019-07-02T23:04:51.902" threadId="0000000001135288" success="true" />
<exclusive-end id="1391" timestamp="2019-07-02T23:04:51.902" durationms="4.356" />

<exclusive-start id="1392" timestamp="2019-07-02T23:04:51.909" intervalms="11.292">
  <response-info timems="0.029" idlems="0.029" threads="0" lastid="0000000001134900" lastname="Thread-7" />
</exclusive-start>
<af-start id="1393" threadId="0000000001135288" totalBytesRequested="40" timestamp="2019-07-02T23:04:51.910" intervalms="11.286" />
<cycle-start id="1394" type="global" contextid="0" timestamp="2019-07-02T23:04:51.910" intervalms="11.310" />
  <attribute name="GC Util" value="249" />
  <attribute name="CPU Util" value="7688513957657" />
  <attribute name="Time Running"value="2536"/>
  <attribute name="Number of cores"value="4"/>
<gc-start id="1395" type="global" contextid="1394" timestamp="2019-07-02T23:04:51.910">
  <mem-info id="1396" free="102920" total="16252928" percent="0">
    <mem type="tenure" free="102920" total="16252928" percent="0">
      <mem type="soa" free="0" total="16091136" percent="0" />
      <mem type="loa" free="102920" total="161792" percent="63" />
    </mem>
  </mem-info>
</gc-start>
<allocation-stats totalBytes="9665912" >
  <allocated-bytes non-tlh="0" tlh="9665912" />
  <largest-consumer threadName="Thread-8" threadId="000000000112D100" bytes="2991584" />
</allocation-stats>
<gc-op id="1397" type="mark" timems="2.180" contextid="1394" timestamp="2019-07-02T23:04:51.912">
  <trace-info objectcount="72143" scancount="64586" scanbytes="2422860" />
  <finalization candidates="124" enqueued="0" />
  <ownableSynchronizers candidates="3" cleared="0" />
  <references type="soft" candidates="84" cleared="0" enqueued="0" dynamicThreshold="19" maxThreshold="32" />
  <references type="weak" candidates="774" cleared="0" enqueued="0" />
  <references type="phantom" candidates="63" cleared="0" enqueued="0" />
  <stringconstants candidates="4574" cleared="0"  />
</gc-op>
<gc-op id="1398" type="sweep" timems="0.943" contextid="1394" timestamp="2019-07-02T23:04:51.913" />
<heap-resize id="1399" type="expand" space="tenure" amount="1048576" count="1" timems="0.071" reason="excessive time being spent in gc" timestamp="2019-07-02T23:04:51.913" />
<gc-end id="1400" type="global" contextid="1394" durationms="3.602" usertimems="8.000" systemtimems="0.000" timestamp="2019-07-02T23:04:51.913" activeThreads="4">
  <mem-info id="1401" free="10711248" total="17301504" percent="61">
    <mem type="tenure" free="10711248" total="17301504" percent="61" micro-fragmented="224775" macro-fragmented="0">
      <mem type="soa" free="10539216" total="17129472" percent="61" />
      <mem type="loa" free="172032" total="172032" percent="100" />
    </mem>
  </mem-info>
</gc-end>
<cycle-end id="1402" type="global" contextid="1394" timestamp="2019-07-02T23:04:51.913">
  <attribute name="GC Util" value="252" />
  <attribute name="CPU Util" value="8227370624065" />
  <attribute name="Time Running"value="2547"/>
  <attribute name="Number of cores"value="4"/>
</cycle-end>
<allocation-satisfied id="1403" threadId="0000000001134900" bytesRequested="40" />
<af-end id="1404" timestamp="2019-07-02T23:04:51.914" threadId="0000000001135288" success="true" />
<exclusive-end id="1405" timestamp="2019-07-02T23:04:51.914" durationms="4.439" />

<exclusive-start id="1406" timestamp="2019-07-02T23:04:51.921" intervalms="11.299">
  <response-info timems="0.024" idlems="0.024" threads="0" lastid="0000000001129500" lastname="Thread-10" />
</exclusive-start>
<af-start id="1407" threadId="0000000001129E88" totalBytesRequested="24" timestamp="2019-07-02T23:04:51.921" intervalms="11.252" />
<cycle-start id="1408" type="global" contextid="0" timestamp="2019-07-02T23:04:51.921" intervalms="11.168" />
  <attribute name="GC Util" value="252" />
  <attribute name="CPU Util" value="8227370624065" />
  <attribute name="Time Running"value="2547"/>
  <attribute name="Number of cores"value="4"/>
<gc-start id="1409" type="global" contextid="1408" timestamp="2019-07-02T23:04:51.921">
  <mem-info id="1410" free="172032" total="17301504" percent="0">
    <mem type="tenure" free="172032" total="17301504" percent="0">
      <mem type="soa" free="0" total="17129472" percent="0" />
      <mem type="loa" free="172032" total="172032" percent="100" />
    </mem>
  </mem-info>
</gc-start>
<allocation-stats totalBytes="10491376" >
  <allocated-bytes non-tlh="23160" tlh="10468216" />
  <largest-consumer threadName="Thread-8" threadId="000000000112D100" bytes="2843712" />
</allocation-stats>
<gc-op id="1411" type="mark" timems="2.499" contextid="1408" timestamp="2019-07-02T23:04:51.923">
  <trace-info objectcount="68985" scancount="61407" scanbytes="2346668" />
  <finalization candidates="124" enqueued="0" />
  <ownableSynchronizers candidates="3" cleared="0" />
  <references type="soft" candidates="84" cleared="0" enqueued="0" dynamicThreshold="19" maxThreshold="32" />
  <references type="weak" candidates="774" cleared="0" enqueued="0" />
  <references type="phantom" candidates="63" cleared="0" enqueued="0" />
  <stringconstants candidates="4574" cleared="0"  />
</gc-op>
<gc-op id="1412" type="sweep" timems="1.098" contextid="1408" timestamp="2019-07-02T23:04:51.925" />
<gc-end id="1413" type="global" contextid="1408" durationms="3.878" usertimems="4.000" systemtimems="4.000" timestamp="2019-07-02T23:04:51.925" activeThreads="4">
  <mem-info id="1414" free="10981832" total="17301504" percent="63">
    <mem type="tenure" free="10981832" total="17301504" percent="63" micro-fragmented="232733" macro-fragmented="0">
      <mem type="soa" free="10809800" total="17129472" percent="63" />
      <mem type="loa" free="172032" total="172032" percent="100" />
    </mem>
  </mem-info>
</gc-end>
<cycle-end id="1415" type="global" contextid="1408" timestamp="2019-07-02T23:04:51.925">
  <attribute name="GC Util" value="252" />
  <attribute name="CPU Util" value="7135419743258" />
  <attribute name="Time Running"value="2559"/>
  <attribute name="Number of cores"value="4"/>
</cycle-end>
<allocation-satisfied id="1416" threadId="0000000001129500" bytesRequested="24" />
<af-end id="1417" timestamp="2019-07-02T23:04:51.925" threadId="0000000001129E88" success="true" />
<exclusive-end id="1418" timestamp="2019-07-02T23:04:51.925" durationms="4.409" />

<exclusive-start id="1419" timestamp="2019-07-02T23:04:51.932" intervalms="11.065">
  <response-info timems="0.022" idlems="0.022" threads="0" lastid="0000000001129500" lastname="Thread-10" />
</exclusive-start>
<af-start id="1420" threadId="0000000001129E88" totalBytesRequested="40" timestamp="2019-07-02T23:04:51.932" intervalms="11.098" />
<cycle-start id="1421" type="global" contextid="0" timestamp="2019-07-02T23:04:51.932" intervalms="11.141" />
  <attribute name="GC Util" value="252" />
  <attribute name="CPU Util" value="7135419743258" />
  <attribute name="Time Running"value="2559"/>
  <attribute name="Number of cores"value="4"/>
<gc-start id="1422" type="global" contextid="1421" timestamp="2019-07-02T23:04:51.932">
  <mem-info id="1423" free="172032" total="17301504" percent="0">
    <mem type="tenure" free="172032" total="17301504" percent="0">
      <mem type="soa" free="0" total="17129472" percent="0" />
      <mem type="loa" free="172032" total="172032" percent="100" />
    </mem>
  </mem-info>
</gc-start>
<allocation-stats totalBytes="10766952" >
  <allocated-bytes non-tlh="0" tlh="10766952" />
  <largest-consumer threadName="Thread-10" threadId="0000000001129500" bytes="3132096" />
</allocation-stats>
<gc-op id="1424" type="mark" timems="2.497" contextid="1421" timestamp="2019-07-02T23:04:51.935">
  <trace-info objectcount="70670" scancount="63099" scanbytes="2387348" />
  <finalization candidates="124" enqueued="0" />
  <ownableSynchronizers candidates="3" cleared="0" />
  <references type="soft" candidates="84" cleared="0" enqueued="0" dynamicThreshold="20" maxThreshold="32" />
  <references type="weak" candidates="774" cleared="0" enqueued="0" />
  <references type="phantom" candidates="63" cleared="0" enqueued="0" />
  <stringconstants candidates="4574" cleared="0"  />
</gc-op>
<gc-op id="1425" type="sweep" timems="1.066" contextid="1421" timestamp="2019-07-02T23:04:51.936" />
<gc-end id="1426" type="global" contextid="1421" durationms="3.835" usertimems="8.000" systemtimems="0.000" timestamp="2019-07-02T23:04:51.936" activeThreads="4">
  <mem-info id="1427" free="10798016" total="17301504" percent="62">
    <mem type="tenure" free="10798016" total="17301504" percent="62" micro-fragmented="139858" macro-fragmented="0">
      <mem type="soa" free="10625984" total="17129472" percent="62" />
      <mem type="loa" free="172032" total="172032" percent="100" />
    </mem>
  </mem-info>
</gc-end>
<cycle-end id="1428" type="global" contextid="1421" timestamp="2019-07-02T23:04:51.936">
  <attribute name="GC Util" value="256" />
  <attribute name="CPU Util" value="7129493289748" />
  <attribute name="Time Running"value="2570"/>
  <attribute name="Number of cores"value="4"/>
</cycle-end>
<allocation-satisfied id="1429" threadId="0000000001129500" bytesRequested="40" />
<af-end id="1430" timestamp="2019-07-02T23:04:51.936" threadId="0000000001129E88" success="true" />
<exclusive-end id="1431" timestamp="2019-07-02T23:04:51.936" durationms="4.415" />

<exclusive-start id="1432" timestamp="2019-07-02T23:04:51.943" intervalms="10.823">
  <response-info timems="0.022" idlems="0.022" threads="0" lastid="0000000001129500" lastname="Thread-10" />
</exclusive-start>
<af-start id="1433" threadId="0000000001129E88" totalBytesRequested="40" timestamp="2019-07-02T23:04:51.943" intervalms="10.821" />
<cycle-start id="1434" type="global" contextid="0" timestamp="2019-07-02T23:04:51.943" intervalms="10.820" />
  <attribute name="GC Util" value="256" />
  <attribute name="CPU Util" value="7129493289748" />
  <attribute name="Time Running"value="2570"/>
  <attribute name="Number of cores"value="4"/>
<gc-start id="1435" type="global" contextid="1434" timestamp="2019-07-02T23:04:51.943">
  <mem-info id="1436" free="172032" total="17301504" percent="0">
    <mem type="tenure" free="172032" total="17301504" percent="0">
      <mem type="soa" free="0" total="17129472" percent="0" />
      <mem type="loa" free="172032" total="172032" percent="100" />
    </mem>
  </mem-info>
</gc-start>
<allocation-stats totalBytes="10576456" >
  <allocated-bytes non-tlh="19056" tlh="10557400" />
  <largest-consumer threadName="Thread-10" threadId="0000000001129500" bytes="3025320" />
</allocation-stats>
<gc-op id="1437" type="mark" timems="2.259" contextid="1434" timestamp="2019-07-02T23:04:51.945">
  <trace-info objectcount="67824" scancount="60241" scanbytes="2318964" />
  <finalization candidates="124" enqueued="0" />
  <ownableSynchronizers candidates="3" cleared="0" />
  <references type="soft" candidates="84" cleared="0" enqueued="0" dynamicThreshold="19" maxThreshold="32" />
  <references type="weak" candidates="774" cleared="0" enqueued="0" />
  <references type="phantom" candidates="63" cleared="0" enqueued="0" />
  <stringconstants candidates="4574" cleared="0"  />
</gc-op>
<gc-op id="1438" type="sweep" timems="0.883" contextid="1434" timestamp="2019-07-02T23:04:51.946" />
<heap-resize id="1439" type="contract" space="tenure" amount="131072" count="1" timems="0.063" reason="excess free space following gc" timestamp="2019-07-02T23:04:51.946" />
<gc-end id="1440" type="global" contextid="1434" durationms="3.706" usertimems="8.000" systemtimems="0.000" timestamp="2019-07-02T23:04:51.947" activeThreads="4">
  <mem-info id="1441" free="10885224" total="17170432" percent="63">
    <mem type="tenure" free="10885224" total="17170432" percent="63" micro-fragmented="76857" macro-fragmented="0">
      <mem type="soa" free="10885224" total="16999424" percent="64" />
      <mem type="loa" free="0" total="171008" percent="0" />
    </mem>
  </mem-info>
</gc-end>
<cycle-end id="1442" type="global" contextid="1434" timestamp="2019-07-02T23:04:51.947">
  <attribute name="GC Util" value="255" />
  <attribute name="CPU Util" value="7842860013049" />
  <attribute name="Time Running"value="2581"/>
  <attribute name="Number of cores"value="4"/>
</cycle-end>
<allocation-satisfied id="1443" threadId="0000000001129500" bytesRequested="40" />
<af-end id="1444" timestamp="2019-07-02T23:04:51.947" threadId="0000000001129E88" success="true" />
<exclusive-end id="1445" timestamp="2019-07-02T23:04:51.947" durationms="4.228" />

<exclusive-start id="1446" timestamp="2019-07-02T23:04:51.953" intervalms="10.382">
  <response-info timems="0.026" idlems="0.025" threads="1" lastid="0000000001130D00" lastname="Thread-9" />
</exclusive-start>
<af-start id="1447" threadId="000000000112DA88" totalBytesRequested="40" timestamp="2019-07-02T23:04:51.953" intervalms="10.411" />
<cycle-start id="1448" type="global" contextid="0" timestamp="2019-07-02T23:04:51.953" intervalms="10.420" />
  <attribute name="GC Util" value="255" />
  <attribute name="CPU Util" value="7842860013049" />
  <attribute name="Time Running"value="2581"/>
  <attribute name="Number of cores"value="4"/>
<gc-start id="1449" type="global" contextid="1448" timestamp="2019-07-02T23:04:51.953">
  <mem-info id="1450" free="0" total="17170432" percent="0">
    <mem type="tenure" free="0" total="17170432" percent="0">
      <mem type="soa" free="0" total="16999424" percent="0" />
      <mem type="loa" free="0" total="171008" percent="0" />
    </mem>
  </mem-info>
</gc-start>
<allocation-stats totalBytes="10845288" >
  <allocated-bytes non-tlh="19056" tlh="10826232" />
  <largest-consumer threadName="Thread-10" threadId="0000000001129500" bytes="3471856" />
</allocation-stats>
<gc-op id="1451" type="mark" timems="1.103" contextid="1448" timestamp="2019-07-02T23:04:51.955">
  <trace-info objectcount="65715" scancount="58141" scanbytes="2268348" />
  <finalization candidates="124" enqueued="0" />
  <ownableSynchronizers candidates="3" cleared="0" />
  <references type="soft" candidates="84" cleared="0" enqueued="0" dynamicThreshold="20" maxThreshold="32" />
  <references type="weak" candidates="774" cleared="0" enqueued="0" />
  <references type="phantom" candidates="63" cleared="0" enqueued="0" />
  <stringconstants candidates="4574" cleared="0"  />
</gc-op>
<gc-op id="1452" type="sweep" timems="0.361" contextid="1448" timestamp="2019-07-02T23:04:51.955" />
<mem-info id="1453" free="11096680" total="17170432" percent="64">
  <mem type="tenure" free="11096680" total="17170432" percent="64" micro-fragmented="82010" macro-fragmented="0">
    <mem type="soa" free="11096680" total="16999424" percent="65" />
    <mem type="loa" free="0" total="171008" percent="0" />
  </mem>
</mem-info>
<gc-op id="1454" type="compact" timems="4.086" contextid="1448" timestamp="2019-07-02T23:04:51.959">
  <compact-info movecount="25976" movebytes="1174048" reason="compact to aid heap contraction" />
</gc-op>
<heap-resize id="1455" type="contract" space="tenure" amount="131072" count="1" timems="0.080" reason="excess free space following gc" timestamp="2019-07-02T23:04:51.960" />
<gc-end id="1456" type="global" contextid="1448" durationms="6.343" usertimems="8.000" systemtimems="0.000" timestamp="2019-07-02T23:04:51.960" activeThreads="4">
  <mem-info id="1457" free="11196168" total="17039360" percent="65">
    <mem type="tenure" free="11196168" total="17039360" percent="65">
      <mem type="soa" free="11066120" total="16869376" percent="65" />
      <mem type="loa" free="130048" total="169984" percent="76" />
    </mem>
  </mem-info>
</gc-end>
<cycle-end id="1458" type="global" contextid="1448" timestamp="2019-07-02T23:04:51.960">
  <attribute name="GC Util" value="15" />
  <attribute name="CPU Util" value="32100889400640" />
  <attribute name="Time Running"value="2590"/>
  <attribute name="Number of cores"value="4"/>
</cycle-end>
<allocation-satisfied id="1459" threadId="000000000112D100" bytesRequested="40" />
<af-end id="1460" timestamp="2019-07-02T23:04:51.960" threadId="000000000112DA88" success="true" />
<exclusive-end id="1461" timestamp="2019-07-02T23:04:51.960" durationms="7.139" />

<exclusive-start id="1462" timestamp="2019-07-02T23:04:51.966" intervalms="13.195">
  <response-info timems="0.022" idlems="0.022" threads="0" lastid="000000000112D100" lastname="Thread-8" />
</exclusive-start>
<af-start id="1463" threadId="000000000112DA88" totalBytesRequested="40" timestamp="2019-07-02T23:04:51.966" intervalms="13.183" />
<cycle-start id="1464" type="global" contextid="0" timestamp="2019-07-02T23:04:51.966" intervalms="13.216" />
  <attribute name="GC Util" value="15" />
  <attribute name="CPU Util" value="32100889400640" />
  <attribute name="Time Running"value="2590"/>
  <attribute name="Number of cores"value="4"/>
<gc-start id="1465" type="global" contextid="1464" timestamp="2019-07-02T23:04:51.967">
  <mem-info id="1466" free="130048" total="17039360" percent="0">
    <mem type="tenure" free="130048" total="17039360" percent="0">
      <mem type="soa" free="0" total="16869376" percent="0" />
      <mem type="loa" free="130048" total="169984" percent="76" />
    </mem>
  </mem-info>
</gc-start>
<allocation-stats totalBytes="11130064" >
  <allocated-bytes non-tlh="0" tlh="11130064" />
  <largest-consumer threadName="Thread-10" threadId="0000000001129500" bytes="3374640" />
</allocation-stats>
<gc-op id="1467" type="mark" timems="1.171" contextid="1464" timestamp="2019-07-02T23:04:51.968">
  <trace-info objectcount="69241" scancount="61661" scanbytes="2353452" />
  <finalization candidates="124" enqueued="0" />
  <ownableSynchronizers candidates="3" cleared="0" />
  <references type="soft" candidates="84" cleared="0" enqueued="0" dynamicThreshold="21" maxThreshold="32" />
  <references type="weak" candidates="774" cleared="0" enqueued="0" />
  <references type="phantom" candidates="63" cleared="0" enqueued="0" />
  <stringconstants candidates="4574" cleared="0"  />
</gc-op>
<gc-op id="1468" type="sweep" timems="0.277" contextid="1464" timestamp="2019-07-02T23:04:51.968" />
<heap-resize id="1469" type="contract" space="tenure" amount="131072" count="1" timems="0.085" reason="excess free space following gc" timestamp="2019-07-02T23:04:51.969" />
<gc-end id="1470" type="global" contextid="1464" durationms="2.110" usertimems="4.000" systemtimems="0.000" timestamp="2019-07-02T23:04:51.969" activeThreads="4">
  <mem-info id="1471" free="10904712" total="16908288" percent="64">
    <mem type="tenure" free="10904712" total="16908288" percent="64" micro-fragmented="6440" macro-fragmented="0">
      <mem type="soa" free="10904712" total="16739328" percent="65" />
      <mem type="loa" free="0" total="168960" percent="0" />
    </mem>
  </mem-info>
</gc-end>
<cycle-end id="1472" type="global" contextid="1464" timestamp="2019-07-02T23:04:51.969">
  <attribute name="GC Util" value="192" />
  <attribute name="CPU Util" value="14586511296715" />
  <attribute name="Time Running"value="2603"/>
  <attribute name="Number of cores"value="4"/>
</cycle-end>
<allocation-satisfied id="1473" threadId="000000000112D100" bytesRequested="40" />
<af-end id="1474" timestamp="2019-07-02T23:04:51.969" threadId="000000000112DA88" success="true" />
<exclusive-end id="1475" timestamp="2019-07-02T23:04:51.969" durationms="2.938" />

<exclusive-start id="1476" timestamp="2019-07-02T23:04:51.975" intervalms="8.812">
  <response-info timems="0.021" idlems="0.021" threads="0" lastid="0000000001129500" lastname="Thread-10" />
</exclusive-start>
<af-start id="1477" threadId="0000000001129E88" totalBytesRequested="40" timestamp="2019-07-02T23:04:51.975" intervalms="8.765" />
<cycle-start id="1478" type="global" contextid="0" timestamp="2019-07-02T23:04:51.975" intervalms="8.726" />
  <attribute name="GC Util" value="192" />
  <attribute name="CPU Util" value="14586511296715" />
  <attribute name="Time Running"value="2603"/>
  <attribute name="Number of cores"value="4"/>
<gc-start id="1479" type="global" contextid="1478" timestamp="2019-07-02T23:04:51.975">
  <mem-info id="1480" free="0" total="16908288" percent="0">
    <mem type="tenure" free="0" total="16908288" percent="0">
      <mem type="soa" free="0" total="16739328" percent="0" />
      <mem type="loa" free="0" total="168960" percent="0" />
    </mem>
  </mem-info>
</gc-start>
<allocation-stats totalBytes="10893144" >
  <allocated-bytes non-tlh="0" tlh="10893144" />
  <largest-consumer threadName="Thread-10" threadId="0000000001129500" bytes="3118368" />
</allocation-stats>
<gc-op id="1481" type="mark" timems="2.161" contextid="1478" timestamp="2019-07-02T23:04:51.978">
  <trace-info objectcount="71973" scancount="64401" scanbytes="2418452" />
  <finalization candidates="124" enqueued="0" />
  <ownableSynchronizers candidates="3" cleared="0" />
  <references type="soft" candidates="84" cleared="0" enqueued="0" dynamicThreshold="20" maxThreshold="32" />
  <references type="weak" candidates="774" cleared="0" enqueued="0" />
  <references type="phantom" candidates="63" cleared="0" enqueued="0" />
  <stringconstants candidates="4574" cleared="0"  />
</gc-op>
<gc-op id="1482" type="sweep" timems="0.783" contextid="1478" timestamp="2019-07-02T23:04:51.978" />
<heap-resize id="1483" type="contract" space="tenure" amount="65536" count="1" timems="0.059" reason="excess free space following gc" timestamp="2019-07-02T23:04:51.979" />
<gc-end id="1484" type="global" contextid="1478" durationms="3.447" usertimems="4.000" systemtimems="4.000" timestamp="2019-07-02T23:04:51.979" activeThreads="4">
  <mem-info id="1485" free="10739768" total="16842752" percent="63">
    <mem type="tenure" free="10739768" total="16842752" percent="63" micro-fragmented="5120" macro-fragmented="0">
      <mem type="soa" free="10739768" total="16674816" percent="64" />
      <mem type="loa" free="0" total="167936" percent="0" />
    </mem>
  </mem-info>
</gc-end>
<cycle-end id="1486" type="global" contextid="1478" timestamp="2019-07-02T23:04:51.979">
  <attribute name="GC Util" value="240" />
  <attribute name="CPU Util" value="8182028823850" />
  <attribute name="Time Running"value="2613"/>
  <attribute name="Number of cores"value="4"/>
</cycle-end>
<allocation-satisfied id="1487" threadId="0000000001129500" bytesRequested="40" />
<af-end id="1488" timestamp="2019-07-02T23:04:51.979" threadId="0000000001129E88" success="true" />
<exclusive-end id="1489" timestamp="2019-07-02T23:04:51.979" durationms="3.908" />

<exclusive-start id="1490" timestamp="2019-07-02T23:04:51.985" intervalms="9.622">
  <response-info timems="0.022" idlems="0.022" threads="0" lastid="000000000112D100" lastname="Thread-8" />
</exclusive-start>
<af-start id="1491" threadId="000000000112DA88" totalBytesRequested="40" timestamp="2019-07-02T23:04:51.985" intervalms="9.631" />
<cycle-start id="1492" type="global" contextid="0" timestamp="2019-07-02T23:04:51.985" intervalms="9.639" />
  <attribute name="GC Util" value="240" />
  <attribute name="CPU Util" value="8182028823850" />
  <attribute name="Time Running"value="2613"/>
  <attribute name="Number of cores"value="4"/>
<gc-start id="1493" type="global" contextid="1492" timestamp="2019-07-02T23:04:51.985">
  <mem-info id="1494" free="0" total="16842752" percent="0">
    <mem type="tenure" free="0" total="16842752" percent="0">
      <mem type="soa" free="0" total="16674816" percent="0" />
      <mem type="loa" free="0" total="167936" percent="0" />
    </mem>
  </mem-info>
</gc-start>
<allocation-stats totalBytes="10718456" >
  <allocated-bytes non-tlh="0" tlh="10718456" />
  <largest-consumer threadName="Thread-10" threadId="0000000001129500" bytes="3143120" />
</allocation-stats>
<gc-op id="1495" type="mark" timems="1.230" contextid="1492" timestamp="2019-07-02T23:04:51.986">
  <trace-info objectcount="74962" scancount="67385" scanbytes="2490484" />
  <finalization candidates="124" enqueued="0" />
  <ownableSynchronizers candidates="3" cleared="0" />
  <references type="soft" candidates="84" cleared="0" enqueued="0" dynamicThreshold="20" maxThreshold="32" />
  <references type="weak" candidates="774" cleared="0" enqueued="0" />
  <references type="phantom" candidates="63" cleared="0" enqueued="0" />
  <stringconstants candidates="4574" cleared="0"  />
</gc-op>
<gc-op id="1496" type="sweep" timems="0.361" contextid="1492" timestamp="2019-07-02T23:04:51.987" />
<mem-info id="1497" free="10575256" total="16842752" percent="62">
  <mem type="tenure" free="10575256" total="16842752" percent="62" micro-fragmented="45655" macro-fragmented="0">
    <mem type="soa" free="10575256" total="16674816" percent="63" />
    <mem type="loa" free="0" total="167936" percent="0" />
  </mem>
</mem-info>
<gc-op id="1498" type="compact" timems="4.952" contextid="1492" timestamp="2019-07-02T23:04:51.992">
  <compact-info movecount="34373" movebytes="1375784" reason="compact to aid heap contraction" />
</gc-op>
<heap-resize id="1499" type="contract" space="tenure" amount="131072" count="1" timems="0.089" reason="excess free space following gc" timestamp="2019-07-02T23:04:51.992" />
<gc-end id="1500" type="global" contextid="1492" durationms="7.368" usertimems="12.000" systemtimems="0.000" timestamp="2019-07-02T23:04:51.992" activeThreads="4">
  <mem-info id="1501" free="10649424" total="16711680" percent="63">
    <mem type="tenure" free="10649424" total="16711680" percent="63">
      <mem type="soa" free="10519376" total="16544768" percent="63" />
      <mem type="loa" free="130048" total="166912" percent="77" />
    </mem>
  </mem-info>
</gc-end>
<cycle-end id="1502" type="global" contextid="1492" timestamp="2019-07-02T23:04:51.992">
  <attribute name="GC Util" value="15" />
  <attribute name="CPU Util" value="34436447456308" />
  <attribute name="Time Running"value="2622"/>
  <attribute name="Number of cores"value="4"/>
</cycle-end>
<allocation-satisfied id="1503" threadId="000000000112D100" bytesRequested="40" />
<af-end id="1504" timestamp="2019-07-02T23:04:51.993" threadId="000000000112DA88" success="true" />
<exclusive-end id="1505" timestamp="2019-07-02T23:04:51.993" durationms="8.169" />

<exclusive-start id="1506" timestamp="2019-07-02T23:04:51.998" intervalms="13.195">
  <response-info timems="0.021" idlems="0.021" threads="0" lastid="000000000112D100" lastname="Thread-8" />
</exclusive-start>
<af-start id="1507" threadId="000000000112DA88" totalBytesRequested="40" timestamp="2019-07-02T23:04:51.998" intervalms="13.195" />
<cycle-start id="1508" type="global" contextid="0" timestamp="2019-07-02T23:04:51.998" intervalms="13.189" />
  <attribute name="GC Util" value="15" />
  <attribute name="CPU Util" value="34436447456308" />
  <attribute name="Time Running"value="2622"/>
  <attribute name="Number of cores"value="4"/>
<gc-start id="1509" type="global" contextid="1508" timestamp="2019-07-02T23:04:51.998">
  <mem-info id="1510" free="130048" total="16711680" percent="0">
    <mem type="tenure" free="130048" total="16711680" percent="0">
      <mem type="soa" free="0" total="16544768" percent="0" />
      <mem type="loa" free="130048" total="166912" percent="77" />
    </mem>
  </mem-info>
</gc-start>
<allocation-stats totalBytes="10583520" >
  <allocated-bytes non-tlh="0" tlh="10583520" />
  <largest-consumer threadName="Thread-10" threadId="0000000001129500" bytes="3112568" />
</allocation-stats>
<gc-op id="1511" type="mark" timems="1.145" contextid="1508" timestamp="2019-07-02T23:04:51.999">
  <trace-info objectcount="68477" scancount="60908" scanbytes="2334812" />
  <finalization candidates="124" enqueued="0" />
  <ownableSynchronizers candidates="3" cleared="0" />
  <references type="soft" candidates="84" cleared="0" enqueued="0" dynamicThreshold="20" maxThreshold="32" />
  <references type="weak" candidates="774" cleared="0" enqueued="0" />
  <references type="phantom" candidates="63" cleared="0" enqueued="0" />
  <stringconstants candidates="4574" cleared="0"  />
</gc-op>
<gc-op id="1512" type="sweep" timems="0.257" contextid="1508" timestamp="2019-07-02T23:04:52.000" />
<heap-resize id="1513" type="contract" space="tenure" amount="131072" count="1" timems="0.086" reason="excess free space following gc" timestamp="2019-07-02T23:04:52.000" />
<gc-end id="1514" type="global" contextid="1508" durationms="2.039" usertimems="4.000" systemtimems="0.000" timestamp="2019-07-02T23:04:52.000" activeThreads="4">
  <mem-info id="1515" free="10446480" total="16580608" percent="63">
    <mem type="tenure" free="10446480" total="16580608" percent="63" micro-fragmented="127869" macro-fragmented="0">
      <mem type="soa" free="10446480" total="16415744" percent="63" />
      <mem type="loa" free="0" total="164864" percent="0" />
    </mem>
  </mem-info>
</gc-end>
<cycle-end id="1516" type="global" contextid="1508" timestamp="2019-07-02T23:04:52.000">
  <attribute name="GC Util" value="192" />
  <attribute name="CPU Util" value="14884004487939" />
  <attribute name="Time Running"value="2635"/>
  <attribute name="Number of cores"value="4"/>
</cycle-end>
<allocation-satisfied id="1517" threadId="000000000112D100" bytesRequested="40" />
<af-end id="1518" timestamp="2019-07-02T23:04:52.000" threadId="000000000112DA88" success="true" />
<exclusive-end id="1519" timestamp="2019-07-02T23:04:52.001" durationms="2.700" />

<exclusive-start id="1520" timestamp="2019-07-02T23:04:52.006" intervalms="7.858">
  <response-info timems="0.028" idlems="0.028" threads="0" lastid="0000000001129500" lastname="Thread-10" />
</exclusive-start>
<af-start id="1521" threadId="0000000001129E88" totalBytesRequested="40" timestamp="2019-07-02T23:04:52.006" intervalms="7.888" />
<cycle-start id="1522" type="global" contextid="0" timestamp="2019-07-02T23:04:52.006" intervalms="7.885" />
  <attribute name="GC Util" value="192" />
  <attribute name="CPU Util" value="14884004487939" />
  <attribute name="Time Running"value="2635"/>
  <attribute name="Number of cores"value="4"/>
<gc-start id="1523" type="global" contextid="1522" timestamp="2019-07-02T23:04:52.006">
  <mem-info id="1524" free="0" total="16580608" percent="0">
    <mem type="tenure" free="0" total="16580608" percent="0">
      <mem type="soa" free="0" total="16415744" percent="0" />
      <mem type="loa" free="0" total="164864" percent="0" />
    </mem>
  </mem-info>
</gc-start>
<allocation-stats totalBytes="10440424" >
  <allocated-bytes non-tlh="19056" tlh="10421368" />
  <largest-consumer threadName="Thread-8" threadId="000000000112D100" bytes="2773880" />
</allocation-stats>
<gc-op id="1525" type="mark" timems="1.840" contextid="1522" timestamp="2019-07-02T23:04:52.008">
  <trace-info objectcount="65175" scancount="57605" scanbytes="2255740" />
  <finalization candidates="124" enqueued="0" />
  <ownableSynchronizers candidates="3" cleared="0" />
  <references type="soft" candidates="84" cleared="0" enqueued="0" dynamicThreshold="20" maxThreshold="32" />
  <references type="weak" candidates="774" cleared="0" enqueued="0" />
  <references type="phantom" candidates="63" cleared="0" enqueued="0" />
  <stringconstants candidates="4574" cleared="0"  />
</gc-op>
<gc-op id="1526" type="sweep" timems="0.772" contextid="1522" timestamp="2019-07-02T23:04:52.009" />
<heap-resize id="1527" type="contract" space="tenure" amount="65536" count="1" timems="0.046" reason="excess free space following gc" timestamp="2019-07-02T23:04:52.009" />
<gc-end id="1528" type="global" contextid="1522" durationms="2.970" usertimems="8.000" systemtimems="0.000" timestamp="2019-07-02T23:04:52.009" activeThreads="4">
  <mem-info id="1529" free="10474168" total="16515072" percent="63">
    <mem type="tenure" free="10474168" total="16515072" percent="63" micro-fragmented="139507" macro-fragmented="0">
      <mem type="soa" free="10474168" total="16350208" percent="64" />
      <mem type="loa" free="0" total="164864" percent="0" />
    </mem>
  </mem-info>
</gc-end>
<cycle-end id="1530" type="global" contextid="1522" timestamp="2019-07-02T23:04:52.009">
  <attribute name="GC Util" value="253" />
  <attribute name="CPU Util" value="9809697621635" />
  <attribute name="Time Running"value="2643"/>
  <attribute name="Number of cores"value="4"/>
</cycle-end>
<allocation-satisfied id="1531" threadId="0000000001129500" bytesRequested="40" />
<af-end id="1532" timestamp="2019-07-02T23:04:52.009" threadId="0000000001129E88" success="true" />
<exclusive-end id="1533" timestamp="2019-07-02T23:04:52.009" durationms="3.455" />

<exclusive-start id="1534" timestamp="2019-07-02T23:04:52.014" intervalms="8.390">
  <response-info timems="0.025" idlems="0.025" threads="0" lastid="0000000001130D00" lastname="Thread-9" />
</exclusive-start>
<af-start id="1535" threadId="0000000001131688" totalBytesRequested="40" timestamp="2019-07-02T23:04:52.014" intervalms="8.363" />
<cycle-start id="1536" type="global" contextid="0" timestamp="2019-07-02T23:04:52.014" intervalms="8.364" />
  <attribute name="GC Util" value="253" />
  <attribute name="CPU Util" value="9809697621635" />
  <attribute name="Time Running"value="2643"/>
  <attribute name="Number of cores"value="4"/>
<gc-start id="1537" type="global" contextid="1536" timestamp="2019-07-02T23:04:52.014">
  <mem-info id="1538" free="0" total="16515072" percent="0">
    <mem type="tenure" free="0" total="16515072" percent="0">
      <mem type="soa" free="0" total="16350208" percent="0" />
      <mem type="loa" free="0" total="164864" percent="0" />
    </mem>
  </mem-info>
</gc-start>
<allocation-stats totalBytes="10462808" >
  <allocated-bytes non-tlh="19056" tlh="10443752" />
  <largest-consumer threadName="Thread-10" threadId="0000000001129500" bytes="2817976" />
</allocation-stats>
<gc-op id="1539" type="mark" timems="1.778" contextid="1536" timestamp="2019-07-02T23:04:52.016">
  <trace-info objectcount="61901" scancount="54318" scanbytes="2177100" />
  <finalization candidates="124" enqueued="0" />
  <ownableSynchronizers candidates="3" cleared="0" />
  <references type="soft" candidates="84" cleared="0" enqueued="0" dynamicThreshold="20" maxThreshold="32" />
  <references type="weak" candidates="774" cleared="0" enqueued="0" />
  <references type="phantom" candidates="63" cleared="0" enqueued="0" />
  <stringconstants candidates="4574" cleared="0"  />
</gc-op>
<gc-op id="1540" type="sweep" timems="0.788" contextid="1536" timestamp="2019-07-02T23:04:52.017" />
<heap-resize id="1541" type="contract" space="tenure" amount="131072" count="1" timems="0.093" reason="excess free space following gc" timestamp="2019-07-02T23:04:52.017" />
<gc-end id="1542" type="global" contextid="1536" durationms="3.197" usertimems="4.000" systemtimems="0.000" timestamp="2019-07-02T23:04:52.018" activeThreads="4">
  <mem-info id="1543" free="10542320" total="16384000" percent="64">
    <mem type="tenure" free="10542320" total="16384000" percent="64" micro-fragmented="26718" macro-fragmented="0">
      <mem type="soa" free="10542320" total="16220160" percent="64" />
      <mem type="loa" free="0" total="163840" percent="0" />
    </mem>
  </mem-info>
</gc-end>
<cycle-end id="1544" type="global" contextid="1536" timestamp="2019-07-02T23:04:52.018">
  <attribute name="GC Util" value="224" />
  <attribute name="CPU Util" value="9848469101020" />
  <attribute name="Time Running"value="2652"/>
  <attribute name="Number of cores"value="4"/>
</cycle-end>
<allocation-satisfied id="1545" threadId="0000000001130D00" bytesRequested="40" />
<af-end id="1546" timestamp="2019-07-02T23:04:52.018" threadId="0000000001131688" success="true" />
<exclusive-end id="1547" timestamp="2019-07-02T23:04:52.018" durationms="3.938" />

<exclusive-start id="1548" timestamp="2019-07-02T23:04:52.023" intervalms="9.125">
  <response-info timems="0.022" idlems="0.022" threads="1" lastid="0000000001129500" lastname="Thread-10" />
</exclusive-start>
<af-start id="1549" threadId="000000000112DA88" totalBytesRequested="40" timestamp="2019-07-02T23:04:52.023" intervalms="9.180" />
<cycle-start id="1550" type="global" contextid="0" timestamp="2019-07-02T23:04:52.023" intervalms="9.209" />
  <attribute name="GC Util" value="224" />
  <attribute name="CPU Util" value="9848469101020" />
  <attribute name="Time Running"value="2652"/>
  <attribute name="Number of cores"value="4"/>
<gc-start id="1551" type="global" contextid="1550" timestamp="2019-07-02T23:04:52.024">
  <mem-info id="1552" free="0" total="16384000" percent="0">
    <mem type="tenure" free="0" total="16384000" percent="0">
      <mem type="soa" free="0" total="16220160" percent="0" />
      <mem type="loa" free="0" total="163840" percent="0" />
    </mem>
  </mem-info>
</gc-start>
<allocation-stats totalBytes="10541448" >
  <allocated-bytes non-tlh="0" tlh="10541448" />
  <largest-consumer threadName="Thread-10" threadId="0000000001129500" bytes="2862704" />
</allocation-stats>
<gc-op id="1553" type="mark" timems="1.086" contextid="1550" timestamp="2019-07-02T23:04:52.025">
  <trace-info objectcount="64573" scancount="56996" scanbytes="2241404" />
  <finalization candidates="124" enqueued="0" />
  <ownableSynchronizers candidates="3" cleared="0" />
  <references type="soft" candidates="84" cleared="0" enqueued="0" dynamicThreshold="20" maxThreshold="32" />
  <references type="weak" candidates="774" cleared="0" enqueued="0" />
  <references type="phantom" candidates="63" cleared="0" enqueued="0" />
  <stringconstants candidates="4574" cleared="0"  />
</gc-op>
<gc-op id="1554" type="sweep" timems="0.365" contextid="1550" timestamp="2019-07-02T23:04:52.025" />
<mem-info id="1555" free="10441456" total="16384000" percent="63">
  <mem type="tenure" free="10441456" total="16384000" percent="63" micro-fragmented="19048" macro-fragmented="0">
    <mem type="soa" free="10441456" total="16220160" percent="64" />
    <mem type="loa" free="0" total="163840" percent="0" />
  </mem>
</mem-info>
<gc-op id="1556" type="compact" timems="4.074" contextid="1550" timestamp="2019-07-02T23:04:52.029">
  <compact-info movecount="24834" movebytes="1147104" reason="compact to aid heap contraction" />
</gc-op>
<heap-resize id="1557" type="contract" space="tenure" amount="131072" count="1" timems="0.079" reason="excess free space following gc" timestamp="2019-07-02T23:04:52.030" />
<gc-end id="1558" type="global" contextid="1550" durationms="6.331" usertimems="12.000" systemtimems="0.000" timestamp="2019-07-02T23:04:52.030" activeThreads="4">
  <mem-info id="1559" free="10443848" total="16252928" percent="64">
    <mem type="tenure" free="10443848" total="16252928" percent="64">
      <mem type="soa" free="10314824" total="16091136" percent="64" />
      <mem type="loa" free="129024" total="161792" percent="79" />
    </mem>
  </mem-info>
</gc-end>
<cycle-end id="1560" type="global" contextid="1550" timestamp="2019-07-02T23:04:52.030">
  <attribute name="GC Util" value="17" />
  <attribute name="CPU Util" value="34264063728454" />
  <attribute name="Time Running"value="2661"/>
  <attribute name="Number of cores"value="4"/>
</cycle-end>
<allocation-satisfied id="1561" threadId="000000000112D100" bytesRequested="40" />
<af-end id="1562" timestamp="2019-07-02T23:04:52.030" threadId="000000000112DA88" success="true" />
<exclusive-end id="1563" timestamp="2019-07-02T23:04:52.030" durationms="7.173" />

<exclusive-start id="1564" timestamp="2019-07-02T23:04:52.036" intervalms="12.977">
  <response-info timems="0.071" idlems="0.046" threads="1" lastid="0000000001130D00" lastname="Thread-9" />
</exclusive-start>
<af-start id="1565" threadId="0000000001135288" totalBytesRequested="24" timestamp="2019-07-02T23:04:52.036" intervalms="13.027" />
<cycle-start id="1566" type="global" contextid="0" timestamp="2019-07-02T23:04:52.037" intervalms="13.060" />
  <attribute name="GC Util" value="17" />
  <attribute name="CPU Util" value="34264063728454" />
  <attribute name="Time Running"value="2661"/>
  <attribute name="Number of cores"value="4"/>
<gc-start id="1567" type="global" contextid="1566" timestamp="2019-07-02T23:04:52.037">
  <mem-info id="1568" free="129024" total="16252928" percent="0">
    <mem type="tenure" free="129024" total="16252928" percent="0">
      <mem type="soa" free="0" total="16091136" percent="0" />
      <mem type="loa" free="129024" total="161792" percent="79" />
    </mem>
  </mem-info>
</gc-start>
<allocation-stats totalBytes="10379016" >
  <allocated-bytes non-tlh="0" tlh="10379016" />
  <largest-consumer threadName="Thread-7" threadId="0000000001134900" bytes="3374688" />
</allocation-stats>
<gc-op id="1569" type="mark" timems="2.088" contextid="1566" timestamp="2019-07-02T23:04:52.039">
  <trace-info objectcount="67004" scancount="59417" scanbytes="2299332" />
  <finalization candidates="124" enqueued="0" />
  <ownableSynchronizers candidates="3" cleared="0" />
  <references type="soft" candidates="84" cleared="0" enqueued="0" dynamicThreshold="20" maxThreshold="32" />
  <references type="weak" candidates="774" cleared="0" enqueued="0" />
  <references type="phantom" candidates="63" cleared="0" enqueued="0" />
  <stringconstants candidates="4574" cleared="0"  />
</gc-op>
<gc-op id="1570" type="sweep" timems="0.761" contextid="1566" timestamp="2019-07-02T23:04:52.040" />
<heap-resize id="1571" type="contract" space="tenure" amount="131072" count="1" timems="0.085" reason="excess free space following gc" timestamp="2019-07-02T23:04:52.040" />
<gc-end id="1572" type="global" contextid="1566" durationms="3.582" usertimems="8.000" systemtimems="0.000" timestamp="2019-07-02T23:04:52.040" activeThreads="4">
  <mem-info id="1573" free="10249120" total="16121856" percent="63">
    <mem type="tenure" free="10249120" total="16121856" percent="63" micro-fragmented="14370" macro-fragmented="0">
      <mem type="soa" free="10182696" total="15961088" percent="63" />
      <mem type="loa" free="66424" total="160768" percent="41" />
    </mem>
  </mem-info>
</gc-end>
<cycle-end id="1574" type="global" contextid="1566" timestamp="2019-07-02T23:04:52.040">
  <attribute name="GC Util" value="247" />
  <attribute name="CPU Util" value="8473551645807" />
  <attribute name="Time Running"value="2674"/>
  <attribute name="Number of cores"value="4"/>
</cycle-end>
<allocation-satisfied id="1575" threadId="0000000001134900" bytesRequested="24" />
<af-end id="1576" timestamp="2019-07-02T23:04:52.041" threadId="0000000001135288" success="true" />
<exclusive-end id="1577" timestamp="2019-07-02T23:04:52.041" durationms="4.418" />

<exclusive-start id="1578" timestamp="2019-07-02T23:04:52.047" intervalms="11.089">
  <response-info timems="0.027" idlems="0.027" threads="0" lastid="0000000001129500" lastname="Thread-10" />
</exclusive-start>
<af-start id="1579" threadId="0000000001129E88" totalBytesRequested="40" timestamp="2019-07-02T23:04:52.047" intervalms="11.018" />
<cycle-start id="1580" type="global" contextid="0" timestamp="2019-07-02T23:04:52.048" intervalms="10.995" />
  <attribute name="GC Util" value="247" />
  <attribute name="CPU Util" value="8473551645807" />
  <attribute name="Time Running"value="2674"/>
  <attribute name="Number of cores"value="4"/>
<gc-start id="1581" type="global" contextid="1580" timestamp="2019-07-02T23:04:52.048">
  <mem-info id="1582" free="66424" total="16121856" percent="0">
    <mem type="tenure" free="66424" total="16121856" percent="0">
      <mem type="soa" free="0" total="15961088" percent="0" />
      <mem type="loa" free="66424" total="160768" percent="41" />
    </mem>
  </mem-info>
</gc-start>
<allocation-stats totalBytes="10175040" >
  <allocated-bytes non-tlh="0" tlh="10175040" />
  <largest-consumer threadName="Thread-7" threadId="0000000001134900" bytes="3805704" />
</allocation-stats>
<gc-op id="1583" type="mark" timems="2.165" contextid="1580" timestamp="2019-07-02T23:04:52.050">
  <trace-info objectcount="70043" scancount="62468" scanbytes="2372068" />
  <finalization candidates="124" enqueued="0" />
  <ownableSynchronizers candidates="3" cleared="0" />
  <references type="soft" candidates="84" cleared="0" enqueued="0" dynamicThreshold="20" maxThreshold="32" />
  <references type="weak" candidates="774" cleared="0" enqueued="0" />
  <references type="phantom" candidates="63" cleared="0" enqueued="0" />
  <stringconstants candidates="4574" cleared="0"  />
</gc-op>
<gc-op id="1584" type="sweep" timems="0.455" contextid="1580" timestamp="2019-07-02T23:04:52.050" />
<heap-resize id="1585" type="contract" space="tenure" amount="65536" count="1" timems="0.086" reason="excess free space following gc" timestamp="2019-07-02T23:04:52.051" />
<gc-end id="1586" type="global" contextid="1580" durationms="3.082" usertimems="4.000" systemtimems="4.000" timestamp="2019-07-02T23:04:52.051" activeThreads="4">
  <mem-info id="1587" free="10023640" total="16056320" percent="62">
    <mem type="tenure" free="10023640" total="16056320" percent="62" micro-fragmented="11537" macro-fragmented="0">
      <mem type="soa" free="10023640" total="15896576" percent="63" />
      <mem type="loa" free="0" total="159744" percent="0" />
    </mem>
  </mem-info>
</gc-end>
<cycle-end id="1588" type="global" contextid="1580" timestamp="2019-07-02T23:04:52.051">
  <attribute name="GC Util" value="245" />
  <attribute name="CPU Util" value="8173161594677" />
  <attribute name="Time Running"value="2685"/>
  <attribute name="Number of cores"value="4"/>
</cycle-end>
<allocation-satisfied id="1589" threadId="0000000001129500" bytesRequested="40" />
<af-end id="1590" timestamp="2019-07-02T23:04:52.051" threadId="0000000001129E88" success="true" />
<exclusive-end id="1591" timestamp="2019-07-02T23:04:52.051" durationms="3.893" />

<exclusive-start id="1592" timestamp="2019-07-02T23:04:52.058" intervalms="10.592">
  <response-info timems="0.052" idlems="0.027" threads="1" lastid="0000000001130D00" lastname="Thread-9" />
</exclusive-start>
<af-start id="1593" threadId="0000000001135288" totalBytesRequested="40" timestamp="2019-07-02T23:04:52.058" intervalms="10.588" />
<cycle-start id="1594" type="global" contextid="0" timestamp="2019-07-02T23:04:52.058" intervalms="10.552" />
  <attribute name="GC Util" value="245" />
  <attribute name="CPU Util" value="8173161594677" />
  <attribute name="Time Running"value="2685"/>
  <attribute name="Number of cores"value="4"/>
<gc-start id="1595" type="global" contextid="1594" timestamp="2019-07-02T23:04:52.058">
  <mem-info id="1596" free="0" total="16056320" percent="0">
    <mem type="tenure" free="0" total="16056320" percent="0">
      <mem type="soa" free="0" total="15896576" percent="0" />
      <mem type="loa" free="0" total="159744" percent="0" />
    </mem>
  </mem-info>
</gc-start>
<allocation-stats totalBytes="10007640" >
  <allocated-bytes non-tlh="19056" tlh="9988584" />
  <largest-consumer threadName="Thread-7" threadId="0000000001134900" bytes="3495568" />
</allocation-stats>
<gc-op id="1597" type="mark" timems="2.032" contextid="1594" timestamp="2019-07-02T23:04:52.060">
  <trace-info objectcount="69303" scancount="61721" scanbytes="2354844" />
  <finalization candidates="124" enqueued="0" />
  <ownableSynchronizers candidates="3" cleared="0" />
  <references type="soft" candidates="84" cleared="0" enqueued="0" dynamicThreshold="19" maxThreshold="32" />
  <references type="weak" candidates="774" cleared="0" enqueued="0" />
  <references type="phantom" candidates="63" cleared="0" enqueued="0" />
  <stringconstants candidates="4574" cleared="0"  />
</gc-op>
<gc-op id="1598" type="sweep" timems="0.624" contextid="1594" timestamp="2019-07-02T23:04:52.061" />
<mem-info id="1599" free="9995360" total="16056320" percent="62">
  <mem type="tenure" free="9995360" total="16056320" percent="62" micro-fragmented="50626" macro-fragmented="0">
    <mem type="soa" free="9995360" total="15896576" percent="62" />
    <mem type="loa" free="0" total="159744" percent="0" />
  </mem>
</mem-info>
<gc-op id="1600" type="compact" timems="6.123" contextid="1594" timestamp="2019-07-02T23:04:52.067">
  <compact-info movecount="29547" movebytes="1260136" reason="compact to aid heap contraction" />
</gc-op>
<heap-resize id="1601" type="contract" space="tenure" amount="131072" count="1" timems="0.076" reason="excess free space following gc" timestamp="2019-07-02T23:04:52.068" />
<gc-end id="1602" type="global" contextid="1594" durationms="9.495" usertimems="16.000" systemtimems="0.000" timestamp="2019-07-02T23:04:52.068" activeThreads="4">
  <mem-info id="1603" free="10006824" total="15925248" percent="62">
    <mem type="tenure" free="10006824" total="15925248" percent="62">
      <mem type="soa" free="9876776" total="15766528" percent="62" />
      <mem type="loa" free="130048" total="158720" percent="81" />
    </mem>
  </mem-info>
</gc-end>
<cycle-end id="1604" type="global" contextid="1594" timestamp="2019-07-02T23:04:52.068">
  <attribute name="GC Util" value="131" />
  <attribute name="CPU Util" value="24149188451697" />
  <attribute name="Time Running"value="2696"/>
  <attribute name="Number of cores"value="4"/>
</cycle-end>
<allocation-satisfied id="1605" threadId="0000000001134900" bytesRequested="40" />
<af-end id="1606" timestamp="2019-07-02T23:04:52.068" threadId="0000000001135288" success="true" />
<exclusive-end id="1607" timestamp="2019-07-02T23:04:52.068" durationms="10.224" />

<exclusive-start id="1608" timestamp="2019-07-02T23:04:52.073" intervalms="15.334">
  <response-info timems="0.036" idlems="0.036" threads="0" lastid="0000000001134900" lastname="Thread-7" />
</exclusive-start>
<af-start id="1609" threadId="0000000001135288" totalBytesRequested="40" timestamp="2019-07-02T23:04:52.073" intervalms="15.341" />
<cycle-start id="1610" type="global" contextid="0" timestamp="2019-07-02T23:04:52.073" intervalms="15.340" />
  <attribute name="GC Util" value="131" />
  <attribute name="CPU Util" value="24149188451697" />
  <attribute name="Time Running"value="2696"/>
  <attribute name="Number of cores"value="4"/>
<gc-start id="1611" type="global" contextid="1610" timestamp="2019-07-02T23:04:52.073">
  <mem-info id="1612" free="130048" total="15925248" percent="0">
    <mem type="tenure" free="130048" total="15925248" percent="0">
      <mem type="soa" free="0" total="15766528" percent="0" />
      <mem type="loa" free="130048" total="158720" percent="81" />
    </mem>
  </mem-info>
</gc-start>
<allocation-stats totalBytes="9940984" >
  <allocated-bytes non-tlh="0" tlh="9940984" />
  <largest-consumer threadName="Thread-7" threadId="0000000001134900" bytes="2850400" />
</allocation-stats>
<gc-op id="1613" type="mark" timems="1.939" contextid="1610" timestamp="2019-07-02T23:04:52.076">
  <trace-info objectcount="68431" scancount="60852" scanbytes="2333980" />
  <finalization candidates="124" enqueued="0" />
  <ownableSynchronizers candidates="3" cleared="0" />
  <references type="soft" candidates="84" cleared="0" enqueued="0" dynamicThreshold="20" maxThreshold="32" />
  <references type="weak" candidates="774" cleared="0" enqueued="0" />
  <references type="phantom" candidates="63" cleared="0" enqueued="0" />
  <stringconstants candidates="4574" cleared="0"  />
</gc-op>
<gc-op id="1614" type="sweep" timems="0.735" contextid="1610" timestamp="2019-07-02T23:04:52.076" />
<heap-resize id="1615" type="contract" space="tenure" amount="131072" count="1" timems="0.074" reason="excess free space following gc" timestamp="2019-07-02T23:04:52.077" />
<gc-end id="1616" type="global" contextid="1610" durationms="3.138" usertimems="4.000" systemtimems="0.000" timestamp="2019-07-02T23:04:52.077" activeThreads="4">
  <mem-info id="1617" free="9845424" total="15794176" percent="62">
    <mem type="tenure" free="9845424" total="15794176" percent="62" micro-fragmented="72503" macro-fragmented="0">
      <mem type="soa" free="9736336" total="15636480" percent="62" />
      <mem type="loa" free="109088" total="157696" percent="69" />
    </mem>
  </mem-info>
</gc-end>
<cycle-end id="1618" type="global" contextid="1610" timestamp="2019-07-02T23:04:52.077">
  <attribute name="GC Util" value="246" />
  <attribute name="CPU Util" value="9236335188623" />
  <attribute name="Time Running"value="2711"/>
  <attribute name="Number of cores"value="4"/>
</cycle-end>
<allocation-satisfied id="1619" threadId="0000000001134900" bytesRequested="40" />
<af-end id="1620" timestamp="2019-07-02T23:04:52.077" threadId="0000000001135288" success="true" />
<exclusive-end id="1621" timestamp="2019-07-02T23:04:52.077" durationms="3.754" />

<exclusive-start id="1622" timestamp="2019-07-02T23:04:52.084" intervalms="10.489">
  <response-info timems="0.028" idlems="0.026" threads="1" lastid="0000000001130D00" lastname="Thread-9" />
</exclusive-start>
<af-start id="1623" threadId="0000000001129E88" totalBytesRequested="24" timestamp="2019-07-02T23:04:52.084" intervalms="10.443" />
<cycle-start id="1624" type="global" contextid="0" timestamp="2019-07-02T23:04:52.084" intervalms="10.439" />
  <attribute name="GC Util" value="246" />
  <attribute name="CPU Util" value="9236335188623" />
  <attribute name="Time Running"value="2711"/>
  <attribute name="Number of cores"value="4"/>
<gc-start id="1625" type="global" contextid="1624" timestamp="2019-07-02T23:04:52.084">
  <mem-info id="1626" free="109088" total="15794176" percent="0">
    <mem type="tenure" free="109088" total="15794176" percent="0">
      <mem type="soa" free="0" total="15636480" percent="0" />
      <mem type="loa" free="109088" total="157696" percent="69" />
    </mem>
  </mem-info>
</gc-start>
<allocation-stats totalBytes="9734168" >
  <allocated-bytes non-tlh="0" tlh="9734168" />
  <largest-consumer threadName="Thread-10" threadId="0000000001129500" bytes="3193752" />
</allocation-stats>
<gc-op id="1627" type="mark" timems="1.930" contextid="1624" timestamp="2019-07-02T23:04:52.086">
  <trace-info objectcount="72333" scancount="64748" scanbytes="2427628" />
  <finalization candidates="124" enqueued="0" />
  <ownableSynchronizers candidates="3" cleared="0" />
  <references type="soft" candidates="84" cleared="0" enqueued="0" dynamicThreshold="19" maxThreshold="32" />
  <references type="weak" candidates="774" cleared="0" enqueued="0" />
  <references type="phantom" candidates="63" cleared="0" enqueued="0" />
  <stringconstants candidates="4574" cleared="0"  />
</gc-op>
<gc-op id="1628" type="sweep" timems="0.621" contextid="1624" timestamp="2019-07-02T23:04:52.087" />
<heap-resize id="1629" type="contract" space="tenure" amount="131072" count="1" timems="0.060" reason="excess free space following gc" timestamp="2019-07-02T23:04:52.087" />
<gc-end id="1630" type="global" contextid="1624" durationms="3.056" usertimems="4.000" systemtimems="4.000" timestamp="2019-07-02T23:04:52.087" activeThreads="4">
  <mem-info id="1631" free="9512544" total="15663104" percent="60">
    <mem type="tenure" free="9512544" total="15663104" percent="60" micro-fragmented="103352" macro-fragmented="0">
      <mem type="soa" free="9512544" total="15507456" percent="61" />
      <mem type="loa" free="0" total="155648" percent="0" />
    </mem>
  </mem-info>
</gc-end>
<cycle-end id="1632" type="global" contextid="1624" timestamp="2019-07-02T23:04:52.087">
  <attribute name="GC Util" value="253" />
  <attribute name="CPU Util" value="9138145082216" />
  <attribute name="Time Running"value="2721"/>
  <attribute name="Number of cores"value="4"/>
</cycle-end>
<allocation-satisfied id="1633" threadId="0000000001129500" bytesRequested="24" />
<af-end id="1634" timestamp="2019-07-02T23:04:52.087" threadId="0000000001129E88" success="true" />
<exclusive-end id="1635" timestamp="2019-07-02T23:04:52.087" durationms="3.522" />

<exclusive-start id="1636" timestamp="2019-07-02T23:04:52.092" intervalms="8.651">
  <response-info timems="0.025" idlems="0.025" threads="0" lastid="0000000001129500" lastname="Thread-10" />
</exclusive-start>
<af-start id="1637" threadId="0000000001129E88" totalBytesRequested="40" timestamp="2019-07-02T23:04:52.092" intervalms="8.640" />
<cycle-start id="1638" type="global" contextid="0" timestamp="2019-07-02T23:04:52.092" intervalms="8.596" />
  <attribute name="GC Util" value="253" />
  <attribute name="CPU Util" value="9138145082216" />
  <attribute name="Time Running"value="2721"/>
  <attribute name="Number of cores"value="4"/>
<gc-start id="1639" type="global" contextid="1638" timestamp="2019-07-02T23:04:52.092">
  <mem-info id="1640" free="0" total="15663104" percent="0">
    <mem type="tenure" free="0" total="15663104" percent="0">
      <mem type="soa" free="0" total="15507456" percent="0" />
      <mem type="loa" free="0" total="155648" percent="0" />
    </mem>
  </mem-info>
</gc-start>
<allocation-stats totalBytes="9503192" >
  <allocated-bytes non-tlh="42216" tlh="9460976" />
  <largest-consumer threadName="Thread-10" threadId="0000000001129500" bytes="2858152" />
</allocation-stats>
<gc-op id="1641" type="mark" timems="1.882" contextid="1638" timestamp="2019-07-02T23:04:52.094">
  <trace-info objectcount="65795" scancount="58229" scanbytes="2270252" />
  <finalization candidates="124" enqueued="0" />
  <ownableSynchronizers candidates="3" cleared="0" />
  <references type="soft" candidates="84" cleared="0" enqueued="0" dynamicThreshold="19" maxThreshold="32" />
  <references type="weak" candidates="774" cleared="0" enqueued="0" />
  <references type="phantom" candidates="63" cleared="0" enqueued="0" />
  <stringconstants candidates="4574" cleared="0"  />
</gc-op>
<gc-op id="1642" type="sweep" timems="0.590" contextid="1638" timestamp="2019-07-02T23:04:52.095" />
<gc-end id="1643" type="global" contextid="1638" durationms="2.751" usertimems="8.000" systemtimems="0.000" timestamp="2019-07-02T23:04:52.095" activeThreads="4">
  <mem-info id="1644" free="9623552" total="15663104" percent="61">
    <mem type="tenure" free="9623552" total="15663104" percent="61" micro-fragmented="126061" macro-fragmented="0">
      <mem type="soa" free="9623552" total="15507456" percent="62" />
      <mem type="loa" free="0" total="155648" percent="0" />
    </mem>
  </mem-info>
</gc-end>
<cycle-end id="1645" type="global" contextid="1638" timestamp="2019-07-02T23:04:52.095">
  <attribute name="GC Util" value="253" />
  <attribute name="CPU Util" value="9350894820099" />
  <attribute name="Time Running"value="2730"/>
  <attribute name="Number of cores"value="4"/>
</cycle-end>
<allocation-satisfied id="1646" threadId="0000000001129500" bytesRequested="40" />
<af-end id="1647" timestamp="2019-07-02T23:04:52.095" threadId="0000000001129E88" success="true" />
<exclusive-end id="1648" timestamp="2019-07-02T23:04:52.096" durationms="3.243" />

<exclusive-start id="1649" timestamp="2019-07-02T23:04:52.102" intervalms="9.223">
  <response-info timems="0.032" idlems="0.032" threads="0" lastid="0000000001129500" lastname="Thread-10" />
</exclusive-start>
<af-start id="1650" threadId="0000000001129E88" totalBytesRequested="40" timestamp="2019-07-02T23:04:52.102" intervalms="9.262" />
<cycle-start id="1651" type="global" contextid="0" timestamp="2019-07-02T23:04:52.102" intervalms="9.302" />
  <attribute name="GC Util" value="253" />
  <attribute name="CPU Util" value="9350894820099" />
  <attribute name="Time Running"value="2730"/>
  <attribute name="Number of cores"value="4"/>
<gc-start id="1652" type="global" contextid="1651" timestamp="2019-07-02T23:04:52.102">
  <mem-info id="1653" free="0" total="15663104" percent="0">
    <mem type="tenure" free="0" total="15663104" percent="0">
      <mem type="soa" free="0" total="15507456" percent="0" />
      <mem type="loa" free="0" total="155648" percent="0" />
    </mem>
  </mem-info>
</gc-start>
<allocation-stats totalBytes="9612072" >
  <allocated-bytes non-tlh="0" tlh="9612072" />
  <largest-consumer threadName="Thread-10" threadId="0000000001129500" bytes="2911128" />
</allocation-stats>
<gc-op id="1654" type="mark" timems="1.765" contextid="1651" timestamp="2019-07-02T23:04:52.104">
  <trace-info objectcount="70037" scancount="62465" scanbytes="2372132" />
  <finalization candidates="124" enqueued="0" />
  <ownableSynchronizers candidates="3" cleared="0" />
  <references type="soft" candidates="84" cleared="0" enqueued="0" dynamicThreshold="19" maxThreshold="32" />
  <references type="weak" candidates="774" cleared="0" enqueued="0" />
  <references type="phantom" candidates="63" cleared="0" enqueued="0" />
  <stringconstants candidates="4574" cleared="0"  />
</gc-op>
<gc-op id="1655" type="sweep" timems="0.820" contextid="1651" timestamp="2019-07-02T23:04:52.105" />
<gc-end id="1656" type="global" contextid="1651" durationms="2.783" usertimems="8.000" systemtimems="0.000" timestamp="2019-07-02T23:04:52.105" activeThreads="4">
  <mem-info id="1657" free="9473632" total="15663104" percent="60">
    <mem type="tenure" free="9473632" total="15663104" percent="60" micro-fragmented="147188" macro-fragmented="0">
      <mem type="soa" free="9473632" total="15507456" percent="61" />
      <mem type="loa" free="0" total="155648" percent="0" />
    </mem>
  </mem-info>
</gc-end>
<cycle-end id="1658" type="global" contextid="1651" timestamp="2019-07-02T23:04:52.105">
  <attribute name="GC Util" value="254" />
  <attribute name="CPU Util" value="10173332330912" />
  <attribute name="Time Running"value="2739"/>
  <attribute name="Number of cores"value="4"/>
</cycle-end>
<allocation-satisfied id="1659" threadId="0000000001129500" bytesRequested="40" />
<af-end id="1660" timestamp="2019-07-02T23:04:52.105" threadId="0000000001129E88" success="true" />
<exclusive-end id="1661" timestamp="2019-07-02T23:04:52.105" durationms="3.265" />

<exclusive-start id="1662" timestamp="2019-07-02T23:04:52.111" intervalms="9.679">
  <response-info timems="0.025" idlems="0.025" threads="0" lastid="0000000001129500" lastname="Thread-10" />
</exclusive-start>
<af-start id="1663" threadId="0000000001129E88" totalBytesRequested="40" timestamp="2019-07-02T23:04:52.111" intervalms="9.692" />
<cycle-start id="1664" type="global" contextid="0" timestamp="2019-07-02T23:04:52.111" intervalms="9.697" />
  <attribute name="GC Util" value="254" />
  <attribute name="CPU Util" value="10173332330912" />
  <attribute name="Time Running"value="2739"/>
  <attribute name="Number of cores"value="4"/>
<gc-start id="1665" type="global" contextid="1664" timestamp="2019-07-02T23:04:52.111">
  <mem-info id="1666" free="0" total="15663104" percent="0">
    <mem type="tenure" free="0" total="15663104" percent="0">
      <mem type="soa" free="0" total="15507456" percent="0" />
      <mem type="loa" free="0" total="155648" percent="0" />
    </mem>
  </mem-info>
</gc-start>
<allocation-stats totalBytes="9454648" >
  <allocated-bytes non-tlh="19056" tlh="9435592" />
  <largest-consumer threadName="Thread-7" threadId="0000000001134900" bytes="3051968" />
</allocation-stats>
<gc-op id="1667" type="mark" timems="1.762" contextid="1664" timestamp="2019-07-02T23:04:52.113">
  <trace-info objectcount="68877" scancount="61314" scanbytes="2344572" />
  <finalization candidates="124" enqueued="0" />
  <ownableSynchronizers candidates="3" cleared="0" />
  <references type="soft" candidates="84" cleared="0" enqueued="0" dynamicThreshold="19" maxThreshold="32" />
  <references type="weak" candidates="774" cleared="0" enqueued="0" />
  <references type="phantom" candidates="63" cleared="0" enqueued="0" />
  <stringconstants candidates="4574" cleared="0"  />
</gc-op>
<gc-op id="1668" type="sweep" timems="0.638" contextid="1664" timestamp="2019-07-02T23:04:52.114" />
<gc-end id="1669" type="global" contextid="1664" durationms="2.668" usertimems="0.000" systemtimems="8.000" timestamp="2019-07-02T23:04:52.114" activeThreads="4">
  <mem-info id="1670" free="9569032" total="15663104" percent="61">
    <mem type="tenure" free="9569032" total="15663104" percent="61" micro-fragmented="131547" macro-fragmented="0">
      <mem type="soa" free="9491520" total="15507456" percent="61" />
      <mem type="loa" free="77512" total="155648" percent="49" />
    </mem>
  </mem-info>
</gc-end>
<cycle-end id="1671" type="global" contextid="1664" timestamp="2019-07-02T23:04:52.114">
  <attribute name="GC Util" value="251" />
  <attribute name="CPU Util" value="9973164469314" />
  <attribute name="Time Running"value="2749"/>
  <attribute name="Number of cores"value="4"/>
</cycle-end>
<allocation-satisfied id="1672" threadId="0000000001129500" bytesRequested="40" />
<af-end id="1673" timestamp="2019-07-02T23:04:52.114" threadId="0000000001129E88" success="true" />
<exclusive-end id="1674" timestamp="2019-07-02T23:04:52.114" durationms="3.252" />

<exclusive-start id="1675" timestamp="2019-07-02T23:04:52.120" intervalms="9.097">
  <response-info timems="0.035" idlems="0.035" threads="0" lastid="0000000001134900" lastname="Thread-7" />
</exclusive-start>
<af-start id="1676" threadId="0000000001135288" totalBytesRequested="24" timestamp="2019-07-02T23:04:52.120" intervalms="9.100" />
<cycle-start id="1677" type="global" contextid="0" timestamp="2019-07-02T23:04:52.121" intervalms="9.103" />
  <attribute name="GC Util" value="251" />
  <attribute name="CPU Util" value="9973164469314" />
  <attribute name="Time Running"value="2749"/>
  <attribute name="Number of cores"value="4"/>
<gc-start id="1678" type="global" contextid="1677" timestamp="2019-07-02T23:04:52.121">
  <mem-info id="1679" free="77512" total="15663104" percent="0">
    <mem type="tenure" free="77512" total="15663104" percent="0">
      <mem type="soa" free="0" total="15507456" percent="0" />
      <mem type="loa" free="77512" total="155648" percent="49" />
    </mem>
  </mem-info>
</gc-start>
<allocation-stats totalBytes="9472568" >
  <allocated-bytes non-tlh="19056" tlh="9453512" />
  <largest-consumer threadName="Thread-10" threadId="0000000001129500" bytes="2957000" />
</allocation-stats>
<gc-op id="1680" type="mark" timems="2.295" contextid="1677" timestamp="2019-07-02T23:04:52.123">
  <trace-info objectcount="68043" scancount="60458" scanbytes="2324700" />
  <finalization candidates="124" enqueued="0" />
  <ownableSynchronizers candidates="3" cleared="0" />
  <references type="soft" candidates="84" cleared="0" enqueued="0" dynamicThreshold="19" maxThreshold="32" />
  <references type="weak" candidates="774" cleared="0" enqueued="0" />
  <references type="phantom" candidates="63" cleared="0" enqueued="0" />
  <stringconstants candidates="4574" cleared="0"  />
</gc-op>
<gc-op id="1681" type="sweep" timems="0.801" contextid="1677" timestamp="2019-07-02T23:04:52.124" />
<gc-end id="1682" type="global" contextid="1677" durationms="3.451" usertimems="8.000" systemtimems="0.000" timestamp="2019-07-02T23:04:52.124" activeThreads="4">
  <mem-info id="1683" free="9589080" total="15663104" percent="61">
    <mem type="tenure" free="9589080" total="15663104" percent="61" micro-fragmented="175545" macro-fragmented="0">
      <mem type="soa" free="9511568" total="15507456" percent="61" />
      <mem type="loa" free="77512" total="155648" percent="49" />
    </mem>
  </mem-info>
</gc-end>
<cycle-end id="1684" type="global" contextid="1677" timestamp="2019-07-02T23:04:52.124">
  <attribute name="GC Util" value="253" />
  <attribute name="CPU Util" value="7721889238066" />
  <attribute name="Time Running"value="2758"/>
  <attribute name="Number of cores"value="4"/>
</cycle-end>
<allocation-satisfied id="1685" threadId="0000000001134900" bytesRequested="24" />
<af-end id="1686" timestamp="2019-07-02T23:04:52.124" threadId="0000000001135288" success="true" />
<exclusive-end id="1687" timestamp="2019-07-02T23:04:52.125" durationms="4.189" />

<exclusive-start id="1688" timestamp="2019-07-02T23:04:52.133" intervalms="12.796">
  <response-info timems="2.929" idlems="1.473" threads="1" lastid="0000000001130D00" lastname="Thread-9" />
</exclusive-start>
<af-start id="1689" threadId="0000000001129E88" totalBytesRequested="40" timestamp="2019-07-02T23:04:52.133" intervalms="12.831" />
<cycle-start id="1690" type="global" contextid="0" timestamp="2019-07-02T23:04:52.133" intervalms="12.872" />
  <attribute name="GC Util" value="253" />
  <attribute name="CPU Util" value="7721889238066" />
  <attribute name="Time Running"value="2758"/>
  <attribute name="Number of cores"value="4"/>
<gc-start id="1691" type="global" contextid="1690" timestamp="2019-07-02T23:04:52.134">
  <mem-info id="1692" free="77512" total="15663104" percent="0">
    <mem type="tenure" free="77512" total="15663104" percent="0">
      <mem type="soa" free="0" total="15507456" percent="0" />
      <mem type="loa" free="77512" total="155648" percent="49" />
    </mem>
  </mem-info>
</gc-start>
<allocation-stats totalBytes="9492232" >
  <allocated-bytes non-tlh="0" tlh="9492232" />
  <largest-consumer threadName="Thread-7" threadId="0000000001134900" bytes="2633456" />
</allocation-stats>
<gc-op id="1693" type="mark" timems="2.217" contextid="1690" timestamp="2019-07-02T23:04:52.136">
  <trace-info objectcount="72147" scancount="64579" scanbytes="2422844" />
  <finalization candidates="124" enqueued="0" />
  <ownableSynchronizers candidates="3" cleared="0" />
  <references type="soft" candidates="84" cleared="0" enqueued="0" dynamicThreshold="19" maxThreshold="32" />
  <references type="weak" candidates="774" cleared="0" enqueued="0" />
  <references type="phantom" candidates="63" cleared="0" enqueued="0" />
  <stringconstants candidates="4574" cleared="0"  />
</gc-op>
<gc-op id="1694" type="sweep" timems="0.845" contextid="1690" timestamp="2019-07-02T23:04:52.137" />
<gc-end id="1695" type="global" contextid="1690" durationms="3.538" usertimems="8.000" systemtimems="0.000" timestamp="2019-07-02T23:04:52.137" activeThreads="4">
  <mem-info id="1696" free="9435056" total="15663104" percent="60">
    <mem type="tenure" free="9435056" total="15663104" percent="60" micro-fragmented="185794" macro-fragmented="0">
      <mem type="soa" free="9357544" total="15507456" percent="60" />
      <mem type="loa" free="77512" total="155648" percent="49" />
    </mem>
  </mem-info>
</gc-end>
<cycle-end id="1697" type="global" contextid="1690" timestamp="2019-07-02T23:04:52.137">
  <attribute name="GC Util" value="245" />
  <attribute name="CPU Util" value="8002845949975" />
  <attribute name="Time Running"value="2771"/>
  <attribute name="Number of cores"value="4"/>
</cycle-end>
<allocation-satisfied id="1698" threadId="0000000001129500" bytesRequested="40" />
<af-end id="1699" timestamp="2019-07-02T23:04:52.137" threadId="0000000001129E88" success="true" />
<exclusive-end id="1700" timestamp="2019-07-02T23:04:52.137" durationms="4.238" />

<exclusive-start id="1701" timestamp="2019-07-02T23:04:52.145" intervalms="11.446">
  <response-info timems="0.026" idlems="0.026" threads="0" lastid="0000000001134900" lastname="Thread-7" />
</exclusive-start>
<af-start id="1702" threadId="0000000001135288" totalBytesRequested="40" timestamp="2019-07-02T23:04:52.145" intervalms="11.378" />
<cycle-start id="1703" type="global" contextid="0" timestamp="2019-07-02T23:04:52.145" intervalms="11.345" />
  <attribute name="GC Util" value="245" />
  <attribute name="CPU Util" value="8002845949975" />
  <attribute name="Time Running"value="2771"/>
  <attribute name="Number of cores"value="4"/>
<gc-start id="1704" type="global" contextid="1703" timestamp="2019-07-02T23:04:52.145">
  <mem-info id="1705" free="77512" total="15663104" percent="0">
    <mem type="tenure" free="77512" total="15663104" percent="0">
      <mem type="soa" free="0" total="15507456" percent="0" />
      <mem type="loa" free="77512" total="155648" percent="49" />
    </mem>
  </mem-info>
</gc-start>
<allocation-stats totalBytes="9331080" >
  <allocated-bytes non-tlh="19056" tlh="9312024" />
  <largest-consumer threadName="Thread-7" threadId="0000000001134900" bytes="3413672" />
</allocation-stats>
<gc-op id="1706" type="mark" timems="2.340" contextid="1703" timestamp="2019-07-02T23:04:52.147">
  <trace-info objectcount="70885" scancount="63307" scanbytes="2392508" />
  <finalization candidates="124" enqueued="0" />
  <ownableSynchronizers candidates="3" cleared="0" />
  <references type="soft" candidates="84" cleared="0" enqueued="0" dynamicThreshold="19" maxThreshold="32" />
  <references type="weak" candidates="774" cleared="0" enqueued="0" />
  <references type="phantom" candidates="63" cleared="0" enqueued="0" />
  <stringconstants candidates="4574" cleared="0"  />
</gc-op>
<gc-op id="1707" type="sweep" timems="0.915" contextid="1703" timestamp="2019-07-02T23:04:52.148" />
<gc-end id="1708" type="global" contextid="1703" durationms="3.615" usertimems="4.000" systemtimems="4.000" timestamp="2019-07-02T23:04:52.148" activeThreads="4">
  <mem-info id="1709" free="9470704" total="15663104" percent="60">
    <mem type="tenure" free="9470704" total="15663104" percent="60" micro-fragmented="121572" macro-fragmented="0">
      <mem type="soa" free="9393192" total="15507456" percent="60" />
      <mem type="loa" free="77512" total="155648" percent="49" />
    </mem>
  </mem-info>
</gc-end>
<cycle-end id="1710" type="global" contextid="1703" timestamp="2019-07-02T23:04:52.149">
  <attribute name="GC Util" value="252" />
  <attribute name="CPU Util" value="7578696357111" />
  <attribute name="Time Running"value="2783"/>
  <attribute name="Number of cores"value="4"/>
</cycle-end>
<allocation-satisfied id="1711" threadId="0000000001134900" bytesRequested="40" />
<af-end id="1712" timestamp="2019-07-02T23:04:52.149" threadId="0000000001135288" success="true" />
<exclusive-end id="1713" timestamp="2019-07-02T23:04:52.149" durationms="4.319" />

<exclusive-start id="1714" timestamp="2019-07-02T23:04:52.156" intervalms="11.809">
  <response-info timems="0.024" idlems="0.024" threads="1" lastid="0000000001130D00" lastname="Thread-9" />
</exclusive-start>
<af-start id="1715" threadId="000000000112DA88" totalBytesRequested="40" timestamp="2019-07-02T23:04:52.157" intervalms="11.880" />
<cycle-start id="1716" type="global" contextid="0" timestamp="2019-07-02T23:04:52.157" intervalms="11.928" />
  <attribute name="GC Util" value="252" />
  <attribute name="CPU Util" value="7578696357111" />
  <attribute name="Time Running"value="2783"/>
  <attribute name="Number of cores"value="4"/>
<gc-start id="1717" type="global" contextid="1716" timestamp="2019-07-02T23:04:52.157">
  <mem-info id="1718" free="77512" total="15663104" percent="0">
    <mem type="tenure" free="77512" total="15663104" percent="0">
      <mem type="soa" free="0" total="15507456" percent="0" />
      <mem type="loa" free="77512" total="155648" percent="49" />
    </mem>
  </mem-info>
</gc-start>
<allocation-stats totalBytes="9366232" >
  <allocated-bytes non-tlh="38112" tlh="9328120" />
  <largest-consumer threadName="Thread-9" threadId="0000000001130D00" bytes="3521528" />
</allocation-stats>
<gc-op id="1719" type="mark" timems="1.112" contextid="1716" timestamp="2019-07-02T23:04:52.158">
  <trace-info objectcount="65157" scancount="57580" scanbytes="2255372" />
  <finalization candidates="124" enqueued="0" />
  <ownableSynchronizers candidates="3" cleared="0" />
  <references type="soft" candidates="84" cleared="0" enqueued="0" dynamicThreshold="19" maxThreshold="32" />
  <references type="weak" candidates="774" cleared="0" enqueued="0" />
  <references type="phantom" candidates="63" cleared="0" enqueued="0" />
  <stringconstants candidates="4574" cleared="0"  />
</gc-op>
<gc-op id="1720" type="sweep" timems="0.340" contextid="1716" timestamp="2019-07-02T23:04:52.159" />
<heap-resize id="1721" type="contract" space="tenure" amount="131072" count="1" timems="0.088" reason="excess free space following gc" timestamp="2019-07-02T23:04:52.159" />
<gc-end id="1722" type="global" contextid="1716" durationms="2.147" usertimems="0.000" systemtimems="4.000" timestamp="2019-07-02T23:04:52.159" activeThreads="4">
  <mem-info id="1723" free="9628680" total="15532032" percent="61">
    <mem type="tenure" free="9628680" total="15532032" percent="61" micro-fragmented="24645" macro-fragmented="0">
      <mem type="soa" free="9628680" total="15377408" percent="62" />
      <mem type="loa" free="0" total="154624" percent="0" />
    </mem>
  </mem-info>
</gc-end>
<cycle-end id="1724" type="global" contextid="1716" timestamp="2019-07-02T23:04:52.159">
  <attribute name="GC Util" value="205" />
  <attribute name="CPU Util" value="15314766937721" />
  <attribute name="Time Running"value="2793"/>
  <attribute name="Number of cores"value="4"/>
</cycle-end>
<allocation-satisfied id="1725" threadId="000000000112D100" bytesRequested="40" />
<af-end id="1726" timestamp="2019-07-02T23:04:52.159" threadId="000000000112DA88" success="true" />
<exclusive-end id="1727" timestamp="2019-07-02T23:04:52.159" durationms="2.949" />

<exclusive-start id="1728" timestamp="2019-07-02T23:04:52.166" intervalms="10.086">
  <response-info timems="0.031" idlems="0.031" threads="0" lastid="0000000001130D00" lastname="Thread-9" />
</exclusive-start>
<af-start id="1729" threadId="0000000001131688" totalBytesRequested="40" timestamp="2019-07-02T23:04:52.167" intervalms="10.044" />
<cycle-start id="1730" type="global" contextid="0" timestamp="2019-07-02T23:04:52.167" intervalms="9.986" />
  <attribute name="GC Util" value="205" />
  <attribute name="CPU Util" value="15314766937721" />
  <attribute name="Time Running"value="2793"/>
  <attribute name="Number of cores"value="4"/>
<gc-start id="1731" type="global" contextid="1730" timestamp="2019-07-02T23:04:52.167">
  <mem-info id="1732" free="0" total="15532032" percent="0">
    <mem type="tenure" free="0" total="15532032" percent="0">
      <mem type="soa" free="0" total="15377408" percent="0" />
      <mem type="loa" free="0" total="154624" percent="0" />
    </mem>
  </mem-info>
</gc-start>
<allocation-stats totalBytes="9618568" >
  <allocated-bytes non-tlh="0" tlh="9618568" />
  <largest-consumer threadName="Thread-9" threadId="0000000001130D00" bytes="3298032" />
</allocation-stats>
<gc-op id="1733" type="mark" timems="2.321" contextid="1730" timestamp="2019-07-02T23:04:52.169">
  <trace-info objectcount="70711" scancount="63135" scanbytes="2388700" />
  <finalization candidates="124" enqueued="0" />
  <ownableSynchronizers candidates="3" cleared="0" />
  <references type="soft" candidates="84" cleared="0" enqueued="0" dynamicThreshold="19" maxThreshold="32" />
  <references type="weak" candidates="774" cleared="0" enqueued="0" />
  <references type="phantom" candidates="63" cleared="0" enqueued="0" />
  <stringconstants candidates="4574" cleared="0"  />
</gc-op>
<gc-op id="1734" type="sweep" timems="0.628" contextid="1730" timestamp="2019-07-02T23:04:52.170" />
<gc-end id="1735" type="global" contextid="1730" durationms="3.282" usertimems="4.000" systemtimems="4.000" timestamp="2019-07-02T23:04:52.170" activeThreads="4">
  <mem-info id="1736" free="9437200" total="15532032" percent="60">
    <mem type="tenure" free="9437200" total="15532032" percent="60" micro-fragmented="55314" macro-fragmented="0">
      <mem type="soa" free="9437200" total="15377408" percent="61" />
      <mem type="loa" free="0" total="154624" percent="0" />
    </mem>
  </mem-info>
</gc-end>
<cycle-end id="1737" type="global" contextid="1730" timestamp="2019-07-02T23:04:52.170">
  <attribute name="GC Util" value="248" />
  <attribute name="CPU Util" value="7548755965630" />
  <attribute name="Time Running"value="2804"/>
  <attribute name="Number of cores"value="4"/>
</cycle-end>
<allocation-satisfied id="1738" threadId="0000000001130D00" bytesRequested="40" />
<af-end id="1739" timestamp="2019-07-02T23:04:52.170" threadId="0000000001131688" success="true" />
<exclusive-end id="1740" timestamp="2019-07-02T23:04:52.170" durationms="3.791" />

<exclusive-start id="1741" timestamp="2019-07-02T23:04:52.178" intervalms="11.232">
  <response-info timems="1.476" idlems="0.746" threads="1" lastid="0000000001129500" lastname="Thread-10" />
</exclusive-start>
<af-start id="1742" threadId="0000000001135288" totalBytesRequested="40" timestamp="2019-07-02T23:04:52.178" intervalms="11.236" />
<cycle-start id="1743" type="global" contextid="0" timestamp="2019-07-02T23:04:52.178" intervalms="11.239" />
  <attribute name="GC Util" value="248" />
  <attribute name="CPU Util" value="7548755965630" />
  <attribute name="Time Running"value="2804"/>
  <attribute name="Number of cores"value="4"/>
<gc-start id="1744" type="global" contextid="1743" timestamp="2019-07-02T23:04:52.178">
  <mem-info id="1745" free="0" total="15532032" percent="0">
    <mem type="tenure" free="0" total="15532032" percent="0">
      <mem type="soa" free="0" total="15377408" percent="0" />
      <mem type="loa" free="0" total="154624" percent="0" />
    </mem>
  </mem-info>
</gc-start>
<allocation-stats totalBytes="9419112" >
  <allocated-bytes non-tlh="19056" tlh="9400056" />
  <largest-consumer threadName="Thread-9" threadId="0000000001130D00" bytes="2447272" />
</allocation-stats>
<gc-op id="1746" type="mark" timems="1.513" contextid="1743" timestamp="2019-07-02T23:04:52.180">
  <trace-info objectcount="70519" scancount="62946" scanbytes="2383596" />
  <finalization candidates="124" enqueued="0" />
  <ownableSynchronizers candidates="3" cleared="0" />
  <references type="soft" candidates="84" cleared="0" enqueued="0" dynamicThreshold="19" maxThreshold="32" />
  <references type="weak" candidates="774" cleared="0" enqueued="0" />
  <references type="phantom" candidates="63" cleared="0" enqueued="0" />
  <stringconstants candidates="4574" cleared="0"  />
</gc-op>
<gc-op id="1747" type="sweep" timems="0.669" contextid="1743" timestamp="2019-07-02T23:04:52.180" />
<gc-end id="1748" type="global" contextid="1743" durationms="2.574" usertimems="4.000" systemtimems="0.000" timestamp="2019-07-02T23:04:52.181" activeThreads="4">
  <mem-info id="1749" free="9451584" total="15532032" percent="60">
    <mem type="tenure" free="9451584" total="15532032" percent="60" micro-fragmented="68096" macro-fragmented="0">
      <mem type="soa" free="9451584" total="15377408" percent="61" />
      <mem type="loa" free="0" total="154624" percent="0" />
    </mem>
  </mem-info>
</gc-end>
<cycle-end id="1750" type="global" contextid="1743" timestamp="2019-07-02T23:04:52.181">
  <attribute name="GC Util" value="236" />
  <attribute name="CPU Util" value="11487529612886" />
  <attribute name="Time Running"value="2815"/>
  <attribute name="Number of cores"value="4"/>
</cycle-end>
<allocation-satisfied id="1751" threadId="0000000001134900" bytesRequested="40" />
<af-end id="1752" timestamp="2019-07-02T23:04:52.181" threadId="0000000001135288" success="true" />
<exclusive-end id="1753" timestamp="2019-07-02T23:04:52.181" durationms="3.166" />

<exclusive-start id="1754" timestamp="2019-07-02T23:04:52.188" intervalms="10.564">
  <response-info timems="0.025" idlems="0.025" threads="0" lastid="0000000001134900" lastname="Thread-7" />
</exclusive-start>
<af-start id="1755" threadId="0000000001135288" totalBytesRequested="24" timestamp="2019-07-02T23:04:52.188" intervalms="10.561" />
<cycle-start id="1756" type="global" contextid="0" timestamp="2019-07-02T23:04:52.188" intervalms="10.560" />
  <attribute name="GC Util" value="236" />
  <attribute name="CPU Util" value="11487529612886" />
  <attribute name="Time Running"value="2815"/>
  <attribute name="Number of cores"value="4"/>
<gc-start id="1757" type="global" contextid="1756" timestamp="2019-07-02T23:04:52.189">
  <mem-info id="1758" free="0" total="15532032" percent="0">
    <mem type="tenure" free="0" total="15532032" percent="0">
      <mem type="soa" free="0" total="15377408" percent="0" />
      <mem type="loa" free="0" total="154624" percent="0" />
    </mem>
  </mem-info>
</gc-start>
<allocation-stats totalBytes="9434168" >
  <allocated-bytes non-tlh="38112" tlh="9396056" />
  <largest-consumer threadName="Thread-7" threadId="0000000001134900" bytes="3547872" />
</allocation-stats>
<gc-op id="1759" type="mark" timems="1.774" contextid="1756" timestamp="2019-07-02T23:04:52.191">
  <trace-info objectcount="64659" scancount="57090" scanbytes="2242988" />
  <finalization candidates="124" enqueued="0" />
  <ownableSynchronizers candidates="3" cleared="0" />
  <references type="soft" candidates="84" cleared="0" enqueued="0" dynamicThreshold="19" maxThreshold="32" />
  <references type="weak" candidates="774" cleared="0" enqueued="0" />
  <references type="phantom" candidates="63" cleared="0" enqueued="0" />
  <stringconstants candidates="4574" cleared="0"  />
</gc-op>
<gc-op id="1760" type="sweep" timems="0.754" contextid="1756" timestamp="2019-07-02T23:04:52.191" />
<heap-resize id="1761" type="contract" space="tenure" amount="65536" count="1" timems="0.046" reason="excess free space following gc" timestamp="2019-07-02T23:04:52.192" />
<gc-end id="1762" type="global" contextid="1756" durationms="3.048" usertimems="8.000" systemtimems="0.000" timestamp="2019-07-02T23:04:52.192" activeThreads="4">
  <mem-info id="1763" free="9530648" total="15466496" percent="61">
    <mem type="tenure" free="9530648" total="15466496" percent="61" micro-fragmented="27937" macro-fragmented="0">
      <mem type="soa" free="9530648" total="15311872" percent="62" />
      <mem type="loa" free="0" total="154624" percent="0" />
    </mem>
  </mem-info>
</gc-end>
<cycle-end id="1764" type="global" contextid="1756" timestamp="2019-07-02T23:04:52.192">
  <attribute name="GC Util" value="246" />
  <attribute name="CPU Util" value="9885566549874" />
  <attribute name="Time Running"value="2826"/>
  <attribute name="Number of cores"value="4"/>
</cycle-end>
<allocation-satisfied id="1765" threadId="0000000001134900" bytesRequested="24" />
<af-end id="1766" timestamp="2019-07-02T23:04:52.192" threadId="0000000001135288" success="true" />
<exclusive-end id="1767" timestamp="2019-07-02T23:04:52.192" durationms="3.616" />

<exclusive-start id="1768" timestamp="2019-07-02T23:04:52.199" intervalms="11.022">
  <response-info timems="0.025" idlems="0.024" threads="1" lastid="0000000001129500" lastname="Thread-10" />
</exclusive-start>
<af-start id="1769" threadId="0000000001135288" totalBytesRequested="40" timestamp="2019-07-02T23:04:52.199" intervalms="10.984" />
<cycle-start id="1770" type="global" contextid="0" timestamp="2019-07-02T23:04:52.199" intervalms="10.989" />
  <attribute name="GC Util" value="246" />
  <attribute name="CPU Util" value="9885566549874" />
  <attribute name="Time Running"value="2826"/>
  <attribute name="Number of cores"value="4"/>
<gc-start id="1771" type="global" contextid="1770" timestamp="2019-07-02T23:04:52.200">
  <mem-info id="1772" free="0" total="15466496" percent="0">
    <mem type="tenure" free="0" total="15466496" percent="0">
      <mem type="soa" free="0" total="15311872" percent="0" />
      <mem type="loa" free="0" total="154624" percent="0" />
    </mem>
  </mem-info>
</gc-start>
<allocation-stats totalBytes="9552608" >
  <allocated-bytes non-tlh="0" tlh="9552608" />
  <largest-consumer threadName="Thread-7" threadId="0000000001134900" bytes="3424088" />
</allocation-stats>
<gc-op id="1773" type="mark" timems="1.922" contextid="1770" timestamp="2019-07-02T23:04:52.202">
  <trace-info objectcount="68956" scancount="61363" scanbytes="2346388" />
  <finalization candidates="124" enqueued="0" />
  <ownableSynchronizers candidates="3" cleared="0" />
  <references type="soft" candidates="84" cleared="0" enqueued="0" dynamicThreshold="19" maxThreshold="32" />
  <references type="weak" candidates="774" cleared="0" enqueued="0" />
  <references type="phantom" candidates="63" cleared="0" enqueued="0" />
  <stringconstants candidates="4574" cleared="0"  />
</gc-op>
<gc-op id="1774" type="sweep" timems="0.799" contextid="1770" timestamp="2019-07-02T23:04:52.203" />
<gc-end id="1775" type="global" contextid="1770" durationms="3.024" usertimems="4.000" systemtimems="4.000" timestamp="2019-07-02T23:04:52.203" activeThreads="4">
  <mem-info id="1776" free="9410000" total="15466496" percent="60">
    <mem type="tenure" free="9410000" total="15466496" percent="60" micro-fragmented="74499" macro-fragmented="0">
      <mem type="soa" free="9410000" total="15311872" percent="61" />
      <mem type="loa" free="0" total="154624" percent="0" />
    </mem>
  </mem-info>
</gc-end>
<cycle-end id="1777" type="global" contextid="1770" timestamp="2019-07-02T23:04:52.203">
  <attribute name="GC Util" value="251" />
  <attribute name="CPU Util" value="9152240773315" />
  <attribute name="Time Running"value="2837"/>
  <attribute name="Number of cores"value="4"/>
</cycle-end>
<allocation-satisfied id="1778" threadId="0000000001134900" bytesRequested="40" />
<af-end id="1779" timestamp="2019-07-02T23:04:52.203" threadId="0000000001135288" success="true" />
<exclusive-end id="1780" timestamp="2019-07-02T23:04:52.203" durationms="3.490" />

<exclusive-start id="1781" timestamp="2019-07-02T23:04:52.211" intervalms="11.628">
  <response-info timems="0.024" idlems="0.024" threads="0" lastid="0000000001134900" lastname="Thread-7" />
</exclusive-start>
<af-start id="1782" threadId="0000000001135288" totalBytesRequested="40" timestamp="2019-07-02T23:04:52.211" intervalms="11.665" />
<cycle-start id="1783" type="global" contextid="0" timestamp="2019-07-02T23:04:52.211" intervalms="11.661" />
  <attribute name="GC Util" value="251" />
  <attribute name="CPU Util" value="9152240773315" />
  <attribute name="Time Running"value="2837"/>
  <attribute name="Number of cores"value="4"/>
<gc-start id="1784" type="global" contextid="1783" timestamp="2019-07-02T23:04:52.211">
  <mem-info id="1785" free="0" total="15466496" percent="0">
    <mem type="tenure" free="0" total="15466496" percent="0">
      <mem type="soa" free="0" total="15311872" percent="0" />
      <mem type="loa" free="0" total="154624" percent="0" />
    </mem>
  </mem-info>
</gc-start>
<allocation-stats totalBytes="9395728" >
  <allocated-bytes non-tlh="0" tlh="9395728" />
  <largest-consumer threadName="Thread-7" threadId="0000000001134900" bytes="3384768" />
</allocation-stats>
<gc-op id="1786" type="mark" timems="2.195" contextid="1783" timestamp="2019-07-02T23:04:52.214">
  <trace-info objectcount="71215" scancount="63645" scanbytes="2400508" />
  <finalization candidates="124" enqueued="0" />
  <ownableSynchronizers candidates="3" cleared="0" />
  <references type="soft" candidates="84" cleared="0" enqueued="0" dynamicThreshold="19" maxThreshold="32" />
  <references type="weak" candidates="774" cleared="0" enqueued="0" />
  <references type="phantom" candidates="63" cleared="0" enqueued="0" />
  <stringconstants candidates="4574" cleared="0"  />
</gc-op>
<gc-op id="1787" type="sweep" timems="0.833" contextid="1783" timestamp="2019-07-02T23:04:52.215" />
<gc-end id="1788" type="global" contextid="1783" durationms="3.438" usertimems="4.000" systemtimems="4.000" timestamp="2019-07-02T23:04:52.215" activeThreads="4">
  <mem-info id="1789" free="9307680" total="15466496" percent="60">
    <mem type="tenure" free="9307680" total="15466496" percent="60" micro-fragmented="64216" macro-fragmented="0">
      <mem type="soa" free="9307680" total="15311872" percent="60" />
      <mem type="loa" free="0" total="154624" percent="0" />
    </mem>
  </mem-info>
</gc-end>
<cycle-end id="1790" type="global" contextid="1783" timestamp="2019-07-02T23:04:52.215">
  <attribute name="GC Util" value="242" />
  <attribute name="CPU Util" value="7918036210673" />
  <attribute name="Time Running"value="2849"/>
  <attribute name="Number of cores"value="4"/>
</cycle-end>
<allocation-satisfied id="1791" threadId="0000000001134900" bytesRequested="40" />
<af-end id="1792" timestamp="2019-07-02T23:04:52.215" threadId="0000000001135288" success="true" />
<exclusive-end id="1793" timestamp="2019-07-02T23:04:52.215" durationms="4.215" />

<exclusive-start id="1794" timestamp="2019-07-02T23:04:52.229" intervalms="17.695">
  <response-info timems="0.052" idlems="0.028" threads="1" lastid="000000000112D100" lastname="Thread-8" />
</exclusive-start>
<af-start id="1795" threadId="0000000001129E88" totalBytesRequested="40" timestamp="2019-07-02T23:04:52.229" intervalms="17.759" />
<cycle-start id="1796" type="global" contextid="0" timestamp="2019-07-02T23:04:52.229" intervalms="17.798" />
  <attribute name="GC Util" value="242" />
  <attribute name="CPU Util" value="7918036210673" />
  <attribute name="Time Running"value="2849"/>
  <attribute name="Number of cores"value="4"/>
<gc-start id="1797" type="global" contextid="1796" timestamp="2019-07-02T23:04:52.229">
  <mem-info id="1798" free="0" total="15466496" percent="0">
    <mem type="tenure" free="0" total="15466496" percent="0">
      <mem type="soa" free="0" total="15311872" percent="0" />
      <mem type="loa" free="0" total="154624" percent="0" />
    </mem>
  </mem-info>
</gc-start>
<allocation-stats totalBytes="9285416" >
  <allocated-bytes non-tlh="23160" tlh="9262256" />
  <largest-consumer threadName="Thread-7" threadId="0000000001134900" bytes="3107584" />
</allocation-stats>
<gc-op id="1799" type="mark" timems="1.131" contextid="1796" timestamp="2019-07-02T23:04:52.230">
  <trace-info objectcount="67585" scancount="60010" scanbytes="2313660" />
  <finalization candidates="124" enqueued="0" />
  <ownableSynchronizers candidates="3" cleared="0" />
  <references type="soft" candidates="84" cleared="0" enqueued="0" dynamicThreshold="19" maxThreshold="32" />
  <references type="weak" candidates="774" cleared="0" enqueued="0" />
  <references type="phantom" candidates="63" cleared="0" enqueued="0" />
  <stringconstants candidates="4574" cleared="0"  />
</gc-op>
<gc-op id="1800" type="sweep" timems="0.336" contextid="1796" timestamp="2019-07-02T23:04:52.231" />
<gc-end id="1801" type="global" contextid="1796" durationms="1.834" usertimems="4.000" systemtimems="0.000" timestamp="2019-07-02T23:04:52.231" activeThreads="4">
  <mem-info id="1802" free="9502024" total="15466496" percent="61">
    <mem type="tenure" free="9502024" total="15466496" percent="61" micro-fragmented="59355" macro-fragmented="0">
      <mem type="soa" free="9411304" total="15311872" percent="61" />
      <mem type="loa" free="90720" total="154624" percent="58" />
    </mem>
  </mem-info>
</gc-end>
<cycle-end id="1803" type="global" contextid="1796" timestamp="2019-07-02T23:04:52.231">
  <attribute name="GC Util" value="219" />
  <attribute name="CPU Util" value="15170119519665" />
  <attribute name="Time Running"value="2866"/>
  <attribute name="Number of cores"value="4"/>
</cycle-end>
<allocation-satisfied id="1804" threadId="0000000001129500" bytesRequested="40" />
<af-end id="1805" timestamp="2019-07-02T23:04:52.231" threadId="0000000001129E88" success="true" />
<exclusive-end id="1806" timestamp="2019-07-02T23:04:52.231" durationms="2.826" />

<exclusive-start id="1807" timestamp="2019-07-02T23:04:52.242" intervalms="13.772">
  <response-info timems="0.036" idlems="0.036" threads="1" lastid="0000000001130D00" lastname="Thread-9" />
</exclusive-start>
<af-start id="1808" threadId="0000000001135288" totalBytesRequested="40" timestamp="2019-07-02T23:04:52.242" intervalms="13.715" />
<cycle-start id="1809" type="global" contextid="0" timestamp="2019-07-02T23:04:52.243" intervalms="13.687" />
  <attribute name="GC Util" value="219" />
  <attribute name="CPU Util" value="15170119519665" />
  <attribute name="Time Running"value="2866"/>
  <attribute name="Number of cores"value="4"/>
<gc-start id="1810" type="global" contextid="1809" timestamp="2019-07-02T23:04:52.243">
  <mem-info id="1811" free="90720" total="15466496" percent="0">
    <mem type="tenure" free="90720" total="15466496" percent="0">
      <mem type="soa" free="0" total="15311872" percent="0" />
      <mem type="loa" free="90720" total="154624" percent="58" />
    </mem>
  </mem-info>
</gc-start>
<allocation-stats totalBytes="9393928" >
  <allocated-bytes non-tlh="0" tlh="9393928" />
  <largest-consumer threadName="Thread-7" threadId="0000000001134900" bytes="3383928" />
</allocation-stats>
<gc-op id="1812" type="mark" timems="1.845" contextid="1809" timestamp="2019-07-02T23:04:52.245">
  <trace-info objectcount="67985" scancount="60411" scanbytes="2322924" />
  <finalization candidates="124" enqueued="0" />
  <ownableSynchronizers candidates="3" cleared="0" />
  <references type="soft" candidates="84" cleared="0" enqueued="0" dynamicThreshold="19" maxThreshold="32" />
  <references type="weak" candidates="774" cleared="0" enqueued="0" />
  <references type="phantom" candidates="63" cleared="0" enqueued="0" />
  <stringconstants candidates="4574" cleared="0"  />
</gc-op>
<gc-op id="1813" type="sweep" timems="0.678" contextid="1809" timestamp="2019-07-02T23:04:52.246" />
<gc-end id="1814" type="global" contextid="1809" durationms="2.910" usertimems="8.000" systemtimems="0.000" timestamp="2019-07-02T23:04:52.246" activeThreads="4">
  <mem-info id="1815" free="9443824" total="15466496" percent="61">
    <mem type="tenure" free="9443824" total="15466496" percent="61" micro-fragmented="65325" macro-fragmented="0">
      <mem type="soa" free="9353104" total="15311872" percent="61" />
      <mem type="loa" free="90720" total="154624" percent="58" />
    </mem>
  </mem-info>
</gc-end>
<cycle-end id="1816" type="global" contextid="1809" timestamp="2019-07-02T23:04:52.246">
  <attribute name="GC Util" value="247" />
  <attribute name="CPU Util" value="9538485390521" />
  <attribute name="Time Running"value="2880"/>
  <attribute name="Number of cores"value="4"/>
</cycle-end>
<allocation-satisfied id="1817" threadId="0000000001134900" bytesRequested="40" />
<af-end id="1818" timestamp="2019-07-02T23:04:52.246" threadId="0000000001135288" success="true" />
<exclusive-end id="1819" timestamp="2019-07-02T23:04:52.246" durationms="3.615" />

<exclusive-start id="1820" timestamp="2019-07-02T23:04:52.257" intervalms="14.545">
  <response-info timems="0.028" idlems="0.028" threads="0" lastid="000000000112D100" lastname="Thread-8" />
</exclusive-start>
<af-start id="1821" threadId="000000000112DA88" totalBytesRequested="40" timestamp="2019-07-02T23:04:52.257" intervalms="14.560" />
<cycle-start id="1822" type="global" contextid="0" timestamp="2019-07-02T23:04:52.257" intervalms="14.515" />
  <attribute name="GC Util" value="247" />
  <attribute name="CPU Util" value="9538485390521" />
  <attribute name="Time Running"value="2880"/>
  <attribute name="Number of cores"value="4"/>
<gc-start id="1823" type="global" contextid="1822" timestamp="2019-07-02T23:04:52.257">
  <mem-info id="1824" free="90720" total="15466496" percent="0">
    <mem type="tenure" free="90720" total="15466496" percent="0">
      <mem type="soa" free="0" total="15311872" percent="0" />
      <mem type="loa" free="90720" total="154624" percent="58" />
    </mem>
  </mem-info>
</gc-start>
<allocation-stats totalBytes="9331008" >
  <allocated-bytes non-tlh="0" tlh="9331008" />
  <largest-consumer threadName="Thread-7" threadId="0000000001134900" bytes="3355904" />
</allocation-stats>
<gc-op id="1825" type="mark" timems="1.174" contextid="1822" timestamp="2019-07-02T23:04:52.259">
  <trace-info objectcount="68611" scancount="61047" scanbytes="2338284" />
  <finalization candidates="124" enqueued="0" />
  <ownableSynchronizers candidates="3" cleared="0" />
  <references type="soft" candidates="84" cleared="0" enqueued="0" dynamicThreshold="19" maxThreshold="32" />
  <references type="weak" candidates="774" cleared="0" enqueued="0" />
  <references type="phantom" candidates="63" cleared="0" enqueued="0" />
  <stringconstants candidates="4574" cleared="0"  />
</gc-op>
<gc-op id="1826" type="sweep" timems="0.445" contextid="1822" timestamp="2019-07-02T23:04:52.259" />
<gc-end id="1827" type="global" contextid="1822" durationms="1.982" usertimems="4.000" systemtimems="0.000" timestamp="2019-07-02T23:04:52.259" activeThreads="4">
  <mem-info id="1828" free="9369224" total="15466496" percent="60">
    <mem type="tenure" free="9369224" total="15466496" percent="60" micro-fragmented="154671" macro-fragmented="0">
      <mem type="soa" free="9278504" total="15311872" percent="60" />
      <mem type="loa" free="90720" total="154624" percent="58" />
    </mem>
  </mem-info>
</gc-end>
<cycle-end id="1829" type="global" contextid="1822" timestamp="2019-07-02T23:04:52.259">
  <attribute name="GC Util" value="221" />
  <attribute name="CPU Util" value="14933756874290" />
  <attribute name="Time Running"value="2894"/>
  <attribute name="Number of cores"value="4"/>
</cycle-end>
<allocation-satisfied id="1830" threadId="000000000112D100" bytesRequested="40" />
<af-end id="1831" timestamp="2019-07-02T23:04:52.259" threadId="000000000112DA88" success="true" />
<exclusive-end id="1832" timestamp="2019-07-02T23:04:52.259" durationms="2.488" />

<exclusive-start id="1833" timestamp="2019-07-02T23:04:52.271" intervalms="13.588">
  <response-info timems="0.032" idlems="0.032" threads="0" lastid="0000000001130D00" lastname="Thread-9" />
</exclusive-start>
<af-start id="1834" threadId="0000000001131688" totalBytesRequested="40" timestamp="2019-07-02T23:04:52.271" intervalms="13.578" />
<cycle-start id="1835" type="global" contextid="0" timestamp="2019-07-02T23:04:52.271" intervalms="13.612" />
  <attribute name="GC Util" value="221" />
  <attribute name="CPU Util" value="14933756874290" />
  <attribute name="Time Running"value="2894"/>
  <attribute name="Number of cores"value="4"/>
<gc-start id="1836" type="global" contextid="1835" timestamp="2019-07-02T23:04:52.271">
  <mem-info id="1837" free="90720" total="15466496" percent="0">
    <mem type="tenure" free="90720" total="15466496" percent="0">
      <mem type="soa" free="0" total="15311872" percent="0" />
      <mem type="loa" free="90720" total="154624" percent="58" />
    </mem>
  </mem-info>
</gc-start>
<allocation-stats totalBytes="9251240" >
  <allocated-bytes non-tlh="0" tlh="9251240" />
  <largest-consumer threadName="Thread-7" threadId="0000000001134900" bytes="3390952" />
</allocation-stats>
<gc-op id="1838" type="mark" timems="2.004" contextid="1835" timestamp="2019-07-02T23:04:52.273">
  <trace-info objectcount="69186" scancount="61594" scanbytes="2351700" />
  <finalization candidates="124" enqueued="0" />
  <ownableSynchronizers candidates="3" cleared="0" />
  <references type="soft" candidates="84" cleared="0" enqueued="0" dynamicThreshold="19" maxThreshold="32" />
  <references type="weak" candidates="774" cleared="0" enqueued="0" />
  <references type="phantom" candidates="63" cleared="0" enqueued="0" />
  <stringconstants candidates="4574" cleared="0"  />
</gc-op>
<gc-op id="1839" type="sweep" timems="0.880" contextid="1835" timestamp="2019-07-02T23:04:52.274" />
<gc-end id="1840" type="global" contextid="1835" durationms="3.282" usertimems="8.000" systemtimems="0.000" timestamp="2019-07-02T23:04:52.274" activeThreads="4">
  <mem-info id="1841" free="9286576" total="15466496" percent="60">
    <mem type="tenure" free="9286576" total="15466496" percent="60" micro-fragmented="149239" macro-fragmented="0">
      <mem type="soa" free="9195856" total="15311872" percent="60" />
      <mem type="loa" free="90720" total="154624" percent="58" />
    </mem>
  </mem-info>
</gc-end>
<cycle-end id="1842" type="global" contextid="1835" timestamp="2019-07-02T23:04:52.274">
  <attribute name="GC Util" value="252" />
  <attribute name="CPU Util" value="8781010996149" />
  <attribute name="Time Running"value="2908"/>
  <attribute name="Number of cores"value="4"/>
</cycle-end>
<allocation-satisfied id="1843" threadId="0000000001130D00" bytesRequested="40" />
<af-end id="1844" timestamp="2019-07-02T23:04:52.274" threadId="0000000001131688" success="true" />
<exclusive-end id="1845" timestamp="2019-07-02T23:04:52.274" durationms="3.962" />

<exclusive-start id="1846" timestamp="2019-07-02T23:04:52.285" intervalms="14.762">
  <response-info timems="0.045" idlems="0.041" threads="1" lastid="0000000001129500" lastname="Thread-10" />
</exclusive-start>
<af-start id="1847" threadId="0000000001135288" totalBytesRequested="24" timestamp="2019-07-02T23:04:52.289" intervalms="18.486" />
<cycle-start id="1848" type="global" contextid="0" timestamp="2019-07-02T23:04:52.289" intervalms="18.507" />
  <attribute name="GC Util" value="252" />
  <attribute name="CPU Util" value="8781010996149" />
  <attribute name="Time Running"value="2908"/>
  <attribute name="Number of cores"value="4"/>
<gc-start id="1849" type="global" contextid="1848" timestamp="2019-07-02T23:04:52.289">
  <mem-info id="1850" free="90720" total="15466496" percent="0">
    <mem type="tenure" free="90720" total="15466496" percent="0">
      <mem type="soa" free="0" total="15311872" percent="0" />
      <mem type="loa" free="90720" total="154624" percent="58" />
    </mem>
  </mem-info>
</gc-start>
<allocation-stats totalBytes="9163712" >
  <allocated-bytes non-tlh="0" tlh="9163712" />
  <largest-consumer threadName="Thread-7" threadId="0000000001134900" bytes="3183912" />
</allocation-stats>
<gc-op id="1851" type="mark" timems="2.231" contextid="1848" timestamp="2019-07-02T23:04:52.292">
  <trace-info objectcount="69768" scancount="62189" scanbytes="2366084" />
  <finalization candidates="124" enqueued="0" />
  <ownableSynchronizers candidates="3" cleared="0" />
  <references type="soft" candidates="84" cleared="0" enqueued="0" dynamicThreshold="19" maxThreshold="32" />
  <references type="weak" candidates="774" cleared="0" enqueued="0" />
  <references type="phantom" candidates="63" cleared="0" enqueued="0" />
  <stringconstants candidates="4574" cleared="0"  />
</gc-op>
<gc-op id="1852" type="sweep" timems="0.911" contextid="1848" timestamp="2019-07-02T23:04:52.293" />
<heap-resize id="1853" type="expand" space="tenure" amount="1048576" count="1" timems="0.057" reason="excessive time being spent in gc" timestamp="2019-07-02T23:04:52.293" />
<gc-end id="1854" type="global" contextid="1848" durationms="3.672" usertimems="8.000" systemtimems="4.000" timestamp="2019-07-02T23:04:52.293" activeThreads="4">
  <mem-info id="1855" free="10245344" total="16515072" percent="62">
    <mem type="tenure" free="10245344" total="16515072" percent="62" micro-fragmented="50330" macro-fragmented="0">
      <mem type="soa" free="10080480" total="16350208" percent="61" />
      <mem type="loa" free="164864" total="164864" percent="100" />
    </mem>
  </mem-info>
</gc-end>
<cycle-end id="1856" type="global" contextid="1848" timestamp="2019-07-02T23:04:52.293">
  <attribute name="GC Util" value="239" />
  <attribute name="CPU Util" value="7892813350762" />
  <attribute name="Time Running"value="2927"/>
  <attribute name="Number of cores"value="4"/>
</cycle-end>
<allocation-satisfied id="1857" threadId="0000000001134900" bytesRequested="24" />
<af-end id="1858" timestamp="2019-07-02T23:04:52.293" threadId="0000000001135288" success="true" />
<exclusive-end id="1859" timestamp="2019-07-02T23:04:52.293" durationms="7.972" />

<exclusive-start id="1860" timestamp="2019-07-02T23:04:52.306" intervalms="20.343">
  <response-info timems="0.040" idlems="0.040" threads="0" lastid="0000000001134900" lastname="Thread-7" />
</exclusive-start>
<af-start id="1861" threadId="0000000001135288" totalBytesRequested="40" timestamp="2019-07-02T23:04:52.306" intervalms="16.576" />
<cycle-start id="1862" type="global" contextid="0" timestamp="2019-07-02T23:04:52.306" intervalms="16.558" />
  <attribute name="GC Util" value="239" />
  <attribute name="CPU Util" value="7892813350762" />
  <attribute name="Time Running"value="2927"/>
  <attribute name="Number of cores"value="4"/>
<gc-start id="1863" type="global" contextid="1862" timestamp="2019-07-02T23:04:52.306">
  <mem-info id="1864" free="164864" total="16515072" percent="0">
    <mem type="tenure" free="164864" total="16515072" percent="0">
      <mem type="soa" free="0" total="16350208" percent="0" />
      <mem type="loa" free="164864" total="164864" percent="100" />
    </mem>
  </mem-info>
</gc-start>
<allocation-stats totalBytes="10043264" >
  <allocated-bytes non-tlh="23160" tlh="10020104" />
  <largest-consumer threadName="Thread-7" threadId="0000000001134900" bytes="3480536" />
</allocation-stats>
<gc-op id="1865" type="mark" timems="2.006" contextid="1862" timestamp="2019-07-02T23:04:52.308">
  <trace-info objectcount="65635" scancount="58050" scanbytes="2266556" />
  <finalization candidates="124" enqueued="0" />
  <ownableSynchronizers candidates="3" cleared="0" />
  <references type="soft" candidates="84" cleared="0" enqueued="0" dynamicThreshold="19" maxThreshold="32" />
  <references type="weak" candidates="774" cleared="0" enqueued="0" />
  <references type="phantom" candidates="63" cleared="0" enqueued="0" />
  <stringconstants candidates="4574" cleared="0"  />
</gc-op>
<gc-op id="1866" type="sweep" timems="0.888" contextid="1862" timestamp="2019-07-02T23:04:52.309" />
<gc-end id="1867" type="global" contextid="1862" durationms="3.282" usertimems="4.000" systemtimems="4.000" timestamp="2019-07-02T23:04:52.309" activeThreads="4">
  <mem-info id="1868" free="10579256" total="16515072" percent="64">
    <mem type="tenure" free="10579256" total="16515072" percent="64" micro-fragmented="52489" macro-fragmented="0">
      <mem type="soa" free="10414392" total="16350208" percent="63" />
      <mem type="loa" free="164864" total="164864" percent="100" />
    </mem>
  </mem-info>
</gc-end>
<cycle-end id="1869" type="global" contextid="1862" timestamp="2019-07-02T23:04:52.309">
  <attribute name="GC Util" value="247" />
  <attribute name="CPU Util" value="8790145280610" />
  <attribute name="Time Running"value="2943"/>
  <attribute name="Number of cores"value="4"/>
</cycle-end>
<allocation-satisfied id="1870" threadId="0000000001134900" bytesRequested="40" />
<af-end id="1871" timestamp="2019-07-02T23:04:52.309" threadId="0000000001135288" success="true" />
<exclusive-end id="1872" timestamp="2019-07-02T23:04:52.309" durationms="3.840" />

<exclusive-start id="1873" timestamp="2019-07-02T23:04:52.322" intervalms="16.371">
  <response-info timems="0.200" idlems="0.184" threads="1" lastid="000000000112D100" lastname="Thread-8" />
</exclusive-start>
<af-start id="1874" threadId="0000000001129E88" totalBytesRequested="40" timestamp="2019-07-02T23:04:52.322" intervalms="16.419" />
<cycle-start id="1875" type="global" contextid="0" timestamp="2019-07-02T23:04:52.322" intervalms="16.443" />
  <attribute name="GC Util" value="247" />
  <attribute name="CPU Util" value="8790145280610" />
  <attribute name="Time Running"value="2943"/>
  <attribute name="Number of cores"value="4"/>
<gc-start id="1876" type="global" contextid="1875" timestamp="2019-07-02T23:04:52.322">
  <mem-info id="1877" free="164864" total="16515072" percent="0">
    <mem type="tenure" free="164864" total="16515072" percent="0">
      <mem type="soa" free="0" total="16350208" percent="0" />
      <mem type="loa" free="164864" total="164864" percent="100" />
    </mem>
  </mem-info>
</gc-start>
<allocation-stats totalBytes="10386360" >
  <allocated-bytes non-tlh="0" tlh="10386360" />
  <largest-consumer threadName="Thread-7" threadId="0000000001134900" bytes="3646480" />
</allocation-stats>
<gc-op id="1878" type="mark" timems="1.116" contextid="1875" timestamp="2019-07-02T23:04:52.324">
  <trace-info objectcount="66356" scancount="58785" scanbytes="2284068" />
  <finalization candidates="124" enqueued="0" />
  <ownableSynchronizers candidates="3" cleared="0" />
  <references type="soft" candidates="84" cleared="0" enqueued="0" dynamicThreshold="20" maxThreshold="32" />
  <references type="weak" candidates="774" cleared="0" enqueued="0" />
  <references type="phantom" candidates="63" cleared="0" enqueued="0" />
  <stringconstants candidates="4574" cleared="0"  />
</gc-op>
<gc-op id="1879" type="sweep" timems="0.386" contextid="1875" timestamp="2019-07-02T23:04:52.324" />
<gc-end id="1880" type="global" contextid="1875" durationms="1.788" usertimems="4.000" systemtimems="0.000" timestamp="2019-07-02T23:04:52.324" activeThreads="4">
  <mem-info id="1881" free="10478272" total="16515072" percent="63">
    <mem type="tenure" free="10478272" total="16515072" percent="63" micro-fragmented="61987" macro-fragmented="0">
      <mem type="soa" free="10313408" total="16350208" percent="63" />
      <mem type="loa" free="164864" total="164864" percent="100" />
    </mem>
  </mem-info>
</gc-end>
<cycle-end id="1882" type="global" contextid="1875" timestamp="2019-07-02T23:04:52.324">
  <attribute name="GC Util" value="227" />
  <attribute name="CPU Util" value="15749164140539" />
  <attribute name="Time Running"value="2959"/>
  <attribute name="Number of cores"value="4"/>
</cycle-end>
<allocation-satisfied id="1883" threadId="0000000001129500" bytesRequested="40" />
<af-end id="1884" timestamp="2019-07-02T23:04:52.324" threadId="0000000001129E88" success="true" />
<exclusive-end id="1885" timestamp="2019-07-02T23:04:52.324" durationms="2.381" />

<exclusive-start id="1886" timestamp="2019-07-02T23:04:52.336" intervalms="14.195">
  <response-info timems="0.047" idlems="0.047" threads="0" lastid="0000000001130D00" lastname="Thread-9" />
</exclusive-start>
<af-start id="1887" threadId="0000000001131688" totalBytesRequested="40" timestamp="2019-07-02T23:04:52.336" intervalms="14.212" />
<cycle-start id="1888" type="global" contextid="0" timestamp="2019-07-02T23:04:52.336" intervalms="14.189" />
  <attribute name="GC Util" value="227" />
  <attribute name="CPU Util" value="15749164140539" />
  <attribute name="Time Running"value="2959"/>
  <attribute name="Number of cores"value="4"/>
<gc-start id="1889" type="global" contextid="1888" timestamp="2019-07-02T23:04:52.336">
  <mem-info id="1890" free="164864" total="16515072" percent="0">
    <mem type="tenure" free="164864" total="16515072" percent="0">
      <mem type="soa" free="0" total="16350208" percent="0" />
      <mem type="loa" free="164864" total="164864" percent="100" />
    </mem>
  </mem-info>
</gc-start>
<allocation-stats totalBytes="10278384" >
  <allocated-bytes non-tlh="23160" tlh="10255224" />
  <largest-consumer threadName="Thread-10" threadId="0000000001129500" bytes="3655064" />
</allocation-stats>
<gc-op id="1891" type="mark" timems="2.358" contextid="1888" timestamp="2019-07-02T23:04:52.339">
  <trace-info objectcount="62327" scancount="54738" scanbytes="2187276" />
  <finalization candidates="124" enqueued="0" />
  <ownableSynchronizers candidates="3" cleared="0" />
  <references type="soft" candidates="84" cleared="0" enqueued="0" dynamicThreshold="20" maxThreshold="32" />
  <references type="weak" candidates="774" cleared="0" enqueued="0" />
  <references type="phantom" candidates="63" cleared="0" enqueued="0" />
  <stringconstants candidates="4574" cleared="0"  />
</gc-op>
<gc-op id="1892" type="sweep" timems="0.698" contextid="1888" timestamp="2019-07-02T23:04:52.340" />
<heap-resize id="1893" type="contract" space="tenure" amount="131072" count="1" timems="0.050" reason="excess free space following gc" timestamp="2019-07-02T23:04:52.340" />
<gc-end id="1894" type="global" contextid="1888" durationms="3.520" usertimems="0.000" systemtimems="8.000" timestamp="2019-07-02T23:04:52.340" activeThreads="4">
  <mem-info id="1895" free="10460912" total="16384000" percent="63">
    <mem type="tenure" free="10460912" total="16384000" percent="63" micro-fragmented="22784" macro-fragmented="0">
      <mem type="soa" free="10362624" total="16220160" percent="63" />
      <mem type="loa" free="98288" total="163840" percent="59" />
    </mem>
  </mem-info>
</gc-end>
<cycle-end id="1896" type="global" contextid="1888" timestamp="2019-07-02T23:04:52.340">
  <attribute name="GC Util" value="249" />
  <attribute name="CPU Util" value="7525222704492" />
  <attribute name="Time Running"value="2974"/>
  <attribute name="Number of cores"value="4"/>
</cycle-end>
<allocation-satisfied id="1897" threadId="0000000001130D00" bytesRequested="40" />
<af-end id="1898" timestamp="2019-07-02T23:04:52.340" threadId="0000000001131688" success="true" />
<exclusive-end id="1899" timestamp="2019-07-02T23:04:52.340" durationms="4.189" />

<exclusive-start id="1900" timestamp="2019-07-02T23:04:52.353" intervalms="16.958">
  <response-info timems="0.032" idlems="0.032" threads="0" lastid="0000000001130D00" lastname="Thread-9" />
</exclusive-start>
<af-start id="1901" threadId="0000000001131688" totalBytesRequested="40" timestamp="2019-07-02T23:04:52.353" intervalms="16.898" />
<cycle-start id="1902" type="global" contextid="0" timestamp="2019-07-02T23:04:52.353" intervalms="16.892" />
  <attribute name="GC Util" value="249" />
  <attribute name="CPU Util" value="7525222704492" />
  <attribute name="Time Running"value="2974"/>
  <attribute name="Number of cores"value="4"/>
<gc-start id="1903" type="global" contextid="1902" timestamp="2019-07-02T23:04:52.353">
  <mem-info id="1904" free="98288" total="16384000" percent="0">
    <mem type="tenure" free="98288" total="16384000" percent="0">
      <mem type="soa" free="0" total="16220160" percent="0" />
      <mem type="loa" free="98288" total="163840" percent="59" />
    </mem>
  </mem-info>
</gc-start>
<allocation-stats totalBytes="10334200" >
  <allocated-bytes non-tlh="0" tlh="10334200" />
  <largest-consumer threadName="Thread-7" threadId="0000000001134900" bytes="3597208" />
</allocation-stats>
<gc-op id="1905" type="mark" timems="2.123" contextid="1902" timestamp="2019-07-02T23:04:52.356">
  <trace-info objectcount="62955" scancount="55373" scanbytes="2202252" />
  <finalization candidates="124" enqueued="0" />
  <ownableSynchronizers candidates="3" cleared="0" />
  <references type="soft" candidates="84" cleared="0" enqueued="0" dynamicThreshold="20" maxThreshold="32" />
  <references type="weak" candidates="774" cleared="0" enqueued="0" />
  <references type="phantom" candidates="63" cleared="0" enqueued="0" />
  <stringconstants candidates="4574" cleared="0"  />
</gc-op>
<gc-op id="1906" type="sweep" timems="0.895" contextid="1902" timestamp="2019-07-02T23:04:52.357" />
<mem-info id="1907" free="10389792" total="16384000" percent="63">
  <mem type="tenure" free="10389792" total="16384000" percent="63" micro-fragmented="33845" macro-fragmented="0">
    <mem type="soa" free="10282032" total="16220160" percent="63" />
    <mem type="loa" free="107760" total="163840" percent="65" />
  </mem>
</mem-info>
<gc-op id="1908" type="compact" timems="5.248" contextid="1902" timestamp="2019-07-02T23:04:52.362">
  <compact-info movecount="23216" movebytes="1107952" reason="compact to aid heap contraction" />
</gc-op>
<heap-resize id="1909" type="contract" space="tenure" amount="131072" count="1" timems="0.036" reason="excess free space following gc" timestamp="2019-07-02T23:04:52.362" />
<gc-end id="1910" type="global" contextid="1902" durationms="8.982" usertimems="12.000" systemtimems="8.000" timestamp="2019-07-02T23:04:52.362" activeThreads="4">
  <mem-info id="1911" free="10483000" total="16252928" percent="64">
    <mem type="tenure" free="10483000" total="16252928" percent="64">
      <mem type="soa" free="10353976" total="16091136" percent="64" />
      <mem type="loa" free="129024" total="161792" percent="79" />
    </mem>
  </mem-info>
</gc-end>
<cycle-end id="1912" type="global" contextid="1902" timestamp="2019-07-02T23:04:52.363">
  <attribute name="GC Util" value="109" />
  <attribute name="CPU Util" value="17123539572624" />
  <attribute name="Time Running"value="2992"/>
  <attribute name="Number of cores"value="4"/>
</cycle-end>
<allocation-satisfied id="1913" threadId="0000000001130D00" bytesRequested="40" />
<af-end id="1914" timestamp="2019-07-02T23:04:52.363" threadId="0000000001131688" success="true" />
<exclusive-end id="1915" timestamp="2019-07-02T23:04:52.363" durationms="9.643" />

<exclusive-start id="1916" timestamp="2019-07-02T23:04:52.374" intervalms="20.950">
  <response-info timems="0.027" idlems="0.027" threads="0" lastid="0000000001130D00" lastname="Thread-9" />
</exclusive-start>
<af-start id="1917" threadId="0000000001131688" totalBytesRequested="24" timestamp="2019-07-02T23:04:52.374" intervalms="20.962" />
<cycle-start id="1918" type="global" contextid="0" timestamp="2019-07-02T23:04:52.374" intervalms="20.972" />
  <attribute name="GC Util" value="109" />
  <attribute name="CPU Util" value="17123539572624" />
  <attribute name="Time Running"value="2992"/>
  <attribute name="Number of cores"value="4"/>
<gc-start id="1919" type="global" contextid="1918" timestamp="2019-07-02T23:04:52.374">
  <mem-info id="1920" free="129024" total="16252928" percent="0">
    <mem type="tenure" free="129024" total="16252928" percent="0">
      <mem type="soa" free="0" total="16091136" percent="0" />
      <mem type="loa" free="129024" total="161792" percent="79" />
    </mem>
  </mem-info>
</gc-start>
<allocation-stats totalBytes="10418152" >
  <allocated-bytes non-tlh="0" tlh="10418152" />
  <largest-consumer threadName="Thread-7" threadId="0000000001134900" bytes="3505760" />
</allocation-stats>
<gc-op id="1921" type="mark" timems="2.239" contextid="1918" timestamp="2019-07-02T23:04:52.377">
  <trace-info objectcount="64005" scancount="56431" scanbytes="2227644" />
  <finalization candidates="124" enqueued="0" />
  <ownableSynchronizers candidates="3" cleared="0" />
  <references type="soft" candidates="84" cleared="0" enqueued="0" dynamicThreshold="20" maxThreshold="32" />
  <references type="weak" candidates="774" cleared="0" enqueued="0" />
  <references type="phantom" candidates="63" cleared="0" enqueued="0" />
  <stringconstants candidates="4574" cleared="0"  />
</gc-op>
<gc-op id="1922" type="sweep" timems="0.617" contextid="1918" timestamp="2019-07-02T23:04:52.378" />
<heap-resize id="1923" type="contract" space="tenure" amount="131072" count="1" timems="0.082" reason="excess free space following gc" timestamp="2019-07-02T23:04:52.378" />
<gc-end id="1924" type="global" contextid="1918" durationms="3.430" usertimems="8.000" systemtimems="0.000" timestamp="2019-07-02T23:04:52.378" activeThreads="4">
  <mem-info id="1925" free="10253848" total="16121856" percent="63">
    <mem type="tenure" free="10253848" total="16121856" percent="63" micro-fragmented="5907" macro-fragmented="0">
      <mem type="soa" free="10253848" total="15961088" percent="64" />
      <mem type="loa" free="0" total="160768" percent="0" />
    </mem>
  </mem-info>
</gc-end>
<cycle-end id="1926" type="global" contextid="1918" timestamp="2019-07-02T23:04:52.378">
  <attribute name="GC Util" value="257" />
  <attribute name="CPU Util" value="7968435093765" />
  <attribute name="Time Running"value="3012"/>
  <attribute name="Number of cores"value="4"/>
</cycle-end>
<allocation-satisfied id="1927" threadId="0000000001130D00" bytesRequested="24" />
<af-end id="1928" timestamp="2019-07-02T23:04:52.378" threadId="0000000001131688" success="true" />
<exclusive-end id="1929" timestamp="2019-07-02T23:04:52.378" durationms="3.978" />

<exclusive-start id="1930" timestamp="2019-07-02T23:04:52.388" intervalms="13.419">
  <response-info timems="0.028" idlems="0.028" threads="0" lastid="0000000001130D00" lastname="Thread-9" />
</exclusive-start>
<af-start id="1931" threadId="0000000001131688" totalBytesRequested="40" timestamp="2019-07-02T23:04:52.388" intervalms="13.438" />
<cycle-start id="1932" type="global" contextid="0" timestamp="2019-07-02T23:04:52.388" intervalms="13.436" />
  <attribute name="GC Util" value="257" />
  <attribute name="CPU Util" value="7968435093765" />
  <attribute name="Time Running"value="3012"/>
  <attribute name="Number of cores"value="4"/>
<gc-start id="1933" type="global" contextid="1932" timestamp="2019-07-02T23:04:52.388">
  <mem-info id="1934" free="0" total="16121856" percent="0">
    <mem type="tenure" free="0" total="16121856" percent="0">
      <mem type="soa" free="0" total="15961088" percent="0" />
      <mem type="loa" free="0" total="160768" percent="0" />
    </mem>
  </mem-info>
</gc-start>
<allocation-stats totalBytes="10245928" >
  <allocated-bytes non-tlh="0" tlh="10245928" />
  <largest-consumer threadName="Thread-9" threadId="0000000001130D00" bytes="3525648" />
</allocation-stats>
<gc-op id="1935" type="mark" timems="2.540" contextid="1932" timestamp="2019-07-02T23:04:52.390">
  <trace-info objectcount="64960" scancount="57394" scanbytes="2250708" />
  <finalization candidates="124" enqueued="0" />
  <ownableSynchronizers candidates="3" cleared="0" />
  <references type="soft" candidates="84" cleared="0" enqueued="0" dynamicThreshold="20" maxThreshold="32" />
  <references type="weak" candidates="774" cleared="0" enqueued="0" />
  <references type="phantom" candidates="63" cleared="0" enqueued="0" />
  <stringconstants candidates="4574" cleared="0"  />
</gc-op>
<gc-op id="1936" type="sweep" timems="0.998" contextid="1932" timestamp="2019-07-02T23:04:52.392" />
<mem-info id="1937" free="10194960" total="16121856" percent="63">
  <mem type="tenure" free="10194960" total="16121856" percent="63" micro-fragmented="20269" macro-fragmented="0">
    <mem type="soa" free="10194960" total="15961088" percent="63" />
    <mem type="loa" free="0" total="160768" percent="0" />
  </mem>
</mem-info>
<gc-op id="1938" type="compact" timems="5.499" contextid="1932" timestamp="2019-07-02T23:04:52.397">
  <compact-info movecount="24735" movebytes="1144744" reason="compact to aid heap contraction" />
</gc-op>
<heap-resize id="1939" type="contract" space="tenure" amount="131072" count="1" timems="0.068" reason="excess free space following gc" timestamp="2019-07-02T23:04:52.398" />
<gc-end id="1940" type="global" contextid="1932" durationms="9.855" usertimems="12.000" systemtimems="4.000" timestamp="2019-07-02T23:04:52.398" activeThreads="4">
  <mem-info id="1941" free="10175472" total="15990784" percent="63">
    <mem type="tenure" free="10175472" total="15990784" percent="63">
      <mem type="soa" free="10045424" total="15831040" percent="63" />
      <mem type="loa" free="130048" total="159744" percent="81" />
    </mem>
  </mem-info>
</gc-end>
<cycle-end id="1942" type="global" contextid="1932" timestamp="2019-07-02T23:04:52.398">
  <attribute name="GC Util" value="131" />
  <attribute name="CPU Util" value="14545072030176" />
  <attribute name="Time Running"value="3027"/>
  <attribute name="Number of cores"value="4"/>
</cycle-end>
<allocation-satisfied id="1943" threadId="0000000001130D00" bytesRequested="40" />
<af-end id="1944" timestamp="2019-07-02T23:04:52.398" threadId="0000000001131688" success="true" />
<exclusive-end id="1945" timestamp="2019-07-02T23:04:52.398" durationms="10.606" />

<exclusive-start id="1946" timestamp="2019-07-02T23:04:52.408" intervalms="20.227">
  <response-info timems="0.033" idlems="0.033" threads="0" lastid="0000000001130D00" lastname="Thread-9" />
</exclusive-start>
<af-start id="1947" threadId="0000000001131688" totalBytesRequested="40" timestamp="2019-07-02T23:04:52.408" intervalms="20.233" />
<cycle-start id="1948" type="global" contextid="0" timestamp="2019-07-02T23:04:52.408" intervalms="20.256" />
  <attribute name="GC Util" value="131" />
  <attribute name="CPU Util" value="14545072030176" />
  <attribute name="Time Running"value="3027"/>
  <attribute name="Number of cores"value="4"/>
<gc-start id="1949" type="global" contextid="1948" timestamp="2019-07-02T23:04:52.408">
  <mem-info id="1950" free="130048" total="15990784" percent="0">
    <mem type="tenure" free="130048" total="15990784" percent="0">
      <mem type="soa" free="0" total="15831040" percent="0" />
      <mem type="loa" free="130048" total="159744" percent="81" />
    </mem>
  </mem-info>
</gc-start>
<allocation-stats totalBytes="10109616" >
  <allocated-bytes non-tlh="0" tlh="10109616" />
  <largest-consumer threadName="Thread-10" threadId="0000000001129500" bytes="4144472" />
</allocation-stats>
<gc-op id="1951" type="mark" timems="2.312" contextid="1948" timestamp="2019-07-02T23:04:52.411">
  <trace-info objectcount="65980" scancount="58399" scanbytes="2274916" />
  <finalization candidates="124" enqueued="0" />
  <ownableSynchronizers candidates="3" cleared="0" />
  <references type="soft" candidates="84" cleared="0" enqueued="0" dynamicThreshold="20" maxThreshold="32" />
  <references type="weak" candidates="774" cleared="0" enqueued="0" />
  <references type="phantom" candidates="63" cleared="0" enqueued="0" />
  <stringconstants candidates="4574" cleared="0"  />
</gc-op>
<gc-op id="1952" type="sweep" timems="0.594" contextid="1948" timestamp="2019-07-02T23:04:52.411" />
<heap-resize id="1953" type="contract" space="tenure" amount="131072" count="1" timems="0.052" reason="excess free space following gc" timestamp="2019-07-02T23:04:52.411" />
<gc-end id="1954" type="global" contextid="1948" durationms="3.463" usertimems="8.000" systemtimems="0.000" timestamp="2019-07-02T23:04:52.412" activeThreads="4">
  <mem-info id="1955" free="9952688" total="15859712" percent="62">
    <mem type="tenure" free="9952688" total="15859712" percent="62" micro-fragmented="771" macro-fragmented="0">
      <mem type="soa" free="9952688" total="15702016" percent="63" />
      <mem type="loa" free="0" total="157696" percent="0" />
    </mem>
  </mem-info>
</gc-end>
<cycle-end id="1956" type="global" contextid="1948" timestamp="2019-07-02T23:04:52.412">
  <attribute name="GC Util" value="254" />
  <attribute name="CPU Util" value="7684788875346" />
  <attribute name="Time Running"value="3046"/>
  <attribute name="Number of cores"value="4"/>
</cycle-end>
<allocation-satisfied id="1957" threadId="0000000001130D00" bytesRequested="40" />
<af-end id="1958" timestamp="2019-07-02T23:04:52.412" threadId="0000000001131688" success="true" />
<exclusive-end id="1959" timestamp="2019-07-02T23:04:52.412" durationms="4.073" />

<exclusive-start id="1960" timestamp="2019-07-02T23:04:52.421" intervalms="13.336">
  <response-info timems="0.037" idlems="0.037" threads="0" lastid="0000000001134900" lastname="Thread-7" />
</exclusive-start>
<af-start id="1961" threadId="0000000001135288" totalBytesRequested="24" timestamp="2019-07-02T23:04:52.421" intervalms="13.294" />
<cycle-start id="1962" type="global" contextid="0" timestamp="2019-07-02T23:04:52.421" intervalms="13.269" />
  <attribute name="GC Util" value="254" />
  <attribute name="CPU Util" value="7684788875346" />
  <attribute name="Time Running"value="3046"/>
  <attribute name="Number of cores"value="4"/>
<gc-start id="1963" type="global" contextid="1962" timestamp="2019-07-02T23:04:52.421">
  <mem-info id="1964" free="0" total="15859712" percent="0">
    <mem type="tenure" free="0" total="15859712" percent="0">
      <mem type="soa" free="0" total="15702016" percent="0" />
      <mem type="loa" free="0" total="157696" percent="0" />
    </mem>
  </mem-info>
</gc-start>
<allocation-stats totalBytes="9944480" >
  <allocated-bytes non-tlh="0" tlh="9944480" />
  <largest-consumer threadName="Thread-9" threadId="0000000001130D00" bytes="3575984" />
</allocation-stats>
<gc-op id="1965" type="mark" timems="2.023" contextid="1962" timestamp="2019-07-02T23:04:52.424">
  <trace-info objectcount="66992" scancount="59428" scanbytes="2298780" />
  <finalization candidates="124" enqueued="0" />
  <ownableSynchronizers candidates="3" cleared="0" />
  <references type="soft" candidates="84" cleared="0" enqueued="0" dynamicThreshold="20" maxThreshold="32" />
  <references type="weak" candidates="774" cleared="0" enqueued="0" />
  <references type="phantom" candidates="63" cleared="0" enqueued="0" />
  <stringconstants candidates="4574" cleared="0"  />
</gc-op>
<gc-op id="1966" type="sweep" timems="0.772" contextid="1962" timestamp="2019-07-02T23:04:52.424" />
<heap-resize id="1967" type="contract" space="tenure" amount="65536" count="1" timems="0.083" reason="excess free space following gc" timestamp="2019-07-02T23:04:52.425" />
<gc-end id="1968" type="global" contextid="1962" durationms="3.366" usertimems="4.000" systemtimems="4.000" timestamp="2019-07-02T23:04:52.425" activeThreads="4">
  <mem-info id="1969" free="9839776" total="15794176" percent="62">
    <mem type="tenure" free="9839776" total="15794176" percent="62" micro-fragmented="13854" macro-fragmented="0">
      <mem type="soa" free="9839776" total="15636480" percent="62" />
      <mem type="loa" free="0" total="157696" percent="0" />
    </mem>
  </mem-info>
</gc-end>
<cycle-end id="1970" type="global" contextid="1962" timestamp="2019-07-02T23:04:52.425">
  <attribute name="GC Util" value="237" />
  <attribute name="CPU Util" value="8708515818708" />
  <attribute name="Time Running"value="3059"/>
  <attribute name="Number of cores"value="4"/>
</cycle-end>
<allocation-satisfied id="1971" threadId="0000000001134900" bytesRequested="24" />
<af-end id="1972" timestamp="2019-07-02T23:04:52.425" threadId="0000000001135288" success="true" />
<exclusive-end id="1973" timestamp="2019-07-02T23:04:52.425" durationms="3.890" />

<exclusive-start id="1974" timestamp="2019-07-02T23:04:52.433" intervalms="12.325">
  <response-info timems="0.029" idlems="0.029" threads="0" lastid="0000000001130D00" lastname="Thread-9" />
</exclusive-start>
<af-start id="1975" threadId="0000000001131688" totalBytesRequested="40" timestamp="2019-07-02T23:04:52.433" intervalms="12.325" />
<cycle-start id="1976" type="global" contextid="0" timestamp="2019-07-02T23:04:52.434" intervalms="12.321" />
  <attribute name="GC Util" value="237" />
  <attribute name="CPU Util" value="8708515818708" />
  <attribute name="Time Running"value="3059"/>
  <attribute name="Number of cores"value="4"/>
<gc-start id="1977" type="global" contextid="1976" timestamp="2019-07-02T23:04:52.434">
  <mem-info id="1978" free="0" total="15794176" percent="0">
    <mem type="tenure" free="0" total="15794176" percent="0">
      <mem type="soa" free="0" total="15636480" percent="0" />
      <mem type="loa" free="0" total="157696" percent="0" />
    </mem>
  </mem-info>
</gc-start>
<allocation-stats totalBytes="9824184" >
  <allocated-bytes non-tlh="0" tlh="9824184" />
  <largest-consumer threadName="Thread-10" threadId="0000000001129500" bytes="3453840" />
</allocation-stats>
<gc-op id="1979" type="mark" timems="2.309" contextid="1976" timestamp="2019-07-02T23:04:52.436">
  <trace-info objectcount="67760" scancount="60184" scanbytes="2317068" />
  <finalization candidates="124" enqueued="0" />
  <ownableSynchronizers candidates="3" cleared="0" />
  <references type="soft" candidates="84" cleared="0" enqueued="0" dynamicThreshold="19" maxThreshold="32" />
  <references type="weak" candidates="774" cleared="0" enqueued="0" />
  <references type="phantom" candidates="63" cleared="0" enqueued="0" />
  <stringconstants candidates="4574" cleared="0"  />
</gc-op>
<gc-op id="1980" type="sweep" timems="0.861" contextid="1976" timestamp="2019-07-02T23:04:52.437" />
<mem-info id="1981" free="9765952" total="15794176" percent="61">
  <mem type="tenure" free="9765952" total="15794176" percent="61" micro-fragmented="13327" macro-fragmented="0">
    <mem type="soa" free="9765952" total="15636480" percent="62" />
    <mem type="loa" free="0" total="157696" percent="0" />
  </mem>
</mem-info>
<gc-op id="1982" type="compact" timems="4.456" contextid="1976" timestamp="2019-07-02T23:04:52.442">
  <compact-info movecount="4628" movebytes="111832" reason="compact to aid heap contraction" />
</gc-op>
<heap-resize id="1983" type="contract" space="tenure" amount="131072" count="1" timems="0.080" reason="excess free space following gc" timestamp="2019-07-02T23:04:52.442" />
<gc-end id="1984" type="global" contextid="1976" durationms="8.495" usertimems="16.000" systemtimems="0.000" timestamp="2019-07-02T23:04:52.442" activeThreads="4">
  <mem-info id="1985" free="9784504" total="15663104" percent="62">
    <mem type="tenure" free="9784504" total="15663104" percent="62">
      <mem type="soa" free="9655480" total="15507456" percent="62" />
      <mem type="loa" free="129024" total="155648" percent="82" />
    </mem>
  </mem-info>
</gc-end>
<cycle-end id="1986" type="global" contextid="1976" timestamp="2019-07-02T23:04:52.442">
  <attribute name="GC Util" value="144" />
  <attribute name="CPU Util" value="17677727463775" />
  <attribute name="Time Running"value="3073"/>
  <attribute name="Number of cores"value="4"/>
</cycle-end>
<allocation-satisfied id="1987" threadId="0000000001130D00" bytesRequested="40" />
<af-end id="1988" timestamp="2019-07-02T23:04:52.443" threadId="0000000001131688" success="true" />
<exclusive-end id="1989" timestamp="2019-07-02T23:04:52.443" durationms="9.235" />

<exclusive-start id="1990" timestamp="2019-07-02T23:04:52.451" intervalms="17.687">
  <response-info timems="0.030" idlems="0.030" threads="0" lastid="000000000112D100" lastname="Thread-8" />
</exclusive-start>
<af-start id="1991" threadId="000000000112DA88" totalBytesRequested="40" timestamp="2019-07-02T23:04:52.451" intervalms="17.728" />
<cycle-start id="1992" type="global" contextid="0" timestamp="2019-07-02T23:04:52.451" intervalms="17.730" />
  <attribute name="GC Util" value="144" />
  <attribute name="CPU Util" value="17677727463775" />
  <attribute name="Time Running"value="3073"/>
  <attribute name="Number of cores"value="4"/>
<gc-start id="1993" type="global" contextid="1992" timestamp="2019-07-02T23:04:52.451">
  <mem-info id="1994" free="129024" total="15663104" percent="0">
    <mem type="tenure" free="129024" total="15663104" percent="0">
      <mem type="soa" free="0" total="15507456" percent="0" />
      <mem type="loa" free="129024" total="155648" percent="82" />
    </mem>
  </mem-info>
</gc-start>
<allocation-stats totalBytes="9719760" >
  <allocated-bytes non-tlh="0" tlh="9719760" />
  <largest-consumer threadName="Thread-7" threadId="0000000001134900" bytes="3636840" />
</allocation-stats>
<gc-op id="1995" type="mark" timems="1.072" contextid="1992" timestamp="2019-07-02T23:04:52.453">
  <trace-info objectcount="68467" scancount="60892" scanbytes="2334348" />
  <finalization candidates="124" enqueued="0" />
  <ownableSynchronizers candidates="3" cleared="0" />
  <references type="soft" candidates="84" cleared="0" enqueued="0" dynamicThreshold="19" maxThreshold="32" />
  <references type="weak" candidates="774" cleared="0" enqueued="0" />
  <references type="phantom" candidates="63" cleared="0" enqueued="0" />
  <stringconstants candidates="4574" cleared="0"  />
</gc-op>
<gc-op id="1996" type="sweep" timems="0.254" contextid="1992" timestamp="2019-07-02T23:04:52.453" />
<heap-resize id="1997" type="contract" space="tenure" amount="131072" count="1" timems="0.048" reason="excess free space following gc" timestamp="2019-07-02T23:04:52.453" />
<gc-end id="1998" type="global" contextid="1992" durationms="1.734" usertimems="4.000" systemtimems="0.000" timestamp="2019-07-02T23:04:52.453" activeThreads="4">
  <mem-info id="1999" free="9677504" total="15532032" percent="62">
    <mem type="tenure" free="9677504" total="15532032" percent="62" micro-fragmented="5912" macro-fragmented="0">
      <mem type="soa" free="9571240" total="15377408" percent="62" />
      <mem type="loa" free="106264" total="154624" percent="68" />
    </mem>
  </mem-info>
</gc-end>
<cycle-end id="2000" type="global" contextid="1992" timestamp="2019-07-02T23:04:52.453">
  <attribute name="GC Util" value="244" />
  <attribute name="CPU Util" value="16445110850544" />
  <attribute name="Time Running"value="3088"/>
  <attribute name="Number of cores"value="4"/>
</cycle-end>
<allocation-satisfied id="2001" threadId="000000000112D100" bytesRequested="40" />
<af-end id="2002" timestamp="2019-07-02T23:04:52.453" threadId="000000000112DA88" success="true" />
<exclusive-end id="2003" timestamp="2019-07-02T23:04:52.453" durationms="2.363" />

<exclusive-start id="2004" timestamp="2019-07-02T23:04:52.464" intervalms="12.967">
  <response-info timems="0.049" idlems="0.049" threads="0" lastid="0000000001129500" lastname="Thread-10" />
</exclusive-start>
<af-start id="2005" threadId="0000000001129E88" totalBytesRequested="24" timestamp="2019-07-02T23:04:52.464" intervalms="12.918" />
<cycle-start id="2006" type="global" contextid="0" timestamp="2019-07-02T23:04:52.464" intervalms="12.912" />
  <attribute name="GC Util" value="244" />
  <attribute name="CPU Util" value="16445110850544" />
  <attribute name="Time Running"value="3088"/>
  <attribute name="Number of cores"value="4"/>
<gc-start id="2007" type="global" contextid="2006" timestamp="2019-07-02T23:04:52.464">
  <mem-info id="2008" free="106264" total="15532032" percent="0">
    <mem type="tenure" free="106264" total="15532032" percent="0">
      <mem type="soa" free="0" total="15377408" percent="0" />
      <mem type="loa" free="106264" total="154624" percent="68" />
    </mem>
  </mem-info>
</gc-start>
<allocation-stats totalBytes="9565344" >
  <allocated-bytes non-tlh="0" tlh="9565344" />
  <largest-consumer threadName="Thread-10" threadId="0000000001129500" bytes="5349792" />
</allocation-stats>
<gc-op id="2009" type="mark" timems="1.199" contextid="2006" timestamp="2019-07-02T23:04:52.466">
  <trace-info objectcount="69743" scancount="62163" scanbytes="2364956" />
  <finalization candidates="124" enqueued="0" />
  <ownableSynchronizers candidates="3" cleared="0" />
  <references type="soft" candidates="84" cleared="0" enqueued="0" dynamicThreshold="19" maxThreshold="32" />
  <references type="weak" candidates="774" cleared="0" enqueued="0" />
  <references type="phantom" candidates="63" cleared="0" enqueued="0" />
  <stringconstants candidates="4574" cleared="0"  />
</gc-op>
<gc-op id="2010" type="sweep" timems="0.299" contextid="2006" timestamp="2019-07-02T23:04:52.466" />
<mem-info id="2011" free="9624400" total="15532032" percent="61">
  <mem type="tenure" free="9624400" total="15532032" percent="61" micro-fragmented="4617" macro-fragmented="0">
    <mem type="soa" free="9518136" total="15377408" percent="61" />
    <mem type="loa" free="106264" total="154624" percent="68" />
  </mem>
</mem-info>
<gc-op id="2012" type="compact" timems="3.225" contextid="2006" timestamp="2019-07-02T23:04:52.469">
  <compact-info movecount="4729" movebytes="114552" reason="compact to aid heap contraction" />
</gc-op>
<heap-resize id="2013" type="contract" space="tenure" amount="131072" count="1" timems="0.066" reason="excess free space following gc" timestamp="2019-07-02T23:04:52.470" />
<gc-end id="2014" type="global" contextid="2006" durationms="5.457" usertimems="12.000" systemtimems="0.000" timestamp="2019-07-02T23:04:52.470" activeThreads="4">
  <mem-info id="2015" free="9477544" total="15400960" percent="61">
    <mem type="tenure" free="9477544" total="15400960" percent="61">
      <mem type="soa" free="9347496" total="15247360" percent="61" />
      <mem type="loa" free="130048" total="153600" percent="84" />
    </mem>
  </mem-info>
</gc-end>
<cycle-end id="2016" type="global" contextid="2006" timestamp="2019-07-02T23:04:52.470">
  <attribute name="GC Util" value="17" />
  <attribute name="CPU Util" value="38581990141351" />
  <attribute name="Time Running"value="3101"/>
  <attribute name="Number of cores"value="4"/>
</cycle-end>
<allocation-satisfied id="2017" threadId="0000000001129500" bytesRequested="24" />
<af-end id="2018" timestamp="2019-07-02T23:04:52.470" threadId="0000000001129E88" success="true" />
<exclusive-end id="2019" timestamp="2019-07-02T23:04:52.470" durationms="6.195" />

<exclusive-start id="2020" timestamp="2019-07-02T23:04:52.483" intervalms="18.733">
  <response-info timems="0.030" idlems="0.030" threads="0" lastid="0000000001134900" lastname="Thread-7" />
</exclusive-start>
<af-start id="2021" threadId="0000000001135288" totalBytesRequested="40" timestamp="2019-07-02T23:04:52.483" intervalms="18.780" />
<cycle-start id="2022" type="global" contextid="0" timestamp="2019-07-02T23:04:52.483" intervalms="18.791" />
  <attribute name="GC Util" value="17" />
  <attribute name="CPU Util" value="38581990141351" />
  <attribute name="Time Running"value="3101"/>
  <attribute name="Number of cores"value="4"/>
<gc-start id="2023" type="global" contextid="2022" timestamp="2019-07-02T23:04:52.483">
  <mem-info id="2024" free="130048" total="15400960" percent="0">
    <mem type="tenure" free="130048" total="15400960" percent="0">
      <mem type="soa" free="0" total="15247360" percent="0" />
      <mem type="loa" free="130048" total="153600" percent="84" />
    </mem>
  </mem-info>
</gc-start>
<allocation-stats totalBytes="9411688" >
  <allocated-bytes non-tlh="0" tlh="9411688" />
  <largest-consumer threadName="Thread-7" threadId="0000000001134900" bytes="4537824" />
</allocation-stats>
<gc-op id="2025" type="mark" timems="2.336" contextid="2022" timestamp="2019-07-02T23:04:52.486">
  <trace-info objectcount="70693" scancount="63110" scanbytes="2388268" />
  <finalization candidates="124" enqueued="0" />
  <ownableSynchronizers candidates="3" cleared="0" />
  <references type="soft" candidates="84" cleared="0" enqueued="0" dynamicThreshold="19" maxThreshold="32" />
  <references type="weak" candidates="774" cleared="0" enqueued="0" />
  <references type="phantom" candidates="63" cleared="0" enqueued="0" />
  <stringconstants candidates="4574" cleared="0"  />
</gc-op>
<gc-op id="2026" type="sweep" timems="0.737" contextid="2022" timestamp="2019-07-02T23:04:52.486" />
<heap-resize id="2027" type="contract" space="tenure" amount="131072" count="1" timems="0.089" reason="excess free space following gc" timestamp="2019-07-02T23:04:52.487" />
<gc-end id="2028" type="global" contextid="2022" durationms="3.653" usertimems="8.000" systemtimems="4.000" timestamp="2019-07-02T23:04:52.487" activeThreads="4">
  <mem-info id="2029" free="9253984" total="15269888" percent="60">
    <mem type="tenure" free="9253984" total="15269888" percent="60" micro-fragmented="4622" macro-fragmented="0">
      <mem type="soa" free="9253984" total="15117312" percent="61" />
      <mem type="loa" free="0" total="152576" percent="0" />
    </mem>
  </mem-info>
</gc-end>
<cycle-end id="2030" type="global" contextid="2022" timestamp="2019-07-02T23:04:52.487">
  <attribute name="GC Util" value="249" />
  <attribute name="CPU Util" value="7588654404026" />
  <attribute name="Time Running"value="3121"/>
  <attribute name="Number of cores"value="4"/>
</cycle-end>
<allocation-satisfied id="2031" threadId="0000000001134900" bytesRequested="40" />
<af-end id="2032" timestamp="2019-07-02T23:04:52.487" threadId="0000000001135288" success="true" />
<exclusive-end id="2033" timestamp="2019-07-02T23:04:52.487" durationms="4.325" />

<exclusive-start id="2034" timestamp="2019-07-02T23:04:52.495" intervalms="11.871">
  <response-info timems="0.023" idlems="0.023" threads="0" lastid="0000000001129500" lastname="Thread-10" />
</exclusive-start>
<af-start id="2035" threadId="0000000001129E88" totalBytesRequested="40" timestamp="2019-07-02T23:04:52.495" intervalms="11.843" />
<cycle-start id="2036" type="global" contextid="0" timestamp="2019-07-02T23:04:52.495" intervalms="11.838" />
  <attribute name="GC Util" value="249" />
  <attribute name="CPU Util" value="7588654404026" />
  <attribute name="Time Running"value="3121"/>
  <attribute name="Number of cores"value="4"/>
<gc-start id="2037" type="global" contextid="2036" timestamp="2019-07-02T23:04:52.495">
  <mem-info id="2038" free="0" total="15269888" percent="0">
    <mem type="tenure" free="0" total="15269888" percent="0">
      <mem type="soa" free="0" total="15117312" percent="0" />
      <mem type="loa" free="0" total="152576" percent="0" />
    </mem>
  </mem-info>
</gc-start>
<allocation-stats totalBytes="9248240" >
  <allocated-bytes non-tlh="0" tlh="9248240" />
  <largest-consumer threadName="Thread-10" threadId="0000000001129500" bytes="3951472" />
</allocation-stats>
<gc-op id="2039" type="mark" timems="1.333" contextid="2036" timestamp="2019-07-02T23:04:52.497">
  <trace-info objectcount="68349" scancount="60763" scanbytes="2331676" />
  <finalization candidates="124" enqueued="0" />
  <ownableSynchronizers candidates="3" cleared="0" />
  <references type="soft" candidates="84" cleared="0" enqueued="0" dynamicThreshold="19" maxThreshold="32" />
  <references type="weak" candidates="774" cleared="0" enqueued="0" />
  <references type="phantom" candidates="63" cleared="0" enqueued="0" />
  <stringconstants candidates="4574" cleared="0"  />
</gc-op>
<gc-op id="2040" type="sweep" timems="0.271" contextid="2036" timestamp="2019-07-02T23:04:52.497" />
<gc-end id="2041" type="global" contextid="2036" durationms="2.072" usertimems="4.000" systemtimems="0.000" timestamp="2019-07-02T23:04:52.497" activeThreads="4">
  <mem-info id="2042" free="9235232" total="15269888" percent="60">
    <mem type="tenure" free="9235232" total="15269888" percent="60" micro-fragmented="72872" macro-fragmented="0">
      <mem type="soa" free="9235232" total="15117312" percent="61" />
      <mem type="loa" free="0" total="152576" percent="0" />
    </mem>
  </mem-info>
</gc-end>
<cycle-end id="2043" type="global" contextid="2036" timestamp="2019-07-02T23:04:52.497">
  <attribute name="GC Util" value="182" />
  <attribute name="CPU Util" value="12945746666861" />
  <attribute name="Time Running"value="3132"/>
  <attribute name="Number of cores"value="4"/>
</cycle-end>
<allocation-satisfied id="2044" threadId="0000000001129500" bytesRequested="40" />
<af-end id="2045" timestamp="2019-07-02T23:04:52.497" threadId="0000000001129E88" success="true" />
<exclusive-end id="2046" timestamp="2019-07-02T23:04:52.497" durationms="2.762" />

<exclusive-start id="2047" timestamp="2019-07-02T23:04:52.513" intervalms="18.618">
  <response-info timems="0.034" idlems="0.032" threads="1" lastid="0000000001130D00" lastname="Thread-9" />
</exclusive-start>
<af-start id="2048" threadId="0000000001129E88" totalBytesRequested="40" timestamp="2019-07-02T23:04:52.513" intervalms="18.665" />
<cycle-start id="2049" type="global" contextid="0" timestamp="2019-07-02T23:04:52.514" intervalms="18.668" />
  <attribute name="GC Util" value="182" />
  <attribute name="CPU Util" value="12945746666861" />
  <attribute name="Time Running"value="3132"/>
  <attribute name="Number of cores"value="4"/>
<gc-start id="2050" type="global" contextid="2049" timestamp="2019-07-02T23:04:52.514">
  <mem-info id="2051" free="0" total="15269888" percent="0">
    <mem type="tenure" free="0" total="15269888" percent="0">
      <mem type="soa" free="0" total="15117312" percent="0" />
      <mem type="loa" free="0" total="152576" percent="0" />
    </mem>
  </mem-info>
</gc-start>
<allocation-stats totalBytes="9226808" >
  <allocated-bytes non-tlh="0" tlh="9226808" />
  <largest-consumer threadName="Thread-7" threadId="0000000001134900" bytes="4383080" />
</allocation-stats>
<gc-op id="2052" type="mark" timems="1.227" contextid="2049" timestamp="2019-07-02T23:04:52.515">
  <trace-info objectcount="68983" scancount="61409" scanbytes="2346860" />
  <finalization candidates="124" enqueued="0" />
  <ownableSynchronizers candidates="3" cleared="0" />
  <references type="soft" candidates="84" cleared="0" enqueued="0" dynamicThreshold="19" maxThreshold="32" />
  <references type="weak" candidates="774" cleared="0" enqueued="0" />
  <references type="phantom" candidates="63" cleared="0" enqueued="0" />
  <stringconstants candidates="4574" cleared="0"  />
</gc-op>
<gc-op id="2053" type="sweep" timems="0.321" contextid="2049" timestamp="2019-07-02T23:04:52.515" />
<gc-end id="2054" type="global" contextid="2049" durationms="1.785" usertimems="8.000" systemtimems="0.000" timestamp="2019-07-02T23:04:52.515" activeThreads="4">
  <mem-info id="2055" free="9197928" total="15269888" percent="60">
    <mem type="tenure" free="9197928" total="15269888" percent="60" micro-fragmented="51732" macro-fragmented="0">
      <mem type="soa" free="9197928" total="15117312" percent="60" />
      <mem type="loa" free="0" total="152576" percent="0" />
    </mem>
  </mem-info>
</gc-end>
<cycle-end id="2056" type="global" contextid="2049" timestamp="2019-07-02T23:04:52.516">
  <attribute name="GC Util" value="223" />
  <attribute name="CPU Util" value="14458463542830" />
  <attribute name="Time Running"value="3150"/>
  <attribute name="Number of cores"value="4"/>
</cycle-end>
<allocation-satisfied id="2057" threadId="0000000001129500" bytesRequested="40" />
<af-end id="2058" timestamp="2019-07-02T23:04:52.516" threadId="0000000001129E88" success="true" />
<exclusive-end id="2059" timestamp="2019-07-02T23:04:52.516" durationms="2.413" />

<exclusive-start id="2060" timestamp="2019-07-02T23:04:52.525" intervalms="11.636">
  <response-info timems="0.030" idlems="0.030" threads="0" lastid="0000000001134900" lastname="Thread-7" />
</exclusive-start>
<af-start id="2061" threadId="0000000001135288" totalBytesRequested="40" timestamp="2019-07-02T23:04:52.525" intervalms="11.623" />
<cycle-start id="2062" type="global" contextid="0" timestamp="2019-07-02T23:04:52.525" intervalms="11.620" />
  <attribute name="GC Util" value="223" />
  <attribute name="CPU Util" value="14458463542830" />
  <attribute name="Time Running"value="3150"/>
  <attribute name="Number of cores"value="4"/>
<gc-start id="2063" type="global" contextid="2062" timestamp="2019-07-02T23:04:52.525">
  <mem-info id="2064" free="0" total="15269888" percent="0">
    <mem type="tenure" free="0" total="15269888" percent="0">
      <mem type="soa" free="0" total="15117312" percent="0" />
      <mem type="loa" free="0" total="152576" percent="0" />
    </mem>
  </mem-info>
</gc-start>
<allocation-stats totalBytes="9183008" >
  <allocated-bytes non-tlh="0" tlh="9183008" />
  <largest-consumer threadName="Thread-10" threadId="0000000001129500" bytes="3197328" />
</allocation-stats>
<gc-op id="2065" type="mark" timems="1.835" contextid="2062" timestamp="2019-07-02T23:04:52.527">
  <trace-info objectcount="69670" scancount="62099" scanbytes="2363668" />
  <finalization candidates="124" enqueued="0" />
  <ownableSynchronizers candidates="3" cleared="0" />
  <references type="soft" candidates="84" cleared="0" enqueued="0" dynamicThreshold="19" maxThreshold="32" />
  <references type="weak" candidates="774" cleared="0" enqueued="0" />
  <references type="phantom" candidates="63" cleared="0" enqueued="0" />
  <stringconstants candidates="4574" cleared="0"  />
</gc-op>
<gc-op id="2066" type="sweep" timems="0.654" contextid="2062" timestamp="2019-07-02T23:04:52.528" />
<heap-resize id="2067" type="expand" space="tenure" amount="1048576" count="1" timems="0.038" reason="excessive time being spent in gc" timestamp="2019-07-02T23:04:52.528" />
<gc-end id="2068" type="global" contextid="2062" durationms="3.011" usertimems="4.000" systemtimems="4.000" timestamp="2019-07-02T23:04:52.528" activeThreads="4">
  <mem-info id="2069" free="10181176" total="16318464" percent="62">
    <mem type="tenure" free="10181176" total="16318464" percent="62" micro-fragmented="51838" macro-fragmented="0">
      <mem type="soa" free="10018360" total="16155648" percent="62" />
      <mem type="loa" free="162816" total="162816" percent="100" />
    </mem>
  </mem-info>
</gc-end>
<cycle-end id="2070" type="global" contextid="2062" timestamp="2019-07-02T23:04:52.528">
  <attribute name="GC Util" value="218" />
  <attribute name="CPU Util" value="9560950002569" />
  <attribute name="Time Running"value="3163"/>
  <attribute name="Number of cores"value="4"/>
</cycle-end>
<allocation-satisfied id="2071" threadId="0000000001134900" bytesRequested="40" />
<af-end id="2072" timestamp="2019-07-02T23:04:52.528" threadId="0000000001135288" success="true" />
<exclusive-end id="2073" timestamp="2019-07-02T23:04:52.529" durationms="3.617" />

<exclusive-start id="2074" timestamp="2019-07-02T23:04:52.540" intervalms="15.097">
  <response-info timems="0.065" idlems="0.065" threads="0" lastid="0000000001134900" lastname="Thread-7" />
</exclusive-start>
<af-start id="2075" threadId="0000000001135288" totalBytesRequested="40" timestamp="2019-07-02T23:04:52.540" intervalms="15.071" />
<cycle-start id="2076" type="global" contextid="0" timestamp="2019-07-02T23:04:52.540" intervalms="15.074" />
  <attribute name="GC Util" value="218" />
  <attribute name="CPU Util" value="9560950002569" />
  <attribute name="Time Running"value="3163"/>
  <attribute name="Number of cores"value="4"/>
<gc-start id="2077" type="global" contextid="2076" timestamp="2019-07-02T23:04:52.540">
  <mem-info id="2078" free="162816" total="16318464" percent="0">
    <mem type="tenure" free="162816" total="16318464" percent="0">
      <mem type="soa" free="0" total="16155648" percent="0" />
      <mem type="loa" free="162816" total="162816" percent="100" />
    </mem>
  </mem-info>
</gc-start>
<allocation-stats totalBytes="9997168" >
  <allocated-bytes non-tlh="0" tlh="9997168" />
  <largest-consumer threadName="Thread-7" threadId="0000000001134900" bytes="3453960" />
</allocation-stats>
<gc-op id="2079" type="mark" timems="2.326" contextid="2076" timestamp="2019-07-02T23:04:52.543">
  <trace-info objectcount="70322" scancount="62764" scanbytes="2379012" />
  <finalization candidates="124" enqueued="0" />
  <ownableSynchronizers candidates="3" cleared="0" />
  <references type="soft" candidates="84" cleared="0" enqueued="0" dynamicThreshold="19" maxThreshold="32" />
  <references type="weak" candidates="774" cleared="0" enqueued="0" />
  <references type="phantom" candidates="63" cleared="0" enqueued="0" />
  <stringconstants candidates="4574" cleared="0"  />
</gc-op>
<gc-op id="2080" type="sweep" timems="0.831" contextid="2076" timestamp="2019-07-02T23:04:52.544" />
<gc-end id="2081" type="global" contextid="2076" durationms="3.553" usertimems="8.000" systemtimems="0.000" timestamp="2019-07-02T23:04:52.544" activeThreads="4">
  <mem-info id="2082" free="10276952" total="16318464" percent="62">
    <mem type="tenure" free="10276952" total="16318464" percent="62" micro-fragmented="70661" macro-fragmented="0">
      <mem type="soa" free="10114136" total="16155648" percent="62" />
      <mem type="loa" free="162816" total="162816" percent="100" />
    </mem>
  </mem-info>
</gc-end>
<cycle-end id="2083" type="global" contextid="2076" timestamp="2019-07-02T23:04:52.544">
  <attribute name="GC Util" value="246" />
  <attribute name="CPU Util" value="7648449209477" />
  <attribute name="Time Running"value="3178"/>
  <attribute name="Number of cores"value="4"/>
</cycle-end>
<allocation-satisfied id="2084" threadId="0000000001134900" bytesRequested="40" />
<af-end id="2085" timestamp="2019-07-02T23:04:52.544" threadId="0000000001135288" success="true" />
<exclusive-end id="2086" timestamp="2019-07-02T23:04:52.544" durationms="4.360" />

<exclusive-start id="2087" timestamp="2019-07-02T23:04:52.555" intervalms="15.301">
  <response-info timems="0.232" idlems="0.200" threads="1" lastid="0000000001130D00" lastname="Thread-9" />
</exclusive-start>
<af-start id="2088" threadId="000000000112DA88" totalBytesRequested="24" timestamp="2019-07-02T23:04:52.555" intervalms="15.331" />
<cycle-start id="2089" type="global" contextid="0" timestamp="2019-07-02T23:04:52.556" intervalms="15.331" />
  <attribute name="GC Util" value="246" />
  <attribute name="CPU Util" value="7648449209477" />
  <attribute name="Time Running"value="3178"/>
  <attribute name="Number of cores"value="4"/>
<gc-start id="2090" type="global" contextid="2089" timestamp="2019-07-02T23:04:52.556">
  <mem-info id="2091" free="162816" total="16318464" percent="0">
    <mem type="tenure" free="162816" total="16318464" percent="0">
      <mem type="soa" free="0" total="16155648" percent="0" />
      <mem type="loa" free="162816" total="162816" percent="100" />
    </mem>
  </mem-info>
</gc-start>
<allocation-stats totalBytes="10087592" >
  <allocated-bytes non-tlh="0" tlh="10087592" />
  <largest-consumer threadName="Thread-10" threadId="0000000001129500" bytes="3360656" />
</allocation-stats>
<gc-op id="2092" type="mark" timems="1.756" contextid="2089" timestamp="2019-07-02T23:04:52.557">
  <trace-info objectcount="70909" scancount="63339" scanbytes="2393180" />
  <finalization candidates="124" enqueued="0" />
  <ownableSynchronizers candidates="3" cleared="0" />
  <references type="soft" candidates="84" cleared="0" enqueued="0" dynamicThreshold="20" maxThreshold="32" />
  <references type="weak" candidates="774" cleared="0" enqueued="0" />
  <references type="phantom" candidates="63" cleared="0" enqueued="0" />
  <stringconstants candidates="4574" cleared="0"  />
</gc-op>
<gc-op id="2093" type="sweep" timems="0.379" contextid="2089" timestamp="2019-07-02T23:04:52.558" />
<gc-end id="2094" type="global" contextid="2089" durationms="2.503" usertimems="8.000" systemtimems="0.000" timestamp="2019-07-02T23:04:52.558" activeThreads="4">
  <mem-info id="2095" free="10202504" total="16318464" percent="62">
    <mem type="tenure" free="10202504" total="16318464" percent="62" micro-fragmented="91625" macro-fragmented="0">
      <mem type="soa" free="10039688" total="16155648" percent="62" />
      <mem type="loa" free="162816" total="162816" percent="100" />
    </mem>
  </mem-info>
</gc-end>
<cycle-end id="2096" type="global" contextid="2089" timestamp="2019-07-02T23:04:52.558">
  <attribute name="GC Util" value="244" />
  <attribute name="CPU Util" value="9957563015959" />
  <attribute name="Time Running"value="3193"/>
  <attribute name="Number of cores"value="4"/>
</cycle-end>
<allocation-satisfied id="2097" threadId="000000000112D100" bytesRequested="24" />
<af-end id="2098" timestamp="2019-07-02T23:04:52.559" threadId="000000000112DA88" success="true" />
<exclusive-end id="2099" timestamp="2019-07-02T23:04:52.559" durationms="3.326" />

<exclusive-start id="2100" timestamp="2019-07-02T23:04:52.569" intervalms="13.992">
  <response-info timems="0.048" idlems="0.048" threads="0" lastid="000000000112D100" lastname="Thread-8" />
</exclusive-start>
<af-start id="2101" threadId="000000000112DA88" totalBytesRequested="24" timestamp="2019-07-02T23:04:52.569" intervalms="13.975" />
<cycle-start id="2102" type="global" contextid="0" timestamp="2019-07-02T23:04:52.570" intervalms="13.969" />
  <attribute name="GC Util" value="244" />
  <attribute name="CPU Util" value="9957563015959" />
  <attribute name="Time Running"value="3193"/>
  <attribute name="Number of cores"value="4"/>
<gc-start id="2103" type="global" contextid="2102" timestamp="2019-07-02T23:04:52.570">
  <mem-info id="2104" free="162816" total="16318464" percent="0">
    <mem type="tenure" free="162816" total="16318464" percent="0">
      <mem type="soa" free="0" total="16155648" percent="0" />
      <mem type="loa" free="162816" total="162816" percent="100" />
    </mem>
  </mem-info>
</gc-start>
<allocation-stats totalBytes="10008424" >
  <allocated-bytes non-tlh="0" tlh="10008424" />
  <largest-consumer threadName="Thread-10" threadId="0000000001129500" bytes="3423592" />
</allocation-stats>
<gc-op id="2105" type="mark" timems="2.279" contextid="2102" timestamp="2019-07-02T23:04:52.572">
  <trace-info objectcount="71609" scancount="64068" scanbytes="2409772" />
  <finalization candidates="124" enqueued="0" />
  <ownableSynchronizers candidates="3" cleared="0" />
  <references type="soft" candidates="84" cleared="0" enqueued="0" dynamicThreshold="20" maxThreshold="32" />
  <references type="weak" candidates="774" cleared="0" enqueued="0" />
  <references type="phantom" candidates="63" cleared="0" enqueued="0" />
  <stringconstants candidates="4574" cleared="0"  />
</gc-op>
<gc-op id="2106" type="sweep" timems="0.713" contextid="2102" timestamp="2019-07-02T23:04:52.573" />
<heap-resize id="2107" type="contract" space="tenure" amount="131072" count="1" timems="0.057" reason="excess free space following gc" timestamp="2019-07-02T23:04:52.573" />
<gc-end id="2108" type="global" contextid="2102" durationms="3.402" usertimems="8.000" systemtimems="0.000" timestamp="2019-07-02T23:04:52.573" activeThreads="4">
  <mem-info id="2109" free="9827840" total="16187392" percent="60">
    <mem type="tenure" free="9827840" total="16187392" percent="60" micro-fragmented="111105" macro-fragmented="0">
      <mem type="soa" free="9827840" total="16025600" percent="61" />
      <mem type="loa" free="0" total="161792" percent="0" />
    </mem>
  </mem-info>
</gc-end>
<cycle-end id="2110" type="global" contextid="2102" timestamp="2019-07-02T23:04:52.573">
  <attribute name="GC Util" value="248" />
  <attribute name="CPU Util" value="7896171610319" />
  <attribute name="Time Running"value="3207"/>
  <attribute name="Number of cores"value="4"/>
</cycle-end>
<allocation-satisfied id="2111" threadId="000000000112D100" bytesRequested="24" />
<af-end id="2112" timestamp="2019-07-02T23:04:52.573" threadId="000000000112DA88" success="true" />
<exclusive-end id="2113" timestamp="2019-07-02T23:04:52.573" durationms="3.969" />

<exclusive-start id="2114" timestamp="2019-07-02T23:04:52.586" intervalms="17.119">
  <response-info timems="0.050" idlems="0.050" threads="0" lastid="000000000112D100" lastname="Thread-8" />
</exclusive-start>
<af-start id="2115" threadId="000000000112DA88" totalBytesRequested="40" timestamp="2019-07-02T23:04:52.587" intervalms="17.144" />
<cycle-start id="2116" type="global" contextid="0" timestamp="2019-07-02T23:04:52.587" intervalms="17.167" />
  <attribute name="GC Util" value="248" />
  <attribute name="CPU Util" value="7896171610319" />
  <attribute name="Time Running"value="3207"/>
  <attribute name="Number of cores"value="4"/>
<gc-start id="2117" type="global" contextid="2116" timestamp="2019-07-02T23:04:52.587">
  <mem-info id="2118" free="0" total="16187392" percent="0">
    <mem type="tenure" free="0" total="16187392" percent="0">
      <mem type="soa" free="0" total="16025600" percent="0" />
      <mem type="loa" free="0" total="161792" percent="0" />
    </mem>
  </mem-info>
</gc-start>
<allocation-stats totalBytes="9792128" >
  <allocated-bytes non-tlh="0" tlh="9792128" />
  <largest-consumer threadName="Thread-9" threadId="0000000001130D00" bytes="4347176" />
</allocation-stats>
<gc-op id="2119" type="mark" timems="2.440" contextid="2116" timestamp="2019-07-02T23:04:52.589">
  <trace-info objectcount="72215" scancount="64634" scanbytes="2424284" />
  <finalization candidates="124" enqueued="0" />
  <ownableSynchronizers candidates="3" cleared="0" />
  <references type="soft" candidates="84" cleared="0" enqueued="0" dynamicThreshold="19" maxThreshold="32" />
  <references type="weak" candidates="774" cleared="0" enqueued="0" />
  <references type="phantom" candidates="63" cleared="0" enqueued="0" />
  <stringconstants candidates="4574" cleared="0"  />
</gc-op>
<gc-op id="2120" type="sweep" timems="0.884" contextid="2116" timestamp="2019-07-02T23:04:52.591" />
<gc-end id="2121" type="global" contextid="2116" durationms="3.882" usertimems="8.000" systemtimems="0.000" timestamp="2019-07-02T23:04:52.591" activeThreads="4">
  <mem-info id="2122" free="9732368" total="16187392" percent="60">
    <mem type="tenure" free="9732368" total="16187392" percent="60" micro-fragmented="77610" macro-fragmented="0">
      <mem type="soa" free="9732368" total="16025600" percent="60" />
      <mem type="loa" free="0" total="161792" percent="0" />
    </mem>
  </mem-info>
</gc-end>
<cycle-end id="2123" type="global" contextid="2116" timestamp="2019-07-02T23:04:52.591">
  <attribute name="GC Util" value="245" />
  <attribute name="CPU Util" value="7156868997205" />
  <attribute name="Time Running"value="3225"/>
  <attribute name="Number of cores"value="4"/>
</cycle-end>
<allocation-satisfied id="2124" threadId="000000000112D100" bytesRequested="40" />
<af-end id="2125" timestamp="2019-07-02T23:04:52.591" threadId="000000000112DA88" success="true" />
<exclusive-end id="2126" timestamp="2019-07-02T23:04:52.591" durationms="4.688" />

<exclusive-start id="2127" timestamp="2019-07-02T23:04:52.602" intervalms="15.219">
  <response-info timems="9.305" idlems="9.305" threads="0" lastid="0000000001130D00" lastname="Thread-9" />
</exclusive-start>
<af-start id="2128" threadId="0000000001131688" totalBytesRequested="19056" timestamp="2019-07-02T23:04:52.602" intervalms="15.244" />
<cycle-start id="2129" type="global" contextid="0" timestamp="2019-07-02T23:04:52.602" intervalms="15.248" />
  <attribute name="GC Util" value="245" />
  <attribute name="CPU Util" value="7156868997205" />
  <attribute name="Time Running"value="3225"/>
  <attribute name="Number of cores"value="4"/>
<gc-start id="2130" type="global" contextid="2129" timestamp="2019-07-02T23:04:52.602">
  <mem-info id="2131" free="2801344" total="16187392" percent="17">
    <mem type="tenure" free="2801344" total="16187392" percent="17">
      <mem type="soa" free="2801344" total="16025600" percent="17" />
      <mem type="loa" free="0" total="161792" percent="0" />
    </mem>
  </mem-info>
</gc-start>
<allocation-stats totalBytes="6895224" >
  <allocated-bytes non-tlh="4104" tlh="6891120" />
  <largest-consumer threadName="Thread-10" threadId="0000000001129500" bytes="3227296" />
</allocation-stats>
<gc-op id="2132" type="mark" timems="2.225" contextid="2129" timestamp="2019-07-02T23:04:52.604">
  <trace-info objectcount="63129" scancount="55557" scanbytes="2072776" />
  <finalization candidates="124" enqueued="0" />
  <ownableSynchronizers candidates="3" cleared="0" />
  <references type="soft" candidates="84" cleared="0" enqueued="0" dynamicThreshold="19" maxThreshold="32" />
  <references type="weak" candidates="774" cleared="0" enqueued="0" />
  <references type="phantom" candidates="63" cleared="0" enqueued="0" />
  <stringconstants candidates="4574" cleared="0"  />
</gc-op>
<gc-op id="2133" type="sweep" timems="0.927" contextid="2129" timestamp="2019-07-02T23:04:52.605" />
<mem-info id="2134" free="10045352" total="16187392" percent="62">
  <mem type="tenure" free="10045352" total="16187392" percent="62" micro-fragmented="200930" macro-fragmented="0">
    <mem type="soa" free="10045352" total="16025600" percent="62" />
    <mem type="loa" free="0" total="161792" percent="0" />
  </mem>
</mem-info>
<gc-op id="2135" type="compact" timems="5.291" contextid="2129" timestamp="2019-07-02T23:04:52.611">
  <compact-info movecount="23389" movebytes="978448" reason="compact to aid heap contraction" />
</gc-op>
<heap-resize id="2136" type="contract" space="tenure" amount="131072" count="1" timems="0.066" reason="excess free space following gc" timestamp="2019-07-02T23:04:52.611" />
<gc-end id="2137" type="global" contextid="2129" durationms="9.326" usertimems="16.000" systemtimems="0.000" timestamp="2019-07-02T23:04:52.611" activeThreads="4">
  <mem-info id="2138" free="10464400" total="16056320" percent="65">
    <mem type="tenure" free="10464400" total="16056320" percent="65">
      <mem type="soa" free="10335376" total="15896576" percent="65" />
      <mem type="loa" free="129024" total="159744" percent="80" />
    </mem>
  </mem-info>
</gc-end>
<cycle-end id="2139" type="global" contextid="2129" timestamp="2019-07-02T23:04:52.611">
  <attribute name="GC Util" value="124" />
  <attribute name="CPU Util" value="15540460312131" />
  <attribute name="Time Running"value="3241"/>
  <attribute name="Number of cores"value="4"/>
</cycle-end>
<allocation-satisfied id="2140" threadId="0000000001130D00" bytesRequested="19056" />
<af-end id="2141" timestamp="2019-07-02T23:04:52.612" threadId="0000000001131688" success="true" />
<exclusive-end id="2142" timestamp="2019-07-02T23:04:52.612" durationms="10.165" />

<exclusive-start id="2143" timestamp="2019-07-02T23:04:52.622" intervalms="20.642">
  <response-info timems="0.220" idlems="0.194" threads="1" lastid="000000000112D100" lastname="Thread-8" />
</exclusive-start>
<af-start id="2144" threadId="0000000001135288" totalBytesRequested="40" timestamp="2019-07-02T23:04:52.622" intervalms="20.641" />
<cycle-start id="2145" type="global" contextid="0" timestamp="2019-07-02T23:04:52.623" intervalms="20.659" />
  <attribute name="GC Util" value="124" />
  <attribute name="CPU Util" value="15540460312131" />
  <attribute name="Time Running"value="3241"/>
  <attribute name="Number of cores"value="4"/>
<gc-start id="2146" type="global" contextid="2145" timestamp="2019-07-02T23:04:52.623">
  <mem-info id="2147" free="129024" total="16056320" percent="0">
    <mem type="tenure" free="129024" total="16056320" percent="0">
      <mem type="soa" free="0" total="15896576" percent="0" />
      <mem type="loa" free="129024" total="159744" percent="80" />
    </mem>
  </mem-info>
</gc-start>
<allocation-stats totalBytes="10352904" >
  <allocated-bytes non-tlh="19056" tlh="10333848" />
  <largest-consumer threadName="Thread-9" threadId="0000000001130D00" bytes="3726624" />
</allocation-stats>
<gc-op id="2148" type="mark" timems="1.338" contextid="2145" timestamp="2019-07-02T23:04:52.624">
  <trace-info objectcount="68509" scancount="60947" scanbytes="2335004" />
  <finalization candidates="124" enqueued="0" />
  <ownableSynchronizers candidates="3" cleared="0" />
  <references type="soft" candidates="84" cleared="0" enqueued="0" dynamicThreshold="20" maxThreshold="32" />
  <references type="weak" candidates="774" cleared="0" enqueued="0" />
  <references type="phantom" candidates="63" cleared="0" enqueued="0" />
  <stringconstants candidates="4574" cleared="0"  />
</gc-op>
<gc-op id="2149" type="sweep" timems="0.241" contextid="2145" timestamp="2019-07-02T23:04:52.625" />
<heap-resize id="2150" type="contract" space="tenure" amount="131072" count="1" timems="0.050" reason="excess free space following gc" timestamp="2019-07-02T23:04:52.625" />
<gc-end id="2151" type="global" contextid="2145" durationms="2.094" usertimems="4.000" systemtimems="0.000" timestamp="2019-07-02T23:04:52.625" activeThreads="4">
  <mem-info id="2152" free="9957328" total="15925248" percent="62">
    <mem type="tenure" free="9957328" total="15925248" percent="62" micro-fragmented="0" macro-fragmented="0">
      <mem type="soa" free="9957328" total="15766528" percent="63" />
      <mem type="loa" free="0" total="158720" percent="0" />
    </mem>
  </mem-info>
</gc-end>
<cycle-end id="2153" type="global" contextid="2145" timestamp="2019-07-02T23:04:52.625">
  <attribute name="GC Util" value="232" />
  <attribute name="CPU Util" value="12969803467315" />
  <attribute name="Time Running"value="3260"/>
  <attribute name="Number of cores"value="4"/>
</cycle-end>
<allocation-satisfied id="2154" threadId="0000000001134900" bytesRequested="40" />
<af-end id="2155" timestamp="2019-07-02T23:04:52.625" threadId="0000000001135288" success="true" />
<exclusive-end id="2156" timestamp="2019-07-02T23:04:52.625" durationms="2.826" />

<exclusive-start id="2157" timestamp="2019-07-02T23:04:52.635" intervalms="12.673">
  <response-info timems="0.029" idlems="0.029" threads="0" lastid="0000000001134900" lastname="Thread-7" />
</exclusive-start>
<af-start id="2158" threadId="0000000001135288" totalBytesRequested="40" timestamp="2019-07-02T23:04:52.635" intervalms="12.634" />
<cycle-start id="2159" type="global" contextid="0" timestamp="2019-07-02T23:04:52.635" intervalms="12.554" />
  <attribute name="GC Util" value="232" />
  <attribute name="CPU Util" value="12969803467315" />
  <attribute name="Time Running"value="3260"/>
  <attribute name="Number of cores"value="4"/>
<gc-start id="2160" type="global" contextid="2159" timestamp="2019-07-02T23:04:52.635">
  <mem-info id="2161" free="0" total="15925248" percent="0">
    <mem type="tenure" free="0" total="15925248" percent="0">
      <mem type="soa" free="0" total="15766528" percent="0" />
      <mem type="loa" free="0" total="158720" percent="0" />
    </mem>
  </mem-info>
</gc-start>
<allocation-stats totalBytes="9951184" >
  <allocated-bytes non-tlh="0" tlh="9951184" />
  <largest-consumer threadName="Thread-7" threadId="0000000001134900" bytes="3625864" />
</allocation-stats>
<gc-op id="2162" type="mark" timems="2.446" contextid="2159" timestamp="2019-07-02T23:04:52.638">
  <trace-info objectcount="69485" scancount="61922" scanbytes="2359180" />
  <finalization candidates="124" enqueued="0" />
  <ownableSynchronizers candidates="3" cleared="0" />
  <references type="soft" candidates="84" cleared="0" enqueued="0" dynamicThreshold="20" maxThreshold="32" />
  <references type="weak" candidates="774" cleared="0" enqueued="0" />
  <references type="phantom" candidates="63" cleared="0" enqueued="0" />
  <stringconstants candidates="4574" cleared="0"  />
</gc-op>
<gc-op id="2163" type="sweep" timems="0.776" contextid="2159" timestamp="2019-07-02T23:04:52.639" />
<heap-resize id="2164" type="contract" space="tenure" amount="65536" count="1" timems="0.051" reason="excess free space following gc" timestamp="2019-07-02T23:04:52.639" />
<gc-end id="2165" type="global" contextid="2159" durationms="3.681" usertimems="0.000" systemtimems="8.000" timestamp="2019-07-02T23:04:52.639" activeThreads="4">
  <mem-info id="2166" free="9852192" total="15859712" percent="62">
    <mem type="tenure" free="9852192" total="15859712" percent="62" micro-fragmented="10528" macro-fragmented="0">
      <mem type="soa" free="9852192" total="15702016" percent="62" />
      <mem type="loa" free="0" total="157696" percent="0" />
    </mem>
  </mem-info>
</gc-end>
<cycle-end id="2167" type="global" contextid="2159" timestamp="2019-07-02T23:04:52.639">
  <attribute name="GC Util" value="242" />
  <attribute name="CPU Util" value="7341593170130" />
  <attribute name="Time Running"value="3273"/>
  <attribute name="Number of cores"value="4"/>
</cycle-end>
<allocation-satisfied id="2168" threadId="0000000001134900" bytesRequested="40" />
<af-end id="2169" timestamp="2019-07-02T23:04:52.639" threadId="0000000001135288" success="true" />
<exclusive-end id="2170" timestamp="2019-07-02T23:04:52.639" durationms="4.388" />

<exclusive-start id="2171" timestamp="2019-07-02T23:04:52.649" intervalms="14.165">
  <response-info timems="0.036" idlems="0.036" threads="1" lastid="0000000001129500" lastname="Thread-10" />
</exclusive-start>
<af-start id="2172" threadId="0000000001131688" totalBytesRequested="40" timestamp="2019-07-02T23:04:52.649" intervalms="14.131" />
<cycle-start id="2173" type="global" contextid="0" timestamp="2019-07-02T23:04:52.649" intervalms="14.170" />
  <attribute name="GC Util" value="242" />
  <attribute name="CPU Util" value="7341593170130" />
  <attribute name="Time Running"value="3273"/>
  <attribute name="Number of cores"value="4"/>
<gc-start id="2174" type="global" contextid="2173" timestamp="2019-07-02T23:04:52.649">
  <mem-info id="2175" free="0" total="15859712" percent="0">
    <mem type="tenure" free="0" total="15859712" percent="0">
      <mem type="soa" free="0" total="15702016" percent="0" />
      <mem type="loa" free="0" total="157696" percent="0" />
    </mem>
  </mem-info>
</gc-start>
<allocation-stats totalBytes="9837640" >
  <allocated-bytes non-tlh="19056" tlh="9818584" />
  <largest-consumer threadName="Thread-7" threadId="0000000001134900" bytes="3514592" />
</allocation-stats>
<gc-op id="2176" type="mark" timems="2.288" contextid="2173" timestamp="2019-07-02T23:04:52.652">
  <trace-info objectcount="65233" scancount="57662" scanbytes="2257100" />
  <finalization candidates="124" enqueued="0" />
  <ownableSynchronizers candidates="3" cleared="0" />
  <references type="soft" candidates="84" cleared="0" enqueued="0" dynamicThreshold="19" maxThreshold="32" />
  <references type="weak" candidates="774" cleared="0" enqueued="0" />
  <references type="phantom" candidates="63" cleared="0" enqueued="0" />
  <stringconstants candidates="4574" cleared="0"  />
</gc-op>
<gc-op id="2177" type="sweep" timems="0.819" contextid="2173" timestamp="2019-07-02T23:04:52.653" />
<heap-resize id="2178" type="contract" space="tenure" amount="65536" count="1" timems="0.085" reason="excess free space following gc" timestamp="2019-07-02T23:04:52.653" />
<gc-end id="2179" type="global" contextid="2173" durationms="3.699" usertimems="8.000" systemtimems="0.000" timestamp="2019-07-02T23:04:52.653" activeThreads="4">
  <mem-info id="2180" free="9768280" total="15794176" percent="61">
    <mem type="tenure" free="9768280" total="15794176" percent="61" micro-fragmented="124620" macro-fragmented="0">
      <mem type="soa" free="9768280" total="15636480" percent="62" />
      <mem type="loa" free="0" total="157696" percent="0" />
    </mem>
  </mem-info>
</gc-end>
<cycle-end id="2181" type="global" contextid="2173" timestamp="2019-07-02T23:04:52.653">
  <attribute name="GC Util" value="218" />
  <attribute name="CPU Util" value="7762536374973" />
  <attribute name="Time Running"value="3287"/>
  <attribute name="Number of cores"value="4"/>
</cycle-end>
<allocation-satisfied id="2182" threadId="0000000001130D00" bytesRequested="40" />
<af-end id="2183" timestamp="2019-07-02T23:04:52.653" threadId="0000000001131688" success="true" />
<exclusive-end id="2184" timestamp="2019-07-02T23:04:52.653" durationms="4.324" />

<exclusive-start id="2185" timestamp="2019-07-02T23:04:52.663" intervalms="14.034">
  <response-info timems="0.027" idlems="0.027" threads="1" lastid="0000000001130D00" lastname="Thread-9" />
</exclusive-start>
<af-start id="2186" threadId="0000000001135288" totalBytesRequested="40" timestamp="2019-07-02T23:04:52.663" intervalms="14.072" />
<cycle-start id="2187" type="global" contextid="0" timestamp="2019-07-02T23:04:52.663" intervalms="14.068" />
  <attribute name="GC Util" value="218" />
  <attribute name="CPU Util" value="7762536374973" />
  <attribute name="Time Running"value="3287"/>
  <attribute name="Number of cores"value="4"/>
<gc-start id="2188" type="global" contextid="2187" timestamp="2019-07-02T23:04:52.663">
  <mem-info id="2189" free="0" total="15794176" percent="0">
    <mem type="tenure" free="0" total="15794176" percent="0">
      <mem type="soa" free="0" total="15636480" percent="0" />
      <mem type="loa" free="0" total="157696" percent="0" />
    </mem>
  </mem-info>
</gc-start>
<allocation-stats totalBytes="9764112" >
  <allocated-bytes non-tlh="0" tlh="9764112" />
  <largest-consumer threadName="Thread-7" threadId="0000000001134900" bytes="3372624" />
</allocation-stats>
<gc-op id="2190" type="mark" timems="2.418" contextid="2187" timestamp="2019-07-02T23:04:52.666">
  <trace-info objectcount="65673" scancount="58093" scanbytes="2267260" />
  <finalization candidates="124" enqueued="0" />
  <ownableSynchronizers candidates="3" cleared="0" />
  <references type="soft" candidates="84" cleared="0" enqueued="0" dynamicThreshold="19" maxThreshold="32" />
  <references type="weak" candidates="774" cleared="0" enqueued="0" />
  <references type="phantom" candidates="63" cleared="0" enqueued="0" />
  <stringconstants candidates="4574" cleared="0"  />
</gc-op>
<gc-op id="2191" type="sweep" timems="0.796" contextid="2187" timestamp="2019-07-02T23:04:52.667" />
<mem-info id="2192" free="9735624" total="15794176" percent="61">
  <mem type="tenure" free="9735624" total="15794176" percent="61" micro-fragmented="128422" macro-fragmented="0">
    <mem type="soa" free="9735624" total="15636480" percent="62" />
    <mem type="loa" free="0" total="157696" percent="0" />
  </mem>
</mem-info>
<gc-op id="2193" type="compact" timems="5.610" contextid="2187" timestamp="2019-07-02T23:04:52.673">
  <compact-info movecount="25933" movebytes="1172936" reason="compact to aid heap contraction" />
</gc-op>
<heap-resize id="2194" type="contract" space="tenure" amount="131072" count="1" timems="0.038" reason="excess free space following gc" timestamp="2019-07-02T23:04:52.673" />
<gc-end id="2195" type="global" contextid="2187" durationms="9.537" usertimems="16.000" systemtimems="8.000" timestamp="2019-07-02T23:04:52.673" activeThreads="4">
  <mem-info id="2196" free="9834312" total="15663104" percent="62">
    <mem type="tenure" free="9834312" total="15663104" percent="62">
      <mem type="soa" free="9705288" total="15507456" percent="62" />
      <mem type="loa" free="129024" total="155648" percent="82" />
    </mem>
  </mem-info>
</gc-end>
<cycle-end id="2197" type="global" contextid="2187" timestamp="2019-07-02T23:04:52.673">
  <attribute name="GC Util" value="148" />
  <attribute name="CPU Util" value="18735400264201" />
  <attribute name="Time Running"value="3302"/>
  <attribute name="Number of cores"value="4"/>
</cycle-end>
<allocation-satisfied id="2198" threadId="0000000001134900" bytesRequested="40" />
<af-end id="2199" timestamp="2019-07-02T23:04:52.673" threadId="0000000001135288" success="true" />
<exclusive-end id="2200" timestamp="2019-07-02T23:04:52.673" durationms="10.220" />

<exclusive-start id="2201" timestamp="2019-07-02T23:04:52.683" intervalms="19.946">
  <response-info timems="0.028" idlems="0.028" threads="0" lastid="0000000001134900" lastname="Thread-7" />
</exclusive-start>
<af-start id="2202" threadId="0000000001135288" totalBytesRequested="40" timestamp="2019-07-02T23:04:52.683" intervalms="19.896" />
<cycle-start id="2203" type="global" contextid="0" timestamp="2019-07-02T23:04:52.683" intervalms="19.898" />
  <attribute name="GC Util" value="148" />
  <attribute name="CPU Util" value="18735400264201" />
  <attribute name="Time Running"value="3302"/>
  <attribute name="Number of cores"value="4"/>
<gc-start id="2204" type="global" contextid="2203" timestamp="2019-07-02T23:04:52.683">
  <mem-info id="2205" free="129024" total="15663104" percent="0">
    <mem type="tenure" free="129024" total="15663104" percent="0">
      <mem type="soa" free="0" total="15507456" percent="0" />
      <mem type="loa" free="129024" total="155648" percent="82" />
    </mem>
  </mem-info>
</gc-start>
<allocation-stats totalBytes="9769544" >
  <allocated-bytes non-tlh="0" tlh="9769544" />
  <largest-consumer threadName="Thread-9" threadId="0000000001130D00" bytes="3505776" />
</allocation-stats>
<gc-op id="2206" type="mark" timems="1.956" contextid="2203" timestamp="2019-07-02T23:04:52.686">
  <trace-info objectcount="66192" scancount="58610" scanbytes="2279908" />
  <finalization candidates="124" enqueued="0" />
  <ownableSynchronizers candidates="3" cleared="0" />
  <references type="soft" candidates="84" cleared="0" enqueued="0" dynamicThreshold="20" maxThreshold="32" />
  <references type="weak" candidates="774" cleared="0" enqueued="0" />
  <references type="phantom" candidates="63" cleared="0" enqueued="0" />
  <stringconstants candidates="4574" cleared="0"  />
</gc-op>
<gc-op id="2207" type="sweep" timems="0.554" contextid="2203" timestamp="2019-07-02T23:04:52.686" />
<heap-resize id="2208" type="contract" space="tenure" amount="131072" count="1" timems="0.046" reason="excess free space following gc" timestamp="2019-07-02T23:04:52.686" />
<gc-end id="2209" type="global" contextid="2203" durationms="3.028" usertimems="0.000" systemtimems="8.000" timestamp="2019-07-02T23:04:52.686" activeThreads="4">
  <mem-info id="2210" free="9625152" total="15532032" percent="61">
    <mem type="tenure" free="9625152" total="15532032" percent="61" micro-fragmented="11561" macro-fragmented="0">
      <mem type="soa" free="9625152" total="15377408" percent="62" />
      <mem type="loa" free="0" total="154624" percent="0" />
    </mem>
  </mem-info>
</gc-end>
<cycle-end id="2211" type="global" contextid="2203" timestamp="2019-07-02T23:04:52.686">
  <attribute name="GC Util" value="254" />
  <attribute name="CPU Util" value="9019477663865" />
  <attribute name="Time Running"value="3321"/>
  <attribute name="Number of cores"value="4"/>
</cycle-end>
<allocation-satisfied id="2212" threadId="0000000001134900" bytesRequested="40" />
<af-end id="2213" timestamp="2019-07-02T23:04:52.687" threadId="0000000001135288" success="true" />
<exclusive-end id="2214" timestamp="2019-07-02T23:04:52.687" durationms="3.533" />

<exclusive-start id="2215" timestamp="2019-07-02T23:04:52.696" intervalms="12.462">
  <response-info timems="0.027" idlems="0.027" threads="0" lastid="0000000001134900" lastname="Thread-7" />
</exclusive-start>
<af-start id="2216" threadId="0000000001135288" totalBytesRequested="40" timestamp="2019-07-02T23:04:52.696" intervalms="12.470" />
<cycle-start id="2217" type="global" contextid="0" timestamp="2019-07-02T23:04:52.696" intervalms="12.469" />
  <attribute name="GC Util" value="254" />
  <attribute name="CPU Util" value="9019477663865" />
  <attribute name="Time Running"value="3321"/>
  <attribute name="Number of cores"value="4"/>
<gc-start id="2218" type="global" contextid="2217" timestamp="2019-07-02T23:04:52.696">
  <mem-info id="2219" free="0" total="15532032" percent="0">
    <mem type="tenure" free="0" total="15532032" percent="0">
      <mem type="soa" free="0" total="15377408" percent="0" />
      <mem type="loa" free="0" total="154624" percent="0" />
    </mem>
  </mem-info>
</gc-start>
<allocation-stats totalBytes="9621016" >
  <allocated-bytes non-tlh="0" tlh="9621016" />
  <largest-consumer threadName="Thread-9" threadId="0000000001130D00" bytes="3267488" />
</allocation-stats>
<gc-op id="2220" type="mark" timems="2.173" contextid="2217" timestamp="2019-07-02T23:04:52.698">
  <trace-info objectcount="66963" scancount="59411" scanbytes="2298652" />
  <finalization candidates="124" enqueued="0" />
  <ownableSynchronizers candidates="3" cleared="0" />
  <references type="soft" candidates="84" cleared="0" enqueued="0" dynamicThreshold="19" maxThreshold="32" />
  <references type="weak" candidates="774" cleared="0" enqueued="0" />
  <references type="phantom" candidates="63" cleared="0" enqueued="0" />
  <stringconstants candidates="4574" cleared="0"  />
</gc-op>
<gc-op id="2221" type="sweep" timems="0.444" contextid="2217" timestamp="2019-07-02T23:04:52.699" />
<mem-info id="2222" free="9652232" total="15532032" percent="62">
  <mem type="tenure" free="9652232" total="15532032" percent="62" micro-fragmented="11522" macro-fragmented="0">
    <mem type="soa" free="9576712" total="15377408" percent="62" />
    <mem type="loa" free="75520" total="154624" percent="48" />
  </mem>
</mem-info>
<gc-op id="2223" type="compact" timems="4.461" contextid="2217" timestamp="2019-07-02T23:04:52.703">
  <compact-info movecount="8121" movebytes="333752" reason="compact to aid heap contraction" />
</gc-op>
<heap-resize id="2224" type="contract" space="tenure" amount="131072" count="1" timems="0.080" reason="excess free space following gc" timestamp="2019-07-02T23:04:52.704" />
<gc-end id="2225" type="global" contextid="2217" durationms="7.940" usertimems="16.000" systemtimems="0.000" timestamp="2019-07-02T23:04:52.704" activeThreads="4">
  <mem-info id="2226" free="9543848" total="15400960" percent="61">
    <mem type="tenure" free="9543848" total="15400960" percent="61">
      <mem type="soa" free="9413800" total="15247360" percent="61" />
      <mem type="loa" free="130048" total="153600" percent="84" />
    </mem>
  </mem-info>
</gc-end>
<cycle-end id="2227" type="global" contextid="2217" timestamp="2019-07-02T23:04:52.704">
  <attribute name="GC Util" value="88" />
  <attribute name="CPU Util" value="29759148641456" />
  <attribute name="Time Running"value="3334"/>
  <attribute name="Number of cores"value="4"/>
</cycle-end>
<allocation-satisfied id="2228" threadId="0000000001134900" bytesRequested="40" />
<af-end id="2229" timestamp="2019-07-02T23:04:52.704" threadId="0000000001135288" success="true" />
<exclusive-end id="2230" timestamp="2019-07-02T23:04:52.704" durationms="8.750" />

<exclusive-start id="2231" timestamp="2019-07-02T23:04:52.715" intervalms="19.774">
  <response-info timems="0.044" idlems="0.044" threads="0" lastid="0000000001134900" lastname="Thread-7" />
</exclusive-start>
<af-start id="2232" threadId="0000000001135288" totalBytesRequested="40" timestamp="2019-07-02T23:04:52.716" intervalms="19.896" />
<cycle-start id="2233" type="global" contextid="0" timestamp="2019-07-02T23:04:52.716" intervalms="19.937" />
  <attribute name="GC Util" value="88" />
  <attribute name="CPU Util" value="29759148641456" />
  <attribute name="Time Running"value="3334"/>
  <attribute name="Number of cores"value="4"/>
<gc-start id="2234" type="global" contextid="2233" timestamp="2019-07-02T23:04:52.716">
  <mem-info id="2235" free="130048" total="15400960" percent="0">
    <mem type="tenure" free="130048" total="15400960" percent="0">
      <mem type="soa" free="0" total="15247360" percent="0" />
      <mem type="loa" free="130048" total="153600" percent="84" />
    </mem>
  </mem-info>
</gc-start>
<allocation-stats totalBytes="9477912" >
  <allocated-bytes non-tlh="0" tlh="9477912" />
  <largest-consumer threadName="Thread-7" threadId="0000000001134900" bytes="2850376" />
</allocation-stats>
<gc-op id="2236" type="mark" timems="2.280" contextid="2233" timestamp="2019-07-02T23:04:52.718">
  <trace-info objectcount="67632" scancount="60063" scanbytes="2314580" />
  <finalization candidates="124" enqueued="0" />
  <ownableSynchronizers candidates="3" cleared="0" />
  <references type="soft" candidates="84" cleared="0" enqueued="0" dynamicThreshold="19" maxThreshold="32" />
  <references type="weak" candidates="774" cleared="0" enqueued="0" />
  <references type="phantom" candidates="63" cleared="0" enqueued="0" />
  <stringconstants candidates="4574" cleared="0"  />
</gc-op>
<gc-op id="2237" type="sweep" timems="0.766" contextid="2233" timestamp="2019-07-02T23:04:52.719" />
<heap-resize id="2238" type="contract" space="tenure" amount="131072" count="1" timems="0.076" reason="excess free space following gc" timestamp="2019-07-02T23:04:52.719" />
<gc-end id="2239" type="global" contextid="2233" durationms="3.698" usertimems="8.000" systemtimems="0.000" timestamp="2019-07-02T23:04:52.720" activeThreads="4">
  <mem-info id="2240" free="9321448" total="15269888" percent="61">
    <mem type="tenure" free="9321448" total="15269888" percent="61" micro-fragmented="4372" macro-fragmented="0">
      <mem type="soa" free="9321448" total="15117312" percent="61" />
      <mem type="loa" free="0" total="152576" percent="0" />
    </mem>
  </mem-info>
</gc-end>
<cycle-end id="2241" type="global" contextid="2233" timestamp="2019-07-02T23:04:52.720">
  <attribute name="GC Util" value="251" />
  <attribute name="CPU Util" value="7802425459819" />
  <attribute name="Time Running"value="3354"/>
  <attribute name="Number of cores"value="4"/>
</cycle-end>
<allocation-satisfied id="2242" threadId="0000000001134900" bytesRequested="40" />
<af-end id="2243" timestamp="2019-07-02T23:04:52.720" threadId="0000000001135288" success="true" />
<exclusive-end id="2244" timestamp="2019-07-02T23:04:52.720" durationms="4.667" />

<exclusive-start id="2245" timestamp="2019-07-02T23:04:52.728" intervalms="12.355">
  <response-info timems="0.104" idlems="0.104" threads="0" lastid="0000000001130D00" lastname="Thread-9" />
</exclusive-start>
<af-start id="2246" threadId="0000000001131688" totalBytesRequested="24" timestamp="2019-07-02T23:04:52.728" intervalms="12.364" />
<cycle-start id="2247" type="global" contextid="0" timestamp="2019-07-02T23:04:52.728" intervalms="12.369" />
  <attribute name="GC Util" value="251" />
  <attribute name="CPU Util" value="7802425459819" />
  <attribute name="Time Running"value="3354"/>
  <attribute name="Number of cores"value="4"/>
<gc-start id="2248" type="global" contextid="2247" timestamp="2019-07-02T23:04:52.728">
  <mem-info id="2249" free="0" total="15269888" percent="0">
    <mem type="tenure" free="0" total="15269888" percent="0">
      <mem type="soa" free="0" total="15117312" percent="0" />
      <mem type="loa" free="0" total="152576" percent="0" />
    </mem>
  </mem-info>
</gc-start>
<allocation-stats totalBytes="9316896" >
  <allocated-bytes non-tlh="0" tlh="9316896" />
  <largest-consumer threadName="Thread-9" threadId="0000000001130D00" bytes="3214024" />
</allocation-stats>
<gc-op id="2250" type="mark" timems="2.522" contextid="2247" timestamp="2019-07-02T23:04:52.731">
  <trace-info objectcount="68378" scancount="60815" scanbytes="2332580" />
  <finalization candidates="124" enqueued="0" />
  <ownableSynchronizers candidates="3" cleared="0" />
  <references type="soft" candidates="84" cleared="0" enqueued="0" dynamicThreshold="19" maxThreshold="32" />
  <references type="weak" candidates="774" cleared="0" enqueued="0" />
  <references type="phantom" candidates="63" cleared="0" enqueued="0" />
  <stringconstants candidates="4574" cleared="0"  />
</gc-op>
<gc-op id="2251" type="sweep" timems="0.791" contextid="2247" timestamp="2019-07-02T23:04:52.732" />
<gc-end id="2252" type="global" contextid="2247" durationms="3.787" usertimems="8.000" systemtimems="0.000" timestamp="2019-07-02T23:04:52.732" activeThreads="4">
  <mem-info id="2253" free="9346096" total="15269888" percent="61">
    <mem type="tenure" free="9346096" total="15269888" percent="61" micro-fragmented="15139" macro-fragmented="0">
      <mem type="soa" free="9278880" total="15117312" percent="61" />
      <mem type="loa" free="67216" total="152576" percent="44" />
    </mem>
  </mem-info>
</gc-end>
<cycle-end id="2254" type="global" contextid="2247" timestamp="2019-07-02T23:04:52.732">
  <attribute name="GC Util" value="256" />
  <attribute name="CPU Util" value="7050208619372" />
  <attribute name="Time Running"value="3366"/>
  <attribute name="Number of cores"value="4"/>
</cycle-end>
<allocation-satisfied id="2255" threadId="0000000001130D00" bytesRequested="24" />
<af-end id="2256" timestamp="2019-07-02T23:04:52.732" threadId="0000000001131688" success="true" />
<exclusive-end id="2257" timestamp="2019-07-02T23:04:52.732" durationms="4.804" />

<exclusive-start id="2258" timestamp="2019-07-02T23:04:52.741" intervalms="13.380">
  <response-info timems="0.825" idlems="0.420" threads="1" lastid="000000000112D100" lastname="Thread-8" />
</exclusive-start>
<af-start id="2259" threadId="0000000001131688" totalBytesRequested="40" timestamp="2019-07-02T23:04:52.741" intervalms="13.352" />
<cycle-start id="2260" type="global" contextid="0" timestamp="2019-07-02T23:04:52.741" intervalms="13.378" />
  <attribute name="GC Util" value="256" />
  <attribute name="CPU Util" value="7050208619372" />
  <attribute name="Time Running"value="3366"/>
  <attribute name="Number of cores"value="4"/>
<gc-start id="2261" type="global" contextid="2260" timestamp="2019-07-02T23:04:52.742">
  <mem-info id="2262" free="67216" total="15269888" percent="0">
    <mem type="tenure" free="67216" total="15269888" percent="0">
      <mem type="soa" free="0" total="15117312" percent="0" />
      <mem type="loa" free="67216" total="152576" percent="44" />
    </mem>
  </mem-info>
</gc-start>
<allocation-stats totalBytes="9268352" >
  <allocated-bytes non-tlh="0" tlh="9268352" />
  <largest-consumer threadName="Thread-9" threadId="0000000001130D00" bytes="3334256" />
</allocation-stats>
<gc-op id="2263" type="mark" timems="2.521" contextid="2260" timestamp="2019-07-02T23:04:52.744">
  <trace-info objectcount="69747" scancount="62188" scanbytes="2365564" />
  <finalization candidates="124" enqueued="0" />
  <ownableSynchronizers candidates="3" cleared="0" />
  <references type="soft" candidates="84" cleared="0" enqueued="0" dynamicThreshold="19" maxThreshold="32" />
  <references type="weak" candidates="774" cleared="0" enqueued="0" />
  <references type="phantom" candidates="63" cleared="0" enqueued="0" />
  <stringconstants candidates="4574" cleared="0"  />
</gc-op>
<gc-op id="2264" type="sweep" timems="0.889" contextid="2260" timestamp="2019-07-02T23:04:52.745" />
<gc-end id="2265" type="global" contextid="2260" durationms="3.918" usertimems="4.000" systemtimems="8.000" timestamp="2019-07-02T23:04:52.745" activeThreads="4">
  <mem-info id="2266" free="9275448" total="15269888" percent="60">
    <mem type="tenure" free="9275448" total="15269888" percent="60" micro-fragmented="38004" macro-fragmented="0">
      <mem type="soa" free="9208232" total="15117312" percent="60" />
      <mem type="loa" free="67216" total="152576" percent="44" />
    </mem>
  </mem-info>
</gc-end>
<cycle-end id="2267" type="global" contextid="2260" timestamp="2019-07-02T23:04:52.746">
  <attribute name="GC Util" value="252" />
  <attribute name="CPU Util" value="7048234075901" />
  <attribute name="Time Running"value="3380"/>
  <attribute name="Number of cores"value="4"/>
</cycle-end>
<allocation-satisfied id="2268" threadId="0000000001130D00" bytesRequested="40" />
<af-end id="2269" timestamp="2019-07-02T23:04:52.746" threadId="0000000001131688" success="true" />
<exclusive-end id="2270" timestamp="2019-07-02T23:04:52.746" durationms="4.839" />

<exclusive-start id="2271" timestamp="2019-07-02T23:04:52.754" intervalms="12.562">
  <response-info timems="0.211" idlems="0.211" threads="0" lastid="0000000001129500" lastname="Thread-10" />
</exclusive-start>
<af-start id="2272" threadId="0000000001129E88" totalBytesRequested="40" timestamp="2019-07-02T23:04:52.754" intervalms="12.493" />
<cycle-start id="2273" type="global" contextid="0" timestamp="2019-07-02T23:04:52.754" intervalms="12.414" />
  <attribute name="GC Util" value="252" />
  <attribute name="CPU Util" value="7048234075901" />
  <attribute name="Time Running"value="3380"/>
  <attribute name="Number of cores"value="4"/>
<gc-start id="2274" type="global" contextid="2273" timestamp="2019-07-02T23:04:52.754">
  <mem-info id="2275" free="67216" total="15269888" percent="0">
    <mem type="tenure" free="67216" total="15269888" percent="0">
      <mem type="soa" free="0" total="15117312" percent="0" />
      <mem type="loa" free="67216" total="152576" percent="44" />
    </mem>
  </mem-info>
</gc-start>
<allocation-stats totalBytes="9191640" >
  <allocated-bytes non-tlh="0" tlh="9191640" />
  <largest-consumer threadName="Thread-9" threadId="0000000001130D00" bytes="3822360" />
</allocation-stats>
<gc-op id="2276" type="mark" timems="2.337" contextid="2273" timestamp="2019-07-02T23:04:52.756">
  <trace-info objectcount="70891" scancount="63346" scanbytes="2393020" />
  <finalization candidates="124" enqueued="0" />
  <ownableSynchronizers candidates="3" cleared="0" />
  <references type="soft" candidates="84" cleared="0" enqueued="0" dynamicThreshold="19" maxThreshold="32" />
  <references type="weak" candidates="774" cleared="0" enqueued="0" />
  <references type="phantom" candidates="63" cleared="0" enqueued="0" />
  <stringconstants candidates="4574" cleared="0"  />
</gc-op>
<gc-op id="2277" type="sweep" timems="0.899" contextid="2273" timestamp="2019-07-02T23:04:52.757" />
<gc-end id="2278" type="global" contextid="2273" durationms="3.474" usertimems="4.000" systemtimems="8.000" timestamp="2019-07-02T23:04:52.757" activeThreads="4">
  <mem-info id="2279" free="9194208" total="15269888" percent="60">
    <mem type="tenure" free="9194208" total="15269888" percent="60" micro-fragmented="9984" macro-fragmented="0">
      <mem type="soa" free="9126992" total="15117312" percent="60" />
      <mem type="loa" free="67216" total="152576" percent="44" />
    </mem>
  </mem-info>
</gc-end>
<cycle-end id="2280" type="global" contextid="2273" timestamp="2019-07-02T23:04:52.757">
  <attribute name="GC Util" value="265" />
  <attribute name="CPU Util" value="7756184892201" />
  <attribute name="Time Running"value="3392"/>
  <attribute name="Number of cores"value="4"/>
</cycle-end>
<allocation-satisfied id="2281" threadId="0000000001129500" bytesRequested="40" />
<af-end id="2282" timestamp="2019-07-02T23:04:52.758" threadId="0000000001129E88" success="true" />
<exclusive-end id="2283" timestamp="2019-07-02T23:04:52.758" durationms="3.944" />

<exclusive-start id="2284" timestamp="2019-07-02T23:04:52.765" intervalms="11.152">
  <response-info timems="0.042" idlems="0.039" threads="1" lastid="0000000001129500" lastname="Thread-10" />
</exclusive-start>
<af-start id="2285" threadId="0000000001135288" totalBytesRequested="40" timestamp="2019-07-02T23:04:52.765" intervalms="11.119" />
<cycle-start id="2286" type="global" contextid="0" timestamp="2019-07-02T23:04:52.765" intervalms="11.098" />
  <attribute name="GC Util" value="265" />
  <attribute name="CPU Util" value="7756184892201" />
  <attribute name="Time Running"value="3392"/>
  <attribute name="Number of cores"value="4"/>
<gc-start id="2287" type="global" contextid="2286" timestamp="2019-07-02T23:04:52.765">
  <mem-info id="2288" free="67216" total="15269888" percent="0">
    <mem type="tenure" free="67216" total="15269888" percent="0">
      <mem type="soa" free="0" total="15117312" percent="0" />
      <mem type="loa" free="67216" total="152576" percent="44" />
    </mem>
  </mem-info>
</gc-start>
<allocation-stats totalBytes="9105776" >
  <allocated-bytes non-tlh="0" tlh="9105776" />
  <largest-consumer threadName="Thread-9" threadId="0000000001130D00" bytes="3706944" />
</allocation-stats>
<gc-op id="2289" type="mark" timems="2.406" contextid="2286" timestamp="2019-07-02T23:04:52.768">
  <trace-info objectcount="71828" scancount="64236" scanbytes="2414724" />
  <finalization candidates="124" enqueued="0" />
  <ownableSynchronizers candidates="3" cleared="0" />
  <references type="soft" candidates="84" cleared="0" enqueued="0" dynamicThreshold="19" maxThreshold="32" />
  <references type="weak" candidates="774" cleared="0" enqueued="0" />
  <references type="phantom" candidates="63" cleared="0" enqueued="0" />
  <stringconstants candidates="4574" cleared="0"  />
</gc-op>
<gc-op id="2290" type="sweep" timems="0.871" contextid="2286" timestamp="2019-07-02T23:04:52.768" />
<heap-resize id="2291" type="expand" space="tenure" amount="1048576" count="1" timems="0.054" reason="excessive time being spent in gc" timestamp="2019-07-02T23:04:52.769" />
<gc-end id="2292" type="global" contextid="2286" durationms="3.841" usertimems="12.000" systemtimems="0.000" timestamp="2019-07-02T23:04:52.769" activeThreads="4">
  <mem-info id="2293" free="10151136" total="16318464" percent="62">
    <mem type="tenure" free="10151136" total="16318464" percent="62" micro-fragmented="24364" macro-fragmented="0">
      <mem type="soa" free="9988320" total="16155648" percent="61" />
      <mem type="loa" free="162816" total="162816" percent="100" />
    </mem>
  </mem-info>
</gc-end>
<cycle-end id="2294" type="global" contextid="2286" timestamp="2019-07-02T23:04:52.769">
  <attribute name="GC Util" value="253" />
  <attribute name="CPU Util" value="7386698850299" />
  <attribute name="Time Running"value="3403"/>
  <attribute name="Number of cores"value="4"/>
</cycle-end>
<allocation-satisfied id="2295" threadId="0000000001134900" bytesRequested="40" />
<af-end id="2296" timestamp="2019-07-02T23:04:52.769" threadId="0000000001135288" success="true" />
<exclusive-end id="2297" timestamp="2019-07-02T23:04:52.769" durationms="4.400" />

<exclusive-start id="2298" timestamp="2019-07-02T23:04:52.777" intervalms="12.449">
  <response-info timems="0.034" idlems="0.019" threads="1" lastid="000000000112D100" lastname="Thread-8" />
</exclusive-start>
<af-start id="2299" threadId="0000000001129E88" totalBytesRequested="24" timestamp="2019-07-02T23:04:52.777" intervalms="12.480" />
<cycle-start id="2300" type="global" contextid="0" timestamp="2019-07-02T23:04:52.777" intervalms="12.508" />
  <attribute name="GC Util" value="253" />
  <attribute name="CPU Util" value="7386698850299" />
  <attribute name="Time Running"value="3403"/>
  <attribute name="Number of cores"value="4"/>
<gc-start id="2301" type="global" contextid="2300" timestamp="2019-07-02T23:04:52.778">
  <mem-info id="2302" free="162816" total="16318464" percent="0">
    <mem type="tenure" free="162816" total="16318464" percent="0">
      <mem type="soa" free="0" total="16155648" percent="0" />
      <mem type="loa" free="162816" total="162816" percent="100" />
    </mem>
  </mem-info>
</gc-start>
<allocation-stats totalBytes="9962608" >
  <allocated-bytes non-tlh="0" tlh="9962608" />
  <largest-consumer threadName="Thread-9" threadId="0000000001130D00" bytes="3809600" />
</allocation-stats>
<gc-op id="2303" type="mark" timems="2.211" contextid="2300" timestamp="2019-07-02T23:04:52.780">
  <trace-info objectcount="72940" scancount="65355" scanbytes="2441636" />
  <finalization candidates="124" enqueued="0" />
  <ownableSynchronizers candidates="3" cleared="0" />
  <references type="soft" candidates="84" cleared="0" enqueued="0" dynamicThreshold="19" maxThreshold="32" />
  <references type="weak" candidates="774" cleared="0" enqueued="0" />
  <references type="phantom" candidates="63" cleared="0" enqueued="0" />
  <stringconstants candidates="4574" cleared="0"  />
</gc-op>
<gc-op id="2304" type="sweep" timems="0.959" contextid="2300" timestamp="2019-07-02T23:04:52.781" />
<gc-end id="2305" type="global" contextid="2300" durationms="3.538" usertimems="8.000" systemtimems="0.000" timestamp="2019-07-02T23:04:52.781" activeThreads="4">
  <mem-info id="2306" free="10118832" total="16318464" percent="62">
    <mem type="tenure" free="10118832" total="16318464" percent="62" micro-fragmented="39758" macro-fragmented="0">
      <mem type="soa" free="9956016" total="16155648" percent="61" />
      <mem type="loa" free="162816" total="162816" percent="100" />
    </mem>
  </mem-info>
</gc-end>
<cycle-end id="2307" type="global" contextid="2300" timestamp="2019-07-02T23:04:52.781">
  <attribute name="GC Util" value="244" />
  <attribute name="CPU Util" value="8043625487431" />
  <attribute name="Time Running"value="3415"/>
  <attribute name="Number of cores"value="4"/>
</cycle-end>
<allocation-satisfied id="2308" threadId="0000000001129500" bytesRequested="24" />
<af-end id="2309" timestamp="2019-07-02T23:04:52.781" threadId="0000000001129E88" success="true" />
<exclusive-end id="2310" timestamp="2019-07-02T23:04:52.781" durationms="4.066" />

<exclusive-start id="2311" timestamp="2019-07-02T23:04:52.790" intervalms="12.604">
  <response-info timems="0.037" idlems="0.020" threads="1" lastid="0000000001129500" lastname="Thread-10" />
</exclusive-start>
<af-start id="2312" threadId="000000000112DA88" totalBytesRequested="40" timestamp="2019-07-02T23:04:52.790" intervalms="12.601" />
<cycle-start id="2313" type="global" contextid="0" timestamp="2019-07-02T23:04:52.790" intervalms="12.595" />
  <attribute name="GC Util" value="244" />
  <attribute name="CPU Util" value="8043625487431" />
  <attribute name="Time Running"value="3415"/>
  <attribute name="Number of cores"value="4"/>
<gc-start id="2314" type="global" contextid="2313" timestamp="2019-07-02T23:04:52.790">
  <mem-info id="2315" free="162816" total="16318464" percent="0">
    <mem type="tenure" free="162816" total="16318464" percent="0">
      <mem type="soa" free="0" total="16155648" percent="0" />
      <mem type="loa" free="162816" total="162816" percent="100" />
    </mem>
  </mem-info>
</gc-start>
<allocation-stats totalBytes="9924384" >
  <allocated-bytes non-tlh="23160" tlh="9901224" />
  <largest-consumer threadName="Thread-9" threadId="0000000001130D00" bytes="3667264" />
</allocation-stats>
<gc-op id="2316" type="mark" timems="2.438" contextid="2313" timestamp="2019-07-02T23:04:52.793">
  <trace-info objectcount="68826" scancount="61240" scanbytes="2343124" />
  <finalization candidates="124" enqueued="0" />
  <ownableSynchronizers candidates="3" cleared="0" />
  <references type="soft" candidates="84" cleared="0" enqueued="0" dynamicThreshold="19" maxThreshold="32" />
  <references type="weak" candidates="774" cleared="0" enqueued="0" />
  <references type="phantom" candidates="63" cleared="0" enqueued="0" />
  <stringconstants candidates="4574" cleared="0"  />
</gc-op>
<gc-op id="2317" type="sweep" timems="0.911" contextid="2313" timestamp="2019-07-02T23:04:52.794" />
<gc-end id="2318" type="global" contextid="2313" durationms="3.715" usertimems="12.000" systemtimems="0.000" timestamp="2019-07-02T23:04:52.794" activeThreads="4">
  <mem-info id="2319" free="10135520" total="16318464" percent="62">
    <mem type="tenure" free="10135520" total="16318464" percent="62" micro-fragmented="129422" macro-fragmented="0">
      <mem type="soa" free="9972704" total="16155648" percent="61" />
      <mem type="loa" free="162816" total="162816" percent="100" />
    </mem>
  </mem-info>
</gc-end>
<cycle-end id="2320" type="global" contextid="2313" timestamp="2019-07-02T23:04:52.794">
  <attribute name="GC Util" value="251" />
  <attribute name="CPU Util" value="7297875070611" />
  <attribute name="Time Running"value="3428"/>
  <attribute name="Number of cores"value="4"/>
</cycle-end>
<allocation-satisfied id="2321" threadId="000000000112D100" bytesRequested="40" />
<af-end id="2322" timestamp="2019-07-02T23:04:52.794" threadId="000000000112DA88" success="true" />
<exclusive-end id="2323" timestamp="2019-07-02T23:04:52.794" durationms="4.318" />

<exclusive-start id="2324" timestamp="2019-07-02T23:04:52.803" intervalms="13.402">
  <response-info timems="0.030" idlems="0.030" threads="0" lastid="0000000001134900" lastname="Thread-7" />
</exclusive-start>
<af-start id="2325" threadId="0000000001135288" totalBytesRequested="40" timestamp="2019-07-02T23:04:52.803" intervalms="13.428" />
<cycle-start id="2326" type="global" contextid="0" timestamp="2019-07-02T23:04:52.803" intervalms="13.438" />
  <attribute name="GC Util" value="251" />
  <attribute name="CPU Util" value="7297875070611" />
  <attribute name="Time Running"value="3428"/>
  <attribute name="Number of cores"value="4"/>
<gc-start id="2327" type="global" contextid="2326" timestamp="2019-07-02T23:04:52.804">
  <mem-info id="2328" free="162816" total="16318464" percent="0">
    <mem type="tenure" free="162816" total="16318464" percent="0">
      <mem type="soa" free="0" total="16155648" percent="0" />
      <mem type="loa" free="162816" total="162816" percent="100" />
    </mem>
  </mem-info>
</gc-start>
<allocation-stats totalBytes="9943784" >
  <allocated-bytes non-tlh="0" tlh="9943784" />
  <largest-consumer threadName="Thread-9" threadId="0000000001130D00" bytes="3744768" />
</allocation-stats>
<gc-op id="2329" type="mark" timems="2.303" contextid="2326" timestamp="2019-07-02T23:04:52.806">
  <trace-info objectcount="69496" scancount="61909" scanbytes="2359396" />
  <finalization candidates="124" enqueued="0" />
  <ownableSynchronizers candidates="3" cleared="0" />
  <references type="soft" candidates="84" cleared="0" enqueued="0" dynamicThreshold="19" maxThreshold="32" />
  <references type="weak" candidates="774" cleared="0" enqueued="0" />
  <references type="phantom" candidates="63" cleared="0" enqueued="0" />
  <stringconstants candidates="4574" cleared="0"  />
</gc-op>
<gc-op id="2330" type="sweep" timems="0.917" contextid="2326" timestamp="2019-07-02T23:04:52.807" />
<heap-resize id="2331" type="contract" space="tenure" amount="131072" count="1" timems="0.061" reason="excess free space following gc" timestamp="2019-07-02T23:04:52.807" />
<gc-end id="2332" type="global" contextid="2326" durationms="3.661" usertimems="8.000" systemtimems="4.000" timestamp="2019-07-02T23:04:52.807" activeThreads="4">
  <mem-info id="2333" free="9823192" total="16187392" percent="60">
    <mem type="tenure" free="9823192" total="16187392" percent="60" micro-fragmented="95553" macro-fragmented="0">
      <mem type="soa" free="9751592" total="16025600" percent="60" />
      <mem type="loa" free="71600" total="161792" percent="44" />
    </mem>
  </mem-info>
</gc-end>
<cycle-end id="2334" type="global" contextid="2326" timestamp="2019-07-02T23:04:52.807">
  <attribute name="GC Util" value="257" />
  <attribute name="CPU Util" value="7812186427763" />
  <attribute name="Time Running"value="3441"/>
  <attribute name="Number of cores"value="4"/>
</cycle-end>
<allocation-satisfied id="2335" threadId="0000000001134900" bytesRequested="40" />
<af-end id="2336" timestamp="2019-07-02T23:04:52.808" threadId="0000000001135288" success="true" />
<exclusive-end id="2337" timestamp="2019-07-02T23:04:52.808" durationms="4.371" />

<exclusive-start id="2338" timestamp="2019-07-02T23:04:52.818" intervalms="14.579">
  <response-info timems="0.160" idlems="0.117" threads="2" lastid="0000000001134900" lastname="Thread-7" />
</exclusive-start>
<af-start id="2339" threadId="000000000112DA88" totalBytesRequested="40" timestamp="2019-07-02T23:04:52.818" intervalms="14.510" />
<cycle-start id="2340" type="global" contextid="0" timestamp="2019-07-02T23:04:52.818" intervalms="14.506" />
  <attribute name="GC Util" value="257" />
  <attribute name="CPU Util" value="7812186427763" />
  <attribute name="Time Running"value="3441"/>
  <attribute name="Number of cores"value="4"/>
<gc-start id="2341" type="global" contextid="2340" timestamp="2019-07-02T23:04:52.818">
  <mem-info id="2342" free="71600" total="16187392" percent="0">
    <mem type="tenure" free="71600" total="16187392" percent="0">
      <mem type="soa" free="0" total="16025600" percent="0" />
      <mem type="loa" free="71600" total="161792" percent="44" />
    </mem>
  </mem-info>
</gc-start>
<allocation-stats totalBytes="9718824" >
  <allocated-bytes non-tlh="0" tlh="9718824" />
  <largest-consumer threadName="Thread-9" threadId="0000000001130D00" bytes="3966576" />
</allocation-stats>
<gc-op id="2343" type="mark" timems="1.925" contextid="2340" timestamp="2019-07-02T23:04:52.820">
  <trace-info objectcount="70099" scancount="62517" scanbytes="2373620" />
  <finalization candidates="124" enqueued="0" />
  <ownableSynchronizers candidates="3" cleared="0" />
  <references type="soft" candidates="84" cleared="0" enqueued="0" dynamicThreshold="19" maxThreshold="32" />
  <references type="weak" candidates="774" cleared="0" enqueued="0" />
  <references type="phantom" candidates="63" cleared="0" enqueued="0" />
  <stringconstants candidates="4574" cleared="0"  />
</gc-op>
<gc-op id="2344" type="sweep" timems="0.483" contextid="2340" timestamp="2019-07-02T23:04:52.821" />
<gc-end id="2345" type="global" contextid="2340" durationms="2.772" usertimems="8.000" systemtimems="0.000" timestamp="2019-07-02T23:04:52.821" activeThreads="4">
  <mem-info id="2346" free="9745720" total="16187392" percent="60">
    <mem type="tenure" free="9745720" total="16187392" percent="60" micro-fragmented="109824" macro-fragmented="0">
      <mem type="soa" free="9646464" total="16025600" percent="60" />
      <mem type="loa" free="99256" total="161792" percent="61" />
    </mem>
  </mem-info>
</gc-end>
<cycle-end id="2347" type="global" contextid="2340" timestamp="2019-07-02T23:04:52.821">
  <attribute name="GC Util" value="249" />
  <attribute name="CPU Util" value="9186415023381" />
  <attribute name="Time Running"value="3455"/>
  <attribute name="Number of cores"value="4"/>
</cycle-end>
<allocation-satisfied id="2348" threadId="000000000112D100" bytesRequested="40" />
<af-end id="2349" timestamp="2019-07-02T23:04:52.821" threadId="000000000112DA88" success="true" />
<exclusive-end id="2350" timestamp="2019-07-02T23:04:52.821" durationms="3.345" />

<exclusive-start id="2351" timestamp="2019-07-02T23:04:52.832" intervalms="14.133">
  <response-info timems="0.036" idlems="0.020" threads="1" lastid="0000000001129500" lastname="Thread-10" />
</exclusive-start>
<af-start id="2352" threadId="000000000112DA88" totalBytesRequested="40" timestamp="2019-07-02T23:04:52.832" intervalms="14.189" />
<cycle-start id="2353" type="global" contextid="0" timestamp="2019-07-02T23:04:52.832" intervalms="14.188" />
  <attribute name="GC Util" value="249" />
  <attribute name="CPU Util" value="9186415023381" />
  <attribute name="Time Running"value="3455"/>
  <attribute name="Number of cores"value="4"/>
<gc-start id="2354" type="global" contextid="2353" timestamp="2019-07-02T23:04:52.832">
  <mem-info id="2355" free="99256" total="16187392" percent="0">
    <mem type="tenure" free="99256" total="16187392" percent="0">
      <mem type="soa" free="0" total="16025600" percent="0" />
      <mem type="loa" free="99256" total="161792" percent="61" />
    </mem>
  </mem-info>
</gc-start>
<allocation-stats totalBytes="9609336" >
  <allocated-bytes non-tlh="0" tlh="9609336" />
  <largest-consumer threadName="Thread-9" threadId="0000000001130D00" bytes="4149400" />
</allocation-stats>
<gc-op id="2356" type="mark" timems="2.367" contextid="2353" timestamp="2019-07-02T23:04:52.835">
  <trace-info objectcount="70728" scancount="63153" scanbytes="2389252" />
  <finalization candidates="124" enqueued="0" />
  <ownableSynchronizers candidates="3" cleared="0" />
  <references type="soft" candidates="84" cleared="0" enqueued="0" dynamicThreshold="19" maxThreshold="32" />
  <references type="weak" candidates="774" cleared="0" enqueued="0" />
  <references type="phantom" candidates="63" cleared="0" enqueued="0" />
  <stringconstants candidates="4574" cleared="0"  />
</gc-op>
<gc-op id="2357" type="sweep" timems="0.935" contextid="2353" timestamp="2019-07-02T23:04:52.836" />
<heap-resize id="2358" type="expand" space="tenure" amount="1048576" count="1" timems="0.074" reason="excessive time being spent in gc" timestamp="2019-07-02T23:04:52.836" />
<gc-end id="2359" type="global" contextid="2353" durationms="3.801" usertimems="8.000" systemtimems="0.000" timestamp="2019-07-02T23:04:52.836" activeThreads="4">
  <mem-info id="2360" free="10685776" total="17235968" percent="61">
    <mem type="tenure" free="10685776" total="17235968" percent="61" micro-fragmented="170553" macro-fragmented="0">
      <mem type="soa" free="10513744" total="17063936" percent="61" />
      <mem type="loa" free="172032" total="172032" percent="100" />
    </mem>
  </mem-info>
</gc-end>
<cycle-end id="2361" type="global" contextid="2353" timestamp="2019-07-02T23:04:52.836">
  <attribute name="GC Util" value="251" />
  <attribute name="CPU Util" value="7528330677475" />
  <attribute name="Time Running"value="3470"/>
  <attribute name="Number of cores"value="4"/>
</cycle-end>
<allocation-satisfied id="2362" threadId="000000000112D100" bytesRequested="40" />
<af-end id="2363" timestamp="2019-07-02T23:04:52.836" threadId="000000000112DA88" success="true" />
<exclusive-end id="2364" timestamp="2019-07-02T23:04:52.836" durationms="4.445" />

<exclusive-start id="2365" timestamp="2019-07-02T23:04:52.851" intervalms="18.753">
  <response-info timems="0.031" idlems="0.031" threads="0" lastid="000000000112D100" lastname="Thread-8" />
</exclusive-start>
<af-start id="2366" threadId="000000000112DA88" totalBytesRequested="40" timestamp="2019-07-02T23:04:52.851" intervalms="18.726" />
<cycle-start id="2367" type="global" contextid="0" timestamp="2019-07-02T23:04:52.851" intervalms="18.734" />
  <attribute name="GC Util" value="251" />
  <attribute name="CPU Util" value="7528330677475" />
  <attribute name="Time Running"value="3470"/>
  <attribute name="Number of cores"value="4"/>
<gc-start id="2368" type="global" contextid="2367" timestamp="2019-07-02T23:04:52.851">
  <mem-info id="2369" free="172032" total="17235968" percent="0">
    <mem type="tenure" free="172032" total="17235968" percent="0">
      <mem type="soa" free="0" total="17063936" percent="0" />
      <mem type="loa" free="172032" total="172032" percent="100" />
    </mem>
  </mem-info>
</gc-start>
<allocation-stats totalBytes="10472096" >
  <allocated-bytes non-tlh="0" tlh="10472096" />
  <largest-consumer threadName="Thread-9" threadId="0000000001130D00" bytes="3794168" />
</allocation-stats>
<gc-op id="2370" type="mark" timems="2.400" contextid="2367" timestamp="2019-07-02T23:04:52.854">
  <trace-info objectcount="71343" scancount="63772" scanbytes="2404004" />
  <finalization candidates="124" enqueued="0" />
  <ownableSynchronizers candidates="3" cleared="0" />
  <references type="soft" candidates="84" cleared="0" enqueued="0" dynamicThreshold="19" maxThreshold="32" />
  <references type="weak" candidates="774" cleared="0" enqueued="0" />
  <references type="phantom" candidates="63" cleared="0" enqueued="0" />
  <stringconstants candidates="4574" cleared="0"  />
</gc-op>
<gc-op id="2371" type="sweep" timems="0.976" contextid="2367" timestamp="2019-07-02T23:04:52.855" />
<gc-end id="2372" type="global" contextid="2367" durationms="3.739" usertimems="4.000" systemtimems="4.000" timestamp="2019-07-02T23:04:52.855" activeThreads="4">
  <mem-info id="2373" free="10617512" total="17235968" percent="61">
    <mem type="tenure" free="10617512" total="17235968" percent="61" micro-fragmented="170473" macro-fragmented="0">
      <mem type="soa" free="10445480" total="17063936" percent="61" />
      <mem type="loa" free="172032" total="172032" percent="100" />
    </mem>
  </mem-info>
</gc-end>
<cycle-end id="2374" type="global" contextid="2367" timestamp="2019-07-02T23:04:52.855">
  <attribute name="GC Util" value="252" />
  <attribute name="CPU Util" value="7436242192770" />
  <attribute name="Time Running"value="3489"/>
  <attribute name="Number of cores"value="4"/>
</cycle-end>
<allocation-satisfied id="2375" threadId="000000000112D100" bytesRequested="40" />
<af-end id="2376" timestamp="2019-07-02T23:04:52.855" threadId="000000000112DA88" success="true" />
<exclusive-end id="2377" timestamp="2019-07-02T23:04:52.855" durationms="4.328" />

<exclusive-start id="2378" timestamp="2019-07-02T23:04:52.879" intervalms="27.883">
  <response-info timems="0.106" idlems="0.106" threads="0" lastid="0000000001134900" lastname="Thread-7" />
</exclusive-start>
<af-start id="2379" threadId="0000000001135288" totalBytesRequested="24" timestamp="2019-07-02T23:04:52.879" intervalms="27.919" />
<cycle-start id="2380" type="global" contextid="0" timestamp="2019-07-02T23:04:52.879" intervalms="27.912" />
  <attribute name="GC Util" value="252" />
  <attribute name="CPU Util" value="7436242192770" />
  <attribute name="Time Running"value="3489"/>
  <attribute name="Number of cores"value="4"/>
<gc-start id="2381" type="global" contextid="2380" timestamp="2019-07-02T23:04:52.879">
  <mem-info id="2382" free="172032" total="17235968" percent="0">
    <mem type="tenure" free="172032" total="17235968" percent="0">
      <mem type="soa" free="0" total="17063936" percent="0" />
      <mem type="loa" free="172032" total="172032" percent="100" />
    </mem>
  </mem-info>
</gc-start>
<allocation-stats totalBytes="10399768" >
  <allocated-bytes non-tlh="19056" tlh="10380712" />
  <largest-consumer threadName="Thread-9" threadId="0000000001130D00" bytes="3092528" />
</allocation-stats>
<gc-op id="2383" type="mark" timems="2.264" contextid="2380" timestamp="2019-07-02T23:04:52.881">
  <trace-info objectcount="67083" scancount="59513" scanbytes="2301356" />
  <finalization candidates="124" enqueued="0" />
  <ownableSynchronizers candidates="3" cleared="0" />
  <references type="soft" candidates="84" cleared="0" enqueued="0" dynamicThreshold="19" maxThreshold="32" />
  <references type="weak" candidates="774" cleared="0" enqueued="0" />
  <references type="phantom" candidates="63" cleared="0" enqueued="0" />
  <stringconstants candidates="4574" cleared="0"  />
</gc-op>
<gc-op id="2384" type="sweep" timems="0.906" contextid="2380" timestamp="2019-07-02T23:04:52.882" />
<gc-end id="2385" type="global" contextid="2380" durationms="3.533" usertimems="8.000" systemtimems="0.000" timestamp="2019-07-02T23:04:52.882" activeThreads="4">
  <mem-info id="2386" free="10999600" total="17235968" percent="63">
    <mem type="tenure" free="10999600" total="17235968" percent="63" micro-fragmented="119467" macro-fragmented="0">
      <mem type="soa" free="10827568" total="17063936" percent="63" />
      <mem type="loa" free="172032" total="172032" percent="100" />
    </mem>
  </mem-info>
</gc-end>
<cycle-end id="2387" type="global" contextid="2380" timestamp="2019-07-02T23:04:52.883">
  <attribute name="GC Util" value="251" />
  <attribute name="CPU Util" value="7861591091711" />
  <attribute name="Time Running"value="3517"/>
  <attribute name="Number of cores"value="4"/>
</cycle-end>
<allocation-satisfied id="2388" threadId="0000000001134900" bytesRequested="24" />
<af-end id="2389" timestamp="2019-07-02T23:04:52.883" threadId="0000000001135288" success="true" />
<exclusive-end id="2390" timestamp="2019-07-02T23:04:52.883" durationms="4.200" />

<exclusive-start id="2391" timestamp="2019-07-02T23:04:52.907" intervalms="28.208">
  <response-info timems="0.026" idlems="0.026" threads="0" lastid="0000000001129500" lastname="Thread-10" />
</exclusive-start>
<af-start id="2392" threadId="0000000001129E88" totalBytesRequested="40" timestamp="2019-07-02T23:04:52.907" intervalms="28.224" />
<cycle-start id="2393" type="global" contextid="0" timestamp="2019-07-02T23:04:52.907" intervalms="28.222" />
  <attribute name="GC Util" value="251" />
  <attribute name="CPU Util" value="7861591091711" />
  <attribute name="Time Running"value="3517"/>
  <attribute name="Number of cores"value="4"/>
<gc-start id="2394" type="global" contextid="2393" timestamp="2019-07-02T23:04:52.907">
  <mem-info id="2395" free="172032" total="17235968" percent="0">
    <mem type="tenure" free="172032" total="17235968" percent="0">
      <mem type="soa" free="0" total="17063936" percent="0" />
      <mem type="loa" free="172032" total="172032" percent="100" />
    </mem>
  </mem-info>
</gc-start>
<allocation-stats totalBytes="10790368" >
  <allocated-bytes non-tlh="23160" tlh="10767208" />
  <largest-consumer threadName="Thread-9" threadId="0000000001130D00" bytes="4274888" />
</allocation-stats>
<gc-op id="2396" type="mark" timems="1.264" contextid="2393" timestamp="2019-07-02T23:04:52.909">
  <trace-info objectcount="63838" scancount="56250" scanbytes="2223628" />
  <finalization candidates="124" enqueued="0" />
  <ownableSynchronizers candidates="3" cleared="0" />
  <references type="soft" candidates="84" cleared="0" enqueued="0" dynamicThreshold="20" maxThreshold="32" />
  <references type="weak" candidates="774" cleared="0" enqueued="0" />
  <references type="phantom" candidates="63" cleared="0" enqueued="0" />
  <stringconstants candidates="4574" cleared="0"  />
</gc-op>
<gc-op id="2397" type="sweep" timems="0.369" contextid="2393" timestamp="2019-07-02T23:04:52.909" />
<heap-resize id="2398" type="contract" space="tenure" amount="131072" count="1" timems="0.039" reason="excess free space following gc" timestamp="2019-07-02T23:04:52.909" />
<gc-end id="2399" type="global" contextid="2393" durationms="2.336" usertimems="4.000" systemtimems="0.000" timestamp="2019-07-02T23:04:52.909" activeThreads="4">
  <mem-info id="2400" free="10980480" total="17104896" percent="64">
    <mem type="tenure" free="10980480" total="17104896" percent="64" micro-fragmented="155319" macro-fragmented="0">
      <mem type="soa" free="10980480" total="16933888" percent="64" />
      <mem type="loa" free="0" total="171008" percent="0" />
    </mem>
  </mem-info>
</gc-end>
<cycle-end id="2401" type="global" contextid="2393" timestamp="2019-07-02T23:04:52.910">
  <attribute name="GC Util" value="205" />
  <attribute name="CPU Util" value="13638160422794" />
  <attribute name="Time Running"value="3544"/>
  <attribute name="Number of cores"value="4"/>
</cycle-end>
<allocation-satisfied id="2402" threadId="0000000001129500" bytesRequested="40" />
<af-end id="2403" timestamp="2019-07-02T23:04:52.910" threadId="0000000001129E88" success="true" />
<exclusive-end id="2404" timestamp="2019-07-02T23:04:52.910" durationms="3.129" />

<exclusive-start id="2405" timestamp="2019-07-02T23:04:52.930" intervalms="23.236">
  <response-info timems="2.145" idlems="1.075" threads="1" lastid="0000000001129500" lastname="Thread-10" />
</exclusive-start>
<af-start id="2406" threadId="0000000001135288" totalBytesRequested="24" timestamp="2019-07-02T23:04:52.930" intervalms="23.220" />
<cycle-start id="2407" type="global" contextid="0" timestamp="2019-07-02T23:04:52.930" intervalms="23.263" />
  <attribute name="GC Util" value="205" />
  <attribute name="CPU Util" value="13638160422794" />
  <attribute name="Time Running"value="3544"/>
  <attribute name="Number of cores"value="4"/>
<gc-start id="2408" type="global" contextid="2407" timestamp="2019-07-02T23:04:52.930">
  <mem-info id="2409" free="0" total="17104896" percent="0">
    <mem type="tenure" free="0" total="17104896" percent="0">
      <mem type="soa" free="0" total="16933888" percent="0" />
      <mem type="loa" free="0" total="171008" percent="0" />
    </mem>
  </mem-info>
</gc-start>
<allocation-stats totalBytes="10962176" >
  <allocated-bytes non-tlh="0" tlh="10962176" />
  <largest-consumer threadName="Thread-7" threadId="0000000001134900" bytes="3475824" />
</allocation-stats>
<gc-op id="2410" type="mark" timems="2.467" contextid="2407" timestamp="2019-07-02T23:04:52.933">
  <trace-info objectcount="66031" scancount="58485" scanbytes="2276620" />
  <finalization candidates="124" enqueued="0" />
  <ownableSynchronizers candidates="3" cleared="0" />
  <references type="soft" candidates="84" cleared="0" enqueued="0" dynamicThreshold="20" maxThreshold="32" />
  <references type="weak" candidates="774" cleared="0" enqueued="0" />
  <references type="phantom" candidates="63" cleared="0" enqueued="0" />
  <stringconstants candidates="4574" cleared="0"  />
</gc-op>
<gc-op id="2411" type="sweep" timems="0.857" contextid="2407" timestamp="2019-07-02T23:04:52.934" />
<heap-resize id="2412" type="contract" space="tenure" amount="65536" count="1" timems="0.060" reason="excess free space following gc" timestamp="2019-07-02T23:04:52.934" />
<gc-end id="2413" type="global" contextid="2407" durationms="3.853" usertimems="12.000" systemtimems="0.000" timestamp="2019-07-02T23:04:52.934" activeThreads="4">
  <mem-info id="2414" free="10740440" total="17039360" percent="63">
    <mem type="tenure" free="10740440" total="17039360" percent="63" micro-fragmented="207924" macro-fragmented="0">
      <mem type="soa" free="10740440" total="16869376" percent="63" />
      <mem type="loa" free="0" total="169984" percent="0" />
    </mem>
  </mem-info>
</gc-end>
<cycle-end id="2415" type="global" contextid="2407" timestamp="2019-07-02T23:04:52.934">
  <attribute name="GC Util" value="243" />
  <attribute name="CPU Util" value="7307516518835" />
  <attribute name="Time Running"value="3568"/>
  <attribute name="Number of cores"value="4"/>
</cycle-end>
<allocation-satisfied id="2416" threadId="0000000001134900" bytesRequested="24" />
<af-end id="2417" timestamp="2019-07-02T23:04:52.935" threadId="0000000001135288" success="true" />
<exclusive-end id="2418" timestamp="2019-07-02T23:04:52.935" durationms="4.589" />

<exclusive-start id="2419" timestamp="2019-07-02T23:04:52.958" intervalms="27.476">
  <response-info timems="0.089" idlems="0.054" threads="1" lastid="0000000001129500" lastname="Thread-10" />
</exclusive-start>
<af-start id="2420" threadId="0000000001135288" totalBytesRequested="40" timestamp="2019-07-02T23:04:52.958" intervalms="27.446" />
<cycle-start id="2421" type="global" contextid="0" timestamp="2019-07-02T23:04:52.958" intervalms="27.407" />
  <attribute name="GC Util" value="243" />
  <attribute name="CPU Util" value="7307516518835" />
  <attribute name="Time Running"value="3568"/>
  <attribute name="Number of cores"value="4"/>
<gc-start id="2422" type="global" contextid="2421" timestamp="2019-07-02T23:04:52.958">
  <mem-info id="2423" free="0" total="17039360" percent="0">
    <mem type="tenure" free="0" total="17039360" percent="0">
      <mem type="soa" free="0" total="16869376" percent="0" />
      <mem type="loa" free="0" total="169984" percent="0" />
    </mem>
  </mem-info>
</gc-start>
<allocation-stats totalBytes="10717584" >
  <allocated-bytes non-tlh="0" tlh="10717584" />
  <largest-consumer threadName="Thread-9" threadId="0000000001130D00" bytes="3671312" />
</allocation-stats>
<gc-op id="2424" type="mark" timems="2.314" contextid="2421" timestamp="2019-07-02T23:04:52.960">
  <trace-info objectcount="66848" scancount="59278" scanbytes="2295884" />
  <finalization candidates="124" enqueued="0" />
  <ownableSynchronizers candidates="3" cleared="0" />
  <references type="soft" candidates="84" cleared="0" enqueued="0" dynamicThreshold="20" maxThreshold="32" />
  <references type="weak" candidates="774" cleared="0" enqueued="0" />
  <references type="phantom" candidates="63" cleared="0" enqueued="0" />
  <stringconstants candidates="4574" cleared="0"  />
</gc-op>
<gc-op id="2425" type="sweep" timems="0.974" contextid="2421" timestamp="2019-07-02T23:04:52.961" />
<mem-info id="2426" free="10630848" total="17039360" percent="62">
  <mem type="tenure" free="10630848" total="17039360" percent="62" micro-fragmented="220397" macro-fragmented="0">
    <mem type="soa" free="10630848" total="16869376" percent="63" />
    <mem type="loa" free="0" total="169984" percent="0" />
  </mem>
</mem-info>
<gc-op id="2427" type="compact" timems="5.497" contextid="2421" timestamp="2019-07-02T23:04:52.967">
  <compact-info movecount="27109" movebytes="1201584" reason="compact to aid heap contraction" />
</gc-op>
<heap-resize id="2428" type="contract" space="tenure" amount="131072" count="1" timems="0.094" reason="excess free space following gc" timestamp="2019-07-02T23:04:52.967" />
<gc-end id="2429" type="global" contextid="2421" durationms="9.789" usertimems="20.000" systemtimems="0.000" timestamp="2019-07-02T23:04:52.968" activeThreads="4">
  <mem-info id="2430" free="11038584" total="16908288" percent="65">
    <mem type="tenure" free="11038584" total="16908288" percent="65">
      <mem type="soa" free="10908536" total="16739328" percent="65" />
      <mem type="loa" free="130048" total="168960" percent="76" />
    </mem>
  </mem-info>
</gc-end>
<cycle-end id="2431" type="global" contextid="2421" timestamp="2019-07-02T23:04:52.968">
  <attribute name="GC Util" value="127" />
  <attribute name="CPU Util" value="15025987685784" />
  <attribute name="Time Running"value="3597"/>
  <attribute name="Number of cores"value="4"/>
</cycle-end>
<allocation-satisfied id="2432" threadId="0000000001134900" bytesRequested="40" />
<af-end id="2433" timestamp="2019-07-02T23:04:52.968" threadId="0000000001135288" success="true" />
<exclusive-end id="2434" timestamp="2019-07-02T23:04:52.968" durationms="10.577" />

<exclusive-start id="2435" timestamp="2019-07-02T23:04:52.989" intervalms="31.522">
  <response-info timems="0.048" idlems="0.026" threads="1" lastid="000000000112D100" lastname="Thread-8" />
</exclusive-start>
<af-start id="2436" threadId="0000000001129E88" totalBytesRequested="40" timestamp="2019-07-02T23:04:52.989" intervalms="31.570" />
<cycle-start id="2437" type="global" contextid="0" timestamp="2019-07-02T23:04:52.989" intervalms="31.609" />
  <attribute name="GC Util" value="127" />
  <attribute name="CPU Util" value="15025987685784" />
  <attribute name="Time Running"value="3597"/>
  <attribute name="Number of cores"value="4"/>
<gc-start id="2438" type="global" contextid="2437" timestamp="2019-07-02T23:04:52.989">
  <mem-info id="2439" free="130048" total="16908288" percent="0">
    <mem type="tenure" free="130048" total="16908288" percent="0">
      <mem type="soa" free="0" total="16739328" percent="0" />
      <mem type="loa" free="130048" total="168960" percent="76" />
    </mem>
  </mem-info>
</gc-start>
<allocation-stats totalBytes="10972264" >
  <allocated-bytes non-tlh="0" tlh="10972264" />
  <largest-consumer threadName="Thread-7" threadId="0000000001134900" bytes="4423136" />
</allocation-stats>
<gc-op id="2440" type="mark" timems="2.367" contextid="2437" timestamp="2019-07-02T23:04:52.992">
  <trace-info objectcount="67792" scancount="60215" scanbytes="2318284" />
  <finalization candidates="124" enqueued="0" />
  <ownableSynchronizers candidates="3" cleared="0" />
  <references type="soft" candidates="84" cleared="0" enqueued="0" dynamicThreshold="20" maxThreshold="32" />
  <references type="weak" candidates="774" cleared="0" enqueued="0" />
  <references type="phantom" candidates="63" cleared="0" enqueued="0" />
  <stringconstants candidates="4574" cleared="0"  />
</gc-op>
<gc-op id="2441" type="sweep" timems="0.718" contextid="2437" timestamp="2019-07-02T23:04:52.993" />
<heap-resize id="2442" type="contract" space="tenure" amount="131072" count="1" timems="0.048" reason="excess free space following gc" timestamp="2019-07-02T23:04:52.993" />
<gc-end id="2443" type="global" contextid="2437" durationms="3.591" usertimems="8.000" systemtimems="0.000" timestamp="2019-07-02T23:04:52.993" activeThreads="4">
  <mem-info id="2444" free="10852288" total="16777216" percent="64">
    <mem type="tenure" free="10852288" total="16777216" percent="64" micro-fragmented="24435" macro-fragmented="0">
      <mem type="soa" free="10755752" total="16610304" percent="64" />
      <mem type="loa" free="96536" total="166912" percent="57" />
    </mem>
  </mem-info>
</gc-end>
<cycle-end id="2445" type="global" contextid="2437" timestamp="2019-07-02T23:04:52.993">
  <attribute name="GC Util" value="224" />
  <attribute name="CPU Util" value="7574411272350" />
  <attribute name="Time Running"value="3627"/>
  <attribute name="Number of cores"value="4"/>
</cycle-end>
<allocation-satisfied id="2446" threadId="0000000001129500" bytesRequested="40" />
<af-end id="2447" timestamp="2019-07-02T23:04:52.993" threadId="0000000001129E88" success="true" />
<exclusive-end id="2448" timestamp="2019-07-02T23:04:52.993" durationms="4.238" />

<exclusive-start id="2449" timestamp="2019-07-02T23:04:53.012" intervalms="23.335">
  <response-info timems="0.052" idlems="0.052" threads="0" lastid="0000000001134900" lastname="Thread-7" />
</exclusive-start>
<af-start id="2450" threadId="0000000001135288" totalBytesRequested="24" timestamp="2019-07-02T23:04:53.012" intervalms="23.277" />
<cycle-start id="2451" type="global" contextid="0" timestamp="2019-07-02T23:04:53.013" intervalms="23.252" />
  <attribute name="GC Util" value="224" />
  <attribute name="CPU Util" value="7574411272350" />
  <attribute name="Time Running"value="3627"/>
  <attribute name="Number of cores"value="4"/>
<gc-start id="2452" type="global" contextid="2451" timestamp="2019-07-02T23:04:53.013">
  <mem-info id="2453" free="96536" total="16777216" percent="0">
    <mem type="tenure" free="96536" total="16777216" percent="0">
      <mem type="soa" free="0" total="16610304" percent="0" />
      <mem type="loa" free="96536" total="166912" percent="57" />
    </mem>
  </mem-info>
</gc-start>
<allocation-stats totalBytes="10751096" >
  <allocated-bytes non-tlh="0" tlh="10751096" />
  <largest-consumer threadName="Thread-7" threadId="0000000001134900" bytes="4259376" />
</allocation-stats>
<gc-op id="2454" type="mark" timems="2.289" contextid="2451" timestamp="2019-07-02T23:04:53.015">
  <trace-info objectcount="60874" scancount="53298" scanbytes="2019080" />
  <finalization candidates="124" enqueued="0" />
  <ownableSynchronizers candidates="3" cleared="0" />
  <references type="soft" candidates="84" cleared="0" enqueued="0" dynamicThreshold="20" maxThreshold="32" />
  <references type="weak" candidates="774" cleared="0" enqueued="0" />
  <references type="phantom" candidates="63" cleared="0" enqueued="0" />
  <stringconstants candidates="4574" cleared="0"  />
</gc-op>
<gc-op id="2455" type="sweep" timems="0.714" contextid="2451" timestamp="2019-07-02T23:04:53.016" />
<mem-info id="2456" free="11142568" total="16777216" percent="66">
  <mem type="tenure" free="11142568" total="16777216" percent="66" micro-fragmented="112245" macro-fragmented="0">
    <mem type="soa" free="11030704" total="16610304" percent="66" />
    <mem type="loa" free="111864" total="166912" percent="67" />
  </mem>
</mem-info>
<gc-op id="2457" type="compact" timems="5.455" contextid="2451" timestamp="2019-07-02T23:04:53.022">
  <compact-info movecount="21131" movebytes="924680" reason="compact to aid heap contraction" />
</gc-op>
<heap-resize id="2458" type="contract" space="tenure" amount="131072" count="1" timems="0.081" reason="excess free space following gc" timestamp="2019-07-02T23:04:53.022" />
<gc-end id="2459" type="global" contextid="2451" durationms="9.445" usertimems="24.000" systemtimems="0.000" timestamp="2019-07-02T23:04:53.022" activeThreads="4">
  <mem-info id="2460" free="11056320" total="16646144" percent="66">
    <mem type="tenure" free="11056320" total="16646144" percent="66">
      <mem type="soa" free="10926272" total="16480256" percent="66" />
      <mem type="loa" free="130048" total="165888" percent="78" />
    </mem>
  </mem-info>
</gc-end>
<cycle-end id="2461" type="global" contextid="2451" timestamp="2019-07-02T23:04:53.022">
  <attribute name="GC Util" value="157" />
  <attribute name="CPU Util" value="19613658550456" />
  <attribute name="Time Running"value="3651"/>
  <attribute name="Number of cores"value="4"/>
</cycle-end>
<allocation-satisfied id="2462" threadId="0000000001134900" bytesRequested="24" />
<af-end id="2463" timestamp="2019-07-02T23:04:53.022" threadId="0000000001135288" success="true" />
<exclusive-end id="2464" timestamp="2019-07-02T23:04:53.023" durationms="10.148" />

<exclusive-start id="2465" timestamp="2019-07-02T23:04:53.039" intervalms="26.377">
  <response-info timems="0.061" idlems="0.061" threads="0" lastid="0000000001134900" lastname="Thread-7" />
</exclusive-start>
<af-start id="2466" threadId="0000000001135288" totalBytesRequested="24" timestamp="2019-07-02T23:04:53.039" intervalms="26.400" />
<cycle-start id="2467" type="global" contextid="0" timestamp="2019-07-02T23:04:53.039" intervalms="26.414" />
  <attribute name="GC Util" value="157" />
  <attribute name="CPU Util" value="19613658550456" />
  <attribute name="Time Running"value="3651"/>
  <attribute name="Number of cores"value="4"/>
<gc-start id="2468" type="global" contextid="2467" timestamp="2019-07-02T23:04:53.039">
  <mem-info id="2469" free="130048" total="16646144" percent="0">
    <mem type="tenure" free="130048" total="16646144" percent="0">
      <mem type="soa" free="0" total="16480256" percent="0" />
      <mem type="loa" free="130048" total="165888" percent="78" />
    </mem>
  </mem-info>
</gc-start>
<allocation-stats totalBytes="10990144" >
  <allocated-bytes non-tlh="0" tlh="10990144" />
  <largest-consumer threadName="Thread-7" threadId="0000000001134900" bytes="3767872" />
</allocation-stats>
<gc-op id="2470" type="mark" timems="2.096" contextid="2467" timestamp="2019-07-02T23:04:53.041">
  <trace-info objectcount="65588" scancount="58000" scanbytes="2265724" />
  <finalization candidates="124" enqueued="0" />
  <ownableSynchronizers candidates="3" cleared="0" />
  <references type="soft" candidates="84" cleared="0" enqueued="0" dynamicThreshold="21" maxThreshold="32" />
  <references type="weak" candidates="774" cleared="0" enqueued="0" />
  <references type="phantom" candidates="63" cleared="0" enqueued="0" />
  <stringconstants candidates="4574" cleared="0"  />
</gc-op>
<gc-op id="2471" type="sweep" timems="0.736" contextid="2467" timestamp="2019-07-02T23:04:53.042" />
<heap-resize id="2472" type="contract" space="tenure" amount="131072" count="1" timems="0.073" reason="excess free space following gc" timestamp="2019-07-02T23:04:53.042" />
<gc-end id="2473" type="global" contextid="2467" durationms="3.420" usertimems="8.000" systemtimems="0.000" timestamp="2019-07-02T23:04:53.043" activeThreads="4">
  <mem-info id="2474" free="10598056" total="16515072" percent="64">
    <mem type="tenure" free="10598056" total="16515072" percent="64" micro-fragmented="0" macro-fragmented="0">
      <mem type="soa" free="10598056" total="16350208" percent="64" />
      <mem type="loa" free="0" total="164864" percent="0" />
    </mem>
  </mem-info>
</gc-end>
<cycle-end id="2475" type="global" contextid="2467" timestamp="2019-07-02T23:04:53.043">
  <attribute name="GC Util" value="241" />
  <attribute name="CPU Util" value="8451063113574" />
  <attribute name="Time Running"value="3677"/>
  <attribute name="Number of cores"value="4"/>
</cycle-end>
<allocation-satisfied id="2476" threadId="0000000001134900" bytesRequested="24" />
<af-end id="2477" timestamp="2019-07-02T23:04:53.043" threadId="0000000001135288" success="true" />
<exclusive-end id="2478" timestamp="2019-07-02T23:04:53.043" durationms="4.133" />

<exclusive-start id="2479" timestamp="2019-07-02T23:04:53.061" intervalms="21.772">
  <response-info timems="0.651" idlems="0.335" threads="1" lastid="0000000001129500" lastname="Thread-10" />
</exclusive-start>
<af-start id="2480" threadId="000000000112DA88" totalBytesRequested="40" timestamp="2019-07-02T23:04:53.061" intervalms="21.763" />
<cycle-start id="2481" type="global" contextid="0" timestamp="2019-07-02T23:04:53.061" intervalms="21.737" />
  <attribute name="GC Util" value="241" />
  <attribute name="CPU Util" value="8451063113574" />
  <attribute name="Time Running"value="3677"/>
  <attribute name="Number of cores"value="4"/>
<gc-start id="2482" type="global" contextid="2481" timestamp="2019-07-02T23:04:53.061">
  <mem-info id="2483" free="0" total="16515072" percent="0">
    <mem type="tenure" free="0" total="16515072" percent="0">
      <mem type="soa" free="0" total="16350208" percent="0" />
      <mem type="loa" free="0" total="164864" percent="0" />
    </mem>
  </mem-info>
</gc-start>
<allocation-stats totalBytes="10594480" >
  <allocated-bytes non-tlh="0" tlh="10594480" />
  <largest-consumer threadName="Thread-7" threadId="0000000001134900" bytes="3559336" />
</allocation-stats>
<gc-op id="2484" type="mark" timems="2.173" contextid="2481" timestamp="2019-07-02T23:04:53.063">
  <trace-info objectcount="66558" scancount="58987" scanbytes="2288892" />
  <finalization candidates="124" enqueued="0" />
  <ownableSynchronizers candidates="3" cleared="0" />
  <references type="soft" candidates="84" cleared="0" enqueued="0" dynamicThreshold="20" maxThreshold="32" />
  <references type="weak" candidates="774" cleared="0" enqueued="0" />
  <references type="phantom" candidates="63" cleared="0" enqueued="0" />
  <stringconstants candidates="4574" cleared="0"  />
</gc-op>
<gc-op id="2485" type="sweep" timems="0.931" contextid="2481" timestamp="2019-07-02T23:04:53.064" />
<heap-resize id="2486" type="contract" space="tenure" amount="65536" count="1" timems="0.096" reason="excess free space following gc" timestamp="2019-07-02T23:04:53.064" />
<gc-end id="2487" type="global" contextid="2481" durationms="3.574" usertimems="4.000" systemtimems="4.000" timestamp="2019-07-02T23:04:53.064" activeThreads="4">
  <mem-info id="2488" free="10481032" total="16449536" percent="63">
    <mem type="tenure" free="10481032" total="16449536" percent="63" micro-fragmented="15155" macro-fragmented="0">
      <mem type="soa" free="10481032" total="16285696" percent="64" />
      <mem type="loa" free="0" total="163840" percent="0" />
    </mem>
  </mem-info>
</gc-end>
<cycle-end id="2489" type="global" contextid="2481" timestamp="2019-07-02T23:04:53.064">
  <attribute name="GC Util" value="253" />
  <attribute name="CPU Util" value="8136204222026" />
  <attribute name="Time Running"value="3698"/>
  <attribute name="Number of cores"value="4"/>
</cycle-end>
<allocation-satisfied id="2490" threadId="000000000112D100" bytesRequested="40" />
<af-end id="2491" timestamp="2019-07-02T23:04:53.065" threadId="000000000112DA88" success="true" />
<exclusive-end id="2492" timestamp="2019-07-02T23:04:53.065" durationms="4.153" />

<exclusive-start id="2493" timestamp="2019-07-02T23:04:53.082" intervalms="21.794">
  <response-info timems="0.734" idlems="0.377" threads="1" lastid="0000000001129500" lastname="Thread-10" />
</exclusive-start>
<af-start id="2494" threadId="000000000112DA88" totalBytesRequested="40" timestamp="2019-07-02T23:04:53.082" intervalms="21.817" />
<cycle-start id="2495" type="global" contextid="0" timestamp="2019-07-02T23:04:53.083" intervalms="21.811" />
  <attribute name="GC Util" value="253" />
  <attribute name="CPU Util" value="8136204222026" />
  <attribute name="Time Running"value="3698"/>
  <attribute name="Number of cores"value="4"/>
<gc-start id="2496" type="global" contextid="2495" timestamp="2019-07-02T23:04:53.083">
  <mem-info id="2497" free="0" total="16449536" percent="0">
    <mem type="tenure" free="0" total="16449536" percent="0">
      <mem type="soa" free="0" total="16285696" percent="0" />
      <mem type="loa" free="0" total="163840" percent="0" />
    </mem>
  </mem-info>
</gc-start>
<allocation-stats totalBytes="10471840" >
  <allocated-bytes non-tlh="0" tlh="10471840" />
  <largest-consumer threadName="Thread-7" threadId="0000000001134900" bytes="3466024" />
</allocation-stats>
<gc-op id="2498" type="mark" timems="2.347" contextid="2495" timestamp="2019-07-02T23:04:53.085">
  <trace-info objectcount="67576" scancount="60010" scanbytes="2313132" />
  <finalization candidates="124" enqueued="0" />
  <ownableSynchronizers candidates="3" cleared="0" />
  <references type="soft" candidates="84" cleared="0" enqueued="0" dynamicThreshold="20" maxThreshold="32" />
  <references type="weak" candidates="774" cleared="0" enqueued="0" />
  <references type="phantom" candidates="63" cleared="0" enqueued="0" />
  <stringconstants candidates="4574" cleared="0"  />
</gc-op>
<gc-op id="2499" type="sweep" timems="0.820" contextid="2495" timestamp="2019-07-02T23:04:53.086" />
<mem-info id="2500" free="10418392" total="16449536" percent="63">
  <mem type="tenure" free="10418392" total="16449536" percent="63" micro-fragmented="33911" macro-fragmented="0">
    <mem type="soa" free="10418392" total="16285696" percent="63" />
    <mem type="loa" free="0" total="163840" percent="0" />
  </mem>
</mem-info>
<gc-op id="2501" type="compact" timems="5.960" contextid="2495" timestamp="2019-07-02T23:04:53.092">
  <compact-info movecount="21785" movebytes="936208" reason="compact to aid heap contraction" />
</gc-op>
<heap-resize id="2502" type="contract" space="tenure" amount="131072" count="1" timems="0.085" reason="excess free space following gc" timestamp="2019-07-02T23:04:53.092" />
<gc-end id="2503" type="global" contextid="2495" durationms="9.710" usertimems="12.000" systemtimems="4.000" timestamp="2019-07-02T23:04:53.092" activeThreads="4">
  <mem-info id="2504" free="10437656" total="16318464" percent="63">
    <mem type="tenure" free="10437656" total="16318464" percent="63">
      <mem type="soa" free="10307608" total="16155648" percent="63" />
      <mem type="loa" free="130048" total="162816" percent="79" />
    </mem>
  </mem-info>
</gc-end>
<cycle-end id="2505" type="global" contextid="2495" timestamp="2019-07-02T23:04:53.092">
  <attribute name="GC Util" value="160" />
  <attribute name="CPU Util" value="19509401523333" />
  <attribute name="Time Running"value="3721"/>
  <attribute name="Number of cores"value="4"/>
</cycle-end>
<allocation-satisfied id="2506" threadId="000000000112D100" bytesRequested="40" />
<af-end id="2507" timestamp="2019-07-02T23:04:53.093" threadId="000000000112DA88" success="true" />
<exclusive-end id="2508" timestamp="2019-07-02T23:04:53.093" durationms="10.321" />

<exclusive-start id="2509" timestamp="2019-07-02T23:04:53.103" intervalms="20.819">
  <response-info timems="0.206" idlems="0.206" threads="0" lastid="000000000112D100" lastname="Thread-8" />
</exclusive-start>
<af-start id="2510" threadId="000000000112DA88" totalBytesRequested="40" timestamp="2019-07-02T23:04:53.103" intervalms="20.769" />
<cycle-start id="2511" type="global" contextid="0" timestamp="2019-07-02T23:04:53.103" intervalms="20.766" />
  <attribute name="GC Util" value="160" />
  <attribute name="CPU Util" value="19509401523333" />
  <attribute name="Time Running"value="3721"/>
  <attribute name="Number of cores"value="4"/>
<gc-start id="2512" type="global" contextid="2511" timestamp="2019-07-02T23:04:53.103">
  <mem-info id="2513" free="130048" total="16318464" percent="0">
    <mem type="tenure" free="130048" total="16318464" percent="0">
      <mem type="soa" free="0" total="16155648" percent="0" />
      <mem type="loa" free="130048" total="162816" percent="79" />
    </mem>
  </mem-info>
</gc-start>
<allocation-stats totalBytes="10372280" >
  <allocated-bytes non-tlh="0" tlh="10372280" />
  <largest-consumer threadName="Thread-7" threadId="0000000001134900" bytes="3374784" />
</allocation-stats>
<gc-op id="2514" type="mark" timems="1.813" contextid="2511" timestamp="2019-07-02T23:04:53.105">
  <trace-info objectcount="68599" scancount="61028" scanbytes="2337996" />
  <finalization candidates="124" enqueued="0" />
  <ownableSynchronizers candidates="3" cleared="0" />
  <references type="soft" candidates="84" cleared="0" enqueued="0" dynamicThreshold="20" maxThreshold="32" />
  <references type="weak" candidates="774" cleared="0" enqueued="0" />
  <references type="phantom" candidates="63" cleared="0" enqueued="0" />
  <stringconstants candidates="4574" cleared="0"  />
</gc-op>
<gc-op id="2515" type="sweep" timems="0.331" contextid="2511" timestamp="2019-07-02T23:04:53.106" />
<heap-resize id="2516" type="contract" space="tenure" amount="131072" count="1" timems="0.088" reason="excess free space following gc" timestamp="2019-07-02T23:04:53.106" />
<gc-end id="2517" type="global" contextid="2511" durationms="2.780" usertimems="4.000" systemtimems="0.000" timestamp="2019-07-02T23:04:53.106" activeThreads="4">
  <mem-info id="2518" free="10304224" total="16187392" percent="63">
    <mem type="tenure" free="10304224" total="16187392" percent="63" micro-fragmented="28276" macro-fragmented="0">
      <mem type="soa" free="10202240" total="16025600" percent="63" />
      <mem type="loa" free="101984" total="161792" percent="63" />
    </mem>
  </mem-info>
</gc-end>
<cycle-end id="2519" type="global" contextid="2511" timestamp="2019-07-02T23:04:53.106">
  <attribute name="GC Util" value="223" />
  <attribute name="CPU Util" value="9657460320382" />
  <attribute name="Time Running"value="3741"/>
  <attribute name="Number of cores"value="4"/>
</cycle-end>
<allocation-satisfied id="2520" threadId="000000000112D100" bytesRequested="40" />
<af-end id="2521" timestamp="2019-07-02T23:04:53.106" threadId="000000000112DA88" success="true" />
<exclusive-end id="2522" timestamp="2019-07-02T23:04:53.107" durationms="3.407" />

<exclusive-start id="2523" timestamp="2019-07-02T23:04:53.114" intervalms="11.321">
  <response-info timems="0.056" idlems="0.055" threads="1" lastid="0000000001130D00" lastname="Thread-9" />
</exclusive-start>
<af-start id="2524" threadId="0000000001135288" totalBytesRequested="40" timestamp="2019-07-02T23:04:53.115" intervalms="11.393" />
<cycle-start id="2525" type="global" contextid="0" timestamp="2019-07-02T23:04:53.115" intervalms="11.450" />
  <attribute name="GC Util" value="223" />
  <attribute name="CPU Util" value="9657460320382" />
  <attribute name="Time Running"value="3741"/>
  <attribute name="Number of cores"value="4"/>
<gc-start id="2526" type="global" contextid="2525" timestamp="2019-07-02T23:04:53.115">
  <mem-info id="2527" free="101984" total="16187392" percent="0">
    <mem type="tenure" free="101984" total="16187392" percent="0">
      <mem type="soa" free="0" total="16025600" percent="0" />
      <mem type="loa" free="101984" total="161792" percent="63" />
    </mem>
  </mem-info>
</gc-start>
<allocation-stats totalBytes="10197880" >
  <allocated-bytes non-tlh="0" tlh="10197880" />
  <largest-consumer threadName="Thread-7" threadId="0000000001134900" bytes="3896640" />
</allocation-stats>
<gc-op id="2528" type="mark" timems="1.958" contextid="2525" timestamp="2019-07-02T23:04:53.117">
  <trace-info objectcount="68937" scancount="61364" scanbytes="2345572" />
  <finalization candidates="124" enqueued="0" />
  <ownableSynchronizers candidates="3" cleared="0" />
  <references type="soft" candidates="84" cleared="0" enqueued="0" dynamicThreshold="20" maxThreshold="32" />
  <references type="weak" candidates="774" cleared="0" enqueued="0" />
  <references type="phantom" candidates="63" cleared="0" enqueued="0" />
  <stringconstants candidates="4574" cleared="0"  />
</gc-op>
<gc-op id="2529" type="sweep" timems="0.781" contextid="2525" timestamp="2019-07-02T23:04:53.118" />
<mem-info id="2530" free="10303216" total="16187392" percent="63">
  <mem type="tenure" free="10303216" total="16187392" percent="63" micro-fragmented="26003" macro-fragmented="0">
    <mem type="soa" free="10175768" total="16025600" percent="63" />
    <mem type="loa" free="127448" total="161792" percent="78" />
  </mem>
</mem-info>
<gc-op id="2531" type="compact" timems="5.098" contextid="2525" timestamp="2019-07-02T23:04:53.123">
  <compact-info movecount="4485" movebytes="108656" reason="compact to aid heap contraction" />
</gc-op>
<heap-resize id="2532" type="contract" space="tenure" amount="131072" count="1" timems="0.067" reason="excess free space following gc" timestamp="2019-07-02T23:04:53.124" />
<gc-end id="2533" type="global" contextid="2525" durationms="8.755" usertimems="16.000" systemtimems="0.000" timestamp="2019-07-02T23:04:53.124" activeThreads="4">
  <mem-info id="2534" free="10145120" total="16056320" percent="63">
    <mem type="tenure" free="10145120" total="16056320" percent="63">
      <mem type="soa" free="10016096" total="15896576" percent="63" />
      <mem type="loa" free="129024" total="159744" percent="80" />
    </mem>
  </mem-info>
</gc-end>
<cycle-end id="2535" type="global" contextid="2525" timestamp="2019-07-02T23:04:53.124">
  <attribute name="GC Util" value="143" />
  <attribute name="CPU Util" value="17669768853572" />
  <attribute name="Time Running"value="3753"/>
  <attribute name="Number of cores"value="4"/>
</cycle-end>
<allocation-satisfied id="2536" threadId="0000000001134900" bytesRequested="40" />
<af-end id="2537" timestamp="2019-07-02T23:04:53.124" threadId="0000000001135288" success="true" />
<exclusive-end id="2538" timestamp="2019-07-02T23:04:53.124" durationms="9.668" />

<exclusive-start id="2539" timestamp="2019-07-02T23:04:53.132" intervalms="17.291">
  <response-info timems="0.064" idlems="0.034" threads="1" lastid="000000000112D100" lastname="Thread-8" />
</exclusive-start>
<af-start id="2540" threadId="0000000001129E88" totalBytesRequested="40" timestamp="2019-07-02T23:04:53.132" intervalms="17.246" />
<cycle-start id="2541" type="global" contextid="0" timestamp="2019-07-02T23:04:53.132" intervalms="17.246" />
  <attribute name="GC Util" value="143" />
  <attribute name="CPU Util" value="17669768853572" />
  <attribute name="Time Running"value="3753"/>
  <attribute name="Number of cores"value="4"/>
<gc-start id="2542" type="global" contextid="2541" timestamp="2019-07-02T23:04:53.132">
  <mem-info id="2543" free="129024" total="16056320" percent="0">
    <mem type="tenure" free="129024" total="16056320" percent="0">
      <mem type="soa" free="0" total="15896576" percent="0" />
      <mem type="loa" free="129024" total="159744" percent="80" />
    </mem>
  </mem-info>
</gc-start>
<allocation-stats totalBytes="10080744" >
  <allocated-bytes non-tlh="0" tlh="10080744" />
  <largest-consumer threadName="Thread-7" threadId="0000000001134900" bytes="3899080" />
</allocation-stats>
<gc-op id="2544" type="mark" timems="1.197" contextid="2541" timestamp="2019-07-02T23:04:53.134">
  <trace-info objectcount="69807" scancount="62234" scanbytes="2367180" />
  <finalization candidates="124" enqueued="0" />
  <ownableSynchronizers candidates="3" cleared="0" />
  <references type="soft" candidates="84" cleared="0" enqueued="0" dynamicThreshold="20" maxThreshold="32" />
  <references type="weak" candidates="774" cleared="0" enqueued="0" />
  <references type="phantom" candidates="63" cleared="0" enqueued="0" />
  <stringconstants candidates="4574" cleared="0"  />
</gc-op>
<gc-op id="2545" type="sweep" timems="0.296" contextid="2541" timestamp="2019-07-02T23:04:53.134" />
<heap-resize id="2546" type="contract" space="tenure" amount="131072" count="1" timems="0.080" reason="excess free space following gc" timestamp="2019-07-02T23:04:53.134" />
<gc-end id="2547" type="global" contextid="2541" durationms="2.202" usertimems="4.000" systemtimems="0.000" timestamp="2019-07-02T23:04:53.134" activeThreads="4">
  <mem-info id="2548" free="9918208" total="15925248" percent="62">
    <mem type="tenure" free="9918208" total="15925248" percent="62" micro-fragmented="32080" macro-fragmented="0">
      <mem type="soa" free="9918208" total="15766528" percent="62" />
      <mem type="loa" free="0" total="158720" percent="0" />
    </mem>
  </mem-info>
</gc-end>
<cycle-end id="2549" type="global" contextid="2541" timestamp="2019-07-02T23:04:53.134">
  <attribute name="GC Util" value="198" />
  <attribute name="CPU Util" value="14310828600059" />
  <attribute name="Time Running"value="3769"/>
  <attribute name="Number of cores"value="4"/>
</cycle-end>
<allocation-satisfied id="2550" threadId="0000000001129500" bytesRequested="40" />
<af-end id="2551" timestamp="2019-07-02T23:04:53.135" threadId="0000000001129E88" success="true" />
<exclusive-end id="2552" timestamp="2019-07-02T23:04:53.135" durationms="2.957" />

<exclusive-start id="2553" timestamp="2019-07-02T23:04:53.142" intervalms="10.625">
  <response-info timems="0.054" idlems="0.054" threads="0" lastid="0000000001134900" lastname="Thread-7" />
</exclusive-start>
<af-start id="2554" threadId="0000000001135288" totalBytesRequested="40" timestamp="2019-07-02T23:04:53.143" intervalms="10.661" />
<cycle-start id="2555" type="global" contextid="0" timestamp="2019-07-02T23:04:53.143" intervalms="10.647" />
  <attribute name="GC Util" value="198" />
  <attribute name="CPU Util" value="14310828600059" />
  <attribute name="Time Running"value="3769"/>
  <attribute name="Number of cores"value="4"/>
<gc-start id="2556" type="global" contextid="2555" timestamp="2019-07-02T23:04:53.143">
  <mem-info id="2557" free="0" total="15925248" percent="0">
    <mem type="tenure" free="0" total="15925248" percent="0">
      <mem type="soa" free="0" total="15766528" percent="0" />
      <mem type="loa" free="0" total="158720" percent="0" />
    </mem>
  </mem-info>
</gc-start>
<allocation-stats totalBytes="9913368" >
  <allocated-bytes non-tlh="0" tlh="9913368" />
  <largest-consumer threadName="Thread-7" threadId="0000000001134900" bytes="3698408" />
</allocation-stats>
<gc-op id="2558" type="mark" timems="2.216" contextid="2555" timestamp="2019-07-02T23:04:53.145">
  <trace-info objectcount="70245" scancount="62673" scanbytes="2377700" />
  <finalization candidates="124" enqueued="0" />
  <ownableSynchronizers candidates="3" cleared="0" />
  <references type="soft" candidates="84" cleared="0" enqueued="0" dynamicThreshold="19" maxThreshold="32" />
  <references type="weak" candidates="774" cleared="0" enqueued="0" />
  <references type="phantom" candidates="63" cleared="0" enqueued="0" />
  <stringconstants candidates="4574" cleared="0"  />
</gc-op>
<gc-op id="2559" type="sweep" timems="0.736" contextid="2555" timestamp="2019-07-02T23:04:53.146" />
<heap-resize id="2560" type="contract" space="tenure" amount="65536" count="1" timems="0.090" reason="excess free space following gc" timestamp="2019-07-02T23:04:53.146" />
<gc-end id="2561" type="global" contextid="2555" durationms="3.685" usertimems="8.000" systemtimems="0.000" timestamp="2019-07-02T23:04:53.146" activeThreads="4">
  <mem-info id="2562" free="9830256" total="15859712" percent="61">
    <mem type="tenure" free="9830256" total="15859712" percent="61" micro-fragmented="32793" macro-fragmented="0">
      <mem type="soa" free="9830256" total="15702016" percent="62" />
      <mem type="loa" free="0" total="157696" percent="0" />
    </mem>
  </mem-info>
</gc-end>
<cycle-end id="2563" type="global" contextid="2555" timestamp="2019-07-02T23:04:53.147">
  <attribute name="GC Util" value="234" />
  <attribute name="CPU Util" value="7975111499527" />
  <attribute name="Time Running"value="3781"/>
  <attribute name="Number of cores"value="4"/>
</cycle-end>
<allocation-satisfied id="2564" threadId="0000000001134900" bytesRequested="40" />
<af-end id="2565" timestamp="2019-07-02T23:04:53.147" threadId="0000000001135288" success="true" />
<exclusive-end id="2566" timestamp="2019-07-02T23:04:53.147" durationms="4.518" />

<exclusive-start id="2567" timestamp="2019-07-02T23:04:53.155" intervalms="12.324">
  <response-info timems="0.062" idlems="0.060" threads="1" lastid="0000000001134900" lastname="Thread-7" />
</exclusive-start>
<af-start id="2568" threadId="000000000112DA88" totalBytesRequested="40" timestamp="2019-07-02T23:04:53.155" intervalms="12.337" />
<cycle-start id="2569" type="global" contextid="0" timestamp="2019-07-02T23:04:53.155" intervalms="12.337" />
  <attribute name="GC Util" value="234" />
  <attribute name="CPU Util" value="7975111499527" />
  <attribute name="Time Running"value="3781"/>
  <attribute name="Number of cores"value="4"/>
<gc-start id="2570" type="global" contextid="2569" timestamp="2019-07-02T23:04:53.155">
  <mem-info id="2571" free="0" total="15859712" percent="0">
    <mem type="tenure" free="0" total="15859712" percent="0">
      <mem type="soa" free="0" total="15702016" percent="0" />
      <mem type="loa" free="0" total="157696" percent="0" />
    </mem>
  </mem-info>
</gc-start>
<allocation-stats totalBytes="9820048" >
  <allocated-bytes non-tlh="0" tlh="9820048" />
  <largest-consumer threadName="Thread-7" threadId="0000000001134900" bytes="3857656" />
</allocation-stats>
<gc-op id="2572" type="mark" timems="1.170" contextid="2569" timestamp="2019-07-02T23:04:53.156">
  <trace-info objectcount="70849" scancount="63281" scanbytes="2391860" />
  <finalization candidates="124" enqueued="0" />
  <ownableSynchronizers candidates="3" cleared="0" />
  <references type="soft" candidates="84" cleared="0" enqueued="0" dynamicThreshold="19" maxThreshold="32" />
  <references type="weak" candidates="774" cleared="0" enqueued="0" />
  <references type="phantom" candidates="63" cleared="0" enqueued="0" />
  <stringconstants candidates="4574" cleared="0"  />
</gc-op>
<gc-op id="2573" type="sweep" timems="0.331" contextid="2569" timestamp="2019-07-02T23:04:53.157" />
<mem-info id="2574" free="9774704" total="15859712" percent="61">
  <mem type="tenure" free="9774704" total="15859712" percent="61" micro-fragmented="12078" macro-fragmented="0">
    <mem type="soa" free="9774704" total="15702016" percent="62" />
    <mem type="loa" free="0" total="157696" percent="0" />
  </mem>
</mem-info>
<gc-op id="2575" type="compact" timems="3.284" contextid="2569" timestamp="2019-07-02T23:04:53.160">
  <compact-info movecount="3483" movebytes="85008" reason="compact to aid heap contraction" />
</gc-op>
<heap-resize id="2576" type="contract" space="tenure" amount="131072" count="1" timems="0.090" reason="excess free space following gc" timestamp="2019-07-02T23:04:53.161" />
<gc-end id="2577" type="global" contextid="2569" durationms="5.688" usertimems="8.000" systemtimems="0.000" timestamp="2019-07-02T23:04:53.161" activeThreads="4">
  <mem-info id="2578" free="9775248" total="15728640" percent="62">
    <mem type="tenure" free="9775248" total="15728640" percent="62">
      <mem type="soa" free="9645200" total="15571968" percent="61" />
      <mem type="loa" free="130048" total="156672" percent="83" />
    </mem>
  </mem-info>
</gc-end>
<cycle-end id="2579" type="global" contextid="2569" timestamp="2019-07-02T23:04:53.161">
  <attribute name="GC Util" value="14" />
  <attribute name="CPU Util" value="32724109112541" />
  <attribute name="Time Running"value="3792"/>
  <attribute name="Number of cores"value="4"/>
</cycle-end>
<allocation-satisfied id="2580" threadId="000000000112D100" bytesRequested="40" />
<af-end id="2581" timestamp="2019-07-02T23:04:53.161" threadId="000000000112DA88" success="true" />
<exclusive-end id="2582" timestamp="2019-07-02T23:04:53.161" durationms="6.474" />

<exclusive-start id="2583" timestamp="2019-07-02T23:04:53.168" intervalms="13.305">
  <response-info timems="0.023" idlems="0.023" threads="0" lastid="0000000001134900" lastname="Thread-7" />
</exclusive-start>
<af-start id="2584" threadId="0000000001135288" totalBytesRequested="40" timestamp="2019-07-02T23:04:53.168" intervalms="13.299" />
<cycle-start id="2585" type="global" contextid="0" timestamp="2019-07-02T23:04:53.168" intervalms="13.303" />
  <attribute name="GC Util" value="14" />
  <attribute name="CPU Util" value="32724109112541" />
  <attribute name="Time Running"value="3792"/>
  <attribute name="Number of cores"value="4"/>
<gc-start id="2586" type="global" contextid="2585" timestamp="2019-07-02T23:04:53.168">
  <mem-info id="2587" free="130048" total="15728640" percent="0">
    <mem type="tenure" free="130048" total="15728640" percent="0">
      <mem type="soa" free="0" total="15571968" percent="0" />
      <mem type="loa" free="130048" total="156672" percent="83" />
    </mem>
  </mem-info>
</gc-start>
<allocation-stats totalBytes="9709160" >
  <allocated-bytes non-tlh="0" tlh="9709160" />
  <largest-consumer threadName="Thread-10" threadId="0000000001129500" bytes="4292016" />
</allocation-stats>
<gc-op id="2588" type="mark" timems="1.989" contextid="2585" timestamp="2019-07-02T23:04:53.171">
  <trace-info objectcount="71400" scancount="63822" scanbytes="2404780" />
  <finalization candidates="124" enqueued="0" />
  <ownableSynchronizers candidates="3" cleared="0" />
  <references type="soft" candidates="84" cleared="0" enqueued="0" dynamicThreshold="19" maxThreshold="32" />
  <references type="weak" candidates="774" cleared="0" enqueued="0" />
  <references type="phantom" candidates="63" cleared="0" enqueued="0" />
  <stringconstants candidates="4574" cleared="0"  />
</gc-op>
<gc-op id="2589" type="sweep" timems="0.726" contextid="2585" timestamp="2019-07-02T23:04:53.172" />
<heap-resize id="2590" type="contract" space="tenure" amount="131072" count="1" timems="0.079" reason="excess free space following gc" timestamp="2019-07-02T23:04:53.172" />
<gc-end id="2591" type="global" contextid="2585" durationms="3.423" usertimems="8.000" systemtimems="0.000" timestamp="2019-07-02T23:04:53.172" activeThreads="4">
  <mem-info id="2592" free="9642456" total="15597568" percent="61">
    <mem type="tenure" free="9642456" total="15597568" percent="61" micro-fragmented="11533" macro-fragmented="0">
      <mem type="soa" free="9567352" total="15441920" percent="61" />
      <mem type="loa" free="75104" total="155648" percent="48" />
    </mem>
  </mem-info>
</gc-end>
<cycle-end id="2593" type="global" contextid="2585" timestamp="2019-07-02T23:04:53.172">
  <attribute name="GC Util" value="225" />
  <attribute name="CPU Util" value="8861461033569" />
  <attribute name="Time Running"value="3806"/>
  <attribute name="Number of cores"value="4"/>
</cycle-end>
<allocation-satisfied id="2594" threadId="0000000001134900" bytesRequested="40" />
<af-end id="2595" timestamp="2019-07-02T23:04:53.172" threadId="0000000001135288" success="true" />
<exclusive-end id="2596" timestamp="2019-07-02T23:04:53.172" durationms="4.374" />

<exclusive-start id="2597" timestamp="2019-07-02T23:04:53.177" intervalms="9.225">
  <response-info timems="0.020" idlems="0.020" threads="0" lastid="000000000112D100" lastname="Thread-8" />
</exclusive-start>
<af-start id="2598" threadId="000000000112DA88" totalBytesRequested="40" timestamp="2019-07-02T23:04:53.177" intervalms="9.137" />
<cycle-start id="2599" type="global" contextid="0" timestamp="2019-07-02T23:04:53.177" intervalms="9.047" />
  <attribute name="GC Util" value="225" />
  <attribute name="CPU Util" value="8861461033569" />
  <attribute name="Time Running"value="3806"/>
  <attribute name="Number of cores"value="4"/>
<gc-start id="2600" type="global" contextid="2599" timestamp="2019-07-02T23:04:53.177">
  <mem-info id="2601" free="75104" total="15597568" percent="0">
    <mem type="tenure" free="75104" total="15597568" percent="0">
      <mem type="soa" free="0" total="15441920" percent="0" />
      <mem type="loa" free="75104" total="155648" percent="48" />
    </mem>
  </mem-info>
</gc-start>
<allocation-stats totalBytes="9560592" >
  <allocated-bytes non-tlh="19056" tlh="9541536" />
  <largest-consumer threadName="Thread-10" threadId="0000000001129500" bytes="3045080" />
</allocation-stats>
<gc-op id="2602" type="mark" timems="2.243" contextid="2599" timestamp="2019-07-02T23:04:53.180">
  <trace-info objectcount="67463" scancount="59893" scanbytes="2310748" />
  <finalization candidates="124" enqueued="0" />
  <ownableSynchronizers candidates="3" cleared="0" />
  <references type="soft" candidates="84" cleared="0" enqueued="0" dynamicThreshold="19" maxThreshold="32" />
  <references type="weak" candidates="774" cleared="0" enqueued="0" />
  <references type="phantom" candidates="63" cleared="0" enqueued="0" />
  <stringconstants candidates="4574" cleared="0"  />
</gc-op>
<gc-op id="2603" type="sweep" timems="0.732" contextid="2599" timestamp="2019-07-02T23:04:53.180" />
<mem-info id="2604" free="9662696" total="15597568" percent="61">
  <mem type="tenure" free="9662696" total="15597568" percent="61" micro-fragmented="64318" macro-fragmented="0">
    <mem type="soa" free="9582688" total="15441920" percent="62" />
    <mem type="loa" free="80008" total="155648" percent="51" />
  </mem>
</mem-info>
<gc-op id="2605" type="compact" timems="5.034" contextid="2599" timestamp="2019-07-02T23:04:53.186">
  <compact-info movecount="27718" movebytes="1216304" reason="compact to aid heap contraction" />
</gc-op>
<heap-resize id="2606" type="contract" space="tenure" amount="131072" count="1" timems="0.068" reason="excess free space following gc" timestamp="2019-07-02T23:04:53.186" />
<gc-end id="2607" type="global" contextid="2599" durationms="8.568" usertimems="12.000" systemtimems="4.000" timestamp="2019-07-02T23:04:53.186" activeThreads="4">
  <mem-info id="2608" free="9596264" total="15466496" percent="62">
    <mem type="tenure" free="9596264" total="15466496" percent="62">
      <mem type="soa" free="9466216" total="15311872" percent="61" />
      <mem type="loa" free="130048" total="154624" percent="84" />
    </mem>
  </mem-info>
</gc-end>
<cycle-end id="2609" type="global" contextid="2599" timestamp="2019-07-02T23:04:53.186">
  <attribute name="GC Util" value="181" />
  <attribute name="CPU Util" value="22625463382988" />
  <attribute name="Time Running"value="3816"/>
  <attribute name="Number of cores"value="4"/>
</cycle-end>
<allocation-satisfied id="2610" threadId="000000000112D100" bytesRequested="40" />
<af-end id="2611" timestamp="2019-07-02T23:04:53.186" threadId="000000000112DA88" success="true" />
<exclusive-end id="2612" timestamp="2019-07-02T23:04:53.186" durationms="9.133" />

<exclusive-start id="2613" timestamp="2019-07-02T23:04:53.193" intervalms="15.834">
  <response-info timems="0.072" idlems="0.038" threads="1" lastid="000000000112D100" lastname="Thread-8" />
</exclusive-start>
<af-start id="2614" threadId="0000000001129E88" totalBytesRequested="40" timestamp="2019-07-02T23:04:53.193" intervalms="15.843" />
<cycle-start id="2615" type="global" contextid="0" timestamp="2019-07-02T23:04:53.193" intervalms="15.857" />
  <attribute name="GC Util" value="181" />
  <attribute name="CPU Util" value="22625463382988" />
  <attribute name="Time Running"value="3816"/>
  <attribute name="Number of cores"value="4"/>
<gc-start id="2616" type="global" contextid="2615" timestamp="2019-07-02T23:04:53.193">
  <mem-info id="2617" free="130048" total="15466496" percent="0">
    <mem type="tenure" free="130048" total="15466496" percent="0">
      <mem type="soa" free="0" total="15311872" percent="0" />
      <mem type="loa" free="130048" total="154624" percent="84" />
    </mem>
  </mem-info>
</gc-start>
<allocation-stats totalBytes="9530184" >
  <allocated-bytes non-tlh="0" tlh="9530184" />
  <largest-consumer threadName="Thread-9" threadId="0000000001130D00" bytes="3243528" />
</allocation-stats>
<gc-op id="2618" type="mark" timems="1.164" contextid="2615" timestamp="2019-07-02T23:04:53.195">
  <trace-info objectcount="68102" scancount="60527" scanbytes="2326084" />
  <finalization candidates="124" enqueued="0" />
  <ownableSynchronizers candidates="3" cleared="0" />
  <references type="soft" candidates="84" cleared="0" enqueued="0" dynamicThreshold="19" maxThreshold="32" />
  <references type="weak" candidates="774" cleared="0" enqueued="0" />
  <references type="phantom" candidates="63" cleared="0" enqueued="0" />
  <stringconstants candidates="4574" cleared="0"  />
</gc-op>
<gc-op id="2619" type="sweep" timems="0.236" contextid="2615" timestamp="2019-07-02T23:04:53.195" />
<heap-resize id="2620" type="contract" space="tenure" amount="131072" count="1" timems="0.089" reason="excess free space following gc" timestamp="2019-07-02T23:04:53.195" />
<gc-end id="2621" type="global" contextid="2615" durationms="1.935" usertimems="4.000" systemtimems="0.000" timestamp="2019-07-02T23:04:53.195" activeThreads="4">
  <mem-info id="2622" free="9360248" total="15335424" percent="61">
    <mem type="tenure" free="9360248" total="15335424" percent="61" micro-fragmented="23350" macro-fragmented="0">
      <mem type="soa" free="9360248" total="15182848" percent="61" />
      <mem type="loa" free="0" total="152576" percent="0" />
    </mem>
  </mem-info>
</gc-end>
<cycle-end id="2623" type="global" contextid="2615" timestamp="2019-07-02T23:04:53.195">
  <attribute name="GC Util" value="203" />
  <attribute name="CPU Util" value="15169358510161" />
  <attribute name="Time Running"value="3830"/>
  <attribute name="Number of cores"value="4"/>
</cycle-end>
<allocation-satisfied id="2624" threadId="0000000001129500" bytesRequested="40" />
<af-end id="2625" timestamp="2019-07-02T23:04:53.196" threadId="0000000001129E88" success="true" />
<exclusive-end id="2626" timestamp="2019-07-02T23:04:53.196" durationms="2.595" />

<exclusive-start id="2627" timestamp="2019-07-02T23:04:53.202" intervalms="9.047">
  <response-info timems="0.023" idlems="0.013" threads="1" lastid="000000000112D100" lastname="Thread-8" />
</exclusive-start>
<af-start id="2628" threadId="0000000001129E88" totalBytesRequested="40" timestamp="2019-07-02T23:04:53.202" intervalms="9.127" />
<cycle-start id="2629" type="global" contextid="0" timestamp="2019-07-02T23:04:53.202" intervalms="9.197" />
  <attribute name="GC Util" value="203" />
  <attribute name="CPU Util" value="15169358510161" />
  <attribute name="Time Running"value="3830"/>
  <attribute name="Number of cores"value="4"/>
<gc-start id="2630" type="global" contextid="2629" timestamp="2019-07-02T23:04:53.202">
  <mem-info id="2631" free="0" total="15335424" percent="0">
    <mem type="tenure" free="0" total="15335424" percent="0">
      <mem type="soa" free="0" total="15182848" percent="0" />
      <mem type="loa" free="0" total="152576" percent="0" />
    </mem>
  </mem-info>
</gc-start>
<allocation-stats totalBytes="9356312" >
  <allocated-bytes non-tlh="0" tlh="9356312" />
  <largest-consumer threadName="Thread-9" threadId="0000000001130D00" bytes="3412272" />
</allocation-stats>
<gc-op id="2632" type="mark" timems="1.192" contextid="2629" timestamp="2019-07-02T23:04:53.204">
  <trace-info objectcount="69380" scancount="61803" scanbytes="2357012" />
  <finalization candidates="124" enqueued="0" />
  <ownableSynchronizers candidates="3" cleared="0" />
  <references type="soft" candidates="84" cleared="0" enqueued="0" dynamicThreshold="19" maxThreshold="32" />
  <references type="weak" candidates="774" cleared="0" enqueued="0" />
  <references type="phantom" candidates="63" cleared="0" enqueued="0" />
  <stringconstants candidates="4574" cleared="0"  />
</gc-op>
<gc-op id="2633" type="sweep" timems="0.266" contextid="2629" timestamp="2019-07-02T23:04:53.204" />
<gc-end id="2634" type="global" contextid="2629" durationms="1.821" usertimems="4.000" systemtimems="0.000" timestamp="2019-07-02T23:04:53.204" activeThreads="4">
  <mem-info id="2635" free="9246528" total="15335424" percent="60">
    <mem type="tenure" free="9246528" total="15335424" percent="60" micro-fragmented="45264" macro-fragmented="0">
      <mem type="soa" free="9246528" total="15182848" percent="60" />
      <mem type="loa" free="0" total="152576" percent="0" />
    </mem>
  </mem-info>
</gc-end>
<cycle-end id="2636" type="global" contextid="2629" timestamp="2019-07-02T23:04:53.204">
  <attribute name="GC Util" value="203" />
  <attribute name="CPU Util" value="14716424613046" />
  <attribute name="Time Running"value="3839"/>
  <attribute name="Number of cores"value="4"/>
</cycle-end>
<allocation-satisfied id="2637" threadId="0000000001129500" bytesRequested="40" />
<af-end id="2638" timestamp="2019-07-02T23:04:53.205" threadId="0000000001129E88" success="true" />
<exclusive-end id="2639" timestamp="2019-07-02T23:04:53.205" durationms="2.647" />

<exclusive-start id="2640" timestamp="2019-07-02T23:04:53.210" intervalms="7.840">
  <response-info timems="0.018" idlems="0.018" threads="0" lastid="0000000001129500" lastname="Thread-10" />
</exclusive-start>
<af-start id="2641" threadId="0000000001129E88" totalBytesRequested="136" timestamp="2019-07-02T23:04:53.210" intervalms="7.800" />
<cycle-start id="2642" type="global" contextid="0" timestamp="2019-07-02T23:04:53.210" intervalms="7.759" />
  <attribute name="GC Util" value="203" />
  <attribute name="CPU Util" value="14716424613046" />
  <attribute name="Time Running"value="3839"/>
  <attribute name="Number of cores"value="4"/>
<gc-start id="2643" type="global" contextid="2642" timestamp="2019-07-02T23:04:53.210">
  <mem-info id="2644" free="0" total="15335424" percent="0">
    <mem type="tenure" free="0" total="15335424" percent="0">
      <mem type="soa" free="0" total="15182848" percent="0" />
      <mem type="loa" free="0" total="152576" percent="0" />
    </mem>
  </mem-info>
</gc-start>
<allocation-stats totalBytes="9237896" >
  <allocated-bytes non-tlh="19056" tlh="9218840" />
  <largest-consumer threadName="Thread-9" threadId="0000000001130D00" bytes="3397080" />
</allocation-stats>
<gc-op id="2645" type="mark" timems="1.076" contextid="2642" timestamp="2019-07-02T23:04:53.212">
  <trace-info objectcount="65949" scancount="58374" scanbytes="2273900" />
  <finalization candidates="124" enqueued="0" />
  <ownableSynchronizers candidates="3" cleared="0" />
  <references type="soft" candidates="84" cleared="0" enqueued="0" dynamicThreshold="19" maxThreshold="32" />
  <references type="weak" candidates="774" cleared="0" enqueued="0" />
  <references type="phantom" candidates="63" cleared="0" enqueued="0" />
  <stringconstants candidates="4574" cleared="0"  />
</gc-op>
<gc-op id="2646" type="sweep" timems="0.267" contextid="2642" timestamp="2019-07-02T23:04:53.212" />
<gc-end id="2647" type="global" contextid="2642" durationms="1.833" usertimems="4.000" systemtimems="0.000" timestamp="2019-07-02T23:04:53.212" activeThreads="4">
  <mem-info id="2648" free="9268520" total="15335424" percent="60">
    <mem type="tenure" free="9268520" total="15335424" percent="60" micro-fragmented="97036" macro-fragmented="0">
      <mem type="soa" free="9268520" total="15182848" percent="61" />
      <mem type="loa" free="0" total="152576" percent="0" />
    </mem>
  </mem-info>
</gc-end>
<cycle-end id="2649" type="global" contextid="2642" timestamp="2019-07-02T23:04:53.212">
  <attribute name="GC Util" value="206" />
  <attribute name="CPU Util" value="15750307098613" />
  <attribute name="Time Running"value="3847"/>
  <attribute name="Number of cores"value="4"/>
</cycle-end>
<allocation-satisfied id="2650" threadId="0000000001129500" bytesRequested="136" />
<af-end id="2651" timestamp="2019-07-02T23:04:53.212" threadId="0000000001129E88" success="true" />
<exclusive-end id="2652" timestamp="2019-07-02T23:04:53.212" durationms="2.507" />

<exclusive-start id="2653" timestamp="2019-07-02T23:04:53.217" intervalms="7.073">
  <response-info timems="0.028" idlems="0.026" threads="1" lastid="0000000001130D00" lastname="Thread-9" />
</exclusive-start>
<af-start id="2654" threadId="0000000001129E88" totalBytesRequested="24" timestamp="2019-07-02T23:04:53.217" intervalms="7.062" />
<cycle-start id="2655" type="global" contextid="0" timestamp="2019-07-02T23:04:53.217" intervalms="7.033" />
  <attribute name="GC Util" value="206" />
  <attribute name="CPU Util" value="15750307098613" />
  <attribute name="Time Running"value="3847"/>
  <attribute name="Number of cores"value="4"/>
<gc-start id="2656" type="global" contextid="2655" timestamp="2019-07-02T23:04:53.217">
  <mem-info id="2657" free="0" total="15335424" percent="0">
    <mem type="tenure" free="0" total="15335424" percent="0">
      <mem type="soa" free="0" total="15182848" percent="0" />
      <mem type="loa" free="0" total="152576" percent="0" />
    </mem>
  </mem-info>
</gc-start>
<allocation-stats totalBytes="9261992" >
  <allocated-bytes non-tlh="0" tlh="9261992" />
  <largest-consumer threadName="Thread-9" threadId="0000000001130D00" bytes="2856808" />
</allocation-stats>
<gc-op id="2658" type="mark" timems="1.320" contextid="2655" timestamp="2019-07-02T23:04:53.219">
  <trace-info objectcount="68231" scancount="60647" scanbytes="2329268" />
  <finalization candidates="124" enqueued="0" />
  <ownableSynchronizers candidates="3" cleared="0" />
  <references type="soft" candidates="84" cleared="0" enqueued="0" dynamicThreshold="19" maxThreshold="32" />
  <references type="weak" candidates="774" cleared="0" enqueued="0" />
  <references type="phantom" candidates="63" cleared="0" enqueued="0" />
  <stringconstants candidates="4574" cleared="0"  />
</gc-op>
<gc-op id="2659" type="sweep" timems="0.305" contextid="2655" timestamp="2019-07-02T23:04:53.219" />
<heap-resize id="2660" type="expand" space="tenure" amount="1048576" count="1" timems="0.037" reason="excessive time being spent in gc" timestamp="2019-07-02T23:04:53.219" />
<gc-end id="2661" type="global" contextid="2655" durationms="2.165" usertimems="4.000" systemtimems="0.000" timestamp="2019-07-02T23:04:53.219" activeThreads="4">
  <mem-info id="2662" free="10197192" total="16384000" percent="62">
    <mem type="tenure" free="10197192" total="16384000" percent="62" micro-fragmented="178589" macro-fragmented="0">
      <mem type="soa" free="10033352" total="16220160" percent="61" />
      <mem type="loa" free="163840" total="163840" percent="100" />
    </mem>
  </mem-info>
</gc-end>
<cycle-end id="2663" type="global" contextid="2655" timestamp="2019-07-02T23:04:53.220">
  <attribute name="GC Util" value="172" />
  <attribute name="CPU Util" value="12996906911072" />
  <attribute name="Time Running"value="3854"/>
  <attribute name="Number of cores"value="4"/>
</cycle-end>
<allocation-satisfied id="2664" threadId="0000000001129500" bytesRequested="24" />
<af-end id="2665" timestamp="2019-07-02T23:04:53.220" threadId="0000000001129E88" success="true" />
<exclusive-end id="2666" timestamp="2019-07-02T23:04:53.220" durationms="2.813" />

<exclusive-start id="2667" timestamp="2019-07-02T23:04:53.225" intervalms="7.788">
  <response-info timems="0.022" idlems="0.022" threads="0" lastid="0000000001134900" lastname="Thread-7" />
</exclusive-start>
<af-start id="2668" threadId="0000000001135288" totalBytesRequested="40" timestamp="2019-07-02T23:04:53.225" intervalms="7.768" />
<cycle-start id="2669" type="global" contextid="0" timestamp="2019-07-02T23:04:53.225" intervalms="7.766" />
  <attribute name="GC Util" value="172" />
  <attribute name="CPU Util" value="12996906911072" />
  <attribute name="Time Running"value="3854"/>
  <attribute name="Number of cores"value="4"/>
<gc-start id="2670" type="global" contextid="2669" timestamp="2019-07-02T23:04:53.225">
  <mem-info id="2671" free="163840" total="16384000" percent="1">
    <mem type="tenure" free="163840" total="16384000" percent="1">
      <mem type="soa" free="0" total="16220160" percent="0" />
      <mem type="loa" free="163840" total="163840" percent="100" />
    </mem>
  </mem-info>
</gc-start>
<allocation-stats totalBytes="10020200" >
  <allocated-bytes non-tlh="0" tlh="10020200" />
  <largest-consumer threadName="Thread-9" threadId="0000000001130D00" bytes="2918104" />
</allocation-stats>
<gc-op id="2672" type="mark" timems="2.240" contextid="2669" timestamp="2019-07-02T23:04:53.227">
  <trace-info objectcount="70519" scancount="62927" scanbytes="2384228" />
  <finalization candidates="124" enqueued="0" />
  <ownableSynchronizers candidates="3" cleared="0" />
  <references type="soft" candidates="84" cleared="0" enqueued="0" dynamicThreshold="19" maxThreshold="32" />
  <references type="weak" candidates="774" cleared="0" enqueued="0" />
  <references type="phantom" candidates="63" cleared="0" enqueued="0" />
  <stringconstants candidates="4574" cleared="0"  />
</gc-op>
<gc-op id="2673" type="sweep" timems="0.801" contextid="2669" timestamp="2019-07-02T23:04:53.228" />
<gc-end id="2674" type="global" contextid="2669" durationms="3.411" usertimems="8.000" systemtimems="0.000" timestamp="2019-07-02T23:04:53.228" activeThreads="4">
  <mem-info id="2675" free="10215568" total="16384000" percent="62">
    <mem type="tenure" free="10215568" total="16384000" percent="62" micro-fragmented="104818" macro-fragmented="0">
      <mem type="soa" free="10051728" total="16220160" percent="61" />
      <mem type="loa" free="163840" total="163840" percent="100" />
    </mem>
  </mem-info>
</gc-end>
<cycle-end id="2676" type="global" contextid="2669" timestamp="2019-07-02T23:04:53.229">
  <attribute name="GC Util" value="255" />
  <attribute name="CPU Util" value="7910623729825" />
  <attribute name="Time Running"value="3863"/>
  <attribute name="Number of cores"value="4"/>
</cycle-end>
<allocation-satisfied id="2677" threadId="0000000001134900" bytesRequested="40" />
<af-end id="2678" timestamp="2019-07-02T23:04:53.229" threadId="0000000001135288" success="true" />
<exclusive-end id="2679" timestamp="2019-07-02T23:04:53.229" durationms="4.124" />

<exclusive-start id="2680" timestamp="2019-07-02T23:04:53.234" intervalms="9.335">
  <response-info timems="0.023" idlems="0.023" threads="0" lastid="0000000001129500" lastname="Thread-10" />
</exclusive-start>
<af-start id="2681" threadId="0000000001129E88" totalBytesRequested="40" timestamp="2019-07-02T23:04:53.234" intervalms="9.385" />
<cycle-start id="2682" type="global" contextid="0" timestamp="2019-07-02T23:04:53.234" intervalms="9.446" />
  <attribute name="GC Util" value="255" />
  <attribute name="CPU Util" value="7910623729825" />
  <attribute name="Time Running"value="3863"/>
  <attribute name="Number of cores"value="4"/>
<gc-start id="2683" type="global" contextid="2682" timestamp="2019-07-02T23:04:53.234">
  <mem-info id="2684" free="163840" total="16384000" percent="1">
    <mem type="tenure" free="163840" total="16384000" percent="1">
      <mem type="soa" free="0" total="16220160" percent="0" />
      <mem type="loa" free="163840" total="163840" percent="100" />
    </mem>
  </mem-info>
</gc-start>
<allocation-stats totalBytes="10034224" >
  <allocated-bytes non-tlh="0" tlh="10034224" />
  <largest-consumer threadName="Thread-9" threadId="0000000001130D00" bytes="2746592" />
</allocation-stats>
<gc-op id="2685" type="mark" timems="1.155" contextid="2682" timestamp="2019-07-02T23:04:53.236">
  <trace-info objectcount="71472" scancount="63893" scanbytes="2406908" />
  <finalization candidates="124" enqueued="0" />
  <ownableSynchronizers candidates="3" cleared="0" />
  <references type="soft" candidates="84" cleared="0" enqueued="0" dynamicThreshold="19" maxThreshold="32" />
  <references type="weak" candidates="774" cleared="0" enqueued="0" />
  <references type="phantom" candidates="63" cleared="0" enqueued="0" />
  <stringconstants candidates="4574" cleared="0"  />
</gc-op>
<gc-op id="2686" type="sweep" timems="0.352" contextid="2682" timestamp="2019-07-02T23:04:53.236" />
<gc-end id="2687" type="global" contextid="2682" durationms="1.887" usertimems="4.000" systemtimems="0.000" timestamp="2019-07-02T23:04:53.236" activeThreads="4">
  <mem-info id="2688" free="10138568" total="16384000" percent="61">
    <mem type="tenure" free="10138568" total="16384000" percent="61" micro-fragmented="147975" macro-fragmented="0">
      <mem type="soa" free="9974728" total="16220160" percent="61" />
      <mem type="loa" free="163840" total="163840" percent="100" />
    </mem>
  </mem-info>
</gc-end>
<cycle-end id="2689" type="global" contextid="2682" timestamp="2019-07-02T23:04:53.237">
  <attribute name="GC Util" value="213" />
  <attribute name="CPU Util" value="15186892610121" />
  <attribute name="Time Running"value="3871"/>
  <attribute name="Number of cores"value="4"/>
</cycle-end>
<allocation-satisfied id="2690" threadId="0000000001129500" bytesRequested="40" />
<af-end id="2691" timestamp="2019-07-02T23:04:53.237" threadId="0000000001129E88" success="true" />
<exclusive-end id="2692" timestamp="2019-07-02T23:04:53.237" durationms="2.706" />

<exclusive-start id="2693" timestamp="2019-07-02T23:04:53.242" intervalms="7.880">
  <response-info timems="0.021" idlems="0.021" threads="0" lastid="0000000001129500" lastname="Thread-10" />
</exclusive-start>
<af-start id="2694" threadId="0000000001129E88" totalBytesRequested="40" timestamp="2019-07-02T23:04:53.242" intervalms="7.855" />
<cycle-start id="2695" type="global" contextid="0" timestamp="2019-07-02T23:04:53.242" intervalms="7.826" />
  <attribute name="GC Util" value="213" />
  <attribute name="CPU Util" value="15186892610121" />
  <attribute name="Time Running"value="3871"/>
  <attribute name="Number of cores"value="4"/>
<gc-start id="2696" type="global" contextid="2695" timestamp="2019-07-02T23:04:53.242">
  <mem-info id="2697" free="163840" total="16384000" percent="1">
    <mem type="tenure" free="163840" total="16384000" percent="1">
      <mem type="soa" free="0" total="16220160" percent="0" />
      <mem type="loa" free="163840" total="163840" percent="100" />
    </mem>
  </mem-info>
</gc-start>
<allocation-stats totalBytes="9951576" >
  <allocated-bytes non-tlh="0" tlh="9951576" />
  <largest-consumer threadName="Thread-8" threadId="000000000112D100" bytes="2958016" />
</allocation-stats>
<gc-op id="2698" type="mark" timems="1.090" contextid="2695" timestamp="2019-07-02T23:04:53.243">
  <trace-info objectcount="72132" scancount="64560" scanbytes="2422972" />
  <finalization candidates="124" enqueued="0" />
  <ownableSynchronizers candidates="3" cleared="0" />
  <references type="soft" candidates="84" cleared="0" enqueued="0" dynamicThreshold="19" maxThreshold="32" />
  <references type="weak" candidates="774" cleared="0" enqueued="0" />
  <references type="phantom" candidates="63" cleared="0" enqueued="0" />
  <stringconstants candidates="4574" cleared="0"  />
</gc-op>
<gc-op id="2699" type="sweep" timems="0.376" contextid="2695" timestamp="2019-07-02T23:04:53.244" />
<heap-resize id="2700" type="contract" space="tenure" amount="131072" count="1" timems="0.054" reason="excess free space following gc" timestamp="2019-07-02T23:04:53.244" />
<gc-end id="2701" type="global" contextid="2695" durationms="1.921" usertimems="4.000" systemtimems="0.000" timestamp="2019-07-02T23:04:53.244" activeThreads="4">
  <mem-info id="2702" free="9777080" total="16252928" percent="60">
    <mem type="tenure" free="9777080" total="16252928" percent="60" micro-fragmented="248069" macro-fragmented="0">
      <mem type="soa" free="9777080" total="16091136" percent="60" />
      <mem type="loa" free="0" total="161792" percent="0" />
    </mem>
  </mem-info>
</gc-end>
<cycle-end id="2703" type="global" contextid="2695" timestamp="2019-07-02T23:04:53.244">
  <attribute name="GC Util" value="226" />
  <attribute name="CPU Util" value="16085560570932" />
  <attribute name="Time Running"value="3879"/>
  <attribute name="Number of cores"value="4"/>
</cycle-end>
<allocation-satisfied id="2704" threadId="0000000001129500" bytesRequested="40" />
<af-end id="2705" timestamp="2019-07-02T23:04:53.245" threadId="0000000001129E88" success="true" />
<exclusive-end id="2706" timestamp="2019-07-02T23:04:53.245" durationms="2.579" />

<exclusive-start id="2707" timestamp="2019-07-02T23:04:53.249" intervalms="7.442">
  <response-info timems="0.047" idlems="0.047" threads="0" lastid="0000000001130D00" lastname="Thread-9" />
</exclusive-start>
<af-start id="2708" threadId="0000000001131688" totalBytesRequested="40" timestamp="2019-07-02T23:04:53.250" intervalms="7.410" />
<cycle-start id="2709" type="global" contextid="0" timestamp="2019-07-02T23:04:53.250" intervalms="7.418" />
  <attribute name="GC Util" value="226" />
  <attribute name="CPU Util" value="16085560570932" />
  <attribute name="Time Running"value="3879"/>
  <attribute name="Number of cores"value="4"/>
<gc-start id="2710" type="global" contextid="2709" timestamp="2019-07-02T23:04:53.250">
  <mem-info id="2711" free="0" total="16252928" percent="0">
    <mem type="tenure" free="0" total="16252928" percent="0">
      <mem type="soa" free="0" total="16091136" percent="0" />
      <mem type="loa" free="0" total="161792" percent="0" />
    </mem>
  </mem-info>
</gc-start>
<allocation-stats totalBytes="9749400" >
  <allocated-bytes non-tlh="19056" tlh="9730344" />
  <largest-consumer threadName="Thread-8" threadId="000000000112D100" bytes="3337192" />
</allocation-stats>
<gc-op id="2712" type="mark" timems="1.888" contextid="2709" timestamp="2019-07-02T23:04:53.252">
  <trace-info objectcount="69239" scancount="61654" scanbytes="2353276" />
  <finalization candidates="124" enqueued="0" />
  <ownableSynchronizers candidates="3" cleared="0" />
  <references type="soft" candidates="84" cleared="0" enqueued="0" dynamicThreshold="19" maxThreshold="32" />
  <references type="weak" candidates="774" cleared="0" enqueued="0" />
  <references type="phantom" candidates="63" cleared="0" enqueued="0" />
  <stringconstants candidates="4574" cleared="0"  />
</gc-op>
<gc-op id="2713" type="sweep" timems="0.820" contextid="2709" timestamp="2019-07-02T23:04:53.253" />
<heap-resize id="2714" type="contract" space="tenure" amount="65536" count="1" timems="0.063" reason="excess free space following gc" timestamp="2019-07-02T23:04:53.253" />
<gc-end id="2715" type="global" contextid="2709" durationms="3.237" usertimems="8.000" systemtimems="0.000" timestamp="2019-07-02T23:04:53.253" activeThreads="4">
  <mem-info id="2716" free="9906160" total="16187392" percent="61">
    <mem type="tenure" free="9906160" total="16187392" percent="61" micro-fragmented="121644" macro-fragmented="0">
      <mem type="soa" free="9906160" total="16025600" percent="61" />
      <mem type="loa" free="0" total="161792" percent="0" />
    </mem>
  </mem-info>
</gc-end>
<cycle-end id="2717" type="global" contextid="2709" timestamp="2019-07-02T23:04:53.253">
  <attribute name="GC Util" value="246" />
  <attribute name="CPU Util" value="9171862779094" />
  <attribute name="Time Running"value="3887"/>
  <attribute name="Number of cores"value="4"/>
</cycle-end>
<allocation-satisfied id="2718" threadId="0000000001130D00" bytesRequested="40" />
<af-end id="2719" timestamp="2019-07-02T23:04:53.253" threadId="0000000001131688" success="true" />
<exclusive-end id="2720" timestamp="2019-07-02T23:04:53.253" durationms="3.817" />

<exclusive-start id="2721" timestamp="2019-07-02T23:04:53.258" intervalms="8.857">
  <response-info timems="0.021" idlems="0.021" threads="0" lastid="0000000001129500" lastname="Thread-10" />
</exclusive-start>
<af-start id="2722" threadId="0000000001129E88" totalBytesRequested="40" timestamp="2019-07-02T23:04:53.258" intervalms="8.937" />
<cycle-start id="2723" type="global" contextid="0" timestamp="2019-07-02T23:04:53.259" intervalms="8.945" />
  <attribute name="GC Util" value="246" />
  <attribute name="CPU Util" value="9171862779094" />
  <attribute name="Time Running"value="3887"/>
  <attribute name="Number of cores"value="4"/>
<gc-start id="2724" type="global" contextid="2723" timestamp="2019-07-02T23:04:53.259">
  <mem-info id="2725" free="0" total="16187392" percent="0">
    <mem type="tenure" free="0" total="16187392" percent="0">
      <mem type="soa" free="0" total="16025600" percent="0" />
      <mem type="loa" free="0" total="161792" percent="0" />
    </mem>
  </mem-info>
</gc-start>
<allocation-stats totalBytes="9899432" >
  <allocated-bytes non-tlh="0" tlh="9899432" />
  <largest-consumer threadName="Thread-8" threadId="000000000112D100" bytes="3101776" />
</allocation-stats>
<gc-op id="2726" type="mark" timems="1.116" contextid="2723" timestamp="2019-07-02T23:04:53.260">
  <trace-info objectcount="71416" scancount="63852" scanbytes="2405620" />
  <finalization candidates="124" enqueued="0" />
  <ownableSynchronizers candidates="3" cleared="0" />
  <references type="soft" candidates="84" cleared="0" enqueued="0" dynamicThreshold="19" maxThreshold="32" />
  <references type="weak" candidates="774" cleared="0" enqueued="0" />
  <references type="phantom" candidates="63" cleared="0" enqueued="0" />
  <stringconstants candidates="4574" cleared="0"  />
</gc-op>
<gc-op id="2727" type="sweep" timems="0.389" contextid="2723" timestamp="2019-07-02T23:04:53.260" />
<gc-end id="2728" type="global" contextid="2723" durationms="1.810" usertimems="4.000" systemtimems="0.000" timestamp="2019-07-02T23:04:53.260" activeThreads="4">
  <mem-info id="2729" free="9841552" total="16187392" percent="60">
    <mem type="tenure" free="9841552" total="16187392" percent="60" micro-fragmented="173854" macro-fragmented="0">
      <mem type="soa" free="9772520" total="16025600" percent="60" />
      <mem type="loa" free="69032" total="161792" percent="42" />
    </mem>
  </mem-info>
</gc-end>
<cycle-end id="2730" type="global" contextid="2723" timestamp="2019-07-02T23:04:53.261">
  <attribute name="GC Util" value="222" />
  <attribute name="CPU Util" value="15754759648780" />
  <attribute name="Time Running"value="3895"/>
  <attribute name="Number of cores"value="4"/>
</cycle-end>
<allocation-satisfied id="2731" threadId="0000000001129500" bytesRequested="40" />
<af-end id="2732" timestamp="2019-07-02T23:04:53.261" threadId="0000000001129E88" success="true" />
<exclusive-end id="2733" timestamp="2019-07-02T23:04:53.261" durationms="2.579" />

<exclusive-start id="2734" timestamp="2019-07-02T23:04:53.266" intervalms="7.354">
  <response-info timems="0.032" idlems="0.030" threads="1" lastid="000000000112D100" lastname="Thread-8" />
</exclusive-start>
<af-start id="2735" threadId="0000000001129E88" totalBytesRequested="24" timestamp="2019-07-02T23:04:53.266" intervalms="7.306" />
<cycle-start id="2736" type="global" contextid="0" timestamp="2019-07-02T23:04:53.266" intervalms="7.290" />
  <attribute name="GC Util" value="222" />
  <attribute name="CPU Util" value="15754759648780" />
  <attribute name="Time Running"value="3895"/>
  <attribute name="Number of cores"value="4"/>
<gc-start id="2737" type="global" contextid="2736" timestamp="2019-07-02T23:04:53.266">
  <mem-info id="2738" free="69032" total="16187392" percent="0">
    <mem type="tenure" free="69032" total="16187392" percent="0">
      <mem type="soa" free="0" total="16025600" percent="0" />
      <mem type="loa" free="69032" total="161792" percent="42" />
    </mem>
  </mem-info>
</gc-start>
<allocation-stats totalBytes="9749152" >
  <allocated-bytes non-tlh="19056" tlh="9730096" />
  <largest-consumer threadName="Thread-9" threadId="0000000001130D00" bytes="3288192" />
</allocation-stats>
<gc-op id="2739" type="mark" timems="1.149" contextid="2736" timestamp="2019-07-02T23:04:53.267">
  <trace-info objectcount="69441" scancount="61858" scanbytes="2358156" />
  <finalization candidates="124" enqueued="0" />
  <ownableSynchronizers candidates="3" cleared="0" />
  <references type="soft" candidates="84" cleared="0" enqueued="0" dynamicThreshold="19" maxThreshold="32" />
  <references type="weak" candidates="774" cleared="0" enqueued="0" />
  <references type="phantom" candidates="63" cleared="0" enqueued="0" />
  <stringconstants candidates="4574" cleared="0"  />
</gc-op>
<gc-op id="2740" type="sweep" timems="0.372" contextid="2736" timestamp="2019-07-02T23:04:53.268" />
<gc-end id="2741" type="global" contextid="2736" durationms="1.802" usertimems="4.000" systemtimems="0.000" timestamp="2019-07-02T23:04:53.268" activeThreads="4">
  <mem-info id="2742" free="9929544" total="16187392" percent="61">
    <mem type="tenure" free="9929544" total="16187392" percent="61" micro-fragmented="159836" macro-fragmented="0">
      <mem type="soa" free="9860512" total="16025600" percent="61" />
      <mem type="loa" free="69032" total="161792" percent="42" />
    </mem>
  </mem-info>
</gc-end>
<cycle-end id="2743" type="global" contextid="2736" timestamp="2019-07-02T23:04:53.268">
  <attribute name="GC Util" value="221" />
  <attribute name="CPU Util" value="15313978626403" />
  <attribute name="Time Running"value="3902"/>
  <attribute name="Number of cores"value="4"/>
</cycle-end>
<allocation-satisfied id="2744" threadId="0000000001129500" bytesRequested="24" />
<af-end id="2745" timestamp="2019-07-02T23:04:53.268" threadId="0000000001129E88" success="true" />
<exclusive-end id="2746" timestamp="2019-07-02T23:04:53.268" durationms="2.505" />

<exclusive-start id="2747" timestamp="2019-07-02T23:04:53.273" intervalms="7.357">
  <response-info timems="0.026" idlems="0.026" threads="2" lastid="0000000001130D00" lastname="Thread-9" />
</exclusive-start>
<af-start id="2748" threadId="000000000112DA88" totalBytesRequested="24" timestamp="2019-07-02T23:04:53.273" intervalms="7.355" />
<cycle-start id="2749" type="global" contextid="0" timestamp="2019-07-02T23:04:53.273" intervalms="7.354" />
  <attribute name="GC Util" value="221" />
  <attribute name="CPU Util" value="15313978626403" />
  <attribute name="Time Running"value="3902"/>
  <attribute name="Number of cores"value="4"/>
<gc-start id="2750" type="global" contextid="2749" timestamp="2019-07-02T23:04:53.273">
  <mem-info id="2751" free="69032" total="16187392" percent="0">
    <mem type="tenure" free="69032" total="16187392" percent="0">
      <mem type="soa" free="0" total="16025600" percent="0" />
      <mem type="loa" free="69032" total="161792" percent="42" />
    </mem>
  </mem-info>
</gc-start>
<allocation-stats totalBytes="9849560" >
  <allocated-bytes non-tlh="0" tlh="9849560" />
  <largest-consumer threadName="Thread-9" threadId="0000000001130D00" bytes="3263840" />
</allocation-stats>
<gc-op id="2752" type="mark" timems="2.421" contextid="2749" timestamp="2019-07-02T23:04:53.276">
  <trace-info objectcount="71516" scancount="63940" scanbytes="2407828" />
  <finalization candidates="124" enqueued="0" />
  <ownableSynchronizers candidates="3" cleared="0" />
  <references type="soft" candidates="84" cleared="0" enqueued="0" dynamicThreshold="19" maxThreshold="32" />
  <references type="weak" candidates="774" cleared="0" enqueued="0" />
  <references type="phantom" candidates="63" cleared="0" enqueued="0" />
  <stringconstants candidates="4574" cleared="0"  />
</gc-op>
<gc-op id="2753" type="sweep" timems="0.863" contextid="2749" timestamp="2019-07-02T23:04:53.277" />
<gc-end id="2754" type="global" contextid="2749" durationms="3.557" usertimems="8.000" systemtimems="0.000" timestamp="2019-07-02T23:04:53.277" activeThreads="4">
  <mem-info id="2755" free="9814768" total="16187392" percent="60">
    <mem type="tenure" free="9814768" total="16187392" percent="60" micro-fragmented="149847" macro-fragmented="0">
      <mem type="soa" free="9745736" total="16025600" percent="60" />
      <mem type="loa" free="69032" total="161792" percent="42" />
    </mem>
  </mem-info>
</gc-end>
<cycle-end id="2756" type="global" contextid="2749" timestamp="2019-07-02T23:04:53.277">
  <attribute name="GC Util" value="242" />
  <attribute name="CPU Util" value="7354492462117" />
  <attribute name="Time Running"value="3911"/>
  <attribute name="Number of cores"value="4"/>
</cycle-end>
<allocation-satisfied id="2757" threadId="000000000112D100" bytesRequested="24" />
<af-end id="2758" timestamp="2019-07-02T23:04:53.277" threadId="000000000112DA88" success="true" />
<exclusive-end id="2759" timestamp="2019-07-02T23:04:53.277" durationms="4.079" />

<exclusive-start id="2760" timestamp="2019-07-02T23:04:53.282" intervalms="8.714">
  <response-info timems="0.019" idlems="0.019" threads="1" lastid="0000000001130D00" lastname="Thread-9" />
</exclusive-start>
<af-start id="2761" threadId="000000000112DA88" totalBytesRequested="40" timestamp="2019-07-02T23:04:53.282" intervalms="8.712" />
<cycle-start id="2762" type="global" contextid="0" timestamp="2019-07-02T23:04:53.282" intervalms="8.715" />
  <attribute name="GC Util" value="242" />
  <attribute name="CPU Util" value="7354492462117" />
  <attribute name="Time Running"value="3911"/>
  <attribute name="Number of cores"value="4"/>
<gc-start id="2763" type="global" contextid="2762" timestamp="2019-07-02T23:04:53.282">
  <mem-info id="2764" free="69032" total="16187392" percent="0">
    <mem type="tenure" free="69032" total="16187392" percent="0">
      <mem type="soa" free="0" total="16025600" percent="0" />
      <mem type="loa" free="69032" total="161792" percent="42" />
    </mem>
  </mem-info>
</gc-start>
<allocation-stats totalBytes="9712672" >
  <allocated-bytes non-tlh="19056" tlh="9693616" />
  <largest-consumer threadName="Thread-9" threadId="0000000001130D00" bytes="2902512" />
</allocation-stats>
<gc-op id="2765" type="mark" timems="2.139" contextid="2762" timestamp="2019-07-02T23:04:53.284">
  <trace-info objectcount="68825" scancount="61257" scanbytes="2343276" />
  <finalization candidates="124" enqueued="0" />
  <ownableSynchronizers candidates="3" cleared="0" />
  <references type="soft" candidates="84" cleared="0" enqueued="0" dynamicThreshold="19" maxThreshold="32" />
  <references type="weak" candidates="774" cleared="0" enqueued="0" />
  <references type="phantom" candidates="63" cleared="0" enqueued="0" />
  <stringconstants candidates="4574" cleared="0"  />
</gc-op>
<gc-op id="2766" type="sweep" timems="0.891" contextid="2762" timestamp="2019-07-02T23:04:53.285" />
<mem-info id="2767" free="9960952" total="16187392" percent="61">
  <mem type="tenure" free="9960952" total="16187392" percent="61" micro-fragmented="146432" macro-fragmented="0">
    <mem type="soa" free="9865928" total="16025600" percent="61" />
    <mem type="loa" free="95024" total="161792" percent="58" />
  </mem>
</mem-info>
<gc-op id="2768" type="compact" timems="5.977" contextid="2762" timestamp="2019-07-02T23:04:53.291">
  <compact-info movecount="29086" movebytes="1248976" reason="compact to aid heap contraction" />
</gc-op>
<heap-resize id="2769" type="contract" space="tenure" amount="131072" count="1" timems="0.067" reason="excess free space following gc" timestamp="2019-07-02T23:04:53.291" />
<gc-end id="2770" type="global" contextid="2762" durationms="9.586" usertimems="16.000" systemtimems="0.000" timestamp="2019-07-02T23:04:53.292" activeThreads="4">
  <mem-info id="2771" free="10147416" total="16056320" percent="63">
    <mem type="tenure" free="10147416" total="16056320" percent="63">
      <mem type="soa" free="10018392" total="15896576" percent="63" />
      <mem type="loa" free="129024" total="159744" percent="80" />
    </mem>
  </mem-info>
</gc-end>
<cycle-end id="2772" type="global" contextid="2762" timestamp="2019-07-02T23:04:53.292">
  <attribute name="GC Util" value="141" />
  <attribute name="CPU Util" value="17400618720859" />
  <attribute name="Time Running"value="3921"/>
  <attribute name="Number of cores"value="4"/>
</cycle-end>
<allocation-satisfied id="2773" threadId="000000000112D100" bytesRequested="40" />
<af-end id="2774" timestamp="2019-07-02T23:04:53.292" threadId="000000000112DA88" success="true" />
<exclusive-end id="2775" timestamp="2019-07-02T23:04:53.292" durationms="10.175" />

<exclusive-start id="2776" timestamp="2019-07-02T23:04:53.297" intervalms="15.054">
  <response-info timems="0.022" idlems="0.020" threads="1" lastid="0000000001134900" lastname="Thread-7" />
</exclusive-start>
<af-start id="2777" threadId="000000000112DA88" totalBytesRequested="24" timestamp="2019-07-02T23:04:53.297" intervalms="15.010" />
<cycle-start id="2778" type="global" contextid="0" timestamp="2019-07-02T23:04:53.297" intervalms="14.963" />
  <attribute name="GC Util" value="141" />
  <attribute name="CPU Util" value="17400618720859" />
  <attribute name="Time Running"value="3921"/>
  <attribute name="Number of cores"value="4"/>
<gc-start id="2779" type="global" contextid="2778" timestamp="2019-07-02T23:04:53.297">
  <mem-info id="2780" free="129024" total="16056320" percent="0">
    <mem type="tenure" free="129024" total="16056320" percent="0">
      <mem type="soa" free="0" total="15896576" percent="0" />
      <mem type="loa" free="129024" total="159744" percent="80" />
    </mem>
  </mem-info>
</gc-start>
<allocation-stats totalBytes="10083024" >
  <allocated-bytes non-tlh="0" tlh="10083024" />
  <largest-consumer threadName="Thread-9" threadId="0000000001130D00" bytes="2981680" />
</allocation-stats>
<gc-op id="2781" type="mark" timems="1.915" contextid="2778" timestamp="2019-07-02T23:04:53.299">
  <trace-info objectcount="61456" scancount="53878" scanbytes="2032752" />
  <finalization candidates="124" enqueued="0" />
  <ownableSynchronizers candidates="3" cleared="0" />
  <references type="soft" candidates="84" cleared="0" enqueued="0" dynamicThreshold="20" maxThreshold="32" />
  <references type="weak" candidates="774" cleared="0" enqueued="0" />
  <references type="phantom" candidates="63" cleared="0" enqueued="0" />
  <stringconstants candidates="4574" cleared="0"  />
</gc-op>
<gc-op id="2782" type="sweep" timems="0.695" contextid="2778" timestamp="2019-07-02T23:04:53.300" />
<heap-resize id="2783" type="contract" space="tenure" amount="131072" count="1" timems="0.078" reason="excess free space following gc" timestamp="2019-07-02T23:04:53.300" />
<gc-end id="2784" type="global" contextid="2778" durationms="3.061" usertimems="4.000" systemtimems="4.000" timestamp="2019-07-02T23:04:53.300" activeThreads="4">
  <mem-info id="2785" free="10263032" total="15925248" percent="64">
    <mem type="tenure" free="10263032" total="15925248" percent="64" micro-fragmented="134514" macro-fragmented="0">
      <mem type="soa" free="10160096" total="15766528" percent="64" />
      <mem type="loa" free="102936" total="158720" percent="64" />
    </mem>
  </mem-info>
</gc-end>
<cycle-end id="2786" type="global" contextid="2778" timestamp="2019-07-02T23:04:53.300">
  <attribute name="GC Util" value="239" />
  <attribute name="CPU Util" value="9202950611046" />
  <attribute name="Time Running"value="3934"/>
  <attribute name="Number of cores"value="4"/>
</cycle-end>
<allocation-satisfied id="2787" threadId="000000000112D100" bytesRequested="24" />
<af-end id="2788" timestamp="2019-07-02T23:04:53.300" threadId="000000000112DA88" success="true" />
<exclusive-end id="2789" timestamp="2019-07-02T23:04:53.300" durationms="3.546" />

<exclusive-start id="2790" timestamp="2019-07-02T23:04:53.305" intervalms="8.349">
  <response-info timems="0.032" idlems="0.032" threads="0" lastid="000000000112D100" lastname="Thread-8" />
</exclusive-start>
<af-start id="2791" threadId="000000000112DA88" totalBytesRequested="40" timestamp="2019-07-02T23:04:53.305" intervalms="8.352" />
<cycle-start id="2792" type="global" contextid="0" timestamp="2019-07-02T23:04:53.305" intervalms="8.364" />
  <attribute name="GC Util" value="239" />
  <attribute name="CPU Util" value="9202950611046" />
  <attribute name="Time Running"value="3934"/>
  <attribute name="Number of cores"value="4"/>
<gc-start id="2793" type="global" contextid="2792" timestamp="2019-07-02T23:04:53.305">
  <mem-info id="2794" free="102936" total="15925248" percent="0">
    <mem type="tenure" free="102936" total="15925248" percent="0">
      <mem type="soa" free="0" total="15766528" percent="0" />
      <mem type="loa" free="102936" total="158720" percent="64" />
    </mem>
  </mem-info>
</gc-start>
<allocation-stats totalBytes="10156176" >
  <allocated-bytes non-tlh="0" tlh="10156176" />
  <largest-consumer threadName="Thread-9" threadId="0000000001130D00" bytes="3356816" />
</allocation-stats>
<gc-op id="2795" type="mark" timems="1.887" contextid="2792" timestamp="2019-07-02T23:04:53.307">
  <trace-info objectcount="66131" scancount="58554" scanbytes="2278780" />
  <finalization candidates="124" enqueued="0" />
  <ownableSynchronizers candidates="3" cleared="0" />
  <references type="soft" candidates="84" cleared="0" enqueued="0" dynamicThreshold="20" maxThreshold="32" />
  <references type="weak" candidates="774" cleared="0" enqueued="0" />
  <references type="phantom" candidates="63" cleared="0" enqueued="0" />
  <stringconstants candidates="4574" cleared="0"  />
</gc-op>
<gc-op id="2796" type="sweep" timems="0.729" contextid="2792" timestamp="2019-07-02T23:04:53.308" />
<heap-resize id="2797" type="contract" space="tenure" amount="131072" count="1" timems="0.051" reason="excess free space following gc" timestamp="2019-07-02T23:04:53.308" />
<gc-end id="2798" type="global" contextid="2792" durationms="2.981" usertimems="4.000" systemtimems="0.000" timestamp="2019-07-02T23:04:53.308" activeThreads="4">
  <mem-info id="2799" free="9770352" total="15794176" percent="61">
    <mem type="tenure" free="9770352" total="15794176" percent="61" micro-fragmented="132429" macro-fragmented="0">
      <mem type="soa" free="9770352" total="15636480" percent="62" />
      <mem type="loa" free="0" total="157696" percent="0" />
    </mem>
  </mem-info>
</gc-end>
<cycle-end id="2800" type="global" contextid="2792" timestamp="2019-07-02T23:04:53.308">
  <attribute name="GC Util" value="253" />
  <attribute name="CPU Util" value="9532127086563" />
  <attribute name="Time Running"value="3943"/>
  <attribute name="Number of cores"value="4"/>
</cycle-end>
<allocation-satisfied id="2801" threadId="000000000112D100" bytesRequested="40" />
<af-end id="2802" timestamp="2019-07-02T23:04:53.308" threadId="000000000112DA88" success="true" />
<exclusive-end id="2803" timestamp="2019-07-02T23:04:53.308" durationms="3.352" />

<exclusive-start id="2804" timestamp="2019-07-02T23:04:53.313" intervalms="8.346">
  <response-info timems="0.025" idlems="0.025" threads="0" lastid="0000000001134900" lastname="Thread-7" />
</exclusive-start>
<af-start id="2805" threadId="0000000001135288" totalBytesRequested="40" timestamp="2019-07-02T23:04:53.314" intervalms="8.366" />
<cycle-start id="2806" type="global" contextid="0" timestamp="2019-07-02T23:04:53.314" intervalms="8.403" />
  <attribute name="GC Util" value="253" />
  <attribute name="CPU Util" value="9532127086563" />
  <attribute name="Time Running"value="3943"/>
  <attribute name="Number of cores"value="4"/>
<gc-start id="2807" type="global" contextid="2806" timestamp="2019-07-02T23:04:53.314">
  <mem-info id="2808" free="0" total="15794176" percent="0">
    <mem type="tenure" free="0" total="15794176" percent="0">
      <mem type="soa" free="0" total="15636480" percent="0" />
      <mem type="loa" free="0" total="157696" percent="0" />
    </mem>
  </mem-info>
</gc-start>
<allocation-stats totalBytes="9764624" >
  <allocated-bytes non-tlh="0" tlh="9764624" />
  <largest-consumer threadName="Thread-9" threadId="0000000001130D00" bytes="2883432" />
</allocation-stats>
<gc-op id="2809" type="mark" timems="1.812" contextid="2806" timestamp="2019-07-02T23:04:53.316">
  <trace-info objectcount="66898" scancount="59333" scanbytes="2297204" />
  <finalization candidates="124" enqueued="0" />
  <ownableSynchronizers candidates="3" cleared="0" />
  <references type="soft" candidates="84" cleared="0" enqueued="0" dynamicThreshold="19" maxThreshold="32" />
  <references type="weak" candidates="774" cleared="0" enqueued="0" />
  <references type="phantom" candidates="63" cleared="0" enqueued="0" />
  <stringconstants candidates="4574" cleared="0"  />
</gc-op>
<gc-op id="2810" type="sweep" timems="0.784" contextid="2806" timestamp="2019-07-02T23:04:53.317" />
<mem-info id="2811" free="9782784" total="15794176" percent="61">
  <mem type="tenure" free="9782784" total="15794176" percent="61" micro-fragmented="103346" macro-fragmented="0">
    <mem type="soa" free="9714344" total="15636480" percent="62" />
    <mem type="loa" free="68440" total="157696" percent="43" />
  </mem>
</mem-info>
<gc-op id="2812" type="compact" timems="5.712" contextid="2806" timestamp="2019-07-02T23:04:53.323">
  <compact-info movecount="27158" movebytes="1202880" reason="compact to aid heap contraction" />
</gc-op>
<heap-resize id="2813" type="contract" space="tenure" amount="131072" count="1" timems="0.078" reason="excess free space following gc" timestamp="2019-07-02T23:04:53.323" />
<gc-end id="2814" type="global" contextid="2806" durationms="9.294" usertimems="16.000" systemtimems="0.000" timestamp="2019-07-02T23:04:53.323" activeThreads="4">
  <mem-info id="2815" free="9804368" total="15663104" percent="62">
    <mem type="tenure" free="9804368" total="15663104" percent="62">
      <mem type="soa" free="9675344" total="15507456" percent="62" />
      <mem type="loa" free="129024" total="155648" percent="82" />
    </mem>
  </mem-info>
</gc-end>
<cycle-end id="2816" type="global" contextid="2806" timestamp="2019-07-02T23:04:53.323">
  <attribute name="GC Util" value="145" />
  <attribute name="CPU Util" value="18448053727233" />
  <attribute name="Time Running"value="3952"/>
  <attribute name="Number of cores"value="4"/>
</cycle-end>
<allocation-satisfied id="2817" threadId="0000000001134900" bytesRequested="40" />
<af-end id="2818" timestamp="2019-07-02T23:04:53.323" threadId="0000000001135288" success="true" />
<exclusive-end id="2819" timestamp="2019-07-02T23:04:53.324" durationms="10.022" />

<exclusive-start id="2820" timestamp="2019-07-02T23:04:53.328" intervalms="14.721">
  <response-info timems="0.023" idlems="0.023" threads="0" lastid="0000000001134900" lastname="Thread-7" />
</exclusive-start>
<af-start id="2821" threadId="0000000001135288" totalBytesRequested="48" timestamp="2019-07-02T23:04:53.328" intervalms="14.750" />
<cycle-start id="2822" type="global" contextid="0" timestamp="2019-07-02T23:04:53.328" intervalms="14.744" />
  <attribute name="GC Util" value="145" />
  <attribute name="CPU Util" value="18448053727233" />
  <attribute name="Time Running"value="3952"/>
  <attribute name="Number of cores"value="4"/>
<gc-start id="2823" type="global" contextid="2822" timestamp="2019-07-02T23:04:53.328">
  <mem-info id="2824" free="129024" total="15663104" percent="0">
    <mem type="tenure" free="129024" total="15663104" percent="0">
      <mem type="soa" free="0" total="15507456" percent="0" />
      <mem type="loa" free="129024" total="155648" percent="82" />
    </mem>
  </mem-info>
</gc-start>
<allocation-stats totalBytes="9739512" >
  <allocated-bytes non-tlh="0" tlh="9739512" />
  <largest-consumer threadName="Thread-9" threadId="0000000001130D00" bytes="2850416" />
</allocation-stats>
<gc-op id="2825" type="mark" timems="2.027" contextid="2822" timestamp="2019-07-02T23:04:53.331">
  <trace-info objectcount="59835" scancount="52255" scanbytes="2056572" />
  <finalization candidates="124" enqueued="0" />
  <ownableSynchronizers candidates="3" cleared="0" />
  <references type="soft" candidates="84" cleared="0" enqueued="0" dynamicThreshold="20" maxThreshold="32" />
  <references type="weak" candidates="774" cleared="0" enqueued="0" />
  <references type="phantom" candidates="63" cleared="0" enqueued="0" />
  <stringconstants candidates="4574" cleared="0"  />
</gc-op>
<gc-op id="2826" type="sweep" timems="0.714" contextid="2822" timestamp="2019-07-02T23:04:53.331" />
<heap-resize id="2827" type="contract" space="tenure" amount="131072" count="1" timems="0.074" reason="excess free space following gc" timestamp="2019-07-02T23:04:53.332" />
<gc-end id="2828" type="global" contextid="2822" durationms="3.260" usertimems="8.000" systemtimems="0.000" timestamp="2019-07-02T23:04:53.332" activeThreads="4">
  <mem-info id="2829" free="9839456" total="15532032" percent="63">
    <mem type="tenure" free="9839456" total="15532032" percent="63" micro-fragmented="95651" macro-fragmented="0">
      <mem type="soa" free="9750960" total="15377408" percent="63" />
      <mem type="loa" free="88496" total="154624" percent="57" />
    </mem>
  </mem-info>
</gc-end>
<cycle-end id="2830" type="global" contextid="2822" timestamp="2019-07-02T23:04:53.332">
  <attribute name="GC Util" value="246" />
  <attribute name="CPU Util" value="8656695981812" />
  <attribute name="Time Running"value="3966"/>
  <attribute name="Number of cores"value="4"/>
</cycle-end>
<allocation-satisfied id="2831" threadId="0000000001134900" bytesRequested="48" />
<af-end id="2832" timestamp="2019-07-02T23:04:53.332" threadId="0000000001135288" success="true" />
<exclusive-end id="2833" timestamp="2019-07-02T23:04:53.332" durationms="3.901" />

<exclusive-start id="2834" timestamp="2019-07-02T23:04:53.336" intervalms="8.191">
  <response-info timems="0.022" idlems="0.022" threads="0" lastid="0000000001134900" lastname="Thread-7" />
</exclusive-start>
<af-start id="2835" threadId="0000000001135288" totalBytesRequested="40" timestamp="2019-07-02T23:04:53.336" intervalms="8.148" />
<cycle-start id="2836" type="global" contextid="0" timestamp="2019-07-02T23:04:53.337" intervalms="8.114" />
  <attribute name="GC Util" value="246" />
  <attribute name="CPU Util" value="8656695981812" />
  <attribute name="Time Running"value="3966"/>
  <attribute name="Number of cores"value="4"/>
<gc-start id="2837" type="global" contextid="2836" timestamp="2019-07-02T23:04:53.337">
  <mem-info id="2838" free="88496" total="15532032" percent="0">
    <mem type="tenure" free="88496" total="15532032" percent="0">
      <mem type="soa" free="0" total="15377408" percent="0" />
      <mem type="loa" free="88496" total="154624" percent="57" />
    </mem>
  </mem-info>
</gc-start>
<allocation-stats totalBytes="9811232" >
  <allocated-bytes non-tlh="0" tlh="9811232" />
  <largest-consumer threadName="Thread-7" threadId="0000000001134900" bytes="3295752" />
</allocation-stats>
<gc-op id="2839" type="mark" timems="2.291" contextid="2836" timestamp="2019-07-02T23:04:53.339">
  <trace-info objectcount="64787" scancount="57211" scanbytes="2246204" />
  <finalization candidates="124" enqueued="0" />
  <ownableSynchronizers candidates="3" cleared="0" />
  <references type="soft" candidates="84" cleared="0" enqueued="0" dynamicThreshold="20" maxThreshold="32" />
  <references type="weak" candidates="774" cleared="0" enqueued="0" />
  <references type="phantom" candidates="63" cleared="0" enqueued="0" />
  <stringconstants candidates="4574" cleared="0"  />
</gc-op>
<gc-op id="2840" type="sweep" timems="0.731" contextid="2836" timestamp="2019-07-02T23:04:53.340" />
<mem-info id="2841" free="9703768" total="15532032" percent="62">
  <mem type="tenure" free="9703768" total="15532032" percent="62" micro-fragmented="96784" macro-fragmented="0">
    <mem type="soa" free="9615272" total="15377408" percent="62" />
    <mem type="loa" free="88496" total="154624" percent="57" />
  </mem>
</mem-info>
<gc-op id="2842" type="compact" timems="5.228" contextid="2836" timestamp="2019-07-02T23:04:53.345">
  <compact-info movecount="25047" movebytes="1151880" reason="compact to aid heap contraction" />
</gc-op>
<heap-resize id="2843" type="contract" space="tenure" amount="131072" count="1" timems="0.083" reason="excess free space following gc" timestamp="2019-07-02T23:04:53.346" />
<gc-end id="2844" type="global" contextid="2836" durationms="9.097" usertimems="12.000" systemtimems="4.000" timestamp="2019-07-02T23:04:53.346" activeThreads="4">
  <mem-info id="2845" free="9596296" total="15400960" percent="62">
    <mem type="tenure" free="9596296" total="15400960" percent="62">
      <mem type="soa" free="9466248" total="15247360" percent="62" />
      <mem type="loa" free="130048" total="153600" percent="84" />
    </mem>
  </mem-info>
</gc-end>
<cycle-end id="2846" type="global" contextid="2836" timestamp="2019-07-02T23:04:53.346">
  <attribute name="GC Util" value="154" />
  <attribute name="CPU Util" value="19171403805455" />
  <attribute name="Time Running"value="3975"/>
  <attribute name="Number of cores"value="4"/>
</cycle-end>
<allocation-satisfied id="2847" threadId="0000000001134900" bytesRequested="40" />
<af-end id="2848" timestamp="2019-07-02T23:04:53.346" threadId="0000000001135288" success="true" />
<exclusive-end id="2849" timestamp="2019-07-02T23:04:53.346" durationms="9.783" />

<exclusive-start id="2850" timestamp="2019-07-02T23:04:53.350" intervalms="13.893">
  <response-info timems="0.022" idlems="0.022" threads="0" lastid="0000000001134900" lastname="Thread-7" />
</exclusive-start>
<af-start id="2851" threadId="0000000001135288" totalBytesRequested="40" timestamp="2019-07-02T23:04:53.350" intervalms="13.933" />
<cycle-start id="2852" type="global" contextid="0" timestamp="2019-07-02T23:04:53.350" intervalms="13.971" />
  <attribute name="GC Util" value="154" />
  <attribute name="CPU Util" value="19171403805455" />
  <attribute name="Time Running"value="3975"/>
  <attribute name="Number of cores"value="4"/>
<gc-start id="2853" type="global" contextid="2852" timestamp="2019-07-02T23:04:53.351">
  <mem-info id="2854" free="130048" total="15400960" percent="0">
    <mem type="tenure" free="130048" total="15400960" percent="0">
      <mem type="soa" free="0" total="15247360" percent="0" />
      <mem type="loa" free="130048" total="153600" percent="84" />
    </mem>
  </mem-info>
</gc-start>
<allocation-stats totalBytes="9530808" >
  <allocated-bytes non-tlh="0" tlh="9530808" />
  <largest-consumer threadName="Thread-7" threadId="0000000001134900" bytes="3112688" />
</allocation-stats>
<gc-op id="2855" type="mark" timems="2.053" contextid="2852" timestamp="2019-07-02T23:04:53.353">
  <trace-info objectcount="65859" scancount="58283" scanbytes="2272284" />
  <finalization candidates="124" enqueued="0" />
  <ownableSynchronizers candidates="3" cleared="0" />
  <references type="soft" candidates="84" cleared="0" enqueued="0" dynamicThreshold="19" maxThreshold="32" />
  <references type="weak" candidates="774" cleared="0" enqueued="0" />
  <references type="phantom" candidates="63" cleared="0" enqueued="0" />
  <stringconstants candidates="4574" cleared="0"  />
</gc-op>
<gc-op id="2856" type="sweep" timems="0.599" contextid="2852" timestamp="2019-07-02T23:04:53.353" />
<heap-resize id="2857" type="contract" space="tenure" amount="131072" count="1" timems="0.044" reason="excess free space following gc" timestamp="2019-07-02T23:04:53.354" />
<gc-end id="2858" type="global" contextid="2852" durationms="3.106" usertimems="0.000" systemtimems="8.000" timestamp="2019-07-02T23:04:53.354" activeThreads="4">
  <mem-info id="2859" free="9430528" total="15269888" percent="61">
    <mem type="tenure" free="9430528" total="15269888" percent="61" micro-fragmented="15131" macro-fragmented="0">
      <mem type="soa" free="9364192" total="15117312" percent="61" />
      <mem type="loa" free="66336" total="152576" percent="43" />
    </mem>
  </mem-info>
</gc-end>
<cycle-end id="2860" type="global" contextid="2852" timestamp="2019-07-02T23:04:53.354">
  <attribute name="GC Util" value="244" />
  <attribute name="CPU Util" value="8755275527397" />
  <attribute name="Time Running"value="3988"/>
  <attribute name="Number of cores"value="4"/>
</cycle-end>
<allocation-satisfied id="2861" threadId="0000000001134900" bytesRequested="40" />
<af-end id="2862" timestamp="2019-07-02T23:04:53.354" threadId="0000000001135288" success="true" />
<exclusive-end id="2863" timestamp="2019-07-02T23:04:53.354" durationms="3.751" />

<exclusive-start id="2864" timestamp="2019-07-02T23:04:53.358" intervalms="8.017">
  <response-info timems="0.022" idlems="0.022" threads="0" lastid="0000000001129500" lastname="Thread-10" />
</exclusive-start>
<af-start id="2865" threadId="0000000001129E88" totalBytesRequested="40" timestamp="2019-07-02T23:04:53.358" intervalms="8.030" />
<cycle-start id="2866" type="global" contextid="0" timestamp="2019-07-02T23:04:53.359" intervalms="8.031" />
  <attribute name="GC Util" value="244" />
  <attribute name="CPU Util" value="8755275527397" />
  <attribute name="Time Running"value="3988"/>
  <attribute name="Number of cores"value="4"/>
<gc-start id="2867" type="global" contextid="2866" timestamp="2019-07-02T23:04:53.359">
  <mem-info id="2868" free="66336" total="15269888" percent="0">
    <mem type="tenure" free="66336" total="15269888" percent="0">
      <mem type="soa" free="0" total="15117312" percent="0" />
      <mem type="loa" free="66336" total="152576" percent="43" />
    </mem>
  </mem-info>
</gc-start>
<allocation-stats totalBytes="9359136" >
  <allocated-bytes non-tlh="0" tlh="9359136" />
  <largest-consumer threadName="Thread-7" threadId="0000000001134900" bytes="3039632" />
</allocation-stats>
<gc-op id="2869" type="mark" timems="1.183" contextid="2866" timestamp="2019-07-02T23:04:53.360">
  <trace-info objectcount="66959" scancount="59386" scanbytes="2298396" />
  <finalization candidates="124" enqueued="0" />
  <ownableSynchronizers candidates="3" cleared="0" />
  <references type="soft" candidates="84" cleared="0" enqueued="0" dynamicThreshold="19" maxThreshold="32" />
  <references type="weak" candidates="774" cleared="0" enqueued="0" />
  <references type="phantom" candidates="63" cleared="0" enqueued="0" />
  <stringconstants candidates="4574" cleared="0"  />
</gc-op>
<gc-op id="2870" type="sweep" timems="0.295" contextid="2866" timestamp="2019-07-02T23:04:53.360" />
<heap-resize id="2871" type="contract" space="tenure" amount="65536" count="1" timems="0.048" reason="excess free space following gc" timestamp="2019-07-02T23:04:53.361" />
<gc-end id="2872" type="global" contextid="2866" durationms="2.062" usertimems="4.000" systemtimems="0.000" timestamp="2019-07-02T23:04:53.361" activeThreads="4">
  <mem-info id="2873" free="9258864" total="15204352" percent="60">
    <mem type="tenure" free="9258864" total="15204352" percent="60" micro-fragmented="9265" macro-fragmented="0">
      <mem type="soa" free="9258864" total="15052800" percent="61" />
      <mem type="loa" free="0" total="151552" percent="0" />
    </mem>
  </mem-info>
</gc-end>
<cycle-end id="2874" type="global" contextid="2866" timestamp="2019-07-02T23:04:53.361">
  <attribute name="GC Util" value="198" />
  <attribute name="CPU Util" value="14885697936656" />
  <attribute name="Time Running"value="3995"/>
  <attribute name="Number of cores"value="4"/>
</cycle-end>
<allocation-satisfied id="2875" threadId="0000000001129500" bytesRequested="40" />
<af-end id="2876" timestamp="2019-07-02T23:04:53.361" threadId="0000000001129E88" success="true" />
<exclusive-end id="2877" timestamp="2019-07-02T23:04:53.361" durationms="2.690" />

<exclusive-start id="2878" timestamp="2019-07-02T23:04:53.365" intervalms="7.094">
  <response-info timems="0.030" idlems="0.030" threads="0" lastid="0000000001134900" lastname="Thread-7" />
</exclusive-start>
<af-start id="2879" threadId="0000000001135288" totalBytesRequested="40" timestamp="2019-07-02T23:04:53.366" intervalms="7.079" />
<cycle-start id="2880" type="global" contextid="0" timestamp="2019-07-02T23:04:53.366" intervalms="7.080" />
  <attribute name="GC Util" value="198" />
  <attribute name="CPU Util" value="14885697936656" />
  <attribute name="Time Running"value="3995"/>
  <attribute name="Number of cores"value="4"/>
<gc-start id="2881" type="global" contextid="2880" timestamp="2019-07-02T23:04:53.366">
  <mem-info id="2882" free="0" total="15204352" percent="0">
    <mem type="tenure" free="0" total="15204352" percent="0">
      <mem type="soa" free="0" total="15052800" percent="0" />
      <mem type="loa" free="0" total="151552" percent="0" />
    </mem>
  </mem-info>
</gc-start>
<allocation-stats totalBytes="9248008" >
  <allocated-bytes non-tlh="0" tlh="9248008" />
  <largest-consumer threadName="Thread-7" threadId="0000000001134900" bytes="2977696" />
</allocation-stats>
<gc-op id="2883" type="mark" timems="2.166" contextid="2880" timestamp="2019-07-02T23:04:53.368">
  <trace-info objectcount="68017" scancount="60427" scanbytes="2323996" />
  <finalization candidates="124" enqueued="0" />
  <ownableSynchronizers candidates="3" cleared="0" />
  <references type="soft" candidates="84" cleared="0" enqueued="0" dynamicThreshold="19" maxThreshold="32" />
  <references type="weak" candidates="774" cleared="0" enqueued="0" />
  <references type="phantom" candidates="63" cleared="0" enqueued="0" />
  <stringconstants candidates="4574" cleared="0"  />
</gc-op>
<gc-op id="2884" type="sweep" timems="0.757" contextid="2880" timestamp="2019-07-02T23:04:53.369" />
<gc-end id="2885" type="global" contextid="2880" durationms="3.402" usertimems="4.000" systemtimems="4.000" timestamp="2019-07-02T23:04:53.369" activeThreads="4">
  <mem-info id="2886" free="9300952" total="15204352" percent="61">
    <mem type="tenure" free="9300952" total="15204352" percent="61" micro-fragmented="37456" macro-fragmented="0">
      <mem type="soa" free="9203600" total="15052800" percent="61" />
      <mem type="loa" free="97352" total="151552" percent="64" />
    </mem>
  </mem-info>
</gc-end>
<cycle-end id="2887" type="global" contextid="2880" timestamp="2019-07-02T23:04:53.369">
  <attribute name="GC Util" value="247" />
  <attribute name="CPU Util" value="8025403868946" />
  <attribute name="Time Running"value="4003"/>
  <attribute name="Number of cores"value="4"/>
</cycle-end>
<allocation-satisfied id="2888" threadId="0000000001134900" bytesRequested="40" />
<af-end id="2889" timestamp="2019-07-02T23:04:53.369" threadId="0000000001135288" success="true" />
<exclusive-end id="2890" timestamp="2019-07-02T23:04:53.370" durationms="4.121" />

<exclusive-start id="2891" timestamp="2019-07-02T23:04:53.374" intervalms="8.440">
  <response-info timems="0.023" idlems="0.020" threads="1" lastid="000000000112D100" lastname="Thread-8" />
</exclusive-start>
<af-start id="2892" threadId="0000000001131688" totalBytesRequested="40" timestamp="2019-07-02T23:04:53.374" intervalms="8.414" />
<cycle-start id="2893" type="global" contextid="0" timestamp="2019-07-02T23:04:53.374" intervalms="8.428" />
  <attribute name="GC Util" value="247" />
  <attribute name="CPU Util" value="8025403868946" />
  <attribute name="Time Running"value="4003"/>
  <attribute name="Number of cores"value="4"/>
<gc-start id="2894" type="global" contextid="2893" timestamp="2019-07-02T23:04:53.374">
  <mem-info id="2895" free="97352" total="15204352" percent="0">
    <mem type="tenure" free="97352" total="15204352" percent="0">
      <mem type="soa" free="0" total="15052800" percent="0" />
      <mem type="loa" free="97352" total="151552" percent="64" />
    </mem>
  </mem-info>
</gc-start>
<allocation-stats totalBytes="9188328" >
  <allocated-bytes non-tlh="0" tlh="9188328" />
  <largest-consumer threadName="Thread-7" threadId="0000000001134900" bytes="2718440" />
</allocation-stats>
<gc-op id="2896" type="mark" timems="2.243" contextid="2893" timestamp="2019-07-02T23:04:53.376">
  <trace-info objectcount="68982" scancount="61409" scanbytes="2346996" />
  <finalization candidates="124" enqueued="0" />
  <ownableSynchronizers candidates="3" cleared="0" />
  <references type="soft" candidates="84" cleared="0" enqueued="0" dynamicThreshold="19" maxThreshold="32" />
  <references type="weak" candidates="774" cleared="0" enqueued="0" />
  <references type="phantom" candidates="63" cleared="0" enqueued="0" />
  <stringconstants candidates="4574" cleared="0"  />
</gc-op>
<gc-op id="2897" type="sweep" timems="0.809" contextid="2893" timestamp="2019-07-02T23:04:53.377" />
<gc-end id="2898" type="global" contextid="2893" durationms="3.369" usertimems="8.000" systemtimems="0.000" timestamp="2019-07-02T23:04:53.378" activeThreads="4">
  <mem-info id="2899" free="9245064" total="15204352" percent="60">
    <mem type="tenure" free="9245064" total="15204352" percent="60" micro-fragmented="21861" macro-fragmented="0">
      <mem type="soa" free="9147712" total="15052800" percent="60" />
      <mem type="loa" free="97352" total="151552" percent="64" />
    </mem>
  </mem-info>
</gc-end>
<cycle-end id="2900" type="global" contextid="2893" timestamp="2019-07-02T23:04:53.378">
  <attribute name="GC Util" value="250" />
  <attribute name="CPU Util" value="7915613636894" />
  <attribute name="Time Running"value="4012"/>
  <attribute name="Number of cores"value="4"/>
</cycle-end>
<allocation-satisfied id="2901" threadId="0000000001130D00" bytesRequested="40" />
<af-end id="2902" timestamp="2019-07-02T23:04:53.378" threadId="0000000001131688" success="true" />
<exclusive-end id="2903" timestamp="2019-07-02T23:04:53.378" durationms="4.075" />

<exclusive-start id="2904" timestamp="2019-07-02T23:04:53.383" intervalms="8.846">
  <response-info timems="0.022" idlems="0.022" threads="2" lastid="0000000001130D00" lastname="Thread-9" />
</exclusive-start>
<af-start id="2905" threadId="0000000001135288" totalBytesRequested="24" timestamp="2019-07-02T23:04:53.383" intervalms="8.877" />
<cycle-start id="2906" type="global" contextid="0" timestamp="2019-07-02T23:04:53.383" intervalms="8.862" />
  <attribute name="GC Util" value="250" />
  <attribute name="CPU Util" value="7915613636894" />
  <attribute name="Time Running"value="4012"/>
  <attribute name="Number of cores"value="4"/>
<gc-start id="2907" type="global" contextid="2906" timestamp="2019-07-02T23:04:53.383">
  <mem-info id="2908" free="97352" total="15204352" percent="0">
    <mem type="tenure" free="97352" total="15204352" percent="0">
      <mem type="soa" free="0" total="15052800" percent="0" />
      <mem type="loa" free="97352" total="151552" percent="64" />
    </mem>
  </mem-info>
</gc-start>
<allocation-stats totalBytes="9127816" >
  <allocated-bytes non-tlh="0" tlh="9127816" />
  <largest-consumer threadName="Thread-7" threadId="0000000001134900" bytes="2855944" />
</allocation-stats>
<gc-op id="2909" type="mark" timems="2.054" contextid="2906" timestamp="2019-07-02T23:04:53.385">
  <trace-info objectcount="69701" scancount="62136" scanbytes="2364236" />
  <finalization candidates="124" enqueued="0" />
  <ownableSynchronizers candidates="3" cleared="0" />
  <references type="soft" candidates="84" cleared="0" enqueued="0" dynamicThreshold="19" maxThreshold="32" />
  <references type="weak" candidates="774" cleared="0" enqueued="0" />
  <references type="phantom" candidates="63" cleared="0" enqueued="0" />
  <stringconstants candidates="4574" cleared="0"  />
</gc-op>
<gc-op id="2910" type="sweep" timems="0.838" contextid="2906" timestamp="2019-07-02T23:04:53.386" />
<gc-end id="2911" type="global" contextid="2906" durationms="3.161" usertimems="8.000" systemtimems="0.000" timestamp="2019-07-02T23:04:53.386" activeThreads="4">
  <mem-info id="2912" free="9181208" total="15204352" percent="60">
    <mem type="tenure" free="9181208" total="15204352" percent="60" micro-fragmented="26689" macro-fragmented="0">
      <mem type="soa" free="9083856" total="15052800" percent="60" />
      <mem type="loa" free="97352" total="151552" percent="64" />
    </mem>
  </mem-info>
</gc-end>
<cycle-end id="2913" type="global" contextid="2906" timestamp="2019-07-02T23:04:53.386">
  <attribute name="GC Util" value="258" />
  <attribute name="CPU Util" value="8729818567556" />
  <attribute name="Time Running"value="4020"/>
  <attribute name="Number of cores"value="4"/>
</cycle-end>
<allocation-satisfied id="2914" threadId="0000000001134900" bytesRequested="24" />
<af-end id="2915" timestamp="2019-07-02T23:04:53.387" threadId="0000000001135288" success="true" />
<exclusive-end id="2916" timestamp="2019-07-02T23:04:53.387" durationms="4.010" />

<exclusive-start id="2917" timestamp="2019-07-02T23:04:53.391" intervalms="8.443">
  <response-info timems="0.021" idlems="0.021" threads="1" lastid="000000000112D100" lastname="Thread-8" />
</exclusive-start>
<af-start id="2918" threadId="0000000001135288" totalBytesRequested="40" timestamp="2019-07-02T23:04:53.391" intervalms="8.474" />
<cycle-start id="2919" type="global" contextid="0" timestamp="2019-07-02T23:04:53.391" intervalms="8.512" />
  <attribute name="GC Util" value="258" />
  <attribute name="CPU Util" value="8729818567556" />
  <attribute name="Time Running"value="4020"/>
  <attribute name="Number of cores"value="4"/>
<gc-start id="2920" type="global" contextid="2919" timestamp="2019-07-02T23:04:53.391">
  <mem-info id="2921" free="97352" total="15204352" percent="0">
    <mem type="tenure" free="97352" total="15204352" percent="0">
      <mem type="soa" free="0" total="15052800" percent="0" />
      <mem type="loa" free="97352" total="151552" percent="64" />
    </mem>
  </mem-info>
</gc-start>
<allocation-stats totalBytes="9059208" >
  <allocated-bytes non-tlh="19056" tlh="9040152" />
  <largest-consumer threadName="Thread-7" threadId="0000000001134900" bytes="3099304" />
</allocation-stats>
<gc-op id="2922" type="mark" timems="2.055" contextid="2919" timestamp="2019-07-02T23:04:53.394">
  <trace-info objectcount="65669" scancount="58092" scanbytes="2267340" />
  <finalization candidates="124" enqueued="0" />
  <ownableSynchronizers candidates="3" cleared="0" />
  <references type="soft" candidates="84" cleared="0" enqueued="0" dynamicThreshold="19" maxThreshold="32" />
  <references type="weak" candidates="774" cleared="0" enqueued="0" />
  <references type="phantom" candidates="63" cleared="0" enqueued="0" />
  <stringconstants candidates="4574" cleared="0"  />
</gc-op>
<gc-op id="2923" type="sweep" timems="0.775" contextid="2919" timestamp="2019-07-02T23:04:53.394" />
<gc-end id="2924" type="global" contextid="2919" durationms="3.169" usertimems="8.000" systemtimems="0.000" timestamp="2019-07-02T23:04:53.395" activeThreads="4">
  <mem-info id="2925" free="9228480" total="15204352" percent="60">
    <mem type="tenure" free="9228480" total="15204352" percent="60" micro-fragmented="34068" macro-fragmented="0">
      <mem type="soa" free="9127920" total="15052800" percent="60" />
      <mem type="loa" free="100560" total="151552" percent="66" />
    </mem>
  </mem-info>
</gc-end>
<cycle-end id="2926" type="global" contextid="2919" timestamp="2019-07-02T23:04:53.395">
  <attribute name="GC Util" value="250" />
  <attribute name="CPU Util" value="8577399425958" />
  <attribute name="Time Running"value="4029"/>
  <attribute name="Number of cores"value="4"/>
</cycle-end>
<allocation-satisfied id="2927" threadId="0000000001134900" bytesRequested="40" />
<af-end id="2928" timestamp="2019-07-02T23:04:53.395" threadId="0000000001135288" success="true" />
<exclusive-end id="2929" timestamp="2019-07-02T23:04:53.395" durationms="4.030" />

<exclusive-start id="2930" timestamp="2019-07-02T23:04:53.400" intervalms="8.683">
  <response-info timems="0.021" idlems="0.021" threads="0" lastid="0000000001129500" lastname="Thread-10" />
</exclusive-start>
<af-start id="2931" threadId="0000000001129E88" totalBytesRequested="40" timestamp="2019-07-02T23:04:53.400" intervalms="8.671" />
<cycle-start id="2932" type="global" contextid="0" timestamp="2019-07-02T23:04:53.400" intervalms="8.633" />
  <attribute name="GC Util" value="250" />
  <attribute name="CPU Util" value="8577399425958" />
  <attribute name="Time Running"value="4029"/>
  <attribute name="Number of cores"value="4"/>
<gc-start id="2933" type="global" contextid="2932" timestamp="2019-07-02T23:04:53.400">
  <mem-info id="2934" free="100560" total="15204352" percent="0">
    <mem type="tenure" free="100560" total="15204352" percent="0">
      <mem type="soa" free="0" total="15052800" percent="0" />
      <mem type="loa" free="100560" total="151552" percent="66" />
    </mem>
  </mem-info>
</gc-start>
<allocation-stats totalBytes="9172440" >
  <allocated-bytes non-tlh="0" tlh="9172440" />
  <largest-consumer threadName="Thread-7" threadId="0000000001134900" bytes="3152272" />
</allocation-stats>
<gc-op id="2935" type="mark" timems="1.043" contextid="2932" timestamp="2019-07-02T23:04:53.401">
  <trace-info objectcount="66812" scancount="59233" scanbytes="2294580" />
  <finalization candidates="124" enqueued="0" />
  <ownableSynchronizers candidates="3" cleared="0" />
  <references type="soft" candidates="84" cleared="0" enqueued="0" dynamicThreshold="19" maxThreshold="32" />
  <references type="weak" candidates="774" cleared="0" enqueued="0" />
  <references type="phantom" candidates="63" cleared="0" enqueued="0" />
  <stringconstants candidates="4574" cleared="0"  />
</gc-op>
<gc-op id="2936" type="sweep" timems="0.350" contextid="2932" timestamp="2019-07-02T23:04:53.402" />
<gc-end id="2937" type="global" contextid="2932" durationms="1.752" usertimems="4.000" systemtimems="0.000" timestamp="2019-07-02T23:04:53.402" activeThreads="4">
  <mem-info id="2938" free="9203584" total="15204352" percent="60">
    <mem type="tenure" free="9203584" total="15204352" percent="60" micro-fragmented="64917" macro-fragmented="0">
      <mem type="soa" free="9103024" total="15052800" percent="60" />
      <mem type="loa" free="100560" total="151552" percent="66" />
    </mem>
  </mem-info>
</gc-end>
<cycle-end id="2939" type="global" contextid="2932" timestamp="2019-07-02T23:04:53.402">
  <attribute name="GC Util" value="215" />
  <attribute name="CPU Util" value="16230715613889" />
  <attribute name="Time Running"value="4037"/>
  <attribute name="Number of cores"value="4"/>
</cycle-end>
<allocation-satisfied id="2940" threadId="0000000001129500" bytesRequested="40" />
<af-end id="2941" timestamp="2019-07-02T23:04:53.402" threadId="0000000001129E88" success="true" />
<exclusive-end id="2942" timestamp="2019-07-02T23:04:53.402" durationms="2.431" />

<exclusive-start id="2943" timestamp="2019-07-02T23:04:53.407" intervalms="6.884">
  <response-info timems="0.020" idlems="0.018" threads="2" lastid="000000000112D100" lastname="Thread-8" />
</exclusive-start>
<af-start id="2944" threadId="0000000001129E88" totalBytesRequested="24" timestamp="2019-07-02T23:04:53.407" intervalms="6.892" />
<cycle-start id="2945" type="global" contextid="0" timestamp="2019-07-02T23:04:53.407" intervalms="6.890" />
  <attribute name="GC Util" value="215" />
  <attribute name="CPU Util" value="16230715613889" />
  <attribute name="Time Running"value="4037"/>
  <attribute name="Number of cores"value="4"/>
<gc-start id="2946" type="global" contextid="2945" timestamp="2019-07-02T23:04:53.407">
  <mem-info id="2947" free="100560" total="15204352" percent="0">
    <mem type="tenure" free="100560" total="15204352" percent="0">
      <mem type="soa" free="0" total="15052800" percent="0" />
      <mem type="loa" free="100560" total="151552" percent="66" />
    </mem>
  </mem-info>
</gc-start>
<allocation-stats totalBytes="9089880" >
  <allocated-bytes non-tlh="0" tlh="9089880" />
  <largest-consumer threadName="Thread-7" threadId="0000000001134900" bytes="2957288" />
</allocation-stats>
<gc-op id="2948" type="mark" timems="1.060" contextid="2945" timestamp="2019-07-02T23:04:53.408">
  <trace-info objectcount="67967" scancount="60395" scanbytes="2322604" />
  <finalization candidates="124" enqueued="0" />
  <ownableSynchronizers candidates="3" cleared="0" />
  <references type="soft" candidates="84" cleared="0" enqueued="0" dynamicThreshold="19" maxThreshold="32" />
  <references type="weak" candidates="774" cleared="0" enqueued="0" />
  <references type="phantom" candidates="63" cleared="0" enqueued="0" />
  <stringconstants candidates="4574" cleared="0"  />
</gc-op>
<gc-op id="2949" type="sweep" timems="0.374" contextid="2945" timestamp="2019-07-02T23:04:53.409" />
<gc-end id="2950" type="global" contextid="2945" durationms="1.696" usertimems="4.000" systemtimems="0.000" timestamp="2019-07-02T23:04:53.409" activeThreads="4">
  <mem-info id="2951" free="9124032" total="15204352" percent="60">
    <mem type="tenure" free="9124032" total="15204352" percent="60" micro-fragmented="101727" macro-fragmented="0">
      <mem type="soa" free="9023472" total="15052800" percent="59" />
      <mem type="loa" free="100560" total="151552" percent="66" />
    </mem>
  </mem-info>
</gc-end>
<cycle-end id="2952" type="global" contextid="2945" timestamp="2019-07-02T23:04:53.409">
  <attribute name="GC Util" value="223" />
  <attribute name="CPU Util" value="16526319478701" />
  <attribute name="Time Running"value="4043"/>
  <attribute name="Number of cores"value="4"/>
</cycle-end>
<allocation-satisfied id="2953" threadId="0000000001129500" bytesRequested="24" />
<af-end id="2954" timestamp="2019-07-02T23:04:53.409" threadId="0000000001129E88" success="true" />
<exclusive-end id="2955" timestamp="2019-07-02T23:04:53.409" durationms="2.409" />

<exclusive-start id="2956" timestamp="2019-07-02T23:04:53.414" intervalms="7.234">
  <response-info timems="0.025" idlems="0.025" threads="0" lastid="000000000112D100" lastname="Thread-8" />
</exclusive-start>
<af-start id="2957" threadId="000000000112DA88" totalBytesRequested="40" timestamp="2019-07-02T23:04:53.414" intervalms="7.199" />
<cycle-start id="2958" type="global" contextid="0" timestamp="2019-07-02T23:04:53.414" intervalms="7.197" />
  <attribute name="GC Util" value="223" />
  <attribute name="CPU Util" value="16526319478701" />
  <attribute name="Time Running"value="4043"/>
  <attribute name="Number of cores"value="4"/>
<gc-start id="2959" type="global" contextid="2958" timestamp="2019-07-02T23:04:53.414">
  <mem-info id="2960" free="100560" total="15204352" percent="0">
    <mem type="tenure" free="100560" total="15204352" percent="0">
      <mem type="soa" free="0" total="15052800" percent="0" />
      <mem type="loa" free="100560" total="151552" percent="66" />
    </mem>
  </mem-info>
</gc-start>
<allocation-stats totalBytes="8999000" >
  <allocated-bytes non-tlh="0" tlh="8999000" />
  <largest-consumer threadName="Thread-7" threadId="0000000001134900" bytes="3046264" />
</allocation-stats>
<gc-op id="2961" type="mark" timems="2.040" contextid="2958" timestamp="2019-07-02T23:04:53.416">
  <trace-info objectcount="69803" scancount="62218" scanbytes="2366780" />
  <finalization candidates="124" enqueued="0" />
  <ownableSynchronizers candidates="3" cleared="0" />
  <references type="soft" candidates="84" cleared="0" enqueued="0" dynamicThreshold="19" maxThreshold="32" />
  <references type="weak" candidates="774" cleared="0" enqueued="0" />
  <references type="phantom" candidates="63" cleared="0" enqueued="0" />
  <stringconstants candidates="4574" cleared="0"  />
</gc-op>
<gc-op id="2962" type="sweep" timems="0.900" contextid="2958" timestamp="2019-07-02T23:04:53.417" />
<heap-resize id="2963" type="expand" space="tenure" amount="1048576" count="1" timems="0.058" reason="excessive time being spent in gc" timestamp="2019-07-02T23:04:53.417" />
<gc-end id="2964" type="global" contextid="2958" durationms="3.324" usertimems="8.000" systemtimems="0.000" timestamp="2019-07-02T23:04:53.418" activeThreads="4">
  <mem-info id="2965" free="10053904" total="16252928" percent="61">
    <mem type="tenure" free="10053904" total="16252928" percent="61" micro-fragmented="103601" macro-fragmented="0">
      <mem type="soa" free="9892112" total="16091136" percent="61" />
      <mem type="loa" free="161792" total="161792" percent="100" />
    </mem>
  </mem-info>
</gc-end>
<cycle-end id="2966" type="global" contextid="2958" timestamp="2019-07-02T23:04:53.418">
  <attribute name="GC Util" value="263" />
  <attribute name="CPU Util" value="8845967592009" />
  <attribute name="Time Running"value="4052"/>
  <attribute name="Number of cores"value="4"/>
</cycle-end>
<allocation-satisfied id="2967" threadId="000000000112D100" bytesRequested="40" />
<af-end id="2968" timestamp="2019-07-02T23:04:53.418" threadId="000000000112DA88" success="true" />
<exclusive-end id="2969" timestamp="2019-07-02T23:04:53.418" durationms="3.738" />

<exclusive-start id="2970" timestamp="2019-07-02T23:04:53.422" intervalms="8.407">
  <response-info timems="0.023" idlems="0.023" threads="0" lastid="0000000001130D00" lastname="Thread-9" />
</exclusive-start>
<af-start id="2971" threadId="0000000001131688" totalBytesRequested="40" timestamp="2019-07-02T23:04:53.422" intervalms="8.386" />
<cycle-start id="2972" type="global" contextid="0" timestamp="2019-07-02T23:04:53.422" intervalms="8.354" />
  <attribute name="GC Util" value="263" />
  <attribute name="CPU Util" value="8845967592009" />
  <attribute name="Time Running"value="4052"/>
  <attribute name="Number of cores"value="4"/>
<gc-start id="2973" type="global" contextid="2972" timestamp="2019-07-02T23:04:53.423">
  <mem-info id="2974" free="161792" total="16252928" percent="0">
    <mem type="tenure" free="161792" total="16252928" percent="0">
      <mem type="soa" free="0" total="16091136" percent="0" />
      <mem type="loa" free="161792" total="161792" percent="100" />
    </mem>
  </mem-info>
</gc-start>
<allocation-stats totalBytes="9864112" >
  <allocated-bytes non-tlh="0" tlh="9864112" />
  <largest-consumer threadName="Thread-7" threadId="0000000001134900" bytes="3118416" />
</allocation-stats>
<gc-op id="2975" type="mark" timems="2.055" contextid="2972" timestamp="2019-07-02T23:04:53.425">
  <trace-info objectcount="66655" scancount="59085" scanbytes="2291164" />
  <finalization candidates="124" enqueued="0" />
  <ownableSynchronizers candidates="3" cleared="0" />
  <references type="soft" candidates="84" cleared="0" enqueued="0" dynamicThreshold="19" maxThreshold="32" />
  <references type="weak" candidates="774" cleared="0" enqueued="0" />
  <references type="phantom" candidates="63" cleared="0" enqueued="0" />
  <stringconstants candidates="4574" cleared="0"  />
</gc-op>
<gc-op id="2976" type="sweep" timems="0.729" contextid="2972" timestamp="2019-07-02T23:04:53.425" />
<gc-end id="2977" type="global" contextid="2972" durationms="3.109" usertimems="4.000" systemtimems="0.000" timestamp="2019-07-02T23:04:53.426" activeThreads="4">
  <mem-info id="2978" free="10231464" total="16252928" percent="62">
    <mem type="tenure" free="10231464" total="16252928" percent="62" micro-fragmented="82759" macro-fragmented="0">
      <mem type="soa" free="10069672" total="16091136" percent="62" />
      <mem type="loa" free="161792" total="161792" percent="100" />
    </mem>
  </mem-info>
</gc-end>
<cycle-end id="2979" type="global" contextid="2972" timestamp="2019-07-02T23:04:53.426">
  <attribute name="GC Util" value="252" />
  <attribute name="CPU Util" value="8736847494946" />
  <attribute name="Time Running"value="4060"/>
  <attribute name="Number of cores"value="4"/>
</cycle-end>
<allocation-satisfied id="2980" threadId="0000000001130D00" bytesRequested="40" />
<af-end id="2981" timestamp="2019-07-02T23:04:53.426" threadId="0000000001131688" success="true" />
<exclusive-end id="2982" timestamp="2019-07-02T23:04:53.426" durationms="3.829" />

<exclusive-start id="2983" timestamp="2019-07-02T23:04:53.432" intervalms="9.480">
  <response-info timems="0.062" idlems="0.062" threads="0" lastid="0000000001129500" lastname="Thread-10" />
</exclusive-start>
<af-start id="2984" threadId="0000000001129E88" totalBytesRequested="40" timestamp="2019-07-02T23:04:53.432" intervalms="9.530" />
<cycle-start id="2985" type="global" contextid="0" timestamp="2019-07-02T23:04:53.432" intervalms="9.574" />
  <attribute name="GC Util" value="252" />
  <attribute name="CPU Util" value="8736847494946" />
  <attribute name="Time Running"value="4060"/>
  <attribute name="Number of cores"value="4"/>
<gc-start id="2986" type="global" contextid="2985" timestamp="2019-07-02T23:04:53.432">
  <mem-info id="2987" free="161792" total="16252928" percent="0">
    <mem type="tenure" free="161792" total="16252928" percent="0">
      <mem type="soa" free="0" total="16091136" percent="0" />
      <mem type="loa" free="161792" total="161792" percent="100" />
    </mem>
  </mem-info>
</gc-start>
<allocation-stats totalBytes="10042648" >
  <allocated-bytes non-tlh="0" tlh="10042648" />
  <largest-consumer threadName="Thread-7" threadId="0000000001134900" bytes="3385208" />
</allocation-stats>
<gc-op id="2988" type="mark" timems="1.207" contextid="2985" timestamp="2019-07-02T23:04:53.433">
  <trace-info objectcount="68726" scancount="61166" scanbytes="2341060" />
  <finalization candidates="124" enqueued="0" />
  <ownableSynchronizers candidates="3" cleared="0" />
  <references type="soft" candidates="84" cleared="0" enqueued="0" dynamicThreshold="20" maxThreshold="32" />
  <references type="weak" candidates="774" cleared="0" enqueued="0" />
  <references type="phantom" candidates="63" cleared="0" enqueued="0" />
  <stringconstants candidates="4574" cleared="0"  />
</gc-op>
<gc-op id="2989" type="sweep" timems="0.398" contextid="2985" timestamp="2019-07-02T23:04:53.434" />
<gc-end id="2990" type="global" contextid="2985" durationms="1.999" usertimems="4.000" systemtimems="0.000" timestamp="2019-07-02T23:04:53.434" activeThreads="4">
  <mem-info id="2991" free="10100664" total="16252928" percent="62">
    <mem type="tenure" free="10100664" total="16252928" percent="62" micro-fragmented="62783" macro-fragmented="0">
      <mem type="soa" free="9938872" total="16091136" percent="61" />
      <mem type="loa" free="161792" total="161792" percent="100" />
    </mem>
  </mem-info>
</gc-end>
<cycle-end id="2992" type="global" contextid="2985" timestamp="2019-07-02T23:04:53.434">
  <attribute name="GC Util" value="203" />
  <attribute name="CPU Util" value="14179103234798" />
  <attribute name="Time Running"value="4069"/>
  <attribute name="Number of cores"value="4"/>
</cycle-end>
<allocation-satisfied id="2993" threadId="0000000001129500" bytesRequested="40" />
<af-end id="2994" timestamp="2019-07-02T23:04:53.434" threadId="0000000001129E88" success="true" />
<exclusive-end id="2995" timestamp="2019-07-02T23:04:53.435" durationms="2.807" />

<exclusive-start id="2996" timestamp="2019-07-02T23:04:53.440" intervalms="7.970">
  <response-info timems="0.023" idlems="0.023" threads="0" lastid="000000000112D100" lastname="Thread-8" />
</exclusive-start>
<af-start id="2997" threadId="000000000112DA88" totalBytesRequested="40" timestamp="2019-07-02T23:04:53.440" intervalms="7.923" />
<cycle-start id="2998" type="global" contextid="0" timestamp="2019-07-02T23:04:53.440" intervalms="7.911" />
  <attribute name="GC Util" value="203" />
  <attribute name="CPU Util" value="14179103234798" />
  <attribute name="Time Running"value="4069"/>
  <attribute name="Number of cores"value="4"/>
<gc-start id="2999" type="global" contextid="2998" timestamp="2019-07-02T23:04:53.440">
  <mem-info id="3000" free="161792" total="16252928" percent="0">
    <mem type="tenure" free="161792" total="16252928" percent="0">
      <mem type="soa" free="0" total="16091136" percent="0" />
      <mem type="loa" free="161792" total="161792" percent="100" />
    </mem>
  </mem-info>
</gc-start>
<allocation-stats totalBytes="9907928" >
  <allocated-bytes non-tlh="0" tlh="9907928" />
  <largest-consumer threadName="Thread-7" threadId="0000000001134900" bytes="3083152" />
</allocation-stats>
<gc-op id="3001" type="mark" timems="2.312" contextid="2998" timestamp="2019-07-02T23:04:53.442">
  <trace-info objectcount="70771" scancount="63224" scanbytes="2390140" />
  <finalization candidates="124" enqueued="0" />
  <ownableSynchronizers candidates="3" cleared="0" />
  <references type="soft" candidates="84" cleared="0" enqueued="0" dynamicThreshold="19" maxThreshold="32" />
  <references type="weak" candidates="774" cleared="0" enqueued="0" />
  <references type="phantom" candidates="63" cleared="0" enqueued="0" />
  <stringconstants candidates="4574" cleared="0"  />
</gc-op>
<gc-op id="3002" type="sweep" timems="0.913" contextid="2998" timestamp="2019-07-02T23:04:53.443" />
<gc-end id="3003" type="global" contextid="2998" durationms="3.510" usertimems="8.000" systemtimems="0.000" timestamp="2019-07-02T23:04:53.444" activeThreads="4">
  <mem-info id="3004" free="9956168" total="16252928" percent="61">
    <mem type="tenure" free="9956168" total="16252928" percent="61" micro-fragmented="99694" macro-fragmented="0">
      <mem type="soa" free="9794376" total="16091136" percent="60" />
      <mem type="loa" free="161792" total="161792" percent="100" />
    </mem>
  </mem-info>
</gc-end>
<cycle-end id="3005" type="global" contextid="2998" timestamp="2019-07-02T23:04:53.444">
  <attribute name="GC Util" value="257" />
  <attribute name="CPU Util" value="7685214663953" />
  <attribute name="Time Running"value="4078"/>
  <attribute name="Number of cores"value="4"/>
</cycle-end>
<allocation-satisfied id="3006" threadId="000000000112D100" bytesRequested="40" />
<af-end id="3007" timestamp="2019-07-02T23:04:53.444" threadId="000000000112DA88" success="true" />
<exclusive-end id="3008" timestamp="2019-07-02T23:04:53.444" durationms="4.085" />

<exclusive-start id="3009" timestamp="2019-07-02T23:04:53.449" intervalms="9.139">
  <response-info timems="0.033" idlems="0.031" threads="1" lastid="000000000112D100" lastname="Thread-8" />
</exclusive-start>
<af-start id="3010" threadId="0000000001129E88" totalBytesRequested="24" timestamp="2019-07-02T23:04:53.449" intervalms="9.185" />
<cycle-start id="3011" type="global" contextid="0" timestamp="2019-07-02T23:04:53.449" intervalms="9.192" />
  <attribute name="GC Util" value="257" />
  <attribute name="CPU Util" value="7685214663953" />
  <attribute name="Time Running"value="4078"/>
  <attribute name="Number of cores"value="4"/>
<gc-start id="3012" type="global" contextid="3011" timestamp="2019-07-02T23:04:53.449">
  <mem-info id="3013" free="161792" total="16252928" percent="0">
    <mem type="tenure" free="161792" total="16252928" percent="0">
      <mem type="soa" free="0" total="16091136" percent="0" />
      <mem type="loa" free="161792" total="161792" percent="100" />
    </mem>
  </mem-info>
</gc-start>
<allocation-stats totalBytes="9759544" >
  <allocated-bytes non-tlh="23160" tlh="9736384" />
  <largest-consumer threadName="Thread-7" threadId="0000000001134900" bytes="3213872" />
</allocation-stats>
<gc-op id="3014" type="mark" timems="1.208" contextid="3011" timestamp="2019-07-02T23:04:53.451">
  <trace-info objectcount="67743" scancount="60180" scanbytes="2317452" />
  <finalization candidates="124" enqueued="0" />
  <ownableSynchronizers candidates="3" cleared="0" />
  <references type="soft" candidates="84" cleared="0" enqueued="0" dynamicThreshold="19" maxThreshold="32" />
  <references type="weak" candidates="774" cleared="0" enqueued="0" />
  <references type="phantom" candidates="63" cleared="0" enqueued="0" />
  <stringconstants candidates="4574" cleared="0"  />
</gc-op>
<gc-op id="3015" type="sweep" timems="0.414" contextid="3011" timestamp="2019-07-02T23:04:53.451" />
<heap-resize id="3016" type="contract" space="tenure" amount="131072" count="1" timems="0.057" reason="excess free space following gc" timestamp="2019-07-02T23:04:53.451" />
<gc-end id="3017" type="global" contextid="3011" durationms="2.234" usertimems="4.000" systemtimems="0.000" timestamp="2019-07-02T23:04:53.452" activeThreads="4">
  <mem-info id="3018" free="9839816" total="16121856" percent="61">
    <mem type="tenure" free="9839816" total="16121856" percent="61" micro-fragmented="86871" macro-fragmented="0">
      <mem type="soa" free="9753520" total="15961088" percent="61" />
      <mem type="loa" free="86296" total="160768" percent="53" />
    </mem>
  </mem-info>
</gc-end>
<cycle-end id="3019" type="global" contextid="3011" timestamp="2019-07-02T23:04:53.452">
  <attribute name="GC Util" value="198" />
  <attribute name="CPU Util" value="14158567026178" />
  <attribute name="Time Running"value="4086"/>
  <attribute name="Number of cores"value="4"/>
</cycle-end>
<allocation-satisfied id="3020" threadId="0000000001129500" bytesRequested="24" />
<af-end id="3021" timestamp="2019-07-02T23:04:53.452" threadId="0000000001129E88" success="true" />
<exclusive-end id="3022" timestamp="2019-07-02T23:04:53.452" durationms="3.025" />

<exclusive-start id="3023" timestamp="2019-07-02T23:04:53.457" intervalms="8.392">
  <response-info timems="0.031" idlems="0.031" threads="0" lastid="0000000001134900" lastname="Thread-7" />
</exclusive-start>
<af-start id="3024" threadId="0000000001135288" totalBytesRequested="40" timestamp="2019-07-02T23:04:53.457" intervalms="8.382" />
<cycle-start id="3025" type="global" contextid="0" timestamp="2019-07-02T23:04:53.458" intervalms="8.410" />
  <attribute name="GC Util" value="198" />
  <attribute name="CPU Util" value="14158567026178" />
  <attribute name="Time Running"value="4086"/>
  <attribute name="Number of cores"value="4"/>
<gc-start id="3026" type="global" contextid="3025" timestamp="2019-07-02T23:04:53.458">
  <mem-info id="3027" free="86296" total="16121856" percent="0">
    <mem type="tenure" free="86296" total="16121856" percent="0">
      <mem type="soa" free="0" total="15961088" percent="0" />
      <mem type="loa" free="86296" total="160768" percent="53" />
    </mem>
  </mem-info>
</gc-start>
<allocation-stats totalBytes="9720320" >
  <allocated-bytes non-tlh="0" tlh="9720320" />
  <largest-consumer threadName="Thread-7" threadId="0000000001134900" bytes="3058152" />
</allocation-stats>
<gc-op id="3028" type="mark" timems="1.998" contextid="3025" timestamp="2019-07-02T23:04:53.460">
  <trace-info objectcount="69742" scancount="62164" scanbytes="2365396" />
  <finalization candidates="124" enqueued="0" />
  <ownableSynchronizers candidates="3" cleared="0" />
  <references type="soft" candidates="84" cleared="0" enqueued="0" dynamicThreshold="19" maxThreshold="32" />
  <references type="weak" candidates="774" cleared="0" enqueued="0" />
  <references type="phantom" candidates="63" cleared="0" enqueued="0" />
  <stringconstants candidates="4574" cleared="0"  />
</gc-op>
<gc-op id="3029" type="sweep" timems="0.940" contextid="3025" timestamp="2019-07-02T23:04:53.461" />
<gc-end id="3030" type="global" contextid="3025" durationms="3.376" usertimems="4.000" systemtimems="0.000" timestamp="2019-07-02T23:04:53.461" activeThreads="4">
  <mem-info id="3031" free="9773024" total="16121856" percent="60">
    <mem type="tenure" free="9773024" total="16121856" percent="60" micro-fragmented="85259" macro-fragmented="0">
      <mem type="soa" free="9618784" total="15961088" percent="60" />
      <mem type="loa" free="154240" total="160768" percent="95" />
    </mem>
  </mem-info>
</gc-end>
<cycle-end id="3032" type="global" contextid="3025" timestamp="2019-07-02T23:04:53.461">
  <attribute name="GC Util" value="226" />
  <attribute name="CPU Util" value="8827071739017" />
  <attribute name="Time Running"value="4095"/>
  <attribute name="Number of cores"value="4"/>
</cycle-end>
<allocation-satisfied id="3033" threadId="0000000001134900" bytesRequested="40" />
<af-end id="3034" timestamp="2019-07-02T23:04:53.461" threadId="0000000001135288" success="true" />
<exclusive-end id="3035" timestamp="2019-07-02T23:04:53.462" durationms="4.297" />

<exclusive-start id="3036" timestamp="2019-07-02T23:04:53.468" intervalms="10.407">
  <response-info timems="0.025" idlems="0.025" threads="0" lastid="0000000001130D00" lastname="Thread-9" />
</exclusive-start>
<af-start id="3037" threadId="0000000001131688" totalBytesRequested="40" timestamp="2019-07-02T23:04:53.468" intervalms="10.442" />
<cycle-start id="3038" type="global" contextid="0" timestamp="2019-07-02T23:04:53.468" intervalms="10.414" />
  <attribute name="GC Util" value="226" />
  <attribute name="CPU Util" value="8827071739017" />
  <attribute name="Time Running"value="4095"/>
  <attribute name="Number of cores"value="4"/>
<gc-start id="3039" type="global" contextid="3038" timestamp="2019-07-02T23:04:53.468">
  <mem-info id="3040" free="154240" total="16121856" percent="0">
    <mem type="tenure" free="154240" total="16121856" percent="0">
      <mem type="soa" free="0" total="15961088" percent="0" />
      <mem type="loa" free="154240" total="160768" percent="95" />
    </mem>
  </mem-info>
</gc-start>
<allocation-stats totalBytes="9583672" >
  <allocated-bytes non-tlh="0" tlh="9583672" />
  <largest-consumer threadName="Thread-7" threadId="0000000001134900" bytes="3494728" />
</allocation-stats>
<gc-op id="3041" type="mark" timems="2.145" contextid="3038" timestamp="2019-07-02T23:04:53.470">
  <trace-info objectcount="72053" scancount="64490" scanbytes="2420764" />
  <finalization candidates="124" enqueued="0" />
  <ownableSynchronizers candidates="3" cleared="0" />
  <references type="soft" candidates="84" cleared="0" enqueued="0" dynamicThreshold="19" maxThreshold="32" />
  <references type="weak" candidates="774" cleared="0" enqueued="0" />
  <references type="phantom" candidates="63" cleared="0" enqueued="0" />
  <stringconstants candidates="4574" cleared="0"  />
</gc-op>
<gc-op id="3042" type="sweep" timems="0.760" contextid="3038" timestamp="2019-07-02T23:04:53.471" />
<heap-resize id="3043" type="expand" space="tenure" amount="1048576" count="1" timems="0.065" reason="excessive time being spent in gc" timestamp="2019-07-02T23:04:53.471" />
<gc-end id="3044" type="global" contextid="3038" durationms="3.476" usertimems="8.000" systemtimems="0.000" timestamp="2019-07-02T23:04:53.472" activeThreads="4">
  <mem-info id="3045" free="10669928" total="17170432" percent="62">
    <mem type="tenure" free="10669928" total="17170432" percent="62" micro-fragmented="151602" macro-fragmented="0">
      <mem type="soa" free="10498920" total="16999424" percent="61" />
      <mem type="loa" free="171008" total="171008" percent="100" />
    </mem>
  </mem-info>
</gc-end>
<cycle-end id="3046" type="global" contextid="3038" timestamp="2019-07-02T23:04:53.472">
  <attribute name="GC Util" value="248" />
  <attribute name="CPU Util" value="8343881002878" />
  <attribute name="Time Running"value="4106"/>
  <attribute name="Number of cores"value="4"/>
</cycle-end>
<allocation-satisfied id="3047" threadId="0000000001130D00" bytesRequested="40" />
<af-end id="3048" timestamp="2019-07-02T23:04:53.472" threadId="0000000001131688" success="true" />
<exclusive-end id="3049" timestamp="2019-07-02T23:04:53.472" durationms="4.363" />

<exclusive-start id="3050" timestamp="2019-07-02T23:04:53.479" intervalms="11.443">
  <response-info timems="0.077" idlems="0.077" threads="0" lastid="0000000001134900" lastname="Thread-7" />
</exclusive-start>
<af-start id="3051" threadId="0000000001135288" totalBytesRequested="24" timestamp="2019-07-02T23:04:53.479" intervalms="11.412" />
<cycle-start id="3052" type="global" contextid="0" timestamp="2019-07-02T23:04:53.479" intervalms="11.418" />
  <attribute name="GC Util" value="248" />
  <attribute name="CPU Util" value="8343881002878" />
  <attribute name="Time Running"value="4106"/>
  <attribute name="Number of cores"value="4"/>
<gc-start id="3053" type="global" contextid="3052" timestamp="2019-07-02T23:04:53.480">
  <mem-info id="3054" free="171008" total="17170432" percent="0">
    <mem type="tenure" free="171008" total="17170432" percent="0">
      <mem type="soa" free="0" total="16999424" percent="0" />
      <mem type="loa" free="171008" total="171008" percent="100" />
    </mem>
  </mem-info>
</gc-start>
<allocation-stats totalBytes="10458672" >
  <allocated-bytes non-tlh="23160" tlh="10435512" />
  <largest-consumer threadName="Thread-7" threadId="0000000001134900" bytes="4421040" />
</allocation-stats>
<gc-op id="3055" type="mark" timems="2.399" contextid="3052" timestamp="2019-07-02T23:04:53.482">
  <trace-info objectcount="69356" scancount="61788" scanbytes="2355668" />
  <finalization candidates="124" enqueued="0" />
  <ownableSynchronizers candidates="3" cleared="0" />
  <references type="soft" candidates="84" cleared="0" enqueued="0" dynamicThreshold="19" maxThreshold="32" />
  <references type="weak" candidates="774" cleared="0" enqueued="0" />
  <references type="phantom" candidates="63" cleared="0" enqueued="0" />
  <stringconstants candidates="4574" cleared="0"  />
</gc-op>
<gc-op id="3056" type="sweep" timems="0.968" contextid="3052" timestamp="2019-07-02T23:04:53.483" />
<gc-end id="3057" type="global" contextid="3052" durationms="3.761" usertimems="8.000" systemtimems="0.000" timestamp="2019-07-02T23:04:53.483" activeThreads="4">
  <mem-info id="3058" free="10768096" total="17170432" percent="62">
    <mem type="tenure" free="10768096" total="17170432" percent="62" micro-fragmented="157672" macro-fragmented="0">
      <mem type="soa" free="10597088" total="16999424" percent="62" />
      <mem type="loa" free="171008" total="171008" percent="100" />
    </mem>
  </mem-info>
</gc-end>
<cycle-end id="3059" type="global" contextid="3052" timestamp="2019-07-02T23:04:53.483">
  <attribute name="GC Util" value="243" />
  <attribute name="CPU Util" value="7423625341390" />
  <attribute name="Time Running"value="4117"/>
  <attribute name="Number of cores"value="4"/>
</cycle-end>
<allocation-satisfied id="3060" threadId="0000000001134900" bytesRequested="24" />
<af-end id="3061" timestamp="2019-07-02T23:04:53.483" threadId="0000000001135288" success="true" />
<exclusive-end id="3062" timestamp="2019-07-02T23:04:53.483" durationms="4.304" />

<exclusive-start id="3063" timestamp="2019-07-02T23:04:53.489" intervalms="9.725">
  <response-info timems="0.031" idlems="0.031" threads="0" lastid="0000000001134900" lastname="Thread-7" />
</exclusive-start>
<af-start id="3064" threadId="0000000001135288" totalBytesRequested="24" timestamp="2019-07-02T23:04:53.489" intervalms="9.708" />
<cycle-start id="3065" type="global" contextid="0" timestamp="2019-07-02T23:04:53.489" intervalms="9.697" />
  <attribute name="GC Util" value="243" />
  <attribute name="CPU Util" value="7423625341390" />
  <attribute name="Time Running"value="4117"/>
  <attribute name="Number of cores"value="4"/>
<gc-start id="3066" type="global" contextid="3065" timestamp="2019-07-02T23:04:53.489">
  <mem-info id="3067" free="171008" total="17170432" percent="0">
    <mem type="tenure" free="171008" total="17170432" percent="0">
      <mem type="soa" free="0" total="16999424" percent="0" />
      <mem type="loa" free="171008" total="171008" percent="100" />
    </mem>
  </mem-info>
</gc-start>
<allocation-stats totalBytes="10557760" >
  <allocated-bytes non-tlh="0" tlh="10557760" />
  <largest-consumer threadName="Thread-7" threadId="0000000001134900" bytes="3399712" />
</allocation-stats>
<gc-op id="3068" type="mark" timems="2.064" contextid="3065" timestamp="2019-07-02T23:04:53.491">
  <trace-info objectcount="70692" scancount="63121" scanbytes="2388260" />
  <finalization candidates="124" enqueued="0" />
  <ownableSynchronizers candidates="3" cleared="0" />
  <references type="soft" candidates="84" cleared="0" enqueued="0" dynamicThreshold="20" maxThreshold="32" />
  <references type="weak" candidates="774" cleared="0" enqueued="0" />
  <references type="phantom" candidates="63" cleared="0" enqueued="0" />
  <stringconstants candidates="4574" cleared="0"  />
</gc-op>
<gc-op id="3069" type="sweep" timems="0.924" contextid="3065" timestamp="2019-07-02T23:04:53.493" />
<gc-end id="3070" type="global" contextid="3065" durationms="3.516" usertimems="8.000" systemtimems="0.000" timestamp="2019-07-02T23:04:53.493" activeThreads="4">
  <mem-info id="3071" free="10629864" total="17170432" percent="61">
    <mem type="tenure" free="10629864" total="17170432" percent="61" micro-fragmented="154040" macro-fragmented="0">
      <mem type="soa" free="10458856" total="16999424" percent="61" />
      <mem type="loa" free="171008" total="171008" percent="100" />
    </mem>
  </mem-info>
</gc-end>
<cycle-end id="3072" type="global" contextid="3065" timestamp="2019-07-02T23:04:53.493">
  <attribute name="GC Util" value="244" />
  <attribute name="CPU Util" value="8419149530090" />
  <attribute name="Time Running"value="4127"/>
  <attribute name="Number of cores"value="4"/>
</cycle-end>
<allocation-satisfied id="3073" threadId="0000000001134900" bytesRequested="24" />
<af-end id="3074" timestamp="2019-07-02T23:04:53.493" threadId="0000000001135288" success="true" />
<exclusive-end id="3075" timestamp="2019-07-02T23:04:53.493" durationms="4.156" />

<exclusive-start id="3076" timestamp="2019-07-02T23:04:53.500" intervalms="10.643">
  <response-info timems="0.033" idlems="0.033" threads="0" lastid="0000000001129500" lastname="Thread-10" />
</exclusive-start>
<af-start id="3077" threadId="0000000001129E88" totalBytesRequested="40" timestamp="2019-07-02T23:04:53.500" intervalms="11.445" />
<cycle-start id="3078" type="global" contextid="0" timestamp="2019-07-02T23:04:53.501" intervalms="11.512" />
  <attribute name="GC Util" value="244" />
  <attribute name="CPU Util" value="8419149530090" />
  <attribute name="Time Running"value="4127"/>
  <attribute name="Number of cores"value="4"/>
<gc-start id="3079" type="global" contextid="3078" timestamp="2019-07-02T23:04:53.501">
  <mem-info id="3080" free="171008" total="17170432" percent="0">
    <mem type="tenure" free="171008" total="17170432" percent="0">
      <mem type="soa" free="0" total="16999424" percent="0" />
      <mem type="loa" free="171008" total="171008" percent="100" />
    </mem>
  </mem-info>
</gc-start>
<allocation-stats totalBytes="10415320" >
  <allocated-bytes non-tlh="0" tlh="10415320" />
  <largest-consumer threadName="Thread-7" threadId="0000000001134900" bytes="4131368" />
</allocation-stats>
<gc-op id="3081" type="mark" timems="1.293" contextid="3078" timestamp="2019-07-02T23:04:53.502">
  <trace-info objectcount="72083" scancount="64502" scanbytes="2421564" />
  <finalization candidates="124" enqueued="0" />
  <ownableSynchronizers candidates="3" cleared="0" />
  <references type="soft" candidates="84" cleared="0" enqueued="0" dynamicThreshold="19" maxThreshold="32" />
  <references type="weak" candidates="774" cleared="0" enqueued="0" />
  <references type="phantom" candidates="63" cleared="0" enqueued="0" />
  <stringconstants candidates="4574" cleared="0"  />
</gc-op>
<gc-op id="3082" type="sweep" timems="0.489" contextid="3078" timestamp="2019-07-02T23:04:53.503" />
<gc-end id="3083" type="global" contextid="3078" durationms="2.283" usertimems="0.000" systemtimems="4.000" timestamp="2019-07-02T23:04:53.503" activeThreads="4">
  <mem-info id="3084" free="10506704" total="17170432" percent="61">
    <mem type="tenure" free="10506704" total="17170432" percent="61" micro-fragmented="302776" macro-fragmented="0">
      <mem type="soa" free="10335696" total="16999424" percent="60" />
      <mem type="loa" free="171008" total="171008" percent="100" />
    </mem>
  </mem-info>
</gc-end>
<cycle-end id="3085" type="global" contextid="3078" timestamp="2019-07-02T23:04:53.503">
  <attribute name="GC Util" value="215" />
  <attribute name="CPU Util" value="13471413945409" />
  <attribute name="Time Running"value="4138"/>
  <attribute name="Number of cores"value="4"/>
</cycle-end>
<allocation-satisfied id="3086" threadId="0000000001129500" bytesRequested="40" />
<af-end id="3087" timestamp="2019-07-02T23:04:53.503" threadId="0000000001129E88" success="true" />
<exclusive-end id="3088" timestamp="2019-07-02T23:04:53.504" durationms="4.006" />

<exclusive-start id="3089" timestamp="2019-07-02T23:04:53.510" intervalms="10.263">
  <response-info timems="0.057" idlems="0.042" threads="2" lastid="0000000001129500" lastname="Thread-10" />
</exclusive-start>
<af-start id="3090" threadId="000000000112DA88" totalBytesRequested="40" timestamp="2019-07-02T23:04:53.510" intervalms="9.443" />
<cycle-start id="3091" type="global" contextid="0" timestamp="2019-07-02T23:04:53.510" intervalms="9.382" />
  <attribute name="GC Util" value="215" />
  <attribute name="CPU Util" value="13471413945409" />
  <attribute name="Time Running"value="4138"/>
  <attribute name="Number of cores"value="4"/>
<gc-start id="3092" type="global" contextid="3091" timestamp="2019-07-02T23:04:53.510">
  <mem-info id="3093" free="171008" total="17170432" percent="0">
    <mem type="tenure" free="171008" total="17170432" percent="0">
      <mem type="soa" free="0" total="16999424" percent="0" />
      <mem type="loa" free="171008" total="171008" percent="100" />
    </mem>
  </mem-info>
</gc-start>
<allocation-stats totalBytes="10290120" >
  <allocated-bytes non-tlh="0" tlh="10290120" />
  <largest-consumer threadName="Thread-7" threadId="0000000001134900" bytes="3903136" />
</allocation-stats>
<gc-op id="3094" type="mark" timems="2.294" contextid="3091" timestamp="2019-07-02T23:04:53.512">
  <trace-info objectcount="72938" scancount="65367" scanbytes="2441364" />
  <finalization candidates="124" enqueued="0" />
  <ownableSynchronizers candidates="3" cleared="0" />
  <references type="soft" candidates="84" cleared="0" enqueued="0" dynamicThreshold="19" maxThreshold="32" />
  <references type="weak" candidates="774" cleared="0" enqueued="0" />
  <references type="phantom" candidates="63" cleared="0" enqueued="0" />
  <stringconstants candidates="4574" cleared="0"  />
</gc-op>
<gc-op id="3095" type="sweep" timems="1.021" contextid="3091" timestamp="2019-07-02T23:04:53.514" />
<gc-end id="3096" type="global" contextid="3091" durationms="3.574" usertimems="4.000" systemtimems="4.000" timestamp="2019-07-02T23:04:53.514" activeThreads="4">
  <mem-info id="3097" free="10377648" total="17170432" percent="60">
    <mem type="tenure" free="10377648" total="17170432" percent="60" micro-fragmented="256473" macro-fragmented="0">
      <mem type="soa" free="10206640" total="16999424" percent="60" />
      <mem type="loa" free="171008" total="171008" percent="100" />
    </mem>
  </mem-info>
</gc-end>
<cycle-end id="3098" type="global" contextid="3091" timestamp="2019-07-02T23:04:53.514">
  <attribute name="GC Util" value="260" />
  <attribute name="CPU Util" value="7847430884692" />
  <attribute name="Time Running"value="4148"/>
  <attribute name="Number of cores"value="4"/>
</cycle-end>
<allocation-satisfied id="3099" threadId="000000000112D100" bytesRequested="40" />
<af-end id="3100" timestamp="2019-07-02T23:04:53.514" threadId="000000000112DA88" success="true" />
<exclusive-end id="3101" timestamp="2019-07-02T23:04:53.514" durationms="4.324" />

<exclusive-start id="3102" timestamp="2019-07-02T23:04:53.520" intervalms="9.845">
  <response-info timems="0.025" idlems="0.023" threads="1" lastid="0000000001130D00" lastname="Thread-9" />
</exclusive-start>
<af-start id="3103" threadId="0000000001129E88" totalBytesRequested="40" timestamp="2019-07-02T23:04:53.520" intervalms="9.895" />
<cycle-start id="3104" type="global" contextid="0" timestamp="2019-07-02T23:04:53.520" intervalms="9.907" />
  <attribute name="GC Util" value="260" />
  <attribute name="CPU Util" value="7847430884692" />
  <attribute name="Time Running"value="4148"/>
  <attribute name="Number of cores"value="4"/>
<gc-start id="3105" type="global" contextid="3104" timestamp="2019-07-02T23:04:53.520">
  <mem-info id="3106" free="171008" total="17170432" percent="0">
    <mem type="tenure" free="171008" total="17170432" percent="0">
      <mem type="soa" free="0" total="16999424" percent="0" />
      <mem type="loa" free="171008" total="171008" percent="100" />
    </mem>
  </mem-info>
</gc-start>
<allocation-stats totalBytes="10157264" >
  <allocated-bytes non-tlh="0" tlh="10157264" />
  <largest-consumer threadName="Thread-7" threadId="0000000001134900" bytes="3500464" />
</allocation-stats>
<gc-op id="3107" type="mark" timems="1.400" contextid="3104" timestamp="2019-07-02T23:04:53.522">
  <trace-info objectcount="73890" scancount="66304" scanbytes="2464836" />
  <finalization candidates="124" enqueued="0" />
  <ownableSynchronizers candidates="3" cleared="0" />
  <references type="soft" candidates="84" cleared="0" enqueued="0" dynamicThreshold="19" maxThreshold="32" />
  <references type="weak" candidates="774" cleared="0" enqueued="0" />
  <references type="phantom" candidates="63" cleared="0" enqueued="0" />
  <stringconstants candidates="4574" cleared="0"  />
</gc-op>
<gc-op id="3108" type="sweep" timems="0.570" contextid="3104" timestamp="2019-07-02T23:04:53.522" />
<heap-resize id="3109" type="expand" space="tenure" amount="1048576" count="1" timems="0.081" reason="excessive time being spent in gc" timestamp="2019-07-02T23:04:53.522" />
<gc-end id="3110" type="global" contextid="3104" durationms="2.558" usertimems="4.000" systemtimems="0.000" timestamp="2019-07-02T23:04:53.523" activeThreads="4">
  <mem-info id="3111" free="11290424" total="18219008" percent="61">
    <mem type="tenure" free="11290424" total="18219008" percent="61" micro-fragmented="222418" macro-fragmented="0">
      <mem type="soa" free="11109176" total="18037760" percent="61" />
      <mem type="loa" free="181248" total="181248" percent="100" />
    </mem>
  </mem-info>
</gc-end>
<cycle-end id="3112" type="global" contextid="3104" timestamp="2019-07-02T23:04:53.523">
  <attribute name="GC Util" value="206" />
  <attribute name="CPU Util" value="12361201024232" />
  <attribute name="Time Running"value="4157"/>
  <attribute name="Number of cores"value="4"/>
</cycle-end>
<allocation-satisfied id="3113" threadId="0000000001129500" bytesRequested="40" />
<af-end id="3114" timestamp="2019-07-02T23:04:53.523" threadId="0000000001129E88" success="true" />
<exclusive-end id="3115" timestamp="2019-07-02T23:04:53.523" durationms="3.447" />

<exclusive-start id="3116" timestamp="2019-07-02T23:04:53.530" intervalms="10.122">
  <response-info timems="0.217" idlems="0.133" threads="1" lastid="0000000001129500" lastname="Thread-10" />
</exclusive-start>
<af-start id="3117" threadId="0000000001135288" totalBytesRequested="24" timestamp="2019-07-02T23:04:53.530" intervalms="10.171" />
<cycle-start id="3118" type="global" contextid="0" timestamp="2019-07-02T23:04:53.530" intervalms="10.239" />
  <attribute name="GC Util" value="206" />
  <attribute name="CPU Util" value="12361201024232" />
  <attribute name="Time Running"value="4157"/>
  <attribute name="Number of cores"value="4"/>
<gc-start id="3119" type="global" contextid="3118" timestamp="2019-07-02T23:04:53.530">
  <mem-info id="3120" free="181248" total="18219008" percent="0">
    <mem type="tenure" free="181248" total="18219008" percent="0">
      <mem type="soa" free="0" total="18037760" percent="0" />
      <mem type="loa" free="181248" total="181248" percent="100" />
    </mem>
  </mem-info>
</gc-start>
<allocation-stats totalBytes="11057984" >
  <allocated-bytes non-tlh="0" tlh="11057984" />
  <largest-consumer threadName="Thread-7" threadId="0000000001134900" bytes="3978640" />
</allocation-stats>
<gc-op id="3121" type="mark" timems="2.353" contextid="3118" timestamp="2019-07-02T23:04:53.533">
  <trace-info objectcount="74793" scancount="67243" scanbytes="2486220" />
  <finalization candidates="124" enqueued="0" />
  <ownableSynchronizers candidates="3" cleared="0" />
  <references type="soft" candidates="84" cleared="0" enqueued="0" dynamicThreshold="19" maxThreshold="32" />
  <references type="weak" candidates="774" cleared="0" enqueued="0" />
  <references type="phantom" candidates="63" cleared="0" enqueued="0" />
  <stringconstants candidates="4574" cleared="0"  />
</gc-op>
<gc-op id="3122" type="sweep" timems="1.020" contextid="3118" timestamp="2019-07-02T23:04:53.534" />
<gc-end id="3123" type="global" contextid="3118" durationms="3.879" usertimems="8.000" systemtimems="4.000" timestamp="2019-07-02T23:04:53.534" activeThreads="4">
  <mem-info id="3124" free="11156184" total="18219008" percent="61">
    <mem type="tenure" free="11156184" total="18219008" percent="61" micro-fragmented="262094" macro-fragmented="0">
      <mem type="soa" free="10974936" total="18037760" percent="60" />
      <mem type="loa" free="181248" total="181248" percent="100" />
    </mem>
  </mem-info>
</gc-end>
<cycle-end id="3125" type="global" contextid="3118" timestamp="2019-07-02T23:04:53.534">
  <attribute name="GC Util" value="248" />
  <attribute name="CPU Util" value="7542474858549" />
  <attribute name="Time Running"value="4168"/>
  <attribute name="Number of cores"value="4"/>
</cycle-end>
<allocation-satisfied id="3126" threadId="0000000001134900" bytesRequested="24" />
<af-end id="3127" timestamp="2019-07-02T23:04:53.535" threadId="0000000001135288" success="true" />
<exclusive-end id="3128" timestamp="2019-07-02T23:04:53.535" durationms="4.869" />

<exclusive-start id="3129" timestamp="2019-07-02T23:04:53.541" intervalms="11.418">
  <response-info timems="0.077" idlems="0.077" threads="0" lastid="0000000001134900" lastname="Thread-7" />
</exclusive-start>
<af-start id="3130" threadId="0000000001135288" totalBytesRequested="40" timestamp="2019-07-02T23:04:53.541" intervalms="11.338" />
<cycle-start id="3131" type="global" contextid="0" timestamp="2019-07-02T23:04:53.541" intervalms="11.251" />
  <attribute name="GC Util" value="248" />
  <attribute name="CPU Util" value="7542474858549" />
  <attribute name="Time Running"value="4168"/>
  <attribute name="Number of cores"value="4"/>
<gc-start id="3132" type="global" contextid="3131" timestamp="2019-07-02T23:04:53.541">
  <mem-info id="3133" free="181248" total="18219008" percent="0">
    <mem type="tenure" free="181248" total="18219008" percent="0">
      <mem type="soa" free="0" total="18037760" percent="0" />
      <mem type="loa" free="181248" total="181248" percent="100" />
    </mem>
  </mem-info>
</gc-start>
<allocation-stats totalBytes="10918744" >
  <allocated-bytes non-tlh="0" tlh="10918744" />
  <largest-consumer threadName="Thread-7" threadId="0000000001134900" bytes="4141816" />
</allocation-stats>
<gc-op id="3134" type="mark" timems="2.137" contextid="3131" timestamp="2019-07-02T23:04:53.544">
  <trace-info objectcount="75657" scancount="68081" scanbytes="2507212" />
  <finalization candidates="124" enqueued="0" />
  <ownableSynchronizers candidates="3" cleared="0" />
  <references type="soft" candidates="84" cleared="0" enqueued="0" dynamicThreshold="19" maxThreshold="32" />
  <references type="weak" candidates="774" cleared="0" enqueued="0" />
  <references type="phantom" candidates="63" cleared="0" enqueued="0" />
  <stringconstants candidates="4574" cleared="0"  />
</gc-op>
<gc-op id="3135" type="sweep" timems="0.984" contextid="3131" timestamp="2019-07-02T23:04:53.545" />
<gc-end id="3136" type="global" contextid="3131" durationms="3.392" usertimems="4.000" systemtimems="4.000" timestamp="2019-07-02T23:04:53.545" activeThreads="4">
  <mem-info id="3137" free="11002096" total="18219008" percent="60">
    <mem type="tenure" free="11002096" total="18219008" percent="60" micro-fragmented="317791" macro-fragmented="0">
      <mem type="soa" free="10820848" total="18037760" percent="59" />
      <mem type="loa" free="181248" total="181248" percent="100" />
    </mem>
  </mem-info>
</gc-end>
<cycle-end id="3138" type="global" contextid="3131" timestamp="2019-07-02T23:04:53.545">
  <attribute name="GC Util" value="258" />
  <attribute name="CPU Util" value="8413827155359" />
  <attribute name="Time Running"value="4179"/>
  <attribute name="Number of cores"value="4"/>
</cycle-end>
<allocation-satisfied id="3139" threadId="0000000001134900" bytesRequested="40" />
<af-end id="3140" timestamp="2019-07-02T23:04:53.545" threadId="0000000001135288" success="true" />
<exclusive-end id="3141" timestamp="2019-07-02T23:04:53.545" durationms="3.998" />

<exclusive-start id="3142" timestamp="2019-07-02T23:04:53.551" intervalms="9.831">
  <response-info timems="0.030" idlems="0.030" threads="0" lastid="0000000001134900" lastname="Thread-7" />
</exclusive-start>
<af-start id="3143" threadId="0000000001135288" totalBytesRequested="24" timestamp="2019-07-02T23:04:53.551" intervalms="9.874" />
<cycle-start id="3144" type="global" contextid="0" timestamp="2019-07-02T23:04:53.551" intervalms="9.876" />
  <attribute name="GC Util" value="258" />
  <attribute name="CPU Util" value="8413827155359" />
  <attribute name="Time Running"value="4179"/>
  <attribute name="Number of cores"value="4"/>
<gc-start id="3145" type="global" contextid="3144" timestamp="2019-07-02T23:04:53.551">
  <mem-info id="3146" free="181248" total="18219008" percent="0">
    <mem type="tenure" free="181248" total="18219008" percent="0">
      <mem type="soa" free="0" total="18037760" percent="0" />
      <mem type="loa" free="181248" total="181248" percent="100" />
    </mem>
  </mem-info>
</gc-start>
<allocation-stats totalBytes="10763336" >
  <allocated-bytes non-tlh="23160" tlh="10740176" />
  <largest-consumer threadName="Thread-7" threadId="0000000001134900" bytes="3570088" />
</allocation-stats>
<gc-op id="3147" type="mark" timems="2.259" contextid="3144" timestamp="2019-07-02T23:04:53.554">
  <trace-info objectcount="63178" scancount="55599" scanbytes="2074224" />
  <finalization candidates="124" enqueued="0" />
  <ownableSynchronizers candidates="3" cleared="0" />
  <references type="soft" candidates="84" cleared="0" enqueued="0" dynamicThreshold="19" maxThreshold="32" />
  <references type="weak" candidates="774" cleared="0" enqueued="0" />
  <references type="phantom" candidates="63" cleared="0" enqueued="0" />
  <stringconstants candidates="4574" cleared="0"  />
</gc-op>
<gc-op id="3148" type="sweep" timems="0.886" contextid="3144" timestamp="2019-07-02T23:04:53.555" />
<heap-resize id="3149" type="contract" space="tenure" amount="131072" count="1" timems="0.068" reason="excess free space following gc" timestamp="2019-07-02T23:04:53.555" />
<gc-end id="3150" type="global" contextid="3144" durationms="3.826" usertimems="4.000" systemtimems="4.000" timestamp="2019-07-02T23:04:53.555" activeThreads="4">
  <mem-info id="3151" free="11957888" total="18087936" percent="66">
    <mem type="tenure" free="11957888" total="18087936" percent="66" micro-fragmented="165105" macro-fragmented="0">
      <mem type="soa" free="11852456" total="17907712" percent="66" />
      <mem type="loa" free="105432" total="180224" percent="58" />
    </mem>
  </mem-info>
</gc-end>
<cycle-end id="3152" type="global" contextid="3144" timestamp="2019-07-02T23:04:53.555">
  <attribute name="GC Util" value="243" />
  <attribute name="CPU Util" value="7805040067476" />
  <attribute name="Time Running"value="4189"/>
  <attribute name="Number of cores"value="4"/>
</cycle-end>
<allocation-satisfied id="3153" threadId="0000000001134900" bytesRequested="24" />
<af-end id="3154" timestamp="2019-07-02T23:04:53.556" threadId="0000000001135288" success="true" />
<exclusive-end id="3155" timestamp="2019-07-02T23:04:53.556" durationms="4.628" />

<exclusive-start id="3156" timestamp="2019-07-02T23:04:53.562" intervalms="11.122">
  <response-info timems="0.025" idlems="0.025" threads="0" lastid="0000000001134900" lastname="Thread-7" />
</exclusive-start>
<af-start id="3157" threadId="0000000001135288" totalBytesRequested="40" timestamp="2019-07-02T23:04:53.562" intervalms="11.114" />
<cycle-start id="3158" type="global" contextid="0" timestamp="2019-07-02T23:04:53.562" intervalms="11.114" />
  <attribute name="GC Util" value="243" />
  <attribute name="CPU Util" value="7805040067476" />
  <attribute name="Time Running"value="4189"/>
  <attribute name="Number of cores"value="4"/>
<gc-start id="3159" type="global" contextid="3158" timestamp="2019-07-02T23:04:53.562">
  <mem-info id="3160" free="105432" total="18087936" percent="0">
    <mem type="tenure" free="105432" total="18087936" percent="0">
      <mem type="soa" free="0" total="17907712" percent="0" />
      <mem type="loa" free="105432" total="180224" percent="58" />
    </mem>
  </mem-info>
</gc-start>
<allocation-stats totalBytes="11809832" >
  <allocated-bytes non-tlh="19056" tlh="11790776" />
  <largest-consumer threadName="Thread-8" threadId="000000000112D100" bytes="4199904" />
</allocation-stats>
<gc-op id="3161" type="mark" timems="2.275" contextid="3158" timestamp="2019-07-02T23:04:53.565">
  <trace-info objectcount="69585" scancount="62001" scanbytes="2361692" />
  <finalization candidates="124" enqueued="0" />
  <ownableSynchronizers candidates="3" cleared="0" />
  <references type="soft" candidates="84" cleared="0" enqueued="0" dynamicThreshold="21" maxThreshold="32" />
  <references type="weak" candidates="774" cleared="0" enqueued="0" />
  <references type="phantom" candidates="63" cleared="0" enqueued="0" />
  <stringconstants candidates="4574" cleared="0"  />
</gc-op>
<gc-op id="3162" type="sweep" timems="0.995" contextid="3158" timestamp="2019-07-02T23:04:53.566" />
<heap-resize id="3163" type="contract" space="tenure" amount="131072" count="1" timems="0.132" reason="excess free space following gc" timestamp="2019-07-02T23:04:53.566" />
<gc-end id="3164" type="global" contextid="3158" durationms="3.773" usertimems="4.000" systemtimems="4.000" timestamp="2019-07-02T23:04:53.566" activeThreads="4">
  <mem-info id="3165" free="11335168" total="17956864" percent="63">
    <mem type="tenure" free="11335168" total="17956864" percent="63" micro-fragmented="245537" macro-fragmented="0">
      <mem type="soa" free="11335168" total="17777664" percent="63" />
      <mem type="loa" free="0" total="179200" percent="0" />
    </mem>
  </mem-info>
</gc-end>
<cycle-end id="3166" type="global" contextid="3158" timestamp="2019-07-02T23:04:53.566">
  <attribute name="GC Util" value="257" />
  <attribute name="CPU Util" value="7922787035366" />
  <attribute name="Time Running"value="4200"/>
  <attribute name="Number of cores"value="4"/>
</cycle-end>
<allocation-satisfied id="3167" threadId="0000000001134900" bytesRequested="40" />
<af-end id="3168" timestamp="2019-07-02T23:04:53.567" threadId="0000000001135288" success="true" />
<exclusive-end id="3169" timestamp="2019-07-02T23:04:53.567" durationms="4.661" />

<exclusive-start id="3170" timestamp="2019-07-02T23:04:53.573" intervalms="10.708">
  <response-info timems="0.073" idlems="0.072" threads="1" lastid="0000000001130D00" lastname="Thread-9" />
</exclusive-start>
<af-start id="3171" threadId="0000000001135288" totalBytesRequested="40" timestamp="2019-07-02T23:04:53.573" intervalms="10.714" />
<cycle-start id="3172" type="global" contextid="0" timestamp="2019-07-02T23:04:53.573" intervalms="10.715" />
  <attribute name="GC Util" value="257" />
  <attribute name="CPU Util" value="7922787035366" />
  <attribute name="Time Running"value="4200"/>
  <attribute name="Number of cores"value="4"/>
<gc-start id="3173" type="global" contextid="3172" timestamp="2019-07-02T23:04:53.573">
  <mem-info id="3174" free="0" total="17956864" percent="0">
    <mem type="tenure" free="0" total="17956864" percent="0">
      <mem type="soa" free="0" total="17777664" percent="0" />
      <mem type="loa" free="0" total="179200" percent="0" />
    </mem>
  </mem-info>
</gc-start>
<allocation-stats totalBytes="11289504" >
  <allocated-bytes non-tlh="0" tlh="11289504" />
  <largest-consumer threadName="Thread-8" threadId="000000000112D100" bytes="3917744" />
</allocation-stats>
<gc-op id="3175" type="mark" timems="2.293" contextid="3172" timestamp="2019-07-02T23:04:53.576">
  <trace-info objectcount="72239" scancount="64671" scanbytes="2425212" />
  <finalization candidates="124" enqueued="0" />
  <ownableSynchronizers candidates="3" cleared="0" />
  <references type="soft" candidates="84" cleared="0" enqueued="0" dynamicThreshold="20" maxThreshold="32" />
  <references type="weak" candidates="774" cleared="0" enqueued="0" />
  <references type="phantom" candidates="63" cleared="0" enqueued="0" />
  <stringconstants candidates="4574" cleared="0"  />
</gc-op>
<gc-op id="3176" type="sweep" timems="0.955" contextid="3172" timestamp="2019-07-02T23:04:53.577" />
<heap-resize id="3177" type="contract" space="tenure" amount="65536" count="1" timems="0.161" reason="excess free space following gc" timestamp="2019-07-02T23:04:53.577" />
<gc-end id="3178" type="global" contextid="3172" durationms="3.970" usertimems="8.000" systemtimems="4.000" timestamp="2019-07-02T23:04:53.577" activeThreads="4">
  <mem-info id="3179" free="11092888" total="17891328" percent="62">
    <mem type="tenure" free="11092888" total="17891328" percent="62" micro-fragmented="220322" macro-fragmented="0">
      <mem type="soa" free="11092888" total="17713152" percent="62" />
      <mem type="loa" free="0" total="178176" percent="0" />
    </mem>
  </mem-info>
</gc-end>
<cycle-end id="3180" type="global" contextid="3172" timestamp="2019-07-02T23:04:53.577">
  <attribute name="GC Util" value="239" />
  <attribute name="CPU Util" value="7729402177282" />
  <attribute name="Time Running"value="4211"/>
  <attribute name="Number of cores"value="4"/>
</cycle-end>
<allocation-satisfied id="3181" threadId="0000000001134900" bytesRequested="40" />
<af-end id="3182" timestamp="2019-07-02T23:04:53.577" threadId="0000000001135288" success="true" />
<exclusive-end id="3183" timestamp="2019-07-02T23:04:53.578" durationms="4.765" />

<exclusive-start id="3184" timestamp="2019-07-02T23:04:53.585" intervalms="12.238">
  <response-info timems="1.688" idlems="0.852" threads="1" lastid="0000000001129500" lastname="Thread-10" />
</exclusive-start>
<af-start id="3185" threadId="0000000001135288" totalBytesRequested="40" timestamp="2019-07-02T23:04:53.585" intervalms="12.213" />
<cycle-start id="3186" type="global" contextid="0" timestamp="2019-07-02T23:04:53.585" intervalms="12.212" />
  <attribute name="GC Util" value="239" />
  <attribute name="CPU Util" value="7729402177282" />
  <attribute name="Time Running"value="4211"/>
  <attribute name="Number of cores"value="4"/>
<gc-start id="3187" type="global" contextid="3186" timestamp="2019-07-02T23:04:53.585">
  <mem-info id="3188" free="0" total="17891328" percent="0">
    <mem type="tenure" free="0" total="17891328" percent="0">
      <mem type="soa" free="0" total="17713152" percent="0" />
      <mem type="loa" free="0" total="178176" percent="0" />
    </mem>
  </mem-info>
</gc-start>
<allocation-stats totalBytes="11044184" >
  <allocated-bytes non-tlh="19056" tlh="11025128" />
  <largest-consumer threadName="Thread-8" threadId="000000000112D100" bytes="3783440" />
</allocation-stats>
<gc-op id="3189" type="mark" timems="1.869" contextid="3186" timestamp="2019-07-02T23:04:53.587">
  <trace-info objectcount="69554" scancount="61973" scanbytes="2360820" />
  <finalization candidates="124" enqueued="0" />
  <ownableSynchronizers candidates="3" cleared="0" />
  <references type="soft" candidates="84" cleared="0" enqueued="0" dynamicThreshold="19" maxThreshold="32" />
  <references type="weak" candidates="774" cleared="0" enqueued="0" />
  <references type="phantom" candidates="63" cleared="0" enqueued="0" />
  <stringconstants candidates="4574" cleared="0"  />
</gc-op>
<gc-op id="3190" type="sweep" timems="0.958" contextid="3186" timestamp="2019-07-02T23:04:53.588" />
<mem-info id="3191" free="11156184" total="17891328" percent="62">
  <mem type="tenure" free="11156184" total="17891328" percent="62" micro-fragmented="233218" macro-fragmented="0">
    <mem type="soa" free="11156184" total="17713152" percent="62" />
    <mem type="loa" free="0" total="178176" percent="0" />
  </mem>
</mem-info>
<gc-op id="3192" type="compact" timems="5.927" contextid="3186" timestamp="2019-07-02T23:04:53.595">
  <compact-info movecount="29780" movebytes="1265680" reason="compact to aid heap contraction" />
</gc-op>
<heap-resize id="3193" type="contract" space="tenure" amount="131072" count="1" timems="0.086" reason="excess free space following gc" timestamp="2019-07-02T23:04:53.595" />
<gc-end id="3194" type="global" contextid="3186" durationms="9.566" usertimems="20.000" systemtimems="0.000" timestamp="2019-07-02T23:04:53.595" activeThreads="4">
  <mem-info id="3195" free="11817424" total="17760256" percent="66">
    <mem type="tenure" free="11817424" total="17760256" percent="66">
      <mem type="soa" free="11687376" total="17583104" percent="66" />
      <mem type="loa" free="130048" total="177152" percent="73" />
    </mem>
  </mem-info>
</gc-end>
<cycle-end id="3196" type="global" contextid="3186" timestamp="2019-07-02T23:04:53.595">
  <attribute name="GC Util" value="127" />
  <attribute name="CPU Util" value="15589697907540" />
  <attribute name="Time Running"value="4224"/>
  <attribute name="Number of cores"value="4"/>
</cycle-end>
<allocation-satisfied id="3197" threadId="0000000001134900" bytesRequested="40" />
<af-end id="3198" timestamp="2019-07-02T23:04:53.595" threadId="0000000001135288" success="true" />
<exclusive-end id="3199" timestamp="2019-07-02T23:04:53.595" durationms="10.332" />

<exclusive-start id="3200" timestamp="2019-07-02T23:04:53.600" intervalms="15.093">
  <response-info timems="0.036" idlems="0.036" threads="0" lastid="0000000001129500" lastname="Thread-10" />
</exclusive-start>
<af-start id="3201" threadId="0000000001129E88" totalBytesRequested="40" timestamp="2019-07-02T23:04:53.600" intervalms="15.091" />
<cycle-start id="3202" type="global" contextid="0" timestamp="2019-07-02T23:04:53.600" intervalms="15.092" />
  <attribute name="GC Util" value="127" />
  <attribute name="CPU Util" value="15589697907540" />
  <attribute name="Time Running"value="4224"/>
  <attribute name="Number of cores"value="4"/>
<gc-start id="3203" type="global" contextid="3202" timestamp="2019-07-02T23:04:53.600">
  <mem-info id="3204" free="130048" total="17760256" percent="0">
    <mem type="tenure" free="130048" total="17760256" percent="0">
      <mem type="soa" free="0" total="17583104" percent="0" />
      <mem type="loa" free="130048" total="177152" percent="73" />
    </mem>
  </mem-info>
</gc-start>
<allocation-stats totalBytes="11751184" >
  <allocated-bytes non-tlh="0" tlh="11751184" />
  <largest-consumer threadName="Thread-9" threadId="0000000001130D00" bytes="3636664" />
</allocation-stats>
<gc-op id="3205" type="mark" timems="1.143" contextid="3202" timestamp="2019-07-02T23:04:53.602">
  <trace-info objectcount="67260" scancount="59686" scanbytes="2305668" />
  <finalization candidates="124" enqueued="0" />
  <ownableSynchronizers candidates="3" cleared="0" />
  <references type="soft" candidates="84" cleared="0" enqueued="0" dynamicThreshold="21" maxThreshold="32" />
  <references type="weak" candidates="774" cleared="0" enqueued="0" />
  <references type="phantom" candidates="63" cleared="0" enqueued="0" />
  <stringconstants candidates="4574" cleared="0"  />
</gc-op>
<gc-op id="3206" type="sweep" timems="0.248" contextid="3202" timestamp="2019-07-02T23:04:53.602" />
<heap-resize id="3207" type="contract" space="tenure" amount="131072" count="1" timems="0.079" reason="excess free space following gc" timestamp="2019-07-02T23:04:53.602" />
<gc-end id="3208" type="global" contextid="3202" durationms="1.945" usertimems="4.000" systemtimems="0.000" timestamp="2019-07-02T23:04:53.602" activeThreads="4">
  <mem-info id="3209" free="11495584" total="17629184" percent="65">
    <mem type="tenure" free="11495584" total="17629184" percent="65" micro-fragmented="172986" macro-fragmented="0">
      <mem type="soa" free="11495584" total="17453056" percent="65" />
      <mem type="loa" free="0" total="176128" percent="0" />
    </mem>
  </mem-info>
</gc-end>
<cycle-end id="3210" type="global" contextid="3202" timestamp="2019-07-02T23:04:53.603">
  <attribute name="GC Util" value="221" />
  <attribute name="CPU Util" value="14957235751711" />
  <attribute name="Time Running"value="4237"/>
  <attribute name="Number of cores"value="4"/>
</cycle-end>
<allocation-satisfied id="3211" threadId="0000000001129500" bytesRequested="40" />
<af-end id="3212" timestamp="2019-07-02T23:04:53.603" threadId="0000000001129E88" success="true" />
<exclusive-end id="3213" timestamp="2019-07-02T23:04:53.603" durationms="2.655" />

<exclusive-start id="3214" timestamp="2019-07-02T23:04:53.608" intervalms="7.411">
  <response-info timems="0.027" idlems="0.026" threads="1" lastid="0000000001130D00" lastname="Thread-9" />
</exclusive-start>
<af-start id="3215" threadId="000000000112DA88" totalBytesRequested="24" timestamp="2019-07-02T23:04:53.608" intervalms="7.393" />
<cycle-start id="3216" type="global" contextid="0" timestamp="2019-07-02T23:04:53.608" intervalms="7.394" />
  <attribute name="GC Util" value="221" />
  <attribute name="CPU Util" value="14957235751711" />
  <attribute name="Time Running"value="4237"/>
  <attribute name="Number of cores"value="4"/>
<gc-start id="3217" type="global" contextid="3216" timestamp="2019-07-02T23:04:53.608">
  <mem-info id="3218" free="0" total="17629184" percent="0">
    <mem type="tenure" free="0" total="17629184" percent="0">
      <mem type="soa" free="0" total="17453056" percent="0" />
      <mem type="loa" free="0" total="176128" percent="0" />
    </mem>
  </mem-info>
</gc-start>
<allocation-stats totalBytes="11555080" >
  <allocated-bytes non-tlh="0" tlh="11555080" />
  <largest-consumer threadName="Thread-9" threadId="0000000001130D00" bytes="3358608" />
</allocation-stats>
<gc-op id="3219" type="mark" timems="2.135" contextid="3216" timestamp="2019-07-02T23:04:53.610">
  <trace-info objectcount="69726" scancount="62153" scanbytes="2365076" />
  <finalization candidates="124" enqueued="0" />
  <ownableSynchronizers candidates="3" cleared="0" />
  <references type="soft" candidates="84" cleared="0" enqueued="0" dynamicThreshold="20" maxThreshold="32" />
  <references type="weak" candidates="774" cleared="0" enqueued="0" />
  <references type="phantom" candidates="63" cleared="0" enqueued="0" />
  <stringconstants candidates="4574" cleared="0"  />
</gc-op>
<gc-op id="3220" type="sweep" timems="0.753" contextid="3216" timestamp="2019-07-02T23:04:53.611" />
<mem-info id="3221" free="11470048" total="17629184" percent="65">
  <mem type="tenure" free="11470048" total="17629184" percent="65" micro-fragmented="131048" macro-fragmented="0">
    <mem type="soa" free="11470048" total="17453056" percent="65" />
    <mem type="loa" free="0" total="176128" percent="0" />
  </mem>
</mem-info>
<gc-op id="3222" type="compact" timems="5.839" contextid="3216" timestamp="2019-07-02T23:04:53.617">
  <compact-info movecount="29947" movebytes="1269816" reason="compact to aid heap contraction" />
</gc-op>
<heap-resize id="3223" type="contract" space="tenure" amount="131072" count="1" timems="0.076" reason="excess free space following gc" timestamp="2019-07-02T23:04:53.617" />
<gc-end id="3224" type="global" contextid="3216" durationms="9.359" usertimems="12.000" systemtimems="4.000" timestamp="2019-07-02T23:04:53.617" activeThreads="4">
  <mem-info id="3225" free="11553072" total="17498112" percent="66">
    <mem type="tenure" free="11553072" total="17498112" percent="66">
      <mem type="soa" free="11424048" total="17324032" percent="65" />
      <mem type="loa" free="129024" total="174080" percent="74" />
    </mem>
  </mem-info>
</gc-end>
<cycle-end id="3226" type="global" contextid="3216" timestamp="2019-07-02T23:04:53.617">
  <attribute name="GC Util" value="161" />
  <attribute name="CPU Util" value="20061340782685" />
  <attribute name="Time Running"value="4246"/>
  <attribute name="Number of cores"value="4"/>
</cycle-end>
<allocation-satisfied id="3227" threadId="000000000112D100" bytesRequested="24" />
<af-end id="3228" timestamp="2019-07-02T23:04:53.617" threadId="000000000112DA88" success="true" />
<exclusive-end id="3229" timestamp="2019-07-02T23:04:53.618" durationms="9.930" />

<exclusive-start id="3230" timestamp="2019-07-02T23:04:53.624" intervalms="16.911">
  <response-info timems="0.038" idlems="0.038" threads="0" lastid="000000000112D100" lastname="Thread-8" />
</exclusive-start>
<af-start id="3231" threadId="000000000112DA88" totalBytesRequested="40" timestamp="2019-07-02T23:04:53.625" intervalms="16.894" />
<cycle-start id="3232" type="global" contextid="0" timestamp="2019-07-02T23:04:53.625" intervalms="16.849" />
  <attribute name="GC Util" value="161" />
  <attribute name="CPU Util" value="20061340782685" />
  <attribute name="Time Running"value="4246"/>
  <attribute name="Number of cores"value="4"/>
<gc-start id="3233" type="global" contextid="3232" timestamp="2019-07-02T23:04:53.625">
  <mem-info id="3234" free="129024" total="17498112" percent="0">
    <mem type="tenure" free="129024" total="17498112" percent="0">
      <mem type="soa" free="0" total="17324032" percent="0" />
      <mem type="loa" free="129024" total="174080" percent="74" />
    </mem>
  </mem-info>
</gc-start>
<allocation-stats totalBytes="11488640" >
  <allocated-bytes non-tlh="0" tlh="11488640" />
  <largest-consumer threadName="Thread-8" threadId="000000000112D100" bytes="5078720" />
</allocation-stats>
<gc-op id="3235" type="mark" timems="2.363" contextid="3232" timestamp="2019-07-02T23:04:53.627">
  <trace-info objectcount="66552" scancount="58990" scanbytes="2288884" />
  <finalization candidates="124" enqueued="0" />
  <ownableSynchronizers candidates="3" cleared="0" />
  <references type="soft" candidates="84" cleared="0" enqueued="0" dynamicThreshold="21" maxThreshold="32" />
  <references type="weak" candidates="774" cleared="0" enqueued="0" />
  <references type="phantom" candidates="63" cleared="0" enqueued="0" />
  <stringconstants candidates="4574" cleared="0"  />
</gc-op>
<gc-op id="3236" type="sweep" timems="0.917" contextid="3232" timestamp="2019-07-02T23:04:53.628" />
<heap-resize id="3237" type="contract" space="tenure" amount="131072" count="1" timems="0.074" reason="excess free space following gc" timestamp="2019-07-02T23:04:53.628" />
<gc-end id="3238" type="global" contextid="3232" durationms="3.722" usertimems="8.000" systemtimems="0.000" timestamp="2019-07-02T23:04:53.628" activeThreads="4">
  <mem-info id="3239" free="11373816" total="17367040" percent="65">
    <mem type="tenure" free="11373816" total="17367040" percent="65" micro-fragmented="77712" macro-fragmented="0">
      <mem type="soa" free="11373816" total="17193984" percent="66" />
      <mem type="loa" free="0" total="173056" percent="0" />
    </mem>
  </mem-info>
</gc-end>
<cycle-end id="3240" type="global" contextid="3232" timestamp="2019-07-02T23:04:53.629">
  <attribute name="GC Util" value="255" />
  <attribute name="CPU Util" value="7552909956281" />
  <attribute name="Time Running"value="4262"/>
  <attribute name="Number of cores"value="4"/>
</cycle-end>
<allocation-satisfied id="3241" threadId="000000000112D100" bytesRequested="40" />
<af-end id="3242" timestamp="2019-07-02T23:04:53.629" threadId="000000000112DA88" success="true" />
<exclusive-end id="3243" timestamp="2019-07-02T23:04:53.629" durationms="4.245" />

<exclusive-start id="3244" timestamp="2019-07-02T23:04:53.633" intervalms="8.960">
  <response-info timems="0.023" idlems="0.023" threads="0" lastid="000000000112D100" lastname="Thread-8" />
</exclusive-start>
<af-start id="3245" threadId="000000000112DA88" totalBytesRequested="40" timestamp="2019-07-02T23:04:53.634" intervalms="8.930" />
<cycle-start id="3246" type="global" contextid="0" timestamp="2019-07-02T23:04:53.634" intervalms="8.967" />
  <attribute name="GC Util" value="255" />
  <attribute name="CPU Util" value="7552909956281" />
  <attribute name="Time Running"value="4262"/>
  <attribute name="Number of cores"value="4"/>
<gc-start id="3247" type="global" contextid="3246" timestamp="2019-07-02T23:04:53.634">
  <mem-info id="3248" free="0" total="17367040" percent="0">
    <mem type="tenure" free="0" total="17367040" percent="0">
      <mem type="soa" free="0" total="17193984" percent="0" />
      <mem type="loa" free="0" total="173056" percent="0" />
    </mem>
  </mem-info>
</gc-start>
<allocation-stats totalBytes="11373840" >
  <allocated-bytes non-tlh="0" tlh="11373840" />
  <largest-consumer threadName="Thread-9" threadId="0000000001130D00" bytes="3279696" />
</allocation-stats>
<gc-op id="3249" type="mark" timems="2.137" contextid="3246" timestamp="2019-07-02T23:04:53.636">
  <trace-info objectcount="67700" scancount="60122" scanbytes="2316420" />
  <finalization candidates="124" enqueued="0" />
  <ownableSynchronizers candidates="3" cleared="0" />
  <references type="soft" candidates="84" cleared="0" enqueued="0" dynamicThreshold="20" maxThreshold="32" />
  <references type="weak" candidates="774" cleared="0" enqueued="0" />
  <references type="phantom" candidates="63" cleared="0" enqueued="0" />
  <stringconstants candidates="4574" cleared="0"  />
</gc-op>
<gc-op id="3250" type="sweep" timems="0.756" contextid="3246" timestamp="2019-07-02T23:04:53.637" />
<mem-info id="3251" free="11406488" total="17367040" percent="65">
  <mem type="tenure" free="11406488" total="17367040" percent="65" micro-fragmented="34469" macro-fragmented="0">
    <mem type="soa" free="11322584" total="17193984" percent="65" />
    <mem type="loa" free="83904" total="173056" percent="48" />
  </mem>
</mem-info>
<gc-op id="3252" type="compact" timems="5.934" contextid="3246" timestamp="2019-07-02T23:04:53.643">
  <compact-info movecount="21947" movebytes="940408" reason="compact to aid heap contraction" />
</gc-op>
<heap-resize id="3253" type="contract" space="tenure" amount="131072" count="1" timems="0.068" reason="excess free space following gc" timestamp="2019-07-02T23:04:53.643" />
<gc-end id="3254" type="global" contextid="3246" durationms="9.511" usertimems="12.000" systemtimems="4.000" timestamp="2019-07-02T23:04:53.643" activeThreads="4">
  <mem-info id="3255" free="11342656" total="17235968" percent="65">
    <mem type="tenure" free="11342656" total="17235968" percent="65">
      <mem type="soa" free="11212608" total="17063936" percent="65" />
      <mem type="loa" free="130048" total="172032" percent="75" />
    </mem>
  </mem-info>
</gc-end>
<cycle-end id="3256" type="global" contextid="3246" timestamp="2019-07-02T23:04:53.643">
  <attribute name="GC Util" value="162" />
  <attribute name="CPU Util" value="20088649477831" />
  <attribute name="Time Running"value="4272"/>
  <attribute name="Number of cores"value="4"/>
</cycle-end>
<allocation-satisfied id="3257" threadId="000000000112D100" bytesRequested="40" />
<af-end id="3258" timestamp="2019-07-02T23:04:53.643" threadId="000000000112DA88" success="true" />
<exclusive-end id="3259" timestamp="2019-07-02T23:04:53.643" durationms="9.959" />

<exclusive-start id="3260" timestamp="2019-07-02T23:04:53.650" intervalms="16.715">
  <response-info timems="0.025" idlems="0.025" threads="0" lastid="000000000112D100" lastname="Thread-8" />
</exclusive-start>
<af-start id="3261" threadId="000000000112DA88" totalBytesRequested="40" timestamp="2019-07-02T23:04:53.650" intervalms="16.722" />
<cycle-start id="3262" type="global" contextid="0" timestamp="2019-07-02T23:04:53.650" intervalms="16.725" />
  <attribute name="GC Util" value="162" />
  <attribute name="CPU Util" value="20088649477831" />
  <attribute name="Time Running"value="4272"/>
  <attribute name="Number of cores"value="4"/>
<gc-start id="3263" type="global" contextid="3262" timestamp="2019-07-02T23:04:53.650">
  <mem-info id="3264" free="130048" total="17235968" percent="0">
    <mem type="tenure" free="130048" total="17235968" percent="0">
      <mem type="soa" free="0" total="17063936" percent="0" />
      <mem type="loa" free="130048" total="172032" percent="75" />
    </mem>
  </mem-info>
</gc-start>
<allocation-stats totalBytes="11276672" >
  <allocated-bytes non-tlh="0" tlh="11276672" />
  <largest-consumer threadName="Thread-8" threadId="000000000112D100" bytes="4947248" />
</allocation-stats>
<gc-op id="3265" type="mark" timems="2.315" contextid="3262" timestamp="2019-07-02T23:04:53.653">
  <trace-info objectcount="68628" scancount="61062" scanbytes="2338468" />
  <finalization candidates="124" enqueued="0" />
  <ownableSynchronizers candidates="3" cleared="0" />
  <references type="soft" candidates="84" cleared="0" enqueued="0" dynamicThreshold="21" maxThreshold="32" />
  <references type="weak" candidates="774" cleared="0" enqueued="0" />
  <references type="phantom" candidates="63" cleared="0" enqueued="0" />
  <stringconstants candidates="4574" cleared="0"  />
</gc-op>
<gc-op id="3266" type="sweep" timems="0.915" contextid="3262" timestamp="2019-07-02T23:04:53.654" />
<heap-resize id="3267" type="contract" space="tenure" amount="131072" count="1" timems="0.050" reason="excess free space following gc" timestamp="2019-07-02T23:04:53.654" />
<gc-end id="3268" type="global" contextid="3262" durationms="3.742" usertimems="4.000" systemtimems="4.000" timestamp="2019-07-02T23:04:53.654" activeThreads="4">
  <mem-info id="3269" free="11216120" total="17104896" percent="65">
    <mem type="tenure" free="11216120" total="17104896" percent="65" micro-fragmented="0" macro-fragmented="0">
      <mem type="soa" free="11119144" total="16933888" percent="65" />
      <mem type="loa" free="96976" total="171008" percent="56" />
    </mem>
  </mem-info>
</gc-end>
<cycle-end id="3270" type="global" contextid="3262" timestamp="2019-07-02T23:04:53.654">
  <attribute name="GC Util" value="250" />
  <attribute name="CPU Util" value="7676867072490" />
  <attribute name="Time Running"value="4288"/>
  <attribute name="Number of cores"value="4"/>
</cycle-end>
<allocation-satisfied id="3271" threadId="000000000112D100" bytesRequested="40" />
<af-end id="3272" timestamp="2019-07-02T23:04:53.654" threadId="000000000112DA88" success="true" />
<exclusive-end id="3273" timestamp="2019-07-02T23:04:53.654" durationms="4.192" />

<exclusive-start id="3274" timestamp="2019-07-02T23:04:53.659" intervalms="9.223">
  <response-info timems="0.024" idlems="0.021" threads="1" lastid="0000000001134900" lastname="Thread-7" />
</exclusive-start>
<af-start id="3275" threadId="0000000001131688" totalBytesRequested="40" timestamp="2019-07-02T23:04:53.659" intervalms="9.247" />
<cycle-start id="3276" type="global" contextid="0" timestamp="2019-07-02T23:04:53.660" intervalms="9.216" />
  <attribute name="GC Util" value="250" />
  <attribute name="CPU Util" value="7676867072490" />
  <attribute name="Time Running"value="4288"/>
  <attribute name="Number of cores"value="4"/>
<gc-start id="3277" type="global" contextid="3276" timestamp="2019-07-02T23:04:53.660">
  <mem-info id="3278" free="96976" total="17104896" percent="0">
    <mem type="tenure" free="96976" total="17104896" percent="0">
      <mem type="soa" free="0" total="16933888" percent="0" />
      <mem type="loa" free="96976" total="171008" percent="56" />
    </mem>
  </mem-info>
</gc-start>
<allocation-stats totalBytes="11114504" >
  <allocated-bytes non-tlh="0" tlh="11114504" />
  <largest-consumer threadName="Thread-9" threadId="0000000001130D00" bytes="3577472" />
</allocation-stats>
<gc-op id="3279" type="mark" timems="1.967" contextid="3276" timestamp="2019-07-02T23:04:53.662">
  <trace-info objectcount="69787" scancount="62194" scanbytes="2366412" />
  <finalization candidates="124" enqueued="0" />
  <ownableSynchronizers candidates="3" cleared="0" />
  <references type="soft" candidates="84" cleared="0" enqueued="0" dynamicThreshold="20" maxThreshold="32" />
  <references type="weak" candidates="774" cleared="0" enqueued="0" />
  <references type="phantom" candidates="63" cleared="0" enqueued="0" />
  <stringconstants candidates="4574" cleared="0"  />
</gc-op>
<gc-op id="3280" type="sweep" timems="0.793" contextid="3276" timestamp="2019-07-02T23:04:53.663" />
<heap-resize id="3281" type="contract" space="tenure" amount="131072" count="1" timems="0.056" reason="excess free space following gc" timestamp="2019-07-02T23:04:53.663" />
<gc-end id="3282" type="global" contextid="3276" durationms="3.291" usertimems="4.000" systemtimems="4.000" timestamp="2019-07-02T23:04:53.663" activeThreads="4">
  <mem-info id="3283" free="10949168" total="16973824" percent="64">
    <mem type="tenure" free="10949168" total="16973824" percent="64" micro-fragmented="8648" macro-fragmented="0">
      <mem type="soa" free="10949168" total="16804864" percent="65" />
      <mem type="loa" free="0" total="168960" percent="0" />
    </mem>
  </mem-info>
</gc-end>
<cycle-end id="3284" type="global" contextid="3276" timestamp="2019-07-02T23:04:53.663">
  <attribute name="GC Util" value="248" />
  <attribute name="CPU Util" value="8945788597105" />
  <attribute name="Time Running"value="4297"/>
  <attribute name="Number of cores"value="4"/>
</cycle-end>
<allocation-satisfied id="3285" threadId="0000000001130D00" bytesRequested="40" />
<af-end id="3286" timestamp="2019-07-02T23:04:53.663" threadId="0000000001131688" success="true" />
<exclusive-end id="3287" timestamp="2019-07-02T23:04:53.663" durationms="3.933" />

<exclusive-start id="3288" timestamp="2019-07-02T23:04:53.668" intervalms="8.516">
  <response-info timems="0.022" idlems="0.022" threads="0" lastid="0000000001130D00" lastname="Thread-9" />
</exclusive-start>
<af-start id="3289" threadId="0000000001131688" totalBytesRequested="40" timestamp="2019-07-02T23:04:53.668" intervalms="8.502" />
<cycle-start id="3290" type="global" contextid="0" timestamp="2019-07-02T23:04:53.668" intervalms="8.503" />
  <attribute name="GC Util" value="248" />
  <attribute name="CPU Util" value="8945788597105" />
  <attribute name="Time Running"value="4297"/>
  <attribute name="Number of cores"value="4"/>
<gc-start id="3291" type="global" contextid="3290" timestamp="2019-07-02T23:04:53.668">
  <mem-info id="3292" free="0" total="16973824" percent="0">
    <mem type="tenure" free="0" total="16973824" percent="0">
      <mem type="soa" free="0" total="16804864" percent="0" />
      <mem type="loa" free="0" total="168960" percent="0" />
    </mem>
  </mem-info>
</gc-start>
<allocation-stats totalBytes="10938656" >
  <allocated-bytes non-tlh="19056" tlh="10919600" />
  <largest-consumer threadName="Thread-8" threadId="000000000112D100" bytes="3144664" />
</allocation-stats>
<gc-op id="3293" type="mark" timems="2.073" contextid="3290" timestamp="2019-07-02T23:04:53.670">
  <trace-info objectcount="66111" scancount="58543" scanbytes="2278300" />
  <finalization candidates="124" enqueued="0" />
  <ownableSynchronizers candidates="3" cleared="0" />
  <references type="soft" candidates="84" cleared="0" enqueued="0" dynamicThreshold="20" maxThreshold="32" />
  <references type="weak" candidates="774" cleared="0" enqueued="0" />
  <references type="phantom" candidates="63" cleared="0" enqueued="0" />
  <stringconstants candidates="4574" cleared="0"  />
</gc-op>
<gc-op id="3294" type="sweep" timems="0.777" contextid="3290" timestamp="2019-07-02T23:04:53.671" />
<mem-info id="3295" free="11046656" total="16973824" percent="65">
  <mem type="tenure" free="11046656" total="16973824" percent="65" micro-fragmented="89487" macro-fragmented="0">
    <mem type="soa" free="10948000" total="16804864" percent="65" />
    <mem type="loa" free="98656" total="168960" percent="58" />
  </mem>
</mem-info>
<gc-op id="3296" type="compact" timems="5.776" contextid="3290" timestamp="2019-07-02T23:04:53.677">
  <compact-info movecount="26332" movebytes="1183040" reason="compact to aid heap contraction" />
</gc-op>
<heap-resize id="3297" type="contract" space="tenure" amount="131072" count="1" timems="0.082" reason="excess free space following gc" timestamp="2019-07-02T23:04:53.677" />
<gc-end id="3298" type="global" contextid="3290" durationms="9.484" usertimems="16.000" systemtimems="0.000" timestamp="2019-07-02T23:04:53.678" activeThreads="4">
  <mem-info id="3299" free="10991656" total="16842752" percent="65">
    <mem type="tenure" free="10991656" total="16842752" percent="65">
      <mem type="soa" free="10861608" total="16674816" percent="65" />
      <mem type="loa" free="130048" total="167936" percent="77" />
    </mem>
  </mem-info>
</gc-end>
<cycle-end id="3300" type="global" contextid="3290" timestamp="2019-07-02T23:04:53.678">
  <attribute name="GC Util" value="144" />
  <attribute name="CPU Util" value="17661918860359" />
  <attribute name="Time Running"value="4307"/>
  <attribute name="Number of cores"value="4"/>
</cycle-end>
<allocation-satisfied id="3301" threadId="0000000001130D00" bytesRequested="40" />
<af-end id="3302" timestamp="2019-07-02T23:04:53.678" threadId="0000000001131688" success="true" />
<exclusive-end id="3303" timestamp="2019-07-02T23:04:53.678" durationms="10.107" />

<exclusive-start id="3304" timestamp="2019-07-02T23:04:53.684" intervalms="15.857">
  <response-info timems="0.027" idlems="0.027" threads="0" lastid="0000000001134900" lastname="Thread-7" />
</exclusive-start>
<af-start id="3305" threadId="0000000001135288" totalBytesRequested="40" timestamp="2019-07-02T23:04:53.684" intervalms="15.909" />
<cycle-start id="3306" type="global" contextid="0" timestamp="2019-07-02T23:04:53.684" intervalms="15.946" />
  <attribute name="GC Util" value="144" />
  <attribute name="CPU Util" value="17661918860359" />
  <attribute name="Time Running"value="4307"/>
  <attribute name="Number of cores"value="4"/>
<gc-start id="3307" type="global" contextid="3306" timestamp="2019-07-02T23:04:53.684">
  <mem-info id="3308" free="130048" total="16842752" percent="0">
    <mem type="tenure" free="130048" total="16842752" percent="0">
      <mem type="soa" free="0" total="16674816" percent="0" />
      <mem type="loa" free="130048" total="167936" percent="77" />
    </mem>
  </mem-info>
</gc-start>
<allocation-stats totalBytes="10925624" >
  <allocated-bytes non-tlh="0" tlh="10925624" />
  <largest-consumer threadName="Thread-9" threadId="0000000001130D00" bytes="4147672" />
</allocation-stats>
<gc-op id="3309" type="mark" timems="2.494" contextid="3306" timestamp="2019-07-02T23:04:53.687">
  <trace-info objectcount="66914" scancount="59348" scanbytes="2297268" />
  <finalization candidates="124" enqueued="0" />
  <ownableSynchronizers candidates="3" cleared="0" />
  <references type="soft" candidates="84" cleared="0" enqueued="0" dynamicThreshold="20" maxThreshold="32" />
  <references type="weak" candidates="774" cleared="0" enqueued="0" />
  <references type="phantom" candidates="63" cleared="0" enqueued="0" />
  <stringconstants candidates="4574" cleared="0"  />
</gc-op>
<gc-op id="3310" type="sweep" timems="0.796" contextid="3306" timestamp="2019-07-02T23:04:53.688" />
<heap-resize id="3311" type="contract" space="tenure" amount="131072" count="1" timems="0.052" reason="excess free space following gc" timestamp="2019-07-02T23:04:53.688" />
<gc-end id="3312" type="global" contextid="3306" durationms="3.689" usertimems="8.000" systemtimems="0.000" timestamp="2019-07-02T23:04:53.688" activeThreads="4">
  <mem-info id="3313" free="10766960" total="16711680" percent="64">
    <mem type="tenure" free="10766960" total="16711680" percent="64" micro-fragmented="13860" macro-fragmented="0">
      <mem type="soa" free="10766960" total="16544768" percent="65" />
      <mem type="loa" free="0" total="166912" percent="0" />
    </mem>
  </mem-info>
</gc-end>
<cycle-end id="3314" type="global" contextid="3306" timestamp="2019-07-02T23:04:53.688">
  <attribute name="GC Util" value="217" />
  <attribute name="CPU Util" value="7198198410866" />
  <attribute name="Time Running"value="4322"/>
  <attribute name="Number of cores"value="4"/>
</cycle-end>
<allocation-satisfied id="3315" threadId="0000000001134900" bytesRequested="40" />
<af-end id="3316" timestamp="2019-07-02T23:04:53.688" threadId="0000000001135288" success="true" />
<exclusive-end id="3317" timestamp="2019-07-02T23:04:53.688" durationms="4.185" />

<exclusive-start id="3318" timestamp="2019-07-02T23:04:53.694" intervalms="9.913">
  <response-info timems="0.029" idlems="0.029" threads="0" lastid="0000000001130D00" lastname="Thread-9" />
</exclusive-start>
<af-start id="3319" threadId="0000000001131688" totalBytesRequested="40" timestamp="2019-07-02T23:04:53.694" intervalms="9.871" />
<cycle-start id="3320" type="global" contextid="0" timestamp="2019-07-02T23:04:53.694" intervalms="9.871" />
  <attribute name="GC Util" value="217" />
  <attribute name="CPU Util" value="7198198410866" />
  <attribute name="Time Running"value="4322"/>
  <attribute name="Number of cores"value="4"/>
<gc-start id="3321" type="global" contextid="3320" timestamp="2019-07-02T23:04:53.694">
  <mem-info id="3322" free="0" total="16711680" percent="0">
    <mem type="tenure" free="0" total="16711680" percent="0">
      <mem type="soa" free="0" total="16544768" percent="0" />
      <mem type="loa" free="0" total="166912" percent="0" />
    </mem>
  </mem-info>
</gc-start>
<allocation-stats totalBytes="10763416" >
  <allocated-bytes non-tlh="0" tlh="10763416" />
  <largest-consumer threadName="Thread-9" threadId="0000000001130D00" bytes="4073304" />
</allocation-stats>
<gc-op id="3323" type="mark" timems="2.364" contextid="3320" timestamp="2019-07-02T23:04:53.697">
  <trace-info objectcount="67672" scancount="60080" scanbytes="2315236" />
  <finalization candidates="124" enqueued="0" />
  <ownableSynchronizers candidates="3" cleared="0" />
  <references type="soft" candidates="84" cleared="0" enqueued="0" dynamicThreshold="20" maxThreshold="32" />
  <references type="weak" candidates="774" cleared="0" enqueued="0" />
  <references type="phantom" candidates="63" cleared="0" enqueued="0" />
  <stringconstants candidates="4574" cleared="0"  />
</gc-op>
<gc-op id="3324" type="sweep" timems="0.779" contextid="3320" timestamp="2019-07-02T23:04:53.697" />
<heap-resize id="3325" type="contract" space="tenure" amount="65536" count="1" timems="0.084" reason="excess free space following gc" timestamp="2019-07-02T23:04:53.698" />
<gc-end id="3326" type="global" contextid="3320" durationms="3.877" usertimems="8.000" systemtimems="4.000" timestamp="2019-07-02T23:04:53.698" activeThreads="4">
  <mem-info id="3327" free="10670504" total="16646144" percent="64">
    <mem type="tenure" free="10670504" total="16646144" percent="64" micro-fragmented="10790" macro-fragmented="0">
      <mem type="soa" free="10670504" total="16480256" percent="64" />
      <mem type="loa" free="0" total="165888" percent="0" />
    </mem>
  </mem-info>
</gc-end>
<cycle-end id="3328" type="global" contextid="3320" timestamp="2019-07-02T23:04:53.698">
  <attribute name="GC Util" value="244" />
  <attribute name="CPU Util" value="7402349541063" />
  <attribute name="Time Running"value="4332"/>
  <attribute name="Number of cores"value="4"/>
</cycle-end>
<allocation-satisfied id="3329" threadId="0000000001130D00" bytesRequested="40" />
<af-end id="3330" timestamp="2019-07-02T23:04:53.698" threadId="0000000001131688" success="true" />
<exclusive-end id="3331" timestamp="2019-07-02T23:04:53.698" durationms="4.561" />

<exclusive-start id="3332" timestamp="2019-07-02T23:04:53.703" intervalms="9.599">
  <response-info timems="0.028" idlems="0.028" threads="0" lastid="0000000001134900" lastname="Thread-7" />
</exclusive-start>
<af-start id="3333" threadId="0000000001135288" totalBytesRequested="40" timestamp="2019-07-02T23:04:53.703" intervalms="9.628" />
<cycle-start id="3334" type="global" contextid="0" timestamp="2019-07-02T23:04:53.704" intervalms="9.668" />
  <attribute name="GC Util" value="244" />
  <attribute name="CPU Util" value="7402349541063" />
  <attribute name="Time Running"value="4332"/>
  <attribute name="Number of cores"value="4"/>
<gc-start id="3335" type="global" contextid="3334" timestamp="2019-07-02T23:04:53.704">
  <mem-info id="3336" free="0" total="16646144" percent="0">
    <mem type="tenure" free="0" total="16646144" percent="0">
      <mem type="soa" free="0" total="16480256" percent="0" />
      <mem type="loa" free="0" total="165888" percent="0" />
    </mem>
  </mem-info>
</gc-start>
<allocation-stats totalBytes="10660688" >
  <allocated-bytes non-tlh="0" tlh="10660688" />
  <largest-consumer threadName="Thread-9" threadId="0000000001130D00" bytes="3480408" />
</allocation-stats>
<gc-op id="3337" type="mark" timems="2.593" contextid="3334" timestamp="2019-07-02T23:04:53.706">
  <trace-info objectcount="68578" scancount="61011" scanbytes="2337156" />
  <finalization candidates="124" enqueued="0" />
  <ownableSynchronizers candidates="3" cleared="0" />
  <references type="soft" candidates="84" cleared="0" enqueued="0" dynamicThreshold="20" maxThreshold="32" />
  <references type="weak" candidates="774" cleared="0" enqueued="0" />
  <references type="phantom" candidates="63" cleared="0" enqueued="0" />
  <stringconstants candidates="4574" cleared="0"  />
</gc-op>
<gc-op id="3338" type="sweep" timems="0.822" contextid="3334" timestamp="2019-07-02T23:04:53.707" />
<mem-info id="3339" free="10695384" total="16646144" percent="64">
  <mem type="tenure" free="10695384" total="16646144" percent="64" micro-fragmented="13117" macro-fragmented="0">
    <mem type="soa" free="10618416" total="16480256" percent="64" />
    <mem type="loa" free="76968" total="165888" percent="46" />
  </mem>
</mem-info>
<gc-op id="3340" type="compact" timems="4.750" contextid="3334" timestamp="2019-07-02T23:04:53.712">
  <compact-info movecount="9348" movebytes="362944" reason="compact to aid heap contraction" />
</gc-op>
<heap-resize id="3341" type="contract" space="tenure" amount="131072" count="1" timems="0.080" reason="excess free space following gc" timestamp="2019-07-02T23:04:53.713" />
<gc-end id="3342" type="global" contextid="3334" durationms="9.089" usertimems="24.000" systemtimems="0.000" timestamp="2019-07-02T23:04:53.713" activeThreads="4">
  <mem-info id="3343" free="10608192" total="16515072" percent="64">
    <mem type="tenure" free="10608192" total="16515072" percent="64">
      <mem type="soa" free="10478144" total="16350208" percent="64" />
      <mem type="loa" free="130048" total="164864" percent="78" />
    </mem>
  </mem-info>
</gc-end>
<cycle-end id="3344" type="global" contextid="3334" timestamp="2019-07-02T23:04:53.713">
  <attribute name="GC Util" value="135" />
  <attribute name="CPU Util" value="16707614839592" />
  <attribute name="Time Running"value="4343"/>
  <attribute name="Number of cores"value="4"/>
</cycle-end>
<allocation-satisfied id="3345" threadId="0000000001134900" bytesRequested="40" />
<af-end id="3346" timestamp="2019-07-02T23:04:53.713" threadId="0000000001135288" success="true" />
<exclusive-end id="3347" timestamp="2019-07-02T23:04:53.713" durationms="9.820" />

<exclusive-start id="3348" timestamp="2019-07-02T23:04:53.717" intervalms="14.202">
  <response-info timems="0.039" idlems="0.039" threads="0" lastid="0000000001129500" lastname="Thread-10" />
</exclusive-start>
<af-start id="3349" threadId="0000000001129E88" totalBytesRequested="40" timestamp="2019-07-02T23:04:53.718" intervalms="14.197" />
<cycle-start id="3350" type="global" contextid="0" timestamp="2019-07-02T23:04:53.718" intervalms="14.195" />
  <attribute name="GC Util" value="135" />
  <attribute name="CPU Util" value="16707614839592" />
  <attribute name="Time Running"value="4343"/>
  <attribute name="Number of cores"value="4"/>
<gc-start id="3351" type="global" contextid="3350" timestamp="2019-07-02T23:04:53.718">
  <mem-info id="3352" free="130048" total="16515072" percent="0">
    <mem type="tenure" free="130048" total="16515072" percent="0">
      <mem type="soa" free="0" total="16350208" percent="0" />
      <mem type="loa" free="130048" total="164864" percent="78" />
    </mem>
  </mem-info>
</gc-start>
<allocation-stats totalBytes="10542136" >
  <allocated-bytes non-tlh="0" tlh="10542136" />
  <largest-consumer threadName="Thread-9" threadId="0000000001130D00" bytes="3170416" />
</allocation-stats>
<gc-op id="3353" type="mark" timems="1.085" contextid="3350" timestamp="2019-07-02T23:04:53.719">
  <trace-info objectcount="69356" scancount="61801" scanbytes="2356180" />
  <finalization candidates="124" enqueued="0" />
  <ownableSynchronizers candidates="3" cleared="0" />
  <references type="soft" candidates="84" cleared="0" enqueued="0" dynamicThreshold="20" maxThreshold="32" />
  <references type="weak" candidates="774" cleared="0" enqueued="0" />
  <references type="phantom" candidates="63" cleared="0" enqueued="0" />
  <stringconstants candidates="4574" cleared="0"  />
</gc-op>
<gc-op id="3354" type="sweep" timems="0.315" contextid="3350" timestamp="2019-07-02T23:04:53.720" />
<heap-resize id="3355" type="contract" space="tenure" amount="131072" count="1" timems="0.093" reason="excess free space following gc" timestamp="2019-07-02T23:04:53.720" />
<gc-end id="3356" type="global" contextid="3350" durationms="2.093" usertimems="4.000" systemtimems="0.000" timestamp="2019-07-02T23:04:53.720" activeThreads="4">
  <mem-info id="3357" free="10465952" total="16384000" percent="63">
    <mem type="tenure" free="10465952" total="16384000" percent="63" micro-fragmented="10789" macro-fragmented="0">
      <mem type="soa" free="10383248" total="16220160" percent="64" />
      <mem type="loa" free="82704" total="163840" percent="50" />
    </mem>
  </mem-info>
</gc-end>
<cycle-end id="3358" type="global" contextid="3350" timestamp="2019-07-02T23:04:53.720">
  <attribute name="GC Util" value="220" />
  <attribute name="CPU Util" value="15770599339292" />
  <attribute name="Time Running"value="4354"/>
  <attribute name="Number of cores"value="4"/>
</cycle-end>
<allocation-satisfied id="3359" threadId="0000000001129500" bytesRequested="40" />
<af-end id="3360" timestamp="2019-07-02T23:04:53.720" threadId="0000000001129E88" success="true" />
<exclusive-end id="3361" timestamp="2019-07-02T23:04:53.720" durationms="2.808" />

<exclusive-start id="3362" timestamp="2019-07-02T23:04:53.727" intervalms="9.442">
  <response-info timems="1.440" idlems="0.730" threads="1" lastid="0000000001129500" lastname="Thread-10" />
</exclusive-start>
<af-start id="3363" threadId="0000000001131688" totalBytesRequested="40" timestamp="2019-07-02T23:04:53.727" intervalms="9.446" />
<cycle-start id="3364" type="global" contextid="0" timestamp="2019-07-02T23:04:53.727" intervalms="9.467" />
  <attribute name="GC Util" value="220" />
  <attribute name="CPU Util" value="15770599339292" />
  <attribute name="Time Running"value="4354"/>
  <attribute name="Number of cores"value="4"/>
<gc-start id="3365" type="global" contextid="3364" timestamp="2019-07-02T23:04:53.727">
  <mem-info id="3366" free="82704" total="16384000" percent="0">
    <mem type="tenure" free="82704" total="16384000" percent="0">
      <mem type="soa" free="0" total="16220160" percent="0" />
      <mem type="loa" free="82704" total="163840" percent="50" />
    </mem>
  </mem-info>
</gc-start>
<allocation-stats totalBytes="10379376" >
  <allocated-bytes non-tlh="0" tlh="10379376" />
  <largest-consumer threadName="Thread-9" threadId="0000000001130D00" bytes="3575584" />
</allocation-stats>
<gc-op id="3367" type="mark" timems="2.230" contextid="3364" timestamp="2019-07-02T23:04:53.730">
  <trace-info objectcount="70150" scancount="62583" scanbytes="2375268" />
  <finalization candidates="124" enqueued="0" />
  <ownableSynchronizers candidates="3" cleared="0" />
  <references type="soft" candidates="84" cleared="0" enqueued="0" dynamicThreshold="20" maxThreshold="32" />
  <references type="weak" candidates="774" cleared="0" enqueued="0" />
  <references type="phantom" candidates="63" cleared="0" enqueued="0" />
  <stringconstants candidates="4574" cleared="0"  />
</gc-op>
<gc-op id="3368" type="sweep" timems="0.773" contextid="3364" timestamp="2019-07-02T23:04:53.731" />
<mem-info id="3369" free="10514488" total="16384000" percent="64">
  <mem type="tenure" free="10514488" total="16384000" percent="64" micro-fragmented="5136" macro-fragmented="0">
    <mem type="soa" free="10350672" total="16220160" percent="63" />
    <mem type="loa" free="163816" total="163840" percent="99" />
  </mem>
</mem-info>
<gc-op id="3370" type="compact" timems="4.831" contextid="3364" timestamp="2019-07-02T23:04:53.736">
  <compact-info movecount="9747" movebytes="372904" reason="compact to aid heap contraction" />
</gc-op>
<heap-resize id="3371" type="contract" space="tenure" amount="131072" count="1" timems="0.087" reason="excess free space following gc" timestamp="2019-07-02T23:04:53.736" />
<gc-end id="3372" type="global" contextid="3364" durationms="8.704" usertimems="12.000" systemtimems="4.000" timestamp="2019-07-02T23:04:53.736" activeThreads="4">
  <mem-info id="3373" free="10309984" total="16252928" percent="63">
    <mem type="tenure" free="10309984" total="16252928" percent="63">
      <mem type="soa" free="10180960" total="16091136" percent="63" />
      <mem type="loa" free="129024" total="161792" percent="79" />
    </mem>
  </mem-info>
</gc-end>
<cycle-end id="3374" type="global" contextid="3364" timestamp="2019-07-02T23:04:53.736">
  <attribute name="GC Util" value="151" />
  <attribute name="CPU Util" value="18780186085464" />
  <attribute name="Time Running"value="4366"/>
  <attribute name="Number of cores"value="4"/>
</cycle-end>
<allocation-satisfied id="3375" threadId="0000000001130D00" bytesRequested="40" />
<af-end id="3376" timestamp="2019-07-02T23:04:53.736" threadId="0000000001131688" success="true" />
<exclusive-end id="3377" timestamp="2019-07-02T23:04:53.736" durationms="9.520" />

<exclusive-start id="3378" timestamp="2019-07-02T23:04:53.741" intervalms="13.772">
  <response-info timems="0.025" idlems="0.024" threads="1" lastid="0000000001129500" lastname="Thread-10" />
</exclusive-start>
<af-start id="3379" threadId="0000000001131688" totalBytesRequested="40" timestamp="2019-07-02T23:04:53.741" intervalms="13.765" />
<cycle-start id="3380" type="global" contextid="0" timestamp="2019-07-02T23:04:53.741" intervalms="13.700" />
  <attribute name="GC Util" value="151" />
  <attribute name="CPU Util" value="18780186085464" />
  <attribute name="Time Running"value="4366"/>
  <attribute name="Number of cores"value="4"/>
<gc-start id="3381" type="global" contextid="3380" timestamp="2019-07-02T23:04:53.741">
  <mem-info id="3382" free="129024" total="16252928" percent="0">
    <mem type="tenure" free="129024" total="16252928" percent="0">
      <mem type="soa" free="0" total="16091136" percent="0" />
      <mem type="loa" free="129024" total="161792" percent="79" />
    </mem>
  </mem-info>
</gc-start>
<allocation-stats totalBytes="10245592" >
  <allocated-bytes non-tlh="0" tlh="10245592" />
  <largest-consumer threadName="Thread-7" threadId="0000000001134900" bytes="3374792" />
</allocation-stats>
<gc-op id="3383" type="mark" timems="2.357" contextid="3380" timestamp="2019-07-02T23:04:53.743">
  <trace-info objectcount="70858" scancount="63287" scanbytes="2392108" />
  <finalization candidates="124" enqueued="0" />
  <ownableSynchronizers candidates="3" cleared="0" />
  <references type="soft" candidates="84" cleared="0" enqueued="0" dynamicThreshold="20" maxThreshold="32" />
  <references type="weak" candidates="774" cleared="0" enqueued="0" />
  <references type="phantom" candidates="63" cleared="0" enqueued="0" />
  <stringconstants candidates="4574" cleared="0"  />
</gc-op>
<gc-op id="3384" type="sweep" timems="0.736" contextid="3380" timestamp="2019-07-02T23:04:53.744" />
<heap-resize id="3385" type="contract" space="tenure" amount="131072" count="1" timems="0.087" reason="excess free space following gc" timestamp="2019-07-02T23:04:53.744" />
<gc-end id="3386" type="global" contextid="3380" durationms="3.661" usertimems="12.000" systemtimems="0.000" timestamp="2019-07-02T23:04:53.745" activeThreads="4">
  <mem-info id="3387" free="10187952" total="16121856" percent="63">
    <mem type="tenure" free="10187952" total="16121856" percent="63" micro-fragmented="6936" macro-fragmented="0">
      <mem type="soa" free="10097504" total="15961088" percent="63" />
      <mem type="loa" free="90448" total="160768" percent="56" />
    </mem>
  </mem-info>
</gc-end>
<cycle-end id="3388" type="global" contextid="3380" timestamp="2019-07-02T23:04:53.745">
  <attribute name="GC Util" value="251" />
  <attribute name="CPU Util" value="7528149384872" />
  <attribute name="Time Running"value="4379"/>
  <attribute name="Number of cores"value="4"/>
</cycle-end>
<allocation-satisfied id="3389" threadId="0000000001130D00" bytesRequested="40" />
<af-end id="3390" timestamp="2019-07-02T23:04:53.745" threadId="0000000001131688" success="true" />
<exclusive-end id="3391" timestamp="2019-07-02T23:04:53.745" durationms="4.305" />

<exclusive-start id="3392" timestamp="2019-07-02T23:04:53.751" intervalms="9.937">
  <response-info timems="0.026" idlems="0.026" threads="0" lastid="0000000001129500" lastname="Thread-10" />
</exclusive-start>
<af-start id="3393" threadId="0000000001129E88" totalBytesRequested="48" timestamp="2019-07-02T23:04:53.751" intervalms="9.912" />
<cycle-start id="3394" type="global" contextid="0" timestamp="2019-07-02T23:04:53.751" intervalms="9.916" />
  <attribute name="GC Util" value="251" />
  <attribute name="CPU Util" value="7528149384872" />
  <attribute name="Time Running"value="4379"/>
  <attribute name="Number of cores"value="4"/>
<gc-start id="3395" type="global" contextid="3394" timestamp="2019-07-02T23:04:53.751">
  <mem-info id="3396" free="90448" total="16121856" percent="0">
    <mem type="tenure" free="90448" total="16121856" percent="0">
      <mem type="soa" free="0" total="15961088" percent="0" />
      <mem type="loa" free="90448" total="160768" percent="56" />
    </mem>
  </mem-info>
</gc-start>
<allocation-stats totalBytes="10093928" >
  <allocated-bytes non-tlh="19056" tlh="10074872" />
  <largest-consumer threadName="Thread-9" threadId="0000000001130D00" bytes="3950864" />
</allocation-stats>
<gc-op id="3397" type="mark" timems="1.214" contextid="3394" timestamp="2019-07-02T23:04:53.752">
  <trace-info objectcount="62295" scancount="54724" scanbytes="2079052" />
  <finalization candidates="124" enqueued="0" />
  <ownableSynchronizers candidates="3" cleared="0" />
  <references type="soft" candidates="84" cleared="0" enqueued="0" dynamicThreshold="20" maxThreshold="32" />
  <references type="weak" candidates="774" cleared="0" enqueued="0" />
  <references type="phantom" candidates="63" cleared="0" enqueued="0" />
  <stringconstants candidates="4574" cleared="0"  />
</gc-op>
<gc-op id="3398" type="sweep" timems="0.282" contextid="3394" timestamp="2019-07-02T23:04:53.753" />
<heap-resize id="3399" type="contract" space="tenure" amount="131072" count="1" timems="0.086" reason="excess free space following gc" timestamp="2019-07-02T23:04:53.753" />
<gc-end id="3400" type="global" contextid="3394" durationms="2.168" usertimems="0.000" systemtimems="4.000" timestamp="2019-07-02T23:04:53.753" activeThreads="4">
  <mem-info id="3401" free="10225736" total="15990784" percent="63">
    <mem type="tenure" free="10225736" total="15990784" percent="63" micro-fragmented="47627" macro-fragmented="0">
      <mem type="soa" free="10225736" total="15831040" percent="64" />
      <mem type="loa" free="0" total="159744" percent="0" />
    </mem>
  </mem-info>
</gc-end>
<cycle-end id="3402" type="global" contextid="3394" timestamp="2019-07-02T23:04:53.753">
  <attribute name="GC Util" value="192" />
  <attribute name="CPU Util" value="13733788387568" />
  <attribute name="Time Running"value="4388"/>
  <attribute name="Number of cores"value="4"/>
</cycle-end>
<allocation-satisfied id="3403" threadId="0000000001129500" bytesRequested="48" />
<af-end id="3404" timestamp="2019-07-02T23:04:53.753" threadId="0000000001129E88" success="true" />
<exclusive-end id="3405" timestamp="2019-07-02T23:04:53.753" durationms="2.729" />

<exclusive-start id="3406" timestamp="2019-07-02T23:04:53.758" intervalms="7.311">
  <response-info timems="0.053" idlems="0.042" threads="2" lastid="0000000001129500" lastname="Thread-10" />
</exclusive-start>
<af-start id="3407" threadId="0000000001135288" totalBytesRequested="40" timestamp="2019-07-02T23:04:53.758" intervalms="7.302" />
<cycle-start id="3408" type="global" contextid="0" timestamp="2019-07-02T23:04:53.758" intervalms="7.265" />
  <attribute name="GC Util" value="192" />
  <attribute name="CPU Util" value="13733788387568" />
  <attribute name="Time Running"value="4388"/>
  <attribute name="Number of cores"value="4"/>
<gc-start id="3409" type="global" contextid="3408" timestamp="2019-07-02T23:04:53.758">
  <mem-info id="3410" free="0" total="15990784" percent="0">
    <mem type="tenure" free="0" total="15990784" percent="0">
      <mem type="soa" free="0" total="15831040" percent="0" />
      <mem type="loa" free="0" total="159744" percent="0" />
    </mem>
  </mem-info>
</gc-start>
<allocation-stats totalBytes="10281992" >
  <allocated-bytes non-tlh="19056" tlh="10262936" />
  <largest-consumer threadName="Thread-9" threadId="0000000001130D00" bytes="3033968" />
</allocation-stats>
<gc-op id="3411" type="mark" timems="2.164" contextid="3408" timestamp="2019-07-02T23:04:53.760">
  <trace-info objectcount="63005" scancount="55427" scanbytes="2203748" />
  <finalization candidates="124" enqueued="0" />
  <ownableSynchronizers candidates="3" cleared="0" />
  <references type="soft" candidates="84" cleared="0" enqueued="0" dynamicThreshold="20" maxThreshold="32" />
  <references type="weak" candidates="774" cleared="0" enqueued="0" />
  <references type="phantom" candidates="63" cleared="0" enqueued="0" />
  <stringconstants candidates="4574" cleared="0"  />
</gc-op>
<gc-op id="3412" type="sweep" timems="0.601" contextid="3408" timestamp="2019-07-02T23:04:53.761" />
<mem-info id="3413" free="10060472" total="15990784" percent="62">
  <mem type="tenure" free="10060472" total="15990784" percent="62" micro-fragmented="115312" macro-fragmented="0">
    <mem type="soa" free="10060472" total="15831040" percent="63" />
    <mem type="loa" free="0" total="159744" percent="0" />
  </mem>
</mem-info>
<gc-op id="3414" type="compact" timems="4.978" contextid="3408" timestamp="2019-07-02T23:04:53.766">
  <compact-info movecount="21901" movebytes="1043928" reason="compact to aid heap contraction" />
</gc-op>
<heap-resize id="3415" type="contract" space="tenure" amount="131072" count="1" timems="0.081" reason="excess free space following gc" timestamp="2019-07-02T23:04:53.767" />
<gc-end id="3416" type="global" contextid="3408" durationms="8.553" usertimems="16.000" systemtimems="0.000" timestamp="2019-07-02T23:04:53.767" activeThreads="4">
  <mem-info id="3417" free="10092384" total="15859712" percent="63">
    <mem type="tenure" free="10092384" total="15859712" percent="63">
      <mem type="soa" free="9963360" total="15702016" percent="63" />
      <mem type="loa" free="129024" total="157696" percent="81" />
    </mem>
  </mem-info>
</gc-end>
<cycle-end id="3418" type="global" contextid="3408" timestamp="2019-07-02T23:04:53.767">
  <attribute name="GC Util" value="120" />
  <attribute name="CPU Util" value="21590416469851" />
  <attribute name="Time Running"value="4397"/>
  <attribute name="Number of cores"value="4"/>
</cycle-end>
<allocation-satisfied id="3419" threadId="0000000001134900" bytesRequested="40" />
<af-end id="3420" timestamp="2019-07-02T23:04:53.767" threadId="0000000001135288" success="true" />
<exclusive-end id="3421" timestamp="2019-07-02T23:04:53.767" durationms="9.200" />

<exclusive-start id="3422" timestamp="2019-07-02T23:04:53.773" intervalms="14.856">
  <response-info timems="0.025" idlems="0.025" threads="0" lastid="0000000001134900" lastname="Thread-7" />
</exclusive-start>
<af-start id="3423" threadId="0000000001135288" totalBytesRequested="40" timestamp="2019-07-02T23:04:53.773" intervalms="14.889" />
<cycle-start id="3424" type="global" contextid="0" timestamp="2019-07-02T23:04:53.773" intervalms="14.925" />
  <attribute name="GC Util" value="120" />
  <attribute name="CPU Util" value="21590416469851" />
  <attribute name="Time Running"value="4397"/>
  <attribute name="Number of cores"value="4"/>
<gc-start id="3425" type="global" contextid="3424" timestamp="2019-07-02T23:04:53.773">
  <mem-info id="3426" free="129024" total="15859712" percent="0">
    <mem type="tenure" free="129024" total="15859712" percent="0">
      <mem type="soa" free="0" total="15702016" percent="0" />
      <mem type="loa" free="129024" total="157696" percent="81" />
    </mem>
  </mem-info>
</gc-start>
<allocation-stats totalBytes="10027888" >
  <allocated-bytes non-tlh="0" tlh="10027888" />
  <largest-consumer threadName="Thread-7" threadId="0000000001134900" bytes="4030120" />
</allocation-stats>
<gc-op id="3427" type="mark" timems="2.019" contextid="3424" timestamp="2019-07-02T23:04:53.775">
  <trace-info objectcount="63448" scancount="55883" scanbytes="2213828" />
  <finalization candidates="124" enqueued="0" />
  <ownableSynchronizers candidates="3" cleared="0" />
  <references type="soft" candidates="84" cleared="0" enqueued="0" dynamicThreshold="20" maxThreshold="32" />
  <references type="weak" candidates="774" cleared="0" enqueued="0" />
  <references type="phantom" candidates="63" cleared="0" enqueued="0" />
  <stringconstants candidates="4574" cleared="0"  />
</gc-op>
<gc-op id="3428" type="sweep" timems="0.697" contextid="3424" timestamp="2019-07-02T23:04:53.776" />
<heap-resize id="3429" type="contract" space="tenure" amount="131072" count="1" timems="0.077" reason="excess free space following gc" timestamp="2019-07-02T23:04:53.776" />
<gc-end id="3430" type="global" contextid="3424" durationms="3.281" usertimems="8.000" systemtimems="0.000" timestamp="2019-07-02T23:04:53.776" activeThreads="4">
  <mem-info id="3431" free="9877976" total="15728640" percent="62">
    <mem type="tenure" free="9877976" total="15728640" percent="62" micro-fragmented="9250" macro-fragmented="0">
      <mem type="soa" free="9877976" total="15571968" percent="63" />
      <mem type="loa" free="0" total="156672" percent="0" />
    </mem>
  </mem-info>
</gc-end>
<cycle-end id="3432" type="global" contextid="3424" timestamp="2019-07-02T23:04:53.776">
  <attribute name="GC Util" value="253" />
  <attribute name="CPU Util" value="8741418216070" />
  <attribute name="Time Running"value="4411"/>
  <attribute name="Number of cores"value="4"/>
</cycle-end>
<allocation-satisfied id="3433" threadId="0000000001134900" bytesRequested="40" />
<af-end id="3434" timestamp="2019-07-02T23:04:53.777" threadId="0000000001135288" success="true" />
<exclusive-end id="3435" timestamp="2019-07-02T23:04:53.777" durationms="4.005" />

<exclusive-start id="3436" timestamp="2019-07-02T23:04:53.782" intervalms="9.427">
  <response-info timems="0.027" idlems="0.027" threads="0" lastid="0000000001130D00" lastname="Thread-9" />
</exclusive-start>
<af-start id="3437" threadId="0000000001131688" totalBytesRequested="40" timestamp="2019-07-02T23:04:53.782" intervalms="9.457" />
<cycle-start id="3438" type="global" contextid="0" timestamp="2019-07-02T23:04:53.782" intervalms="9.485" />
  <attribute name="GC Util" value="253" />
  <attribute name="CPU Util" value="8741418216070" />
  <attribute name="Time Running"value="4411"/>
  <attribute name="Number of cores"value="4"/>
<gc-start id="3439" type="global" contextid="3438" timestamp="2019-07-02T23:04:53.783">
  <mem-info id="3440" free="0" total="15728640" percent="0">
    <mem type="tenure" free="0" total="15728640" percent="0">
      <mem type="soa" free="0" total="15571968" percent="0" />
      <mem type="loa" free="0" total="156672" percent="0" />
    </mem>
  </mem-info>
</gc-start>
<allocation-stats totalBytes="9873112" >
  <allocated-bytes non-tlh="0" tlh="9873112" />
  <largest-consumer threadName="Thread-7" threadId="0000000001134900" bytes="3893832" />
</allocation-stats>
<gc-op id="3441" type="mark" timems="2.113" contextid="3438" timestamp="2019-07-02T23:04:53.785">
  <trace-info objectcount="64300" scancount="56735" scanbytes="2234964" />
  <finalization candidates="124" enqueued="0" />
  <ownableSynchronizers candidates="3" cleared="0" />
  <references type="soft" candidates="84" cleared="0" enqueued="0" dynamicThreshold="20" maxThreshold="32" />
  <references type="weak" candidates="774" cleared="0" enqueued="0" />
  <references type="phantom" candidates="63" cleared="0" enqueued="0" />
  <stringconstants candidates="4574" cleared="0"  />
</gc-op>
<gc-op id="3442" type="sweep" timems="0.785" contextid="3438" timestamp="2019-07-02T23:04:53.786" />
<mem-info id="3443" free="9828992" total="15728640" percent="62">
  <mem type="tenure" free="9828992" total="15728640" percent="62" micro-fragmented="60393" macro-fragmented="0">
    <mem type="soa" free="9828992" total="15571968" percent="63" />
    <mem type="loa" free="0" total="156672" percent="0" />
  </mem>
</mem-info>
<gc-op id="3444" type="compact" timems="4.854" contextid="3438" timestamp="2019-07-02T23:04:53.791">
  <compact-info movecount="7856" movebytes="357736" reason="compact to aid heap contraction" />
</gc-op>
<heap-resize id="3445" type="contract" space="tenure" amount="131072" count="1" timems="0.083" reason="excess free space following gc" timestamp="2019-07-02T23:04:53.791" />
<gc-end id="3446" type="global" contextid="3438" durationms="8.680" usertimems="16.000" systemtimems="0.000" timestamp="2019-07-02T23:04:53.791" activeThreads="4">
  <mem-info id="3447" free="9802096" total="15597568" percent="62">
    <mem type="tenure" free="9802096" total="15597568" percent="62">
      <mem type="soa" free="9672048" total="15441920" percent="62" />
      <mem type="loa" free="130048" total="155648" percent="83" />
    </mem>
  </mem-info>
</gc-end>
<cycle-end id="3448" type="global" contextid="3438" timestamp="2019-07-02T23:04:53.791">
  <attribute name="GC Util" value="152" />
  <attribute name="CPU Util" value="18506742736463" />
  <attribute name="Time Running"value="4421"/>
  <attribute name="Number of cores"value="4"/>
</cycle-end>
<allocation-satisfied id="3449" threadId="0000000001130D00" bytesRequested="40" />
<af-end id="3450" timestamp="2019-07-02T23:04:53.792" threadId="0000000001131688" success="true" />
<exclusive-end id="3451" timestamp="2019-07-02T23:04:53.792" durationms="9.529" />

<exclusive-start id="3452" timestamp="2019-07-02T23:04:53.797" intervalms="14.319">
  <response-info timems="0.024" idlems="0.024" threads="0" lastid="0000000001134900" lastname="Thread-7" />
</exclusive-start>
<af-start id="3453" threadId="0000000001135288" totalBytesRequested="24" timestamp="2019-07-02T23:04:53.797" intervalms="14.300" />
<cycle-start id="3454" type="global" contextid="0" timestamp="2019-07-02T23:04:53.797" intervalms="14.271" />
  <attribute name="GC Util" value="152" />
  <attribute name="CPU Util" value="18506742736463" />
  <attribute name="Time Running"value="4421"/>
  <attribute name="Number of cores"value="4"/>
<gc-start id="3455" type="global" contextid="3454" timestamp="2019-07-02T23:04:53.797">
  <mem-info id="3456" free="130048" total="15597568" percent="0">
    <mem type="tenure" free="130048" total="15597568" percent="0">
      <mem type="soa" free="0" total="15441920" percent="0" />
      <mem type="loa" free="130048" total="155648" percent="83" />
    </mem>
  </mem-info>
</gc-start>
<allocation-stats totalBytes="9736584" >
  <allocated-bytes non-tlh="0" tlh="9736584" />
  <largest-consumer threadName="Thread-7" threadId="0000000001134900" bytes="3112688" />
</allocation-stats>
<gc-op id="3457" type="mark" timems="2.103" contextid="3454" timestamp="2019-07-02T23:04:53.799">
  <trace-info objectcount="64817" scancount="57244" scanbytes="2246796" />
  <finalization candidates="124" enqueued="0" />
  <ownableSynchronizers candidates="3" cleared="0" />
  <references type="soft" candidates="84" cleared="0" enqueued="0" dynamicThreshold="20" maxThreshold="32" />
  <references type="weak" candidates="774" cleared="0" enqueued="0" />
  <references type="phantom" candidates="63" cleared="0" enqueued="0" />
  <stringconstants candidates="4574" cleared="0"  />
</gc-op>
<gc-op id="3458" type="sweep" timems="0.736" contextid="3454" timestamp="2019-07-02T23:04:53.800" />
<heap-resize id="3459" type="contract" space="tenure" amount="131072" count="1" timems="0.075" reason="excess free space following gc" timestamp="2019-07-02T23:04:53.800" />
<gc-end id="3460" type="global" contextid="3454" durationms="3.387" usertimems="4.000" systemtimems="4.000" timestamp="2019-07-02T23:04:53.800" activeThreads="4">
  <mem-info id="3461" free="9673680" total="15466496" percent="62">
    <mem type="tenure" free="9673680" total="15466496" percent="62" micro-fragmented="6177" macro-fragmented="0">
      <mem type="soa" free="9579544" total="15311872" percent="62" />
      <mem type="loa" free="94136" total="154624" percent="60" />
    </mem>
  </mem-info>
</gc-end>
<cycle-end id="3462" type="global" contextid="3454" timestamp="2019-07-02T23:04:53.800">
  <attribute name="GC Util" value="242" />
  <attribute name="CPU Util" value="8369229316575" />
  <attribute name="Time Running"value="4434"/>
  <attribute name="Number of cores"value="4"/>
</cycle-end>
<allocation-satisfied id="3463" threadId="0000000001134900" bytesRequested="24" />
<af-end id="3464" timestamp="2019-07-02T23:04:53.801" threadId="0000000001135288" success="true" />
<exclusive-end id="3465" timestamp="2019-07-02T23:04:53.801" durationms="4.034" />

<exclusive-start id="3466" timestamp="2019-07-02T23:04:53.806" intervalms="9.456">
  <response-info timems="0.103" idlems="0.103" threads="0" lastid="0000000001130D00" lastname="Thread-9" />
</exclusive-start>
<af-start id="3467" threadId="0000000001131688" totalBytesRequested="40" timestamp="2019-07-02T23:04:53.806" intervalms="9.470" />
<cycle-start id="3468" type="global" contextid="0" timestamp="2019-07-02T23:04:53.806" intervalms="9.499" />
  <attribute name="GC Util" value="242" />
  <attribute name="CPU Util" value="8369229316575" />
  <attribute name="Time Running"value="4434"/>
  <attribute name="Number of cores"value="4"/>
<gc-start id="3469" type="global" contextid="3468" timestamp="2019-07-02T23:04:53.806">
  <mem-info id="3470" free="94136" total="15466496" percent="0">
    <mem type="tenure" free="94136" total="15466496" percent="0">
      <mem type="soa" free="0" total="15311872" percent="0" />
      <mem type="loa" free="94136" total="154624" percent="60" />
    </mem>
  </mem-info>
</gc-start>
<allocation-stats totalBytes="9575640" >
  <allocated-bytes non-tlh="0" tlh="9575640" />
  <largest-consumer threadName="Thread-7" threadId="0000000001134900" bytes="3397176" />
</allocation-stats>
<gc-op id="3471" type="mark" timems="1.961" contextid="3468" timestamp="2019-07-02T23:04:53.808">
  <trace-info objectcount="65351" scancount="57790" scanbytes="2259772" />
  <finalization candidates="124" enqueued="0" />
  <ownableSynchronizers candidates="3" cleared="0" />
  <references type="soft" candidates="84" cleared="0" enqueued="0" dynamicThreshold="20" maxThreshold="32" />
  <references type="weak" candidates="774" cleared="0" enqueued="0" />
  <references type="phantom" candidates="63" cleared="0" enqueued="0" />
  <stringconstants candidates="4574" cleared="0"  />
</gc-op>
<gc-op id="3472" type="sweep" timems="0.776" contextid="3468" timestamp="2019-07-02T23:04:53.809" />
<heap-resize id="3473" type="contract" space="tenure" amount="65536" count="1" timems="0.077" reason="excess free space following gc" timestamp="2019-07-02T23:04:53.809" />
<gc-end id="3474" type="global" contextid="3468" durationms="3.246" usertimems="12.000" systemtimems="0.000" timestamp="2019-07-02T23:04:53.810" activeThreads="4">
  <mem-info id="3475" free="9478000" total="15400960" percent="61">
    <mem type="tenure" free="9478000" total="15400960" percent="61" micro-fragmented="2828" macro-fragmented="0">
      <mem type="soa" free="9478000" total="15247360" percent="62" />
      <mem type="loa" free="0" total="153600" percent="0" />
    </mem>
  </mem-info>
</gc-end>
<cycle-end id="3476" type="global" contextid="3468" timestamp="2019-07-02T23:04:53.810">
  <attribute name="GC Util" value="252" />
  <attribute name="CPU Util" value="9119040989232" />
  <attribute name="Time Running"value="4444"/>
  <attribute name="Number of cores"value="4"/>
</cycle-end>
<allocation-satisfied id="3477" threadId="0000000001130D00" bytesRequested="40" />
<af-end id="3478" timestamp="2019-07-02T23:04:53.810" threadId="0000000001131688" success="true" />
<exclusive-end id="3479" timestamp="2019-07-02T23:04:53.810" durationms="3.860" />

<exclusive-start id="3480" timestamp="2019-07-02T23:04:53.814" intervalms="8.283">
  <response-info timems="0.024" idlems="0.024" threads="0" lastid="0000000001134900" lastname="Thread-7" />
</exclusive-start>
<af-start id="3481" threadId="0000000001135288" totalBytesRequested="40" timestamp="2019-07-02T23:04:53.814" intervalms="8.265" />
<cycle-start id="3482" type="global" contextid="0" timestamp="2019-07-02T23:04:53.814" intervalms="8.235" />
  <attribute name="GC Util" value="252" />
  <attribute name="CPU Util" value="9119040989232" />
  <attribute name="Time Running"value="4444"/>
  <attribute name="Number of cores"value="4"/>
<gc-start id="3483" type="global" contextid="3482" timestamp="2019-07-02T23:04:53.815">
  <mem-info id="3484" free="0" total="15400960" percent="0">
    <mem type="tenure" free="0" total="15400960" percent="0">
      <mem type="soa" free="0" total="15247360" percent="0" />
      <mem type="loa" free="0" total="153600" percent="0" />
    </mem>
  </mem-info>
</gc-start>
<allocation-stats totalBytes="9468008" >
  <allocated-bytes non-tlh="0" tlh="9468008" />
  <largest-consumer threadName="Thread-7" threadId="0000000001134900" bytes="3540872" />
</allocation-stats>
<gc-op id="3485" type="mark" timems="2.146" contextid="3482" timestamp="2019-07-02T23:04:53.817">
  <trace-info objectcount="66054" scancount="58485" scanbytes="2276996" />
  <finalization candidates="124" enqueued="0" />
  <ownableSynchronizers candidates="3" cleared="0" />
  <references type="soft" candidates="84" cleared="0" enqueued="0" dynamicThreshold="19" maxThreshold="32" />
  <references type="weak" candidates="774" cleared="0" enqueued="0" />
  <references type="phantom" candidates="63" cleared="0" enqueued="0" />
  <stringconstants candidates="4574" cleared="0"  />
</gc-op>
<gc-op id="3486" type="sweep" timems="0.836" contextid="3482" timestamp="2019-07-02T23:04:53.818" />
<mem-info id="3487" free="9493448" total="15400960" percent="61">
  <mem type="tenure" free="9493448" total="15400960" percent="61" micro-fragmented="30592" macro-fragmented="0">
    <mem type="soa" free="9426056" total="15247360" percent="61" />
    <mem type="loa" free="67392" total="153600" percent="43" />
  </mem>
</mem-info>
<gc-op id="3488" type="compact" timems="4.515" contextid="3482" timestamp="2019-07-02T23:04:53.822">
  <compact-info movecount="4031" movebytes="128496" reason="compact to aid heap contraction" />
</gc-op>
<heap-resize id="3489" type="contract" space="tenure" amount="131072" count="1" timems="0.080" reason="excess free space following gc" timestamp="2019-07-02T23:04:53.823" />
<gc-end id="3490" type="global" contextid="3482" durationms="8.295" usertimems="16.000" systemtimems="0.000" timestamp="2019-07-02T23:04:53.823" activeThreads="4">
  <mem-info id="3491" free="9435456" total="15269888" percent="61">
    <mem type="tenure" free="9435456" total="15269888" percent="61">
      <mem type="soa" free="9305408" total="15117312" percent="61" />
      <mem type="loa" free="130048" total="152576" percent="85" />
    </mem>
  </mem-info>
</gc-end>
<cycle-end id="3492" type="global" contextid="3482" timestamp="2019-07-02T23:04:53.823">
  <attribute name="GC Util" value="151" />
  <attribute name="CPU Util" value="18196379882645" />
  <attribute name="Time Running"value="4453"/>
  <attribute name="Number of cores"value="4"/>
</cycle-end>
<allocation-satisfied id="3493" threadId="0000000001134900" bytesRequested="40" />
<af-end id="3494" timestamp="2019-07-02T23:04:53.823" threadId="0000000001135288" success="true" />
<exclusive-end id="3495" timestamp="2019-07-02T23:04:53.823" durationms="9.032" />

<exclusive-start id="3496" timestamp="2019-07-02T23:04:53.828" intervalms="14.048">
  <response-info timems="0.337" idlems="0.177" threads="1" lastid="0000000001129500" lastname="Thread-10" />
</exclusive-start>
<af-start id="3497" threadId="000000000112DA88" totalBytesRequested="40" timestamp="2019-07-02T23:04:53.828" intervalms="14.040" />
<cycle-start id="3498" type="global" contextid="0" timestamp="2019-07-02T23:04:53.829" intervalms="14.045" />
  <attribute name="GC Util" value="151" />
  <attribute name="CPU Util" value="18196379882645" />
  <attribute name="Time Running"value="4453"/>
  <attribute name="Number of cores"value="4"/>
<gc-start id="3499" type="global" contextid="3498" timestamp="2019-07-02T23:04:53.829">
  <mem-info id="3500" free="130048" total="15269888" percent="0">
    <mem type="tenure" free="130048" total="15269888" percent="0">
      <mem type="soa" free="0" total="15117312" percent="0" />
      <mem type="loa" free="130048" total="152576" percent="85" />
    </mem>
  </mem-info>
</gc-start>
<allocation-stats totalBytes="9369608" >
  <allocated-bytes non-tlh="0" tlh="9369608" />
  <largest-consumer threadName="Thread-7" threadId="0000000001134900" bytes="3243552" />
</allocation-stats>
<gc-op id="3501" type="mark" timems="2.332" contextid="3498" timestamp="2019-07-02T23:04:53.831">
  <trace-info objectcount="66534" scancount="58967" scanbytes="2288148" />
  <finalization candidates="124" enqueued="0" />
  <ownableSynchronizers candidates="3" cleared="0" />
  <references type="soft" candidates="84" cleared="0" enqueued="0" dynamicThreshold="19" maxThreshold="32" />
  <references type="weak" candidates="774" cleared="0" enqueued="0" />
  <references type="phantom" candidates="63" cleared="0" enqueued="0" />
  <stringconstants candidates="4574" cleared="0"  />
</gc-op>
<gc-op id="3502" type="sweep" timems="0.722" contextid="3498" timestamp="2019-07-02T23:04:53.832" />
<heap-resize id="3503" type="contract" space="tenure" amount="131072" count="1" timems="0.080" reason="excess free space following gc" timestamp="2019-07-02T23:04:53.832" />
<gc-end id="3504" type="global" contextid="3498" durationms="3.496" usertimems="8.000" systemtimems="0.000" timestamp="2019-07-02T23:04:53.832" activeThreads="4">
  <mem-info id="3505" free="9327352" total="15138816" percent="61">
    <mem type="tenure" free="9327352" total="15138816" percent="61" micro-fragmented="8983" macro-fragmented="0">
      <mem type="soa" free="9219336" total="14988288" percent="61" />
      <mem type="loa" free="108016" total="150528" percent="71" />
    </mem>
  </mem-info>
</gc-end>
<cycle-end id="3506" type="global" contextid="3498" timestamp="2019-07-02T23:04:53.832">
  <attribute name="GC Util" value="245" />
  <attribute name="CPU Util" value="7606725892638" />
  <attribute name="Time Running"value="4466"/>
  <attribute name="Number of cores"value="4"/>
</cycle-end>
<allocation-satisfied id="3507" threadId="000000000112D100" bytesRequested="40" />
<af-end id="3508" timestamp="2019-07-02T23:04:53.832" threadId="000000000112DA88" success="true" />
<exclusive-end id="3509" timestamp="2019-07-02T23:04:53.832" durationms="4.072" />

<exclusive-start id="3510" timestamp="2019-07-02T23:04:53.837" intervalms="8.288">
  <response-info timems="0.030" idlems="0.028" threads="1" lastid="0000000001134900" lastname="Thread-7" />
</exclusive-start>
<af-start id="3511" threadId="0000000001131688" totalBytesRequested="40" timestamp="2019-07-02T23:04:53.837" intervalms="8.259" />
<cycle-start id="3512" type="global" contextid="0" timestamp="2019-07-02T23:04:53.837" intervalms="8.221" />
  <attribute name="GC Util" value="245" />
  <attribute name="CPU Util" value="7606725892638" />
  <attribute name="Time Running"value="4466"/>
  <attribute name="Number of cores"value="4"/>
<gc-start id="3513" type="global" contextid="3512" timestamp="2019-07-02T23:04:53.837">
  <mem-info id="3514" free="108016" total="15138816" percent="0">
    <mem type="tenure" free="108016" total="15138816" percent="0">
      <mem type="soa" free="0" total="14988288" percent="0" />
      <mem type="loa" free="108016" total="150528" percent="71" />
    </mem>
  </mem-info>
</gc-start>
<allocation-stats totalBytes="9216104" >
  <allocated-bytes non-tlh="0" tlh="9216104" />
  <largest-consumer threadName="Thread-7" threadId="0000000001134900" bytes="3125984" />
</allocation-stats>
<gc-op id="3515" type="mark" timems="2.238" contextid="3512" timestamp="2019-07-02T23:04:53.839">
  <trace-info objectcount="67153" scancount="59571" scanbytes="2303428" />
  <finalization candidates="124" enqueued="0" />
  <ownableSynchronizers candidates="3" cleared="0" />
  <references type="soft" candidates="84" cleared="0" enqueued="0" dynamicThreshold="19" maxThreshold="32" />
  <references type="weak" candidates="774" cleared="0" enqueued="0" />
  <references type="phantom" candidates="63" cleared="0" enqueued="0" />
  <stringconstants candidates="4574" cleared="0"  />
</gc-op>
<gc-op id="3516" type="sweep" timems="0.745" contextid="3512" timestamp="2019-07-02T23:04:53.840" />
<gc-end id="3517" type="global" contextid="3512" durationms="3.299" usertimems="4.000" systemtimems="4.000" timestamp="2019-07-02T23:04:53.840" activeThreads="4">
  <mem-info id="3518" free="9308752" total="15138816" percent="61">
    <mem type="tenure" free="9308752" total="15138816" percent="61" micro-fragmented="22793" macro-fragmented="0">
      <mem type="soa" free="9164584" total="14988288" percent="61" />
      <mem type="loa" free="144168" total="150528" percent="95" />
    </mem>
  </mem-info>
</gc-end>
<cycle-end id="3519" type="global" contextid="3512" timestamp="2019-07-02T23:04:53.840">
  <attribute name="GC Util" value="252" />
  <attribute name="CPU Util" value="7924842848714" />
  <attribute name="Time Running"value="4474"/>
  <attribute name="Number of cores"value="4"/>
</cycle-end>
<allocation-satisfied id="3520" threadId="0000000001130D00" bytesRequested="40" />
<af-end id="3521" timestamp="2019-07-02T23:04:53.841" threadId="0000000001131688" success="true" />
<exclusive-end id="3522" timestamp="2019-07-02T23:04:53.841" durationms="4.024" />

<exclusive-start id="3523" timestamp="2019-07-02T23:04:53.846" intervalms="9.315">
  <response-info timems="0.025" idlems="0.025" threads="0" lastid="0000000001134900" lastname="Thread-7" />
</exclusive-start>
<af-start id="3524" threadId="0000000001135288" totalBytesRequested="40" timestamp="2019-07-02T23:04:53.846" intervalms="9.352" />
<cycle-start id="3525" type="global" contextid="0" timestamp="2019-07-02T23:04:53.846" intervalms="9.385" />
  <attribute name="GC Util" value="252" />
  <attribute name="CPU Util" value="7924842848714" />
  <attribute name="Time Running"value="4474"/>
  <attribute name="Number of cores"value="4"/>
<gc-start id="3526" type="global" contextid="3525" timestamp="2019-07-02T23:04:53.846">
  <mem-info id="3527" free="144168" total="15138816" percent="0">
    <mem type="tenure" free="144168" total="15138816" percent="0">
      <mem type="soa" free="0" total="14988288" percent="0" />
      <mem type="loa" free="144168" total="150528" percent="95" />
    </mem>
  </mem-info>
</gc-start>
<allocation-stats totalBytes="9155960" >
  <allocated-bytes non-tlh="0" tlh="9155960" />
  <largest-consumer threadName="Thread-7" threadId="0000000001134900" bytes="3860768" />
</allocation-stats>
<gc-op id="3528" type="mark" timems="1.592" contextid="3525" timestamp="2019-07-02T23:04:53.848">
  <trace-info objectcount="67776" scancount="60198" scanbytes="2318500" />
  <finalization candidates="124" enqueued="0" />
  <ownableSynchronizers candidates="3" cleared="0" />
  <references type="soft" candidates="84" cleared="0" enqueued="0" dynamicThreshold="19" maxThreshold="32" />
  <references type="weak" candidates="774" cleared="0" enqueued="0" />
  <references type="phantom" candidates="63" cleared="0" enqueued="0" />
  <stringconstants candidates="4574" cleared="0"  />
</gc-op>
<gc-op id="3529" type="sweep" timems="0.779" contextid="3525" timestamp="2019-07-02T23:04:53.849" />
<gc-end id="3530" type="global" contextid="3525" durationms="2.646" usertimems="4.000" systemtimems="0.000" timestamp="2019-07-02T23:04:53.849" activeThreads="4">
  <mem-info id="3531" free="9265192" total="15138816" percent="61">
    <mem type="tenure" free="9265192" total="15138816" percent="61" micro-fragmented="8471" macro-fragmented="0">
      <mem type="soa" free="9121024" total="14988288" percent="60" />
      <mem type="loa" free="144168" total="150528" percent="95" />
    </mem>
  </mem-info>
</gc-end>
<cycle-end id="3532" type="global" contextid="3525" timestamp="2019-07-02T23:04:53.849">
  <attribute name="GC Util" value="249" />
  <attribute name="CPU Util" value="11214739602257" />
  <attribute name="Time Running"value="4483"/>
  <attribute name="Number of cores"value="4"/>
</cycle-end>
<allocation-satisfied id="3533" threadId="0000000001134900" bytesRequested="40" />
<af-end id="3534" timestamp="2019-07-02T23:04:53.849" threadId="0000000001135288" success="true" />
<exclusive-end id="3535" timestamp="2019-07-02T23:04:53.849" durationms="3.240" />

<exclusive-start id="3536" timestamp="2019-07-02T23:04:53.854" intervalms="7.690">
  <response-info timems="0.099" idlems="0.078" threads="3" lastid="0000000001129500" lastname="Thread-10" />
</exclusive-start>
<af-start id="3537" threadId="0000000001135288" totalBytesRequested="40" timestamp="2019-07-02T23:04:53.854" intervalms="7.685" />
<cycle-start id="3538" type="global" contextid="0" timestamp="2019-07-02T23:04:53.854" intervalms="7.683" />
  <attribute name="GC Util" value="249" />
  <attribute name="CPU Util" value="11214739602257" />
  <attribute name="Time Running"value="4483"/>
  <attribute name="Number of cores"value="4"/>
<gc-start id="3539" type="global" contextid="3538" timestamp="2019-07-02T23:04:53.854">
  <mem-info id="3540" free="144168" total="15138816" percent="0">
    <mem type="tenure" free="144168" total="15138816" percent="0">
      <mem type="soa" free="0" total="14988288" percent="0" />
      <mem type="loa" free="144168" total="150528" percent="95" />
    </mem>
  </mem-info>
</gc-start>
<allocation-stats totalBytes="9108464" >
  <allocated-bytes non-tlh="0" tlh="9108464" />
  <largest-consumer threadName="Thread-9" threadId="0000000001130D00" bytes="2960696" />
</allocation-stats>
<gc-op id="3541" type="mark" timems="2.436" contextid="3538" timestamp="2019-07-02T23:04:53.857">
  <trace-info objectcount="68340" scancount="60773" scanbytes="2331596" />
  <finalization candidates="124" enqueued="0" />
  <ownableSynchronizers candidates="3" cleared="0" />
  <references type="soft" candidates="84" cleared="0" enqueued="0" dynamicThreshold="19" maxThreshold="32" />
  <references type="weak" candidates="774" cleared="0" enqueued="0" />
  <references type="phantom" candidates="63" cleared="0" enqueued="0" />
  <stringconstants candidates="4574" cleared="0"  />
</gc-op>
<gc-op id="3542" type="sweep" timems="0.825" contextid="3538" timestamp="2019-07-02T23:04:53.857" />
<gc-end id="3543" type="global" contextid="3538" durationms="3.626" usertimems="4.000" systemtimems="4.000" timestamp="2019-07-02T23:04:53.858" activeThreads="4">
  <mem-info id="3544" free="9214632" total="15138816" percent="60">
    <mem type="tenure" free="9214632" total="15138816" percent="60" micro-fragmented="34343" macro-fragmented="0">
      <mem type="soa" free="9070464" total="14988288" percent="60" />
      <mem type="loa" free="144168" total="150528" percent="95" />
    </mem>
  </mem-info>
</gc-end>
<cycle-end id="3545" type="global" contextid="3538" timestamp="2019-07-02T23:04:53.858">
  <attribute name="GC Util" value="255" />
  <attribute name="CPU Util" value="7397792730503" />
  <attribute name="Time Running"value="4492"/>
  <attribute name="Number of cores"value="4"/>
</cycle-end>
<allocation-satisfied id="3546" threadId="0000000001134900" bytesRequested="40" />
<af-end id="3547" timestamp="2019-07-02T23:04:53.858" threadId="0000000001135288" success="true" />
<exclusive-end id="3548" timestamp="2019-07-02T23:04:53.858" durationms="4.444" />

<exclusive-start id="3549" timestamp="2019-07-02T23:04:53.863" intervalms="9.202">
  <response-info timems="0.025" idlems="0.024" threads="2" lastid="0000000001129500" lastname="Thread-10" />
</exclusive-start>
<af-start id="3550" threadId="0000000001135288" totalBytesRequested="40" timestamp="2019-07-02T23:04:53.863" intervalms="9.237" />
<cycle-start id="3551" type="global" contextid="0" timestamp="2019-07-02T23:04:53.863" intervalms="9.245" />
  <attribute name="GC Util" value="255" />
  <attribute name="CPU Util" value="7397792730503" />
  <attribute name="Time Running"value="4492"/>
  <attribute name="Number of cores"value="4"/>
<gc-start id="3552" type="global" contextid="3551" timestamp="2019-07-02T23:04:53.863">
  <mem-info id="3553" free="144168" total="15138816" percent="0">
    <mem type="tenure" free="144168" total="15138816" percent="0">
      <mem type="soa" free="0" total="14988288" percent="0" />
      <mem type="loa" free="144168" total="150528" percent="95" />
    </mem>
  </mem-info>
</gc-start>
<allocation-stats totalBytes="9053248" >
  <allocated-bytes non-tlh="0" tlh="9053248" />
  <largest-consumer threadName="Thread-7" threadId="0000000001134900" bytes="3750048" />
</allocation-stats>
<gc-op id="3554" type="mark" timems="2.277" contextid="3551" timestamp="2019-07-02T23:04:53.866">
  <trace-info objectcount="69080" scancount="61512" scanbytes="2349628" />
  <finalization candidates="124" enqueued="0" />
  <ownableSynchronizers candidates="3" cleared="0" />
  <references type="soft" candidates="84" cleared="0" enqueued="0" dynamicThreshold="19" maxThreshold="32" />
  <references type="weak" candidates="774" cleared="0" enqueued="0" />
  <references type="phantom" candidates="63" cleared="0" enqueued="0" />
  <stringconstants candidates="4574" cleared="0"  />
</gc-op>
<gc-op id="3555" type="sweep" timems="0.825" contextid="3551" timestamp="2019-07-02T23:04:53.866" />
<gc-end id="3556" type="global" contextid="3551" durationms="3.404" usertimems="8.000" systemtimems="0.000" timestamp="2019-07-02T23:04:53.867" activeThreads="4">
  <mem-info id="3557" free="9142856" total="15138816" percent="60">
    <mem type="tenure" free="9142856" total="15138816" percent="60" micro-fragmented="36365" macro-fragmented="0">
      <mem type="soa" free="8998688" total="14988288" percent="60" />
      <mem type="loa" free="144168" total="150528" percent="95" />
    </mem>
  </mem-info>
</gc-end>
<cycle-end id="3558" type="global" contextid="3551" timestamp="2019-07-02T23:04:53.867">
  <attribute name="GC Util" value="240" />
  <attribute name="CPU Util" value="7771526449755" />
  <attribute name="Time Running"value="4501"/>
  <attribute name="Number of cores"value="4"/>
</cycle-end>
<allocation-satisfied id="3559" threadId="0000000001134900" bytesRequested="40" />
<af-end id="3560" timestamp="2019-07-02T23:04:53.867" threadId="0000000001135288" success="true" />
<exclusive-end id="3561" timestamp="2019-07-02T23:04:53.867" durationms="4.250" />

<exclusive-start id="3562" timestamp="2019-07-02T23:04:53.872" intervalms="8.838">
  <response-info timems="0.039" idlems="0.037" threads="1" lastid="000000000112D100" lastname="Thread-8" />
</exclusive-start>
<af-start id="3563" threadId="0000000001131688" totalBytesRequested="24" timestamp="2019-07-02T23:04:53.872" intervalms="8.810" />
<cycle-start id="3564" type="global" contextid="0" timestamp="2019-07-02T23:04:53.872" intervalms="8.805" />
  <attribute name="GC Util" value="240" />
  <attribute name="CPU Util" value="7771526449755" />
  <attribute name="Time Running"value="4501"/>
  <attribute name="Number of cores"value="4"/>
<gc-start id="3565" type="global" contextid="3564" timestamp="2019-07-02T23:04:53.872">
  <mem-info id="3566" free="144168" total="15138816" percent="0">
    <mem type="tenure" free="144168" total="15138816" percent="0">
      <mem type="soa" free="0" total="14988288" percent="0" />
      <mem type="loa" free="144168" total="150528" percent="95" />
    </mem>
  </mem-info>
</gc-start>
<allocation-stats totalBytes="8977600" >
  <allocated-bytes non-tlh="0" tlh="8977600" />
  <largest-consumer threadName="Thread-7" threadId="0000000001134900" bytes="3106160" />
</allocation-stats>
<gc-op id="3567" type="mark" timems="2.303" contextid="3564" timestamp="2019-07-02T23:04:53.874">
  <trace-info objectcount="69507" scancount="61937" scanbytes="2359572" />
  <finalization candidates="124" enqueued="0" />
  <ownableSynchronizers candidates="3" cleared="0" />
  <references type="soft" candidates="84" cleared="0" enqueued="0" dynamicThreshold="19" maxThreshold="32" />
  <references type="weak" candidates="774" cleared="0" enqueued="0" />
  <references type="phantom" candidates="63" cleared="0" enqueued="0" />
  <stringconstants candidates="4574" cleared="0"  />
</gc-op>
<gc-op id="3568" type="sweep" timems="0.829" contextid="3564" timestamp="2019-07-02T23:04:53.875" />
<gc-end id="3569" type="global" contextid="3564" durationms="3.450" usertimems="8.000" systemtimems="0.000" timestamp="2019-07-02T23:04:53.875" activeThreads="4">
  <mem-info id="3570" free="9090792" total="15138816" percent="60">
    <mem type="tenure" free="9090792" total="15138816" percent="60" micro-fragmented="67300" macro-fragmented="0">
      <mem type="soa" free="8946624" total="14988288" percent="59" />
      <mem type="loa" free="144168" total="150528" percent="95" />
    </mem>
  </mem-info>
</gc-end>
<cycle-end id="3571" type="global" contextid="3564" timestamp="2019-07-02T23:04:53.876">
  <attribute name="GC Util" value="252" />
  <attribute name="CPU Util" value="7695043879575" />
  <attribute name="Time Running"value="4510"/>
  <attribute name="Number of cores"value="4"/>
</cycle-end>
<allocation-satisfied id="3572" threadId="0000000001130D00" bytesRequested="24" />
<af-end id="3573" timestamp="2019-07-02T23:04:53.876" threadId="0000000001131688" success="true" />
<exclusive-end id="3574" timestamp="2019-07-02T23:04:53.876" durationms="4.196" />

<exclusive-start id="3575" timestamp="2019-07-02T23:04:53.880" intervalms="8.692">
  <response-info timems="0.032" idlems="0.031" threads="1" lastid="0000000001130D00" lastname="Thread-9" />
</exclusive-start>
<af-start id="3576" threadId="000000000112DA88" totalBytesRequested="40" timestamp="2019-07-02T23:04:53.880" intervalms="8.688" />
<cycle-start id="3577" type="global" contextid="0" timestamp="2019-07-02T23:04:53.881" intervalms="8.690" />
  <attribute name="GC Util" value="252" />
  <attribute name="CPU Util" value="7695043879575" />
  <attribute name="Time Running"value="4510"/>
  <attribute name="Number of cores"value="4"/>
<gc-start id="3578" type="global" contextid="3577" timestamp="2019-07-02T23:04:53.881">
  <mem-info id="3579" free="144168" total="15138816" percent="0">
    <mem type="tenure" free="144168" total="15138816" percent="0">
      <mem type="soa" free="0" total="14988288" percent="0" />
      <mem type="loa" free="144168" total="150528" percent="95" />
    </mem>
  </mem-info>
</gc-start>
<allocation-stats totalBytes="8920736" >
  <allocated-bytes non-tlh="0" tlh="8920736" />
  <largest-consumer threadName="Thread-7" threadId="0000000001134900" bytes="3009816" />
</allocation-stats>
<gc-op id="3580" type="mark" timems="2.183" contextid="3577" timestamp="2019-07-02T23:04:53.883">
  <trace-info objectcount="70168" scancount="62603" scanbytes="2375564" />
  <finalization candidates="124" enqueued="0" />
  <ownableSynchronizers candidates="3" cleared="0" />
  <references type="soft" candidates="84" cleared="0" enqueued="0" dynamicThreshold="19" maxThreshold="32" />
  <references type="weak" candidates="774" cleared="0" enqueued="0" />
  <references type="phantom" candidates="63" cleared="0" enqueued="0" />
  <stringconstants candidates="4574" cleared="0"  />
</gc-op>
<gc-op id="3581" type="sweep" timems="0.871" contextid="3577" timestamp="2019-07-02T23:04:53.884" />
<heap-resize id="3582" type="expand" space="tenure" amount="1048576" count="1" timems="0.050" reason="excessive time being spent in gc" timestamp="2019-07-02T23:04:53.884" />
<gc-end id="3583" type="global" contextid="3577" durationms="3.477" usertimems="8.000" systemtimems="0.000" timestamp="2019-07-02T23:04:53.884" activeThreads="4">
  <mem-info id="3584" free="10053568" total="16187392" percent="62">
    <mem type="tenure" free="10053568" total="16187392" percent="62" micro-fragmented="54771" macro-fragmented="0">
      <mem type="soa" free="9891776" total="16025600" percent="61" />
      <mem type="loa" free="161792" total="161792" percent="100" />
    </mem>
  </mem-info>
</gc-end>
<cycle-end id="3585" type="global" contextid="3577" timestamp="2019-07-02T23:04:53.884">
  <attribute name="GC Util" value="254" />
  <attribute name="CPU Util" value="8128689454099" />
  <attribute name="Time Running"value="4518"/>
  <attribute name="Number of cores"value="4"/>
</cycle-end>
<allocation-satisfied id="3586" threadId="000000000112D100" bytesRequested="40" />
<af-end id="3587" timestamp="2019-07-02T23:04:53.884" threadId="000000000112DA88" success="true" />
<exclusive-end id="3588" timestamp="2019-07-02T23:04:53.884" durationms="4.054" />

<exclusive-start id="3589" timestamp="2019-07-02T23:04:53.890" intervalms="9.570">
  <response-info timems="0.024" idlems="0.024" threads="0" lastid="0000000001129500" lastname="Thread-10" />
</exclusive-start>
<af-start id="3590" threadId="0000000001129E88" totalBytesRequested="24" timestamp="2019-07-02T23:04:53.893" intervalms="12.596" />
<cycle-start id="3591" type="global" contextid="0" timestamp="2019-07-02T23:04:53.893" intervalms="12.610" />
  <attribute name="GC Util" value="254" />
  <attribute name="CPU Util" value="8128689454099" />
  <attribute name="Time Running"value="4518"/>
  <attribute name="Number of cores"value="4"/>
<gc-start id="3592" type="global" contextid="3591" timestamp="2019-07-02T23:04:53.893">
  <mem-info id="3593" free="161792" total="16187392" percent="0">
    <mem type="tenure" free="161792" total="16187392" percent="0">
      <mem type="soa" free="0" total="16025600" percent="0" />
      <mem type="loa" free="161792" total="161792" percent="100" />
    </mem>
  </mem-info>
</gc-start>
<allocation-stats totalBytes="9862920" >
  <allocated-bytes non-tlh="19056" tlh="9843864" />
  <largest-consumer threadName="Thread-7" threadId="0000000001134900" bytes="4075504" />
</allocation-stats>
<gc-op id="3594" type="mark" timems="1.320" contextid="3591" timestamp="2019-07-02T23:04:53.895">
  <trace-info objectcount="66005" scancount="58433" scanbytes="2275404" />
  <finalization candidates="124" enqueued="0" />
  <ownableSynchronizers candidates="3" cleared="0" />
  <references type="soft" candidates="84" cleared="0" enqueued="0" dynamicThreshold="19" maxThreshold="32" />
  <references type="weak" candidates="774" cleared="0" enqueued="0" />
  <references type="phantom" candidates="63" cleared="0" enqueued="0" />
  <stringconstants candidates="4574" cleared="0"  />
</gc-op>
<gc-op id="3595" type="sweep" timems="0.338" contextid="3591" timestamp="2019-07-02T23:04:53.895" />
<gc-end id="3596" type="global" contextid="3591" durationms="2.058" usertimems="4.000" systemtimems="0.000" timestamp="2019-07-02T23:04:53.895" activeThreads="4">
  <mem-info id="3597" free="10138768" total="16187392" percent="62">
    <mem type="tenure" free="10138768" total="16187392" percent="62" micro-fragmented="114006" macro-fragmented="0">
      <mem type="soa" free="9976976" total="16025600" percent="62" />
      <mem type="loa" free="161792" total="161792" percent="100" />
    </mem>
  </mem-info>
</gc-end>
<cycle-end id="3598" type="global" contextid="3591" timestamp="2019-07-02T23:04:53.895">
  <attribute name="GC Util" value="190" />
  <attribute name="CPU Util" value="13043721409689" />
  <attribute name="Time Running"value="4530"/>
  <attribute name="Number of cores"value="4"/>
</cycle-end>
<allocation-satisfied id="3599" threadId="0000000001129500" bytesRequested="24" />
<af-end id="3600" timestamp="2019-07-02T23:04:53.896" threadId="0000000001129E88" success="true" />
<exclusive-end id="3601" timestamp="2019-07-02T23:04:53.896" durationms="5.851" />

<exclusive-start id="3602" timestamp="2019-07-02T23:04:53.900" intervalms="10.166">
  <response-info timems="0.026" idlems="0.024" threads="1" lastid="0000000001134900" lastname="Thread-7" />
</exclusive-start>
<af-start id="3603" threadId="0000000001131688" totalBytesRequested="40" timestamp="2019-07-02T23:04:53.900" intervalms="7.172" />
<cycle-start id="3604" type="global" contextid="0" timestamp="2019-07-02T23:04:53.900" intervalms="7.182" />
  <attribute name="GC Util" value="190" />
  <attribute name="CPU Util" value="13043721409689" />
  <attribute name="Time Running"value="4530"/>
  <attribute name="Number of cores"value="4"/>
<gc-start id="3605" type="global" contextid="3604" timestamp="2019-07-02T23:04:53.900">
  <mem-info id="3606" free="161792" total="16187392" percent="0">
    <mem type="tenure" free="161792" total="16187392" percent="0">
      <mem type="soa" free="0" total="16025600" percent="0" />
      <mem type="loa" free="161792" total="161792" percent="100" />
    </mem>
  </mem-info>
</gc-start>
<allocation-stats totalBytes="9988264" >
  <allocated-bytes non-tlh="0" tlh="9988264" />
  <largest-consumer threadName="Thread-7" threadId="0000000001134900" bytes="3077520" />
</allocation-stats>
<gc-op id="3607" type="mark" timems="2.196" contextid="3604" timestamp="2019-07-02T23:04:53.903">
  <trace-info objectcount="66856" scancount="59294" scanbytes="2296388" />
  <finalization candidates="124" enqueued="0" />
  <ownableSynchronizers candidates="3" cleared="0" />
  <references type="soft" candidates="84" cleared="0" enqueued="0" dynamicThreshold="20" maxThreshold="32" />
  <references type="weak" candidates="774" cleared="0" enqueued="0" />
  <references type="phantom" candidates="63" cleared="0" enqueued="0" />
  <stringconstants candidates="4574" cleared="0"  />
</gc-op>
<gc-op id="3608" type="sweep" timems="0.841" contextid="3604" timestamp="2019-07-02T23:04:53.904" />
<gc-end id="3609" type="global" contextid="3604" durationms="3.478" usertimems="8.000" systemtimems="0.000" timestamp="2019-07-02T23:04:53.904" activeThreads="4">
  <mem-info id="3610" free="10069096" total="16187392" percent="62">
    <mem type="tenure" free="10069096" total="16187392" percent="62" micro-fragmented="116318" macro-fragmented="0">
      <mem type="soa" free="9907304" total="16025600" percent="61" />
      <mem type="loa" free="161792" total="161792" percent="100" />
    </mem>
  </mem-info>
</gc-end>
<cycle-end id="3611" type="global" contextid="3604" timestamp="2019-07-02T23:04:53.904">
  <attribute name="GC Util" value="245" />
  <attribute name="CPU Util" value="8040652287495" />
  <attribute name="Time Running"value="4538"/>
  <attribute name="Number of cores"value="4"/>
</cycle-end>
<allocation-satisfied id="3612" threadId="0000000001130D00" bytesRequested="40" />
<af-end id="3613" timestamp="2019-07-02T23:04:53.904" threadId="0000000001131688" success="true" />
<exclusive-end id="3614" timestamp="2019-07-02T23:04:53.904" durationms="4.297" />

<exclusive-start id="3615" timestamp="2019-07-02T23:04:53.909" intervalms="8.905">
  <response-info timems="0.033" idlems="0.033" threads="0" lastid="0000000001129500" lastname="Thread-10" />
</exclusive-start>
<af-start id="3616" threadId="0000000001129E88" totalBytesRequested="40" timestamp="2019-07-02T23:04:53.914" intervalms="13.762" />
<cycle-start id="3617" type="global" contextid="0" timestamp="2019-07-02T23:04:53.914" intervalms="13.786" />
  <attribute name="GC Util" value="245" />
  <attribute name="CPU Util" value="8040652287495" />
  <attribute name="Time Running"value="4538"/>
  <attribute name="Number of cores"value="4"/>
<gc-start id="3618" type="global" contextid="3617" timestamp="2019-07-02T23:04:53.914">
  <mem-info id="3619" free="161792" total="16187392" percent="0">
    <mem type="tenure" free="161792" total="16187392" percent="0">
      <mem type="soa" free="0" total="16025600" percent="0" />
      <mem type="loa" free="161792" total="161792" percent="100" />
    </mem>
  </mem-info>
</gc-start>
<allocation-stats totalBytes="9885936" >
  <allocated-bytes non-tlh="0" tlh="9885936" />
  <largest-consumer threadName="Thread-7" threadId="0000000001134900" bytes="3199872" />
</allocation-stats>
<gc-op id="3620" type="mark" timems="1.130" contextid="3617" timestamp="2019-07-02T23:04:53.916">
  <trace-info objectcount="67612" scancount="60025" scanbytes="2314564" />
  <finalization candidates="124" enqueued="0" />
  <ownableSynchronizers candidates="3" cleared="0" />
  <references type="soft" candidates="84" cleared="0" enqueued="0" dynamicThreshold="19" maxThreshold="32" />
  <references type="weak" candidates="774" cleared="0" enqueued="0" />
  <references type="phantom" candidates="63" cleared="0" enqueued="0" />
  <stringconstants candidates="4574" cleared="0"  />
</gc-op>
<gc-op id="3621" type="sweep" timems="0.369" contextid="3617" timestamp="2019-07-02T23:04:53.916" />
<heap-resize id="3622" type="contract" space="tenure" amount="131072" count="1" timems="0.051" reason="excess free space following gc" timestamp="2019-07-02T23:04:53.916" />
<gc-end id="3623" type="global" contextid="3617" durationms="2.068" usertimems="8.000" systemtimems="0.000" timestamp="2019-07-02T23:04:53.916" activeThreads="4">
  <mem-info id="3624" free="9773144" total="16056320" percent="60">
    <mem type="tenure" free="9773144" total="16056320" percent="60" micro-fragmented="192549" macro-fragmented="0">
      <mem type="soa" free="9681960" total="15896576" percent="60" />
      <mem type="loa" free="91184" total="159744" percent="57" />
    </mem>
  </mem-info>
</gc-end>
<cycle-end id="3625" type="global" contextid="3617" timestamp="2019-07-02T23:04:53.916">
  <attribute name="GC Util" value="214" />
  <attribute name="CPU Util" value="15154927014062" />
  <attribute name="Time Running"value="4551"/>
  <attribute name="Number of cores"value="4"/>
</cycle-end>
<allocation-satisfied id="3626" threadId="0000000001129500" bytesRequested="40" />
<af-end id="3627" timestamp="2019-07-02T23:04:53.917" threadId="0000000001129E88" success="true" />
<exclusive-end id="3628" timestamp="2019-07-02T23:04:53.917" durationms="7.686" />

<exclusive-start id="3629" timestamp="2019-07-02T23:04:53.921" intervalms="11.992">
  <response-info timems="0.030" idlems="0.028" threads="1" lastid="0000000001134900" lastname="Thread-7" />
</exclusive-start>
<af-start id="3630" threadId="0000000001131688" totalBytesRequested="40" timestamp="2019-07-02T23:04:53.921" intervalms="7.081" />
<cycle-start id="3631" type="global" contextid="0" timestamp="2019-07-02T23:04:53.921" intervalms="6.998" />
  <attribute name="GC Util" value="214" />
  <attribute name="CPU Util" value="15154927014062" />
  <attribute name="Time Running"value="4551"/>
  <attribute name="Number of cores"value="4"/>
<gc-start id="3632" type="global" contextid="3631" timestamp="2019-07-02T23:04:53.921">
  <mem-info id="3633" free="91184" total="16056320" percent="0">
    <mem type="tenure" free="91184" total="16056320" percent="0">
      <mem type="soa" free="0" total="15896576" percent="0" />
      <mem type="loa" free="91184" total="159744" percent="57" />
    </mem>
  </mem-info>
</gc-start>
<allocation-stats totalBytes="9656832" >
  <allocated-bytes non-tlh="0" tlh="9656832" />
  <largest-consumer threadName="Thread-9" threadId="0000000001130D00" bytes="2979216" />
</allocation-stats>
<gc-op id="3634" type="mark" timems="2.081" contextid="3631" timestamp="2019-07-02T23:04:53.923">
  <trace-info objectcount="68394" scancount="60807" scanbytes="2333348" />
  <finalization candidates="124" enqueued="0" />
  <ownableSynchronizers candidates="3" cleared="0" />
  <references type="soft" candidates="84" cleared="0" enqueued="0" dynamicThreshold="19" maxThreshold="32" />
  <references type="weak" candidates="774" cleared="0" enqueued="0" />
  <references type="phantom" candidates="63" cleared="0" enqueued="0" />
  <stringconstants candidates="4574" cleared="0"  />
</gc-op>
<gc-op id="3635" type="sweep" timems="0.881" contextid="3631" timestamp="2019-07-02T23:04:53.924" />
<gc-end id="3636" type="global" contextid="3631" durationms="3.364" usertimems="12.000" systemtimems="0.000" timestamp="2019-07-02T23:04:53.925" activeThreads="4">
  <mem-info id="3637" free="9711320" total="16056320" percent="60">
    <mem type="tenure" free="9711320" total="16056320" percent="60" micro-fragmented="227288" macro-fragmented="0">
      <mem type="soa" free="9579256" total="15896576" percent="60" />
      <mem type="loa" free="132064" total="159744" percent="82" />
    </mem>
  </mem-info>
</gc-end>
<cycle-end id="3638" type="global" contextid="3631" timestamp="2019-07-02T23:04:53.925">
  <attribute name="GC Util" value="236" />
  <attribute name="CPU Util" value="8470049927034" />
  <attribute name="Time Running"value="4559"/>
  <attribute name="Number of cores"value="4"/>
</cycle-end>
<allocation-satisfied id="3639" threadId="0000000001130D00" bytesRequested="40" />
<af-end id="3640" timestamp="2019-07-02T23:04:53.925" threadId="0000000001131688" success="true" />
<exclusive-end id="3641" timestamp="2019-07-02T23:04:53.925" durationms="4.093" />

<exclusive-start id="3642" timestamp="2019-07-02T23:04:53.930" intervalms="8.732">
  <response-info timems="0.054" idlems="0.041" threads="2" lastid="0000000001129500" lastname="Thread-10" />
</exclusive-start>
<af-start id="3643" threadId="0000000001131688" totalBytesRequested="40" timestamp="2019-07-02T23:04:53.930" intervalms="8.751" />
<cycle-start id="3644" type="global" contextid="0" timestamp="2019-07-02T23:04:53.930" intervalms="8.783" />
  <attribute name="GC Util" value="236" />
  <attribute name="CPU Util" value="8470049927034" />
  <attribute name="Time Running"value="4559"/>
  <attribute name="Number of cores"value="4"/>
<gc-start id="3645" type="global" contextid="3644" timestamp="2019-07-02T23:04:53.930">
  <mem-info id="3646" free="132064" total="16056320" percent="0">
    <mem type="tenure" free="132064" total="16056320" percent="0">
      <mem type="soa" free="0" total="15896576" percent="0" />
      <mem type="loa" free="132064" total="159744" percent="82" />
    </mem>
  </mem-info>
</gc-start>
<allocation-stats totalBytes="9551240" >
  <allocated-bytes non-tlh="0" tlh="9551240" />
  <largest-consumer threadName="Thread-9" threadId="0000000001130D00" bytes="3241704" />
</allocation-stats>
<gc-op id="3647" type="mark" timems="2.145" contextid="3644" timestamp="2019-07-02T23:04:53.932">
  <trace-info objectcount="69222" scancount="61648" scanbytes="2353172" />
  <finalization candidates="124" enqueued="0" />
  <ownableSynchronizers candidates="3" cleared="0" />
  <references type="soft" candidates="84" cleared="0" enqueued="0" dynamicThreshold="19" maxThreshold="32" />
  <references type="weak" candidates="774" cleared="0" enqueued="0" />
  <references type="phantom" candidates="63" cleared="0" enqueued="0" />
  <stringconstants candidates="4574" cleared="0"  />
</gc-op>
<gc-op id="3648" type="sweep" timems="0.916" contextid="3644" timestamp="2019-07-02T23:04:53.933" />
<heap-resize id="3649" type="expand" space="tenure" amount="1048576" count="1" timems="0.058" reason="excessive time being spent in gc" timestamp="2019-07-02T23:04:53.933" />
<gc-end id="3650" type="global" contextid="3644" durationms="3.525" usertimems="8.000" systemtimems="0.000" timestamp="2019-07-02T23:04:53.934" activeThreads="4">
  <mem-info id="3651" free="10647592" total="17104896" percent="62">
    <mem type="tenure" free="10647592" total="17104896" percent="62" micro-fragmented="266378" macro-fragmented="0">
      <mem type="soa" free="10476584" total="16933888" percent="61" />
      <mem type="loa" free="171008" total="171008" percent="100" />
    </mem>
  </mem-info>
</gc-end>
<cycle-end id="3652" type="global" contextid="3644" timestamp="2019-07-02T23:04:53.934">
  <attribute name="GC Util" value="258" />
  <attribute name="CPU Util" value="8365764001297" />
  <attribute name="Time Running"value="4568"/>
  <attribute name="Number of cores"value="4"/>
</cycle-end>
<allocation-satisfied id="3653" threadId="0000000001130D00" bytesRequested="40" />
<af-end id="3654" timestamp="2019-07-02T23:04:53.934" threadId="0000000001131688" success="true" />
<exclusive-end id="3655" timestamp="2019-07-02T23:04:53.934" durationms="4.228" />

<exclusive-start id="3656" timestamp="2019-07-02T23:04:53.939" intervalms="9.656">
  <response-info timems="0.027" idlems="0.027" threads="0" lastid="0000000001130D00" lastname="Thread-9" />
</exclusive-start>
<af-start id="3657" threadId="0000000001131688" totalBytesRequested="40" timestamp="2019-07-02T23:04:53.939" intervalms="9.633" />
<cycle-start id="3658" type="global" contextid="0" timestamp="2019-07-02T23:04:53.940" intervalms="9.604" />
  <attribute name="GC Util" value="258" />
  <attribute name="CPU Util" value="8365764001297" />
  <attribute name="Time Running"value="4568"/>
  <attribute name="Number of cores"value="4"/>
<gc-start id="3659" type="global" contextid="3658" timestamp="2019-07-02T23:04:53.940">
  <mem-info id="3660" free="171008" total="17104896" percent="0">
    <mem type="tenure" free="171008" total="17104896" percent="0">
      <mem type="soa" free="0" total="16933888" percent="0" />
      <mem type="loa" free="171008" total="171008" percent="100" />
    </mem>
  </mem-info>
</gc-start>
<allocation-stats totalBytes="10444088" >
  <allocated-bytes non-tlh="0" tlh="10444088" />
  <largest-consumer threadName="Thread-9" threadId="0000000001130D00" bytes="3691568" />
</allocation-stats>
<gc-op id="3661" type="mark" timems="2.474" contextid="3658" timestamp="2019-07-02T23:04:53.942">
  <trace-info objectcount="70036" scancount="62457" scanbytes="2372740" />
  <finalization candidates="124" enqueued="0" />
  <ownableSynchronizers candidates="3" cleared="0" />
  <references type="soft" candidates="84" cleared="0" enqueued="0" dynamicThreshold="19" maxThreshold="32" />
  <references type="weak" candidates="774" cleared="0" enqueued="0" />
  <references type="phantom" candidates="63" cleared="0" enqueued="0" />
  <stringconstants candidates="4574" cleared="0"  />
</gc-op>
<gc-op id="3662" type="sweep" timems="1.011" contextid="3658" timestamp="2019-07-02T23:04:53.943" />
<gc-end id="3663" type="global" contextid="3658" durationms="3.857" usertimems="12.000" systemtimems="0.000" timestamp="2019-07-02T23:04:53.943" activeThreads="4">
  <mem-info id="3664" free="10541896" total="17104896" percent="61">
    <mem type="tenure" free="10541896" total="17104896" percent="61" micro-fragmented="326480" macro-fragmented="0">
      <mem type="soa" free="10370888" total="16933888" percent="61" />
      <mem type="loa" free="171008" total="171008" percent="100" />
    </mem>
  </mem-info>
</gc-end>
<cycle-end id="3665" type="global" contextid="3658" timestamp="2019-07-02T23:04:53.944">
  <attribute name="GC Util" value="258" />
  <attribute name="CPU Util" value="7143147956392" />
  <attribute name="Time Running"value="4578"/>
  <attribute name="Number of cores"value="4"/>
</cycle-end>
<allocation-satisfied id="3666" threadId="0000000001130D00" bytesRequested="40" />
<af-end id="3667" timestamp="2019-07-02T23:04:53.944" threadId="0000000001131688" success="true" />
<exclusive-end id="3668" timestamp="2019-07-02T23:04:53.944" durationms="4.595" />

<exclusive-start id="3669" timestamp="2019-07-02T23:04:53.949" intervalms="9.276">
  <response-info timems="0.030" idlems="0.030" threads="0" lastid="0000000001129500" lastname="Thread-10" />
</exclusive-start>
<af-start id="3670" threadId="0000000001129E88" totalBytesRequested="40" timestamp="2019-07-02T23:04:53.949" intervalms="9.791" />
<cycle-start id="3671" type="global" contextid="0" timestamp="2019-07-02T23:04:53.953" intervalms="13.577" />
  <attribute name="GC Util" value="258" />
  <attribute name="CPU Util" value="7143147956392" />
  <attribute name="Time Running"value="4578"/>
  <attribute name="Number of cores"value="4"/>
<gc-start id="3672" type="global" contextid="3671" timestamp="2019-07-02T23:04:53.953">
  <mem-info id="3673" free="171008" total="17104896" percent="0">
    <mem type="tenure" free="171008" total="17104896" percent="0">
      <mem type="soa" free="0" total="16933888" percent="0" />
      <mem type="loa" free="171008" total="171008" percent="100" />
    </mem>
  </mem-info>
</gc-start>
<allocation-stats totalBytes="10335168" >
  <allocated-bytes non-tlh="0" tlh="10335168" />
  <largest-consumer threadName="Thread-9" threadId="0000000001130D00" bytes="3190992" />
</allocation-stats>
<gc-op id="3674" type="mark" timems="1.432" contextid="3671" timestamp="2019-07-02T23:04:53.955">
  <trace-info objectcount="71023" scancount="63430" scanbytes="2396428" />
  <finalization candidates="124" enqueued="0" />
  <ownableSynchronizers candidates="3" cleared="0" />
  <references type="soft" candidates="84" cleared="0" enqueued="0" dynamicThreshold="19" maxThreshold="32" />
  <references type="weak" candidates="774" cleared="0" enqueued="0" />
  <references type="phantom" candidates="63" cleared="0" enqueued="0" />
  <stringconstants candidates="4574" cleared="0"  />
</gc-op>
<gc-op id="3675" type="sweep" timems="0.460" contextid="3671" timestamp="2019-07-02T23:04:53.956" />
<gc-end id="3676" type="global" contextid="3671" durationms="2.323" usertimems="4.000" systemtimems="0.000" timestamp="2019-07-02T23:04:53.956" activeThreads="4">
  <mem-info id="3677" free="10398248" total="17104896" percent="60">
    <mem type="tenure" free="10398248" total="17104896" percent="60" micro-fragmented="268826" macro-fragmented="0">
      <mem type="soa" free="10227240" total="16933888" percent="60" />
      <mem type="loa" free="171008" total="171008" percent="100" />
    </mem>
  </mem-info>
</gc-end>
<cycle-end id="3678" type="global" contextid="3671" timestamp="2019-07-02T23:04:53.956">
  <attribute name="GC Util" value="202" />
  <attribute name="CPU Util" value="12185084714708" />
  <attribute name="Time Running"value="4590"/>
  <attribute name="Number of cores"value="4"/>
</cycle-end>
<allocation-satisfied id="3679" threadId="0000000001129500" bytesRequested="40" />
<af-end id="3680" timestamp="2019-07-02T23:04:53.956" threadId="0000000001129E88" success="true" />
<exclusive-end id="3681" timestamp="2019-07-02T23:04:53.956" durationms="7.429" />

<exclusive-start id="3682" timestamp="2019-07-02T23:04:53.961" intervalms="12.482">
  <response-info timems="0.082" idlems="0.082" threads="0" lastid="000000000112D100" lastname="Thread-8" />
</exclusive-start>
<af-start id="3683" threadId="000000000112DA88" totalBytesRequested="40" timestamp="2019-07-02T23:04:53.961" intervalms="11.989" />
<cycle-start id="3684" type="global" contextid="0" timestamp="2019-07-02T23:04:53.961" intervalms="8.232" />
  <attribute name="GC Util" value="202" />
  <attribute name="CPU Util" value="12185084714708" />
  <attribute name="Time Running"value="4590"/>
  <attribute name="Number of cores"value="4"/>
<gc-start id="3685" type="global" contextid="3684" timestamp="2019-07-02T23:04:53.961">
  <mem-info id="3686" free="171008" total="17104896" percent="0">
    <mem type="tenure" free="171008" total="17104896" percent="0">
      <mem type="soa" free="0" total="16933888" percent="0" />
      <mem type="loa" free="171008" total="171008" percent="100" />
    </mem>
  </mem-info>
</gc-start>
<allocation-stats totalBytes="10187704" >
  <allocated-bytes non-tlh="0" tlh="10187704" />
  <largest-consumer threadName="Thread-9" threadId="0000000001130D00" bytes="3472872" />
</allocation-stats>
<gc-op id="3687" type="mark" timems="2.262" contextid="3684" timestamp="2019-07-02T23:04:53.964">
  <trace-info objectcount="71931" scancount="64355" scanbytes="2418204" />
  <finalization candidates="124" enqueued="0" />
  <ownableSynchronizers candidates="3" cleared="0" />
  <references type="soft" candidates="84" cleared="0" enqueued="0" dynamicThreshold="19" maxThreshold="32" />
  <references type="weak" candidates="774" cleared="0" enqueued="0" />
  <references type="phantom" candidates="63" cleared="0" enqueued="0" />
  <stringconstants candidates="4574" cleared="0"  />
</gc-op>
<gc-op id="3688" type="sweep" timems="0.947" contextid="3684" timestamp="2019-07-02T23:04:53.965" />
<heap-resize id="3689" type="expand" space="tenure" amount="1048576" count="1" timems="0.069" reason="excessive time being spent in gc" timestamp="2019-07-02T23:04:53.965" />
<gc-end id="3690" type="global" contextid="3684" durationms="3.633" usertimems="12.000" systemtimems="0.000" timestamp="2019-07-02T23:04:53.965" activeThreads="4">
  <mem-info id="3691" free="11291288" total="18153472" percent="62">
    <mem type="tenure" free="11291288" total="18153472" percent="62" micro-fragmented="376279" macro-fragmented="0">
      <mem type="soa" free="11110040" total="17972224" percent="61" />
      <mem type="loa" free="181248" total="181248" percent="100" />
    </mem>
  </mem-info>
</gc-end>
<cycle-end id="3692" type="global" contextid="3684" timestamp="2019-07-02T23:04:53.965">
  <attribute name="GC Util" value="263" />
  <attribute name="CPU Util" value="7998102602783" />
  <attribute name="Time Running"value="4599"/>
  <attribute name="Number of cores"value="4"/>
</cycle-end>
<allocation-satisfied id="3693" threadId="000000000112D100" bytesRequested="40" />
<af-end id="3694" timestamp="2019-07-02T23:04:53.965" threadId="000000000112DA88" success="true" />
<exclusive-end id="3695" timestamp="2019-07-02T23:04:53.965" durationms="4.121" />

<exclusive-start id="3696" timestamp="2019-07-02T23:04:53.971" intervalms="9.812">
  <response-info timems="0.198" idlems="0.108" threads="1" lastid="0000000001129500" lastname="Thread-10" />
</exclusive-start>
<af-start id="3697" threadId="000000000112DA88" totalBytesRequested="40" timestamp="2019-07-02T23:04:53.971" intervalms="9.765" />
<cycle-start id="3698" type="global" contextid="0" timestamp="2019-07-02T23:04:53.971" intervalms="9.767" />
  <attribute name="GC Util" value="263" />
  <attribute name="CPU Util" value="7998102602783" />
  <attribute name="Time Running"value="4599"/>
  <attribute name="Number of cores"value="4"/>
<gc-start id="3699" type="global" contextid="3698" timestamp="2019-07-02T23:04:53.971">
  <mem-info id="3700" free="181248" total="18153472" percent="0">
    <mem type="tenure" free="181248" total="18153472" percent="0">
      <mem type="soa" free="0" total="17972224" percent="0" />
      <mem type="loa" free="181248" total="181248" percent="100" />
    </mem>
  </mem-info>
</gc-start>
<allocation-stats totalBytes="11066960" >
  <allocated-bytes non-tlh="0" tlh="11066960" />
  <largest-consumer threadName="Thread-9" threadId="0000000001130D00" bytes="3614328" />
</allocation-stats>
<gc-op id="3701" type="mark" timems="2.510" contextid="3698" timestamp="2019-07-02T23:04:53.974">
  <trace-info objectcount="73144" scancount="65576" scanbytes="2447076" />
  <finalization candidates="124" enqueued="0" />
  <ownableSynchronizers candidates="3" cleared="0" />
  <references type="soft" candidates="84" cleared="0" enqueued="0" dynamicThreshold="19" maxThreshold="32" />
  <references type="weak" candidates="774" cleared="0" enqueued="0" />
  <references type="phantom" candidates="63" cleared="0" enqueued="0" />
  <stringconstants candidates="4574" cleared="0"  />
</gc-op>
<gc-op id="3702" type="sweep" timems="0.961" contextid="3698" timestamp="2019-07-02T23:04:53.975" />
<gc-end id="3703" type="global" contextid="3698" durationms="3.833" usertimems="4.000" systemtimems="4.000" timestamp="2019-07-02T23:04:53.975" activeThreads="4">
  <mem-info id="3704" free="11112176" total="18153472" percent="61">
    <mem type="tenure" free="11112176" total="18153472" percent="61" micro-fragmented="358520" macro-fragmented="0">
      <mem type="soa" free="10930928" total="17972224" percent="60" />
      <mem type="loa" free="181248" total="181248" percent="100" />
    </mem>
  </mem-info>
</gc-end>
<cycle-end id="3705" type="global" contextid="3698" timestamp="2019-07-02T23:04:53.975">
  <attribute name="GC Util" value="248" />
  <attribute name="CPU Util" value="7106460416636" />
  <attribute name="Time Running"value="4609"/>
  <attribute name="Number of cores"value="4"/>
</cycle-end>
<allocation-satisfied id="3706" threadId="000000000112D100" bytesRequested="40" />
<af-end id="3707" timestamp="2019-07-02T23:04:53.975" threadId="000000000112DA88" success="true" />
<exclusive-end id="3708" timestamp="2019-07-02T23:04:53.975" durationms="4.413" />

<exclusive-start id="3709" timestamp="2019-07-02T23:04:53.981" intervalms="10.218">
  <response-info timems="0.034" idlems="0.034" threads="0" lastid="0000000001134900" lastname="Thread-7" />
</exclusive-start>
<af-start id="3710" threadId="0000000001135288" totalBytesRequested="40" timestamp="2019-07-02T23:04:53.981" intervalms="10.304" />
<cycle-start id="3711" type="global" contextid="0" timestamp="2019-07-02T23:04:53.981" intervalms="10.308" />
  <attribute name="GC Util" value="248" />
  <attribute name="CPU Util" value="7106460416636" />
  <attribute name="Time Running"value="4609"/>
  <attribute name="Number of cores"value="4"/>
<gc-start id="3712" type="global" contextid="3711" timestamp="2019-07-02T23:04:53.981">
  <mem-info id="3713" free="181248" total="18153472" percent="0">
    <mem type="tenure" free="181248" total="18153472" percent="0">
      <mem type="soa" free="0" total="17972224" percent="0" />
      <mem type="loa" free="181248" total="181248" percent="100" />
    </mem>
  </mem-info>
</gc-start>
<allocation-stats totalBytes="10884376" >
  <allocated-bytes non-tlh="0" tlh="10884376" />
  <largest-consumer threadName="Thread-9" threadId="0000000001130D00" bytes="3837496" />
</allocation-stats>
<gc-op id="3714" type="mark" timems="2.087" contextid="3711" timestamp="2019-07-02T23:04:53.984">
  <trace-info objectcount="74112" scancount="66542" scanbytes="2470564" />
  <finalization candidates="124" enqueued="0" />
  <ownableSynchronizers candidates="3" cleared="0" />
  <references type="soft" candidates="84" cleared="0" enqueued="0" dynamicThreshold="19" maxThreshold="32" />
  <references type="weak" candidates="774" cleared="0" enqueued="0" />
  <references type="phantom" candidates="63" cleared="0" enqueued="0" />
  <stringconstants candidates="4574" cleared="0"  />
</gc-op>
<gc-op id="3715" type="sweep" timems="0.941" contextid="3711" timestamp="2019-07-02T23:04:53.985" />
<gc-end id="3716" type="global" contextid="3711" durationms="3.305" usertimems="4.000" systemtimems="0.000" timestamp="2019-07-02T23:04:53.985" activeThreads="4">
  <mem-info id="3717" free="10959808" total="18153472" percent="60">
    <mem type="tenure" free="10959808" total="18153472" percent="60" micro-fragmented="466038" macro-fragmented="0">
      <mem type="soa" free="10778560" total="17972224" percent="59" />
      <mem type="loa" free="181248" total="181248" percent="100" />
    </mem>
  </mem-info>
</gc-end>
<cycle-end id="3718" type="global" contextid="3711" timestamp="2019-07-02T23:04:53.985">
  <attribute name="GC Util" value="259" />
  <attribute name="CPU Util" value="8625459397481" />
  <attribute name="Time Running"value="4619"/>
  <attribute name="Number of cores"value="4"/>
</cycle-end>
<allocation-satisfied id="3719" threadId="0000000001134900" bytesRequested="40" />
<af-end id="3720" timestamp="2019-07-02T23:04:53.985" threadId="0000000001135288" success="true" />
<exclusive-end id="3721" timestamp="2019-07-02T23:04:53.985" durationms="3.958" />

<exclusive-start id="3722" timestamp="2019-07-02T23:04:53.991" intervalms="9.790">
  <response-info timems="0.027" idlems="0.027" threads="0" lastid="0000000001134900" lastname="Thread-7" />
</exclusive-start>
<af-start id="3723" threadId="0000000001135288" totalBytesRequested="40" timestamp="2019-07-02T23:04:53.991" intervalms="9.763" />
<cycle-start id="3724" type="global" contextid="0" timestamp="2019-07-02T23:04:53.991" intervalms="9.761" />
  <attribute name="GC Util" value="259" />
  <attribute name="CPU Util" value="8625459397481" />
  <attribute name="Time Running"value="4619"/>
  <attribute name="Number of cores"value="4"/>
<gc-start id="3725" type="global" contextid="3724" timestamp="2019-07-02T23:04:53.991">
  <mem-info id="3726" free="181248" total="18153472" percent="0">
    <mem type="tenure" free="181248" total="18153472" percent="0">
      <mem type="soa" free="0" total="17972224" percent="0" />
      <mem type="loa" free="181248" total="181248" percent="100" />
    </mem>
  </mem-info>
</gc-start>
<allocation-stats totalBytes="10730224" >
  <allocated-bytes non-tlh="23160" tlh="10707064" />
  <largest-consumer threadName="Thread-9" threadId="0000000001130D00" bytes="3579408" />
</allocation-stats>
<gc-op id="3727" type="mark" timems="2.244" contextid="3724" timestamp="2019-07-02T23:04:53.994">
  <trace-info objectcount="70228" scancount="62661" scanbytes="2377332" />
  <finalization candidates="124" enqueued="0" />
  <ownableSynchronizers candidates="3" cleared="0" />
  <references type="soft" candidates="84" cleared="0" enqueued="0" dynamicThreshold="19" maxThreshold="32" />
  <references type="weak" candidates="774" cleared="0" enqueued="0" />
  <references type="phantom" candidates="63" cleared="0" enqueued="0" />
  <stringconstants candidates="4574" cleared="0"  />
</gc-op>
<gc-op id="3728" type="sweep" timems="0.888" contextid="3724" timestamp="2019-07-02T23:04:53.995" />
<heap-resize id="3729" type="contract" space="tenure" amount="131072" count="1" timems="0.065" reason="excess free space following gc" timestamp="2019-07-02T23:04:53.995" />
<gc-end id="3730" type="global" contextid="3724" durationms="3.812" usertimems="4.000" systemtimems="4.000" timestamp="2019-07-02T23:04:53.995" activeThreads="4">
  <mem-info id="3731" free="11296880" total="18022400" percent="62">
    <mem type="tenure" free="11296880" total="18022400" percent="62" micro-fragmented="398023" macro-fragmented="0">
      <mem type="soa" free="11296880" total="17842176" percent="63" />
      <mem type="loa" free="0" total="180224" percent="0" />
    </mem>
  </mem-info>
</gc-end>
<cycle-end id="3732" type="global" contextid="3724" timestamp="2019-07-02T23:04:53.995">
  <attribute name="GC Util" value="248" />
  <attribute name="CPU Util" value="7882701726836" />
  <attribute name="Time Running"value="4629"/>
  <attribute name="Number of cores"value="4"/>
</cycle-end>
<allocation-satisfied id="3733" threadId="0000000001134900" bytesRequested="40" />
<af-end id="3734" timestamp="2019-07-02T23:04:53.996" threadId="0000000001135288" success="true" />
<exclusive-end id="3735" timestamp="2019-07-02T23:04:53.996" durationms="4.639" />

<exclusive-start id="3736" timestamp="2019-07-02T23:04:54.002" intervalms="10.895">
  <response-info timems="0.028" idlems="0.028" threads="0" lastid="000000000112D100" lastname="Thread-8" />
</exclusive-start>
<af-start id="3737" threadId="000000000112DA88" totalBytesRequested="40" timestamp="2019-07-02T23:04:54.002" intervalms="10.851" />
<cycle-start id="3738" type="global" contextid="0" timestamp="2019-07-02T23:04:54.002" intervalms="10.850" />
  <attribute name="GC Util" value="248" />
  <attribute name="CPU Util" value="7882701726836" />
  <attribute name="Time Running"value="4629"/>
  <attribute name="Number of cores"value="4"/>
<gc-start id="3739" type="global" contextid="3738" timestamp="2019-07-02T23:04:54.002">
  <mem-info id="3740" free="0" total="18022400" percent="0">
    <mem type="tenure" free="0" total="18022400" percent="0">
      <mem type="soa" free="0" total="17842176" percent="0" />
      <mem type="loa" free="0" total="180224" percent="0" />
    </mem>
  </mem-info>
</gc-start>
<allocation-stats totalBytes="11260688" >
  <allocated-bytes non-tlh="23160" tlh="11237528" />
  <largest-consumer threadName="Thread-8" threadId="000000000112D100" bytes="3703600" />
</allocation-stats>
<gc-op id="3741" type="mark" timems="2.225" contextid="3738" timestamp="2019-07-02T23:04:54.005">
  <trace-info objectcount="66645" scancount="59075" scanbytes="2290964" />
  <finalization candidates="124" enqueued="0" />
  <ownableSynchronizers candidates="3" cleared="0" />
  <references type="soft" candidates="84" cleared="0" enqueued="0" dynamicThreshold="20" maxThreshold="32" />
  <references type="weak" candidates="774" cleared="0" enqueued="0" />
  <references type="phantom" candidates="63" cleared="0" enqueued="0" />
  <stringconstants candidates="4574" cleared="0"  />
</gc-op>
<gc-op id="3742" type="sweep" timems="0.878" contextid="3738" timestamp="2019-07-02T23:04:54.005" />
<mem-info id="3743" free="11574920" total="18022400" percent="64">
  <mem type="tenure" free="11574920" total="18022400" percent="64" micro-fragmented="237619" macro-fragmented="0">
    <mem type="soa" free="11574920" total="17842176" percent="64" />
    <mem type="loa" free="0" total="180224" percent="0" />
  </mem>
</mem-info>
<gc-op id="3744" type="compact" timems="5.797" contextid="3738" timestamp="2019-07-02T23:04:54.011">
  <compact-info movecount="25541" movebytes="1131144" reason="compact to aid heap contraction" />
</gc-op>
<heap-resize id="3745" type="contract" space="tenure" amount="131072" count="1" timems="0.105" reason="excess free space following gc" timestamp="2019-07-02T23:04:54.012" />
<gc-end id="3746" type="global" contextid="3738" durationms="9.660" usertimems="12.000" systemtimems="8.000" timestamp="2019-07-02T23:04:54.012" activeThreads="4">
  <mem-info id="3747" free="12016304" total="17891328" percent="67">
    <mem type="tenure" free="12016304" total="17891328" percent="67">
      <mem type="soa" free="11887280" total="17713152" percent="67" />
      <mem type="loa" free="129024" total="178176" percent="72" />
    </mem>
  </mem-info>
</gc-end>
<cycle-end id="3748" type="global" contextid="3738" timestamp="2019-07-02T23:04:54.012">
  <attribute name="GC Util" value="142" />
  <attribute name="CPU Util" value="17476451284306" />
  <attribute name="Time Running"value="4641"/>
  <attribute name="Number of cores"value="4"/>
</cycle-end>
<allocation-satisfied id="3749" threadId="000000000112D100" bytesRequested="40" />
<af-end id="3750" timestamp="2019-07-02T23:04:54.012" threadId="000000000112DA88" success="true" />
<exclusive-end id="3751" timestamp="2019-07-02T23:04:54.012" durationms="10.264" />

<exclusive-start id="3752" timestamp="2019-07-02T23:04:54.018" intervalms="15.960">
  <response-info timems="0.034" idlems="0.034" threads="0" lastid="0000000001130D00" lastname="Thread-9" />
</exclusive-start>
<af-start id="3753" threadId="0000000001131688" totalBytesRequested="24" timestamp="2019-07-02T23:04:54.018" intervalms="15.999" />
<cycle-start id="3754" type="global" contextid="0" timestamp="2019-07-02T23:04:54.018" intervalms="15.999" />
  <attribute name="GC Util" value="142" />
  <attribute name="CPU Util" value="17476451284306" />
  <attribute name="Time Running"value="4641"/>
  <attribute name="Number of cores"value="4"/>
<gc-start id="3755" type="global" contextid="3754" timestamp="2019-07-02T23:04:54.018">
  <mem-info id="3756" free="129024" total="17891328" percent="0">
    <mem type="tenure" free="129024" total="17891328" percent="0">
      <mem type="soa" free="0" total="17713152" percent="0" />
      <mem type="loa" free="129024" total="178176" percent="72" />
    </mem>
  </mem-info>
</gc-start>
<allocation-stats totalBytes="11951912" >
  <allocated-bytes non-tlh="0" tlh="11951912" />
  <largest-consumer threadName="Thread-7" threadId="0000000001134900" bytes="3637088" />
</allocation-stats>
<gc-op id="3757" type="mark" timems="2.462" contextid="3754" timestamp="2019-07-02T23:04:54.021">
  <trace-info objectcount="67733" scancount="60155" scanbytes="2316836" />
  <finalization candidates="124" enqueued="0" />
  <ownableSynchronizers candidates="3" cleared="0" />
  <references type="soft" candidates="84" cleared="0" enqueued="0" dynamicThreshold="21" maxThreshold="32" />
  <references type="weak" candidates="774" cleared="0" enqueued="0" />
  <references type="phantom" candidates="63" cleared="0" enqueued="0" />
  <stringconstants candidates="4574" cleared="0"  />
</gc-op>
<gc-op id="3758" type="sweep" timems="0.609" contextid="3754" timestamp="2019-07-02T23:04:54.021" />
<heap-resize id="3759" type="contract" space="tenure" amount="131072" count="1" timems="0.044" reason="excess free space following gc" timestamp="2019-07-02T23:04:54.021" />
<gc-end id="3760" type="global" contextid="3754" durationms="3.487" usertimems="8.000" systemtimems="0.000" timestamp="2019-07-02T23:04:54.022" activeThreads="4">
  <mem-info id="3761" free="11853432" total="17760256" percent="66">
    <mem type="tenure" free="11853432" total="17760256" percent="66" micro-fragmented="3076" macro-fragmented="0">
      <mem type="soa" free="11761104" total="17583104" percent="66" />
      <mem type="loa" free="92328" total="177152" percent="52" />
    </mem>
  </mem-info>
</gc-end>
<cycle-end id="3762" type="global" contextid="3754" timestamp="2019-07-02T23:04:54.022">
  <attribute name="GC Util" value="252" />
  <attribute name="CPU Util" value="7304943907137" />
  <attribute name="Time Running"value="4656"/>
  <attribute name="Number of cores"value="4"/>
</cycle-end>
<allocation-satisfied id="3763" threadId="0000000001130D00" bytesRequested="24" />
<af-end id="3764" timestamp="2019-07-02T23:04:54.022" threadId="0000000001131688" success="true" />
<exclusive-end id="3765" timestamp="2019-07-02T23:04:54.022" durationms="4.086" />

<exclusive-start id="3766" timestamp="2019-07-02T23:04:54.029" intervalms="10.729">
  <response-info timems="0.027" idlems="0.027" threads="0" lastid="0000000001134900" lastname="Thread-7" />
</exclusive-start>
<af-start id="3767" threadId="0000000001135288" totalBytesRequested="40" timestamp="2019-07-02T23:04:54.029" intervalms="10.706" />
<cycle-start id="3768" type="global" contextid="0" timestamp="2019-07-02T23:04:54.029" intervalms="10.677" />
  <attribute name="GC Util" value="252" />
  <attribute name="CPU Util" value="7304943907137" />
  <attribute name="Time Running"value="4656"/>
  <attribute name="Number of cores"value="4"/>
<gc-start id="3769" type="global" contextid="3768" timestamp="2019-07-02T23:04:54.029">
  <mem-info id="3770" free="92328" total="17760256" percent="0">
    <mem type="tenure" free="92328" total="17760256" percent="0">
      <mem type="soa" free="0" total="17583104" percent="0" />
      <mem type="loa" free="92328" total="177152" percent="52" />
    </mem>
  </mem-info>
</gc-start>
<allocation-stats totalBytes="11755928" >
  <allocated-bytes non-tlh="0" tlh="11755928" />
  <largest-consumer threadName="Thread-7" threadId="0000000001134900" bytes="3902680" />
</allocation-stats>
<gc-op id="3771" type="mark" timems="2.204" contextid="3768" timestamp="2019-07-02T23:04:54.031">
  <trace-info objectcount="68988" scancount="61415" scanbytes="2347572" />
  <finalization candidates="124" enqueued="0" />
  <ownableSynchronizers candidates="3" cleared="0" />
  <references type="soft" candidates="84" cleared="0" enqueued="0" dynamicThreshold="21" maxThreshold="32" />
  <references type="weak" candidates="774" cleared="0" enqueued="0" />
  <references type="phantom" candidates="63" cleared="0" enqueued="0" />
  <stringconstants candidates="4574" cleared="0"  />
</gc-op>
<gc-op id="3772" type="sweep" timems="0.745" contextid="3768" timestamp="2019-07-02T23:04:54.032" />
<mem-info id="3773" free="11836928" total="17760256" percent="66">
  <mem type="tenure" free="11836928" total="17760256" percent="66" micro-fragmented="40172" macro-fragmented="0">
    <mem type="soa" free="11659800" total="17583104" percent="66" />
    <mem type="loa" free="177128" total="177152" percent="99" />
  </mem>
</mem-info>
<gc-op id="3774" type="compact" timems="5.060" contextid="3768" timestamp="2019-07-02T23:04:54.037">
  <compact-info movecount="10677" movebytes="433480" reason="compact to aid heap contraction" />
</gc-op>
<heap-resize id="3775" type="contract" space="tenure" amount="131072" count="1" timems="0.088" reason="excess free space following gc" timestamp="2019-07-02T23:04:54.037" />
<gc-end id="3776" type="global" contextid="3768" durationms="8.875" usertimems="12.000" systemtimems="8.000" timestamp="2019-07-02T23:04:54.038" activeThreads="4">
  <mem-info id="3777" free="11700624" total="17629184" percent="66">
    <mem type="tenure" free="11700624" total="17629184" percent="66">
      <mem type="soa" free="11570576" total="17453056" percent="66" />
      <mem type="loa" free="130048" total="176128" percent="73" />
    </mem>
  </mem-info>
</gc-end>
<cycle-end id="3778" type="global" contextid="3768" timestamp="2019-07-02T23:04:54.038">
  <attribute name="GC Util" value="153" />
  <attribute name="CPU Util" value="18994214088786" />
  <attribute name="Time Running"value="4667"/>
  <attribute name="Number of cores"value="4"/>
</cycle-end>
<allocation-satisfied id="3779" threadId="0000000001134900" bytesRequested="40" />
<af-end id="3780" timestamp="2019-07-02T23:04:54.038" threadId="0000000001135288" success="true" />
<exclusive-end id="3781" timestamp="2019-07-02T23:04:54.038" durationms="9.637" />

<exclusive-start id="3782" timestamp="2019-07-02T23:04:54.045" intervalms="16.556">
  <response-info timems="0.410" idlems="0.227" threads="1" lastid="0000000001129500" lastname="Thread-10" />
</exclusive-start>
<af-start id="3783" threadId="000000000112DA88" totalBytesRequested="24" timestamp="2019-07-02T23:04:54.045" intervalms="16.583" />
<cycle-start id="3784" type="global" contextid="0" timestamp="2019-07-02T23:04:54.045" intervalms="16.663" />
  <attribute name="GC Util" value="153" />
  <attribute name="CPU Util" value="18994214088786" />
  <attribute name="Time Running"value="4667"/>
  <attribute name="Number of cores"value="4"/>
<gc-start id="3785" type="global" contextid="3784" timestamp="2019-07-02T23:04:54.045">
  <mem-info id="3786" free="130048" total="17629184" percent="0">
    <mem type="tenure" free="130048" total="17629184" percent="0">
      <mem type="soa" free="0" total="17453056" percent="0" />
      <mem type="loa" free="130048" total="176128" percent="73" />
    </mem>
  </mem-info>
</gc-start>
<allocation-stats totalBytes="11634336" >
  <allocated-bytes non-tlh="0" tlh="11634336" />
  <largest-consumer threadName="Thread-7" threadId="0000000001134900" bytes="3857248" />
</allocation-stats>
<gc-op id="3787" type="mark" timems="2.413" contextid="3784" timestamp="2019-07-02T23:04:54.048">
  <trace-info objectcount="69847" scancount="62283" scanbytes="2367244" />
  <finalization candidates="124" enqueued="0" />
  <ownableSynchronizers candidates="3" cleared="0" />
  <references type="soft" candidates="84" cleared="0" enqueued="0" dynamicThreshold="21" maxThreshold="32" />
  <references type="weak" candidates="774" cleared="0" enqueued="0" />
  <references type="phantom" candidates="63" cleared="0" enqueued="0" />
  <stringconstants candidates="4574" cleared="0"  />
</gc-op>
<gc-op id="3788" type="sweep" timems="0.902" contextid="3784" timestamp="2019-07-02T23:04:54.049" />
<heap-resize id="3789" type="contract" space="tenure" amount="131072" count="1" timems="0.107" reason="excess free space following gc" timestamp="2019-07-02T23:04:54.049" />
<gc-end id="3790" type="global" contextid="3784" durationms="3.906" usertimems="8.000" systemtimems="4.000" timestamp="2019-07-02T23:04:54.049" activeThreads="4">
  <mem-info id="3791" free="11448776" total="17498112" percent="65">
    <mem type="tenure" free="11448776" total="17498112" percent="65" micro-fragmented="768" macro-fragmented="0">
      <mem type="soa" free="11448776" total="17324032" percent="66" />
      <mem type="loa" free="0" total="174080" percent="0" />
    </mem>
  </mem-info>
</gc-end>
<cycle-end id="3792" type="global" contextid="3784" timestamp="2019-07-02T23:04:54.049">
  <attribute name="GC Util" value="246" />
  <attribute name="CPU Util" value="7382855566099" />
  <attribute name="Time Running"value="4683"/>
  <attribute name="Number of cores"value="4"/>
</cycle-end>
<allocation-satisfied id="3793" threadId="000000000112D100" bytesRequested="24" />
<af-end id="3794" timestamp="2019-07-02T23:04:54.050" threadId="000000000112DA88" success="true" />
<exclusive-end id="3795" timestamp="2019-07-02T23:04:54.050" durationms="4.573" />

<exclusive-start id="3796" timestamp="2019-07-02T23:04:54.055" intervalms="10.011">
  <response-info timems="0.027" idlems="0.027" threads="0" lastid="000000000112D100" lastname="Thread-8" />
</exclusive-start>
<af-start id="3797" threadId="000000000112DA88" totalBytesRequested="40" timestamp="2019-07-02T23:04:54.055" intervalms="9.955" />
<cycle-start id="3798" type="global" contextid="0" timestamp="2019-07-02T23:04:54.055" intervalms="9.857" />
  <attribute name="GC Util" value="246" />
  <attribute name="CPU Util" value="7382855566099" />
  <attribute name="Time Running"value="4683"/>
  <attribute name="Number of cores"value="4"/>
<gc-start id="3799" type="global" contextid="3798" timestamp="2019-07-02T23:04:54.055">
  <mem-info id="3800" free="0" total="17498112" percent="0">
    <mem type="tenure" free="0" total="17498112" percent="0">
      <mem type="soa" free="0" total="17324032" percent="0" />
      <mem type="loa" free="0" total="174080" percent="0" />
    </mem>
  </mem-info>
</gc-start>
<allocation-stats totalBytes="11443416" >
  <allocated-bytes non-tlh="0" tlh="11443416" />
  <largest-consumer threadName="Thread-7" threadId="0000000001134900" bytes="4053240" />
</allocation-stats>
<gc-op id="3801" type="mark" timems="2.302" contextid="3798" timestamp="2019-07-02T23:04:54.058">
  <trace-info objectcount="65863" scancount="58291" scanbytes="2272212" />
  <finalization candidates="124" enqueued="0" />
  <ownableSynchronizers candidates="3" cleared="0" />
  <references type="soft" candidates="84" cleared="0" enqueued="0" dynamicThreshold="20" maxThreshold="32" />
  <references type="weak" candidates="774" cleared="0" enqueued="0" />
  <references type="phantom" candidates="63" cleared="0" enqueued="0" />
  <stringconstants candidates="4574" cleared="0"  />
</gc-op>
<gc-op id="3802" type="sweep" timems="0.740" contextid="3798" timestamp="2019-07-02T23:04:54.058" />
<heap-resize id="3803" type="contract" space="tenure" amount="131072" count="1" timems="0.057" reason="excess free space following gc" timestamp="2019-07-02T23:04:54.059" />
<gc-end id="3804" type="global" contextid="3798" durationms="3.473" usertimems="8.000" systemtimems="4.000" timestamp="2019-07-02T23:04:54.059" activeThreads="4">
  <mem-info id="3805" free="11320856" total="17367040" percent="65">
    <mem type="tenure" free="11320856" total="17367040" percent="65" micro-fragmented="129668" macro-fragmented="0">
      <mem type="soa" free="11320856" total="17193984" percent="65" />
      <mem type="loa" free="0" total="173056" percent="0" />
    </mem>
  </mem-info>
</gc-end>
<cycle-end id="3806" type="global" contextid="3798" timestamp="2019-07-02T23:04:54.059">
  <attribute name="GC Util" value="257" />
  <attribute name="CPU Util" value="7710879130081" />
  <attribute name="Time Running"value="4693"/>
  <attribute name="Number of cores"value="4"/>
</cycle-end>
<allocation-satisfied id="3807" threadId="000000000112D100" bytesRequested="40" />
<af-end id="3808" timestamp="2019-07-02T23:04:54.059" threadId="000000000112DA88" success="true" />
<exclusive-end id="3809" timestamp="2019-07-02T23:04:54.059" durationms="3.960" />

<exclusive-start id="3810" timestamp="2019-07-02T23:04:54.064" intervalms="9.175">
  <response-info timems="0.024" idlems="0.024" threads="0" lastid="0000000001130D00" lastname="Thread-9" />
</exclusive-start>
<af-start id="3811" threadId="0000000001131688" totalBytesRequested="40" timestamp="2019-07-02T23:04:54.064" intervalms="9.194" />
<cycle-start id="3812" type="global" contextid="0" timestamp="2019-07-02T23:04:54.064" intervalms="9.206" />
  <attribute name="GC Util" value="257" />
  <attribute name="CPU Util" value="7710879130081" />
  <attribute name="Time Running"value="4693"/>
  <attribute name="Number of cores"value="4"/>
<gc-start id="3813" type="global" contextid="3812" timestamp="2019-07-02T23:04:54.065">
  <mem-info id="3814" free="0" total="17367040" percent="0">
    <mem type="tenure" free="0" total="17367040" percent="0">
      <mem type="soa" free="0" total="17193984" percent="0" />
      <mem type="loa" free="0" total="173056" percent="0" />
    </mem>
  </mem-info>
</gc-start>
<allocation-stats totalBytes="11310544" >
  <allocated-bytes non-tlh="0" tlh="11310544" />
  <largest-consumer threadName="Thread-7" threadId="0000000001134900" bytes="4086752" />
</allocation-stats>
<gc-op id="3815" type="mark" timems="1.995" contextid="3812" timestamp="2019-07-02T23:04:54.067">
  <trace-info objectcount="66697" scancount="59119" scanbytes="2292756" />
  <finalization candidates="124" enqueued="0" />
  <ownableSynchronizers candidates="3" cleared="0" />
  <references type="soft" candidates="84" cleared="0" enqueued="0" dynamicThreshold="20" maxThreshold="32" />
  <references type="weak" candidates="774" cleared="0" enqueued="0" />
  <references type="phantom" candidates="63" cleared="0" enqueued="0" />
  <stringconstants candidates="4574" cleared="0"  />
</gc-op>
<gc-op id="3816" type="sweep" timems="0.805" contextid="3812" timestamp="2019-07-02T23:04:54.068" />
<mem-info id="3817" free="11244784" total="17367040" percent="64">
  <mem type="tenure" free="11244784" total="17367040" percent="64" micro-fragmented="126019" macro-fragmented="0">
    <mem type="soa" free="11244784" total="17193984" percent="65" />
    <mem type="loa" free="0" total="173056" percent="0" />
  </mem>
</mem-info>
<gc-op id="3818" type="compact" timems="5.500" contextid="3812" timestamp="2019-07-02T23:04:54.073">
  <compact-info movecount="22908" movebytes="1004056" reason="compact to aid heap contraction" />
</gc-op>
<heap-resize id="3819" type="contract" space="tenure" amount="131072" count="1" timems="0.081" reason="excess free space following gc" timestamp="2019-07-02T23:04:54.073" />
<gc-end id="3820" type="global" contextid="3812" durationms="9.077" usertimems="4.000" systemtimems="12.000" timestamp="2019-07-02T23:04:54.074" activeThreads="4">
  <mem-info id="3821" free="11366320" total="17235968" percent="65">
    <mem type="tenure" free="11366320" total="17235968" percent="65">
      <mem type="soa" free="11236272" total="17063936" percent="65" />
      <mem type="loa" free="130048" total="172032" percent="75" />
    </mem>
  </mem-info>
</gc-end>
<cycle-end id="3822" type="global" contextid="3812" timestamp="2019-07-02T23:04:54.074">
  <attribute name="GC Util" value="149" />
  <attribute name="CPU Util" value="18315040397393" />
  <attribute name="Time Running"value="4703"/>
  <attribute name="Number of cores"value="4"/>
</cycle-end>
<allocation-satisfied id="3823" threadId="0000000001130D00" bytesRequested="40" />
<af-end id="3824" timestamp="2019-07-02T23:04:54.074" threadId="0000000001131688" success="true" />
<exclusive-end id="3825" timestamp="2019-07-02T23:04:54.074" durationms="9.796" />

<exclusive-start id="3826" timestamp="2019-07-02T23:04:54.081" intervalms="16.794">
  <response-info timems="1.335" idlems="0.674" threads="1" lastid="0000000001129500" lastname="Thread-10" />
</exclusive-start>
<af-start id="3827" threadId="0000000001131688" totalBytesRequested="40" timestamp="2019-07-02T23:04:54.081" intervalms="16.843" />
<cycle-start id="3828" type="global" contextid="0" timestamp="2019-07-02T23:04:54.081" intervalms="16.918" />
  <attribute name="GC Util" value="149" />
  <attribute name="CPU Util" value="18315040397393" />
  <attribute name="Time Running"value="4703"/>
  <attribute name="Number of cores"value="4"/>
<gc-start id="3829" type="global" contextid="3828" timestamp="2019-07-02T23:04:54.081">
  <mem-info id="3830" free="130048" total="17235968" percent="0">
    <mem type="tenure" free="130048" total="17235968" percent="0">
      <mem type="soa" free="0" total="17063936" percent="0" />
      <mem type="loa" free="130048" total="172032" percent="75" />
    </mem>
  </mem-info>
</gc-start>
<allocation-stats totalBytes="11300912" >
  <allocated-bytes non-tlh="0" tlh="11300912" />
  <largest-consumer threadName="Thread-7" threadId="0000000001134900" bytes="4292336" />
</allocation-stats>
<gc-op id="3831" type="mark" timems="2.182" contextid="3828" timestamp="2019-07-02T23:04:54.084">
  <trace-info objectcount="67400" scancount="59828" scanbytes="2309612" />
  <finalization candidates="124" enqueued="0" />
  <ownableSynchronizers candidates="3" cleared="0" />
  <references type="soft" candidates="84" cleared="0" enqueued="0" dynamicThreshold="21" maxThreshold="32" />
  <references type="weak" candidates="774" cleared="0" enqueued="0" />
  <references type="phantom" candidates="63" cleared="0" enqueued="0" />
  <stringconstants candidates="4574" cleared="0"  />
</gc-op>
<gc-op id="3832" type="sweep" timems="0.594" contextid="3828" timestamp="2019-07-02T23:04:54.084" />
<heap-resize id="3833" type="contract" space="tenure" amount="131072" count="1" timems="0.069" reason="excess free space following gc" timestamp="2019-07-02T23:04:54.085" />
<gc-end id="3834" type="global" contextid="3828" durationms="3.329" usertimems="12.000" systemtimems="0.000" timestamp="2019-07-02T23:04:54.085" activeThreads="4">
  <mem-info id="3835" free="11137896" total="17104896" percent="65">
    <mem type="tenure" free="11137896" total="17104896" percent="65" micro-fragmented="38775" macro-fragmented="0">
      <mem type="soa" free="11137896" total="16933888" percent="65" />
      <mem type="loa" free="0" total="171008" percent="0" />
    </mem>
  </mem-info>
</gc-end>
<cycle-end id="3836" type="global" contextid="3828" timestamp="2019-07-02T23:04:54.085">
  <attribute name="GC Util" value="247" />
  <attribute name="CPU Util" value="8099351960041" />
  <attribute name="Time Running"value="4719"/>
  <attribute name="Number of cores"value="4"/>
</cycle-end>
<allocation-satisfied id="3837" threadId="0000000001130D00" bytesRequested="40" />
<af-end id="3838" timestamp="2019-07-02T23:04:54.085" threadId="0000000001131688" success="true" />
<exclusive-end id="3839" timestamp="2019-07-02T23:04:54.085" durationms="4.037" />

<exclusive-start id="3840" timestamp="2019-07-02T23:04:54.091" intervalms="9.513">
  <response-info timems="0.023" idlems="0.023" threads="0" lastid="0000000001129500" lastname="Thread-10" />
</exclusive-start>
<af-start id="3841" threadId="0000000001129E88" totalBytesRequested="40" timestamp="2019-07-02T23:04:54.092" intervalms="10.601" />
<cycle-start id="3842" type="global" contextid="0" timestamp="2019-07-02T23:04:54.092" intervalms="10.597" />
  <attribute name="GC Util" value="247" />
  <attribute name="CPU Util" value="8099351960041" />
  <attribute name="Time Running"value="4719"/>
  <attribute name="Number of cores"value="4"/>
<gc-start id="3843" type="global" contextid="3842" timestamp="2019-07-02T23:04:54.092">
  <mem-info id="3844" free="0" total="17104896" percent="0">
    <mem type="tenure" free="0" total="17104896" percent="0">
      <mem type="soa" free="0" total="16933888" percent="0" />
      <mem type="loa" free="0" total="171008" percent="0" />
    </mem>
  </mem-info>
</gc-start>
<allocation-stats totalBytes="11133272" >
  <allocated-bytes non-tlh="0" tlh="11133272" />
  <largest-consumer threadName="Thread-7" threadId="0000000001134900" bytes="4066968" />
</allocation-stats>
<gc-op id="3845" type="mark" timems="1.318" contextid="3842" timestamp="2019-07-02T23:04:54.094">
  <trace-info objectcount="67986" scancount="60420" scanbytes="2323364" />
  <finalization candidates="124" enqueued="0" />
  <ownableSynchronizers candidates="3" cleared="0" />
  <references type="soft" candidates="84" cleared="0" enqueued="0" dynamicThreshold="20" maxThreshold="32" />
  <references type="weak" candidates="774" cleared="0" enqueued="0" />
  <references type="phantom" candidates="63" cleared="0" enqueued="0" />
  <stringconstants candidates="4574" cleared="0"  />
</gc-op>
<gc-op id="3846" type="sweep" timems="0.283" contextid="3842" timestamp="2019-07-02T23:04:54.094" />
<mem-info id="3847" free="11092160" total="17104896" percent="64">
  <mem type="tenure" free="11092160" total="17104896" percent="64" micro-fragmented="15858" macro-fragmented="0">
    <mem type="soa" free="11092160" total="16933888" percent="65" />
    <mem type="loa" free="0" total="171008" percent="0" />
  </mem>
</mem-info>
<gc-op id="3848" type="compact" timems="3.764" contextid="3842" timestamp="2019-07-02T23:04:54.098">
  <compact-info movecount="11474" movebytes="452448" reason="compact to aid heap contraction" />
</gc-op>
<heap-resize id="3849" type="contract" space="tenure" amount="131072" count="1" timems="0.091" reason="excess free space following gc" timestamp="2019-07-02T23:04:54.098" />
<gc-end id="3850" type="global" contextid="3842" durationms="6.382" usertimems="4.000" systemtimems="4.000" timestamp="2019-07-02T23:04:54.098" activeThreads="4">
  <mem-info id="3851" free="11075616" total="16973824" percent="65">
    <mem type="tenure" free="11075616" total="16973824" percent="65">
      <mem type="soa" free="10946592" total="16804864" percent="65" />
      <mem type="loa" free="129024" total="168960" percent="76" />
    </mem>
  </mem-info>
</gc-end>
<cycle-end id="3852" type="global" contextid="3842" timestamp="2019-07-02T23:04:54.099">
  <attribute name="GC Util" value="17" />
  <attribute name="CPU Util" value="37005317772239" />
  <attribute name="Time Running"value="4729"/>
  <attribute name="Number of cores"value="4"/>
</cycle-end>
<allocation-satisfied id="3853" threadId="0000000001129500" bytesRequested="40" />
<af-end id="3854" timestamp="2019-07-02T23:04:54.099" threadId="0000000001129E88" success="true" />
<exclusive-end id="3855" timestamp="2019-07-02T23:04:54.099" durationms="8.388" />

<exclusive-start id="3856" timestamp="2019-07-02T23:04:54.111" intervalms="20.488">
  <response-info timems="0.036" idlems="0.036" threads="0" lastid="0000000001134900" lastname="Thread-7" />
</exclusive-start>
<af-start id="3857" threadId="0000000001135288" totalBytesRequested="40" timestamp="2019-07-02T23:04:54.111" intervalms="19.502" />
<cycle-start id="3858" type="global" contextid="0" timestamp="2019-07-02T23:04:54.112" intervalms="19.569" />
  <attribute name="GC Util" value="17" />
  <attribute name="CPU Util" value="37005317772239" />
  <attribute name="Time Running"value="4729"/>
  <attribute name="Number of cores"value="4"/>
<gc-start id="3859" type="global" contextid="3858" timestamp="2019-07-02T23:04:54.112">
  <mem-info id="3860" free="129024" total="16973824" percent="0">
    <mem type="tenure" free="129024" total="16973824" percent="0">
      <mem type="soa" free="0" total="16804864" percent="0" />
      <mem type="loa" free="129024" total="168960" percent="76" />
    </mem>
  </mem-info>
</gc-start>
<allocation-stats totalBytes="11011088" >
  <allocated-bytes non-tlh="0" tlh="11011088" />
  <largest-consumer threadName="Thread-7" threadId="0000000001134900" bytes="3638968" />
</allocation-stats>
<gc-op id="3861" type="mark" timems="2.396" contextid="3858" timestamp="2019-07-02T23:04:54.114">
  <trace-info objectcount="68631" scancount="61061" scanbytes="2338788" />
  <finalization candidates="124" enqueued="0" />
  <ownableSynchronizers candidates="3" cleared="0" />
  <references type="soft" candidates="84" cleared="0" enqueued="0" dynamicThreshold="20" maxThreshold="32" />
  <references type="weak" candidates="774" cleared="0" enqueued="0" />
  <references type="phantom" candidates="63" cleared="0" enqueued="0" />
  <stringconstants candidates="4574" cleared="0"  />
</gc-op>
<gc-op id="3862" type="sweep" timems="0.811" contextid="3858" timestamp="2019-07-02T23:04:54.115" />
<heap-resize id="3863" type="contract" space="tenure" amount="131072" count="1" timems="0.079" reason="excess free space following gc" timestamp="2019-07-02T23:04:54.116" />
<gc-end id="3864" type="global" contextid="3858" durationms="3.937" usertimems="12.000" systemtimems="0.000" timestamp="2019-07-02T23:04:54.116" activeThreads="4">
  <mem-info id="3865" free="10955272" total="16842752" percent="65">
    <mem type="tenure" free="10955272" total="16842752" percent="65" micro-fragmented="41256" macro-fragmented="0">
      <mem type="soa" free="10840816" total="16674816" percent="65" />
      <mem type="loa" free="114456" total="167936" percent="68" />
    </mem>
  </mem-info>
</gc-end>
<cycle-end id="3866" type="global" contextid="3858" timestamp="2019-07-02T23:04:54.116">
  <attribute name="GC Util" value="233" />
  <attribute name="CPU Util" value="7431191476903" />
  <attribute name="Time Running"value="4750"/>
  <attribute name="Number of cores"value="4"/>
</cycle-end>
<allocation-satisfied id="3867" threadId="0000000001134900" bytesRequested="40" />
<af-end id="3868" timestamp="2019-07-02T23:04:54.116" threadId="0000000001135288" success="true" />
<exclusive-end id="3869" timestamp="2019-07-02T23:04:54.116" durationms="4.883" />

<exclusive-start id="3870" timestamp="2019-07-02T23:04:54.122" intervalms="11.385">
  <response-info timems="0.027" idlems="0.027" threads="0" lastid="0000000001130D00" lastname="Thread-9" />
</exclusive-start>
<af-start id="3871" threadId="0000000001131688" totalBytesRequested="40" timestamp="2019-07-02T23:04:54.123" intervalms="11.277" />
<cycle-start id="3872" type="global" contextid="0" timestamp="2019-07-02T23:04:54.123" intervalms="11.204" />
  <attribute name="GC Util" value="233" />
  <attribute name="CPU Util" value="7431191476903" />
  <attribute name="Time Running"value="4750"/>
  <attribute name="Number of cores"value="4"/>
<gc-start id="3873" type="global" contextid="3872" timestamp="2019-07-02T23:04:54.123">
  <mem-info id="3874" free="114456" total="16842752" percent="0">
    <mem type="tenure" free="114456" total="16842752" percent="0">
      <mem type="soa" free="0" total="16674816" percent="0" />
      <mem type="loa" free="114456" total="167936" percent="68" />
    </mem>
  </mem-info>
</gc-start>
<allocation-stats totalBytes="10836632" >
  <allocated-bytes non-tlh="0" tlh="10836632" />
  <largest-consumer threadName="Thread-7" threadId="0000000001134900" bytes="4652280" />
</allocation-stats>
<gc-op id="3875" type="mark" timems="2.446" contextid="3872" timestamp="2019-07-02T23:04:54.125">
  <trace-info objectcount="69209" scancount="61637" scanbytes="2352732" />
  <finalization candidates="124" enqueued="0" />
  <ownableSynchronizers candidates="3" cleared="0" />
  <references type="soft" candidates="84" cleared="0" enqueued="0" dynamicThreshold="20" maxThreshold="32" />
  <references type="weak" candidates="774" cleared="0" enqueued="0" />
  <references type="phantom" candidates="63" cleared="0" enqueued="0" />
  <stringconstants candidates="4574" cleared="0"  />
</gc-op>
<gc-op id="3876" type="sweep" timems="0.752" contextid="3872" timestamp="2019-07-02T23:04:54.126" />
<heap-resize id="3877" type="contract" space="tenure" amount="131072" count="1" timems="0.086" reason="excess free space following gc" timestamp="2019-07-02T23:04:54.126" />
<gc-end id="3878" type="global" contextid="3872" durationms="3.721" usertimems="12.000" systemtimems="0.000" timestamp="2019-07-02T23:04:54.127" activeThreads="4">
  <mem-info id="3879" free="10782048" total="16711680" percent="64">
    <mem type="tenure" free="10782048" total="16711680" percent="64" micro-fragmented="11549" macro-fragmented="0">
      <mem type="soa" free="10681128" total="16544768" percent="64" />
      <mem type="loa" free="100920" total="166912" percent="60" />
    </mem>
  </mem-info>
</gc-end>
<cycle-end id="3880" type="global" contextid="3872" timestamp="2019-07-02T23:04:54.127">
  <attribute name="GC Util" value="247" />
  <attribute name="CPU Util" value="7264081948950" />
  <attribute name="Time Running"value="4761"/>
  <attribute name="Number of cores"value="4"/>
</cycle-end>
<allocation-satisfied id="3881" threadId="0000000001130D00" bytesRequested="40" />
<af-end id="3882" timestamp="2019-07-02T23:04:54.127" threadId="0000000001131688" success="true" />
<exclusive-end id="3883" timestamp="2019-07-02T23:04:54.127" durationms="4.412" />

<exclusive-start id="3884" timestamp="2019-07-02T23:04:54.132" intervalms="9.352">
  <response-info timems="0.026" idlems="0.026" threads="0" lastid="0000000001134900" lastname="Thread-7" />
</exclusive-start>
<af-start id="3885" threadId="0000000001135288" totalBytesRequested="40" timestamp="2019-07-02T23:04:54.132" intervalms="9.315" />
<cycle-start id="3886" type="global" contextid="0" timestamp="2019-07-02T23:04:54.132" intervalms="9.247" />
  <attribute name="GC Util" value="247" />
  <attribute name="CPU Util" value="7264081948950" />
  <attribute name="Time Running"value="4761"/>
  <attribute name="Number of cores"value="4"/>
<gc-start id="3887" type="global" contextid="3886" timestamp="2019-07-02T23:04:54.132">
  <mem-info id="3888" free="100920" total="16711680" percent="0">
    <mem type="tenure" free="100920" total="16711680" percent="0">
      <mem type="soa" free="0" total="16544768" percent="0" />
      <mem type="loa" free="100920" total="166912" percent="60" />
    </mem>
  </mem-info>
</gc-start>
<allocation-stats totalBytes="10671264" >
  <allocated-bytes non-tlh="0" tlh="10671264" />
  <largest-consumer threadName="Thread-7" threadId="0000000001134900" bytes="3678640" />
</allocation-stats>
<gc-op id="3889" type="mark" timems="2.012" contextid="3886" timestamp="2019-07-02T23:04:54.134">
  <trace-info objectcount="69930" scancount="62351" scanbytes="2370068" />
  <finalization candidates="124" enqueued="0" />
  <ownableSynchronizers candidates="3" cleared="0" />
  <references type="soft" candidates="84" cleared="0" enqueued="0" dynamicThreshold="20" maxThreshold="32" />
  <references type="weak" candidates="774" cleared="0" enqueued="0" />
  <references type="phantom" candidates="63" cleared="0" enqueued="0" />
  <stringconstants candidates="4574" cleared="0"  />
</gc-op>
<gc-op id="3890" type="sweep" timems="0.783" contextid="3886" timestamp="2019-07-02T23:04:54.135" />
<heap-resize id="3891" type="contract" space="tenure" amount="131072" count="1" timems="0.083" reason="excess free space following gc" timestamp="2019-07-02T23:04:54.135" />
<gc-end id="3892" type="global" contextid="3886" durationms="3.362" usertimems="8.000" systemtimems="0.000" timestamp="2019-07-02T23:04:54.135" activeThreads="4">
  <mem-info id="3893" free="10493960" total="16580608" percent="63">
    <mem type="tenure" free="10493960" total="16580608" percent="63" micro-fragmented="19742" macro-fragmented="0">
      <mem type="soa" free="10493960" total="16415744" percent="63" />
      <mem type="loa" free="0" total="164864" percent="0" />
    </mem>
  </mem-info>
</gc-end>
<cycle-end id="3894" type="global" contextid="3886" timestamp="2019-07-02T23:04:54.136">
  <attribute name="GC Util" value="250" />
  <attribute name="CPU Util" value="8752820304997" />
  <attribute name="Time Running"value="4769"/>
  <attribute name="Number of cores"value="4"/>
</cycle-end>
<allocation-satisfied id="3895" threadId="0000000001134900" bytesRequested="40" />
<af-end id="3896" timestamp="2019-07-02T23:04:54.136" threadId="0000000001135288" success="true" />
<exclusive-end id="3897" timestamp="2019-07-02T23:04:54.136" durationms="3.923" />

<exclusive-start id="3898" timestamp="2019-07-02T23:04:54.141" intervalms="9.407">
  <response-info timems="0.031" idlems="0.031" threads="1" lastid="0000000001129500" lastname="Thread-10" />
</exclusive-start>
<af-start id="3899" threadId="000000000112DA88" totalBytesRequested="40" timestamp="2019-07-02T23:04:54.141" intervalms="9.430" />
<cycle-start id="3900" type="global" contextid="0" timestamp="2019-07-02T23:04:54.141" intervalms="9.469" />
  <attribute name="GC Util" value="250" />
  <attribute name="CPU Util" value="8752820304997" />
  <attribute name="Time Running"value="4769"/>
  <attribute name="Number of cores"value="4"/>
<gc-start id="3901" type="global" contextid="3900" timestamp="2019-07-02T23:04:54.141">
  <mem-info id="3902" free="0" total="16580608" percent="0">
    <mem type="tenure" free="0" total="16580608" percent="0">
      <mem type="soa" free="0" total="16415744" percent="0" />
      <mem type="loa" free="0" total="164864" percent="0" />
    </mem>
  </mem-info>
</gc-start>
<allocation-stats totalBytes="10478592" >
  <allocated-bytes non-tlh="23160" tlh="10455432" />
  <largest-consumer threadName="Thread-7" threadId="0000000001134900" bytes="3701544" />
</allocation-stats>
<gc-op id="3903" type="mark" timems="2.312" contextid="3900" timestamp="2019-07-02T23:04:54.144">
  <trace-info objectcount="65713" scancount="58134" scanbytes="2268868" />
  <finalization candidates="124" enqueued="0" />
  <ownableSynchronizers candidates="3" cleared="0" />
  <references type="soft" candidates="84" cleared="0" enqueued="0" dynamicThreshold="20" maxThreshold="32" />
  <references type="weak" candidates="774" cleared="0" enqueued="0" />
  <references type="phantom" candidates="63" cleared="0" enqueued="0" />
  <stringconstants candidates="4574" cleared="0"  />
</gc-op>
<gc-op id="3904" type="sweep" timems="0.842" contextid="3900" timestamp="2019-07-02T23:04:54.145" />
<mem-info id="3905" free="10619352" total="16580608" percent="64">
  <mem type="tenure" free="10619352" total="16580608" percent="64" micro-fragmented="113496" macro-fragmented="0">
    <mem type="soa" free="10516608" total="16415744" percent="64" />
    <mem type="loa" free="102744" total="164864" percent="62" />
  </mem>
</mem-info>
<gc-op id="3906" type="compact" timems="6.003" contextid="3900" timestamp="2019-07-02T23:04:54.151">
  <compact-info movecount="25974" movebytes="1174568" reason="compact to aid heap contraction" />
</gc-op>
<heap-resize id="3907" type="contract" space="tenure" amount="131072" count="1" timems="0.080" reason="excess free space following gc" timestamp="2019-07-02T23:04:54.151" />
<gc-end id="3908" type="global" contextid="3900" durationms="9.767" usertimems="16.000" systemtimems="4.000" timestamp="2019-07-02T23:04:54.151" activeThreads="4">
  <mem-info id="3909" free="10611968" total="16449536" percent="64">
    <mem type="tenure" free="10611968" total="16449536" percent="64">
      <mem type="soa" free="10481920" total="16285696" percent="64" />
      <mem type="loa" free="130048" total="163840" percent="79" />
    </mem>
  </mem-info>
</gc-end>
<cycle-end id="3910" type="global" contextid="3900" timestamp="2019-07-02T23:04:54.151">
  <attribute name="GC Util" value="147" />
  <attribute name="CPU Util" value="18282077178071" />
  <attribute name="Time Running"value="4780"/>
  <attribute name="Number of cores"value="4"/>
</cycle-end>
<allocation-satisfied id="3911" threadId="000000000112D100" bytesRequested="40" />
<af-end id="3912" timestamp="2019-07-02T23:04:54.152" threadId="000000000112DA88" success="true" />
<exclusive-end id="3913" timestamp="2019-07-02T23:04:54.152" durationms="10.370" />

<exclusive-start id="3914" timestamp="2019-07-02T23:04:54.157" intervalms="15.351">
  <response-info timems="0.026" idlems="0.026" threads="0" lastid="000000000112D100" lastname="Thread-8" />
</exclusive-start>
<af-start id="3915" threadId="000000000112DA88" totalBytesRequested="40" timestamp="2019-07-02T23:04:54.157" intervalms="15.305" />
<cycle-start id="3916" type="global" contextid="0" timestamp="2019-07-02T23:04:54.157" intervalms="15.258" />
  <attribute name="GC Util" value="147" />
  <attribute name="CPU Util" value="18282077178071" />
  <attribute name="Time Running"value="4780"/>
  <attribute name="Number of cores"value="4"/>
<gc-start id="3917" type="global" contextid="3916" timestamp="2019-07-02T23:04:54.157">
  <mem-info id="3918" free="130048" total="16449536" percent="0">
    <mem type="tenure" free="130048" total="16449536" percent="0">
      <mem type="soa" free="0" total="16285696" percent="0" />
      <mem type="loa" free="130048" total="163840" percent="79" />
    </mem>
  </mem-info>
</gc-start>
<allocation-stats totalBytes="10545648" >
  <allocated-bytes non-tlh="0" tlh="10545648" />
  <largest-consumer threadName="Thread-7" threadId="0000000001134900" bytes="3505600" />
</allocation-stats>
<gc-op id="3919" type="mark" timems="2.100" contextid="3916" timestamp="2019-07-02T23:04:54.159">
  <trace-info objectcount="66394" scancount="58820" scanbytes="2284996" />
  <finalization candidates="124" enqueued="0" />
  <ownableSynchronizers candidates="3" cleared="0" />
  <references type="soft" candidates="84" cleared="0" enqueued="0" dynamicThreshold="20" maxThreshold="32" />
  <references type="weak" candidates="774" cleared="0" enqueued="0" />
  <references type="phantom" candidates="63" cleared="0" enqueued="0" />
  <stringconstants candidates="4574" cleared="0"  />
</gc-op>
<gc-op id="3920" type="sweep" timems="0.703" contextid="3916" timestamp="2019-07-02T23:04:54.160" />
<heap-resize id="3921" type="contract" space="tenure" amount="131072" count="1" timems="0.047" reason="excess free space following gc" timestamp="2019-07-02T23:04:54.160" />
<gc-end id="3922" type="global" contextid="3916" durationms="3.226" usertimems="0.000" systemtimems="8.000" timestamp="2019-07-02T23:04:54.160" activeThreads="4">
  <mem-info id="3923" free="10456520" total="16318464" percent="64">
    <mem type="tenure" free="10456520" total="16318464" percent="64" micro-fragmented="16410" macro-fragmented="0">
      <mem type="soa" free="10383600" total="16155648" percent="64" />
      <mem type="loa" free="72920" total="162816" percent="44" />
    </mem>
  </mem-info>
</gc-end>
<cycle-end id="3924" type="global" contextid="3916" timestamp="2019-07-02T23:04:54.160">
  <attribute name="GC Util" value="252" />
  <attribute name="CPU Util" value="8386149112807" />
  <attribute name="Time Running"value="4794"/>
  <attribute name="Number of cores"value="4"/>
</cycle-end>
<allocation-satisfied id="3925" threadId="000000000112D100" bytesRequested="40" />
<af-end id="3926" timestamp="2019-07-02T23:04:54.160" threadId="000000000112DA88" success="true" />
<exclusive-end id="3927" timestamp="2019-07-02T23:04:54.160" durationms="3.717" />

<exclusive-start id="3928" timestamp="2019-07-02T23:04:54.167" intervalms="10.055">
  <response-info timems="0.026" idlems="0.026" threads="0" lastid="0000000001130D00" lastname="Thread-9" />
</exclusive-start>
<af-start id="3929" threadId="0000000001131688" totalBytesRequested="40" timestamp="2019-07-02T23:04:54.167" intervalms="10.082" />
<cycle-start id="3930" type="global" contextid="0" timestamp="2019-07-02T23:04:54.167" intervalms="10.149" />
  <attribute name="GC Util" value="252" />
  <attribute name="CPU Util" value="8386149112807" />
  <attribute name="Time Running"value="4794"/>
  <attribute name="Number of cores"value="4"/>
<gc-start id="3931" type="global" contextid="3930" timestamp="2019-07-02T23:04:54.167">
  <mem-info id="3932" free="72920" total="16318464" percent="0">
    <mem type="tenure" free="72920" total="16318464" percent="0">
      <mem type="soa" free="0" total="16155648" percent="0" />
      <mem type="loa" free="72920" total="162816" percent="44" />
    </mem>
  </mem-info>
</gc-start>
<allocation-stats totalBytes="10379480" >
  <allocated-bytes non-tlh="0" tlh="10379480" />
  <largest-consumer threadName="Thread-7" threadId="0000000001134900" bytes="4298016" />
</allocation-stats>
<gc-op id="3933" type="mark" timems="2.020" contextid="3930" timestamp="2019-07-02T23:04:54.169">
  <trace-info objectcount="66991" scancount="59419" scanbytes="2299412" />
  <finalization candidates="124" enqueued="0" />
  <ownableSynchronizers candidates="3" cleared="0" />
  <references type="soft" candidates="84" cleared="0" enqueued="0" dynamicThreshold="20" maxThreshold="32" />
  <references type="weak" candidates="774" cleared="0" enqueued="0" />
  <references type="phantom" candidates="63" cleared="0" enqueued="0" />
  <stringconstants candidates="4574" cleared="0"  />
</gc-op>
<gc-op id="3934" type="sweep" timems="0.757" contextid="3930" timestamp="2019-07-02T23:04:54.170" />
<mem-info id="3935" free="10423048" total="16318464" percent="63">
  <mem type="tenure" free="10423048" total="16318464" percent="63" micro-fragmented="25876" macro-fragmented="0">
    <mem type="soa" free="10350128" total="16155648" percent="64" />
    <mem type="loa" free="72920" total="162816" percent="44" />
  </mem>
</mem-info>
<gc-op id="3936" type="compact" timems="5.193" contextid="3930" timestamp="2019-07-02T23:04:54.175">
  <compact-info movecount="7997" movebytes="330864" reason="compact to aid heap contraction" />
</gc-op>
<heap-resize id="3937" type="contract" space="tenure" amount="131072" count="1" timems="0.081" reason="excess free space following gc" timestamp="2019-07-02T23:04:54.176" />
<gc-end id="3938" type="global" contextid="3930" durationms="8.897" usertimems="20.000" systemtimems="0.000" timestamp="2019-07-02T23:04:54.176" activeThreads="4">
  <mem-info id="3939" free="10321328" total="16187392" percent="63">
    <mem type="tenure" free="10321328" total="16187392" percent="63">
      <mem type="soa" free="10191280" total="16025600" percent="63" />
      <mem type="loa" free="130048" total="161792" percent="80" />
    </mem>
  </mem-info>
</gc-end>
<cycle-end id="3940" type="global" contextid="3930" timestamp="2019-07-02T23:04:54.176">
  <attribute name="GC Util" value="142" />
  <attribute name="CPU Util" value="18118384364951" />
  <attribute name="Time Running"value="4806"/>
  <attribute name="Number of cores"value="4"/>
</cycle-end>
<allocation-satisfied id="3941" threadId="0000000001130D00" bytesRequested="40" />
<af-end id="3942" timestamp="2019-07-02T23:04:54.176" threadId="0000000001131688" success="true" />
<exclusive-end id="3943" timestamp="2019-07-02T23:04:54.176" durationms="9.699" />

<exclusive-start id="3944" timestamp="2019-07-02T23:04:54.181" intervalms="14.028">
  <response-info timems="0.026" idlems="0.026" threads="0" lastid="0000000001134900" lastname="Thread-7" />
</exclusive-start>
<af-start id="3945" threadId="0000000001135288" totalBytesRequested="40" timestamp="2019-07-02T23:04:54.181" intervalms="14.052" />
<cycle-start id="3946" type="global" contextid="0" timestamp="2019-07-02T23:04:54.181" intervalms="14.031" />
  <attribute name="GC Util" value="142" />
  <attribute name="CPU Util" value="18118384364951" />
  <attribute name="Time Running"value="4806"/>
  <attribute name="Number of cores"value="4"/>
<gc-start id="3947" type="global" contextid="3946" timestamp="2019-07-02T23:04:54.181">
  <mem-info id="3948" free="130048" total="16187392" percent="0">
    <mem type="tenure" free="130048" total="16187392" percent="0">
      <mem type="soa" free="0" total="16025600" percent="0" />
      <mem type="loa" free="130048" total="161792" percent="80" />
    </mem>
  </mem-info>
</gc-start>
<allocation-stats totalBytes="10256168" >
  <allocated-bytes non-tlh="0" tlh="10256168" />
  <largest-consumer threadName="Thread-7" threadId="0000000001134900" bytes="3112720" />
</allocation-stats>
<gc-op id="3949" type="mark" timems="2.232" contextid="3946" timestamp="2019-07-02T23:04:54.183">
  <trace-info objectcount="67679" scancount="60108" scanbytes="2315764" />
  <finalization candidates="124" enqueued="0" />
  <ownableSynchronizers candidates="3" cleared="0" />
  <references type="soft" candidates="84" cleared="0" enqueued="0" dynamicThreshold="20" maxThreshold="32" />
  <references type="weak" candidates="774" cleared="0" enqueued="0" />
  <references type="phantom" candidates="63" cleared="0" enqueued="0" />
  <stringconstants candidates="4574" cleared="0"  />
</gc-op>
<gc-op id="3950" type="sweep" timems="0.722" contextid="3946" timestamp="2019-07-02T23:04:54.184" />
<heap-resize id="3951" type="contract" space="tenure" amount="131072" count="1" timems="0.082" reason="excess free space following gc" timestamp="2019-07-02T23:04:54.184" />
<gc-end id="3952" type="global" contextid="3946" durationms="3.497" usertimems="8.000" systemtimems="0.000" timestamp="2019-07-02T23:04:54.184" activeThreads="4">
  <mem-info id="3953" free="10099232" total="16056320" percent="62">
    <mem type="tenure" free="10099232" total="16056320" percent="62" micro-fragmented="9260" macro-fragmented="0">
      <mem type="soa" free="10099232" total="15896576" percent="63" />
      <mem type="loa" free="0" total="159744" percent="0" />
    </mem>
  </mem-info>
</gc-end>
<cycle-end id="3954" type="global" contextid="3946" timestamp="2019-07-02T23:04:54.185">
  <attribute name="GC Util" value="257" />
  <attribute name="CPU Util" value="7952886391302" />
  <attribute name="Time Running"value="4819"/>
  <attribute name="Number of cores"value="4"/>
</cycle-end>
<allocation-satisfied id="3955" threadId="0000000001134900" bytesRequested="40" />
<af-end id="3956" timestamp="2019-07-02T23:04:54.185" threadId="0000000001135288" success="true" />
<exclusive-end id="3957" timestamp="2019-07-02T23:04:54.185" durationms="4.123" />

<exclusive-start id="3958" timestamp="2019-07-02T23:04:54.190" intervalms="8.851">
  <response-info timems="0.022" idlems="0.022" threads="0" lastid="000000000112D100" lastname="Thread-8" />
</exclusive-start>
<af-start id="3959" threadId="000000000112DA88" totalBytesRequested="40" timestamp="2019-07-02T23:04:54.190" intervalms="8.846" />
<cycle-start id="3960" type="global" contextid="0" timestamp="2019-07-02T23:04:54.190" intervalms="8.840" />
  <attribute name="GC Util" value="257" />
  <attribute name="CPU Util" value="7952886391302" />
  <attribute name="Time Running"value="4819"/>
  <attribute name="Number of cores"value="4"/>
<gc-start id="3961" type="global" contextid="3960" timestamp="2019-07-02T23:04:54.190">
  <mem-info id="3962" free="0" total="16056320" percent="0">
    <mem type="tenure" free="0" total="16056320" percent="0">
      <mem type="soa" free="0" total="15896576" percent="0" />
      <mem type="loa" free="0" total="159744" percent="0" />
    </mem>
  </mem-info>
</gc-start>
<allocation-stats totalBytes="10096016" >
  <allocated-bytes non-tlh="0" tlh="10096016" />
  <largest-consumer threadName="Thread-7" threadId="0000000001134900" bytes="3166128" />
</allocation-stats>
<gc-op id="3963" type="mark" timems="1.898" contextid="3960" timestamp="2019-07-02T23:04:54.192">
  <trace-info objectcount="68412" scancount="60847" scanbytes="2333564" />
  <finalization candidates="124" enqueued="0" />
  <ownableSynchronizers candidates="3" cleared="0" />
  <references type="soft" candidates="84" cleared="0" enqueued="0" dynamicThreshold="20" maxThreshold="32" />
  <references type="weak" candidates="774" cleared="0" enqueued="0" />
  <references type="phantom" candidates="63" cleared="0" enqueued="0" />
  <stringconstants candidates="4574" cleared="0"  />
</gc-op>
<gc-op id="3964" type="sweep" timems="0.748" contextid="3960" timestamp="2019-07-02T23:04:54.193" />
<heap-resize id="3965" type="contract" space="tenure" amount="65536" count="1" timems="0.046" reason="excess free space following gc" timestamp="2019-07-02T23:04:54.193" />
<gc-end id="3966" type="global" contextid="3960" durationms="3.005" usertimems="8.000" systemtimems="0.000" timestamp="2019-07-02T23:04:54.193" activeThreads="4">
  <mem-info id="3967" free="10004368" total="15990784" percent="62">
    <mem type="tenure" free="10004368" total="15990784" percent="62" micro-fragmented="0" macro-fragmented="0">
      <mem type="soa" free="10004368" total="15831040" percent="63" />
      <mem type="loa" free="0" total="159744" percent="0" />
    </mem>
  </mem-info>
</gc-end>
<cycle-end id="3968" type="global" contextid="3960" timestamp="2019-07-02T23:04:54.193">
  <attribute name="GC Util" value="257" />
  <attribute name="CPU Util" value="9499268680853" />
  <attribute name="Time Running"value="4827"/>
  <attribute name="Number of cores"value="4"/>
</cycle-end>
<allocation-satisfied id="3969" threadId="000000000112D100" bytesRequested="40" />
<af-end id="3970" timestamp="2019-07-02T23:04:54.193" threadId="000000000112DA88" success="true" />
<exclusive-end id="3971" timestamp="2019-07-02T23:04:54.193" durationms="3.467" />

<exclusive-start id="3972" timestamp="2019-07-02T23:04:54.199" intervalms="9.423">
  <response-info timems="0.026" idlems="0.024" threads="1" lastid="000000000112D100" lastname="Thread-8" />
</exclusive-start>
<af-start id="3973" threadId="0000000001129E88" totalBytesRequested="40" timestamp="2019-07-02T23:04:54.201" intervalms="11.462" />
<cycle-start id="3974" type="global" contextid="0" timestamp="2019-07-02T23:04:54.204" intervalms="14.231" />
  <attribute name="GC Util" value="257" />
  <attribute name="CPU Util" value="9499268680853" />
  <attribute name="Time Running"value="4827"/>
  <attribute name="Number of cores"value="4"/>
<gc-start id="3975" type="global" contextid="3974" timestamp="2019-07-02T23:04:54.204">
  <mem-info id="3976" free="0" total="15990784" percent="0">
    <mem type="tenure" free="0" total="15990784" percent="0">
      <mem type="soa" free="0" total="15831040" percent="0" />
      <mem type="loa" free="0" total="159744" percent="0" />
    </mem>
  </mem-info>
</gc-start>
<allocation-stats totalBytes="9995600" >
  <allocated-bytes non-tlh="0" tlh="9995600" />
  <largest-consumer threadName="Thread-7" threadId="0000000001134900" bytes="3906368" />
</allocation-stats>
<gc-op id="3977" type="mark" timems="1.546" contextid="3974" timestamp="2019-07-02T23:04:54.206">
  <trace-info objectcount="69022" scancount="61450" scanbytes="2348044" />
  <finalization candidates="124" enqueued="0" />
  <ownableSynchronizers candidates="3" cleared="0" />
  <references type="soft" candidates="84" cleared="0" enqueued="0" dynamicThreshold="20" maxThreshold="32" />
  <references type="weak" candidates="774" cleared="0" enqueued="0" />
  <references type="phantom" candidates="63" cleared="0" enqueued="0" />
  <stringconstants candidates="4574" cleared="0"  />
</gc-op>
<gc-op id="3978" type="sweep" timems="0.319" contextid="3974" timestamp="2019-07-02T23:04:54.206" />
<mem-info id="3979" free="9941680" total="15990784" percent="62">
  <mem type="tenure" free="9941680" total="15990784" percent="62" micro-fragmented="10798" macro-fragmented="0">
    <mem type="soa" free="9941680" total="15831040" percent="62" />
    <mem type="loa" free="0" total="159744" percent="0" />
  </mem>
</mem-info>
<gc-op id="3980" type="compact" timems="3.256" contextid="3974" timestamp="2019-07-02T23:04:54.210">
  <compact-info movecount="3937" movebytes="95936" reason="compact to aid heap contraction" />
</gc-op>
<heap-resize id="3981" type="contract" space="tenure" amount="131072" count="1" timems="0.089" reason="excess free space following gc" timestamp="2019-07-02T23:04:54.210" />
<gc-end id="3982" type="global" contextid="3974" durationms="6.148" usertimems="8.000" systemtimems="0.000" timestamp="2019-07-02T23:04:54.210" activeThreads="4">
  <mem-info id="3983" free="9948088" total="15859712" percent="62">
    <mem type="tenure" free="9948088" total="15859712" percent="62">
      <mem type="soa" free="9819064" total="15702016" percent="62" />
      <mem type="loa" free="129024" total="157696" percent="81" />
    </mem>
  </mem-info>
</gc-end>
<cycle-end id="3984" type="global" contextid="3974" timestamp="2019-07-02T23:04:54.210">
  <attribute name="GC Util" value="17" />
  <attribute name="CPU Util" value="34933045188177" />
  <attribute name="Time Running"value="4842"/>
  <attribute name="Number of cores"value="4"/>
</cycle-end>
<allocation-satisfied id="3985" threadId="0000000001129500" bytesRequested="40" />
<af-end id="3986" timestamp="2019-07-02T23:04:54.211" threadId="0000000001129E88" success="true" />
<exclusive-end id="3987" timestamp="2019-07-02T23:04:54.211" durationms="11.796" />

<exclusive-start id="3988" timestamp="2019-07-02T23:04:54.217" intervalms="18.148">
  <response-info timems="1.261" idlems="0.637" threads="1" lastid="0000000001129500" lastname="Thread-10" />
</exclusive-start>
<af-start id="3989" threadId="0000000001131688" totalBytesRequested="40" timestamp="2019-07-02T23:04:54.217" intervalms="16.126" />
<cycle-start id="3990" type="global" contextid="0" timestamp="2019-07-02T23:04:54.217" intervalms="13.386" />
  <attribute name="GC Util" value="17" />
  <attribute name="CPU Util" value="34933045188177" />
  <attribute name="Time Running"value="4842"/>
  <attribute name="Number of cores"value="4"/>
<gc-start id="3991" type="global" contextid="3990" timestamp="2019-07-02T23:04:54.217">
  <mem-info id="3992" free="129024" total="15859712" percent="0">
    <mem type="tenure" free="129024" total="15859712" percent="0">
      <mem type="soa" free="0" total="15702016" percent="0" />
      <mem type="loa" free="129024" total="157696" percent="81" />
    </mem>
  </mem-info>
</gc-start>
<allocation-stats totalBytes="9882872" >
  <allocated-bytes non-tlh="0" tlh="9882872" />
  <largest-consumer threadName="Thread-7" threadId="0000000001134900" bytes="3374552" />
</allocation-stats>
<gc-op id="3993" type="mark" timems="2.103" contextid="3990" timestamp="2019-07-02T23:04:54.220">
  <trace-info objectcount="69546" scancount="61968" scanbytes="2360684" />
  <finalization candidates="124" enqueued="0" />
  <ownableSynchronizers candidates="3" cleared="0" />
  <references type="soft" candidates="84" cleared="0" enqueued="0" dynamicThreshold="20" maxThreshold="32" />
  <references type="weak" candidates="774" cleared="0" enqueued="0" />
  <references type="phantom" candidates="63" cleared="0" enqueued="0" />
  <stringconstants candidates="4574" cleared="0"  />
</gc-op>
<gc-op id="3994" type="sweep" timems="0.710" contextid="3990" timestamp="2019-07-02T23:04:54.221" />
<heap-resize id="3995" type="contract" space="tenure" amount="131072" count="1" timems="0.047" reason="excess free space following gc" timestamp="2019-07-02T23:04:54.221" />
<gc-end id="3996" type="global" contextid="3990" durationms="3.437" usertimems="8.000" systemtimems="0.000" timestamp="2019-07-02T23:04:54.221" activeThreads="4">
  <mem-info id="3997" free="9727128" total="15728640" percent="61">
    <mem type="tenure" free="9727128" total="15728640" percent="61" micro-fragmented="23300" macro-fragmented="0">
      <mem type="soa" free="9727128" total="15571968" percent="62" />
      <mem type="loa" free="0" total="156672" percent="0" />
    </mem>
  </mem-info>
</gc-end>
<cycle-end id="3998" type="global" contextid="3990" timestamp="2019-07-02T23:04:54.221">
  <attribute name="GC Util" value="232" />
  <attribute name="CPU Util" value="8423782293322" />
  <attribute name="Time Running"value="4855"/>
  <attribute name="Number of cores"value="4"/>
</cycle-end>
<allocation-satisfied id="3999" threadId="0000000001130D00" bytesRequested="40" />
<af-end id="4000" timestamp="2019-07-02T23:04:54.221" threadId="0000000001131688" success="true" />
<exclusive-end id="4001" timestamp="2019-07-02T23:04:54.221" durationms="4.097" />

<exclusive-start id="4002" timestamp="2019-07-02T23:04:54.226" intervalms="8.793">
  <response-info timems="0.025" idlems="0.013" threads="1" lastid="0000000001129500" lastname="Thread-10" />
</exclusive-start>
<af-start id="4003" threadId="000000000112DA88" totalBytesRequested="24" timestamp="2019-07-02T23:04:54.226" intervalms="8.731" />
<cycle-start id="4004" type="global" contextid="0" timestamp="2019-07-02T23:04:54.226" intervalms="8.745" />
  <attribute name="GC Util" value="232" />
  <attribute name="CPU Util" value="8423782293322" />
  <attribute name="Time Running"value="4855"/>
  <attribute name="Number of cores"value="4"/>
<gc-start id="4005" type="global" contextid="4004" timestamp="2019-07-02T23:04:54.226">
  <mem-info id="4006" free="0" total="15728640" percent="0">
    <mem type="tenure" free="0" total="15728640" percent="0">
      <mem type="soa" free="0" total="15571968" percent="0" />
      <mem type="loa" free="0" total="156672" percent="0" />
    </mem>
  </mem-info>
</gc-start>
<allocation-stats totalBytes="9723304" >
  <allocated-bytes non-tlh="0" tlh="9723304" />
  <largest-consumer threadName="Thread-7" threadId="0000000001134900" bytes="3165536" />
</allocation-stats>
<gc-op id="4007" type="mark" timems="1.941" contextid="4004" timestamp="2019-07-02T23:04:54.228">
  <trace-info objectcount="70391" scancount="62824" scanbytes="2381084" />
  <finalization candidates="124" enqueued="0" />
  <ownableSynchronizers candidates="3" cleared="0" />
  <references type="soft" candidates="84" cleared="0" enqueued="0" dynamicThreshold="19" maxThreshold="32" />
  <references type="weak" candidates="774" cleared="0" enqueued="0" />
  <references type="phantom" candidates="63" cleared="0" enqueued="0" />
  <stringconstants candidates="4574" cleared="0"  />
</gc-op>
<gc-op id="4008" type="sweep" timems="0.793" contextid="4004" timestamp="2019-07-02T23:04:54.229" />
<heap-resize id="4009" type="contract" space="tenure" amount="65536" count="1" timems="0.079" reason="excess free space following gc" timestamp="2019-07-02T23:04:54.229" />
<gc-end id="4010" type="global" contextid="4004" durationms="3.262" usertimems="4.000" systemtimems="0.000" timestamp="2019-07-02T23:04:54.229" activeThreads="4">
  <mem-info id="4011" free="9624240" total="15663104" percent="61">
    <mem type="tenure" free="9624240" total="15663104" percent="61" micro-fragmented="11300" macro-fragmented="0">
      <mem type="soa" free="9624240" total="15507456" percent="62" />
      <mem type="loa" free="0" total="155648" percent="0" />
    </mem>
  </mem-info>
</gc-end>
<cycle-end id="4012" type="global" contextid="4004" timestamp="2019-07-02T23:04:54.230">
  <attribute name="GC Util" value="228" />
  <attribute name="CPU Util" value="9092463181502" />
  <attribute name="Time Running"value="4864"/>
  <attribute name="Number of cores"value="4"/>
</cycle-end>
<allocation-satisfied id="4013" threadId="000000000112D100" bytesRequested="24" />
<af-end id="4014" timestamp="2019-07-02T23:04:54.230" threadId="000000000112DA88" success="true" />
<exclusive-end id="4015" timestamp="2019-07-02T23:04:54.230" durationms="3.790" />

<exclusive-start id="4016" timestamp="2019-07-02T23:04:54.235" intervalms="9.222">
  <response-info timems="0.027" idlems="0.027" threads="0" lastid="0000000001134900" lastname="Thread-7" />
</exclusive-start>
<af-start id="4017" threadId="0000000001135288" totalBytesRequested="24" timestamp="2019-07-02T23:04:54.235" intervalms="9.239" />
<cycle-start id="4018" type="global" contextid="0" timestamp="2019-07-02T23:04:54.235" intervalms="9.171" />
  <attribute name="GC Util" value="228" />
  <attribute name="CPU Util" value="9092463181502" />
  <attribute name="Time Running"value="4864"/>
  <attribute name="Number of cores"value="4"/>
<gc-start id="4019" type="global" contextid="4018" timestamp="2019-07-02T23:04:54.235">
  <mem-info id="4020" free="0" total="15663104" percent="0">
    <mem type="tenure" free="0" total="15663104" percent="0">
      <mem type="soa" free="0" total="15507456" percent="0" />
      <mem type="loa" free="0" total="155648" percent="0" />
    </mem>
  </mem-info>
</gc-start>
<allocation-stats totalBytes="9615864" >
  <allocated-bytes non-tlh="0" tlh="9615864" />
  <largest-consumer threadName="Thread-7" threadId="0000000001134900" bytes="3370552" />
</allocation-stats>
<gc-op id="4021" type="mark" timems="2.245" contextid="4018" timestamp="2019-07-02T23:04:54.238">
  <trace-info objectcount="70820" scancount="63240" scanbytes="2391172" />
  <finalization candidates="124" enqueued="0" />
  <ownableSynchronizers candidates="3" cleared="0" />
  <references type="soft" candidates="84" cleared="0" enqueued="0" dynamicThreshold="19" maxThreshold="32" />
  <references type="weak" candidates="774" cleared="0" enqueued="0" />
  <references type="phantom" candidates="63" cleared="0" enqueued="0" />
  <stringconstants candidates="4574" cleared="0"  />
</gc-op>
<gc-op id="4022" type="sweep" timems="0.815" contextid="4018" timestamp="2019-07-02T23:04:54.239" />
<gc-end id="4023" type="global" contextid="4018" durationms="3.413" usertimems="4.000" systemtimems="4.000" timestamp="2019-07-02T23:04:54.239" activeThreads="4">
  <mem-info id="4024" free="9588936" total="15663104" percent="61">
    <mem type="tenure" free="9588936" total="15663104" percent="61" micro-fragmented="25145" macro-fragmented="0">
      <mem type="soa" free="9588936" total="15507456" percent="61" />
      <mem type="loa" free="0" total="155648" percent="0" />
    </mem>
  </mem-info>
</gc-end>
<cycle-end id="4025" type="global" contextid="4018" timestamp="2019-07-02T23:04:54.239">
  <attribute name="GC Util" value="249" />
  <attribute name="CPU Util" value="7876094987747" />
  <attribute name="Time Running"value="4873"/>
  <attribute name="Number of cores"value="4"/>
</cycle-end>
<allocation-satisfied id="4026" threadId="0000000001134900" bytesRequested="24" />
<af-end id="4027" timestamp="2019-07-02T23:04:54.239" threadId="0000000001135288" success="true" />
<exclusive-end id="4028" timestamp="2019-07-02T23:04:54.239" durationms="4.109" />

<exclusive-start id="4029" timestamp="2019-07-02T23:04:54.244" intervalms="8.673">
  <response-info timems="0.025" idlems="0.023" threads="1" lastid="0000000001134900" lastname="Thread-7" />
</exclusive-start>
<af-start id="4030" threadId="0000000001129E88" totalBytesRequested="40" timestamp="2019-07-02T23:04:54.244" intervalms="8.722" />
<cycle-start id="4031" type="global" contextid="0" timestamp="2019-07-02T23:04:54.244" intervalms="8.813" />
  <attribute name="GC Util" value="249" />
  <attribute name="CPU Util" value="7876094987747" />
  <attribute name="Time Running"value="4873"/>
  <attribute name="Number of cores"value="4"/>
<gc-start id="4032" type="global" contextid="4031" timestamp="2019-07-02T23:04:54.244">
  <mem-info id="4033" free="0" total="15663104" percent="0">
    <mem type="tenure" free="0" total="15663104" percent="0">
      <mem type="soa" free="0" total="15507456" percent="0" />
      <mem type="loa" free="0" total="155648" percent="0" />
    </mem>
  </mem-info>
</gc-start>
<allocation-stats totalBytes="9575792" >
  <allocated-bytes non-tlh="0" tlh="9575792" />
  <largest-consumer threadName="Thread-10" threadId="0000000001129500" bytes="2943944" />
</allocation-stats>
<gc-op id="4034" type="mark" timems="1.311" contextid="4031" timestamp="2019-07-02T23:04:54.246">
  <trace-info objectcount="71648" scancount="64076" scanbytes="2411428" />
  <finalization candidates="124" enqueued="0" />
  <ownableSynchronizers candidates="3" cleared="0" />
  <references type="soft" candidates="84" cleared="0" enqueued="0" dynamicThreshold="19" maxThreshold="32" />
  <references type="weak" candidates="774" cleared="0" enqueued="0" />
  <references type="phantom" candidates="63" cleared="0" enqueued="0" />
  <stringconstants candidates="4574" cleared="0"  />
</gc-op>
<gc-op id="4035" type="sweep" timems="0.322" contextid="4031" timestamp="2019-07-02T23:04:54.246" />
<gc-end id="4036" type="global" contextid="4031" durationms="2.093" usertimems="4.000" systemtimems="0.000" timestamp="2019-07-02T23:04:54.246" activeThreads="4">
  <mem-info id="4037" free="9536600" total="15663104" percent="60">
    <mem type="tenure" free="9536600" total="15663104" percent="60" micro-fragmented="33663" macro-fragmented="0">
      <mem type="soa" free="9536600" total="15507456" percent="61" />
      <mem type="loa" free="0" total="155648" percent="0" />
    </mem>
  </mem-info>
</gc-end>
<cycle-end id="4038" type="global" contextid="4031" timestamp="2019-07-02T23:04:54.246">
  <attribute name="GC Util" value="198" />
  <attribute name="CPU Util" value="13130261548322" />
  <attribute name="Time Running"value="4881"/>
  <attribute name="Number of cores"value="4"/>
</cycle-end>
<allocation-satisfied id="4039" threadId="0000000001129500" bytesRequested="40" />
<af-end id="4040" timestamp="2019-07-02T23:04:54.247" threadId="0000000001129E88" success="true" />
<exclusive-end id="4041" timestamp="2019-07-02T23:04:54.247" durationms="2.999" />

<exclusive-start id="4042" timestamp="2019-07-02T23:04:54.257" intervalms="13.324">
  <response-info timems="4.193" idlems="2.106" threads="1" lastid="0000000001129500" lastname="Thread-10" />
</exclusive-start>
<af-start id="4043" threadId="0000000001135288" totalBytesRequested="40" timestamp="2019-07-02T23:04:54.257" intervalms="13.368" />
<cycle-start id="4044" type="global" contextid="0" timestamp="2019-07-02T23:04:54.257" intervalms="13.324" />
  <attribute name="GC Util" value="198" />
  <attribute name="CPU Util" value="13130261548322" />
  <attribute name="Time Running"value="4881"/>
  <attribute name="Number of cores"value="4"/>
<gc-start id="4045" type="global" contextid="4044" timestamp="2019-07-02T23:04:54.257">
  <mem-info id="4046" free="0" total="15663104" percent="0">
    <mem type="tenure" free="0" total="15663104" percent="0">
      <mem type="soa" free="0" total="15507456" percent="0" />
      <mem type="loa" free="0" total="155648" percent="0" />
    </mem>
  </mem-info>
</gc-start>
<allocation-stats totalBytes="9518144" >
  <allocated-bytes non-tlh="0" tlh="9518144" />
  <largest-consumer threadName="Thread-7" threadId="0000000001134900" bytes="3220976" />
</allocation-stats>
<gc-op id="4047" type="mark" timems="2.117" contextid="4044" timestamp="2019-07-02T23:04:54.260">
  <trace-info objectcount="72438" scancount="64863" scanbytes="2430268" />
  <finalization candidates="124" enqueued="0" />
  <ownableSynchronizers candidates="3" cleared="0" />
  <references type="soft" candidates="84" cleared="0" enqueued="0" dynamicThreshold="19" maxThreshold="32" />
  <references type="weak" candidates="774" cleared="0" enqueued="0" />
  <references type="phantom" candidates="63" cleared="0" enqueued="0" />
  <stringconstants candidates="4574" cleared="0"  />
</gc-op>
<gc-op id="4048" type="sweep" timems="0.818" contextid="4044" timestamp="2019-07-02T23:04:54.261" />
<gc-end id="4049" type="global" contextid="4044" durationms="3.334" usertimems="12.000" systemtimems="0.000" timestamp="2019-07-02T23:04:54.261" activeThreads="4">
  <mem-info id="4050" free="9470960" total="15663104" percent="60">
    <mem type="tenure" free="9470960" total="15663104" percent="60" micro-fragmented="11813" macro-fragmented="0">
      <mem type="soa" free="9470960" total="15507456" percent="61" />
      <mem type="loa" free="0" total="155648" percent="0" />
    </mem>
  </mem-info>
</gc-end>
<cycle-end id="4051" type="global" contextid="4044" timestamp="2019-07-02T23:04:54.261">
  <attribute name="GC Util" value="249" />
  <attribute name="CPU Util" value="8505013005666" />
  <attribute name="Time Running"value="4895"/>
  <attribute name="Number of cores"value="4"/>
</cycle-end>
<allocation-satisfied id="4052" threadId="0000000001134900" bytesRequested="40" />
<af-end id="4053" timestamp="2019-07-02T23:04:54.261" threadId="0000000001135288" success="true" />
<exclusive-end id="4054" timestamp="2019-07-02T23:04:54.261" durationms="4.089" />

<exclusive-start id="4055" timestamp="2019-07-02T23:04:54.266" intervalms="8.901">
  <response-info timems="0.032" idlems="0.032" threads="0" lastid="0000000001130D00" lastname="Thread-9" />
</exclusive-start>
<af-start id="4056" threadId="0000000001131688" totalBytesRequested="40" timestamp="2019-07-02T23:04:54.266" intervalms="8.849" />
<cycle-start id="4057" type="global" contextid="0" timestamp="2019-07-02T23:04:54.266" intervalms="8.859" />
  <attribute name="GC Util" value="249" />
  <attribute name="CPU Util" value="8505013005666" />
  <attribute name="Time Running"value="4895"/>
  <attribute name="Number of cores"value="4"/>
<gc-start id="4058" type="global" contextid="4057" timestamp="2019-07-02T23:04:54.266">
  <mem-info id="4059" free="0" total="15663104" percent="0">
    <mem type="tenure" free="0" total="15663104" percent="0">
      <mem type="soa" free="0" total="15507456" percent="0" />
      <mem type="loa" free="0" total="155648" percent="0" />
    </mem>
  </mem-info>
</gc-start>
<allocation-stats totalBytes="9447488" >
  <allocated-bytes non-tlh="0" tlh="9447488" />
  <largest-consumer threadName="Thread-10" threadId="0000000001129500" bytes="3044264" />
</allocation-stats>
<gc-op id="4060" type="mark" timems="2.254" contextid="4057" timestamp="2019-07-02T23:04:54.269">
  <trace-info objectcount="73407" scancount="65830" scanbytes="2453644" />
  <finalization candidates="124" enqueued="0" />
  <ownableSynchronizers candidates="3" cleared="0" />
  <references type="soft" candidates="84" cleared="0" enqueued="0" dynamicThreshold="19" maxThreshold="32" />
  <references type="weak" candidates="774" cleared="0" enqueued="0" />
  <references type="phantom" candidates="63" cleared="0" enqueued="0" />
  <stringconstants candidates="4574" cleared="0"  />
</gc-op>
<gc-op id="4061" type="sweep" timems="0.860" contextid="4057" timestamp="2019-07-02T23:04:54.270" />
<heap-resize id="4062" type="expand" space="tenure" amount="1048576" count="1" timems="0.050" reason="excessive time being spent in gc" timestamp="2019-07-02T23:04:54.270" />
<gc-end id="4063" type="global" contextid="4057" durationms="3.722" usertimems="8.000" systemtimems="4.000" timestamp="2019-07-02T23:04:54.270" activeThreads="4">
  <mem-info id="4064" free="10442600" total="16711680" percent="62">
    <mem type="tenure" free="10442600" total="16711680" percent="62" micro-fragmented="12100" macro-fragmented="0">
      <mem type="soa" free="10275688" total="16544768" percent="62" />
      <mem type="loa" free="166912" total="166912" percent="100" />
    </mem>
  </mem-info>
</gc-end>
<cycle-end id="4065" type="global" contextid="4057" timestamp="2019-07-02T23:04:54.270">
  <attribute name="GC Util" value="250" />
  <attribute name="CPU Util" value="7875479640547" />
  <attribute name="Time Running"value="4904"/>
  <attribute name="Number of cores"value="4"/>
</cycle-end>
<allocation-satisfied id="4066" threadId="0000000001130D00" bytesRequested="40" />
<af-end id="4067" timestamp="2019-07-02T23:04:54.270" threadId="0000000001131688" success="true" />
<exclusive-end id="4068" timestamp="2019-07-02T23:04:54.271" durationms="4.587" />

<exclusive-start id="4069" timestamp="2019-07-02T23:04:54.277" intervalms="11.127">
  <response-info timems="0.900" idlems="0.461" threads="1" lastid="0000000001129500" lastname="Thread-10" />
</exclusive-start>
<af-start id="4070" threadId="0000000001135288" totalBytesRequested="40" timestamp="2019-07-02T23:04:54.277" intervalms="11.084" />
<cycle-start id="4071" type="global" contextid="0" timestamp="2019-07-02T23:04:54.277" intervalms="11.067" />
  <attribute name="GC Util" value="250" />
  <attribute name="CPU Util" value="7875479640547" />
  <attribute name="Time Running"value="4904"/>
  <attribute name="Number of cores"value="4"/>
<gc-start id="4072" type="global" contextid="4071" timestamp="2019-07-02T23:04:54.277">
  <mem-info id="4073" free="166912" total="16711680" percent="0">
    <mem type="tenure" free="166912" total="16711680" percent="0">
      <mem type="soa" free="0" total="16544768" percent="0" />
      <mem type="loa" free="166912" total="166912" percent="100" />
    </mem>
  </mem-info>
</gc-start>
<allocation-stats totalBytes="10248712" >
  <allocated-bytes non-tlh="23160" tlh="10225552" />
  <largest-consumer threadName="Thread-7" threadId="0000000001134900" bytes="3242104" />
</allocation-stats>
<gc-op id="4074" type="mark" timems="2.287" contextid="4071" timestamp="2019-07-02T23:04:54.280">
  <trace-info objectcount="69757" scancount="62175" scanbytes="2365748" />
  <finalization candidates="124" enqueued="0" />
  <ownableSynchronizers candidates="3" cleared="0" />
  <references type="soft" candidates="84" cleared="0" enqueued="0" dynamicThreshold="19" maxThreshold="32" />
  <references type="weak" candidates="774" cleared="0" enqueued="0" />
  <references type="phantom" candidates="63" cleared="0" enqueued="0" />
  <stringconstants candidates="4574" cleared="0"  />
</gc-op>
<gc-op id="4075" type="sweep" timems="0.850" contextid="4071" timestamp="2019-07-02T23:04:54.281" />
<gc-end id="4076" type="global" contextid="4071" durationms="3.663" usertimems="12.000" systemtimems="0.000" timestamp="2019-07-02T23:04:54.281" activeThreads="4">
  <mem-info id="4077" free="10692992" total="16711680" percent="63">
    <mem type="tenure" free="10692992" total="16711680" percent="63" micro-fragmented="89438" macro-fragmented="0">
      <mem type="soa" free="10526080" total="16544768" percent="63" />
      <mem type="loa" free="166912" total="166912" percent="100" />
    </mem>
  </mem-info>
</gc-end>
<cycle-end id="4078" type="global" contextid="4071" timestamp="2019-07-02T23:04:54.281">
  <attribute name="GC Util" value="237" />
  <attribute name="CPU Util" value="7738088407951" />
  <attribute name="Time Running"value="4915"/>
  <attribute name="Number of cores"value="4"/>
</cycle-end>
<allocation-satisfied id="4079" threadId="0000000001134900" bytesRequested="40" />
<af-end id="4080" timestamp="2019-07-02T23:04:54.281" threadId="0000000001135288" success="true" />
<exclusive-end id="4081" timestamp="2019-07-02T23:04:54.281" durationms="4.239" />

<exclusive-start id="4082" timestamp="2019-07-02T23:04:54.288" intervalms="10.441">
  <response-info timems="0.026" idlems="0.026" threads="0" lastid="0000000001134900" lastname="Thread-7" />
</exclusive-start>
<af-start id="4083" threadId="0000000001135288" totalBytesRequested="40" timestamp="2019-07-02T23:04:54.288" intervalms="10.486" />
<cycle-start id="4084" type="global" contextid="0" timestamp="2019-07-02T23:04:54.288" intervalms="10.473" />
  <attribute name="GC Util" value="237" />
  <attribute name="CPU Util" value="7738088407951" />
  <attribute name="Time Running"value="4915"/>
  <attribute name="Number of cores"value="4"/>
<gc-start id="4085" type="global" contextid="4084" timestamp="2019-07-02T23:04:54.288">
  <mem-info id="4086" free="166912" total="16711680" percent="0">
    <mem type="tenure" free="166912" total="16711680" percent="0">
      <mem type="soa" free="0" total="16544768" percent="0" />
      <mem type="loa" free="166912" total="166912" percent="100" />
    </mem>
  </mem-info>
</gc-start>
<allocation-stats totalBytes="10503704" >
  <allocated-bytes non-tlh="0" tlh="10503704" />
  <largest-consumer threadName="Thread-10" threadId="0000000001129500" bytes="4023192" />
</allocation-stats>
<gc-op id="4087" type="mark" timems="2.204" contextid="4084" timestamp="2019-07-02T23:04:54.290">
  <trace-info objectcount="72557" scancount="65016" scanbytes="2432884" />
  <finalization candidates="124" enqueued="0" />
  <ownableSynchronizers candidates="3" cleared="0" />
  <references type="soft" candidates="84" cleared="0" enqueued="0" dynamicThreshold="20" maxThreshold="32" />
  <references type="weak" candidates="774" cleared="0" enqueued="0" />
  <references type="phantom" candidates="63" cleared="0" enqueued="0" />
  <stringconstants candidates="4574" cleared="0"  />
</gc-op>
<gc-op id="4088" type="sweep" timems="0.847" contextid="4084" timestamp="2019-07-02T23:04:54.291" />
<gc-end id="4089" type="global" contextid="4084" durationms="3.397" usertimems="12.000" systemtimems="0.000" timestamp="2019-07-02T23:04:54.291" activeThreads="4">
  <mem-info id="4090" free="10563200" total="16711680" percent="63">
    <mem type="tenure" free="10563200" total="16711680" percent="63" micro-fragmented="50926" macro-fragmented="0">
      <mem type="soa" free="10396288" total="16544768" percent="62" />
      <mem type="loa" free="166912" total="166912" percent="100" />
    </mem>
  </mem-info>
</gc-end>
<cycle-end id="4091" type="global" contextid="4084" timestamp="2019-07-02T23:04:54.291">
  <attribute name="GC Util" value="254" />
  <attribute name="CPU Util" value="8016161974151" />
  <attribute name="Time Running"value="4925"/>
  <attribute name="Number of cores"value="4"/>
</cycle-end>
<allocation-satisfied id="4092" threadId="0000000001134900" bytesRequested="40" />
<af-end id="4093" timestamp="2019-07-02T23:04:54.292" threadId="0000000001135288" success="true" />
<exclusive-end id="4094" timestamp="2019-07-02T23:04:54.292" durationms="4.178" />

<exclusive-start id="4095" timestamp="2019-07-02T23:04:54.299" intervalms="11.542">
  <response-info timems="0.027" idlems="0.027" threads="1" lastid="000000000112D100" lastname="Thread-8" />
</exclusive-start>
<af-start id="4096" threadId="0000000001135288" totalBytesRequested="24" timestamp="2019-07-02T23:04:54.299" intervalms="11.533" />
<cycle-start id="4097" type="global" contextid="0" timestamp="2019-07-02T23:04:54.299" intervalms="11.537" />
  <attribute name="GC Util" value="254" />
  <attribute name="CPU Util" value="8016161974151" />
  <attribute name="Time Running"value="4925"/>
  <attribute name="Number of cores"value="4"/>
<gc-start id="4098" type="global" contextid="4097" timestamp="2019-07-02T23:04:54.299">
  <mem-info id="4099" free="166912" total="16711680" percent="0">
    <mem type="tenure" free="166912" total="16711680" percent="0">
      <mem type="soa" free="0" total="16544768" percent="0" />
      <mem type="loa" free="166912" total="166912" percent="100" />
    </mem>
  </mem-info>
</gc-start>
<allocation-stats totalBytes="10368032" >
  <allocated-bytes non-tlh="0" tlh="10368032" />
  <largest-consumer threadName="Thread-7" threadId="0000000001134900" bytes="4277584" />
</allocation-stats>
<gc-op id="4100" type="mark" timems="2.150" contextid="4097" timestamp="2019-07-02T23:04:54.302">
  <trace-info objectcount="66600" scancount="59017" scanbytes="2156216" />
  <finalization candidates="124" enqueued="0" />
  <ownableSynchronizers candidates="3" cleared="0" />
  <references type="soft" candidates="84" cleared="0" enqueued="0" dynamicThreshold="20" maxThreshold="32" />
  <references type="weak" candidates="774" cleared="0" enqueued="0" />
  <references type="phantom" candidates="63" cleared="0" enqueued="0" />
  <stringconstants candidates="4574" cleared="0"  />
</gc-op>
<gc-op id="4101" type="sweep" timems="0.851" contextid="4097" timestamp="2019-07-02T23:04:54.303" />
<heap-resize id="4102" type="contract" space="tenure" amount="131072" count="1" timems="0.050" reason="excess free space following gc" timestamp="2019-07-02T23:04:54.303" />
<gc-end id="4103" type="global" contextid="4097" durationms="3.532" usertimems="8.000" systemtimems="0.000" timestamp="2019-07-02T23:04:54.303" activeThreads="4">
  <mem-info id="4104" free="10571176" total="16580608" percent="63">
    <mem type="tenure" free="10571176" total="16580608" percent="63" micro-fragmented="80671" macro-fragmented="0">
      <mem type="soa" free="10571176" total="16415744" percent="64" />
      <mem type="loa" free="0" total="164864" percent="0" />
    </mem>
  </mem-info>
</gc-end>
<cycle-end id="4105" type="global" contextid="4097" timestamp="2019-07-02T23:04:54.303">
  <attribute name="GC Util" value="256" />
  <attribute name="CPU Util" value="8211611102524" />
  <attribute name="Time Running"value="4937"/>
  <attribute name="Number of cores"value="4"/>
</cycle-end>
<allocation-satisfied id="4106" threadId="0000000001134900" bytesRequested="24" />
<af-end id="4107" timestamp="2019-07-02T23:04:54.303" threadId="0000000001135288" success="true" />
<exclusive-end id="4108" timestamp="2019-07-02T23:04:54.303" durationms="4.324" />

<exclusive-start id="4109" timestamp="2019-07-02T23:04:54.310" intervalms="10.632">
  <response-info timems="0.027" idlems="0.027" threads="0" lastid="0000000001134900" lastname="Thread-7" />
</exclusive-start>
<af-start id="4110" threadId="0000000001135288" totalBytesRequested="40" timestamp="2019-07-02T23:04:54.310" intervalms="10.590" />
<cycle-start id="4111" type="global" contextid="0" timestamp="2019-07-02T23:04:54.310" intervalms="10.588" />
  <attribute name="GC Util" value="256" />
  <attribute name="CPU Util" value="8211611102524" />
  <attribute name="Time Running"value="4937"/>
  <attribute name="Number of cores"value="4"/>
<gc-start id="4112" type="global" contextid="4111" timestamp="2019-07-02T23:04:54.310">
  <mem-info id="4113" free="0" total="16580608" percent="0">
    <mem type="tenure" free="0" total="16580608" percent="0">
      <mem type="soa" free="0" total="16415744" percent="0" />
      <mem type="loa" free="0" total="164864" percent="0" />
    </mem>
  </mem-info>
</gc-start>
<allocation-stats totalBytes="10543384" >
  <allocated-bytes non-tlh="19056" tlh="10524328" />
  <largest-consumer threadName="Thread-10" threadId="0000000001129500" bytes="4006768" />
</allocation-stats>
<gc-op id="4114" type="mark" timems="2.470" contextid="4111" timestamp="2019-07-02T23:04:54.313">
  <trace-info objectcount="72836" scancount="65261" scanbytes="2439484" />
  <finalization candidates="124" enqueued="0" />
  <ownableSynchronizers candidates="3" cleared="0" />
  <references type="soft" candidates="84" cleared="0" enqueued="0" dynamicThreshold="20" maxThreshold="32" />
  <references type="weak" candidates="774" cleared="0" enqueued="0" />
  <references type="phantom" candidates="63" cleared="0" enqueued="0" />
  <stringconstants candidates="4574" cleared="0"  />
</gc-op>
<gc-op id="4115" type="sweep" timems="0.888" contextid="4111" timestamp="2019-07-02T23:04:54.314" />
<mem-info id="4116" free="10197792" total="16580608" percent="61">
  <mem type="tenure" free="10197792" total="16580608" percent="61" micro-fragmented="102616" macro-fragmented="0">
    <mem type="soa" free="10197792" total="16415744" percent="62" />
    <mem type="loa" free="0" total="164864" percent="0" />
  </mem>
</mem-info>
<gc-op id="4117" type="compact" timems="5.677" contextid="4111" timestamp="2019-07-02T23:04:54.320">
  <compact-info movecount="23384" movebytes="875384" reason="compact to aid heap contraction" />
</gc-op>
<heap-resize id="4118" type="contract" space="tenure" amount="131072" count="1" timems="0.084" reason="excess free space following gc" timestamp="2019-07-02T23:04:54.320" />
<gc-end id="4119" type="global" contextid="4111" durationms="10.020" usertimems="28.000" systemtimems="0.000" timestamp="2019-07-02T23:04:54.320" activeThreads="4">
  <mem-info id="4120" free="10441352" total="16449536" percent="63">
    <mem type="tenure" free="10441352" total="16449536" percent="63">
      <mem type="soa" free="10311304" total="16285696" percent="63" />
      <mem type="loa" free="130048" total="163840" percent="79" />
    </mem>
  </mem-info>
</gc-end>
<cycle-end id="4121" type="global" contextid="4111" timestamp="2019-07-02T23:04:54.320">
  <attribute name="GC Util" value="131" />
  <attribute name="CPU Util" value="16134507556264" />
  <attribute name="Time Running"value="4949"/>
  <attribute name="Number of cores"value="4"/>
</cycle-end>
<allocation-satisfied id="4122" threadId="0000000001134900" bytesRequested="40" />
<af-end id="4123" timestamp="2019-07-02T23:04:54.320" threadId="0000000001135288" success="true" />
<exclusive-end id="4124" timestamp="2019-07-02T23:04:54.320" durationms="10.750" />

<exclusive-start id="4125" timestamp="2019-07-02T23:04:54.328" intervalms="17.995">
  <response-info timems="0.028" idlems="0.028" threads="1" lastid="0000000001130D00" lastname="Thread-9" />
</exclusive-start>
<af-start id="4126" threadId="000000000112DA88" totalBytesRequested="40" timestamp="2019-07-02T23:04:54.328" intervalms="17.990" />
<cycle-start id="4127" type="global" contextid="0" timestamp="2019-07-02T23:04:54.328" intervalms="17.986" />
  <attribute name="GC Util" value="131" />
  <attribute name="CPU Util" value="16134507556264" />
  <attribute name="Time Running"value="4949"/>
  <attribute name="Number of cores"value="4"/>
<gc-start id="4128" type="global" contextid="4127" timestamp="2019-07-02T23:04:54.328">
  <mem-info id="4129" free="130048" total="16449536" percent="0">
    <mem type="tenure" free="130048" total="16449536" percent="0">
      <mem type="soa" free="0" total="16285696" percent="0" />
      <mem type="loa" free="130048" total="163840" percent="79" />
    </mem>
  </mem-info>
</gc-start>
<allocation-stats totalBytes="10375632" >
  <allocated-bytes non-tlh="0" tlh="10375632" />
  <largest-consumer threadName="Thread-7" threadId="0000000001134900" bytes="4292136" />
</allocation-stats>
<gc-op id="4130" type="mark" timems="2.205" contextid="4127" timestamp="2019-07-02T23:04:54.330">
  <trace-info objectcount="75825" scancount="68254" scanbytes="2511124" />
  <finalization candidates="124" enqueued="0" />
  <ownableSynchronizers candidates="3" cleared="0" />
  <references type="soft" candidates="84" cleared="0" enqueued="0" dynamicThreshold="20" maxThreshold="32" />
  <references type="weak" candidates="774" cleared="0" enqueued="0" />
  <references type="phantom" candidates="63" cleared="0" enqueued="0" />
  <stringconstants candidates="4574" cleared="0"  />
</gc-op>
<gc-op id="4131" type="sweep" timems="0.612" contextid="4127" timestamp="2019-07-02T23:04:54.331" />
<heap-resize id="4132" type="contract" space="tenure" amount="131072" count="1" timems="0.051" reason="excess free space following gc" timestamp="2019-07-02T23:04:54.331" />
<gc-end id="4133" type="global" contextid="4127" durationms="3.508" usertimems="12.000" systemtimems="0.000" timestamp="2019-07-02T23:04:54.331" activeThreads="4">
  <mem-info id="4134" free="10171200" total="16318464" percent="62">
    <mem type="tenure" free="10171200" total="16318464" percent="62" micro-fragmented="10004" macro-fragmented="27336">
      <mem type="soa" free="10171200" total="16155648" percent="62" />
      <mem type="loa" free="0" total="162816" percent="0" />
    </mem>
  </mem-info>
</gc-end>
<cycle-end id="4135" type="global" contextid="4127" timestamp="2019-07-02T23:04:54.332">
  <attribute name="GC Util" value="245" />
  <attribute name="CPU Util" value="8081372908242" />
  <attribute name="Time Running"value="4966"/>
  <attribute name="Number of cores"value="4"/>
</cycle-end>
<allocation-satisfied id="4136" threadId="000000000112D100" bytesRequested="40" />
<af-end id="4137" timestamp="2019-07-02T23:04:54.332" threadId="000000000112DA88" success="true" />
<exclusive-end id="4138" timestamp="2019-07-02T23:04:54.332" durationms="4.102" />

<exclusive-start id="4139" timestamp="2019-07-02T23:04:54.337" intervalms="9.768">
  <response-info timems="0.024" idlems="0.024" threads="0" lastid="0000000001134900" lastname="Thread-7" />
</exclusive-start>
<af-start id="4140" threadId="0000000001135288" totalBytesRequested="24" timestamp="2019-07-02T23:04:54.338" intervalms="9.817" />
<cycle-start id="4141" type="global" contextid="0" timestamp="2019-07-02T23:04:54.338" intervalms="9.836" />
  <attribute name="GC Util" value="245" />
  <attribute name="CPU Util" value="8081372908242" />
  <attribute name="Time Running"value="4966"/>
  <attribute name="Number of cores"value="4"/>
<gc-start id="4142" type="global" contextid="4141" timestamp="2019-07-02T23:04:54.338">
  <mem-info id="4143" free="0" total="16318464" percent="0">
    <mem type="tenure" free="0" total="16318464" percent="0">
      <mem type="soa" free="0" total="16155648" percent="0" />
      <mem type="loa" free="0" total="162816" percent="0" />
    </mem>
  </mem-info>
</gc-start>
<allocation-stats totalBytes="10166736" >
  <allocated-bytes non-tlh="19056" tlh="10147680" />
  <largest-consumer threadName="Thread-7" threadId="0000000001134900" bytes="3890520" />
</allocation-stats>
<gc-op id="4144" type="mark" timems="2.258" contextid="4141" timestamp="2019-07-02T23:04:54.340">
  <trace-info objectcount="72342" scancount="64770" scanbytes="2427996" />
  <finalization candidates="124" enqueued="0" />
  <ownableSynchronizers candidates="3" cleared="0" />
  <references type="soft" candidates="84" cleared="0" enqueued="0" dynamicThreshold="19" maxThreshold="32" />
  <references type="weak" candidates="774" cleared="0" enqueued="0" />
  <references type="phantom" candidates="63" cleared="0" enqueued="0" />
  <stringconstants candidates="4574" cleared="0"  />
</gc-op>
<gc-op id="4145" type="sweep" timems="0.737" contextid="4141" timestamp="2019-07-02T23:04:54.341" />
<heap-resize id="4146" type="contract" space="tenure" amount="131072" count="1" timems="0.083" reason="excess free space following gc" timestamp="2019-07-02T23:04:54.341" />
<gc-end id="4147" type="global" contextid="4141" durationms="3.722" usertimems="12.000" systemtimems="0.000" timestamp="2019-07-02T23:04:54.342" activeThreads="4">
  <mem-info id="4148" free="10073136" total="16187392" percent="62">
    <mem type="tenure" free="10073136" total="16187392" percent="62" micro-fragmented="27992" macro-fragmented="67932">
      <mem type="soa" free="10073136" total="16025600" percent="62" />
      <mem type="loa" free="0" total="161792" percent="0" />
    </mem>
  </mem-info>
</gc-end>
<cycle-end id="4149" type="global" contextid="4141" timestamp="2019-07-02T23:04:54.342">
  <attribute name="GC Util" value="241" />
  <attribute name="CPU Util" value="7841189721394" />
  <attribute name="Time Running"value="4976"/>
  <attribute name="Number of cores"value="4"/>
</cycle-end>
<allocation-satisfied id="4150" threadId="0000000001134900" bytesRequested="24" />
<af-end id="4151" timestamp="2019-07-02T23:04:54.342" threadId="0000000001135288" success="true" />
<exclusive-end id="4152" timestamp="2019-07-02T23:04:54.342" durationms="4.478" />

<exclusive-start id="4153" timestamp="2019-07-02T23:04:54.349" intervalms="11.513">
  <response-info timems="0.028" idlems="0.028" threads="0" lastid="0000000001134900" lastname="Thread-7" />
</exclusive-start>
<af-start id="4154" threadId="0000000001135288" totalBytesRequested="24" timestamp="2019-07-02T23:04:54.349" intervalms="11.521" />
<cycle-start id="4155" type="global" contextid="0" timestamp="2019-07-02T23:04:54.349" intervalms="11.517" />
  <attribute name="GC Util" value="241" />
  <attribute name="CPU Util" value="7841189721394" />
  <attribute name="Time Running"value="4976"/>
  <attribute name="Number of cores"value="4"/>
<gc-start id="4156" type="global" contextid="4155" timestamp="2019-07-02T23:04:54.349">
  <mem-info id="4157" free="0" total="16187392" percent="0">
    <mem type="tenure" free="0" total="16187392" percent="0">
      <mem type="soa" free="0" total="16025600" percent="0" />
      <mem type="loa" free="0" total="161792" percent="0" />
    </mem>
  </mem-info>
</gc-start>
<allocation-stats totalBytes="10075168" >
  <allocated-bytes non-tlh="0" tlh="10075168" />
  <largest-consumer threadName="Thread-7" threadId="0000000001134900" bytes="4551824" />
</allocation-stats>
<gc-op id="4158" type="mark" timems="2.061" contextid="4155" timestamp="2019-07-02T23:04:54.351">
  <trace-info objectcount="73059" scancount="65489" scanbytes="2444756" />
  <finalization candidates="124" enqueued="0" />
  <ownableSynchronizers candidates="3" cleared="0" />
  <references type="soft" candidates="84" cleared="0" enqueued="0" dynamicThreshold="19" maxThreshold="32" />
  <references type="weak" candidates="774" cleared="0" enqueued="0" />
  <references type="phantom" candidates="63" cleared="0" enqueued="0" />
  <stringconstants candidates="4574" cleared="0"  />
</gc-op>
<gc-op id="4159" type="sweep" timems="0.802" contextid="4155" timestamp="2019-07-02T23:04:54.352" />
<mem-info id="4160" free="10041552" total="16187392" percent="62">
  <mem type="tenure" free="10041552" total="16187392" percent="62" micro-fragmented="55808" macro-fragmented="28963">
    <mem type="soa" free="10041552" total="16025600" percent="62" />
    <mem type="loa" free="0" total="161792" percent="0" />
  </mem>
</mem-info>
<gc-op id="4161" type="compact" timems="5.916" contextid="4155" timestamp="2019-07-02T23:04:54.359">
  <compact-info movecount="21492" movebytes="791832" reason="compact to aid heap contraction" />
</gc-op>
<heap-resize id="4162" type="contract" space="tenure" amount="131072" count="1" timems="0.085" reason="excess free space following gc" timestamp="2019-07-02T23:04:54.359" />
<gc-end id="4163" type="global" contextid="4155" durationms="9.625" usertimems="20.000" systemtimems="4.000" timestamp="2019-07-02T23:04:54.359" activeThreads="4">
  <mem-info id="4164" free="10045936" total="16056320" percent="62">
    <mem type="tenure" free="10045936" total="16056320" percent="62">
      <mem type="soa" free="9916912" total="15896576" percent="62" />
      <mem type="loa" free="129024" total="159744" percent="80" />
    </mem>
  </mem-info>
</gc-end>
<cycle-end id="4165" type="global" contextid="4155" timestamp="2019-07-02T23:04:54.359">
  <attribute name="GC Util" value="142" />
  <attribute name="CPU Util" value="17386579744511" />
  <attribute name="Time Running"value="4988"/>
  <attribute name="Number of cores"value="4"/>
</cycle-end>
<allocation-satisfied id="4166" threadId="0000000001134900" bytesRequested="24" />
<af-end id="4167" timestamp="2019-07-02T23:04:54.359" threadId="0000000001135288" success="true" />
<exclusive-end id="4168" timestamp="2019-07-02T23:04:54.359" durationms="10.411" />

<exclusive-start id="4169" timestamp="2019-07-02T23:04:54.365" intervalms="16.255">
  <response-info timems="0.035" idlems="0.035" threads="0" lastid="000000000112D100" lastname="Thread-8" />
</exclusive-start>
<af-start id="4170" threadId="000000000112DA88" totalBytesRequested="40" timestamp="2019-07-02T23:04:54.365" intervalms="16.248" />
<cycle-start id="4171" type="global" contextid="0" timestamp="2019-07-02T23:04:54.365" intervalms="16.237" />
  <attribute name="GC Util" value="142" />
  <attribute name="CPU Util" value="17386579744511" />
  <attribute name="Time Running"value="4988"/>
  <attribute name="Number of cores"value="4"/>
<gc-start id="4172" type="global" contextid="4171" timestamp="2019-07-02T23:04:54.366">
  <mem-info id="4173" free="129024" total="16056320" percent="0">
    <mem type="tenure" free="129024" total="16056320" percent="0">
      <mem type="soa" free="0" total="15896576" percent="0" />
      <mem type="loa" free="129024" total="159744" percent="80" />
    </mem>
  </mem-info>
</gc-start>
<allocation-stats totalBytes="9981616" >
  <allocated-bytes non-tlh="0" tlh="9981616" />
  <largest-consumer threadName="Thread-7" threadId="0000000001134900" bytes="3768032" />
</allocation-stats>
<gc-op id="4174" type="mark" timems="2.373" contextid="4171" timestamp="2019-07-02T23:04:54.368">
  <trace-info objectcount="69800" scancount="62231" scanbytes="2366444" />
  <finalization candidates="124" enqueued="0" />
  <ownableSynchronizers candidates="3" cleared="0" />
  <references type="soft" candidates="84" cleared="0" enqueued="0" dynamicThreshold="20" maxThreshold="32" />
  <references type="weak" candidates="774" cleared="0" enqueued="0" />
  <references type="phantom" candidates="63" cleared="0" enqueued="0" />
  <stringconstants candidates="4574" cleared="0"  />
</gc-op>
<gc-op id="4175" type="sweep" timems="0.750" contextid="4171" timestamp="2019-07-02T23:04:54.369" />
<heap-resize id="4176" type="contract" space="tenure" amount="131072" count="1" timems="0.053" reason="excess free space following gc" timestamp="2019-07-02T23:04:54.369" />
<gc-end id="4177" type="global" contextid="4171" durationms="3.582" usertimems="8.000" systemtimems="4.000" timestamp="2019-07-02T23:04:54.369" activeThreads="4">
  <mem-info id="4178" free="9924688" total="15925248" percent="62">
    <mem type="tenure" free="9924688" total="15925248" percent="62" micro-fragmented="103415" macro-fragmented="0">
      <mem type="soa" free="9818112" total="15766528" percent="62" />
      <mem type="loa" free="106576" total="158720" percent="67" />
    </mem>
  </mem-info>
</gc-end>
<cycle-end id="4179" type="global" contextid="4171" timestamp="2019-07-02T23:04:54.369">
  <attribute name="GC Util" value="268" />
  <attribute name="CPU Util" value="7659761766107" />
  <attribute name="Time Running"value="5003"/>
  <attribute name="Number of cores"value="4"/>
</cycle-end>
<allocation-satisfied id="4180" threadId="000000000112D100" bytesRequested="40" />
<af-end id="4181" timestamp="2019-07-02T23:04:54.369" threadId="000000000112DA88" success="true" />
<exclusive-end id="4182" timestamp="2019-07-02T23:04:54.369" durationms="4.170" />

<exclusive-start id="4183" timestamp="2019-07-02T23:04:54.375" intervalms="10.000">
  <response-info timems="0.048" idlems="0.048" threads="0" lastid="000000000112D100" lastname="Thread-8" />
</exclusive-start>
<af-start id="4184" threadId="000000000112DA88" totalBytesRequested="40" timestamp="2019-07-02T23:04:54.375" intervalms="9.997" />
<cycle-start id="4185" type="global" contextid="0" timestamp="2019-07-02T23:04:54.375" intervalms="9.998" />
  <attribute name="GC Util" value="268" />
  <attribute name="CPU Util" value="7659761766107" />
  <attribute name="Time Running"value="5003"/>
  <attribute name="Number of cores"value="4"/>
<gc-start id="4186" type="global" contextid="4185" timestamp="2019-07-02T23:04:54.376">
  <mem-info id="4187" free="106576" total="15925248" percent="0">
    <mem type="tenure" free="106576" total="15925248" percent="0">
      <mem type="soa" free="0" total="15766528" percent="0" />
      <mem type="loa" free="106576" total="158720" percent="67" />
    </mem>
  </mem-info>
</gc-start>
<allocation-stats totalBytes="9813376" >
  <allocated-bytes non-tlh="0" tlh="9813376" />
  <largest-consumer threadName="Thread-7" threadId="0000000001134900" bytes="3597040" />
</allocation-stats>
<gc-op id="4188" type="mark" timems="2.166" contextid="4185" timestamp="2019-07-02T23:04:54.378">
  <trace-info objectcount="67701" scancount="60111" scanbytes="2316212" />
  <finalization candidates="124" enqueued="0" />
  <ownableSynchronizers candidates="3" cleared="0" />
  <references type="soft" candidates="84" cleared="0" enqueued="0" dynamicThreshold="19" maxThreshold="32" />
  <references type="weak" candidates="774" cleared="0" enqueued="0" />
  <references type="phantom" candidates="63" cleared="0" enqueued="0" />
  <stringconstants candidates="4574" cleared="0"  />
</gc-op>
<gc-op id="4189" type="sweep" timems="0.746" contextid="4185" timestamp="2019-07-02T23:04:54.379" />
<heap-resize id="4190" type="contract" space="tenure" amount="131072" count="1" timems="0.093" reason="excess free space following gc" timestamp="2019-07-02T23:04:54.379" />
<gc-end id="4191" type="global" contextid="4185" durationms="3.425" usertimems="0.000" systemtimems="8.000" timestamp="2019-07-02T23:04:54.379" activeThreads="4">
  <mem-info id="4192" free="9670192" total="15794176" percent="61">
    <mem type="tenure" free="9670192" total="15794176" percent="61" micro-fragmented="179709" macro-fragmented="48945">
      <mem type="soa" free="9580056" total="15636480" percent="61" />
      <mem type="loa" free="90136" total="157696" percent="57" />
    </mem>
  </mem-info>
</gc-end>
<cycle-end id="4193" type="global" contextid="4185" timestamp="2019-07-02T23:04:54.379">
  <attribute name="GC Util" value="251" />
  <attribute name="CPU Util" value="8184867714347" />
  <attribute name="Time Running"value="5013"/>
  <attribute name="Number of cores"value="4"/>
</cycle-end>
<allocation-satisfied id="4194" threadId="000000000112D100" bytesRequested="40" />
<af-end id="4195" timestamp="2019-07-02T23:04:54.379" threadId="000000000112DA88" success="true" />
<exclusive-end id="4196" timestamp="2019-07-02T23:04:54.379" durationms="4.071" />

<exclusive-start id="4197" timestamp="2019-07-02T23:04:54.386" intervalms="10.650">
  <response-info timems="0.041" idlems="0.040" threads="1" lastid="0000000001130D00" lastname="Thread-9" />
</exclusive-start>
<af-start id="4198" threadId="0000000001135288" totalBytesRequested="40" timestamp="2019-07-02T23:04:54.386" intervalms="10.672" />
<cycle-start id="4199" type="global" contextid="0" timestamp="2019-07-02T23:04:54.386" intervalms="10.674" />
  <attribute name="GC Util" value="251" />
  <attribute name="CPU Util" value="8184867714347" />
  <attribute name="Time Running"value="5013"/>
  <attribute name="Number of cores"value="4"/>
<gc-start id="4200" type="global" contextid="4199" timestamp="2019-07-02T23:04:54.386">
  <mem-info id="4201" free="90136" total="15794176" percent="0">
    <mem type="tenure" free="90136" total="15794176" percent="0">
      <mem type="soa" free="0" total="15636480" percent="0" />
      <mem type="loa" free="90136" total="157696" percent="57" />
    </mem>
  </mem-info>
</gc-start>
<allocation-stats totalBytes="9635832" >
  <allocated-bytes non-tlh="0" tlh="9635832" />
  <largest-consumer threadName="Thread-7" threadId="0000000001134900" bytes="3817184" />
</allocation-stats>
<gc-op id="4202" type="mark" timems="2.412" contextid="4199" timestamp="2019-07-02T23:04:54.389">
  <trace-info objectcount="70955" scancount="63376" scanbytes="2394476" />
  <finalization candidates="124" enqueued="0" />
  <ownableSynchronizers candidates="3" cleared="0" />
  <references type="soft" candidates="84" cleared="0" enqueued="0" dynamicThreshold="19" maxThreshold="32" />
  <references type="weak" candidates="774" cleared="0" enqueued="0" />
  <references type="phantom" candidates="63" cleared="0" enqueued="0" />
  <stringconstants candidates="4574" cleared="0"  />
</gc-op>
<gc-op id="4203" type="sweep" timems="0.843" contextid="4199" timestamp="2019-07-02T23:04:54.390" />
<gc-end id="4204" type="global" contextid="4199" durationms="3.588" usertimems="12.000" systemtimems="0.000" timestamp="2019-07-02T23:04:54.390" activeThreads="4">
  <mem-info id="4205" free="9602256" total="15794176" percent="60">
    <mem type="tenure" free="9602256" total="15794176" percent="60" micro-fragmented="188018" macro-fragmented="14633">
      <mem type="soa" free="9506904" total="15636480" percent="60" />
      <mem type="loa" free="95352" total="157696" percent="60" />
    </mem>
  </mem-info>
</gc-end>
<cycle-end id="4206" type="global" contextid="4199" timestamp="2019-07-02T23:04:54.390">
  <attribute name="GC Util" value="257" />
  <attribute name="CPU Util" value="7490832294217" />
  <attribute name="Time Running"value="5024"/>
  <attribute name="Number of cores"value="4"/>
</cycle-end>
<allocation-satisfied id="4207" threadId="0000000001134900" bytesRequested="40" />
<af-end id="4208" timestamp="2019-07-02T23:04:54.390" threadId="0000000001135288" success="true" />
<exclusive-end id="4209" timestamp="2019-07-02T23:04:54.390" durationms="4.485" />

<exclusive-start id="4210" timestamp="2019-07-02T23:04:54.396" intervalms="10.478">
  <response-info timems="0.025" idlems="0.025" threads="0" lastid="0000000001134900" lastname="Thread-7" />
</exclusive-start>
<af-start id="4211" threadId="0000000001135288" totalBytesRequested="24" timestamp="2019-07-02T23:04:54.396" intervalms="10.431" />
<cycle-start id="4212" type="global" contextid="0" timestamp="2019-07-02T23:04:54.397" intervalms="10.394" />
  <attribute name="GC Util" value="257" />
  <attribute name="CPU Util" value="7490832294217" />
  <attribute name="Time Running"value="5024"/>
  <attribute name="Number of cores"value="4"/>
<gc-start id="4213" type="global" contextid="4212" timestamp="2019-07-02T23:04:54.397">
  <mem-info id="4214" free="95352" total="15794176" percent="0">
    <mem type="tenure" free="95352" total="15794176" percent="0">
      <mem type="soa" free="0" total="15636480" percent="0" />
      <mem type="loa" free="95352" total="157696" percent="60" />
    </mem>
  </mem-info>
</gc-start>
<allocation-stats totalBytes="9501016" >
  <allocated-bytes non-tlh="19056" tlh="9481960" />
  <largest-consumer threadName="Thread-8" threadId="000000000112D100" bytes="3488136" />
</allocation-stats>
<gc-op id="4215" type="mark" timems="2.258" contextid="4212" timestamp="2019-07-02T23:04:54.399">
  <trace-info objectcount="69441" scancount="61870" scanbytes="2358092" />
  <finalization candidates="124" enqueued="0" />
  <ownableSynchronizers candidates="3" cleared="0" />
  <references type="soft" candidates="84" cleared="0" enqueued="0" dynamicThreshold="19" maxThreshold="32" />
  <references type="weak" candidates="774" cleared="0" enqueued="0" />
  <references type="phantom" candidates="63" cleared="0" enqueued="0" />
  <stringconstants candidates="4574" cleared="0"  />
</gc-op>
<gc-op id="4216" type="sweep" timems="0.831" contextid="4212" timestamp="2019-07-02T23:04:54.400" />
<gc-end id="4217" type="global" contextid="4212" durationms="3.437" usertimems="8.000" systemtimems="0.000" timestamp="2019-07-02T23:04:54.400" activeThreads="4">
  <mem-info id="4218" free="9624136" total="15794176" percent="60">
    <mem type="tenure" free="9624136" total="15794176" percent="60" micro-fragmented="188928" macro-fragmented="32527">
      <mem type="soa" free="9528784" total="15636480" percent="60" />
      <mem type="loa" free="95352" total="157696" percent="60" />
    </mem>
  </mem-info>
</gc-end>
<cycle-end id="4219" type="global" contextid="4212" timestamp="2019-07-02T23:04:54.400">
  <attribute name="GC Util" value="251" />
  <attribute name="CPU Util" value="7854237024359" />
  <attribute name="Time Running"value="5034"/>
  <attribute name="Number of cores"value="4"/>
</cycle-end>
<allocation-satisfied id="4220" threadId="0000000001134900" bytesRequested="24" />
<af-end id="4221" timestamp="2019-07-02T23:04:54.400" threadId="0000000001135288" success="true" />
<exclusive-end id="4222" timestamp="2019-07-02T23:04:54.401" durationms="4.162" />

<exclusive-start id="4223" timestamp="2019-07-02T23:04:54.407" intervalms="10.883">
  <response-info timems="0.027" idlems="0.027" threads="0" lastid="0000000001134900" lastname="Thread-7" />
</exclusive-start>
<af-start id="4224" threadId="0000000001135288" totalBytesRequested="48" timestamp="2019-07-02T23:04:54.407" intervalms="10.917" />
<cycle-start id="4225" type="global" contextid="0" timestamp="2019-07-02T23:04:54.408" intervalms="10.953" />
  <attribute name="GC Util" value="251" />
  <attribute name="CPU Util" value="7854237024359" />
  <attribute name="Time Running"value="5034"/>
  <attribute name="Number of cores"value="4"/>
<gc-start id="4226" type="global" contextid="4225" timestamp="2019-07-02T23:04:54.408">
  <mem-info id="4227" free="95352" total="15794176" percent="0">
    <mem type="tenure" free="95352" total="15794176" percent="0">
      <mem type="soa" free="0" total="15636480" percent="0" />
      <mem type="loa" free="95352" total="157696" percent="60" />
    </mem>
  </mem-info>
</gc-start>
<allocation-stats totalBytes="9525600" >
  <allocated-bytes non-tlh="19056" tlh="9506544" />
  <largest-consumer threadName="Thread-7" threadId="0000000001134900" bytes="3710680" />
</allocation-stats>
<gc-op id="4228" type="mark" timems="2.073" contextid="4225" timestamp="2019-07-02T23:04:54.410">
  <trace-info objectcount="68087" scancount="60518" scanbytes="2325180" />
  <finalization candidates="124" enqueued="0" />
  <ownableSynchronizers candidates="3" cleared="0" />
  <references type="soft" candidates="84" cleared="0" enqueued="0" dynamicThreshold="19" maxThreshold="32" />
  <references type="weak" candidates="774" cleared="0" enqueued="0" />
  <references type="phantom" candidates="63" cleared="0" enqueued="0" />
  <stringconstants candidates="4574" cleared="0"  />
</gc-op>
<gc-op id="4229" type="sweep" timems="0.767" contextid="4225" timestamp="2019-07-02T23:04:54.411" />
<heap-resize id="4230" type="contract" space="tenure" amount="131072" count="1" timems="0.104" reason="excess free space following gc" timestamp="2019-07-02T23:04:54.411" />
<gc-end id="4231" type="global" contextid="4225" durationms="3.455" usertimems="8.000" systemtimems="0.000" timestamp="2019-07-02T23:04:54.411" activeThreads="4">
  <mem-info id="4232" free="9563696" total="15663104" percent="61">
    <mem type="tenure" free="9563696" total="15663104" percent="61" micro-fragmented="179719" macro-fragmented="84943">
      <mem type="soa" free="9563696" total="15507456" percent="61" />
      <mem type="loa" free="0" total="155648" percent="0" />
    </mem>
  </mem-info>
</gc-end>
<cycle-end id="4233" type="global" contextid="4225" timestamp="2019-07-02T23:04:54.411">
  <attribute name="GC Util" value="248" />
  <attribute name="CPU Util" value="8516989812522" />
  <attribute name="Time Running"value="5045"/>
  <attribute name="Number of cores"value="4"/>
</cycle-end>
<allocation-satisfied id="4234" threadId="0000000001134900" bytesRequested="48" />
<af-end id="4235" timestamp="2019-07-02T23:04:54.411" threadId="0000000001135288" success="true" />
<exclusive-end id="4236" timestamp="2019-07-02T23:04:54.411" durationms="4.149" />

<exclusive-start id="4237" timestamp="2019-07-02T23:04:54.418" intervalms="10.562">
  <response-info timems="0.027" idlems="0.025" threads="1" lastid="0000000001134900" lastname="Thread-7" />
</exclusive-start>
<af-start id="4238" threadId="000000000112DA88" totalBytesRequested="40" timestamp="2019-07-02T23:04:54.418" intervalms="10.545" />
<cycle-start id="4239" type="global" contextid="0" timestamp="2019-07-02T23:04:54.418" intervalms="10.541" />
  <attribute name="GC Util" value="248" />
  <attribute name="CPU Util" value="8516989812522" />
  <attribute name="Time Running"value="5045"/>
  <attribute name="Number of cores"value="4"/>
<gc-start id="4240" type="global" contextid="4239" timestamp="2019-07-02T23:04:54.418">
  <mem-info id="4241" free="0" total="15663104" percent="0">
    <mem type="tenure" free="0" total="15663104" percent="0">
      <mem type="soa" free="0" total="15507456" percent="0" />
      <mem type="loa" free="0" total="155648" percent="0" />
    </mem>
  </mem-info>
</gc-start>
<allocation-stats totalBytes="9568568" >
  <allocated-bytes non-tlh="19056" tlh="9549512" />
  <largest-consumer threadName="Thread-8" threadId="000000000112D100" bytes="3636368" />
</allocation-stats>
<gc-op id="4242" type="mark" timems="2.134" contextid="4239" timestamp="2019-07-02T23:04:54.420">
  <trace-info objectcount="66921" scancount="59346" scanbytes="2297844" />
  <finalization candidates="124" enqueued="0" />
  <ownableSynchronizers candidates="3" cleared="0" />
  <references type="soft" candidates="84" cleared="0" enqueued="0" dynamicThreshold="19" maxThreshold="32" />
  <references type="weak" candidates="774" cleared="0" enqueued="0" />
  <references type="phantom" candidates="63" cleared="0" enqueued="0" />
  <stringconstants candidates="4574" cleared="0"  />
</gc-op>
<gc-op id="4243" type="sweep" timems="0.818" contextid="4239" timestamp="2019-07-02T23:04:54.421" />
<gc-end id="4244" type="global" contextid="4239" durationms="3.241" usertimems="8.000" systemtimems="4.000" timestamp="2019-07-02T23:04:54.421" activeThreads="4">
  <mem-info id="4245" free="9588272" total="15663104" percent="61">
    <mem type="tenure" free="9588272" total="15663104" percent="61" micro-fragmented="206460" macro-fragmented="43417">
      <mem type="soa" free="9588272" total="15507456" percent="61" />
      <mem type="loa" free="0" total="155648" percent="0" />
    </mem>
  </mem-info>
</gc-end>
<cycle-end id="4246" type="global" contextid="4239" timestamp="2019-07-02T23:04:54.421">
  <attribute name="GC Util" value="257" />
  <attribute name="CPU Util" value="8420429250842" />
  <attribute name="Time Running"value="5056"/>
  <attribute name="Number of cores"value="4"/>
</cycle-end>
<allocation-satisfied id="4247" threadId="000000000112D100" bytesRequested="40" />
<af-end id="4248" timestamp="2019-07-02T23:04:54.422" threadId="000000000112DA88" success="true" />
<exclusive-end id="4249" timestamp="2019-07-02T23:04:54.422" durationms="3.856" />

<exclusive-start id="4250" timestamp="2019-07-02T23:04:54.429" intervalms="11.230">
  <response-info timems="0.140" idlems="0.138" threads="2" lastid="0000000001134900" lastname="Thread-7" />
</exclusive-start>
<af-start id="4251" threadId="000000000112DA88" totalBytesRequested="24" timestamp="2019-07-02T23:04:54.429" intervalms="11.225" />
<cycle-start id="4252" type="global" contextid="0" timestamp="2019-07-02T23:04:54.429" intervalms="11.224" />
  <attribute name="GC Util" value="257" />
  <attribute name="CPU Util" value="8420429250842" />
  <attribute name="Time Running"value="5056"/>
  <attribute name="Number of cores"value="4"/>
<gc-start id="4253" type="global" contextid="4252" timestamp="2019-07-02T23:04:54.429">
  <mem-info id="4254" free="0" total="15663104" percent="0">
    <mem type="tenure" free="0" total="15663104" percent="0">
      <mem type="soa" free="0" total="15507456" percent="0" />
      <mem type="loa" free="0" total="155648" percent="0" />
    </mem>
  </mem-info>
</gc-start>
<allocation-stats totalBytes="9587112" >
  <allocated-bytes non-tlh="0" tlh="9587112" />
  <largest-consumer threadName="Thread-7" threadId="0000000001134900" bytes="2935872" />
</allocation-stats>
<gc-op id="4255" type="mark" timems="2.374" contextid="4252" timestamp="2019-07-02T23:04:54.432">
  <trace-info objectcount="68859" scancount="61282" scanbytes="2344028" />
  <finalization candidates="124" enqueued="0" />
  <ownableSynchronizers candidates="3" cleared="0" />
  <references type="soft" candidates="84" cleared="0" enqueued="0" dynamicThreshold="19" maxThreshold="32" />
  <references type="weak" candidates="774" cleared="0" enqueued="0" />
  <references type="phantom" candidates="63" cleared="0" enqueued="0" />
  <stringconstants candidates="4574" cleared="0"  />
</gc-op>
<gc-op id="4256" type="sweep" timems="0.777" contextid="4252" timestamp="2019-07-02T23:04:54.433" />
<gc-end id="4257" type="global" contextid="4252" durationms="3.554" usertimems="8.000" systemtimems="0.000" timestamp="2019-07-02T23:04:54.433" activeThreads="4">
  <mem-info id="4258" free="9513320" total="15663104" percent="60">
    <mem type="tenure" free="9513320" total="15663104" percent="60" micro-fragmented="227499" macro-fragmented="17552">
      <mem type="soa" free="9513320" total="15507456" percent="61" />
      <mem type="loa" free="0" total="155648" percent="0" />
    </mem>
  </mem-info>
</gc-end>
<cycle-end id="4259" type="global" contextid="4252" timestamp="2019-07-02T23:04:54.433">
  <attribute name="GC Util" value="250" />
  <attribute name="CPU Util" value="7495702446740" />
  <attribute name="Time Running"value="5067"/>
  <attribute name="Number of cores"value="4"/>
</cycle-end>
<allocation-satisfied id="4260" threadId="000000000112D100" bytesRequested="24" />
<af-end id="4261" timestamp="2019-07-02T23:04:54.433" threadId="000000000112DA88" success="true" />
<exclusive-end id="4262" timestamp="2019-07-02T23:04:54.433" durationms="4.198" />

<exclusive-start id="4263" timestamp="2019-07-02T23:04:54.440" intervalms="10.836">
  <response-info timems="0.218" idlems="0.216" threads="1" lastid="0000000001134900" lastname="Thread-7" />
</exclusive-start>
<af-start id="4264" threadId="0000000001129E88" totalBytesRequested="40" timestamp="2019-07-02T23:04:54.440" intervalms="10.842" />
<cycle-start id="4265" type="global" contextid="0" timestamp="2019-07-02T23:04:54.440" intervalms="10.858" />
  <attribute name="GC Util" value="250" />
  <attribute name="CPU Util" value="7495702446740" />
  <attribute name="Time Running"value="5067"/>
  <attribute name="Number of cores"value="4"/>
<gc-start id="4266" type="global" contextid="4265" timestamp="2019-07-02T23:04:54.440">
  <mem-info id="4267" free="0" total="15663104" percent="0">
    <mem type="tenure" free="0" total="15663104" percent="0">
      <mem type="soa" free="0" total="15507456" percent="0" />
      <mem type="loa" free="0" total="155648" percent="0" />
    </mem>
  </mem-info>
</gc-start>
<allocation-stats totalBytes="9512824" >
  <allocated-bytes non-tlh="0" tlh="9512824" />
  <largest-consumer threadName="Thread-7" threadId="0000000001134900" bytes="2614704" />
</allocation-stats>
<gc-op id="4268" type="mark" timems="1.336" contextid="4265" timestamp="2019-07-02T23:04:54.442">
  <trace-info objectcount="70786" scancount="63220" scanbytes="2390652" />
  <finalization candidates="124" enqueued="0" />
  <ownableSynchronizers candidates="3" cleared="0" />
  <references type="soft" candidates="84" cleared="0" enqueued="0" dynamicThreshold="19" maxThreshold="32" />
  <references type="weak" candidates="774" cleared="0" enqueued="0" />
  <references type="phantom" candidates="63" cleared="0" enqueued="0" />
  <stringconstants candidates="4574" cleared="0"  />
</gc-op>
<gc-op id="4269" type="sweep" timems="0.364" contextid="4265" timestamp="2019-07-02T23:04:54.442" />
<gc-end id="4270" type="global" contextid="4265" durationms="2.080" usertimems="4.000" systemtimems="0.000" timestamp="2019-07-02T23:04:54.442" activeThreads="4">
  <mem-info id="4271" free="9409496" total="15663104" percent="60">
    <mem type="tenure" free="9409496" total="15663104" percent="60" micro-fragmented="234881" macro-fragmented="20186">
      <mem type="soa" free="9409496" total="15507456" percent="60" />
      <mem type="loa" free="0" total="155648" percent="0" />
    </mem>
  </mem-info>
</gc-end>
<cycle-end id="4272" type="global" contextid="4265" timestamp="2019-07-02T23:04:54.442">
  <attribute name="GC Util" value="202" />
  <attribute name="CPU Util" value="13243560716527" />
  <attribute name="Time Running"value="5077"/>
  <attribute name="Number of cores"value="4"/>
</cycle-end>
<allocation-satisfied id="4273" threadId="0000000001129500" bytesRequested="40" />
<af-end id="4274" timestamp="2019-07-02T23:04:54.443" threadId="0000000001129E88" success="true" />
<exclusive-end id="4275" timestamp="2019-07-02T23:04:54.443" durationms="2.946" />

<exclusive-start id="4276" timestamp="2019-07-02T23:04:54.450" intervalms="10.341">
  <response-info timems="0.194" idlems="0.194" threads="0" lastid="0000000001129500" lastname="Thread-10" />
</exclusive-start>
<af-start id="4277" threadId="0000000001129E88" totalBytesRequested="40" timestamp="2019-07-02T23:04:54.450" intervalms="10.333" />
<cycle-start id="4278" type="global" contextid="0" timestamp="2019-07-02T23:04:54.450" intervalms="10.322" />
  <attribute name="GC Util" value="202" />
  <attribute name="CPU Util" value="13243560716527" />
  <attribute name="Time Running"value="5077"/>
  <attribute name="Number of cores"value="4"/>
<gc-start id="4279" type="global" contextid="4278" timestamp="2019-07-02T23:04:54.451">
  <mem-info id="4280" free="0" total="15663104" percent="0">
    <mem type="tenure" free="0" total="15663104" percent="0">
      <mem type="soa" free="0" total="15507456" percent="0" />
      <mem type="loa" free="0" total="155648" percent="0" />
    </mem>
  </mem-info>
</gc-start>
<allocation-stats totalBytes="9407632" >
  <allocated-bytes non-tlh="0" tlh="9407632" />
  <largest-consumer threadName="Thread-7" threadId="0000000001134900" bytes="2764496" />
</allocation-stats>
<gc-op id="4281" type="mark" timems="1.338" contextid="4278" timestamp="2019-07-02T23:04:54.452">
  <trace-info objectcount="72848" scancount="65278" scanbytes="2440004" />
  <finalization candidates="124" enqueued="0" />
  <ownableSynchronizers candidates="3" cleared="0" />
  <references type="soft" candidates="84" cleared="0" enqueued="0" dynamicThreshold="19" maxThreshold="32" />
  <references type="weak" candidates="774" cleared="0" enqueued="0" />
  <references type="phantom" candidates="63" cleared="0" enqueued="0" />
  <stringconstants candidates="4574" cleared="0"  />
</gc-op>
<gc-op id="4282" type="sweep" timems="0.376" contextid="4278" timestamp="2019-07-02T23:04:54.453" />
<heap-resize id="4283" type="expand" space="tenure" amount="1048576" count="1" timems="0.052" reason="excessive time being spent in gc" timestamp="2019-07-02T23:04:54.453" />
<gc-end id="4284" type="global" contextid="4278" durationms="2.236" usertimems="4.000" systemtimems="0.000" timestamp="2019-07-02T23:04:54.453" activeThreads="4">
  <mem-info id="4285" free="10355712" total="16711680" percent="61">
    <mem type="tenure" free="10355712" total="16711680" percent="61" micro-fragmented="214528" macro-fragmented="18845">
      <mem type="soa" free="10188800" total="16544768" percent="61" />
      <mem type="loa" free="166912" total="166912" percent="100" />
    </mem>
  </mem-info>
</gc-end>
<cycle-end id="4286" type="global" contextid="4278" timestamp="2019-07-02T23:04:54.453">
  <attribute name="GC Util" value="198" />
  <attribute name="CPU Util" value="12948245482850" />
  <attribute name="Time Running"value="5087"/>
  <attribute name="Number of cores"value="4"/>
</cycle-end>
<allocation-satisfied id="4287" threadId="0000000001129500" bytesRequested="40" />
<af-end id="4288" timestamp="2019-07-02T23:04:54.453" threadId="0000000001129E88" success="true" />
<exclusive-end id="4289" timestamp="2019-07-02T23:04:54.453" durationms="2.759" />

<exclusive-start id="4290" timestamp="2019-07-02T23:04:54.461" intervalms="10.344">
  <response-info timems="0.268" idlems="0.268" threads="0" lastid="000000000112D100" lastname="Thread-8" />
</exclusive-start>
<af-start id="4291" threadId="000000000112DA88" totalBytesRequested="40" timestamp="2019-07-02T23:04:54.461" intervalms="10.387" />
<cycle-start id="4292" type="global" contextid="0" timestamp="2019-07-02T23:04:54.461" intervalms="10.427" />
  <attribute name="GC Util" value="198" />
  <attribute name="CPU Util" value="12948245482850" />
  <attribute name="Time Running"value="5087"/>
  <attribute name="Number of cores"value="4"/>
<gc-start id="4293" type="global" contextid="4292" timestamp="2019-07-02T23:04:54.461">
  <mem-info id="4294" free="166912" total="16711680" percent="0">
    <mem type="tenure" free="166912" total="16711680" percent="0">
      <mem type="soa" free="0" total="16544768" percent="0" />
      <mem type="loa" free="166912" total="166912" percent="100" />
    </mem>
  </mem-info>
</gc-start>
<allocation-stats totalBytes="10182224" >
  <allocated-bytes non-tlh="61272" tlh="10120952" />
  <largest-consumer threadName="Thread-7" threadId="0000000001134900" bytes="2847776" />
</allocation-stats>
<gc-op id="4295" type="mark" timems="1.918" contextid="4292" timestamp="2019-07-02T23:04:54.463">
  <trace-info objectcount="59663" scancount="52091" scanbytes="2123428" />
  <finalization candidates="124" enqueued="0" />
  <ownableSynchronizers candidates="3" cleared="0" />
  <references type="soft" candidates="84" cleared="0" enqueued="0" dynamicThreshold="19" maxThreshold="32" />
  <references type="weak" candidates="774" cleared="0" enqueued="0" />
  <references type="phantom" candidates="63" cleared="0" enqueued="0" />
  <stringconstants candidates="4574" cleared="0"  />
</gc-op>
<gc-op id="4296" type="sweep" timems="0.752" contextid="4292" timestamp="2019-07-02T23:04:54.464" />
<gc-end id="4297" type="global" contextid="4292" durationms="3.011" usertimems="8.000" systemtimems="0.000" timestamp="2019-07-02T23:04:54.464" activeThreads="4">
  <mem-info id="4298" free="11071312" total="16711680" percent="66">
    <mem type="tenure" free="11071312" total="16711680" percent="66" micro-fragmented="24990" macro-fragmented="49817">
      <mem type="soa" free="10904400" total="16544768" percent="65" />
      <mem type="loa" free="166912" total="166912" percent="100" />
    </mem>
  </mem-info>
</gc-end>
<cycle-end id="4299" type="global" contextid="4292" timestamp="2019-07-02T23:04:54.464">
  <attribute name="GC Util" value="252" />
  <attribute name="CPU Util" value="9361320327829" />
  <attribute name="Time Running"value="5098"/>
  <attribute name="Number of cores"value="4"/>
</cycle-end>
<allocation-satisfied id="4300" threadId="000000000112D100" bytesRequested="40" />
<af-end id="4301" timestamp="2019-07-02T23:04:54.464" threadId="000000000112DA88" success="true" />
<exclusive-end id="4302" timestamp="2019-07-02T23:04:54.464" durationms="3.778" />

<exclusive-start id="4303" timestamp="2019-07-02T23:04:54.473" intervalms="12.194">
  <response-info timems="0.236" idlems="0.236" threads="0" lastid="0000000001130D00" lastname="Thread-9" />
</exclusive-start>
<af-start id="4304" threadId="0000000001131688" totalBytesRequested="24" timestamp="2019-07-02T23:04:54.473" intervalms="12.153" />
<cycle-start id="4305" type="global" contextid="0" timestamp="2019-07-02T23:04:54.473" intervalms="12.100" />
  <attribute name="GC Util" value="252" />
  <attribute name="CPU Util" value="9361320327829" />
  <attribute name="Time Running"value="5098"/>
  <attribute name="Number of cores"value="4"/>
<gc-start id="4306" type="global" contextid="4305" timestamp="2019-07-02T23:04:54.473">
  <mem-info id="4307" free="166912" total="16711680" percent="0">
    <mem type="tenure" free="166912" total="16711680" percent="0">
      <mem type="soa" free="0" total="16544768" percent="0" />
      <mem type="loa" free="166912" total="166912" percent="100" />
    </mem>
  </mem-info>
</gc-start>
<allocation-stats totalBytes="10904752" >
  <allocated-bytes non-tlh="0" tlh="10904752" />
  <largest-consumer threadName="Thread-10" threadId="0000000001129500" bytes="2938840" />
</allocation-stats>
<gc-op id="4308" type="mark" timems="2.473" contextid="4305" timestamp="2019-07-02T23:04:54.476">
  <trace-info objectcount="60257" scancount="52685" scanbytes="2137788" />
  <finalization candidates="124" enqueued="0" />
  <ownableSynchronizers candidates="3" cleared="0" />
  <references type="soft" candidates="84" cleared="0" enqueued="0" dynamicThreshold="21" maxThreshold="32" />
  <references type="weak" candidates="774" cleared="0" enqueued="0" />
  <references type="phantom" candidates="63" cleared="0" enqueued="0" />
  <stringconstants candidates="4574" cleared="0"  />
</gc-op>
<gc-op id="4309" type="sweep" timems="0.759" contextid="4305" timestamp="2019-07-02T23:04:54.476" />
<gc-end id="4310" type="global" contextid="4305" durationms="3.499" usertimems="4.000" systemtimems="4.000" timestamp="2019-07-02T23:04:54.477" activeThreads="4">
  <mem-info id="4311" free="11044176" total="16711680" percent="66">
    <mem type="tenure" free="11044176" total="16711680" percent="66" micro-fragmented="28344" macro-fragmented="60665">
      <mem type="soa" free="10877264" total="16544768" percent="65" />
      <mem type="loa" free="166912" total="166912" percent="100" />
    </mem>
  </mem-info>
</gc-end>
<cycle-end id="4312" type="global" contextid="4305" timestamp="2019-07-02T23:04:54.477">
  <attribute name="GC Util" value="253" />
  <attribute name="CPU Util" value="7297381348994" />
  <attribute name="Time Running"value="5111"/>
  <attribute name="Number of cores"value="4"/>
</cycle-end>
<allocation-satisfied id="4313" threadId="0000000001130D00" bytesRequested="24" />
<af-end id="4314" timestamp="2019-07-02T23:04:54.477" threadId="0000000001131688" success="true" />
<exclusive-end id="4315" timestamp="2019-07-02T23:04:54.477" durationms="4.182" />

<exclusive-start id="4316" timestamp="2019-07-02T23:04:54.487" intervalms="14.578">
  <response-info timems="0.239" idlems="0.239" threads="0" lastid="000000000112D100" lastname="Thread-8" />
</exclusive-start>
<af-start id="4317" threadId="000000000112DA88" totalBytesRequested="40" timestamp="2019-07-02T23:04:54.487" intervalms="14.584" />
<cycle-start id="4318" type="global" contextid="0" timestamp="2019-07-02T23:04:54.488" intervalms="14.594" />
  <attribute name="GC Util" value="253" />
  <attribute name="CPU Util" value="7297381348994" />
  <attribute name="Time Running"value="5111"/>
  <attribute name="Number of cores"value="4"/>
<gc-start id="4319" type="global" contextid="4318" timestamp="2019-07-02T23:04:54.488">
  <mem-info id="4320" free="166912" total="16711680" percent="0">
    <mem type="tenure" free="166912" total="16711680" percent="0">
      <mem type="soa" free="0" total="16544768" percent="0" />
      <mem type="loa" free="166912" total="166912" percent="100" />
    </mem>
  </mem-info>
</gc-start>
<allocation-stats totalBytes="10876768" >
  <allocated-bytes non-tlh="0" tlh="10876768" />
  <largest-consumer threadName="Thread-7" threadId="0000000001134900" bytes="3519184" />
</allocation-stats>
<gc-op id="4321" type="mark" timems="1.855" contextid="4318" timestamp="2019-07-02T23:04:54.490">
  <trace-info objectcount="60956" scancount="53387" scanbytes="2154604" />
  <finalization candidates="124" enqueued="0" />
  <ownableSynchronizers candidates="3" cleared="0" />
  <references type="soft" candidates="84" cleared="0" enqueued="0" dynamicThreshold="21" maxThreshold="32" />
  <references type="weak" candidates="774" cleared="0" enqueued="0" />
  <references type="phantom" candidates="63" cleared="0" enqueued="0" />
  <stringconstants candidates="4574" cleared="0"  />
</gc-op>
<gc-op id="4322" type="sweep" timems="0.327" contextid="4318" timestamp="2019-07-02T23:04:54.490" />
<heap-resize id="4323" type="contract" space="tenure" amount="131072" count="1" timems="0.037" reason="excess free space following gc" timestamp="2019-07-02T23:04:54.490" />
<gc-end id="4324" type="global" contextid="4318" durationms="2.797" usertimems="4.000" systemtimems="0.000" timestamp="2019-07-02T23:04:54.490" activeThreads="4">
  <mem-info id="4325" free="10788672" total="16580608" percent="65">
    <mem type="tenure" free="10788672" total="16580608" percent="65" micro-fragmented="45224" macro-fragmented="37128">
      <mem type="soa" free="10709416" total="16415744" percent="65" />
      <mem type="loa" free="79256" total="164864" percent="48" />
    </mem>
  </mem-info>
</gc-end>
<cycle-end id="4326" type="global" contextid="4318" timestamp="2019-07-02T23:04:54.491">
  <attribute name="GC Util" value="218" />
  <attribute name="CPU Util" value="9458602629323" />
  <attribute name="Time Running"value="5125"/>
  <attribute name="Number of cores"value="4"/>
</cycle-end>
<allocation-satisfied id="4327" threadId="000000000112D100" bytesRequested="40" />
<af-end id="4328" timestamp="2019-07-02T23:04:54.491" threadId="000000000112DA88" success="true" />
<exclusive-end id="4329" timestamp="2019-07-02T23:04:54.491" durationms="3.603" />

<exclusive-start id="4330" timestamp="2019-07-02T23:04:54.501" intervalms="14.029">
  <response-info timems="0.043" idlems="0.043" threads="0" lastid="000000000112D100" lastname="Thread-8" />
</exclusive-start>
<af-start id="4331" threadId="000000000112DA88" totalBytesRequested="40" timestamp="2019-07-02T23:04:54.501" intervalms="13.999" />
<cycle-start id="4332" type="global" contextid="0" timestamp="2019-07-02T23:04:54.502" intervalms="14.046" />
  <attribute name="GC Util" value="218" />
  <attribute name="CPU Util" value="9458602629323" />
  <attribute name="Time Running"value="5125"/>
  <attribute name="Number of cores"value="4"/>
<gc-start id="4333" type="global" contextid="4332" timestamp="2019-07-02T23:04:54.502">
  <mem-info id="4334" free="79256" total="16580608" percent="0">
    <mem type="tenure" free="79256" total="16580608" percent="0">
      <mem type="soa" free="0" total="16415744" percent="0" />
      <mem type="loa" free="79256" total="164864" percent="48" />
    </mem>
  </mem-info>
</gc-start>
<allocation-stats totalBytes="10708544" >
  <allocated-bytes non-tlh="0" tlh="10708544" />
  <largest-consumer threadName="Thread-7" threadId="0000000001134900" bytes="4369528" />
</allocation-stats>
<gc-op id="4335" type="mark" timems="2.142" contextid="4332" timestamp="2019-07-02T23:04:54.504">
  <trace-info objectcount="61563" scancount="53978" scanbytes="2169140" />
  <finalization candidates="124" enqueued="0" />
  <ownableSynchronizers candidates="3" cleared="0" />
  <references type="soft" candidates="84" cleared="0" enqueued="0" dynamicThreshold="20" maxThreshold="32" />
  <references type="weak" candidates="774" cleared="0" enqueued="0" />
  <references type="phantom" candidates="63" cleared="0" enqueued="0" />
  <stringconstants candidates="4574" cleared="0"  />
</gc-op>
<gc-op id="4336" type="sweep" timems="0.844" contextid="4332" timestamp="2019-07-02T23:04:54.505" />
<heap-resize id="4337" type="contract" space="tenure" amount="65536" count="1" timems="0.091" reason="excess free space following gc" timestamp="2019-07-02T23:04:54.505" />
<gc-end id="4338" type="global" contextid="4332" durationms="3.663" usertimems="4.000" systemtimems="4.000" timestamp="2019-07-02T23:04:54.505" activeThreads="4">
  <mem-info id="4339" free="10602192" total="16515072" percent="64">
    <mem type="tenure" free="10602192" total="16515072" percent="64" micro-fragmented="12039" macro-fragmented="19423">
      <mem type="soa" free="10602192" total="16350208" percent="64" />
      <mem type="loa" free="0" total="164864" percent="0" />
    </mem>
  </mem-info>
</gc-end>
<cycle-end id="4340" type="global" contextid="4332" timestamp="2019-07-02T23:04:54.506">
  <attribute name="GC Util" value="251" />
  <attribute name="CPU Util" value="8285599476104" />
  <attribute name="Time Running"value="5139"/>
  <attribute name="Number of cores"value="4"/>
</cycle-end>
<allocation-satisfied id="4341" threadId="000000000112D100" bytesRequested="40" />
<af-end id="4342" timestamp="2019-07-02T23:04:54.506" threadId="000000000112DA88" success="true" />
<exclusive-end id="4343" timestamp="2019-07-02T23:04:54.506" durationms="4.362" />

<exclusive-start id="4344" timestamp="2019-07-02T23:04:54.512" intervalms="11.075">
  <response-info timems="0.137" idlems="0.137" threads="0" lastid="000000000112D100" lastname="Thread-8" />
</exclusive-start>
<af-start id="4345" threadId="000000000112DA88" totalBytesRequested="40" timestamp="2019-07-02T23:04:54.513" intervalms="11.105" />
<cycle-start id="4346" type="global" contextid="0" timestamp="2019-07-02T23:04:54.513" intervalms="11.054" />
  <attribute name="GC Util" value="251" />
  <attribute name="CPU Util" value="8285599476104" />
  <attribute name="Time Running"value="5139"/>
  <attribute name="Number of cores"value="4"/>
<gc-start id="4347" type="global" contextid="4346" timestamp="2019-07-02T23:04:54.513">
  <mem-info id="4348" free="0" total="16515072" percent="0">
    <mem type="tenure" free="0" total="16515072" percent="0">
      <mem type="soa" free="0" total="16350208" percent="0" />
      <mem type="loa" free="0" total="164864" percent="0" />
    </mem>
  </mem-info>
</gc-start>
<allocation-stats totalBytes="10601192" >
  <allocated-bytes non-tlh="0" tlh="10601192" />
  <largest-consumer threadName="Thread-8" threadId="000000000112D100" bytes="2962232" />
</allocation-stats>
<gc-op id="4349" type="mark" timems="2.351" contextid="4346" timestamp="2019-07-02T23:04:54.515">
  <trace-info objectcount="62172" scancount="54605" scanbytes="2183308" />
  <finalization candidates="124" enqueued="0" />
  <ownableSynchronizers candidates="3" cleared="0" />
  <references type="soft" candidates="84" cleared="0" enqueued="0" dynamicThreshold="20" maxThreshold="32" />
  <references type="weak" candidates="774" cleared="0" enqueued="0" />
  <references type="phantom" candidates="63" cleared="0" enqueued="0" />
  <stringconstants candidates="4574" cleared="0"  />
</gc-op>
<gc-op id="4350" type="sweep" timems="0.844" contextid="4346" timestamp="2019-07-02T23:04:54.516" />
<mem-info id="4351" free="10669296" total="16515072" percent="64">
  <mem type="tenure" free="10669296" total="16515072" percent="64" micro-fragmented="67088" macro-fragmented="0">
    <mem type="soa" free="10560264" total="16350208" percent="64" />
    <mem type="loa" free="109032" total="164864" percent="66" />
  </mem>
</mem-info>
<gc-op id="4352" type="compact" timems="4.945" contextid="4346" timestamp="2019-07-02T23:04:54.521">
  <compact-info movecount="22433" movebytes="1089008" reason="compact to aid heap contraction" />
</gc-op>
<heap-resize id="4353" type="contract" space="tenure" amount="131072" count="1" timems="0.064" reason="excess free space following gc" timestamp="2019-07-02T23:04:54.522" />
<gc-end id="4354" type="global" contextid="4346" durationms="8.878" usertimems="8.000" systemtimems="8.000" timestamp="2019-07-02T23:04:54.522" activeThreads="4">
  <mem-info id="4355" free="10631992" total="16384000" percent="64">
    <mem type="tenure" free="10631992" total="16384000" percent="64">
      <mem type="soa" free="10501944" total="16220160" percent="64" />
      <mem type="loa" free="130048" total="163840" percent="79" />
    </mem>
  </mem-info>
</gc-end>
<cycle-end id="4356" type="global" contextid="4346" timestamp="2019-07-02T23:04:54.522">
  <attribute name="GC Util" value="142" />
  <attribute name="CPU Util" value="17508465171287" />
  <attribute name="Time Running"value="5152"/>
  <attribute name="Number of cores"value="4"/>
</cycle-end>
<allocation-satisfied id="4357" threadId="000000000112D100" bytesRequested="40" />
<af-end id="4358" timestamp="2019-07-02T23:04:54.522" threadId="000000000112DA88" success="true" />
<exclusive-end id="4359" timestamp="2019-07-02T23:04:54.522" durationms="9.490" />

<exclusive-start id="4360" timestamp="2019-07-02T23:04:54.530" intervalms="17.632">
  <response-info timems="0.030" idlems="0.030" threads="0" lastid="0000000001134900" lastname="Thread-7" />
</exclusive-start>
<af-start id="4361" threadId="0000000001135288" totalBytesRequested="40" timestamp="2019-07-02T23:04:54.530" intervalms="17.661" />
<cycle-start id="4362" type="global" contextid="0" timestamp="2019-07-02T23:04:54.530" intervalms="17.669" />
  <attribute name="GC Util" value="142" />
  <attribute name="CPU Util" value="17508465171287" />
  <attribute name="Time Running"value="5152"/>
  <attribute name="Number of cores"value="4"/>
<gc-start id="4363" type="global" contextid="4362" timestamp="2019-07-02T23:04:54.530">
  <mem-info id="4364" free="130048" total="16384000" percent="0">
    <mem type="tenure" free="130048" total="16384000" percent="0">
      <mem type="soa" free="0" total="16220160" percent="0" />
      <mem type="loa" free="130048" total="163840" percent="79" />
    </mem>
  </mem-info>
</gc-start>
<allocation-stats totalBytes="10565152" >
  <allocated-bytes non-tlh="0" tlh="10565152" />
  <largest-consumer threadName="Thread-7" threadId="0000000001134900" bytes="3767424" />
</allocation-stats>
<gc-op id="4365" type="mark" timems="2.154" contextid="4362" timestamp="2019-07-02T23:04:54.533">
  <trace-info objectcount="62805" scancount="55214" scanbytes="2198684" />
  <finalization candidates="124" enqueued="0" />
  <ownableSynchronizers candidates="3" cleared="0" />
  <references type="soft" candidates="84" cleared="0" enqueued="0" dynamicThreshold="20" maxThreshold="32" />
  <references type="weak" candidates="774" cleared="0" enqueued="0" />
  <references type="phantom" candidates="63" cleared="0" enqueued="0" />
  <stringconstants candidates="4574" cleared="0"  />
</gc-op>
<gc-op id="4366" type="sweep" timems="0.738" contextid="4362" timestamp="2019-07-02T23:04:54.534" />
<heap-resize id="4367" type="contract" space="tenure" amount="131072" count="1" timems="0.089" reason="excess free space following gc" timestamp="2019-07-02T23:04:54.534" />
<gc-end id="4368" type="global" contextid="4362" durationms="3.674" usertimems="8.000" systemtimems="0.000" timestamp="2019-07-02T23:04:54.534" activeThreads="4">
  <mem-info id="4369" free="10413688" total="16252928" percent="64">
    <mem type="tenure" free="10413688" total="16252928" percent="64" micro-fragmented="18176" macro-fragmented="0">
      <mem type="soa" free="10413688" total="16091136" percent="64" />
      <mem type="loa" free="0" total="161792" percent="0" />
    </mem>
  </mem-info>
</gc-end>
<cycle-end id="4370" type="global" contextid="4362" timestamp="2019-07-02T23:04:54.534">
  <attribute name="GC Util" value="245" />
  <attribute name="CPU Util" value="8134951946108" />
  <attribute name="Time Running"value="5168"/>
  <attribute name="Number of cores"value="4"/>
</cycle-end>
<allocation-satisfied id="4371" threadId="0000000001134900" bytesRequested="40" />
<af-end id="4372" timestamp="2019-07-02T23:04:54.534" threadId="0000000001135288" success="true" />
<exclusive-end id="4373" timestamp="2019-07-02T23:04:54.535" durationms="4.477" />

<exclusive-start id="4374" timestamp="2019-07-02T23:04:54.542" intervalms="11.634">
  <response-info timems="0.099" idlems="0.099" threads="0" lastid="0000000001130D00" lastname="Thread-9" />
</exclusive-start>
<af-start id="4375" threadId="0000000001131688" totalBytesRequested="40" timestamp="2019-07-02T23:04:54.542" intervalms="11.629" />
<cycle-start id="4376" type="global" contextid="0" timestamp="2019-07-02T23:04:54.542" intervalms="11.657" />
  <attribute name="GC Util" value="245" />
  <attribute name="CPU Util" value="8134951946108" />
  <attribute name="Time Running"value="5168"/>
  <attribute name="Number of cores"value="4"/>
<gc-start id="4377" type="global" contextid="4376" timestamp="2019-07-02T23:04:54.542">
  <mem-info id="4378" free="0" total="16252928" percent="0">
    <mem type="tenure" free="0" total="16252928" percent="0">
      <mem type="soa" free="0" total="16091136" percent="0" />
      <mem type="loa" free="0" total="161792" percent="0" />
    </mem>
  </mem-info>
</gc-start>
<allocation-stats totalBytes="10415072" >
  <allocated-bytes non-tlh="0" tlh="10415072" />
  <largest-consumer threadName="Thread-8" threadId="000000000112D100" bytes="3349320" />
</allocation-stats>
<gc-op id="4379" type="mark" timems="2.258" contextid="4376" timestamp="2019-07-02T23:04:54.545">
  <trace-info objectcount="63564" scancount="55985" scanbytes="2217188" />
  <finalization candidates="124" enqueued="0" />
  <ownableSynchronizers candidates="3" cleared="0" />
  <references type="soft" candidates="84" cleared="0" enqueued="0" dynamicThreshold="20" maxThreshold="32" />
  <references type="weak" candidates="774" cleared="0" enqueued="0" />
  <references type="phantom" candidates="63" cleared="0" enqueued="0" />
  <stringconstants candidates="4574" cleared="0"  />
</gc-op>
<gc-op id="4380" type="sweep" timems="0.801" contextid="4376" timestamp="2019-07-02T23:04:54.546" />
<heap-resize id="4381" type="contract" space="tenure" amount="131072" count="1" timems="0.099" reason="excess free space following gc" timestamp="2019-07-02T23:04:54.546" />
<gc-end id="4382" type="global" contextid="4376" durationms="3.808" usertimems="8.000" systemtimems="0.000" timestamp="2019-07-02T23:04:54.546" activeThreads="4">
  <mem-info id="4383" free="10258824" total="16121856" percent="63">
    <mem type="tenure" free="10258824" total="16121856" percent="63" micro-fragmented="9507" macro-fragmented="76550">
      <mem type="soa" free="10258824" total="15961088" percent="64" />
      <mem type="loa" free="0" total="160768" percent="0" />
    </mem>
  </mem-info>
</gc-end>
<cycle-end id="4384" type="global" contextid="4376" timestamp="2019-07-02T23:04:54.546">
  <attribute name="GC Util" value="237" />
  <attribute name="CPU Util" value="7870204383109" />
  <attribute name="Time Running"value="5180"/>
  <attribute name="Number of cores"value="4"/>
</cycle-end>
<allocation-satisfied id="4385" threadId="0000000001130D00" bytesRequested="40" />
<af-end id="4386" timestamp="2019-07-02T23:04:54.546" threadId="0000000001131688" success="true" />
<exclusive-end id="4387" timestamp="2019-07-02T23:04:54.546" durationms="4.624" />

<exclusive-start id="4388" timestamp="2019-07-02T23:04:54.553" intervalms="11.637">
  <response-info timems="0.069" idlems="0.043" threads="1" lastid="0000000001129500" lastname="Thread-10" />
</exclusive-start>
<af-start id="4389" threadId="000000000112DA88" totalBytesRequested="40" timestamp="2019-07-02T23:04:54.554" intervalms="11.646" />
<cycle-start id="4390" type="global" contextid="0" timestamp="2019-07-02T23:04:54.554" intervalms="11.612" />
  <attribute name="GC Util" value="237" />
  <attribute name="CPU Util" value="7870204383109" />
  <attribute name="Time Running"value="5180"/>
  <attribute name="Number of cores"value="4"/>
<gc-start id="4391" type="global" contextid="4390" timestamp="2019-07-02T23:04:54.554">
  <mem-info id="4392" free="0" total="16121856" percent="0">
    <mem type="tenure" free="0" total="16121856" percent="0">
      <mem type="soa" free="0" total="15961088" percent="0" />
      <mem type="loa" free="0" total="160768" percent="0" />
    </mem>
  </mem-info>
</gc-start>
<allocation-stats totalBytes="10260080" >
  <allocated-bytes non-tlh="0" tlh="10260080" />
  <largest-consumer threadName="Thread-7" threadId="0000000001134900" bytes="3113976" />
</allocation-stats>
<gc-op id="4393" type="mark" timems="2.477" contextid="4390" timestamp="2019-07-02T23:04:54.556">
  <trace-info objectcount="64281" scancount="56732" scanbytes="2234156" />
  <finalization candidates="124" enqueued="0" />
  <ownableSynchronizers candidates="3" cleared="0" />
  <references type="soft" candidates="84" cleared="0" enqueued="0" dynamicThreshold="20" maxThreshold="32" />
  <references type="weak" candidates="774" cleared="0" enqueued="0" />
  <references type="phantom" candidates="63" cleared="0" enqueued="0" />
  <stringconstants candidates="4574" cleared="0"  />
</gc-op>
<gc-op id="4394" type="sweep" timems="0.856" contextid="4390" timestamp="2019-07-02T23:04:54.557" />
<mem-info id="4395" free="10207512" total="16121856" percent="63">
  <mem type="tenure" free="10207512" total="16121856" percent="63" micro-fragmented="31115" macro-fragmented="22614">
    <mem type="soa" free="10207512" total="15961088" percent="63" />
    <mem type="loa" free="0" total="160768" percent="0" />
  </mem>
</mem-info>
<gc-op id="4396" type="compact" timems="5.275" contextid="4390" timestamp="2019-07-02T23:04:54.563">
  <compact-info movecount="24517" movebytes="1139256" reason="compact to aid heap contraction" />
</gc-op>
<heap-resize id="4397" type="contract" space="tenure" amount="131072" count="1" timems="0.096" reason="excess free space following gc" timestamp="2019-07-02T23:04:54.563" />
<gc-end id="4398" type="global" contextid="4390" durationms="9.244" usertimems="12.000" systemtimems="4.000" timestamp="2019-07-02T23:04:54.563" activeThreads="4">
  <mem-info id="4399" free="10192024" total="15990784" percent="63">
    <mem type="tenure" free="10192024" total="15990784" percent="63">
      <mem type="soa" free="10061976" total="15831040" percent="63" />
      <mem type="loa" free="130048" total="159744" percent="81" />
    </mem>
  </mem-info>
</gc-end>
<cycle-end id="4400" type="global" contextid="4390" timestamp="2019-07-02T23:04:54.563">
  <attribute name="GC Util" value="141" />
  <attribute name="CPU Util" value="17332001477567" />
  <attribute name="Time Running"value="5193"/>
  <attribute name="Number of cores"value="4"/>
</cycle-end>
<allocation-satisfied id="4401" threadId="000000000112D100" bytesRequested="40" />
<af-end id="4402" timestamp="2019-07-02T23:04:54.563" threadId="000000000112DA88" success="true" />
<exclusive-end id="4403" timestamp="2019-07-02T23:04:54.563" durationms="9.883" />

<exclusive-start id="4404" timestamp="2019-07-02T23:04:54.569" intervalms="15.822">
  <response-info timems="0.069" idlems="0.069" threads="0" lastid="0000000001129500" lastname="Thread-10" />
</exclusive-start>
<af-start id="4405" threadId="0000000001129E88" totalBytesRequested="40" timestamp="2019-07-02T23:04:54.569" intervalms="15.816" />
<cycle-start id="4406" type="global" contextid="0" timestamp="2019-07-02T23:04:54.569" intervalms="15.820" />
  <attribute name="GC Util" value="141" />
  <attribute name="CPU Util" value="17332001477567" />
  <attribute name="Time Running"value="5193"/>
  <attribute name="Number of cores"value="4"/>
<gc-start id="4407" type="global" contextid="4406" timestamp="2019-07-02T23:04:54.569">
  <mem-info id="4408" free="130048" total="15990784" percent="0">
    <mem type="tenure" free="130048" total="15990784" percent="0">
      <mem type="soa" free="0" total="15831040" percent="0" />
      <mem type="loa" free="130048" total="159744" percent="81" />
    </mem>
  </mem-info>
</gc-start>
<allocation-stats totalBytes="10127488" >
  <allocated-bytes non-tlh="0" tlh="10127488" />
  <largest-consumer threadName="Thread-8" threadId="000000000112D100" bytes="2850816" />
</allocation-stats>
<gc-op id="4409" type="mark" timems="1.137" contextid="4406" timestamp="2019-07-02T23:04:54.571">
  <trace-info objectcount="64797" scancount="57222" scanbytes="2246684" />
  <finalization candidates="124" enqueued="0" />
  <ownableSynchronizers candidates="3" cleared="0" />
  <references type="soft" candidates="84" cleared="0" enqueued="0" dynamicThreshold="20" maxThreshold="32" />
  <references type="weak" candidates="774" cleared="0" enqueued="0" />
  <references type="phantom" candidates="63" cleared="0" enqueued="0" />
  <stringconstants candidates="4574" cleared="0"  />
</gc-op>
<gc-op id="4410" type="sweep" timems="0.234" contextid="4406" timestamp="2019-07-02T23:04:54.571" />
<heap-resize id="4411" type="contract" space="tenure" amount="131072" count="1" timems="0.078" reason="excess free space following gc" timestamp="2019-07-02T23:04:54.571" />
<gc-end id="4412" type="global" contextid="4406" durationms="1.949" usertimems="4.000" systemtimems="0.000" timestamp="2019-07-02T23:04:54.571" activeThreads="4">
  <mem-info id="4413" free="10050312" total="15859712" percent="63">
    <mem type="tenure" free="10050312" total="15859712" percent="63" micro-fragmented="17411" macro-fragmented="0">
      <mem type="soa" free="9976800" total="15702016" percent="63" />
      <mem type="loa" free="73512" total="157696" percent="46" />
    </mem>
  </mem-info>
</gc-end>
<cycle-end id="4414" type="global" contextid="4406" timestamp="2019-07-02T23:04:54.572">
  <attribute name="GC Util" value="221" />
  <attribute name="CPU Util" value="15610595258351" />
  <attribute name="Time Running"value="5206"/>
  <attribute name="Number of cores"value="4"/>
</cycle-end>
<allocation-satisfied id="4415" threadId="0000000001129500" bytesRequested="40" />
<af-end id="4416" timestamp="2019-07-02T23:04:54.572" threadId="0000000001129E88" success="true" />
<exclusive-end id="4417" timestamp="2019-07-02T23:04:54.572" durationms="2.832" />

<exclusive-start id="4418" timestamp="2019-07-02T23:04:54.604" intervalms="34.488">
  <response-info timems="0.035" idlems="0.035" threads="0" lastid="0000000001129500" lastname="Thread-10" />
</exclusive-start>
<af-start id="4419" threadId="0000000001129E88" totalBytesRequested="40" timestamp="2019-07-02T23:04:54.604" intervalms="34.517" />
<cycle-start id="4420" type="global" contextid="0" timestamp="2019-07-02T23:04:54.604" intervalms="34.523" />
  <attribute name="GC Util" value="221" />
  <attribute name="CPU Util" value="15610595258351" />
  <attribute name="Time Running"value="5206"/>
  <attribute name="Number of cores"value="4"/>
<gc-start id="4421" type="global" contextid="4420" timestamp="2019-07-02T23:04:54.604">
  <mem-info id="4422" free="73512" total="15859712" percent="0">
    <mem type="tenure" free="73512" total="15859712" percent="0">
      <mem type="soa" free="0" total="15702016" percent="0" />
      <mem type="loa" free="73512" total="157696" percent="46" />
    </mem>
  </mem-info>
</gc-start>
<allocation-stats totalBytes="9977968" >
  <allocated-bytes non-tlh="0" tlh="9977968" />
  <largest-consumer threadName="Thread-10" threadId="0000000001129500" bytes="2850264" />
</allocation-stats>
<gc-op id="4423" type="mark" timems="1.426" contextid="4420" timestamp="2019-07-02T23:04:54.606">
  <trace-info objectcount="65513" scancount="57930" scanbytes="2263948" />
  <finalization candidates="124" enqueued="0" />
  <ownableSynchronizers candidates="3" cleared="0" />
  <references type="soft" candidates="84" cleared="0" enqueued="0" dynamicThreshold="20" maxThreshold="32" />
  <references type="weak" candidates="774" cleared="0" enqueued="0" />
  <references type="phantom" candidates="63" cleared="0" enqueued="0" />
  <stringconstants candidates="4574" cleared="0"  />
</gc-op>
<gc-op id="4424" type="sweep" timems="0.279" contextid="4420" timestamp="2019-07-02T23:04:54.606" />
<heap-resize id="4425" type="contract" space="tenure" amount="65536" count="1" timems="0.098" reason="excess free space following gc" timestamp="2019-07-02T23:04:54.606" />
<gc-end id="4426" type="global" contextid="4420" durationms="2.550" usertimems="4.000" systemtimems="0.000" timestamp="2019-07-02T23:04:54.607" activeThreads="4">
  <mem-info id="4427" free="9880560" total="15794176" percent="62">
    <mem type="tenure" free="9880560" total="15794176" percent="62" micro-fragmented="11847" macro-fragmented="56208">
      <mem type="soa" free="9880560" total="15636480" percent="63" />
      <mem type="loa" free="0" total="157696" percent="0" />
    </mem>
  </mem-info>
</gc-end>
<cycle-end id="4428" type="global" contextid="4420" timestamp="2019-07-02T23:04:54.607">
  <attribute name="GC Util" value="196" />
  <attribute name="CPU Util" value="12248183241942" />
  <attribute name="Time Running"value="5241"/>
  <attribute name="Number of cores"value="4"/>
</cycle-end>
<allocation-satisfied id="4429" threadId="0000000001129500" bytesRequested="40" />
<af-end id="4430" timestamp="2019-07-02T23:04:54.607" threadId="0000000001129E88" success="true" />
<exclusive-end id="4431" timestamp="2019-07-02T23:04:54.607" durationms="3.413" />

<exclusive-start id="4432" timestamp="2019-07-02T23:04:54.613" intervalms="8.923">
  <response-info timems="0.032" idlems="0.032" threads="0" lastid="0000000001130D00" lastname="Thread-9" />
</exclusive-start>
<af-start id="4433" threadId="0000000001131688" totalBytesRequested="24" timestamp="2019-07-02T23:04:54.613" intervalms="8.877" />
<cycle-start id="4434" type="global" contextid="0" timestamp="2019-07-02T23:04:54.613" intervalms="8.872" />
  <attribute name="GC Util" value="196" />
  <attribute name="CPU Util" value="12248183241942" />
  <attribute name="Time Running"value="5241"/>
  <attribute name="Number of cores"value="4"/>
<gc-start id="4435" type="global" contextid="4434" timestamp="2019-07-02T23:04:54.613">
  <mem-info id="4436" free="0" total="15794176" percent="0">
    <mem type="tenure" free="0" total="15794176" percent="0">
      <mem type="soa" free="0" total="15636480" percent="0" />
      <mem type="loa" free="0" total="157696" percent="0" />
    </mem>
  </mem-info>
</gc-start>
<allocation-stats totalBytes="9881400" >
  <allocated-bytes non-tlh="0" tlh="9881400" />
  <largest-consumer threadName="Thread-10" threadId="0000000001129500" bytes="3042872" />
</allocation-stats>
<gc-op id="4437" type="mark" timems="2.392" contextid="4434" timestamp="2019-07-02T23:04:54.615">
  <trace-info objectcount="65996" scancount="58406" scanbytes="2275060" />
  <finalization candidates="124" enqueued="0" />
  <ownableSynchronizers candidates="3" cleared="0" />
  <references type="soft" candidates="84" cleared="0" enqueued="0" dynamicThreshold="20" maxThreshold="32" />
  <references type="weak" candidates="774" cleared="0" enqueued="0" />
  <references type="phantom" candidates="63" cleared="0" enqueued="0" />
  <stringconstants candidates="4574" cleared="0"  />
</gc-op>
<gc-op id="4438" type="sweep" timems="0.763" contextid="4434" timestamp="2019-07-02T23:04:54.616" />
<mem-info id="4439" free="9855256" total="15794176" percent="62">
  <mem type="tenure" free="9855256" total="15794176" percent="62" micro-fragmented="7950" macro-fragmented="25183">
    <mem type="soa" free="9855256" total="15636480" percent="63" />
    <mem type="loa" free="0" total="157696" percent="0" />
  </mem>
</mem-info>
<gc-op id="4440" type="compact" timems="5.471" contextid="4434" timestamp="2019-07-02T23:04:54.622">
  <compact-info movecount="14035" movebytes="612680" reason="compact to aid heap contraction" />
</gc-op>
<heap-resize id="4441" type="contract" space="tenure" amount="131072" count="1" timems="0.081" reason="excess free space following gc" timestamp="2019-07-02T23:04:54.622" />
<gc-end id="4442" type="global" contextid="4434" durationms="9.474" usertimems="12.000" systemtimems="4.000" timestamp="2019-07-02T23:04:54.622" activeThreads="4">
  <mem-info id="4443" free="9826512" total="15663104" percent="62">
    <mem type="tenure" free="9826512" total="15663104" percent="62">
      <mem type="soa" free="9697488" total="15507456" percent="62" />
      <mem type="loa" free="129024" total="155648" percent="82" />
    </mem>
  </mem-info>
</gc-end>
<cycle-end id="4444" type="global" contextid="4434" timestamp="2019-07-02T23:04:54.622">
  <attribute name="GC Util" value="145" />
  <attribute name="CPU Util" value="18044566515587" />
  <attribute name="Time Running"value="5252"/>
  <attribute name="Number of cores"value="4"/>
</cycle-end>
<allocation-satisfied id="4445" threadId="0000000001130D00" bytesRequested="24" />
<af-end id="4446" timestamp="2019-07-02T23:04:54.623" threadId="0000000001131688" success="true" />
<exclusive-end id="4447" timestamp="2019-07-02T23:04:54.623" durationms="10.166" />

<exclusive-start id="4448" timestamp="2019-07-02T23:04:54.630" intervalms="17.327">
  <response-info timems="0.031" idlems="0.031" threads="0" lastid="0000000001130D00" lastname="Thread-9" />
</exclusive-start>
<af-start id="4449" threadId="0000000001131688" totalBytesRequested="40" timestamp="2019-07-02T23:04:54.630" intervalms="17.302" />
<cycle-start id="4450" type="global" contextid="0" timestamp="2019-07-02T23:04:54.630" intervalms="17.305" />
  <attribute name="GC Util" value="145" />
  <attribute name="CPU Util" value="18044566515587" />
  <attribute name="Time Running"value="5252"/>
  <attribute name="Number of cores"value="4"/>
<gc-start id="4451" type="global" contextid="4450" timestamp="2019-07-02T23:04:54.630">
  <mem-info id="4452" free="129024" total="15663104" percent="0">
    <mem type="tenure" free="129024" total="15663104" percent="0">
      <mem type="soa" free="0" total="15507456" percent="0" />
      <mem type="loa" free="129024" total="155648" percent="82" />
    </mem>
  </mem-info>
</gc-start>
<allocation-stats totalBytes="9762360" >
  <allocated-bytes non-tlh="0" tlh="9762360" />
  <largest-consumer threadName="Thread-10" threadId="0000000001129500" bytes="3532776" />
</allocation-stats>
<gc-op id="4453" type="mark" timems="1.859" contextid="4450" timestamp="2019-07-02T23:04:54.632">
  <trace-info objectcount="66763" scancount="59191" scanbytes="2293900" />
  <finalization candidates="124" enqueued="0" />
  <ownableSynchronizers candidates="3" cleared="0" />
  <references type="soft" candidates="84" cleared="0" enqueued="0" dynamicThreshold="20" maxThreshold="32" />
  <references type="weak" candidates="774" cleared="0" enqueued="0" />
  <references type="phantom" candidates="63" cleared="0" enqueued="0" />
  <stringconstants candidates="4574" cleared="0"  />
</gc-op>
<gc-op id="4454" type="sweep" timems="0.755" contextid="4450" timestamp="2019-07-02T23:04:54.633" />
<heap-resize id="4455" type="contract" space="tenure" amount="131072" count="1" timems="0.079" reason="excess free space following gc" timestamp="2019-07-02T23:04:54.633" />
<gc-end id="4456" type="global" contextid="4450" durationms="3.352" usertimems="8.000" systemtimems="0.000" timestamp="2019-07-02T23:04:54.634" activeThreads="4">
  <mem-info id="4457" free="9692248" total="15532032" percent="62">
    <mem type="tenure" free="9692248" total="15532032" percent="62" micro-fragmented="19727" macro-fragmented="0">
      <mem type="soa" free="9606064" total="15377408" percent="62" />
      <mem type="loa" free="86184" total="154624" percent="55" />
    </mem>
  </mem-info>
</gc-end>
<cycle-end id="4458" type="global" contextid="4450" timestamp="2019-07-02T23:04:54.634">
  <attribute name="GC Util" value="228" />
  <attribute name="CPU Util" value="9508719056524" />
  <attribute name="Time Running"value="5268"/>
  <attribute name="Number of cores"value="4"/>
</cycle-end>
<allocation-satisfied id="4459" threadId="0000000001130D00" bytesRequested="40" />
<af-end id="4460" timestamp="2019-07-02T23:04:54.634" threadId="0000000001131688" success="true" />
<exclusive-end id="4461" timestamp="2019-07-02T23:04:54.634" durationms="4.127" />

<exclusive-start id="4462" timestamp="2019-07-02T23:04:54.641" intervalms="11.153">
  <response-info timems="0.649" idlems="0.332" threads="1" lastid="0000000001129500" lastname="Thread-10" />
</exclusive-start>
<af-start id="4463" threadId="0000000001131688" totalBytesRequested="40" timestamp="2019-07-02T23:04:54.641" intervalms="11.154" />
<cycle-start id="4464" type="global" contextid="0" timestamp="2019-07-02T23:04:54.641" intervalms="11.153" />
  <attribute name="GC Util" value="228" />
  <attribute name="CPU Util" value="9508719056524" />
  <attribute name="Time Running"value="5268"/>
  <attribute name="Number of cores"value="4"/>
<gc-start id="4465" type="global" contextid="4464" timestamp="2019-07-02T23:04:54.641">
  <mem-info id="4466" free="86184" total="15532032" percent="0">
    <mem type="tenure" free="86184" total="15532032" percent="0">
      <mem type="soa" free="0" total="15377408" percent="0" />
      <mem type="loa" free="86184" total="154624" percent="55" />
    </mem>
  </mem-info>
</gc-start>
<allocation-stats totalBytes="9607152" >
  <allocated-bytes non-tlh="0" tlh="9607152" />
  <largest-consumer threadName="Thread-8" threadId="000000000112D100" bytes="3010256" />
</allocation-stats>
<gc-op id="4467" type="mark" timems="2.103" contextid="4464" timestamp="2019-07-02T23:04:54.644">
  <trace-info objectcount="67291" scancount="59718" scanbytes="2306668" />
  <finalization candidates="124" enqueued="0" />
  <ownableSynchronizers candidates="3" cleared="0" />
  <references type="soft" candidates="84" cleared="0" enqueued="0" dynamicThreshold="19" maxThreshold="32" />
  <references type="weak" candidates="774" cleared="0" enqueued="0" />
  <references type="phantom" candidates="63" cleared="0" enqueued="0" />
  <stringconstants candidates="4574" cleared="0"  />
</gc-op>
<gc-op id="4468" type="sweep" timems="0.619" contextid="4464" timestamp="2019-07-02T23:04:54.644" />
<mem-info id="4469" free="9686152" total="15532032" percent="62">
  <mem type="tenure" free="9686152" total="15532032" percent="62" micro-fragmented="6695" macro-fragmented="67932">
    <mem type="soa" free="9572256" total="15377408" percent="62" />
    <mem type="loa" free="113896" total="154624" percent="73" />
  </mem>
</mem-info>
<gc-op id="4470" type="compact" timems="4.254" contextid="4464" timestamp="2019-07-02T23:04:54.649">
  <compact-info movecount="3261" movebytes="79880" reason="compact to aid heap contraction" />
</gc-op>
<heap-resize id="4471" type="contract" space="tenure" amount="131072" count="1" timems="0.074" reason="excess free space following gc" timestamp="2019-07-02T23:04:54.649" />
<gc-end id="4472" type="global" contextid="4464" durationms="7.923" usertimems="12.000" systemtimems="0.000" timestamp="2019-07-02T23:04:54.649" activeThreads="4">
  <mem-info id="4473" free="9535832" total="15400960" percent="61">
    <mem type="tenure" free="9535832" total="15400960" percent="61">
      <mem type="soa" free="9405784" total="15247360" percent="61" />
      <mem type="loa" free="130048" total="153600" percent="84" />
    </mem>
  </mem-info>
</gc-end>
<cycle-end id="4474" type="global" contextid="4464" timestamp="2019-07-02T23:04:54.649">
  <attribute name="GC Util" value="115" />
  <attribute name="CPU Util" value="20674365327127" />
  <attribute name="Time Running"value="5280"/>
  <attribute name="Number of cores"value="4"/>
</cycle-end>
<allocation-satisfied id="4475" threadId="0000000001130D00" bytesRequested="40" />
<af-end id="4476" timestamp="2019-07-02T23:04:54.650" threadId="0000000001131688" success="true" />
<exclusive-end id="4477" timestamp="2019-07-02T23:04:54.650" durationms="8.713" />

<exclusive-start id="4478" timestamp="2019-07-02T23:04:54.658" intervalms="17.289">
  <response-info timems="0.072" idlems="0.072" threads="0" lastid="000000000112D100" lastname="Thread-8" />
</exclusive-start>
<af-start id="4479" threadId="000000000112DA88" totalBytesRequested="40" timestamp="2019-07-02T23:04:54.658" intervalms="17.298" />
<cycle-start id="4480" type="global" contextid="0" timestamp="2019-07-02T23:04:54.659" intervalms="17.310" />
  <attribute name="GC Util" value="115" />
  <attribute name="CPU Util" value="20674365327127" />
  <attribute name="Time Running"value="5280"/>
  <attribute name="Number of cores"value="4"/>
<gc-start id="4481" type="global" contextid="4480" timestamp="2019-07-02T23:04:54.659">
  <mem-info id="4482" free="130048" total="15400960" percent="0">
    <mem type="tenure" free="130048" total="15400960" percent="0">
      <mem type="soa" free="0" total="15247360" percent="0" />
      <mem type="loa" free="130048" total="153600" percent="84" />
    </mem>
  </mem-info>
</gc-start>
<allocation-stats totalBytes="9471224" >
  <allocated-bytes non-tlh="0" tlh="9471224" />
  <largest-consumer threadName="Thread-8" threadId="000000000112D100" bytes="3769648" />
</allocation-stats>
<gc-op id="4483" type="mark" timems="2.091" contextid="4480" timestamp="2019-07-02T23:04:54.661">
  <trace-info objectcount="67941" scancount="60365" scanbytes="2322220" />
  <finalization candidates="124" enqueued="0" />
  <ownableSynchronizers candidates="3" cleared="0" />
  <references type="soft" candidates="84" cleared="0" enqueued="0" dynamicThreshold="19" maxThreshold="32" />
  <references type="weak" candidates="774" cleared="0" enqueued="0" />
  <references type="phantom" candidates="63" cleared="0" enqueued="0" />
  <stringconstants candidates="4574" cleared="0"  />
</gc-op>
<gc-op id="4484" type="sweep" timems="0.752" contextid="4480" timestamp="2019-07-02T23:04:54.662" />
<heap-resize id="4485" type="contract" space="tenure" amount="131072" count="1" timems="0.076" reason="excess free space following gc" timestamp="2019-07-02T23:04:54.662" />
<gc-end id="4486" type="global" contextid="4480" durationms="3.347" usertimems="4.000" systemtimems="4.000" timestamp="2019-07-02T23:04:54.662" activeThreads="4">
  <mem-info id="4487" free="9316216" total="15269888" percent="61">
    <mem type="tenure" free="9316216" total="15269888" percent="61" micro-fragmented="13335" macro-fragmented="0">
      <mem type="soa" free="9316216" total="15117312" percent="61" />
      <mem type="loa" free="0" total="152576" percent="0" />
    </mem>
  </mem-info>
</gc-end>
<cycle-end id="4488" type="global" contextid="4480" timestamp="2019-07-02T23:04:54.662">
  <attribute name="GC Util" value="250" />
  <attribute name="CPU Util" value="8488450361447" />
  <attribute name="Time Running"value="5296"/>
  <attribute name="Number of cores"value="4"/>
</cycle-end>
<allocation-satisfied id="4489" threadId="000000000112D100" bytesRequested="40" />
<af-end id="4490" timestamp="2019-07-02T23:04:54.662" threadId="000000000112DA88" success="true" />
<exclusive-end id="4491" timestamp="2019-07-02T23:04:54.662" durationms="3.950" />

<exclusive-start id="4492" timestamp="2019-07-02T23:04:54.668" intervalms="10.007">
  <response-info timems="0.112" idlems="0.066" threads="1" lastid="0000000001129500" lastname="Thread-10" />
</exclusive-start>
<af-start id="4493" threadId="0000000001135288" totalBytesRequested="40" timestamp="2019-07-02T23:04:54.668" intervalms="10.024" />
<cycle-start id="4494" type="global" contextid="0" timestamp="2019-07-02T23:04:54.669" intervalms="10.010" />
  <attribute name="GC Util" value="250" />
  <attribute name="CPU Util" value="8488450361447" />
  <attribute name="Time Running"value="5296"/>
  <attribute name="Number of cores"value="4"/>
<gc-start id="4495" type="global" contextid="4494" timestamp="2019-07-02T23:04:54.669">
  <mem-info id="4496" free="0" total="15269888" percent="0">
    <mem type="tenure" free="0" total="15269888" percent="0">
      <mem type="soa" free="0" total="15117312" percent="0" />
      <mem type="loa" free="0" total="152576" percent="0" />
    </mem>
  </mem-info>
</gc-start>
<allocation-stats totalBytes="9317944" >
  <allocated-bytes non-tlh="0" tlh="9317944" />
  <largest-consumer threadName="Thread-8" threadId="000000000112D100" bytes="2872560" />
</allocation-stats>
<gc-op id="4497" type="mark" timems="2.394" contextid="4494" timestamp="2019-07-02T23:04:54.671">
  <trace-info objectcount="68423" scancount="60848" scanbytes="2333420" />
  <finalization candidates="124" enqueued="0" />
  <ownableSynchronizers candidates="3" cleared="0" />
  <references type="soft" candidates="84" cleared="0" enqueued="0" dynamicThreshold="19" maxThreshold="32" />
  <references type="weak" candidates="774" cleared="0" enqueued="0" />
  <references type="phantom" candidates="63" cleared="0" enqueued="0" />
  <stringconstants candidates="4574" cleared="0"  />
</gc-op>
<gc-op id="4498" type="sweep" timems="0.766" contextid="4494" timestamp="2019-07-02T23:04:54.672" />
<gc-end id="4499" type="global" contextid="4494" durationms="3.528" usertimems="4.000" systemtimems="4.000" timestamp="2019-07-02T23:04:54.672" activeThreads="4">
  <mem-info id="4500" free="9287456" total="15269888" percent="60">
    <mem type="tenure" free="9287456" total="15269888" percent="60" micro-fragmented="0" macro-fragmented="0">
      <mem type="soa" free="9287456" total="15117312" percent="61" />
      <mem type="loa" free="0" total="152576" percent="0" />
    </mem>
  </mem-info>
</gc-end>
<cycle-end id="4501" type="global" contextid="4494" timestamp="2019-07-02T23:04:54.672">
  <attribute name="GC Util" value="251" />
  <attribute name="CPU Util" value="7408396302994" />
  <attribute name="Time Running"value="5306"/>
  <attribute name="Number of cores"value="4"/>
</cycle-end>
<allocation-satisfied id="4502" threadId="0000000001134900" bytesRequested="40" />
<af-end id="4503" timestamp="2019-07-02T23:04:54.673" threadId="0000000001135288" success="true" />
<exclusive-end id="4504" timestamp="2019-07-02T23:04:54.673" durationms="4.261" />

<exclusive-start id="4505" timestamp="2019-07-02T23:04:54.678" intervalms="10.072">
  <response-info timems="0.065" idlems="0.041" threads="1" lastid="0000000001129500" lastname="Thread-10" />
</exclusive-start>
<af-start id="4506" threadId="0000000001135288" totalBytesRequested="40" timestamp="2019-07-02T23:04:54.679" intervalms="10.063" />
<cycle-start id="4507" type="global" contextid="0" timestamp="2019-07-02T23:04:54.679" intervalms="10.059" />
  <attribute name="GC Util" value="251" />
  <attribute name="CPU Util" value="7408396302994" />
  <attribute name="Time Running"value="5306"/>
  <attribute name="Number of cores"value="4"/>
<gc-start id="4508" type="global" contextid="4507" timestamp="2019-07-02T23:04:54.679">
  <mem-info id="4509" free="0" total="15269888" percent="0">
    <mem type="tenure" free="0" total="15269888" percent="0">
      <mem type="soa" free="0" total="15117312" percent="0" />
      <mem type="loa" free="0" total="152576" percent="0" />
    </mem>
  </mem-info>
</gc-start>
<allocation-stats totalBytes="9288472" >
  <allocated-bytes non-tlh="0" tlh="9288472" />
  <largest-consumer threadName="Thread-8" threadId="000000000112D100" bytes="2510504" />
</allocation-stats>
<gc-op id="4510" type="mark" timems="1.996" contextid="4507" timestamp="2019-07-02T23:04:54.681">
  <trace-info objectcount="69169" scancount="61586" scanbytes="2351724" />
  <finalization candidates="124" enqueued="0" />
  <ownableSynchronizers candidates="3" cleared="0" />
  <references type="soft" candidates="84" cleared="0" enqueued="0" dynamicThreshold="19" maxThreshold="32" />
  <references type="weak" candidates="774" cleared="0" enqueued="0" />
  <references type="phantom" candidates="63" cleared="0" enqueued="0" />
  <stringconstants candidates="4574" cleared="0"  />
</gc-op>
<gc-op id="4511" type="sweep" timems="0.793" contextid="4507" timestamp="2019-07-02T23:04:54.682" />
<gc-end id="4512" type="global" contextid="4507" durationms="3.251" usertimems="8.000" systemtimems="0.000" timestamp="2019-07-02T23:04:54.682" activeThreads="4">
  <mem-info id="4513" free="9241704" total="15269888" percent="60">
    <mem type="tenure" free="9241704" total="15269888" percent="60" micro-fragmented="14592" macro-fragmented="0">
      <mem type="soa" free="9241704" total="15117312" percent="61" />
      <mem type="loa" free="0" total="152576" percent="0" />
    </mem>
  </mem-info>
</gc-end>
<cycle-end id="4514" type="global" contextid="4507" timestamp="2019-07-02T23:04:54.682">
  <attribute name="GC Util" value="246" />
  <attribute name="CPU Util" value="8799512582668" />
  <attribute name="Time Running"value="5316"/>
  <attribute name="Number of cores"value="4"/>
</cycle-end>
<allocation-satisfied id="4515" threadId="0000000001134900" bytesRequested="40" />
<af-end id="4516" timestamp="2019-07-02T23:04:54.682" threadId="0000000001135288" success="true" />
<exclusive-end id="4517" timestamp="2019-07-02T23:04:54.682" durationms="3.957" />

<exclusive-start id="4518" timestamp="2019-07-02T23:04:54.700" intervalms="21.568">
  <response-info timems="10.649" idlems="10.649" threads="0" lastid="0000000001129500" lastname="Thread-10" />
</exclusive-start>
<af-start id="4519" threadId="0000000001129E88" totalBytesRequested="40" timestamp="2019-07-02T23:04:54.700" intervalms="21.671" />
<cycle-start id="4520" type="global" contextid="0" timestamp="2019-07-02T23:04:54.700" intervalms="21.730" />
  <attribute name="GC Util" value="246" />
  <attribute name="CPU Util" value="8799512582668" />
  <attribute name="Time Running"value="5316"/>
  <attribute name="Number of cores"value="4"/>
<gc-start id="4521" type="global" contextid="4520" timestamp="2019-07-02T23:04:54.701">
  <mem-info id="4522" free="0" total="15269888" percent="0">
    <mem type="tenure" free="0" total="15269888" percent="0">
      <mem type="soa" free="0" total="15117312" percent="0" />
      <mem type="loa" free="0" total="152576" percent="0" />
    </mem>
  </mem-info>
</gc-start>
<allocation-stats totalBytes="9241752" >
  <allocated-bytes non-tlh="0" tlh="9241752" />
  <largest-consumer threadName="Thread-10" threadId="0000000001129500" bytes="3152584" />
</allocation-stats>
<gc-op id="4523" type="mark" timems="2.635" contextid="4520" timestamp="2019-07-02T23:04:54.703">
  <trace-info objectcount="69522" scancount="61944" scanbytes="2360148" />
  <finalization candidates="124" enqueued="0" />
  <ownableSynchronizers candidates="3" cleared="0" />
  <references type="soft" candidates="84" cleared="0" enqueued="0" dynamicThreshold="19" maxThreshold="32" />
  <references type="weak" candidates="774" cleared="0" enqueued="0" />
  <references type="phantom" candidates="63" cleared="0" enqueued="0" />
  <stringconstants candidates="4574" cleared="0"  />
</gc-op>
<gc-op id="4524" type="sweep" timems="0.844" contextid="4520" timestamp="2019-07-02T23:04:54.704" />
<gc-end id="4525" type="global" contextid="4520" durationms="3.972" usertimems="4.000" systemtimems="8.000" timestamp="2019-07-02T23:04:54.705" activeThreads="4">
  <mem-info id="4526" free="9214432" total="15269888" percent="60">
    <mem type="tenure" free="9214432" total="15269888" percent="60" micro-fragmented="13386" macro-fragmented="0">
      <mem type="soa" free="9214432" total="15117312" percent="60" />
      <mem type="loa" free="0" total="152576" percent="0" />
    </mem>
  </mem-info>
</gc-end>
<cycle-end id="4527" type="global" contextid="4520" timestamp="2019-07-02T23:04:54.705">
  <attribute name="GC Util" value="239" />
  <attribute name="CPU Util" value="6749194731680" />
  <attribute name="Time Running"value="5339"/>
  <attribute name="Number of cores"value="4"/>
</cycle-end>
<allocation-satisfied id="4528" threadId="0000000001129500" bytesRequested="40" />
<af-end id="4529" timestamp="2019-07-02T23:04:54.705" threadId="0000000001129E88" success="true" />
<exclusive-end id="4530" timestamp="2019-07-02T23:04:54.705" durationms="4.779" />

<exclusive-start id="4531" timestamp="2019-07-02T23:04:54.712" intervalms="12.112">
  <response-info timems="0.039" idlems="0.039" threads="0" lastid="0000000001130D00" lastname="Thread-9" />
</exclusive-start>
<af-start id="4532" threadId="0000000001131688" totalBytesRequested="40" timestamp="2019-07-02T23:04:54.712" intervalms="12.038" />
<cycle-start id="4533" type="global" contextid="0" timestamp="2019-07-02T23:04:54.712" intervalms="11.993" />
  <attribute name="GC Util" value="239" />
  <attribute name="CPU Util" value="6749194731680" />
  <attribute name="Time Running"value="5339"/>
  <attribute name="Number of cores"value="4"/>
<gc-start id="4534" type="global" contextid="4533" timestamp="2019-07-02T23:04:54.712">
  <mem-info id="4535" free="0" total="15269888" percent="0">
    <mem type="tenure" free="0" total="15269888" percent="0">
      <mem type="soa" free="0" total="15117312" percent="0" />
      <mem type="loa" free="0" total="152576" percent="0" />
    </mem>
  </mem-info>
</gc-start>
<allocation-stats totalBytes="9213024" >
  <allocated-bytes non-tlh="0" tlh="9213024" />
  <largest-consumer threadName="Thread-9" threadId="0000000001130D00" bytes="2906616" />
</allocation-stats>
<gc-op id="4536" type="mark" timems="2.293" contextid="4533" timestamp="2019-07-02T23:04:54.715">
  <trace-info objectcount="70156" scancount="62565" scanbytes="2375412" />
  <finalization candidates="124" enqueued="0" />
  <ownableSynchronizers candidates="3" cleared="0" />
  <references type="soft" candidates="84" cleared="0" enqueued="0" dynamicThreshold="19" maxThreshold="32" />
  <references type="weak" candidates="774" cleared="0" enqueued="0" />
  <references type="phantom" candidates="63" cleared="0" enqueued="0" />
  <stringconstants candidates="4574" cleared="0"  />
</gc-op>
<gc-op id="4537" type="sweep" timems="0.901" contextid="4533" timestamp="2019-07-02T23:04:54.716" />
<gc-end id="4538" type="global" contextid="4533" durationms="3.586" usertimems="4.000" systemtimems="4.000" timestamp="2019-07-02T23:04:54.716" activeThreads="4">
  <mem-info id="4539" free="9162152" total="15269888" percent="60">
    <mem type="tenure" free="9162152" total="15269888" percent="60" micro-fragmented="13368" macro-fragmented="0">
      <mem type="soa" free="9162152" total="15117312" percent="60" />
      <mem type="loa" free="0" total="152576" percent="0" />
    </mem>
  </mem-info>
</gc-end>
<cycle-end id="4540" type="global" contextid="4533" timestamp="2019-07-02T23:04:54.716">
  <attribute name="GC Util" value="252" />
  <attribute name="CPU Util" value="7768292951431" />
  <attribute name="Time Running"value="5350"/>
  <attribute name="Number of cores"value="4"/>
</cycle-end>
<allocation-satisfied id="4541" threadId="0000000001130D00" bytesRequested="40" />
<af-end id="4542" timestamp="2019-07-02T23:04:54.716" threadId="0000000001131688" success="true" />
<exclusive-end id="4543" timestamp="2019-07-02T23:04:54.717" durationms="4.465" />

<exclusive-start id="4544" timestamp="2019-07-02T23:04:54.725" intervalms="12.688">
  <response-info timems="0.062" idlems="0.062" threads="0" lastid="0000000001134900" lastname="Thread-7" />
</exclusive-start>
<af-start id="4545" threadId="0000000001135288" totalBytesRequested="40" timestamp="2019-07-02T23:04:54.725" intervalms="12.811" />
<cycle-start id="4546" type="global" contextid="0" timestamp="2019-07-02T23:04:54.727" intervalms="14.677" />
  <attribute name="GC Util" value="252" />
  <attribute name="CPU Util" value="7768292951431" />
  <attribute name="Time Running"value="5350"/>
  <attribute name="Number of cores"value="4"/>
<gc-start id="4547" type="global" contextid="4546" timestamp="2019-07-02T23:04:54.727">
  <mem-info id="4548" free="0" total="15269888" percent="0">
    <mem type="tenure" free="0" total="15269888" percent="0">
      <mem type="soa" free="0" total="15117312" percent="0" />
      <mem type="loa" free="0" total="152576" percent="0" />
    </mem>
  </mem-info>
</gc-start>
<allocation-stats totalBytes="9159904" >
  <allocated-bytes non-tlh="0" tlh="9159904" />
  <largest-consumer threadName="Thread-9" threadId="0000000001130D00" bytes="3658000" />
</allocation-stats>
<gc-op id="4549" type="mark" timems="1.347" contextid="4546" timestamp="2019-07-02T23:04:54.729">
  <trace-info objectcount="70521" scancount="62937" scanbytes="2384028" />
  <finalization candidates="124" enqueued="0" />
  <ownableSynchronizers candidates="3" cleared="0" />
  <references type="soft" candidates="84" cleared="0" enqueued="0" dynamicThreshold="19" maxThreshold="32" />
  <references type="weak" candidates="774" cleared="0" enqueued="0" />
  <references type="phantom" candidates="63" cleared="0" enqueued="0" />
  <stringconstants candidates="4574" cleared="0"  />
</gc-op>
<gc-op id="4550" type="sweep" timems="0.430" contextid="4546" timestamp="2019-07-02T23:04:54.729" />
<heap-resize id="4551" type="expand" space="tenure" amount="1048576" count="1" timems="0.045" reason="excessive time being spent in gc" timestamp="2019-07-02T23:04:54.730" />
<gc-end id="4552" type="global" contextid="4546" durationms="2.505" usertimems="0.000" systemtimems="4.000" timestamp="2019-07-02T23:04:54.730" activeThreads="4">
  <mem-info id="4553" free="10162344" total="16318464" percent="62">
    <mem type="tenure" free="10162344" total="16318464" percent="62" micro-fragmented="23397" macro-fragmented="0">
      <mem type="soa" free="9999528" total="16155648" percent="61" />
      <mem type="loa" free="162816" total="162816" percent="100" />
    </mem>
  </mem-info>
</gc-end>
<cycle-end id="4554" type="global" contextid="4546" timestamp="2019-07-02T23:04:54.730">
  <attribute name="GC Util" value="201" />
  <attribute name="CPU Util" value="12842827429340" />
  <attribute name="Time Running"value="5364"/>
  <attribute name="Number of cores"value="4"/>
</cycle-end>
<allocation-satisfied id="4555" threadId="0000000001134900" bytesRequested="40" />
<af-end id="4556" timestamp="2019-07-02T23:04:54.730" threadId="0000000001135288" success="true" />
<exclusive-end id="4557" timestamp="2019-07-02T23:04:54.730" durationms="5.417" />

<exclusive-start id="4558" timestamp="2019-07-02T23:04:54.740" intervalms="15.024">
  <response-info timems="0.048" idlems="0.048" threads="0" lastid="0000000001130D00" lastname="Thread-9" />
</exclusive-start>
<af-start id="4559" threadId="0000000001131688" totalBytesRequested="40" timestamp="2019-07-02T23:04:54.740" intervalms="14.894" />
<cycle-start id="4560" type="global" contextid="0" timestamp="2019-07-02T23:04:54.740" intervalms="13.043" />
  <attribute name="GC Util" value="201" />
  <attribute name="CPU Util" value="12842827429340" />
  <attribute name="Time Running"value="5364"/>
  <attribute name="Number of cores"value="4"/>
<gc-start id="4561" type="global" contextid="4560" timestamp="2019-07-02T23:04:54.740">
  <mem-info id="4562" free="162816" total="16318464" percent="0">
    <mem type="tenure" free="162816" total="16318464" percent="0">
      <mem type="soa" free="0" total="16155648" percent="0" />
      <mem type="loa" free="162816" total="162816" percent="100" />
    </mem>
  </mem-info>
</gc-start>
<allocation-stats totalBytes="9996576" >
  <allocated-bytes non-tlh="0" tlh="9996576" />
  <largest-consumer threadName="Thread-8" threadId="000000000112D100" bytes="3955680" />
</allocation-stats>
<gc-op id="4563" type="mark" timems="2.188" contextid="4560" timestamp="2019-07-02T23:04:54.743">
  <trace-info objectcount="71003" scancount="63436" scanbytes="2395060" />
  <finalization candidates="124" enqueued="0" />
  <ownableSynchronizers candidates="3" cleared="0" />
  <references type="soft" candidates="84" cleared="0" enqueued="0" dynamicThreshold="19" maxThreshold="32" />
  <references type="weak" candidates="774" cleared="0" enqueued="0" />
  <references type="phantom" candidates="63" cleared="0" enqueued="0" />
  <stringconstants candidates="4574" cleared="0"  />
</gc-op>
<gc-op id="4564" type="sweep" timems="0.861" contextid="4560" timestamp="2019-07-02T23:04:54.744" />
<gc-end id="4565" type="global" contextid="4560" durationms="3.570" usertimems="12.000" systemtimems="0.000" timestamp="2019-07-02T23:04:54.744" activeThreads="4">
  <mem-info id="4566" free="10254792" total="16318464" percent="62">
    <mem type="tenure" free="10254792" total="16318464" percent="62" micro-fragmented="19979" macro-fragmented="0">
      <mem type="soa" free="10091976" total="16155648" percent="62" />
      <mem type="loa" free="162816" total="162816" percent="100" />
    </mem>
  </mem-info>
</gc-end>
<cycle-end id="4567" type="global" contextid="4560" timestamp="2019-07-02T23:04:54.744">
  <attribute name="GC Util" value="240" />
  <attribute name="CPU Util" value="7948027445610" />
  <attribute name="Time Running"value="5378"/>
  <attribute name="Number of cores"value="4"/>
</cycle-end>
<allocation-satisfied id="4568" threadId="0000000001130D00" bytesRequested="40" />
<af-end id="4569" timestamp="2019-07-02T23:04:54.744" threadId="0000000001131688" success="true" />
<exclusive-end id="4570" timestamp="2019-07-02T23:04:54.744" durationms="4.239" />

<exclusive-start id="4571" timestamp="2019-07-02T23:04:54.753" intervalms="13.514">
  <response-info timems="0.029" idlems="0.029" threads="0" lastid="0000000001134900" lastname="Thread-7" />
</exclusive-start>
<af-start id="4572" threadId="0000000001135288" totalBytesRequested="40" timestamp="2019-07-02T23:04:54.757" intervalms="17.135" />
<cycle-start id="4573" type="global" contextid="0" timestamp="2019-07-02T23:04:54.757" intervalms="17.232" />
  <attribute name="GC Util" value="240" />
  <attribute name="CPU Util" value="7948027445610" />
  <attribute name="Time Running"value="5378"/>
  <attribute name="Number of cores"value="4"/>
<gc-start id="4574" type="global" contextid="4573" timestamp="2019-07-02T23:04:54.758">
  <mem-info id="4575" free="162816" total="16318464" percent="0">
    <mem type="tenure" free="162816" total="16318464" percent="0">
      <mem type="soa" free="0" total="16155648" percent="0" />
      <mem type="loa" free="162816" total="162816" percent="100" />
    </mem>
  </mem-info>
</gc-start>
<allocation-stats totalBytes="10088784" >
  <allocated-bytes non-tlh="0" tlh="10088784" />
  <largest-consumer threadName="Thread-10" threadId="0000000001129500" bytes="4118408" />
</allocation-stats>
<gc-op id="4576" type="mark" timems="2.076" contextid="4573" timestamp="2019-07-02T23:04:54.760">
  <trace-info objectcount="71719" scancount="64153" scanbytes="2412860" />
  <finalization candidates="124" enqueued="0" />
  <ownableSynchronizers candidates="3" cleared="0" />
  <references type="soft" candidates="84" cleared="0" enqueued="0" dynamicThreshold="20" maxThreshold="32" />
  <references type="weak" candidates="774" cleared="0" enqueued="0" />
  <references type="phantom" candidates="63" cleared="0" enqueued="0" />
  <stringconstants candidates="4574" cleared="0"  />
</gc-op>
<gc-op id="4577" type="sweep" timems="0.863" contextid="4573" timestamp="2019-07-02T23:04:54.761" />
<gc-end id="4578" type="global" contextid="4573" durationms="3.451" usertimems="8.000" systemtimems="0.000" timestamp="2019-07-02T23:04:54.761" activeThreads="4">
  <mem-info id="4579" free="10176704" total="16318464" percent="62">
    <mem type="tenure" free="10176704" total="16318464" percent="62" micro-fragmented="61429" macro-fragmented="0">
      <mem type="soa" free="10013888" total="16155648" percent="61" />
      <mem type="loa" free="162816" total="162816" percent="100" />
    </mem>
  </mem-info>
</gc-end>
<cycle-end id="4580" type="global" contextid="4573" timestamp="2019-07-02T23:04:54.761">
  <attribute name="GC Util" value="235" />
  <attribute name="CPU Util" value="8527695310774" />
  <attribute name="Time Running"value="5395"/>
  <attribute name="Number of cores"value="4"/>
</cycle-end>
<allocation-satisfied id="4581" threadId="0000000001134900" bytesRequested="40" />
<af-end id="4582" timestamp="2019-07-02T23:04:54.761" threadId="0000000001135288" success="true" />
<exclusive-end id="4583" timestamp="2019-07-02T23:04:54.761" durationms="7.932" />

<exclusive-start id="4584" timestamp="2019-07-02T23:04:54.773" intervalms="19.332">
  <response-info timems="0.142" idlems="0.142" threads="0" lastid="0000000001129500" lastname="Thread-10" />
</exclusive-start>
<af-start id="4585" threadId="0000000001129E88" totalBytesRequested="40" timestamp="2019-07-02T23:04:54.773" intervalms="15.664" />
<cycle-start id="4586" type="global" contextid="0" timestamp="2019-07-02T23:04:54.773" intervalms="15.543" />
  <attribute name="GC Util" value="235" />
  <attribute name="CPU Util" value="8527695310774" />
  <attribute name="Time Running"value="5395"/>
  <attribute name="Number of cores"value="4"/>
<gc-start id="4587" type="global" contextid="4586" timestamp="2019-07-02T23:04:54.773">
  <mem-info id="4588" free="162816" total="16318464" percent="0">
    <mem type="tenure" free="162816" total="16318464" percent="0">
      <mem type="soa" free="0" total="16155648" percent="0" />
      <mem type="loa" free="162816" total="162816" percent="100" />
    </mem>
  </mem-info>
</gc-start>
<allocation-stats totalBytes="10007288" >
  <allocated-bytes non-tlh="0" tlh="10007288" />
  <largest-consumer threadName="Thread-8" threadId="000000000112D100" bytes="4473104" />
</allocation-stats>
<gc-op id="4589" type="mark" timems="1.803" contextid="4586" timestamp="2019-07-02T23:04:54.775">
  <trace-info objectcount="72238" scancount="64667" scanbytes="2425364" />
  <finalization candidates="124" enqueued="0" />
  <ownableSynchronizers candidates="3" cleared="0" />
  <references type="soft" candidates="84" cleared="0" enqueued="0" dynamicThreshold="19" maxThreshold="32" />
  <references type="weak" candidates="774" cleared="0" enqueued="0" />
  <references type="phantom" candidates="63" cleared="0" enqueued="0" />
  <stringconstants candidates="4574" cleared="0"  />
</gc-op>
<gc-op id="4590" type="sweep" timems="0.453" contextid="4586" timestamp="2019-07-02T23:04:54.775" />
<heap-resize id="4591" type="contract" space="tenure" amount="131072" count="1" timems="0.091" reason="excess free space following gc" timestamp="2019-07-02T23:04:54.776" />
<gc-end id="4592" type="global" contextid="4586" durationms="2.813" usertimems="8.000" systemtimems="0.000" timestamp="2019-07-02T23:04:54.776" activeThreads="4">
  <mem-info id="4593" free="9817064" total="16187392" percent="60">
    <mem type="tenure" free="9817064" total="16187392" percent="60" micro-fragmented="51723" macro-fragmented="0">
      <mem type="soa" free="9817064" total="16025600" percent="61" />
      <mem type="loa" free="0" total="161792" percent="0" />
    </mem>
  </mem-info>
</gc-end>
<cycle-end id="4594" type="global" contextid="4586" timestamp="2019-07-02T23:04:54.776">
  <attribute name="GC Util" value="245" />
  <attribute name="CPU Util" value="9781125937227" />
  <attribute name="Time Running"value="5410"/>
  <attribute name="Number of cores"value="4"/>
</cycle-end>
<allocation-satisfied id="4595" threadId="0000000001129500" bytesRequested="40" />
<af-end id="4596" timestamp="2019-07-02T23:04:54.776" threadId="0000000001129E88" success="true" />
<exclusive-end id="4597" timestamp="2019-07-02T23:04:54.776" durationms="3.434" />

<exclusive-start id="4598" timestamp="2019-07-02T23:04:54.788" intervalms="15.561">
  <response-info timems="0.076" idlems="0.055" threads="3" lastid="0000000001130D00" lastname="Thread-9" />
</exclusive-start>
<af-start id="4599" threadId="0000000001135288" totalBytesRequested="40" timestamp="2019-07-02T23:04:54.788" intervalms="15.632" />
<cycle-start id="4600" type="global" contextid="0" timestamp="2019-07-02T23:04:54.789" intervalms="15.634" />
  <attribute name="GC Util" value="245" />
  <attribute name="CPU Util" value="9781125937227" />
  <attribute name="Time Running"value="5410"/>
  <attribute name="Number of cores"value="4"/>
<gc-start id="4601" type="global" contextid="4600" timestamp="2019-07-02T23:04:54.789">
  <mem-info id="4602" free="0" total="16187392" percent="0">
    <mem type="tenure" free="0" total="16187392" percent="0">
      <mem type="soa" free="0" total="16025600" percent="0" />
      <mem type="loa" free="0" total="161792" percent="0" />
    </mem>
  </mem-info>
</gc-start>
<allocation-stats totalBytes="9809960" >
  <allocated-bytes non-tlh="0" tlh="9809960" />
  <largest-consumer threadName="Thread-10" threadId="0000000001129500" bytes="5214712" />
</allocation-stats>
<gc-op id="4603" type="mark" timems="2.321" contextid="4600" timestamp="2019-07-02T23:04:54.791">
  <trace-info objectcount="72842" scancount="65252" scanbytes="2439700" />
  <finalization candidates="124" enqueued="0" />
  <ownableSynchronizers candidates="3" cleared="0" />
  <references type="soft" candidates="84" cleared="0" enqueued="0" dynamicThreshold="19" maxThreshold="32" />
  <references type="weak" candidates="774" cleared="0" enqueued="0" />
  <references type="phantom" candidates="63" cleared="0" enqueued="0" />
  <stringconstants candidates="4574" cleared="0"  />
</gc-op>
<gc-op id="4604" type="sweep" timems="0.944" contextid="4600" timestamp="2019-07-02T23:04:54.792" />
<gc-end id="4605" type="global" contextid="4600" durationms="3.753" usertimems="8.000" systemtimems="0.000" timestamp="2019-07-02T23:04:54.792" activeThreads="4">
  <mem-info id="4606" free="9728400" total="16187392" percent="60">
    <mem type="tenure" free="9728400" total="16187392" percent="60" micro-fragmented="85805" macro-fragmented="0">
      <mem type="soa" free="9728400" total="16025600" percent="60" />
      <mem type="loa" free="0" total="161792" percent="0" />
    </mem>
  </mem-info>
</gc-end>
<cycle-end id="4607" type="global" contextid="4600" timestamp="2019-07-02T23:04:54.792">
  <attribute name="GC Util" value="241" />
  <attribute name="CPU Util" value="7697407124516" />
  <attribute name="Time Running"value="5426"/>
  <attribute name="Number of cores"value="4"/>
</cycle-end>
<allocation-satisfied id="4608" threadId="0000000001134900" bytesRequested="40" />
<af-end id="4609" timestamp="2019-07-02T23:04:54.793" threadId="0000000001135288" success="true" />
<exclusive-end id="4610" timestamp="2019-07-02T23:04:54.793" durationms="4.550" />

<exclusive-start id="4611" timestamp="2019-07-02T23:04:54.803" intervalms="14.587">
  <response-info timems="0.038" idlems="0.021" threads="1" lastid="0000000001130D00" lastname="Thread-9" />
</exclusive-start>
<af-start id="4612" threadId="0000000001135288" totalBytesRequested="40" timestamp="2019-07-02T23:04:54.803" intervalms="14.569" />
<cycle-start id="4613" type="global" contextid="0" timestamp="2019-07-02T23:04:54.803" intervalms="14.567" />
  <attribute name="GC Util" value="241" />
  <attribute name="CPU Util" value="7697407124516" />
  <attribute name="Time Running"value="5426"/>
  <attribute name="Number of cores"value="4"/>
<gc-start id="4614" type="global" contextid="4613" timestamp="2019-07-02T23:04:54.803">
  <mem-info id="4615" free="0" total="16187392" percent="0">
    <mem type="tenure" free="0" total="16187392" percent="0">
      <mem type="soa" free="0" total="16025600" percent="0" />
      <mem type="loa" free="0" total="161792" percent="0" />
    </mem>
  </mem-info>
</gc-start>
<allocation-stats totalBytes="9720864" >
  <allocated-bytes non-tlh="0" tlh="9720864" />
  <largest-consumer threadName="Thread-8" threadId="000000000112D100" bytes="4500776" />
</allocation-stats>
<gc-op id="4616" type="mark" timems="2.231" contextid="4613" timestamp="2019-07-02T23:04:54.806">
  <trace-info objectcount="73346" scancount="65769" scanbytes="2451732" />
  <finalization candidates="124" enqueued="0" />
  <ownableSynchronizers candidates="3" cleared="0" />
  <references type="soft" candidates="84" cleared="0" enqueued="0" dynamicThreshold="19" maxThreshold="32" />
  <references type="weak" candidates="774" cleared="0" enqueued="0" />
  <references type="phantom" candidates="63" cleared="0" enqueued="0" />
  <stringconstants candidates="4574" cleared="0"  />
</gc-op>
<gc-op id="4617" type="sweep" timems="0.994" contextid="4613" timestamp="2019-07-02T23:04:54.807" />
<heap-resize id="4618" type="expand" space="tenure" amount="1048576" count="1" timems="0.104" reason="excessive time being spent in gc" timestamp="2019-07-02T23:04:54.807" />
<gc-end id="4619" type="global" contextid="4613" durationms="3.837" usertimems="8.000" systemtimems="0.000" timestamp="2019-07-02T23:04:54.807" activeThreads="4">
  <mem-info id="4620" free="10676632" total="17235968" percent="61">
    <mem type="tenure" free="10676632" total="17235968" percent="61" micro-fragmented="162316" macro-fragmented="0">
      <mem type="soa" free="10504600" total="17063936" percent="61" />
      <mem type="loa" free="172032" total="172032" percent="100" />
    </mem>
  </mem-info>
</gc-end>
<cycle-end id="4621" type="global" contextid="4613" timestamp="2019-07-02T23:04:54.807">
  <attribute name="GC Util" value="232" />
  <attribute name="CPU Util" value="8043281716839" />
  <attribute name="Time Running"value="5441"/>
  <attribute name="Number of cores"value="4"/>
</cycle-end>
<allocation-satisfied id="4622" threadId="0000000001134900" bytesRequested="40" />
<af-end id="4623" timestamp="2019-07-02T23:04:54.807" threadId="0000000001135288" success="true" />
<exclusive-end id="4624" timestamp="2019-07-02T23:04:54.807" durationms="4.507" />

<exclusive-start id="4625" timestamp="2019-07-02T23:04:54.816" intervalms="13.222">
  <response-info timems="0.038" idlems="0.026" threads="2" lastid="0000000001130D00" lastname="Thread-9" />
</exclusive-start>
<af-start id="4626" threadId="0000000001135288" totalBytesRequested="40" timestamp="2019-07-02T23:04:54.816" intervalms="13.221" />
<cycle-start id="4627" type="global" contextid="0" timestamp="2019-07-02T23:04:54.816" intervalms="13.219" />
  <attribute name="GC Util" value="232" />
  <attribute name="CPU Util" value="8043281716839" />
  <attribute name="Time Running"value="5441"/>
  <attribute name="Number of cores"value="4"/>
<gc-start id="4628" type="global" contextid="4627" timestamp="2019-07-02T23:04:54.816">
  <mem-info id="4629" free="172032" total="17235968" percent="0">
    <mem type="tenure" free="172032" total="17235968" percent="0">
      <mem type="soa" free="0" total="17063936" percent="0" />
      <mem type="loa" free="172032" total="172032" percent="100" />
    </mem>
  </mem-info>
</gc-start>
<allocation-stats totalBytes="10495448" >
  <allocated-bytes non-tlh="0" tlh="10495448" />
  <largest-consumer threadName="Thread-10" threadId="0000000001129500" bytes="3713608" />
</allocation-stats>
<gc-op id="4630" type="mark" timems="2.473" contextid="4627" timestamp="2019-07-02T23:04:54.819">
  <trace-info objectcount="74038" scancount="66473" scanbytes="2468452" />
  <finalization candidates="124" enqueued="0" />
  <ownableSynchronizers candidates="3" cleared="0" />
  <references type="soft" candidates="84" cleared="0" enqueued="0" dynamicThreshold="19" maxThreshold="32" />
  <references type="weak" candidates="774" cleared="0" enqueued="0" />
  <references type="phantom" candidates="63" cleared="0" enqueued="0" />
  <stringconstants candidates="4574" cleared="0"  />
</gc-op>
<gc-op id="4631" type="sweep" timems="0.932" contextid="4627" timestamp="2019-07-02T23:04:54.820" />
<gc-end id="4632" type="global" contextid="4627" durationms="3.878" usertimems="8.000" systemtimems="4.000" timestamp="2019-07-02T23:04:54.820" activeThreads="4">
  <mem-info id="4633" free="10739984" total="17235968" percent="62">
    <mem type="tenure" free="10739984" total="17235968" percent="62" micro-fragmented="132974" macro-fragmented="0">
      <mem type="soa" free="10567952" total="17063936" percent="61" />
      <mem type="loa" free="172032" total="172032" percent="100" />
    </mem>
  </mem-info>
</gc-end>
<cycle-end id="4634" type="global" contextid="4627" timestamp="2019-07-02T23:04:54.820">
  <attribute name="GC Util" value="246" />
  <attribute name="CPU Util" value="7215477644650" />
  <attribute name="Time Running"value="5454"/>
  <attribute name="Number of cores"value="4"/>
</cycle-end>
<allocation-satisfied id="4635" threadId="0000000001134900" bytesRequested="40" />
<af-end id="4636" timestamp="2019-07-02T23:04:54.821" threadId="0000000001135288" success="true" />
<exclusive-end id="4637" timestamp="2019-07-02T23:04:54.821" durationms="4.612" />

<exclusive-start id="4638" timestamp="2019-07-02T23:04:54.829" intervalms="13.059">
  <response-info timems="0.042" idlems="0.042" threads="0" lastid="0000000001134900" lastname="Thread-7" />
</exclusive-start>
<af-start id="4639" threadId="0000000001135288" totalBytesRequested="24" timestamp="2019-07-02T23:04:54.829" intervalms="13.052" />
<cycle-start id="4640" type="global" contextid="0" timestamp="2019-07-02T23:04:54.829" intervalms="13.051" />
  <attribute name="GC Util" value="246" />
  <attribute name="CPU Util" value="7215477644650" />
  <attribute name="Time Running"value="5454"/>
  <attribute name="Number of cores"value="4"/>
<gc-start id="4641" type="global" contextid="4640" timestamp="2019-07-02T23:04:54.829">
  <mem-info id="4642" free="172032" total="17235968" percent="0">
    <mem type="tenure" free="172032" total="17235968" percent="0">
      <mem type="soa" free="0" total="17063936" percent="0" />
      <mem type="loa" free="172032" total="172032" percent="100" />
    </mem>
  </mem-info>
</gc-start>
<allocation-stats totalBytes="10559016" >
  <allocated-bytes non-tlh="0" tlh="10559016" />
  <largest-consumer threadName="Thread-10" threadId="0000000001129500" bytes="3694888" />
</allocation-stats>
<gc-op id="4643" type="mark" timems="2.598" contextid="4640" timestamp="2019-07-02T23:04:54.832">
  <trace-info objectcount="65942" scancount="58358" scanbytes="2140032" />
  <finalization candidates="124" enqueued="0" />
  <ownableSynchronizers candidates="3" cleared="0" />
  <references type="soft" candidates="84" cleared="0" enqueued="0" dynamicThreshold="19" maxThreshold="32" />
  <references type="weak" candidates="774" cleared="0" enqueued="0" />
  <references type="phantom" candidates="63" cleared="0" enqueued="0" />
  <stringconstants candidates="4574" cleared="0"  />
</gc-op>
<gc-op id="4644" type="sweep" timems="0.959" contextid="4640" timestamp="2019-07-02T23:04:54.833" />
<gc-end id="4645" type="global" contextid="4640" durationms="3.875" usertimems="4.000" systemtimems="4.000" timestamp="2019-07-02T23:04:54.833" activeThreads="4">
  <mem-info id="4646" free="11070216" total="17235968" percent="64">
    <mem type="tenure" free="11070216" total="17235968" percent="64" micro-fragmented="136239" macro-fragmented="0">
      <mem type="soa" free="10898184" total="17063936" percent="63" />
      <mem type="loa" free="172032" total="172032" percent="100" />
    </mem>
  </mem-info>
</gc-end>
<cycle-end id="4647" type="global" contextid="4640" timestamp="2019-07-02T23:04:54.833">
  <attribute name="GC Util" value="252" />
  <attribute name="CPU Util" value="6968471939674" />
  <attribute name="Time Running"value="5467"/>
  <attribute name="Number of cores"value="4"/>
</cycle-end>
<allocation-satisfied id="4648" threadId="0000000001134900" bytesRequested="24" />
<af-end id="4649" timestamp="2019-07-02T23:04:54.834" threadId="0000000001135288" success="true" />
<exclusive-end id="4650" timestamp="2019-07-02T23:04:54.834" durationms="4.561" />

<exclusive-start id="4651" timestamp="2019-07-02T23:04:54.845" intervalms="15.425">
  <response-info timems="0.034" idlems="0.034" threads="0" lastid="000000000112D100" lastname="Thread-8" />
</exclusive-start>
<af-start id="4652" threadId="000000000112DA88" totalBytesRequested="40" timestamp="2019-07-02T23:04:54.845" intervalms="15.413" />
<cycle-start id="4653" type="global" contextid="0" timestamp="2019-07-02T23:04:54.845" intervalms="15.411" />
  <attribute name="GC Util" value="252" />
  <attribute name="CPU Util" value="6968471939674" />
  <attribute name="Time Running"value="5467"/>
  <attribute name="Number of cores"value="4"/>
<gc-start id="4654" type="global" contextid="4653" timestamp="2019-07-02T23:04:54.845">
  <mem-info id="4655" free="172032" total="17235968" percent="0">
    <mem type="tenure" free="172032" total="17235968" percent="0">
      <mem type="soa" free="0" total="17063936" percent="0" />
      <mem type="loa" free="172032" total="172032" percent="100" />
    </mem>
  </mem-info>
</gc-start>
<allocation-stats totalBytes="10924496" >
  <allocated-bytes non-tlh="23160" tlh="10901336" />
  <largest-consumer threadName="Thread-8" threadId="000000000112D100" bytes="4731072" />
</allocation-stats>
<gc-op id="4656" type="mark" timems="2.387" contextid="4653" timestamp="2019-07-02T23:04:54.847">
  <trace-info objectcount="70579" scancount="62992" scanbytes="2385228" />
  <finalization candidates="124" enqueued="0" />
  <ownableSynchronizers candidates="3" cleared="0" />
  <references type="soft" candidates="84" cleared="0" enqueued="0" dynamicThreshold="20" maxThreshold="32" />
  <references type="weak" candidates="774" cleared="0" enqueued="0" />
  <references type="phantom" candidates="63" cleared="0" enqueued="0" />
  <stringconstants candidates="4574" cleared="0"  />
</gc-op>
<gc-op id="4657" type="sweep" timems="0.934" contextid="4653" timestamp="2019-07-02T23:04:54.848" />
<heap-resize id="4658" type="contract" space="tenure" amount="131072" count="1" timems="0.079" reason="excess free space following gc" timestamp="2019-07-02T23:04:54.849" />
<gc-end id="4659" type="global" contextid="4653" durationms="3.793" usertimems="4.000" systemtimems="8.000" timestamp="2019-07-02T23:04:54.849" activeThreads="4">
  <mem-info id="4660" free="10440624" total="17104896" percent="61">
    <mem type="tenure" free="10440624" total="17104896" percent="61" micro-fragmented="120544" macro-fragmented="0">
      <mem type="soa" free="10440624" total="16933888" percent="61" />
      <mem type="loa" free="0" total="171008" percent="0" />
    </mem>
  </mem-info>
</gc-end>
<cycle-end id="4661" type="global" contextid="4653" timestamp="2019-07-02T23:04:54.849">
  <attribute name="GC Util" value="261" />
  <attribute name="CPU Util" value="7447115661650" />
  <attribute name="Time Running"value="5483"/>
  <attribute name="Number of cores"value="4"/>
</cycle-end>
<allocation-satisfied id="4662" threadId="000000000112D100" bytesRequested="40" />
<af-end id="4663" timestamp="2019-07-02T23:04:54.849" threadId="000000000112DA88" success="true" />
<exclusive-end id="4664" timestamp="2019-07-02T23:04:54.849" durationms="4.394" />

<exclusive-start id="4665" timestamp="2019-07-02T23:04:54.857" intervalms="11.983">
  <response-info timems="0.033" idlems="0.033" threads="0" lastid="000000000112D100" lastname="Thread-8" />
</exclusive-start>
<af-start id="4666" threadId="000000000112DA88" totalBytesRequested="40" timestamp="2019-07-02T23:04:54.857" intervalms="11.947" />
<cycle-start id="4667" type="global" contextid="0" timestamp="2019-07-02T23:04:54.857" intervalms="11.952" />
  <attribute name="GC Util" value="261" />
  <attribute name="CPU Util" value="7447115661650" />
  <attribute name="Time Running"value="5483"/>
  <attribute name="Number of cores"value="4"/>
<gc-start id="4668" type="global" contextid="4667" timestamp="2019-07-02T23:04:54.857">
  <mem-info id="4669" free="0" total="17104896" percent="0">
    <mem type="tenure" free="0" total="17104896" percent="0">
      <mem type="soa" free="0" total="16933888" percent="0" />
      <mem type="loa" free="0" total="171008" percent="0" />
    </mem>
  </mem-info>
</gc-start>
<allocation-stats totalBytes="10472256" >
  <allocated-bytes non-tlh="0" tlh="10472256" />
  <largest-consumer threadName="Thread-8" threadId="000000000112D100" bytes="3270008" />
</allocation-stats>
<gc-op id="4670" type="mark" timems="2.769" contextid="4667" timestamp="2019-07-02T23:04:54.860">
  <trace-info objectcount="71307" scancount="63737" scanbytes="2402484" />
  <finalization candidates="124" enqueued="0" />
  <ownableSynchronizers candidates="3" cleared="0" />
  <references type="soft" candidates="84" cleared="0" enqueued="0" dynamicThreshold="19" maxThreshold="32" />
  <references type="weak" candidates="774" cleared="0" enqueued="0" />
  <references type="phantom" candidates="63" cleared="0" enqueued="0" />
  <stringconstants candidates="4574" cleared="0"  />
</gc-op>
<gc-op id="4671" type="sweep" timems="0.970" contextid="4667" timestamp="2019-07-02T23:04:54.861" />
<gc-end id="4672" type="global" contextid="4667" durationms="4.107" usertimems="12.000" systemtimems="0.000" timestamp="2019-07-02T23:04:54.861" activeThreads="4">
  <mem-info id="4673" free="10416704" total="17104896" percent="60">
    <mem type="tenure" free="10416704" total="17104896" percent="60" micro-fragmented="199641" macro-fragmented="0">
      <mem type="soa" free="10334824" total="16933888" percent="61" />
      <mem type="loa" free="81880" total="171008" percent="47" />
    </mem>
  </mem-info>
</gc-end>
<cycle-end id="4674" type="global" contextid="4667" timestamp="2019-07-02T23:04:54.861">
  <attribute name="GC Util" value="248" />
  <attribute name="CPU Util" value="6480493363145" />
  <attribute name="Time Running"value="5495"/>
  <attribute name="Number of cores"value="4"/>
</cycle-end>
<allocation-satisfied id="4675" threadId="000000000112D100" bytesRequested="40" />
<af-end id="4676" timestamp="2019-07-02T23:04:54.861" threadId="000000000112DA88" success="true" />
<exclusive-end id="4677" timestamp="2019-07-02T23:04:54.861" durationms="4.639" />

<exclusive-start id="4678" timestamp="2019-07-02T23:04:54.869" intervalms="12.770">
  <response-info timems="0.036" idlems="0.036" threads="0" lastid="000000000112D100" lastname="Thread-8" />
</exclusive-start>
<af-start id="4679" threadId="000000000112DA88" totalBytesRequested="40" timestamp="2019-07-02T23:04:54.869" intervalms="12.810" />
<cycle-start id="4680" type="global" contextid="0" timestamp="2019-07-02T23:04:54.870" intervalms="12.803" />
  <attribute name="GC Util" value="248" />
  <attribute name="CPU Util" value="6480493363145" />
  <attribute name="Time Running"value="5495"/>
  <attribute name="Number of cores"value="4"/>
<gc-start id="4681" type="global" contextid="4680" timestamp="2019-07-02T23:04:54.870">
  <mem-info id="4682" free="81880" total="17104896" percent="0">
    <mem type="tenure" free="81880" total="17104896" percent="0">
      <mem type="soa" free="0" total="16933888" percent="0" />
      <mem type="loa" free="81880" total="171008" percent="47" />
    </mem>
  </mem-info>
</gc-start>
<allocation-stats totalBytes="10333568" >
  <allocated-bytes non-tlh="0" tlh="10333568" />
  <largest-consumer threadName="Thread-10" threadId="0000000001129500" bytes="3450032" />
</allocation-stats>
<gc-op id="4683" type="mark" timems="2.132" contextid="4680" timestamp="2019-07-02T23:04:54.872">
  <trace-info objectcount="72101" scancount="64520" scanbytes="2422044" />
  <finalization candidates="124" enqueued="0" />
  <ownableSynchronizers candidates="3" cleared="0" />
  <references type="soft" candidates="84" cleared="0" enqueued="0" dynamicThreshold="19" maxThreshold="32" />
  <references type="weak" candidates="774" cleared="0" enqueued="0" />
  <references type="phantom" candidates="63" cleared="0" enqueued="0" />
  <stringconstants candidates="4574" cleared="0"  />
</gc-op>
<gc-op id="4684" type="sweep" timems="0.965" contextid="4680" timestamp="2019-07-02T23:04:54.873" />
<gc-end id="4685" type="global" contextid="4680" durationms="3.337" usertimems="8.000" systemtimems="0.000" timestamp="2019-07-02T23:04:54.873" activeThreads="4">
  <mem-info id="4686" free="10305768" total="17104896" percent="60">
    <mem type="tenure" free="10305768" total="17104896" percent="60" micro-fragmented="214078" macro-fragmented="0">
      <mem type="soa" free="10223888" total="16933888" percent="60" />
      <mem type="loa" free="81880" total="171008" percent="47" />
    </mem>
  </mem-info>
</gc-end>
<cycle-end id="4687" type="global" contextid="4680" timestamp="2019-07-02T23:04:54.873">
  <attribute name="GC Util" value="259" />
  <attribute name="CPU Util" value="8505326703176" />
  <attribute name="Time Running"value="5507"/>
  <attribute name="Number of cores"value="4"/>
</cycle-end>
<allocation-satisfied id="4688" threadId="000000000112D100" bytesRequested="40" />
<af-end id="4689" timestamp="2019-07-02T23:04:54.873" threadId="000000000112DA88" success="true" />
<exclusive-end id="4690" timestamp="2019-07-02T23:04:54.873" durationms="3.875" />

<exclusive-start id="4691" timestamp="2019-07-02T23:04:54.881" intervalms="11.279">
  <response-info timems="0.032" idlems="0.032" threads="0" lastid="0000000001129500" lastname="Thread-10" />
</exclusive-start>
<af-start id="4692" threadId="0000000001129E88" totalBytesRequested="40" timestamp="2019-07-02T23:04:54.881" intervalms="11.289" />
<cycle-start id="4693" type="global" contextid="0" timestamp="2019-07-02T23:04:54.881" intervalms="11.303" />
  <attribute name="GC Util" value="259" />
  <attribute name="CPU Util" value="8505326703176" />
  <attribute name="Time Running"value="5507"/>
  <attribute name="Number of cores"value="4"/>
<gc-start id="4694" type="global" contextid="4693" timestamp="2019-07-02T23:04:54.881">
  <mem-info id="4695" free="81880" total="17104896" percent="0">
    <mem type="tenure" free="81880" total="17104896" percent="0">
      <mem type="soa" free="0" total="16933888" percent="0" />
      <mem type="loa" free="81880" total="171008" percent="47" />
    </mem>
  </mem-info>
</gc-start>
<allocation-stats totalBytes="10213216" >
  <allocated-bytes non-tlh="23160" tlh="10190056" />
  <largest-consumer threadName="Thread-10" threadId="0000000001129500" bytes="3299192" />
</allocation-stats>
<gc-op id="4696" type="mark" timems="2.488" contextid="4693" timestamp="2019-07-02T23:04:54.883">
  <trace-info objectcount="67806" scancount="60221" scanbytes="2318724" />
  <finalization candidates="124" enqueued="0" />
  <ownableSynchronizers candidates="3" cleared="0" />
  <references type="soft" candidates="84" cleared="0" enqueued="0" dynamicThreshold="19" maxThreshold="32" />
  <references type="weak" candidates="774" cleared="0" enqueued="0" />
  <references type="phantom" candidates="63" cleared="0" enqueued="0" />
  <stringconstants candidates="4574" cleared="0"  />
</gc-op>
<gc-op id="4697" type="sweep" timems="0.905" contextid="4693" timestamp="2019-07-02T23:04:54.884" />
<heap-resize id="4698" type="contract" space="tenure" amount="65536" count="1" timems="0.131" reason="excess free space following gc" timestamp="2019-07-02T23:04:54.885" />
<gc-end id="4699" type="global" contextid="4693" durationms="4.040" usertimems="8.000" systemtimems="4.000" timestamp="2019-07-02T23:04:54.885" activeThreads="4">
  <mem-info id="4700" free="10561632" total="17039360" percent="61">
    <mem type="tenure" free="10561632" total="17039360" percent="61" micro-fragmented="177249" macro-fragmented="25597">
      <mem type="soa" free="10561632" total="16869376" percent="62" />
      <mem type="loa" free="0" total="169984" percent="0" />
    </mem>
  </mem-info>
</gc-end>
<cycle-end id="4701" type="global" contextid="4693" timestamp="2019-07-02T23:04:54.885">
  <attribute name="GC Util" value="246" />
  <attribute name="CPU Util" value="7155183885394" />
  <attribute name="Time Running"value="5519"/>
  <attribute name="Number of cores"value="4"/>
</cycle-end>
<allocation-satisfied id="4702" threadId="0000000001129500" bytesRequested="40" />
<af-end id="4703" timestamp="2019-07-02T23:04:54.885" threadId="0000000001129E88" success="true" />
<exclusive-end id="4704" timestamp="2019-07-02T23:04:54.885" durationms="4.891" />

<exclusive-start id="4705" timestamp="2019-07-02T23:04:54.893" intervalms="12.710">
  <response-info timems="0.035" idlems="0.033" threads="1" lastid="0000000001130D00" lastname="Thread-9" />
</exclusive-start>
<af-start id="4706" threadId="000000000112DA88" totalBytesRequested="40" timestamp="2019-07-02T23:04:54.893" intervalms="12.690" />
<cycle-start id="4707" type="global" contextid="0" timestamp="2019-07-02T23:04:54.893" intervalms="12.679" />
  <attribute name="GC Util" value="246" />
  <attribute name="CPU Util" value="7155183885394" />
  <attribute name="Time Running"value="5519"/>
  <attribute name="Number of cores"value="4"/>
<gc-start id="4708" type="global" contextid="4707" timestamp="2019-07-02T23:04:54.894">
  <mem-info id="4709" free="0" total="17039360" percent="0">
    <mem type="tenure" free="0" total="17039360" percent="0">
      <mem type="soa" free="0" total="16869376" percent="0" />
      <mem type="loa" free="0" total="169984" percent="0" />
    </mem>
  </mem-info>
</gc-start>
<allocation-stats totalBytes="10559632" >
  <allocated-bytes non-tlh="0" tlh="10559632" />
  <largest-consumer threadName="Thread-8" threadId="000000000112D100" bytes="3444792" />
</allocation-stats>
<gc-op id="4710" type="mark" timems="1.936" contextid="4707" timestamp="2019-07-02T23:04:54.896">
  <trace-info objectcount="68536" scancount="60967" scanbytes="2335972" />
  <finalization candidates="124" enqueued="0" />
  <ownableSynchronizers candidates="3" cleared="0" />
  <references type="soft" candidates="84" cleared="0" enqueued="0" dynamicThreshold="19" maxThreshold="32" />
  <references type="weak" candidates="774" cleared="0" enqueued="0" />
  <references type="phantom" candidates="63" cleared="0" enqueued="0" />
  <stringconstants candidates="4574" cleared="0"  />
</gc-op>
<gc-op id="4711" type="sweep" timems="0.944" contextid="4707" timestamp="2019-07-02T23:04:54.897" />
<gc-end id="4712" type="global" contextid="4707" durationms="3.130" usertimems="12.000" systemtimems="0.000" timestamp="2019-07-02T23:04:54.897" activeThreads="4">
  <mem-info id="4713" free="10462096" total="17039360" percent="61">
    <mem type="tenure" free="10462096" total="17039360" percent="61" micro-fragmented="192957" macro-fragmented="16211">
      <mem type="soa" free="10462096" total="16869376" percent="62" />
      <mem type="loa" free="0" total="169984" percent="0" />
    </mem>
  </mem-info>
</gc-end>
<cycle-end id="4714" type="global" contextid="4707" timestamp="2019-07-02T23:04:54.897">
  <attribute name="GC Util" value="252" />
  <attribute name="CPU Util" value="9279550296128" />
  <attribute name="Time Running"value="5531"/>
  <attribute name="Number of cores"value="4"/>
</cycle-end>
<allocation-satisfied id="4715" threadId="000000000112D100" bytesRequested="40" />
<af-end id="4716" timestamp="2019-07-02T23:04:54.897" threadId="000000000112DA88" success="true" />
<exclusive-end id="4717" timestamp="2019-07-02T23:04:54.897" durationms="3.643" />

<exclusive-start id="4718" timestamp="2019-07-02T23:04:54.905" intervalms="11.243">
  <response-info timems="0.031" idlems="0.031" threads="0" lastid="0000000001129500" lastname="Thread-10" />
</exclusive-start>
<af-start id="4719" threadId="0000000001129E88" totalBytesRequested="40" timestamp="2019-07-02T23:04:54.905" intervalms="11.267" />
<cycle-start id="4720" type="global" contextid="0" timestamp="2019-07-02T23:04:54.905" intervalms="11.273" />
  <attribute name="GC Util" value="252" />
  <attribute name="CPU Util" value="9279550296128" />
  <attribute name="Time Running"value="5531"/>
  <attribute name="Number of cores"value="4"/>
<gc-start id="4721" type="global" contextid="4720" timestamp="2019-07-02T23:04:54.905">
  <mem-info id="4722" free="0" total="17039360" percent="0">
    <mem type="tenure" free="0" total="17039360" percent="0">
      <mem type="soa" free="0" total="16869376" percent="0" />
      <mem type="loa" free="0" total="169984" percent="0" />
    </mem>
  </mem-info>
</gc-start>
<allocation-stats totalBytes="10460120" >
  <allocated-bytes non-tlh="0" tlh="10460120" />
  <largest-consumer threadName="Thread-10" threadId="0000000001129500" bytes="3413080" />
</allocation-stats>
<gc-op id="4723" type="mark" timems="2.403" contextid="4720" timestamp="2019-07-02T23:04:54.907">
  <trace-info objectcount="69260" scancount="61686" scanbytes="2353604" />
  <finalization candidates="124" enqueued="0" />
  <ownableSynchronizers candidates="3" cleared="0" />
  <references type="soft" candidates="84" cleared="0" enqueued="0" dynamicThreshold="19" maxThreshold="32" />
  <references type="weak" candidates="774" cleared="0" enqueued="0" />
  <references type="phantom" candidates="63" cleared="0" enqueued="0" />
  <stringconstants candidates="4574" cleared="0"  />
</gc-op>
<gc-op id="4724" type="sweep" timems="0.977" contextid="4720" timestamp="2019-07-02T23:04:54.908" />
<gc-end id="4725" type="global" contextid="4720" durationms="3.788" usertimems="8.000" systemtimems="4.000" timestamp="2019-07-02T23:04:54.909" activeThreads="4">
  <mem-info id="4726" free="10362544" total="17039360" percent="60">
    <mem type="tenure" free="10362544" total="17039360" percent="60" micro-fragmented="213167" macro-fragmented="9991">
      <mem type="soa" free="10362544" total="16869376" percent="61" />
      <mem type="loa" free="0" total="169984" percent="0" />
    </mem>
  </mem-info>
</gc-end>
<cycle-end id="4727" type="global" contextid="4720" timestamp="2019-07-02T23:04:54.909">
  <attribute name="GC Util" value="259" />
  <attribute name="CPU Util" value="7401609942698" />
  <attribute name="Time Running"value="5543"/>
  <attribute name="Number of cores"value="4"/>
</cycle-end>
<allocation-satisfied id="4728" threadId="0000000001129500" bytesRequested="40" />
<af-end id="4729" timestamp="2019-07-02T23:04:54.909" threadId="0000000001129E88" success="true" />
<exclusive-end id="4730" timestamp="2019-07-02T23:04:54.909" durationms="4.613" />

<exclusive-start id="4731" timestamp="2019-07-02T23:04:54.915" intervalms="10.591">
  <response-info timems="0.034" idlems="0.034" threads="0" lastid="000000000112D100" lastname="Thread-8" />
</exclusive-start>
<af-start id="4732" threadId="000000000112DA88" totalBytesRequested="19056" timestamp="2019-07-02T23:04:54.915" intervalms="10.615" />
<cycle-start id="4733" type="global" contextid="0" timestamp="2019-07-02T23:04:54.915" intervalms="10.620" />
  <attribute name="GC Util" value="259" />
  <attribute name="CPU Util" value="7401609942698" />
  <attribute name="Time Running"value="5543"/>
  <attribute name="Number of cores"value="4"/>
<gc-start id="4734" type="global" contextid="4733" timestamp="2019-07-02T23:04:54.915">
  <mem-info id="4735" free="2144736" total="17039360" percent="12">
    <mem type="tenure" free="2144736" total="17039360" percent="12">
      <mem type="soa" free="2144736" total="16869376" percent="12" />
      <mem type="loa" free="0" total="169984" percent="0" />
    </mem>
  </mem-info>
</gc-start>
<allocation-stats totalBytes="8208328" >
  <allocated-bytes non-tlh="4104" tlh="8204224" />
  <largest-consumer threadName="Thread-8" threadId="000000000112D100" bytes="2725576" />
</allocation-stats>
<gc-op id="4736" type="mark" timems="1.650" contextid="4733" timestamp="2019-07-02T23:04:54.917">
  <trace-info objectcount="60425" scancount="52858" scanbytes="2008200" />
  <finalization candidates="124" enqueued="0" />
  <ownableSynchronizers candidates="3" cleared="0" />
  <references type="soft" candidates="84" cleared="0" enqueued="0" dynamicThreshold="19" maxThreshold="32" />
  <references type="weak" candidates="774" cleared="0" enqueued="0" />
  <references type="phantom" candidates="63" cleared="0" enqueued="0" />
  <stringconstants candidates="4574" cleared="0"  />
</gc-op>
<gc-op id="4737" type="sweep" timems="0.400" contextid="4733" timestamp="2019-07-02T23:04:54.918" />
<mem-info id="4738" free="11033464" total="17039360" percent="64">
  <mem type="tenure" free="11033464" total="17039360" percent="64" micro-fragmented="126029" macro-fragmented="0">
    <mem type="soa" free="11033464" total="16869376" percent="65" />
    <mem type="loa" free="0" total="169984" percent="0" />
  </mem>
</mem-info>
<gc-op id="4739" type="compact" timems="3.614" contextid="4733" timestamp="2019-07-02T23:04:54.922">
  <compact-info movecount="20686" movebytes="913896" reason="compact to aid heap contraction" />
</gc-op>
<heap-resize id="4740" type="contract" space="tenure" amount="131072" count="1" timems="0.094" reason="excess free space following gc" timestamp="2019-07-02T23:04:54.922" />
<gc-end id="4741" type="global" contextid="4733" durationms="6.539" usertimems="12.000" systemtimems="0.000" timestamp="2019-07-02T23:04:54.922" activeThreads="4">
  <mem-info id="4742" free="11372752" total="16908288" percent="67">
    <mem type="tenure" free="11372752" total="16908288" percent="67">
      <mem type="soa" free="11242704" total="16739328" percent="67" />
      <mem type="loa" free="130048" total="168960" percent="76" />
    </mem>
  </mem-info>
</gc-end>
<cycle-end id="4743" type="global" contextid="4733" timestamp="2019-07-02T23:04:54.922">
  <attribute name="GC Util" value="13" />
  <attribute name="CPU Util" value="28447091092618" />
  <attribute name="Time Running"value="5553"/>
  <attribute name="Number of cores"value="4"/>
</cycle-end>
<allocation-satisfied id="4744" threadId="000000000112D100" bytesRequested="19056" />
<af-end id="4745" timestamp="2019-07-02T23:04:54.922" threadId="000000000112DA88" success="true" />
<exclusive-end id="4746" timestamp="2019-07-02T23:04:54.923" durationms="7.405" />

<exclusive-start id="4747" timestamp="2019-07-02T23:04:54.930" intervalms="14.977">
  <response-info timems="0.043" idlems="0.043" threads="0" lastid="000000000112D100" lastname="Thread-8" />
</exclusive-start>
<af-start id="4748" threadId="000000000112DA88" totalBytesRequested="40" timestamp="2019-07-02T23:04:54.930" intervalms="15.007" />
<cycle-start id="4749" type="global" contextid="0" timestamp="2019-07-02T23:04:54.930" intervalms="15.004" />
  <attribute name="GC Util" value="13" />
  <attribute name="CPU Util" value="28447091092618" />
  <attribute name="Time Running"value="5553"/>
  <attribute name="Number of cores"value="4"/>
<gc-start id="4750" type="global" contextid="4749" timestamp="2019-07-02T23:04:54.930">
  <mem-info id="4751" free="130048" total="16908288" percent="0">
    <mem type="tenure" free="130048" total="16908288" percent="0">
      <mem type="soa" free="0" total="16739328" percent="0" />
      <mem type="loa" free="130048" total="168960" percent="76" />
    </mem>
  </mem-info>
</gc-start>
<allocation-stats totalBytes="11260912" >
  <allocated-bytes non-tlh="19056" tlh="11241856" />
  <largest-consumer threadName="Thread-8" threadId="000000000112D100" bytes="3626520" />
</allocation-stats>
<gc-op id="4752" type="mark" timems="2.219" contextid="4749" timestamp="2019-07-02T23:04:54.933">
  <trace-info objectcount="65973" scancount="58399" scanbytes="2274556" />
  <finalization candidates="124" enqueued="0" />
  <ownableSynchronizers candidates="3" cleared="0" />
  <references type="soft" candidates="84" cleared="0" enqueued="0" dynamicThreshold="21" maxThreshold="32" />
  <references type="weak" candidates="774" cleared="0" enqueued="0" />
  <references type="phantom" candidates="63" cleared="0" enqueued="0" />
  <stringconstants candidates="4574" cleared="0"  />
</gc-op>
<gc-op id="4753" type="sweep" timems="0.746" contextid="4749" timestamp="2019-07-02T23:04:54.934" />
<heap-resize id="4754" type="contract" space="tenure" amount="131072" count="1" timems="0.070" reason="excess free space following gc" timestamp="2019-07-02T23:04:54.934" />
<gc-end id="4755" type="global" contextid="4749" durationms="3.445" usertimems="8.000" systemtimems="0.000" timestamp="2019-07-02T23:04:54.934" activeThreads="4">
  <mem-info id="4756" free="10856176" total="16777216" percent="64">
    <mem type="tenure" free="10856176" total="16777216" percent="64" micro-fragmented="21591" macro-fragmented="85907">
      <mem type="soa" free="10856176" total="16610304" percent="65" />
      <mem type="loa" free="0" total="166912" percent="0" />
    </mem>
  </mem-info>
</gc-end>
<cycle-end id="4757" type="global" contextid="4749" timestamp="2019-07-02T23:04:54.934">
  <attribute name="GC Util" value="256" />
  <attribute name="CPU Util" value="8176748135913" />
  <attribute name="Time Running"value="5568"/>
  <attribute name="Number of cores"value="4"/>
</cycle-end>
<allocation-satisfied id="4758" threadId="000000000112D100" bytesRequested="40" />
<af-end id="4759" timestamp="2019-07-02T23:04:54.934" threadId="000000000112DA88" success="true" />
<exclusive-end id="4760" timestamp="2019-07-02T23:04:54.934" durationms="4.128" />

<exclusive-start id="4761" timestamp="2019-07-02T23:04:54.942" intervalms="11.719">
  <response-info timems="0.030" idlems="0.021" threads="2" lastid="0000000001134900" lastname="Thread-7" />
</exclusive-start>
<af-start id="4762" threadId="0000000001131688" totalBytesRequested="40" timestamp="2019-07-02T23:04:54.942" intervalms="11.655" />
<cycle-start id="4763" type="global" contextid="0" timestamp="2019-07-02T23:04:54.942" intervalms="11.648" />
  <attribute name="GC Util" value="256" />
  <attribute name="CPU Util" value="8176748135913" />
  <attribute name="Time Running"value="5568"/>
  <attribute name="Number of cores"value="4"/>
<gc-start id="4764" type="global" contextid="4763" timestamp="2019-07-02T23:04:54.942">
  <mem-info id="4765" free="0" total="16777216" percent="0">
    <mem type="tenure" free="0" total="16777216" percent="0">
      <mem type="soa" free="0" total="16610304" percent="0" />
      <mem type="loa" free="0" total="166912" percent="0" />
    </mem>
  </mem-info>
</gc-start>
<allocation-stats totalBytes="10852440" >
  <allocated-bytes non-tlh="0" tlh="10852440" />
  <largest-consumer threadName="Thread-10" threadId="0000000001129500" bytes="3579136" />
</allocation-stats>
<gc-op id="4766" type="mark" timems="2.488" contextid="4763" timestamp="2019-07-02T23:04:54.945">
  <trace-info objectcount="66519" scancount="58936" scanbytes="2288020" />
  <finalization candidates="124" enqueued="0" />
  <ownableSynchronizers candidates="3" cleared="0" />
  <references type="soft" candidates="84" cleared="0" enqueued="0" dynamicThreshold="20" maxThreshold="32" />
  <references type="weak" candidates="774" cleared="0" enqueued="0" />
  <references type="phantom" candidates="63" cleared="0" enqueued="0" />
  <stringconstants candidates="4574" cleared="0"  />
</gc-op>
<gc-op id="4767" type="sweep" timems="0.796" contextid="4763" timestamp="2019-07-02T23:04:54.946" />
<mem-info id="4768" free="10818488" total="16777216" percent="64">
  <mem type="tenure" free="10818488" total="16777216" percent="64" micro-fragmented="41139" macro-fragmented="50232">
    <mem type="soa" free="10818488" total="16610304" percent="65" />
    <mem type="loa" free="0" total="166912" percent="0" />
  </mem>
</mem-info>
<gc-op id="4769" type="compact" timems="5.676" contextid="4763" timestamp="2019-07-02T23:04:54.952">
  <compact-info movecount="19634" movebytes="884840" reason="compact to aid heap contraction" />
</gc-op>
<heap-resize id="4770" type="contract" space="tenure" amount="131072" count="1" timems="0.079" reason="excess free space following gc" timestamp="2019-07-02T23:04:54.952" />
<gc-end id="4771" type="global" contextid="4763" durationms="9.764" usertimems="16.000" systemtimems="0.000" timestamp="2019-07-02T23:04:54.952" activeThreads="4">
  <mem-info id="4772" free="10787376" total="16646144" percent="64">
    <mem type="tenure" free="10787376" total="16646144" percent="64">
      <mem type="soa" free="10657328" total="16480256" percent="64" />
      <mem type="loa" free="130048" total="165888" percent="78" />
    </mem>
  </mem-info>
</gc-end>
<cycle-end id="4773" type="global" contextid="4763" timestamp="2019-07-02T23:04:54.952">
  <attribute name="GC Util" value="143" />
  <attribute name="CPU Util" value="17394596815989" />
  <attribute name="Time Running"value="5581"/>
  <attribute name="Number of cores"value="4"/>
</cycle-end>
<allocation-satisfied id="4774" threadId="0000000001130D00" bytesRequested="40" />
<af-end id="4775" timestamp="2019-07-02T23:04:54.952" threadId="0000000001131688" success="true" />
<exclusive-end id="4776" timestamp="2019-07-02T23:04:54.952" durationms="10.492" />

<exclusive-start id="4777" timestamp="2019-07-02T23:04:54.958" intervalms="15.790">
  <response-info timems="0.024" idlems="0.024" threads="0" lastid="0000000001129500" lastname="Thread-10" />
</exclusive-start>
<af-start id="4778" threadId="0000000001129E88" totalBytesRequested="24" timestamp="2019-07-02T23:04:54.958" intervalms="15.787" />
<cycle-start id="4779" type="global" contextid="0" timestamp="2019-07-02T23:04:54.958" intervalms="15.829" />
  <attribute name="GC Util" value="143" />
  <attribute name="CPU Util" value="17394596815989" />
  <attribute name="Time Running"value="5581"/>
  <attribute name="Number of cores"value="4"/>
<gc-start id="4780" type="global" contextid="4779" timestamp="2019-07-02T23:04:54.958">
  <mem-info id="4781" free="130048" total="16646144" percent="0">
    <mem type="tenure" free="130048" total="16646144" percent="0">
      <mem type="soa" free="0" total="16480256" percent="0" />
      <mem type="loa" free="130048" total="165888" percent="78" />
    </mem>
  </mem-info>
</gc-start>
<allocation-stats totalBytes="10722592" >
  <allocated-bytes non-tlh="0" tlh="10722592" />
  <largest-consumer threadName="Thread-9" threadId="0000000001130D00" bytes="2981840" />
</allocation-stats>
<gc-op id="4782" type="mark" timems="1.904" contextid="4779" timestamp="2019-07-02T23:04:54.960">
  <trace-info objectcount="67305" scancount="59746" scanbytes="2306820" />
  <finalization candidates="124" enqueued="0" />
  <ownableSynchronizers candidates="3" cleared="0" />
  <references type="soft" candidates="84" cleared="0" enqueued="0" dynamicThreshold="20" maxThreshold="32" />
  <references type="weak" candidates="774" cleared="0" enqueued="0" />
  <references type="phantom" candidates="63" cleared="0" enqueued="0" />
  <stringconstants candidates="4574" cleared="0"  />
</gc-op>
<gc-op id="4783" type="sweep" timems="0.707" contextid="4779" timestamp="2019-07-02T23:04:54.961" />
<heap-resize id="4784" type="contract" space="tenure" amount="131072" count="1" timems="0.078" reason="excess free space following gc" timestamp="2019-07-02T23:04:54.961" />
<gc-end id="4785" type="global" contextid="4779" durationms="3.326" usertimems="4.000" systemtimems="4.000" timestamp="2019-07-02T23:04:54.961" activeThreads="4">
  <mem-info id="4786" free="10647616" total="16515072" percent="64">
    <mem type="tenure" free="10647616" total="16515072" percent="64" micro-fragmented="13359" macro-fragmented="94623">
      <mem type="soa" free="10547944" total="16350208" percent="64" />
      <mem type="loa" free="99672" total="164864" percent="60" />
    </mem>
  </mem-info>
</gc-end>
<cycle-end id="4787" type="global" contextid="4779" timestamp="2019-07-02T23:04:54.961">
  <attribute name="GC Util" value="258" />
  <attribute name="CPU Util" value="9255715995617" />
  <attribute name="Time Running"value="5595"/>
  <attribute name="Number of cores"value="4"/>
</cycle-end>
<allocation-satisfied id="4788" threadId="0000000001129500" bytesRequested="24" />
<af-end id="4789" timestamp="2019-07-02T23:04:54.962" threadId="0000000001129E88" success="true" />
<exclusive-end id="4790" timestamp="2019-07-02T23:04:54.962" durationms="4.199" />

<exclusive-start id="4791" timestamp="2019-07-02T23:04:54.967" intervalms="9.284">
  <response-info timems="0.023" idlems="0.022" threads="2" lastid="0000000001129500" lastname="Thread-10" />
</exclusive-start>
<af-start id="4792" threadId="0000000001135288" totalBytesRequested="40" timestamp="2019-07-02T23:04:54.967" intervalms="9.277" />
<cycle-start id="4793" type="global" contextid="0" timestamp="2019-07-02T23:04:54.967" intervalms="9.274" />
  <attribute name="GC Util" value="258" />
  <attribute name="CPU Util" value="9255715995617" />
  <attribute name="Time Running"value="5595"/>
  <attribute name="Number of cores"value="4"/>
<gc-start id="4794" type="global" contextid="4793" timestamp="2019-07-02T23:04:54.967">
  <mem-info id="4795" free="99672" total="16515072" percent="0">
    <mem type="tenure" free="99672" total="16515072" percent="0">
      <mem type="soa" free="0" total="16350208" percent="0" />
      <mem type="loa" free="99672" total="164864" percent="60" />
    </mem>
  </mem-info>
</gc-start>
<allocation-stats totalBytes="10545384" >
  <allocated-bytes non-tlh="0" tlh="10545384" />
  <largest-consumer threadName="Thread-9" threadId="0000000001130D00" bytes="3529416" />
</allocation-stats>
<gc-op id="4796" type="mark" timems="2.291" contextid="4793" timestamp="2019-07-02T23:04:54.970">
  <trace-info objectcount="68140" scancount="60579" scanbytes="2326092" />
  <finalization candidates="124" enqueued="0" />
  <ownableSynchronizers candidates="3" cleared="0" />
  <references type="soft" candidates="84" cleared="0" enqueued="0" dynamicThreshold="20" maxThreshold="32" />
  <references type="weak" candidates="774" cleared="0" enqueued="0" />
  <references type="phantom" candidates="63" cleared="0" enqueued="0" />
  <stringconstants candidates="4574" cleared="0"  />
</gc-op>
<gc-op id="4797" type="sweep" timems="0.768" contextid="4793" timestamp="2019-07-02T23:04:54.971" />
<heap-resize id="4798" type="contract" space="tenure" amount="131072" count="1" timems="0.086" reason="excess free space following gc" timestamp="2019-07-02T23:04:54.971" />
<gc-end id="4799" type="global" contextid="4793" durationms="3.691" usertimems="4.000" systemtimems="4.000" timestamp="2019-07-02T23:04:54.971" activeThreads="4">
  <mem-info id="4800" free="10451248" total="16384000" percent="63">
    <mem type="tenure" free="10451248" total="16384000" percent="63" micro-fragmented="0" macro-fragmented="0">
      <mem type="soa" free="10377624" total="16220160" percent="63" />
      <mem type="loa" free="73624" total="163840" percent="44" />
    </mem>
  </mem-info>
</gc-end>
<cycle-end id="4801" type="global" contextid="4793" timestamp="2019-07-02T23:04:54.971">
  <attribute name="GC Util" value="246" />
  <attribute name="CPU Util" value="7710356980372" />
  <attribute name="Time Running"value="5605"/>
  <attribute name="Number of cores"value="4"/>
</cycle-end>
<allocation-satisfied id="4802" threadId="0000000001134900" bytesRequested="40" />
<af-end id="4803" timestamp="2019-07-02T23:04:54.971" threadId="0000000001135288" success="true" />
<exclusive-end id="4804" timestamp="2019-07-02T23:04:54.971" durationms="4.388" />

<exclusive-start id="4805" timestamp="2019-07-02T23:04:54.976" intervalms="9.099">
  <response-info timems="0.035" idlems="0.035" threads="0" lastid="0000000001129500" lastname="Thread-10" />
</exclusive-start>
<af-start id="4806" threadId="0000000001129E88" totalBytesRequested="24" timestamp="2019-07-02T23:04:54.976" intervalms="9.094" />
<cycle-start id="4807" type="global" contextid="0" timestamp="2019-07-02T23:04:54.976" intervalms="9.057" />
  <attribute name="GC Util" value="246" />
  <attribute name="CPU Util" value="7710356980372" />
  <attribute name="Time Running"value="5605"/>
  <attribute name="Number of cores"value="4"/>
<gc-start id="4808" type="global" contextid="4807" timestamp="2019-07-02T23:04:54.976">
  <mem-info id="4809" free="73624" total="16384000" percent="0">
    <mem type="tenure" free="73624" total="16384000" percent="0">
      <mem type="soa" free="0" total="16220160" percent="0" />
      <mem type="loa" free="73624" total="163840" percent="44" />
    </mem>
  </mem-info>
</gc-start>
<allocation-stats totalBytes="10369968" >
  <allocated-bytes non-tlh="0" tlh="10369968" />
  <largest-consumer threadName="Thread-9" threadId="0000000001130D00" bytes="3085584" />
</allocation-stats>
<gc-op id="4810" type="mark" timems="2.091" contextid="4807" timestamp="2019-07-02T23:04:54.978">
  <trace-info objectcount="60689" scancount="53120" scanbytes="2014224" />
  <finalization candidates="124" enqueued="0" />
  <ownableSynchronizers candidates="3" cleared="0" />
  <references type="soft" candidates="84" cleared="0" enqueued="0" dynamicThreshold="20" maxThreshold="32" />
  <references type="weak" candidates="774" cleared="0" enqueued="0" />
  <references type="phantom" candidates="63" cleared="0" enqueued="0" />
  <stringconstants candidates="4574" cleared="0"  />
</gc-op>
<gc-op id="4811" type="sweep" timems="0.805" contextid="4807" timestamp="2019-07-02T23:04:54.979" />
<heap-resize id="4812" type="contract" space="tenure" amount="65536" count="1" timems="0.096" reason="excess free space following gc" timestamp="2019-07-02T23:04:54.980" />
<gc-end id="4813" type="global" contextid="4807" durationms="3.500" usertimems="8.000" systemtimems="0.000" timestamp="2019-07-02T23:04:54.980" activeThreads="4">
  <mem-info id="4814" free="10516856" total="16318464" percent="64">
    <mem type="tenure" free="10516856" total="16318464" percent="64" micro-fragmented="76261" macro-fragmented="0">
      <mem type="soa" free="10516856" total="16155648" percent="65" />
      <mem type="loa" free="0" total="162816" percent="0" />
    </mem>
  </mem-info>
</gc-end>
<cycle-end id="4815" type="global" contextid="4807" timestamp="2019-07-02T23:04:54.980">
  <attribute name="GC Util" value="246" />
  <attribute name="CPU Util" value="8433741740937" />
  <attribute name="Time Running"value="5614"/>
  <attribute name="Number of cores"value="4"/>
</cycle-end>
<allocation-satisfied id="4816" threadId="0000000001129500" bytesRequested="24" />
<af-end id="4817" timestamp="2019-07-02T23:04:54.980" threadId="0000000001129E88" success="true" />
<exclusive-end id="4818" timestamp="2019-07-02T23:04:54.980" durationms="4.272" />

<exclusive-start id="4819" timestamp="2019-07-02T23:04:54.985" intervalms="8.822">
  <response-info timems="0.030" idlems="0.030" threads="0" lastid="0000000001134900" lastname="Thread-7" />
</exclusive-start>
<af-start id="4820" threadId="0000000001135288" totalBytesRequested="24" timestamp="2019-07-02T23:04:54.985" intervalms="8.818" />
<cycle-start id="4821" type="global" contextid="0" timestamp="2019-07-02T23:04:54.985" intervalms="8.833" />
  <attribute name="GC Util" value="246" />
  <attribute name="CPU Util" value="8433741740937" />
  <attribute name="Time Running"value="5614"/>
  <attribute name="Number of cores"value="4"/>
<gc-start id="4822" type="global" contextid="4821" timestamp="2019-07-02T23:04:54.985">
  <mem-info id="4823" free="0" total="16318464" percent="0">
    <mem type="tenure" free="0" total="16318464" percent="0">
      <mem type="soa" free="0" total="16155648" percent="0" />
      <mem type="loa" free="0" total="162816" percent="0" />
    </mem>
  </mem-info>
</gc-start>
<allocation-stats totalBytes="10518384" >
  <allocated-bytes non-tlh="19056" tlh="10499328" />
  <largest-consumer threadName="Thread-9" threadId="0000000001130D00" bytes="2737192" />
</allocation-stats>
<gc-op id="4824" type="mark" timems="2.061" contextid="4821" timestamp="2019-07-02T23:04:54.987">
  <trace-info objectcount="65128" scancount="57555" scanbytes="2253804" />
  <finalization candidates="124" enqueued="0" />
  <ownableSynchronizers candidates="3" cleared="0" />
  <references type="soft" candidates="84" cleared="0" enqueued="0" dynamicThreshold="20" maxThreshold="32" />
  <references type="weak" candidates="774" cleared="0" enqueued="0" />
  <references type="phantom" candidates="63" cleared="0" enqueued="0" />
  <stringconstants candidates="4574" cleared="0"  />
</gc-op>
<gc-op id="4825" type="sweep" timems="0.815" contextid="4821" timestamp="2019-07-02T23:04:54.988" />
<mem-info id="4826" free="10231304" total="16318464" percent="62">
  <mem type="tenure" free="10231304" total="16318464" percent="62" micro-fragmented="68755" macro-fragmented="18370">
    <mem type="soa" free="10231304" total="16155648" percent="63" />
    <mem type="loa" free="0" total="162816" percent="0" />
  </mem>
</mem-info>
<gc-op id="4827" type="compact" timems="5.413" contextid="4821" timestamp="2019-07-02T23:04:54.994">
  <compact-info movecount="25389" movebytes="1159504" reason="compact to aid heap contraction" />
</gc-op>
<heap-resize id="4828" type="contract" space="tenure" amount="131072" count="1" timems="0.068" reason="excess free space following gc" timestamp="2019-07-02T23:04:54.994" />
<gc-end id="4829" type="global" contextid="4821" durationms="9.086" usertimems="16.000" systemtimems="0.000" timestamp="2019-07-02T23:04:54.994" activeThreads="4">
  <mem-info id="4830" free="10366936" total="16187392" percent="64">
    <mem type="tenure" free="10366936" total="16187392" percent="64">
      <mem type="soa" free="10236888" total="16025600" percent="63" />
      <mem type="loa" free="130048" total="161792" percent="80" />
    </mem>
  </mem-info>
</gc-end>
<cycle-end id="4831" type="global" contextid="4821" timestamp="2019-07-02T23:04:54.994">
  <attribute name="GC Util" value="137" />
  <attribute name="CPU Util" value="17109436049179" />
  <attribute name="Time Running"value="5624"/>
  <attribute name="Number of cores"value="4"/>
</cycle-end>
<allocation-satisfied id="4832" threadId="0000000001134900" bytesRequested="24" />
<af-end id="4833" timestamp="2019-07-02T23:04:54.995" threadId="0000000001135288" success="true" />
<exclusive-end id="4834" timestamp="2019-07-02T23:04:54.995" durationms="9.849" />

<exclusive-start id="4835" timestamp="2019-07-02T23:04:54.999" intervalms="14.237">
  <response-info timems="0.022" idlems="0.022" threads="0" lastid="0000000001129500" lastname="Thread-10" />
</exclusive-start>
<af-start id="4836" threadId="0000000001129E88" totalBytesRequested="40" timestamp="2019-07-02T23:04:54.999" intervalms="14.255" />
<cycle-start id="4837" type="global" contextid="0" timestamp="2019-07-02T23:04:54.999" intervalms="14.313" />
  <attribute name="GC Util" value="137" />
  <attribute name="CPU Util" value="17109436049179" />
  <attribute name="Time Running"value="5624"/>
  <attribute name="Number of cores"value="4"/>
<gc-start id="4838" type="global" contextid="4837" timestamp="2019-07-02T23:04:54.999">
  <mem-info id="4839" free="130048" total="16187392" percent="0">
    <mem type="tenure" free="130048" total="16187392" percent="0">
      <mem type="soa" free="0" total="16025600" percent="0" />
      <mem type="loa" free="130048" total="161792" percent="80" />
    </mem>
  </mem-info>
</gc-start>
<allocation-stats totalBytes="10302272" >
  <allocated-bytes non-tlh="0" tlh="10302272" />
  <largest-consumer threadName="Thread-10" threadId="0000000001129500" bytes="2981800" />
</allocation-stats>
<gc-op id="4840" type="mark" timems="2.067" contextid="4837" timestamp="2019-07-02T23:04:55.002">
  <trace-info objectcount="65941" scancount="58369" scanbytes="2273876" />
  <finalization candidates="124" enqueued="0" />
  <ownableSynchronizers candidates="3" cleared="0" />
  <references type="soft" candidates="84" cleared="0" enqueued="0" dynamicThreshold="20" maxThreshold="32" />
  <references type="weak" candidates="774" cleared="0" enqueued="0" />
  <references type="phantom" candidates="63" cleared="0" enqueued="0" />
  <stringconstants candidates="4574" cleared="0"  />
</gc-op>
<gc-op id="4841" type="sweep" timems="0.945" contextid="4837" timestamp="2019-07-02T23:04:55.003" />
<heap-resize id="4842" type="contract" space="tenure" amount="131072" count="1" timems="0.081" reason="excess free space following gc" timestamp="2019-07-02T23:04:55.003" />
<gc-end id="4843" type="global" contextid="4837" durationms="3.793" usertimems="8.000" systemtimems="0.000" timestamp="2019-07-02T23:04:55.003" activeThreads="4">
  <mem-info id="4844" free="10140784" total="16056320" percent="63">
    <mem type="tenure" free="10140784" total="16056320" percent="63" micro-fragmented="18227" macro-fragmented="72036">
      <mem type="soa" free="10140784" total="15896576" percent="63" />
      <mem type="loa" free="0" total="159744" percent="0" />
    </mem>
  </mem-info>
</gc-end>
<cycle-end id="4845" type="global" contextid="4837" timestamp="2019-07-02T23:04:55.003">
  <attribute name="GC Util" value="247" />
  <attribute name="CPU Util" value="8519975497493" />
  <attribute name="Time Running"value="5637"/>
  <attribute name="Number of cores"value="4"/>
</cycle-end>
<allocation-satisfied id="4846" threadId="0000000001129500" bytesRequested="40" />
<af-end id="4847" timestamp="2019-07-02T23:04:55.004" threadId="0000000001129E88" success="true" />
<exclusive-end id="4848" timestamp="2019-07-02T23:04:55.004" durationms="4.632" />

<exclusive-start id="4849" timestamp="2019-07-02T23:04:55.008" intervalms="9.309">
  <response-info timems="0.023" idlems="0.021" threads="1" lastid="000000000112D100" lastname="Thread-8" />
</exclusive-start>
<af-start id="4850" threadId="0000000001129E88" totalBytesRequested="24" timestamp="2019-07-02T23:04:55.009" intervalms="9.351" />
<cycle-start id="4851" type="global" contextid="0" timestamp="2019-07-02T23:04:55.009" intervalms="9.317" />
  <attribute name="GC Util" value="247" />
  <attribute name="CPU Util" value="8519975497493" />
  <attribute name="Time Running"value="5637"/>
  <attribute name="Number of cores"value="4"/>
<gc-start id="4852" type="global" contextid="4851" timestamp="2019-07-02T23:04:55.009">
  <mem-info id="4853" free="0" total="16056320" percent="0">
    <mem type="tenure" free="0" total="16056320" percent="0">
      <mem type="soa" free="0" total="15896576" percent="0" />
      <mem type="loa" free="0" total="159744" percent="0" />
    </mem>
  </mem-info>
</gc-start>
<allocation-stats totalBytes="10138496" >
  <allocated-bytes non-tlh="0" tlh="10138496" />
  <largest-consumer threadName="Thread-8" threadId="000000000112D100" bytes="2969496" />
</allocation-stats>
<gc-op id="4854" type="mark" timems="2.107" contextid="4851" timestamp="2019-07-02T23:04:55.011">
  <trace-info objectcount="66764" scancount="59172" scanbytes="2293516" />
  <finalization candidates="124" enqueued="0" />
  <ownableSynchronizers candidates="3" cleared="0" />
  <references type="soft" candidates="84" cleared="0" enqueued="0" dynamicThreshold="20" maxThreshold="32" />
  <references type="weak" candidates="774" cleared="0" enqueued="0" />
  <references type="phantom" candidates="63" cleared="0" enqueued="0" />
  <stringconstants candidates="4574" cleared="0"  />
</gc-op>
<gc-op id="4855" type="sweep" timems="0.753" contextid="4851" timestamp="2019-07-02T23:04:55.012" />
<heap-resize id="4856" type="contract" space="tenure" amount="65536" count="1" timems="0.084" reason="excess free space following gc" timestamp="2019-07-02T23:04:55.012" />
<gc-end id="4857" type="global" contextid="4851" durationms="3.563" usertimems="0.000" systemtimems="8.000" timestamp="2019-07-02T23:04:55.012" activeThreads="4">
  <mem-info id="4858" free="10033648" total="15990784" percent="62">
    <mem type="tenure" free="10033648" total="15990784" percent="62" micro-fragmented="10020" macro-fragmented="7583">
      <mem type="soa" free="10033648" total="15831040" percent="63" />
      <mem type="loa" free="0" total="159744" percent="0" />
    </mem>
  </mem-info>
</gc-end>
<cycle-end id="4859" type="global" contextid="4851" timestamp="2019-07-02T23:04:55.012">
  <attribute name="GC Util" value="253" />
  <attribute name="CPU Util" value="8353266426308" />
  <attribute name="Time Running"value="5646"/>
  <attribute name="Number of cores"value="4"/>
</cycle-end>
<allocation-satisfied id="4860" threadId="0000000001129500" bytesRequested="24" />
<af-end id="4861" timestamp="2019-07-02T23:04:55.013" threadId="0000000001129E88" success="true" />
<exclusive-end id="4862" timestamp="2019-07-02T23:04:55.013" durationms="4.353" />

<exclusive-start id="4863" timestamp="2019-07-02T23:04:55.017" intervalms="8.809">
  <response-info timems="0.032" idlems="0.032" threads="0" lastid="000000000112D100" lastname="Thread-8" />
</exclusive-start>
<af-start id="4864" threadId="000000000112DA88" totalBytesRequested="40" timestamp="2019-07-02T23:04:55.017" intervalms="8.740" />
<cycle-start id="4865" type="global" contextid="0" timestamp="2019-07-02T23:04:55.017" intervalms="8.701" />
  <attribute name="GC Util" value="253" />
  <attribute name="CPU Util" value="8353266426308" />
  <attribute name="Time Running"value="5646"/>
  <attribute name="Number of cores"value="4"/>
<gc-start id="4866" type="global" contextid="4865" timestamp="2019-07-02T23:04:55.017">
  <mem-info id="4867" free="0" total="15990784" percent="0">
    <mem type="tenure" free="0" total="15990784" percent="0">
      <mem type="soa" free="0" total="15831040" percent="0" />
      <mem type="loa" free="0" total="159744" percent="0" />
    </mem>
  </mem-info>
</gc-start>
<allocation-stats totalBytes="10026368" >
  <allocated-bytes non-tlh="0" tlh="10026368" />
  <largest-consumer threadName="Thread-8" threadId="000000000112D100" bytes="2606888" />
</allocation-stats>
<gc-op id="4868" type="mark" timems="2.408" contextid="4865" timestamp="2019-07-02T23:04:55.020">
  <trace-info objectcount="67586" scancount="60012" scanbytes="2313580" />
  <finalization candidates="124" enqueued="0" />
  <ownableSynchronizers candidates="3" cleared="0" />
  <references type="soft" candidates="84" cleared="0" enqueued="0" dynamicThreshold="20" maxThreshold="32" />
  <references type="weak" candidates="774" cleared="0" enqueued="0" />
  <references type="phantom" candidates="63" cleared="0" enqueued="0" />
  <stringconstants candidates="4574" cleared="0"  />
</gc-op>
<gc-op id="4869" type="sweep" timems="0.805" contextid="4865" timestamp="2019-07-02T23:04:55.021" />
<mem-info id="4870" free="9955096" total="15990784" percent="62">
  <mem type="tenure" free="9955096" total="15990784" percent="62" micro-fragmented="13346" macro-fragmented="9100">
    <mem type="soa" free="9955096" total="15831040" percent="62" />
    <mem type="loa" free="0" total="159744" percent="0" />
  </mem>
</mem-info>
<gc-op id="4871" type="compact" timems="4.900" contextid="4865" timestamp="2019-07-02T23:04:55.026">
  <compact-info movecount="5450" movebytes="132248" reason="compact to aid heap contraction" />
</gc-op>
<heap-resize id="4872" type="contract" space="tenure" amount="131072" count="1" timems="0.072" reason="excess free space following gc" timestamp="2019-07-02T23:04:55.026" />
<gc-end id="4873" type="global" contextid="4865" durationms="8.740" usertimems="16.000" systemtimems="4.000" timestamp="2019-07-02T23:04:55.026" activeThreads="4">
  <mem-info id="4874" free="9982552" total="15859712" percent="62">
    <mem type="tenure" free="9982552" total="15859712" percent="62">
      <mem type="soa" free="9853528" total="15702016" percent="62" />
      <mem type="loa" free="129024" total="157696" percent="81" />
    </mem>
  </mem-info>
</gc-end>
<cycle-end id="4875" type="global" contextid="4865" timestamp="2019-07-02T23:04:55.026">
  <attribute name="GC Util" value="144" />
  <attribute name="CPU Util" value="17818275394947" />
  <attribute name="Time Running"value="5656"/>
  <attribute name="Number of cores"value="4"/>
</cycle-end>
<allocation-satisfied id="4876" threadId="000000000112D100" bytesRequested="40" />
<af-end id="4877" timestamp="2019-07-02T23:04:55.026" threadId="000000000112DA88" success="true" />
<exclusive-end id="4878" timestamp="2019-07-02T23:04:55.026" durationms="9.313" />

<exclusive-start id="4879" timestamp="2019-07-02T23:04:55.031" intervalms="14.158">
  <response-info timems="0.023" idlems="0.023" threads="0" lastid="000000000112D100" lastname="Thread-8" />
</exclusive-start>
<af-start id="4880" threadId="000000000112DA88" totalBytesRequested="24" timestamp="2019-07-02T23:04:55.031" intervalms="14.118" />
<cycle-start id="4881" type="global" contextid="0" timestamp="2019-07-02T23:04:55.031" intervalms="14.069" />
  <attribute name="GC Util" value="144" />
  <attribute name="CPU Util" value="17818275394947" />
  <attribute name="Time Running"value="5656"/>
  <attribute name="Number of cores"value="4"/>
<gc-start id="4882" type="global" contextid="4881" timestamp="2019-07-02T23:04:55.031">
  <mem-info id="4883" free="129024" total="15859712" percent="0">
    <mem type="tenure" free="129024" total="15859712" percent="0">
      <mem type="soa" free="0" total="15702016" percent="0" />
      <mem type="loa" free="129024" total="157696" percent="81" />
    </mem>
  </mem-info>
</gc-start>
<allocation-stats totalBytes="9918944" >
  <allocated-bytes non-tlh="0" tlh="9918944" />
  <largest-consumer threadName="Thread-8" threadId="000000000112D100" bytes="2719736" />
</allocation-stats>
<gc-op id="4884" type="mark" timems="1.776" contextid="4881" timestamp="2019-07-02T23:04:55.033">
  <trace-info objectcount="68414" scancount="60846" scanbytes="2333036" />
  <finalization candidates="124" enqueued="0" />
  <ownableSynchronizers candidates="3" cleared="0" />
  <references type="soft" candidates="84" cleared="0" enqueued="0" dynamicThreshold="20" maxThreshold="32" />
  <references type="weak" candidates="774" cleared="0" enqueued="0" />
  <references type="phantom" candidates="63" cleared="0" enqueued="0" />
  <stringconstants candidates="4574" cleared="0"  />
</gc-op>
<gc-op id="4885" type="sweep" timems="0.727" contextid="4881" timestamp="2019-07-02T23:04:55.034" />
<heap-resize id="4886" type="contract" space="tenure" amount="131072" count="1" timems="0.043" reason="excess free space following gc" timestamp="2019-07-02T23:04:55.034" />
<gc-end id="4887" type="global" contextid="4881" durationms="2.905" usertimems="4.000" systemtimems="4.000" timestamp="2019-07-02T23:04:55.034" activeThreads="4">
  <mem-info id="4888" free="9757112" total="15728640" percent="62">
    <mem type="tenure" free="9757112" total="15728640" percent="62" micro-fragmented="7716" macro-fragmented="0">
      <mem type="soa" free="9757112" total="15571968" percent="62" />
      <mem type="loa" free="0" total="156672" percent="0" />
    </mem>
  </mem-info>
</gc-end>
<cycle-end id="4889" type="global" contextid="4881" timestamp="2019-07-02T23:04:55.034">
  <attribute name="GC Util" value="242" />
  <attribute name="CPU Util" value="9888677146612" />
  <attribute name="Time Running"value="5669"/>
  <attribute name="Number of cores"value="4"/>
</cycle-end>
<allocation-satisfied id="4890" threadId="000000000112D100" bytesRequested="24" />
<af-end id="4891" timestamp="2019-07-02T23:04:55.035" threadId="000000000112DA88" success="true" />
<exclusive-end id="4892" timestamp="2019-07-02T23:04:55.035" durationms="3.387" />

<exclusive-start id="4893" timestamp="2019-07-02T23:04:55.039" intervalms="8.031">
  <response-info timems="0.022" idlems="0.022" threads="0" lastid="0000000001129500" lastname="Thread-10" />
</exclusive-start>
<af-start id="4894" threadId="0000000001129E88" totalBytesRequested="40" timestamp="2019-07-02T23:04:55.039" intervalms="8.049" />
<cycle-start id="4895" type="global" contextid="0" timestamp="2019-07-02T23:04:55.040" intervalms="8.088" />
  <attribute name="GC Util" value="242" />
  <attribute name="CPU Util" value="9888677146612" />
  <attribute name="Time Running"value="5669"/>
  <attribute name="Number of cores"value="4"/>
<gc-start id="4896" type="global" contextid="4895" timestamp="2019-07-02T23:04:55.040">
  <mem-info id="4897" free="0" total="15728640" percent="0">
    <mem type="tenure" free="0" total="15728640" percent="0">
      <mem type="soa" free="0" total="15571968" percent="0" />
      <mem type="loa" free="0" total="156672" percent="0" />
    </mem>
  </mem-info>
</gc-start>
<allocation-stats totalBytes="9754688" >
  <allocated-bytes non-tlh="0" tlh="9754688" />
  <largest-consumer threadName="Thread-8" threadId="000000000112D100" bytes="2722160" />
</allocation-stats>
<gc-op id="4898" type="mark" timems="2.152" contextid="4895" timestamp="2019-07-02T23:04:55.042">
  <trace-info objectcount="69336" scancount="61767" scanbytes="2354812" />
  <finalization candidates="124" enqueued="0" />
  <ownableSynchronizers candidates="3" cleared="0" />
  <references type="soft" candidates="84" cleared="0" enqueued="0" dynamicThreshold="19" maxThreshold="32" />
  <references type="weak" candidates="774" cleared="0" enqueued="0" />
  <references type="phantom" candidates="63" cleared="0" enqueued="0" />
  <stringconstants candidates="4574" cleared="0"  />
</gc-op>
<gc-op id="4899" type="sweep" timems="0.764" contextid="4895" timestamp="2019-07-02T23:04:55.043" />
<heap-resize id="4900" type="contract" space="tenure" amount="65536" count="1" timems="0.084" reason="excess free space following gc" timestamp="2019-07-02T23:04:55.043" />
<gc-end id="4901" type="global" contextid="4895" durationms="3.479" usertimems="8.000" systemtimems="0.000" timestamp="2019-07-02T23:04:55.043" activeThreads="4">
  <mem-info id="4902" free="9654256" total="15663104" percent="61">
    <mem type="tenure" free="9654256" total="15663104" percent="61" micro-fragmented="0" macro-fragmented="0">
      <mem type="soa" free="9654256" total="15507456" percent="62" />
      <mem type="loa" free="0" total="155648" percent="0" />
    </mem>
  </mem-info>
</gc-end>
<cycle-end id="4903" type="global" contextid="4895" timestamp="2019-07-02T23:04:55.043">
  <attribute name="GC Util" value="246" />
  <attribute name="CPU Util" value="8195529553674" />
  <attribute name="Time Running"value="5677"/>
  <attribute name="Number of cores"value="4"/>
</cycle-end>
<allocation-satisfied id="4904" threadId="0000000001129500" bytesRequested="40" />
<af-end id="4905" timestamp="2019-07-02T23:04:55.043" threadId="0000000001129E88" success="true" />
<exclusive-end id="4906" timestamp="2019-07-02T23:04:55.043" durationms="4.129" />

<exclusive-start id="4907" timestamp="2019-07-02T23:04:55.048" intervalms="8.561">
  <response-info timems="0.035" idlems="0.035" threads="0" lastid="0000000001134900" lastname="Thread-7" />
</exclusive-start>
<af-start id="4908" threadId="0000000001135288" totalBytesRequested="40" timestamp="2019-07-02T23:04:55.048" intervalms="8.601" />
<cycle-start id="4909" type="global" contextid="0" timestamp="2019-07-02T23:04:55.048" intervalms="8.614" />
  <attribute name="GC Util" value="246" />
  <attribute name="CPU Util" value="8195529553674" />
  <attribute name="Time Running"value="5677"/>
  <attribute name="Number of cores"value="4"/>
<gc-start id="4910" type="global" contextid="4909" timestamp="2019-07-02T23:04:55.048">
  <mem-info id="4911" free="0" total="15663104" percent="0">
    <mem type="tenure" free="0" total="15663104" percent="0">
      <mem type="soa" free="0" total="15507456" percent="0" />
      <mem type="loa" free="0" total="155648" percent="0" />
    </mem>
  </mem-info>
</gc-start>
<allocation-stats totalBytes="9646288" >
  <allocated-bytes non-tlh="0" tlh="9646288" />
  <largest-consumer threadName="Thread-7" threadId="0000000001134900" bytes="3471864" />
</allocation-stats>
<gc-op id="4912" type="mark" timems="2.155" contextid="4909" timestamp="2019-07-02T23:04:55.050">
  <trace-info objectcount="70985" scancount="63405" scanbytes="2394916" />
  <finalization candidates="124" enqueued="0" />
  <ownableSynchronizers candidates="3" cleared="0" />
  <references type="soft" candidates="84" cleared="0" enqueued="0" dynamicThreshold="19" maxThreshold="32" />
  <references type="weak" candidates="774" cleared="0" enqueued="0" />
  <references type="phantom" candidates="63" cleared="0" enqueued="0" />
  <stringconstants candidates="4574" cleared="0"  />
</gc-op>
<gc-op id="4913" type="sweep" timems="0.816" contextid="4909" timestamp="2019-07-02T23:04:55.051" />
<gc-end id="4914" type="global" contextid="4909" durationms="3.316" usertimems="8.000" systemtimems="0.000" timestamp="2019-07-02T23:04:55.052" activeThreads="4">
  <mem-info id="4915" free="9545480" total="15663104" percent="60">
    <mem type="tenure" free="9545480" total="15663104" percent="60" micro-fragmented="21312" macro-fragmented="0">
      <mem type="soa" free="9545480" total="15507456" percent="61" />
      <mem type="loa" free="0" total="155648" percent="0" />
    </mem>
  </mem-info>
</gc-end>
<cycle-end id="4916" type="global" contextid="4909" timestamp="2019-07-02T23:04:55.052">
  <attribute name="GC Util" value="252" />
  <attribute name="CPU Util" value="8208472275834" />
  <attribute name="Time Running"value="5686"/>
  <attribute name="Number of cores"value="4"/>
</cycle-end>
<allocation-satisfied id="4917" threadId="0000000001134900" bytesRequested="40" />
<af-end id="4918" timestamp="2019-07-02T23:04:55.052" threadId="0000000001135288" success="true" />
<exclusive-end id="4919" timestamp="2019-07-02T23:04:55.052" durationms="4.126" />

<exclusive-start id="4920" timestamp="2019-07-02T23:04:55.057" intervalms="8.748">
  <response-info timems="0.022" idlems="0.022" threads="0" lastid="0000000001134900" lastname="Thread-7" />
</exclusive-start>
<af-start id="4921" threadId="0000000001135288" totalBytesRequested="40" timestamp="2019-07-02T23:04:55.057" intervalms="8.736" />
<cycle-start id="4922" type="global" contextid="0" timestamp="2019-07-02T23:04:55.057" intervalms="8.730" />
  <attribute name="GC Util" value="252" />
  <attribute name="CPU Util" value="8208472275834" />
  <attribute name="Time Running"value="5686"/>
  <attribute name="Number of cores"value="4"/>
<gc-start id="4923" type="global" contextid="4922" timestamp="2019-07-02T23:04:55.057">
  <mem-info id="4924" free="0" total="15663104" percent="0">
    <mem type="tenure" free="0" total="15663104" percent="0">
      <mem type="soa" free="0" total="15507456" percent="0" />
      <mem type="loa" free="0" total="155648" percent="0" />
    </mem>
  </mem-info>
</gc-start>
<allocation-stats totalBytes="9532240" >
  <allocated-bytes non-tlh="0" tlh="9532240" />
  <largest-consumer threadName="Thread-7" threadId="0000000001134900" bytes="3232288" />
</allocation-stats>
<gc-op id="4925" type="mark" timems="1.952" contextid="4922" timestamp="2019-07-02T23:04:55.059">
  <trace-info objectcount="72195" scancount="64630" scanbytes="2423932" />
  <finalization candidates="124" enqueued="0" />
  <ownableSynchronizers candidates="3" cleared="0" />
  <references type="soft" candidates="84" cleared="0" enqueued="0" dynamicThreshold="19" maxThreshold="32" />
  <references type="weak" candidates="774" cleared="0" enqueued="0" />
  <references type="phantom" candidates="63" cleared="0" enqueued="0" />
  <stringconstants candidates="4574" cleared="0"  />
</gc-op>
<gc-op id="4926" type="sweep" timems="0.847" contextid="4922" timestamp="2019-07-02T23:04:55.060" />
<gc-end id="4927" type="global" contextid="4922" durationms="3.162" usertimems="8.000" systemtimems="0.000" timestamp="2019-07-02T23:04:55.060" activeThreads="4">
  <mem-info id="4928" free="9443680" total="15663104" percent="60">
    <mem type="tenure" free="9443680" total="15663104" percent="60" micro-fragmented="30817" macro-fragmented="0">
      <mem type="soa" free="9443680" total="15507456" percent="60" />
      <mem type="loa" free="0" total="155648" percent="0" />
    </mem>
  </mem-info>
</gc-end>
<cycle-end id="4929" type="global" contextid="4922" timestamp="2019-07-02T23:04:55.060">
  <attribute name="GC Util" value="251" />
  <attribute name="CPU Util" value="9019301182831" />
  <attribute name="Time Running"value="5694"/>
  <attribute name="Number of cores"value="4"/>
</cycle-end>
<allocation-satisfied id="4930" threadId="0000000001134900" bytesRequested="40" />
<af-end id="4931" timestamp="2019-07-02T23:04:55.060" threadId="0000000001135288" success="true" />
<exclusive-end id="4932" timestamp="2019-07-02T23:04:55.061" durationms="3.885" />

<exclusive-start id="4933" timestamp="2019-07-02T23:04:55.065" intervalms="8.378">
  <response-info timems="0.029" idlems="0.029" threads="0" lastid="0000000001134900" lastname="Thread-7" />
</exclusive-start>
<af-start id="4934" threadId="0000000001135288" totalBytesRequested="40" timestamp="2019-07-02T23:04:55.065" intervalms="8.383" />
<cycle-start id="4935" type="global" contextid="0" timestamp="2019-07-02T23:04:55.065" intervalms="8.390" />
  <attribute name="GC Util" value="251" />
  <attribute name="CPU Util" value="9019301182831" />
  <attribute name="Time Running"value="5694"/>
  <attribute name="Number of cores"value="4"/>
<gc-start id="4936" type="global" contextid="4935" timestamp="2019-07-02T23:04:55.065">
  <mem-info id="4937" free="0" total="15663104" percent="0">
    <mem type="tenure" free="0" total="15663104" percent="0">
      <mem type="soa" free="0" total="15507456" percent="0" />
      <mem type="loa" free="0" total="155648" percent="0" />
    </mem>
  </mem-info>
</gc-start>
<allocation-stats totalBytes="9424136" >
  <allocated-bytes non-tlh="19056" tlh="9405080" />
  <largest-consumer threadName="Thread-7" threadId="0000000001134900" bytes="3020264" />
</allocation-stats>
<gc-op id="4938" type="mark" timems="2.294" contextid="4935" timestamp="2019-07-02T23:04:55.068">
  <trace-info objectcount="69035" scancount="61450" scanbytes="2348444" />
  <finalization candidates="124" enqueued="0" />
  <ownableSynchronizers candidates="3" cleared="0" />
  <references type="soft" candidates="84" cleared="0" enqueued="0" dynamicThreshold="19" maxThreshold="32" />
  <references type="weak" candidates="774" cleared="0" enqueued="0" />
  <references type="phantom" candidates="63" cleared="0" enqueued="0" />
  <stringconstants candidates="4574" cleared="0"  />
</gc-op>
<gc-op id="4939" type="sweep" timems="0.811" contextid="4935" timestamp="2019-07-02T23:04:55.069" />
<gc-end id="4940" type="global" contextid="4935" durationms="3.405" usertimems="8.000" systemtimems="0.000" timestamp="2019-07-02T23:04:55.069" activeThreads="4">
  <mem-info id="4941" free="9435840" total="15663104" percent="60">
    <mem type="tenure" free="9435840" total="15663104" percent="60" micro-fragmented="120488" macro-fragmented="21312">
      <mem type="soa" free="9435840" total="15507456" percent="60" />
      <mem type="loa" free="0" total="155648" percent="0" />
    </mem>
  </mem-info>
</gc-end>
<cycle-end id="4942" type="global" contextid="4935" timestamp="2019-07-02T23:04:55.069">
  <attribute name="GC Util" value="256" />
  <attribute name="CPU Util" value="7841839702346" />
  <attribute name="Time Running"value="5703"/>
  <attribute name="Number of cores"value="4"/>
</cycle-end>
<allocation-satisfied id="4943" threadId="0000000001134900" bytesRequested="40" />
<af-end id="4944" timestamp="2019-07-02T23:04:55.069" threadId="0000000001135288" success="true" />
<exclusive-end id="4945" timestamp="2019-07-02T23:04:55.069" durationms="4.073" />

<exclusive-start id="4946" timestamp="2019-07-02T23:04:55.074" intervalms="8.876">
  <response-info timems="0.023" idlems="0.023" threads="0" lastid="0000000001134900" lastname="Thread-7" />
</exclusive-start>
<af-start id="4947" threadId="0000000001135288" totalBytesRequested="40" timestamp="2019-07-02T23:04:55.074" intervalms="8.877" />
<cycle-start id="4948" type="global" contextid="0" timestamp="2019-07-02T23:04:55.074" intervalms="8.869" />
  <attribute name="GC Util" value="256" />
  <attribute name="CPU Util" value="7841839702346" />
  <attribute name="Time Running"value="5703"/>
  <attribute name="Number of cores"value="4"/>
<gc-start id="4949" type="global" contextid="4948" timestamp="2019-07-02T23:04:55.074">
  <mem-info id="4950" free="0" total="15663104" percent="0">
    <mem type="tenure" free="0" total="15663104" percent="0">
      <mem type="soa" free="0" total="15507456" percent="0" />
      <mem type="loa" free="0" total="155648" percent="0" />
    </mem>
  </mem-info>
</gc-start>
<allocation-stats totalBytes="9487800" >
  <allocated-bytes non-tlh="0" tlh="9487800" />
  <largest-consumer threadName="Thread-7" threadId="0000000001134900" bytes="3038512" />
</allocation-stats>
<gc-op id="4951" type="mark" timems="2.113" contextid="4948" timestamp="2019-07-02T23:04:55.076">
  <trace-info objectcount="69799" scancount="62230" scanbytes="2366540" />
  <finalization candidates="124" enqueued="0" />
  <ownableSynchronizers candidates="3" cleared="0" />
  <references type="soft" candidates="84" cleared="0" enqueued="0" dynamicThreshold="19" maxThreshold="32" />
  <references type="weak" candidates="774" cleared="0" enqueued="0" />
  <references type="phantom" candidates="63" cleared="0" enqueued="0" />
  <stringconstants candidates="4574" cleared="0"  />
</gc-op>
<gc-op id="4952" type="sweep" timems="0.863" contextid="4948" timestamp="2019-07-02T23:04:55.077" />
<gc-end id="4953" type="global" contextid="4948" durationms="3.282" usertimems="8.000" systemtimems="0.000" timestamp="2019-07-02T23:04:55.077" activeThreads="4">
  <mem-info id="4954" free="9396528" total="15663104" percent="59">
    <mem type="tenure" free="9396528" total="15663104" percent="59" micro-fragmented="121658" macro-fragmented="27392">
      <mem type="soa" free="9396528" total="15507456" percent="60" />
      <mem type="loa" free="0" total="155648" percent="0" />
    </mem>
  </mem-info>
</gc-end>
<cycle-end id="4955" type="global" contextid="4948" timestamp="2019-07-02T23:04:55.078">
  <attribute name="GC Util" value="255" />
  <attribute name="CPU Util" value="8482322286377" />
  <attribute name="Time Running"value="5712"/>
  <attribute name="Number of cores"value="4"/>
</cycle-end>
<allocation-satisfied id="4956" threadId="0000000001134900" bytesRequested="40" />
<af-end id="4957" timestamp="2019-07-02T23:04:55.078" threadId="0000000001135288" success="true" />
<exclusive-end id="4958" timestamp="2019-07-02T23:04:55.078" durationms="4.102" />

<exclusive-start id="4959" timestamp="2019-07-02T23:04:55.083" intervalms="9.209">
  <response-info timems="0.023" idlems="0.021" threads="1" lastid="0000000001129500" lastname="Thread-10" />
</exclusive-start>
<af-start id="4960" threadId="0000000001135288" totalBytesRequested="40" timestamp="2019-07-02T23:04:55.083" intervalms="9.177" />
<cycle-start id="4961" type="global" contextid="0" timestamp="2019-07-02T23:04:55.083" intervalms="9.151" />
  <attribute name="GC Util" value="255" />
  <attribute name="CPU Util" value="8482322286377" />
  <attribute name="Time Running"value="5712"/>
  <attribute name="Number of cores"value="4"/>
<gc-start id="4962" type="global" contextid="4961" timestamp="2019-07-02T23:04:55.083">
  <mem-info id="4963" free="0" total="15663104" percent="0">
    <mem type="tenure" free="0" total="15663104" percent="0">
      <mem type="soa" free="0" total="15507456" percent="0" />
      <mem type="loa" free="0" total="155648" percent="0" />
    </mem>
  </mem-info>
</gc-start>
<allocation-stats totalBytes="9395896" >
  <allocated-bytes non-tlh="0" tlh="9395896" />
  <largest-consumer threadName="Thread-7" threadId="0000000001134900" bytes="2869064" />
</allocation-stats>
<gc-op id="4964" type="mark" timems="2.354" contextid="4961" timestamp="2019-07-02T23:04:55.086">
  <trace-info objectcount="70718" scancount="63151" scanbytes="2388980" />
  <finalization candidates="124" enqueued="0" />
  <ownableSynchronizers candidates="3" cleared="0" />
  <references type="soft" candidates="84" cleared="0" enqueued="0" dynamicThreshold="19" maxThreshold="32" />
  <references type="weak" candidates="774" cleared="0" enqueued="0" />
  <references type="phantom" candidates="63" cleared="0" enqueued="0" />
  <stringconstants candidates="4574" cleared="0"  />
</gc-op>
<gc-op id="4965" type="sweep" timems="1.090" contextid="4961" timestamp="2019-07-02T23:04:55.087" />
<heap-resize id="4966" type="expand" space="tenure" amount="1048576" count="1" timems="0.054" reason="excessive time being spent in gc" timestamp="2019-07-02T23:04:55.087" />
<gc-end id="4967" type="global" contextid="4961" durationms="4.001" usertimems="8.000" systemtimems="4.000" timestamp="2019-07-02T23:04:55.087" activeThreads="4">
  <mem-info id="4968" free="10353512" total="16711680" percent="61">
    <mem type="tenure" free="10353512" total="16711680" percent="61" micro-fragmented="121891" macro-fragmented="23491">
      <mem type="soa" free="10186600" total="16544768" percent="61" />
      <mem type="loa" free="166912" total="166912" percent="100" />
    </mem>
  </mem-info>
</gc-end>
<cycle-end id="4969" type="global" contextid="4961" timestamp="2019-07-02T23:04:55.087">
  <attribute name="GC Util" value="255" />
  <attribute name="CPU Util" value="7531597989244" />
  <attribute name="Time Running"value="5721"/>
  <attribute name="Number of cores"value="4"/>
</cycle-end>
<allocation-satisfied id="4970" threadId="0000000001134900" bytesRequested="40" />
<af-end id="4971" timestamp="2019-07-02T23:04:55.088" threadId="0000000001135288" success="true" />
<exclusive-end id="4972" timestamp="2019-07-02T23:04:55.088" durationms="4.613" />

<exclusive-start id="4973" timestamp="2019-07-02T23:04:55.092" intervalms="9.010">
  <response-info timems="0.023" idlems="0.023" threads="0" lastid="0000000001129500" lastname="Thread-10" />
</exclusive-start>
<af-start id="4974" threadId="0000000001129E88" totalBytesRequested="40" timestamp="2019-07-02T23:04:55.092" intervalms="9.108" />
<cycle-start id="4975" type="global" contextid="0" timestamp="2019-07-02T23:04:55.092" intervalms="9.137" />
  <attribute name="GC Util" value="255" />
  <attribute name="CPU Util" value="7531597989244" />
  <attribute name="Time Running"value="5721"/>
  <attribute name="Number of cores"value="4"/>
<gc-start id="4976" type="global" contextid="4975" timestamp="2019-07-02T23:04:55.093">
  <mem-info id="4977" free="166912" total="16711680" percent="0">
    <mem type="tenure" free="166912" total="16711680" percent="0">
      <mem type="soa" free="0" total="16544768" percent="0" />
      <mem type="loa" free="166912" total="166912" percent="100" />
    </mem>
  </mem-info>
</gc-start>
<allocation-stats totalBytes="10170712" >
  <allocated-bytes non-tlh="42216" tlh="10128496" />
  <largest-consumer threadName="Thread-9" threadId="0000000001130D00" bytes="2922320" />
</allocation-stats>
<gc-op id="4978" type="mark" timems="2.267" contextid="4975" timestamp="2019-07-02T23:04:55.095">
  <trace-info objectcount="63515" scancount="55955" scanbytes="2216372" />
  <finalization candidates="124" enqueued="0" />
  <ownableSynchronizers candidates="3" cleared="0" />
  <references type="soft" candidates="84" cleared="0" enqueued="0" dynamicThreshold="19" maxThreshold="32" />
  <references type="weak" candidates="774" cleared="0" enqueued="0" />
  <references type="phantom" candidates="63" cleared="0" enqueued="0" />
  <stringconstants candidates="4574" cleared="0"  />
</gc-op>
<gc-op id="4979" type="sweep" timems="0.767" contextid="4975" timestamp="2019-07-02T23:04:55.096" />
<gc-end id="4980" type="global" contextid="4975" durationms="3.456" usertimems="8.000" systemtimems="0.000" timestamp="2019-07-02T23:04:55.096" activeThreads="4">
  <mem-info id="4981" free="10660104" total="16711680" percent="63">
    <mem type="tenure" free="10660104" total="16711680" percent="63" micro-fragmented="122439" macro-fragmented="49674">
      <mem type="soa" free="10493192" total="16544768" percent="63" />
      <mem type="loa" free="166912" total="166912" percent="100" />
    </mem>
  </mem-info>
</gc-end>
<cycle-end id="4982" type="global" contextid="4975" timestamp="2019-07-02T23:04:55.096">
  <attribute name="GC Util" value="261" />
  <attribute name="CPU Util" value="7797148648129" />
  <attribute name="Time Running"value="5730"/>
  <attribute name="Number of cores"value="4"/>
</cycle-end>
<allocation-satisfied id="4983" threadId="0000000001129500" bytesRequested="40" />
<af-end id="4984" timestamp="2019-07-02T23:04:55.096" threadId="0000000001129E88" success="true" />
<exclusive-end id="4985" timestamp="2019-07-02T23:04:55.096" durationms="4.335" />

<exclusive-start id="4986" timestamp="2019-07-02T23:04:55.101" intervalms="8.882">
  <response-info timems="0.044" idlems="0.044" threads="0" lastid="0000000001130D00" lastname="Thread-9" />
</exclusive-start>
<af-start id="4987" threadId="0000000001131688" totalBytesRequested="40" timestamp="2019-07-02T23:04:55.101" intervalms="8.831" />
<cycle-start id="4988" type="global" contextid="0" timestamp="2019-07-02T23:04:55.101" intervalms="8.863" />
  <attribute name="GC Util" value="261" />
  <attribute name="CPU Util" value="7797148648129" />
  <attribute name="Time Running"value="5730"/>
  <attribute name="Number of cores"value="4"/>
<gc-start id="4989" type="global" contextid="4988" timestamp="2019-07-02T23:04:55.101">
  <mem-info id="4990" free="166912" total="16711680" percent="0">
    <mem type="tenure" free="166912" total="16711680" percent="0">
      <mem type="soa" free="0" total="16544768" percent="0" />
      <mem type="loa" free="166912" total="166912" percent="100" />
    </mem>
  </mem-info>
</gc-start>
<allocation-stats totalBytes="10552128" >
  <allocated-bytes non-tlh="0" tlh="10552128" />
  <largest-consumer threadName="Thread-9" threadId="0000000001130D00" bytes="2927240" />
</allocation-stats>
<gc-op id="4991" type="mark" timems="1.255" contextid="4988" timestamp="2019-07-02T23:04:55.103">
  <trace-info objectcount="66437" scancount="58860" scanbytes="2286412" />
  <finalization candidates="124" enqueued="0" />
  <ownableSynchronizers candidates="3" cleared="0" />
  <references type="soft" candidates="84" cleared="0" enqueued="0" dynamicThreshold="20" maxThreshold="32" />
  <references type="weak" candidates="774" cleared="0" enqueued="0" />
  <references type="phantom" candidates="63" cleared="0" enqueued="0" />
  <stringconstants candidates="4574" cleared="0"  />
</gc-op>
<gc-op id="4992" type="sweep" timems="0.369" contextid="4988" timestamp="2019-07-02T23:04:55.103" />
<gc-end id="4993" type="global" contextid="4988" durationms="2.036" usertimems="0.000" systemtimems="4.000" timestamp="2019-07-02T23:04:55.103" activeThreads="4">
  <mem-info id="4994" free="10500960" total="16711680" percent="62">
    <mem type="tenure" free="10500960" total="16711680" percent="62" micro-fragmented="106887" macro-fragmented="56716">
      <mem type="soa" free="10334048" total="16544768" percent="62" />
      <mem type="loa" free="166912" total="166912" percent="100" />
    </mem>
  </mem-info>
</gc-end>
<cycle-end id="4995" type="global" contextid="4988" timestamp="2019-07-02T23:04:55.104">
  <attribute name="GC Util" value="199" />
  <attribute name="CPU Util" value="14062997936322" />
  <attribute name="Time Running"value="5738"/>
  <attribute name="Number of cores"value="4"/>
</cycle-end>
<allocation-satisfied id="4996" threadId="0000000001130D00" bytesRequested="40" />
<af-end id="4997" timestamp="2019-07-02T23:04:55.104" threadId="0000000001131688" success="true" />
<exclusive-end id="4998" timestamp="2019-07-02T23:04:55.104" durationms="2.886" />

<exclusive-start id="4999" timestamp="2019-07-02T23:04:55.108" intervalms="7.094">
  <response-info timems="0.023" idlems="0.023" threads="0" lastid="0000000001129500" lastname="Thread-10" />
</exclusive-start>
<af-start id="5000" threadId="0000000001129E88" totalBytesRequested="40" timestamp="2019-07-02T23:04:55.108" intervalms="7.081" />
<cycle-start id="5001" type="global" contextid="0" timestamp="2019-07-02T23:04:55.108" intervalms="7.049" />
  <attribute name="GC Util" value="199" />
  <attribute name="CPU Util" value="14062997936322" />
  <attribute name="Time Running"value="5738"/>
  <attribute name="Number of cores"value="4"/>
<gc-start id="5002" type="global" contextid="5001" timestamp="2019-07-02T23:04:55.108">
  <mem-info id="5003" free="166912" total="16711680" percent="0">
    <mem type="tenure" free="166912" total="16711680" percent="0">
      <mem type="soa" free="0" total="16544768" percent="0" />
      <mem type="loa" free="166912" total="166912" percent="100" />
    </mem>
  </mem-info>
</gc-start>
<allocation-stats totalBytes="10348872" >
  <allocated-bytes non-tlh="19056" tlh="10329816" />
  <largest-consumer threadName="Thread-8" threadId="000000000112D100" bytes="2968744" />
</allocation-stats>
<gc-op id="5004" type="mark" timems="1.923" contextid="5001" timestamp="2019-07-02T23:04:55.110">
  <trace-info objectcount="63269" scancount="55682" scanbytes="2210036" />
  <finalization candidates="124" enqueued="0" />
  <ownableSynchronizers candidates="3" cleared="0" />
  <references type="soft" candidates="84" cleared="0" enqueued="0" dynamicThreshold="20" maxThreshold="32" />
  <references type="weak" candidates="774" cleared="0" enqueued="0" />
  <references type="phantom" candidates="63" cleared="0" enqueued="0" />
  <stringconstants candidates="4574" cleared="0"  />
</gc-op>
<gc-op id="5005" type="sweep" timems="0.773" contextid="5001" timestamp="2019-07-02T23:04:55.111" />
<heap-resize id="5006" type="contract" space="tenure" amount="131072" count="1" timems="0.040" reason="excess free space following gc" timestamp="2019-07-02T23:04:55.112" />
<gc-end id="5007" type="global" contextid="5001" durationms="3.275" usertimems="4.000" systemtimems="0.000" timestamp="2019-07-02T23:04:55.112" activeThreads="4">
  <mem-info id="5008" free="10512400" total="16580608" percent="63">
    <mem type="tenure" free="10512400" total="16580608" percent="63" micro-fragmented="131762" macro-fragmented="11639">
      <mem type="soa" free="10437944" total="16415744" percent="63" />
      <mem type="loa" free="74456" total="164864" percent="45" />
    </mem>
  </mem-info>
</gc-end>
<cycle-end id="5009" type="global" contextid="5001" timestamp="2019-07-02T23:04:55.112">
  <attribute name="GC Util" value="250" />
  <attribute name="CPU Util" value="9135375386278" />
  <attribute name="Time Running"value="5746"/>
  <attribute name="Number of cores"value="4"/>
</cycle-end>
<allocation-satisfied id="5010" threadId="0000000001129500" bytesRequested="40" />
<af-end id="5011" timestamp="2019-07-02T23:04:55.112" threadId="0000000001129E88" success="true" />
<exclusive-end id="5012" timestamp="2019-07-02T23:04:55.112" durationms="4.077" />

<exclusive-start id="5013" timestamp="2019-07-02T23:04:55.117" intervalms="8.747">
  <response-info timems="0.029" idlems="0.029" threads="1" lastid="0000000001130D00" lastname="Thread-9" />
</exclusive-start>
<af-start id="5014" threadId="000000000112DA88" totalBytesRequested="24" timestamp="2019-07-02T23:04:55.117" intervalms="8.746" />
<cycle-start id="5015" type="global" contextid="0" timestamp="2019-07-02T23:04:55.117" intervalms="8.758" />
  <attribute name="GC Util" value="250" />
  <attribute name="CPU Util" value="9135375386278" />
  <attribute name="Time Running"value="5746"/>
  <attribute name="Number of cores"value="4"/>
<gc-start id="5016" type="global" contextid="5015" timestamp="2019-07-02T23:04:55.117">
  <mem-info id="5017" free="74456" total="16580608" percent="0">
    <mem type="tenure" free="74456" total="16580608" percent="0">
      <mem type="soa" free="0" total="16415744" percent="0" />
      <mem type="loa" free="74456" total="164864" percent="45" />
    </mem>
  </mem-info>
</gc-start>
<allocation-stats totalBytes="10452768" >
  <allocated-bytes non-tlh="0" tlh="10452768" />
  <largest-consumer threadName="Thread-8" threadId="000000000112D100" bytes="2916448" />
</allocation-stats>
<gc-op id="5018" type="mark" timems="2.102" contextid="5015" timestamp="2019-07-02T23:04:55.119">
  <trace-info objectcount="64212" scancount="56643" scanbytes="2232548" />
  <finalization candidates="124" enqueued="0" />
  <ownableSynchronizers candidates="3" cleared="0" />
  <references type="soft" candidates="84" cleared="0" enqueued="0" dynamicThreshold="20" maxThreshold="32" />
  <references type="weak" candidates="774" cleared="0" enqueued="0" />
  <references type="phantom" candidates="63" cleared="0" enqueued="0" />
  <stringconstants candidates="4574" cleared="0"  />
</gc-op>
<gc-op id="5019" type="sweep" timems="0.841" contextid="5015" timestamp="2019-07-02T23:04:55.120" />
<heap-resize id="5020" type="contract" space="tenure" amount="65536" count="1" timems="0.056" reason="excess free space following gc" timestamp="2019-07-02T23:04:55.120" />
<gc-end id="5021" type="global" contextid="5015" durationms="3.448" usertimems="8.000" systemtimems="0.000" timestamp="2019-07-02T23:04:55.121" activeThreads="4">
  <mem-info id="5022" free="10303384" total="16515072" percent="62">
    <mem type="tenure" free="10303384" total="16515072" percent="62" micro-fragmented="104450" macro-fragmented="36915">
      <mem type="soa" free="10303384" total="16350208" percent="63" />
      <mem type="loa" free="0" total="164864" percent="0" />
    </mem>
  </mem-info>
</gc-end>
<cycle-end id="5023" type="global" contextid="5015" timestamp="2019-07-02T23:04:55.121">
  <attribute name="GC Util" value="248" />
  <attribute name="CPU Util" value="8430700560693" />
  <attribute name="Time Running"value="5755"/>
  <attribute name="Number of cores"value="4"/>
</cycle-end>
<allocation-satisfied id="5024" threadId="000000000112D100" bytesRequested="24" />
<af-end id="5025" timestamp="2019-07-02T23:04:55.121" threadId="000000000112DA88" success="true" />
<exclusive-end id="5026" timestamp="2019-07-02T23:04:55.121" durationms="4.055" />

<exclusive-start id="5027" timestamp="2019-07-02T23:04:55.126" intervalms="8.700">
  <response-info timems="0.023" idlems="0.023" threads="0" lastid="0000000001130D00" lastname="Thread-9" />
</exclusive-start>
<af-start id="5028" threadId="0000000001131688" totalBytesRequested="40" timestamp="2019-07-02T23:04:55.126" intervalms="8.695" />
<cycle-start id="5029" type="global" contextid="0" timestamp="2019-07-02T23:04:55.126" intervalms="8.696" />
  <attribute name="GC Util" value="248" />
  <attribute name="CPU Util" value="8430700560693" />
  <attribute name="Time Running"value="5755"/>
  <attribute name="Number of cores"value="4"/>
<gc-start id="5030" type="global" contextid="5029" timestamp="2019-07-02T23:04:55.126">
  <mem-info id="5031" free="0" total="16515072" percent="0">
    <mem type="tenure" free="0" total="16515072" percent="0">
      <mem type="soa" free="0" total="16350208" percent="0" />
      <mem type="loa" free="0" total="164864" percent="0" />
    </mem>
  </mem-info>
</gc-start>
<allocation-stats totalBytes="10308488" >
  <allocated-bytes non-tlh="0" tlh="10308488" />
  <largest-consumer threadName="Thread-8" threadId="000000000112D100" bytes="2879800" />
</allocation-stats>
<gc-op id="5032" type="mark" timems="1.198" contextid="5029" timestamp="2019-07-02T23:04:55.127">
  <trace-info objectcount="65133" scancount="57544" scanbytes="2255204" />
  <finalization candidates="124" enqueued="0" />
  <ownableSynchronizers candidates="3" cleared="0" />
  <references type="soft" candidates="84" cleared="0" enqueued="0" dynamicThreshold="19" maxThreshold="32" />
  <references type="weak" candidates="774" cleared="0" enqueued="0" />
  <references type="phantom" candidates="63" cleared="0" enqueued="0" />
  <stringconstants candidates="4574" cleared="0"  />
</gc-op>
<gc-op id="5033" type="sweep" timems="0.364" contextid="5029" timestamp="2019-07-02T23:04:55.128" />
<mem-info id="5034" free="10356664" total="16515072" percent="62">
  <mem type="tenure" free="10356664" total="16515072" percent="62" micro-fragmented="116876" macro-fragmented="14366">
    <mem type="soa" free="10240720" total="16350208" percent="62" />
    <mem type="loa" free="115944" total="164864" percent="70" />
  </mem>
</mem-info>
<gc-op id="5035" type="compact" timems="4.017" contextid="5029" timestamp="2019-07-02T23:04:55.132">
  <compact-info movecount="25394" movebytes="1160904" reason="compact to aid heap contraction" />
</gc-op>
<heap-resize id="5036" type="contract" space="tenure" amount="131072" count="1" timems="0.061" reason="excess free space following gc" timestamp="2019-07-02T23:04:55.132" />
<gc-end id="5037" type="global" contextid="5029" durationms="6.485" usertimems="8.000" systemtimems="0.000" timestamp="2019-07-02T23:04:55.132" activeThreads="4">
  <mem-info id="5038" free="10560096" total="16384000" percent="64">
    <mem type="tenure" free="10560096" total="16384000" percent="64">
      <mem type="soa" free="10430048" total="16220160" percent="64" />
      <mem type="loa" free="130048" total="163840" percent="79" />
    </mem>
  </mem-info>
</gc-end>
<cycle-end id="5039" type="global" contextid="5029" timestamp="2019-07-02T23:04:55.132">
  <attribute name="GC Util" value="11" />
  <attribute name="CPU Util" value="28376157016512" />
  <attribute name="Time Running"value="5763"/>
  <attribute name="Number of cores"value="4"/>
</cycle-end>
<allocation-satisfied id="5040" threadId="0000000001130D00" bytesRequested="40" />
<af-end id="5041" timestamp="2019-07-02T23:04:55.133" threadId="0000000001131688" success="true" />
<exclusive-end id="5042" timestamp="2019-07-02T23:04:55.133" durationms="7.280" />

<exclusive-start id="5043" timestamp="2019-07-02T23:04:55.137" intervalms="11.529">
  <response-info timems="0.026" idlems="0.026" threads="0" lastid="0000000001134900" lastname="Thread-7" />
</exclusive-start>
<af-start id="5044" threadId="0000000001135288" totalBytesRequested="40" timestamp="2019-07-02T23:04:55.137" intervalms="11.500" />
<cycle-start id="5045" type="global" contextid="0" timestamp="2019-07-02T23:04:55.137" intervalms="11.532" />
  <attribute name="GC Util" value="11" />
  <attribute name="CPU Util" value="28376157016512" />
  <attribute name="Time Running"value="5763"/>
  <attribute name="Number of cores"value="4"/>
<gc-start id="5046" type="global" contextid="5045" timestamp="2019-07-02T23:04:55.137">
  <mem-info id="5047" free="130048" total="16384000" percent="0">
    <mem type="tenure" free="130048" total="16384000" percent="0">
      <mem type="soa" free="0" total="16220160" percent="0" />
      <mem type="loa" free="130048" total="163840" percent="79" />
    </mem>
  </mem-info>
</gc-start>
<allocation-stats totalBytes="10493736" >
  <allocated-bytes non-tlh="0" tlh="10493736" />
  <largest-consumer threadName="Thread-8" threadId="000000000112D100" bytes="3112368" />
</allocation-stats>
<gc-op id="5048" type="mark" timems="2.060" contextid="5045" timestamp="2019-07-02T23:04:55.140">
  <trace-info objectcount="66030" scancount="58446" scanbytes="2276868" />
  <finalization candidates="124" enqueued="0" />
  <ownableSynchronizers candidates="3" cleared="0" />
  <references type="soft" candidates="84" cleared="0" enqueued="0" dynamicThreshold="20" maxThreshold="32" />
  <references type="weak" candidates="774" cleared="0" enqueued="0" />
  <references type="phantom" candidates="63" cleared="0" enqueued="0" />
  <stringconstants candidates="4574" cleared="0"  />
</gc-op>
<gc-op id="5049" type="sweep" timems="0.734" contextid="5045" timestamp="2019-07-02T23:04:55.141" />
<heap-resize id="5050" type="contract" space="tenure" amount="131072" count="1" timems="0.039" reason="excess free space following gc" timestamp="2019-07-02T23:04:55.141" />
<gc-end id="5051" type="global" contextid="5045" durationms="3.540" usertimems="8.000" systemtimems="0.000" timestamp="2019-07-02T23:04:55.141" activeThreads="4">
  <mem-info id="5052" free="10316824" total="16252928" percent="63">
    <mem type="tenure" free="10316824" total="16252928" percent="63" micro-fragmented="12846" macro-fragmented="0">
      <mem type="soa" free="10316824" total="16091136" percent="64" />
      <mem type="loa" free="0" total="161792" percent="0" />
    </mem>
  </mem-info>
</gc-end>
<cycle-end id="5053" type="global" contextid="5045" timestamp="2019-07-02T23:04:55.141">
  <attribute name="GC Util" value="241" />
  <attribute name="CPU Util" value="8427927257565" />
  <attribute name="Time Running"value="5775"/>
  <attribute name="Number of cores"value="4"/>
</cycle-end>
<allocation-satisfied id="5054" threadId="0000000001134900" bytesRequested="40" />
<af-end id="5055" timestamp="2019-07-02T23:04:55.141" threadId="0000000001135288" success="true" />
<exclusive-end id="5056" timestamp="2019-07-02T23:04:55.141" durationms="4.305" />

<exclusive-start id="5057" timestamp="2019-07-02T23:04:55.146" intervalms="8.997">
  <response-info timems="0.027" idlems="0.027" threads="0" lastid="0000000001134900" lastname="Thread-7" />
</exclusive-start>
<af-start id="5058" threadId="0000000001135288" totalBytesRequested="40" timestamp="2019-07-02T23:04:55.146" intervalms="8.990" />
<cycle-start id="5059" type="global" contextid="0" timestamp="2019-07-02T23:04:55.146" intervalms="8.951" />
  <attribute name="GC Util" value="241" />
  <attribute name="CPU Util" value="8427927257565" />
  <attribute name="Time Running"value="5775"/>
  <attribute name="Number of cores"value="4"/>
<gc-start id="5060" type="global" contextid="5059" timestamp="2019-07-02T23:04:55.146">
  <mem-info id="5061" free="0" total="16252928" percent="0">
    <mem type="tenure" free="0" total="16252928" percent="0">
      <mem type="soa" free="0" total="16091136" percent="0" />
      <mem type="loa" free="0" total="161792" percent="0" />
    </mem>
  </mem-info>
</gc-start>
<allocation-stats totalBytes="10316704" >
  <allocated-bytes non-tlh="0" tlh="10316704" />
  <largest-consumer threadName="Thread-8" threadId="000000000112D100" bytes="2954080" />
</allocation-stats>
<gc-op id="5062" type="mark" timems="2.567" contextid="5059" timestamp="2019-07-02T23:04:55.149">
  <trace-info objectcount="66478" scancount="58919" scanbytes="2286820" />
  <finalization candidates="124" enqueued="0" />
  <ownableSynchronizers candidates="3" cleared="0" />
  <references type="soft" candidates="84" cleared="0" enqueued="0" dynamicThreshold="20" maxThreshold="32" />
  <references type="weak" candidates="774" cleared="0" enqueued="0" />
  <references type="phantom" candidates="63" cleared="0" enqueued="0" />
  <stringconstants candidates="4574" cleared="0"  />
</gc-op>
<gc-op id="5063" type="sweep" timems="0.746" contextid="5059" timestamp="2019-07-02T23:04:55.150" />
<heap-resize id="5064" type="contract" space="tenure" amount="65536" count="1" timems="0.077" reason="excess free space following gc" timestamp="2019-07-02T23:04:55.150" />
<gc-end id="5065" type="global" contextid="5059" durationms="3.932" usertimems="8.000" systemtimems="4.000" timestamp="2019-07-02T23:04:55.150" activeThreads="4">
  <mem-info id="5066" free="10226984" total="16187392" percent="63">
    <mem type="tenure" free="10226984" total="16187392" percent="63" micro-fragmented="14125" macro-fragmented="61704">
      <mem type="soa" free="10226984" total="16025600" percent="63" />
      <mem type="loa" free="0" total="161792" percent="0" />
    </mem>
  </mem-info>
</gc-end>
<cycle-end id="5067" type="global" contextid="5059" timestamp="2019-07-02T23:04:55.150">
  <attribute name="GC Util" value="243" />
  <attribute name="CPU Util" value="7008257821427" />
  <attribute name="Time Running"value="5784"/>
  <attribute name="Number of cores"value="4"/>
</cycle-end>
<allocation-satisfied id="5068" threadId="0000000001134900" bytesRequested="40" />
<af-end id="5069" timestamp="2019-07-02T23:04:55.151" threadId="0000000001135288" success="true" />
<exclusive-end id="5070" timestamp="2019-07-02T23:04:55.151" durationms="4.678" />

<exclusive-start id="5071" timestamp="2019-07-02T23:04:55.155" intervalms="9.182">
  <response-info timems="0.028" idlems="0.028" threads="0" lastid="0000000001130D00" lastname="Thread-9" />
</exclusive-start>
<af-start id="5072" threadId="0000000001131688" totalBytesRequested="40" timestamp="2019-07-02T23:04:55.155" intervalms="9.242" />
<cycle-start id="5073" type="global" contextid="0" timestamp="2019-07-02T23:04:55.156" intervalms="9.281" />
  <attribute name="GC Util" value="243" />
  <attribute name="CPU Util" value="7008257821427" />
  <attribute name="Time Running"value="5784"/>
  <attribute name="Number of cores"value="4"/>
<gc-start id="5074" type="global" contextid="5073" timestamp="2019-07-02T23:04:55.156">
  <mem-info id="5075" free="0" total="16187392" percent="0">
    <mem type="tenure" free="0" total="16187392" percent="0">
      <mem type="soa" free="0" total="16025600" percent="0" />
      <mem type="loa" free="0" total="161792" percent="0" />
    </mem>
  </mem-info>
</gc-start>
<allocation-stats totalBytes="10225072" >
  <allocated-bytes non-tlh="0" tlh="10225072" />
  <largest-consumer threadName="Thread-8" threadId="000000000112D100" bytes="3104152" />
</allocation-stats>
<gc-op id="5076" type="mark" timems="1.065" contextid="5073" timestamp="2019-07-02T23:04:55.157">
  <trace-info objectcount="67401" scancount="59838" scanbytes="2309412" />
  <finalization candidates="124" enqueued="0" />
  <ownableSynchronizers candidates="3" cleared="0" />
  <references type="soft" candidates="84" cleared="0" enqueued="0" dynamicThreshold="20" maxThreshold="32" />
  <references type="weak" candidates="774" cleared="0" enqueued="0" />
  <references type="phantom" candidates="63" cleared="0" enqueued="0" />
  <stringconstants candidates="4574" cleared="0"  />
</gc-op>
<gc-op id="5077" type="sweep" timems="0.358" contextid="5073" timestamp="2019-07-02T23:04:55.157" />
<mem-info id="5078" free="10247688" total="16187392" percent="63">
  <mem type="tenure" free="10247688" total="16187392" percent="63" micro-fragmented="15384" macro-fragmented="41040">
    <mem type="soa" free="10167264" total="16025600" percent="63" />
    <mem type="loa" free="80424" total="161792" percent="49" />
  </mem>
</mem-info>
<gc-op id="5079" type="compact" timems="4.330" contextid="5073" timestamp="2019-07-02T23:04:55.162">
  <compact-info movecount="21988" movebytes="941560" reason="compact to aid heap contraction" />
</gc-op>
<heap-resize id="5080" type="contract" space="tenure" amount="131072" count="1" timems="0.083" reason="excess free space following gc" timestamp="2019-07-02T23:04:55.162" />
<gc-end id="5081" type="global" contextid="5073" durationms="6.652" usertimems="8.000" systemtimems="0.000" timestamp="2019-07-02T23:04:55.162" activeThreads="4">
  <mem-info id="5082" free="10181280" total="16056320" percent="63">
    <mem type="tenure" free="10181280" total="16056320" percent="63">
      <mem type="soa" free="10052256" total="15896576" percent="63" />
      <mem type="loa" free="129024" total="159744" percent="80" />
    </mem>
  </mem-info>
</gc-end>
<cycle-end id="5083" type="global" contextid="5073" timestamp="2019-07-02T23:04:55.162">
  <attribute name="GC Util" value="16" />
  <attribute name="CPU Util" value="28396294090744" />
  <attribute name="Time Running"value="5793"/>
  <attribute name="Number of cores"value="4"/>
</cycle-end>
<allocation-satisfied id="5084" threadId="0000000001130D00" bytesRequested="40" />
<af-end id="5085" timestamp="2019-07-02T23:04:55.163" threadId="0000000001131688" success="true" />
<exclusive-end id="5086" timestamp="2019-07-02T23:04:55.163" durationms="7.444" />

<exclusive-start id="5087" timestamp="2019-07-02T23:04:55.167" intervalms="11.781">
  <response-info timems="0.027" idlems="0.027" threads="0" lastid="0000000001130D00" lastname="Thread-9" />
</exclusive-start>
<af-start id="5088" threadId="0000000001131688" totalBytesRequested="40" timestamp="2019-07-02T23:04:55.167" intervalms="11.764" />
<cycle-start id="5089" type="global" contextid="0" timestamp="2019-07-02T23:04:55.167" intervalms="11.716" />
  <attribute name="GC Util" value="16" />
  <attribute name="CPU Util" value="28396294090744" />
  <attribute name="Time Running"value="5793"/>
  <attribute name="Number of cores"value="4"/>
<gc-start id="5090" type="global" contextid="5089" timestamp="2019-07-02T23:04:55.167">
  <mem-info id="5091" free="129024" total="16056320" percent="0">
    <mem type="tenure" free="129024" total="16056320" percent="0">
      <mem type="soa" free="0" total="15896576" percent="0" />
      <mem type="loa" free="129024" total="159744" percent="80" />
    </mem>
  </mem-info>
</gc-start>
<allocation-stats totalBytes="10115976" >
  <allocated-bytes non-tlh="0" tlh="10115976" />
  <largest-consumer threadName="Thread-8" threadId="000000000112D100" bytes="2981256" />
</allocation-stats>
<gc-op id="5092" type="mark" timems="1.104" contextid="5089" timestamp="2019-07-02T23:04:55.169">
  <trace-info objectcount="68312" scancount="60745" scanbytes="2330884" />
  <finalization candidates="124" enqueued="0" />
  <ownableSynchronizers candidates="3" cleared="0" />
  <references type="soft" candidates="84" cleared="0" enqueued="0" dynamicThreshold="20" maxThreshold="32" />
  <references type="weak" candidates="774" cleared="0" enqueued="0" />
  <references type="phantom" candidates="63" cleared="0" enqueued="0" />
  <stringconstants candidates="4574" cleared="0"  />
</gc-op>
<gc-op id="5093" type="sweep" timems="0.237" contextid="5089" timestamp="2019-07-02T23:04:55.169" />
<heap-resize id="5094" type="contract" space="tenure" amount="131072" count="1" timems="0.047" reason="excess free space following gc" timestamp="2019-07-02T23:04:55.169" />
<gc-end id="5095" type="global" contextid="5089" durationms="1.807" usertimems="0.000" systemtimems="4.000" timestamp="2019-07-02T23:04:55.169" activeThreads="4">
  <mem-info id="5096" free="10039952" total="15925248" percent="63">
    <mem type="tenure" free="10039952" total="15925248" percent="63" micro-fragmented="21029" macro-fragmented="86988">
      <mem type="soa" free="9935824" total="15766528" percent="63" />
      <mem type="loa" free="104128" total="158720" percent="65" />
    </mem>
  </mem-info>
</gc-end>
<cycle-end id="5097" type="global" contextid="5089" timestamp="2019-07-02T23:04:55.169">
  <attribute name="GC Util" value="217" />
  <attribute name="CPU Util" value="15927189769694" />
  <attribute name="Time Running"value="5804"/>
  <attribute name="Number of cores"value="4"/>
</cycle-end>
<allocation-satisfied id="5098" threadId="0000000001130D00" bytesRequested="40" />
<af-end id="5099" timestamp="2019-07-02T23:04:55.169" threadId="0000000001131688" success="true" />
<exclusive-end id="5100" timestamp="2019-07-02T23:04:55.170" durationms="2.509" />

<exclusive-start id="5101" timestamp="2019-07-02T23:04:55.173" intervalms="6.359">
  <response-info timems="0.027" idlems="0.027" threads="0" lastid="0000000001134900" lastname="Thread-7" />
</exclusive-start>
<af-start id="5102" threadId="0000000001135288" totalBytesRequested="40" timestamp="2019-07-02T23:04:55.174" intervalms="6.362" />
<cycle-start id="5103" type="global" contextid="0" timestamp="2019-07-02T23:04:55.174" intervalms="6.416" />
  <attribute name="GC Util" value="217" />
  <attribute name="CPU Util" value="15927189769694" />
  <attribute name="Time Running"value="5804"/>
  <attribute name="Number of cores"value="4"/>
<gc-start id="5104" type="global" contextid="5103" timestamp="2019-07-02T23:04:55.174">
  <mem-info id="5105" free="104128" total="15925248" percent="0">
    <mem type="tenure" free="104128" total="15925248" percent="0">
      <mem type="soa" free="0" total="15766528" percent="0" />
      <mem type="loa" free="104128" total="158720" percent="65" />
    </mem>
  </mem-info>
</gc-start>
<allocation-stats totalBytes="9936072" >
  <allocated-bytes non-tlh="0" tlh="9936072" />
  <largest-consumer threadName="Thread-10" threadId="0000000001129500" bytes="2846208" />
</allocation-stats>
<gc-op id="5106" type="mark" timems="2.228" contextid="5103" timestamp="2019-07-02T23:04:55.176">
  <trace-info objectcount="64393" scancount="56818" scanbytes="2237252" />
  <finalization candidates="124" enqueued="0" />
  <ownableSynchronizers candidates="3" cleared="0" />
  <references type="soft" candidates="84" cleared="0" enqueued="0" dynamicThreshold="20" maxThreshold="32" />
  <references type="weak" candidates="774" cleared="0" enqueued="0" />
  <references type="phantom" candidates="63" cleared="0" enqueued="0" />
  <stringconstants candidates="4574" cleared="0"  />
</gc-op>
<gc-op id="5107" type="sweep" timems="0.762" contextid="5103" timestamp="2019-07-02T23:04:55.177" />
<mem-info id="5108" free="10019032" total="15925248" percent="62">
  <mem type="tenure" free="10019032" total="15925248" percent="62" micro-fragmented="106830" macro-fragmented="0">
    <mem type="soa" free="9910128" total="15766528" percent="62" />
    <mem type="loa" free="108904" total="158720" percent="68" />
  </mem>
</mem-info>
<gc-op id="5109" type="compact" timems="5.487" contextid="5103" timestamp="2019-07-02T23:04:55.183">
  <compact-info movecount="24654" movebytes="1142952" reason="compact to aid heap contraction" />
</gc-op>
<heap-resize id="5110" type="contract" space="tenure" amount="131072" count="1" timems="0.079" reason="excess free space following gc" timestamp="2019-07-02T23:04:55.183" />
<gc-end id="5111" type="global" contextid="5103" durationms="9.322" usertimems="16.000" systemtimems="4.000" timestamp="2019-07-02T23:04:55.183" activeThreads="4">
  <mem-info id="5112" free="9994368" total="15794176" percent="63">
    <mem type="tenure" free="9994368" total="15794176" percent="63">
      <mem type="soa" free="9864320" total="15636480" percent="63" />
      <mem type="loa" free="130048" total="157696" percent="82" />
    </mem>
  </mem-info>
</gc-end>
<cycle-end id="5113" type="global" contextid="5103" timestamp="2019-07-02T23:04:55.183">
  <attribute name="GC Util" value="147" />
  <attribute name="CPU Util" value="18156851482088" />
  <attribute name="Time Running"value="5812"/>
  <attribute name="Number of cores"value="4"/>
</cycle-end>
<allocation-satisfied id="5114" threadId="0000000001134900" bytesRequested="40" />
<af-end id="5115" timestamp="2019-07-02T23:04:55.184" threadId="0000000001135288" success="true" />
<exclusive-end id="5116" timestamp="2019-07-02T23:04:55.184" durationms="10.190" />

<exclusive-start id="5117" timestamp="2019-07-02T23:04:55.188" intervalms="14.491">
  <response-info timems="0.022" idlems="0.022" threads="0" lastid="0000000001129500" lastname="Thread-10" />
</exclusive-start>
<af-start id="5118" threadId="0000000001129E88" totalBytesRequested="40" timestamp="2019-07-02T23:04:55.188" intervalms="14.457" />
<cycle-start id="5119" type="global" contextid="0" timestamp="2019-07-02T23:04:55.188" intervalms="14.368" />
  <attribute name="GC Util" value="147" />
  <attribute name="CPU Util" value="18156851482088" />
  <attribute name="Time Running"value="5812"/>
  <attribute name="Number of cores"value="4"/>
<gc-start id="5120" type="global" contextid="5119" timestamp="2019-07-02T23:04:55.188">
  <mem-info id="5121" free="130048" total="15794176" percent="0">
    <mem type="tenure" free="130048" total="15794176" percent="0">
      <mem type="soa" free="0" total="15636480" percent="0" />
      <mem type="loa" free="130048" total="157696" percent="82" />
    </mem>
  </mem-info>
</gc-start>
<allocation-stats totalBytes="9928312" >
  <allocated-bytes non-tlh="0" tlh="9928312" />
  <largest-consumer threadName="Thread-8" threadId="000000000112D100" bytes="2981408" />
</allocation-stats>
<gc-op id="5122" type="mark" timems="2.221" contextid="5119" timestamp="2019-07-02T23:04:55.190">
  <trace-info objectcount="65179" scancount="57600" scanbytes="2255740" />
  <finalization candidates="124" enqueued="0" />
  <ownableSynchronizers candidates="3" cleared="0" />
  <references type="soft" candidates="84" cleared="0" enqueued="0" dynamicThreshold="20" maxThreshold="32" />
  <references type="weak" candidates="774" cleared="0" enqueued="0" />
  <references type="phantom" candidates="63" cleared="0" enqueued="0" />
  <stringconstants candidates="4574" cleared="0"  />
</gc-op>
<gc-op id="5123" type="sweep" timems="0.738" contextid="5119" timestamp="2019-07-02T23:04:55.191" />
<heap-resize id="5124" type="contract" space="tenure" amount="131072" count="1" timems="0.073" reason="excess free space following gc" timestamp="2019-07-02T23:04:55.192" />
<gc-end id="5125" type="global" contextid="5119" durationms="3.594" usertimems="8.000" systemtimems="0.000" timestamp="2019-07-02T23:04:55.192" activeThreads="4">
  <mem-info id="5126" free="9815776" total="15663104" percent="62">
    <mem type="tenure" free="9815776" total="15663104" percent="62" micro-fragmented="0" macro-fragmented="77032">
      <mem type="soa" free="9749192" total="15507456" percent="62" />
      <mem type="loa" free="66584" total="155648" percent="42" />
    </mem>
  </mem-info>
</gc-end>
<cycle-end id="5127" type="global" contextid="5119" timestamp="2019-07-02T23:04:55.192">
  <attribute name="GC Util" value="262" />
  <attribute name="CPU Util" value="7979057773972" />
  <attribute name="Time Running"value="5826"/>
  <attribute name="Number of cores"value="4"/>
</cycle-end>
<allocation-satisfied id="5128" threadId="0000000001129500" bytesRequested="40" />
<af-end id="5129" timestamp="2019-07-02T23:04:55.192" threadId="0000000001129E88" success="true" />
<exclusive-end id="5130" timestamp="2019-07-02T23:04:55.192" durationms="4.265" />

<exclusive-start id="5131" timestamp="2019-07-02T23:04:55.196" intervalms="8.221">
  <response-info timems="0.024" idlems="0.024" threads="0" lastid="0000000001130D00" lastname="Thread-9" />
</exclusive-start>
<af-start id="5132" threadId="0000000001131688" totalBytesRequested="24" timestamp="2019-07-02T23:04:55.196" intervalms="8.285" />
<cycle-start id="5133" type="global" contextid="0" timestamp="2019-07-02T23:04:55.196" intervalms="8.329" />
  <attribute name="GC Util" value="262" />
  <attribute name="CPU Util" value="7979057773972" />
  <attribute name="Time Running"value="5826"/>
  <attribute name="Number of cores"value="4"/>
<gc-start id="5134" type="global" contextid="5133" timestamp="2019-07-02T23:04:55.196">
  <mem-info id="5135" free="66584" total="15663104" percent="0">
    <mem type="tenure" free="66584" total="15663104" percent="0">
      <mem type="soa" free="0" total="15507456" percent="0" />
      <mem type="loa" free="66584" total="155648" percent="42" />
    </mem>
  </mem-info>
</gc-start>
<allocation-stats totalBytes="9748360" >
  <allocated-bytes non-tlh="0" tlh="9748360" />
  <largest-consumer threadName="Thread-8" threadId="000000000112D100" bytes="2731568" />
</allocation-stats>
<gc-op id="5136" type="mark" timems="1.144" contextid="5133" timestamp="2019-07-02T23:04:55.198">
  <trace-info objectcount="66135" scancount="58532" scanbytes="2278612" />
  <finalization candidates="124" enqueued="0" />
  <ownableSynchronizers candidates="3" cleared="0" />
  <references type="soft" candidates="84" cleared="0" enqueued="0" dynamicThreshold="20" maxThreshold="32" />
  <references type="weak" candidates="774" cleared="0" enqueued="0" />
  <references type="phantom" candidates="63" cleared="0" enqueued="0" />
  <stringconstants candidates="4574" cleared="0"  />
</gc-op>
<gc-op id="5137" type="sweep" timems="0.271" contextid="5133" timestamp="2019-07-02T23:04:55.198" />
<heap-resize id="5138" type="contract" space="tenure" amount="65536" count="1" timems="0.080" reason="excess free space following gc" timestamp="2019-07-02T23:04:55.198" />
<gc-end id="5139" type="global" contextid="5133" durationms="1.939" usertimems="4.000" systemtimems="0.000" timestamp="2019-07-02T23:04:55.198" activeThreads="4">
  <mem-info id="5140" free="9611088" total="15597568" percent="61">
    <mem type="tenure" free="9611088" total="15597568" percent="61" micro-fragmented="13341" macro-fragmented="0">
      <mem type="soa" free="9611088" total="15441920" percent="62" />
      <mem type="loa" free="0" total="155648" percent="0" />
    </mem>
  </mem-info>
</gc-end>
<cycle-end id="5141" type="global" contextid="5133" timestamp="2019-07-02T23:04:55.199">
  <attribute name="GC Util" value="202" />
  <attribute name="CPU Util" value="14878326052467" />
  <attribute name="Time Running"value="5833"/>
  <attribute name="Number of cores"value="4"/>
</cycle-end>
<allocation-satisfied id="5142" threadId="0000000001130D00" bytesRequested="24" />
<af-end id="5143" timestamp="2019-07-02T23:04:55.199" threadId="0000000001131688" success="true" />
<exclusive-end id="5144" timestamp="2019-07-02T23:04:55.199" durationms="2.693" />

<exclusive-start id="5145" timestamp="2019-07-02T23:04:55.203" intervalms="6.736">
  <response-info timems="0.030" idlems="0.030" threads="0" lastid="000000000112D100" lastname="Thread-8" />
</exclusive-start>
<af-start id="5146" threadId="000000000112DA88" totalBytesRequested="40" timestamp="2019-07-02T23:04:55.203" intervalms="6.655" />
<cycle-start id="5147" type="global" contextid="0" timestamp="2019-07-02T23:04:55.203" intervalms="6.602" />
  <attribute name="GC Util" value="202" />
  <attribute name="CPU Util" value="14878326052467" />
  <attribute name="Time Running"value="5833"/>
  <attribute name="Number of cores"value="4"/>
<gc-start id="5148" type="global" contextid="5147" timestamp="2019-07-02T23:04:55.203">
  <mem-info id="5149" free="0" total="15597568" percent="0">
    <mem type="tenure" free="0" total="15597568" percent="0">
      <mem type="soa" free="0" total="15441920" percent="0" />
      <mem type="loa" free="0" total="155648" percent="0" />
    </mem>
  </mem-info>
</gc-start>
<allocation-stats totalBytes="9607056" >
  <allocated-bytes non-tlh="0" tlh="9607056" />
  <largest-consumer threadName="Thread-8" threadId="000000000112D100" bytes="2658816" />
</allocation-stats>
<gc-op id="5150" type="mark" timems="2.102" contextid="5147" timestamp="2019-07-02T23:04:55.205">
  <trace-info objectcount="67139" scancount="59560" scanbytes="2302692" />
  <finalization candidates="124" enqueued="0" />
  <ownableSynchronizers candidates="3" cleared="0" />
  <references type="soft" candidates="84" cleared="0" enqueued="0" dynamicThreshold="19" maxThreshold="32" />
  <references type="weak" candidates="774" cleared="0" enqueued="0" />
  <references type="phantom" candidates="63" cleared="0" enqueued="0" />
  <stringconstants candidates="4574" cleared="0"  />
</gc-op>
<gc-op id="5151" type="sweep" timems="0.802" contextid="5147" timestamp="2019-07-02T23:04:55.206" />
<mem-info id="5152" free="9619656" total="15597568" percent="61">
  <mem type="tenure" free="9619656" total="15597568" percent="61" micro-fragmented="23040" macro-fragmented="0">
    <mem type="soa" free="9537304" total="15441920" percent="61" />
    <mem type="loa" free="82352" total="155648" percent="52" />
  </mem>
</mem-info>
<gc-op id="5153" type="compact" timems="4.922" contextid="5147" timestamp="2019-07-02T23:04:55.211">
  <compact-info movecount="9236" movebytes="360328" reason="compact to aid heap contraction" />
</gc-op>
<heap-resize id="5154" type="contract" space="tenure" amount="131072" count="1" timems="0.073" reason="excess free space following gc" timestamp="2019-07-02T23:04:55.211" />
<gc-end id="5155" type="global" contextid="5147" durationms="8.443" usertimems="16.000" systemtimems="0.000" timestamp="2019-07-02T23:04:55.211" activeThreads="4">
  <mem-info id="5156" free="9604320" total="15466496" percent="62">
    <mem type="tenure" free="9604320" total="15466496" percent="62">
      <mem type="soa" free="9474272" total="15311872" percent="61" />
      <mem type="loa" free="130048" total="154624" percent="84" />
    </mem>
  </mem-info>
</gc-end>
<cycle-end id="5157" type="global" contextid="5147" timestamp="2019-07-02T23:04:55.212">
  <attribute name="GC Util" value="154" />
  <attribute name="CPU Util" value="19161247529158" />
  <attribute name="Time Running"value="5841"/>
  <attribute name="Number of cores"value="4"/>
</cycle-end>
<allocation-satisfied id="5158" threadId="000000000112D100" bytesRequested="40" />
<af-end id="5159" timestamp="2019-07-02T23:04:55.212" threadId="000000000112DA88" success="true" />
<exclusive-end id="5160" timestamp="2019-07-02T23:04:55.212" durationms="8.942" />

<exclusive-start id="5161" timestamp="2019-07-02T23:04:55.215" intervalms="12.632">
  <response-info timems="0.028" idlems="0.028" threads="0" lastid="0000000001130D00" lastname="Thread-9" />
</exclusive-start>
<af-start id="5162" threadId="0000000001131688" totalBytesRequested="24" timestamp="2019-07-02T23:04:55.216" intervalms="12.647" />
<cycle-start id="5163" type="global" contextid="0" timestamp="2019-07-02T23:04:55.216" intervalms="12.658" />
  <attribute name="GC Util" value="154" />
  <attribute name="CPU Util" value="19161247529158" />
  <attribute name="Time Running"value="5841"/>
  <attribute name="Number of cores"value="4"/>
<gc-start id="5164" type="global" contextid="5163" timestamp="2019-07-02T23:04:55.216">
  <mem-info id="5165" free="130048" total="15466496" percent="0">
    <mem type="tenure" free="130048" total="15466496" percent="0">
      <mem type="soa" free="0" total="15311872" percent="0" />
      <mem type="loa" free="130048" total="154624" percent="84" />
    </mem>
  </mem-info>
</gc-start>
<allocation-stats totalBytes="9538272" >
  <allocated-bytes non-tlh="0" tlh="9538272" />
  <largest-consumer threadName="Thread-8" threadId="000000000112D100" bytes="2588256" />
</allocation-stats>
<gc-op id="5166" type="mark" timems="1.029" contextid="5163" timestamp="2019-07-02T23:04:55.217">
  <trace-info objectcount="68210" scancount="60638" scanbytes="2328540" />
  <finalization candidates="124" enqueued="0" />
  <ownableSynchronizers candidates="3" cleared="0" />
  <references type="soft" candidates="84" cleared="0" enqueued="0" dynamicThreshold="19" maxThreshold="32" />
  <references type="weak" candidates="774" cleared="0" enqueued="0" />
  <references type="phantom" candidates="63" cleared="0" enqueued="0" />
  <stringconstants candidates="4574" cleared="0"  />
</gc-op>
<gc-op id="5167" type="sweep" timems="0.259" contextid="5163" timestamp="2019-07-02T23:04:55.217" />
<heap-resize id="5168" type="contract" space="tenure" amount="131072" count="1" timems="0.046" reason="excess free space following gc" timestamp="2019-07-02T23:04:55.217" />
<gc-end id="5169" type="global" contextid="5163" durationms="1.694" usertimems="4.000" systemtimems="0.000" timestamp="2019-07-02T23:04:55.217" activeThreads="4">
  <mem-info id="5170" free="9430520" total="15335424" percent="61">
    <mem type="tenure" free="9430520" total="15335424" percent="61" micro-fragmented="3852" macro-fragmented="0">
      <mem type="soa" free="9334368" total="15182848" percent="61" />
      <mem type="loa" free="96152" total="152576" percent="63" />
    </mem>
  </mem-info>
</gc-end>
<cycle-end id="5171" type="global" contextid="5163" timestamp="2019-07-02T23:04:55.217">
  <attribute name="GC Util" value="227" />
  <attribute name="CPU Util" value="17093470780670" />
  <attribute name="Time Running"value="5852"/>
  <attribute name="Number of cores"value="4"/>
</cycle-end>
<allocation-satisfied id="5172" threadId="0000000001130D00" bytesRequested="24" />
<af-end id="5173" timestamp="2019-07-02T23:04:55.218" threadId="0000000001131688" success="true" />
<exclusive-end id="5174" timestamp="2019-07-02T23:04:55.218" durationms="2.129" />

<exclusive-start id="5175" timestamp="2019-07-02T23:04:55.221" intervalms="5.827">
  <response-info timems="0.033" idlems="0.031" threads="1" lastid="0000000001130D00" lastname="Thread-9" />
</exclusive-start>
<af-start id="5176" threadId="0000000001129E88" totalBytesRequested="40" timestamp="2019-07-02T23:04:55.221" intervalms="5.818" />
<cycle-start id="5177" type="global" contextid="0" timestamp="2019-07-02T23:04:55.221" intervalms="5.826" />
  <attribute name="GC Util" value="227" />
  <attribute name="CPU Util" value="17093470780670" />
  <attribute name="Time Running"value="5852"/>
  <attribute name="Number of cores"value="4"/>
<gc-start id="5178" type="global" contextid="5177" timestamp="2019-07-02T23:04:55.222">
  <mem-info id="5179" free="96152" total="15335424" percent="0">
    <mem type="tenure" free="96152" total="15335424" percent="0">
      <mem type="soa" free="0" total="15182848" percent="0" />
      <mem type="loa" free="96152" total="152576" percent="63" />
    </mem>
  </mem-info>
</gc-start>
<allocation-stats totalBytes="9332288" >
  <allocated-bytes non-tlh="0" tlh="9332288" />
  <largest-consumer threadName="Thread-10" threadId="0000000001129500" bytes="2543280" />
</allocation-stats>
<gc-op id="5180" type="mark" timems="2.056" contextid="5177" timestamp="2019-07-02T23:04:55.224">
  <trace-info objectcount="69187" scancount="61605" scanbytes="2351732" />
  <finalization candidates="124" enqueued="0" />
  <ownableSynchronizers candidates="3" cleared="0" />
  <references type="soft" candidates="84" cleared="0" enqueued="0" dynamicThreshold="19" maxThreshold="32" />
  <references type="weak" candidates="774" cleared="0" enqueued="0" />
  <references type="phantom" candidates="63" cleared="0" enqueued="0" />
  <stringconstants candidates="4574" cleared="0"  />
</gc-op>
<gc-op id="5181" type="sweep" timems="0.757" contextid="5177" timestamp="2019-07-02T23:04:55.224" />
<gc-end id="5182" type="global" contextid="5177" durationms="3.080" usertimems="8.000" systemtimems="0.000" timestamp="2019-07-02T23:04:55.225" activeThreads="4">
  <mem-info id="5183" free="9411752" total="15335424" percent="61">
    <mem type="tenure" free="9411752" total="15335424" percent="61" micro-fragmented="3328" macro-fragmented="0">
      <mem type="soa" free="9259176" total="15182848" percent="60" />
      <mem type="loa" free="152576" total="152576" percent="100" />
    </mem>
  </mem-info>
</gc-end>
<cycle-end id="5184" type="global" contextid="5177" timestamp="2019-07-02T23:04:55.225">
  <attribute name="GC Util" value="256" />
  <attribute name="CPU Util" value="8743406932268" />
  <attribute name="Time Running"value="5859"/>
  <attribute name="Number of cores"value="4"/>
</cycle-end>
<allocation-satisfied id="5185" threadId="0000000001129500" bytesRequested="40" />
<af-end id="5186" timestamp="2019-07-02T23:04:55.225" threadId="0000000001129E88" success="true" />
<exclusive-end id="5187" timestamp="2019-07-02T23:04:55.225" durationms="3.714" />

<exclusive-start id="5188" timestamp="2019-07-02T23:04:55.229" intervalms="7.813">
  <response-info timems="0.038" idlems="0.038" threads="0" lastid="0000000001134900" lastname="Thread-7" />
</exclusive-start>
<af-start id="5189" threadId="0000000001135288" totalBytesRequested="40" timestamp="2019-07-02T23:04:55.229" intervalms="7.852" />
<cycle-start id="5190" type="global" contextid="0" timestamp="2019-07-02T23:04:55.229" intervalms="7.884" />
  <attribute name="GC Util" value="256" />
  <attribute name="CPU Util" value="8743406932268" />
  <attribute name="Time Running"value="5859"/>
  <attribute name="Number of cores"value="4"/>
<gc-start id="5191" type="global" contextid="5190" timestamp="2019-07-02T23:04:55.229">
  <mem-info id="5192" free="152576" total="15335424" percent="0">
    <mem type="tenure" free="152576" total="15335424" percent="0">
      <mem type="soa" free="0" total="15182848" percent="0" />
      <mem type="loa" free="152576" total="152576" percent="100" />
    </mem>
  </mem-info>
</gc-start>
<allocation-stats totalBytes="9253248" >
  <allocated-bytes non-tlh="0" tlh="9253248" />
  <largest-consumer threadName="Thread-10" threadId="0000000001129500" bytes="2909864" />
</allocation-stats>
<gc-op id="5193" type="mark" timems="2.070" contextid="5190" timestamp="2019-07-02T23:04:55.232">
  <trace-info objectcount="70040" scancount="62474" scanbytes="2372188" />
  <finalization candidates="124" enqueued="0" />
  <ownableSynchronizers candidates="3" cleared="0" />
  <references type="soft" candidates="84" cleared="0" enqueued="0" dynamicThreshold="19" maxThreshold="32" />
  <references type="weak" candidates="774" cleared="0" enqueued="0" />
  <references type="phantom" candidates="63" cleared="0" enqueued="0" />
  <stringconstants candidates="4574" cleared="0"  />
</gc-op>
<gc-op id="5194" type="sweep" timems="0.807" contextid="5190" timestamp="2019-07-02T23:04:55.232" />
<gc-end id="5195" type="global" contextid="5190" durationms="3.157" usertimems="8.000" systemtimems="0.000" timestamp="2019-07-02T23:04:55.233" activeThreads="4">
  <mem-info id="5196" free="9347544" total="15335424" percent="60">
    <mem type="tenure" free="9347544" total="15335424" percent="60" micro-fragmented="36649" macro-fragmented="0">
      <mem type="soa" free="9194968" total="15182848" percent="60" />
      <mem type="loa" free="152576" total="152576" percent="100" />
    </mem>
  </mem-info>
</gc-end>
<cycle-end id="5197" type="global" contextid="5190" timestamp="2019-07-02T23:04:55.233">
  <attribute name="GC Util" value="255" />
  <attribute name="CPU Util" value="8642516961286" />
  <attribute name="Time Running"value="5867"/>
  <attribute name="Number of cores"value="4"/>
</cycle-end>
<allocation-satisfied id="5198" threadId="0000000001134900" bytesRequested="40" />
<af-end id="5199" timestamp="2019-07-02T23:04:55.233" threadId="0000000001135288" success="true" />
<exclusive-end id="5200" timestamp="2019-07-02T23:04:55.233" durationms="3.878" />

<exclusive-start id="5201" timestamp="2019-07-02T23:04:55.237" intervalms="7.667">
  <response-info timems="0.023" idlems="0.022" threads="1" lastid="0000000001129500" lastname="Thread-10" />
</exclusive-start>
<af-start id="5202" threadId="0000000001135288" totalBytesRequested="40" timestamp="2019-07-02T23:04:55.237" intervalms="7.664" />
<cycle-start id="5203" type="global" contextid="0" timestamp="2019-07-02T23:04:55.237" intervalms="7.679" />
  <attribute name="GC Util" value="255" />
  <attribute name="CPU Util" value="8642516961286" />
  <attribute name="Time Running"value="5867"/>
  <attribute name="Number of cores"value="4"/>
<gc-start id="5204" type="global" contextid="5203" timestamp="2019-07-02T23:04:55.237">
  <mem-info id="5205" free="152576" total="15335424" percent="0">
    <mem type="tenure" free="152576" total="15335424" percent="0">
      <mem type="soa" free="0" total="15182848" percent="0" />
      <mem type="loa" free="152576" total="152576" percent="100" />
    </mem>
  </mem-info>
</gc-start>
<allocation-stats totalBytes="9185120" >
  <allocated-bytes non-tlh="0" tlh="9185120" />
  <largest-consumer threadName="Thread-10" threadId="0000000001129500" bytes="2635544" />
</allocation-stats>
<gc-op id="5206" type="mark" timems="2.265" contextid="5203" timestamp="2019-07-02T23:04:55.239">
  <trace-info objectcount="70899" scancount="63340" scanbytes="2392820" />
  <finalization candidates="124" enqueued="0" />
  <ownableSynchronizers candidates="3" cleared="0" />
  <references type="soft" candidates="84" cleared="0" enqueued="0" dynamicThreshold="19" maxThreshold="32" />
  <references type="weak" candidates="774" cleared="0" enqueued="0" />
  <references type="phantom" candidates="63" cleared="0" enqueued="0" />
  <stringconstants candidates="4574" cleared="0"  />
</gc-op>
<gc-op id="5207" type="sweep" timems="0.792" contextid="5203" timestamp="2019-07-02T23:04:55.240" />
<gc-end id="5208" type="global" contextid="5203" durationms="3.369" usertimems="8.000" systemtimems="0.000" timestamp="2019-07-02T23:04:55.240" activeThreads="4">
  <mem-info id="5209" free="9260576" total="15335424" percent="60">
    <mem type="tenure" free="9260576" total="15335424" percent="60" micro-fragmented="26713" macro-fragmented="0">
      <mem type="soa" free="9108000" total="15182848" percent="59" />
      <mem type="loa" free="152576" total="152576" percent="100" />
    </mem>
  </mem-info>
</gc-end>
<cycle-end id="5210" type="global" contextid="5203" timestamp="2019-07-02T23:04:55.241">
  <attribute name="GC Util" value="253" />
  <attribute name="CPU Util" value="7832490049142" />
  <attribute name="Time Running"value="5875"/>
  <attribute name="Number of cores"value="4"/>
</cycle-end>
<allocation-satisfied id="5211" threadId="0000000001134900" bytesRequested="40" />
<af-end id="5212" timestamp="2019-07-02T23:04:55.241" threadId="0000000001135288" success="true" />
<exclusive-end id="5213" timestamp="2019-07-02T23:04:55.241" durationms="4.160" />

<exclusive-start id="5214" timestamp="2019-07-02T23:04:55.245" intervalms="8.360">
  <response-info timems="0.021" idlems="0.021" threads="1" lastid="0000000001130D00" lastname="Thread-9" />
</exclusive-start>
<af-start id="5215" threadId="0000000001135288" totalBytesRequested="40" timestamp="2019-07-02T23:04:55.245" intervalms="8.399" />
<cycle-start id="5216" type="global" contextid="0" timestamp="2019-07-02T23:04:55.245" intervalms="8.378" />
  <attribute name="GC Util" value="253" />
  <attribute name="CPU Util" value="7832490049142" />
  <attribute name="Time Running"value="5875"/>
  <attribute name="Number of cores"value="4"/>
<gc-start id="5217" type="global" contextid="5216" timestamp="2019-07-02T23:04:55.245">
  <mem-info id="5218" free="152576" total="15335424" percent="0">
    <mem type="tenure" free="152576" total="15335424" percent="0">
      <mem type="soa" free="0" total="15182848" percent="0" />
      <mem type="loa" free="152576" total="152576" percent="100" />
    </mem>
  </mem-info>
</gc-start>
<allocation-stats totalBytes="9095504" >
  <allocated-bytes non-tlh="0" tlh="9095504" />
  <largest-consumer threadName="Thread-10" threadId="0000000001129500" bytes="2565656" />
</allocation-stats>
<gc-op id="5219" type="mark" timems="2.276" contextid="5216" timestamp="2019-07-02T23:04:55.248">
  <trace-info objectcount="72225" scancount="64655" scanbytes="2424740" />
  <finalization candidates="124" enqueued="0" />
  <ownableSynchronizers candidates="3" cleared="0" />
  <references type="soft" candidates="84" cleared="0" enqueued="0" dynamicThreshold="19" maxThreshold="32" />
  <references type="weak" candidates="774" cleared="0" enqueued="0" />
  <references type="phantom" candidates="63" cleared="0" enqueued="0" />
  <stringconstants candidates="4574" cleared="0"  />
</gc-op>
<gc-op id="5220" type="sweep" timems="0.820" contextid="5216" timestamp="2019-07-02T23:04:55.249" />
<heap-resize id="5221" type="expand" space="tenure" amount="1048576" count="1" timems="0.047" reason="excessive time being spent in gc" timestamp="2019-07-02T23:04:55.249" />
<gc-end id="5222" type="global" contextid="5216" durationms="3.465" usertimems="4.000" systemtimems="4.000" timestamp="2019-07-02T23:04:55.249" activeThreads="4">
  <mem-info id="5223" free="10193248" total="16384000" percent="62">
    <mem type="tenure" free="10193248" total="16384000" percent="62" micro-fragmented="16917" macro-fragmented="0">
      <mem type="soa" free="10029408" total="16220160" percent="61" />
      <mem type="loa" free="163840" total="163840" percent="100" />
    </mem>
  </mem-info>
</gc-end>
<cycle-end id="5224" type="global" contextid="5216" timestamp="2019-07-02T23:04:55.249">
  <attribute name="GC Util" value="254" />
  <attribute name="CPU Util" value="7892870673499" />
  <attribute name="Time Running"value="5883"/>
  <attribute name="Number of cores"value="4"/>
</cycle-end>
<allocation-satisfied id="5225" threadId="0000000001134900" bytesRequested="40" />
<af-end id="5226" timestamp="2019-07-02T23:04:55.249" threadId="0000000001135288" success="true" />
<exclusive-end id="5227" timestamp="2019-07-02T23:04:55.249" durationms="4.121" />

<exclusive-start id="5228" timestamp="2019-07-02T23:04:55.254" intervalms="8.683">
  <response-info timems="0.019" idlems="0.019" threads="0" lastid="0000000001129500" lastname="Thread-10" />
</exclusive-start>
<af-start id="5229" threadId="0000000001129E88" totalBytesRequested="40" timestamp="2019-07-02T23:04:55.254" intervalms="8.655" />
<cycle-start id="5230" type="global" contextid="0" timestamp="2019-07-02T23:04:55.254" intervalms="8.655" />
  <attribute name="GC Util" value="254" />
  <attribute name="CPU Util" value="7892870673499" />
  <attribute name="Time Running"value="5883"/>
  <attribute name="Number of cores"value="4"/>
<gc-start id="5231" type="global" contextid="5230" timestamp="2019-07-02T23:04:55.254">
  <mem-info id="5232" free="163840" total="16384000" percent="1">
    <mem type="tenure" free="163840" total="16384000" percent="1">
      <mem type="soa" free="0" total="16220160" percent="0" />
      <mem type="loa" free="163840" total="163840" percent="100" />
    </mem>
  </mem-info>
</gc-start>
<allocation-stats totalBytes="10013560" >
  <allocated-bytes non-tlh="0" tlh="10013560" />
  <largest-consumer threadName="Thread-10" threadId="0000000001129500" bytes="2810144" />
</allocation-stats>
<gc-op id="5233" type="mark" timems="2.097" contextid="5230" timestamp="2019-07-02T23:04:55.256">
  <trace-info objectcount="73390" scancount="65810" scanbytes="2452812" />
  <finalization candidates="124" enqueued="0" />
  <ownableSynchronizers candidates="3" cleared="0" />
  <references type="soft" candidates="84" cleared="0" enqueued="0" dynamicThreshold="19" maxThreshold="32" />
  <references type="weak" candidates="774" cleared="0" enqueued="0" />
  <references type="phantom" candidates="63" cleared="0" enqueued="0" />
  <stringconstants candidates="4574" cleared="0"  />
</gc-op>
<gc-op id="5234" type="sweep" timems="0.900" contextid="5230" timestamp="2019-07-02T23:04:55.257" />
<gc-end id="5235" type="global" contextid="5230" durationms="3.346" usertimems="4.000" systemtimems="4.000" timestamp="2019-07-02T23:04:55.257" activeThreads="4">
  <mem-info id="5236" free="10090600" total="16384000" percent="61">
    <mem type="tenure" free="10090600" total="16384000" percent="61" micro-fragmented="74089" macro-fragmented="0">
      <mem type="soa" free="9926760" total="16220160" percent="61" />
      <mem type="loa" free="163840" total="163840" percent="100" />
    </mem>
  </mem-info>
</gc-end>
<cycle-end id="5237" type="global" contextid="5230" timestamp="2019-07-02T23:04:55.258">
  <attribute name="GC Util" value="261" />
  <attribute name="CPU Util" value="8561261073628" />
  <attribute name="Time Running"value="5892"/>
  <attribute name="Number of cores"value="4"/>
</cycle-end>
<allocation-satisfied id="5238" threadId="0000000001129500" bytesRequested="40" />
<af-end id="5239" timestamp="2019-07-02T23:04:55.258" threadId="0000000001129E88" success="true" />
<exclusive-end id="5240" timestamp="2019-07-02T23:04:55.258" durationms="4.191" />

<exclusive-start id="5241" timestamp="2019-07-02T23:04:55.263" intervalms="8.678">
  <response-info timems="0.029" idlems="0.029" threads="0" lastid="0000000001130D00" lastname="Thread-9" />
</exclusive-start>
<af-start id="5242" threadId="0000000001131688" totalBytesRequested="40" timestamp="2019-07-02T23:04:55.263" intervalms="8.685" />
<cycle-start id="5243" type="global" contextid="0" timestamp="2019-07-02T23:04:55.263" intervalms="8.728" />
  <attribute name="GC Util" value="261" />
  <attribute name="CPU Util" value="8561261073628" />
  <attribute name="Time Running"value="5892"/>
  <attribute name="Number of cores"value="4"/>
<gc-start id="5244" type="global" contextid="5243" timestamp="2019-07-02T23:04:55.263">
  <mem-info id="5245" free="163840" total="16384000" percent="1">
    <mem type="tenure" free="163840" total="16384000" percent="1">
      <mem type="soa" free="0" total="16220160" percent="0" />
      <mem type="loa" free="163840" total="163840" percent="100" />
    </mem>
  </mem-info>
</gc-start>
<allocation-stats totalBytes="9908136" >
  <allocated-bytes non-tlh="0" tlh="9908136" />
  <largest-consumer threadName="Thread-10" threadId="0000000001129500" bytes="2969464" />
</allocation-stats>
<gc-op id="5246" type="mark" timems="1.145" contextid="5243" timestamp="2019-07-02T23:04:55.264">
  <trace-info objectcount="74239" scancount="66652" scanbytes="2472996" />
  <finalization candidates="124" enqueued="0" />
  <ownableSynchronizers candidates="3" cleared="0" />
  <references type="soft" candidates="84" cleared="0" enqueued="0" dynamicThreshold="19" maxThreshold="32" />
  <references type="weak" candidates="774" cleared="0" enqueued="0" />
  <references type="phantom" candidates="63" cleared="0" enqueued="0" />
  <stringconstants candidates="4574" cleared="0"  />
</gc-op>
<gc-op id="5247" type="sweep" timems="0.410" contextid="5243" timestamp="2019-07-02T23:04:55.265" />
<gc-end id="5248" type="global" contextid="5243" durationms="1.833" usertimems="4.000" systemtimems="0.000" timestamp="2019-07-02T23:04:55.265" activeThreads="4">
  <mem-info id="5249" free="9983192" total="16384000" percent="60">
    <mem type="tenure" free="9983192" total="16384000" percent="60" micro-fragmented="107580" macro-fragmented="0">
      <mem type="soa" free="9819352" total="16220160" percent="60" />
      <mem type="loa" free="163840" total="163840" percent="100" />
    </mem>
  </mem-info>
</gc-end>
<cycle-end id="5250" type="global" contextid="5243" timestamp="2019-07-02T23:04:55.265">
  <attribute name="GC Util" value="216" />
  <attribute name="CPU Util" value="15278286810898" />
  <attribute name="Time Running"value="5899"/>
  <attribute name="Number of cores"value="4"/>
</cycle-end>
<allocation-satisfied id="5251" threadId="0000000001130D00" bytesRequested="40" />
<af-end id="5252" timestamp="2019-07-02T23:04:55.265" threadId="0000000001131688" success="true" />
<exclusive-end id="5253" timestamp="2019-07-02T23:04:55.265" durationms="2.538" />

<exclusive-start id="5254" timestamp="2019-07-02T23:04:55.269" intervalms="6.440">
  <response-info timems="0.025" idlems="0.025" threads="0" lastid="000000000112D100" lastname="Thread-8" />
</exclusive-start>
<af-start id="5255" threadId="000000000112DA88" totalBytesRequested="40" timestamp="2019-07-02T23:04:55.269" intervalms="6.430" />
<cycle-start id="5256" type="global" contextid="0" timestamp="2019-07-02T23:04:55.269" intervalms="6.384" />
  <attribute name="GC Util" value="216" />
  <attribute name="CPU Util" value="15278286810898" />
  <attribute name="Time Running"value="5899"/>
  <attribute name="Number of cores"value="4"/>
<gc-start id="5257" type="global" contextid="5256" timestamp="2019-07-02T23:04:55.269">
  <mem-info id="5258" free="163840" total="16384000" percent="1">
    <mem type="tenure" free="163840" total="16384000" percent="1">
      <mem type="soa" free="0" total="16220160" percent="0" />
      <mem type="loa" free="163840" total="163840" percent="100" />
    </mem>
  </mem-info>
</gc-start>
<allocation-stats totalBytes="9795704" >
  <allocated-bytes non-tlh="42216" tlh="9753488" />
  <largest-consumer threadName="Thread-8" threadId="000000000112D100" bytes="3188200" />
</allocation-stats>
<gc-op id="5259" type="mark" timems="2.067" contextid="5256" timestamp="2019-07-02T23:04:55.271">
  <trace-info objectcount="65670" scancount="58098" scanbytes="2267516" />
  <finalization candidates="124" enqueued="0" />
  <ownableSynchronizers candidates="3" cleared="0" />
  <references type="soft" candidates="84" cleared="0" enqueued="0" dynamicThreshold="19" maxThreshold="32" />
  <references type="weak" candidates="774" cleared="0" enqueued="0" />
  <references type="phantom" candidates="63" cleared="0" enqueued="0" />
  <stringconstants candidates="4574" cleared="0"  />
</gc-op>
<gc-op id="5260" type="sweep" timems="0.782" contextid="5256" timestamp="2019-07-02T23:04:55.272" />
<heap-resize id="5261" type="contract" space="tenure" amount="131072" count="1" timems="0.038" reason="excess free space following gc" timestamp="2019-07-02T23:04:55.273" />
<gc-end id="5262" type="global" contextid="5256" durationms="3.358" usertimems="8.000" systemtimems="0.000" timestamp="2019-07-02T23:04:55.273" activeThreads="4">
  <mem-info id="5263" free="10229184" total="16252928" percent="62">
    <mem type="tenure" free="10229184" total="16252928" percent="62" micro-fragmented="76717" macro-fragmented="31474">
      <mem type="soa" free="10151744" total="16091136" percent="63" />
      <mem type="loa" free="77440" total="161792" percent="47" />
    </mem>
  </mem-info>
</gc-end>
<cycle-end id="5264" type="global" contextid="5256" timestamp="2019-07-02T23:04:55.273">
  <attribute name="GC Util" value="250" />
  <attribute name="CPU Util" value="8584736187491" />
  <attribute name="Time Running"value="5907"/>
  <attribute name="Number of cores"value="4"/>
</cycle-end>
<allocation-satisfied id="5265" threadId="000000000112D100" bytesRequested="40" />
<af-end id="5266" timestamp="2019-07-02T23:04:55.273" threadId="000000000112DA88" success="true" />
<exclusive-end id="5267" timestamp="2019-07-02T23:04:55.273" durationms="3.873" />

<exclusive-start id="5268" timestamp="2019-07-02T23:04:55.277" intervalms="7.762">
  <response-info timems="0.023" idlems="0.023" threads="0" lastid="000000000112D100" lastname="Thread-8" />
</exclusive-start>
<af-start id="5269" threadId="000000000112DA88" totalBytesRequested="40" timestamp="2019-07-02T23:04:55.277" intervalms="7.748" />
<cycle-start id="5270" type="global" contextid="0" timestamp="2019-07-02T23:04:55.277" intervalms="7.746" />
  <attribute name="GC Util" value="250" />
  <attribute name="CPU Util" value="8584736187491" />
  <attribute name="Time Running"value="5907"/>
  <attribute name="Number of cores"value="4"/>
<gc-start id="5271" type="global" contextid="5270" timestamp="2019-07-02T23:04:55.277">
  <mem-info id="5272" free="77440" total="16252928" percent="0">
    <mem type="tenure" free="77440" total="16252928" percent="0">
      <mem type="soa" free="0" total="16091136" percent="0" />
      <mem type="loa" free="77440" total="161792" percent="47" />
    </mem>
  </mem-info>
</gc-start>
<allocation-stats totalBytes="10142368" >
  <allocated-bytes non-tlh="0" tlh="10142368" />
  <largest-consumer threadName="Thread-10" threadId="0000000001129500" bytes="3146488" />
</allocation-stats>
<gc-op id="5273" type="mark" timems="1.897" contextid="5270" timestamp="2019-07-02T23:04:55.279">
  <trace-info objectcount="67539" scancount="59970" scanbytes="2312436" />
  <finalization candidates="124" enqueued="0" />
  <ownableSynchronizers candidates="3" cleared="0" />
  <references type="soft" candidates="84" cleared="0" enqueued="0" dynamicThreshold="20" maxThreshold="32" />
  <references type="weak" candidates="774" cleared="0" enqueued="0" />
  <references type="phantom" candidates="63" cleared="0" enqueued="0" />
  <stringconstants candidates="4574" cleared="0"  />
</gc-op>
<gc-op id="5274" type="sweep" timems="0.831" contextid="5270" timestamp="2019-07-02T23:04:55.280" />
<mem-info id="5275" free="10097552" total="16252928" percent="62">
  <mem type="tenure" free="10097552" total="16252928" percent="62" micro-fragmented="80654" macro-fragmented="19963">
    <mem type="soa" free="10016888" total="16091136" percent="62" />
    <mem type="loa" free="80664" total="161792" percent="49" />
  </mem>
</mem-info>
<gc-op id="5276" type="compact" timems="5.586" contextid="5270" timestamp="2019-07-02T23:04:55.286">
  <compact-info movecount="27781" movebytes="1217680" reason="compact to aid heap contraction" />
</gc-op>
<heap-resize id="5277" type="contract" space="tenure" amount="131072" count="1" timems="0.065" reason="excess free space following gc" timestamp="2019-07-02T23:04:55.286" />
<gc-end id="5278" type="global" contextid="5270" durationms="8.975" usertimems="12.000" systemtimems="4.000" timestamp="2019-07-02T23:04:55.286" activeThreads="4">
  <mem-info id="5279" free="10243792" total="16121856" percent="63">
    <mem type="tenure" free="10243792" total="16121856" percent="63">
      <mem type="soa" free="10113744" total="15961088" percent="63" />
      <mem type="loa" free="130048" total="160768" percent="80" />
    </mem>
  </mem-info>
</gc-end>
<cycle-end id="5280" type="global" contextid="5270" timestamp="2019-07-02T23:04:55.286">
  <attribute name="GC Util" value="141" />
  <attribute name="CPU Util" value="17924251822410" />
  <attribute name="Time Running"value="5915"/>
  <attribute name="Number of cores"value="4"/>
</cycle-end>
<allocation-satisfied id="5281" threadId="000000000112D100" bytesRequested="40" />
<af-end id="5282" timestamp="2019-07-02T23:04:55.286" threadId="000000000112DA88" success="true" />
<exclusive-end id="5283" timestamp="2019-07-02T23:04:55.286" durationms="9.559" />

<exclusive-start id="5284" timestamp="2019-07-02T23:04:55.290" intervalms="13.438">
  <response-info timems="0.025" idlems="0.025" threads="0" lastid="0000000001129500" lastname="Thread-10" />
</exclusive-start>
<af-start id="5285" threadId="0000000001129E88" totalBytesRequested="40" timestamp="2019-07-02T23:04:55.290" intervalms="13.419" />
<cycle-start id="5286" type="global" contextid="0" timestamp="2019-07-02T23:04:55.290" intervalms="13.388" />
  <attribute name="GC Util" value="141" />
  <attribute name="CPU Util" value="17924251822410" />
  <attribute name="Time Running"value="5915"/>
  <attribute name="Number of cores"value="4"/>
<gc-start id="5287" type="global" contextid="5286" timestamp="2019-07-02T23:04:55.290">
  <mem-info id="5288" free="130048" total="16121856" percent="0">
    <mem type="tenure" free="130048" total="16121856" percent="0">
      <mem type="soa" free="0" total="15961088" percent="0" />
      <mem type="loa" free="130048" total="160768" percent="80" />
    </mem>
  </mem-info>
</gc-start>
<allocation-stats totalBytes="10178472" >
  <allocated-bytes non-tlh="0" tlh="10178472" />
  <largest-consumer threadName="Thread-10" threadId="0000000001129500" bytes="2981672" />
</allocation-stats>
<gc-op id="5289" type="mark" timems="2.203" contextid="5286" timestamp="2019-07-02T23:04:55.293">
  <trace-info objectcount="68929" scancount="61366" scanbytes="2345924" />
  <finalization candidates="124" enqueued="0" />
  <ownableSynchronizers candidates="3" cleared="0" />
  <references type="soft" candidates="84" cleared="0" enqueued="0" dynamicThreshold="20" maxThreshold="32" />
  <references type="weak" candidates="774" cleared="0" enqueued="0" />
  <references type="phantom" candidates="63" cleared="0" enqueued="0" />
  <stringconstants candidates="4574" cleared="0"  />
</gc-op>
<gc-op id="5290" type="sweep" timems="0.768" contextid="5286" timestamp="2019-07-02T23:04:55.293" />
<heap-resize id="5291" type="contract" space="tenure" amount="131072" count="1" timems="0.091" reason="excess free space following gc" timestamp="2019-07-02T23:04:55.294" />
<gc-end id="5292" type="global" contextid="5286" durationms="3.541" usertimems="8.000" systemtimems="0.000" timestamp="2019-07-02T23:04:55.294" activeThreads="4">
  <mem-info id="5293" free="10070112" total="15990784" percent="62">
    <mem type="tenure" free="10070112" total="15990784" percent="62" micro-fragmented="8732" macro-fragmented="62352">
      <mem type="soa" free="9981888" total="15831040" percent="63" />
      <mem type="loa" free="88224" total="159744" percent="55" />
    </mem>
  </mem-info>
</gc-end>
<cycle-end id="5294" type="global" contextid="5286" timestamp="2019-07-02T23:04:55.294">
  <attribute name="GC Util" value="262" />
  <attribute name="CPU Util" value="8171648085569" />
  <attribute name="Time Running"value="5928"/>
  <attribute name="Number of cores"value="4"/>
</cycle-end>
<allocation-satisfied id="5295" threadId="0000000001129500" bytesRequested="40" />
<af-end id="5296" timestamp="2019-07-02T23:04:55.294" threadId="0000000001129E88" success="true" />
<exclusive-end id="5297" timestamp="2019-07-02T23:04:55.294" durationms="4.322" />

<exclusive-start id="5298" timestamp="2019-07-02T23:04:55.298" intervalms="8.241">
  <response-info timems="0.018" idlems="0.016" threads="1" lastid="000000000112D100" lastname="Thread-8" />
</exclusive-start>
<af-start id="5299" threadId="0000000001129E88" totalBytesRequested="24" timestamp="2019-07-02T23:04:55.298" intervalms="8.228" />
<cycle-start id="5300" type="global" contextid="0" timestamp="2019-07-02T23:04:55.299" intervalms="8.228" />
  <attribute name="GC Util" value="262" />
  <attribute name="CPU Util" value="8171648085569" />
  <attribute name="Time Running"value="5928"/>
  <attribute name="Number of cores"value="4"/>
<gc-start id="5301" type="global" contextid="5300" timestamp="2019-07-02T23:04:55.299">
  <mem-info id="5302" free="88224" total="15990784" percent="0">
    <mem type="tenure" free="88224" total="15990784" percent="0">
      <mem type="soa" free="0" total="15831040" percent="0" />
      <mem type="loa" free="88224" total="159744" percent="55" />
    </mem>
  </mem-info>
</gc-start>
<allocation-stats totalBytes="9977768" >
  <allocated-bytes non-tlh="0" tlh="9977768" />
  <largest-consumer threadName="Thread-10" threadId="0000000001129500" bytes="2596768" />
</allocation-stats>
<gc-op id="5303" type="mark" timems="2.252" contextid="5300" timestamp="2019-07-02T23:04:55.301">
  <trace-info objectcount="70127" scancount="62559" scanbytes="2374116" />
  <finalization candidates="124" enqueued="0" />
  <ownableSynchronizers candidates="3" cleared="0" />
  <references type="soft" candidates="84" cleared="0" enqueued="0" dynamicThreshold="20" maxThreshold="32" />
  <references type="weak" candidates="774" cleared="0" enqueued="0" />
  <references type="phantom" candidates="63" cleared="0" enqueued="0" />
  <stringconstants candidates="4574" cleared="0"  />
</gc-op>
<gc-op id="5304" type="sweep" timems="0.787" contextid="5300" timestamp="2019-07-02T23:04:55.302" />
<heap-resize id="5305" type="contract" space="tenure" amount="65536" count="1" timems="0.082" reason="excess free space following gc" timestamp="2019-07-02T23:04:55.302" />
<gc-end id="5306" type="global" contextid="5300" durationms="3.580" usertimems="8.000" systemtimems="0.000" timestamp="2019-07-02T23:04:55.302" activeThreads="4">
  <mem-info id="5307" free="9861632" total="15925248" percent="61">
    <mem type="tenure" free="9861632" total="15925248" percent="61" micro-fragmented="13335" macro-fragmented="10920">
      <mem type="soa" free="9861632" total="15766528" percent="62" />
      <mem type="loa" free="0" total="158720" percent="0" />
    </mem>
  </mem-info>
</gc-end>
<cycle-end id="5308" type="global" contextid="5300" timestamp="2019-07-02T23:04:55.302">
  <attribute name="GC Util" value="260" />
  <attribute name="CPU Util" value="7990598348372" />
  <attribute name="Time Running"value="5936"/>
  <attribute name="Number of cores"value="4"/>
</cycle-end>
<allocation-satisfied id="5309" threadId="0000000001129500" bytesRequested="24" />
<af-end id="5310" timestamp="2019-07-02T23:04:55.303" threadId="0000000001129E88" success="true" />
<exclusive-end id="5311" timestamp="2019-07-02T23:04:55.303" durationms="4.242" />

<exclusive-start id="5312" timestamp="2019-07-02T23:04:55.307" intervalms="8.206">
  <response-info timems="0.024" idlems="0.023" threads="1" lastid="0000000001129500" lastname="Thread-10" />
</exclusive-start>
<af-start id="5313" threadId="0000000001131688" totalBytesRequested="24" timestamp="2019-07-02T23:04:55.307" intervalms="8.284" />
<cycle-start id="5314" type="global" contextid="0" timestamp="2019-07-02T23:04:55.307" intervalms="8.330" />
  <attribute name="GC Util" value="260" />
  <attribute name="CPU Util" value="7990598348372" />
  <attribute name="Time Running"value="5936"/>
  <attribute name="Number of cores"value="4"/>
<gc-start id="5315" type="global" contextid="5314" timestamp="2019-07-02T23:04:55.307">
  <mem-info id="5316" free="0" total="15925248" percent="0">
    <mem type="tenure" free="0" total="15925248" percent="0">
      <mem type="soa" free="0" total="15766528" percent="0" />
      <mem type="loa" free="0" total="158720" percent="0" />
    </mem>
  </mem-info>
</gc-start>
<allocation-stats totalBytes="9854024" >
  <allocated-bytes non-tlh="0" tlh="9854024" />
  <largest-consumer threadName="Thread-8" threadId="000000000112D100" bytes="2624200" />
</allocation-stats>
<gc-op id="5317" type="mark" timems="1.122" contextid="5314" timestamp="2019-07-02T23:04:55.308">
  <trace-info objectcount="71401" scancount="63838" scanbytes="2404388" />
  <finalization candidates="124" enqueued="0" />
  <ownableSynchronizers candidates="3" cleared="0" />
  <references type="soft" candidates="84" cleared="0" enqueued="0" dynamicThreshold="19" maxThreshold="32" />
  <references type="weak" candidates="774" cleared="0" enqueued="0" />
  <references type="phantom" candidates="63" cleared="0" enqueued="0" />
  <stringconstants candidates="4574" cleared="0"  />
</gc-op>
<gc-op id="5318" type="sweep" timems="0.327" contextid="5314" timestamp="2019-07-02T23:04:55.309" />
<gc-end id="5319" type="global" contextid="5314" durationms="1.762" usertimems="4.000" systemtimems="0.000" timestamp="2019-07-02T23:04:55.309" activeThreads="4">
  <mem-info id="5320" free="9772512" total="15925248" percent="61">
    <mem type="tenure" free="9772512" total="15925248" percent="61" micro-fragmented="23871" macro-fragmented="25416">
      <mem type="soa" free="9772512" total="15766528" percent="61" />
      <mem type="loa" free="0" total="158720" percent="0" />
    </mem>
  </mem-info>
</gc-end>
<cycle-end id="5321" type="global" contextid="5314" timestamp="2019-07-02T23:04:55.309">
  <attribute name="GC Util" value="217" />
  <attribute name="CPU Util" value="15592372809072" />
  <attribute name="Time Running"value="5943"/>
  <attribute name="Number of cores"value="4"/>
</cycle-end>
<allocation-satisfied id="5322" threadId="0000000001130D00" bytesRequested="24" />
<af-end id="5323" timestamp="2019-07-02T23:04:55.309" threadId="0000000001131688" success="true" />
<exclusive-end id="5324" timestamp="2019-07-02T23:04:55.309" durationms="2.464" />

<exclusive-start id="5325" timestamp="2019-07-02T23:04:55.313" intervalms="6.316">
  <response-info timems="0.029" idlems="0.029" threads="0" lastid="0000000001134900" lastname="Thread-7" />
</exclusive-start>
<af-start id="5326" threadId="0000000001135288" totalBytesRequested="19056" timestamp="2019-07-02T23:04:55.313" intervalms="6.328" />
<cycle-start id="5327" type="global" contextid="0" timestamp="2019-07-02T23:04:55.313" intervalms="6.329" />
  <attribute name="GC Util" value="217" />
  <attribute name="CPU Util" value="15592372809072" />
  <attribute name="Time Running"value="5943"/>
  <attribute name="Number of cores"value="4"/>
<gc-start id="5328" type="global" contextid="5327" timestamp="2019-07-02T23:04:55.313">
  <mem-info id="5329" free="125784" total="15925248" percent="0">
    <mem type="tenure" free="125784" total="15925248" percent="0">
      <mem type="soa" free="125784" total="15766528" percent="0" />
      <mem type="loa" free="0" total="158720" percent="0" />
    </mem>
  </mem-info>
</gc-start>
<allocation-stats totalBytes="9620736" >
  <allocated-bytes non-tlh="0" tlh="9620736" />
  <largest-consumer threadName="Thread-7" threadId="0000000001134900" bytes="2793048" />
</allocation-stats>
<gc-op id="5330" type="mark" timems="1.896" contextid="5327" timestamp="2019-07-02T23:04:55.315">
  <trace-info objectcount="62922" scancount="55350" scanbytes="2067808" />
  <finalization candidates="124" enqueued="0" />
  <ownableSynchronizers candidates="3" cleared="0" />
  <references type="soft" candidates="84" cleared="0" enqueued="0" dynamicThreshold="19" maxThreshold="32" />
  <references type="weak" candidates="774" cleared="0" enqueued="0" />
  <references type="phantom" candidates="63" cleared="0" enqueued="0" />
  <stringconstants candidates="4574" cleared="0"  />
</gc-op>
<gc-op id="5331" type="sweep" timems="0.821" contextid="5327" timestamp="2019-07-02T23:04:55.316" />
<mem-info id="5332" free="10030736" total="15925248" percent="62">
  <mem type="tenure" free="10030736" total="15925248" percent="62" micro-fragmented="93489" macro-fragmented="0">
    <mem type="soa" free="10030736" total="15766528" percent="63" />
    <mem type="loa" free="0" total="158720" percent="0" />
  </mem>
</mem-info>
<gc-op id="5333" type="compact" timems="5.522" contextid="5327" timestamp="2019-07-02T23:04:55.322">
  <compact-info movecount="23183" movebytes="973504" reason="compact to aid heap contraction" />
</gc-op>
<heap-resize id="5334" type="contract" space="tenure" amount="131072" count="1" timems="0.084" reason="excess free space following gc" timestamp="2019-07-02T23:04:55.322" />
<gc-end id="5335" type="global" contextid="5327" durationms="9.184" usertimems="16.000" systemtimems="0.000" timestamp="2019-07-02T23:04:55.322" activeThreads="4">
  <mem-info id="5336" free="10210296" total="15794176" percent="64">
    <mem type="tenure" free="10210296" total="15794176" percent="64">
      <mem type="soa" free="10080248" total="15636480" percent="64" />
      <mem type="loa" free="130048" total="157696" percent="82" />
    </mem>
  </mem-info>
</gc-end>
<cycle-end id="5337" type="global" contextid="5327" timestamp="2019-07-02T23:04:55.323">
  <attribute name="GC Util" value="144" />
  <attribute name="CPU Util" value="17801905342254" />
  <attribute name="Time Running"value="5952"/>
  <attribute name="Number of cores"value="4"/>
</cycle-end>
<allocation-satisfied id="5338" threadId="0000000001134900" bytesRequested="19056" />
<af-end id="5339" timestamp="2019-07-02T23:04:55.323" threadId="0000000001135288" success="true" />
<exclusive-end id="5340" timestamp="2019-07-02T23:04:55.323" durationms="9.977" />

<exclusive-start id="5341" timestamp="2019-07-02T23:04:55.327" intervalms="13.756">
  <response-info timems="0.030" idlems="0.030" threads="0" lastid="0000000001134900" lastname="Thread-7" />
</exclusive-start>
<af-start id="5342" threadId="0000000001135288" totalBytesRequested="40" timestamp="2019-07-02T23:04:55.327" intervalms="13.704" />
<cycle-start id="5343" type="global" contextid="0" timestamp="2019-07-02T23:04:55.327" intervalms="13.695" />
  <attribute name="GC Util" value="144" />
  <attribute name="CPU Util" value="17801905342254" />
  <attribute name="Time Running"value="5952"/>
  <attribute name="Number of cores"value="4"/>
<gc-start id="5344" type="global" contextid="5343" timestamp="2019-07-02T23:04:55.327">
  <mem-info id="5345" free="130048" total="15794176" percent="0">
    <mem type="tenure" free="130048" total="15794176" percent="0">
      <mem type="soa" free="0" total="15636480" percent="0" />
      <mem type="loa" free="130048" total="157696" percent="82" />
    </mem>
  </mem-info>
</gc-start>
<allocation-stats totalBytes="10096984" >
  <allocated-bytes non-tlh="19056" tlh="10077928" />
  <largest-consumer threadName="Thread-7" threadId="0000000001134900" bytes="2607160" />
</allocation-stats>
<gc-op id="5346" type="mark" timems="2.292" contextid="5343" timestamp="2019-07-02T23:04:55.329">
  <trace-info objectcount="68836" scancount="61247" scanbytes="2342796" />
  <finalization candidates="124" enqueued="0" />
  <ownableSynchronizers candidates="3" cleared="0" />
  <references type="soft" candidates="84" cleared="0" enqueued="0" dynamicThreshold="20" maxThreshold="32" />
  <references type="weak" candidates="774" cleared="0" enqueued="0" />
  <references type="phantom" candidates="63" cleared="0" enqueued="0" />
  <stringconstants candidates="4574" cleared="0"  />
</gc-op>
<gc-op id="5347" type="sweep" timems="0.969" contextid="5343" timestamp="2019-07-02T23:04:55.330" />
<heap-resize id="5348" type="contract" space="tenure" amount="131072" count="1" timems="0.078" reason="excess free space following gc" timestamp="2019-07-02T23:04:55.331" />
<gc-end id="5349" type="global" contextid="5343" durationms="3.875" usertimems="4.000" systemtimems="4.000" timestamp="2019-07-02T23:04:55.331" activeThreads="4">
  <mem-info id="5350" free="9789200" total="15663104" percent="62">
    <mem type="tenure" free="9789200" total="15663104" percent="62" micro-fragmented="21004" macro-fragmented="13104">
      <mem type="soa" free="9679024" total="15507456" percent="62" />
      <mem type="loa" free="110176" total="155648" percent="70" />
    </mem>
  </mem-info>
</gc-end>
<cycle-end id="5351" type="global" contextid="5343" timestamp="2019-07-02T23:04:55.331">
  <attribute name="GC Util" value="249" />
  <attribute name="CPU Util" value="7744244426701" />
  <attribute name="Time Running"value="5965"/>
  <attribute name="Number of cores"value="4"/>
</cycle-end>
<allocation-satisfied id="5352" threadId="0000000001134900" bytesRequested="40" />
<af-end id="5353" timestamp="2019-07-02T23:04:55.331" threadId="0000000001135288" success="true" />
<exclusive-end id="5354" timestamp="2019-07-02T23:04:55.331" durationms="4.491" />

<exclusive-start id="5355" timestamp="2019-07-02T23:04:55.335" intervalms="8.333">
  <response-info timems="0.023" idlems="0.023" threads="0" lastid="0000000001130D00" lastname="Thread-9" />
</exclusive-start>
<af-start id="5356" threadId="0000000001131688" totalBytesRequested="40" timestamp="2019-07-02T23:04:55.335" intervalms="8.350" />
<cycle-start id="5357" type="global" contextid="0" timestamp="2019-07-02T23:04:55.335" intervalms="8.350" />
  <attribute name="GC Util" value="249" />
  <attribute name="CPU Util" value="7744244426701" />
  <attribute name="Time Running"value="5965"/>
  <attribute name="Number of cores"value="4"/>
<gc-start id="5358" type="global" contextid="5357" timestamp="2019-07-02T23:04:55.335">
  <mem-info id="5359" free="110176" total="15663104" percent="0">
    <mem type="tenure" free="110176" total="15663104" percent="0">
      <mem type="soa" free="0" total="15507456" percent="0" />
      <mem type="loa" free="110176" total="155648" percent="70" />
    </mem>
  </mem-info>
</gc-start>
<allocation-stats totalBytes="9675472" >
  <allocated-bytes non-tlh="0" tlh="9675472" />
  <largest-consumer threadName="Thread-10" threadId="0000000001129500" bytes="2613472" />
</allocation-stats>
<gc-op id="5360" type="mark" timems="1.096" contextid="5357" timestamp="2019-07-02T23:04:55.336">
  <trace-info objectcount="65264" scancount="57692" scanbytes="2257044" />
  <finalization candidates="124" enqueued="0" />
  <ownableSynchronizers candidates="3" cleared="0" />
  <references type="soft" candidates="84" cleared="0" enqueued="0" dynamicThreshold="19" maxThreshold="32" />
  <references type="weak" candidates="774" cleared="0" enqueued="0" />
  <references type="phantom" candidates="63" cleared="0" enqueued="0" />
  <stringconstants candidates="4574" cleared="0"  />
</gc-op>
<gc-op id="5361" type="sweep" timems="0.270" contextid="5357" timestamp="2019-07-02T23:04:55.337" />
<heap-resize id="5362" type="contract" space="tenure" amount="131072" count="1" timems="0.092" reason="excess free space following gc" timestamp="2019-07-02T23:04:55.337" />
<gc-end id="5363" type="global" contextid="5357" durationms="1.870" usertimems="0.000" systemtimems="4.000" timestamp="2019-07-02T23:04:55.337" activeThreads="4">
  <mem-info id="5364" free="9622704" total="15532032" percent="61">
    <mem type="tenure" free="9622704" total="15532032" percent="61" micro-fragmented="96588" macro-fragmented="20520">
      <mem type="soa" free="9534488" total="15377408" percent="62" />
      <mem type="loa" free="88216" total="154624" percent="57" />
    </mem>
  </mem-info>
</gc-end>
<cycle-end id="5365" type="global" contextid="5357" timestamp="2019-07-02T23:04:55.337">
  <attribute name="GC Util" value="220" />
  <attribute name="CPU Util" value="16014397059986" />
  <attribute name="Time Running"value="5972"/>
  <attribute name="Number of cores"value="4"/>
</cycle-end>
<allocation-satisfied id="5366" threadId="0000000001130D00" bytesRequested="40" />
<af-end id="5367" timestamp="2019-07-02T23:04:55.338" threadId="0000000001131688" success="true" />
<exclusive-end id="5368" timestamp="2019-07-02T23:04:55.338" durationms="2.642" />

<exclusive-start id="5369" timestamp="2019-07-02T23:04:55.342" intervalms="6.829">
  <response-info timems="0.024" idlems="0.024" threads="0" lastid="000000000112D100" lastname="Thread-8" />
</exclusive-start>
<af-start id="5370" threadId="000000000112DA88" totalBytesRequested="40" timestamp="2019-07-02T23:04:55.342" intervalms="6.811" />
<cycle-start id="5371" type="global" contextid="0" timestamp="2019-07-02T23:04:55.342" intervalms="6.806" />
  <attribute name="GC Util" value="220" />
  <attribute name="CPU Util" value="16014397059986" />
  <attribute name="Time Running"value="5972"/>
  <attribute name="Number of cores"value="4"/>
<gc-start id="5372" type="global" contextid="5371" timestamp="2019-07-02T23:04:55.342">
  <mem-info id="5373" free="88216" total="15532032" percent="0">
    <mem type="tenure" free="88216" total="15532032" percent="0">
      <mem type="soa" free="0" total="15377408" percent="0" />
      <mem type="loa" free="88216" total="154624" percent="57" />
    </mem>
  </mem-info>
</gc-start>
<allocation-stats totalBytes="9526072" >
  <allocated-bytes non-tlh="0" tlh="9526072" />
  <largest-consumer threadName="Thread-8" threadId="000000000112D100" bytes="2663144" />
</allocation-stats>
<gc-op id="5374" type="mark" timems="2.176" contextid="5371" timestamp="2019-07-02T23:04:55.344">
  <trace-info objectcount="66663" scancount="59087" scanbytes="2290756" />
  <finalization candidates="124" enqueued="0" />
  <ownableSynchronizers candidates="3" cleared="0" />
  <references type="soft" candidates="84" cleared="0" enqueued="0" dynamicThreshold="19" maxThreshold="32" />
  <references type="weak" candidates="774" cleared="0" enqueued="0" />
  <references type="phantom" candidates="63" cleared="0" enqueued="0" />
  <stringconstants candidates="4574" cleared="0"  />
</gc-op>
<gc-op id="5375" type="sweep" timems="0.835" contextid="5371" timestamp="2019-07-02T23:04:55.345" />
<mem-info id="5376" free="9577376" total="15532032" percent="61">
  <mem type="tenure" free="9577376" total="15532032" percent="61" micro-fragmented="120343" macro-fragmented="21682">
    <mem type="soa" free="9459664" total="15377408" percent="61" />
    <mem type="loa" free="117712" total="154624" percent="76" />
  </mem>
</mem-info>
<gc-op id="5377" type="compact" timems="5.824" contextid="5371" timestamp="2019-07-02T23:04:55.351">
  <compact-info movecount="26649" movebytes="1189856" reason="compact to aid heap contraction" />
</gc-op>
<heap-resize id="5378" type="contract" space="tenure" amount="131072" count="1" timems="0.066" reason="excess free space following gc" timestamp="2019-07-02T23:04:55.351" />
<gc-end id="5379" type="global" contextid="5371" durationms="9.465" usertimems="20.000" systemtimems="0.000" timestamp="2019-07-02T23:04:55.352" activeThreads="4">
  <mem-info id="5380" free="9551744" total="15400960" percent="62">
    <mem type="tenure" free="9551744" total="15400960" percent="62">
      <mem type="soa" free="9421696" total="15247360" percent="61" />
      <mem type="loa" free="130048" total="153600" percent="84" />
    </mem>
  </mem-info>
</gc-end>
<cycle-end id="5381" type="global" contextid="5371" timestamp="2019-07-02T23:04:55.352">
  <attribute name="GC Util" value="152" />
  <attribute name="CPU Util" value="17682522805450" />
  <attribute name="Time Running"value="5981"/>
  <attribute name="Number of cores"value="4"/>
</cycle-end>
<allocation-satisfied id="5382" threadId="000000000112D100" bytesRequested="40" />
<af-end id="5383" timestamp="2019-07-02T23:04:55.352" threadId="000000000112DA88" success="true" />
<exclusive-end id="5384" timestamp="2019-07-02T23:04:55.352" durationms="10.016" />

<exclusive-start id="5385" timestamp="2019-07-02T23:04:55.356" intervalms="13.848">
  <response-info timems="0.024" idlems="0.024" threads="0" lastid="0000000001130D00" lastname="Thread-9" />
</exclusive-start>
<af-start id="5386" threadId="0000000001131688" totalBytesRequested="40" timestamp="2019-07-02T23:04:55.356" intervalms="13.824" />
<cycle-start id="5387" type="global" contextid="0" timestamp="2019-07-02T23:04:55.356" intervalms="13.796" />
  <attribute name="GC Util" value="152" />
  <attribute name="CPU Util" value="17682522805450" />
  <attribute name="Time Running"value="5981"/>
  <attribute name="Number of cores"value="4"/>
<gc-start id="5388" type="global" contextid="5387" timestamp="2019-07-02T23:04:55.356">
  <mem-info id="5389" free="130048" total="15400960" percent="0">
    <mem type="tenure" free="130048" total="15400960" percent="0">
      <mem type="soa" free="0" total="15247360" percent="0" />
      <mem type="loa" free="130048" total="153600" percent="84" />
    </mem>
  </mem-info>
</gc-start>
<allocation-stats totalBytes="9485648" >
  <allocated-bytes non-tlh="0" tlh="9485648" />
  <largest-consumer threadName="Thread-8" threadId="000000000112D100" bytes="2588208" />
</allocation-stats>
<gc-op id="5390" type="mark" timems="1.114" contextid="5387" timestamp="2019-07-02T23:04:55.357">
  <trace-info objectcount="68001" scancount="60420" scanbytes="2322940" />
  <finalization candidates="124" enqueued="0" />
  <ownableSynchronizers candidates="3" cleared="0" />
  <references type="soft" candidates="84" cleared="0" enqueued="0" dynamicThreshold="19" maxThreshold="32" />
  <references type="weak" candidates="774" cleared="0" enqueued="0" />
  <references type="phantom" candidates="63" cleared="0" enqueued="0" />
  <stringconstants candidates="4574" cleared="0"  />
</gc-op>
<gc-op id="5391" type="sweep" timems="0.253" contextid="5387" timestamp="2019-07-02T23:04:55.357" />
<heap-resize id="5392" type="contract" space="tenure" amount="131072" count="1" timems="0.099" reason="excess free space following gc" timestamp="2019-07-02T23:04:55.358" />
<gc-end id="5393" type="global" contextid="5387" durationms="1.951" usertimems="0.000" systemtimems="4.000" timestamp="2019-07-02T23:04:55.358" activeThreads="4">
  <mem-info id="5394" free="9391240" total="15269888" percent="61">
    <mem type="tenure" free="9391240" total="15269888" percent="61" micro-fragmented="0" macro-fragmented="13104">
      <mem type="soa" free="9305608" total="15117312" percent="61" />
      <mem type="loa" free="85632" total="152576" percent="56" />
    </mem>
  </mem-info>
</gc-end>
<cycle-end id="5395" type="global" contextid="5387" timestamp="2019-07-02T23:04:55.358">
  <attribute name="GC Util" value="209" />
  <attribute name="CPU Util" value="15613105606696" />
  <attribute name="Time Running"value="5992"/>
  <attribute name="Number of cores"value="4"/>
</cycle-end>
<allocation-satisfied id="5396" threadId="0000000001130D00" bytesRequested="40" />
<af-end id="5397" timestamp="2019-07-02T23:04:55.358" threadId="0000000001131688" success="true" />
<exclusive-end id="5398" timestamp="2019-07-02T23:04:55.358" durationms="2.730" />

<exclusive-start id="5399" timestamp="2019-07-02T23:04:55.363" intervalms="6.836">
  <response-info timems="0.042" idlems="0.041" threads="1" lastid="0000000001130D00" lastname="Thread-9" />
</exclusive-start>
<af-start id="5400" threadId="000000000112DA88" totalBytesRequested="40" timestamp="2019-07-02T23:04:55.363" intervalms="6.893" />
<cycle-start id="5401" type="global" contextid="0" timestamp="2019-07-02T23:04:55.363" intervalms="6.924" />
  <attribute name="GC Util" value="209" />
  <attribute name="CPU Util" value="15613105606696" />
  <attribute name="Time Running"value="5992"/>
  <attribute name="Number of cores"value="4"/>
<gc-start id="5402" type="global" contextid="5401" timestamp="2019-07-02T23:04:55.363">
  <mem-info id="5403" free="85632" total="15269888" percent="0">
    <mem type="tenure" free="85632" total="15269888" percent="0">
      <mem type="soa" free="0" total="15117312" percent="0" />
      <mem type="loa" free="85632" total="152576" percent="56" />
    </mem>
  </mem-info>
</gc-start>
<allocation-stats totalBytes="9299080" >
  <allocated-bytes non-tlh="0" tlh="9299080" />
  <largest-consumer threadName="Thread-8" threadId="000000000112D100" bytes="2507264" />
</allocation-stats>
<gc-op id="5404" type="mark" timems="2.471" contextid="5401" timestamp="2019-07-02T23:04:55.365">
  <trace-info objectcount="69285" scancount="61702" scanbytes="2353756" />
  <finalization candidates="124" enqueued="0" />
  <ownableSynchronizers candidates="3" cleared="0" />
  <references type="soft" candidates="84" cleared="0" enqueued="0" dynamicThreshold="19" maxThreshold="32" />
  <references type="weak" candidates="774" cleared="0" enqueued="0" />
  <references type="phantom" candidates="63" cleared="0" enqueued="0" />
  <stringconstants candidates="4574" cleared="0"  />
</gc-op>
<gc-op id="5405" type="sweep" timems="0.755" contextid="5401" timestamp="2019-07-02T23:04:55.366" />
<heap-resize id="5406" type="contract" space="tenure" amount="131072" count="1" timems="0.057" reason="excess free space following gc" timestamp="2019-07-02T23:04:55.366" />
<gc-end id="5407" type="global" contextid="5401" durationms="3.680" usertimems="12.000" systemtimems="0.000" timestamp="2019-07-02T23:04:55.366" activeThreads="4">
  <mem-info id="5408" free="9197416" total="15138816" percent="60">
    <mem type="tenure" free="9197416" total="15138816" percent="60" micro-fragmented="770" macro-fragmented="0">
      <mem type="soa" free="9119888" total="14988288" percent="60" />
      <mem type="loa" free="77528" total="150528" percent="51" />
    </mem>
  </mem-info>
</gc-end>
<cycle-end id="5409" type="global" contextid="5401" timestamp="2019-07-02T23:04:55.367">
  <attribute name="GC Util" value="249" />
  <attribute name="CPU Util" value="7209493571891" />
  <attribute name="Time Running"value="6001"/>
  <attribute name="Number of cores"value="4"/>
</cycle-end>
<allocation-satisfied id="5410" threadId="000000000112D100" bytesRequested="40" />
<af-end id="5411" timestamp="2019-07-02T23:04:55.367" threadId="000000000112DA88" success="true" />
<exclusive-end id="5412" timestamp="2019-07-02T23:04:55.367" durationms="4.301" />

<exclusive-start id="5413" timestamp="2019-07-02T23:04:55.371" intervalms="8.203">
  <response-info timems="0.022" idlems="0.022" threads="0" lastid="000000000112D100" lastname="Thread-8" />
</exclusive-start>
<af-start id="5414" threadId="000000000112DA88" totalBytesRequested="40" timestamp="2019-07-02T23:04:55.371" intervalms="8.162" />
<cycle-start id="5415" type="global" contextid="0" timestamp="2019-07-02T23:04:55.371" intervalms="8.156" />
  <attribute name="GC Util" value="249" />
  <attribute name="CPU Util" value="7209493571891" />
  <attribute name="Time Running"value="6001"/>
  <attribute name="Number of cores"value="4"/>
<gc-start id="5416" type="global" contextid="5415" timestamp="2019-07-02T23:04:55.371">
  <mem-info id="5417" free="77528" total="15138816" percent="0">
    <mem type="tenure" free="77528" total="15138816" percent="0">
      <mem type="soa" free="0" total="14988288" percent="0" />
      <mem type="loa" free="77528" total="150528" percent="51" />
    </mem>
  </mem-info>
</gc-start>
<allocation-stats totalBytes="9108288" >
  <allocated-bytes non-tlh="0" tlh="9108288" />
  <largest-consumer threadName="Thread-9" threadId="0000000001130D00" bytes="2462784" />
</allocation-stats>
<gc-op id="5418" type="mark" timems="2.315" contextid="5415" timestamp="2019-07-02T23:04:55.373">
  <trace-info objectcount="70598" scancount="63031" scanbytes="2385212" />
  <finalization candidates="124" enqueued="0" />
  <ownableSynchronizers candidates="3" cleared="0" />
  <references type="soft" candidates="84" cleared="0" enqueued="0" dynamicThreshold="19" maxThreshold="32" />
  <references type="weak" candidates="774" cleared="0" enqueued="0" />
  <references type="phantom" candidates="63" cleared="0" enqueued="0" />
  <stringconstants candidates="4574" cleared="0"  />
</gc-op>
<gc-op id="5419" type="sweep" timems="0.778" contextid="5415" timestamp="2019-07-02T23:04:55.374" />
<gc-end id="5420" type="global" contextid="5415" durationms="3.366" usertimems="8.000" systemtimems="0.000" timestamp="2019-07-02T23:04:55.374" activeThreads="4">
  <mem-info id="5421" free="9125176" total="15138816" percent="60">
    <mem type="tenure" free="9125176" total="15138816" percent="60" micro-fragmented="22345" macro-fragmented="0">
      <mem type="soa" free="9041560" total="14988288" percent="60" />
      <mem type="loa" free="83616" total="150528" percent="55" />
    </mem>
  </mem-info>
</gc-end>
<cycle-end id="5422" type="global" contextid="5415" timestamp="2019-07-02T23:04:55.374">
  <attribute name="GC Util" value="250" />
  <attribute name="CPU Util" value="7667823522359" />
  <attribute name="Time Running"value="6009"/>
  <attribute name="Number of cores"value="4"/>
</cycle-end>
<allocation-satisfied id="5423" threadId="000000000112D100" bytesRequested="40" />
<af-end id="5424" timestamp="2019-07-02T23:04:55.375" threadId="000000000112DA88" success="true" />
<exclusive-end id="5425" timestamp="2019-07-02T23:04:55.375" durationms="3.937" />

<exclusive-start id="5426" timestamp="2019-07-02T23:04:55.379" intervalms="8.307">
  <response-info timems="0.021" idlems="0.020" threads="1" lastid="0000000001130D00" lastname="Thread-9" />
</exclusive-start>
<af-start id="5427" threadId="000000000112DA88" totalBytesRequested="40" timestamp="2019-07-02T23:04:55.379" intervalms="8.308" />
<cycle-start id="5428" type="global" contextid="0" timestamp="2019-07-02T23:04:55.379" intervalms="8.317" />
  <attribute name="GC Util" value="250" />
  <attribute name="CPU Util" value="7667823522359" />
  <attribute name="Time Running"value="6009"/>
  <attribute name="Number of cores"value="4"/>
<gc-start id="5429" type="global" contextid="5428" timestamp="2019-07-02T23:04:55.379">
  <mem-info id="5430" free="83616" total="15138816" percent="0">
    <mem type="tenure" free="83616" total="15138816" percent="0">
      <mem type="soa" free="0" total="14988288" percent="0" />
      <mem type="loa" free="83616" total="150528" percent="55" />
    </mem>
  </mem-info>
</gc-start>
<allocation-stats totalBytes="9024040" >
  <allocated-bytes non-tlh="0" tlh="9024040" />
  <largest-consumer threadName="Thread-7" threadId="0000000001134900" bytes="2581840" />
</allocation-stats>
<gc-op id="5431" type="mark" timems="2.121" contextid="5428" timestamp="2019-07-02T23:04:55.381">
  <trace-info objectcount="71735" scancount="64165" scanbytes="2412396" />
  <finalization candidates="124" enqueued="0" />
  <ownableSynchronizers candidates="3" cleared="0" />
  <references type="soft" candidates="84" cleared="0" enqueued="0" dynamicThreshold="19" maxThreshold="32" />
  <references type="weak" candidates="774" cleared="0" enqueued="0" />
  <references type="phantom" candidates="63" cleared="0" enqueued="0" />
  <stringconstants candidates="4574" cleared="0"  />
</gc-op>
<gc-op id="5432" type="sweep" timems="0.822" contextid="5428" timestamp="2019-07-02T23:04:55.382" />
<heap-resize id="5433" type="expand" space="tenure" amount="1048576" count="1" timems="0.048" reason="excessive time being spent in gc" timestamp="2019-07-02T23:04:55.383" />
<gc-end id="5434" type="global" contextid="5428" durationms="3.349" usertimems="4.000" systemtimems="4.000" timestamp="2019-07-02T23:04:55.383" activeThreads="4">
  <mem-info id="5435" free="10088088" total="16187392" percent="62">
    <mem type="tenure" free="10088088" total="16187392" percent="62" micro-fragmented="9781" macro-fragmented="0">
      <mem type="soa" free="9926296" total="16025600" percent="61" />
      <mem type="loa" free="161792" total="161792" percent="100" />
    </mem>
  </mem-info>
</gc-end>
<cycle-end id="5436" type="global" contextid="5428" timestamp="2019-07-02T23:04:55.383">
  <attribute name="GC Util" value="254" />
  <attribute name="CPU Util" value="8334859214499" />
  <attribute name="Time Running"value="6017"/>
  <attribute name="Number of cores"value="4"/>
</cycle-end>
<allocation-satisfied id="5437" threadId="000000000112D100" bytesRequested="40" />
<af-end id="5438" timestamp="2019-07-02T23:04:55.383" threadId="000000000112DA88" success="true" />
<exclusive-end id="5439" timestamp="2019-07-02T23:04:55.383" durationms="3.932" />

<exclusive-start id="5440" timestamp="2019-07-02T23:04:55.387" intervalms="8.350">
  <response-info timems="0.027" idlems="0.027" threads="0" lastid="000000000112D100" lastname="Thread-8" />
</exclusive-start>
<af-start id="5441" threadId="000000000112DA88" totalBytesRequested="40" timestamp="2019-07-02T23:04:55.387" intervalms="8.309" />
<cycle-start id="5442" type="global" contextid="0" timestamp="2019-07-02T23:04:55.387" intervalms="8.260" />
  <attribute name="GC Util" value="254" />
  <attribute name="CPU Util" value="8334859214499" />
  <attribute name="Time Running"value="6017"/>
  <attribute name="Number of cores"value="4"/>
<gc-start id="5443" type="global" contextid="5442" timestamp="2019-07-02T23:04:55.388">
  <mem-info id="5444" free="161792" total="16187392" percent="0">
    <mem type="tenure" free="161792" total="16187392" percent="0">
      <mem type="soa" free="0" total="16025600" percent="0" />
      <mem type="loa" free="161792" total="161792" percent="100" />
    </mem>
  </mem-info>
</gc-start>
<allocation-stats totalBytes="9904552" >
  <allocated-bytes non-tlh="0" tlh="9904552" />
  <largest-consumer threadName="Thread-9" threadId="0000000001130D00" bytes="2761248" />
</allocation-stats>
<gc-op id="5445" type="mark" timems="1.975" contextid="5442" timestamp="2019-07-02T23:04:55.390">
  <trace-info objectcount="73365" scancount="65801" scanbytes="2451636" />
  <finalization candidates="124" enqueued="0" />
  <ownableSynchronizers candidates="3" cleared="0" />
  <references type="soft" candidates="84" cleared="0" enqueued="0" dynamicThreshold="19" maxThreshold="32" />
  <references type="weak" candidates="774" cleared="0" enqueued="0" />
  <references type="phantom" candidates="63" cleared="0" enqueued="0" />
  <stringconstants candidates="4574" cleared="0"  />
</gc-op>
<gc-op id="5446" type="sweep" timems="0.851" contextid="5442" timestamp="2019-07-02T23:04:55.391" />
<gc-end id="5447" type="global" contextid="5442" durationms="3.104" usertimems="8.000" systemtimems="0.000" timestamp="2019-07-02T23:04:55.391" activeThreads="4">
  <mem-info id="5448" free="10016656" total="16187392" percent="61">
    <mem type="tenure" free="10016656" total="16187392" percent="61" micro-fragmented="29558" macro-fragmented="0">
      <mem type="soa" free="9854864" total="16025600" percent="61" />
      <mem type="loa" free="161792" total="161792" percent="100" />
    </mem>
  </mem-info>
</gc-end>
<cycle-end id="5449" type="global" contextid="5442" timestamp="2019-07-02T23:04:55.391">
  <attribute name="GC Util" value="254" />
  <attribute name="CPU Util" value="8933891458140" />
  <attribute name="Time Running"value="6025"/>
  <attribute name="Number of cores"value="4"/>
</cycle-end>
<allocation-satisfied id="5450" threadId="000000000112D100" bytesRequested="40" />
<af-end id="5451" timestamp="2019-07-02T23:04:55.391" threadId="000000000112DA88" success="true" />
<exclusive-end id="5452" timestamp="2019-07-02T23:04:55.391" durationms="3.576" />

<exclusive-start id="5453" timestamp="2019-07-02T23:04:55.396" intervalms="8.315">
  <response-info timems="0.045" idlems="0.045" threads="0" lastid="000000000112D100" lastname="Thread-8" />
</exclusive-start>
<af-start id="5454" threadId="000000000112DA88" totalBytesRequested="40" timestamp="2019-07-02T23:04:55.396" intervalms="8.313" />
<cycle-start id="5455" type="global" contextid="0" timestamp="2019-07-02T23:04:55.396" intervalms="8.352" />
  <attribute name="GC Util" value="254" />
  <attribute name="CPU Util" value="8933891458140" />
  <attribute name="Time Running"value="6025"/>
  <attribute name="Number of cores"value="4"/>
<gc-start id="5456" type="global" contextid="5455" timestamp="2019-07-02T23:04:55.396">
  <mem-info id="5457" free="161792" total="16187392" percent="0">
    <mem type="tenure" free="161792" total="16187392" percent="0">
      <mem type="soa" free="0" total="16025600" percent="0" />
      <mem type="loa" free="161792" total="161792" percent="100" />
    </mem>
  </mem-info>
</gc-start>
<allocation-stats totalBytes="9827608" >
  <allocated-bytes non-tlh="0" tlh="9827608" />
  <largest-consumer threadName="Thread-8" threadId="000000000112D100" bytes="2714744" />
</allocation-stats>
<gc-op id="5458" type="mark" timems="1.626" contextid="5455" timestamp="2019-07-02T23:04:55.398">
  <trace-info objectcount="74827" scancount="67245" scanbytes="2486628" />
  <finalization candidates="124" enqueued="0" />
  <ownableSynchronizers candidates="3" cleared="0" />
  <references type="soft" candidates="84" cleared="0" enqueued="0" dynamicThreshold="19" maxThreshold="32" />
  <references type="weak" candidates="774" cleared="0" enqueued="0" />
  <references type="phantom" candidates="63" cleared="0" enqueued="0" />
  <stringconstants candidates="4574" cleared="0"  />
</gc-op>
<gc-op id="5459" type="sweep" timems="0.407" contextid="5455" timestamp="2019-07-02T23:04:55.398" />
<gc-end id="5460" type="global" contextid="5455" durationms="2.363" usertimems="4.000" systemtimems="0.000" timestamp="2019-07-02T23:04:55.398" activeThreads="4">
  <mem-info id="5461" free="9889000" total="16187392" percent="61">
    <mem type="tenure" free="9889000" total="16187392" percent="61" micro-fragmented="37245" macro-fragmented="0">
      <mem type="soa" free="9727208" total="16025600" percent="60" />
      <mem type="loa" free="161792" total="161792" percent="100" />
    </mem>
  </mem-info>
</gc-end>
<cycle-end id="5462" type="global" contextid="5455" timestamp="2019-07-02T23:04:55.398">
  <attribute name="GC Util" value="243" />
  <attribute name="CPU Util" value="10623550523520" />
  <attribute name="Time Running"value="6033"/>
  <attribute name="Number of cores"value="4"/>
</cycle-end>
<allocation-satisfied id="5463" threadId="000000000112D100" bytesRequested="40" />
<af-end id="5464" timestamp="2019-07-02T23:04:55.399" threadId="000000000112DA88" success="true" />
<exclusive-end id="5465" timestamp="2019-07-02T23:04:55.399" durationms="3.071" />

<exclusive-start id="5466" timestamp="2019-07-02T23:04:55.404" intervalms="8.580">
  <response-info timems="0.029" idlems="0.026" threads="1" lastid="000000000112D100" lastname="Thread-8" />
</exclusive-start>
<af-start id="5467" threadId="0000000001135288" totalBytesRequested="40" timestamp="2019-07-02T23:04:55.404" intervalms="8.700" />
<cycle-start id="5468" type="global" contextid="0" timestamp="2019-07-02T23:04:55.405" intervalms="8.752" />
  <attribute name="GC Util" value="243" />
  <attribute name="CPU Util" value="10623550523520" />
  <attribute name="Time Running"value="6033"/>
  <attribute name="Number of cores"value="4"/>
<gc-start id="5469" type="global" contextid="5468" timestamp="2019-07-02T23:04:55.405">
  <mem-info id="5470" free="161792" total="16187392" percent="0">
    <mem type="tenure" free="161792" total="16187392" percent="0">
      <mem type="soa" free="0" total="16025600" percent="0" />
      <mem type="loa" free="161792" total="161792" percent="100" />
    </mem>
  </mem-info>
</gc-start>
<allocation-stats totalBytes="9695208" >
  <allocated-bytes non-tlh="23160" tlh="9672048" />
  <largest-consumer threadName="Thread-7" threadId="0000000001134900" bytes="3693200" />
</allocation-stats>
<gc-op id="5471" type="mark" timems="2.341" contextid="5468" timestamp="2019-07-02T23:04:55.407">
  <trace-info objectcount="71529" scancount="63956" scanbytes="2407996" />
  <finalization candidates="124" enqueued="0" />
  <ownableSynchronizers candidates="3" cleared="0" />
  <references type="soft" candidates="84" cleared="0" enqueued="0" dynamicThreshold="19" maxThreshold="32" />
  <references type="weak" candidates="774" cleared="0" enqueued="0" />
  <references type="phantom" candidates="63" cleared="0" enqueued="0" />
  <stringconstants candidates="4574" cleared="0"  />
</gc-op>
<gc-op id="5472" type="sweep" timems="0.877" contextid="5468" timestamp="2019-07-02T23:04:55.408" />
<heap-resize id="5473" type="contract" space="tenure" amount="131072" count="1" timems="0.054" reason="excess free space following gc" timestamp="2019-07-02T23:04:55.408" />
<gc-end id="5474" type="global" contextid="5468" durationms="3.847" usertimems="8.000" systemtimems="0.000" timestamp="2019-07-02T23:04:55.409" activeThreads="4">
  <mem-info id="5475" free="9708104" total="16056320" percent="60">
    <mem type="tenure" free="9708104" total="16056320" percent="60" micro-fragmented="153474" macro-fragmented="39271">
      <mem type="soa" free="9708104" total="15896576" percent="61" />
      <mem type="loa" free="0" total="159744" percent="0" />
    </mem>
  </mem-info>
</gc-end>
<cycle-end id="5476" type="global" contextid="5468" timestamp="2019-07-02T23:04:55.409">
  <attribute name="GC Util" value="250" />
  <attribute name="CPU Util" value="7553571751077" />
  <attribute name="Time Running"value="6043"/>
  <attribute name="Number of cores"value="4"/>
</cycle-end>
<allocation-satisfied id="5477" threadId="0000000001134900" bytesRequested="40" />
<af-end id="5478" timestamp="2019-07-02T23:04:55.409" threadId="0000000001135288" success="true" />
<exclusive-end id="5479" timestamp="2019-07-02T23:04:55.409" durationms="4.794" />

<exclusive-start id="5480" timestamp="2019-07-02T23:04:55.415" intervalms="10.590">
  <response-info timems="0.058" idlems="0.058" threads="0" lastid="0000000001129500" lastname="Thread-10" />
</exclusive-start>
<af-start id="5481" threadId="0000000001129E88" totalBytesRequested="40" timestamp="2019-07-02T23:04:55.415" intervalms="10.536" />
<cycle-start id="5482" type="global" contextid="0" timestamp="2019-07-02T23:04:55.415" intervalms="10.531" />
  <attribute name="GC Util" value="250" />
  <attribute name="CPU Util" value="7553571751077" />
  <attribute name="Time Running"value="6043"/>
  <attribute name="Number of cores"value="4"/>
<gc-start id="5483" type="global" contextid="5482" timestamp="2019-07-02T23:04:55.415">
  <mem-info id="5484" free="0" total="16056320" percent="0">
    <mem type="tenure" free="0" total="16056320" percent="0">
      <mem type="soa" free="0" total="15896576" percent="0" />
      <mem type="loa" free="0" total="159744" percent="0" />
    </mem>
  </mem-info>
</gc-start>
<allocation-stats totalBytes="9682880" >
  <allocated-bytes non-tlh="0" tlh="9682880" />
  <largest-consumer threadName="Thread-7" threadId="0000000001134900" bytes="3623544" />
</allocation-stats>
<gc-op id="5485" type="mark" timems="2.180" contextid="5482" timestamp="2019-07-02T23:04:55.418">
  <trace-info objectcount="73220" scancount="65642" scanbytes="2448596" />
  <finalization candidates="124" enqueued="0" />
  <ownableSynchronizers candidates="3" cleared="0" />
  <references type="soft" candidates="84" cleared="0" enqueued="0" dynamicThreshold="19" maxThreshold="32" />
  <references type="weak" candidates="774" cleared="0" enqueued="0" />
  <references type="phantom" candidates="63" cleared="0" enqueued="0" />
  <stringconstants candidates="4574" cleared="0"  />
</gc-op>
<gc-op id="5486" type="sweep" timems="0.906" contextid="5482" timestamp="2019-07-02T23:04:55.419" />
<gc-end id="5487" type="global" contextid="5482" durationms="3.555" usertimems="8.000" systemtimems="0.000" timestamp="2019-07-02T23:04:55.419" activeThreads="4">
  <mem-info id="5488" free="9662752" total="16056320" percent="60">
    <mem type="tenure" free="9662752" total="16056320" percent="60" micro-fragmented="87388" macro-fragmented="17267">
      <mem type="soa" free="9573832" total="15896576" percent="60" />
      <mem type="loa" free="88920" total="159744" percent="55" />
    </mem>
  </mem-info>
</gc-end>
<cycle-end id="5489" type="global" contextid="5482" timestamp="2019-07-02T23:04:55.419">
  <attribute name="GC Util" value="253" />
  <attribute name="CPU Util" value="8099760894160" />
  <attribute name="Time Running"value="6053"/>
  <attribute name="Number of cores"value="4"/>
</cycle-end>
<allocation-satisfied id="5490" threadId="0000000001129500" bytesRequested="40" />
<af-end id="5491" timestamp="2019-07-02T23:04:55.419" threadId="0000000001129E88" success="true" />
<exclusive-end id="5492" timestamp="2019-07-02T23:04:55.419" durationms="4.397" />

<exclusive-start id="5493" timestamp="2019-07-02T23:04:55.425" intervalms="10.186">
  <response-info timems="0.029" idlems="0.026" threads="2" lastid="0000000001130D00" lastname="Thread-9" />
</exclusive-start>
<af-start id="5494" threadId="0000000001135288" totalBytesRequested="40" timestamp="2019-07-02T23:04:55.425" intervalms="10.216" />
<cycle-start id="5495" type="global" contextid="0" timestamp="2019-07-02T23:04:55.425" intervalms="10.271" />
  <attribute name="GC Util" value="253" />
  <attribute name="CPU Util" value="8099760894160" />
  <attribute name="Time Running"value="6053"/>
  <attribute name="Number of cores"value="4"/>
<gc-start id="5496" type="global" contextid="5495" timestamp="2019-07-02T23:04:55.426">
  <mem-info id="5497" free="88920" total="16056320" percent="0">
    <mem type="tenure" free="88920" total="16056320" percent="0">
      <mem type="soa" free="0" total="15896576" percent="0" />
      <mem type="loa" free="88920" total="159744" percent="55" />
    </mem>
  </mem-info>
</gc-start>
<allocation-stats totalBytes="9543272" >
  <allocated-bytes non-tlh="46320" tlh="9496952" />
  <largest-consumer threadName="Thread-7" threadId="0000000001134900" bytes="3521016" />
</allocation-stats>
<gc-op id="5498" type="mark" timems="2.145" contextid="5495" timestamp="2019-07-02T23:04:55.428">
  <trace-info objectcount="65257" scancount="57691" scanbytes="2257036" />
  <finalization candidates="124" enqueued="0" />
  <ownableSynchronizers candidates="3" cleared="0" />
  <references type="soft" candidates="84" cleared="0" enqueued="0" dynamicThreshold="19" maxThreshold="32" />
  <references type="weak" candidates="774" cleared="0" enqueued="0" />
  <references type="phantom" candidates="63" cleared="0" enqueued="0" />
  <stringconstants candidates="4574" cleared="0"  />
</gc-op>
<gc-op id="5499" type="sweep" timems="0.823" contextid="5495" timestamp="2019-07-02T23:04:55.429" />
<heap-resize id="5500" type="contract" space="tenure" amount="65536" count="1" timems="0.052" reason="excess free space following gc" timestamp="2019-07-02T23:04:55.429" />
<gc-end id="5501" type="global" contextid="5495" durationms="3.659" usertimems="4.000" systemtimems="4.000" timestamp="2019-07-02T23:04:55.429" activeThreads="4">
  <mem-info id="5502" free="9938312" total="15990784" percent="62">
    <mem type="tenure" free="9938312" total="15990784" percent="62" micro-fragmented="74539" macro-fragmented="67357">
      <mem type="soa" free="9938312" total="15831040" percent="62" />
      <mem type="loa" free="0" total="159744" percent="0" />
    </mem>
  </mem-info>
</gc-end>
<cycle-end id="5503" type="global" contextid="5495" timestamp="2019-07-02T23:04:55.429">
  <attribute name="GC Util" value="239" />
  <attribute name="CPU Util" value="8107888565777" />
  <attribute name="Time Running"value="6063"/>
  <attribute name="Number of cores"value="4"/>
</cycle-end>
<allocation-satisfied id="5504" threadId="0000000001134900" bytesRequested="40" />
<af-end id="5505" timestamp="2019-07-02T23:04:55.429" threadId="0000000001135288" success="true" />
<exclusive-end id="5506" timestamp="2019-07-02T23:04:55.430" durationms="4.487" />

<exclusive-start id="5507" timestamp="2019-07-02T23:04:55.436" intervalms="10.808">
  <response-info timems="0.030" idlems="0.028" threads="1" lastid="0000000001134900" lastname="Thread-7" />
</exclusive-start>
<af-start id="5508" threadId="000000000112DA88" totalBytesRequested="24" timestamp="2019-07-02T23:04:55.436" intervalms="10.766" />
<cycle-start id="5509" type="global" contextid="0" timestamp="2019-07-02T23:04:55.436" intervalms="10.723" />
  <attribute name="GC Util" value="239" />
  <attribute name="CPU Util" value="8107888565777" />
  <attribute name="Time Running"value="6063"/>
  <attribute name="Number of cores"value="4"/>
<gc-start id="5510" type="global" contextid="5509" timestamp="2019-07-02T23:04:55.436">
  <mem-info id="5511" free="0" total="15990784" percent="0">
    <mem type="tenure" free="0" total="15990784" percent="0">
      <mem type="soa" free="0" total="15831040" percent="0" />
      <mem type="loa" free="0" total="159744" percent="0" />
    </mem>
  </mem-info>
</gc-start>
<allocation-stats totalBytes="9925784" >
  <allocated-bytes non-tlh="0" tlh="9925784" />
  <largest-consumer threadName="Thread-10" threadId="0000000001129500" bytes="3541888" />
</allocation-stats>
<gc-op id="5512" type="mark" timems="1.191" contextid="5509" timestamp="2019-07-02T23:04:55.438">
  <trace-info objectcount="67833" scancount="60263" scanbytes="2318940" />
  <finalization candidates="124" enqueued="0" />
  <ownableSynchronizers candidates="3" cleared="0" />
  <references type="soft" candidates="84" cleared="0" enqueued="0" dynamicThreshold="19" maxThreshold="32" />
  <references type="weak" candidates="774" cleared="0" enqueued="0" />
  <references type="phantom" candidates="63" cleared="0" enqueued="0" />
  <stringconstants candidates="4574" cleared="0"  />
</gc-op>
<gc-op id="5513" type="sweep" timems="0.381" contextid="5509" timestamp="2019-07-02T23:04:55.438" />
<gc-end id="5514" type="global" contextid="5509" durationms="2.119" usertimems="4.000" systemtimems="0.000" timestamp="2019-07-02T23:04:55.438" activeThreads="4">
  <mem-info id="5515" free="9803312" total="15990784" percent="61">
    <mem type="tenure" free="9803312" total="15990784" percent="61" micro-fragmented="115630" macro-fragmented="12147">
      <mem type="soa" free="9803312" total="15831040" percent="61" />
      <mem type="loa" free="0" total="159744" percent="0" />
    </mem>
  </mem-info>
</gc-end>
<cycle-end id="5516" type="global" contextid="5509" timestamp="2019-07-02T23:04:55.438">
  <attribute name="GC Util" value="199" />
  <attribute name="CPU Util" value="14355967689740" />
  <attribute name="Time Running"value="6073"/>
  <attribute name="Number of cores"value="4"/>
</cycle-end>
<allocation-satisfied id="5517" threadId="000000000112D100" bytesRequested="24" />
<af-end id="5518" timestamp="2019-07-02T23:04:55.439" threadId="000000000112DA88" success="true" />
<exclusive-end id="5519" timestamp="2019-07-02T23:04:55.439" durationms="2.966" />

<exclusive-start id="5520" timestamp="2019-07-02T23:04:55.449" intervalms="13.555">
  <response-info timems="0.055" idlems="0.054" threads="1" lastid="0000000001129500" lastname="Thread-10" />
</exclusive-start>
<af-start id="5521" threadId="0000000001131688" totalBytesRequested="40" timestamp="2019-07-02T23:04:55.450" intervalms="13.602" />
<cycle-start id="5522" type="global" contextid="0" timestamp="2019-07-02T23:04:55.450" intervalms="13.611" />
  <attribute name="GC Util" value="199" />
  <attribute name="CPU Util" value="14355967689740" />
  <attribute name="Time Running"value="6073"/>
  <attribute name="Number of cores"value="4"/>
<gc-start id="5523" type="global" contextid="5522" timestamp="2019-07-02T23:04:55.450">
  <mem-info id="5524" free="0" total="15990784" percent="0">
    <mem type="tenure" free="0" total="15990784" percent="0">
      <mem type="soa" free="0" total="15831040" percent="0" />
      <mem type="loa" free="0" total="159744" percent="0" />
    </mem>
  </mem-info>
</gc-start>
<allocation-stats totalBytes="9784024" >
  <allocated-bytes non-tlh="19056" tlh="9764968" />
  <largest-consumer threadName="Thread-9" threadId="0000000001130D00" bytes="5666240" />
</allocation-stats>
<gc-op id="5525" type="mark" timems="1.231" contextid="5522" timestamp="2019-07-02T23:04:55.451">
  <trace-info objectcount="64512" scancount="56932" scanbytes="2239780" />
  <finalization candidates="124" enqueued="0" />
  <ownableSynchronizers candidates="3" cleared="0" />
  <references type="soft" candidates="84" cleared="0" enqueued="0" dynamicThreshold="19" maxThreshold="32" />
  <references type="weak" candidates="774" cleared="0" enqueued="0" />
  <references type="phantom" candidates="63" cleared="0" enqueued="0" />
  <stringconstants candidates="4574" cleared="0"  />
</gc-op>
<gc-op id="5526" type="sweep" timems="0.314" contextid="5522" timestamp="2019-07-02T23:04:55.452" />
<heap-resize id="5527" type="contract" space="tenure" amount="65536" count="1" timems="0.107" reason="excess free space following gc" timestamp="2019-07-02T23:04:55.452" />
<gc-end id="5528" type="global" contextid="5522" durationms="2.279" usertimems="4.000" systemtimems="0.000" timestamp="2019-07-02T23:04:55.452" activeThreads="4">
  <mem-info id="5529" free="9898792" total="15925248" percent="62">
    <mem type="tenure" free="9898792" total="15925248" percent="62" micro-fragmented="60244" macro-fragmented="41666">
      <mem type="soa" free="9898792" total="15766528" percent="62" />
      <mem type="loa" free="0" total="158720" percent="0" />
    </mem>
  </mem-info>
</gc-end>
<cycle-end id="5530" type="global" contextid="5522" timestamp="2019-07-02T23:04:55.452">
  <attribute name="GC Util" value="191" />
  <attribute name="CPU Util" value="14334738112448" />
  <attribute name="Time Running"value="6087"/>
  <attribute name="Number of cores"value="4"/>
</cycle-end>
<allocation-satisfied id="5531" threadId="0000000001130D00" bytesRequested="40" />
<af-end id="5532" timestamp="2019-07-02T23:04:55.452" threadId="0000000001131688" success="true" />
<exclusive-end id="5533" timestamp="2019-07-02T23:04:55.453" durationms="3.178" />

<exclusive-start id="5534" timestamp="2019-07-02T23:04:55.459" intervalms="9.524">
  <response-info timems="0.057" idlems="0.057" threads="0" lastid="0000000001130D00" lastname="Thread-9" />
</exclusive-start>
<af-start id="5535" threadId="0000000001131688" totalBytesRequested="40" timestamp="2019-07-02T23:04:55.459" intervalms="9.510" />
<cycle-start id="5536" type="global" contextid="0" timestamp="2019-07-02T23:04:55.459" intervalms="9.537" />
  <attribute name="GC Util" value="191" />
  <attribute name="CPU Util" value="14334738112448" />
  <attribute name="Time Running"value="6087"/>
  <attribute name="Number of cores"value="4"/>
<gc-start id="5537" type="global" contextid="5536" timestamp="2019-07-02T23:04:55.459">
  <mem-info id="5538" free="0" total="15925248" percent="0">
    <mem type="tenure" free="0" total="15925248" percent="0">
      <mem type="soa" free="0" total="15766528" percent="0" />
      <mem type="loa" free="0" total="158720" percent="0" />
    </mem>
  </mem-info>
</gc-start>
<allocation-stats totalBytes="9943224" >
  <allocated-bytes non-tlh="0" tlh="9943224" />
  <largest-consumer threadName="Thread-7" threadId="0000000001134900" bytes="3680320" />
</allocation-stats>
<gc-op id="5539" type="mark" timems="1.229" contextid="5536" timestamp="2019-07-02T23:04:55.461">
  <trace-info objectcount="66620" scancount="59031" scanbytes="2289484" />
  <finalization candidates="124" enqueued="0" />
  <ownableSynchronizers candidates="3" cleared="0" />
  <references type="soft" candidates="84" cleared="0" enqueued="0" dynamicThreshold="19" maxThreshold="32" />
  <references type="weak" candidates="774" cleared="0" enqueued="0" />
  <references type="phantom" candidates="63" cleared="0" enqueued="0" />
  <stringconstants candidates="4574" cleared="0"  />
</gc-op>
<gc-op id="5540" type="sweep" timems="0.370" contextid="5536" timestamp="2019-07-02T23:04:55.461" />
<mem-info id="5541" free="9856320" total="15925248" percent="61">
  <mem type="tenure" free="9856320" total="15925248" percent="61" micro-fragmented="77721" macro-fragmented="14527">
    <mem type="soa" free="9856320" total="15766528" percent="62" />
    <mem type="loa" free="0" total="158720" percent="0" />
  </mem>
</mem-info>
<gc-op id="5542" type="compact" timems="4.146" contextid="5536" timestamp="2019-07-02T23:04:55.466">
  <compact-info movecount="26881" movebytes="1195184" reason="compact to aid heap contraction" />
</gc-op>
<heap-resize id="5543" type="contract" space="tenure" amount="131072" count="1" timems="0.086" reason="excess free space following gc" timestamp="2019-07-02T23:04:55.466" />
<gc-end id="5544" type="global" contextid="5536" durationms="6.848" usertimems="8.000" systemtimems="0.000" timestamp="2019-07-02T23:04:55.466" activeThreads="4">
  <mem-info id="5545" free="9942136" total="15794176" percent="62">
    <mem type="tenure" free="9942136" total="15794176" percent="62">
      <mem type="soa" free="9812088" total="15636480" percent="62" />
      <mem type="loa" free="130048" total="157696" percent="82" />
    </mem>
  </mem-info>
</gc-end>
<cycle-end id="5546" type="global" contextid="5536" timestamp="2019-07-02T23:04:55.466">
  <attribute name="GC Util" value="11" />
  <attribute name="CPU Util" value="26798650312505" />
  <attribute name="Time Running"value="6097"/>
  <attribute name="Number of cores"value="4"/>
</cycle-end>
<allocation-satisfied id="5547" threadId="0000000001130D00" bytesRequested="40" />
<af-end id="5548" timestamp="2019-07-02T23:04:55.467" threadId="0000000001131688" success="true" />
<exclusive-end id="5549" timestamp="2019-07-02T23:04:55.467" durationms="7.800" />

<exclusive-start id="5550" timestamp="2019-07-02T23:04:55.473" intervalms="13.915">
  <response-info timems="0.057" idlems="0.057" threads="0" lastid="0000000001134900" lastname="Thread-7" />
</exclusive-start>
<af-start id="5551" threadId="0000000001135288" totalBytesRequested="48" timestamp="2019-07-02T23:04:55.473" intervalms="13.944" />
<cycle-start id="5552" type="global" contextid="0" timestamp="2019-07-02T23:04:55.473" intervalms="13.908" />
  <attribute name="GC Util" value="11" />
  <attribute name="CPU Util" value="26798650312505" />
  <attribute name="Time Running"value="6097"/>
  <attribute name="Number of cores"value="4"/>
<gc-start id="5553" type="global" contextid="5552" timestamp="2019-07-02T23:04:55.473">
  <mem-info id="5554" free="130048" total="15794176" percent="0">
    <mem type="tenure" free="130048" total="15794176" percent="0">
      <mem type="soa" free="0" total="15636480" percent="0" />
      <mem type="loa" free="130048" total="157696" percent="82" />
    </mem>
  </mem-info>
</gc-start>
<allocation-stats totalBytes="9875584" >
  <allocated-bytes non-tlh="0" tlh="9875584" />
  <largest-consumer threadName="Thread-7" threadId="0000000001134900" bytes="3904784" />
</allocation-stats>
<gc-op id="5555" type="mark" timems="2.162" contextid="5552" timestamp="2019-07-02T23:04:55.476">
  <trace-info objectcount="62254" scancount="54681" scanbytes="2155060" />
  <finalization candidates="124" enqueued="0" />
  <ownableSynchronizers candidates="3" cleared="0" />
  <references type="soft" candidates="84" cleared="0" enqueued="0" dynamicThreshold="20" maxThreshold="32" />
  <references type="weak" candidates="774" cleared="0" enqueued="0" />
  <references type="phantom" candidates="63" cleared="0" enqueued="0" />
  <stringconstants candidates="4574" cleared="0"  />
</gc-op>
<gc-op id="5556" type="sweep" timems="0.709" contextid="5552" timestamp="2019-07-02T23:04:55.477" />
<heap-resize id="5557" type="contract" space="tenure" amount="131072" count="1" timems="0.074" reason="excess free space following gc" timestamp="2019-07-02T23:04:55.477" />
<gc-end id="5558" type="global" contextid="5552" durationms="3.651" usertimems="4.000" systemtimems="4.000" timestamp="2019-07-02T23:04:55.477" activeThreads="4">
  <mem-info id="5559" free="9912536" total="15663104" percent="63">
    <mem type="tenure" free="9912536" total="15663104" percent="63" micro-fragmented="105199" macro-fragmented="0">
      <mem type="soa" free="9912536" total="15507456" percent="63" />
      <mem type="loa" free="0" total="155648" percent="0" />
    </mem>
  </mem-info>
</gc-end>
<cycle-end id="5560" type="global" contextid="5552" timestamp="2019-07-02T23:04:55.477">
  <attribute name="GC Util" value="231" />
  <attribute name="CPU Util" value="8191613569508" />
  <attribute name="Time Running"value="6111"/>
  <attribute name="Number of cores"value="4"/>
</cycle-end>
<allocation-satisfied id="5561" threadId="0000000001134900" bytesRequested="48" />
<af-end id="5562" timestamp="2019-07-02T23:04:55.477" threadId="0000000001135288" success="true" />
<exclusive-end id="5563" timestamp="2019-07-02T23:04:55.477" durationms="4.504" />

<exclusive-start id="5564" timestamp="2019-07-02T23:04:55.484" intervalms="11.182">
  <response-info timems="0.021" idlems="0.021" threads="0" lastid="0000000001134900" lastname="Thread-7" />
</exclusive-start>
<af-start id="5565" threadId="0000000001135288" totalBytesRequested="40" timestamp="2019-07-02T23:04:55.484" intervalms="11.162" />
<cycle-start id="5566" type="global" contextid="0" timestamp="2019-07-02T23:04:55.484" intervalms="11.150" />
  <attribute name="GC Util" value="231" />
  <attribute name="CPU Util" value="8191613569508" />
  <attribute name="Time Running"value="6111"/>
  <attribute name="Number of cores"value="4"/>
<gc-start id="5567" type="global" contextid="5566" timestamp="2019-07-02T23:04:55.484">
  <mem-info id="5568" free="0" total="15663104" percent="0">
    <mem type="tenure" free="0" total="15663104" percent="0">
      <mem type="soa" free="0" total="15507456" percent="0" />
      <mem type="loa" free="0" total="155648" percent="0" />
    </mem>
  </mem-info>
</gc-start>
<allocation-stats totalBytes="9908680" >
  <allocated-bytes non-tlh="0" tlh="9908680" />
  <largest-consumer threadName="Thread-7" threadId="0000000001134900" bytes="3396184" />
</allocation-stats>
<gc-op id="5569" type="mark" timems="2.047" contextid="5566" timestamp="2019-07-02T23:04:55.487">
  <trace-info objectcount="64921" scancount="57337" scanbytes="2248964" />
  <finalization candidates="124" enqueued="0" />
  <ownableSynchronizers candidates="3" cleared="0" />
  <references type="soft" candidates="84" cleared="0" enqueued="0" dynamicThreshold="20" maxThreshold="32" />
  <references type="weak" candidates="774" cleared="0" enqueued="0" />
  <references type="phantom" candidates="63" cleared="0" enqueued="0" />
  <stringconstants candidates="4574" cleared="0"  />
</gc-op>
<gc-op id="5570" type="sweep" timems="0.780" contextid="5566" timestamp="2019-07-02T23:04:55.488" />
<mem-info id="5571" free="9801568" total="15663104" percent="62">
  <mem type="tenure" free="9801568" total="15663104" percent="62" micro-fragmented="62337" macro-fragmented="21744">
    <mem type="soa" free="9801568" total="15507456" percent="63" />
    <mem type="loa" free="0" total="155648" percent="0" />
  </mem>
</mem-info>
<gc-op id="5572" type="compact" timems="5.248" contextid="5566" timestamp="2019-07-02T23:04:55.493">
  <compact-info movecount="25141" movebytes="1153680" reason="compact to aid heap contraction" />
</gc-op>
<heap-resize id="5573" type="contract" space="tenure" amount="131072" count="1" timems="0.082" reason="excess free space following gc" timestamp="2019-07-02T23:04:55.493" />
<gc-end id="5574" type="global" contextid="5566" durationms="9.073" usertimems="12.000" systemtimems="0.000" timestamp="2019-07-02T23:04:55.493" activeThreads="4">
  <mem-info id="5575" free="9723584" total="15532032" percent="62">
    <mem type="tenure" free="9723584" total="15532032" percent="62">
      <mem type="soa" free="9593536" total="15377408" percent="62" />
      <mem type="loa" free="130048" total="154624" percent="84" />
    </mem>
  </mem-info>
</gc-end>
<cycle-end id="5576" type="global" contextid="5566" timestamp="2019-07-02T23:04:55.494">
  <attribute name="GC Util" value="137" />
  <attribute name="CPU Util" value="17076649965892" />
  <attribute name="Time Running"value="6123"/>
  <attribute name="Number of cores"value="4"/>
</cycle-end>
<allocation-satisfied id="5577" threadId="0000000001134900" bytesRequested="40" />
<af-end id="5578" timestamp="2019-07-02T23:04:55.494" threadId="0000000001135288" success="true" />
<exclusive-end id="5579" timestamp="2019-07-02T23:04:55.494" durationms="9.945" />

<exclusive-start id="5580" timestamp="2019-07-02T23:04:55.501" intervalms="16.528">
  <response-info timems="0.026" idlems="0.026" threads="0" lastid="0000000001130D00" lastname="Thread-9" />
</exclusive-start>
<af-start id="5581" threadId="0000000001131688" totalBytesRequested="40" timestamp="2019-07-02T23:04:55.501" intervalms="16.529" />
<cycle-start id="5582" type="global" contextid="0" timestamp="2019-07-02T23:04:55.501" intervalms="16.546" />
  <attribute name="GC Util" value="137" />
  <attribute name="CPU Util" value="17076649965892" />
  <attribute name="Time Running"value="6123"/>
  <attribute name="Number of cores"value="4"/>
<gc-start id="5583" type="global" contextid="5582" timestamp="2019-07-02T23:04:55.501">
  <mem-info id="5584" free="130048" total="15532032" percent="0">
    <mem type="tenure" free="130048" total="15532032" percent="0">
      <mem type="soa" free="0" total="15377408" percent="0" />
      <mem type="loa" free="130048" total="154624" percent="84" />
    </mem>
  </mem-info>
</gc-start>
<allocation-stats totalBytes="9657624" >
  <allocated-bytes non-tlh="0" tlh="9657624" />
  <largest-consumer threadName="Thread-7" threadId="0000000001134900" bytes="3112496" />
</allocation-stats>
<gc-op id="5585" type="mark" timems="1.066" contextid="5582" timestamp="2019-07-02T23:04:55.502">
  <trace-info objectcount="65946" scancount="58381" scanbytes="2273892" />
  <finalization candidates="124" enqueued="0" />
  <ownableSynchronizers candidates="3" cleared="0" />
  <references type="soft" candidates="84" cleared="0" enqueued="0" dynamicThreshold="20" maxThreshold="32" />
  <references type="weak" candidates="774" cleared="0" enqueued="0" />
  <references type="phantom" candidates="63" cleared="0" enqueued="0" />
  <stringconstants candidates="4574" cleared="0"  />
</gc-op>
<gc-op id="5586" type="sweep" timems="0.241" contextid="5582" timestamp="2019-07-02T23:04:55.503" />
<heap-resize id="5587" type="contract" space="tenure" amount="131072" count="1" timems="0.079" reason="excess free space following gc" timestamp="2019-07-02T23:04:55.503" />
<gc-end id="5588" type="global" contextid="5582" durationms="2.056" usertimems="4.000" systemtimems="0.000" timestamp="2019-07-02T23:04:55.503" activeThreads="4">
  <mem-info id="5589" free="9494776" total="15400960" percent="61">
    <mem type="tenure" free="9494776" total="15400960" percent="61" micro-fragmented="14105" macro-fragmented="0">
      <mem type="soa" free="9494776" total="15247360" percent="62" />
      <mem type="loa" free="0" total="153600" percent="0" />
    </mem>
  </mem-info>
</gc-end>
<cycle-end id="5590" type="global" contextid="5582" timestamp="2019-07-02T23:04:55.503">
  <attribute name="GC Util" value="211" />
  <attribute name="CPU Util" value="15908769948651" />
  <attribute name="Time Running"value="6138"/>
  <attribute name="Number of cores"value="4"/>
</cycle-end>
<allocation-satisfied id="5591" threadId="0000000001130D00" bytesRequested="40" />
<af-end id="5592" timestamp="2019-07-02T23:04:55.503" threadId="0000000001131688" success="true" />
<exclusive-end id="5593" timestamp="2019-07-02T23:04:55.503" durationms="2.900" />

<exclusive-start id="5594" timestamp="2019-07-02T23:04:55.510" intervalms="9.497">
  <response-info timems="0.064" idlems="0.043" threads="2" lastid="000000000112D100" lastname="Thread-8" />
</exclusive-start>
<af-start id="5595" threadId="0000000001129E88" totalBytesRequested="40" timestamp="2019-07-02T23:04:55.510" intervalms="9.500" />
<cycle-start id="5596" type="global" contextid="0" timestamp="2019-07-02T23:04:55.510" intervalms="9.495" />
  <attribute name="GC Util" value="211" />
  <attribute name="CPU Util" value="15908769948651" />
  <attribute name="Time Running"value="6138"/>
  <attribute name="Number of cores"value="4"/>
<gc-start id="5597" type="global" contextid="5596" timestamp="2019-07-02T23:04:55.510">
  <mem-info id="5598" free="0" total="15400960" percent="0">
    <mem type="tenure" free="0" total="15400960" percent="0">
      <mem type="soa" free="0" total="15247360" percent="0" />
      <mem type="loa" free="0" total="153600" percent="0" />
    </mem>
  </mem-info>
</gc-start>
<allocation-stats totalBytes="9493032" >
  <allocated-bytes non-tlh="0" tlh="9493032" />
  <largest-consumer threadName="Thread-7" threadId="0000000001134900" bytes="3180752" />
</allocation-stats>
<gc-op id="5599" type="mark" timems="1.876" contextid="5596" timestamp="2019-07-02T23:04:55.513">
  <trace-info objectcount="66948" scancount="59357" scanbytes="2297860" />
  <finalization candidates="124" enqueued="0" />
  <ownableSynchronizers candidates="3" cleared="0" />
  <references type="soft" candidates="84" cleared="0" enqueued="0" dynamicThreshold="19" maxThreshold="32" />
  <references type="weak" candidates="774" cleared="0" enqueued="0" />
  <references type="phantom" candidates="63" cleared="0" enqueued="0" />
  <stringconstants candidates="4574" cleared="0"  />
</gc-op>
<gc-op id="5600" type="sweep" timems="0.762" contextid="5596" timestamp="2019-07-02T23:04:55.513" />
<gc-end id="5601" type="global" contextid="5596" durationms="3.189" usertimems="8.000" systemtimems="0.000" timestamp="2019-07-02T23:04:55.514" activeThreads="4">
  <mem-info id="5602" free="9446224" total="15400960" percent="61">
    <mem type="tenure" free="9446224" total="15400960" percent="61" micro-fragmented="771" macro-fragmented="18370">
      <mem type="soa" free="9446224" total="15247360" percent="61" />
      <mem type="loa" free="0" total="153600" percent="0" />
    </mem>
  </mem-info>
</gc-end>
<cycle-end id="5603" type="global" contextid="5596" timestamp="2019-07-02T23:04:55.514">
  <attribute name="GC Util" value="246" />
  <attribute name="CPU Util" value="9376161105411" />
  <attribute name="Time Running"value="6148"/>
  <attribute name="Number of cores"value="4"/>
</cycle-end>
<allocation-satisfied id="5604" threadId="0000000001129500" bytesRequested="40" />
<af-end id="5605" timestamp="2019-07-02T23:04:55.514" threadId="0000000001129E88" success="true" />
<exclusive-end id="5606" timestamp="2019-07-02T23:04:55.514" durationms="4.098" />

<exclusive-start id="5607" timestamp="2019-07-02T23:04:55.521" intervalms="10.822">
  <response-info timems="0.026" idlems="0.024" threads="1" lastid="0000000001134900" lastname="Thread-7" />
</exclusive-start>
<af-start id="5608" threadId="0000000001131688" totalBytesRequested="40" timestamp="2019-07-02T23:04:55.521" intervalms="10.847" />
<cycle-start id="5609" type="global" contextid="0" timestamp="2019-07-02T23:04:55.521" intervalms="10.853" />
  <attribute name="GC Util" value="246" />
  <attribute name="CPU Util" value="9376161105411" />
  <attribute name="Time Running"value="6148"/>
  <attribute name="Number of cores"value="4"/>
<gc-start id="5610" type="global" contextid="5609" timestamp="2019-07-02T23:04:55.521">
  <mem-info id="5611" free="0" total="15400960" percent="0">
    <mem type="tenure" free="0" total="15400960" percent="0">
      <mem type="soa" free="0" total="15247360" percent="0" />
      <mem type="loa" free="0" total="153600" percent="0" />
    </mem>
  </mem-info>
</gc-start>
<allocation-stats totalBytes="9439784" >
  <allocated-bytes non-tlh="0" tlh="9439784" />
  <largest-consumer threadName="Thread-9" threadId="0000000001130D00" bytes="3278280" />
</allocation-stats>
<gc-op id="5612" type="mark" timems="1.214" contextid="5609" timestamp="2019-07-02T23:04:55.523">
  <trace-info objectcount="67929" scancount="60359" scanbytes="2321356" />
  <finalization candidates="124" enqueued="0" />
  <ownableSynchronizers candidates="3" cleared="0" />
  <references type="soft" candidates="84" cleared="0" enqueued="0" dynamicThreshold="19" maxThreshold="32" />
  <references type="weak" candidates="774" cleared="0" enqueued="0" />
  <references type="phantom" candidates="63" cleared="0" enqueued="0" />
  <stringconstants candidates="4574" cleared="0"  />
</gc-op>
<gc-op id="5613" type="sweep" timems="0.313" contextid="5609" timestamp="2019-07-02T23:04:55.523" />
<gc-end id="5614" type="global" contextid="5609" durationms="2.052" usertimems="4.000" systemtimems="0.000" timestamp="2019-07-02T23:04:55.523" activeThreads="4">
  <mem-info id="5615" free="9392816" total="15400960" percent="60">
    <mem type="tenure" free="9392816" total="15400960" percent="60" micro-fragmented="1543" macro-fragmented="24024">
      <mem type="soa" free="9392816" total="15247360" percent="61" />
      <mem type="loa" free="0" total="153600" percent="0" />
    </mem>
  </mem-info>
</gc-end>
<cycle-end id="5616" type="global" contextid="5609" timestamp="2019-07-02T23:04:55.524">
  <attribute name="GC Util" value="189" />
  <attribute name="CPU Util" value="14128907289418" />
  <attribute name="Time Running"value="6158"/>
  <attribute name="Number of cores"value="4"/>
</cycle-end>
<allocation-satisfied id="5617" threadId="0000000001130D00" bytesRequested="40" />
<af-end id="5618" timestamp="2019-07-02T23:04:55.524" threadId="0000000001131688" success="true" />
<exclusive-end id="5619" timestamp="2019-07-02T23:04:55.524" durationms="3.019" />

<exclusive-start id="5620" timestamp="2019-07-02T23:04:55.530" intervalms="9.616">
  <response-info timems="0.063" idlems="0.034" threads="1" lastid="000000000112D100" lastname="Thread-8" />
</exclusive-start>
<af-start id="5621" threadId="0000000001129E88" totalBytesRequested="40" timestamp="2019-07-02T23:04:55.531" intervalms="9.575" />
<cycle-start id="5622" type="global" contextid="0" timestamp="2019-07-02T23:04:55.531" intervalms="9.558" />
  <attribute name="GC Util" value="189" />
  <attribute name="CPU Util" value="14128907289418" />
  <attribute name="Time Running"value="6158"/>
  <attribute name="Number of cores"value="4"/>
<gc-start id="5623" type="global" contextid="5622" timestamp="2019-07-02T23:04:55.531">
  <mem-info id="5624" free="0" total="15400960" percent="0">
    <mem type="tenure" free="0" total="15400960" percent="0">
      <mem type="soa" free="0" total="15247360" percent="0" />
      <mem type="loa" free="0" total="153600" percent="0" />
    </mem>
  </mem-info>
</gc-start>
<allocation-stats totalBytes="9384584" >
  <allocated-bytes non-tlh="0" tlh="9384584" />
  <largest-consumer threadName="Thread-9" threadId="0000000001130D00" bytes="3406544" />
</allocation-stats>
<gc-op id="5625" type="mark" timems="2.238" contextid="5622" timestamp="2019-07-02T23:04:55.533">
  <trace-info objectcount="68884" scancount="61307" scanbytes="2344084" />
  <finalization candidates="124" enqueued="0" />
  <ownableSynchronizers candidates="3" cleared="0" />
  <references type="soft" candidates="84" cleared="0" enqueued="0" dynamicThreshold="19" maxThreshold="32" />
  <references type="weak" candidates="774" cleared="0" enqueued="0" />
  <references type="phantom" candidates="63" cleared="0" enqueued="0" />
  <stringconstants candidates="4574" cleared="0"  />
</gc-op>
<gc-op id="5626" type="sweep" timems="0.786" contextid="5622" timestamp="2019-07-02T23:04:55.534" />
<gc-end id="5627" type="global" contextid="5622" durationms="3.489" usertimems="8.000" systemtimems="0.000" timestamp="2019-07-02T23:04:55.534" activeThreads="4">
  <mem-info id="5628" free="9323776" total="15400960" percent="60">
    <mem type="tenure" free="9323776" total="15400960" percent="60" micro-fragmented="9232" macro-fragmented="12147">
      <mem type="soa" free="9323776" total="15247360" percent="61" />
      <mem type="loa" free="0" total="153600" percent="0" />
    </mem>
  </mem-info>
</gc-end>
<cycle-end id="5629" type="global" contextid="5622" timestamp="2019-07-02T23:04:55.534">
  <attribute name="GC Util" value="251" />
  <attribute name="CPU Util" value="7900446119106" />
  <attribute name="Time Running"value="6169"/>
  <attribute name="Number of cores"value="4"/>
</cycle-end>
<allocation-satisfied id="5630" threadId="0000000001129500" bytesRequested="40" />
<af-end id="5631" timestamp="2019-07-02T23:04:55.535" threadId="0000000001129E88" success="true" />
<exclusive-end id="5632" timestamp="2019-07-02T23:04:55.535" durationms="4.274" />

<exclusive-start id="5633" timestamp="2019-07-02T23:04:55.541" intervalms="10.554">
  <response-info timems="0.024" idlems="0.023" threads="1" lastid="0000000001134900" lastname="Thread-7" />
</exclusive-start>
<af-start id="5634" threadId="0000000001131688" totalBytesRequested="40" timestamp="2019-07-02T23:04:55.541" intervalms="10.540" />
<cycle-start id="5635" type="global" contextid="0" timestamp="2019-07-02T23:04:55.541" intervalms="10.533" />
  <attribute name="GC Util" value="251" />
  <attribute name="CPU Util" value="7900446119106" />
  <attribute name="Time Running"value="6169"/>
  <attribute name="Number of cores"value="4"/>
<gc-start id="5636" type="global" contextid="5635" timestamp="2019-07-02T23:04:55.541">
  <mem-info id="5637" free="0" total="15400960" percent="0">
    <mem type="tenure" free="0" total="15400960" percent="0">
      <mem type="soa" free="0" total="15247360" percent="0" />
      <mem type="loa" free="0" total="153600" percent="0" />
    </mem>
  </mem-info>
</gc-start>
<allocation-stats totalBytes="9312056" >
  <allocated-bytes non-tlh="19056" tlh="9293000" />
  <largest-consumer threadName="Thread-9" threadId="0000000001130D00" bytes="3135048" />
</allocation-stats>
<gc-op id="5638" type="mark" timems="1.069" contextid="5635" timestamp="2019-07-02T23:04:55.543">
  <trace-info objectcount="65106" scancount="57526" scanbytes="2254164" />
  <finalization candidates="124" enqueued="0" />
  <ownableSynchronizers candidates="3" cleared="0" />
  <references type="soft" candidates="84" cleared="0" enqueued="0" dynamicThreshold="19" maxThreshold="32" />
  <references type="weak" candidates="774" cleared="0" enqueued="0" />
  <references type="phantom" candidates="63" cleared="0" enqueued="0" />
  <stringconstants candidates="4574" cleared="0"  />
</gc-op>
<gc-op id="5639" type="sweep" timems="0.320" contextid="5635" timestamp="2019-07-02T23:04:55.543" />
<gc-end id="5640" type="global" contextid="5635" durationms="1.768" usertimems="4.000" systemtimems="0.000" timestamp="2019-07-02T23:04:55.543" activeThreads="4">
  <mem-info id="5641" free="9358488" total="15400960" percent="60">
    <mem type="tenure" free="9358488" total="15400960" percent="60" micro-fragmented="53960" macro-fragmented="18370">
      <mem type="soa" free="9358488" total="15247360" percent="61" />
      <mem type="loa" free="0" total="153600" percent="0" />
    </mem>
  </mem-info>
</gc-end>
<cycle-end id="5642" type="global" contextid="5635" timestamp="2019-07-02T23:04:55.543">
  <attribute name="GC Util" value="219" />
  <attribute name="CPU Util" value="16435206008775" />
  <attribute name="Time Running"value="6178"/>
  <attribute name="Number of cores"value="4"/>
</cycle-end>
<allocation-satisfied id="5643" threadId="0000000001130D00" bytesRequested="40" />
<af-end id="5644" timestamp="2019-07-02T23:04:55.544" threadId="0000000001131688" success="true" />
<exclusive-end id="5645" timestamp="2019-07-02T23:04:55.544" durationms="2.599" />

<exclusive-start id="5646" timestamp="2019-07-02T23:04:55.549" intervalms="7.901">
  <response-info timems="0.021" idlems="0.019" threads="1" lastid="000000000112D100" lastname="Thread-8" />
</exclusive-start>
<af-start id="5647" threadId="0000000001131688" totalBytesRequested="40" timestamp="2019-07-02T23:04:55.549" intervalms="7.905" />
<cycle-start id="5648" type="global" contextid="0" timestamp="2019-07-02T23:04:55.549" intervalms="7.874" />
  <attribute name="GC Util" value="219" />
  <attribute name="CPU Util" value="16435206008775" />
  <attribute name="Time Running"value="6178"/>
  <attribute name="Number of cores"value="4"/>
<gc-start id="5649" type="global" contextid="5648" timestamp="2019-07-02T23:04:55.549">
  <mem-info id="5650" free="0" total="15400960" percent="0">
    <mem type="tenure" free="0" total="15400960" percent="0">
      <mem type="soa" free="0" total="15247360" percent="0" />
      <mem type="loa" free="0" total="153600" percent="0" />
    </mem>
  </mem-info>
</gc-start>
<allocation-stats totalBytes="9349680" >
  <allocated-bytes non-tlh="0" tlh="9349680" />
  <largest-consumer threadName="Thread-9" threadId="0000000001130D00" bytes="2884144" />
</allocation-stats>
<gc-op id="5651" type="mark" timems="1.176" contextid="5648" timestamp="2019-07-02T23:04:55.551">
  <trace-info objectcount="65924" scancount="58355" scanbytes="2273828" />
  <finalization candidates="124" enqueued="0" />
  <ownableSynchronizers candidates="3" cleared="0" />
  <references type="soft" candidates="84" cleared="0" enqueued="0" dynamicThreshold="19" maxThreshold="32" />
  <references type="weak" candidates="774" cleared="0" enqueued="0" />
  <references type="phantom" candidates="63" cleared="0" enqueued="0" />
  <stringconstants candidates="4574" cleared="0"  />
</gc-op>
<gc-op id="5652" type="sweep" timems="0.385" contextid="5648" timestamp="2019-07-02T23:04:55.551" />
<gc-end id="5653" type="global" contextid="5648" durationms="2.065" usertimems="4.000" systemtimems="0.000" timestamp="2019-07-02T23:04:55.551" activeThreads="4">
  <mem-info id="5654" free="9297536" total="15400960" percent="60">
    <mem type="tenure" free="9297536" total="15400960" percent="60" micro-fragmented="58914" macro-fragmented="35508">
      <mem type="soa" free="9297536" total="15247360" percent="60" />
      <mem type="loa" free="0" total="153600" percent="0" />
    </mem>
  </mem-info>
</gc-end>
<cycle-end id="5655" type="global" contextid="5648" timestamp="2019-07-02T23:04:55.552">
  <attribute name="GC Util" value="193" />
  <attribute name="CPU Util" value="14490332372018" />
  <attribute name="Time Running"value="6186"/>
  <attribute name="Number of cores"value="4"/>
</cycle-end>
<allocation-satisfied id="5656" threadId="0000000001130D00" bytesRequested="40" />
<af-end id="5657" timestamp="2019-07-02T23:04:55.552" threadId="0000000001131688" success="true" />
<exclusive-end id="5658" timestamp="2019-07-02T23:04:55.552" durationms="2.821" />

<exclusive-start id="5659" timestamp="2019-07-02T23:04:55.557" intervalms="7.747">
  <response-info timems="0.021" idlems="0.021" threads="0" lastid="000000000112D100" lastname="Thread-8" />
</exclusive-start>
<af-start id="5660" threadId="000000000112DA88" totalBytesRequested="40" timestamp="2019-07-02T23:04:55.557" intervalms="7.775" />
<cycle-start id="5661" type="global" contextid="0" timestamp="2019-07-02T23:04:55.557" intervalms="7.778" />
  <attribute name="GC Util" value="193" />
  <attribute name="CPU Util" value="14490332372018" />
  <attribute name="Time Running"value="6186"/>
  <attribute name="Number of cores"value="4"/>
<gc-start id="5662" type="global" contextid="5661" timestamp="2019-07-02T23:04:55.557">
  <mem-info id="5663" free="0" total="15400960" percent="0">
    <mem type="tenure" free="0" total="15400960" percent="0">
      <mem type="soa" free="0" total="15247360" percent="0" />
      <mem type="loa" free="0" total="153600" percent="0" />
    </mem>
  </mem-info>
</gc-start>
<allocation-stats totalBytes="9286936" >
  <allocated-bytes non-tlh="0" tlh="9286936" />
  <largest-consumer threadName="Thread-9" threadId="0000000001130D00" bytes="2535936" />
</allocation-stats>
<gc-op id="5664" type="mark" timems="2.231" contextid="5661" timestamp="2019-07-02T23:04:55.559">
  <trace-info objectcount="66741" scancount="59157" scanbytes="2293148" />
  <finalization candidates="124" enqueued="0" />
  <ownableSynchronizers candidates="3" cleared="0" />
  <references type="soft" candidates="84" cleared="0" enqueued="0" dynamicThreshold="19" maxThreshold="32" />
  <references type="weak" candidates="774" cleared="0" enqueued="0" />
  <references type="phantom" candidates="63" cleared="0" enqueued="0" />
  <stringconstants candidates="4574" cleared="0"  />
</gc-op>
<gc-op id="5665" type="sweep" timems="0.838" contextid="5661" timestamp="2019-07-02T23:04:55.560" />
<heap-resize id="5666" type="expand" space="tenure" amount="1048576" count="1" timems="0.054" reason="excessive time being spent in gc" timestamp="2019-07-02T23:04:55.560" />
<gc-end id="5667" type="global" contextid="5661" durationms="3.555" usertimems="8.000" systemtimems="0.000" timestamp="2019-07-02T23:04:55.561" activeThreads="4">
  <mem-info id="5668" free="10275640" total="16449536" percent="62">
    <mem type="tenure" free="10275640" total="16449536" percent="62" micro-fragmented="65640" macro-fragmented="17552">
      <mem type="soa" free="10111800" total="16285696" percent="62" />
      <mem type="loa" free="163840" total="163840" percent="100" />
    </mem>
  </mem-info>
</gc-end>
<cycle-end id="5669" type="global" contextid="5661" timestamp="2019-07-02T23:04:55.561">
  <attribute name="GC Util" value="254" />
  <attribute name="CPU Util" value="7964588560258" />
  <attribute name="Time Running"value="6195"/>
  <attribute name="Number of cores"value="4"/>
</cycle-end>
<allocation-satisfied id="5670" threadId="000000000112D100" bytesRequested="40" />
<af-end id="5671" timestamp="2019-07-02T23:04:55.561" threadId="000000000112DA88" success="true" />
<exclusive-end id="5672" timestamp="2019-07-02T23:04:55.561" durationms="4.194" />

<exclusive-start id="5673" timestamp="2019-07-02T23:04:55.566" intervalms="9.482">
  <response-info timems="0.024" idlems="0.024" threads="0" lastid="0000000001134900" lastname="Thread-7" />
</exclusive-start>
<af-start id="5674" threadId="0000000001135288" totalBytesRequested="40" timestamp="2019-07-02T23:04:55.566" intervalms="9.401" />
<cycle-start id="5675" type="global" contextid="0" timestamp="2019-07-02T23:04:55.566" intervalms="9.404" />
  <attribute name="GC Util" value="254" />
  <attribute name="CPU Util" value="7964588560258" />
  <attribute name="Time Running"value="6195"/>
  <attribute name="Number of cores"value="4"/>
<gc-start id="5676" type="global" contextid="5675" timestamp="2019-07-02T23:04:55.566">
  <mem-info id="5677" free="163840" total="16449536" percent="0">
    <mem type="tenure" free="163840" total="16449536" percent="0">
      <mem type="soa" free="0" total="16285696" percent="0" />
      <mem type="loa" free="163840" total="163840" percent="100" />
    </mem>
  </mem-info>
</gc-start>
<allocation-stats totalBytes="10098088" >
  <allocated-bytes non-tlh="0" tlh="10098088" />
  <largest-consumer threadName="Thread-9" threadId="0000000001130D00" bytes="2678472" />
</allocation-stats>
<gc-op id="5678" type="mark" timems="1.759" contextid="5675" timestamp="2019-07-02T23:04:55.568">
  <trace-info objectcount="67748" scancount="60203" scanbytes="2317380" />
  <finalization candidates="124" enqueued="0" />
  <ownableSynchronizers candidates="3" cleared="0" />
  <references type="soft" candidates="84" cleared="0" enqueued="0" dynamicThreshold="19" maxThreshold="32" />
  <references type="weak" candidates="774" cleared="0" enqueued="0" />
  <references type="phantom" candidates="63" cleared="0" enqueued="0" />
  <stringconstants candidates="4574" cleared="0"  />
</gc-op>
<gc-op id="5679" type="sweep" timems="0.918" contextid="5675" timestamp="2019-07-02T23:04:55.569" />
<gc-end id="5680" type="global" contextid="5675" durationms="3.149" usertimems="8.000" systemtimems="0.000" timestamp="2019-07-02T23:04:55.570" activeThreads="4">
  <mem-info id="5681" free="10341816" total="16449536" percent="62">
    <mem type="tenure" free="10341816" total="16449536" percent="62" micro-fragmented="105113" macro-fragmented="0">
      <mem type="soa" free="10177976" total="16285696" percent="62" />
      <mem type="loa" free="163840" total="163840" percent="100" />
    </mem>
  </mem-info>
</gc-end>
<cycle-end id="5682" type="global" contextid="5675" timestamp="2019-07-02T23:04:55.570">
  <attribute name="GC Util" value="221" />
  <attribute name="CPU Util" value="9941442243677" />
  <attribute name="Time Running"value="6204"/>
  <attribute name="Number of cores"value="4"/>
</cycle-end>
<allocation-satisfied id="5683" threadId="0000000001134900" bytesRequested="40" />
<af-end id="5684" timestamp="2019-07-02T23:04:55.570" threadId="0000000001135288" success="true" />
<exclusive-end id="5685" timestamp="2019-07-02T23:04:55.570" durationms="3.868" />

<exclusive-start id="5686" timestamp="2019-07-02T23:04:55.575" intervalms="9.042">
  <response-info timems="0.025" idlems="0.025" threads="0" lastid="000000000112D100" lastname="Thread-8" />
</exclusive-start>
<af-start id="5687" threadId="000000000112DA88" totalBytesRequested="40" timestamp="2019-07-02T23:04:55.575" intervalms="9.035" />
<cycle-start id="5688" type="global" contextid="0" timestamp="2019-07-02T23:04:55.575" intervalms="8.982" />
  <attribute name="GC Util" value="221" />
  <attribute name="CPU Util" value="9941442243677" />
  <attribute name="Time Running"value="6204"/>
  <attribute name="Number of cores"value="4"/>
<gc-start id="5689" type="global" contextid="5688" timestamp="2019-07-02T23:04:55.575">
  <mem-info id="5690" free="163840" total="16449536" percent="0">
    <mem type="tenure" free="163840" total="16449536" percent="0">
      <mem type="soa" free="0" total="16285696" percent="0" />
      <mem type="loa" free="163840" total="163840" percent="100" />
    </mem>
  </mem-info>
</gc-start>
<allocation-stats totalBytes="10162968" >
  <allocated-bytes non-tlh="0" tlh="10162968" />
  <largest-consumer threadName="Thread-9" threadId="0000000001130D00" bytes="2938408" />
</allocation-stats>
<gc-op id="5691" type="mark" timems="1.798" contextid="5688" timestamp="2019-07-02T23:04:55.577">
  <trace-info objectcount="68899" scancount="61334" scanbytes="2345244" />
  <finalization candidates="124" enqueued="0" />
  <ownableSynchronizers candidates="3" cleared="0" />
  <references type="soft" candidates="84" cleared="0" enqueued="0" dynamicThreshold="20" maxThreshold="32" />
  <references type="weak" candidates="774" cleared="0" enqueued="0" />
  <references type="phantom" candidates="63" cleared="0" enqueued="0" />
  <stringconstants candidates="4574" cleared="0"  />
</gc-op>
<gc-op id="5692" type="sweep" timems="0.889" contextid="5688" timestamp="2019-07-02T23:04:55.578" />
<gc-end id="5693" type="global" contextid="5688" durationms="2.998" usertimems="8.000" systemtimems="0.000" timestamp="2019-07-02T23:04:55.578" activeThreads="4">
  <mem-info id="5694" free="10237712" total="16449536" percent="62">
    <mem type="tenure" free="10237712" total="16449536" percent="62" micro-fragmented="93524" macro-fragmented="9654">
      <mem type="soa" free="10073872" total="16285696" percent="61" />
      <mem type="loa" free="163840" total="163840" percent="100" />
    </mem>
  </mem-info>
</gc-end>
<cycle-end id="5695" type="global" contextid="5688" timestamp="2019-07-02T23:04:55.578">
  <attribute name="GC Util" value="246" />
  <attribute name="CPU Util" value="9777569391998" />
  <attribute name="Time Running"value="6213"/>
  <attribute name="Number of cores"value="4"/>
</cycle-end>
<allocation-satisfied id="5696" threadId="000000000112D100" bytesRequested="40" />
<af-end id="5697" timestamp="2019-07-02T23:04:55.579" threadId="000000000112DA88" success="true" />
<exclusive-end id="5698" timestamp="2019-07-02T23:04:55.579" durationms="3.501" />

<exclusive-start id="5699" timestamp="2019-07-02T23:04:55.584" intervalms="8.943">
  <response-info timems="0.022" idlems="0.022" threads="1" lastid="0000000001129500" lastname="Thread-10" />
</exclusive-start>
<af-start id="5700" threadId="0000000001135288" totalBytesRequested="40" timestamp="2019-07-02T23:04:55.584" intervalms="8.952" />
<cycle-start id="5701" type="global" contextid="0" timestamp="2019-07-02T23:04:55.584" intervalms="8.997" />
  <attribute name="GC Util" value="246" />
  <attribute name="CPU Util" value="9777569391998" />
  <attribute name="Time Running"value="6213"/>
  <attribute name="Number of cores"value="4"/>
<gc-start id="5702" type="global" contextid="5701" timestamp="2019-07-02T23:04:55.584">
  <mem-info id="5703" free="163840" total="16449536" percent="0">
    <mem type="tenure" free="163840" total="16449536" percent="0">
      <mem type="soa" free="0" total="16285696" percent="0" />
      <mem type="loa" free="163840" total="163840" percent="100" />
    </mem>
  </mem-info>
</gc-start>
<allocation-stats totalBytes="10057704" >
  <allocated-bytes non-tlh="0" tlh="10057704" />
  <largest-consumer threadName="Thread-9" threadId="0000000001130D00" bytes="2744224" />
</allocation-stats>
<gc-op id="5704" type="mark" timems="2.267" contextid="5701" timestamp="2019-07-02T23:04:55.587">
  <trace-info objectcount="70041" scancount="62470" scanbytes="2372620" />
  <finalization candidates="124" enqueued="0" />
  <ownableSynchronizers candidates="3" cleared="0" />
  <references type="soft" candidates="84" cleared="0" enqueued="0" dynamicThreshold="19" maxThreshold="32" />
  <references type="weak" candidates="774" cleared="0" enqueued="0" />
  <references type="phantom" candidates="63" cleared="0" enqueued="0" />
  <stringconstants candidates="4574" cleared="0"  />
</gc-op>
<gc-op id="5705" type="sweep" timems="0.931" contextid="5701" timestamp="2019-07-02T23:04:55.588" />
<heap-resize id="5706" type="contract" space="tenure" amount="131072" count="1" timems="0.069" reason="excess free space following gc" timestamp="2019-07-02T23:04:55.588" />
<gc-end id="5707" type="global" contextid="5701" durationms="3.772" usertimems="8.000" systemtimems="0.000" timestamp="2019-07-02T23:04:55.588" activeThreads="4">
  <mem-info id="5708" free="9823704" total="16318464" percent="60">
    <mem type="tenure" free="9823704" total="16318464" percent="60" micro-fragmented="78895" macro-fragmented="19462">
      <mem type="soa" free="9823704" total="16155648" percent="60" />
      <mem type="loa" free="0" total="162816" percent="0" />
    </mem>
  </mem-info>
</gc-end>
<cycle-end id="5709" type="global" contextid="5701" timestamp="2019-07-02T23:04:55.588">
  <attribute name="GC Util" value="259" />
  <attribute name="CPU Util" value="7805826053091" />
  <attribute name="Time Running"value="6222"/>
  <attribute name="Number of cores"value="4"/>
</cycle-end>
<allocation-satisfied id="5710" threadId="0000000001134900" bytesRequested="40" />
<af-end id="5711" timestamp="2019-07-02T23:04:55.589" threadId="0000000001135288" success="true" />
<exclusive-end id="5712" timestamp="2019-07-02T23:04:55.589" durationms="4.528" />

<exclusive-start id="5713" timestamp="2019-07-02T23:04:55.594" intervalms="9.961">
  <response-info timems="0.022" idlems="0.020" threads="1" lastid="000000000112D100" lastname="Thread-8" />
</exclusive-start>
<af-start id="5714" threadId="0000000001129E88" totalBytesRequested="40" timestamp="2019-07-02T23:04:55.594" intervalms="9.993" />
<cycle-start id="5715" type="global" contextid="0" timestamp="2019-07-02T23:04:55.594" intervalms="10.014" />
  <attribute name="GC Util" value="259" />
  <attribute name="CPU Util" value="7805826053091" />
  <attribute name="Time Running"value="6222"/>
  <attribute name="Number of cores"value="4"/>
<gc-start id="5716" type="global" contextid="5715" timestamp="2019-07-02T23:04:55.594">
  <mem-info id="5717" free="0" total="16318464" percent="0">
    <mem type="tenure" free="0" total="16318464" percent="0">
      <mem type="soa" free="0" total="16155648" percent="0" />
      <mem type="loa" free="0" total="162816" percent="0" />
    </mem>
  </mem-info>
</gc-start>
<allocation-stats totalBytes="9806160" >
  <allocated-bytes non-tlh="0" tlh="9806160" />
  <largest-consumer threadName="Thread-9" threadId="0000000001130D00" bytes="2825216" />
</allocation-stats>
<gc-op id="5718" type="mark" timems="2.185" contextid="5715" timestamp="2019-07-02T23:04:55.597">
  <trace-info objectcount="71206" scancount="63624" scanbytes="2400324" />
  <finalization candidates="124" enqueued="0" />
  <ownableSynchronizers candidates="3" cleared="0" />
  <references type="soft" candidates="84" cleared="0" enqueued="0" dynamicThreshold="19" maxThreshold="32" />
  <references type="weak" candidates="774" cleared="0" enqueued="0" />
  <references type="phantom" candidates="63" cleared="0" enqueued="0" />
  <stringconstants candidates="4574" cleared="0"  />
</gc-op>
<gc-op id="5719" type="sweep" timems="0.801" contextid="5715" timestamp="2019-07-02T23:04:55.598" />
<gc-end id="5720" type="global" contextid="5715" durationms="3.361" usertimems="8.000" systemtimems="0.000" timestamp="2019-07-02T23:04:55.598" activeThreads="4">
  <mem-info id="5721" free="9814672" total="16318464" percent="60">
    <mem type="tenure" free="9814672" total="16318464" percent="60" micro-fragmented="108272" macro-fragmented="0">
      <mem type="soa" free="9705232" total="16155648" percent="60" />
      <mem type="loa" free="109440" total="162816" percent="67" />
    </mem>
  </mem-info>
</gc-end>
<cycle-end id="5722" type="global" contextid="5715" timestamp="2019-07-02T23:04:55.598">
  <attribute name="GC Util" value="247" />
  <attribute name="CPU Util" value="8104885511363" />
  <attribute name="Time Running"value="6232"/>
  <attribute name="Number of cores"value="4"/>
</cycle-end>
<allocation-satisfied id="5723" threadId="0000000001129500" bytesRequested="40" />
<af-end id="5724" timestamp="2019-07-02T23:04:55.598" threadId="0000000001129E88" success="true" />
<exclusive-end id="5725" timestamp="2019-07-02T23:04:55.598" durationms="4.125" />

<exclusive-start id="5726" timestamp="2019-07-02T23:04:55.604" intervalms="9.485">
  <response-info timems="0.022" idlems="0.022" threads="0" lastid="000000000112D100" lastname="Thread-8" />
</exclusive-start>
<af-start id="5727" threadId="000000000112DA88" totalBytesRequested="40" timestamp="2019-07-02T23:04:55.604" intervalms="9.477" />
<cycle-start id="5728" type="global" contextid="0" timestamp="2019-07-02T23:04:55.604" intervalms="9.456" />
  <attribute name="GC Util" value="247" />
  <attribute name="CPU Util" value="8104885511363" />
  <attribute name="Time Running"value="6232"/>
  <attribute name="Number of cores"value="4"/>
<gc-start id="5729" type="global" contextid="5728" timestamp="2019-07-02T23:04:55.604">
  <mem-info id="5730" free="109440" total="16318464" percent="0">
    <mem type="tenure" free="109440" total="16318464" percent="0">
      <mem type="soa" free="0" total="16155648" percent="0" />
      <mem type="loa" free="109440" total="162816" percent="67" />
    </mem>
  </mem-info>
</gc-start>
<allocation-stats totalBytes="9686240" >
  <allocated-bytes non-tlh="0" tlh="9686240" />
  <largest-consumer threadName="Thread-9" threadId="0000000001130D00" bytes="2738448" />
</allocation-stats>
<gc-op id="5731" type="mark" timems="2.537" contextid="5728" timestamp="2019-07-02T23:04:55.606">
  <trace-info objectcount="72271" scancount="64691" scanbytes="2425964" />
  <finalization candidates="124" enqueued="0" />
  <ownableSynchronizers candidates="3" cleared="0" />
  <references type="soft" candidates="84" cleared="0" enqueued="0" dynamicThreshold="19" maxThreshold="32" />
  <references type="weak" candidates="774" cleared="0" enqueued="0" />
  <references type="phantom" candidates="63" cleared="0" enqueued="0" />
  <stringconstants candidates="4574" cleared="0"  />
</gc-op>
<gc-op id="5732" type="sweep" timems="0.954" contextid="5728" timestamp="2019-07-02T23:04:55.608" />
<heap-resize id="5733" type="expand" space="tenure" amount="1048576" count="1" timems="0.078" reason="excessive time being spent in gc" timestamp="2019-07-02T23:04:55.608" />
<gc-end id="5734" type="global" contextid="5728" durationms="3.938" usertimems="8.000" systemtimems="0.000" timestamp="2019-07-02T23:04:55.608" activeThreads="4">
  <mem-info id="5735" free="10741120" total="17367040" percent="61">
    <mem type="tenure" free="10741120" total="17367040" percent="61" micro-fragmented="144903" macro-fragmented="0">
      <mem type="soa" free="10568064" total="17193984" percent="61" />
      <mem type="loa" free="173056" total="173056" percent="100" />
    </mem>
  </mem-info>
</gc-end>
<cycle-end id="5736" type="global" contextid="5728" timestamp="2019-07-02T23:04:55.608">
  <attribute name="GC Util" value="256" />
  <attribute name="CPU Util" value="7004976400519" />
  <attribute name="Time Running"value="6242"/>
  <attribute name="Number of cores"value="4"/>
</cycle-end>
<allocation-satisfied id="5737" threadId="000000000112D100" bytesRequested="40" />
<af-end id="5738" timestamp="2019-07-02T23:04:55.608" threadId="000000000112DA88" success="true" />
<exclusive-end id="5739" timestamp="2019-07-02T23:04:55.608" durationms="4.507" />

<exclusive-start id="5740" timestamp="2019-07-02T23:04:55.614" intervalms="10.458">
  <response-info timems="0.022" idlems="0.022" threads="0" lastid="000000000112D100" lastname="Thread-8" />
</exclusive-start>
<af-start id="5741" threadId="000000000112DA88" totalBytesRequested="40" timestamp="2019-07-02T23:04:55.614" intervalms="10.416" />
<cycle-start id="5742" type="global" contextid="0" timestamp="2019-07-02T23:04:55.614" intervalms="10.411" />
  <attribute name="GC Util" value="256" />
  <attribute name="CPU Util" value="7004976400519" />
  <attribute name="Time Running"value="6242"/>
  <attribute name="Number of cores"value="4"/>
<gc-start id="5743" type="global" contextid="5742" timestamp="2019-07-02T23:04:55.614">
  <mem-info id="5744" free="173056" total="17367040" percent="0">
    <mem type="tenure" free="173056" total="17367040" percent="0">
      <mem type="soa" free="0" total="17193984" percent="0" />
      <mem type="loa" free="173056" total="173056" percent="100" />
    </mem>
  </mem-info>
</gc-start>
<allocation-stats totalBytes="10548664" >
  <allocated-bytes non-tlh="0" tlh="10548664" />
  <largest-consumer threadName="Thread-9" threadId="0000000001130D00" bytes="2999744" />
</allocation-stats>
<gc-op id="5745" type="mark" timems="2.224" contextid="5742" timestamp="2019-07-02T23:04:55.617">
  <trace-info objectcount="73665" scancount="66105" scanbytes="2459644" />
  <finalization candidates="124" enqueued="0" />
  <ownableSynchronizers candidates="3" cleared="0" />
  <references type="soft" candidates="84" cleared="0" enqueued="0" dynamicThreshold="19" maxThreshold="32" />
  <references type="weak" candidates="774" cleared="0" enqueued="0" />
  <references type="phantom" candidates="63" cleared="0" enqueued="0" />
  <stringconstants candidates="4574" cleared="0"  />
</gc-op>
<gc-op id="5746" type="sweep" timems="0.968" contextid="5742" timestamp="2019-07-02T23:04:55.618" />
<gc-end id="5747" type="global" contextid="5742" durationms="3.552" usertimems="8.000" systemtimems="0.000" timestamp="2019-07-02T23:04:55.618" activeThreads="4">
  <mem-info id="5748" free="10641856" total="17367040" percent="61">
    <mem type="tenure" free="10641856" total="17367040" percent="61" micro-fragmented="236044" macro-fragmented="0">
      <mem type="soa" free="10468800" total="17193984" percent="60" />
      <mem type="loa" free="173056" total="173056" percent="100" />
    </mem>
  </mem-info>
</gc-end>
<cycle-end id="5749" type="global" contextid="5742" timestamp="2019-07-02T23:04:55.618">
  <attribute name="GC Util" value="250" />
  <attribute name="CPU Util" value="7960216805045" />
  <attribute name="Time Running"value="6252"/>
  <attribute name="Number of cores"value="4"/>
</cycle-end>
<allocation-satisfied id="5750" threadId="000000000112D100" bytesRequested="40" />
<af-end id="5751" timestamp="2019-07-02T23:04:55.618" threadId="000000000112DA88" success="true" />
<exclusive-end id="5752" timestamp="2019-07-02T23:04:55.618" durationms="4.044" />

<exclusive-start id="5753" timestamp="2019-07-02T23:04:55.624" intervalms="10.019">
  <response-info timems="0.021" idlems="0.021" threads="0" lastid="000000000112D100" lastname="Thread-8" />
</exclusive-start>
<af-start id="5754" threadId="000000000112DA88" totalBytesRequested="40" timestamp="2019-07-02T23:04:55.624" intervalms="10.060" />
<cycle-start id="5755" type="global" contextid="0" timestamp="2019-07-02T23:04:55.624" intervalms="10.061" />
  <attribute name="GC Util" value="250" />
  <attribute name="CPU Util" value="7960216805045" />
  <attribute name="Time Running"value="6252"/>
  <attribute name="Number of cores"value="4"/>
<gc-start id="5756" type="global" contextid="5755" timestamp="2019-07-02T23:04:55.624">
  <mem-info id="5757" free="173056" total="17367040" percent="0">
    <mem type="tenure" free="173056" total="17367040" percent="0">
      <mem type="soa" free="0" total="17193984" percent="0" />
      <mem type="loa" free="173056" total="173056" percent="100" />
    </mem>
  </mem-info>
</gc-start>
<allocation-stats totalBytes="10447480" >
  <allocated-bytes non-tlh="0" tlh="10447480" />
  <largest-consumer threadName="Thread-9" threadId="0000000001130D00" bytes="2937768" />
</allocation-stats>
<gc-op id="5758" type="mark" timems="2.099" contextid="5755" timestamp="2019-07-02T23:04:55.627">
  <trace-info objectcount="75012" scancount="67453" scanbytes="2491732" />
  <finalization candidates="124" enqueued="0" />
  <ownableSynchronizers candidates="3" cleared="0" />
  <references type="soft" candidates="84" cleared="0" enqueued="0" dynamicThreshold="19" maxThreshold="32" />
  <references type="weak" candidates="774" cleared="0" enqueued="0" />
  <references type="phantom" candidates="63" cleared="0" enqueued="0" />
  <stringconstants candidates="4574" cleared="0"  />
</gc-op>
<gc-op id="5759" type="sweep" timems="0.981" contextid="5755" timestamp="2019-07-02T23:04:55.628" />
<gc-end id="5760" type="global" contextid="5755" durationms="3.357" usertimems="8.000" systemtimems="0.000" timestamp="2019-07-02T23:04:55.628" activeThreads="4">
  <mem-info id="5761" free="10481616" total="17367040" percent="60">
    <mem type="tenure" free="10481616" total="17367040" percent="60" micro-fragmented="307641" macro-fragmented="0">
      <mem type="soa" free="10308560" total="17193984" percent="59" />
      <mem type="loa" free="173056" total="173056" percent="100" />
    </mem>
  </mem-info>
</gc-end>
<cycle-end id="5762" type="global" contextid="5755" timestamp="2019-07-02T23:04:55.628">
  <attribute name="GC Util" value="250" />
  <attribute name="CPU Util" value="8422547618889" />
  <attribute name="Time Running"value="6262"/>
  <attribute name="Number of cores"value="4"/>
</cycle-end>
<allocation-satisfied id="5763" threadId="000000000112D100" bytesRequested="40" />
<af-end id="5764" timestamp="2019-07-02T23:04:55.628" threadId="000000000112DA88" success="true" />
<exclusive-end id="5765" timestamp="2019-07-02T23:04:55.628" durationms="3.936" />

<exclusive-start id="5766" timestamp="2019-07-02T23:04:55.634" intervalms="9.695">
  <response-info timems="0.028" idlems="0.028" threads="1" lastid="0000000001129500" lastname="Thread-10" />
</exclusive-start>
<af-start id="5767" threadId="0000000001131688" totalBytesRequested="40" timestamp="2019-07-02T23:04:55.634" intervalms="9.732" />
<cycle-start id="5768" type="global" contextid="0" timestamp="2019-07-02T23:04:55.634" intervalms="9.750" />
  <attribute name="GC Util" value="250" />
  <attribute name="CPU Util" value="8422547618889" />
  <attribute name="Time Running"value="6262"/>
  <attribute name="Number of cores"value="4"/>
<gc-start id="5769" type="global" contextid="5768" timestamp="2019-07-02T23:04:55.634">
  <mem-info id="5770" free="173056" total="17367040" percent="0">
    <mem type="tenure" free="173056" total="17367040" percent="0">
      <mem type="soa" free="0" total="17193984" percent="0" />
      <mem type="loa" free="173056" total="173056" percent="100" />
    </mem>
  </mem-info>
</gc-start>
<allocation-stats totalBytes="10285392" >
  <allocated-bytes non-tlh="19056" tlh="10266336" />
  <largest-consumer threadName="Thread-9" threadId="0000000001130D00" bytes="2735192" />
</allocation-stats>
<gc-op id="5771" type="mark" timems="1.139" contextid="5768" timestamp="2019-07-02T23:04:55.635">
  <trace-info objectcount="71409" scancount="63837" scanbytes="2404876" />
  <finalization candidates="124" enqueued="0" />
  <ownableSynchronizers candidates="3" cleared="0" />
  <references type="soft" candidates="84" cleared="0" enqueued="0" dynamicThreshold="19" maxThreshold="32" />
  <references type="weak" candidates="774" cleared="0" enqueued="0" />
  <references type="phantom" candidates="63" cleared="0" enqueued="0" />
  <stringconstants candidates="4574" cleared="0"  />
</gc-op>
<gc-op id="5772" type="sweep" timems="0.471" contextid="5768" timestamp="2019-07-02T23:04:55.636" />
<heap-resize id="5773" type="contract" space="tenure" amount="131072" count="1" timems="0.078" reason="excess free space following gc" timestamp="2019-07-02T23:04:55.636" />
<gc-end id="5774" type="global" contextid="5768" durationms="2.011" usertimems="4.000" systemtimems="0.000" timestamp="2019-07-02T23:04:55.636" activeThreads="4">
  <mem-info id="5775" free="10485536" total="17235968" percent="60">
    <mem type="tenure" free="10485536" total="17235968" percent="60" micro-fragmented="147936" macro-fragmented="22790">
      <mem type="soa" free="10485536" total="17063936" percent="61" />
      <mem type="loa" free="0" total="172032" percent="0" />
    </mem>
  </mem-info>
</gc-end>
<cycle-end id="5776" type="global" contextid="5768" timestamp="2019-07-02T23:04:55.636">
  <attribute name="GC Util" value="228" />
  <attribute name="CPU Util" value="15475663881044" />
  <attribute name="Time Running"value="6271"/>
  <attribute name="Number of cores"value="4"/>
</cycle-end>
<allocation-satisfied id="5777" threadId="0000000001130D00" bytesRequested="40" />
<af-end id="5778" timestamp="2019-07-02T23:04:55.636" threadId="0000000001131688" success="true" />
<exclusive-end id="5779" timestamp="2019-07-02T23:04:55.637" durationms="2.841" />

<exclusive-start id="5780" timestamp="2019-07-02T23:04:55.642" intervalms="8.266">
  <response-info timems="0.026" idlems="0.025" threads="1" lastid="000000000112D100" lastname="Thread-8" />
</exclusive-start>
<af-start id="5781" threadId="0000000001135288" totalBytesRequested="40" timestamp="2019-07-02T23:04:55.642" intervalms="8.249" />
<cycle-start id="5782" type="global" contextid="0" timestamp="2019-07-02T23:04:55.642" intervalms="8.262" />
  <attribute name="GC Util" value="228" />
  <attribute name="CPU Util" value="15475663881044" />
  <attribute name="Time Running"value="6271"/>
  <attribute name="Number of cores"value="4"/>
<gc-start id="5783" type="global" contextid="5782" timestamp="2019-07-02T23:04:55.642">
  <mem-info id="5784" free="0" total="17235968" percent="0">
    <mem type="tenure" free="0" total="17235968" percent="0">
      <mem type="soa" free="0" total="17063936" percent="0" />
      <mem type="loa" free="0" total="172032" percent="0" />
    </mem>
  </mem-info>
</gc-start>
<allocation-stats totalBytes="10461080" >
  <allocated-bytes non-tlh="23160" tlh="10437920" />
  <largest-consumer threadName="Thread-9" threadId="0000000001130D00" bytes="2973504" />
</allocation-stats>
<gc-op id="5785" type="mark" timems="1.905" contextid="5782" timestamp="2019-07-02T23:04:55.644">
  <trace-info objectcount="67971" scancount="60402" scanbytes="2322540" />
  <finalization candidates="124" enqueued="0" />
  <ownableSynchronizers candidates="3" cleared="0" />
  <references type="soft" candidates="84" cleared="0" enqueued="0" dynamicThreshold="19" maxThreshold="32" />
  <references type="weak" candidates="774" cleared="0" enqueued="0" />
  <references type="phantom" candidates="63" cleared="0" enqueued="0" />
  <stringconstants candidates="4574" cleared="0"  />
</gc-op>
<gc-op id="5786" type="sweep" timems="0.900" contextid="5782" timestamp="2019-07-02T23:04:55.645" />
<mem-info id="5787" free="10898856" total="17235968" percent="63">
  <mem type="tenure" free="10898856" total="17235968" percent="63" micro-fragmented="128429" macro-fragmented="22725">
    <mem type="soa" free="10832032" total="17063936" percent="63" />
    <mem type="loa" free="66824" total="172032" percent="38" />
  </mem>
</mem-info>
<gc-op id="5788" type="compact" timems="5.415" contextid="5782" timestamp="2019-07-02T23:04:55.651">
  <compact-info movecount="28232" movebytes="1228240" reason="compact to aid heap contraction" />
</gc-op>
<heap-resize id="5789" type="contract" space="tenure" amount="131072" count="1" timems="0.081" reason="excess free space following gc" timestamp="2019-07-02T23:04:55.651" />
<gc-end id="5790" type="global" contextid="5782" durationms="9.081" usertimems="16.000" systemtimems="0.000" timestamp="2019-07-02T23:04:55.651" activeThreads="4">
  <mem-info id="5791" free="11206488" total="17104896" percent="65">
    <mem type="tenure" free="11206488" total="17104896" percent="65">
      <mem type="soa" free="11076440" total="16933888" percent="65" />
      <mem type="loa" free="130048" total="171008" percent="76" />
    </mem>
  </mem-info>
</gc-end>
<cycle-end id="5792" type="global" contextid="5782" timestamp="2019-07-02T23:04:55.652">
  <attribute name="GC Util" value="127" />
  <attribute name="CPU Util" value="16011825440981" />
  <attribute name="Time Running"value="6281"/>
  <attribute name="Number of cores"value="4"/>
</cycle-end>
<allocation-satisfied id="5793" threadId="0000000001134900" bytesRequested="40" />
<af-end id="5794" timestamp="2019-07-02T23:04:55.652" threadId="0000000001135288" success="true" />
<exclusive-end id="5795" timestamp="2019-07-02T23:04:55.652" durationms="9.915" />

<exclusive-start id="5796" timestamp="2019-07-02T23:04:55.657" intervalms="15.438">
  <response-info timems="0.028" idlems="0.028" threads="0" lastid="000000000112D100" lastname="Thread-8" />
</exclusive-start>
<af-start id="5797" threadId="000000000112DA88" totalBytesRequested="40" timestamp="2019-07-02T23:04:55.658" intervalms="15.427" />
<cycle-start id="5798" type="global" contextid="0" timestamp="2019-07-02T23:04:55.658" intervalms="15.401" />
  <attribute name="GC Util" value="127" />
  <attribute name="CPU Util" value="16011825440981" />
  <attribute name="Time Running"value="6281"/>
  <attribute name="Number of cores"value="4"/>
<gc-start id="5799" type="global" contextid="5798" timestamp="2019-07-02T23:04:55.658">
  <mem-info id="5800" free="130048" total="17104896" percent="0">
    <mem type="tenure" free="130048" total="17104896" percent="0">
      <mem type="soa" free="0" total="16933888" percent="0" />
      <mem type="loa" free="130048" total="171008" percent="76" />
    </mem>
  </mem-info>
</gc-start>
<allocation-stats totalBytes="11141640" >
  <allocated-bytes non-tlh="0" tlh="11141640" />
  <largest-consumer threadName="Thread-8" threadId="000000000112D100" bytes="2851640" />
</allocation-stats>
<gc-op id="5801" type="mark" timems="2.255" contextid="5798" timestamp="2019-07-02T23:04:55.660">
  <trace-info objectcount="64890" scancount="57318" scanbytes="2248884" />
  <finalization candidates="124" enqueued="0" />
  <ownableSynchronizers candidates="3" cleared="0" />
  <references type="soft" candidates="84" cleared="0" enqueued="0" dynamicThreshold="20" maxThreshold="32" />
  <references type="weak" candidates="774" cleared="0" enqueued="0" />
  <references type="phantom" candidates="63" cleared="0" enqueued="0" />
  <stringconstants candidates="4574" cleared="0"  />
</gc-op>
<gc-op id="5802" type="sweep" timems="0.921" contextid="5798" timestamp="2019-07-02T23:04:55.661" />
<heap-resize id="5803" type="contract" space="tenure" amount="131072" count="1" timems="0.046" reason="excess free space following gc" timestamp="2019-07-02T23:04:55.661" />
<gc-end id="5804" type="global" contextid="5798" durationms="3.604" usertimems="12.000" systemtimems="0.000" timestamp="2019-07-02T23:04:55.661" activeThreads="4">
  <mem-info id="5805" free="11109232" total="16973824" percent="65">
    <mem type="tenure" free="11109232" total="16973824" percent="65" micro-fragmented="59045" macro-fragmented="0">
      <mem type="soa" free="10991192" total="16804864" percent="65" />
      <mem type="loa" free="118040" total="168960" percent="69" />
    </mem>
  </mem-info>
</gc-end>
<cycle-end id="5806" type="global" contextid="5798" timestamp="2019-07-02T23:04:55.661">
  <attribute name="GC Util" value="255" />
  <attribute name="CPU Util" value="7995270356461" />
  <attribute name="Time Running"value="6295"/>
  <attribute name="Number of cores"value="4"/>
</cycle-end>
<allocation-satisfied id="5807" threadId="000000000112D100" bytesRequested="40" />
<af-end id="5808" timestamp="2019-07-02T23:04:55.662" threadId="000000000112DA88" success="true" />
<exclusive-end id="5809" timestamp="2019-07-02T23:04:55.662" durationms="4.187" />

<exclusive-start id="5810" timestamp="2019-07-02T23:04:55.667" intervalms="9.722">
  <response-info timems="0.024" idlems="0.024" threads="0" lastid="0000000001129500" lastname="Thread-10" />
</exclusive-start>
<af-start id="5811" threadId="0000000001129E88" totalBytesRequested="40" timestamp="2019-07-02T23:04:55.667" intervalms="9.685" />
<cycle-start id="5812" type="global" contextid="0" timestamp="2019-07-02T23:04:55.667" intervalms="9.647" />
  <attribute name="GC Util" value="255" />
  <attribute name="CPU Util" value="7995270356461" />
  <attribute name="Time Running"value="6295"/>
  <attribute name="Number of cores"value="4"/>
<gc-start id="5813" type="global" contextid="5812" timestamp="2019-07-02T23:04:55.667">
  <mem-info id="5814" free="118040" total="16973824" percent="0">
    <mem type="tenure" free="118040" total="16973824" percent="0">
      <mem type="soa" free="0" total="16804864" percent="0" />
      <mem type="loa" free="118040" total="168960" percent="69" />
    </mem>
  </mem-info>
</gc-start>
<allocation-stats totalBytes="10989048" >
  <allocated-bytes non-tlh="0" tlh="10989048" />
  <largest-consumer threadName="Thread-8" threadId="000000000112D100" bytes="3035456" />
</allocation-stats>
<gc-op id="5815" type="mark" timems="1.922" contextid="5812" timestamp="2019-07-02T23:04:55.669">
  <trace-info objectcount="67892" scancount="60319" scanbytes="2321076" />
  <finalization candidates="124" enqueued="0" />
  <ownableSynchronizers candidates="3" cleared="0" />
  <references type="soft" candidates="84" cleared="0" enqueued="0" dynamicThreshold="20" maxThreshold="32" />
  <references type="weak" candidates="774" cleared="0" enqueued="0" />
  <references type="phantom" candidates="63" cleared="0" enqueued="0" />
  <stringconstants candidates="4574" cleared="0"  />
</gc-op>
<gc-op id="5816" type="sweep" timems="0.789" contextid="5812" timestamp="2019-07-02T23:04:55.670" />
<heap-resize id="5817" type="contract" space="tenure" amount="131072" count="1" timems="0.090" reason="excess free space following gc" timestamp="2019-07-02T23:04:55.671" />
<gc-end id="5818" type="global" contextid="5812" durationms="3.271" usertimems="4.000" systemtimems="4.000" timestamp="2019-07-02T23:04:55.671" activeThreads="4">
  <mem-info id="5819" free="10884952" total="16842752" percent="64">
    <mem type="tenure" free="10884952" total="16842752" percent="64" micro-fragmented="78119" macro-fragmented="38625">
      <mem type="soa" free="10776448" total="16674816" percent="64" />
      <mem type="loa" free="108504" total="167936" percent="64" />
    </mem>
  </mem-info>
</gc-end>
<cycle-end id="5820" type="global" contextid="5812" timestamp="2019-07-02T23:04:55.671">
  <attribute name="GC Util" value="256" />
  <attribute name="CPU Util" value="9153185241847" />
  <attribute name="Time Running"value="6305"/>
  <attribute name="Number of cores"value="4"/>
</cycle-end>
<allocation-satisfied id="5821" threadId="0000000001129500" bytesRequested="40" />
<af-end id="5822" timestamp="2019-07-02T23:04:55.671" threadId="0000000001129E88" success="true" />
<exclusive-end id="5823" timestamp="2019-07-02T23:04:55.671" durationms="3.932" />

<exclusive-start id="5824" timestamp="2019-07-02T23:04:55.677" intervalms="9.498">
  <response-info timems="0.023" idlems="0.022" threads="1" lastid="0000000001130D00" lastname="Thread-9" />
</exclusive-start>
<af-start id="5825" threadId="0000000001135288" totalBytesRequested="40" timestamp="2019-07-02T23:04:55.677" intervalms="9.551" />
<cycle-start id="5826" type="global" contextid="0" timestamp="2019-07-02T23:04:55.677" intervalms="9.613" />
  <attribute name="GC Util" value="256" />
  <attribute name="CPU Util" value="9153185241847" />
  <attribute name="Time Running"value="6305"/>
  <attribute name="Number of cores"value="4"/>
<gc-start id="5827" type="global" contextid="5826" timestamp="2019-07-02T23:04:55.677">
  <mem-info id="5828" free="108504" total="16842752" percent="0">
    <mem type="tenure" free="108504" total="16842752" percent="0">
      <mem type="soa" free="0" total="16674816" percent="0" />
      <mem type="loa" free="108504" total="167936" percent="64" />
    </mem>
  </mem-info>
</gc-start>
<allocation-stats totalBytes="10769408" >
  <allocated-bytes non-tlh="19056" tlh="10750352" />
  <largest-consumer threadName="Thread-10" threadId="0000000001129500" bytes="2860824" />
</allocation-stats>
<gc-op id="5829" type="mark" timems="2.053" contextid="5826" timestamp="2019-07-02T23:04:55.679">
  <trace-info objectcount="66787" scancount="59219" scanbytes="2294476" />
  <finalization candidates="124" enqueued="0" />
  <ownableSynchronizers candidates="3" cleared="0" />
  <references type="soft" candidates="84" cleared="0" enqueued="0" dynamicThreshold="20" maxThreshold="32" />
  <references type="weak" candidates="774" cleared="0" enqueued="0" />
  <references type="phantom" candidates="63" cleared="0" enqueued="0" />
  <stringconstants candidates="4574" cleared="0"  />
</gc-op>
<gc-op id="5830" type="sweep" timems="0.816" contextid="5826" timestamp="2019-07-02T23:04:55.680" />
<mem-info id="5831" free="10950512" total="16842752" percent="65">
  <mem type="tenure" free="10950512" total="16842752" percent="65" micro-fragmented="31715" macro-fragmented="3047">
    <mem type="soa" free="10833712" total="16674816" percent="64" />
    <mem type="loa" free="116800" total="167936" percent="69" />
  </mem>
</mem-info>
<gc-op id="5832" type="compact" timems="5.157" contextid="5826" timestamp="2019-07-02T23:04:55.686">
  <compact-info movecount="27048" movebytes="1200176" reason="compact to aid heap contraction" />
</gc-op>
<heap-resize id="5833" type="contract" space="tenure" amount="131072" count="1" timems="0.083" reason="excess free space following gc" timestamp="2019-07-02T23:04:55.686" />
<gc-end id="5834" type="global" contextid="5826" durationms="8.882" usertimems="16.000" systemtimems="0.000" timestamp="2019-07-02T23:04:55.686" activeThreads="4">
  <mem-info id="5835" free="10845432" total="16711680" percent="64">
    <mem type="tenure" free="10845432" total="16711680" percent="64">
      <mem type="soa" free="10715384" total="16544768" percent="64" />
      <mem type="loa" free="130048" total="166912" percent="77" />
    </mem>
  </mem-info>
</gc-end>
<cycle-end id="5836" type="global" contextid="5826" timestamp="2019-07-02T23:04:55.686">
  <attribute name="GC Util" value="135" />
  <attribute name="CPU Util" value="16534733310552" />
  <attribute name="Time Running"value="6316"/>
  <attribute name="Number of cores"value="4"/>
</cycle-end>
<allocation-satisfied id="5837" threadId="0000000001134900" bytesRequested="40" />
<af-end id="5838" timestamp="2019-07-02T23:04:55.686" threadId="0000000001135288" success="true" />
<exclusive-end id="5839" timestamp="2019-07-02T23:04:55.686" durationms="9.650" />

<exclusive-start id="5840" timestamp="2019-07-02T23:04:55.692" intervalms="15.326">
  <response-info timems="0.024" idlems="0.024" threads="0" lastid="000000000112D100" lastname="Thread-8" />
</exclusive-start>
<af-start id="5841" threadId="000000000112DA88" totalBytesRequested="40" timestamp="2019-07-02T23:04:55.692" intervalms="15.307" />
<cycle-start id="5842" type="global" contextid="0" timestamp="2019-07-02T23:04:55.692" intervalms="15.321" />
  <attribute name="GC Util" value="135" />
  <attribute name="CPU Util" value="16534733310552" />
  <attribute name="Time Running"value="6316"/>
  <attribute name="Number of cores"value="4"/>
<gc-start id="5843" type="global" contextid="5842" timestamp="2019-07-02T23:04:55.692">
  <mem-info id="5844" free="130048" total="16711680" percent="0">
    <mem type="tenure" free="130048" total="16711680" percent="0">
      <mem type="soa" free="0" total="16544768" percent="0" />
      <mem type="loa" free="130048" total="166912" percent="77" />
    </mem>
  </mem-info>
</gc-start>
<allocation-stats totalBytes="10778496" >
  <allocated-bytes non-tlh="0" tlh="10778496" />
  <largest-consumer threadName="Thread-10" threadId="0000000001129500" bytes="2883248" />
</allocation-stats>
<gc-op id="5845" type="mark" timems="1.964" contextid="5842" timestamp="2019-07-02T23:04:55.694">
  <trace-info objectcount="69937" scancount="62363" scanbytes="2370156" />
  <finalization candidates="124" enqueued="0" />
  <ownableSynchronizers candidates="3" cleared="0" />
  <references type="soft" candidates="84" cleared="0" enqueued="0" dynamicThreshold="20" maxThreshold="32" />
  <references type="weak" candidates="774" cleared="0" enqueued="0" />
  <references type="phantom" candidates="63" cleared="0" enqueued="0" />
  <stringconstants candidates="4574" cleared="0"  />
</gc-op>
<gc-op id="5846" type="sweep" timems="0.738" contextid="5842" timestamp="2019-07-02T23:04:55.695" />
<heap-resize id="5847" type="contract" space="tenure" amount="131072" count="1" timems="0.048" reason="excess free space following gc" timestamp="2019-07-02T23:04:55.695" />
<gc-end id="5848" type="global" contextid="5842" durationms="3.175" usertimems="8.000" systemtimems="0.000" timestamp="2019-07-02T23:04:55.696" activeThreads="4">
  <mem-info id="5849" free="10642512" total="16580608" percent="64">
    <mem type="tenure" free="10642512" total="16580608" percent="64" micro-fragmented="6433" macro-fragmented="26839">
      <mem type="soa" free="10564920" total="16415744" percent="64" />
      <mem type="loa" free="77592" total="164864" percent="47" />
    </mem>
  </mem-info>
</gc-end>
<cycle-end id="5850" type="global" contextid="5842" timestamp="2019-07-02T23:04:55.696">
  <attribute name="GC Util" value="246" />
  <attribute name="CPU Util" value="9001981630432" />
  <attribute name="Time Running"value="6330"/>
  <attribute name="Number of cores"value="4"/>
</cycle-end>
<allocation-satisfied id="5851" threadId="000000000112D100" bytesRequested="40" />
<af-end id="5852" timestamp="2019-07-02T23:04:55.696" threadId="000000000112DA88" success="true" />
<exclusive-end id="5853" timestamp="2019-07-02T23:04:55.696" durationms="3.807" />

<exclusive-start id="5854" timestamp="2019-07-02T23:04:55.702" intervalms="9.588">
  <response-info timems="0.042" idlems="0.040" threads="1" lastid="0000000001130D00" lastname="Thread-9" />
</exclusive-start>
<af-start id="5855" threadId="0000000001129E88" totalBytesRequested="24" timestamp="2019-07-02T23:04:55.702" intervalms="9.604" />
<cycle-start id="5856" type="global" contextid="0" timestamp="2019-07-02T23:04:55.702" intervalms="9.580" />
  <attribute name="GC Util" value="246" />
  <attribute name="CPU Util" value="9001981630432" />
  <attribute name="Time Running"value="6330"/>
  <attribute name="Number of cores"value="4"/>
<gc-start id="5857" type="global" contextid="5856" timestamp="2019-07-02T23:04:55.702">
  <mem-info id="5858" free="77592" total="16580608" percent="0">
    <mem type="tenure" free="77592" total="16580608" percent="0">
      <mem type="soa" free="0" total="16415744" percent="0" />
      <mem type="loa" free="77592" total="164864" percent="47" />
    </mem>
  </mem-info>
</gc-start>
<allocation-stats totalBytes="10562296" >
  <allocated-bytes non-tlh="19056" tlh="10543240" />
  <largest-consumer threadName="Thread-10" threadId="0000000001129500" bytes="2730912" />
</allocation-stats>
<gc-op id="5859" type="mark" timems="1.973" contextid="5856" timestamp="2019-07-02T23:04:55.704">
  <trace-info objectcount="66644" scancount="59078" scanbytes="2290964" />
  <finalization candidates="124" enqueued="0" />
  <ownableSynchronizers candidates="3" cleared="0" />
  <references type="soft" candidates="84" cleared="0" enqueued="0" dynamicThreshold="20" maxThreshold="32" />
  <references type="weak" candidates="774" cleared="0" enqueued="0" />
  <references type="phantom" candidates="63" cleared="0" enqueued="0" />
  <stringconstants candidates="4574" cleared="0"  />
</gc-op>
<gc-op id="5860" type="sweep" timems="0.760" contextid="5856" timestamp="2019-07-02T23:04:55.705" />
<heap-resize id="5861" type="contract" space="tenure" amount="131072" count="1" timems="0.070" reason="excess free space following gc" timestamp="2019-07-02T23:04:55.705" />
<gc-end id="5862" type="global" contextid="5856" durationms="3.206" usertimems="0.000" systemtimems="8.000" timestamp="2019-07-02T23:04:55.705" activeThreads="4">
  <mem-info id="5863" free="10447160" total="16449536" percent="63">
    <mem type="tenure" free="10447160" total="16449536" percent="63" micro-fragmented="82032" macro-fragmented="12312">
      <mem type="soa" free="10447160" total="16285696" percent="64" />
      <mem type="loa" free="0" total="163840" percent="0" />
    </mem>
  </mem-info>
</gc-end>
<cycle-end id="5864" type="global" contextid="5856" timestamp="2019-07-02T23:04:55.705">
  <attribute name="GC Util" value="243" />
  <attribute name="CPU Util" value="9104943860018" />
  <attribute name="Time Running"value="6339"/>
  <attribute name="Number of cores"value="4"/>
</cycle-end>
<allocation-satisfied id="5865" threadId="0000000001129500" bytesRequested="24" />
<af-end id="5866" timestamp="2019-07-02T23:04:55.706" threadId="0000000001129E88" success="true" />
<exclusive-end id="5867" timestamp="2019-07-02T23:04:55.706" durationms="4.085" />

<exclusive-start id="5868" timestamp="2019-07-02T23:04:55.712" intervalms="10.100">
  <response-info timems="0.023" idlems="0.023" threads="0" lastid="0000000001134900" lastname="Thread-7" />
</exclusive-start>
<af-start id="5869" threadId="0000000001135288" totalBytesRequested="24" timestamp="2019-07-02T23:04:55.712" intervalms="10.180" />
<cycle-start id="5870" type="global" contextid="0" timestamp="2019-07-02T23:04:55.712" intervalms="10.180" />
  <attribute name="GC Util" value="243" />
  <attribute name="CPU Util" value="9104943860018" />
  <attribute name="Time Running"value="6339"/>
  <attribute name="Number of cores"value="4"/>
<gc-start id="5871" type="global" contextid="5870" timestamp="2019-07-02T23:04:55.712">
  <mem-info id="5872" free="0" total="16449536" percent="0">
    <mem type="tenure" free="0" total="16449536" percent="0">
      <mem type="soa" free="0" total="16285696" percent="0" />
      <mem type="loa" free="0" total="163840" percent="0" />
    </mem>
  </mem-info>
</gc-start>
<allocation-stats totalBytes="10442712" >
  <allocated-bytes non-tlh="0" tlh="10442712" />
  <largest-consumer threadName="Thread-7" threadId="0000000001134900" bytes="2775280" />
</allocation-stats>
<gc-op id="5873" type="mark" timems="1.906" contextid="5870" timestamp="2019-07-02T23:04:55.714">
  <trace-info objectcount="67990" scancount="60430" scanbytes="2322868" />
  <finalization candidates="124" enqueued="0" />
  <ownableSynchronizers candidates="3" cleared="0" />
  <references type="soft" candidates="84" cleared="0" enqueued="0" dynamicThreshold="20" maxThreshold="32" />
  <references type="weak" candidates="774" cleared="0" enqueued="0" />
  <references type="phantom" candidates="63" cleared="0" enqueued="0" />
  <stringconstants candidates="4574" cleared="0"  />
</gc-op>
<gc-op id="5874" type="sweep" timems="0.792" contextid="5870" timestamp="2019-07-02T23:04:55.715" />
<mem-info id="5875" free="10357600" total="16449536" percent="62">
  <mem type="tenure" free="10357600" total="16449536" percent="62" micro-fragmented="73868" macro-fragmented="13579">
    <mem type="soa" free="10357600" total="16285696" percent="63" />
    <mem type="loa" free="0" total="163840" percent="0" />
  </mem>
</mem-info>
<gc-op id="5876" type="compact" timems="5.551" contextid="5870" timestamp="2019-07-02T23:04:55.721">
  <compact-info movecount="28221" movebytes="1227848" reason="compact to aid heap contraction" />
</gc-op>
<heap-resize id="5877" type="contract" space="tenure" amount="131072" count="1" timems="0.034" reason="excess free space following gc" timestamp="2019-07-02T23:04:55.721" />
<gc-end id="5878" type="global" contextid="5870" durationms="9.124" usertimems="16.000" systemtimems="0.000" timestamp="2019-07-02T23:04:55.721" activeThreads="4">
  <mem-info id="5879" free="10427920" total="16318464" percent="63">
    <mem type="tenure" free="10427920" total="16318464" percent="63">
      <mem type="soa" free="10297872" total="16155648" percent="63" />
      <mem type="loa" free="130048" total="162816" percent="79" />
    </mem>
  </mem-info>
</gc-end>
<cycle-end id="5880" type="global" contextid="5870" timestamp="2019-07-02T23:04:55.721">
  <attribute name="GC Util" value="134" />
  <attribute name="CPU Util" value="17021358173906" />
  <attribute name="Time Running"value="6351"/>
  <attribute name="Number of cores"value="4"/>
</cycle-end>
<allocation-satisfied id="5881" threadId="0000000001134900" bytesRequested="24" />
<af-end id="5882" timestamp="2019-07-02T23:04:55.722" threadId="0000000001135288" success="true" />
<exclusive-end id="5883" timestamp="2019-07-02T23:04:55.722" durationms="10.015" />

<exclusive-start id="5884" timestamp="2019-07-02T23:04:55.727" intervalms="15.593">
  <response-info timems="0.028" idlems="0.028" threads="0" lastid="0000000001130D00" lastname="Thread-9" />
</exclusive-start>
<af-start id="5885" threadId="0000000001131688" totalBytesRequested="40" timestamp="2019-07-02T23:04:55.727" intervalms="15.507" />
<cycle-start id="5886" type="global" contextid="0" timestamp="2019-07-02T23:04:55.728" intervalms="15.509" />
  <attribute name="GC Util" value="134" />
  <attribute name="CPU Util" value="17021358173906" />
  <attribute name="Time Running"value="6351"/>
  <attribute name="Number of cores"value="4"/>
<gc-start id="5887" type="global" contextid="5886" timestamp="2019-07-02T23:04:55.728">
  <mem-info id="5888" free="130048" total="16318464" percent="0">
    <mem type="tenure" free="130048" total="16318464" percent="0">
      <mem type="soa" free="0" total="16155648" percent="0" />
      <mem type="loa" free="130048" total="162816" percent="79" />
    </mem>
  </mem-info>
</gc-start>
<allocation-stats totalBytes="10362568" >
  <allocated-bytes non-tlh="0" tlh="10362568" />
  <largest-consumer threadName="Thread-8" threadId="000000000112D100" bytes="3153656" />
</allocation-stats>
<gc-op id="5889" type="mark" timems="1.151" contextid="5886" timestamp="2019-07-02T23:04:55.729">
  <trace-info objectcount="65885" scancount="58316" scanbytes="2272748" />
  <finalization candidates="124" enqueued="0" />
  <ownableSynchronizers candidates="3" cleared="0" />
  <references type="soft" candidates="84" cleared="0" enqueued="0" dynamicThreshold="20" maxThreshold="32" />
  <references type="weak" candidates="774" cleared="0" enqueued="0" />
  <references type="phantom" candidates="63" cleared="0" enqueued="0" />
  <stringconstants candidates="4574" cleared="0"  />
</gc-op>
<gc-op id="5890" type="sweep" timems="0.261" contextid="5886" timestamp="2019-07-02T23:04:55.729" />
<heap-resize id="5891" type="contract" space="tenure" amount="131072" count="1" timems="0.094" reason="excess free space following gc" timestamp="2019-07-02T23:04:55.730" />
<gc-end id="5892" type="global" contextid="5886" durationms="2.127" usertimems="0.000" systemtimems="4.000" timestamp="2019-07-02T23:04:55.730" activeThreads="4">
  <mem-info id="5893" free="10255088" total="16187392" percent="63">
    <mem type="tenure" free="10255088" total="16187392" percent="63" micro-fragmented="104417" macro-fragmented="74251">
      <mem type="soa" free="10180248" total="16025600" percent="63" />
      <mem type="loa" free="74840" total="161792" percent="46" />
    </mem>
  </mem-info>
</gc-end>
<cycle-end id="5894" type="global" contextid="5886" timestamp="2019-07-02T23:04:55.730">
  <attribute name="GC Util" value="197" />
  <attribute name="CPU Util" value="14903978593126" />
  <attribute name="Time Running"value="6364"/>
  <attribute name="Number of cores"value="4"/>
</cycle-end>
<allocation-satisfied id="5895" threadId="0000000001130D00" bytesRequested="40" />
<af-end id="5896" timestamp="2019-07-02T23:04:55.730" threadId="0000000001131688" success="true" />
<exclusive-end id="5897" timestamp="2019-07-02T23:04:55.730" durationms="2.990" />

<exclusive-start id="5898" timestamp="2019-07-02T23:04:55.736" intervalms="8.626">
  <response-info timems="0.023" idlems="0.023" threads="0" lastid="000000000112D100" lastname="Thread-8" />
</exclusive-start>
<af-start id="5899" threadId="000000000112DA88" totalBytesRequested="136" timestamp="2019-07-02T23:04:55.736" intervalms="8.613" />
<cycle-start id="5900" type="global" contextid="0" timestamp="2019-07-02T23:04:55.736" intervalms="8.592" />
  <attribute name="GC Util" value="197" />
  <attribute name="CPU Util" value="14903978593126" />
  <attribute name="Time Running"value="6364"/>
  <attribute name="Number of cores"value="4"/>
<gc-start id="5901" type="global" contextid="5900" timestamp="2019-07-02T23:04:55.736">
  <mem-info id="5902" free="74840" total="16187392" percent="0">
    <mem type="tenure" free="74840" total="16187392" percent="0">
      <mem type="soa" free="0" total="16025600" percent="0" />
      <mem type="loa" free="74840" total="161792" percent="46" />
    </mem>
  </mem-info>
</gc-start>
<allocation-stats totalBytes="10187608" >
  <allocated-bytes non-tlh="0" tlh="10187608" />
  <largest-consumer threadName="Thread-7" threadId="0000000001134900" bytes="2709256" />
</allocation-stats>
<gc-op id="5903" type="mark" timems="2.454" contextid="5900" timestamp="2019-07-02T23:04:55.739">
  <trace-info objectcount="68468" scancount="60898" scanbytes="2334116" />
  <finalization candidates="124" enqueued="0" />
  <ownableSynchronizers candidates="3" cleared="0" />
  <references type="soft" candidates="84" cleared="0" enqueued="0" dynamicThreshold="20" maxThreshold="32" />
  <references type="weak" candidates="774" cleared="0" enqueued="0" />
  <references type="phantom" candidates="63" cleared="0" enqueued="0" />
  <stringconstants candidates="4574" cleared="0"  />
</gc-op>
<gc-op id="5904" type="sweep" timems="0.762" contextid="5900" timestamp="2019-07-02T23:04:55.740" />
<heap-resize id="5905" type="contract" space="tenure" amount="65536" count="1" timems="0.054" reason="excess free space following gc" timestamp="2019-07-02T23:04:55.740" />
<gc-end id="5906" type="global" contextid="5900" durationms="3.676" usertimems="8.000" systemtimems="0.000" timestamp="2019-07-02T23:04:55.740" activeThreads="4">
  <mem-info id="5907" free="10035392" total="16121856" percent="62">
    <mem type="tenure" free="10035392" total="16121856" percent="62" micro-fragmented="72825" macro-fragmented="35984">
      <mem type="soa" free="10035392" total="15961088" percent="62" />
      <mem type="loa" free="0" total="160768" percent="0" />
    </mem>
  </mem-info>
</gc-end>
<cycle-end id="5908" type="global" contextid="5900" timestamp="2019-07-02T23:04:55.740">
  <attribute name="GC Util" value="254" />
  <attribute name="CPU Util" value="7260342295546" />
  <attribute name="Time Running"value="6374"/>
  <attribute name="Number of cores"value="4"/>
</cycle-end>
<allocation-satisfied id="5909" threadId="000000000112D100" bytesRequested="136" />
<af-end id="5910" timestamp="2019-07-02T23:04:55.740" threadId="000000000112DA88" success="true" />
<exclusive-end id="5911" timestamp="2019-07-02T23:04:55.740" durationms="4.210" />

<exclusive-start id="5912" timestamp="2019-07-02T23:04:55.746" intervalms="9.715">
  <response-info timems="0.022" idlems="0.020" threads="1" lastid="0000000001134900" lastname="Thread-7" />
</exclusive-start>
<af-start id="5913" threadId="0000000001129E88" totalBytesRequested="40" timestamp="2019-07-02T23:04:55.746" intervalms="9.686" />
<cycle-start id="5914" type="global" contextid="0" timestamp="2019-07-02T23:04:55.746" intervalms="9.693" />
  <attribute name="GC Util" value="254" />
  <attribute name="CPU Util" value="7260342295546" />
  <attribute name="Time Running"value="6374"/>
  <attribute name="Number of cores"value="4"/>
<gc-start id="5915" type="global" contextid="5914" timestamp="2019-07-02T23:04:55.746">
  <mem-info id="5916" free="0" total="16121856" percent="0">
    <mem type="tenure" free="0" total="16121856" percent="0">
      <mem type="soa" free="0" total="15961088" percent="0" />
      <mem type="loa" free="0" total="160768" percent="0" />
    </mem>
  </mem-info>
</gc-start>
<allocation-stats totalBytes="10037416" >
  <allocated-bytes non-tlh="0" tlh="10037416" />
  <largest-consumer threadName="Thread-8" threadId="000000000112D100" bytes="2692440" />
</allocation-stats>
<gc-op id="5917" type="mark" timems="2.098" contextid="5914" timestamp="2019-07-02T23:04:55.748">
  <trace-info objectcount="71104" scancount="63529" scanbytes="2397492" />
  <finalization candidates="124" enqueued="0" />
  <ownableSynchronizers candidates="3" cleared="0" />
  <references type="soft" candidates="84" cleared="0" enqueued="0" dynamicThreshold="19" maxThreshold="32" />
  <references type="weak" candidates="774" cleared="0" enqueued="0" />
  <references type="phantom" candidates="63" cleared="0" enqueued="0" />
  <stringconstants candidates="4574" cleared="0"  />
</gc-op>
<gc-op id="5918" type="sweep" timems="0.883" contextid="5914" timestamp="2019-07-02T23:04:55.749" />
<mem-info id="5919" free="9922368" total="16121856" percent="61">
  <mem type="tenure" free="9922368" total="16121856" percent="61" micro-fragmented="108774" macro-fragmented="23603">
    <mem type="soa" free="9922368" total="15961088" percent="62" />
    <mem type="loa" free="0" total="160768" percent="0" />
  </mem>
</mem-info>
<gc-op id="5920" type="compact" timems="5.975" contextid="5914" timestamp="2019-07-02T23:04:55.755">
  <compact-info movecount="31365" movebytes="1303192" reason="compact to aid heap contraction" />
</gc-op>
<heap-resize id="5921" type="contract" space="tenure" amount="131072" count="1" timems="0.079" reason="excess free space following gc" timestamp="2019-07-02T23:04:55.756" />
<gc-end id="5922" type="global" contextid="5914" durationms="9.938" usertimems="12.000" systemtimems="4.000" timestamp="2019-07-02T23:04:55.756" activeThreads="4">
  <mem-info id="5923" free="10028688" total="15990784" percent="62">
    <mem type="tenure" free="10028688" total="15990784" percent="62">
      <mem type="soa" free="9898640" total="15831040" percent="62" />
      <mem type="loa" free="130048" total="159744" percent="81" />
    </mem>
  </mem-info>
</gc-end>
<cycle-end id="5924" type="global" contextid="5914" timestamp="2019-07-02T23:04:55.756">
  <attribute name="GC Util" value="137" />
  <attribute name="CPU Util" value="16224305861359" />
  <attribute name="Time Running"value="6385"/>
  <attribute name="Number of cores"value="4"/>
</cycle-end>
<allocation-satisfied id="5925" threadId="0000000001129500" bytesRequested="40" />
<af-end id="5926" timestamp="2019-07-02T23:04:55.756" threadId="0000000001129E88" success="true" />
<exclusive-end id="5927" timestamp="2019-07-02T23:04:55.756" durationms="10.689" />

<exclusive-start id="5928" timestamp="2019-07-02T23:04:55.761" intervalms="15.698">
  <response-info timems="0.025" idlems="0.025" threads="0" lastid="0000000001130D00" lastname="Thread-9" />
</exclusive-start>
<af-start id="5929" threadId="0000000001131688" totalBytesRequested="40" timestamp="2019-07-02T23:04:55.762" intervalms="15.785" />
<cycle-start id="5930" type="global" contextid="0" timestamp="2019-07-02T23:04:55.762" intervalms="15.797" />
  <attribute name="GC Util" value="137" />
  <attribute name="CPU Util" value="16224305861359" />
  <attribute name="Time Running"value="6385"/>
  <attribute name="Number of cores"value="4"/>
<gc-start id="5931" type="global" contextid="5930" timestamp="2019-07-02T23:04:55.762">
  <mem-info id="5932" free="130048" total="15990784" percent="0">
    <mem type="tenure" free="130048" total="15990784" percent="0">
      <mem type="soa" free="0" total="15831040" percent="0" />
      <mem type="loa" free="130048" total="159744" percent="81" />
    </mem>
  </mem-info>
</gc-start>
<allocation-stats totalBytes="9963328" >
  <allocated-bytes non-tlh="0" tlh="9963328" />
  <largest-consumer threadName="Thread-8" threadId="000000000112D100" bytes="2981632" />
</allocation-stats>
<gc-op id="5933" type="mark" timems="1.100" contextid="5930" timestamp="2019-07-02T23:04:55.763">
  <trace-info objectcount="68779" scancount="61205" scanbytes="2341660" />
  <finalization candidates="124" enqueued="0" />
  <ownableSynchronizers candidates="3" cleared="0" />
  <references type="soft" candidates="84" cleared="0" enqueued="0" dynamicThreshold="20" maxThreshold="32" />
  <references type="weak" candidates="774" cleared="0" enqueued="0" />
  <references type="phantom" candidates="63" cleared="0" enqueued="0" />
  <stringconstants candidates="4574" cleared="0"  />
</gc-op>
<gc-op id="5934" type="sweep" timems="0.259" contextid="5930" timestamp="2019-07-02T23:04:55.763" />
<heap-resize id="5935" type="contract" space="tenure" amount="131072" count="1" timems="0.088" reason="excess free space following gc" timestamp="2019-07-02T23:04:55.763" />
<gc-end id="5936" type="global" contextid="5930" durationms="1.919" usertimems="4.000" systemtimems="0.000" timestamp="2019-07-02T23:04:55.764" activeThreads="4">
  <mem-info id="5937" free="9903840" total="15859712" percent="62">
    <mem type="tenure" free="9903840" total="15859712" percent="62" micro-fragmented="39265" macro-fragmented="0">
      <mem type="soa" free="9794184" total="15702016" percent="62" />
      <mem type="loa" free="109656" total="157696" percent="69" />
    </mem>
  </mem-info>
</gc-end>
<cycle-end id="5938" type="global" contextid="5930" timestamp="2019-07-02T23:04:55.764">
  <attribute name="GC Util" value="218" />
  <attribute name="CPU Util" value="16020739207211" />
  <attribute name="Time Running"value="6398"/>
  <attribute name="Number of cores"value="4"/>
</cycle-end>
<allocation-satisfied id="5939" threadId="0000000001130D00" bytesRequested="40" />
<af-end id="5940" timestamp="2019-07-02T23:04:55.764" threadId="0000000001131688" success="true" />
<exclusive-end id="5941" timestamp="2019-07-02T23:04:55.764" durationms="2.722" />

<exclusive-start id="5942" timestamp="2019-07-02T23:04:55.769" intervalms="8.058">
  <response-info timems="0.027" idlems="0.027" threads="0" lastid="000000000112D100" lastname="Thread-8" />
</exclusive-start>
<af-start id="5943" threadId="000000000112DA88" totalBytesRequested="40" timestamp="2019-07-02T23:04:55.770" intervalms="7.997" />
<cycle-start id="5944" type="global" contextid="0" timestamp="2019-07-02T23:04:55.770" intervalms="7.978" />
  <attribute name="GC Util" value="218" />
  <attribute name="CPU Util" value="16020739207211" />
  <attribute name="Time Running"value="6398"/>
  <attribute name="Number of cores"value="4"/>
<gc-start id="5945" type="global" contextid="5944" timestamp="2019-07-02T23:04:55.770">
  <mem-info id="5946" free="109656" total="15859712" percent="0">
    <mem type="tenure" free="109656" total="15859712" percent="0">
      <mem type="soa" free="0" total="15702016" percent="0" />
      <mem type="loa" free="109656" total="157696" percent="69" />
    </mem>
  </mem-info>
</gc-start>
<allocation-stats totalBytes="9790864" >
  <allocated-bytes non-tlh="0" tlh="9790864" />
  <largest-consumer threadName="Thread-9" threadId="0000000001130D00" bytes="2738824" />
</allocation-stats>
<gc-op id="5947" type="mark" timems="1.948" contextid="5944" timestamp="2019-07-02T23:04:55.772">
  <trace-info objectcount="71140" scancount="63572" scanbytes="2398380" />
  <finalization candidates="124" enqueued="0" />
  <ownableSynchronizers candidates="3" cleared="0" />
  <references type="soft" candidates="84" cleared="0" enqueued="0" dynamicThreshold="19" maxThreshold="32" />
  <references type="weak" candidates="774" cleared="0" enqueued="0" />
  <references type="phantom" candidates="63" cleared="0" enqueued="0" />
  <stringconstants candidates="4574" cleared="0"  />
</gc-op>
<gc-op id="5948" type="sweep" timems="0.781" contextid="5944" timestamp="2019-07-02T23:04:55.773" />
<heap-resize id="5949" type="contract" space="tenure" amount="131072" count="1" timems="0.059" reason="excess free space following gc" timestamp="2019-07-02T23:04:55.773" />
<gc-end id="5950" type="global" contextid="5944" durationms="3.160" usertimems="8.000" systemtimems="0.000" timestamp="2019-07-02T23:04:55.773" activeThreads="4">
  <mem-info id="5951" free="9587976" total="15728640" percent="60">
    <mem type="tenure" free="9587976" total="15728640" percent="60" micro-fragmented="48996" macro-fragmented="32527">
      <mem type="soa" free="9587976" total="15571968" percent="61" />
      <mem type="loa" free="0" total="156672" percent="0" />
    </mem>
  </mem-info>
</gc-end>
<cycle-end id="5952" type="global" contextid="5944" timestamp="2019-07-02T23:04:55.773">
  <attribute name="GC Util" value="255" />
  <attribute name="CPU Util" value="9254968323835" />
  <attribute name="Time Running"value="6407"/>
  <attribute name="Number of cores"value="4"/>
</cycle-end>
<allocation-satisfied id="5953" threadId="000000000112D100" bytesRequested="40" />
<af-end id="5954" timestamp="2019-07-02T23:04:55.773" threadId="000000000112DA88" success="true" />
<exclusive-end id="5955" timestamp="2019-07-02T23:04:55.773" durationms="3.691" />

<exclusive-start id="5956" timestamp="2019-07-02T23:04:55.778" intervalms="8.873">
  <response-info timems="0.022" idlems="0.022" threads="0" lastid="000000000112D100" lastname="Thread-8" />
</exclusive-start>
<af-start id="5957" threadId="000000000112DA88" totalBytesRequested="40" timestamp="2019-07-02T23:04:55.778" intervalms="8.870" />
<cycle-start id="5958" type="global" contextid="0" timestamp="2019-07-02T23:04:55.778" intervalms="8.867" />
  <attribute name="GC Util" value="255" />
  <attribute name="CPU Util" value="9254968323835" />
  <attribute name="Time Running"value="6407"/>
  <attribute name="Number of cores"value="4"/>
<gc-start id="5959" type="global" contextid="5958" timestamp="2019-07-02T23:04:55.779">
  <mem-info id="5960" free="0" total="15728640" percent="0">
    <mem type="tenure" free="0" total="15728640" percent="0">
      <mem type="soa" free="0" total="15571968" percent="0" />
      <mem type="loa" free="0" total="156672" percent="0" />
    </mem>
  </mem-info>
</gc-start>
<allocation-stats totalBytes="9581968" >
  <allocated-bytes non-tlh="0" tlh="9581968" />
  <largest-consumer threadName="Thread-9" threadId="0000000001130D00" bytes="2678600" />
</allocation-stats>
<gc-op id="5961" type="mark" timems="2.089" contextid="5958" timestamp="2019-07-02T23:04:55.781">
  <trace-info objectcount="72924" scancount="65336" scanbytes="2442036" />
  <finalization candidates="124" enqueued="0" />
  <ownableSynchronizers candidates="3" cleared="0" />
  <references type="soft" candidates="84" cleared="0" enqueued="0" dynamicThreshold="19" maxThreshold="32" />
  <references type="weak" candidates="774" cleared="0" enqueued="0" />
  <references type="phantom" candidates="63" cleared="0" enqueued="0" />
  <stringconstants candidates="4574" cleared="0"  />
</gc-op>
<gc-op id="5962" type="sweep" timems="0.855" contextid="5958" timestamp="2019-07-02T23:04:55.782" />
<gc-end id="5963" type="global" contextid="5958" durationms="3.212" usertimems="4.000" systemtimems="4.000" timestamp="2019-07-02T23:04:55.782" activeThreads="4">
  <mem-info id="5964" free="9491048" total="15728640" percent="60">
    <mem type="tenure" free="9491048" total="15728640" percent="60" micro-fragmented="61061" macro-fragmented="17267">
      <mem type="soa" free="9491048" total="15571968" percent="60" />
      <mem type="loa" free="0" total="156672" percent="0" />
    </mem>
  </mem-info>
</gc-end>
<cycle-end id="5965" type="global" contextid="5958" timestamp="2019-07-02T23:04:55.782">
  <attribute name="GC Util" value="258" />
  <attribute name="CPU Util" value="8637846779777" />
  <attribute name="Time Running"value="6416"/>
  <attribute name="Number of cores"value="4"/>
</cycle-end>
<allocation-satisfied id="5966" threadId="000000000112D100" bytesRequested="40" />
<af-end id="5967" timestamp="2019-07-02T23:04:55.782" threadId="000000000112DA88" success="true" />
<exclusive-end id="5968" timestamp="2019-07-02T23:04:55.782" durationms="3.787" />

<exclusive-start id="5969" timestamp="2019-07-02T23:04:55.787" intervalms="8.943">
  <response-info timems="0.022" idlems="0.022" threads="0" lastid="0000000001134900" lastname="Thread-7" />
</exclusive-start>
<af-start id="5970" threadId="0000000001135288" totalBytesRequested="24" timestamp="2019-07-02T23:04:55.787" intervalms="8.957" />
<cycle-start id="5971" type="global" contextid="0" timestamp="2019-07-02T23:04:55.787" intervalms="8.966" />
  <attribute name="GC Util" value="258" />
  <attribute name="CPU Util" value="8637846779777" />
  <attribute name="Time Running"value="6416"/>
  <attribute name="Number of cores"value="4"/>
<gc-start id="5972" type="global" contextid="5971" timestamp="2019-07-02T23:04:55.788">
  <mem-info id="5973" free="0" total="15728640" percent="0">
    <mem type="tenure" free="0" total="15728640" percent="0">
      <mem type="soa" free="0" total="15571968" percent="0" />
      <mem type="loa" free="0" total="156672" percent="0" />
    </mem>
  </mem-info>
</gc-start>
<allocation-stats totalBytes="9481440" >
  <allocated-bytes non-tlh="19056" tlh="9462384" />
  <largest-consumer threadName="Thread-9" threadId="0000000001130D00" bytes="2733480" />
</allocation-stats>
<gc-op id="5974" type="mark" timems="2.058" contextid="5971" timestamp="2019-07-02T23:04:55.790">
  <trace-info objectcount="60938" scancount="53373" scanbytes="2020456" />
  <finalization candidates="124" enqueued="0" />
  <ownableSynchronizers candidates="3" cleared="0" />
  <references type="soft" candidates="84" cleared="0" enqueued="0" dynamicThreshold="19" maxThreshold="32" />
  <references type="weak" candidates="774" cleared="0" enqueued="0" />
  <references type="phantom" candidates="63" cleared="0" enqueued="0" />
  <stringconstants candidates="4574" cleared="0"  />
</gc-op>
<gc-op id="5975" type="sweep" timems="0.775" contextid="5971" timestamp="2019-07-02T23:04:55.791" />
<mem-info id="5976" free="10053888" total="15728640" percent="63">
  <mem type="tenure" free="10053888" total="15728640" percent="63" micro-fragmented="31764" macro-fragmented="50354">
    <mem type="soa" free="9961112" total="15571968" percent="63" />
    <mem type="loa" free="92776" total="156672" percent="59" />
  </mem>
</mem-info>
<gc-op id="5977" type="compact" timems="5.282" contextid="5971" timestamp="2019-07-02T23:04:55.796">
  <compact-info movecount="21198" movebytes="926176" reason="compact to aid heap contraction" />
</gc-op>
<heap-resize id="5978" type="contract" space="tenure" amount="131072" count="1" timems="0.074" reason="excess free space following gc" timestamp="2019-07-02T23:04:55.796" />
<gc-end id="5979" type="global" contextid="5971" durationms="8.916" usertimems="12.000" systemtimems="4.000" timestamp="2019-07-02T23:04:55.796" activeThreads="4">
  <mem-info id="5980" free="10016560" total="15597568" percent="64">
    <mem type="tenure" free="10016560" total="15597568" percent="64">
      <mem type="soa" free="9886512" total="15441920" percent="64" />
      <mem type="loa" free="130048" total="155648" percent="83" />
    </mem>
  </mem-info>
</gc-end>
<cycle-end id="5981" type="global" contextid="5971" timestamp="2019-07-02T23:04:55.797">
  <attribute name="GC Util" value="144" />
  <attribute name="CPU Util" value="17873643225887" />
  <attribute name="Time Running"value="6426"/>
  <attribute name="Number of cores"value="4"/>
</cycle-end>
<allocation-satisfied id="5982" threadId="0000000001134900" bytesRequested="24" />
<af-end id="5983" timestamp="2019-07-02T23:04:55.797" threadId="0000000001135288" success="true" />
<exclusive-end id="5984" timestamp="2019-07-02T23:04:55.797" durationms="9.627" />

<exclusive-start id="5985" timestamp="2019-07-02T23:04:55.803" intervalms="15.337">
  <response-info timems="0.028" idlems="0.028" threads="0" lastid="000000000112D100" lastname="Thread-8" />
</exclusive-start>
<af-start id="5986" threadId="000000000112DA88" totalBytesRequested="40" timestamp="2019-07-02T23:04:55.803" intervalms="15.290" />
<cycle-start id="5987" type="global" contextid="0" timestamp="2019-07-02T23:04:55.803" intervalms="15.285" />
  <attribute name="GC Util" value="144" />
  <attribute name="CPU Util" value="17873643225887" />
  <attribute name="Time Running"value="6426"/>
  <attribute name="Number of cores"value="4"/>
<gc-start id="5988" type="global" contextid="5987" timestamp="2019-07-02T23:04:55.803">
  <mem-info id="5989" free="130048" total="15597568" percent="0">
    <mem type="tenure" free="130048" total="15597568" percent="0">
      <mem type="soa" free="0" total="15441920" percent="0" />
      <mem type="loa" free="130048" total="155648" percent="83" />
    </mem>
  </mem-info>
</gc-start>
<allocation-stats totalBytes="9951384" >
  <allocated-bytes non-tlh="0" tlh="9951384" />
  <largest-consumer threadName="Thread-7" threadId="0000000001134900" bytes="2981736" />
</allocation-stats>
<gc-op id="5990" type="mark" timems="1.861" contextid="5987" timestamp="2019-07-02T23:04:55.805">
  <trace-info objectcount="66450" scancount="58890" scanbytes="2286636" />
  <finalization candidates="124" enqueued="0" />
  <ownableSynchronizers candidates="3" cleared="0" />
  <references type="soft" candidates="84" cleared="0" enqueued="0" dynamicThreshold="20" maxThreshold="32" />
  <references type="weak" candidates="774" cleared="0" enqueued="0" />
  <references type="phantom" candidates="63" cleared="0" enqueued="0" />
  <stringconstants candidates="4574" cleared="0"  />
</gc-op>
<gc-op id="5991" type="sweep" timems="0.759" contextid="5987" timestamp="2019-07-02T23:04:55.806" />
<heap-resize id="5992" type="contract" space="tenure" amount="131072" count="1" timems="0.046" reason="excess free space following gc" timestamp="2019-07-02T23:04:55.806" />
<gc-end id="5993" type="global" contextid="5987" durationms="3.153" usertimems="8.000" systemtimems="0.000" timestamp="2019-07-02T23:04:55.806" activeThreads="4">
  <mem-info id="5994" free="9532840" total="15466496" percent="61">
    <mem type="tenure" free="9532840" total="15466496" percent="61" micro-fragmented="9241" macro-fragmented="50003">
      <mem type="soa" free="9532840" total="15311872" percent="62" />
      <mem type="loa" free="0" total="154624" percent="0" />
    </mem>
  </mem-info>
</gc-end>
<cycle-end id="5995" type="global" contextid="5987" timestamp="2019-07-02T23:04:55.806">
  <attribute name="GC Util" value="252" />
  <attribute name="CPU Util" value="9478704461881" />
  <attribute name="Time Running"value="6440"/>
  <attribute name="Number of cores"value="4"/>
</cycle-end>
<allocation-satisfied id="5996" threadId="000000000112D100" bytesRequested="40" />
<af-end id="5997" timestamp="2019-07-02T23:04:55.806" threadId="000000000112DA88" success="true" />
<exclusive-end id="5998" timestamp="2019-07-02T23:04:55.806" durationms="3.611" />

<exclusive-start id="5999" timestamp="2019-07-02T23:04:55.812" intervalms="9.147">
  <response-info timems="0.024" idlems="0.024" threads="0" lastid="0000000001129500" lastname="Thread-10" />
</exclusive-start>
<af-start id="6000" threadId="0000000001129E88" totalBytesRequested="40" timestamp="2019-07-02T23:04:55.812" intervalms="9.193" />
<cycle-start id="6001" type="global" contextid="0" timestamp="2019-07-02T23:04:55.812" intervalms="9.194" />
  <attribute name="GC Util" value="252" />
  <attribute name="CPU Util" value="9478704461881" />
  <attribute name="Time Running"value="6440"/>
  <attribute name="Number of cores"value="4"/>
<gc-start id="6002" type="global" contextid="6001" timestamp="2019-07-02T23:04:55.812">
  <mem-info id="6003" free="0" total="15466496" percent="0">
    <mem type="tenure" free="0" total="15466496" percent="0">
      <mem type="soa" free="0" total="15311872" percent="0" />
      <mem type="loa" free="0" total="154624" percent="0" />
    </mem>
  </mem-info>
</gc-start>
<allocation-stats totalBytes="9533928" >
  <allocated-bytes non-tlh="0" tlh="9533928" />
  <largest-consumer threadName="Thread-7" threadId="0000000001134900" bytes="2670696" />
</allocation-stats>
<gc-op id="6004" type="mark" timems="2.259" contextid="6001" timestamp="2019-07-02T23:04:55.814">
  <trace-info objectcount="67862" scancount="60283" scanbytes="2320316" />
  <finalization candidates="124" enqueued="0" />
  <ownableSynchronizers candidates="3" cleared="0" />
  <references type="soft" candidates="84" cleared="0" enqueued="0" dynamicThreshold="19" maxThreshold="32" />
  <references type="weak" candidates="774" cleared="0" enqueued="0" />
  <references type="phantom" candidates="63" cleared="0" enqueued="0" />
  <stringconstants candidates="4574" cleared="0"  />
</gc-op>
<gc-op id="6005" type="sweep" timems="0.756" contextid="6001" timestamp="2019-07-02T23:04:55.815" />
<heap-resize id="6006" type="contract" space="tenure" amount="65536" count="1" timems="0.078" reason="excess free space following gc" timestamp="2019-07-02T23:04:55.815" />
<gc-end id="6007" type="global" contextid="6001" durationms="3.600" usertimems="8.000" systemtimems="0.000" timestamp="2019-07-02T23:04:55.816" activeThreads="4">
  <mem-info id="6008" free="9415032" total="15400960" percent="61">
    <mem type="tenure" free="9415032" total="15400960" percent="61" micro-fragmented="17449" macro-fragmented="29520">
      <mem type="soa" free="9415032" total="15247360" percent="61" />
      <mem type="loa" free="0" total="153600" percent="0" />
    </mem>
  </mem-info>
</gc-end>
<cycle-end id="6009" type="global" contextid="6001" timestamp="2019-07-02T23:04:55.816">
  <attribute name="GC Util" value="252" />
  <attribute name="CPU Util" value="7843730295184" />
  <attribute name="Time Running"value="6450"/>
  <attribute name="Number of cores"value="4"/>
</cycle-end>
<allocation-satisfied id="6010" threadId="0000000001129500" bytesRequested="40" />
<af-end id="6011" timestamp="2019-07-02T23:04:55.816" threadId="0000000001129E88" success="true" />
<exclusive-end id="6012" timestamp="2019-07-02T23:04:55.816" durationms="4.336" />

<exclusive-start id="6013" timestamp="2019-07-02T23:04:55.822" intervalms="9.910">
  <response-info timems="0.022" idlems="0.022" threads="0" lastid="000000000112D100" lastname="Thread-8" />
</exclusive-start>
<af-start id="6014" threadId="000000000112DA88" totalBytesRequested="40" timestamp="2019-07-02T23:04:55.822" intervalms="9.900" />
<cycle-start id="6015" type="global" contextid="0" timestamp="2019-07-02T23:04:55.822" intervalms="9.897" />
  <attribute name="GC Util" value="252" />
  <attribute name="CPU Util" value="7843730295184" />
  <attribute name="Time Running"value="6450"/>
  <attribute name="Number of cores"value="4"/>
<gc-start id="6016" type="global" contextid="6015" timestamp="2019-07-02T23:04:55.822">
  <mem-info id="6017" free="0" total="15400960" percent="0">
    <mem type="tenure" free="0" total="15400960" percent="0">
      <mem type="soa" free="0" total="15247360" percent="0" />
      <mem type="loa" free="0" total="153600" percent="0" />
    </mem>
  </mem-info>
</gc-start>
<allocation-stats totalBytes="9412912" >
  <allocated-bytes non-tlh="0" tlh="9412912" />
  <largest-consumer threadName="Thread-7" threadId="0000000001134900" bytes="2596032" />
</allocation-stats>
<gc-op id="6018" type="mark" timems="2.075" contextid="6015" timestamp="2019-07-02T23:04:55.824">
  <trace-info objectcount="69491" scancount="61924" scanbytes="2359436" />
  <finalization candidates="124" enqueued="0" />
  <ownableSynchronizers candidates="3" cleared="0" />
  <references type="soft" candidates="84" cleared="0" enqueued="0" dynamicThreshold="19" maxThreshold="32" />
  <references type="weak" candidates="774" cleared="0" enqueued="0" />
  <references type="phantom" candidates="63" cleared="0" enqueued="0" />
  <stringconstants candidates="4574" cleared="0"  />
</gc-op>
<gc-op id="6019" type="sweep" timems="0.807" contextid="6015" timestamp="2019-07-02T23:04:55.825" />
<gc-end id="6020" type="global" contextid="6015" durationms="3.200" usertimems="4.000" systemtimems="0.000" timestamp="2019-07-02T23:04:55.825" activeThreads="4">
  <mem-info id="6021" free="9341504" total="15400960" percent="60">
    <mem type="tenure" free="9341504" total="15400960" percent="60" micro-fragmented="5150" macro-fragmented="20687">
      <mem type="soa" free="9341504" total="15247360" percent="61" />
      <mem type="loa" free="0" total="153600" percent="0" />
    </mem>
  </mem-info>
</gc-end>
<cycle-end id="6022" type="global" contextid="6015" timestamp="2019-07-02T23:04:55.825">
  <attribute name="GC Util" value="256" />
  <attribute name="CPU Util" value="8639169612528" />
  <attribute name="Time Running"value="6459"/>
  <attribute name="Number of cores"value="4"/>
</cycle-end>
<allocation-satisfied id="6023" threadId="000000000112D100" bytesRequested="40" />
<af-end id="6024" timestamp="2019-07-02T23:04:55.825" threadId="000000000112DA88" success="true" />
<exclusive-end id="6025" timestamp="2019-07-02T23:04:55.825" durationms="3.802" />

<exclusive-start id="6026" timestamp="2019-07-02T23:04:55.831" intervalms="9.195">
  <response-info timems="0.024" idlems="0.022" threads="1" lastid="000000000112D100" lastname="Thread-8" />
</exclusive-start>
<af-start id="6027" threadId="0000000001129E88" totalBytesRequested="40" timestamp="2019-07-02T23:04:55.831" intervalms="9.207" />
<cycle-start id="6028" type="global" contextid="0" timestamp="2019-07-02T23:04:55.831" intervalms="9.210" />
  <attribute name="GC Util" value="256" />
  <attribute name="CPU Util" value="8639169612528" />
  <attribute name="Time Running"value="6459"/>
  <attribute name="Number of cores"value="4"/>
<gc-start id="6029" type="global" contextid="6028" timestamp="2019-07-02T23:04:55.831">
  <mem-info id="6030" free="0" total="15400960" percent="0">
    <mem type="tenure" free="0" total="15400960" percent="0">
      <mem type="soa" free="0" total="15247360" percent="0" />
      <mem type="loa" free="0" total="153600" percent="0" />
    </mem>
  </mem-info>
</gc-start>
<allocation-stats totalBytes="9336512" >
  <allocated-bytes non-tlh="0" tlh="9336512" />
  <largest-consumer threadName="Thread-7" threadId="0000000001134900" bytes="2640552" />
</allocation-stats>
<gc-op id="6031" type="mark" timems="2.324" contextid="6028" timestamp="2019-07-02T23:04:55.834">
  <trace-info objectcount="70896" scancount="63315" scanbytes="2393276" />
  <finalization candidates="124" enqueued="0" />
  <ownableSynchronizers candidates="3" cleared="0" />
  <references type="soft" candidates="84" cleared="0" enqueued="0" dynamicThreshold="19" maxThreshold="32" />
  <references type="weak" candidates="774" cleared="0" enqueued="0" />
  <references type="phantom" candidates="63" cleared="0" enqueued="0" />
  <stringconstants candidates="4574" cleared="0"  />
</gc-op>
<gc-op id="6032" type="sweep" timems="0.779" contextid="6028" timestamp="2019-07-02T23:04:55.834" />
<gc-end id="6033" type="global" contextid="6028" durationms="3.406" usertimems="4.000" systemtimems="4.000" timestamp="2019-07-02T23:04:55.834" activeThreads="4">
  <mem-info id="6034" free="9262728" total="15400960" percent="60">
    <mem type="tenure" free="9262728" total="15400960" percent="60" micro-fragmented="34106" macro-fragmented="22084">
      <mem type="soa" free="9262728" total="15247360" percent="60" />
      <mem type="loa" free="0" total="153600" percent="0" />
    </mem>
  </mem-info>
</gc-end>
<cycle-end id="6035" type="global" contextid="6028" timestamp="2019-07-02T23:04:55.835">
  <attribute name="GC Util" value="253" />
  <attribute name="CPU Util" value="7750319087798" />
  <attribute name="Time Running"value="6469"/>
  <attribute name="Number of cores"value="4"/>
</cycle-end>
<allocation-satisfied id="6036" threadId="0000000001129500" bytesRequested="40" />
<af-end id="6037" timestamp="2019-07-02T23:04:55.835" threadId="0000000001129E88" success="true" />
<exclusive-end id="6038" timestamp="2019-07-02T23:04:55.835" durationms="4.262" />

<exclusive-start id="6039" timestamp="2019-07-02T23:04:55.840" intervalms="9.663">
  <response-info timems="0.029" idlems="0.027" threads="1" lastid="0000000001134900" lastname="Thread-7" />
</exclusive-start>
<af-start id="6040" threadId="0000000001131688" totalBytesRequested="40" timestamp="2019-07-02T23:04:55.841" intervalms="9.702" />
<cycle-start id="6041" type="global" contextid="0" timestamp="2019-07-02T23:04:55.841" intervalms="9.757" />
  <attribute name="GC Util" value="253" />
  <attribute name="CPU Util" value="7750319087798" />
  <attribute name="Time Running"value="6469"/>
  <attribute name="Number of cores"value="4"/>
<gc-start id="6042" type="global" contextid="6041" timestamp="2019-07-02T23:04:55.841">
  <mem-info id="6043" free="0" total="15400960" percent="0">
    <mem type="tenure" free="0" total="15400960" percent="0">
      <mem type="soa" free="0" total="15247360" percent="0" />
      <mem type="loa" free="0" total="153600" percent="0" />
    </mem>
  </mem-info>
</gc-start>
<allocation-stats totalBytes="9254056" >
  <allocated-bytes non-tlh="0" tlh="9254056" />
  <largest-consumer threadName="Thread-7" threadId="0000000001134900" bytes="2608888" />
</allocation-stats>
<gc-op id="6044" type="mark" timems="1.089" contextid="6041" timestamp="2019-07-02T23:04:55.842">
  <trace-info objectcount="72154" scancount="64582" scanbytes="2422700" />
  <finalization candidates="124" enqueued="0" />
  <ownableSynchronizers candidates="3" cleared="0" />
  <references type="soft" candidates="84" cleared="0" enqueued="0" dynamicThreshold="19" maxThreshold="32" />
  <references type="weak" candidates="774" cleared="0" enqueued="0" />
  <references type="phantom" candidates="63" cleared="0" enqueued="0" />
  <stringconstants candidates="4574" cleared="0"  />
</gc-op>
<gc-op id="6045" type="sweep" timems="0.349" contextid="6041" timestamp="2019-07-02T23:04:55.842" />
<heap-resize id="6046" type="expand" space="tenure" amount="1048576" count="1" timems="0.048" reason="excessive time being spent in gc" timestamp="2019-07-02T23:04:55.843" />
<gc-end id="6047" type="global" contextid="6041" durationms="1.960" usertimems="4.000" systemtimems="0.000" timestamp="2019-07-02T23:04:55.843" activeThreads="4">
  <mem-info id="6048" free="10238440" total="16449536" percent="62">
    <mem type="tenure" free="10238440" total="16449536" percent="62" micro-fragmented="87906" macro-fragmented="0">
      <mem type="soa" free="10074600" total="16285696" percent="61" />
      <mem type="loa" free="163840" total="163840" percent="100" />
    </mem>
  </mem-info>
</gc-end>
<cycle-end id="6049" type="global" contextid="6041" timestamp="2019-07-02T23:04:55.843">
  <attribute name="GC Util" value="220" />
  <attribute name="CPU Util" value="15618842882277" />
  <attribute name="Time Running"value="6477"/>
  <attribute name="Number of cores"value="4"/>
</cycle-end>
<allocation-satisfied id="6050" threadId="0000000001130D00" bytesRequested="40" />
<af-end id="6051" timestamp="2019-07-02T23:04:55.843" threadId="0000000001131688" success="true" />
<exclusive-end id="6052" timestamp="2019-07-02T23:04:55.843" durationms="2.806" />

<exclusive-start id="6053" timestamp="2019-07-02T23:04:55.849" intervalms="8.722">
  <response-info timems="0.028" idlems="0.028" threads="0" lastid="0000000001130D00" lastname="Thread-9" />
</exclusive-start>
<af-start id="6054" threadId="0000000001131688" totalBytesRequested="40" timestamp="2019-07-02T23:04:55.849" intervalms="8.647" />
<cycle-start id="6055" type="global" contextid="0" timestamp="2019-07-02T23:04:55.849" intervalms="8.552" />
  <attribute name="GC Util" value="220" />
  <attribute name="CPU Util" value="15618842882277" />
  <attribute name="Time Running"value="6477"/>
  <attribute name="Number of cores"value="4"/>
<gc-start id="6056" type="global" contextid="6055" timestamp="2019-07-02T23:04:55.849">
  <mem-info id="6057" free="163840" total="16449536" percent="0">
    <mem type="tenure" free="163840" total="16449536" percent="0">
      <mem type="soa" free="0" total="16285696" percent="0" />
      <mem type="loa" free="163840" total="163840" percent="100" />
    </mem>
  </mem-info>
</gc-start>
<allocation-stats totalBytes="10063456" >
  <allocated-bytes non-tlh="0" tlh="10063456" />
  <largest-consumer threadName="Thread-8" threadId="000000000112D100" bytes="2594008" />
</allocation-stats>
<gc-op id="6058" type="mark" timems="1.107" contextid="6055" timestamp="2019-07-02T23:04:55.851">
  <trace-info objectcount="73191" scancount="65621" scanbytes="2448204" />
  <finalization candidates="124" enqueued="0" />
  <ownableSynchronizers candidates="3" cleared="0" />
  <references type="soft" candidates="84" cleared="0" enqueued="0" dynamicThreshold="19" maxThreshold="32" />
  <references type="weak" candidates="774" cleared="0" enqueued="0" />
  <references type="phantom" candidates="63" cleared="0" enqueued="0" />
  <stringconstants candidates="4574" cleared="0"  />
</gc-op>
<gc-op id="6059" type="sweep" timems="0.378" contextid="6055" timestamp="2019-07-02T23:04:55.851" />
<gc-end id="6060" type="global" contextid="6055" durationms="1.757" usertimems="4.000" systemtimems="0.000" timestamp="2019-07-02T23:04:55.851" activeThreads="4">
  <mem-info id="6061" free="10303664" total="16449536" percent="62">
    <mem type="tenure" free="10303664" total="16449536" percent="62" micro-fragmented="33133" macro-fragmented="0">
      <mem type="soa" free="10139824" total="16285696" percent="62" />
      <mem type="loa" free="163840" total="163840" percent="100" />
    </mem>
  </mem-info>
</gc-end>
<cycle-end id="6062" type="global" contextid="6055" timestamp="2019-07-02T23:04:55.851">
  <attribute name="GC Util" value="230" />
  <attribute name="CPU Util" value="15846411049935" />
  <attribute name="Time Running"value="6486"/>
  <attribute name="Number of cores"value="4"/>
</cycle-end>
<allocation-satisfied id="6063" threadId="0000000001130D00" bytesRequested="40" />
<af-end id="6064" timestamp="2019-07-02T23:04:55.851" threadId="0000000001131688" success="true" />
<exclusive-end id="6065" timestamp="2019-07-02T23:04:55.852" durationms="2.322" />

<exclusive-start id="6066" timestamp="2019-07-02T23:04:55.857" intervalms="8.149">
  <response-info timems="0.029" idlems="0.029" threads="0" lastid="000000000112D100" lastname="Thread-8" />
</exclusive-start>
<af-start id="6067" threadId="000000000112DA88" totalBytesRequested="40" timestamp="2019-07-02T23:04:55.857" intervalms="8.180" />
<cycle-start id="6068" type="global" contextid="0" timestamp="2019-07-02T23:04:55.858" intervalms="8.224" />
  <attribute name="GC Util" value="230" />
  <attribute name="CPU Util" value="15846411049935" />
  <attribute name="Time Running"value="6486"/>
  <attribute name="Number of cores"value="4"/>
<gc-start id="6069" type="global" contextid="6068" timestamp="2019-07-02T23:04:55.858">
  <mem-info id="6070" free="163840" total="16449536" percent="0">
    <mem type="tenure" free="163840" total="16449536" percent="0">
      <mem type="soa" free="0" total="16285696" percent="0" />
      <mem type="loa" free="163840" total="163840" percent="100" />
    </mem>
  </mem-info>
</gc-start>
<allocation-stats totalBytes="10126648" >
  <allocated-bytes non-tlh="23160" tlh="10103488" />
  <largest-consumer threadName="Thread-7" threadId="0000000001134900" bytes="3025672" />
</allocation-stats>
<gc-op id="6071" type="mark" timems="2.003" contextid="6068" timestamp="2019-07-02T23:04:55.860">
  <trace-info objectcount="69180" scancount="61611" scanbytes="2351772" />
  <finalization candidates="124" enqueued="0" />
  <ownableSynchronizers candidates="3" cleared="0" />
  <references type="soft" candidates="84" cleared="0" enqueued="0" dynamicThreshold="20" maxThreshold="32" />
  <references type="weak" candidates="774" cleared="0" enqueued="0" />
  <references type="phantom" candidates="63" cleared="0" enqueued="0" />
  <stringconstants candidates="4574" cleared="0"  />
</gc-op>
<gc-op id="6072" type="sweep" timems="0.809" contextid="6068" timestamp="2019-07-02T23:04:55.861" />
<gc-end id="6073" type="global" contextid="6068" durationms="3.091" usertimems="8.000" systemtimems="0.000" timestamp="2019-07-02T23:04:55.861" activeThreads="4">
  <mem-info id="6074" free="10473752" total="16449536" percent="63">
    <mem type="tenure" free="10473752" total="16449536" percent="63" micro-fragmented="24704" macro-fragmented="37128">
      <mem type="soa" free="10309912" total="16285696" percent="63" />
      <mem type="loa" free="163840" total="163840" percent="100" />
    </mem>
  </mem-info>
</gc-end>
<cycle-end id="6075" type="global" contextid="6068" timestamp="2019-07-02T23:04:55.861">
  <attribute name="GC Util" value="256" />
  <attribute name="CPU Util" value="8957360640820" />
  <attribute name="Time Running"value="6495"/>
  <attribute name="Number of cores"value="4"/>
</cycle-end>
<allocation-satisfied id="6076" threadId="000000000112D100" bytesRequested="40" />
<af-end id="6077" timestamp="2019-07-02T23:04:55.861" threadId="000000000112DA88" success="true" />
<exclusive-end id="6078" timestamp="2019-07-02T23:04:55.861" durationms="3.552" />

<exclusive-start id="6079" timestamp="2019-07-02T23:04:55.866" intervalms="9.147">
  <response-info timems="0.027" idlems="0.027" threads="0" lastid="0000000001130D00" lastname="Thread-9" />
</exclusive-start>
<af-start id="6080" threadId="0000000001131688" totalBytesRequested="40" timestamp="2019-07-02T23:04:55.867" intervalms="9.163" />
<cycle-start id="6081" type="global" contextid="0" timestamp="2019-07-02T23:04:55.867" intervalms="9.189" />
  <attribute name="GC Util" value="256" />
  <attribute name="CPU Util" value="8957360640820" />
  <attribute name="Time Running"value="6495"/>
  <attribute name="Number of cores"value="4"/>
<gc-start id="6082" type="global" contextid="6081" timestamp="2019-07-02T23:04:55.867">
  <mem-info id="6083" free="163840" total="16449536" percent="0">
    <mem type="tenure" free="163840" total="16449536" percent="0">
      <mem type="soa" free="0" total="16285696" percent="0" />
      <mem type="loa" free="163840" total="163840" percent="100" />
    </mem>
  </mem-info>
</gc-start>
<allocation-stats totalBytes="10303632" >
  <allocated-bytes non-tlh="0" tlh="10303632" />
  <largest-consumer threadName="Thread-7" threadId="0000000001134900" bytes="2825352" />
</allocation-stats>
<gc-op id="6084" type="mark" timems="1.246" contextid="6081" timestamp="2019-07-02T23:04:55.868">
  <trace-info objectcount="66164" scancount="58586" scanbytes="2279492" />
  <finalization candidates="124" enqueued="0" />
  <ownableSynchronizers candidates="3" cleared="0" />
  <references type="soft" candidates="84" cleared="0" enqueued="0" dynamicThreshold="20" maxThreshold="32" />
  <references type="weak" candidates="774" cleared="0" enqueued="0" />
  <references type="phantom" candidates="63" cleared="0" enqueued="0" />
  <stringconstants candidates="4574" cleared="0"  />
</gc-op>
<gc-op id="6085" type="sweep" timems="0.306" contextid="6081" timestamp="2019-07-02T23:04:55.869" />
<heap-resize id="6086" type="contract" space="tenure" amount="131072" count="1" timems="0.035" reason="excess free space following gc" timestamp="2019-07-02T23:04:55.869" />
<gc-end id="6087" type="global" contextid="6081" durationms="2.246" usertimems="4.000" systemtimems="0.000" timestamp="2019-07-02T23:04:55.869" activeThreads="4">
  <mem-info id="6088" free="10198896" total="16318464" percent="62">
    <mem type="tenure" free="10198896" total="16318464" percent="62" micro-fragmented="112892" macro-fragmented="13104">
      <mem type="soa" free="10198896" total="16155648" percent="63" />
      <mem type="loa" free="0" total="162816" percent="0" />
    </mem>
  </mem-info>
</gc-end>
<cycle-end id="6089" type="global" contextid="6081" timestamp="2019-07-02T23:04:55.869">
  <attribute name="GC Util" value="195" />
  <attribute name="CPU Util" value="13770357761377" />
  <attribute name="Time Running"value="6504"/>
  <attribute name="Number of cores"value="4"/>
</cycle-end>
<allocation-satisfied id="6090" threadId="0000000001130D00" bytesRequested="40" />
<af-end id="6091" timestamp="2019-07-02T23:04:55.869" threadId="0000000001131688" success="true" />
<exclusive-end id="6092" timestamp="2019-07-02T23:04:55.870" durationms="3.109" />

<exclusive-start id="6093" timestamp="2019-07-02T23:04:55.875" intervalms="8.755">
  <response-info timems="0.036" idlems="0.036" threads="0" lastid="000000000112D100" lastname="Thread-8" />
</exclusive-start>
<af-start id="6094" threadId="000000000112DA88" totalBytesRequested="40" timestamp="2019-07-02T23:04:55.875" intervalms="8.738" />
<cycle-start id="6095" type="global" contextid="0" timestamp="2019-07-02T23:04:55.875" intervalms="8.709" />
  <attribute name="GC Util" value="195" />
  <attribute name="CPU Util" value="13770357761377" />
  <attribute name="Time Running"value="6504"/>
  <attribute name="Number of cores"value="4"/>
<gc-start id="6096" type="global" contextid="6095" timestamp="2019-07-02T23:04:55.876">
  <mem-info id="6097" free="0" total="16318464" percent="0">
    <mem type="tenure" free="0" total="16318464" percent="0">
      <mem type="soa" free="0" total="16155648" percent="0" />
      <mem type="loa" free="0" total="162816" percent="0" />
    </mem>
  </mem-info>
</gc-start>
<allocation-stats totalBytes="10253840" >
  <allocated-bytes non-tlh="0" tlh="10253840" />
  <largest-consumer threadName="Thread-10" threadId="0000000001129500" bytes="2607504" />
</allocation-stats>
<gc-op id="6098" type="mark" timems="1.971" contextid="6095" timestamp="2019-07-02T23:04:55.878">
  <trace-info objectcount="69063" scancount="61514" scanbytes="2348876" />
  <finalization candidates="124" enqueued="0" />
  <ownableSynchronizers candidates="3" cleared="0" />
  <references type="soft" candidates="84" cleared="0" enqueued="0" dynamicThreshold="19" maxThreshold="32" />
  <references type="weak" candidates="774" cleared="0" enqueued="0" />
  <references type="phantom" candidates="63" cleared="0" enqueued="0" />
  <stringconstants candidates="4574" cleared="0"  />
</gc-op>
<gc-op id="6099" type="sweep" timems="0.806" contextid="6095" timestamp="2019-07-02T23:04:55.879" />
<heap-resize id="6100" type="contract" space="tenure" amount="65536" count="1" timems="0.055" reason="excess free space following gc" timestamp="2019-07-02T23:04:55.879" />
<gc-end id="6101" type="global" contextid="6095" durationms="3.233" usertimems="0.000" systemtimems="8.000" timestamp="2019-07-02T23:04:55.879" activeThreads="4">
  <mem-info id="6102" free="10072600" total="16252928" percent="61">
    <mem type="tenure" free="10072600" total="16252928" percent="61" micro-fragmented="73853" macro-fragmented="43891">
      <mem type="soa" free="10072600" total="16091136" percent="62" />
      <mem type="loa" free="0" total="161792" percent="0" />
    </mem>
  </mem-info>
</gc-end>
<cycle-end id="6103" type="global" contextid="6095" timestamp="2019-07-02T23:04:55.879">
  <attribute name="GC Util" value="245" />
  <attribute name="CPU Util" value="8955647261332" />
  <attribute name="Time Running"value="6513"/>
  <attribute name="Number of cores"value="4"/>
</cycle-end>
<allocation-satisfied id="6104" threadId="000000000112D100" bytesRequested="40" />
<af-end id="6105" timestamp="2019-07-02T23:04:55.879" threadId="000000000112DA88" success="true" />
<exclusive-end id="6106" timestamp="2019-07-02T23:04:55.879" durationms="3.856" />

<exclusive-start id="6107" timestamp="2019-07-02T23:04:55.885" intervalms="9.272">
  <response-info timems="0.022" idlems="0.022" threads="0" lastid="000000000112D100" lastname="Thread-8" />
</exclusive-start>
<af-start id="6108" threadId="000000000112DA88" totalBytesRequested="40" timestamp="2019-07-02T23:04:55.885" intervalms="9.224" />
<cycle-start id="6109" type="global" contextid="0" timestamp="2019-07-02T23:04:55.885" intervalms="9.179" />
  <attribute name="GC Util" value="245" />
  <attribute name="CPU Util" value="8955647261332" />
  <attribute name="Time Running"value="6513"/>
  <attribute name="Number of cores"value="4"/>
<gc-start id="6110" type="global" contextid="6109" timestamp="2019-07-02T23:04:55.885">
  <mem-info id="6111" free="0" total="16252928" percent="0">
    <mem type="tenure" free="0" total="16252928" percent="0">
      <mem type="soa" free="0" total="16091136" percent="0" />
      <mem type="loa" free="0" total="161792" percent="0" />
    </mem>
  </mem-info>
</gc-start>
<allocation-stats totalBytes="10072104" >
  <allocated-bytes non-tlh="19056" tlh="10053048" />
  <largest-consumer threadName="Thread-8" threadId="000000000112D100" bytes="2627280" />
</allocation-stats>
<gc-op id="6112" type="mark" timems="1.911" contextid="6109" timestamp="2019-07-02T23:04:55.887">
  <trace-info objectcount="66944" scancount="59366" scanbytes="2298292" />
  <finalization candidates="124" enqueued="0" />
  <ownableSynchronizers candidates="3" cleared="0" />
  <references type="soft" candidates="84" cleared="0" enqueued="0" dynamicThreshold="19" maxThreshold="32" />
  <references type="weak" candidates="774" cleared="0" enqueued="0" />
  <references type="phantom" candidates="63" cleared="0" enqueued="0" />
  <stringconstants candidates="4574" cleared="0"  />
</gc-op>
<gc-op id="6113" type="sweep" timems="0.790" contextid="6109" timestamp="2019-07-02T23:04:55.888" />
<mem-info id="6114" free="10294840" total="16252928" percent="63">
  <mem type="tenure" free="10294840" total="16252928" percent="63" micro-fragmented="45056" macro-fragmented="44244">
    <mem type="soa" free="10169760" total="16091136" percent="63" />
    <mem type="loa" free="125080" total="161792" percent="77" />
  </mem>
</mem-info>
<gc-op id="6115" type="compact" timems="5.694" contextid="6109" timestamp="2019-07-02T23:04:55.893">
  <compact-info movecount="27205" movebytes="1203992" reason="compact to aid heap contraction" />
</gc-op>
<heap-resize id="6116" type="contract" space="tenure" amount="131072" count="1" timems="0.055" reason="excess free space following gc" timestamp="2019-07-02T23:04:55.894" />
<gc-end id="6117" type="global" contextid="6109" durationms="9.039" usertimems="16.000" systemtimems="0.000" timestamp="2019-07-02T23:04:55.894" activeThreads="4">
  <mem-info id="6118" free="10257936" total="16121856" percent="63">
    <mem type="tenure" free="10257936" total="16121856" percent="63">
      <mem type="soa" free="10127888" total="15961088" percent="63" />
      <mem type="loa" free="130048" total="160768" percent="80" />
    </mem>
  </mem-info>
</gc-end>
<cycle-end id="6119" type="global" contextid="6109" timestamp="2019-07-02T23:04:55.894">
  <attribute name="GC Util" value="149" />
  <attribute name="CPU Util" value="18633921455915" />
  <attribute name="Time Running"value="6523"/>
  <attribute name="Number of cores"value="4"/>
</cycle-end>
<allocation-satisfied id="6120" threadId="000000000112D100" bytesRequested="40" />
<af-end id="6121" timestamp="2019-07-02T23:04:55.894" threadId="000000000112DA88" success="true" />
<exclusive-end id="6122" timestamp="2019-07-02T23:04:55.894" durationms="9.517" />

<exclusive-start id="6123" timestamp="2019-07-02T23:04:55.899" intervalms="14.756">
  <response-info timems="0.023" idlems="0.023" threads="0" lastid="000000000112D100" lastname="Thread-8" />
</exclusive-start>
<af-start id="6124" threadId="000000000112DA88" totalBytesRequested="40" timestamp="2019-07-02T23:04:55.899" intervalms="14.754" />
<cycle-start id="6125" type="global" contextid="0" timestamp="2019-07-02T23:04:55.899" intervalms="14.753" />
  <attribute name="GC Util" value="149" />
  <attribute name="CPU Util" value="18633921455915" />
  <attribute name="Time Running"value="6523"/>
  <attribute name="Number of cores"value="4"/>
<gc-start id="6126" type="global" contextid="6125" timestamp="2019-07-02T23:04:55.899">
  <mem-info id="6127" free="130048" total="16121856" percent="0">
    <mem type="tenure" free="130048" total="16121856" percent="0">
      <mem type="soa" free="0" total="15961088" percent="0" />
      <mem type="loa" free="130048" total="160768" percent="80" />
    </mem>
  </mem-info>
</gc-start>
<allocation-stats totalBytes="10192504" >
  <allocated-bytes non-tlh="0" tlh="10192504" />
  <largest-consumer threadName="Thread-10" threadId="0000000001129500" bytes="2951352" />
</allocation-stats>
<gc-op id="6128" type="mark" timems="2.206" contextid="6125" timestamp="2019-07-02T23:04:55.902">
  <trace-info objectcount="64770" scancount="57199" scanbytes="2245668" />
  <finalization candidates="124" enqueued="0" />
  <ownableSynchronizers candidates="3" cleared="0" />
  <references type="soft" candidates="84" cleared="0" enqueued="0" dynamicThreshold="20" maxThreshold="32" />
  <references type="weak" candidates="774" cleared="0" enqueued="0" />
  <references type="phantom" candidates="63" cleared="0" enqueued="0" />
  <stringconstants candidates="4574" cleared="0"  />
</gc-op>
<gc-op id="6129" type="sweep" timems="0.727" contextid="6125" timestamp="2019-07-02T23:04:55.903" />
<heap-resize id="6130" type="contract" space="tenure" amount="131072" count="1" timems="0.065" reason="excess free space following gc" timestamp="2019-07-02T23:04:55.903" />
<gc-end id="6131" type="global" contextid="6125" durationms="3.440" usertimems="4.000" systemtimems="4.000" timestamp="2019-07-02T23:04:55.903" activeThreads="4">
  <mem-info id="6132" free="10001312" total="15990784" percent="62">
    <mem type="tenure" free="10001312" total="15990784" percent="62" micro-fragmented="94673" macro-fragmented="0">
      <mem type="soa" free="10001312" total="15831040" percent="63" />
      <mem type="loa" free="0" total="159744" percent="0" />
    </mem>
  </mem-info>
</gc-end>
<cycle-end id="6133" type="global" contextid="6125" timestamp="2019-07-02T23:04:55.903">
  <attribute name="GC Util" value="254" />
  <attribute name="CPU Util" value="8050214148764" />
  <attribute name="Time Running"value="6537"/>
  <attribute name="Number of cores"value="4"/>
</cycle-end>
<allocation-satisfied id="6134" threadId="000000000112D100" bytesRequested="40" />
<af-end id="6135" timestamp="2019-07-02T23:04:55.903" threadId="000000000112DA88" success="true" />
<exclusive-end id="6136" timestamp="2019-07-02T23:04:55.903" durationms="3.912" />

<exclusive-start id="6137" timestamp="2019-07-02T23:04:55.908" intervalms="8.555">
  <response-info timems="0.037" idlems="0.037" threads="0" lastid="0000000001129500" lastname="Thread-10" />
</exclusive-start>
<af-start id="6138" threadId="0000000001129E88" totalBytesRequested="40" timestamp="2019-07-02T23:04:55.908" intervalms="8.644" />
<cycle-start id="6139" type="global" contextid="0" timestamp="2019-07-02T23:04:55.908" intervalms="8.705" />
  <attribute name="GC Util" value="254" />
  <attribute name="CPU Util" value="8050214148764" />
  <attribute name="Time Running"value="6537"/>
  <attribute name="Number of cores"value="4"/>
<gc-start id="6140" type="global" contextid="6139" timestamp="2019-07-02T23:04:55.908">
  <mem-info id="6141" free="0" total="15990784" percent="0">
    <mem type="tenure" free="0" total="15990784" percent="0">
      <mem type="soa" free="0" total="15831040" percent="0" />
      <mem type="loa" free="0" total="159744" percent="0" />
    </mem>
  </mem-info>
</gc-start>
<allocation-stats totalBytes="9999096" >
  <allocated-bytes non-tlh="19056" tlh="9980040" />
  <largest-consumer threadName="Thread-7" threadId="0000000001134900" bytes="2877328" />
</allocation-stats>
<gc-op id="6142" type="mark" timems="2.027" contextid="6139" timestamp="2019-07-02T23:04:55.910">
  <trace-info objectcount="61532" scancount="53982" scanbytes="2167932" />
  <finalization candidates="124" enqueued="0" />
  <ownableSynchronizers candidates="3" cleared="0" />
  <references type="soft" candidates="84" cleared="0" enqueued="0" dynamicThreshold="20" maxThreshold="32" />
  <references type="weak" candidates="774" cleared="0" enqueued="0" />
  <references type="phantom" candidates="63" cleared="0" enqueued="0" />
  <stringconstants candidates="4574" cleared="0"  />
</gc-op>
<gc-op id="6143" type="sweep" timems="0.754" contextid="6139" timestamp="2019-07-02T23:04:55.911" />
<heap-resize id="6144" type="contract" space="tenure" amount="65536" count="1" timems="0.075" reason="excess free space following gc" timestamp="2019-07-02T23:04:55.911" />
<gc-end id="6145" type="global" contextid="6139" durationms="3.371" usertimems="8.000" systemtimems="0.000" timestamp="2019-07-02T23:04:55.912" activeThreads="4">
  <mem-info id="6146" free="9986280" total="15925248" percent="62">
    <mem type="tenure" free="9986280" total="15925248" percent="62" micro-fragmented="63398" macro-fragmented="77032">
      <mem type="soa" free="9986280" total="15766528" percent="63" />
      <mem type="loa" free="0" total="158720" percent="0" />
    </mem>
  </mem-info>
</gc-end>
<cycle-end id="6147" type="global" contextid="6139" timestamp="2019-07-02T23:04:55.912">
  <attribute name="GC Util" value="250" />
  <attribute name="CPU Util" value="8671826356839" />
  <attribute name="Time Running"value="6546"/>
  <attribute name="Number of cores"value="4"/>
</cycle-end>
<allocation-satisfied id="6148" threadId="0000000001129500" bytesRequested="40" />
<af-end id="6149" timestamp="2019-07-02T23:04:55.912" threadId="0000000001129E88" success="true" />
<exclusive-end id="6150" timestamp="2019-07-02T23:04:55.912" durationms="4.170" />

<exclusive-start id="6151" timestamp="2019-07-02T23:04:55.917" intervalms="9.375">
  <response-info timems="0.027" idlems="0.027" threads="0" lastid="0000000001129500" lastname="Thread-10" />
</exclusive-start>
<af-start id="6152" threadId="0000000001129E88" totalBytesRequested="40" timestamp="2019-07-02T23:04:55.917" intervalms="9.345" />
<cycle-start id="6153" type="global" contextid="0" timestamp="2019-07-02T23:04:55.917" intervalms="9.332" />
  <attribute name="GC Util" value="250" />
  <attribute name="CPU Util" value="8671826356839" />
  <attribute name="Time Running"value="6546"/>
  <attribute name="Number of cores"value="4"/>
<gc-start id="6154" type="global" contextid="6153" timestamp="2019-07-02T23:04:55.917">
  <mem-info id="6155" free="0" total="15925248" percent="0">
    <mem type="tenure" free="0" total="15925248" percent="0">
      <mem type="soa" free="0" total="15766528" percent="0" />
      <mem type="loa" free="0" total="158720" percent="0" />
    </mem>
  </mem-info>
</gc-start>
<allocation-stats totalBytes="9979768" >
  <allocated-bytes non-tlh="0" tlh="9979768" />
  <largest-consumer threadName="Thread-10" threadId="0000000001129500" bytes="2845472" />
</allocation-stats>
<gc-op id="6156" type="mark" timems="2.016" contextid="6153" timestamp="2019-07-02T23:04:55.920">
  <trace-info objectcount="62376" scancount="54802" scanbytes="2188052" />
  <finalization candidates="124" enqueued="0" />
  <ownableSynchronizers candidates="3" cleared="0" />
  <references type="soft" candidates="84" cleared="0" enqueued="0" dynamicThreshold="20" maxThreshold="32" />
  <references type="weak" candidates="774" cleared="0" enqueued="0" />
  <references type="phantom" candidates="63" cleared="0" enqueued="0" />
  <stringconstants candidates="4574" cleared="0"  />
</gc-op>
<gc-op id="6157" type="sweep" timems="0.610" contextid="6153" timestamp="2019-07-02T23:04:55.920" />
<mem-info id="6158" free="10012936" total="15925248" percent="62">
  <mem type="tenure" free="10012936" total="15925248" percent="62" micro-fragmented="65857" macro-fragmented="41428">
    <mem type="soa" free="9932344" total="15766528" percent="62" />
    <mem type="loa" free="80592" total="158720" percent="50" />
  </mem>
</mem-info>
<gc-op id="6159" type="compact" timems="4.965" contextid="6153" timestamp="2019-07-02T23:04:55.925">
  <compact-info movecount="22636" movebytes="1093728" reason="compact to aid heap contraction" />
</gc-op>
<heap-resize id="6160" type="contract" space="tenure" amount="131072" count="1" timems="0.066" reason="excess free space following gc" timestamp="2019-07-02T23:04:55.926" />
<gc-end id="6161" type="global" contextid="6153" durationms="8.219" usertimems="12.000" systemtimems="4.000" timestamp="2019-07-02T23:04:55.926" activeThreads="4">
  <mem-info id="6162" free="10043568" total="15794176" percent="63">
    <mem type="tenure" free="10043568" total="15794176" percent="63">
      <mem type="soa" free="9913520" total="15636480" percent="63" />
      <mem type="loa" free="130048" total="157696" percent="82" />
    </mem>
  </mem-info>
</gc-end>
<cycle-end id="6163" type="global" contextid="6153" timestamp="2019-07-02T23:04:55.926">
  <attribute name="GC Util" value="133" />
  <attribute name="CPU Util" value="24391646550551" />
  <attribute name="Time Running"value="6556"/>
  <attribute name="Number of cores"value="4"/>
</cycle-end>
<allocation-satisfied id="6164" threadId="0000000001129500" bytesRequested="40" />
<af-end id="6165" timestamp="2019-07-02T23:04:55.926" threadId="0000000001129E88" success="true" />
<exclusive-end id="6166" timestamp="2019-07-02T23:04:55.926" durationms="8.918" />

<exclusive-start id="6167" timestamp="2019-07-02T23:04:55.932" intervalms="15.289">
  <response-info timems="0.044" idlems="0.025" threads="1" lastid="0000000001130D00" lastname="Thread-9" />
</exclusive-start>
<af-start id="6168" threadId="000000000112DA88" totalBytesRequested="40" timestamp="2019-07-02T23:04:55.933" intervalms="15.252" />
<cycle-start id="6169" type="global" contextid="0" timestamp="2019-07-02T23:04:55.933" intervalms="15.208" />
  <attribute name="GC Util" value="133" />
  <attribute name="CPU Util" value="24391646550551" />
  <attribute name="Time Running"value="6556"/>
  <attribute name="Number of cores"value="4"/>
<gc-start id="6170" type="global" contextid="6169" timestamp="2019-07-02T23:04:55.933">
  <mem-info id="6171" free="130048" total="15794176" percent="0">
    <mem type="tenure" free="130048" total="15794176" percent="0">
      <mem type="soa" free="0" total="15636480" percent="0" />
      <mem type="loa" free="130048" total="157696" percent="82" />
    </mem>
  </mem-info>
</gc-start>
<allocation-stats totalBytes="9978768" >
  <allocated-bytes non-tlh="0" tlh="9978768" />
  <largest-consumer threadName="Thread-10" threadId="0000000001129500" bytes="3425392" />
</allocation-stats>
<gc-op id="6172" type="mark" timems="2.271" contextid="6169" timestamp="2019-07-02T23:04:55.935">
  <trace-info objectcount="63274" scancount="55707" scanbytes="2209796" />
  <finalization candidates="124" enqueued="0" />
  <ownableSynchronizers candidates="3" cleared="0" />
  <references type="soft" candidates="84" cleared="0" enqueued="0" dynamicThreshold="20" maxThreshold="32" />
  <references type="weak" candidates="774" cleared="0" enqueued="0" />
  <references type="phantom" candidates="63" cleared="0" enqueued="0" />
  <stringconstants candidates="4574" cleared="0"  />
</gc-op>
<gc-op id="6173" type="sweep" timems="0.759" contextid="6169" timestamp="2019-07-02T23:04:55.936" />
<heap-resize id="6174" type="contract" space="tenure" amount="131072" count="1" timems="0.080" reason="excess free space following gc" timestamp="2019-07-02T23:04:55.936" />
<gc-end id="6175" type="global" contextid="6169" durationms="3.568" usertimems="4.000" systemtimems="4.000" timestamp="2019-07-02T23:04:55.936" activeThreads="4">
  <mem-info id="6176" free="9813496" total="15663104" percent="62">
    <mem type="tenure" free="9813496" total="15663104" percent="62" micro-fragmented="0" macro-fragmented="0">
      <mem type="soa" free="9813496" total="15507456" percent="63" />
      <mem type="loa" free="0" total="155648" percent="0" />
    </mem>
  </mem-info>
</gc-end>
<cycle-end id="6177" type="global" contextid="6169" timestamp="2019-07-02T23:04:55.936">
  <attribute name="GC Util" value="248" />
  <attribute name="CPU Util" value="7848392374148" />
  <attribute name="Time Running"value="6570"/>
  <attribute name="Number of cores"value="4"/>
</cycle-end>
<allocation-satisfied id="6178" threadId="000000000112D100" bytesRequested="40" />
<af-end id="6179" timestamp="2019-07-02T23:04:55.937" threadId="000000000112DA88" success="true" />
<exclusive-end id="6180" timestamp="2019-07-02T23:04:55.937" durationms="4.090" />

<exclusive-start id="6181" timestamp="2019-07-02T23:04:55.943" intervalms="10.634">
  <response-info timems="0.037" idlems="0.037" threads="0" lastid="0000000001134900" lastname="Thread-7" />
</exclusive-start>
<af-start id="6182" threadId="0000000001135288" totalBytesRequested="40" timestamp="2019-07-02T23:04:55.943" intervalms="10.696" />
<cycle-start id="6183" type="global" contextid="0" timestamp="2019-07-02T23:04:55.943" intervalms="10.743" />
  <attribute name="GC Util" value="248" />
  <attribute name="CPU Util" value="7848392374148" />
  <attribute name="Time Running"value="6570"/>
  <attribute name="Number of cores"value="4"/>
<gc-start id="6184" type="global" contextid="6183" timestamp="2019-07-02T23:04:55.943">
  <mem-info id="6185" free="0" total="15663104" percent="0">
    <mem type="tenure" free="0" total="15663104" percent="0">
      <mem type="soa" free="0" total="15507456" percent="0" />
      <mem type="loa" free="0" total="155648" percent="0" />
    </mem>
  </mem-info>
</gc-start>
<allocation-stats totalBytes="9810152" >
  <allocated-bytes non-tlh="0" tlh="9810152" />
  <largest-consumer threadName="Thread-7" threadId="0000000001134900" bytes="3501208" />
</allocation-stats>
<gc-op id="6186" type="mark" timems="2.415" contextid="6183" timestamp="2019-07-02T23:04:55.946">
  <trace-info objectcount="64236" scancount="56655" scanbytes="2232996" />
  <finalization candidates="124" enqueued="0" />
  <ownableSynchronizers candidates="3" cleared="0" />
  <references type="soft" candidates="84" cleared="0" enqueued="0" dynamicThreshold="20" maxThreshold="32" />
  <references type="weak" candidates="774" cleared="0" enqueued="0" />
  <references type="phantom" candidates="63" cleared="0" enqueued="0" />
  <stringconstants candidates="4574" cleared="0"  />
</gc-op>
<gc-op id="6187" type="sweep" timems="0.794" contextid="6183" timestamp="2019-07-02T23:04:55.947" />
<heap-resize id="6188" type="contract" space="tenure" amount="65536" count="1" timems="0.083" reason="excess free space following gc" timestamp="2019-07-02T23:04:55.947" />
<gc-end id="6189" type="global" contextid="6183" durationms="3.824" usertimems="8.000" systemtimems="0.000" timestamp="2019-07-02T23:04:55.947" activeThreads="4">
  <mem-info id="6190" free="9712272" total="15597568" percent="62">
    <mem type="tenure" free="9712272" total="15597568" percent="62" micro-fragmented="26645" macro-fragmented="10920">
      <mem type="soa" free="9712272" total="15441920" percent="62" />
      <mem type="loa" free="0" total="155648" percent="0" />
    </mem>
  </mem-info>
</gc-end>
<cycle-end id="6191" type="global" contextid="6183" timestamp="2019-07-02T23:04:55.947">
  <attribute name="GC Util" value="242" />
  <attribute name="CPU Util" value="7374930369759" />
  <attribute name="Time Running"value="6581"/>
  <attribute name="Number of cores"value="4"/>
</cycle-end>
<allocation-satisfied id="6192" threadId="0000000001134900" bytesRequested="40" />
<af-end id="6193" timestamp="2019-07-02T23:04:55.948" threadId="0000000001135288" success="true" />
<exclusive-end id="6194" timestamp="2019-07-02T23:04:55.948" durationms="4.514" />

<exclusive-start id="6195" timestamp="2019-07-02T23:04:55.953" intervalms="9.454">
  <response-info timems="0.027" idlems="0.024" threads="1" lastid="0000000001134900" lastname="Thread-7" />
</exclusive-start>
<af-start id="6196" threadId="0000000001131688" totalBytesRequested="24" timestamp="2019-07-02T23:04:55.953" intervalms="9.430" />
<cycle-start id="6197" type="global" contextid="0" timestamp="2019-07-02T23:04:55.953" intervalms="9.468" />
  <attribute name="GC Util" value="242" />
  <attribute name="CPU Util" value="7374930369759" />
  <attribute name="Time Running"value="6581"/>
  <attribute name="Number of cores"value="4"/>
<gc-start id="6198" type="global" contextid="6197" timestamp="2019-07-02T23:04:55.953">
  <mem-info id="6199" free="0" total="15597568" percent="0">
    <mem type="tenure" free="0" total="15597568" percent="0">
      <mem type="soa" free="0" total="15441920" percent="0" />
      <mem type="loa" free="0" total="155648" percent="0" />
    </mem>
  </mem-info>
</gc-start>
<allocation-stats totalBytes="9705248" >
  <allocated-bytes non-tlh="0" tlh="9705248" />
  <largest-consumer threadName="Thread-7" threadId="0000000001134900" bytes="2846848" />
</allocation-stats>
<gc-op id="6200" type="mark" timems="1.228" contextid="6197" timestamp="2019-07-02T23:04:55.954">
  <trace-info objectcount="64986" scancount="57425" scanbytes="2250564" />
  <finalization candidates="124" enqueued="0" />
  <ownableSynchronizers candidates="3" cleared="0" />
  <references type="soft" candidates="84" cleared="0" enqueued="0" dynamicThreshold="19" maxThreshold="32" />
  <references type="weak" candidates="774" cleared="0" enqueued="0" />
  <references type="phantom" candidates="63" cleared="0" enqueued="0" />
  <stringconstants candidates="4574" cleared="0"  />
</gc-op>
<gc-op id="6201" type="sweep" timems="0.316" contextid="6197" timestamp="2019-07-02T23:04:55.955" />
<mem-info id="6202" free="9646848" total="15597568" percent="61">
  <mem type="tenure" free="9646848" total="15597568" percent="61" micro-fragmented="13322" macro-fragmented="16151">
    <mem type="soa" free="9646848" total="15441920" percent="62" />
    <mem type="loa" free="0" total="155648" percent="0" />
  </mem>
</mem-info>
<gc-op id="6203" type="compact" timems="3.667" contextid="6197" timestamp="2019-07-02T23:04:55.959">
  <compact-info movecount="13999" movebytes="611560" reason="compact to aid heap contraction" />
</gc-op>
<heap-resize id="6204" type="contract" space="tenure" amount="131072" count="1" timems="0.088" reason="excess free space following gc" timestamp="2019-07-02T23:04:55.959" />
<gc-end id="6205" type="global" contextid="6197" durationms="6.199" usertimems="8.000" systemtimems="0.000" timestamp="2019-07-02T23:04:55.959" activeThreads="4">
  <mem-info id="6206" free="9656448" total="15466496" percent="62">
    <mem type="tenure" free="9656448" total="15466496" percent="62">
      <mem type="soa" free="9526400" total="15311872" percent="62" />
      <mem type="loa" free="130048" total="154624" percent="84" />
    </mem>
  </mem-info>
</gc-end>
<cycle-end id="6207" type="global" contextid="6197" timestamp="2019-07-02T23:04:55.959">
  <attribute name="GC Util" value="11" />
  <attribute name="CPU Util" value="29141913325010" />
  <attribute name="Time Running"value="6590"/>
  <attribute name="Number of cores"value="4"/>
</cycle-end>
<allocation-satisfied id="6208" threadId="0000000001130D00" bytesRequested="24" />
<af-end id="6209" timestamp="2019-07-02T23:04:55.960" threadId="0000000001131688" success="true" />
<exclusive-end id="6210" timestamp="2019-07-02T23:04:55.960" durationms="7.027" />

<exclusive-start id="6211" timestamp="2019-07-02T23:04:55.972" intervalms="19.624">
  <response-info timems="0.031" idlems="0.031" threads="0" lastid="0000000001130D00" lastname="Thread-9" />
</exclusive-start>
<af-start id="6212" threadId="0000000001131688" totalBytesRequested="40" timestamp="2019-07-02T23:04:55.972" intervalms="19.662" />
<cycle-start id="6213" type="global" contextid="0" timestamp="2019-07-02T23:04:55.973" intervalms="19.657" />
  <attribute name="GC Util" value="11" />
  <attribute name="CPU Util" value="29141913325010" />
  <attribute name="Time Running"value="6590"/>
  <attribute name="Number of cores"value="4"/>
<gc-start id="6214" type="global" contextid="6213" timestamp="2019-07-02T23:04:55.973">
  <mem-info id="6215" free="130048" total="15466496" percent="0">
    <mem type="tenure" free="130048" total="15466496" percent="0">
      <mem type="soa" free="0" total="15311872" percent="0" />
      <mem type="loa" free="130048" total="154624" percent="84" />
    </mem>
  </mem-info>
</gc-start>
<allocation-stats totalBytes="9590344" >
  <allocated-bytes non-tlh="0" tlh="9590344" />
  <largest-consumer threadName="Thread-10" threadId="0000000001129500" bytes="5995624" />
</allocation-stats>
<gc-op id="6216" type="mark" timems="1.346" contextid="6213" timestamp="2019-07-02T23:04:55.974">
  <trace-info objectcount="66108" scancount="58533" scanbytes="2277972" />
  <finalization candidates="124" enqueued="0" />
  <ownableSynchronizers candidates="3" cleared="0" />
  <references type="soft" candidates="84" cleared="0" enqueued="0" dynamicThreshold="19" maxThreshold="32" />
  <references type="weak" candidates="774" cleared="0" enqueued="0" />
  <references type="phantom" candidates="63" cleared="0" enqueued="0" />
  <stringconstants candidates="4574" cleared="0"  />
</gc-op>
<gc-op id="6217" type="sweep" timems="0.257" contextid="6213" timestamp="2019-07-02T23:04:55.974" />
<heap-resize id="6218" type="contract" space="tenure" amount="131072" count="1" timems="0.092" reason="excess free space following gc" timestamp="2019-07-02T23:04:55.975" />
<gc-end id="6219" type="global" contextid="6213" durationms="2.371" usertimems="4.000" systemtimems="0.000" timestamp="2019-07-02T23:04:55.975" activeThreads="4">
  <mem-info id="6220" free="9421624" total="15335424" percent="61">
    <mem type="tenure" free="9421624" total="15335424" percent="61" micro-fragmented="6682" macro-fragmented="0">
      <mem type="soa" free="9421624" total="15182848" percent="62" />
      <mem type="loa" free="0" total="152576" percent="0" />
    </mem>
  </mem-info>
</gc-end>
<cycle-end id="6221" type="global" contextid="6213" timestamp="2019-07-02T23:04:55.975">
  <attribute name="GC Util" value="193" />
  <attribute name="CPU Util" value="12805703334318" />
  <attribute name="Time Running"value="6609"/>
  <attribute name="Number of cores"value="4"/>
</cycle-end>
<allocation-satisfied id="6222" threadId="0000000001130D00" bytesRequested="40" />
<af-end id="6223" timestamp="2019-07-02T23:04:55.975" threadId="0000000001131688" success="true" />
<exclusive-end id="6224" timestamp="2019-07-02T23:04:55.975" durationms="3.285" />

<exclusive-start id="6225" timestamp="2019-07-02T23:04:55.980" intervalms="7.825">
  <response-info timems="0.041" idlems="0.041" threads="0" lastid="000000000112D100" lastname="Thread-8" />
</exclusive-start>
<af-start id="6226" threadId="000000000112DA88" totalBytesRequested="40" timestamp="2019-07-02T23:04:55.980" intervalms="7.810" />
<cycle-start id="6227" type="global" contextid="0" timestamp="2019-07-02T23:04:55.980" intervalms="7.774" />
  <attribute name="GC Util" value="193" />
  <attribute name="CPU Util" value="12805703334318" />
  <attribute name="Time Running"value="6609"/>
  <attribute name="Number of cores"value="4"/>
<gc-start id="6228" type="global" contextid="6227" timestamp="2019-07-02T23:04:55.980">
  <mem-info id="6229" free="0" total="15335424" percent="0">
    <mem type="tenure" free="0" total="15335424" percent="0">
      <mem type="soa" free="0" total="15182848" percent="0" />
      <mem type="loa" free="0" total="152576" percent="0" />
    </mem>
  </mem-info>
</gc-start>
<allocation-stats totalBytes="9420648" >
  <allocated-bytes non-tlh="0" tlh="9420648" />
  <largest-consumer threadName="Thread-7" threadId="0000000001134900" bytes="2922784" />
</allocation-stats>
<gc-op id="6230" type="mark" timems="2.151" contextid="6227" timestamp="2019-07-02T23:04:55.983">
  <trace-info objectcount="68047" scancount="60458" scanbytes="2324748" />
  <finalization candidates="124" enqueued="0" />
  <ownableSynchronizers candidates="3" cleared="0" />
  <references type="soft" candidates="84" cleared="0" enqueued="0" dynamicThreshold="19" maxThreshold="32" />
  <references type="weak" candidates="774" cleared="0" enqueued="0" />
  <references type="phantom" candidates="63" cleared="0" enqueued="0" />
  <stringconstants candidates="4574" cleared="0"  />
</gc-op>
<gc-op id="6231" type="sweep" timems="0.766" contextid="6227" timestamp="2019-07-02T23:04:55.983" />
<gc-end id="6232" type="global" contextid="6227" durationms="3.241" usertimems="8.000" systemtimems="0.000" timestamp="2019-07-02T23:04:55.984" activeThreads="4">
  <mem-info id="6233" free="9424136" total="15335424" percent="61">
    <mem type="tenure" free="9424136" total="15335424" percent="61" micro-fragmented="13364" macro-fragmented="17208">
      <mem type="soa" free="9343496" total="15182848" percent="61" />
      <mem type="loa" free="80640" total="152576" percent="52" />
    </mem>
  </mem-info>
</gc-end>
<cycle-end id="6234" type="global" contextid="6227" timestamp="2019-07-02T23:04:55.984">
  <attribute name="GC Util" value="255" />
  <attribute name="CPU Util" value="8254850842024" />
  <attribute name="Time Running"value="6618"/>
  <attribute name="Number of cores"value="4"/>
</cycle-end>
<allocation-satisfied id="6235" threadId="000000000112D100" bytesRequested="40" />
<af-end id="6236" timestamp="2019-07-02T23:04:55.984" threadId="000000000112DA88" success="true" />
<exclusive-end id="6237" timestamp="2019-07-02T23:04:55.984" durationms="3.869" />

<exclusive-start id="6238" timestamp="2019-07-02T23:04:55.990" intervalms="9.693">
  <response-info timems="0.037" idlems="0.035" threads="1" lastid="0000000001134900" lastname="Thread-7" />
</exclusive-start>
<af-start id="6239" threadId="000000000112DA88" totalBytesRequested="40" timestamp="2019-07-02T23:04:55.990" intervalms="9.665" />
<cycle-start id="6240" type="global" contextid="0" timestamp="2019-07-02T23:04:55.990" intervalms="9.664" />
  <attribute name="GC Util" value="255" />
  <attribute name="CPU Util" value="8254850842024" />
  <attribute name="Time Running"value="6618"/>
  <attribute name="Number of cores"value="4"/>
<gc-start id="6241" type="global" contextid="6240" timestamp="2019-07-02T23:04:55.990">
  <mem-info id="6242" free="80640" total="15335424" percent="0">
    <mem type="tenure" free="80640" total="15335424" percent="0">
      <mem type="soa" free="0" total="15182848" percent="0" />
      <mem type="loa" free="80640" total="152576" percent="52" />
    </mem>
  </mem-info>
</gc-start>
<allocation-stats totalBytes="9338768" >
  <allocated-bytes non-tlh="0" tlh="9338768" />
  <largest-consumer threadName="Thread-7" threadId="0000000001134900" bytes="3897824" />
</allocation-stats>
<gc-op id="6243" type="mark" timems="2.382" contextid="6240" timestamp="2019-07-02T23:04:55.992">
  <trace-info objectcount="70292" scancount="62718" scanbytes="2378092" />
  <finalization candidates="124" enqueued="0" />
  <ownableSynchronizers candidates="3" cleared="0" />
  <references type="soft" candidates="84" cleared="0" enqueued="0" dynamicThreshold="19" maxThreshold="32" />
  <references type="weak" candidates="774" cleared="0" enqueued="0" />
  <references type="phantom" candidates="63" cleared="0" enqueued="0" />
  <stringconstants candidates="4574" cleared="0"  />
</gc-op>
<gc-op id="6244" type="sweep" timems="0.850" contextid="6240" timestamp="2019-07-02T23:04:55.993" />
<gc-end id="6245" type="global" contextid="6240" durationms="3.478" usertimems="12.000" systemtimems="0.000" timestamp="2019-07-02T23:04:55.993" activeThreads="4">
  <mem-info id="6246" free="9327312" total="15335424" percent="60">
    <mem type="tenure" free="9327312" total="15335424" percent="60" micro-fragmented="26253" macro-fragmented="0">
      <mem type="soa" free="9246672" total="15182848" percent="60" />
      <mem type="loa" free="80640" total="152576" percent="52" />
    </mem>
  </mem-info>
</gc-end>
<cycle-end id="6247" type="global" contextid="6240" timestamp="2019-07-02T23:04:55.994">
  <attribute name="GC Util" value="260" />
  <attribute name="CPU Util" value="7607224595236" />
  <attribute name="Time Running"value="6628"/>
  <attribute name="Number of cores"value="4"/>
</cycle-end>
<allocation-satisfied id="6248" threadId="000000000112D100" bytesRequested="40" />
<af-end id="6249" timestamp="2019-07-02T23:04:55.994" threadId="000000000112DA88" success="true" />
<exclusive-end id="6250" timestamp="2019-07-02T23:04:55.994" durationms="4.070" />

<exclusive-start id="6251" timestamp="2019-07-02T23:04:55.998" intervalms="8.035">
  <response-info timems="0.025" idlems="0.024" threads="1" lastid="000000000112D100" lastname="Thread-8" />
</exclusive-start>
<af-start id="6252" threadId="0000000001129E88" totalBytesRequested="40" timestamp="2019-07-02T23:04:55.998" intervalms="8.036" />
<cycle-start id="6253" type="global" contextid="0" timestamp="2019-07-02T23:04:55.998" intervalms="8.035" />
  <attribute name="GC Util" value="260" />
  <attribute name="CPU Util" value="7607224595236" />
  <attribute name="Time Running"value="6628"/>
  <attribute name="Number of cores"value="4"/>
<gc-start id="6254" type="global" contextid="6253" timestamp="2019-07-02T23:04:55.998">
  <mem-info id="6255" free="80640" total="15335424" percent="0">
    <mem type="tenure" free="80640" total="15335424" percent="0">
      <mem type="soa" free="0" total="15182848" percent="0" />
      <mem type="loa" free="80640" total="152576" percent="52" />
    </mem>
  </mem-info>
</gc-start>
<allocation-stats totalBytes="9237080" >
  <allocated-bytes non-tlh="19056" tlh="9218024" />
  <largest-consumer threadName="Thread-8" threadId="000000000112D100" bytes="2896400" />
</allocation-stats>
<gc-op id="6256" type="mark" timems="2.146" contextid="6253" timestamp="2019-07-02T23:04:56.000">
  <trace-info objectcount="66590" scancount="59014" scanbytes="2289620" />
  <finalization candidates="124" enqueued="0" />
  <ownableSynchronizers candidates="3" cleared="0" />
  <references type="soft" candidates="84" cleared="0" enqueued="0" dynamicThreshold="19" maxThreshold="32" />
  <references type="weak" candidates="774" cleared="0" enqueued="0" />
  <references type="phantom" candidates="63" cleared="0" enqueued="0" />
  <stringconstants candidates="4574" cleared="0"  />
</gc-op>
<gc-op id="6257" type="sweep" timems="0.844" contextid="6253" timestamp="2019-07-02T23:04:56.001" />
<gc-end id="6258" type="global" contextid="6253" durationms="3.302" usertimems="8.000" systemtimems="0.000" timestamp="2019-07-02T23:04:56.001" activeThreads="4">
  <mem-info id="6259" free="9426440" total="15335424" percent="61">
    <mem type="tenure" free="9426440" total="15335424" percent="61" micro-fragmented="36928" macro-fragmented="40716">
      <mem type="soa" free="9273864" total="15182848" percent="61" />
      <mem type="loa" free="152576" total="152576" percent="100" />
    </mem>
  </mem-info>
</gc-end>
<cycle-end id="6260" type="global" contextid="6253" timestamp="2019-07-02T23:04:56.001">
  <attribute name="GC Util" value="255" />
  <attribute name="CPU Util" value="8390180757652" />
  <attribute name="Time Running"value="6636"/>
  <attribute name="Number of cores"value="4"/>
</cycle-end>
<allocation-satisfied id="6261" threadId="0000000001129500" bytesRequested="40" />
<af-end id="6262" timestamp="2019-07-02T23:04:56.002" threadId="0000000001129E88" success="true" />
<exclusive-end id="6263" timestamp="2019-07-02T23:04:56.002" durationms="4.131" />

<exclusive-start id="6264" timestamp="2019-07-02T23:04:56.006" intervalms="8.121">
  <response-info timems="0.021" idlems="0.020" threads="1" lastid="0000000001134900" lastname="Thread-7" />
</exclusive-start>
<af-start id="6265" threadId="000000000112DA88" totalBytesRequested="24" timestamp="2019-07-02T23:04:56.006" intervalms="8.118" />
<cycle-start id="6266" type="global" contextid="0" timestamp="2019-07-02T23:04:56.006" intervalms="8.116" />
  <attribute name="GC Util" value="255" />
  <attribute name="CPU Util" value="8390180757652" />
  <attribute name="Time Running"value="6636"/>
  <attribute name="Number of cores"value="4"/>
<gc-start id="6267" type="global" contextid="6266" timestamp="2019-07-02T23:04:56.006">
  <mem-info id="6268" free="152576" total="15335424" percent="0">
    <mem type="tenure" free="152576" total="15335424" percent="0">
      <mem type="soa" free="0" total="15182848" percent="0" />
      <mem type="loa" free="152576" total="152576" percent="100" />
    </mem>
  </mem-info>
</gc-start>
<allocation-stats totalBytes="9260992" >
  <allocated-bytes non-tlh="0" tlh="9260992" />
  <largest-consumer threadName="Thread-7" threadId="0000000001134900" bytes="3028096" />
</allocation-stats>
<gc-op id="6269" type="mark" timems="2.289" contextid="6266" timestamp="2019-07-02T23:04:56.009">
  <trace-info objectcount="68137" scancount="60561" scanbytes="2326412" />
  <finalization candidates="124" enqueued="0" />
  <ownableSynchronizers candidates="3" cleared="0" />
  <references type="soft" candidates="84" cleared="0" enqueued="0" dynamicThreshold="19" maxThreshold="32" />
  <references type="weak" candidates="774" cleared="0" enqueued="0" />
  <references type="phantom" candidates="63" cleared="0" enqueued="0" />
  <stringconstants candidates="4574" cleared="0"  />
</gc-op>
<gc-op id="6270" type="sweep" timems="0.845" contextid="6266" timestamp="2019-07-02T23:04:56.009" />
<gc-end id="6271" type="global" contextid="6266" durationms="3.422" usertimems="12.000" systemtimems="0.000" timestamp="2019-07-02T23:04:56.010" activeThreads="4">
  <mem-info id="6272" free="9302240" total="15335424" percent="60">
    <mem type="tenure" free="9302240" total="15335424" percent="60" micro-fragmented="63303" macro-fragmented="17182">
      <mem type="soa" free="9149664" total="15182848" percent="60" />
      <mem type="loa" free="152576" total="152576" percent="100" />
    </mem>
  </mem-info>
</gc-end>
<cycle-end id="6273" type="global" contextid="6266" timestamp="2019-07-02T23:04:56.010">
  <attribute name="GC Util" value="259" />
  <attribute name="CPU Util" value="7869244126966" />
  <attribute name="Time Running"value="6644"/>
  <attribute name="Number of cores"value="4"/>
</cycle-end>
<allocation-satisfied id="6274" threadId="000000000112D100" bytesRequested="24" />
<af-end id="6275" timestamp="2019-07-02T23:04:56.010" threadId="000000000112DA88" success="true" />
<exclusive-end id="6276" timestamp="2019-07-02T23:04:56.010" durationms="3.887" />

<exclusive-start id="6277" timestamp="2019-07-02T23:04:56.014" intervalms="7.892">
  <response-info timems="0.022" idlems="0.022" threads="0" lastid="000000000112D100" lastname="Thread-8" />
</exclusive-start>
<af-start id="6278" threadId="000000000112DA88" totalBytesRequested="40" timestamp="2019-07-02T23:04:56.014" intervalms="7.886" />
<cycle-start id="6279" type="global" contextid="0" timestamp="2019-07-02T23:04:56.014" intervalms="7.885" />
  <attribute name="GC Util" value="259" />
  <attribute name="CPU Util" value="7869244126966" />
  <attribute name="Time Running"value="6644"/>
  <attribute name="Number of cores"value="4"/>
<gc-start id="6280" type="global" contextid="6279" timestamp="2019-07-02T23:04:56.014">
  <mem-info id="6281" free="152576" total="15335424" percent="0">
    <mem type="tenure" free="152576" total="15335424" percent="0">
      <mem type="soa" free="0" total="15182848" percent="0" />
      <mem type="loa" free="152576" total="152576" percent="100" />
    </mem>
  </mem-info>
</gc-start>
<allocation-stats totalBytes="9132368" >
  <allocated-bytes non-tlh="0" tlh="9132368" />
  <largest-consumer threadName="Thread-7" threadId="0000000001134900" bytes="3243240" />
</allocation-stats>
<gc-op id="6282" type="mark" timems="2.095" contextid="6279" timestamp="2019-07-02T23:04:56.016">
  <trace-info objectcount="69993" scancount="62427" scanbytes="2371084" />
  <finalization candidates="124" enqueued="0" />
  <ownableSynchronizers candidates="3" cleared="0" />
  <references type="soft" candidates="84" cleared="0" enqueued="0" dynamicThreshold="19" maxThreshold="32" />
  <references type="weak" candidates="774" cleared="0" enqueued="0" />
  <references type="phantom" candidates="63" cleared="0" enqueued="0" />
  <stringconstants candidates="4574" cleared="0"  />
</gc-op>
<gc-op id="6283" type="sweep" timems="0.884" contextid="6279" timestamp="2019-07-02T23:04:56.017" />
<heap-resize id="6284" type="expand" space="tenure" amount="1048576" count="1" timems="0.053" reason="excessive time being spent in gc" timestamp="2019-07-02T23:04:56.017" />
<gc-end id="6285" type="global" contextid="6279" durationms="3.387" usertimems="0.000" systemtimems="4.000" timestamp="2019-07-02T23:04:56.017" activeThreads="4">
  <mem-info id="6286" free="10201544" total="16384000" percent="62">
    <mem type="tenure" free="10201544" total="16384000" percent="62" micro-fragmented="68996" macro-fragmented="25168">
      <mem type="soa" free="10037704" total="16220160" percent="61" />
      <mem type="loa" free="163840" total="163840" percent="100" />
    </mem>
  </mem-info>
</gc-end>
<cycle-end id="6287" type="global" contextid="6279" timestamp="2019-07-02T23:04:56.018">
  <attribute name="GC Util" value="261" />
  <attribute name="CPU Util" value="8612898237876" />
  <attribute name="Time Running"value="6651"/>
  <attribute name="Number of cores"value="4"/>
</cycle-end>
<allocation-satisfied id="6288" threadId="000000000112D100" bytesRequested="40" />
<af-end id="6289" timestamp="2019-07-02T23:04:56.018" threadId="000000000112DA88" success="true" />
<exclusive-end id="6290" timestamp="2019-07-02T23:04:56.018" durationms="3.962" />

<exclusive-start id="6291" timestamp="2019-07-02T23:04:56.023" intervalms="9.548">
  <response-info timems="0.029" idlems="0.029" threads="0" lastid="000000000112D100" lastname="Thread-8" />
</exclusive-start>
<af-start id="6292" threadId="000000000112DA88" totalBytesRequested="40" timestamp="2019-07-02T23:04:56.023" intervalms="9.513" />
<cycle-start id="6293" type="global" contextid="0" timestamp="2019-07-02T23:04:56.023" intervalms="9.470" />
  <attribute name="GC Util" value="261" />
  <attribute name="CPU Util" value="8612898237876" />
  <attribute name="Time Running"value="6651"/>
  <attribute name="Number of cores"value="4"/>
<gc-start id="6294" type="global" contextid="6293" timestamp="2019-07-02T23:04:56.024">
  <mem-info id="6295" free="163840" total="16384000" percent="1">
    <mem type="tenure" free="163840" total="16384000" percent="1">
      <mem type="soa" free="0" total="16220160" percent="0" />
      <mem type="loa" free="163840" total="163840" percent="100" />
    </mem>
  </mem-info>
</gc-start>
<allocation-stats totalBytes="10016688" >
  <allocated-bytes non-tlh="0" tlh="10016688" />
  <largest-consumer threadName="Thread-7" threadId="0000000001134900" bytes="4542512" />
</allocation-stats>
<gc-op id="6296" type="mark" timems="2.475" contextid="6293" timestamp="2019-07-02T23:04:56.026">
  <trace-info objectcount="72735" scancount="65149" scanbytes="2437020" />
  <finalization candidates="124" enqueued="0" />
  <ownableSynchronizers candidates="3" cleared="0" />
  <references type="soft" candidates="84" cleared="0" enqueued="0" dynamicThreshold="19" maxThreshold="32" />
  <references type="weak" candidates="774" cleared="0" enqueued="0" />
  <references type="phantom" candidates="63" cleared="0" enqueued="0" />
  <stringconstants candidates="4574" cleared="0"  />
</gc-op>
<gc-op id="6297" type="sweep" timems="0.921" contextid="6293" timestamp="2019-07-02T23:04:56.027" />
<gc-end id="6298" type="global" contextid="6293" durationms="3.715" usertimems="12.000" systemtimems="0.000" timestamp="2019-07-02T23:04:56.027" activeThreads="4">
  <mem-info id="6299" free="9983696" total="16384000" percent="60">
    <mem type="tenure" free="9983696" total="16384000" percent="60" micro-fragmented="88171" macro-fragmented="12001">
      <mem type="soa" free="9819856" total="16220160" percent="60" />
      <mem type="loa" free="163840" total="163840" percent="100" />
    </mem>
  </mem-info>
</gc-end>
<cycle-end id="6300" type="global" contextid="6293" timestamp="2019-07-02T23:04:56.027">
  <attribute name="GC Util" value="251" />
  <attribute name="CPU Util" value="7189201629873" />
  <attribute name="Time Running"value="6661"/>
  <attribute name="Number of cores"value="4"/>
</cycle-end>
<allocation-satisfied id="6301" threadId="000000000112D100" bytesRequested="40" />
<af-end id="6302" timestamp="2019-07-02T23:04:56.027" threadId="000000000112DA88" success="true" />
<exclusive-end id="6303" timestamp="2019-07-02T23:04:56.028" durationms="4.224" />

<exclusive-start id="6304" timestamp="2019-07-02T23:04:56.032" intervalms="8.835">
  <response-info timems="0.064" idlems="0.064" threads="1" lastid="000000000112D100" lastname="Thread-8" />
</exclusive-start>
<af-start id="6305" threadId="0000000001135288" totalBytesRequested="40" timestamp="2019-07-02T23:04:56.032" intervalms="8.879" />
<cycle-start id="6306" type="global" contextid="0" timestamp="2019-07-02T23:04:56.032" intervalms="8.944" />
  <attribute name="GC Util" value="251" />
  <attribute name="CPU Util" value="7189201629873" />
  <attribute name="Time Running"value="6661"/>
  <attribute name="Number of cores"value="4"/>
<gc-start id="6307" type="global" contextid="6306" timestamp="2019-07-02T23:04:56.032">
  <mem-info id="6308" free="163840" total="16384000" percent="1">
    <mem type="tenure" free="163840" total="16384000" percent="1">
      <mem type="soa" free="0" total="16220160" percent="0" />
      <mem type="loa" free="163840" total="163840" percent="100" />
    </mem>
  </mem-info>
</gc-start>
<allocation-stats totalBytes="9791672" >
  <allocated-bytes non-tlh="19056" tlh="9772616" />
  <largest-consumer threadName="Thread-7" threadId="0000000001134900" bytes="3469768" />
</allocation-stats>
<gc-op id="6309" type="mark" timems="2.415" contextid="6306" timestamp="2019-07-02T23:04:56.035">
  <trace-info objectcount="69333" scancount="61782" scanbytes="2355452" />
  <finalization candidates="124" enqueued="0" />
  <ownableSynchronizers candidates="3" cleared="0" />
  <references type="soft" candidates="84" cleared="0" enqueued="0" dynamicThreshold="19" maxThreshold="32" />
  <references type="weak" candidates="774" cleared="0" enqueued="0" />
  <references type="phantom" candidates="63" cleared="0" enqueued="0" />
  <stringconstants candidates="4574" cleared="0"  />
</gc-op>
<gc-op id="6310" type="sweep" timems="1.116" contextid="6306" timestamp="2019-07-02T23:04:56.036" />
<gc-end id="6311" type="global" contextid="6306" durationms="3.917" usertimems="12.000" systemtimems="0.000" timestamp="2019-07-02T23:04:56.036" activeThreads="4">
  <mem-info id="6312" free="10169680" total="16384000" percent="62">
    <mem type="tenure" free="10169680" total="16384000" percent="62" micro-fragmented="110559" macro-fragmented="29269">
      <mem type="soa" free="10005840" total="16220160" percent="61" />
      <mem type="loa" free="163840" total="163840" percent="100" />
    </mem>
  </mem-info>
</gc-end>
<cycle-end id="6313" type="global" contextid="6306" timestamp="2019-07-02T23:04:56.037">
  <attribute name="GC Util" value="252" />
  <attribute name="CPU Util" value="7368840920155" />
  <attribute name="Time Running"value="6670"/>
  <attribute name="Number of cores"value="4"/>
</cycle-end>
<allocation-satisfied id="6314" threadId="0000000001134900" bytesRequested="40" />
<af-end id="6315" timestamp="2019-07-02T23:04:56.037" threadId="0000000001135288" success="true" />
<exclusive-end id="6316" timestamp="2019-07-02T23:04:56.037" durationms="4.707" />

<exclusive-start id="6317" timestamp="2019-07-02T23:04:56.042" intervalms="9.547">
  <response-info timems="0.024" idlems="0.024" threads="0" lastid="0000000001130D00" lastname="Thread-9" />
</exclusive-start>
<af-start id="6318" threadId="0000000001131688" totalBytesRequested="40" timestamp="2019-07-02T23:04:56.042" intervalms="9.562" />
<cycle-start id="6319" type="global" contextid="0" timestamp="2019-07-02T23:04:56.042" intervalms="9.574" />
  <attribute name="GC Util" value="252" />
  <attribute name="CPU Util" value="7368840920155" />
  <attribute name="Time Running"value="6670"/>
  <attribute name="Number of cores"value="4"/>
<gc-start id="6320" type="global" contextid="6319" timestamp="2019-07-02T23:04:56.042">
  <mem-info id="6321" free="163840" total="16384000" percent="1">
    <mem type="tenure" free="163840" total="16384000" percent="1">
      <mem type="soa" free="0" total="16220160" percent="0" />
      <mem type="loa" free="163840" total="163840" percent="100" />
    </mem>
  </mem-info>
</gc-start>
<allocation-stats totalBytes="9979896" >
  <allocated-bytes non-tlh="0" tlh="9979896" />
  <largest-consumer threadName="Thread-7" threadId="0000000001134900" bytes="3399480" />
</allocation-stats>
<gc-op id="6322" type="mark" timems="1.239" contextid="6319" timestamp="2019-07-02T23:04:56.043">
  <trace-info objectcount="70191" scancount="62615" scanbytes="2376052" />
  <finalization candidates="124" enqueued="0" />
  <ownableSynchronizers candidates="3" cleared="0" />
  <references type="soft" candidates="84" cleared="0" enqueued="0" dynamicThreshold="19" maxThreshold="32" />
  <references type="weak" candidates="774" cleared="0" enqueued="0" />
  <references type="phantom" candidates="63" cleared="0" enqueued="0" />
  <stringconstants candidates="4574" cleared="0"  />
</gc-op>
<gc-op id="6323" type="sweep" timems="0.415" contextid="6319" timestamp="2019-07-02T23:04:56.044" />
<heap-resize id="6324" type="contract" space="tenure" amount="131072" count="1" timems="0.064" reason="excess free space following gc" timestamp="2019-07-02T23:04:56.044" />
<gc-end id="6325" type="global" contextid="6319" durationms="2.165" usertimems="4.000" systemtimems="0.000" timestamp="2019-07-02T23:04:56.044" activeThreads="4">
  <mem-info id="6326" free="9889624" total="16252928" percent="60">
    <mem type="tenure" free="9889624" total="16252928" percent="60" micro-fragmented="131255" macro-fragmented="24987">
      <mem type="soa" free="9782208" total="16091136" percent="60" />
      <mem type="loa" free="107416" total="161792" percent="66" />
    </mem>
  </mem-info>
</gc-end>
<cycle-end id="6327" type="global" contextid="6319" timestamp="2019-07-02T23:04:56.044">
  <attribute name="GC Util" value="225" />
  <attribute name="CPU Util" value="14165525316526" />
  <attribute name="Time Running"value="6679"/>
  <attribute name="Number of cores"value="4"/>
</cycle-end>
<allocation-satisfied id="6328" threadId="0000000001130D00" bytesRequested="40" />
<af-end id="6329" timestamp="2019-07-02T23:04:56.045" threadId="0000000001131688" success="true" />
<exclusive-end id="6330" timestamp="2019-07-02T23:04:56.045" durationms="2.931" />

<exclusive-start id="6331" timestamp="2019-07-02T23:04:56.051" intervalms="8.971">
  <response-info timems="0.083" idlems="0.051" threads="1" lastid="0000000001130D00" lastname="Thread-9" />
</exclusive-start>
<af-start id="6332" threadId="0000000001135288" totalBytesRequested="40" timestamp="2019-07-02T23:04:56.051" intervalms="8.970" />
<cycle-start id="6333" type="global" contextid="0" timestamp="2019-07-02T23:04:56.051" intervalms="8.976" />
  <attribute name="GC Util" value="225" />
  <attribute name="CPU Util" value="14165525316526" />
  <attribute name="Time Running"value="6679"/>
  <attribute name="Number of cores"value="4"/>
<gc-start id="6334" type="global" contextid="6333" timestamp="2019-07-02T23:04:56.051">
  <mem-info id="6335" free="107416" total="16252928" percent="0">
    <mem type="tenure" free="107416" total="16252928" percent="0">
      <mem type="soa" free="0" total="16091136" percent="0" />
      <mem type="loa" free="107416" total="161792" percent="66" />
    </mem>
  </mem-info>
</gc-start>
<allocation-stats totalBytes="9755008" >
  <allocated-bytes non-tlh="23160" tlh="9731848" />
  <largest-consumer threadName="Thread-7" threadId="0000000001134900" bytes="3252192" />
</allocation-stats>
<gc-op id="6336" type="mark" timems="2.069" contextid="6333" timestamp="2019-07-02T23:04:56.053">
  <trace-info objectcount="66413" scancount="58843" scanbytes="2285580" />
  <finalization candidates="124" enqueued="0" />
  <ownableSynchronizers candidates="3" cleared="0" />
  <references type="soft" candidates="84" cleared="0" enqueued="0" dynamicThreshold="19" maxThreshold="32" />
  <references type="weak" candidates="774" cleared="0" enqueued="0" />
  <references type="phantom" candidates="63" cleared="0" enqueued="0" />
  <stringconstants candidates="4574" cleared="0"  />
</gc-op>
<gc-op id="6337" type="sweep" timems="0.842" contextid="6333" timestamp="2019-07-02T23:04:56.054" />
<heap-resize id="6338" type="contract" space="tenure" amount="131072" count="1" timems="0.107" reason="excess free space following gc" timestamp="2019-07-02T23:04:56.055" />
<gc-end id="6339" type="global" contextid="6333" durationms="3.662" usertimems="8.000" systemtimems="0.000" timestamp="2019-07-02T23:04:56.055" activeThreads="4">
  <mem-info id="6340" free="9996552" total="16121856" percent="62">
    <mem type="tenure" free="9996552" total="16121856" percent="62" micro-fragmented="156519" macro-fragmented="27792">
      <mem type="soa" free="9996552" total="15961088" percent="62" />
      <mem type="loa" free="0" total="160768" percent="0" />
    </mem>
  </mem-info>
</gc-end>
<cycle-end id="6341" type="global" contextid="6333" timestamp="2019-07-02T23:04:56.055">
  <attribute name="GC Util" value="244" />
  <attribute name="CPU Util" value="8563200473305" />
  <attribute name="Time Running"value="6689"/>
  <attribute name="Number of cores"value="4"/>
</cycle-end>
<allocation-satisfied id="6342" threadId="0000000001134900" bytesRequested="40" />
<af-end id="6343" timestamp="2019-07-02T23:04:56.055" threadId="0000000001135288" success="true" />
<exclusive-end id="6344" timestamp="2019-07-02T23:04:56.055" durationms="4.494" />

<exclusive-start id="6345" timestamp="2019-07-02T23:04:56.060" intervalms="9.462">
  <response-info timems="0.024" idlems="0.024" threads="0" lastid="0000000001134900" lastname="Thread-7" />
</exclusive-start>
<af-start id="6346" threadId="0000000001135288" totalBytesRequested="40" timestamp="2019-07-02T23:04:56.060" intervalms="9.446" />
<cycle-start id="6347" type="global" contextid="0" timestamp="2019-07-02T23:04:56.060" intervalms="9.410" />
  <attribute name="GC Util" value="244" />
  <attribute name="CPU Util" value="8563200473305" />
  <attribute name="Time Running"value="6689"/>
  <attribute name="Number of cores"value="4"/>
<gc-start id="6348" type="global" contextid="6347" timestamp="2019-07-02T23:04:56.060">
  <mem-info id="6349" free="0" total="16121856" percent="0">
    <mem type="tenure" free="0" total="16121856" percent="0">
      <mem type="soa" free="0" total="15961088" percent="0" />
      <mem type="loa" free="0" total="160768" percent="0" />
    </mem>
  </mem-info>
</gc-start>
<allocation-stats totalBytes="9984696" >
  <allocated-bytes non-tlh="19056" tlh="9965640" />
  <largest-consumer threadName="Thread-10" threadId="0000000001129500" bytes="2983112" />
</allocation-stats>
<gc-op id="6350" type="mark" timems="2.146" contextid="6347" timestamp="2019-07-02T23:04:56.063">
  <trace-info objectcount="62982" scancount="55405" scanbytes="2203100" />
  <finalization candidates="124" enqueued="0" />
  <ownableSynchronizers candidates="3" cleared="0" />
  <references type="soft" candidates="84" cleared="0" enqueued="0" dynamicThreshold="19" maxThreshold="32" />
  <references type="weak" candidates="774" cleared="0" enqueued="0" />
  <references type="phantom" candidates="63" cleared="0" enqueued="0" />
  <stringconstants candidates="4574" cleared="0"  />
</gc-op>
<gc-op id="6351" type="sweep" timems="0.767" contextid="6347" timestamp="2019-07-02T23:04:56.064" />
<mem-info id="6352" free="10247200" total="16121856" percent="63">
  <mem type="tenure" free="10247200" total="16121856" percent="63" micro-fragmented="61751" macro-fragmented="32527">
    <mem type="soa" free="10162736" total="15961088" percent="63" />
    <mem type="loa" free="84464" total="160768" percent="52" />
  </mem>
</mem-info>
<gc-op id="6353" type="compact" timems="5.282" contextid="6347" timestamp="2019-07-02T23:04:56.069">
  <compact-info movecount="18060" movebytes="847032" reason="compact to aid heap contraction" />
</gc-op>
<heap-resize id="6354" type="contract" space="tenure" amount="131072" count="1" timems="0.083" reason="excess free space following gc" timestamp="2019-07-02T23:04:56.069" />
<gc-end id="6355" type="global" contextid="6347" durationms="8.984" usertimems="4.000" systemtimems="12.000" timestamp="2019-07-02T23:04:56.069" activeThreads="4">
  <mem-info id="6356" free="10223080" total="15990784" percent="63">
    <mem type="tenure" free="10223080" total="15990784" percent="63">
      <mem type="soa" free="10093032" total="15831040" percent="63" />
      <mem type="loa" free="130048" total="159744" percent="81" />
    </mem>
  </mem-info>
</gc-end>
<cycle-end id="6357" type="global" contextid="6347" timestamp="2019-07-02T23:04:56.070">
  <attribute name="GC Util" value="148" />
  <attribute name="CPU Util" value="18281479128922" />
  <attribute name="Time Running"value="6699"/>
  <attribute name="Number of cores"value="4"/>
</cycle-end>
<allocation-satisfied id="6358" threadId="0000000001134900" bytesRequested="40" />
<af-end id="6359" timestamp="2019-07-02T23:04:56.070" threadId="0000000001135288" success="true" />
<exclusive-end id="6360" timestamp="2019-07-02T23:04:56.070" durationms="9.696" />

<exclusive-start id="6361" timestamp="2019-07-02T23:04:56.076" intervalms="16.246">
  <response-info timems="0.030" idlems="0.030" threads="0" lastid="0000000001129500" lastname="Thread-10" />
</exclusive-start>
<af-start id="6362" threadId="0000000001129E88" totalBytesRequested="40" timestamp="2019-07-02T23:04:56.076" intervalms="16.226" />
<cycle-start id="6363" type="global" contextid="0" timestamp="2019-07-02T23:04:56.077" intervalms="16.195" />
  <attribute name="GC Util" value="148" />
  <attribute name="CPU Util" value="18281479128922" />
  <attribute name="Time Running"value="6699"/>
  <attribute name="Number of cores"value="4"/>
<gc-start id="6364" type="global" contextid="6363" timestamp="2019-07-02T23:04:56.077">
  <mem-info id="6365" free="130048" total="15990784" percent="0">
    <mem type="tenure" free="130048" total="15990784" percent="0">
      <mem type="soa" free="0" total="15831040" percent="0" />
      <mem type="loa" free="130048" total="159744" percent="81" />
    </mem>
  </mem-info>
</gc-start>
<allocation-stats totalBytes="10157688" >
  <allocated-bytes non-tlh="0" tlh="10157688" />
  <largest-consumer threadName="Thread-10" threadId="0000000001129500" bytes="3637000" />
</allocation-stats>
<gc-op id="6366" type="mark" timems="2.403" contextid="6363" timestamp="2019-07-02T23:04:56.079">
  <trace-info objectcount="65488" scancount="57930" scanbytes="2263244" />
  <finalization candidates="124" enqueued="0" />
  <ownableSynchronizers candidates="3" cleared="0" />
  <references type="soft" candidates="84" cleared="0" enqueued="0" dynamicThreshold="20" maxThreshold="32" />
  <references type="weak" candidates="774" cleared="0" enqueued="0" />
  <references type="phantom" candidates="63" cleared="0" enqueued="0" />
  <stringconstants candidates="4574" cleared="0"  />
</gc-op>
<gc-op id="6367" type="sweep" timems="0.730" contextid="6363" timestamp="2019-07-02T23:04:56.080" />
<heap-resize id="6368" type="contract" space="tenure" amount="131072" count="1" timems="0.096" reason="excess free space following gc" timestamp="2019-07-02T23:04:56.080" />
<gc-end id="6369" type="global" contextid="6363" durationms="3.760" usertimems="8.000" systemtimems="0.000" timestamp="2019-07-02T23:04:56.080" activeThreads="4">
  <mem-info id="6370" free="10036840" total="15859712" percent="63">
    <mem type="tenure" free="10036840" total="15859712" percent="63" micro-fragmented="13360" macro-fragmented="36936">
      <mem type="soa" free="9958736" total="15702016" percent="63" />
      <mem type="loa" free="78104" total="157696" percent="49" />
    </mem>
  </mem-info>
</gc-end>
<cycle-end id="6371" type="global" contextid="6363" timestamp="2019-07-02T23:04:56.081">
  <attribute name="GC Util" value="248" />
  <attribute name="CPU Util" value="7403784463162" />
  <attribute name="Time Running"value="6714"/>
  <attribute name="Number of cores"value="4"/>
</cycle-end>
<allocation-satisfied id="6372" threadId="0000000001129500" bytesRequested="40" />
<af-end id="6373" timestamp="2019-07-02T23:04:56.081" threadId="0000000001129E88" success="true" />
<exclusive-end id="6374" timestamp="2019-07-02T23:04:56.081" durationms="4.455" />

<exclusive-start id="6375" timestamp="2019-07-02T23:04:56.086" intervalms="9.392">
  <response-info timems="0.028" idlems="0.028" threads="0" lastid="0000000001130D00" lastname="Thread-9" />
</exclusive-start>
<af-start id="6376" threadId="0000000001131688" totalBytesRequested="24" timestamp="2019-07-02T23:04:56.086" intervalms="9.424" />
<cycle-start id="6377" type="global" contextid="0" timestamp="2019-07-02T23:04:56.086" intervalms="9.492" />
  <attribute name="GC Util" value="248" />
  <attribute name="CPU Util" value="7403784463162" />
  <attribute name="Time Running"value="6714"/>
  <attribute name="Number of cores"value="4"/>
<gc-start id="6378" type="global" contextid="6377" timestamp="2019-07-02T23:04:56.086">
  <mem-info id="6379" free="78104" total="15859712" percent="0">
    <mem type="tenure" free="78104" total="15859712" percent="0">
      <mem type="soa" free="0" total="15702016" percent="0" />
      <mem type="loa" free="78104" total="157696" percent="49" />
    </mem>
  </mem-info>
</gc-start>
<allocation-stats totalBytes="9958272" >
  <allocated-bytes non-tlh="0" tlh="9958272" />
  <largest-consumer threadName="Thread-10" threadId="0000000001129500" bytes="2654256" />
</allocation-stats>
<gc-op id="6380" type="mark" timems="1.219" contextid="6377" timestamp="2019-07-02T23:04:56.088">
  <trace-info objectcount="67394" scancount="59831" scanbytes="2308892" />
  <finalization candidates="124" enqueued="0" />
  <ownableSynchronizers candidates="3" cleared="0" />
  <references type="soft" candidates="84" cleared="0" enqueued="0" dynamicThreshold="20" maxThreshold="32" />
  <references type="weak" candidates="774" cleared="0" enqueued="0" />
  <references type="phantom" candidates="63" cleared="0" enqueued="0" />
  <stringconstants candidates="4574" cleared="0"  />
</gc-op>
<gc-op id="6381" type="sweep" timems="0.320" contextid="6377" timestamp="2019-07-02T23:04:56.088" />
<heap-resize id="6382" type="contract" space="tenure" amount="131072" count="1" timems="0.087" reason="excess free space following gc" timestamp="2019-07-02T23:04:56.088" />
<gc-end id="6383" type="global" contextid="6377" durationms="2.187" usertimems="4.000" systemtimems="0.000" timestamp="2019-07-02T23:04:56.088" activeThreads="4">
  <mem-info id="6384" free="9769128" total="15728640" percent="62">
    <mem type="tenure" free="9769128" total="15728640" percent="62" micro-fragmented="11073" macro-fragmented="32832">
      <mem type="soa" free="9769128" total="15571968" percent="62" />
      <mem type="loa" free="0" total="156672" percent="0" />
    </mem>
  </mem-info>
</gc-end>
<cycle-end id="6385" type="global" contextid="6377" timestamp="2019-07-02T23:04:56.088">
  <attribute name="GC Util" value="201" />
  <attribute name="CPU Util" value="14110577379952" />
  <attribute name="Time Running"value="6723"/>
  <attribute name="Number of cores"value="4"/>
</cycle-end>
<allocation-satisfied id="6386" threadId="0000000001130D00" bytesRequested="24" />
<af-end id="6387" timestamp="2019-07-02T23:04:56.089" threadId="0000000001131688" success="true" />
<exclusive-end id="6388" timestamp="2019-07-02T23:04:56.089" durationms="2.910" />

<exclusive-start id="6389" timestamp="2019-07-02T23:04:56.099" intervalms="13.575">
  <response-info timems="0.031" idlems="0.031" threads="0" lastid="0000000001130D00" lastname="Thread-9" />
</exclusive-start>
<af-start id="6390" threadId="0000000001131688" totalBytesRequested="40" timestamp="2019-07-02T23:04:56.100" intervalms="13.632" />
<cycle-start id="6391" type="global" contextid="0" timestamp="2019-07-02T23:04:56.100" intervalms="13.646" />
  <attribute name="GC Util" value="201" />
  <attribute name="CPU Util" value="14110577379952" />
  <attribute name="Time Running"value="6723"/>
  <attribute name="Number of cores"value="4"/>
<gc-start id="6392" type="global" contextid="6391" timestamp="2019-07-02T23:04:56.100">
  <mem-info id="6393" free="0" total="15728640" percent="0">
    <mem type="tenure" free="0" total="15728640" percent="0">
      <mem type="soa" free="0" total="15571968" percent="0" />
      <mem type="loa" free="0" total="156672" percent="0" />
    </mem>
  </mem-info>
</gc-start>
<allocation-stats totalBytes="9766808" >
  <allocated-bytes non-tlh="19056" tlh="9747752" />
  <largest-consumer threadName="Thread-10" threadId="0000000001129500" bytes="7003032" />
</allocation-stats>
<gc-op id="6394" type="mark" timems="1.246" contextid="6391" timestamp="2019-07-02T23:04:56.101">
  <trace-info objectcount="66108" scancount="58536" scanbytes="2277860" />
  <finalization candidates="124" enqueued="0" />
  <ownableSynchronizers candidates="3" cleared="0" />
  <references type="soft" candidates="84" cleared="0" enqueued="0" dynamicThreshold="19" maxThreshold="32" />
  <references type="weak" candidates="774" cleared="0" enqueued="0" />
  <references type="phantom" candidates="63" cleared="0" enqueued="0" />
  <stringconstants candidates="4574" cleared="0"  />
</gc-op>
<gc-op id="6395" type="sweep" timems="0.301" contextid="6391" timestamp="2019-07-02T23:04:56.102" />
<mem-info id="6396" free="9868872" total="15728640" percent="62">
  <mem type="tenure" free="9868872" total="15728640" percent="62" micro-fragmented="57886" macro-fragmented="46306">
    <mem type="soa" free="9757856" total="15571968" percent="62" />
    <mem type="loa" free="111016" total="156672" percent="70" />
  </mem>
</mem-info>
<gc-op id="6397" type="compact" timems="3.814" contextid="6391" timestamp="2019-07-02T23:04:56.106">
  <compact-info movecount="19779" movebytes="888024" reason="compact to aid heap contraction" />
</gc-op>
<heap-resize id="6398" type="contract" space="tenure" amount="131072" count="1" timems="0.085" reason="excess free space following gc" timestamp="2019-07-02T23:04:56.106" />
<gc-end id="6399" type="global" contextid="6391" durationms="6.425" usertimems="8.000" systemtimems="0.000" timestamp="2019-07-02T23:04:56.106" activeThreads="4">
  <mem-info id="6400" free="9759200" total="15597568" percent="62">
    <mem type="tenure" free="9759200" total="15597568" percent="62">
      <mem type="soa" free="9629152" total="15441920" percent="62" />
      <mem type="loa" free="130048" total="155648" percent="83" />
    </mem>
  </mem-info>
</gc-end>
<cycle-end id="6401" type="global" contextid="6391" timestamp="2019-07-02T23:04:56.106">
  <attribute name="GC Util" value="14" />
  <attribute name="CPU Util" value="32511347842584" />
  <attribute name="Time Running"value="6737"/>
  <attribute name="Number of cores"value="4"/>
</cycle-end>
<allocation-satisfied id="6402" threadId="0000000001130D00" bytesRequested="40" />
<af-end id="6403" timestamp="2019-07-02T23:04:56.107" threadId="0000000001131688" success="true" />
<exclusive-end id="6404" timestamp="2019-07-02T23:04:56.107" durationms="7.385" />

<exclusive-start id="6405" timestamp="2019-07-02T23:04:56.111" intervalms="11.921">
  <response-info timems="0.024" idlems="0.024" threads="0" lastid="0000000001129500" lastname="Thread-10" />
</exclusive-start>
<af-start id="6406" threadId="0000000001129E88" totalBytesRequested="40" timestamp="2019-07-02T23:04:56.111" intervalms="11.915" />
<cycle-start id="6407" type="global" contextid="0" timestamp="2019-07-02T23:04:56.112" intervalms="11.933" />
  <attribute name="GC Util" value="14" />
  <attribute name="CPU Util" value="32511347842584" />
  <attribute name="Time Running"value="6737"/>
  <attribute name="Number of cores"value="4"/>
<gc-start id="6408" type="global" contextid="6407" timestamp="2019-07-02T23:04:56.112">
  <mem-info id="6409" free="130048" total="15597568" percent="0">
    <mem type="tenure" free="130048" total="15597568" percent="0">
      <mem type="soa" free="0" total="15441920" percent="0" />
      <mem type="loa" free="130048" total="155648" percent="83" />
    </mem>
  </mem-info>
</gc-start>
<allocation-stats totalBytes="9693120" >
  <allocated-bytes non-tlh="0" tlh="9693120" />
  <largest-consumer threadName="Thread-10" threadId="0000000001129500" bytes="2981408" />
</allocation-stats>
<gc-op id="6410" type="mark" timems="2.097" contextid="6407" timestamp="2019-07-02T23:04:56.114">
  <trace-info objectcount="68382" scancount="60801" scanbytes="2332924" />
  <finalization candidates="124" enqueued="0" />
  <ownableSynchronizers candidates="3" cleared="0" />
  <references type="soft" candidates="84" cleared="0" enqueued="0" dynamicThreshold="20" maxThreshold="32" />
  <references type="weak" candidates="774" cleared="0" enqueued="0" />
  <references type="phantom" candidates="63" cleared="0" enqueued="0" />
  <stringconstants candidates="4574" cleared="0"  />
</gc-op>
<gc-op id="6411" type="sweep" timems="0.696" contextid="6407" timestamp="2019-07-02T23:04:56.115" />
<heap-resize id="6412" type="contract" space="tenure" amount="131072" count="1" timems="0.076" reason="excess free space following gc" timestamp="2019-07-02T23:04:56.115" />
<gc-end id="6413" type="global" contextid="6407" durationms="3.449" usertimems="8.000" systemtimems="0.000" timestamp="2019-07-02T23:04:56.115" activeThreads="4">
  <mem-info id="6414" free="9494880" total="15466496" percent="61">
    <mem type="tenure" free="9494880" total="15466496" percent="61" micro-fragmented="6662" macro-fragmented="88399">
      <mem type="soa" free="9494880" total="15311872" percent="62" />
      <mem type="loa" free="0" total="154624" percent="0" />
    </mem>
  </mem-info>
</gc-end>
<cycle-end id="6415" type="global" contextid="6407" timestamp="2019-07-02T23:04:56.115">
  <attribute name="GC Util" value="244" />
  <attribute name="CPU Util" value="8408844884644" />
  <attribute name="Time Running"value="6749"/>
  <attribute name="Number of cores"value="4"/>
</cycle-end>
<allocation-satisfied id="6416" threadId="0000000001129500" bytesRequested="40" />
<af-end id="6417" timestamp="2019-07-02T23:04:56.116" threadId="0000000001129E88" success="true" />
<exclusive-end id="6418" timestamp="2019-07-02T23:04:56.116" durationms="4.355" />

<exclusive-start id="6419" timestamp="2019-07-02T23:04:56.120" intervalms="8.822">
  <response-info timems="0.025" idlems="0.025" threads="0" lastid="0000000001134900" lastname="Thread-7" />
</exclusive-start>
<af-start id="6420" threadId="0000000001135288" totalBytesRequested="40" timestamp="2019-07-02T23:04:56.120" intervalms="8.776" />
<cycle-start id="6421" type="global" contextid="0" timestamp="2019-07-02T23:04:56.120" intervalms="8.733" />
  <attribute name="GC Util" value="244" />
  <attribute name="CPU Util" value="8408844884644" />
  <attribute name="Time Running"value="6749"/>
  <attribute name="Number of cores"value="4"/>
<gc-start id="6422" type="global" contextid="6421" timestamp="2019-07-02T23:04:56.120">
  <mem-info id="6423" free="0" total="15466496" percent="0">
    <mem type="tenure" free="0" total="15466496" percent="0">
      <mem type="soa" free="0" total="15311872" percent="0" />
      <mem type="loa" free="0" total="154624" percent="0" />
    </mem>
  </mem-info>
</gc-start>
<allocation-stats totalBytes="9495120" >
  <allocated-bytes non-tlh="0" tlh="9495120" />
  <largest-consumer threadName="Thread-10" threadId="0000000001129500" bytes="3235152" />
</allocation-stats>
<gc-op id="6424" type="mark" timems="2.249" contextid="6421" timestamp="2019-07-02T23:04:56.123">
  <trace-info objectcount="65242" scancount="57661" scanbytes="2257052" />
  <finalization candidates="124" enqueued="0" />
  <ownableSynchronizers candidates="3" cleared="0" />
  <references type="soft" candidates="84" cleared="0" enqueued="0" dynamicThreshold="19" maxThreshold="32" />
  <references type="weak" candidates="774" cleared="0" enqueued="0" />
  <references type="phantom" candidates="63" cleared="0" enqueued="0" />
  <stringconstants candidates="4574" cleared="0"  />
</gc-op>
<gc-op id="6425" type="sweep" timems="0.745" contextid="6421" timestamp="2019-07-02T23:04:56.124" />
<heap-resize id="6426" type="contract" space="tenure" amount="65536" count="1" timems="0.042" reason="excess free space following gc" timestamp="2019-07-02T23:04:56.124" />
<gc-end id="6427" type="global" contextid="6421" durationms="3.604" usertimems="8.000" systemtimems="0.000" timestamp="2019-07-02T23:04:56.124" activeThreads="4">
  <mem-info id="6428" free="9416304" total="15400960" percent="61">
    <mem type="tenure" free="9416304" total="15400960" percent="61" micro-fragmented="80286" macro-fragmented="67932">
      <mem type="soa" free="9416304" total="15247360" percent="61" />
      <mem type="loa" free="0" total="153600" percent="0" />
    </mem>
  </mem-info>
</gc-end>
<cycle-end id="6429" type="global" contextid="6421" timestamp="2019-07-02T23:04:56.124">
  <attribute name="GC Util" value="249" />
  <attribute name="CPU Util" value="7772767461722" />
  <attribute name="Time Running"value="6758"/>
  <attribute name="Number of cores"value="4"/>
</cycle-end>
<allocation-satisfied id="6430" threadId="0000000001134900" bytesRequested="40" />
<af-end id="6431" timestamp="2019-07-02T23:04:56.124" threadId="0000000001135288" success="true" />
<exclusive-end id="6432" timestamp="2019-07-02T23:04:56.124" durationms="4.318" />

<exclusive-start id="6433" timestamp="2019-07-02T23:04:56.129" intervalms="8.827">
  <response-info timems="0.022" idlems="0.021" threads="1" lastid="0000000001129500" lastname="Thread-10" />
</exclusive-start>
<af-start id="6434" threadId="0000000001135288" totalBytesRequested="40" timestamp="2019-07-02T23:04:56.129" intervalms="8.770" />
<cycle-start id="6435" type="global" contextid="0" timestamp="2019-07-02T23:04:56.129" intervalms="8.733" />
  <attribute name="GC Util" value="249" />
  <attribute name="CPU Util" value="7772767461722" />
  <attribute name="Time Running"value="6758"/>
  <attribute name="Number of cores"value="4"/>
<gc-start id="6436" type="global" contextid="6435" timestamp="2019-07-02T23:04:56.129">
  <mem-info id="6437" free="0" total="15400960" percent="0">
    <mem type="tenure" free="0" total="15400960" percent="0">
      <mem type="soa" free="0" total="15247360" percent="0" />
      <mem type="loa" free="0" total="153600" percent="0" />
    </mem>
  </mem-info>
</gc-start>
<allocation-stats totalBytes="9428304" >
  <allocated-bytes non-tlh="0" tlh="9428304" />
  <largest-consumer threadName="Thread-10" threadId="0000000001129500" bytes="2849984" />
</allocation-stats>
<gc-op id="6438" type="mark" timems="2.186" contextid="6435" timestamp="2019-07-02T23:04:56.131">
  <trace-info objectcount="67511" scancount="59924" scanbytes="2312004" />
  <finalization candidates="124" enqueued="0" />
  <ownableSynchronizers candidates="3" cleared="0" />
  <references type="soft" candidates="84" cleared="0" enqueued="0" dynamicThreshold="19" maxThreshold="32" />
  <references type="weak" candidates="774" cleared="0" enqueued="0" />
  <references type="phantom" candidates="63" cleared="0" enqueued="0" />
  <stringconstants candidates="4574" cleared="0"  />
</gc-op>
<gc-op id="6439" type="sweep" timems="0.790" contextid="6435" timestamp="2019-07-02T23:04:56.132" />
<gc-end id="6440" type="global" contextid="6435" durationms="3.281" usertimems="4.000" systemtimems="4.000" timestamp="2019-07-02T23:04:56.132" activeThreads="4">
  <mem-info id="6441" free="9322264" total="15400960" percent="60">
    <mem type="tenure" free="9322264" total="15400960" percent="60" micro-fragmented="75365" macro-fragmented="29987">
      <mem type="soa" free="9322264" total="15247360" percent="61" />
      <mem type="loa" free="0" total="153600" percent="0" />
    </mem>
  </mem-info>
</gc-end>
<cycle-end id="6442" type="global" contextid="6435" timestamp="2019-07-02T23:04:56.133">
  <attribute name="GC Util" value="261" />
  <attribute name="CPU Util" value="8210200290828" />
  <attribute name="Time Running"value="6767"/>
  <attribute name="Number of cores"value="4"/>
</cycle-end>
<allocation-satisfied id="6443" threadId="0000000001134900" bytesRequested="40" />
<af-end id="6444" timestamp="2019-07-02T23:04:56.133" threadId="0000000001135288" success="true" />
<exclusive-end id="6445" timestamp="2019-07-02T23:04:56.133" durationms="3.938" />

<exclusive-start id="6446" timestamp="2019-07-02T23:04:56.137" intervalms="8.502">
  <response-info timems="0.032" idlems="0.030" threads="1" lastid="000000000112D100" lastname="Thread-8" />
</exclusive-start>
<af-start id="6447" threadId="0000000001129E88" totalBytesRequested="40" timestamp="2019-07-02T23:04:56.138" intervalms="8.544" />
<cycle-start id="6448" type="global" contextid="0" timestamp="2019-07-02T23:04:56.138" intervalms="8.554" />
  <attribute name="GC Util" value="261" />
  <attribute name="CPU Util" value="8210200290828" />
  <attribute name="Time Running"value="6767"/>
  <attribute name="Number of cores"value="4"/>
<gc-start id="6449" type="global" contextid="6448" timestamp="2019-07-02T23:04:56.138">
  <mem-info id="6450" free="0" total="15400960" percent="0">
    <mem type="tenure" free="0" total="15400960" percent="0">
      <mem type="soa" free="0" total="15247360" percent="0" />
      <mem type="loa" free="0" total="153600" percent="0" />
    </mem>
  </mem-info>
</gc-start>
<allocation-stats totalBytes="9332720" >
  <allocated-bytes non-tlh="0" tlh="9332720" />
  <largest-consumer threadName="Thread-10" threadId="0000000001129500" bytes="2881320" />
</allocation-stats>
<gc-op id="6451" type="mark" timems="2.307" contextid="6448" timestamp="2019-07-02T23:04:56.140">
  <trace-info objectcount="69597" scancount="62019" scanbytes="2362100" />
  <finalization candidates="124" enqueued="0" />
  <ownableSynchronizers candidates="3" cleared="0" />
  <references type="soft" candidates="84" cleared="0" enqueued="0" dynamicThreshold="19" maxThreshold="32" />
  <references type="weak" candidates="774" cleared="0" enqueued="0" />
  <references type="phantom" candidates="63" cleared="0" enqueued="0" />
  <stringconstants candidates="4574" cleared="0"  />
</gc-op>
<gc-op id="6452" type="sweep" timems="0.793" contextid="6448" timestamp="2019-07-02T23:04:56.141" />
<gc-end id="6453" type="global" contextid="6448" durationms="3.409" usertimems="8.000" systemtimems="0.000" timestamp="2019-07-02T23:04:56.141" activeThreads="4">
  <mem-info id="6454" free="9227760" total="15400960" percent="59">
    <mem type="tenure" free="9227760" total="15400960" percent="59" micro-fragmented="106163" macro-fragmented="21064">
      <mem type="soa" free="9227760" total="15247360" percent="60" />
      <mem type="loa" free="0" total="153600" percent="0" />
    </mem>
  </mem-info>
</gc-end>
<cycle-end id="6455" type="global" contextid="6448" timestamp="2019-07-02T23:04:56.141">
  <attribute name="GC Util" value="254" />
  <attribute name="CPU Util" value="7804637108831" />
  <attribute name="Time Running"value="6775"/>
  <attribute name="Number of cores"value="4"/>
</cycle-end>
<allocation-satisfied id="6456" threadId="0000000001129500" bytesRequested="40" />
<af-end id="6457" timestamp="2019-07-02T23:04:56.141" threadId="0000000001129E88" success="true" />
<exclusive-end id="6458" timestamp="2019-07-02T23:04:56.142" durationms="4.192" />

<exclusive-start id="6459" timestamp="2019-07-02T23:04:56.146" intervalms="9.042">
  <response-info timems="0.021" idlems="0.019" threads="1" lastid="0000000001130D00" lastname="Thread-9" />
</exclusive-start>
<af-start id="6460" threadId="0000000001129E88" totalBytesRequested="40" timestamp="2019-07-02T23:04:56.147" intervalms="9.038" />
<cycle-start id="6461" type="global" contextid="0" timestamp="2019-07-02T23:04:56.147" intervalms="9.041" />
  <attribute name="GC Util" value="254" />
  <attribute name="CPU Util" value="7804637108831" />
  <attribute name="Time Running"value="6775"/>
  <attribute name="Number of cores"value="4"/>
<gc-start id="6462" type="global" contextid="6461" timestamp="2019-07-02T23:04:56.147">
  <mem-info id="6463" free="0" total="15400960" percent="0">
    <mem type="tenure" free="0" total="15400960" percent="0">
      <mem type="soa" free="0" total="15247360" percent="0" />
      <mem type="loa" free="0" total="153600" percent="0" />
    </mem>
  </mem-info>
</gc-start>
<allocation-stats totalBytes="9235520" >
  <allocated-bytes non-tlh="19056" tlh="9216464" />
  <largest-consumer threadName="Thread-10" threadId="0000000001129500" bytes="2820112" />
</allocation-stats>
<gc-op id="6464" type="mark" timems="2.096" contextid="6461" timestamp="2019-07-02T23:04:56.149">
  <trace-info objectcount="66205" scancount="58639" scanbytes="2280692" />
  <finalization candidates="124" enqueued="0" />
  <ownableSynchronizers candidates="3" cleared="0" />
  <references type="soft" candidates="84" cleared="0" enqueued="0" dynamicThreshold="19" maxThreshold="32" />
  <references type="weak" candidates="774" cleared="0" enqueued="0" />
  <references type="phantom" candidates="63" cleared="0" enqueued="0" />
  <stringconstants candidates="4574" cleared="0"  />
</gc-op>
<gc-op id="6465" type="sweep" timems="0.810" contextid="6461" timestamp="2019-07-02T23:04:56.150" />
<gc-end id="6466" type="global" contextid="6461" durationms="3.195" usertimems="4.000" systemtimems="4.000" timestamp="2019-07-02T23:04:56.150" activeThreads="4">
  <mem-info id="6467" free="9407736" total="15400960" percent="61">
    <mem type="tenure" free="9407736" total="15400960" percent="61" micro-fragmented="62509" macro-fragmented="40332">
      <mem type="soa" free="9324776" total="15247360" percent="61" />
      <mem type="loa" free="82960" total="153600" percent="54" />
    </mem>
  </mem-info>
</gc-end>
<cycle-end id="6468" type="global" contextid="6461" timestamp="2019-07-02T23:04:56.150">
  <attribute name="GC Util" value="253" />
  <attribute name="CPU Util" value="8641812436978" />
  <attribute name="Time Running"value="6784"/>
  <attribute name="Number of cores"value="4"/>
</cycle-end>
<allocation-satisfied id="6469" threadId="0000000001129500" bytesRequested="40" />
<af-end id="6470" timestamp="2019-07-02T23:04:56.150" threadId="0000000001129E88" success="true" />
<exclusive-end id="6471" timestamp="2019-07-02T23:04:56.150" durationms="3.947" />

<exclusive-start id="6472" timestamp="2019-07-02T23:04:56.155" intervalms="8.797">
  <response-info timems="0.028" idlems="0.026" threads="1" lastid="000000000112D100" lastname="Thread-8" />
</exclusive-start>
<af-start id="6473" threadId="0000000001131688" totalBytesRequested="40" timestamp="2019-07-02T23:04:56.155" intervalms="8.834" />
<cycle-start id="6474" type="global" contextid="0" timestamp="2019-07-02T23:04:56.156" intervalms="8.877" />
  <attribute name="GC Util" value="253" />
  <attribute name="CPU Util" value="8641812436978" />
  <attribute name="Time Running"value="6784"/>
  <attribute name="Number of cores"value="4"/>
<gc-start id="6475" type="global" contextid="6474" timestamp="2019-07-02T23:04:56.156">
  <mem-info id="6476" free="82960" total="15400960" percent="0">
    <mem type="tenure" free="82960" total="15400960" percent="0">
      <mem type="soa" free="0" total="15247360" percent="0" />
      <mem type="loa" free="82960" total="153600" percent="54" />
    </mem>
  </mem-info>
</gc-start>
<allocation-stats totalBytes="9334600" >
  <allocated-bytes non-tlh="0" tlh="9334600" />
  <largest-consumer threadName="Thread-10" threadId="0000000001129500" bytes="2570408" />
</allocation-stats>
<gc-op id="6477" type="mark" timems="1.134" contextid="6474" timestamp="2019-07-02T23:04:56.157">
  <trace-info objectcount="68125" scancount="60563" scanbytes="2326580" />
  <finalization candidates="124" enqueued="0" />
  <ownableSynchronizers candidates="3" cleared="0" />
  <references type="soft" candidates="84" cleared="0" enqueued="0" dynamicThreshold="19" maxThreshold="32" />
  <references type="weak" candidates="774" cleared="0" enqueued="0" />
  <references type="phantom" candidates="63" cleared="0" enqueued="0" />
  <stringconstants candidates="4574" cleared="0"  />
</gc-op>
<gc-op id="6478" type="sweep" timems="0.360" contextid="6474" timestamp="2019-07-02T23:04:56.157" />
<gc-end id="6479" type="global" contextid="6474" durationms="1.938" usertimems="4.000" systemtimems="0.000" timestamp="2019-07-02T23:04:56.158" activeThreads="4">
  <mem-info id="6480" free="9322376" total="15400960" percent="60">
    <mem type="tenure" free="9322376" total="15400960" percent="60" micro-fragmented="98217" macro-fragmented="30718">
      <mem type="soa" free="9239416" total="15247360" percent="60" />
      <mem type="loa" free="82960" total="153600" percent="54" />
    </mem>
  </mem-info>
</gc-end>
<cycle-end id="6481" type="global" contextid="6474" timestamp="2019-07-02T23:04:56.158">
  <attribute name="GC Util" value="203" />
  <attribute name="CPU Util" value="15411470073511" />
  <attribute name="Time Running"value="6792"/>
  <attribute name="Number of cores"value="4"/>
</cycle-end>
<allocation-satisfied id="6482" threadId="0000000001130D00" bytesRequested="40" />
<af-end id="6483" timestamp="2019-07-02T23:04:56.158" threadId="0000000001131688" success="true" />
<exclusive-end id="6484" timestamp="2019-07-02T23:04:56.158" durationms="2.907" />

<exclusive-start id="6485" timestamp="2019-07-02T23:04:56.163" intervalms="7.702">
  <response-info timems="0.042" idlems="0.039" threads="1" lastid="0000000001130D00" lastname="Thread-9" />
</exclusive-start>
<af-start id="6486" threadId="0000000001129E88" totalBytesRequested="40" timestamp="2019-07-02T23:04:56.163" intervalms="7.699" />
<cycle-start id="6487" type="global" contextid="0" timestamp="2019-07-02T23:04:56.163" intervalms="7.652" />
  <attribute name="GC Util" value="203" />
  <attribute name="CPU Util" value="15411470073511" />
  <attribute name="Time Running"value="6792"/>
  <attribute name="Number of cores"value="4"/>
<gc-start id="6488" type="global" contextid="6487" timestamp="2019-07-02T23:04:56.163">
  <mem-info id="6489" free="82960" total="15400960" percent="0">
    <mem type="tenure" free="82960" total="15400960" percent="0">
      <mem type="soa" free="0" total="15247360" percent="0" />
      <mem type="loa" free="82960" total="153600" percent="54" />
    </mem>
  </mem-info>
</gc-start>
<allocation-stats totalBytes="9247712" >
  <allocated-bytes non-tlh="0" tlh="9247712" />
  <largest-consumer threadName="Thread-10" threadId="0000000001129500" bytes="2489808" />
</allocation-stats>
<gc-op id="6490" type="mark" timems="2.506" contextid="6487" timestamp="2019-07-02T23:04:56.166">
  <trace-info objectcount="70026" scancount="62454" scanbytes="2372276" />
  <finalization candidates="124" enqueued="0" />
  <ownableSynchronizers candidates="3" cleared="0" />
  <references type="soft" candidates="84" cleared="0" enqueued="0" dynamicThreshold="19" maxThreshold="32" />
  <references type="weak" candidates="774" cleared="0" enqueued="0" />
  <references type="phantom" candidates="63" cleared="0" enqueued="0" />
  <stringconstants candidates="4574" cleared="0"  />
</gc-op>
<gc-op id="6491" type="sweep" timems="0.805" contextid="6487" timestamp="2019-07-02T23:04:56.167" />
<heap-resize id="6492" type="expand" space="tenure" amount="1048576" count="1" timems="0.046" reason="excessive time being spent in gc" timestamp="2019-07-02T23:04:56.167" />
<gc-end id="6493" type="global" contextid="6487" durationms="3.824" usertimems="8.000" systemtimems="4.000" timestamp="2019-07-02T23:04:56.167" activeThreads="4">
  <mem-info id="6494" free="10272016" total="16449536" percent="62">
    <mem type="tenure" free="10272016" total="16449536" percent="62" micro-fragmented="91353" macro-fragmented="45175">
      <mem type="soa" free="10108176" total="16285696" percent="62" />
      <mem type="loa" free="163840" total="163840" percent="100" />
    </mem>
  </mem-info>
</gc-end>
<cycle-end id="6495" type="global" contextid="6487" timestamp="2019-07-02T23:04:56.167">
  <attribute name="GC Util" value="249" />
  <attribute name="CPU Util" value="7091448430193" />
  <attribute name="Time Running"value="6801"/>
  <attribute name="Number of cores"value="4"/>
</cycle-end>
<allocation-satisfied id="6496" threadId="0000000001129500" bytesRequested="40" />
<af-end id="6497" timestamp="2019-07-02T23:04:56.167" threadId="0000000001129E88" success="true" />
<exclusive-end id="6498" timestamp="2019-07-02T23:04:56.168" durationms="4.612" />

<exclusive-start id="6499" timestamp="2019-07-02T23:04:56.173" intervalms="9.827">
  <response-info timems="0.023" idlems="0.023" threads="0" lastid="0000000001129500" lastname="Thread-10" />
</exclusive-start>
<af-start id="6500" threadId="0000000001129E88" totalBytesRequested="40" timestamp="2019-07-02T23:04:56.173" intervalms="9.754" />
<cycle-start id="6501" type="global" contextid="0" timestamp="2019-07-02T23:04:56.173" intervalms="9.718" />
  <attribute name="GC Util" value="249" />
  <attribute name="CPU Util" value="7091448430193" />
  <attribute name="Time Running"value="6801"/>
  <attribute name="Number of cores"value="4"/>
<gc-start id="6502" type="global" contextid="6501" timestamp="2019-07-02T23:04:56.173">
  <mem-info id="6503" free="163840" total="16449536" percent="0">
    <mem type="tenure" free="163840" total="16449536" percent="0">
      <mem type="soa" free="0" total="16285696" percent="0" />
      <mem type="loa" free="163840" total="163840" percent="100" />
    </mem>
  </mem-info>
</gc-start>
<allocation-stats totalBytes="10113888" >
  <allocated-bytes non-tlh="19056" tlh="10094832" />
  <largest-consumer threadName="Thread-10" threadId="0000000001129500" bytes="2972056" />
</allocation-stats>
<gc-op id="6504" type="mark" timems="1.920" contextid="6501" timestamp="2019-07-02T23:04:56.175">
  <trace-info objectcount="67063" scancount="59491" scanbytes="2301196" />
  <finalization candidates="124" enqueued="0" />
  <ownableSynchronizers candidates="3" cleared="0" />
  <references type="soft" candidates="84" cleared="0" enqueued="0" dynamicThreshold="19" maxThreshold="32" />
  <references type="weak" candidates="774" cleared="0" enqueued="0" />
  <references type="phantom" candidates="63" cleared="0" enqueued="0" />
  <stringconstants candidates="4574" cleared="0"  />
</gc-op>
<gc-op id="6505" type="sweep" timems="0.817" contextid="6501" timestamp="2019-07-02T23:04:56.176" />
<gc-end id="6506" type="global" contextid="6501" durationms="3.090" usertimems="4.000" systemtimems="4.000" timestamp="2019-07-02T23:04:56.176" activeThreads="4">
  <mem-info id="6507" free="10420080" total="16449536" percent="63">
    <mem type="tenure" free="10420080" total="16449536" percent="63" micro-fragmented="119603" macro-fragmented="27432">
      <mem type="soa" free="10256240" total="16285696" percent="62" />
      <mem type="loa" free="163840" total="163840" percent="100" />
    </mem>
  </mem-info>
</gc-end>
<cycle-end id="6508" type="global" contextid="6501" timestamp="2019-07-02T23:04:56.176">
  <attribute name="GC Util" value="252" />
  <attribute name="CPU Util" value="9148024144871" />
  <attribute name="Time Running"value="6810"/>
  <attribute name="Number of cores"value="4"/>
</cycle-end>
<allocation-satisfied id="6509" threadId="0000000001129500" bytesRequested="40" />
<af-end id="6510" timestamp="2019-07-02T23:04:56.176" threadId="0000000001129E88" success="true" />
<exclusive-end id="6511" timestamp="2019-07-02T23:04:56.177" durationms="3.819" />

<exclusive-start id="6512" timestamp="2019-07-02T23:04:56.182" intervalms="9.233">
  <response-info timems="0.029" idlems="0.029" threads="0" lastid="0000000001130D00" lastname="Thread-9" />
</exclusive-start>
<af-start id="6513" threadId="0000000001131688" totalBytesRequested="24" timestamp="2019-07-02T23:04:56.182" intervalms="9.309" />
<cycle-start id="6514" type="global" contextid="0" timestamp="2019-07-02T23:04:56.182" intervalms="9.389" />
  <attribute name="GC Util" value="252" />
  <attribute name="CPU Util" value="9148024144871" />
  <attribute name="Time Running"value="6810"/>
  <attribute name="Number of cores"value="4"/>
<gc-start id="6515" type="global" contextid="6514" timestamp="2019-07-02T23:04:56.182">
  <mem-info id="6516" free="163840" total="16449536" percent="0">
    <mem type="tenure" free="163840" total="16449536" percent="0">
      <mem type="soa" free="0" total="16285696" percent="0" />
      <mem type="loa" free="163840" total="163840" percent="100" />
    </mem>
  </mem-info>
</gc-start>
<allocation-stats totalBytes="10262184" >
  <allocated-bytes non-tlh="0" tlh="10262184" />
  <largest-consumer threadName="Thread-10" threadId="0000000001129500" bytes="2824392" />
</allocation-stats>
<gc-op id="6517" type="mark" timems="1.215" contextid="6514" timestamp="2019-07-02T23:04:56.184">
  <trace-info objectcount="69232" scancount="61663" scanbytes="2353340" />
  <finalization candidates="124" enqueued="0" />
  <ownableSynchronizers candidates="3" cleared="0" />
  <references type="soft" candidates="84" cleared="0" enqueued="0" dynamicThreshold="20" maxThreshold="32" />
  <references type="weak" candidates="774" cleared="0" enqueued="0" />
  <references type="phantom" candidates="63" cleared="0" enqueued="0" />
  <stringconstants candidates="4574" cleared="0"  />
</gc-op>
<gc-op id="6518" type="sweep" timems="0.370" contextid="6514" timestamp="2019-07-02T23:04:56.184" />
<gc-end id="6519" type="global" contextid="6514" durationms="1.985" usertimems="4.000" systemtimems="0.000" timestamp="2019-07-02T23:04:56.184" activeThreads="4">
  <mem-info id="6520" free="10316096" total="16449536" percent="62">
    <mem type="tenure" free="10316096" total="16449536" percent="62" micro-fragmented="138416" macro-fragmented="14920">
      <mem type="soa" free="10152256" total="16285696" percent="62" />
      <mem type="loa" free="163840" total="163840" percent="100" />
    </mem>
  </mem-info>
</gc-end>
<cycle-end id="6521" type="global" contextid="6514" timestamp="2019-07-02T23:04:56.185">
  <attribute name="GC Util" value="202" />
  <attribute name="CPU Util" value="14124222985435" />
  <attribute name="Time Running"value="6819"/>
  <attribute name="Number of cores"value="4"/>
</cycle-end>
<allocation-satisfied id="6522" threadId="0000000001130D00" bytesRequested="24" />
<af-end id="6523" timestamp="2019-07-02T23:04:56.185" threadId="0000000001131688" success="true" />
<exclusive-end id="6524" timestamp="2019-07-02T23:04:56.185" durationms="2.735" />

<exclusive-start id="6525" timestamp="2019-07-02T23:04:56.190" intervalms="8.092">
  <response-info timems="0.028" idlems="0.028" threads="0" lastid="0000000001130D00" lastname="Thread-9" />
</exclusive-start>
<af-start id="6526" threadId="0000000001131688" totalBytesRequested="40" timestamp="2019-07-02T23:04:56.190" intervalms="8.058" />
<cycle-start id="6527" type="global" contextid="0" timestamp="2019-07-02T23:04:56.190" intervalms="8.053" />
  <attribute name="GC Util" value="202" />
  <attribute name="CPU Util" value="14124222985435" />
  <attribute name="Time Running"value="6819"/>
  <attribute name="Number of cores"value="4"/>
<gc-start id="6528" type="global" contextid="6527" timestamp="2019-07-02T23:04:56.190">
  <mem-info id="6529" free="163840" total="16449536" percent="0">
    <mem type="tenure" free="163840" total="16449536" percent="0">
      <mem type="soa" free="0" total="16285696" percent="0" />
      <mem type="loa" free="163840" total="163840" percent="100" />
    </mem>
  </mem-info>
</gc-start>
<allocation-stats totalBytes="10150352" >
  <allocated-bytes non-tlh="0" tlh="10150352" />
  <largest-consumer threadName="Thread-10" threadId="0000000001129500" bytes="2780392" />
</allocation-stats>
<gc-op id="6530" type="mark" timems="1.153" contextid="6527" timestamp="2019-07-02T23:04:56.192">
  <trace-info objectcount="71319" scancount="63750" scanbytes="2403276" />
  <finalization candidates="124" enqueued="0" />
  <ownableSynchronizers candidates="3" cleared="0" />
  <references type="soft" candidates="84" cleared="0" enqueued="0" dynamicThreshold="20" maxThreshold="32" />
  <references type="weak" candidates="774" cleared="0" enqueued="0" />
  <references type="phantom" candidates="63" cleared="0" enqueued="0" />
  <stringconstants candidates="4574" cleared="0"  />
</gc-op>
<gc-op id="6531" type="sweep" timems="0.421" contextid="6527" timestamp="2019-07-02T23:04:56.192" />
<heap-resize id="6532" type="contract" space="tenure" amount="131072" count="1" timems="0.053" reason="excess free space following gc" timestamp="2019-07-02T23:04:56.192" />
<gc-end id="6533" type="global" contextid="6527" durationms="2.160" usertimems="4.000" systemtimems="0.000" timestamp="2019-07-02T23:04:56.193" activeThreads="4">
  <mem-info id="6534" free="9927360" total="16318464" percent="60">
    <mem type="tenure" free="9927360" total="16318464" percent="60" micro-fragmented="78100" macro-fragmented="10532">
      <mem type="soa" free="9927360" total="16155648" percent="61" />
      <mem type="loa" free="0" total="162816" percent="0" />
    </mem>
  </mem-info>
</gc-end>
<cycle-end id="6535" type="global" contextid="6527" timestamp="2019-07-02T23:04:56.193">
  <attribute name="GC Util" value="207" />
  <attribute name="CPU Util" value="14847131012314" />
  <attribute name="Time Running"value="6827"/>
  <attribute name="Number of cores"value="4"/>
</cycle-end>
<allocation-satisfied id="6536" threadId="0000000001130D00" bytesRequested="40" />
<af-end id="6537" timestamp="2019-07-02T23:04:56.193" threadId="0000000001131688" success="true" />
<exclusive-end id="6538" timestamp="2019-07-02T23:04:56.193" durationms="2.990" />

<exclusive-start id="6539" timestamp="2019-07-02T23:04:56.198" intervalms="7.921">
  <response-info timems="0.022" idlems="0.020" threads="1" lastid="000000000112D100" lastname="Thread-8" />
</exclusive-start>
<af-start id="6540" threadId="0000000001131688" totalBytesRequested="40" timestamp="2019-07-02T23:04:56.198" intervalms="7.922" />
<cycle-start id="6541" type="global" contextid="0" timestamp="2019-07-02T23:04:56.198" intervalms="7.886" />
  <attribute name="GC Util" value="207" />
  <attribute name="CPU Util" value="14847131012314" />
  <attribute name="Time Running"value="6827"/>
  <attribute name="Number of cores"value="4"/>
<gc-start id="6542" type="global" contextid="6541" timestamp="2019-07-02T23:04:56.198">
  <mem-info id="6543" free="0" total="16318464" percent="0">
    <mem type="tenure" free="0" total="16318464" percent="0">
      <mem type="soa" free="0" total="16155648" percent="0" />
      <mem type="loa" free="0" total="162816" percent="0" />
    </mem>
  </mem-info>
</gc-start>
<allocation-stats totalBytes="9920968" >
  <allocated-bytes non-tlh="19056" tlh="9901912" />
  <largest-consumer threadName="Thread-10" threadId="0000000001129500" bytes="2966928" />
</allocation-stats>
<gc-op id="6544" type="mark" timems="1.161" contextid="6541" timestamp="2019-07-02T23:04:56.200">
  <trace-info objectcount="68512" scancount="60943" scanbytes="2336060" />
  <finalization candidates="124" enqueued="0" />
  <ownableSynchronizers candidates="3" cleared="0" />
  <references type="soft" candidates="84" cleared="0" enqueued="0" dynamicThreshold="19" maxThreshold="32" />
  <references type="weak" candidates="774" cleared="0" enqueued="0" />
  <references type="phantom" candidates="63" cleared="0" enqueued="0" />
  <stringconstants candidates="4574" cleared="0"  />
</gc-op>
<gc-op id="6545" type="sweep" timems="0.373" contextid="6541" timestamp="2019-07-02T23:04:56.200" />
<gc-end id="6546" type="global" contextid="6541" durationms="1.989" usertimems="4.000" systemtimems="0.000" timestamp="2019-07-02T23:04:56.200" activeThreads="4">
  <mem-info id="6547" free="9978568" total="16318464" percent="61">
    <mem type="tenure" free="9978568" total="16318464" percent="61" micro-fragmented="166808" macro-fragmented="20083">
      <mem type="soa" free="9978568" total="16155648" percent="61" />
      <mem type="loa" free="0" total="162816" percent="0" />
    </mem>
  </mem-info>
</gc-end>
<cycle-end id="6548" type="global" contextid="6541" timestamp="2019-07-02T23:04:56.201">
  <attribute name="GC Util" value="212" />
  <attribute name="CPU Util" value="15025400006977" />
  <attribute name="Time Running"value="6835"/>
  <attribute name="Number of cores"value="4"/>
</cycle-end>
<allocation-satisfied id="6549" threadId="0000000001130D00" bytesRequested="40" />
<af-end id="6550" timestamp="2019-07-02T23:04:56.201" threadId="0000000001131688" success="true" />
<exclusive-end id="6551" timestamp="2019-07-02T23:04:56.201" durationms="2.800" />

<exclusive-start id="6552" timestamp="2019-07-02T23:04:56.206" intervalms="7.876">
  <response-info timems="0.020" idlems="0.020" threads="0" lastid="0000000001130D00" lastname="Thread-9" />
</exclusive-start>
<af-start id="6553" threadId="0000000001131688" totalBytesRequested="40" timestamp="2019-07-02T23:04:56.206" intervalms="7.867" />
<cycle-start id="6554" type="global" contextid="0" timestamp="2019-07-02T23:04:56.206" intervalms="7.863" />
  <attribute name="GC Util" value="212" />
  <attribute name="CPU Util" value="15025400006977" />
  <attribute name="Time Running"value="6835"/>
  <attribute name="Number of cores"value="4"/>
<gc-start id="6555" type="global" contextid="6554" timestamp="2019-07-02T23:04:56.206">
  <mem-info id="6556" free="0" total="16318464" percent="0">
    <mem type="tenure" free="0" total="16318464" percent="0">
      <mem type="soa" free="0" total="16155648" percent="0" />
      <mem type="loa" free="0" total="162816" percent="0" />
    </mem>
  </mem-info>
</gc-start>
<allocation-stats totalBytes="9972360" >
  <allocated-bytes non-tlh="0" tlh="9972360" />
  <largest-consumer threadName="Thread-10" threadId="0000000001129500" bytes="3106192" />
</allocation-stats>
<gc-op id="6557" type="mark" timems="1.100" contextid="6554" timestamp="2019-07-02T23:04:56.207">
  <trace-info objectcount="70517" scancount="62946" scanbytes="2384148" />
  <finalization candidates="124" enqueued="0" />
  <ownableSynchronizers candidates="3" cleared="0" />
  <references type="soft" candidates="84" cleared="0" enqueued="0" dynamicThreshold="19" maxThreshold="32" />
  <references type="weak" candidates="774" cleared="0" enqueued="0" />
  <references type="phantom" candidates="63" cleared="0" enqueued="0" />
  <stringconstants candidates="4574" cleared="0"  />
</gc-op>
<gc-op id="6558" type="sweep" timems="0.396" contextid="6554" timestamp="2019-07-02T23:04:56.208" />
<gc-end id="6559" type="global" contextid="6554" durationms="1.944" usertimems="4.000" systemtimems="0.000" timestamp="2019-07-02T23:04:56.208" activeThreads="4">
  <mem-info id="6560" free="9864632" total="16318464" percent="60">
    <mem type="tenure" free="9864632" total="16318464" percent="60" micro-fragmented="196849" macro-fragmented="7382">
      <mem type="soa" free="9864632" total="16155648" percent="61" />
      <mem type="loa" free="0" total="162816" percent="0" />
    </mem>
  </mem-info>
</gc-end>
<cycle-end id="6561" type="global" contextid="6554" timestamp="2019-07-02T23:04:56.208">
  <attribute name="GC Util" value="216" />
  <attribute name="CPU Util" value="14994256218422" />
  <attribute name="Time Running"value="6843"/>
  <attribute name="Number of cores"value="4"/>
</cycle-end>
<allocation-satisfied id="6562" threadId="0000000001130D00" bytesRequested="40" />
<af-end id="6563" timestamp="2019-07-02T23:04:56.208" threadId="0000000001131688" success="true" />
<exclusive-end id="6564" timestamp="2019-07-02T23:04:56.209" durationms="2.675" />

<exclusive-start id="6565" timestamp="2019-07-02T23:04:56.213" intervalms="7.517">
  <response-info timems="0.025" idlems="0.025" threads="0" lastid="0000000001130D00" lastname="Thread-9" />
</exclusive-start>
<af-start id="6566" threadId="0000000001131688" totalBytesRequested="40" timestamp="2019-07-02T23:04:56.214" intervalms="7.565" />
<cycle-start id="6567" type="global" contextid="0" timestamp="2019-07-02T23:04:56.214" intervalms="7.567" />
  <attribute name="GC Util" value="216" />
  <attribute name="CPU Util" value="14994256218422" />
  <attribute name="Time Running"value="6843"/>
  <attribute name="Number of cores"value="4"/>
<gc-start id="6568" type="global" contextid="6567" timestamp="2019-07-02T23:04:56.214">
  <mem-info id="6569" free="0" total="16318464" percent="0">
    <mem type="tenure" free="0" total="16318464" percent="0">
      <mem type="soa" free="0" total="16155648" percent="0" />
      <mem type="loa" free="0" total="162816" percent="0" />
    </mem>
  </mem-info>
</gc-start>
<allocation-stats totalBytes="9858920" >
  <allocated-bytes non-tlh="0" tlh="9858920" />
  <largest-consumer threadName="Thread-10" threadId="0000000001129500" bytes="2980208" />
</allocation-stats>
<gc-op id="6570" type="mark" timems="1.177" contextid="6567" timestamp="2019-07-02T23:04:56.215">
  <trace-info objectcount="72726" scancount="65151" scanbytes="2437108" />
  <finalization candidates="124" enqueued="0" />
  <ownableSynchronizers candidates="3" cleared="0" />
  <references type="soft" candidates="84" cleared="0" enqueued="0" dynamicThreshold="19" maxThreshold="32" />
  <references type="weak" candidates="774" cleared="0" enqueued="0" />
  <references type="phantom" candidates="63" cleared="0" enqueued="0" />
  <stringconstants candidates="4574" cleared="0"  />
</gc-op>
<gc-op id="6571" type="sweep" timems="0.458" contextid="6567" timestamp="2019-07-02T23:04:56.216" />
<heap-resize id="6572" type="expand" space="tenure" amount="1048576" count="1" timems="0.063" reason="excessive time being spent in gc" timestamp="2019-07-02T23:04:56.216" />
<gc-end id="6573" type="global" contextid="6567" durationms="2.230" usertimems="4.000" systemtimems="0.000" timestamp="2019-07-02T23:04:56.216" activeThreads="4">
  <mem-info id="6574" free="10784336" total="17367040" percent="62">
    <mem type="tenure" free="10784336" total="17367040" percent="62" micro-fragmented="128855" macro-fragmented="18337">
      <mem type="soa" free="10611280" total="17193984" percent="61" />
      <mem type="loa" free="173056" total="173056" percent="100" />
    </mem>
  </mem-info>
</gc-end>
<cycle-end id="6575" type="global" contextid="6567" timestamp="2019-07-02T23:04:56.216">
  <attribute name="GC Util" value="201" />
  <attribute name="CPU Util" value="14127457282228" />
  <attribute name="Time Running"value="6850"/>
  <attribute name="Number of cores"value="4"/>
</cycle-end>
<allocation-satisfied id="6576" threadId="0000000001130D00" bytesRequested="40" />
<af-end id="6577" timestamp="2019-07-02T23:04:56.216" threadId="0000000001131688" success="true" />
<exclusive-end id="6578" timestamp="2019-07-02T23:04:56.217" durationms="3.124" />

<exclusive-start id="6579" timestamp="2019-07-02T23:04:56.222" intervalms="8.287">
  <response-info timems="0.022" idlems="0.022" threads="0" lastid="000000000112D100" lastname="Thread-8" />
</exclusive-start>
<af-start id="6580" threadId="000000000112DA88" totalBytesRequested="40" timestamp="2019-07-02T23:04:56.222" intervalms="8.201" />
<cycle-start id="6581" type="global" contextid="0" timestamp="2019-07-02T23:04:56.222" intervalms="8.200" />
  <attribute name="GC Util" value="201" />
  <attribute name="CPU Util" value="14127457282228" />
  <attribute name="Time Running"value="6850"/>
  <attribute name="Number of cores"value="4"/>
<gc-start id="6582" type="global" contextid="6581" timestamp="2019-07-02T23:04:56.222">
  <mem-info id="6583" free="173056" total="17367040" percent="0">
    <mem type="tenure" free="173056" total="17367040" percent="0">
      <mem type="soa" free="0" total="17193984" percent="0" />
      <mem type="loa" free="173056" total="173056" percent="100" />
    </mem>
  </mem-info>
</gc-start>
<allocation-stats totalBytes="10602584" >
  <allocated-bytes non-tlh="19056" tlh="10583528" />
  <largest-consumer threadName="Thread-10" threadId="0000000001129500" bytes="3427736" />
</allocation-stats>
<gc-op id="6584" type="mark" timems="2.393" contextid="6581" timestamp="2019-07-02T23:04:56.225">
  <trace-info objectcount="70166" scancount="62599" scanbytes="2375724" />
  <finalization candidates="124" enqueued="0" />
  <ownableSynchronizers candidates="3" cleared="0" />
  <references type="soft" candidates="84" cleared="0" enqueued="0" dynamicThreshold="19" maxThreshold="32" />
  <references type="weak" candidates="774" cleared="0" enqueued="0" />
  <references type="phantom" candidates="63" cleared="0" enqueued="0" />
  <stringconstants candidates="4574" cleared="0"  />
</gc-op>
<gc-op id="6585" type="sweep" timems="0.922" contextid="6581" timestamp="2019-07-02T23:04:56.226" />
<gc-end id="6586" type="global" contextid="6581" durationms="3.712" usertimems="4.000" systemtimems="4.000" timestamp="2019-07-02T23:04:56.226" activeThreads="4">
  <mem-info id="6587" free="11018792" total="17367040" percent="63">
    <mem type="tenure" free="11018792" total="17367040" percent="63" micro-fragmented="122973" macro-fragmented="11123">
      <mem type="soa" free="10845736" total="17193984" percent="63" />
      <mem type="loa" free="173056" total="173056" percent="100" />
    </mem>
  </mem-info>
</gc-end>
<cycle-end id="6588" type="global" contextid="6581" timestamp="2019-07-02T23:04:56.226">
  <attribute name="GC Util" value="248" />
  <attribute name="CPU Util" value="7442281350359" />
  <attribute name="Time Running"value="6860"/>
  <attribute name="Number of cores"value="4"/>
</cycle-end>
<allocation-satisfied id="6589" threadId="000000000112D100" bytesRequested="40" />
<af-end id="6590" timestamp="2019-07-02T23:04:56.226" threadId="000000000112DA88" success="true" />
<exclusive-end id="6591" timestamp="2019-07-02T23:04:56.226" durationms="4.223" />

<exclusive-start id="6592" timestamp="2019-07-02T23:04:56.231" intervalms="9.156">
  <response-info timems="0.025" idlems="0.025" threads="0" lastid="0000000001134900" lastname="Thread-7" />
</exclusive-start>
<af-start id="6593" threadId="0000000001135288" totalBytesRequested="40" timestamp="2019-07-02T23:04:56.231" intervalms="9.210" />
<cycle-start id="6594" type="global" contextid="0" timestamp="2019-07-02T23:04:56.231" intervalms="9.213" />
  <attribute name="GC Util" value="248" />
  <attribute name="CPU Util" value="7442281350359" />
  <attribute name="Time Running"value="6860"/>
  <attribute name="Number of cores"value="4"/>
<gc-start id="6595" type="global" contextid="6594" timestamp="2019-07-02T23:04:56.231">
  <mem-info id="6596" free="173056" total="17367040" percent="0">
    <mem type="tenure" free="173056" total="17367040" percent="0">
      <mem type="soa" free="0" total="17193984" percent="0" />
      <mem type="loa" free="173056" total="173056" percent="100" />
    </mem>
  </mem-info>
</gc-start>
<allocation-stats totalBytes="10836080" >
  <allocated-bytes non-tlh="19056" tlh="10817024" />
  <largest-consumer threadName="Thread-10" threadId="0000000001129500" bytes="3204976" />
</allocation-stats>
<gc-op id="6597" type="mark" timems="2.287" contextid="6594" timestamp="2019-07-02T23:04:56.234">
  <trace-info objectcount="67686" scancount="60113" scanbytes="2316060" />
  <finalization candidates="124" enqueued="0" />
  <ownableSynchronizers candidates="3" cleared="0" />
  <references type="soft" candidates="84" cleared="0" enqueued="0" dynamicThreshold="20" maxThreshold="32" />
  <references type="weak" candidates="774" cleared="0" enqueued="0" />
  <references type="phantom" candidates="63" cleared="0" enqueued="0" />
  <stringconstants candidates="4574" cleared="0"  />
</gc-op>
<gc-op id="6598" type="sweep" timems="0.836" contextid="6594" timestamp="2019-07-02T23:04:56.234" />
<gc-end id="6599" type="global" contextid="6594" durationms="3.511" usertimems="8.000" systemtimems="0.000" timestamp="2019-07-02T23:04:56.235" activeThreads="4">
  <mem-info id="6600" free="11242424" total="17367040" percent="64">
    <mem type="tenure" free="11242424" total="17367040" percent="64" micro-fragmented="169492" macro-fragmented="29416">
      <mem type="soa" free="11069368" total="17193984" percent="64" />
      <mem type="loa" free="173056" total="173056" percent="100" />
    </mem>
  </mem-info>
</gc-end>
<cycle-end id="6601" type="global" contextid="6594" timestamp="2019-07-02T23:04:56.235">
  <attribute name="GC Util" value="255" />
  <attribute name="CPU Util" value="7747139011442" />
  <attribute name="Time Running"value="6869"/>
  <attribute name="Number of cores"value="4"/>
</cycle-end>
<allocation-satisfied id="6602" threadId="0000000001134900" bytesRequested="40" />
<af-end id="6603" timestamp="2019-07-02T23:04:56.235" threadId="0000000001135288" success="true" />
<exclusive-end id="6604" timestamp="2019-07-02T23:04:56.235" durationms="4.312" />

<exclusive-start id="6605" timestamp="2019-07-02T23:04:56.240" intervalms="9.420">
  <response-info timems="0.025" idlems="0.025" threads="0" lastid="0000000001134900" lastname="Thread-7" />
</exclusive-start>
<af-start id="6606" threadId="0000000001135288" totalBytesRequested="40" timestamp="2019-07-02T23:04:56.240" intervalms="9.415" />
<cycle-start id="6607" type="global" contextid="0" timestamp="2019-07-02T23:04:56.241" intervalms="9.453" />
  <attribute name="GC Util" value="255" />
  <attribute name="CPU Util" value="7747139011442" />
  <attribute name="Time Running"value="6869"/>
  <attribute name="Number of cores"value="4"/>
<gc-start id="6608" type="global" contextid="6607" timestamp="2019-07-02T23:04:56.241">
  <mem-info id="6609" free="173056" total="17367040" percent="0">
    <mem type="tenure" free="173056" total="17367040" percent="0">
      <mem type="soa" free="0" total="17193984" percent="0" />
      <mem type="loa" free="173056" total="173056" percent="100" />
    </mem>
  </mem-info>
</gc-start>
<allocation-stats totalBytes="11071848" >
  <allocated-bytes non-tlh="0" tlh="11071848" />
  <largest-consumer threadName="Thread-10" threadId="0000000001129500" bytes="3558480" />
</allocation-stats>
<gc-op id="6610" type="mark" timems="2.166" contextid="6607" timestamp="2019-07-02T23:04:56.243">
  <trace-info objectcount="70037" scancount="62467" scanbytes="2372796" />
  <finalization candidates="124" enqueued="0" />
  <ownableSynchronizers candidates="3" cleared="0" />
  <references type="soft" candidates="84" cleared="0" enqueued="0" dynamicThreshold="20" maxThreshold="32" />
  <references type="weak" candidates="774" cleared="0" enqueued="0" />
  <references type="phantom" candidates="63" cleared="0" enqueued="0" />
  <stringconstants candidates="4574" cleared="0"  />
</gc-op>
<gc-op id="6611" type="sweep" timems="0.874" contextid="6607" timestamp="2019-07-02T23:04:56.244" />
<heap-resize id="6612" type="contract" space="tenure" amount="131072" count="1" timems="0.056" reason="excess free space following gc" timestamp="2019-07-02T23:04:56.244" />
<gc-end id="6613" type="global" contextid="6607" durationms="3.575" usertimems="4.000" systemtimems="4.000" timestamp="2019-07-02T23:04:56.244" activeThreads="4">
  <mem-info id="6614" free="10816320" total="17235968" percent="62">
    <mem type="tenure" free="10816320" total="17235968" percent="62" micro-fragmented="268276" macro-fragmented="0">
      <mem type="soa" free="10816320" total="17063936" percent="63" />
      <mem type="loa" free="0" total="172032" percent="0" />
    </mem>
  </mem-info>
</gc-end>
<cycle-end id="6615" type="global" contextid="6607" timestamp="2019-07-02T23:04:56.244">
  <attribute name="GC Util" value="254" />
  <attribute name="CPU Util" value="8170830032198" />
  <attribute name="Time Running"value="6878"/>
  <attribute name="Number of cores"value="4"/>
</cycle-end>
<allocation-satisfied id="6616" threadId="0000000001134900" bytesRequested="40" />
<af-end id="6617" timestamp="2019-07-02T23:04:56.245" threadId="0000000001135288" success="true" />
<exclusive-end id="6618" timestamp="2019-07-02T23:04:56.245" durationms="4.400" />

<exclusive-start id="6619" timestamp="2019-07-02T23:04:56.249" intervalms="9.087">
  <response-info timems="0.029" idlems="0.027" threads="1" lastid="000000000112D100" lastname="Thread-8" />
</exclusive-start>
<af-start id="6620" threadId="0000000001131688" totalBytesRequested="24" timestamp="2019-07-02T23:04:56.250" intervalms="9.092" />
<cycle-start id="6621" type="global" contextid="0" timestamp="2019-07-02T23:04:56.250" intervalms="9.059" />
  <attribute name="GC Util" value="254" />
  <attribute name="CPU Util" value="8170830032198" />
  <attribute name="Time Running"value="6878"/>
  <attribute name="Number of cores"value="4"/>
<gc-start id="6622" type="global" contextid="6621" timestamp="2019-07-02T23:04:56.250">
  <mem-info id="6623" free="0" total="17235968" percent="0">
    <mem type="tenure" free="0" total="17235968" percent="0">
      <mem type="soa" free="0" total="17063936" percent="0" />
      <mem type="loa" free="0" total="172032" percent="0" />
    </mem>
  </mem-info>
</gc-start>
<allocation-stats totalBytes="10817608" >
  <allocated-bytes non-tlh="0" tlh="10817608" />
  <largest-consumer threadName="Thread-10" threadId="0000000001129500" bytes="3200768" />
</allocation-stats>
<gc-op id="6624" type="mark" timems="1.233" contextid="6621" timestamp="2019-07-02T23:04:56.251">
  <trace-info objectcount="71428" scancount="63869" scanbytes="2405988" />
  <finalization candidates="124" enqueued="0" />
  <ownableSynchronizers candidates="3" cleared="0" />
  <references type="soft" candidates="84" cleared="0" enqueued="0" dynamicThreshold="20" maxThreshold="32" />
  <references type="weak" candidates="774" cleared="0" enqueued="0" />
  <references type="phantom" candidates="63" cleared="0" enqueued="0" />
  <stringconstants candidates="4574" cleared="0"  />
</gc-op>
<gc-op id="6625" type="sweep" timems="0.397" contextid="6621" timestamp="2019-07-02T23:04:56.252" />
<heap-resize id="6626" type="contract" space="tenure" amount="65536" count="1" timems="0.106" reason="excess free space following gc" timestamp="2019-07-02T23:04:56.252" />
<gc-end id="6627" type="global" contextid="6621" durationms="2.264" usertimems="4.000" systemtimems="0.000" timestamp="2019-07-02T23:04:56.252" activeThreads="4">
  <mem-info id="6628" free="10660592" total="17170432" percent="62">
    <mem type="tenure" free="10660592" total="17170432" percent="62" micro-fragmented="154464" macro-fragmented="16290">
      <mem type="soa" free="10660592" total="16999424" percent="62" />
      <mem type="loa" free="0" total="171008" percent="0" />
    </mem>
  </mem-info>
</gc-end>
<cycle-end id="6629" type="global" contextid="6621" timestamp="2019-07-02T23:04:56.252">
  <attribute name="GC Util" value="204" />
  <attribute name="CPU Util" value="13910837049632" />
  <attribute name="Time Running"value="6886"/>
  <attribute name="Number of cores"value="4"/>
</cycle-end>
<allocation-satisfied id="6630" threadId="0000000001130D00" bytesRequested="24" />
<af-end id="6631" timestamp="2019-07-02T23:04:56.252" threadId="0000000001131688" success="true" />
<exclusive-end id="6632" timestamp="2019-07-02T23:04:56.252" durationms="3.083" />

<exclusive-start id="6633" timestamp="2019-07-02T23:04:56.257" intervalms="7.649">
  <response-info timems="0.045" idlems="0.045" threads="0" lastid="0000000001129500" lastname="Thread-10" />
</exclusive-start>
<af-start id="6634" threadId="0000000001129E88" totalBytesRequested="24" timestamp="2019-07-02T23:04:56.257" intervalms="7.610" />
<cycle-start id="6635" type="global" contextid="0" timestamp="2019-07-02T23:04:56.257" intervalms="7.611" />
  <attribute name="GC Util" value="204" />
  <attribute name="CPU Util" value="13910837049632" />
  <attribute name="Time Running"value="6886"/>
  <attribute name="Number of cores"value="4"/>
<gc-start id="6636" type="global" contextid="6635" timestamp="2019-07-02T23:04:56.257">
  <mem-info id="6637" free="0" total="17170432" percent="0">
    <mem type="tenure" free="0" total="17170432" percent="0">
      <mem type="soa" free="0" total="16999424" percent="0" />
      <mem type="loa" free="0" total="171008" percent="0" />
    </mem>
  </mem-info>
</gc-start>
<allocation-stats totalBytes="10654432" >
  <allocated-bytes non-tlh="23160" tlh="10631272" />
  <largest-consumer threadName="Thread-10" threadId="0000000001129500" bytes="3119704" />
</allocation-stats>
<gc-op id="6638" type="mark" timems="1.949" contextid="6635" timestamp="2019-07-02T23:04:56.259">
  <trace-info objectcount="67400" scancount="59839" scanbytes="2308924" />
  <finalization candidates="124" enqueued="0" />
  <ownableSynchronizers candidates="3" cleared="0" />
  <references type="soft" candidates="84" cleared="0" enqueued="0" dynamicThreshold="19" maxThreshold="32" />
  <references type="weak" candidates="774" cleared="0" enqueued="0" />
  <references type="phantom" candidates="63" cleared="0" enqueued="0" />
  <stringconstants candidates="4574" cleared="0"  />
</gc-op>
<gc-op id="6639" type="sweep" timems="0.842" contextid="6635" timestamp="2019-07-02T23:04:56.260" />
<mem-info id="6640" free="11004728" total="17170432" percent="64">
  <mem type="tenure" free="11004728" total="17170432" percent="64" micro-fragmented="180984" macro-fragmented="58634">
    <mem type="soa" free="10918864" total="16999424" percent="64" />
    <mem type="loa" free="85864" total="171008" percent="50" />
  </mem>
</mem-info>
<gc-op id="6641" type="compact" timems="5.450" contextid="6635" timestamp="2019-07-02T23:04:56.266">
  <compact-info movecount="27661" movebytes="1214624" reason="compact to aid heap contraction" />
</gc-op>
<heap-resize id="6642" type="contract" space="tenure" amount="131072" count="1" timems="0.076" reason="excess free space following gc" timestamp="2019-07-02T23:04:56.266" />
<gc-end id="6643" type="global" contextid="6635" durationms="9.251" usertimems="8.000" systemtimems="4.000" timestamp="2019-07-02T23:04:56.267" activeThreads="4">
  <mem-info id="6644" free="11155592" total="17039360" percent="65">
    <mem type="tenure" free="11155592" total="17039360" percent="65">
      <mem type="soa" free="11025544" total="16869376" percent="65" />
      <mem type="loa" free="130048" total="169984" percent="76" />
    </mem>
  </mem-info>
</gc-end>
<cycle-end id="6645" type="global" contextid="6635" timestamp="2019-07-02T23:04:56.267">
  <attribute name="GC Util" value="136" />
  <attribute name="CPU Util" value="16995639029630" />
  <attribute name="Time Running"value="6896"/>
  <attribute name="Number of cores"value="4"/>
</cycle-end>
<allocation-satisfied id="6646" threadId="0000000001129500" bytesRequested="24" />
<af-end id="6647" timestamp="2019-07-02T23:04:56.267" threadId="0000000001129E88" success="true" />
<exclusive-end id="6648" timestamp="2019-07-02T23:04:56.267" durationms="10.020" />

<exclusive-start id="6649" timestamp="2019-07-02T23:04:56.272" intervalms="14.486">
  <response-info timems="0.019" idlems="0.019" threads="0" lastid="0000000001129500" lastname="Thread-10" />
</exclusive-start>
<af-start id="6650" threadId="0000000001129E88" totalBytesRequested="40" timestamp="2019-07-02T23:04:56.272" intervalms="14.510" />
<cycle-start id="6651" type="global" contextid="0" timestamp="2019-07-02T23:04:56.272" intervalms="14.506" />
  <attribute name="GC Util" value="136" />
  <attribute name="CPU Util" value="16995639029630" />
  <attribute name="Time Running"value="6896"/>
  <attribute name="Number of cores"value="4"/>
<gc-start id="6652" type="global" contextid="6651" timestamp="2019-07-02T23:04:56.272">
  <mem-info id="6653" free="130048" total="17039360" percent="0">
    <mem type="tenure" free="130048" total="17039360" percent="0">
      <mem type="soa" free="0" total="16869376" percent="0" />
      <mem type="loa" free="130048" total="169984" percent="76" />
    </mem>
  </mem-info>
</gc-start>
<allocation-stats totalBytes="11089384" >
  <allocated-bytes non-tlh="0" tlh="11089384" />
  <largest-consumer threadName="Thread-10" threadId="0000000001129500" bytes="3374592" />
</allocation-stats>
<gc-op id="6654" type="mark" timems="2.440" contextid="6651" timestamp="2019-07-02T23:04:56.274">
  <trace-info objectcount="68322" scancount="60735" scanbytes="2331284" />
  <finalization candidates="124" enqueued="0" />
  <ownableSynchronizers candidates="3" cleared="0" />
  <references type="soft" candidates="84" cleared="0" enqueued="0" dynamicThreshold="20" maxThreshold="32" />
  <references type="weak" candidates="774" cleared="0" enqueued="0" />
  <references type="phantom" candidates="63" cleared="0" enqueued="0" />
  <stringconstants candidates="4574" cleared="0"  />
</gc-op>
<gc-op id="6655" type="sweep" timems="0.707" contextid="6651" timestamp="2019-07-02T23:04:56.275" />
<heap-resize id="6656" type="contract" space="tenure" amount="131072" count="1" timems="0.093" reason="excess free space following gc" timestamp="2019-07-02T23:04:56.275" />
<gc-end id="6657" type="global" contextid="6651" durationms="3.794" usertimems="8.000" systemtimems="0.000" timestamp="2019-07-02T23:04:56.276" activeThreads="4">
  <mem-info id="6658" free="10934872" total="16908288" percent="64">
    <mem type="tenure" free="10934872" total="16908288" percent="64" micro-fragmented="0" macro-fragmented="0">
      <mem type="soa" free="10934872" total="16739328" percent="65" />
      <mem type="loa" free="0" total="168960" percent="0" />
    </mem>
  </mem-info>
</gc-end>
<cycle-end id="6659" type="global" contextid="6651" timestamp="2019-07-02T23:04:56.276">
  <attribute name="GC Util" value="263" />
  <attribute name="CPU Util" value="7283018996855" />
  <attribute name="Time Running"value="6910"/>
  <attribute name="Number of cores"value="4"/>
</cycle-end>
<allocation-satisfied id="6660" threadId="0000000001129500" bytesRequested="40" />
<af-end id="6661" timestamp="2019-07-02T23:04:56.276" threadId="0000000001129E88" success="true" />
<exclusive-end id="6662" timestamp="2019-07-02T23:04:56.276" durationms="4.517" />

<exclusive-start id="6663" timestamp="2019-07-02T23:04:56.281" intervalms="9.299">
  <response-info timems="0.026" idlems="0.026" threads="0" lastid="0000000001134900" lastname="Thread-7" />
</exclusive-start>
<af-start id="6664" threadId="0000000001135288" totalBytesRequested="24" timestamp="2019-07-02T23:04:56.281" intervalms="9.336" />
<cycle-start id="6665" type="global" contextid="0" timestamp="2019-07-02T23:04:56.281" intervalms="9.347" />
  <attribute name="GC Util" value="263" />
  <attribute name="CPU Util" value="7283018996855" />
  <attribute name="Time Running"value="6910"/>
  <attribute name="Number of cores"value="4"/>
<gc-start id="6666" type="global" contextid="6665" timestamp="2019-07-02T23:04:56.281">
  <mem-info id="6667" free="0" total="16908288" percent="0">
    <mem type="tenure" free="0" total="16908288" percent="0">
      <mem type="soa" free="0" total="16739328" percent="0" />
      <mem type="loa" free="0" total="168960" percent="0" />
    </mem>
  </mem-info>
</gc-start>
<allocation-stats totalBytes="10931600" >
  <allocated-bytes non-tlh="0" tlh="10931600" />
  <largest-consumer threadName="Thread-10" threadId="0000000001129500" bytes="3610280" />
</allocation-stats>
<gc-op id="6668" type="mark" timems="2.079" contextid="6665" timestamp="2019-07-02T23:04:56.283">
  <trace-info objectcount="69023" scancount="61426" scanbytes="2348452" />
  <finalization candidates="124" enqueued="0" />
  <ownableSynchronizers candidates="3" cleared="0" />
  <references type="soft" candidates="84" cleared="0" enqueued="0" dynamicThreshold="20" maxThreshold="32" />
  <references type="weak" candidates="774" cleared="0" enqueued="0" />
  <references type="phantom" candidates="63" cleared="0" enqueued="0" />
  <stringconstants candidates="4574" cleared="0"  />
</gc-op>
<gc-op id="6669" type="sweep" timems="0.762" contextid="6665" timestamp="2019-07-02T23:04:56.284" />
<heap-resize id="6670" type="contract" space="tenure" amount="65536" count="1" timems="0.086" reason="excess free space following gc" timestamp="2019-07-02T23:04:56.284" />
<gc-end id="6671" type="global" contextid="6665" durationms="3.489" usertimems="8.000" systemtimems="0.000" timestamp="2019-07-02T23:04:56.285" activeThreads="4">
  <mem-info id="6672" free="10826304" total="16842752" percent="64">
    <mem type="tenure" free="10826304" total="16842752" percent="64" micro-fragmented="9776" macro-fragmented="35748">
      <mem type="soa" free="10826304" total="16674816" percent="64" />
      <mem type="loa" free="0" total="167936" percent="0" />
    </mem>
  </mem-info>
</gc-end>
<cycle-end id="6673" type="global" contextid="6665" timestamp="2019-07-02T23:04:56.285">
  <attribute name="GC Util" value="250" />
  <attribute name="CPU Util" value="8508312028027" />
  <attribute name="Time Running"value="6919"/>
  <attribute name="Number of cores"value="4"/>
</cycle-end>
<allocation-satisfied id="6674" threadId="0000000001134900" bytesRequested="24" />
<af-end id="6675" timestamp="2019-07-02T23:04:56.285" threadId="0000000001135288" success="true" />
<exclusive-end id="6676" timestamp="2019-07-02T23:04:56.285" durationms="4.197" />

<exclusive-start id="6677" timestamp="2019-07-02T23:04:56.290" intervalms="8.756">
  <response-info timems="0.024" idlems="0.024" threads="0" lastid="000000000112D100" lastname="Thread-8" />
</exclusive-start>
<af-start id="6678" threadId="000000000112DA88" totalBytesRequested="40" timestamp="2019-07-02T23:04:56.290" intervalms="8.680" />
<cycle-start id="6679" type="global" contextid="0" timestamp="2019-07-02T23:04:56.290" intervalms="8.663" />
  <attribute name="GC Util" value="250" />
  <attribute name="CPU Util" value="8508312028027" />
  <attribute name="Time Running"value="6919"/>
  <attribute name="Number of cores"value="4"/>
<gc-start id="6680" type="global" contextid="6679" timestamp="2019-07-02T23:04:56.290">
  <mem-info id="6681" free="0" total="16842752" percent="0">
    <mem type="tenure" free="0" total="16842752" percent="0">
      <mem type="soa" free="0" total="16674816" percent="0" />
      <mem type="loa" free="0" total="167936" percent="0" />
    </mem>
  </mem-info>
</gc-start>
<allocation-stats totalBytes="10819848" >
  <allocated-bytes non-tlh="0" tlh="10819848" />
  <largest-consumer threadName="Thread-10" threadId="0000000001129500" bytes="3492208" />
</allocation-stats>
<gc-op id="6682" type="mark" timems="2.090" contextid="6679" timestamp="2019-07-02T23:04:56.292">
  <trace-info objectcount="69725" scancount="62154" scanbytes="2364780" />
  <finalization candidates="124" enqueued="0" />
  <ownableSynchronizers candidates="3" cleared="0" />
  <references type="soft" candidates="84" cleared="0" enqueued="0" dynamicThreshold="20" maxThreshold="32" />
  <references type="weak" candidates="774" cleared="0" enqueued="0" />
  <references type="phantom" candidates="63" cleared="0" enqueued="0" />
  <stringconstants candidates="4574" cleared="0"  />
</gc-op>
<gc-op id="6683" type="sweep" timems="0.793" contextid="6679" timestamp="2019-07-02T23:04:56.293" />
<mem-info id="6684" free="10787256" total="16842752" percent="64">
  <mem type="tenure" free="10787256" total="16842752" percent="64" micro-fragmented="544" macro-fragmented="14328">
    <mem type="soa" free="10787256" total="16674816" percent="64" />
    <mem type="loa" free="0" total="167936" percent="0" />
  </mem>
</mem-info>
<gc-op id="6685" type="compact" timems="6.444" contextid="6679" timestamp="2019-07-02T23:04:56.300">
  <compact-info movecount="29952" movebytes="1269664" reason="compact to aid heap contraction" />
</gc-op>
<heap-resize id="6686" type="contract" space="tenure" amount="131072" count="1" timems="0.084" reason="excess free space following gc" timestamp="2019-07-02T23:04:56.300" />
<gc-end id="6687" type="global" contextid="6679" durationms="10.023" usertimems="20.000" systemtimems="0.000" timestamp="2019-07-02T23:04:56.300" activeThreads="4">
  <mem-info id="6688" free="10775128" total="16711680" percent="64">
    <mem type="tenure" free="10775128" total="16711680" percent="64">
      <mem type="soa" free="10645080" total="16544768" percent="64" />
      <mem type="loa" free="130048" total="166912" percent="77" />
    </mem>
  </mem-info>
</gc-end>
<cycle-end id="6689" type="global" contextid="6679" timestamp="2019-07-02T23:04:56.300">
  <attribute name="GC Util" value="150" />
  <attribute name="CPU Util" value="19029895809561" />
  <attribute name="Time Running"value="6928"/>
  <attribute name="Number of cores"value="4"/>
</cycle-end>
<allocation-satisfied id="6690" threadId="000000000112D100" bytesRequested="40" />
<af-end id="6691" timestamp="2019-07-02T23:04:56.300" threadId="000000000112DA88" success="true" />
<exclusive-end id="6692" timestamp="2019-07-02T23:04:56.300" durationms="10.450" />

<exclusive-start id="6693" timestamp="2019-07-02T23:04:56.305" intervalms="15.051">
  <response-info timems="0.024" idlems="0.022" threads="1" lastid="0000000001130D00" lastname="Thread-9" />
</exclusive-start>
<af-start id="6694" threadId="0000000001129E88" totalBytesRequested="24" timestamp="2019-07-02T23:04:56.305" intervalms="15.067" />
<cycle-start id="6695" type="global" contextid="0" timestamp="2019-07-02T23:04:56.305" intervalms="15.037" />
  <attribute name="GC Util" value="150" />
  <attribute name="CPU Util" value="19029895809561" />
  <attribute name="Time Running"value="6928"/>
  <attribute name="Number of cores"value="4"/>
<gc-start id="6696" type="global" contextid="6695" timestamp="2019-07-02T23:04:56.305">
  <mem-info id="6697" free="130048" total="16711680" percent="0">
    <mem type="tenure" free="130048" total="16711680" percent="0">
      <mem type="soa" free="0" total="16544768" percent="0" />
      <mem type="loa" free="130048" total="166912" percent="77" />
    </mem>
  </mem-info>
</gc-start>
<allocation-stats totalBytes="10710288" >
  <allocated-bytes non-tlh="0" tlh="10710288" />
  <largest-consumer threadName="Thread-10" threadId="0000000001129500" bytes="3637056" />
</allocation-stats>
<gc-op id="6698" type="mark" timems="2.150" contextid="6695" timestamp="2019-07-02T23:04:56.307">
  <trace-info objectcount="70538" scancount="62987" scanbytes="2384876" />
  <finalization candidates="124" enqueued="0" />
  <ownableSynchronizers candidates="3" cleared="0" />
  <references type="soft" candidates="84" cleared="0" enqueued="0" dynamicThreshold="20" maxThreshold="32" />
  <references type="weak" candidates="774" cleared="0" enqueued="0" />
  <references type="phantom" candidates="63" cleared="0" enqueued="0" />
  <stringconstants candidates="4574" cleared="0"  />
</gc-op>
<gc-op id="6699" type="sweep" timems="0.720" contextid="6695" timestamp="2019-07-02T23:04:56.308" />
<heap-resize id="6700" type="contract" space="tenure" amount="131072" count="1" timems="0.078" reason="excess free space following gc" timestamp="2019-07-02T23:04:56.308" />
<gc-end id="6701" type="global" contextid="6695" durationms="3.494" usertimems="4.000" systemtimems="4.000" timestamp="2019-07-02T23:04:56.308" activeThreads="4">
  <mem-info id="6702" free="10552080" total="16580608" percent="63">
    <mem type="tenure" free="10552080" total="16580608" percent="63" micro-fragmented="11800" macro-fragmented="95842">
      <mem type="soa" free="10552080" total="16415744" percent="64" />
      <mem type="loa" free="0" total="164864" percent="0" />
    </mem>
  </mem-info>
</gc-end>
<cycle-end id="6703" type="global" contextid="6695" timestamp="2019-07-02T23:04:56.308">
  <attribute name="GC Util" value="253" />
  <attribute name="CPU Util" value="8206996835314" />
  <attribute name="Time Running"value="6942"/>
  <attribute name="Number of cores"value="4"/>
</cycle-end>
<allocation-satisfied id="6704" threadId="0000000001129500" bytesRequested="24" />
<af-end id="6705" timestamp="2019-07-02T23:04:56.309" threadId="0000000001129E88" success="true" />
<exclusive-end id="6706" timestamp="2019-07-02T23:04:56.309" durationms="4.127" />

<exclusive-start id="6707" timestamp="2019-07-02T23:04:56.314" intervalms="9.843">
  <response-info timems="0.704" idlems="0.361" threads="1" lastid="0000000001130D00" lastname="Thread-9" />
</exclusive-start>
<af-start id="6708" threadId="0000000001129E88" totalBytesRequested="40" timestamp="2019-07-02T23:04:56.315" intervalms="9.882" />
<cycle-start id="6709" type="global" contextid="0" timestamp="2019-07-02T23:04:56.315" intervalms="9.914" />
  <attribute name="GC Util" value="253" />
  <attribute name="CPU Util" value="8206996835314" />
  <attribute name="Time Running"value="6942"/>
  <attribute name="Number of cores"value="4"/>
<gc-start id="6710" type="global" contextid="6709" timestamp="2019-07-02T23:04:56.315">
  <mem-info id="6711" free="0" total="16580608" percent="0">
    <mem type="tenure" free="0" total="16580608" percent="0">
      <mem type="soa" free="0" total="16415744" percent="0" />
      <mem type="loa" free="0" total="164864" percent="0" />
    </mem>
  </mem-info>
</gc-start>
<allocation-stats totalBytes="10550600" >
  <allocated-bytes non-tlh="0" tlh="10550600" />
  <largest-consumer threadName="Thread-10" threadId="0000000001129500" bytes="3929392" />
</allocation-stats>
<gc-op id="6712" type="mark" timems="2.159" contextid="6709" timestamp="2019-07-02T23:04:56.317">
  <trace-info objectcount="71235" scancount="63662" scanbytes="2401356" />
  <finalization candidates="124" enqueued="0" />
  <ownableSynchronizers candidates="3" cleared="0" />
  <references type="soft" candidates="84" cleared="0" enqueued="0" dynamicThreshold="20" maxThreshold="32" />
  <references type="weak" candidates="774" cleared="0" enqueued="0" />
  <references type="phantom" candidates="63" cleared="0" enqueued="0" />
  <stringconstants candidates="4574" cleared="0"  />
</gc-op>
<gc-op id="6713" type="sweep" timems="0.765" contextid="6709" timestamp="2019-07-02T23:04:56.318" />
<heap-resize id="6714" type="contract" space="tenure" amount="131072" count="1" timems="0.088" reason="excess free space following gc" timestamp="2019-07-02T23:04:56.318" />
<gc-end id="6715" type="global" contextid="6709" durationms="3.429" usertimems="8.000" systemtimems="0.000" timestamp="2019-07-02T23:04:56.318" activeThreads="4">
  <mem-info id="6716" free="10391184" total="16449536" percent="63">
    <mem type="tenure" free="10391184" total="16449536" percent="63" micro-fragmented="13357" macro-fragmented="72036">
      <mem type="soa" free="10391184" total="16285696" percent="63" />
      <mem type="loa" free="0" total="163840" percent="0" />
    </mem>
  </mem-info>
</gc-end>
<cycle-end id="6717" type="global" contextid="6709" timestamp="2019-07-02T23:04:56.318">
  <attribute name="GC Util" value="250" />
  <attribute name="CPU Util" value="8347479195498" />
  <attribute name="Time Running"value="6952"/>
  <attribute name="Number of cores"value="4"/>
</cycle-end>
<allocation-satisfied id="6718" threadId="0000000001129500" bytesRequested="40" />
<af-end id="6719" timestamp="2019-07-02T23:04:56.319" threadId="0000000001129E88" success="true" />
<exclusive-end id="6720" timestamp="2019-07-02T23:04:56.319" durationms="4.201" />

<exclusive-start id="6721" timestamp="2019-07-02T23:04:56.324" intervalms="9.688">
  <response-info timems="0.027" idlems="0.027" threads="0" lastid="0000000001129500" lastname="Thread-10" />
</exclusive-start>
<af-start id="6722" threadId="0000000001129E88" totalBytesRequested="24" timestamp="2019-07-02T23:04:56.324" intervalms="9.679" />
<cycle-start id="6723" type="global" contextid="0" timestamp="2019-07-02T23:04:56.324" intervalms="9.682" />
  <attribute name="GC Util" value="250" />
  <attribute name="CPU Util" value="8347479195498" />
  <attribute name="Time Running"value="6952"/>
  <attribute name="Number of cores"value="4"/>
<gc-start id="6724" type="global" contextid="6723" timestamp="2019-07-02T23:04:56.324">
  <mem-info id="6725" free="0" total="16449536" percent="0">
    <mem type="tenure" free="0" total="16449536" percent="0">
      <mem type="soa" free="0" total="16285696" percent="0" />
      <mem type="loa" free="0" total="163840" percent="0" />
    </mem>
  </mem-info>
</gc-start>
<allocation-stats totalBytes="10384864" >
  <allocated-bytes non-tlh="0" tlh="10384864" />
  <largest-consumer threadName="Thread-10" threadId="0000000001129500" bytes="4307192" />
</allocation-stats>
<gc-op id="6726" type="mark" timems="2.148" contextid="6723" timestamp="2019-07-02T23:04:56.327">
  <trace-info objectcount="63422" scancount="55847" scanbytes="2080072" />
  <finalization candidates="124" enqueued="0" />
  <ownableSynchronizers candidates="3" cleared="0" />
  <references type="soft" candidates="84" cleared="0" enqueued="0" dynamicThreshold="20" maxThreshold="32" />
  <references type="weak" candidates="774" cleared="0" enqueued="0" />
  <references type="phantom" candidates="63" cleared="0" enqueued="0" />
  <stringconstants candidates="4574" cleared="0"  />
</gc-op>
<gc-op id="6727" type="sweep" timems="0.736" contextid="6723" timestamp="2019-07-02T23:04:56.328" />
<mem-info id="6728" free="10689760" total="16449536" percent="64">
  <mem type="tenure" free="10689760" total="16449536" percent="64" micro-fragmented="101972" macro-fragmented="47827">
    <mem type="soa" free="10613432" total="16285696" percent="65" />
    <mem type="loa" free="76328" total="163840" percent="46" />
  </mem>
</mem-info>
<gc-op id="6729" type="compact" timems="5.685" contextid="6723" timestamp="2019-07-02T23:04:56.333">
  <compact-info movecount="23649" movebytes="984976" reason="compact to aid heap contraction" />
</gc-op>
<heap-resize id="6730" type="contract" space="tenure" amount="131072" count="1" timems="0.089" reason="excess free space following gc" timestamp="2019-07-02T23:04:56.334" />
<gc-end id="6731" type="global" contextid="6723" durationms="9.490" usertimems="16.000" systemtimems="4.000" timestamp="2019-07-02T23:04:56.334" activeThreads="4">
  <mem-info id="6732" free="10670696" total="16318464" percent="65">
    <mem type="tenure" free="10670696" total="16318464" percent="65">
      <mem type="soa" free="10540648" total="16155648" percent="65" />
      <mem type="loa" free="130048" total="162816" percent="79" />
    </mem>
  </mem-info>
</gc-end>
<cycle-end id="6733" type="global" contextid="6723" timestamp="2019-07-02T23:04:56.334">
  <attribute name="GC Util" value="143" />
  <attribute name="CPU Util" value="17835572128928" />
  <attribute name="Time Running"value="6963"/>
  <attribute name="Number of cores"value="4"/>
</cycle-end>
<allocation-satisfied id="6734" threadId="0000000001129500" bytesRequested="24" />
<af-end id="6735" timestamp="2019-07-02T23:04:56.334" threadId="0000000001129E88" success="true" />
<exclusive-end id="6736" timestamp="2019-07-02T23:04:56.334" durationms="10.184" />

<exclusive-start id="6737" timestamp="2019-07-02T23:04:56.339" intervalms="15.092">
  <response-info timems="0.029" idlems="0.029" threads="0" lastid="000000000112D100" lastname="Thread-8" />
</exclusive-start>
<af-start id="6738" threadId="000000000112DA88" totalBytesRequested="40" timestamp="2019-07-02T23:04:56.339" intervalms="15.095" />
<cycle-start id="6739" type="global" contextid="0" timestamp="2019-07-02T23:04:56.339" intervalms="15.092" />
  <attribute name="GC Util" value="143" />
  <attribute name="CPU Util" value="17835572128928" />
  <attribute name="Time Running"value="6963"/>
  <attribute name="Number of cores"value="4"/>
<gc-start id="6740" type="global" contextid="6739" timestamp="2019-07-02T23:04:56.340">
  <mem-info id="6741" free="130048" total="16318464" percent="0">
    <mem type="tenure" free="130048" total="16318464" percent="0">
      <mem type="soa" free="0" total="16155648" percent="0" />
      <mem type="loa" free="130048" total="162816" percent="79" />
    </mem>
  </mem-info>
</gc-start>
<allocation-stats totalBytes="10605200" >
  <allocated-bytes non-tlh="0" tlh="10605200" />
  <largest-consumer threadName="Thread-8" threadId="000000000112D100" bytes="3118416" />
</allocation-stats>
<gc-op id="6742" type="mark" timems="2.523" contextid="6739" timestamp="2019-07-02T23:04:56.342">
  <trace-info objectcount="67683" scancount="60138" scanbytes="2315884" />
  <finalization candidates="124" enqueued="0" />
  <ownableSynchronizers candidates="3" cleared="0" />
  <references type="soft" candidates="84" cleared="0" enqueued="0" dynamicThreshold="20" maxThreshold="32" />
  <references type="weak" candidates="774" cleared="0" enqueued="0" />
  <references type="phantom" candidates="63" cleared="0" enqueued="0" />
  <stringconstants candidates="4574" cleared="0"  />
</gc-op>
<gc-op id="6743" type="sweep" timems="0.732" contextid="6739" timestamp="2019-07-02T23:04:56.343" />
<heap-resize id="6744" type="contract" space="tenure" amount="131072" count="1" timems="0.044" reason="excess free space following gc" timestamp="2019-07-02T23:04:56.343" />
<gc-end id="6745" type="global" contextid="6739" durationms="3.752" usertimems="8.000" systemtimems="0.000" timestamp="2019-07-02T23:04:56.343" activeThreads="4">
  <mem-info id="6746" free="10340248" total="16187392" percent="63">
    <mem type="tenure" free="10340248" total="16187392" percent="63" micro-fragmented="15881" macro-fragmented="0">
      <mem type="soa" free="10225576" total="16025600" percent="63" />
      <mem type="loa" free="114672" total="161792" percent="70" />
    </mem>
  </mem-info>
</gc-end>
<cycle-end id="6747" type="global" contextid="6739" timestamp="2019-07-02T23:04:56.343">
  <attribute name="GC Util" value="249" />
  <attribute name="CPU Util" value="7078232177633" />
  <attribute name="Time Running"value="6977"/>
  <attribute name="Number of cores"value="4"/>
</cycle-end>
<allocation-satisfied id="6748" threadId="000000000112D100" bytesRequested="40" />
<af-end id="6749" timestamp="2019-07-02T23:04:56.344" threadId="000000000112DA88" success="true" />
<exclusive-end id="6750" timestamp="2019-07-02T23:04:56.344" durationms="4.346" />

<exclusive-start id="6751" timestamp="2019-07-02T23:04:56.350" intervalms="10.752">
  <response-info timems="0.027" idlems="0.027" threads="0" lastid="0000000001129500" lastname="Thread-10" />
</exclusive-start>
<af-start id="6752" threadId="0000000001129E88" totalBytesRequested="40" timestamp="2019-07-02T23:04:56.350" intervalms="10.757" />
<cycle-start id="6753" type="global" contextid="0" timestamp="2019-07-02T23:04:56.350" intervalms="10.763" />
  <attribute name="GC Util" value="249" />
  <attribute name="CPU Util" value="7078232177633" />
  <attribute name="Time Running"value="6977"/>
  <attribute name="Number of cores"value="4"/>
<gc-start id="6754" type="global" contextid="6753" timestamp="2019-07-02T23:04:56.350">
  <mem-info id="6755" free="114672" total="16187392" percent="0">
    <mem type="tenure" free="114672" total="16187392" percent="0">
      <mem type="soa" free="0" total="16025600" percent="0" />
      <mem type="loa" free="114672" total="161792" percent="70" />
    </mem>
  </mem-info>
</gc-start>
<allocation-stats totalBytes="10226984" >
  <allocated-bytes non-tlh="0" tlh="10226984" />
  <largest-consumer threadName="Thread-8" threadId="000000000112D100" bytes="3796752" />
</allocation-stats>
<gc-op id="6756" type="mark" timems="2.238" contextid="6753" timestamp="2019-07-02T23:04:56.353">
  <trace-info objectcount="68468" scancount="60904" scanbytes="2334884" />
  <finalization candidates="124" enqueued="0" />
  <ownableSynchronizers candidates="3" cleared="0" />
  <references type="soft" candidates="84" cleared="0" enqueued="0" dynamicThreshold="20" maxThreshold="32" />
  <references type="weak" candidates="774" cleared="0" enqueued="0" />
  <references type="phantom" candidates="63" cleared="0" enqueued="0" />
  <stringconstants candidates="4574" cleared="0"  />
</gc-op>
<gc-op id="6757" type="sweep" timems="0.808" contextid="6753" timestamp="2019-07-02T23:04:56.354" />
<mem-info id="6758" free="10309544" total="16187392" percent="63">
  <mem type="tenure" free="10309544" total="16187392" percent="63" micro-fragmented="16159" macro-fragmented="35748">
    <mem type="soa" free="10190056" total="16025600" percent="63" />
    <mem type="loa" free="119488" total="161792" percent="73" />
  </mem>
</mem-info>
<gc-op id="6759" type="compact" timems="4.925" contextid="6753" timestamp="2019-07-02T23:04:56.359">
  <compact-info movecount="12438" movebytes="541776" reason="compact to aid heap contraction" />
</gc-op>
<heap-resize id="6760" type="contract" space="tenure" amount="131072" count="1" timems="0.087" reason="excess free space following gc" timestamp="2019-07-02T23:04:56.359" />
<gc-end id="6761" type="global" contextid="6753" durationms="8.902" usertimems="16.000" systemtimems="0.000" timestamp="2019-07-02T23:04:56.359" activeThreads="4">
  <mem-info id="6762" free="10155808" total="16056320" percent="63">
    <mem type="tenure" free="10155808" total="16056320" percent="63">
      <mem type="soa" free="10026784" total="15896576" percent="63" />
      <mem type="loa" free="129024" total="159744" percent="80" />
    </mem>
  </mem-info>
</gc-end>
<cycle-end id="6763" type="global" contextid="6753" timestamp="2019-07-02T23:04:56.359">
  <attribute name="GC Util" value="131" />
  <attribute name="CPU Util" value="16137386801867" />
  <attribute name="Time Running"value="6989"/>
  <attribute name="Number of cores"value="4"/>
</cycle-end>
<allocation-satisfied id="6764" threadId="0000000001129500" bytesRequested="40" />
<af-end id="6765" timestamp="2019-07-02T23:04:56.360" threadId="0000000001129E88" success="true" />
<exclusive-end id="6766" timestamp="2019-07-02T23:04:56.360" durationms="9.706" />

<exclusive-start id="6767" timestamp="2019-07-02T23:04:56.365" intervalms="14.534">
  <response-info timems="0.030" idlems="0.030" threads="0" lastid="0000000001130D00" lastname="Thread-9" />
</exclusive-start>
<af-start id="6768" threadId="0000000001131688" totalBytesRequested="40" timestamp="2019-07-02T23:04:56.365" intervalms="14.544" />
<cycle-start id="6769" type="global" contextid="0" timestamp="2019-07-02T23:04:56.365" intervalms="14.572" />
  <attribute name="GC Util" value="131" />
  <attribute name="CPU Util" value="16137386801867" />
  <attribute name="Time Running"value="6989"/>
  <attribute name="Number of cores"value="4"/>
<gc-start id="6770" type="global" contextid="6769" timestamp="2019-07-02T23:04:56.365">
  <mem-info id="6771" free="129024" total="16056320" percent="0">
    <mem type="tenure" free="129024" total="16056320" percent="0">
      <mem type="soa" free="0" total="15896576" percent="0" />
      <mem type="loa" free="129024" total="159744" percent="80" />
    </mem>
  </mem-info>
</gc-start>
<allocation-stats totalBytes="10090352" >
  <allocated-bytes non-tlh="0" tlh="10090352" />
  <largest-consumer threadName="Thread-8" threadId="000000000112D100" bytes="2981344" />
</allocation-stats>
<gc-op id="6772" type="mark" timems="1.210" contextid="6769" timestamp="2019-07-02T23:04:56.366">
  <trace-info objectcount="69361" scancount="61773" scanbytes="2356420" />
  <finalization candidates="124" enqueued="0" />
  <ownableSynchronizers candidates="3" cleared="0" />
  <references type="soft" candidates="84" cleared="0" enqueued="0" dynamicThreshold="20" maxThreshold="32" />
  <references type="weak" candidates="774" cleared="0" enqueued="0" />
  <references type="phantom" candidates="63" cleared="0" enqueued="0" />
  <stringconstants candidates="4574" cleared="0"  />
</gc-op>
<gc-op id="6773" type="sweep" timems="0.248" contextid="6769" timestamp="2019-07-02T23:04:56.367" />
<heap-resize id="6774" type="contract" space="tenure" amount="131072" count="1" timems="0.089" reason="excess free space following gc" timestamp="2019-07-02T23:04:56.367" />
<gc-end id="6775" type="global" contextid="6769" durationms="2.121" usertimems="4.000" systemtimems="0.000" timestamp="2019-07-02T23:04:56.367" activeThreads="4">
  <mem-info id="6776" free="10032312" total="15925248" percent="62">
    <mem type="tenure" free="10032312" total="15925248" percent="62" micro-fragmented="12869" macro-fragmented="0">
      <mem type="soa" free="9918424" total="15766528" percent="62" />
      <mem type="loa" free="113888" total="158720" percent="71" />
    </mem>
  </mem-info>
</gc-end>
<cycle-end id="6777" type="global" contextid="6769" timestamp="2019-07-02T23:04:56.367">
  <attribute name="GC Util" value="195" />
  <attribute name="CPU Util" value="14212718101980" />
  <attribute name="Time Running"value="7002"/>
  <attribute name="Number of cores"value="4"/>
</cycle-end>
<allocation-satisfied id="6778" threadId="0000000001130D00" bytesRequested="40" />
<af-end id="6779" timestamp="2019-07-02T23:04:56.367" threadId="0000000001131688" success="true" />
<exclusive-end id="6780" timestamp="2019-07-02T23:04:56.368" durationms="2.970" />

<exclusive-start id="6781" timestamp="2019-07-02T23:04:56.372" intervalms="7.690">
  <response-info timems="0.022" idlems="0.022" threads="0" lastid="000000000112D100" lastname="Thread-8" />
</exclusive-start>
<af-start id="6782" threadId="000000000112DA88" totalBytesRequested="40" timestamp="2019-07-02T23:04:56.372" intervalms="7.662" />
<cycle-start id="6783" type="global" contextid="0" timestamp="2019-07-02T23:04:56.372" intervalms="7.625" />
  <attribute name="GC Util" value="195" />
  <attribute name="CPU Util" value="14212718101980" />
  <attribute name="Time Running"value="7002"/>
  <attribute name="Number of cores"value="4"/>
<gc-start id="6784" type="global" contextid="6783" timestamp="2019-07-02T23:04:56.372">
  <mem-info id="6785" free="113888" total="15925248" percent="0">
    <mem type="tenure" free="113888" total="15925248" percent="0">
      <mem type="soa" free="0" total="15766528" percent="0" />
      <mem type="loa" free="113888" total="158720" percent="71" />
    </mem>
  </mem-info>
</gc-start>
<allocation-stats totalBytes="9915744" >
  <allocated-bytes non-tlh="0" tlh="9915744" />
  <largest-consumer threadName="Thread-8" threadId="000000000112D100" bytes="2742336" />
</allocation-stats>
<gc-op id="6786" type="mark" timems="1.882" contextid="6783" timestamp="2019-07-02T23:04:56.374">
  <trace-info objectcount="65302" scancount="57727" scanbytes="2258996" />
  <finalization candidates="124" enqueued="0" />
  <ownableSynchronizers candidates="3" cleared="0" />
  <references type="soft" candidates="84" cleared="0" enqueued="0" dynamicThreshold="20" maxThreshold="32" />
  <references type="weak" candidates="774" cleared="0" enqueued="0" />
  <references type="phantom" candidates="63" cleared="0" enqueued="0" />
  <stringconstants candidates="4574" cleared="0"  />
</gc-op>
<gc-op id="6787" type="sweep" timems="0.716" contextid="6783" timestamp="2019-07-02T23:04:56.375" />
<mem-info id="6788" free="10026144" total="15925248" percent="62">
  <mem type="tenure" free="10026144" total="15925248" percent="62" micro-fragmented="121956" macro-fragmented="0">
    <mem type="soa" free="9908856" total="15766528" percent="62" />
    <mem type="loa" free="117288" total="158720" percent="73" />
  </mem>
</mem-info>
<gc-op id="6789" type="compact" timems="5.575" contextid="6783" timestamp="2019-07-02T23:04:56.381">
  <compact-info movecount="25563" movebytes="1164696" reason="compact to aid heap contraction" />
</gc-op>
<heap-resize id="6790" type="contract" space="tenure" amount="131072" count="1" timems="0.034" reason="excess free space following gc" timestamp="2019-07-02T23:04:56.381" />
<gc-end id="6791" type="global" contextid="6783" durationms="8.784" usertimems="12.000" systemtimems="0.000" timestamp="2019-07-02T23:04:56.381" activeThreads="4">
  <mem-info id="6792" free="9972624" total="15794176" percent="63">
    <mem type="tenure" free="9972624" total="15794176" percent="63">
      <mem type="soa" free="9842576" total="15636480" percent="62" />
      <mem type="loa" free="130048" total="157696" percent="82" />
    </mem>
  </mem-info>
</gc-end>
<cycle-end id="6793" type="global" contextid="6783" timestamp="2019-07-02T23:04:56.381">
  <attribute name="GC Util" value="166" />
  <attribute name="CPU Util" value="20796850129867" />
  <attribute name="Time Running"value="7011"/>
  <attribute name="Number of cores"value="4"/>
</cycle-end>
<allocation-satisfied id="6794" threadId="000000000112D100" bytesRequested="40" />
<af-end id="6795" timestamp="2019-07-02T23:04:56.382" threadId="000000000112DA88" success="true" />
<exclusive-end id="6796" timestamp="2019-07-02T23:04:56.382" durationms="9.356" />

<exclusive-start id="6797" timestamp="2019-07-02T23:04:56.388" intervalms="15.473">
  <response-info timems="0.028" idlems="0.028" threads="0" lastid="000000000112D100" lastname="Thread-8" />
</exclusive-start>
<af-start id="6798" threadId="000000000112DA88" totalBytesRequested="40" timestamp="2019-07-02T23:04:56.388" intervalms="15.434" />
<cycle-start id="6799" type="global" contextid="0" timestamp="2019-07-02T23:04:56.388" intervalms="15.392" />
  <attribute name="GC Util" value="166" />
  <attribute name="CPU Util" value="20796850129867" />
  <attribute name="Time Running"value="7011"/>
  <attribute name="Number of cores"value="4"/>
<gc-start id="6800" type="global" contextid="6799" timestamp="2019-07-02T23:04:56.388">
  <mem-info id="6801" free="130048" total="15794176" percent="0">
    <mem type="tenure" free="130048" total="15794176" percent="0">
      <mem type="soa" free="0" total="15636480" percent="0" />
      <mem type="loa" free="130048" total="157696" percent="82" />
    </mem>
  </mem-info>
</gc-start>
<allocation-stats totalBytes="9907304" >
  <allocated-bytes non-tlh="0" tlh="9907304" />
  <largest-consumer threadName="Thread-8" threadId="000000000112D100" bytes="3550776" />
</allocation-stats>
<gc-op id="6802" type="mark" timems="2.485" contextid="6799" timestamp="2019-07-02T23:04:56.390">
  <trace-info objectcount="67804" scancount="60219" scanbytes="2319060" />
  <finalization candidates="124" enqueued="0" />
  <ownableSynchronizers candidates="3" cleared="0" />
  <references type="soft" candidates="84" cleared="0" enqueued="0" dynamicThreshold="20" maxThreshold="32" />
  <references type="weak" candidates="774" cleared="0" enqueued="0" />
  <references type="phantom" candidates="63" cleared="0" enqueued="0" />
  <stringconstants candidates="4574" cleared="0"  />
</gc-op>
<gc-op id="6803" type="sweep" timems="0.740" contextid="6799" timestamp="2019-07-02T23:04:56.391" />
<heap-resize id="6804" type="contract" space="tenure" amount="131072" count="1" timems="0.082" reason="excess free space following gc" timestamp="2019-07-02T23:04:56.391" />
<gc-end id="6805" type="global" contextid="6799" durationms="3.667" usertimems="8.000" systemtimems="0.000" timestamp="2019-07-02T23:04:56.392" activeThreads="4">
  <mem-info id="6806" free="9762800" total="15663104" percent="62">
    <mem type="tenure" free="9762800" total="15663104" percent="62" micro-fragmented="9226" macro-fragmented="0">
      <mem type="soa" free="9676464" total="15507456" percent="62" />
      <mem type="loa" free="86336" total="155648" percent="55" />
    </mem>
  </mem-info>
</gc-end>
<cycle-end id="6807" type="global" contextid="6799" timestamp="2019-07-02T23:04:56.392">
  <attribute name="GC Util" value="256" />
  <attribute name="CPU Util" value="7172229077137" />
  <attribute name="Time Running"value="7026"/>
  <attribute name="Number of cores"value="4"/>
</cycle-end>
<allocation-satisfied id="6808" threadId="000000000112D100" bytesRequested="40" />
<af-end id="6809" timestamp="2019-07-02T23:04:56.392" threadId="000000000112DA88" success="true" />
<exclusive-end id="6810" timestamp="2019-07-02T23:04:56.392" durationms="4.188" />

<exclusive-start id="6811" timestamp="2019-07-02T23:04:56.397" intervalms="8.980">
  <response-info timems="0.024" idlems="0.023" threads="1" lastid="0000000001130D00" lastname="Thread-9" />
</exclusive-start>
<af-start id="6812" threadId="0000000001135288" totalBytesRequested="40" timestamp="2019-07-02T23:04:56.397" intervalms="8.996" />
<cycle-start id="6813" type="global" contextid="0" timestamp="2019-07-02T23:04:56.397" intervalms="9.053" />
  <attribute name="GC Util" value="256" />
  <attribute name="CPU Util" value="7172229077137" />
  <attribute name="Time Running"value="7026"/>
  <attribute name="Number of cores"value="4"/>
<gc-start id="6814" type="global" contextid="6813" timestamp="2019-07-02T23:04:56.397">
  <mem-info id="6815" free="86336" total="15663104" percent="0">
    <mem type="tenure" free="86336" total="15663104" percent="0">
      <mem type="soa" free="0" total="15507456" percent="0" />
      <mem type="loa" free="86336" total="155648" percent="55" />
    </mem>
  </mem-info>
</gc-start>
<allocation-stats totalBytes="9672136" >
  <allocated-bytes non-tlh="0" tlh="9672136" />
  <largest-consumer threadName="Thread-7" threadId="0000000001134900" bytes="2832328" />
</allocation-stats>
<gc-op id="6816" type="mark" timems="1.848" contextid="6813" timestamp="2019-07-02T23:04:56.399">
  <trace-info objectcount="69674" scancount="62094" scanbytes="2363332" />
  <finalization candidates="124" enqueued="0" />
  <ownableSynchronizers candidates="3" cleared="0" />
  <references type="soft" candidates="84" cleared="0" enqueued="0" dynamicThreshold="19" maxThreshold="32" />
  <references type="weak" candidates="774" cleared="0" enqueued="0" />
  <references type="phantom" candidates="63" cleared="0" enqueued="0" />
  <stringconstants candidates="4574" cleared="0"  />
</gc-op>
<gc-op id="6817" type="sweep" timems="0.792" contextid="6813" timestamp="2019-07-02T23:04:56.400" />
<mem-info id="6818" free="9666552" total="15663104" percent="61">
  <mem type="tenure" free="9666552" total="15663104" percent="61" micro-fragmented="1545" macro-fragmented="0">
    <mem type="soa" free="9580216" total="15507456" percent="61" />
    <mem type="loa" free="86336" total="155648" percent="55" />
  </mem>
</mem-info>
<gc-op id="6819" type="compact" timems="4.635" contextid="6813" timestamp="2019-07-02T23:04:56.405">
  <compact-info movecount="10577" movebytes="392312" reason="compact to aid heap contraction" />
</gc-op>
<heap-resize id="6820" type="contract" space="tenure" amount="131072" count="1" timems="0.065" reason="excess free space following gc" timestamp="2019-07-02T23:04:56.405" />
<gc-end id="6821" type="global" contextid="6813" durationms="8.162" usertimems="12.000" systemtimems="0.000" timestamp="2019-07-02T23:04:56.405" activeThreads="4">
  <mem-info id="6822" free="9609216" total="15532032" percent="61">
    <mem type="tenure" free="9609216" total="15532032" percent="61">
      <mem type="soa" free="9479168" total="15377408" percent="61" />
      <mem type="loa" free="130048" total="154624" percent="84" />
    </mem>
  </mem-info>
</gc-end>
<cycle-end id="6823" type="global" contextid="6813" timestamp="2019-07-02T23:04:56.405">
  <attribute name="GC Util" value="141" />
  <attribute name="CPU Util" value="17512703624442" />
  <attribute name="Time Running"value="7035"/>
  <attribute name="Number of cores"value="4"/>
</cycle-end>
<allocation-satisfied id="6824" threadId="0000000001134900" bytesRequested="40" />
<af-end id="6825" timestamp="2019-07-02T23:04:56.405" threadId="0000000001135288" success="true" />
<exclusive-end id="6826" timestamp="2019-07-02T23:04:56.406" durationms="8.898" />

<exclusive-start id="6827" timestamp="2019-07-02T23:04:56.411" intervalms="14.598">
  <response-info timems="0.028" idlems="0.028" threads="0" lastid="0000000001134900" lastname="Thread-7" />
</exclusive-start>
<af-start id="6828" threadId="0000000001135288" totalBytesRequested="40" timestamp="2019-07-02T23:04:56.411" intervalms="14.639" />
<cycle-start id="6829" type="global" contextid="0" timestamp="2019-07-02T23:04:56.412" intervalms="14.670" />
  <attribute name="GC Util" value="141" />
  <attribute name="CPU Util" value="17512703624442" />
  <attribute name="Time Running"value="7035"/>
  <attribute name="Number of cores"value="4"/>
<gc-start id="6830" type="global" contextid="6829" timestamp="2019-07-02T23:04:56.412">
  <mem-info id="6831" free="130048" total="15532032" percent="0">
    <mem type="tenure" free="130048" total="15532032" percent="0">
      <mem type="soa" free="0" total="15377408" percent="0" />
      <mem type="loa" free="130048" total="154624" percent="84" />
    </mem>
  </mem-info>
</gc-start>
<allocation-stats totalBytes="9543056" >
  <allocated-bytes non-tlh="0" tlh="9543056" />
  <largest-consumer threadName="Thread-8" threadId="000000000112D100" bytes="3636728" />
</allocation-stats>
<gc-op id="6832" type="mark" timems="2.339" contextid="6829" timestamp="2019-07-02T23:04:56.414">
  <trace-info objectcount="66288" scancount="58699" scanbytes="2282484" />
  <finalization candidates="124" enqueued="0" />
  <ownableSynchronizers candidates="3" cleared="0" />
  <references type="soft" candidates="84" cleared="0" enqueued="0" dynamicThreshold="19" maxThreshold="32" />
  <references type="weak" candidates="774" cleared="0" enqueued="0" />
  <references type="phantom" candidates="63" cleared="0" enqueued="0" />
  <stringconstants candidates="4574" cleared="0"  />
</gc-op>
<gc-op id="6833" type="sweep" timems="0.711" contextid="6829" timestamp="2019-07-02T23:04:56.415" />
<heap-resize id="6834" type="contract" space="tenure" amount="131072" count="1" timems="0.085" reason="excess free space following gc" timestamp="2019-07-02T23:04:56.415" />
<gc-end id="6835" type="global" contextid="6829" durationms="3.688" usertimems="12.000" systemtimems="0.000" timestamp="2019-07-02T23:04:56.415" activeThreads="4">
  <mem-info id="6836" free="9362384" total="15400960" percent="60">
    <mem type="tenure" free="9362384" total="15400960" percent="60" micro-fragmented="52347" macro-fragmented="0">
      <mem type="soa" free="9362384" total="15247360" percent="61" />
      <mem type="loa" free="0" total="153600" percent="0" />
    </mem>
  </mem-info>
</gc-end>
<cycle-end id="6837" type="global" contextid="6829" timestamp="2019-07-02T23:04:56.415">
  <attribute name="GC Util" value="248" />
  <attribute name="CPU Util" value="7591861763747" />
  <attribute name="Time Running"value="7049"/>
  <attribute name="Number of cores"value="4"/>
</cycle-end>
<allocation-satisfied id="6838" threadId="0000000001134900" bytesRequested="40" />
<af-end id="6839" timestamp="2019-07-02T23:04:56.416" threadId="0000000001135288" success="true" />
<exclusive-end id="6840" timestamp="2019-07-02T23:04:56.416" durationms="4.434" />

<exclusive-start id="6841" timestamp="2019-07-02T23:04:56.421" intervalms="9.513">
  <response-info timems="0.025" idlems="0.022" threads="1" lastid="000000000112D100" lastname="Thread-8" />
</exclusive-start>
<af-start id="6842" threadId="0000000001131688" totalBytesRequested="24" timestamp="2019-07-02T23:04:56.421" intervalms="9.502" />
<cycle-start id="6843" type="global" contextid="0" timestamp="2019-07-02T23:04:56.421" intervalms="9.452" />
  <attribute name="GC Util" value="248" />
  <attribute name="CPU Util" value="7591861763747" />
  <attribute name="Time Running"value="7049"/>
  <attribute name="Number of cores"value="4"/>
<gc-start id="6844" type="global" contextid="6843" timestamp="2019-07-02T23:04:56.421">
  <mem-info id="6845" free="0" total="15400960" percent="0">
    <mem type="tenure" free="0" total="15400960" percent="0">
      <mem type="soa" free="0" total="15247360" percent="0" />
      <mem type="loa" free="0" total="153600" percent="0" />
    </mem>
  </mem-info>
</gc-start>
<allocation-stats totalBytes="9423792" >
  <allocated-bytes non-tlh="0" tlh="9423792" />
  <largest-consumer threadName="Thread-7" threadId="0000000001134900" bytes="2875744" />
</allocation-stats>
<gc-op id="6846" type="mark" timems="1.076" contextid="6843" timestamp="2019-07-02T23:04:56.422">
  <trace-info objectcount="66930" scancount="59351" scanbytes="2298404" />
  <finalization candidates="124" enqueued="0" />
  <ownableSynchronizers candidates="3" cleared="0" />
  <references type="soft" candidates="84" cleared="0" enqueued="0" dynamicThreshold="19" maxThreshold="32" />
  <references type="weak" candidates="774" cleared="0" enqueued="0" />
  <references type="phantom" candidates="63" cleared="0" enqueued="0" />
  <stringconstants candidates="4574" cleared="0"  />
</gc-op>
<gc-op id="6847" type="sweep" timems="0.254" contextid="6843" timestamp="2019-07-02T23:04:56.423" />
<gc-end id="6848" type="global" contextid="6843" durationms="1.675" usertimems="4.000" systemtimems="0.000" timestamp="2019-07-02T23:04:56.423" activeThreads="4">
  <mem-info id="6849" free="9407528" total="15400960" percent="61">
    <mem type="tenure" free="9407528" total="15400960" percent="61" micro-fragmented="97099" macro-fragmented="0">
      <mem type="soa" free="9336280" total="15247360" percent="61" />
      <mem type="loa" free="71248" total="153600" percent="46" />
    </mem>
  </mem-info>
</gc-end>
<cycle-end id="6850" type="global" contextid="6843" timestamp="2019-07-02T23:04:56.423">
  <attribute name="GC Util" value="216" />
  <attribute name="CPU Util" value="15938212471325" />
  <attribute name="Time Running"value="7058"/>
  <attribute name="Number of cores"value="4"/>
</cycle-end>
<allocation-satisfied id="6851" threadId="0000000001130D00" bytesRequested="24" />
<af-end id="6852" timestamp="2019-07-02T23:04:56.423" threadId="0000000001131688" success="true" />
<exclusive-end id="6853" timestamp="2019-07-02T23:04:56.423" durationms="2.412" />

<exclusive-start id="6854" timestamp="2019-07-02T23:04:56.428" intervalms="7.116">
  <response-info timems="0.033" idlems="0.033" threads="0" lastid="0000000001129500" lastname="Thread-10" />
</exclusive-start>
<af-start id="6855" threadId="0000000001129E88" totalBytesRequested="40" timestamp="2019-07-02T23:04:56.428" intervalms="7.119" />
<cycle-start id="6856" type="global" contextid="0" timestamp="2019-07-02T23:04:56.428" intervalms="7.131" />
  <attribute name="GC Util" value="216" />
  <attribute name="CPU Util" value="15938212471325" />
  <attribute name="Time Running"value="7058"/>
  <attribute name="Number of cores"value="4"/>
<gc-start id="6857" type="global" contextid="6856" timestamp="2019-07-02T23:04:56.428">
  <mem-info id="6858" free="71248" total="15400960" percent="0">
    <mem type="tenure" free="71248" total="15400960" percent="0">
      <mem type="soa" free="0" total="15247360" percent="0" />
      <mem type="loa" free="71248" total="153600" percent="46" />
    </mem>
  </mem-info>
</gc-start>
<allocation-stats totalBytes="9364152" >
  <allocated-bytes non-tlh="0" tlh="9364152" />
  <largest-consumer threadName="Thread-7" threadId="0000000001134900" bytes="2726072" />
</allocation-stats>
<gc-op id="6859" type="mark" timems="2.481" contextid="6856" timestamp="2019-07-02T23:04:56.431">
  <trace-info objectcount="67410" scancount="59815" scanbytes="2309572" />
  <finalization candidates="124" enqueued="0" />
  <ownableSynchronizers candidates="3" cleared="0" />
  <references type="soft" candidates="84" cleared="0" enqueued="0" dynamicThreshold="19" maxThreshold="32" />
  <references type="weak" candidates="774" cleared="0" enqueued="0" />
  <references type="phantom" candidates="63" cleared="0" enqueued="0" />
  <stringconstants candidates="4574" cleared="0"  />
</gc-op>
<gc-op id="6860" type="sweep" timems="0.785" contextid="6856" timestamp="2019-07-02T23:04:56.432" />
<gc-end id="6861" type="global" contextid="6856" durationms="3.590" usertimems="12.000" systemtimems="0.000" timestamp="2019-07-02T23:04:56.432" activeThreads="4">
  <mem-info id="6862" free="9368416" total="15400960" percent="60">
    <mem type="tenure" free="9368416" total="15400960" percent="60" micro-fragmented="31817" macro-fragmented="0">
      <mem type="soa" free="9297168" total="15247360" percent="60" />
      <mem type="loa" free="71248" total="153600" percent="46" />
    </mem>
  </mem-info>
</gc-end>
<cycle-end id="6863" type="global" contextid="6856" timestamp="2019-07-02T23:04:56.432">
  <attribute name="GC Util" value="251" />
  <attribute name="CPU Util" value="7140512810913" />
  <attribute name="Time Running"value="7066"/>
  <attribute name="Number of cores"value="4"/>
</cycle-end>
<allocation-satisfied id="6864" threadId="0000000001129500" bytesRequested="40" />
<af-end id="6865" timestamp="2019-07-02T23:04:56.432" threadId="0000000001129E88" success="true" />
<exclusive-end id="6866" timestamp="2019-07-02T23:04:56.432" durationms="4.427" />

<exclusive-start id="6867" timestamp="2019-07-02T23:04:56.437" intervalms="9.000">
  <response-info timems="0.034" idlems="0.034" threads="0" lastid="000000000112D100" lastname="Thread-8" />
</exclusive-start>
<af-start id="6868" threadId="000000000112DA88" totalBytesRequested="40" timestamp="2019-07-02T23:04:56.438" intervalms="9.569" />
<cycle-start id="6869" type="global" contextid="0" timestamp="2019-07-02T23:04:56.438" intervalms="9.568" />
  <attribute name="GC Util" value="251" />
  <attribute name="CPU Util" value="7140512810913" />
  <attribute name="Time Running"value="7066"/>
  <attribute name="Number of cores"value="4"/>
<gc-start id="6870" type="global" contextid="6869" timestamp="2019-07-02T23:04:56.438">
  <mem-info id="6871" free="71248" total="15400960" percent="0">
    <mem type="tenure" free="71248" total="15400960" percent="0">
      <mem type="soa" free="0" total="15247360" percent="0" />
      <mem type="loa" free="71248" total="153600" percent="46" />
    </mem>
  </mem-info>
</gc-start>
<allocation-stats totalBytes="9323128" >
  <allocated-bytes non-tlh="0" tlh="9323128" />
  <largest-consumer threadName="Thread-8" threadId="000000000112D100" bytes="2674480" />
</allocation-stats>
<gc-op id="6872" type="mark" timems="1.964" contextid="6869" timestamp="2019-07-02T23:04:56.440">
  <trace-info objectcount="67938" scancount="60373" scanbytes="2321996" />
  <finalization candidates="124" enqueued="0" />
  <ownableSynchronizers candidates="3" cleared="0" />
  <references type="soft" candidates="84" cleared="0" enqueued="0" dynamicThreshold="19" maxThreshold="32" />
  <references type="weak" candidates="774" cleared="0" enqueued="0" />
  <references type="phantom" candidates="63" cleared="0" enqueued="0" />
  <stringconstants candidates="4574" cleared="0"  />
</gc-op>
<gc-op id="6873" type="sweep" timems="0.824" contextid="6869" timestamp="2019-07-02T23:04:56.441" />
<gc-end id="6874" type="global" contextid="6869" durationms="3.155" usertimems="8.000" systemtimems="4.000" timestamp="2019-07-02T23:04:56.441" activeThreads="4">
  <mem-info id="6875" free="9338552" total="15400960" percent="60">
    <mem type="tenure" free="9338552" total="15400960" percent="60" micro-fragmented="98985" macro-fragmented="0">
      <mem type="soa" free="9267304" total="15247360" percent="60" />
      <mem type="loa" free="71248" total="153600" percent="46" />
    </mem>
  </mem-info>
</gc-end>
<cycle-end id="6876" type="global" contextid="6869" timestamp="2019-07-02T23:04:56.441">
  <attribute name="GC Util" value="245" />
  <attribute name="CPU Util" value="9006548193246" />
  <attribute name="Time Running"value="7075"/>
  <attribute name="Number of cores"value="4"/>
</cycle-end>
<allocation-satisfied id="6877" threadId="000000000112D100" bytesRequested="40" />
<af-end id="6878" timestamp="2019-07-02T23:04:56.441" threadId="000000000112DA88" success="true" />
<exclusive-end id="6879" timestamp="2019-07-02T23:04:56.441" durationms="4.236" />

<exclusive-start id="6880" timestamp="2019-07-02T23:04:56.446" intervalms="8.849">
  <response-info timems="0.031" idlems="0.030" threads="1" lastid="0000000001130D00" lastname="Thread-9" />
</exclusive-start>
<af-start id="6881" threadId="000000000112DA88" totalBytesRequested="24" timestamp="2019-07-02T23:04:56.446" intervalms="8.267" />
<cycle-start id="6882" type="global" contextid="0" timestamp="2019-07-02T23:04:56.446" intervalms="8.258" />
  <attribute name="GC Util" value="245" />
  <attribute name="CPU Util" value="9006548193246" />
  <attribute name="Time Running"value="7075"/>
  <attribute name="Number of cores"value="4"/>
<gc-start id="6883" type="global" contextid="6882" timestamp="2019-07-02T23:04:56.446">
  <mem-info id="6884" free="71248" total="15400960" percent="0">
    <mem type="tenure" free="71248" total="15400960" percent="0">
      <mem type="soa" free="0" total="15247360" percent="0" />
      <mem type="loa" free="71248" total="153600" percent="46" />
    </mem>
  </mem-info>
</gc-start>
<allocation-stats totalBytes="9267760" >
  <allocated-bytes non-tlh="0" tlh="9267760" />
  <largest-consumer threadName="Thread-8" threadId="000000000112D100" bytes="2491640" />
</allocation-stats>
<gc-op id="6885" type="mark" timems="1.595" contextid="6882" timestamp="2019-07-02T23:04:56.448">
  <trace-info objectcount="68477" scancount="60908" scanbytes="2334796" />
  <finalization candidates="124" enqueued="0" />
  <ownableSynchronizers candidates="3" cleared="0" />
  <references type="soft" candidates="84" cleared="0" enqueued="0" dynamicThreshold="19" maxThreshold="32" />
  <references type="weak" candidates="774" cleared="0" enqueued="0" />
  <references type="phantom" candidates="63" cleared="0" enqueued="0" />
  <stringconstants candidates="4574" cleared="0"  />
</gc-op>
<gc-op id="6886" type="sweep" timems="0.322" contextid="6882" timestamp="2019-07-02T23:04:56.448" />
<gc-end id="6887" type="global" contextid="6882" durationms="2.167" usertimems="4.000" systemtimems="4.000" timestamp="2019-07-02T23:04:56.448" activeThreads="4">
  <mem-info id="6888" free="9296408" total="15400960" percent="60">
    <mem type="tenure" free="9296408" total="15400960" percent="60" micro-fragmented="127704" macro-fragmented="0">
      <mem type="soa" free="9225160" total="15247360" percent="60" />
      <mem type="loa" free="71248" total="153600" percent="46" />
    </mem>
  </mem-info>
</gc-end>
<cycle-end id="6889" type="global" contextid="6882" timestamp="2019-07-02T23:04:56.448">
  <attribute name="GC Util" value="245" />
  <attribute name="CPU Util" value="11090408901477" />
  <attribute name="Time Running"value="7083"/>
  <attribute name="Number of cores"value="4"/>
</cycle-end>
<allocation-satisfied id="6890" threadId="000000000112D100" bytesRequested="24" />
<af-end id="6891" timestamp="2019-07-02T23:04:56.449" threadId="000000000112DA88" success="true" />
<exclusive-end id="6892" timestamp="2019-07-02T23:04:56.449" durationms="3.018" />

<exclusive-start id="6893" timestamp="2019-07-02T23:04:56.460" intervalms="14.181">
  <response-info timems="0.067" idlems="0.035" threads="1" lastid="000000000112D100" lastname="Thread-8" />
</exclusive-start>
<af-start id="6894" threadId="0000000001135288" totalBytesRequested="24" timestamp="2019-07-02T23:04:56.460" intervalms="14.276" />
<cycle-start id="6895" type="global" contextid="0" timestamp="2019-07-02T23:04:56.460" intervalms="14.386" />
  <attribute name="GC Util" value="245" />
  <attribute name="CPU Util" value="11090408901477" />
  <attribute name="Time Running"value="7083"/>
  <attribute name="Number of cores"value="4"/>
<gc-start id="6896" type="global" contextid="6895" timestamp="2019-07-02T23:04:56.461">
  <mem-info id="6897" free="71248" total="15400960" percent="0">
    <mem type="tenure" free="71248" total="15400960" percent="0">
      <mem type="soa" free="0" total="15247360" percent="0" />
      <mem type="loa" free="71248" total="153600" percent="46" />
    </mem>
  </mem-info>
</gc-start>
<allocation-stats totalBytes="9215808" >
  <allocated-bytes non-tlh="0" tlh="9215808" />
  <largest-consumer threadName="Thread-10" threadId="0000000001129500" bytes="3075408" />
</allocation-stats>
<gc-op id="6898" type="mark" timems="2.161" contextid="6895" timestamp="2019-07-02T23:04:56.463">
  <trace-info objectcount="69147" scancount="61572" scanbytes="2351388" />
  <finalization candidates="124" enqueued="0" />
  <ownableSynchronizers candidates="3" cleared="0" />
  <references type="soft" candidates="84" cleared="0" enqueued="0" dynamicThreshold="19" maxThreshold="32" />
  <references type="weak" candidates="774" cleared="0" enqueued="0" />
  <references type="phantom" candidates="63" cleared="0" enqueued="0" />
  <stringconstants candidates="4574" cleared="0"  />
</gc-op>
<gc-op id="6899" type="sweep" timems="0.826" contextid="6895" timestamp="2019-07-02T23:04:56.464" />
<heap-resize id="6900" type="expand" space="tenure" amount="1048576" count="1" timems="0.042" reason="excessive time being spent in gc" timestamp="2019-07-02T23:04:56.464" />
<gc-end id="6901" type="global" contextid="6895" durationms="3.680" usertimems="8.000" systemtimems="4.000" timestamp="2019-07-02T23:04:56.464" activeThreads="4">
  <mem-info id="6902" free="10271472" total="16449536" percent="62">
    <mem type="tenure" free="10271472" total="16449536" percent="62" micro-fragmented="77797" macro-fragmented="0">
      <mem type="soa" free="10107632" total="16285696" percent="62" />
      <mem type="loa" free="163840" total="163840" percent="100" />
    </mem>
  </mem-info>
</gc-end>
<cycle-end id="6903" type="global" contextid="6895" timestamp="2019-07-02T23:04:56.464">
  <attribute name="GC Util" value="229" />
  <attribute name="CPU Util" value="8180693378582" />
  <attribute name="Time Running"value="7098"/>
  <attribute name="Number of cores"value="4"/>
</cycle-end>
<allocation-satisfied id="6904" threadId="0000000001134900" bytesRequested="24" />
<af-end id="6905" timestamp="2019-07-02T23:04:56.465" threadId="0000000001135288" success="true" />
<exclusive-end id="6906" timestamp="2019-07-02T23:04:56.465" durationms="4.742" />

<exclusive-start id="6907" timestamp="2019-07-02T23:04:56.475" intervalms="14.748">
  <response-info timems="0.070" idlems="0.070" threads="0" lastid="0000000001129500" lastname="Thread-10" />
</exclusive-start>
<af-start id="6908" threadId="0000000001129E88" totalBytesRequested="40" timestamp="2019-07-02T23:04:56.475" intervalms="14.668" />
<cycle-start id="6909" type="global" contextid="0" timestamp="2019-07-02T23:04:56.475" intervalms="14.646" />
  <attribute name="GC Util" value="229" />
  <attribute name="CPU Util" value="8180693378582" />
  <attribute name="Time Running"value="7098"/>
  <attribute name="Number of cores"value="4"/>
<gc-start id="6910" type="global" contextid="6909" timestamp="2019-07-02T23:04:56.475">
  <mem-info id="6911" free="163840" total="16449536" percent="0">
    <mem type="tenure" free="163840" total="16449536" percent="0">
      <mem type="soa" free="0" total="16285696" percent="0" />
      <mem type="loa" free="163840" total="163840" percent="100" />
    </mem>
  </mem-info>
</gc-start>
<allocation-stats totalBytes="10097072" >
  <allocated-bytes non-tlh="19056" tlh="10078016" />
  <largest-consumer threadName="Thread-10" threadId="0000000001129500" bytes="4690936" />
</allocation-stats>
<gc-op id="6912" type="mark" timems="2.003" contextid="6909" timestamp="2019-07-02T23:04:56.477">
  <trace-info objectcount="65035" scancount="57443" scanbytes="2252412" />
  <finalization candidates="124" enqueued="0" />
  <ownableSynchronizers candidates="3" cleared="0" />
  <references type="soft" candidates="84" cleared="0" enqueued="0" dynamicThreshold="19" maxThreshold="32" />
  <references type="weak" candidates="774" cleared="0" enqueued="0" />
  <references type="phantom" candidates="63" cleared="0" enqueued="0" />
  <stringconstants candidates="4574" cleared="0"  />
</gc-op>
<gc-op id="6913" type="sweep" timems="0.836" contextid="6909" timestamp="2019-07-02T23:04:56.478" />
<gc-end id="6914" type="global" contextid="6909" durationms="3.345" usertimems="4.000" systemtimems="4.000" timestamp="2019-07-02T23:04:56.478" activeThreads="4">
  <mem-info id="6915" free="10482304" total="16449536" percent="63">
    <mem type="tenure" free="10482304" total="16449536" percent="63" micro-fragmented="97655" macro-fragmented="0">
      <mem type="soa" free="10318464" total="16285696" percent="63" />
      <mem type="loa" free="163840" total="163840" percent="100" />
    </mem>
  </mem-info>
</gc-end>
<cycle-end id="6916" type="global" contextid="6909" timestamp="2019-07-02T23:04:56.479">
  <attribute name="GC Util" value="244" />
  <attribute name="CPU Util" value="8804535669411" />
  <attribute name="Time Running"value="7113"/>
  <attribute name="Number of cores"value="4"/>
</cycle-end>
<allocation-satisfied id="6917" threadId="0000000001129500" bytesRequested="40" />
<af-end id="6918" timestamp="2019-07-02T23:04:56.479" threadId="0000000001129E88" success="true" />
<exclusive-end id="6919" timestamp="2019-07-02T23:04:56.479" durationms="4.229" />

<exclusive-start id="6920" timestamp="2019-07-02T23:04:56.489" intervalms="14.362">
  <response-info timems="0.233" idlems="0.233" threads="0" lastid="0000000001134900" lastname="Thread-7" />
</exclusive-start>
<af-start id="6921" threadId="0000000001135288" totalBytesRequested="40" timestamp="2019-07-02T23:04:56.489" intervalms="14.403" />
<cycle-start id="6922" type="global" contextid="0" timestamp="2019-07-02T23:04:56.489" intervalms="14.367" />
  <attribute name="GC Util" value="244" />
  <attribute name="CPU Util" value="8804535669411" />
  <attribute name="Time Running"value="7113"/>
  <attribute name="Number of cores"value="4"/>
<gc-start id="6923" type="global" contextid="6922" timestamp="2019-07-02T23:04:56.489">
  <mem-info id="6924" free="163840" total="16449536" percent="0">
    <mem type="tenure" free="163840" total="16449536" percent="0">
      <mem type="soa" free="0" total="16285696" percent="0" />
      <mem type="loa" free="163840" total="163840" percent="100" />
    </mem>
  </mem-info>
</gc-start>
<allocation-stats totalBytes="10310104" >
  <allocated-bytes non-tlh="0" tlh="10310104" />
  <largest-consumer threadName="Thread-9" threadId="0000000001130D00" bytes="5062120" />
</allocation-stats>
<gc-op id="6925" type="mark" timems="2.371" contextid="6922" timestamp="2019-07-02T23:04:56.492">
  <trace-info objectcount="66066" scancount="58503" scanbytes="2277676" />
  <finalization candidates="124" enqueued="0" />
  <ownableSynchronizers candidates="3" cleared="0" />
  <references type="soft" candidates="84" cleared="0" enqueued="0" dynamicThreshold="20" maxThreshold="32" />
  <references type="weak" candidates="774" cleared="0" enqueued="0" />
  <references type="phantom" candidates="63" cleared="0" enqueued="0" />
  <stringconstants candidates="4574" cleared="0"  />
</gc-op>
<gc-op id="6926" type="sweep" timems="0.839" contextid="6922" timestamp="2019-07-02T23:04:56.493" />
<gc-end id="6927" type="global" contextid="6922" durationms="3.519" usertimems="12.000" systemtimems="0.000" timestamp="2019-07-02T23:04:56.493" activeThreads="4">
  <mem-info id="6928" free="10384680" total="16449536" percent="63">
    <mem type="tenure" free="10384680" total="16449536" percent="63" micro-fragmented="111695" macro-fragmented="0">
      <mem type="soa" free="10220840" total="16285696" percent="62" />
      <mem type="loa" free="163840" total="163840" percent="100" />
    </mem>
  </mem-info>
</gc-end>
<cycle-end id="6929" type="global" contextid="6922" timestamp="2019-07-02T23:04:56.493">
  <attribute name="GC Util" value="257" />
  <attribute name="CPU Util" value="7600213282782" />
  <attribute name="Time Running"value="7127"/>
  <attribute name="Number of cores"value="4"/>
</cycle-end>
<allocation-satisfied id="6930" threadId="0000000001134900" bytesRequested="40" />
<af-end id="6931" timestamp="2019-07-02T23:04:56.493" threadId="0000000001135288" success="true" />
<exclusive-end id="6932" timestamp="2019-07-02T23:04:56.494" durationms="4.517" />

<exclusive-start id="6933" timestamp="2019-07-02T23:04:56.507" intervalms="17.695">
  <response-info timems="0.072" idlems="0.072" threads="0" lastid="000000000112D100" lastname="Thread-8" />
</exclusive-start>
<af-start id="6934" threadId="000000000112DA88" totalBytesRequested="40" timestamp="2019-07-02T23:04:56.507" intervalms="17.733" />
<cycle-start id="6935" type="global" contextid="0" timestamp="2019-07-02T23:04:56.507" intervalms="17.746" />
  <attribute name="GC Util" value="257" />
  <attribute name="CPU Util" value="7600213282782" />
  <attribute name="Time Running"value="7127"/>
  <attribute name="Number of cores"value="4"/>
<gc-start id="6936" type="global" contextid="6935" timestamp="2019-07-02T23:04:56.507">
  <mem-info id="6937" free="163840" total="16449536" percent="0">
    <mem type="tenure" free="163840" total="16449536" percent="0">
      <mem type="soa" free="0" total="16285696" percent="0" />
      <mem type="loa" free="163840" total="163840" percent="100" />
    </mem>
  </mem-info>
</gc-start>
<allocation-stats totalBytes="10212320" >
  <allocated-bytes non-tlh="0" tlh="10212320" />
  <largest-consumer threadName="Thread-8" threadId="000000000112D100" bytes="5745904" />
</allocation-stats>
<gc-op id="6938" type="mark" timems="2.188" contextid="6935" timestamp="2019-07-02T23:04:56.510">
  <trace-info objectcount="66571" scancount="58993" scanbytes="2290036" />
  <finalization candidates="124" enqueued="0" />
  <ownableSynchronizers candidates="3" cleared="0" />
  <references type="soft" candidates="84" cleared="0" enqueued="0" dynamicThreshold="20" maxThreshold="32" />
  <references type="weak" candidates="774" cleared="0" enqueued="0" />
  <references type="phantom" candidates="63" cleared="0" enqueued="0" />
  <stringconstants candidates="4574" cleared="0"  />
</gc-op>
<gc-op id="6939" type="sweep" timems="0.869" contextid="6935" timestamp="2019-07-02T23:04:56.511" />
<heap-resize id="6940" type="contract" space="tenure" amount="131072" count="1" timems="0.051" reason="excess free space following gc" timestamp="2019-07-02T23:04:56.511" />
<gc-end id="6941" type="global" contextid="6935" durationms="3.670" usertimems="8.000" systemtimems="0.000" timestamp="2019-07-02T23:04:56.511" activeThreads="4">
  <mem-info id="6942" free="10061640" total="16318464" percent="61">
    <mem type="tenure" free="10061640" total="16318464" percent="61" micro-fragmented="177729" macro-fragmented="0">
      <mem type="soa" free="10061640" total="16155648" percent="62" />
      <mem type="loa" free="0" total="162816" percent="0" />
    </mem>
  </mem-info>
</gc-end>
<cycle-end id="6943" type="global" contextid="6935" timestamp="2019-07-02T23:04:56.511">
  <attribute name="GC Util" value="234" />
  <attribute name="CPU Util" value="8109831186974" />
  <attribute name="Time Running"value="7145"/>
  <attribute name="Number of cores"value="4"/>
</cycle-end>
<allocation-satisfied id="6944" threadId="000000000112D100" bytesRequested="40" />
<af-end id="6945" timestamp="2019-07-02T23:04:56.511" threadId="000000000112DA88" success="true" />
<exclusive-end id="6946" timestamp="2019-07-02T23:04:56.511" durationms="4.517" />

<exclusive-start id="6947" timestamp="2019-07-02T23:04:56.522" intervalms="15.708">
  <response-info timems="0.059" idlems="0.059" threads="0" lastid="0000000001134900" lastname="Thread-7" />
</exclusive-start>
<af-start id="6948" threadId="0000000001135288" totalBytesRequested="40" timestamp="2019-07-02T23:04:56.524" intervalms="17.459" />
<cycle-start id="6949" type="global" contextid="0" timestamp="2019-07-02T23:04:56.525" intervalms="17.471" />
  <attribute name="GC Util" value="234" />
  <attribute name="CPU Util" value="8109831186974" />
  <attribute name="Time Running"value="7145"/>
  <attribute name="Number of cores"value="4"/>
<gc-start id="6950" type="global" contextid="6949" timestamp="2019-07-02T23:04:56.525">
  <mem-info id="6951" free="0" total="16318464" percent="0">
    <mem type="tenure" free="0" total="16318464" percent="0">
      <mem type="soa" free="0" total="16155648" percent="0" />
      <mem type="loa" free="0" total="162816" percent="0" />
    </mem>
  </mem-info>
</gc-start>
<allocation-stats totalBytes="10051672" >
  <allocated-bytes non-tlh="0" tlh="10051672" />
  <largest-consumer threadName="Thread-9" threadId="0000000001130D00" bytes="3909312" />
</allocation-stats>
<gc-op id="6952" type="mark" timems="1.331" contextid="6949" timestamp="2019-07-02T23:04:56.526">
  <trace-info objectcount="67394" scancount="59821" scanbytes="2309452" />
  <finalization candidates="124" enqueued="0" />
  <ownableSynchronizers candidates="3" cleared="0" />
  <references type="soft" candidates="84" cleared="0" enqueued="0" dynamicThreshold="19" maxThreshold="32" />
  <references type="weak" candidates="774" cleared="0" enqueued="0" />
  <references type="phantom" candidates="63" cleared="0" enqueued="0" />
  <stringconstants candidates="4574" cleared="0"  />
</gc-op>
<gc-op id="6953" type="sweep" timems="0.390" contextid="6949" timestamp="2019-07-02T23:04:56.527" />
<gc-end id="6954" type="global" contextid="6949" durationms="2.234" usertimems="0.000" systemtimems="4.000" timestamp="2019-07-02T23:04:56.527" activeThreads="4">
  <mem-info id="6955" free="9937984" total="16318464" percent="60">
    <mem type="tenure" free="9937984" total="16318464" percent="60" micro-fragmented="147765" macro-fragmented="0">
      <mem type="soa" free="9937984" total="16155648" percent="61" />
      <mem type="loa" free="0" total="162816" percent="0" />
    </mem>
  </mem-info>
</gc-end>
<cycle-end id="6956" type="global" contextid="6949" timestamp="2019-07-02T23:04:56.527">
  <attribute name="GC Util" value="205" />
  <attribute name="CPU Util" value="12983898295850" />
  <attribute name="Time Running"value="7162"/>
  <attribute name="Number of cores"value="4"/>
</cycle-end>
<allocation-satisfied id="6957" threadId="0000000001134900" bytesRequested="40" />
<af-end id="6958" timestamp="2019-07-02T23:04:56.527" threadId="0000000001135288" success="true" />
<exclusive-end id="6959" timestamp="2019-07-02T23:04:56.527" durationms="5.025" />

<exclusive-start id="6960" timestamp="2019-07-02T23:04:56.537" intervalms="14.645">
  <response-info timems="0.080" idlems="0.080" threads="0" lastid="0000000001129500" lastname="Thread-10" />
</exclusive-start>
<af-start id="6961" threadId="0000000001129E88" totalBytesRequested="40" timestamp="2019-07-02T23:04:56.537" intervalms="12.881" />
<cycle-start id="6962" type="global" contextid="0" timestamp="2019-07-02T23:04:56.537" intervalms="12.853" />
  <attribute name="GC Util" value="205" />
  <attribute name="CPU Util" value="12983898295850" />
  <attribute name="Time Running"value="7162"/>
  <attribute name="Number of cores"value="4"/>
<gc-start id="6963" type="global" contextid="6962" timestamp="2019-07-02T23:04:56.538">
  <mem-info id="6964" free="0" total="16318464" percent="0">
    <mem type="tenure" free="0" total="16318464" percent="0">
      <mem type="soa" free="0" total="16155648" percent="0" />
      <mem type="loa" free="0" total="162816" percent="0" />
    </mem>
  </mem-info>
</gc-start>
<allocation-stats totalBytes="9927576" >
  <allocated-bytes non-tlh="0" tlh="9927576" />
  <largest-consumer threadName="Thread-8" threadId="000000000112D100" bytes="3966600" />
</allocation-stats>
<gc-op id="6965" type="mark" timems="2.307" contextid="6962" timestamp="2019-07-02T23:04:56.540">
  <trace-info objectcount="68106" scancount="60530" scanbytes="2326716" />
  <finalization candidates="124" enqueued="0" />
  <ownableSynchronizers candidates="3" cleared="0" />
  <references type="soft" candidates="84" cleared="0" enqueued="0" dynamicThreshold="19" maxThreshold="32" />
  <references type="weak" candidates="774" cleared="0" enqueued="0" />
  <references type="phantom" candidates="63" cleared="0" enqueued="0" />
  <stringconstants candidates="4574" cleared="0"  />
</gc-op>
<gc-op id="6966" type="sweep" timems="0.868" contextid="6962" timestamp="2019-07-02T23:04:56.541" />
<gc-end id="6967" type="global" contextid="6962" durationms="3.528" usertimems="8.000" systemtimems="0.000" timestamp="2019-07-02T23:04:56.541" activeThreads="4">
  <mem-info id="6968" free="9840904" total="16318464" percent="60">
    <mem type="tenure" free="9840904" total="16318464" percent="60" micro-fragmented="215042" macro-fragmented="0">
      <mem type="soa" free="9840904" total="16155648" percent="60" />
      <mem type="loa" free="0" total="162816" percent="0" />
    </mem>
  </mem-info>
</gc-end>
<cycle-end id="6969" type="global" contextid="6962" timestamp="2019-07-02T23:04:56.541">
  <attribute name="GC Util" value="248" />
  <attribute name="CPU Util" value="7827185820533" />
  <attribute name="Time Running"value="7175"/>
  <attribute name="Number of cores"value="4"/>
</cycle-end>
<allocation-satisfied id="6970" threadId="0000000001129500" bytesRequested="40" />
<af-end id="6971" timestamp="2019-07-02T23:04:56.541" threadId="0000000001129E88" success="true" />
<exclusive-end id="6972" timestamp="2019-07-02T23:04:56.541" durationms="4.185" />

<exclusive-start id="6973" timestamp="2019-07-02T23:04:56.550" intervalms="13.087">
  <response-info timems="0.102" idlems="0.102" threads="0" lastid="000000000112D100" lastname="Thread-8" />
</exclusive-start>
<af-start id="6974" threadId="000000000112DA88" totalBytesRequested="24" timestamp="2019-07-02T23:04:56.550" intervalms="13.026" />
<cycle-start id="6975" type="global" contextid="0" timestamp="2019-07-02T23:04:56.550" intervalms="13.030" />
  <attribute name="GC Util" value="248" />
  <attribute name="CPU Util" value="7827185820533" />
  <attribute name="Time Running"value="7175"/>
  <attribute name="Number of cores"value="4"/>
<gc-start id="6976" type="global" contextid="6975" timestamp="2019-07-02T23:04:56.551">
  <mem-info id="6977" free="0" total="16318464" percent="0">
    <mem type="tenure" free="0" total="16318464" percent="0">
      <mem type="soa" free="0" total="16155648" percent="0" />
      <mem type="loa" free="0" total="162816" percent="0" />
    </mem>
  </mem-info>
</gc-start>
<allocation-stats totalBytes="9827256" >
  <allocated-bytes non-tlh="0" tlh="9827256" />
  <largest-consumer threadName="Thread-9" threadId="0000000001130D00" bytes="4380232" />
</allocation-stats>
<gc-op id="6978" type="mark" timems="2.356" contextid="6975" timestamp="2019-07-02T23:04:56.553">
  <trace-info objectcount="68603" scancount="61033" scanbytes="2338508" />
  <finalization candidates="124" enqueued="0" />
  <ownableSynchronizers candidates="3" cleared="0" />
  <references type="soft" candidates="84" cleared="0" enqueued="0" dynamicThreshold="19" maxThreshold="32" />
  <references type="weak" candidates="774" cleared="0" enqueued="0" />
  <references type="phantom" candidates="63" cleared="0" enqueued="0" />
  <stringconstants candidates="4574" cleared="0"  />
</gc-op>
<gc-op id="6979" type="sweep" timems="0.872" contextid="6975" timestamp="2019-07-02T23:04:56.554" />
<heap-resize id="6980" type="expand" space="tenure" amount="1048576" count="1" timems="0.057" reason="excessive time being spent in gc" timestamp="2019-07-02T23:04:56.554" />
<gc-end id="6981" type="global" contextid="6975" durationms="3.927" usertimems="8.000" systemtimems="0.000" timestamp="2019-07-02T23:04:56.555" activeThreads="4">
  <mem-info id="6982" free="10812736" total="17367040" percent="62">
    <mem type="tenure" free="10812736" total="17367040" percent="62" micro-fragmented="257631" macro-fragmented="0">
      <mem type="soa" free="10639680" total="17193984" percent="61" />
      <mem type="loa" free="173056" total="173056" percent="100" />
    </mem>
  </mem-info>
</gc-end>
<cycle-end id="6983" type="global" contextid="6975" timestamp="2019-07-02T23:04:56.555">
  <attribute name="GC Util" value="255" />
  <attribute name="CPU Util" value="7442698720134" />
  <attribute name="Time Running"value="7189"/>
  <attribute name="Number of cores"value="4"/>
</cycle-end>
<allocation-satisfied id="6984" threadId="000000000112D100" bytesRequested="24" />
<af-end id="6985" timestamp="2019-07-02T23:04:56.555" threadId="000000000112DA88" success="true" />
<exclusive-end id="6986" timestamp="2019-07-02T23:04:56.555" durationms="4.731" />

<exclusive-start id="6987" timestamp="2019-07-02T23:04:56.564" intervalms="13.801">
  <response-info timems="0.241" idlems="0.215" threads="2" lastid="0000000001129500" lastname="Thread-10" />
</exclusive-start>
<af-start id="6988" threadId="0000000001131688" totalBytesRequested="40" timestamp="2019-07-02T23:04:56.564" intervalms="13.806" />
<cycle-start id="6989" type="global" contextid="0" timestamp="2019-07-02T23:04:56.564" intervalms="13.838" />
  <attribute name="GC Util" value="255" />
  <attribute name="CPU Util" value="7442698720134" />
  <attribute name="Time Running"value="7189"/>
  <attribute name="Number of cores"value="4"/>
<gc-start id="6990" type="global" contextid="6989" timestamp="2019-07-02T23:04:56.564">
  <mem-info id="6991" free="173056" total="17367040" percent="0">
    <mem type="tenure" free="173056" total="17367040" percent="0">
      <mem type="soa" free="0" total="17193984" percent="0" />
      <mem type="loa" free="173056" total="173056" percent="100" />
    </mem>
  </mem-info>
</gc-start>
<allocation-stats totalBytes="10625704" >
  <allocated-bytes non-tlh="0" tlh="10625704" />
  <largest-consumer threadName="Thread-10" threadId="0000000001129500" bytes="4160880" />
</allocation-stats>
<gc-op id="6992" type="mark" timems="1.406" contextid="6989" timestamp="2019-07-02T23:04:56.566">
  <trace-info objectcount="69432" scancount="61859" scanbytes="2358740" />
  <finalization candidates="124" enqueued="0" />
  <ownableSynchronizers candidates="3" cleared="0" />
  <references type="soft" candidates="84" cleared="0" enqueued="0" dynamicThreshold="19" maxThreshold="32" />
  <references type="weak" candidates="774" cleared="0" enqueued="0" />
  <references type="phantom" candidates="63" cleared="0" enqueued="0" />
  <stringconstants candidates="4574" cleared="0"  />
</gc-op>
<gc-op id="6993" type="sweep" timems="0.448" contextid="6989" timestamp="2019-07-02T23:04:56.567" />
<gc-end id="6994" type="global" contextid="6989" durationms="2.381" usertimems="4.000" systemtimems="0.000" timestamp="2019-07-02T23:04:56.567" activeThreads="4">
  <mem-info id="6995" free="10862944" total="17367040" percent="62">
    <mem type="tenure" free="10862944" total="17367040" percent="62" micro-fragmented="236100" macro-fragmented="0">
      <mem type="soa" free="10689888" total="17193984" percent="62" />
      <mem type="loa" free="173056" total="173056" percent="100" />
    </mem>
  </mem-info>
</gc-end>
<cycle-end id="6996" type="global" contextid="6989" timestamp="2019-07-02T23:04:56.567">
  <attribute name="GC Util" value="214" />
  <attribute name="CPU Util" value="12151196569730" />
  <attribute name="Time Running"value="7201"/>
  <attribute name="Number of cores"value="4"/>
</cycle-end>
<allocation-satisfied id="6997" threadId="0000000001130D00" bytesRequested="40" />
<af-end id="6998" timestamp="2019-07-02T23:04:56.567" threadId="0000000001131688" success="true" />
<exclusive-end id="6999" timestamp="2019-07-02T23:04:56.567" durationms="3.223" />

<exclusive-start id="7000" timestamp="2019-07-02T23:04:56.577" intervalms="13.086">
  <response-info timems="1.571" idlems="0.791" threads="1" lastid="0000000001130D00" lastname="Thread-9" />
</exclusive-start>
<af-start id="7001" threadId="000000000112DA88" totalBytesRequested="40" timestamp="2019-07-02T23:04:56.577" intervalms="13.160" />
<cycle-start id="7002" type="global" contextid="0" timestamp="2019-07-02T23:04:56.577" intervalms="13.151" />
  <attribute name="GC Util" value="214" />
  <attribute name="CPU Util" value="12151196569730" />
  <attribute name="Time Running"value="7201"/>
  <attribute name="Number of cores"value="4"/>
<gc-start id="7003" type="global" contextid="7002" timestamp="2019-07-02T23:04:56.578">
  <mem-info id="7004" free="173056" total="17367040" percent="0">
    <mem type="tenure" free="173056" total="17367040" percent="0">
      <mem type="soa" free="0" total="17193984" percent="0" />
      <mem type="loa" free="173056" total="173056" percent="100" />
    </mem>
  </mem-info>
</gc-start>
<allocation-stats totalBytes="10672832" >
  <allocated-bytes non-tlh="23160" tlh="10649672" />
  <largest-consumer threadName="Thread-8" threadId="000000000112D100" bytes="3876392" />
</allocation-stats>
<gc-op id="7005" type="mark" timems="2.222" contextid="7002" timestamp="2019-07-02T23:04:56.580">
  <trace-info objectcount="65477" scancount="57904" scanbytes="2263924" />
  <finalization candidates="124" enqueued="0" />
  <ownableSynchronizers candidates="3" cleared="0" />
  <references type="soft" candidates="84" cleared="0" enqueued="0" dynamicThreshold="20" maxThreshold="32" />
  <references type="weak" candidates="774" cleared="0" enqueued="0" />
  <references type="phantom" candidates="63" cleared="0" enqueued="0" />
  <stringconstants candidates="4574" cleared="0"  />
</gc-op>
<gc-op id="7006" type="sweep" timems="0.822" contextid="7002" timestamp="2019-07-02T23:04:56.581" />
<gc-end id="7007" type="global" contextid="7002" durationms="3.598" usertimems="8.000" systemtimems="0.000" timestamp="2019-07-02T23:04:56.581" activeThreads="4">
  <mem-info id="7008" free="11144552" total="17367040" percent="64">
    <mem type="tenure" free="11144552" total="17367040" percent="64" micro-fragmented="289652" macro-fragmented="48502">
      <mem type="soa" free="10971496" total="17193984" percent="63" />
      <mem type="loa" free="173056" total="173056" percent="100" />
    </mem>
  </mem-info>
</gc-end>
<cycle-end id="7009" type="global" contextid="7002" timestamp="2019-07-02T23:04:56.581">
  <attribute name="GC Util" value="247" />
  <attribute name="CPU Util" value="7985568747323" />
  <attribute name="Time Running"value="7215"/>
  <attribute name="Number of cores"value="4"/>
</cycle-end>
<allocation-satisfied id="7010" threadId="000000000112D100" bytesRequested="40" />
<af-end id="7011" timestamp="2019-07-02T23:04:56.581" threadId="000000000112DA88" success="true" />
<exclusive-end id="7012" timestamp="2019-07-02T23:04:56.582" durationms="4.486" />

<exclusive-start id="7013" timestamp="2019-07-02T23:04:56.597" intervalms="20.010">
  <response-info timems="3.678" idlems="1.240" threads="2" lastid="0000000001134900" lastname="Thread-7" />
</exclusive-start>
<af-start id="7014" threadId="0000000001129E88" totalBytesRequested="40" timestamp="2019-07-02T23:04:56.597" intervalms="20.046" />
<cycle-start id="7015" type="global" contextid="0" timestamp="2019-07-02T23:04:56.598" intervalms="20.073" />
  <attribute name="GC Util" value="247" />
  <attribute name="CPU Util" value="7985568747323" />
  <attribute name="Time Running"value="7215"/>
  <attribute name="Number of cores"value="4"/>
<gc-start id="7016" type="global" contextid="7015" timestamp="2019-07-02T23:04:56.598">
  <mem-info id="7017" free="173056" total="17367040" percent="0">
    <mem type="tenure" free="173056" total="17367040" percent="0">
      <mem type="soa" free="0" total="17193984" percent="0" />
      <mem type="loa" free="173056" total="173056" percent="100" />
    </mem>
  </mem-info>
</gc-start>
<allocation-stats totalBytes="10959944" >
  <allocated-bytes non-tlh="0" tlh="10959944" />
  <largest-consumer threadName="Thread-8" threadId="000000000112D100" bytes="5946840" />
</allocation-stats>
<gc-op id="7018" type="mark" timems="2.285" contextid="7015" timestamp="2019-07-02T23:04:56.600">
  <trace-info objectcount="66577" scancount="59000" scanbytes="2290220" />
  <finalization candidates="124" enqueued="0" />
  <ownableSynchronizers candidates="3" cleared="0" />
  <references type="soft" candidates="84" cleared="0" enqueued="0" dynamicThreshold="20" maxThreshold="32" />
  <references type="weak" candidates="774" cleared="0" enqueued="0" />
  <references type="phantom" candidates="63" cleared="0" enqueued="0" />
  <stringconstants candidates="4574" cleared="0"  />
</gc-op>
<gc-op id="7019" type="sweep" timems="0.879" contextid="7015" timestamp="2019-07-02T23:04:56.601" />
<heap-resize id="7020" type="contract" space="tenure" amount="131072" count="1" timems="0.051" reason="excess free space following gc" timestamp="2019-07-02T23:04:56.601" />
<gc-end id="7021" type="global" contextid="7015" durationms="3.714" usertimems="8.000" systemtimems="0.000" timestamp="2019-07-02T23:04:56.601" activeThreads="4">
  <mem-info id="7022" free="10749648" total="17235968" percent="62">
    <mem type="tenure" free="10749648" total="17235968" percent="62" micro-fragmented="203659" macro-fragmented="0">
      <mem type="soa" free="10749648" total="17063936" percent="62" />
      <mem type="loa" free="0" total="172032" percent="0" />
    </mem>
  </mem-info>
</gc-end>
<cycle-end id="7023" type="global" contextid="7015" timestamp="2019-07-02T23:04:56.602">
  <attribute name="GC Util" value="257" />
  <attribute name="CPU Util" value="7802887392362" />
  <attribute name="Time Running"value="7235"/>
  <attribute name="Number of cores"value="4"/>
</cycle-end>
<allocation-satisfied id="7024" threadId="0000000001129500" bytesRequested="40" />
<af-end id="7025" timestamp="2019-07-02T23:04:56.602" threadId="0000000001129E88" success="true" />
<exclusive-end id="7026" timestamp="2019-07-02T23:04:56.602" durationms="4.723" />

<exclusive-start id="7027" timestamp="2019-07-02T23:04:56.609" intervalms="11.656">
  <response-info timems="0.037" idlems="0.037" threads="0" lastid="0000000001129500" lastname="Thread-10" />
</exclusive-start>
<af-start id="7028" threadId="0000000001129E88" totalBytesRequested="24" timestamp="2019-07-02T23:04:56.609" intervalms="11.496" />
<cycle-start id="7029" type="global" contextid="0" timestamp="2019-07-02T23:04:56.609" intervalms="11.367" />
  <attribute name="GC Util" value="257" />
  <attribute name="CPU Util" value="7802887392362" />
  <attribute name="Time Running"value="7235"/>
  <attribute name="Number of cores"value="4"/>
<gc-start id="7030" type="global" contextid="7029" timestamp="2019-07-02T23:04:56.609">
  <mem-info id="7031" free="0" total="17235968" percent="0">
    <mem type="tenure" free="0" total="17235968" percent="0">
      <mem type="soa" free="0" total="17063936" percent="0" />
      <mem type="loa" free="0" total="172032" percent="0" />
    </mem>
  </mem-info>
</gc-start>
<allocation-stats totalBytes="10737152" >
  <allocated-bytes non-tlh="19056" tlh="10718096" />
  <largest-consumer threadName="Thread-8" threadId="000000000112D100" bytes="3774472" />
</allocation-stats>
<gc-op id="7032" type="mark" timems="2.467" contextid="7029" timestamp="2019-07-02T23:04:56.611">
  <trace-info objectcount="62623" scancount="55025" scanbytes="2193988" />
  <finalization candidates="124" enqueued="0" />
  <ownableSynchronizers candidates="3" cleared="0" />
  <references type="soft" candidates="84" cleared="0" enqueued="0" dynamicThreshold="19" maxThreshold="32" />
  <references type="weak" candidates="774" cleared="0" enqueued="0" />
  <references type="phantom" candidates="63" cleared="0" enqueued="0" />
  <stringconstants candidates="4574" cleared="0"  />
</gc-op>
<gc-op id="7033" type="sweep" timems="0.806" contextid="7029" timestamp="2019-07-02T23:04:56.612" />
<mem-info id="7034" free="11155568" total="17235968" percent="64">
  <mem type="tenure" free="11155568" total="17235968" percent="64" micro-fragmented="120495" macro-fragmented="41851">
    <mem type="soa" free="11067160" total="17063936" percent="64" />
    <mem type="loa" free="88408" total="172032" percent="51" />
  </mem>
</mem-info>
<gc-op id="7035" type="compact" timems="5.167" contextid="7029" timestamp="2019-07-02T23:04:56.618">
  <compact-info movecount="22884" movebytes="1099688" reason="compact to aid heap contraction" />
</gc-op>
<heap-resize id="7036" type="contract" space="tenure" amount="131072" count="1" timems="0.078" reason="excess free space following gc" timestamp="2019-07-02T23:04:56.618" />
<gc-end id="7037" type="global" contextid="7029" durationms="9.321" usertimems="16.000" systemtimems="0.000" timestamp="2019-07-02T23:04:56.618" activeThreads="4">
  <mem-info id="7038" free="11335040" total="17104896" percent="66">
    <mem type="tenure" free="11335040" total="17104896" percent="66">
      <mem type="soa" free="11204992" total="16933888" percent="66" />
      <mem type="loa" free="130048" total="171008" percent="76" />
    </mem>
  </mem-info>
</gc-end>
<cycle-end id="7039" type="global" contextid="7029" timestamp="2019-07-02T23:04:56.618">
  <attribute name="GC Util" value="138" />
  <attribute name="CPU Util" value="16925046572860" />
  <attribute name="Time Running"value="7248"/>
  <attribute name="Number of cores"value="4"/>
</cycle-end>
<allocation-satisfied id="7040" threadId="0000000001129500" bytesRequested="24" />
<af-end id="7041" timestamp="2019-07-02T23:04:56.619" threadId="0000000001129E88" success="true" />
<exclusive-end id="7042" timestamp="2019-07-02T23:04:56.619" durationms="9.995" />

<exclusive-start id="7043" timestamp="2019-07-02T23:04:56.628" intervalms="19.591">
  <response-info timems="0.026" idlems="0.026" threads="0" lastid="0000000001129500" lastname="Thread-10" />
</exclusive-start>
<af-start id="7044" threadId="0000000001129E88" totalBytesRequested="40" timestamp="2019-07-02T23:04:56.628" intervalms="19.642" />
<cycle-start id="7045" type="global" contextid="0" timestamp="2019-07-02T23:04:56.629" intervalms="19.681" />
  <attribute name="GC Util" value="138" />
  <attribute name="CPU Util" value="16925046572860" />
  <attribute name="Time Running"value="7248"/>
  <attribute name="Number of cores"value="4"/>
<gc-start id="7046" type="global" contextid="7045" timestamp="2019-07-02T23:04:56.629">
  <mem-info id="7047" free="130048" total="17104896" percent="0">
    <mem type="tenure" free="130048" total="17104896" percent="0">
      <mem type="soa" free="0" total="16933888" percent="0" />
      <mem type="loa" free="130048" total="171008" percent="76" />
    </mem>
  </mem-info>
</gc-start>
<allocation-stats totalBytes="11268616" >
  <allocated-bytes non-tlh="0" tlh="11268616" />
  <largest-consumer threadName="Thread-8" threadId="000000000112D100" bytes="5526824" />
</allocation-stats>
<gc-op id="7048" type="mark" timems="2.557" contextid="7045" timestamp="2019-07-02T23:04:56.631">
  <trace-info objectcount="63494" scancount="55923" scanbytes="2216212" />
  <finalization candidates="124" enqueued="0" />
  <ownableSynchronizers candidates="3" cleared="0" />
  <references type="soft" candidates="84" cleared="0" enqueued="0" dynamicThreshold="21" maxThreshold="32" />
  <references type="weak" candidates="774" cleared="0" enqueued="0" />
  <references type="phantom" candidates="63" cleared="0" enqueued="0" />
  <stringconstants candidates="4574" cleared="0"  />
</gc-op>
<gc-op id="7049" type="sweep" timems="0.692" contextid="7045" timestamp="2019-07-02T23:04:56.632" />
<heap-resize id="7050" type="contract" space="tenure" amount="131072" count="1" timems="0.092" reason="excess free space following gc" timestamp="2019-07-02T23:04:56.632" />
<gc-end id="7051" type="global" contextid="7045" durationms="3.924" usertimems="8.000" systemtimems="0.000" timestamp="2019-07-02T23:04:56.633" activeThreads="4">
  <mem-info id="7052" free="11074456" total="16973824" percent="65">
    <mem type="tenure" free="11074456" total="16973824" percent="65" micro-fragmented="0" macro-fragmented="64344">
      <mem type="soa" free="11074456" total="16804864" percent="65" />
      <mem type="loa" free="0" total="168960" percent="0" />
    </mem>
  </mem-info>
</gc-end>
<cycle-end id="7053" type="global" contextid="7045" timestamp="2019-07-02T23:04:56.633">
  <attribute name="GC Util" value="255" />
  <attribute name="CPU Util" value="6974679395302" />
  <attribute name="Time Running"value="7267"/>
  <attribute name="Number of cores"value="4"/>
</cycle-end>
<allocation-satisfied id="7054" threadId="0000000001129500" bytesRequested="40" />
<af-end id="7055" timestamp="2019-07-02T23:04:56.633" threadId="0000000001129E88" success="true" />
<exclusive-end id="7056" timestamp="2019-07-02T23:04:56.633" durationms="4.671" />

<exclusive-start id="7057" timestamp="2019-07-02T23:04:56.640" intervalms="11.835">
  <response-info timems="0.034" idlems="0.034" threads="0" lastid="000000000112D100" lastname="Thread-8" />
</exclusive-start>
<af-start id="7058" threadId="000000000112DA88" totalBytesRequested="40" timestamp="2019-07-02T23:04:56.640" intervalms="11.836" />
<cycle-start id="7059" type="global" contextid="0" timestamp="2019-07-02T23:04:56.640" intervalms="11.841" />
  <attribute name="GC Util" value="255" />
  <attribute name="CPU Util" value="6974679395302" />
  <attribute name="Time Running"value="7267"/>
  <attribute name="Number of cores"value="4"/>
<gc-start id="7060" type="global" contextid="7059" timestamp="2019-07-02T23:04:56.641">
  <mem-info id="7061" free="0" total="16973824" percent="0">
    <mem type="tenure" free="0" total="16973824" percent="0">
      <mem type="soa" free="0" total="16804864" percent="0" />
      <mem type="loa" free="0" total="168960" percent="0" />
    </mem>
  </mem-info>
</gc-start>
<allocation-stats totalBytes="11072584" >
  <allocated-bytes non-tlh="0" tlh="11072584" />
  <largest-consumer threadName="Thread-8" threadId="000000000112D100" bytes="3780672" />
</allocation-stats>
<gc-op id="7062" type="mark" timems="2.334" contextid="7059" timestamp="2019-07-02T23:04:56.643">
  <trace-info objectcount="64120" scancount="56549" scanbytes="2230804" />
  <finalization candidates="124" enqueued="0" />
  <ownableSynchronizers candidates="3" cleared="0" />
  <references type="soft" candidates="84" cleared="0" enqueued="0" dynamicThreshold="20" maxThreshold="32" />
  <references type="weak" candidates="774" cleared="0" enqueued="0" />
  <references type="phantom" candidates="63" cleared="0" enqueued="0" />
  <stringconstants candidates="4574" cleared="0"  />
</gc-op>
<gc-op id="7063" type="sweep" timems="1.054" contextid="7059" timestamp="2019-07-02T23:04:56.644" />
<heap-resize id="7064" type="contract" space="tenure" amount="65536" count="1" timems="0.078" reason="excess free space following gc" timestamp="2019-07-02T23:04:56.644" />
<gc-end id="7065" type="global" contextid="7059" durationms="4.045" usertimems="8.000" systemtimems="0.000" timestamp="2019-07-02T23:04:56.645" activeThreads="4">
  <mem-info id="7066" free="10936096" total="16908288" percent="64">
    <mem type="tenure" free="10936096" total="16908288" percent="64" micro-fragmented="0" macro-fragmented="81036">
      <mem type="soa" free="10936096" total="16739328" percent="65" />
      <mem type="loa" free="0" total="168960" percent="0" />
    </mem>
  </mem-info>
</gc-end>
<cycle-end id="7067" type="global" contextid="7059" timestamp="2019-07-02T23:04:56.645">
  <attribute name="GC Util" value="238" />
  <attribute name="CPU Util" value="7567925881856" />
  <attribute name="Time Running"value="7278"/>
  <attribute name="Number of cores"value="4"/>
</cycle-end>
<allocation-satisfied id="7068" threadId="000000000112D100" bytesRequested="40" />
<af-end id="7069" timestamp="2019-07-02T23:04:56.645" threadId="000000000112DA88" success="true" />
<exclusive-end id="7070" timestamp="2019-07-02T23:04:56.645" durationms="4.770" />

<exclusive-start id="7071" timestamp="2019-07-02T23:04:56.653" intervalms="12.826">
  <response-info timems="0.025" idlems="0.025" threads="0" lastid="0000000001130D00" lastname="Thread-9" />
</exclusive-start>
<af-start id="7072" threadId="0000000001131688" totalBytesRequested="40" timestamp="2019-07-02T23:04:56.657" intervalms="16.454" />
<cycle-start id="7073" type="global" contextid="0" timestamp="2019-07-02T23:04:56.657" intervalms="16.457" />
  <attribute name="GC Util" value="238" />
  <attribute name="CPU Util" value="7567925881856" />
  <attribute name="Time Running"value="7278"/>
  <attribute name="Number of cores"value="4"/>
<gc-start id="7074" type="global" contextid="7073" timestamp="2019-07-02T23:04:56.657">
  <mem-info id="7075" free="0" total="16908288" percent="0">
    <mem type="tenure" free="0" total="16908288" percent="0">
      <mem type="soa" free="0" total="16739328" percent="0" />
      <mem type="loa" free="0" total="168960" percent="0" />
    </mem>
  </mem-info>
</gc-start>
<allocation-stats totalBytes="10932088" >
  <allocated-bytes non-tlh="0" tlh="10932088" />
  <largest-consumer threadName="Thread-8" threadId="000000000112D100" bytes="4446208" />
</allocation-stats>
<gc-op id="7076" type="mark" timems="1.356" contextid="7073" timestamp="2019-07-02T23:04:56.659">
  <trace-info objectcount="64893" scancount="57328" scanbytes="2249140" />
  <finalization candidates="124" enqueued="0" />
  <ownableSynchronizers candidates="3" cleared="0" />
  <references type="soft" candidates="84" cleared="0" enqueued="0" dynamicThreshold="20" maxThreshold="32" />
  <references type="weak" candidates="774" cleared="0" enqueued="0" />
  <references type="phantom" candidates="63" cleared="0" enqueued="0" />
  <stringconstants candidates="4574" cleared="0"  />
</gc-op>
<gc-op id="7077" type="sweep" timems="0.310" contextid="7073" timestamp="2019-07-02T23:04:56.659" />
<mem-info id="7078" free="10846520" total="16908288" percent="64">
  <mem type="tenure" free="10846520" total="16908288" percent="64" micro-fragmented="81620" macro-fragmented="39060">
    <mem type="soa" free="10846520" total="16739328" percent="64" />
    <mem type="loa" free="0" total="168960" percent="0" />
  </mem>
</mem-info>
<gc-op id="7079" type="compact" timems="4.059" contextid="7073" timestamp="2019-07-02T23:04:56.663">
  <compact-info movecount="23756" movebytes="1121288" reason="compact to aid heap contraction" />
</gc-op>
<heap-resize id="7080" type="contract" space="tenure" amount="131072" count="1" timems="0.073" reason="excess free space following gc" timestamp="2019-07-02T23:04:56.663" />
<gc-end id="7081" type="global" contextid="7073" durationms="6.614" usertimems="8.000" systemtimems="4.000" timestamp="2019-07-02T23:04:56.664" activeThreads="4">
  <mem-info id="7082" free="10955280" total="16777216" percent="65">
    <mem type="tenure" free="10955280" total="16777216" percent="65">
      <mem type="soa" free="10826256" total="16610304" percent="65" />
      <mem type="loa" free="129024" total="166912" percent="77" />
    </mem>
  </mem-info>
</gc-end>
<cycle-end id="7083" type="global" contextid="7073" timestamp="2019-07-02T23:04:56.664">
  <attribute name="GC Util" value="18" />
  <attribute name="CPU Util" value="32369125207584" />
  <attribute name="Time Running"value="7294"/>
  <attribute name="Number of cores"value="4"/>
</cycle-end>
<allocation-satisfied id="7084" threadId="0000000001130D00" bytesRequested="40" />
<af-end id="7085" timestamp="2019-07-02T23:04:56.664" threadId="0000000001131688" success="true" />
<exclusive-end id="7086" timestamp="2019-07-02T23:04:56.664" durationms="11.054" />

<exclusive-start id="7087" timestamp="2019-07-02T23:04:56.681" intervalms="28.167">
  <response-info timems="0.224" idlems="0.224" threads="0" lastid="0000000001129500" lastname="Thread-10" />
</exclusive-start>
<af-start id="7088" threadId="0000000001129E88" totalBytesRequested="24" timestamp="2019-07-02T23:04:56.681" intervalms="24.614" />
<cycle-start id="7089" type="global" contextid="0" timestamp="2019-07-02T23:04:56.682" intervalms="24.656" />
  <attribute name="GC Util" value="18" />
  <attribute name="CPU Util" value="32369125207584" />
  <attribute name="Time Running"value="7294"/>
  <attribute name="Number of cores"value="4"/>
<gc-start id="7090" type="global" contextid="7089" timestamp="2019-07-02T23:04:56.682">
  <mem-info id="7091" free="129024" total="16777216" percent="0">
    <mem type="tenure" free="129024" total="16777216" percent="0">
      <mem type="soa" free="0" total="16610304" percent="0" />
      <mem type="loa" free="129024" total="166912" percent="77" />
    </mem>
  </mem-info>
</gc-start>
<allocation-stats totalBytes="10890880" >
  <allocated-bytes non-tlh="0" tlh="10890880" />
  <largest-consumer threadName="Thread-10" threadId="0000000001129500" bytes="10452160" />
</allocation-stats>
<gc-op id="7092" type="mark" timems="2.436" contextid="7089" timestamp="2019-07-02T23:04:56.684">
  <trace-info objectcount="66190" scancount="58625" scanbytes="2280764" />
  <finalization candidates="124" enqueued="0" />
  <ownableSynchronizers candidates="3" cleared="0" />
  <references type="soft" candidates="84" cleared="0" enqueued="0" dynamicThreshold="20" maxThreshold="32" />
  <references type="weak" candidates="774" cleared="0" enqueued="0" />
  <references type="phantom" candidates="63" cleared="0" enqueued="0" />
  <stringconstants candidates="4574" cleared="0"  />
</gc-op>
<gc-op id="7093" type="sweep" timems="0.751" contextid="7089" timestamp="2019-07-02T23:04:56.685" />
<heap-resize id="7094" type="contract" space="tenure" amount="131072" count="1" timems="0.086" reason="excess free space following gc" timestamp="2019-07-02T23:04:56.685" />
<gc-end id="7095" type="global" contextid="7089" durationms="3.891" usertimems="8.000" systemtimems="0.000" timestamp="2019-07-02T23:04:56.686" activeThreads="4">
  <mem-info id="7096" free="10632992" total="16646144" percent="63">
    <mem type="tenure" free="10632992" total="16646144" percent="63" micro-fragmented="0" macro-fragmented="0">
      <mem type="soa" free="10632992" total="16480256" percent="64" />
      <mem type="loa" free="0" total="165888" percent="0" />
    </mem>
  </mem-info>
</gc-end>
<cycle-end id="7097" type="global" contextid="7089" timestamp="2019-07-02T23:04:56.686">
  <attribute name="GC Util" value="252" />
  <attribute name="CPU Util" value="7308466027214" />
  <attribute name="Time Running"value="7320"/>
  <attribute name="Number of cores"value="4"/>
</cycle-end>
<allocation-satisfied id="7098" threadId="0000000001129500" bytesRequested="24" />
<af-end id="7099" timestamp="2019-07-02T23:04:56.686" threadId="0000000001129E88" success="true" />
<exclusive-end id="7100" timestamp="2019-07-02T23:04:56.686" durationms="4.736" />

<exclusive-start id="7101" timestamp="2019-07-02T23:04:56.691" intervalms="10.225">
  <response-info timems="0.030" idlems="0.030" threads="0" lastid="0000000001129500" lastname="Thread-10" />
</exclusive-start>
<af-start id="7102" threadId="0000000001129E88" totalBytesRequested="40" timestamp="2019-07-02T23:04:56.691" intervalms="10.129" />
<cycle-start id="7103" type="global" contextid="0" timestamp="2019-07-02T23:04:56.692" intervalms="10.074" />
  <attribute name="GC Util" value="252" />
  <attribute name="CPU Util" value="7308466027214" />
  <attribute name="Time Running"value="7320"/>
  <attribute name="Number of cores"value="4"/>
<gc-start id="7104" type="global" contextid="7103" timestamp="2019-07-02T23:04:56.692">
  <mem-info id="7105" free="0" total="16646144" percent="0">
    <mem type="tenure" free="0" total="16646144" percent="0">
      <mem type="soa" free="0" total="16480256" percent="0" />
      <mem type="loa" free="0" total="165888" percent="0" />
    </mem>
  </mem-info>
</gc-start>
<allocation-stats totalBytes="10625608" >
  <allocated-bytes non-tlh="0" tlh="10625608" />
  <largest-consumer threadName="Thread-10" threadId="0000000001129500" bytes="5255400" />
</allocation-stats>
<gc-op id="7106" type="mark" timems="2.524" contextid="7103" timestamp="2019-07-02T23:04:56.694">
  <trace-info objectcount="67594" scancount="60026" scanbytes="2314276" />
  <finalization candidates="124" enqueued="0" />
  <ownableSynchronizers candidates="3" cleared="0" />
  <references type="soft" candidates="84" cleared="0" enqueued="0" dynamicThreshold="20" maxThreshold="32" />
  <references type="weak" candidates="774" cleared="0" enqueued="0" />
  <references type="phantom" candidates="63" cleared="0" enqueued="0" />
  <stringconstants candidates="4574" cleared="0"  />
</gc-op>
<gc-op id="7107" type="sweep" timems="0.759" contextid="7103" timestamp="2019-07-02T23:04:56.695" />
<mem-info id="7108" free="10466544" total="16646144" percent="62">
  <mem type="tenure" free="10466544" total="16646144" percent="62" micro-fragmented="48457" macro-fragmented="0">
    <mem type="soa" free="10466544" total="16480256" percent="63" />
    <mem type="loa" free="0" total="165888" percent="0" />
  </mem>
</mem-info>
<gc-op id="7109" type="compact" timems="5.865" contextid="7103" timestamp="2019-07-02T23:04:56.701">
  <compact-info movecount="27219" movebytes="1204712" reason="compact to aid heap contraction" />
</gc-op>
<heap-resize id="7110" type="contract" space="tenure" amount="131072" count="1" timems="0.081" reason="excess free space following gc" timestamp="2019-07-02T23:04:56.701" />
<gc-end id="7111" type="global" contextid="7103" durationms="9.916" usertimems="16.000" systemtimems="0.000" timestamp="2019-07-02T23:04:56.702" activeThreads="4">
  <mem-info id="7112" free="10631072" total="16515072" percent="64">
    <mem type="tenure" free="10631072" total="16515072" percent="64">
      <mem type="soa" free="10501024" total="16350208" percent="64" />
      <mem type="loa" free="130048" total="164864" percent="78" />
    </mem>
  </mem-info>
</gc-end>
<cycle-end id="7113" type="global" contextid="7103" timestamp="2019-07-02T23:04:56.702">
  <attribute name="GC Util" value="151" />
  <attribute name="CPU Util" value="19009990668333" />
  <attribute name="Time Running"value="7331"/>
  <attribute name="Number of cores"value="4"/>
</cycle-end>
<allocation-satisfied id="7114" threadId="0000000001129500" bytesRequested="40" />
<af-end id="7115" timestamp="2019-07-02T23:04:56.702" threadId="0000000001129E88" success="true" />
<exclusive-end id="7116" timestamp="2019-07-02T23:04:56.702" durationms="10.590" />

<exclusive-start id="7117" timestamp="2019-07-02T23:04:56.709" intervalms="17.641">
  <response-info timems="0.026" idlems="0.026" threads="0" lastid="0000000001129500" lastname="Thread-10" />
</exclusive-start>
<af-start id="7118" threadId="0000000001129E88" totalBytesRequested="40" timestamp="2019-07-02T23:04:56.709" intervalms="17.673" />
<cycle-start id="7119" type="global" contextid="0" timestamp="2019-07-02T23:04:56.709" intervalms="17.699" />
  <attribute name="GC Util" value="151" />
  <attribute name="CPU Util" value="19009990668333" />
  <attribute name="Time Running"value="7331"/>
  <attribute name="Number of cores"value="4"/>
<gc-start id="7120" type="global" contextid="7119" timestamp="2019-07-02T23:04:56.709">
  <mem-info id="7121" free="130048" total="16515072" percent="0">
    <mem type="tenure" free="130048" total="16515072" percent="0">
      <mem type="soa" free="0" total="16350208" percent="0" />
      <mem type="loa" free="130048" total="164864" percent="78" />
    </mem>
  </mem-info>
</gc-start>
<allocation-stats totalBytes="10564472" >
  <allocated-bytes non-tlh="0" tlh="10564472" />
  <largest-consumer threadName="Thread-10" threadId="0000000001129500" bytes="6781968" />
</allocation-stats>
<gc-op id="7122" type="mark" timems="2.622" contextid="7119" timestamp="2019-07-02T23:04:56.712">
  <trace-info objectcount="64703" scancount="57134" scanbytes="2245284" />
  <finalization candidates="124" enqueued="0" />
  <ownableSynchronizers candidates="3" cleared="0" />
  <references type="soft" candidates="84" cleared="0" enqueued="0" dynamicThreshold="20" maxThreshold="32" />
  <references type="weak" candidates="774" cleared="0" enqueued="0" />
  <references type="phantom" candidates="63" cleared="0" enqueued="0" />
  <stringconstants candidates="4574" cleared="0"  />
</gc-op>
<gc-op id="7123" type="sweep" timems="0.681" contextid="7119" timestamp="2019-07-02T23:04:56.713" />
<heap-resize id="7124" type="contract" space="tenure" amount="131072" count="1" timems="0.074" reason="excess free space following gc" timestamp="2019-07-02T23:04:56.713" />
<gc-end id="7125" type="global" contextid="7119" durationms="3.770" usertimems="8.000" systemtimems="4.000" timestamp="2019-07-02T23:04:56.713" activeThreads="4">
  <mem-info id="7126" free="10408736" total="16384000" percent="63">
    <mem type="tenure" free="10408736" total="16384000" percent="63" micro-fragmented="72705" macro-fragmented="0">
      <mem type="soa" free="10408736" total="16220160" percent="64" />
      <mem type="loa" free="0" total="163840" percent="0" />
    </mem>
  </mem-info>
</gc-end>
<cycle-end id="7127" type="global" contextid="7119" timestamp="2019-07-02T23:04:56.713">
  <attribute name="GC Util" value="264" />
  <attribute name="CPU Util" value="6888577899165" />
  <attribute name="Time Running"value="7347"/>
  <attribute name="Number of cores"value="4"/>
</cycle-end>
<allocation-satisfied id="7128" threadId="0000000001129500" bytesRequested="40" />
<af-end id="7129" timestamp="2019-07-02T23:04:56.713" threadId="0000000001129E88" success="true" />
<exclusive-end id="7130" timestamp="2019-07-02T23:04:56.713" durationms="4.453" />

<exclusive-start id="7131" timestamp="2019-07-02T23:04:56.723" intervalms="14.452">
  <response-info timems="0.044" idlems="0.018" threads="2" lastid="000000000112D100" lastname="Thread-8" />
</exclusive-start>
<af-start id="7132" threadId="0000000001131688" totalBytesRequested="40" timestamp="2019-07-02T23:04:56.724" intervalms="14.418" />
<cycle-start id="7133" type="global" contextid="0" timestamp="2019-07-02T23:04:56.724" intervalms="14.415" />
  <attribute name="GC Util" value="264" />
  <attribute name="CPU Util" value="6888577899165" />
  <attribute name="Time Running"value="7347"/>
  <attribute name="Number of cores"value="4"/>
<gc-start id="7134" type="global" contextid="7133" timestamp="2019-07-02T23:04:56.724">
  <mem-info id="7135" free="0" total="16384000" percent="0">
    <mem type="tenure" free="0" total="16384000" percent="0">
      <mem type="soa" free="0" total="16220160" percent="0" />
      <mem type="loa" free="0" total="163840" percent="0" />
    </mem>
  </mem-info>
</gc-start>
<allocation-stats totalBytes="10408120" >
  <allocated-bytes non-tlh="0" tlh="10408120" />
  <largest-consumer threadName="Thread-10" threadId="0000000001129500" bytes="5379840" />
</allocation-stats>
<gc-op id="7136" type="mark" timems="1.320" contextid="7133" timestamp="2019-07-02T23:04:56.725">
  <trace-info objectcount="66091" scancount="58524" scanbytes="2278196" />
  <finalization candidates="124" enqueued="0" />
  <ownableSynchronizers candidates="3" cleared="0" />
  <references type="soft" candidates="84" cleared="0" enqueued="0" dynamicThreshold="20" maxThreshold="32" />
  <references type="weak" candidates="774" cleared="0" enqueued="0" />
  <references type="phantom" candidates="63" cleared="0" enqueued="0" />
  <stringconstants candidates="4574" cleared="0"  />
</gc-op>
<gc-op id="7137" type="sweep" timems="0.267" contextid="7133" timestamp="2019-07-02T23:04:56.726" />
<heap-resize id="7138" type="contract" space="tenure" amount="65536" count="1" timems="0.066" reason="excess free space following gc" timestamp="2019-07-02T23:04:56.726" />
<gc-end id="7139" type="global" contextid="7133" durationms="2.205" usertimems="4.000" systemtimems="0.000" timestamp="2019-07-02T23:04:56.726" activeThreads="4">
  <mem-info id="7140" free="10242848" total="16318464" percent="62">
    <mem type="tenure" free="10242848" total="16318464" percent="62" micro-fragmented="89003" macro-fragmented="0">
      <mem type="soa" free="10242848" total="16155648" percent="63" />
      <mem type="loa" free="0" total="162816" percent="0" />
    </mem>
  </mem-info>
</gc-end>
<cycle-end id="7141" type="global" contextid="7133" timestamp="2019-07-02T23:04:56.726">
  <attribute name="GC Util" value="220" />
  <attribute name="CPU Util" value="13083028886063" />
  <attribute name="Time Running"value="7361"/>
  <attribute name="Number of cores"value="4"/>
</cycle-end>
<allocation-satisfied id="7142" threadId="0000000001130D00" bytesRequested="40" />
<af-end id="7143" timestamp="2019-07-02T23:04:56.726" threadId="0000000001131688" success="true" />
<exclusive-end id="7144" timestamp="2019-07-02T23:04:56.726" durationms="2.812" />

<exclusive-start id="7145" timestamp="2019-07-02T23:04:56.736" intervalms="12.387">
  <response-info timems="0.040" idlems="0.017" threads="2" lastid="000000000112D100" lastname="Thread-8" />
</exclusive-start>
<af-start id="7146" threadId="0000000001131688" totalBytesRequested="40" timestamp="2019-07-02T23:04:56.736" intervalms="12.418" />
<cycle-start id="7147" type="global" contextid="0" timestamp="2019-07-02T23:04:56.736" intervalms="12.404" />
  <attribute name="GC Util" value="220" />
  <attribute name="CPU Util" value="13083028886063" />
  <attribute name="Time Running"value="7361"/>
  <attribute name="Number of cores"value="4"/>
<gc-start id="7148" type="global" contextid="7147" timestamp="2019-07-02T23:04:56.736">
  <mem-info id="7149" free="0" total="16318464" percent="0">
    <mem type="tenure" free="0" total="16318464" percent="0">
      <mem type="soa" free="0" total="16155648" percent="0" />
      <mem type="loa" free="0" total="162816" percent="0" />
    </mem>
  </mem-info>
</gc-start>
<allocation-stats totalBytes="10239320" >
  <allocated-bytes non-tlh="0" tlh="10239320" />
  <largest-consumer threadName="Thread-10" threadId="0000000001129500" bytes="4969616" />
</allocation-stats>
<gc-op id="7150" type="mark" timems="4.424" contextid="7147" timestamp="2019-07-02T23:04:56.741">
  <trace-info objectcount="67885" scancount="60308" scanbytes="2321476" />
  <finalization candidates="124" enqueued="0" />
  <ownableSynchronizers candidates="3" cleared="0" />
  <references type="soft" candidates="84" cleared="0" enqueued="0" dynamicThreshold="20" maxThreshold="32" />
  <references type="weak" candidates="774" cleared="0" enqueued="0" />
  <references type="phantom" candidates="63" cleared="0" enqueued="0" />
  <stringconstants candidates="4574" cleared="0"  />
</gc-op>
<gc-op id="7151" type="sweep" timems="0.298" contextid="7147" timestamp="2019-07-02T23:04:56.741" />
<mem-info id="7152" free="10090368" total="16318464" percent="61">
  <mem type="tenure" free="10090368" total="16318464" percent="61" micro-fragmented="166779" macro-fragmented="0">
    <mem type="soa" free="10090368" total="16155648" percent="62" />
    <mem type="loa" free="0" total="162816" percent="0" />
  </mem>
</mem-info>
<gc-op id="7153" type="compact" timems="4.643" contextid="7147" timestamp="2019-07-02T23:04:56.746">
  <compact-info movecount="28145" movebytes="1227152" reason="compact to aid heap contraction" />
</gc-op>
<heap-resize id="7154" type="contract" space="tenure" amount="131072" count="1" timems="0.075" reason="excess free space following gc" timestamp="2019-07-02T23:04:56.746" />
<gc-end id="7155" type="global" contextid="7147" durationms="10.142" usertimems="16.000" systemtimems="0.000" timestamp="2019-07-02T23:04:56.746" activeThreads="4">
  <mem-info id="7156" free="10299264" total="16187392" percent="63">
    <mem type="tenure" free="10299264" total="16187392" percent="63">
      <mem type="soa" free="10169216" total="16025600" percent="63" />
      <mem type="loa" free="130048" total="161792" percent="80" />
    </mem>
  </mem-info>
</gc-end>
<cycle-end id="7157" type="global" contextid="7147" timestamp="2019-07-02T23:04:56.747">
  <attribute name="GC Util" value="18" />
  <attribute name="CPU Util" value="35131836495058" />
  <attribute name="Time Running"value="7377"/>
  <attribute name="Number of cores"value="4"/>
</cycle-end>
<allocation-satisfied id="7158" threadId="0000000001130D00" bytesRequested="40" />
<af-end id="7159" timestamp="2019-07-02T23:04:56.747" threadId="0000000001131688" success="true" />
<exclusive-end id="7160" timestamp="2019-07-02T23:04:56.747" durationms="10.972" />

<exclusive-start id="7161" timestamp="2019-07-02T23:04:56.757" intervalms="21.513">
  <response-info timems="0.069" idlems="0.036" threads="1" lastid="0000000001134900" lastname="Thread-7" />
</exclusive-start>
<af-start id="7162" threadId="000000000112DA88" totalBytesRequested="40" timestamp="2019-07-02T23:04:56.757" intervalms="21.504" />
<cycle-start id="7163" type="global" contextid="0" timestamp="2019-07-02T23:04:56.758" intervalms="21.499" />
  <attribute name="GC Util" value="18" />
  <attribute name="CPU Util" value="35131836495058" />
  <attribute name="Time Running"value="7377"/>
  <attribute name="Number of cores"value="4"/>
<gc-start id="7164" type="global" contextid="7163" timestamp="2019-07-02T23:04:56.758">
  <mem-info id="7165" free="130048" total="16187392" percent="0">
    <mem type="tenure" free="130048" total="16187392" percent="0">
      <mem type="soa" free="0" total="16025600" percent="0" />
      <mem type="loa" free="130048" total="161792" percent="80" />
    </mem>
  </mem-info>
</gc-start>
<allocation-stats totalBytes="10233344" >
  <allocated-bytes non-tlh="0" tlh="10233344" />
  <largest-consumer threadName="Thread-10" threadId="0000000001129500" bytes="5209496" />
</allocation-stats>
<gc-op id="7166" type="mark" timems="1.291" contextid="7163" timestamp="2019-07-02T23:04:56.759">
  <trace-info objectcount="69302" scancount="61737" scanbytes="2355484" />
  <finalization candidates="124" enqueued="0" />
  <ownableSynchronizers candidates="3" cleared="0" />
  <references type="soft" candidates="84" cleared="0" enqueued="0" dynamicThreshold="20" maxThreshold="32" />
  <references type="weak" candidates="774" cleared="0" enqueued="0" />
  <references type="phantom" candidates="63" cleared="0" enqueued="0" />
  <stringconstants candidates="4574" cleared="0"  />
</gc-op>
<gc-op id="7167" type="sweep" timems="0.243" contextid="7163" timestamp="2019-07-02T23:04:56.759" />
<heap-resize id="7168" type="contract" space="tenure" amount="131072" count="1" timems="0.051" reason="excess free space following gc" timestamp="2019-07-02T23:04:56.760" />
<gc-end id="7169" type="global" contextid="7163" durationms="1.966" usertimems="8.000" systemtimems="0.000" timestamp="2019-07-02T23:04:56.760" activeThreads="4">
  <mem-info id="7170" free="10080016" total="16056320" percent="62">
    <mem type="tenure" free="10080016" total="16056320" percent="62" micro-fragmented="31364" macro-fragmented="0">
      <mem type="soa" free="10007192" total="15896576" percent="62" />
      <mem type="loa" free="72824" total="159744" percent="45" />
    </mem>
  </mem-info>
</gc-end>
<cycle-end id="7171" type="global" contextid="7163" timestamp="2019-07-02T23:04:56.760">
  <attribute name="GC Util" value="226" />
  <attribute name="CPU Util" value="13691312646859" />
  <attribute name="Time Running"value="7394"/>
  <attribute name="Number of cores"value="4"/>
</cycle-end>
<allocation-satisfied id="7172" threadId="000000000112D100" bytesRequested="40" />
<af-end id="7173" timestamp="2019-07-02T23:04:56.760" threadId="000000000112DA88" success="true" />
<exclusive-end id="7174" timestamp="2019-07-02T23:04:56.760" durationms="2.500" />

<exclusive-start id="7175" timestamp="2019-07-02T23:04:56.768" intervalms="11.084">
  <response-info timems="0.052" idlems="0.052" threads="0" lastid="0000000001134900" lastname="Thread-7" />
</exclusive-start>
<af-start id="7176" threadId="0000000001135288" totalBytesRequested="40" timestamp="2019-07-02T23:04:56.769" intervalms="11.037" />
<cycle-start id="7177" type="global" contextid="0" timestamp="2019-07-02T23:04:56.769" intervalms="11.036" />
  <attribute name="GC Util" value="226" />
  <attribute name="CPU Util" value="13691312646859" />
  <attribute name="Time Running"value="7394"/>
  <attribute name="Number of cores"value="4"/>
<gc-start id="7178" type="global" contextid="7177" timestamp="2019-07-02T23:04:56.769">
  <mem-info id="7179" free="72824" total="16056320" percent="0">
    <mem type="tenure" free="72824" total="16056320" percent="0">
      <mem type="soa" free="0" total="15896576" percent="0" />
      <mem type="loa" free="72824" total="159744" percent="45" />
    </mem>
  </mem-info>
</gc-start>
<allocation-stats totalBytes="10005752" >
  <allocated-bytes non-tlh="0" tlh="10005752" />
  <largest-consumer threadName="Thread-9" threadId="0000000001130D00" bytes="3276432" />
</allocation-stats>
<gc-op id="7180" type="mark" timems="1.342" contextid="7177" timestamp="2019-07-02T23:04:56.770">
  <trace-info objectcount="70216" scancount="62638" scanbytes="2377484" />
  <finalization candidates="124" enqueued="0" />
  <ownableSynchronizers candidates="3" cleared="0" />
  <references type="soft" candidates="84" cleared="0" enqueued="0" dynamicThreshold="20" maxThreshold="32" />
  <references type="weak" candidates="774" cleared="0" enqueued="0" />
  <references type="phantom" candidates="63" cleared="0" enqueued="0" />
  <stringconstants candidates="4574" cleared="0"  />
</gc-op>
<gc-op id="7181" type="sweep" timems="0.316" contextid="7177" timestamp="2019-07-02T23:04:56.771" />
<mem-info id="7182" free="9982168" total="16056320" percent="62">
  <mem type="tenure" free="9982168" total="16056320" percent="62" micro-fragmented="38743" macro-fragmented="0">
    <mem type="soa" free="9907200" total="15896576" percent="62" />
    <mem type="loa" free="74968" total="159744" percent="46" />
  </mem>
</mem-info>
<gc-op id="7183" type="compact" timems="3.576" contextid="7177" timestamp="2019-07-02T23:04:56.774">
  <compact-info movecount="11166" movebytes="407592" reason="compact to aid heap contraction" />
</gc-op>
<heap-resize id="7184" type="contract" space="tenure" amount="131072" count="1" timems="0.065" reason="excess free space following gc" timestamp="2019-07-02T23:04:56.775" />
<gc-end id="7185" type="global" contextid="7177" durationms="5.990" usertimems="12.000" systemtimems="0.000" timestamp="2019-07-02T23:04:56.775" activeThreads="4">
  <mem-info id="7186" free="9984184" total="15925248" percent="62">
    <mem type="tenure" free="9984184" total="15925248" percent="62">
      <mem type="soa" free="9854136" total="15766528" percent="62" />
      <mem type="loa" free="130048" total="158720" percent="81" />
    </mem>
  </mem-info>
</gc-end>
<cycle-end id="7187" type="global" contextid="7177" timestamp="2019-07-02T23:04:56.775">
  <attribute name="GC Util" value="19" />
  <attribute name="CPU Util" value="36922582296113" />
  <attribute name="Time Running"value="7406"/>
  <attribute name="Number of cores"value="4"/>
</cycle-end>
<allocation-satisfied id="7188" threadId="0000000001134900" bytesRequested="40" />
<af-end id="7189" timestamp="2019-07-02T23:04:56.775" threadId="0000000001135288" success="true" />
<exclusive-end id="7190" timestamp="2019-07-02T23:04:56.775" durationms="6.622" />

<exclusive-start id="7191" timestamp="2019-07-02T23:04:56.785" intervalms="16.593">
  <response-info timems="0.209" idlems="0.209" threads="0" lastid="000000000112D100" lastname="Thread-8" />
</exclusive-start>
<af-start id="7192" threadId="000000000112DA88" totalBytesRequested="40" timestamp="2019-07-02T23:04:56.785" intervalms="16.606" />
<cycle-start id="7193" type="global" contextid="0" timestamp="2019-07-02T23:04:56.785" intervalms="16.621" />
  <attribute name="GC Util" value="19" />
  <attribute name="CPU Util" value="36922582296113" />
  <attribute name="Time Running"value="7406"/>
  <attribute name="Number of cores"value="4"/>
<gc-start id="7194" type="global" contextid="7193" timestamp="2019-07-02T23:04:56.785">
  <mem-info id="7195" free="130048" total="15925248" percent="0">
    <mem type="tenure" free="130048" total="15925248" percent="0">
      <mem type="soa" free="0" total="15766528" percent="0" />
      <mem type="loa" free="130048" total="158720" percent="81" />
    </mem>
  </mem-info>
</gc-start>
<allocation-stats totalBytes="9917768" >
  <allocated-bytes non-tlh="0" tlh="9917768" />
  <largest-consumer threadName="Thread-9" threadId="0000000001130D00" bytes="6739928" />
</allocation-stats>
<gc-op id="7196" type="mark" timems="2.378" contextid="7193" timestamp="2019-07-02T23:04:56.788">
  <trace-info objectcount="71447" scancount="63869" scanbytes="2406980" />
  <finalization candidates="124" enqueued="0" />
  <ownableSynchronizers candidates="3" cleared="0" />
  <references type="soft" candidates="84" cleared="0" enqueued="0" dynamicThreshold="20" maxThreshold="32" />
  <references type="weak" candidates="774" cleared="0" enqueued="0" />
  <references type="phantom" candidates="63" cleared="0" enqueued="0" />
  <stringconstants candidates="4574" cleared="0"  />
</gc-op>
<gc-op id="7197" type="sweep" timems="1.107" contextid="7193" timestamp="2019-07-02T23:04:56.789" />
<heap-resize id="7198" type="contract" space="tenure" amount="131072" count="1" timems="0.046" reason="excess free space following gc" timestamp="2019-07-02T23:04:56.789" />
<gc-end id="7199" type="global" contextid="7193" durationms="4.051" usertimems="8.000" systemtimems="0.000" timestamp="2019-07-02T23:04:56.789" activeThreads="4">
  <mem-info id="7200" free="9677536" total="15794176" percent="61">
    <mem type="tenure" free="9677536" total="15794176" percent="61" micro-fragmented="28523" macro-fragmented="0">
      <mem type="soa" free="9677536" total="15636480" percent="61" />
      <mem type="loa" free="0" total="157696" percent="0" />
    </mem>
  </mem-info>
</gc-end>
<cycle-end id="7201" type="global" contextid="7193" timestamp="2019-07-02T23:04:56.790">
  <attribute name="GC Util" value="241" />
  <attribute name="CPU Util" value="7454548986614" />
  <attribute name="Time Running"value="7423"/>
  <attribute name="Number of cores"value="4"/>
</cycle-end>
<allocation-satisfied id="7202" threadId="000000000112D100" bytesRequested="40" />
<af-end id="7203" timestamp="2019-07-02T23:04:56.790" threadId="000000000112DA88" success="true" />
<exclusive-end id="7204" timestamp="2019-07-02T23:04:56.790" durationms="4.651" />

<exclusive-start id="7205" timestamp="2019-07-02T23:04:56.797" intervalms="11.626">
  <response-info timems="0.048" idlems="0.048" threads="0" lastid="000000000112D100" lastname="Thread-8" />
</exclusive-start>
<af-start id="7206" threadId="000000000112DA88" totalBytesRequested="40" timestamp="2019-07-02T23:04:56.797" intervalms="11.633" />
<cycle-start id="7207" type="global" contextid="0" timestamp="2019-07-02T23:04:56.797" intervalms="11.593" />
  <attribute name="GC Util" value="241" />
  <attribute name="CPU Util" value="7454548986614" />
  <attribute name="Time Running"value="7423"/>
  <attribute name="Number of cores"value="4"/>
<gc-start id="7208" type="global" contextid="7207" timestamp="2019-07-02T23:04:56.797">
  <mem-info id="7209" free="0" total="15794176" percent="0">
    <mem type="tenure" free="0" total="15794176" percent="0">
      <mem type="soa" free="0" total="15636480" percent="0" />
      <mem type="loa" free="0" total="157696" percent="0" />
    </mem>
  </mem-info>
</gc-start>
<allocation-stats totalBytes="9674840" >
  <allocated-bytes non-tlh="0" tlh="9674840" />
  <largest-consumer threadName="Thread-10" threadId="0000000001129500" bytes="3519288" />
</allocation-stats>
<gc-op id="7210" type="mark" timems="2.617" contextid="7207" timestamp="2019-07-02T23:04:56.800">
  <trace-info objectcount="72670" scancount="65158" scanbytes="2436356" />
  <finalization candidates="124" enqueued="0" />
  <ownableSynchronizers candidates="3" cleared="0" />
  <references type="soft" candidates="84" cleared="0" enqueued="0" dynamicThreshold="19" maxThreshold="32" />
  <references type="weak" candidates="774" cleared="0" enqueued="0" />
  <references type="phantom" candidates="63" cleared="0" enqueued="0" />
  <stringconstants candidates="4574" cleared="0"  />
</gc-op>
<gc-op id="7211" type="sweep" timems="1.160" contextid="7207" timestamp="2019-07-02T23:04:56.801" />
<gc-end id="7212" type="global" contextid="7207" durationms="4.169" usertimems="12.000" systemtimems="0.000" timestamp="2019-07-02T23:04:56.801" activeThreads="4">
  <mem-info id="7213" free="9555832" total="15794176" percent="60">
    <mem type="tenure" free="9555832" total="15794176" percent="60" micro-fragmented="69490" macro-fragmented="0">
      <mem type="soa" free="9555832" total="15636480" percent="61" />
      <mem type="loa" free="0" total="157696" percent="0" />
    </mem>
  </mem-info>
</gc-end>
<cycle-end id="7214" type="global" contextid="7207" timestamp="2019-07-02T23:04:56.801">
  <attribute name="GC Util" value="241" />
  <attribute name="CPU Util" value="6774269993494" />
  <attribute name="Time Running"value="7435"/>
  <attribute name="Number of cores"value="4"/>
</cycle-end>
<allocation-satisfied id="7215" threadId="000000000112D100" bytesRequested="40" />
<af-end id="7216" timestamp="2019-07-02T23:04:56.801" threadId="000000000112DA88" success="true" />
<exclusive-end id="7217" timestamp="2019-07-02T23:04:56.801" durationms="4.800" />

<exclusive-start id="7218" timestamp="2019-07-02T23:04:56.808" intervalms="11.617">
  <response-info timems="0.037" idlems="0.037" threads="0" lastid="000000000112D100" lastname="Thread-8" />
</exclusive-start>
<af-start id="7219" threadId="000000000112DA88" totalBytesRequested="24" timestamp="2019-07-02T23:04:56.808" intervalms="11.613" />
<cycle-start id="7220" type="global" contextid="0" timestamp="2019-07-02T23:04:56.808" intervalms="11.649" />
  <attribute name="GC Util" value="241" />
  <attribute name="CPU Util" value="6774269993494" />
  <attribute name="Time Running"value="7435"/>
  <attribute name="Number of cores"value="4"/>
<gc-start id="7221" type="global" contextid="7220" timestamp="2019-07-02T23:04:56.809">
  <mem-info id="7222" free="0" total="15794176" percent="0">
    <mem type="tenure" free="0" total="15794176" percent="0">
      <mem type="soa" free="0" total="15636480" percent="0" />
      <mem type="loa" free="0" total="157696" percent="0" />
    </mem>
  </mem-info>
</gc-start>
<allocation-stats totalBytes="9549392" >
  <allocated-bytes non-tlh="0" tlh="9549392" />
  <largest-consumer threadName="Thread-10" threadId="0000000001129500" bytes="3651432" />
</allocation-stats>
<gc-op id="7223" type="mark" timems="3.094" contextid="7220" timestamp="2019-07-02T23:04:56.812">
  <trace-info objectcount="74259" scancount="66686" scanbytes="2473828" />
  <finalization candidates="124" enqueued="0" />
  <ownableSynchronizers candidates="3" cleared="0" />
  <references type="soft" candidates="84" cleared="0" enqueued="0" dynamicThreshold="19" maxThreshold="32" />
  <references type="weak" candidates="774" cleared="0" enqueued="0" />
  <references type="phantom" candidates="63" cleared="0" enqueued="0" />
  <stringconstants candidates="4574" cleared="0"  />
</gc-op>
<gc-op id="7224" type="sweep" timems="0.925" contextid="7220" timestamp="2019-07-02T23:04:56.813" />
<gc-end id="7225" type="global" contextid="7220" durationms="4.388" usertimems="8.000" systemtimems="0.000" timestamp="2019-07-02T23:04:56.813" activeThreads="4">
  <mem-info id="7226" free="9451368" total="15794176" percent="59">
    <mem type="tenure" free="9451368" total="15794176" percent="59" micro-fragmented="110356" macro-fragmented="0">
      <mem type="soa" free="9451368" total="15636480" percent="60" />
      <mem type="loa" free="0" total="157696" percent="0" />
    </mem>
  </mem-info>
</gc-end>
<cycle-end id="7227" type="global" contextid="7220" timestamp="2019-07-02T23:04:56.813">
  <attribute name="GC Util" value="217" />
  <attribute name="CPU Util" value="5764980312321" />
  <attribute name="Time Running"value="7447"/>
  <attribute name="Number of cores"value="4"/>
</cycle-end>
<allocation-satisfied id="7228" threadId="000000000112D100" bytesRequested="24" />
<af-end id="7229" timestamp="2019-07-02T23:04:56.813" threadId="000000000112DA88" success="true" />
<exclusive-end id="7230" timestamp="2019-07-02T23:04:56.813" durationms="5.089" />

<exclusive-start id="7231" timestamp="2019-07-02T23:04:56.820" intervalms="11.296">
  <response-info timems="0.029" idlems="0.029" threads="0" lastid="0000000001129500" lastname="Thread-10" />
</exclusive-start>
<af-start id="7232" threadId="0000000001129E88" totalBytesRequested="40" timestamp="2019-07-02T23:04:56.820" intervalms="11.322" />
<cycle-start id="7233" type="global" contextid="0" timestamp="2019-07-02T23:04:56.820" intervalms="11.276" />
  <attribute name="GC Util" value="217" />
  <attribute name="CPU Util" value="5764980312321" />
  <attribute name="Time Running"value="7447"/>
  <attribute name="Number of cores"value="4"/>
<gc-start id="7234" type="global" contextid="7233" timestamp="2019-07-02T23:04:56.820">
  <mem-info id="7235" free="0" total="15794176" percent="0">
    <mem type="tenure" free="0" total="15794176" percent="0">
      <mem type="soa" free="0" total="15636480" percent="0" />
      <mem type="loa" free="0" total="157696" percent="0" />
    </mem>
  </mem-info>
</gc-start>
<allocation-stats totalBytes="9440680" >
  <allocated-bytes non-tlh="0" tlh="9440680" />
  <largest-consumer threadName="Thread-10" threadId="0000000001129500" bytes="3598168" />
</allocation-stats>
<gc-op id="7236" type="mark" timems="1.972" contextid="7233" timestamp="2019-07-02T23:04:56.822">
  <trace-info objectcount="69976" scancount="62401" scanbytes="2371660" />
  <finalization candidates="124" enqueued="0" />
  <ownableSynchronizers candidates="3" cleared="0" />
  <references type="soft" candidates="84" cleared="0" enqueued="0" dynamicThreshold="19" maxThreshold="32" />
  <references type="weak" candidates="774" cleared="0" enqueued="0" />
  <references type="phantom" candidates="63" cleared="0" enqueued="0" />
  <stringconstants candidates="4574" cleared="0"  />
</gc-op>
<gc-op id="7237" type="sweep" timems="0.782" contextid="7233" timestamp="2019-07-02T23:04:56.823" />
<heap-resize id="7238" type="expand" space="tenure" amount="1048576" count="1" timems="0.031" reason="excessive time being spent in gc" timestamp="2019-07-02T23:04:56.823" />
<gc-end id="7239" type="global" contextid="7233" durationms="3.146" usertimems="8.000" systemtimems="0.000" timestamp="2019-07-02T23:04:56.823" activeThreads="4">
  <mem-info id="7240" free="10467712" total="16842752" percent="62">
    <mem type="tenure" free="10467712" total="16842752" percent="62" micro-fragmented="178361" macro-fragmented="0">
      <mem type="soa" free="10299776" total="16674816" percent="61" />
      <mem type="loa" free="167936" total="167936" percent="100" />
    </mem>
  </mem-info>
</gc-end>
<cycle-end id="7241" type="global" contextid="7233" timestamp="2019-07-02T23:04:56.823">
  <attribute name="GC Util" value="256" />
  <attribute name="CPU Util" value="9019834742983" />
  <attribute name="Time Running"value="7457"/>
  <attribute name="Number of cores"value="4"/>
</cycle-end>
<allocation-satisfied id="7242" threadId="0000000001129500" bytesRequested="40" />
<af-end id="7243" timestamp="2019-07-02T23:04:56.823" threadId="0000000001129E88" success="true" />
<exclusive-end id="7244" timestamp="2019-07-02T23:04:56.823" durationms="3.758" />

<exclusive-start id="7245" timestamp="2019-07-02T23:04:56.830" intervalms="10.310">
  <response-info timems="0.091" idlems="0.091" threads="0" lastid="0000000001129500" lastname="Thread-10" />
</exclusive-start>
<af-start id="7246" threadId="0000000001129E88" totalBytesRequested="40" timestamp="2019-07-02T23:04:56.830" intervalms="10.301" />
<cycle-start id="7247" type="global" contextid="0" timestamp="2019-07-02T23:04:56.830" intervalms="10.337" />
  <attribute name="GC Util" value="256" />
  <attribute name="CPU Util" value="9019834742983" />
  <attribute name="Time Running"value="7457"/>
  <attribute name="Number of cores"value="4"/>
<gc-start id="7248" type="global" contextid="7247" timestamp="2019-07-02T23:04:56.830">
  <mem-info id="7249" free="167936" total="16842752" percent="0">
    <mem type="tenure" free="167936" total="16842752" percent="0">
      <mem type="soa" free="0" total="16674816" percent="0" />
      <mem type="loa" free="167936" total="167936" percent="100" />
    </mem>
  </mem-info>
</gc-start>
<allocation-stats totalBytes="10288016" >
  <allocated-bytes non-tlh="19056" tlh="10268960" />
  <largest-consumer threadName="Thread-10" threadId="0000000001129500" bytes="3750664" />
</allocation-stats>
<gc-op id="7250" type="mark" timems="1.806" contextid="7247" timestamp="2019-07-02T23:04:56.832">
  <trace-info objectcount="65899" scancount="58336" scanbytes="2273348" />
  <finalization candidates="124" enqueued="0" />
  <ownableSynchronizers candidates="3" cleared="0" />
  <references type="soft" candidates="84" cleared="0" enqueued="0" dynamicThreshold="19" maxThreshold="32" />
  <references type="weak" candidates="774" cleared="0" enqueued="0" />
  <references type="phantom" candidates="63" cleared="0" enqueued="0" />
  <stringconstants candidates="4574" cleared="0"  />
</gc-op>
<gc-op id="7251" type="sweep" timems="0.791" contextid="7247" timestamp="2019-07-02T23:04:56.833" />
<gc-end id="7252" type="global" contextid="7247" durationms="3.004" usertimems="4.000" systemtimems="4.000" timestamp="2019-07-02T23:04:56.833" activeThreads="4">
  <mem-info id="7253" free="10768808" total="16842752" percent="63">
    <mem type="tenure" free="10768808" total="16842752" percent="63" micro-fragmented="223488" macro-fragmented="0">
      <mem type="soa" free="10600872" total="16674816" percent="63" />
      <mem type="loa" free="167936" total="167936" percent="100" />
    </mem>
  </mem-info>
</gc-end>
<cycle-end id="7254" type="global" contextid="7247" timestamp="2019-07-02T23:04:56.833">
  <attribute name="GC Util" value="244" />
  <attribute name="CPU Util" value="9723305287711" />
  <attribute name="Time Running"value="7468"/>
  <attribute name="Number of cores"value="4"/>
</cycle-end>
<allocation-satisfied id="7255" threadId="0000000001129500" bytesRequested="40" />
<af-end id="7256" timestamp="2019-07-02T23:04:56.834" threadId="0000000001129E88" success="true" />
<exclusive-end id="7257" timestamp="2019-07-02T23:04:56.834" durationms="3.701" />

<exclusive-start id="7258" timestamp="2019-07-02T23:04:56.839" intervalms="9.411">
  <response-info timems="0.037" idlems="0.021" threads="1" lastid="0000000001130D00" lastname="Thread-9" />
</exclusive-start>
<af-start id="7259" threadId="0000000001135288" totalBytesRequested="40" timestamp="2019-07-02T23:04:56.841" intervalms="11.202" />
<cycle-start id="7260" type="global" contextid="0" timestamp="2019-07-02T23:04:56.844" intervalms="14.116" />
  <attribute name="GC Util" value="244" />
  <attribute name="CPU Util" value="9723305287711" />
  <attribute name="Time Running"value="7468"/>
  <attribute name="Number of cores"value="4"/>
<gc-start id="7261" type="global" contextid="7260" timestamp="2019-07-02T23:04:56.844">
  <mem-info id="7262" free="167936" total="16842752" percent="0">
    <mem type="tenure" free="167936" total="16842752" percent="0">
      <mem type="soa" free="0" total="16674816" percent="0" />
      <mem type="loa" free="167936" total="167936" percent="100" />
    </mem>
  </mem-info>
</gc-start>
<allocation-stats totalBytes="10589680" >
  <allocated-bytes non-tlh="0" tlh="10589680" />
  <largest-consumer threadName="Thread-10" threadId="0000000001129500" bytes="4058544" />
</allocation-stats>
<gc-op id="7263" type="mark" timems="1.358" contextid="7260" timestamp="2019-07-02T23:04:56.846">
  <trace-info objectcount="66966" scancount="59392" scanbytes="2299092" />
  <finalization candidates="124" enqueued="0" />
  <ownableSynchronizers candidates="3" cleared="0" />
  <references type="soft" candidates="84" cleared="0" enqueued="0" dynamicThreshold="20" maxThreshold="32" />
  <references type="weak" candidates="774" cleared="0" enqueued="0" />
  <references type="phantom" candidates="63" cleared="0" enqueued="0" />
  <stringconstants candidates="4574" cleared="0"  />
</gc-op>
<gc-op id="7264" type="sweep" timems="0.310" contextid="7260" timestamp="2019-07-02T23:04:56.846" />
<gc-end id="7265" type="global" contextid="7260" durationms="2.022" usertimems="4.000" systemtimems="0.000" timestamp="2019-07-02T23:04:56.846" activeThreads="4">
  <mem-info id="7266" free="10672872" total="16842752" percent="63">
    <mem type="tenure" free="10672872" total="16842752" percent="63" micro-fragmented="199797" macro-fragmented="0">
      <mem type="soa" free="10504936" total="16674816" percent="62" />
      <mem type="loa" free="167936" total="167936" percent="100" />
    </mem>
  </mem-info>
</gc-end>
<cycle-end id="7267" type="global" contextid="7260" timestamp="2019-07-02T23:04:56.846">
  <attribute name="GC Util" value="199" />
  <attribute name="CPU Util" value="12979065643165" />
  <attribute name="Time Running"value="7481"/>
  <attribute name="Number of cores"value="4"/>
</cycle-end>
<allocation-satisfied id="7268" threadId="0000000001134900" bytesRequested="40" />
<af-end id="7269" timestamp="2019-07-02T23:04:56.846" threadId="0000000001135288" success="true" />
<exclusive-end id="7270" timestamp="2019-07-02T23:04:56.847" durationms="7.225" />

<exclusive-start id="7271" timestamp="2019-07-02T23:04:56.852" intervalms="13.041">
  <response-info timems="0.029" idlems="0.029" threads="0" lastid="0000000001129500" lastname="Thread-10" />
</exclusive-start>
<af-start id="7272" threadId="0000000001129E88" totalBytesRequested="24" timestamp="2019-07-02T23:04:56.852" intervalms="11.212" />
<cycle-start id="7273" type="global" contextid="0" timestamp="2019-07-02T23:04:56.852" intervalms="8.260" />
  <attribute name="GC Util" value="199" />
  <attribute name="CPU Util" value="12979065643165" />
  <attribute name="Time Running"value="7481"/>
  <attribute name="Number of cores"value="4"/>
<gc-start id="7274" type="global" contextid="7273" timestamp="2019-07-02T23:04:56.853">
  <mem-info id="7275" free="167936" total="16842752" percent="0">
    <mem type="tenure" free="167936" total="16842752" percent="0">
      <mem type="soa" free="0" total="16674816" percent="0" />
      <mem type="loa" free="167936" total="167936" percent="100" />
    </mem>
  </mem-info>
</gc-start>
<allocation-stats totalBytes="10490232" >
  <allocated-bytes non-tlh="0" tlh="10490232" />
  <largest-consumer threadName="Thread-10" threadId="0000000001129500" bytes="4083496" />
</allocation-stats>
<gc-op id="7276" type="mark" timems="2.336" contextid="7273" timestamp="2019-07-02T23:04:56.855">
  <trace-info objectcount="67952" scancount="60379" scanbytes="2322964" />
  <finalization candidates="124" enqueued="0" />
  <ownableSynchronizers candidates="3" cleared="0" />
  <references type="soft" candidates="84" cleared="0" enqueued="0" dynamicThreshold="20" maxThreshold="32" />
  <references type="weak" candidates="774" cleared="0" enqueued="0" />
  <references type="phantom" candidates="63" cleared="0" enqueued="0" />
  <stringconstants candidates="4574" cleared="0"  />
</gc-op>
<gc-op id="7277" type="sweep" timems="0.803" contextid="7273" timestamp="2019-07-02T23:04:56.856" />
<heap-resize id="7278" type="contract" space="tenure" amount="131072" count="1" timems="0.049" reason="excess free space following gc" timestamp="2019-07-02T23:04:56.856" />
<gc-end id="7279" type="global" contextid="7273" durationms="3.544" usertimems="4.000" systemtimems="8.000" timestamp="2019-07-02T23:04:56.856" activeThreads="4">
  <mem-info id="7280" free="10374840" total="16711680" percent="62">
    <mem type="tenure" free="10374840" total="16711680" percent="62" micro-fragmented="200293" macro-fragmented="0">
      <mem type="soa" free="10296096" total="16544768" percent="62" />
      <mem type="loa" free="78744" total="166912" percent="47" />
    </mem>
  </mem-info>
</gc-end>
<cycle-end id="7281" type="global" contextid="7273" timestamp="2019-07-02T23:04:56.856">
  <attribute name="GC Util" value="254" />
  <attribute name="CPU Util" value="7677065056753" />
  <attribute name="Time Running"value="7490"/>
  <attribute name="Number of cores"value="4"/>
</cycle-end>
<allocation-satisfied id="7282" threadId="0000000001129500" bytesRequested="24" />
<af-end id="7283" timestamp="2019-07-02T23:04:56.856" threadId="0000000001129E88" success="true" />
<exclusive-end id="7284" timestamp="2019-07-02T23:04:56.857" durationms="4.205" />

<exclusive-start id="7285" timestamp="2019-07-02T23:04:56.861" intervalms="8.651">
  <response-info timems="0.026" idlems="0.026" threads="0" lastid="0000000001129500" lastname="Thread-10" />
</exclusive-start>
<af-start id="7286" threadId="0000000001129E88" totalBytesRequested="24" timestamp="2019-07-02T23:04:56.861" intervalms="8.651" />
<cycle-start id="7287" type="global" contextid="0" timestamp="2019-07-02T23:04:56.861" intervalms="8.648" />
  <attribute name="GC Util" value="254" />
  <attribute name="CPU Util" value="7677065056753" />
  <attribute name="Time Running"value="7490"/>
  <attribute name="Number of cores"value="4"/>
<gc-start id="7288" type="global" contextid="7287" timestamp="2019-07-02T23:04:56.861">
  <mem-info id="7289" free="78744" total="16711680" percent="0">
    <mem type="tenure" free="78744" total="16711680" percent="0">
      <mem type="soa" free="0" total="16544768" percent="0" />
      <mem type="loa" free="78744" total="166912" percent="47" />
    </mem>
  </mem-info>
</gc-start>
<allocation-stats totalBytes="10277688" >
  <allocated-bytes non-tlh="23160" tlh="10254528" />
  <largest-consumer threadName="Thread-9" threadId="0000000001130D00" bytes="3282000" />
</allocation-stats>
<gc-op id="7290" type="mark" timems="2.148" contextid="7287" timestamp="2019-07-02T23:04:56.863">
  <trace-info objectcount="63778" scancount="56195" scanbytes="2222212" />
  <finalization candidates="124" enqueued="0" />
  <ownableSynchronizers candidates="3" cleared="0" />
  <references type="soft" candidates="84" cleared="0" enqueued="0" dynamicThreshold="19" maxThreshold="32" />
  <references type="weak" candidates="774" cleared="0" enqueued="0" />
  <references type="phantom" candidates="63" cleared="0" enqueued="0" />
  <stringconstants candidates="4574" cleared="0"  />
</gc-op>
<gc-op id="7291" type="sweep" timems="0.778" contextid="7287" timestamp="2019-07-02T23:04:56.864" />
<heap-resize id="7292" type="contract" space="tenure" amount="65536" count="1" timems="0.050" reason="excess free space following gc" timestamp="2019-07-02T23:04:56.864" />
<gc-end id="7293" type="global" contextid="7287" durationms="3.402" usertimems="12.000" systemtimems="0.000" timestamp="2019-07-02T23:04:56.865" activeThreads="4">
  <mem-info id="7294" free="10582600" total="16646144" percent="63">
    <mem type="tenure" free="10582600" total="16646144" percent="63" micro-fragmented="91021" macro-fragmented="19423">
      <mem type="soa" free="10582600" total="16480256" percent="64" />
      <mem type="loa" free="0" total="165888" percent="0" />
    </mem>
  </mem-info>
</gc-end>
<cycle-end id="7295" type="global" contextid="7287" timestamp="2019-07-02T23:04:56.865">
  <attribute name="GC Util" value="249" />
  <attribute name="CPU Util" value="8312084725714" />
  <attribute name="Time Running"value="7499"/>
  <attribute name="Number of cores"value="4"/>
</cycle-end>
<allocation-satisfied id="7296" threadId="0000000001129500" bytesRequested="24" />
<af-end id="7297" timestamp="2019-07-02T23:04:56.865" threadId="0000000001129E88" success="true" />
<exclusive-end id="7298" timestamp="2019-07-02T23:04:56.865" durationms="4.025" />

<exclusive-start id="7299" timestamp="2019-07-02T23:04:56.869" intervalms="8.430">
  <response-info timems="0.053" idlems="0.051" threads="1" lastid="0000000001134900" lastname="Thread-7" />
</exclusive-start>
<af-start id="7300" threadId="0000000001129E88" totalBytesRequested="40" timestamp="2019-07-02T23:04:56.870" intervalms="8.434" />
<cycle-start id="7301" type="global" contextid="0" timestamp="2019-07-02T23:04:56.870" intervalms="8.434" />
  <attribute name="GC Util" value="249" />
  <attribute name="CPU Util" value="8312084725714" />
  <attribute name="Time Running"value="7499"/>
  <attribute name="Number of cores"value="4"/>
<gc-start id="7302" type="global" contextid="7301" timestamp="2019-07-02T23:04:56.870">
  <mem-info id="7303" free="0" total="16646144" percent="0">
    <mem type="tenure" free="0" total="16646144" percent="0">
      <mem type="soa" free="0" total="16480256" percent="0" />
      <mem type="loa" free="0" total="165888" percent="0" />
    </mem>
  </mem-info>
</gc-start>
<allocation-stats totalBytes="10567216" >
  <allocated-bytes non-tlh="0" tlh="10567216" />
  <largest-consumer threadName="Thread-9" threadId="0000000001130D00" bytes="3364808" />
</allocation-stats>
<gc-op id="7304" type="mark" timems="1.964" contextid="7301" timestamp="2019-07-02T23:04:56.872">
  <trace-info objectcount="64627" scancount="57057" scanbytes="2242908" />
  <finalization candidates="124" enqueued="0" />
  <ownableSynchronizers candidates="3" cleared="0" />
  <references type="soft" candidates="84" cleared="0" enqueued="0" dynamicThreshold="20" maxThreshold="32" />
  <references type="weak" candidates="774" cleared="0" enqueued="0" />
  <references type="phantom" candidates="63" cleared="0" enqueued="0" />
  <stringconstants candidates="4574" cleared="0"  />
</gc-op>
<gc-op id="7305" type="sweep" timems="0.830" contextid="7301" timestamp="2019-07-02T23:04:56.873" />
<mem-info id="7306" free="10508176" total="16646144" percent="63">
  <mem type="tenure" free="10508176" total="16646144" percent="63" micro-fragmented="110399" macro-fragmented="33791">
    <mem type="soa" free="10508176" total="16480256" percent="63" />
    <mem type="loa" free="0" total="165888" percent="0" />
  </mem>
</mem-info>
<gc-op id="7307" type="compact" timems="5.321" contextid="7301" timestamp="2019-07-02T23:04:56.878">
  <compact-info movecount="24888" movebytes="1148608" reason="compact to aid heap contraction" />
</gc-op>
<heap-resize id="7308" type="contract" space="tenure" amount="131072" count="1" timems="0.083" reason="excess free space following gc" timestamp="2019-07-02T23:04:56.878" />
<gc-end id="7309" type="global" contextid="7301" durationms="8.815" usertimems="20.000" systemtimems="0.000" timestamp="2019-07-02T23:04:56.878" activeThreads="4">
  <mem-info id="7310" free="10702440" total="16515072" percent="64">
    <mem type="tenure" free="10702440" total="16515072" percent="64">
      <mem type="soa" free="10572392" total="16350208" percent="64" />
      <mem type="loa" free="130048" total="164864" percent="78" />
    </mem>
  </mem-info>
</gc-end>
<cycle-end id="7311" type="global" contextid="7301" timestamp="2019-07-02T23:04:56.879">
  <attribute name="GC Util" value="148" />
  <attribute name="CPU Util" value="18984596239240" />
  <attribute name="Time Running"value="7508"/>
  <attribute name="Number of cores"value="4"/>
</cycle-end>
<allocation-satisfied id="7312" threadId="0000000001129500" bytesRequested="40" />
<af-end id="7313" timestamp="2019-07-02T23:04:56.879" threadId="0000000001129E88" success="true" />
<exclusive-end id="7314" timestamp="2019-07-02T23:04:56.879" durationms="9.454" />

<exclusive-start id="7315" timestamp="2019-07-02T23:04:56.883" intervalms="13.639">
  <response-info timems="0.031" idlems="0.031" threads="0" lastid="000000000112D100" lastname="Thread-8" />
</exclusive-start>
<af-start id="7316" threadId="000000000112DA88" totalBytesRequested="40" timestamp="2019-07-02T23:04:56.883" intervalms="13.650" />
<cycle-start id="7317" type="global" contextid="0" timestamp="2019-07-02T23:04:56.883" intervalms="13.662" />
  <attribute name="GC Util" value="148" />
  <attribute name="CPU Util" value="18984596239240" />
  <attribute name="Time Running"value="7508"/>
  <attribute name="Number of cores"value="4"/>
<gc-start id="7318" type="global" contextid="7317" timestamp="2019-07-02T23:04:56.883">
  <mem-info id="7319" free="130048" total="16515072" percent="0">
    <mem type="tenure" free="130048" total="16515072" percent="0">
      <mem type="soa" free="0" total="16350208" percent="0" />
      <mem type="loa" free="130048" total="164864" percent="78" />
    </mem>
  </mem-info>
</gc-start>
<allocation-stats totalBytes="10636928" >
  <allocated-bytes non-tlh="0" tlh="10636928" />
  <largest-consumer threadName="Thread-9" threadId="0000000001130D00" bytes="3264864" />
</allocation-stats>
<gc-op id="7320" type="mark" timems="2.266" contextid="7317" timestamp="2019-07-02T23:04:56.886">
  <trace-info objectcount="65413" scancount="57838" scanbytes="2261796" />
  <finalization candidates="124" enqueued="0" />
  <ownableSynchronizers candidates="3" cleared="0" />
  <references type="soft" candidates="84" cleared="0" enqueued="0" dynamicThreshold="20" maxThreshold="32" />
  <references type="weak" candidates="774" cleared="0" enqueued="0" />
  <references type="phantom" candidates="63" cleared="0" enqueued="0" />
  <stringconstants candidates="4574" cleared="0"  />
</gc-op>
<gc-op id="7321" type="sweep" timems="0.716" contextid="7317" timestamp="2019-07-02T23:04:56.887" />
<heap-resize id="7322" type="contract" space="tenure" amount="131072" count="1" timems="0.044" reason="excess free space following gc" timestamp="2019-07-02T23:04:56.887" />
<gc-end id="7323" type="global" contextid="7317" durationms="3.531" usertimems="4.000" systemtimems="4.000" timestamp="2019-07-02T23:04:56.887" activeThreads="4">
  <mem-info id="7324" free="10594448" total="16384000" percent="64">
    <mem type="tenure" free="10594448" total="16384000" percent="64" micro-fragmented="9268" macro-fragmented="75515">
      <mem type="soa" free="10467520" total="16220160" percent="64" />
      <mem type="loa" free="126928" total="163840" percent="77" />
    </mem>
  </mem-info>
</gc-end>
<cycle-end id="7325" type="global" contextid="7317" timestamp="2019-07-02T23:04:56.887">
  <attribute name="GC Util" value="256" />
  <attribute name="CPU Util" value="7931807796077" />
  <attribute name="Time Running"value="7521"/>
  <attribute name="Number of cores"value="4"/>
</cycle-end>
<allocation-satisfied id="7326" threadId="000000000112D100" bytesRequested="40" />
<af-end id="7327" timestamp="2019-07-02T23:04:56.887" threadId="000000000112DA88" success="true" />
<exclusive-end id="7328" timestamp="2019-07-02T23:04:56.887" durationms="4.087" />

<exclusive-start id="7329" timestamp="2019-07-02T23:04:56.891" intervalms="8.360">
  <response-info timems="0.024" idlems="0.024" threads="0" lastid="0000000001130D00" lastname="Thread-9" />
</exclusive-start>
<af-start id="7330" threadId="0000000001131688" totalBytesRequested="24" timestamp="2019-07-02T23:04:56.892" intervalms="8.387" />
<cycle-start id="7331" type="global" contextid="0" timestamp="2019-07-02T23:04:56.892" intervalms="8.382" />
  <attribute name="GC Util" value="256" />
  <attribute name="CPU Util" value="7931807796077" />
  <attribute name="Time Running"value="7521"/>
  <attribute name="Number of cores"value="4"/>
<gc-start id="7332" type="global" contextid="7331" timestamp="2019-07-02T23:04:56.892">
  <mem-info id="7333" free="126928" total="16384000" percent="0">
    <mem type="tenure" free="126928" total="16384000" percent="0">
      <mem type="soa" free="0" total="16220160" percent="0" />
      <mem type="loa" free="126928" total="163840" percent="77" />
    </mem>
  </mem-info>
</gc-start>
<allocation-stats totalBytes="10464152" >
  <allocated-bytes non-tlh="0" tlh="10464152" />
  <largest-consumer threadName="Thread-9" threadId="0000000001130D00" bytes="3270624" />
</allocation-stats>
<gc-op id="7334" type="mark" timems="1.113" contextid="7331" timestamp="2019-07-02T23:04:56.893">
  <trace-info objectcount="66102" scancount="58520" scanbytes="2278036" />
  <finalization candidates="124" enqueued="0" />
  <ownableSynchronizers candidates="3" cleared="0" />
  <references type="soft" candidates="84" cleared="0" enqueued="0" dynamicThreshold="20" maxThreshold="32" />
  <references type="weak" candidates="774" cleared="0" enqueued="0" />
  <references type="phantom" candidates="63" cleared="0" enqueued="0" />
  <stringconstants candidates="4574" cleared="0"  />
</gc-op>
<gc-op id="7335" type="sweep" timems="0.316" contextid="7331" timestamp="2019-07-02T23:04:56.893" />
<heap-resize id="7336" type="contract" space="tenure" amount="131072" count="1" timems="0.099" reason="excess free space following gc" timestamp="2019-07-02T23:04:56.894" />
<gc-end id="7337" type="global" contextid="7331" durationms="1.970" usertimems="0.000" systemtimems="4.000" timestamp="2019-07-02T23:04:56.894" activeThreads="4">
  <mem-info id="7338" free="10311920" total="16252928" percent="63">
    <mem type="tenure" free="10311920" total="16252928" percent="63" micro-fragmented="11063" macro-fragmented="0">
      <mem type="soa" free="10311920" total="16091136" percent="64" />
      <mem type="loa" free="0" total="161792" percent="0" />
    </mem>
  </mem-info>
</gc-end>
<cycle-end id="7339" type="global" contextid="7331" timestamp="2019-07-02T23:04:56.894">
  <attribute name="GC Util" value="221" />
  <attribute name="CPU Util" value="15690542879058" />
  <attribute name="Time Running"value="7528"/>
  <attribute name="Number of cores"value="4"/>
</cycle-end>
<allocation-satisfied id="7340" threadId="0000000001130D00" bytesRequested="24" />
<af-end id="7341" timestamp="2019-07-02T23:04:56.894" threadId="0000000001131688" success="true" />
<exclusive-end id="7342" timestamp="2019-07-02T23:04:56.894" durationms="2.611" />

<exclusive-start id="7343" timestamp="2019-07-02T23:04:56.899" intervalms="7.663">
  <response-info timems="0.621" idlems="0.320" threads="1" lastid="0000000001130D00" lastname="Thread-9" />
</exclusive-start>
<af-start id="7344" threadId="0000000001129E88" totalBytesRequested="40" timestamp="2019-07-02T23:04:56.899" intervalms="7.622" />
<cycle-start id="7345" type="global" contextid="0" timestamp="2019-07-02T23:04:56.899" intervalms="7.617" />
  <attribute name="GC Util" value="221" />
  <attribute name="CPU Util" value="15690542879058" />
  <attribute name="Time Running"value="7528"/>
  <attribute name="Number of cores"value="4"/>
<gc-start id="7346" type="global" contextid="7345" timestamp="2019-07-02T23:04:56.899">
  <mem-info id="7347" free="0" total="16252928" percent="0">
    <mem type="tenure" free="0" total="16252928" percent="0">
      <mem type="soa" free="0" total="16091136" percent="0" />
      <mem type="loa" free="0" total="161792" percent="0" />
    </mem>
  </mem-info>
</gc-start>
<allocation-stats totalBytes="10302184" >
  <allocated-bytes non-tlh="0" tlh="10302184" />
  <largest-consumer threadName="Thread-10" threadId="0000000001129500" bytes="3220920" />
</allocation-stats>
<gc-op id="7348" type="mark" timems="2.116" contextid="7345" timestamp="2019-07-02T23:04:56.902">
  <trace-info objectcount="66984" scancount="59435" scanbytes="2299732" />
  <finalization candidates="124" enqueued="0" />
  <ownableSynchronizers candidates="3" cleared="0" />
  <references type="soft" candidates="84" cleared="0" enqueued="0" dynamicThreshold="20" maxThreshold="32" />
  <references type="weak" candidates="774" cleared="0" enqueued="0" />
  <references type="phantom" candidates="63" cleared="0" enqueued="0" />
  <stringconstants candidates="4574" cleared="0"  />
</gc-op>
<gc-op id="7349" type="sweep" timems="0.816" contextid="7345" timestamp="2019-07-02T23:04:56.902" />
<heap-resize id="7350" type="contract" space="tenure" amount="65536" count="1" timems="0.098" reason="excess free space following gc" timestamp="2019-07-02T23:04:56.903" />
<gc-end id="7351" type="global" contextid="7345" durationms="3.424" usertimems="4.000" systemtimems="4.000" timestamp="2019-07-02T23:04:56.903" activeThreads="4">
  <mem-info id="7352" free="10185504" total="16187392" percent="62">
    <mem type="tenure" free="10185504" total="16187392" percent="62" micro-fragmented="23420" macro-fragmented="0">
      <mem type="soa" free="10185504" total="16025600" percent="63" />
      <mem type="loa" free="0" total="161792" percent="0" />
    </mem>
  </mem-info>
</gc-end>
<cycle-end id="7353" type="global" contextid="7345" timestamp="2019-07-02T23:04:56.903">
  <attribute name="GC Util" value="254" />
  <attribute name="CPU Util" value="8453165841202" />
  <attribute name="Time Running"value="7537"/>
  <attribute name="Number of cores"value="4"/>
</cycle-end>
<allocation-satisfied id="7354" threadId="0000000001129500" bytesRequested="40" />
<af-end id="7355" timestamp="2019-07-02T23:04:56.903" threadId="0000000001129E88" success="true" />
<exclusive-end id="7356" timestamp="2019-07-02T23:04:56.903" durationms="4.073" />

<exclusive-start id="7357" timestamp="2019-07-02T23:04:56.908" intervalms="8.811">
  <response-info timems="0.027" idlems="0.026" threads="1" lastid="0000000001129500" lastname="Thread-10" />
</exclusive-start>
<af-start id="7358" threadId="000000000112DA88" totalBytesRequested="40" timestamp="2019-07-02T23:04:56.908" intervalms="8.834" />
<cycle-start id="7359" type="global" contextid="0" timestamp="2019-07-02T23:04:56.908" intervalms="8.840" />
  <attribute name="GC Util" value="254" />
  <attribute name="CPU Util" value="8453165841202" />
  <attribute name="Time Running"value="7537"/>
  <attribute name="Number of cores"value="4"/>
<gc-start id="7360" type="global" contextid="7359" timestamp="2019-07-02T23:04:56.908">
  <mem-info id="7361" free="0" total="16187392" percent="0">
    <mem type="tenure" free="0" total="16187392" percent="0">
      <mem type="soa" free="0" total="16025600" percent="0" />
      <mem type="loa" free="0" total="161792" percent="0" />
    </mem>
  </mem-info>
</gc-start>
<allocation-stats totalBytes="10171456" >
  <allocated-bytes non-tlh="0" tlh="10171456" />
  <largest-consumer threadName="Thread-10" threadId="0000000001129500" bytes="3605416" />
</allocation-stats>
<gc-op id="7362" type="mark" timems="2.573" contextid="7359" timestamp="2019-07-02T23:04:56.911">
  <trace-info objectcount="67751" scancount="60188" scanbytes="2317940" />
  <finalization candidates="124" enqueued="0" />
  <ownableSynchronizers candidates="3" cleared="0" />
  <references type="soft" candidates="84" cleared="0" enqueued="0" dynamicThreshold="20" maxThreshold="32" />
  <references type="weak" candidates="774" cleared="0" enqueued="0" />
  <references type="phantom" candidates="63" cleared="0" enqueued="0" />
  <stringconstants candidates="4574" cleared="0"  />
</gc-op>
<gc-op id="7363" type="sweep" timems="0.853" contextid="7359" timestamp="2019-07-02T23:04:56.912" />
<mem-info id="7364" free="10103440" total="16187392" percent="62">
  <mem type="tenure" free="10103440" total="16187392" percent="62" micro-fragmented="34206" macro-fragmented="0">
    <mem type="soa" free="10103440" total="16025600" percent="63" />
    <mem type="loa" free="0" total="161792" percent="0" />
  </mem>
</mem-info>
<gc-op id="7365" type="compact" timems="5.588" contextid="7359" timestamp="2019-07-02T23:04:56.917">
  <compact-info movecount="20681" movebytes="910320" reason="compact to aid heap contraction" />
</gc-op>
<heap-resize id="7366" type="contract" space="tenure" amount="131072" count="1" timems="0.081" reason="excess free space following gc" timestamp="2019-07-02T23:04:56.918" />
<gc-end id="7367" type="global" contextid="7359" durationms="9.647" usertimems="12.000" systemtimems="4.000" timestamp="2019-07-02T23:04:56.918" activeThreads="4">
  <mem-info id="7368" free="10172752" total="16056320" percent="63">
    <mem type="tenure" free="10172752" total="16056320" percent="63">
      <mem type="soa" free="10043728" total="15896576" percent="63" />
      <mem type="loa" free="129024" total="159744" percent="80" />
    </mem>
  </mem-info>
</gc-end>
<cycle-end id="7369" type="global" contextid="7359" timestamp="2019-07-02T23:04:56.918">
  <attribute name="GC Util" value="153" />
  <attribute name="CPU Util" value="18988602397455" />
  <attribute name="Time Running"value="7547"/>
  <attribute name="Number of cores"value="4"/>
</cycle-end>
<allocation-satisfied id="7370" threadId="000000000112D100" bytesRequested="40" />
<af-end id="7371" timestamp="2019-07-02T23:04:56.918" threadId="000000000112DA88" success="true" />
<exclusive-end id="7372" timestamp="2019-07-02T23:04:56.918" durationms="10.275" />

<exclusive-start id="7373" timestamp="2019-07-02T23:04:56.922" intervalms="13.689">
  <response-info timems="0.023" idlems="0.023" threads="0" lastid="0000000001134900" lastname="Thread-7" />
</exclusive-start>
<af-start id="7374" threadId="0000000001135288" totalBytesRequested="40" timestamp="2019-07-02T23:04:56.922" intervalms="13.659" />
<cycle-start id="7375" type="global" contextid="0" timestamp="2019-07-02T23:04:56.922" intervalms="13.643" />
  <attribute name="GC Util" value="153" />
  <attribute name="CPU Util" value="18988602397455" />
  <attribute name="Time Running"value="7547"/>
  <attribute name="Number of cores"value="4"/>
<gc-start id="7376" type="global" contextid="7375" timestamp="2019-07-02T23:04:56.922">
  <mem-info id="7377" free="129024" total="16056320" percent="0">
    <mem type="tenure" free="129024" total="16056320" percent="0">
      <mem type="soa" free="0" total="15896576" percent="0" />
      <mem type="loa" free="129024" total="159744" percent="80" />
    </mem>
  </mem-info>
</gc-start>
<allocation-stats totalBytes="10108416" >
  <allocated-bytes non-tlh="0" tlh="10108416" />
  <largest-consumer threadName="Thread-9" threadId="0000000001130D00" bytes="3243784" />
</allocation-stats>
<gc-op id="7378" type="mark" timems="2.199" contextid="7375" timestamp="2019-07-02T23:04:56.924">
  <trace-info objectcount="68456" scancount="60889" scanbytes="2334564" />
  <finalization candidates="124" enqueued="0" />
  <ownableSynchronizers candidates="3" cleared="0" />
  <references type="soft" candidates="84" cleared="0" enqueued="0" dynamicThreshold="20" maxThreshold="32" />
  <references type="weak" candidates="774" cleared="0" enqueued="0" />
  <references type="phantom" candidates="63" cleared="0" enqueued="0" />
  <stringconstants candidates="4574" cleared="0"  />
</gc-op>
<gc-op id="7379" type="sweep" timems="0.744" contextid="7375" timestamp="2019-07-02T23:04:56.925" />
<heap-resize id="7380" type="contract" space="tenure" amount="131072" count="1" timems="0.058" reason="excess free space following gc" timestamp="2019-07-02T23:04:56.925" />
<gc-end id="7381" type="global" contextid="7375" durationms="3.313" usertimems="12.000" systemtimems="0.000" timestamp="2019-07-02T23:04:56.925" activeThreads="4">
  <mem-info id="7382" free="9951128" total="15925248" percent="62">
    <mem type="tenure" free="9951128" total="15925248" percent="62" micro-fragmented="9244" macro-fragmented="0">
      <mem type="soa" free="9951128" total="15766528" percent="63" />
      <mem type="loa" free="0" total="158720" percent="0" />
    </mem>
  </mem-info>
</gc-end>
<cycle-end id="7383" type="global" contextid="7375" timestamp="2019-07-02T23:04:56.925">
  <attribute name="GC Util" value="270" />
  <attribute name="CPU Util" value="8189071602834" />
  <attribute name="Time Running"value="7559"/>
  <attribute name="Number of cores"value="4"/>
</cycle-end>
<allocation-satisfied id="7384" threadId="0000000001134900" bytesRequested="40" />
<af-end id="7385" timestamp="2019-07-02T23:04:56.925" threadId="0000000001135288" success="true" />
<exclusive-end id="7386" timestamp="2019-07-02T23:04:56.925" durationms="3.651" />

<exclusive-start id="7387" timestamp="2019-07-02T23:04:56.929" intervalms="7.074">
  <response-info timems="0.040" idlems="0.040" threads="0" lastid="000000000112D100" lastname="Thread-8" />
</exclusive-start>
<af-start id="7388" threadId="000000000112DA88" totalBytesRequested="24" timestamp="2019-07-02T23:04:56.929" intervalms="7.080" />
<cycle-start id="7389" type="global" contextid="0" timestamp="2019-07-02T23:04:56.929" intervalms="7.091" />
  <attribute name="GC Util" value="270" />
  <attribute name="CPU Util" value="8189071602834" />
  <attribute name="Time Running"value="7559"/>
  <attribute name="Number of cores"value="4"/>
<gc-start id="7390" type="global" contextid="7389" timestamp="2019-07-02T23:04:56.929">
  <mem-info id="7391" free="0" total="15925248" percent="0">
    <mem type="tenure" free="0" total="15925248" percent="0">
      <mem type="soa" free="0" total="15766528" percent="0" />
      <mem type="loa" free="0" total="158720" percent="0" />
    </mem>
  </mem-info>
</gc-start>
<allocation-stats totalBytes="9947872" >
  <allocated-bytes non-tlh="0" tlh="9947872" />
  <largest-consumer threadName="Thread-9" threadId="0000000001130D00" bytes="3266488" />
</allocation-stats>
<gc-op id="7392" type="mark" timems="2.111" contextid="7389" timestamp="2019-07-02T23:04:56.931">
  <trace-info objectcount="69288" scancount="61717" scanbytes="2354732" />
  <finalization candidates="124" enqueued="0" />
  <ownableSynchronizers candidates="3" cleared="0" />
  <references type="soft" candidates="84" cleared="0" enqueued="0" dynamicThreshold="19" maxThreshold="32" />
  <references type="weak" candidates="774" cleared="0" enqueued="0" />
  <references type="phantom" candidates="63" cleared="0" enqueued="0" />
  <stringconstants candidates="4574" cleared="0"  />
</gc-op>
<gc-op id="7393" type="sweep" timems="0.730" contextid="7389" timestamp="2019-07-02T23:04:56.932" />
<mem-info id="7394" free="9892552" total="15925248" percent="62">
  <mem type="tenure" free="9892552" total="15925248" percent="62" micro-fragmented="29006" macro-fragmented="0">
    <mem type="soa" free="9892552" total="15766528" percent="62" />
    <mem type="loa" free="0" total="158720" percent="0" />
  </mem>
</mem-info>
<gc-op id="7395" type="compact" timems="4.514" contextid="7389" timestamp="2019-07-02T23:04:56.937">
  <compact-info movecount="4741" movebytes="115536" reason="compact to aid heap contraction" />
</gc-op>
<heap-resize id="7396" type="contract" space="tenure" amount="131072" count="1" timems="0.065" reason="excess free space following gc" timestamp="2019-07-02T23:04:56.937" />
<gc-end id="7397" type="global" contextid="7389" durationms="7.934" usertimems="12.000" systemtimems="4.000" timestamp="2019-07-02T23:04:56.937" activeThreads="4">
  <mem-info id="7398" free="9876888" total="15794176" percent="62">
    <mem type="tenure" free="9876888" total="15794176" percent="62">
      <mem type="soa" free="9746840" total="15636480" percent="62" />
      <mem type="loa" free="130048" total="157696" percent="82" />
    </mem>
  </mem-info>
</gc-end>
<cycle-end id="7399" type="global" contextid="7389" timestamp="2019-07-02T23:04:56.937">
  <attribute name="GC Util" value="175" />
  <attribute name="CPU Util" value="21830724194359" />
  <attribute name="Time Running"value="7567"/>
  <attribute name="Number of cores"value="4"/>
</cycle-end>
<allocation-satisfied id="7400" threadId="000000000112D100" bytesRequested="24" />
<af-end id="7401" timestamp="2019-07-02T23:04:56.937" threadId="000000000112DA88" success="true" />
<exclusive-end id="7402" timestamp="2019-07-02T23:04:56.937" durationms="8.457" />

<exclusive-start id="7403" timestamp="2019-07-02T23:04:56.940" intervalms="11.749">
  <response-info timems="0.025" idlems="0.025" threads="0" lastid="0000000001129500" lastname="Thread-10" />
</exclusive-start>
<af-start id="7404" threadId="0000000001129E88" totalBytesRequested="24" timestamp="2019-07-02T23:04:56.941" intervalms="11.789" />
<cycle-start id="7405" type="global" contextid="0" timestamp="2019-07-02T23:04:56.941" intervalms="11.794" />
  <attribute name="GC Util" value="175" />
  <attribute name="CPU Util" value="21830724194359" />
  <attribute name="Time Running"value="7567"/>
  <attribute name="Number of cores"value="4"/>
<gc-start id="7406" type="global" contextid="7405" timestamp="2019-07-02T23:04:56.941">
  <mem-info id="7407" free="130048" total="15794176" percent="0">
    <mem type="tenure" free="130048" total="15794176" percent="0">
      <mem type="soa" free="0" total="15636480" percent="0" />
      <mem type="loa" free="130048" total="157696" percent="82" />
    </mem>
  </mem-info>
</gc-start>
<allocation-stats totalBytes="9811976" >
  <allocated-bytes non-tlh="0" tlh="9811976" />
  <largest-consumer threadName="Thread-9" threadId="0000000001130D00" bytes="3094840" />
</allocation-stats>
<gc-op id="7408" type="mark" timems="1.984" contextid="7405" timestamp="2019-07-02T23:04:56.943">
  <trace-info objectcount="70133" scancount="62558" scanbytes="2374996" />
  <finalization candidates="124" enqueued="0" />
  <ownableSynchronizers candidates="3" cleared="0" />
  <references type="soft" candidates="84" cleared="0" enqueued="0" dynamicThreshold="20" maxThreshold="32" />
  <references type="weak" candidates="774" cleared="0" enqueued="0" />
  <references type="phantom" candidates="63" cleared="0" enqueued="0" />
  <stringconstants candidates="4574" cleared="0"  />
</gc-op>
<gc-op id="7409" type="sweep" timems="0.721" contextid="7405" timestamp="2019-07-02T23:04:56.944" />
<heap-resize id="7410" type="contract" space="tenure" amount="131072" count="1" timems="0.045" reason="excess free space following gc" timestamp="2019-07-02T23:04:56.944" />
<gc-end id="7411" type="global" contextid="7405" durationms="3.092" usertimems="8.000" systemtimems="0.000" timestamp="2019-07-02T23:04:56.944" activeThreads="4">
  <mem-info id="7412" free="9635408" total="15663104" percent="61">
    <mem type="tenure" free="9635408" total="15663104" percent="61" micro-fragmented="9997" macro-fragmented="0">
      <mem type="soa" free="9635408" total="15507456" percent="62" />
      <mem type="loa" free="0" total="155648" percent="0" />
    </mem>
  </mem-info>
</gc-end>
<cycle-end id="7413" type="global" contextid="7405" timestamp="2019-07-02T23:04:56.944">
  <attribute name="GC Util" value="244" />
  <attribute name="CPU Util" value="9002267135227" />
  <attribute name="Time Running"value="7578"/>
  <attribute name="Number of cores"value="4"/>
</cycle-end>
<allocation-satisfied id="7414" threadId="0000000001129500" bytesRequested="24" />
<af-end id="7415" timestamp="2019-07-02T23:04:56.944" threadId="0000000001129E88" success="true" />
<exclusive-end id="7416" timestamp="2019-07-02T23:04:56.944" durationms="3.655" />

<exclusive-start id="7417" timestamp="2019-07-02T23:04:56.947" intervalms="6.982">
  <response-info timems="0.023" idlems="0.023" threads="0" lastid="000000000112D100" lastname="Thread-8" />
</exclusive-start>
<af-start id="7418" threadId="000000000112DA88" totalBytesRequested="24" timestamp="2019-07-02T23:04:56.947" intervalms="6.945" />
<cycle-start id="7419" type="global" contextid="0" timestamp="2019-07-02T23:04:56.948" intervalms="6.952" />
  <attribute name="GC Util" value="244" />
  <attribute name="CPU Util" value="9002267135227" />
  <attribute name="Time Running"value="7578"/>
  <attribute name="Number of cores"value="4"/>
<gc-start id="7420" type="global" contextid="7419" timestamp="2019-07-02T23:04:56.948">
  <mem-info id="7421" free="0" total="15663104" percent="0">
    <mem type="tenure" free="0" total="15663104" percent="0">
      <mem type="soa" free="0" total="15507456" percent="0" />
      <mem type="loa" free="0" total="155648" percent="0" />
    </mem>
  </mem-info>
</gc-start>
<allocation-stats totalBytes="9632264" >
  <allocated-bytes non-tlh="0" tlh="9632264" />
  <largest-consumer threadName="Thread-9" threadId="0000000001130D00" bytes="3098136" />
</allocation-stats>
<gc-op id="7422" type="mark" timems="2.238" contextid="7419" timestamp="2019-07-02T23:04:56.950">
  <trace-info objectcount="70675" scancount="63112" scanbytes="2387580" />
  <finalization candidates="124" enqueued="0" />
  <ownableSynchronizers candidates="3" cleared="0" />
  <references type="soft" candidates="84" cleared="0" enqueued="0" dynamicThreshold="19" maxThreshold="32" />
  <references type="weak" candidates="774" cleared="0" enqueued="0" />
  <references type="phantom" candidates="63" cleared="0" enqueued="0" />
  <stringconstants candidates="4574" cleared="0"  />
</gc-op>
<gc-op id="7423" type="sweep" timems="0.769" contextid="7419" timestamp="2019-07-02T23:04:56.951" />
<gc-end id="7424" type="global" contextid="7419" durationms="3.262" usertimems="4.000" systemtimems="4.000" timestamp="2019-07-02T23:04:56.951" activeThreads="4">
  <mem-info id="7425" free="9597392" total="15663104" percent="61">
    <mem type="tenure" free="9597392" total="15663104" percent="61" micro-fragmented="24366" macro-fragmented="0">
      <mem type="soa" free="9597392" total="15507456" percent="61" />
      <mem type="loa" free="0" total="155648" percent="0" />
    </mem>
  </mem-info>
</gc-end>
<cycle-end id="7426" type="global" contextid="7419" timestamp="2019-07-02T23:04:56.951">
  <attribute name="GC Util" value="260" />
  <attribute name="CPU Util" value="8002786778045" />
  <attribute name="Time Running"value="7585"/>
  <attribute name="Number of cores"value="4"/>
</cycle-end>
<allocation-satisfied id="7427" threadId="000000000112D100" bytesRequested="24" />
<af-end id="7428" timestamp="2019-07-02T23:04:56.951" threadId="000000000112DA88" success="true" />
<exclusive-end id="7429" timestamp="2019-07-02T23:04:56.951" durationms="3.700" />

<exclusive-start id="7430" timestamp="2019-07-02T23:04:56.954" intervalms="7.033">
  <response-info timems="0.022" idlems="0.022" threads="0" lastid="000000000112D100" lastname="Thread-8" />
</exclusive-start>
<af-start id="7431" threadId="000000000112DA88" totalBytesRequested="40" timestamp="2019-07-02T23:04:56.954" intervalms="7.031" />
<cycle-start id="7432" type="global" contextid="0" timestamp="2019-07-02T23:04:56.955" intervalms="7.020" />
  <attribute name="GC Util" value="260" />
  <attribute name="CPU Util" value="8002786778045" />
  <attribute name="Time Running"value="7585"/>
  <attribute name="Number of cores"value="4"/>
<gc-start id="7433" type="global" contextid="7432" timestamp="2019-07-02T23:04:56.955">
  <mem-info id="7434" free="0" total="15663104" percent="0">
    <mem type="tenure" free="0" total="15663104" percent="0">
      <mem type="soa" free="0" total="15507456" percent="0" />
      <mem type="loa" free="0" total="155648" percent="0" />
    </mem>
  </mem-info>
</gc-start>
<allocation-stats totalBytes="9588968" >
  <allocated-bytes non-tlh="0" tlh="9588968" />
  <largest-consumer threadName="Thread-9" threadId="0000000001130D00" bytes="3077864" />
</allocation-stats>
<gc-op id="7435" type="mark" timems="2.475" contextid="7432" timestamp="2019-07-02T23:04:56.957">
  <trace-info objectcount="71486" scancount="63913" scanbytes="2407308" />
  <finalization candidates="124" enqueued="0" />
  <ownableSynchronizers candidates="3" cleared="0" />
  <references type="soft" candidates="84" cleared="0" enqueued="0" dynamicThreshold="19" maxThreshold="32" />
  <references type="weak" candidates="774" cleared="0" enqueued="0" />
  <references type="phantom" candidates="63" cleared="0" enqueued="0" />
  <stringconstants candidates="4574" cleared="0"  />
</gc-op>
<gc-op id="7436" type="sweep" timems="0.774" contextid="7432" timestamp="2019-07-02T23:04:56.958" />
<gc-end id="7437" type="global" contextid="7432" durationms="3.553" usertimems="4.000" systemtimems="4.000" timestamp="2019-07-02T23:04:56.958" activeThreads="4">
  <mem-info id="7438" free="9540680" total="15663104" percent="60">
    <mem type="tenure" free="9540680" total="15663104" percent="60" micro-fragmented="31852" macro-fragmented="0">
      <mem type="soa" free="9540680" total="15507456" percent="61" />
      <mem type="loa" free="0" total="155648" percent="0" />
    </mem>
  </mem-info>
</gc-end>
<cycle-end id="7439" type="global" contextid="7432" timestamp="2019-07-02T23:04:56.958">
  <attribute name="GC Util" value="255" />
  <attribute name="CPU Util" value="7227013993501" />
  <attribute name="Time Running"value="7593"/>
  <attribute name="Number of cores"value="4"/>
</cycle-end>
<allocation-satisfied id="7440" threadId="000000000112D100" bytesRequested="40" />
<af-end id="7441" timestamp="2019-07-02T23:04:56.958" threadId="000000000112DA88" success="true" />
<exclusive-end id="7442" timestamp="2019-07-02T23:04:56.958" durationms="4.056" />

<exclusive-start id="7443" timestamp="2019-07-02T23:04:56.962" intervalms="7.264">
  <response-info timems="0.021" idlems="0.021" threads="0" lastid="0000000001134900" lastname="Thread-7" />
</exclusive-start>
<af-start id="7444" threadId="0000000001135288" totalBytesRequested="40" timestamp="2019-07-02T23:04:56.962" intervalms="7.255" />
<cycle-start id="7445" type="global" contextid="0" timestamp="2019-07-02T23:04:56.962" intervalms="7.242" />
  <attribute name="GC Util" value="255" />
  <attribute name="CPU Util" value="7227013993501" />
  <attribute name="Time Running"value="7593"/>
  <attribute name="Number of cores"value="4"/>
<gc-start id="7446" type="global" contextid="7445" timestamp="2019-07-02T23:04:56.962">
  <mem-info id="7447" free="0" total="15663104" percent="0">
    <mem type="tenure" free="0" total="15663104" percent="0">
      <mem type="soa" free="0" total="15507456" percent="0" />
      <mem type="loa" free="0" total="155648" percent="0" />
    </mem>
  </mem-info>
</gc-start>
<allocation-stats totalBytes="9529064" >
  <allocated-bytes non-tlh="0" tlh="9529064" />
  <largest-consumer threadName="Thread-9" threadId="0000000001130D00" bytes="2947640" />
</allocation-stats>
<gc-op id="7448" type="mark" timems="2.226" contextid="7445" timestamp="2019-07-02T23:04:56.964">
  <trace-info objectcount="72203" scancount="64649" scanbytes="2424604" />
  <finalization candidates="124" enqueued="0" />
  <ownableSynchronizers candidates="3" cleared="0" />
  <references type="soft" candidates="84" cleared="0" enqueued="0" dynamicThreshold="19" maxThreshold="32" />
  <references type="weak" candidates="774" cleared="0" enqueued="0" />
  <references type="phantom" candidates="63" cleared="0" enqueued="0" />
  <stringconstants candidates="4574" cleared="0"  />
</gc-op>
<gc-op id="7449" type="sweep" timems="0.832" contextid="7445" timestamp="2019-07-02T23:04:56.965" />
<gc-end id="7450" type="global" contextid="7445" durationms="3.255" usertimems="8.000" systemtimems="0.000" timestamp="2019-07-02T23:04:56.965" activeThreads="4">
  <mem-info id="7451" free="9481200" total="15663104" percent="60">
    <mem type="tenure" free="9481200" total="15663104" percent="60" micro-fragmented="12095" macro-fragmented="0">
      <mem type="soa" free="9481200" total="15507456" percent="61" />
      <mem type="loa" free="0" total="155648" percent="0" />
    </mem>
  </mem-info>
</gc-end>
<cycle-end id="7452" type="global" contextid="7445" timestamp="2019-07-02T23:04:56.965">
  <attribute name="GC Util" value="263" />
  <attribute name="CPU Util" value="8120881010601" />
  <attribute name="Time Running"value="7599"/>
  <attribute name="Number of cores"value="4"/>
</cycle-end>
<allocation-satisfied id="7453" threadId="0000000001134900" bytesRequested="40" />
<af-end id="7454" timestamp="2019-07-02T23:04:56.965" threadId="0000000001135288" success="true" />
<exclusive-end id="7455" timestamp="2019-07-02T23:04:56.965" durationms="3.652" />

<exclusive-start id="7456" timestamp="2019-07-02T23:04:56.969" intervalms="6.930">
  <response-info timems="0.022" idlems="0.022" threads="0" lastid="0000000001129500" lastname="Thread-10" />
</exclusive-start>
<af-start id="7457" threadId="0000000001129E88" totalBytesRequested="24" timestamp="2019-07-02T23:04:56.969" intervalms="6.941" />
<cycle-start id="7458" type="global" contextid="0" timestamp="2019-07-02T23:04:56.969" intervalms="6.953" />
  <attribute name="GC Util" value="263" />
  <attribute name="CPU Util" value="8120881010601" />
  <attribute name="Time Running"value="7599"/>
  <attribute name="Number of cores"value="4"/>
<gc-start id="7459" type="global" contextid="7458" timestamp="2019-07-02T23:04:56.969">
  <mem-info id="7460" free="0" total="15663104" percent="0">
    <mem type="tenure" free="0" total="15663104" percent="0">
      <mem type="soa" free="0" total="15507456" percent="0" />
      <mem type="loa" free="0" total="155648" percent="0" />
    </mem>
  </mem-info>
</gc-start>
<allocation-stats totalBytes="9464128" >
  <allocated-bytes non-tlh="0" tlh="9464128" />
  <largest-consumer threadName="Thread-9" threadId="0000000001130D00" bytes="2979264" />
</allocation-stats>
<gc-op id="7461" type="mark" timems="2.114" contextid="7458" timestamp="2019-07-02T23:04:56.971">
  <trace-info objectcount="72962" scancount="65390" scanbytes="2442916" />
  <finalization candidates="124" enqueued="0" />
  <ownableSynchronizers candidates="3" cleared="0" />
  <references type="soft" candidates="84" cleared="0" enqueued="0" dynamicThreshold="19" maxThreshold="32" />
  <references type="weak" candidates="774" cleared="0" enqueued="0" />
  <references type="phantom" candidates="63" cleared="0" enqueued="0" />
  <stringconstants candidates="4574" cleared="0"  />
</gc-op>
<gc-op id="7462" type="sweep" timems="0.664" contextid="7458" timestamp="2019-07-02T23:04:56.972" />
<gc-end id="7463" type="global" contextid="7458" durationms="3.023" usertimems="0.000" systemtimems="8.000" timestamp="2019-07-02T23:04:56.972" activeThreads="4">
  <mem-info id="7464" free="9405128" total="15663104" percent="60">
    <mem type="tenure" free="9405128" total="15663104" percent="60" micro-fragmented="29509" macro-fragmented="0">
      <mem type="soa" free="9405128" total="15507456" percent="60" />
      <mem type="loa" free="0" total="155648" percent="0" />
    </mem>
  </mem-info>
</gc-end>
<cycle-end id="7465" type="global" contextid="7458" timestamp="2019-07-02T23:04:56.972">
  <attribute name="GC Util" value="257" />
  <attribute name="CPU Util" value="8464204608563" />
  <attribute name="Time Running"value="7606"/>
  <attribute name="Number of cores"value="4"/>
</cycle-end>
<allocation-satisfied id="7466" threadId="0000000001129500" bytesRequested="24" />
<af-end id="7467" timestamp="2019-07-02T23:04:56.972" threadId="0000000001129E88" success="true" />
<exclusive-end id="7468" timestamp="2019-07-02T23:04:56.972" durationms="3.587" />

<exclusive-start id="7469" timestamp="2019-07-02T23:04:56.976" intervalms="6.927">
  <response-info timems="0.022" idlems="0.021" threads="1" lastid="0000000001134900" lastname="Thread-7" />
</exclusive-start>
<af-start id="7470" threadId="0000000001129E88" totalBytesRequested="40" timestamp="2019-07-02T23:04:56.976" intervalms="6.923" />
<cycle-start id="7471" type="global" contextid="0" timestamp="2019-07-02T23:04:56.976" intervalms="6.919" />
  <attribute name="GC Util" value="257" />
  <attribute name="CPU Util" value="8464204608563" />
  <attribute name="Time Running"value="7606"/>
  <attribute name="Number of cores"value="4"/>
<gc-start id="7472" type="global" contextid="7471" timestamp="2019-07-02T23:04:56.976">
  <mem-info id="7473" free="0" total="15663104" percent="0">
    <mem type="tenure" free="0" total="15663104" percent="0">
      <mem type="soa" free="0" total="15507456" percent="0" />
      <mem type="loa" free="0" total="155648" percent="0" />
    </mem>
  </mem-info>
</gc-start>
<allocation-stats totalBytes="9385056" >
  <allocated-bytes non-tlh="0" tlh="9385056" />
  <largest-consumer threadName="Thread-9" threadId="0000000001130D00" bytes="2926368" />
</allocation-stats>
<gc-op id="7474" type="mark" timems="2.030" contextid="7471" timestamp="2019-07-02T23:04:56.978">
  <trace-info objectcount="73538" scancount="65963" scanbytes="2456788" />
  <finalization candidates="124" enqueued="0" />
  <ownableSynchronizers candidates="3" cleared="0" />
  <references type="soft" candidates="84" cleared="0" enqueued="0" dynamicThreshold="19" maxThreshold="32" />
  <references type="weak" candidates="774" cleared="0" enqueued="0" />
  <references type="phantom" candidates="63" cleared="0" enqueued="0" />
  <stringconstants candidates="4574" cleared="0"  />
</gc-op>
<gc-op id="7475" type="sweep" timems="0.827" contextid="7471" timestamp="2019-07-02T23:04:56.979" />
<heap-resize id="7476" type="expand" space="tenure" amount="1048576" count="1" timems="0.050" reason="excessive time being spent in gc" timestamp="2019-07-02T23:04:56.979" />
<gc-end id="7477" type="global" contextid="7471" durationms="3.213" usertimems="8.000" systemtimems="0.000" timestamp="2019-07-02T23:04:56.979" activeThreads="4">
  <mem-info id="7478" free="10380976" total="16711680" percent="62">
    <mem type="tenure" free="10380976" total="16711680" percent="62" micro-fragmented="90949" macro-fragmented="0">
      <mem type="soa" free="10214064" total="16544768" percent="61" />
      <mem type="loa" free="166912" total="166912" percent="100" />
    </mem>
  </mem-info>
</gc-end>
<cycle-end id="7479" type="global" contextid="7471" timestamp="2019-07-02T23:04:56.979">
  <attribute name="GC Util" value="252" />
  <attribute name="CPU Util" value="8801271630249" />
  <attribute name="Time Running"value="7613"/>
  <attribute name="Number of cores"value="4"/>
</cycle-end>
<allocation-satisfied id="7480" threadId="0000000001129500" bytesRequested="40" />
<af-end id="7481" timestamp="2019-07-02T23:04:56.979" threadId="0000000001129E88" success="true" />
<exclusive-end id="7482" timestamp="2019-07-02T23:04:56.979" durationms="3.877" />

<exclusive-start id="7483" timestamp="2019-07-02T23:04:56.983" intervalms="7.104">
  <response-info timems="0.037" idlems="0.037" threads="0" lastid="000000000112D100" lastname="Thread-8" />
</exclusive-start>
<af-start id="7484" threadId="000000000112DA88" totalBytesRequested="136" timestamp="2019-07-02T23:04:56.983" intervalms="7.112" />
<cycle-start id="7485" type="global" contextid="0" timestamp="2019-07-02T23:04:56.983" intervalms="7.122" />
  <attribute name="GC Util" value="252" />
  <attribute name="CPU Util" value="8801271630249" />
  <attribute name="Time Running"value="7613"/>
  <attribute name="Number of cores"value="4"/>
<gc-start id="7486" type="global" contextid="7485" timestamp="2019-07-02T23:04:56.983">
  <mem-info id="7487" free="166912" total="16711680" percent="0">
    <mem type="tenure" free="166912" total="16711680" percent="0">
      <mem type="soa" free="0" total="16544768" percent="0" />
      <mem type="loa" free="166912" total="166912" percent="100" />
    </mem>
  </mem-info>
</gc-start>
<allocation-stats totalBytes="10188352" >
  <allocated-bytes non-tlh="23160" tlh="10165192" />
  <largest-consumer threadName="Thread-9" threadId="0000000001130D00" bytes="2804872" />
</allocation-stats>
<gc-op id="7488" type="mark" timems="2.136" contextid="7485" timestamp="2019-07-02T23:04:56.985">
  <trace-info objectcount="69584" scancount="62009" scanbytes="2361620" />
  <finalization candidates="124" enqueued="0" />
  <ownableSynchronizers candidates="3" cleared="0" />
  <references type="soft" candidates="84" cleared="0" enqueued="0" dynamicThreshold="19" maxThreshold="32" />
  <references type="weak" candidates="774" cleared="0" enqueued="0" />
  <references type="phantom" candidates="63" cleared="0" enqueued="0" />
  <stringconstants candidates="4574" cleared="0"  />
</gc-op>
<gc-op id="7489" type="sweep" timems="0.885" contextid="7485" timestamp="2019-07-02T23:04:56.986" />
<gc-end id="7490" type="global" contextid="7485" durationms="3.290" usertimems="8.000" systemtimems="0.000" timestamp="2019-07-02T23:04:56.986" activeThreads="4">
  <mem-info id="7491" free="10568440" total="16711680" percent="63">
    <mem type="tenure" free="10568440" total="16711680" percent="63" micro-fragmented="92139" macro-fragmented="0">
      <mem type="soa" free="10401528" total="16544768" percent="62" />
      <mem type="loa" free="166912" total="166912" percent="100" />
    </mem>
  </mem-info>
</gc-end>
<cycle-end id="7492" type="global" contextid="7485" timestamp="2019-07-02T23:04:56.986">
  <attribute name="GC Util" value="253" />
  <attribute name="CPU Util" value="8334490110681" />
  <attribute name="Time Running"value="7620"/>
  <attribute name="Number of cores"value="4"/>
</cycle-end>
<allocation-satisfied id="7493" threadId="000000000112D100" bytesRequested="136" />
<af-end id="7494" timestamp="2019-07-02T23:04:56.986" threadId="000000000112DA88" success="true" />
<exclusive-end id="7495" timestamp="2019-07-02T23:04:56.986" durationms="3.729" />

<exclusive-start id="7496" timestamp="2019-07-02T23:04:56.990" intervalms="7.033">
  <response-info timems="0.023" idlems="0.023" threads="0" lastid="0000000001129500" lastname="Thread-10" />
</exclusive-start>
<af-start id="7497" threadId="0000000001129E88" totalBytesRequested="40" timestamp="2019-07-02T23:04:56.990" intervalms="7.032" />
<cycle-start id="7498" type="global" contextid="0" timestamp="2019-07-02T23:04:56.990" intervalms="7.024" />
  <attribute name="GC Util" value="253" />
  <attribute name="CPU Util" value="8334490110681" />
  <attribute name="Time Running"value="7620"/>
  <attribute name="Number of cores"value="4"/>
<gc-start id="7499" type="global" contextid="7498" timestamp="2019-07-02T23:04:56.990">
  <mem-info id="7500" free="166912" total="16711680" percent="0">
    <mem type="tenure" free="166912" total="16711680" percent="0">
      <mem type="soa" free="0" total="16544768" percent="0" />
      <mem type="loa" free="166912" total="166912" percent="100" />
    </mem>
  </mem-info>
</gc-start>
<allocation-stats totalBytes="10444640" >
  <allocated-bytes non-tlh="0" tlh="10444640" />
  <largest-consumer threadName="Thread-9" threadId="0000000001130D00" bytes="2999544" />
</allocation-stats>
<gc-op id="7501" type="mark" timems="2.318" contextid="7498" timestamp="2019-07-02T23:04:56.992">
  <trace-info objectcount="70262" scancount="62699" scanbytes="2377956" />
  <finalization candidates="124" enqueued="0" />
  <ownableSynchronizers candidates="3" cleared="0" />
  <references type="soft" candidates="84" cleared="0" enqueued="0" dynamicThreshold="20" maxThreshold="32" />
  <references type="weak" candidates="774" cleared="0" enqueued="0" />
  <references type="phantom" candidates="63" cleared="0" enqueued="0" />
  <stringconstants candidates="4574" cleared="0"  />
</gc-op>
<gc-op id="7502" type="sweep" timems="0.887" contextid="7498" timestamp="2019-07-02T23:04:56.993" />
<gc-end id="7503" type="global" contextid="7498" durationms="3.452" usertimems="8.000" systemtimems="0.000" timestamp="2019-07-02T23:04:56.993" activeThreads="4">
  <mem-info id="7504" free="10540104" total="16711680" percent="63">
    <mem type="tenure" free="10540104" total="16711680" percent="63" micro-fragmented="84257" macro-fragmented="0">
      <mem type="soa" free="10373192" total="16544768" percent="62" />
      <mem type="loa" free="166912" total="166912" percent="100" />
    </mem>
  </mem-info>
</gc-end>
<cycle-end id="7505" type="global" contextid="7498" timestamp="2019-07-02T23:04:56.993">
  <attribute name="GC Util" value="254" />
  <attribute name="CPU Util" value="7744377672493" />
  <attribute name="Time Running"value="7628"/>
  <attribute name="Number of cores"value="4"/>
</cycle-end>
<allocation-satisfied id="7506" threadId="0000000001129500" bytesRequested="40" />
<af-end id="7507" timestamp="2019-07-02T23:04:56.994" threadId="0000000001129E88" success="true" />
<exclusive-end id="7508" timestamp="2019-07-02T23:04:56.994" durationms="3.890" />

<exclusive-start id="7509" timestamp="2019-07-02T23:04:56.997" intervalms="7.181">
  <response-info timems="0.023" idlems="0.023" threads="0" lastid="000000000112D100" lastname="Thread-8" />
</exclusive-start>
<af-start id="7510" threadId="000000000112DA88" totalBytesRequested="40" timestamp="2019-07-02T23:04:56.997" intervalms="7.174" />
<cycle-start id="7511" type="global" contextid="0" timestamp="2019-07-02T23:04:56.997" intervalms="7.179" />
  <attribute name="GC Util" value="254" />
  <attribute name="CPU Util" value="7744377672493" />
  <attribute name="Time Running"value="7628"/>
  <attribute name="Number of cores"value="4"/>
<gc-start id="7512" type="global" contextid="7511" timestamp="2019-07-02T23:04:56.997">
  <mem-info id="7513" free="166912" total="16711680" percent="0">
    <mem type="tenure" free="166912" total="16711680" percent="0">
      <mem type="soa" free="0" total="16544768" percent="0" />
      <mem type="loa" free="166912" total="166912" percent="100" />
    </mem>
  </mem-info>
</gc-start>
<allocation-stats totalBytes="10371936" >
  <allocated-bytes non-tlh="0" tlh="10371936" />
  <largest-consumer threadName="Thread-9" threadId="0000000001130D00" bytes="2984784" />
</allocation-stats>
<gc-op id="7514" type="mark" timems="1.935" contextid="7511" timestamp="2019-07-02T23:04:56.999">
  <trace-info objectcount="71026" scancount="63457" scanbytes="2396364" />
  <finalization candidates="124" enqueued="0" />
  <ownableSynchronizers candidates="3" cleared="0" />
  <references type="soft" candidates="84" cleared="0" enqueued="0" dynamicThreshold="20" maxThreshold="32" />
  <references type="weak" candidates="774" cleared="0" enqueued="0" />
  <references type="phantom" candidates="63" cleared="0" enqueued="0" />
  <stringconstants candidates="4574" cleared="0"  />
</gc-op>
<gc-op id="7515" type="sweep" timems="0.904" contextid="7511" timestamp="2019-07-02T23:04:57.000" />
<heap-resize id="7516" type="contract" space="tenure" amount="131072" count="1" timems="0.059" reason="excess free space following gc" timestamp="2019-07-02T23:04:57.000" />
<gc-end id="7517" type="global" contextid="7511" durationms="3.221" usertimems="8.000" systemtimems="0.000" timestamp="2019-07-02T23:04:57.000" activeThreads="4">
  <mem-info id="7518" free="10237664" total="16580608" percent="61">
    <mem type="tenure" free="10237664" total="16580608" percent="61" micro-fragmented="187253" macro-fragmented="0">
      <mem type="soa" free="10165064" total="16415744" percent="61" />
      <mem type="loa" free="72600" total="164864" percent="44" />
    </mem>
  </mem-info>
</gc-end>
<cycle-end id="7519" type="global" contextid="7511" timestamp="2019-07-02T23:04:57.000">
  <attribute name="GC Util" value="257" />
  <attribute name="CPU Util" value="9199260552787" />
  <attribute name="Time Running"value="7634"/>
  <attribute name="Number of cores"value="4"/>
</cycle-end>
<allocation-satisfied id="7520" threadId="000000000112D100" bytesRequested="40" />
<af-end id="7521" timestamp="2019-07-02T23:04:57.000" threadId="000000000112DA88" success="true" />
<exclusive-end id="7522" timestamp="2019-07-02T23:04:57.001" durationms="3.672" />

<exclusive-start id="7523" timestamp="2019-07-02T23:04:57.004" intervalms="6.977">
  <response-info timems="0.021" idlems="0.019" threads="1" lastid="0000000001130D00" lastname="Thread-9" />
</exclusive-start>
<af-start id="7524" threadId="000000000112DA88" totalBytesRequested="40" timestamp="2019-07-02T23:04:57.004" intervalms="6.977" />
<cycle-start id="7525" type="global" contextid="0" timestamp="2019-07-02T23:04:57.004" intervalms="6.973" />
  <attribute name="GC Util" value="257" />
  <attribute name="CPU Util" value="9199260552787" />
  <attribute name="Time Running"value="7634"/>
  <attribute name="Number of cores"value="4"/>
<gc-start id="7526" type="global" contextid="7525" timestamp="2019-07-02T23:04:57.004">
  <mem-info id="7527" free="72600" total="16580608" percent="0">
    <mem type="tenure" free="72600" total="16580608" percent="0">
      <mem type="soa" free="0" total="16415744" percent="0" />
      <mem type="loa" free="72600" total="164864" percent="44" />
    </mem>
  </mem-info>
</gc-start>
<allocation-stats totalBytes="10154400" >
  <allocated-bytes non-tlh="0" tlh="10154400" />
  <largest-consumer threadName="Thread-9" threadId="0000000001130D00" bytes="2952064" />
</allocation-stats>
<gc-op id="7528" type="mark" timems="1.568" contextid="7525" timestamp="2019-07-02T23:04:57.006">
  <trace-info objectcount="71799" scancount="64227" scanbytes="2415124" />
  <finalization candidates="124" enqueued="0" />
  <ownableSynchronizers candidates="3" cleared="0" />
  <references type="soft" candidates="84" cleared="0" enqueued="0" dynamicThreshold="19" maxThreshold="32" />
  <references type="weak" candidates="774" cleared="0" enqueued="0" />
  <references type="phantom" candidates="63" cleared="0" enqueued="0" />
  <stringconstants candidates="4574" cleared="0"  />
</gc-op>
<gc-op id="7529" type="sweep" timems="0.432" contextid="7525" timestamp="2019-07-02T23:04:57.006" />
<heap-resize id="7530" type="contract" space="tenure" amount="65536" count="1" timems="0.075" reason="excess free space following gc" timestamp="2019-07-02T23:04:57.006" />
<gc-end id="7531" type="global" contextid="7525" durationms="2.443" usertimems="4.000" systemtimems="0.000" timestamp="2019-07-02T23:04:57.006" activeThreads="4">
  <mem-info id="7532" free="10008056" total="16515072" percent="60">
    <mem type="tenure" free="10008056" total="16515072" percent="60" micro-fragmented="156361" macro-fragmented="0">
      <mem type="soa" free="10008056" total="16350208" percent="61" />
      <mem type="loa" free="0" total="164864" percent="0" />
    </mem>
  </mem-info>
</gc-end>
<cycle-end id="7533" type="global" contextid="7525" timestamp="2019-07-02T23:04:57.007">
  <attribute name="GC Util" value="235" />
  <attribute name="CPU Util" value="11211958390990" />
  <attribute name="Time Running"value="7641"/>
  <attribute name="Number of cores"value="4"/>
</cycle-end>
<allocation-satisfied id="7534" threadId="000000000112D100" bytesRequested="40" />
<af-end id="7535" timestamp="2019-07-02T23:04:57.007" threadId="000000000112DA88" success="true" />
<exclusive-end id="7536" timestamp="2019-07-02T23:04:57.007" durationms="3.015" />

<exclusive-start id="7537" timestamp="2019-07-02T23:04:57.011" intervalms="7.576">
  <response-info timems="0.025" idlems="0.014" threads="1" lastid="000000000112D100" lastname="Thread-8" />
</exclusive-start>
<af-start id="7538" threadId="0000000001131688" totalBytesRequested="40" timestamp="2019-07-02T23:04:57.011" intervalms="7.577" />
<cycle-start id="7539" type="global" contextid="0" timestamp="2019-07-02T23:04:57.012" intervalms="7.574" />
  <attribute name="GC Util" value="235" />
  <attribute name="CPU Util" value="11211958390990" />
  <attribute name="Time Running"value="7641"/>
  <attribute name="Number of cores"value="4"/>
<gc-start id="7540" type="global" contextid="7539" timestamp="2019-07-02T23:04:57.012">
  <mem-info id="7541" free="0" total="16515072" percent="0">
    <mem type="tenure" free="0" total="16515072" percent="0">
      <mem type="soa" free="0" total="16350208" percent="0" />
      <mem type="loa" free="0" total="164864" percent="0" />
    </mem>
  </mem-info>
</gc-start>
<allocation-stats totalBytes="9988072" >
  <allocated-bytes non-tlh="23160" tlh="9964912" />
  <largest-consumer threadName="Thread-10" threadId="0000000001129500" bytes="3300032" />
</allocation-stats>
<gc-op id="7542" type="mark" timems="1.062" contextid="7539" timestamp="2019-07-02T23:04:57.013">
  <trace-info objectcount="67492" scancount="59904" scanbytes="2311596" />
  <finalization candidates="124" enqueued="0" />
  <ownableSynchronizers candidates="3" cleared="0" />
  <references type="soft" candidates="84" cleared="0" enqueued="0" dynamicThreshold="19" maxThreshold="32" />
  <references type="weak" candidates="774" cleared="0" enqueued="0" />
  <references type="phantom" candidates="63" cleared="0" enqueued="0" />
  <stringconstants candidates="4574" cleared="0"  />
</gc-op>
<gc-op id="7543" type="sweep" timems="0.429" contextid="7539" timestamp="2019-07-02T23:04:57.013" />
<mem-info id="7544" free="10187584" total="16515072" percent="61">
  <mem type="tenure" free="10187584" total="16515072" percent="61" micro-fragmented="222906" macro-fragmented="29985">
    <mem type="soa" free="10187584" total="16350208" percent="62" />
    <mem type="loa" free="0" total="164864" percent="0" />
  </mem>
</mem-info>
<gc-op id="7545" type="compact" timems="4.217" contextid="7539" timestamp="2019-07-02T23:04:57.018">
  <compact-info movecount="27753" movebytes="1217296" reason="compact to aid heap contraction" />
</gc-op>
<heap-resize id="7546" type="contract" space="tenure" amount="131072" count="1" timems="0.082" reason="excess free space following gc" timestamp="2019-07-02T23:04:57.018" />
<gc-end id="7547" type="global" contextid="7539" durationms="6.434" usertimems="8.000" systemtimems="4.000" timestamp="2019-07-02T23:04:57.018" activeThreads="4">
  <mem-info id="7548" free="10503704" total="16384000" percent="64">
    <mem type="tenure" free="10503704" total="16384000" percent="64">
      <mem type="soa" free="10373656" total="16220160" percent="63" />
      <mem type="loa" free="130048" total="163840" percent="79" />
    </mem>
  </mem-info>
</gc-end>
<cycle-end id="7549" type="global" contextid="7539" timestamp="2019-07-02T23:04:57.018">
  <attribute name="GC Util" value="17" />
  <attribute name="CPU Util" value="29699353467669" />
  <attribute name="Time Running"value="7649"/>
  <attribute name="Number of cores"value="4"/>
</cycle-end>
<allocation-satisfied id="7550" threadId="0000000001130D00" bytesRequested="40" />
<af-end id="7551" timestamp="2019-07-02T23:04:57.018" threadId="0000000001131688" success="true" />
<exclusive-end id="7552" timestamp="2019-07-02T23:04:57.018" durationms="7.059" />

<exclusive-start id="7553" timestamp="2019-07-02T23:04:57.023" intervalms="11.980">
  <response-info timems="0.130" idlems="0.130" threads="0" lastid="0000000001129500" lastname="Thread-10" />
</exclusive-start>
<af-start id="7554" threadId="0000000001129E88" totalBytesRequested="24" timestamp="2019-07-02T23:04:57.023" intervalms="11.990" />
<cycle-start id="7555" type="global" contextid="0" timestamp="2019-07-02T23:04:57.024" intervalms="11.993" />
  <attribute name="GC Util" value="17" />
  <attribute name="CPU Util" value="29699353467669" />
  <attribute name="Time Running"value="7649"/>
  <attribute name="Number of cores"value="4"/>
<gc-start id="7556" type="global" contextid="7555" timestamp="2019-07-02T23:04:57.024">
  <mem-info id="7557" free="130048" total="16384000" percent="0">
    <mem type="tenure" free="130048" total="16384000" percent="0">
      <mem type="soa" free="0" total="16220160" percent="0" />
      <mem type="loa" free="130048" total="163840" percent="79" />
    </mem>
  </mem-info>
</gc-start>
<allocation-stats totalBytes="10438904" >
  <allocated-bytes non-tlh="0" tlh="10438904" />
  <largest-consumer threadName="Thread-8" threadId="000000000112D100" bytes="3637120" />
</allocation-stats>
<gc-op id="7558" type="mark" timems="2.212" contextid="7555" timestamp="2019-07-02T23:04:57.026">
  <trace-info objectcount="67958" scancount="60380" scanbytes="2322708" />
  <finalization candidates="124" enqueued="0" />
  <ownableSynchronizers candidates="3" cleared="0" />
  <references type="soft" candidates="84" cleared="0" enqueued="0" dynamicThreshold="20" maxThreshold="32" />
  <references type="weak" candidates="774" cleared="0" enqueued="0" />
  <references type="phantom" candidates="63" cleared="0" enqueued="0" />
  <stringconstants candidates="4574" cleared="0"  />
</gc-op>
<gc-op id="7559" type="sweep" timems="0.687" contextid="7555" timestamp="2019-07-02T23:04:57.027" />
<heap-resize id="7560" type="contract" space="tenure" amount="131072" count="1" timems="0.039" reason="excess free space following gc" timestamp="2019-07-02T23:04:57.027" />
<gc-end id="7561" type="global" contextid="7555" durationms="3.385" usertimems="8.000" systemtimems="0.000" timestamp="2019-07-02T23:04:57.027" activeThreads="4">
  <mem-info id="7562" free="10272520" total="16252928" percent="63">
    <mem type="tenure" free="10272520" total="16252928" percent="63" micro-fragmented="41378" macro-fragmented="0">
      <mem type="soa" free="10272520" total="16091136" percent="63" />
      <mem type="loa" free="0" total="161792" percent="0" />
    </mem>
  </mem-info>
</gc-end>
<cycle-end id="7563" type="global" contextid="7555" timestamp="2019-07-02T23:04:57.027">
  <attribute name="GC Util" value="260" />
  <attribute name="CPU Util" value="8107706770132" />
  <attribute name="Time Running"value="7661"/>
  <attribute name="Number of cores"value="4"/>
</cycle-end>
<allocation-satisfied id="7564" threadId="0000000001129500" bytesRequested="24" />
<af-end id="7565" timestamp="2019-07-02T23:04:57.027" threadId="0000000001129E88" success="true" />
<exclusive-end id="7566" timestamp="2019-07-02T23:04:57.027" durationms="4.020" />

<exclusive-start id="7567" timestamp="2019-07-02T23:04:57.032" intervalms="8.220">
  <response-info timems="0.019" idlems="0.019" threads="0" lastid="0000000001129500" lastname="Thread-10" />
</exclusive-start>
<af-start id="7568" threadId="0000000001129E88" totalBytesRequested="40" timestamp="2019-07-02T23:04:57.032" intervalms="8.209" />
<cycle-start id="7569" type="global" contextid="0" timestamp="2019-07-02T23:04:57.032" intervalms="8.243" />
  <attribute name="GC Util" value="260" />
  <attribute name="CPU Util" value="8107706770132" />
  <attribute name="Time Running"value="7661"/>
  <attribute name="Number of cores"value="4"/>
<gc-start id="7570" type="global" contextid="7569" timestamp="2019-07-02T23:04:57.032">
  <mem-info id="7571" free="0" total="16252928" percent="0">
    <mem type="tenure" free="0" total="16252928" percent="0">
      <mem type="soa" free="0" total="16091136" percent="0" />
      <mem type="loa" free="0" total="161792" percent="0" />
    </mem>
  </mem-info>
</gc-start>
<allocation-stats totalBytes="10270608" >
  <allocated-bytes non-tlh="0" tlh="10270608" />
  <largest-consumer threadName="Thread-10" threadId="0000000001129500" bytes="3230232" />
</allocation-stats>
<gc-op id="7572" type="mark" timems="2.097" contextid="7569" timestamp="2019-07-02T23:04:57.034">
  <trace-info objectcount="68713" scancount="61126" scanbytes="2341332" />
  <finalization candidates="124" enqueued="0" />
  <ownableSynchronizers candidates="3" cleared="0" />
  <references type="soft" candidates="84" cleared="0" enqueued="0" dynamicThreshold="20" maxThreshold="32" />
  <references type="weak" candidates="774" cleared="0" enqueued="0" />
  <references type="phantom" candidates="63" cleared="0" enqueued="0" />
  <stringconstants candidates="4574" cleared="0"  />
</gc-op>
<gc-op id="7573" type="sweep" timems="0.722" contextid="7569" timestamp="2019-07-02T23:04:57.035" />
<heap-resize id="7574" type="contract" space="tenure" amount="65536" count="1" timems="0.040" reason="excess free space following gc" timestamp="2019-07-02T23:04:57.035" />
<gc-end id="7575" type="global" contextid="7569" durationms="3.287" usertimems="4.000" systemtimems="0.000" timestamp="2019-07-02T23:04:57.035" activeThreads="4">
  <mem-info id="7576" free="10163272" total="16187392" percent="62">
    <mem type="tenure" free="10163272" total="16187392" percent="62" micro-fragmented="33139" macro-fragmented="71589">
      <mem type="soa" free="10163272" total="16025600" percent="63" />
      <mem type="loa" free="0" total="161792" percent="0" />
    </mem>
  </mem-info>
</gc-end>
<cycle-end id="7577" type="global" contextid="7569" timestamp="2019-07-02T23:04:57.035">
  <attribute name="GC Util" value="250" />
  <attribute name="CPU Util" value="8515165499148" />
  <attribute name="Time Running"value="7669"/>
  <attribute name="Number of cores"value="4"/>
</cycle-end>
<allocation-satisfied id="7578" threadId="0000000001129500" bytesRequested="40" />
<af-end id="7579" timestamp="2019-07-02T23:04:57.035" threadId="0000000001129E88" success="true" />
<exclusive-end id="7580" timestamp="2019-07-02T23:04:57.036" durationms="3.940" />

<exclusive-start id="7581" timestamp="2019-07-02T23:04:57.040" intervalms="8.660">
  <response-info timems="0.028" idlems="0.016" threads="1" lastid="000000000112D100" lastname="Thread-8" />
</exclusive-start>
<af-start id="7582" threadId="0000000001131688" totalBytesRequested="40" timestamp="2019-07-02T23:04:57.040" intervalms="8.731" />
<cycle-start id="7583" type="global" contextid="0" timestamp="2019-07-02T23:04:57.199" intervalms="167.502" />
  <attribute name="GC Util" value="250" />
  <attribute name="CPU Util" value="8515165499148" />
  <attribute name="Time Running"value="7669"/>
  <attribute name="Number of cores"value="4"/>
<gc-start id="7584" type="global" contextid="7583" timestamp="2019-07-02T23:04:57.200">
  <mem-info id="7585" free="0" total="16187392" percent="0">
    <mem type="tenure" free="0" total="16187392" percent="0">
      <mem type="soa" free="0" total="16025600" percent="0" />
      <mem type="loa" free="0" total="161792" percent="0" />
    </mem>
  </mem-info>
</gc-start>
<allocation-stats totalBytes="10156984" >
  <allocated-bytes non-tlh="0" tlh="10156984" />
  <largest-consumer threadName="Thread-9" threadId="0000000001130D00" bytes="3143080" />
</allocation-stats>
<gc-op id="7586" type="mark" timems="5.491" contextid="7583" timestamp="2019-07-02T23:04:57.206">
  <trace-info objectcount="69158" scancount="61581" scanbytes="2351884" />
  <finalization candidates="124" enqueued="0" />
  <ownableSynchronizers candidates="3" cleared="0" />
  <references type="soft" candidates="84" cleared="0" enqueued="0" dynamicThreshold="20" maxThreshold="32" />
  <references type="weak" candidates="774" cleared="0" enqueued="0" />
  <references type="phantom" candidates="63" cleared="0" enqueued="0" />
  <stringconstants candidates="4574" cleared="0"  />
</gc-op>
<gc-op id="7587" type="sweep" timems="1.528" contextid="7583" timestamp="2019-07-02T23:04:57.208" />
<mem-info id="7588" free="10115928" total="16187392" percent="62">
  <mem type="tenure" free="10115928" total="16187392" percent="62" micro-fragmented="32191" macro-fragmented="0">
    <mem type="soa" free="10115928" total="16025600" percent="63" />
    <mem type="loa" free="0" total="161792" percent="0" />
  </mem>
</mem-info>
<gc-op id="7589" type="compact" timems="13.553" contextid="7583" timestamp="2019-07-02T23:04:57.223">
  <compact-info movecount="9848" movebytes="375752" reason="compact to aid heap contraction" />
</gc-op>
<heap-resize id="7590" type="contract" space="tenure" amount="131072" count="1" timems="0.202" reason="excess free space following gc" timestamp="2019-07-02T23:04:57.223" />
<gc-end id="7591" type="global" contextid="7583" durationms="23.892" usertimems="32.000" systemtimems="0.000" timestamp="2019-07-02T23:04:57.224" activeThreads="4">
  <mem-info id="7592" free="10138808" total="16056320" percent="63">
    <mem type="tenure" free="10138808" total="16056320" percent="63">
      <mem type="soa" free="10009784" total="15896576" percent="62" />
      <mem type="loa" free="129024" total="159744" percent="80" />
    </mem>
  </mem-info>
</gc-end>
<cycle-end id="7593" type="global" contextid="7583" timestamp="2019-07-02T23:04:57.224">
  <attribute name="GC Util" value="23" />
  <attribute name="CPU Util" value="7723447428167" />
  <attribute name="Time Running"value="7845"/>
  <attribute name="Number of cores"value="4"/>
</cycle-end>
<allocation-satisfied id="7594" threadId="0000000001130D00" bytesRequested="40" />
<af-end id="7595" timestamp="2019-07-02T23:04:57.225" threadId="0000000001131688" success="true" />
<exclusive-end id="7596" timestamp="2019-07-02T23:04:57.225" durationms="184.607" />

<exclusive-start id="7597" timestamp="2019-07-02T23:04:57.240" intervalms="199.507">
  <response-info timems="0.226" idlems="0.226" threads="0" lastid="0000000001134900" lastname="Thread-7" />
</exclusive-start>
<af-start id="7598" threadId="0000000001135288" totalBytesRequested="40" timestamp="2019-07-02T23:04:57.240" intervalms="199.624" />
<cycle-start id="7599" type="global" contextid="0" timestamp="2019-07-02T23:04:57.240" intervalms="40.999" />
  <attribute name="GC Util" value="23" />
  <attribute name="CPU Util" value="7723447428167" />
  <attribute name="Time Running"value="7845"/>
  <attribute name="Number of cores"value="4"/>
<gc-start id="7600" type="global" contextid="7599" timestamp="2019-07-02T23:04:57.241">
  <mem-info id="7601" free="129024" total="16056320" percent="0">
    <mem type="tenure" free="129024" total="16056320" percent="0">
      <mem type="soa" free="0" total="15896576" percent="0" />
      <mem type="loa" free="129024" total="159744" percent="80" />
    </mem>
  </mem-info>
</gc-start>
<allocation-stats totalBytes="10073520" >
  <allocated-bytes non-tlh="0" tlh="10073520" />
  <largest-consumer threadName="Thread-8" threadId="000000000112D100" bytes="3505592" />
</allocation-stats>
<gc-op id="7602" type="mark" timems="3.608" contextid="7599" timestamp="2019-07-02T23:04:57.245">
  <trace-info objectcount="69529" scancount="61950" scanbytes="2360228" />
  <finalization candidates="124" enqueued="0" />
  <ownableSynchronizers candidates="3" cleared="0" />
  <references type="soft" candidates="84" cleared="0" enqueued="0" dynamicThreshold="20" maxThreshold="32" />
  <references type="weak" candidates="774" cleared="0" enqueued="0" />
  <references type="phantom" candidates="63" cleared="0" enqueued="0" />
  <stringconstants candidates="4574" cleared="0"  />
</gc-op>
<gc-op id="7603" type="sweep" timems="1.587" contextid="7599" timestamp="2019-07-02T23:04:57.246" />
<heap-resize id="7604" type="contract" space="tenure" amount="131072" count="1" timems="0.127" reason="excess free space following gc" timestamp="2019-07-02T23:04:57.247" />
<gc-end id="7605" type="global" contextid="7599" durationms="6.255" usertimems="12.000" systemtimems="4.000" timestamp="2019-07-02T23:04:57.247" activeThreads="4">
  <mem-info id="7606" free="9995704" total="15925248" percent="62">
    <mem type="tenure" free="9995704" total="15925248" percent="62" micro-fragmented="8456" macro-fragmented="0">
      <mem type="soa" free="9909888" total="15766528" percent="62" />
      <mem type="loa" free="85816" total="158720" percent="54" />
    </mem>
  </mem-info>
</gc-end>
<cycle-end id="7607" type="global" contextid="7599" timestamp="2019-07-02T23:04:57.247">
  <attribute name="GC Util" value="226" />
  <attribute name="CPU Util" value="4893877917408" />
  <attribute name="Time Running"value="7880"/>
  <attribute name="Number of cores"value="4"/>
</cycle-end>
<allocation-satisfied id="7608" threadId="0000000001134900" bytesRequested="40" />
<af-end id="7609" timestamp="2019-07-02T23:04:57.247" threadId="0000000001135288" success="true" />
<exclusive-end id="7610" timestamp="2019-07-02T23:04:57.247" durationms="7.470" />

<exclusive-start id="7611" timestamp="2019-07-02T23:04:57.256" intervalms="15.956">
  <response-info timems="0.041" idlems="0.041" threads="0" lastid="000000000112D100" lastname="Thread-8" />
</exclusive-start>
<af-start id="7612" threadId="000000000112DA88" totalBytesRequested="24" timestamp="2019-07-02T23:04:57.256" intervalms="15.884" />
<cycle-start id="7613" type="global" contextid="0" timestamp="2019-07-02T23:04:57.256" intervalms="15.825" />
  <attribute name="GC Util" value="226" />
  <attribute name="CPU Util" value="4893877917408" />
  <attribute name="Time Running"value="7880"/>
  <attribute name="Number of cores"value="4"/>
<gc-start id="7614" type="global" contextid="7613" timestamp="2019-07-02T23:04:57.256">
  <mem-info id="7615" free="85816" total="15925248" percent="0">
    <mem type="tenure" free="85816" total="15925248" percent="0">
      <mem type="soa" free="0" total="15766528" percent="0" />
      <mem type="loa" free="85816" total="158720" percent="54" />
    </mem>
  </mem-info>
</gc-start>
<allocation-stats totalBytes="9907608" >
  <allocated-bytes non-tlh="0" tlh="9907608" />
  <largest-consumer threadName="Thread-9" threadId="0000000001130D00" bytes="3909352" />
</allocation-stats>
<gc-op id="7616" type="mark" timems="2.293" contextid="7613" timestamp="2019-07-02T23:04:57.259">
  <trace-info objectcount="70233" scancount="62665" scanbytes="2377396" />
  <finalization candidates="124" enqueued="0" />
  <ownableSynchronizers candidates="3" cleared="0" />
  <references type="soft" candidates="84" cleared="0" enqueued="0" dynamicThreshold="20" maxThreshold="32" />
  <references type="weak" candidates="774" cleared="0" enqueued="0" />
  <references type="phantom" candidates="63" cleared="0" enqueued="0" />
  <stringconstants candidates="4574" cleared="0"  />
</gc-op>
<gc-op id="7617" type="sweep" timems="0.520" contextid="7613" timestamp="2019-07-02T23:04:57.260" />
<mem-info id="7618" free="9962552" total="15925248" percent="62">
  <mem type="tenure" free="9962552" total="15925248" percent="62" micro-fragmented="9232" macro-fragmented="0">
    <mem type="soa" free="9876168" total="15766528" percent="62" />
    <mem type="loa" free="86384" total="158720" percent="54" />
  </mem>
</mem-info>
<gc-op id="7619" type="compact" timems="4.754" contextid="7613" timestamp="2019-07-02T23:04:57.265">
  <compact-info movecount="2665" movebytes="65696" reason="compact to aid heap contraction" />
</gc-op>
<heap-resize id="7620" type="contract" space="tenure" amount="131072" count="1" timems="0.096" reason="excess free space following gc" timestamp="2019-07-02T23:04:57.265" />
<gc-end id="7621" type="global" contextid="7613" durationms="8.823" usertimems="12.000" systemtimems="0.000" timestamp="2019-07-02T23:04:57.265" activeThreads="4">
  <mem-info id="7622" free="9854224" total="15794176" percent="62">
    <mem type="tenure" free="9854224" total="15794176" percent="62">
      <mem type="soa" free="9724176" total="15636480" percent="62" />
      <mem type="loa" free="130048" total="157696" percent="82" />
    </mem>
  </mem-info>
</gc-end>
<cycle-end id="7623" type="global" contextid="7613" timestamp="2019-07-02T23:04:57.265">
  <attribute name="GC Util" value="20" />
  <attribute name="CPU Util" value="24187248409432" />
  <attribute name="Time Running"value="7895"/>
  <attribute name="Number of cores"value="4"/>
</cycle-end>
<allocation-satisfied id="7624" threadId="000000000112D100" bytesRequested="24" />
<af-end id="7625" timestamp="2019-07-02T23:04:57.265" threadId="000000000112DA88" success="true" />
<exclusive-end id="7626" timestamp="2019-07-02T23:04:57.265" durationms="9.745" />

<exclusive-start id="7627" timestamp="2019-07-02T23:04:57.271" intervalms="15.045">
  <response-info timems="0.024" idlems="0.022" threads="1" lastid="0000000001129500" lastname="Thread-10" />
</exclusive-start>
<af-start id="7628" threadId="000000000112DA88" totalBytesRequested="40" timestamp="2019-07-02T23:04:57.271" intervalms="14.982" />
<cycle-start id="7629" type="global" contextid="0" timestamp="2019-07-02T23:04:57.271" intervalms="14.910" />
  <attribute name="GC Util" value="20" />
  <attribute name="CPU Util" value="24187248409432" />
  <attribute name="Time Running"value="7895"/>
  <attribute name="Number of cores"value="4"/>
<gc-start id="7630" type="global" contextid="7629" timestamp="2019-07-02T23:04:57.271">
  <mem-info id="7631" free="130048" total="15794176" percent="0">
    <mem type="tenure" free="130048" total="15794176" percent="0">
      <mem type="soa" free="0" total="15636480" percent="0" />
      <mem type="loa" free="130048" total="157696" percent="82" />
    </mem>
  </mem-info>
</gc-start>
<allocation-stats totalBytes="9788704" >
  <allocated-bytes non-tlh="0" tlh="9788704" />
  <largest-consumer threadName="Thread-8" threadId="000000000112D100" bytes="4161144" />
</allocation-stats>
<gc-op id="7632" type="mark" timems="1.293" contextid="7629" timestamp="2019-07-02T23:04:57.273">
  <trace-info objectcount="65961" scancount="58391" scanbytes="2274908" />
  <finalization candidates="124" enqueued="0" />
  <ownableSynchronizers candidates="3" cleared="0" />
  <references type="soft" candidates="84" cleared="0" enqueued="0" dynamicThreshold="19" maxThreshold="32" />
  <references type="weak" candidates="774" cleared="0" enqueued="0" />
  <references type="phantom" candidates="63" cleared="0" enqueued="0" />
  <stringconstants candidates="4574" cleared="0"  />
</gc-op>
<gc-op id="7633" type="sweep" timems="0.278" contextid="7629" timestamp="2019-07-02T23:04:57.273" />
<heap-resize id="7634" type="contract" space="tenure" amount="131072" count="1" timems="0.092" reason="excess free space following gc" timestamp="2019-07-02T23:04:57.273" />
<gc-end id="7635" type="global" contextid="7629" durationms="2.082" usertimems="0.000" systemtimems="4.000" timestamp="2019-07-02T23:04:57.273" activeThreads="4">
  <mem-info id="7636" free="9666344" total="15663104" percent="61">
    <mem type="tenure" free="9666344" total="15663104" percent="61" micro-fragmented="123282" macro-fragmented="0">
      <mem type="soa" free="9573632" total="15507456" percent="61" />
      <mem type="loa" free="92712" total="155648" percent="59" />
    </mem>
  </mem-info>
</gc-end>
<cycle-end id="7637" type="global" contextid="7629" timestamp="2019-07-02T23:04:57.273">
  <attribute name="GC Util" value="205" />
  <attribute name="CPU Util" value="13406297507965" />
  <attribute name="Time Running"value="7908"/>
  <attribute name="Number of cores"value="4"/>
</cycle-end>
<allocation-satisfied id="7638" threadId="000000000112D100" bytesRequested="40" />
<af-end id="7639" timestamp="2019-07-02T23:04:57.274" threadId="000000000112DA88" success="true" />
<exclusive-end id="7640" timestamp="2019-07-02T23:04:57.274" durationms="2.804" />

<exclusive-start id="7641" timestamp="2019-07-02T23:04:57.278" intervalms="6.791">
  <response-info timems="0.021" idlems="0.021" threads="0" lastid="0000000001134900" lastname="Thread-7" />
</exclusive-start>
<af-start id="7642" threadId="0000000001135288" totalBytesRequested="24" timestamp="2019-07-02T23:04:57.278" intervalms="6.811" />
<cycle-start id="7643" type="global" contextid="0" timestamp="2019-07-02T23:04:57.278" intervalms="6.803" />
  <attribute name="GC Util" value="205" />
  <attribute name="CPU Util" value="13406297507965" />
  <attribute name="Time Running"value="7908"/>
  <attribute name="Number of cores"value="4"/>
<gc-start id="7644" type="global" contextid="7643" timestamp="2019-07-02T23:04:57.278">
  <mem-info id="7645" free="92712" total="15663104" percent="0">
    <mem type="tenure" free="92712" total="15663104" percent="0">
      <mem type="soa" free="0" total="15507456" percent="0" />
      <mem type="loa" free="92712" total="155648" percent="59" />
    </mem>
  </mem-info>
</gc-start>
<allocation-stats totalBytes="9635656" >
  <allocated-bytes non-tlh="0" tlh="9635656" />
  <largest-consumer threadName="Thread-8" threadId="000000000112D100" bytes="3510280" />
</allocation-stats>
<gc-op id="7646" type="mark" timems="2.064" contextid="7643" timestamp="2019-07-02T23:04:57.280">
  <trace-info objectcount="61724" scancount="54154" scanbytes="2172884" />
  <finalization candidates="124" enqueued="0" />
  <ownableSynchronizers candidates="3" cleared="0" />
  <references type="soft" candidates="84" cleared="0" enqueued="0" dynamicThreshold="19" maxThreshold="32" />
  <references type="weak" candidates="774" cleared="0" enqueued="0" />
  <references type="phantom" candidates="63" cleared="0" enqueued="0" />
  <stringconstants candidates="4574" cleared="0"  />
</gc-op>
<gc-op id="7647" type="sweep" timems="0.716" contextid="7643" timestamp="2019-07-02T23:04:57.281" />
<mem-info id="7648" free="9834376" total="15663104" percent="62">
  <mem type="tenure" free="9834376" total="15663104" percent="62" micro-fragmented="116644" macro-fragmented="0">
    <mem type="soa" free="9733960" total="15507456" percent="62" />
    <mem type="loa" free="100416" total="155648" percent="64" />
  </mem>
</mem-info>
<gc-op id="7649" type="compact" timems="5.515" contextid="7643" timestamp="2019-07-02T23:04:57.286">
  <compact-info movecount="21985" movebytes="1078584" reason="compact to aid heap contraction" />
</gc-op>
<heap-resize id="7650" type="contract" space="tenure" amount="131072" count="1" timems="0.072" reason="excess free space following gc" timestamp="2019-07-02T23:04:57.287" />
<gc-end id="7651" type="global" contextid="7643" durationms="8.827" usertimems="8.000" systemtimems="8.000" timestamp="2019-07-02T23:04:57.287" activeThreads="4">
  <mem-info id="7652" free="9799664" total="15532032" percent="63">
    <mem type="tenure" free="9799664" total="15532032" percent="63">
      <mem type="soa" free="9669616" total="15377408" percent="62" />
      <mem type="loa" free="130048" total="154624" percent="84" />
    </mem>
  </mem-info>
</gc-end>
<cycle-end id="7653" type="global" contextid="7643" timestamp="2019-07-02T23:04:57.287">
  <attribute name="GC Util" value="185" />
  <attribute name="CPU Util" value="23032259119264" />
  <attribute name="Time Running"value="7916"/>
  <attribute name="Number of cores"value="4"/>
</cycle-end>
<allocation-satisfied id="7654" threadId="0000000001134900" bytesRequested="24" />
<af-end id="7655" timestamp="2019-07-02T23:04:57.287" threadId="0000000001135288" success="true" />
<exclusive-end id="7656" timestamp="2019-07-02T23:04:57.287" durationms="9.429" />

<exclusive-start id="7657" timestamp="2019-07-02T23:04:57.291" intervalms="13.329">
  <response-info timems="0.024" idlems="0.024" threads="0" lastid="0000000001129500" lastname="Thread-10" />
</exclusive-start>
<af-start id="7658" threadId="0000000001129E88" totalBytesRequested="24" timestamp="2019-07-02T23:04:57.291" intervalms="13.264" />
<cycle-start id="7659" type="global" contextid="0" timestamp="2019-07-02T23:04:57.291" intervalms="13.224" />
  <attribute name="GC Util" value="185" />
  <attribute name="CPU Util" value="23032259119264" />
  <attribute name="Time Running"value="7916"/>
  <attribute name="Number of cores"value="4"/>
<gc-start id="7660" type="global" contextid="7659" timestamp="2019-07-02T23:04:57.291">
  <mem-info id="7661" free="130048" total="15532032" percent="0">
    <mem type="tenure" free="130048" total="15532032" percent="0">
      <mem type="soa" free="0" total="15377408" percent="0" />
      <mem type="loa" free="130048" total="154624" percent="84" />
    </mem>
  </mem-info>
</gc-start>
<allocation-stats totalBytes="9734384" >
  <allocated-bytes non-tlh="0" tlh="9734384" />
  <largest-consumer threadName="Thread-8" threadId="000000000112D100" bytes="3899080" />
</allocation-stats>
<gc-op id="7662" type="mark" timems="1.861" contextid="7659" timestamp="2019-07-02T23:04:57.293">
  <trace-info objectcount="62395" scancount="54802" scanbytes="2188964" />
  <finalization candidates="124" enqueued="0" />
  <ownableSynchronizers candidates="3" cleared="0" />
  <references type="soft" candidates="84" cleared="0" enqueued="0" dynamicThreshold="20" maxThreshold="32" />
  <references type="weak" candidates="774" cleared="0" enqueued="0" />
  <references type="phantom" candidates="63" cleared="0" enqueued="0" />
  <stringconstants candidates="4574" cleared="0"  />
</gc-op>
<gc-op id="7663" type="sweep" timems="0.699" contextid="7659" timestamp="2019-07-02T23:04:57.294" />
<heap-resize id="7664" type="contract" space="tenure" amount="131072" count="1" timems="0.046" reason="excess free space following gc" timestamp="2019-07-02T23:04:57.294" />
<gc-end id="7665" type="global" contextid="7659" durationms="2.941" usertimems="8.000" systemtimems="0.000" timestamp="2019-07-02T23:04:57.294" activeThreads="4">
  <mem-info id="7666" free="9574752" total="15400960" percent="62">
    <mem type="tenure" free="9574752" total="15400960" percent="62" micro-fragmented="7954" macro-fragmented="0">
      <mem type="soa" free="9574752" total="15247360" percent="62" />
      <mem type="loa" free="0" total="153600" percent="0" />
    </mem>
  </mem-info>
</gc-end>
<cycle-end id="7667" type="global" contextid="7659" timestamp="2019-07-02T23:04:57.294">
  <attribute name="GC Util" value="261" />
  <attribute name="CPU Util" value="9600808388961" />
  <attribute name="Time Running"value="7928"/>
  <attribute name="Number of cores"value="4"/>
</cycle-end>
<allocation-satisfied id="7668" threadId="0000000001129500" bytesRequested="24" />
<af-end id="7669" timestamp="2019-07-02T23:04:57.294" threadId="0000000001129E88" success="true" />
<exclusive-end id="7670" timestamp="2019-07-02T23:04:57.294" durationms="3.367" />

<exclusive-start id="7671" timestamp="2019-07-02T23:04:57.298" intervalms="7.496">
  <response-info timems="0.023" idlems="0.023" threads="0" lastid="0000000001129500" lastname="Thread-10" />
</exclusive-start>
<af-start id="7672" threadId="0000000001129E88" totalBytesRequested="40" timestamp="2019-07-02T23:04:57.298" intervalms="7.486" />
<cycle-start id="7673" type="global" contextid="0" timestamp="2019-07-02T23:04:57.299" intervalms="7.481" />
  <attribute name="GC Util" value="261" />
  <attribute name="CPU Util" value="9600808388961" />
  <attribute name="Time Running"value="7928"/>
  <attribute name="Number of cores"value="4"/>
<gc-start id="7674" type="global" contextid="7673" timestamp="2019-07-02T23:04:57.299">
  <mem-info id="7675" free="0" total="15400960" percent="0">
    <mem type="tenure" free="0" total="15400960" percent="0">
      <mem type="soa" free="0" total="15247360" percent="0" />
      <mem type="loa" free="0" total="153600" percent="0" />
    </mem>
  </mem-info>
</gc-start>
<allocation-stats totalBytes="9572072" >
  <allocated-bytes non-tlh="0" tlh="9572072" />
  <largest-consumer threadName="Thread-8" threadId="000000000112D100" bytes="3163144" />
</allocation-stats>
<gc-op id="7676" type="mark" timems="1.797" contextid="7673" timestamp="2019-07-02T23:04:57.300">
  <trace-info objectcount="62911" scancount="55344" scanbytes="2201500" />
  <finalization candidates="124" enqueued="0" />
  <ownableSynchronizers candidates="3" cleared="0" />
  <references type="soft" candidates="84" cleared="0" enqueued="0" dynamicThreshold="19" maxThreshold="32" />
  <references type="weak" candidates="774" cleared="0" enqueued="0" />
  <references type="phantom" candidates="63" cleared="0" enqueued="0" />
  <stringconstants candidates="4574" cleared="0"  />
</gc-op>
<gc-op id="7677" type="sweep" timems="0.766" contextid="7673" timestamp="2019-07-02T23:04:57.301" />
<heap-resize id="7678" type="contract" space="tenure" amount="65536" count="1" timems="0.041" reason="excess free space following gc" timestamp="2019-07-02T23:04:57.301" />
<gc-end id="7679" type="global" contextid="7673" durationms="2.940" usertimems="4.000" systemtimems="4.000" timestamp="2019-07-02T23:04:57.302" activeThreads="4">
  <mem-info id="7680" free="9464592" total="15335424" percent="61">
    <mem type="tenure" free="9464592" total="15335424" percent="61" micro-fragmented="9996" macro-fragmented="0">
      <mem type="soa" free="9464592" total="15182848" percent="62" />
      <mem type="loa" free="0" total="152576" percent="0" />
    </mem>
  </mem-info>
</gc-end>
<cycle-end id="7681" type="global" contextid="7673" timestamp="2019-07-02T23:04:57.302">
  <attribute name="GC Util" value="256" />
  <attribute name="CPU Util" value="9902627701678" />
  <attribute name="Time Running"value="7936"/>
  <attribute name="Number of cores"value="4"/>
</cycle-end>
<allocation-satisfied id="7682" threadId="0000000001129500" bytesRequested="40" />
<af-end id="7683" timestamp="2019-07-02T23:04:57.302" threadId="0000000001129E88" success="true" />
<exclusive-end id="7684" timestamp="2019-07-02T23:04:57.302" durationms="3.414" />

<exclusive-start id="7685" timestamp="2019-07-02T23:04:57.306" intervalms="7.442">
  <response-info timems="0.017" idlems="0.016" threads="1" lastid="0000000001134900" lastname="Thread-7" />
</exclusive-start>
<af-start id="7686" threadId="0000000001129E88" totalBytesRequested="24" timestamp="2019-07-02T23:04:57.306" intervalms="7.441" />
<cycle-start id="7687" type="global" contextid="0" timestamp="2019-07-02T23:04:57.306" intervalms="7.440" />
  <attribute name="GC Util" value="256" />
  <attribute name="CPU Util" value="9902627701678" />
  <attribute name="Time Running"value="7936"/>
  <attribute name="Number of cores"value="4"/>
<gc-start id="7688" type="global" contextid="7687" timestamp="2019-07-02T23:04:57.306">
  <mem-info id="7689" free="0" total="15335424" percent="0">
    <mem type="tenure" free="0" total="15335424" percent="0">
      <mem type="soa" free="0" total="15182848" percent="0" />
      <mem type="loa" free="0" total="152576" percent="0" />
    </mem>
  </mem-info>
</gc-start>
<allocation-stats totalBytes="9458840" >
  <allocated-bytes non-tlh="0" tlh="9458840" />
  <largest-consumer threadName="Thread-9" threadId="0000000001130D00" bytes="3436568" />
</allocation-stats>
<gc-op id="7690" type="mark" timems="2.293" contextid="7687" timestamp="2019-07-02T23:04:57.308">
  <trace-info objectcount="63656" scancount="56081" scanbytes="2219516" />
  <finalization candidates="124" enqueued="0" />
  <ownableSynchronizers candidates="3" cleared="0" />
  <references type="soft" candidates="84" cleared="0" enqueued="0" dynamicThreshold="19" maxThreshold="32" />
  <references type="weak" candidates="774" cleared="0" enqueued="0" />
  <references type="phantom" candidates="63" cleared="0" enqueued="0" />
  <stringconstants candidates="4574" cleared="0"  />
</gc-op>
<gc-op id="7691" type="sweep" timems="0.805" contextid="7687" timestamp="2019-07-02T23:04:57.309" />
<gc-end id="7692" type="global" contextid="7687" durationms="3.344" usertimems="4.000" systemtimems="4.000" timestamp="2019-07-02T23:04:57.309" activeThreads="4">
  <mem-info id="7693" free="9419704" total="15335424" percent="61">
    <mem type="tenure" free="9419704" total="15335424" percent="61" micro-fragmented="2304" macro-fragmented="0">
      <mem type="soa" free="9419704" total="15182848" percent="62" />
      <mem type="loa" free="0" total="152576" percent="0" />
    </mem>
  </mem-info>
</gc-end>
<cycle-end id="7694" type="global" contextid="7687" timestamp="2019-07-02T23:04:57.309">
  <attribute name="GC Util" value="249" />
  <attribute name="CPU Util" value="7815463035039" />
  <attribute name="Time Running"value="7944"/>
  <attribute name="Number of cores"value="4"/>
</cycle-end>
<allocation-satisfied id="7695" threadId="0000000001129500" bytesRequested="24" />
<af-end id="7696" timestamp="2019-07-02T23:04:57.310" threadId="0000000001129E88" success="true" />
<exclusive-end id="7697" timestamp="2019-07-02T23:04:57.310" durationms="3.875" />

<exclusive-start id="7698" timestamp="2019-07-02T23:04:57.314" intervalms="8.003">
  <response-info timems="0.033" idlems="0.019" threads="1" lastid="000000000112D100" lastname="Thread-8" />
</exclusive-start>
<af-start id="7699" threadId="0000000001131688" totalBytesRequested="40" timestamp="2019-07-02T23:04:57.314" intervalms="8.044" />
<cycle-start id="7700" type="global" contextid="0" timestamp="2019-07-02T23:04:57.314" intervalms="8.057" />
  <attribute name="GC Util" value="249" />
  <attribute name="CPU Util" value="7815463035039" />
  <attribute name="Time Running"value="7944"/>
  <attribute name="Number of cores"value="4"/>
<gc-start id="7701" type="global" contextid="7700" timestamp="2019-07-02T23:04:57.314">
  <mem-info id="7702" free="0" total="15335424" percent="0">
    <mem type="tenure" free="0" total="15335424" percent="0">
      <mem type="soa" free="0" total="15182848" percent="0" />
      <mem type="loa" free="0" total="152576" percent="0" />
    </mem>
  </mem-info>
</gc-start>
<allocation-stats totalBytes="9409792" >
  <allocated-bytes non-tlh="0" tlh="9409792" />
  <largest-consumer threadName="Thread-8" threadId="000000000112D100" bytes="3623736" />
</allocation-stats>
<gc-op id="7703" type="mark" timems="1.015" contextid="7700" timestamp="2019-07-02T23:04:57.315">
  <trace-info objectcount="64084" scancount="56498" scanbytes="2229364" />
  <finalization candidates="124" enqueued="0" />
  <ownableSynchronizers candidates="3" cleared="0" />
  <references type="soft" candidates="84" cleared="0" enqueued="0" dynamicThreshold="19" maxThreshold="32" />
  <references type="weak" candidates="774" cleared="0" enqueued="0" />
  <references type="phantom" candidates="63" cleared="0" enqueued="0" />
  <stringconstants candidates="4574" cleared="0"  />
</gc-op>
<gc-op id="7704" type="sweep" timems="0.299" contextid="7700" timestamp="2019-07-02T23:04:57.316" />
<gc-end id="7705" type="global" contextid="7700" durationms="1.563" usertimems="4.000" systemtimems="0.000" timestamp="2019-07-02T23:04:57.316" activeThreads="4">
  <mem-info id="7706" free="9373472" total="15335424" percent="61">
    <mem type="tenure" free="9373472" total="15335424" percent="61" micro-fragmented="30580" macro-fragmented="0">
      <mem type="soa" free="9373472" total="15182848" percent="61" />
      <mem type="loa" free="0" total="152576" percent="0" />
    </mem>
  </mem-info>
</gc-end>
<cycle-end id="7707" type="global" contextid="7700" timestamp="2019-07-02T23:04:57.316">
  <attribute name="GC Util" value="221" />
  <attribute name="CPU Util" value="17009508209892" />
  <attribute name="Time Running"value="7951"/>
  <attribute name="Number of cores"value="4"/>
</cycle-end>
<allocation-satisfied id="7708" threadId="0000000001130D00" bytesRequested="40" />
<af-end id="7709" timestamp="2019-07-02T23:04:57.316" threadId="0000000001131688" success="true" />
<exclusive-end id="7710" timestamp="2019-07-02T23:04:57.316" durationms="2.249" />

<exclusive-start id="7711" timestamp="2019-07-02T23:04:57.320" intervalms="6.465">
  <response-info timems="0.036" idlems="0.020" threads="1" lastid="0000000001130D00" lastname="Thread-9" />
</exclusive-start>
<af-start id="7712" threadId="000000000112DA88" totalBytesRequested="40" timestamp="2019-07-02T23:04:57.320" intervalms="6.425" />
<cycle-start id="7713" type="global" contextid="0" timestamp="2019-07-02T23:04:57.320" intervalms="6.415" />
  <attribute name="GC Util" value="221" />
  <attribute name="CPU Util" value="17009508209892" />
  <attribute name="Time Running"value="7951"/>
  <attribute name="Number of cores"value="4"/>
<gc-start id="7714" type="global" contextid="7713" timestamp="2019-07-02T23:04:57.321">
  <mem-info id="7715" free="0" total="15335424" percent="0">
    <mem type="tenure" free="0" total="15335424" percent="0">
      <mem type="soa" free="0" total="15182848" percent="0" />
      <mem type="loa" free="0" total="152576" percent="0" />
    </mem>
  </mem-info>
</gc-start>
<allocation-stats totalBytes="9359408" >
  <allocated-bytes non-tlh="0" tlh="9359408" />
  <largest-consumer threadName="Thread-7" threadId="0000000001134900" bytes="2985360" />
</allocation-stats>
<gc-op id="7716" type="mark" timems="1.095" contextid="7713" timestamp="2019-07-02T23:04:57.322">
  <trace-info objectcount="64834" scancount="57257" scanbytes="2247468" />
  <finalization candidates="124" enqueued="0" />
  <ownableSynchronizers candidates="3" cleared="0" />
  <references type="soft" candidates="84" cleared="0" enqueued="0" dynamicThreshold="19" maxThreshold="32" />
  <references type="weak" candidates="774" cleared="0" enqueued="0" />
  <references type="phantom" candidates="63" cleared="0" enqueued="0" />
  <stringconstants candidates="4574" cleared="0"  />
</gc-op>
<gc-op id="7717" type="sweep" timems="0.320" contextid="7713" timestamp="2019-07-02T23:04:57.322" />
<gc-end id="7718" type="global" contextid="7713" durationms="1.656" usertimems="4.000" systemtimems="0.000" timestamp="2019-07-02T23:04:57.322" activeThreads="4">
  <mem-info id="7719" free="9306120" total="15335424" percent="60">
    <mem type="tenure" free="9306120" total="15335424" percent="60" micro-fragmented="51185" macro-fragmented="0">
      <mem type="soa" free="9306120" total="15182848" percent="61" />
      <mem type="loa" free="0" total="152576" percent="0" />
    </mem>
  </mem-info>
</gc-end>
<cycle-end id="7720" type="global" contextid="7713" timestamp="2019-07-02T23:04:57.322">
  <attribute name="GC Util" value="209" />
  <attribute name="CPU Util" value="15877262686594" />
  <attribute name="Time Running"value="7957"/>
  <attribute name="Number of cores"value="4"/>
</cycle-end>
<allocation-satisfied id="7721" threadId="000000000112D100" bytesRequested="40" />
<af-end id="7722" timestamp="2019-07-02T23:04:57.322" threadId="000000000112DA88" success="true" />
<exclusive-end id="7723" timestamp="2019-07-02T23:04:57.323" durationms="2.210" />

<exclusive-start id="7724" timestamp="2019-07-02T23:04:57.331" intervalms="10.325">
  <response-info timems="0.058" idlems="0.058" threads="0" lastid="0000000001134900" lastname="Thread-7" />
</exclusive-start>
<af-start id="7725" threadId="0000000001135288" totalBytesRequested="40" timestamp="2019-07-02T23:04:57.331" intervalms="10.368" />
<cycle-start id="7726" type="global" contextid="0" timestamp="2019-07-02T23:04:57.331" intervalms="10.403" />
  <attribute name="GC Util" value="209" />
  <attribute name="CPU Util" value="15877262686594" />
  <attribute name="Time Running"value="7957"/>
  <attribute name="Number of cores"value="4"/>
<gc-start id="7727" type="global" contextid="7726" timestamp="2019-07-02T23:04:57.331">
  <mem-info id="7728" free="0" total="15335424" percent="0">
    <mem type="tenure" free="0" total="15335424" percent="0">
      <mem type="soa" free="0" total="15182848" percent="0" />
      <mem type="loa" free="0" total="152576" percent="0" />
    </mem>
  </mem-info>
</gc-start>
<allocation-stats totalBytes="9290496" >
  <allocated-bytes non-tlh="0" tlh="9290496" />
  <largest-consumer threadName="Thread-9" threadId="0000000001130D00" bytes="5713376" />
</allocation-stats>
<gc-op id="7729" type="mark" timems="2.223" contextid="7726" timestamp="2019-07-02T23:04:57.333">
  <trace-info objectcount="66630" scancount="59057" scanbytes="2290996" />
  <finalization candidates="124" enqueued="0" />
  <ownableSynchronizers candidates="3" cleared="0" />
  <references type="soft" candidates="84" cleared="0" enqueued="0" dynamicThreshold="19" maxThreshold="32" />
  <references type="weak" candidates="774" cleared="0" enqueued="0" />
  <references type="phantom" candidates="63" cleared="0" enqueued="0" />
  <stringconstants candidates="4574" cleared="0"  />
</gc-op>
<gc-op id="7730" type="sweep" timems="0.839" contextid="7726" timestamp="2019-07-02T23:04:57.334" />
<heap-resize id="7731" type="expand" space="tenure" amount="1048576" count="1" timems="0.050" reason="excessive time being spent in gc" timestamp="2019-07-02T23:04:57.334" />
<gc-end id="7732" type="global" contextid="7726" durationms="3.372" usertimems="0.000" systemtimems="8.000" timestamp="2019-07-02T23:04:57.334" activeThreads="4">
  <mem-info id="7733" free="10230072" total="16384000" percent="62">
    <mem type="tenure" free="10230072" total="16384000" percent="62" micro-fragmented="65271" macro-fragmented="0">
      <mem type="soa" free="10066232" total="16220160" percent="62" />
      <mem type="loa" free="163840" total="163840" percent="100" />
    </mem>
  </mem-info>
</gc-end>
<cycle-end id="7734" type="global" contextid="7726" timestamp="2019-07-02T23:04:57.334">
  <attribute name="GC Util" value="260" />
  <attribute name="CPU Util" value="8076401630221" />
  <attribute name="Time Running"value="7968"/>
  <attribute name="Number of cores"value="4"/>
</cycle-end>
<allocation-satisfied id="7735" threadId="0000000001134900" bytesRequested="40" />
<af-end id="7736" timestamp="2019-07-02T23:04:57.334" threadId="0000000001135288" success="true" />
<exclusive-end id="7737" timestamp="2019-07-02T23:04:57.334" durationms="3.807" />

<exclusive-start id="7738" timestamp="2019-07-02T23:04:57.339" intervalms="8.308">
  <response-info timems="0.025" idlems="0.025" threads="0" lastid="0000000001134900" lastname="Thread-7" />
</exclusive-start>
<af-start id="7739" threadId="0000000001135288" totalBytesRequested="40" timestamp="2019-07-02T23:04:57.339" intervalms="8.252" />
<cycle-start id="7740" type="global" contextid="0" timestamp="2019-07-02T23:04:57.339" intervalms="8.203" />
  <attribute name="GC Util" value="260" />
  <attribute name="CPU Util" value="8076401630221" />
  <attribute name="Time Running"value="7968"/>
  <attribute name="Number of cores"value="4"/>
<gc-start id="7741" type="global" contextid="7740" timestamp="2019-07-02T23:04:57.339">
  <mem-info id="7742" free="163840" total="16384000" percent="1">
    <mem type="tenure" free="163840" total="16384000" percent="1">
      <mem type="soa" free="0" total="16220160" percent="0" />
      <mem type="loa" free="163840" total="163840" percent="100" />
    </mem>
  </mem-info>
</gc-start>
<allocation-stats totalBytes="10045960" >
  <allocated-bytes non-tlh="0" tlh="10045960" />
  <largest-consumer threadName="Thread-7" threadId="0000000001134900" bytes="3227864" />
</allocation-stats>
<gc-op id="7743" type="mark" timems="2.118" contextid="7740" timestamp="2019-07-02T23:04:57.341">
  <trace-info objectcount="67448" scancount="59878" scanbytes="2310348" />
  <finalization candidates="124" enqueued="0" />
  <ownableSynchronizers candidates="3" cleared="0" />
  <references type="soft" candidates="84" cleared="0" enqueued="0" dynamicThreshold="19" maxThreshold="32" />
  <references type="weak" candidates="774" cleared="0" enqueued="0" />
  <references type="phantom" candidates="63" cleared="0" enqueued="0" />
  <stringconstants candidates="4574" cleared="0"  />
</gc-op>
<gc-op id="7744" type="sweep" timems="0.839" contextid="7740" timestamp="2019-07-02T23:04:57.342" />
<gc-end id="7745" type="global" contextid="7740" durationms="3.182" usertimems="8.000" systemtimems="0.000" timestamp="2019-07-02T23:04:57.342" activeThreads="4">
  <mem-info id="7746" free="10299008" total="16384000" percent="62">
    <mem type="tenure" free="10299008" total="16384000" percent="62" micro-fragmented="74357" macro-fragmented="0">
      <mem type="soa" free="10135168" total="16220160" percent="62" />
      <mem type="loa" free="163840" total="163840" percent="100" />
    </mem>
  </mem-info>
</gc-end>
<cycle-end id="7747" type="global" contextid="7740" timestamp="2019-07-02T23:04:57.342">
  <attribute name="GC Util" value="254" />
  <attribute name="CPU Util" value="8468926002813" />
  <attribute name="Time Running"value="7977"/>
  <attribute name="Number of cores"value="4"/>
</cycle-end>
<allocation-satisfied id="7748" threadId="0000000001134900" bytesRequested="40" />
<af-end id="7749" timestamp="2019-07-02T23:04:57.342" threadId="0000000001135288" success="true" />
<exclusive-end id="7750" timestamp="2019-07-02T23:04:57.342" durationms="3.496" />

<exclusive-start id="7751" timestamp="2019-07-02T23:04:57.347" intervalms="8.136">
  <response-info timems="0.029" idlems="0.029" threads="0" lastid="0000000001129500" lastname="Thread-10" />
</exclusive-start>
<af-start id="7752" threadId="0000000001129E88" totalBytesRequested="24" timestamp="2019-07-02T23:04:57.347" intervalms="8.190" />
<cycle-start id="7753" type="global" contextid="0" timestamp="2019-07-02T23:04:57.347" intervalms="8.241" />
  <attribute name="GC Util" value="254" />
  <attribute name="CPU Util" value="8468926002813" />
  <attribute name="Time Running"value="7977"/>
  <attribute name="Number of cores"value="4"/>
<gc-start id="7754" type="global" contextid="7753" timestamp="2019-07-02T23:04:57.347">
  <mem-info id="7755" free="163840" total="16384000" percent="1">
    <mem type="tenure" free="163840" total="16384000" percent="1">
      <mem type="soa" free="0" total="16220160" percent="0" />
      <mem type="loa" free="163840" total="163840" percent="100" />
    </mem>
  </mem-info>
</gc-start>
<allocation-stats totalBytes="10111640" >
  <allocated-bytes non-tlh="0" tlh="10111640" />
  <largest-consumer threadName="Thread-7" threadId="0000000001134900" bytes="3135664" />
</allocation-stats>
<gc-op id="7756" type="mark" timems="2.357" contextid="7753" timestamp="2019-07-02T23:04:57.350">
  <trace-info objectcount="68506" scancount="60937" scanbytes="2335724" />
  <finalization candidates="124" enqueued="0" />
  <ownableSynchronizers candidates="3" cleared="0" />
  <references type="soft" candidates="84" cleared="0" enqueued="0" dynamicThreshold="20" maxThreshold="32" />
  <references type="weak" candidates="774" cleared="0" enqueued="0" />
  <references type="phantom" candidates="63" cleared="0" enqueued="0" />
  <stringconstants candidates="4574" cleared="0"  />
</gc-op>
<gc-op id="7757" type="sweep" timems="0.884" contextid="7753" timestamp="2019-07-02T23:04:57.351" />
<gc-end id="7758" type="global" contextid="7753" durationms="3.502" usertimems="8.000" systemtimems="0.000" timestamp="2019-07-02T23:04:57.351" activeThreads="4">
  <mem-info id="7759" free="10199208" total="16384000" percent="62">
    <mem type="tenure" free="10199208" total="16384000" percent="62" micro-fragmented="66888" macro-fragmented="0">
      <mem type="soa" free="10035368" total="16220160" percent="61" />
      <mem type="loa" free="163840" total="163840" percent="100" />
    </mem>
  </mem-info>
</gc-end>
<cycle-end id="7760" type="global" contextid="7753" timestamp="2019-07-02T23:04:57.351">
  <attribute name="GC Util" value="250" />
  <attribute name="CPU Util" value="7613252622961" />
  <attribute name="Time Running"value="7985"/>
  <attribute name="Number of cores"value="4"/>
</cycle-end>
<allocation-satisfied id="7761" threadId="0000000001129500" bytesRequested="24" />
<af-end id="7762" timestamp="2019-07-02T23:04:57.351" threadId="0000000001129E88" success="true" />
<exclusive-end id="7763" timestamp="2019-07-02T23:04:57.351" durationms="4.138" />

<exclusive-start id="7764" timestamp="2019-07-02T23:04:57.356" intervalms="8.705">
  <response-info timems="0.023" idlems="0.023" threads="0" lastid="0000000001129500" lastname="Thread-10" />
</exclusive-start>
<af-start id="7765" threadId="0000000001129E88" totalBytesRequested="40" timestamp="2019-07-02T23:04:57.356" intervalms="8.703" />
<cycle-start id="7766" type="global" contextid="0" timestamp="2019-07-02T23:04:57.356" intervalms="8.737" />
  <attribute name="GC Util" value="250" />
  <attribute name="CPU Util" value="7613252622961" />
  <attribute name="Time Running"value="7985"/>
  <attribute name="Number of cores"value="4"/>
<gc-start id="7767" type="global" contextid="7766" timestamp="2019-07-02T23:04:57.356">
  <mem-info id="7768" free="163840" total="16384000" percent="1">
    <mem type="tenure" free="163840" total="16384000" percent="1">
      <mem type="soa" free="0" total="16220160" percent="0" />
      <mem type="loa" free="163840" total="163840" percent="100" />
    </mem>
  </mem-info>
</gc-start>
<allocation-stats totalBytes="10008856" >
  <allocated-bytes non-tlh="0" tlh="10008856" />
  <largest-consumer threadName="Thread-7" threadId="0000000001134900" bytes="3292024" />
</allocation-stats>
<gc-op id="7769" type="mark" timems="2.130" contextid="7766" timestamp="2019-07-02T23:04:57.358">
  <trace-info objectcount="69675" scancount="62103" scanbytes="2364108" />
  <finalization candidates="124" enqueued="0" />
  <ownableSynchronizers candidates="3" cleared="0" />
  <references type="soft" candidates="84" cleared="0" enqueued="0" dynamicThreshold="19" maxThreshold="32" />
  <references type="weak" candidates="774" cleared="0" enqueued="0" />
  <references type="phantom" candidates="63" cleared="0" enqueued="0" />
  <stringconstants candidates="4574" cleared="0"  />
</gc-op>
<gc-op id="7770" type="sweep" timems="0.893" contextid="7766" timestamp="2019-07-02T23:04:57.359" />
<gc-end id="7771" type="global" contextid="7766" durationms="3.265" usertimems="8.000" systemtimems="0.000" timestamp="2019-07-02T23:04:57.359" activeThreads="4">
  <mem-info id="7772" free="10066632" total="16384000" percent="61">
    <mem type="tenure" free="10066632" total="16384000" percent="61" micro-fragmented="91232" macro-fragmented="0">
      <mem type="soa" free="9902792" total="16220160" percent="61" />
      <mem type="loa" free="163840" total="163840" percent="100" />
    </mem>
  </mem-info>
</gc-end>
<cycle-end id="7773" type="global" contextid="7766" timestamp="2019-07-02T23:04:57.359">
  <attribute name="GC Util" value="256" />
  <attribute name="CPU Util" value="8396233641794" />
  <attribute name="Time Running"value="7994"/>
  <attribute name="Number of cores"value="4"/>
</cycle-end>
<allocation-satisfied id="7774" threadId="0000000001129500" bytesRequested="40" />
<af-end id="7775" timestamp="2019-07-02T23:04:57.360" threadId="0000000001129E88" success="true" />
<exclusive-end id="7776" timestamp="2019-07-02T23:04:57.360" durationms="3.935" />

<exclusive-start id="7777" timestamp="2019-07-02T23:04:57.364" intervalms="8.621">
  <response-info timems="0.039" idlems="0.027" threads="2" lastid="000000000112D100" lastname="Thread-8" />
</exclusive-start>
<af-start id="7778" threadId="0000000001131688" totalBytesRequested="40" timestamp="2019-07-02T23:04:57.365" intervalms="8.644" />
<cycle-start id="7779" type="global" contextid="0" timestamp="2019-07-02T23:04:57.365" intervalms="8.610" />
  <attribute name="GC Util" value="256" />
  <attribute name="CPU Util" value="8396233641794" />
  <attribute name="Time Running"value="7994"/>
  <attribute name="Number of cores"value="4"/>
<gc-start id="7780" type="global" contextid="7779" timestamp="2019-07-02T23:04:57.365">
  <mem-info id="7781" free="163840" total="16384000" percent="1">
    <mem type="tenure" free="163840" total="16384000" percent="1">
      <mem type="soa" free="0" total="16220160" percent="0" />
      <mem type="loa" free="163840" total="163840" percent="100" />
    </mem>
  </mem-info>
</gc-start>
<allocation-stats totalBytes="9873560" >
  <allocated-bytes non-tlh="0" tlh="9873560" />
  <largest-consumer threadName="Thread-7" threadId="0000000001134900" bytes="3046784" />
</allocation-stats>
<gc-op id="7782" type="mark" timems="1.229" contextid="7779" timestamp="2019-07-02T23:04:57.366">
  <trace-info objectcount="70767" scancount="63195" scanbytes="2390060" />
  <finalization candidates="124" enqueued="0" />
  <ownableSynchronizers candidates="3" cleared="0" />
  <references type="soft" candidates="84" cleared="0" enqueued="0" dynamicThreshold="19" maxThreshold="32" />
  <references type="weak" candidates="774" cleared="0" enqueued="0" />
  <references type="phantom" candidates="63" cleared="0" enqueued="0" />
  <stringconstants candidates="4574" cleared="0"  />
</gc-op>
<gc-op id="7783" type="sweep" timems="0.425" contextid="7779" timestamp="2019-07-02T23:04:57.367" />
<gc-end id="7784" type="global" contextid="7779" durationms="1.942" usertimems="4.000" systemtimems="0.000" timestamp="2019-07-02T23:04:57.367" activeThreads="4">
  <mem-info id="7785" free="9950888" total="16384000" percent="60">
    <mem type="tenure" free="9950888" total="16384000" percent="60" micro-fragmented="128512" macro-fragmented="0">
      <mem type="soa" free="9787048" total="16220160" percent="60" />
      <mem type="loa" free="163840" total="163840" percent="100" />
    </mem>
  </mem-info>
</gc-end>
<cycle-end id="7786" type="global" contextid="7779" timestamp="2019-07-02T23:04:57.367">
  <attribute name="GC Util" value="206" />
  <attribute name="CPU Util" value="14237366535748" />
  <attribute name="Time Running"value="8001"/>
  <attribute name="Number of cores"value="4"/>
</cycle-end>
<allocation-satisfied id="7787" threadId="0000000001130D00" bytesRequested="40" />
<af-end id="7788" timestamp="2019-07-02T23:04:57.367" threadId="0000000001131688" success="true" />
<exclusive-end id="7789" timestamp="2019-07-02T23:04:57.367" durationms="2.645" />

<exclusive-start id="7790" timestamp="2019-07-02T23:04:57.372" intervalms="7.159">
  <response-info timems="0.038" idlems="0.038" threads="0" lastid="000000000112D100" lastname="Thread-8" />
</exclusive-start>
<af-start id="7791" threadId="000000000112DA88" totalBytesRequested="24" timestamp="2019-07-02T23:04:57.372" intervalms="7.129" />
<cycle-start id="7792" type="global" contextid="0" timestamp="2019-07-02T23:04:57.372" intervalms="7.126" />
  <attribute name="GC Util" value="206" />
  <attribute name="CPU Util" value="14237366535748" />
  <attribute name="Time Running"value="8001"/>
  <attribute name="Number of cores"value="4"/>
<gc-start id="7793" type="global" contextid="7792" timestamp="2019-07-02T23:04:57.372">
  <mem-info id="7794" free="163840" total="16384000" percent="1">
    <mem type="tenure" free="163840" total="16384000" percent="1">
      <mem type="soa" free="0" total="16220160" percent="0" />
      <mem type="loa" free="163840" total="163840" percent="100" />
    </mem>
  </mem-info>
</gc-start>
<allocation-stats totalBytes="9758368" >
  <allocated-bytes non-tlh="0" tlh="9758368" />
  <largest-consumer threadName="Thread-8" threadId="000000000112D100" bytes="3740640" />
</allocation-stats>
<gc-op id="7795" type="mark" timems="1.132" contextid="7792" timestamp="2019-07-02T23:04:57.373">
  <trace-info objectcount="71467" scancount="63887" scanbytes="2407060" />
  <finalization candidates="124" enqueued="0" />
  <ownableSynchronizers candidates="3" cleared="0" />
  <references type="soft" candidates="84" cleared="0" enqueued="0" dynamicThreshold="19" maxThreshold="32" />
  <references type="weak" candidates="774" cleared="0" enqueued="0" />
  <references type="phantom" candidates="63" cleared="0" enqueued="0" />
  <stringconstants candidates="4574" cleared="0"  />
</gc-op>
<gc-op id="7796" type="sweep" timems="0.448" contextid="7792" timestamp="2019-07-02T23:04:57.374" />
<gc-end id="7797" type="global" contextid="7792" durationms="1.834" usertimems="0.000" systemtimems="4.000" timestamp="2019-07-02T23:04:57.374" activeThreads="4">
  <mem-info id="7798" free="9838592" total="16384000" percent="60">
    <mem type="tenure" free="9838592" total="16384000" percent="60" micro-fragmented="195974" macro-fragmented="0">
      <mem type="soa" free="9674752" total="16220160" percent="59" />
      <mem type="loa" free="163840" total="163840" percent="100" />
    </mem>
  </mem-info>
</gc-end>
<cycle-end id="7799" type="global" contextid="7792" timestamp="2019-07-02T23:04:57.374">
  <attribute name="GC Util" value="225" />
  <attribute name="CPU Util" value="15428755588933" />
  <attribute name="Time Running"value="8008"/>
  <attribute name="Number of cores"value="4"/>
</cycle-end>
<allocation-satisfied id="7800" threadId="000000000112D100" bytesRequested="24" />
<af-end id="7801" timestamp="2019-07-02T23:04:57.374" threadId="000000000112DA88" success="true" />
<exclusive-end id="7802" timestamp="2019-07-02T23:04:57.374" durationms="2.343" />

<exclusive-start id="7803" timestamp="2019-07-02T23:04:57.379" intervalms="6.990">
  <response-info timems="0.057" idlems="0.057" threads="1" lastid="0000000001130D00" lastname="Thread-9" />
</exclusive-start>
<af-start id="7804" threadId="0000000001135288" totalBytesRequested="24" timestamp="2019-07-02T23:04:57.379" intervalms="6.993" />
<cycle-start id="7805" type="global" contextid="0" timestamp="2019-07-02T23:04:57.379" intervalms="6.991" />
  <attribute name="GC Util" value="225" />
  <attribute name="CPU Util" value="15428755588933" />
  <attribute name="Time Running"value="8008"/>
  <attribute name="Number of cores"value="4"/>
<gc-start id="7806" type="global" contextid="7805" timestamp="2019-07-02T23:04:57.379">
  <mem-info id="7807" free="163840" total="16384000" percent="1">
    <mem type="tenure" free="163840" total="16384000" percent="1">
      <mem type="soa" free="0" total="16220160" percent="0" />
      <mem type="loa" free="163840" total="163840" percent="100" />
    </mem>
  </mem-info>
</gc-start>
<allocation-stats totalBytes="9640880" >
  <allocated-bytes non-tlh="0" tlh="9640880" />
  <largest-consumer threadName="Thread-8" threadId="000000000112D100" bytes="3340896" />
</allocation-stats>
<gc-op id="7808" type="mark" timems="2.043" contextid="7805" timestamp="2019-07-02T23:04:57.381">
  <trace-info objectcount="63402" scancount="55819" scanbytes="2079128" />
  <finalization candidates="124" enqueued="0" />
  <ownableSynchronizers candidates="3" cleared="0" />
  <references type="soft" candidates="84" cleared="0" enqueued="0" dynamicThreshold="19" maxThreshold="32" />
  <references type="weak" candidates="774" cleared="0" enqueued="0" />
  <references type="phantom" candidates="63" cleared="0" enqueued="0" />
  <stringconstants candidates="4574" cleared="0"  />
</gc-op>
<gc-op id="7809" type="sweep" timems="0.907" contextid="7805" timestamp="2019-07-02T23:04:57.382" />
<heap-resize id="7810" type="contract" space="tenure" amount="131072" count="1" timems="0.059" reason="excess free space following gc" timestamp="2019-07-02T23:04:57.382" />
<gc-end id="7811" type="global" contextid="7805" durationms="3.291" usertimems="4.000" systemtimems="0.000" timestamp="2019-07-02T23:04:57.382" activeThreads="4">
  <mem-info id="7812" free="10088896" total="16252928" percent="62">
    <mem type="tenure" free="10088896" total="16252928" percent="62" micro-fragmented="78143" macro-fragmented="0">
      <mem type="soa" free="10088896" total="16091136" percent="62" />
      <mem type="loa" free="0" total="161792" percent="0" />
    </mem>
  </mem-info>
</gc-end>
<cycle-end id="7813" type="global" contextid="7805" timestamp="2019-07-02T23:04:57.382">
  <attribute name="GC Util" value="256" />
  <attribute name="CPU Util" value="8763714955804" />
  <attribute name="Time Running"value="8016"/>
  <attribute name="Number of cores"value="4"/>
</cycle-end>
<allocation-satisfied id="7814" threadId="0000000001134900" bytesRequested="24" />
<af-end id="7815" timestamp="2019-07-02T23:04:57.382" threadId="0000000001135288" success="true" />
<exclusive-end id="7816" timestamp="2019-07-02T23:04:57.382" durationms="3.845" />

<exclusive-start id="7817" timestamp="2019-07-02T23:04:57.387" intervalms="8.603">
  <response-info timems="0.023" idlems="0.023" threads="0" lastid="0000000001134900" lastname="Thread-7" />
</exclusive-start>
<af-start id="7818" threadId="0000000001135288" totalBytesRequested="24" timestamp="2019-07-02T23:04:57.387" intervalms="8.554" />
<cycle-start id="7819" type="global" contextid="0" timestamp="2019-07-02T23:04:57.387" intervalms="8.509" />
  <attribute name="GC Util" value="256" />
  <attribute name="CPU Util" value="8763714955804" />
  <attribute name="Time Running"value="8016"/>
  <attribute name="Number of cores"value="4"/>
<gc-start id="7820" type="global" contextid="7819" timestamp="2019-07-02T23:04:57.387">
  <mem-info id="7821" free="0" total="16252928" percent="0">
    <mem type="tenure" free="0" total="16252928" percent="0">
      <mem type="soa" free="0" total="16091136" percent="0" />
      <mem type="loa" free="0" total="161792" percent="0" />
    </mem>
  </mem-info>
</gc-start>
<allocation-stats totalBytes="10063424" >
  <allocated-bytes non-tlh="23160" tlh="10040264" />
  <largest-consumer threadName="Thread-7" threadId="0000000001134900" bytes="3570848" />
</allocation-stats>
<gc-op id="7822" type="mark" timems="1.968" contextid="7819" timestamp="2019-07-02T23:04:57.389">
  <trace-info objectcount="68178" scancount="60607" scanbytes="2328268" />
  <finalization candidates="124" enqueued="0" />
  <ownableSynchronizers candidates="3" cleared="0" />
  <references type="soft" candidates="84" cleared="0" enqueued="0" dynamicThreshold="19" maxThreshold="32" />
  <references type="weak" candidates="774" cleared="0" enqueued="0" />
  <references type="phantom" candidates="63" cleared="0" enqueued="0" />
  <stringconstants candidates="4574" cleared="0"  />
</gc-op>
<gc-op id="7823" type="sweep" timems="0.897" contextid="7819" timestamp="2019-07-02T23:04:57.390" />
<heap-resize id="7824" type="expand" space="tenure" amount="1048576" count="1" timems="0.063" reason="excessive time being spent in gc" timestamp="2019-07-02T23:04:57.390" />
<gc-end id="7825" type="global" contextid="7819" durationms="3.226" usertimems="4.000" systemtimems="4.000" timestamp="2019-07-02T23:04:57.391" activeThreads="4">
  <mem-info id="7826" free="10781736" total="17301504" percent="62">
    <mem type="tenure" free="10781736" total="17301504" percent="62" micro-fragmented="180243" macro-fragmented="0">
      <mem type="soa" free="10609704" total="17129472" percent="61" />
      <mem type="loa" free="172032" total="172032" percent="100" />
    </mem>
  </mem-info>
</gc-end>
<cycle-end id="7827" type="global" contextid="7819" timestamp="2019-07-02T23:04:57.391">
  <attribute name="GC Util" value="253" />
  <attribute name="CPU Util" value="9085239818661" />
  <attribute name="Time Running"value="8025"/>
  <attribute name="Number of cores"value="4"/>
</cycle-end>
<allocation-satisfied id="7828" threadId="0000000001134900" bytesRequested="24" />
<af-end id="7829" timestamp="2019-07-02T23:04:57.391" threadId="0000000001135288" success="true" />
<exclusive-end id="7830" timestamp="2019-07-02T23:04:57.391" durationms="3.716" />

<exclusive-start id="7831" timestamp="2019-07-02T23:04:57.396" intervalms="8.875">
  <response-info timems="0.023" idlems="0.020" threads="1" lastid="0000000001130D00" lastname="Thread-9" />
</exclusive-start>
<af-start id="7832" threadId="0000000001135288" totalBytesRequested="40" timestamp="2019-07-02T23:04:57.396" intervalms="8.877" />
<cycle-start id="7833" type="global" contextid="0" timestamp="2019-07-02T23:04:57.396" intervalms="8.878" />
  <attribute name="GC Util" value="253" />
  <attribute name="CPU Util" value="9085239818661" />
  <attribute name="Time Running"value="8025"/>
  <attribute name="Number of cores"value="4"/>
<gc-start id="7834" type="global" contextid="7833" timestamp="2019-07-02T23:04:57.396">
  <mem-info id="7835" free="172032" total="17301504" percent="0">
    <mem type="tenure" free="172032" total="17301504" percent="0">
      <mem type="soa" free="0" total="17129472" percent="0" />
      <mem type="loa" free="172032" total="172032" percent="100" />
    </mem>
  </mem-info>
</gc-start>
<allocation-stats totalBytes="10586248" >
  <allocated-bytes non-tlh="0" tlh="10586248" />
  <largest-consumer threadName="Thread-7" threadId="0000000001134900" bytes="3457624" />
</allocation-stats>
<gc-op id="7836" type="mark" timems="2.516" contextid="7833" timestamp="2019-07-02T23:04:57.399">
  <trace-info objectcount="68529" scancount="60958" scanbytes="2335636" />
  <finalization candidates="124" enqueued="0" />
  <ownableSynchronizers candidates="3" cleared="0" />
  <references type="soft" candidates="84" cleared="0" enqueued="0" dynamicThreshold="19" maxThreshold="32" />
  <references type="weak" candidates="774" cleared="0" enqueued="0" />
  <references type="phantom" candidates="63" cleared="0" enqueued="0" />
  <stringconstants candidates="4574" cleared="0"  />
</gc-op>
<gc-op id="7837" type="sweep" timems="0.895" contextid="7833" timestamp="2019-07-02T23:04:57.400" />
<gc-end id="7838" type="global" contextid="7833" durationms="3.617" usertimems="8.000" systemtimems="0.000" timestamp="2019-07-02T23:04:57.400" activeThreads="4">
  <mem-info id="7839" free="10886624" total="17301504" percent="62">
    <mem type="tenure" free="10886624" total="17301504" percent="62" micro-fragmented="226475" macro-fragmented="0">
      <mem type="soa" free="10714592" total="17129472" percent="62" />
      <mem type="loa" free="172032" total="172032" percent="100" />
    </mem>
  </mem-info>
</gc-end>
<cycle-end id="7840" type="global" contextid="7833" timestamp="2019-07-02T23:04:57.400">
  <attribute name="GC Util" value="259" />
  <attribute name="CPU Util" value="7155830533145" />
  <attribute name="Time Running"value="8034"/>
  <attribute name="Number of cores"value="4"/>
</cycle-end>
<allocation-satisfied id="7841" threadId="0000000001134900" bytesRequested="40" />
<af-end id="7842" timestamp="2019-07-02T23:04:57.400" threadId="0000000001135288" success="true" />
<exclusive-end id="7843" timestamp="2019-07-02T23:04:57.400" durationms="3.936" />

<exclusive-start id="7844" timestamp="2019-07-02T23:04:57.405" intervalms="8.729">
  <response-info timems="0.025" idlems="0.025" threads="0" lastid="0000000001129500" lastname="Thread-10" />
</exclusive-start>
<af-start id="7845" threadId="0000000001129E88" totalBytesRequested="40" timestamp="2019-07-02T23:04:57.405" intervalms="8.748" />
<cycle-start id="7846" type="global" contextid="0" timestamp="2019-07-02T23:04:57.405" intervalms="8.763" />
  <attribute name="GC Util" value="259" />
  <attribute name="CPU Util" value="7155830533145" />
  <attribute name="Time Running"value="8034"/>
  <attribute name="Number of cores"value="4"/>
<gc-start id="7847" type="global" contextid="7846" timestamp="2019-07-02T23:04:57.405">
  <mem-info id="7848" free="172032" total="17301504" percent="0">
    <mem type="tenure" free="172032" total="17301504" percent="0">
      <mem type="soa" free="0" total="17129472" percent="0" />
      <mem type="loa" free="172032" total="172032" percent="100" />
    </mem>
  </mem-info>
</gc-start>
<allocation-stats totalBytes="10685328" >
  <allocated-bytes non-tlh="0" tlh="10685328" />
  <largest-consumer threadName="Thread-7" threadId="0000000001134900" bytes="3615568" />
</allocation-stats>
<gc-op id="7849" type="mark" timems="2.125" contextid="7846" timestamp="2019-07-02T23:04:57.407">
  <trace-info objectcount="69474" scancount="61913" scanbytes="2359308" />
  <finalization candidates="124" enqueued="0" />
  <ownableSynchronizers candidates="3" cleared="0" />
  <references type="soft" candidates="84" cleared="0" enqueued="0" dynamicThreshold="20" maxThreshold="32" />
  <references type="weak" candidates="774" cleared="0" enqueued="0" />
  <references type="phantom" candidates="63" cleared="0" enqueued="0" />
  <stringconstants candidates="4574" cleared="0"  />
</gc-op>
<gc-op id="7850" type="sweep" timems="0.932" contextid="7846" timestamp="2019-07-02T23:04:57.408" />
<gc-end id="7851" type="global" contextid="7846" durationms="3.294" usertimems="4.000" systemtimems="4.000" timestamp="2019-07-02T23:04:57.408" activeThreads="4">
  <mem-info id="7852" free="10750600" total="17301504" percent="62">
    <mem type="tenure" free="10750600" total="17301504" percent="62" micro-fragmented="208053" macro-fragmented="0">
      <mem type="soa" free="10578568" total="17129472" percent="61" />
      <mem type="loa" free="172032" total="172032" percent="100" />
    </mem>
  </mem-info>
</gc-end>
<cycle-end id="7853" type="global" contextid="7846" timestamp="2019-07-02T23:04:57.408">
  <attribute name="GC Util" value="257" />
  <attribute name="CPU Util" value="8408089786015" />
  <attribute name="Time Running"value="8042"/>
  <attribute name="Number of cores"value="4"/>
</cycle-end>
<allocation-satisfied id="7854" threadId="0000000001129500" bytesRequested="40" />
<af-end id="7855" timestamp="2019-07-02T23:04:57.409" threadId="0000000001129E88" success="true" />
<exclusive-end id="7856" timestamp="2019-07-02T23:04:57.409" durationms="3.921" />

<exclusive-start id="7857" timestamp="2019-07-02T23:04:57.414" intervalms="9.182">
  <response-info timems="0.018" idlems="0.018" threads="0" lastid="0000000001129500" lastname="Thread-10" />
</exclusive-start>
<af-start id="7858" threadId="0000000001129E88" totalBytesRequested="24" timestamp="2019-07-02T23:04:57.414" intervalms="9.212" />
<cycle-start id="7859" type="global" contextid="0" timestamp="2019-07-02T23:04:57.414" intervalms="9.242" />
  <attribute name="GC Util" value="257" />
  <attribute name="CPU Util" value="8408089786015" />
  <attribute name="Time Running"value="8042"/>
  <attribute name="Number of cores"value="4"/>
<gc-start id="7860" type="global" contextid="7859" timestamp="2019-07-02T23:04:57.414">
  <mem-info id="7861" free="172032" total="17301504" percent="0">
    <mem type="tenure" free="172032" total="17301504" percent="0">
      <mem type="soa" free="0" total="17129472" percent="0" />
      <mem type="loa" free="172032" total="172032" percent="100" />
    </mem>
  </mem-info>
</gc-start>
<allocation-stats totalBytes="10544480" >
  <allocated-bytes non-tlh="0" tlh="10544480" />
  <largest-consumer threadName="Thread-7" threadId="0000000001134900" bytes="3824544" />
</allocation-stats>
<gc-op id="7862" type="mark" timems="2.340" contextid="7859" timestamp="2019-07-02T23:04:57.417">
  <trace-info objectcount="70164" scancount="62584" scanbytes="2375780" />
  <finalization candidates="124" enqueued="0" />
  <ownableSynchronizers candidates="3" cleared="0" />
  <references type="soft" candidates="84" cleared="0" enqueued="0" dynamicThreshold="19" maxThreshold="32" />
  <references type="weak" candidates="774" cleared="0" enqueued="0" />
  <references type="phantom" candidates="63" cleared="0" enqueued="0" />
  <stringconstants candidates="4574" cleared="0"  />
</gc-op>
<gc-op id="7863" type="sweep" timems="0.962" contextid="7859" timestamp="2019-07-02T23:04:57.418" />
<heap-resize id="7864" type="contract" space="tenure" amount="131072" count="1" timems="0.067" reason="excess free space following gc" timestamp="2019-07-02T23:04:57.418" />
<gc-end id="7865" type="global" contextid="7859" durationms="3.788" usertimems="8.000" systemtimems="4.000" timestamp="2019-07-02T23:04:57.418" activeThreads="4">
  <mem-info id="7866" free="10356592" total="17170432" percent="60">
    <mem type="tenure" free="10356592" total="17170432" percent="60" micro-fragmented="388356" macro-fragmented="0">
      <mem type="soa" free="10356592" total="16999424" percent="60" />
      <mem type="loa" free="0" total="171008" percent="0" />
    </mem>
  </mem-info>
</gc-end>
<cycle-end id="7867" type="global" contextid="7859" timestamp="2019-07-02T23:04:57.418">
  <attribute name="GC Util" value="256" />
  <attribute name="CPU Util" value="7669886206700" />
  <attribute name="Time Running"value="8052"/>
  <attribute name="Number of cores"value="4"/>
</cycle-end>
<allocation-satisfied id="7868" threadId="0000000001129500" bytesRequested="24" />
<af-end id="7869" timestamp="2019-07-02T23:04:57.418" threadId="0000000001129E88" success="true" />
<exclusive-end id="7870" timestamp="2019-07-02T23:04:57.419" durationms="4.571" />

<exclusive-start id="7871" timestamp="2019-07-02T23:04:57.423" intervalms="9.433">
  <response-info timems="0.030" idlems="0.028" threads="2" lastid="0000000001130D00" lastname="Thread-9" />
</exclusive-start>
<af-start id="7872" threadId="0000000001135288" totalBytesRequested="40" timestamp="2019-07-02T23:04:57.423" intervalms="9.395" />
<cycle-start id="7873" type="global" contextid="0" timestamp="2019-07-02T23:04:57.424" intervalms="9.356" />
  <attribute name="GC Util" value="256" />
  <attribute name="CPU Util" value="7669886206700" />
  <attribute name="Time Running"value="8052"/>
  <attribute name="Number of cores"value="4"/>
<gc-start id="7874" type="global" contextid="7873" timestamp="2019-07-02T23:04:57.424">
  <mem-info id="7875" free="0" total="17170432" percent="0">
    <mem type="tenure" free="0" total="17170432" percent="0">
      <mem type="soa" free="0" total="16999424" percent="0" />
      <mem type="loa" free="0" total="171008" percent="0" />
    </mem>
  </mem-info>
</gc-start>
<allocation-stats totalBytes="10322936" >
  <allocated-bytes non-tlh="0" tlh="10322936" />
  <largest-consumer threadName="Thread-8" threadId="000000000112D100" bytes="4124808" />
</allocation-stats>
<gc-op id="7876" type="mark" timems="2.206" contextid="7873" timestamp="2019-07-02T23:04:57.426">
  <trace-info objectcount="70826" scancount="63278" scanbytes="2391772" />
  <finalization candidates="124" enqueued="0" />
  <ownableSynchronizers candidates="3" cleared="0" />
  <references type="soft" candidates="84" cleared="0" enqueued="0" dynamicThreshold="19" maxThreshold="32" />
  <references type="weak" candidates="774" cleared="0" enqueued="0" />
  <references type="phantom" candidates="63" cleared="0" enqueued="0" />
  <stringconstants candidates="4574" cleared="0"  />
</gc-op>
<gc-op id="7877" type="sweep" timems="0.939" contextid="7873" timestamp="2019-07-02T23:04:57.427" />
<gc-end id="7878" type="global" contextid="7873" durationms="3.363" usertimems="8.000" systemtimems="0.000" timestamp="2019-07-02T23:04:57.427" activeThreads="4">
  <mem-info id="7879" free="10417720" total="17170432" percent="60">
    <mem type="tenure" free="10417720" total="17170432" percent="60" micro-fragmented="212736" macro-fragmented="0">
      <mem type="soa" free="10246712" total="16999424" percent="60" />
      <mem type="loa" free="171008" total="171008" percent="100" />
    </mem>
  </mem-info>
</gc-end>
<cycle-end id="7880" type="global" contextid="7873" timestamp="2019-07-02T23:04:57.427">
  <attribute name="GC Util" value="254" />
  <attribute name="CPU Util" value="8147667813020" />
  <attribute name="Time Running"value="8061"/>
  <attribute name="Number of cores"value="4"/>
</cycle-end>
<allocation-satisfied id="7881" threadId="0000000001134900" bytesRequested="40" />
<af-end id="7882" timestamp="2019-07-02T23:04:57.427" threadId="0000000001135288" success="true" />
<exclusive-end id="7883" timestamp="2019-07-02T23:04:57.427" durationms="3.712" />

<exclusive-start id="7884" timestamp="2019-07-02T23:04:57.431" intervalms="8.121">
  <response-info timems="0.022" idlems="0.021" threads="2" lastid="0000000001134900" lastname="Thread-7" />
</exclusive-start>
<af-start id="7885" threadId="000000000112DA88" totalBytesRequested="40" timestamp="2019-07-02T23:04:57.432" intervalms="8.146" />
<cycle-start id="7886" type="global" contextid="0" timestamp="2019-07-02T23:04:57.432" intervalms="8.159" />
  <attribute name="GC Util" value="254" />
  <attribute name="CPU Util" value="8147667813020" />
  <attribute name="Time Running"value="8061"/>
  <attribute name="Number of cores"value="4"/>
<gc-start id="7887" type="global" contextid="7886" timestamp="2019-07-02T23:04:57.432">
  <mem-info id="7888" free="171008" total="17170432" percent="0">
    <mem type="tenure" free="171008" total="17170432" percent="0">
      <mem type="soa" free="0" total="16999424" percent="0" />
      <mem type="loa" free="171008" total="171008" percent="100" />
    </mem>
  </mem-info>
</gc-start>
<allocation-stats totalBytes="10209768" >
  <allocated-bytes non-tlh="0" tlh="10209768" />
  <largest-consumer threadName="Thread-7" threadId="0000000001134900" bytes="3293728" />
</allocation-stats>
<gc-op id="7889" type="mark" timems="1.389" contextid="7886" timestamp="2019-07-02T23:04:57.433">
  <trace-info objectcount="71371" scancount="63801" scanbytes="2403940" />
  <finalization candidates="124" enqueued="0" />
  <ownableSynchronizers candidates="3" cleared="0" />
  <references type="soft" candidates="84" cleared="0" enqueued="0" dynamicThreshold="19" maxThreshold="32" />
  <references type="weak" candidates="774" cleared="0" enqueued="0" />
  <references type="phantom" candidates="63" cleared="0" enqueued="0" />
  <stringconstants candidates="4574" cleared="0"  />
</gc-op>
<gc-op id="7890" type="sweep" timems="0.471" contextid="7886" timestamp="2019-07-02T23:04:57.434" />
<gc-end id="7891" type="global" contextid="7886" durationms="2.122" usertimems="4.000" systemtimems="0.000" timestamp="2019-07-02T23:04:57.434" activeThreads="4">
  <mem-info id="7892" free="10307816" total="17170432" percent="60">
    <mem type="tenure" free="10307816" total="17170432" percent="60" micro-fragmented="256137" macro-fragmented="0">
      <mem type="soa" free="10136808" total="16999424" percent="59" />
      <mem type="loa" free="171008" total="171008" percent="100" />
    </mem>
  </mem-info>
</gc-end>
<cycle-end id="7893" type="global" contextid="7886" timestamp="2019-07-02T23:04:57.434">
  <attribute name="GC Util" value="229" />
  <attribute name="CPU Util" value="12660032603345" />
  <attribute name="Time Running"value="8069"/>
  <attribute name="Number of cores"value="4"/>
</cycle-end>
<allocation-satisfied id="7894" threadId="000000000112D100" bytesRequested="40" />
<af-end id="7895" timestamp="2019-07-02T23:04:57.434" threadId="000000000112DA88" success="true" />
<exclusive-end id="7896" timestamp="2019-07-02T23:04:57.434" durationms="2.616" />

<exclusive-start id="7897" timestamp="2019-07-02T23:04:57.438" intervalms="6.249">
  <response-info timems="0.020" idlems="0.018" threads="2" lastid="0000000001134900" lastname="Thread-7" />
</exclusive-start>
<af-start id="7898" threadId="000000000112DA88" totalBytesRequested="24" timestamp="2019-07-02T23:04:57.438" intervalms="6.228" />
<cycle-start id="7899" type="global" contextid="0" timestamp="2019-07-02T23:04:57.438" intervalms="6.225" />
  <attribute name="GC Util" value="229" />
  <attribute name="CPU Util" value="12660032603345" />
  <attribute name="Time Running"value="8069"/>
  <attribute name="Number of cores"value="4"/>
<gc-start id="7900" type="global" contextid="7899" timestamp="2019-07-02T23:04:57.438">
  <mem-info id="7901" free="171008" total="17170432" percent="0">
    <mem type="tenure" free="171008" total="17170432" percent="0">
      <mem type="soa" free="0" total="16999424" percent="0" />
      <mem type="loa" free="171008" total="171008" percent="100" />
    </mem>
  </mem-info>
</gc-start>
<allocation-stats totalBytes="10099656" >
  <allocated-bytes non-tlh="0" tlh="10099656" />
  <largest-consumer threadName="Thread-8" threadId="000000000112D100" bytes="3037568" />
</allocation-stats>
<gc-op id="7902" type="mark" timems="2.006" contextid="7899" timestamp="2019-07-02T23:04:57.440">
  <trace-info objectcount="72423" scancount="64862" scanbytes="2429972" />
  <finalization candidates="124" enqueued="0" />
  <ownableSynchronizers candidates="3" cleared="0" />
  <references type="soft" candidates="84" cleared="0" enqueued="0" dynamicThreshold="19" maxThreshold="32" />
  <references type="weak" candidates="774" cleared="0" enqueued="0" />
  <references type="phantom" candidates="63" cleared="0" enqueued="0" />
  <stringconstants candidates="4574" cleared="0"  />
</gc-op>
<gc-op id="7903" type="sweep" timems="0.981" contextid="7899" timestamp="2019-07-02T23:04:57.441" />
<heap-resize id="7904" type="expand" space="tenure" amount="1048576" count="1" timems="0.076" reason="excessive time being spent in gc" timestamp="2019-07-02T23:04:57.441" />
<gc-end id="7905" type="global" contextid="7899" durationms="3.386" usertimems="8.000" systemtimems="0.000" timestamp="2019-07-02T23:04:57.441" activeThreads="4">
  <mem-info id="7906" free="11205688" total="18219008" percent="61">
    <mem type="tenure" free="11205688" total="18219008" percent="61" micro-fragmented="262832" macro-fragmented="0">
      <mem type="soa" free="11024440" total="18037760" percent="61" />
      <mem type="loa" free="181248" total="181248" percent="100" />
    </mem>
  </mem-info>
</gc-end>
<cycle-end id="7907" type="global" contextid="7899" timestamp="2019-07-02T23:04:57.441">
  <attribute name="GC Util" value="257" />
  <attribute name="CPU Util" value="8916281686894" />
  <attribute name="Time Running"value="8075"/>
  <attribute name="Number of cores"value="4"/>
</cycle-end>
<allocation-satisfied id="7908" threadId="000000000112D100" bytesRequested="24" />
<af-end id="7909" timestamp="2019-07-02T23:04:57.442" threadId="000000000112DA88" success="true" />
<exclusive-end id="7910" timestamp="2019-07-02T23:04:57.442" durationms="3.861" />

<exclusive-start id="7911" timestamp="2019-07-02T23:04:57.446" intervalms="8.065">
  <response-info timems="0.023" idlems="0.023" threads="0" lastid="000000000112D100" lastname="Thread-8" />
</exclusive-start>
<af-start id="7912" threadId="000000000112DA88" totalBytesRequested="40" timestamp="2019-07-02T23:04:57.446" intervalms="8.068" />
<cycle-start id="7913" type="global" contextid="0" timestamp="2019-07-02T23:04:57.446" intervalms="8.065" />
  <attribute name="GC Util" value="257" />
  <attribute name="CPU Util" value="8916281686894" />
  <attribute name="Time Running"value="8075"/>
  <attribute name="Number of cores"value="4"/>
<gc-start id="7914" type="global" contextid="7913" timestamp="2019-07-02T23:04:57.446">
  <mem-info id="7915" free="181248" total="18219008" percent="0">
    <mem type="tenure" free="181248" total="18219008" percent="0">
      <mem type="soa" free="0" total="18037760" percent="0" />
      <mem type="loa" free="181248" total="181248" percent="100" />
    </mem>
  </mem-info>
</gc-start>
<allocation-stats totalBytes="10984008" >
  <allocated-bytes non-tlh="0" tlh="10984008" />
  <largest-consumer threadName="Thread-8" threadId="000000000112D100" bytes="3422528" />
</allocation-stats>
<gc-op id="7916" type="mark" timems="2.158" contextid="7913" timestamp="2019-07-02T23:04:57.448">
  <trace-info objectcount="73124" scancount="65555" scanbytes="2446596" />
  <finalization candidates="124" enqueued="0" />
  <ownableSynchronizers candidates="3" cleared="0" />
  <references type="soft" candidates="84" cleared="0" enqueued="0" dynamicThreshold="19" maxThreshold="32" />
  <references type="weak" candidates="774" cleared="0" enqueued="0" />
  <references type="phantom" candidates="63" cleared="0" enqueued="0" />
  <stringconstants candidates="4574" cleared="0"  />
</gc-op>
<gc-op id="7917" type="sweep" timems="0.974" contextid="7913" timestamp="2019-07-02T23:04:57.449" />
<gc-end id="7918" type="global" contextid="7913" durationms="3.384" usertimems="4.000" systemtimems="4.000" timestamp="2019-07-02T23:04:57.449" activeThreads="4">
  <mem-info id="7919" free="11086120" total="18219008" percent="60">
    <mem type="tenure" free="11086120" total="18219008" percent="60" micro-fragmented="332216" macro-fragmented="0">
      <mem type="soa" free="10904872" total="18037760" percent="60" />
      <mem type="loa" free="181248" total="181248" percent="100" />
    </mem>
  </mem-info>
</gc-end>
<cycle-end id="7920" type="global" contextid="7913" timestamp="2019-07-02T23:04:57.449">
  <attribute name="GC Util" value="263" />
  <attribute name="CPU Util" value="8312961227455" />
  <attribute name="Time Running"value="8084"/>
  <attribute name="Number of cores"value="4"/>
</cycle-end>
<allocation-satisfied id="7921" threadId="000000000112D100" bytesRequested="40" />
<af-end id="7922" timestamp="2019-07-02T23:04:57.450" threadId="000000000112DA88" success="true" />
<exclusive-end id="7923" timestamp="2019-07-02T23:04:57.450" durationms="3.920" />

<exclusive-start id="7924" timestamp="2019-07-02T23:04:57.454" intervalms="7.934">
  <response-info timems="0.023" idlems="0.022" threads="1" lastid="0000000001129500" lastname="Thread-10" />
</exclusive-start>
<af-start id="7925" threadId="0000000001135288" totalBytesRequested="40" timestamp="2019-07-02T23:04:57.454" intervalms="7.927" />
<cycle-start id="7926" type="global" contextid="0" timestamp="2019-07-02T23:04:57.454" intervalms="7.921" />
  <attribute name="GC Util" value="263" />
  <attribute name="CPU Util" value="8312961227455" />
  <attribute name="Time Running"value="8084"/>
  <attribute name="Number of cores"value="4"/>
<gc-start id="7927" type="global" contextid="7926" timestamp="2019-07-02T23:04:57.454">
  <mem-info id="7928" free="181248" total="18219008" percent="0">
    <mem type="tenure" free="181248" total="18219008" percent="0">
      <mem type="soa" free="0" total="18037760" percent="0" />
      <mem type="loa" free="181248" total="181248" percent="100" />
    </mem>
  </mem-info>
</gc-start>
<allocation-stats totalBytes="10862008" >
  <allocated-bytes non-tlh="23160" tlh="10838848" />
  <largest-consumer threadName="Thread-8" threadId="000000000112D100" bytes="3283648" />
</allocation-stats>
<gc-op id="7929" type="mark" timems="2.131" contextid="7926" timestamp="2019-07-02T23:04:57.456">
  <trace-info objectcount="69308" scancount="61739" scanbytes="2355388" />
  <finalization candidates="124" enqueued="0" />
  <ownableSynchronizers candidates="3" cleared="0" />
  <references type="soft" candidates="84" cleared="0" enqueued="0" dynamicThreshold="19" maxThreshold="32" />
  <references type="weak" candidates="774" cleared="0" enqueued="0" />
  <references type="phantom" candidates="63" cleared="0" enqueued="0" />
  <stringconstants candidates="4574" cleared="0"  />
</gc-op>
<gc-op id="7930" type="sweep" timems="0.934" contextid="7926" timestamp="2019-07-02T23:04:57.457" />
<gc-end id="7931" type="global" contextid="7926" durationms="3.286" usertimems="8.000" systemtimems="0.000" timestamp="2019-07-02T23:04:57.457" activeThreads="4">
  <mem-info id="7932" free="11642864" total="18219008" percent="63">
    <mem type="tenure" free="11642864" total="18219008" percent="63" micro-fragmented="162758" macro-fragmented="0">
      <mem type="soa" free="11461616" total="18037760" percent="63" />
      <mem type="loa" free="181248" total="181248" percent="100" />
    </mem>
  </mem-info>
</gc-end>
<cycle-end id="7933" type="global" contextid="7926" timestamp="2019-07-02T23:04:57.457">
  <attribute name="GC Util" value="259" />
  <attribute name="CPU Util" value="8434539892864" />
  <attribute name="Time Running"value="8091"/>
  <attribute name="Number of cores"value="4"/>
</cycle-end>
<allocation-satisfied id="7934" threadId="0000000001134900" bytesRequested="40" />
<af-end id="7935" timestamp="2019-07-02T23:04:57.457" threadId="0000000001135288" success="true" />
<exclusive-end id="7936" timestamp="2019-07-02T23:04:57.458" durationms="3.764" />

<exclusive-start id="7937" timestamp="2019-07-02T23:04:57.462" intervalms="8.392">
  <response-info timems="0.034" idlems="0.033" threads="1" lastid="0000000001129500" lastname="Thread-10" />
</exclusive-start>
<af-start id="7938" threadId="0000000001131688" totalBytesRequested="40" timestamp="2019-07-02T23:04:57.462" intervalms="8.429" />
<cycle-start id="7939" type="global" contextid="0" timestamp="2019-07-02T23:04:57.462" intervalms="8.451" />
  <attribute name="GC Util" value="259" />
  <attribute name="CPU Util" value="8434539892864" />
  <attribute name="Time Running"value="8091"/>
  <attribute name="Number of cores"value="4"/>
<gc-start id="7940" type="global" contextid="7939" timestamp="2019-07-02T23:04:57.462">
  <mem-info id="7941" free="181248" total="18219008" percent="0">
    <mem type="tenure" free="181248" total="18219008" percent="0">
      <mem type="soa" free="0" total="18037760" percent="0" />
      <mem type="loa" free="181248" total="181248" percent="100" />
    </mem>
  </mem-info>
</gc-start>
<allocation-stats totalBytes="11480536" >
  <allocated-bytes non-tlh="0" tlh="11480536" />
  <largest-consumer threadName="Thread-9" threadId="0000000001130D00" bytes="3076056" />
</allocation-stats>
<gc-op id="7942" type="mark" timems="1.142" contextid="7939" timestamp="2019-07-02T23:04:57.464">
  <trace-info objectcount="69862" scancount="62287" scanbytes="2368156" />
  <finalization candidates="124" enqueued="0" />
  <ownableSynchronizers candidates="3" cleared="0" />
  <references type="soft" candidates="84" cleared="0" enqueued="0" dynamicThreshold="20" maxThreshold="32" />
  <references type="weak" candidates="774" cleared="0" enqueued="0" />
  <references type="phantom" candidates="63" cleared="0" enqueued="0" />
  <stringconstants candidates="4574" cleared="0"  />
</gc-op>
<gc-op id="7943" type="sweep" timems="0.451" contextid="7939" timestamp="2019-07-02T23:04:57.464" />
<heap-resize id="7944" type="contract" space="tenure" amount="131072" count="1" timems="0.074" reason="excess free space following gc" timestamp="2019-07-02T23:04:57.464" />
<gc-end id="7945" type="global" contextid="7939" durationms="1.963" usertimems="4.000" systemtimems="0.000" timestamp="2019-07-02T23:04:57.464" activeThreads="4">
  <mem-info id="7946" free="11327704" total="18087936" percent="62">
    <mem type="tenure" free="11327704" total="18087936" percent="62" micro-fragmented="231485" macro-fragmented="0">
      <mem type="soa" free="11259136" total="17907712" percent="62" />
      <mem type="loa" free="68568" total="180224" percent="38" />
    </mem>
  </mem-info>
</gc-end>
<cycle-end id="7947" type="global" contextid="7939" timestamp="2019-07-02T23:04:57.464">
  <attribute name="GC Util" value="225" />
  <attribute name="CPU Util" value="15331835842364" />
  <attribute name="Time Running"value="8099"/>
  <attribute name="Number of cores"value="4"/>
</cycle-end>
<allocation-satisfied id="7948" threadId="0000000001130D00" bytesRequested="40" />
<af-end id="7949" timestamp="2019-07-02T23:04:57.465" threadId="0000000001131688" success="true" />
<exclusive-end id="7950" timestamp="2019-07-02T23:04:57.465" durationms="2.577" />

<exclusive-start id="7951" timestamp="2019-07-02T23:04:57.469" intervalms="7.295">
  <response-info timems="0.022" idlems="0.022" threads="1" lastid="0000000001129500" lastname="Thread-10" />
</exclusive-start>
<af-start id="7952" threadId="000000000112DA88" totalBytesRequested="40" timestamp="2019-07-02T23:04:57.470" intervalms="7.270" />
<cycle-start id="7953" type="global" contextid="0" timestamp="2019-07-02T23:04:57.470" intervalms="7.260" />
  <attribute name="GC Util" value="225" />
  <attribute name="CPU Util" value="15331835842364" />
  <attribute name="Time Running"value="8099"/>
  <attribute name="Number of cores"value="4"/>
<gc-start id="7954" type="global" contextid="7953" timestamp="2019-07-02T23:04:57.470">
  <mem-info id="7955" free="68568" total="18087936" percent="0">
    <mem type="tenure" free="68568" total="18087936" percent="0">
      <mem type="soa" free="0" total="17907712" percent="0" />
      <mem type="loa" free="68568" total="180224" percent="38" />
    </mem>
  </mem-info>
</gc-start>
<allocation-stats totalBytes="11248536" >
  <allocated-bytes non-tlh="0" tlh="11248536" />
  <largest-consumer threadName="Thread-7" threadId="0000000001134900" bytes="3124144" />
</allocation-stats>
<gc-op id="7956" type="mark" timems="2.546" contextid="7953" timestamp="2019-07-02T23:04:57.472">
  <trace-info objectcount="70697" scancount="63111" scanbytes="2388484" />
  <finalization candidates="124" enqueued="0" />
  <ownableSynchronizers candidates="3" cleared="0" />
  <references type="soft" candidates="84" cleared="0" enqueued="0" dynamicThreshold="20" maxThreshold="32" />
  <references type="weak" candidates="774" cleared="0" enqueued="0" />
  <references type="phantom" candidates="63" cleared="0" enqueued="0" />
  <stringconstants candidates="4574" cleared="0"  />
</gc-op>
<gc-op id="7957" type="sweep" timems="0.935" contextid="7953" timestamp="2019-07-02T23:04:57.473" />
<heap-resize id="7958" type="contract" space="tenure" amount="65536" count="1" timems="0.085" reason="excess free space following gc" timestamp="2019-07-02T23:04:57.473" />
<gc-end id="7959" type="global" contextid="7953" durationms="3.942" usertimems="8.000" systemtimems="0.000" timestamp="2019-07-02T23:04:57.474" activeThreads="4">
  <mem-info id="7960" free="11117352" total="18022400" percent="61">
    <mem type="tenure" free="11117352" total="18022400" percent="61" micro-fragmented="309164" macro-fragmented="0">
      <mem type="soa" free="11117352" total="17842176" percent="62" />
      <mem type="loa" free="0" total="180224" percent="0" />
    </mem>
  </mem-info>
</gc-end>
<cycle-end id="7961" type="global" contextid="7953" timestamp="2019-07-02T23:04:57.474">
  <attribute name="GC Util" value="258" />
  <attribute name="CPU Util" value="7061649165969" />
  <attribute name="Time Running"value="8108"/>
  <attribute name="Number of cores"value="4"/>
</cycle-end>
<allocation-satisfied id="7962" threadId="000000000112D100" bytesRequested="40" />
<af-end id="7963" timestamp="2019-07-02T23:04:57.474" threadId="000000000112DA88" success="true" />
<exclusive-end id="7964" timestamp="2019-07-02T23:04:57.474" durationms="4.420" />

<exclusive-start id="7965" timestamp="2019-07-02T23:04:57.479" intervalms="9.067">
  <response-info timems="0.024" idlems="0.022" threads="1" lastid="0000000001134900" lastname="Thread-7" />
</exclusive-start>
<af-start id="7966" threadId="0000000001129E88" totalBytesRequested="40" timestamp="2019-07-02T23:04:57.479" intervalms="9.069" />
<cycle-start id="7967" type="global" contextid="0" timestamp="2019-07-02T23:04:57.479" intervalms="9.067" />
  <attribute name="GC Util" value="258" />
  <attribute name="CPU Util" value="7061649165969" />
  <attribute name="Time Running"value="8108"/>
  <attribute name="Number of cores"value="4"/>
<gc-start id="7968" type="global" contextid="7967" timestamp="2019-07-02T23:04:57.479">
  <mem-info id="7969" free="0" total="18022400" percent="0">
    <mem type="tenure" free="0" total="18022400" percent="0">
      <mem type="soa" free="0" total="17842176" percent="0" />
      <mem type="loa" free="0" total="180224" percent="0" />
    </mem>
  </mem-info>
</gc-start>
<allocation-stats totalBytes="11081240" >
  <allocated-bytes non-tlh="0" tlh="11081240" />
  <largest-consumer threadName="Thread-9" threadId="0000000001130D00" bytes="3023856" />
</allocation-stats>
<gc-op id="7970" type="mark" timems="2.017" contextid="7967" timestamp="2019-07-02T23:04:57.481">
  <trace-info objectcount="71472" scancount="63901" scanbytes="2407276" />
  <finalization candidates="124" enqueued="0" />
  <ownableSynchronizers candidates="3" cleared="0" />
  <references type="soft" candidates="84" cleared="0" enqueued="0" dynamicThreshold="19" maxThreshold="32" />
  <references type="weak" candidates="774" cleared="0" enqueued="0" />
  <references type="phantom" candidates="63" cleared="0" enqueued="0" />
  <stringconstants candidates="4574" cleared="0"  />
</gc-op>
<gc-op id="7971" type="sweep" timems="0.957" contextid="7967" timestamp="2019-07-02T23:04:57.482" />
<gc-end id="7972" type="global" contextid="7967" durationms="3.264" usertimems="4.000" systemtimems="4.000" timestamp="2019-07-02T23:04:57.482" activeThreads="4">
  <mem-info id="7973" free="10985800" total="18022400" percent="60">
    <mem type="tenure" free="10985800" total="18022400" percent="60" micro-fragmented="226127" macro-fragmented="0">
      <mem type="soa" free="10985800" total="17842176" percent="61" />
      <mem type="loa" free="0" total="180224" percent="0" />
    </mem>
  </mem-info>
</gc-end>
<cycle-end id="7974" type="global" contextid="7967" timestamp="2019-07-02T23:04:57.482">
  <attribute name="GC Util" value="257" />
  <attribute name="CPU Util" value="8868694952214" />
  <attribute name="Time Running"value="8116"/>
  <attribute name="Number of cores"value="4"/>
</cycle-end>
<allocation-satisfied id="7975" threadId="0000000001129500" bytesRequested="40" />
<af-end id="7976" timestamp="2019-07-02T23:04:57.482" threadId="0000000001129E88" success="true" />
<exclusive-end id="7977" timestamp="2019-07-02T23:04:57.482" durationms="3.932" />

<exclusive-start id="7978" timestamp="2019-07-02T23:04:57.487" intervalms="8.300">
  <response-info timems="0.025" idlems="0.024" threads="2" lastid="0000000001129500" lastname="Thread-10" />
</exclusive-start>
<af-start id="7979" threadId="0000000001135288" totalBytesRequested="40" timestamp="2019-07-02T23:04:57.487" intervalms="8.285" />
<cycle-start id="7980" type="global" contextid="0" timestamp="2019-07-02T23:04:57.487" intervalms="8.274" />
  <attribute name="GC Util" value="257" />
  <attribute name="CPU Util" value="8868694952214" />
  <attribute name="Time Running"value="8116"/>
  <attribute name="Number of cores"value="4"/>
<gc-start id="7981" type="global" contextid="7980" timestamp="2019-07-02T23:04:57.487">
  <mem-info id="7982" free="0" total="18022400" percent="0">
    <mem type="tenure" free="0" total="18022400" percent="0">
      <mem type="soa" free="0" total="17842176" percent="0" />
      <mem type="loa" free="0" total="180224" percent="0" />
    </mem>
  </mem-info>
</gc-start>
<allocation-stats totalBytes="10945680" >
  <allocated-bytes non-tlh="23160" tlh="10922520" />
  <largest-consumer threadName="Thread-7" threadId="0000000001134900" bytes="3239576" />
</allocation-stats>
<gc-op id="7983" type="mark" timems="2.328" contextid="7980" timestamp="2019-07-02T23:04:57.489">
  <trace-info objectcount="67575" scancount="60005" scanbytes="2313228" />
  <finalization candidates="124" enqueued="0" />
  <ownableSynchronizers candidates="3" cleared="0" />
  <references type="soft" candidates="84" cleared="0" enqueued="0" dynamicThreshold="19" maxThreshold="32" />
  <references type="weak" candidates="774" cleared="0" enqueued="0" />
  <references type="phantom" candidates="63" cleared="0" enqueued="0" />
  <stringconstants candidates="4574" cleared="0"  />
</gc-op>
<gc-op id="7984" type="sweep" timems="0.891" contextid="7980" timestamp="2019-07-02T23:04:57.490" />
<mem-info id="7985" free="11582328" total="18022400" percent="64">
  <mem type="tenure" free="11582328" total="18022400" percent="64" micro-fragmented="209592" macro-fragmented="24479">
    <mem type="soa" free="11508120" total="17842176" percent="64" />
    <mem type="loa" free="74208" total="180224" percent="41" />
  </mem>
</mem-info>
<gc-op id="7986" type="compact" timems="5.595" contextid="7980" timestamp="2019-07-02T23:04:57.496">
  <compact-info movecount="27836" movebytes="1218928" reason="compact to aid heap contraction" />
</gc-op>
<heap-resize id="7987" type="contract" space="tenure" amount="131072" count="1" timems="0.076" reason="excess free space following gc" timestamp="2019-07-02T23:04:57.496" />
<gc-end id="7988" type="global" contextid="7980" durationms="9.366" usertimems="20.000" systemtimems="0.000" timestamp="2019-07-02T23:04:57.496" activeThreads="4">
  <mem-info id="7989" free="11994040" total="17891328" percent="67">
    <mem type="tenure" free="11994040" total="17891328" percent="67">
      <mem type="soa" free="11865016" total="17713152" percent="66" />
      <mem type="loa" free="129024" total="178176" percent="72" />
    </mem>
  </mem-info>
</gc-end>
<cycle-end id="7990" type="global" contextid="7980" timestamp="2019-07-02T23:04:57.496">
  <attribute name="GC Util" value="148" />
  <attribute name="CPU Util" value="18216667095086" />
  <attribute name="Time Running"value="8126"/>
  <attribute name="Number of cores"value="4"/>
</cycle-end>
<allocation-satisfied id="7991" threadId="0000000001134900" bytesRequested="40" />
<af-end id="7992" timestamp="2019-07-02T23:04:57.497" threadId="0000000001135288" success="true" />
<exclusive-end id="7993" timestamp="2019-07-02T23:04:57.497" durationms="9.853" />

<exclusive-start id="7994" timestamp="2019-07-02T23:04:57.501" intervalms="14.323">
  <response-info timems="0.032" idlems="0.032" threads="0" lastid="0000000001129500" lastname="Thread-10" />
</exclusive-start>
<af-start id="7995" threadId="0000000001129E88" totalBytesRequested="40" timestamp="2019-07-02T23:04:57.501" intervalms="14.342" />
<cycle-start id="7996" type="global" contextid="0" timestamp="2019-07-02T23:04:57.501" intervalms="14.353" />
  <attribute name="GC Util" value="148" />
  <attribute name="CPU Util" value="18216667095086" />
  <attribute name="Time Running"value="8126"/>
  <attribute name="Number of cores"value="4"/>
<gc-start id="7997" type="global" contextid="7996" timestamp="2019-07-02T23:04:57.501">
  <mem-info id="7998" free="129024" total="17891328" percent="0">
    <mem type="tenure" free="129024" total="17891328" percent="0">
      <mem type="soa" free="0" total="17713152" percent="0" />
      <mem type="loa" free="129024" total="178176" percent="72" />
    </mem>
  </mem-info>
</gc-start>
<allocation-stats totalBytes="11928056" >
  <allocated-bytes non-tlh="0" tlh="11928056" />
  <largest-consumer threadName="Thread-7" threadId="0000000001134900" bytes="3505608" />
</allocation-stats>
<gc-op id="7999" type="mark" timems="2.063" contextid="7996" timestamp="2019-07-02T23:04:57.504">
  <trace-info objectcount="68690" scancount="61124" scanbytes="2340108" />
  <finalization candidates="124" enqueued="0" />
  <ownableSynchronizers candidates="3" cleared="0" />
  <references type="soft" candidates="84" cleared="0" enqueued="0" dynamicThreshold="21" maxThreshold="32" />
  <references type="weak" candidates="774" cleared="0" enqueued="0" />
  <references type="phantom" candidates="63" cleared="0" enqueued="0" />
  <stringconstants candidates="4574" cleared="0"  />
</gc-op>
<gc-op id="8000" type="sweep" timems="0.721" contextid="7996" timestamp="2019-07-02T23:04:57.504" />
<heap-resize id="8001" type="contract" space="tenure" amount="131072" count="1" timems="0.045" reason="excess free space following gc" timestamp="2019-07-02T23:04:57.504" />
<gc-end id="8002" type="global" contextid="7996" durationms="3.274" usertimems="8.000" systemtimems="0.000" timestamp="2019-07-02T23:04:57.505" activeThreads="4">
  <mem-info id="8003" free="11730968" total="17760256" percent="66">
    <mem type="tenure" free="11730968" total="17760256" percent="66" micro-fragmented="32465" macro-fragmented="0">
      <mem type="soa" free="11730968" total="17583104" percent="66" />
      <mem type="loa" free="0" total="177152" percent="0" />
    </mem>
  </mem-info>
</gc-end>
<cycle-end id="8004" type="global" contextid="7996" timestamp="2019-07-02T23:04:57.505">
  <attribute name="GC Util" value="253" />
  <attribute name="CPU Util" value="8701224376510" />
  <attribute name="Time Running"value="8139"/>
  <attribute name="Number of cores"value="4"/>
</cycle-end>
<allocation-satisfied id="8005" threadId="0000000001129500" bytesRequested="40" />
<af-end id="8006" timestamp="2019-07-02T23:04:57.505" threadId="0000000001129E88" success="true" />
<exclusive-end id="8007" timestamp="2019-07-02T23:04:57.505" durationms="3.876" />

<exclusive-start id="8008" timestamp="2019-07-02T23:04:57.509" intervalms="8.045">
  <response-info timems="0.025" idlems="0.025" threads="0" lastid="0000000001130D00" lastname="Thread-9" />
</exclusive-start>
<af-start id="8009" threadId="0000000001131688" totalBytesRequested="40" timestamp="2019-07-02T23:04:57.509" intervalms="8.081" />
<cycle-start id="8010" type="global" contextid="0" timestamp="2019-07-02T23:04:57.509" intervalms="8.092" />
  <attribute name="GC Util" value="253" />
  <attribute name="CPU Util" value="8701224376510" />
  <attribute name="Time Running"value="8139"/>
  <attribute name="Number of cores"value="4"/>
<gc-start id="8011" type="global" contextid="8010" timestamp="2019-07-02T23:04:57.509">
  <mem-info id="8012" free="0" total="17760256" percent="0">
    <mem type="tenure" free="0" total="17760256" percent="0">
      <mem type="soa" free="0" total="17583104" percent="0" />
      <mem type="loa" free="0" total="177152" percent="0" />
    </mem>
  </mem-info>
</gc-start>
<allocation-stats totalBytes="11728832" >
  <allocated-bytes non-tlh="0" tlh="11728832" />
  <largest-consumer threadName="Thread-9" threadId="0000000001130D00" bytes="3160264" />
</allocation-stats>
<gc-op id="8013" type="mark" timems="1.077" contextid="8010" timestamp="2019-07-02T23:04:57.511">
  <trace-info objectcount="69919" scancount="62343" scanbytes="2369524" />
  <finalization candidates="124" enqueued="0" />
  <ownableSynchronizers candidates="3" cleared="0" />
  <references type="soft" candidates="84" cleared="0" enqueued="0" dynamicThreshold="21" maxThreshold="32" />
  <references type="weak" candidates="774" cleared="0" enqueued="0" />
  <references type="phantom" candidates="63" cleared="0" enqueued="0" />
  <stringconstants candidates="4574" cleared="0"  />
</gc-op>
<gc-op id="8014" type="sweep" timems="0.324" contextid="8010" timestamp="2019-07-02T23:04:57.511" />
<heap-resize id="8015" type="contract" space="tenure" amount="65536" count="1" timems="0.097" reason="excess free space following gc" timestamp="2019-07-02T23:04:57.511" />
<gc-end id="8016" type="global" contextid="8010" durationms="1.973" usertimems="4.000" systemtimems="0.000" timestamp="2019-07-02T23:04:57.511" activeThreads="4">
  <mem-info id="8017" free="11585888" total="17694720" percent="65">
    <mem type="tenure" free="11585888" total="17694720" percent="65" micro-fragmented="33892" macro-fragmented="0">
      <mem type="soa" free="11585888" total="17518592" percent="66" />
      <mem type="loa" free="0" total="176128" percent="0" />
    </mem>
  </mem-info>
</gc-end>
<cycle-end id="8018" type="global" contextid="8010" timestamp="2019-07-02T23:04:57.512">
  <attribute name="GC Util" value="224" />
  <attribute name="CPU Util" value="15818174302061" />
  <attribute name="Time Running"value="8146"/>
  <attribute name="Number of cores"value="4"/>
</cycle-end>
<allocation-satisfied id="8019" threadId="0000000001130D00" bytesRequested="40" />
<af-end id="8020" timestamp="2019-07-02T23:04:57.512" threadId="0000000001131688" success="true" />
<exclusive-end id="8021" timestamp="2019-07-02T23:04:57.512" durationms="2.601" />

<exclusive-start id="8022" timestamp="2019-07-02T23:04:57.516" intervalms="6.737">
  <response-info timems="0.023" idlems="0.023" threads="0" lastid="0000000001130D00" lastname="Thread-9" />
</exclusive-start>
<af-start id="8023" threadId="0000000001131688" totalBytesRequested="40" timestamp="2019-07-02T23:04:57.516" intervalms="6.689" />
<cycle-start id="8024" type="global" contextid="0" timestamp="2019-07-02T23:04:57.516" intervalms="6.673" />
  <attribute name="GC Util" value="224" />
  <attribute name="CPU Util" value="15818174302061" />
  <attribute name="Time Running"value="8146"/>
  <attribute name="Number of cores"value="4"/>
<gc-start id="8025" type="global" contextid="8024" timestamp="2019-07-02T23:04:57.516">
  <mem-info id="8026" free="0" total="17694720" percent="0">
    <mem type="tenure" free="0" total="17694720" percent="0">
      <mem type="soa" free="0" total="17518592" percent="0" />
      <mem type="loa" free="0" total="176128" percent="0" />
    </mem>
  </mem-info>
</gc-start>
<allocation-stats totalBytes="11579368" >
  <allocated-bytes non-tlh="0" tlh="11579368" />
  <largest-consumer threadName="Thread-9" threadId="0000000001130D00" bytes="3446048" />
</allocation-stats>
<gc-op id="8027" type="mark" timems="1.096" contextid="8024" timestamp="2019-07-02T23:04:57.517">
  <trace-info objectcount="66151" scancount="58582" scanbytes="2278836" />
  <finalization candidates="124" enqueued="0" />
  <ownableSynchronizers candidates="3" cleared="0" />
  <references type="soft" candidates="84" cleared="0" enqueued="0" dynamicThreshold="20" maxThreshold="32" />
  <references type="weak" candidates="774" cleared="0" enqueued="0" />
  <references type="phantom" candidates="63" cleared="0" enqueued="0" />
  <stringconstants candidates="4574" cleared="0"  />
</gc-op>
<gc-op id="8028" type="sweep" timems="0.280" contextid="8024" timestamp="2019-07-02T23:04:57.518" />
<mem-info id="8029" free="11546960" total="17694720" percent="65">
  <mem type="tenure" free="11546960" total="17694720" percent="65" micro-fragmented="183042" macro-fragmented="0">
    <mem type="soa" free="11546960" total="17518592" percent="65" />
    <mem type="loa" free="0" total="176128" percent="0" />
  </mem>
</mem-info>
<gc-op id="8030" type="compact" timems="3.870" contextid="8024" timestamp="2019-07-02T23:04:57.522">
  <compact-info movecount="20926" movebytes="915496" reason="compact to aid heap contraction" />
</gc-op>
<heap-resize id="8031" type="contract" space="tenure" amount="131072" count="1" timems="0.088" reason="excess free space following gc" timestamp="2019-07-02T23:04:57.522" />
<gc-end id="8032" type="global" contextid="8024" durationms="5.962" usertimems="8.000" systemtimems="0.000" timestamp="2019-07-02T23:04:57.522" activeThreads="4">
  <mem-info id="8033" free="11704848" total="17563648" percent="66">
    <mem type="tenure" free="11704848" total="17563648" percent="66">
      <mem type="soa" free="11574800" total="17388544" percent="66" />
      <mem type="loa" free="130048" total="175104" percent="74" />
    </mem>
  </mem-info>
</gc-end>
<cycle-end id="8034" type="global" contextid="8024" timestamp="2019-07-02T23:04:57.522">
  <attribute name="GC Util" value="23" />
  <attribute name="CPU Util" value="43483293334487" />
  <attribute name="Time Running"value="8153"/>
  <attribute name="Number of cores"value="4"/>
</cycle-end>
<allocation-satisfied id="8035" threadId="0000000001130D00" bytesRequested="40" />
<af-end id="8036" timestamp="2019-07-02T23:04:57.522" threadId="0000000001131688" success="true" />
<exclusive-end id="8037" timestamp="2019-07-02T23:04:57.522" durationms="6.559" />

<exclusive-start id="8038" timestamp="2019-07-02T23:04:57.526" intervalms="10.032">
  <response-info timems="0.024" idlems="0.024" threads="0" lastid="0000000001134900" lastname="Thread-7" />
</exclusive-start>
<af-start id="8039" threadId="0000000001135288" totalBytesRequested="40" timestamp="2019-07-02T23:04:57.526" intervalms="10.028" />
<cycle-start id="8040" type="global" contextid="0" timestamp="2019-07-02T23:04:57.526" intervalms="10.023" />
  <attribute name="GC Util" value="23" />
  <attribute name="CPU Util" value="43483293334487" />
  <attribute name="Time Running"value="8153"/>
  <attribute name="Number of cores"value="4"/>
<gc-start id="8041" type="global" contextid="8040" timestamp="2019-07-02T23:04:57.526">
  <mem-info id="8042" free="130048" total="17563648" percent="0">
    <mem type="tenure" free="130048" total="17563648" percent="0">
      <mem type="soa" free="0" total="17388544" percent="0" />
      <mem type="loa" free="130048" total="175104" percent="74" />
    </mem>
  </mem-info>
</gc-start>
<allocation-stats totalBytes="11638808" >
  <allocated-bytes non-tlh="0" tlh="11638808" />
  <largest-consumer threadName="Thread-9" threadId="0000000001130D00" bytes="3874048" />
</allocation-stats>
<gc-op id="8043" type="mark" timems="2.022" contextid="8040" timestamp="2019-07-02T23:04:57.528">
  <trace-info objectcount="62943" scancount="55366" scanbytes="2201996" />
  <finalization candidates="124" enqueued="0" />
  <ownableSynchronizers candidates="3" cleared="0" />
  <references type="soft" candidates="84" cleared="0" enqueued="0" dynamicThreshold="21" maxThreshold="32" />
  <references type="weak" candidates="774" cleared="0" enqueued="0" />
  <references type="phantom" candidates="63" cleared="0" enqueued="0" />
  <stringconstants candidates="4574" cleared="0"  />
</gc-op>
<gc-op id="8044" type="sweep" timems="0.711" contextid="8040" timestamp="2019-07-02T23:04:57.529" />
<heap-resize id="8045" type="contract" space="tenure" amount="131072" count="1" timems="0.044" reason="excess free space following gc" timestamp="2019-07-02T23:04:57.529" />
<gc-end id="8046" type="global" contextid="8040" durationms="3.053" usertimems="8.000" systemtimems="0.000" timestamp="2019-07-02T23:04:57.529" activeThreads="4">
  <mem-info id="8047" free="11414216" total="17432576" percent="65">
    <mem type="tenure" free="11414216" total="17432576" percent="65" micro-fragmented="101547" macro-fragmented="0">
      <mem type="soa" free="11314928" total="17258496" percent="65" />
      <mem type="loa" free="99288" total="174080" percent="57" />
    </mem>
  </mem-info>
</gc-end>
<cycle-end id="8048" type="global" contextid="8040" timestamp="2019-07-02T23:04:57.529">
  <attribute name="GC Util" value="254" />
  <attribute name="CPU Util" value="8871548369043" />
  <attribute name="Time Running"value="8164"/>
  <attribute name="Number of cores"value="4"/>
</cycle-end>
<allocation-satisfied id="8049" threadId="0000000001134900" bytesRequested="40" />
<af-end id="8050" timestamp="2019-07-02T23:04:57.529" threadId="0000000001135288" success="true" />
<exclusive-end id="8051" timestamp="2019-07-02T23:04:57.529" durationms="3.489" />

<exclusive-start id="8052" timestamp="2019-07-02T23:04:57.533" intervalms="7.371">
  <response-info timems="0.027" idlems="0.027" threads="0" lastid="0000000001130D00" lastname="Thread-9" />
</exclusive-start>
<af-start id="8053" threadId="0000000001131688" totalBytesRequested="40" timestamp="2019-07-02T23:04:57.533" intervalms="7.378" />
<cycle-start id="8054" type="global" contextid="0" timestamp="2019-07-02T23:04:57.533" intervalms="7.387" />
  <attribute name="GC Util" value="254" />
  <attribute name="CPU Util" value="8871548369043" />
  <attribute name="Time Running"value="8164"/>
  <attribute name="Number of cores"value="4"/>
<gc-start id="8055" type="global" contextid="8054" timestamp="2019-07-02T23:04:57.534">
  <mem-info id="8056" free="99288" total="17432576" percent="0">
    <mem type="tenure" free="99288" total="17432576" percent="0">
      <mem type="soa" free="0" total="17258496" percent="0" />
      <mem type="loa" free="99288" total="174080" percent="57" />
    </mem>
  </mem-info>
</gc-start>
<allocation-stats totalBytes="11373304" >
  <allocated-bytes non-tlh="0" tlh="11373304" />
  <largest-consumer threadName="Thread-9" threadId="0000000001130D00" bytes="3204240" />
</allocation-stats>
<gc-op id="8057" type="mark" timems="1.032" contextid="8054" timestamp="2019-07-02T23:04:57.535">
  <trace-info objectcount="64358" scancount="56781" scanbytes="2236708" />
  <finalization candidates="124" enqueued="0" />
  <ownableSynchronizers candidates="3" cleared="0" />
  <references type="soft" candidates="84" cleared="0" enqueued="0" dynamicThreshold="20" maxThreshold="32" />
  <references type="weak" candidates="774" cleared="0" enqueued="0" />
  <references type="phantom" candidates="63" cleared="0" enqueued="0" />
  <stringconstants candidates="4574" cleared="0"  />
</gc-op>
<gc-op id="8058" type="sweep" timems="0.274" contextid="8054" timestamp="2019-07-02T23:04:57.535" />
<heap-resize id="8059" type="contract" space="tenure" amount="131072" count="1" timems="0.053" reason="excess free space following gc" timestamp="2019-07-02T23:04:57.535" />
<gc-end id="8060" type="global" contextid="8054" durationms="1.725" usertimems="4.000" systemtimems="0.000" timestamp="2019-07-02T23:04:57.535" activeThreads="4">
  <mem-info id="8061" free="11078648" total="17301504" percent="64">
    <mem type="tenure" free="11078648" total="17301504" percent="64" micro-fragmented="124548" macro-fragmented="0">
      <mem type="soa" free="11078648" total="17129472" percent="64" />
      <mem type="loa" free="0" total="172032" percent="0" />
    </mem>
  </mem-info>
</gc-end>
<cycle-end id="8062" type="global" contextid="8054" timestamp="2019-07-02T23:04:57.535">
  <attribute name="GC Util" value="223" />
  <attribute name="CPU Util" value="16879653449890" />
  <attribute name="Time Running"value="8170"/>
  <attribute name="Number of cores"value="4"/>
</cycle-end>
<allocation-satisfied id="8063" threadId="0000000001130D00" bytesRequested="40" />
<af-end id="8064" timestamp="2019-07-02T23:04:57.536" threadId="0000000001131688" success="true" />
<exclusive-end id="8065" timestamp="2019-07-02T23:04:57.536" durationms="2.253" />

<exclusive-start id="8066" timestamp="2019-07-02T23:04:57.540" intervalms="6.355">
  <response-info timems="0.022" idlems="0.020" threads="1" lastid="0000000001134900" lastname="Thread-7" />
</exclusive-start>
<af-start id="8067" threadId="000000000112DA88" totalBytesRequested="40" timestamp="2019-07-02T23:04:57.540" intervalms="6.357" />
<cycle-start id="8068" type="global" contextid="0" timestamp="2019-07-02T23:04:57.540" intervalms="6.359" />
  <attribute name="GC Util" value="223" />
  <attribute name="CPU Util" value="16879653449890" />
  <attribute name="Time Running"value="8170"/>
  <attribute name="Number of cores"value="4"/>
<gc-start id="8069" type="global" contextid="8068" timestamp="2019-07-02T23:04:57.540">
  <mem-info id="8070" free="0" total="17301504" percent="0">
    <mem type="tenure" free="0" total="17301504" percent="0">
      <mem type="soa" free="0" total="17129472" percent="0" />
      <mem type="loa" free="0" total="172032" percent="0" />
    </mem>
  </mem-info>
</gc-start>
<allocation-stats totalBytes="11089464" >
  <allocated-bytes non-tlh="0" tlh="11089464" />
  <largest-consumer threadName="Thread-9" threadId="0000000001130D00" bytes="3217072" />
</allocation-stats>
<gc-op id="8071" type="mark" timems="2.073" contextid="8068" timestamp="2019-07-02T23:04:57.542">
  <trace-info objectcount="65370" scancount="57800" scanbytes="2261252" />
  <finalization candidates="124" enqueued="0" />
  <ownableSynchronizers candidates="3" cleared="0" />
  <references type="soft" candidates="84" cleared="0" enqueued="0" dynamicThreshold="20" maxThreshold="32" />
  <references type="weak" candidates="774" cleared="0" enqueued="0" />
  <references type="phantom" candidates="63" cleared="0" enqueued="0" />
  <stringconstants candidates="4574" cleared="0"  />
</gc-op>
<gc-op id="8072" type="sweep" timems="0.768" contextid="8068" timestamp="2019-07-02T23:04:57.543" />
<heap-resize id="8073" type="contract" space="tenure" amount="65536" count="1" timems="0.051" reason="excess free space following gc" timestamp="2019-07-02T23:04:57.543" />
<gc-end id="8074" type="global" contextid="8068" durationms="3.200" usertimems="4.000" systemtimems="0.000" timestamp="2019-07-02T23:04:57.543" activeThreads="4">
  <mem-info id="8075" free="10922344" total="17235968" percent="63">
    <mem type="tenure" free="10922344" total="17235968" percent="63" micro-fragmented="144913" macro-fragmented="0">
      <mem type="soa" free="10922344" total="17063936" percent="64" />
      <mem type="loa" free="0" total="172032" percent="0" />
    </mem>
  </mem-info>
</gc-end>
<cycle-end id="8076" type="global" contextid="8068" timestamp="2019-07-02T23:04:57.543">
  <attribute name="GC Util" value="255" />
  <attribute name="CPU Util" value="8642840823635" />
  <attribute name="Time Running"value="8177"/>
  <attribute name="Number of cores"value="4"/>
</cycle-end>
<allocation-satisfied id="8077" threadId="000000000112D100" bytesRequested="40" />
<af-end id="8078" timestamp="2019-07-02T23:04:57.543" threadId="000000000112DA88" success="true" />
<exclusive-end id="8079" timestamp="2019-07-02T23:04:57.543" durationms="3.645" />

<exclusive-start id="8080" timestamp="2019-07-02T23:04:57.547" intervalms="7.598">
  <response-info timems="0.022" idlems="0.022" threads="0" lastid="0000000001129500" lastname="Thread-10" />
</exclusive-start>
<af-start id="8081" threadId="0000000001129E88" totalBytesRequested="40" timestamp="2019-07-02T23:04:57.547" intervalms="7.597" />
<cycle-start id="8082" type="global" contextid="0" timestamp="2019-07-02T23:04:57.547" intervalms="7.592" />
  <attribute name="GC Util" value="255" />
  <attribute name="CPU Util" value="8642840823635" />
  <attribute name="Time Running"value="8177"/>
  <attribute name="Number of cores"value="4"/>
<gc-start id="8083" type="global" contextid="8082" timestamp="2019-07-02T23:04:57.547">
  <mem-info id="8084" free="0" total="17235968" percent="0">
    <mem type="tenure" free="0" total="17235968" percent="0">
      <mem type="soa" free="0" total="17063936" percent="0" />
      <mem type="loa" free="0" total="172032" percent="0" />
    </mem>
  </mem-info>
</gc-start>
<allocation-stats totalBytes="10913200" >
  <allocated-bytes non-tlh="0" tlh="10913200" />
  <largest-consumer threadName="Thread-9" threadId="0000000001130D00" bytes="3249824" />
</allocation-stats>
<gc-op id="8085" type="mark" timems="1.787" contextid="8082" timestamp="2019-07-02T23:04:57.549">
  <trace-info objectcount="65949" scancount="58376" scanbytes="2274260" />
  <finalization candidates="124" enqueued="0" />
  <ownableSynchronizers candidates="3" cleared="0" />
  <references type="soft" candidates="84" cleared="0" enqueued="0" dynamicThreshold="20" maxThreshold="32" />
  <references type="weak" candidates="774" cleared="0" enqueued="0" />
  <references type="phantom" candidates="63" cleared="0" enqueued="0" />
  <stringconstants candidates="4574" cleared="0"  />
</gc-op>
<gc-op id="8086" type="sweep" timems="0.780" contextid="8082" timestamp="2019-07-02T23:04:57.550" />
<mem-info id="8087" free="10910024" total="17235968" percent="63">
  <mem type="tenure" free="10910024" total="17235968" percent="63" micro-fragmented="167351" macro-fragmented="0">
    <mem type="soa" free="10837024" total="17063936" percent="63" />
    <mem type="loa" free="73000" total="172032" percent="42" />
  </mem>
</mem-info>
<gc-op id="8088" type="compact" timems="5.272" contextid="8082" timestamp="2019-07-02T23:04:57.556">
  <compact-info movecount="26210" movebytes="1179960" reason="compact to aid heap contraction" />
</gc-op>
<heap-resize id="8089" type="contract" space="tenure" amount="131072" count="1" timems="0.074" reason="excess free space following gc" timestamp="2019-07-02T23:04:57.556" />
<gc-end id="8090" type="global" contextid="8082" durationms="8.496" usertimems="16.000" systemtimems="0.000" timestamp="2019-07-02T23:04:57.556" activeThreads="4">
  <mem-info id="8091" free="11254768" total="17104896" percent="65">
    <mem type="tenure" free="11254768" total="17104896" percent="65">
      <mem type="soa" free="11124720" total="16933888" percent="65" />
      <mem type="loa" free="130048" total="171008" percent="76" />
    </mem>
  </mem-info>
</gc-end>
<cycle-end id="8092" type="global" contextid="8082" timestamp="2019-07-02T23:04:57.556">
  <attribute name="GC Util" value="167" />
  <attribute name="CPU Util" value="20776261093914" />
  <attribute name="Time Running"value="8186"/>
  <attribute name="Number of cores"value="4"/>
</cycle-end>
<allocation-satisfied id="8093" threadId="0000000001129500" bytesRequested="40" />
<af-end id="8094" timestamp="2019-07-02T23:04:57.556" threadId="0000000001129E88" success="true" />
<exclusive-end id="8095" timestamp="2019-07-02T23:04:57.556" durationms="9.153" />

<exclusive-start id="8096" timestamp="2019-07-02T23:04:57.561" intervalms="13.479">
  <response-info timems="0.025" idlems="0.024" threads="1" lastid="0000000001129500" lastname="Thread-10" />
</exclusive-start>
<af-start id="8097" threadId="0000000001131688" totalBytesRequested="40" timestamp="2019-07-02T23:04:57.561" intervalms="13.516" />
<cycle-start id="8098" type="global" contextid="0" timestamp="2019-07-02T23:04:57.561" intervalms="13.522" />
  <attribute name="GC Util" value="167" />
  <attribute name="CPU Util" value="20776261093914" />
  <attribute name="Time Running"value="8186"/>
  <attribute name="Number of cores"value="4"/>
<gc-start id="8099" type="global" contextid="8098" timestamp="2019-07-02T23:04:57.561">
  <mem-info id="8100" free="130048" total="17104896" percent="0">
    <mem type="tenure" free="130048" total="17104896" percent="0">
      <mem type="soa" free="0" total="16933888" percent="0" />
      <mem type="loa" free="130048" total="171008" percent="76" />
    </mem>
  </mem-info>
</gc-start>
<allocation-stats totalBytes="11189616" >
  <allocated-bytes non-tlh="0" tlh="11189616" />
  <largest-consumer threadName="Thread-9" threadId="0000000001130D00" bytes="3374872" />
</allocation-stats>
<gc-op id="8101" type="mark" timems="1.077" contextid="8098" timestamp="2019-07-02T23:04:57.562">
  <trace-info objectcount="67232" scancount="59655" scanbytes="2305884" />
  <finalization candidates="124" enqueued="0" />
  <ownableSynchronizers candidates="3" cleared="0" />
  <references type="soft" candidates="84" cleared="0" enqueued="0" dynamicThreshold="21" maxThreshold="32" />
  <references type="weak" candidates="774" cleared="0" enqueued="0" />
  <references type="phantom" candidates="63" cleared="0" enqueued="0" />
  <stringconstants candidates="4574" cleared="0"  />
</gc-op>
<gc-op id="8102" type="sweep" timems="0.234" contextid="8098" timestamp="2019-07-02T23:04:57.563" />
<heap-resize id="8103" type="contract" space="tenure" amount="131072" count="1" timems="0.042" reason="excess free space following gc" timestamp="2019-07-02T23:04:57.563" />
<gc-end id="8104" type="global" contextid="8098" durationms="1.704" usertimems="4.000" systemtimems="0.000" timestamp="2019-07-02T23:04:57.563" activeThreads="4">
  <mem-info id="8105" free="10950408" total="16973824" percent="64">
    <mem type="tenure" free="10950408" total="16973824" percent="64" micro-fragmented="20589" macro-fragmented="0">
      <mem type="soa" free="10950408" total="16804864" percent="65" />
      <mem type="loa" free="0" total="168960" percent="0" />
    </mem>
  </mem-info>
</gc-end>
<cycle-end id="8106" type="global" contextid="8098" timestamp="2019-07-02T23:04:57.563">
  <attribute name="GC Util" value="214" />
  <attribute name="CPU Util" value="16277089013819" />
  <attribute name="Time Running"value="8197"/>
  <attribute name="Number of cores"value="4"/>
</cycle-end>
<allocation-satisfied id="8107" threadId="0000000001130D00" bytesRequested="40" />
<af-end id="8108" timestamp="2019-07-02T23:04:57.563" threadId="0000000001131688" success="true" />
<exclusive-end id="8109" timestamp="2019-07-02T23:04:57.563" durationms="2.251" />

<exclusive-start id="8110" timestamp="2019-07-02T23:04:57.567" intervalms="6.324">
  <response-info timems="0.046" idlems="0.046" threads="0" lastid="000000000112D100" lastname="Thread-8" />
</exclusive-start>
<af-start id="8111" threadId="000000000112DA88" totalBytesRequested="40" timestamp="2019-07-02T23:04:57.567" intervalms="6.282" />
<cycle-start id="8112" type="global" contextid="0" timestamp="2019-07-02T23:04:57.567" intervalms="6.278" />
  <attribute name="GC Util" value="214" />
  <attribute name="CPU Util" value="16277089013819" />
  <attribute name="Time Running"value="8197"/>
  <attribute name="Number of cores"value="4"/>
<gc-start id="8113" type="global" contextid="8112" timestamp="2019-07-02T23:04:57.567">
  <mem-info id="8114" free="0" total="16973824" percent="0">
    <mem type="tenure" free="0" total="16973824" percent="0">
      <mem type="soa" free="0" total="16804864" percent="0" />
      <mem type="loa" free="0" total="168960" percent="0" />
    </mem>
  </mem-info>
</gc-start>
<allocation-stats totalBytes="10948064" >
  <allocated-bytes non-tlh="0" tlh="10948064" />
  <largest-consumer threadName="Thread-9" threadId="0000000001130D00" bytes="3184480" />
</allocation-stats>
<gc-op id="8115" type="mark" timems="2.116" contextid="8112" timestamp="2019-07-02T23:04:57.569">
  <trace-info objectcount="68161" scancount="60593" scanbytes="2327844" />
  <finalization candidates="124" enqueued="0" />
  <ownableSynchronizers candidates="3" cleared="0" />
  <references type="soft" candidates="84" cleared="0" enqueued="0" dynamicThreshold="20" maxThreshold="32" />
  <references type="weak" candidates="774" cleared="0" enqueued="0" />
  <references type="phantom" candidates="63" cleared="0" enqueued="0" />
  <stringconstants candidates="4574" cleared="0"  />
</gc-op>
<gc-op id="8116" type="sweep" timems="0.707" contextid="8112" timestamp="2019-07-02T23:04:57.570" />
<heap-resize id="8117" type="contract" space="tenure" amount="65536" count="1" timems="0.040" reason="excess free space following gc" timestamp="2019-07-02T23:04:57.570" />
<gc-end id="8118" type="global" contextid="8112" durationms="3.184" usertimems="0.000" systemtimems="8.000" timestamp="2019-07-02T23:04:57.570" activeThreads="4">
  <mem-info id="8119" free="10792808" total="16908288" percent="63">
    <mem type="tenure" free="10792808" total="16908288" percent="63" micro-fragmented="31965" macro-fragmented="0">
      <mem type="soa" free="10792808" total="16739328" percent="64" />
      <mem type="loa" free="0" total="168960" percent="0" />
    </mem>
  </mem-info>
</gc-end>
<cycle-end id="8120" type="global" contextid="8112" timestamp="2019-07-02T23:04:57.571">
  <attribute name="GC Util" value="250" />
  <attribute name="CPU Util" value="8423182129117" />
  <attribute name="Time Running"value="8205"/>
  <attribute name="Number of cores"value="4"/>
</cycle-end>
<allocation-satisfied id="8121" threadId="000000000112D100" bytesRequested="40" />
<af-end id="8122" timestamp="2019-07-02T23:04:57.571" threadId="000000000112DA88" success="true" />
<exclusive-end id="8123" timestamp="2019-07-02T23:04:57.571" durationms="3.605" />

<exclusive-start id="8124" timestamp="2019-07-02T23:04:57.575" intervalms="7.700">
  <response-info timems="0.028" idlems="0.026" threads="1" lastid="0000000001134900" lastname="Thread-7" />
</exclusive-start>
<af-start id="8125" threadId="000000000112DA88" totalBytesRequested="24" timestamp="2019-07-02T23:04:57.575" intervalms="7.699" />
<cycle-start id="8126" type="global" contextid="0" timestamp="2019-07-02T23:04:57.575" intervalms="7.699" />
  <attribute name="GC Util" value="250" />
  <attribute name="CPU Util" value="8423182129117" />
  <attribute name="Time Running"value="8205"/>
  <attribute name="Number of cores"value="4"/>
<gc-start id="8127" type="global" contextid="8126" timestamp="2019-07-02T23:04:57.575">
  <mem-info id="8128" free="0" total="16908288" percent="0">
    <mem type="tenure" free="0" total="16908288" percent="0">
      <mem type="soa" free="0" total="16739328" percent="0" />
      <mem type="loa" free="0" total="168960" percent="0" />
    </mem>
  </mem-info>
</gc-start>
<allocation-stats totalBytes="10786480" >
  <allocated-bytes non-tlh="0" tlh="10786480" />
  <largest-consumer threadName="Thread-9" threadId="0000000001130D00" bytes="3257360" />
</allocation-stats>
<gc-op id="8129" type="mark" timems="2.049" contextid="8126" timestamp="2019-07-02T23:04:57.577">
  <trace-info objectcount="69172" scancount="61610" scanbytes="2352068" />
  <finalization candidates="124" enqueued="0" />
  <ownableSynchronizers candidates="3" cleared="0" />
  <references type="soft" candidates="84" cleared="0" enqueued="0" dynamicThreshold="20" maxThreshold="32" />
  <references type="weak" candidates="774" cleared="0" enqueued="0" />
  <references type="phantom" candidates="63" cleared="0" enqueued="0" />
  <stringconstants candidates="4574" cleared="0"  />
</gc-op>
<gc-op id="8130" type="sweep" timems="0.854" contextid="8126" timestamp="2019-07-02T23:04:57.578" />
<mem-info id="8131" free="10688008" total="16908288" percent="63">
  <mem type="tenure" free="10688008" total="16908288" percent="63" micro-fragmented="70549" macro-fragmented="0">
    <mem type="soa" free="10688008" total="16739328" percent="63" />
    <mem type="loa" free="0" total="168960" percent="0" />
  </mem>
</mem-info>
<gc-op id="8132" type="compact" timems="6.240" contextid="8126" timestamp="2019-07-02T23:04:57.584">
  <compact-info movecount="29403" movebytes="1257048" reason="compact to aid heap contraction" />
</gc-op>
<heap-resize id="8133" type="contract" space="tenure" amount="131072" count="1" timems="0.084" reason="excess free space following gc" timestamp="2019-07-02T23:04:57.585" />
<gc-end id="8134" type="global" contextid="8126" durationms="9.780" usertimems="20.000" systemtimems="0.000" timestamp="2019-07-02T23:04:57.585" activeThreads="4">
  <mem-info id="8135" free="10852352" total="16777216" percent="64">
    <mem type="tenure" free="10852352" total="16777216" percent="64">
      <mem type="soa" free="10723328" total="16610304" percent="64" />
      <mem type="loa" free="129024" total="166912" percent="77" />
    </mem>
  </mem-info>
</gc-end>
<cycle-end id="8136" type="global" contextid="8126" timestamp="2019-07-02T23:04:57.585">
  <attribute name="GC Util" value="160" />
  <attribute name="CPU Util" value="18972665890805" />
  <attribute name="Time Running"value="8213"/>
  <attribute name="Number of cores"value="4"/>
</cycle-end>
<allocation-satisfied id="8137" threadId="000000000112D100" bytesRequested="24" />
<af-end id="8138" timestamp="2019-07-02T23:04:57.585" threadId="000000000112DA88" success="true" />
<exclusive-end id="8139" timestamp="2019-07-02T23:04:57.585" durationms="10.313" />

<exclusive-start id="8140" timestamp="2019-07-02T23:04:57.590" intervalms="14.765">
  <response-info timems="0.035" idlems="0.035" threads="0" lastid="0000000001130D00" lastname="Thread-9" />
</exclusive-start>
<af-start id="8141" threadId="0000000001131688" totalBytesRequested="40" timestamp="2019-07-02T23:04:57.590" intervalms="14.771" />
<cycle-start id="8142" type="global" contextid="0" timestamp="2019-07-02T23:04:57.590" intervalms="14.772" />
  <attribute name="GC Util" value="160" />
  <attribute name="CPU Util" value="18972665890805" />
  <attribute name="Time Running"value="8213"/>
  <attribute name="Number of cores"value="4"/>
<gc-start id="8143" type="global" contextid="8142" timestamp="2019-07-02T23:04:57.590">
  <mem-info id="8144" free="129024" total="16777216" percent="0">
    <mem type="tenure" free="129024" total="16777216" percent="0">
      <mem type="soa" free="0" total="16610304" percent="0" />
      <mem type="loa" free="129024" total="166912" percent="77" />
    </mem>
  </mem-info>
</gc-start>
<allocation-stats totalBytes="10787264" >
  <allocated-bytes non-tlh="0" tlh="10787264" />
  <largest-consumer threadName="Thread-9" threadId="0000000001130D00" bytes="3636736" />
</allocation-stats>
<gc-op id="8145" type="mark" timems="1.028" contextid="8142" timestamp="2019-07-02T23:04:57.591">
  <trace-info objectcount="70026" scancount="62453" scanbytes="2372156" />
  <finalization candidates="124" enqueued="0" />
  <ownableSynchronizers candidates="3" cleared="0" />
  <references type="soft" candidates="84" cleared="0" enqueued="0" dynamicThreshold="20" maxThreshold="32" />
  <references type="weak" candidates="774" cleared="0" enqueued="0" />
  <references type="phantom" candidates="63" cleared="0" enqueued="0" />
  <stringconstants candidates="4574" cleared="0"  />
</gc-op>
<gc-op id="8146" type="sweep" timems="0.231" contextid="8142" timestamp="2019-07-02T23:04:57.591" />
<heap-resize id="8147" type="contract" space="tenure" amount="131072" count="1" timems="0.041" reason="excess free space following gc" timestamp="2019-07-02T23:04:57.591" />
<gc-end id="8148" type="global" contextid="8142" durationms="1.631" usertimems="4.000" systemtimems="0.000" timestamp="2019-07-02T23:04:57.591" activeThreads="4">
  <mem-info id="8149" free="10686120" total="16646144" percent="64">
    <mem type="tenure" free="10686120" total="16646144" percent="64" micro-fragmented="29251" macro-fragmented="0">
      <mem type="soa" free="10577320" total="16480256" percent="64" />
      <mem type="loa" free="108800" total="165888" percent="65" />
    </mem>
  </mem-info>
</gc-end>
<cycle-end id="8150" type="global" contextid="8142" timestamp="2019-07-02T23:04:57.591">
  <attribute name="GC Util" value="228" />
  <attribute name="CPU Util" value="16959029672106" />
  <attribute name="Time Running"value="8226"/>
  <attribute name="Number of cores"value="4"/>
</cycle-end>
<allocation-satisfied id="8151" threadId="0000000001130D00" bytesRequested="40" />
<af-end id="8152" timestamp="2019-07-02T23:04:57.592" threadId="0000000001131688" success="true" />
<exclusive-end id="8153" timestamp="2019-07-02T23:04:57.592" durationms="2.076" />

<exclusive-start id="8154" timestamp="2019-07-02T23:04:57.596" intervalms="6.292">
  <response-info timems="0.023" idlems="0.023" threads="0" lastid="0000000001134900" lastname="Thread-7" />
</exclusive-start>
<af-start id="8155" threadId="0000000001135288" totalBytesRequested="40" timestamp="2019-07-02T23:04:57.596" intervalms="6.279" />
<cycle-start id="8156" type="global" contextid="0" timestamp="2019-07-02T23:04:57.596" intervalms="6.268" />
  <attribute name="GC Util" value="228" />
  <attribute name="CPU Util" value="16959029672106" />
  <attribute name="Time Running"value="8226"/>
  <attribute name="Number of cores"value="4"/>
<gc-start id="8157" type="global" contextid="8156" timestamp="2019-07-02T23:04:57.596">
  <mem-info id="8158" free="108800" total="16646144" percent="0">
    <mem type="tenure" free="108800" total="16646144" percent="0">
      <mem type="soa" free="0" total="16480256" percent="0" />
      <mem type="loa" free="108800" total="165888" percent="65" />
    </mem>
  </mem-info>
</gc-start>
<allocation-stats totalBytes="10576504" >
  <allocated-bytes non-tlh="0" tlh="10576504" />
  <largest-consumer threadName="Thread-9" threadId="0000000001130D00" bytes="3496168" />
</allocation-stats>
<gc-op id="8159" type="mark" timems="2.219" contextid="8156" timestamp="2019-07-02T23:04:57.598">
  <trace-info objectcount="66249" scancount="58682" scanbytes="2281852" />
  <finalization candidates="124" enqueued="0" />
  <ownableSynchronizers candidates="3" cleared="0" />
  <references type="soft" candidates="84" cleared="0" enqueued="0" dynamicThreshold="20" maxThreshold="32" />
  <references type="weak" candidates="774" cleared="0" enqueued="0" />
  <references type="phantom" candidates="63" cleared="0" enqueued="0" />
  <stringconstants candidates="4574" cleared="0"  />
</gc-op>
<gc-op id="8160" type="sweep" timems="0.700" contextid="8156" timestamp="2019-07-02T23:04:57.599" />
<heap-resize id="8161" type="contract" space="tenure" amount="131072" count="1" timems="0.040" reason="excess free space following gc" timestamp="2019-07-02T23:04:57.599" />
<gc-end id="8162" type="global" contextid="8156" durationms="3.217" usertimems="8.000" systemtimems="0.000" timestamp="2019-07-02T23:04:57.599" activeThreads="4">
  <mem-info id="8163" free="10503304" total="16515072" percent="63">
    <mem type="tenure" free="10503304" total="16515072" percent="63" micro-fragmented="59949" macro-fragmented="0">
      <mem type="soa" free="10410672" total="16350208" percent="63" />
      <mem type="loa" free="92632" total="164864" percent="56" />
    </mem>
  </mem-info>
</gc-end>
<cycle-end id="8164" type="global" contextid="8156" timestamp="2019-07-02T23:04:57.599">
  <attribute name="GC Util" value="258" />
  <attribute name="CPU Util" value="8096205870120" />
  <attribute name="Time Running"value="8234"/>
  <attribute name="Number of cores"value="4"/>
</cycle-end>
<allocation-satisfied id="8165" threadId="0000000001134900" bytesRequested="40" />
<af-end id="8166" timestamp="2019-07-02T23:04:57.599" threadId="0000000001135288" success="true" />
<exclusive-end id="8167" timestamp="2019-07-02T23:04:57.599" durationms="3.547" />

<exclusive-start id="8168" timestamp="2019-07-02T23:04:57.604" intervalms="8.014">
  <response-info timems="0.021" idlems="0.021" threads="0" lastid="0000000001134900" lastname="Thread-7" />
</exclusive-start>
<af-start id="8169" threadId="0000000001135288" totalBytesRequested="40" timestamp="2019-07-02T23:04:57.604" intervalms="8.004" />
<cycle-start id="8170" type="global" contextid="0" timestamp="2019-07-02T23:04:57.604" intervalms="7.999" />
  <attribute name="GC Util" value="258" />
  <attribute name="CPU Util" value="8096205870120" />
  <attribute name="Time Running"value="8234"/>
  <attribute name="Number of cores"value="4"/>
<gc-start id="8171" type="global" contextid="8170" timestamp="2019-07-02T23:04:57.604">
  <mem-info id="8172" free="92632" total="16515072" percent="0">
    <mem type="tenure" free="92632" total="16515072" percent="0">
      <mem type="soa" free="0" total="16350208" percent="0" />
      <mem type="loa" free="92632" total="164864" percent="56" />
    </mem>
  </mem-info>
</gc-start>
<allocation-stats totalBytes="10471656" >
  <allocated-bytes non-tlh="0" tlh="10471656" />
  <largest-consumer threadName="Thread-8" threadId="000000000112D100" bytes="3063888" />
</allocation-stats>
<gc-op id="8173" type="mark" timems="2.041" contextid="8170" timestamp="2019-07-02T23:04:57.606">
  <trace-info objectcount="67195" scancount="59616" scanbytes="2304724" />
  <finalization candidates="124" enqueued="0" />
  <ownableSynchronizers candidates="3" cleared="0" />
  <references type="soft" candidates="84" cleared="0" enqueued="0" dynamicThreshold="20" maxThreshold="32" />
  <references type="weak" candidates="774" cleared="0" enqueued="0" />
  <references type="phantom" candidates="63" cleared="0" enqueued="0" />
  <stringconstants candidates="4574" cleared="0"  />
</gc-op>
<gc-op id="8174" type="sweep" timems="0.722" contextid="8170" timestamp="2019-07-02T23:04:57.607" />
<mem-info id="8175" free="10546512" total="16515072" percent="63">
  <mem type="tenure" free="10546512" total="16515072" percent="63" micro-fragmented="121645" macro-fragmented="0">
    <mem type="soa" free="10419096" total="16350208" percent="63" />
    <mem type="loa" free="127416" total="164864" percent="77" />
  </mem>
</mem-info>
<gc-op id="8176" type="compact" timems="6.260" contextid="8170" timestamp="2019-07-02T23:04:57.613">
  <compact-info movecount="27456" movebytes="1210424" reason="compact to aid heap contraction" />
</gc-op>
<heap-resize id="8177" type="contract" space="tenure" amount="131072" count="1" timems="0.090" reason="excess free space following gc" timestamp="2019-07-02T23:04:57.613" />
<gc-end id="8178" type="global" contextid="8170" durationms="9.564" usertimems="8.000" systemtimems="8.000" timestamp="2019-07-02T23:04:57.614" activeThreads="4">
  <mem-info id="8179" free="10510576" total="16384000" percent="64">
    <mem type="tenure" free="10510576" total="16384000" percent="64">
      <mem type="soa" free="10380528" total="16220160" percent="63" />
      <mem type="loa" free="130048" total="163840" percent="79" />
    </mem>
  </mem-info>
</gc-end>
<cycle-end id="8180" type="global" contextid="8170" timestamp="2019-07-02T23:04:57.614">
  <attribute name="GC Util" value="182" />
  <attribute name="CPU Util" value="22882293036146" />
  <attribute name="Time Running"value="8242"/>
  <attribute name="Number of cores"value="4"/>
</cycle-end>
<allocation-satisfied id="8181" threadId="0000000001134900" bytesRequested="40" />
<af-end id="8182" timestamp="2019-07-02T23:04:57.614" threadId="0000000001135288" success="true" />
<exclusive-end id="8183" timestamp="2019-07-02T23:04:57.614" durationms="10.014" />

<exclusive-start id="8184" timestamp="2019-07-02T23:04:57.618" intervalms="14.199">
  <response-info timems="0.022" idlems="0.022" threads="0" lastid="0000000001130D00" lastname="Thread-9" />
</exclusive-start>
<af-start id="8185" threadId="0000000001131688" totalBytesRequested="40" timestamp="2019-07-02T23:04:57.618" intervalms="14.224" />
<cycle-start id="8186" type="global" contextid="0" timestamp="2019-07-02T23:04:57.618" intervalms="14.238" />
  <attribute name="GC Util" value="182" />
  <attribute name="CPU Util" value="22882293036146" />
  <attribute name="Time Running"value="8242"/>
  <attribute name="Number of cores"value="4"/>
<gc-start id="8187" type="global" contextid="8186" timestamp="2019-07-02T23:04:57.618">
  <mem-info id="8188" free="130048" total="16384000" percent="0">
    <mem type="tenure" free="130048" total="16384000" percent="0">
      <mem type="soa" free="0" total="16220160" percent="0" />
      <mem type="loa" free="130048" total="163840" percent="79" />
    </mem>
  </mem-info>
</gc-start>
<allocation-stats totalBytes="10445272" >
  <allocated-bytes non-tlh="0" tlh="10445272" />
  <largest-consumer threadName="Thread-8" threadId="000000000112D100" bytes="3073072" />
</allocation-stats>
<gc-op id="8189" type="mark" timems="1.025" contextid="8186" timestamp="2019-07-02T23:04:57.619">
  <trace-info objectcount="68903" scancount="61325" scanbytes="2345748" />
  <finalization candidates="124" enqueued="0" />
  <ownableSynchronizers candidates="3" cleared="0" />
  <references type="soft" candidates="84" cleared="0" enqueued="0" dynamicThreshold="20" maxThreshold="32" />
  <references type="weak" candidates="774" cleared="0" enqueued="0" />
  <references type="phantom" candidates="63" cleared="0" enqueued="0" />
  <stringconstants candidates="4574" cleared="0"  />
</gc-op>
<gc-op id="8190" type="sweep" timems="0.239" contextid="8186" timestamp="2019-07-02T23:04:57.620" />
<heap-resize id="8191" type="contract" space="tenure" amount="131072" count="1" timems="0.047" reason="excess free space following gc" timestamp="2019-07-02T23:04:57.620" />
<gc-end id="8192" type="global" contextid="8186" durationms="1.685" usertimems="4.000" systemtimems="0.000" timestamp="2019-07-02T23:04:57.620" activeThreads="4">
  <mem-info id="8193" free="10239632" total="16252928" percent="63">
    <mem type="tenure" free="10239632" total="16252928" percent="63" micro-fragmented="13384" macro-fragmented="0">
      <mem type="soa" free="10239632" total="16091136" percent="63" />
      <mem type="loa" free="0" total="161792" percent="0" />
    </mem>
  </mem-info>
</gc-end>
<cycle-end id="8194" type="global" contextid="8186" timestamp="2019-07-02T23:04:57.620">
  <attribute name="GC Util" value="224" />
  <attribute name="CPU Util" value="16886745993311" />
  <attribute name="Time Running"value="8255"/>
  <attribute name="Number of cores"value="4"/>
</cycle-end>
<allocation-satisfied id="8195" threadId="0000000001130D00" bytesRequested="40" />
<af-end id="8196" timestamp="2019-07-02T23:04:57.620" threadId="0000000001131688" success="true" />
<exclusive-end id="8197" timestamp="2019-07-02T23:04:57.620" durationms="2.210" />

<exclusive-start id="8198" timestamp="2019-07-02T23:04:57.625" intervalms="6.521">
  <response-info timems="0.035" idlems="0.035" threads="0" lastid="0000000001134900" lastname="Thread-7" />
</exclusive-start>
<af-start id="8199" threadId="0000000001135288" totalBytesRequested="40" timestamp="2019-07-02T23:04:57.625" intervalms="6.504" />
<cycle-start id="8200" type="global" contextid="0" timestamp="2019-07-02T23:04:57.625" intervalms="6.496" />
  <attribute name="GC Util" value="224" />
  <attribute name="CPU Util" value="16886745993311" />
  <attribute name="Time Running"value="8255"/>
  <attribute name="Number of cores"value="4"/>
<gc-start id="8201" type="global" contextid="8200" timestamp="2019-07-02T23:04:57.625">
  <mem-info id="8202" free="0" total="16252928" percent="0">
    <mem type="tenure" free="0" total="16252928" percent="0">
      <mem type="soa" free="0" total="16091136" percent="0" />
      <mem type="loa" free="0" total="161792" percent="0" />
    </mem>
  </mem-info>
</gc-start>
<allocation-stats totalBytes="10236600" >
  <allocated-bytes non-tlh="0" tlh="10236600" />
  <largest-consumer threadName="Thread-8" threadId="000000000112D100" bytes="3527928" />
</allocation-stats>
<gc-op id="8203" type="mark" timems="2.019" contextid="8200" timestamp="2019-07-02T23:04:57.627">
  <trace-info objectcount="65766" scancount="58198" scanbytes="2269964" />
  <finalization candidates="124" enqueued="0" />
  <ownableSynchronizers candidates="3" cleared="0" />
  <references type="soft" candidates="84" cleared="0" enqueued="0" dynamicThreshold="20" maxThreshold="32" />
  <references type="weak" candidates="774" cleared="0" enqueued="0" />
  <references type="phantom" candidates="63" cleared="0" enqueued="0" />
  <stringconstants candidates="4574" cleared="0"  />
</gc-op>
<gc-op id="8204" type="sweep" timems="0.703" contextid="8200" timestamp="2019-07-02T23:04:57.628" />
<heap-resize id="8205" type="contract" space="tenure" amount="131072" count="1" timems="0.074" reason="excess free space following gc" timestamp="2019-07-02T23:04:57.628" />
<gc-end id="8206" type="global" contextid="8200" durationms="3.053" usertimems="8.000" systemtimems="0.000" timestamp="2019-07-02T23:04:57.628" activeThreads="4">
  <mem-info id="8207" free="10201040" total="16121856" percent="63">
    <mem type="tenure" free="10201040" total="16121856" percent="63" micro-fragmented="54293" macro-fragmented="0">
      <mem type="soa" free="10130392" total="15961088" percent="63" />
      <mem type="loa" free="70648" total="160768" percent="43" />
    </mem>
  </mem-info>
</gc-end>
<cycle-end id="8208" type="global" contextid="8200" timestamp="2019-07-02T23:04:57.628">
  <attribute name="GC Util" value="255" />
  <attribute name="CPU Util" value="8886433771375" />
  <attribute name="Time Running"value="8262"/>
  <attribute name="Number of cores"value="4"/>
</cycle-end>
<allocation-satisfied id="8209" threadId="0000000001134900" bytesRequested="40" />
<af-end id="8210" timestamp="2019-07-02T23:04:57.628" threadId="0000000001135288" success="true" />
<exclusive-end id="8211" timestamp="2019-07-02T23:04:57.628" durationms="3.444" />

<exclusive-start id="8212" timestamp="2019-07-02T23:04:57.632" intervalms="7.584">
  <response-info timems="0.021" idlems="0.021" threads="0" lastid="0000000001134900" lastname="Thread-7" />
</exclusive-start>
<af-start id="8213" threadId="0000000001135288" totalBytesRequested="40" timestamp="2019-07-02T23:04:57.632" intervalms="7.576" />
<cycle-start id="8214" type="global" contextid="0" timestamp="2019-07-02T23:04:57.632" intervalms="7.569" />
  <attribute name="GC Util" value="255" />
  <attribute name="CPU Util" value="8886433771375" />
  <attribute name="Time Running"value="8262"/>
  <attribute name="Number of cores"value="4"/>
<gc-start id="8215" type="global" contextid="8214" timestamp="2019-07-02T23:04:57.632">
  <mem-info id="8216" free="70648" total="16121856" percent="0">
    <mem type="tenure" free="70648" total="16121856" percent="0">
      <mem type="soa" free="0" total="15961088" percent="0" />
      <mem type="loa" free="70648" total="160768" percent="43" />
    </mem>
  </mem-info>
</gc-start>
<allocation-stats totalBytes="10127360" >
  <allocated-bytes non-tlh="0" tlh="10127360" />
  <largest-consumer threadName="Thread-8" threadId="000000000112D100" bytes="3052200" />
</allocation-stats>
<gc-op id="8217" type="mark" timems="2.260" contextid="8214" timestamp="2019-07-02T23:04:57.635">
  <trace-info objectcount="67831" scancount="60261" scanbytes="2320020" />
  <finalization candidates="124" enqueued="0" />
  <ownableSynchronizers candidates="3" cleared="0" />
  <references type="soft" candidates="84" cleared="0" enqueued="0" dynamicThreshold="20" maxThreshold="32" />
  <references type="weak" candidates="774" cleared="0" enqueued="0" />
  <references type="phantom" candidates="63" cleared="0" enqueued="0" />
  <stringconstants candidates="4574" cleared="0"  />
</gc-op>
<gc-op id="8218" type="sweep" timems="0.756" contextid="8214" timestamp="2019-07-02T23:04:57.635" />
<mem-info id="8219" free="10202536" total="16121856" percent="63">
  <mem type="tenure" free="10202536" total="16121856" percent="63" micro-fragmented="82559" macro-fragmented="0">
    <mem type="soa" free="10051264" total="15961088" percent="62" />
    <mem type="loa" free="151272" total="160768" percent="94" />
  </mem>
</mem-info>
<gc-op id="8220" type="compact" timems="5.857" contextid="8214" timestamp="2019-07-02T23:04:57.641">
  <compact-info movecount="28067" movebytes="1225120" reason="compact to aid heap contraction" />
</gc-op>
<heap-resize id="8221" type="contract" space="tenure" amount="131072" count="1" timems="0.067" reason="excess free space following gc" timestamp="2019-07-02T23:04:57.642" />
<gc-end id="8222" type="global" contextid="8214" durationms="9.413" usertimems="16.000" systemtimems="0.000" timestamp="2019-07-02T23:04:57.642" activeThreads="4">
  <mem-info id="8223" free="10106160" total="15990784" percent="63">
    <mem type="tenure" free="10106160" total="15990784" percent="63">
      <mem type="soa" free="9976112" total="15831040" percent="63" />
      <mem type="loa" free="130048" total="159744" percent="81" />
    </mem>
  </mem-info>
</gc-end>
<cycle-end id="8224" type="global" contextid="8214" timestamp="2019-07-02T23:04:57.642">
  <attribute name="GC Util" value="167" />
  <attribute name="CPU Util" value="20744719100140" />
  <attribute name="Time Running"value="8271"/>
  <attribute name="Number of cores"value="4"/>
</cycle-end>
<allocation-satisfied id="8225" threadId="0000000001134900" bytesRequested="40" />
<af-end id="8226" timestamp="2019-07-02T23:04:57.642" threadId="0000000001135288" success="true" />
<exclusive-end id="8227" timestamp="2019-07-02T23:04:57.642" durationms="9.919" />

<exclusive-start id="8228" timestamp="2019-07-02T23:04:57.646" intervalms="14.077">
  <response-info timems="0.025" idlems="0.025" threads="0" lastid="0000000001129500" lastname="Thread-10" />
</exclusive-start>
<af-start id="8229" threadId="0000000001129E88" totalBytesRequested="40" timestamp="2019-07-02T23:04:57.646" intervalms="14.103" />
<cycle-start id="8230" type="global" contextid="0" timestamp="2019-07-02T23:04:57.646" intervalms="14.117" />
  <attribute name="GC Util" value="167" />
  <attribute name="CPU Util" value="20744719100140" />
  <attribute name="Time Running"value="8271"/>
  <attribute name="Number of cores"value="4"/>
<gc-start id="8231" type="global" contextid="8230" timestamp="2019-07-02T23:04:57.646">
  <mem-info id="8232" free="130048" total="15990784" percent="0">
    <mem type="tenure" free="130048" total="15990784" percent="0">
      <mem type="soa" free="0" total="15831040" percent="0" />
      <mem type="loa" free="130048" total="159744" percent="81" />
    </mem>
  </mem-info>
</gc-start>
<allocation-stats totalBytes="10041080" >
  <allocated-bytes non-tlh="0" tlh="10041080" />
  <largest-consumer threadName="Thread-8" threadId="000000000112D100" bytes="2981704" />
</allocation-stats>
<gc-op id="8233" type="mark" timems="2.402" contextid="8230" timestamp="2019-07-02T23:04:57.649">
  <trace-info objectcount="69774" scancount="62210" scanbytes="2366812" />
  <finalization candidates="124" enqueued="0" />
  <ownableSynchronizers candidates="3" cleared="0" />
  <references type="soft" candidates="84" cleared="0" enqueued="0" dynamicThreshold="20" maxThreshold="32" />
  <references type="weak" candidates="774" cleared="0" enqueued="0" />
  <references type="phantom" candidates="63" cleared="0" enqueued="0" />
  <stringconstants candidates="4574" cleared="0"  />
</gc-op>
<gc-op id="8234" type="sweep" timems="0.765" contextid="8230" timestamp="2019-07-02T23:04:57.650" />
<heap-resize id="8235" type="contract" space="tenure" amount="131072" count="1" timems="0.073" reason="excess free space following gc" timestamp="2019-07-02T23:04:57.650" />
<gc-end id="8236" type="global" contextid="8230" durationms="3.658" usertimems="8.000" systemtimems="0.000" timestamp="2019-07-02T23:04:57.650" activeThreads="4">
  <mem-info id="8237" free="9917536" total="15859712" percent="62">
    <mem type="tenure" free="9917536" total="15859712" percent="62" micro-fragmented="22332" macro-fragmented="0">
      <mem type="soa" free="9840776" total="15702016" percent="62" />
      <mem type="loa" free="76760" total="157696" percent="48" />
    </mem>
  </mem-info>
</gc-end>
<cycle-end id="8238" type="global" contextid="8230" timestamp="2019-07-02T23:04:57.650">
  <attribute name="GC Util" value="258" />
  <attribute name="CPU Util" value="7526671801605" />
  <attribute name="Time Running"value="8284"/>
  <attribute name="Number of cores"value="4"/>
</cycle-end>
<allocation-satisfied id="8239" threadId="0000000001129500" bytesRequested="40" />
<af-end id="8240" timestamp="2019-07-02T23:04:57.651" threadId="0000000001129E88" success="true" />
<exclusive-end id="8241" timestamp="2019-07-02T23:04:57.651" durationms="4.441" />

<exclusive-start id="8242" timestamp="2019-07-02T23:04:57.655" intervalms="8.689">
  <response-info timems="0.037" idlems="0.037" threads="0" lastid="000000000112D100" lastname="Thread-8" />
</exclusive-start>
<af-start id="8243" threadId="000000000112DA88" totalBytesRequested="40" timestamp="2019-07-02T23:04:57.655" intervalms="8.728" />
<cycle-start id="8244" type="global" contextid="0" timestamp="2019-07-02T23:04:57.655" intervalms="8.775" />
  <attribute name="GC Util" value="258" />
  <attribute name="CPU Util" value="7526671801605" />
  <attribute name="Time Running"value="8284"/>
  <attribute name="Number of cores"value="4"/>
<gc-start id="8245" type="global" contextid="8244" timestamp="2019-07-02T23:04:57.655">
  <mem-info id="8246" free="76760" total="15859712" percent="0">
    <mem type="tenure" free="76760" total="15859712" percent="0">
      <mem type="soa" free="0" total="15702016" percent="0" />
      <mem type="loa" free="76760" total="157696" percent="48" />
    </mem>
  </mem-info>
</gc-start>
<allocation-stats totalBytes="9838816" >
  <allocated-bytes non-tlh="19056" tlh="9819760" />
  <largest-consumer threadName="Thread-8" threadId="000000000112D100" bytes="2897608" />
</allocation-stats>
<gc-op id="8247" type="mark" timems="2.002" contextid="8244" timestamp="2019-07-02T23:04:57.657">
  <trace-info objectcount="61426" scancount="53855" scanbytes="2166140" />
  <finalization candidates="124" enqueued="0" />
  <ownableSynchronizers candidates="3" cleared="0" />
  <references type="soft" candidates="84" cleared="0" enqueued="0" dynamicThreshold="20" maxThreshold="32" />
  <references type="weak" candidates="774" cleared="0" enqueued="0" />
  <references type="phantom" candidates="63" cleared="0" enqueued="0" />
  <stringconstants candidates="4574" cleared="0"  />
</gc-op>
<gc-op id="8248" type="sweep" timems="0.687" contextid="8244" timestamp="2019-07-02T23:04:57.658" />
<heap-resize id="8249" type="contract" space="tenure" amount="131072" count="1" timems="0.073" reason="excess free space following gc" timestamp="2019-07-02T23:04:57.658" />
<gc-end id="8250" type="global" contextid="8244" durationms="3.265" usertimems="8.000" systemtimems="0.000" timestamp="2019-07-02T23:04:57.658" activeThreads="4">
  <mem-info id="8251" free="9838696" total="15728640" percent="62">
    <mem type="tenure" free="9838696" total="15728640" percent="62" micro-fragmented="62859" macro-fragmented="0">
      <mem type="soa" free="9766224" total="15571968" percent="62" />
      <mem type="loa" free="72472" total="156672" percent="46" />
    </mem>
  </mem-info>
</gc-end>
<cycle-end id="8252" type="global" contextid="8244" timestamp="2019-07-02T23:04:57.659">
  <attribute name="GC Util" value="235" />
  <attribute name="CPU Util" value="8823550259707" />
  <attribute name="Time Running"value="8293"/>
  <attribute name="Number of cores"value="4"/>
</cycle-end>
<allocation-satisfied id="8253" threadId="000000000112D100" bytesRequested="40" />
<af-end id="8254" timestamp="2019-07-02T23:04:57.659" threadId="000000000112DA88" success="true" />
<exclusive-end id="8255" timestamp="2019-07-02T23:04:57.659" durationms="3.924" />

<exclusive-start id="8256" timestamp="2019-07-02T23:04:57.664" intervalms="8.680">
  <response-info timems="0.021" idlems="0.021" threads="0" lastid="000000000112D100" lastname="Thread-8" />
</exclusive-start>
<af-start id="8257" threadId="000000000112DA88" totalBytesRequested="40" timestamp="2019-07-02T23:04:57.664" intervalms="8.665" />
<cycle-start id="8258" type="global" contextid="0" timestamp="2019-07-02T23:04:57.664" intervalms="8.689" />
  <attribute name="GC Util" value="235" />
  <attribute name="CPU Util" value="8823550259707" />
  <attribute name="Time Running"value="8293"/>
  <attribute name="Number of cores"value="4"/>
<gc-start id="8259" type="global" contextid="8258" timestamp="2019-07-02T23:04:57.664">
  <mem-info id="8260" free="72472" total="15728640" percent="0">
    <mem type="tenure" free="72472" total="15728640" percent="0">
      <mem type="soa" free="0" total="15571968" percent="0" />
      <mem type="loa" free="72472" total="156672" percent="46" />
    </mem>
  </mem-info>
</gc-start>
<allocation-stats totalBytes="9827856" >
  <allocated-bytes non-tlh="0" tlh="9827856" />
  <largest-consumer threadName="Thread-10" threadId="0000000001129500" bytes="2616664" />
</allocation-stats>
<gc-op id="8261" type="mark" timems="2.165" contextid="8258" timestamp="2019-07-02T23:04:57.666">
  <trace-info objectcount="61776" scancount="54187" scanbytes="2174620" />
  <finalization candidates="124" enqueued="0" />
  <ownableSynchronizers candidates="3" cleared="0" />
  <references type="soft" candidates="84" cleared="0" enqueued="0" dynamicThreshold="20" maxThreshold="32" />
  <references type="weak" candidates="774" cleared="0" enqueued="0" />
  <references type="phantom" candidates="63" cleared="0" enqueued="0" />
  <stringconstants candidates="4574" cleared="0"  />
</gc-op>
<gc-op id="8262" type="sweep" timems="0.730" contextid="8258" timestamp="2019-07-02T23:04:57.667" />
<heap-resize id="8263" type="contract" space="tenure" amount="131072" count="1" timems="0.074" reason="excess free space following gc" timestamp="2019-07-02T23:04:57.667" />
<gc-end id="8264" type="global" contextid="8258" durationms="3.465" usertimems="8.000" systemtimems="0.000" timestamp="2019-07-02T23:04:57.667" activeThreads="4">
  <mem-info id="8265" free="9663584" total="15597568" percent="61">
    <mem type="tenure" free="9663584" total="15597568" percent="61" micro-fragmented="121441" macro-fragmented="0">
      <mem type="soa" free="9663584" total="15441920" percent="62" />
      <mem type="loa" free="0" total="155648" percent="0" />
    </mem>
  </mem-info>
</gc-end>
<cycle-end id="8266" type="global" contextid="8258" timestamp="2019-07-02T23:04:57.667">
  <attribute name="GC Util" value="236" />
  <attribute name="CPU Util" value="8138835356706" />
  <attribute name="Time Running"value="8302"/>
  <attribute name="Number of cores"value="4"/>
</cycle-end>
<allocation-satisfied id="8267" threadId="000000000112D100" bytesRequested="40" />
<af-end id="8268" timestamp="2019-07-02T23:04:57.668" threadId="000000000112DA88" success="true" />
<exclusive-end id="8269" timestamp="2019-07-02T23:04:57.668" durationms="4.178" />

<exclusive-start id="8270" timestamp="2019-07-02T23:04:57.672" intervalms="8.504">
  <response-info timems="0.024" idlems="0.024" threads="0" lastid="0000000001129500" lastname="Thread-10" />
</exclusive-start>
<af-start id="8271" threadId="0000000001129E88" totalBytesRequested="24" timestamp="2019-07-02T23:04:57.672" intervalms="8.510" />
<cycle-start id="8272" type="global" contextid="0" timestamp="2019-07-02T23:04:57.672" intervalms="8.514" />
  <attribute name="GC Util" value="236" />
  <attribute name="CPU Util" value="8138835356706" />
  <attribute name="Time Running"value="8302"/>
  <attribute name="Number of cores"value="4"/>
<gc-start id="8273" type="global" contextid="8272" timestamp="2019-07-02T23:04:57.672">
  <mem-info id="8274" free="0" total="15597568" percent="0">
    <mem type="tenure" free="0" total="15597568" percent="0">
      <mem type="soa" free="0" total="15441920" percent="0" />
      <mem type="loa" free="0" total="155648" percent="0" />
    </mem>
  </mem-info>
</gc-start>
<allocation-stats totalBytes="9673288" >
  <allocated-bytes non-tlh="0" tlh="9673288" />
  <largest-consumer threadName="Thread-9" threadId="0000000001130D00" bytes="2655712" />
</allocation-stats>
<gc-op id="8275" type="mark" timems="2.048" contextid="8272" timestamp="2019-07-02T23:04:57.675">
  <trace-info objectcount="62478" scancount="54885" scanbytes="2191572" />
  <finalization candidates="124" enqueued="0" />
  <ownableSynchronizers candidates="3" cleared="0" />
  <references type="soft" candidates="84" cleared="0" enqueued="0" dynamicThreshold="19" maxThreshold="32" />
  <references type="weak" candidates="774" cleared="0" enqueued="0" />
  <references type="phantom" candidates="63" cleared="0" enqueued="0" />
  <stringconstants candidates="4574" cleared="0"  />
</gc-op>
<gc-op id="8276" type="sweep" timems="0.752" contextid="8272" timestamp="2019-07-02T23:04:57.675" />
<mem-info id="8277" free="9634656" total="15597568" percent="61">
  <mem type="tenure" free="9634656" total="15597568" percent="61" micro-fragmented="55282" macro-fragmented="0">
    <mem type="soa" free="9634656" total="15441920" percent="62" />
    <mem type="loa" free="0" total="155648" percent="0" />
  </mem>
</mem-info>
<gc-op id="8278" type="compact" timems="5.246" contextid="8272" timestamp="2019-07-02T23:04:57.681">
  <compact-info movecount="22739" movebytes="1097272" reason="compact to aid heap contraction" />
</gc-op>
<heap-resize id="8279" type="contract" space="tenure" amount="131072" count="1" timems="0.095" reason="excess free space following gc" timestamp="2019-07-02T23:04:57.681" />
<gc-end id="8280" type="global" contextid="8272" durationms="8.994" usertimems="8.000" systemtimems="4.000" timestamp="2019-07-02T23:04:57.681" activeThreads="4">
  <mem-info id="8281" free="9715440" total="15466496" percent="62">
    <mem type="tenure" free="9715440" total="15466496" percent="62">
      <mem type="soa" free="9585392" total="15311872" percent="62" />
      <mem type="loa" free="130048" total="154624" percent="84" />
    </mem>
  </mem-info>
</gc-end>
<cycle-end id="8282" type="global" contextid="8272" timestamp="2019-07-02T23:04:57.681">
  <attribute name="GC Util" value="144" />
  <attribute name="CPU Util" value="17656322972115" />
  <attribute name="Time Running"value="8311"/>
  <attribute name="Number of cores"value="4"/>
</cycle-end>
<allocation-satisfied id="8283" threadId="0000000001129500" bytesRequested="24" />
<af-end id="8284" timestamp="2019-07-02T23:04:57.682" threadId="0000000001129E88" success="true" />
<exclusive-end id="8285" timestamp="2019-07-02T23:04:57.682" durationms="9.739" />

<exclusive-start id="8286" timestamp="2019-07-02T23:04:57.686" intervalms="14.069">
  <response-info timems="0.022" idlems="0.022" threads="0" lastid="0000000001134900" lastname="Thread-7" />
</exclusive-start>
<af-start id="8287" threadId="0000000001135288" totalBytesRequested="40" timestamp="2019-07-02T23:04:57.686" intervalms="14.023" />
<cycle-start id="8288" type="global" contextid="0" timestamp="2019-07-02T23:04:57.686" intervalms="13.939" />
  <attribute name="GC Util" value="144" />
  <attribute name="CPU Util" value="17656322972115" />
  <attribute name="Time Running"value="8311"/>
  <attribute name="Number of cores"value="4"/>
<gc-start id="8289" type="global" contextid="8288" timestamp="2019-07-02T23:04:57.686">
  <mem-info id="8290" free="130048" total="15466496" percent="0">
    <mem type="tenure" free="130048" total="15466496" percent="0">
      <mem type="soa" free="0" total="15311872" percent="0" />
      <mem type="loa" free="130048" total="154624" percent="84" />
    </mem>
  </mem-info>
</gc-start>
<allocation-stats totalBytes="9650248" >
  <allocated-bytes non-tlh="0" tlh="9650248" />
  <largest-consumer threadName="Thread-7" threadId="0000000001134900" bytes="2588424" />
</allocation-stats>
<gc-op id="8291" type="mark" timems="2.158" contextid="8288" timestamp="2019-07-02T23:04:57.689">
  <trace-info objectcount="62864" scancount="55295" scanbytes="2200724" />
  <finalization candidates="124" enqueued="0" />
  <ownableSynchronizers candidates="3" cleared="0" />
  <references type="soft" candidates="84" cleared="0" enqueued="0" dynamicThreshold="20" maxThreshold="32" />
  <references type="weak" candidates="774" cleared="0" enqueued="0" />
  <references type="phantom" candidates="63" cleared="0" enqueued="0" />
  <stringconstants candidates="4574" cleared="0"  />
</gc-op>
<gc-op id="8292" type="sweep" timems="0.734" contextid="8288" timestamp="2019-07-02T23:04:57.689" />
<heap-resize id="8293" type="contract" space="tenure" amount="131072" count="1" timems="0.073" reason="excess free space following gc" timestamp="2019-07-02T23:04:57.690" />
<gc-end id="8294" type="global" contextid="8288" durationms="3.300" usertimems="8.000" systemtimems="0.000" timestamp="2019-07-02T23:04:57.690" activeThreads="4">
  <mem-info id="8295" free="9497968" total="15335424" percent="61">
    <mem type="tenure" free="9497968" total="15335424" percent="61" micro-fragmented="9758" macro-fragmented="0">
      <mem type="soa" free="9497968" total="15182848" percent="62" />
      <mem type="loa" free="0" total="152576" percent="0" />
    </mem>
  </mem-info>
</gc-end>
<cycle-end id="8296" type="global" contextid="8288" timestamp="2019-07-02T23:04:57.690">
  <attribute name="GC Util" value="257" />
  <attribute name="CPU Util" value="8353572736542" />
  <attribute name="Time Running"value="8324"/>
  <attribute name="Number of cores"value="4"/>
</cycle-end>
<allocation-satisfied id="8297" threadId="0000000001134900" bytesRequested="40" />
<af-end id="8298" timestamp="2019-07-02T23:04:57.690" threadId="0000000001135288" success="true" />
<exclusive-end id="8299" timestamp="2019-07-02T23:04:57.690" durationms="3.743" />

<exclusive-start id="8300" timestamp="2019-07-02T23:04:57.694" intervalms="8.119">
  <response-info timems="0.021" idlems="0.021" threads="0" lastid="0000000001129500" lastname="Thread-10" />
</exclusive-start>
<af-start id="8301" threadId="0000000001129E88" totalBytesRequested="40" timestamp="2019-07-02T23:04:57.694" intervalms="8.131" />
<cycle-start id="8302" type="global" contextid="0" timestamp="2019-07-02T23:04:57.694" intervalms="8.139" />
  <attribute name="GC Util" value="257" />
  <attribute name="CPU Util" value="8353572736542" />
  <attribute name="Time Running"value="8324"/>
  <attribute name="Number of cores"value="4"/>
<gc-start id="8303" type="global" contextid="8302" timestamp="2019-07-02T23:04:57.694">
  <mem-info id="8304" free="0" total="15335424" percent="0">
    <mem type="tenure" free="0" total="15335424" percent="0">
      <mem type="soa" free="0" total="15182848" percent="0" />
      <mem type="loa" free="0" total="152576" percent="0" />
    </mem>
  </mem-info>
</gc-start>
<allocation-stats totalBytes="9497408" >
  <allocated-bytes non-tlh="0" tlh="9497408" />
  <largest-consumer threadName="Thread-7" threadId="0000000001134900" bytes="2773200" />
</allocation-stats>
<gc-op id="8305" type="mark" timems="2.350" contextid="8302" timestamp="2019-07-02T23:04:57.697">
  <trace-info objectcount="63403" scancount="55816" scanbytes="2213924" />
  <finalization candidates="124" enqueued="0" />
  <ownableSynchronizers candidates="3" cleared="0" />
  <references type="soft" candidates="84" cleared="0" enqueued="0" dynamicThreshold="19" maxThreshold="32" />
  <references type="weak" candidates="774" cleared="0" enqueued="0" />
  <references type="phantom" candidates="63" cleared="0" enqueued="0" />
  <stringconstants candidates="4574" cleared="0"  />
</gc-op>
<gc-op id="8306" type="sweep" timems="0.741" contextid="8302" timestamp="2019-07-02T23:04:57.698" />
<heap-resize id="8307" type="contract" space="tenure" amount="65536" count="1" timems="0.070" reason="excess free space following gc" timestamp="2019-07-02T23:04:57.698" />
<gc-end id="8308" type="global" contextid="8302" durationms="3.557" usertimems="4.000" systemtimems="4.000" timestamp="2019-07-02T23:04:57.698" activeThreads="4">
  <mem-info id="8309" free="9408640" total="15269888" percent="61">
    <mem type="tenure" free="9408640" total="15269888" percent="61" micro-fragmented="28281" macro-fragmented="0">
      <mem type="soa" free="9408640" total="15117312" percent="62" />
      <mem type="loa" free="0" total="152576" percent="0" />
    </mem>
  </mem-info>
</gc-end>
<cycle-end id="8310" type="global" contextid="8302" timestamp="2019-07-02T23:04:57.698">
  <attribute name="GC Util" value="251" />
  <attribute name="CPU Util" value="7665911540276" />
  <attribute name="Time Running"value="8332"/>
  <attribute name="Number of cores"value="4"/>
</cycle-end>
<allocation-satisfied id="8311" threadId="0000000001129500" bytesRequested="40" />
<af-end id="8312" timestamp="2019-07-02T23:04:57.698" threadId="0000000001129E88" success="true" />
<exclusive-end id="8313" timestamp="2019-07-02T23:04:57.699" durationms="4.259" />

<exclusive-start id="8314" timestamp="2019-07-02T23:04:57.703" intervalms="8.474">
  <response-info timems="0.037" idlems="0.037" threads="0" lastid="000000000112D100" lastname="Thread-8" />
</exclusive-start>
<af-start id="8315" threadId="000000000112DA88" totalBytesRequested="24" timestamp="2019-07-02T23:04:57.703" intervalms="8.513" />
<cycle-start id="8316" type="global" contextid="0" timestamp="2019-07-02T23:04:57.703" intervalms="8.524" />
  <attribute name="GC Util" value="251" />
  <attribute name="CPU Util" value="7665911540276" />
  <attribute name="Time Running"value="8332"/>
  <attribute name="Number of cores"value="4"/>
<gc-start id="8317" type="global" contextid="8316" timestamp="2019-07-02T23:04:57.703">
  <mem-info id="8318" free="0" total="15269888" percent="0">
    <mem type="tenure" free="0" total="15269888" percent="0">
      <mem type="soa" free="0" total="15117312" percent="0" />
      <mem type="loa" free="0" total="152576" percent="0" />
    </mem>
  </mem-info>
</gc-start>
<allocation-stats totalBytes="9404712" >
  <allocated-bytes non-tlh="0" tlh="9404712" />
  <largest-consumer threadName="Thread-7" threadId="0000000001134900" bytes="2413736" />
</allocation-stats>
<gc-op id="8319" type="mark" timems="1.951" contextid="8316" timestamp="2019-07-02T23:04:57.705">
  <trace-info objectcount="64090" scancount="56519" scanbytes="2230652" />
  <finalization candidates="124" enqueued="0" />
  <ownableSynchronizers candidates="3" cleared="0" />
  <references type="soft" candidates="84" cleared="0" enqueued="0" dynamicThreshold="19" maxThreshold="32" />
  <references type="weak" candidates="774" cleared="0" enqueued="0" />
  <references type="phantom" candidates="63" cleared="0" enqueued="0" />
  <stringconstants candidates="4574" cleared="0"  />
</gc-op>
<gc-op id="8320" type="sweep" timems="0.741" contextid="8316" timestamp="2019-07-02T23:04:57.706" />
<gc-end id="8321" type="global" contextid="8316" durationms="3.118" usertimems="8.000" systemtimems="0.000" timestamp="2019-07-02T23:04:57.706" activeThreads="4">
  <mem-info id="8322" free="9353408" total="15269888" percent="61">
    <mem type="tenure" free="9353408" total="15269888" percent="61" micro-fragmented="26149" macro-fragmented="0">
      <mem type="soa" free="9353408" total="15117312" percent="61" />
      <mem type="loa" free="0" total="152576" percent="0" />
    </mem>
  </mem-info>
</gc-end>
<cycle-end id="8323" type="global" contextid="8316" timestamp="2019-07-02T23:04:57.706">
  <attribute name="GC Util" value="237" />
  <attribute name="CPU Util" value="8949147536442" />
  <attribute name="Time Running"value="8341"/>
  <attribute name="Number of cores"value="4"/>
</cycle-end>
<allocation-satisfied id="8324" threadId="000000000112D100" bytesRequested="24" />
<af-end id="8325" timestamp="2019-07-02T23:04:57.706" threadId="000000000112DA88" success="true" />
<exclusive-end id="8326" timestamp="2019-07-02T23:04:57.707" durationms="3.808" />

<exclusive-start id="8327" timestamp="2019-07-02T23:04:57.711" intervalms="7.799">
  <response-info timems="0.021" idlems="0.021" threads="0" lastid="000000000112D100" lastname="Thread-8" />
</exclusive-start>
<af-start id="8328" threadId="000000000112DA88" totalBytesRequested="40" timestamp="2019-07-02T23:04:57.711" intervalms="7.786" />
<cycle-start id="8329" type="global" contextid="0" timestamp="2019-07-02T23:04:57.711" intervalms="7.810" />
  <attribute name="GC Util" value="237" />
  <attribute name="CPU Util" value="8949147536442" />
  <attribute name="Time Running"value="8341"/>
  <attribute name="Number of cores"value="4"/>
<gc-start id="8330" type="global" contextid="8329" timestamp="2019-07-02T23:04:57.711">
  <mem-info id="8331" free="0" total="15269888" percent="0">
    <mem type="tenure" free="0" total="15269888" percent="0">
      <mem type="soa" free="0" total="15117312" percent="0" />
      <mem type="loa" free="0" total="152576" percent="0" />
    </mem>
  </mem-info>
</gc-start>
<allocation-stats totalBytes="9347104" >
  <allocated-bytes non-tlh="0" tlh="9347104" />
  <largest-consumer threadName="Thread-10" threadId="0000000001129500" bytes="2638144" />
</allocation-stats>
<gc-op id="8332" type="mark" timems="2.010" contextid="8329" timestamp="2019-07-02T23:04:57.713">
  <trace-info objectcount="65418" scancount="57854" scanbytes="2261916" />
  <finalization candidates="124" enqueued="0" />
  <ownableSynchronizers candidates="3" cleared="0" />
  <references type="soft" candidates="84" cleared="0" enqueued="0" dynamicThreshold="19" maxThreshold="32" />
  <references type="weak" candidates="774" cleared="0" enqueued="0" />
  <references type="phantom" candidates="63" cleared="0" enqueued="0" />
  <stringconstants candidates="4574" cleared="0"  />
</gc-op>
<gc-op id="8333" type="sweep" timems="0.764" contextid="8329" timestamp="2019-07-02T23:04:57.714" />
<gc-end id="8334" type="global" contextid="8329" durationms="3.051" usertimems="8.000" systemtimems="0.000" timestamp="2019-07-02T23:04:57.714" activeThreads="4">
  <mem-info id="8335" free="9297200" total="15269888" percent="60">
    <mem type="tenure" free="9297200" total="15269888" percent="60" micro-fragmented="20016" macro-fragmented="0">
      <mem type="soa" free="9297200" total="15117312" percent="61" />
      <mem type="loa" free="0" total="152576" percent="0" />
    </mem>
  </mem-info>
</gc-end>
<cycle-end id="8336" type="global" contextid="8329" timestamp="2019-07-02T23:04:57.714">
  <attribute name="GC Util" value="255" />
  <attribute name="CPU Util" value="8881594702898" />
  <attribute name="Time Running"value="8348"/>
  <attribute name="Number of cores"value="4"/>
</cycle-end>
<allocation-satisfied id="8337" threadId="000000000112D100" bytesRequested="40" />
<af-end id="8338" timestamp="2019-07-02T23:04:57.714" threadId="000000000112DA88" success="true" />
<exclusive-end id="8339" timestamp="2019-07-02T23:04:57.714" durationms="3.835" />

<exclusive-start id="8340" timestamp="2019-07-02T23:04:57.718" intervalms="7.862">
  <response-info timems="0.022" idlems="0.020" threads="1" lastid="0000000001129500" lastname="Thread-10" />
</exclusive-start>
<af-start id="8341" threadId="0000000001135288" totalBytesRequested="40" timestamp="2019-07-02T23:04:57.719" intervalms="7.859" />
<cycle-start id="8342" type="global" contextid="0" timestamp="2019-07-02T23:04:57.719" intervalms="7.855" />
  <attribute name="GC Util" value="255" />
  <attribute name="CPU Util" value="8881594702898" />
  <attribute name="Time Running"value="8348"/>
  <attribute name="Number of cores"value="4"/>
<gc-start id="8343" type="global" contextid="8342" timestamp="2019-07-02T23:04:57.719">
  <mem-info id="8344" free="0" total="15269888" percent="0">
    <mem type="tenure" free="0" total="15269888" percent="0">
      <mem type="soa" free="0" total="15117312" percent="0" />
      <mem type="loa" free="0" total="152576" percent="0" />
    </mem>
  </mem-info>
</gc-start>
<allocation-stats totalBytes="9287176" >
  <allocated-bytes non-tlh="0" tlh="9287176" />
  <largest-consumer threadName="Thread-10" threadId="0000000001129500" bytes="2961464" />
</allocation-stats>
<gc-op id="8345" type="mark" timems="2.152" contextid="8342" timestamp="2019-07-02T23:04:57.721">
  <trace-info objectcount="58983" scancount="51413" scanbytes="1973392" />
  <finalization candidates="124" enqueued="0" />
  <ownableSynchronizers candidates="3" cleared="0" />
  <references type="soft" candidates="84" cleared="0" enqueued="0" dynamicThreshold="19" maxThreshold="32" />
  <references type="weak" candidates="774" cleared="0" enqueued="0" />
  <references type="phantom" candidates="63" cleared="0" enqueued="0" />
  <stringconstants candidates="4574" cleared="0"  />
</gc-op>
<gc-op id="8346" type="sweep" timems="0.620" contextid="8342" timestamp="2019-07-02T23:04:57.722" />
<mem-info id="8347" free="9581472" total="15269888" percent="62">
  <mem type="tenure" free="9581472" total="15269888" percent="62" micro-fragmented="75018" macro-fragmented="0">
    <mem type="soa" free="9581472" total="15117312" percent="63" />
    <mem type="loa" free="0" total="152576" percent="0" />
  </mem>
</mem-info>
<gc-op id="8348" type="compact" timems="4.996" contextid="8342" timestamp="2019-07-02T23:04:57.727">
  <compact-info movecount="19244" movebytes="879136" reason="compact to aid heap contraction" />
</gc-op>
<heap-resize id="8349" type="contract" space="tenure" amount="131072" count="1" timems="0.074" reason="excess free space following gc" timestamp="2019-07-02T23:04:57.727" />
<gc-end id="8350" type="global" contextid="8342" durationms="8.364" usertimems="8.000" systemtimems="4.000" timestamp="2019-07-02T23:04:57.727" activeThreads="4">
  <mem-info id="8351" free="9608968" total="15138816" percent="63">
    <mem type="tenure" free="9608968" total="15138816" percent="63">
      <mem type="soa" free="9479944" total="14988288" percent="63" />
      <mem type="loa" free="129024" total="150528" percent="85" />
    </mem>
  </mem-info>
</gc-end>
<cycle-end id="8352" type="global" contextid="8342" timestamp="2019-07-02T23:04:57.727">
  <attribute name="GC Util" value="131" />
  <attribute name="CPU Util" value="23229807376473" />
  <attribute name="Time Running"value="8357"/>
  <attribute name="Number of cores"value="4"/>
</cycle-end>
<allocation-satisfied id="8353" threadId="0000000001134900" bytesRequested="40" />
<af-end id="8354" timestamp="2019-07-02T23:04:57.727" threadId="0000000001135288" success="true" />
<exclusive-end id="8355" timestamp="2019-07-02T23:04:57.727" durationms="8.953" />

<exclusive-start id="8356" timestamp="2019-07-02T23:04:57.731" intervalms="12.994">
  <response-info timems="0.022" idlems="0.022" threads="0" lastid="0000000001130D00" lastname="Thread-9" />
</exclusive-start>
<af-start id="8357" threadId="0000000001131688" totalBytesRequested="24" timestamp="2019-07-02T23:04:57.731" intervalms="12.973" />
<cycle-start id="8358" type="global" contextid="0" timestamp="2019-07-02T23:04:57.732" intervalms="12.946" />
  <attribute name="GC Util" value="131" />
  <attribute name="CPU Util" value="23229807376473" />
  <attribute name="Time Running"value="8357"/>
  <attribute name="Number of cores"value="4"/>
<gc-start id="8359" type="global" contextid="8358" timestamp="2019-07-02T23:04:57.732">
  <mem-info id="8360" free="129024" total="15138816" percent="0">
    <mem type="tenure" free="129024" total="15138816" percent="0">
      <mem type="soa" free="0" total="14988288" percent="0" />
      <mem type="loa" free="129024" total="150528" percent="85" />
    </mem>
  </mem-info>
</gc-start>
<allocation-stats totalBytes="9543992" >
  <allocated-bytes non-tlh="0" tlh="9543992" />
  <largest-consumer threadName="Thread-10" threadId="0000000001129500" bytes="2565448" />
</allocation-stats>
<gc-op id="8361" type="mark" timems="1.037" contextid="8358" timestamp="2019-07-02T23:04:57.733">
  <trace-info objectcount="63563" scancount="55974" scanbytes="2217492" />
  <finalization candidates="124" enqueued="0" />
  <ownableSynchronizers candidates="3" cleared="0" />
  <references type="soft" candidates="84" cleared="0" enqueued="0" dynamicThreshold="20" maxThreshold="32" />
  <references type="weak" candidates="774" cleared="0" enqueued="0" />
  <references type="phantom" candidates="63" cleared="0" enqueued="0" />
  <stringconstants candidates="4574" cleared="0"  />
</gc-op>
<gc-op id="8362" type="sweep" timems="0.240" contextid="8358" timestamp="2019-07-02T23:04:57.733" />
<heap-resize id="8363" type="contract" space="tenure" amount="131072" count="1" timems="0.106" reason="excess free space following gc" timestamp="2019-07-02T23:04:57.733" />
<gc-end id="8364" type="global" contextid="8358" durationms="1.798" usertimems="4.000" systemtimems="0.000" timestamp="2019-07-02T23:04:57.733" activeThreads="4">
  <mem-info id="8365" free="9142424" total="15007744" percent="60">
    <mem type="tenure" free="9142424" total="15007744" percent="60" micro-fragmented="11048" macro-fragmented="0">
      <mem type="soa" free="9142424" total="14858240" percent="61" />
      <mem type="loa" free="0" total="149504" percent="0" />
    </mem>
  </mem-info>
</gc-end>
<cycle-end id="8366" type="global" contextid="8358" timestamp="2019-07-02T23:04:57.734">
  <attribute name="GC Util" value="219" />
  <attribute name="CPU Util" value="16965315281271" />
  <attribute name="Time Running"value="8368"/>
  <attribute name="Number of cores"value="4"/>
</cycle-end>
<allocation-satisfied id="8367" threadId="0000000001130D00" bytesRequested="24" />
<af-end id="8368" timestamp="2019-07-02T23:04:57.734" threadId="0000000001131688" success="true" />
<exclusive-end id="8369" timestamp="2019-07-02T23:04:57.734" durationms="2.521" />

<exclusive-start id="8370" timestamp="2019-07-02T23:04:57.738" intervalms="6.589">
  <response-info timems="0.022" idlems="0.022" threads="0" lastid="0000000001134900" lastname="Thread-7" />
</exclusive-start>
<af-start id="8371" threadId="0000000001135288" totalBytesRequested="40" timestamp="2019-07-02T23:04:57.738" intervalms="6.576" />
<cycle-start id="8372" type="global" contextid="0" timestamp="2019-07-02T23:04:57.738" intervalms="6.566" />
  <attribute name="GC Util" value="219" />
  <attribute name="CPU Util" value="16965315281271" />
  <attribute name="Time Running"value="8368"/>
  <attribute name="Number of cores"value="4"/>
<gc-start id="8373" type="global" contextid="8372" timestamp="2019-07-02T23:04:57.738">
  <mem-info id="8374" free="0" total="15007744" percent="0">
    <mem type="tenure" free="0" total="15007744" percent="0">
      <mem type="soa" free="0" total="14858240" percent="0" />
      <mem type="loa" free="0" total="149504" percent="0" />
    </mem>
  </mem-info>
</gc-start>
<allocation-stats totalBytes="9143680" >
  <allocated-bytes non-tlh="0" tlh="9143680" />
  <largest-consumer threadName="Thread-7" threadId="0000000001134900" bytes="2405552" />
</allocation-stats>
<gc-op id="8375" type="mark" timems="2.173" contextid="8372" timestamp="2019-07-02T23:04:57.740">
  <trace-info objectcount="64116" scancount="56551" scanbytes="2230916" />
  <finalization candidates="124" enqueued="0" />
  <ownableSynchronizers candidates="3" cleared="0" />
  <references type="soft" candidates="84" cleared="0" enqueued="0" dynamicThreshold="19" maxThreshold="32" />
  <references type="weak" candidates="774" cleared="0" enqueued="0" />
  <references type="phantom" candidates="63" cleared="0" enqueued="0" />
  <stringconstants candidates="4574" cleared="0"  />
</gc-op>
<gc-op id="8376" type="sweep" timems="0.778" contextid="8372" timestamp="2019-07-02T23:04:57.741" />
<gc-end id="8377" type="global" contextid="8372" durationms="3.201" usertimems="0.000" systemtimems="8.000" timestamp="2019-07-02T23:04:57.741" activeThreads="4">
  <mem-info id="8378" free="9105456" total="15007744" percent="60">
    <mem type="tenure" free="9105456" total="15007744" percent="60" micro-fragmented="11059" macro-fragmented="0">
      <mem type="soa" free="9105456" total="14858240" percent="61" />
      <mem type="loa" free="0" total="149504" percent="0" />
    </mem>
  </mem-info>
</gc-end>
<cycle-end id="8379" type="global" contextid="8372" timestamp="2019-07-02T23:04:57.741">
  <attribute name="GC Util" value="258" />
  <attribute name="CPU Util" value="8291226502912" />
  <attribute name="Time Running"value="8376"/>
  <attribute name="Number of cores"value="4"/>
</cycle-end>
<allocation-satisfied id="8380" threadId="0000000001134900" bytesRequested="40" />
<af-end id="8381" timestamp="2019-07-02T23:04:57.742" threadId="0000000001135288" success="true" />
<exclusive-end id="8382" timestamp="2019-07-02T23:04:57.742" durationms="3.583" />

<exclusive-start id="8383" timestamp="2019-07-02T23:04:57.745" intervalms="7.298">
  <response-info timems="0.030" idlems="0.030" threads="0" lastid="0000000001134900" lastname="Thread-7" />
</exclusive-start>
<af-start id="8384" threadId="0000000001135288" totalBytesRequested="40" timestamp="2019-07-02T23:04:57.745" intervalms="7.285" />
<cycle-start id="8385" type="global" contextid="0" timestamp="2019-07-02T23:04:57.745" intervalms="7.278" />
  <attribute name="GC Util" value="258" />
  <attribute name="CPU Util" value="8291226502912" />
  <attribute name="Time Running"value="8376"/>
  <attribute name="Number of cores"value="4"/>
<gc-start id="8386" type="global" contextid="8385" timestamp="2019-07-02T23:04:57.745">
  <mem-info id="8387" free="0" total="15007744" percent="0">
    <mem type="tenure" free="0" total="15007744" percent="0">
      <mem type="soa" free="0" total="14858240" percent="0" />
      <mem type="loa" free="0" total="149504" percent="0" />
    </mem>
  </mem-info>
</gc-start>
<allocation-stats totalBytes="9103048" >
  <allocated-bytes non-tlh="0" tlh="9103048" />
  <largest-consumer threadName="Thread-9" threadId="0000000001130D00" bytes="2762704" />
</allocation-stats>
<gc-op id="8388" type="mark" timems="1.986" contextid="8385" timestamp="2019-07-02T23:04:57.748">
  <trace-info objectcount="65597" scancount="58022" scanbytes="2265980" />
  <finalization candidates="124" enqueued="0" />
  <ownableSynchronizers candidates="3" cleared="0" />
  <references type="soft" candidates="84" cleared="0" enqueued="0" dynamicThreshold="19" maxThreshold="32" />
  <references type="weak" candidates="774" cleared="0" enqueued="0" />
  <references type="phantom" candidates="63" cleared="0" enqueued="0" />
  <stringconstants candidates="4574" cleared="0"  />
</gc-op>
<gc-op id="8389" type="sweep" timems="0.732" contextid="8385" timestamp="2019-07-02T23:04:57.748" />
<gc-end id="8390" type="global" contextid="8385" durationms="2.963" usertimems="8.000" systemtimems="0.000" timestamp="2019-07-02T23:04:57.748" activeThreads="4">
  <mem-info id="8391" free="9040808" total="15007744" percent="60">
    <mem type="tenure" free="9040808" total="15007744" percent="60" micro-fragmented="41315" macro-fragmented="0">
      <mem type="soa" free="9040808" total="14858240" percent="60" />
      <mem type="loa" free="0" total="149504" percent="0" />
    </mem>
  </mem-info>
</gc-end>
<cycle-end id="8392" type="global" contextid="8385" timestamp="2019-07-02T23:04:57.749">
  <attribute name="GC Util" value="260" />
  <attribute name="CPU Util" value="9071376341457" />
  <attribute name="Time Running"value="8383"/>
  <attribute name="Number of cores"value="4"/>
</cycle-end>
<allocation-satisfied id="8393" threadId="0000000001134900" bytesRequested="40" />
<af-end id="8394" timestamp="2019-07-02T23:04:57.749" threadId="0000000001135288" success="true" />
<exclusive-end id="8395" timestamp="2019-07-02T23:04:57.749" durationms="3.373" />

<exclusive-start id="8396" timestamp="2019-07-02T23:04:57.752" intervalms="7.154">
  <response-info timems="0.022" idlems="0.022" threads="0" lastid="0000000001130D00" lastname="Thread-9" />
</exclusive-start>
<af-start id="8397" threadId="0000000001131688" totalBytesRequested="40" timestamp="2019-07-02T23:04:57.753" intervalms="7.229" />
<cycle-start id="8398" type="global" contextid="0" timestamp="2019-07-02T23:04:57.753" intervalms="7.303" />
  <attribute name="GC Util" value="260" />
  <attribute name="CPU Util" value="9071376341457" />
  <attribute name="Time Running"value="8383"/>
  <attribute name="Number of cores"value="4"/>
<gc-start id="8399" type="global" contextid="8398" timestamp="2019-07-02T23:04:57.753">
  <mem-info id="8400" free="0" total="15007744" percent="0">
    <mem type="tenure" free="0" total="15007744" percent="0">
      <mem type="soa" free="0" total="14858240" percent="0" />
      <mem type="loa" free="0" total="149504" percent="0" />
    </mem>
  </mem-info>
</gc-start>
<allocation-stats totalBytes="9034552" >
  <allocated-bytes non-tlh="0" tlh="9034552" />
  <largest-consumer threadName="Thread-9" threadId="0000000001130D00" bytes="2790672" />
</allocation-stats>
<gc-op id="8401" type="mark" timems="1.206" contextid="8398" timestamp="2019-07-02T23:04:57.754">
  <trace-info objectcount="67750" scancount="60188" scanbytes="2318132" />
  <finalization candidates="124" enqueued="0" />
  <ownableSynchronizers candidates="3" cleared="0" />
  <references type="soft" candidates="84" cleared="0" enqueued="0" dynamicThreshold="19" maxThreshold="32" />
  <references type="weak" candidates="774" cleared="0" enqueued="0" />
  <references type="phantom" candidates="63" cleared="0" enqueued="0" />
  <stringconstants candidates="4574" cleared="0"  />
</gc-op>
<gc-op id="8402" type="sweep" timems="0.326" contextid="8398" timestamp="2019-07-02T23:04:57.755" />
<heap-resize id="8403" type="expand" space="tenure" amount="1048576" count="1" timems="0.036" reason="excessive time being spent in gc" timestamp="2019-07-02T23:04:57.755" />
<gc-end id="8404" type="global" contextid="8398" durationms="2.070" usertimems="4.000" systemtimems="0.000" timestamp="2019-07-02T23:04:57.755" activeThreads="4">
  <mem-info id="8405" free="10001624" total="16056320" percent="62">
    <mem type="tenure" free="10001624" total="16056320" percent="62" micro-fragmented="71515" macro-fragmented="0">
      <mem type="soa" free="9841880" total="15896576" percent="61" />
      <mem type="loa" free="159744" total="159744" percent="100" />
    </mem>
  </mem-info>
</gc-end>
<cycle-end id="8406" type="global" contextid="8398" timestamp="2019-07-02T23:04:57.755">
  <attribute name="GC Util" value="193" />
  <attribute name="CPU Util" value="14178983096008" />
  <attribute name="Time Running"value="8389"/>
  <attribute name="Number of cores"value="4"/>
</cycle-end>
<allocation-satisfied id="8407" threadId="0000000001130D00" bytesRequested="40" />
<af-end id="8408" timestamp="2019-07-02T23:04:57.755" threadId="0000000001131688" success="true" />
<exclusive-end id="8409" timestamp="2019-07-02T23:04:57.755" durationms="2.953" />

<exclusive-start id="8410" timestamp="2019-07-02T23:04:57.760" intervalms="7.188">
  <response-info timems="0.044" idlems="0.044" threads="0" lastid="0000000001129500" lastname="Thread-10" />
</exclusive-start>
<af-start id="8411" threadId="0000000001129E88" totalBytesRequested="40" timestamp="2019-07-02T23:04:57.760" intervalms="7.165" />
<cycle-start id="8412" type="global" contextid="0" timestamp="2019-07-02T23:04:57.760" intervalms="7.139" />
  <attribute name="GC Util" value="193" />
  <attribute name="CPU Util" value="14178983096008" />
  <attribute name="Time Running"value="8389"/>
  <attribute name="Number of cores"value="4"/>
<gc-start id="8413" type="global" contextid="8412" timestamp="2019-07-02T23:04:57.760">
  <mem-info id="8414" free="159744" total="16056320" percent="0">
    <mem type="tenure" free="159744" total="16056320" percent="0">
      <mem type="soa" free="0" total="15896576" percent="0" />
      <mem type="loa" free="159744" total="159744" percent="100" />
    </mem>
  </mem-info>
</gc-start>
<allocation-stats totalBytes="9831800" >
  <allocated-bytes non-tlh="0" tlh="9831800" />
  <largest-consumer threadName="Thread-9" threadId="0000000001130D00" bytes="2856632" />
</allocation-stats>
<gc-op id="8415" type="mark" timems="1.916" contextid="8412" timestamp="2019-07-02T23:04:57.762">
  <trace-info objectcount="64238" scancount="56650" scanbytes="2234188" />
  <finalization candidates="124" enqueued="0" />
  <ownableSynchronizers candidates="3" cleared="0" />
  <references type="soft" candidates="84" cleared="0" enqueued="0" dynamicThreshold="19" maxThreshold="32" />
  <references type="weak" candidates="774" cleared="0" enqueued="0" />
  <references type="phantom" candidates="63" cleared="0" enqueued="0" />
  <stringconstants candidates="4574" cleared="0"  />
</gc-op>
<gc-op id="8416" type="sweep" timems="0.800" contextid="8412" timestamp="2019-07-02T23:04:57.763" />
<gc-end id="8417" type="global" contextid="8412" durationms="3.029" usertimems="4.000" systemtimems="0.000" timestamp="2019-07-02T23:04:57.763" activeThreads="4">
  <mem-info id="8418" free="10139192" total="16056320" percent="63">
    <mem type="tenure" free="10139192" total="16056320" percent="63" micro-fragmented="33629" macro-fragmented="0">
      <mem type="soa" free="9979448" total="15896576" percent="62" />
      <mem type="loa" free="159744" total="159744" percent="100" />
    </mem>
  </mem-info>
</gc-end>
<cycle-end id="8419" type="global" contextid="8412" timestamp="2019-07-02T23:04:57.763">
  <attribute name="GC Util" value="220" />
  <attribute name="CPU Util" value="9147089633725" />
  <attribute name="Time Running"value="8397"/>
  <attribute name="Number of cores"value="4"/>
</cycle-end>
<allocation-satisfied id="8420" threadId="0000000001129500" bytesRequested="40" />
<af-end id="8421" timestamp="2019-07-02T23:04:57.763" threadId="0000000001129E88" success="true" />
<exclusive-end id="8422" timestamp="2019-07-02T23:04:57.764" durationms="3.918" />

<exclusive-start id="8423" timestamp="2019-07-02T23:04:57.768" intervalms="7.943">
  <response-info timems="0.024" idlems="0.024" threads="0" lastid="0000000001134900" lastname="Thread-7" />
</exclusive-start>
<af-start id="8424" threadId="0000000001135288" totalBytesRequested="40" timestamp="2019-07-02T23:04:57.768" intervalms="7.947" />
<cycle-start id="8425" type="global" contextid="0" timestamp="2019-07-02T23:04:57.768" intervalms="7.988" />
  <attribute name="GC Util" value="220" />
  <attribute name="CPU Util" value="9147089633725" />
  <attribute name="Time Running"value="8397"/>
  <attribute name="Number of cores"value="4"/>
<gc-start id="8426" type="global" contextid="8425" timestamp="2019-07-02T23:04:57.768">
  <mem-info id="8427" free="159744" total="16056320" percent="0">
    <mem type="tenure" free="159744" total="16056320" percent="0">
      <mem type="soa" free="0" total="15896576" percent="0" />
      <mem type="loa" free="159744" total="159744" percent="100" />
    </mem>
  </mem-info>
</gc-start>
<allocation-stats totalBytes="10032656" >
  <allocated-bytes non-tlh="0" tlh="10032656" />
  <largest-consumer threadName="Thread-7" threadId="0000000001134900" bytes="2811272" />
</allocation-stats>
<gc-op id="8428" type="mark" timems="1.706" contextid="8425" timestamp="2019-07-02T23:04:57.770">
  <trace-info objectcount="65073" scancount="57508" scanbytes="2253468" />
  <finalization candidates="124" enqueued="0" />
  <ownableSynchronizers candidates="3" cleared="0" />
  <references type="soft" candidates="84" cleared="0" enqueued="0" dynamicThreshold="20" maxThreshold="32" />
  <references type="weak" candidates="774" cleared="0" enqueued="0" />
  <references type="phantom" candidates="63" cleared="0" enqueued="0" />
  <stringconstants candidates="4574" cleared="0"  />
</gc-op>
<gc-op id="8429" type="sweep" timems="0.300" contextid="8425" timestamp="2019-07-02T23:04:57.770" />
<gc-end id="8430" type="global" contextid="8425" durationms="2.358" usertimems="4.000" systemtimems="0.000" timestamp="2019-07-02T23:04:57.770" activeThreads="4">
  <mem-info id="8431" free="10118960" total="16056320" percent="63">
    <mem type="tenure" free="10118960" total="16056320" percent="63" micro-fragmented="55892" macro-fragmented="0">
      <mem type="soa" free="9959216" total="15896576" percent="62" />
      <mem type="loa" free="159744" total="159744" percent="100" />
    </mem>
  </mem-info>
</gc-end>
<cycle-end id="8432" type="global" contextid="8425" timestamp="2019-07-02T23:04:57.770">
  <attribute name="GC Util" value="221" />
  <attribute name="CPU Util" value="10193052125720" />
  <attribute name="Time Running"value="8405"/>
  <attribute name="Number of cores"value="4"/>
</cycle-end>
<allocation-satisfied id="8433" threadId="0000000001134900" bytesRequested="40" />
<af-end id="8434" timestamp="2019-07-02T23:04:57.771" threadId="0000000001135288" success="true" />
<exclusive-end id="8435" timestamp="2019-07-02T23:04:57.771" durationms="3.238" />

<exclusive-start id="8436" timestamp="2019-07-02T23:04:57.776" intervalms="8.899">
  <response-info timems="0.045" idlems="0.045" threads="0" lastid="0000000001130D00" lastname="Thread-9" />
</exclusive-start>
<af-start id="8437" threadId="0000000001131688" totalBytesRequested="40" timestamp="2019-07-02T23:04:57.777" intervalms="8.926" />
<cycle-start id="8438" type="global" contextid="0" timestamp="2019-07-02T23:04:57.777" intervalms="8.925" />
  <attribute name="GC Util" value="221" />
  <attribute name="CPU Util" value="10193052125720" />
  <attribute name="Time Running"value="8405"/>
  <attribute name="Number of cores"value="4"/>
<gc-start id="8439" type="global" contextid="8438" timestamp="2019-07-02T23:04:57.777">
  <mem-info id="8440" free="159744" total="16056320" percent="0">
    <mem type="tenure" free="159744" total="16056320" percent="0">
      <mem type="soa" free="0" total="15896576" percent="0" />
      <mem type="loa" free="159744" total="159744" percent="100" />
    </mem>
  </mem-info>
</gc-start>
<allocation-stats totalBytes="9987568" >
  <allocated-bytes non-tlh="19056" tlh="9968512" />
  <largest-consumer threadName="Thread-8" threadId="000000000112D100" bytes="3793520" />
</allocation-stats>
<gc-op id="8441" type="mark" timems="1.113" contextid="8438" timestamp="2019-07-02T23:04:57.778">
  <trace-info objectcount="62057" scancount="54483" scanbytes="2181588" />
  <finalization candidates="124" enqueued="0" />
  <ownableSynchronizers candidates="3" cleared="0" />
  <references type="soft" candidates="84" cleared="0" enqueued="0" dynamicThreshold="20" maxThreshold="32" />
  <references type="weak" candidates="774" cleared="0" enqueued="0" />
  <references type="phantom" candidates="63" cleared="0" enqueued="0" />
  <stringconstants candidates="4574" cleared="0"  />
</gc-op>
<gc-op id="8442" type="sweep" timems="0.289" contextid="8438" timestamp="2019-07-02T23:04:57.779" />
<heap-resize id="8443" type="contract" space="tenure" amount="131072" count="1" timems="0.028" reason="excess free space following gc" timestamp="2019-07-02T23:04:57.779" />
<gc-end id="8444" type="global" contextid="8438" durationms="1.992" usertimems="0.000" systemtimems="4.000" timestamp="2019-07-02T23:04:57.779" activeThreads="4">
  <mem-info id="8445" free="10000184" total="15925248" percent="62">
    <mem type="tenure" free="10000184" total="15925248" percent="62" micro-fragmented="41953" macro-fragmented="0">
      <mem type="soa" free="9912464" total="15766528" percent="62" />
      <mem type="loa" free="87720" total="158720" percent="55" />
    </mem>
  </mem-info>
</gc-end>
<cycle-end id="8446" type="global" contextid="8438" timestamp="2019-07-02T23:04:57.779">
  <attribute name="GC Util" value="200" />
  <attribute name="CPU Util" value="15239826817350" />
  <attribute name="Time Running"value="8413"/>
  <attribute name="Number of cores"value="4"/>
</cycle-end>
<allocation-satisfied id="8447" threadId="0000000001130D00" bytesRequested="40" />
<af-end id="8448" timestamp="2019-07-02T23:04:57.779" threadId="0000000001131688" success="true" />
<exclusive-end id="8449" timestamp="2019-07-02T23:04:57.779" durationms="2.880" />

<exclusive-start id="8450" timestamp="2019-07-02T23:04:57.786" intervalms="9.079">
  <response-info timems="0.071" idlems="0.038" threads="1" lastid="0000000001130D00" lastname="Thread-9" />
</exclusive-start>
<af-start id="8451" threadId="0000000001135288" totalBytesRequested="40" timestamp="2019-07-02T23:04:57.786" intervalms="9.044" />
<cycle-start id="8452" type="global" contextid="0" timestamp="2019-07-02T23:04:57.786" intervalms="9.044" />
  <attribute name="GC Util" value="200" />
  <attribute name="CPU Util" value="15239826817350" />
  <attribute name="Time Running"value="8413"/>
  <attribute name="Number of cores"value="4"/>
<gc-start id="8453" type="global" contextid="8452" timestamp="2019-07-02T23:04:57.786">
  <mem-info id="8454" free="87720" total="15925248" percent="0">
    <mem type="tenure" free="87720" total="15925248" percent="0">
      <mem type="soa" free="0" total="15766528" percent="0" />
      <mem type="loa" free="87720" total="158720" percent="55" />
    </mem>
  </mem-info>
</gc-start>
<allocation-stats totalBytes="9910928" >
  <allocated-bytes non-tlh="0" tlh="9910928" />
  <largest-consumer threadName="Thread-10" threadId="0000000001129500" bytes="3397304" />
</allocation-stats>
<gc-op id="8455" type="mark" timems="1.214" contextid="8452" timestamp="2019-07-02T23:04:57.787">
  <trace-info objectcount="62734" scancount="55163" scanbytes="2198116" />
  <finalization candidates="124" enqueued="0" />
  <ownableSynchronizers candidates="3" cleared="0" />
  <references type="soft" candidates="84" cleared="0" enqueued="0" dynamicThreshold="20" maxThreshold="32" />
  <references type="weak" candidates="774" cleared="0" enqueued="0" />
  <references type="phantom" candidates="63" cleared="0" enqueued="0" />
  <stringconstants candidates="4574" cleared="0"  />
</gc-op>
<gc-op id="8456" type="sweep" timems="0.302" contextid="8452" timestamp="2019-07-02T23:04:57.788" />
<mem-info id="8457" free="10012568" total="15925248" percent="62">
  <mem type="tenure" free="10012568" total="15925248" percent="62" micro-fragmented="92817" macro-fragmented="0">
    <mem type="soa" free="9853872" total="15766528" percent="62" />
    <mem type="loa" free="158696" total="158720" percent="99" />
  </mem>
</mem-info>
<gc-op id="8458" type="compact" timems="3.906" contextid="8452" timestamp="2019-07-02T23:04:57.792">
  <compact-info movecount="22995" movebytes="1103816" reason="compact to aid heap contraction" />
</gc-op>
<heap-resize id="8459" type="contract" space="tenure" amount="131072" count="1" timems="0.077" reason="excess free space following gc" timestamp="2019-07-02T23:04:57.792" />
<gc-end id="8460" type="global" contextid="8452" durationms="6.364" usertimems="8.000" systemtimems="0.000" timestamp="2019-07-02T23:04:57.792" activeThreads="4">
  <mem-info id="8461" free="10033504" total="15794176" percent="63">
    <mem type="tenure" free="10033504" total="15794176" percent="63">
      <mem type="soa" free="9903456" total="15636480" percent="63" />
      <mem type="loa" free="130048" total="157696" percent="82" />
    </mem>
  </mem-info>
</gc-end>
<cycle-end id="8462" type="global" contextid="8452" timestamp="2019-07-02T23:04:57.792">
  <attribute name="GC Util" value="19" />
  <attribute name="CPU Util" value="37987058588906" />
  <attribute name="Time Running"value="8423"/>
  <attribute name="Number of cores"value="4"/>
</cycle-end>
<allocation-satisfied id="8463" threadId="0000000001134900" bytesRequested="40" />
<af-end id="8464" timestamp="2019-07-02T23:04:57.793" threadId="0000000001135288" success="true" />
<exclusive-end id="8465" timestamp="2019-07-02T23:04:57.793" durationms="7.235" />

<exclusive-start id="8466" timestamp="2019-07-02T23:04:57.802" intervalms="16.334">
  <response-info timems="0.079" idlems="0.079" threads="0" lastid="000000000112D100" lastname="Thread-8" />
</exclusive-start>
<af-start id="8467" threadId="000000000112DA88" totalBytesRequested="40" timestamp="2019-07-02T23:04:57.802" intervalms="16.434" />
<cycle-start id="8468" type="global" contextid="0" timestamp="2019-07-02T23:04:57.802" intervalms="16.466" />
  <attribute name="GC Util" value="19" />
  <attribute name="CPU Util" value="37987058588906" />
  <attribute name="Time Running"value="8423"/>
  <attribute name="Number of cores"value="4"/>
<gc-start id="8469" type="global" contextid="8468" timestamp="2019-07-02T23:04:57.802">
  <mem-info id="8470" free="130048" total="15794176" percent="0">
    <mem type="tenure" free="130048" total="15794176" percent="0">
      <mem type="soa" free="0" total="15636480" percent="0" />
      <mem type="loa" free="130048" total="157696" percent="82" />
    </mem>
  </mem-info>
</gc-start>
<allocation-stats totalBytes="9967560" >
  <allocated-bytes non-tlh="0" tlh="9967560" />
  <largest-consumer threadName="Thread-9" threadId="0000000001130D00" bytes="5078336" />
</allocation-stats>
<gc-op id="8471" type="mark" timems="1.667" contextid="8468" timestamp="2019-07-02T23:04:57.804">
  <trace-info objectcount="63824" scancount="56239" scanbytes="2224092" />
  <finalization candidates="124" enqueued="0" />
  <ownableSynchronizers candidates="3" cleared="0" />
  <references type="soft" candidates="84" cleared="0" enqueued="0" dynamicThreshold="20" maxThreshold="32" />
  <references type="weak" candidates="774" cleared="0" enqueued="0" />
  <references type="phantom" candidates="63" cleared="0" enqueued="0" />
  <stringconstants candidates="4574" cleared="0"  />
</gc-op>
<gc-op id="8472" type="sweep" timems="0.728" contextid="8468" timestamp="2019-07-02T23:04:57.805" />
<heap-resize id="8473" type="contract" space="tenure" amount="131072" count="1" timems="0.087" reason="excess free space following gc" timestamp="2019-07-02T23:04:57.805" />
<gc-end id="8474" type="global" contextid="8468" durationms="3.074" usertimems="4.000" systemtimems="0.000" timestamp="2019-07-02T23:04:57.805" activeThreads="4">
  <mem-info id="8475" free="9758640" total="15663104" percent="62">
    <mem type="tenure" free="9758640" total="15663104" percent="62" micro-fragmented="4625" macro-fragmented="0">
      <mem type="soa" free="9758640" total="15507456" percent="62" />
      <mem type="loa" free="0" total="155648" percent="0" />
    </mem>
  </mem-info>
</gc-end>
<cycle-end id="8476" type="global" contextid="8468" timestamp="2019-07-02T23:04:57.806">
  <attribute name="GC Util" value="240" />
  <attribute name="CPU Util" value="10374797991543" />
  <attribute name="Time Running"value="8440"/>
  <attribute name="Number of cores"value="4"/>
</cycle-end>
<allocation-satisfied id="8477" threadId="000000000112D100" bytesRequested="40" />
<af-end id="8478" timestamp="2019-07-02T23:04:57.806" threadId="000000000112DA88" success="true" />
<exclusive-end id="8479" timestamp="2019-07-02T23:04:57.806" durationms="3.995" />

<exclusive-start id="8480" timestamp="2019-07-02T23:04:57.812" intervalms="9.683">
  <response-info timems="0.021" idlems="0.021" threads="0" lastid="0000000001129500" lastname="Thread-10" />
</exclusive-start>
<af-start id="8481" threadId="0000000001129E88" totalBytesRequested="40" timestamp="2019-07-02T23:04:57.812" intervalms="9.560" />
<cycle-start id="8482" type="global" contextid="0" timestamp="2019-07-02T23:04:57.812" intervalms="9.530" />
  <attribute name="GC Util" value="240" />
  <attribute name="CPU Util" value="10374797991543" />
  <attribute name="Time Running"value="8440"/>
  <attribute name="Number of cores"value="4"/>
<gc-start id="8483" type="global" contextid="8482" timestamp="2019-07-02T23:04:57.812">
  <mem-info id="8484" free="0" total="15663104" percent="0">
    <mem type="tenure" free="0" total="15663104" percent="0">
      <mem type="soa" free="0" total="15507456" percent="0" />
      <mem type="loa" free="0" total="155648" percent="0" />
    </mem>
  </mem-info>
</gc-start>
<allocation-stats totalBytes="9757536" >
  <allocated-bytes non-tlh="0" tlh="9757536" />
  <largest-consumer threadName="Thread-7" threadId="0000000001134900" bytes="3348440" />
</allocation-stats>
<gc-op id="8485" type="mark" timems="1.622" contextid="8482" timestamp="2019-07-02T23:04:57.814">
  <trace-info objectcount="64463" scancount="56883" scanbytes="2239556" />
  <finalization candidates="124" enqueued="0" />
  <ownableSynchronizers candidates="3" cleared="0" />
  <references type="soft" candidates="84" cleared="0" enqueued="0" dynamicThreshold="19" maxThreshold="32" />
  <references type="weak" candidates="774" cleared="0" enqueued="0" />
  <references type="phantom" candidates="63" cleared="0" enqueued="0" />
  <stringconstants candidates="4574" cleared="0"  />
</gc-op>
<gc-op id="8486" type="sweep" timems="0.254" contextid="8482" timestamp="2019-07-02T23:04:57.814" />
<mem-info id="8487" free="9701712" total="15663104" percent="61">
  <mem type="tenure" free="9701712" total="15663104" percent="61" micro-fragmented="37465" macro-fragmented="0">
    <mem type="soa" free="9701712" total="15507456" percent="62" />
    <mem type="loa" free="0" total="155648" percent="0" />
  </mem>
</mem-info>
<gc-op id="8488" type="compact" timems="4.360" contextid="8482" timestamp="2019-07-02T23:04:57.819">
  <compact-info movecount="24563" movebytes="1141392" reason="compact to aid heap contraction" />
</gc-op>
<heap-resize id="8489" type="contract" space="tenure" amount="131072" count="1" timems="0.065" reason="excess free space following gc" timestamp="2019-07-02T23:04:57.819" />
<gc-end id="8490" type="global" contextid="8482" durationms="7.137" usertimems="8.000" systemtimems="0.000" timestamp="2019-07-02T23:04:57.819" activeThreads="4">
  <mem-info id="8491" free="9732992" total="15532032" percent="62">
    <mem type="tenure" free="9732992" total="15532032" percent="62">
      <mem type="soa" free="9602944" total="15377408" percent="62" />
      <mem type="loa" free="130048" total="154624" percent="84" />
    </mem>
  </mem-info>
</gc-end>
<cycle-end id="8492" type="global" contextid="8482" timestamp="2019-07-02T23:04:57.819">
  <attribute name="GC Util" value="16" />
  <attribute name="CPU Util" value="44103638108184" />
  <attribute name="Time Running"value="8449"/>
  <attribute name="Number of cores"value="4"/>
</cycle-end>
<allocation-satisfied id="8493" threadId="0000000001129500" bytesRequested="40" />
<af-end id="8494" timestamp="2019-07-02T23:04:57.819" threadId="0000000001129E88" success="true" />
<exclusive-end id="8495" timestamp="2019-07-02T23:04:57.820" durationms="7.951" />

<exclusive-start id="8496" timestamp="2019-07-02T23:04:57.826" intervalms="14.202">
  <response-info timems="0.020" idlems="0.020" threads="0" lastid="000000000112D100" lastname="Thread-8" />
</exclusive-start>
<af-start id="8497" threadId="000000000112DA88" totalBytesRequested="40" timestamp="2019-07-02T23:04:57.826" intervalms="14.303" />
<cycle-start id="8498" type="global" contextid="0" timestamp="2019-07-02T23:04:57.826" intervalms="14.334" />
  <attribute name="GC Util" value="16" />
  <attribute name="CPU Util" value="44103638108184" />
  <attribute name="Time Running"value="8449"/>
  <attribute name="Number of cores"value="4"/>
<gc-start id="8499" type="global" contextid="8498" timestamp="2019-07-02T23:04:57.826">
  <mem-info id="8500" free="130048" total="15532032" percent="0">
    <mem type="tenure" free="130048" total="15532032" percent="0">
      <mem type="soa" free="0" total="15377408" percent="0" />
      <mem type="loa" free="130048" total="154624" percent="84" />
    </mem>
  </mem-info>
</gc-start>
<allocation-stats totalBytes="9666944" >
  <allocated-bytes non-tlh="0" tlh="9666944" />
  <largest-consumer threadName="Thread-8" threadId="000000000112D100" bytes="3505696" />
</allocation-stats>
<gc-op id="8501" type="mark" timems="1.927" contextid="8498" timestamp="2019-07-02T23:04:57.828">
  <trace-info objectcount="64898" scancount="57328" scanbytes="2249156" />
  <finalization candidates="124" enqueued="0" />
  <ownableSynchronizers candidates="3" cleared="0" />
  <references type="soft" candidates="84" cleared="0" enqueued="0" dynamicThreshold="20" maxThreshold="32" />
  <references type="weak" candidates="774" cleared="0" enqueued="0" />
  <references type="phantom" candidates="63" cleared="0" enqueued="0" />
  <stringconstants candidates="4574" cleared="0"  />
</gc-op>
<gc-op id="8502" type="sweep" timems="0.699" contextid="8498" timestamp="2019-07-02T23:04:57.829" />
<heap-resize id="8503" type="contract" space="tenure" amount="131072" count="1" timems="0.069" reason="excess free space following gc" timestamp="2019-07-02T23:04:57.829" />
<gc-end id="8504" type="global" contextid="8498" durationms="3.295" usertimems="8.000" systemtimems="0.000" timestamp="2019-07-02T23:04:57.830" activeThreads="4">
  <mem-info id="8505" free="9566024" total="15400960" percent="62">
    <mem type="tenure" free="9566024" total="15400960" percent="62" micro-fragmented="5888" macro-fragmented="0">
      <mem type="soa" free="9488032" total="15247360" percent="62" />
      <mem type="loa" free="77992" total="153600" percent="50" />
    </mem>
  </mem-info>
</gc-end>
<cycle-end id="8506" type="global" contextid="8498" timestamp="2019-07-02T23:04:57.830">
  <attribute name="GC Util" value="235" />
  <attribute name="CPU Util" value="9137316538075" />
  <attribute name="Time Running"value="8464"/>
  <attribute name="Number of cores"value="4"/>
</cycle-end>
<allocation-satisfied id="8507" threadId="000000000112D100" bytesRequested="40" />
<af-end id="8508" timestamp="2019-07-02T23:04:57.830" threadId="000000000112DA88" success="true" />
<exclusive-end id="8509" timestamp="2019-07-02T23:04:57.830" durationms="4.034" />

<exclusive-start id="8510" timestamp="2019-07-02T23:04:57.835" intervalms="9.182">
  <response-info timems="0.021" idlems="0.021" threads="0" lastid="0000000001134900" lastname="Thread-7" />
</exclusive-start>
<af-start id="8511" threadId="0000000001135288" totalBytesRequested="40" timestamp="2019-07-02T23:04:57.835" intervalms="9.082" />
<cycle-start id="8512" type="global" contextid="0" timestamp="2019-07-02T23:04:57.835" intervalms="9.011" />
  <attribute name="GC Util" value="235" />
  <attribute name="CPU Util" value="9137316538075" />
  <attribute name="Time Running"value="8464"/>
  <attribute name="Number of cores"value="4"/>
<gc-start id="8513" type="global" contextid="8512" timestamp="2019-07-02T23:04:57.835">
  <mem-info id="8514" free="77992" total="15400960" percent="0">
    <mem type="tenure" free="77992" total="15400960" percent="0">
      <mem type="soa" free="0" total="15247360" percent="0" />
      <mem type="loa" free="77992" total="153600" percent="50" />
    </mem>
  </mem-info>
</gc-start>
<allocation-stats totalBytes="9487312" >
  <allocated-bytes non-tlh="0" tlh="9487312" />
  <largest-consumer threadName="Thread-8" threadId="000000000112D100" bytes="2953552" />
</allocation-stats>
<gc-op id="8515" type="mark" timems="2.320" contextid="8512" timestamp="2019-07-02T23:04:57.838">
  <trace-info objectcount="65521" scancount="57953" scanbytes="2264788" />
  <finalization candidates="124" enqueued="0" />
  <ownableSynchronizers candidates="3" cleared="0" />
  <references type="soft" candidates="84" cleared="0" enqueued="0" dynamicThreshold="19" maxThreshold="32" />
  <references type="weak" candidates="774" cleared="0" enqueued="0" />
  <references type="phantom" candidates="63" cleared="0" enqueued="0" />
  <stringconstants candidates="4574" cleared="0"  />
</gc-op>
<gc-op id="8516" type="sweep" timems="0.715" contextid="8512" timestamp="2019-07-02T23:04:57.839" />
<heap-resize id="8517" type="contract" space="tenure" amount="131072" count="1" timems="0.092" reason="excess free space following gc" timestamp="2019-07-02T23:04:57.839" />
<gc-end id="8518" type="global" contextid="8512" durationms="3.727" usertimems="4.000" systemtimems="4.000" timestamp="2019-07-02T23:04:57.839" activeThreads="4">
  <mem-info id="8519" free="9325184" total="15269888" percent="61">
    <mem type="tenure" free="9325184" total="15269888" percent="61" micro-fragmented="22316" macro-fragmented="0">
      <mem type="soa" free="9325184" total="15117312" percent="61" />
      <mem type="loa" free="0" total="152576" percent="0" />
    </mem>
  </mem-info>
</gc-end>
<cycle-end id="8520" type="global" contextid="8512" timestamp="2019-07-02T23:04:57.839">
  <attribute name="GC Util" value="235" />
  <attribute name="CPU Util" value="7632066781278" />
  <attribute name="Time Running"value="8473"/>
  <attribute name="Number of cores"value="4"/>
</cycle-end>
<allocation-satisfied id="8521" threadId="0000000001134900" bytesRequested="40" />
<af-end id="8522" timestamp="2019-07-02T23:04:57.839" threadId="0000000001135288" success="true" />
<exclusive-end id="8523" timestamp="2019-07-02T23:04:57.839" durationms="4.533" />

<exclusive-start id="8524" timestamp="2019-07-02T23:04:57.844" intervalms="8.746">
  <response-info timems="0.088" idlems="0.088" threads="0" lastid="0000000001134900" lastname="Thread-7" />
</exclusive-start>
<af-start id="8525" threadId="0000000001135288" totalBytesRequested="40" timestamp="2019-07-02T23:04:57.844" intervalms="8.779" />
<cycle-start id="8526" type="global" contextid="0" timestamp="2019-07-02T23:04:57.844" intervalms="8.774" />
  <attribute name="GC Util" value="235" />
  <attribute name="CPU Util" value="7632066781278" />
  <attribute name="Time Running"value="8473"/>
  <attribute name="Number of cores"value="4"/>
<gc-start id="8527" type="global" contextid="8526" timestamp="2019-07-02T23:04:57.844">
  <mem-info id="8528" free="0" total="15269888" percent="0">
    <mem type="tenure" free="0" total="15269888" percent="0">
      <mem type="soa" free="0" total="15117312" percent="0" />
      <mem type="loa" free="0" total="152576" percent="0" />
    </mem>
  </mem-info>
</gc-start>
<allocation-stats totalBytes="9320744" >
  <allocated-bytes non-tlh="0" tlh="9320744" />
  <largest-consumer threadName="Thread-10" threadId="0000000001129500" bytes="2424280" />
</allocation-stats>
<gc-op id="8529" type="mark" timems="2.081" contextid="8526" timestamp="2019-07-02T23:04:57.846">
  <trace-info objectcount="66055" scancount="58467" scanbytes="2277252" />
  <finalization candidates="124" enqueued="0" />
  <ownableSynchronizers candidates="3" cleared="0" />
  <references type="soft" candidates="84" cleared="0" enqueued="0" dynamicThreshold="19" maxThreshold="32" />
  <references type="weak" candidates="774" cleared="0" enqueued="0" />
  <references type="phantom" candidates="63" cleared="0" enqueued="0" />
  <stringconstants candidates="4574" cleared="0"  />
</gc-op>
<gc-op id="8530" type="sweep" timems="0.731" contextid="8526" timestamp="2019-07-02T23:04:57.847" />
<gc-end id="8531" type="global" contextid="8526" durationms="3.179" usertimems="4.000" systemtimems="4.000" timestamp="2019-07-02T23:04:57.847" activeThreads="4">
  <mem-info id="8532" free="9317712" total="15269888" percent="61">
    <mem type="tenure" free="9317712" total="15269888" percent="61" micro-fragmented="31354" macro-fragmented="0">
      <mem type="soa" free="9248352" total="15117312" percent="61" />
      <mem type="loa" free="69360" total="152576" percent="45" />
    </mem>
  </mem-info>
</gc-end>
<cycle-end id="8533" type="global" contextid="8526" timestamp="2019-07-02T23:04:57.847">
  <attribute name="GC Util" value="240" />
  <attribute name="CPU Util" value="8436970227076" />
  <attribute name="Time Running"value="8481"/>
  <attribute name="Number of cores"value="4"/>
</cycle-end>
<allocation-satisfied id="8534" threadId="0000000001134900" bytesRequested="40" />
<af-end id="8535" timestamp="2019-07-02T23:04:57.848" threadId="0000000001135288" success="true" />
<exclusive-end id="8536" timestamp="2019-07-02T23:04:57.848" durationms="4.019" />

<exclusive-start id="8537" timestamp="2019-07-02T23:04:57.852" intervalms="8.048">
  <response-info timems="0.022" idlems="0.022" threads="0" lastid="000000000112D100" lastname="Thread-8" />
</exclusive-start>
<af-start id="8538" threadId="000000000112DA88" totalBytesRequested="40" timestamp="2019-07-02T23:04:57.852" intervalms="8.054" />
<cycle-start id="8539" type="global" contextid="0" timestamp="2019-07-02T23:04:57.852" intervalms="8.084" />
  <attribute name="GC Util" value="240" />
  <attribute name="CPU Util" value="8436970227076" />
  <attribute name="Time Running"value="8481"/>
  <attribute name="Number of cores"value="4"/>
<gc-start id="8540" type="global" contextid="8539" timestamp="2019-07-02T23:04:57.852">
  <mem-info id="8541" free="69360" total="15269888" percent="0">
    <mem type="tenure" free="69360" total="15269888" percent="0">
      <mem type="soa" free="0" total="15117312" percent="0" />
      <mem type="loa" free="69360" total="152576" percent="45" />
    </mem>
  </mem-info>
</gc-start>
<allocation-stats totalBytes="9240016" >
  <allocated-bytes non-tlh="0" tlh="9240016" />
  <largest-consumer threadName="Thread-7" threadId="0000000001134900" bytes="2714688" />
</allocation-stats>
<gc-op id="8542" type="mark" timems="2.100" contextid="8539" timestamp="2019-07-02T23:04:57.854">
  <trace-info objectcount="66654" scancount="59102" scanbytes="2291812" />
  <finalization candidates="124" enqueued="0" />
  <ownableSynchronizers candidates="3" cleared="0" />
  <references type="soft" candidates="84" cleared="0" enqueued="0" dynamicThreshold="19" maxThreshold="32" />
  <references type="weak" candidates="774" cleared="0" enqueued="0" />
  <references type="phantom" candidates="63" cleared="0" enqueued="0" />
  <stringconstants candidates="4574" cleared="0"  />
</gc-op>
<gc-op id="8543" type="sweep" timems="0.759" contextid="8539" timestamp="2019-07-02T23:04:57.855" />
<gc-end id="8544" type="global" contextid="8539" durationms="3.218" usertimems="8.000" systemtimems="0.000" timestamp="2019-07-02T23:04:57.855" activeThreads="4">
  <mem-info id="8545" free="9257776" total="15269888" percent="60">
    <mem type="tenure" free="9257776" total="15269888" percent="60" micro-fragmented="35840" macro-fragmented="0">
      <mem type="soa" free="9188416" total="15117312" percent="60" />
      <mem type="loa" free="69360" total="152576" percent="45" />
    </mem>
  </mem-info>
</gc-end>
<cycle-end id="8546" type="global" contextid="8539" timestamp="2019-07-02T23:04:57.855">
  <attribute name="GC Util" value="252" />
  <attribute name="CPU Util" value="8425478929927" />
  <attribute name="Time Running"value="8490"/>
  <attribute name="Number of cores"value="4"/>
</cycle-end>
<allocation-satisfied id="8547" threadId="000000000112D100" bytesRequested="40" />
<af-end id="8548" timestamp="2019-07-02T23:04:57.856" threadId="000000000112DA88" success="true" />
<exclusive-end id="8549" timestamp="2019-07-02T23:04:57.856" durationms="4.044" />

<exclusive-start id="8550" timestamp="2019-07-02T23:04:57.860" intervalms="8.405">
  <response-info timems="0.021" idlems="0.020" threads="2" lastid="0000000001130D00" lastname="Thread-9" />
</exclusive-start>
<af-start id="8551" threadId="000000000112DA88" totalBytesRequested="40" timestamp="2019-07-02T23:04:57.860" intervalms="8.388" />
<cycle-start id="8552" type="global" contextid="0" timestamp="2019-07-02T23:04:57.860" intervalms="8.359" />
  <attribute name="GC Util" value="252" />
  <attribute name="CPU Util" value="8425478929927" />
  <attribute name="Time Running"value="8490"/>
  <attribute name="Number of cores"value="4"/>
<gc-start id="8553" type="global" contextid="8552" timestamp="2019-07-02T23:04:57.860">
  <mem-info id="8554" free="69360" total="15269888" percent="0">
    <mem type="tenure" free="69360" total="15269888" percent="0">
      <mem type="soa" free="0" total="15117312" percent="0" />
      <mem type="loa" free="69360" total="152576" percent="45" />
    </mem>
  </mem-info>
</gc-start>
<allocation-stats totalBytes="9177912" >
  <allocated-bytes non-tlh="0" tlh="9177912" />
  <largest-consumer threadName="Thread-10" threadId="0000000001129500" bytes="2486928" />
</allocation-stats>
<gc-op id="8555" type="mark" timems="2.152" contextid="8552" timestamp="2019-07-02T23:04:57.863">
  <trace-info objectcount="67152" scancount="59565" scanbytes="2303492" />
  <finalization candidates="124" enqueued="0" />
  <ownableSynchronizers candidates="3" cleared="0" />
  <references type="soft" candidates="84" cleared="0" enqueued="0" dynamicThreshold="19" maxThreshold="32" />
  <references type="weak" candidates="774" cleared="0" enqueued="0" />
  <references type="phantom" candidates="63" cleared="0" enqueued="0" />
  <stringconstants candidates="4574" cleared="0"  />
</gc-op>
<gc-op id="8556" type="sweep" timems="0.749" contextid="8552" timestamp="2019-07-02T23:04:57.864" />
<gc-end id="8557" type="global" contextid="8552" durationms="3.208" usertimems="8.000" systemtimems="0.000" timestamp="2019-07-02T23:04:57.864" activeThreads="4">
  <mem-info id="8558" free="9203392" total="15269888" percent="60">
    <mem type="tenure" free="9203392" total="15269888" percent="60" micro-fragmented="63853" macro-fragmented="0">
      <mem type="soa" free="9134032" total="15117312" percent="60" />
      <mem type="loa" free="69360" total="152576" percent="45" />
    </mem>
  </mem-info>
</gc-end>
<cycle-end id="8559" type="global" contextid="8552" timestamp="2019-07-02T23:04:57.864">
  <attribute name="GC Util" value="247" />
  <attribute name="CPU Util" value="8217892136570" />
  <attribute name="Time Running"value="8498"/>
  <attribute name="Number of cores"value="4"/>
</cycle-end>
<allocation-satisfied id="8560" threadId="000000000112D100" bytesRequested="40" />
<af-end id="8561" timestamp="2019-07-02T23:04:57.864" threadId="000000000112DA88" success="true" />
<exclusive-end id="8562" timestamp="2019-07-02T23:04:57.864" durationms="3.970" />

<exclusive-start id="8563" timestamp="2019-07-02T23:04:57.869" intervalms="8.392">
  <response-info timems="0.022" idlems="0.021" threads="1" lastid="000000000112D100" lastname="Thread-8" />
</exclusive-start>
<af-start id="8564" threadId="0000000001129E88" totalBytesRequested="40" timestamp="2019-07-02T23:04:57.869" intervalms="8.390" />
<cycle-start id="8565" type="global" contextid="0" timestamp="2019-07-02T23:04:57.869" intervalms="8.379" />
  <attribute name="GC Util" value="247" />
  <attribute name="CPU Util" value="8217892136570" />
  <attribute name="Time Running"value="8498"/>
  <attribute name="Number of cores"value="4"/>
<gc-start id="8566" type="global" contextid="8565" timestamp="2019-07-02T23:04:57.869">
  <mem-info id="8567" free="69360" total="15269888" percent="0">
    <mem type="tenure" free="69360" total="15269888" percent="0">
      <mem type="soa" free="0" total="15117312" percent="0" />
      <mem type="loa" free="69360" total="152576" percent="45" />
    </mem>
  </mem-info>
</gc-start>
<allocation-stats totalBytes="9119720" >
  <allocated-bytes non-tlh="0" tlh="9119720" />
  <largest-consumer threadName="Thread-8" threadId="000000000112D100" bytes="2323072" />
</allocation-stats>
<gc-op id="8568" type="mark" timems="2.087" contextid="8565" timestamp="2019-07-02T23:04:57.871">
  <trace-info objectcount="67696" scancount="60127" scanbytes="2316532" />
  <finalization candidates="124" enqueued="0" />
  <ownableSynchronizers candidates="3" cleared="0" />
  <references type="soft" candidates="84" cleared="0" enqueued="0" dynamicThreshold="19" maxThreshold="32" />
  <references type="weak" candidates="774" cleared="0" enqueued="0" />
  <references type="phantom" candidates="63" cleared="0" enqueued="0" />
  <stringconstants candidates="4574" cleared="0"  />
</gc-op>
<gc-op id="8569" type="sweep" timems="0.815" contextid="8565" timestamp="2019-07-02T23:04:57.872" />
<heap-resize id="8570" type="expand" space="tenure" amount="1048576" count="1" timems="0.039" reason="excessive time being spent in gc" timestamp="2019-07-02T23:04:57.872" />
<gc-end id="8571" type="global" contextid="8565" durationms="3.316" usertimems="4.000" systemtimems="4.000" timestamp="2019-07-02T23:04:57.872" activeThreads="4">
  <mem-info id="8572" free="10185672" total="16318464" percent="62">
    <mem type="tenure" free="10185672" total="16318464" percent="62" micro-fragmented="32885" macro-fragmented="0">
      <mem type="soa" free="10022856" total="16155648" percent="62" />
      <mem type="loa" free="162816" total="162816" percent="100" />
    </mem>
  </mem-info>
</gc-end>
<cycle-end id="8573" type="global" contextid="8565" timestamp="2019-07-02T23:04:57.872">
  <attribute name="GC Util" value="250" />
  <attribute name="CPU Util" value="8476697633906" />
  <attribute name="Time Running"value="8506"/>
  <attribute name="Number of cores"value="4"/>
</cycle-end>
<allocation-satisfied id="8574" threadId="0000000001129500" bytesRequested="40" />
<af-end id="8575" timestamp="2019-07-02T23:04:57.872" threadId="0000000001129E88" success="true" />
<exclusive-end id="8576" timestamp="2019-07-02T23:04:57.872" durationms="3.890" />

<exclusive-start id="8577" timestamp="2019-07-02T23:04:57.877" intervalms="8.302">
  <response-info timems="0.040" idlems="0.040" threads="0" lastid="000000000112D100" lastname="Thread-8" />
</exclusive-start>
<af-start id="8578" threadId="000000000112DA88" totalBytesRequested="40" timestamp="2019-07-02T23:04:57.877" intervalms="8.277" />
<cycle-start id="8579" type="global" contextid="0" timestamp="2019-07-02T23:04:57.877" intervalms="8.253" />
  <attribute name="GC Util" value="250" />
  <attribute name="CPU Util" value="8476697633906" />
  <attribute name="Time Running"value="8506"/>
  <attribute name="Number of cores"value="4"/>
<gc-start id="8580" type="global" contextid="8579" timestamp="2019-07-02T23:04:57.877">
  <mem-info id="8581" free="162816" total="16318464" percent="0">
    <mem type="tenure" free="162816" total="16318464" percent="0">
      <mem type="soa" free="0" total="16155648" percent="0" />
      <mem type="loa" free="162816" total="162816" percent="100" />
    </mem>
  </mem-info>
</gc-start>
<allocation-stats totalBytes="10006520" >
  <allocated-bytes non-tlh="0" tlh="10006520" />
  <largest-consumer threadName="Thread-7" threadId="0000000001134900" bytes="2696536" />
</allocation-stats>
<gc-op id="8582" type="mark" timems="2.040" contextid="8579" timestamp="2019-07-02T23:04:57.879">
  <trace-info objectcount="68345" scancount="60783" scanbytes="2332388" />
  <finalization candidates="124" enqueued="0" />
  <ownableSynchronizers candidates="3" cleared="0" />
  <references type="soft" candidates="84" cleared="0" enqueued="0" dynamicThreshold="19" maxThreshold="32" />
  <references type="weak" candidates="774" cleared="0" enqueued="0" />
  <references type="phantom" candidates="63" cleared="0" enqueued="0" />
  <stringconstants candidates="4574" cleared="0"  />
</gc-op>
<gc-op id="8583" type="sweep" timems="0.820" contextid="8579" timestamp="2019-07-02T23:04:57.880" />
<gc-end id="8584" type="global" contextid="8579" durationms="3.184" usertimems="4.000" systemtimems="0.000" timestamp="2019-07-02T23:04:57.880" activeThreads="4">
  <mem-info id="8585" free="10195992" total="16318464" percent="62">
    <mem type="tenure" free="10195992" total="16318464" percent="62" micro-fragmented="51122" macro-fragmented="0">
      <mem type="soa" free="10033176" total="16155648" percent="62" />
      <mem type="loa" free="162816" total="162816" percent="100" />
    </mem>
  </mem-info>
</gc-end>
<cycle-end id="8586" type="global" contextid="8579" timestamp="2019-07-02T23:04:57.880">
  <attribute name="GC Util" value="254" />
  <attribute name="CPU Util" value="8642715278338" />
  <attribute name="Time Running"value="8515"/>
  <attribute name="Number of cores"value="4"/>
</cycle-end>
<allocation-satisfied id="8587" threadId="000000000112D100" bytesRequested="40" />
<af-end id="8588" timestamp="2019-07-02T23:04:57.881" threadId="000000000112DA88" success="true" />
<exclusive-end id="8589" timestamp="2019-07-02T23:04:57.881" durationms="3.881" />

<exclusive-start id="8590" timestamp="2019-07-02T23:04:57.885" intervalms="8.595">
  <response-info timems="0.035" idlems="0.035" threads="0" lastid="0000000001129500" lastname="Thread-10" />
</exclusive-start>
<af-start id="8591" threadId="0000000001129E88" totalBytesRequested="136" timestamp="2019-07-02T23:04:57.886" intervalms="8.625" />
<cycle-start id="8592" type="global" contextid="0" timestamp="2019-07-02T23:04:57.886" intervalms="8.658" />
  <attribute name="GC Util" value="254" />
  <attribute name="CPU Util" value="8642715278338" />
  <attribute name="Time Running"value="8515"/>
  <attribute name="Number of cores"value="4"/>
<gc-start id="8593" type="global" contextid="8592" timestamp="2019-07-02T23:04:57.886">
  <mem-info id="8594" free="162816" total="16318464" percent="0">
    <mem type="tenure" free="162816" total="16318464" percent="0">
      <mem type="soa" free="0" total="16155648" percent="0" />
      <mem type="loa" free="162816" total="162816" percent="100" />
    </mem>
  </mem-info>
</gc-start>
<allocation-stats totalBytes="10013304" >
  <allocated-bytes non-tlh="0" tlh="10013304" />
  <largest-consumer threadName="Thread-8" threadId="000000000112D100" bytes="2622592" />
</allocation-stats>
<gc-op id="8595" type="mark" timems="2.236" contextid="8592" timestamp="2019-07-02T23:04:57.888">
  <trace-info objectcount="68726" scancount="61154" scanbytes="2340724" />
  <finalization candidates="124" enqueued="0" />
  <ownableSynchronizers candidates="3" cleared="0" />
  <references type="soft" candidates="84" cleared="0" enqueued="0" dynamicThreshold="19" maxThreshold="32" />
  <references type="weak" candidates="774" cleared="0" enqueued="0" />
  <references type="phantom" candidates="63" cleared="0" enqueued="0" />
  <stringconstants candidates="4574" cleared="0"  />
</gc-op>
<gc-op id="8596" type="sweep" timems="0.830" contextid="8592" timestamp="2019-07-02T23:04:57.889" />
<gc-end id="8597" type="global" contextid="8592" durationms="3.435" usertimems="8.000" systemtimems="0.000" timestamp="2019-07-02T23:04:57.889" activeThreads="4">
  <mem-info id="8598" free="10125616" total="16318464" percent="62">
    <mem type="tenure" free="10125616" total="16318464" percent="62" micro-fragmented="72336" macro-fragmented="0">
      <mem type="soa" free="9962800" total="16155648" percent="61" />
      <mem type="loa" free="162816" total="162816" percent="100" />
    </mem>
  </mem-info>
</gc-end>
<cycle-end id="8599" type="global" contextid="8592" timestamp="2019-07-02T23:04:57.889">
  <attribute name="GC Util" value="253" />
  <attribute name="CPU Util" value="7944169786807" />
  <attribute name="Time Running"value="8523"/>
  <attribute name="Number of cores"value="4"/>
</cycle-end>
<allocation-satisfied id="8600" threadId="0000000001129500" bytesRequested="136" />
<af-end id="8601" timestamp="2019-07-02T23:04:57.889" threadId="0000000001129E88" success="true" />
<exclusive-end id="8602" timestamp="2019-07-02T23:04:57.890" durationms="4.066" />

<exclusive-start id="8603" timestamp="2019-07-02T23:04:57.894" intervalms="8.724">
  <response-info timems="0.023" idlems="0.023" threads="1" lastid="000000000112D100" lastname="Thread-8" />
</exclusive-start>
<af-start id="8604" threadId="0000000001135288" totalBytesRequested="40" timestamp="2019-07-02T23:04:57.894" intervalms="8.731" />
<cycle-start id="8605" type="global" contextid="0" timestamp="2019-07-02T23:04:57.894" intervalms="8.735" />
  <attribute name="GC Util" value="253" />
  <attribute name="CPU Util" value="7944169786807" />
  <attribute name="Time Running"value="8523"/>
  <attribute name="Number of cores"value="4"/>
<gc-start id="8606" type="global" contextid="8605" timestamp="2019-07-02T23:04:57.894">
  <mem-info id="8607" free="162816" total="16318464" percent="0">
    <mem type="tenure" free="162816" total="16318464" percent="0">
      <mem type="soa" free="0" total="16155648" percent="0" />
      <mem type="loa" free="162816" total="162816" percent="100" />
    </mem>
  </mem-info>
</gc-start>
<allocation-stats totalBytes="9940064" >
  <allocated-bytes non-tlh="0" tlh="9940064" />
  <largest-consumer threadName="Thread-10" threadId="0000000001129500" bytes="2664960" />
</allocation-stats>
<gc-op id="8608" type="mark" timems="2.338" contextid="8605" timestamp="2019-07-02T23:04:57.897">
  <trace-info objectcount="69418" scancount="61839" scanbytes="2358124" />
  <finalization candidates="124" enqueued="0" />
  <ownableSynchronizers candidates="3" cleared="0" />
  <references type="soft" candidates="84" cleared="0" enqueued="0" dynamicThreshold="19" maxThreshold="32" />
  <references type="weak" candidates="774" cleared="0" enqueued="0" />
  <references type="phantom" candidates="63" cleared="0" enqueued="0" />
  <stringconstants candidates="4574" cleared="0"  />
</gc-op>
<gc-op id="8609" type="sweep" timems="0.858" contextid="8605" timestamp="2019-07-02T23:04:57.898" />
<heap-resize id="8610" type="contract" space="tenure" amount="131072" count="1" timems="0.044" reason="excess free space following gc" timestamp="2019-07-02T23:04:57.898" />
<gc-end id="8611" type="global" contextid="8605" durationms="3.598" usertimems="8.000" systemtimems="0.000" timestamp="2019-07-02T23:04:57.898" activeThreads="4">
  <mem-info id="8612" free="9829080" total="16187392" percent="60">
    <mem type="tenure" free="9829080" total="16187392" percent="60" micro-fragmented="196352" macro-fragmented="0">
      <mem type="soa" free="9756232" total="16025600" percent="60" />
      <mem type="loa" free="72848" total="161792" percent="45" />
    </mem>
  </mem-info>
</gc-end>
<cycle-end id="8613" type="global" contextid="8605" timestamp="2019-07-02T23:04:57.898">
  <attribute name="GC Util" value="251" />
  <attribute name="CPU Util" value="7712052434618" />
  <attribute name="Time Running"value="8532"/>
  <attribute name="Number of cores"value="4"/>
</cycle-end>
<allocation-satisfied id="8614" threadId="0000000001134900" bytesRequested="40" />
<af-end id="8615" timestamp="2019-07-02T23:04:57.898" threadId="0000000001135288" success="true" />
<exclusive-end id="8616" timestamp="2019-07-02T23:04:57.899" durationms="4.434" />

<exclusive-start id="8617" timestamp="2019-07-02T23:04:57.903" intervalms="9.033">
  <response-info timems="0.024" idlems="0.024" threads="0" lastid="0000000001129500" lastname="Thread-10" />
</exclusive-start>
<af-start id="8618" threadId="0000000001129E88" totalBytesRequested="40" timestamp="2019-07-02T23:04:57.903" intervalms="8.984" />
<cycle-start id="8619" type="global" contextid="0" timestamp="2019-07-02T23:04:57.903" intervalms="8.937" />
  <attribute name="GC Util" value="251" />
  <attribute name="CPU Util" value="7712052434618" />
  <attribute name="Time Running"value="8532"/>
  <attribute name="Number of cores"value="4"/>
<gc-start id="8620" type="global" contextid="8619" timestamp="2019-07-02T23:04:57.903">
  <mem-info id="8621" free="72848" total="16187392" percent="0">
    <mem type="tenure" free="72848" total="16187392" percent="0">
      <mem type="soa" free="0" total="16025600" percent="0" />
      <mem type="loa" free="72848" total="161792" percent="45" />
    </mem>
  </mem-info>
</gc-start>
<allocation-stats totalBytes="9729728" >
  <allocated-bytes non-tlh="0" tlh="9729728" />
  <largest-consumer threadName="Thread-7" threadId="0000000001134900" bytes="2500840" />
</allocation-stats>
<gc-op id="8622" type="mark" timems="2.285" contextid="8619" timestamp="2019-07-02T23:04:57.906">
  <trace-info objectcount="69967" scancount="62391" scanbytes="2371636" />
  <finalization candidates="124" enqueued="0" />
  <ownableSynchronizers candidates="3" cleared="0" />
  <references type="soft" candidates="84" cleared="0" enqueued="0" dynamicThreshold="19" maxThreshold="32" />
  <references type="weak" candidates="774" cleared="0" enqueued="0" />
  <references type="phantom" candidates="63" cleared="0" enqueued="0" />
  <stringconstants candidates="4574" cleared="0"  />
</gc-op>
<gc-op id="8623" type="sweep" timems="0.881" contextid="8619" timestamp="2019-07-02T23:04:57.907" />
<gc-end id="8624" type="global" contextid="8619" durationms="3.455" usertimems="0.000" systemtimems="8.000" timestamp="2019-07-02T23:04:57.907" activeThreads="4">
  <mem-info id="8625" free="9757712" total="16187392" percent="60">
    <mem type="tenure" free="9757712" total="16187392" percent="60" micro-fragmented="132421" macro-fragmented="0">
      <mem type="soa" free="9674728" total="16025600" percent="60" />
      <mem type="loa" free="82984" total="161792" percent="51" />
    </mem>
  </mem-info>
</gc-end>
<cycle-end id="8626" type="global" contextid="8619" timestamp="2019-07-02T23:04:57.907">
  <attribute name="GC Util" value="254" />
  <attribute name="CPU Util" value="7761282063424" />
  <attribute name="Time Running"value="8541"/>
  <attribute name="Number of cores"value="4"/>
</cycle-end>
<allocation-satisfied id="8627" threadId="0000000001129500" bytesRequested="40" />
<af-end id="8628" timestamp="2019-07-02T23:04:57.907" threadId="0000000001129E88" success="true" />
<exclusive-end id="8629" timestamp="2019-07-02T23:04:57.907" durationms="3.954" />

<exclusive-start id="8630" timestamp="2019-07-02T23:04:57.912" intervalms="8.401">
  <response-info timems="0.038" idlems="0.036" threads="1" lastid="000000000112D100" lastname="Thread-8" />
</exclusive-start>
<af-start id="8631" threadId="0000000001129E88" totalBytesRequested="24" timestamp="2019-07-02T23:04:57.912" intervalms="8.437" />
<cycle-start id="8632" type="global" contextid="0" timestamp="2019-07-02T23:04:57.912" intervalms="8.476" />
  <attribute name="GC Util" value="254" />
  <attribute name="CPU Util" value="7761282063424" />
  <attribute name="Time Running"value="8541"/>
  <attribute name="Number of cores"value="4"/>
<gc-start id="8633" type="global" contextid="8632" timestamp="2019-07-02T23:04:57.912">
  <mem-info id="8634" free="82984" total="16187392" percent="0">
    <mem type="tenure" free="82984" total="16187392" percent="0">
      <mem type="soa" free="0" total="16025600" percent="0" />
      <mem type="loa" free="82984" total="161792" percent="51" />
    </mem>
  </mem-info>
</gc-start>
<allocation-stats totalBytes="9646336" >
  <allocated-bytes non-tlh="0" tlh="9646336" />
  <largest-consumer threadName="Thread-7" threadId="0000000001134900" bytes="2729000" />
</allocation-stats>
<gc-op id="8635" type="mark" timems="1.649" contextid="8632" timestamp="2019-07-02T23:04:57.914">
  <trace-info objectcount="70566" scancount="62992" scanbytes="2385924" />
  <finalization candidates="124" enqueued="0" />
  <ownableSynchronizers candidates="3" cleared="0" />
  <references type="soft" candidates="84" cleared="0" enqueued="0" dynamicThreshold="19" maxThreshold="32" />
  <references type="weak" candidates="774" cleared="0" enqueued="0" />
  <references type="phantom" candidates="63" cleared="0" enqueued="0" />
  <stringconstants candidates="4574" cleared="0"  />
</gc-op>
<gc-op id="8636" type="sweep" timems="0.385" contextid="8632" timestamp="2019-07-02T23:04:57.914" />
<heap-resize id="8637" type="expand" space="tenure" amount="1048576" count="1" timems="0.050" reason="excessive time being spent in gc" timestamp="2019-07-02T23:04:57.914" />
<gc-end id="8638" type="global" contextid="8632" durationms="2.570" usertimems="4.000" systemtimems="0.000" timestamp="2019-07-02T23:04:57.914" activeThreads="4">
  <mem-info id="8639" free="10723432" total="17235968" percent="62">
    <mem type="tenure" free="10723432" total="17235968" percent="62" micro-fragmented="161292" macro-fragmented="0">
      <mem type="soa" free="10551400" total="17063936" percent="61" />
      <mem type="loa" free="172032" total="172032" percent="100" />
    </mem>
  </mem-info>
</gc-end>
<cycle-end id="8640" type="global" contextid="8632" timestamp="2019-07-02T23:04:57.915">
  <attribute name="GC Util" value="239" />
  <attribute name="CPU Util" value="10504297308625" />
  <attribute name="Time Running"value="8549"/>
  <attribute name="Number of cores"value="4"/>
</cycle-end>
<allocation-satisfied id="8641" threadId="0000000001129500" bytesRequested="24" />
<af-end id="8642" timestamp="2019-07-02T23:04:57.915" threadId="0000000001129E88" success="true" />
<exclusive-end id="8643" timestamp="2019-07-02T23:04:57.915" durationms="3.383" />

<exclusive-start id="8644" timestamp="2019-07-02T23:04:57.924" intervalms="12.663">
  <response-info timems="0.099" idlems="0.099" threads="0" lastid="0000000001134900" lastname="Thread-7" />
</exclusive-start>
<af-start id="8645" threadId="0000000001135288" totalBytesRequested="24" timestamp="2019-07-02T23:04:57.924" intervalms="12.696" />
<cycle-start id="8646" type="global" contextid="0" timestamp="2019-07-02T23:04:57.925" intervalms="12.748" />
  <attribute name="GC Util" value="239" />
  <attribute name="CPU Util" value="10504297308625" />
  <attribute name="Time Running"value="8549"/>
  <attribute name="Number of cores"value="4"/>
<gc-start id="8647" type="global" contextid="8646" timestamp="2019-07-02T23:04:57.925">
  <mem-info id="8648" free="172032" total="17235968" percent="0">
    <mem type="tenure" free="172032" total="17235968" percent="0">
      <mem type="soa" free="0" total="17063936" percent="0" />
      <mem type="loa" free="172032" total="172032" percent="100" />
    </mem>
  </mem-info>
</gc-start>
<allocation-stats totalBytes="10520792" >
  <allocated-bytes non-tlh="0" tlh="10520792" />
  <largest-consumer threadName="Thread-8" threadId="000000000112D100" bytes="4782552" />
</allocation-stats>
<gc-op id="8649" type="mark" timems="2.186" contextid="8646" timestamp="2019-07-02T23:04:57.927">
  <trace-info objectcount="71241" scancount="63674" scanbytes="2401972" />
  <finalization candidates="124" enqueued="0" />
  <ownableSynchronizers candidates="3" cleared="0" />
  <references type="soft" candidates="84" cleared="0" enqueued="0" dynamicThreshold="19" maxThreshold="32" />
  <references type="weak" candidates="774" cleared="0" enqueued="0" />
  <references type="phantom" candidates="63" cleared="0" enqueued="0" />
  <stringconstants candidates="4574" cleared="0"  />
</gc-op>
<gc-op id="8650" type="sweep" timems="0.882" contextid="8646" timestamp="2019-07-02T23:04:57.928" />
<gc-end id="8651" type="global" contextid="8646" durationms="3.557" usertimems="8.000" systemtimems="0.000" timestamp="2019-07-02T23:04:57.928" activeThreads="4">
  <mem-info id="8652" free="10719360" total="17235968" percent="62">
    <mem type="tenure" free="10719360" total="17235968" percent="62" micro-fragmented="178476" macro-fragmented="0">
      <mem type="soa" free="10547328" total="17063936" percent="61" />
      <mem type="loa" free="172032" total="172032" percent="100" />
    </mem>
  </mem-info>
</gc-end>
<cycle-end id="8653" type="global" contextid="8646" timestamp="2019-07-02T23:04:57.928">
  <attribute name="GC Util" value="243" />
  <attribute name="CPU Util" value="8107624781976" />
  <attribute name="Time Running"value="8562"/>
  <attribute name="Number of cores"value="4"/>
</cycle-end>
<allocation-satisfied id="8654" threadId="0000000001134900" bytesRequested="24" />
<af-end id="8655" timestamp="2019-07-02T23:04:57.929" threadId="0000000001135288" success="true" />
<exclusive-end id="8656" timestamp="2019-07-02T23:04:57.929" durationms="4.501" />

<exclusive-start id="8657" timestamp="2019-07-02T23:04:57.937" intervalms="12.452">
  <response-info timems="0.060" idlems="0.060" threads="0" lastid="0000000001129500" lastname="Thread-10" />
</exclusive-start>
<af-start id="8658" threadId="0000000001129E88" totalBytesRequested="40" timestamp="2019-07-02T23:04:57.937" intervalms="12.498" />
<cycle-start id="8659" type="global" contextid="0" timestamp="2019-07-02T23:04:57.937" intervalms="12.519" />
  <attribute name="GC Util" value="243" />
  <attribute name="CPU Util" value="8107624781976" />
  <attribute name="Time Running"value="8562"/>
  <attribute name="Number of cores"value="4"/>
<gc-start id="8660" type="global" contextid="8659" timestamp="2019-07-02T23:04:57.937">
  <mem-info id="8661" free="172032" total="17235968" percent="0">
    <mem type="tenure" free="172032" total="17235968" percent="0">
      <mem type="soa" free="0" total="17063936" percent="0" />
      <mem type="loa" free="172032" total="172032" percent="100" />
    </mem>
  </mem-info>
</gc-start>
<allocation-stats totalBytes="10514432" >
  <allocated-bytes non-tlh="0" tlh="10514432" />
  <largest-consumer threadName="Thread-7" threadId="0000000001134900" bytes="4585136" />
</allocation-stats>
<gc-op id="8662" type="mark" timems="1.438" contextid="8659" timestamp="2019-07-02T23:04:57.939">
  <trace-info objectcount="72085" scancount="64492" scanbytes="2422140" />
  <finalization candidates="124" enqueued="0" />
  <ownableSynchronizers candidates="3" cleared="0" />
  <references type="soft" candidates="84" cleared="0" enqueued="0" dynamicThreshold="19" maxThreshold="32" />
  <references type="weak" candidates="774" cleared="0" enqueued="0" />
  <references type="phantom" candidates="63" cleared="0" enqueued="0" />
  <stringconstants candidates="4574" cleared="0"  />
</gc-op>
<gc-op id="8663" type="sweep" timems="0.424" contextid="8659" timestamp="2019-07-02T23:04:57.939" />
<gc-end id="8664" type="global" contextid="8659" durationms="2.332" usertimems="4.000" systemtimems="0.000" timestamp="2019-07-02T23:04:57.940" activeThreads="4">
  <mem-info id="8665" free="10623840" total="17235968" percent="61">
    <mem type="tenure" free="10623840" total="17235968" percent="61" micro-fragmented="175555" macro-fragmented="0">
      <mem type="soa" free="10451808" total="17063936" percent="61" />
      <mem type="loa" free="172032" total="172032" percent="100" />
    </mem>
  </mem-info>
</gc-end>
<cycle-end id="8666" type="global" contextid="8659" timestamp="2019-07-02T23:04:57.940">
  <attribute name="GC Util" value="191" />
  <attribute name="CPU Util" value="12073772028993" />
  <attribute name="Time Running"value="8574"/>
  <attribute name="Number of cores"value="4"/>
</cycle-end>
<allocation-satisfied id="8667" threadId="0000000001129500" bytesRequested="40" />
<af-end id="8668" timestamp="2019-07-02T23:04:57.940" threadId="0000000001129E88" success="true" />
<exclusive-end id="8669" timestamp="2019-07-02T23:04:57.940" durationms="3.380" />

<exclusive-start id="8670" timestamp="2019-07-02T23:04:57.947" intervalms="10.423">
  <response-info timems="0.087" idlems="0.080" threads="1" lastid="0000000001130D00" lastname="Thread-9" />
</exclusive-start>
<af-start id="8671" threadId="000000000112DA88" totalBytesRequested="40" timestamp="2019-07-02T23:04:57.947" intervalms="10.435" />
<cycle-start id="8672" type="global" contextid="0" timestamp="2019-07-02T23:04:57.947" intervalms="10.417" />
  <attribute name="GC Util" value="191" />
  <attribute name="CPU Util" value="12073772028993" />
  <attribute name="Time Running"value="8574"/>
  <attribute name="Number of cores"value="4"/>
<gc-start id="8673" type="global" contextid="8672" timestamp="2019-07-02T23:04:57.948">
  <mem-info id="8674" free="172032" total="17235968" percent="0">
    <mem type="tenure" free="172032" total="17235968" percent="0">
      <mem type="soa" free="0" total="17063936" percent="0" />
      <mem type="loa" free="172032" total="172032" percent="100" />
    </mem>
  </mem-info>
</gc-start>
<allocation-stats totalBytes="10416328" >
  <allocated-bytes non-tlh="23160" tlh="10393168" />
  <largest-consumer threadName="Thread-8" threadId="000000000112D100" bytes="3899704" />
</allocation-stats>
<gc-op id="8675" type="mark" timems="1.864" contextid="8672" timestamp="2019-07-02T23:04:57.950">
  <trace-info objectcount="67915" scancount="60343" scanbytes="2322428" />
  <finalization candidates="124" enqueued="0" />
  <ownableSynchronizers candidates="3" cleared="0" />
  <references type="soft" candidates="84" cleared="0" enqueued="0" dynamicThreshold="19" maxThreshold="32" />
  <references type="weak" candidates="774" cleared="0" enqueued="0" />
  <references type="phantom" candidates="63" cleared="0" enqueued="0" />
  <stringconstants candidates="4574" cleared="0"  />
</gc-op>
<gc-op id="8676" type="sweep" timems="0.631" contextid="8672" timestamp="2019-07-02T23:04:57.950" />
<heap-resize id="8677" type="contract" space="tenure" amount="131072" count="1" timems="0.051" reason="excess free space following gc" timestamp="2019-07-02T23:04:57.951" />
<gc-end id="8678" type="global" contextid="8672" durationms="3.108" usertimems="4.000" systemtimems="0.000" timestamp="2019-07-02T23:04:57.951" activeThreads="4">
  <mem-info id="8679" free="10645848" total="17104896" percent="62">
    <mem type="tenure" free="10645848" total="17104896" percent="62" micro-fragmented="130104" macro-fragmented="0">
      <mem type="soa" free="10645848" total="16933888" percent="62" />
      <mem type="loa" free="0" total="171008" percent="0" />
    </mem>
  </mem-info>
</gc-end>
<cycle-end id="8680" type="global" contextid="8672" timestamp="2019-07-02T23:04:57.951">
  <attribute name="GC Util" value="220" />
  <attribute name="CPU Util" value="9431245871802" />
  <attribute name="Time Running"value="8585"/>
  <attribute name="Number of cores"value="4"/>
</cycle-end>
<allocation-satisfied id="8681" threadId="000000000112D100" bytesRequested="40" />
<af-end id="8682" timestamp="2019-07-02T23:04:57.951" threadId="000000000112DA88" success="true" />
<exclusive-end id="8683" timestamp="2019-07-02T23:04:57.951" durationms="3.920" />

<exclusive-start id="8684" timestamp="2019-07-02T23:04:57.959" intervalms="11.364">
  <response-info timems="0.157" idlems="0.136" threads="2" lastid="0000000001130D00" lastname="Thread-9" />
</exclusive-start>
<af-start id="8685" threadId="0000000001129E88" totalBytesRequested="24" timestamp="2019-07-02T23:04:57.959" intervalms="11.257" />
<cycle-start id="8686" type="global" contextid="0" timestamp="2019-07-02T23:04:57.959" intervalms="11.211" />
  <attribute name="GC Util" value="220" />
  <attribute name="CPU Util" value="9431245871802" />
  <attribute name="Time Running"value="8585"/>
  <attribute name="Number of cores"value="4"/>
<gc-start id="8687" type="global" contextid="8686" timestamp="2019-07-02T23:04:57.959">
  <mem-info id="8688" free="0" total="17104896" percent="0">
    <mem type="tenure" free="0" total="17104896" percent="0">
      <mem type="soa" free="0" total="16933888" percent="0" />
      <mem type="loa" free="0" total="171008" percent="0" />
    </mem>
  </mem-info>
</gc-start>
<allocation-stats totalBytes="10623360" >
  <allocated-bytes non-tlh="0" tlh="10623360" />
  <largest-consumer threadName="Thread-7" threadId="0000000001134900" bytes="4332472" />
</allocation-stats>
<gc-op id="8689" type="mark" timems="1.283" contextid="8686" timestamp="2019-07-02T23:04:57.960">
  <trace-info objectcount="68473" scancount="60896" scanbytes="2335300" />
  <finalization candidates="124" enqueued="0" />
  <ownableSynchronizers candidates="3" cleared="0" />
  <references type="soft" candidates="84" cleared="0" enqueued="0" dynamicThreshold="19" maxThreshold="32" />
  <references type="weak" candidates="774" cleared="0" enqueued="0" />
  <references type="phantom" candidates="63" cleared="0" enqueued="0" />
  <stringconstants candidates="4574" cleared="0"  />
</gc-op>
<gc-op id="8690" type="sweep" timems="0.399" contextid="8686" timestamp="2019-07-02T23:04:57.961" />
<heap-resize id="8691" type="contract" space="tenure" amount="65536" count="1" timems="0.115" reason="excess free space following gc" timestamp="2019-07-02T23:04:57.961" />
<gc-end id="8692" type="global" contextid="8686" durationms="2.339" usertimems="0.000" systemtimems="4.000" timestamp="2019-07-02T23:04:57.961" activeThreads="4">
  <mem-info id="8693" free="10496160" total="17039360" percent="61">
    <mem type="tenure" free="10496160" total="17039360" percent="61" micro-fragmented="210243" macro-fragmented="0">
      <mem type="soa" free="10496160" total="16869376" percent="62" />
      <mem type="loa" free="0" total="169984" percent="0" />
    </mem>
  </mem-info>
</gc-end>
<cycle-end id="8694" type="global" contextid="8686" timestamp="2019-07-02T23:04:57.961">
  <attribute name="GC Util" value="206" />
  <attribute name="CPU Util" value="13469770952040" />
  <attribute name="Time Running"value="8596"/>
  <attribute name="Number of cores"value="4"/>
</cycle-end>
<allocation-satisfied id="8695" threadId="0000000001129500" bytesRequested="24" />
<af-end id="8696" timestamp="2019-07-02T23:04:57.961" threadId="0000000001129E88" success="true" />
<exclusive-end id="8697" timestamp="2019-07-02T23:04:57.962" durationms="3.019" />

<exclusive-start id="8698" timestamp="2019-07-02T23:04:57.969" intervalms="10.851">
  <response-info timems="0.072" idlems="0.072" threads="0" lastid="000000000112D100" lastname="Thread-8" />
</exclusive-start>
<af-start id="8699" threadId="000000000112DA88" totalBytesRequested="40" timestamp="2019-07-02T23:04:57.969" intervalms="10.873" />
<cycle-start id="8700" type="global" contextid="0" timestamp="2019-07-02T23:04:57.970" intervalms="10.874" />
  <attribute name="GC Util" value="206" />
  <attribute name="CPU Util" value="13469770952040" />
  <attribute name="Time Running"value="8596"/>
  <attribute name="Number of cores"value="4"/>
<gc-start id="8701" type="global" contextid="8700" timestamp="2019-07-02T23:04:57.970">
  <mem-info id="8702" free="0" total="17039360" percent="0">
    <mem type="tenure" free="0" total="17039360" percent="0">
      <mem type="soa" free="0" total="16869376" percent="0" />
      <mem type="loa" free="0" total="169984" percent="0" />
    </mem>
  </mem-info>
</gc-start>
<allocation-stats totalBytes="10471880" >
  <allocated-bytes non-tlh="0" tlh="10471880" />
  <largest-consumer threadName="Thread-8" threadId="000000000112D100" bytes="3956120" />
</allocation-stats>
<gc-op id="8703" type="mark" timems="2.017" contextid="8700" timestamp="2019-07-02T23:04:57.972">
  <trace-info objectcount="69260" scancount="61691" scanbytes="2354508" />
  <finalization candidates="124" enqueued="0" />
  <ownableSynchronizers candidates="3" cleared="0" />
  <references type="soft" candidates="84" cleared="0" enqueued="0" dynamicThreshold="19" maxThreshold="32" />
  <references type="weak" candidates="774" cleared="0" enqueued="0" />
  <references type="phantom" candidates="63" cleared="0" enqueued="0" />
  <stringconstants candidates="4574" cleared="0"  />
</gc-op>
<gc-op id="8704" type="sweep" timems="0.896" contextid="8700" timestamp="2019-07-02T23:04:57.973" />
<gc-end id="8705" type="global" contextid="8700" durationms="3.162" usertimems="4.000" systemtimems="0.000" timestamp="2019-07-02T23:04:57.973" activeThreads="4">
  <mem-info id="8706" free="10396896" total="17039360" percent="61">
    <mem type="tenure" free="10396896" total="17039360" percent="61" micro-fragmented="182729" macro-fragmented="0">
      <mem type="soa" free="10396896" total="16869376" percent="61" />
      <mem type="loa" free="0" total="169984" percent="0" />
    </mem>
  </mem-info>
</gc-end>
<cycle-end id="8707" type="global" contextid="8700" timestamp="2019-07-02T23:04:57.973">
  <attribute name="GC Util" value="235" />
  <attribute name="CPU Util" value="8960031960656" />
  <attribute name="Time Running"value="8607"/>
  <attribute name="Number of cores"value="4"/>
</cycle-end>
<allocation-satisfied id="8708" threadId="000000000112D100" bytesRequested="40" />
<af-end id="8709" timestamp="2019-07-02T23:04:57.973" threadId="000000000112DA88" success="true" />
<exclusive-end id="8710" timestamp="2019-07-02T23:04:57.973" durationms="3.753" />

<exclusive-start id="8711" timestamp="2019-07-02T23:04:57.981" intervalms="11.730">
  <response-info timems="0.316" idlems="0.165" threads="1" lastid="0000000001130D00" lastname="Thread-9" />
</exclusive-start>
<af-start id="8712" threadId="000000000112DA88" totalBytesRequested="40" timestamp="2019-07-02T23:04:57.981" intervalms="11.729" />
<cycle-start id="8713" type="global" contextid="0" timestamp="2019-07-02T23:04:57.981" intervalms="11.724" />
  <attribute name="GC Util" value="235" />
  <attribute name="CPU Util" value="8960031960656" />
  <attribute name="Time Running"value="8607"/>
  <attribute name="Number of cores"value="4"/>
<gc-start id="8714" type="global" contextid="8713" timestamp="2019-07-02T23:04:57.981">
  <mem-info id="8715" free="0" total="17039360" percent="0">
    <mem type="tenure" free="0" total="17039360" percent="0">
      <mem type="soa" free="0" total="16869376" percent="0" />
      <mem type="loa" free="0" total="169984" percent="0" />
    </mem>
  </mem-info>
</gc-start>
<allocation-stats totalBytes="10369592" >
  <allocated-bytes non-tlh="0" tlh="10369592" />
  <largest-consumer threadName="Thread-7" threadId="0000000001134900" bytes="4357128" />
</allocation-stats>
<gc-op id="8716" type="mark" timems="2.399" contextid="8713" timestamp="2019-07-02T23:04:57.984">
  <trace-info objectcount="69727" scancount="62146" scanbytes="2365172" />
  <finalization candidates="124" enqueued="0" />
  <ownableSynchronizers candidates="3" cleared="0" />
  <references type="soft" candidates="84" cleared="0" enqueued="0" dynamicThreshold="19" maxThreshold="32" />
  <references type="weak" candidates="774" cleared="0" enqueued="0" />
  <references type="phantom" candidates="63" cleared="0" enqueued="0" />
  <stringconstants candidates="4574" cleared="0"  />
</gc-op>
<gc-op id="8717" type="sweep" timems="0.885" contextid="8713" timestamp="2019-07-02T23:04:57.985" />
<gc-end id="8718" type="global" contextid="8713" durationms="3.653" usertimems="12.000" systemtimems="0.000" timestamp="2019-07-02T23:04:57.985" activeThreads="4">
  <mem-info id="8719" free="10324216" total="17039360" percent="60">
    <mem type="tenure" free="10324216" total="17039360" percent="60" micro-fragmented="179568" macro-fragmented="0">
      <mem type="soa" free="10324216" total="16869376" percent="61" />
      <mem type="loa" free="0" total="169984" percent="0" />
    </mem>
  </mem-info>
</gc-end>
<cycle-end id="8720" type="global" contextid="8713" timestamp="2019-07-02T23:04:57.985">
  <attribute name="GC Util" value="255" />
  <attribute name="CPU Util" value="7415779286398" />
  <attribute name="Time Running"value="8619"/>
  <attribute name="Number of cores"value="4"/>
</cycle-end>
<allocation-satisfied id="8721" threadId="000000000112D100" bytesRequested="40" />
<af-end id="8722" timestamp="2019-07-02T23:04:57.985" threadId="000000000112DA88" success="true" />
<exclusive-end id="8723" timestamp="2019-07-02T23:04:57.985" durationms="4.262" />

<exclusive-start id="8724" timestamp="2019-07-02T23:04:57.992" intervalms="10.900">
  <response-info timems="0.038" idlems="0.026" threads="2" lastid="0000000001129500" lastname="Thread-10" />
</exclusive-start>
<af-start id="8725" threadId="0000000001131688" totalBytesRequested="40" timestamp="2019-07-02T23:04:57.994" intervalms="12.548" />
<cycle-start id="8726" type="global" contextid="0" timestamp="2019-07-02T23:04:57.994" intervalms="12.606" />
  <attribute name="GC Util" value="255" />
  <attribute name="CPU Util" value="7415779286398" />
  <attribute name="Time Running"value="8619"/>
  <attribute name="Number of cores"value="4"/>
<gc-start id="8727" type="global" contextid="8726" timestamp="2019-07-02T23:04:57.994">
  <mem-info id="8728" free="0" total="17039360" percent="0">
    <mem type="tenure" free="0" total="17039360" percent="0">
      <mem type="soa" free="0" total="16869376" percent="0" />
      <mem type="loa" free="0" total="169984" percent="0" />
    </mem>
  </mem-info>
</gc-start>
<allocation-stats totalBytes="10293544" >
  <allocated-bytes non-tlh="0" tlh="10293544" />
  <largest-consumer threadName="Thread-8" threadId="000000000112D100" bytes="3332376" />
</allocation-stats>
<gc-op id="8729" type="mark" timems="1.464" contextid="8726" timestamp="2019-07-02T23:04:57.996">
  <trace-info objectcount="70502" scancount="62922" scanbytes="2384252" />
  <finalization candidates="124" enqueued="0" />
  <ownableSynchronizers candidates="3" cleared="0" />
  <references type="soft" candidates="84" cleared="0" enqueued="0" dynamicThreshold="19" maxThreshold="32" />
  <references type="weak" candidates="774" cleared="0" enqueued="0" />
  <references type="phantom" candidates="63" cleared="0" enqueued="0" />
  <stringconstants candidates="4574" cleared="0"  />
</gc-op>
<gc-op id="8730" type="sweep" timems="0.433" contextid="8726" timestamp="2019-07-02T23:04:57.996" />
<gc-end id="8731" type="global" contextid="8726" durationms="2.399" usertimems="4.000" systemtimems="0.000" timestamp="2019-07-02T23:04:57.996" activeThreads="4">
  <mem-info id="8732" free="10236592" total="17039360" percent="60">
    <mem type="tenure" free="10236592" total="17039360" percent="60" micro-fragmented="261856" macro-fragmented="0">
      <mem type="soa" free="10236592" total="16869376" percent="60" />
      <mem type="loa" free="0" total="169984" percent="0" />
    </mem>
  </mem-info>
</gc-end>
<cycle-end id="8733" type="global" contextid="8726" timestamp="2019-07-02T23:04:57.997">
  <attribute name="GC Util" value="189" />
  <attribute name="CPU Util" value="11877186598508" />
  <attribute name="Time Running"value="8631"/>
  <attribute name="Number of cores"value="4"/>
</cycle-end>
<allocation-satisfied id="8734" threadId="0000000001130D00" bytesRequested="40" />
<af-end id="8735" timestamp="2019-07-02T23:04:57.997" threadId="0000000001131688" success="true" />
<exclusive-end id="8736" timestamp="2019-07-02T23:04:57.997" durationms="4.897" />

<exclusive-start id="8737" timestamp="2019-07-02T23:04:58.004" intervalms="11.745">
  <response-info timems="0.063" idlems="0.063" threads="1" lastid="000000000112D100" lastname="Thread-8" />
</exclusive-start>
<af-start id="8738" threadId="0000000001135288" totalBytesRequested="24" timestamp="2019-07-02T23:04:58.004" intervalms="10.109" />
<cycle-start id="8739" type="global" contextid="0" timestamp="2019-07-02T23:04:58.004" intervalms="10.056" />
  <attribute name="GC Util" value="189" />
  <attribute name="CPU Util" value="11877186598508" />
  <attribute name="Time Running"value="8631"/>
  <attribute name="Number of cores"value="4"/>
<gc-start id="8740" type="global" contextid="8739" timestamp="2019-07-02T23:04:58.004">
  <mem-info id="8741" free="0" total="17039360" percent="0">
    <mem type="tenure" free="0" total="17039360" percent="0">
      <mem type="soa" free="0" total="16869376" percent="0" />
      <mem type="loa" free="0" total="169984" percent="0" />
    </mem>
  </mem-info>
</gc-start>
<allocation-stats totalBytes="10198056" >
  <allocated-bytes non-tlh="0" tlh="10198056" />
  <largest-consumer threadName="Thread-8" threadId="000000000112D100" bytes="3327984" />
</allocation-stats>
<gc-op id="8742" type="mark" timems="2.433" contextid="8739" timestamp="2019-07-02T23:04:58.007">
  <trace-info objectcount="71245" scancount="63678" scanbytes="2402284" />
  <finalization candidates="124" enqueued="0" />
  <ownableSynchronizers candidates="3" cleared="0" />
  <references type="soft" candidates="84" cleared="0" enqueued="0" dynamicThreshold="19" maxThreshold="32" />
  <references type="weak" candidates="774" cleared="0" enqueued="0" />
  <references type="phantom" candidates="63" cleared="0" enqueued="0" />
  <stringconstants candidates="4574" cleared="0"  />
</gc-op>
<gc-op id="8743" type="sweep" timems="0.898" contextid="8739" timestamp="2019-07-02T23:04:58.008" />
<heap-resize id="8744" type="expand" space="tenure" amount="1048576" count="1" timems="0.061" reason="excessive time being spent in gc" timestamp="2019-07-02T23:04:58.008" />
<gc-end id="8745" type="global" contextid="8739" durationms="4.015" usertimems="8.000" systemtimems="0.000" timestamp="2019-07-02T23:04:58.008" activeThreads="4">
  <mem-info id="8746" free="11185400" total="18087936" percent="61">
    <mem type="tenure" free="11185400" total="18087936" percent="61" micro-fragmented="201780" macro-fragmented="0">
      <mem type="soa" free="11005176" total="17907712" percent="61" />
      <mem type="loa" free="180224" total="180224" percent="100" />
    </mem>
  </mem-info>
</gc-end>
<cycle-end id="8747" type="global" contextid="8739" timestamp="2019-07-02T23:04:58.008">
  <attribute name="GC Util" value="247" />
  <attribute name="CPU Util" value="7201202192291" />
  <attribute name="Time Running"value="8642"/>
  <attribute name="Number of cores"value="4"/>
</cycle-end>
<allocation-satisfied id="8748" threadId="0000000001134900" bytesRequested="24" />
<af-end id="8749" timestamp="2019-07-02T23:04:58.008" threadId="0000000001135288" success="true" />
<exclusive-end id="8750" timestamp="2019-07-02T23:04:58.008" durationms="4.754" />

