<?xml version="1.0" ?>

<verbosegc xmlns="http://www.ibm.com/j9/verbosegc" version="25b0271_CMPRSS">

<initialized id="1" timestamp="2019-07-02T23:05:39.336">
  <attribute name="gcPolicy" value="-Xgcpolicy:optthruput" />
  <attribute name="GC Util" value="0" />
  <attribute name="CPU Util" value="0" />
  <attribute name="Time Running"value="0"/>
  <attribute name="Number of cores"value="0"/>
  <attribute name="maxHeapSize" value="0x7cbc0000" />
  <attribute name="initialHeapSize" value="0x800000" />
  <attribute name="compressedRefs" value="true" />
  <attribute name="compressedRefsDisplacement" value="0x0" />
  <attribute name="compressedRefsShift" value="0x0" />
  <attribute name="pageSize" value="0x1000" />
  <attribute name="pageType" value="not used" />
  <attribute name="requestedPageSize" value="0x1000" />
  <attribute name="requestedPageType" value="not used" />
  <attribute name="gcthreads" value="4" />
  <attribute name="packetListSplit" value="4" />
  <attribute name="cacheListSplit" value="4" />
  <attribute name="splitFreeListSplitAmount" value="1" />
  <attribute name="numaNodes" value="0" />
  <system>
    <attribute name="physicalMemory" value="8370962432" />
    <attribute name="numCPUs" value="4" />
    <attribute name="architecture" value="amd64" />
    <attribute name="os" value="Linux" />
    <attribute name="osVersion" value="4.4.0-148-generic" />
  </system>
  <vmargs>
    <vmarg name="-Xoptionsfile=/vagrant/jdk/lib/options.default" />
    <vmarg name="-Xlockword:mode=default,noLockword=java/lang/String,noLockword=java/util/MapEntry,noLockword=java/util/HashMap$Entry,noLockword..." />
    <vmarg name="-Xjcl:jclse11_29" />
    <vmarg name="-Dcom.ibm.oti.vm.bootstrap.library.path=/vagrant/jdk/lib/compressedrefs:/vagrant/jdk/lib" />
    <vmarg name="-Dsun.boot.library.path=/vagrant/jdk/lib/compressedrefs:/vagrant/jdk/lib" />
    <vmarg name="-Djava.library.path=/vagrant/jdk/lib/compressedrefs:/vagrant/jdk/lib:/usr/lib64:/usr/lib" />
    <vmarg name="-Djava.home=/vagrant/jdk" />
    <vmarg name="-Duser.dir=/vagrant" />
    <vmarg name="-Xgcpolicy:optthruput" />
    <vmarg name="-verbose:gc" />
    <vmarg name="-Xloggc:large-OPTTHRUPUT-jdkF-verbose16sunflow.txt" />
    <vmarg name="-Djava.class.path=dacapo-9.12-MR1-bach.jar" />
    <vmarg name="-Dsun.java.command=dacapo-9.12-MR1-bach.jar sunflow --size=large" />
    <vmarg name="-Dsun.java.launcher=SUN_STANDARD" />
    <vmarg name="-Dsun.java.launcher.pid=27296" />
  </vmargs>
</initialized>

<exclusive-start id="2" timestamp="2019-07-02T23:05:39.724" intervalms="387.913">
  <response-info timems="0.071" idlems="0.071" threads="0" lastid="0000000001006700" lastname="main" />
</exclusive-start>
<af-start id="3" threadId="0000000001007088" totalBytesRequested="16" timestamp="2019-07-02T23:05:39.725" intervalms="388.267" />
<cycle-start id="4" type="global" contextid="0" timestamp="2019-07-02T23:05:39.725" intervalms="388.620" />
  <attribute name="GC Util" value="0" />
  <attribute name="CPU Util" value="95" />
  <attribute name="Time Running"value="0"/>
  <attribute name="Number of cores"value="4"/>
<gc-start id="5" type="global" contextid="4" timestamp="2019-07-02T23:05:39.725">
  <mem-info id="6" free="418816" total="8388608" percent="4">
    <mem type="tenure" free="418816" total="8388608" percent="4">
      <mem type="soa" free="0" total="7969792" percent="0" />
      <mem type="loa" free="418816" total="418816" percent="100" />
    </mem>
  </mem-info>
</gc-start>
<allocation-stats totalBytes="7963784" >
  <allocated-bytes non-tlh="2292880" tlh="5670904" />
  <largest-consumer threadName="main" threadId="0000000001006700" bytes="7892192" />
</allocation-stats>
<gc-op id="7" type="mark" timems="2.717" contextid="4" timestamp="2019-07-02T23:05:39.728">
  <trace-info objectcount="30037" scancount="24103" scanbytes="759268" />
  <finalization candidates="125" enqueued="1" />
  <ownableSynchronizers candidates="3" cleared="0" />
  <references type="soft" candidates="129" cleared="0" enqueued="0" dynamicThreshold="32" maxThreshold="32" />
  <references type="weak" candidates="1325" cleared="567" enqueued="477" />
  <references type="phantom" candidates="106" cleared="42" enqueued="42" />
  <stringconstants candidates="3935" cleared="0"  />
</gc-op>
<gc-op id="8" type="classunload" timems="0.119" contextid="4" timestamp="2019-07-02T23:05:39.728">
  <classunload-info classloadercandidates="7" classloadersunloaded="0" classesunloaded="0" anonymousclassesunloaded="0" quiescems="0.000" setupms="0.118" scanms="0.000" postms="0.001" />
</gc-op>
<gc-op id="9" type="sweep" timems="0.629" contextid="4" timestamp="2019-07-02T23:05:39.729" />
<gc-end id="10" type="global" contextid="4" durationms="4.009" usertimems="8.000" systemtimems="0.000" timestamp="2019-07-02T23:05:39.729" activeThreads="4">
  <mem-info id="11" free="4717736" total="8388608" percent="56">
    <mem type="tenure" free="4717736" total="8388608" percent="56" micro-fragmented="339708" macro-fragmented="0">
      <mem type="soa" free="4298920" total="7969792" percent="53" />
      <mem type="loa" free="418816" total="418816" percent="100" />
    </mem>
    <pending-finalizers system="1" default="0" reference="519" classloader="0" />
  </mem-info>
</gc-end>
<cycle-end id="12" type="global" contextid="4" timestamp="2019-07-02T23:05:39.729">
  <attribute name="GC Util" value="73" />
  <attribute name="CPU Util" value="5828250193749" />
  <attribute name="Time Running"value="293"/>
  <attribute name="Number of cores"value="4"/>
</cycle-end>
<allocation-satisfied id="13" threadId="0000000001006700" bytesRequested="16" />
<af-end id="14" timestamp="2019-07-02T23:05:39.729" threadId="0000000001007088" success="true" />
<exclusive-end id="15" timestamp="2019-07-02T23:05:39.730" durationms="5.310" />

<exclusive-start id="16" timestamp="2019-07-02T23:05:39.861" intervalms="136.827">
  <response-info timems="0.080" idlems="0.080" threads="0" lastid="0000000001006700" lastname="main" />
</exclusive-start>
<sys-start reason="explicit" id="17" timestamp="2019-07-02T23:05:39.861" intervalms="524.892" />
<cycle-start id="18" type="global" contextid="0" timestamp="2019-07-02T23:05:39.861" intervalms="136.396" />
  <attribute name="GC Util" value="73" />
  <attribute name="CPU Util" value="5828250193749" />
  <attribute name="Time Running"value="293"/>
  <attribute name="Number of cores"value="4"/>
<gc-start id="19" type="global" contextid="18" timestamp="2019-07-02T23:05:39.861">
  <mem-info id="20" free="664288" total="8388608" percent="7">
    <mem type="tenure" free="664288" total="8388608" percent="7">
      <mem type="soa" free="245472" total="7969792" percent="3" />
      <mem type="loa" free="418816" total="418816" percent="100" />
    </mem>
  </mem-info>
</gc-start>
<allocation-stats totalBytes="4051600" >
  <allocated-bytes non-tlh="1048672" tlh="3002928" />
  <largest-consumer threadName="main" threadId="0000000001006700" bytes="4040184" />
</allocation-stats>
<gc-op id="21" type="mark" timems="1.535" contextid="18" timestamp="2019-07-02T23:05:39.863">
  <trace-info objectcount="29099" scancount="23311" scanbytes="745044" />
  <finalization candidates="124" enqueued="0" />
  <ownableSynchronizers candidates="3" cleared="0" />
  <references type="soft" candidates="129" cleared="0" enqueued="0" dynamicThreshold="17" maxThreshold="32" />
  <references type="weak" candidates="760" cleared="2" enqueued="2" />
  <references type="phantom" candidates="63" cleared="0" enqueued="0" />
  <stringconstants candidates="3935" cleared="0"  />
</gc-op>
<gc-op id="22" type="classunload" timems="0.002" contextid="18" timestamp="2019-07-02T23:05:39.863">
  <classunload-info classloadercandidates="7" classloadersunloaded="0" classesunloaded="0" anonymousclassesunloaded="0" quiescems="0.000" setupms="0.002" scanms="0.000" postms="0.000" />
</gc-op>
<gc-op id="23" type="sweep" timems="0.221" contextid="18" timestamp="2019-07-02T23:05:39.864" />
<mem-info id="24" free="4505768" total="8388608" percent="53">
  <mem type="tenure" free="4505768" total="8388608" percent="53" micro-fragmented="375640" macro-fragmented="0">
    <mem type="soa" free="4086952" total="7969792" percent="51" />
    <mem type="loa" free="418816" total="418816" percent="100" />
  </mem>
  <pending-finalizers system="0" default="0" reference="2" classloader="0" />
</mem-info>
<gc-op id="25" type="compact" timems="6.986" contextid="18" timestamp="2019-07-02T23:05:39.871">
  <compact-info movecount="29098" movebytes="3385248" reason="compact on aggressive collection" />
</gc-op>
<gc-end id="26" type="global" contextid="18" durationms="9.925" usertimems="12.000" systemtimems="0.000" timestamp="2019-07-02T23:05:39.871" activeThreads="4">
  <mem-info id="27" free="5003272" total="8388608" percent="59">
    <mem type="tenure" free="5003272" total="8388608" percent="59">
      <mem type="soa" free="4584456" total="7969792" percent="57" />
      <mem type="loa" free="418816" total="418816" percent="100" />
    </mem>
    <pending-finalizers system="0" default="0" reference="2" classloader="0" />
  </mem-info>
</gc-end>
<cycle-end id="28" type="global" contextid="18" timestamp="2019-07-02T23:05:39.872">
  <attribute name="GC Util" value="8" />
  <attribute name="CPU Util" value="30208077990085" />
  <attribute name="Time Running"value="429"/>
  <attribute name="Number of cores"value="4"/>
</cycle-end>
<sys-end id="29" timestamp="2019-07-02T23:05:39.872" />
<exclusive-end id="30" timestamp="2019-07-02T23:05:39.872" durationms="10.715" />

<exclusive-start id="31" timestamp="2019-07-02T23:05:40.017" intervalms="155.545">
  <response-info timems="0.036" idlems="0.036" threads="0" lastid="0000000001354500" lastname="Thread-3" />
</exclusive-start>
<af-start id="32" threadId="0000000001354E88" totalBytesRequested="88" timestamp="2019-07-02T23:05:40.017" intervalms="292.195" />
<cycle-start id="33" type="global" contextid="0" timestamp="2019-07-02T23:05:40.017" intervalms="155.592" />
  <attribute name="GC Util" value="8" />
  <attribute name="CPU Util" value="30208077990085" />
  <attribute name="Time Running"value="429"/>
  <attribute name="Number of cores"value="4"/>
<gc-start id="34" type="global" contextid="33" timestamp="2019-07-02T23:05:40.017">
  <mem-info id="35" free="418816" total="8388608" percent="4">
    <mem type="tenure" free="418816" total="8388608" percent="4">
      <mem type="soa" free="0" total="7969792" percent="0" />
      <mem type="loa" free="418816" total="418816" percent="100" />
    </mem>
  </mem-info>
</gc-start>
<allocation-stats totalBytes="4553048" >
  <allocated-bytes non-tlh="489880" tlh="4063168" />
  <largest-consumer threadName="main" threadId="0000000001006700" bytes="3054240" />
</allocation-stats>
<gc-op id="36" type="mark" timems="7.374" contextid="33" timestamp="2019-07-02T23:05:40.025">
  <trace-info objectcount="39552" scancount="31242" scanbytes="968832" />
  <finalization candidates="124" enqueued="0" />
  <ownableSynchronizers candidates="3" cleared="0" />
  <references type="soft" candidates="146" cleared="0" enqueued="0" dynamicThreshold="19" maxThreshold="32" />
  <references type="weak" candidates="803" cleared="29" enqueued="28" />
  <references type="phantom" candidates="65" cleared="2" enqueued="2" />
  <stringconstants candidates="4486" cleared="1"  />
</gc-op>
<gc-op id="37" type="sweep" timems="1.780" contextid="33" timestamp="2019-07-02T23:05:40.027" />
<gc-end id="38" type="global" contextid="33" durationms="9.968" usertimems="4.000" systemtimems="4.000" timestamp="2019-07-02T23:05:40.027" activeThreads="4">
  <mem-info id="39" free="3710320" total="8388608" percent="44">
    <mem type="tenure" free="3710320" total="8388608" percent="44" micro-fragmented="363835" macro-fragmented="0">
      <mem type="soa" free="3291504" total="7969792" percent="41" />
      <mem type="loa" free="418816" total="418816" percent="100" />
    </mem>
    <pending-finalizers system="0" default="0" reference="30" classloader="0" />
  </mem-info>
</gc-end>
<cycle-end id="40" type="global" contextid="33" timestamp="2019-07-02T23:05:40.027">
  <attribute name="GC Util" value="93" />
  <attribute name="CPU Util" value="2390467655721" />
  <attribute name="Time Running"value="590"/>
  <attribute name="Number of cores"value="4"/>
</cycle-end>
<allocation-satisfied id="41" threadId="0000000001354500" bytesRequested="88" />
<af-end id="42" timestamp="2019-07-02T23:05:40.027" threadId="0000000001354E88" success="true" />
<exclusive-end id="43" timestamp="2019-07-02T23:05:40.028" durationms="10.984" />

<exclusive-start id="44" timestamp="2019-07-02T23:05:40.137" intervalms="120.340">
  <response-info timems="0.226" idlems="0.123" threads="1" lastid="000000000100A300" lastname="JIT Compilation Thread-0" />
</exclusive-start>
<af-start id="45" threadId="000000000135C688" totalBytesRequested="1016" timestamp="2019-07-02T23:05:40.137" intervalms="120.324" />
<cycle-start id="46" type="global" contextid="0" timestamp="2019-07-02T23:05:40.137" intervalms="120.259" />
  <attribute name="GC Util" value="93" />
  <attribute name="CPU Util" value="2390467655721" />
  <attribute name="Time Running"value="590"/>
  <attribute name="Number of cores"value="4"/>
<gc-start id="47" type="global" contextid="46" timestamp="2019-07-02T23:05:40.137">
  <mem-info id="48" free="418816" total="8388608" percent="4">
    <mem type="tenure" free="418816" total="8388608" percent="4">
      <mem type="soa" free="0" total="7969792" percent="0" />
      <mem type="loa" free="418816" total="418816" percent="100" />
    </mem>
  </mem-info>
</gc-start>
<allocation-stats totalBytes="3266968" >
  <allocated-bytes non-tlh="1108304" tlh="2158664" />
  <largest-consumer threadName="Thread-5" threadId="000000000135BD00" bytes="3134344" />
</allocation-stats>
<gc-op id="49" type="mark" timems="1.640" contextid="46" timestamp="2019-07-02T23:05:40.139">
  <trace-info objectcount="43622" scancount="35293" scanbytes="1181072" />
  <finalization candidates="124" enqueued="0" />
  <ownableSynchronizers candidates="3" cleared="0" />
  <references type="soft" candidates="146" cleared="0" enqueued="0" dynamicThreshold="14" maxThreshold="32" />
  <references type="weak" candidates="774" cleared="0" enqueued="0" />
  <references type="phantom" candidates="63" cleared="0" enqueued="0" />
  <stringconstants candidates="4510" cleared="0"  />
</gc-op>
<gc-op id="50" type="sweep" timems="0.230" contextid="46" timestamp="2019-07-02T23:05:40.140" />
<gc-end id="51" type="global" contextid="46" durationms="2.381" usertimems="0.000" systemtimems="0.000" timestamp="2019-07-02T23:05:40.140" activeThreads="4">
  <mem-info id="52" free="2815280" total="8388608" percent="33">
    <mem type="tenure" free="2815280" total="8388608" percent="33" micro-fragmented="756020" macro-fragmented="0">
      <mem type="soa" free="2396464" total="7969792" percent="30" />
      <mem type="loa" free="418816" total="418816" percent="100" />
    </mem>
  </mem-info>
</gc-end>
<cycle-end id="53" type="global" contextid="46" timestamp="2019-07-02T23:05:40.140">
  <attribute name="GC Util" value="82" />
  <attribute name="CPU Util" value="10512307024390" />
  <attribute name="Time Running"value="704"/>
  <attribute name="Number of cores"value="4"/>
</cycle-end>
<allocation-satisfied id="54" threadId="000000000135BD00" bytesRequested="1016" />
<af-end id="55" timestamp="2019-07-02T23:05:40.140" threadId="000000000135C688" success="true" />
<exclusive-end id="56" timestamp="2019-07-02T23:05:40.140" durationms="3.093" />

<exclusive-start id="57" timestamp="2019-07-02T23:05:40.227" intervalms="89.628">
  <response-info timems="0.259" idlems="0.259" threads="0" lastid="000000000135BD00" lastname="Thread-5" />
</exclusive-start>
<af-start id="58" threadId="000000000135C688" totalBytesRequested="344" timestamp="2019-07-02T23:05:40.227" intervalms="89.638" />
<cycle-start id="59" type="global" contextid="0" timestamp="2019-07-02T23:05:40.227" intervalms="89.701" />
  <attribute name="GC Util" value="82" />
  <attribute name="CPU Util" value="10512307024390" />
  <attribute name="Time Running"value="704"/>
  <attribute name="Number of cores"value="4"/>
<gc-start id="60" type="global" contextid="59" timestamp="2019-07-02T23:05:40.227">
  <mem-info id="61" free="418816" total="8388608" percent="4">
    <mem type="tenure" free="418816" total="8388608" percent="4">
      <mem type="soa" free="0" total="7969792" percent="0" />
      <mem type="loa" free="418816" total="418816" percent="100" />
    </mem>
  </mem-info>
</gc-start>
<allocation-stats totalBytes="2370944" >
  <allocated-bytes non-tlh="379280" tlh="1991664" />
  <largest-consumer threadName="Thread-5" threadId="000000000135BD00" bytes="2370944" />
</allocation-stats>
<gc-op id="62" type="mark" timems="2.914" contextid="59" timestamp="2019-07-02T23:05:40.230">
  <trace-info objectcount="43628" scancount="35300" scanbytes="1181144" />
  <finalization candidates="124" enqueued="0" />
  <ownableSynchronizers candidates="3" cleared="0" />
  <references type="soft" candidates="146" cleared="0" enqueued="0" dynamicThreshold="10" maxThreshold="32" />
  <references type="weak" candidates="774" cleared="0" enqueued="0" />
  <references type="phantom" candidates="63" cleared="0" enqueued="0" />
  <stringconstants candidates="4510" cleared="0"  />
</gc-op>
<gc-op id="63" type="sweep" timems="0.565" contextid="59" timestamp="2019-07-02T23:05:40.231" />
<gc-end id="64" type="global" contextid="59" durationms="3.986" usertimems="8.000" systemtimems="0.000" timestamp="2019-07-02T23:05:40.231" activeThreads="4">
  <mem-info id="65" free="2829184" total="8388608" percent="33">
    <mem type="tenure" free="2829184" total="8388608" percent="33" micro-fragmented="759695" macro-fragmented="0">
      <mem type="soa" free="2410368" total="7969792" percent="30" />
      <mem type="loa" free="418816" total="418816" percent="100" />
    </mem>
  </mem-info>
</gc-end>
<cycle-end id="66" type="global" contextid="59" timestamp="2019-07-02T23:05:40.231">
  <attribute name="GC Util" value="89" />
  <attribute name="CPU Util" value="6108029576548" />
  <attribute name="Time Running"value="795"/>
  <attribute name="Number of cores"value="4"/>
</cycle-end>
<allocation-satisfied id="67" threadId="000000000135BD00" bytesRequested="344" />
<af-end id="68" timestamp="2019-07-02T23:05:40.231" threadId="000000000135C688" success="true" />
<exclusive-end id="69" timestamp="2019-07-02T23:05:40.232" durationms="4.946" />

<exclusive-start id="70" timestamp="2019-07-02T23:05:40.311" intervalms="84.694">
  <response-info timems="0.034" idlems="0.034" threads="0" lastid="0000000001358100" lastname="Thread-7" />
</exclusive-start>
<af-start id="71" threadId="0000000001358A88" totalBytesRequested="54280" timestamp="2019-07-02T23:05:40.311" intervalms="84.694" />
<cycle-start id="72" type="global" contextid="0" timestamp="2019-07-02T23:05:40.312" intervalms="84.681" />
  <attribute name="GC Util" value="89" />
  <attribute name="CPU Util" value="6108029576548" />
  <attribute name="Time Running"value="795"/>
  <attribute name="Number of cores"value="4"/>
<gc-start id="73" type="global" contextid="72" timestamp="2019-07-02T23:05:40.312">
  <mem-info id="74" free="522272" total="8388608" percent="6">
    <mem type="tenure" free="522272" total="8388608" percent="6">
      <mem type="soa" free="103456" total="7969792" percent="1" />
      <mem type="loa" free="418816" total="418816" percent="100" />
    </mem>
  </mem-info>
</gc-start>
<allocation-stats totalBytes="2285904" >
  <allocated-bytes non-tlh="295968" tlh="1989936" />
  <largest-consumer threadName="main" threadId="0000000001006700" bytes="93744" />
</allocation-stats>
<gc-op id="75" type="mark" timems="7.903" contextid="72" timestamp="2019-07-02T23:05:40.320">
  <trace-info objectcount="43796" scancount="35435" scanbytes="1182996" />
  <finalization candidates="124" enqueued="0" />
  <ownableSynchronizers candidates="3" cleared="0" />
  <references type="soft" candidates="146" cleared="0" enqueued="0" dynamicThreshold="10" maxThreshold="32" />
  <references type="weak" candidates="774" cleared="0" enqueued="0" />
  <references type="phantom" candidates="63" cleared="0" enqueued="0" />
  <stringconstants candidates="4570" cleared="0"  />
</gc-op>
<gc-op id="76" type="sweep" timems="1.780" contextid="72" timestamp="2019-07-02T23:05:40.322" />
<gc-end id="77" type="global" contextid="72" durationms="10.212" usertimems="20.000" systemtimems="0.000" timestamp="2019-07-02T23:05:40.322" activeThreads="4">
  <mem-info id="78" free="2941552" total="8388608" percent="35">
    <mem type="tenure" free="2941552" total="8388608" percent="35" micro-fragmented="833461" macro-fragmented="0">
      <mem type="soa" free="2522736" total="7969792" percent="31" />
      <mem type="loa" free="418816" total="418816" percent="100" />
    </mem>
  </mem-info>
</gc-end>
<cycle-end id="79" type="global" contextid="72" timestamp="2019-07-02T23:05:40.322">
  <attribute name="GC Util" value="96" />
  <attribute name="CPU Util" value="2282927835422" />
  <attribute name="Time Running"value="885"/>
  <attribute name="Number of cores"value="4"/>
</cycle-end>
<allocation-satisfied id="80" threadId="0000000001358100" bytesRequested="54280" />
<af-end id="81" timestamp="2019-07-02T23:05:40.322" threadId="0000000001358A88" success="true" />
<exclusive-end id="82" timestamp="2019-07-02T23:05:40.322" durationms="11.123" />

<exclusive-start id="83" timestamp="2019-07-02T23:05:40.364" intervalms="52.626">
  <response-info timems="0.048" idlems="0.048" threads="0" lastid="0000000001354500" lastname="Thread-8" />
</exclusive-start>
<af-start id="84" threadId="0000000001354E88" totalBytesRequested="40" timestamp="2019-07-02T23:05:40.364" intervalms="52.612" />
<cycle-start id="85" type="global" contextid="0" timestamp="2019-07-02T23:05:40.364" intervalms="52.596" />
  <attribute name="GC Util" value="96" />
  <attribute name="CPU Util" value="2282927835422" />
  <attribute name="Time Running"value="885"/>
  <attribute name="Number of cores"value="4"/>
<gc-start id="86" type="global" contextid="85" timestamp="2019-07-02T23:05:40.364">
  <mem-info id="87" free="418816" total="8388608" percent="4">
    <mem type="tenure" free="418816" total="8388608" percent="4">
      <mem type="soa" free="0" total="7969792" percent="0" />
      <mem type="loa" free="418816" total="418816" percent="100" />
    </mem>
  </mem-info>
</gc-start>
<allocation-stats totalBytes="2572424" >
  <allocated-bytes non-tlh="298312" tlh="2274112" />
  <largest-consumer threadName="Thread-7" threadId="0000000001358100" bytes="971768" />
</allocation-stats>
<gc-op id="88" type="mark" timems="2.069" contextid="85" timestamp="2019-07-02T23:05:40.367">
  <trace-info objectcount="63778" scancount="55394" scanbytes="2215152" />
  <finalization candidates="124" enqueued="0" />
  <ownableSynchronizers candidates="3" cleared="0" />
  <references type="soft" candidates="146" cleared="0" enqueued="0" dynamicThreshold="11" maxThreshold="32" />
  <references type="weak" candidates="774" cleared="0" enqueued="0" />
  <references type="phantom" candidates="63" cleared="0" enqueued="0" />
  <stringconstants candidates="4573" cleared="0"  />
</gc-op>
<gc-op id="89" type="sweep" timems="0.249" contextid="85" timestamp="2019-07-02T23:05:40.367" />
<heap-resize id="90" type="expand" space="tenure" amount="1179648" count="1" timems="0.017" reason="insufficient free space following gc" timestamp="2019-07-02T23:05:40.367" />
<gc-end id="91" type="global" contextid="85" durationms="2.795" usertimems="8.000" systemtimems="0.000" timestamp="2019-07-02T23:05:40.367" activeThreads="4">
  <mem-info id="92" free="2902424" total="9568256" percent="30">
    <mem type="tenure" free="2902424" total="9568256" percent="30" micro-fragmented="952140" macro-fragmented="0">
      <mem type="soa" free="2424216" total="9090048" percent="26" />
      <mem type="loa" free="478208" total="478208" percent="100" />
    </mem>
  </mem-info>
</gc-end>
<cycle-end id="93" type="global" contextid="85" timestamp="2019-07-02T23:05:40.367">
  <attribute name="GC Util" value="88" />
  <attribute name="CPU Util" value="8534047175509" />
  <attribute name="Time Running"value="931"/>
  <attribute name="Number of cores"value="4"/>
</cycle-end>
<allocation-satisfied id="94" threadId="0000000001354500" bytesRequested="40" />
<af-end id="95" timestamp="2019-07-02T23:05:40.367" threadId="0000000001354E88" success="true" />
<exclusive-end id="96" timestamp="2019-07-02T23:05:40.367" durationms="3.542" />

<exclusive-start id="97" timestamp="2019-07-02T23:05:40.426" intervalms="62.293">
  <response-info timems="0.032" idlems="0.032" threads="0" lastid="0000000001354500" lastname="Thread-8" />
</exclusive-start>
<af-start id="98" threadId="0000000001354E88" totalBytesRequested="40" timestamp="2019-07-02T23:05:40.426" intervalms="62.264" />
<cycle-start id="99" type="global" contextid="0" timestamp="2019-07-02T23:05:40.426" intervalms="62.261" />
  <attribute name="GC Util" value="88" />
  <attribute name="CPU Util" value="8534047175509" />
  <attribute name="Time Running"value="931"/>
  <attribute name="Number of cores"value="4"/>
<gc-start id="100" type="global" contextid="99" timestamp="2019-07-02T23:05:40.427">
  <mem-info id="101" free="478208" total="9568256" percent="4">
    <mem type="tenure" free="478208" total="9568256" percent="4">
      <mem type="soa" free="0" total="9090048" percent="0" />
      <mem type="loa" free="478208" total="478208" percent="100" />
    </mem>
  </mem-info>
</gc-start>
<allocation-stats totalBytes="2425888" >
  <allocated-bytes non-tlh="0" tlh="2425888" />
  <largest-consumer threadName="Thread-7" threadId="0000000001358100" bytes="837672" />
</allocation-stats>
<gc-op id="102" type="mark" timems="1.901" contextid="99" timestamp="2019-07-02T23:05:40.429">
  <trace-info objectcount="64517" scancount="56139" scanbytes="2232920" />
  <finalization candidates="124" enqueued="0" />
  <ownableSynchronizers candidates="3" cleared="0" />
  <references type="soft" candidates="146" cleared="0" enqueued="0" dynamicThreshold="9" maxThreshold="32" />
  <references type="weak" candidates="774" cleared="0" enqueued="0" />
  <references type="phantom" candidates="63" cleared="0" enqueued="0" />
  <stringconstants candidates="4573" cleared="0"  />
</gc-op>
<gc-op id="103" type="sweep" timems="0.343" contextid="99" timestamp="2019-07-02T23:05:40.429" />
<gc-end id="104" type="global" contextid="99" durationms="2.578" usertimems="8.000" systemtimems="0.000" timestamp="2019-07-02T23:05:40.429" activeThreads="4">
  <mem-info id="105" free="2879360" total="9568256" percent="30">
    <mem type="tenure" free="2879360" total="9568256" percent="30" micro-fragmented="876085" macro-fragmented="0">
      <mem type="soa" free="2401152" total="9090048" percent="26" />
      <mem type="loa" free="478208" total="478208" percent="100" />
    </mem>
  </mem-info>
</gc-end>
<cycle-end id="106" type="global" contextid="99" timestamp="2019-07-02T23:05:40.429">
  <attribute name="GC Util" value="87" />
  <attribute name="CPU Util" value="9262961933644" />
  <attribute name="Time Running"value="994"/>
  <attribute name="Number of cores"value="4"/>
</cycle-end>
<allocation-satisfied id="107" threadId="0000000001354500" bytesRequested="40" />
<af-end id="108" timestamp="2019-07-02T23:05:40.429" threadId="0000000001354E88" success="true" />
<exclusive-end id="109" timestamp="2019-07-02T23:05:40.429" durationms="3.134" />

<exclusive-start id="110" timestamp="2019-07-02T23:05:40.496" intervalms="69.685">
  <response-info timems="0.082" idlems="0.044" threads="2" lastid="000000000100DF00" lastname="JIT Compilation Thread-1" />
</exclusive-start>
<af-start id="111" threadId="000000000135C688" totalBytesRequested="40" timestamp="2019-07-02T23:05:40.496" intervalms="69.709" />
<cycle-start id="112" type="global" contextid="0" timestamp="2019-07-02T23:05:40.496" intervalms="69.683" />
  <attribute name="GC Util" value="87" />
  <attribute name="CPU Util" value="9262961933644" />
  <attribute name="Time Running"value="994"/>
  <attribute name="Number of cores"value="4"/>
<gc-start id="113" type="global" contextid="112" timestamp="2019-07-02T23:05:40.496">
  <mem-info id="114" free="478208" total="9568256" percent="4">
    <mem type="tenure" free="478208" total="9568256" percent="4">
      <mem type="soa" free="0" total="9090048" percent="0" />
      <mem type="loa" free="478208" total="478208" percent="100" />
    </mem>
  </mem-info>
</gc-start>
<allocation-stats totalBytes="2401128" >
  <allocated-bytes non-tlh="0" tlh="2401128" />
  <largest-consumer threadName="Thread-7" threadId="0000000001358100" bytes="984424" />
</allocation-stats>
<gc-op id="115" type="mark" timems="2.091" contextid="112" timestamp="2019-07-02T23:05:40.499">
  <trace-info objectcount="65381" scancount="57015" scanbytes="2253848" />
  <finalization candidates="124" enqueued="0" />
  <ownableSynchronizers candidates="3" cleared="0" />
  <references type="soft" candidates="146" cleared="0" enqueued="0" dynamicThreshold="9" maxThreshold="32" />
  <references type="weak" candidates="774" cleared="0" enqueued="0" />
  <references type="phantom" candidates="63" cleared="0" enqueued="0" />
  <stringconstants candidates="4573" cleared="0"  />
</gc-op>
<gc-op id="116" type="sweep" timems="0.303" contextid="112" timestamp="2019-07-02T23:05:40.499" />
<heap-resize id="117" type="expand" space="tenure" amount="1048576" count="1" timems="0.022" reason="insufficient free space following gc" timestamp="2019-07-02T23:05:40.499" />
<gc-end id="118" type="global" contextid="112" durationms="2.928" usertimems="8.000" systemtimems="0.000" timestamp="2019-07-02T23:05:40.499" activeThreads="4">
  <mem-info id="119" free="3895472" total="10616832" percent="36">
    <mem type="tenure" free="3895472" total="10616832" percent="36" micro-fragmented="905791" macro-fragmented="0">
      <mem type="soa" free="3365040" total="10086400" percent="33" />
      <mem type="loa" free="530432" total="530432" percent="100" />
    </mem>
  </mem-info>
</gc-end>
<cycle-end id="120" type="global" contextid="112" timestamp="2019-07-02T23:05:40.499">
  <attribute name="GC Util" value="83" />
  <attribute name="CPU Util" value="8458988250372" />
  <attribute name="Time Running"value="1063"/>
  <attribute name="Number of cores"value="4"/>
</cycle-end>
<allocation-satisfied id="121" threadId="000000000135BD00" bytesRequested="40" />
<af-end id="122" timestamp="2019-07-02T23:05:40.499" threadId="000000000135C688" success="true" />
<exclusive-end id="123" timestamp="2019-07-02T23:05:40.499" durationms="3.555" />

<exclusive-start id="124" timestamp="2019-07-02T23:05:40.574" intervalms="77.785">
  <response-info timems="0.078" idlems="0.049" threads="1" lastid="000000000135BD00" lastname="Thread-10" />
</exclusive-start>
<af-start id="125" threadId="0000000001354E88" totalBytesRequested="40" timestamp="2019-07-02T23:05:40.574" intervalms="77.777" />
<cycle-start id="126" type="global" contextid="0" timestamp="2019-07-02T23:05:40.574" intervalms="77.824" />
  <attribute name="GC Util" value="83" />
  <attribute name="CPU Util" value="8458988250372" />
  <attribute name="Time Running"value="1063"/>
  <attribute name="Number of cores"value="4"/>
<gc-start id="127" type="global" contextid="126" timestamp="2019-07-02T23:05:40.574">
  <mem-info id="128" free="530432" total="10616832" percent="4">
    <mem type="tenure" free="530432" total="10616832" percent="4">
      <mem type="soa" free="0" total="10086400" percent="0" />
      <mem type="loa" free="530432" total="530432" percent="100" />
    </mem>
  </mem-info>
</gc-start>
<allocation-stats totalBytes="3363208" >
  <allocated-bytes non-tlh="0" tlh="3363208" />
  <largest-consumer threadName="Thread-7" threadId="0000000001358100" bytes="1273072" />
</allocation-stats>
<gc-op id="129" type="mark" timems="2.113" contextid="126" timestamp="2019-07-02T23:05:40.576">
  <trace-info objectcount="66669" scancount="58281" scanbytes="2284712" />
  <finalization candidates="124" enqueued="0" />
  <ownableSynchronizers candidates="3" cleared="0" />
  <references type="soft" candidates="146" cleared="0" enqueued="0" dynamicThreshold="11" maxThreshold="32" />
  <references type="weak" candidates="774" cleared="0" enqueued="0" />
  <references type="phantom" candidates="63" cleared="0" enqueued="0" />
  <stringconstants candidates="4573" cleared="0"  />
</gc-op>
<gc-op id="130" type="sweep" timems="0.355" contextid="126" timestamp="2019-07-02T23:05:40.577" />
<gc-end id="131" type="global" contextid="126" durationms="2.828" usertimems="4.000" systemtimems="0.000" timestamp="2019-07-02T23:05:40.577" activeThreads="4">
  <mem-info id="132" free="3853080" total="10616832" percent="36">
    <mem type="tenure" free="3853080" total="10616832" percent="36" micro-fragmented="931828" macro-fragmented="0">
      <mem type="soa" free="3322648" total="10086400" percent="32" />
      <mem type="loa" free="530432" total="530432" percent="100" />
    </mem>
  </mem-info>
</gc-end>
<cycle-end id="133" type="global" contextid="126" timestamp="2019-07-02T23:05:40.577">
  <attribute name="GC Util" value="87" />
  <attribute name="CPU Util" value="8324654789789" />
  <attribute name="Time Running"value="1141"/>
  <attribute name="Number of cores"value="4"/>
</cycle-end>
<allocation-satisfied id="134" threadId="0000000001354500" bytesRequested="40" />
<af-end id="135" timestamp="2019-07-02T23:05:40.577" threadId="0000000001354E88" success="true" />
<exclusive-end id="136" timestamp="2019-07-02T23:05:40.577" durationms="3.406" />

<exclusive-start id="137" timestamp="2019-07-02T23:05:40.635" intervalms="61.388">
  <response-info timems="0.038" idlems="0.038" threads="0" lastid="0000000001358100" lastname="Thread-7" />
</exclusive-start>
<af-start id="138" threadId="0000000001358A88" totalBytesRequested="24" timestamp="2019-07-02T23:05:40.635" intervalms="61.414" />
<cycle-start id="139" type="global" contextid="0" timestamp="2019-07-02T23:05:40.635" intervalms="61.401" />
  <attribute name="GC Util" value="87" />
  <attribute name="CPU Util" value="8324654789789" />
  <attribute name="Time Running"value="1141"/>
  <attribute name="Number of cores"value="4"/>
<gc-start id="140" type="global" contextid="139" timestamp="2019-07-02T23:05:40.635">
  <mem-info id="141" free="530432" total="10616832" percent="4">
    <mem type="tenure" free="530432" total="10616832" percent="4">
      <mem type="soa" free="0" total="10086400" percent="0" />
      <mem type="loa" free="530432" total="530432" percent="100" />
    </mem>
  </mem-info>
</gc-start>
<allocation-stats totalBytes="3318624" >
  <allocated-bytes non-tlh="0" tlh="3318624" />
  <largest-consumer threadName="Thread-7" threadId="0000000001358100" bytes="1109320" />
</allocation-stats>
<gc-op id="142" type="mark" timems="8.666" contextid="139" timestamp="2019-07-02T23:05:40.644">
  <trace-info objectcount="68166" scancount="59775" scanbytes="2320640" />
  <finalization candidates="124" enqueued="0" />
  <ownableSynchronizers candidates="3" cleared="0" />
  <references type="soft" candidates="146" cleared="0" enqueued="0" dynamicThreshold="11" maxThreshold="32" />
  <references type="weak" candidates="774" cleared="0" enqueued="0" />
  <references type="phantom" candidates="63" cleared="0" enqueued="0" />
  <stringconstants candidates="4573" cleared="0"  />
</gc-op>
<gc-op id="143" type="sweep" timems="1.350" contextid="139" timestamp="2019-07-02T23:05:40.646" />
<gc-end id="144" type="global" contextid="139" durationms="10.592" usertimems="16.000" systemtimems="0.000" timestamp="2019-07-02T23:05:40.646" activeThreads="4">
  <mem-info id="145" free="3792096" total="10616832" percent="35">
    <mem type="tenure" free="3792096" total="10616832" percent="35" micro-fragmented="887545" macro-fragmented="0">
      <mem type="soa" free="3261664" total="10086400" percent="32" />
      <mem type="loa" free="530432" total="530432" percent="100" />
    </mem>
  </mem-info>
</gc-end>
<cycle-end id="146" type="global" contextid="139" timestamp="2019-07-02T23:05:40.646">
  <attribute name="GC Util" value="96" />
  <attribute name="CPU Util" value="2091871962632" />
  <attribute name="Time Running"value="1209"/>
  <attribute name="Number of cores"value="4"/>
</cycle-end>
<allocation-satisfied id="147" threadId="0000000001358100" bytesRequested="24" />
<af-end id="148" timestamp="2019-07-02T23:05:40.646" threadId="0000000001358A88" success="true" />
<exclusive-end id="149" timestamp="2019-07-02T23:05:40.647" durationms="11.567" />

<exclusive-start id="150" timestamp="2019-07-02T23:05:40.725" intervalms="90.225">
  <response-info timems="0.140" idlems="0.056" threads="3" lastid="000000000135F900" lastname="Thread-9" />
</exclusive-start>
<af-start id="151" threadId="0000000001358A88" totalBytesRequested="40" timestamp="2019-07-02T23:05:40.725" intervalms="90.206" />
<cycle-start id="152" type="global" contextid="0" timestamp="2019-07-02T23:05:40.726" intervalms="90.160" />
  <attribute name="GC Util" value="96" />
  <attribute name="CPU Util" value="2091871962632" />
  <attribute name="Time Running"value="1209"/>
  <attribute name="Number of cores"value="4"/>
<gc-start id="153" type="global" contextid="152" timestamp="2019-07-02T23:05:40.726">
  <mem-info id="154" free="530432" total="10616832" percent="4">
    <mem type="tenure" free="530432" total="10616832" percent="4">
      <mem type="soa" free="0" total="10086400" percent="0" />
      <mem type="loa" free="530432" total="530432" percent="100" />
    </mem>
  </mem-info>
</gc-start>
<allocation-stats totalBytes="3255248" >
  <allocated-bytes non-tlh="0" tlh="3255248" />
  <largest-consumer threadName="Thread-7" threadId="0000000001358100" bytes="1550008" />
</allocation-stats>
<gc-op id="155" type="mark" timems="2.852" contextid="152" timestamp="2019-07-02T23:05:40.729">
  <trace-info objectcount="69030" scancount="60673" scanbytes="2337104" />
  <finalization candidates="124" enqueued="0" />
  <ownableSynchronizers candidates="3" cleared="0" />
  <references type="soft" candidates="146" cleared="45" enqueued="42" dynamicThreshold="11" maxThreshold="32" />
  <references type="weak" candidates="774" cleared="0" enqueued="0" />
  <references type="phantom" candidates="63" cleared="0" enqueued="0" />
  <stringconstants candidates="4573" cleared="0"  />
</gc-op>
<gc-op id="156" type="sweep" timems="0.794" contextid="152" timestamp="2019-07-02T23:05:40.730" />
<gc-end id="157" type="global" contextid="152" durationms="4.138" usertimems="8.000" systemtimems="4.000" timestamp="2019-07-02T23:05:40.730" activeThreads="4">
  <mem-info id="158" free="3743336" total="10616832" percent="35">
    <mem type="tenure" free="3743336" total="10616832" percent="35" micro-fragmented="912774" macro-fragmented="0">
      <mem type="soa" free="3212904" total="10086400" percent="31" />
      <mem type="loa" free="530432" total="530432" percent="100" />
    </mem>
    <pending-finalizers system="0" default="0" reference="42" classloader="0" />
  </mem-info>
</gc-end>
<cycle-end id="159" type="global" contextid="152" timestamp="2019-07-02T23:05:40.730">
  <attribute name="GC Util" value="166" />
  <attribute name="CPU Util" value="6004000139959" />
  <attribute name="Time Running"value="1294"/>
  <attribute name="Number of cores"value="4"/>
</cycle-end>
<allocation-satisfied id="160" threadId="0000000001358100" bytesRequested="40" />
<af-end id="161" timestamp="2019-07-02T23:05:40.730" threadId="0000000001358A88" success="true" />
<exclusive-end id="162" timestamp="2019-07-02T23:05:40.730" durationms="4.864" />

<exclusive-start id="163" timestamp="2019-07-02T23:05:40.818" intervalms="92.762">
  <response-info timems="0.033" idlems="0.033" threads="0" lastid="000000000135F900" lastname="Thread-9" />
</exclusive-start>
<af-start id="164" threadId="0000000001360288" totalBytesRequested="24" timestamp="2019-07-02T23:05:40.818" intervalms="92.739" />
<cycle-start id="165" type="global" contextid="0" timestamp="2019-07-02T23:05:40.818" intervalms="92.755" />
  <attribute name="GC Util" value="166" />
  <attribute name="CPU Util" value="6004000139959" />
  <attribute name="Time Running"value="1294"/>
  <attribute name="Number of cores"value="4"/>
<gc-start id="166" type="global" contextid="165" timestamp="2019-07-02T23:05:40.818">
  <mem-info id="167" free="530432" total="10616832" percent="4">
    <mem type="tenure" free="530432" total="10616832" percent="4">
      <mem type="soa" free="0" total="10086400" percent="0" />
      <mem type="loa" free="530432" total="530432" percent="100" />
    </mem>
  </mem-info>
</gc-start>
<allocation-stats totalBytes="3213744" >
  <allocated-bytes non-tlh="0" tlh="3213744" />
  <largest-consumer threadName="Thread-7" threadId="0000000001358100" bytes="1531016" />
</allocation-stats>
<gc-op id="168" type="mark" timems="1.548" contextid="165" timestamp="2019-07-02T23:05:40.820">
  <trace-info objectcount="70121" scancount="61758" scanbytes="2362404" />
  <finalization candidates="124" enqueued="0" />
  <ownableSynchronizers candidates="3" cleared="0" />
  <references type="soft" candidates="101" cleared="0" enqueued="0" dynamicThreshold="11" maxThreshold="32" />
  <references type="weak" candidates="774" cleared="0" enqueued="0" />
  <references type="phantom" candidates="63" cleared="0" enqueued="0" />
  <stringconstants candidates="4573" cleared="0"  />
</gc-op>
<gc-op id="169" type="sweep" timems="0.424" contextid="165" timestamp="2019-07-02T23:05:40.821" />
<gc-end id="170" type="global" contextid="165" durationms="2.314" usertimems="8.000" systemtimems="0.000" timestamp="2019-07-02T23:05:40.821" activeThreads="4">
  <mem-info id="171" free="3680304" total="10616832" percent="34">
    <mem type="tenure" free="3680304" total="10616832" percent="34" micro-fragmented="1039943" macro-fragmented="0">
      <mem type="soa" free="3149872" total="10086400" percent="31" />
      <mem type="loa" free="530432" total="530432" percent="100" />
    </mem>
  </mem-info>
</gc-end>
<cycle-end id="172" type="global" contextid="165" timestamp="2019-07-02T23:05:40.821">
  <attribute name="GC Util" value="163" />
  <attribute name="CPU Util" value="11415820271251" />
  <attribute name="Time Running"value="1385"/>
  <attribute name="Number of cores"value="4"/>
</cycle-end>
<allocation-satisfied id="173" threadId="000000000135F900" bytesRequested="24" />
<af-end id="174" timestamp="2019-07-02T23:05:40.821" threadId="0000000001360288" success="true" />
<exclusive-end id="175" timestamp="2019-07-02T23:05:40.821" durationms="2.926" />

<exclusive-start id="176" timestamp="2019-07-02T23:05:40.833" intervalms="15.029">
  <response-info timems="2.141" idlems="1.087" threads="1" lastid="000000000100DF00" lastname="JIT Compilation Thread-1" />
</exclusive-start>
<af-start id="177" threadId="0000000001360288" totalBytesRequested="40" timestamp="2019-07-02T23:05:40.833" intervalms="15.063" />
<cycle-start id="178" type="global" contextid="0" timestamp="2019-07-02T23:05:40.833" intervalms="15.124" />
  <attribute name="GC Util" value="163" />
  <attribute name="CPU Util" value="11415820271251" />
  <attribute name="Time Running"value="1385"/>
  <attribute name="Number of cores"value="4"/>
<gc-start id="179" type="global" contextid="178" timestamp="2019-07-02T23:05:40.834">
  <mem-info id="180" free="530432" total="10616832" percent="4">
    <mem type="tenure" free="530432" total="10616832" percent="4">
      <mem type="soa" free="0" total="10086400" percent="0" />
      <mem type="loa" free="530432" total="530432" percent="100" />
    </mem>
  </mem-info>
</gc-start>
<allocation-stats totalBytes="3141696" >
  <allocated-bytes non-tlh="0" tlh="3141696" />
  <largest-consumer threadName="Thread-9" threadId="000000000135F900" bytes="1395344" />
</allocation-stats>
<gc-op id="181" type="mark" timems="1.608" contextid="178" timestamp="2019-07-02T23:05:40.835">
  <trace-info objectcount="67908" scancount="60362" scanbytes="2320724" />
  <finalization candidates="124" enqueued="0" />
  <ownableSynchronizers candidates="3" cleared="0" />
  <references type="soft" candidates="101" cleared="15" enqueued="13" dynamicThreshold="11" maxThreshold="32" />
  <references type="weak" candidates="774" cleared="0" enqueued="0" />
  <references type="phantom" candidates="63" cleared="0" enqueued="0" />
  <stringconstants candidates="4573" cleared="0"  />
</gc-op>
<gc-op id="182" type="sweep" timems="0.328" contextid="178" timestamp="2019-07-02T23:05:40.836" />
<gc-end id="183" type="global" contextid="178" durationms="2.363" usertimems="8.000" systemtimems="0.000" timestamp="2019-07-02T23:05:40.836" activeThreads="4">
  <mem-info id="184" free="3826288" total="10616832" percent="36">
    <mem type="tenure" free="3826288" total="10616832" percent="36" micro-fragmented="940977" macro-fragmented="0">
      <mem type="soa" free="3295856" total="10086400" percent="32" />
      <mem type="loa" free="530432" total="530432" percent="100" />
    </mem>
    <pending-finalizers system="0" default="0" reference="13" classloader="0" />
  </mem-info>
</gc-end>
<cycle-end id="185" type="global" contextid="178" timestamp="2019-07-02T23:05:40.836">
  <attribute name="GC Util" value="148" />
  <attribute name="CPU Util" value="10820524770831" />
  <attribute name="Time Running"value="1400"/>
  <attribute name="Number of cores"value="4"/>
</cycle-end>
<allocation-satisfied id="186" threadId="000000000135F900" bytesRequested="40" />
<af-end id="187" timestamp="2019-07-02T23:05:40.836" threadId="0000000001360288" success="true" />
<exclusive-end id="188" timestamp="2019-07-02T23:05:40.836" durationms="3.192" />

<exclusive-start id="189" timestamp="2019-07-02T23:05:40.841" intervalms="8.250">
  <response-info timems="0.033" idlems="0.033" threads="0" lastid="000000000135BD00" lastname="Thread-10" />
</exclusive-start>
<af-start id="190" threadId="000000000135C688" totalBytesRequested="40" timestamp="2019-07-02T23:05:40.841" intervalms="8.222" />
<cycle-start id="191" type="global" contextid="0" timestamp="2019-07-02T23:05:40.842" intervalms="8.150" />
  <attribute name="GC Util" value="148" />
  <attribute name="CPU Util" value="10820524770831" />
  <attribute name="Time Running"value="1400"/>
  <attribute name="Number of cores"value="4"/>
<gc-start id="192" type="global" contextid="191" timestamp="2019-07-02T23:05:40.842">
  <mem-info id="193" free="530432" total="10616832" percent="4">
    <mem type="tenure" free="530432" total="10616832" percent="4">
      <mem type="soa" free="0" total="10086400" percent="0" />
      <mem type="loa" free="530432" total="530432" percent="100" />
    </mem>
  </mem-info>
</gc-start>
<allocation-stats totalBytes="3285752" >
  <allocated-bytes non-tlh="0" tlh="3285752" />
  <largest-consumer threadName="Thread-10" threadId="000000000135BD00" bytes="1121240" />
</allocation-stats>
<gc-op id="194" type="mark" timems="2.711" contextid="191" timestamp="2019-07-02T23:05:40.844">
  <trace-info objectcount="69125" scancount="61572" scanbytes="2349300" />
  <finalization candidates="124" enqueued="0" />
  <ownableSynchronizers candidates="3" cleared="0" />
  <references type="soft" candidates="86" cleared="0" enqueued="0" dynamicThreshold="11" maxThreshold="32" />
  <references type="weak" candidates="774" cleared="0" enqueued="0" />
  <references type="phantom" candidates="63" cleared="0" enqueued="0" />
  <stringconstants candidates="4573" cleared="0"  />
</gc-op>
<gc-op id="195" type="sweep" timems="0.810" contextid="191" timestamp="2019-07-02T23:05:40.845" />
<gc-end id="196" type="global" contextid="191" durationms="3.865" usertimems="12.000" systemtimems="0.000" timestamp="2019-07-02T23:05:40.845" activeThreads="4">
  <mem-info id="197" free="3752592" total="10616832" percent="35">
    <mem type="tenure" free="3752592" total="10616832" percent="35" micro-fragmented="858417" macro-fragmented="0">
      <mem type="soa" free="3222160" total="10086400" percent="31" />
      <mem type="loa" free="530432" total="530432" percent="100" />
    </mem>
  </mem-info>
</gc-end>
<cycle-end id="198" type="global" contextid="191" timestamp="2019-07-02T23:05:40.846">
  <attribute name="GC Util" value="177" />
  <attribute name="CPU Util" value="6650442274580" />
  <attribute name="Time Running"value="1409"/>
  <attribute name="Number of cores"value="4"/>
</cycle-end>
<allocation-satisfied id="199" threadId="000000000135BD00" bytesRequested="40" />
<af-end id="200" timestamp="2019-07-02T23:05:40.846" threadId="000000000135C688" success="true" />
<exclusive-end id="201" timestamp="2019-07-02T23:05:40.846" durationms="4.468" />

<exclusive-start id="202" timestamp="2019-07-02T23:05:40.853" intervalms="11.406">
  <response-info timems="0.034" idlems="0.034" threads="0" lastid="000000000135F900" lastname="Thread-9" />
</exclusive-start>
<af-start id="203" threadId="0000000001360288" totalBytesRequested="24" timestamp="2019-07-02T23:05:40.853" intervalms="11.374" />
<cycle-start id="204" type="global" contextid="0" timestamp="2019-07-02T23:05:40.853" intervalms="11.379" />
  <attribute name="GC Util" value="177" />
  <attribute name="CPU Util" value="6650442274580" />
  <attribute name="Time Running"value="1409"/>
  <attribute name="Number of cores"value="4"/>
<gc-start id="205" type="global" contextid="204" timestamp="2019-07-02T23:05:40.853">
  <mem-info id="206" free="530432" total="10616832" percent="4">
    <mem type="tenure" free="530432" total="10616832" percent="4">
      <mem type="soa" free="0" total="10086400" percent="0" />
      <mem type="loa" free="530432" total="530432" percent="100" />
    </mem>
  </mem-info>
</gc-start>
<allocation-stats totalBytes="3210192" >
  <allocated-bytes non-tlh="0" tlh="3210192" />
  <largest-consumer threadName="Thread-8" threadId="0000000001354500" bytes="833648" />
</allocation-stats>
<heap-resize id="207" type="loa contract" space="tenure" amount="106496" count="1" timems="0.000" reason="contract underutilized loa" timestamp="2019-07-02T23:05:40.853" />
<gc-op id="208" type="mark" timems="1.510" contextid="204" timestamp="2019-07-02T23:05:40.855">
  <trace-info objectcount="70064" scancount="62514" scanbytes="2371692" />
  <finalization candidates="124" enqueued="0" />
  <ownableSynchronizers candidates="3" cleared="0" />
  <references type="soft" candidates="86" cleared="0" enqueued="0" dynamicThreshold="11" maxThreshold="32" />
  <references type="weak" candidates="774" cleared="0" enqueued="0" />
  <references type="phantom" candidates="63" cleared="0" enqueued="0" />
  <stringconstants candidates="4573" cleared="0"  />
</gc-op>
<gc-op id="209" type="sweep" timems="0.324" contextid="204" timestamp="2019-07-02T23:05:40.855" />
<heap-resize id="210" type="expand" space="tenure" amount="1835008" count="1" timems="0.049" reason="excessive time being spent in gc" timestamp="2019-07-02T23:05:40.855" />
<gc-end id="211" type="global" contextid="204" durationms="2.274" usertimems="8.000" systemtimems="0.000" timestamp="2019-07-02T23:05:40.855" activeThreads="4">
  <mem-info id="212" free="5520392" total="12451840" percent="44">
    <mem type="tenure" free="5520392" total="12451840" percent="44" micro-fragmented="966764" macro-fragmented="0">
      <mem type="soa" free="5022728" total="11954176" percent="42" />
      <mem type="loa" free="497664" total="497664" percent="100" />
    </mem>
  </mem-info>
</gc-end>
<cycle-end id="213" type="global" contextid="204" timestamp="2019-07-02T23:05:40.855">
  <attribute name="GC Util" value="161" />
  <attribute name="CPU Util" value="11790914384770" />
  <attribute name="Time Running"value="1420"/>
  <attribute name="Number of cores"value="4"/>
</cycle-end>
<allocation-satisfied id="214" threadId="000000000135F900" bytesRequested="24" />
<af-end id="215" timestamp="2019-07-02T23:05:40.856" threadId="0000000001360288" success="true" />
<exclusive-end id="216" timestamp="2019-07-02T23:05:40.856" durationms="2.839" />

<exclusive-start id="217" timestamp="2019-07-02T23:05:40.862" intervalms="9.681">
  <response-info timems="0.034" idlems="0.034" threads="0" lastid="0000000001358100" lastname="Thread-7" />
</exclusive-start>
<af-start id="218" threadId="0000000001358A88" totalBytesRequested="40" timestamp="2019-07-02T23:05:40.863" intervalms="9.658" />
<cycle-start id="219" type="global" contextid="0" timestamp="2019-07-02T23:05:40.863" intervalms="9.640" />
  <attribute name="GC Util" value="161" />
  <attribute name="CPU Util" value="11790914384770" />
  <attribute name="Time Running"value="1420"/>
  <attribute name="Number of cores"value="4"/>
<gc-start id="220" type="global" contextid="219" timestamp="2019-07-02T23:05:40.863">
  <mem-info id="221" free="497664" total="12451840" percent="3">
    <mem type="tenure" free="497664" total="12451840" percent="3">
      <mem type="soa" free="0" total="11954176" percent="0" />
      <mem type="loa" free="497664" total="497664" percent="100" />
    </mem>
  </mem-info>
</gc-start>
<allocation-stats totalBytes="5008392" >
  <allocated-bytes non-tlh="0" tlh="5008392" />
  <largest-consumer threadName="Thread-8" threadId="0000000001354500" bytes="1725520" />
</allocation-stats>
<heap-resize id="222" type="loa contract" space="tenure" amount="124928" count="1" timems="0.000" reason="contract underutilized loa" timestamp="2019-07-02T23:05:40.863" />
<gc-op id="223" type="mark" timems="2.454" contextid="219" timestamp="2019-07-02T23:05:40.865">
  <trace-info objectcount="71518" scancount="63951" scanbytes="2406196" />
  <finalization candidates="124" enqueued="0" />
  <ownableSynchronizers candidates="3" cleared="0" />
  <references type="soft" candidates="86" cleared="0" enqueued="0" dynamicThreshold="14" maxThreshold="32" />
  <references type="weak" candidates="774" cleared="0" enqueued="0" />
  <references type="phantom" candidates="63" cleared="0" enqueued="0" />
  <stringconstants candidates="4573" cleared="0"  />
</gc-op>
<gc-op id="224" type="sweep" timems="0.625" contextid="219" timestamp="2019-07-02T23:05:40.866" />
<heap-resize id="225" type="expand" space="tenure" amount="2162688" count="1" timems="0.037" reason="excessive time being spent in gc" timestamp="2019-07-02T23:05:40.866" />
<gc-end id="226" type="global" contextid="219" durationms="3.569" usertimems="4.000" systemtimems="0.000" timestamp="2019-07-02T23:05:40.866" activeThreads="4">
  <mem-info id="227" free="7606888" total="14614528" percent="52">
    <mem type="tenure" free="7606888" total="14614528" percent="52" micro-fragmented="939942" macro-fragmented="0">
      <mem type="soa" free="7168616" total="14176256" percent="50" />
      <mem type="loa" free="438272" total="438272" percent="100" />
    </mem>
  </mem-info>
</gc-end>
<cycle-end id="228" type="global" contextid="219" timestamp="2019-07-02T23:05:40.866">
  <attribute name="GC Util" value="181" />
  <attribute name="CPU Util" value="7309149605415" />
  <attribute name="Time Running"value="1430"/>
  <attribute name="Number of cores"value="4"/>
</cycle-end>
<allocation-satisfied id="229" threadId="0000000001358100" bytesRequested="40" />
<af-end id="230" timestamp="2019-07-02T23:05:40.866" threadId="0000000001358A88" success="true" />
<exclusive-end id="231" timestamp="2019-07-02T23:05:40.867" durationms="4.092" />

<exclusive-start id="232" timestamp="2019-07-02T23:05:40.879" intervalms="16.996">
  <response-info timems="0.043" idlems="0.043" threads="0" lastid="000000000135BD00" lastname="Thread-10" />
</exclusive-start>
<af-start id="233" threadId="000000000135C688" totalBytesRequested="40" timestamp="2019-07-02T23:05:40.880" intervalms="17.051" />
<cycle-start id="234" type="global" contextid="0" timestamp="2019-07-02T23:05:40.880" intervalms="17.080" />
  <attribute name="GC Util" value="181" />
  <attribute name="CPU Util" value="7309149605415" />
  <attribute name="Time Running"value="1430"/>
  <attribute name="Number of cores"value="4"/>
<gc-start id="235" type="global" contextid="234" timestamp="2019-07-02T23:05:40.880">
  <mem-info id="236" free="438272" total="14614528" percent="2">
    <mem type="tenure" free="438272" total="14614528" percent="2">
      <mem type="soa" free="0" total="14176256" percent="0" />
      <mem type="loa" free="438272" total="438272" percent="100" />
    </mem>
  </mem-info>
</gc-start>
<allocation-stats totalBytes="7151680" >
  <allocated-bytes non-tlh="0" tlh="7151680" />
  <largest-consumer threadName="Thread-8" threadId="0000000001354500" bytes="3302464" />
</allocation-stats>
<heap-resize id="237" type="loa contract" space="tenure" amount="146432" count="1" timems="0.000" reason="contract underutilized loa" timestamp="2019-07-02T23:05:40.880" />
<gc-op id="238" type="mark" timems="1.323" contextid="234" timestamp="2019-07-02T23:05:40.881">
  <trace-info objectcount="55974" scancount="48425" scanbytes="1766260" />
  <finalization candidates="124" enqueued="0" />
  <ownableSynchronizers candidates="3" cleared="0" />
  <references type="soft" candidates="86" cleared="0" enqueued="0" dynamicThreshold="16" maxThreshold="32" />
  <references type="weak" candidates="775" cleared="0" enqueued="0" />
  <references type="phantom" candidates="64" cleared="0" enqueued="0" />
  <stringconstants candidates="4573" cleared="0"  />
</gc-op>
<gc-op id="239" type="sweep" timems="0.290" contextid="234" timestamp="2019-07-02T23:05:40.882" />
<heap-resize id="240" type="expand" space="tenure" amount="1048576" count="1" timems="0.033" reason="excessive time being spent in gc" timestamp="2019-07-02T23:05:40.882" />
<gc-end id="241" type="global" contextid="234" durationms="2.130" usertimems="0.000" systemtimems="4.000" timestamp="2019-07-02T23:05:40.882" activeThreads="4">
  <mem-info id="242" free="9511848" total="15663104" percent="60">
    <mem type="tenure" free="9511848" total="15663104" percent="60" micro-fragmented="877275" macro-fragmented="0">
      <mem type="soa" free="9199528" total="15350784" percent="59" />
      <mem type="loa" free="312320" total="312320" percent="100" />
    </mem>
  </mem-info>
</gc-end>
<cycle-end id="243" type="global" contextid="234" timestamp="2019-07-02T23:05:40.882">
  <attribute name="GC Util" value="158" />
  <attribute name="CPU Util" value="13160932074747" />
  <attribute name="Time Running"value="1446"/>
  <attribute name="Number of cores"value="4"/>
</cycle-end>
<allocation-satisfied id="244" threadId="000000000135BD00" bytesRequested="40" />
<af-end id="245" timestamp="2019-07-02T23:05:40.882" threadId="000000000135C688" success="true" />
<exclusive-end id="246" timestamp="2019-07-02T23:05:40.882" durationms="2.684" />

<exclusive-start id="247" timestamp="2019-07-02T23:05:40.905" intervalms="25.197">
  <response-info timems="0.176" idlems="0.098" threads="1" lastid="000000000135BD00" lastname="Thread-10" />
</exclusive-start>
<af-start id="248" threadId="0000000001358A88" totalBytesRequested="48" timestamp="2019-07-02T23:05:40.905" intervalms="25.323" />
<cycle-start id="249" type="global" contextid="0" timestamp="2019-07-02T23:05:40.905" intervalms="25.409" />
  <attribute name="GC Util" value="158" />
  <attribute name="CPU Util" value="13160932074747" />
  <attribute name="Time Running"value="1446"/>
  <attribute name="Number of cores"value="4"/>
<gc-start id="250" type="global" contextid="249" timestamp="2019-07-02T23:05:40.905">
  <mem-info id="251" free="312320" total="15663104" percent="1">
    <mem type="tenure" free="312320" total="15663104" percent="1">
      <mem type="soa" free="0" total="15350784" percent="0" />
      <mem type="loa" free="312320" total="312320" percent="100" />
    </mem>
  </mem-info>
</gc-start>
<allocation-stats totalBytes="9187256" >
  <allocated-bytes non-tlh="256" tlh="9187000" />
  <largest-consumer threadName="Thread-8" threadId="0000000001354500" bytes="5878176" />
</allocation-stats>
<heap-resize id="252" type="loa contract" space="tenure" amount="156672" count="1" timems="0.000" reason="contract underutilized loa" timestamp="2019-07-02T23:05:40.905" />
<gc-op id="253" type="mark" timems="2.604" contextid="249" timestamp="2019-07-02T23:05:40.908">
  <trace-info objectcount="64080" scancount="56492" scanbytes="2220132" />
  <finalization candidates="124" enqueued="0" />
  <ownableSynchronizers candidates="3" cleared="0" />
  <references type="soft" candidates="86" cleared="0" enqueued="0" dynamicThreshold="19" maxThreshold="32" />
  <references type="weak" candidates="774" cleared="0" enqueued="0" />
  <references type="phantom" candidates="63" cleared="0" enqueued="0" />
  <stringconstants candidates="4574" cleared="0"  />
</gc-op>
<gc-op id="254" type="sweep" timems="0.821" contextid="249" timestamp="2019-07-02T23:05:40.909" />
<heap-resize id="255" type="expand" space="tenure" amount="1048576" count="1" timems="0.040" reason="excessive time being spent in gc" timestamp="2019-07-02T23:05:40.909" />
<gc-end id="256" type="global" contextid="249" durationms="3.976" usertimems="8.000" systemtimems="0.000" timestamp="2019-07-02T23:05:40.909" activeThreads="4">
  <mem-info id="257" free="10052680" total="16711680" percent="60">
    <mem type="tenure" free="10052680" total="16711680" percent="60" micro-fragmented="898965" macro-fragmented="0">
      <mem type="soa" free="9885768" total="16544768" percent="59" />
      <mem type="loa" free="166912" total="166912" percent="100" />
    </mem>
  </mem-info>
</gc-end>
<cycle-end id="258" type="global" contextid="249" timestamp="2019-07-02T23:05:40.909">
  <attribute name="GC Util" value="174" />
  <attribute name="CPU Util" value="6878103732782" />
  <attribute name="Time Running"value="1473"/>
  <attribute name="Number of cores"value="4"/>
</cycle-end>
<allocation-satisfied id="259" threadId="0000000001358100" bytesRequested="48" />
<af-end id="260" timestamp="2019-07-02T23:05:40.910" threadId="0000000001358A88" success="true" />
<exclusive-end id="261" timestamp="2019-07-02T23:05:40.910" durationms="4.934" />

<exclusive-start id="262" timestamp="2019-07-02T23:05:40.922" intervalms="17.670">
  <response-info timems="0.032" idlems="0.032" threads="0" lastid="000000000135BD00" lastname="Thread-10" />
</exclusive-start>
<af-start id="263" threadId="000000000135C688" totalBytesRequested="40" timestamp="2019-07-02T23:05:40.922" intervalms="17.557" />
<cycle-start id="264" type="global" contextid="0" timestamp="2019-07-02T23:05:40.923" intervalms="17.508" />
  <attribute name="GC Util" value="174" />
  <attribute name="CPU Util" value="6878103732782" />
  <attribute name="Time Running"value="1473"/>
  <attribute name="Number of cores"value="4"/>
<gc-start id="265" type="global" contextid="264" timestamp="2019-07-02T23:05:40.923">
  <mem-info id="266" free="166912" total="16711680" percent="0">
    <mem type="tenure" free="166912" total="16711680" percent="0">
      <mem type="soa" free="0" total="16544768" percent="0" />
      <mem type="loa" free="166912" total="166912" percent="100" />
    </mem>
  </mem-info>
</gc-start>
<allocation-stats totalBytes="9869112" >
  <allocated-bytes non-tlh="0" tlh="9869112" />
  <largest-consumer threadName="Thread-9" threadId="000000000135F900" bytes="3501416" />
</allocation-stats>
<gc-op id="267" type="mark" timems="2.690" contextid="264" timestamp="2019-07-02T23:05:40.926">
  <trace-info objectcount="68025" scancount="60459" scanbytes="2323508" />
  <finalization candidates="124" enqueued="0" />
  <ownableSynchronizers candidates="3" cleared="0" />
  <references type="soft" candidates="86" cleared="0" enqueued="0" dynamicThreshold="19" maxThreshold="32" />
  <references type="weak" candidates="774" cleared="0" enqueued="0" />
  <references type="phantom" candidates="63" cleared="0" enqueued="0" />
  <stringconstants candidates="4574" cleared="0"  />
</gc-op>
<gc-op id="268" type="sweep" timems="0.838" contextid="264" timestamp="2019-07-02T23:05:40.927" />
<heap-resize id="269" type="expand" space="tenure" amount="1048576" count="1" timems="0.047" reason="excessive time being spent in gc" timestamp="2019-07-02T23:05:40.927" />
<gc-end id="270" type="global" contextid="264" durationms="4.062" usertimems="8.000" systemtimems="0.000" timestamp="2019-07-02T23:05:40.927" activeThreads="4">
  <mem-info id="271" free="10936512" total="17760256" percent="61">
    <mem type="tenure" free="10936512" total="17760256" percent="61" micro-fragmented="867840" macro-fragmented="0">
      <mem type="soa" free="10759360" total="17583104" percent="61" />
      <mem type="loa" free="177152" total="177152" percent="100" />
    </mem>
  </mem-info>
</gc-end>
<cycle-end id="272" type="global" contextid="264" timestamp="2019-07-02T23:05:40.927">
  <attribute name="GC Util" value="174" />
  <attribute name="CPU Util" value="6674157537079" />
  <attribute name="Time Running"value="1491"/>
  <attribute name="Number of cores"value="4"/>
</cycle-end>
<allocation-satisfied id="273" threadId="000000000135BD00" bytesRequested="40" />
<af-end id="274" timestamp="2019-07-02T23:05:40.927" threadId="000000000135C688" success="true" />
<exclusive-end id="275" timestamp="2019-07-02T23:05:40.927" durationms="4.913" />

<exclusive-start id="276" timestamp="2019-07-02T23:05:40.940" intervalms="17.986">
  <response-info timems="0.038" idlems="0.021" threads="1" lastid="0000000001354500" lastname="Thread-8" />
</exclusive-start>
<af-start id="277" threadId="0000000001358A88" totalBytesRequested="24" timestamp="2019-07-02T23:05:40.940" intervalms="17.937" />
<cycle-start id="278" type="global" contextid="0" timestamp="2019-07-02T23:05:40.940" intervalms="17.870" />
  <attribute name="GC Util" value="174" />
  <attribute name="CPU Util" value="6674157537079" />
  <attribute name="Time Running"value="1491"/>
  <attribute name="Number of cores"value="4"/>
<gc-start id="279" type="global" contextid="278" timestamp="2019-07-02T23:05:40.940">
  <mem-info id="280" free="177152" total="17760256" percent="0">
    <mem type="tenure" free="177152" total="17760256" percent="0">
      <mem type="soa" free="0" total="17583104" percent="0" />
      <mem type="loa" free="177152" total="177152" percent="100" />
    </mem>
  </mem-info>
</gc-start>
<allocation-stats totalBytes="10735544" >
  <allocated-bytes non-tlh="0" tlh="10735544" />
  <largest-consumer threadName="Thread-10" threadId="000000000135BD00" bytes="3603424" />
</allocation-stats>
<gc-op id="281" type="mark" timems="3.722" contextid="278" timestamp="2019-07-02T23:05:40.944">
  <trace-info objectcount="71279" scancount="63685" scanbytes="2401844" />
  <finalization candidates="124" enqueued="0" />
  <ownableSynchronizers candidates="3" cleared="0" />
  <references type="soft" candidates="86" cleared="0" enqueued="0" dynamicThreshold="19" maxThreshold="32" />
  <references type="weak" candidates="774" cleared="0" enqueued="0" />
  <references type="phantom" candidates="63" cleared="0" enqueued="0" />
  <stringconstants candidates="4574" cleared="0"  />
</gc-op>
<gc-op id="282" type="sweep" timems="1.524" contextid="278" timestamp="2019-07-02T23:05:40.946" />
<gc-end id="283" type="global" contextid="278" durationms="5.516" usertimems="12.000" systemtimems="0.000" timestamp="2019-07-02T23:05:40.946" activeThreads="4">
  <mem-info id="284" free="10777040" total="17760256" percent="60">
    <mem type="tenure" free="10777040" total="17760256" percent="60" micro-fragmented="932733" macro-fragmented="0">
      <mem type="soa" free="10599888" total="17583104" percent="60" />
      <mem type="loa" free="177152" total="177152" percent="100" />
    </mem>
  </mem-info>
</gc-end>
<cycle-end id="285" type="global" contextid="278" timestamp="2019-07-02T23:05:40.946">
  <attribute name="GC Util" value="159" />
  <attribute name="CPU Util" value="4848869688505" />
  <attribute name="Time Running"value="1509"/>
  <attribute name="Number of cores"value="4"/>
</cycle-end>
<allocation-satisfied id="286" threadId="0000000001358100" bytesRequested="24" />
<af-end id="287" timestamp="2019-07-02T23:05:40.946" threadId="0000000001358A88" success="true" />
<exclusive-end id="288" timestamp="2019-07-02T23:05:40.946" durationms="6.014" />

<exclusive-start id="289" timestamp="2019-07-02T23:05:40.960" intervalms="19.717">
  <response-info timems="0.035" idlems="0.035" threads="0" lastid="000000000135BD00" lastname="Thread-10" />
</exclusive-start>
<af-start id="290" threadId="000000000135C688" totalBytesRequested="24" timestamp="2019-07-02T23:05:40.960" intervalms="19.719" />
<cycle-start id="291" type="global" contextid="0" timestamp="2019-07-02T23:05:40.960" intervalms="19.726" />
  <attribute name="GC Util" value="159" />
  <attribute name="CPU Util" value="4848869688505" />
  <attribute name="Time Running"value="1509"/>
  <attribute name="Number of cores"value="4"/>
<gc-start id="292" type="global" contextid="291" timestamp="2019-07-02T23:05:40.960">
  <mem-info id="293" free="177152" total="17760256" percent="0">
    <mem type="tenure" free="177152" total="17760256" percent="0">
      <mem type="soa" free="0" total="17583104" percent="0" />
      <mem type="loa" free="177152" total="177152" percent="100" />
    </mem>
  </mem-info>
</gc-start>
<allocation-stats totalBytes="10569336" >
  <allocated-bytes non-tlh="0" tlh="10569336" />
  <largest-consumer threadName="Thread-10" threadId="000000000135BD00" bytes="3657840" />
</allocation-stats>
<gc-op id="294" type="mark" timems="2.640" contextid="291" timestamp="2019-07-02T23:05:40.963">
  <trace-info objectcount="68975" scancount="61373" scanbytes="2346548" />
  <finalization candidates="124" enqueued="0" />
  <ownableSynchronizers candidates="3" cleared="0" />
  <references type="soft" candidates="86" cleared="0" enqueued="0" dynamicThreshold="19" maxThreshold="32" />
  <references type="weak" candidates="774" cleared="0" enqueued="0" />
  <references type="phantom" candidates="63" cleared="0" enqueued="0" />
  <stringconstants candidates="4574" cleared="0"  />
</gc-op>
<gc-op id="295" type="sweep" timems="0.861" contextid="291" timestamp="2019-07-02T23:05:40.964" />
<gc-end id="296" type="global" contextid="291" durationms="3.769" usertimems="8.000" systemtimems="0.000" timestamp="2019-07-02T23:05:40.964" activeThreads="4">
  <mem-info id="297" free="10812808" total="17760256" percent="60">
    <mem type="tenure" free="10812808" total="17760256" percent="60" micro-fragmented="919436" macro-fragmented="0">
      <mem type="soa" free="10635656" total="17583104" percent="60" />
      <mem type="loa" free="177152" total="177152" percent="100" />
    </mem>
  </mem-info>
</gc-end>
<cycle-end id="298" type="global" contextid="291" timestamp="2019-07-02T23:05:40.964">
  <attribute name="GC Util" value="176" />
  <attribute name="CPU Util" value="6834040961908" />
  <attribute name="Time Running"value="1528"/>
  <attribute name="Number of cores"value="4"/>
</cycle-end>
<allocation-satisfied id="299" threadId="000000000135BD00" bytesRequested="24" />
<af-end id="300" timestamp="2019-07-02T23:05:40.964" threadId="000000000135C688" success="true" />
<exclusive-end id="301" timestamp="2019-07-02T23:05:40.964" durationms="4.220" />

<exclusive-start id="302" timestamp="2019-07-02T23:05:40.982" intervalms="21.826">
  <response-info timems="0.049" idlems="0.049" threads="0" lastid="000000000135F900" lastname="Thread-9" />
</exclusive-start>
<af-start id="303" threadId="0000000001360288" totalBytesRequested="40" timestamp="2019-07-02T23:05:40.982" intervalms="21.878" />
<cycle-start id="304" type="global" contextid="0" timestamp="2019-07-02T23:05:40.982" intervalms="21.885" />
  <attribute name="GC Util" value="176" />
  <attribute name="CPU Util" value="6834040961908" />
  <attribute name="Time Running"value="1528"/>
  <attribute name="Number of cores"value="4"/>
<gc-start id="305" type="global" contextid="304" timestamp="2019-07-02T23:05:40.982">
  <mem-info id="306" free="177152" total="17760256" percent="0">
    <mem type="tenure" free="177152" total="17760256" percent="0">
      <mem type="soa" free="0" total="17583104" percent="0" />
      <mem type="loa" free="177152" total="177152" percent="100" />
    </mem>
  </mem-info>
</gc-start>
<allocation-stats totalBytes="10605744" >
  <allocated-bytes non-tlh="19056" tlh="10586688" />
  <largest-consumer threadName="Thread-9" threadId="000000000135F900" bytes="4561368" />
</allocation-stats>
<gc-op id="307" type="mark" timems="1.610" contextid="304" timestamp="2019-07-02T23:05:40.984">
  <trace-info objectcount="68558" scancount="60984" scanbytes="2336540" />
  <finalization candidates="124" enqueued="0" />
  <ownableSynchronizers candidates="3" cleared="0" />
  <references type="soft" candidates="86" cleared="0" enqueued="0" dynamicThreshold="19" maxThreshold="32" />
  <references type="weak" candidates="774" cleared="0" enqueued="0" />
  <references type="phantom" candidates="63" cleared="0" enqueued="0" />
  <stringconstants candidates="4574" cleared="0"  />
</gc-op>
<gc-op id="308" type="sweep" timems="0.423" contextid="304" timestamp="2019-07-02T23:05:40.984" />
<gc-end id="309" type="global" contextid="304" durationms="2.304" usertimems="8.000" systemtimems="0.000" timestamp="2019-07-02T23:05:40.984" activeThreads="4">
  <mem-info id="310" free="10901848" total="17760256" percent="61">
    <mem type="tenure" free="10901848" total="17760256" percent="61" micro-fragmented="912643" macro-fragmented="0">
      <mem type="soa" free="10724696" total="17583104" percent="60" />
      <mem type="loa" free="177152" total="177152" percent="100" />
    </mem>
  </mem-info>
</gc-end>
<cycle-end id="311" type="global" contextid="304" timestamp="2019-07-02T23:05:40.985">
  <attribute name="GC Util" value="157" />
  <attribute name="CPU Util" value="11116367060188" />
  <attribute name="Time Running"value="1549"/>
  <attribute name="Number of cores"value="4"/>
</cycle-end>
<allocation-satisfied id="312" threadId="000000000135F900" bytesRequested="40" />
<af-end id="313" timestamp="2019-07-02T23:05:40.985" threadId="0000000001360288" success="true" />
<exclusive-end id="314" timestamp="2019-07-02T23:05:40.985" durationms="2.878" />

<exclusive-start id="315" timestamp="2019-07-02T23:05:40.999" intervalms="16.732">
  <response-info timems="0.053" idlems="0.053" threads="0" lastid="000000000135BD00" lastname="Thread-10" />
</exclusive-start>
<af-start id="316" threadId="000000000135C688" totalBytesRequested="24" timestamp="2019-07-02T23:05:40.999" intervalms="16.726" />
<cycle-start id="317" type="global" contextid="0" timestamp="2019-07-02T23:05:40.999" intervalms="16.723" />
  <attribute name="GC Util" value="157" />
  <attribute name="CPU Util" value="11116367060188" />
  <attribute name="Time Running"value="1549"/>
  <attribute name="Number of cores"value="4"/>
<gc-start id="318" type="global" contextid="317" timestamp="2019-07-02T23:05:40.999">
  <mem-info id="319" free="177152" total="17760256" percent="0">
    <mem type="tenure" free="177152" total="17760256" percent="0">
      <mem type="soa" free="0" total="17583104" percent="0" />
      <mem type="loa" free="177152" total="177152" percent="100" />
    </mem>
  </mem-info>
</gc-start>
<allocation-stats totalBytes="10697456" >
  <allocated-bytes non-tlh="0" tlh="10697456" />
  <largest-consumer threadName="Thread-10" threadId="000000000135BD00" bytes="3971528" />
</allocation-stats>
<gc-op id="320" type="mark" timems="2.904" contextid="317" timestamp="2019-07-02T23:05:41.002">
  <trace-info objectcount="73490" scancount="65924" scanbytes="2454708" />
  <finalization candidates="124" enqueued="0" />
  <ownableSynchronizers candidates="3" cleared="0" />
  <references type="soft" candidates="86" cleared="0" enqueued="0" dynamicThreshold="19" maxThreshold="32" />
  <references type="weak" candidates="774" cleared="0" enqueued="0" />
  <references type="phantom" candidates="63" cleared="0" enqueued="0" />
  <stringconstants candidates="4574" cleared="0"  />
</gc-op>
<gc-op id="321" type="sweep" timems="0.930" contextid="317" timestamp="2019-07-02T23:05:41.003" />
<gc-end id="322" type="global" contextid="317" durationms="4.110" usertimems="12.000" systemtimems="0.000" timestamp="2019-07-02T23:05:41.003" activeThreads="4">
  <mem-info id="323" free="10683536" total="17760256" percent="60">
    <mem type="tenure" free="10683536" total="17760256" percent="60" micro-fragmented="967042" macro-fragmented="0">
      <mem type="soa" free="10506384" total="17583104" percent="59" />
      <mem type="loa" free="177152" total="177152" percent="100" />
    </mem>
  </mem-info>
</gc-end>
<cycle-end id="324" type="global" contextid="317" timestamp="2019-07-02T23:05:41.003">
  <attribute name="GC Util" value="170" />
  <attribute name="CPU Util" value="6222835752582" />
  <attribute name="Time Running"value="1567"/>
  <attribute name="Number of cores"value="4"/>
</cycle-end>
<allocation-satisfied id="325" threadId="000000000135BD00" bytesRequested="24" />
<af-end id="326" timestamp="2019-07-02T23:05:41.003" threadId="000000000135C688" success="true" />
<exclusive-end id="327" timestamp="2019-07-02T23:05:41.003" durationms="4.710" />

<exclusive-start id="328" timestamp="2019-07-02T23:05:41.017" intervalms="18.465">
  <response-info timems="0.038" idlems="0.029" threads="1" lastid="0000000001354500" lastname="Thread-8" />
</exclusive-start>
<af-start id="329" threadId="000000000135C688" totalBytesRequested="24" timestamp="2019-07-02T23:05:41.017" intervalms="18.453" />
<cycle-start id="330" type="global" contextid="0" timestamp="2019-07-02T23:05:41.017" intervalms="18.460" />
  <attribute name="GC Util" value="170" />
  <attribute name="CPU Util" value="6222835752582" />
  <attribute name="Time Running"value="1567"/>
  <attribute name="Number of cores"value="4"/>
<gc-start id="331" type="global" contextid="330" timestamp="2019-07-02T23:05:41.017">
  <mem-info id="332" free="177152" total="17760256" percent="0">
    <mem type="tenure" free="177152" total="17760256" percent="0">
      <mem type="soa" free="0" total="17583104" percent="0" />
      <mem type="loa" free="177152" total="177152" percent="100" />
    </mem>
  </mem-info>
</gc-start>
<allocation-stats totalBytes="10474512" >
  <allocated-bytes non-tlh="19056" tlh="10455456" />
  <largest-consumer threadName="Thread-9" threadId="000000000135F900" bytes="3444408" />
</allocation-stats>
<gc-op id="333" type="mark" timems="2.651" contextid="330" timestamp="2019-07-02T23:05:41.020">
  <trace-info objectcount="64710" scancount="57132" scanbytes="2109800" />
  <finalization candidates="124" enqueued="0" />
  <ownableSynchronizers candidates="3" cleared="0" />
  <references type="soft" candidates="86" cleared="1" enqueued="1" dynamicThreshold="19" maxThreshold="32" />
  <references type="weak" candidates="774" cleared="0" enqueued="0" />
  <references type="phantom" candidates="63" cleared="0" enqueued="0" />
  <stringconstants candidates="4574" cleared="0"  />
</gc-op>
<gc-op id="334" type="sweep" timems="0.882" contextid="330" timestamp="2019-07-02T23:05:41.021" />
<heap-resize id="335" type="contract" space="tenure" amount="131072" count="1" timems="0.059" reason="excess free space following gc" timestamp="2019-07-02T23:05:41.021" />
<gc-end id="336" type="global" contextid="330" durationms="4.184" usertimems="12.000" systemtimems="0.000" timestamp="2019-07-02T23:05:41.022" activeThreads="4">
  <mem-info id="337" free="10882896" total="17629184" percent="61">
    <mem type="tenure" free="10882896" total="17629184" percent="61" micro-fragmented="950505" macro-fragmented="0">
      <mem type="soa" free="10815000" total="17453056" percent="61" />
      <mem type="loa" free="67896" total="176128" percent="38" />
    </mem>
    <pending-finalizers system="0" default="0" reference="1" classloader="0" />
  </mem-info>
</gc-end>
<cycle-end id="338" type="global" contextid="330" timestamp="2019-07-02T23:05:41.022">
  <attribute name="GC Util" value="165" />
  <attribute name="CPU Util" value="6434030153677" />
  <attribute name="Time Running"value="1585"/>
  <attribute name="Number of cores"value="4"/>
</cycle-end>
<allocation-satisfied id="339" threadId="000000000135BD00" bytesRequested="24" />
<af-end id="340" timestamp="2019-07-02T23:05:41.022" threadId="000000000135C688" success="true" />
<exclusive-end id="341" timestamp="2019-07-02T23:05:41.022" durationms="4.966" />

<exclusive-start id="342" timestamp="2019-07-02T23:05:41.034" intervalms="17.198">
  <response-info timems="0.373" idlems="0.373" threads="0" lastid="000000000135F900" lastname="Thread-9" />
</exclusive-start>
<af-start id="343" threadId="0000000001360288" totalBytesRequested="40" timestamp="2019-07-02T23:05:41.037" intervalms="20.297" />
<cycle-start id="344" type="global" contextid="0" timestamp="2019-07-02T23:05:41.038" intervalms="20.359" />
  <attribute name="GC Util" value="165" />
  <attribute name="CPU Util" value="6434030153677" />
  <attribute name="Time Running"value="1585"/>
  <attribute name="Number of cores"value="4"/>
<gc-start id="345" type="global" contextid="344" timestamp="2019-07-02T23:05:41.038">
  <mem-info id="346" free="67896" total="17629184" percent="0">
    <mem type="tenure" free="67896" total="17629184" percent="0">
      <mem type="soa" free="0" total="17453056" percent="0" />
      <mem type="loa" free="67896" total="176128" percent="38" />
    </mem>
  </mem-info>
</gc-start>
<allocation-stats totalBytes="10788696" >
  <allocated-bytes non-tlh="38112" tlh="10750584" />
  <largest-consumer threadName="Thread-10" threadId="000000000135BD00" bytes="3618488" />
</allocation-stats>
<gc-op id="347" type="mark" timems="3.954" contextid="344" timestamp="2019-07-02T23:05:41.042">
  <trace-info objectcount="65715" scancount="58141" scanbytes="2268564" />
  <finalization candidates="124" enqueued="0" />
  <ownableSynchronizers candidates="3" cleared="0" />
  <references type="soft" candidates="85" cleared="0" enqueued="0" dynamicThreshold="19" maxThreshold="32" />
  <references type="weak" candidates="774" cleared="0" enqueued="0" />
  <references type="phantom" candidates="63" cleared="0" enqueued="0" />
  <stringconstants candidates="4574" cleared="0"  />
</gc-op>
<gc-op id="348" type="sweep" timems="1.531" contextid="344" timestamp="2019-07-02T23:05:41.044" />
<gc-end id="349" type="global" contextid="344" durationms="5.939" usertimems="12.000" systemtimems="0.000" timestamp="2019-07-02T23:05:41.044" activeThreads="4">
  <mem-info id="350" free="10765248" total="17629184" percent="61">
    <mem type="tenure" free="10765248" total="17629184" percent="61" micro-fragmented="952550" macro-fragmented="0">
      <mem type="soa" free="10629264" total="17453056" percent="60" />
      <mem type="loa" free="135984" total="176128" percent="77" />
    </mem>
  </mem-info>
</gc-end>
<cycle-end id="351" type="global" contextid="344" timestamp="2019-07-02T23:05:41.044">
  <attribute name="GC Util" value="155" />
  <attribute name="CPU Util" value="4596414427703" />
  <attribute name="Time Running"value="1607"/>
  <attribute name="Number of cores"value="4"/>
</cycle-end>
<allocation-satisfied id="352" threadId="000000000135F900" bytesRequested="40" />
<af-end id="353" timestamp="2019-07-02T23:05:41.044" threadId="0000000001360288" success="true" />
<exclusive-end id="354" timestamp="2019-07-02T23:05:41.044" durationms="9.798" />

<exclusive-start id="355" timestamp="2019-07-02T23:05:41.061" intervalms="26.433">
  <response-info timems="0.072" idlems="0.032" threads="2" lastid="000000000135F900" lastname="Thread-9" />
</exclusive-start>
<af-start id="356" threadId="0000000001354E88" totalBytesRequested="40" timestamp="2019-07-02T23:05:41.061" intervalms="23.349" />
<cycle-start id="357" type="global" contextid="0" timestamp="2019-07-02T23:05:41.061" intervalms="23.263" />
  <attribute name="GC Util" value="155" />
  <attribute name="CPU Util" value="4596414427703" />
  <attribute name="Time Running"value="1607"/>
  <attribute name="Number of cores"value="4"/>
<gc-start id="358" type="global" contextid="357" timestamp="2019-07-02T23:05:41.061">
  <mem-info id="359" free="135984" total="17629184" percent="0">
    <mem type="tenure" free="135984" total="17629184" percent="0">
      <mem type="soa" free="0" total="17453056" percent="0" />
      <mem type="loa" free="135984" total="176128" percent="77" />
    </mem>
  </mem-info>
</gc-start>
<allocation-stats totalBytes="10606208" >
  <allocated-bytes non-tlh="0" tlh="10606208" />
  <largest-consumer threadName="Thread-10" threadId="000000000135BD00" bytes="5280136" />
</allocation-stats>
<gc-op id="360" type="mark" timems="3.965" contextid="357" timestamp="2019-07-02T23:05:41.065">
  <trace-info objectcount="68389" scancount="60812" scanbytes="2332956" />
  <finalization candidates="124" enqueued="0" />
  <ownableSynchronizers candidates="3" cleared="0" />
  <references type="soft" candidates="85" cleared="0" enqueued="0" dynamicThreshold="19" maxThreshold="32" />
  <references type="weak" candidates="774" cleared="0" enqueued="0" />
  <references type="phantom" candidates="63" cleared="0" enqueued="0" />
  <stringconstants candidates="4574" cleared="0"  />
</gc-op>
<gc-op id="361" type="sweep" timems="1.479" contextid="357" timestamp="2019-07-02T23:05:41.067" />
<gc-end id="362" type="global" contextid="357" durationms="5.752" usertimems="12.000" systemtimems="0.000" timestamp="2019-07-02T23:05:41.067" activeThreads="4">
  <mem-info id="363" free="10620880" total="17629184" percent="60">
    <mem type="tenure" free="10620880" total="17629184" percent="60" micro-fragmented="960837" macro-fragmented="0">
      <mem type="soa" free="10484896" total="17453056" percent="60" />
      <mem type="loa" free="135984" total="176128" percent="77" />
    </mem>
  </mem-info>
</gc-end>
<cycle-end id="364" type="global" contextid="357" timestamp="2019-07-02T23:05:41.067">
  <attribute name="GC Util" value="154" />
  <attribute name="CPU Util" value="4554676270217" />
  <attribute name="Time Running"value="1630"/>
  <attribute name="Number of cores"value="4"/>
</cycle-end>
<allocation-satisfied id="365" threadId="0000000001354500" bytesRequested="40" />
<af-end id="366" timestamp="2019-07-02T23:05:41.067" threadId="0000000001354E88" success="true" />
<exclusive-end id="367" timestamp="2019-07-02T23:05:41.067" durationms="6.473" />

<exclusive-start id="368" timestamp="2019-07-02T23:05:41.083" intervalms="21.972">
  <response-info timems="0.157" idlems="0.157" threads="0" lastid="000000000135BD00" lastname="Thread-10" />
</exclusive-start>
<af-start id="369" threadId="000000000135C688" totalBytesRequested="40" timestamp="2019-07-02T23:05:41.083" intervalms="21.969" />
<cycle-start id="370" type="global" contextid="0" timestamp="2019-07-02T23:05:41.083" intervalms="22.000" />
  <attribute name="GC Util" value="154" />
  <attribute name="CPU Util" value="4554676270217" />
  <attribute name="Time Running"value="1630"/>
  <attribute name="Number of cores"value="4"/>
<gc-start id="371" type="global" contextid="370" timestamp="2019-07-02T23:05:41.083">
  <mem-info id="372" free="135984" total="17629184" percent="0">
    <mem type="tenure" free="135984" total="17629184" percent="0">
      <mem type="soa" free="0" total="17453056" percent="0" />
      <mem type="loa" free="135984" total="176128" percent="77" />
    </mem>
  </mem-info>
</gc-start>
<allocation-stats totalBytes="10457456" >
  <allocated-bytes non-tlh="0" tlh="10457456" />
  <largest-consumer threadName="Thread-10" threadId="000000000135BD00" bytes="5183384" />
</allocation-stats>
<gc-op id="373" type="mark" timems="2.760" contextid="370" timestamp="2019-07-02T23:05:41.086">
  <trace-info objectcount="69938" scancount="62366" scanbytes="2369628" />
  <finalization candidates="124" enqueued="0" />
  <ownableSynchronizers candidates="3" cleared="0" />
  <references type="soft" candidates="85" cleared="0" enqueued="0" dynamicThreshold="19" maxThreshold="32" />
  <references type="weak" candidates="774" cleared="0" enqueued="0" />
  <references type="phantom" candidates="63" cleared="0" enqueued="0" />
  <stringconstants candidates="4574" cleared="0"  />
</gc-op>
<gc-op id="374" type="sweep" timems="0.895" contextid="370" timestamp="2019-07-02T23:05:41.087" />
<heap-resize id="375" type="expand" space="tenure" amount="1048576" count="1" timems="0.063" reason="excessive time being spent in gc" timestamp="2019-07-02T23:05:41.087" />
<gc-end id="376" type="global" contextid="370" durationms="4.357" usertimems="8.000" systemtimems="0.000" timestamp="2019-07-02T23:05:41.087" activeThreads="4">
  <mem-info id="377" free="11529112" total="18677760" percent="61">
    <mem type="tenure" free="11529112" total="18677760" percent="61" micro-fragmented="901373" macro-fragmented="0">
      <mem type="soa" free="11342744" total="18491392" percent="61" />
      <mem type="loa" free="186368" total="186368" percent="100" />
    </mem>
  </mem-info>
</gc-end>
<cycle-end id="378" type="global" contextid="370" timestamp="2019-07-02T23:05:41.087">
  <attribute name="GC Util" value="171" />
  <attribute name="CPU Util" value="6444061284566" />
  <attribute name="Time Running"value="1651"/>
  <attribute name="Number of cores"value="4"/>
</cycle-end>
<allocation-satisfied id="379" threadId="000000000135BD00" bytesRequested="40" />
<af-end id="380" timestamp="2019-07-02T23:05:41.088" threadId="000000000135C688" success="true" />
<exclusive-end id="381" timestamp="2019-07-02T23:05:41.088" durationms="5.205" />

<exclusive-start id="382" timestamp="2019-07-02T23:05:41.096" intervalms="12.909">
  <response-info timems="0.054" idlems="0.054" threads="0" lastid="000000000135BD00" lastname="Thread-10" />
</exclusive-start>
<af-start id="383" threadId="000000000135C688" totalBytesRequested="40" timestamp="2019-07-02T23:05:41.096" intervalms="12.851" />
<cycle-start id="384" type="global" contextid="0" timestamp="2019-07-02T23:05:41.096" intervalms="12.842" />
  <attribute name="GC Util" value="171" />
  <attribute name="CPU Util" value="6444061284566" />
  <attribute name="Time Running"value="1651"/>
  <attribute name="Number of cores"value="4"/>
<gc-start id="385" type="global" contextid="384" timestamp="2019-07-02T23:05:41.096">
  <mem-info id="386" free="186368" total="18677760" percent="0">
    <mem type="tenure" free="186368" total="18677760" percent="0">
      <mem type="soa" free="0" total="18491392" percent="0" />
      <mem type="loa" free="186368" total="186368" percent="100" />
    </mem>
  </mem-info>
</gc-start>
<allocation-stats totalBytes="11310584" >
  <allocated-bytes non-tlh="0" tlh="11310584" />
  <largest-consumer threadName="Thread-7" threadId="0000000001358100" bytes="3207984" />
</allocation-stats>
<gc-op id="387" type="mark" timems="2.613" contextid="384" timestamp="2019-07-02T23:05:41.098">
  <trace-info objectcount="71305" scancount="63738" scanbytes="2402692" />
  <finalization candidates="124" enqueued="0" />
  <ownableSynchronizers candidates="3" cleared="0" />
  <references type="soft" candidates="85" cleared="0" enqueued="0" dynamicThreshold="19" maxThreshold="32" />
  <references type="weak" candidates="774" cleared="0" enqueued="0" />
  <references type="phantom" candidates="63" cleared="0" enqueued="0" />
  <stringconstants candidates="4574" cleared="0"  />
</gc-op>
<gc-op id="388" type="sweep" timems="0.876" contextid="384" timestamp="2019-07-02T23:05:41.099" />
<gc-end id="389" type="global" contextid="384" durationms="3.825" usertimems="4.000" systemtimems="0.000" timestamp="2019-07-02T23:05:41.100" activeThreads="4">
  <mem-info id="390" free="11429712" total="18677760" percent="61">
    <mem type="tenure" free="11429712" total="18677760" percent="61" micro-fragmented="1056037" macro-fragmented="0">
      <mem type="soa" free="11243344" total="18491392" percent="60" />
      <mem type="loa" free="186368" total="186368" percent="100" />
    </mem>
  </mem-info>
</gc-end>
<cycle-end id="391" type="global" contextid="384" timestamp="2019-07-02T23:05:41.100">
  <attribute name="GC Util" value="176" />
  <attribute name="CPU Util" value="6830715747002" />
  <attribute name="Time Running"value="1663"/>
  <attribute name="Number of cores"value="4"/>
</cycle-end>
<allocation-satisfied id="392" threadId="000000000135BD00" bytesRequested="40" />
<af-end id="393" timestamp="2019-07-02T23:05:41.100" threadId="000000000135C688" success="true" />
<exclusive-end id="394" timestamp="2019-07-02T23:05:41.100" durationms="4.501" />

<exclusive-start id="395" timestamp="2019-07-02T23:05:41.110" intervalms="14.382">
  <response-info timems="0.054" idlems="0.054" threads="0" lastid="000000000135F900" lastname="Thread-9" />
</exclusive-start>
<af-start id="396" threadId="0000000001360288" totalBytesRequested="40" timestamp="2019-07-02T23:05:41.110" intervalms="14.411" />
<cycle-start id="397" type="global" contextid="0" timestamp="2019-07-02T23:05:41.110" intervalms="14.395" />
  <attribute name="GC Util" value="176" />
  <attribute name="CPU Util" value="6830715747002" />
  <attribute name="Time Running"value="1663"/>
  <attribute name="Number of cores"value="4"/>
<gc-start id="398" type="global" contextid="397" timestamp="2019-07-02T23:05:41.110">
  <mem-info id="399" free="186368" total="18677760" percent="0">
    <mem type="tenure" free="186368" total="18677760" percent="0">
      <mem type="soa" free="0" total="18491392" percent="0" />
      <mem type="loa" free="186368" total="186368" percent="100" />
    </mem>
  </mem-info>
</gc-start>
<allocation-stats totalBytes="11201728" >
  <allocated-bytes non-tlh="23160" tlh="11178568" />
  <largest-consumer threadName="Thread-7" threadId="0000000001358100" bytes="4374656" />
</allocation-stats>
<gc-op id="400" type="mark" timems="1.479" contextid="397" timestamp="2019-07-02T23:05:41.112">
  <trace-info objectcount="67750" scancount="60166" scanbytes="2317324" />
  <finalization candidates="124" enqueued="0" />
  <ownableSynchronizers candidates="3" cleared="0" />
  <references type="soft" candidates="85" cleared="0" enqueued="0" dynamicThreshold="19" maxThreshold="32" />
  <references type="weak" candidates="774" cleared="0" enqueued="0" />
  <references type="phantom" candidates="63" cleared="0" enqueued="0" />
  <stringconstants candidates="4574" cleared="0"  />
</gc-op>
<gc-op id="401" type="sweep" timems="0.428" contextid="397" timestamp="2019-07-02T23:05:41.112" />
<gc-end id="402" type="global" contextid="397" durationms="2.333" usertimems="4.000" systemtimems="0.000" timestamp="2019-07-02T23:05:41.112" activeThreads="4">
  <mem-info id="403" free="11611032" total="18677760" percent="62">
    <mem type="tenure" free="11611032" total="18677760" percent="62" micro-fragmented="945639" macro-fragmented="0">
      <mem type="soa" free="11424664" total="18491392" percent="61" />
      <mem type="loa" free="186368" total="186368" percent="100" />
    </mem>
  </mem-info>
</gc-end>
<cycle-end id="404" type="global" contextid="397" timestamp="2019-07-02T23:05:41.113">
  <attribute name="GC Util" value="165" />
  <attribute name="CPU Util" value="11996735307170" />
  <attribute name="Time Running"value="1677"/>
  <attribute name="Number of cores"value="4"/>
</cycle-end>
<allocation-satisfied id="405" threadId="000000000135F900" bytesRequested="40" />
<af-end id="406" timestamp="2019-07-02T23:05:41.113" threadId="0000000001360288" success="true" />
<exclusive-end id="407" timestamp="2019-07-02T23:05:41.113" durationms="2.947" />

<exclusive-start id="408" timestamp="2019-07-02T23:05:41.120" intervalms="9.957">
  <response-info timems="0.024" idlems="0.024" threads="0" lastid="0000000001358100" lastname="Thread-7" />
</exclusive-start>
<af-start id="409" threadId="0000000001358A88" totalBytesRequested="40" timestamp="2019-07-02T23:05:41.120" intervalms="9.957" />
<cycle-start id="410" type="global" contextid="0" timestamp="2019-07-02T23:05:41.120" intervalms="9.971" />
  <attribute name="GC Util" value="165" />
  <attribute name="CPU Util" value="11996735307170" />
  <attribute name="Time Running"value="1677"/>
  <attribute name="Number of cores"value="4"/>
<gc-start id="411" type="global" contextid="410" timestamp="2019-07-02T23:05:41.120">
  <mem-info id="412" free="186368" total="18677760" percent="0">
    <mem type="tenure" free="186368" total="18677760" percent="0">
      <mem type="soa" free="0" total="18491392" percent="0" />
      <mem type="loa" free="186368" total="186368" percent="100" />
    </mem>
  </mem-info>
</gc-start>
<allocation-stats totalBytes="11390120" >
  <allocated-bytes non-tlh="0" tlh="11390120" />
  <largest-consumer threadName="Thread-8" threadId="0000000001354500" bytes="2911712" />
</allocation-stats>
<gc-op id="413" type="mark" timems="3.325" contextid="410" timestamp="2019-07-02T23:05:41.124">
  <trace-info objectcount="69948" scancount="62378" scanbytes="2370156" />
  <finalization candidates="124" enqueued="0" />
  <ownableSynchronizers candidates="3" cleared="0" />
  <references type="soft" candidates="85" cleared="0" enqueued="0" dynamicThreshold="19" maxThreshold="32" />
  <references type="weak" candidates="774" cleared="0" enqueued="0" />
  <references type="phantom" candidates="63" cleared="0" enqueued="0" />
  <stringconstants candidates="4574" cleared="0"  />
</gc-op>
<gc-op id="414" type="sweep" timems="1.444" contextid="410" timestamp="2019-07-02T23:05:41.125" />
<gc-end id="415" type="global" contextid="410" durationms="5.019" usertimems="8.000" systemtimems="0.000" timestamp="2019-07-02T23:05:41.125" activeThreads="4">
  <mem-info id="416" free="11435704" total="18677760" percent="61">
    <mem type="tenure" free="11435704" total="18677760" percent="61" micro-fragmented="1092902" macro-fragmented="0">
      <mem type="soa" free="11249336" total="18491392" percent="60" />
      <mem type="loa" free="186368" total="186368" percent="100" />
    </mem>
  </mem-info>
</gc-end>
<cycle-end id="417" type="global" contextid="410" timestamp="2019-07-02T23:05:41.125">
  <attribute name="GC Util" value="159" />
  <attribute name="CPU Util" value="5426389159638" />
  <attribute name="Time Running"value="1688"/>
  <attribute name="Number of cores"value="4"/>
</cycle-end>
<allocation-satisfied id="418" threadId="0000000001358100" bytesRequested="40" />
<af-end id="419" timestamp="2019-07-02T23:05:41.125" threadId="0000000001358A88" success="true" />
<exclusive-end id="420" timestamp="2019-07-02T23:05:41.126" durationms="5.633" />

<exclusive-start id="421" timestamp="2019-07-02T23:05:41.135" intervalms="14.982">
  <response-info timems="0.030" idlems="0.030" threads="0" lastid="0000000001358100" lastname="Thread-7" />
</exclusive-start>
<af-start id="422" threadId="0000000001358A88" totalBytesRequested="40" timestamp="2019-07-02T23:05:41.135" intervalms="14.986" />
<cycle-start id="423" type="global" contextid="0" timestamp="2019-07-02T23:05:41.135" intervalms="14.972" />
  <attribute name="GC Util" value="159" />
  <attribute name="CPU Util" value="5426389159638" />
  <attribute name="Time Running"value="1688"/>
  <attribute name="Number of cores"value="4"/>
<gc-start id="424" type="global" contextid="423" timestamp="2019-07-02T23:05:41.135">
  <mem-info id="425" free="186368" total="18677760" percent="0">
    <mem type="tenure" free="186368" total="18677760" percent="0">
      <mem type="soa" free="0" total="18491392" percent="0" />
      <mem type="loa" free="186368" total="186368" percent="100" />
    </mem>
  </mem-info>
</gc-start>
<allocation-stats totalBytes="11209568" >
  <allocated-bytes non-tlh="0" tlh="11209568" />
  <largest-consumer threadName="Thread-10" threadId="000000000135BD00" bytes="3793920" />
</allocation-stats>
<gc-op id="426" type="mark" timems="2.819" contextid="423" timestamp="2019-07-02T23:05:41.138">
  <trace-info objectcount="72654" scancount="65081" scanbytes="2435300" />
  <finalization candidates="124" enqueued="0" />
  <ownableSynchronizers candidates="3" cleared="0" />
  <references type="soft" candidates="85" cleared="0" enqueued="0" dynamicThreshold="19" maxThreshold="32" />
  <references type="weak" candidates="774" cleared="0" enqueued="0" />
  <references type="phantom" candidates="63" cleared="0" enqueued="0" />
  <stringconstants candidates="4574" cleared="0"  />
</gc-op>
<gc-op id="427" type="sweep" timems="0.546" contextid="423" timestamp="2019-07-02T23:05:41.139" />
<gc-end id="428" type="global" contextid="423" durationms="3.655" usertimems="8.000" systemtimems="0.000" timestamp="2019-07-02T23:05:41.139" activeThreads="4">
  <mem-info id="429" free="11243536" total="18677760" percent="60">
    <mem type="tenure" free="11243536" total="18677760" percent="60" micro-fragmented="910716" macro-fragmented="0">
      <mem type="soa" free="11057168" total="18491392" percent="59" />
      <mem type="loa" free="186368" total="186368" percent="100" />
    </mem>
  </mem-info>
</gc-end>
<cycle-end id="430" type="global" contextid="423" timestamp="2019-07-02T23:05:41.139">
  <attribute name="GC Util" value="155" />
  <attribute name="CPU Util" value="6379490745321" />
  <attribute name="Time Running"value="1703"/>
  <attribute name="Number of cores"value="4"/>
</cycle-end>
<allocation-satisfied id="431" threadId="0000000001358100" bytesRequested="40" />
<af-end id="432" timestamp="2019-07-02T23:05:41.139" threadId="0000000001358A88" success="true" />
<exclusive-end id="433" timestamp="2019-07-02T23:05:41.139" durationms="4.388" />

<exclusive-start id="434" timestamp="2019-07-02T23:05:41.150" intervalms="15.641">
  <response-info timems="0.041" idlems="0.031" threads="3" lastid="0000000001354500" lastname="Thread-8" />
</exclusive-start>
<af-start id="435" threadId="0000000001360288" totalBytesRequested="24" timestamp="2019-07-02T23:05:41.151" intervalms="15.659" />
<cycle-start id="436" type="global" contextid="0" timestamp="2019-07-02T23:05:41.151" intervalms="15.673" />
  <attribute name="GC Util" value="155" />
  <attribute name="CPU Util" value="6379490745321" />
  <attribute name="Time Running"value="1703"/>
  <attribute name="Number of cores"value="4"/>
<gc-start id="437" type="global" contextid="436" timestamp="2019-07-02T23:05:41.151">
  <mem-info id="438" free="186368" total="18677760" percent="0">
    <mem type="tenure" free="186368" total="18677760" percent="0">
      <mem type="soa" free="0" total="18491392" percent="0" />
      <mem type="loa" free="186368" total="186368" percent="100" />
    </mem>
  </mem-info>
</gc-start>
<allocation-stats totalBytes="11014112" >
  <allocated-bytes non-tlh="38112" tlh="10976000" />
  <largest-consumer threadName="Thread-10" threadId="000000000135BD00" bytes="4617008" />
</allocation-stats>
<gc-op id="439" type="mark" timems="4.090" contextid="436" timestamp="2019-07-02T23:05:41.155">
  <trace-info objectcount="64363" scancount="56795" scanbytes="2235724" />
  <finalization candidates="124" enqueued="0" />
  <ownableSynchronizers candidates="3" cleared="0" />
  <references type="soft" candidates="85" cleared="0" enqueued="0" dynamicThreshold="19" maxThreshold="32" />
  <references type="weak" candidates="774" cleared="0" enqueued="0" />
  <references type="phantom" candidates="63" cleared="0" enqueued="0" />
  <stringconstants candidates="4574" cleared="0"  />
</gc-op>
<gc-op id="440" type="sweep" timems="1.457" contextid="436" timestamp="2019-07-02T23:05:41.157" />
<heap-resize id="441" type="contract" space="tenure" amount="131072" count="1" timems="0.051" reason="excess free space following gc" timestamp="2019-07-02T23:05:41.157" />
<gc-end id="442" type="global" contextid="436" durationms="5.900" usertimems="12.000" systemtimems="0.000" timestamp="2019-07-02T23:05:41.157" activeThreads="4">
  <mem-info id="443" free="11634472" total="18546688" percent="62">
    <mem type="tenure" free="11634472" total="18546688" percent="62" micro-fragmented="795351" macro-fragmented="0">
      <mem type="soa" free="11634472" total="18361344" percent="63" />
      <mem type="loa" free="0" total="185344" percent="0" />
    </mem>
  </mem-info>
</gc-end>
<cycle-end id="444" type="global" contextid="436" timestamp="2019-07-02T23:05:41.157">
  <attribute name="GC Util" value="145" />
  <attribute name="CPU Util" value="4447120325769" />
  <attribute name="Time Running"value="1720"/>
  <attribute name="Number of cores"value="4"/>
</cycle-end>
<allocation-satisfied id="445" threadId="000000000135F900" bytesRequested="24" />
<af-end id="446" timestamp="2019-07-02T23:05:41.157" threadId="0000000001360288" success="true" />
<exclusive-end id="447" timestamp="2019-07-02T23:05:41.157" durationms="6.455" />

<exclusive-start id="448" timestamp="2019-07-02T23:05:41.166" intervalms="15.950">
  <response-info timems="0.030" idlems="0.030" threads="0" lastid="0000000001354500" lastname="Thread-8" />
</exclusive-start>
<af-start id="449" threadId="0000000001354E88" totalBytesRequested="40" timestamp="2019-07-02T23:05:41.167" intervalms="15.899" />
<cycle-start id="450" type="global" contextid="0" timestamp="2019-07-02T23:05:41.167" intervalms="15.887" />
  <attribute name="GC Util" value="145" />
  <attribute name="CPU Util" value="4447120325769" />
  <attribute name="Time Running"value="1720"/>
  <attribute name="Number of cores"value="4"/>
<gc-start id="451" type="global" contextid="450" timestamp="2019-07-02T23:05:41.167">
  <mem-info id="452" free="0" total="18546688" percent="0">
    <mem type="tenure" free="0" total="18546688" percent="0">
      <mem type="soa" free="0" total="18361344" percent="0" />
      <mem type="loa" free="0" total="185344" percent="0" />
    </mem>
  </mem-info>
</gc-start>
<allocation-stats totalBytes="11610944" >
  <allocated-bytes non-tlh="0" tlh="11610944" />
  <largest-consumer threadName="Thread-10" threadId="000000000135BD00" bytes="3922624" />
</allocation-stats>
<gc-op id="453" type="mark" timems="3.853" contextid="450" timestamp="2019-07-02T23:05:41.171">
  <trace-info objectcount="65785" scancount="58209" scanbytes="2269948" />
  <finalization candidates="124" enqueued="0" />
  <ownableSynchronizers candidates="3" cleared="0" />
  <references type="soft" candidates="85" cleared="0" enqueued="0" dynamicThreshold="20" maxThreshold="32" />
  <references type="weak" candidates="774" cleared="0" enqueued="0" />
  <references type="phantom" candidates="63" cleared="0" enqueued="0" />
  <stringconstants candidates="4574" cleared="0"  />
</gc-op>
<gc-op id="454" type="sweep" timems="1.435" contextid="450" timestamp="2019-07-02T23:05:41.172" />
<mem-info id="455" free="11476592" total="18546688" percent="61">
  <mem type="tenure" free="11476592" total="18546688" percent="61" micro-fragmented="849497" macro-fragmented="0">
    <mem type="soa" free="11476592" total="18361344" percent="62" />
    <mem type="loa" free="0" total="185344" percent="0" />
  </mem>
</mem-info>
<gc-op id="456" type="compact" timems="13.104" contextid="450" timestamp="2019-07-02T23:05:41.185">
  <compact-info movecount="65164" movebytes="5723872" reason="compact to aid heap contraction" />
</gc-op>
<heap-resize id="457" type="contract" space="tenure" amount="131072" count="1" timems="0.095" reason="excess free space following gc" timestamp="2019-07-02T23:05:41.186" />
<gc-end id="458" type="global" contextid="450" durationms="19.038" usertimems="24.000" systemtimems="0.000" timestamp="2019-07-02T23:05:41.186" activeThreads="4">
  <mem-info id="459" free="12556344" total="18415616" percent="68">
    <mem type="tenure" free="12556344" total="18415616" percent="68">
      <mem type="soa" free="12427320" total="18232320" percent="68" />
      <mem type="loa" free="129024" total="183296" percent="70" />
    </mem>
  </mem-info>
</gc-end>
<cycle-end id="460" type="global" contextid="450" timestamp="2019-07-02T23:05:41.186">
  <attribute name="GC Util" value="100" />
  <attribute name="CPU Util" value="11541355095181" />
  <attribute name="Time Running"value="1737"/>
  <attribute name="Number of cores"value="4"/>
</cycle-end>
<allocation-satisfied id="461" threadId="0000000001354500" bytesRequested="40" />
<af-end id="462" timestamp="2019-07-02T23:05:41.186" threadId="0000000001354E88" success="true" />
<exclusive-end id="463" timestamp="2019-07-02T23:05:41.186" durationms="19.422" />

<exclusive-start id="464" timestamp="2019-07-02T23:05:41.195" intervalms="29.007">
  <response-info timems="0.030" idlems="0.030" threads="0" lastid="000000000135BD00" lastname="Thread-10" />
</exclusive-start>
<af-start id="465" threadId="000000000135C688" totalBytesRequested="40" timestamp="2019-07-02T23:05:41.196" intervalms="29.016" />
<cycle-start id="466" type="global" contextid="0" timestamp="2019-07-02T23:05:41.196" intervalms="29.022" />
  <attribute name="GC Util" value="100" />
  <attribute name="CPU Util" value="11541355095181" />
  <attribute name="Time Running"value="1737"/>
  <attribute name="Number of cores"value="4"/>
<gc-start id="467" type="global" contextid="466" timestamp="2019-07-02T23:05:41.196">
  <mem-info id="468" free="129024" total="18415616" percent="0">
    <mem type="tenure" free="129024" total="18415616" percent="0">
      <mem type="soa" free="0" total="18232320" percent="0" />
      <mem type="loa" free="129024" total="183296" percent="70" />
    </mem>
  </mem-info>
</gc-start>
<allocation-stats totalBytes="12491312" >
  <allocated-bytes non-tlh="0" tlh="12491312" />
  <largest-consumer threadName="Thread-10" threadId="000000000135BD00" bytes="4169208" />
</allocation-stats>
<gc-op id="469" type="mark" timems="2.176" contextid="466" timestamp="2019-07-02T23:05:41.198">
  <trace-info objectcount="67535" scancount="59954" scanbytes="2311676" />
  <finalization candidates="124" enqueued="0" />
  <ownableSynchronizers candidates="3" cleared="0" />
  <references type="soft" candidates="85" cleared="0" enqueued="0" dynamicThreshold="21" maxThreshold="32" />
  <references type="weak" candidates="774" cleared="0" enqueued="0" />
  <references type="phantom" candidates="63" cleared="0" enqueued="0" />
  <stringconstants candidates="4574" cleared="0"  />
</gc-op>
<gc-op id="470" type="sweep" timems="0.568" contextid="466" timestamp="2019-07-02T23:05:41.199" />
<heap-resize id="471" type="contract" space="tenure" amount="131072" count="1" timems="0.053" reason="excess free space following gc" timestamp="2019-07-02T23:05:41.199" />
<gc-end id="472" type="global" contextid="466" durationms="3.117" usertimems="12.000" systemtimems="0.000" timestamp="2019-07-02T23:05:41.199" activeThreads="4">
  <mem-info id="473" free="12218128" total="18284544" percent="66">
    <mem type="tenure" free="12218128" total="18284544" percent="66" micro-fragmented="0" macro-fragmented="0">
      <mem type="soa" free="12218128" total="18102272" percent="67" />
      <mem type="loa" free="0" total="182272" percent="0" />
    </mem>
  </mem-info>
</gc-end>
<cycle-end id="474" type="global" contextid="466" timestamp="2019-07-02T23:05:41.199">
  <attribute name="GC Util" value="251" />
  <attribute name="CPU Util" value="8269027073144" />
  <attribute name="Time Running"value="1763"/>
  <attribute name="Number of cores"value="4"/>
</cycle-end>
<allocation-satisfied id="475" threadId="000000000135BD00" bytesRequested="40" />
<af-end id="476" timestamp="2019-07-02T23:05:41.199" threadId="000000000135C688" success="true" />
<exclusive-end id="477" timestamp="2019-07-02T23:05:41.199" durationms="3.562" />

<exclusive-start id="478" timestamp="2019-07-02T23:05:41.209" intervalms="13.349">
  <response-info timems="0.032" idlems="0.032" threads="0" lastid="000000000135BD00" lastname="Thread-10" />
</exclusive-start>
<af-start id="479" threadId="000000000135C688" totalBytesRequested="40" timestamp="2019-07-02T23:05:41.209" intervalms="13.357" />
<cycle-start id="480" type="global" contextid="0" timestamp="2019-07-02T23:05:41.209" intervalms="13.354" />
  <attribute name="GC Util" value="251" />
  <attribute name="CPU Util" value="8269027073144" />
  <attribute name="Time Running"value="1763"/>
  <attribute name="Number of cores"value="4"/>
<gc-start id="481" type="global" contextid="480" timestamp="2019-07-02T23:05:41.209">
  <mem-info id="482" free="0" total="18284544" percent="0">
    <mem type="tenure" free="0" total="18284544" percent="0">
      <mem type="soa" free="0" total="18102272" percent="0" />
      <mem type="loa" free="0" total="182272" percent="0" />
    </mem>
  </mem-info>
</gc-start>
<allocation-stats totalBytes="12211848" >
  <allocated-bytes non-tlh="0" tlh="12211848" />
  <largest-consumer threadName="Thread-10" threadId="000000000135BD00" bytes="4211536" />
</allocation-stats>
<gc-op id="483" type="mark" timems="2.069" contextid="480" timestamp="2019-07-02T23:05:41.211">
  <trace-info objectcount="69936" scancount="62361" scanbytes="2368932" />
  <finalization candidates="124" enqueued="0" />
  <ownableSynchronizers candidates="3" cleared="0" />
  <references type="soft" candidates="85" cleared="0" enqueued="0" dynamicThreshold="21" maxThreshold="32" />
  <references type="weak" candidates="774" cleared="0" enqueued="0" />
  <references type="phantom" candidates="63" cleared="0" enqueued="0" />
  <stringconstants candidates="4574" cleared="0"  />
</gc-op>
<gc-op id="484" type="sweep" timems="0.769" contextid="480" timestamp="2019-07-02T23:05:41.212" />
<mem-info id="485" free="12110664" total="18284544" percent="66">
  <mem type="tenure" free="12110664" total="18284544" percent="66" micro-fragmented="47259" macro-fragmented="0">
    <mem type="soa" free="12040976" total="18102272" percent="66" />
    <mem type="loa" free="69688" total="182272" percent="38" />
  </mem>
</mem-info>
<gc-op id="486" type="compact" timems="6.065" contextid="480" timestamp="2019-07-02T23:05:41.218">
  <compact-info movecount="28289" movebytes="1235264" reason="compact to aid heap contraction" />
</gc-op>
<heap-resize id="487" type="contract" space="tenure" amount="131072" count="1" timems="0.090" reason="excess free space following gc" timestamp="2019-07-02T23:05:41.218" />
<gc-end id="488" type="global" contextid="480" durationms="9.591" usertimems="4.000" systemtimems="12.000" timestamp="2019-07-02T23:05:41.219" activeThreads="4">
  <mem-info id="489" free="12198288" total="18153472" percent="67">
    <mem type="tenure" free="12198288" total="18153472" percent="67">
      <mem type="soa" free="12068240" total="17972224" percent="67" />
      <mem type="loa" free="130048" total="181248" percent="71" />
    </mem>
  </mem-info>
</gc-end>
<cycle-end id="490" type="global" contextid="480" timestamp="2019-07-02T23:05:41.219">
  <attribute name="GC Util" value="165" />
  <attribute name="CPU Util" value="20328155496033" />
  <attribute name="Time Running"value="1777"/>
  <attribute name="Number of cores"value="4"/>
</cycle-end>
<allocation-satisfied id="491" threadId="000000000135BD00" bytesRequested="40" />
<af-end id="492" timestamp="2019-07-02T23:05:41.219" threadId="000000000135C688" success="true" />
<exclusive-end id="493" timestamp="2019-07-02T23:05:41.219" durationms="10.289" />

<exclusive-start id="494" timestamp="2019-07-02T23:05:41.228" intervalms="19.504">
  <response-info timems="0.035" idlems="0.035" threads="0" lastid="0000000001358100" lastname="Thread-7" />
</exclusive-start>
<af-start id="495" threadId="0000000001358A88" totalBytesRequested="40" timestamp="2019-07-02T23:05:41.228" intervalms="19.526" />
<cycle-start id="496" type="global" contextid="0" timestamp="2019-07-02T23:05:41.228" intervalms="19.528" />
  <attribute name="GC Util" value="165" />
  <attribute name="CPU Util" value="20328155496033" />
  <attribute name="Time Running"value="1777"/>
  <attribute name="Number of cores"value="4"/>
<gc-start id="497" type="global" contextid="496" timestamp="2019-07-02T23:05:41.229">
  <mem-info id="498" free="130048" total="18153472" percent="0">
    <mem type="tenure" free="130048" total="18153472" percent="0">
      <mem type="soa" free="0" total="17972224" percent="0" />
      <mem type="loa" free="130048" total="181248" percent="71" />
    </mem>
  </mem-info>
</gc-start>
<allocation-stats totalBytes="12132064" >
  <allocated-bytes non-tlh="0" tlh="12132064" />
  <largest-consumer threadName="Thread-7" threadId="0000000001358100" bytes="4072224" />
</allocation-stats>
<gc-op id="499" type="mark" timems="2.507" contextid="496" timestamp="2019-07-02T23:05:41.231">
  <trace-info objectcount="71953" scancount="64368" scanbytes="2417580" />
  <finalization candidates="124" enqueued="0" />
  <ownableSynchronizers candidates="3" cleared="0" />
  <references type="soft" candidates="85" cleared="0" enqueued="0" dynamicThreshold="21" maxThreshold="32" />
  <references type="weak" candidates="774" cleared="0" enqueued="0" />
  <references type="phantom" candidates="63" cleared="0" enqueued="0" />
  <stringconstants candidates="4574" cleared="0"  />
</gc-op>
<gc-op id="500" type="sweep" timems="0.714" contextid="496" timestamp="2019-07-02T23:05:41.232" />
<heap-resize id="501" type="contract" space="tenure" amount="131072" count="1" timems="0.087" reason="excess free space following gc" timestamp="2019-07-02T23:05:41.232" />
<gc-end id="502" type="global" contextid="496" durationms="3.764" usertimems="0.000" systemtimems="8.000" timestamp="2019-07-02T23:05:41.232" activeThreads="4">
  <mem-info id="503" free="11920600" total="18022400" percent="66">
    <mem type="tenure" free="11920600" total="18022400" percent="66" micro-fragmented="0" macro-fragmented="0">
      <mem type="soa" free="11851448" total="17842176" percent="66" />
      <mem type="loa" free="69152" total="180224" percent="38" />
    </mem>
  </mem-info>
</gc-end>
<cycle-end id="504" type="global" contextid="496" timestamp="2019-07-02T23:05:41.232">
  <attribute name="GC Util" value="240" />
  <attribute name="CPU Util" value="7102911455125" />
  <attribute name="Time Running"value="1796"/>
  <attribute name="Number of cores"value="4"/>
</cycle-end>
<allocation-satisfied id="505" threadId="0000000001358100" bytesRequested="40" />
<af-end id="506" timestamp="2019-07-02T23:05:41.233" threadId="0000000001358A88" success="true" />
<exclusive-end id="507" timestamp="2019-07-02T23:05:41.233" durationms="4.444" />

<exclusive-start id="508" timestamp="2019-07-02T23:05:41.247" intervalms="18.597">
  <response-info timems="0.066" idlems="0.066" threads="0" lastid="0000000001354500" lastname="Thread-8" />
</exclusive-start>
<af-start id="509" threadId="0000000001354E88" totalBytesRequested="40" timestamp="2019-07-02T23:05:41.247" intervalms="18.578" />
<cycle-start id="510" type="global" contextid="0" timestamp="2019-07-02T23:05:41.247" intervalms="18.619" />
  <attribute name="GC Util" value="240" />
  <attribute name="CPU Util" value="7102911455125" />
  <attribute name="Time Running"value="1796"/>
  <attribute name="Number of cores"value="4"/>
<gc-start id="511" type="global" contextid="510" timestamp="2019-07-02T23:05:41.247">
  <mem-info id="512" free="69152" total="18022400" percent="0">
    <mem type="tenure" free="69152" total="18022400" percent="0">
      <mem type="soa" free="0" total="17842176" percent="0" />
      <mem type="loa" free="69152" total="180224" percent="38" />
    </mem>
  </mem-info>
</gc-start>
<allocation-stats totalBytes="11846064" >
  <allocated-bytes non-tlh="0" tlh="11846064" />
  <largest-consumer threadName="Thread-9" threadId="000000000135F900" bytes="6259592" />
</allocation-stats>
<gc-op id="513" type="mark" timems="2.293" contextid="510" timestamp="2019-07-02T23:05:41.250">
  <trace-info objectcount="64577" scancount="56982" scanbytes="2240684" />
  <finalization candidates="124" enqueued="0" />
  <ownableSynchronizers candidates="3" cleared="0" />
  <references type="soft" candidates="85" cleared="0" enqueued="0" dynamicThreshold="21" maxThreshold="32" />
  <references type="weak" candidates="774" cleared="0" enqueued="0" />
  <references type="phantom" candidates="63" cleared="0" enqueued="0" />
  <stringconstants candidates="4574" cleared="0"  />
</gc-op>
<gc-op id="514" type="sweep" timems="0.714" contextid="510" timestamp="2019-07-02T23:05:41.250" />
<mem-info id="515" free="11976488" total="18022400" percent="66">
  <mem type="tenure" free="11976488" total="18022400" percent="66" micro-fragmented="200918" macro-fragmented="0">
    <mem type="soa" free="11890208" total="17842176" percent="66" />
    <mem type="loa" free="86280" total="180224" percent="47" />
  </mem>
</mem-info>
<gc-op id="516" type="compact" timems="8.223" contextid="510" timestamp="2019-07-02T23:05:41.259">
  <compact-info movecount="44040" movebytes="4738888" reason="compact to aid heap contraction" />
</gc-op>
<heap-resize id="517" type="contract" space="tenure" amount="131072" count="1" timems="0.098" reason="excess free space following gc" timestamp="2019-07-02T23:05:41.259" />
<gc-end id="518" type="global" contextid="510" durationms="11.871" usertimems="16.000" systemtimems="4.000" timestamp="2019-07-02T23:05:41.259" activeThreads="4">
  <mem-info id="519" free="12066440" total="17891328" percent="67">
    <mem type="tenure" free="12066440" total="17891328" percent="67">
      <mem type="soa" free="11937416" total="17713152" percent="67" />
      <mem type="loa" free="129024" total="178176" percent="72" />
    </mem>
  </mem-info>
</gc-end>
<cycle-end id="520" type="global" contextid="510" timestamp="2019-07-02T23:05:41.259">
  <attribute name="GC Util" value="161" />
  <attribute name="CPU Util" value="20918328195613" />
  <attribute name="Time Running"value="1815"/>
  <attribute name="Number of cores"value="4"/>
</cycle-end>
<allocation-satisfied id="521" threadId="0000000001354500" bytesRequested="40" />
<af-end id="522" timestamp="2019-07-02T23:05:41.259" threadId="0000000001354E88" success="true" />
<exclusive-end id="523" timestamp="2019-07-02T23:05:41.259" durationms="12.471" />

<exclusive-start id="524" timestamp="2019-07-02T23:05:41.268" intervalms="21.286">
  <response-info timems="0.025" idlems="0.025" threads="0" lastid="0000000001358100" lastname="Thread-7" />
</exclusive-start>
<af-start id="525" threadId="0000000001358A88" totalBytesRequested="40" timestamp="2019-07-02T23:05:41.268" intervalms="21.264" />
<cycle-start id="526" type="global" contextid="0" timestamp="2019-07-02T23:05:41.268" intervalms="21.256" />
  <attribute name="GC Util" value="161" />
  <attribute name="CPU Util" value="20918328195613" />
  <attribute name="Time Running"value="1815"/>
  <attribute name="Number of cores"value="4"/>
<gc-start id="527" type="global" contextid="526" timestamp="2019-07-02T23:05:41.268">
  <mem-info id="528" free="129024" total="17891328" percent="0">
    <mem type="tenure" free="129024" total="17891328" percent="0">
      <mem type="soa" free="0" total="17713152" percent="0" />
      <mem type="loa" free="129024" total="178176" percent="72" />
    </mem>
  </mem-info>
</gc-start>
<allocation-stats totalBytes="12001304" >
  <allocated-bytes non-tlh="0" tlh="12001304" />
  <largest-consumer threadName="Thread-8" threadId="0000000001354500" bytes="4160944" />
</allocation-stats>
<gc-op id="529" type="mark" timems="2.152" contextid="526" timestamp="2019-07-02T23:05:41.271">
  <trace-info objectcount="67733" scancount="60160" scanbytes="2316180" />
  <finalization candidates="124" enqueued="0" />
  <ownableSynchronizers candidates="3" cleared="0" />
  <references type="soft" candidates="85" cleared="1" enqueued="0" dynamicThreshold="21" maxThreshold="32" />
  <references type="weak" candidates="774" cleared="0" enqueued="0" />
  <references type="phantom" candidates="63" cleared="0" enqueued="0" />
  <stringconstants candidates="4574" cleared="0"  />
</gc-op>
<gc-op id="530" type="sweep" timems="0.755" contextid="526" timestamp="2019-07-02T23:05:41.272" />
<heap-resize id="531" type="contract" space="tenure" amount="131072" count="1" timems="0.080" reason="excess free space following gc" timestamp="2019-07-02T23:05:41.272" />
<gc-end id="532" type="global" contextid="526" durationms="3.476" usertimems="8.000" systemtimems="0.000" timestamp="2019-07-02T23:05:41.272" activeThreads="4">
  <mem-info id="533" free="11772024" total="17760256" percent="66">
    <mem type="tenure" free="11772024" total="17760256" percent="66" micro-fragmented="25721" macro-fragmented="0">
      <mem type="soa" free="11669032" total="17583104" percent="66" />
      <mem type="loa" free="102992" total="177152" percent="58" />
    </mem>
  </mem-info>
</gc-end>
<cycle-end id="534" type="global" contextid="526" timestamp="2019-07-02T23:05:41.272">
  <attribute name="GC Util" value="239" />
  <attribute name="CPU Util" value="8189638941978" />
  <attribute name="Time Running"value="1836"/>
  <attribute name="Number of cores"value="4"/>
</cycle-end>
<allocation-satisfied id="535" threadId="0000000001358100" bytesRequested="40" />
<af-end id="536" timestamp="2019-07-02T23:05:41.272" threadId="0000000001358A88" success="true" />
<exclusive-end id="537" timestamp="2019-07-02T23:05:41.272" durationms="4.126" />

<exclusive-start id="538" timestamp="2019-07-02T23:05:41.285" intervalms="16.563">
  <response-info timems="0.048" idlems="0.028" threads="2" lastid="000000000135BD00" lastname="Thread-10" />
</exclusive-start>
<af-start id="539" threadId="0000000001354E88" totalBytesRequested="40" timestamp="2019-07-02T23:05:41.285" intervalms="16.609" />
<cycle-start id="540" type="global" contextid="0" timestamp="2019-07-02T23:05:41.285" intervalms="16.644" />
  <attribute name="GC Util" value="239" />
  <attribute name="CPU Util" value="8189638941978" />
  <attribute name="Time Running"value="1836"/>
  <attribute name="Number of cores"value="4"/>
<gc-start id="541" type="global" contextid="540" timestamp="2019-07-02T23:05:41.285">
  <mem-info id="542" free="102992" total="17760256" percent="0">
    <mem type="tenure" free="102992" total="17760256" percent="0">
      <mem type="soa" free="0" total="17583104" percent="0" />
      <mem type="loa" free="102992" total="177152" percent="58" />
    </mem>
  </mem-info>
</gc-start>
<allocation-stats totalBytes="11663144" >
  <allocated-bytes non-tlh="0" tlh="11663144" />
  <largest-consumer threadName="Thread-8" threadId="0000000001354500" bytes="5953576" />
</allocation-stats>
<gc-op id="543" type="mark" timems="1.754" contextid="540" timestamp="2019-07-02T23:05:41.287">
  <trace-info objectcount="66633" scancount="59061" scanbytes="2289764" />
  <finalization candidates="124" enqueued="0" />
  <ownableSynchronizers candidates="3" cleared="0" />
  <references type="soft" candidates="84" cleared="0" enqueued="0" dynamicThreshold="21" maxThreshold="32" />
  <references type="weak" candidates="774" cleared="0" enqueued="0" />
  <references type="phantom" candidates="63" cleared="0" enqueued="0" />
  <stringconstants candidates="4574" cleared="0"  />
</gc-op>
<gc-op id="544" type="sweep" timems="0.726" contextid="540" timestamp="2019-07-02T23:05:41.288" />
<heap-resize id="545" type="contract" space="tenure" amount="131072" count="1" timems="0.090" reason="excess free space following gc" timestamp="2019-07-02T23:05:41.288" />
<gc-end id="546" type="global" contextid="540" durationms="2.955" usertimems="8.000" systemtimems="0.000" timestamp="2019-07-02T23:05:41.288" activeThreads="4">
  <mem-info id="547" free="11582464" total="17629184" percent="65">
    <mem type="tenure" free="11582464" total="17629184" percent="65" micro-fragmented="82898" macro-fragmented="0">
      <mem type="soa" free="11582464" total="17453056" percent="66" />
      <mem type="loa" free="0" total="176128" percent="0" />
    </mem>
  </mem-info>
</gc-end>
<cycle-end id="548" type="global" contextid="540" timestamp="2019-07-02T23:05:41.288">
  <attribute name="GC Util" value="233" />
  <attribute name="CPU Util" value="9982144794013" />
  <attribute name="Time Running"value="1852"/>
  <attribute name="Number of cores"value="4"/>
</cycle-end>
<allocation-satisfied id="549" threadId="0000000001354500" bytesRequested="40" />
<af-end id="550" timestamp="2019-07-02T23:05:41.288" threadId="0000000001354E88" success="true" />
<exclusive-end id="551" timestamp="2019-07-02T23:05:41.288" durationms="3.621" />

<exclusive-start id="552" timestamp="2019-07-02T23:05:41.301" intervalms="16.364">
  <response-info timems="0.021" idlems="0.021" threads="0" lastid="0000000001354500" lastname="Thread-8" />
</exclusive-start>
<af-start id="553" threadId="0000000001354E88" totalBytesRequested="40" timestamp="2019-07-02T23:05:41.301" intervalms="16.293" />
<cycle-start id="554" type="global" contextid="0" timestamp="2019-07-02T23:05:41.301" intervalms="16.237" />
  <attribute name="GC Util" value="233" />
  <attribute name="CPU Util" value="9982144794013" />
  <attribute name="Time Running"value="1852"/>
  <attribute name="Number of cores"value="4"/>
<gc-start id="555" type="global" contextid="554" timestamp="2019-07-02T23:05:41.301">
  <mem-info id="556" free="0" total="17629184" percent="0">
    <mem type="tenure" free="0" total="17629184" percent="0">
      <mem type="soa" free="0" total="17453056" percent="0" />
      <mem type="loa" free="0" total="176128" percent="0" />
    </mem>
  </mem-info>
</gc-start>
<allocation-stats totalBytes="11575088" >
  <allocated-bytes non-tlh="0" tlh="11575088" />
  <largest-consumer threadName="Thread-8" threadId="0000000001354500" bytes="5869536" />
</allocation-stats>
<gc-op id="557" type="mark" timems="2.270" contextid="554" timestamp="2019-07-02T23:05:41.304">
  <trace-info objectcount="71060" scancount="63510" scanbytes="2396004" />
  <finalization candidates="124" enqueued="0" />
  <ownableSynchronizers candidates="3" cleared="0" />
  <references type="soft" candidates="84" cleared="0" enqueued="0" dynamicThreshold="21" maxThreshold="32" />
  <references type="weak" candidates="774" cleared="0" enqueued="0" />
  <references type="phantom" candidates="63" cleared="0" enqueued="0" />
  <stringconstants candidates="4574" cleared="0"  />
</gc-op>
<gc-op id="558" type="sweep" timems="0.769" contextid="554" timestamp="2019-07-02T23:05:41.305" />
<heap-resize id="559" type="contract" space="tenure" amount="65536" count="1" timems="0.051" reason="excess free space following gc" timestamp="2019-07-02T23:05:41.305" />
<gc-end id="560" type="global" contextid="554" durationms="3.537" usertimems="8.000" systemtimems="0.000" timestamp="2019-07-02T23:05:41.305" activeThreads="4">
  <mem-info id="561" free="11185416" total="17563648" percent="63">
    <mem type="tenure" free="11185416" total="17563648" percent="63" micro-fragmented="117640" macro-fragmented="0">
      <mem type="soa" free="11185416" total="17388544" percent="64" />
      <mem type="loa" free="0" total="175104" percent="0" />
    </mem>
  </mem-info>
</gc-end>
<cycle-end id="562" type="global" contextid="554" timestamp="2019-07-02T23:05:41.305">
  <attribute name="GC Util" value="248" />
  <attribute name="CPU Util" value="7815314213196" />
  <attribute name="Time Running"value="1869"/>
  <attribute name="Number of cores"value="4"/>
</cycle-end>
<allocation-satisfied id="563" threadId="0000000001354500" bytesRequested="40" />
<af-end id="564" timestamp="2019-07-02T23:05:41.305" threadId="0000000001354E88" success="true" />
<exclusive-end id="565" timestamp="2019-07-02T23:05:41.305" durationms="3.967" />

<exclusive-start id="566" timestamp="2019-07-02T23:05:41.317" intervalms="16.167">
  <response-info timems="0.021" idlems="0.021" threads="1" lastid="000000000135F900" lastname="Thread-9" />
</exclusive-start>
<af-start id="567" threadId="0000000001354E88" totalBytesRequested="40" timestamp="2019-07-02T23:05:41.317" intervalms="16.163" />
<cycle-start id="568" type="global" contextid="0" timestamp="2019-07-02T23:05:41.317" intervalms="16.178" />
  <attribute name="GC Util" value="248" />
  <attribute name="CPU Util" value="7815314213196" />
  <attribute name="Time Running"value="1869"/>
  <attribute name="Number of cores"value="4"/>
<gc-start id="569" type="global" contextid="568" timestamp="2019-07-02T23:05:41.318">
  <mem-info id="570" free="0" total="17563648" percent="0">
    <mem type="tenure" free="0" total="17563648" percent="0">
      <mem type="soa" free="0" total="17388544" percent="0" />
      <mem type="loa" free="0" total="175104" percent="0" />
    </mem>
  </mem-info>
</gc-start>
<allocation-stats totalBytes="11172224" >
  <allocated-bytes non-tlh="0" tlh="11172224" />
  <largest-consumer threadName="Thread-8" threadId="0000000001354500" bytes="5759256" />
</allocation-stats>
<gc-op id="571" type="mark" timems="1.868" contextid="568" timestamp="2019-07-02T23:05:41.320">
  <trace-info objectcount="69163" scancount="61587" scanbytes="2350492" />
  <finalization candidates="124" enqueued="0" />
  <ownableSynchronizers candidates="3" cleared="0" />
  <references type="soft" candidates="84" cleared="0" enqueued="0" dynamicThreshold="20" maxThreshold="32" />
  <references type="weak" candidates="774" cleared="0" enqueued="0" />
  <references type="phantom" candidates="63" cleared="0" enqueued="0" />
  <stringconstants candidates="4574" cleared="0"  />
</gc-op>
<gc-op id="572" type="sweep" timems="0.776" contextid="568" timestamp="2019-07-02T23:05:41.320" />
<mem-info id="573" free="11296152" total="17563648" percent="64">
  <mem type="tenure" free="11296152" total="17563648" percent="64" micro-fragmented="62166" macro-fragmented="0">
    <mem type="soa" free="11296152" total="17388544" percent="64" />
    <mem type="loa" free="0" total="175104" percent="0" />
  </mem>
</mem-info>
<gc-op id="574" type="compact" timems="9.824" contextid="568" timestamp="2019-07-02T23:05:41.330">
  <compact-info movecount="52749" movebytes="5017104" reason="compact to aid heap contraction" />
</gc-op>
<heap-resize id="575" type="contract" space="tenure" amount="131072" count="1" timems="0.085" reason="excess free space following gc" timestamp="2019-07-02T23:05:41.331" />
<gc-end id="576" type="global" contextid="568" durationms="13.193" usertimems="16.000" systemtimems="4.000" timestamp="2019-07-02T23:05:41.331" activeThreads="4">
  <mem-info id="577" free="11503136" total="17432576" percent="65">
    <mem type="tenure" free="11503136" total="17432576" percent="65">
      <mem type="soa" free="11373088" total="17258496" percent="65" />
      <mem type="loa" free="130048" total="174080" percent="74" />
    </mem>
  </mem-info>
</gc-end>
<cycle-end id="578" type="global" contextid="568" timestamp="2019-07-02T23:05:41.331">
  <attribute name="GC Util" value="159" />
  <attribute name="CPU Util" value="19593388312762" />
  <attribute name="Time Running"value="1885"/>
  <attribute name="Number of cores"value="4"/>
</cycle-end>
<allocation-satisfied id="579" threadId="0000000001354500" bytesRequested="40" />
<af-end id="580" timestamp="2019-07-02T23:05:41.331" threadId="0000000001354E88" success="true" />
<exclusive-end id="581" timestamp="2019-07-02T23:05:41.331" durationms="13.788" />

<exclusive-start id="582" timestamp="2019-07-02T23:05:41.345" intervalms="27.288">
  <response-info timems="0.204" idlems="0.204" threads="0" lastid="000000000135BD00" lastname="Thread-10" />
</exclusive-start>
<af-start id="583" threadId="000000000135C688" totalBytesRequested="40" timestamp="2019-07-02T23:05:41.345" intervalms="27.311" />
<cycle-start id="584" type="global" contextid="0" timestamp="2019-07-02T23:05:41.345" intervalms="27.317" />
  <attribute name="GC Util" value="159" />
  <attribute name="CPU Util" value="19593388312762" />
  <attribute name="Time Running"value="1885"/>
  <attribute name="Number of cores"value="4"/>
<gc-start id="585" type="global" contextid="584" timestamp="2019-07-02T23:05:41.345">
  <mem-info id="586" free="130048" total="17432576" percent="0">
    <mem type="tenure" free="130048" total="17432576" percent="0">
      <mem type="soa" free="0" total="17258496" percent="0" />
      <mem type="loa" free="130048" total="174080" percent="74" />
    </mem>
  </mem-info>
</gc-start>
<allocation-stats totalBytes="11437176" >
  <allocated-bytes non-tlh="0" tlh="11437176" />
  <largest-consumer threadName="Thread-8" threadId="0000000001354500" bytes="6126872" />
</allocation-stats>
<gc-op id="587" type="mark" timems="1.786" contextid="584" timestamp="2019-07-02T23:05:41.347">
  <trace-info objectcount="68536" scancount="60968" scanbytes="2335444" />
  <finalization candidates="124" enqueued="0" />
  <ownableSynchronizers candidates="3" cleared="0" />
  <references type="soft" candidates="84" cleared="0" enqueued="0" dynamicThreshold="21" maxThreshold="32" />
  <references type="weak" candidates="774" cleared="0" enqueued="0" />
  <references type="phantom" candidates="63" cleared="0" enqueued="0" />
  <stringconstants candidates="4574" cleared="0"  />
</gc-op>
<gc-op id="588" type="sweep" timems="0.717" contextid="584" timestamp="2019-07-02T23:05:41.348" />
<heap-resize id="589" type="contract" space="tenure" amount="131072" count="1" timems="0.042" reason="excess free space following gc" timestamp="2019-07-02T23:05:41.348" />
<gc-end id="590" type="global" contextid="584" durationms="2.915" usertimems="4.000" systemtimems="4.000" timestamp="2019-07-02T23:05:41.348" activeThreads="4">
  <mem-info id="591" free="11122120" total="17301504" percent="64">
    <mem type="tenure" free="11122120" total="17301504" percent="64" micro-fragmented="217292" macro-fragmented="0">
      <mem type="soa" free="11122120" total="17129472" percent="64" />
      <mem type="loa" free="0" total="172032" percent="0" />
    </mem>
  </mem-info>
</gc-end>
<cycle-end id="592" type="global" contextid="584" timestamp="2019-07-02T23:05:41.348">
  <attribute name="GC Util" value="237" />
  <attribute name="CPU Util" value="10005062555467" />
  <attribute name="Time Running"value="1912"/>
  <attribute name="Number of cores"value="4"/>
</cycle-end>
<allocation-satisfied id="593" threadId="000000000135BD00" bytesRequested="40" />
<af-end id="594" timestamp="2019-07-02T23:05:41.348" threadId="000000000135C688" success="true" />
<exclusive-end id="595" timestamp="2019-07-02T23:05:41.348" durationms="3.577" />

<exclusive-start id="596" timestamp="2019-07-02T23:05:41.360" intervalms="15.748">
  <response-info timems="0.173" idlems="0.157" threads="2" lastid="0000000001358100" lastname="Thread-7" />
</exclusive-start>
<af-start id="597" threadId="0000000001360288" totalBytesRequested="40" timestamp="2019-07-02T23:05:41.360" intervalms="15.740" />
<cycle-start id="598" type="global" contextid="0" timestamp="2019-07-02T23:05:41.361" intervalms="15.773" />
  <attribute name="GC Util" value="237" />
  <attribute name="CPU Util" value="10005062555467" />
  <attribute name="Time Running"value="1912"/>
  <attribute name="Number of cores"value="4"/>
<gc-start id="599" type="global" contextid="598" timestamp="2019-07-02T23:05:41.361">
  <mem-info id="600" free="0" total="17301504" percent="0">
    <mem type="tenure" free="0" total="17301504" percent="0">
      <mem type="soa" free="0" total="17129472" percent="0" />
      <mem type="loa" free="0" total="172032" percent="0" />
    </mem>
  </mem-info>
</gc-start>
<allocation-stats totalBytes="11133784" >
  <allocated-bytes non-tlh="0" tlh="11133784" />
  <largest-consumer threadName="Thread-8" threadId="0000000001354500" bytes="5796824" />
</allocation-stats>
<gc-op id="601" type="mark" timems="2.084" contextid="598" timestamp="2019-07-02T23:05:41.363">
  <trace-info objectcount="67536" scancount="59963" scanbytes="2311716" />
  <finalization candidates="124" enqueued="0" />
  <ownableSynchronizers candidates="3" cleared="0" />
  <references type="soft" candidates="84" cleared="0" enqueued="0" dynamicThreshold="20" maxThreshold="32" />
  <references type="weak" candidates="774" cleared="0" enqueued="0" />
  <references type="phantom" candidates="63" cleared="0" enqueued="0" />
  <stringconstants candidates="4574" cleared="0"  />
</gc-op>
<gc-op id="602" type="sweep" timems="0.731" contextid="598" timestamp="2019-07-02T23:05:41.364" />
<mem-info id="603" free="11126536" total="17301504" percent="64">
  <mem type="tenure" free="11126536" total="17301504" percent="64" micro-fragmented="274502" macro-fragmented="0">
    <mem type="soa" free="11126536" total="17129472" percent="64" />
    <mem type="loa" free="0" total="172032" percent="0" />
  </mem>
</mem-info>
<gc-op id="604" type="compact" timems="8.653" contextid="598" timestamp="2019-07-02T23:05:41.373">
  <compact-info movecount="47012" movebytes="4809752" reason="compact to aid heap contraction" />
</gc-op>
<heap-resize id="605" type="contract" space="tenure" amount="131072" count="1" timems="0.072" reason="excess free space following gc" timestamp="2019-07-02T23:05:41.373" />
<gc-end id="606" type="global" contextid="598" durationms="12.278" usertimems="16.000" systemtimems="4.000" timestamp="2019-07-02T23:05:41.373" activeThreads="4">
  <mem-info id="607" free="11282840" total="17170432" percent="65">
    <mem type="tenure" free="11282840" total="17170432" percent="65">
      <mem type="soa" free="11152792" total="16999424" percent="65" />
      <mem type="loa" free="130048" total="171008" percent="76" />
    </mem>
  </mem-info>
</gc-end>
<cycle-end id="608" type="global" contextid="598" timestamp="2019-07-02T23:05:41.373">
  <attribute name="GC Util" value="162" />
  <attribute name="CPU Util" value="20295055317030" />
  <attribute name="Time Running"value="1929"/>
  <attribute name="Number of cores"value="4"/>
</cycle-end>
<allocation-satisfied id="609" threadId="000000000135F900" bytesRequested="40" />
<af-end id="610" timestamp="2019-07-02T23:05:41.373" threadId="0000000001360288" success="true" />
<exclusive-end id="611" timestamp="2019-07-02T23:05:41.373" durationms="12.954" />

<exclusive-start id="612" timestamp="2019-07-02T23:05:41.382" intervalms="21.832">
  <response-info timems="0.023" idlems="0.023" threads="0" lastid="000000000135F900" lastname="Thread-9" />
</exclusive-start>
<af-start id="613" threadId="0000000001360288" totalBytesRequested="40" timestamp="2019-07-02T23:05:41.382" intervalms="21.892" />
<cycle-start id="614" type="global" contextid="0" timestamp="2019-07-02T23:05:41.382" intervalms="21.871" />
  <attribute name="GC Util" value="162" />
  <attribute name="CPU Util" value="20295055317030" />
  <attribute name="Time Running"value="1929"/>
  <attribute name="Number of cores"value="4"/>
<gc-start id="615" type="global" contextid="614" timestamp="2019-07-02T23:05:41.383">
  <mem-info id="616" free="130048" total="17170432" percent="0">
    <mem type="tenure" free="130048" total="17170432" percent="0">
      <mem type="soa" free="0" total="16999424" percent="0" />
      <mem type="loa" free="130048" total="171008" percent="76" />
    </mem>
  </mem-info>
</gc-start>
<allocation-stats totalBytes="11216912" >
  <allocated-bytes non-tlh="0" tlh="11216912" />
  <largest-consumer threadName="Thread-10" threadId="000000000135BD00" bytes="3849736" />
</allocation-stats>
<gc-op id="617" type="mark" timems="1.720" contextid="614" timestamp="2019-07-02T23:05:41.385">
  <trace-info objectcount="66875" scancount="59306" scanbytes="2295580" />
  <finalization candidates="124" enqueued="0" />
  <ownableSynchronizers candidates="3" cleared="0" />
  <references type="soft" candidates="84" cleared="0" enqueued="0" dynamicThreshold="21" maxThreshold="32" />
  <references type="weak" candidates="774" cleared="0" enqueued="0" />
  <references type="phantom" candidates="63" cleared="0" enqueued="0" />
  <stringconstants candidates="4574" cleared="0"  />
</gc-op>
<gc-op id="618" type="sweep" timems="0.755" contextid="614" timestamp="2019-07-02T23:05:41.385" />
<heap-resize id="619" type="contract" space="tenure" amount="131072" count="1" timems="0.078" reason="excess free space following gc" timestamp="2019-07-02T23:05:41.386" />
<gc-end id="620" type="global" contextid="614" durationms="3.134" usertimems="0.000" systemtimems="4.000" timestamp="2019-07-02T23:05:41.386" activeThreads="4">
  <mem-info id="621" free="10905520" total="17039360" percent="64">
    <mem type="tenure" free="10905520" total="17039360" percent="64" micro-fragmented="126587" macro-fragmented="0">
      <mem type="soa" free="10822400" total="16869376" percent="64" />
      <mem type="loa" free="83120" total="169984" percent="48" />
    </mem>
  </mem-info>
</gc-end>
<cycle-end id="622" type="global" contextid="614" timestamp="2019-07-02T23:05:41.386">
  <attribute name="GC Util" value="214" />
  <attribute name="CPU Util" value="10136999510686" />
  <attribute name="Time Running"value="1949"/>
  <attribute name="Number of cores"value="4"/>
</cycle-end>
<allocation-satisfied id="623" threadId="000000000135F900" bytesRequested="40" />
<af-end id="624" timestamp="2019-07-02T23:05:41.386" threadId="0000000001360288" success="true" />
<exclusive-end id="625" timestamp="2019-07-02T23:05:41.386" durationms="3.956" />

<exclusive-start id="626" timestamp="2019-07-02T23:05:41.392" intervalms="9.845">
  <response-info timems="0.028" idlems="0.028" threads="0" lastid="000000000135F900" lastname="Thread-9" />
</exclusive-start>
<af-start id="627" threadId="0000000001360288" totalBytesRequested="40" timestamp="2019-07-02T23:05:41.392" intervalms="9.786" />
<cycle-start id="628" type="global" contextid="0" timestamp="2019-07-02T23:05:41.392" intervalms="9.733" />
  <attribute name="GC Util" value="214" />
  <attribute name="CPU Util" value="10136999510686" />
  <attribute name="Time Running"value="1949"/>
  <attribute name="Number of cores"value="4"/>
<gc-start id="629" type="global" contextid="628" timestamp="2019-07-02T23:05:41.392">
  <mem-info id="630" free="83120" total="17039360" percent="0">
    <mem type="tenure" free="83120" total="17039360" percent="0">
      <mem type="soa" free="0" total="16869376" percent="0" />
      <mem type="loa" free="83120" total="169984" percent="48" />
    </mem>
  </mem-info>
</gc-start>
<allocation-stats totalBytes="10881992" >
  <allocated-bytes non-tlh="0" tlh="10881992" />
  <largest-consumer threadName="Thread-8" threadId="0000000001354500" bytes="2850568" />
</allocation-stats>
<gc-op id="631" type="mark" timems="2.274" contextid="628" timestamp="2019-07-02T23:05:41.395">
  <trace-info objectcount="71129" scancount="63550" scanbytes="2397676" />
  <finalization candidates="124" enqueued="0" />
  <ownableSynchronizers candidates="3" cleared="0" />
  <references type="soft" candidates="84" cleared="0" enqueued="0" dynamicThreshold="20" maxThreshold="32" />
  <references type="weak" candidates="774" cleared="0" enqueued="0" />
  <references type="phantom" candidates="63" cleared="0" enqueued="0" />
  <stringconstants candidates="4574" cleared="0"  />
</gc-op>
<gc-op id="632" type="sweep" timems="0.757" contextid="628" timestamp="2019-07-02T23:05:41.395" />
<heap-resize id="633" type="contract" space="tenure" amount="65536" count="1" timems="0.088" reason="excess free space following gc" timestamp="2019-07-02T23:05:41.396" />
<gc-end id="634" type="global" contextid="628" durationms="3.519" usertimems="8.000" systemtimems="0.000" timestamp="2019-07-02T23:05:41.396" activeThreads="4">
  <mem-info id="635" free="10505984" total="16973824" percent="61">
    <mem type="tenure" free="10505984" total="16973824" percent="61" micro-fragmented="181004" macro-fragmented="0">
      <mem type="soa" free="10505984" total="16804864" percent="62" />
      <mem type="loa" free="0" total="168960" percent="0" />
    </mem>
  </mem-info>
</gc-end>
<cycle-end id="636" type="global" contextid="628" timestamp="2019-07-02T23:05:41.396">
  <attribute name="GC Util" value="255" />
  <attribute name="CPU Util" value="7899478644202" />
  <attribute name="Time Running"value="1959"/>
  <attribute name="Number of cores"value="4"/>
</cycle-end>
<allocation-satisfied id="637" threadId="000000000135F900" bytesRequested="40" />
<af-end id="638" timestamp="2019-07-02T23:05:41.396" threadId="0000000001360288" success="true" />
<exclusive-end id="639" timestamp="2019-07-02T23:05:41.396" durationms="4.071" />

<exclusive-start id="640" timestamp="2019-07-02T23:05:41.402" intervalms="9.687">
  <response-info timems="0.033" idlems="0.033" threads="0" lastid="0000000001358100" lastname="Thread-7" />
</exclusive-start>
<af-start id="641" threadId="0000000001358A88" totalBytesRequested="40" timestamp="2019-07-02T23:05:41.402" intervalms="9.704" />
<cycle-start id="642" type="global" contextid="0" timestamp="2019-07-02T23:05:41.402" intervalms="9.715" />
  <attribute name="GC Util" value="255" />
  <attribute name="CPU Util" value="7899478644202" />
  <attribute name="Time Running"value="1959"/>
  <attribute name="Number of cores"value="4"/>
<gc-start id="643" type="global" contextid="642" timestamp="2019-07-02T23:05:41.402">
  <mem-info id="644" free="0" total="16973824" percent="0">
    <mem type="tenure" free="0" total="16973824" percent="0">
      <mem type="soa" free="0" total="16804864" percent="0" />
      <mem type="loa" free="0" total="168960" percent="0" />
    </mem>
  </mem-info>
</gc-start>
<allocation-stats totalBytes="10507368" >
  <allocated-bytes non-tlh="0" tlh="10507368" />
  <largest-consumer threadName="Thread-9" threadId="000000000135F900" bytes="2997880" />
</allocation-stats>
<gc-op id="645" type="mark" timems="1.085" contextid="642" timestamp="2019-07-02T23:05:41.403">
  <trace-info objectcount="70664" scancount="63092" scanbytes="2386548" />
  <finalization candidates="124" enqueued="0" />
  <ownableSynchronizers candidates="3" cleared="0" />
  <references type="soft" candidates="84" cleared="0" enqueued="0" dynamicThreshold="19" maxThreshold="32" />
  <references type="weak" candidates="774" cleared="0" enqueued="0" />
  <references type="phantom" candidates="63" cleared="0" enqueued="0" />
  <stringconstants candidates="4574" cleared="0"  />
</gc-op>
<gc-op id="646" type="sweep" timems="0.301" contextid="642" timestamp="2019-07-02T23:05:41.403" />
<heap-resize id="647" type="contract" space="tenure" amount="131072" count="1" timems="0.058" reason="excess free space following gc" timestamp="2019-07-02T23:05:41.404" />
<gc-end id="648" type="global" contextid="642" durationms="1.812" usertimems="4.000" systemtimems="0.000" timestamp="2019-07-02T23:05:41.404" activeThreads="4">
  <mem-info id="649" free="10340488" total="16842752" percent="61">
    <mem type="tenure" free="10340488" total="16842752" percent="61" micro-fragmented="171347" macro-fragmented="0">
      <mem type="soa" free="10340488" total="16674816" percent="62" />
      <mem type="loa" free="0" total="167936" percent="0" />
    </mem>
  </mem-info>
</gc-end>
<cycle-end id="650" type="global" contextid="642" timestamp="2019-07-02T23:05:41.404">
  <attribute name="GC Util" value="226" />
  <attribute name="CPU Util" value="16057472426574" />
  <attribute name="Time Running"value="1968"/>
  <attribute name="Number of cores"value="4"/>
</cycle-end>
<allocation-satisfied id="651" threadId="0000000001358100" bytesRequested="40" />
<af-end id="652" timestamp="2019-07-02T23:05:41.404" threadId="0000000001358A88" success="true" />
<exclusive-end id="653" timestamp="2019-07-02T23:05:41.404" durationms="2.329" />

<exclusive-start id="654" timestamp="2019-07-02T23:05:41.409" intervalms="7.666">
  <response-info timems="0.025" idlems="0.025" threads="2" lastid="000000000135BD00" lastname="Thread-10" />
</exclusive-start>
<af-start id="655" threadId="0000000001358A88" totalBytesRequested="40" timestamp="2019-07-02T23:05:41.409" intervalms="7.666" />
<cycle-start id="656" type="global" contextid="0" timestamp="2019-07-02T23:05:41.410" intervalms="7.663" />
  <attribute name="GC Util" value="226" />
  <attribute name="CPU Util" value="16057472426574" />
  <attribute name="Time Running"value="1968"/>
  <attribute name="Number of cores"value="4"/>
<gc-start id="657" type="global" contextid="656" timestamp="2019-07-02T23:05:41.410">
  <mem-info id="658" free="0" total="16842752" percent="0">
    <mem type="tenure" free="0" total="16842752" percent="0">
      <mem type="soa" free="0" total="16674816" percent="0" />
      <mem type="loa" free="0" total="167936" percent="0" />
    </mem>
  </mem-info>
</gc-start>
<allocation-stats totalBytes="10338440" >
  <allocated-bytes non-tlh="19056" tlh="10319384" />
  <largest-consumer threadName="Thread-8" threadId="0000000001354500" bytes="2741160" />
</allocation-stats>
<gc-op id="659" type="mark" timems="1.053" contextid="656" timestamp="2019-07-02T23:05:41.411">
  <trace-info objectcount="66112" scancount="58536" scanbytes="2277508" />
  <finalization candidates="124" enqueued="0" />
  <ownableSynchronizers candidates="3" cleared="0" />
  <references type="soft" candidates="84" cleared="0" enqueued="0" dynamicThreshold="19" maxThreshold="32" />
  <references type="weak" candidates="774" cleared="0" enqueued="0" />
  <references type="phantom" candidates="63" cleared="0" enqueued="0" />
  <stringconstants candidates="4574" cleared="0"  />
</gc-op>
<gc-op id="660" type="sweep" timems="0.280" contextid="656" timestamp="2019-07-02T23:05:41.411" />
<mem-info id="661" free="10729760" total="16842752" percent="63">
  <mem type="tenure" free="10729760" total="16842752" percent="63" micro-fragmented="98826" macro-fragmented="0">
    <mem type="soa" free="10654968" total="16674816" percent="63" />
    <mem type="loa" free="74792" total="167936" percent="44" />
  </mem>
</mem-info>
<gc-op id="662" type="compact" timems="3.992" contextid="656" timestamp="2019-07-02T23:05:41.415">
  <compact-info movecount="26152" movebytes="1177920" reason="compact to aid heap contraction" />
</gc-op>
<heap-resize id="663" type="contract" space="tenure" amount="131072" count="1" timems="0.081" reason="excess free space following gc" timestamp="2019-07-02T23:05:41.415" />
<gc-end id="664" type="global" contextid="656" durationms="5.917" usertimems="8.000" systemtimems="0.000" timestamp="2019-07-02T23:05:41.415" activeThreads="4">
  <mem-info id="665" free="10862392" total="16711680" percent="64">
    <mem type="tenure" free="10862392" total="16711680" percent="64">
      <mem type="soa" free="10732344" total="16544768" percent="64" />
      <mem type="loa" free="130048" total="166912" percent="77" />
    </mem>
  </mem-info>
</gc-end>
<cycle-end id="666" type="global" contextid="656" timestamp="2019-07-02T23:05:41.416">
  <attribute name="GC Util" value="23" />
  <attribute name="CPU Util" value="47245435428476" />
  <attribute name="Time Running"value="1976"/>
  <attribute name="Number of cores"value="4"/>
</cycle-end>
<allocation-satisfied id="667" threadId="0000000001358100" bytesRequested="40" />
<af-end id="668" timestamp="2019-07-02T23:05:41.416" threadId="0000000001358A88" success="true" />
<exclusive-end id="669" timestamp="2019-07-02T23:05:41.416" durationms="6.583" />

<exclusive-start id="670" timestamp="2019-07-02T23:05:41.422" intervalms="12.464">
  <response-info timems="0.023" idlems="0.023" threads="0" lastid="000000000135BD00" lastname="Thread-10" />
</exclusive-start>
<af-start id="671" threadId="000000000135C688" totalBytesRequested="40" timestamp="2019-07-02T23:05:41.422" intervalms="12.458" />
<cycle-start id="672" type="global" contextid="0" timestamp="2019-07-02T23:05:41.422" intervalms="12.455" />
  <attribute name="GC Util" value="23" />
  <attribute name="CPU Util" value="47245435428476" />
  <attribute name="Time Running"value="1976"/>
  <attribute name="Number of cores"value="4"/>
<gc-start id="673" type="global" contextid="672" timestamp="2019-07-02T23:05:41.422">
  <mem-info id="674" free="130048" total="16711680" percent="0">
    <mem type="tenure" free="130048" total="16711680" percent="0">
      <mem type="soa" free="0" total="16544768" percent="0" />
      <mem type="loa" free="130048" total="166912" percent="77" />
    </mem>
  </mem-info>
</gc-start>
<allocation-stats totalBytes="10796208" >
  <allocated-bytes non-tlh="0" tlh="10796208" />
  <largest-consumer threadName="Thread-9" threadId="000000000135F900" bytes="2900280" />
</allocation-stats>
<gc-op id="675" type="mark" timems="2.007" contextid="672" timestamp="2019-07-02T23:05:41.424">
  <trace-info objectcount="66404" scancount="58830" scanbytes="2284548" />
  <finalization candidates="124" enqueued="0" />
  <ownableSynchronizers candidates="3" cleared="0" />
  <references type="soft" candidates="84" cleared="0" enqueued="0" dynamicThreshold="20" maxThreshold="32" />
  <references type="weak" candidates="774" cleared="0" enqueued="0" />
  <references type="phantom" candidates="63" cleared="0" enqueued="0" />
  <stringconstants candidates="4574" cleared="0"  />
</gc-op>
<gc-op id="676" type="sweep" timems="0.556" contextid="672" timestamp="2019-07-02T23:05:41.425" />
<heap-resize id="677" type="contract" space="tenure" amount="131072" count="1" timems="0.043" reason="excess free space following gc" timestamp="2019-07-02T23:05:41.425" />
<gc-end id="678" type="global" contextid="672" durationms="2.935" usertimems="8.000" systemtimems="0.000" timestamp="2019-07-02T23:05:41.425" activeThreads="4">
  <mem-info id="679" free="10572040" total="16580608" percent="63">
    <mem type="tenure" free="10572040" total="16580608" percent="63" micro-fragmented="69430" macro-fragmented="0">
      <mem type="soa" free="10489648" total="16415744" percent="63" />
      <mem type="loa" free="82392" total="164864" percent="49" />
    </mem>
  </mem-info>
</gc-end>
<cycle-end id="680" type="global" contextid="672" timestamp="2019-07-02T23:05:41.425">
  <attribute name="GC Util" value="257" />
  <attribute name="CPU Util" value="8954382370936" />
  <attribute name="Time Running"value="1989"/>
  <attribute name="Number of cores"value="4"/>
</cycle-end>
<allocation-satisfied id="681" threadId="000000000135BD00" bytesRequested="40" />
<af-end id="682" timestamp="2019-07-02T23:05:41.425" threadId="000000000135C688" success="true" />
<exclusive-end id="683" timestamp="2019-07-02T23:05:41.425" durationms="3.540" />

<exclusive-start id="684" timestamp="2019-07-02T23:05:41.431" intervalms="9.516">
  <response-info timems="0.023" idlems="0.023" threads="0" lastid="0000000001358100" lastname="Thread-7" />
</exclusive-start>
<af-start id="685" threadId="0000000001358A88" totalBytesRequested="40" timestamp="2019-07-02T23:05:41.431" intervalms="9.518" />
<cycle-start id="686" type="global" contextid="0" timestamp="2019-07-02T23:05:41.431" intervalms="9.521" />
  <attribute name="GC Util" value="257" />
  <attribute name="CPU Util" value="8954382370936" />
  <attribute name="Time Running"value="1989"/>
  <attribute name="Number of cores"value="4"/>
<gc-start id="687" type="global" contextid="686" timestamp="2019-07-02T23:05:41.432">
  <mem-info id="688" free="82392" total="16580608" percent="0">
    <mem type="tenure" free="82392" total="16580608" percent="0">
      <mem type="soa" free="0" total="16415744" percent="0" />
      <mem type="loa" free="82392" total="164864" percent="49" />
    </mem>
  </mem-info>
</gc-start>
<allocation-stats totalBytes="10484424" >
  <allocated-bytes non-tlh="0" tlh="10484424" />
  <largest-consumer threadName="Thread-7" threadId="0000000001358100" bytes="2782248" />
</allocation-stats>
<gc-op id="689" type="mark" timems="1.012" contextid="686" timestamp="2019-07-02T23:05:41.433">
  <trace-info objectcount="70080" scancount="62506" scanbytes="2372684" />
  <finalization candidates="124" enqueued="0" />
  <ownableSynchronizers candidates="3" cleared="0" />
  <references type="soft" candidates="84" cleared="0" enqueued="0" dynamicThreshold="20" maxThreshold="32" />
  <references type="weak" candidates="774" cleared="0" enqueued="0" />
  <references type="phantom" candidates="63" cleared="0" enqueued="0" />
  <stringconstants candidates="4574" cleared="0"  />
</gc-op>
<gc-op id="690" type="sweep" timems="0.288" contextid="686" timestamp="2019-07-02T23:05:41.433" />
<mem-info id="691" free="10322072" total="16580608" percent="62">
  <mem type="tenure" free="10322072" total="16580608" percent="62" micro-fragmented="125716" macro-fragmented="0">
    <mem type="soa" free="10239680" total="16415744" percent="62" />
    <mem type="loa" free="82392" total="164864" percent="49" />
  </mem>
</mem-info>
<gc-op id="692" type="compact" timems="3.967" contextid="686" timestamp="2019-07-02T23:05:41.437">
  <compact-info movecount="24647" movebytes="1004368" reason="compact to aid heap contraction" />
</gc-op>
<heap-resize id="693" type="contract" space="tenure" amount="131072" count="1" timems="0.075" reason="excess free space following gc" timestamp="2019-07-02T23:05:41.437" />
<gc-end id="694" type="global" contextid="686" durationms="5.839" usertimems="8.000" systemtimems="0.000" timestamp="2019-07-02T23:05:41.437" activeThreads="4">
  <mem-info id="695" free="10508144" total="16449536" percent="63">
    <mem type="tenure" free="10508144" total="16449536" percent="63">
      <mem type="soa" free="10378096" total="16285696" percent="63" />
      <mem type="loa" free="130048" total="163840" percent="79" />
    </mem>
  </mem-info>
</gc-end>
<cycle-end id="696" type="global" contextid="686" timestamp="2019-07-02T23:05:41.437">
  <attribute name="GC Util" value="23" />
  <attribute name="CPU Util" value="45360585720343" />
  <attribute name="Time Running"value="1998"/>
  <attribute name="Number of cores"value="4"/>
</cycle-end>
<allocation-satisfied id="697" threadId="0000000001358100" bytesRequested="40" />
<af-end id="698" timestamp="2019-07-02T23:05:41.438" threadId="0000000001358A88" success="true" />
<exclusive-end id="699" timestamp="2019-07-02T23:05:41.438" durationms="6.285" />

<exclusive-start id="700" timestamp="2019-07-02T23:05:41.445" intervalms="13.443">
  <response-info timems="0.036" idlems="0.036" threads="0" lastid="000000000135BD00" lastname="Thread-10" />
</exclusive-start>
<af-start id="701" threadId="000000000135C688" totalBytesRequested="24" timestamp="2019-07-02T23:05:41.445" intervalms="13.456" />
<cycle-start id="702" type="global" contextid="0" timestamp="2019-07-02T23:05:41.445" intervalms="13.453" />
  <attribute name="GC Util" value="23" />
  <attribute name="CPU Util" value="45360585720343" />
  <attribute name="Time Running"value="1998"/>
  <attribute name="Number of cores"value="4"/>
<gc-start id="703" type="global" contextid="702" timestamp="2019-07-02T23:05:41.445">
  <mem-info id="704" free="130048" total="16449536" percent="0">
    <mem type="tenure" free="130048" total="16449536" percent="0">
      <mem type="soa" free="0" total="16285696" percent="0" />
      <mem type="loa" free="130048" total="163840" percent="79" />
    </mem>
  </mem-info>
</gc-start>
<allocation-stats totalBytes="10442176" >
  <allocated-bytes non-tlh="0" tlh="10442176" />
  <largest-consumer threadName="Thread-10" threadId="000000000135BD00" bytes="3112560" />
</allocation-stats>
<gc-op id="705" type="mark" timems="2.206" contextid="702" timestamp="2019-07-02T23:05:41.447">
  <trace-info objectcount="75166" scancount="67592" scanbytes="2494540" />
  <finalization candidates="124" enqueued="0" />
  <ownableSynchronizers candidates="3" cleared="0" />
  <references type="soft" candidates="84" cleared="0" enqueued="0" dynamicThreshold="20" maxThreshold="32" />
  <references type="weak" candidates="774" cleared="0" enqueued="0" />
  <references type="phantom" candidates="63" cleared="0" enqueued="0" />
  <stringconstants candidates="4574" cleared="0"  />
</gc-op>
<gc-op id="706" type="sweep" timems="0.742" contextid="702" timestamp="2019-07-02T23:05:41.448" />
<heap-resize id="707" type="contract" space="tenure" amount="131072" count="1" timems="0.092" reason="excess free space following gc" timestamp="2019-07-02T23:05:41.448" />
<gc-end id="708" type="global" contextid="702" durationms="3.531" usertimems="4.000" systemtimems="4.000" timestamp="2019-07-02T23:05:41.449" activeThreads="4">
  <mem-info id="709" free="10014648" total="16318464" percent="61">
    <mem type="tenure" free="10014648" total="16318464" percent="61" micro-fragmented="74904" macro-fragmented="0">
      <mem type="soa" free="10014648" total="16155648" percent="61" />
      <mem type="loa" free="0" total="162816" percent="0" />
    </mem>
  </mem-info>
</gc-end>
<cycle-end id="710" type="global" contextid="702" timestamp="2019-07-02T23:05:41.449">
  <attribute name="GC Util" value="252" />
  <attribute name="CPU Util" value="8049055119849" />
  <attribute name="Time Running"value="2012"/>
  <attribute name="Number of cores"value="4"/>
</cycle-end>
<allocation-satisfied id="711" threadId="000000000135BD00" bytesRequested="24" />
<af-end id="712" timestamp="2019-07-02T23:05:41.449" threadId="000000000135C688" success="true" />
<exclusive-end id="713" timestamp="2019-07-02T23:05:41.449" durationms="4.181" />

<exclusive-start id="714" timestamp="2019-07-02T23:05:41.455" intervalms="10.170">
  <response-info timems="0.028" idlems="0.025" threads="1" lastid="0000000001358100" lastname="Thread-7" />
</exclusive-start>
<af-start id="715" threadId="0000000001360288" totalBytesRequested="40" timestamp="2019-07-02T23:05:41.455" intervalms="10.184" />
<cycle-start id="716" type="global" contextid="0" timestamp="2019-07-02T23:05:41.455" intervalms="10.184" />
  <attribute name="GC Util" value="252" />
  <attribute name="CPU Util" value="8049055119849" />
  <attribute name="Time Running"value="2012"/>
  <attribute name="Number of cores"value="4"/>
<gc-start id="717" type="global" contextid="716" timestamp="2019-07-02T23:05:41.455">
  <mem-info id="718" free="0" total="16318464" percent="0">
    <mem type="tenure" free="0" total="16318464" percent="0">
      <mem type="soa" free="0" total="16155648" percent="0" />
      <mem type="loa" free="0" total="162816" percent="0" />
    </mem>
  </mem-info>
</gc-start>
<allocation-stats totalBytes="10010128" >
  <allocated-bytes non-tlh="19056" tlh="9991072" />
  <largest-consumer threadName="Thread-8" threadId="0000000001354500" bytes="2762448" />
</allocation-stats>
<gc-op id="719" type="mark" timems="2.254" contextid="716" timestamp="2019-07-02T23:05:41.458">
  <trace-info objectcount="62385" scancount="54828" scanbytes="2188548" />
  <finalization candidates="124" enqueued="0" />
  <ownableSynchronizers candidates="3" cleared="0" />
  <references type="soft" candidates="84" cleared="0" enqueued="0" dynamicThreshold="19" maxThreshold="32" />
  <references type="weak" candidates="774" cleared="0" enqueued="0" />
  <references type="phantom" candidates="63" cleared="0" enqueued="0" />
  <stringconstants candidates="4574" cleared="0"  />
</gc-op>
<gc-op id="720" type="sweep" timems="0.745" contextid="716" timestamp="2019-07-02T23:05:41.458" />
<heap-resize id="721" type="contract" space="tenure" amount="131072" count="1" timems="0.083" reason="excess free space following gc" timestamp="2019-07-02T23:05:41.459" />
<gc-end id="722" type="global" contextid="716" durationms="3.485" usertimems="8.000" systemtimems="0.000" timestamp="2019-07-02T23:05:41.459" activeThreads="4">
  <mem-info id="723" free="10346744" total="16187392" percent="63">
    <mem type="tenure" free="10346744" total="16187392" percent="63" micro-fragmented="0" macro-fragmented="0">
      <mem type="soa" free="10346744" total="16025600" percent="64" />
      <mem type="loa" free="0" total="161792" percent="0" />
    </mem>
  </mem-info>
</gc-end>
<cycle-end id="724" type="global" contextid="716" timestamp="2019-07-02T23:05:41.459">
  <attribute name="GC Util" value="256" />
  <attribute name="CPU Util" value="7956302927835" />
  <attribute name="Time Running"value="2022"/>
  <attribute name="Number of cores"value="4"/>
</cycle-end>
<allocation-satisfied id="725" threadId="000000000135F900" bytesRequested="40" />
<af-end id="726" timestamp="2019-07-02T23:05:41.459" threadId="0000000001360288" success="true" />
<exclusive-end id="727" timestamp="2019-07-02T23:05:41.459" durationms="4.168" />

<exclusive-start id="728" timestamp="2019-07-02T23:05:41.465" intervalms="10.206">
  <response-info timems="0.031" idlems="0.031" threads="0" lastid="000000000135BD00" lastname="Thread-10" />
</exclusive-start>
<af-start id="729" threadId="000000000135C688" totalBytesRequested="24" timestamp="2019-07-02T23:05:41.465" intervalms="10.173" />
<cycle-start id="730" type="global" contextid="0" timestamp="2019-07-02T23:05:41.465" intervalms="10.208" />
  <attribute name="GC Util" value="256" />
  <attribute name="CPU Util" value="7956302927835" />
  <attribute name="Time Running"value="2022"/>
  <attribute name="Number of cores"value="4"/>
<gc-start id="731" type="global" contextid="730" timestamp="2019-07-02T23:05:41.465">
  <mem-info id="732" free="0" total="16187392" percent="0">
    <mem type="tenure" free="0" total="16187392" percent="0">
      <mem type="soa" free="0" total="16025600" percent="0" />
      <mem type="loa" free="0" total="161792" percent="0" />
    </mem>
  </mem-info>
</gc-start>
<allocation-stats totalBytes="10336840" >
  <allocated-bytes non-tlh="0" tlh="10336840" />
  <largest-consumer threadName="Thread-7" threadId="0000000001358100" bytes="2741192" />
</allocation-stats>
<gc-op id="733" type="mark" timems="1.850" contextid="730" timestamp="2019-07-02T23:05:41.467">
  <trace-info objectcount="65897" scancount="58313" scanbytes="2273148" />
  <finalization candidates="124" enqueued="0" />
  <ownableSynchronizers candidates="3" cleared="0" />
  <references type="soft" candidates="84" cleared="0" enqueued="0" dynamicThreshold="20" maxThreshold="32" />
  <references type="weak" candidates="774" cleared="0" enqueued="0" />
  <references type="phantom" candidates="63" cleared="0" enqueued="0" />
  <stringconstants candidates="4574" cleared="0"  />
</gc-op>
<gc-op id="734" type="sweep" timems="0.772" contextid="730" timestamp="2019-07-02T23:05:41.468" />
<mem-info id="735" free="10201464" total="16187392" percent="63">
  <mem type="tenure" free="10201464" total="16187392" percent="63" micro-fragmented="32268" macro-fragmented="0">
    <mem type="soa" free="10201464" total="16025600" percent="63" />
    <mem type="loa" free="0" total="161792" percent="0" />
  </mem>
</mem-info>
<gc-op id="736" type="compact" timems="6.696" contextid="730" timestamp="2019-07-02T23:05:41.475">
  <compact-info movecount="37151" movebytes="2368984" reason="compact to aid heap contraction" />
</gc-op>
<heap-resize id="737" type="contract" space="tenure" amount="131072" count="1" timems="0.081" reason="excess free space following gc" timestamp="2019-07-02T23:05:41.475" />
<gc-end id="738" type="global" contextid="730" durationms="10.073" usertimems="12.000" systemtimems="4.000" timestamp="2019-07-02T23:05:41.475" activeThreads="4">
  <mem-info id="739" free="10217536" total="16056320" percent="63">
    <mem type="tenure" free="10217536" total="16056320" percent="63">
      <mem type="soa" free="10088512" total="15896576" percent="63" />
      <mem type="loa" free="129024" total="159744" percent="80" />
    </mem>
  </mem-info>
</gc-end>
<cycle-end id="740" type="global" contextid="730" timestamp="2019-07-02T23:05:41.476">
  <attribute name="GC Util" value="150" />
  <attribute name="CPU Util" value="18700585782867" />
  <attribute name="Time Running"value="2033"/>
  <attribute name="Number of cores"value="4"/>
</cycle-end>
<allocation-satisfied id="741" threadId="000000000135BD00" bytesRequested="24" />
<af-end id="742" timestamp="2019-07-02T23:05:41.476" threadId="000000000135C688" success="true" />
<exclusive-end id="743" timestamp="2019-07-02T23:05:41.476" durationms="10.783" />

<exclusive-start id="744" timestamp="2019-07-02T23:05:41.482" intervalms="16.500">
  <response-info timems="0.034" idlems="0.034" threads="0" lastid="000000000135F900" lastname="Thread-9" />
</exclusive-start>
<af-start id="745" threadId="0000000001360288" totalBytesRequested="40" timestamp="2019-07-02T23:05:41.482" intervalms="16.530" />
<cycle-start id="746" type="global" contextid="0" timestamp="2019-07-02T23:05:41.482" intervalms="16.542" />
  <attribute name="GC Util" value="150" />
  <attribute name="CPU Util" value="18700585782867" />
  <attribute name="Time Running"value="2033"/>
  <attribute name="Number of cores"value="4"/>
<gc-start id="747" type="global" contextid="746" timestamp="2019-07-02T23:05:41.482">
  <mem-info id="748" free="129024" total="16056320" percent="0">
    <mem type="tenure" free="129024" total="16056320" percent="0">
      <mem type="soa" free="0" total="15896576" percent="0" />
      <mem type="loa" free="129024" total="159744" percent="80" />
    </mem>
  </mem-info>
</gc-start>
<allocation-stats totalBytes="10152496" >
  <allocated-bytes non-tlh="0" tlh="10152496" />
  <largest-consumer threadName="Thread-7" threadId="0000000001358100" bytes="2719352" />
</allocation-stats>
<gc-op id="749" type="mark" timems="2.027" contextid="746" timestamp="2019-07-02T23:05:41.484">
  <trace-info objectcount="69379" scancount="61808" scanbytes="2356444" />
  <finalization candidates="124" enqueued="0" />
  <ownableSynchronizers candidates="3" cleared="0" />
  <references type="soft" candidates="84" cleared="0" enqueued="0" dynamicThreshold="20" maxThreshold="32" />
  <references type="weak" candidates="774" cleared="0" enqueued="0" />
  <references type="phantom" candidates="63" cleared="0" enqueued="0" />
  <stringconstants candidates="4574" cleared="0"  />
</gc-op>
<gc-op id="750" type="sweep" timems="0.767" contextid="746" timestamp="2019-07-02T23:05:41.485" />
<heap-resize id="751" type="contract" space="tenure" amount="131072" count="1" timems="0.089" reason="excess free space following gc" timestamp="2019-07-02T23:05:41.485" />
<gc-end id="752" type="global" contextid="746" durationms="3.361" usertimems="4.000" systemtimems="4.000" timestamp="2019-07-02T23:05:41.485" activeThreads="4">
  <mem-info id="753" free="9982080" total="15925248" percent="62">
    <mem type="tenure" free="9982080" total="15925248" percent="62" micro-fragmented="11016" macro-fragmented="0">
      <mem type="soa" free="9913536" total="15766528" percent="62" />
      <mem type="loa" free="68544" total="158720" percent="43" />
    </mem>
  </mem-info>
</gc-end>
<cycle-end id="754" type="global" contextid="746" timestamp="2019-07-02T23:05:41.485">
  <attribute name="GC Util" value="242" />
  <attribute name="CPU Util" value="8570887491973" />
  <attribute name="Time Running"value="2049"/>
  <attribute name="Number of cores"value="4"/>
</cycle-end>
<allocation-satisfied id="755" threadId="000000000135F900" bytesRequested="40" />
<af-end id="756" timestamp="2019-07-02T23:05:41.486" threadId="0000000001360288" success="true" />
<exclusive-end id="757" timestamp="2019-07-02T23:05:41.486" durationms="4.199" />

<exclusive-start id="758" timestamp="2019-07-02T23:05:41.493" intervalms="10.857">
  <response-info timems="0.027" idlems="0.026" threads="1" lastid="000000000135F900" lastname="Thread-9" />
</exclusive-start>
<af-start id="759" threadId="0000000001358A88" totalBytesRequested="40" timestamp="2019-07-02T23:05:41.493" intervalms="10.841" />
<cycle-start id="760" type="global" contextid="0" timestamp="2019-07-02T23:05:41.493" intervalms="10.795" />
  <attribute name="GC Util" value="242" />
  <attribute name="CPU Util" value="8570887491973" />
  <attribute name="Time Running"value="2049"/>
  <attribute name="Number of cores"value="4"/>
<gc-start id="761" type="global" contextid="760" timestamp="2019-07-02T23:05:41.493">
  <mem-info id="762" free="68544" total="15925248" percent="0">
    <mem type="tenure" free="68544" total="15925248" percent="0">
      <mem type="soa" free="0" total="15766528" percent="0" />
      <mem type="loa" free="68544" total="158720" percent="43" />
    </mem>
  </mem-info>
</gc-start>
<allocation-stats totalBytes="9905104" >
  <allocated-bytes non-tlh="19056" tlh="9886048" />
  <largest-consumer threadName="Thread-9" threadId="000000000135F900" bytes="2992872" />
</allocation-stats>
<gc-op id="763" type="mark" timems="1.171" contextid="760" timestamp="2019-07-02T23:05:41.494">
  <trace-info objectcount="67579" scancount="59984" scanbytes="2313228" />
  <finalization candidates="124" enqueued="0" />
  <ownableSynchronizers candidates="3" cleared="0" />
  <references type="soft" candidates="84" cleared="0" enqueued="0" dynamicThreshold="20" maxThreshold="32" />
  <references type="weak" candidates="774" cleared="0" enqueued="0" />
  <references type="phantom" candidates="63" cleared="0" enqueued="0" />
  <stringconstants candidates="4574" cleared="0"  />
</gc-op>
<gc-op id="764" type="sweep" timems="0.286" contextid="760" timestamp="2019-07-02T23:05:41.494" />
<heap-resize id="765" type="contract" space="tenure" amount="131072" count="1" timems="0.054" reason="excess free space following gc" timestamp="2019-07-02T23:05:41.495" />
<gc-end id="766" type="global" contextid="760" durationms="1.898" usertimems="4.000" systemtimems="0.000" timestamp="2019-07-02T23:05:41.495" activeThreads="4">
  <mem-info id="767" free="9831424" total="15794176" percent="62">
    <mem type="tenure" free="9831424" total="15794176" percent="62" micro-fragmented="49315" macro-fragmented="0">
      <mem type="soa" free="9763184" total="15636480" percent="62" />
      <mem type="loa" free="68240" total="157696" percent="43" />
    </mem>
  </mem-info>
</gc-end>
<cycle-end id="768" type="global" contextid="760" timestamp="2019-07-02T23:05:41.495">
  <attribute name="GC Util" value="214" />
  <attribute name="CPU Util" value="14927291688232" />
  <attribute name="Time Running"value="2059"/>
  <attribute name="Number of cores"value="4"/>
</cycle-end>
<allocation-satisfied id="769" threadId="0000000001358100" bytesRequested="40" />
<af-end id="770" timestamp="2019-07-02T23:05:41.495" threadId="0000000001358A88" success="true" />
<exclusive-end id="771" timestamp="2019-07-02T23:05:41.495" durationms="2.426" />

<exclusive-start id="772" timestamp="2019-07-02T23:05:41.500" intervalms="7.747">
  <response-info timems="0.022" idlems="0.022" threads="2" lastid="0000000001354500" lastname="Thread-8" />
</exclusive-start>
<af-start id="773" threadId="0000000001358A88" totalBytesRequested="40" timestamp="2019-07-02T23:05:41.500" intervalms="7.729" />
<cycle-start id="774" type="global" contextid="0" timestamp="2019-07-02T23:05:41.500" intervalms="7.728" />
  <attribute name="GC Util" value="214" />
  <attribute name="CPU Util" value="14927291688232" />
  <attribute name="Time Running"value="2059"/>
  <attribute name="Number of cores"value="4"/>
<gc-start id="775" type="global" contextid="774" timestamp="2019-07-02T23:05:41.500">
  <mem-info id="776" free="68240" total="15794176" percent="0">
    <mem type="tenure" free="68240" total="15794176" percent="0">
      <mem type="soa" free="0" total="15636480" percent="0" />
      <mem type="loa" free="68240" total="157696" percent="43" />
    </mem>
  </mem-info>
</gc-start>
<allocation-stats totalBytes="9751784" >
  <allocated-bytes non-tlh="0" tlh="9751784" />
  <largest-consumer threadName="Thread-7" threadId="0000000001358100" bytes="2545768" />
</allocation-stats>
<gc-op id="777" type="mark" timems="1.087" contextid="774" timestamp="2019-07-02T23:05:41.502">
  <trace-info objectcount="65831" scancount="58253" scanbytes="2271020" />
  <finalization candidates="124" enqueued="0" />
  <ownableSynchronizers candidates="3" cleared="0" />
  <references type="soft" candidates="84" cleared="0" enqueued="0" dynamicThreshold="19" maxThreshold="32" />
  <references type="weak" candidates="774" cleared="0" enqueued="0" />
  <references type="phantom" candidates="63" cleared="0" enqueued="0" />
  <stringconstants candidates="4574" cleared="0"  />
</gc-op>
<gc-op id="778" type="sweep" timems="0.284" contextid="774" timestamp="2019-07-02T23:05:41.502" />
<heap-resize id="779" type="contract" space="tenure" amount="65536" count="1" timems="0.051" reason="excess free space following gc" timestamp="2019-07-02T23:05:41.502" />
<gc-end id="780" type="global" contextid="774" durationms="1.751" usertimems="4.000" systemtimems="0.000" timestamp="2019-07-02T23:05:41.502" activeThreads="4">
  <mem-info id="781" free="9773464" total="15728640" percent="62">
    <mem type="tenure" free="9773464" total="15728640" percent="62" micro-fragmented="99796" macro-fragmented="0">
      <mem type="soa" free="9696512" total="15571968" percent="62" />
      <mem type="loa" free="76952" total="156672" percent="49" />
    </mem>
  </mem-info>
</gc-end>
<cycle-end id="782" type="global" contextid="774" timestamp="2019-07-02T23:05:41.502">
  <attribute name="GC Util" value="215" />
  <attribute name="CPU Util" value="15913312804877" />
  <attribute name="Time Running"value="2067"/>
  <attribute name="Number of cores"value="4"/>
</cycle-end>
<allocation-satisfied id="783" threadId="0000000001358100" bytesRequested="40" />
<af-end id="784" timestamp="2019-07-02T23:05:41.502" threadId="0000000001358A88" success="true" />
<exclusive-end id="785" timestamp="2019-07-02T23:05:41.502" durationms="2.186" />

<exclusive-start id="786" timestamp="2019-07-02T23:05:41.508" intervalms="7.506">
  <response-info timems="0.026" idlems="0.026" threads="0" lastid="000000000135F900" lastname="Thread-9" />
</exclusive-start>
<af-start id="787" threadId="0000000001360288" totalBytesRequested="24" timestamp="2019-07-02T23:05:41.508" intervalms="7.507" />
<cycle-start id="788" type="global" contextid="0" timestamp="2019-07-02T23:05:41.508" intervalms="7.502" />
  <attribute name="GC Util" value="215" />
  <attribute name="CPU Util" value="15913312804877" />
  <attribute name="Time Running"value="2067"/>
  <attribute name="Number of cores"value="4"/>
<gc-start id="789" type="global" contextid="788" timestamp="2019-07-02T23:05:41.508">
  <mem-info id="790" free="76952" total="15728640" percent="0">
    <mem type="tenure" free="76952" total="15728640" percent="0">
      <mem type="soa" free="0" total="15571968" percent="0" />
      <mem type="loa" free="76952" total="156672" percent="49" />
    </mem>
  </mem-info>
</gc-start>
<allocation-stats totalBytes="9685152" >
  <allocated-bytes non-tlh="0" tlh="9685152" />
  <largest-consumer threadName="Thread-7" threadId="0000000001358100" bytes="2589120" />
</allocation-stats>
<gc-op id="791" type="mark" timems="2.079" contextid="788" timestamp="2019-07-02T23:05:41.510">
  <trace-info objectcount="68298" scancount="60717" scanbytes="2329964" />
  <finalization candidates="124" enqueued="0" />
  <ownableSynchronizers candidates="3" cleared="0" />
  <references type="soft" candidates="84" cleared="0" enqueued="0" dynamicThreshold="19" maxThreshold="32" />
  <references type="weak" candidates="774" cleared="0" enqueued="0" />
  <references type="phantom" candidates="63" cleared="0" enqueued="0" />
  <stringconstants candidates="4574" cleared="0"  />
</gc-op>
<gc-op id="792" type="sweep" timems="0.785" contextid="788" timestamp="2019-07-02T23:05:41.511" />
<gc-end id="793" type="global" contextid="788" durationms="3.173" usertimems="8.000" systemtimems="0.000" timestamp="2019-07-02T23:05:41.511" activeThreads="4">
  <mem-info id="794" free="9663064" total="15728640" percent="61">
    <mem type="tenure" free="9663064" total="15728640" percent="61" micro-fragmented="133471" macro-fragmented="0">
      <mem type="soa" free="9579936" total="15571968" percent="61" />
      <mem type="loa" free="83128" total="156672" percent="53" />
    </mem>
  </mem-info>
</gc-end>
<cycle-end id="795" type="global" contextid="788" timestamp="2019-07-02T23:05:41.511">
  <attribute name="GC Util" value="253" />
  <attribute name="CPU Util" value="8475404825694" />
  <attribute name="Time Running"value="2075"/>
  <attribute name="Number of cores"value="4"/>
</cycle-end>
<allocation-satisfied id="796" threadId="000000000135F900" bytesRequested="24" />
<af-end id="797" timestamp="2019-07-02T23:05:41.512" threadId="0000000001360288" success="true" />
<exclusive-end id="798" timestamp="2019-07-02T23:05:41.512" durationms="3.884" />

<exclusive-start id="799" timestamp="2019-07-02T23:05:41.518" intervalms="9.778">
  <response-info timems="0.035" idlems="0.035" threads="0" lastid="0000000001358100" lastname="Thread-7" />
</exclusive-start>
<af-start id="800" threadId="0000000001358A88" totalBytesRequested="40" timestamp="2019-07-02T23:05:41.518" intervalms="9.797" />
<cycle-start id="801" type="global" contextid="0" timestamp="2019-07-02T23:05:41.518" intervalms="9.806" />
  <attribute name="GC Util" value="253" />
  <attribute name="CPU Util" value="8475404825694" />
  <attribute name="Time Running"value="2075"/>
  <attribute name="Number of cores"value="4"/>
<gc-start id="802" type="global" contextid="801" timestamp="2019-07-02T23:05:41.518">
  <mem-info id="803" free="83128" total="15728640" percent="0">
    <mem type="tenure" free="83128" total="15728640" percent="0">
      <mem type="soa" free="0" total="15571968" percent="0" />
      <mem type="loa" free="83128" total="156672" percent="53" />
    </mem>
  </mem-info>
</gc-start>
<allocation-stats totalBytes="9561608" >
  <allocated-bytes non-tlh="0" tlh="9561608" />
  <largest-consumer threadName="Thread-8" threadId="0000000001354500" bytes="2730224" />
</allocation-stats>
<gc-op id="804" type="mark" timems="1.111" contextid="801" timestamp="2019-07-02T23:05:41.519">
  <trace-info objectcount="70888" scancount="63323" scanbytes="2391980" />
  <finalization candidates="124" enqueued="0" />
  <ownableSynchronizers candidates="3" cleared="0" />
  <references type="soft" candidates="84" cleared="0" enqueued="0" dynamicThreshold="19" maxThreshold="32" />
  <references type="weak" candidates="774" cleared="0" enqueued="0" />
  <references type="phantom" candidates="63" cleared="0" enqueued="0" />
  <stringconstants candidates="4574" cleared="0"  />
</gc-op>
<gc-op id="805" type="sweep" timems="0.358" contextid="801" timestamp="2019-07-02T23:05:41.519" />
<gc-end id="806" type="global" contextid="801" durationms="1.765" usertimems="4.000" systemtimems="0.000" timestamp="2019-07-02T23:05:41.520" activeThreads="4">
  <mem-info id="807" free="9524512" total="15728640" percent="60">
    <mem type="tenure" free="9524512" total="15728640" percent="60" micro-fragmented="144242" macro-fragmented="0">
      <mem type="soa" free="9441384" total="15571968" percent="60" />
      <mem type="loa" free="83128" total="156672" percent="53" />
    </mem>
  </mem-info>
</gc-end>
<cycle-end id="808" type="global" contextid="801" timestamp="2019-07-02T23:05:41.520">
  <attribute name="GC Util" value="227" />
  <attribute name="CPU Util" value="15729289121992" />
  <attribute name="Time Running"value="2084"/>
  <attribute name="Number of cores"value="4"/>
</cycle-end>
<allocation-satisfied id="809" threadId="0000000001358100" bytesRequested="40" />
<af-end id="810" timestamp="2019-07-02T23:05:41.520" threadId="0000000001358A88" success="true" />
<exclusive-end id="811" timestamp="2019-07-02T23:05:41.520" durationms="2.289" />

<exclusive-start id="812" timestamp="2019-07-02T23:05:41.525" intervalms="7.548">
  <response-info timems="0.024" idlems="0.024" threads="0" lastid="0000000001354500" lastname="Thread-8" />
</exclusive-start>
<af-start id="813" threadId="0000000001354E88" totalBytesRequested="40" timestamp="2019-07-02T23:05:41.525" intervalms="7.520" />
<cycle-start id="814" type="global" contextid="0" timestamp="2019-07-02T23:05:41.525" intervalms="7.533" />
  <attribute name="GC Util" value="227" />
  <attribute name="CPU Util" value="15729289121992" />
  <attribute name="Time Running"value="2084"/>
  <attribute name="Number of cores"value="4"/>
<gc-start id="815" type="global" contextid="814" timestamp="2019-07-02T23:05:41.525">
  <mem-info id="816" free="83128" total="15728640" percent="0">
    <mem type="tenure" free="83128" total="15728640" percent="0">
      <mem type="soa" free="0" total="15571968" percent="0" />
      <mem type="loa" free="83128" total="156672" percent="53" />
    </mem>
  </mem-info>
</gc-start>
<allocation-stats totalBytes="9417600" >
  <allocated-bytes non-tlh="19056" tlh="9398544" />
  <largest-consumer threadName="Thread-8" threadId="0000000001354500" bytes="2666888" />
</allocation-stats>
<gc-op id="817" type="mark" timems="1.969" contextid="814" timestamp="2019-07-02T23:05:41.527">
  <trace-info objectcount="68159" scancount="60569" scanbytes="2326908" />
  <finalization candidates="124" enqueued="0" />
  <ownableSynchronizers candidates="3" cleared="0" />
  <references type="soft" candidates="84" cleared="0" enqueued="0" dynamicThreshold="19" maxThreshold="32" />
  <references type="weak" candidates="774" cleared="0" enqueued="0" />
  <references type="phantom" candidates="63" cleared="0" enqueued="0" />
  <stringconstants candidates="4574" cleared="0"  />
</gc-op>
<gc-op id="818" type="sweep" timems="0.796" contextid="814" timestamp="2019-07-02T23:05:41.528" />
<gc-end id="819" type="global" contextid="814" durationms="3.018" usertimems="8.000" systemtimems="0.000" timestamp="2019-07-02T23:05:41.528" activeThreads="4">
  <mem-info id="820" free="9571080" total="15728640" percent="60">
    <mem type="tenure" free="9571080" total="15728640" percent="60" micro-fragmented="142469" macro-fragmented="0">
      <mem type="soa" free="9487952" total="15571968" percent="60" />
      <mem type="loa" free="83128" total="156672" percent="53" />
    </mem>
  </mem-info>
</gc-end>
<cycle-end id="821" type="global" contextid="814" timestamp="2019-07-02T23:05:41.528">
  <attribute name="GC Util" value="252" />
  <attribute name="CPU Util" value="9156065774098" />
  <attribute name="Time Running"value="2092"/>
  <attribute name="Number of cores"value="4"/>
</cycle-end>
<allocation-satisfied id="822" threadId="0000000001354500" bytesRequested="40" />
<af-end id="823" timestamp="2019-07-02T23:05:41.529" threadId="0000000001354E88" success="true" />
<exclusive-end id="824" timestamp="2019-07-02T23:05:41.529" durationms="3.466" />

<exclusive-start id="825" timestamp="2019-07-02T23:05:41.534" intervalms="8.688">
  <response-info timems="0.022" idlems="0.020" threads="2" lastid="0000000001358100" lastname="Thread-7" />
</exclusive-start>
<af-start id="826" threadId="0000000001360288" totalBytesRequested="40" timestamp="2019-07-02T23:05:41.534" intervalms="8.697" />
<cycle-start id="827" type="global" contextid="0" timestamp="2019-07-02T23:05:41.534" intervalms="8.677" />
  <attribute name="GC Util" value="252" />
  <attribute name="CPU Util" value="9156065774098" />
  <attribute name="Time Running"value="2092"/>
  <attribute name="Number of cores"value="4"/>
<gc-start id="828" type="global" contextid="827" timestamp="2019-07-02T23:05:41.534">
  <mem-info id="829" free="83128" total="15728640" percent="0">
    <mem type="tenure" free="83128" total="15728640" percent="0">
      <mem type="soa" free="0" total="15571968" percent="0" />
      <mem type="loa" free="83128" total="156672" percent="53" />
    </mem>
  </mem-info>
</gc-start>
<allocation-stats totalBytes="9464952" >
  <allocated-bytes non-tlh="19056" tlh="9445896" />
  <largest-consumer threadName="Thread-9" threadId="000000000135F900" bytes="2512568" />
</allocation-stats>
<gc-op id="830" type="mark" timems="2.435" contextid="827" timestamp="2019-07-02T23:05:41.537">
  <trace-info objectcount="65319" scancount="57746" scanbytes="2258644" />
  <finalization candidates="124" enqueued="0" />
  <ownableSynchronizers candidates="3" cleared="0" />
  <references type="soft" candidates="84" cleared="0" enqueued="0" dynamicThreshold="19" maxThreshold="32" />
  <references type="weak" candidates="774" cleared="0" enqueued="0" />
  <references type="phantom" candidates="63" cleared="0" enqueued="0" />
  <stringconstants candidates="4574" cleared="0"  />
</gc-op>
<gc-op id="831" type="sweep" timems="0.914" contextid="827" timestamp="2019-07-02T23:05:41.537" />
<heap-resize id="832" type="contract" space="tenure" amount="65536" count="1" timems="0.064" reason="excess free space following gc" timestamp="2019-07-02T23:05:41.538" />
<gc-end id="833" type="global" contextid="827" durationms="3.816" usertimems="8.000" systemtimems="0.000" timestamp="2019-07-02T23:05:41.538" activeThreads="4">
  <mem-info id="834" free="9578992" total="15663104" percent="61">
    <mem type="tenure" free="9578992" total="15663104" percent="61" micro-fragmented="60928" macro-fragmented="0">
      <mem type="soa" free="9578992" total="15507456" percent="61" />
      <mem type="loa" free="0" total="155648" percent="0" />
    </mem>
  </mem-info>
</gc-end>
<cycle-end id="835" type="global" contextid="827" timestamp="2019-07-02T23:05:41.538">
  <attribute name="GC Util" value="243" />
  <attribute name="CPU Util" value="7401345728484" />
  <attribute name="Time Running"value="2101"/>
  <attribute name="Number of cores"value="4"/>
</cycle-end>
<allocation-satisfied id="836" threadId="000000000135F900" bytesRequested="40" />
<af-end id="837" timestamp="2019-07-02T23:05:41.538" threadId="0000000001360288" success="true" />
<exclusive-end id="838" timestamp="2019-07-02T23:05:41.538" durationms="4.425" />

<exclusive-start id="839" timestamp="2019-07-02T23:05:41.543" intervalms="9.697">
  <response-info timems="0.033" idlems="0.032" threads="1" lastid="000000000135BD00" lastname="Thread-10" />
</exclusive-start>
<af-start id="840" threadId="0000000001360288" totalBytesRequested="24" timestamp="2019-07-02T23:05:41.544" intervalms="9.749" />
<cycle-start id="841" type="global" contextid="0" timestamp="2019-07-02T23:05:41.544" intervalms="9.749" />
  <attribute name="GC Util" value="243" />
  <attribute name="CPU Util" value="7401345728484" />
  <attribute name="Time Running"value="2101"/>
  <attribute name="Number of cores"value="4"/>
<gc-start id="842" type="global" contextid="841" timestamp="2019-07-02T23:05:41.544">
  <mem-info id="843" free="0" total="15663104" percent="0">
    <mem type="tenure" free="0" total="15663104" percent="0">
      <mem type="soa" free="0" total="15507456" percent="0" />
      <mem type="loa" free="0" total="155648" percent="0" />
    </mem>
  </mem-info>
</gc-start>
<allocation-stats totalBytes="9558736" >
  <allocated-bytes non-tlh="0" tlh="9558736" />
  <largest-consumer threadName="Thread-7" threadId="0000000001358100" bytes="2478472" />
</allocation-stats>
<gc-op id="844" type="mark" timems="2.168" contextid="841" timestamp="2019-07-02T23:05:41.546">
  <trace-info objectcount="67826" scancount="60255" scanbytes="2318988" />
  <finalization candidates="124" enqueued="0" />
  <ownableSynchronizers candidates="3" cleared="0" />
  <references type="soft" candidates="84" cleared="0" enqueued="0" dynamicThreshold="19" maxThreshold="32" />
  <references type="weak" candidates="774" cleared="0" enqueued="0" />
  <references type="phantom" candidates="63" cleared="0" enqueued="0" />
  <stringconstants candidates="4574" cleared="0"  />
</gc-op>
<gc-op id="845" type="sweep" timems="0.837" contextid="841" timestamp="2019-07-02T23:05:41.547" />
<gc-end id="846" type="global" contextid="841" durationms="3.352" usertimems="8.000" systemtimems="0.000" timestamp="2019-07-02T23:05:41.547" activeThreads="4">
  <mem-info id="847" free="9432608" total="15663104" percent="60">
    <mem type="tenure" free="9432608" total="15663104" percent="60" micro-fragmented="154754" macro-fragmented="0">
      <mem type="soa" free="9432608" total="15507456" percent="60" />
      <mem type="loa" free="0" total="155648" percent="0" />
    </mem>
  </mem-info>
</gc-end>
<cycle-end id="848" type="global" contextid="841" timestamp="2019-07-02T23:05:41.547">
  <attribute name="GC Util" value="246" />
  <attribute name="CPU Util" value="8128535501796" />
  <attribute name="Time Running"value="2111"/>
  <attribute name="Number of cores"value="4"/>
</cycle-end>
<allocation-satisfied id="849" threadId="000000000135F900" bytesRequested="24" />
<af-end id="850" timestamp="2019-07-02T23:05:41.547" threadId="0000000001360288" success="true" />
<exclusive-end id="851" timestamp="2019-07-02T23:05:41.548" durationms="4.040" />

<exclusive-start id="852" timestamp="2019-07-02T23:05:41.553" intervalms="9.558">
  <response-info timems="0.021" idlems="0.021" threads="0" lastid="0000000001354500" lastname="Thread-8" />
</exclusive-start>
<af-start id="853" threadId="0000000001354E88" totalBytesRequested="40" timestamp="2019-07-02T23:05:41.553" intervalms="9.517" />
<cycle-start id="854" type="global" contextid="0" timestamp="2019-07-02T23:05:41.553" intervalms="9.509" />
  <attribute name="GC Util" value="246" />
  <attribute name="CPU Util" value="8128535501796" />
  <attribute name="Time Running"value="2111"/>
  <attribute name="Number of cores"value="4"/>
<gc-start id="855" type="global" contextid="854" timestamp="2019-07-02T23:05:41.553">
  <mem-info id="856" free="0" total="15663104" percent="0">
    <mem type="tenure" free="0" total="15663104" percent="0">
      <mem type="soa" free="0" total="15507456" percent="0" />
      <mem type="loa" free="0" total="155648" percent="0" />
    </mem>
  </mem-info>
</gc-start>
<allocation-stats totalBytes="9406224" >
  <allocated-bytes non-tlh="0" tlh="9406224" />
  <largest-consumer threadName="Thread-7" threadId="0000000001358100" bytes="2589624" />
</allocation-stats>
<gc-op id="857" type="mark" timems="2.052" contextid="854" timestamp="2019-07-02T23:05:41.555">
  <trace-info objectcount="70159" scancount="62590" scanbytes="2374580" />
  <finalization candidates="124" enqueued="0" />
  <ownableSynchronizers candidates="3" cleared="0" />
  <references type="soft" candidates="84" cleared="0" enqueued="0" dynamicThreshold="19" maxThreshold="32" />
  <references type="weak" candidates="774" cleared="0" enqueued="0" />
  <references type="phantom" candidates="63" cleared="0" enqueued="0" />
  <stringconstants candidates="4574" cleared="0"  />
</gc-op>
<gc-op id="858" type="sweep" timems="0.862" contextid="854" timestamp="2019-07-02T23:05:41.556" />
<heap-resize id="859" type="expand" space="tenure" amount="1048576" count="1" timems="0.053" reason="excessive time being spent in gc" timestamp="2019-07-02T23:05:41.556" />
<gc-end id="860" type="global" contextid="854" durationms="3.242" usertimems="8.000" systemtimems="0.000" timestamp="2019-07-02T23:05:41.556" activeThreads="4">
  <mem-info id="861" free="10330024" total="16711680" percent="61">
    <mem type="tenure" free="10330024" total="16711680" percent="61" micro-fragmented="138209" macro-fragmented="0">
      <mem type="soa" free="10163112" total="16544768" percent="61" />
      <mem type="loa" free="166912" total="166912" percent="100" />
    </mem>
  </mem-info>
</gc-end>
<cycle-end id="862" type="global" contextid="854" timestamp="2019-07-02T23:05:41.557">
  <attribute name="GC Util" value="252" />
  <attribute name="CPU Util" value="8796961305547" />
  <attribute name="Time Running"value="2120"/>
  <attribute name="Number of cores"value="4"/>
</cycle-end>
<allocation-satisfied id="863" threadId="0000000001354500" bytesRequested="40" />
<af-end id="864" timestamp="2019-07-02T23:05:41.557" threadId="0000000001354E88" success="true" />
<exclusive-end id="865" timestamp="2019-07-02T23:05:41.557" durationms="3.685" />

<exclusive-start id="866" timestamp="2019-07-02T23:05:41.562" intervalms="9.004">
  <response-info timems="0.023" idlems="0.023" threads="0" lastid="000000000135F900" lastname="Thread-9" />
</exclusive-start>
<af-start id="867" threadId="0000000001360288" totalBytesRequested="40" timestamp="2019-07-02T23:05:41.562" intervalms="8.992" />
<cycle-start id="868" type="global" contextid="0" timestamp="2019-07-02T23:05:41.562" intervalms="8.999" />
  <attribute name="GC Util" value="252" />
  <attribute name="CPU Util" value="8796961305547" />
  <attribute name="Time Running"value="2120"/>
  <attribute name="Number of cores"value="4"/>
<gc-start id="869" type="global" contextid="868" timestamp="2019-07-02T23:05:41.562">
  <mem-info id="870" free="166912" total="16711680" percent="0">
    <mem type="tenure" free="166912" total="16711680" percent="0">
      <mem type="soa" free="0" total="16544768" percent="0" />
      <mem type="loa" free="166912" total="166912" percent="100" />
    </mem>
  </mem-info>
</gc-start>
<allocation-stats totalBytes="10132056" >
  <allocated-bytes non-tlh="19056" tlh="10113000" />
  <largest-consumer threadName="Thread-7" threadId="0000000001358100" bytes="2592224" />
</allocation-stats>
<gc-op id="871" type="mark" timems="2.255" contextid="868" timestamp="2019-07-02T23:05:41.565">
  <trace-info objectcount="68051" scancount="60461" scanbytes="2324476" />
  <finalization candidates="124" enqueued="0" />
  <ownableSynchronizers candidates="3" cleared="0" />
  <references type="soft" candidates="84" cleared="0" enqueued="0" dynamicThreshold="19" maxThreshold="32" />
  <references type="weak" candidates="774" cleared="0" enqueued="0" />
  <references type="phantom" candidates="63" cleared="0" enqueued="0" />
  <stringconstants candidates="4574" cleared="0"  />
</gc-op>
<gc-op id="872" type="sweep" timems="0.837" contextid="868" timestamp="2019-07-02T23:05:41.565" />
<gc-end id="873" type="global" contextid="868" durationms="3.378" usertimems="4.000" systemtimems="4.000" timestamp="2019-07-02T23:05:41.566" activeThreads="4">
  <mem-info id="874" free="10695568" total="16711680" percent="64">
    <mem type="tenure" free="10695568" total="16711680" percent="64" micro-fragmented="68199" macro-fragmented="0">
      <mem type="soa" free="10528656" total="16544768" percent="63" />
      <mem type="loa" free="166912" total="166912" percent="100" />
    </mem>
  </mem-info>
</gc-end>
<cycle-end id="875" type="global" contextid="868" timestamp="2019-07-02T23:05:41.566">
  <attribute name="GC Util" value="257" />
  <attribute name="CPU Util" value="7970724787342" />
  <attribute name="Time Running"value="2129"/>
  <attribute name="Number of cores"value="4"/>
</cycle-end>
<allocation-satisfied id="876" threadId="000000000135F900" bytesRequested="40" />
<af-end id="877" timestamp="2019-07-02T23:05:41.566" threadId="0000000001360288" success="true" />
<exclusive-end id="878" timestamp="2019-07-02T23:05:41.566" durationms="3.977" />

<exclusive-start id="879" timestamp="2019-07-02T23:05:41.571" intervalms="9.311">
  <response-info timems="0.024" idlems="0.024" threads="0" lastid="0000000001354500" lastname="Thread-8" />
</exclusive-start>
<af-start id="880" threadId="0000000001354E88" totalBytesRequested="40" timestamp="2019-07-02T23:05:41.571" intervalms="9.338" />
<cycle-start id="881" type="global" contextid="0" timestamp="2019-07-02T23:05:41.571" intervalms="9.327" />
  <attribute name="GC Util" value="257" />
  <attribute name="CPU Util" value="7970724787342" />
  <attribute name="Time Running"value="2129"/>
  <attribute name="Number of cores"value="4"/>
<gc-start id="882" type="global" contextid="881" timestamp="2019-07-02T23:05:41.572">
  <mem-info id="883" free="166912" total="16711680" percent="0">
    <mem type="tenure" free="166912" total="16711680" percent="0">
      <mem type="soa" free="0" total="16544768" percent="0" />
      <mem type="loa" free="166912" total="166912" percent="100" />
    </mem>
  </mem-info>
</gc-start>
<allocation-stats totalBytes="10504088" >
  <allocated-bytes non-tlh="23160" tlh="10480928" />
  <largest-consumer threadName="Thread-9" threadId="000000000135F900" bytes="2736048" />
</allocation-stats>
<gc-op id="884" type="mark" timems="1.785" contextid="881" timestamp="2019-07-02T23:05:41.573">
  <trace-info objectcount="66428" scancount="58856" scanbytes="2285828" />
  <finalization candidates="124" enqueued="0" />
  <ownableSynchronizers candidates="3" cleared="0" />
  <references type="soft" candidates="84" cleared="0" enqueued="0" dynamicThreshold="20" maxThreshold="32" />
  <references type="weak" candidates="774" cleared="0" enqueued="0" />
  <references type="phantom" candidates="63" cleared="0" enqueued="0" />
  <stringconstants candidates="4574" cleared="0"  />
</gc-op>
<gc-op id="885" type="sweep" timems="0.804" contextid="881" timestamp="2019-07-02T23:05:41.574" />
<gc-end id="886" type="global" contextid="881" durationms="2.779" usertimems="4.000" systemtimems="4.000" timestamp="2019-07-02T23:05:41.574" activeThreads="4">
  <mem-info id="887" free="10726720" total="16711680" percent="64">
    <mem type="tenure" free="10726720" total="16711680" percent="64" micro-fragmented="40215" macro-fragmented="0">
      <mem type="soa" free="10559808" total="16544768" percent="63" />
      <mem type="loa" free="166912" total="166912" percent="100" />
    </mem>
  </mem-info>
</gc-end>
<cycle-end id="888" type="global" contextid="881" timestamp="2019-07-02T23:05:41.574">
  <attribute name="GC Util" value="246" />
  <attribute name="CPU Util" value="10075051366368" />
  <attribute name="Time Running"value="2138"/>
  <attribute name="Number of cores"value="4"/>
</cycle-end>
<allocation-satisfied id="889" threadId="0000000001354500" bytesRequested="40" />
<af-end id="890" timestamp="2019-07-02T23:05:41.575" threadId="0000000001354E88" success="true" />
<exclusive-end id="891" timestamp="2019-07-02T23:05:41.575" durationms="3.313" />

<exclusive-start id="892" timestamp="2019-07-02T23:05:41.580" intervalms="8.874">
  <response-info timems="0.023" idlems="0.023" threads="0" lastid="0000000001358100" lastname="Thread-7" />
</exclusive-start>
<af-start id="893" threadId="0000000001358A88" totalBytesRequested="24" timestamp="2019-07-02T23:05:41.580" intervalms="8.859" />
<cycle-start id="894" type="global" contextid="0" timestamp="2019-07-02T23:05:41.580" intervalms="8.878" />
  <attribute name="GC Util" value="246" />
  <attribute name="CPU Util" value="10075051366368" />
  <attribute name="Time Running"value="2138"/>
  <attribute name="Number of cores"value="4"/>
<gc-start id="895" type="global" contextid="894" timestamp="2019-07-02T23:05:41.580">
  <mem-info id="896" free="166912" total="16711680" percent="0">
    <mem type="tenure" free="166912" total="16711680" percent="0">
      <mem type="soa" free="0" total="16544768" percent="0" />
      <mem type="loa" free="166912" total="166912" percent="100" />
    </mem>
  </mem-info>
</gc-start>
<allocation-stats totalBytes="10535880" >
  <allocated-bytes non-tlh="0" tlh="10535880" />
  <largest-consumer threadName="Thread-10" threadId="000000000135BD00" bytes="2782336" />
</allocation-stats>
<gc-op id="897" type="mark" timems="1.108" contextid="894" timestamp="2019-07-02T23:05:41.582">
  <trace-info objectcount="69549" scancount="61965" scanbytes="2360324" />
  <finalization candidates="124" enqueued="0" />
  <ownableSynchronizers candidates="3" cleared="0" />
  <references type="soft" candidates="84" cleared="0" enqueued="0" dynamicThreshold="20" maxThreshold="32" />
  <references type="weak" candidates="774" cleared="0" enqueued="0" />
  <references type="phantom" candidates="63" cleared="0" enqueued="0" />
  <stringconstants candidates="4574" cleared="0"  />
</gc-op>
<gc-op id="898" type="sweep" timems="0.370" contextid="894" timestamp="2019-07-02T23:05:41.582" />
<heap-resize id="899" type="contract" space="tenure" amount="131072" count="1" timems="0.056" reason="excess free space following gc" timestamp="2019-07-02T23:05:41.582" />
<gc-end id="900" type="global" contextid="894" durationms="1.903" usertimems="4.000" systemtimems="0.000" timestamp="2019-07-02T23:05:41.582" activeThreads="4">
  <mem-info id="901" free="10360592" total="16580608" percent="62">
    <mem type="tenure" free="10360592" total="16580608" percent="62" micro-fragmented="66146" macro-fragmented="0">
      <mem type="soa" free="10277688" total="16415744" percent="62" />
      <mem type="loa" free="82904" total="164864" percent="50" />
    </mem>
  </mem-info>
</gc-end>
<cycle-end id="902" type="global" contextid="894" timestamp="2019-07-02T23:05:41.582">
  <attribute name="GC Util" value="226" />
  <attribute name="CPU Util" value="15669657614805" />
  <attribute name="Time Running"value="2147"/>
  <attribute name="Number of cores"value="4"/>
</cycle-end>
<allocation-satisfied id="903" threadId="0000000001358100" bytesRequested="24" />
<af-end id="904" timestamp="2019-07-02T23:05:41.583" threadId="0000000001358A88" success="true" />
<exclusive-end id="905" timestamp="2019-07-02T23:05:41.583" durationms="2.396" />

<exclusive-start id="906" timestamp="2019-07-02T23:05:41.588" intervalms="8.251">
  <response-info timems="0.194" idlems="0.194" threads="0" lastid="000000000135F900" lastname="Thread-9" />
</exclusive-start>
<af-start id="907" threadId="0000000001360288" totalBytesRequested="40" timestamp="2019-07-02T23:05:41.589" intervalms="8.250" />
<cycle-start id="908" type="global" contextid="0" timestamp="2019-07-02T23:05:41.589" intervalms="8.243" />
  <attribute name="GC Util" value="226" />
  <attribute name="CPU Util" value="15669657614805" />
  <attribute name="Time Running"value="2147"/>
  <attribute name="Number of cores"value="4"/>
<gc-start id="909" type="global" contextid="908" timestamp="2019-07-02T23:05:41.589">
  <mem-info id="910" free="82904" total="16580608" percent="0">
    <mem type="tenure" free="82904" total="16580608" percent="0">
      <mem type="soa" free="0" total="16415744" percent="0" />
      <mem type="loa" free="82904" total="164864" percent="50" />
    </mem>
  </mem-info>
</gc-start>
<allocation-stats totalBytes="10247544" >
  <allocated-bytes non-tlh="0" tlh="10247544" />
  <largest-consumer threadName="Thread-10" threadId="000000000135BD00" bytes="2863816" />
</allocation-stats>
<gc-op id="911" type="mark" timems="2.297" contextid="908" timestamp="2019-07-02T23:05:41.591">
  <trace-info objectcount="72272" scancount="64679" scanbytes="2425612" />
  <finalization candidates="124" enqueued="0" />
  <ownableSynchronizers candidates="3" cleared="0" />
  <references type="soft" candidates="84" cleared="0" enqueued="0" dynamicThreshold="19" maxThreshold="32" />
  <references type="weak" candidates="774" cleared="0" enqueued="0" />
  <references type="phantom" candidates="63" cleared="0" enqueued="0" />
  <stringconstants candidates="4574" cleared="0"  />
</gc-op>
<gc-op id="912" type="sweep" timems="0.874" contextid="908" timestamp="2019-07-02T23:05:41.592" />
<heap-resize id="913" type="contract" space="tenure" amount="65536" count="1" timems="0.112" reason="excess free space following gc" timestamp="2019-07-02T23:05:41.592" />
<gc-end id="914" type="global" contextid="908" durationms="3.761" usertimems="8.000" systemtimems="0.000" timestamp="2019-07-02T23:05:41.592" activeThreads="4">
  <mem-info id="915" free="10120112" total="16515072" percent="61">
    <mem type="tenure" free="10120112" total="16515072" percent="61" micro-fragmented="134599" macro-fragmented="0">
      <mem type="soa" free="10054576" total="16350208" percent="61" />
      <mem type="loa" free="65536" total="164864" percent="39" />
    </mem>
  </mem-info>
</gc-end>
<cycle-end id="916" type="global" contextid="908" timestamp="2019-07-02T23:05:41.593">
  <attribute name="GC Util" value="249" />
  <attribute name="CPU Util" value="7710231390882" />
  <attribute name="Time Running"value="2156"/>
  <attribute name="Number of cores"value="4"/>
</cycle-end>
<allocation-satisfied id="917" threadId="000000000135F900" bytesRequested="40" />
<af-end id="918" timestamp="2019-07-02T23:05:41.593" threadId="0000000001360288" success="true" />
<exclusive-end id="919" timestamp="2019-07-02T23:05:41.593" durationms="4.355" />

<exclusive-start id="920" timestamp="2019-07-02T23:05:41.599" intervalms="10.125">
  <response-info timems="0.032" idlems="0.029" threads="1" lastid="0000000001358100" lastname="Thread-7" />
</exclusive-start>
<af-start id="921" threadId="0000000001354E88" totalBytesRequested="24" timestamp="2019-07-02T23:05:41.599" intervalms="10.107" />
<cycle-start id="922" type="global" contextid="0" timestamp="2019-07-02T23:05:41.599" intervalms="10.097" />
  <attribute name="GC Util" value="249" />
  <attribute name="CPU Util" value="7710231390882" />
  <attribute name="Time Running"value="2156"/>
  <attribute name="Number of cores"value="4"/>
<gc-start id="923" type="global" contextid="922" timestamp="2019-07-02T23:05:41.599">
  <mem-info id="924" free="65536" total="16515072" percent="0">
    <mem type="tenure" free="65536" total="16515072" percent="0">
      <mem type="soa" free="0" total="16350208" percent="0" />
      <mem type="loa" free="65536" total="164864" percent="39" />
    </mem>
  </mem-info>
</gc-start>
<allocation-stats totalBytes="10019248" >
  <allocated-bytes non-tlh="19056" tlh="10000192" />
  <largest-consumer threadName="Thread-10" threadId="000000000135BD00" bytes="2809984" />
</allocation-stats>
<gc-op id="925" type="mark" timems="2.048" contextid="922" timestamp="2019-07-02T23:05:41.601">
  <trace-info objectcount="69402" scancount="61831" scanbytes="2356468" />
  <finalization candidates="124" enqueued="0" />
  <ownableSynchronizers candidates="3" cleared="0" />
  <references type="soft" candidates="84" cleared="0" enqueued="0" dynamicThreshold="19" maxThreshold="32" />
  <references type="weak" candidates="774" cleared="0" enqueued="0" />
  <references type="phantom" candidates="63" cleared="0" enqueued="0" />
  <stringconstants candidates="4574" cleared="0"  />
</gc-op>
<gc-op id="926" type="sweep" timems="0.766" contextid="922" timestamp="2019-07-02T23:05:41.602" />
<mem-info id="927" free="10249656" total="16515072" percent="62">
  <mem type="tenure" free="10249656" total="16515072" percent="62" micro-fragmented="100041" macro-fragmented="0">
    <mem type="soa" free="10138656" total="16350208" percent="62" />
    <mem type="loa" free="111000" total="164864" percent="67" />
  </mem>
</mem-info>
<gc-op id="928" type="compact" timems="5.611" contextid="922" timestamp="2019-07-02T23:05:41.607">
  <compact-info movecount="29661" movebytes="1262136" reason="compact to aid heap contraction" />
</gc-op>
<heap-resize id="929" type="contract" space="tenure" amount="131072" count="1" timems="0.065" reason="excess free space following gc" timestamp="2019-07-02T23:05:41.608" />
<gc-end id="930" type="global" contextid="922" durationms="9.006" usertimems="12.000" systemtimems="4.000" timestamp="2019-07-02T23:05:41.608" activeThreads="4">
  <mem-info id="931" free="10458824" total="16384000" percent="63">
    <mem type="tenure" free="10458824" total="16384000" percent="63">
      <mem type="soa" free="10328776" total="16220160" percent="63" />
      <mem type="loa" free="130048" total="163840" percent="79" />
    </mem>
  </mem-info>
</gc-end>
<cycle-end id="932" type="global" contextid="922" timestamp="2019-07-02T23:05:41.608">
  <attribute name="GC Util" value="115" />
  <attribute name="CPU Util" value="19783452560411" />
  <attribute name="Time Running"value="2167"/>
  <attribute name="Number of cores"value="4"/>
</cycle-end>
<allocation-satisfied id="933" threadId="0000000001354500" bytesRequested="24" />
<af-end id="934" timestamp="2019-07-02T23:05:41.608" threadId="0000000001354E88" success="true" />
<exclusive-end id="935" timestamp="2019-07-02T23:05:41.608" durationms="9.509" />

<exclusive-start id="936" timestamp="2019-07-02T23:05:41.614" intervalms="14.993">
  <response-info timems="0.024" idlems="0.024" threads="0" lastid="0000000001358100" lastname="Thread-7" />
</exclusive-start>
<af-start id="937" threadId="0000000001358A88" totalBytesRequested="40" timestamp="2019-07-02T23:05:41.614" intervalms="15.012" />
<cycle-start id="938" type="global" contextid="0" timestamp="2019-07-02T23:05:41.614" intervalms="15.031" />
  <attribute name="GC Util" value="115" />
  <attribute name="CPU Util" value="19783452560411" />
  <attribute name="Time Running"value="2167"/>
  <attribute name="Number of cores"value="4"/>
<gc-start id="939" type="global" contextid="938" timestamp="2019-07-02T23:05:41.614">
  <mem-info id="940" free="130048" total="16384000" percent="0">
    <mem type="tenure" free="130048" total="16384000" percent="0">
      <mem type="soa" free="0" total="16220160" percent="0" />
      <mem type="loa" free="130048" total="163840" percent="79" />
    </mem>
  </mem-info>
</gc-start>
<allocation-stats totalBytes="10392960" >
  <allocated-bytes non-tlh="0" tlh="10392960" />
  <largest-consumer threadName="Thread-7" threadId="0000000001358100" bytes="2758976" />
</allocation-stats>
<gc-op id="941" type="mark" timems="1.012" contextid="938" timestamp="2019-07-02T23:05:41.615">
  <trace-info objectcount="66504" scancount="58926" scanbytes="2287532" />
  <finalization candidates="124" enqueued="0" />
  <ownableSynchronizers candidates="3" cleared="0" />
  <references type="soft" candidates="84" cleared="0" enqueued="0" dynamicThreshold="20" maxThreshold="32" />
  <references type="weak" candidates="774" cleared="0" enqueued="0" />
  <references type="phantom" candidates="63" cleared="0" enqueued="0" />
  <stringconstants candidates="4574" cleared="0"  />
</gc-op>
<gc-op id="942" type="sweep" timems="0.249" contextid="938" timestamp="2019-07-02T23:05:41.615" />
<heap-resize id="943" type="contract" space="tenure" amount="131072" count="1" timems="0.067" reason="excess free space following gc" timestamp="2019-07-02T23:05:41.615" />
<gc-end id="944" type="global" contextid="938" durationms="1.694" usertimems="4.000" systemtimems="0.000" timestamp="2019-07-02T23:05:41.616" activeThreads="4">
  <mem-info id="945" free="10299120" total="16252928" percent="63">
    <mem type="tenure" free="10299120" total="16252928" percent="63" micro-fragmented="171495" macro-fragmented="0">
      <mem type="soa" free="10215224" total="16091136" percent="63" />
      <mem type="loa" free="83896" total="161792" percent="51" />
    </mem>
  </mem-info>
</gc-end>
<cycle-end id="946" type="global" contextid="938" timestamp="2019-07-02T23:05:41.616">
  <attribute name="GC Util" value="219" />
  <attribute name="CPU Util" value="17010543806501" />
  <attribute name="Time Running"value="2180"/>
  <attribute name="Number of cores"value="4"/>
</cycle-end>
<allocation-satisfied id="947" threadId="0000000001358100" bytesRequested="40" />
<af-end id="948" timestamp="2019-07-02T23:05:41.616" threadId="0000000001358A88" success="true" />
<exclusive-end id="949" timestamp="2019-07-02T23:05:41.616" durationms="2.145" />

<exclusive-start id="950" timestamp="2019-07-02T23:05:41.621" intervalms="7.614">
  <response-info timems="0.038" idlems="0.038" threads="0" lastid="000000000135F900" lastname="Thread-9" />
</exclusive-start>
<af-start id="951" threadId="0000000001360288" totalBytesRequested="40" timestamp="2019-07-02T23:05:41.621" intervalms="7.603" />
<cycle-start id="952" type="global" contextid="0" timestamp="2019-07-02T23:05:41.621" intervalms="7.594" />
  <attribute name="GC Util" value="219" />
  <attribute name="CPU Util" value="17010543806501" />
  <attribute name="Time Running"value="2180"/>
  <attribute name="Number of cores"value="4"/>
<gc-start id="953" type="global" contextid="952" timestamp="2019-07-02T23:05:41.621">
  <mem-info id="954" free="83896" total="16252928" percent="0">
    <mem type="tenure" free="83896" total="16252928" percent="0">
      <mem type="soa" free="0" total="16091136" percent="0" />
      <mem type="loa" free="83896" total="161792" percent="51" />
    </mem>
  </mem-info>
</gc-start>
<allocation-stats totalBytes="10209280" >
  <allocated-bytes non-tlh="0" tlh="10209280" />
  <largest-consumer threadName="Thread-7" threadId="0000000001358100" bytes="2813080" />
</allocation-stats>
<gc-op id="955" type="mark" timems="2.021" contextid="952" timestamp="2019-07-02T23:05:41.624">
  <trace-info objectcount="69089" scancount="61512" scanbytes="2349228" />
  <finalization candidates="124" enqueued="0" />
  <ownableSynchronizers candidates="3" cleared="0" />
  <references type="soft" candidates="84" cleared="0" enqueued="0" dynamicThreshold="20" maxThreshold="32" />
  <references type="weak" candidates="774" cleared="0" enqueued="0" />
  <references type="phantom" candidates="63" cleared="0" enqueued="0" />
  <stringconstants candidates="4574" cleared="0"  />
</gc-op>
<gc-op id="956" type="sweep" timems="0.777" contextid="952" timestamp="2019-07-02T23:05:41.624" />
<mem-info id="957" free="10212192" total="16252928" percent="62">
  <mem type="tenure" free="10212192" total="16252928" percent="62" micro-fragmented="179364" macro-fragmented="0">
    <mem type="soa" free="10128256" total="16091136" percent="62" />
    <mem type="loa" free="83936" total="161792" percent="51" />
  </mem>
</mem-info>
<gc-op id="958" type="compact" timems="5.812" contextid="952" timestamp="2019-07-02T23:05:41.630">
  <compact-info movecount="29328" movebytes="1254416" reason="compact to aid heap contraction" />
</gc-op>
<heap-resize id="959" type="contract" space="tenure" amount="131072" count="1" timems="0.072" reason="excess free space following gc" timestamp="2019-07-02T23:05:41.631" />
<gc-end id="960" type="global" contextid="952" durationms="9.251" usertimems="20.000" systemtimems="0.000" timestamp="2019-07-02T23:05:41.631" activeThreads="4">
  <mem-info id="961" free="10206992" total="16121856" percent="63">
    <mem type="tenure" free="10206992" total="16121856" percent="63">
      <mem type="soa" free="10076944" total="15961088" percent="63" />
      <mem type="loa" free="130048" total="160768" percent="80" />
    </mem>
  </mem-info>
</gc-end>
<cycle-end id="962" type="global" contextid="952" timestamp="2019-07-02T23:05:41.631">
  <attribute name="GC Util" value="169" />
  <attribute name="CPU Util" value="20904152579942" />
  <attribute name="Time Running"value="2189"/>
  <attribute name="Number of cores"value="4"/>
</cycle-end>
<allocation-satisfied id="963" threadId="000000000135F900" bytesRequested="40" />
<af-end id="964" timestamp="2019-07-02T23:05:41.631" threadId="0000000001360288" success="true" />
<exclusive-end id="965" timestamp="2019-07-02T23:05:41.631" durationms="9.881" />

<exclusive-start id="966" timestamp="2019-07-02T23:05:41.636" intervalms="15.229">
  <response-info timems="0.023" idlems="0.023" threads="0" lastid="0000000001358100" lastname="Thread-7" />
</exclusive-start>
<af-start id="967" threadId="0000000001358A88" totalBytesRequested="40" timestamp="2019-07-02T23:05:41.637" intervalms="15.236" />
<cycle-start id="968" type="global" contextid="0" timestamp="2019-07-02T23:05:41.637" intervalms="15.240" />
  <attribute name="GC Util" value="169" />
  <attribute name="CPU Util" value="20904152579942" />
  <attribute name="Time Running"value="2189"/>
  <attribute name="Number of cores"value="4"/>
<gc-start id="969" type="global" contextid="968" timestamp="2019-07-02T23:05:41.637">
  <mem-info id="970" free="130048" total="16121856" percent="0">
    <mem type="tenure" free="130048" total="16121856" percent="0">
      <mem type="soa" free="0" total="15961088" percent="0" />
      <mem type="loa" free="130048" total="160768" percent="80" />
    </mem>
  </mem-info>
</gc-start>
<allocation-stats totalBytes="10141240" >
  <allocated-bytes non-tlh="0" tlh="10141240" />
  <largest-consumer threadName="Thread-7" threadId="0000000001358100" bytes="2719448" />
</allocation-stats>
<gc-op id="971" type="mark" timems="1.054" contextid="968" timestamp="2019-07-02T23:05:41.638">
  <trace-info objectcount="71811" scancount="64234" scanbytes="2414772" />
  <finalization candidates="124" enqueued="0" />
  <ownableSynchronizers candidates="3" cleared="0" />
  <references type="soft" candidates="84" cleared="0" enqueued="0" dynamicThreshold="20" maxThreshold="32" />
  <references type="weak" candidates="774" cleared="0" enqueued="0" />
  <references type="phantom" candidates="63" cleared="0" enqueued="0" />
  <stringconstants candidates="4574" cleared="0"  />
</gc-op>
<gc-op id="972" type="sweep" timems="0.257" contextid="968" timestamp="2019-07-02T23:05:41.638" />
<heap-resize id="973" type="contract" space="tenure" amount="131072" count="1" timems="0.048" reason="excess free space following gc" timestamp="2019-07-02T23:05:41.638" />
<gc-end id="974" type="global" contextid="968" durationms="1.714" usertimems="4.000" systemtimems="0.000" timestamp="2019-07-02T23:05:41.638" activeThreads="4">
  <mem-info id="975" free="10012608" total="15990784" percent="62">
    <mem type="tenure" free="10012608" total="15990784" percent="62" micro-fragmented="5889" macro-fragmented="0">
      <mem type="soa" free="9921744" total="15831040" percent="62" />
      <mem type="loa" free="90864" total="159744" percent="56" />
    </mem>
  </mem-info>
</gc-end>
<cycle-end id="976" type="global" contextid="968" timestamp="2019-07-02T23:05:41.638">
  <attribute name="GC Util" value="220" />
  <attribute name="CPU Util" value="16436934313818" />
  <attribute name="Time Running"value="2203"/>
  <attribute name="Number of cores"value="4"/>
</cycle-end>
<allocation-satisfied id="977" threadId="0000000001358100" bytesRequested="40" />
<af-end id="978" timestamp="2019-07-02T23:05:41.639" threadId="0000000001358A88" success="true" />
<exclusive-end id="979" timestamp="2019-07-02T23:05:41.639" durationms="2.165" />

<exclusive-start id="980" timestamp="2019-07-02T23:05:41.644" intervalms="7.647">
  <response-info timems="0.024" idlems="0.022" threads="1" lastid="0000000001354500" lastname="Thread-8" />
</exclusive-start>
<af-start id="981" threadId="000000000135C688" totalBytesRequested="40" timestamp="2019-07-02T23:05:41.644" intervalms="7.643" />
<cycle-start id="982" type="global" contextid="0" timestamp="2019-07-02T23:05:41.644" intervalms="7.640" />
  <attribute name="GC Util" value="220" />
  <attribute name="CPU Util" value="16436934313818" />
  <attribute name="Time Running"value="2203"/>
  <attribute name="Number of cores"value="4"/>
<gc-start id="983" type="global" contextid="982" timestamp="2019-07-02T23:05:41.644">
  <mem-info id="984" free="90864" total="15990784" percent="0">
    <mem type="tenure" free="90864" total="15990784" percent="0">
      <mem type="soa" free="0" total="15831040" percent="0" />
      <mem type="loa" free="90864" total="159744" percent="56" />
    </mem>
  </mem-info>
</gc-start>
<allocation-stats totalBytes="9914872" >
  <allocated-bytes non-tlh="0" tlh="9914872" />
  <largest-consumer threadName="Thread-7" threadId="0000000001358100" bytes="2709880" />
</allocation-stats>
<gc-op id="985" type="mark" timems="2.091" contextid="982" timestamp="2019-07-02T23:05:41.646">
  <trace-info objectcount="75589" scancount="68015" scanbytes="2505268" />
  <finalization candidates="124" enqueued="0" />
  <ownableSynchronizers candidates="3" cleared="0" />
  <references type="soft" candidates="84" cleared="0" enqueued="0" dynamicThreshold="20" maxThreshold="32" />
  <references type="weak" candidates="774" cleared="0" enqueued="0" />
  <references type="phantom" candidates="63" cleared="0" enqueued="0" />
  <stringconstants candidates="4574" cleared="0"  />
</gc-op>
<gc-op id="986" type="sweep" timems="0.756" contextid="982" timestamp="2019-07-02T23:05:41.647" />
<heap-resize id="987" type="contract" space="tenure" amount="65536" count="1" timems="0.089" reason="excess free space following gc" timestamp="2019-07-02T23:05:41.647" />
<gc-end id="988" type="global" contextid="982" durationms="3.347" usertimems="8.000" systemtimems="0.000" timestamp="2019-07-02T23:05:41.648" activeThreads="4">
  <mem-info id="989" free="9832912" total="15925248" percent="61">
    <mem type="tenure" free="9832912" total="15925248" percent="61" micro-fragmented="43023" macro-fragmented="0">
      <mem type="soa" free="9739600" total="15766528" percent="61" />
      <mem type="loa" free="93312" total="158720" percent="58" />
    </mem>
  </mem-info>
</gc-end>
<cycle-end id="990" type="global" contextid="982" timestamp="2019-07-02T23:05:41.648">
  <attribute name="GC Util" value="257" />
  <attribute name="CPU Util" value="8555317230761" />
  <attribute name="Time Running"value="2211"/>
  <attribute name="Number of cores"value="4"/>
</cycle-end>
<allocation-satisfied id="991" threadId="000000000135BD00" bytesRequested="40" />
<af-end id="992" timestamp="2019-07-02T23:05:41.648" threadId="000000000135C688" success="true" />
<exclusive-end id="993" timestamp="2019-07-02T23:05:41.648" durationms="3.984" />

<exclusive-start id="994" timestamp="2019-07-02T23:05:41.653" intervalms="9.369">
  <response-info timems="0.033" idlems="0.033" threads="0" lastid="0000000001358100" lastname="Thread-7" />
</exclusive-start>
<af-start id="995" threadId="0000000001358A88" totalBytesRequested="40" timestamp="2019-07-02T23:05:41.654" intervalms="9.368" />
<cycle-start id="996" type="global" contextid="0" timestamp="2019-07-02T23:05:41.654" intervalms="9.375" />
  <attribute name="GC Util" value="257" />
  <attribute name="CPU Util" value="8555317230761" />
  <attribute name="Time Running"value="2211"/>
  <attribute name="Number of cores"value="4"/>
<gc-start id="997" type="global" contextid="996" timestamp="2019-07-02T23:05:41.654">
  <mem-info id="998" free="93312" total="15925248" percent="0">
    <mem type="tenure" free="93312" total="15925248" percent="0">
      <mem type="soa" free="0" total="15766528" percent="0" />
      <mem type="loa" free="93312" total="158720" percent="58" />
    </mem>
  </mem-info>
</gc-start>
<allocation-stats totalBytes="9725696" >
  <allocated-bytes non-tlh="19056" tlh="9706640" />
  <largest-consumer threadName="Thread-8" threadId="0000000001354500" bytes="2867984" />
</allocation-stats>
<gc-op id="999" type="mark" timems="1.025" contextid="996" timestamp="2019-07-02T23:05:41.655">
  <trace-info objectcount="68002" scancount="60431" scanbytes="2323532" />
  <finalization candidates="124" enqueued="0" />
  <ownableSynchronizers candidates="3" cleared="0" />
  <references type="soft" candidates="84" cleared="0" enqueued="0" dynamicThreshold="19" maxThreshold="32" />
  <references type="weak" candidates="774" cleared="0" enqueued="0" />
  <references type="phantom" candidates="63" cleared="0" enqueued="0" />
  <stringconstants candidates="4574" cleared="0"  />
</gc-op>
<gc-op id="1000" type="sweep" timems="0.294" contextid="996" timestamp="2019-07-02T23:05:41.655" />
<mem-info id="1001" free="9965624" total="15925248" percent="62">
  <mem type="tenure" free="9965624" total="15925248" percent="62" micro-fragmented="116891" macro-fragmented="0">
    <mem type="soa" free="9825288" total="15766528" percent="62" />
    <mem type="loa" free="140336" total="158720" percent="88" />
  </mem>
</mem-info>
<gc-op id="1002" type="compact" timems="4.106" contextid="996" timestamp="2019-07-02T23:05:41.659">
  <compact-info movecount="28261" movebytes="1229200" reason="compact to aid heap contraction" />
</gc-op>
<heap-resize id="1003" type="contract" space="tenure" amount="131072" count="1" timems="0.081" reason="excess free space following gc" timestamp="2019-07-02T23:05:41.660" />
<gc-end id="1004" type="global" contextid="996" durationms="6.073" usertimems="4.000" systemtimems="4.000" timestamp="2019-07-02T23:05:41.660" activeThreads="4">
  <mem-info id="1005" free="9908080" total="15794176" percent="62">
    <mem type="tenure" free="9908080" total="15794176" percent="62">
      <mem type="soa" free="9778032" total="15636480" percent="62" />
      <mem type="loa" free="130048" total="157696" percent="82" />
    </mem>
  </mem-info>
</gc-end>
<cycle-end id="1006" type="global" contextid="996" timestamp="2019-07-02T23:05:41.660">
  <attribute name="GC Util" value="20" />
  <attribute name="CPU Util" value="45065592434813" />
  <attribute name="Time Running"value="2220"/>
  <attribute name="Number of cores"value="4"/>
</cycle-end>
<allocation-satisfied id="1007" threadId="0000000001358100" bytesRequested="40" />
<af-end id="1008" timestamp="2019-07-02T23:05:41.660" threadId="0000000001358A88" success="true" />
<exclusive-end id="1009" timestamp="2019-07-02T23:05:41.660" durationms="6.755" />

<exclusive-start id="1010" timestamp="2019-07-02T23:05:41.666" intervalms="12.248">
  <response-info timems="0.039" idlems="0.039" threads="0" lastid="0000000001358100" lastname="Thread-7" />
</exclusive-start>
<af-start id="1011" threadId="0000000001358A88" totalBytesRequested="24" timestamp="2019-07-02T23:05:41.666" intervalms="12.245" />
<cycle-start id="1012" type="global" contextid="0" timestamp="2019-07-02T23:05:41.666" intervalms="12.240" />
  <attribute name="GC Util" value="20" />
  <attribute name="CPU Util" value="45065592434813" />
  <attribute name="Time Running"value="2220"/>
  <attribute name="Number of cores"value="4"/>
<gc-start id="1013" type="global" contextid="1012" timestamp="2019-07-02T23:05:41.666">
  <mem-info id="1014" free="130048" total="15794176" percent="0">
    <mem type="tenure" free="130048" total="15794176" percent="0">
      <mem type="soa" free="0" total="15636480" percent="0" />
      <mem type="loa" free="130048" total="157696" percent="82" />
    </mem>
  </mem-info>
</gc-start>
<allocation-stats totalBytes="9842288" >
  <allocated-bytes non-tlh="0" tlh="9842288" />
  <largest-consumer threadName="Thread-8" threadId="0000000001354500" bytes="2719408" />
</allocation-stats>
<gc-op id="1015" type="mark" timems="1.044" contextid="1012" timestamp="2019-07-02T23:05:41.667">
  <trace-info objectcount="71377" scancount="63810" scanbytes="2404188" />
  <finalization candidates="124" enqueued="0" />
  <ownableSynchronizers candidates="3" cleared="0" />
  <references type="soft" candidates="84" cleared="0" enqueued="0" dynamicThreshold="20" maxThreshold="32" />
  <references type="weak" candidates="774" cleared="0" enqueued="0" />
  <references type="phantom" candidates="63" cleared="0" enqueued="0" />
  <stringconstants candidates="4574" cleared="0"  />
</gc-op>
<gc-op id="1016" type="sweep" timems="0.261" contextid="1012" timestamp="2019-07-02T23:05:41.667" />
<heap-resize id="1017" type="contract" space="tenure" amount="131072" count="1" timems="0.049" reason="excess free space following gc" timestamp="2019-07-02T23:05:41.668" />
<gc-end id="1018" type="global" contextid="1012" durationms="1.676" usertimems="4.000" systemtimems="0.000" timestamp="2019-07-02T23:05:41.668" activeThreads="4">
  <mem-info id="1019" free="9747680" total="15663104" percent="62">
    <mem type="tenure" free="9747680" total="15663104" percent="62" micro-fragmented="24390" macro-fragmented="0">
      <mem type="soa" free="9627560" total="15507456" percent="62" />
      <mem type="loa" free="120120" total="155648" percent="77" />
    </mem>
  </mem-info>
</gc-end>
<cycle-end id="1020" type="global" contextid="1012" timestamp="2019-07-02T23:05:41.668">
  <attribute name="GC Util" value="227" />
  <attribute name="CPU Util" value="16695200451127" />
  <attribute name="Time Running"value="2232"/>
  <attribute name="Number of cores"value="4"/>
</cycle-end>
<allocation-satisfied id="1021" threadId="0000000001358100" bytesRequested="24" />
<af-end id="1022" timestamp="2019-07-02T23:05:41.668" threadId="0000000001358A88" success="true" />
<exclusive-end id="1023" timestamp="2019-07-02T23:05:41.668" durationms="2.102" />

<exclusive-start id="1024" timestamp="2019-07-02T23:05:41.673" intervalms="7.651">
  <response-info timems="0.028" idlems="0.028" threads="0" lastid="0000000001358100" lastname="Thread-7" />
</exclusive-start>
<af-start id="1025" threadId="0000000001358A88" totalBytesRequested="24" timestamp="2019-07-02T23:05:41.673" intervalms="7.650" />
<cycle-start id="1026" type="global" contextid="0" timestamp="2019-07-02T23:05:41.673" intervalms="7.651" />
  <attribute name="GC Util" value="227" />
  <attribute name="CPU Util" value="16695200451127" />
  <attribute name="Time Running"value="2232"/>
  <attribute name="Number of cores"value="4"/>
<gc-start id="1027" type="global" contextid="1026" timestamp="2019-07-02T23:05:41.674">
  <mem-info id="1028" free="120120" total="15663104" percent="0">
    <mem type="tenure" free="120120" total="15663104" percent="0">
      <mem type="soa" free="0" total="15507456" percent="0" />
      <mem type="loa" free="120120" total="155648" percent="77" />
    </mem>
  </mem-info>
</gc-start>
<allocation-stats totalBytes="9619768" >
  <allocated-bytes non-tlh="0" tlh="9619768" />
  <largest-consumer threadName="Thread-8" threadId="0000000001354500" bytes="2553856" />
</allocation-stats>
<gc-op id="1029" type="mark" timems="1.016" contextid="1026" timestamp="2019-07-02T23:05:41.675">
  <trace-info objectcount="70188" scancount="62604" scanbytes="2375724" />
  <finalization candidates="124" enqueued="0" />
  <ownableSynchronizers candidates="3" cleared="0" />
  <references type="soft" candidates="84" cleared="0" enqueued="0" dynamicThreshold="19" maxThreshold="32" />
  <references type="weak" candidates="774" cleared="0" enqueued="0" />
  <references type="phantom" candidates="63" cleared="0" enqueued="0" />
  <stringconstants candidates="4574" cleared="0"  />
</gc-op>
<gc-op id="1030" type="sweep" timems="0.285" contextid="1026" timestamp="2019-07-02T23:05:41.675" />
<mem-info id="1031" free="9694152" total="15663104" percent="61">
  <mem type="tenure" free="9694152" total="15663104" percent="61" micro-fragmented="60623" macro-fragmented="0">
    <mem type="soa" free="9572384" total="15507456" percent="61" />
    <mem type="loa" free="121768" total="155648" percent="78" />
  </mem>
</mem-info>
<gc-op id="1032" type="compact" timems="4.310" contextid="1026" timestamp="2019-07-02T23:05:41.679">
  <compact-info movecount="30447" movebytes="1281392" reason="compact to aid heap contraction" />
</gc-op>
<heap-resize id="1033" type="contract" space="tenure" amount="131072" count="1" timems="0.083" reason="excess free space following gc" timestamp="2019-07-02T23:05:41.680" />
<gc-end id="1034" type="global" contextid="1026" durationms="6.241" usertimems="8.000" systemtimems="0.000" timestamp="2019-07-02T23:05:41.680" activeThreads="4">
  <mem-info id="1035" free="9596816" total="15532032" percent="61">
    <mem type="tenure" free="9596816" total="15532032" percent="61">
      <mem type="soa" free="9466768" total="15377408" percent="61" />
      <mem type="loa" free="130048" total="154624" percent="84" />
    </mem>
  </mem-info>
</gc-end>
<cycle-end id="1036" type="global" contextid="1026" timestamp="2019-07-02T23:05:41.680">
  <attribute name="GC Util" value="20" />
  <attribute name="CPU Util" value="44885974406019" />
  <attribute name="Time Running"value="2240"/>
  <attribute name="Number of cores"value="4"/>
</cycle-end>
<allocation-satisfied id="1037" threadId="0000000001358100" bytesRequested="24" />
<af-end id="1038" timestamp="2019-07-02T23:05:41.680" threadId="0000000001358A88" success="true" />
<exclusive-end id="1039" timestamp="2019-07-02T23:05:41.680" durationms="6.797" />

<exclusive-start id="1040" timestamp="2019-07-02T23:05:41.686" intervalms="12.238">
  <response-info timems="0.030" idlems="0.030" threads="0" lastid="0000000001354500" lastname="Thread-8" />
</exclusive-start>
<af-start id="1041" threadId="0000000001354E88" totalBytesRequested="40" timestamp="2019-07-02T23:05:41.686" intervalms="12.232" />
<cycle-start id="1042" type="global" contextid="0" timestamp="2019-07-02T23:05:41.686" intervalms="12.219" />
  <attribute name="GC Util" value="20" />
  <attribute name="CPU Util" value="44885974406019" />
  <attribute name="Time Running"value="2240"/>
  <attribute name="Number of cores"value="4"/>
<gc-start id="1043" type="global" contextid="1042" timestamp="2019-07-02T23:05:41.686">
  <mem-info id="1044" free="130048" total="15532032" percent="0">
    <mem type="tenure" free="130048" total="15532032" percent="0">
      <mem type="soa" free="0" total="15377408" percent="0" />
      <mem type="loa" free="130048" total="154624" percent="84" />
    </mem>
  </mem-info>
</gc-start>
<allocation-stats totalBytes="9530808" >
  <allocated-bytes non-tlh="0" tlh="9530808" />
  <largest-consumer threadName="Thread-8" threadId="0000000001354500" bytes="2683416" />
</allocation-stats>
<gc-op id="1045" type="mark" timems="1.701" contextid="1042" timestamp="2019-07-02T23:05:41.688">
  <trace-info objectcount="69767" scancount="62193" scanbytes="2365324" />
  <finalization candidates="124" enqueued="0" />
  <ownableSynchronizers candidates="3" cleared="0" />
  <references type="soft" candidates="84" cleared="0" enqueued="0" dynamicThreshold="19" maxThreshold="32" />
  <references type="weak" candidates="774" cleared="0" enqueued="0" />
  <references type="phantom" candidates="63" cleared="0" enqueued="0" />
  <stringconstants candidates="4574" cleared="0"  />
</gc-op>
<gc-op id="1046" type="sweep" timems="0.753" contextid="1042" timestamp="2019-07-02T23:05:41.688" />
<heap-resize id="1047" type="contract" space="tenure" amount="131072" count="1" timems="0.043" reason="excess free space following gc" timestamp="2019-07-02T23:05:41.688" />
<gc-end id="1048" type="global" contextid="1042" durationms="2.739" usertimems="8.000" systemtimems="0.000" timestamp="2019-07-02T23:05:41.688" activeThreads="4">
  <mem-info id="1049" free="9303392" total="15400960" percent="60">
    <mem type="tenure" free="9303392" total="15400960" percent="60" micro-fragmented="55612" macro-fragmented="0">
      <mem type="soa" free="9303392" total="15247360" percent="61" />
      <mem type="loa" free="0" total="153600" percent="0" />
    </mem>
  </mem-info>
</gc-end>
<cycle-end id="1050" type="global" contextid="1042" timestamp="2019-07-02T23:05:41.689">
  <attribute name="GC Util" value="252" />
  <attribute name="CPU Util" value="10571272704787" />
  <attribute name="Time Running"value="2252"/>
  <attribute name="Number of cores"value="4"/>
</cycle-end>
<allocation-satisfied id="1051" threadId="0000000001354500" bytesRequested="40" />
<af-end id="1052" timestamp="2019-07-02T23:05:41.689" threadId="0000000001354E88" success="true" />
<exclusive-end id="1053" timestamp="2019-07-02T23:05:41.689" durationms="3.087" />

<exclusive-start id="1054" timestamp="2019-07-02T23:05:41.695" intervalms="9.165">
  <response-info timems="0.022" idlems="0.022" threads="0" lastid="0000000001358100" lastname="Thread-7" />
</exclusive-start>
<af-start id="1055" threadId="0000000001358A88" totalBytesRequested="24" timestamp="2019-07-02T23:05:41.695" intervalms="9.184" />
<cycle-start id="1056" type="global" contextid="0" timestamp="2019-07-02T23:05:41.695" intervalms="9.203" />
  <attribute name="GC Util" value="252" />
  <attribute name="CPU Util" value="10571272704787" />
  <attribute name="Time Running"value="2252"/>
  <attribute name="Number of cores"value="4"/>
<gc-start id="1057" type="global" contextid="1056" timestamp="2019-07-02T23:05:41.695">
  <mem-info id="1058" free="0" total="15400960" percent="0">
    <mem type="tenure" free="0" total="15400960" percent="0">
      <mem type="soa" free="0" total="15247360" percent="0" />
      <mem type="loa" free="0" total="153600" percent="0" />
    </mem>
  </mem-info>
</gc-start>
<allocation-stats totalBytes="9326304" >
  <allocated-bytes non-tlh="0" tlh="9326304" />
  <largest-consumer threadName="Thread-10" threadId="000000000135BD00" bytes="2533072" />
</allocation-stats>
<gc-op id="1059" type="mark" timems="1.015" contextid="1056" timestamp="2019-07-02T23:05:41.696">
  <trace-info objectcount="66330" scancount="58758" scanbytes="2283404" />
  <finalization candidates="124" enqueued="0" />
  <ownableSynchronizers candidates="3" cleared="0" />
  <references type="soft" candidates="84" cleared="0" enqueued="0" dynamicThreshold="19" maxThreshold="32" />
  <references type="weak" candidates="774" cleared="0" enqueued="0" />
  <references type="phantom" candidates="63" cleared="0" enqueued="0" />
  <stringconstants candidates="4574" cleared="0"  />
</gc-op>
<gc-op id="1060" type="sweep" timems="0.284" contextid="1056" timestamp="2019-07-02T23:05:41.696" />
<gc-end id="1061" type="global" contextid="1056" durationms="1.568" usertimems="4.000" systemtimems="0.000" timestamp="2019-07-02T23:05:41.697" activeThreads="4">
  <mem-info id="1062" free="9369912" total="15400960" percent="60">
    <mem type="tenure" free="9369912" total="15400960" percent="60" micro-fragmented="89899" macro-fragmented="0">
      <mem type="soa" free="9369912" total="15247360" percent="61" />
      <mem type="loa" free="0" total="153600" percent="0" />
    </mem>
  </mem-info>
</gc-end>
<cycle-end id="1063" type="global" contextid="1056" timestamp="2019-07-02T23:05:41.697">
  <attribute name="GC Util" value="226" />
  <attribute name="CPU Util" value="17082786045141" />
  <attribute name="Time Running"value="2261"/>
  <attribute name="Number of cores"value="4"/>
</cycle-end>
<allocation-satisfied id="1064" threadId="0000000001358100" bytesRequested="24" />
<af-end id="1065" timestamp="2019-07-02T23:05:41.697" threadId="0000000001358A88" success="true" />
<exclusive-end id="1066" timestamp="2019-07-02T23:05:41.697" durationms="2.102" />

<exclusive-start id="1067" timestamp="2019-07-02T23:05:41.703" intervalms="8.354">
  <response-info timems="0.024" idlems="0.024" threads="0" lastid="000000000135BD00" lastname="Thread-10" />
</exclusive-start>
<af-start id="1068" threadId="000000000135C688" totalBytesRequested="40" timestamp="2019-07-02T23:05:41.703" intervalms="8.347" />
<cycle-start id="1069" type="global" contextid="0" timestamp="2019-07-02T23:05:41.703" intervalms="8.338" />
  <attribute name="GC Util" value="226" />
  <attribute name="CPU Util" value="17082786045141" />
  <attribute name="Time Running"value="2261"/>
  <attribute name="Number of cores"value="4"/>
<gc-start id="1070" type="global" contextid="1069" timestamp="2019-07-02T23:05:41.703">
  <mem-info id="1071" free="0" total="15400960" percent="0">
    <mem type="tenure" free="0" total="15400960" percent="0">
      <mem type="soa" free="0" total="15247360" percent="0" />
      <mem type="loa" free="0" total="153600" percent="0" />
    </mem>
  </mem-info>
</gc-start>
<allocation-stats totalBytes="9375512" >
  <allocated-bytes non-tlh="0" tlh="9375512" />
  <largest-consumer threadName="Thread-10" threadId="000000000135BD00" bytes="2504344" />
</allocation-stats>
<gc-op id="1072" type="mark" timems="2.153" contextid="1069" timestamp="2019-07-02T23:05:41.706">
  <trace-info objectcount="69826" scancount="62272" scanbytes="2367284" />
  <finalization candidates="124" enqueued="0" />
  <ownableSynchronizers candidates="3" cleared="0" />
  <references type="soft" candidates="84" cleared="0" enqueued="0" dynamicThreshold="19" maxThreshold="32" />
  <references type="weak" candidates="774" cleared="0" enqueued="0" />
  <references type="phantom" candidates="63" cleared="0" enqueued="0" />
  <stringconstants candidates="4574" cleared="0"  />
</gc-op>
<gc-op id="1073" type="sweep" timems="0.801" contextid="1069" timestamp="2019-07-02T23:05:41.706" />
<gc-end id="1074" type="global" contextid="1069" durationms="3.261" usertimems="4.000" systemtimems="4.000" timestamp="2019-07-02T23:05:41.707" activeThreads="4">
  <mem-info id="1075" free="9257592" total="15400960" percent="60">
    <mem type="tenure" free="9257592" total="15400960" percent="60" micro-fragmented="93731" macro-fragmented="0">
      <mem type="soa" free="9257592" total="15247360" percent="60" />
      <mem type="loa" free="0" total="153600" percent="0" />
    </mem>
  </mem-info>
</gc-end>
<cycle-end id="1076" type="global" contextid="1069" timestamp="2019-07-02T23:05:41.707">
  <attribute name="GC Util" value="246" />
  <attribute name="CPU Util" value="8215886589813" />
  <attribute name="Time Running"value="2271"/>
  <attribute name="Number of cores"value="4"/>
</cycle-end>
<allocation-satisfied id="1077" threadId="000000000135BD00" bytesRequested="40" />
<af-end id="1078" timestamp="2019-07-02T23:05:41.707" threadId="000000000135C688" success="true" />
<exclusive-end id="1079" timestamp="2019-07-02T23:05:41.707" durationms="3.996" />

<exclusive-start id="1080" timestamp="2019-07-02T23:05:41.713" intervalms="10.329">
  <response-info timems="0.023" idlems="0.023" threads="0" lastid="000000000135F900" lastname="Thread-9" />
</exclusive-start>
<af-start id="1081" threadId="0000000001360288" totalBytesRequested="24" timestamp="2019-07-02T23:05:41.714" intervalms="10.331" />
<cycle-start id="1082" type="global" contextid="0" timestamp="2019-07-02T23:05:41.714" intervalms="10.333" />
  <attribute name="GC Util" value="246" />
  <attribute name="CPU Util" value="8215886589813" />
  <attribute name="Time Running"value="2271"/>
  <attribute name="Number of cores"value="4"/>
<gc-start id="1083" type="global" contextid="1082" timestamp="2019-07-02T23:05:41.714">
  <mem-info id="1084" free="0" total="15400960" percent="0">
    <mem type="tenure" free="0" total="15400960" percent="0">
      <mem type="soa" free="0" total="15247360" percent="0" />
      <mem type="loa" free="0" total="153600" percent="0" />
    </mem>
  </mem-info>
</gc-start>
<allocation-stats totalBytes="9239808" >
  <allocated-bytes non-tlh="19056" tlh="9220752" />
  <largest-consumer threadName="Thread-10" threadId="000000000135BD00" bytes="2451112" />
</allocation-stats>
<gc-op id="1085" type="mark" timems="1.896" contextid="1082" timestamp="2019-07-02T23:05:41.716">
  <trace-info objectcount="67394" scancount="59825" scanbytes="2308708" />
  <finalization candidates="124" enqueued="0" />
  <ownableSynchronizers candidates="3" cleared="0" />
  <references type="soft" candidates="84" cleared="0" enqueued="0" dynamicThreshold="19" maxThreshold="32" />
  <references type="weak" candidates="774" cleared="0" enqueued="0" />
  <references type="phantom" candidates="63" cleared="0" enqueued="0" />
  <stringconstants candidates="4574" cleared="0"  />
</gc-op>
<gc-op id="1086" type="sweep" timems="0.789" contextid="1082" timestamp="2019-07-02T23:05:41.716" />
<gc-end id="1087" type="global" contextid="1082" durationms="2.930" usertimems="8.000" systemtimems="0.000" timestamp="2019-07-02T23:05:41.717" activeThreads="4">
  <mem-info id="1088" free="9308080" total="15400960" percent="60">
    <mem type="tenure" free="9308080" total="15400960" percent="60" micro-fragmented="11556" macro-fragmented="0">
      <mem type="soa" free="9308080" total="15247360" percent="61" />
      <mem type="loa" free="0" total="153600" percent="0" />
    </mem>
  </mem-info>
</gc-end>
<cycle-end id="1089" type="global" contextid="1082" timestamp="2019-07-02T23:05:41.717">
  <attribute name="GC Util" value="250" />
  <attribute name="CPU Util" value="9437204913913" />
  <attribute name="Time Running"value="2281"/>
  <attribute name="Number of cores"value="4"/>
</cycle-end>
<allocation-satisfied id="1090" threadId="000000000135F900" bytesRequested="24" />
<af-end id="1091" timestamp="2019-07-02T23:05:41.717" threadId="0000000001360288" success="true" />
<exclusive-end id="1092" timestamp="2019-07-02T23:05:41.717" durationms="3.341" />

<exclusive-start id="1093" timestamp="2019-07-02T23:05:41.723" intervalms="9.547">
  <response-info timems="0.033" idlems="0.033" threads="0" lastid="0000000001354500" lastname="Thread-8" />
</exclusive-start>
<af-start id="1094" threadId="0000000001354E88" totalBytesRequested="24" timestamp="2019-07-02T23:05:41.723" intervalms="9.530" />
<cycle-start id="1095" type="global" contextid="0" timestamp="2019-07-02T23:05:41.723" intervalms="9.518" />
  <attribute name="GC Util" value="250" />
  <attribute name="CPU Util" value="9437204913913" />
  <attribute name="Time Running"value="2281"/>
  <attribute name="Number of cores"value="4"/>
<gc-start id="1096" type="global" contextid="1095" timestamp="2019-07-02T23:05:41.723">
  <mem-info id="1097" free="0" total="15400960" percent="0">
    <mem type="tenure" free="0" total="15400960" percent="0">
      <mem type="soa" free="0" total="15247360" percent="0" />
      <mem type="loa" free="0" total="153600" percent="0" />
    </mem>
  </mem-info>
</gc-start>
<allocation-stats totalBytes="9353384" >
  <allocated-bytes non-tlh="0" tlh="9353384" />
  <largest-consumer threadName="Thread-9" threadId="000000000135F900" bytes="2524704" />
</allocation-stats>
<gc-op id="1098" type="mark" timems="1.573" contextid="1095" timestamp="2019-07-02T23:05:41.725">
  <trace-info objectcount="69815" scancount="62248" scanbytes="2366780" />
  <finalization candidates="124" enqueued="0" />
  <ownableSynchronizers candidates="3" cleared="0" />
  <references type="soft" candidates="84" cleared="0" enqueued="0" dynamicThreshold="19" maxThreshold="32" />
  <references type="weak" candidates="774" cleared="0" enqueued="0" />
  <references type="phantom" candidates="63" cleared="0" enqueued="0" />
  <stringconstants candidates="4574" cleared="0"  />
</gc-op>
<gc-op id="1099" type="sweep" timems="0.871" contextid="1095" timestamp="2019-07-02T23:05:41.726" />
<gc-end id="1100" type="global" contextid="1095" durationms="2.643" usertimems="4.000" systemtimems="4.000" timestamp="2019-07-02T23:05:41.726" activeThreads="4">
  <mem-info id="1101" free="9233656" total="15400960" percent="59">
    <mem type="tenure" free="9233656" total="15400960" percent="59" micro-fragmented="60000" macro-fragmented="0">
      <mem type="soa" free="9233656" total="15247360" percent="60" />
      <mem type="loa" free="0" total="153600" percent="0" />
    </mem>
  </mem-info>
</gc-end>
<cycle-end id="1102" type="global" contextid="1095" timestamp="2019-07-02T23:05:41.726">
  <attribute name="GC Util" value="245" />
  <attribute name="CPU Util" value="11396404162576" />
  <attribute name="Time Running"value="2290"/>
  <attribute name="Number of cores"value="4"/>
</cycle-end>
<allocation-satisfied id="1103" threadId="0000000001354500" bytesRequested="24" />
<af-end id="1104" timestamp="2019-07-02T23:05:41.726" threadId="0000000001354E88" success="true" />
<exclusive-end id="1105" timestamp="2019-07-02T23:05:41.726" durationms="3.158" />

<exclusive-start id="1106" timestamp="2019-07-02T23:05:41.732" intervalms="9.321">
  <response-info timems="0.027" idlems="0.027" threads="0" lastid="000000000135F900" lastname="Thread-9" />
</exclusive-start>
<af-start id="1107" threadId="0000000001360288" totalBytesRequested="40" timestamp="2019-07-02T23:05:41.732" intervalms="9.361" />
<cycle-start id="1108" type="global" contextid="0" timestamp="2019-07-02T23:05:41.732" intervalms="9.400" />
  <attribute name="GC Util" value="245" />
  <attribute name="CPU Util" value="11396404162576" />
  <attribute name="Time Running"value="2290"/>
  <attribute name="Number of cores"value="4"/>
<gc-start id="1109" type="global" contextid="1108" timestamp="2019-07-02T23:05:41.733">
  <mem-info id="1110" free="0" total="15400960" percent="0">
    <mem type="tenure" free="0" total="15400960" percent="0">
      <mem type="soa" free="0" total="15247360" percent="0" />
      <mem type="loa" free="0" total="153600" percent="0" />
    </mem>
  </mem-info>
</gc-start>
<allocation-stats totalBytes="9231336" >
  <allocated-bytes non-tlh="46320" tlh="9185016" />
  <largest-consumer threadName="Thread-9" threadId="000000000135F900" bytes="2519560" />
</allocation-stats>
<gc-op id="1111" type="mark" timems="2.180" contextid="1108" timestamp="2019-07-02T23:05:41.735">
  <trace-info objectcount="62062" scancount="54492" scanbytes="2180676" />
  <finalization candidates="124" enqueued="0" />
  <ownableSynchronizers candidates="3" cleared="0" />
  <references type="soft" candidates="84" cleared="0" enqueued="0" dynamicThreshold="19" maxThreshold="32" />
  <references type="weak" candidates="774" cleared="0" enqueued="0" />
  <references type="phantom" candidates="63" cleared="0" enqueued="0" />
  <stringconstants candidates="4574" cleared="0"  />
</gc-op>
<gc-op id="1112" type="sweep" timems="0.753" contextid="1108" timestamp="2019-07-02T23:05:41.736" />
<mem-info id="1113" free="9545544" total="15400960" percent="61">
  <mem type="tenure" free="9545544" total="15400960" percent="61" micro-fragmented="52818" macro-fragmented="0">
    <mem type="soa" free="9545544" total="15247360" percent="62" />
    <mem type="loa" free="0" total="153600" percent="0" />
  </mem>
</mem-info>
<gc-op id="1114" type="compact" timems="5.062" contextid="1108" timestamp="2019-07-02T23:05:41.741">
  <compact-info movecount="22321" movebytes="1086344" reason="compact to aid heap contraction" />
</gc-op>
<heap-resize id="1115" type="contract" space="tenure" amount="131072" count="1" timems="0.075" reason="excess free space following gc" timestamp="2019-07-02T23:05:41.741" />
<gc-end id="1116" type="global" contextid="1108" durationms="8.785" usertimems="16.000" systemtimems="0.000" timestamp="2019-07-02T23:05:41.741" activeThreads="4">
  <mem-info id="1117" free="9531768" total="15269888" percent="62">
    <mem type="tenure" free="9531768" total="15269888" percent="62">
      <mem type="soa" free="9401720" total="15117312" percent="62" />
      <mem type="loa" free="130048" total="152576" percent="85" />
    </mem>
  </mem-info>
</gc-end>
<cycle-end id="1118" type="global" contextid="1108" timestamp="2019-07-02T23:05:41.741">
  <attribute name="GC Util" value="148" />
  <attribute name="CPU Util" value="18325193005989" />
  <attribute name="Time Running"value="2301"/>
  <attribute name="Number of cores"value="4"/>
</cycle-end>
<allocation-satisfied id="1119" threadId="000000000135F900" bytesRequested="40" />
<af-end id="1120" timestamp="2019-07-02T23:05:41.742" threadId="0000000001360288" success="true" />
<exclusive-end id="1121" timestamp="2019-07-02T23:05:41.742" durationms="9.523" />

<exclusive-start id="1122" timestamp="2019-07-02T23:05:41.748" intervalms="16.042">
  <response-info timems="0.024" idlems="0.024" threads="0" lastid="0000000001354500" lastname="Thread-8" />
</exclusive-start>
<af-start id="1123" threadId="0000000001354E88" totalBytesRequested="40" timestamp="2019-07-02T23:05:41.748" intervalms="16.066" />
<cycle-start id="1124" type="global" contextid="0" timestamp="2019-07-02T23:05:41.749" intervalms="16.035" />
  <attribute name="GC Util" value="148" />
  <attribute name="CPU Util" value="18325193005989" />
  <attribute name="Time Running"value="2301"/>
  <attribute name="Number of cores"value="4"/>
<gc-start id="1125" type="global" contextid="1124" timestamp="2019-07-02T23:05:41.749">
  <mem-info id="1126" free="130048" total="15269888" percent="0">
    <mem type="tenure" free="130048" total="15269888" percent="0">
      <mem type="soa" free="0" total="15117312" percent="0" />
      <mem type="loa" free="130048" total="152576" percent="85" />
    </mem>
  </mem-info>
</gc-start>
<allocation-stats totalBytes="9466008" >
  <allocated-bytes non-tlh="0" tlh="9466008" />
  <largest-consumer threadName="Thread-8" threadId="0000000001354500" bytes="2487224" />
</allocation-stats>
<gc-op id="1127" type="mark" timems="1.879" contextid="1124" timestamp="2019-07-02T23:05:41.751">
  <trace-info objectcount="63349" scancount="55757" scanbytes="2211548" />
  <finalization candidates="124" enqueued="0" />
  <ownableSynchronizers candidates="3" cleared="0" />
  <references type="soft" candidates="84" cleared="0" enqueued="0" dynamicThreshold="19" maxThreshold="32" />
  <references type="weak" candidates="774" cleared="0" enqueued="0" />
  <references type="phantom" candidates="63" cleared="0" enqueued="0" />
  <stringconstants candidates="4574" cleared="0"  />
</gc-op>
<gc-op id="1128" type="sweep" timems="0.746" contextid="1124" timestamp="2019-07-02T23:05:41.751" />
<heap-resize id="1129" type="contract" space="tenure" amount="131072" count="1" timems="0.050" reason="excess free space following gc" timestamp="2019-07-02T23:05:41.752" />
<gc-end id="1130" type="global" contextid="1124" durationms="3.126" usertimems="8.000" systemtimems="0.000" timestamp="2019-07-02T23:05:41.752" activeThreads="4">
  <mem-info id="1131" free="9299696" total="15138816" percent="61">
    <mem type="tenure" free="9299696" total="15138816" percent="61" micro-fragmented="0" macro-fragmented="0">
      <mem type="soa" free="9299696" total="14988288" percent="62" />
      <mem type="loa" free="0" total="150528" percent="0" />
    </mem>
  </mem-info>
</gc-end>
<cycle-end id="1132" type="global" contextid="1124" timestamp="2019-07-02T23:05:41.752">
  <attribute name="GC Util" value="252" />
  <attribute name="CPU Util" value="9412790290833" />
  <attribute name="Time Running"value="2316"/>
  <attribute name="Number of cores"value="4"/>
</cycle-end>
<allocation-satisfied id="1133" threadId="0000000001354500" bytesRequested="40" />
<af-end id="1134" timestamp="2019-07-02T23:05:41.752" threadId="0000000001354E88" success="true" />
<exclusive-end id="1135" timestamp="2019-07-02T23:05:41.752" durationms="3.694" />

<exclusive-start id="1136" timestamp="2019-07-02T23:05:41.758" intervalms="9.924">
  <response-info timems="0.022" idlems="0.022" threads="0" lastid="000000000135F900" lastname="Thread-9" />
</exclusive-start>
<af-start id="1137" threadId="0000000001360288" totalBytesRequested="40" timestamp="2019-07-02T23:05:41.758" intervalms="9.870" />
<cycle-start id="1138" type="global" contextid="0" timestamp="2019-07-02T23:05:41.758" intervalms="9.913" />
  <attribute name="GC Util" value="252" />
  <attribute name="CPU Util" value="9412790290833" />
  <attribute name="Time Running"value="2316"/>
  <attribute name="Number of cores"value="4"/>
<gc-start id="1139" type="global" contextid="1138" timestamp="2019-07-02T23:05:41.759">
  <mem-info id="1140" free="0" total="15138816" percent="0">
    <mem type="tenure" free="0" total="15138816" percent="0">
      <mem type="soa" free="0" total="14988288" percent="0" />
      <mem type="loa" free="0" total="150528" percent="0" />
    </mem>
  </mem-info>
</gc-start>
<allocation-stats totalBytes="9293864" >
  <allocated-bytes non-tlh="0" tlh="9293864" />
  <largest-consumer threadName="Thread-7" threadId="0000000001358100" bytes="2455656" />
</allocation-stats>
<gc-op id="1141" type="mark" timems="2.156" contextid="1138" timestamp="2019-07-02T23:05:41.761">
  <trace-info objectcount="64730" scancount="57148" scanbytes="2244772" />
  <finalization candidates="124" enqueued="0" />
  <ownableSynchronizers candidates="3" cleared="0" />
  <references type="soft" candidates="84" cleared="0" enqueued="0" dynamicThreshold="19" maxThreshold="32" />
  <references type="weak" candidates="774" cleared="0" enqueued="0" />
  <references type="phantom" candidates="63" cleared="0" enqueued="0" />
  <stringconstants candidates="4574" cleared="0"  />
</gc-op>
<gc-op id="1142" type="sweep" timems="0.795" contextid="1138" timestamp="2019-07-02T23:05:41.762" />
<gc-end id="1143" type="global" contextid="1138" durationms="3.212" usertimems="8.000" systemtimems="0.000" timestamp="2019-07-02T23:05:41.762" activeThreads="4">
  <mem-info id="1144" free="9236504" total="15138816" percent="61">
    <mem type="tenure" free="9236504" total="15138816" percent="61" micro-fragmented="9221" macro-fragmented="0">
      <mem type="soa" free="9236504" total="14988288" percent="61" />
      <mem type="loa" free="0" total="150528" percent="0" />
    </mem>
  </mem-info>
</gc-end>
<cycle-end id="1145" type="global" contextid="1138" timestamp="2019-07-02T23:05:41.762">
  <attribute name="GC Util" value="241" />
  <attribute name="CPU Util" value="8320284197593" />
  <attribute name="Time Running"value="2326"/>
  <attribute name="Number of cores"value="4"/>
</cycle-end>
<allocation-satisfied id="1146" threadId="000000000135F900" bytesRequested="40" />
<af-end id="1147" timestamp="2019-07-02T23:05:41.762" threadId="0000000001360288" success="true" />
<exclusive-end id="1148" timestamp="2019-07-02T23:05:41.762" durationms="3.898" />

<exclusive-start id="1149" timestamp="2019-07-02T23:05:41.768" intervalms="10.043">
  <response-info timems="0.022" idlems="0.022" threads="0" lastid="0000000001358100" lastname="Thread-7" />
</exclusive-start>
<af-start id="1150" threadId="0000000001358A88" totalBytesRequested="40" timestamp="2019-07-02T23:05:41.768" intervalms="10.054" />
<cycle-start id="1151" type="global" contextid="0" timestamp="2019-07-02T23:05:41.768" intervalms="10.018" />
  <attribute name="GC Util" value="241" />
  <attribute name="CPU Util" value="8320284197593" />
  <attribute name="Time Running"value="2326"/>
  <attribute name="Number of cores"value="4"/>
<gc-start id="1152" type="global" contextid="1151" timestamp="2019-07-02T23:05:41.769">
  <mem-info id="1153" free="0" total="15138816" percent="0">
    <mem type="tenure" free="0" total="15138816" percent="0">
      <mem type="soa" free="0" total="14988288" percent="0" />
      <mem type="loa" free="0" total="150528" percent="0" />
    </mem>
  </mem-info>
</gc-start>
<allocation-stats totalBytes="9223144" >
  <allocated-bytes non-tlh="0" tlh="9223144" />
  <largest-consumer threadName="Thread-7" threadId="0000000001358100" bytes="2484536" />
</allocation-stats>
<gc-op id="1154" type="mark" timems="1.041" contextid="1151" timestamp="2019-07-02T23:05:41.770">
  <trace-info objectcount="65828" scancount="58247" scanbytes="2270916" />
  <finalization candidates="124" enqueued="0" />
  <ownableSynchronizers candidates="3" cleared="0" />
  <references type="soft" candidates="84" cleared="0" enqueued="0" dynamicThreshold="19" maxThreshold="32" />
  <references type="weak" candidates="774" cleared="0" enqueued="0" />
  <references type="phantom" candidates="63" cleared="0" enqueued="0" />
  <stringconstants candidates="4574" cleared="0"  />
</gc-op>
<gc-op id="1155" type="sweep" timems="0.318" contextid="1151" timestamp="2019-07-02T23:05:41.770" />
<gc-end id="1156" type="global" contextid="1151" durationms="1.620" usertimems="4.000" systemtimems="0.000" timestamp="2019-07-02T23:05:41.770" activeThreads="4">
  <mem-info id="1157" free="9172424" total="15138816" percent="60">
    <mem type="tenure" free="9172424" total="15138816" percent="60" micro-fragmented="10795" macro-fragmented="0">
      <mem type="soa" free="9172424" total="14988288" percent="61" />
      <mem type="loa" free="0" total="150528" percent="0" />
    </mem>
  </mem-info>
</gc-end>
<cycle-end id="1158" type="global" contextid="1151" timestamp="2019-07-02T23:05:41.770">
  <attribute name="GC Util" value="226" />
  <attribute name="CPU Util" value="16626717054928" />
  <attribute name="Time Running"value="2335"/>
  <attribute name="Number of cores"value="4"/>
</cycle-end>
<allocation-satisfied id="1159" threadId="0000000001358100" bytesRequested="40" />
<af-end id="1160" timestamp="2019-07-02T23:05:41.770" threadId="0000000001358A88" success="true" />
<exclusive-end id="1161" timestamp="2019-07-02T23:05:41.770" durationms="2.174" />

<exclusive-start id="1162" timestamp="2019-07-02T23:05:41.777" intervalms="8.407">
  <response-info timems="0.022" idlems="0.022" threads="0" lastid="0000000001358100" lastname="Thread-7" />
</exclusive-start>
<af-start id="1163" threadId="0000000001358A88" totalBytesRequested="24" timestamp="2019-07-02T23:05:41.777" intervalms="8.398" />
<cycle-start id="1164" type="global" contextid="0" timestamp="2019-07-02T23:05:41.777" intervalms="8.395" />
  <attribute name="GC Util" value="226" />
  <attribute name="CPU Util" value="16626717054928" />
  <attribute name="Time Running"value="2335"/>
  <attribute name="Number of cores"value="4"/>
<gc-start id="1165" type="global" contextid="1164" timestamp="2019-07-02T23:05:41.777">
  <mem-info id="1166" free="0" total="15138816" percent="0">
    <mem type="tenure" free="0" total="15138816" percent="0">
      <mem type="soa" free="0" total="14988288" percent="0" />
      <mem type="loa" free="0" total="150528" percent="0" />
    </mem>
  </mem-info>
</gc-start>
<allocation-stats totalBytes="9151704" >
  <allocated-bytes non-tlh="0" tlh="9151704" />
  <largest-consumer threadName="Thread-7" threadId="0000000001358100" bytes="2465320" />
</allocation-stats>
<gc-op id="1167" type="mark" timems="1.025" contextid="1164" timestamp="2019-07-02T23:05:41.778">
  <trace-info objectcount="67045" scancount="59466" scanbytes="2300364" />
  <finalization candidates="124" enqueued="0" />
  <ownableSynchronizers candidates="3" cleared="0" />
  <references type="soft" candidates="84" cleared="0" enqueued="0" dynamicThreshold="19" maxThreshold="32" />
  <references type="weak" candidates="774" cleared="0" enqueued="0" />
  <references type="phantom" candidates="63" cleared="0" enqueued="0" />
  <stringconstants candidates="4574" cleared="0"  />
</gc-op>
<gc-op id="1168" type="sweep" timems="0.341" contextid="1164" timestamp="2019-07-02T23:05:41.778" />
<gc-end id="1169" type="global" contextid="1164" durationms="1.652" usertimems="4.000" systemtimems="0.000" timestamp="2019-07-02T23:05:41.779" activeThreads="4">
  <mem-info id="1170" free="9085552" total="15138816" percent="60">
    <mem type="tenure" free="9085552" total="15138816" percent="60" micro-fragmented="9266" macro-fragmented="0">
      <mem type="soa" free="9085552" total="14988288" percent="60" />
      <mem type="loa" free="0" total="150528" percent="0" />
    </mem>
  </mem-info>
</gc-end>
<cycle-end id="1171" type="global" contextid="1164" timestamp="2019-07-02T23:05:41.779">
  <attribute name="GC Util" value="223" />
  <attribute name="CPU Util" value="16817605724141" />
  <attribute name="Time Running"value="2343"/>
  <attribute name="Number of cores"value="4"/>
</cycle-end>
<allocation-satisfied id="1172" threadId="0000000001358100" bytesRequested="24" />
<af-end id="1173" timestamp="2019-07-02T23:05:41.779" threadId="0000000001358A88" success="true" />
<exclusive-end id="1174" timestamp="2019-07-02T23:05:41.779" durationms="2.128" />

<exclusive-start id="1175" timestamp="2019-07-02T23:05:41.785" intervalms="8.440">
  <response-info timems="0.035" idlems="0.034" threads="1" lastid="000000000135BD00" lastname="Thread-10" />
</exclusive-start>
<af-start id="1176" threadId="0000000001358A88" totalBytesRequested="40" timestamp="2019-07-02T23:05:41.785" intervalms="8.442" />
<cycle-start id="1177" type="global" contextid="0" timestamp="2019-07-02T23:05:41.785" intervalms="8.455" />
  <attribute name="GC Util" value="223" />
  <attribute name="CPU Util" value="16817605724141" />
  <attribute name="Time Running"value="2343"/>
  <attribute name="Number of cores"value="4"/>
<gc-start id="1178" type="global" contextid="1177" timestamp="2019-07-02T23:05:41.785">
  <mem-info id="1179" free="0" total="15138816" percent="0">
    <mem type="tenure" free="0" total="15138816" percent="0">
      <mem type="soa" free="0" total="14988288" percent="0" />
      <mem type="loa" free="0" total="150528" percent="0" />
    </mem>
  </mem-info>
</gc-start>
<allocation-stats totalBytes="9059568" >
  <allocated-bytes non-tlh="0" tlh="9059568" />
  <largest-consumer threadName="Thread-8" threadId="0000000001354500" bytes="2403280" />
</allocation-stats>
<gc-op id="1180" type="mark" timems="1.042" contextid="1177" timestamp="2019-07-02T23:05:41.787">
  <trace-info objectcount="68203" scancount="60639" scanbytes="2328060" />
  <finalization candidates="124" enqueued="0" />
  <ownableSynchronizers candidates="3" cleared="0" />
  <references type="soft" candidates="84" cleared="0" enqueued="0" dynamicThreshold="19" maxThreshold="32" />
  <references type="weak" candidates="774" cleared="0" enqueued="0" />
  <references type="phantom" candidates="63" cleared="0" enqueued="0" />
  <stringconstants candidates="4574" cleared="0"  />
</gc-op>
<gc-op id="1181" type="sweep" timems="0.373" contextid="1177" timestamp="2019-07-02T23:05:41.787" />
<heap-resize id="1182" type="expand" space="tenure" amount="1048576" count="1" timems="0.055" reason="excessive time being spent in gc" timestamp="2019-07-02T23:05:41.787" />
<gc-end id="1183" type="global" contextid="1177" durationms="1.777" usertimems="4.000" systemtimems="0.000" timestamp="2019-07-02T23:05:41.787" activeThreads="4">
  <mem-info id="1184" free="10024576" total="16187392" percent="61">
    <mem type="tenure" free="10024576" total="16187392" percent="61" micro-fragmented="47062" macro-fragmented="0">
      <mem type="soa" free="9862784" total="16025600" percent="61" />
      <mem type="loa" free="161792" total="161792" percent="100" />
    </mem>
  </mem-info>
</gc-end>
<cycle-end id="1185" type="global" contextid="1177" timestamp="2019-07-02T23:05:41.787">
  <attribute name="GC Util" value="218" />
  <attribute name="CPU Util" value="16663695284974" />
  <attribute name="Time Running"value="2351"/>
  <attribute name="Number of cores"value="4"/>
</cycle-end>
<allocation-satisfied id="1186" threadId="0000000001358100" bytesRequested="40" />
<af-end id="1187" timestamp="2019-07-02T23:05:41.787" threadId="0000000001358A88" success="true" />
<exclusive-end id="1188" timestamp="2019-07-02T23:05:41.787" durationms="2.306" />

<exclusive-start id="1189" timestamp="2019-07-02T23:05:41.795" intervalms="9.375">
  <response-info timems="0.022" idlems="0.022" threads="0" lastid="000000000135F900" lastname="Thread-9" />
</exclusive-start>
<af-start id="1190" threadId="0000000001360288" totalBytesRequested="40" timestamp="2019-07-02T23:05:41.795" intervalms="9.376" />
<cycle-start id="1191" type="global" contextid="0" timestamp="2019-07-02T23:05:41.795" intervalms="9.396" />
  <attribute name="GC Util" value="218" />
  <attribute name="CPU Util" value="16663695284974" />
  <attribute name="Time Running"value="2351"/>
  <attribute name="Number of cores"value="4"/>
<gc-start id="1192" type="global" contextid="1191" timestamp="2019-07-02T23:05:41.795">
  <mem-info id="1193" free="161792" total="16187392" percent="0">
    <mem type="tenure" free="161792" total="16187392" percent="0">
      <mem type="soa" free="0" total="16025600" percent="0" />
      <mem type="loa" free="161792" total="161792" percent="100" />
    </mem>
  </mem-info>
</gc-start>
<allocation-stats totalBytes="9831496" >
  <allocated-bytes non-tlh="0" tlh="9831496" />
  <largest-consumer threadName="Thread-8" threadId="0000000001354500" bytes="2708056" />
</allocation-stats>
<gc-op id="1194" type="mark" timems="1.910" contextid="1191" timestamp="2019-07-02T23:05:41.797">
  <trace-info objectcount="70763" scancount="63173" scanbytes="2389084" />
  <finalization candidates="124" enqueued="0" />
  <ownableSynchronizers candidates="3" cleared="0" />
  <references type="soft" candidates="84" cleared="0" enqueued="0" dynamicThreshold="19" maxThreshold="32" />
  <references type="weak" candidates="774" cleared="0" enqueued="0" />
  <references type="phantom" candidates="63" cleared="0" enqueued="0" />
  <stringconstants candidates="4574" cleared="0"  />
</gc-op>
<gc-op id="1195" type="sweep" timems="0.908" contextid="1191" timestamp="2019-07-02T23:05:41.798" />
<gc-end id="1196" type="global" contextid="1191" durationms="3.097" usertimems="8.000" systemtimems="0.000" timestamp="2019-07-02T23:05:41.798" activeThreads="4">
  <mem-info id="1197" free="10030328" total="16187392" percent="61">
    <mem type="tenure" free="10030328" total="16187392" percent="61" micro-fragmented="7441" macro-fragmented="0">
      <mem type="soa" free="9868536" total="16025600" percent="61" />
      <mem type="loa" free="161792" total="161792" percent="100" />
    </mem>
  </mem-info>
</gc-end>
<cycle-end id="1198" type="global" contextid="1191" timestamp="2019-07-02T23:05:41.798">
  <attribute name="GC Util" value="255" />
  <attribute name="CPU Util" value="9336450422897" />
  <attribute name="Time Running"value="2362"/>
  <attribute name="Number of cores"value="4"/>
</cycle-end>
<allocation-satisfied id="1199" threadId="000000000135F900" bytesRequested="40" />
<af-end id="1200" timestamp="2019-07-02T23:05:41.798" threadId="0000000001360288" success="true" />
<exclusive-end id="1201" timestamp="2019-07-02T23:05:41.798" durationms="3.852" />

<exclusive-start id="1202" timestamp="2019-07-02T23:05:41.805" intervalms="10.766">
  <response-info timems="0.021" idlems="0.021" threads="0" lastid="000000000135F900" lastname="Thread-9" />
</exclusive-start>
<af-start id="1203" threadId="0000000001360288" totalBytesRequested="24" timestamp="2019-07-02T23:05:41.805" intervalms="10.767" />
<cycle-start id="1204" type="global" contextid="0" timestamp="2019-07-02T23:05:41.805" intervalms="10.732" />
  <attribute name="GC Util" value="255" />
  <attribute name="CPU Util" value="9336450422897" />
  <attribute name="Time Running"value="2362"/>
  <attribute name="Number of cores"value="4"/>
<gc-start id="1205" type="global" contextid="1204" timestamp="2019-07-02T23:05:41.805">
  <mem-info id="1206" free="161792" total="16187392" percent="0">
    <mem type="tenure" free="161792" total="16187392" percent="0">
      <mem type="soa" free="0" total="16025600" percent="0" />
      <mem type="loa" free="161792" total="161792" percent="100" />
    </mem>
  </mem-info>
</gc-start>
<allocation-stats totalBytes="9830808" >
  <allocated-bytes non-tlh="23160" tlh="9807648" />
  <largest-consumer threadName="Thread-8" threadId="0000000001354500" bytes="2926928" />
</allocation-stats>
<gc-op id="1207" type="mark" timems="2.217" contextid="1204" timestamp="2019-07-02T23:05:41.808">
  <trace-info objectcount="67489" scancount="59919" scanbytes="2311004" />
  <finalization candidates="124" enqueued="0" />
  <ownableSynchronizers candidates="3" cleared="0" />
  <references type="soft" candidates="84" cleared="0" enqueued="0" dynamicThreshold="19" maxThreshold="32" />
  <references type="weak" candidates="774" cleared="0" enqueued="0" />
  <references type="phantom" candidates="63" cleared="0" enqueued="0" />
  <stringconstants candidates="4574" cleared="0"  />
</gc-op>
<gc-op id="1208" type="sweep" timems="0.898" contextid="1204" timestamp="2019-07-02T23:05:41.809" />
<gc-end id="1209" type="global" contextid="1204" durationms="3.344" usertimems="8.000" systemtimems="0.000" timestamp="2019-07-02T23:05:41.809" activeThreads="4">
  <mem-info id="1210" free="10091752" total="16187392" percent="62">
    <mem type="tenure" free="10091752" total="16187392" percent="62" micro-fragmented="92228" macro-fragmented="0">
      <mem type="soa" free="9929960" total="16025600" percent="61" />
      <mem type="loa" free="161792" total="161792" percent="100" />
    </mem>
  </mem-info>
</gc-end>
<cycle-end id="1211" type="global" contextid="1204" timestamp="2019-07-02T23:05:41.809">
  <attribute name="GC Util" value="260" />
  <attribute name="CPU Util" value="8112855893497" />
  <attribute name="Time Running"value="2373"/>
  <attribute name="Number of cores"value="4"/>
</cycle-end>
<allocation-satisfied id="1212" threadId="000000000135F900" bytesRequested="24" />
<af-end id="1213" timestamp="2019-07-02T23:05:41.809" threadId="0000000001360288" success="true" />
<exclusive-end id="1214" timestamp="2019-07-02T23:05:41.809" durationms="3.748" />

<exclusive-start id="1215" timestamp="2019-07-02T23:05:41.816" intervalms="10.734">
  <response-info timems="0.023" idlems="0.023" threads="0" lastid="000000000135F900" lastname="Thread-9" />
</exclusive-start>
<af-start id="1216" threadId="0000000001360288" totalBytesRequested="40" timestamp="2019-07-02T23:05:41.816" intervalms="10.733" />
<cycle-start id="1217" type="global" contextid="0" timestamp="2019-07-02T23:05:41.816" intervalms="10.731" />
  <attribute name="GC Util" value="260" />
  <attribute name="CPU Util" value="8112855893497" />
  <attribute name="Time Running"value="2373"/>
  <attribute name="Number of cores"value="4"/>
<gc-start id="1218" type="global" contextid="1217" timestamp="2019-07-02T23:05:41.816">
  <mem-info id="1219" free="161792" total="16187392" percent="0">
    <mem type="tenure" free="161792" total="16187392" percent="0">
      <mem type="soa" free="0" total="16025600" percent="0" />
      <mem type="loa" free="161792" total="161792" percent="100" />
    </mem>
  </mem-info>
</gc-start>
<allocation-stats totalBytes="9894744" >
  <allocated-bytes non-tlh="0" tlh="9894744" />
  <largest-consumer threadName="Thread-8" threadId="0000000001354500" bytes="2753584" />
</allocation-stats>
<gc-op id="1220" type="mark" timems="2.263" contextid="1217" timestamp="2019-07-02T23:05:41.819">
  <trace-info objectcount="69451" scancount="61863" scanbytes="2358020" />
  <finalization candidates="124" enqueued="0" />
  <ownableSynchronizers candidates="3" cleared="0" />
  <references type="soft" candidates="84" cleared="0" enqueued="0" dynamicThreshold="19" maxThreshold="32" />
  <references type="weak" candidates="774" cleared="0" enqueued="0" />
  <references type="phantom" candidates="63" cleared="0" enqueued="0" />
  <stringconstants candidates="4574" cleared="0"  />
</gc-op>
<gc-op id="1221" type="sweep" timems="0.894" contextid="1217" timestamp="2019-07-02T23:05:41.820" />
<gc-end id="1222" type="global" contextid="1217" durationms="3.431" usertimems="8.000" systemtimems="0.000" timestamp="2019-07-02T23:05:41.820" activeThreads="4">
  <mem-info id="1223" free="9917584" total="16187392" percent="61">
    <mem type="tenure" free="9917584" total="16187392" percent="61" micro-fragmented="101922" macro-fragmented="0">
      <mem type="soa" free="9755792" total="16025600" percent="60" />
      <mem type="loa" free="161792" total="161792" percent="100" />
    </mem>
  </mem-info>
</gc-end>
<cycle-end id="1224" type="global" contextid="1217" timestamp="2019-07-02T23:05:41.820">
  <attribute name="GC Util" value="260" />
  <attribute name="CPU Util" value="7932988179511" />
  <attribute name="Time Running"value="2383"/>
  <attribute name="Number of cores"value="4"/>
</cycle-end>
<allocation-satisfied id="1225" threadId="000000000135F900" bytesRequested="40" />
<af-end id="1226" timestamp="2019-07-02T23:05:41.820" threadId="0000000001360288" success="true" />
<exclusive-end id="1227" timestamp="2019-07-02T23:05:41.820" durationms="4.098" />

<exclusive-start id="1228" timestamp="2019-07-02T23:05:41.827" intervalms="10.782">
  <response-info timems="0.025" idlems="0.023" threads="1" lastid="0000000001358100" lastname="Thread-7" />
</exclusive-start>
<af-start id="1229" threadId="000000000135C688" totalBytesRequested="40" timestamp="2019-07-02T23:05:41.827" intervalms="10.789" />
<cycle-start id="1230" type="global" contextid="0" timestamp="2019-07-02T23:05:41.827" intervalms="10.792" />
  <attribute name="GC Util" value="260" />
  <attribute name="CPU Util" value="7932988179511" />
  <attribute name="Time Running"value="2383"/>
  <attribute name="Number of cores"value="4"/>
<gc-start id="1231" type="global" contextid="1230" timestamp="2019-07-02T23:05:41.827">
  <mem-info id="1232" free="161792" total="16187392" percent="0">
    <mem type="tenure" free="161792" total="16187392" percent="0">
      <mem type="soa" free="0" total="16025600" percent="0" />
      <mem type="loa" free="161792" total="161792" percent="100" />
    </mem>
  </mem-info>
</gc-start>
<allocation-stats totalBytes="9715736" >
  <allocated-bytes non-tlh="23160" tlh="9692576" />
  <largest-consumer threadName="Thread-9" threadId="000000000135F900" bytes="2536008" />
</allocation-stats>
<gc-op id="1233" type="mark" timems="2.093" contextid="1230" timestamp="2019-07-02T23:05:41.829">
  <trace-info objectcount="66031" scancount="58456" scanbytes="2275980" />
  <finalization candidates="124" enqueued="0" />
  <ownableSynchronizers candidates="3" cleared="0" />
  <references type="soft" candidates="84" cleared="0" enqueued="0" dynamicThreshold="19" maxThreshold="32" />
  <references type="weak" candidates="774" cleared="0" enqueued="0" />
  <references type="phantom" candidates="63" cleared="0" enqueued="0" />
  <stringconstants candidates="4574" cleared="0"  />
</gc-op>
<gc-op id="1234" type="sweep" timems="0.893" contextid="1230" timestamp="2019-07-02T23:05:41.830" />
<heap-resize id="1235" type="contract" space="tenure" amount="131072" count="1" timems="0.058" reason="excess free space following gc" timestamp="2019-07-02T23:05:41.830" />
<gc-end id="1236" type="global" contextid="1230" durationms="3.375" usertimems="4.000" systemtimems="4.000" timestamp="2019-07-02T23:05:41.830" activeThreads="4">
  <mem-info id="1237" free="9819624" total="16056320" percent="61">
    <mem type="tenure" free="9819624" total="16056320" percent="61" micro-fragmented="83403" macro-fragmented="0">
      <mem type="soa" free="9819624" total="15896576" percent="61" />
      <mem type="loa" free="0" total="159744" percent="0" />
    </mem>
  </mem-info>
</gc-end>
<cycle-end id="1238" type="global" contextid="1230" timestamp="2019-07-02T23:05:41.830">
  <attribute name="GC Util" value="243" />
  <attribute name="CPU Util" value="8431124524240" />
  <attribute name="Time Running"value="2394"/>
  <attribute name="Number of cores"value="4"/>
</cycle-end>
<allocation-satisfied id="1239" threadId="000000000135BD00" bytesRequested="40" />
<af-end id="1240" timestamp="2019-07-02T23:05:41.831" threadId="000000000135C688" success="true" />
<exclusive-end id="1241" timestamp="2019-07-02T23:05:41.831" durationms="3.839" />

<exclusive-start id="1242" timestamp="2019-07-02T23:05:41.837" intervalms="10.409">
  <response-info timems="0.022" idlems="0.022" threads="0" lastid="000000000135F900" lastname="Thread-9" />
</exclusive-start>
<af-start id="1243" threadId="0000000001360288" totalBytesRequested="40" timestamp="2019-07-02T23:05:41.837" intervalms="10.399" />
<cycle-start id="1244" type="global" contextid="0" timestamp="2019-07-02T23:05:41.837" intervalms="10.396" />
  <attribute name="GC Util" value="243" />
  <attribute name="CPU Util" value="8431124524240" />
  <attribute name="Time Running"value="2394"/>
  <attribute name="Number of cores"value="4"/>
<gc-start id="1245" type="global" contextid="1244" timestamp="2019-07-02T23:05:41.837">
  <mem-info id="1246" free="0" total="16056320" percent="0">
    <mem type="tenure" free="0" total="16056320" percent="0">
      <mem type="soa" free="0" total="15896576" percent="0" />
      <mem type="loa" free="0" total="159744" percent="0" />
    </mem>
  </mem-info>
</gc-start>
<allocation-stats totalBytes="9782800" >
  <allocated-bytes non-tlh="0" tlh="9782800" />
  <largest-consumer threadName="Thread-9" threadId="000000000135F900" bytes="2645608" />
</allocation-stats>
<gc-op id="1247" type="mark" timems="1.897" contextid="1244" timestamp="2019-07-02T23:05:41.839">
  <trace-info objectcount="67221" scancount="59653" scanbytes="2304724" />
  <finalization candidates="124" enqueued="0" />
  <ownableSynchronizers candidates="3" cleared="0" />
  <references type="soft" candidates="84" cleared="0" enqueued="0" dynamicThreshold="19" maxThreshold="32" />
  <references type="weak" candidates="774" cleared="0" enqueued="0" />
  <references type="phantom" candidates="63" cleared="0" enqueued="0" />
  <stringconstants candidates="4574" cleared="0"  />
</gc-op>
<gc-op id="1248" type="sweep" timems="0.896" contextid="1244" timestamp="2019-07-02T23:05:41.840" />
<gc-end id="1249" type="global" contextid="1244" durationms="3.035" usertimems="4.000" systemtimems="0.000" timestamp="2019-07-02T23:05:41.840" activeThreads="4">
  <mem-info id="1250" free="9754888" total="16056320" percent="60">
    <mem type="tenure" free="9754888" total="16056320" percent="60" micro-fragmented="100992" macro-fragmented="0">
      <mem type="soa" free="9669272" total="15896576" percent="60" />
      <mem type="loa" free="85616" total="159744" percent="53" />
    </mem>
  </mem-info>
</gc-end>
<cycle-end id="1251" type="global" contextid="1244" timestamp="2019-07-02T23:05:41.841">
  <attribute name="GC Util" value="253" />
  <attribute name="CPU Util" value="9400160826715" />
  <attribute name="Time Running"value="2404"/>
  <attribute name="Number of cores"value="4"/>
</cycle-end>
<allocation-satisfied id="1252" threadId="000000000135F900" bytesRequested="40" />
<af-end id="1253" timestamp="2019-07-02T23:05:41.841" threadId="0000000001360288" success="true" />
<exclusive-end id="1254" timestamp="2019-07-02T23:05:41.841" durationms="3.435" />

<exclusive-start id="1255" timestamp="2019-07-02T23:05:41.847" intervalms="10.072">
  <response-info timems="0.025" idlems="0.025" threads="0" lastid="0000000001358100" lastname="Thread-7" />
</exclusive-start>
<af-start id="1256" threadId="0000000001358A88" totalBytesRequested="40" timestamp="2019-07-02T23:05:41.847" intervalms="10.080" />
<cycle-start id="1257" type="global" contextid="0" timestamp="2019-07-02T23:05:41.847" intervalms="10.088" />
  <attribute name="GC Util" value="253" />
  <attribute name="CPU Util" value="9400160826715" />
  <attribute name="Time Running"value="2404"/>
  <attribute name="Number of cores"value="4"/>
<gc-start id="1258" type="global" contextid="1257" timestamp="2019-07-02T23:05:41.848">
  <mem-info id="1259" free="85616" total="16056320" percent="0">
    <mem type="tenure" free="85616" total="16056320" percent="0">
      <mem type="soa" free="0" total="15896576" percent="0" />
      <mem type="loa" free="85616" total="159744" percent="53" />
    </mem>
  </mem-info>
</gc-start>
<allocation-stats totalBytes="9629016" >
  <allocated-bytes non-tlh="0" tlh="9629016" />
  <largest-consumer threadName="Thread-9" threadId="000000000135F900" bytes="2562968" />
</allocation-stats>
<gc-op id="1260" type="mark" timems="1.072" contextid="1257" timestamp="2019-07-02T23:05:41.849">
  <trace-info objectcount="68573" scancount="60990" scanbytes="2337140" />
  <finalization candidates="124" enqueued="0" />
  <ownableSynchronizers candidates="3" cleared="0" />
  <references type="soft" candidates="84" cleared="0" enqueued="0" dynamicThreshold="19" maxThreshold="32" />
  <references type="weak" candidates="774" cleared="0" enqueued="0" />
  <references type="phantom" candidates="63" cleared="0" enqueued="0" />
  <stringconstants candidates="4574" cleared="0"  />
</gc-op>
<gc-op id="1261" type="sweep" timems="0.493" contextid="1257" timestamp="2019-07-02T23:05:41.849" />
<heap-resize id="1262" type="expand" space="tenure" amount="1048576" count="1" timems="0.069" reason="excessive time being spent in gc" timestamp="2019-07-02T23:05:41.849" />
<gc-end id="1263" type="global" contextid="1257" durationms="1.998" usertimems="4.000" systemtimems="0.000" timestamp="2019-07-02T23:05:41.850" activeThreads="4">
  <mem-info id="1264" free="10631296" total="17104896" percent="62">
    <mem type="tenure" free="10631296" total="17104896" percent="62" micro-fragmented="118528" macro-fragmented="0">
      <mem type="soa" free="10460288" total="16933888" percent="61" />
      <mem type="loa" free="171008" total="171008" percent="100" />
    </mem>
  </mem-info>
</gc-end>
<cycle-end id="1265" type="global" contextid="1257" timestamp="2019-07-02T23:05:41.850">
  <attribute name="GC Util" value="222" />
  <attribute name="CPU Util" value="16221638123820" />
  <attribute name="Time Running"value="2414"/>
  <attribute name="Number of cores"value="4"/>
</cycle-end>
<allocation-satisfied id="1266" threadId="0000000001358100" bytesRequested="40" />
<af-end id="1267" timestamp="2019-07-02T23:05:41.850" threadId="0000000001358A88" success="true" />
<exclusive-end id="1268" timestamp="2019-07-02T23:05:41.850" durationms="2.576" />

<exclusive-start id="1269" timestamp="2019-07-02T23:05:41.857" intervalms="9.917">
  <response-info timems="0.022" idlems="0.022" threads="0" lastid="000000000135BD00" lastname="Thread-10" />
</exclusive-start>
<af-start id="1270" threadId="000000000135C688" totalBytesRequested="40" timestamp="2019-07-02T23:05:41.857" intervalms="9.908" />
<cycle-start id="1271" type="global" contextid="0" timestamp="2019-07-02T23:05:41.857" intervalms="9.899" />
  <attribute name="GC Util" value="222" />
  <attribute name="CPU Util" value="16221638123820" />
  <attribute name="Time Running"value="2414"/>
  <attribute name="Number of cores"value="4"/>
<gc-start id="1272" type="global" contextid="1271" timestamp="2019-07-02T23:05:41.857">
  <mem-info id="1273" free="171008" total="17104896" percent="0">
    <mem type="tenure" free="171008" total="17104896" percent="0">
      <mem type="soa" free="0" total="16933888" percent="0" />
      <mem type="loa" free="171008" total="171008" percent="100" />
    </mem>
  </mem-info>
</gc-start>
<allocation-stats totalBytes="10414056" >
  <allocated-bytes non-tlh="0" tlh="10414056" />
  <largest-consumer threadName="Thread-9" threadId="000000000135F900" bytes="2774496" />
</allocation-stats>
<gc-op id="1274" type="mark" timems="2.260" contextid="1271" timestamp="2019-07-02T23:05:41.860">
  <trace-info objectcount="69728" scancount="62155" scanbytes="2364508" />
  <finalization candidates="124" enqueued="0" />
  <ownableSynchronizers candidates="3" cleared="0" />
  <references type="soft" candidates="84" cleared="0" enqueued="0" dynamicThreshold="19" maxThreshold="32" />
  <references type="weak" candidates="774" cleared="0" enqueued="0" />
  <references type="phantom" candidates="63" cleared="0" enqueued="0" />
  <stringconstants candidates="4574" cleared="0"  />
</gc-op>
<gc-op id="1275" type="sweep" timems="0.992" contextid="1271" timestamp="2019-07-02T23:05:41.861" />
<gc-end id="1276" type="global" contextid="1271" durationms="3.490" usertimems="8.000" systemtimems="0.000" timestamp="2019-07-02T23:05:41.861" activeThreads="4">
  <mem-info id="1277" free="10543232" total="17104896" percent="61">
    <mem type="tenure" free="10543232" total="17104896" percent="61" micro-fragmented="188724" macro-fragmented="0">
      <mem type="soa" free="10372224" total="16933888" percent="61" />
      <mem type="loa" free="171008" total="171008" percent="100" />
    </mem>
  </mem-info>
</gc-end>
<cycle-end id="1278" type="global" contextid="1271" timestamp="2019-07-02T23:05:41.861">
  <attribute name="GC Util" value="255" />
  <attribute name="CPU Util" value="7962048210128" />
  <attribute name="Time Running"value="2425"/>
  <attribute name="Number of cores"value="4"/>
</cycle-end>
<allocation-satisfied id="1279" threadId="000000000135BD00" bytesRequested="40" />
<af-end id="1280" timestamp="2019-07-02T23:05:41.861" threadId="000000000135C688" success="true" />
<exclusive-end id="1281" timestamp="2019-07-02T23:05:41.861" durationms="3.897" />

<exclusive-start id="1282" timestamp="2019-07-02T23:05:41.869" intervalms="11.488">
  <response-info timems="0.026" idlems="0.026" threads="0" lastid="0000000001358100" lastname="Thread-7" />
</exclusive-start>
<af-start id="1283" threadId="0000000001358A88" totalBytesRequested="40" timestamp="2019-07-02T23:05:41.869" intervalms="11.501" />
<cycle-start id="1284" type="global" contextid="0" timestamp="2019-07-02T23:05:41.869" intervalms="11.510" />
  <attribute name="GC Util" value="255" />
  <attribute name="CPU Util" value="7962048210128" />
  <attribute name="Time Running"value="2425"/>
  <attribute name="Number of cores"value="4"/>
<gc-start id="1285" type="global" contextid="1284" timestamp="2019-07-02T23:05:41.869">
  <mem-info id="1286" free="171008" total="17104896" percent="0">
    <mem type="tenure" free="171008" total="17104896" percent="0">
      <mem type="soa" free="0" total="16933888" percent="0" />
      <mem type="loa" free="171008" total="171008" percent="100" />
    </mem>
  </mem-info>
</gc-start>
<allocation-stats totalBytes="10320912" >
  <allocated-bytes non-tlh="0" tlh="10320912" />
  <largest-consumer threadName="Thread-8" threadId="0000000001354500" bytes="2826112" />
</allocation-stats>
<gc-op id="1287" type="mark" timems="1.146" contextid="1284" timestamp="2019-07-02T23:05:41.870">
  <trace-info objectcount="71186" scancount="63611" scanbytes="2400068" />
  <finalization candidates="124" enqueued="0" />
  <ownableSynchronizers candidates="3" cleared="0" />
  <references type="soft" candidates="84" cleared="0" enqueued="0" dynamicThreshold="19" maxThreshold="32" />
  <references type="weak" candidates="774" cleared="0" enqueued="0" />
  <references type="phantom" candidates="63" cleared="0" enqueued="0" />
  <stringconstants candidates="4574" cleared="0"  />
</gc-op>
<gc-op id="1288" type="sweep" timems="0.501" contextid="1284" timestamp="2019-07-02T23:05:41.871" />
<gc-end id="1289" type="global" contextid="1284" durationms="1.906" usertimems="0.000" systemtimems="4.000" timestamp="2019-07-02T23:05:41.871" activeThreads="4">
  <mem-info id="1290" free="10328496" total="17104896" percent="60">
    <mem type="tenure" free="10328496" total="17104896" percent="60" micro-fragmented="176526" macro-fragmented="0">
      <mem type="soa" free="10157488" total="16933888" percent="59" />
      <mem type="loa" free="171008" total="171008" percent="100" />
    </mem>
  </mem-info>
</gc-end>
<cycle-end id="1291" type="global" contextid="1284" timestamp="2019-07-02T23:05:41.871">
  <attribute name="GC Util" value="235" />
  <attribute name="CPU Util" value="15174936619557" />
  <attribute name="Time Running"value="2435"/>
  <attribute name="Number of cores"value="4"/>
</cycle-end>
<allocation-satisfied id="1292" threadId="0000000001358100" bytesRequested="40" />
<af-end id="1293" timestamp="2019-07-02T23:05:41.871" threadId="0000000001358A88" success="true" />
<exclusive-end id="1294" timestamp="2019-07-02T23:05:41.871" durationms="2.516" />

<exclusive-start id="1295" timestamp="2019-07-02T23:05:41.879" intervalms="9.864">
  <response-info timems="0.022" idlems="0.021" threads="1" lastid="000000000135F900" lastname="Thread-9" />
</exclusive-start>
<af-start id="1296" threadId="0000000001358A88" totalBytesRequested="40" timestamp="2019-07-02T23:05:41.879" intervalms="9.857" />
<cycle-start id="1297" type="global" contextid="0" timestamp="2019-07-02T23:05:41.879" intervalms="9.856" />
  <attribute name="GC Util" value="235" />
  <attribute name="CPU Util" value="15174936619557" />
  <attribute name="Time Running"value="2435"/>
  <attribute name="Number of cores"value="4"/>
<gc-start id="1298" type="global" contextid="1297" timestamp="2019-07-02T23:05:41.879">
  <mem-info id="1299" free="171008" total="17104896" percent="0">
    <mem type="tenure" free="171008" total="17104896" percent="0">
      <mem type="soa" free="0" total="16933888" percent="0" />
      <mem type="loa" free="171008" total="171008" percent="100" />
    </mem>
  </mem-info>
</gc-start>
<allocation-stats totalBytes="10103400" >
  <allocated-bytes non-tlh="0" tlh="10103400" />
  <largest-consumer threadName="Thread-8" threadId="0000000001354500" bytes="2728792" />
</allocation-stats>
<gc-op id="1300" type="mark" timems="1.141" contextid="1297" timestamp="2019-07-02T23:05:41.880">
  <trace-info objectcount="72223" scancount="64646" scanbytes="2424396" />
  <finalization candidates="124" enqueued="0" />
  <ownableSynchronizers candidates="3" cleared="0" />
  <references type="soft" candidates="84" cleared="0" enqueued="0" dynamicThreshold="19" maxThreshold="32" />
  <references type="weak" candidates="774" cleared="0" enqueued="0" />
  <references type="phantom" candidates="63" cleared="0" enqueued="0" />
  <stringconstants candidates="4574" cleared="0"  />
</gc-op>
<gc-op id="1301" type="sweep" timems="0.502" contextid="1297" timestamp="2019-07-02T23:05:41.881" />
<heap-resize id="1302" type="expand" space="tenure" amount="1048576" count="1" timems="0.081" reason="excessive time being spent in gc" timestamp="2019-07-02T23:05:41.881" />
<gc-end id="1303" type="global" contextid="1297" durationms="2.044" usertimems="4.000" systemtimems="0.000" timestamp="2019-07-02T23:05:41.881" activeThreads="4">
  <mem-info id="1304" free="11201528" total="18153472" percent="61">
    <mem type="tenure" free="11201528" total="18153472" percent="61" micro-fragmented="374720" macro-fragmented="0">
      <mem type="soa" free="11020280" total="17972224" percent="61" />
      <mem type="loa" free="181248" total="181248" percent="100" />
    </mem>
  </mem-info>
</gc-end>
<cycle-end id="1305" type="global" contextid="1297" timestamp="2019-07-02T23:05:41.881">
  <attribute name="GC Util" value="234" />
  <attribute name="CPU Util" value="15161516322174" />
  <attribute name="Time Running"value="2445"/>
  <attribute name="Number of cores"value="4"/>
</cycle-end>
<allocation-satisfied id="1306" threadId="0000000001358100" bytesRequested="40" />
<af-end id="1307" timestamp="2019-07-02T23:05:41.881" threadId="0000000001358A88" success="true" />
<exclusive-end id="1308" timestamp="2019-07-02T23:05:41.881" durationms="2.558" />

<exclusive-start id="1309" timestamp="2019-07-02T23:05:41.889" intervalms="10.400">
  <response-info timems="0.023" idlems="0.023" threads="0" lastid="0000000001354500" lastname="Thread-8" />
</exclusive-start>
<af-start id="1310" threadId="0000000001354E88" totalBytesRequested="40" timestamp="2019-07-02T23:05:41.889" intervalms="10.401" />
<cycle-start id="1311" type="global" contextid="0" timestamp="2019-07-02T23:05:41.889" intervalms="10.387" />
  <attribute name="GC Util" value="234" />
  <attribute name="CPU Util" value="15161516322174" />
  <attribute name="Time Running"value="2445"/>
  <attribute name="Number of cores"value="4"/>
<gc-start id="1312" type="global" contextid="1311" timestamp="2019-07-02T23:05:41.889">
  <mem-info id="1313" free="181248" total="18153472" percent="0">
    <mem type="tenure" free="181248" total="18153472" percent="0">
      <mem type="soa" free="0" total="17972224" percent="0" />
      <mem type="loa" free="181248" total="181248" percent="100" />
    </mem>
  </mem-info>
</gc-start>
<allocation-stats totalBytes="10961816" >
  <allocated-bytes non-tlh="23160" tlh="10938656" />
  <largest-consumer threadName="Thread-8" threadId="0000000001354500" bytes="2962096" />
</allocation-stats>
<gc-op id="1314" type="mark" timems="2.348" contextid="1311" timestamp="2019-07-02T23:05:41.892">
  <trace-info objectcount="68804" scancount="61227" scanbytes="2342492" />
  <finalization candidates="124" enqueued="0" />
  <ownableSynchronizers candidates="3" cleared="0" />
  <references type="soft" candidates="84" cleared="0" enqueued="0" dynamicThreshold="19" maxThreshold="32" />
  <references type="weak" candidates="774" cleared="0" enqueued="0" />
  <references type="phantom" candidates="63" cleared="0" enqueued="0" />
  <stringconstants candidates="4574" cleared="0"  />
</gc-op>
<gc-op id="1315" type="sweep" timems="0.927" contextid="1311" timestamp="2019-07-02T23:05:41.893" />
<gc-end id="1316" type="global" contextid="1311" durationms="3.477" usertimems="8.000" systemtimems="0.000" timestamp="2019-07-02T23:05:41.893" activeThreads="4">
  <mem-info id="1317" free="11676256" total="18153472" percent="64">
    <mem type="tenure" free="11676256" total="18153472" percent="64" micro-fragmented="217053" macro-fragmented="0">
      <mem type="soa" free="11495008" total="17972224" percent="63" />
      <mem type="loa" free="181248" total="181248" percent="100" />
    </mem>
  </mem-info>
</gc-end>
<cycle-end id="1318" type="global" contextid="1311" timestamp="2019-07-02T23:05:41.893">
  <attribute name="GC Util" value="257" />
  <attribute name="CPU Util" value="7714390861661" />
  <attribute name="Time Running"value="2456"/>
  <attribute name="Number of cores"value="4"/>
</cycle-end>
<allocation-satisfied id="1319" threadId="0000000001354500" bytesRequested="40" />
<af-end id="1320" timestamp="2019-07-02T23:05:41.893" threadId="0000000001354E88" success="true" />
<exclusive-end id="1321" timestamp="2019-07-02T23:05:41.893" durationms="3.918" />

<exclusive-start id="1322" timestamp="2019-07-02T23:05:41.901" intervalms="11.960">
  <response-info timems="0.031" idlems="0.028" threads="1" lastid="0000000001354500" lastname="Thread-8" />
</exclusive-start>
<af-start id="1323" threadId="0000000001360288" totalBytesRequested="40" timestamp="2019-07-02T23:05:41.901" intervalms="11.972" />
<cycle-start id="1324" type="global" contextid="0" timestamp="2019-07-02T23:05:41.901" intervalms="11.958" />
  <attribute name="GC Util" value="257" />
  <attribute name="CPU Util" value="7714390861661" />
  <attribute name="Time Running"value="2456"/>
  <attribute name="Number of cores"value="4"/>
<gc-start id="1325" type="global" contextid="1324" timestamp="2019-07-02T23:05:41.901">
  <mem-info id="1326" free="181248" total="18153472" percent="0">
    <mem type="tenure" free="181248" total="18153472" percent="0">
      <mem type="soa" free="0" total="17972224" percent="0" />
      <mem type="loa" free="181248" total="181248" percent="100" />
    </mem>
  </mem-info>
</gc-start>
<allocation-stats totalBytes="11443824" >
  <allocated-bytes non-tlh="0" tlh="11443824" />
  <largest-consumer threadName="Thread-8" threadId="0000000001354500" bytes="3178952" />
</allocation-stats>
<gc-op id="1327" type="mark" timems="1.826" contextid="1324" timestamp="2019-07-02T23:05:41.903">
  <trace-info objectcount="70250" scancount="62696" scanbytes="2377428" />
  <finalization candidates="124" enqueued="0" />
  <ownableSynchronizers candidates="3" cleared="0" />
  <references type="soft" candidates="84" cleared="0" enqueued="0" dynamicThreshold="20" maxThreshold="32" />
  <references type="weak" candidates="774" cleared="0" enqueued="0" />
  <references type="phantom" candidates="63" cleared="0" enqueued="0" />
  <stringconstants candidates="4574" cleared="0"  />
</gc-op>
<gc-op id="1328" type="sweep" timems="0.950" contextid="1324" timestamp="2019-07-02T23:05:41.904" />
<gc-end id="1329" type="global" contextid="1324" durationms="3.064" usertimems="4.000" systemtimems="0.000" timestamp="2019-07-02T23:05:41.904" activeThreads="4">
  <mem-info id="1330" free="11497496" total="18153472" percent="63">
    <mem type="tenure" free="11497496" total="18153472" percent="63" micro-fragmented="238238" macro-fragmented="0">
      <mem type="soa" free="11316248" total="17972224" percent="62" />
      <mem type="loa" free="181248" total="181248" percent="100" />
    </mem>
  </mem-info>
</gc-end>
<cycle-end id="1331" type="global" contextid="1324" timestamp="2019-07-02T23:05:41.904">
  <attribute name="GC Util" value="255" />
  <attribute name="CPU Util" value="9797635936526" />
  <attribute name="Time Running"value="2468"/>
  <attribute name="Number of cores"value="4"/>
</cycle-end>
<allocation-satisfied id="1332" threadId="000000000135F900" bytesRequested="40" />
<af-end id="1333" timestamp="2019-07-02T23:05:41.905" threadId="0000000001360288" success="true" />
<exclusive-end id="1334" timestamp="2019-07-02T23:05:41.905" durationms="3.738" />

<exclusive-start id="1335" timestamp="2019-07-02T23:05:41.913" intervalms="11.795">
  <response-info timems="0.024" idlems="0.024" threads="0" lastid="0000000001354500" lastname="Thread-8" />
</exclusive-start>
<af-start id="1336" threadId="0000000001354E88" totalBytesRequested="40" timestamp="2019-07-02T23:05:41.913" intervalms="11.769" />
<cycle-start id="1337" type="global" contextid="0" timestamp="2019-07-02T23:05:41.913" intervalms="11.783" />
  <attribute name="GC Util" value="255" />
  <attribute name="CPU Util" value="9797635936526" />
  <attribute name="Time Running"value="2468"/>
  <attribute name="Number of cores"value="4"/>
<gc-start id="1338" type="global" contextid="1337" timestamp="2019-07-02T23:05:41.913">
  <mem-info id="1339" free="181248" total="18153472" percent="0">
    <mem type="tenure" free="181248" total="18153472" percent="0">
      <mem type="soa" free="0" total="17972224" percent="0" />
      <mem type="loa" free="181248" total="181248" percent="100" />
    </mem>
  </mem-info>
</gc-start>
<allocation-stats totalBytes="11260936" >
  <allocated-bytes non-tlh="0" tlh="11260936" />
  <largest-consumer threadName="Thread-8" threadId="0000000001354500" bytes="3096912" />
</allocation-stats>
<gc-op id="1340" type="mark" timems="2.171" contextid="1337" timestamp="2019-07-02T23:05:41.915">
  <trace-info objectcount="71819" scancount="64244" scanbytes="2415260" />
  <finalization candidates="124" enqueued="0" />
  <ownableSynchronizers candidates="3" cleared="0" />
  <references type="soft" candidates="84" cleared="0" enqueued="0" dynamicThreshold="20" maxThreshold="32" />
  <references type="weak" candidates="774" cleared="0" enqueued="0" />
  <references type="phantom" candidates="63" cleared="0" enqueued="0" />
  <stringconstants candidates="4574" cleared="0"  />
</gc-op>
<gc-op id="1341" type="sweep" timems="0.988" contextid="1337" timestamp="2019-07-02T23:05:41.916" />
<heap-resize id="1342" type="contract" space="tenure" amount="131072" count="1" timems="0.083" reason="excess free space following gc" timestamp="2019-07-02T23:05:41.916" />
<gc-end id="1343" type="global" contextid="1337" durationms="3.543" usertimems="8.000" systemtimems="0.000" timestamp="2019-07-02T23:05:41.916" activeThreads="4">
  <mem-info id="1344" free="11030176" total="18022400" percent="61">
    <mem type="tenure" free="11030176" total="18022400" percent="61" micro-fragmented="384416" macro-fragmented="0">
      <mem type="soa" free="11030176" total="17842176" percent="61" />
      <mem type="loa" free="0" total="180224" percent="0" />
    </mem>
  </mem-info>
</gc-end>
<cycle-end id="1345" type="global" contextid="1337" timestamp="2019-07-02T23:05:41.917">
  <attribute name="GC Util" value="261" />
  <attribute name="CPU Util" value="8407361864584" />
  <attribute name="Time Running"value="2480"/>
  <attribute name="Number of cores"value="4"/>
</cycle-end>
<allocation-satisfied id="1346" threadId="0000000001354500" bytesRequested="40" />
<af-end id="1347" timestamp="2019-07-02T23:05:41.917" threadId="0000000001354E88" success="true" />
<exclusive-end id="1348" timestamp="2019-07-02T23:05:41.917" durationms="4.050" />

<exclusive-start id="1349" timestamp="2019-07-02T23:05:41.920" intervalms="7.109">
  <response-info timems="0.022" idlems="0.022" threads="0" lastid="0000000001354500" lastname="Thread-8" />
</exclusive-start>
<af-start id="1350" threadId="0000000001354E88" totalBytesRequested="19056" timestamp="2019-07-02T23:05:41.920" intervalms="7.096" />
<cycle-start id="1351" type="global" contextid="0" timestamp="2019-07-02T23:05:41.920" intervalms="7.088" />
  <attribute name="GC Util" value="261" />
  <attribute name="CPU Util" value="8407361864584" />
  <attribute name="Time Running"value="2480"/>
  <attribute name="Number of cores"value="4"/>
<gc-start id="1352" type="global" contextid="1351" timestamp="2019-07-02T23:05:41.920">
  <mem-info id="1353" free="6951584" total="18022400" percent="38">
    <mem type="tenure" free="6951584" total="18022400" percent="38">
      <mem type="soa" free="6951584" total="17842176" percent="38" />
      <mem type="loa" free="0" total="180224" percent="0" />
    </mem>
  </mem-info>
</gc-start>
<allocation-stats totalBytes="4049632" >
  <allocated-bytes non-tlh="0" tlh="4049632" />
  <largest-consumer threadName="Thread-8" threadId="0000000001354500" bytes="1109896" />
</allocation-stats>
<gc-op id="1354" type="mark" timems="2.243" contextid="1351" timestamp="2019-07-02T23:05:41.922">
  <trace-info objectcount="62668" scancount="55096" scanbytes="2061536" />
  <finalization candidates="124" enqueued="0" />
  <ownableSynchronizers candidates="3" cleared="0" />
  <references type="soft" candidates="84" cleared="0" enqueued="0" dynamicThreshold="19" maxThreshold="32" />
  <references type="weak" candidates="774" cleared="0" enqueued="0" />
  <references type="phantom" candidates="63" cleared="0" enqueued="0" />
  <stringconstants candidates="4574" cleared="0"  />
</gc-op>
<gc-op id="1355" type="sweep" timems="0.896" contextid="1351" timestamp="2019-07-02T23:05:41.923" />
<mem-info id="1356" free="11900640" total="18022400" percent="66">
  <mem type="tenure" free="11900640" total="18022400" percent="66" micro-fragmented="118312" macro-fragmented="0">
    <mem type="soa" free="11798224" total="17842176" percent="66" />
    <mem type="loa" free="102416" total="180224" percent="56" />
  </mem>
</mem-info>
<gc-op id="1357" type="compact" timems="5.337" contextid="1351" timestamp="2019-07-02T23:05:41.929">
  <compact-info movecount="22927" movebytes="967200" reason="compact to aid heap contraction" />
</gc-op>
<heap-resize id="1358" type="contract" space="tenure" amount="131072" count="1" timems="0.076" reason="excess free space following gc" timestamp="2019-07-02T23:05:41.929" />
<gc-end id="1359" type="global" contextid="1351" durationms="9.036" usertimems="16.000" systemtimems="4.000" timestamp="2019-07-02T23:05:41.929" activeThreads="4">
  <mem-info id="1360" free="12292208" total="17891328" percent="68">
    <mem type="tenure" free="12292208" total="17891328" percent="68">
      <mem type="soa" free="12163184" total="17713152" percent="68" />
      <mem type="loa" free="129024" total="178176" percent="72" />
    </mem>
  </mem-info>
</gc-end>
<cycle-end id="1361" type="global" contextid="1351" timestamp="2019-07-02T23:05:41.929">
  <attribute name="GC Util" value="147" />
  <attribute name="CPU Util" value="18022177540118" />
  <attribute name="Time Running"value="2488"/>
  <attribute name="Number of cores"value="4"/>
</cycle-end>
<allocation-satisfied id="1362" threadId="0000000001354500" bytesRequested="19056" />
<af-end id="1363" timestamp="2019-07-02T23:05:41.929" threadId="0000000001354E88" success="true" />
<exclusive-end id="1364" timestamp="2019-07-02T23:05:41.929" durationms="9.393" />

<exclusive-start id="1365" timestamp="2019-07-02T23:05:41.936" intervalms="16.337">
  <response-info timems="0.024" idlems="0.024" threads="0" lastid="000000000135F900" lastname="Thread-9" />
</exclusive-start>
<af-start id="1366" threadId="0000000001360288" totalBytesRequested="40" timestamp="2019-07-02T23:05:41.936" intervalms="16.362" />
<cycle-start id="1367" type="global" contextid="0" timestamp="2019-07-02T23:05:41.936" intervalms="16.382" />
  <attribute name="GC Util" value="147" />
  <attribute name="CPU Util" value="18022177540118" />
  <attribute name="Time Running"value="2488"/>
  <attribute name="Number of cores"value="4"/>
<gc-start id="1368" type="global" contextid="1367" timestamp="2019-07-02T23:05:41.936">
  <mem-info id="1369" free="129024" total="17891328" percent="0">
    <mem type="tenure" free="129024" total="17891328" percent="0">
      <mem type="soa" free="0" total="17713152" percent="0" />
      <mem type="loa" free="129024" total="178176" percent="72" />
    </mem>
  </mem-info>
</gc-start>
<allocation-stats totalBytes="12180656" >
  <allocated-bytes non-tlh="19056" tlh="12161600" />
  <largest-consumer threadName="Thread-8" threadId="0000000001354500" bytes="4048944" />
</allocation-stats>
<gc-op id="1370" type="mark" timems="2.066" contextid="1367" timestamp="2019-07-02T23:05:41.939">
  <trace-info objectcount="64303" scancount="56728" scanbytes="2234228" />
  <finalization candidates="124" enqueued="0" />
  <ownableSynchronizers candidates="3" cleared="0" />
  <references type="soft" candidates="84" cleared="0" enqueued="0" dynamicThreshold="21" maxThreshold="32" />
  <references type="weak" candidates="774" cleared="0" enqueued="0" />
  <references type="phantom" candidates="63" cleared="0" enqueued="0" />
  <stringconstants candidates="4574" cleared="0"  />
</gc-op>
<gc-op id="1371" type="sweep" timems="0.744" contextid="1367" timestamp="2019-07-02T23:05:41.939" />
<heap-resize id="1372" type="contract" space="tenure" amount="131072" count="1" timems="0.083" reason="excess free space following gc" timestamp="2019-07-02T23:05:41.940" />
<gc-end id="1373" type="global" contextid="1367" durationms="3.248" usertimems="4.000" systemtimems="0.000" timestamp="2019-07-02T23:05:41.940" activeThreads="4">
  <mem-info id="1374" free="11768976" total="17760256" percent="66">
    <mem type="tenure" free="11768976" total="17760256" percent="66" micro-fragmented="84903" macro-fragmented="0">
      <mem type="soa" free="11768976" total="17583104" percent="66" />
      <mem type="loa" free="0" total="177152" percent="0" />
    </mem>
  </mem-info>
</gc-end>
<cycle-end id="1375" type="global" contextid="1367" timestamp="2019-07-02T23:05:41.940">
  <attribute name="GC Util" value="250" />
  <attribute name="CPU Util" value="8649827862954" />
  <attribute name="Time Running"value="2503"/>
  <attribute name="Number of cores"value="4"/>
</cycle-end>
<allocation-satisfied id="1376" threadId="000000000135F900" bytesRequested="40" />
<af-end id="1377" timestamp="2019-07-02T23:05:41.940" threadId="0000000001360288" success="true" />
<exclusive-end id="1378" timestamp="2019-07-02T23:05:41.940" durationms="3.663" />

<exclusive-start id="1379" timestamp="2019-07-02T23:05:41.947" intervalms="10.585">
  <response-info timems="0.039" idlems="0.039" threads="0" lastid="000000000135BD00" lastname="Thread-10" />
</exclusive-start>
<af-start id="1380" threadId="000000000135C688" totalBytesRequested="40" timestamp="2019-07-02T23:05:41.947" intervalms="10.587" />
<cycle-start id="1381" type="global" contextid="0" timestamp="2019-07-02T23:05:41.947" intervalms="10.584" />
  <attribute name="GC Util" value="250" />
  <attribute name="CPU Util" value="8649827862954" />
  <attribute name="Time Running"value="2503"/>
  <attribute name="Number of cores"value="4"/>
<gc-start id="1382" type="global" contextid="1381" timestamp="2019-07-02T23:05:41.947">
  <mem-info id="1383" free="0" total="17760256" percent="0">
    <mem type="tenure" free="0" total="17760256" percent="0">
      <mem type="soa" free="0" total="17583104" percent="0" />
      <mem type="loa" free="0" total="177152" percent="0" />
    </mem>
  </mem-info>
</gc-start>
<allocation-stats totalBytes="11770952" >
  <allocated-bytes non-tlh="0" tlh="11770952" />
  <largest-consumer threadName="Thread-8" threadId="0000000001354500" bytes="3483880" />
</allocation-stats>
<gc-op id="1384" type="mark" timems="1.860" contextid="1381" timestamp="2019-07-02T23:05:41.949">
  <trace-info objectcount="66126" scancount="58546" scanbytes="2278588" />
  <finalization candidates="124" enqueued="0" />
  <ownableSynchronizers candidates="3" cleared="0" />
  <references type="soft" candidates="84" cleared="0" enqueued="0" dynamicThreshold="21" maxThreshold="32" />
  <references type="weak" candidates="774" cleared="0" enqueued="0" />
  <references type="phantom" candidates="63" cleared="0" enqueued="0" />
  <stringconstants candidates="4574" cleared="0"  />
</gc-op>
<gc-op id="1385" type="sweep" timems="0.847" contextid="1381" timestamp="2019-07-02T23:05:41.950" />
<heap-resize id="1386" type="contract" space="tenure" amount="65536" count="1" timems="0.091" reason="excess free space following gc" timestamp="2019-07-02T23:05:41.950" />
<gc-end id="1387" type="global" contextid="1381" durationms="3.182" usertimems="4.000" systemtimems="4.000" timestamp="2019-07-02T23:05:41.950" activeThreads="4">
  <mem-info id="1388" free="11634536" total="17694720" percent="65">
    <mem type="tenure" free="11634536" total="17694720" percent="65" micro-fragmented="117659" macro-fragmented="0">
      <mem type="soa" free="11634536" total="17518592" percent="66" />
      <mem type="loa" free="0" total="176128" percent="0" />
    </mem>
  </mem-info>
</gc-end>
<cycle-end id="1389" type="global" contextid="1381" timestamp="2019-07-02T23:05:41.950">
  <attribute name="GC Util" value="254" />
  <attribute name="CPU Util" value="9618620345447" />
  <attribute name="Time Running"value="2514"/>
  <attribute name="Number of cores"value="4"/>
</cycle-end>
<allocation-satisfied id="1390" threadId="000000000135BD00" bytesRequested="40" />
<af-end id="1391" timestamp="2019-07-02T23:05:41.950" threadId="000000000135C688" success="true" />
<exclusive-end id="1392" timestamp="2019-07-02T23:05:41.951" durationms="3.782" />

<exclusive-start id="1393" timestamp="2019-07-02T23:05:41.957" intervalms="10.693">
  <response-info timems="0.029" idlems="0.029" threads="0" lastid="0000000001358100" lastname="Thread-7" />
</exclusive-start>
<af-start id="1394" threadId="0000000001358A88" totalBytesRequested="40" timestamp="2019-07-02T23:05:41.958" intervalms="10.688" />
<cycle-start id="1395" type="global" contextid="0" timestamp="2019-07-02T23:05:41.958" intervalms="10.693" />
  <attribute name="GC Util" value="254" />
  <attribute name="CPU Util" value="9618620345447" />
  <attribute name="Time Running"value="2514"/>
  <attribute name="Number of cores"value="4"/>
<gc-start id="1396" type="global" contextid="1395" timestamp="2019-07-02T23:05:41.958">
  <mem-info id="1397" free="0" total="17694720" percent="0">
    <mem type="tenure" free="0" total="17694720" percent="0">
      <mem type="soa" free="0" total="17518592" percent="0" />
      <mem type="loa" free="0" total="176128" percent="0" />
    </mem>
  </mem-info>
</gc-start>
<allocation-stats totalBytes="11626744" >
  <allocated-bytes non-tlh="0" tlh="11626744" />
  <largest-consumer threadName="Thread-10" threadId="000000000135BD00" bytes="3527704" />
</allocation-stats>
<gc-op id="1398" type="mark" timems="1.049" contextid="1395" timestamp="2019-07-02T23:05:41.959">
  <trace-info objectcount="68385" scancount="60812" scanbytes="2332380" />
  <finalization candidates="124" enqueued="0" />
  <ownableSynchronizers candidates="3" cleared="0" />
  <references type="soft" candidates="84" cleared="0" enqueued="0" dynamicThreshold="21" maxThreshold="32" />
  <references type="weak" candidates="774" cleared="0" enqueued="0" />
  <references type="phantom" candidates="63" cleared="0" enqueued="0" />
  <stringconstants candidates="4574" cleared="0"  />
</gc-op>
<gc-op id="1399" type="sweep" timems="0.360" contextid="1395" timestamp="2019-07-02T23:05:41.959" />
<mem-info id="1400" free="11514104" total="17694720" percent="65">
  <mem type="tenure" free="11514104" total="17694720" percent="65" micro-fragmented="176865" macro-fragmented="0">
    <mem type="soa" free="11514104" total="17518592" percent="65" />
    <mem type="loa" free="0" total="176128" percent="0" />
  </mem>
</mem-info>
<gc-op id="1401" type="compact" timems="4.309" contextid="1395" timestamp="2019-07-02T23:05:41.964">
  <compact-info movecount="28644" movebytes="1238048" reason="compact to aid heap contraction" />
</gc-op>
<heap-resize id="1402" type="contract" space="tenure" amount="131072" count="1" timems="0.086" reason="excess free space following gc" timestamp="2019-07-02T23:05:41.964" />
<gc-end id="1403" type="global" contextid="1395" durationms="6.405" usertimems="8.000" systemtimems="0.000" timestamp="2019-07-02T23:05:41.964" activeThreads="4">
  <mem-info id="1404" free="11651296" total="17563648" percent="66">
    <mem type="tenure" free="11651296" total="17563648" percent="66">
      <mem type="soa" free="11521248" total="17388544" percent="66" />
      <mem type="loa" free="130048" total="175104" percent="74" />
    </mem>
  </mem-info>
</gc-end>
<cycle-end id="1405" type="global" contextid="1395" timestamp="2019-07-02T23:05:41.964">
  <attribute name="GC Util" value="23" />
  <attribute name="CPU Util" value="39010015386697" />
  <attribute name="Time Running"value="2524"/>
  <attribute name="Number of cores"value="4"/>
</cycle-end>
<allocation-satisfied id="1406" threadId="0000000001358100" bytesRequested="40" />
<af-end id="1407" timestamp="2019-07-02T23:05:41.965" threadId="0000000001358A88" success="true" />
<exclusive-end id="1408" timestamp="2019-07-02T23:05:41.965" durationms="7.217" />

<exclusive-start id="1409" timestamp="2019-07-02T23:05:41.971" intervalms="13.652">
  <response-info timems="0.022" idlems="0.022" threads="0" lastid="000000000135BD00" lastname="Thread-10" />
</exclusive-start>
<af-start id="1410" threadId="000000000135C688" totalBytesRequested="40" timestamp="2019-07-02T23:05:41.971" intervalms="13.655" />
<cycle-start id="1411" type="global" contextid="0" timestamp="2019-07-02T23:05:41.971" intervalms="13.701" />
  <attribute name="GC Util" value="23" />
  <attribute name="CPU Util" value="39010015386697" />
  <attribute name="Time Running"value="2524"/>
  <attribute name="Number of cores"value="4"/>
<gc-start id="1412" type="global" contextid="1411" timestamp="2019-07-02T23:05:41.971">
  <mem-info id="1413" free="130048" total="17563648" percent="0">
    <mem type="tenure" free="130048" total="17563648" percent="0">
      <mem type="soa" free="0" total="17388544" percent="0" />
      <mem type="loa" free="130048" total="175104" percent="74" />
    </mem>
  </mem-info>
</gc-start>
<allocation-stats totalBytes="11585400" >
  <allocated-bytes non-tlh="0" tlh="11585400" />
  <largest-consumer threadName="Thread-10" threadId="000000000135BD00" bytes="3951464" />
</allocation-stats>
<gc-op id="1414" type="mark" timems="2.140" contextid="1411" timestamp="2019-07-02T23:05:41.974">
  <trace-info objectcount="70430" scancount="62849" scanbytes="2381260" />
  <finalization candidates="124" enqueued="0" />
  <ownableSynchronizers candidates="3" cleared="0" />
  <references type="soft" candidates="84" cleared="0" enqueued="0" dynamicThreshold="21" maxThreshold="32" />
  <references type="weak" candidates="774" cleared="0" enqueued="0" />
  <references type="phantom" candidates="63" cleared="0" enqueued="0" />
  <stringconstants candidates="4574" cleared="0"  />
</gc-op>
<gc-op id="1415" type="sweep" timems="0.738" contextid="1411" timestamp="2019-07-02T23:05:41.975" />
<heap-resize id="1416" type="contract" space="tenure" amount="131072" count="1" timems="0.101" reason="excess free space following gc" timestamp="2019-07-02T23:05:41.975" />
<gc-end id="1417" type="global" contextid="1411" durationms="3.560" usertimems="0.000" systemtimems="8.000" timestamp="2019-07-02T23:05:41.975" activeThreads="4">
  <mem-info id="1418" free="11402280" total="17432576" percent="65">
    <mem type="tenure" free="11402280" total="17432576" percent="65" micro-fragmented="0" macro-fragmented="0">
      <mem type="soa" free="11402280" total="17258496" percent="66" />
      <mem type="loa" free="0" total="174080" percent="0" />
    </mem>
  </mem-info>
</gc-end>
<cycle-end id="1419" type="global" contextid="1411" timestamp="2019-07-02T23:05:41.975">
  <attribute name="GC Util" value="235" />
  <attribute name="CPU Util" value="8163171886012" />
  <attribute name="Time Running"value="2539"/>
  <attribute name="Number of cores"value="4"/>
</cycle-end>
<allocation-satisfied id="1420" threadId="000000000135BD00" bytesRequested="40" />
<af-end id="1421" timestamp="2019-07-02T23:05:41.975" threadId="000000000135C688" success="true" />
<exclusive-end id="1422" timestamp="2019-07-02T23:05:41.975" durationms="4.218" />

<exclusive-start id="1423" timestamp="2019-07-02T23:05:41.982" intervalms="11.150">
  <response-info timems="0.033" idlems="0.032" threads="1" lastid="0000000001358100" lastname="Thread-7" />
</exclusive-start>
<af-start id="1424" threadId="000000000135C688" totalBytesRequested="24" timestamp="2019-07-02T23:05:41.982" intervalms="11.150" />
<cycle-start id="1425" type="global" contextid="0" timestamp="2019-07-02T23:05:41.982" intervalms="11.098" />
  <attribute name="GC Util" value="235" />
  <attribute name="CPU Util" value="8163171886012" />
  <attribute name="Time Running"value="2539"/>
  <attribute name="Number of cores"value="4"/>
<gc-start id="1426" type="global" contextid="1425" timestamp="2019-07-02T23:05:41.982">
  <mem-info id="1427" free="0" total="17432576" percent="0">
    <mem type="tenure" free="0" total="17432576" percent="0">
      <mem type="soa" free="0" total="17258496" percent="0" />
      <mem type="loa" free="0" total="174080" percent="0" />
    </mem>
  </mem-info>
</gc-start>
<allocation-stats totalBytes="11389896" >
  <allocated-bytes non-tlh="0" tlh="11389896" />
  <largest-consumer threadName="Thread-10" threadId="000000000135BD00" bytes="3459048" />
</allocation-stats>
<gc-op id="1428" type="mark" timems="1.898" contextid="1425" timestamp="2019-07-02T23:05:41.984">
  <trace-info objectcount="72343" scancount="64750" scanbytes="2427132" />
  <finalization candidates="124" enqueued="0" />
  <ownableSynchronizers candidates="3" cleared="0" />
  <references type="soft" candidates="84" cleared="0" enqueued="0" dynamicThreshold="20" maxThreshold="32" />
  <references type="weak" candidates="774" cleared="0" enqueued="0" />
  <references type="phantom" candidates="63" cleared="0" enqueued="0" />
  <stringconstants candidates="4574" cleared="0"  />
</gc-op>
<gc-op id="1429" type="sweep" timems="0.865" contextid="1425" timestamp="2019-07-02T23:05:41.985" />
<mem-info id="1430" free="11292264" total="17432576" percent="64">
  <mem type="tenure" free="11292264" total="17432576" percent="64" micro-fragmented="11924" macro-fragmented="0">
    <mem type="soa" free="11292264" total="17258496" percent="65" />
    <mem type="loa" free="0" total="174080" percent="0" />
  </mem>
</mem-info>
<gc-op id="1431" type="compact" timems="4.855" contextid="1425" timestamp="2019-07-02T23:05:41.990">
  <compact-info movecount="7264" movebytes="175184" reason="compact to aid heap contraction" />
</gc-op>
<heap-resize id="1432" type="contract" space="tenure" amount="131072" count="1" timems="0.091" reason="excess free space following gc" timestamp="2019-07-02T23:05:41.991" />
<gc-end id="1433" type="global" contextid="1425" durationms="8.350" usertimems="12.000" systemtimems="0.000" timestamp="2019-07-02T23:05:41.991" activeThreads="4">
  <mem-info id="1434" free="11296448" total="17301504" percent="65">
    <mem type="tenure" free="11296448" total="17301504" percent="65">
      <mem type="soa" free="11167424" total="17129472" percent="65" />
      <mem type="loa" free="129024" total="172032" percent="75" />
    </mem>
  </mem-info>
</gc-end>
<cycle-end id="1435" type="global" contextid="1425" timestamp="2019-07-02T23:05:41.991">
  <attribute name="GC Util" value="150" />
  <attribute name="CPU Util" value="17855304875199" />
  <attribute name="Time Running"value="2550"/>
  <attribute name="Number of cores"value="4"/>
</cycle-end>
<allocation-satisfied id="1436" threadId="000000000135BD00" bytesRequested="24" />
<af-end id="1437" timestamp="2019-07-02T23:05:41.991" threadId="000000000135C688" success="true" />
<exclusive-end id="1438" timestamp="2019-07-02T23:05:41.991" durationms="9.005" />

<exclusive-start id="1439" timestamp="2019-07-02T23:05:41.998" intervalms="15.427">
  <response-info timems="0.024" idlems="0.024" threads="0" lastid="000000000135F900" lastname="Thread-9" />
</exclusive-start>
<af-start id="1440" threadId="0000000001360288" totalBytesRequested="24" timestamp="2019-07-02T23:05:41.998" intervalms="15.430" />
<cycle-start id="1441" type="global" contextid="0" timestamp="2019-07-02T23:05:41.998" intervalms="15.434" />
  <attribute name="GC Util" value="150" />
  <attribute name="CPU Util" value="17855304875199" />
  <attribute name="Time Running"value="2550"/>
  <attribute name="Number of cores"value="4"/>
<gc-start id="1442" type="global" contextid="1441" timestamp="2019-07-02T23:05:41.998">
  <mem-info id="1443" free="129024" total="17301504" percent="0">
    <mem type="tenure" free="129024" total="17301504" percent="0">
      <mem type="soa" free="0" total="17129472" percent="0" />
      <mem type="loa" free="129024" total="172032" percent="75" />
    </mem>
  </mem-info>
</gc-start>
<allocation-stats totalBytes="11231536" >
  <allocated-bytes non-tlh="0" tlh="11231536" />
  <largest-consumer threadName="Thread-10" threadId="000000000135BD00" bytes="3636840" />
</allocation-stats>
<gc-op id="1444" type="mark" timems="2.219" contextid="1441" timestamp="2019-07-02T23:05:42.000">
  <trace-info objectcount="74109" scancount="66527" scanbytes="2469964" />
  <finalization candidates="124" enqueued="0" />
  <ownableSynchronizers candidates="3" cleared="0" />
  <references type="soft" candidates="84" cleared="0" enqueued="0" dynamicThreshold="20" maxThreshold="32" />
  <references type="weak" candidates="774" cleared="0" enqueued="0" />
  <references type="phantom" candidates="63" cleared="0" enqueued="0" />
  <stringconstants candidates="4574" cleared="0"  />
</gc-op>
<gc-op id="1445" type="sweep" timems="0.774" contextid="1441" timestamp="2019-07-02T23:05:42.001" />
<heap-resize id="1446" type="contract" space="tenure" amount="131072" count="1" timems="0.055" reason="excess free space following gc" timestamp="2019-07-02T23:05:42.001" />
<gc-end id="1447" type="global" contextid="1441" durationms="3.417" usertimems="8.000" systemtimems="0.000" timestamp="2019-07-02T23:05:42.001" activeThreads="4">
  <mem-info id="1448" free="11131680" total="17170432" percent="64">
    <mem type="tenure" free="11131680" total="17170432" percent="64" micro-fragmented="5891" macro-fragmented="0">
      <mem type="soa" free="11047328" total="16999424" percent="64" />
      <mem type="loa" free="84352" total="171008" percent="49" />
    </mem>
  </mem-info>
</gc-end>
<cycle-end id="1449" type="global" contextid="1441" timestamp="2019-07-02T23:05:42.001">
  <attribute name="GC Util" value="259" />
  <attribute name="CPU Util" value="8101180298859" />
  <attribute name="Time Running"value="2565"/>
  <attribute name="Number of cores"value="4"/>
</cycle-end>
<allocation-satisfied id="1450" threadId="000000000135F900" bytesRequested="24" />
<af-end id="1451" timestamp="2019-07-02T23:05:42.001" threadId="0000000001360288" success="true" />
<exclusive-end id="1452" timestamp="2019-07-02T23:05:42.002" durationms="3.867" />

<exclusive-start id="1453" timestamp="2019-07-02T23:05:42.008" intervalms="10.209">
  <response-info timems="0.021" idlems="0.019" threads="3" lastid="0000000001358100" lastname="Thread-7" />
</exclusive-start>
<af-start id="1454" threadId="0000000001360288" totalBytesRequested="40" timestamp="2019-07-02T23:05:42.008" intervalms="10.197" />
<cycle-start id="1455" type="global" contextid="0" timestamp="2019-07-02T23:05:42.008" intervalms="10.190" />
  <attribute name="GC Util" value="259" />
  <attribute name="CPU Util" value="8101180298859" />
  <attribute name="Time Running"value="2565"/>
  <attribute name="Number of cores"value="4"/>
<gc-start id="1456" type="global" contextid="1455" timestamp="2019-07-02T23:05:42.008">
  <mem-info id="1457" free="84352" total="17170432" percent="0">
    <mem type="tenure" free="84352" total="17170432" percent="0">
      <mem type="soa" free="0" total="16999424" percent="0" />
      <mem type="loa" free="84352" total="171008" percent="49" />
    </mem>
  </mem-info>
</gc-start>
<allocation-stats totalBytes="11037352" >
  <allocated-bytes non-tlh="0" tlh="11037352" />
  <largest-consumer threadName="Thread-10" threadId="000000000135BD00" bytes="3581288" />
</allocation-stats>
<gc-op id="1458" type="mark" timems="2.181" contextid="1455" timestamp="2019-07-02T23:05:42.010">
  <trace-info objectcount="68339" scancount="60754" scanbytes="2270188" />
  <finalization candidates="124" enqueued="0" />
  <ownableSynchronizers candidates="3" cleared="0" />
  <references type="soft" candidates="84" cleared="0" enqueued="0" dynamicThreshold="20" maxThreshold="32" />
  <references type="weak" candidates="774" cleared="0" enqueued="0" />
  <references type="phantom" candidates="63" cleared="0" enqueued="0" />
  <stringconstants candidates="4574" cleared="0"  />
</gc-op>
<gc-op id="1459" type="sweep" timems="0.728" contextid="1455" timestamp="2019-07-02T23:05:42.011" />
<heap-resize id="1460" type="contract" space="tenure" amount="65536" count="1" timems="0.047" reason="excess free space following gc" timestamp="2019-07-02T23:05:42.011" />
<gc-end id="1461" type="global" contextid="1455" durationms="3.386" usertimems="8.000" systemtimems="0.000" timestamp="2019-07-02T23:05:42.011" activeThreads="4">
  <mem-info id="1462" free="11155400" total="17104896" percent="65">
    <mem type="tenure" free="11155400" total="17104896" percent="65" micro-fragmented="53200" macro-fragmented="0">
      <mem type="soa" free="11155400" total="16933888" percent="65" />
      <mem type="loa" free="0" total="171008" percent="0" />
    </mem>
  </mem-info>
</gc-end>
<cycle-end id="1463" type="global" contextid="1455" timestamp="2019-07-02T23:05:42.012">
  <attribute name="GC Util" value="260" />
  <attribute name="CPU Util" value="8172169490422" />
  <attribute name="Time Running"value="2575"/>
  <attribute name="Number of cores"value="4"/>
</cycle-end>
<allocation-satisfied id="1464" threadId="000000000135F900" bytesRequested="40" />
<af-end id="1465" timestamp="2019-07-02T23:05:42.012" threadId="0000000001360288" success="true" />
<exclusive-end id="1466" timestamp="2019-07-02T23:05:42.012" durationms="3.970" />

<exclusive-start id="1467" timestamp="2019-07-02T23:05:42.019" intervalms="11.135">
  <response-info timems="0.022" idlems="0.022" threads="0" lastid="0000000001358100" lastname="Thread-7" />
</exclusive-start>
<af-start id="1468" threadId="0000000001358A88" totalBytesRequested="24" timestamp="2019-07-02T23:05:42.019" intervalms="11.202" />
<cycle-start id="1469" type="global" contextid="0" timestamp="2019-07-02T23:05:42.019" intervalms="11.281" />
  <attribute name="GC Util" value="260" />
  <attribute name="CPU Util" value="8172169490422" />
  <attribute name="Time Running"value="2575"/>
  <attribute name="Number of cores"value="4"/>
<gc-start id="1470" type="global" contextid="1469" timestamp="2019-07-02T23:05:42.019">
  <mem-info id="1471" free="0" total="17104896" percent="0">
    <mem type="tenure" free="0" total="17104896" percent="0">
      <mem type="soa" free="0" total="16933888" percent="0" />
      <mem type="loa" free="0" total="171008" percent="0" />
    </mem>
  </mem-info>
</gc-start>
<allocation-stats totalBytes="11142376" >
  <allocated-bytes non-tlh="0" tlh="11142376" />
  <largest-consumer threadName="Thread-8" threadId="0000000001354500" bytes="2928824" />
</allocation-stats>
<gc-op id="1472" type="mark" timems="1.178" contextid="1469" timestamp="2019-07-02T23:05:42.021">
  <trace-info objectcount="73146" scancount="65565" scanbytes="2446876" />
  <finalization candidates="124" enqueued="0" />
  <ownableSynchronizers candidates="3" cleared="0" />
  <references type="soft" candidates="84" cleared="0" enqueued="0" dynamicThreshold="20" maxThreshold="32" />
  <references type="weak" candidates="774" cleared="0" enqueued="0" />
  <references type="phantom" candidates="63" cleared="0" enqueued="0" />
  <stringconstants candidates="4574" cleared="0"  />
</gc-op>
<gc-op id="1473" type="sweep" timems="0.450" contextid="1469" timestamp="2019-07-02T23:05:42.021" />
<mem-info id="1474" free="10929296" total="17104896" percent="63">
  <mem type="tenure" free="10929296" total="17104896" percent="63" micro-fragmented="102358" macro-fragmented="0">
    <mem type="soa" free="10929296" total="16933888" percent="64" />
    <mem type="loa" free="0" total="171008" percent="0" />
  </mem>
</mem-info>
<gc-op id="1475" type="compact" timems="5.472" contextid="1469" timestamp="2019-07-02T23:05:42.027">
  <compact-info movecount="33405" movebytes="1352544" reason="compact to aid heap contraction" />
</gc-op>
<heap-resize id="1476" type="contract" space="tenure" amount="131072" count="1" timems="0.089" reason="excess free space following gc" timestamp="2019-07-02T23:05:42.027" />
<gc-end id="1477" type="global" contextid="1469" durationms="8.067" usertimems="12.000" systemtimems="0.000" timestamp="2019-07-02T23:05:42.027" activeThreads="4">
  <mem-info id="1478" free="10952096" total="16973824" percent="64">
    <mem type="tenure" free="10952096" total="16973824" percent="64">
      <mem type="soa" free="10823072" total="16804864" percent="64" />
      <mem type="loa" free="129024" total="168960" percent="76" />
    </mem>
  </mem-info>
</gc-end>
<cycle-end id="1479" type="global" contextid="1469" timestamp="2019-07-02T23:05:42.028">
  <attribute name="GC Util" value="17" />
  <attribute name="CPU Util" value="26333681643316" />
  <attribute name="Time Running"value="2586"/>
  <attribute name="Number of cores"value="4"/>
</cycle-end>
<allocation-satisfied id="1480" threadId="0000000001358100" bytesRequested="24" />
<af-end id="1481" timestamp="2019-07-02T23:05:42.028" threadId="0000000001358A88" success="true" />
<exclusive-end id="1482" timestamp="2019-07-02T23:05:42.028" durationms="8.900" />

<exclusive-start id="1483" timestamp="2019-07-02T23:05:42.036" intervalms="17.110">
  <response-info timems="0.030" idlems="0.030" threads="0" lastid="0000000001354500" lastname="Thread-8" />
</exclusive-start>
<af-start id="1484" threadId="0000000001354E88" totalBytesRequested="24" timestamp="2019-07-02T23:05:42.036" intervalms="17.072" />
<cycle-start id="1485" type="global" contextid="0" timestamp="2019-07-02T23:05:42.036" intervalms="16.992" />
  <attribute name="GC Util" value="17" />
  <attribute name="CPU Util" value="26333681643316" />
  <attribute name="Time Running"value="2586"/>
  <attribute name="Number of cores"value="4"/>
<gc-start id="1486" type="global" contextid="1485" timestamp="2019-07-02T23:05:42.036">
  <mem-info id="1487" free="129024" total="16973824" percent="0">
    <mem type="tenure" free="129024" total="16973824" percent="0">
      <mem type="soa" free="0" total="16804864" percent="0" />
      <mem type="loa" free="129024" total="168960" percent="76" />
    </mem>
  </mem-info>
</gc-start>
<allocation-stats totalBytes="10887376" >
  <allocated-bytes non-tlh="0" tlh="10887376" />
  <largest-consumer threadName="Thread-8" threadId="0000000001354500" bytes="3810304" />
</allocation-stats>
<gc-op id="1488" type="mark" timems="2.216" contextid="1485" timestamp="2019-07-02T23:05:42.039">
  <trace-info objectcount="67221" scancount="59651" scanbytes="2304892" />
  <finalization candidates="124" enqueued="0" />
  <ownableSynchronizers candidates="3" cleared="0" />
  <references type="soft" candidates="84" cleared="0" enqueued="0" dynamicThreshold="20" maxThreshold="32" />
  <references type="weak" candidates="774" cleared="0" enqueued="0" />
  <references type="phantom" candidates="63" cleared="0" enqueued="0" />
  <stringconstants candidates="4574" cleared="0"  />
</gc-op>
<gc-op id="1489" type="sweep" timems="0.712" contextid="1485" timestamp="2019-07-02T23:05:42.039" />
<heap-resize id="1490" type="contract" space="tenure" amount="131072" count="1" timems="0.103" reason="excess free space following gc" timestamp="2019-07-02T23:05:42.040" />
<gc-end id="1491" type="global" contextid="1485" durationms="3.518" usertimems="8.000" systemtimems="0.000" timestamp="2019-07-02T23:05:42.040" activeThreads="4">
  <mem-info id="1492" free="10820224" total="16842752" percent="64">
    <mem type="tenure" free="10820224" total="16842752" percent="64" micro-fragmented="176666" macro-fragmented="0">
      <mem type="soa" free="10724832" total="16674816" percent="64" />
      <mem type="loa" free="95392" total="167936" percent="56" />
    </mem>
  </mem-info>
</gc-end>
<cycle-end id="1493" type="global" contextid="1485" timestamp="2019-07-02T23:05:42.040">
  <attribute name="GC Util" value="247" />
  <attribute name="CPU Util" value="7959887165753" />
  <attribute name="Time Running"value="2604"/>
  <attribute name="Number of cores"value="4"/>
</cycle-end>
<allocation-satisfied id="1494" threadId="0000000001354500" bytesRequested="24" />
<af-end id="1495" timestamp="2019-07-02T23:05:42.040" threadId="0000000001354E88" success="true" />
<exclusive-end id="1496" timestamp="2019-07-02T23:05:42.040" durationms="4.154" />

<exclusive-start id="1497" timestamp="2019-07-02T23:05:42.052" intervalms="15.902">
  <response-info timems="0.196" idlems="0.180" threads="1" lastid="0000000001354500" lastname="Thread-8" />
</exclusive-start>
<af-start id="1498" threadId="0000000001360288" totalBytesRequested="24" timestamp="2019-07-02T23:05:42.052" intervalms="15.943" />
<cycle-start id="1499" type="global" contextid="0" timestamp="2019-07-02T23:05:42.053" intervalms="17.081" />
  <attribute name="GC Util" value="247" />
  <attribute name="CPU Util" value="7959887165753" />
  <attribute name="Time Running"value="2604"/>
  <attribute name="Number of cores"value="4"/>
<gc-start id="1500" type="global" contextid="1499" timestamp="2019-07-02T23:05:42.053">
  <mem-info id="1501" free="95392" total="16842752" percent="0">
    <mem type="tenure" free="95392" total="16842752" percent="0">
      <mem type="soa" free="0" total="16674816" percent="0" />
      <mem type="loa" free="95392" total="167936" percent="56" />
    </mem>
  </mem-info>
</gc-start>
<allocation-stats totalBytes="10717224" >
  <allocated-bytes non-tlh="0" tlh="10717224" />
  <largest-consumer threadName="Thread-8" threadId="0000000001354500" bytes="4766128" />
</allocation-stats>
<gc-op id="1502" type="mark" timems="1.427" contextid="1499" timestamp="2019-07-02T23:05:42.055">
  <trace-info objectcount="70703" scancount="63135" scanbytes="2388052" />
  <finalization candidates="124" enqueued="0" />
  <ownableSynchronizers candidates="3" cleared="0" />
  <references type="soft" candidates="84" cleared="0" enqueued="0" dynamicThreshold="20" maxThreshold="32" />
  <references type="weak" candidates="774" cleared="0" enqueued="0" />
  <references type="phantom" candidates="63" cleared="0" enqueued="0" />
  <stringconstants candidates="4574" cleared="0"  />
</gc-op>
<gc-op id="1503" type="sweep" timems="0.350" contextid="1499" timestamp="2019-07-02T23:05:42.056" />
<mem-info id="1504" free="10713400" total="16842752" percent="63">
  <mem type="tenure" free="10713400" total="16842752" percent="63" micro-fragmented="244272" macro-fragmented="0">
    <mem type="soa" free="10618008" total="16674816" percent="63" />
    <mem type="loa" free="95392" total="167936" percent="56" />
  </mem>
</mem-info>
<gc-op id="1505" type="compact" timems="4.481" contextid="1499" timestamp="2019-07-02T23:05:42.060">
  <compact-info movecount="30962" movebytes="1293720" reason="compact to aid heap contraction" />
</gc-op>
<heap-resize id="1506" type="contract" space="tenure" amount="131072" count="1" timems="0.037" reason="excess free space following gc" timestamp="2019-07-02T23:05:42.060" />
<gc-end id="1507" type="global" contextid="1499" durationms="7.040" usertimems="8.000" systemtimems="0.000" timestamp="2019-07-02T23:05:42.061" activeThreads="4">
  <mem-info id="1508" free="10751848" total="16711680" percent="64">
    <mem type="tenure" free="10751848" total="16711680" percent="64">
      <mem type="soa" free="10621800" total="16544768" percent="64" />
      <mem type="loa" free="130048" total="166912" percent="77" />
    </mem>
  </mem-info>
</gc-end>
<cycle-end id="1509" type="global" contextid="1499" timestamp="2019-07-02T23:05:42.061">
  <attribute name="GC Util" value="14" />
  <attribute name="CPU Util" value="30938194851507" />
  <attribute name="Time Running"value="2621"/>
  <attribute name="Number of cores"value="4"/>
</cycle-end>
<allocation-satisfied id="1510" threadId="000000000135F900" bytesRequested="24" />
<af-end id="1511" timestamp="2019-07-02T23:05:42.061" threadId="0000000001360288" success="true" />
<exclusive-end id="1512" timestamp="2019-07-02T23:05:42.061" durationms="8.779" />

<exclusive-start id="1513" timestamp="2019-07-02T23:05:42.071" intervalms="19.301">
  <response-info timems="0.042" idlems="0.042" threads="0" lastid="0000000001354500" lastname="Thread-8" />
</exclusive-start>
<af-start id="1514" threadId="0000000001354E88" totalBytesRequested="40" timestamp="2019-07-02T23:05:42.071" intervalms="19.246" />
<cycle-start id="1515" type="global" contextid="0" timestamp="2019-07-02T23:05:42.071" intervalms="18.108" />
  <attribute name="GC Util" value="14" />
  <attribute name="CPU Util" value="30938194851507" />
  <attribute name="Time Running"value="2621"/>
  <attribute name="Number of cores"value="4"/>
<gc-start id="1516" type="global" contextid="1515" timestamp="2019-07-02T23:05:42.072">
  <mem-info id="1517" free="130048" total="16711680" percent="0">
    <mem type="tenure" free="130048" total="16711680" percent="0">
      <mem type="soa" free="0" total="16544768" percent="0" />
      <mem type="loa" free="130048" total="166912" percent="77" />
    </mem>
  </mem-info>
</gc-start>
<allocation-stats totalBytes="10686008" >
  <allocated-bytes non-tlh="0" tlh="10686008" />
  <largest-consumer threadName="Thread-9" threadId="000000000135F900" bytes="5602544" />
</allocation-stats>
<gc-op id="1518" type="mark" timems="2.339" contextid="1515" timestamp="2019-07-02T23:05:42.074">
  <trace-info objectcount="72849" scancount="65274" scanbytes="2439564" />
  <finalization candidates="124" enqueued="0" />
  <ownableSynchronizers candidates="3" cleared="0" />
  <references type="soft" candidates="84" cleared="0" enqueued="0" dynamicThreshold="20" maxThreshold="32" />
  <references type="weak" candidates="774" cleared="0" enqueued="0" />
  <references type="phantom" candidates="63" cleared="0" enqueued="0" />
  <stringconstants candidates="4574" cleared="0"  />
</gc-op>
<gc-op id="1519" type="sweep" timems="0.743" contextid="1515" timestamp="2019-07-02T23:05:42.075" />
<heap-resize id="1520" type="contract" space="tenure" amount="131072" count="1" timems="0.080" reason="excess free space following gc" timestamp="2019-07-02T23:05:42.075" />
<gc-end id="1521" type="global" contextid="1515" durationms="3.523" usertimems="8.000" systemtimems="0.000" timestamp="2019-07-02T23:05:42.075" activeThreads="4">
  <mem-info id="1522" free="10504480" total="16580608" percent="63">
    <mem type="tenure" free="10504480" total="16580608" percent="63" micro-fragmented="10536" macro-fragmented="0">
      <mem type="soa" free="10504480" total="16415744" percent="63" />
      <mem type="loa" free="0" total="164864" percent="0" />
    </mem>
  </mem-info>
</gc-end>
<cycle-end id="1523" type="global" contextid="1515" timestamp="2019-07-02T23:05:42.075">
  <attribute name="GC Util" value="246" />
  <attribute name="CPU Util" value="7733028033322" />
  <attribute name="Time Running"value="2639"/>
  <attribute name="Number of cores"value="4"/>
</cycle-end>
<allocation-satisfied id="1524" threadId="0000000001354500" bytesRequested="40" />
<af-end id="1525" timestamp="2019-07-02T23:05:42.075" threadId="0000000001354E88" success="true" />
<exclusive-end id="1526" timestamp="2019-07-02T23:05:42.075" durationms="4.153" />

<exclusive-start id="1527" timestamp="2019-07-02T23:05:42.082" intervalms="10.965">
  <response-info timems="0.031" idlems="0.031" threads="1" lastid="000000000135F900" lastname="Thread-9" />
</exclusive-start>
<af-start id="1528" threadId="0000000001354E88" totalBytesRequested="40" timestamp="2019-07-02T23:05:42.082" intervalms="10.950" />
<cycle-start id="1529" type="global" contextid="0" timestamp="2019-07-02T23:05:42.082" intervalms="10.952" />
  <attribute name="GC Util" value="246" />
  <attribute name="CPU Util" value="7733028033322" />
  <attribute name="Time Running"value="2639"/>
  <attribute name="Number of cores"value="4"/>
<gc-start id="1530" type="global" contextid="1529" timestamp="2019-07-02T23:05:42.082">
  <mem-info id="1531" free="0" total="16580608" percent="0">
    <mem type="tenure" free="0" total="16580608" percent="0">
      <mem type="soa" free="0" total="16415744" percent="0" />
      <mem type="loa" free="0" total="164864" percent="0" />
    </mem>
  </mem-info>
</gc-start>
<allocation-stats totalBytes="10497720" >
  <allocated-bytes non-tlh="0" tlh="10497720" />
  <largest-consumer threadName="Thread-8" threadId="0000000001354500" bytes="3703296" />
</allocation-stats>
<gc-op id="1532" type="mark" timems="2.502" contextid="1529" timestamp="2019-07-02T23:05:42.085">
  <trace-info objectcount="66132" scancount="58568" scanbytes="2278324" />
  <finalization candidates="124" enqueued="0" />
  <ownableSynchronizers candidates="3" cleared="0" />
  <references type="soft" candidates="84" cleared="0" enqueued="0" dynamicThreshold="20" maxThreshold="32" />
  <references type="weak" candidates="774" cleared="0" enqueued="0" />
  <references type="phantom" candidates="63" cleared="0" enqueued="0" />
  <stringconstants candidates="4574" cleared="0"  />
</gc-op>
<gc-op id="1533" type="sweep" timems="0.760" contextid="1529" timestamp="2019-07-02T23:05:42.086" />
<heap-resize id="1534" type="contract" space="tenure" amount="131072" count="1" timems="0.087" reason="excess free space following gc" timestamp="2019-07-02T23:05:42.086" />
<gc-end id="1535" type="global" contextid="1529" durationms="3.648" usertimems="8.000" systemtimems="0.000" timestamp="2019-07-02T23:05:42.086" activeThreads="4">
  <mem-info id="1536" free="10458800" total="16449536" percent="63">
    <mem type="tenure" free="10458800" total="16449536" percent="63" micro-fragmented="37018" macro-fragmented="0">
      <mem type="soa" free="10458800" total="16285696" percent="64" />
      <mem type="loa" free="0" total="163840" percent="0" />
    </mem>
  </mem-info>
</gc-end>
<cycle-end id="1537" type="global" contextid="1529" timestamp="2019-07-02T23:05:42.086">
  <attribute name="GC Util" value="254" />
  <attribute name="CPU Util" value="7179889331248" />
  <attribute name="Time Running"value="2650"/>
  <attribute name="Number of cores"value="4"/>
</cycle-end>
<allocation-satisfied id="1538" threadId="0000000001354500" bytesRequested="40" />
<af-end id="1539" timestamp="2019-07-02T23:05:42.086" threadId="0000000001354E88" success="true" />
<exclusive-end id="1540" timestamp="2019-07-02T23:05:42.086" durationms="4.129" />

<exclusive-start id="1541" timestamp="2019-07-02T23:05:42.093" intervalms="11.035">
  <response-info timems="0.039" idlems="0.026" threads="2" lastid="000000000135BD00" lastname="Thread-10" />
</exclusive-start>
<af-start id="1542" threadId="0000000001358A88" totalBytesRequested="40" timestamp="2019-07-02T23:05:42.093" intervalms="11.055" />
<cycle-start id="1543" type="global" contextid="0" timestamp="2019-07-02T23:05:42.093" intervalms="11.060" />
  <attribute name="GC Util" value="254" />
  <attribute name="CPU Util" value="7179889331248" />
  <attribute name="Time Running"value="2650"/>
  <attribute name="Number of cores"value="4"/>
<gc-start id="1544" type="global" contextid="1543" timestamp="2019-07-02T23:05:42.094">
  <mem-info id="1545" free="0" total="16449536" percent="0">
    <mem type="tenure" free="0" total="16449536" percent="0">
      <mem type="soa" free="0" total="16285696" percent="0" />
      <mem type="loa" free="0" total="163840" percent="0" />
    </mem>
  </mem-info>
</gc-start>
<allocation-stats totalBytes="10460272" >
  <allocated-bytes non-tlh="0" tlh="10460272" />
  <largest-consumer threadName="Thread-8" threadId="0000000001354500" bytes="3769768" />
</allocation-stats>
<gc-op id="1546" type="mark" timems="2.305" contextid="1543" timestamp="2019-07-02T23:05:42.096">
  <trace-info objectcount="68150" scancount="60575" scanbytes="2326348" />
  <finalization candidates="124" enqueued="0" />
  <ownableSynchronizers candidates="3" cleared="0" />
  <references type="soft" candidates="84" cleared="0" enqueued="0" dynamicThreshold="20" maxThreshold="32" />
  <references type="weak" candidates="774" cleared="0" enqueued="0" />
  <references type="phantom" candidates="63" cleared="0" enqueued="0" />
  <stringconstants candidates="4574" cleared="0"  />
</gc-op>
<gc-op id="1547" type="sweep" timems="0.819" contextid="1543" timestamp="2019-07-02T23:05:42.097" />
<mem-info id="1548" free="10370288" total="16449536" percent="63">
  <mem type="tenure" free="10370288" total="16449536" percent="63" micro-fragmented="42248" macro-fragmented="0">
    <mem type="soa" free="10370288" total="16285696" percent="63" />
    <mem type="loa" free="0" total="163840" percent="0" />
  </mem>
</mem-info>
<gc-op id="1549" type="compact" timems="5.860" contextid="1543" timestamp="2019-07-02T23:05:42.103">
  <compact-info movecount="28409" movebytes="1232016" reason="compact to aid heap contraction" />
</gc-op>
<heap-resize id="1550" type="contract" space="tenure" amount="131072" count="1" timems="0.084" reason="excess free space following gc" timestamp="2019-07-02T23:05:42.103" />
<gc-end id="1551" type="global" contextid="1543" durationms="9.642" usertimems="16.000" systemtimems="0.000" timestamp="2019-07-02T23:05:42.103" activeThreads="4">
  <mem-info id="1552" free="10424432" total="16318464" percent="63">
    <mem type="tenure" free="10424432" total="16318464" percent="63">
      <mem type="soa" free="10294384" total="16155648" percent="63" />
      <mem type="loa" free="130048" total="162816" percent="79" />
    </mem>
  </mem-info>
</gc-end>
<cycle-end id="1553" type="global" contextid="1543" timestamp="2019-07-02T23:05:42.103">
  <attribute name="GC Util" value="161" />
  <attribute name="CPU Util" value="19922998315384" />
  <attribute name="Time Running"value="2662"/>
  <attribute name="Number of cores"value="4"/>
</cycle-end>
<allocation-satisfied id="1554" threadId="0000000001358100" bytesRequested="40" />
<af-end id="1555" timestamp="2019-07-02T23:05:42.104" threadId="0000000001358A88" success="true" />
<exclusive-end id="1556" timestamp="2019-07-02T23:05:42.104" durationms="10.311" />

<exclusive-start id="1557" timestamp="2019-07-02T23:05:42.111" intervalms="17.579">
  <response-info timems="0.357" idlems="0.179" threads="1" lastid="0000000001358100" lastname="Thread-7" />
</exclusive-start>
<af-start id="1558" threadId="000000000135C688" totalBytesRequested="40" timestamp="2019-07-02T23:05:42.111" intervalms="17.568" />
<cycle-start id="1559" type="global" contextid="0" timestamp="2019-07-02T23:05:42.111" intervalms="17.567" />
  <attribute name="GC Util" value="161" />
  <attribute name="CPU Util" value="19922998315384" />
  <attribute name="Time Running"value="2662"/>
  <attribute name="Number of cores"value="4"/>
<gc-start id="1560" type="global" contextid="1559" timestamp="2019-07-02T23:05:42.111">
  <mem-info id="1561" free="130048" total="16318464" percent="0">
    <mem type="tenure" free="130048" total="16318464" percent="0">
      <mem type="soa" free="0" total="16155648" percent="0" />
      <mem type="loa" free="130048" total="162816" percent="79" />
    </mem>
  </mem-info>
</gc-start>
<allocation-stats totalBytes="10358736" >
  <allocated-bytes non-tlh="0" tlh="10358736" />
  <largest-consumer threadName="Thread-8" threadId="0000000001354500" bytes="4030072" />
</allocation-stats>
<gc-op id="1562" type="mark" timems="2.003" contextid="1559" timestamp="2019-07-02T23:05:42.113">
  <trace-info objectcount="64573" scancount="56988" scanbytes="2241316" />
  <finalization candidates="124" enqueued="0" />
  <ownableSynchronizers candidates="3" cleared="0" />
  <references type="soft" candidates="84" cleared="0" enqueued="0" dynamicThreshold="20" maxThreshold="32" />
  <references type="weak" candidates="774" cleared="0" enqueued="0" />
  <references type="phantom" candidates="63" cleared="0" enqueued="0" />
  <stringconstants candidates="4574" cleared="0"  />
</gc-op>
<gc-op id="1563" type="sweep" timems="0.709" contextid="1559" timestamp="2019-07-02T23:05:42.114" />
<heap-resize id="1564" type="contract" space="tenure" amount="131072" count="1" timems="0.050" reason="excess free space following gc" timestamp="2019-07-02T23:05:42.114" />
<gc-end id="1565" type="global" contextid="1559" durationms="3.054" usertimems="8.000" systemtimems="0.000" timestamp="2019-07-02T23:05:42.114" activeThreads="4">
  <mem-info id="1566" free="10306632" total="16187392" percent="63">
    <mem type="tenure" free="10306632" total="16187392" percent="63" micro-fragmented="72206" macro-fragmented="0">
      <mem type="soa" free="10232240" total="16025600" percent="63" />
      <mem type="loa" free="74392" total="161792" percent="45" />
    </mem>
  </mem-info>
</gc-end>
<cycle-end id="1567" type="global" contextid="1559" timestamp="2019-07-02T23:05:42.114">
  <attribute name="GC Util" value="261" />
  <attribute name="CPU Util" value="8950849939666" />
  <attribute name="Time Running"value="2678"/>
  <attribute name="Number of cores"value="4"/>
</cycle-end>
<allocation-satisfied id="1568" threadId="000000000135BD00" bytesRequested="40" />
<af-end id="1569" timestamp="2019-07-02T23:05:42.114" threadId="000000000135C688" success="true" />
<exclusive-end id="1570" timestamp="2019-07-02T23:05:42.114" durationms="3.464" />

<exclusive-start id="1571" timestamp="2019-07-02T23:05:42.120" intervalms="8.972">
  <response-info timems="0.039" idlems="0.039" threads="0" lastid="000000000135F900" lastname="Thread-9" />
</exclusive-start>
<af-start id="1572" threadId="0000000001360288" totalBytesRequested="40" timestamp="2019-07-02T23:05:42.120" intervalms="8.973" />
<cycle-start id="1573" type="global" contextid="0" timestamp="2019-07-02T23:05:42.120" intervalms="8.972" />
  <attribute name="GC Util" value="261" />
  <attribute name="CPU Util" value="8950849939666" />
  <attribute name="Time Running"value="2678"/>
  <attribute name="Number of cores"value="4"/>
<gc-start id="1574" type="global" contextid="1573" timestamp="2019-07-02T23:05:42.120">
  <mem-info id="1575" free="74392" total="16187392" percent="0">
    <mem type="tenure" free="74392" total="16187392" percent="0">
      <mem type="soa" free="0" total="16025600" percent="0" />
      <mem type="loa" free="74392" total="161792" percent="45" />
    </mem>
  </mem-info>
</gc-start>
<allocation-stats totalBytes="10253992" >
  <allocated-bytes non-tlh="0" tlh="10253992" />
  <largest-consumer threadName="Thread-7" threadId="0000000001358100" bytes="3088064" />
</allocation-stats>
<gc-op id="1576" type="mark" timems="2.255" contextid="1573" timestamp="2019-07-02T23:05:42.122">
  <trace-info objectcount="67019" scancount="59450" scanbytes="2299340" />
  <finalization candidates="124" enqueued="0" />
  <ownableSynchronizers candidates="3" cleared="0" />
  <references type="soft" candidates="84" cleared="0" enqueued="0" dynamicThreshold="20" maxThreshold="32" />
  <references type="weak" candidates="774" cleared="0" enqueued="0" />
  <references type="phantom" candidates="63" cleared="0" enqueued="0" />
  <stringconstants candidates="4574" cleared="0"  />
</gc-op>
<gc-op id="1577" type="sweep" timems="0.970" contextid="1573" timestamp="2019-07-02T23:05:42.123" />
<mem-info id="1578" free="10270360" total="16187392" percent="63">
  <mem type="tenure" free="10270360" total="16187392" percent="63" micro-fragmented="66411" macro-fragmented="0">
    <mem type="soa" free="10170136" total="16025600" percent="63" />
    <mem type="loa" free="100224" total="161792" percent="61" />
  </mem>
</mem-info>
<gc-op id="1579" type="compact" timems="6.132" contextid="1573" timestamp="2019-07-02T23:05:42.130">
  <compact-info movecount="27277" movebytes="1204984" reason="compact to aid heap contraction" />
</gc-op>
<heap-resize id="1580" type="contract" space="tenure" amount="131072" count="1" timems="0.090" reason="excess free space following gc" timestamp="2019-07-02T23:05:42.130" />
<gc-end id="1581" type="global" contextid="1573" durationms="10.063" usertimems="20.000" systemtimems="0.000" timestamp="2019-07-02T23:05:42.130" activeThreads="4">
  <mem-info id="1582" free="10191344" total="16056320" percent="63">
    <mem type="tenure" free="10191344" total="16056320" percent="63">
      <mem type="soa" free="10062320" total="15896576" percent="63" />
      <mem type="loa" free="129024" total="159744" percent="80" />
    </mem>
  </mem-info>
</gc-end>
<cycle-end id="1583" type="global" contextid="1573" timestamp="2019-07-02T23:05:42.130">
  <attribute name="GC Util" value="151" />
  <attribute name="CPU Util" value="16633838553633" />
  <attribute name="Time Running"value="2688"/>
  <attribute name="Number of cores"value="4"/>
</cycle-end>
<allocation-satisfied id="1584" threadId="000000000135F900" bytesRequested="40" />
<af-end id="1585" timestamp="2019-07-02T23:05:42.130" threadId="0000000001360288" success="true" />
<exclusive-end id="1586" timestamp="2019-07-02T23:05:42.131" durationms="10.698" />

<exclusive-start id="1587" timestamp="2019-07-02T23:05:42.136" intervalms="15.851">
  <response-info timems="0.025" idlems="0.025" threads="0" lastid="0000000001358100" lastname="Thread-7" />
</exclusive-start>
<af-start id="1588" threadId="0000000001358A88" totalBytesRequested="40" timestamp="2019-07-02T23:05:42.136" intervalms="15.854" />
<cycle-start id="1589" type="global" contextid="0" timestamp="2019-07-02T23:05:42.136" intervalms="15.863" />
  <attribute name="GC Util" value="151" />
  <attribute name="CPU Util" value="16633838553633" />
  <attribute name="Time Running"value="2688"/>
  <attribute name="Number of cores"value="4"/>
<gc-start id="1590" type="global" contextid="1589" timestamp="2019-07-02T23:05:42.136">
  <mem-info id="1591" free="129024" total="16056320" percent="0">
    <mem type="tenure" free="129024" total="16056320" percent="0">
      <mem type="soa" free="0" total="15896576" percent="0" />
      <mem type="loa" free="129024" total="159744" percent="80" />
    </mem>
  </mem-info>
</gc-start>
<allocation-stats totalBytes="10126512" >
  <allocated-bytes non-tlh="0" tlh="10126512" />
  <largest-consumer threadName="Thread-7" threadId="0000000001358100" bytes="2885744" />
</allocation-stats>
<gc-op id="1592" type="mark" timems="1.112" contextid="1589" timestamp="2019-07-02T23:05:42.137">
  <trace-info objectcount="70360" scancount="62803" scanbytes="2380260" />
  <finalization candidates="124" enqueued="0" />
  <ownableSynchronizers candidates="3" cleared="0" />
  <references type="soft" candidates="84" cleared="0" enqueued="0" dynamicThreshold="20" maxThreshold="32" />
  <references type="weak" candidates="774" cleared="0" enqueued="0" />
  <references type="phantom" candidates="63" cleared="0" enqueued="0" />
  <stringconstants candidates="4574" cleared="0"  />
</gc-op>
<gc-op id="1593" type="sweep" timems="0.256" contextid="1589" timestamp="2019-07-02T23:05:42.138" />
<heap-resize id="1594" type="contract" space="tenure" amount="131072" count="1" timems="0.050" reason="excess free space following gc" timestamp="2019-07-02T23:05:42.138" />
<gc-end id="1595" type="global" contextid="1589" durationms="1.742" usertimems="0.000" systemtimems="4.000" timestamp="2019-07-02T23:05:42.138" activeThreads="4">
  <mem-info id="1596" free="9912512" total="15925248" percent="62">
    <mem type="tenure" free="9912512" total="15925248" percent="62" micro-fragmented="0" macro-fragmented="0">
      <mem type="soa" free="9912512" total="15766528" percent="62" />
      <mem type="loa" free="0" total="158720" percent="0" />
    </mem>
  </mem-info>
</gc-end>
<cycle-end id="1597" type="global" contextid="1589" timestamp="2019-07-02T23:05:42.138">
  <attribute name="GC Util" value="210" />
  <attribute name="CPU Util" value="15634158812171" />
  <attribute name="Time Running"value="2702"/>
  <attribute name="Number of cores"value="4"/>
</cycle-end>
<allocation-satisfied id="1598" threadId="0000000001358100" bytesRequested="40" />
<af-end id="1599" timestamp="2019-07-02T23:05:42.138" threadId="0000000001358A88" success="true" />
<exclusive-end id="1600" timestamp="2019-07-02T23:05:42.138" durationms="2.196" />

<exclusive-start id="1601" timestamp="2019-07-02T23:05:42.149" intervalms="13.388">
  <response-info timems="4.125" idlems="4.125" threads="0" lastid="000000000135BD00" lastname="Thread-10" />
</exclusive-start>
<af-start id="1602" threadId="000000000135C688" totalBytesRequested="40" timestamp="2019-07-02T23:05:42.149" intervalms="13.403" />
<cycle-start id="1603" type="global" contextid="0" timestamp="2019-07-02T23:05:42.149" intervalms="13.402" />
  <attribute name="GC Util" value="210" />
  <attribute name="CPU Util" value="15634158812171" />
  <attribute name="Time Running"value="2702"/>
  <attribute name="Number of cores"value="4"/>
<gc-start id="1604" type="global" contextid="1603" timestamp="2019-07-02T23:05:42.149">
  <mem-info id="1605" free="0" total="15925248" percent="0">
    <mem type="tenure" free="0" total="15925248" percent="0">
      <mem type="soa" free="0" total="15766528" percent="0" />
      <mem type="loa" free="0" total="158720" percent="0" />
    </mem>
  </mem-info>
</gc-start>
<allocation-stats totalBytes="9905712" >
  <allocated-bytes non-tlh="0" tlh="9905712" />
  <largest-consumer threadName="Thread-10" threadId="000000000135BD00" bytes="3828760" />
</allocation-stats>
<gc-op id="1606" type="mark" timems="2.045" contextid="1603" timestamp="2019-07-02T23:05:42.152">
  <trace-info objectcount="63560" scancount="55974" scanbytes="2216924" />
  <finalization candidates="124" enqueued="0" />
  <ownableSynchronizers candidates="3" cleared="0" />
  <references type="soft" candidates="84" cleared="0" enqueued="0" dynamicThreshold="19" maxThreshold="32" />
  <references type="weak" candidates="774" cleared="0" enqueued="0" />
  <references type="phantom" candidates="63" cleared="0" enqueued="0" />
  <stringconstants candidates="4574" cleared="0"  />
</gc-op>
<gc-op id="1607" type="sweep" timems="0.717" contextid="1603" timestamp="2019-07-02T23:05:42.152" />
<mem-info id="1608" free="10113424" total="15925248" percent="63">
  <mem type="tenure" free="10113424" total="15925248" percent="63" micro-fragmented="47881" macro-fragmented="0">
    <mem type="soa" free="10001400" total="15766528" percent="63" />
    <mem type="loa" free="112024" total="158720" percent="70" />
  </mem>
</mem-info>
<gc-op id="1609" type="compact" timems="5.159" contextid="1603" timestamp="2019-07-02T23:05:42.158">
  <compact-info movecount="23819" movebytes="1122592" reason="compact to aid heap contraction" />
</gc-op>
<heap-resize id="1610" type="contract" space="tenure" amount="131072" count="1" timems="0.094" reason="excess free space following gc" timestamp="2019-07-02T23:05:42.158" />
<gc-end id="1611" type="global" contextid="1603" durationms="8.592" usertimems="16.000" systemtimems="0.000" timestamp="2019-07-02T23:05:42.158" activeThreads="4">
  <mem-info id="1612" free="10014688" total="15794176" percent="63">
    <mem type="tenure" free="10014688" total="15794176" percent="63">
      <mem type="soa" free="9884640" total="15636480" percent="63" />
      <mem type="loa" free="130048" total="157696" percent="82" />
    </mem>
  </mem-info>
</gc-end>
<cycle-end id="1613" type="global" contextid="1603" timestamp="2019-07-02T23:05:42.158">
  <attribute name="GC Util" value="180" />
  <attribute name="CPU Util" value="22421545963957" />
  <attribute name="Time Running"value="2717"/>
  <attribute name="Number of cores"value="4"/>
</cycle-end>
<allocation-satisfied id="1614" threadId="000000000135BD00" bytesRequested="40" />
<af-end id="1615" timestamp="2019-07-02T23:05:42.158" threadId="000000000135C688" success="true" />
<exclusive-end id="1616" timestamp="2019-07-02T23:05:42.159" durationms="9.420" />

<exclusive-start id="1617" timestamp="2019-07-02T23:05:42.168" intervalms="18.522">
  <response-info timems="0.271" idlems="0.271" threads="0" lastid="0000000001358100" lastname="Thread-7" />
</exclusive-start>
<af-start id="1618" threadId="0000000001358A88" totalBytesRequested="40" timestamp="2019-07-02T23:05:42.168" intervalms="18.543" />
<cycle-start id="1619" type="global" contextid="0" timestamp="2019-07-02T23:05:42.168" intervalms="18.621" />
  <attribute name="GC Util" value="180" />
  <attribute name="CPU Util" value="22421545963957" />
  <attribute name="Time Running"value="2717"/>
  <attribute name="Number of cores"value="4"/>
<gc-start id="1620" type="global" contextid="1619" timestamp="2019-07-02T23:05:42.168">
  <mem-info id="1621" free="130048" total="15794176" percent="0">
    <mem type="tenure" free="130048" total="15794176" percent="0">
      <mem type="soa" free="0" total="15636480" percent="0" />
      <mem type="loa" free="130048" total="157696" percent="82" />
    </mem>
  </mem-info>
</gc-start>
<allocation-stats totalBytes="9948744" >
  <allocated-bytes non-tlh="0" tlh="9948744" />
  <largest-consumer threadName="Thread-7" threadId="0000000001358100" bytes="4636088" />
</allocation-stats>
<gc-op id="1622" type="mark" timems="2.320" contextid="1619" timestamp="2019-07-02T23:05:42.171">
  <trace-info objectcount="67676" scancount="60109" scanbytes="2315676" />
  <finalization candidates="124" enqueued="0" />
  <ownableSynchronizers candidates="3" cleared="0" />
  <references type="soft" candidates="84" cleared="0" enqueued="0" dynamicThreshold="20" maxThreshold="32" />
  <references type="weak" candidates="774" cleared="0" enqueued="0" />
  <references type="phantom" candidates="63" cleared="0" enqueued="0" />
  <stringconstants candidates="4574" cleared="0"  />
</gc-op>
<gc-op id="1623" type="sweep" timems="0.754" contextid="1619" timestamp="2019-07-02T23:05:42.171" />
<heap-resize id="1624" type="contract" space="tenure" amount="131072" count="1" timems="0.055" reason="excess free space following gc" timestamp="2019-07-02T23:05:42.171" />
<gc-end id="1625" type="global" contextid="1619" durationms="3.513" usertimems="8.000" systemtimems="0.000" timestamp="2019-07-02T23:05:42.172" activeThreads="4">
  <mem-info id="1626" free="9782496" total="15663104" percent="62">
    <mem type="tenure" free="9782496" total="15663104" percent="62" micro-fragmented="21876" macro-fragmented="0">
      <mem type="soa" free="9709168" total="15507456" percent="62" />
      <mem type="loa" free="73328" total="155648" percent="47" />
    </mem>
  </mem-info>
</gc-end>
<cycle-end id="1627" type="global" contextid="1619" timestamp="2019-07-02T23:05:42.172">
  <attribute name="GC Util" value="241" />
  <attribute name="CPU Util" value="7718083327423" />
  <attribute name="Time Running"value="2735"/>
  <attribute name="Number of cores"value="4"/>
</cycle-end>
<allocation-satisfied id="1628" threadId="0000000001358100" bytesRequested="40" />
<af-end id="1629" timestamp="2019-07-02T23:05:42.172" threadId="0000000001358A88" success="true" />
<exclusive-end id="1630" timestamp="2019-07-02T23:05:42.172" durationms="4.121" />

<exclusive-start id="1631" timestamp="2019-07-02T23:05:42.178" intervalms="10.279">
  <response-info timems="0.029" idlems="0.026" threads="1" lastid="0000000001358100" lastname="Thread-7" />
</exclusive-start>
<af-start id="1632" threadId="0000000001360288" totalBytesRequested="40" timestamp="2019-07-02T23:05:42.178" intervalms="10.244" />
<cycle-start id="1633" type="global" contextid="0" timestamp="2019-07-02T23:05:42.178" intervalms="10.165" />
  <attribute name="GC Util" value="241" />
  <attribute name="CPU Util" value="7718083327423" />
  <attribute name="Time Running"value="2735"/>
  <attribute name="Number of cores"value="4"/>
<gc-start id="1634" type="global" contextid="1633" timestamp="2019-07-02T23:05:42.178">
  <mem-info id="1635" free="73328" total="15663104" percent="0">
    <mem type="tenure" free="73328" total="15663104" percent="0">
      <mem type="soa" free="0" total="15507456" percent="0" />
      <mem type="loa" free="73328" total="155648" percent="47" />
    </mem>
  </mem-info>
</gc-start>
<allocation-stats totalBytes="9700680" >
  <allocated-bytes non-tlh="0" tlh="9700680" />
  <largest-consumer threadName="Thread-7" threadId="0000000001358100" bytes="2914848" />
</allocation-stats>
<gc-op id="1636" type="mark" timems="2.307" contextid="1633" timestamp="2019-07-02T23:05:42.181">
  <trace-info objectcount="72925" scancount="65351" scanbytes="2440980" />
  <finalization candidates="124" enqueued="0" />
  <ownableSynchronizers candidates="3" cleared="0" />
  <references type="soft" candidates="84" cleared="0" enqueued="0" dynamicThreshold="19" maxThreshold="32" />
  <references type="weak" candidates="774" cleared="0" enqueued="0" />
  <references type="phantom" candidates="63" cleared="0" enqueued="0" />
  <stringconstants candidates="4574" cleared="0"  />
</gc-op>
<gc-op id="1637" type="sweep" timems="0.807" contextid="1633" timestamp="2019-07-02T23:05:42.181" />
<heap-resize id="1638" type="contract" space="tenure" amount="131072" count="1" timems="0.089" reason="excess free space following gc" timestamp="2019-07-02T23:05:42.182" />
<gc-end id="1639" type="global" contextid="1633" durationms="3.580" usertimems="8.000" systemtimems="0.000" timestamp="2019-07-02T23:05:42.182" activeThreads="4">
  <mem-info id="1640" free="9435760" total="15532032" percent="60">
    <mem type="tenure" free="9435760" total="15532032" percent="60" micro-fragmented="27238" macro-fragmented="0">
      <mem type="soa" free="9435760" total="15377408" percent="61" />
      <mem type="loa" free="0" total="154624" percent="0" />
    </mem>
  </mem-info>
</gc-end>
<cycle-end id="1641" type="global" contextid="1633" timestamp="2019-07-02T23:05:42.182">
  <attribute name="GC Util" value="259" />
  <attribute name="CPU Util" value="7808443064235" />
  <attribute name="Time Running"value="2745"/>
  <attribute name="Number of cores"value="4"/>
</cycle-end>
<allocation-satisfied id="1642" threadId="000000000135F900" bytesRequested="40" />
<af-end id="1643" timestamp="2019-07-02T23:05:42.182" threadId="0000000001360288" success="true" />
<exclusive-end id="1644" timestamp="2019-07-02T23:05:42.182" durationms="4.211" />

<exclusive-start id="1645" timestamp="2019-07-02T23:05:42.189" intervalms="11.101">
  <response-info timems="0.029" idlems="0.028" threads="1" lastid="000000000135F900" lastname="Thread-9" />
</exclusive-start>
<af-start id="1646" threadId="0000000001354E88" totalBytesRequested="40" timestamp="2019-07-02T23:05:42.189" intervalms="11.099" />
<cycle-start id="1647" type="global" contextid="0" timestamp="2019-07-02T23:05:42.189" intervalms="11.086" />
  <attribute name="GC Util" value="259" />
  <attribute name="CPU Util" value="7808443064235" />
  <attribute name="Time Running"value="2745"/>
  <attribute name="Number of cores"value="4"/>
<gc-start id="1648" type="global" contextid="1647" timestamp="2019-07-02T23:05:42.189">
  <mem-info id="1649" free="0" total="15532032" percent="0">
    <mem type="tenure" free="0" total="15532032" percent="0">
      <mem type="soa" free="0" total="15377408" percent="0" />
      <mem type="loa" free="0" total="154624" percent="0" />
    </mem>
  </mem-info>
</gc-start>
<allocation-stats totalBytes="9419296" >
  <allocated-bytes non-tlh="19056" tlh="9400240" />
  <largest-consumer threadName="Thread-8" threadId="0000000001354500" bytes="3418880" />
</allocation-stats>
<gc-op id="1650" type="mark" timems="2.127" contextid="1647" timestamp="2019-07-02T23:05:42.191">
  <trace-info objectcount="70711" scancount="63135" scanbytes="2388332" />
  <finalization candidates="124" enqueued="0" />
  <ownableSynchronizers candidates="3" cleared="0" />
  <references type="soft" candidates="84" cleared="0" enqueued="0" dynamicThreshold="19" maxThreshold="32" />
  <references type="weak" candidates="774" cleared="0" enqueued="0" />
  <references type="phantom" candidates="63" cleared="0" enqueued="0" />
  <stringconstants candidates="4574" cleared="0"  />
</gc-op>
<gc-op id="1651" type="sweep" timems="0.793" contextid="1647" timestamp="2019-07-02T23:05:42.192" />
<gc-end id="1652" type="global" contextid="1647" durationms="3.122" usertimems="8.000" systemtimems="0.000" timestamp="2019-07-02T23:05:42.192" activeThreads="4">
  <mem-info id="1653" free="9433656" total="15532032" percent="60">
    <mem type="tenure" free="9433656" total="15532032" percent="60" micro-fragmented="34099" macro-fragmented="0">
      <mem type="soa" free="9433656" total="15377408" percent="61" />
      <mem type="loa" free="0" total="154624" percent="0" />
    </mem>
  </mem-info>
</gc-end>
<cycle-end id="1654" type="global" contextid="1647" timestamp="2019-07-02T23:05:42.192">
  <attribute name="GC Util" value="257" />
  <attribute name="CPU Util" value="8496449735710" />
  <attribute name="Time Running"value="2756"/>
  <attribute name="Number of cores"value="4"/>
</cycle-end>
<allocation-satisfied id="1655" threadId="0000000001354500" bytesRequested="40" />
<af-end id="1656" timestamp="2019-07-02T23:05:42.192" threadId="0000000001354E88" success="true" />
<exclusive-end id="1657" timestamp="2019-07-02T23:05:42.192" durationms="3.484" />

<exclusive-start id="1658" timestamp="2019-07-02T23:05:42.198" intervalms="8.888">
  <response-info timems="0.023" idlems="0.021" threads="1" lastid="0000000001358100" lastname="Thread-7" />
</exclusive-start>
<af-start id="1659" threadId="0000000001360288" totalBytesRequested="40" timestamp="2019-07-02T23:05:42.198" intervalms="8.881" />
<cycle-start id="1660" type="global" contextid="0" timestamp="2019-07-02T23:05:42.198" intervalms="8.887" />
  <attribute name="GC Util" value="257" />
  <attribute name="CPU Util" value="8496449735710" />
  <attribute name="Time Running"value="2756"/>
  <attribute name="Number of cores"value="4"/>
<gc-start id="1661" type="global" contextid="1660" timestamp="2019-07-02T23:05:42.198">
  <mem-info id="1662" free="0" total="15532032" percent="0">
    <mem type="tenure" free="0" total="15532032" percent="0">
      <mem type="soa" free="0" total="15377408" percent="0" />
      <mem type="loa" free="0" total="154624" percent="0" />
    </mem>
  </mem-info>
</gc-start>
<allocation-stats totalBytes="9420488" >
  <allocated-bytes non-tlh="0" tlh="9420488" />
  <largest-consumer threadName="Thread-8" threadId="0000000001354500" bytes="2769952" />
</allocation-stats>
<gc-op id="1663" type="mark" timems="1.947" contextid="1660" timestamp="2019-07-02T23:05:42.200">
  <trace-info objectcount="69751" scancount="62185" scanbytes="2365396" />
  <finalization candidates="124" enqueued="0" />
  <ownableSynchronizers candidates="3" cleared="0" />
  <references type="soft" candidates="84" cleared="0" enqueued="0" dynamicThreshold="19" maxThreshold="32" />
  <references type="weak" candidates="774" cleared="0" enqueued="0" />
  <references type="phantom" candidates="63" cleared="0" enqueued="0" />
  <stringconstants candidates="4574" cleared="0"  />
</gc-op>
<gc-op id="1664" type="sweep" timems="0.805" contextid="1660" timestamp="2019-07-02T23:05:42.201" />
<gc-end id="1665" type="global" contextid="1660" durationms="2.963" usertimems="8.000" systemtimems="0.000" timestamp="2019-07-02T23:05:42.201" activeThreads="4">
  <mem-info id="1666" free="9444208" total="15532032" percent="60">
    <mem type="tenure" free="9444208" total="15532032" percent="60" micro-fragmented="52600" macro-fragmented="0">
      <mem type="soa" free="9444208" total="15377408" percent="61" />
      <mem type="loa" free="0" total="154624" percent="0" />
    </mem>
  </mem-info>
</gc-end>
<cycle-end id="1667" type="global" contextid="1660" timestamp="2019-07-02T23:05:42.201">
  <attribute name="GC Util" value="253" />
  <attribute name="CPU Util" value="9311444284710" />
  <attribute name="Time Running"value="2765"/>
  <attribute name="Number of cores"value="4"/>
</cycle-end>
<allocation-satisfied id="1668" threadId="000000000135F900" bytesRequested="40" />
<af-end id="1669" timestamp="2019-07-02T23:05:42.201" threadId="0000000001360288" success="true" />
<exclusive-end id="1670" timestamp="2019-07-02T23:05:42.201" durationms="3.449" />

<exclusive-start id="1671" timestamp="2019-07-02T23:05:42.208" intervalms="9.982">
  <response-info timems="0.029" idlems="0.028" threads="1" lastid="0000000001354500" lastname="Thread-8" />
</exclusive-start>
<af-start id="1672" threadId="0000000001358A88" totalBytesRequested="24" timestamp="2019-07-02T23:05:42.208" intervalms="9.995" />
<cycle-start id="1673" type="global" contextid="0" timestamp="2019-07-02T23:05:42.208" intervalms="9.998" />
  <attribute name="GC Util" value="253" />
  <attribute name="CPU Util" value="9311444284710" />
  <attribute name="Time Running"value="2765"/>
  <attribute name="Number of cores"value="4"/>
<gc-start id="1674" type="global" contextid="1673" timestamp="2019-07-02T23:05:42.208">
  <mem-info id="1675" free="0" total="15532032" percent="0">
    <mem type="tenure" free="0" total="15532032" percent="0">
      <mem type="soa" free="0" total="15377408" percent="0" />
      <mem type="loa" free="0" total="154624" percent="0" />
    </mem>
  </mem-info>
</gc-start>
<allocation-stats totalBytes="9431232" >
  <allocated-bytes non-tlh="0" tlh="9431232" />
  <largest-consumer threadName="Thread-8" threadId="0000000001354500" bytes="3164944" />
</allocation-stats>
<gc-op id="1676" type="mark" timems="2.135" contextid="1673" timestamp="2019-07-02T23:05:42.210">
  <trace-info objectcount="73817" scancount="66235" scanbytes="2462780" />
  <finalization candidates="124" enqueued="0" />
  <ownableSynchronizers candidates="3" cleared="0" />
  <references type="soft" candidates="84" cleared="0" enqueued="0" dynamicThreshold="19" maxThreshold="32" />
  <references type="weak" candidates="774" cleared="0" enqueued="0" />
  <references type="phantom" candidates="63" cleared="0" enqueued="0" />
  <stringconstants candidates="4574" cleared="0"  />
</gc-op>
<gc-op id="1677" type="sweep" timems="0.842" contextid="1673" timestamp="2019-07-02T23:05:42.211" />
<heap-resize id="1678" type="expand" space="tenure" amount="1048576" count="1" timems="0.050" reason="excessive time being spent in gc" timestamp="2019-07-02T23:05:42.211" />
<gc-end id="1679" type="global" contextid="1673" durationms="3.469" usertimems="12.000" systemtimems="0.000" timestamp="2019-07-02T23:05:42.212" activeThreads="4">
  <mem-info id="1680" free="10333744" total="16580608" percent="62">
    <mem type="tenure" free="10333744" total="16580608" percent="62" micro-fragmented="52319" macro-fragmented="0">
      <mem type="soa" free="10168880" total="16415744" percent="61" />
      <mem type="loa" free="164864" total="164864" percent="100" />
    </mem>
  </mem-info>
</gc-end>
<cycle-end id="1681" type="global" contextid="1673" timestamp="2019-07-02T23:05:42.212">
  <attribute name="GC Util" value="248" />
  <attribute name="CPU Util" value="8347007184729" />
  <attribute name="Time Running"value="2775"/>
  <attribute name="Number of cores"value="4"/>
</cycle-end>
<allocation-satisfied id="1682" threadId="0000000001358100" bytesRequested="24" />
<af-end id="1683" timestamp="2019-07-02T23:05:42.212" threadId="0000000001358A88" success="true" />
<exclusive-end id="1684" timestamp="2019-07-02T23:05:42.212" durationms="4.089" />

<exclusive-start id="1685" timestamp="2019-07-02T23:05:42.221" intervalms="12.782">
  <response-info timems="2.631" idlems="1.326" threads="1" lastid="000000000135BD00" lastname="Thread-10" />
</exclusive-start>
<af-start id="1686" threadId="0000000001354E88" totalBytesRequested="40" timestamp="2019-07-02T23:05:42.221" intervalms="12.760" />
<cycle-start id="1687" type="global" contextid="0" timestamp="2019-07-02T23:05:42.221" intervalms="12.749" />
  <attribute name="GC Util" value="248" />
  <attribute name="CPU Util" value="8347007184729" />
  <attribute name="Time Running"value="2775"/>
  <attribute name="Number of cores"value="4"/>
<gc-start id="1688" type="global" contextid="1687" timestamp="2019-07-02T23:05:42.221">
  <mem-info id="1689" free="164864" total="16580608" percent="0">
    <mem type="tenure" free="164864" total="16580608" percent="0">
      <mem type="soa" free="0" total="16415744" percent="0" />
      <mem type="loa" free="164864" total="164864" percent="100" />
    </mem>
  </mem-info>
</gc-start>
<allocation-stats totalBytes="10148368" >
  <allocated-bytes non-tlh="19056" tlh="10129312" />
  <largest-consumer threadName="Thread-7" threadId="0000000001358100" bytes="2935520" />
</allocation-stats>
<gc-op id="1690" type="mark" timems="2.100" contextid="1687" timestamp="2019-07-02T23:05:42.223">
  <trace-info objectcount="73216" scancount="65644" scanbytes="2448788" />
  <finalization candidates="124" enqueued="0" />
  <ownableSynchronizers candidates="3" cleared="0" />
  <references type="soft" candidates="84" cleared="0" enqueued="0" dynamicThreshold="19" maxThreshold="32" />
  <references type="weak" candidates="774" cleared="0" enqueued="0" />
  <references type="phantom" candidates="63" cleared="0" enqueued="0" />
  <stringconstants candidates="4574" cleared="0"  />
</gc-op>
<gc-op id="1691" type="sweep" timems="0.854" contextid="1687" timestamp="2019-07-02T23:05:42.224" />
<gc-end id="1692" type="global" contextid="1687" durationms="3.169" usertimems="4.000" systemtimems="4.000" timestamp="2019-07-02T23:05:42.224" activeThreads="4">
  <mem-info id="1693" free="10484320" total="16580608" percent="63">
    <mem type="tenure" free="10484320" total="16580608" percent="63" micro-fragmented="99654" macro-fragmented="0">
      <mem type="soa" free="10319456" total="16415744" percent="62" />
      <mem type="loa" free="164864" total="164864" percent="100" />
    </mem>
  </mem-info>
</gc-end>
<cycle-end id="1694" type="global" contextid="1687" timestamp="2019-07-02T23:05:42.224">
  <attribute name="GC Util" value="253" />
  <attribute name="CPU Util" value="8599636083246" />
  <attribute name="Time Running"value="2788"/>
  <attribute name="Number of cores"value="4"/>
</cycle-end>
<allocation-satisfied id="1695" threadId="0000000001354500" bytesRequested="40" />
<af-end id="1696" timestamp="2019-07-02T23:05:42.224" threadId="0000000001354E88" success="true" />
<exclusive-end id="1697" timestamp="2019-07-02T23:05:42.224" durationms="3.675" />

<exclusive-start id="1698" timestamp="2019-07-02T23:05:42.233" intervalms="12.024">
  <response-info timems="1.947" idlems="0.983" threads="1" lastid="000000000135BD00" lastname="Thread-10" />
</exclusive-start>
<af-start id="1699" threadId="0000000001354E88" totalBytesRequested="40" timestamp="2019-07-02T23:05:42.233" intervalms="12.034" />
<cycle-start id="1700" type="global" contextid="0" timestamp="2019-07-02T23:05:42.233" intervalms="12.034" />
  <attribute name="GC Util" value="253" />
  <attribute name="CPU Util" value="8599636083246" />
  <attribute name="Time Running"value="2788"/>
  <attribute name="Number of cores"value="4"/>
<gc-start id="1701" type="global" contextid="1700" timestamp="2019-07-02T23:05:42.233">
  <mem-info id="1702" free="164864" total="16580608" percent="0">
    <mem type="tenure" free="164864" total="16580608" percent="0">
      <mem type="soa" free="0" total="16415744" percent="0" />
      <mem type="loa" free="164864" total="164864" percent="100" />
    </mem>
  </mem-info>
</gc-start>
<allocation-stats totalBytes="10298904" >
  <allocated-bytes non-tlh="61272" tlh="10237632" />
  <largest-consumer threadName="Thread-7" threadId="0000000001358100" bytes="2956560" />
</allocation-stats>
<gc-op id="1703" type="mark" timems="2.108" contextid="1700" timestamp="2019-07-02T23:05:42.235">
  <trace-info objectcount="62609" scancount="55023" scanbytes="2193420" />
  <finalization candidates="124" enqueued="0" />
  <ownableSynchronizers candidates="3" cleared="0" />
  <references type="soft" candidates="84" cleared="0" enqueued="0" dynamicThreshold="20" maxThreshold="32" />
  <references type="weak" candidates="774" cleared="0" enqueued="0" />
  <references type="phantom" candidates="63" cleared="0" enqueued="0" />
  <stringconstants candidates="4574" cleared="0"  />
</gc-op>
<gc-op id="1704" type="sweep" timems="0.764" contextid="1700" timestamp="2019-07-02T23:05:42.236" />
<gc-end id="1705" type="global" contextid="1700" durationms="3.129" usertimems="8.000" systemtimems="0.000" timestamp="2019-07-02T23:05:42.236" activeThreads="4">
  <mem-info id="1706" free="10817616" total="16580608" percent="65">
    <mem type="tenure" free="10817616" total="16580608" percent="65" micro-fragmented="60015" macro-fragmented="0">
      <mem type="soa" free="10652752" total="16415744" percent="64" />
      <mem type="loa" free="164864" total="164864" percent="100" />
    </mem>
  </mem-info>
</gc-end>
<cycle-end id="1707" type="global" contextid="1700" timestamp="2019-07-02T23:05:42.236">
  <attribute name="GC Util" value="254" />
  <attribute name="CPU Util" value="8479273355028" />
  <attribute name="Time Running"value="2800"/>
  <attribute name="Number of cores"value="4"/>
</cycle-end>
<allocation-satisfied id="1708" threadId="0000000001354500" bytesRequested="40" />
<af-end id="1709" timestamp="2019-07-02T23:05:42.236" threadId="0000000001354E88" success="true" />
<exclusive-end id="1710" timestamp="2019-07-02T23:05:42.236" durationms="3.712" />

<exclusive-start id="1711" timestamp="2019-07-02T23:05:42.243" intervalms="10.062">
  <response-info timems="0.023" idlems="0.023" threads="0" lastid="000000000135BD00" lastname="Thread-10" />
</exclusive-start>
<af-start id="1712" threadId="000000000135C688" totalBytesRequested="40" timestamp="2019-07-02T23:05:42.243" intervalms="10.098" />
<cycle-start id="1713" type="global" contextid="0" timestamp="2019-07-02T23:05:42.243" intervalms="10.113" />
  <attribute name="GC Util" value="254" />
  <attribute name="CPU Util" value="8479273355028" />
  <attribute name="Time Running"value="2800"/>
  <attribute name="Number of cores"value="4"/>
<gc-start id="1714" type="global" contextid="1713" timestamp="2019-07-02T23:05:42.243">
  <mem-info id="1715" free="164864" total="16580608" percent="0">
    <mem type="tenure" free="164864" total="16580608" percent="0">
      <mem type="soa" free="0" total="16415744" percent="0" />
      <mem type="loa" free="164864" total="164864" percent="100" />
    </mem>
  </mem-info>
</gc-start>
<allocation-stats totalBytes="10709296" >
  <allocated-bytes non-tlh="0" tlh="10709296" />
  <largest-consumer threadName="Thread-10" threadId="000000000135BD00" bytes="2946992" />
</allocation-stats>
<gc-op id="1716" type="mark" timems="1.092" contextid="1713" timestamp="2019-07-02T23:05:42.244">
  <trace-info objectcount="68786" scancount="61209" scanbytes="2342452" />
  <finalization candidates="124" enqueued="0" />
  <ownableSynchronizers candidates="3" cleared="0" />
  <references type="soft" candidates="84" cleared="0" enqueued="0" dynamicThreshold="20" maxThreshold="32" />
  <references type="weak" candidates="774" cleared="0" enqueued="0" />
  <references type="phantom" candidates="63" cleared="0" enqueued="0" />
  <stringconstants candidates="4574" cleared="0"  />
</gc-op>
<gc-op id="1717" type="sweep" timems="0.308" contextid="1713" timestamp="2019-07-02T23:05:42.245" />
<heap-resize id="1718" type="contract" space="tenure" amount="131072" count="1" timems="0.041" reason="excess free space following gc" timestamp="2019-07-02T23:05:42.245" />
<gc-end id="1719" type="global" contextid="1713" durationms="1.766" usertimems="4.000" systemtimems="0.000" timestamp="2019-07-02T23:05:42.245" activeThreads="4">
  <mem-info id="1720" free="10457328" total="16449536" percent="63">
    <mem type="tenure" free="10457328" total="16449536" percent="63" micro-fragmented="13647" macro-fragmented="0">
      <mem type="soa" free="10379704" total="16285696" percent="63" />
      <mem type="loa" free="77624" total="163840" percent="47" />
    </mem>
  </mem-info>
</gc-end>
<cycle-end id="1721" type="global" contextid="1713" timestamp="2019-07-02T23:05:42.245">
  <attribute name="GC Util" value="223" />
  <attribute name="CPU Util" value="16001450338724" />
  <attribute name="Time Running"value="2809"/>
  <attribute name="Number of cores"value="4"/>
</cycle-end>
<allocation-satisfied id="1722" threadId="000000000135BD00" bytesRequested="40" />
<af-end id="1723" timestamp="2019-07-02T23:05:42.245" threadId="000000000135C688" success="true" />
<exclusive-end id="1724" timestamp="2019-07-02T23:05:42.245" durationms="2.339" />

<exclusive-start id="1725" timestamp="2019-07-02T23:05:42.255" intervalms="12.031">
  <response-info timems="2.239" idlems="1.148" threads="1" lastid="000000000135BD00" lastname="Thread-10" />
</exclusive-start>
<af-start id="1726" threadId="0000000001354E88" totalBytesRequested="40" timestamp="2019-07-02T23:05:42.255" intervalms="12.033" />
<cycle-start id="1727" type="global" contextid="0" timestamp="2019-07-02T23:05:42.255" intervalms="12.041" />
  <attribute name="GC Util" value="223" />
  <attribute name="CPU Util" value="16001450338724" />
  <attribute name="Time Running"value="2809"/>
  <attribute name="Number of cores"value="4"/>
<gc-start id="1728" type="global" contextid="1727" timestamp="2019-07-02T23:05:42.255">
  <mem-info id="1729" free="77624" total="16449536" percent="0">
    <mem type="tenure" free="77624" total="16449536" percent="0">
      <mem type="soa" free="0" total="16285696" percent="0" />
      <mem type="loa" free="77624" total="163840" percent="47" />
    </mem>
  </mem-info>
</gc-start>
<allocation-stats totalBytes="10387328" >
  <allocated-bytes non-tlh="19056" tlh="10368272" />
  <largest-consumer threadName="Thread-7" threadId="0000000001358100" bytes="3534912" />
</allocation-stats>
<gc-op id="1730" type="mark" timems="2.447" contextid="1727" timestamp="2019-07-02T23:05:42.258">
  <trace-info objectcount="69227" scancount="61656" scanbytes="2352868" />
  <finalization candidates="124" enqueued="0" />
  <ownableSynchronizers candidates="3" cleared="0" />
  <references type="soft" candidates="84" cleared="0" enqueued="0" dynamicThreshold="20" maxThreshold="32" />
  <references type="weak" candidates="774" cleared="0" enqueued="0" />
  <references type="phantom" candidates="63" cleared="0" enqueued="0" />
  <stringconstants candidates="4574" cleared="0"  />
</gc-op>
<gc-op id="1731" type="sweep" timems="0.816" contextid="1727" timestamp="2019-07-02T23:05:42.259" />
<heap-resize id="1732" type="contract" space="tenure" amount="65536" count="1" timems="0.075" reason="excess free space following gc" timestamp="2019-07-02T23:05:42.259" />
<gc-end id="1733" type="global" contextid="1727" durationms="3.924" usertimems="8.000" systemtimems="0.000" timestamp="2019-07-02T23:05:42.259" activeThreads="4">
  <mem-info id="1734" free="10329936" total="16384000" percent="63">
    <mem type="tenure" free="10329936" total="16384000" percent="63" micro-fragmented="55872" macro-fragmented="0">
      <mem type="soa" free="10329936" total="16220160" percent="63" />
      <mem type="loa" free="0" total="163840" percent="0" />
    </mem>
  </mem-info>
</gc-end>
<cycle-end id="1735" type="global" contextid="1727" timestamp="2019-07-02T23:05:42.259">
  <attribute name="GC Util" value="238" />
  <attribute name="CPU Util" value="7165673579314" />
  <attribute name="Time Running"value="2823"/>
  <attribute name="Number of cores"value="4"/>
</cycle-end>
<allocation-satisfied id="1736" threadId="0000000001354500" bytesRequested="40" />
<af-end id="1737" timestamp="2019-07-02T23:05:42.259" threadId="0000000001354E88" success="true" />
<exclusive-end id="1738" timestamp="2019-07-02T23:05:42.259" durationms="4.572" />

<exclusive-start id="1739" timestamp="2019-07-02T23:05:42.267" intervalms="11.788">
  <response-info timems="0.489" idlems="0.331" threads="2" lastid="000000000135BD00" lastname="Thread-10" />
</exclusive-start>
<af-start id="1740" threadId="0000000001354E88" totalBytesRequested="40" timestamp="2019-07-02T23:05:42.267" intervalms="11.773" />
<cycle-start id="1741" type="global" contextid="0" timestamp="2019-07-02T23:05:42.267" intervalms="11.765" />
  <attribute name="GC Util" value="238" />
  <attribute name="CPU Util" value="7165673579314" />
  <attribute name="Time Running"value="2823"/>
  <attribute name="Number of cores"value="4"/>
<gc-start id="1742" type="global" contextid="1741" timestamp="2019-07-02T23:05:42.267">
  <mem-info id="1743" free="0" total="16384000" percent="0">
    <mem type="tenure" free="0" total="16384000" percent="0">
      <mem type="soa" free="0" total="16220160" percent="0" />
      <mem type="loa" free="0" total="163840" percent="0" />
    </mem>
  </mem-info>
</gc-start>
<allocation-stats totalBytes="10327224" >
  <allocated-bytes non-tlh="19056" tlh="10308168" />
  <largest-consumer threadName="Thread-7" threadId="0000000001358100" bytes="3060608" />
</allocation-stats>
<gc-op id="1744" type="mark" timems="2.164" contextid="1741" timestamp="2019-07-02T23:05:42.269">
  <trace-info objectcount="69382" scancount="61812" scanbytes="2356508" />
  <finalization candidates="124" enqueued="0" />
  <ownableSynchronizers candidates="3" cleared="0" />
  <references type="soft" candidates="84" cleared="0" enqueued="0" dynamicThreshold="20" maxThreshold="32" />
  <references type="weak" candidates="774" cleared="0" enqueued="0" />
  <references type="phantom" candidates="63" cleared="0" enqueued="0" />
  <stringconstants candidates="4574" cleared="0"  />
</gc-op>
<gc-op id="1745" type="sweep" timems="0.859" contextid="1741" timestamp="2019-07-02T23:05:42.270" />
<mem-info id="1746" free="10320472" total="16384000" percent="62">
  <mem type="tenure" free="10320472" total="16384000" percent="62" micro-fragmented="49847" macro-fragmented="0">
    <mem type="soa" free="10320472" total="16220160" percent="63" />
    <mem type="loa" free="0" total="163840" percent="0" />
  </mem>
</mem-info>
<gc-op id="1747" type="compact" timems="5.546" contextid="1741" timestamp="2019-07-02T23:05:42.276">
  <compact-info movecount="29641" movebytes="1262176" reason="compact to aid heap contraction" />
</gc-op>
<heap-resize id="1748" type="contract" space="tenure" amount="131072" count="1" timems="0.092" reason="excess free space following gc" timestamp="2019-07-02T23:05:42.276" />
<gc-end id="1749" type="global" contextid="1741" durationms="9.200" usertimems="16.000" systemtimems="0.000" timestamp="2019-07-02T23:05:42.276" activeThreads="4">
  <mem-info id="1750" free="10328736" total="16252928" percent="63">
    <mem type="tenure" free="10328736" total="16252928" percent="63">
      <mem type="soa" free="10199712" total="16091136" percent="63" />
      <mem type="loa" free="129024" total="161792" percent="79" />
    </mem>
  </mem-info>
</gc-end>
<cycle-end id="1751" type="global" contextid="1741" timestamp="2019-07-02T23:05:42.276">
  <attribute name="GC Util" value="153" />
  <attribute name="CPU Util" value="17767954796322" />
  <attribute name="Time Running"value="2835"/>
  <attribute name="Number of cores"value="4"/>
</cycle-end>
<allocation-satisfied id="1752" threadId="0000000001354500" bytesRequested="40" />
<af-end id="1753" timestamp="2019-07-02T23:05:42.276" threadId="0000000001354E88" success="true" />
<exclusive-end id="1754" timestamp="2019-07-02T23:05:42.276" durationms="9.813" />

<exclusive-start id="1755" timestamp="2019-07-02T23:05:42.284" intervalms="17.849">
  <response-info timems="0.031" idlems="0.031" threads="0" lastid="000000000135F900" lastname="Thread-9" />
</exclusive-start>
<af-start id="1756" threadId="0000000001360288" totalBytesRequested="40" timestamp="2019-07-02T23:05:42.285" intervalms="17.846" />
<cycle-start id="1757" type="global" contextid="0" timestamp="2019-07-02T23:05:42.285" intervalms="17.846" />
  <attribute name="GC Util" value="153" />
  <attribute name="CPU Util" value="17767954796322" />
  <attribute name="Time Running"value="2835"/>
  <attribute name="Number of cores"value="4"/>
<gc-start id="1758" type="global" contextid="1757" timestamp="2019-07-02T23:05:42.285">
  <mem-info id="1759" free="129024" total="16252928" percent="0">
    <mem type="tenure" free="129024" total="16252928" percent="0">
      <mem type="soa" free="0" total="16091136" percent="0" />
      <mem type="loa" free="129024" total="161792" percent="79" />
    </mem>
  </mem-info>
</gc-start>
<allocation-stats totalBytes="10264128" >
  <allocated-bytes non-tlh="0" tlh="10264128" />
  <largest-consumer threadName="Thread-8" threadId="0000000001354500" bytes="3636904" />
</allocation-stats>
<gc-op id="1760" type="mark" timems="1.991" contextid="1757" timestamp="2019-07-02T23:05:42.287">
  <trace-info objectcount="69651" scancount="62082" scanbytes="2363244" />
  <finalization candidates="124" enqueued="0" />
  <ownableSynchronizers candidates="3" cleared="0" />
  <references type="soft" candidates="84" cleared="0" enqueued="0" dynamicThreshold="20" maxThreshold="32" />
  <references type="weak" candidates="774" cleared="0" enqueued="0" />
  <references type="phantom" candidates="63" cleared="0" enqueued="0" />
  <stringconstants candidates="4574" cleared="0"  />
</gc-op>
<gc-op id="1761" type="sweep" timems="0.758" contextid="1757" timestamp="2019-07-02T23:05:42.288" />
<heap-resize id="1762" type="contract" space="tenure" amount="131072" count="1" timems="0.107" reason="excess free space following gc" timestamp="2019-07-02T23:05:42.288" />
<gc-end id="1763" type="global" contextid="1757" durationms="3.364" usertimems="8.000" systemtimems="0.000" timestamp="2019-07-02T23:05:42.288" activeThreads="4">
  <mem-info id="1764" free="10050280" total="16121856" percent="62">
    <mem type="tenure" free="10050280" total="16121856" percent="62" micro-fragmented="123581" macro-fragmented="0">
      <mem type="soa" free="10050280" total="15961088" percent="62" />
      <mem type="loa" free="0" total="160768" percent="0" />
    </mem>
  </mem-info>
</gc-end>
<cycle-end id="1765" type="global" contextid="1757" timestamp="2019-07-02T23:05:42.288">
  <attribute name="GC Util" value="256" />
  <attribute name="CPU Util" value="8852152543496" />
  <attribute name="Time Running"value="2852"/>
  <attribute name="Number of cores"value="4"/>
</cycle-end>
<allocation-satisfied id="1766" threadId="000000000135F900" bytesRequested="40" />
<af-end id="1767" timestamp="2019-07-02T23:05:42.288" threadId="0000000001360288" success="true" />
<exclusive-end id="1768" timestamp="2019-07-02T23:05:42.288" durationms="3.971" />

<exclusive-start id="1769" timestamp="2019-07-02T23:05:42.294" intervalms="9.924">
  <response-info timems="0.026" idlems="0.026" threads="0" lastid="0000000001358100" lastname="Thread-7" />
</exclusive-start>
<af-start id="1770" threadId="0000000001358A88" totalBytesRequested="40" timestamp="2019-07-02T23:05:42.294" intervalms="9.950" />
<cycle-start id="1771" type="global" contextid="0" timestamp="2019-07-02T23:05:42.295" intervalms="10.001" />
  <attribute name="GC Util" value="256" />
  <attribute name="CPU Util" value="8852152543496" />
  <attribute name="Time Running"value="2852"/>
  <attribute name="Number of cores"value="4"/>
<gc-start id="1772" type="global" contextid="1771" timestamp="2019-07-02T23:05:42.295">
  <mem-info id="1773" free="0" total="16121856" percent="0">
    <mem type="tenure" free="0" total="16121856" percent="0">
      <mem type="soa" free="0" total="15961088" percent="0" />
      <mem type="loa" free="0" total="160768" percent="0" />
    </mem>
  </mem-info>
</gc-start>
<allocation-stats totalBytes="10043504" >
  <allocated-bytes non-tlh="19056" tlh="10024448" />
  <largest-consumer threadName="Thread-9" threadId="000000000135F900" bytes="2674496" />
</allocation-stats>
<gc-op id="1774" type="mark" timems="2.150" contextid="1771" timestamp="2019-07-02T23:05:42.297">
  <trace-info objectcount="64663" scancount="57082" scanbytes="2243396" />
  <finalization candidates="124" enqueued="0" />
  <ownableSynchronizers candidates="3" cleared="0" />
  <references type="soft" candidates="84" cleared="0" enqueued="0" dynamicThreshold="19" maxThreshold="32" />
  <references type="weak" candidates="774" cleared="0" enqueued="0" />
  <references type="phantom" candidates="63" cleared="0" enqueued="0" />
  <stringconstants candidates="4574" cleared="0"  />
</gc-op>
<gc-op id="1775" type="sweep" timems="0.758" contextid="1771" timestamp="2019-07-02T23:05:42.298" />
<mem-info id="1776" free="10331240" total="16121856" percent="64">
  <mem type="tenure" free="10331240" total="16121856" percent="64" micro-fragmented="21004" macro-fragmented="0">
    <mem type="soa" free="10208640" total="15961088" percent="63" />
    <mem type="loa" free="122600" total="160768" percent="76" />
  </mem>
</mem-info>
<gc-op id="1777" type="compact" timems="5.401" contextid="1771" timestamp="2019-07-02T23:05:42.303">
  <compact-info movecount="24922" movebytes="1149064" reason="compact to aid heap contraction" />
</gc-op>
<heap-resize id="1778" type="contract" space="tenure" amount="131072" count="1" timems="0.094" reason="excess free space following gc" timestamp="2019-07-02T23:05:42.304" />
<gc-end id="1779" type="global" contextid="1771" durationms="9.120" usertimems="12.000" systemtimems="4.000" timestamp="2019-07-02T23:05:42.304" activeThreads="4">
  <mem-info id="1780" free="10182776" total="15990784" percent="63">
    <mem type="tenure" free="10182776" total="15990784" percent="63">
      <mem type="soa" free="10052728" total="15831040" percent="63" />
      <mem type="loa" free="130048" total="159744" percent="81" />
    </mem>
  </mem-info>
</gc-end>
<cycle-end id="1781" type="global" contextid="1771" timestamp="2019-07-02T23:05:42.304">
  <attribute name="GC Util" value="163" />
  <attribute name="CPU Util" value="19422572878617" />
  <attribute name="Time Running"value="2863"/>
  <attribute name="Number of cores"value="4"/>
</cycle-end>
<allocation-satisfied id="1782" threadId="0000000001358100" bytesRequested="40" />
<af-end id="1783" timestamp="2019-07-02T23:05:42.304" threadId="0000000001358A88" success="true" />
<exclusive-end id="1784" timestamp="2019-07-02T23:05:42.304" durationms="9.822" />

<exclusive-start id="1785" timestamp="2019-07-02T23:05:42.311" intervalms="16.296">
  <response-info timems="0.023" idlems="0.023" threads="0" lastid="0000000001358100" lastname="Thread-7" />
</exclusive-start>
<af-start id="1786" threadId="0000000001358A88" totalBytesRequested="40" timestamp="2019-07-02T23:05:42.311" intervalms="16.273" />
<cycle-start id="1787" type="global" contextid="0" timestamp="2019-07-02T23:05:42.311" intervalms="16.226" />
  <attribute name="GC Util" value="163" />
  <attribute name="CPU Util" value="19422572878617" />
  <attribute name="Time Running"value="2863"/>
  <attribute name="Number of cores"value="4"/>
<gc-start id="1788" type="global" contextid="1787" timestamp="2019-07-02T23:05:42.311">
  <mem-info id="1789" free="130048" total="15990784" percent="0">
    <mem type="tenure" free="130048" total="15990784" percent="0">
      <mem type="soa" free="0" total="15831040" percent="0" />
      <mem type="loa" free="130048" total="159744" percent="81" />
    </mem>
  </mem-info>
</gc-start>
<allocation-stats totalBytes="10116712" >
  <allocated-bytes non-tlh="0" tlh="10116712" />
  <largest-consumer threadName="Thread-9" threadId="000000000135F900" bytes="2981400" />
</allocation-stats>
<gc-op id="1790" type="mark" timems="1.838" contextid="1787" timestamp="2019-07-02T23:05:42.313">
  <trace-info objectcount="66873" scancount="59302" scanbytes="2296572" />
  <finalization candidates="124" enqueued="0" />
  <ownableSynchronizers candidates="3" cleared="0" />
  <references type="soft" candidates="84" cleared="0" enqueued="0" dynamicThreshold="20" maxThreshold="32" />
  <references type="weak" candidates="774" cleared="0" enqueued="0" />
  <references type="phantom" candidates="63" cleared="0" enqueued="0" />
  <stringconstants candidates="4574" cleared="0"  />
</gc-op>
<gc-op id="1791" type="sweep" timems="0.739" contextid="1787" timestamp="2019-07-02T23:05:42.314" />
<heap-resize id="1792" type="contract" space="tenure" amount="131072" count="1" timems="0.046" reason="excess free space following gc" timestamp="2019-07-02T23:05:42.314" />
<gc-end id="1793" type="global" contextid="1787" durationms="2.964" usertimems="8.000" systemtimems="0.000" timestamp="2019-07-02T23:05:42.314" activeThreads="4">
  <mem-info id="1794" free="10029456" total="15859712" percent="63">
    <mem type="tenure" free="10029456" total="15859712" percent="63" micro-fragmented="9265" macro-fragmented="0">
      <mem type="soa" free="9924176" total="15702016" percent="63" />
      <mem type="loa" free="105280" total="157696" percent="66" />
    </mem>
  </mem-info>
</gc-end>
<cycle-end id="1795" type="global" contextid="1787" timestamp="2019-07-02T23:05:42.314">
  <attribute name="GC Util" value="254" />
  <attribute name="CPU Util" value="9742779019937" />
  <attribute name="Time Running"value="2878"/>
  <attribute name="Number of cores"value="4"/>
</cycle-end>
<allocation-satisfied id="1796" threadId="0000000001358100" bytesRequested="40" />
<af-end id="1797" timestamp="2019-07-02T23:05:42.314" threadId="0000000001358A88" success="true" />
<exclusive-end id="1798" timestamp="2019-07-02T23:05:42.314" durationms="3.566" />

<exclusive-start id="1799" timestamp="2019-07-02T23:05:42.323" intervalms="12.662">
  <response-info timems="0.030" idlems="0.030" threads="0" lastid="0000000001358100" lastname="Thread-7" />
</exclusive-start>
<af-start id="1800" threadId="0000000001358A88" totalBytesRequested="40" timestamp="2019-07-02T23:05:42.323" intervalms="12.688" />
<cycle-start id="1801" type="global" contextid="0" timestamp="2019-07-02T23:05:42.324" intervalms="12.694" />
  <attribute name="GC Util" value="254" />
  <attribute name="CPU Util" value="9742779019937" />
  <attribute name="Time Running"value="2878"/>
  <attribute name="Number of cores"value="4"/>
<gc-start id="1802" type="global" contextid="1801" timestamp="2019-07-02T23:05:42.324">
  <mem-info id="1803" free="105280" total="15859712" percent="0">
    <mem type="tenure" free="105280" total="15859712" percent="0">
      <mem type="soa" free="0" total="15702016" percent="0" />
      <mem type="loa" free="105280" total="157696" percent="66" />
    </mem>
  </mem-info>
</gc-start>
<allocation-stats totalBytes="9918376" >
  <allocated-bytes non-tlh="0" tlh="9918376" />
  <largest-consumer threadName="Thread-9" threadId="000000000135F900" bytes="3812752" />
</allocation-stats>
<gc-op id="1804" type="mark" timems="2.161" contextid="1801" timestamp="2019-07-02T23:05:42.326">
  <trace-info objectcount="67574" scancount="59988" scanbytes="2313380" />
  <finalization candidates="124" enqueued="0" />
  <ownableSynchronizers candidates="3" cleared="0" />
  <references type="soft" candidates="84" cleared="0" enqueued="0" dynamicThreshold="20" maxThreshold="32" />
  <references type="weak" candidates="774" cleared="0" enqueued="0" />
  <references type="phantom" candidates="63" cleared="0" enqueued="0" />
  <stringconstants candidates="4574" cleared="0"  />
</gc-op>
<gc-op id="1805" type="sweep" timems="0.752" contextid="1801" timestamp="2019-07-02T23:05:42.327" />
<mem-info id="1806" free="9992728" total="15859712" percent="63">
  <mem type="tenure" free="9992728" total="15859712" percent="63" micro-fragmented="10043" macro-fragmented="0">
    <mem type="soa" free="9887448" total="15702016" percent="62" />
    <mem type="loa" free="105280" total="157696" percent="66" />
  </mem>
</mem-info>
<gc-op id="1807" type="compact" timems="5.268" contextid="1801" timestamp="2019-07-02T23:05:42.332">
  <compact-info movecount="15227" movebytes="641752" reason="compact to aid heap contraction" />
</gc-op>
<heap-resize id="1808" type="contract" space="tenure" amount="131072" count="1" timems="0.041" reason="excess free space following gc" timestamp="2019-07-02T23:05:42.332" />
<gc-end id="1809" type="global" contextid="1801" durationms="8.764" usertimems="28.000" systemtimems="0.000" timestamp="2019-07-02T23:05:42.332" activeThreads="4">
  <mem-info id="1810" free="9853720" total="15728640" percent="62">
    <mem type="tenure" free="9853720" total="15728640" percent="62">
      <mem type="soa" free="9723672" total="15571968" percent="62" />
      <mem type="loa" free="130048" total="156672" percent="83" />
    </mem>
  </mem-info>
</gc-end>
<cycle-end id="1811" type="global" contextid="1801" timestamp="2019-07-02T23:05:42.332">
  <attribute name="GC Util" value="171" />
  <attribute name="CPU Util" value="21343061434584" />
  <attribute name="Time Running"value="2892"/>
  <attribute name="Number of cores"value="4"/>
</cycle-end>
<allocation-satisfied id="1812" threadId="0000000001358100" bytesRequested="40" />
<af-end id="1813" timestamp="2019-07-02T23:05:42.333" threadId="0000000001358A88" success="true" />
<exclusive-end id="1814" timestamp="2019-07-02T23:05:42.333" durationms="9.388" />

<exclusive-start id="1815" timestamp="2019-07-02T23:05:42.339" intervalms="15.897">
  <response-info timems="0.035" idlems="0.035" threads="0" lastid="000000000135BD00" lastname="Thread-10" />
</exclusive-start>
<af-start id="1816" threadId="000000000135C688" totalBytesRequested="24" timestamp="2019-07-02T23:05:42.343" intervalms="19.578" />
<cycle-start id="1817" type="global" contextid="0" timestamp="2019-07-02T23:05:42.343" intervalms="19.583" />
  <attribute name="GC Util" value="171" />
  <attribute name="CPU Util" value="21343061434584" />
  <attribute name="Time Running"value="2892"/>
  <attribute name="Number of cores"value="4"/>
<gc-start id="1818" type="global" contextid="1817" timestamp="2019-07-02T23:05:42.343">
  <mem-info id="1819" free="130048" total="15728640" percent="0">
    <mem type="tenure" free="130048" total="15728640" percent="0">
      <mem type="soa" free="0" total="15571968" percent="0" />
      <mem type="loa" free="130048" total="156672" percent="83" />
    </mem>
  </mem-info>
</gc-start>
<allocation-stats totalBytes="9787944" >
  <allocated-bytes non-tlh="0" tlh="9787944" />
  <largest-consumer threadName="Thread-9" threadId="000000000135F900" bytes="2719408" />
</allocation-stats>
<gc-op id="1820" type="mark" timems="1.314" contextid="1817" timestamp="2019-07-02T23:05:42.345">
  <trace-info objectcount="68398" scancount="60823" scanbytes="2333140" />
  <finalization candidates="124" enqueued="0" />
  <ownableSynchronizers candidates="3" cleared="0" />
  <references type="soft" candidates="84" cleared="0" enqueued="0" dynamicThreshold="20" maxThreshold="32" />
  <references type="weak" candidates="774" cleared="0" enqueued="0" />
  <references type="phantom" candidates="63" cleared="0" enqueued="0" />
  <stringconstants candidates="4574" cleared="0"  />
</gc-op>
<gc-op id="1821" type="sweep" timems="0.255" contextid="1817" timestamp="2019-07-02T23:05:42.345" />
<heap-resize id="1822" type="contract" space="tenure" amount="131072" count="1" timems="0.125" reason="excess free space following gc" timestamp="2019-07-02T23:05:42.345" />
<gc-end id="1823" type="global" contextid="1817" durationms="2.128" usertimems="0.000" systemtimems="4.000" timestamp="2019-07-02T23:05:42.345" activeThreads="4">
  <mem-info id="1824" free="9720400" total="15597568" percent="62">
    <mem type="tenure" free="9720400" total="15597568" percent="62" micro-fragmented="10029" macro-fragmented="0">
      <mem type="soa" free="9627144" total="15441920" percent="62" />
      <mem type="loa" free="93256" total="155648" percent="59" />
    </mem>
  </mem-info>
</gc-end>
<cycle-end id="1825" type="global" contextid="1817" timestamp="2019-07-02T23:05:42.345">
  <attribute name="GC Util" value="187" />
  <attribute name="CPU Util" value="13201517166805" />
  <attribute name="Time Running"value="2910"/>
  <attribute name="Number of cores"value="4"/>
</cycle-end>
<allocation-satisfied id="1826" threadId="000000000135BD00" bytesRequested="24" />
<af-end id="1827" timestamp="2019-07-02T23:05:42.346" threadId="000000000135C688" success="true" />
<exclusive-end id="1828" timestamp="2019-07-02T23:05:42.346" durationms="6.555" />

<exclusive-start id="1829" timestamp="2019-07-02T23:05:42.352" intervalms="13.134">
  <response-info timems="0.026" idlems="0.026" threads="0" lastid="0000000001354500" lastname="Thread-8" />
</exclusive-start>
<af-start id="1830" threadId="0000000001354E88" totalBytesRequested="40" timestamp="2019-07-02T23:05:42.352" intervalms="9.394" />
<cycle-start id="1831" type="global" contextid="0" timestamp="2019-07-02T23:05:42.352" intervalms="9.363" />
  <attribute name="GC Util" value="187" />
  <attribute name="CPU Util" value="13201517166805" />
  <attribute name="Time Running"value="2910"/>
  <attribute name="Number of cores"value="4"/>
<gc-start id="1832" type="global" contextid="1831" timestamp="2019-07-02T23:05:42.353">
  <mem-info id="1833" free="93256" total="15597568" percent="0">
    <mem type="tenure" free="93256" total="15597568" percent="0">
      <mem type="soa" free="0" total="15441920" percent="0" />
      <mem type="loa" free="93256" total="155648" percent="59" />
    </mem>
  </mem-info>
</gc-start>
<allocation-stats totalBytes="9621848" >
  <allocated-bytes non-tlh="0" tlh="9621848" />
  <largest-consumer threadName="Thread-9" threadId="000000000135F900" bytes="2763912" />
</allocation-stats>
<gc-op id="1834" type="mark" timems="2.105" contextid="1831" timestamp="2019-07-02T23:05:42.355">
  <trace-info objectcount="69008" scancount="61418" scanbytes="2347796" />
  <finalization candidates="124" enqueued="0" />
  <ownableSynchronizers candidates="3" cleared="0" />
  <references type="soft" candidates="84" cleared="0" enqueued="0" dynamicThreshold="19" maxThreshold="32" />
  <references type="weak" candidates="774" cleared="0" enqueued="0" />
  <references type="phantom" candidates="63" cleared="0" enqueued="0" />
  <stringconstants candidates="4574" cleared="0"  />
</gc-op>
<gc-op id="1835" type="sweep" timems="0.746" contextid="1831" timestamp="2019-07-02T23:05:42.356" />
<heap-resize id="1836" type="contract" space="tenure" amount="65536" count="1" timems="0.048" reason="excess free space following gc" timestamp="2019-07-02T23:05:42.356" />
<gc-end id="1837" type="global" contextid="1831" durationms="3.178" usertimems="12.000" systemtimems="0.000" timestamp="2019-07-02T23:05:42.356" activeThreads="4">
  <mem-info id="1838" free="9538520" total="15532032" percent="61">
    <mem type="tenure" free="9538520" total="15532032" percent="61" micro-fragmented="13867" macro-fragmented="0">
      <mem type="soa" free="9538520" total="15377408" percent="62" />
      <mem type="loa" free="0" total="154624" percent="0" />
    </mem>
  </mem-info>
</gc-end>
<cycle-end id="1839" type="global" contextid="1831" timestamp="2019-07-02T23:05:42.356">
  <attribute name="GC Util" value="254" />
  <attribute name="CPU Util" value="8523530468246" />
  <attribute name="Time Running"value="2920"/>
  <attribute name="Number of cores"value="4"/>
</cycle-end>
<allocation-satisfied id="1840" threadId="0000000001354500" bytesRequested="40" />
<af-end id="1841" timestamp="2019-07-02T23:05:42.356" threadId="0000000001354E88" success="true" />
<exclusive-end id="1842" timestamp="2019-07-02T23:05:42.356" durationms="3.561" />

<exclusive-start id="1843" timestamp="2019-07-02T23:05:42.365" intervalms="12.727">
  <response-info timems="1.955" idlems="0.984" threads="1" lastid="000000000135BD00" lastname="Thread-10" />
</exclusive-start>
<af-start id="1844" threadId="0000000001360288" totalBytesRequested="40" timestamp="2019-07-02T23:05:42.365" intervalms="12.741" />
<cycle-start id="1845" type="global" contextid="0" timestamp="2019-07-02T23:05:42.365" intervalms="12.764" />
  <attribute name="GC Util" value="254" />
  <attribute name="CPU Util" value="8523530468246" />
  <attribute name="Time Running"value="2920"/>
  <attribute name="Number of cores"value="4"/>
<gc-start id="1846" type="global" contextid="1845" timestamp="2019-07-02T23:05:42.365">
  <mem-info id="1847" free="0" total="15532032" percent="0">
    <mem type="tenure" free="0" total="15532032" percent="0">
      <mem type="soa" free="0" total="15377408" percent="0" />
      <mem type="loa" free="0" total="154624" percent="0" />
    </mem>
  </mem-info>
</gc-start>
<allocation-stats totalBytes="9527768" >
  <allocated-bytes non-tlh="0" tlh="9527768" />
  <largest-consumer threadName="Thread-9" threadId="000000000135F900" bytes="2894152" />
</allocation-stats>
<gc-op id="1848" type="mark" timems="1.853" contextid="1845" timestamp="2019-07-02T23:05:42.367">
  <trace-info objectcount="69498" scancount="61907" scanbytes="2359572" />
  <finalization candidates="124" enqueued="0" />
  <ownableSynchronizers candidates="3" cleared="0" />
  <references type="soft" candidates="84" cleared="0" enqueued="0" dynamicThreshold="19" maxThreshold="32" />
  <references type="weak" candidates="774" cleared="0" enqueued="0" />
  <references type="phantom" candidates="63" cleared="0" enqueued="0" />
  <stringconstants candidates="4574" cleared="0"  />
</gc-op>
<gc-op id="1849" type="sweep" timems="0.786" contextid="1845" timestamp="2019-07-02T23:05:42.368" />
<mem-info id="1850" free="9568200" total="15532032" percent="61">
  <mem type="tenure" free="9568200" total="15532032" percent="61" micro-fragmented="36979" macro-fragmented="0">
    <mem type="soa" free="9497048" total="15377408" percent="61" />
    <mem type="loa" free="71152" total="154624" percent="46" />
  </mem>
</mem-info>
<gc-op id="1851" type="compact" timems="5.632" contextid="1845" timestamp="2019-07-02T23:05:42.374">
  <compact-info movecount="16528" movebytes="672992" reason="compact to aid heap contraction" />
</gc-op>
<heap-resize id="1852" type="contract" space="tenure" amount="131072" count="1" timems="0.080" reason="excess free space following gc" timestamp="2019-07-02T23:05:42.374" />
<gc-end id="1853" type="global" contextid="1845" durationms="8.979" usertimems="20.000" systemtimems="0.000" timestamp="2019-07-02T23:05:42.374" activeThreads="4">
  <mem-info id="1854" free="9482920" total="15400960" percent="61">
    <mem type="tenure" free="9482920" total="15400960" percent="61">
      <mem type="soa" free="9352872" total="15247360" percent="61" />
      <mem type="loa" free="130048" total="153600" percent="84" />
    </mem>
  </mem-info>
</gc-end>
<cycle-end id="1855" type="global" contextid="1845" timestamp="2019-07-02T23:05:42.374">
  <attribute name="GC Util" value="166" />
  <attribute name="CPU Util" value="20535970972903" />
  <attribute name="Time Running"value="2933"/>
  <attribute name="Number of cores"value="4"/>
</cycle-end>
<allocation-satisfied id="1856" threadId="000000000135F900" bytesRequested="40" />
<af-end id="1857" timestamp="2019-07-02T23:05:42.375" threadId="0000000001360288" success="true" />
<exclusive-end id="1858" timestamp="2019-07-02T23:05:42.375" durationms="9.714" />

<exclusive-start id="1859" timestamp="2019-07-02T23:05:42.383" intervalms="17.895">
  <response-info timems="0.041" idlems="0.041" threads="0" lastid="000000000135F900" lastname="Thread-9" />
</exclusive-start>
<af-start id="1860" threadId="0000000001360288" totalBytesRequested="40" timestamp="2019-07-02T23:05:42.383" intervalms="17.932" />
<cycle-start id="1861" type="global" contextid="0" timestamp="2019-07-02T23:05:42.383" intervalms="17.919" />
  <attribute name="GC Util" value="166" />
  <attribute name="CPU Util" value="20535970972903" />
  <attribute name="Time Running"value="2933"/>
  <attribute name="Number of cores"value="4"/>
<gc-start id="1862" type="global" contextid="1861" timestamp="2019-07-02T23:05:42.383">
  <mem-info id="1863" free="130048" total="15400960" percent="0">
    <mem type="tenure" free="130048" total="15400960" percent="0">
      <mem type="soa" free="0" total="15247360" percent="0" />
      <mem type="loa" free="130048" total="153600" percent="84" />
    </mem>
  </mem-info>
</gc-start>
<allocation-stats totalBytes="9417128" >
  <allocated-bytes non-tlh="0" tlh="9417128" />
  <largest-consumer threadName="Thread-9" threadId="000000000135F900" bytes="3374664" />
</allocation-stats>
<gc-op id="1864" type="mark" timems="2.043" contextid="1861" timestamp="2019-07-02T23:05:42.385">
  <trace-info objectcount="65318" scancount="57742" scanbytes="2259188" />
  <finalization candidates="124" enqueued="0" />
  <ownableSynchronizers candidates="3" cleared="0" />
  <references type="soft" candidates="84" cleared="0" enqueued="0" dynamicThreshold="19" maxThreshold="32" />
  <references type="weak" candidates="774" cleared="0" enqueued="0" />
  <references type="phantom" candidates="63" cleared="0" enqueued="0" />
  <stringconstants candidates="4574" cleared="0"  />
</gc-op>
<gc-op id="1865" type="sweep" timems="0.718" contextid="1861" timestamp="2019-07-02T23:05:42.386" />
<heap-resize id="1866" type="contract" space="tenure" amount="131072" count="1" timems="0.080" reason="excess free space following gc" timestamp="2019-07-02T23:05:42.386" />
<gc-end id="1867" type="global" contextid="1861" durationms="3.216" usertimems="4.000" systemtimems="4.000" timestamp="2019-07-02T23:05:42.386" activeThreads="4">
  <mem-info id="1868" free="9328608" total="15269888" percent="61">
    <mem type="tenure" free="9328608" total="15269888" percent="61" micro-fragmented="28563" macro-fragmented="0">
      <mem type="soa" free="9328608" total="15117312" percent="61" />
      <mem type="loa" free="0" total="152576" percent="0" />
    </mem>
  </mem-info>
</gc-end>
<cycle-end id="1869" type="global" contextid="1861" timestamp="2019-07-02T23:05:42.387">
  <attribute name="GC Util" value="247" />
  <attribute name="CPU Util" value="8816992394303" />
  <attribute name="Time Running"value="2950"/>
  <attribute name="Number of cores"value="4"/>
</cycle-end>
<allocation-satisfied id="1870" threadId="000000000135F900" bytesRequested="40" />
<af-end id="1871" timestamp="2019-07-02T23:05:42.387" threadId="0000000001360288" success="true" />
<exclusive-end id="1872" timestamp="2019-07-02T23:05:42.387" durationms="3.950" />

<exclusive-start id="1873" timestamp="2019-07-02T23:05:42.395" intervalms="11.585">
  <response-info timems="0.035" idlems="0.035" threads="0" lastid="0000000001358100" lastname="Thread-7" />
</exclusive-start>
<af-start id="1874" threadId="0000000001358A88" totalBytesRequested="40" timestamp="2019-07-02T23:05:42.395" intervalms="11.558" />
<cycle-start id="1875" type="global" contextid="0" timestamp="2019-07-02T23:05:42.395" intervalms="11.561" />
  <attribute name="GC Util" value="247" />
  <attribute name="CPU Util" value="8816992394303" />
  <attribute name="Time Running"value="2950"/>
  <attribute name="Number of cores"value="4"/>
<gc-start id="1876" type="global" contextid="1875" timestamp="2019-07-02T23:05:42.395">
  <mem-info id="1877" free="0" total="15269888" percent="0">
    <mem type="tenure" free="0" total="15269888" percent="0">
      <mem type="soa" free="0" total="15117312" percent="0" />
      <mem type="loa" free="0" total="152576" percent="0" />
    </mem>
  </mem-info>
</gc-start>
<allocation-stats totalBytes="9323416" >
  <allocated-bytes non-tlh="0" tlh="9323416" />
  <largest-consumer threadName="Thread-8" threadId="0000000001354500" bytes="3408984" />
</allocation-stats>
<gc-op id="1878" type="mark" timems="2.232" contextid="1875" timestamp="2019-07-02T23:05:42.397">
  <trace-info objectcount="65726" scancount="58137" scanbytes="2268796" />
  <finalization candidates="124" enqueued="0" />
  <ownableSynchronizers candidates="3" cleared="0" />
  <references type="soft" candidates="84" cleared="0" enqueued="0" dynamicThreshold="19" maxThreshold="32" />
  <references type="weak" candidates="774" cleared="0" enqueued="0" />
  <references type="phantom" candidates="63" cleared="0" enqueued="0" />
  <stringconstants candidates="4574" cleared="0"  />
</gc-op>
<gc-op id="1879" type="sweep" timems="0.815" contextid="1875" timestamp="2019-07-02T23:05:42.398" />
<gc-end id="1880" type="global" contextid="1875" durationms="3.379" usertimems="12.000" systemtimems="0.000" timestamp="2019-07-02T23:05:42.398" activeThreads="4">
  <mem-info id="1881" free="9367264" total="15269888" percent="61">
    <mem type="tenure" free="9367264" total="15269888" percent="61" micro-fragmented="61597" macro-fragmented="0">
      <mem type="soa" free="9279880" total="15117312" percent="61" />
      <mem type="loa" free="87384" total="152576" percent="57" />
    </mem>
  </mem-info>
</gc-end>
<cycle-end id="1882" type="global" contextid="1875" timestamp="2019-07-02T23:05:42.398">
  <attribute name="GC Util" value="248" />
  <attribute name="CPU Util" value="7934998083524" />
  <attribute name="Time Running"value="2962"/>
  <attribute name="Number of cores"value="4"/>
</cycle-end>
<allocation-satisfied id="1883" threadId="0000000001358100" bytesRequested="40" />
<af-end id="1884" timestamp="2019-07-02T23:05:42.398" threadId="0000000001358A88" success="true" />
<exclusive-end id="1885" timestamp="2019-07-02T23:05:42.398" durationms="3.952" />

<exclusive-start id="1886" timestamp="2019-07-02T23:05:42.404" intervalms="9.461">
  <response-info timems="0.026" idlems="0.025" threads="1" lastid="0000000001354500" lastname="Thread-8" />
</exclusive-start>
<af-start id="1887" threadId="0000000001358A88" totalBytesRequested="40" timestamp="2019-07-02T23:05:42.404" intervalms="9.483" />
<cycle-start id="1888" type="global" contextid="0" timestamp="2019-07-02T23:05:42.404" intervalms="9.514" />
  <attribute name="GC Util" value="248" />
  <attribute name="CPU Util" value="7934998083524" />
  <attribute name="Time Running"value="2962"/>
  <attribute name="Number of cores"value="4"/>
<gc-start id="1889" type="global" contextid="1888" timestamp="2019-07-02T23:05:42.404">
  <mem-info id="1890" free="87384" total="15269888" percent="0">
    <mem type="tenure" free="87384" total="15269888" percent="0">
      <mem type="soa" free="0" total="15117312" percent="0" />
      <mem type="loa" free="87384" total="152576" percent="57" />
    </mem>
  </mem-info>
</gc-start>
<allocation-stats totalBytes="9284384" >
  <allocated-bytes non-tlh="19056" tlh="9265328" />
  <largest-consumer threadName="Thread-9" threadId="000000000135F900" bytes="3113088" />
</allocation-stats>
<gc-op id="1891" type="mark" timems="2.029" contextid="1888" timestamp="2019-07-02T23:05:42.406">
  <trace-info objectcount="61785" scancount="54200" scanbytes="2174460" />
  <finalization candidates="124" enqueued="0" />
  <ownableSynchronizers candidates="3" cleared="0" />
  <references type="soft" candidates="84" cleared="0" enqueued="0" dynamicThreshold="19" maxThreshold="32" />
  <references type="weak" candidates="774" cleared="0" enqueued="0" />
  <references type="phantom" candidates="63" cleared="0" enqueued="0" />
  <stringconstants candidates="4574" cleared="0"  />
</gc-op>
<gc-op id="1892" type="sweep" timems="0.774" contextid="1888" timestamp="2019-07-02T23:05:42.407" />
<heap-resize id="1893" type="contract" space="tenure" amount="65536" count="1" timems="0.084" reason="excess free space following gc" timestamp="2019-07-02T23:05:42.407" />
<gc-end id="1894" type="global" contextid="1888" durationms="3.302" usertimems="8.000" systemtimems="0.000" timestamp="2019-07-02T23:05:42.408" activeThreads="4">
  <mem-info id="1895" free="9300136" total="15204352" percent="61">
    <mem type="tenure" free="9300136" total="15204352" percent="61" micro-fragmented="69148" macro-fragmented="0">
      <mem type="soa" free="9300136" total="15052800" percent="61" />
      <mem type="loa" free="0" total="151552" percent="0" />
    </mem>
  </mem-info>
</gc-end>
<cycle-end id="1896" type="global" contextid="1888" timestamp="2019-07-02T23:05:42.408">
  <attribute name="GC Util" value="253" />
  <attribute name="CPU Util" value="8808416298572" />
  <attribute name="Time Running"value="2971"/>
  <attribute name="Number of cores"value="4"/>
</cycle-end>
<allocation-satisfied id="1897" threadId="0000000001358100" bytesRequested="40" />
<af-end id="1898" timestamp="2019-07-02T23:05:42.408" threadId="0000000001358A88" success="true" />
<exclusive-end id="1899" timestamp="2019-07-02T23:05:42.408" durationms="4.088" />

<exclusive-start id="1900" timestamp="2019-07-02T23:05:42.414" intervalms="10.063">
  <response-info timems="0.030" idlems="0.030" threads="0" lastid="000000000135F900" lastname="Thread-9" />
</exclusive-start>
<af-start id="1901" threadId="0000000001360288" totalBytesRequested="40" timestamp="2019-07-02T23:05:42.414" intervalms="10.067" />
<cycle-start id="1902" type="global" contextid="0" timestamp="2019-07-02T23:05:42.414" intervalms="10.037" />
  <attribute name="GC Util" value="253" />
  <attribute name="CPU Util" value="8808416298572" />
  <attribute name="Time Running"value="2971"/>
  <attribute name="Number of cores"value="4"/>
<gc-start id="1903" type="global" contextid="1902" timestamp="2019-07-02T23:05:42.414">
  <mem-info id="1904" free="0" total="15204352" percent="0">
    <mem type="tenure" free="0" total="15204352" percent="0">
      <mem type="soa" free="0" total="15052800" percent="0" />
      <mem type="loa" free="0" total="151552" percent="0" />
    </mem>
  </mem-info>
</gc-start>
<allocation-stats totalBytes="9303616" >
  <allocated-bytes non-tlh="0" tlh="9303616" />
  <largest-consumer threadName="Thread-8" threadId="0000000001354500" bytes="2724256" />
</allocation-stats>
<gc-op id="1905" type="mark" timems="2.277" contextid="1902" timestamp="2019-07-02T23:05:42.417">
  <trace-info objectcount="62450" scancount="54874" scanbytes="2190420" />
  <finalization candidates="124" enqueued="0" />
  <ownableSynchronizers candidates="3" cleared="0" />
  <references type="soft" candidates="84" cleared="0" enqueued="0" dynamicThreshold="19" maxThreshold="32" />
  <references type="weak" candidates="774" cleared="0" enqueued="0" />
  <references type="phantom" candidates="63" cleared="0" enqueued="0" />
  <stringconstants candidates="4574" cleared="0"  />
</gc-op>
<gc-op id="1906" type="sweep" timems="0.804" contextid="1902" timestamp="2019-07-02T23:05:42.418" />
<gc-end id="1907" type="global" contextid="1902" durationms="3.400" usertimems="8.000" systemtimems="0.000" timestamp="2019-07-02T23:05:42.418" activeThreads="4">
  <mem-info id="1908" free="9239944" total="15204352" percent="60">
    <mem type="tenure" free="9239944" total="15204352" percent="60" micro-fragmented="76364" macro-fragmented="0">
      <mem type="soa" free="9239944" total="15052800" percent="61" />
      <mem type="loa" free="0" total="151552" percent="0" />
    </mem>
  </mem-info>
</gc-end>
<cycle-end id="1909" type="global" contextid="1902" timestamp="2019-07-02T23:05:42.418">
  <attribute name="GC Util" value="262" />
  <attribute name="CPU Util" value="7922395761150" />
  <attribute name="Time Running"value="2982"/>
  <attribute name="Number of cores"value="4"/>
</cycle-end>
<allocation-satisfied id="1910" threadId="000000000135F900" bytesRequested="40" />
<af-end id="1911" timestamp="2019-07-02T23:05:42.418" threadId="0000000001360288" success="true" />
<exclusive-end id="1912" timestamp="2019-07-02T23:05:42.418" durationms="4.022" />

<exclusive-start id="1913" timestamp="2019-07-02T23:05:42.426" intervalms="11.877">
  <response-info timems="0.036" idlems="0.036" threads="0" lastid="000000000135F900" lastname="Thread-9" />
</exclusive-start>
<af-start id="1914" threadId="0000000001360288" totalBytesRequested="40" timestamp="2019-07-02T23:05:42.426" intervalms="11.841" />
<cycle-start id="1915" type="global" contextid="0" timestamp="2019-07-02T23:05:42.426" intervalms="11.837" />
  <attribute name="GC Util" value="262" />
  <attribute name="CPU Util" value="7922395761150" />
  <attribute name="Time Running"value="2982"/>
  <attribute name="Number of cores"value="4"/>
<gc-start id="1916" type="global" contextid="1915" timestamp="2019-07-02T23:05:42.426">
  <mem-info id="1917" free="0" total="15204352" percent="0">
    <mem type="tenure" free="0" total="15204352" percent="0">
      <mem type="soa" free="0" total="15052800" percent="0" />
      <mem type="loa" free="0" total="151552" percent="0" />
    </mem>
  </mem-info>
</gc-start>
<allocation-stats totalBytes="9236048" >
  <allocated-bytes non-tlh="0" tlh="9236048" />
  <largest-consumer threadName="Thread-9" threadId="000000000135F900" bytes="3265344" />
</allocation-stats>
<gc-op id="1918" type="mark" timems="2.333" contextid="1915" timestamp="2019-07-02T23:05:42.429">
  <trace-info objectcount="63026" scancount="55448" scanbytes="2203988" />
  <finalization candidates="124" enqueued="0" />
  <ownableSynchronizers candidates="3" cleared="0" />
  <references type="soft" candidates="84" cleared="0" enqueued="0" dynamicThreshold="19" maxThreshold="32" />
  <references type="weak" candidates="774" cleared="0" enqueued="0" />
  <references type="phantom" candidates="63" cleared="0" enqueued="0" />
  <stringconstants candidates="4574" cleared="0"  />
</gc-op>
<gc-op id="1919" type="sweep" timems="0.842" contextid="1915" timestamp="2019-07-02T23:05:42.430" />
<gc-end id="1920" type="global" contextid="1915" durationms="3.475" usertimems="12.000" systemtimems="0.000" timestamp="2019-07-02T23:05:42.430" activeThreads="4">
  <mem-info id="1921" free="9188376" total="15204352" percent="60">
    <mem type="tenure" free="9188376" total="15204352" percent="60" micro-fragmented="50432" macro-fragmented="0">
      <mem type="soa" free="9188376" total="15052800" percent="61" />
      <mem type="loa" free="0" total="151552" percent="0" />
    </mem>
  </mem-info>
</gc-end>
<cycle-end id="1922" type="global" contextid="1915" timestamp="2019-07-02T23:05:42.430">
  <attribute name="GC Util" value="258" />
  <attribute name="CPU Util" value="7662418553760" />
  <attribute name="Time Running"value="2994"/>
  <attribute name="Number of cores"value="4"/>
</cycle-end>
<allocation-satisfied id="1923" threadId="000000000135F900" bytesRequested="40" />
<af-end id="1924" timestamp="2019-07-02T23:05:42.430" threadId="0000000001360288" success="true" />
<exclusive-end id="1925" timestamp="2019-07-02T23:05:42.430" durationms="3.985" />

<exclusive-start id="1926" timestamp="2019-07-02T23:05:42.436" intervalms="9.680">
  <response-info timems="0.039" idlems="0.039" threads="0" lastid="0000000001354500" lastname="Thread-8" />
</exclusive-start>
<af-start id="1927" threadId="0000000001354E88" totalBytesRequested="40" timestamp="2019-07-02T23:05:42.436" intervalms="9.666" />
<cycle-start id="1928" type="global" contextid="0" timestamp="2019-07-02T23:05:42.436" intervalms="9.657" />
  <attribute name="GC Util" value="258" />
  <attribute name="CPU Util" value="7662418553760" />
  <attribute name="Time Running"value="2994"/>
  <attribute name="Number of cores"value="4"/>
<gc-start id="1929" type="global" contextid="1928" timestamp="2019-07-02T23:05:42.436">
  <mem-info id="1930" free="0" total="15204352" percent="0">
    <mem type="tenure" free="0" total="15204352" percent="0">
      <mem type="soa" free="0" total="15052800" percent="0" />
      <mem type="loa" free="0" total="151552" percent="0" />
    </mem>
  </mem-info>
</gc-start>
<allocation-stats totalBytes="9178312" >
  <allocated-bytes non-tlh="0" tlh="9178312" />
  <largest-consumer threadName="Thread-9" threadId="000000000135F900" bytes="2727064" />
</allocation-stats>
<gc-op id="1931" type="mark" timems="2.333" contextid="1928" timestamp="2019-07-02T23:05:42.438">
  <trace-info objectcount="63796" scancount="56230" scanbytes="2222724" />
  <finalization candidates="124" enqueued="0" />
  <ownableSynchronizers candidates="3" cleared="0" />
  <references type="soft" candidates="84" cleared="0" enqueued="0" dynamicThreshold="19" maxThreshold="32" />
  <references type="weak" candidates="774" cleared="0" enqueued="0" />
  <references type="phantom" candidates="63" cleared="0" enqueued="0" />
  <stringconstants candidates="4574" cleared="0"  />
</gc-op>
<gc-op id="1932" type="sweep" timems="0.880" contextid="1928" timestamp="2019-07-02T23:05:42.439" />
<gc-end id="1933" type="global" contextid="1928" durationms="3.447" usertimems="8.000" systemtimems="0.000" timestamp="2019-07-02T23:05:42.439" activeThreads="4">
  <mem-info id="1934" free="9114192" total="15204352" percent="59">
    <mem type="tenure" free="9114192" total="15204352" percent="59" micro-fragmented="72746" macro-fragmented="0">
      <mem type="soa" free="9114192" total="15052800" percent="60" />
      <mem type="loa" free="0" total="151552" percent="0" />
    </mem>
  </mem-info>
</gc-end>
<cycle-end id="1935" type="global" contextid="1928" timestamp="2019-07-02T23:05:42.439">
  <attribute name="GC Util" value="258" />
  <attribute name="CPU Util" value="7714213411328" />
  <attribute name="Time Running"value="3003"/>
  <attribute name="Number of cores"value="4"/>
</cycle-end>
<allocation-satisfied id="1936" threadId="0000000001354500" bytesRequested="40" />
<af-end id="1937" timestamp="2019-07-02T23:05:42.440" threadId="0000000001354E88" success="true" />
<exclusive-end id="1938" timestamp="2019-07-02T23:05:42.440" durationms="3.964" />

<exclusive-start id="1939" timestamp="2019-07-02T23:05:42.445" intervalms="9.662">
  <response-info timems="0.029" idlems="0.027" threads="1" lastid="0000000001354500" lastname="Thread-8" />
</exclusive-start>
<af-start id="1940" threadId="000000000135C688" totalBytesRequested="40" timestamp="2019-07-02T23:05:42.445" intervalms="9.679" />
<cycle-start id="1941" type="global" contextid="0" timestamp="2019-07-02T23:05:42.445" intervalms="9.693" />
  <attribute name="GC Util" value="258" />
  <attribute name="CPU Util" value="7714213411328" />
  <attribute name="Time Running"value="3003"/>
  <attribute name="Number of cores"value="4"/>
<gc-start id="1942" type="global" contextid="1941" timestamp="2019-07-02T23:05:42.446">
  <mem-info id="1943" free="0" total="15204352" percent="0">
    <mem type="tenure" free="0" total="15204352" percent="0">
      <mem type="soa" free="0" total="15052800" percent="0" />
      <mem type="loa" free="0" total="151552" percent="0" />
    </mem>
  </mem-info>
</gc-start>
<allocation-stats totalBytes="9098744" >
  <allocated-bytes non-tlh="0" tlh="9098744" />
  <largest-consumer threadName="Thread-9" threadId="000000000135F900" bytes="2758368" />
</allocation-stats>
<gc-op id="1944" type="mark" timems="1.337" contextid="1941" timestamp="2019-07-02T23:05:42.447">
  <trace-info objectcount="64373" scancount="56802" scanbytes="2236284" />
  <finalization candidates="124" enqueued="0" />
  <ownableSynchronizers candidates="3" cleared="0" />
  <references type="soft" candidates="84" cleared="0" enqueued="0" dynamicThreshold="19" maxThreshold="32" />
  <references type="weak" candidates="774" cleared="0" enqueued="0" />
  <references type="phantom" candidates="63" cleared="0" enqueued="0" />
  <stringconstants candidates="4574" cleared="0"  />
</gc-op>
<gc-op id="1945" type="sweep" timems="0.380" contextid="1941" timestamp="2019-07-02T23:05:42.447" />
<heap-resize id="1946" type="expand" space="tenure" amount="1048576" count="1" timems="0.058" reason="excessive time being spent in gc" timestamp="2019-07-02T23:05:42.448" />
<gc-end id="1947" type="global" contextid="1941" durationms="2.135" usertimems="4.000" systemtimems="0.000" timestamp="2019-07-02T23:05:42.448" activeThreads="4">
  <mem-info id="1948" free="10087304" total="16252928" percent="62">
    <mem type="tenure" free="10087304" total="16252928" percent="62" micro-fragmented="95103" macro-fragmented="0">
      <mem type="soa" free="9925512" total="16091136" percent="61" />
      <mem type="loa" free="161792" total="161792" percent="100" />
    </mem>
  </mem-info>
</gc-end>
<cycle-end id="1949" type="global" contextid="1941" timestamp="2019-07-02T23:05:42.448">
  <attribute name="GC Util" value="187" />
  <attribute name="CPU Util" value="13141196238024" />
  <attribute name="Time Running"value="3012"/>
  <attribute name="Number of cores"value="4"/>
</cycle-end>
<allocation-satisfied id="1950" threadId="000000000135BD00" bytesRequested="40" />
<af-end id="1951" timestamp="2019-07-02T23:05:42.448" threadId="000000000135C688" success="true" />
<exclusive-end id="1952" timestamp="2019-07-02T23:05:42.448" durationms="2.704" />

<exclusive-start id="1953" timestamp="2019-07-02T23:05:42.457" intervalms="11.806">
  <response-info timems="1.244" idlems="0.631" threads="1" lastid="000000000135BD00" lastname="Thread-10" />
</exclusive-start>
<af-start id="1954" threadId="0000000001358A88" totalBytesRequested="40" timestamp="2019-07-02T23:05:42.457" intervalms="11.814" />
<cycle-start id="1955" type="global" contextid="0" timestamp="2019-07-02T23:05:42.457" intervalms="11.813" />
  <attribute name="GC Util" value="187" />
  <attribute name="CPU Util" value="13141196238024" />
  <attribute name="Time Running"value="3012"/>
  <attribute name="Number of cores"value="4"/>
<gc-start id="1956" type="global" contextid="1955" timestamp="2019-07-02T23:05:42.457">
  <mem-info id="1957" free="161792" total="16252928" percent="0">
    <mem type="tenure" free="161792" total="16252928" percent="0">
      <mem type="soa" free="0" total="16091136" percent="0" />
      <mem type="loa" free="161792" total="161792" percent="100" />
    </mem>
  </mem-info>
</gc-start>
<allocation-stats totalBytes="9905664" >
  <allocated-bytes non-tlh="0" tlh="9905664" />
  <largest-consumer threadName="Thread-9" threadId="000000000135F900" bytes="3840664" />
</allocation-stats>
<gc-op id="1958" type="mark" timems="2.176" contextid="1955" timestamp="2019-07-02T23:05:42.460">
  <trace-info objectcount="65364" scancount="57796" scanbytes="2260204" />
  <finalization candidates="124" enqueued="0" />
  <ownableSynchronizers candidates="3" cleared="0" />
  <references type="soft" candidates="84" cleared="0" enqueued="0" dynamicThreshold="19" maxThreshold="32" />
  <references type="weak" candidates="774" cleared="0" enqueued="0" />
  <references type="phantom" candidates="63" cleared="0" enqueued="0" />
  <stringconstants candidates="4574" cleared="0"  />
</gc-op>
<gc-op id="1959" type="sweep" timems="0.905" contextid="1955" timestamp="2019-07-02T23:05:42.461" />
<gc-end id="1960" type="global" contextid="1955" durationms="3.426" usertimems="12.000" systemtimems="0.000" timestamp="2019-07-02T23:05:42.461" activeThreads="4">
  <mem-info id="1961" free="10126136" total="16252928" percent="62">
    <mem type="tenure" free="10126136" total="16252928" percent="62" micro-fragmented="97644" macro-fragmented="0">
      <mem type="soa" free="9964344" total="16091136" percent="61" />
      <mem type="loa" free="161792" total="161792" percent="100" />
    </mem>
  </mem-info>
</gc-end>
<cycle-end id="1962" type="global" contextid="1955" timestamp="2019-07-02T23:05:42.461">
  <attribute name="GC Util" value="256" />
  <attribute name="CPU Util" value="8244067451170" />
  <attribute name="Time Running"value="3025"/>
  <attribute name="Number of cores"value="4"/>
</cycle-end>
<allocation-satisfied id="1963" threadId="0000000001358100" bytesRequested="40" />
<af-end id="1964" timestamp="2019-07-02T23:05:42.461" threadId="0000000001358A88" success="true" />
<exclusive-end id="1965" timestamp="2019-07-02T23:05:42.461" durationms="3.907" />

<exclusive-start id="1966" timestamp="2019-07-02T23:05:42.468" intervalms="11.219">
  <response-info timems="0.031" idlems="0.031" threads="0" lastid="000000000135F900" lastname="Thread-9" />
</exclusive-start>
<af-start id="1967" threadId="0000000001360288" totalBytesRequested="40" timestamp="2019-07-02T23:05:42.468" intervalms="11.219" />
<cycle-start id="1968" type="global" contextid="0" timestamp="2019-07-02T23:05:42.468" intervalms="11.219" />
  <attribute name="GC Util" value="256" />
  <attribute name="CPU Util" value="8244067451170" />
  <attribute name="Time Running"value="3025"/>
  <attribute name="Number of cores"value="4"/>
<gc-start id="1969" type="global" contextid="1968" timestamp="2019-07-02T23:05:42.469">
  <mem-info id="1970" free="161792" total="16252928" percent="0">
    <mem type="tenure" free="161792" total="16252928" percent="0">
      <mem type="soa" free="0" total="16091136" percent="0" />
      <mem type="loa" free="161792" total="161792" percent="100" />
    </mem>
  </mem-info>
</gc-start>
<allocation-stats totalBytes="9939576" >
  <allocated-bytes non-tlh="0" tlh="9939576" />
  <largest-consumer threadName="Thread-9" threadId="000000000135F900" bytes="4214432" />
</allocation-stats>
<gc-op id="1971" type="mark" timems="2.373" contextid="1968" timestamp="2019-07-02T23:05:42.471">
  <trace-info objectcount="66315" scancount="58725" scanbytes="2283148" />
  <finalization candidates="124" enqueued="0" />
  <ownableSynchronizers candidates="3" cleared="0" />
  <references type="soft" candidates="84" cleared="0" enqueued="0" dynamicThreshold="19" maxThreshold="32" />
  <references type="weak" candidates="774" cleared="0" enqueued="0" />
  <references type="phantom" candidates="63" cleared="0" enqueued="0" />
  <stringconstants candidates="4574" cleared="0"  />
</gc-op>
<gc-op id="1972" type="sweep" timems="0.952" contextid="1968" timestamp="2019-07-02T23:05:42.472" />
<gc-end id="1973" type="global" contextid="1968" durationms="3.582" usertimems="12.000" systemtimems="0.000" timestamp="2019-07-02T23:05:42.472" activeThreads="4">
  <mem-info id="1974" free="10012672" total="16252928" percent="61">
    <mem type="tenure" free="10012672" total="16252928" percent="61" micro-fragmented="171735" macro-fragmented="0">
      <mem type="soa" free="9850880" total="16091136" percent="61" />
      <mem type="loa" free="161792" total="161792" percent="100" />
    </mem>
  </mem-info>
</gc-end>
<cycle-end id="1975" type="global" contextid="1968" timestamp="2019-07-02T23:05:42.472">
  <attribute name="GC Util" value="261" />
  <attribute name="CPU Util" value="7575608869993" />
  <attribute name="Time Running"value="3036"/>
  <attribute name="Number of cores"value="4"/>
</cycle-end>
<allocation-satisfied id="1976" threadId="000000000135F900" bytesRequested="40" />
<af-end id="1977" timestamp="2019-07-02T23:05:42.472" threadId="0000000001360288" success="true" />
<exclusive-end id="1978" timestamp="2019-07-02T23:05:42.472" durationms="4.017" />

<exclusive-start id="1979" timestamp="2019-07-02T23:05:42.480" intervalms="11.608">
  <response-info timems="0.043" idlems="0.039" threads="1" lastid="000000000135BD00" lastname="Thread-10" />
</exclusive-start>
<af-start id="1980" threadId="0000000001358A88" totalBytesRequested="40" timestamp="2019-07-02T23:05:42.480" intervalms="11.604" />
<cycle-start id="1981" type="global" contextid="0" timestamp="2019-07-02T23:05:42.480" intervalms="11.603" />
  <attribute name="GC Util" value="261" />
  <attribute name="CPU Util" value="7575608869993" />
  <attribute name="Time Running"value="3036"/>
  <attribute name="Number of cores"value="4"/>
<gc-start id="1982" type="global" contextid="1981" timestamp="2019-07-02T23:05:42.480">
  <mem-info id="1983" free="161792" total="16252928" percent="0">
    <mem type="tenure" free="161792" total="16252928" percent="0">
      <mem type="soa" free="0" total="16091136" percent="0" />
      <mem type="loa" free="161792" total="161792" percent="100" />
    </mem>
  </mem-info>
</gc-start>
<allocation-stats totalBytes="9809832" >
  <allocated-bytes non-tlh="19056" tlh="9790776" />
  <largest-consumer threadName="Thread-9" threadId="000000000135F900" bytes="4429088" />
</allocation-stats>
<gc-op id="1984" type="mark" timems="2.001" contextid="1981" timestamp="2019-07-02T23:05:42.482">
  <trace-info objectcount="64289" scancount="56719" scanbytes="2234540" />
  <finalization candidates="124" enqueued="0" />
  <ownableSynchronizers candidates="3" cleared="0" />
  <references type="soft" candidates="84" cleared="0" enqueued="0" dynamicThreshold="19" maxThreshold="32" />
  <references type="weak" candidates="774" cleared="0" enqueued="0" />
  <references type="phantom" candidates="63" cleared="0" enqueued="0" />
  <stringconstants candidates="4574" cleared="0"  />
</gc-op>
<gc-op id="1985" type="sweep" timems="0.850" contextid="1981" timestamp="2019-07-02T23:05:42.483" />
<heap-resize id="1986" type="contract" space="tenure" amount="131072" count="1" timems="0.054" reason="excess free space following gc" timestamp="2019-07-02T23:05:42.483" />
<gc-end id="1987" type="global" contextid="1981" durationms="3.265" usertimems="12.000" systemtimems="0.000" timestamp="2019-07-02T23:05:42.483" activeThreads="4">
  <mem-info id="1988" free="9953400" total="16121856" percent="61">
    <mem type="tenure" free="9953400" total="16121856" percent="61" micro-fragmented="83357" macro-fragmented="0">
      <mem type="soa" free="9953400" total="15961088" percent="62" />
      <mem type="loa" free="0" total="160768" percent="0" />
    </mem>
  </mem-info>
</gc-end>
<cycle-end id="1989" type="global" contextid="1981" timestamp="2019-07-02T23:05:42.484">
  <attribute name="GC Util" value="258" />
  <attribute name="CPU Util" value="8948644130684" />
  <attribute name="Time Running"value="3047"/>
  <attribute name="Number of cores"value="4"/>
</cycle-end>
<allocation-satisfied id="1990" threadId="0000000001358100" bytesRequested="40" />
<af-end id="1991" timestamp="2019-07-02T23:05:42.484" threadId="0000000001358A88" success="true" />
<exclusive-end id="1992" timestamp="2019-07-02T23:05:42.484" durationms="3.794" />

<exclusive-start id="1993" timestamp="2019-07-02T23:05:42.493" intervalms="13.057">
  <response-info timems="0.029" idlems="0.029" threads="0" lastid="0000000001358100" lastname="Thread-7" />
</exclusive-start>
<af-start id="1994" threadId="0000000001358A88" totalBytesRequested="24" timestamp="2019-07-02T23:05:42.493" intervalms="13.050" />
<cycle-start id="1995" type="global" contextid="0" timestamp="2019-07-02T23:05:42.493" intervalms="13.049" />
  <attribute name="GC Util" value="258" />
  <attribute name="CPU Util" value="8948644130684" />
  <attribute name="Time Running"value="3047"/>
  <attribute name="Number of cores"value="4"/>
<gc-start id="1996" type="global" contextid="1995" timestamp="2019-07-02T23:05:42.493">
  <mem-info id="1997" free="0" total="16121856" percent="0">
    <mem type="tenure" free="0" total="16121856" percent="0">
      <mem type="soa" free="0" total="15961088" percent="0" />
      <mem type="loa" free="0" total="160768" percent="0" />
    </mem>
  </mem-info>
</gc-start>
<allocation-stats totalBytes="9923096" >
  <allocated-bytes non-tlh="0" tlh="9923096" />
  <largest-consumer threadName="Thread-7" threadId="0000000001358100" bytes="3458664" />
</allocation-stats>
<gc-op id="1998" type="mark" timems="2.236" contextid="1995" timestamp="2019-07-02T23:05:42.496">
  <trace-info objectcount="64880" scancount="57301" scanbytes="2248212" />
  <finalization candidates="124" enqueued="0" />
  <ownableSynchronizers candidates="3" cleared="0" />
  <references type="soft" candidates="84" cleared="0" enqueued="0" dynamicThreshold="19" maxThreshold="32" />
  <references type="weak" candidates="774" cleared="0" enqueued="0" />
  <references type="phantom" candidates="63" cleared="0" enqueued="0" />
  <stringconstants candidates="4574" cleared="0"  />
</gc-op>
<gc-op id="1999" type="sweep" timems="0.878" contextid="1995" timestamp="2019-07-02T23:05:42.496" />
<heap-resize id="2000" type="contract" space="tenure" amount="65536" count="1" timems="0.085" reason="excess free space following gc" timestamp="2019-07-02T23:05:42.497" />
<gc-end id="2001" type="global" contextid="1995" durationms="3.559" usertimems="12.000" systemtimems="0.000" timestamp="2019-07-02T23:05:42.497" activeThreads="4">
  <mem-info id="2002" free="9796648" total="16056320" percent="61">
    <mem type="tenure" free="9796648" total="16056320" percent="61" micro-fragmented="97920" macro-fragmented="0">
      <mem type="soa" free="9796648" total="15896576" percent="61" />
      <mem type="loa" free="0" total="159744" percent="0" />
    </mem>
  </mem-info>
</gc-end>
<cycle-end id="2003" type="global" contextid="1995" timestamp="2019-07-02T23:05:42.497">
  <attribute name="GC Util" value="264" />
  <attribute name="CPU Util" value="8013498049619" />
  <attribute name="Time Running"value="3060"/>
  <attribute name="Number of cores"value="4"/>
</cycle-end>
<allocation-satisfied id="2004" threadId="0000000001358100" bytesRequested="24" />
<af-end id="2005" timestamp="2019-07-02T23:05:42.497" threadId="0000000001358A88" success="true" />
<exclusive-end id="2006" timestamp="2019-07-02T23:05:42.497" durationms="3.992" />

<exclusive-start id="2007" timestamp="2019-07-02T23:05:42.506" intervalms="12.979">
  <response-info timems="0.030" idlems="0.030" threads="0" lastid="000000000135BD00" lastname="Thread-10" />
</exclusive-start>
<af-start id="2008" threadId="000000000135C688" totalBytesRequested="40" timestamp="2019-07-02T23:05:42.506" intervalms="12.978" />
<cycle-start id="2009" type="global" contextid="0" timestamp="2019-07-02T23:05:42.506" intervalms="12.966" />
  <attribute name="GC Util" value="264" />
  <attribute name="CPU Util" value="8013498049619" />
  <attribute name="Time Running"value="3060"/>
  <attribute name="Number of cores"value="4"/>
<gc-start id="2010" type="global" contextid="2009" timestamp="2019-07-02T23:05:42.506">
  <mem-info id="2011" free="0" total="16056320" percent="0">
    <mem type="tenure" free="0" total="16056320" percent="0">
      <mem type="soa" free="0" total="15896576" percent="0" />
      <mem type="loa" free="0" total="159744" percent="0" />
    </mem>
  </mem-info>
</gc-start>
<allocation-stats totalBytes="9761664" >
  <allocated-bytes non-tlh="0" tlh="9761664" />
  <largest-consumer threadName="Thread-9" threadId="000000000135F900" bytes="3532848" />
</allocation-stats>
<gc-op id="2012" type="mark" timems="2.318" contextid="2009" timestamp="2019-07-02T23:05:42.509">
  <trace-info objectcount="65741" scancount="58165" scanbytes="2269012" />
  <finalization candidates="124" enqueued="0" />
  <ownableSynchronizers candidates="3" cleared="0" />
  <references type="soft" candidates="84" cleared="0" enqueued="0" dynamicThreshold="19" maxThreshold="32" />
  <references type="weak" candidates="774" cleared="0" enqueued="0" />
  <references type="phantom" candidates="63" cleared="0" enqueued="0" />
  <stringconstants candidates="4574" cleared="0"  />
</gc-op>
<gc-op id="2013" type="sweep" timems="0.952" contextid="2009" timestamp="2019-07-02T23:05:42.510" />
<gc-end id="2014" type="global" contextid="2009" durationms="3.496" usertimems="4.000" systemtimems="4.000" timestamp="2019-07-02T23:05:42.510" activeThreads="4">
  <mem-info id="2015" free="9684856" total="16056320" percent="60">
    <mem type="tenure" free="9684856" total="16056320" percent="60" micro-fragmented="208783" macro-fragmented="0">
      <mem type="soa" free="9684856" total="15896576" percent="60" />
      <mem type="loa" free="0" total="159744" percent="0" />
    </mem>
  </mem-info>
</gc-end>
<cycle-end id="2016" type="global" contextid="2009" timestamp="2019-07-02T23:05:42.510">
  <attribute name="GC Util" value="264" />
  <attribute name="CPU Util" value="7797369542600" />
  <attribute name="Time Running"value="3073"/>
  <attribute name="Number of cores"value="4"/>
</cycle-end>
<allocation-satisfied id="2017" threadId="000000000135BD00" bytesRequested="40" />
<af-end id="2018" timestamp="2019-07-02T23:05:42.510" threadId="000000000135C688" success="true" />
<exclusive-end id="2019" timestamp="2019-07-02T23:05:42.510" durationms="3.939" />

<exclusive-start id="2020" timestamp="2019-07-02T23:05:42.526" intervalms="19.913">
  <response-info timems="0.182" idlems="0.179" threads="1" lastid="000000000135F900" lastname="Thread-9" />
</exclusive-start>
<af-start id="2021" threadId="000000000135C688" totalBytesRequested="40" timestamp="2019-07-02T23:05:42.526" intervalms="19.932" />
<cycle-start id="2022" type="global" contextid="0" timestamp="2019-07-02T23:05:42.526" intervalms="19.941" />
  <attribute name="GC Util" value="264" />
  <attribute name="CPU Util" value="7797369542600" />
  <attribute name="Time Running"value="3073"/>
  <attribute name="Number of cores"value="4"/>
<gc-start id="2023" type="global" contextid="2022" timestamp="2019-07-02T23:05:42.526">
  <mem-info id="2024" free="0" total="16056320" percent="0">
    <mem type="tenure" free="0" total="16056320" percent="0">
      <mem type="soa" free="0" total="15896576" percent="0" />
      <mem type="loa" free="0" total="159744" percent="0" />
    </mem>
  </mem-info>
</gc-start>
<allocation-stats totalBytes="9647320" >
  <allocated-bytes non-tlh="0" tlh="9647320" />
  <largest-consumer threadName="Thread-7" threadId="0000000001358100" bytes="3969664" />
</allocation-stats>
<gc-op id="2025" type="mark" timems="2.265" contextid="2022" timestamp="2019-07-02T23:05:42.528">
  <trace-info objectcount="66680" scancount="59109" scanbytes="2291500" />
  <finalization candidates="124" enqueued="0" />
  <ownableSynchronizers candidates="3" cleared="0" />
  <references type="soft" candidates="84" cleared="0" enqueued="0" dynamicThreshold="19" maxThreshold="32" />
  <references type="weak" candidates="774" cleared="0" enqueued="0" />
  <references type="phantom" candidates="63" cleared="0" enqueued="0" />
  <stringconstants candidates="4574" cleared="0"  />
</gc-op>
<gc-op id="2026" type="sweep" timems="0.975" contextid="2022" timestamp="2019-07-02T23:05:42.529" />
<heap-resize id="2027" type="expand" space="tenure" amount="1048576" count="1" timems="0.077" reason="excessive time being spent in gc" timestamp="2019-07-02T23:05:42.530" />
<gc-end id="2028" type="global" contextid="2022" durationms="3.624" usertimems="8.000" systemtimems="0.000" timestamp="2019-07-02T23:05:42.530" activeThreads="4">
  <mem-info id="2029" free="10618680" total="17104896" percent="62">
    <mem type="tenure" free="10618680" total="17104896" percent="62" micro-fragmented="216434" macro-fragmented="0">
      <mem type="soa" free="10447672" total="16933888" percent="61" />
      <mem type="loa" free="171008" total="171008" percent="100" />
    </mem>
  </mem-info>
</gc-end>
<cycle-end id="2030" type="global" contextid="2022" timestamp="2019-07-02T23:05:42.530">
  <attribute name="GC Util" value="253" />
  <attribute name="CPU Util" value="7979803404857" />
  <attribute name="Time Running"value="3093"/>
  <attribute name="Number of cores"value="4"/>
</cycle-end>
<allocation-satisfied id="2031" threadId="000000000135BD00" bytesRequested="40" />
<af-end id="2032" timestamp="2019-07-02T23:05:42.530" threadId="000000000135C688" success="true" />
<exclusive-end id="2033" timestamp="2019-07-02T23:05:42.530" durationms="4.055" />

<exclusive-start id="2034" timestamp="2019-07-02T23:05:42.542" intervalms="15.721">
  <response-info timems="0.207" idlems="0.187" threads="1" lastid="000000000135F900" lastname="Thread-9" />
</exclusive-start>
<af-start id="2035" threadId="0000000001354E88" totalBytesRequested="40" timestamp="2019-07-02T23:05:42.542" intervalms="15.724" />
<cycle-start id="2036" type="global" contextid="0" timestamp="2019-07-02T23:05:42.542" intervalms="15.731" />
  <attribute name="GC Util" value="253" />
  <attribute name="CPU Util" value="7979803404857" />
  <attribute name="Time Running"value="3093"/>
  <attribute name="Number of cores"value="4"/>
<gc-start id="2037" type="global" contextid="2036" timestamp="2019-07-02T23:05:42.542">
  <mem-info id="2038" free="171008" total="17104896" percent="0">
    <mem type="tenure" free="171008" total="17104896" percent="0">
      <mem type="soa" free="0" total="16933888" percent="0" />
      <mem type="loa" free="171008" total="171008" percent="100" />
    </mem>
  </mem-info>
</gc-start>
<allocation-stats totalBytes="10406576" >
  <allocated-bytes non-tlh="0" tlh="10406576" />
  <largest-consumer threadName="Thread-7" threadId="0000000001358100" bytes="3676392" />
</allocation-stats>
<gc-op id="2039" type="mark" timems="1.493" contextid="2036" timestamp="2019-07-02T23:05:42.543">
  <trace-info objectcount="67558" scancount="59969" scanbytes="2312892" />
  <finalization candidates="124" enqueued="0" />
  <ownableSynchronizers candidates="3" cleared="0" />
  <references type="soft" candidates="84" cleared="0" enqueued="0" dynamicThreshold="19" maxThreshold="32" />
  <references type="weak" candidates="774" cleared="0" enqueued="0" />
  <references type="phantom" candidates="63" cleared="0" enqueued="0" />
  <stringconstants candidates="4574" cleared="0"  />
</gc-op>
<gc-op id="2040" type="sweep" timems="0.492" contextid="2036" timestamp="2019-07-02T23:05:42.544" />
<gc-end id="2041" type="global" contextid="2036" durationms="2.259" usertimems="4.000" systemtimems="0.000" timestamp="2019-07-02T23:05:42.544" activeThreads="4">
  <mem-info id="2042" free="10644520" total="17104896" percent="62">
    <mem type="tenure" free="10644520" total="17104896" percent="62" micro-fragmented="150633" macro-fragmented="0">
      <mem type="soa" free="10473512" total="16933888" percent="61" />
      <mem type="loa" free="171008" total="171008" percent="100" />
    </mem>
  </mem-info>
</gc-end>
<cycle-end id="2043" type="global" contextid="2036" timestamp="2019-07-02T23:05:42.544">
  <attribute name="GC Util" value="228" />
  <attribute name="CPU Util" value="11874893110022" />
  <attribute name="Time Running"value="3108"/>
  <attribute name="Number of cores"value="4"/>
</cycle-end>
<allocation-satisfied id="2044" threadId="0000000001354500" bytesRequested="40" />
<af-end id="2045" timestamp="2019-07-02T23:05:42.544" threadId="0000000001354E88" success="true" />
<exclusive-end id="2046" timestamp="2019-07-02T23:05:42.544" durationms="2.859" />

<exclusive-start id="2047" timestamp="2019-07-02T23:05:42.556" intervalms="14.189">
  <response-info timems="0.040" idlems="0.040" threads="0" lastid="0000000001358100" lastname="Thread-7" />
</exclusive-start>
<af-start id="2048" threadId="0000000001358A88" totalBytesRequested="24" timestamp="2019-07-02T23:05:42.556" intervalms="14.192" />
<cycle-start id="2049" type="global" contextid="0" timestamp="2019-07-02T23:05:42.556" intervalms="14.193" />
  <attribute name="GC Util" value="228" />
  <attribute name="CPU Util" value="11874893110022" />
  <attribute name="Time Running"value="3108"/>
  <attribute name="Number of cores"value="4"/>
<gc-start id="2050" type="global" contextid="2049" timestamp="2019-07-02T23:05:42.556">
  <mem-info id="2051" free="171008" total="17104896" percent="0">
    <mem type="tenure" free="171008" total="17104896" percent="0">
      <mem type="soa" free="0" total="16933888" percent="0" />
      <mem type="loa" free="171008" total="171008" percent="100" />
    </mem>
  </mem-info>
</gc-start>
<allocation-stats totalBytes="10428080" >
  <allocated-bytes non-tlh="0" tlh="10428080" />
  <largest-consumer threadName="Thread-8" threadId="0000000001354500" bytes="3692304" />
</allocation-stats>
<gc-op id="2052" type="mark" timems="2.222" contextid="2049" timestamp="2019-07-02T23:05:42.558">
  <trace-info objectcount="68202" scancount="60631" scanbytes="2328300" />
  <finalization candidates="124" enqueued="0" />
  <ownableSynchronizers candidates="3" cleared="0" />
  <references type="soft" candidates="84" cleared="0" enqueued="0" dynamicThreshold="19" maxThreshold="32" />
  <references type="weak" candidates="774" cleared="0" enqueued="0" />
  <references type="phantom" candidates="63" cleared="0" enqueued="0" />
  <stringconstants candidates="4574" cleared="0"  />
</gc-op>
<gc-op id="2053" type="sweep" timems="0.816" contextid="2049" timestamp="2019-07-02T23:05:42.559" />
<gc-end id="2054" type="global" contextid="2049" durationms="3.328" usertimems="8.000" systemtimems="0.000" timestamp="2019-07-02T23:05:42.559" activeThreads="4">
  <mem-info id="2055" free="10530520" total="17104896" percent="61">
    <mem type="tenure" free="10530520" total="17104896" percent="61" micro-fragmented="240994" macro-fragmented="0">
      <mem type="soa" free="10359512" total="16933888" percent="61" />
      <mem type="loa" free="171008" total="171008" percent="100" />
    </mem>
  </mem-info>
</gc-end>
<cycle-end id="2056" type="global" contextid="2049" timestamp="2019-07-02T23:05:42.559">
  <attribute name="GC Util" value="245" />
  <attribute name="CPU Util" value="8093271990227" />
  <attribute name="Time Running"value="3123"/>
  <attribute name="Number of cores"value="4"/>
</cycle-end>
<allocation-satisfied id="2057" threadId="0000000001358100" bytesRequested="24" />
<af-end id="2058" timestamp="2019-07-02T23:05:42.560" threadId="0000000001358A88" success="true" />
<exclusive-end id="2059" timestamp="2019-07-02T23:05:42.560" durationms="4.112" />

<exclusive-start id="2060" timestamp="2019-07-02T23:05:42.571" intervalms="15.632">
  <response-info timems="0.032" idlems="0.032" threads="0" lastid="0000000001358100" lastname="Thread-7" />
</exclusive-start>
<af-start id="2061" threadId="0000000001358A88" totalBytesRequested="40" timestamp="2019-07-02T23:05:42.572" intervalms="15.623" />
<cycle-start id="2062" type="global" contextid="0" timestamp="2019-07-02T23:05:42.572" intervalms="15.618" />
  <attribute name="GC Util" value="245" />
  <attribute name="CPU Util" value="8093271990227" />
  <attribute name="Time Running"value="3123"/>
  <attribute name="Number of cores"value="4"/>
<gc-start id="2063" type="global" contextid="2062" timestamp="2019-07-02T23:05:42.572">
  <mem-info id="2064" free="171008" total="17104896" percent="0">
    <mem type="tenure" free="171008" total="17104896" percent="0">
      <mem type="soa" free="0" total="16933888" percent="0" />
      <mem type="loa" free="171008" total="171008" percent="100" />
    </mem>
  </mem-info>
</gc-start>
<allocation-stats totalBytes="10311096" >
  <allocated-bytes non-tlh="0" tlh="10311096" />
  <largest-consumer threadName="Thread-7" threadId="0000000001358100" bytes="3601184" />
</allocation-stats>
<gc-op id="2065" type="mark" timems="2.170" contextid="2062" timestamp="2019-07-02T23:05:42.574">
  <trace-info objectcount="68757" scancount="61165" scanbytes="2341292" />
  <finalization candidates="124" enqueued="0" />
  <ownableSynchronizers candidates="3" cleared="0" />
  <references type="soft" candidates="84" cleared="0" enqueued="0" dynamicThreshold="19" maxThreshold="32" />
  <references type="weak" candidates="774" cleared="0" enqueued="0" />
  <references type="phantom" candidates="63" cleared="0" enqueued="0" />
  <stringconstants candidates="4574" cleared="0"  />
</gc-op>
<gc-op id="2066" type="sweep" timems="0.986" contextid="2062" timestamp="2019-07-02T23:05:42.575" />
<gc-end id="2067" type="global" contextid="2062" durationms="3.418" usertimems="12.000" systemtimems="0.000" timestamp="2019-07-02T23:05:42.575" activeThreads="4">
  <mem-info id="2068" free="10406008" total="17104896" percent="60">
    <mem type="tenure" free="10406008" total="17104896" percent="60" micro-fragmented="247623" macro-fragmented="0">
      <mem type="soa" free="10235000" total="16933888" percent="60" />
      <mem type="loa" free="171008" total="171008" percent="100" />
    </mem>
  </mem-info>
</gc-end>
<cycle-end id="2069" type="global" contextid="2062" timestamp="2019-07-02T23:05:42.575">
  <attribute name="GC Util" value="257" />
  <attribute name="CPU Util" value="8272449743347" />
  <attribute name="Time Running"value="3139"/>
  <attribute name="Number of cores"value="4"/>
</cycle-end>
<allocation-satisfied id="2070" threadId="0000000001358100" bytesRequested="40" />
<af-end id="2071" timestamp="2019-07-02T23:05:42.575" threadId="0000000001358A88" success="true" />
<exclusive-end id="2072" timestamp="2019-07-02T23:05:42.575" durationms="3.957" />

<exclusive-start id="2073" timestamp="2019-07-02T23:05:42.587" intervalms="15.465">
  <response-info timems="0.030" idlems="0.030" threads="0" lastid="0000000001358100" lastname="Thread-7" />
</exclusive-start>
<af-start id="2074" threadId="0000000001358A88" totalBytesRequested="40" timestamp="2019-07-02T23:05:42.587" intervalms="15.478" />
<cycle-start id="2075" type="global" contextid="0" timestamp="2019-07-02T23:05:42.587" intervalms="15.480" />
  <attribute name="GC Util" value="257" />
  <attribute name="CPU Util" value="8272449743347" />
  <attribute name="Time Running"value="3139"/>
  <attribute name="Number of cores"value="4"/>
<gc-start id="2076" type="global" contextid="2075" timestamp="2019-07-02T23:05:42.587">
  <mem-info id="2077" free="171008" total="17104896" percent="0">
    <mem type="tenure" free="171008" total="17104896" percent="0">
      <mem type="soa" free="0" total="16933888" percent="0" />
      <mem type="loa" free="171008" total="171008" percent="100" />
    </mem>
  </mem-info>
</gc-start>
<allocation-stats totalBytes="10183440" >
  <allocated-bytes non-tlh="0" tlh="10183440" />
  <largest-consumer threadName="Thread-7" threadId="0000000001358100" bytes="3570144" />
</allocation-stats>
<gc-op id="2078" type="mark" timems="2.465" contextid="2075" timestamp="2019-07-02T23:05:42.590">
  <trace-info objectcount="69364" scancount="61790" scanbytes="2355804" />
  <finalization candidates="124" enqueued="0" />
  <ownableSynchronizers candidates="3" cleared="0" />
  <references type="soft" candidates="84" cleared="0" enqueued="0" dynamicThreshold="19" maxThreshold="32" />
  <references type="weak" candidates="774" cleared="0" enqueued="0" />
  <references type="phantom" candidates="63" cleared="0" enqueued="0" />
  <stringconstants candidates="4574" cleared="0"  />
</gc-op>
<gc-op id="2079" type="sweep" timems="1.023" contextid="2075" timestamp="2019-07-02T23:05:42.591" />
<gc-end id="2080" type="global" contextid="2075" durationms="3.755" usertimems="12.000" systemtimems="0.000" timestamp="2019-07-02T23:05:42.591" activeThreads="4">
  <mem-info id="2081" free="10279176" total="17104896" percent="60">
    <mem type="tenure" free="10279176" total="17104896" percent="60" micro-fragmented="275718" macro-fragmented="0">
      <mem type="soa" free="10108168" total="16933888" percent="59" />
      <mem type="loa" free="171008" total="171008" percent="100" />
    </mem>
  </mem-info>
</gc-end>
<cycle-end id="2082" type="global" contextid="2075" timestamp="2019-07-02T23:05:42.591">
  <attribute name="GC Util" value="261" />
  <attribute name="CPU Util" value="7290188856431" />
  <attribute name="Time Running"value="3155"/>
  <attribute name="Number of cores"value="4"/>
</cycle-end>
<allocation-satisfied id="2083" threadId="0000000001358100" bytesRequested="40" />
<af-end id="2084" timestamp="2019-07-02T23:05:42.591" threadId="0000000001358A88" success="true" />
<exclusive-end id="2085" timestamp="2019-07-02T23:05:42.591" durationms="4.227" />

<exclusive-start id="2086" timestamp="2019-07-02T23:05:42.602" intervalms="15.568">
  <response-info timems="0.034" idlems="0.034" threads="0" lastid="000000000135BD00" lastname="Thread-10" />
</exclusive-start>
<af-start id="2087" threadId="000000000135C688" totalBytesRequested="40" timestamp="2019-07-02T23:05:42.603" intervalms="15.556" />
<cycle-start id="2088" type="global" contextid="0" timestamp="2019-07-02T23:05:42.603" intervalms="15.546" />
  <attribute name="GC Util" value="261" />
  <attribute name="CPU Util" value="7290188856431" />
  <attribute name="Time Running"value="3155"/>
  <attribute name="Number of cores"value="4"/>
<gc-start id="2089" type="global" contextid="2088" timestamp="2019-07-02T23:05:42.603">
  <mem-info id="2090" free="171008" total="17104896" percent="0">
    <mem type="tenure" free="171008" total="17104896" percent="0">
      <mem type="soa" free="0" total="16933888" percent="0" />
      <mem type="loa" free="171008" total="171008" percent="100" />
    </mem>
  </mem-info>
</gc-start>
<allocation-stats totalBytes="10055440" >
  <allocated-bytes non-tlh="0" tlh="10055440" />
  <largest-consumer threadName="Thread-7" threadId="0000000001358100" bytes="3515112" />
</allocation-stats>
<gc-op id="2091" type="mark" timems="2.139" contextid="2088" timestamp="2019-07-02T23:05:42.605">
  <trace-info objectcount="69970" scancount="62377" scanbytes="2370364" />
  <finalization candidates="124" enqueued="0" />
  <ownableSynchronizers candidates="3" cleared="0" />
  <references type="soft" candidates="84" cleared="0" enqueued="0" dynamicThreshold="19" maxThreshold="32" />
  <references type="weak" candidates="774" cleared="0" enqueued="0" />
  <references type="phantom" candidates="63" cleared="0" enqueued="0" />
  <stringconstants candidates="4574" cleared="0"  />
</gc-op>
<gc-op id="2092" type="sweep" timems="1.058" contextid="2088" timestamp="2019-07-02T23:05:42.606" />
<heap-resize id="2093" type="expand" space="tenure" amount="1048576" count="1" timems="0.088" reason="excessive time being spent in gc" timestamp="2019-07-02T23:05:42.606" />
<gc-end id="2094" type="global" contextid="2088" durationms="3.598" usertimems="8.000" systemtimems="0.000" timestamp="2019-07-02T23:05:42.606" activeThreads="4">
  <mem-info id="2095" free="11195256" total="18153472" percent="61">
    <mem type="tenure" free="11195256" total="18153472" percent="61" micro-fragmented="343263" macro-fragmented="0">
      <mem type="soa" free="11014008" total="17972224" percent="61" />
      <mem type="loa" free="181248" total="181248" percent="100" />
    </mem>
  </mem-info>
</gc-end>
<cycle-end id="2096" type="global" contextid="2088" timestamp="2019-07-02T23:05:42.606">
  <attribute name="GC Util" value="260" />
  <attribute name="CPU Util" value="8490032668899" />
  <attribute name="Time Running"value="3170"/>
  <attribute name="Number of cores"value="4"/>
</cycle-end>
<allocation-satisfied id="2097" threadId="000000000135BD00" bytesRequested="40" />
<af-end id="2098" timestamp="2019-07-02T23:05:42.606" threadId="000000000135C688" success="true" />
<exclusive-end id="2099" timestamp="2019-07-02T23:05:42.607" durationms="4.068" />

<exclusive-start id="2100" timestamp="2019-07-02T23:05:42.618" intervalms="15.861">
  <response-info timems="0.037" idlems="0.037" threads="0" lastid="000000000135BD00" lastname="Thread-10" />
</exclusive-start>
<af-start id="2101" threadId="000000000135C688" totalBytesRequested="24" timestamp="2019-07-02T23:05:42.618" intervalms="15.861" />
<cycle-start id="2102" type="global" contextid="0" timestamp="2019-07-02T23:05:42.618" intervalms="15.854" />
  <attribute name="GC Util" value="260" />
  <attribute name="CPU Util" value="8490032668899" />
  <attribute name="Time Running"value="3170"/>
  <attribute name="Number of cores"value="4"/>
<gc-start id="2103" type="global" contextid="2102" timestamp="2019-07-02T23:05:42.619">
  <mem-info id="2104" free="181248" total="18153472" percent="0">
    <mem type="tenure" free="181248" total="18153472" percent="0">
      <mem type="soa" free="0" total="17972224" percent="0" />
      <mem type="loa" free="181248" total="181248" percent="100" />
    </mem>
  </mem-info>
</gc-start>
<allocation-stats totalBytes="10956664" >
  <allocated-bytes non-tlh="0" tlh="10956664" />
  <largest-consumer threadName="Thread-8" threadId="0000000001354500" bytes="3695752" />
</allocation-stats>
<gc-op id="2105" type="mark" timems="2.013" contextid="2102" timestamp="2019-07-02T23:05:42.621">
  <trace-info objectcount="70697" scancount="63136" scanbytes="2388284" />
  <finalization candidates="124" enqueued="0" />
  <ownableSynchronizers candidates="3" cleared="0" />
  <references type="soft" candidates="84" cleared="0" enqueued="0" dynamicThreshold="19" maxThreshold="32" />
  <references type="weak" candidates="774" cleared="0" enqueued="0" />
  <references type="phantom" candidates="63" cleared="0" enqueued="0" />
  <stringconstants candidates="4574" cleared="0"  />
</gc-op>
<gc-op id="2106" type="sweep" timems="1.054" contextid="2102" timestamp="2019-07-02T23:05:42.622" />
<gc-end id="2107" type="global" contextid="2102" durationms="3.308" usertimems="0.000" systemtimems="8.000" timestamp="2019-07-02T23:05:42.622" activeThreads="4">
  <mem-info id="2108" free="11056352" total="18153472" percent="60">
    <mem type="tenure" free="11056352" total="18153472" percent="60" micro-fragmented="513859" macro-fragmented="0">
      <mem type="soa" free="10875104" total="17972224" percent="60" />
      <mem type="loa" free="181248" total="181248" percent="100" />
    </mem>
  </mem-info>
</gc-end>
<cycle-end id="2109" type="global" contextid="2102" timestamp="2019-07-02T23:05:42.622">
  <attribute name="GC Util" value="258" />
  <attribute name="CPU Util" value="8990710372318" />
  <attribute name="Time Running"value="3185"/>
  <attribute name="Number of cores"value="4"/>
</cycle-end>
<allocation-satisfied id="2110" threadId="000000000135BD00" bytesRequested="24" />
<af-end id="2111" timestamp="2019-07-02T23:05:42.622" threadId="000000000135C688" success="true" />
<exclusive-end id="2112" timestamp="2019-07-02T23:05:42.622" durationms="3.853" />

<exclusive-start id="2113" timestamp="2019-07-02T23:05:42.634" intervalms="15.377">
  <response-info timems="0.045" idlems="0.045" threads="0" lastid="000000000135BD00" lastname="Thread-10" />
</exclusive-start>
<af-start id="2114" threadId="000000000135C688" totalBytesRequested="40" timestamp="2019-07-02T23:05:42.634" intervalms="15.370" />
<cycle-start id="2115" type="global" contextid="0" timestamp="2019-07-02T23:05:42.634" intervalms="15.381" />
  <attribute name="GC Util" value="258" />
  <attribute name="CPU Util" value="8990710372318" />
  <attribute name="Time Running"value="3185"/>
  <attribute name="Number of cores"value="4"/>
<gc-start id="2116" type="global" contextid="2115" timestamp="2019-07-02T23:05:42.634">
  <mem-info id="2117" free="181248" total="18153472" percent="0">
    <mem type="tenure" free="181248" total="18153472" percent="0">
      <mem type="soa" free="0" total="17972224" percent="0" />
      <mem type="loa" free="181248" total="181248" percent="100" />
    </mem>
  </mem-info>
</gc-start>
<allocation-stats totalBytes="10815256" >
  <allocated-bytes non-tlh="0" tlh="10815256" />
  <largest-consumer threadName="Thread-10" threadId="000000000135BD00" bytes="3636104" />
</allocation-stats>
<gc-op id="2118" type="mark" timems="2.190" contextid="2115" timestamp="2019-07-02T23:05:42.636">
  <trace-info objectcount="71199" scancount="63625" scanbytes="2399988" />
  <finalization candidates="124" enqueued="0" />
  <ownableSynchronizers candidates="3" cleared="0" />
  <references type="soft" candidates="84" cleared="0" enqueued="0" dynamicThreshold="19" maxThreshold="32" />
  <references type="weak" candidates="774" cleared="0" enqueued="0" />
  <references type="phantom" candidates="63" cleared="0" enqueued="0" />
  <stringconstants candidates="4574" cleared="0"  />
</gc-op>
<gc-op id="2119" type="sweep" timems="1.069" contextid="2115" timestamp="2019-07-02T23:05:42.637" />
<gc-end id="2120" type="global" contextid="2115" durationms="3.498" usertimems="12.000" systemtimems="0.000" timestamp="2019-07-02T23:05:42.637" activeThreads="4">
  <mem-info id="2121" free="10911256" total="18153472" percent="60">
    <mem type="tenure" free="10911256" total="18153472" percent="60" micro-fragmented="355061" macro-fragmented="0">
      <mem type="soa" free="10730008" total="17972224" percent="59" />
      <mem type="loa" free="181248" total="181248" percent="100" />
    </mem>
  </mem-info>
</gc-end>
<cycle-end id="2122" type="global" contextid="2115" timestamp="2019-07-02T23:05:42.637">
  <attribute name="GC Util" value="256" />
  <attribute name="CPU Util" value="8251450163116" />
  <attribute name="Time Running"value="3201"/>
  <attribute name="Number of cores"value="4"/>
</cycle-end>
<allocation-satisfied id="2123" threadId="000000000135BD00" bytesRequested="40" />
<af-end id="2124" timestamp="2019-07-02T23:05:42.638" threadId="000000000135C688" success="true" />
<exclusive-end id="2125" timestamp="2019-07-02T23:05:42.638" durationms="3.918" />

<exclusive-start id="2126" timestamp="2019-07-02T23:05:42.649" intervalms="15.522">
  <response-info timems="0.092" idlems="0.092" threads="0" lastid="0000000001358100" lastname="Thread-7" />
</exclusive-start>
<af-start id="2127" threadId="0000000001358A88" totalBytesRequested="40" timestamp="2019-07-02T23:05:42.649" intervalms="15.545" />
<cycle-start id="2128" type="global" contextid="0" timestamp="2019-07-02T23:05:42.649" intervalms="15.550" />
  <attribute name="GC Util" value="256" />
  <attribute name="CPU Util" value="8251450163116" />
  <attribute name="Time Running"value="3201"/>
  <attribute name="Number of cores"value="4"/>
<gc-start id="2129" type="global" contextid="2128" timestamp="2019-07-02T23:05:42.649">
  <mem-info id="2130" free="181248" total="18153472" percent="0">
    <mem type="tenure" free="181248" total="18153472" percent="0">
      <mem type="soa" free="0" total="17972224" percent="0" />
      <mem type="loa" free="181248" total="181248" percent="100" />
    </mem>
  </mem-info>
</gc-start>
<allocation-stats totalBytes="10667880" >
  <allocated-bytes non-tlh="0" tlh="10667880" />
  <largest-consumer threadName="Thread-7" threadId="0000000001358100" bytes="3636968" />
</allocation-stats>
<gc-op id="2131" type="mark" timems="2.378" contextid="2128" timestamp="2019-07-02T23:05:42.652">
  <trace-info objectcount="71862" scancount="64289" scanbytes="2416292" />
  <finalization candidates="124" enqueued="0" />
  <ownableSynchronizers candidates="3" cleared="0" />
  <references type="soft" candidates="84" cleared="0" enqueued="0" dynamicThreshold="19" maxThreshold="32" />
  <references type="weak" candidates="774" cleared="0" enqueued="0" />
  <references type="phantom" candidates="63" cleared="0" enqueued="0" />
  <stringconstants candidates="4574" cleared="0"  />
</gc-op>
<gc-op id="2132" type="sweep" timems="1.152" contextid="2128" timestamp="2019-07-02T23:05:42.653" />
<heap-resize id="2133" type="expand" space="tenure" amount="1048576" count="1" timems="0.133" reason="excessive time being spent in gc" timestamp="2019-07-02T23:05:42.653" />
<gc-end id="2134" type="global" contextid="2128" durationms="4.032" usertimems="8.000" systemtimems="4.000" timestamp="2019-07-02T23:05:42.653" activeThreads="4">
  <mem-info id="2135" free="11795960" total="19202048" percent="61">
    <mem type="tenure" free="11795960" total="19202048" percent="61" micro-fragmented="492904" macro-fragmented="0">
      <mem type="soa" free="11604472" total="19010560" percent="61" />
      <mem type="loa" free="191488" total="191488" percent="100" />
    </mem>
  </mem-info>
</gc-end>
<cycle-end id="2136" type="global" contextid="2128" timestamp="2019-07-02T23:05:42.654">
  <attribute name="GC Util" value="256" />
  <attribute name="CPU Util" value="7572570530314" />
  <attribute name="Time Running"value="3217"/>
  <attribute name="Number of cores"value="4"/>
</cycle-end>
<allocation-satisfied id="2137" threadId="0000000001358100" bytesRequested="40" />
<af-end id="2138" timestamp="2019-07-02T23:05:42.654" threadId="0000000001358A88" success="true" />
<exclusive-end id="2139" timestamp="2019-07-02T23:05:42.654" durationms="4.624" />

<exclusive-start id="2140" timestamp="2019-07-02T23:05:42.667" intervalms="17.784">
  <response-info timems="0.032" idlems="0.032" threads="0" lastid="0000000001358100" lastname="Thread-7" />
</exclusive-start>
<af-start id="2141" threadId="0000000001358A88" totalBytesRequested="24" timestamp="2019-07-02T23:05:42.667" intervalms="17.795" />
<cycle-start id="2142" type="global" contextid="0" timestamp="2019-07-02T23:05:42.667" intervalms="17.803" />
  <attribute name="GC Util" value="256" />
  <attribute name="CPU Util" value="7572570530314" />
  <attribute name="Time Running"value="3217"/>
  <attribute name="Number of cores"value="4"/>
<gc-start id="2143" type="global" contextid="2142" timestamp="2019-07-02T23:05:42.667">
  <mem-info id="2144" free="191488" total="19202048" percent="0">
    <mem type="tenure" free="191488" total="19202048" percent="0">
      <mem type="soa" free="0" total="19010560" percent="0" />
      <mem type="loa" free="191488" total="191488" percent="100" />
    </mem>
  </mem-info>
</gc-start>
<allocation-stats totalBytes="11541080" >
  <allocated-bytes non-tlh="23160" tlh="11517920" />
  <largest-consumer threadName="Thread-7" threadId="0000000001358100" bytes="4207984" />
</allocation-stats>
<gc-op id="2145" type="mark" timems="2.253" contextid="2142" timestamp="2019-07-02T23:05:42.670">
  <trace-info objectcount="67564" scancount="60002" scanbytes="2312900" />
  <finalization candidates="124" enqueued="0" />
  <ownableSynchronizers candidates="3" cleared="0" />
  <references type="soft" candidates="84" cleared="0" enqueued="0" dynamicThreshold="19" maxThreshold="32" />
  <references type="weak" candidates="774" cleared="0" enqueued="0" />
  <references type="phantom" candidates="63" cleared="0" enqueued="0" />
  <stringconstants candidates="4574" cleared="0"  />
</gc-op>
<gc-op id="2146" type="sweep" timems="1.037" contextid="2142" timestamp="2019-07-02T23:05:42.671" />
<gc-end id="2147" type="global" contextid="2142" durationms="3.595" usertimems="12.000" systemtimems="0.000" timestamp="2019-07-02T23:05:42.671" activeThreads="4">
  <mem-info id="2148" free="12635016" total="19202048" percent="65">
    <mem type="tenure" free="12635016" total="19202048" percent="65" micro-fragmented="166171" macro-fragmented="0">
      <mem type="soa" free="12443528" total="19010560" percent="65" />
      <mem type="loa" free="191488" total="191488" percent="100" />
    </mem>
  </mem-info>
</gc-end>
<cycle-end id="2149" type="global" contextid="2142" timestamp="2019-07-02T23:05:42.671">
  <attribute name="GC Util" value="253" />
  <attribute name="CPU Util" value="8001138118877" />
  <attribute name="Time Running"value="3235"/>
  <attribute name="Number of cores"value="4"/>
</cycle-end>
<allocation-satisfied id="2150" threadId="0000000001358100" bytesRequested="24" />
<af-end id="2151" timestamp="2019-07-02T23:05:42.671" threadId="0000000001358A88" success="true" />
<exclusive-end id="2152" timestamp="2019-07-02T23:05:42.671" durationms="4.222" />

<exclusive-start id="2153" timestamp="2019-07-02T23:05:42.689" intervalms="21.911">
  <response-info timems="0.065" idlems="0.065" threads="0" lastid="0000000001358100" lastname="Thread-7" />
</exclusive-start>
<af-start id="2154" threadId="0000000001358A88" totalBytesRequested="40" timestamp="2019-07-02T23:05:42.689" intervalms="21.902" />
<cycle-start id="2155" type="global" contextid="0" timestamp="2019-07-02T23:05:42.689" intervalms="21.891" />
  <attribute name="GC Util" value="253" />
  <attribute name="CPU Util" value="8001138118877" />
  <attribute name="Time Running"value="3235"/>
  <attribute name="Number of cores"value="4"/>
<gc-start id="2156" type="global" contextid="2155" timestamp="2019-07-02T23:05:42.689">
  <mem-info id="2157" free="191488" total="19202048" percent="0">
    <mem type="tenure" free="191488" total="19202048" percent="0">
      <mem type="soa" free="0" total="19010560" percent="0" />
      <mem type="loa" free="191488" total="191488" percent="100" />
    </mem>
  </mem-info>
</gc-start>
<allocation-stats totalBytes="12390840" >
  <allocated-bytes non-tlh="0" tlh="12390840" />
  <largest-consumer threadName="Thread-7" threadId="0000000001358100" bytes="4602040" />
</allocation-stats>
<gc-op id="2158" type="mark" timems="2.304" contextid="2155" timestamp="2019-07-02T23:05:42.692">
  <trace-info objectcount="68038" scancount="60464" scanbytes="2323996" />
  <finalization candidates="124" enqueued="0" />
  <ownableSynchronizers candidates="3" cleared="0" />
  <references type="soft" candidates="84" cleared="0" enqueued="0" dynamicThreshold="21" maxThreshold="32" />
  <references type="weak" candidates="774" cleared="0" enqueued="0" />
  <references type="phantom" candidates="63" cleared="0" enqueued="0" />
  <stringconstants candidates="4574" cleared="0"  />
</gc-op>
<gc-op id="2159" type="sweep" timems="1.045" contextid="2155" timestamp="2019-07-02T23:05:42.693" />
<gc-end id="2160" type="global" contextid="2155" durationms="3.630" usertimems="12.000" systemtimems="0.000" timestamp="2019-07-02T23:05:42.693" activeThreads="4">
  <mem-info id="2161" free="12522240" total="19202048" percent="65">
    <mem type="tenure" free="12522240" total="19202048" percent="65" micro-fragmented="318169" macro-fragmented="0">
      <mem type="soa" free="12330752" total="19010560" percent="64" />
      <mem type="loa" free="191488" total="191488" percent="100" />
    </mem>
  </mem-info>
</gc-end>
<cycle-end id="2162" type="global" contextid="2155" timestamp="2019-07-02T23:05:42.693">
  <attribute name="GC Util" value="261" />
  <attribute name="CPU Util" value="7784953837956" />
  <attribute name="Time Running"value="3256"/>
  <attribute name="Number of cores"value="4"/>
</cycle-end>
<allocation-satisfied id="2163" threadId="0000000001358100" bytesRequested="40" />
<af-end id="2164" timestamp="2019-07-02T23:05:42.693" threadId="0000000001358A88" success="true" />
<exclusive-end id="2165" timestamp="2019-07-02T23:05:42.693" durationms="4.206" />

<exclusive-start id="2166" timestamp="2019-07-02T23:05:42.719" intervalms="30.240">
  <response-info timems="0.029" idlems="0.029" threads="0" lastid="0000000001358100" lastname="Thread-7" />
</exclusive-start>
<af-start id="2167" threadId="0000000001358A88" totalBytesRequested="24" timestamp="2019-07-02T23:05:42.719" intervalms="30.223" />
<cycle-start id="2168" type="global" contextid="0" timestamp="2019-07-02T23:05:42.719" intervalms="30.227" />
  <attribute name="GC Util" value="261" />
  <attribute name="CPU Util" value="7784953837956" />
  <attribute name="Time Running"value="3256"/>
  <attribute name="Number of cores"value="4"/>
<gc-start id="2169" type="global" contextid="2168" timestamp="2019-07-02T23:05:42.719">
  <mem-info id="2170" free="191488" total="19202048" percent="0">
    <mem type="tenure" free="191488" total="19202048" percent="0">
      <mem type="soa" free="0" total="19010560" percent="0" />
      <mem type="loa" free="191488" total="191488" percent="100" />
    </mem>
  </mem-info>
</gc-start>
<allocation-stats totalBytes="12272952" >
  <allocated-bytes non-tlh="23160" tlh="12249792" />
  <largest-consumer threadName="Thread-10" threadId="000000000135BD00" bytes="4471648" />
</allocation-stats>
<gc-op id="2171" type="mark" timems="2.439" contextid="2168" timestamp="2019-07-02T23:05:42.722">
  <trace-info objectcount="63807" scancount="56222" scanbytes="2222180" />
  <finalization candidates="124" enqueued="0" />
  <ownableSynchronizers candidates="3" cleared="0" />
  <references type="soft" candidates="84" cleared="0" enqueued="0" dynamicThreshold="20" maxThreshold="32" />
  <references type="weak" candidates="774" cleared="0" enqueued="0" />
  <references type="phantom" candidates="63" cleared="0" enqueued="0" />
  <stringconstants candidates="4574" cleared="0"  />
</gc-op>
<gc-op id="2172" type="sweep" timems="0.882" contextid="2168" timestamp="2019-07-02T23:05:42.723" />
<heap-resize id="2173" type="contract" space="tenure" amount="131072" count="1" timems="0.077" reason="excess free space following gc" timestamp="2019-07-02T23:05:42.723" />
<gc-end id="2174" type="global" contextid="2168" durationms="3.911" usertimems="12.000" systemtimems="0.000" timestamp="2019-07-02T23:05:42.723" activeThreads="4">
  <mem-info id="2175" free="12781432" total="19070976" percent="67">
    <mem type="tenure" free="12781432" total="19070976" percent="67" micro-fragmented="99286" macro-fragmented="0">
      <mem type="soa" free="12781432" total="18880512" percent="67" />
      <mem type="loa" free="0" total="190464" percent="0" />
    </mem>
  </mem-info>
</gc-end>
<cycle-end id="2176" type="global" contextid="2168" timestamp="2019-07-02T23:05:42.723">
  <attribute name="GC Util" value="254" />
  <attribute name="CPU Util" value="7272028555298" />
  <attribute name="Time Running"value="3287"/>
  <attribute name="Number of cores"value="4"/>
</cycle-end>
<allocation-satisfied id="2177" threadId="0000000001358100" bytesRequested="24" />
<af-end id="2178" timestamp="2019-07-02T23:05:42.724" threadId="0000000001358A88" success="true" />
<exclusive-end id="2179" timestamp="2019-07-02T23:05:42.724" durationms="4.641" />

<exclusive-start id="2180" timestamp="2019-07-02T23:05:42.770" intervalms="51.156">
  <response-info timems="19.821" idlems="19.821" threads="0" lastid="0000000001354500" lastname="Thread-8" />
</exclusive-start>
<af-start id="2181" threadId="0000000001354E88" totalBytesRequested="40" timestamp="2019-07-02T23:05:42.771" intervalms="51.282" />
<cycle-start id="2182" type="global" contextid="0" timestamp="2019-07-02T23:05:42.771" intervalms="51.370" />
  <attribute name="GC Util" value="254" />
  <attribute name="CPU Util" value="7272028555298" />
  <attribute name="Time Running"value="3287"/>
  <attribute name="Number of cores"value="4"/>
<gc-start id="2183" type="global" contextid="2182" timestamp="2019-07-02T23:05:42.771">
  <mem-info id="2184" free="0" total="19070976" percent="0">
    <mem type="tenure" free="0" total="19070976" percent="0">
      <mem type="soa" free="0" total="18880512" percent="0" />
      <mem type="loa" free="0" total="190464" percent="0" />
    </mem>
  </mem-info>
</gc-start>
<allocation-stats totalBytes="12738880" >
  <allocated-bytes non-tlh="0" tlh="12738880" />
  <largest-consumer threadName="Thread-10" threadId="000000000135BD00" bytes="4113944" />
</allocation-stats>
<gc-op id="2185" type="mark" timems="1.398" contextid="2182" timestamp="2019-07-02T23:05:42.772">
  <trace-info objectcount="64566" scancount="57001" scanbytes="2240980" />
  <finalization candidates="124" enqueued="0" />
  <ownableSynchronizers candidates="3" cleared="0" />
  <references type="soft" candidates="84" cleared="0" enqueued="0" dynamicThreshold="21" maxThreshold="32" />
  <references type="weak" candidates="774" cleared="0" enqueued="0" />
  <references type="phantom" candidates="63" cleared="0" enqueued="0" />
  <stringconstants candidates="4574" cleared="0"  />
</gc-op>
<gc-op id="2186" type="sweep" timems="0.459" contextid="2182" timestamp="2019-07-02T23:05:42.773" />
<mem-info id="2187" free="12738168" total="19070976" percent="66">
  <mem type="tenure" free="12738168" total="19070976" percent="66" micro-fragmented="160070" macro-fragmented="0">
    <mem type="soa" free="12659816" total="18880512" percent="67" />
    <mem type="loa" free="78352" total="190464" percent="41" />
  </mem>
</mem-info>
<gc-op id="2188" type="compact" timems="3.840" contextid="2182" timestamp="2019-07-02T23:05:42.777">
  <compact-info movecount="24825" movebytes="1146648" reason="compact to aid heap contraction" />
</gc-op>
<heap-resize id="2189" type="contract" space="tenure" amount="131072" count="1" timems="0.040" reason="excess free space following gc" timestamp="2019-07-02T23:05:42.777" />
<gc-end id="2190" type="global" contextid="2182" durationms="6.392" usertimems="12.000" systemtimems="0.000" timestamp="2019-07-02T23:05:42.777" activeThreads="4">
  <mem-info id="2191" free="13104616" total="18939904" percent="69">
    <mem type="tenure" free="13104616" total="18939904" percent="69">
      <mem type="soa" free="12975592" total="18751488" percent="69" />
      <mem type="loa" free="129024" total="188416" percent="68" />
    </mem>
  </mem-info>
</gc-end>
<cycle-end id="2192" type="global" contextid="2182" timestamp="2019-07-02T23:05:42.777">
  <attribute name="GC Util" value="19" />
  <attribute name="CPU Util" value="28812592850491" />
  <attribute name="Time Running"value="3338"/>
  <attribute name="Number of cores"value="4"/>
</cycle-end>
<allocation-satisfied id="2193" threadId="0000000001354500" bytesRequested="40" />
<af-end id="2194" timestamp="2019-07-02T23:05:42.777" threadId="0000000001354E88" success="true" />
<exclusive-end id="2195" timestamp="2019-07-02T23:05:42.777" durationms="7.156" />

<exclusive-start id="2196" timestamp="2019-07-02T23:05:42.804" intervalms="33.719">
  <response-info timems="0.076" idlems="0.045" threads="1" lastid="0000000001354500" lastname="Thread-8" />
</exclusive-start>
<af-start id="2197" threadId="000000000135C688" totalBytesRequested="24" timestamp="2019-07-02T23:05:42.804" intervalms="33.581" />
<cycle-start id="2198" type="global" contextid="0" timestamp="2019-07-02T23:05:42.804" intervalms="33.492" />
  <attribute name="GC Util" value="19" />
  <attribute name="CPU Util" value="28812592850491" />
  <attribute name="Time Running"value="3338"/>
  <attribute name="Number of cores"value="4"/>
<gc-start id="2199" type="global" contextid="2198" timestamp="2019-07-02T23:05:42.804">
  <mem-info id="2200" free="129024" total="18939904" percent="0">
    <mem type="tenure" free="129024" total="18939904" percent="0">
      <mem type="soa" free="0" total="18751488" percent="0" />
      <mem type="loa" free="129024" total="188416" percent="68" />
    </mem>
  </mem-info>
</gc-start>
<allocation-stats totalBytes="13039144" >
  <allocated-bytes non-tlh="0" tlh="13039144" />
  <largest-consumer threadName="Thread-10" threadId="000000000135BD00" bytes="4160792" />
</allocation-stats>
<gc-op id="2201" type="mark" timems="1.982" contextid="2198" timestamp="2019-07-02T23:05:42.806">
  <trace-info objectcount="65182" scancount="57614" scanbytes="2255700" />
  <finalization candidates="124" enqueued="0" />
  <ownableSynchronizers candidates="3" cleared="0" />
  <references type="soft" candidates="84" cleared="0" enqueued="0" dynamicThreshold="22" maxThreshold="32" />
  <references type="weak" candidates="774" cleared="0" enqueued="0" />
  <references type="phantom" candidates="63" cleared="0" enqueued="0" />
  <stringconstants candidates="4574" cleared="0"  />
</gc-op>
<gc-op id="2202" type="sweep" timems="0.717" contextid="2198" timestamp="2019-07-02T23:05:42.807" />
<heap-resize id="2203" type="contract" space="tenure" amount="131072" count="1" timems="0.053" reason="excess free space following gc" timestamp="2019-07-02T23:05:42.807" />
<gc-end id="2204" type="global" contextid="2198" durationms="3.209" usertimems="12.000" systemtimems="0.000" timestamp="2019-07-02T23:05:42.807" activeThreads="4">
  <mem-info id="2205" free="12890232" total="18808832" percent="68">
    <mem type="tenure" free="12890232" total="18808832" percent="68" micro-fragmented="21017" macro-fragmented="0">
      <mem type="soa" free="12890232" total="18621440" percent="69" />
      <mem type="loa" free="0" total="187392" percent="0" />
    </mem>
  </mem-info>
</gc-end>
<cycle-end id="2206" type="global" contextid="2198" timestamp="2019-07-02T23:05:42.808">
  <attribute name="GC Util" value="234" />
  <attribute name="CPU Util" value="8973011492686" />
  <attribute name="Time Running"value="3371"/>
  <attribute name="Number of cores"value="4"/>
</cycle-end>
<allocation-satisfied id="2207" threadId="000000000135BD00" bytesRequested="24" />
<af-end id="2208" timestamp="2019-07-02T23:05:42.808" threadId="000000000135C688" success="true" />
<exclusive-end id="2209" timestamp="2019-07-02T23:05:42.808" durationms="3.769" />

<exclusive-start id="2210" timestamp="2019-07-02T23:05:42.838" intervalms="34.461">
  <response-info timems="0.029" idlems="0.029" threads="0" lastid="000000000135F900" lastname="Thread-9" />
</exclusive-start>
<af-start id="2211" threadId="0000000001360288" totalBytesRequested="40" timestamp="2019-07-02T23:05:42.839" intervalms="34.493" />
<cycle-start id="2212" type="global" contextid="0" timestamp="2019-07-02T23:05:42.839" intervalms="34.536" />
  <attribute name="GC Util" value="234" />
  <attribute name="CPU Util" value="8973011492686" />
  <attribute name="Time Running"value="3371"/>
  <attribute name="Number of cores"value="4"/>
<gc-start id="2213" type="global" contextid="2212" timestamp="2019-07-02T23:05:42.839">
  <mem-info id="2214" free="0" total="18808832" percent="0">
    <mem type="tenure" free="0" total="18808832" percent="0">
      <mem type="soa" free="0" total="18621440" percent="0" />
      <mem type="loa" free="0" total="187392" percent="0" />
    </mem>
  </mem-info>
</gc-start>
<allocation-stats totalBytes="12883520" >
  <allocated-bytes non-tlh="0" tlh="12883520" />
  <largest-consumer threadName="Thread-10" threadId="000000000135BD00" bytes="4993800" />
</allocation-stats>
<gc-op id="2215" type="mark" timems="2.435" contextid="2212" timestamp="2019-07-02T23:05:42.841">
  <trace-info objectcount="66066" scancount="58489" scanbytes="2276876" />
  <finalization candidates="124" enqueued="0" />
  <ownableSynchronizers candidates="3" cleared="0" />
  <references type="soft" candidates="84" cleared="0" enqueued="0" dynamicThreshold="21" maxThreshold="32" />
  <references type="weak" candidates="774" cleared="0" enqueued="0" />
  <references type="phantom" candidates="63" cleared="0" enqueued="0" />
  <stringconstants candidates="4574" cleared="0"  />
</gc-op>
<gc-op id="2216" type="sweep" timems="0.838" contextid="2212" timestamp="2019-07-02T23:05:42.842" />
<heap-resize id="2217" type="contract" space="tenure" amount="65536" count="1" timems="0.096" reason="excess free space following gc" timestamp="2019-07-02T23:05:42.843" />
<gc-end id="2218" type="global" contextid="2212" durationms="4.028" usertimems="8.000" systemtimems="4.000" timestamp="2019-07-02T23:05:42.843" activeThreads="4">
  <mem-info id="2219" free="12855656" total="18743296" percent="68">
    <mem type="tenure" free="12855656" total="18743296" percent="68" micro-fragmented="1544" macro-fragmented="0">
      <mem type="soa" free="12784040" total="18555904" percent="68" />
      <mem type="loa" free="71616" total="187392" percent="38" />
    </mem>
  </mem-info>
</gc-end>
<cycle-end id="2220" type="global" contextid="2212" timestamp="2019-07-02T23:05:42.843">
  <attribute name="GC Util" value="236" />
  <attribute name="CPU Util" value="7105710395570" />
  <attribute name="Time Running"value="3406"/>
  <attribute name="Number of cores"value="4"/>
</cycle-end>
<allocation-satisfied id="2221" threadId="000000000135F900" bytesRequested="40" />
<af-end id="2222" timestamp="2019-07-02T23:05:42.843" threadId="0000000001360288" success="true" />
<exclusive-end id="2223" timestamp="2019-07-02T23:05:42.843" durationms="4.860" />

<exclusive-start id="2224" timestamp="2019-07-02T23:05:42.868" intervalms="29.225">
  <response-info timems="0.032" idlems="0.032" threads="0" lastid="000000000135BD00" lastname="Thread-10" />
</exclusive-start>
<af-start id="2225" threadId="000000000135C688" totalBytesRequested="40" timestamp="2019-07-02T23:05:42.868" intervalms="29.255" />
<cycle-start id="2226" type="global" contextid="0" timestamp="2019-07-02T23:05:42.868" intervalms="29.245" />
  <attribute name="GC Util" value="236" />
  <attribute name="CPU Util" value="7105710395570" />
  <attribute name="Time Running"value="3406"/>
  <attribute name="Number of cores"value="4"/>
<gc-start id="2227" type="global" contextid="2226" timestamp="2019-07-02T23:05:42.868">
  <mem-info id="2228" free="71616" total="18743296" percent="0">
    <mem type="tenure" free="71616" total="18743296" percent="0">
      <mem type="soa" free="0" total="18555904" percent="0" />
      <mem type="loa" free="71616" total="187392" percent="38" />
    </mem>
  </mem-info>
</gc-start>
<allocation-stats totalBytes="12769448" >
  <allocated-bytes non-tlh="0" tlh="12769448" />
  <largest-consumer threadName="Thread-10" threadId="000000000135BD00" bytes="4939456" />
</allocation-stats>
<gc-op id="2229" type="mark" timems="2.537" contextid="2226" timestamp="2019-07-02T23:05:42.871">
  <trace-info objectcount="67049" scancount="59496" scanbytes="2300796" />
  <finalization candidates="124" enqueued="0" />
  <ownableSynchronizers candidates="3" cleared="0" />
  <references type="soft" candidates="84" cleared="0" enqueued="0" dynamicThreshold="21" maxThreshold="32" />
  <references type="weak" candidates="774" cleared="0" enqueued="0" />
  <references type="phantom" candidates="63" cleared="0" enqueued="0" />
  <stringconstants candidates="4574" cleared="0"  />
</gc-op>
<gc-op id="2230" type="sweep" timems="0.811" contextid="2226" timestamp="2019-07-02T23:05:42.872" />
<mem-info id="2231" free="12788160" total="18743296" percent="68">
  <mem type="tenure" free="12788160" total="18743296" percent="68" micro-fragmented="23574" macro-fragmented="0">
    <mem type="soa" free="12716544" total="18555904" percent="68" />
    <mem type="loa" free="71616" total="187392" percent="38" />
  </mem>
</mem-info>
<gc-op id="2232" type="compact" timems="6.235" contextid="2226" timestamp="2019-07-02T23:05:42.878">
  <compact-info movecount="26693" movebytes="1191704" reason="compact to aid heap contraction" />
</gc-op>
<heap-resize id="2233" type="contract" space="tenure" amount="131072" count="1" timems="0.107" reason="excess free space following gc" timestamp="2019-07-02T23:05:42.878" />
<gc-end id="2234" type="global" contextid="2226" durationms="10.215" usertimems="20.000" systemtimems="0.000" timestamp="2019-07-02T23:05:42.878" activeThreads="4">
  <mem-info id="2235" free="12720192" total="18612224" percent="68">
    <mem type="tenure" free="12720192" total="18612224" percent="68">
      <mem type="soa" free="12591168" total="18426880" percent="68" />
      <mem type="loa" free="129024" total="185344" percent="69" />
    </mem>
  </mem-info>
</gc-end>
<cycle-end id="2236" type="global" contextid="2226" timestamp="2019-07-02T23:05:42.878">
  <attribute name="GC Util" value="155" />
  <attribute name="CPU Util" value="18829567887714" />
  <attribute name="Time Running"value="3437"/>
  <attribute name="Number of cores"value="4"/>
</cycle-end>
<allocation-satisfied id="2237" threadId="000000000135BD00" bytesRequested="40" />
<af-end id="2238" timestamp="2019-07-02T23:05:42.878" threadId="000000000135C688" success="true" />
<exclusive-end id="2239" timestamp="2019-07-02T23:05:42.879" durationms="10.854" />

<exclusive-start id="2240" timestamp="2019-07-02T23:05:42.890" intervalms="22.569">
  <response-info timems="0.051" idlems="0.051" threads="0" lastid="000000000135BD00" lastname="Thread-10" />
</exclusive-start>
<af-start id="2241" threadId="000000000135C688" totalBytesRequested="40" timestamp="2019-07-02T23:05:42.890" intervalms="22.580" />
<cycle-start id="2242" type="global" contextid="0" timestamp="2019-07-02T23:05:42.891" intervalms="22.600" />
  <attribute name="GC Util" value="155" />
  <attribute name="CPU Util" value="18829567887714" />
  <attribute name="Time Running"value="3437"/>
  <attribute name="Number of cores"value="4"/>
<gc-start id="2243" type="global" contextid="2242" timestamp="2019-07-02T23:05:42.891">
  <mem-info id="2244" free="129024" total="18612224" percent="0">
    <mem type="tenure" free="129024" total="18612224" percent="0">
      <mem type="soa" free="0" total="18426880" percent="0" />
      <mem type="loa" free="129024" total="185344" percent="69" />
    </mem>
  </mem-info>
</gc-start>
<allocation-stats totalBytes="12654912" >
  <allocated-bytes non-tlh="0" tlh="12654912" />
  <largest-consumer threadName="Thread-9" threadId="000000000135F900" bytes="4554120" />
</allocation-stats>
<gc-op id="2245" type="mark" timems="2.295" contextid="2242" timestamp="2019-07-02T23:05:42.893">
  <trace-info objectcount="68579" scancount="61006" scanbytes="2337436" />
  <finalization candidates="124" enqueued="0" />
  <ownableSynchronizers candidates="3" cleared="0" />
  <references type="soft" candidates="84" cleared="0" enqueued="0" dynamicThreshold="21" maxThreshold="32" />
  <references type="weak" candidates="774" cleared="0" enqueued="0" />
  <references type="phantom" candidates="63" cleared="0" enqueued="0" />
  <stringconstants candidates="4574" cleared="0"  />
</gc-op>
<gc-op id="2246" type="sweep" timems="0.755" contextid="2242" timestamp="2019-07-02T23:05:42.894" />
<heap-resize id="2247" type="contract" space="tenure" amount="131072" count="1" timems="0.096" reason="excess free space following gc" timestamp="2019-07-02T23:05:42.894" />
<gc-end id="2248" type="global" contextid="2242" durationms="3.783" usertimems="4.000" systemtimems="4.000" timestamp="2019-07-02T23:05:42.894" activeThreads="4">
  <mem-info id="2249" free="12480432" total="18481152" percent="67">
    <mem type="tenure" free="12480432" total="18481152" percent="67" micro-fragmented="8112" macro-fragmented="0">
      <mem type="soa" free="12480432" total="18296832" percent="68" />
      <mem type="loa" free="0" total="184320" percent="0" />
    </mem>
  </mem-info>
</gc-end>
<cycle-end id="2250" type="global" contextid="2242" timestamp="2019-07-02T23:05:42.895">
  <attribute name="GC Util" value="237" />
  <attribute name="CPU Util" value="7728365948226" />
  <attribute name="Time Running"value="3458"/>
  <attribute name="Number of cores"value="4"/>
</cycle-end>
<allocation-satisfied id="2251" threadId="000000000135BD00" bytesRequested="40" />
<af-end id="2252" timestamp="2019-07-02T23:05:42.895" threadId="000000000135C688" success="true" />
<exclusive-end id="2253" timestamp="2019-07-02T23:05:42.895" durationms="4.731" />

<exclusive-start id="2254" timestamp="2019-07-02T23:05:42.909" intervalms="18.278">
  <response-info timems="0.029" idlems="0.029" threads="0" lastid="000000000135BD00" lastname="Thread-10" />
</exclusive-start>
<af-start id="2255" threadId="000000000135C688" totalBytesRequested="40" timestamp="2019-07-02T23:05:42.909" intervalms="18.285" />
<cycle-start id="2256" type="global" contextid="0" timestamp="2019-07-02T23:05:42.909" intervalms="18.362" />
  <attribute name="GC Util" value="237" />
  <attribute name="CPU Util" value="7728365948226" />
  <attribute name="Time Running"value="3458"/>
  <attribute name="Number of cores"value="4"/>
<gc-start id="2257" type="global" contextid="2256" timestamp="2019-07-02T23:05:42.909">
  <mem-info id="2258" free="0" total="18481152" percent="0">
    <mem type="tenure" free="0" total="18481152" percent="0">
      <mem type="soa" free="0" total="18296832" percent="0" />
      <mem type="loa" free="0" total="184320" percent="0" />
    </mem>
  </mem-info>
</gc-start>
<allocation-stats totalBytes="12473624" >
  <allocated-bytes non-tlh="0" tlh="12473624" />
  <largest-consumer threadName="Thread-9" threadId="000000000135F900" bytes="5003696" />
</allocation-stats>
<gc-op id="2259" type="mark" timems="1.394" contextid="2256" timestamp="2019-07-02T23:05:42.911">
  <trace-info objectcount="69516" scancount="61942" scanbytes="2359508" />
  <finalization candidates="124" enqueued="0" />
  <ownableSynchronizers candidates="3" cleared="0" />
  <references type="soft" candidates="84" cleared="0" enqueued="0" dynamicThreshold="21" maxThreshold="32" />
  <references type="weak" candidates="774" cleared="0" enqueued="0" />
  <references type="phantom" candidates="63" cleared="0" enqueued="0" />
  <stringconstants candidates="4574" cleared="0"  />
</gc-op>
<gc-op id="2260" type="sweep" timems="0.317" contextid="2256" timestamp="2019-07-02T23:05:42.911" />
<mem-info id="2261" free="12585832" total="18481152" percent="68">
  <mem type="tenure" free="12585832" total="18481152" percent="68" micro-fragmented="769" macro-fragmented="0">
    <mem type="soa" free="12436352" total="18296832" percent="67" />
    <mem type="loa" free="149480" total="184320" percent="81" />
  </mem>
</mem-info>
<gc-op id="2262" type="compact" timems="3.168" contextid="2256" timestamp="2019-07-02T23:05:42.914">
  <compact-info movecount="4256" movebytes="103216" reason="compact to aid heap contraction" />
</gc-op>
<heap-resize id="2263" type="contract" space="tenure" amount="131072" count="1" timems="0.089" reason="excess free space following gc" timestamp="2019-07-02T23:05:42.915" />
<gc-end id="2264" type="global" contextid="2256" durationms="5.806" usertimems="8.000" systemtimems="0.000" timestamp="2019-07-02T23:05:42.915" activeThreads="4">
  <mem-info id="2265" free="12402408" total="18350080" percent="67">
    <mem type="tenure" free="12402408" total="18350080" percent="67">
      <mem type="soa" free="12272360" total="18166784" percent="67" />
      <mem type="loa" free="130048" total="183296" percent="70" />
    </mem>
  </mem-info>
</gc-end>
<cycle-end id="2266" type="global" contextid="2256" timestamp="2019-07-02T23:05:42.915">
  <attribute name="GC Util" value="20" />
  <attribute name="CPU Util" value="35021251762587" />
  <attribute name="Time Running"value="3476"/>
  <attribute name="Number of cores"value="4"/>
</cycle-end>
<allocation-satisfied id="2267" threadId="000000000135BD00" bytesRequested="40" />
<af-end id="2268" timestamp="2019-07-02T23:05:42.915" threadId="000000000135C688" success="true" />
<exclusive-end id="2269" timestamp="2019-07-02T23:05:42.915" durationms="6.809" />

<exclusive-start id="2270" timestamp="2019-07-02T23:05:42.923" intervalms="14.933">
  <response-info timems="0.033" idlems="0.033" threads="0" lastid="000000000135BD00" lastname="Thread-10" />
</exclusive-start>
<af-start id="2271" threadId="000000000135C688" totalBytesRequested="40" timestamp="2019-07-02T23:05:42.924" intervalms="14.882" />
<cycle-start id="2272" type="global" contextid="0" timestamp="2019-07-02T23:05:42.924" intervalms="14.782" />
  <attribute name="GC Util" value="20" />
  <attribute name="CPU Util" value="35021251762587" />
  <attribute name="Time Running"value="3476"/>
  <attribute name="Number of cores"value="4"/>
<gc-start id="2273" type="global" contextid="2272" timestamp="2019-07-02T23:05:42.924">
  <mem-info id="2274" free="130048" total="18350080" percent="0">
    <mem type="tenure" free="130048" total="18350080" percent="0">
      <mem type="soa" free="0" total="18166784" percent="0" />
      <mem type="loa" free="130048" total="183296" percent="70" />
    </mem>
  </mem-info>
</gc-start>
<allocation-stats totalBytes="12336528" >
  <allocated-bytes non-tlh="0" tlh="12336528" />
  <largest-consumer threadName="Thread-10" threadId="000000000135BD00" bytes="4178248" />
</allocation-stats>
<gc-op id="2275" type="mark" timems="1.220" contextid="2272" timestamp="2019-07-02T23:05:42.925">
  <trace-info objectcount="70495" scancount="62920" scanbytes="2383252" />
  <finalization candidates="124" enqueued="0" />
  <ownableSynchronizers candidates="3" cleared="0" />
  <references type="soft" candidates="84" cleared="0" enqueued="0" dynamicThreshold="21" maxThreshold="32" />
  <references type="weak" candidates="774" cleared="0" enqueued="0" />
  <references type="phantom" candidates="63" cleared="0" enqueued="0" />
  <stringconstants candidates="4574" cleared="0"  />
</gc-op>
<gc-op id="2276" type="sweep" timems="0.322" contextid="2272" timestamp="2019-07-02T23:05:42.926" />
<heap-resize id="2277" type="contract" space="tenure" amount="131072" count="1" timems="0.099" reason="excess free space following gc" timestamp="2019-07-02T23:05:42.926" />
<gc-end id="2278" type="global" contextid="2272" durationms="2.133" usertimems="4.000" systemtimems="0.000" timestamp="2019-07-02T23:05:42.926" activeThreads="4">
  <mem-info id="2279" free="12247352" total="18219008" percent="67">
    <mem type="tenure" free="12247352" total="18219008" percent="67" micro-fragmented="10944" macro-fragmented="0">
      <mem type="soa" free="12179576" total="18037760" percent="67" />
      <mem type="loa" free="67776" total="181248" percent="37" />
    </mem>
  </mem-info>
</gc-end>
<cycle-end id="2280" type="global" contextid="2272" timestamp="2019-07-02T23:05:42.926">
  <attribute name="GC Util" value="213" />
  <attribute name="CPU Util" value="13960570463800" />
  <attribute name="Time Running"value="3490"/>
  <attribute name="Number of cores"value="4"/>
</cycle-end>
<allocation-satisfied id="2281" threadId="000000000135BD00" bytesRequested="40" />
<af-end id="2282" timestamp="2019-07-02T23:05:42.926" threadId="000000000135C688" success="true" />
<exclusive-end id="2283" timestamp="2019-07-02T23:05:42.926" durationms="2.802" />

<exclusive-start id="2284" timestamp="2019-07-02T23:05:42.935" intervalms="11.420">
  <response-info timems="0.020" idlems="0.020" threads="0" lastid="000000000135BD00" lastname="Thread-10" />
</exclusive-start>
<af-start id="2285" threadId="000000000135C688" totalBytesRequested="40" timestamp="2019-07-02T23:05:42.935" intervalms="11.416" />
<cycle-start id="2286" type="global" contextid="0" timestamp="2019-07-02T23:05:42.935" intervalms="11.416" />
  <attribute name="GC Util" value="213" />
  <attribute name="CPU Util" value="13960570463800" />
  <attribute name="Time Running"value="3490"/>
  <attribute name="Number of cores"value="4"/>
<gc-start id="2287" type="global" contextid="2286" timestamp="2019-07-02T23:05:42.935">
  <mem-info id="2288" free="67776" total="18219008" percent="0">
    <mem type="tenure" free="67776" total="18219008" percent="0">
      <mem type="soa" free="0" total="18037760" percent="0" />
      <mem type="loa" free="67776" total="181248" percent="37" />
    </mem>
  </mem-info>
</gc-start>
<allocation-stats totalBytes="12178736" >
  <allocated-bytes non-tlh="0" tlh="12178736" />
  <largest-consumer threadName="Thread-9" threadId="000000000135F900" bytes="3938752" />
</allocation-stats>
<gc-op id="2289" type="mark" timems="1.145" contextid="2286" timestamp="2019-07-02T23:05:42.936">
  <trace-info objectcount="71219" scancount="63635" scanbytes="2400708" />
  <finalization candidates="124" enqueued="0" />
  <ownableSynchronizers candidates="3" cleared="0" />
  <references type="soft" candidates="84" cleared="0" enqueued="0" dynamicThreshold="21" maxThreshold="32" />
  <references type="weak" candidates="774" cleared="0" enqueued="0" />
  <references type="phantom" candidates="63" cleared="0" enqueued="0" />
  <stringconstants candidates="4574" cleared="0"  />
</gc-op>
<gc-op id="2290" type="sweep" timems="0.287" contextid="2286" timestamp="2019-07-02T23:05:42.937" />
<mem-info id="2291" free="12208032" total="18219008" percent="67">
  <mem type="tenure" free="12208032" total="18219008" percent="67" micro-fragmented="771" macro-fragmented="0">
    <mem type="soa" free="12139408" total="18037760" percent="67" />
    <mem type="loa" free="68624" total="181248" percent="37" />
  </mem>
</mem-info>
<gc-op id="2292" type="compact" timems="3.345" contextid="2286" timestamp="2019-07-02T23:05:42.940">
  <compact-info movecount="4791" movebytes="116384" reason="compact to aid heap contraction" />
</gc-op>
<heap-resize id="2293" type="contract" space="tenure" amount="131072" count="1" timems="0.080" reason="excess free space following gc" timestamp="2019-07-02T23:05:42.941" />
<gc-end id="2294" type="global" contextid="2286" durationms="5.531" usertimems="8.000" systemtimems="0.000" timestamp="2019-07-02T23:05:42.941" activeThreads="4">
  <mem-info id="2295" free="12102136" total="18087936" percent="66">
    <mem type="tenure" free="12102136" total="18087936" percent="66">
      <mem type="soa" free="11972088" total="17907712" percent="66" />
      <mem type="loa" free="130048" total="180224" percent="72" />
    </mem>
  </mem-info>
</gc-end>
<cycle-end id="2296" type="global" contextid="2286" timestamp="2019-07-02T23:05:42.941">
  <attribute name="GC Util" value="18" />
  <attribute name="CPU Util" value="37084472914757" />
  <attribute name="Time Running"value="3502"/>
  <attribute name="Number of cores"value="4"/>
</cycle-end>
<allocation-satisfied id="2297" threadId="000000000135BD00" bytesRequested="40" />
<af-end id="2298" timestamp="2019-07-02T23:05:42.941" threadId="000000000135C688" success="true" />
<exclusive-end id="2299" timestamp="2019-07-02T23:05:42.941" durationms="6.230" />

<exclusive-start id="2300" timestamp="2019-07-02T23:05:42.949" intervalms="13.862">
  <response-info timems="0.028" idlems="0.028" threads="0" lastid="000000000135F900" lastname="Thread-9" />
</exclusive-start>
<af-start id="2301" threadId="0000000001360288" totalBytesRequested="40" timestamp="2019-07-02T23:05:42.949" intervalms="13.881" />
<cycle-start id="2302" type="global" contextid="0" timestamp="2019-07-02T23:05:42.949" intervalms="13.911" />
  <attribute name="GC Util" value="18" />
  <attribute name="CPU Util" value="37084472914757" />
  <attribute name="Time Running"value="3502"/>
  <attribute name="Number of cores"value="4"/>
<gc-start id="2303" type="global" contextid="2302" timestamp="2019-07-02T23:05:42.949">
  <mem-info id="2304" free="130048" total="18087936" percent="0">
    <mem type="tenure" free="130048" total="18087936" percent="0">
      <mem type="soa" free="0" total="17907712" percent="0" />
      <mem type="loa" free="130048" total="180224" percent="72" />
    </mem>
  </mem-info>
</gc-start>
<allocation-stats totalBytes="12034992" >
  <allocated-bytes non-tlh="0" tlh="12034992" />
  <largest-consumer threadName="Thread-10" threadId="000000000135BD00" bytes="3767576" />
</allocation-stats>
<gc-op id="2305" type="mark" timems="2.168" contextid="2302" timestamp="2019-07-02T23:05:42.951">
  <trace-info objectcount="71985" scancount="64421" scanbytes="2419140" />
  <finalization candidates="124" enqueued="0" />
  <ownableSynchronizers candidates="3" cleared="0" />
  <references type="soft" candidates="84" cleared="0" enqueued="0" dynamicThreshold="21" maxThreshold="32" />
  <references type="weak" candidates="774" cleared="0" enqueued="0" />
  <references type="phantom" candidates="63" cleared="0" enqueued="0" />
  <stringconstants candidates="4574" cleared="0"  />
</gc-op>
<gc-op id="2306" type="sweep" timems="0.724" contextid="2302" timestamp="2019-07-02T23:05:42.952" />
<heap-resize id="2307" type="contract" space="tenure" amount="131072" count="1" timems="0.078" reason="excess free space following gc" timestamp="2019-07-02T23:05:42.952" />
<gc-end id="2308" type="global" contextid="2302" durationms="3.474" usertimems="8.000" systemtimems="0.000" timestamp="2019-07-02T23:05:42.953" activeThreads="4">
  <mem-info id="2309" free="11964248" total="17956864" percent="66">
    <mem type="tenure" free="11964248" total="17956864" percent="66" micro-fragmented="0" macro-fragmented="0">
      <mem type="soa" free="11877888" total="17777664" percent="66" />
      <mem type="loa" free="86360" total="179200" percent="48" />
    </mem>
  </mem-info>
</gc-end>
<cycle-end id="2310" type="global" contextid="2302" timestamp="2019-07-02T23:05:42.953">
  <attribute name="GC Util" value="246" />
  <attribute name="CPU Util" value="8178078587477" />
  <attribute name="Time Running"value="3516"/>
  <attribute name="Number of cores"value="4"/>
</cycle-end>
<allocation-satisfied id="2311" threadId="000000000135F900" bytesRequested="40" />
<af-end id="2312" timestamp="2019-07-02T23:05:42.953" threadId="0000000001360288" success="true" />
<exclusive-end id="2313" timestamp="2019-07-02T23:05:42.953" durationms="4.287" />

<exclusive-start id="2314" timestamp="2019-07-02T23:05:42.961" intervalms="12.243">
  <response-info timems="0.030" idlems="0.030" threads="0" lastid="000000000135F900" lastname="Thread-9" />
</exclusive-start>
<af-start id="2315" threadId="0000000001360288" totalBytesRequested="40" timestamp="2019-07-02T23:05:42.961" intervalms="12.183" />
<cycle-start id="2316" type="global" contextid="0" timestamp="2019-07-02T23:05:42.961" intervalms="12.161" />
  <attribute name="GC Util" value="246" />
  <attribute name="CPU Util" value="8178078587477" />
  <attribute name="Time Running"value="3516"/>
  <attribute name="Number of cores"value="4"/>
<gc-start id="2317" type="global" contextid="2316" timestamp="2019-07-02T23:05:42.961">
  <mem-info id="2318" free="86360" total="17956864" percent="0">
    <mem type="tenure" free="86360" total="17956864" percent="0">
      <mem type="soa" free="0" total="17777664" percent="0" />
      <mem type="loa" free="86360" total="179200" percent="48" />
    </mem>
  </mem-info>
</gc-start>
<allocation-stats totalBytes="11876528" >
  <allocated-bytes non-tlh="0" tlh="11876528" />
  <largest-consumer threadName="Thread-9" threadId="000000000135F900" bytes="3788936" />
</allocation-stats>
<gc-op id="2319" type="mark" timems="2.183" contextid="2316" timestamp="2019-07-02T23:05:42.964">
  <trace-info objectcount="72721" scancount="65134" scanbytes="2436804" />
  <finalization candidates="124" enqueued="0" />
  <ownableSynchronizers candidates="3" cleared="0" />
  <references type="soft" candidates="84" cleared="0" enqueued="0" dynamicThreshold="21" maxThreshold="32" />
  <references type="weak" candidates="774" cleared="0" enqueued="0" />
  <references type="phantom" candidates="63" cleared="0" enqueued="0" />
  <stringconstants candidates="4574" cleared="0"  />
</gc-op>
<gc-op id="2320" type="sweep" timems="0.755" contextid="2316" timestamp="2019-07-02T23:05:42.965" />
<heap-resize id="2321" type="contract" space="tenure" amount="131072" count="1" timems="0.056" reason="excess free space following gc" timestamp="2019-07-02T23:05:42.965" />
<gc-end id="2322" type="global" contextid="2316" durationms="3.509" usertimems="8.000" systemtimems="0.000" timestamp="2019-07-02T23:05:42.965" activeThreads="4">
  <mem-info id="2323" free="11724480" total="17825792" percent="65">
    <mem type="tenure" free="11724480" total="17825792" percent="65" micro-fragmented="11040" macro-fragmented="0">
      <mem type="soa" free="11724480" total="17647616" percent="66" />
      <mem type="loa" free="0" total="178176" percent="0" />
    </mem>
  </mem-info>
</gc-end>
<cycle-end id="2324" type="global" contextid="2316" timestamp="2019-07-02T23:05:42.965">
  <attribute name="GC Util" value="244" />
  <attribute name="CPU Util" value="8104825062051" />
  <attribute name="Time Running"value="3529"/>
  <attribute name="Number of cores"value="4"/>
</cycle-end>
<allocation-satisfied id="2325" threadId="000000000135F900" bytesRequested="40" />
<af-end id="2326" timestamp="2019-07-02T23:05:42.965" threadId="0000000001360288" success="true" />
<exclusive-end id="2327" timestamp="2019-07-02T23:05:42.965" durationms="4.066" />

<exclusive-start id="2328" timestamp="2019-07-02T23:05:42.973" intervalms="11.820">
  <response-info timems="0.024" idlems="0.024" threads="0" lastid="000000000135F900" lastname="Thread-9" />
</exclusive-start>
<af-start id="2329" threadId="0000000001360288" totalBytesRequested="24" timestamp="2019-07-02T23:05:42.973" intervalms="11.825" />
<cycle-start id="2330" type="global" contextid="0" timestamp="2019-07-02T23:05:42.973" intervalms="11.814" />
  <attribute name="GC Util" value="244" />
  <attribute name="CPU Util" value="8104825062051" />
  <attribute name="Time Running"value="3529"/>
  <attribute name="Number of cores"value="4"/>
<gc-start id="2331" type="global" contextid="2330" timestamp="2019-07-02T23:05:42.973">
  <mem-info id="2332" free="0" total="17825792" percent="0">
    <mem type="tenure" free="0" total="17825792" percent="0">
      <mem type="soa" free="0" total="17647616" percent="0" />
      <mem type="loa" free="0" total="178176" percent="0" />
    </mem>
  </mem-info>
</gc-start>
<allocation-stats totalBytes="11720384" >
  <allocated-bytes non-tlh="0" tlh="11720384" />
  <largest-consumer threadName="Thread-9" threadId="000000000135F900" bytes="3858704" />
</allocation-stats>
<gc-op id="2333" type="mark" timems="1.891" contextid="2330" timestamp="2019-07-02T23:05:42.975">
  <trace-info objectcount="73602" scancount="66025" scanbytes="2458140" />
  <finalization candidates="124" enqueued="0" />
  <ownableSynchronizers candidates="3" cleared="0" />
  <references type="soft" candidates="84" cleared="0" enqueued="0" dynamicThreshold="21" maxThreshold="32" />
  <references type="weak" candidates="774" cleared="0" enqueued="0" />
  <references type="phantom" candidates="63" cleared="0" enqueued="0" />
  <stringconstants candidates="4574" cleared="0"  />
</gc-op>
<gc-op id="2334" type="sweep" timems="0.791" contextid="2330" timestamp="2019-07-02T23:05:42.976" />
<mem-info id="2335" free="11654664" total="17825792" percent="65">
  <mem type="tenure" free="11654664" total="17825792" percent="65" micro-fragmented="9200" macro-fragmented="0">
    <mem type="soa" free="11654664" total="17647616" percent="66" />
    <mem type="loa" free="0" total="178176" percent="0" />
  </mem>
</mem-info>
<gc-op id="2336" type="compact" timems="5.068" contextid="2330" timestamp="2019-07-02T23:05:42.981">
  <compact-info movecount="5620" movebytes="136520" reason="compact to aid heap contraction" />
</gc-op>
<heap-resize id="2337" type="contract" space="tenure" amount="131072" count="1" timems="0.079" reason="excess free space following gc" timestamp="2019-07-02T23:05:42.982" />
<gc-end id="2338" type="global" contextid="2330" durationms="8.653" usertimems="12.000" systemtimems="4.000" timestamp="2019-07-02T23:05:42.982" activeThreads="4">
  <mem-info id="2339" free="11654560" total="17694720" percent="65">
    <mem type="tenure" free="11654560" total="17694720" percent="65">
      <mem type="soa" free="11525536" total="17518592" percent="65" />
      <mem type="loa" free="129024" total="176128" percent="73" />
    </mem>
  </mem-info>
</gc-end>
<cycle-end id="2340" type="global" contextid="2330" timestamp="2019-07-02T23:05:42.982">
  <attribute name="GC Util" value="147" />
  <attribute name="CPU Util" value="18051435549796" />
  <attribute name="Time Running"value="3541"/>
  <attribute name="Number of cores"value="4"/>
</cycle-end>
<allocation-satisfied id="2341" threadId="000000000135F900" bytesRequested="24" />
<af-end id="2342" timestamp="2019-07-02T23:05:42.982" threadId="0000000001360288" success="true" />
<exclusive-end id="2343" timestamp="2019-07-02T23:05:42.982" durationms="9.392" />

<exclusive-start id="2344" timestamp="2019-07-02T23:05:42.989" intervalms="16.264">
  <response-info timems="0.033" idlems="0.033" threads="0" lastid="000000000135F900" lastname="Thread-9" />
</exclusive-start>
<af-start id="2345" threadId="0000000001360288" totalBytesRequested="40" timestamp="2019-07-02T23:05:42.989" intervalms="16.304" />
<cycle-start id="2346" type="global" contextid="0" timestamp="2019-07-02T23:05:42.989" intervalms="16.307" />
  <attribute name="GC Util" value="147" />
  <attribute name="CPU Util" value="18051435549796" />
  <attribute name="Time Running"value="3541"/>
  <attribute name="Number of cores"value="4"/>
<gc-start id="2347" type="global" contextid="2346" timestamp="2019-07-02T23:05:42.989">
  <mem-info id="2348" free="129024" total="17694720" percent="0">
    <mem type="tenure" free="129024" total="17694720" percent="0">
      <mem type="soa" free="0" total="17518592" percent="0" />
      <mem type="loa" free="129024" total="176128" percent="73" />
    </mem>
  </mem-info>
</gc-start>
<allocation-stats totalBytes="11589240" >
  <allocated-bytes non-tlh="0" tlh="11589240" />
  <largest-consumer threadName="Thread-10" threadId="000000000135BD00" bytes="3636688" />
</allocation-stats>
<gc-op id="2349" type="mark" timems="1.957" contextid="2346" timestamp="2019-07-02T23:05:42.991">
  <trace-info objectcount="74334" scancount="66750" scanbytes="2475500" />
  <finalization candidates="124" enqueued="0" />
  <ownableSynchronizers candidates="3" cleared="0" />
  <references type="soft" candidates="84" cleared="0" enqueued="0" dynamicThreshold="21" maxThreshold="32" />
  <references type="weak" candidates="774" cleared="0" enqueued="0" />
  <references type="phantom" candidates="63" cleared="0" enqueued="0" />
  <stringconstants candidates="4574" cleared="0"  />
</gc-op>
<gc-op id="2350" type="sweep" timems="0.728" contextid="2346" timestamp="2019-07-02T23:05:42.992" />
<heap-resize id="2351" type="contract" space="tenure" amount="131072" count="1" timems="0.068" reason="excess free space following gc" timestamp="2019-07-02T23:05:42.992" />
<gc-end id="2352" type="global" contextid="2346" durationms="3.141" usertimems="8.000" systemtimems="0.000" timestamp="2019-07-02T23:05:42.992" activeThreads="4">
  <mem-info id="2353" free="11431608" total="17563648" percent="65">
    <mem type="tenure" free="11431608" total="17563648" percent="65" micro-fragmented="0" macro-fragmented="0">
      <mem type="soa" free="11431608" total="17388544" percent="65" />
      <mem type="loa" free="0" total="175104" percent="0" />
    </mem>
  </mem-info>
</gc-end>
<cycle-end id="2354" type="global" contextid="2346" timestamp="2019-07-02T23:05:42.993">
  <attribute name="GC Util" value="268" />
  <attribute name="CPU Util" value="9186232031642" />
  <attribute name="Time Running"value="3556"/>
  <attribute name="Number of cores"value="4"/>
</cycle-end>
<allocation-satisfied id="2355" threadId="000000000135F900" bytesRequested="40" />
<af-end id="2356" timestamp="2019-07-02T23:05:42.993" threadId="0000000001360288" success="true" />
<exclusive-end id="2357" timestamp="2019-07-02T23:05:42.993" durationms="3.733" />

<exclusive-start id="2358" timestamp="2019-07-02T23:05:43.000" intervalms="10.923">
  <response-info timems="0.024" idlems="0.024" threads="0" lastid="000000000135BD00" lastname="Thread-10" />
</exclusive-start>
<af-start id="2359" threadId="000000000135C688" totalBytesRequested="24" timestamp="2019-07-02T23:05:43.000" intervalms="10.919" />
<cycle-start id="2360" type="global" contextid="0" timestamp="2019-07-02T23:05:43.000" intervalms="10.928" />
  <attribute name="GC Util" value="268" />
  <attribute name="CPU Util" value="9186232031642" />
  <attribute name="Time Running"value="3556"/>
  <attribute name="Number of cores"value="4"/>
<gc-start id="2361" type="global" contextid="2360" timestamp="2019-07-02T23:05:43.000">
  <mem-info id="2362" free="0" total="17563648" percent="0">
    <mem type="tenure" free="0" total="17563648" percent="0">
      <mem type="soa" free="0" total="17388544" percent="0" />
      <mem type="loa" free="0" total="175104" percent="0" />
    </mem>
  </mem-info>
</gc-start>
<allocation-stats totalBytes="11429208" >
  <allocated-bytes non-tlh="0" tlh="11429208" />
  <largest-consumer threadName="Thread-9" threadId="000000000135F900" bytes="4271912" />
</allocation-stats>
<gc-op id="2363" type="mark" timems="1.239" contextid="2360" timestamp="2019-07-02T23:05:43.002">
  <trace-info objectcount="75114" scancount="67549" scanbytes="2494172" />
  <finalization candidates="124" enqueued="0" />
  <ownableSynchronizers candidates="3" cleared="0" />
  <references type="soft" candidates="84" cleared="0" enqueued="0" dynamicThreshold="20" maxThreshold="32" />
  <references type="weak" candidates="774" cleared="0" enqueued="0" />
  <references type="phantom" candidates="63" cleared="0" enqueued="0" />
  <stringconstants candidates="4574" cleared="0"  />
</gc-op>
<gc-op id="2364" type="sweep" timems="0.297" contextid="2360" timestamp="2019-07-02T23:05:43.002" />
<mem-info id="2365" free="11389792" total="17563648" percent="64">
  <mem type="tenure" free="11389792" total="17563648" percent="64" micro-fragmented="13386" macro-fragmented="0">
    <mem type="soa" free="11389792" total="17388544" percent="65" />
    <mem type="loa" free="0" total="175104" percent="0" />
  </mem>
</mem-info>
<gc-op id="2366" type="compact" timems="3.339" contextid="2360" timestamp="2019-07-02T23:05:43.006">
  <compact-info movecount="4019" movebytes="97840" reason="compact to aid heap contraction" />
</gc-op>
<heap-resize id="2367" type="contract" space="tenure" amount="131072" count="1" timems="0.093" reason="excess free space following gc" timestamp="2019-07-02T23:05:43.006" />
<gc-end id="2368" type="global" contextid="2360" durationms="5.765" usertimems="12.000" systemtimems="0.000" timestamp="2019-07-02T23:05:43.006" activeThreads="4">
  <mem-info id="2369" free="11359456" total="17432576" percent="65">
    <mem type="tenure" free="11359456" total="17432576" percent="65">
      <mem type="soa" free="11229408" total="17258496" percent="65" />
      <mem type="loa" free="130048" total="174080" percent="74" />
    </mem>
  </mem-info>
</gc-end>
<cycle-end id="2370" type="global" contextid="2360" timestamp="2019-07-02T23:05:43.006">
  <attribute name="GC Util" value="16" />
  <attribute name="CPU Util" value="35542105918737" />
  <attribute name="Time Running"value="3567"/>
  <attribute name="Number of cores"value="4"/>
</cycle-end>
<allocation-satisfied id="2371" threadId="000000000135BD00" bytesRequested="24" />
<af-end id="2372" timestamp="2019-07-02T23:05:43.006" threadId="000000000135C688" success="true" />
<exclusive-end id="2373" timestamp="2019-07-02T23:05:43.007" durationms="6.578" />

<exclusive-start id="2374" timestamp="2019-07-02T23:05:43.013" intervalms="12.648">
  <response-info timems="0.021" idlems="0.021" threads="0" lastid="000000000135BD00" lastname="Thread-10" />
</exclusive-start>
<af-start id="2375" threadId="000000000135C688" totalBytesRequested="40" timestamp="2019-07-02T23:05:43.013" intervalms="12.645" />
<cycle-start id="2376" type="global" contextid="0" timestamp="2019-07-02T23:05:43.013" intervalms="12.635" />
  <attribute name="GC Util" value="16" />
  <attribute name="CPU Util" value="35542105918737" />
  <attribute name="Time Running"value="3567"/>
  <attribute name="Number of cores"value="4"/>
<gc-start id="2377" type="global" contextid="2376" timestamp="2019-07-02T23:05:43.013">
  <mem-info id="2378" free="130048" total="17432576" percent="0">
    <mem type="tenure" free="130048" total="17432576" percent="0">
      <mem type="soa" free="0" total="17258496" percent="0" />
      <mem type="loa" free="130048" total="174080" percent="74" />
    </mem>
  </mem-info>
</gc-start>
<allocation-stats totalBytes="11293160" >
  <allocated-bytes non-tlh="0" tlh="11293160" />
  <largest-consumer threadName="Thread-9" threadId="000000000135F900" bytes="4160912" />
</allocation-stats>
<gc-op id="2379" type="mark" timems="1.151" contextid="2376" timestamp="2019-07-02T23:05:43.014">
  <trace-info objectcount="71098" scancount="63516" scanbytes="2397516" />
  <finalization candidates="124" enqueued="0" />
  <ownableSynchronizers candidates="3" cleared="0" />
  <references type="soft" candidates="84" cleared="0" enqueued="0" dynamicThreshold="20" maxThreshold="32" />
  <references type="weak" candidates="774" cleared="0" enqueued="0" />
  <references type="phantom" candidates="63" cleared="0" enqueued="0" />
  <stringconstants candidates="4574" cleared="0"  />
</gc-op>
<gc-op id="2380" type="sweep" timems="0.283" contextid="2376" timestamp="2019-07-02T23:05:43.015" />
<heap-resize id="2381" type="contract" space="tenure" amount="131072" count="1" timems="0.074" reason="excess free space following gc" timestamp="2019-07-02T23:05:43.015" />
<gc-end id="2382" type="global" contextid="2376" durationms="1.967" usertimems="0.000" systemtimems="4.000" timestamp="2019-07-02T23:05:43.015" activeThreads="4">
  <mem-info id="2383" free="11137456" total="17301504" percent="64">
    <mem type="tenure" free="11137456" total="17301504" percent="64" micro-fragmented="117990" macro-fragmented="0">
      <mem type="soa" free="11137456" total="17129472" percent="65" />
      <mem type="loa" free="0" total="172032" percent="0" />
    </mem>
  </mem-info>
</gc-end>
<cycle-end id="2384" type="global" contextid="2376" timestamp="2019-07-02T23:05:43.015">
  <attribute name="GC Util" value="213" />
  <attribute name="CPU Util" value="15021521565319" />
  <attribute name="Time Running"value="3579"/>
  <attribute name="Number of cores"value="4"/>
</cycle-end>
<allocation-satisfied id="2385" threadId="000000000135BD00" bytesRequested="40" />
<af-end id="2386" timestamp="2019-07-02T23:05:43.015" threadId="000000000135C688" success="true" />
<exclusive-end id="2387" timestamp="2019-07-02T23:05:43.015" durationms="2.605" />

<exclusive-start id="2388" timestamp="2019-07-02T23:05:43.022" intervalms="9.394">
  <response-info timems="0.024" idlems="0.024" threads="0" lastid="000000000135BD00" lastname="Thread-10" />
</exclusive-start>
<af-start id="2389" threadId="000000000135C688" totalBytesRequested="40" timestamp="2019-07-02T23:05:43.022" intervalms="9.390" />
<cycle-start id="2390" type="global" contextid="0" timestamp="2019-07-02T23:05:43.022" intervalms="9.389" />
  <attribute name="GC Util" value="213" />
  <attribute name="CPU Util" value="15021521565319" />
  <attribute name="Time Running"value="3579"/>
  <attribute name="Number of cores"value="4"/>
<gc-start id="2391" type="global" contextid="2390" timestamp="2019-07-02T23:05:43.022">
  <mem-info id="2392" free="0" total="17301504" percent="0">
    <mem type="tenure" free="0" total="17301504" percent="0">
      <mem type="soa" free="0" total="17129472" percent="0" />
      <mem type="loa" free="0" total="172032" percent="0" />
    </mem>
  </mem-info>
</gc-start>
<allocation-stats totalBytes="11134168" >
  <allocated-bytes non-tlh="0" tlh="11134168" />
  <largest-consumer threadName="Thread-9" threadId="000000000135F900" bytes="4445896" />
</allocation-stats>
<gc-op id="2393" type="mark" timems="1.037" contextid="2390" timestamp="2019-07-02T23:05:43.023">
  <trace-info objectcount="67371" scancount="59799" scanbytes="2308340" />
  <finalization candidates="124" enqueued="0" />
  <ownableSynchronizers candidates="3" cleared="0" />
  <references type="soft" candidates="84" cleared="0" enqueued="0" dynamicThreshold="20" maxThreshold="32" />
  <references type="weak" candidates="774" cleared="0" enqueued="0" />
  <references type="phantom" candidates="63" cleared="0" enqueued="0" />
  <stringconstants candidates="4574" cleared="0"  />
</gc-op>
<gc-op id="2394" type="sweep" timems="0.275" contextid="2390" timestamp="2019-07-02T23:05:43.024" />
<mem-info id="2395" free="11206824" total="17301504" percent="64">
  <mem type="tenure" free="11206824" total="17301504" percent="64" micro-fragmented="229120" macro-fragmented="0">
    <mem type="soa" free="11127288" total="17129472" percent="64" />
    <mem type="loa" free="79536" total="172032" percent="46" />
  </mem>
</mem-info>
<gc-op id="2396" type="compact" timems="4.375" contextid="2390" timestamp="2019-07-02T23:05:43.028">
  <compact-info movecount="27629" movebytes="1213984" reason="compact to aid heap contraction" />
</gc-op>
<heap-resize id="2397" type="contract" space="tenure" amount="131072" count="1" timems="0.073" reason="excess free space following gc" timestamp="2019-07-02T23:05:43.029" />
<gc-end id="2398" type="global" contextid="2390" durationms="6.387" usertimems="8.000" systemtimems="0.000" timestamp="2019-07-02T23:05:43.029" activeThreads="4">
  <mem-info id="2399" free="11286216" total="17170432" percent="65">
    <mem type="tenure" free="11286216" total="17170432" percent="65">
      <mem type="soa" free="11156168" total="16999424" percent="65" />
      <mem type="loa" free="130048" total="171008" percent="76" />
    </mem>
  </mem-info>
</gc-end>
<cycle-end id="2400" type="global" contextid="2390" timestamp="2019-07-02T23:05:43.029">
  <attribute name="GC Util" value="18" />
  <attribute name="CPU Util" value="39128342264277" />
  <attribute name="Time Running"value="3589"/>
  <attribute name="Number of cores"value="4"/>
</cycle-end>
<allocation-satisfied id="2401" threadId="000000000135BD00" bytesRequested="40" />
<af-end id="2402" timestamp="2019-07-02T23:05:43.029" threadId="000000000135C688" success="true" />
<exclusive-end id="2403" timestamp="2019-07-02T23:05:43.029" durationms="7.130" />

<exclusive-start id="2404" timestamp="2019-07-02T23:05:43.036" intervalms="13.915">
  <response-info timems="0.027" idlems="0.027" threads="0" lastid="000000000135F900" lastname="Thread-9" />
</exclusive-start>
<af-start id="2405" threadId="0000000001360288" totalBytesRequested="40" timestamp="2019-07-02T23:05:43.036" intervalms="13.928" />
<cycle-start id="2406" type="global" contextid="0" timestamp="2019-07-02T23:05:43.036" intervalms="13.939" />
  <attribute name="GC Util" value="18" />
  <attribute name="CPU Util" value="39128342264277" />
  <attribute name="Time Running"value="3589"/>
  <attribute name="Number of cores"value="4"/>
<gc-start id="2407" type="global" contextid="2406" timestamp="2019-07-02T23:05:43.036">
  <mem-info id="2408" free="130048" total="17170432" percent="0">
    <mem type="tenure" free="130048" total="17170432" percent="0">
      <mem type="soa" free="0" total="16999424" percent="0" />
      <mem type="loa" free="130048" total="171008" percent="76" />
    </mem>
  </mem-info>
</gc-start>
<allocation-stats totalBytes="11220016" >
  <allocated-bytes non-tlh="0" tlh="11220016" />
  <largest-consumer threadName="Thread-9" threadId="000000000135F900" bytes="4160864" />
</allocation-stats>
<gc-op id="2409" type="mark" timems="1.974" contextid="2406" timestamp="2019-07-02T23:05:43.038">
  <trace-info objectcount="69352" scancount="61785" scanbytes="2355948" />
  <finalization candidates="124" enqueued="0" />
  <ownableSynchronizers candidates="3" cleared="0" />
  <references type="soft" candidates="84" cleared="0" enqueued="0" dynamicThreshold="21" maxThreshold="32" />
  <references type="weak" candidates="774" cleared="0" enqueued="0" />
  <references type="phantom" candidates="63" cleared="0" enqueued="0" />
  <stringconstants candidates="4574" cleared="0"  />
</gc-op>
<gc-op id="2410" type="sweep" timems="0.703" contextid="2406" timestamp="2019-07-02T23:05:43.039" />
<heap-resize id="2411" type="contract" space="tenure" amount="131072" count="1" timems="0.069" reason="excess free space following gc" timestamp="2019-07-02T23:05:43.039" />
<gc-end id="2412" type="global" contextid="2406" durationms="3.298" usertimems="8.000" systemtimems="0.000" timestamp="2019-07-02T23:05:43.040" activeThreads="4">
  <mem-info id="2413" free="11001384" total="17039360" percent="64">
    <mem type="tenure" free="11001384" total="17039360" percent="64" micro-fragmented="44020" macro-fragmented="0">
      <mem type="soa" free="11001384" total="16869376" percent="65" />
      <mem type="loa" free="0" total="169984" percent="0" />
    </mem>
  </mem-info>
</gc-end>
<cycle-end id="2414" type="global" contextid="2406" timestamp="2019-07-02T23:05:43.040">
  <attribute name="GC Util" value="229" />
  <attribute name="CPU Util" value="9003062525777" />
  <attribute name="Time Running"value="3603"/>
  <attribute name="Number of cores"value="4"/>
</cycle-end>
<allocation-satisfied id="2415" threadId="000000000135F900" bytesRequested="40" />
<af-end id="2416" timestamp="2019-07-02T23:05:43.040" threadId="0000000001360288" success="true" />
<exclusive-end id="2417" timestamp="2019-07-02T23:05:43.040" durationms="3.935" />

<exclusive-start id="2418" timestamp="2019-07-02T23:05:43.047" intervalms="10.831">
  <response-info timems="0.024" idlems="0.024" threads="0" lastid="000000000135BD00" lastname="Thread-10" />
</exclusive-start>
<af-start id="2419" threadId="000000000135C688" totalBytesRequested="40" timestamp="2019-07-02T23:05:43.047" intervalms="10.847" />
<cycle-start id="2420" type="global" contextid="0" timestamp="2019-07-02T23:05:43.047" intervalms="10.850" />
  <attribute name="GC Util" value="229" />
  <attribute name="CPU Util" value="9003062525777" />
  <attribute name="Time Running"value="3603"/>
  <attribute name="Number of cores"value="4"/>
<gc-start id="2421" type="global" contextid="2420" timestamp="2019-07-02T23:05:43.047">
  <mem-info id="2422" free="0" total="17039360" percent="0">
    <mem type="tenure" free="0" total="17039360" percent="0">
      <mem type="soa" free="0" total="16869376" percent="0" />
      <mem type="loa" free="0" total="169984" percent="0" />
    </mem>
  </mem-info>
</gc-start>
<allocation-stats totalBytes="11000232" >
  <allocated-bytes non-tlh="0" tlh="11000232" />
  <largest-consumer threadName="Thread-9" threadId="000000000135F900" bytes="4067416" />
</allocation-stats>
<gc-op id="2423" type="mark" timems="1.183" contextid="2420" timestamp="2019-07-02T23:05:43.048">
  <trace-info objectcount="72061" scancount="64482" scanbytes="2420668" />
  <finalization candidates="124" enqueued="0" />
  <ownableSynchronizers candidates="3" cleared="0" />
  <references type="soft" candidates="84" cleared="0" enqueued="0" dynamicThreshold="20" maxThreshold="32" />
  <references type="weak" candidates="774" cleared="0" enqueued="0" />
  <references type="phantom" candidates="63" cleared="0" enqueued="0" />
  <stringconstants candidates="4574" cleared="0"  />
</gc-op>
<gc-op id="2424" type="sweep" timems="0.287" contextid="2420" timestamp="2019-07-02T23:05:43.049" />
<mem-info id="2425" free="10945784" total="17039360" percent="64">
  <mem type="tenure" free="10945784" total="17039360" percent="64" micro-fragmented="24361" macro-fragmented="0">
    <mem type="soa" free="10877688" total="16869376" percent="64" />
    <mem type="loa" free="68096" total="169984" percent="40" />
  </mem>
</mem-info>
<gc-op id="2426" type="compact" timems="3.515" contextid="2420" timestamp="2019-07-02T23:05:43.052">
  <compact-info movecount="10506" movebytes="390672" reason="compact to aid heap contraction" />
</gc-op>
<heap-resize id="2427" type="contract" space="tenure" amount="131072" count="1" timems="0.077" reason="excess free space following gc" timestamp="2019-07-02T23:05:43.053" />
<gc-end id="2428" type="global" contextid="2420" durationms="5.677" usertimems="8.000" systemtimems="0.000" timestamp="2019-07-02T23:05:43.053" activeThreads="4">
  <mem-info id="2429" free="10913792" total="16908288" percent="64">
    <mem type="tenure" free="10913792" total="16908288" percent="64">
      <mem type="soa" free="10783744" total="16739328" percent="64" />
      <mem type="loa" free="130048" total="168960" percent="76" />
    </mem>
  </mem-info>
</gc-end>
<cycle-end id="2430" type="global" contextid="2420" timestamp="2019-07-02T23:05:43.053">
  <attribute name="GC Util" value="16" />
  <attribute name="CPU Util" value="38001536670519" />
  <attribute name="Time Running"value="3614"/>
  <attribute name="Number of cores"value="4"/>
</cycle-end>
<allocation-satisfied id="2431" threadId="000000000135BD00" bytesRequested="40" />
<af-end id="2432" timestamp="2019-07-02T23:05:43.053" threadId="000000000135C688" success="true" />
<exclusive-end id="2433" timestamp="2019-07-02T23:05:43.053" durationms="6.430" />

<exclusive-start id="2434" timestamp="2019-07-02T23:05:43.060" intervalms="12.969">
  <response-info timems="0.035" idlems="0.035" threads="0" lastid="000000000135BD00" lastname="Thread-10" />
</exclusive-start>
<af-start id="2435" threadId="000000000135C688" totalBytesRequested="40" timestamp="2019-07-02T23:05:43.060" intervalms="12.903" />
<cycle-start id="2436" type="global" contextid="0" timestamp="2019-07-02T23:05:43.060" intervalms="12.858" />
  <attribute name="GC Util" value="16" />
  <attribute name="CPU Util" value="38001536670519" />
  <attribute name="Time Running"value="3614"/>
  <attribute name="Number of cores"value="4"/>
<gc-start id="2437" type="global" contextid="2436" timestamp="2019-07-02T23:05:43.060">
  <mem-info id="2438" free="130048" total="16908288" percent="0">
    <mem type="tenure" free="130048" total="16908288" percent="0">
      <mem type="soa" free="0" total="16739328" percent="0" />
      <mem type="loa" free="130048" total="168960" percent="76" />
    </mem>
  </mem-info>
</gc-start>
<allocation-stats totalBytes="10847208" >
  <allocated-bytes non-tlh="0" tlh="10847208" />
  <largest-consumer threadName="Thread-9" threadId="000000000135F900" bytes="3987808" />
</allocation-stats>
<gc-op id="2439" type="mark" timems="1.057" contextid="2436" timestamp="2019-07-02T23:05:43.061">
  <trace-info objectcount="66957" scancount="59388" scanbytes="2298308" />
  <finalization candidates="124" enqueued="0" />
  <ownableSynchronizers candidates="3" cleared="0" />
  <references type="soft" candidates="84" cleared="0" enqueued="0" dynamicThreshold="20" maxThreshold="32" />
  <references type="weak" candidates="774" cleared="0" enqueued="0" />
  <references type="phantom" candidates="63" cleared="0" enqueued="0" />
  <stringconstants candidates="4574" cleared="0"  />
</gc-op>
<gc-op id="2440" type="sweep" timems="0.241" contextid="2436" timestamp="2019-07-02T23:05:43.061" />
<heap-resize id="2441" type="contract" space="tenure" amount="131072" count="1" timems="0.091" reason="excess free space following gc" timestamp="2019-07-02T23:05:43.062" />
<gc-end id="2442" type="global" contextid="2436" durationms="1.782" usertimems="4.000" systemtimems="0.000" timestamp="2019-07-02T23:05:43.062" activeThreads="4">
  <mem-info id="2443" free="10700736" total="16777216" percent="63">
    <mem type="tenure" free="10700736" total="16777216" percent="63" micro-fragmented="71837" macro-fragmented="0">
      <mem type="soa" free="10700736" total="16610304" percent="64" />
      <mem type="loa" free="0" total="166912" percent="0" />
    </mem>
  </mem-info>
</gc-end>
<cycle-end id="2444" type="global" contextid="2436" timestamp="2019-07-02T23:05:43.062">
  <attribute name="GC Util" value="226" />
  <attribute name="CPU Util" value="16494887409279" />
  <attribute name="Time Running"value="3626"/>
  <attribute name="Number of cores"value="4"/>
</cycle-end>
<allocation-satisfied id="2445" threadId="000000000135BD00" bytesRequested="40" />
<af-end id="2446" timestamp="2019-07-02T23:05:43.062" threadId="000000000135C688" success="true" />
<exclusive-end id="2447" timestamp="2019-07-02T23:05:43.062" durationms="2.381" />

<exclusive-start id="2448" timestamp="2019-07-02T23:05:43.069" intervalms="9.293">
  <response-info timems="0.031" idlems="0.029" threads="1" lastid="0000000001354500" lastname="Thread-8" />
</exclusive-start>
<af-start id="2449" threadId="0000000001360288" totalBytesRequested="40" timestamp="2019-07-02T23:05:43.069" intervalms="9.303" />
<cycle-start id="2450" type="global" contextid="0" timestamp="2019-07-02T23:05:43.069" intervalms="9.304" />
  <attribute name="GC Util" value="226" />
  <attribute name="CPU Util" value="16494887409279" />
  <attribute name="Time Running"value="3626"/>
  <attribute name="Number of cores"value="4"/>
<gc-start id="2451" type="global" contextid="2450" timestamp="2019-07-02T23:05:43.069">
  <mem-info id="2452" free="0" total="16777216" percent="0">
    <mem type="tenure" free="0" total="16777216" percent="0">
      <mem type="soa" free="0" total="16610304" percent="0" />
      <mem type="loa" free="0" total="166912" percent="0" />
    </mem>
  </mem-info>
</gc-start>
<allocation-stats totalBytes="10699768" >
  <allocated-bytes non-tlh="0" tlh="10699768" />
  <largest-consumer threadName="Thread-9" threadId="000000000135F900" bytes="3950232" />
</allocation-stats>
<gc-op id="2453" type="mark" timems="1.981" contextid="2450" timestamp="2019-07-02T23:05:43.071">
  <trace-info objectcount="67551" scancount="59975" scanbytes="2312500" />
  <finalization candidates="124" enqueued="0" />
  <ownableSynchronizers candidates="3" cleared="0" />
  <references type="soft" candidates="84" cleared="0" enqueued="0" dynamicThreshold="20" maxThreshold="32" />
  <references type="weak" candidates="774" cleared="0" enqueued="0" />
  <references type="phantom" candidates="63" cleared="0" enqueued="0" />
  <stringconstants candidates="4574" cleared="0"  />
</gc-op>
<gc-op id="2454" type="sweep" timems="0.751" contextid="2450" timestamp="2019-07-02T23:05:43.072" />
<mem-info id="2455" free="10728056" total="16777216" percent="63">
  <mem type="tenure" free="10728056" total="16777216" percent="63" micro-fragmented="76873" macro-fragmented="0">
    <mem type="soa" free="10657728" total="16610304" percent="64" />
    <mem type="loa" free="70328" total="166912" percent="42" />
  </mem>
</mem-info>
<gc-op id="2456" type="compact" timems="5.927" contextid="2450" timestamp="2019-07-02T23:05:43.078">
  <compact-info movecount="27809" movebytes="1218144" reason="compact to aid heap contraction" />
</gc-op>
<heap-resize id="2457" type="contract" space="tenure" amount="131072" count="1" timems="0.080" reason="excess free space following gc" timestamp="2019-07-02T23:05:43.079" />
<gc-end id="2458" type="global" contextid="2450" durationms="9.546" usertimems="16.000" systemtimems="0.000" timestamp="2019-07-02T23:05:43.079" activeThreads="4">
  <mem-info id="2459" free="10762888" total="16646144" percent="64">
    <mem type="tenure" free="10762888" total="16646144" percent="64">
      <mem type="soa" free="10632840" total="16480256" percent="64" />
      <mem type="loa" free="130048" total="165888" percent="78" />
    </mem>
  </mem-info>
</gc-end>
<cycle-end id="2460" type="global" contextid="2450" timestamp="2019-07-02T23:05:43.079">
  <attribute name="GC Util" value="155" />
  <attribute name="CPU Util" value="19065850218828" />
  <attribute name="Time Running"value="3637"/>
  <attribute name="Number of cores"value="4"/>
</cycle-end>
<allocation-satisfied id="2461" threadId="000000000135F900" bytesRequested="40" />
<af-end id="2462" timestamp="2019-07-02T23:05:43.079" threadId="0000000001360288" success="true" />
<exclusive-end id="2463" timestamp="2019-07-02T23:05:43.079" durationms="10.295" />

<exclusive-start id="2464" timestamp="2019-07-02T23:05:43.086" intervalms="16.952">
  <response-info timems="0.038" idlems="0.021" threads="1" lastid="0000000001358100" lastname="Thread-7" />
</exclusive-start>
<af-start id="2465" threadId="0000000001354E88" totalBytesRequested="40" timestamp="2019-07-02T23:05:43.086" intervalms="17.005" />
<cycle-start id="2466" type="global" contextid="0" timestamp="2019-07-02T23:05:43.086" intervalms="17.054" />
  <attribute name="GC Util" value="155" />
  <attribute name="CPU Util" value="19065850218828" />
  <attribute name="Time Running"value="3637"/>
  <attribute name="Number of cores"value="4"/>
<gc-start id="2467" type="global" contextid="2466" timestamp="2019-07-02T23:05:43.086">
  <mem-info id="2468" free="130048" total="16646144" percent="0">
    <mem type="tenure" free="130048" total="16646144" percent="0">
      <mem type="soa" free="0" total="16480256" percent="0" />
      <mem type="loa" free="130048" total="165888" percent="78" />
    </mem>
  </mem-info>
</gc-start>
<allocation-stats totalBytes="10696992" >
  <allocated-bytes non-tlh="0" tlh="10696992" />
  <largest-consumer threadName="Thread-9" threadId="000000000135F900" bytes="3767872" />
</allocation-stats>
<gc-op id="2469" type="mark" timems="2.478" contextid="2466" timestamp="2019-07-02T23:05:43.089">
  <trace-info objectcount="64178" scancount="56615" scanbytes="2231692" />
  <finalization candidates="124" enqueued="0" />
  <ownableSynchronizers candidates="3" cleared="0" />
  <references type="soft" candidates="84" cleared="0" enqueued="0" dynamicThreshold="20" maxThreshold="32" />
  <references type="weak" candidates="774" cleared="0" enqueued="0" />
  <references type="phantom" candidates="63" cleared="0" enqueued="0" />
  <stringconstants candidates="4574" cleared="0"  />
</gc-op>
<gc-op id="2470" type="sweep" timems="0.961" contextid="2466" timestamp="2019-07-02T23:05:43.090" />
<heap-resize id="2471" type="contract" space="tenure" amount="131072" count="1" timems="0.068" reason="excess free space following gc" timestamp="2019-07-02T23:05:43.090" />
<gc-end id="2472" type="global" contextid="2466" durationms="3.989" usertimems="4.000" systemtimems="4.000" timestamp="2019-07-02T23:05:43.090" activeThreads="4">
  <mem-info id="2473" free="10633720" total="16515072" percent="64">
    <mem type="tenure" free="10633720" total="16515072" percent="64" micro-fragmented="75852" macro-fragmented="0">
      <mem type="soa" free="10562488" total="16350208" percent="64" />
      <mem type="loa" free="71232" total="164864" percent="43" />
    </mem>
  </mem-info>
</gc-end>
<cycle-end id="2474" type="global" contextid="2466" timestamp="2019-07-02T23:05:43.090">
  <attribute name="GC Util" value="249" />
  <attribute name="CPU Util" value="7335721977932" />
  <attribute name="Time Running"value="3654"/>
  <attribute name="Number of cores"value="4"/>
</cycle-end>
<allocation-satisfied id="2475" threadId="0000000001354500" bytesRequested="40" />
<af-end id="2476" timestamp="2019-07-02T23:05:43.091" threadId="0000000001354E88" success="true" />
<exclusive-end id="2477" timestamp="2019-07-02T23:05:43.091" durationms="4.817" />

<exclusive-start id="2478" timestamp="2019-07-02T23:05:43.097" intervalms="11.270">
  <response-info timems="0.023" idlems="0.023" threads="0" lastid="000000000135BD00" lastname="Thread-10" />
</exclusive-start>
<af-start id="2479" threadId="000000000135C688" totalBytesRequested="24" timestamp="2019-07-02T23:05:43.097" intervalms="11.254" />
<cycle-start id="2480" type="global" contextid="0" timestamp="2019-07-02T23:05:43.098" intervalms="11.263" />
  <attribute name="GC Util" value="249" />
  <attribute name="CPU Util" value="7335721977932" />
  <attribute name="Time Running"value="3654"/>
  <attribute name="Number of cores"value="4"/>
<gc-start id="2481" type="global" contextid="2480" timestamp="2019-07-02T23:05:43.098">
  <mem-info id="2482" free="71232" total="16515072" percent="0">
    <mem type="tenure" free="71232" total="16515072" percent="0">
      <mem type="soa" free="0" total="16350208" percent="0" />
      <mem type="loa" free="71232" total="164864" percent="43" />
    </mem>
  </mem-info>
</gc-start>
<allocation-stats totalBytes="10570488" >
  <allocated-bytes non-tlh="0" tlh="10570488" />
  <largest-consumer threadName="Thread-9" threadId="000000000135F900" bytes="4287336" />
</allocation-stats>
<gc-op id="2483" type="mark" timems="1.158" contextid="2480" timestamp="2019-07-02T23:05:43.099">
  <trace-info objectcount="64868" scancount="57302" scanbytes="2248292" />
  <finalization candidates="124" enqueued="0" />
  <ownableSynchronizers candidates="3" cleared="0" />
  <references type="soft" candidates="84" cleared="0" enqueued="0" dynamicThreshold="20" maxThreshold="32" />
  <references type="weak" candidates="774" cleared="0" enqueued="0" />
  <references type="phantom" candidates="63" cleared="0" enqueued="0" />
  <stringconstants candidates="4574" cleared="0"  />
</gc-op>
<gc-op id="2484" type="sweep" timems="0.307" contextid="2480" timestamp="2019-07-02T23:05:43.100" />
<mem-info id="2485" free="10629552" total="16515072" percent="64">
  <mem type="tenure" free="10629552" total="16515072" percent="64" micro-fragmented="108695" macro-fragmented="0">
    <mem type="soa" free="10543560" total="16350208" percent="64" />
    <mem type="loa" free="85992" total="164864" percent="52" />
  </mem>
</mem-info>
<gc-op id="2486" type="compact" timems="4.119" contextid="2480" timestamp="2019-07-02T23:05:43.104">
  <compact-info movecount="25033" movebytes="1151704" reason="compact to aid heap contraction" />
</gc-op>
<heap-resize id="2487" type="contract" space="tenure" amount="131072" count="1" timems="0.085" reason="excess free space following gc" timestamp="2019-07-02T23:05:43.104" />
<gc-end id="2488" type="global" contextid="2480" durationms="6.578" usertimems="8.000" systemtimems="4.000" timestamp="2019-07-02T23:05:43.104" activeThreads="4">
  <mem-info id="2489" free="10567000" total="16384000" percent="64">
    <mem type="tenure" free="10567000" total="16384000" percent="64">
      <mem type="soa" free="10436952" total="16220160" percent="64" />
      <mem type="loa" free="130048" total="163840" percent="79" />
    </mem>
  </mem-info>
</gc-end>
<cycle-end id="2490" type="global" contextid="2480" timestamp="2019-07-02T23:05:43.104">
  <attribute name="GC Util" value="16" />
  <attribute name="CPU Util" value="35311801637906" />
  <attribute name="Time Running"value="3665"/>
  <attribute name="Number of cores"value="4"/>
</cycle-end>
<allocation-satisfied id="2491" threadId="000000000135BD00" bytesRequested="24" />
<af-end id="2492" timestamp="2019-07-02T23:05:43.105" threadId="000000000135C688" success="true" />
<exclusive-end id="2493" timestamp="2019-07-02T23:05:43.105" durationms="7.325" />

<exclusive-start id="2494" timestamp="2019-07-02T23:05:43.111" intervalms="13.746">
  <response-info timems="0.033" idlems="0.019" threads="1" lastid="0000000001354500" lastname="Thread-8" />
</exclusive-start>
<af-start id="2495" threadId="0000000001358A88" totalBytesRequested="40" timestamp="2019-07-02T23:05:43.111" intervalms="13.753" />
<cycle-start id="2496" type="global" contextid="0" timestamp="2019-07-02T23:05:43.111" intervalms="13.741" />
  <attribute name="GC Util" value="16" />
  <attribute name="CPU Util" value="35311801637906" />
  <attribute name="Time Running"value="3665"/>
  <attribute name="Number of cores"value="4"/>
<gc-start id="2497" type="global" contextid="2496" timestamp="2019-07-02T23:05:43.111">
  <mem-info id="2498" free="130048" total="16384000" percent="0">
    <mem type="tenure" free="130048" total="16384000" percent="0">
      <mem type="soa" free="0" total="16220160" percent="0" />
      <mem type="loa" free="130048" total="163840" percent="79" />
    </mem>
  </mem-info>
</gc-start>
<allocation-stats totalBytes="10502400" >
  <allocated-bytes non-tlh="0" tlh="10502400" />
  <largest-consumer threadName="Thread-9" threadId="000000000135F900" bytes="4161504" />
</allocation-stats>
<gc-op id="2499" type="mark" timems="1.996" contextid="2496" timestamp="2019-07-02T23:05:43.113">
  <trace-info objectcount="65560" scancount="57989" scanbytes="2264788" />
  <finalization candidates="124" enqueued="0" />
  <ownableSynchronizers candidates="3" cleared="0" />
  <references type="soft" candidates="84" cleared="0" enqueued="0" dynamicThreshold="20" maxThreshold="32" />
  <references type="weak" candidates="774" cleared="0" enqueued="0" />
  <references type="phantom" candidates="63" cleared="0" enqueued="0" />
  <stringconstants candidates="4574" cleared="0"  />
</gc-op>
<gc-op id="2500" type="sweep" timems="0.725" contextid="2496" timestamp="2019-07-02T23:05:43.114" />
<heap-resize id="2501" type="contract" space="tenure" amount="131072" count="1" timems="0.044" reason="excess free space following gc" timestamp="2019-07-02T23:05:43.114" />
<gc-end id="2502" type="global" contextid="2496" durationms="3.162" usertimems="4.000" systemtimems="4.000" timestamp="2019-07-02T23:05:43.114" activeThreads="4">
  <mem-info id="2503" free="10412808" total="16252928" percent="64">
    <mem type="tenure" free="10412808" total="16252928" percent="64" micro-fragmented="8749" macro-fragmented="0">
      <mem type="soa" free="10344304" total="16091136" percent="64" />
      <mem type="loa" free="68504" total="161792" percent="42" />
    </mem>
  </mem-info>
</gc-end>
<cycle-end id="2504" type="global" contextid="2496" timestamp="2019-07-02T23:05:43.115">
  <attribute name="GC Util" value="237" />
  <attribute name="CPU Util" value="8827688483260" />
  <attribute name="Time Running"value="3678"/>
  <attribute name="Number of cores"value="4"/>
</cycle-end>
<allocation-satisfied id="2505" threadId="0000000001358100" bytesRequested="40" />
<af-end id="2506" timestamp="2019-07-02T23:05:43.115" threadId="0000000001358A88" success="true" />
<exclusive-end id="2507" timestamp="2019-07-02T23:05:43.115" durationms="3.938" />

<exclusive-start id="2508" timestamp="2019-07-02T23:05:43.121" intervalms="10.031">
  <response-info timems="0.056" idlems="0.054" threads="2" lastid="000000000135F900" lastname="Thread-9" />
</exclusive-start>
<af-start id="2509" threadId="000000000135C688" totalBytesRequested="24" timestamp="2019-07-02T23:05:43.121" intervalms="10.030" />
<cycle-start id="2510" type="global" contextid="0" timestamp="2019-07-02T23:05:43.121" intervalms="10.058" />
  <attribute name="GC Util" value="237" />
  <attribute name="CPU Util" value="8827688483260" />
  <attribute name="Time Running"value="3678"/>
  <attribute name="Number of cores"value="4"/>
<gc-start id="2511" type="global" contextid="2510" timestamp="2019-07-02T23:05:43.121">
  <mem-info id="2512" free="68504" total="16252928" percent="0">
    <mem type="tenure" free="68504" total="16252928" percent="0">
      <mem type="soa" free="0" total="16091136" percent="0" />
      <mem type="loa" free="68504" total="161792" percent="42" />
    </mem>
  </mem-info>
</gc-start>
<allocation-stats totalBytes="10343616" >
  <allocated-bytes non-tlh="0" tlh="10343616" />
  <largest-consumer threadName="Thread-9" threadId="000000000135F900" bytes="3886552" />
</allocation-stats>
<gc-op id="2513" type="mark" timems="1.042" contextid="2510" timestamp="2019-07-02T23:05:43.123">
  <trace-info objectcount="66149" scancount="58576" scanbytes="2279084" />
  <finalization candidates="124" enqueued="0" />
  <ownableSynchronizers candidates="3" cleared="0" />
  <references type="soft" candidates="84" cleared="0" enqueued="0" dynamicThreshold="20" maxThreshold="32" />
  <references type="weak" candidates="774" cleared="0" enqueued="0" />
  <references type="phantom" candidates="63" cleared="0" enqueued="0" />
  <stringconstants candidates="4574" cleared="0"  />
</gc-op>
<gc-op id="2514" type="sweep" timems="0.280" contextid="2510" timestamp="2019-07-02T23:05:43.123" />
<heap-resize id="2515" type="contract" space="tenure" amount="65536" count="1" timems="0.084" reason="excess free space following gc" timestamp="2019-07-02T23:05:43.123" />
<gc-end id="2516" type="global" contextid="2510" durationms="2.031" usertimems="4.000" systemtimems="0.000" timestamp="2019-07-02T23:05:43.123" activeThreads="4">
  <mem-info id="2517" free="10253264" total="16187392" percent="63">
    <mem type="tenure" free="10253264" total="16187392" percent="63" micro-fragmented="8740" macro-fragmented="0">
      <mem type="soa" free="10253264" total="16025600" percent="63" />
      <mem type="loa" free="0" total="161792" percent="0" />
    </mem>
  </mem-info>
</gc-end>
<cycle-end id="2518" type="global" contextid="2510" timestamp="2019-07-02T23:05:43.124">
  <attribute name="GC Util" value="220" />
  <attribute name="CPU Util" value="16284661931512" />
  <attribute name="Time Running"value="3688"/>
  <attribute name="Number of cores"value="4"/>
</cycle-end>
<allocation-satisfied id="2519" threadId="000000000135BD00" bytesRequested="24" />
<af-end id="2520" timestamp="2019-07-02T23:05:43.124" threadId="000000000135C688" success="true" />
<exclusive-end id="2521" timestamp="2019-07-02T23:05:43.124" durationms="2.725" />

<exclusive-start id="2522" timestamp="2019-07-02T23:05:43.130" intervalms="9.253">
  <response-info timems="0.018" idlems="0.018" threads="0" lastid="000000000135BD00" lastname="Thread-10" />
</exclusive-start>
<af-start id="2523" threadId="000000000135C688" totalBytesRequested="40" timestamp="2019-07-02T23:05:43.130" intervalms="9.271" />
<cycle-start id="2524" type="global" contextid="0" timestamp="2019-07-02T23:05:43.131" intervalms="9.278" />
  <attribute name="GC Util" value="220" />
  <attribute name="CPU Util" value="16284661931512" />
  <attribute name="Time Running"value="3688"/>
  <attribute name="Number of cores"value="4"/>
<gc-start id="2525" type="global" contextid="2524" timestamp="2019-07-02T23:05:43.131">
  <mem-info id="2526" free="0" total="16187392" percent="0">
    <mem type="tenure" free="0" total="16187392" percent="0">
      <mem type="soa" free="0" total="16025600" percent="0" />
      <mem type="loa" free="0" total="161792" percent="0" />
    </mem>
  </mem-info>
</gc-start>
<allocation-stats totalBytes="10250408" >
  <allocated-bytes non-tlh="0" tlh="10250408" />
  <largest-consumer threadName="Thread-9" threadId="000000000135F900" bytes="4100920" />
</allocation-stats>
<gc-op id="2527" type="mark" timems="1.141" contextid="2524" timestamp="2019-07-02T23:05:43.132">
  <trace-info objectcount="66471" scancount="58898" scanbytes="2286380" />
  <finalization candidates="124" enqueued="0" />
  <ownableSynchronizers candidates="3" cleared="0" />
  <references type="soft" candidates="84" cleared="0" enqueued="0" dynamicThreshold="20" maxThreshold="32" />
  <references type="weak" candidates="774" cleared="0" enqueued="0" />
  <references type="phantom" candidates="63" cleared="0" enqueued="0" />
  <stringconstants candidates="4574" cleared="0"  />
</gc-op>
<gc-op id="2528" type="sweep" timems="0.300" contextid="2524" timestamp="2019-07-02T23:05:43.132" />
<mem-info id="2529" free="10222936" total="16187392" percent="63">
  <mem type="tenure" free="10222936" total="16187392" percent="63" micro-fragmented="9217" macro-fragmented="0">
    <mem type="soa" free="10222936" total="16025600" percent="63" />
    <mem type="loa" free="0" total="161792" percent="0" />
  </mem>
</mem-info>
<gc-op id="2530" type="compact" timems="3.283" contextid="2524" timestamp="2019-07-02T23:05:43.136">
  <compact-info movecount="8130" movebytes="333520" reason="compact to aid heap contraction" />
</gc-op>
<heap-resize id="2531" type="contract" space="tenure" amount="131072" count="1" timems="0.080" reason="excess free space following gc" timestamp="2019-07-02T23:05:43.136" />
<gc-end id="2532" type="global" contextid="2524" durationms="5.587" usertimems="8.000" systemtimems="0.000" timestamp="2019-07-02T23:05:43.136" activeThreads="4">
  <mem-info id="2533" free="10204304" total="16056320" percent="63">
    <mem type="tenure" free="10204304" total="16056320" percent="63">
      <mem type="soa" free="10075280" total="15896576" percent="63" />
      <mem type="loa" free="129024" total="159744" percent="80" />
    </mem>
  </mem-info>
</gc-end>
<cycle-end id="2534" type="global" contextid="2524" timestamp="2019-07-02T23:05:43.136">
  <attribute name="GC Util" value="16" />
  <attribute name="CPU Util" value="38941992422236" />
  <attribute name="Time Running"value="3697"/>
  <attribute name="Number of cores"value="4"/>
</cycle-end>
<allocation-satisfied id="2535" threadId="000000000135BD00" bytesRequested="40" />
<af-end id="2536" timestamp="2019-07-02T23:05:43.137" threadId="000000000135C688" success="true" />
<exclusive-end id="2537" timestamp="2019-07-02T23:05:43.137" durationms="6.436" />

<exclusive-start id="2538" timestamp="2019-07-02T23:05:43.142" intervalms="12.103">
  <response-info timems="0.021" idlems="0.021" threads="0" lastid="000000000135BD00" lastname="Thread-10" />
</exclusive-start>
<af-start id="2539" threadId="000000000135C688" totalBytesRequested="40" timestamp="2019-07-02T23:05:43.143" intervalms="12.105" />
<cycle-start id="2540" type="global" contextid="0" timestamp="2019-07-02T23:05:43.143" intervalms="12.101" />
  <attribute name="GC Util" value="16" />
  <attribute name="CPU Util" value="38941992422236" />
  <attribute name="Time Running"value="3697"/>
  <attribute name="Number of cores"value="4"/>
<gc-start id="2541" type="global" contextid="2540" timestamp="2019-07-02T23:05:43.143">
  <mem-info id="2542" free="129024" total="16056320" percent="0">
    <mem type="tenure" free="129024" total="16056320" percent="0">
      <mem type="soa" free="0" total="15896576" percent="0" />
      <mem type="loa" free="129024" total="159744" percent="80" />
    </mem>
  </mem-info>
</gc-start>
<allocation-stats totalBytes="10140088" >
  <allocated-bytes non-tlh="0" tlh="10140088" />
  <largest-consumer threadName="Thread-9" threadId="000000000135F900" bytes="3623832" />
</allocation-stats>
<gc-op id="2543" type="mark" timems="1.060" contextid="2540" timestamp="2019-07-02T23:05:43.144">
  <trace-info objectcount="67230" scancount="59664" scanbytes="2304988" />
  <finalization candidates="124" enqueued="0" />
  <ownableSynchronizers candidates="3" cleared="0" />
  <references type="soft" candidates="84" cleared="0" enqueued="0" dynamicThreshold="20" maxThreshold="32" />
  <references type="weak" candidates="774" cleared="0" enqueued="0" />
  <references type="phantom" candidates="63" cleared="0" enqueued="0" />
  <stringconstants candidates="4574" cleared="0"  />
</gc-op>
<gc-op id="2544" type="sweep" timems="0.242" contextid="2540" timestamp="2019-07-02T23:05:43.144" />
<heap-resize id="2545" type="contract" space="tenure" amount="131072" count="1" timems="0.076" reason="excess free space following gc" timestamp="2019-07-02T23:05:43.145" />
<gc-end id="2546" type="global" contextid="2540" durationms="1.968" usertimems="4.000" systemtimems="0.000" timestamp="2019-07-02T23:05:43.145" activeThreads="4">
  <mem-info id="2547" free="10063752" total="15925248" percent="63">
    <mem type="tenure" free="10063752" total="15925248" percent="63" micro-fragmented="9239" macro-fragmented="0">
      <mem type="soa" free="9975280" total="15766528" percent="63" />
      <mem type="loa" free="88472" total="158720" percent="55" />
    </mem>
  </mem-info>
</gc-end>
<cycle-end id="2548" type="global" contextid="2540" timestamp="2019-07-02T23:05:43.145">
  <attribute name="GC Util" value="211" />
  <attribute name="CPU Util" value="16038276016275" />
  <attribute name="Time Running"value="3709"/>
  <attribute name="Number of cores"value="4"/>
</cycle-end>
<allocation-satisfied id="2549" threadId="000000000135BD00" bytesRequested="40" />
<af-end id="2550" timestamp="2019-07-02T23:05:43.145" threadId="000000000135C688" success="true" />
<exclusive-end id="2551" timestamp="2019-07-02T23:05:43.145" durationms="2.670" />

<exclusive-start id="2552" timestamp="2019-07-02T23:05:43.150" intervalms="7.282">
  <response-info timems="0.021" idlems="0.021" threads="0" lastid="000000000135F900" lastname="Thread-9" />
</exclusive-start>
<af-start id="2553" threadId="0000000001360288" totalBytesRequested="40" timestamp="2019-07-02T23:05:43.150" intervalms="7.302" />
<cycle-start id="2554" type="global" contextid="0" timestamp="2019-07-02T23:05:43.150" intervalms="7.258" />
  <attribute name="GC Util" value="211" />
  <attribute name="CPU Util" value="16038276016275" />
  <attribute name="Time Running"value="3709"/>
  <attribute name="Number of cores"value="4"/>
<gc-start id="2555" type="global" contextid="2554" timestamp="2019-07-02T23:05:43.150">
  <mem-info id="2556" free="88472" total="15925248" percent="0">
    <mem type="tenure" free="88472" total="15925248" percent="0">
      <mem type="soa" free="0" total="15766528" percent="0" />
      <mem type="loa" free="88472" total="158720" percent="55" />
    </mem>
  </mem-info>
</gc-start>
<allocation-stats totalBytes="9973824" >
  <allocated-bytes non-tlh="0" tlh="9973824" />
  <largest-consumer threadName="Thread-9" threadId="000000000135F900" bytes="2824816" />
</allocation-stats>
<gc-op id="2557" type="mark" timems="2.373" contextid="2554" timestamp="2019-07-02T23:05:43.153">
  <trace-info objectcount="67746" scancount="60168" scanbytes="2317244" />
  <finalization candidates="124" enqueued="0" />
  <ownableSynchronizers candidates="3" cleared="0" />
  <references type="soft" candidates="84" cleared="0" enqueued="0" dynamicThreshold="20" maxThreshold="32" />
  <references type="weak" candidates="774" cleared="0" enqueued="0" />
  <references type="phantom" candidates="63" cleared="0" enqueued="0" />
  <stringconstants candidates="4574" cleared="0"  />
</gc-op>
<gc-op id="2558" type="sweep" timems="0.780" contextid="2554" timestamp="2019-07-02T23:05:43.153" />
<heap-resize id="2559" type="contract" space="tenure" amount="131072" count="1" timems="0.091" reason="excess free space following gc" timestamp="2019-07-02T23:05:43.154" />
<gc-end id="2560" type="global" contextid="2554" durationms="3.804" usertimems="8.000" systemtimems="0.000" timestamp="2019-07-02T23:05:43.154" activeThreads="4">
  <mem-info id="2561" free="9826048" total="15794176" percent="62">
    <mem type="tenure" free="9826048" total="15794176" percent="62" micro-fragmented="22029" macro-fragmented="0">
      <mem type="soa" free="9826048" total="15636480" percent="62" />
      <mem type="loa" free="0" total="157696" percent="0" />
    </mem>
  </mem-info>
</gc-end>
<cycle-end id="2562" type="global" contextid="2554" timestamp="2019-07-02T23:05:43.154">
  <attribute name="GC Util" value="226" />
  <attribute name="CPU Util" value="7572057633711" />
  <attribute name="Time Running"value="3718"/>
  <attribute name="Number of cores"value="4"/>
</cycle-end>
<allocation-satisfied id="2563" threadId="000000000135F900" bytesRequested="40" />
<af-end id="2564" timestamp="2019-07-02T23:05:43.154" threadId="0000000001360288" success="true" />
<exclusive-end id="2565" timestamp="2019-07-02T23:05:43.154" durationms="4.620" />

<exclusive-start id="2566" timestamp="2019-07-02T23:05:43.160" intervalms="10.167">
  <response-info timems="0.033" idlems="0.033" threads="0" lastid="000000000135F900" lastname="Thread-9" />
</exclusive-start>
<af-start id="2567" threadId="0000000001360288" totalBytesRequested="40" timestamp="2019-07-02T23:05:43.160" intervalms="10.121" />
<cycle-start id="2568" type="global" contextid="0" timestamp="2019-07-02T23:05:43.160" intervalms="10.126" />
  <attribute name="GC Util" value="226" />
  <attribute name="CPU Util" value="7572057633711" />
  <attribute name="Time Running"value="3718"/>
  <attribute name="Number of cores"value="4"/>
<gc-start id="2569" type="global" contextid="2568" timestamp="2019-07-02T23:05:43.160">
  <mem-info id="2570" free="0" total="15794176" percent="0">
    <mem type="tenure" free="0" total="15794176" percent="0">
      <mem type="soa" free="0" total="15636480" percent="0" />
      <mem type="loa" free="0" total="157696" percent="0" />
    </mem>
  </mem-info>
</gc-start>
<allocation-stats totalBytes="9822672" >
  <allocated-bytes non-tlh="0" tlh="9822672" />
  <largest-consumer threadName="Thread-9" threadId="000000000135F900" bytes="3433168" />
</allocation-stats>
<gc-op id="2571" type="mark" timems="2.144" contextid="2568" timestamp="2019-07-02T23:05:43.162">
  <trace-info objectcount="68323" scancount="60742" scanbytes="2331164" />
  <finalization candidates="124" enqueued="0" />
  <ownableSynchronizers candidates="3" cleared="0" />
  <references type="soft" candidates="84" cleared="0" enqueued="0" dynamicThreshold="19" maxThreshold="32" />
  <references type="weak" candidates="774" cleared="0" enqueued="0" />
  <references type="phantom" candidates="63" cleared="0" enqueued="0" />
  <stringconstants candidates="4574" cleared="0"  />
</gc-op>
<gc-op id="2572" type="sweep" timems="0.799" contextid="2568" timestamp="2019-07-02T23:05:43.163" />
<mem-info id="2573" free="9778272" total="15794176" percent="61">
  <mem type="tenure" free="9778272" total="15794176" percent="61" micro-fragmented="22324" macro-fragmented="0">
    <mem type="soa" free="9778272" total="15636480" percent="62" />
    <mem type="loa" free="0" total="157696" percent="0" />
  </mem>
</mem-info>
<gc-op id="2574" type="compact" timems="5.007" contextid="2568" timestamp="2019-07-02T23:05:43.169">
  <compact-info movecount="3420" movebytes="83440" reason="compact to aid heap contraction" />
</gc-op>
<heap-resize id="2575" type="contract" space="tenure" amount="131072" count="1" timems="0.067" reason="excess free space following gc" timestamp="2019-07-02T23:05:43.169" />
<gc-end id="2576" type="global" contextid="2568" durationms="8.820" usertimems="16.000" systemtimems="0.000" timestamp="2019-07-02T23:05:43.169" activeThreads="4">
  <mem-info id="2577" free="9770400" total="15663104" percent="62">
    <mem type="tenure" free="9770400" total="15663104" percent="62">
      <mem type="soa" free="9641376" total="15507456" percent="62" />
      <mem type="loa" free="129024" total="155648" percent="82" />
    </mem>
  </mem-info>
</gc-end>
<cycle-end id="2578" type="global" contextid="2568" timestamp="2019-07-02T23:05:43.169">
  <attribute name="GC Util" value="131" />
  <attribute name="CPU Util" value="16934011722795" />
  <attribute name="Time Running"value="3728"/>
  <attribute name="Number of cores"value="4"/>
</cycle-end>
<allocation-satisfied id="2579" threadId="000000000135F900" bytesRequested="40" />
<af-end id="2580" timestamp="2019-07-02T23:05:43.169" threadId="0000000001360288" success="true" />
<exclusive-end id="2581" timestamp="2019-07-02T23:05:43.169" durationms="9.561" />

<exclusive-start id="2582" timestamp="2019-07-02T23:05:43.174" intervalms="14.308">
  <response-info timems="0.026" idlems="0.026" threads="1" lastid="0000000001354500" lastname="Thread-8" />
</exclusive-start>
<af-start id="2583" threadId="0000000001358A88" totalBytesRequested="40" timestamp="2019-07-02T23:05:43.174" intervalms="14.300" />
<cycle-start id="2584" type="global" contextid="0" timestamp="2019-07-02T23:05:43.174" intervalms="14.301" />
  <attribute name="GC Util" value="131" />
  <attribute name="CPU Util" value="16934011722795" />
  <attribute name="Time Running"value="3728"/>
  <attribute name="Number of cores"value="4"/>
<gc-start id="2585" type="global" contextid="2584" timestamp="2019-07-02T23:05:43.174">
  <mem-info id="2586" free="129024" total="15663104" percent="0">
    <mem type="tenure" free="129024" total="15663104" percent="0">
      <mem type="soa" free="0" total="15507456" percent="0" />
      <mem type="loa" free="129024" total="155648" percent="82" />
    </mem>
  </mem-info>
</gc-start>
<allocation-stats totalBytes="9705256" >
  <allocated-bytes non-tlh="0" tlh="9705256" />
  <largest-consumer threadName="Thread-9" threadId="000000000135F900" bytes="2857968" />
</allocation-stats>
<gc-op id="2587" type="mark" timems="2.079" contextid="2584" timestamp="2019-07-02T23:05:43.177">
  <trace-info objectcount="68905" scancount="61337" scanbytes="2345156" />
  <finalization candidates="124" enqueued="0" />
  <ownableSynchronizers candidates="3" cleared="0" />
  <references type="soft" candidates="84" cleared="0" enqueued="0" dynamicThreshold="19" maxThreshold="32" />
  <references type="weak" candidates="774" cleared="0" enqueued="0" />
  <references type="phantom" candidates="63" cleared="0" enqueued="0" />
  <stringconstants candidates="4574" cleared="0"  />
</gc-op>
<gc-op id="2588" type="sweep" timems="0.734" contextid="2584" timestamp="2019-07-02T23:05:43.177" />
<heap-resize id="2589" type="contract" space="tenure" amount="131072" count="1" timems="0.073" reason="excess free space following gc" timestamp="2019-07-02T23:05:43.178" />
<gc-end id="2590" type="global" contextid="2584" durationms="3.212" usertimems="8.000" systemtimems="0.000" timestamp="2019-07-02T23:05:43.178" activeThreads="4">
  <mem-info id="2591" free="9632720" total="15532032" percent="62">
    <mem type="tenure" free="9632720" total="15532032" percent="62" micro-fragmented="6687" macro-fragmented="0">
      <mem type="soa" free="9552440" total="15377408" percent="62" />
      <mem type="loa" free="80280" total="154624" percent="51" />
    </mem>
  </mem-info>
</gc-end>
<cycle-end id="2592" type="global" contextid="2584" timestamp="2019-07-02T23:05:43.178">
  <attribute name="GC Util" value="270" />
  <attribute name="CPU Util" value="8705425273778" />
  <attribute name="Time Running"value="3741"/>
  <attribute name="Number of cores"value="4"/>
</cycle-end>
<allocation-satisfied id="2593" threadId="0000000001358100" bytesRequested="40" />
<af-end id="2594" timestamp="2019-07-02T23:05:43.178" threadId="0000000001358A88" success="true" />
<exclusive-end id="2595" timestamp="2019-07-02T23:05:43.178" durationms="3.818" />

<exclusive-start id="2596" timestamp="2019-07-02T23:05:43.182" intervalms="8.182">
  <response-info timems="0.022" idlems="0.022" threads="0" lastid="0000000001358100" lastname="Thread-7" />
</exclusive-start>
<af-start id="2597" threadId="0000000001358A88" totalBytesRequested="24" timestamp="2019-07-02T23:05:43.182" intervalms="8.132" />
<cycle-start id="2598" type="global" contextid="0" timestamp="2019-07-02T23:05:43.182" intervalms="8.075" />
  <attribute name="GC Util" value="270" />
  <attribute name="CPU Util" value="8705425273778" />
  <attribute name="Time Running"value="3741"/>
  <attribute name="Number of cores"value="4"/>
<gc-start id="2599" type="global" contextid="2598" timestamp="2019-07-02T23:05:43.183">
  <mem-info id="2600" free="80280" total="15532032" percent="0">
    <mem type="tenure" free="80280" total="15532032" percent="0">
      <mem type="soa" free="0" total="15377408" percent="0" />
      <mem type="loa" free="80280" total="154624" percent="51" />
    </mem>
  </mem-info>
</gc-start>
<allocation-stats totalBytes="9552008" >
  <allocated-bytes non-tlh="0" tlh="9552008" />
  <largest-consumer threadName="Thread-7" threadId="0000000001358100" bytes="2753752" />
</allocation-stats>
<gc-op id="2601" type="mark" timems="1.683" contextid="2598" timestamp="2019-07-02T23:05:43.184">
  <trace-info objectcount="64734" scancount="57149" scanbytes="2245100" />
  <finalization candidates="124" enqueued="0" />
  <ownableSynchronizers candidates="3" cleared="0" />
  <references type="soft" candidates="84" cleared="0" enqueued="0" dynamicThreshold="19" maxThreshold="32" />
  <references type="weak" candidates="774" cleared="0" enqueued="0" />
  <references type="phantom" candidates="63" cleared="0" enqueued="0" />
  <stringconstants candidates="4574" cleared="0"  />
</gc-op>
<gc-op id="2602" type="sweep" timems="0.734" contextid="2598" timestamp="2019-07-02T23:05:43.185" />
<heap-resize id="2603" type="contract" space="tenure" amount="131072" count="1" timems="0.058" reason="excess free space following gc" timestamp="2019-07-02T23:05:43.185" />
<gc-end id="2604" type="global" contextid="2598" durationms="2.794" usertimems="8.000" systemtimems="0.000" timestamp="2019-07-02T23:05:43.185" activeThreads="4">
  <mem-info id="2605" free="9490248" total="15400960" percent="61">
    <mem type="tenure" free="9490248" total="15400960" percent="61" micro-fragmented="30893" macro-fragmented="0">
      <mem type="soa" free="9490248" total="15247360" percent="62" />
      <mem type="loa" free="0" total="153600" percent="0" />
    </mem>
  </mem-info>
</gc-end>
<cycle-end id="2606" type="global" contextid="2598" timestamp="2019-07-02T23:05:43.185">
  <attribute name="GC Util" value="254" />
  <attribute name="CPU Util" value="10668383117459" />
  <attribute name="Time Running"value="3749"/>
  <attribute name="Number of cores"value="4"/>
</cycle-end>
<allocation-satisfied id="2607" threadId="0000000001358100" bytesRequested="24" />
<af-end id="2608" timestamp="2019-07-02T23:05:43.186" threadId="0000000001358A88" success="true" />
<exclusive-end id="2609" timestamp="2019-07-02T23:05:43.186" durationms="3.267" />

<exclusive-start id="2610" timestamp="2019-07-02T23:05:43.191" intervalms="8.871">
  <response-info timems="0.035" idlems="0.035" threads="0" lastid="000000000135F900" lastname="Thread-9" />
</exclusive-start>
<af-start id="2611" threadId="0000000001360288" totalBytesRequested="40" timestamp="2019-07-02T23:05:43.191" intervalms="8.894" />
<cycle-start id="2612" type="global" contextid="0" timestamp="2019-07-02T23:05:43.191" intervalms="8.908" />
  <attribute name="GC Util" value="254" />
  <attribute name="CPU Util" value="10668383117459" />
  <attribute name="Time Running"value="3749"/>
  <attribute name="Number of cores"value="4"/>
<gc-start id="2613" type="global" contextid="2612" timestamp="2019-07-02T23:05:43.191">
  <mem-info id="2614" free="0" total="15400960" percent="0">
    <mem type="tenure" free="0" total="15400960" percent="0">
      <mem type="soa" free="0" total="15247360" percent="0" />
      <mem type="loa" free="0" total="153600" percent="0" />
    </mem>
  </mem-info>
</gc-start>
<allocation-stats totalBytes="9489648" >
  <allocated-bytes non-tlh="0" tlh="9489648" />
  <largest-consumer threadName="Thread-7" threadId="0000000001358100" bytes="3331080" />
</allocation-stats>
<gc-op id="2615" type="mark" timems="2.511" contextid="2612" timestamp="2019-07-02T23:05:43.194">
  <trace-info objectcount="65314" scancount="57747" scanbytes="2259108" />
  <finalization candidates="124" enqueued="0" />
  <ownableSynchronizers candidates="3" cleared="0" />
  <references type="soft" candidates="84" cleared="0" enqueued="0" dynamicThreshold="19" maxThreshold="32" />
  <references type="weak" candidates="774" cleared="0" enqueued="0" />
  <references type="phantom" candidates="63" cleared="0" enqueued="0" />
  <stringconstants candidates="4574" cleared="0"  />
</gc-op>
<gc-op id="2616" type="sweep" timems="1.052" contextid="2612" timestamp="2019-07-02T23:05:43.195" />
<gc-end id="2617" type="global" contextid="2612" durationms="3.872" usertimems="4.000" systemtimems="8.000" timestamp="2019-07-02T23:05:43.195" activeThreads="4">
  <mem-info id="2618" free="9435568" total="15400960" percent="61">
    <mem type="tenure" free="9435568" total="15400960" percent="61" micro-fragmented="57366" macro-fragmented="0">
      <mem type="soa" free="9435568" total="15247360" percent="61" />
      <mem type="loa" free="0" total="153600" percent="0" />
    </mem>
  </mem-info>
</gc-end>
<cycle-end id="2619" type="global" contextid="2612" timestamp="2019-07-02T23:05:43.195">
  <attribute name="GC Util" value="240" />
  <attribute name="CPU Util" value="7088423779306" />
  <attribute name="Time Running"value="3759"/>
  <attribute name="Number of cores"value="4"/>
</cycle-end>
<allocation-satisfied id="2620" threadId="000000000135F900" bytesRequested="40" />
<af-end id="2621" timestamp="2019-07-02T23:05:43.196" threadId="0000000001360288" success="true" />
<exclusive-end id="2622" timestamp="2019-07-02T23:05:43.196" durationms="4.429" />

<exclusive-start id="2623" timestamp="2019-07-02T23:05:43.202" intervalms="10.301">
  <response-info timems="0.024" idlems="0.024" threads="0" lastid="000000000135BD00" lastname="Thread-10" />
</exclusive-start>
<af-start id="2624" threadId="000000000135C688" totalBytesRequested="24" timestamp="2019-07-02T23:05:43.202" intervalms="10.347" />
<cycle-start id="2625" type="global" contextid="0" timestamp="2019-07-02T23:05:43.202" intervalms="10.393" />
  <attribute name="GC Util" value="240" />
  <attribute name="CPU Util" value="7088423779306" />
  <attribute name="Time Running"value="3759"/>
  <attribute name="Number of cores"value="4"/>
<gc-start id="2626" type="global" contextid="2625" timestamp="2019-07-02T23:05:43.202">
  <mem-info id="2627" free="0" total="15400960" percent="0">
    <mem type="tenure" free="0" total="15400960" percent="0">
      <mem type="soa" free="0" total="15247360" percent="0" />
      <mem type="loa" free="0" total="153600" percent="0" />
    </mem>
  </mem-info>
</gc-start>
<allocation-stats totalBytes="9433824" >
  <allocated-bytes non-tlh="0" tlh="9433824" />
  <largest-consumer threadName="Thread-7" threadId="0000000001358100" bytes="3633936" />
</allocation-stats>
<gc-op id="2628" type="mark" timems="1.154" contextid="2625" timestamp="2019-07-02T23:05:43.203">
  <trace-info objectcount="65895" scancount="58323" scanbytes="2273012" />
  <finalization candidates="124" enqueued="0" />
  <ownableSynchronizers candidates="3" cleared="0" />
  <references type="soft" candidates="84" cleared="0" enqueued="0" dynamicThreshold="19" maxThreshold="32" />
  <references type="weak" candidates="774" cleared="0" enqueued="0" />
  <references type="phantom" candidates="63" cleared="0" enqueued="0" />
  <stringconstants candidates="4574" cleared="0"  />
</gc-op>
<gc-op id="2629" type="sweep" timems="0.300" contextid="2625" timestamp="2019-07-02T23:05:43.203" />
<gc-end id="2630" type="global" contextid="2625" durationms="1.728" usertimems="4.000" systemtimems="0.000" timestamp="2019-07-02T23:05:43.204" activeThreads="4">
  <mem-info id="2631" free="9407752" total="15400960" percent="61">
    <mem type="tenure" free="9407752" total="15400960" percent="61" micro-fragmented="44040" macro-fragmented="0">
      <mem type="soa" free="9407752" total="15247360" percent="61" />
      <mem type="loa" free="0" total="153600" percent="0" />
    </mem>
  </mem-info>
</gc-end>
<cycle-end id="2632" type="global" contextid="2625" timestamp="2019-07-02T23:05:43.204">
  <attribute name="GC Util" value="230" />
  <attribute name="CPU Util" value="15170106999429" />
  <attribute name="Time Running"value="3768"/>
  <attribute name="Number of cores"value="4"/>
</cycle-end>
<allocation-satisfied id="2633" threadId="000000000135BD00" bytesRequested="24" />
<af-end id="2634" timestamp="2019-07-02T23:05:43.204" threadId="000000000135C688" success="true" />
<exclusive-end id="2635" timestamp="2019-07-02T23:05:43.204" durationms="2.301" />

<exclusive-start id="2636" timestamp="2019-07-02T23:05:43.210" intervalms="8.020">
  <response-info timems="0.023" idlems="0.020" threads="1" lastid="000000000135F900" lastname="Thread-9" />
</exclusive-start>
<af-start id="2637" threadId="000000000135C688" totalBytesRequested="40" timestamp="2019-07-02T23:05:43.210" intervalms="8.003" />
<cycle-start id="2638" type="global" contextid="0" timestamp="2019-07-02T23:05:43.210" intervalms="7.993" />
  <attribute name="GC Util" value="230" />
  <attribute name="CPU Util" value="15170106999429" />
  <attribute name="Time Running"value="3768"/>
  <attribute name="Number of cores"value="4"/>
<gc-start id="2639" type="global" contextid="2638" timestamp="2019-07-02T23:05:43.210">
  <mem-info id="2640" free="0" total="15400960" percent="0">
    <mem type="tenure" free="0" total="15400960" percent="0">
      <mem type="soa" free="0" total="15247360" percent="0" />
      <mem type="loa" free="0" total="153600" percent="0" />
    </mem>
  </mem-info>
</gc-start>
<allocation-stats totalBytes="9404352" >
  <allocated-bytes non-tlh="0" tlh="9404352" />
  <largest-consumer threadName="Thread-7" threadId="0000000001358100" bytes="3296496" />
</allocation-stats>
<gc-op id="2641" type="mark" timems="1.205" contextid="2638" timestamp="2019-07-02T23:05:43.211">
  <trace-info objectcount="66497" scancount="58934" scanbytes="2287468" />
  <finalization candidates="124" enqueued="0" />
  <ownableSynchronizers candidates="3" cleared="0" />
  <references type="soft" candidates="84" cleared="0" enqueued="0" dynamicThreshold="19" maxThreshold="32" />
  <references type="weak" candidates="774" cleared="0" enqueued="0" />
  <references type="phantom" candidates="63" cleared="0" enqueued="0" />
  <stringconstants candidates="4574" cleared="0"  />
</gc-op>
<gc-op id="2642" type="sweep" timems="0.323" contextid="2638" timestamp="2019-07-02T23:05:43.212" />
<gc-end id="2643" type="global" contextid="2638" durationms="1.795" usertimems="4.000" systemtimems="0.000" timestamp="2019-07-02T23:05:43.212" activeThreads="4">
  <mem-info id="2644" free="9358680" total="15400960" percent="60">
    <mem type="tenure" free="9358680" total="15400960" percent="60" micro-fragmented="57935" macro-fragmented="0">
      <mem type="soa" free="9358680" total="15247360" percent="61" />
      <mem type="loa" free="0" total="153600" percent="0" />
    </mem>
  </mem-info>
</gc-end>
<cycle-end id="2645" type="global" contextid="2638" timestamp="2019-07-02T23:05:43.212">
  <attribute name="GC Util" value="227" />
  <attribute name="CPU Util" value="14567067656918" />
  <attribute name="Time Running"value="3776"/>
  <attribute name="Number of cores"value="4"/>
</cycle-end>
<allocation-satisfied id="2646" threadId="000000000135BD00" bytesRequested="40" />
<af-end id="2647" timestamp="2019-07-02T23:05:43.212" threadId="000000000135C688" success="true" />
<exclusive-end id="2648" timestamp="2019-07-02T23:05:43.212" durationms="2.350" />

<exclusive-start id="2649" timestamp="2019-07-02T23:05:43.218" intervalms="8.059">
  <response-info timems="0.036" idlems="0.036" threads="0" lastid="000000000135BD00" lastname="Thread-10" />
</exclusive-start>
<af-start id="2650" threadId="000000000135C688" totalBytesRequested="40" timestamp="2019-07-02T23:05:43.218" intervalms="8.059" />
<cycle-start id="2651" type="global" contextid="0" timestamp="2019-07-02T23:05:43.218" intervalms="8.057" />
  <attribute name="GC Util" value="227" />
  <attribute name="CPU Util" value="14567067656918" />
  <attribute name="Time Running"value="3776"/>
  <attribute name="Number of cores"value="4"/>
<gc-start id="2652" type="global" contextid="2651" timestamp="2019-07-02T23:05:43.218">
  <mem-info id="2653" free="0" total="15400960" percent="0">
    <mem type="tenure" free="0" total="15400960" percent="0">
      <mem type="soa" free="0" total="15247360" percent="0" />
      <mem type="loa" free="0" total="153600" percent="0" />
    </mem>
  </mem-info>
</gc-start>
<allocation-stats totalBytes="9354624" >
  <allocated-bytes non-tlh="0" tlh="9354624" />
  <largest-consumer threadName="Thread-7" threadId="0000000001358100" bytes="3033200" />
</allocation-stats>
<gc-op id="2654" type="mark" timems="1.182" contextid="2651" timestamp="2019-07-02T23:05:43.219">
  <trace-info objectcount="67529" scancount="59956" scanbytes="2312436" />
  <finalization candidates="124" enqueued="0" />
  <ownableSynchronizers candidates="3" cleared="0" />
  <references type="soft" candidates="84" cleared="0" enqueued="0" dynamicThreshold="19" maxThreshold="32" />
  <references type="weak" candidates="774" cleared="0" enqueued="0" />
  <references type="phantom" candidates="63" cleared="0" enqueued="0" />
  <stringconstants candidates="4574" cleared="0"  />
</gc-op>
<gc-op id="2655" type="sweep" timems="0.360" contextid="2651" timestamp="2019-07-02T23:05:43.220" />
<gc-end id="2656" type="global" contextid="2651" durationms="1.809" usertimems="4.000" systemtimems="0.000" timestamp="2019-07-02T23:05:43.220" activeThreads="4">
  <mem-info id="2657" free="9284112" total="15400960" percent="60">
    <mem type="tenure" free="9284112" total="15400960" percent="60" micro-fragmented="44158" macro-fragmented="0">
      <mem type="soa" free="9284112" total="15247360" percent="60" />
      <mem type="loa" free="0" total="153600" percent="0" />
    </mem>
  </mem-info>
</gc-end>
<cycle-end id="2658" type="global" contextid="2651" timestamp="2019-07-02T23:05:43.220">
  <attribute name="GC Util" value="230" />
  <attribute name="CPU Util" value="14860718741009" />
  <attribute name="Time Running"value="3784"/>
  <attribute name="Number of cores"value="4"/>
</cycle-end>
<allocation-satisfied id="2659" threadId="000000000135BD00" bytesRequested="40" />
<af-end id="2660" timestamp="2019-07-02T23:05:43.220" threadId="000000000135C688" success="true" />
<exclusive-end id="2661" timestamp="2019-07-02T23:05:43.220" durationms="2.365" />

<exclusive-start id="2662" timestamp="2019-07-02T23:05:43.225" intervalms="7.781">
  <response-info timems="0.033" idlems="0.031" threads="1" lastid="0000000001354500" lastname="Thread-8" />
</exclusive-start>
<af-start id="2663" threadId="000000000135C688" totalBytesRequested="40" timestamp="2019-07-02T23:05:43.225" intervalms="7.777" />
<cycle-start id="2664" type="global" contextid="0" timestamp="2019-07-02T23:05:43.226" intervalms="7.783" />
  <attribute name="GC Util" value="230" />
  <attribute name="CPU Util" value="14860718741009" />
  <attribute name="Time Running"value="3784"/>
  <attribute name="Number of cores"value="4"/>
<gc-start id="2665" type="global" contextid="2664" timestamp="2019-07-02T23:05:43.226">
  <mem-info id="2666" free="0" total="15400960" percent="0">
    <mem type="tenure" free="0" total="15400960" percent="0">
      <mem type="soa" free="0" total="15247360" percent="0" />
      <mem type="loa" free="0" total="153600" percent="0" />
    </mem>
  </mem-info>
</gc-start>
<allocation-stats totalBytes="9278264" >
  <allocated-bytes non-tlh="0" tlh="9278264" />
  <largest-consumer threadName="Thread-10" threadId="000000000135BD00" bytes="3007432" />
</allocation-stats>
<gc-op id="2667" type="mark" timems="1.186" contextid="2664" timestamp="2019-07-02T23:05:43.227">
  <trace-info objectcount="68225" scancount="60650" scanbytes="2328692" />
  <finalization candidates="124" enqueued="0" />
  <ownableSynchronizers candidates="3" cleared="0" />
  <references type="soft" candidates="84" cleared="0" enqueued="0" dynamicThreshold="19" maxThreshold="32" />
  <references type="weak" candidates="774" cleared="0" enqueued="0" />
  <references type="phantom" candidates="63" cleared="0" enqueued="0" />
  <stringconstants candidates="4574" cleared="0"  />
</gc-op>
<gc-op id="2668" type="sweep" timems="0.352" contextid="2664" timestamp="2019-07-02T23:05:43.227" />
<heap-resize id="2669" type="expand" space="tenure" amount="1048576" count="1" timems="0.050" reason="excessive time being spent in gc" timestamp="2019-07-02T23:05:43.228" />
<gc-end id="2670" type="global" contextid="2664" durationms="1.948" usertimems="4.000" systemtimems="0.000" timestamp="2019-07-02T23:05:43.228" activeThreads="4">
  <mem-info id="2671" free="10267496" total="16449536" percent="62">
    <mem type="tenure" free="10267496" total="16449536" percent="62" micro-fragmented="83110" macro-fragmented="0">
      <mem type="soa" free="10103656" total="16285696" percent="62" />
      <mem type="loa" free="163840" total="163840" percent="100" />
    </mem>
  </mem-info>
</gc-end>
<cycle-end id="2672" type="global" contextid="2664" timestamp="2019-07-02T23:05:43.228">
  <attribute name="GC Util" value="234" />
  <attribute name="CPU Util" value="14812699831473" />
  <attribute name="Time Running"value="3792"/>
  <attribute name="Number of cores"value="4"/>
</cycle-end>
<allocation-satisfied id="2673" threadId="000000000135BD00" bytesRequested="40" />
<af-end id="2674" timestamp="2019-07-02T23:05:43.228" threadId="000000000135C688" success="true" />
<exclusive-end id="2675" timestamp="2019-07-02T23:05:43.228" durationms="2.465" />

<exclusive-start id="2676" timestamp="2019-07-02T23:05:43.234" intervalms="8.963">
  <response-info timems="0.026" idlems="0.026" threads="0" lastid="000000000135BD00" lastname="Thread-10" />
</exclusive-start>
<af-start id="2677" threadId="000000000135C688" totalBytesRequested="40" timestamp="2019-07-02T23:05:43.234" intervalms="8.946" />
<cycle-start id="2678" type="global" contextid="0" timestamp="2019-07-02T23:05:43.235" intervalms="8.942" />
  <attribute name="GC Util" value="234" />
  <attribute name="CPU Util" value="14812699831473" />
  <attribute name="Time Running"value="3792"/>
  <attribute name="Number of cores"value="4"/>
<gc-start id="2679" type="global" contextid="2678" timestamp="2019-07-02T23:05:43.235">
  <mem-info id="2680" free="163840" total="16449536" percent="0">
    <mem type="tenure" free="163840" total="16449536" percent="0">
      <mem type="soa" free="0" total="16285696" percent="0" />
      <mem type="loa" free="163840" total="163840" percent="100" />
    </mem>
  </mem-info>
</gc-start>
<allocation-stats totalBytes="10096600" >
  <allocated-bytes non-tlh="0" tlh="10096600" />
  <largest-consumer threadName="Thread-10" threadId="000000000135BD00" bytes="3842904" />
</allocation-stats>
<gc-op id="2681" type="mark" timems="1.411" contextid="2678" timestamp="2019-07-02T23:05:43.236">
  <trace-info objectcount="69173" scancount="61599" scanbytes="2351876" />
  <finalization candidates="124" enqueued="0" />
  <ownableSynchronizers candidates="3" cleared="0" />
  <references type="soft" candidates="84" cleared="0" enqueued="0" dynamicThreshold="19" maxThreshold="32" />
  <references type="weak" candidates="774" cleared="0" enqueued="0" />
  <references type="phantom" candidates="63" cleared="0" enqueued="0" />
  <stringconstants candidates="4574" cleared="0"  />
</gc-op>
<gc-op id="2682" type="sweep" timems="0.424" contextid="2678" timestamp="2019-07-02T23:05:43.237" />
<gc-end id="2683" type="global" contextid="2678" durationms="2.314" usertimems="4.000" systemtimems="0.000" timestamp="2019-07-02T23:05:43.237" activeThreads="4">
  <mem-info id="2684" free="10323616" total="16449536" percent="62">
    <mem type="tenure" free="10323616" total="16449536" percent="62" micro-fragmented="110538" macro-fragmented="0">
      <mem type="soa" free="10159776" total="16285696" percent="62" />
      <mem type="loa" free="163840" total="163840" percent="100" />
    </mem>
  </mem-info>
</gc-end>
<cycle-end id="2685" type="global" contextid="2678" timestamp="2019-07-02T23:05:43.237">
  <attribute name="GC Util" value="211" />
  <attribute name="CPU Util" value="12148771946560" />
  <attribute name="Time Running"value="3801"/>
  <attribute name="Number of cores"value="4"/>
</cycle-end>
<allocation-satisfied id="2686" threadId="000000000135BD00" bytesRequested="40" />
<af-end id="2687" timestamp="2019-07-02T23:05:43.237" threadId="000000000135C688" success="true" />
<exclusive-end id="2688" timestamp="2019-07-02T23:05:43.237" durationms="2.972" />

<exclusive-start id="2689" timestamp="2019-07-02T23:05:43.243" intervalms="8.615">
  <response-info timems="0.042" idlems="0.042" threads="0" lastid="000000000135F900" lastname="Thread-9" />
</exclusive-start>
<af-start id="2690" threadId="0000000001360288" totalBytesRequested="40" timestamp="2019-07-02T23:05:43.243" intervalms="8.607" />
<cycle-start id="2691" type="global" contextid="0" timestamp="2019-07-02T23:05:43.243" intervalms="8.608" />
  <attribute name="GC Util" value="211" />
  <attribute name="CPU Util" value="12148771946560" />
  <attribute name="Time Running"value="3801"/>
  <attribute name="Number of cores"value="4"/>
<gc-start id="2692" type="global" contextid="2691" timestamp="2019-07-02T23:05:43.243">
  <mem-info id="2693" free="163840" total="16449536" percent="0">
    <mem type="tenure" free="163840" total="16449536" percent="0">
      <mem type="soa" free="0" total="16285696" percent="0" />
      <mem type="loa" free="163840" total="163840" percent="100" />
    </mem>
  </mem-info>
</gc-start>
<allocation-stats totalBytes="10151536" >
  <allocated-bytes non-tlh="0" tlh="10151536" />
  <largest-consumer threadName="Thread-10" threadId="000000000135BD00" bytes="3488824" />
</allocation-stats>
<gc-op id="2694" type="mark" timems="2.374" contextid="2691" timestamp="2019-07-02T23:05:43.246">
  <trace-info objectcount="69781" scancount="62203" scanbytes="2366588" />
  <finalization candidates="124" enqueued="0" />
  <ownableSynchronizers candidates="3" cleared="0" />
  <references type="soft" candidates="84" cleared="0" enqueued="0" dynamicThreshold="20" maxThreshold="32" />
  <references type="weak" candidates="774" cleared="0" enqueued="0" />
  <references type="phantom" candidates="63" cleared="0" enqueued="0" />
  <stringconstants candidates="4574" cleared="0"  />
</gc-op>
<gc-op id="2695" type="sweep" timems="0.856" contextid="2691" timestamp="2019-07-02T23:05:43.247" />
<gc-end id="2696" type="global" contextid="2691" durationms="3.696" usertimems="8.000" systemtimems="0.000" timestamp="2019-07-02T23:05:43.247" activeThreads="4">
  <mem-info id="2697" free="10242728" total="16449536" percent="62">
    <mem type="tenure" free="10242728" total="16449536" percent="62" micro-fragmented="71168" macro-fragmented="0">
      <mem type="soa" free="10078888" total="16285696" percent="61" />
      <mem type="loa" free="163840" total="163840" percent="100" />
    </mem>
  </mem-info>
</gc-end>
<cycle-end id="2698" type="global" contextid="2691" timestamp="2019-07-02T23:05:43.247">
  <attribute name="GC Util" value="241" />
  <attribute name="CPU Util" value="7345861566387" />
  <attribute name="Time Running"value="3811"/>
  <attribute name="Number of cores"value="4"/>
</cycle-end>
<allocation-satisfied id="2699" threadId="000000000135F900" bytesRequested="40" />
<af-end id="2700" timestamp="2019-07-02T23:05:43.247" threadId="0000000001360288" success="true" />
<exclusive-end id="2701" timestamp="2019-07-02T23:05:43.247" durationms="4.308" />

<exclusive-start id="2702" timestamp="2019-07-02T23:05:43.256" intervalms="13.485">
  <response-info timems="0.036" idlems="0.036" threads="0" lastid="000000000135BD00" lastname="Thread-10" />
</exclusive-start>
<af-start id="2703" threadId="000000000135C688" totalBytesRequested="40" timestamp="2019-07-02T23:05:43.257" intervalms="13.545" />
<cycle-start id="2704" type="global" contextid="0" timestamp="2019-07-02T23:05:43.257" intervalms="13.553" />
  <attribute name="GC Util" value="241" />
  <attribute name="CPU Util" value="7345861566387" />
  <attribute name="Time Running"value="3811"/>
  <attribute name="Number of cores"value="4"/>
<gc-start id="2705" type="global" contextid="2704" timestamp="2019-07-02T23:05:43.257">
  <mem-info id="2706" free="163840" total="16449536" percent="0">
    <mem type="tenure" free="163840" total="16449536" percent="0">
      <mem type="soa" free="0" total="16285696" percent="0" />
      <mem type="loa" free="163840" total="163840" percent="100" />
    </mem>
  </mem-info>
</gc-start>
<allocation-stats totalBytes="10068008" >
  <allocated-bytes non-tlh="0" tlh="10068008" />
  <largest-consumer threadName="Thread-8" threadId="0000000001354500" bytes="4196680" />
</allocation-stats>
<gc-op id="2707" type="mark" timems="1.499" contextid="2704" timestamp="2019-07-02T23:05:43.258">
  <trace-info objectcount="70133" scancount="62535" scanbytes="2374964" />
  <finalization candidates="124" enqueued="0" />
  <ownableSynchronizers candidates="3" cleared="0" />
  <references type="soft" candidates="84" cleared="0" enqueued="0" dynamicThreshold="19" maxThreshold="32" />
  <references type="weak" candidates="774" cleared="0" enqueued="0" />
  <references type="phantom" candidates="63" cleared="0" enqueued="0" />
  <stringconstants candidates="4574" cleared="0"  />
</gc-op>
<gc-op id="2708" type="sweep" timems="0.428" contextid="2704" timestamp="2019-07-02T23:05:43.259" />
<heap-resize id="2709" type="contract" space="tenure" amount="131072" count="1" timems="0.058" reason="excess free space following gc" timestamp="2019-07-02T23:05:43.259" />
<gc-end id="2710" type="global" contextid="2704" durationms="2.412" usertimems="4.000" systemtimems="0.000" timestamp="2019-07-02T23:05:43.259" activeThreads="4">
  <mem-info id="2711" free="9971936" total="16318464" percent="61">
    <mem type="tenure" free="9971936" total="16318464" percent="61" micro-fragmented="88041" macro-fragmented="0">
      <mem type="soa" free="9890568" total="16155648" percent="61" />
      <mem type="loa" free="81368" total="162816" percent="49" />
    </mem>
  </mem-info>
</gc-end>
<cycle-end id="2712" type="global" contextid="2704" timestamp="2019-07-02T23:05:43.259">
  <attribute name="GC Util" value="228" />
  <attribute name="CPU Util" value="11556147997041" />
  <attribute name="Time Running"value="3823"/>
  <attribute name="Number of cores"value="4"/>
</cycle-end>
<allocation-satisfied id="2713" threadId="000000000135BD00" bytesRequested="40" />
<af-end id="2714" timestamp="2019-07-02T23:05:43.259" threadId="000000000135C688" success="true" />
<exclusive-end id="2715" timestamp="2019-07-02T23:05:43.260" durationms="3.104" />

<exclusive-start id="2716" timestamp="2019-07-02T23:05:43.267" intervalms="10.713">
  <response-info timems="0.027" idlems="0.025" threads="1" lastid="000000000135F900" lastname="Thread-9" />
</exclusive-start>
<af-start id="2717" threadId="000000000135C688" totalBytesRequested="40" timestamp="2019-07-02T23:05:43.267" intervalms="10.683" />
<cycle-start id="2718" type="global" contextid="0" timestamp="2019-07-02T23:05:43.267" intervalms="10.696" />
  <attribute name="GC Util" value="228" />
  <attribute name="CPU Util" value="11556147997041" />
  <attribute name="Time Running"value="3823"/>
  <attribute name="Number of cores"value="4"/>
<gc-start id="2719" type="global" contextid="2718" timestamp="2019-07-02T23:05:43.268">
  <mem-info id="2720" free="81368" total="16318464" percent="0">
    <mem type="tenure" free="81368" total="16318464" percent="0">
      <mem type="soa" free="0" total="16155648" percent="0" />
      <mem type="loa" free="81368" total="162816" percent="49" />
    </mem>
  </mem-info>
</gc-start>
<allocation-stats totalBytes="9877304" >
  <allocated-bytes non-tlh="23160" tlh="9854144" />
  <largest-consumer threadName="Thread-8" threadId="0000000001354500" bytes="3818544" />
</allocation-stats>
<gc-op id="2721" type="mark" timems="1.321" contextid="2718" timestamp="2019-07-02T23:05:43.269">
  <trace-info objectcount="66142" scancount="58570" scanbytes="2278916" />
  <finalization candidates="124" enqueued="0" />
  <ownableSynchronizers candidates="3" cleared="0" />
  <references type="soft" candidates="84" cleared="0" enqueued="0" dynamicThreshold="19" maxThreshold="32" />
  <references type="weak" candidates="774" cleared="0" enqueued="0" />
  <references type="phantom" candidates="63" cleared="0" enqueued="0" />
  <stringconstants candidates="4574" cleared="0"  />
</gc-op>
<gc-op id="2722" type="sweep" timems="0.389" contextid="2718" timestamp="2019-07-02T23:05:43.270" />
<heap-resize id="2723" type="contract" space="tenure" amount="65536" count="1" timems="0.065" reason="excess free space following gc" timestamp="2019-07-02T23:05:43.270" />
<gc-end id="2724" type="global" contextid="2718" durationms="2.346" usertimems="0.000" systemtimems="4.000" timestamp="2019-07-02T23:05:43.270" activeThreads="4">
  <mem-info id="2725" free="10076520" total="16252928" percent="61">
    <mem type="tenure" free="10076520" total="16252928" percent="61" micro-fragmented="82006" macro-fragmented="0">
      <mem type="soa" free="10076520" total="16091136" percent="62" />
      <mem type="loa" free="0" total="161792" percent="0" />
    </mem>
  </mem-info>
</gc-end>
<cycle-end id="2726" type="global" contextid="2718" timestamp="2019-07-02T23:05:43.270">
  <attribute name="GC Util" value="215" />
  <attribute name="CPU Util" value="12953464569966" />
  <attribute name="Time Running"value="3834"/>
  <attribute name="Number of cores"value="4"/>
</cycle-end>
<allocation-satisfied id="2727" threadId="000000000135BD00" bytesRequested="40" />
<af-end id="2728" timestamp="2019-07-02T23:05:43.270" threadId="000000000135C688" success="true" />
<exclusive-end id="2729" timestamp="2019-07-02T23:05:43.270" durationms="2.943" />

<exclusive-start id="2730" timestamp="2019-07-02T23:05:43.276" intervalms="8.871">
  <response-info timems="0.024" idlems="0.024" threads="0" lastid="000000000135F900" lastname="Thread-9" />
</exclusive-start>
<af-start id="2731" threadId="0000000001360288" totalBytesRequested="40" timestamp="2019-07-02T23:05:43.276" intervalms="8.829" />
<cycle-start id="2732" type="global" contextid="0" timestamp="2019-07-02T23:05:43.276" intervalms="8.762" />
  <attribute name="GC Util" value="215" />
  <attribute name="CPU Util" value="12953464569966" />
  <attribute name="Time Running"value="3834"/>
  <attribute name="Number of cores"value="4"/>
<gc-start id="2733" type="global" contextid="2732" timestamp="2019-07-02T23:05:43.276">
  <mem-info id="2734" free="0" total="16252928" percent="0">
    <mem type="tenure" free="0" total="16252928" percent="0">
      <mem type="soa" free="0" total="16091136" percent="0" />
      <mem type="loa" free="0" total="161792" percent="0" />
    </mem>
  </mem-info>
</gc-start>
<allocation-stats totalBytes="10070080" >
  <allocated-bytes non-tlh="0" tlh="10070080" />
  <largest-consumer threadName="Thread-10" threadId="000000000135BD00" bytes="4244928" />
</allocation-stats>
<gc-op id="2735" type="mark" timems="2.373" contextid="2732" timestamp="2019-07-02T23:05:43.279">
  <trace-info objectcount="68669" scancount="61072" scanbytes="2339780" />
  <finalization candidates="124" enqueued="0" />
  <ownableSynchronizers candidates="3" cleared="0" />
  <references type="soft" candidates="84" cleared="0" enqueued="0" dynamicThreshold="19" maxThreshold="32" />
  <references type="weak" candidates="774" cleared="0" enqueued="0" />
  <references type="phantom" candidates="63" cleared="0" enqueued="0" />
  <stringconstants candidates="4574" cleared="0"  />
</gc-op>
<gc-op id="2736" type="sweep" timems="0.857" contextid="2732" timestamp="2019-07-02T23:05:43.280" />
<gc-end id="2737" type="global" contextid="2732" durationms="3.487" usertimems="8.000" systemtimems="0.000" timestamp="2019-07-02T23:05:43.280" activeThreads="4">
  <mem-info id="2738" free="9944064" total="16252928" percent="61">
    <mem type="tenure" free="9944064" total="16252928" percent="61" micro-fragmented="80283" macro-fragmented="0">
      <mem type="soa" free="9944064" total="16091136" percent="61" />
      <mem type="loa" free="0" total="161792" percent="0" />
    </mem>
  </mem-info>
</gc-end>
<cycle-end id="2739" type="global" contextid="2732" timestamp="2019-07-02T23:05:43.280">
  <attribute name="GC Util" value="261" />
  <attribute name="CPU Util" value="7566181491230" />
  <attribute name="Time Running"value="3844"/>
  <attribute name="Number of cores"value="4"/>
</cycle-end>
<allocation-satisfied id="2740" threadId="000000000135F900" bytesRequested="40" />
<af-end id="2741" timestamp="2019-07-02T23:05:43.280" threadId="0000000001360288" success="true" />
<exclusive-end id="2742" timestamp="2019-07-02T23:05:43.280" durationms="3.989" />

<exclusive-start id="2743" timestamp="2019-07-02T23:05:43.286" intervalms="10.051">
  <response-info timems="0.028" idlems="0.028" threads="0" lastid="000000000135BD00" lastname="Thread-10" />
</exclusive-start>
<af-start id="2744" threadId="000000000135C688" totalBytesRequested="40" timestamp="2019-07-02T23:05:43.286" intervalms="10.062" />
<cycle-start id="2745" type="global" contextid="0" timestamp="2019-07-02T23:05:43.286" intervalms="10.077" />
  <attribute name="GC Util" value="261" />
  <attribute name="CPU Util" value="7566181491230" />
  <attribute name="Time Running"value="3844"/>
  <attribute name="Number of cores"value="4"/>
<gc-start id="2746" type="global" contextid="2745" timestamp="2019-07-02T23:05:43.286">
  <mem-info id="2747" free="0" total="16252928" percent="0">
    <mem type="tenure" free="0" total="16252928" percent="0">
      <mem type="soa" free="0" total="16091136" percent="0" />
      <mem type="loa" free="0" total="161792" percent="0" />
    </mem>
  </mem-info>
</gc-start>
<allocation-stats totalBytes="9934760" >
  <allocated-bytes non-tlh="0" tlh="9934760" />
  <largest-consumer threadName="Thread-10" threadId="000000000135BD00" bytes="3843952" />
</allocation-stats>
<gc-op id="2748" type="mark" timems="1.224" contextid="2745" timestamp="2019-07-02T23:05:43.288">
  <trace-info objectcount="70294" scancount="62722" scanbytes="2378748" />
  <finalization candidates="124" enqueued="0" />
  <ownableSynchronizers candidates="3" cleared="0" />
  <references type="soft" candidates="84" cleared="0" enqueued="0" dynamicThreshold="19" maxThreshold="32" />
  <references type="weak" candidates="774" cleared="0" enqueued="0" />
  <references type="phantom" candidates="63" cleared="0" enqueued="0" />
  <stringconstants candidates="4574" cleared="0"  />
</gc-op>
<gc-op id="2749" type="sweep" timems="0.404" contextid="2745" timestamp="2019-07-02T23:05:43.288" />
<gc-end id="2750" type="global" contextid="2745" durationms="1.874" usertimems="8.000" systemtimems="0.000" timestamp="2019-07-02T23:05:43.288" activeThreads="4">
  <mem-info id="2751" free="9833944" total="16252928" percent="60">
    <mem type="tenure" free="9833944" total="16252928" percent="60" micro-fragmented="108186" macro-fragmented="0">
      <mem type="soa" free="9833944" total="16091136" percent="61" />
      <mem type="loa" free="0" total="161792" percent="0" />
    </mem>
  </mem-info>
</gc-end>
<cycle-end id="2752" type="global" contextid="2745" timestamp="2019-07-02T23:05:43.288">
  <attribute name="GC Util" value="235" />
  <attribute name="CPU Util" value="14358493217269" />
  <attribute name="Time Running"value="3853"/>
  <attribute name="Number of cores"value="4"/>
</cycle-end>
<allocation-satisfied id="2753" threadId="000000000135BD00" bytesRequested="40" />
<af-end id="2754" timestamp="2019-07-02T23:05:43.288" threadId="000000000135C688" success="true" />
<exclusive-end id="2755" timestamp="2019-07-02T23:05:43.288" durationms="2.314" />

<exclusive-start id="2756" timestamp="2019-07-02T23:05:43.294" intervalms="7.960">
  <response-info timems="0.026" idlems="0.025" threads="1" lastid="000000000135BD00" lastname="Thread-10" />
</exclusive-start>
<af-start id="2757" threadId="0000000001358A88" totalBytesRequested="40" timestamp="2019-07-02T23:05:43.294" intervalms="7.958" />
<cycle-start id="2758" type="global" contextid="0" timestamp="2019-07-02T23:05:43.294" intervalms="7.940" />
  <attribute name="GC Util" value="235" />
  <attribute name="CPU Util" value="14358493217269" />
  <attribute name="Time Running"value="3853"/>
  <attribute name="Number of cores"value="4"/>
<gc-start id="2759" type="global" contextid="2758" timestamp="2019-07-02T23:05:43.294">
  <mem-info id="2760" free="0" total="16252928" percent="0">
    <mem type="tenure" free="0" total="16252928" percent="0">
      <mem type="soa" free="0" total="16091136" percent="0" />
      <mem type="loa" free="0" total="161792" percent="0" />
    </mem>
  </mem-info>
</gc-start>
<allocation-stats totalBytes="9823424" >
  <allocated-bytes non-tlh="0" tlh="9823424" />
  <largest-consumer threadName="Thread-10" threadId="000000000135BD00" bytes="3382320" />
</allocation-stats>
<gc-op id="2761" type="mark" timems="2.319" contextid="2758" timestamp="2019-07-02T23:05:43.297">
  <trace-info objectcount="70843" scancount="63270" scanbytes="2391908" />
  <finalization candidates="124" enqueued="0" />
  <ownableSynchronizers candidates="3" cleared="0" />
  <references type="soft" candidates="84" cleared="0" enqueued="0" dynamicThreshold="19" maxThreshold="32" />
  <references type="weak" candidates="774" cleared="0" enqueued="0" />
  <references type="phantom" candidates="63" cleared="0" enqueued="0" />
  <stringconstants candidates="4574" cleared="0"  />
</gc-op>
<gc-op id="2762" type="sweep" timems="0.895" contextid="2758" timestamp="2019-07-02T23:05:43.298" />
<gc-end id="2763" type="global" contextid="2758" durationms="3.454" usertimems="8.000" systemtimems="0.000" timestamp="2019-07-02T23:05:43.298" activeThreads="4">
  <mem-info id="2764" free="9752496" total="16252928" percent="60">
    <mem type="tenure" free="9752496" total="16252928" percent="60" micro-fragmented="199305" macro-fragmented="0">
      <mem type="soa" free="9752496" total="16091136" percent="60" />
      <mem type="loa" free="0" total="161792" percent="0" />
    </mem>
  </mem-info>
</gc-end>
<cycle-end id="2765" type="global" contextid="2758" timestamp="2019-07-02T23:05:43.298">
  <attribute name="GC Util" value="267" />
  <attribute name="CPU Util" value="7796015137820" />
  <attribute name="Time Running"value="3862"/>
  <attribute name="Number of cores"value="4"/>
</cycle-end>
<allocation-satisfied id="2766" threadId="0000000001358100" bytesRequested="40" />
<af-end id="2767" timestamp="2019-07-02T23:05:43.298" threadId="0000000001358A88" success="true" />
<exclusive-end id="2768" timestamp="2019-07-02T23:05:43.298" durationms="3.961" />

<exclusive-start id="2769" timestamp="2019-07-02T23:05:43.304" intervalms="9.680">
  <response-info timems="0.023" idlems="0.022" threads="2" lastid="000000000135F900" lastname="Thread-9" />
</exclusive-start>
<af-start id="2770" threadId="0000000001358A88" totalBytesRequested="40" timestamp="2019-07-02T23:05:43.304" intervalms="9.676" />
<cycle-start id="2771" type="global" contextid="0" timestamp="2019-07-02T23:05:43.304" intervalms="9.675" />
  <attribute name="GC Util" value="267" />
  <attribute name="CPU Util" value="7796015137820" />
  <attribute name="Time Running"value="3862"/>
  <attribute name="Number of cores"value="4"/>
<gc-start id="2772" type="global" contextid="2771" timestamp="2019-07-02T23:05:43.304">
  <mem-info id="2773" free="0" total="16252928" percent="0">
    <mem type="tenure" free="0" total="16252928" percent="0">
      <mem type="soa" free="0" total="16091136" percent="0" />
      <mem type="loa" free="0" total="161792" percent="0" />
    </mem>
  </mem-info>
</gc-start>
<allocation-stats totalBytes="9740992" >
  <allocated-bytes non-tlh="0" tlh="9740992" />
  <largest-consumer threadName="Thread-10" threadId="000000000135BD00" bytes="3308144" />
</allocation-stats>
<gc-op id="2774" type="mark" timems="1.766" contextid="2771" timestamp="2019-07-02T23:05:43.306">
  <trace-info objectcount="71345" scancount="63757" scanbytes="2403828" />
  <finalization candidates="124" enqueued="0" />
  <ownableSynchronizers candidates="3" cleared="0" />
  <references type="soft" candidates="84" cleared="0" enqueued="0" dynamicThreshold="19" maxThreshold="32" />
  <references type="weak" candidates="774" cleared="0" enqueued="0" />
  <references type="phantom" candidates="63" cleared="0" enqueued="0" />
  <stringconstants candidates="4574" cleared="0"  />
</gc-op>
<gc-op id="2775" type="sweep" timems="0.441" contextid="2771" timestamp="2019-07-02T23:05:43.306" />
<heap-resize id="2776" type="expand" space="tenure" amount="1048576" count="1" timems="0.068" reason="excessive time being spent in gc" timestamp="2019-07-02T23:05:43.306" />
<gc-end id="2777" type="global" contextid="2771" durationms="2.609" usertimems="4.000" systemtimems="0.000" timestamp="2019-07-02T23:05:43.306" activeThreads="4">
  <mem-info id="2778" free="10733288" total="17301504" percent="62">
    <mem type="tenure" free="10733288" total="17301504" percent="62" micro-fragmented="195500" macro-fragmented="0">
      <mem type="soa" free="10561256" total="17129472" percent="61" />
      <mem type="loa" free="172032" total="172032" percent="100" />
    </mem>
  </mem-info>
</gc-end>
<cycle-end id="2779" type="global" contextid="2771" timestamp="2019-07-02T23:05:43.307">
  <attribute name="GC Util" value="248" />
  <attribute name="CPU Util" value="10039869352569" />
  <attribute name="Time Running"value="3871"/>
  <attribute name="Number of cores"value="4"/>
</cycle-end>
<allocation-satisfied id="2780" threadId="0000000001358100" bytesRequested="40" />
<af-end id="2781" timestamp="2019-07-02T23:05:43.307" threadId="0000000001358A88" success="true" />
<exclusive-end id="2782" timestamp="2019-07-02T23:05:43.307" durationms="3.126" />

<exclusive-start id="2783" timestamp="2019-07-02T23:05:43.316" intervalms="12.362">
  <response-info timems="0.226" idlems="0.197" threads="1" lastid="0000000001358100" lastname="Thread-7" />
</exclusive-start>
<af-start id="2784" threadId="000000000135C688" totalBytesRequested="24" timestamp="2019-07-02T23:05:43.316" intervalms="12.398" />
<cycle-start id="2785" type="global" contextid="0" timestamp="2019-07-02T23:05:43.316" intervalms="12.454" />
  <attribute name="GC Util" value="248" />
  <attribute name="CPU Util" value="10039869352569" />
  <attribute name="Time Running"value="3871"/>
  <attribute name="Number of cores"value="4"/>
<gc-start id="2786" type="global" contextid="2785" timestamp="2019-07-02T23:05:43.316">
  <mem-info id="2787" free="172032" total="17301504" percent="0">
    <mem type="tenure" free="172032" total="17301504" percent="0">
      <mem type="soa" free="0" total="17129472" percent="0" />
      <mem type="loa" free="172032" total="172032" percent="100" />
    </mem>
  </mem-info>
</gc-start>
<allocation-stats totalBytes="10548728" >
  <allocated-bytes non-tlh="0" tlh="10548728" />
  <largest-consumer threadName="Thread-7" threadId="0000000001358100" bytes="3387064" />
</allocation-stats>
<gc-op id="2788" type="mark" timems="1.402" contextid="2785" timestamp="2019-07-02T23:05:43.318">
  <trace-info objectcount="71969" scancount="64395" scanbytes="2418908" />
  <finalization candidates="124" enqueued="0" />
  <ownableSynchronizers candidates="3" cleared="0" />
  <references type="soft" candidates="84" cleared="0" enqueued="0" dynamicThreshold="19" maxThreshold="32" />
  <references type="weak" candidates="774" cleared="0" enqueued="0" />
  <references type="phantom" candidates="63" cleared="0" enqueued="0" />
  <stringconstants candidates="4574" cleared="0"  />
</gc-op>
<gc-op id="2789" type="sweep" timems="0.451" contextid="2785" timestamp="2019-07-02T23:05:43.319" />
<gc-end id="2790" type="global" contextid="2785" durationms="2.206" usertimems="4.000" systemtimems="0.000" timestamp="2019-07-02T23:05:43.319" activeThreads="4">
  <mem-info id="2791" free="10797600" total="17301504" percent="62">
    <mem type="tenure" free="10797600" total="17301504" percent="62" micro-fragmented="126562" macro-fragmented="0">
      <mem type="soa" free="10625568" total="17129472" percent="62" />
      <mem type="loa" free="172032" total="172032" percent="100" />
    </mem>
  </mem-info>
</gc-end>
<cycle-end id="2792" type="global" contextid="2785" timestamp="2019-07-02T23:05:43.319">
  <attribute name="GC Util" value="218" />
  <attribute name="CPU Util" value="12478087732461" />
  <attribute name="Time Running"value="3883"/>
  <attribute name="Number of cores"value="4"/>
</cycle-end>
<allocation-satisfied id="2793" threadId="000000000135BD00" bytesRequested="24" />
<af-end id="2794" timestamp="2019-07-02T23:05:43.319" threadId="000000000135C688" success="true" />
<exclusive-end id="2795" timestamp="2019-07-02T23:05:43.319" durationms="2.829" />

<exclusive-start id="2796" timestamp="2019-07-02T23:05:43.326" intervalms="9.933">
  <response-info timems="0.024" idlems="0.024" threads="0" lastid="000000000135BD00" lastname="Thread-10" />
</exclusive-start>
<af-start id="2797" threadId="000000000135C688" totalBytesRequested="40" timestamp="2019-07-02T23:05:43.326" intervalms="9.937" />
<cycle-start id="2798" type="global" contextid="0" timestamp="2019-07-02T23:05:43.326" intervalms="9.938" />
  <attribute name="GC Util" value="218" />
  <attribute name="CPU Util" value="12478087732461" />
  <attribute name="Time Running"value="3883"/>
  <attribute name="Number of cores"value="4"/>
<gc-start id="2799" type="global" contextid="2798" timestamp="2019-07-02T23:05:43.326">
  <mem-info id="2800" free="172032" total="17301504" percent="0">
    <mem type="tenure" free="172032" total="17301504" percent="0">
      <mem type="soa" free="0" total="17129472" percent="0" />
      <mem type="loa" free="172032" total="172032" percent="100" />
    </mem>
  </mem-info>
</gc-start>
<allocation-stats totalBytes="10611160" >
  <allocated-bytes non-tlh="19056" tlh="10592104" />
  <largest-consumer threadName="Thread-10" threadId="000000000135BD00" bytes="4565552" />
</allocation-stats>
<gc-op id="2801" type="mark" timems="1.325" contextid="2798" timestamp="2019-07-02T23:05:43.328">
  <trace-info objectcount="68388" scancount="60805" scanbytes="2332820" />
  <finalization candidates="124" enqueued="0" />
  <ownableSynchronizers candidates="3" cleared="0" />
  <references type="soft" candidates="84" cleared="0" enqueued="0" dynamicThreshold="19" maxThreshold="32" />
  <references type="weak" candidates="774" cleared="0" enqueued="0" />
  <references type="phantom" candidates="63" cleared="0" enqueued="0" />
  <stringconstants candidates="4574" cleared="0"  />
</gc-op>
<gc-op id="2802" type="sweep" timems="0.424" contextid="2798" timestamp="2019-07-02T23:05:43.328" />
<gc-end id="2803" type="global" contextid="2798" durationms="2.083" usertimems="4.000" systemtimems="0.000" timestamp="2019-07-02T23:05:43.328" activeThreads="4">
  <mem-info id="2804" free="11010672" total="17301504" percent="63">
    <mem type="tenure" free="11010672" total="17301504" percent="63" micro-fragmented="137265" macro-fragmented="0">
      <mem type="soa" free="10838640" total="17129472" percent="63" />
      <mem type="loa" free="172032" total="172032" percent="100" />
    </mem>
  </mem-info>
</gc-end>
<cycle-end id="2805" type="global" contextid="2798" timestamp="2019-07-02T23:05:43.328">
  <attribute name="GC Util" value="222" />
  <attribute name="CPU Util" value="13262346701646" />
  <attribute name="Time Running"value="3893"/>
  <attribute name="Number of cores"value="4"/>
</cycle-end>
<allocation-satisfied id="2806" threadId="000000000135BD00" bytesRequested="40" />
<af-end id="2807" timestamp="2019-07-02T23:05:43.329" threadId="000000000135C688" success="true" />
<exclusive-end id="2808" timestamp="2019-07-02T23:05:43.329" durationms="2.679" />

<exclusive-start id="2809" timestamp="2019-07-02T23:05:43.335" intervalms="8.769">
  <response-info timems="0.030" idlems="0.030" threads="0" lastid="0000000001358100" lastname="Thread-7" />
</exclusive-start>
<af-start id="2810" threadId="0000000001358A88" totalBytesRequested="40" timestamp="2019-07-02T23:05:43.335" intervalms="8.741" />
<cycle-start id="2811" type="global" contextid="0" timestamp="2019-07-02T23:05:43.335" intervalms="8.692" />
  <attribute name="GC Util" value="222" />
  <attribute name="CPU Util" value="13262346701646" />
  <attribute name="Time Running"value="3893"/>
  <attribute name="Number of cores"value="4"/>
<gc-start id="2812" type="global" contextid="2811" timestamp="2019-07-02T23:05:43.335">
  <mem-info id="2813" free="172032" total="17301504" percent="0">
    <mem type="tenure" free="172032" total="17301504" percent="0">
      <mem type="soa" free="0" total="17129472" percent="0" />
      <mem type="loa" free="172032" total="172032" percent="100" />
    </mem>
  </mem-info>
</gc-start>
<allocation-stats totalBytes="10827992" >
  <allocated-bytes non-tlh="0" tlh="10827992" />
  <largest-consumer threadName="Thread-10" threadId="000000000135BD00" bytes="4454296" />
</allocation-stats>
<gc-op id="2814" type="mark" timems="2.594" contextid="2811" timestamp="2019-07-02T23:05:43.338">
  <trace-info objectcount="71197" scancount="63636" scanbytes="2400236" />
  <finalization candidates="124" enqueued="0" />
  <ownableSynchronizers candidates="3" cleared="0" />
  <references type="soft" candidates="84" cleared="0" enqueued="0" dynamicThreshold="20" maxThreshold="32" />
  <references type="weak" candidates="774" cleared="0" enqueued="0" />
  <references type="phantom" candidates="63" cleared="0" enqueued="0" />
  <stringconstants candidates="4574" cleared="0"  />
</gc-op>
<gc-op id="2815" type="sweep" timems="0.910" contextid="2811" timestamp="2019-07-02T23:05:43.339" />
<heap-resize id="2816" type="contract" space="tenure" amount="131072" count="1" timems="0.073" reason="excess free space following gc" timestamp="2019-07-02T23:05:43.339" />
<gc-end id="2817" type="global" contextid="2811" durationms="3.954" usertimems="8.000" systemtimems="0.000" timestamp="2019-07-02T23:05:43.339" activeThreads="4">
  <mem-info id="2818" free="10608192" total="17170432" percent="61">
    <mem type="tenure" free="10608192" total="17170432" percent="61" micro-fragmented="164528" macro-fragmented="0">
      <mem type="soa" free="10539224" total="16999424" percent="61" />
      <mem type="loa" free="68968" total="171008" percent="40" />
    </mem>
  </mem-info>
</gc-end>
<cycle-end id="2819" type="global" contextid="2811" timestamp="2019-07-02T23:05:43.339">
  <attribute name="GC Util" value="262" />
  <attribute name="CPU Util" value="6888642306665" />
  <attribute name="Time Running"value="3903"/>
  <attribute name="Number of cores"value="4"/>
</cycle-end>
<allocation-satisfied id="2820" threadId="0000000001358100" bytesRequested="40" />
<af-end id="2821" timestamp="2019-07-02T23:05:43.339" threadId="0000000001358A88" success="true" />
<exclusive-end id="2822" timestamp="2019-07-02T23:05:43.339" durationms="4.507" />

<exclusive-start id="2823" timestamp="2019-07-02T23:05:43.347" intervalms="11.841">
  <response-info timems="0.060" idlems="0.060" threads="0" lastid="000000000135F900" lastname="Thread-9" />
</exclusive-start>
<af-start id="2824" threadId="0000000001360288" totalBytesRequested="40" timestamp="2019-07-02T23:05:43.347" intervalms="11.897" />
<cycle-start id="2825" type="global" contextid="0" timestamp="2019-07-02T23:05:43.347" intervalms="11.924" />
  <attribute name="GC Util" value="262" />
  <attribute name="CPU Util" value="6888642306665" />
  <attribute name="Time Running"value="3903"/>
  <attribute name="Number of cores"value="4"/>
<gc-start id="2826" type="global" contextid="2825" timestamp="2019-07-02T23:05:43.347">
  <mem-info id="2827" free="68968" total="17170432" percent="0">
    <mem type="tenure" free="68968" total="17170432" percent="0">
      <mem type="soa" free="0" total="16999424" percent="0" />
      <mem type="loa" free="68968" total="171008" percent="40" />
    </mem>
  </mem-info>
</gc-start>
<allocation-stats totalBytes="10525256" >
  <allocated-bytes non-tlh="23160" tlh="10502096" />
  <largest-consumer threadName="Thread-10" threadId="000000000135BD00" bytes="4666648" />
</allocation-stats>
<gc-op id="2828" type="mark" timems="2.211" contextid="2825" timestamp="2019-07-02T23:05:43.349">
  <trace-info objectcount="69051" scancount="61487" scanbytes="2348844" />
  <finalization candidates="124" enqueued="0" />
  <ownableSynchronizers candidates="3" cleared="0" />
  <references type="soft" candidates="84" cleared="0" enqueued="0" dynamicThreshold="19" maxThreshold="32" />
  <references type="weak" candidates="774" cleared="0" enqueued="0" />
  <references type="phantom" candidates="63" cleared="0" enqueued="0" />
  <stringconstants candidates="4574" cleared="0"  />
</gc-op>
<gc-op id="2829" type="sweep" timems="0.882" contextid="2825" timestamp="2019-07-02T23:05:43.350" />
<mem-info id="2830" free="10872880" total="17170432" percent="63">
  <mem type="tenure" free="10872880" total="17170432" percent="63" micro-fragmented="126661" macro-fragmented="0">
    <mem type="soa" free="10803912" total="16999424" percent="63" />
    <mem type="loa" free="68968" total="171008" percent="40" />
  </mem>
</mem-info>
<gc-op id="2831" type="compact" timems="5.971" contextid="2825" timestamp="2019-07-02T23:05:43.356">
  <compact-info movecount="29310" movebytes="1254512" reason="compact to aid heap contraction" />
</gc-op>
<heap-resize id="2832" type="contract" space="tenure" amount="131072" count="1" timems="0.068" reason="excess free space following gc" timestamp="2019-07-02T23:05:43.357" />
<gc-end id="2833" type="global" contextid="2825" durationms="9.899" usertimems="20.000" systemtimems="0.000" timestamp="2019-07-02T23:05:43.357" activeThreads="4">
  <mem-info id="2834" free="11115664" total="17039360" percent="65">
    <mem type="tenure" free="11115664" total="17039360" percent="65">
      <mem type="soa" free="10985616" total="16869376" percent="65" />
      <mem type="loa" free="130048" total="169984" percent="76" />
    </mem>
  </mem-info>
</gc-end>
<cycle-end id="2835" type="global" contextid="2825" timestamp="2019-07-02T23:05:43.357">
  <attribute name="GC Util" value="134" />
  <attribute name="CPU Util" value="17350308514999" />
  <attribute name="Time Running"value="3915"/>
  <attribute name="Number of cores"value="4"/>
</cycle-end>
<allocation-satisfied id="2836" threadId="000000000135F900" bytesRequested="40" />
<af-end id="2837" timestamp="2019-07-02T23:05:43.357" threadId="0000000001360288" success="true" />
<exclusive-end id="2838" timestamp="2019-07-02T23:05:43.357" durationms="10.520" />

<exclusive-start id="2839" timestamp="2019-07-02T23:05:43.363" intervalms="16.239">
  <response-info timems="0.035" idlems="0.035" threads="0" lastid="0000000001354500" lastname="Thread-8" />
</exclusive-start>
<af-start id="2840" threadId="0000000001354E88" totalBytesRequested="24" timestamp="2019-07-02T23:05:43.363" intervalms="16.219" />
<cycle-start id="2841" type="global" contextid="0" timestamp="2019-07-02T23:05:43.363" intervalms="16.251" />
  <attribute name="GC Util" value="134" />
  <attribute name="CPU Util" value="17350308514999" />
  <attribute name="Time Running"value="3915"/>
  <attribute name="Number of cores"value="4"/>
<gc-start id="2842" type="global" contextid="2841" timestamp="2019-07-02T23:05:43.363">
  <mem-info id="2843" free="130048" total="17039360" percent="0">
    <mem type="tenure" free="130048" total="17039360" percent="0">
      <mem type="soa" free="0" total="16869376" percent="0" />
      <mem type="loa" free="130048" total="169984" percent="76" />
    </mem>
  </mem-info>
</gc-start>
<allocation-stats totalBytes="11050432" >
  <allocated-bytes non-tlh="0" tlh="11050432" />
  <largest-consumer threadName="Thread-8" threadId="0000000001354500" bytes="4693864" />
</allocation-stats>
<gc-op id="2844" type="mark" timems="2.135" contextid="2841" timestamp="2019-07-02T23:05:43.365">
  <trace-info objectcount="71274" scancount="63708" scanbytes="2401580" />
  <finalization candidates="124" enqueued="0" />
  <ownableSynchronizers candidates="3" cleared="0" />
  <references type="soft" candidates="84" cleared="0" enqueued="0" dynamicThreshold="20" maxThreshold="32" />
  <references type="weak" candidates="774" cleared="0" enqueued="0" />
  <references type="phantom" candidates="63" cleared="0" enqueued="0" />
  <stringconstants candidates="4574" cleared="0"  />
</gc-op>
<gc-op id="2845" type="sweep" timems="0.741" contextid="2841" timestamp="2019-07-02T23:05:43.366" />
<heap-resize id="2846" type="contract" space="tenure" amount="131072" count="1" timems="0.093" reason="excess free space following gc" timestamp="2019-07-02T23:05:43.366" />
<gc-end id="2847" type="global" contextid="2841" durationms="3.368" usertimems="8.000" systemtimems="0.000" timestamp="2019-07-02T23:05:43.367" activeThreads="4">
  <mem-info id="2848" free="10945704" total="16908288" percent="64">
    <mem type="tenure" free="10945704" total="16908288" percent="64" micro-fragmented="0" macro-fragmented="0">
      <mem type="soa" free="10861712" total="16739328" percent="64" />
      <mem type="loa" free="83992" total="168960" percent="49" />
    </mem>
  </mem-info>
</gc-end>
<cycle-end id="2849" type="global" contextid="2841" timestamp="2019-07-02T23:05:43.367">
  <attribute name="GC Util" value="243" />
  <attribute name="CPU Util" value="8456010171820" />
  <attribute name="Time Running"value="3930"/>
  <attribute name="Number of cores"value="4"/>
</cycle-end>
<allocation-satisfied id="2850" threadId="0000000001354500" bytesRequested="24" />
<af-end id="2851" timestamp="2019-07-02T23:05:43.367" threadId="0000000001354E88" success="true" />
<exclusive-end id="2852" timestamp="2019-07-02T23:05:43.367" durationms="4.039" />

<exclusive-start id="2853" timestamp="2019-07-02T23:05:43.372" intervalms="9.601">
  <response-info timems="0.045" idlems="0.043" threads="1" lastid="0000000001354500" lastname="Thread-8" />
</exclusive-start>
<af-start id="2854" threadId="000000000135C688" totalBytesRequested="24" timestamp="2019-07-02T23:05:43.373" intervalms="9.573" />
<cycle-start id="2855" type="global" contextid="0" timestamp="2019-07-02T23:05:43.373" intervalms="9.525" />
  <attribute name="GC Util" value="243" />
  <attribute name="CPU Util" value="8456010171820" />
  <attribute name="Time Running"value="3930"/>
  <attribute name="Number of cores"value="4"/>
<gc-start id="2856" type="global" contextid="2855" timestamp="2019-07-02T23:05:43.373">
  <mem-info id="2857" free="83992" total="16908288" percent="0">
    <mem type="tenure" free="83992" total="16908288" percent="0">
      <mem type="soa" free="0" total="16739328" percent="0" />
      <mem type="loa" free="83992" total="168960" percent="49" />
    </mem>
  </mem-info>
</gc-start>
<allocation-stats totalBytes="10859720" >
  <allocated-bytes non-tlh="0" tlh="10859720" />
  <largest-consumer threadName="Thread-8" threadId="0000000001354500" bytes="4371616" />
</allocation-stats>
<gc-op id="2858" type="mark" timems="1.228" contextid="2855" timestamp="2019-07-02T23:05:43.374">
  <trace-info objectcount="69126" scancount="61539" scanbytes="2350116" />
  <finalization candidates="124" enqueued="0" />
  <ownableSynchronizers candidates="3" cleared="0" />
  <references type="soft" candidates="84" cleared="0" enqueued="0" dynamicThreshold="20" maxThreshold="32" />
  <references type="weak" candidates="774" cleared="0" enqueued="0" />
  <references type="phantom" candidates="63" cleared="0" enqueued="0" />
  <stringconstants candidates="4574" cleared="0"  />
</gc-op>
<gc-op id="2859" type="sweep" timems="0.306" contextid="2855" timestamp="2019-07-02T23:05:43.374" />
<mem-info id="2860" free="10871616" total="16908288" percent="64">
  <mem type="tenure" free="10871616" total="16908288" percent="64" micro-fragmented="105098" macro-fragmented="0">
    <mem type="soa" free="10787624" total="16739328" percent="64" />
    <mem type="loa" free="83992" total="168960" percent="49" />
  </mem>
</mem-info>
<gc-op id="2861" type="compact" timems="4.341" contextid="2855" timestamp="2019-07-02T23:05:43.379">
  <compact-info movecount="29374" movebytes="1255520" reason="compact to aid heap contraction" />
</gc-op>
<heap-resize id="2862" type="contract" space="tenure" amount="131072" count="1" timems="0.089" reason="excess free space following gc" timestamp="2019-07-02T23:05:43.379" />
<gc-end id="2863" type="global" contextid="2855" durationms="6.500" usertimems="8.000" systemtimems="0.000" timestamp="2019-07-02T23:05:43.379" activeThreads="4">
  <mem-info id="2864" free="10854296" total="16777216" percent="64">
    <mem type="tenure" free="10854296" total="16777216" percent="64">
      <mem type="soa" free="10725272" total="16610304" percent="64" />
      <mem type="loa" free="129024" total="166912" percent="77" />
    </mem>
  </mem-info>
</gc-end>
<cycle-end id="2865" type="global" contextid="2855" timestamp="2019-07-02T23:05:43.379">
  <attribute name="GC Util" value="23" />
  <attribute name="CPU Util" value="42857344441642" />
  <attribute name="Time Running"value="3939"/>
  <attribute name="Number of cores"value="4"/>
</cycle-end>
<allocation-satisfied id="2866" threadId="000000000135BD00" bytesRequested="24" />
<af-end id="2867" timestamp="2019-07-02T23:05:43.379" threadId="000000000135C688" success="true" />
<exclusive-end id="2868" timestamp="2019-07-02T23:05:43.379" durationms="7.035" />

<exclusive-start id="2869" timestamp="2019-07-02T23:05:43.387" intervalms="14.431">
  <response-info timems="0.207" idlems="0.187" threads="1" lastid="0000000001354500" lastname="Thread-8" />
</exclusive-start>
<af-start id="2870" threadId="000000000135C688" totalBytesRequested="40" timestamp="2019-07-02T23:05:43.387" intervalms="14.475" />
<cycle-start id="2871" type="global" contextid="0" timestamp="2019-07-02T23:05:43.387" intervalms="14.481" />
  <attribute name="GC Util" value="23" />
  <attribute name="CPU Util" value="42857344441642" />
  <attribute name="Time Running"value="3939"/>
  <attribute name="Number of cores"value="4"/>
<gc-start id="2872" type="global" contextid="2871" timestamp="2019-07-02T23:05:43.387">
  <mem-info id="2873" free="129024" total="16777216" percent="0">
    <mem type="tenure" free="129024" total="16777216" percent="0">
      <mem type="soa" free="0" total="16610304" percent="0" />
      <mem type="loa" free="129024" total="166912" percent="77" />
    </mem>
  </mem-info>
</gc-start>
<allocation-stats totalBytes="10790488" >
  <allocated-bytes non-tlh="0" tlh="10790488" />
  <largest-consumer threadName="Thread-7" threadId="0000000001358100" bytes="3882856" />
</allocation-stats>
<gc-op id="2874" type="mark" timems="2.242" contextid="2871" timestamp="2019-07-02T23:05:43.390">
  <trace-info objectcount="71015" scancount="63452" scanbytes="2395308" />
  <finalization candidates="124" enqueued="0" />
  <ownableSynchronizers candidates="3" cleared="0" />
  <references type="soft" candidates="84" cleared="0" enqueued="0" dynamicThreshold="20" maxThreshold="32" />
  <references type="weak" candidates="774" cleared="0" enqueued="0" />
  <references type="phantom" candidates="63" cleared="0" enqueued="0" />
  <stringconstants candidates="4574" cleared="0"  />
</gc-op>
<gc-op id="2875" type="sweep" timems="0.731" contextid="2871" timestamp="2019-07-02T23:05:43.390" />
<heap-resize id="2876" type="contract" space="tenure" amount="131072" count="1" timems="0.094" reason="excess free space following gc" timestamp="2019-07-02T23:05:43.391" />
<gc-end id="2877" type="global" contextid="2871" durationms="3.512" usertimems="4.000" systemtimems="4.000" timestamp="2019-07-02T23:05:43.391" activeThreads="4">
  <mem-info id="2878" free="10609112" total="16646144" percent="63">
    <mem type="tenure" free="10609112" total="16646144" percent="63" micro-fragmented="0" macro-fragmented="0">
      <mem type="soa" free="10609112" total="16480256" percent="64" />
      <mem type="loa" free="0" total="165888" percent="0" />
    </mem>
  </mem-info>
</gc-end>
<cycle-end id="2879" type="global" contextid="2871" timestamp="2019-07-02T23:05:43.391">
  <attribute name="GC Util" value="231" />
  <attribute name="CPU Util" value="7939297727175" />
  <attribute name="Time Running"value="3954"/>
  <attribute name="Number of cores"value="4"/>
</cycle-end>
<allocation-satisfied id="2880" threadId="000000000135BD00" bytesRequested="40" />
<af-end id="2881" timestamp="2019-07-02T23:05:43.391" threadId="000000000135C688" success="true" />
<exclusive-end id="2882" timestamp="2019-07-02T23:05:43.391" durationms="4.226" />

<exclusive-start id="2883" timestamp="2019-07-02T23:05:43.397" intervalms="10.449">
  <response-info timems="0.069" idlems="0.069" threads="0" lastid="0000000001354500" lastname="Thread-8" />
</exclusive-start>
<af-start id="2884" threadId="0000000001354E88" totalBytesRequested="40" timestamp="2019-07-02T23:05:43.397" intervalms="10.391" />
<cycle-start id="2885" type="global" contextid="0" timestamp="2019-07-02T23:05:43.397" intervalms="10.385" />
  <attribute name="GC Util" value="231" />
  <attribute name="CPU Util" value="7939297727175" />
  <attribute name="Time Running"value="3954"/>
  <attribute name="Number of cores"value="4"/>
<gc-start id="2886" type="global" contextid="2885" timestamp="2019-07-02T23:05:43.398">
  <mem-info id="2887" free="0" total="16646144" percent="0">
    <mem type="tenure" free="0" total="16646144" percent="0">
      <mem type="soa" free="0" total="16480256" percent="0" />
      <mem type="loa" free="0" total="165888" percent="0" />
    </mem>
  </mem-info>
</gc-start>
<allocation-stats totalBytes="10609128" >
  <allocated-bytes non-tlh="0" tlh="10609128" />
  <largest-consumer threadName="Thread-10" threadId="000000000135BD00" bytes="3491560" />
</allocation-stats>
<gc-op id="2888" type="mark" timems="2.346" contextid="2885" timestamp="2019-07-02T23:05:43.400">
  <trace-info objectcount="66049" scancount="58467" scanbytes="2276380" />
  <finalization candidates="124" enqueued="0" />
  <ownableSynchronizers candidates="3" cleared="0" />
  <references type="soft" candidates="84" cleared="0" enqueued="0" dynamicThreshold="20" maxThreshold="32" />
  <references type="weak" candidates="774" cleared="0" enqueued="0" />
  <references type="phantom" candidates="63" cleared="0" enqueued="0" />
  <stringconstants candidates="4574" cleared="0"  />
</gc-op>
<gc-op id="2889" type="sweep" timems="0.772" contextid="2885" timestamp="2019-07-02T23:05:43.401" />
<mem-info id="2890" free="10663400" total="16646144" percent="64">
  <mem type="tenure" free="10663400" total="16646144" percent="64" micro-fragmented="37472" macro-fragmented="0">
    <mem type="soa" free="10663400" total="16480256" percent="64" />
    <mem type="loa" free="0" total="165888" percent="0" />
  </mem>
</mem-info>
<gc-op id="2891" type="compact" timems="5.586" contextid="2885" timestamp="2019-07-02T23:05:43.407">
  <compact-info movecount="19880" movebytes="890400" reason="compact to aid heap contraction" />
</gc-op>
<heap-resize id="2892" type="contract" space="tenure" amount="131072" count="1" timems="0.082" reason="excess free space following gc" timestamp="2019-07-02T23:05:43.407" />
<gc-end id="2893" type="global" contextid="2885" durationms="9.412" usertimems="12.000" systemtimems="4.000" timestamp="2019-07-02T23:05:43.407" activeThreads="4">
  <mem-info id="2894" free="10668960" total="16515072" percent="64">
    <mem type="tenure" free="10668960" total="16515072" percent="64">
      <mem type="soa" free="10538912" total="16350208" percent="64" />
      <mem type="loa" free="130048" total="164864" percent="78" />
    </mem>
  </mem-info>
</gc-end>
<cycle-end id="2895" type="global" contextid="2885" timestamp="2019-07-02T23:05:43.407">
  <attribute name="GC Util" value="163" />
  <attribute name="CPU Util" value="20012567189075" />
  <attribute name="Time Running"value="3966"/>
  <attribute name="Number of cores"value="4"/>
</cycle-end>
<allocation-satisfied id="2896" threadId="0000000001354500" bytesRequested="40" />
<af-end id="2897" timestamp="2019-07-02T23:05:43.407" threadId="0000000001354E88" success="true" />
<exclusive-end id="2898" timestamp="2019-07-02T23:05:43.407" durationms="10.036" />

<exclusive-start id="2899" timestamp="2019-07-02T23:05:43.413" intervalms="15.952">
  <response-info timems="0.069" idlems="0.069" threads="0" lastid="0000000001354500" lastname="Thread-8" />
</exclusive-start>
<af-start id="2900" threadId="0000000001354E88" totalBytesRequested="40" timestamp="2019-07-02T23:05:43.413" intervalms="15.965" />
<cycle-start id="2901" type="global" contextid="0" timestamp="2019-07-02T23:05:43.413" intervalms="15.963" />
  <attribute name="GC Util" value="163" />
  <attribute name="CPU Util" value="20012567189075" />
  <attribute name="Time Running"value="3966"/>
  <attribute name="Number of cores"value="4"/>
<gc-start id="2902" type="global" contextid="2901" timestamp="2019-07-02T23:05:43.414">
  <mem-info id="2903" free="130048" total="16515072" percent="0">
    <mem type="tenure" free="130048" total="16515072" percent="0">
      <mem type="soa" free="0" total="16350208" percent="0" />
      <mem type="loa" free="130048" total="164864" percent="78" />
    </mem>
  </mem-info>
</gc-start>
<allocation-stats totalBytes="10602800" >
  <allocated-bytes non-tlh="0" tlh="10602800" />
  <largest-consumer threadName="Thread-8" threadId="0000000001354500" bytes="4377848" />
</allocation-stats>
<gc-op id="2904" type="mark" timems="2.398" contextid="2901" timestamp="2019-07-02T23:05:43.416">
  <trace-info objectcount="66964" scancount="59387" scanbytes="2298508" />
  <finalization candidates="124" enqueued="0" />
  <ownableSynchronizers candidates="3" cleared="0" />
  <references type="soft" candidates="84" cleared="0" enqueued="0" dynamicThreshold="20" maxThreshold="32" />
  <references type="weak" candidates="774" cleared="0" enqueued="0" />
  <references type="phantom" candidates="63" cleared="0" enqueued="0" />
  <stringconstants candidates="4574" cleared="0"  />
</gc-op>
<gc-op id="2905" type="sweep" timems="0.716" contextid="2901" timestamp="2019-07-02T23:05:43.417" />
<heap-resize id="2906" type="contract" space="tenure" amount="131072" count="1" timems="0.079" reason="excess free space following gc" timestamp="2019-07-02T23:05:43.417" />
<gc-end id="2907" type="global" contextid="2901" durationms="3.517" usertimems="8.000" systemtimems="0.000" timestamp="2019-07-02T23:05:43.417" activeThreads="4">
  <mem-info id="2908" free="10445656" total="16384000" percent="63">
    <mem type="tenure" free="10445656" total="16384000" percent="63" micro-fragmented="24097" macro-fragmented="0">
      <mem type="soa" free="10445656" total="16220160" percent="64" />
      <mem type="loa" free="0" total="163840" percent="0" />
    </mem>
  </mem-info>
</gc-end>
<cycle-end id="2909" type="global" contextid="2901" timestamp="2019-07-02T23:05:43.417">
  <attribute name="GC Util" value="251" />
  <attribute name="CPU Util" value="7544949004547" />
  <attribute name="Time Running"value="3981"/>
  <attribute name="Number of cores"value="4"/>
</cycle-end>
<allocation-satisfied id="2910" threadId="0000000001354500" bytesRequested="40" />
<af-end id="2911" timestamp="2019-07-02T23:05:43.417" threadId="0000000001354E88" success="true" />
<exclusive-end id="2912" timestamp="2019-07-02T23:05:43.417" durationms="3.981" />

<exclusive-start id="2913" timestamp="2019-07-02T23:05:43.423" intervalms="9.545">
  <response-info timems="0.031" idlems="0.031" threads="0" lastid="0000000001354500" lastname="Thread-8" />
</exclusive-start>
<af-start id="2914" threadId="0000000001354E88" totalBytesRequested="40" timestamp="2019-07-02T23:05:43.423" intervalms="9.549" />
<cycle-start id="2915" type="global" contextid="0" timestamp="2019-07-02T23:05:43.423" intervalms="9.548" />
  <attribute name="GC Util" value="251" />
  <attribute name="CPU Util" value="7544949004547" />
  <attribute name="Time Running"value="3981"/>
  <attribute name="Number of cores"value="4"/>
<gc-start id="2916" type="global" contextid="2915" timestamp="2019-07-02T23:05:43.423">
  <mem-info id="2917" free="0" total="16384000" percent="0">
    <mem type="tenure" free="0" total="16384000" percent="0">
      <mem type="soa" free="0" total="16220160" percent="0" />
      <mem type="loa" free="0" total="163840" percent="0" />
    </mem>
  </mem-info>
</gc-start>
<allocation-stats totalBytes="10445576" >
  <allocated-bytes non-tlh="0" tlh="10445576" />
  <largest-consumer threadName="Thread-8" threadId="0000000001354500" bytes="3910256" />
</allocation-stats>
<gc-op id="2918" type="mark" timems="2.600" contextid="2915" timestamp="2019-07-02T23:05:43.426">
  <trace-info objectcount="67605" scancount="60025" scanbytes="2313724" />
  <finalization candidates="124" enqueued="0" />
  <ownableSynchronizers candidates="3" cleared="0" />
  <references type="soft" candidates="84" cleared="0" enqueued="0" dynamicThreshold="20" maxThreshold="32" />
  <references type="weak" candidates="774" cleared="0" enqueued="0" />
  <references type="phantom" candidates="63" cleared="0" enqueued="0" />
  <stringconstants candidates="4574" cleared="0"  />
</gc-op>
<gc-op id="2919" type="sweep" timems="0.609" contextid="2915" timestamp="2019-07-02T23:05:43.426" />
<mem-info id="2920" free="10409496" total="16384000" percent="63">
  <mem type="tenure" free="10409496" total="16384000" percent="63" micro-fragmented="16150" macro-fragmented="0">
    <mem type="soa" free="10409496" total="16220160" percent="64" />
    <mem type="loa" free="0" total="163840" percent="0" />
  </mem>
</mem-info>
<gc-op id="2921" type="compact" timems="4.990" contextid="2915" timestamp="2019-07-02T23:05:43.432">
  <compact-info movecount="7515" movebytes="318888" reason="compact to aid heap contraction" />
</gc-op>
<heap-resize id="2922" type="contract" space="tenure" amount="131072" count="1" timems="0.071" reason="excess free space following gc" timestamp="2019-07-02T23:05:43.432" />
<gc-end id="2923" type="global" contextid="2915" durationms="8.819" usertimems="16.000" systemtimems="0.000" timestamp="2019-07-02T23:05:43.432" activeThreads="4">
  <mem-info id="2924" free="10371520" total="16252928" percent="63">
    <mem type="tenure" free="10371520" total="16252928" percent="63">
      <mem type="soa" free="10242496" total="16091136" percent="63" />
      <mem type="loa" free="129024" total="161792" percent="79" />
    </mem>
  </mem-info>
</gc-end>
<cycle-end id="2925" type="global" contextid="2915" timestamp="2019-07-02T23:05:43.432">
  <attribute name="GC Util" value="135" />
  <attribute name="CPU Util" value="24473194673276" />
  <attribute name="Time Running"value="3991"/>
  <attribute name="Number of cores"value="4"/>
</cycle-end>
<allocation-satisfied id="2926" threadId="0000000001354500" bytesRequested="40" />
<af-end id="2927" timestamp="2019-07-02T23:05:43.432" threadId="0000000001354E88" success="true" />
<exclusive-end id="2928" timestamp="2019-07-02T23:05:43.432" durationms="9.559" />

<exclusive-start id="2929" timestamp="2019-07-02T23:05:43.438" intervalms="14.793">
  <response-info timems="0.035" idlems="0.035" threads="0" lastid="000000000135F900" lastname="Thread-9" />
</exclusive-start>
<af-start id="2930" threadId="0000000001360288" totalBytesRequested="40" timestamp="2019-07-02T23:05:43.438" intervalms="14.794" />
<cycle-start id="2931" type="global" contextid="0" timestamp="2019-07-02T23:05:43.438" intervalms="14.846" />
  <attribute name="GC Util" value="135" />
  <attribute name="CPU Util" value="24473194673276" />
  <attribute name="Time Running"value="3991"/>
  <attribute name="Number of cores"value="4"/>
<gc-start id="2932" type="global" contextid="2931" timestamp="2019-07-02T23:05:43.438">
  <mem-info id="2933" free="129024" total="16252928" percent="0">
    <mem type="tenure" free="129024" total="16252928" percent="0">
      <mem type="soa" free="0" total="16091136" percent="0" />
      <mem type="loa" free="129024" total="161792" percent="79" />
    </mem>
  </mem-info>
</gc-start>
<allocation-stats totalBytes="10306464" >
  <allocated-bytes non-tlh="0" tlh="10306464" />
  <largest-consumer threadName="Thread-9" threadId="000000000135F900" bytes="3835800" />
</allocation-stats>
<gc-op id="2934" type="mark" timems="2.007" contextid="2931" timestamp="2019-07-02T23:05:43.440">
  <trace-info objectcount="64670" scancount="57097" scanbytes="2243612" />
  <finalization candidates="124" enqueued="0" />
  <ownableSynchronizers candidates="3" cleared="0" />
  <references type="soft" candidates="84" cleared="0" enqueued="0" dynamicThreshold="20" maxThreshold="32" />
  <references type="weak" candidates="774" cleared="0" enqueued="0" />
  <references type="phantom" candidates="63" cleared="0" enqueued="0" />
  <stringconstants candidates="4574" cleared="0"  />
</gc-op>
<gc-op id="2935" type="sweep" timems="0.748" contextid="2931" timestamp="2019-07-02T23:05:43.441" />
<heap-resize id="2936" type="contract" space="tenure" amount="131072" count="1" timems="0.048" reason="excess free space following gc" timestamp="2019-07-02T23:05:43.441" />
<gc-end id="2937" type="global" contextid="2931" durationms="3.167" usertimems="8.000" systemtimems="0.000" timestamp="2019-07-02T23:05:43.441" activeThreads="4">
  <mem-info id="2938" free="10179216" total="16121856" percent="63">
    <mem type="tenure" free="10179216" total="16121856" percent="63" micro-fragmented="109728" macro-fragmented="0">
      <mem type="soa" free="10097744" total="15961088" percent="63" />
      <mem type="loa" free="81472" total="160768" percent="50" />
    </mem>
  </mem-info>
</gc-end>
<cycle-end id="2939" type="global" contextid="2931" timestamp="2019-07-02T23:05:43.441">
  <attribute name="GC Util" value="252" />
  <attribute name="CPU Util" value="8995173397676" />
  <attribute name="Time Running"value="4005"/>
  <attribute name="Number of cores"value="4"/>
</cycle-end>
<allocation-satisfied id="2940" threadId="000000000135F900" bytesRequested="40" />
<af-end id="2941" timestamp="2019-07-02T23:05:43.441" threadId="0000000001360288" success="true" />
<exclusive-end id="2942" timestamp="2019-07-02T23:05:43.441" durationms="3.787" />

<exclusive-start id="2943" timestamp="2019-07-02T23:05:43.446" intervalms="8.398">
  <response-info timems="0.030" idlems="0.030" threads="0" lastid="000000000135BD00" lastname="Thread-10" />
</exclusive-start>
<af-start id="2944" threadId="000000000135C688" totalBytesRequested="40" timestamp="2019-07-02T23:05:43.446" intervalms="8.400" />
<cycle-start id="2945" type="global" contextid="0" timestamp="2019-07-02T23:05:43.446" intervalms="8.355" />
  <attribute name="GC Util" value="252" />
  <attribute name="CPU Util" value="8995173397676" />
  <attribute name="Time Running"value="4005"/>
  <attribute name="Number of cores"value="4"/>
<gc-start id="2946" type="global" contextid="2945" timestamp="2019-07-02T23:05:43.446">
  <mem-info id="2947" free="81472" total="16121856" percent="0">
    <mem type="tenure" free="81472" total="16121856" percent="0">
      <mem type="soa" free="0" total="15961088" percent="0" />
      <mem type="loa" free="81472" total="160768" percent="50" />
    </mem>
  </mem-info>
</gc-start>
<allocation-stats totalBytes="10161080" >
  <allocated-bytes non-tlh="0" tlh="10161080" />
  <largest-consumer threadName="Thread-9" threadId="000000000135F900" bytes="3981424" />
</allocation-stats>
<gc-op id="2948" type="mark" timems="1.172" contextid="2945" timestamp="2019-07-02T23:05:43.448">
  <trace-info objectcount="65894" scancount="58320" scanbytes="2272852" />
  <finalization candidates="124" enqueued="0" />
  <ownableSynchronizers candidates="3" cleared="0" />
  <references type="soft" candidates="84" cleared="0" enqueued="0" dynamicThreshold="20" maxThreshold="32" />
  <references type="weak" candidates="774" cleared="0" enqueued="0" />
  <references type="phantom" candidates="63" cleared="0" enqueued="0" />
  <stringconstants candidates="4574" cleared="0"  />
</gc-op>
<gc-op id="2949" type="sweep" timems="0.281" contextid="2945" timestamp="2019-07-02T23:05:43.448" />
<mem-info id="2950" free="10191848" total="16121856" percent="63">
  <mem type="tenure" free="10191848" total="16121856" percent="63" micro-fragmented="93109" macro-fragmented="0">
    <mem type="soa" free="10110376" total="15961088" percent="63" />
    <mem type="loa" free="81472" total="160768" percent="50" />
  </mem>
</mem-info>
<gc-op id="2951" type="compact" timems="4.053" contextid="2945" timestamp="2019-07-02T23:05:43.452">
  <compact-info movecount="26152" movebytes="1178496" reason="compact to aid heap contraction" />
</gc-op>
<heap-resize id="2952" type="contract" space="tenure" amount="131072" count="1" timems="0.075" reason="excess free space following gc" timestamp="2019-07-02T23:05:43.452" />
<gc-end id="2953" type="global" contextid="2945" durationms="6.039" usertimems="12.000" systemtimems="0.000" timestamp="2019-07-02T23:05:43.452" activeThreads="4">
  <mem-info id="2954" free="10153320" total="15990784" percent="63">
    <mem type="tenure" free="10153320" total="15990784" percent="63">
      <mem type="soa" free="10023272" total="15831040" percent="63" />
      <mem type="loa" free="130048" total="159744" percent="81" />
    </mem>
  </mem-info>
</gc-end>
<cycle-end id="2955" type="global" contextid="2945" timestamp="2019-07-02T23:05:43.452">
  <attribute name="GC Util" value="17" />
  <attribute name="CPU Util" value="45848303320101" />
  <attribute name="Time Running"value="4013"/>
  <attribute name="Number of cores"value="4"/>
</cycle-end>
<allocation-satisfied id="2956" threadId="000000000135BD00" bytesRequested="40" />
<af-end id="2957" timestamp="2019-07-02T23:05:43.452" threadId="000000000135C688" success="true" />
<exclusive-end id="2958" timestamp="2019-07-02T23:05:43.453" durationms="6.506" />

<exclusive-start id="2959" timestamp="2019-07-02T23:05:43.461" intervalms="14.716">
  <response-info timems="0.049" idlems="0.026" threads="1" lastid="000000000135BD00" lastname="Thread-10" />
</exclusive-start>
<af-start id="2960" threadId="0000000001354E88" totalBytesRequested="40" timestamp="2019-07-02T23:05:43.461" intervalms="14.703" />
<cycle-start id="2961" type="global" contextid="0" timestamp="2019-07-02T23:05:43.461" intervalms="14.700" />
  <attribute name="GC Util" value="17" />
  <attribute name="CPU Util" value="45848303320101" />
  <attribute name="Time Running"value="4013"/>
  <attribute name="Number of cores"value="4"/>
<gc-start id="2962" type="global" contextid="2961" timestamp="2019-07-02T23:05:43.461">
  <mem-info id="2963" free="130048" total="15990784" percent="0">
    <mem type="tenure" free="130048" total="15990784" percent="0">
      <mem type="soa" free="0" total="15831040" percent="0" />
      <mem type="loa" free="130048" total="159744" percent="81" />
    </mem>
  </mem-info>
</gc-start>
<allocation-stats totalBytes="10087608" >
  <allocated-bytes non-tlh="0" tlh="10087608" />
  <largest-consumer threadName="Thread-7" threadId="0000000001358100" bytes="4275664" />
</allocation-stats>
<gc-op id="2964" type="mark" timems="2.103" contextid="2961" timestamp="2019-07-02T23:05:43.463">
  <trace-info objectcount="66927" scancount="59354" scanbytes="2297868" />
  <finalization candidates="124" enqueued="0" />
  <ownableSynchronizers candidates="3" cleared="0" />
  <references type="soft" candidates="84" cleared="0" enqueued="0" dynamicThreshold="20" maxThreshold="32" />
  <references type="weak" candidates="774" cleared="0" enqueued="0" />
  <references type="phantom" candidates="63" cleared="0" enqueued="0" />
  <stringconstants candidates="4574" cleared="0"  />
</gc-op>
<gc-op id="2965" type="sweep" timems="0.706" contextid="2961" timestamp="2019-07-02T23:05:43.464" />
<heap-resize id="2966" type="contract" space="tenure" amount="131072" count="1" timems="0.091" reason="excess free space following gc" timestamp="2019-07-02T23:05:43.464" />
<gc-end id="2967" type="global" contextid="2961" durationms="3.428" usertimems="8.000" systemtimems="0.000" timestamp="2019-07-02T23:05:43.464" activeThreads="4">
  <mem-info id="2968" free="10003224" total="15859712" percent="63">
    <mem type="tenure" free="10003224" total="15859712" percent="63" micro-fragmented="17463" macro-fragmented="0">
      <mem type="soa" free="9932184" total="15702016" percent="63" />
      <mem type="loa" free="71040" total="157696" percent="45" />
    </mem>
  </mem-info>
</gc-end>
<cycle-end id="2969" type="global" contextid="2961" timestamp="2019-07-02T23:05:43.465">
  <attribute name="GC Util" value="253" />
  <attribute name="CPU Util" value="8440537426101" />
  <attribute name="Time Running"value="4028"/>
  <attribute name="Number of cores"value="4"/>
</cycle-end>
<allocation-satisfied id="2970" threadId="0000000001354500" bytesRequested="40" />
<af-end id="2971" timestamp="2019-07-02T23:05:43.465" threadId="0000000001354E88" success="true" />
<exclusive-end id="2972" timestamp="2019-07-02T23:05:43.465" durationms="4.023" />

<exclusive-start id="2973" timestamp="2019-07-02T23:05:43.471" intervalms="10.487">
  <response-info timems="0.107" idlems="0.072" threads="2" lastid="0000000001354500" lastname="Thread-8" />
</exclusive-start>
<af-start id="2974" threadId="000000000135C688" totalBytesRequested="40" timestamp="2019-07-02T23:05:43.471" intervalms="10.541" />
<cycle-start id="2975" type="global" contextid="0" timestamp="2019-07-02T23:05:43.472" intervalms="10.607" />
  <attribute name="GC Util" value="253" />
  <attribute name="CPU Util" value="8440537426101" />
  <attribute name="Time Running"value="4028"/>
  <attribute name="Number of cores"value="4"/>
<gc-start id="2976" type="global" contextid="2975" timestamp="2019-07-02T23:05:43.472">
  <mem-info id="2977" free="71040" total="15859712" percent="0">
    <mem type="tenure" free="71040" total="15859712" percent="0">
      <mem type="soa" free="0" total="15702016" percent="0" />
      <mem type="loa" free="71040" total="157696" percent="45" />
    </mem>
  </mem-info>
</gc-start>
<allocation-stats totalBytes="9932400" >
  <allocated-bytes non-tlh="0" tlh="9932400" />
  <largest-consumer threadName="Thread-9" threadId="000000000135F900" bytes="5307872" />
</allocation-stats>
<gc-op id="2978" type="mark" timems="1.979" contextid="2975" timestamp="2019-07-02T23:05:43.474">
  <trace-info objectcount="68366" scancount="60792" scanbytes="2332284" />
  <finalization candidates="124" enqueued="0" />
  <ownableSynchronizers candidates="3" cleared="0" />
  <references type="soft" candidates="84" cleared="0" enqueued="0" dynamicThreshold="20" maxThreshold="32" />
  <references type="weak" candidates="774" cleared="0" enqueued="0" />
  <references type="phantom" candidates="63" cleared="0" enqueued="0" />
  <stringconstants candidates="4574" cleared="0"  />
</gc-op>
<gc-op id="2979" type="sweep" timems="0.755" contextid="2975" timestamp="2019-07-02T23:05:43.475" />
<mem-info id="2980" free="9949488" total="15859712" percent="62">
  <mem type="tenure" free="9949488" total="15859712" percent="62" micro-fragmented="19256" macro-fragmented="0">
    <mem type="soa" free="9867912" total="15702016" percent="62" />
    <mem type="loa" free="81576" total="157696" percent="51" />
  </mem>
</mem-info>
<gc-op id="2981" type="compact" timems="4.657" contextid="2975" timestamp="2019-07-02T23:05:43.480">
  <compact-info movecount="11179" movebytes="407120" reason="compact to aid heap contraction" />
</gc-op>
<heap-resize id="2982" type="contract" space="tenure" amount="131072" count="1" timems="0.081" reason="excess free space following gc" timestamp="2019-07-02T23:05:43.480" />
<gc-end id="2983" type="global" contextid="2975" durationms="8.306" usertimems="16.000" systemtimems="0.000" timestamp="2019-07-02T23:05:43.480" activeThreads="4">
  <mem-info id="2984" free="9834816" total="15728640" percent="62">
    <mem type="tenure" free="9834816" total="15728640" percent="62">
      <mem type="soa" free="9704768" total="15571968" percent="62" />
      <mem type="loa" free="130048" total="156672" percent="83" />
    </mem>
  </mem-info>
</gc-end>
<cycle-end id="2985" type="global" contextid="2975" timestamp="2019-07-02T23:05:43.480">
  <attribute name="GC Util" value="144" />
  <attribute name="CPU Util" value="18146224280343" />
  <attribute name="Time Running"value="4040"/>
  <attribute name="Number of cores"value="4"/>
</cycle-end>
<allocation-satisfied id="2986" threadId="000000000135BD00" bytesRequested="40" />
<af-end id="2987" timestamp="2019-07-02T23:05:43.480" threadId="000000000135C688" success="true" />
<exclusive-end id="2988" timestamp="2019-07-02T23:05:43.480" durationms="9.175" />

<exclusive-start id="2989" timestamp="2019-07-02T23:05:43.487" intervalms="16.177">
  <response-info timems="0.030" idlems="0.030" threads="0" lastid="000000000135F900" lastname="Thread-9" />
</exclusive-start>
<af-start id="2990" threadId="0000000001360288" totalBytesRequested="40" timestamp="2019-07-02T23:05:43.488" intervalms="16.177" />
<cycle-start id="2991" type="global" contextid="0" timestamp="2019-07-02T23:05:43.488" intervalms="16.171" />
  <attribute name="GC Util" value="144" />
  <attribute name="CPU Util" value="18146224280343" />
  <attribute name="Time Running"value="4040"/>
  <attribute name="Number of cores"value="4"/>
<gc-start id="2992" type="global" contextid="2991" timestamp="2019-07-02T23:05:43.488">
  <mem-info id="2993" free="130048" total="15728640" percent="0">
    <mem type="tenure" free="130048" total="15728640" percent="0">
      <mem type="soa" free="0" total="15571968" percent="0" />
      <mem type="loa" free="130048" total="156672" percent="83" />
    </mem>
  </mem-info>
</gc-start>
<allocation-stats totalBytes="9768880" >
  <allocated-bytes non-tlh="0" tlh="9768880" />
  <largest-consumer threadName="Thread-7" threadId="0000000001358100" bytes="3636760" />
</allocation-stats>
<gc-op id="2994" type="mark" timems="2.076" contextid="2991" timestamp="2019-07-02T23:05:43.490">
  <trace-info objectcount="68912" scancount="61335" scanbytes="2345228" />
  <finalization candidates="124" enqueued="0" />
  <ownableSynchronizers candidates="3" cleared="0" />
  <references type="soft" candidates="84" cleared="0" enqueued="0" dynamicThreshold="20" maxThreshold="32" />
  <references type="weak" candidates="774" cleared="0" enqueued="0" />
  <references type="phantom" candidates="63" cleared="0" enqueued="0" />
  <stringconstants candidates="4574" cleared="0"  />
</gc-op>
<gc-op id="2995" type="sweep" timems="0.557" contextid="2991" timestamp="2019-07-02T23:05:43.491" />
<heap-resize id="2996" type="contract" space="tenure" amount="131072" count="1" timems="0.046" reason="excess free space following gc" timestamp="2019-07-02T23:05:43.491" />
<gc-end id="2997" type="global" contextid="2991" durationms="3.137" usertimems="8.000" systemtimems="0.000" timestamp="2019-07-02T23:05:43.491" activeThreads="4">
  <mem-info id="2998" free="9696896" total="15597568" percent="62">
    <mem type="tenure" free="9696896" total="15597568" percent="62" micro-fragmented="15683" macro-fragmented="0">
      <mem type="soa" free="9616704" total="15441920" percent="62" />
      <mem type="loa" free="80192" total="155648" percent="51" />
    </mem>
  </mem-info>
</gc-end>
<cycle-end id="2999" type="global" contextid="2991" timestamp="2019-07-02T23:05:43.491">
  <attribute name="GC Util" value="243" />
  <attribute name="CPU Util" value="8542255229447" />
  <attribute name="Time Running"value="4055"/>
  <attribute name="Number of cores"value="4"/>
</cycle-end>
<allocation-satisfied id="3000" threadId="000000000135F900" bytesRequested="40" />
<af-end id="3001" timestamp="2019-07-02T23:05:43.491" threadId="0000000001360288" success="true" />
<exclusive-end id="3002" timestamp="2019-07-02T23:05:43.491" durationms="3.754" />

<exclusive-start id="3003" timestamp="2019-07-02T23:05:43.496" intervalms="8.682">
  <response-info timems="0.030" idlems="0.030" threads="0" lastid="0000000001358100" lastname="Thread-7" />
</exclusive-start>
<af-start id="3004" threadId="0000000001358A88" totalBytesRequested="40" timestamp="2019-07-02T23:05:43.496" intervalms="8.635" />
<cycle-start id="3005" type="global" contextid="0" timestamp="2019-07-02T23:05:43.496" intervalms="8.576" />
  <attribute name="GC Util" value="243" />
  <attribute name="CPU Util" value="8542255229447" />
  <attribute name="Time Running"value="4055"/>
  <attribute name="Number of cores"value="4"/>
<gc-start id="3006" type="global" contextid="3005" timestamp="2019-07-02T23:05:43.496">
  <mem-info id="3007" free="80192" total="15597568" percent="0">
    <mem type="tenure" free="80192" total="15597568" percent="0">
      <mem type="soa" free="0" total="15441920" percent="0" />
      <mem type="loa" free="80192" total="155648" percent="51" />
    </mem>
  </mem-info>
</gc-start>
<allocation-stats totalBytes="9617600" >
  <allocated-bytes non-tlh="0" tlh="9617600" />
  <largest-consumer threadName="Thread-9" threadId="000000000135F900" bytes="3768464" />
</allocation-stats>
<gc-op id="3008" type="mark" timems="1.260" contextid="3005" timestamp="2019-07-02T23:05:43.498">
  <trace-info objectcount="69643" scancount="62068" scanbytes="2362780" />
  <finalization candidates="124" enqueued="0" />
  <ownableSynchronizers candidates="3" cleared="0" />
  <references type="soft" candidates="84" cleared="0" enqueued="0" dynamicThreshold="19" maxThreshold="32" />
  <references type="weak" candidates="774" cleared="0" enqueued="0" />
  <references type="phantom" candidates="63" cleared="0" enqueued="0" />
  <stringconstants candidates="4574" cleared="0"  />
</gc-op>
<gc-op id="3009" type="sweep" timems="0.272" contextid="3005" timestamp="2019-07-02T23:05:43.498" />
<mem-info id="3010" free="9674680" total="15597568" percent="62">
  <mem type="tenure" free="9674680" total="15597568" percent="62" micro-fragmented="18464" macro-fragmented="0">
    <mem type="soa" free="9585488" total="15441920" percent="62" />
    <mem type="loa" free="89192" total="155648" percent="57" />
  </mem>
</mem-info>
<gc-op id="3011" type="compact" timems="3.157" contextid="3005" timestamp="2019-07-02T23:05:43.501">
  <compact-info movecount="5199" movebytes="126072" reason="compact to aid heap contraction" />
</gc-op>
<heap-resize id="3012" type="contract" space="tenure" amount="131072" count="1" timems="0.068" reason="excess free space following gc" timestamp="2019-07-02T23:05:43.501" />
<gc-end id="3013" type="global" contextid="3005" durationms="5.210" usertimems="12.000" systemtimems="0.000" timestamp="2019-07-02T23:05:43.502" activeThreads="4">
  <mem-info id="3014" free="9544224" total="15466496" percent="61">
    <mem type="tenure" free="9544224" total="15466496" percent="61">
      <mem type="soa" free="9414176" total="15311872" percent="61" />
      <mem type="loa" free="130048" total="154624" percent="84" />
    </mem>
  </mem-info>
</gc-end>
<cycle-end id="3015" type="global" contextid="3005" timestamp="2019-07-02T23:05:43.502">
  <attribute name="GC Util" value="17" />
  <attribute name="CPU Util" value="48448440968842" />
  <attribute name="Time Running"value="4063"/>
  <attribute name="Number of cores"value="4"/>
</cycle-end>
<allocation-satisfied id="3016" threadId="0000000001358100" bytesRequested="40" />
<af-end id="3017" timestamp="2019-07-02T23:05:43.502" threadId="0000000001358A88" success="true" />
<exclusive-end id="3018" timestamp="2019-07-02T23:05:43.502" durationms="5.663" />

<exclusive-start id="3019" timestamp="2019-07-02T23:05:43.507" intervalms="10.704">
  <response-info timems="0.037" idlems="0.021" threads="1" lastid="0000000001354500" lastname="Thread-8" />
</exclusive-start>
<af-start id="3020" threadId="000000000135C688" totalBytesRequested="40" timestamp="2019-07-02T23:05:43.507" intervalms="10.707" />
<cycle-start id="3021" type="global" contextid="0" timestamp="2019-07-02T23:05:43.507" intervalms="10.703" />
  <attribute name="GC Util" value="17" />
  <attribute name="CPU Util" value="48448440968842" />
  <attribute name="Time Running"value="4063"/>
  <attribute name="Number of cores"value="4"/>
<gc-start id="3022" type="global" contextid="3021" timestamp="2019-07-02T23:05:43.507">
  <mem-info id="3023" free="130048" total="15466496" percent="0">
    <mem type="tenure" free="130048" total="15466496" percent="0">
      <mem type="soa" free="0" total="15311872" percent="0" />
      <mem type="loa" free="130048" total="154624" percent="84" />
    </mem>
  </mem-info>
</gc-start>
<allocation-stats totalBytes="9477976" >
  <allocated-bytes non-tlh="0" tlh="9477976" />
  <largest-consumer threadName="Thread-9" threadId="000000000135F900" bytes="4029760" />
</allocation-stats>
<gc-op id="3024" type="mark" timems="2.064" contextid="3021" timestamp="2019-07-02T23:05:43.509">
  <trace-info objectcount="65848" scancount="58285" scanbytes="2271948" />
  <finalization candidates="124" enqueued="0" />
  <ownableSynchronizers candidates="3" cleared="0" />
  <references type="soft" candidates="84" cleared="0" enqueued="0" dynamicThreshold="19" maxThreshold="32" />
  <references type="weak" candidates="774" cleared="0" enqueued="0" />
  <references type="phantom" candidates="63" cleared="0" enqueued="0" />
  <stringconstants candidates="4574" cleared="0"  />
</gc-op>
<gc-op id="3025" type="sweep" timems="0.735" contextid="3021" timestamp="2019-07-02T23:05:43.510" />
<heap-resize id="3026" type="contract" space="tenure" amount="131072" count="1" timems="0.077" reason="excess free space following gc" timestamp="2019-07-02T23:05:43.510" />
<gc-end id="3027" type="global" contextid="3021" durationms="3.301" usertimems="0.000" systemtimems="12.000" timestamp="2019-07-02T23:05:43.510" activeThreads="4">
  <mem-info id="3028" free="9350728" total="15335424" percent="60">
    <mem type="tenure" free="9350728" total="15335424" percent="60" micro-fragmented="68378" macro-fragmented="0">
      <mem type="soa" free="9350728" total="15182848" percent="61" />
      <mem type="loa" free="0" total="152576" percent="0" />
    </mem>
  </mem-info>
</gc-end>
<cycle-end id="3029" type="global" contextid="3021" timestamp="2019-07-02T23:05:43.510">
  <attribute name="GC Util" value="235" />
  <attribute name="CPU Util" value="8563482809349" />
  <attribute name="Time Running"value="4074"/>
  <attribute name="Number of cores"value="4"/>
</cycle-end>
<allocation-satisfied id="3030" threadId="000000000135BD00" bytesRequested="40" />
<af-end id="3031" timestamp="2019-07-02T23:05:43.510" threadId="000000000135C688" success="true" />
<exclusive-end id="3032" timestamp="2019-07-02T23:05:43.511" durationms="3.725" />

<exclusive-start id="3033" timestamp="2019-07-02T23:05:43.515" intervalms="8.463">
  <response-info timems="0.028" idlems="0.028" threads="0" lastid="0000000001358100" lastname="Thread-7" />
</exclusive-start>
<af-start id="3034" threadId="0000000001358A88" totalBytesRequested="40" timestamp="2019-07-02T23:05:43.515" intervalms="8.457" />
<cycle-start id="3035" type="global" contextid="0" timestamp="2019-07-02T23:05:43.515" intervalms="8.460" />
  <attribute name="GC Util" value="235" />
  <attribute name="CPU Util" value="8563482809349" />
  <attribute name="Time Running"value="4074"/>
  <attribute name="Number of cores"value="4"/>
<gc-start id="3036" type="global" contextid="3035" timestamp="2019-07-02T23:05:43.515">
  <mem-info id="3037" free="0" total="15335424" percent="0">
    <mem type="tenure" free="0" total="15335424" percent="0">
      <mem type="soa" free="0" total="15182848" percent="0" />
      <mem type="loa" free="0" total="152576" percent="0" />
    </mem>
  </mem-info>
</gc-start>
<allocation-stats totalBytes="9349784" >
  <allocated-bytes non-tlh="0" tlh="9349784" />
  <largest-consumer threadName="Thread-9" threadId="000000000135F900" bytes="3943800" />
</allocation-stats>
<gc-op id="3038" type="mark" timems="1.156" contextid="3035" timestamp="2019-07-02T23:05:43.517">
  <trace-info objectcount="66971" scancount="59395" scanbytes="2298852" />
  <finalization candidates="124" enqueued="0" />
  <ownableSynchronizers candidates="3" cleared="0" />
  <references type="soft" candidates="84" cleared="0" enqueued="0" dynamicThreshold="19" maxThreshold="32" />
  <references type="weak" candidates="774" cleared="0" enqueued="0" />
  <references type="phantom" candidates="63" cleared="0" enqueued="0" />
  <stringconstants candidates="4574" cleared="0"  />
</gc-op>
<gc-op id="3039" type="sweep" timems="0.292" contextid="3035" timestamp="2019-07-02T23:05:43.517" />
<gc-end id="3040" type="global" contextid="3035" durationms="1.706" usertimems="8.000" systemtimems="0.000" timestamp="2019-07-02T23:05:43.517" activeThreads="4">
  <mem-info id="3041" free="9393112" total="15335424" percent="61">
    <mem type="tenure" free="9393112" total="15335424" percent="61" micro-fragmented="88251" macro-fragmented="0">
      <mem type="soa" free="9299416" total="15182848" percent="61" />
      <mem type="loa" free="93696" total="152576" percent="61" />
    </mem>
  </mem-info>
</gc-end>
<cycle-end id="3042" type="global" contextid="3035" timestamp="2019-07-02T23:05:43.517">
  <attribute name="GC Util" value="215" />
  <attribute name="CPU Util" value="15203878289271" />
  <attribute name="Time Running"value="4082"/>
  <attribute name="Number of cores"value="4"/>
</cycle-end>
<allocation-satisfied id="3043" threadId="0000000001358100" bytesRequested="40" />
<af-end id="3044" timestamp="2019-07-02T23:05:43.517" threadId="0000000001358A88" success="true" />
<exclusive-end id="3045" timestamp="2019-07-02T23:05:43.517" durationms="2.183" />

<exclusive-start id="3046" timestamp="2019-07-02T23:05:43.522" intervalms="6.977">
  <response-info timems="0.022" idlems="0.021" threads="1" lastid="000000000135BD00" lastname="Thread-10" />
</exclusive-start>
<af-start id="3047" threadId="0000000001358A88" totalBytesRequested="40" timestamp="2019-07-02T23:05:43.522" intervalms="6.978" />
<cycle-start id="3048" type="global" contextid="0" timestamp="2019-07-02T23:05:43.522" intervalms="6.975" />
  <attribute name="GC Util" value="215" />
  <attribute name="CPU Util" value="15203878289271" />
  <attribute name="Time Running"value="4082"/>
  <attribute name="Number of cores"value="4"/>
<gc-start id="3049" type="global" contextid="3048" timestamp="2019-07-02T23:05:43.522">
  <mem-info id="3050" free="93696" total="15335424" percent="0">
    <mem type="tenure" free="93696" total="15335424" percent="0">
      <mem type="soa" free="0" total="15182848" percent="0" />
      <mem type="loa" free="93696" total="152576" percent="61" />
    </mem>
  </mem-info>
</gc-start>
<allocation-stats totalBytes="9297088" >
  <allocated-bytes non-tlh="0" tlh="9297088" />
  <largest-consumer threadName="Thread-9" threadId="000000000135F900" bytes="3819552" />
</allocation-stats>
<gc-op id="3051" type="mark" timems="1.097" contextid="3048" timestamp="2019-07-02T23:05:43.524">
  <trace-info objectcount="68488" scancount="60897" scanbytes="2335332" />
  <finalization candidates="124" enqueued="0" />
  <ownableSynchronizers candidates="3" cleared="0" />
  <references type="soft" candidates="84" cleared="0" enqueued="0" dynamicThreshold="19" maxThreshold="32" />
  <references type="weak" candidates="774" cleared="0" enqueued="0" />
  <references type="phantom" candidates="63" cleared="0" enqueued="0" />
  <stringconstants candidates="4574" cleared="0"  />
</gc-op>
<gc-op id="3052" type="sweep" timems="0.307" contextid="3048" timestamp="2019-07-02T23:05:43.524" />
<gc-end id="3053" type="global" contextid="3048" durationms="1.653" usertimems="4.000" systemtimems="0.000" timestamp="2019-07-02T23:05:43.524" activeThreads="4">
  <mem-info id="3054" free="9337288" total="15335424" percent="60">
    <mem type="tenure" free="9337288" total="15335424" percent="60" micro-fragmented="76007" macro-fragmented="0">
      <mem type="soa" free="9243592" total="15182848" percent="60" />
      <mem type="loa" free="93696" total="152576" percent="61" />
    </mem>
  </mem-info>
</gc-end>
<cycle-end id="3055" type="global" contextid="3048" timestamp="2019-07-02T23:05:43.524">
  <attribute name="GC Util" value="231" />
  <attribute name="CPU Util" value="15915605565774" />
  <attribute name="Time Running"value="4089"/>
  <attribute name="Number of cores"value="4"/>
</cycle-end>
<allocation-satisfied id="3056" threadId="0000000001358100" bytesRequested="40" />
<af-end id="3057" timestamp="2019-07-02T23:05:43.524" threadId="0000000001358A88" success="true" />
<exclusive-end id="3058" timestamp="2019-07-02T23:05:43.524" durationms="2.093" />

<exclusive-start id="3059" timestamp="2019-07-02T23:05:43.529" intervalms="7.249">
  <response-info timems="0.026" idlems="0.026" threads="0" lastid="000000000135F900" lastname="Thread-9" />
</exclusive-start>
<af-start id="3060" threadId="0000000001360288" totalBytesRequested="40" timestamp="2019-07-02T23:05:43.530" intervalms="7.261" />
<cycle-start id="3061" type="global" contextid="0" timestamp="2019-07-02T23:05:43.530" intervalms="7.265" />
  <attribute name="GC Util" value="231" />
  <attribute name="CPU Util" value="15915605565774" />
  <attribute name="Time Running"value="4089"/>
  <attribute name="Number of cores"value="4"/>
<gc-start id="3062" type="global" contextid="3061" timestamp="2019-07-02T23:05:43.530">
  <mem-info id="3063" free="93696" total="15335424" percent="0">
    <mem type="tenure" free="93696" total="15335424" percent="0">
      <mem type="soa" free="0" total="15182848" percent="0" />
      <mem type="loa" free="93696" total="152576" percent="61" />
    </mem>
  </mem-info>
</gc-start>
<allocation-stats totalBytes="9239256" >
  <allocated-bytes non-tlh="0" tlh="9239256" />
  <largest-consumer threadName="Thread-9" threadId="000000000135F900" bytes="3880480" />
</allocation-stats>
<gc-op id="3064" type="mark" timems="2.229" contextid="3061" timestamp="2019-07-02T23:05:43.532">
  <trace-info objectcount="70468" scancount="62889" scanbytes="2382836" />
  <finalization candidates="124" enqueued="0" />
  <ownableSynchronizers candidates="3" cleared="0" />
  <references type="soft" candidates="84" cleared="0" enqueued="0" dynamicThreshold="19" maxThreshold="32" />
  <references type="weak" candidates="774" cleared="0" enqueued="0" />
  <references type="phantom" candidates="63" cleared="0" enqueued="0" />
  <stringconstants candidates="4574" cleared="0"  />
</gc-op>
<gc-op id="3065" type="sweep" timems="0.830" contextid="3061" timestamp="2019-07-02T23:05:43.533" />
<gc-end id="3066" type="global" contextid="3061" durationms="3.315" usertimems="8.000" systemtimems="0.000" timestamp="2019-07-02T23:05:43.533" activeThreads="4">
  <mem-info id="3067" free="9253568" total="15335424" percent="60">
    <mem type="tenure" free="9253568" total="15335424" percent="60" micro-fragmented="105249" macro-fragmented="0">
      <mem type="soa" free="9159872" total="15182848" percent="60" />
      <mem type="loa" free="93696" total="152576" percent="61" />
    </mem>
  </mem-info>
</gc-end>
<cycle-end id="3068" type="global" contextid="3061" timestamp="2019-07-02T23:05:43.533">
  <attribute name="GC Util" value="254" />
  <attribute name="CPU Util" value="8084397556196" />
  <attribute name="Time Running"value="4097"/>
  <attribute name="Number of cores"value="4"/>
</cycle-end>
<allocation-satisfied id="3069" threadId="000000000135F900" bytesRequested="40" />
<af-end id="3070" timestamp="2019-07-02T23:05:43.533" threadId="0000000001360288" success="true" />
<exclusive-end id="3071" timestamp="2019-07-02T23:05:43.533" durationms="3.857" />

<exclusive-start id="3072" timestamp="2019-07-02T23:05:43.539" intervalms="9.224">
  <response-info timems="0.037" idlems="0.037" threads="0" lastid="000000000135F900" lastname="Thread-9" />
</exclusive-start>
<af-start id="3073" threadId="0000000001360288" totalBytesRequested="40" timestamp="2019-07-02T23:05:43.539" intervalms="9.217" />
<cycle-start id="3074" type="global" contextid="0" timestamp="2019-07-02T23:05:43.539" intervalms="9.213" />
  <attribute name="GC Util" value="254" />
  <attribute name="CPU Util" value="8084397556196" />
  <attribute name="Time Running"value="4097"/>
  <attribute name="Number of cores"value="4"/>
<gc-start id="3075" type="global" contextid="3074" timestamp="2019-07-02T23:05:43.539">
  <mem-info id="3076" free="93696" total="15335424" percent="0">
    <mem type="tenure" free="93696" total="15335424" percent="0">
      <mem type="soa" free="0" total="15182848" percent="0" />
      <mem type="loa" free="93696" total="152576" percent="61" />
    </mem>
  </mem-info>
</gc-start>
<allocation-stats totalBytes="9152488" >
  <allocated-bytes non-tlh="19056" tlh="9133432" />
  <largest-consumer threadName="Thread-9" threadId="000000000135F900" bytes="3691360" />
</allocation-stats>
<gc-op id="3077" type="mark" timems="2.332" contextid="3074" timestamp="2019-07-02T23:05:43.541">
  <trace-info objectcount="67267" scancount="59679" scanbytes="2305940" />
  <finalization candidates="124" enqueued="0" />
  <ownableSynchronizers candidates="3" cleared="0" />
  <references type="soft" candidates="84" cleared="0" enqueued="0" dynamicThreshold="19" maxThreshold="32" />
  <references type="weak" candidates="774" cleared="0" enqueued="0" />
  <references type="phantom" candidates="63" cleared="0" enqueued="0" />
  <stringconstants candidates="4574" cleared="0"  />
</gc-op>
<gc-op id="3078" type="sweep" timems="0.787" contextid="3074" timestamp="2019-07-02T23:05:43.542" />
<gc-end id="3079" type="global" contextid="3074" durationms="3.369" usertimems="4.000" systemtimems="4.000" timestamp="2019-07-02T23:05:43.542" activeThreads="4">
  <mem-info id="3080" free="9420032" total="15335424" percent="61">
    <mem type="tenure" free="9420032" total="15335424" percent="61" micro-fragmented="60204" macro-fragmented="0">
      <mem type="soa" free="9267456" total="15182848" percent="61" />
      <mem type="loa" free="152576" total="152576" percent="100" />
    </mem>
  </mem-info>
</gc-end>
<cycle-end id="3081" type="global" contextid="3074" timestamp="2019-07-02T23:05:43.542">
  <attribute name="GC Util" value="261" />
  <attribute name="CPU Util" value="7701810055021" />
  <attribute name="Time Running"value="4106"/>
  <attribute name="Number of cores"value="4"/>
</cycle-end>
<allocation-satisfied id="3082" threadId="000000000135F900" bytesRequested="40" />
<af-end id="3083" timestamp="2019-07-02T23:05:43.543" threadId="0000000001360288" success="true" />
<exclusive-end id="3084" timestamp="2019-07-02T23:05:43.543" durationms="4.074" />

<exclusive-start id="3085" timestamp="2019-07-02T23:05:43.548" intervalms="8.814">
  <response-info timems="0.028" idlems="0.028" threads="1" lastid="0000000001354500" lastname="Thread-8" />
</exclusive-start>
<af-start id="3086" threadId="0000000001358A88" totalBytesRequested="40" timestamp="2019-07-02T23:05:43.548" intervalms="8.814" />
<cycle-start id="3087" type="global" contextid="0" timestamp="2019-07-02T23:05:43.548" intervalms="8.823" />
  <attribute name="GC Util" value="261" />
  <attribute name="CPU Util" value="7701810055021" />
  <attribute name="Time Running"value="4106"/>
  <attribute name="Number of cores"value="4"/>
<gc-start id="3088" type="global" contextid="3087" timestamp="2019-07-02T23:05:43.548">
  <mem-info id="3089" free="152576" total="15335424" percent="0">
    <mem type="tenure" free="152576" total="15335424" percent="0">
      <mem type="soa" free="0" total="15182848" percent="0" />
      <mem type="loa" free="152576" total="152576" percent="100" />
    </mem>
  </mem-info>
</gc-start>
<allocation-stats totalBytes="9264880" >
  <allocated-bytes non-tlh="0" tlh="9264880" />
  <largest-consumer threadName="Thread-8" threadId="0000000001354500" bytes="3521504" />
</allocation-stats>
<gc-op id="3090" type="mark" timems="1.330" contextid="3087" timestamp="2019-07-02T23:05:43.549">
  <trace-info objectcount="69238" scancount="61665" scanbytes="2353164" />
  <finalization candidates="124" enqueued="0" />
  <ownableSynchronizers candidates="3" cleared="0" />
  <references type="soft" candidates="84" cleared="0" enqueued="0" dynamicThreshold="19" maxThreshold="32" />
  <references type="weak" candidates="774" cleared="0" enqueued="0" />
  <references type="phantom" candidates="63" cleared="0" enqueued="0" />
  <stringconstants candidates="4574" cleared="0"  />
</gc-op>
<gc-op id="3091" type="sweep" timems="0.328" contextid="3087" timestamp="2019-07-02T23:05:43.550" />
<gc-end id="3092" type="global" contextid="3087" durationms="1.926" usertimems="0.000" systemtimems="4.000" timestamp="2019-07-02T23:05:43.550" activeThreads="4">
  <mem-info id="3093" free="9348232" total="15335424" percent="60">
    <mem type="tenure" free="9348232" total="15335424" percent="60" micro-fragmented="108265" macro-fragmented="0">
      <mem type="soa" free="9195656" total="15182848" percent="60" />
      <mem type="loa" free="152576" total="152576" percent="100" />
    </mem>
  </mem-info>
</gc-end>
<cycle-end id="3094" type="global" contextid="3087" timestamp="2019-07-02T23:05:43.550">
  <attribute name="GC Util" value="226" />
  <attribute name="CPU Util" value="13260487623400" />
  <attribute name="Time Running"value="4114"/>
  <attribute name="Number of cores"value="4"/>
</cycle-end>
<allocation-satisfied id="3095" threadId="0000000001358100" bytesRequested="40" />
<af-end id="3096" timestamp="2019-07-02T23:05:43.550" threadId="0000000001358A88" success="true" />
<exclusive-end id="3097" timestamp="2019-07-02T23:05:43.550" durationms="2.503" />

<exclusive-start id="3098" timestamp="2019-07-02T23:05:43.555" intervalms="7.740">
  <response-info timems="0.026" idlems="0.026" threads="0" lastid="0000000001358100" lastname="Thread-7" />
</exclusive-start>
<af-start id="3099" threadId="0000000001358A88" totalBytesRequested="40" timestamp="2019-07-02T23:05:43.555" intervalms="7.724" />
<cycle-start id="3100" type="global" contextid="0" timestamp="2019-07-02T23:05:43.555" intervalms="7.716" />
  <attribute name="GC Util" value="226" />
  <attribute name="CPU Util" value="13260487623400" />
  <attribute name="Time Running"value="4114"/>
  <attribute name="Number of cores"value="4"/>
<gc-start id="3101" type="global" contextid="3100" timestamp="2019-07-02T23:05:43.555">
  <mem-info id="3102" free="152576" total="15335424" percent="0">
    <mem type="tenure" free="152576" total="15335424" percent="0">
      <mem type="soa" free="0" total="15182848" percent="0" />
      <mem type="loa" free="152576" total="152576" percent="100" />
    </mem>
  </mem-info>
</gc-start>
<allocation-stats totalBytes="9190536" >
  <allocated-bytes non-tlh="0" tlh="9190536" />
  <largest-consumer threadName="Thread-9" threadId="000000000135F900" bytes="3786936" />
</allocation-stats>
<gc-op id="3103" type="mark" timems="1.201" contextid="3100" timestamp="2019-07-02T23:05:43.557">
  <trace-info objectcount="71854" scancount="64268" scanbytes="2415564" />
  <finalization candidates="124" enqueued="0" />
  <ownableSynchronizers candidates="3" cleared="0" />
  <references type="soft" candidates="84" cleared="0" enqueued="0" dynamicThreshold="19" maxThreshold="32" />
  <references type="weak" candidates="774" cleared="0" enqueued="0" />
  <references type="phantom" candidates="63" cleared="0" enqueued="0" />
  <stringconstants candidates="4574" cleared="0"  />
</gc-op>
<gc-op id="3104" type="sweep" timems="0.368" contextid="3100" timestamp="2019-07-02T23:05:43.557" />
<gc-end id="3105" type="global" contextid="3100" durationms="1.828" usertimems="4.000" systemtimems="0.000" timestamp="2019-07-02T23:05:43.557" activeThreads="4">
  <mem-info id="3106" free="9250152" total="15335424" percent="60">
    <mem type="tenure" free="9250152" total="15335424" percent="60" micro-fragmented="94381" macro-fragmented="0">
      <mem type="soa" free="9097576" total="15182848" percent="59" />
      <mem type="loa" free="152576" total="152576" percent="100" />
    </mem>
  </mem-info>
</gc-end>
<cycle-end id="3107" type="global" contextid="3100" timestamp="2019-07-02T23:05:43.557">
  <attribute name="GC Util" value="216" />
  <attribute name="CPU Util" value="14647305963910" />
  <attribute name="Time Running"value="4122"/>
  <attribute name="Number of cores"value="4"/>
</cycle-end>
<allocation-satisfied id="3108" threadId="0000000001358100" bytesRequested="40" />
<af-end id="3109" timestamp="2019-07-02T23:05:43.557" threadId="0000000001358A88" success="true" />
<exclusive-end id="3110" timestamp="2019-07-02T23:05:43.558" durationms="2.264" />

<exclusive-start id="3111" timestamp="2019-07-02T23:05:43.563" intervalms="7.647">
  <response-info timems="0.037" idlems="0.025" threads="2" lastid="0000000001354500" lastname="Thread-8" />
</exclusive-start>
<af-start id="3112" threadId="000000000135C688" totalBytesRequested="40" timestamp="2019-07-02T23:05:43.563" intervalms="7.657" />
<cycle-start id="3113" type="global" contextid="0" timestamp="2019-07-02T23:05:43.563" intervalms="7.652" />
  <attribute name="GC Util" value="216" />
  <attribute name="CPU Util" value="14647305963910" />
  <attribute name="Time Running"value="4122"/>
  <attribute name="Number of cores"value="4"/>
<gc-start id="3114" type="global" contextid="3113" timestamp="2019-07-02T23:05:43.563">
  <mem-info id="3115" free="152576" total="15335424" percent="0">
    <mem type="tenure" free="152576" total="15335424" percent="0">
      <mem type="soa" free="0" total="15182848" percent="0" />
      <mem type="loa" free="152576" total="152576" percent="100" />
    </mem>
  </mem-info>
</gc-start>
<allocation-stats totalBytes="9089064" >
  <allocated-bytes non-tlh="19056" tlh="9070008" />
  <largest-consumer threadName="Thread-9" threadId="000000000135F900" bytes="3775144" />
</allocation-stats>
<gc-op id="3116" type="mark" timems="2.150" contextid="3113" timestamp="2019-07-02T23:05:43.565">
  <trace-info objectcount="68165" scancount="60598" scanbytes="2327412" />
  <finalization candidates="124" enqueued="0" />
  <ownableSynchronizers candidates="3" cleared="0" />
  <references type="soft" candidates="84" cleared="0" enqueued="0" dynamicThreshold="19" maxThreshold="32" />
  <references type="weak" candidates="774" cleared="0" enqueued="0" />
  <references type="phantom" candidates="63" cleared="0" enqueued="0" />
  <stringconstants candidates="4574" cleared="0"  />
</gc-op>
<gc-op id="3117" type="sweep" timems="0.827" contextid="3113" timestamp="2019-07-02T23:05:43.566" />
<gc-end id="3118" type="global" contextid="3113" durationms="3.325" usertimems="4.000" systemtimems="4.000" timestamp="2019-07-02T23:05:43.566" activeThreads="4">
  <mem-info id="3119" free="9351296" total="15335424" percent="60">
    <mem type="tenure" free="9351296" total="15335424" percent="60" micro-fragmented="117916" macro-fragmented="0">
      <mem type="soa" free="9198720" total="15182848" percent="60" />
      <mem type="loa" free="152576" total="152576" percent="100" />
    </mem>
  </mem-info>
</gc-end>
<cycle-end id="3120" type="global" contextid="3113" timestamp="2019-07-02T23:05:43.567">
  <attribute name="GC Util" value="252" />
  <attribute name="CPU Util" value="8231735883627" />
  <attribute name="Time Running"value="4130"/>
  <attribute name="Number of cores"value="4"/>
</cycle-end>
<allocation-satisfied id="3121" threadId="000000000135BD00" bytesRequested="40" />
<af-end id="3122" timestamp="2019-07-02T23:05:43.567" threadId="000000000135C688" success="true" />
<exclusive-end id="3123" timestamp="2019-07-02T23:05:43.567" durationms="4.068" />

<exclusive-start id="3124" timestamp="2019-07-02T23:05:43.572" intervalms="9.198">
  <response-info timems="0.039" idlems="0.021" threads="1" lastid="000000000135BD00" lastname="Thread-10" />
</exclusive-start>
<af-start id="3125" threadId="0000000001354E88" totalBytesRequested="40" timestamp="2019-07-02T23:05:43.572" intervalms="9.189" />
<cycle-start id="3126" type="global" contextid="0" timestamp="2019-07-02T23:05:43.572" intervalms="9.188" />
  <attribute name="GC Util" value="252" />
  <attribute name="CPU Util" value="8231735883627" />
  <attribute name="Time Running"value="4130"/>
  <attribute name="Number of cores"value="4"/>
<gc-start id="3127" type="global" contextid="3126" timestamp="2019-07-02T23:05:43.572">
  <mem-info id="3128" free="152576" total="15335424" percent="0">
    <mem type="tenure" free="152576" total="15335424" percent="0">
      <mem type="soa" free="0" total="15182848" percent="0" />
      <mem type="loa" free="152576" total="152576" percent="100" />
    </mem>
  </mem-info>
</gc-start>
<allocation-stats totalBytes="9194608" >
  <allocated-bytes non-tlh="0" tlh="9194608" />
  <largest-consumer threadName="Thread-9" threadId="000000000135F900" bytes="3694704" />
</allocation-stats>
<gc-op id="3129" type="mark" timems="1.748" contextid="3126" timestamp="2019-07-02T23:05:43.574">
  <trace-info objectcount="70272" scancount="62705" scanbytes="2378116" />
  <finalization candidates="124" enqueued="0" />
  <ownableSynchronizers candidates="3" cleared="0" />
  <references type="soft" candidates="84" cleared="0" enqueued="0" dynamicThreshold="19" maxThreshold="32" />
  <references type="weak" candidates="774" cleared="0" enqueued="0" />
  <references type="phantom" candidates="63" cleared="0" enqueued="0" />
  <stringconstants candidates="4574" cleared="0"  />
</gc-op>
<gc-op id="3130" type="sweep" timems="0.360" contextid="3126" timestamp="2019-07-02T23:05:43.575" />
<gc-end id="3131" type="global" contextid="3126" durationms="2.415" usertimems="4.000" systemtimems="0.000" timestamp="2019-07-02T23:05:43.575" activeThreads="4">
  <mem-info id="3132" free="9246296" total="15335424" percent="60">
    <mem type="tenure" free="9246296" total="15335424" percent="60" micro-fragmented="61992" macro-fragmented="0">
      <mem type="soa" free="9093720" total="15182848" percent="59" />
      <mem type="loa" free="152576" total="152576" percent="100" />
    </mem>
  </mem-info>
</gc-end>
<cycle-end id="3133" type="global" contextid="3126" timestamp="2019-07-02T23:05:43.575">
  <attribute name="GC Util" value="228" />
  <attribute name="CPU Util" value="9859059452901" />
  <attribute name="Time Running"value="4139"/>
  <attribute name="Number of cores"value="4"/>
</cycle-end>
<allocation-satisfied id="3134" threadId="0000000001354500" bytesRequested="40" />
<af-end id="3135" timestamp="2019-07-02T23:05:43.575" threadId="0000000001354E88" success="true" />
<exclusive-end id="3136" timestamp="2019-07-02T23:05:43.575" durationms="2.833" />

<exclusive-start id="3137" timestamp="2019-07-02T23:05:43.580" intervalms="7.585">
  <response-info timems="0.033" idlems="0.032" threads="1" lastid="000000000135BD00" lastname="Thread-10" />
</exclusive-start>
<af-start id="3138" threadId="0000000001354E88" totalBytesRequested="40" timestamp="2019-07-02T23:05:43.580" intervalms="7.578" />
<cycle-start id="3139" type="global" contextid="0" timestamp="2019-07-02T23:05:43.580" intervalms="7.582" />
  <attribute name="GC Util" value="228" />
  <attribute name="CPU Util" value="9859059452901" />
  <attribute name="Time Running"value="4139"/>
  <attribute name="Number of cores"value="4"/>
<gc-start id="3140" type="global" contextid="3139" timestamp="2019-07-02T23:05:43.580">
  <mem-info id="3141" free="152576" total="15335424" percent="0">
    <mem type="tenure" free="152576" total="15335424" percent="0">
      <mem type="soa" free="0" total="15182848" percent="0" />
      <mem type="loa" free="152576" total="152576" percent="100" />
    </mem>
  </mem-info>
</gc-start>
<allocation-stats totalBytes="9087040" >
  <allocated-bytes non-tlh="0" tlh="9087040" />
  <largest-consumer threadName="Thread-8" threadId="0000000001354500" bytes="3276944" />
</allocation-stats>
<gc-op id="3142" type="mark" timems="1.178" contextid="3139" timestamp="2019-07-02T23:05:43.581">
  <trace-info objectcount="72969" scancount="65407" scanbytes="2442388" />
  <finalization candidates="124" enqueued="0" />
  <ownableSynchronizers candidates="3" cleared="0" />
  <references type="soft" candidates="84" cleared="0" enqueued="0" dynamicThreshold="19" maxThreshold="32" />
  <references type="weak" candidates="774" cleared="0" enqueued="0" />
  <references type="phantom" candidates="63" cleared="0" enqueued="0" />
  <stringconstants candidates="4574" cleared="0"  />
</gc-op>
<gc-op id="3143" type="sweep" timems="0.361" contextid="3139" timestamp="2019-07-02T23:05:43.582" />
<heap-resize id="3144" type="expand" space="tenure" amount="1048576" count="1" timems="0.052" reason="excessive time being spent in gc" timestamp="2019-07-02T23:05:43.582" />
<gc-end id="3145" type="global" contextid="3139" durationms="1.893" usertimems="4.000" systemtimems="0.000" timestamp="2019-07-02T23:05:43.582" activeThreads="4">
  <mem-info id="3146" free="10183920" total="16384000" percent="62">
    <mem type="tenure" free="10183920" total="16384000" percent="62" micro-fragmented="144359" macro-fragmented="0">
      <mem type="soa" free="10020080" total="16220160" percent="61" />
      <mem type="loa" free="163840" total="163840" percent="100" />
    </mem>
  </mem-info>
</gc-end>
<cycle-end id="3147" type="global" contextid="3139" timestamp="2019-07-02T23:05:43.582">
  <attribute name="GC Util" value="222" />
  <attribute name="CPU Util" value="14815114801412" />
  <attribute name="Time Running"value="4146"/>
  <attribute name="Number of cores"value="4"/>
</cycle-end>
<allocation-satisfied id="3148" threadId="0000000001354500" bytesRequested="40" />
<af-end id="3149" timestamp="2019-07-02T23:05:43.582" threadId="0000000001354E88" success="true" />
<exclusive-end id="3150" timestamp="2019-07-02T23:05:43.582" durationms="2.313" />

<exclusive-start id="3151" timestamp="2019-07-02T23:05:43.588" intervalms="8.027">
  <response-info timems="0.050" idlems="0.050" threads="0" lastid="000000000135F900" lastname="Thread-9" />
</exclusive-start>
<af-start id="3152" threadId="0000000001360288" totalBytesRequested="40" timestamp="2019-07-02T23:05:43.588" intervalms="8.036" />
<cycle-start id="3153" type="global" contextid="0" timestamp="2019-07-02T23:05:43.588" intervalms="8.038" />
  <attribute name="GC Util" value="222" />
  <attribute name="CPU Util" value="14815114801412" />
  <attribute name="Time Running"value="4146"/>
  <attribute name="Number of cores"value="4"/>
<gc-start id="3154" type="global" contextid="3153" timestamp="2019-07-02T23:05:43.588">
  <mem-info id="3155" free="163840" total="16384000" percent="1">
    <mem type="tenure" free="163840" total="16384000" percent="1">
      <mem type="soa" free="0" total="16220160" percent="0" />
      <mem type="loa" free="163840" total="163840" percent="100" />
    </mem>
  </mem-info>
</gc-start>
<allocation-stats totalBytes="10010872" >
  <allocated-bytes non-tlh="23160" tlh="9987712" />
  <largest-consumer threadName="Thread-9" threadId="000000000135F900" bytes="4289760" />
</allocation-stats>
<gc-op id="3156" type="mark" timems="2.379" contextid="3153" timestamp="2019-07-02T23:05:43.590">
  <trace-info objectcount="68672" scancount="61097" scanbytes="2339748" />
  <finalization candidates="124" enqueued="0" />
  <ownableSynchronizers candidates="3" cleared="0" />
  <references type="soft" candidates="84" cleared="0" enqueued="0" dynamicThreshold="19" maxThreshold="32" />
  <references type="weak" candidates="774" cleared="0" enqueued="0" />
  <references type="phantom" candidates="63" cleared="0" enqueued="0" />
  <stringconstants candidates="4574" cleared="0"  />
</gc-op>
<gc-op id="3157" type="sweep" timems="0.863" contextid="3153" timestamp="2019-07-02T23:05:43.591" />
<gc-end id="3158" type="global" contextid="3153" durationms="3.528" usertimems="12.000" systemtimems="0.000" timestamp="2019-07-02T23:05:43.591" activeThreads="4">
  <mem-info id="3159" free="10309216" total="16384000" percent="62">
    <mem type="tenure" free="10309216" total="16384000" percent="62" micro-fragmented="101632" macro-fragmented="0">
      <mem type="soa" free="10145376" total="16220160" percent="62" />
      <mem type="loa" free="163840" total="163840" percent="100" />
    </mem>
  </mem-info>
</gc-end>
<cycle-end id="3160" type="global" contextid="3153" timestamp="2019-07-02T23:05:43.592">
  <attribute name="GC Util" value="256" />
  <attribute name="CPU Util" value="7543067022021" />
  <attribute name="Time Running"value="4155"/>
  <attribute name="Number of cores"value="4"/>
</cycle-end>
<allocation-satisfied id="3161" threadId="000000000135F900" bytesRequested="40" />
<af-end id="3162" timestamp="2019-07-02T23:05:43.592" threadId="0000000001360288" success="true" />
<exclusive-end id="3163" timestamp="2019-07-02T23:05:43.592" durationms="4.254" />

<exclusive-start id="3164" timestamp="2019-07-02T23:05:43.598" intervalms="9.986">
  <response-info timems="0.038" idlems="0.038" threads="0" lastid="000000000135F900" lastname="Thread-9" />
</exclusive-start>
<af-start id="3165" threadId="0000000001360288" totalBytesRequested="24" timestamp="2019-07-02T23:05:43.598" intervalms="10.014" />
<cycle-start id="3166" type="global" contextid="0" timestamp="2019-07-02T23:05:43.598" intervalms="10.050" />
  <attribute name="GC Util" value="256" />
  <attribute name="CPU Util" value="7543067022021" />
  <attribute name="Time Running"value="4155"/>
  <attribute name="Number of cores"value="4"/>
<gc-start id="3167" type="global" contextid="3166" timestamp="2019-07-02T23:05:43.598">
  <mem-info id="3168" free="163840" total="16384000" percent="1">
    <mem type="tenure" free="163840" total="16384000" percent="1">
      <mem type="soa" free="0" total="16220160" percent="0" />
      <mem type="loa" free="163840" total="163840" percent="100" />
    </mem>
  </mem-info>
</gc-start>
<allocation-stats totalBytes="10140840" >
  <allocated-bytes non-tlh="0" tlh="10140840" />
  <largest-consumer threadName="Thread-9" threadId="000000000135F900" bytes="4350192" />
</allocation-stats>
<gc-op id="3169" type="mark" timems="2.389" contextid="3166" timestamp="2019-07-02T23:05:43.601">
  <trace-info objectcount="69687" scancount="62137" scanbytes="2363956" />
  <finalization candidates="124" enqueued="0" />
  <ownableSynchronizers candidates="3" cleared="0" />
  <references type="soft" candidates="84" cleared="0" enqueued="0" dynamicThreshold="20" maxThreshold="32" />
  <references type="weak" candidates="774" cleared="0" enqueued="0" />
  <references type="phantom" candidates="63" cleared="0" enqueued="0" />
  <stringconstants candidates="4574" cleared="0"  />
</gc-op>
<gc-op id="3170" type="sweep" timems="0.707" contextid="3166" timestamp="2019-07-02T23:05:43.601" />
<gc-end id="3171" type="global" contextid="3166" durationms="3.482" usertimems="8.000" systemtimems="0.000" timestamp="2019-07-02T23:05:43.602" activeThreads="4">
  <mem-info id="3172" free="10226352" total="16384000" percent="62">
    <mem type="tenure" free="10226352" total="16384000" percent="62" micro-fragmented="66986" macro-fragmented="0">
      <mem type="soa" free="10062512" total="16220160" percent="62" />
      <mem type="loa" free="163840" total="163840" percent="100" />
    </mem>
  </mem-info>
</gc-end>
<cycle-end id="3173" type="global" contextid="3166" timestamp="2019-07-02T23:05:43.602">
  <attribute name="GC Util" value="254" />
  <attribute name="CPU Util" value="7542959067441" />
  <attribute name="Time Running"value="4166"/>
  <attribute name="Number of cores"value="4"/>
</cycle-end>
<allocation-satisfied id="3174" threadId="000000000135F900" bytesRequested="24" />
<af-end id="3175" timestamp="2019-07-02T23:05:43.602" threadId="0000000001360288" success="true" />
<exclusive-end id="3176" timestamp="2019-07-02T23:05:43.602" durationms="4.158" />

<exclusive-start id="3177" timestamp="2019-07-02T23:05:43.607" intervalms="9.749">
  <response-info timems="0.034" idlems="0.032" threads="1" lastid="000000000135F900" lastname="Thread-9" />
</exclusive-start>
<af-start id="3178" threadId="000000000135C688" totalBytesRequested="24" timestamp="2019-07-02T23:05:43.608" intervalms="9.750" />
<cycle-start id="3179" type="global" contextid="0" timestamp="2019-07-02T23:05:43.608" intervalms="9.749" />
  <attribute name="GC Util" value="254" />
  <attribute name="CPU Util" value="7542959067441" />
  <attribute name="Time Running"value="4166"/>
  <attribute name="Number of cores"value="4"/>
<gc-start id="3180" type="global" contextid="3179" timestamp="2019-07-02T23:05:43.608">
  <mem-info id="3181" free="163840" total="16384000" percent="1">
    <mem type="tenure" free="163840" total="16384000" percent="1">
      <mem type="soa" free="0" total="16220160" percent="0" />
      <mem type="loa" free="163840" total="163840" percent="100" />
    </mem>
  </mem-info>
</gc-start>
<allocation-stats totalBytes="10057496" >
  <allocated-bytes non-tlh="0" tlh="10057496" />
  <largest-consumer threadName="Thread-9" threadId="000000000135F900" bytes="4270960" />
</allocation-stats>
<gc-op id="3182" type="mark" timems="1.750" contextid="3179" timestamp="2019-07-02T23:05:43.610">
  <trace-info objectcount="70450" scancount="62860" scanbytes="2382236" />
  <finalization candidates="124" enqueued="0" />
  <ownableSynchronizers candidates="3" cleared="0" />
  <references type="soft" candidates="84" cleared="0" enqueued="0" dynamicThreshold="19" maxThreshold="32" />
  <references type="weak" candidates="774" cleared="0" enqueued="0" />
  <references type="phantom" candidates="63" cleared="0" enqueued="0" />
  <stringconstants candidates="4574" cleared="0"  />
</gc-op>
<gc-op id="3183" type="sweep" timems="0.490" contextid="3179" timestamp="2019-07-02T23:05:43.610" />
<heap-resize id="3184" type="contract" space="tenure" amount="131072" count="1" timems="0.057" reason="excess free space following gc" timestamp="2019-07-02T23:05:43.610" />
<gc-end id="3185" type="global" contextid="3179" durationms="2.802" usertimems="8.000" systemtimems="0.000" timestamp="2019-07-02T23:05:43.611" activeThreads="4">
  <mem-info id="3186" free="9879504" total="16252928" percent="60">
    <mem type="tenure" free="9879504" total="16252928" percent="60" micro-fragmented="162571" macro-fragmented="0">
      <mem type="soa" free="9879504" total="16091136" percent="61" />
      <mem type="loa" free="0" total="161792" percent="0" />
    </mem>
  </mem-info>
</gc-end>
<cycle-end id="3187" type="global" contextid="3179" timestamp="2019-07-02T23:05:43.611">
  <attribute name="GC Util" value="236" />
  <attribute name="CPU Util" value="9975472710208" />
  <attribute name="Time Running"value="4175"/>
  <attribute name="Number of cores"value="4"/>
</cycle-end>
<allocation-satisfied id="3188" threadId="000000000135BD00" bytesRequested="24" />
<af-end id="3189" timestamp="2019-07-02T23:05:43.611" threadId="000000000135C688" success="true" />
<exclusive-end id="3190" timestamp="2019-07-02T23:05:43.611" durationms="3.451" />

<exclusive-start id="3191" timestamp="2019-07-02T23:05:43.618" intervalms="10.476">
  <response-info timems="0.028" idlems="0.028" threads="0" lastid="0000000001358100" lastname="Thread-7" />
</exclusive-start>
<af-start id="3192" threadId="0000000001358A88" totalBytesRequested="40" timestamp="2019-07-02T23:05:43.621" intervalms="13.572" />
<cycle-start id="3193" type="global" contextid="0" timestamp="2019-07-02T23:05:43.621" intervalms="13.602" />
  <attribute name="GC Util" value="236" />
  <attribute name="CPU Util" value="9975472710208" />
  <attribute name="Time Running"value="4175"/>
  <attribute name="Number of cores"value="4"/>
<gc-start id="3194" type="global" contextid="3193" timestamp="2019-07-02T23:05:43.621">
  <mem-info id="3195" free="0" total="16252928" percent="0">
    <mem type="tenure" free="0" total="16252928" percent="0">
      <mem type="soa" free="0" total="16091136" percent="0" />
      <mem type="loa" free="0" total="161792" percent="0" />
    </mem>
  </mem-info>
</gc-start>
<allocation-stats totalBytes="9871216" >
  <allocated-bytes non-tlh="0" tlh="9871216" />
  <largest-consumer threadName="Thread-9" threadId="000000000135F900" bytes="5278576" />
</allocation-stats>
<gc-op id="3196" type="mark" timems="2.861" contextid="3193" timestamp="2019-07-02T23:05:43.625">
  <trace-info objectcount="71401" scancount="63816" scanbytes="2405156" />
  <finalization candidates="124" enqueued="0" />
  <ownableSynchronizers candidates="3" cleared="0" />
  <references type="soft" candidates="84" cleared="0" enqueued="0" dynamicThreshold="19" maxThreshold="32" />
  <references type="weak" candidates="774" cleared="0" enqueued="0" />
  <references type="phantom" candidates="63" cleared="0" enqueued="0" />
  <stringconstants candidates="4574" cleared="0"  />
</gc-op>
<gc-op id="3197" type="sweep" timems="1.004" contextid="3193" timestamp="2019-07-02T23:05:43.626" />
<gc-end id="3198" type="global" contextid="3193" durationms="4.297" usertimems="12.000" systemtimems="0.000" timestamp="2019-07-02T23:05:43.626" activeThreads="4">
  <mem-info id="3199" free="9854056" total="16252928" percent="60">
    <mem type="tenure" free="9854056" total="16252928" percent="60" micro-fragmented="190441" macro-fragmented="0">
      <mem type="soa" free="9778792" total="16091136" percent="60" />
      <mem type="loa" free="75264" total="161792" percent="46" />
    </mem>
  </mem-info>
</gc-end>
<cycle-end id="3200" type="global" contextid="3193" timestamp="2019-07-02T23:05:43.626">
  <attribute name="GC Util" value="165" />
  <attribute name="CPU Util" value="6326501639817" />
  <attribute name="Time Running"value="4189"/>
  <attribute name="Number of cores"value="4"/>
</cycle-end>
<allocation-satisfied id="3201" threadId="0000000001358100" bytesRequested="40" />
<af-end id="3202" timestamp="2019-07-02T23:05:43.626" threadId="0000000001358A88" success="true" />
<exclusive-end id="3203" timestamp="2019-07-02T23:05:43.626" durationms="8.077" />

<exclusive-start id="3204" timestamp="2019-07-02T23:05:43.631" intervalms="13.409">
  <response-info timems="0.038" idlems="0.021" threads="1" lastid="0000000001358100" lastname="Thread-7" />
</exclusive-start>
<af-start id="3205" threadId="0000000001354E88" totalBytesRequested="40" timestamp="2019-07-02T23:05:43.631" intervalms="10.296" />
<cycle-start id="3206" type="global" contextid="0" timestamp="2019-07-02T23:05:43.632" intervalms="10.231" />
  <attribute name="GC Util" value="165" />
  <attribute name="CPU Util" value="6326501639817" />
  <attribute name="Time Running"value="4189"/>
  <attribute name="Number of cores"value="4"/>
<gc-start id="3207" type="global" contextid="3206" timestamp="2019-07-02T23:05:43.632">
  <mem-info id="3208" free="75264" total="16252928" percent="0">
    <mem type="tenure" free="75264" total="16252928" percent="0">
      <mem type="soa" free="0" total="16091136" percent="0" />
      <mem type="loa" free="75264" total="161792" percent="46" />
    </mem>
  </mem-info>
</gc-start>
<allocation-stats totalBytes="9770560" >
  <allocated-bytes non-tlh="0" tlh="9770560" />
  <largest-consumer threadName="Thread-9" threadId="000000000135F900" bytes="4003560" />
</allocation-stats>
<gc-op id="3209" type="mark" timems="2.706" contextid="3206" timestamp="2019-07-02T23:05:43.634">
  <trace-info objectcount="71852" scancount="64292" scanbytes="2415708" />
  <finalization candidates="124" enqueued="0" />
  <ownableSynchronizers candidates="3" cleared="0" />
  <references type="soft" candidates="84" cleared="0" enqueued="0" dynamicThreshold="19" maxThreshold="32" />
  <references type="weak" candidates="774" cleared="0" enqueued="0" />
  <references type="phantom" candidates="63" cleared="0" enqueued="0" />
  <stringconstants candidates="4574" cleared="0"  />
</gc-op>
<gc-op id="3210" type="sweep" timems="0.902" contextid="3206" timestamp="2019-07-02T23:05:43.635" />
<gc-end id="3211" type="global" contextid="3206" durationms="3.959" usertimems="12.000" systemtimems="0.000" timestamp="2019-07-02T23:05:43.636" activeThreads="4">
  <mem-info id="3212" free="9778064" total="16252928" percent="60">
    <mem type="tenure" free="9778064" total="16252928" percent="60" micro-fragmented="171194" macro-fragmented="0">
      <mem type="soa" free="9702800" total="16091136" percent="60" />
      <mem type="loa" free="75264" total="161792" percent="46" />
    </mem>
  </mem-info>
</gc-end>
<cycle-end id="3213" type="global" contextid="3206" timestamp="2019-07-02T23:05:43.636">
  <attribute name="GC Util" value="254" />
  <attribute name="CPU Util" value="6596481502243" />
  <attribute name="Time Running"value="4199"/>
  <attribute name="Number of cores"value="4"/>
</cycle-end>
<allocation-satisfied id="3214" threadId="0000000001354500" bytesRequested="40" />
<af-end id="3215" timestamp="2019-07-02T23:05:43.636" threadId="0000000001354E88" success="true" />
<exclusive-end id="3216" timestamp="2019-07-02T23:05:43.636" durationms="4.579" />

<exclusive-start id="3217" timestamp="2019-07-02T23:05:43.641" intervalms="10.154">
  <response-info timems="0.024" idlems="0.024" threads="0" lastid="000000000135BD00" lastname="Thread-10" />
</exclusive-start>
<af-start id="3218" threadId="000000000135C688" totalBytesRequested="40" timestamp="2019-07-02T23:05:43.642" intervalms="10.155" />
<cycle-start id="3219" type="global" contextid="0" timestamp="2019-07-02T23:05:43.642" intervalms="10.146" />
  <attribute name="GC Util" value="254" />
  <attribute name="CPU Util" value="6596481502243" />
  <attribute name="Time Running"value="4199"/>
  <attribute name="Number of cores"value="4"/>
<gc-start id="3220" type="global" contextid="3219" timestamp="2019-07-02T23:05:43.642">
  <mem-info id="3221" free="75264" total="16252928" percent="0">
    <mem type="tenure" free="75264" total="16252928" percent="0">
      <mem type="soa" free="0" total="16091136" percent="0" />
      <mem type="loa" free="75264" total="161792" percent="46" />
    </mem>
  </mem-info>
</gc-start>
<allocation-stats totalBytes="9693936" >
  <allocated-bytes non-tlh="0" tlh="9693936" />
  <largest-consumer threadName="Thread-9" threadId="000000000135F900" bytes="4113496" />
</allocation-stats>
<gc-op id="3222" type="mark" timems="2.446" contextid="3219" timestamp="2019-07-02T23:05:43.644">
  <trace-info objectcount="72458" scancount="64898" scanbytes="2430580" />
  <finalization candidates="124" enqueued="0" />
  <ownableSynchronizers candidates="3" cleared="0" />
  <references type="soft" candidates="84" cleared="0" enqueued="0" dynamicThreshold="19" maxThreshold="32" />
  <references type="weak" candidates="774" cleared="0" enqueued="0" />
  <references type="phantom" candidates="63" cleared="0" enqueued="0" />
  <stringconstants candidates="4574" cleared="0"  />
</gc-op>
<gc-op id="3223" type="sweep" timems="0.965" contextid="3219" timestamp="2019-07-02T23:05:43.645" />
<heap-resize id="3224" type="expand" space="tenure" amount="1048576" count="1" timems="0.072" reason="excessive time being spent in gc" timestamp="2019-07-02T23:05:43.645" />
<gc-end id="3225" type="global" contextid="3219" durationms="3.835" usertimems="8.000" systemtimems="0.000" timestamp="2019-07-02T23:05:43.646" activeThreads="4">
  <mem-info id="3226" free="10723112" total="17301504" percent="61">
    <mem type="tenure" free="10723112" total="17301504" percent="61" micro-fragmented="189598" macro-fragmented="0">
      <mem type="soa" free="10551080" total="17129472" percent="61" />
      <mem type="loa" free="172032" total="172032" percent="100" />
    </mem>
  </mem-info>
</gc-end>
<cycle-end id="3227" type="global" contextid="3219" timestamp="2019-07-02T23:05:43.646">
  <attribute name="GC Util" value="259" />
  <attribute name="CPU Util" value="7410723738933" />
  <attribute name="Time Running"value="4209"/>
  <attribute name="Number of cores"value="4"/>
</cycle-end>
<allocation-satisfied id="3228" threadId="000000000135BD00" bytesRequested="40" />
<af-end id="3229" timestamp="2019-07-02T23:05:43.646" threadId="000000000135C688" success="true" />
<exclusive-end id="3230" timestamp="2019-07-02T23:05:43.646" durationms="4.259" />

<exclusive-start id="3231" timestamp="2019-07-02T23:05:43.652" intervalms="10.289">
  <response-info timems="0.032" idlems="0.032" threads="0" lastid="000000000135F900" lastname="Thread-9" />
</exclusive-start>
<af-start id="3232" threadId="0000000001360288" totalBytesRequested="40" timestamp="2019-07-02T23:05:43.652" intervalms="10.333" />
<cycle-start id="3233" type="global" contextid="0" timestamp="2019-07-02T23:05:43.652" intervalms="10.360" />
  <attribute name="GC Util" value="259" />
  <attribute name="CPU Util" value="7410723738933" />
  <attribute name="Time Running"value="4209"/>
  <attribute name="Number of cores"value="4"/>
<gc-start id="3234" type="global" contextid="3233" timestamp="2019-07-02T23:05:43.652">
  <mem-info id="3235" free="172032" total="17301504" percent="0">
    <mem type="tenure" free="172032" total="17301504" percent="0">
      <mem type="soa" free="0" total="17129472" percent="0" />
      <mem type="loa" free="172032" total="172032" percent="100" />
    </mem>
  </mem-info>
</gc-start>
<allocation-stats totalBytes="10540776" >
  <allocated-bytes non-tlh="0" tlh="10540776" />
  <largest-consumer threadName="Thread-9" threadId="000000000135F900" bytes="4461272" />
</allocation-stats>
<gc-op id="3236" type="mark" timems="2.082" contextid="3233" timestamp="2019-07-02T23:05:43.654">
  <trace-info objectcount="73252" scancount="65682" scanbytes="2449636" />
  <finalization candidates="124" enqueued="0" />
  <ownableSynchronizers candidates="3" cleared="0" />
  <references type="soft" candidates="84" cleared="0" enqueued="0" dynamicThreshold="19" maxThreshold="32" />
  <references type="weak" candidates="774" cleared="0" enqueued="0" />
  <references type="phantom" candidates="63" cleared="0" enqueued="0" />
  <stringconstants candidates="4574" cleared="0"  />
</gc-op>
<gc-op id="3237" type="sweep" timems="0.972" contextid="3233" timestamp="2019-07-02T23:05:43.655" />
<gc-end id="3238" type="global" contextid="3233" durationms="3.414" usertimems="12.000" systemtimems="0.000" timestamp="2019-07-02T23:05:43.655" activeThreads="4">
  <mem-info id="3239" free="10707032" total="17301504" percent="61">
    <mem type="tenure" free="10707032" total="17301504" percent="61" micro-fragmented="240727" macro-fragmented="0">
      <mem type="soa" free="10535000" total="17129472" percent="61" />
      <mem type="loa" free="172032" total="172032" percent="100" />
    </mem>
  </mem-info>
</gc-end>
<cycle-end id="3240" type="global" contextid="3233" timestamp="2019-07-02T23:05:43.656">
  <attribute name="GC Util" value="244" />
  <attribute name="CPU Util" value="8531544717713" />
  <attribute name="Time Running"value="4219"/>
  <attribute name="Number of cores"value="4"/>
</cycle-end>
<allocation-satisfied id="3241" threadId="000000000135F900" bytesRequested="40" />
<af-end id="3242" timestamp="2019-07-02T23:05:43.656" threadId="0000000001360288" success="true" />
<exclusive-end id="3243" timestamp="2019-07-02T23:05:43.656" durationms="4.015" />

<exclusive-start id="3244" timestamp="2019-07-02T23:05:43.662" intervalms="10.516">
  <response-info timems="0.033" idlems="0.027" threads="1" lastid="0000000001354500" lastname="Thread-8" />
</exclusive-start>
<af-start id="3245" threadId="0000000001360288" totalBytesRequested="40" timestamp="2019-07-02T23:05:43.662" intervalms="10.481" />
<cycle-start id="3246" type="global" contextid="0" timestamp="2019-07-02T23:05:43.662" intervalms="10.464" />
  <attribute name="GC Util" value="244" />
  <attribute name="CPU Util" value="8531544717713" />
  <attribute name="Time Running"value="4219"/>
  <attribute name="Number of cores"value="4"/>
<gc-start id="3247" type="global" contextid="3246" timestamp="2019-07-02T23:05:43.663">
  <mem-info id="3248" free="172032" total="17301504" percent="0">
    <mem type="tenure" free="172032" total="17301504" percent="0">
      <mem type="soa" free="0" total="17129472" percent="0" />
      <mem type="loa" free="172032" total="172032" percent="100" />
    </mem>
  </mem-info>
</gc-start>
<allocation-stats totalBytes="10521656" >
  <allocated-bytes non-tlh="19056" tlh="10502600" />
  <largest-consumer threadName="Thread-9" threadId="000000000135F900" bytes="4580632" />
</allocation-stats>
<gc-op id="3249" type="mark" timems="2.278" contextid="3246" timestamp="2019-07-02T23:05:43.665">
  <trace-info objectcount="69037" scancount="61459" scanbytes="2348476" />
  <finalization candidates="124" enqueued="0" />
  <ownableSynchronizers candidates="3" cleared="0" />
  <references type="soft" candidates="84" cleared="0" enqueued="0" dynamicThreshold="19" maxThreshold="32" />
  <references type="weak" candidates="774" cleared="0" enqueued="0" />
  <references type="phantom" candidates="63" cleared="0" enqueued="0" />
  <stringconstants candidates="4574" cleared="0"  />
</gc-op>
<gc-op id="3250" type="sweep" timems="0.955" contextid="3246" timestamp="2019-07-02T23:05:43.666" />
<gc-end id="3251" type="global" contextid="3246" durationms="3.493" usertimems="8.000" systemtimems="4.000" timestamp="2019-07-02T23:05:43.666" activeThreads="4">
  <mem-info id="3252" free="11027888" total="17301504" percent="63">
    <mem type="tenure" free="11027888" total="17301504" percent="63" micro-fragmented="155539" macro-fragmented="0">
      <mem type="soa" free="10855856" total="17129472" percent="63" />
      <mem type="loa" free="172032" total="172032" percent="100" />
    </mem>
  </mem-info>
</gc-end>
<cycle-end id="3253" type="global" contextid="3246" timestamp="2019-07-02T23:05:43.666">
  <attribute name="GC Util" value="256" />
  <attribute name="CPU Util" value="7881509486383" />
  <attribute name="Time Running"value="4230"/>
  <attribute name="Number of cores"value="4"/>
</cycle-end>
<allocation-satisfied id="3254" threadId="000000000135F900" bytesRequested="40" />
<af-end id="3255" timestamp="2019-07-02T23:05:43.666" threadId="0000000001360288" success="true" />
<exclusive-end id="3256" timestamp="2019-07-02T23:05:43.666" durationms="3.968" />

<exclusive-start id="3257" timestamp="2019-07-02T23:05:43.672" intervalms="9.799">
  <response-info timems="0.044" idlems="0.030" threads="2" lastid="0000000001354500" lastname="Thread-8" />
</exclusive-start>
<af-start id="3258" threadId="0000000001358A88" totalBytesRequested="40" timestamp="2019-07-02T23:05:43.672" intervalms="9.798" />
<cycle-start id="3259" type="global" contextid="0" timestamp="2019-07-02T23:05:43.672" intervalms="9.798" />
  <attribute name="GC Util" value="256" />
  <attribute name="CPU Util" value="7881509486383" />
  <attribute name="Time Running"value="4230"/>
  <attribute name="Number of cores"value="4"/>
<gc-start id="3260" type="global" contextid="3259" timestamp="2019-07-02T23:05:43.672">
  <mem-info id="3261" free="172032" total="17301504" percent="0">
    <mem type="tenure" free="172032" total="17301504" percent="0">
      <mem type="soa" free="0" total="17129472" percent="0" />
      <mem type="loa" free="172032" total="172032" percent="100" />
    </mem>
  </mem-info>
</gc-start>
<allocation-stats totalBytes="10849648" >
  <allocated-bytes non-tlh="0" tlh="10849648" />
  <largest-consumer threadName="Thread-9" threadId="000000000135F900" bytes="4439376" />
</allocation-stats>
<gc-op id="3262" type="mark" timems="2.224" contextid="3259" timestamp="2019-07-02T23:05:43.675">
  <trace-info objectcount="69972" scancount="62400" scanbytes="2370916" />
  <finalization candidates="124" enqueued="0" />
  <ownableSynchronizers candidates="3" cleared="0" />
  <references type="soft" candidates="84" cleared="0" enqueued="0" dynamicThreshold="20" maxThreshold="32" />
  <references type="weak" candidates="774" cleared="0" enqueued="0" />
  <references type="phantom" candidates="63" cleared="0" enqueued="0" />
  <stringconstants candidates="4574" cleared="0"  />
</gc-op>
<gc-op id="3263" type="sweep" timems="0.945" contextid="3259" timestamp="2019-07-02T23:05:43.676" />
<heap-resize id="3264" type="contract" space="tenure" amount="131072" count="1" timems="0.077" reason="excess free space following gc" timestamp="2019-07-02T23:05:43.676" />
<gc-end id="3265" type="global" contextid="3259" durationms="3.559" usertimems="8.000" systemtimems="0.000" timestamp="2019-07-02T23:05:43.676" activeThreads="4">
  <mem-info id="3266" free="10654992" total="17170432" percent="62">
    <mem type="tenure" free="10654992" total="17170432" percent="62" micro-fragmented="99145" macro-fragmented="0">
      <mem type="soa" free="10654992" total="16999424" percent="62" />
      <mem type="loa" free="0" total="171008" percent="0" />
    </mem>
  </mem-info>
</gc-end>
<cycle-end id="3267" type="global" contextid="3259" timestamp="2019-07-02T23:05:43.676">
  <attribute name="GC Util" value="245" />
  <attribute name="CPU Util" value="8066121463857" />
  <attribute name="Time Running"value="4240"/>
  <attribute name="Number of cores"value="4"/>
</cycle-end>
<allocation-satisfied id="3268" threadId="0000000001358100" bytesRequested="40" />
<af-end id="3269" timestamp="2019-07-02T23:05:43.676" threadId="0000000001358A88" success="true" />
<exclusive-end id="3270" timestamp="2019-07-02T23:05:43.676" durationms="4.163" />

<exclusive-start id="3271" timestamp="2019-07-02T23:05:43.682" intervalms="9.714">
  <response-info timems="0.032" idlems="0.018" threads="1" lastid="0000000001354500" lastname="Thread-8" />
</exclusive-start>
<af-start id="3272" threadId="0000000001358A88" totalBytesRequested="40" timestamp="2019-07-02T23:05:43.682" intervalms="9.710" />
<cycle-start id="3273" type="global" contextid="0" timestamp="2019-07-02T23:05:43.682" intervalms="9.707" />
  <attribute name="GC Util" value="245" />
  <attribute name="CPU Util" value="8066121463857" />
  <attribute name="Time Running"value="4240"/>
  <attribute name="Number of cores"value="4"/>
<gc-start id="3274" type="global" contextid="3273" timestamp="2019-07-02T23:05:43.682">
  <mem-info id="3275" free="0" total="17170432" percent="0">
    <mem type="tenure" free="0" total="17170432" percent="0">
      <mem type="soa" free="0" total="16999424" percent="0" />
      <mem type="loa" free="0" total="171008" percent="0" />
    </mem>
  </mem-info>
</gc-start>
<allocation-stats totalBytes="10647584" >
  <allocated-bytes non-tlh="0" tlh="10647584" />
  <largest-consumer threadName="Thread-9" threadId="000000000135F900" bytes="4224776" />
</allocation-stats>
<gc-op id="3276" type="mark" timems="2.198" contextid="3273" timestamp="2019-07-02T23:05:43.684">
  <trace-info objectcount="70690" scancount="63106" scanbytes="2387884" />
  <finalization candidates="124" enqueued="0" />
  <ownableSynchronizers candidates="3" cleared="0" />
  <references type="soft" candidates="84" cleared="0" enqueued="0" dynamicThreshold="19" maxThreshold="32" />
  <references type="weak" candidates="774" cleared="0" enqueued="0" />
  <references type="phantom" candidates="63" cleared="0" enqueued="0" />
  <stringconstants candidates="4574" cleared="0"  />
</gc-op>
<gc-op id="3277" type="sweep" timems="0.986" contextid="3273" timestamp="2019-07-02T23:05:43.685" />
<gc-end id="3278" type="global" contextid="3273" durationms="3.469" usertimems="8.000" systemtimems="0.000" timestamp="2019-07-02T23:05:43.686" activeThreads="4">
  <mem-info id="3279" free="10538336" total="17170432" percent="61">
    <mem type="tenure" free="10538336" total="17170432" percent="61" micro-fragmented="145944" macro-fragmented="0">
      <mem type="soa" free="10538336" total="16999424" percent="61" />
      <mem type="loa" free="0" total="171008" percent="0" />
    </mem>
  </mem-info>
</gc-end>
<cycle-end id="3280" type="global" contextid="3273" timestamp="2019-07-02T23:05:43.686">
  <attribute name="GC Util" value="247" />
  <attribute name="CPU Util" value="8208289693367" />
  <attribute name="Time Running"value="4249"/>
  <attribute name="Number of cores"value="4"/>
</cycle-end>
<allocation-satisfied id="3281" threadId="0000000001358100" bytesRequested="40" />
<af-end id="3282" timestamp="2019-07-02T23:05:43.686" threadId="0000000001358A88" success="true" />
<exclusive-end id="3283" timestamp="2019-07-02T23:05:43.686" durationms="4.077" />

<exclusive-start id="3284" timestamp="2019-07-02T23:05:43.692" intervalms="10.174">
  <response-info timems="0.033" idlems="0.033" threads="0" lastid="000000000135BD00" lastname="Thread-10" />
</exclusive-start>
<af-start id="3285" threadId="000000000135C688" totalBytesRequested="40" timestamp="2019-07-02T23:05:43.692" intervalms="10.171" />
<cycle-start id="3286" type="global" contextid="0" timestamp="2019-07-02T23:05:43.692" intervalms="10.163" />
  <attribute name="GC Util" value="247" />
  <attribute name="CPU Util" value="8208289693367" />
  <attribute name="Time Running"value="4249"/>
  <attribute name="Number of cores"value="4"/>
<gc-start id="3287" type="global" contextid="3286" timestamp="2019-07-02T23:05:43.692">
  <mem-info id="3288" free="0" total="17170432" percent="0">
    <mem type="tenure" free="0" total="17170432" percent="0">
      <mem type="soa" free="0" total="16999424" percent="0" />
      <mem type="loa" free="0" total="171008" percent="0" />
    </mem>
  </mem-info>
</gc-start>
<allocation-stats totalBytes="10529920" >
  <allocated-bytes non-tlh="0" tlh="10529920" />
  <largest-consumer threadName="Thread-9" threadId="000000000135F900" bytes="4650200" />
</allocation-stats>
<gc-op id="3289" type="mark" timems="2.568" contextid="3286" timestamp="2019-07-02T23:05:43.695">
  <trace-info objectcount="71716" scancount="64145" scanbytes="2412540" />
  <finalization candidates="124" enqueued="0" />
  <ownableSynchronizers candidates="3" cleared="0" />
  <references type="soft" candidates="84" cleared="0" enqueued="0" dynamicThreshold="19" maxThreshold="32" />
  <references type="weak" candidates="774" cleared="0" enqueued="0" />
  <references type="phantom" candidates="63" cleared="0" enqueued="0" />
  <stringconstants candidates="4574" cleared="0"  />
</gc-op>
<gc-op id="3290" type="sweep" timems="0.988" contextid="3286" timestamp="2019-07-02T23:05:43.696" />
<gc-end id="3291" type="global" contextid="3286" durationms="3.798" usertimems="12.000" systemtimems="0.000" timestamp="2019-07-02T23:05:43.696" activeThreads="4">
  <mem-info id="3292" free="10431128" total="17170432" percent="60">
    <mem type="tenure" free="10431128" total="17170432" percent="60" micro-fragmented="146369" macro-fragmented="0">
      <mem type="soa" free="10431128" total="16999424" percent="61" />
      <mem type="loa" free="0" total="171008" percent="0" />
    </mem>
  </mem-info>
</gc-end>
<cycle-end id="3293" type="global" contextid="3286" timestamp="2019-07-02T23:05:43.696">
  <attribute name="GC Util" value="253" />
  <attribute name="CPU Util" value="7005343565468" />
  <attribute name="Time Running"value="4260"/>
  <attribute name="Number of cores"value="4"/>
</cycle-end>
<allocation-satisfied id="3294" threadId="000000000135BD00" bytesRequested="40" />
<af-end id="3295" timestamp="2019-07-02T23:05:43.696" threadId="000000000135C688" success="true" />
<exclusive-end id="3296" timestamp="2019-07-02T23:05:43.696" durationms="4.181" />

<exclusive-start id="3297" timestamp="2019-07-02T23:05:43.702" intervalms="10.370">
  <response-info timems="0.035" idlems="0.035" threads="0" lastid="000000000135F900" lastname="Thread-9" />
</exclusive-start>
<af-start id="3298" threadId="0000000001360288" totalBytesRequested="40" timestamp="2019-07-02T23:05:43.702" intervalms="10.370" />
<cycle-start id="3299" type="global" contextid="0" timestamp="2019-07-02T23:05:43.703" intervalms="10.386" />
  <attribute name="GC Util" value="253" />
  <attribute name="CPU Util" value="7005343565468" />
  <attribute name="Time Running"value="4260"/>
  <attribute name="Number of cores"value="4"/>
<gc-start id="3300" type="global" contextid="3299" timestamp="2019-07-02T23:05:43.703">
  <mem-info id="3301" free="0" total="17170432" percent="0">
    <mem type="tenure" free="0" total="17170432" percent="0">
      <mem type="soa" free="0" total="16999424" percent="0" />
      <mem type="loa" free="0" total="171008" percent="0" />
    </mem>
  </mem-info>
</gc-start>
<allocation-stats totalBytes="10421496" >
  <allocated-bytes non-tlh="0" tlh="10421496" />
  <largest-consumer threadName="Thread-9" threadId="000000000135F900" bytes="4499736" />
</allocation-stats>
<gc-op id="3302" type="mark" timems="2.726" contextid="3299" timestamp="2019-07-02T23:05:43.705">
  <trace-info objectcount="72670" scancount="65085" scanbytes="2435468" />
  <finalization candidates="124" enqueued="0" />
  <ownableSynchronizers candidates="3" cleared="0" />
  <references type="soft" candidates="84" cleared="0" enqueued="0" dynamicThreshold="19" maxThreshold="32" />
  <references type="weak" candidates="774" cleared="0" enqueued="0" />
  <references type="phantom" candidates="63" cleared="0" enqueued="0" />
  <stringconstants candidates="4574" cleared="0"  />
</gc-op>
<gc-op id="3303" type="sweep" timems="0.997" contextid="3299" timestamp="2019-07-02T23:05:43.707" />
<gc-end id="3304" type="global" contextid="3299" durationms="4.048" usertimems="12.000" systemtimems="0.000" timestamp="2019-07-02T23:05:43.707" activeThreads="4">
  <mem-info id="3305" free="10315128" total="17170432" percent="60">
    <mem type="tenure" free="10315128" total="17170432" percent="60" micro-fragmented="181878" macro-fragmented="0">
      <mem type="soa" free="10315128" total="16999424" percent="60" />
      <mem type="loa" free="0" total="171008" percent="0" />
    </mem>
  </mem-info>
</gc-end>
<cycle-end id="3306" type="global" contextid="3299" timestamp="2019-07-02T23:05:43.707">
  <attribute name="GC Util" value="254" />
  <attribute name="CPU Util" value="6557282510949" />
  <attribute name="Time Running"value="4270"/>
  <attribute name="Number of cores"value="4"/>
</cycle-end>
<allocation-satisfied id="3307" threadId="000000000135F900" bytesRequested="40" />
<af-end id="3308" timestamp="2019-07-02T23:05:43.707" threadId="0000000001360288" success="true" />
<exclusive-end id="3309" timestamp="2019-07-02T23:05:43.707" durationms="4.658" />

<exclusive-start id="3310" timestamp="2019-07-02T23:05:43.713" intervalms="10.592">
  <response-info timems="0.038" idlems="0.029" threads="3" lastid="0000000001354500" lastname="Thread-8" />
</exclusive-start>
<af-start id="3311" threadId="0000000001358A88" totalBytesRequested="24" timestamp="2019-07-02T23:05:43.713" intervalms="10.587" />
<cycle-start id="3312" type="global" contextid="0" timestamp="2019-07-02T23:05:43.713" intervalms="10.569" />
  <attribute name="GC Util" value="254" />
  <attribute name="CPU Util" value="6557282510949" />
  <attribute name="Time Running"value="4270"/>
  <attribute name="Number of cores"value="4"/>
<gc-start id="3313" type="global" contextid="3312" timestamp="2019-07-02T23:05:43.713">
  <mem-info id="3314" free="0" total="17170432" percent="0">
    <mem type="tenure" free="0" total="17170432" percent="0">
      <mem type="soa" free="0" total="16999424" percent="0" />
      <mem type="loa" free="0" total="171008" percent="0" />
    </mem>
  </mem-info>
</gc-start>
<allocation-stats totalBytes="10305040" >
  <allocated-bytes non-tlh="0" tlh="10305040" />
  <largest-consumer threadName="Thread-9" threadId="000000000135F900" bytes="4389152" />
</allocation-stats>
<gc-op id="3315" type="mark" timems="2.430" contextid="3312" timestamp="2019-07-02T23:05:43.716">
  <trace-info objectcount="73700" scancount="66127" scanbytes="2460396" />
  <finalization candidates="124" enqueued="0" />
  <ownableSynchronizers candidates="3" cleared="0" />
  <references type="soft" candidates="84" cleared="0" enqueued="0" dynamicThreshold="19" maxThreshold="32" />
  <references type="weak" candidates="774" cleared="0" enqueued="0" />
  <references type="phantom" candidates="63" cleared="0" enqueued="0" />
  <stringconstants candidates="4574" cleared="0"  />
</gc-op>
<gc-op id="3316" type="sweep" timems="0.988" contextid="3312" timestamp="2019-07-02T23:05:43.717" />
<heap-resize id="3317" type="expand" space="tenure" amount="1048576" count="1" timems="0.089" reason="excessive time being spent in gc" timestamp="2019-07-02T23:05:43.717" />
<gc-end id="3318" type="global" contextid="3312" durationms="3.825" usertimems="8.000" systemtimems="0.000" timestamp="2019-07-02T23:05:43.717" activeThreads="4">
  <mem-info id="3319" free="11234656" total="18219008" percent="61">
    <mem type="tenure" free="11234656" total="18219008" percent="61" micro-fragmented="334960" macro-fragmented="0">
      <mem type="soa" free="11053408" total="18037760" percent="61" />
      <mem type="loa" free="181248" total="181248" percent="100" />
    </mem>
  </mem-info>
</gc-end>
<cycle-end id="3320" type="global" contextid="3312" timestamp="2019-07-02T23:05:43.717">
  <attribute name="GC Util" value="264" />
  <attribute name="CPU Util" value="7398795641340" />
  <attribute name="Time Running"value="4281"/>
  <attribute name="Number of cores"value="4"/>
</cycle-end>
<allocation-satisfied id="3321" threadId="0000000001358100" bytesRequested="24" />
<af-end id="3322" timestamp="2019-07-02T23:05:43.717" threadId="0000000001358A88" success="true" />
<exclusive-end id="3323" timestamp="2019-07-02T23:05:43.717" durationms="4.332" />

<exclusive-start id="3324" timestamp="2019-07-02T23:05:43.727" intervalms="13.606">
  <response-info timems="0.031" idlems="0.031" threads="0" lastid="000000000135F900" lastname="Thread-9" />
</exclusive-start>
<af-start id="3325" threadId="0000000001360288" totalBytesRequested="40" timestamp="2019-07-02T23:05:43.727" intervalms="13.622" />
<cycle-start id="3326" type="global" contextid="0" timestamp="2019-07-02T23:05:43.727" intervalms="13.638" />
  <attribute name="GC Util" value="264" />
  <attribute name="CPU Util" value="7398795641340" />
  <attribute name="Time Running"value="4281"/>
  <attribute name="Number of cores"value="4"/>
<gc-start id="3327" type="global" contextid="3326" timestamp="2019-07-02T23:05:43.727">
  <mem-info id="3328" free="181248" total="18219008" percent="0">
    <mem type="tenure" free="181248" total="18219008" percent="0">
      <mem type="soa" free="0" total="18037760" percent="0" />
      <mem type="loa" free="181248" total="181248" percent="100" />
    </mem>
  </mem-info>
</gc-start>
<allocation-stats totalBytes="11042208" >
  <allocated-bytes non-tlh="0" tlh="11042208" />
  <largest-consumer threadName="Thread-8" threadId="0000000001354500" bytes="5408968" />
</allocation-stats>
<gc-op id="3329" type="mark" timems="2.545" contextid="3326" timestamp="2019-07-02T23:05:43.729">
  <trace-info objectcount="74257" scancount="66691" scanbytes="2473636" />
  <finalization candidates="124" enqueued="0" />
  <ownableSynchronizers candidates="3" cleared="0" />
  <references type="soft" candidates="84" cleared="0" enqueued="0" dynamicThreshold="19" maxThreshold="32" />
  <references type="weak" candidates="774" cleared="0" enqueued="0" />
  <references type="phantom" candidates="63" cleared="0" enqueued="0" />
  <stringconstants candidates="4574" cleared="0"  />
</gc-op>
<gc-op id="3330" type="sweep" timems="1.029" contextid="3326" timestamp="2019-07-02T23:05:43.731" />
<gc-end id="3331" type="global" contextid="3326" durationms="3.855" usertimems="8.000" systemtimems="4.000" timestamp="2019-07-02T23:05:43.731" activeThreads="4">
  <mem-info id="3332" free="11312704" total="18219008" percent="62">
    <mem type="tenure" free="11312704" total="18219008" percent="62" micro-fragmented="345557" macro-fragmented="0">
      <mem type="soa" free="11131456" total="18037760" percent="61" />
      <mem type="loa" free="181248" total="181248" percent="100" />
    </mem>
  </mem-info>
</gc-end>
<cycle-end id="3333" type="global" contextid="3326" timestamp="2019-07-02T23:05:43.731">
  <attribute name="GC Util" value="257" />
  <attribute name="CPU Util" value="7069245569248" />
  <attribute name="Time Running"value="4294"/>
  <attribute name="Number of cores"value="4"/>
</cycle-end>
<allocation-satisfied id="3334" threadId="000000000135F900" bytesRequested="40" />
<af-end id="3335" timestamp="2019-07-02T23:05:43.731" threadId="0000000001360288" success="true" />
<exclusive-end id="3336" timestamp="2019-07-02T23:05:43.731" durationms="4.363" />

<exclusive-start id="3337" timestamp="2019-07-02T23:05:43.737" intervalms="10.147">
  <response-info timems="0.044" idlems="0.044" threads="0" lastid="0000000001354500" lastname="Thread-8" />
</exclusive-start>
<af-start id="3338" threadId="0000000001354E88" totalBytesRequested="40" timestamp="2019-07-02T23:05:43.737" intervalms="10.138" />
<cycle-start id="3339" type="global" contextid="0" timestamp="2019-07-02T23:05:43.737" intervalms="10.134" />
  <attribute name="GC Util" value="257" />
  <attribute name="CPU Util" value="7069245569248" />
  <attribute name="Time Running"value="4294"/>
  <attribute name="Number of cores"value="4"/>
<gc-start id="3340" type="global" contextid="3339" timestamp="2019-07-02T23:05:43.737">
  <mem-info id="3341" free="181248" total="18219008" percent="0">
    <mem type="tenure" free="181248" total="18219008" percent="0">
      <mem type="soa" free="0" total="18037760" percent="0" />
      <mem type="loa" free="181248" total="181248" percent="100" />
    </mem>
  </mem-info>
</gc-start>
<allocation-stats totalBytes="11119728" >
  <allocated-bytes non-tlh="0" tlh="11119728" />
  <largest-consumer threadName="Thread-9" threadId="000000000135F900" bytes="4327872" />
</allocation-stats>
<gc-op id="3342" type="mark" timems="2.327" contextid="3339" timestamp="2019-07-02T23:05:43.739">
  <trace-info objectcount="75224" scancount="67649" scanbytes="2496980" />
  <finalization candidates="124" enqueued="0" />
  <ownableSynchronizers candidates="3" cleared="0" />
  <references type="soft" candidates="84" cleared="0" enqueued="0" dynamicThreshold="19" maxThreshold="32" />
  <references type="weak" candidates="774" cleared="0" enqueued="0" />
  <references type="phantom" candidates="63" cleared="0" enqueued="0" />
  <stringconstants candidates="4574" cleared="0"  />
</gc-op>
<gc-op id="3343" type="sweep" timems="1.008" contextid="3339" timestamp="2019-07-02T23:05:43.740" />
<gc-end id="3344" type="global" contextid="3339" durationms="3.710" usertimems="8.000" systemtimems="0.000" timestamp="2019-07-02T23:05:43.741" activeThreads="4">
  <mem-info id="3345" free="11175456" total="18219008" percent="61">
    <mem type="tenure" free="11175456" total="18219008" percent="61" micro-fragmented="291206" macro-fragmented="0">
      <mem type="soa" free="10994208" total="18037760" percent="60" />
      <mem type="loa" free="181248" total="181248" percent="100" />
    </mem>
  </mem-info>
</gc-end>
<cycle-end id="3346" type="global" contextid="3339" timestamp="2019-07-02T23:05:43.741">
  <attribute name="GC Util" value="258" />
  <attribute name="CPU Util" value="7653348684376" />
  <attribute name="Time Running"value="4304"/>
  <attribute name="Number of cores"value="4"/>
</cycle-end>
<allocation-satisfied id="3347" threadId="0000000001354500" bytesRequested="40" />
<af-end id="3348" timestamp="2019-07-02T23:05:43.741" threadId="0000000001354E88" success="true" />
<exclusive-end id="3349" timestamp="2019-07-02T23:05:43.741" durationms="4.365" />

<exclusive-start id="3350" timestamp="2019-07-02T23:05:43.747" intervalms="10.697">
  <response-info timems="0.030" idlems="0.030" threads="0" lastid="0000000001354500" lastname="Thread-8" />
</exclusive-start>
<af-start id="3351" threadId="0000000001354E88" totalBytesRequested="40" timestamp="2019-07-02T23:05:43.748" intervalms="10.702" />
<cycle-start id="3352" type="global" contextid="0" timestamp="2019-07-02T23:05:43.748" intervalms="10.703" />
  <attribute name="GC Util" value="258" />
  <attribute name="CPU Util" value="7653348684376" />
  <attribute name="Time Running"value="4304"/>
  <attribute name="Number of cores"value="4"/>
<gc-start id="3353" type="global" contextid="3352" timestamp="2019-07-02T23:05:43.748">
  <mem-info id="3354" free="181248" total="18219008" percent="0">
    <mem type="tenure" free="181248" total="18219008" percent="0">
      <mem type="soa" free="0" total="18037760" percent="0" />
      <mem type="loa" free="181248" total="181248" percent="100" />
    </mem>
  </mem-info>
</gc-start>
<allocation-stats totalBytes="10980168" >
  <allocated-bytes non-tlh="0" tlh="10980168" />
  <largest-consumer threadName="Thread-9" threadId="000000000135F900" bytes="4733512" />
</allocation-stats>
<gc-op id="3355" type="mark" timems="2.384" contextid="3352" timestamp="2019-07-02T23:05:43.750">
  <trace-info objectcount="76007" scancount="68419" scanbytes="2515772" />
  <finalization candidates="124" enqueued="0" />
  <ownableSynchronizers candidates="3" cleared="0" />
  <references type="soft" candidates="84" cleared="0" enqueued="0" dynamicThreshold="19" maxThreshold="32" />
  <references type="weak" candidates="774" cleared="0" enqueued="0" />
  <references type="phantom" candidates="63" cleared="0" enqueued="0" />
  <stringconstants candidates="4574" cleared="0"  />
</gc-op>
<gc-op id="3356" type="sweep" timems="1.031" contextid="3352" timestamp="2019-07-02T23:05:43.751" />
<gc-end id="3357" type="global" contextid="3352" durationms="3.687" usertimems="8.000" systemtimems="0.000" timestamp="2019-07-02T23:05:43.751" activeThreads="4">
  <mem-info id="3358" free="11045992" total="18219008" percent="60">
    <mem type="tenure" free="11045992" total="18219008" percent="60" micro-fragmented="351113" macro-fragmented="0">
      <mem type="soa" free="10864744" total="18037760" percent="60" />
      <mem type="loa" free="181248" total="181248" percent="100" />
    </mem>
  </mem-info>
</gc-end>
<cycle-end id="3359" type="global" contextid="3352" timestamp="2019-07-02T23:05:43.751">
  <attribute name="GC Util" value="263" />
  <attribute name="CPU Util" value="7573730193152" />
  <attribute name="Time Running"value="4315"/>
  <attribute name="Number of cores"value="4"/>
</cycle-end>
<allocation-satisfied id="3360" threadId="0000000001354500" bytesRequested="40" />
<af-end id="3361" timestamp="2019-07-02T23:05:43.752" threadId="0000000001354E88" success="true" />
<exclusive-end id="3362" timestamp="2019-07-02T23:05:43.752" durationms="4.271" />

<exclusive-start id="3363" timestamp="2019-07-02T23:05:43.759" intervalms="11.487">
  <response-info timems="0.032" idlems="0.031" threads="1" lastid="000000000135F900" lastname="Thread-9" />
</exclusive-start>
<af-start id="3364" threadId="0000000001358A88" totalBytesRequested="40" timestamp="2019-07-02T23:05:43.759" intervalms="11.508" />
<cycle-start id="3365" type="global" contextid="0" timestamp="2019-07-02T23:05:43.759" intervalms="11.556" />
  <attribute name="GC Util" value="263" />
  <attribute name="CPU Util" value="7573730193152" />
  <attribute name="Time Running"value="4315"/>
  <attribute name="Number of cores"value="4"/>
<gc-start id="3366" type="global" contextid="3365" timestamp="2019-07-02T23:05:43.759">
  <mem-info id="3367" free="181248" total="18219008" percent="0">
    <mem type="tenure" free="181248" total="18219008" percent="0">
      <mem type="soa" free="0" total="18037760" percent="0" />
      <mem type="loa" free="181248" total="181248" percent="100" />
    </mem>
  </mem-info>
</gc-start>
<allocation-stats totalBytes="10851760" >
  <allocated-bytes non-tlh="0" tlh="10851760" />
  <largest-consumer threadName="Thread-9" threadId="000000000135F900" bytes="5344248" />
</allocation-stats>
<gc-op id="3368" type="mark" timems="2.627" contextid="3365" timestamp="2019-07-02T23:05:43.762">
  <trace-info objectcount="76648" scancount="69098" scanbytes="2530660" />
  <finalization candidates="124" enqueued="0" />
  <ownableSynchronizers candidates="3" cleared="0" />
  <references type="soft" candidates="84" cleared="0" enqueued="0" dynamicThreshold="19" maxThreshold="32" />
  <references type="weak" candidates="774" cleared="0" enqueued="0" />
  <references type="phantom" candidates="63" cleared="0" enqueued="0" />
  <stringconstants candidates="4574" cleared="0"  />
</gc-op>
<gc-op id="3369" type="sweep" timems="1.246" contextid="3365" timestamp="2019-07-02T23:05:43.763" />
<heap-resize id="3370" type="expand" space="tenure" amount="1048576" count="1" timems="0.111" reason="excessive time being spent in gc" timestamp="2019-07-02T23:05:43.764" />
<gc-end id="3371" type="global" contextid="3365" durationms="4.469" usertimems="12.000" systemtimems="0.000" timestamp="2019-07-02T23:05:43.764" activeThreads="4">
  <mem-info id="3372" free="11970528" total="19267584" percent="62">
    <mem type="tenure" free="11970528" total="19267584" percent="62" micro-fragmented="443841" macro-fragmented="0">
      <mem type="soa" free="11778016" total="19075072" percent="61" />
      <mem type="loa" free="192512" total="192512" percent="100" />
    </mem>
  </mem-info>
</gc-end>
<cycle-end id="3373" type="global" contextid="3365" timestamp="2019-07-02T23:05:43.764">
  <attribute name="GC Util" value="240" />
  <attribute name="CPU Util" value="6875442651528" />
  <attribute name="Time Running"value="4327"/>
  <attribute name="Number of cores"value="4"/>
</cycle-end>
<allocation-satisfied id="3374" threadId="0000000001358100" bytesRequested="40" />
<af-end id="3375" timestamp="2019-07-02T23:05:43.764" threadId="0000000001358A88" success="true" />
<exclusive-end id="3376" timestamp="2019-07-02T23:05:43.764" durationms="5.101" />

<exclusive-start id="3377" timestamp="2019-07-02T23:05:43.772" intervalms="13.496">
  <response-info timems="0.033" idlems="0.028" threads="1" lastid="0000000001354500" lastname="Thread-8" />
</exclusive-start>
<af-start id="3378" threadId="0000000001358A88" totalBytesRequested="40" timestamp="2019-07-02T23:05:43.772" intervalms="13.469" />
<cycle-start id="3379" type="global" contextid="0" timestamp="2019-07-02T23:05:43.773" intervalms="13.422" />
  <attribute name="GC Util" value="240" />
  <attribute name="CPU Util" value="6875442651528" />
  <attribute name="Time Running"value="4327"/>
  <attribute name="Number of cores"value="4"/>
<gc-start id="3380" type="global" contextid="3379" timestamp="2019-07-02T23:05:43.773">
  <mem-info id="3381" free="192512" total="19267584" percent="0">
    <mem type="tenure" free="192512" total="19267584" percent="0">
      <mem type="soa" free="0" total="19075072" percent="0" />
      <mem type="loa" free="192512" total="192512" percent="100" />
    </mem>
  </mem-info>
</gc-start>
<allocation-stats totalBytes="11757184" >
  <allocated-bytes non-tlh="46320" tlh="11710864" />
  <largest-consumer threadName="Thread-9" threadId="000000000135F900" bytes="5067752" />
</allocation-stats>
<gc-op id="3382" type="mark" timems="2.377" contextid="3379" timestamp="2019-07-02T23:05:43.775">
  <trace-info objectcount="69257" scancount="61688" scanbytes="2353772" />
  <finalization candidates="124" enqueued="0" />
  <ownableSynchronizers candidates="3" cleared="0" />
  <references type="soft" candidates="84" cleared="0" enqueued="0" dynamicThreshold="19" maxThreshold="32" />
  <references type="weak" candidates="774" cleared="0" enqueued="0" />
  <references type="phantom" candidates="63" cleared="0" enqueued="0" />
  <stringconstants candidates="4574" cleared="0"  />
</gc-op>
<gc-op id="3383" type="sweep" timems="0.912" contextid="3379" timestamp="2019-07-02T23:05:43.776" />
<gc-end id="3384" type="global" contextid="3379" durationms="3.596" usertimems="12.000" systemtimems="0.000" timestamp="2019-07-02T23:05:43.776" activeThreads="4">
  <mem-info id="3385" free="12974688" total="19267584" percent="67">
    <mem type="tenure" free="12974688" total="19267584" percent="67" micro-fragmented="229581" macro-fragmented="0">
      <mem type="soa" free="12782176" total="19075072" percent="67" />
      <mem type="loa" free="192512" total="192512" percent="100" />
    </mem>
  </mem-info>
</gc-end>
<cycle-end id="3386" type="global" contextid="3379" timestamp="2019-07-02T23:05:43.776">
  <attribute name="GC Util" value="231" />
  <attribute name="CPU Util" value="7547727397440" />
  <attribute name="Time Running"value="4340"/>
  <attribute name="Number of cores"value="4"/>
</cycle-end>
<allocation-satisfied id="3387" threadId="0000000001358100" bytesRequested="40" />
<af-end id="3388" timestamp="2019-07-02T23:05:43.776" threadId="0000000001358A88" success="true" />
<exclusive-end id="3389" timestamp="2019-07-02T23:05:43.776" durationms="4.099" />

<exclusive-start id="3390" timestamp="2019-07-02T23:05:43.783" intervalms="10.730">
  <response-info timems="0.032" idlems="0.032" threads="0" lastid="0000000001358100" lastname="Thread-7" />
</exclusive-start>
<af-start id="3391" threadId="0000000001358A88" totalBytesRequested="40" timestamp="2019-07-02T23:05:43.783" intervalms="10.728" />
<cycle-start id="3392" type="global" contextid="0" timestamp="2019-07-02T23:05:43.783" intervalms="10.727" />
  <attribute name="GC Util" value="231" />
  <attribute name="CPU Util" value="7547727397440" />
  <attribute name="Time Running"value="4340"/>
  <attribute name="Number of cores"value="4"/>
<gc-start id="3393" type="global" contextid="3392" timestamp="2019-07-02T23:05:43.783">
  <mem-info id="3394" free="192512" total="19267584" percent="0">
    <mem type="tenure" free="192512" total="19267584" percent="0">
      <mem type="soa" free="0" total="19075072" percent="0" />
      <mem type="loa" free="192512" total="192512" percent="100" />
    </mem>
  </mem-info>
</gc-start>
<allocation-stats totalBytes="12771280" >
  <allocated-bytes non-tlh="19056" tlh="12752224" />
  <largest-consumer threadName="Thread-9" threadId="000000000135F900" bytes="4732968" />
</allocation-stats>
<gc-op id="3395" type="mark" timems="2.178" contextid="3392" timestamp="2019-07-02T23:05:43.786">
  <trace-info objectcount="68391" scancount="60811" scanbytes="2332604" />
  <finalization candidates="124" enqueued="0" />
  <ownableSynchronizers candidates="3" cleared="0" />
  <references type="soft" candidates="84" cleared="0" enqueued="0" dynamicThreshold="21" maxThreshold="32" />
  <references type="weak" candidates="774" cleared="0" enqueued="0" />
  <references type="phantom" candidates="63" cleared="0" enqueued="0" />
  <stringconstants candidates="4574" cleared="0"  />
</gc-op>
<gc-op id="3396" type="sweep" timems="0.844" contextid="3392" timestamp="2019-07-02T23:05:43.787" />
<gc-end id="3397" type="global" contextid="3392" durationms="3.422" usertimems="8.000" systemtimems="4.000" timestamp="2019-07-02T23:05:43.787" activeThreads="4">
  <mem-info id="3398" free="13204088" total="19267584" percent="68">
    <mem type="tenure" free="13204088" total="19267584" percent="68" micro-fragmented="146837" macro-fragmented="0">
      <mem type="soa" free="13011576" total="19075072" percent="68" />
      <mem type="loa" free="192512" total="192512" percent="100" />
    </mem>
  </mem-info>
</gc-end>
<cycle-end id="3399" type="global" contextid="3392" timestamp="2019-07-02T23:05:43.787">
  <attribute name="GC Util" value="244" />
  <attribute name="CPU Util" value="8243076438218" />
  <attribute name="Time Running"value="4351"/>
  <attribute name="Number of cores"value="4"/>
</cycle-end>
<allocation-satisfied id="3400" threadId="0000000001358100" bytesRequested="40" />
<af-end id="3401" timestamp="2019-07-02T23:05:43.787" threadId="0000000001358A88" success="true" />
<exclusive-end id="3402" timestamp="2019-07-02T23:05:43.787" durationms="4.004" />

<exclusive-start id="3403" timestamp="2019-07-02T23:05:43.794" intervalms="10.958">
  <response-info timems="0.028" idlems="0.024" threads="1" lastid="000000000135BD00" lastname="Thread-10" />
</exclusive-start>
<af-start id="3404" threadId="0000000001358A88" totalBytesRequested="40" timestamp="2019-07-02T23:05:43.794" intervalms="10.955" />
<cycle-start id="3405" type="global" contextid="0" timestamp="2019-07-02T23:05:43.794" intervalms="10.954" />
  <attribute name="GC Util" value="244" />
  <attribute name="CPU Util" value="8243076438218" />
  <attribute name="Time Running"value="4351"/>
  <attribute name="Number of cores"value="4"/>
<gc-start id="3406" type="global" contextid="3405" timestamp="2019-07-02T23:05:43.794">
  <mem-info id="3407" free="192512" total="19267584" percent="0">
    <mem type="tenure" free="192512" total="19267584" percent="0">
      <mem type="soa" free="0" total="19075072" percent="0" />
      <mem type="loa" free="192512" total="192512" percent="100" />
    </mem>
  </mem-info>
</gc-start>
<allocation-stats totalBytes="13000864" >
  <allocated-bytes non-tlh="23160" tlh="12977704" />
  <largest-consumer threadName="Thread-7" threadId="0000000001358100" bytes="5471736" />
</allocation-stats>
<gc-op id="3408" type="mark" timems="2.458" contextid="3405" timestamp="2019-07-02T23:05:43.797">
  <trace-info objectcount="65731" scancount="58144" scanbytes="2269148" />
  <finalization candidates="124" enqueued="0" />
  <ownableSynchronizers candidates="3" cleared="0" />
  <references type="soft" candidates="84" cleared="0" enqueued="0" dynamicThreshold="21" maxThreshold="32" />
  <references type="weak" candidates="774" cleared="0" enqueued="0" />
  <references type="phantom" candidates="63" cleared="0" enqueued="0" />
  <stringconstants candidates="4574" cleared="0"  />
</gc-op>
<gc-op id="3409" type="sweep" timems="1.032" contextid="3405" timestamp="2019-07-02T23:05:43.798" />
<heap-resize id="3410" type="contract" space="tenure" amount="131072" count="1" timems="0.058" reason="excess free space following gc" timestamp="2019-07-02T23:05:43.798" />
<gc-end id="3411" type="global" contextid="3405" durationms="3.935" usertimems="12.000" systemtimems="0.000" timestamp="2019-07-02T23:05:43.798" activeThreads="4">
  <mem-info id="3412" free="12967072" total="19136512" percent="67">
    <mem type="tenure" free="12967072" total="19136512" percent="67" micro-fragmented="164116" macro-fragmented="0">
      <mem type="soa" free="12967072" total="18946048" percent="68" />
      <mem type="loa" free="0" total="190464" percent="0" />
    </mem>
  </mem-info>
</gc-end>
<cycle-end id="3413" type="global" contextid="3405" timestamp="2019-07-02T23:05:43.798">
  <attribute name="GC Util" value="248" />
  <attribute name="CPU Util" value="7330981657067" />
  <attribute name="Time Running"value="4362"/>
  <attribute name="Number of cores"value="4"/>
</cycle-end>
<allocation-satisfied id="3414" threadId="0000000001358100" bytesRequested="40" />
<af-end id="3415" timestamp="2019-07-02T23:05:43.798" threadId="0000000001358A88" success="true" />
<exclusive-end id="3416" timestamp="2019-07-02T23:05:43.799" durationms="4.474" />

<exclusive-start id="3417" timestamp="2019-07-02T23:05:43.804" intervalms="10.411">
  <response-info timems="0.032" idlems="0.032" threads="0" lastid="0000000001358100" lastname="Thread-7" />
</exclusive-start>
<af-start id="3418" threadId="0000000001358A88" totalBytesRequested="24" timestamp="2019-07-02T23:05:43.805" intervalms="10.405" />
<cycle-start id="3419" type="global" contextid="0" timestamp="2019-07-02T23:05:43.805" intervalms="10.407" />
  <attribute name="GC Util" value="248" />
  <attribute name="CPU Util" value="7330981657067" />
  <attribute name="Time Running"value="4362"/>
  <attribute name="Number of cores"value="4"/>
<gc-start id="3420" type="global" contextid="3419" timestamp="2019-07-02T23:05:43.805">
  <mem-info id="3421" free="0" total="19136512" percent="0">
    <mem type="tenure" free="0" total="19136512" percent="0">
      <mem type="soa" free="0" total="18946048" percent="0" />
      <mem type="loa" free="0" total="190464" percent="0" />
    </mem>
  </mem-info>
</gc-start>
<allocation-stats totalBytes="12959744" >
  <allocated-bytes non-tlh="0" tlh="12959744" />
  <largest-consumer threadName="Thread-7" threadId="0000000001358100" bytes="4704272" />
</allocation-stats>
<gc-op id="3422" type="mark" timems="2.113" contextid="3419" timestamp="2019-07-02T23:05:43.807">
  <trace-info objectcount="68655" scancount="61085" scanbytes="2339252" />
  <finalization candidates="124" enqueued="0" />
  <ownableSynchronizers candidates="3" cleared="0" />
  <references type="soft" candidates="84" cleared="0" enqueued="0" dynamicThreshold="21" maxThreshold="32" />
  <references type="weak" candidates="774" cleared="0" enqueued="0" />
  <references type="phantom" candidates="63" cleared="0" enqueued="0" />
  <stringconstants candidates="4574" cleared="0"  />
</gc-op>
<gc-op id="3423" type="sweep" timems="0.866" contextid="3419" timestamp="2019-07-02T23:05:43.808" />
<mem-info id="3424" free="12901784" total="19136512" percent="67">
  <mem type="tenure" free="12901784" total="19136512" percent="67" micro-fragmented="100737" macro-fragmented="0">
    <mem type="soa" free="12824000" total="18946048" percent="67" />
    <mem type="loa" free="77784" total="190464" percent="40" />
  </mem>
</mem-info>
<gc-op id="3425" type="compact" timems="6.188" contextid="3419" timestamp="2019-07-02T23:05:43.814">
  <compact-info movecount="28914" movebytes="1244920" reason="compact to aid heap contraction" />
</gc-op>
<heap-resize id="3426" type="contract" space="tenure" amount="131072" count="1" timems="0.079" reason="excess free space following gc" timestamp="2019-07-02T23:05:43.814" />
<gc-end id="3427" type="global" contextid="3419" durationms="9.845" usertimems="20.000" systemtimems="4.000" timestamp="2019-07-02T23:05:43.815" activeThreads="4">
  <mem-info id="3428" free="13071880" total="19005440" percent="68">
    <mem type="tenure" free="13071880" total="19005440" percent="68">
      <mem type="soa" free="12941832" total="18816000" percent="68" />
      <mem type="loa" free="130048" total="189440" percent="68" />
    </mem>
  </mem-info>
</gc-end>
<cycle-end id="3429" type="global" contextid="3419" timestamp="2019-07-02T23:05:43.815">
  <attribute name="GC Util" value="144" />
  <attribute name="CPU Util" value="17470277646758" />
  <attribute name="Time Running"value="4373"/>
  <attribute name="Number of cores"value="4"/>
</cycle-end>
<allocation-satisfied id="3430" threadId="0000000001358100" bytesRequested="24" />
<af-end id="3431" timestamp="2019-07-02T23:05:43.815" threadId="0000000001358A88" success="true" />
<exclusive-end id="3432" timestamp="2019-07-02T23:05:43.815" durationms="10.403" />

<exclusive-start id="3433" timestamp="2019-07-02T23:05:43.821" intervalms="16.625">
  <response-info timems="0.046" idlems="0.045" threads="1" lastid="000000000135F900" lastname="Thread-9" />
</exclusive-start>
<af-start id="3434" threadId="0000000001358A88" totalBytesRequested="40" timestamp="2019-07-02T23:05:43.821" intervalms="16.627" />
<cycle-start id="3435" type="global" contextid="0" timestamp="2019-07-02T23:05:43.821" intervalms="16.637" />
  <attribute name="GC Util" value="144" />
  <attribute name="CPU Util" value="17470277646758" />
  <attribute name="Time Running"value="4373"/>
  <attribute name="Number of cores"value="4"/>
<gc-start id="3436" type="global" contextid="3435" timestamp="2019-07-02T23:05:43.821">
  <mem-info id="3437" free="130048" total="19005440" percent="0">
    <mem type="tenure" free="130048" total="19005440" percent="0">
      <mem type="soa" free="0" total="18816000" percent="0" />
      <mem type="loa" free="130048" total="189440" percent="68" />
    </mem>
  </mem-info>
</gc-start>
<allocation-stats totalBytes="13005520" >
  <allocated-bytes non-tlh="0" tlh="13005520" />
  <largest-consumer threadName="Thread-7" threadId="0000000001358100" bytes="5209392" />
</allocation-stats>
<gc-op id="3438" type="mark" timems="2.044" contextid="3435" timestamp="2019-07-02T23:05:43.823">
  <trace-info objectcount="69589" scancount="62000" scanbytes="2361492" />
  <finalization candidates="124" enqueued="0" />
  <ownableSynchronizers candidates="3" cleared="0" />
  <references type="soft" candidates="84" cleared="0" enqueued="0" dynamicThreshold="22" maxThreshold="32" />
  <references type="weak" candidates="774" cleared="0" enqueued="0" />
  <references type="phantom" candidates="63" cleared="0" enqueued="0" />
  <stringconstants candidates="4574" cleared="0"  />
</gc-op>
<gc-op id="3439" type="sweep" timems="0.706" contextid="3435" timestamp="2019-07-02T23:05:43.824" />
<heap-resize id="3440" type="contract" space="tenure" amount="131072" count="1" timems="0.050" reason="excess free space following gc" timestamp="2019-07-02T23:05:43.824" />
<gc-end id="3441" type="global" contextid="3435" durationms="3.113" usertimems="8.000" systemtimems="0.000" timestamp="2019-07-02T23:05:43.824" activeThreads="4">
  <mem-info id="3442" free="12844560" total="18874368" percent="68">
    <mem type="tenure" free="12844560" total="18874368" percent="68" micro-fragmented="14112" macro-fragmented="0">
      <mem type="soa" free="12844560" total="18685952" percent="68" />
      <mem type="loa" free="0" total="188416" percent="0" />
    </mem>
  </mem-info>
</gc-end>
<cycle-end id="3443" type="global" contextid="3435" timestamp="2019-07-02T23:05:43.825">
  <attribute name="GC Util" value="261" />
  <attribute name="CPU Util" value="8803544122954" />
  <attribute name="Time Running"value="4388"/>
  <attribute name="Number of cores"value="4"/>
</cycle-end>
<allocation-satisfied id="3444" threadId="0000000001358100" bytesRequested="40" />
<af-end id="3445" timestamp="2019-07-02T23:05:43.825" threadId="0000000001358A88" success="true" />
<exclusive-end id="3446" timestamp="2019-07-02T23:05:43.825" durationms="3.557" />

<exclusive-start id="3447" timestamp="2019-07-02T23:05:43.832" intervalms="11.134">
  <response-info timems="0.071" idlems="0.044" threads="1" lastid="000000000135BD00" lastname="Thread-10" />
</exclusive-start>
<af-start id="3448" threadId="0000000001358A88" totalBytesRequested="40" timestamp="2019-07-02T23:05:43.832" intervalms="11.128" />
<cycle-start id="3449" type="global" contextid="0" timestamp="2019-07-02T23:05:43.832" intervalms="11.114" />
  <attribute name="GC Util" value="261" />
  <attribute name="CPU Util" value="8803544122954" />
  <attribute name="Time Running"value="4388"/>
  <attribute name="Number of cores"value="4"/>
<gc-start id="3450" type="global" contextid="3449" timestamp="2019-07-02T23:05:43.832">
  <mem-info id="3451" free="0" total="18874368" percent="0">
    <mem type="tenure" free="0" total="18874368" percent="0">
      <mem type="soa" free="0" total="18685952" percent="0" />
      <mem type="loa" free="0" total="188416" percent="0" />
    </mem>
  </mem-info>
</gc-start>
<allocation-stats totalBytes="12845352" >
  <allocated-bytes non-tlh="0" tlh="12845352" />
  <largest-consumer threadName="Thread-7" threadId="0000000001358100" bytes="6241688" />
</allocation-stats>
<gc-op id="3452" type="mark" timems="2.238" contextid="3449" timestamp="2019-07-02T23:05:43.835">
  <trace-info objectcount="72443" scancount="64865" scanbytes="2429836" />
  <finalization candidates="124" enqueued="0" />
  <ownableSynchronizers candidates="3" cleared="0" />
  <references type="soft" candidates="84" cleared="0" enqueued="0" dynamicThreshold="21" maxThreshold="32" />
  <references type="weak" candidates="774" cleared="0" enqueued="0" />
  <references type="phantom" candidates="63" cleared="0" enqueued="0" />
  <stringconstants candidates="4574" cleared="0"  />
</gc-op>
<gc-op id="3453" type="sweep" timems="0.962" contextid="3449" timestamp="2019-07-02T23:05:43.836" />
<mem-info id="3454" free="12843136" total="18874368" percent="68">
  <mem type="tenure" free="12843136" total="18874368" percent="68" micro-fragmented="648" macro-fragmented="0">
    <mem type="soa" free="12759616" total="18685952" percent="68" />
    <mem type="loa" free="83520" total="188416" percent="44" />
  </mem>
</mem-info>
<gc-op id="3455" type="compact" timems="6.942" contextid="3449" timestamp="2019-07-02T23:05:43.843">
  <compact-info movecount="32588" movebytes="1332768" reason="compact to aid heap contraction" />
</gc-op>
<heap-resize id="3456" type="contract" space="tenure" amount="131072" count="1" timems="0.083" reason="excess free space following gc" timestamp="2019-07-02T23:05:43.843" />
<gc-end id="3457" type="global" contextid="3449" durationms="10.765" usertimems="24.000" systemtimems="4.000" timestamp="2019-07-02T23:05:43.843" activeThreads="4">
  <mem-info id="3458" free="12721200" total="18743296" percent="67">
    <mem type="tenure" free="12721200" total="18743296" percent="67">
      <mem type="soa" free="12591152" total="18555904" percent="67" />
      <mem type="loa" free="130048" total="187392" percent="69" />
    </mem>
  </mem-info>
</gc-end>
<cycle-end id="3459" type="global" contextid="3449" timestamp="2019-07-02T23:05:43.843">
  <attribute name="GC Util" value="142" />
  <attribute name="CPU Util" value="17167922494107" />
  <attribute name="Time Running"value="4401"/>
  <attribute name="Number of cores"value="4"/>
</cycle-end>
<allocation-satisfied id="3460" threadId="0000000001358100" bytesRequested="40" />
<af-end id="3461" timestamp="2019-07-02T23:05:43.844" threadId="0000000001358A88" success="true" />
<exclusive-end id="3462" timestamp="2019-07-02T23:05:43.844" durationms="11.325" />

<exclusive-start id="3463" timestamp="2019-07-02T23:05:43.850" intervalms="18.032">
  <response-info timems="0.070" idlems="0.070" threads="0" lastid="0000000001354500" lastname="Thread-8" />
</exclusive-start>
<af-start id="3464" threadId="0000000001354E88" totalBytesRequested="40" timestamp="2019-07-02T23:05:43.850" intervalms="18.051" />
<cycle-start id="3465" type="global" contextid="0" timestamp="2019-07-02T23:05:43.850" intervalms="18.045" />
  <attribute name="GC Util" value="142" />
  <attribute name="CPU Util" value="17167922494107" />
  <attribute name="Time Running"value="4401"/>
  <attribute name="Number of cores"value="4"/>
<gc-start id="3466" type="global" contextid="3465" timestamp="2019-07-02T23:05:43.850">
  <mem-info id="3467" free="130048" total="18743296" percent="0">
    <mem type="tenure" free="130048" total="18743296" percent="0">
      <mem type="soa" free="0" total="18555904" percent="0" />
      <mem type="loa" free="130048" total="187392" percent="69" />
    </mem>
  </mem-info>
</gc-start>
<allocation-stats totalBytes="12655864" >
  <allocated-bytes non-tlh="0" tlh="12655864" />
  <largest-consumer threadName="Thread-7" threadId="0000000001358100" bytes="5602960" />
</allocation-stats>
<gc-op id="3468" type="mark" timems="1.756" contextid="3465" timestamp="2019-07-02T23:05:43.852">
  <trace-info objectcount="67554" scancount="59988" scanbytes="2312532" />
  <finalization candidates="124" enqueued="0" />
  <ownableSynchronizers candidates="3" cleared="0" />
  <references type="soft" candidates="84" cleared="0" enqueued="0" dynamicThreshold="21" maxThreshold="32" />
  <references type="weak" candidates="774" cleared="0" enqueued="0" />
  <references type="phantom" candidates="63" cleared="0" enqueued="0" />
  <stringconstants candidates="4574" cleared="0"  />
</gc-op>
<gc-op id="3469" type="sweep" timems="0.377" contextid="3465" timestamp="2019-07-02T23:05:43.853" />
<heap-resize id="3470" type="contract" space="tenure" amount="131072" count="1" timems="0.055" reason="excess free space following gc" timestamp="2019-07-02T23:05:43.853" />
<gc-end id="3471" type="global" contextid="3465" durationms="2.480" usertimems="8.000" systemtimems="0.000" timestamp="2019-07-02T23:05:43.853" activeThreads="4">
  <mem-info id="3472" free="12620936" total="18612224" percent="67">
    <mem type="tenure" free="12620936" total="18612224" percent="67" micro-fragmented="109150" macro-fragmented="0">
      <mem type="soa" free="12526192" total="18426880" percent="67" />
      <mem type="loa" free="94744" total="185344" percent="51" />
    </mem>
  </mem-info>
</gc-end>
<cycle-end id="3473" type="global" contextid="3465" timestamp="2019-07-02T23:05:43.853">
  <attribute name="GC Util" value="245" />
  <attribute name="CPU Util" value="10133363146182" />
  <attribute name="Time Running"value="4417"/>
  <attribute name="Number of cores"value="4"/>
</cycle-end>
<allocation-satisfied id="3474" threadId="0000000001354500" bytesRequested="40" />
<af-end id="3475" timestamp="2019-07-02T23:05:43.853" threadId="0000000001354E88" success="true" />
<exclusive-end id="3476" timestamp="2019-07-02T23:05:43.853" durationms="2.872" />

<exclusive-start id="3477" timestamp="2019-07-02T23:05:43.859" intervalms="8.909">
  <response-info timems="0.032" idlems="0.032" threads="0" lastid="000000000135F900" lastname="Thread-9" />
</exclusive-start>
<af-start id="3478" threadId="0000000001360288" totalBytesRequested="24" timestamp="2019-07-02T23:05:43.859" intervalms="8.907" />
<cycle-start id="3479" type="global" contextid="0" timestamp="2019-07-02T23:05:43.859" intervalms="8.917" />
  <attribute name="GC Util" value="245" />
  <attribute name="CPU Util" value="10133363146182" />
  <attribute name="Time Running"value="4417"/>
  <attribute name="Number of cores"value="4"/>
<gc-start id="3480" type="global" contextid="3479" timestamp="2019-07-02T23:05:43.859">
  <mem-info id="3481" free="94744" total="18612224" percent="0">
    <mem type="tenure" free="94744" total="18612224" percent="0">
      <mem type="soa" free="0" total="18426880" percent="0" />
      <mem type="loa" free="94744" total="185344" percent="51" />
    </mem>
  </mem-info>
</gc-start>
<allocation-stats totalBytes="12524688" >
  <allocated-bytes non-tlh="0" tlh="12524688" />
  <largest-consumer threadName="Thread-7" threadId="0000000001358100" bytes="5052896" />
</allocation-stats>
<gc-op id="3482" type="mark" timems="2.435" contextid="3479" timestamp="2019-07-02T23:05:43.862">
  <trace-info objectcount="68325" scancount="60750" scanbytes="2331372" />
  <finalization candidates="124" enqueued="0" />
  <ownableSynchronizers candidates="3" cleared="0" />
  <references type="soft" candidates="84" cleared="0" enqueued="0" dynamicThreshold="21" maxThreshold="32" />
  <references type="weak" candidates="774" cleared="0" enqueued="0" />
  <references type="phantom" candidates="63" cleared="0" enqueued="0" />
  <stringconstants candidates="4574" cleared="0"  />
</gc-op>
<gc-op id="3483" type="sweep" timems="0.767" contextid="3479" timestamp="2019-07-02T23:05:43.863" />
<heap-resize id="3484" type="contract" space="tenure" amount="131072" count="1" timems="0.062" reason="excess free space following gc" timestamp="2019-07-02T23:05:43.863" />
<gc-end id="3485" type="global" contextid="3479" durationms="3.667" usertimems="12.000" systemtimems="0.000" timestamp="2019-07-02T23:05:43.863" activeThreads="4">
  <mem-info id="3486" free="12373664" total="18481152" percent="66">
    <mem type="tenure" free="12373664" total="18481152" percent="66" micro-fragmented="157522" macro-fragmented="0">
      <mem type="soa" free="12373664" total="18296832" percent="67" />
      <mem type="loa" free="0" total="184320" percent="0" />
    </mem>
  </mem-info>
</gc-end>
<cycle-end id="3487" type="global" contextid="3479" timestamp="2019-07-02T23:05:43.863">
  <attribute name="GC Util" value="254" />
  <attribute name="CPU Util" value="7381579317154" />
  <attribute name="Time Running"value="4427"/>
  <attribute name="Number of cores"value="4"/>
</cycle-end>
<allocation-satisfied id="3488" threadId="000000000135F900" bytesRequested="24" />
<af-end id="3489" timestamp="2019-07-02T23:05:43.863" threadId="0000000001360288" success="true" />
<exclusive-end id="3490" timestamp="2019-07-02T23:05:43.863" durationms="4.177" />

<exclusive-start id="3491" timestamp="2019-07-02T23:05:43.869" intervalms="10.081">
  <response-info timems="0.044" idlems="0.044" threads="0" lastid="0000000001358100" lastname="Thread-7" />
</exclusive-start>
<af-start id="3492" threadId="0000000001358A88" totalBytesRequested="40" timestamp="2019-07-02T23:05:43.869" intervalms="10.091" />
<cycle-start id="3493" type="global" contextid="0" timestamp="2019-07-02T23:05:43.869" intervalms="10.093" />
  <attribute name="GC Util" value="254" />
  <attribute name="CPU Util" value="7381579317154" />
  <attribute name="Time Running"value="4427"/>
  <attribute name="Number of cores"value="4"/>
<gc-start id="3494" type="global" contextid="3493" timestamp="2019-07-02T23:05:43.870">
  <mem-info id="3495" free="0" total="18481152" percent="0">
    <mem type="tenure" free="0" total="18481152" percent="0">
      <mem type="soa" free="0" total="18296832" percent="0" />
      <mem type="loa" free="0" total="184320" percent="0" />
    </mem>
  </mem-info>
</gc-start>
<allocation-stats totalBytes="12371160" >
  <allocated-bytes non-tlh="0" tlh="12371160" />
  <largest-consumer threadName="Thread-7" threadId="0000000001358100" bytes="4749688" />
</allocation-stats>
<gc-op id="3496" type="mark" timems="2.377" contextid="3493" timestamp="2019-07-02T23:05:43.872">
  <trace-info objectcount="69137" scancount="61558" scanbytes="2350676" />
  <finalization candidates="124" enqueued="0" />
  <ownableSynchronizers candidates="3" cleared="0" />
  <references type="soft" candidates="84" cleared="0" enqueued="0" dynamicThreshold="21" maxThreshold="32" />
  <references type="weak" candidates="774" cleared="0" enqueued="0" />
  <references type="phantom" candidates="63" cleared="0" enqueued="0" />
  <stringconstants candidates="4574" cleared="0"  />
</gc-op>
<gc-op id="3497" type="sweep" timems="0.814" contextid="3493" timestamp="2019-07-02T23:05:43.873" />
<mem-info id="3498" free="12316968" total="18481152" percent="66">
  <mem type="tenure" free="12316968" total="18481152" percent="66" micro-fragmented="122499" macro-fragmented="0">
    <mem type="soa" free="12316968" total="18296832" percent="67" />
    <mem type="loa" free="0" total="184320" percent="0" />
  </mem>
</mem-info>
<gc-op id="3499" type="compact" timems="5.977" contextid="3493" timestamp="2019-07-02T23:05:43.879">
  <compact-info movecount="29392" movebytes="1256248" reason="compact to aid heap contraction" />
</gc-op>
<heap-resize id="3500" type="contract" space="tenure" amount="131072" count="1" timems="0.084" reason="excess free space following gc" timestamp="2019-07-02T23:05:43.879" />
<gc-end id="3501" type="global" contextid="3493" durationms="9.819" usertimems="16.000" systemtimems="4.000" timestamp="2019-07-02T23:05:43.879" activeThreads="4">
  <mem-info id="3502" free="12411240" total="18350080" percent="67">
    <mem type="tenure" free="12411240" total="18350080" percent="67">
      <mem type="soa" free="12281192" total="18166784" percent="67" />
      <mem type="loa" free="130048" total="183296" percent="70" />
    </mem>
  </mem-info>
</gc-end>
<cycle-end id="3503" type="global" contextid="3493" timestamp="2019-07-02T23:05:43.879">
  <attribute name="GC Util" value="165" />
  <attribute name="CPU Util" value="20030473268946" />
  <attribute name="Time Running"value="4438"/>
  <attribute name="Number of cores"value="4"/>
</cycle-end>
<allocation-satisfied id="3504" threadId="0000000001358100" bytesRequested="40" />
<af-end id="3505" timestamp="2019-07-02T23:05:43.880" threadId="0000000001358A88" success="true" />
<exclusive-end id="3506" timestamp="2019-07-02T23:05:43.880" durationms="10.512" />

<exclusive-start id="3507" timestamp="2019-07-02T23:05:43.886" intervalms="16.280">
  <response-info timems="0.046" idlems="0.046" threads="0" lastid="0000000001358100" lastname="Thread-7" />
</exclusive-start>
<af-start id="3508" threadId="0000000001358A88" totalBytesRequested="40" timestamp="2019-07-02T23:05:43.886" intervalms="16.282" />
<cycle-start id="3509" type="global" contextid="0" timestamp="2019-07-02T23:05:43.886" intervalms="16.284" />
  <attribute name="GC Util" value="165" />
  <attribute name="CPU Util" value="20030473268946" />
  <attribute name="Time Running"value="4438"/>
  <attribute name="Number of cores"value="4"/>
<gc-start id="3510" type="global" contextid="3509" timestamp="2019-07-02T23:05:43.886">
  <mem-info id="3511" free="130048" total="18350080" percent="0">
    <mem type="tenure" free="130048" total="18350080" percent="0">
      <mem type="soa" free="0" total="18166784" percent="0" />
      <mem type="loa" free="130048" total="183296" percent="70" />
    </mem>
  </mem-info>
</gc-start>
<allocation-stats totalBytes="12345280" >
  <allocated-bytes non-tlh="0" tlh="12345280" />
  <largest-consumer threadName="Thread-7" threadId="0000000001358100" bytes="4694920" />
</allocation-stats>
<gc-op id="3512" type="mark" timems="2.113" contextid="3509" timestamp="2019-07-02T23:05:43.888">
  <trace-info objectcount="70098" scancount="62534" scanbytes="2373940" />
  <finalization candidates="124" enqueued="0" />
  <ownableSynchronizers candidates="3" cleared="0" />
  <references type="soft" candidates="84" cleared="0" enqueued="0" dynamicThreshold="21" maxThreshold="32" />
  <references type="weak" candidates="774" cleared="0" enqueued="0" />
  <references type="phantom" candidates="63" cleared="0" enqueued="0" />
  <stringconstants candidates="4574" cleared="0"  />
</gc-op>
<gc-op id="3513" type="sweep" timems="0.742" contextid="3509" timestamp="2019-07-02T23:05:43.889" />
<heap-resize id="3514" type="contract" space="tenure" amount="131072" count="1" timems="0.054" reason="excess free space following gc" timestamp="2019-07-02T23:05:43.889" />
<gc-end id="3515" type="global" contextid="3509" durationms="3.257" usertimems="8.000" systemtimems="4.000" timestamp="2019-07-02T23:05:43.889" activeThreads="4">
  <mem-info id="3516" free="12280472" total="18219008" percent="67">
    <mem type="tenure" free="12280472" total="18219008" percent="67" micro-fragmented="23392" macro-fragmented="0">
      <mem type="soa" free="12188224" total="18037760" percent="67" />
      <mem type="loa" free="92248" total="181248" percent="50" />
    </mem>
  </mem-info>
</gc-end>
<cycle-end id="3517" type="global" contextid="3509" timestamp="2019-07-02T23:05:43.889">
  <attribute name="GC Util" value="257" />
  <attribute name="CPU Util" value="8515676627836" />
  <attribute name="Time Running"value="4453"/>
  <attribute name="Number of cores"value="4"/>
</cycle-end>
<allocation-satisfied id="3518" threadId="0000000001358100" bytesRequested="40" />
<af-end id="3519" timestamp="2019-07-02T23:05:43.889" threadId="0000000001358A88" success="true" />
<exclusive-end id="3520" timestamp="2019-07-02T23:05:43.889" durationms="3.740" />

<exclusive-start id="3521" timestamp="2019-07-02T23:05:43.895" intervalms="9.764">
  <response-info timems="0.031" idlems="0.030" threads="1" lastid="000000000135BD00" lastname="Thread-10" />
</exclusive-start>
<af-start id="3522" threadId="0000000001358A88" totalBytesRequested="40" timestamp="2019-07-02T23:05:43.895" intervalms="9.750" />
<cycle-start id="3523" type="global" contextid="0" timestamp="2019-07-02T23:05:43.895" intervalms="9.744" />
  <attribute name="GC Util" value="257" />
  <attribute name="CPU Util" value="8515676627836" />
  <attribute name="Time Running"value="4453"/>
  <attribute name="Number of cores"value="4"/>
<gc-start id="3524" type="global" contextid="3523" timestamp="2019-07-02T23:05:43.896">
  <mem-info id="3525" free="92248" total="18219008" percent="0">
    <mem type="tenure" free="92248" total="18219008" percent="0">
      <mem type="soa" free="0" total="18037760" percent="0" />
      <mem type="loa" free="92248" total="181248" percent="50" />
    </mem>
  </mem-info>
</gc-start>
<allocation-stats totalBytes="12188016" >
  <allocated-bytes non-tlh="0" tlh="12188016" />
  <largest-consumer threadName="Thread-9" threadId="000000000135F900" bytes="4463632" />
</allocation-stats>
<gc-op id="3526" type="mark" timems="2.004" contextid="3523" timestamp="2019-07-02T23:05:43.898">
  <trace-info objectcount="66057" scancount="58490" scanbytes="2276940" />
  <finalization candidates="124" enqueued="0" />
  <ownableSynchronizers candidates="3" cleared="0" />
  <references type="soft" candidates="84" cleared="0" enqueued="0" dynamicThreshold="21" maxThreshold="32" />
  <references type="weak" candidates="774" cleared="0" enqueued="0" />
  <references type="phantom" candidates="63" cleared="0" enqueued="0" />
  <stringconstants candidates="4574" cleared="0"  />
</gc-op>
<gc-op id="3527" type="sweep" timems="0.755" contextid="3523" timestamp="2019-07-02T23:05:43.899" />
<heap-resize id="3528" type="contract" space="tenure" amount="131072" count="1" timems="0.102" reason="excess free space following gc" timestamp="2019-07-02T23:05:43.899" />
<gc-end id="3529" type="global" contextid="3523" durationms="3.357" usertimems="8.000" systemtimems="0.000" timestamp="2019-07-02T23:05:43.899" activeThreads="4">
  <mem-info id="3530" free="12062160" total="18087936" percent="66">
    <mem type="tenure" free="12062160" total="18087936" percent="66" micro-fragmented="79192" macro-fragmented="0">
      <mem type="soa" free="12062160" total="17907712" percent="67" />
      <mem type="loa" free="0" total="180224" percent="0" />
    </mem>
  </mem-info>
</gc-end>
<cycle-end id="3531" type="global" contextid="3523" timestamp="2019-07-02T23:05:43.899">
  <attribute name="GC Util" value="235" />
  <attribute name="CPU Util" value="8844152368388" />
  <attribute name="Time Running"value="4463"/>
  <attribute name="Number of cores"value="4"/>
</cycle-end>
<allocation-satisfied id="3532" threadId="0000000001358100" bytesRequested="40" />
<af-end id="3533" timestamp="2019-07-02T23:05:43.899" threadId="0000000001358A88" success="true" />
<exclusive-end id="3534" timestamp="2019-07-02T23:05:43.899" durationms="3.984" />

<exclusive-start id="3535" timestamp="2019-07-02T23:05:43.906" intervalms="10.337">
  <response-info timems="0.028" idlems="0.028" threads="0" lastid="0000000001358100" lastname="Thread-7" />
</exclusive-start>
<af-start id="3536" threadId="0000000001358A88" totalBytesRequested="40" timestamp="2019-07-02T23:05:43.906" intervalms="10.346" />
<cycle-start id="3537" type="global" contextid="0" timestamp="2019-07-02T23:05:43.906" intervalms="10.346" />
  <attribute name="GC Util" value="235" />
  <attribute name="CPU Util" value="8844152368388" />
  <attribute name="Time Running"value="4463"/>
  <attribute name="Number of cores"value="4"/>
<gc-start id="3538" type="global" contextid="3537" timestamp="2019-07-02T23:05:43.906">
  <mem-info id="3539" free="0" total="18087936" percent="0">
    <mem type="tenure" free="0" total="18087936" percent="0">
      <mem type="soa" free="0" total="17907712" percent="0" />
      <mem type="loa" free="0" total="180224" percent="0" />
    </mem>
  </mem-info>
</gc-start>
<allocation-stats totalBytes="12062704" >
  <allocated-bytes non-tlh="0" tlh="12062704" />
  <largest-consumer threadName="Thread-8" threadId="0000000001354500" bytes="4412200" />
</allocation-stats>
<gc-op id="3540" type="mark" timems="2.414" contextid="3537" timestamp="2019-07-02T23:05:43.908">
  <trace-info objectcount="66918" scancount="59339" scanbytes="2297188" />
  <finalization candidates="124" enqueued="0" />
  <ownableSynchronizers candidates="3" cleared="0" />
  <references type="soft" candidates="84" cleared="0" enqueued="0" dynamicThreshold="21" maxThreshold="32" />
  <references type="weak" candidates="774" cleared="0" enqueued="0" />
  <references type="phantom" candidates="63" cleared="0" enqueued="0" />
  <stringconstants candidates="4574" cleared="0"  />
</gc-op>
<gc-op id="3541" type="sweep" timems="0.844" contextid="3537" timestamp="2019-07-02T23:05:43.909" />
<mem-info id="3542" free="12107208" total="18087936" percent="66">
  <mem type="tenure" free="12107208" total="18087936" percent="66" micro-fragmented="64358" macro-fragmented="0">
    <mem type="soa" free="12018976" total="17907712" percent="67" />
    <mem type="loa" free="88232" total="180224" percent="48" />
  </mem>
</mem-info>
<gc-op id="3543" type="compact" timems="5.906" contextid="3537" timestamp="2019-07-02T23:05:43.915">
  <compact-info movecount="27172" movebytes="1202736" reason="compact to aid heap contraction" />
</gc-op>
<heap-resize id="3544" type="contract" space="tenure" amount="131072" count="1" timems="0.091" reason="excess free space following gc" timestamp="2019-07-02T23:05:43.916" />
<gc-end id="3545" type="global" contextid="3537" durationms="9.952" usertimems="20.000" systemtimems="0.000" timestamp="2019-07-02T23:05:43.916" activeThreads="4">
  <mem-info id="3546" free="12075608" total="17956864" percent="67">
    <mem type="tenure" free="12075608" total="17956864" percent="67">
      <mem type="soa" free="11945560" total="17777664" percent="67" />
      <mem type="loa" free="130048" total="179200" percent="72" />
    </mem>
  </mem-info>
</gc-end>
<cycle-end id="3547" type="global" contextid="3537" timestamp="2019-07-02T23:05:43.916">
  <attribute name="GC Util" value="148" />
  <attribute name="CPU Util" value="17358488168528" />
  <attribute name="Time Running"value="4474"/>
  <attribute name="Number of cores"value="4"/>
</cycle-end>
<allocation-satisfied id="3548" threadId="0000000001358100" bytesRequested="40" />
<af-end id="3549" timestamp="2019-07-02T23:05:43.916" threadId="0000000001358A88" success="true" />
<exclusive-end id="3550" timestamp="2019-07-02T23:05:43.916" durationms="10.676" />

<exclusive-start id="3551" timestamp="2019-07-02T23:05:43.922" intervalms="16.784">
  <response-info timems="0.032" idlems="0.032" threads="0" lastid="000000000135BD00" lastname="Thread-10" />
</exclusive-start>
<af-start id="3552" threadId="000000000135C688" totalBytesRequested="40" timestamp="2019-07-02T23:05:43.923" intervalms="16.764" />
<cycle-start id="3553" type="global" contextid="0" timestamp="2019-07-02T23:05:43.923" intervalms="16.754" />
  <attribute name="GC Util" value="148" />
  <attribute name="CPU Util" value="17358488168528" />
  <attribute name="Time Running"value="4474"/>
  <attribute name="Number of cores"value="4"/>
<gc-start id="3554" type="global" contextid="3553" timestamp="2019-07-02T23:05:43.923">
  <mem-info id="3555" free="130048" total="17956864" percent="0">
    <mem type="tenure" free="130048" total="17956864" percent="0">
      <mem type="soa" free="0" total="17777664" percent="0" />
      <mem type="loa" free="130048" total="179200" percent="72" />
    </mem>
  </mem-info>
</gc-start>
<allocation-stats totalBytes="12011016" >
  <allocated-bytes non-tlh="0" tlh="12011016" />
  <largest-consumer threadName="Thread-9" threadId="000000000135F900" bytes="4621872" />
</allocation-stats>
<gc-op id="3556" type="mark" timems="2.326" contextid="3553" timestamp="2019-07-02T23:05:43.925">
  <trace-info objectcount="67623" scancount="60040" scanbytes="2314140" />
  <finalization candidates="124" enqueued="0" />
  <ownableSynchronizers candidates="3" cleared="0" />
  <references type="soft" candidates="84" cleared="0" enqueued="0" dynamicThreshold="21" maxThreshold="32" />
  <references type="weak" candidates="774" cleared="0" enqueued="0" />
  <references type="phantom" candidates="63" cleared="0" enqueued="0" />
  <stringconstants candidates="4574" cleared="0"  />
</gc-op>
<gc-op id="3557" type="sweep" timems="0.739" contextid="3553" timestamp="2019-07-02T23:05:43.926" />
<heap-resize id="3558" type="contract" space="tenure" amount="131072" count="1" timems="0.048" reason="excess free space following gc" timestamp="2019-07-02T23:05:43.926" />
<gc-end id="3559" type="global" contextid="3553" durationms="3.404" usertimems="8.000" systemtimems="4.000" timestamp="2019-07-02T23:05:43.926" activeThreads="4">
  <mem-info id="3560" free="11860856" total="17825792" percent="66">
    <mem type="tenure" free="11860856" total="17825792" percent="66" micro-fragmented="8736" macro-fragmented="0">
      <mem type="soa" free="11860856" total="17647616" percent="67" />
      <mem type="loa" free="0" total="178176" percent="0" />
    </mem>
  </mem-info>
</gc-end>
<cycle-end id="3561" type="global" contextid="3553" timestamp="2019-07-02T23:05:43.926">
  <attribute name="GC Util" value="258" />
  <attribute name="CPU Util" value="7767589691798" />
  <attribute name="Time Running"value="4490"/>
  <attribute name="Number of cores"value="4"/>
</cycle-end>
<allocation-satisfied id="3562" threadId="000000000135BD00" bytesRequested="40" />
<af-end id="3563" timestamp="2019-07-02T23:05:43.926" threadId="000000000135C688" success="true" />
<exclusive-end id="3564" timestamp="2019-07-02T23:05:43.926" durationms="3.767" />

<exclusive-start id="3565" timestamp="2019-07-02T23:05:43.933" intervalms="10.175">
  <response-info timems="0.029" idlems="0.029" threads="0" lastid="000000000135BD00" lastname="Thread-10" />
</exclusive-start>
<af-start id="3566" threadId="000000000135C688" totalBytesRequested="40" timestamp="2019-07-02T23:05:43.933" intervalms="10.171" />
<cycle-start id="3567" type="global" contextid="0" timestamp="2019-07-02T23:05:43.933" intervalms="10.168" />
  <attribute name="GC Util" value="258" />
  <attribute name="CPU Util" value="7767589691798" />
  <attribute name="Time Running"value="4490"/>
  <attribute name="Number of cores"value="4"/>
<gc-start id="3568" type="global" contextid="3567" timestamp="2019-07-02T23:05:43.933">
  <mem-info id="3569" free="0" total="17825792" percent="0">
    <mem type="tenure" free="0" total="17825792" percent="0">
      <mem type="soa" free="0" total="17647616" percent="0" />
      <mem type="loa" free="0" total="178176" percent="0" />
    </mem>
  </mem-info>
</gc-start>
<allocation-stats totalBytes="11861128" >
  <allocated-bytes non-tlh="0" tlh="11861128" />
  <largest-consumer threadName="Thread-9" threadId="000000000135F900" bytes="4971312" />
</allocation-stats>
<gc-op id="3570" type="mark" timems="2.333" contextid="3567" timestamp="2019-07-02T23:05:43.935">
  <trace-info objectcount="68211" scancount="60640" scanbytes="2328116" />
  <finalization candidates="124" enqueued="0" />
  <ownableSynchronizers candidates="3" cleared="0" />
  <references type="soft" candidates="84" cleared="0" enqueued="0" dynamicThreshold="21" maxThreshold="32" />
  <references type="weak" candidates="774" cleared="0" enqueued="0" />
  <references type="phantom" candidates="63" cleared="0" enqueued="0" />
  <stringconstants candidates="4574" cleared="0"  />
</gc-op>
<gc-op id="3571" type="sweep" timems="0.752" contextid="3567" timestamp="2019-07-02T23:05:43.936" />
<mem-info id="3572" free="11822200" total="17825792" percent="66">
  <mem type="tenure" free="11822200" total="17825792" percent="66" micro-fragmented="15504" macro-fragmented="0">
    <mem type="soa" free="11822200" total="17647616" percent="66" />
    <mem type="loa" free="0" total="178176" percent="0" />
  </mem>
</mem-info>
<gc-op id="3573" type="compact" timems="4.716" contextid="3567" timestamp="2019-07-02T23:05:43.941">
  <compact-info movecount="8376" movebytes="339400" reason="compact to aid heap contraction" />
</gc-op>
<heap-resize id="3574" type="contract" space="tenure" amount="131072" count="1" timems="0.081" reason="excess free space following gc" timestamp="2019-07-02T23:05:43.941" />
<gc-end id="3575" type="global" contextid="3567" durationms="8.330" usertimems="4.000" systemtimems="12.000" timestamp="2019-07-02T23:05:43.941" activeThreads="4">
  <mem-info id="3576" free="11784584" total="17694720" percent="66">
    <mem type="tenure" free="11784584" total="17694720" percent="66">
      <mem type="soa" free="11655560" total="17518592" percent="66" />
      <mem type="loa" free="129024" total="176128" percent="73" />
    </mem>
  </mem-info>
</gc-end>
<cycle-end id="3577" type="global" contextid="3567" timestamp="2019-07-02T23:05:43.941">
  <attribute name="GC Util" value="171" />
  <attribute name="CPU Util" value="21029335530960" />
  <attribute name="Time Running"value="4501"/>
  <attribute name="Number of cores"value="4"/>
</cycle-end>
<allocation-satisfied id="3578" threadId="000000000135BD00" bytesRequested="40" />
<af-end id="3579" timestamp="2019-07-02T23:05:43.941" threadId="000000000135C688" success="true" />
<exclusive-end id="3580" timestamp="2019-07-02T23:05:43.941" durationms="8.824" />

<exclusive-start id="3581" timestamp="2019-07-02T23:05:43.951" intervalms="18.556">
  <response-info timems="0.030" idlems="0.030" threads="0" lastid="000000000135BD00" lastname="Thread-10" />
</exclusive-start>
<af-start id="3582" threadId="000000000135C688" totalBytesRequested="40" timestamp="2019-07-02T23:05:43.951" intervalms="18.611" />
<cycle-start id="3583" type="global" contextid="0" timestamp="2019-07-02T23:05:43.951" intervalms="18.643" />
  <attribute name="GC Util" value="171" />
  <attribute name="CPU Util" value="21029335530960" />
  <attribute name="Time Running"value="4501"/>
  <attribute name="Number of cores"value="4"/>
<gc-start id="3584" type="global" contextid="3583" timestamp="2019-07-02T23:05:43.952">
  <mem-info id="3585" free="129024" total="17694720" percent="0">
    <mem type="tenure" free="129024" total="17694720" percent="0">
      <mem type="soa" free="0" total="17518592" percent="0" />
      <mem type="loa" free="129024" total="176128" percent="73" />
    </mem>
  </mem-info>
</gc-start>
<allocation-stats totalBytes="11719520" >
  <allocated-bytes non-tlh="0" tlh="11719520" />
  <largest-consumer threadName="Thread-8" threadId="0000000001354500" bytes="5584560" />
</allocation-stats>
<gc-op id="3586" type="mark" timems="2.077" contextid="3583" timestamp="2019-07-02T23:05:43.954">
  <trace-info objectcount="64405" scancount="56822" scanbytes="2237444" />
  <finalization candidates="124" enqueued="0" />
  <ownableSynchronizers candidates="3" cleared="0" />
  <references type="soft" candidates="84" cleared="0" enqueued="0" dynamicThreshold="21" maxThreshold="32" />
  <references type="weak" candidates="774" cleared="0" enqueued="0" />
  <references type="phantom" candidates="63" cleared="0" enqueued="0" />
  <stringconstants candidates="4574" cleared="0"  />
</gc-op>
<gc-op id="3587" type="sweep" timems="0.744" contextid="3583" timestamp="2019-07-02T23:05:43.955" />
<heap-resize id="3588" type="contract" space="tenure" amount="131072" count="1" timems="0.049" reason="excess free space following gc" timestamp="2019-07-02T23:05:43.955" />
<gc-end id="3589" type="global" contextid="3583" durationms="3.255" usertimems="12.000" systemtimems="0.000" timestamp="2019-07-02T23:05:43.955" activeThreads="4">
  <mem-info id="3590" free="11545064" total="17563648" percent="65">
    <mem type="tenure" free="11545064" total="17563648" percent="65" micro-fragmented="46059" macro-fragmented="0">
      <mem type="soa" free="11545064" total="17388544" percent="66" />
      <mem type="loa" free="0" total="175104" percent="0" />
    </mem>
  </mem-info>
</gc-end>
<cycle-end id="3591" type="global" contextid="3583" timestamp="2019-07-02T23:05:43.955">
  <attribute name="GC Util" value="240" />
  <attribute name="CPU Util" value="8637155249204" />
  <attribute name="Time Running"value="4519"/>
  <attribute name="Number of cores"value="4"/>
</cycle-end>
<allocation-satisfied id="3592" threadId="000000000135BD00" bytesRequested="40" />
<af-end id="3593" timestamp="2019-07-02T23:05:43.955" threadId="000000000135C688" success="true" />
<exclusive-end id="3594" timestamp="2019-07-02T23:05:43.955" durationms="3.806" />

<exclusive-start id="3595" timestamp="2019-07-02T23:05:43.962" intervalms="10.882">
  <response-info timems="0.030" idlems="0.029" threads="1" lastid="000000000135BD00" lastname="Thread-10" />
</exclusive-start>
<af-start id="3596" threadId="0000000001354E88" totalBytesRequested="40" timestamp="2019-07-02T23:05:43.962" intervalms="10.825" />
<cycle-start id="3597" type="global" contextid="0" timestamp="2019-07-02T23:05:43.962" intervalms="10.812" />
  <attribute name="GC Util" value="240" />
  <attribute name="CPU Util" value="8637155249204" />
  <attribute name="Time Running"value="4519"/>
  <attribute name="Number of cores"value="4"/>
<gc-start id="3598" type="global" contextid="3597" timestamp="2019-07-02T23:05:43.962">
  <mem-info id="3599" free="0" total="17563648" percent="0">
    <mem type="tenure" free="0" total="17563648" percent="0">
      <mem type="soa" free="0" total="17388544" percent="0" />
      <mem type="loa" free="0" total="175104" percent="0" />
    </mem>
  </mem-info>
</gc-start>
<allocation-stats totalBytes="11599984" >
  <allocated-bytes non-tlh="0" tlh="11599984" />
  <largest-consumer threadName="Thread-10" threadId="000000000135BD00" bytes="4016632" />
</allocation-stats>
<gc-op id="3600" type="mark" timems="2.367" contextid="3597" timestamp="2019-07-02T23:05:43.965">
  <trace-info objectcount="65095" scancount="57544" scanbytes="2253868" />
  <finalization candidates="124" enqueued="0" />
  <ownableSynchronizers candidates="3" cleared="0" />
  <references type="soft" candidates="84" cleared="0" enqueued="0" dynamicThreshold="21" maxThreshold="32" />
  <references type="weak" candidates="774" cleared="0" enqueued="0" />
  <references type="phantom" candidates="63" cleared="0" enqueued="0" />
  <stringconstants candidates="4574" cleared="0"  />
</gc-op>
<gc-op id="3601" type="sweep" timems="0.795" contextid="3597" timestamp="2019-07-02T23:05:43.966" />
<mem-info id="3602" free="11657040" total="17563648" percent="66">
  <mem type="tenure" free="11657040" total="17563648" percent="66" micro-fragmented="47798" macro-fragmented="0">
    <mem type="soa" free="11568016" total="17388544" percent="66" />
    <mem type="loa" free="89024" total="175104" percent="50" />
  </mem>
</mem-info>
<gc-op id="3603" type="compact" timems="5.459" contextid="3597" timestamp="2019-07-02T23:05:43.971">
  <compact-info movecount="25354" movebytes="1159536" reason="compact to aid heap contraction" />
</gc-op>
<heap-resize id="3604" type="contract" space="tenure" amount="131072" count="1" timems="0.102" reason="excess free space following gc" timestamp="2019-07-02T23:05:43.971" />
<gc-end id="3605" type="global" contextid="3597" durationms="9.155" usertimems="16.000" systemtimems="4.000" timestamp="2019-07-02T23:05:43.971" activeThreads="4">
  <mem-info id="3606" free="11599760" total="17432576" percent="66">
    <mem type="tenure" free="11599760" total="17432576" percent="66">
      <mem type="soa" free="11469712" total="17258496" percent="66" />
      <mem type="loa" free="130048" total="174080" percent="74" />
    </mem>
  </mem-info>
</gc-end>
<cycle-end id="3607" type="global" contextid="3597" timestamp="2019-07-02T23:05:43.971">
  <attribute name="GC Util" value="169" />
  <attribute name="CPU Util" value="20464911582000" />
  <attribute name="Time Running"value="4531"/>
  <attribute name="Number of cores"value="4"/>
</cycle-end>
<allocation-satisfied id="3608" threadId="0000000001354500" bytesRequested="40" />
<af-end id="3609" timestamp="2019-07-02T23:05:43.972" threadId="0000000001354E88" success="true" />
<exclusive-end id="3610" timestamp="2019-07-02T23:05:43.972" durationms="9.657" />

<exclusive-start id="3611" timestamp="2019-07-02T23:05:43.981" intervalms="18.971">
  <response-info timems="1.932" idlems="0.979" threads="1" lastid="0000000001358100" lastname="Thread-7" />
</exclusive-start>
<af-start id="3612" threadId="0000000001360288" totalBytesRequested="40" timestamp="2019-07-02T23:05:43.981" intervalms="19.014" />
<cycle-start id="3613" type="global" contextid="0" timestamp="2019-07-02T23:05:43.981" intervalms="19.019" />
  <attribute name="GC Util" value="169" />
  <attribute name="CPU Util" value="20464911582000" />
  <attribute name="Time Running"value="4531"/>
  <attribute name="Number of cores"value="4"/>
<gc-start id="3614" type="global" contextid="3613" timestamp="2019-07-02T23:05:43.981">
  <mem-info id="3615" free="130048" total="17432576" percent="0">
    <mem type="tenure" free="130048" total="17432576" percent="0">
      <mem type="soa" free="0" total="17258496" percent="0" />
      <mem type="loa" free="130048" total="174080" percent="74" />
    </mem>
  </mem-info>
</gc-start>
<allocation-stats totalBytes="11534384" >
  <allocated-bytes non-tlh="0" tlh="11534384" />
  <largest-consumer threadName="Thread-9" threadId="000000000135F900" bytes="6331920" />
</allocation-stats>
<gc-op id="3616" type="mark" timems="2.383" contextid="3613" timestamp="2019-07-02T23:05:43.984">
  <trace-info objectcount="65584" scancount="58004" scanbytes="2265356" />
  <finalization candidates="124" enqueued="0" />
  <ownableSynchronizers candidates="3" cleared="0" />
  <references type="soft" candidates="84" cleared="0" enqueued="0" dynamicThreshold="21" maxThreshold="32" />
  <references type="weak" candidates="774" cleared="0" enqueued="0" />
  <references type="phantom" candidates="63" cleared="0" enqueued="0" />
  <stringconstants candidates="4574" cleared="0"  />
</gc-op>
<gc-op id="3617" type="sweep" timems="0.739" contextid="3613" timestamp="2019-07-02T23:05:43.985" />
<heap-resize id="3618" type="contract" space="tenure" amount="131072" count="1" timems="0.049" reason="excess free space following gc" timestamp="2019-07-02T23:05:43.985" />
<gc-end id="3619" type="global" contextid="3613" durationms="3.547" usertimems="12.000" systemtimems="0.000" timestamp="2019-07-02T23:05:43.985" activeThreads="4">
  <mem-info id="3620" free="11388184" total="17301504" percent="65">
    <mem type="tenure" free="11388184" total="17301504" percent="65" micro-fragmented="0" macro-fragmented="0">
      <mem type="soa" free="11388184" total="17129472" percent="66" />
      <mem type="loa" free="0" total="172032" percent="0" />
    </mem>
  </mem-info>
</gc-end>
<cycle-end id="3621" type="global" contextid="3613" timestamp="2019-07-02T23:05:43.985">
  <attribute name="GC Util" value="242" />
  <attribute name="CPU Util" value="7602252419524" />
  <attribute name="Time Running"value="4549"/>
  <attribute name="Number of cores"value="4"/>
</cycle-end>
<allocation-satisfied id="3622" threadId="000000000135F900" bytesRequested="40" />
<af-end id="3623" timestamp="2019-07-02T23:05:43.985" threadId="0000000001360288" success="true" />
<exclusive-end id="3624" timestamp="2019-07-02T23:05:43.985" durationms="4.033" />

<exclusive-start id="3625" timestamp="2019-07-02T23:05:43.992" intervalms="10.661">
  <response-info timems="0.035" idlems="0.035" threads="0" lastid="000000000135F900" lastname="Thread-9" />
</exclusive-start>
<af-start id="3626" threadId="0000000001360288" totalBytesRequested="24" timestamp="2019-07-02T23:05:43.992" intervalms="10.634" />
<cycle-start id="3627" type="global" contextid="0" timestamp="2019-07-02T23:05:43.992" intervalms="10.626" />
  <attribute name="GC Util" value="242" />
  <attribute name="CPU Util" value="7602252419524" />
  <attribute name="Time Running"value="4549"/>
  <attribute name="Number of cores"value="4"/>
<gc-start id="3628" type="global" contextid="3627" timestamp="2019-07-02T23:05:43.992">
  <mem-info id="3629" free="0" total="17301504" percent="0">
    <mem type="tenure" free="0" total="17301504" percent="0">
      <mem type="soa" free="0" total="17129472" percent="0" />
      <mem type="loa" free="0" total="172032" percent="0" />
    </mem>
  </mem-info>
</gc-start>
<allocation-stats totalBytes="11388664" >
  <allocated-bytes non-tlh="0" tlh="11388664" />
  <largest-consumer threadName="Thread-9" threadId="000000000135F900" bytes="5337320" />
</allocation-stats>
<gc-op id="3630" type="mark" timems="2.019" contextid="3627" timestamp="2019-07-02T23:05:43.994">
  <trace-info objectcount="66332" scancount="58747" scanbytes="2283460" />
  <finalization candidates="124" enqueued="0" />
  <ownableSynchronizers candidates="3" cleared="0" />
  <references type="soft" candidates="84" cleared="0" enqueued="0" dynamicThreshold="21" maxThreshold="32" />
  <references type="weak" candidates="774" cleared="0" enqueued="0" />
  <references type="phantom" candidates="63" cleared="0" enqueued="0" />
  <stringconstants candidates="4574" cleared="0"  />
</gc-op>
<gc-op id="3631" type="sweep" timems="0.770" contextid="3627" timestamp="2019-07-02T23:05:43.995" />
<mem-info id="3632" free="11419024" total="17301504" percent="66">
  <mem type="tenure" free="11419024" total="17301504" percent="66" micro-fragmented="17671" macro-fragmented="0">
    <mem type="soa" free="11334928" total="17129472" percent="66" />
    <mem type="loa" free="84096" total="172032" percent="48" />
  </mem>
</mem-info>
<gc-op id="3633" type="compact" timems="4.699" contextid="3627" timestamp="2019-07-02T23:05:44.000">
  <compact-info movecount="8896" movebytes="352320" reason="compact to aid heap contraction" />
</gc-op>
<heap-resize id="3634" type="contract" space="tenure" amount="131072" count="1" timems="0.083" reason="excess free space following gc" timestamp="2019-07-02T23:05:44.000" />
<gc-end id="3635" type="global" contextid="3627" durationms="8.214" usertimems="20.000" systemtimems="4.000" timestamp="2019-07-02T23:05:44.000" activeThreads="4">
  <mem-info id="3636" free="11311096" total="17170432" percent="65">
    <mem type="tenure" free="11311096" total="17170432" percent="65">
      <mem type="soa" free="11181048" total="16999424" percent="65" />
      <mem type="loa" free="130048" total="171008" percent="76" />
    </mem>
  </mem-info>
</gc-end>
<cycle-end id="3637" type="global" contextid="3627" timestamp="2019-07-02T23:05:44.000">
  <attribute name="GC Util" value="160" />
  <attribute name="CPU Util" value="19796891885631" />
  <attribute name="Time Running"value="4560"/>
  <attribute name="Number of cores"value="4"/>
</cycle-end>
<allocation-satisfied id="3638" threadId="000000000135F900" bytesRequested="24" />
<af-end id="3639" timestamp="2019-07-02T23:05:44.001" threadId="0000000001360288" success="true" />
<exclusive-end id="3640" timestamp="2019-07-02T23:05:44.001" durationms="9.001" />

<exclusive-start id="3641" timestamp="2019-07-02T23:05:44.010" intervalms="18.242">
  <response-info timems="0.075" idlems="0.047" threads="2" lastid="0000000001358100" lastname="Thread-7" />
</exclusive-start>
<af-start id="3642" threadId="000000000135C688" totalBytesRequested="40" timestamp="2019-07-02T23:05:44.010" intervalms="18.274" />
<cycle-start id="3643" type="global" contextid="0" timestamp="2019-07-02T23:05:44.010" intervalms="18.325" />
  <attribute name="GC Util" value="160" />
  <attribute name="CPU Util" value="19796891885631" />
  <attribute name="Time Running"value="4560"/>
  <attribute name="Number of cores"value="4"/>
<gc-start id="3644" type="global" contextid="3643" timestamp="2019-07-02T23:05:44.010">
  <mem-info id="3645" free="130048" total="17170432" percent="0">
    <mem type="tenure" free="130048" total="17170432" percent="0">
      <mem type="soa" free="0" total="16999424" percent="0" />
      <mem type="loa" free="130048" total="171008" percent="76" />
    </mem>
  </mem-info>
</gc-start>
<allocation-stats totalBytes="11244000" >
  <allocated-bytes non-tlh="0" tlh="11244000" />
  <largest-consumer threadName="Thread-10" threadId="000000000135BD00" bytes="5544608" />
</allocation-stats>
<gc-op id="3646" type="mark" timems="2.317" contextid="3643" timestamp="2019-07-02T23:05:44.013">
  <trace-info objectcount="67066" scancount="59492" scanbytes="2301260" />
  <finalization candidates="124" enqueued="0" />
  <ownableSynchronizers candidates="3" cleared="0" />
  <references type="soft" candidates="84" cleared="0" enqueued="0" dynamicThreshold="21" maxThreshold="32" />
  <references type="weak" candidates="774" cleared="0" enqueued="0" />
  <references type="phantom" candidates="63" cleared="0" enqueued="0" />
  <stringconstants candidates="4574" cleared="0"  />
</gc-op>
<gc-op id="3647" type="sweep" timems="0.766" contextid="3643" timestamp="2019-07-02T23:05:44.014" />
<heap-resize id="3648" type="contract" space="tenure" amount="131072" count="1" timems="0.102" reason="excess free space following gc" timestamp="2019-07-02T23:05:44.014" />
<gc-end id="3649" type="global" contextid="3643" durationms="3.776" usertimems="12.000" systemtimems="0.000" timestamp="2019-07-02T23:05:44.014" activeThreads="4">
  <mem-info id="3650" free="11088208" total="17039360" percent="65">
    <mem type="tenure" free="11088208" total="17039360" percent="65" micro-fragmented="13338" macro-fragmented="0">
      <mem type="soa" free="11088208" total="16869376" percent="65" />
      <mem type="loa" free="0" total="169984" percent="0" />
    </mem>
  </mem-info>
</gc-end>
<cycle-end id="3651" type="global" contextid="3643" timestamp="2019-07-02T23:05:44.014">
  <attribute name="GC Util" value="259" />
  <attribute name="CPU Util" value="7826285968072" />
  <attribute name="Time Running"value="4578"/>
  <attribute name="Number of cores"value="4"/>
</cycle-end>
<allocation-satisfied id="3652" threadId="000000000135BD00" bytesRequested="40" />
<af-end id="3653" timestamp="2019-07-02T23:05:44.014" threadId="000000000135C688" success="true" />
<exclusive-end id="3654" timestamp="2019-07-02T23:05:44.014" durationms="4.437" />

<exclusive-start id="3655" timestamp="2019-07-02T23:05:44.021" intervalms="11.419">
  <response-info timems="0.141" idlems="0.141" threads="0" lastid="000000000135BD00" lastname="Thread-10" />
</exclusive-start>
<af-start id="3656" threadId="000000000135C688" totalBytesRequested="40" timestamp="2019-07-02T23:05:44.021" intervalms="11.378" />
<cycle-start id="3657" type="global" contextid="0" timestamp="2019-07-02T23:05:44.021" intervalms="11.322" />
  <attribute name="GC Util" value="259" />
  <attribute name="CPU Util" value="7826285968072" />
  <attribute name="Time Running"value="4578"/>
  <attribute name="Number of cores"value="4"/>
<gc-start id="3658" type="global" contextid="3657" timestamp="2019-07-02T23:05:44.022">
  <mem-info id="3659" free="0" total="17039360" percent="0">
    <mem type="tenure" free="0" total="17039360" percent="0">
      <mem type="soa" free="0" total="16869376" percent="0" />
      <mem type="loa" free="0" total="169984" percent="0" />
    </mem>
  </mem-info>
</gc-start>
<allocation-stats totalBytes="11088552" >
  <allocated-bytes non-tlh="0" tlh="11088552" />
  <largest-consumer threadName="Thread-8" threadId="0000000001354500" bytes="4274952" />
</allocation-stats>
<gc-op id="3660" type="mark" timems="2.445" contextid="3657" timestamp="2019-07-02T23:05:44.024">
  <trace-info objectcount="67603" scancount="60035" scanbytes="2313932" />
  <finalization candidates="124" enqueued="0" />
  <ownableSynchronizers candidates="3" cleared="0" />
  <references type="soft" candidates="84" cleared="0" enqueued="0" dynamicThreshold="20" maxThreshold="32" />
  <references type="weak" candidates="774" cleared="0" enqueued="0" />
  <references type="phantom" candidates="63" cleared="0" enqueued="0" />
  <stringconstants candidates="4574" cleared="0"  />
</gc-op>
<gc-op id="3661" type="sweep" timems="0.804" contextid="3657" timestamp="2019-07-02T23:05:44.025" />
<mem-info id="3662" free="11045008" total="17039360" percent="64">
  <mem type="tenure" free="11045008" total="17039360" percent="64" micro-fragmented="0" macro-fragmented="0">
    <mem type="soa" free="11045008" total="16869376" percent="65" />
    <mem type="loa" free="0" total="169984" percent="0" />
  </mem>
</mem-info>
<gc-op id="3663" type="compact" timems="5.762" contextid="3657" timestamp="2019-07-02T23:05:44.031">
  <compact-info movecount="27828" movebytes="1218784" reason="compact to aid heap contraction" />
</gc-op>
<heap-resize id="3664" type="contract" space="tenure" amount="131072" count="1" timems="0.094" reason="excess free space following gc" timestamp="2019-07-02T23:05:44.031" />
<gc-end id="3665" type="global" contextid="3657" durationms="9.688" usertimems="20.000" systemtimems="0.000" timestamp="2019-07-02T23:05:44.031" activeThreads="4">
  <mem-info id="3666" free="11020528" total="16908288" percent="65">
    <mem type="tenure" free="11020528" total="16908288" percent="65">
      <mem type="soa" free="10890480" total="16739328" percent="65" />
      <mem type="loa" free="130048" total="168960" percent="76" />
    </mem>
  </mem-info>
</gc-end>
<cycle-end id="3667" type="global" contextid="3657" timestamp="2019-07-02T23:05:44.031">
  <attribute name="GC Util" value="164" />
  <attribute name="CPU Util" value="20137861010700" />
  <attribute name="Time Running"value="4590"/>
  <attribute name="Number of cores"value="4"/>
</cycle-end>
<allocation-satisfied id="3668" threadId="000000000135BD00" bytesRequested="40" />
<af-end id="3669" timestamp="2019-07-02T23:05:44.032" threadId="000000000135C688" success="true" />
<exclusive-end id="3670" timestamp="2019-07-02T23:05:44.032" durationms="10.419" />

<exclusive-start id="3671" timestamp="2019-07-02T23:05:44.041" intervalms="19.688">
  <response-info timems="0.031" idlems="0.031" threads="0" lastid="0000000001354500" lastname="Thread-8" />
</exclusive-start>
<af-start id="3672" threadId="0000000001354E88" totalBytesRequested="40" timestamp="2019-07-02T23:05:44.041" intervalms="19.702" />
<cycle-start id="3673" type="global" contextid="0" timestamp="2019-07-02T23:05:44.041" intervalms="19.702" />
  <attribute name="GC Util" value="164" />
  <attribute name="CPU Util" value="20137861010700" />
  <attribute name="Time Running"value="4590"/>
  <attribute name="Number of cores"value="4"/>
<gc-start id="3674" type="global" contextid="3673" timestamp="2019-07-02T23:05:44.041">
  <mem-info id="3675" free="130048" total="16908288" percent="0">
    <mem type="tenure" free="130048" total="16908288" percent="0">
      <mem type="soa" free="0" total="16739328" percent="0" />
      <mem type="loa" free="130048" total="168960" percent="76" />
    </mem>
  </mem-info>
</gc-start>
<allocation-stats totalBytes="10955360" >
  <allocated-bytes non-tlh="0" tlh="10955360" />
  <largest-consumer threadName="Thread-8" threadId="0000000001354500" bytes="3767968" />
</allocation-stats>
<gc-op id="3676" type="mark" timems="2.292" contextid="3673" timestamp="2019-07-02T23:05:44.044">
  <trace-info objectcount="68291" scancount="60726" scanbytes="2330356" />
  <finalization candidates="124" enqueued="0" />
  <ownableSynchronizers candidates="3" cleared="0" />
  <references type="soft" candidates="84" cleared="0" enqueued="0" dynamicThreshold="20" maxThreshold="32" />
  <references type="weak" candidates="774" cleared="0" enqueued="0" />
  <references type="phantom" candidates="63" cleared="0" enqueued="0" />
  <stringconstants candidates="4574" cleared="0"  />
</gc-op>
<gc-op id="3677" type="sweep" timems="0.756" contextid="3673" timestamp="2019-07-02T23:05:44.044" />
<heap-resize id="3678" type="contract" space="tenure" amount="131072" count="1" timems="0.074" reason="excess free space following gc" timestamp="2019-07-02T23:05:44.045" />
<gc-end id="3679" type="global" contextid="3673" durationms="3.480" usertimems="8.000" systemtimems="0.000" timestamp="2019-07-02T23:05:44.045" activeThreads="4">
  <mem-info id="3680" free="10880864" total="16777216" percent="64">
    <mem type="tenure" free="10880864" total="16777216" percent="64" micro-fragmented="6665" macro-fragmented="0">
      <mem type="soa" free="10789768" total="16610304" percent="64" />
      <mem type="loa" free="91096" total="166912" percent="54" />
    </mem>
  </mem-info>
</gc-end>
<cycle-end id="3681" type="global" contextid="3673" timestamp="2019-07-02T23:05:44.045">
  <attribute name="GC Util" value="246" />
  <attribute name="CPU Util" value="7874887930655" />
  <attribute name="Time Running"value="4609"/>
  <attribute name="Number of cores"value="4"/>
</cycle-end>
<allocation-satisfied id="3682" threadId="0000000001354500" bytesRequested="40" />
<af-end id="3683" timestamp="2019-07-02T23:05:44.045" threadId="0000000001354E88" success="true" />
<exclusive-end id="3684" timestamp="2019-07-02T23:05:44.045" durationms="4.023" />

<exclusive-start id="3685" timestamp="2019-07-02T23:05:44.051" intervalms="9.830">
  <response-info timems="0.031" idlems="0.031" threads="0" lastid="0000000001354500" lastname="Thread-8" />
</exclusive-start>
<af-start id="3686" threadId="0000000001354E88" totalBytesRequested="40" timestamp="2019-07-02T23:05:44.051" intervalms="9.822" />
<cycle-start id="3687" type="global" contextid="0" timestamp="2019-07-02T23:05:44.051" intervalms="9.819" />
  <attribute name="GC Util" value="246" />
  <attribute name="CPU Util" value="7874887930655" />
  <attribute name="Time Running"value="4609"/>
  <attribute name="Number of cores"value="4"/>
<gc-start id="3688" type="global" contextid="3687" timestamp="2019-07-02T23:05:44.051">
  <mem-info id="3689" free="91096" total="16777216" percent="0">
    <mem type="tenure" free="91096" total="16777216" percent="0">
      <mem type="soa" free="0" total="16610304" percent="0" />
      <mem type="loa" free="91096" total="166912" percent="54" />
    </mem>
  </mem-info>
</gc-start>
<allocation-stats totalBytes="10789960" >
  <allocated-bytes non-tlh="0" tlh="10789960" />
  <largest-consumer threadName="Thread-8" threadId="0000000001354500" bytes="3988080" />
</allocation-stats>
<gc-op id="3690" type="mark" timems="2.142" contextid="3687" timestamp="2019-07-02T23:05:44.053">
  <trace-info objectcount="68872" scancount="61297" scanbytes="2344772" />
  <finalization candidates="124" enqueued="0" />
  <ownableSynchronizers candidates="3" cleared="0" />
  <references type="soft" candidates="84" cleared="0" enqueued="0" dynamicThreshold="20" maxThreshold="32" />
  <references type="weak" candidates="774" cleared="0" enqueued="0" />
  <references type="phantom" candidates="63" cleared="0" enqueued="0" />
  <stringconstants candidates="4574" cleared="0"  />
</gc-op>
<gc-op id="3691" type="sweep" timems="0.770" contextid="3687" timestamp="2019-07-02T23:05:44.054" />
<heap-resize id="3692" type="contract" space="tenure" amount="131072" count="1" timems="0.054" reason="excess free space following gc" timestamp="2019-07-02T23:05:44.054" />
<gc-end id="3693" type="global" contextid="3687" durationms="3.247" usertimems="8.000" systemtimems="4.000" timestamp="2019-07-02T23:05:44.054" activeThreads="4">
  <mem-info id="3694" free="10647064" total="16646144" percent="63">
    <mem type="tenure" free="10647064" total="16646144" percent="63" micro-fragmented="13964" macro-fragmented="0">
      <mem type="soa" free="10647064" total="16480256" percent="64" />
      <mem type="loa" free="0" total="165888" percent="0" />
    </mem>
  </mem-info>
</gc-end>
<cycle-end id="3695" type="global" contextid="3687" timestamp="2019-07-02T23:05:44.054">
  <attribute name="GC Util" value="243" />
  <attribute name="CPU Util" value="8402433198149" />
  <attribute name="Time Running"value="4618"/>
  <attribute name="Number of cores"value="4"/>
</cycle-end>
<allocation-satisfied id="3696" threadId="0000000001354500" bytesRequested="40" />
<af-end id="3697" timestamp="2019-07-02T23:05:44.054" threadId="0000000001354E88" success="true" />
<exclusive-end id="3698" timestamp="2019-07-02T23:05:44.055" durationms="3.667" />

<exclusive-start id="3699" timestamp="2019-07-02T23:05:44.061" intervalms="9.839">
  <response-info timems="0.040" idlems="0.022" threads="1" lastid="0000000001358100" lastname="Thread-7" />
</exclusive-start>
<af-start id="3700" threadId="0000000001360288" totalBytesRequested="40" timestamp="2019-07-02T23:05:44.061" intervalms="9.850" />
<cycle-start id="3701" type="global" contextid="0" timestamp="2019-07-02T23:05:44.061" intervalms="9.854" />
  <attribute name="GC Util" value="243" />
  <attribute name="CPU Util" value="8402433198149" />
  <attribute name="Time Running"value="4618"/>
  <attribute name="Number of cores"value="4"/>
<gc-start id="3702" type="global" contextid="3701" timestamp="2019-07-02T23:05:44.061">
  <mem-info id="3703" free="0" total="16646144" percent="0">
    <mem type="tenure" free="0" total="16646144" percent="0">
      <mem type="soa" free="0" total="16480256" percent="0" />
      <mem type="loa" free="0" total="165888" percent="0" />
    </mem>
  </mem-info>
</gc-start>
<allocation-stats totalBytes="10646568" >
  <allocated-bytes non-tlh="0" tlh="10646568" />
  <largest-consumer threadName="Thread-8" threadId="0000000001354500" bytes="3748616" />
</allocation-stats>
<gc-op id="3704" type="mark" timems="2.428" contextid="3701" timestamp="2019-07-02T23:05:44.063">
  <trace-info objectcount="69493" scancount="61922" scanbytes="2359436" />
  <finalization candidates="124" enqueued="0" />
  <ownableSynchronizers candidates="3" cleared="0" />
  <references type="soft" candidates="84" cleared="0" enqueued="0" dynamicThreshold="20" maxThreshold="32" />
  <references type="weak" candidates="774" cleared="0" enqueued="0" />
  <references type="phantom" candidates="63" cleared="0" enqueued="0" />
  <stringconstants candidates="4574" cleared="0"  />
</gc-op>
<gc-op id="3705" type="sweep" timems="0.838" contextid="3701" timestamp="2019-07-02T23:05:44.064" />
<mem-info id="3706" free="10600200" total="16646144" percent="63">
  <mem type="tenure" free="10600200" total="16646144" percent="63" micro-fragmented="22620" macro-fragmented="0">
    <mem type="soa" free="10600200" total="16480256" percent="64" />
    <mem type="loa" free="0" total="165888" percent="0" />
  </mem>
</mem-info>
<gc-op id="3707" type="compact" timems="4.370" contextid="3701" timestamp="2019-07-02T23:05:44.069">
  <compact-info movecount="3758" movebytes="91744" reason="compact to aid heap contraction" />
</gc-op>
<heap-resize id="3708" type="contract" space="tenure" amount="131072" count="1" timems="0.129" reason="excess free space following gc" timestamp="2019-07-02T23:05:44.069" />
<gc-end id="3709" type="global" contextid="3701" durationms="8.490" usertimems="12.000" systemtimems="8.000" timestamp="2019-07-02T23:05:44.069" activeThreads="4">
  <mem-info id="3710" free="10585904" total="16515072" percent="64">
    <mem type="tenure" free="10585904" total="16515072" percent="64">
      <mem type="soa" free="10455856" total="16350208" percent="63" />
      <mem type="loa" free="130048" total="164864" percent="78" />
    </mem>
  </mem-info>
</gc-end>
<cycle-end id="3711" type="global" contextid="3701" timestamp="2019-07-02T23:05:44.070">
  <attribute name="GC Util" value="140" />
  <attribute name="CPU Util" value="17277085186272" />
  <attribute name="Time Running"value="4629"/>
  <attribute name="Number of cores"value="4"/>
</cycle-end>
<allocation-satisfied id="3712" threadId="000000000135F900" bytesRequested="40" />
<af-end id="3713" timestamp="2019-07-02T23:05:44.070" threadId="0000000001360288" success="true" />
<exclusive-end id="3714" timestamp="2019-07-02T23:05:44.070" durationms="9.234" />

<exclusive-start id="3715" timestamp="2019-07-02T23:05:44.079" intervalms="18.570">
  <response-info timems="0.037" idlems="0.020" threads="1" lastid="0000000001358100" lastname="Thread-7" />
</exclusive-start>
<af-start id="3716" threadId="0000000001360288" totalBytesRequested="40" timestamp="2019-07-02T23:05:44.079" intervalms="18.611" />
<cycle-start id="3717" type="global" contextid="0" timestamp="2019-07-02T23:05:44.080" intervalms="18.661" />
  <attribute name="GC Util" value="140" />
  <attribute name="CPU Util" value="17277085186272" />
  <attribute name="Time Running"value="4629"/>
  <attribute name="Number of cores"value="4"/>
<gc-start id="3718" type="global" contextid="3717" timestamp="2019-07-02T23:05:44.080">
  <mem-info id="3719" free="130048" total="16515072" percent="0">
    <mem type="tenure" free="130048" total="16515072" percent="0">
      <mem type="soa" free="0" total="16350208" percent="0" />
      <mem type="loa" free="130048" total="164864" percent="78" />
    </mem>
  </mem-info>
</gc-start>
<allocation-stats totalBytes="10520824" >
  <allocated-bytes non-tlh="0" tlh="10520824" />
  <largest-consumer threadName="Thread-10" threadId="000000000135BD00" bytes="4947648" />
</allocation-stats>
<gc-op id="3720" type="mark" timems="2.193" contextid="3717" timestamp="2019-07-02T23:05:44.082">
  <trace-info objectcount="70280" scancount="62708" scanbytes="2378476" />
  <finalization candidates="124" enqueued="0" />
  <ownableSynchronizers candidates="3" cleared="0" />
  <references type="soft" candidates="84" cleared="0" enqueued="0" dynamicThreshold="20" maxThreshold="32" />
  <references type="weak" candidates="774" cleared="0" enqueued="0" />
  <references type="phantom" candidates="63" cleared="0" enqueued="0" />
  <stringconstants candidates="4574" cleared="0"  />
</gc-op>
<gc-op id="3721" type="sweep" timems="0.713" contextid="3717" timestamp="2019-07-02T23:05:44.083" />
<heap-resize id="3722" type="contract" space="tenure" amount="131072" count="1" timems="0.103" reason="excess free space following gc" timestamp="2019-07-02T23:05:44.083" />
<gc-end id="3723" type="global" contextid="3717" durationms="3.668" usertimems="8.000" systemtimems="0.000" timestamp="2019-07-02T23:05:44.083" activeThreads="4">
  <mem-info id="3724" free="10362168" total="16384000" percent="63">
    <mem type="tenure" free="10362168" total="16384000" percent="63" micro-fragmented="6692" macro-fragmented="0">
      <mem type="soa" free="10362168" total="16220160" percent="63" />
      <mem type="loa" free="0" total="163840" percent="0" />
    </mem>
  </mem-info>
</gc-end>
<cycle-end id="3725" type="global" contextid="3717" timestamp="2019-07-02T23:05:44.083">
  <attribute name="GC Util" value="237" />
  <attribute name="CPU Util" value="8010373137826" />
  <attribute name="Time Running"value="4647"/>
  <attribute name="Number of cores"value="4"/>
</cycle-end>
<allocation-satisfied id="3726" threadId="000000000135F900" bytesRequested="40" />
<af-end id="3727" timestamp="2019-07-02T23:05:44.084" threadId="0000000001360288" success="true" />
<exclusive-end id="3728" timestamp="2019-07-02T23:05:44.084" durationms="4.553" />

<exclusive-start id="3729" timestamp="2019-07-02T23:05:44.090" intervalms="10.569">
  <response-info timems="0.031" idlems="0.031" threads="0" lastid="0000000001354500" lastname="Thread-8" />
</exclusive-start>
<af-start id="3730" threadId="0000000001354E88" totalBytesRequested="40" timestamp="2019-07-02T23:05:44.090" intervalms="10.498" />
<cycle-start id="3731" type="global" contextid="0" timestamp="2019-07-02T23:05:44.090" intervalms="10.440" />
  <attribute name="GC Util" value="237" />
  <attribute name="CPU Util" value="8010373137826" />
  <attribute name="Time Running"value="4647"/>
  <attribute name="Number of cores"value="4"/>
<gc-start id="3732" type="global" contextid="3731" timestamp="2019-07-02T23:05:44.090">
  <mem-info id="3733" free="0" total="16384000" percent="0">
    <mem type="tenure" free="0" total="16384000" percent="0">
      <mem type="soa" free="0" total="16220160" percent="0" />
      <mem type="loa" free="0" total="163840" percent="0" />
    </mem>
  </mem-info>
</gc-start>
<allocation-stats totalBytes="10361968" >
  <allocated-bytes non-tlh="0" tlh="10361968" />
  <largest-consumer threadName="Thread-8" threadId="0000000001354500" bytes="3955104" />
</allocation-stats>
<gc-op id="3734" type="mark" timems="2.309" contextid="3731" timestamp="2019-07-02T23:05:44.092">
  <trace-info objectcount="70821" scancount="63254" scanbytes="2391284" />
  <finalization candidates="124" enqueued="0" />
  <ownableSynchronizers candidates="3" cleared="0" />
  <references type="soft" candidates="84" cleared="0" enqueued="0" dynamicThreshold="20" maxThreshold="32" />
  <references type="weak" candidates="774" cleared="0" enqueued="0" />
  <references type="phantom" candidates="63" cleared="0" enqueued="0" />
  <stringconstants candidates="4574" cleared="0"  />
</gc-op>
<gc-op id="3735" type="sweep" timems="0.788" contextid="3731" timestamp="2019-07-02T23:05:44.093" />
<mem-info id="3736" free="10322944" total="16384000" percent="63">
  <mem type="tenure" free="10322944" total="16384000" percent="63" micro-fragmented="46470" macro-fragmented="0">
    <mem type="soa" free="10322944" total="16220160" percent="63" />
    <mem type="loa" free="0" total="163840" percent="0" />
  </mem>
</mem-info>
<gc-op id="3737" type="compact" timems="4.722" contextid="3731" timestamp="2019-07-02T23:05:44.098">
  <compact-info movecount="3251" movebytes="79552" reason="compact to aid heap contraction" />
</gc-op>
<heap-resize id="3738" type="contract" space="tenure" amount="131072" count="1" timems="0.092" reason="excess free space following gc" timestamp="2019-07-02T23:05:44.098" />
<gc-end id="3739" type="global" contextid="3731" durationms="8.432" usertimems="16.000" systemtimems="0.000" timestamp="2019-07-02T23:05:44.098" activeThreads="4">
  <mem-info id="3740" free="10293960" total="16252928" percent="63">
    <mem type="tenure" free="10293960" total="16252928" percent="63">
      <mem type="soa" free="10164936" total="16091136" percent="63" />
      <mem type="loa" free="129024" total="161792" percent="79" />
    </mem>
  </mem-info>
</gc-end>
<cycle-end id="3741" type="global" contextid="3731" timestamp="2019-07-02T23:05:44.099">
  <attribute name="GC Util" value="162" />
  <attribute name="CPU Util" value="19790902358453" />
  <attribute name="Time Running"value="4658"/>
  <attribute name="Number of cores"value="4"/>
</cycle-end>
<allocation-satisfied id="3742" threadId="0000000001354500" bytesRequested="40" />
<af-end id="3743" timestamp="2019-07-02T23:05:44.099" threadId="0000000001354E88" success="true" />
<exclusive-end id="3744" timestamp="2019-07-02T23:05:44.099" durationms="8.981" />

<exclusive-start id="3745" timestamp="2019-07-02T23:05:44.104" intervalms="14.661">
  <response-info timems="0.026" idlems="0.026" threads="0" lastid="0000000001354500" lastname="Thread-8" />
</exclusive-start>
<af-start id="3746" threadId="0000000001354E88" totalBytesRequested="40" timestamp="2019-07-02T23:05:44.105" intervalms="14.698" />
<cycle-start id="3747" type="global" contextid="0" timestamp="2019-07-02T23:05:44.105" intervalms="14.703" />
  <attribute name="GC Util" value="162" />
  <attribute name="CPU Util" value="19790902358453" />
  <attribute name="Time Running"value="4658"/>
  <attribute name="Number of cores"value="4"/>
<gc-start id="3748" type="global" contextid="3747" timestamp="2019-07-02T23:05:44.105">
  <mem-info id="3749" free="129024" total="16252928" percent="0">
    <mem type="tenure" free="129024" total="16252928" percent="0">
      <mem type="soa" free="0" total="16091136" percent="0" />
      <mem type="loa" free="129024" total="161792" percent="79" />
    </mem>
  </mem-info>
</gc-start>
<allocation-stats totalBytes="10229024" >
  <allocated-bytes non-tlh="0" tlh="10229024" />
  <largest-consumer threadName="Thread-8" threadId="0000000001354500" bytes="4032640" />
</allocation-stats>
<gc-op id="3750" type="mark" timems="2.381" contextid="3747" timestamp="2019-07-02T23:05:44.107">
  <trace-info objectcount="71497" scancount="63914" scanbytes="2407684" />
  <finalization candidates="124" enqueued="0" />
  <ownableSynchronizers candidates="3" cleared="0" />
  <references type="soft" candidates="84" cleared="0" enqueued="0" dynamicThreshold="20" maxThreshold="32" />
  <references type="weak" candidates="774" cleared="0" enqueued="0" />
  <references type="phantom" candidates="63" cleared="0" enqueued="0" />
  <stringconstants candidates="4574" cleared="0"  />
</gc-op>
<gc-op id="3751" type="sweep" timems="0.749" contextid="3747" timestamp="2019-07-02T23:05:44.108" />
<heap-resize id="3752" type="contract" space="tenure" amount="131072" count="1" timems="0.072" reason="excess free space following gc" timestamp="2019-07-02T23:05:44.108" />
<gc-end id="3753" type="global" contextid="3747" durationms="3.503" usertimems="4.000" systemtimems="4.000" timestamp="2019-07-02T23:05:44.108" activeThreads="4">
  <mem-info id="3754" free="10155896" total="16121856" percent="62">
    <mem type="tenure" free="10155896" total="16121856" percent="62" micro-fragmented="13388" macro-fragmented="0">
      <mem type="soa" free="10061472" total="15961088" percent="63" />
      <mem type="loa" free="94424" total="160768" percent="58" />
    </mem>
  </mem-info>
</gc-end>
<cycle-end id="3755" type="global" contextid="3747" timestamp="2019-07-02T23:05:44.108">
  <attribute name="GC Util" value="259" />
  <attribute name="CPU Util" value="7627431120030" />
  <attribute name="Time Running"value="4672"/>
  <attribute name="Number of cores"value="4"/>
</cycle-end>
<allocation-satisfied id="3756" threadId="0000000001354500" bytesRequested="40" />
<af-end id="3757" timestamp="2019-07-02T23:05:44.109" threadId="0000000001354E88" success="true" />
<exclusive-end id="3758" timestamp="2019-07-02T23:05:44.109" durationms="4.145" />

<exclusive-start id="3759" timestamp="2019-07-02T23:05:44.114" intervalms="9.065">
  <response-info timems="0.029" idlems="0.029" threads="0" lastid="0000000001354500" lastname="Thread-8" />
</exclusive-start>
<af-start id="3760" threadId="0000000001354E88" totalBytesRequested="40" timestamp="2019-07-02T23:05:44.114" intervalms="9.072" />
<cycle-start id="3761" type="global" contextid="0" timestamp="2019-07-02T23:05:44.114" intervalms="9.084" />
  <attribute name="GC Util" value="259" />
  <attribute name="CPU Util" value="7627431120030" />
  <attribute name="Time Running"value="4672"/>
  <attribute name="Number of cores"value="4"/>
<gc-start id="3762" type="global" contextid="3761" timestamp="2019-07-02T23:05:44.114">
  <mem-info id="3763" free="94424" total="16121856" percent="0">
    <mem type="tenure" free="94424" total="16121856" percent="0">
      <mem type="soa" free="0" total="15961088" percent="0" />
      <mem type="loa" free="94424" total="160768" percent="58" />
    </mem>
  </mem-info>
</gc-start>
<allocation-stats totalBytes="10061768" >
  <allocated-bytes non-tlh="0" tlh="10061768" />
  <largest-consumer threadName="Thread-8" threadId="0000000001354500" bytes="3589736" />
</allocation-stats>
<gc-op id="3764" type="mark" timems="2.163" contextid="3761" timestamp="2019-07-02T23:05:44.116">
  <trace-info objectcount="71878" scancount="64300" scanbytes="2416220" />
  <finalization candidates="124" enqueued="0" />
  <ownableSynchronizers candidates="3" cleared="0" />
  <references type="soft" candidates="84" cleared="0" enqueued="0" dynamicThreshold="20" maxThreshold="32" />
  <references type="weak" candidates="774" cleared="0" enqueued="0" />
  <references type="phantom" candidates="63" cleared="0" enqueued="0" />
  <stringconstants candidates="4574" cleared="0"  />
</gc-op>
<gc-op id="3765" type="sweep" timems="0.767" contextid="3761" timestamp="2019-07-02T23:05:44.117" />
<heap-resize id="3766" type="contract" space="tenure" amount="131072" count="1" timems="0.085" reason="excess free space following gc" timestamp="2019-07-02T23:05:44.117" />
<gc-end id="3767" type="global" contextid="3761" durationms="3.311" usertimems="8.000" systemtimems="0.000" timestamp="2019-07-02T23:05:44.117" activeThreads="4">
  <mem-info id="3768" free="9916264" total="15990784" percent="62">
    <mem type="tenure" free="9916264" total="15990784" percent="62" micro-fragmented="0" macro-fragmented="0">
      <mem type="soa" free="9916264" total="15831040" percent="62" />
      <mem type="loa" free="0" total="159744" percent="0" />
    </mem>
  </mem-info>
</gc-end>
<cycle-end id="3769" type="global" contextid="3761" timestamp="2019-07-02T23:05:44.117">
  <attribute name="GC Util" value="257" />
  <attribute name="CPU Util" value="8247104441878" />
  <attribute name="Time Running"value="4681"/>
  <attribute name="Number of cores"value="4"/>
</cycle-end>
<allocation-satisfied id="3770" threadId="0000000001354500" bytesRequested="40" />
<af-end id="3771" timestamp="2019-07-02T23:05:44.117" threadId="0000000001354E88" success="true" />
<exclusive-end id="3772" timestamp="2019-07-02T23:05:44.117" durationms="3.942" />

<exclusive-start id="3773" timestamp="2019-07-02T23:05:44.123" intervalms="9.618">
  <response-info timems="0.042" idlems="0.023" threads="1" lastid="000000000135F900" lastname="Thread-9" />
</exclusive-start>
<af-start id="3774" threadId="0000000001358A88" totalBytesRequested="40" timestamp="2019-07-02T23:05:44.123" intervalms="9.603" />
<cycle-start id="3775" type="global" contextid="0" timestamp="2019-07-02T23:05:44.123" intervalms="9.597" />
  <attribute name="GC Util" value="257" />
  <attribute name="CPU Util" value="8247104441878" />
  <attribute name="Time Running"value="4681"/>
  <attribute name="Number of cores"value="4"/>
<gc-start id="3776" type="global" contextid="3775" timestamp="2019-07-02T23:05:44.123">
  <mem-info id="3777" free="0" total="15990784" percent="0">
    <mem type="tenure" free="0" total="15990784" percent="0">
      <mem type="soa" free="0" total="15831040" percent="0" />
      <mem type="loa" free="0" total="159744" percent="0" />
    </mem>
  </mem-info>
</gc-start>
<allocation-stats totalBytes="9915664" >
  <allocated-bytes non-tlh="0" tlh="9915664" />
  <largest-consumer threadName="Thread-8" threadId="0000000001354500" bytes="4152816" />
</allocation-stats>
<gc-op id="3778" type="mark" timems="1.929" contextid="3775" timestamp="2019-07-02T23:05:44.125">
  <trace-info objectcount="72485" scancount="64916" scanbytes="2431156" />
  <finalization candidates="124" enqueued="0" />
  <ownableSynchronizers candidates="3" cleared="0" />
  <references type="soft" candidates="84" cleared="0" enqueued="0" dynamicThreshold="19" maxThreshold="32" />
  <references type="weak" candidates="774" cleared="0" enqueued="0" />
  <references type="phantom" candidates="63" cleared="0" enqueued="0" />
  <stringconstants candidates="4574" cleared="0"  />
</gc-op>
<gc-op id="3779" type="sweep" timems="0.830" contextid="3775" timestamp="2019-07-02T23:05:44.126" />
<mem-info id="3780" free="9962184" total="15990784" percent="62">
  <mem type="tenure" free="9962184" total="15990784" percent="62" micro-fragmented="22103" macro-fragmented="0">
    <mem type="soa" free="9867936" total="15831040" percent="62" />
    <mem type="loa" free="94248" total="159744" percent="58" />
  </mem>
</mem-info>
<gc-op id="3781" type="compact" timems="5.005" contextid="3775" timestamp="2019-07-02T23:05:44.132">
  <compact-info movecount="4163" movebytes="101376" reason="compact to aid heap contraction" />
</gc-op>
<heap-resize id="3782" type="contract" space="tenure" amount="131072" count="1" timems="0.096" reason="excess free space following gc" timestamp="2019-07-02T23:05:44.132" />
<gc-end id="3783" type="global" contextid="3775" durationms="8.510" usertimems="16.000" systemtimems="0.000" timestamp="2019-07-02T23:05:44.132" activeThreads="4">
  <mem-info id="3784" free="9864968" total="15859712" percent="62">
    <mem type="tenure" free="9864968" total="15859712" percent="62">
      <mem type="soa" free="9735944" total="15702016" percent="62" />
      <mem type="loa" free="129024" total="157696" percent="81" />
    </mem>
  </mem-info>
</gc-end>
<cycle-end id="3785" type="global" contextid="3775" timestamp="2019-07-02T23:05:44.132">
  <attribute name="GC Util" value="147" />
  <attribute name="CPU Util" value="18479563552787" />
  <attribute name="Time Running"value="4691"/>
  <attribute name="Number of cores"value="4"/>
</cycle-end>
<allocation-satisfied id="3786" threadId="0000000001358100" bytesRequested="40" />
<af-end id="3787" timestamp="2019-07-02T23:05:44.132" threadId="0000000001358A88" success="true" />
<exclusive-end id="3788" timestamp="2019-07-02T23:05:44.132" durationms="9.149" />

<exclusive-start id="3789" timestamp="2019-07-02T23:05:44.137" intervalms="13.767">
  <response-info timems="0.061" idlems="0.041" threads="1" lastid="0000000001358100" lastname="Thread-7" />
</exclusive-start>
<af-start id="3790" threadId="000000000135C688" totalBytesRequested="40" timestamp="2019-07-02T23:05:44.137" intervalms="13.767" />
<cycle-start id="3791" type="global" contextid="0" timestamp="2019-07-02T23:05:44.137" intervalms="13.767" />
  <attribute name="GC Util" value="147" />
  <attribute name="CPU Util" value="18479563552787" />
  <attribute name="Time Running"value="4691"/>
  <attribute name="Number of cores"value="4"/>
<gc-start id="3792" type="global" contextid="3791" timestamp="2019-07-02T23:05:44.137">
  <mem-info id="3793" free="129024" total="15859712" percent="0">
    <mem type="tenure" free="129024" total="15859712" percent="0">
      <mem type="soa" free="0" total="15702016" percent="0" />
      <mem type="loa" free="129024" total="157696" percent="81" />
    </mem>
  </mem-info>
</gc-start>
<allocation-stats totalBytes="9800192" >
  <allocated-bytes non-tlh="0" tlh="9800192" />
  <largest-consumer threadName="Thread-9" threadId="000000000135F900" bytes="3505712" />
</allocation-stats>
<gc-op id="3794" type="mark" timems="2.358" contextid="3791" timestamp="2019-07-02T23:05:44.140">
  <trace-info objectcount="73059" scancount="65488" scanbytes="2444620" />
  <finalization candidates="124" enqueued="0" />
  <ownableSynchronizers candidates="3" cleared="0" />
  <references type="soft" candidates="84" cleared="0" enqueued="0" dynamicThreshold="19" maxThreshold="32" />
  <references type="weak" candidates="774" cleared="0" enqueued="0" />
  <references type="phantom" candidates="63" cleared="0" enqueued="0" />
  <stringconstants candidates="4574" cleared="0"  />
</gc-op>
<gc-op id="3795" type="sweep" timems="0.745" contextid="3791" timestamp="2019-07-02T23:05:44.140" />
<heap-resize id="3796" type="contract" space="tenure" amount="131072" count="1" timems="0.073" reason="excess free space following gc" timestamp="2019-07-02T23:05:44.141" />
<gc-end id="3797" type="global" contextid="3791" durationms="3.636" usertimems="8.000" systemtimems="0.000" timestamp="2019-07-02T23:05:44.141" activeThreads="4">
  <mem-info id="3798" free="9737648" total="15728640" percent="61">
    <mem type="tenure" free="9737648" total="15728640" percent="61" micro-fragmented="13339" macro-fragmented="0">
      <mem type="soa" free="9642088" total="15571968" percent="61" />
      <mem type="loa" free="95560" total="156672" percent="60" />
    </mem>
  </mem-info>
</gc-end>
<cycle-end id="3799" type="global" contextid="3791" timestamp="2019-07-02T23:05:44.141">
  <attribute name="GC Util" value="254" />
  <attribute name="CPU Util" value="7604524541146" />
  <attribute name="Time Running"value="4705"/>
  <attribute name="Number of cores"value="4"/>
</cycle-end>
<allocation-satisfied id="3800" threadId="000000000135BD00" bytesRequested="40" />
<af-end id="3801" timestamp="2019-07-02T23:05:44.141" threadId="000000000135C688" success="true" />
<exclusive-end id="3802" timestamp="2019-07-02T23:05:44.141" durationms="4.164" />

<exclusive-start id="3803" timestamp="2019-07-02T23:05:44.147" intervalms="9.765">
  <response-info timems="0.031" idlems="0.031" threads="0" lastid="0000000001354500" lastname="Thread-8" />
</exclusive-start>
<af-start id="3804" threadId="0000000001354E88" totalBytesRequested="24" timestamp="2019-07-02T23:05:44.147" intervalms="9.761" />
<cycle-start id="3805" type="global" contextid="0" timestamp="2019-07-02T23:05:44.147" intervalms="9.752" />
  <attribute name="GC Util" value="254" />
  <attribute name="CPU Util" value="7604524541146" />
  <attribute name="Time Running"value="4705"/>
  <attribute name="Number of cores"value="4"/>
<gc-start id="3806" type="global" contextid="3805" timestamp="2019-07-02T23:05:44.147">
  <mem-info id="3807" free="95560" total="15728640" percent="0">
    <mem type="tenure" free="95560" total="15728640" percent="0">
      <mem type="soa" free="0" total="15571968" percent="0" />
      <mem type="loa" free="95560" total="156672" percent="60" />
    </mem>
  </mem-info>
</gc-start>
<allocation-stats totalBytes="9641568" >
  <allocated-bytes non-tlh="0" tlh="9641568" />
  <largest-consumer threadName="Thread-8" threadId="0000000001354500" bytes="4113552" />
</allocation-stats>
<gc-op id="3808" type="mark" timems="2.317" contextid="3805" timestamp="2019-07-02T23:05:44.149">
  <trace-info objectcount="73773" scancount="66203" scanbytes="2462356" />
  <finalization candidates="124" enqueued="0" />
  <ownableSynchronizers candidates="3" cleared="0" />
  <references type="soft" candidates="84" cleared="0" enqueued="0" dynamicThreshold="19" maxThreshold="32" />
  <references type="weak" candidates="774" cleared="0" enqueued="0" />
  <references type="phantom" candidates="63" cleared="0" enqueued="0" />
  <stringconstants candidates="4574" cleared="0"  />
</gc-op>
<gc-op id="3809" type="sweep" timems="0.796" contextid="3805" timestamp="2019-07-02T23:05:44.150" />
<mem-info id="3810" free="9709816" total="15728640" percent="61">
  <mem type="tenure" free="9709816" total="15728640" percent="61" micro-fragmented="16949" macro-fragmented="0">
    <mem type="soa" free="9589392" total="15571968" percent="61" />
    <mem type="loa" free="120424" total="156672" percent="76" />
  </mem>
</mem-info>
<gc-op id="3811" type="compact" timems="4.755" contextid="3805" timestamp="2019-07-02T23:05:44.155">
  <compact-info movecount="3832" movebytes="93720" reason="compact to aid heap contraction" />
</gc-op>
<heap-resize id="3812" type="contract" space="tenure" amount="131072" count="1" timems="0.081" reason="excess free space following gc" timestamp="2019-07-02T23:05:44.155" />
<gc-end id="3813" type="global" contextid="3805" durationms="8.354" usertimems="20.000" systemtimems="0.000" timestamp="2019-07-02T23:05:44.155" activeThreads="4">
  <mem-info id="3814" free="9574696" total="15597568" percent="61">
    <mem type="tenure" free="9574696" total="15597568" percent="61">
      <mem type="soa" free="9444648" total="15441920" percent="61" />
      <mem type="loa" free="130048" total="155648" percent="83" />
    </mem>
  </mem-info>
</gc-end>
<cycle-end id="3815" type="global" contextid="3805" timestamp="2019-07-02T23:05:44.155">
  <attribute name="GC Util" value="164" />
  <attribute name="CPU Util" value="20074330406108" />
  <attribute name="Time Running"value="4715"/>
  <attribute name="Number of cores"value="4"/>
</cycle-end>
<allocation-satisfied id="3816" threadId="0000000001354500" bytesRequested="24" />
<af-end id="3817" timestamp="2019-07-02T23:05:44.155" threadId="0000000001354E88" success="true" />
<exclusive-end id="3818" timestamp="2019-07-02T23:05:44.155" durationms="8.729" />

<exclusive-start id="3819" timestamp="2019-07-02T23:05:44.161" intervalms="13.829">
  <response-info timems="0.032" idlems="0.032" threads="0" lastid="0000000001354500" lastname="Thread-8" />
</exclusive-start>
<af-start id="3820" threadId="0000000001354E88" totalBytesRequested="136" timestamp="2019-07-02T23:05:44.161" intervalms="13.815" />
<cycle-start id="3821" type="global" contextid="0" timestamp="2019-07-02T23:05:44.161" intervalms="13.809" />
  <attribute name="GC Util" value="164" />
  <attribute name="CPU Util" value="20074330406108" />
  <attribute name="Time Running"value="4715"/>
  <attribute name="Number of cores"value="4"/>
<gc-start id="3822" type="global" contextid="3821" timestamp="2019-07-02T23:05:44.161">
  <mem-info id="3823" free="130048" total="15597568" percent="0">
    <mem type="tenure" free="130048" total="15597568" percent="0">
      <mem type="soa" free="0" total="15441920" percent="0" />
      <mem type="loa" free="130048" total="155648" percent="83" />
    </mem>
  </mem-info>
</gc-start>
<allocation-stats totalBytes="9509088" >
  <allocated-bytes non-tlh="0" tlh="9509088" />
  <largest-consumer threadName="Thread-8" threadId="0000000001354500" bytes="3697544" />
</allocation-stats>
<gc-op id="3824" type="mark" timems="2.070" contextid="3821" timestamp="2019-07-02T23:05:44.163">
  <trace-info objectcount="74450" scancount="66881" scanbytes="2478100" />
  <finalization candidates="124" enqueued="0" />
  <ownableSynchronizers candidates="3" cleared="0" />
  <references type="soft" candidates="84" cleared="0" enqueued="0" dynamicThreshold="19" maxThreshold="32" />
  <references type="weak" candidates="774" cleared="0" enqueued="0" />
  <references type="phantom" candidates="63" cleared="0" enqueued="0" />
  <stringconstants candidates="4574" cleared="0"  />
</gc-op>
<gc-op id="3825" type="sweep" timems="0.734" contextid="3821" timestamp="2019-07-02T23:05:44.164" />
<heap-resize id="3826" type="contract" space="tenure" amount="131072" count="1" timems="0.049" reason="excess free space following gc" timestamp="2019-07-02T23:05:44.164" />
<gc-end id="3827" type="global" contextid="3821" durationms="3.101" usertimems="4.000" systemtimems="4.000" timestamp="2019-07-02T23:05:44.164" activeThreads="4">
  <mem-info id="3828" free="9341168" total="15466496" percent="60">
    <mem type="tenure" free="9341168" total="15466496" percent="60" micro-fragmented="18982" macro-fragmented="0">
      <mem type="soa" free="9341168" total="15311872" percent="61" />
      <mem type="loa" free="0" total="154624" percent="0" />
    </mem>
  </mem-info>
</gc-end>
<cycle-end id="3829" type="global" contextid="3821" timestamp="2019-07-02T23:05:44.164">
  <attribute name="GC Util" value="257" />
  <attribute name="CPU Util" value="8725193889136" />
  <attribute name="Time Running"value="4728"/>
  <attribute name="Number of cores"value="4"/>
</cycle-end>
<allocation-satisfied id="3830" threadId="0000000001354500" bytesRequested="136" />
<af-end id="3831" timestamp="2019-07-02T23:05:44.164" threadId="0000000001354E88" success="true" />
<exclusive-end id="3832" timestamp="2019-07-02T23:05:44.164" durationms="3.470" />

<exclusive-start id="3833" timestamp="2019-07-02T23:05:44.169" intervalms="8.657">
  <response-info timems="0.034" idlems="0.034" threads="0" lastid="000000000135BD00" lastname="Thread-10" />
</exclusive-start>
<af-start id="3834" threadId="000000000135C688" totalBytesRequested="40" timestamp="2019-07-02T23:05:44.169" intervalms="8.658" />
<cycle-start id="3835" type="global" contextid="0" timestamp="2019-07-02T23:05:44.169" intervalms="8.674" />
  <attribute name="GC Util" value="257" />
  <attribute name="CPU Util" value="8725193889136" />
  <attribute name="Time Running"value="4728"/>
  <attribute name="Number of cores"value="4"/>
<gc-start id="3836" type="global" contextid="3835" timestamp="2019-07-02T23:05:44.169">
  <mem-info id="3837" free="0" total="15466496" percent="0">
    <mem type="tenure" free="0" total="15466496" percent="0">
      <mem type="soa" free="0" total="15311872" percent="0" />
      <mem type="loa" free="0" total="154624" percent="0" />
    </mem>
  </mem-info>
</gc-start>
<allocation-stats totalBytes="9340920" >
  <allocated-bytes non-tlh="0" tlh="9340920" />
  <largest-consumer threadName="Thread-9" threadId="000000000135F900" bytes="3652656" />
</allocation-stats>
<gc-op id="3838" type="mark" timems="2.248" contextid="3835" timestamp="2019-07-02T23:05:44.172">
  <trace-info objectcount="68166" scancount="60588" scanbytes="2277644" />
  <finalization candidates="124" enqueued="0" />
  <ownableSynchronizers candidates="3" cleared="0" />
  <references type="soft" candidates="84" cleared="0" enqueued="0" dynamicThreshold="19" maxThreshold="32" />
  <references type="weak" candidates="774" cleared="0" enqueued="0" />
  <references type="phantom" candidates="63" cleared="0" enqueued="0" />
  <stringconstants candidates="4574" cleared="0"  />
</gc-op>
<gc-op id="3839" type="sweep" timems="0.747" contextid="3835" timestamp="2019-07-02T23:05:44.173" />
<gc-end id="3840" type="global" contextid="3835" durationms="3.238" usertimems="8.000" systemtimems="0.000" timestamp="2019-07-02T23:05:44.173" activeThreads="4">
  <mem-info id="3841" free="9373208" total="15466496" percent="60">
    <mem type="tenure" free="9373208" total="15466496" percent="60" micro-fragmented="110315" macro-fragmented="0">
      <mem type="soa" free="9373208" total="15311872" percent="61" />
      <mem type="loa" free="0" total="154624" percent="0" />
    </mem>
  </mem-info>
</gc-end>
<cycle-end id="3842" type="global" contextid="3835" timestamp="2019-07-02T23:05:44.173">
  <attribute name="GC Util" value="263" />
  <attribute name="CPU Util" value="8024384446405" />
  <attribute name="Time Running"value="4737"/>
  <attribute name="Number of cores"value="4"/>
</cycle-end>
<allocation-satisfied id="3843" threadId="000000000135BD00" bytesRequested="40" />
<af-end id="3844" timestamp="2019-07-02T23:05:44.173" threadId="000000000135C688" success="true" />
<exclusive-end id="3845" timestamp="2019-07-02T23:05:44.173" durationms="3.671" />

<exclusive-start id="3846" timestamp="2019-07-02T23:05:44.178" intervalms="9.079">
  <response-info timems="0.029" idlems="0.029" threads="0" lastid="0000000001354500" lastname="Thread-8" />
</exclusive-start>
<af-start id="3847" threadId="0000000001354E88" totalBytesRequested="40" timestamp="2019-07-02T23:05:44.178" intervalms="9.078" />
<cycle-start id="3848" type="global" contextid="0" timestamp="2019-07-02T23:05:44.178" intervalms="9.060" />
  <attribute name="GC Util" value="263" />
  <attribute name="CPU Util" value="8024384446405" />
  <attribute name="Time Running"value="4737"/>
  <attribute name="Number of cores"value="4"/>
<gc-start id="3849" type="global" contextid="3848" timestamp="2019-07-02T23:05:44.178">
  <mem-info id="3850" free="0" total="15466496" percent="0">
    <mem type="tenure" free="0" total="15466496" percent="0">
      <mem type="soa" free="0" total="15311872" percent="0" />
      <mem type="loa" free="0" total="154624" percent="0" />
    </mem>
  </mem-info>
</gc-start>
<allocation-stats totalBytes="9436040" >
  <allocated-bytes non-tlh="0" tlh="9436040" />
  <largest-consumer threadName="Thread-8" threadId="0000000001354500" bytes="3872216" />
</allocation-stats>
<gc-op id="3851" type="mark" timems="2.066" contextid="3848" timestamp="2019-07-02T23:05:44.181">
  <trace-info objectcount="70998" scancount="63415" scanbytes="2395396" />
  <finalization candidates="124" enqueued="0" />
  <ownableSynchronizers candidates="3" cleared="0" />
  <references type="soft" candidates="84" cleared="0" enqueued="0" dynamicThreshold="19" maxThreshold="32" />
  <references type="weak" candidates="774" cleared="0" enqueued="0" />
  <references type="phantom" candidates="63" cleared="0" enqueued="0" />
  <stringconstants candidates="4574" cleared="0"  />
</gc-op>
<gc-op id="3852" type="sweep" timems="0.802" contextid="3848" timestamp="2019-07-02T23:05:44.181" />
<gc-end id="3853" type="global" contextid="3848" durationms="3.063" usertimems="4.000" systemtimems="0.000" timestamp="2019-07-02T23:05:44.182" activeThreads="4">
  <mem-info id="3854" free="9277488" total="15466496" percent="59">
    <mem type="tenure" free="9277488" total="15466496" percent="59" micro-fragmented="141860" macro-fragmented="0">
      <mem type="soa" free="9277488" total="15311872" percent="60" />
      <mem type="loa" free="0" total="154624" percent="0" />
    </mem>
  </mem-info>
</gc-end>
<cycle-end id="3855" type="global" contextid="3848" timestamp="2019-07-02T23:05:44.182">
  <attribute name="GC Util" value="249" />
  <attribute name="CPU Util" value="8738738937269" />
  <attribute name="Time Running"value="4746"/>
  <attribute name="Number of cores"value="4"/>
</cycle-end>
<allocation-satisfied id="3856" threadId="0000000001354500" bytesRequested="40" />
<af-end id="3857" timestamp="2019-07-02T23:05:44.182" threadId="0000000001354E88" success="true" />
<exclusive-end id="3858" timestamp="2019-07-02T23:05:44.182" durationms="3.608" />

<exclusive-start id="3859" timestamp="2019-07-02T23:05:44.188" intervalms="10.049">
  <response-info timems="0.030" idlems="0.029" threads="1" lastid="000000000135BD00" lastname="Thread-10" />
</exclusive-start>
<af-start id="3860" threadId="0000000001354E88" totalBytesRequested="24" timestamp="2019-07-02T23:05:44.188" intervalms="10.048" />
<cycle-start id="3861" type="global" contextid="0" timestamp="2019-07-02T23:05:44.188" intervalms="10.058" />
  <attribute name="GC Util" value="249" />
  <attribute name="CPU Util" value="8738738937269" />
  <attribute name="Time Running"value="4746"/>
  <attribute name="Number of cores"value="4"/>
<gc-start id="3862" type="global" contextid="3861" timestamp="2019-07-02T23:05:44.189">
  <mem-info id="3863" free="0" total="15466496" percent="0">
    <mem type="tenure" free="0" total="15466496" percent="0">
      <mem type="soa" free="0" total="15311872" percent="0" />
      <mem type="loa" free="0" total="154624" percent="0" />
    </mem>
  </mem-info>
</gc-start>
<allocation-stats totalBytes="9278680" >
  <allocated-bytes non-tlh="0" tlh="9278680" />
  <largest-consumer threadName="Thread-10" threadId="000000000135BD00" bytes="3483000" />
</allocation-stats>
<gc-op id="3864" type="mark" timems="2.412" contextid="3861" timestamp="2019-07-02T23:05:44.191">
  <trace-info objectcount="72618" scancount="65033" scanbytes="2433804" />
  <finalization candidates="124" enqueued="0" />
  <ownableSynchronizers candidates="3" cleared="0" />
  <references type="soft" candidates="84" cleared="0" enqueued="0" dynamicThreshold="19" maxThreshold="32" />
  <references type="weak" candidates="774" cleared="0" enqueued="0" />
  <references type="phantom" candidates="63" cleared="0" enqueued="0" />
  <stringconstants candidates="4574" cleared="0"  />
</gc-op>
<gc-op id="3865" type="sweep" timems="0.805" contextid="3861" timestamp="2019-07-02T23:05:44.192" />
<heap-resize id="3866" type="expand" space="tenure" amount="1048576" count="1" timems="0.035" reason="excessive time being spent in gc" timestamp="2019-07-02T23:05:44.192" />
<gc-end id="3867" type="global" contextid="3861" durationms="3.513" usertimems="8.000" systemtimems="0.000" timestamp="2019-07-02T23:05:44.192" activeThreads="4">
  <mem-info id="3868" free="10259752" total="16515072" percent="62">
    <mem type="tenure" free="10259752" total="16515072" percent="62" micro-fragmented="112237" macro-fragmented="0">
      <mem type="soa" free="10094888" total="16350208" percent="61" />
      <mem type="loa" free="164864" total="164864" percent="100" />
    </mem>
  </mem-info>
</gc-end>
<cycle-end id="3869" type="global" contextid="3861" timestamp="2019-07-02T23:05:44.192">
  <attribute name="GC Util" value="258" />
  <attribute name="CPU Util" value="7449145597204" />
  <attribute name="Time Running"value="4756"/>
  <attribute name="Number of cores"value="4"/>
</cycle-end>
<allocation-satisfied id="3870" threadId="0000000001354500" bytesRequested="24" />
<af-end id="3871" timestamp="2019-07-02T23:05:44.192" threadId="0000000001354E88" success="true" />
<exclusive-end id="3872" timestamp="2019-07-02T23:05:44.192" durationms="3.879" />

<exclusive-start id="3873" timestamp="2019-07-02T23:05:44.198" intervalms="9.702">
  <response-info timems="0.056" idlems="0.056" threads="0" lastid="000000000135BD00" lastname="Thread-10" />
</exclusive-start>
<af-start id="3874" threadId="000000000135C688" totalBytesRequested="40" timestamp="2019-07-02T23:05:44.198" intervalms="9.719" />
<cycle-start id="3875" type="global" contextid="0" timestamp="2019-07-02T23:05:44.198" intervalms="9.727" />
  <attribute name="GC Util" value="258" />
  <attribute name="CPU Util" value="7449145597204" />
  <attribute name="Time Running"value="4756"/>
  <attribute name="Number of cores"value="4"/>
<gc-start id="3876" type="global" contextid="3875" timestamp="2019-07-02T23:05:44.198">
  <mem-info id="3877" free="164864" total="16515072" percent="0">
    <mem type="tenure" free="164864" total="16515072" percent="0">
      <mem type="soa" free="0" total="16350208" percent="0" />
      <mem type="loa" free="164864" total="164864" percent="100" />
    </mem>
  </mem-info>
</gc-start>
<allocation-stats totalBytes="10094088" >
  <allocated-bytes non-tlh="0" tlh="10094088" />
  <largest-consumer threadName="Thread-8" threadId="0000000001354500" bytes="3546040" />
</allocation-stats>
<gc-op id="3878" type="mark" timems="2.368" contextid="3875" timestamp="2019-07-02T23:05:44.201">
  <trace-info objectcount="67718" scancount="60141" scanbytes="2317060" />
  <finalization candidates="124" enqueued="0" />
  <ownableSynchronizers candidates="3" cleared="0" />
  <references type="soft" candidates="84" cleared="0" enqueued="0" dynamicThreshold="19" maxThreshold="32" />
  <references type="weak" candidates="774" cleared="0" enqueued="0" />
  <references type="phantom" candidates="63" cleared="0" enqueued="0" />
  <stringconstants candidates="4574" cleared="0"  />
</gc-op>
<gc-op id="3879" type="sweep" timems="0.812" contextid="3875" timestamp="2019-07-02T23:05:44.202" />
<gc-end id="3880" type="global" contextid="3875" durationms="3.429" usertimems="4.000" systemtimems="4.000" timestamp="2019-07-02T23:05:44.202" activeThreads="4">
  <mem-info id="3881" free="10490192" total="16515072" percent="63">
    <mem type="tenure" free="10490192" total="16515072" percent="63" micro-fragmented="197816" macro-fragmented="0">
      <mem type="soa" free="10325328" total="16350208" percent="63" />
      <mem type="loa" free="164864" total="164864" percent="100" />
    </mem>
  </mem-info>
</gc-end>
<cycle-end id="3882" type="global" contextid="3875" timestamp="2019-07-02T23:05:44.202">
  <attribute name="GC Util" value="257" />
  <attribute name="CPU Util" value="7638694244591" />
  <attribute name="Time Running"value="4766"/>
  <attribute name="Number of cores"value="4"/>
</cycle-end>
<allocation-satisfied id="3883" threadId="000000000135BD00" bytesRequested="40" />
<af-end id="3884" timestamp="2019-07-02T23:05:44.202" threadId="000000000135C688" success="true" />
<exclusive-end id="3885" timestamp="2019-07-02T23:05:44.202" durationms="4.078" />

<exclusive-start id="3886" timestamp="2019-07-02T23:05:44.209" intervalms="10.694">
  <response-info timems="0.031" idlems="0.031" threads="0" lastid="0000000001358100" lastname="Thread-7" />
</exclusive-start>
<af-start id="3887" threadId="0000000001358A88" totalBytesRequested="24" timestamp="2019-07-02T23:05:44.209" intervalms="10.679" />
<cycle-start id="3888" type="global" contextid="0" timestamp="2019-07-02T23:05:44.209" intervalms="10.677" />
  <attribute name="GC Util" value="257" />
  <attribute name="CPU Util" value="7638694244591" />
  <attribute name="Time Running"value="4766"/>
  <attribute name="Number of cores"value="4"/>
<gc-start id="3889" type="global" contextid="3888" timestamp="2019-07-02T23:05:44.209">
  <mem-info id="3890" free="164864" total="16515072" percent="0">
    <mem type="tenure" free="164864" total="16515072" percent="0">
      <mem type="soa" free="0" total="16350208" percent="0" />
      <mem type="loa" free="164864" total="164864" percent="100" />
    </mem>
  </mem-info>
</gc-start>
<allocation-stats totalBytes="10326112" >
  <allocated-bytes non-tlh="0" tlh="10326112" />
  <largest-consumer threadName="Thread-8" threadId="0000000001354500" bytes="3896848" />
</allocation-stats>
<gc-op id="3891" type="mark" timems="2.212" contextid="3888" timestamp="2019-07-02T23:05:44.211">
  <trace-info objectcount="68213" scancount="60632" scanbytes="2328708" />
  <finalization candidates="124" enqueued="0" />
  <ownableSynchronizers candidates="3" cleared="0" />
  <references type="soft" candidates="84" cleared="0" enqueued="0" dynamicThreshold="20" maxThreshold="32" />
  <references type="weak" candidates="774" cleared="0" enqueued="0" />
  <references type="phantom" candidates="63" cleared="0" enqueued="0" />
  <stringconstants candidates="4574" cleared="0"  />
</gc-op>
<gc-op id="3892" type="sweep" timems="0.798" contextid="3888" timestamp="2019-07-02T23:05:44.212" />
<gc-end id="3893" type="global" contextid="3888" durationms="3.255" usertimems="4.000" systemtimems="4.000" timestamp="2019-07-02T23:05:44.212" activeThreads="4">
  <mem-info id="3894" free="10445944" total="16515072" percent="63">
    <mem type="tenure" free="10445944" total="16515072" percent="63" micro-fragmented="235325" macro-fragmented="0">
      <mem type="soa" free="10281080" total="16350208" percent="62" />
      <mem type="loa" free="164864" total="164864" percent="100" />
    </mem>
  </mem-info>
</gc-end>
<cycle-end id="3895" type="global" contextid="3888" timestamp="2019-07-02T23:05:44.212">
  <attribute name="GC Util" value="249" />
  <attribute name="CPU Util" value="8122508092033" />
  <attribute name="Time Running"value="4776"/>
  <attribute name="Number of cores"value="4"/>
</cycle-end>
<allocation-satisfied id="3896" threadId="0000000001358100" bytesRequested="24" />
<af-end id="3897" timestamp="2019-07-02T23:05:44.213" threadId="0000000001358A88" success="true" />
<exclusive-end id="3898" timestamp="2019-07-02T23:05:44.213" durationms="3.972" />

<exclusive-start id="3899" timestamp="2019-07-02T23:05:44.220" intervalms="11.644">
  <response-info timems="0.027" idlems="0.027" threads="0" lastid="000000000135BD00" lastname="Thread-10" />
</exclusive-start>
<af-start id="3900" threadId="000000000135C688" totalBytesRequested="40" timestamp="2019-07-02T23:05:44.220" intervalms="11.683" />
<cycle-start id="3901" type="global" contextid="0" timestamp="2019-07-02T23:05:44.221" intervalms="11.699" />
  <attribute name="GC Util" value="249" />
  <attribute name="CPU Util" value="8122508092033" />
  <attribute name="Time Running"value="4776"/>
  <attribute name="Number of cores"value="4"/>
<gc-start id="3902" type="global" contextid="3901" timestamp="2019-07-02T23:05:44.221">
  <mem-info id="3903" free="164864" total="16515072" percent="0">
    <mem type="tenure" free="164864" total="16515072" percent="0">
      <mem type="soa" free="0" total="16350208" percent="0" />
      <mem type="loa" free="164864" total="164864" percent="100" />
    </mem>
  </mem-info>
</gc-start>
<allocation-stats totalBytes="10281048" >
  <allocated-bytes non-tlh="0" tlh="10281048" />
  <largest-consumer threadName="Thread-8" threadId="0000000001354500" bytes="4049944" />
</allocation-stats>
<gc-op id="3904" type="mark" timems="2.444" contextid="3901" timestamp="2019-07-02T23:05:44.223">
  <trace-info objectcount="69152" scancount="61583" scanbytes="2351260" />
  <finalization candidates="124" enqueued="0" />
  <ownableSynchronizers candidates="3" cleared="0" />
  <references type="soft" candidates="84" cleared="0" enqueued="0" dynamicThreshold="20" maxThreshold="32" />
  <references type="weak" candidates="774" cleared="0" enqueued="0" />
  <references type="phantom" candidates="63" cleared="0" enqueued="0" />
  <stringconstants candidates="4574" cleared="0"  />
</gc-op>
<gc-op id="3905" type="sweep" timems="0.848" contextid="3901" timestamp="2019-07-02T23:05:44.224" />
<heap-resize id="3906" type="contract" space="tenure" amount="131072" count="1" timems="0.042" reason="excess free space following gc" timestamp="2019-07-02T23:05:44.224" />
<gc-end id="3907" type="global" contextid="3901" durationms="3.876" usertimems="4.000" systemtimems="4.000" timestamp="2019-07-02T23:05:44.225" activeThreads="4">
  <mem-info id="3908" free="10163512" total="16384000" percent="62">
    <mem type="tenure" free="10163512" total="16384000" percent="62" micro-fragmented="163416" macro-fragmented="0">
      <mem type="soa" free="10089824" total="16220160" percent="62" />
      <mem type="loa" free="73688" total="163840" percent="44" />
    </mem>
  </mem-info>
</gc-end>
<cycle-end id="3909" type="global" contextid="3901" timestamp="2019-07-02T23:05:44.225">
  <attribute name="GC Util" value="242" />
  <attribute name="CPU Util" value="7267269939554" />
  <attribute name="Time Running"value="4788"/>
  <attribute name="Number of cores"value="4"/>
</cycle-end>
<allocation-satisfied id="3910" threadId="000000000135BD00" bytesRequested="40" />
<af-end id="3911" timestamp="2019-07-02T23:05:44.225" threadId="000000000135C688" success="true" />
<exclusive-end id="3912" timestamp="2019-07-02T23:05:44.225" durationms="4.494" />

<exclusive-start id="3913" timestamp="2019-07-02T23:05:44.231" intervalms="10.821">
  <response-info timems="0.039" idlems="0.029" threads="3" lastid="0000000001358100" lastname="Thread-7" />
</exclusive-start>
<af-start id="3914" threadId="0000000001360288" totalBytesRequested="24" timestamp="2019-07-02T23:05:44.231" intervalms="10.795" />
<cycle-start id="3915" type="global" contextid="0" timestamp="2019-07-02T23:05:44.231" intervalms="10.778" />
  <attribute name="GC Util" value="242" />
  <attribute name="CPU Util" value="7267269939554" />
  <attribute name="Time Running"value="4788"/>
  <attribute name="Number of cores"value="4"/>
<gc-start id="3916" type="global" contextid="3915" timestamp="2019-07-02T23:05:44.231">
  <mem-info id="3917" free="73688" total="16384000" percent="0">
    <mem type="tenure" free="73688" total="16384000" percent="0">
      <mem type="soa" free="0" total="16220160" percent="0" />
      <mem type="loa" free="73688" total="163840" percent="44" />
    </mem>
  </mem-info>
</gc-start>
<allocation-stats totalBytes="10087080" >
  <allocated-bytes non-tlh="0" tlh="10087080" />
  <largest-consumer threadName="Thread-8" threadId="0000000001354500" bytes="3356560" />
</allocation-stats>
<gc-op id="3918" type="mark" timems="2.070" contextid="3915" timestamp="2019-07-02T23:05:44.234">
  <trace-info objectcount="69936" scancount="62349" scanbytes="2370388" />
  <finalization candidates="124" enqueued="0" />
  <ownableSynchronizers candidates="3" cleared="0" />
  <references type="soft" candidates="84" cleared="0" enqueued="0" dynamicThreshold="19" maxThreshold="32" />
  <references type="weak" candidates="774" cleared="0" enqueued="0" />
  <references type="phantom" candidates="63" cleared="0" enqueued="0" />
  <stringconstants candidates="4574" cleared="0"  />
</gc-op>
<gc-op id="3919" type="sweep" timems="0.867" contextid="3915" timestamp="2019-07-02T23:05:44.235" />
<heap-resize id="3920" type="contract" space="tenure" amount="65536" count="1" timems="0.105" reason="excess free space following gc" timestamp="2019-07-02T23:05:44.235" />
<gc-end id="3921" type="global" contextid="3915" durationms="3.456" usertimems="12.000" systemtimems="0.000" timestamp="2019-07-02T23:05:44.235" activeThreads="4">
  <mem-info id="3922" free="9957568" total="16318464" percent="61">
    <mem type="tenure" free="9957568" total="16318464" percent="61" micro-fragmented="279188" macro-fragmented="0">
      <mem type="soa" free="9957568" total="16155648" percent="61" />
      <mem type="loa" free="0" total="162816" percent="0" />
    </mem>
  </mem-info>
</gc-end>
<cycle-end id="3923" type="global" contextid="3915" timestamp="2019-07-02T23:05:44.235">
  <attribute name="GC Util" value="251" />
  <attribute name="CPU Util" value="8603988028991" />
  <attribute name="Time Running"value="4799"/>
  <attribute name="Number of cores"value="4"/>
</cycle-end>
<allocation-satisfied id="3924" threadId="000000000135F900" bytesRequested="24" />
<af-end id="3925" timestamp="2019-07-02T23:05:44.235" threadId="0000000001360288" success="true" />
<exclusive-end id="3926" timestamp="2019-07-02T23:05:44.235" durationms="4.094" />

<exclusive-start id="3927" timestamp="2019-07-02T23:05:44.241" intervalms="10.209">
  <response-info timems="0.034" idlems="0.034" threads="0" lastid="0000000001354500" lastname="Thread-8" />
</exclusive-start>
<af-start id="3928" threadId="0000000001354E88" totalBytesRequested="40" timestamp="2019-07-02T23:05:44.241" intervalms="10.183" />
<cycle-start id="3929" type="global" contextid="0" timestamp="2019-07-02T23:05:44.242" intervalms="10.172" />
  <attribute name="GC Util" value="251" />
  <attribute name="CPU Util" value="8603988028991" />
  <attribute name="Time Running"value="4799"/>
  <attribute name="Number of cores"value="4"/>
<gc-start id="3930" type="global" contextid="3929" timestamp="2019-07-02T23:05:44.242">
  <mem-info id="3931" free="0" total="16318464" percent="0">
    <mem type="tenure" free="0" total="16318464" percent="0">
      <mem type="soa" free="0" total="16155648" percent="0" />
      <mem type="loa" free="0" total="162816" percent="0" />
    </mem>
  </mem-info>
</gc-start>
<allocation-stats totalBytes="9953656" >
  <allocated-bytes non-tlh="0" tlh="9953656" />
  <largest-consumer threadName="Thread-9" threadId="000000000135F900" bytes="4136800" />
</allocation-stats>
<gc-op id="3932" type="mark" timems="2.223" contextid="3929" timestamp="2019-07-02T23:05:44.244">
  <trace-info objectcount="70481" scancount="62918" scanbytes="2382764" />
  <finalization candidates="124" enqueued="0" />
  <ownableSynchronizers candidates="3" cleared="0" />
  <references type="soft" candidates="84" cleared="0" enqueued="0" dynamicThreshold="19" maxThreshold="32" />
  <references type="weak" candidates="774" cleared="0" enqueued="0" />
  <references type="phantom" candidates="63" cleared="0" enqueued="0" />
  <stringconstants candidates="4574" cleared="0"  />
</gc-op>
<gc-op id="3933" type="sweep" timems="0.875" contextid="3929" timestamp="2019-07-02T23:05:44.245" />
<gc-end id="3934" type="global" contextid="3929" durationms="3.311" usertimems="8.000" systemtimems="0.000" timestamp="2019-07-02T23:05:44.245" activeThreads="4">
  <mem-info id="3935" free="9873688" total="16318464" percent="60">
    <mem type="tenure" free="9873688" total="16318464" percent="60" micro-fragmented="274032" macro-fragmented="0">
      <mem type="soa" free="9873688" total="16155648" percent="61" />
      <mem type="loa" free="0" total="162816" percent="0" />
    </mem>
  </mem-info>
</gc-end>
<cycle-end id="3936" type="global" contextid="3929" timestamp="2019-07-02T23:05:44.245">
  <attribute name="GC Util" value="255" />
  <attribute name="CPU Util" value="8135952986460" />
  <attribute name="Time Running"value="4809"/>
  <attribute name="Number of cores"value="4"/>
</cycle-end>
<allocation-satisfied id="3937" threadId="0000000001354500" bytesRequested="40" />
<af-end id="3938" timestamp="2019-07-02T23:05:44.245" threadId="0000000001354E88" success="true" />
<exclusive-end id="3939" timestamp="2019-07-02T23:05:44.245" durationms="3.690" />

<exclusive-start id="3940" timestamp="2019-07-02T23:05:44.252" intervalms="10.268">
  <response-info timems="0.033" idlems="0.033" threads="0" lastid="000000000135BD00" lastname="Thread-10" />
</exclusive-start>
<af-start id="3941" threadId="000000000135C688" totalBytesRequested="40" timestamp="2019-07-02T23:05:44.252" intervalms="10.276" />
<cycle-start id="3942" type="global" contextid="0" timestamp="2019-07-02T23:05:44.252" intervalms="10.286" />
  <attribute name="GC Util" value="255" />
  <attribute name="CPU Util" value="8135952986460" />
  <attribute name="Time Running"value="4809"/>
  <attribute name="Number of cores"value="4"/>
<gc-start id="3943" type="global" contextid="3942" timestamp="2019-07-02T23:05:44.252">
  <mem-info id="3944" free="0" total="16318464" percent="0">
    <mem type="tenure" free="0" total="16318464" percent="0">
      <mem type="soa" free="0" total="16155648" percent="0" />
      <mem type="loa" free="0" total="162816" percent="0" />
    </mem>
  </mem-info>
</gc-start>
<allocation-stats totalBytes="9868528" >
  <allocated-bytes non-tlh="19056" tlh="9849472" />
  <largest-consumer threadName="Thread-10" threadId="000000000135BD00" bytes="3863240" />
</allocation-stats>
<gc-op id="3945" type="mark" timems="2.346" contextid="3942" timestamp="2019-07-02T23:05:44.254">
  <trace-info objectcount="66529" scancount="58969" scanbytes="2288156" />
  <finalization candidates="124" enqueued="0" />
  <ownableSynchronizers candidates="3" cleared="0" />
  <references type="soft" candidates="84" cleared="0" enqueued="0" dynamicThreshold="19" maxThreshold="32" />
  <references type="weak" candidates="774" cleared="0" enqueued="0" />
  <references type="phantom" candidates="63" cleared="0" enqueued="0" />
  <stringconstants candidates="4574" cleared="0"  />
</gc-op>
<gc-op id="3946" type="sweep" timems="0.848" contextid="3942" timestamp="2019-07-02T23:05:44.255" />
<mem-info id="3947" free="10041192" total="16318464" percent="61">
  <mem type="tenure" free="10041192" total="16318464" percent="61" micro-fragmented="164971" macro-fragmented="0">
    <mem type="soa" free="10041192" total="16155648" percent="62" />
    <mem type="loa" free="0" total="162816" percent="0" />
  </mem>
</mem-info>
<gc-op id="3948" type="compact" timems="5.878" contextid="3942" timestamp="2019-07-02T23:05:44.261">
  <compact-info movecount="26788" movebytes="1193824" reason="compact to aid heap contraction" />
</gc-op>
<heap-resize id="3949" type="contract" space="tenure" amount="131072" count="1" timems="0.089" reason="excess free space following gc" timestamp="2019-07-02T23:05:44.261" />
<gc-end id="3950" type="global" contextid="3942" durationms="9.714" usertimems="16.000" systemtimems="4.000" timestamp="2019-07-02T23:05:44.262" activeThreads="4">
  <mem-info id="3951" free="10332576" total="16187392" percent="63">
    <mem type="tenure" free="10332576" total="16187392" percent="63">
      <mem type="soa" free="10202528" total="16025600" percent="63" />
      <mem type="loa" free="130048" total="161792" percent="80" />
    </mem>
  </mem-info>
</gc-end>
<cycle-end id="3952" type="global" contextid="3942" timestamp="2019-07-02T23:05:44.262">
  <attribute name="GC Util" value="156" />
  <attribute name="CPU Util" value="19244043815992" />
  <attribute name="Time Running"value="4820"/>
  <attribute name="Number of cores"value="4"/>
</cycle-end>
<allocation-satisfied id="3953" threadId="000000000135BD00" bytesRequested="40" />
<af-end id="3954" timestamp="2019-07-02T23:05:44.262" threadId="000000000135C688" success="true" />
<exclusive-end id="3955" timestamp="2019-07-02T23:05:44.262" durationms="10.377" />

<exclusive-start id="3956" timestamp="2019-07-02T23:05:44.268" intervalms="16.436">
  <response-info timems="0.121" idlems="0.121" threads="0" lastid="0000000001358100" lastname="Thread-7" />
</exclusive-start>
<af-start id="3957" threadId="0000000001358A88" totalBytesRequested="40" timestamp="2019-07-02T23:05:44.268" intervalms="16.471" />
<cycle-start id="3958" type="global" contextid="0" timestamp="2019-07-02T23:05:44.268" intervalms="16.477" />
  <attribute name="GC Util" value="156" />
  <attribute name="CPU Util" value="19244043815992" />
  <attribute name="Time Running"value="4820"/>
  <attribute name="Number of cores"value="4"/>
<gc-start id="3959" type="global" contextid="3958" timestamp="2019-07-02T23:05:44.268">
  <mem-info id="3960" free="130048" total="16187392" percent="0">
    <mem type="tenure" free="130048" total="16187392" percent="0">
      <mem type="soa" free="0" total="16025600" percent="0" />
      <mem type="loa" free="130048" total="161792" percent="80" />
    </mem>
  </mem-info>
</gc-start>
<allocation-stats totalBytes="10266240" >
  <allocated-bytes non-tlh="0" tlh="10266240" />
  <largest-consumer threadName="Thread-9" threadId="000000000135F900" bytes="4106944" />
</allocation-stats>
<gc-op id="3961" type="mark" timems="2.602" contextid="3958" timestamp="2019-07-02T23:05:44.271">
  <trace-info objectcount="67310" scancount="59725" scanbytes="2307220" />
  <finalization candidates="124" enqueued="0" />
  <ownableSynchronizers candidates="3" cleared="0" />
  <references type="soft" candidates="84" cleared="0" enqueued="0" dynamicThreshold="20" maxThreshold="32" />
  <references type="weak" candidates="774" cleared="0" enqueued="0" />
  <references type="phantom" candidates="63" cleared="0" enqueued="0" />
  <stringconstants candidates="4574" cleared="0"  />
</gc-op>
<gc-op id="3962" type="sweep" timems="0.719" contextid="3958" timestamp="2019-07-02T23:05:44.272" />
<heap-resize id="3963" type="contract" space="tenure" amount="131072" count="1" timems="0.050" reason="excess free space following gc" timestamp="2019-07-02T23:05:44.272" />
<gc-end id="3964" type="global" contextid="3958" durationms="3.740" usertimems="12.000" systemtimems="0.000" timestamp="2019-07-02T23:05:44.272" activeThreads="4">
  <mem-info id="3965" free="10103320" total="16056320" percent="62">
    <mem type="tenure" free="10103320" total="16056320" percent="62" micro-fragmented="8486" macro-fragmented="0">
      <mem type="soa" free="10103320" total="15896576" percent="63" />
      <mem type="loa" free="0" total="159744" percent="0" />
    </mem>
  </mem-info>
</gc-end>
<cycle-end id="3966" type="global" contextid="3958" timestamp="2019-07-02T23:05:44.272">
  <attribute name="GC Util" value="225" />
  <attribute name="CPU Util" value="6941280264268" />
  <attribute name="Time Running"value="4836"/>
  <attribute name="Number of cores"value="4"/>
</cycle-end>
<allocation-satisfied id="3967" threadId="0000000001358100" bytesRequested="40" />
<af-end id="3968" timestamp="2019-07-02T23:05:44.272" threadId="0000000001358A88" success="true" />
<exclusive-end id="3969" timestamp="2019-07-02T23:05:44.272" durationms="4.227" />

<exclusive-start id="3970" timestamp="2019-07-02T23:05:44.278" intervalms="10.351">
  <response-info timems="0.041" idlems="0.041" threads="0" lastid="0000000001358100" lastname="Thread-7" />
</exclusive-start>
<af-start id="3971" threadId="0000000001358A88" totalBytesRequested="40" timestamp="2019-07-02T23:05:44.279" intervalms="10.331" />
<cycle-start id="3972" type="global" contextid="0" timestamp="2019-07-02T23:05:44.279" intervalms="10.325" />
  <attribute name="GC Util" value="225" />
  <attribute name="CPU Util" value="6941280264268" />
  <attribute name="Time Running"value="4836"/>
  <attribute name="Number of cores"value="4"/>
<gc-start id="3973" type="global" contextid="3972" timestamp="2019-07-02T23:05:44.279">
  <mem-info id="3974" free="0" total="16056320" percent="0">
    <mem type="tenure" free="0" total="16056320" percent="0">
      <mem type="soa" free="0" total="15896576" percent="0" />
      <mem type="loa" free="0" total="159744" percent="0" />
    </mem>
  </mem-info>
</gc-start>
<allocation-stats totalBytes="10102328" >
  <allocated-bytes non-tlh="0" tlh="10102328" />
  <largest-consumer threadName="Thread-9" threadId="000000000135F900" bytes="4228224" />
</allocation-stats>
<gc-op id="3975" type="mark" timems="2.233" contextid="3972" timestamp="2019-07-02T23:05:44.281">
  <trace-info objectcount="63191" scancount="55620" scanbytes="2208060" />
  <finalization candidates="124" enqueued="0" />
  <ownableSynchronizers candidates="3" cleared="0" />
  <references type="soft" candidates="84" cleared="0" enqueued="0" dynamicThreshold="20" maxThreshold="32" />
  <references type="weak" candidates="774" cleared="0" enqueued="0" />
  <references type="phantom" candidates="63" cleared="0" enqueued="0" />
  <stringconstants candidates="4574" cleared="0"  />
</gc-op>
<gc-op id="3976" type="sweep" timems="0.748" contextid="3972" timestamp="2019-07-02T23:05:44.282" />
<mem-info id="3977" free="10230424" total="16056320" percent="63">
  <mem type="tenure" free="10230424" total="16056320" percent="63" micro-fragmented="16141" macro-fragmented="0">
    <mem type="soa" free="10155544" total="15896576" percent="63" />
    <mem type="loa" free="74880" total="159744" percent="46" />
  </mem>
</mem-info>
<gc-op id="3978" type="compact" timems="5.307" contextid="3972" timestamp="2019-07-02T23:05:44.287">
  <compact-info movecount="23450" movebytes="1113728" reason="compact to aid heap contraction" />
</gc-op>
<heap-resize id="3979" type="contract" space="tenure" amount="131072" count="1" timems="0.089" reason="excess free space following gc" timestamp="2019-07-02T23:05:44.288" />
<gc-end id="3980" type="global" contextid="3972" durationms="9.012" usertimems="8.000" systemtimems="8.000" timestamp="2019-07-02T23:05:44.288" activeThreads="4">
  <mem-info id="3981" free="10153600" total="15925248" percent="63">
    <mem type="tenure" free="10153600" total="15925248" percent="63">
      <mem type="soa" free="10023552" total="15766528" percent="63" />
      <mem type="loa" free="130048" total="158720" percent="81" />
    </mem>
  </mem-info>
</gc-end>
<cycle-end id="3982" type="global" contextid="3972" timestamp="2019-07-02T23:05:44.288">
  <attribute name="GC Util" value="146" />
  <attribute name="CPU Util" value="19978906169383" />
  <attribute name="Time Running"value="4847"/>
  <attribute name="Number of cores"value="4"/>
</cycle-end>
<allocation-satisfied id="3983" threadId="0000000001358100" bytesRequested="40" />
<af-end id="3984" timestamp="2019-07-02T23:05:44.288" threadId="0000000001358A88" success="true" />
<exclusive-end id="3985" timestamp="2019-07-02T23:05:44.288" durationms="9.696" />

<exclusive-start id="3986" timestamp="2019-07-02T23:05:44.293" intervalms="14.973">
  <response-info timems="0.028" idlems="0.028" threads="0" lastid="0000000001354500" lastname="Thread-8" />
</exclusive-start>
<af-start id="3987" threadId="0000000001354E88" totalBytesRequested="40" timestamp="2019-07-02T23:05:44.293" intervalms="14.951" />
<cycle-start id="3988" type="global" contextid="0" timestamp="2019-07-02T23:05:44.294" intervalms="14.942" />
  <attribute name="GC Util" value="146" />
  <attribute name="CPU Util" value="19978906169383" />
  <attribute name="Time Running"value="4847"/>
  <attribute name="Number of cores"value="4"/>
<gc-start id="3989" type="global" contextid="3988" timestamp="2019-07-02T23:05:44.294">
  <mem-info id="3990" free="130048" total="15925248" percent="0">
    <mem type="tenure" free="130048" total="15925248" percent="0">
      <mem type="soa" free="0" total="15766528" percent="0" />
      <mem type="loa" free="130048" total="158720" percent="81" />
    </mem>
  </mem-info>
</gc-start>
<allocation-stats totalBytes="10087848" >
  <allocated-bytes non-tlh="0" tlh="10087848" />
  <largest-consumer threadName="Thread-7" threadId="0000000001358100" bytes="3898968" />
</allocation-stats>
<gc-op id="3991" type="mark" timems="2.232" contextid="3988" timestamp="2019-07-02T23:05:44.296">
  <trace-info objectcount="63768" scancount="56207" scanbytes="2221892" />
  <finalization candidates="124" enqueued="0" />
  <ownableSynchronizers candidates="3" cleared="0" />
  <references type="soft" candidates="84" cleared="0" enqueued="0" dynamicThreshold="20" maxThreshold="32" />
  <references type="weak" candidates="774" cleared="0" enqueued="0" />
  <references type="phantom" candidates="63" cleared="0" enqueued="0" />
  <stringconstants candidates="4574" cleared="0"  />
</gc-op>
<gc-op id="3992" type="sweep" timems="0.717" contextid="3988" timestamp="2019-07-02T23:05:44.297" />
<heap-resize id="3993" type="contract" space="tenure" amount="131072" count="1" timems="0.042" reason="excess free space following gc" timestamp="2019-07-02T23:05:44.297" />
<gc-end id="3994" type="global" contextid="3988" durationms="3.246" usertimems="8.000" systemtimems="0.000" timestamp="2019-07-02T23:05:44.297" activeThreads="4">
  <mem-info id="3995" free="10001576" total="15794176" percent="63">
    <mem type="tenure" free="10001576" total="15794176" percent="63" micro-fragmented="21583" macro-fragmented="0">
      <mem type="soa" free="9915024" total="15636480" percent="63" />
      <mem type="loa" free="86552" total="157696" percent="54" />
    </mem>
  </mem-info>
</gc-end>
<cycle-end id="3996" type="global" contextid="3988" timestamp="2019-07-02T23:05:44.297">
  <attribute name="GC Util" value="262" />
  <attribute name="CPU Util" value="8134137674494" />
  <attribute name="Time Running"value="4861"/>
  <attribute name="Number of cores"value="4"/>
</cycle-end>
<allocation-satisfied id="3997" threadId="0000000001354500" bytesRequested="40" />
<af-end id="3998" timestamp="2019-07-02T23:05:44.297" threadId="0000000001354E88" success="true" />
<exclusive-end id="3999" timestamp="2019-07-02T23:05:44.297" durationms="3.596" />

<exclusive-start id="4000" timestamp="2019-07-02T23:05:44.301" intervalms="7.883">
  <response-info timems="0.029" idlems="0.029" threads="0" lastid="000000000135F900" lastname="Thread-9" />
</exclusive-start>
<af-start id="4001" threadId="0000000001360288" totalBytesRequested="24" timestamp="2019-07-02T23:05:44.301" intervalms="7.897" />
<cycle-start id="4002" type="global" contextid="0" timestamp="2019-07-02T23:05:44.301" intervalms="7.911" />
  <attribute name="GC Util" value="262" />
  <attribute name="CPU Util" value="8134137674494" />
  <attribute name="Time Running"value="4861"/>
  <attribute name="Number of cores"value="4"/>
<gc-start id="4003" type="global" contextid="4002" timestamp="2019-07-02T23:05:44.302">
  <mem-info id="4004" free="86552" total="15794176" percent="0">
    <mem type="tenure" free="86552" total="15794176" percent="0">
      <mem type="soa" free="0" total="15636480" percent="0" />
      <mem type="loa" free="86552" total="157696" percent="54" />
    </mem>
  </mem-info>
</gc-start>
<allocation-stats totalBytes="9918504" >
  <allocated-bytes non-tlh="0" tlh="9918504" />
  <largest-consumer threadName="Thread-7" threadId="0000000001358100" bytes="3370672" />
</allocation-stats>
<gc-op id="4005" type="mark" timems="1.922" contextid="4002" timestamp="2019-07-02T23:05:44.304">
  <trace-info objectcount="64457" scancount="56884" scanbytes="2238532" />
  <finalization candidates="124" enqueued="0" />
  <ownableSynchronizers candidates="3" cleared="0" />
  <references type="soft" candidates="84" cleared="0" enqueued="0" dynamicThreshold="20" maxThreshold="32" />
  <references type="weak" candidates="774" cleared="0" enqueued="0" />
  <references type="phantom" candidates="63" cleared="0" enqueued="0" />
  <stringconstants candidates="4574" cleared="0"  />
</gc-op>
<gc-op id="4006" type="sweep" timems="0.773" contextid="4002" timestamp="2019-07-02T23:05:44.304" />
<heap-resize id="4007" type="contract" space="tenure" amount="131072" count="1" timems="0.053" reason="excess free space following gc" timestamp="2019-07-02T23:05:44.305" />
<gc-end id="4008" type="global" contextid="4002" durationms="3.046" usertimems="8.000" systemtimems="0.000" timestamp="2019-07-02T23:05:44.305" activeThreads="4">
  <mem-info id="4009" free="9837392" total="15663104" percent="62">
    <mem type="tenure" free="9837392" total="15663104" percent="62" micro-fragmented="13615" macro-fragmented="0">
      <mem type="soa" free="9768056" total="15507456" percent="62" />
      <mem type="loa" free="69336" total="155648" percent="44" />
    </mem>
  </mem-info>
</gc-end>
<cycle-end id="4010" type="global" contextid="4002" timestamp="2019-07-02T23:05:44.305">
  <attribute name="GC Util" value="252" />
  <attribute name="CPU Util" value="9328574919649" />
  <attribute name="Time Running"value="4868"/>
  <attribute name="Number of cores"value="4"/>
</cycle-end>
<allocation-satisfied id="4011" threadId="000000000135F900" bytesRequested="24" />
<af-end id="4012" timestamp="2019-07-02T23:05:44.305" threadId="0000000001360288" success="true" />
<exclusive-end id="4013" timestamp="2019-07-02T23:05:44.305" durationms="3.518" />

<exclusive-start id="4014" timestamp="2019-07-02T23:05:44.309" intervalms="7.698">
  <response-info timems="0.023" idlems="0.023" threads="0" lastid="000000000135BD00" lastname="Thread-10" />
</exclusive-start>
<af-start id="4015" threadId="000000000135C688" totalBytesRequested="40" timestamp="2019-07-02T23:05:44.309" intervalms="7.665" />
<cycle-start id="4016" type="global" contextid="0" timestamp="2019-07-02T23:05:44.309" intervalms="7.661" />
  <attribute name="GC Util" value="252" />
  <attribute name="CPU Util" value="9328574919649" />
  <attribute name="Time Running"value="4868"/>
  <attribute name="Number of cores"value="4"/>
<gc-start id="4017" type="global" contextid="4016" timestamp="2019-07-02T23:05:44.309">
  <mem-info id="4018" free="69336" total="15663104" percent="0">
    <mem type="tenure" free="69336" total="15663104" percent="0">
      <mem type="soa" free="0" total="15507456" percent="0" />
      <mem type="loa" free="69336" total="155648" percent="44" />
    </mem>
  </mem-info>
</gc-start>
<allocation-stats totalBytes="9767168" >
  <allocated-bytes non-tlh="0" tlh="9767168" />
  <largest-consumer threadName="Thread-7" threadId="0000000001358100" bytes="2939272" />
</allocation-stats>
<gc-op id="4019" type="mark" timems="1.162" contextid="4016" timestamp="2019-07-02T23:05:44.310">
  <trace-info objectcount="65152" scancount="57573" scanbytes="2255476" />
  <finalization candidates="124" enqueued="0" />
  <ownableSynchronizers candidates="3" cleared="0" />
  <references type="soft" candidates="84" cleared="0" enqueued="0" dynamicThreshold="20" maxThreshold="32" />
  <references type="weak" candidates="774" cleared="0" enqueued="0" />
  <references type="phantom" candidates="63" cleared="0" enqueued="0" />
  <stringconstants candidates="4574" cleared="0"  />
</gc-op>
<gc-op id="4020" type="sweep" timems="0.292" contextid="4016" timestamp="2019-07-02T23:05:44.311" />
<heap-resize id="4021" type="contract" space="tenure" amount="65536" count="1" timems="0.049" reason="excess free space following gc" timestamp="2019-07-02T23:05:44.311" />
<gc-end id="4022" type="global" contextid="4016" durationms="1.822" usertimems="4.000" systemtimems="0.000" timestamp="2019-07-02T23:05:44.311" activeThreads="4">
  <mem-info id="4023" free="9649976" total="15597568" percent="61">
    <mem type="tenure" free="9649976" total="15597568" percent="61" micro-fragmented="6689" macro-fragmented="0">
      <mem type="soa" free="9649976" total="15441920" percent="62" />
      <mem type="loa" free="0" total="155648" percent="0" />
    </mem>
  </mem-info>
</gc-end>
<cycle-end id="4024" type="global" contextid="4016" timestamp="2019-07-02T23:05:44.311">
  <attribute name="GC Util" value="212" />
  <attribute name="CPU Util" value="15054056320685" />
  <attribute name="Time Running"value="4875"/>
  <attribute name="Number of cores"value="4"/>
</cycle-end>
<allocation-satisfied id="4025" threadId="000000000135BD00" bytesRequested="40" />
<af-end id="4026" timestamp="2019-07-02T23:05:44.311" threadId="000000000135C688" success="true" />
<exclusive-end id="4027" timestamp="2019-07-02T23:05:44.311" durationms="2.250" />

<exclusive-start id="4028" timestamp="2019-07-02T23:05:44.323" intervalms="13.860">
  <response-info timems="0.202" idlems="0.184" threads="1" lastid="000000000135BD00" lastname="Thread-10" />
</exclusive-start>
<af-start id="4029" threadId="0000000001358A88" totalBytesRequested="24" timestamp="2019-07-02T23:05:44.323" intervalms="13.962" />
<cycle-start id="4030" type="global" contextid="0" timestamp="2019-07-02T23:05:44.323" intervalms="14.044" />
  <attribute name="GC Util" value="212" />
  <attribute name="CPU Util" value="15054056320685" />
  <attribute name="Time Running"value="4875"/>
  <attribute name="Number of cores"value="4"/>
<gc-start id="4031" type="global" contextid="4030" timestamp="2019-07-02T23:05:44.323">
  <mem-info id="4032" free="0" total="15597568" percent="0">
    <mem type="tenure" free="0" total="15597568" percent="0">
      <mem type="soa" free="0" total="15441920" percent="0" />
      <mem type="loa" free="0" total="155648" percent="0" />
    </mem>
  </mem-info>
</gc-start>
<allocation-stats totalBytes="9647416" >
  <allocated-bytes non-tlh="0" tlh="9647416" />
  <largest-consumer threadName="Thread-9" threadId="000000000135F900" bytes="3695632" />
</allocation-stats>
<gc-op id="4033" type="mark" timems="2.340" contextid="4030" timestamp="2019-07-02T23:05:44.326">
  <trace-info objectcount="65861" scancount="58289" scanbytes="2272492" />
  <finalization candidates="124" enqueued="0" />
  <ownableSynchronizers candidates="3" cleared="0" />
  <references type="soft" candidates="84" cleared="0" enqueued="0" dynamicThreshold="19" maxThreshold="32" />
  <references type="weak" candidates="774" cleared="0" enqueued="0" />
  <references type="phantom" candidates="63" cleared="0" enqueued="0" />
  <stringconstants candidates="4574" cleared="0"  />
</gc-op>
<gc-op id="4034" type="sweep" timems="0.797" contextid="4030" timestamp="2019-07-02T23:05:44.327" />
<gc-end id="4035" type="global" contextid="4030" durationms="3.561" usertimems="8.000" systemtimems="0.000" timestamp="2019-07-02T23:05:44.327" activeThreads="4">
  <mem-info id="4036" free="9588424" total="15597568" percent="61">
    <mem type="tenure" free="9588424" total="15597568" percent="61" micro-fragmented="28266" macro-fragmented="0">
      <mem type="soa" free="9588424" total="15441920" percent="62" />
      <mem type="loa" free="0" total="155648" percent="0" />
    </mem>
  </mem-info>
</gc-end>
<cycle-end id="4037" type="global" contextid="4030" timestamp="2019-07-02T23:05:44.327">
  <attribute name="GC Util" value="243" />
  <attribute name="CPU Util" value="7706639713369" />
  <attribute name="Time Running"value="4891"/>
  <attribute name="Number of cores"value="4"/>
</cycle-end>
<allocation-satisfied id="4038" threadId="0000000001358100" bytesRequested="24" />
<af-end id="4039" timestamp="2019-07-02T23:05:44.327" threadId="0000000001358A88" success="true" />
<exclusive-end id="4040" timestamp="2019-07-02T23:05:44.327" durationms="4.460" />

<exclusive-start id="4041" timestamp="2019-07-02T23:05:44.333" intervalms="9.689">
  <response-info timems="0.027" idlems="0.027" threads="0" lastid="000000000135F900" lastname="Thread-9" />
</exclusive-start>
<af-start id="4042" threadId="0000000001360288" totalBytesRequested="40" timestamp="2019-07-02T23:05:44.333" intervalms="9.661" />
<cycle-start id="4043" type="global" contextid="0" timestamp="2019-07-02T23:05:44.333" intervalms="9.595" />
  <attribute name="GC Util" value="243" />
  <attribute name="CPU Util" value="7706639713369" />
  <attribute name="Time Running"value="4891"/>
  <attribute name="Number of cores"value="4"/>
<gc-start id="4044" type="global" contextid="4043" timestamp="2019-07-02T23:05:44.333">
  <mem-info id="4045" free="0" total="15597568" percent="0">
    <mem type="tenure" free="0" total="15597568" percent="0">
      <mem type="soa" free="0" total="15441920" percent="0" />
      <mem type="loa" free="0" total="155648" percent="0" />
    </mem>
  </mem-info>
</gc-start>
<allocation-stats totalBytes="9584992" >
  <allocated-bytes non-tlh="0" tlh="9584992" />
  <largest-consumer threadName="Thread-7" threadId="0000000001358100" bytes="3731920" />
</allocation-stats>
<gc-op id="4046" type="mark" timems="1.746" contextid="4043" timestamp="2019-07-02T23:05:44.335">
  <trace-info objectcount="66598" scancount="59011" scanbytes="2290060" />
  <finalization candidates="124" enqueued="0" />
  <ownableSynchronizers candidates="3" cleared="0" />
  <references type="soft" candidates="84" cleared="0" enqueued="0" dynamicThreshold="19" maxThreshold="32" />
  <references type="weak" candidates="774" cleared="0" enqueued="0" />
  <references type="phantom" candidates="63" cleared="0" enqueued="0" />
  <stringconstants candidates="4574" cleared="0"  />
</gc-op>
<gc-op id="4047" type="sweep" timems="0.832" contextid="4043" timestamp="2019-07-02T23:05:44.336" />
<gc-end id="4048" type="global" contextid="4043" durationms="2.852" usertimems="4.000" systemtimems="4.000" timestamp="2019-07-02T23:05:44.336" activeThreads="4">
  <mem-info id="4049" free="9524496" total="15597568" percent="61">
    <mem type="tenure" free="9524496" total="15597568" percent="61" micro-fragmented="35133" macro-fragmented="0">
      <mem type="soa" free="9524496" total="15441920" percent="61" />
      <mem type="loa" free="0" total="155648" percent="0" />
    </mem>
  </mem-info>
</gc-end>
<cycle-end id="4050" type="global" contextid="4043" timestamp="2019-07-02T23:05:44.336">
  <attribute name="GC Util" value="242" />
  <attribute name="CPU Util" value="10181502177484" />
  <attribute name="Time Running"value="4900"/>
  <attribute name="Number of cores"value="4"/>
</cycle-end>
<allocation-satisfied id="4051" threadId="000000000135F900" bytesRequested="40" />
<af-end id="4052" timestamp="2019-07-02T23:05:44.336" threadId="0000000001360288" success="true" />
<exclusive-end id="4053" timestamp="2019-07-02T23:05:44.336" durationms="3.364" />

<exclusive-start id="4054" timestamp="2019-07-02T23:05:44.342" intervalms="9.320">
  <response-info timems="0.029" idlems="0.027" threads="2" lastid="0000000001358100" lastname="Thread-7" />
</exclusive-start>
<af-start id="4055" threadId="0000000001354E88" totalBytesRequested="24" timestamp="2019-07-02T23:05:44.342" intervalms="9.302" />
<cycle-start id="4056" type="global" contextid="0" timestamp="2019-07-02T23:05:44.342" intervalms="9.277" />
  <attribute name="GC Util" value="242" />
  <attribute name="CPU Util" value="10181502177484" />
  <attribute name="Time Running"value="4900"/>
  <attribute name="Number of cores"value="4"/>
<gc-start id="4057" type="global" contextid="4056" timestamp="2019-07-02T23:05:44.342">
  <mem-info id="4058" free="0" total="15597568" percent="0">
    <mem type="tenure" free="0" total="15597568" percent="0">
      <mem type="soa" free="0" total="15441920" percent="0" />
      <mem type="loa" free="0" total="155648" percent="0" />
    </mem>
  </mem-info>
</gc-start>
<allocation-stats totalBytes="9518992" >
  <allocated-bytes non-tlh="0" tlh="9518992" />
  <largest-consumer threadName="Thread-9" threadId="000000000135F900" bytes="3766728" />
</allocation-stats>
<gc-op id="4059" type="mark" timems="1.887" contextid="4056" timestamp="2019-07-02T23:05:44.344">
  <trace-info objectcount="67250" scancount="59680" scanbytes="2305692" />
  <finalization candidates="124" enqueued="0" />
  <ownableSynchronizers candidates="3" cleared="0" />
  <references type="soft" candidates="84" cleared="0" enqueued="0" dynamicThreshold="19" maxThreshold="32" />
  <references type="weak" candidates="774" cleared="0" enqueued="0" />
  <references type="phantom" candidates="63" cleared="0" enqueued="0" />
  <stringconstants candidates="4574" cleared="0"  />
</gc-op>
<gc-op id="4060" type="sweep" timems="0.876" contextid="4056" timestamp="2019-07-02T23:05:44.345" />
<gc-end id="4061" type="global" contextid="4056" durationms="2.989" usertimems="8.000" systemtimems="4.000" timestamp="2019-07-02T23:05:44.345" activeThreads="4">
  <mem-info id="4062" free="9470056" total="15597568" percent="60">
    <mem type="tenure" free="9470056" total="15597568" percent="60" micro-fragmented="32343" macro-fragmented="0">
      <mem type="soa" free="9470056" total="15441920" percent="61" />
      <mem type="loa" free="0" total="155648" percent="0" />
    </mem>
  </mem-info>
</gc-end>
<cycle-end id="4063" type="global" contextid="4056" timestamp="2019-07-02T23:05:44.345">
  <attribute name="GC Util" value="244" />
  <attribute name="CPU Util" value="9517157035249" />
  <attribute name="Time Running"value="4909"/>
  <attribute name="Number of cores"value="4"/>
</cycle-end>
<allocation-satisfied id="4064" threadId="0000000001354500" bytesRequested="24" />
<af-end id="4065" timestamp="2019-07-02T23:05:44.345" threadId="0000000001354E88" success="true" />
<exclusive-end id="4066" timestamp="2019-07-02T23:05:44.345" durationms="3.446" />

<exclusive-start id="4067" timestamp="2019-07-02T23:05:44.351" intervalms="8.958">
  <response-info timems="0.032" idlems="0.030" threads="1" lastid="0000000001358100" lastname="Thread-7" />
</exclusive-start>
<af-start id="4068" threadId="0000000001360288" totalBytesRequested="40" timestamp="2019-07-02T23:05:44.351" intervalms="8.948" />
<cycle-start id="4069" type="global" contextid="0" timestamp="2019-07-02T23:05:44.351" intervalms="8.959" />
  <attribute name="GC Util" value="244" />
  <attribute name="CPU Util" value="9517157035249" />
  <attribute name="Time Running"value="4909"/>
  <attribute name="Number of cores"value="4"/>
<gc-start id="4070" type="global" contextid="4069" timestamp="2019-07-02T23:05:44.351">
  <mem-info id="4071" free="0" total="15597568" percent="0">
    <mem type="tenure" free="0" total="15597568" percent="0">
      <mem type="soa" free="0" total="15441920" percent="0" />
      <mem type="loa" free="0" total="155648" percent="0" />
    </mem>
  </mem-info>
</gc-start>
<allocation-stats totalBytes="9463528" >
  <allocated-bytes non-tlh="0" tlh="9463528" />
  <largest-consumer threadName="Thread-9" threadId="000000000135F900" bytes="3342032" />
</allocation-stats>
<gc-op id="4072" type="mark" timems="2.079" contextid="4069" timestamp="2019-07-02T23:05:44.353">
  <trace-info objectcount="67880" scancount="60300" scanbytes="2320980" />
  <finalization candidates="124" enqueued="0" />
  <ownableSynchronizers candidates="3" cleared="0" />
  <references type="soft" candidates="84" cleared="0" enqueued="0" dynamicThreshold="19" maxThreshold="32" />
  <references type="weak" candidates="774" cleared="0" enqueued="0" />
  <references type="phantom" candidates="63" cleared="0" enqueued="0" />
  <stringconstants candidates="4574" cleared="0"  />
</gc-op>
<gc-op id="4073" type="sweep" timems="0.880" contextid="4069" timestamp="2019-07-02T23:05:44.354" />
<gc-end id="4074" type="global" contextid="4069" durationms="3.247" usertimems="8.000" systemtimems="4.000" timestamp="2019-07-02T23:05:44.354" activeThreads="4">
  <mem-info id="4075" free="9393880" total="15597568" percent="60">
    <mem type="tenure" free="9393880" total="15597568" percent="60" micro-fragmented="19019" macro-fragmented="0">
      <mem type="soa" free="9393880" total="15441920" percent="60" />
      <mem type="loa" free="0" total="155648" percent="0" />
    </mem>
  </mem-info>
</gc-end>
<cycle-end id="4076" type="global" contextid="4069" timestamp="2019-07-02T23:05:44.354">
  <attribute name="GC Util" value="251" />
  <attribute name="CPU Util" value="8641241705495" />
  <attribute name="Time Running"value="4918"/>
  <attribute name="Number of cores"value="4"/>
</cycle-end>
<allocation-satisfied id="4077" threadId="000000000135F900" bytesRequested="40" />
<af-end id="4078" timestamp="2019-07-02T23:05:44.355" threadId="0000000001360288" success="true" />
<exclusive-end id="4079" timestamp="2019-07-02T23:05:44.355" durationms="3.771" />

<exclusive-start id="4080" timestamp="2019-07-02T23:05:44.361" intervalms="9.708">
  <response-info timems="0.037" idlems="0.037" threads="0" lastid="000000000135F900" lastname="Thread-9" />
</exclusive-start>
<af-start id="4081" threadId="0000000001360288" totalBytesRequested="40" timestamp="2019-07-02T23:05:44.361" intervalms="9.702" />
<cycle-start id="4082" type="global" contextid="0" timestamp="2019-07-02T23:05:44.361" intervalms="9.709" />
  <attribute name="GC Util" value="251" />
  <attribute name="CPU Util" value="8641241705495" />
  <attribute name="Time Running"value="4918"/>
  <attribute name="Number of cores"value="4"/>
<gc-start id="4083" type="global" contextid="4082" timestamp="2019-07-02T23:05:44.361">
  <mem-info id="4084" free="0" total="15597568" percent="0">
    <mem type="tenure" free="0" total="15597568" percent="0">
      <mem type="soa" free="0" total="15441920" percent="0" />
      <mem type="loa" free="0" total="155648" percent="0" />
    </mem>
  </mem-info>
</gc-start>
<allocation-stats totalBytes="9386352" >
  <allocated-bytes non-tlh="0" tlh="9386352" />
  <largest-consumer threadName="Thread-9" threadId="000000000135F900" bytes="3489008" />
</allocation-stats>
<gc-op id="4085" type="mark" timems="2.264" contextid="4082" timestamp="2019-07-02T23:05:44.363">
  <trace-info objectcount="68479" scancount="60911" scanbytes="2335340" />
  <finalization candidates="124" enqueued="0" />
  <ownableSynchronizers candidates="3" cleared="0" />
  <references type="soft" candidates="84" cleared="0" enqueued="0" dynamicThreshold="19" maxThreshold="32" />
  <references type="weak" candidates="774" cleared="0" enqueued="0" />
  <references type="phantom" candidates="63" cleared="0" enqueued="0" />
  <stringconstants candidates="4574" cleared="0"  />
</gc-op>
<gc-op id="4086" type="sweep" timems="1.060" contextid="4082" timestamp="2019-07-02T23:05:44.364" />
<heap-resize id="4087" type="expand" space="tenure" amount="1048576" count="1" timems="0.063" reason="excessive time being spent in gc" timestamp="2019-07-02T23:05:44.364" />
<gc-end id="4088" type="global" contextid="4082" durationms="3.701" usertimems="0.000" systemtimems="8.000" timestamp="2019-07-02T23:05:44.364" activeThreads="4">
  <mem-info id="4089" free="10365592" total="16646144" percent="62">
    <mem type="tenure" free="10365592" total="16646144" percent="62" micro-fragmented="77654" macro-fragmented="0">
      <mem type="soa" free="10199704" total="16480256" percent="61" />
      <mem type="loa" free="165888" total="165888" percent="100" />
    </mem>
  </mem-info>
</gc-end>
<cycle-end id="4090" type="global" contextid="4082" timestamp="2019-07-02T23:05:44.365">
  <attribute name="GC Util" value="253" />
  <attribute name="CPU Util" value="7897537301529" />
  <attribute name="Time Running"value="4928"/>
  <attribute name="Number of cores"value="4"/>
</cycle-end>
<allocation-satisfied id="4091" threadId="000000000135F900" bytesRequested="40" />
<af-end id="4092" timestamp="2019-07-02T23:05:44.365" threadId="0000000001360288" success="true" />
<exclusive-end id="4093" timestamp="2019-07-02T23:05:44.365" durationms="4.288" />

<exclusive-start id="4094" timestamp="2019-07-02T23:05:44.372" intervalms="11.039">
  <response-info timems="0.039" idlems="0.021" threads="1" lastid="000000000135BD00" lastname="Thread-10" />
</exclusive-start>
<af-start id="4095" threadId="0000000001358A88" totalBytesRequested="24" timestamp="2019-07-02T23:05:44.372" intervalms="11.046" />
<cycle-start id="4096" type="global" contextid="0" timestamp="2019-07-02T23:05:44.372" intervalms="11.076" />
  <attribute name="GC Util" value="253" />
  <attribute name="CPU Util" value="7897537301529" />
  <attribute name="Time Running"value="4928"/>
  <attribute name="Number of cores"value="4"/>
<gc-start id="4097" type="global" contextid="4096" timestamp="2019-07-02T23:05:44.372">
  <mem-info id="4098" free="165888" total="16646144" percent="0">
    <mem type="tenure" free="165888" total="16646144" percent="0">
      <mem type="soa" free="0" total="16480256" percent="0" />
      <mem type="loa" free="165888" total="165888" percent="100" />
    </mem>
  </mem-info>
</gc-start>
<allocation-stats totalBytes="10191776" >
  <allocated-bytes non-tlh="0" tlh="10191776" />
  <largest-consumer threadName="Thread-9" threadId="000000000135F900" bytes="3641984" />
</allocation-stats>
<gc-op id="4099" type="mark" timems="2.687" contextid="4096" timestamp="2019-07-02T23:05:44.375">
  <trace-info objectcount="70050" scancount="62482" scanbytes="2372508" />
  <finalization candidates="124" enqueued="0" />
  <ownableSynchronizers candidates="3" cleared="0" />
  <references type="soft" candidates="84" cleared="0" enqueued="0" dynamicThreshold="19" maxThreshold="32" />
  <references type="weak" candidates="774" cleared="0" enqueued="0" />
  <references type="phantom" candidates="63" cleared="0" enqueued="0" />
  <stringconstants candidates="4574" cleared="0"  />
</gc-op>
<gc-op id="4100" type="sweep" timems="0.907" contextid="4096" timestamp="2019-07-02T23:05:44.376" />
<gc-end id="4101" type="global" contextid="4096" durationms="3.868" usertimems="12.000" systemtimems="0.000" timestamp="2019-07-02T23:05:44.376" activeThreads="4">
  <mem-info id="4102" free="10419672" total="16646144" percent="62">
    <mem type="tenure" free="10419672" total="16646144" percent="62" micro-fragmented="39366" macro-fragmented="0">
      <mem type="soa" free="10253784" total="16480256" percent="62" />
      <mem type="loa" free="165888" total="165888" percent="100" />
    </mem>
  </mem-info>
</gc-end>
<cycle-end id="4103" type="global" contextid="4096" timestamp="2019-07-02T23:05:44.376">
  <attribute name="GC Util" value="258" />
  <attribute name="CPU Util" value="6712268601061" />
  <attribute name="Time Running"value="4940"/>
  <attribute name="Number of cores"value="4"/>
</cycle-end>
<allocation-satisfied id="4104" threadId="0000000001358100" bytesRequested="24" />
<af-end id="4105" timestamp="2019-07-02T23:05:44.376" threadId="0000000001358A88" success="true" />
<exclusive-end id="4106" timestamp="2019-07-02T23:05:44.376" durationms="4.363" />

<exclusive-start id="4107" timestamp="2019-07-02T23:05:44.382" intervalms="10.177">
  <response-info timems="0.033" idlems="0.030" threads="1" lastid="0000000001358100" lastname="Thread-7" />
</exclusive-start>
<af-start id="4108" threadId="0000000001360288" totalBytesRequested="24" timestamp="2019-07-02T23:05:44.382" intervalms="10.182" />
<cycle-start id="4109" type="global" contextid="0" timestamp="2019-07-02T23:05:44.382" intervalms="10.147" />
  <attribute name="GC Util" value="258" />
  <attribute name="CPU Util" value="6712268601061" />
  <attribute name="Time Running"value="4940"/>
  <attribute name="Number of cores"value="4"/>
<gc-start id="4110" type="global" contextid="4109" timestamp="2019-07-02T23:05:44.382">
  <mem-info id="4111" free="165888" total="16646144" percent="0">
    <mem type="tenure" free="165888" total="16646144" percent="0">
      <mem type="soa" free="0" total="16480256" percent="0" />
      <mem type="loa" free="165888" total="165888" percent="100" />
    </mem>
  </mem-info>
</gc-start>
<allocation-stats totalBytes="10243968" >
  <allocated-bytes non-tlh="23160" tlh="10220808" />
  <largest-consumer threadName="Thread-9" threadId="000000000135F900" bytes="3991864" />
</allocation-stats>
<gc-op id="4112" type="mark" timems="2.004" contextid="4109" timestamp="2019-07-02T23:05:44.384">
  <trace-info objectcount="64853" scancount="57261" scanbytes="2247972" />
  <finalization candidates="124" enqueued="0" />
  <ownableSynchronizers candidates="3" cleared="0" />
  <references type="soft" candidates="84" cleared="0" enqueued="0" dynamicThreshold="20" maxThreshold="32" />
  <references type="weak" candidates="774" cleared="0" enqueued="0" />
  <references type="phantom" candidates="63" cleared="0" enqueued="0" />
  <stringconstants candidates="4574" cleared="0"  />
</gc-op>
<gc-op id="4113" type="sweep" timems="0.904" contextid="4109" timestamp="2019-07-02T23:05:44.385" />
<gc-end id="4114" type="global" contextid="4109" durationms="3.174" usertimems="8.000" systemtimems="4.000" timestamp="2019-07-02T23:05:44.385" activeThreads="4">
  <mem-info id="4115" free="10651912" total="16646144" percent="63">
    <mem type="tenure" free="10651912" total="16646144" percent="63" micro-fragmented="118363" macro-fragmented="0">
      <mem type="soa" free="10486024" total="16480256" percent="63" />
      <mem type="loa" free="165888" total="165888" percent="100" />
    </mem>
  </mem-info>
</gc-end>
<cycle-end id="4116" type="global" contextid="4109" timestamp="2019-07-02T23:05:44.385">
  <attribute name="GC Util" value="256" />
  <attribute name="CPU Util" value="8924525260223" />
  <attribute name="Time Running"value="4949"/>
  <attribute name="Number of cores"value="4"/>
</cycle-end>
<allocation-satisfied id="4117" threadId="000000000135F900" bytesRequested="24" />
<af-end id="4118" timestamp="2019-07-02T23:05:44.386" threadId="0000000001360288" success="true" />
<exclusive-end id="4119" timestamp="2019-07-02T23:05:44.386" durationms="3.875" />

<exclusive-start id="4120" timestamp="2019-07-02T23:05:44.392" intervalms="10.598">
  <response-info timems="0.045" idlems="0.045" threads="0" lastid="000000000135BD00" lastname="Thread-10" />
</exclusive-start>
<af-start id="4121" threadId="000000000135C688" totalBytesRequested="40" timestamp="2019-07-02T23:05:44.392" intervalms="10.599" />
<cycle-start id="4122" type="global" contextid="0" timestamp="2019-07-02T23:05:44.393" intervalms="10.599" />
  <attribute name="GC Util" value="256" />
  <attribute name="CPU Util" value="8924525260223" />
  <attribute name="Time Running"value="4949"/>
  <attribute name="Number of cores"value="4"/>
<gc-start id="4123" type="global" contextid="4122" timestamp="2019-07-02T23:05:44.393">
  <mem-info id="4124" free="165888" total="16646144" percent="0">
    <mem type="tenure" free="165888" total="16646144" percent="0">
      <mem type="soa" free="0" total="16480256" percent="0" />
      <mem type="loa" free="165888" total="165888" percent="100" />
    </mem>
  </mem-info>
</gc-start>
<allocation-stats totalBytes="10517336" >
  <allocated-bytes non-tlh="0" tlh="10517336" />
  <largest-consumer threadName="Thread-9" threadId="000000000135F900" bytes="4553536" />
</allocation-stats>
<gc-op id="4125" type="mark" timems="2.077" contextid="4122" timestamp="2019-07-02T23:05:44.395">
  <trace-info objectcount="65703" scancount="58125" scanbytes="2268516" />
  <finalization candidates="124" enqueued="0" />
  <ownableSynchronizers candidates="3" cleared="0" />
  <references type="soft" candidates="84" cleared="0" enqueued="0" dynamicThreshold="20" maxThreshold="32" />
  <references type="weak" candidates="774" cleared="0" enqueued="0" />
  <references type="phantom" candidates="63" cleared="0" enqueued="0" />
  <stringconstants candidates="4574" cleared="0"  />
</gc-op>
<gc-op id="4126" type="sweep" timems="0.867" contextid="4122" timestamp="2019-07-02T23:05:44.396" />
<heap-resize id="4127" type="contract" space="tenure" amount="131072" count="1" timems="0.055" reason="excess free space following gc" timestamp="2019-07-02T23:05:44.396" />
<gc-end id="4128" type="global" contextid="4122" durationms="3.344" usertimems="8.000" systemtimems="0.000" timestamp="2019-07-02T23:05:44.396" activeThreads="4">
  <mem-info id="4129" free="10316096" total="16515072" percent="62">
    <mem type="tenure" free="10316096" total="16515072" percent="62" micro-fragmented="120223" macro-fragmented="0">
      <mem type="soa" free="10316096" total="16350208" percent="63" />
      <mem type="loa" free="0" total="164864" percent="0" />
    </mem>
  </mem-info>
</gc-end>
<cycle-end id="4130" type="global" contextid="4122" timestamp="2019-07-02T23:05:44.396">
  <attribute name="GC Util" value="250" />
  <attribute name="CPU Util" value="8640310781693" />
  <attribute name="Time Running"value="4960"/>
  <attribute name="Number of cores"value="4"/>
</cycle-end>
<allocation-satisfied id="4131" threadId="000000000135BD00" bytesRequested="40" />
<af-end id="4132" timestamp="2019-07-02T23:05:44.396" threadId="000000000135C688" success="true" />
<exclusive-end id="4133" timestamp="2019-07-02T23:05:44.396" durationms="4.097" />

<exclusive-start id="4134" timestamp="2019-07-02T23:05:44.411" intervalms="18.289">
  <response-info timems="0.214" idlems="0.190" threads="1" lastid="0000000001358100" lastname="Thread-7" />
</exclusive-start>
<af-start id="4135" threadId="000000000135C688" totalBytesRequested="24" timestamp="2019-07-02T23:05:44.411" intervalms="18.326" />
<cycle-start id="4136" type="global" contextid="0" timestamp="2019-07-02T23:05:44.411" intervalms="18.363" />
  <attribute name="GC Util" value="250" />
  <attribute name="CPU Util" value="8640310781693" />
  <attribute name="Time Running"value="4960"/>
  <attribute name="Number of cores"value="4"/>
<gc-start id="4137" type="global" contextid="4136" timestamp="2019-07-02T23:05:44.411">
  <mem-info id="4138" free="0" total="16515072" percent="0">
    <mem type="tenure" free="0" total="16515072" percent="0">
      <mem type="soa" free="0" total="16350208" percent="0" />
      <mem type="loa" free="0" total="164864" percent="0" />
    </mem>
  </mem-info>
</gc-start>
<allocation-stats totalBytes="10325416" >
  <allocated-bytes non-tlh="0" tlh="10325416" />
  <largest-consumer threadName="Thread-7" threadId="0000000001358100" bytes="9463328" />
</allocation-stats>
<gc-op id="4139" type="mark" timems="1.497" contextid="4136" timestamp="2019-07-02T23:05:44.413">
  <trace-info objectcount="66182" scancount="58608" scanbytes="2280052" />
  <finalization candidates="124" enqueued="0" />
  <ownableSynchronizers candidates="3" cleared="0" />
  <references type="soft" candidates="84" cleared="0" enqueued="0" dynamicThreshold="19" maxThreshold="32" />
  <references type="weak" candidates="774" cleared="0" enqueued="0" />
  <references type="phantom" candidates="63" cleared="0" enqueued="0" />
  <stringconstants candidates="4574" cleared="0"  />
</gc-op>
<gc-op id="4140" type="sweep" timems="0.491" contextid="4136" timestamp="2019-07-02T23:05:44.413" />
<mem-info id="4141" free="10260056" total="16515072" percent="62">
  <mem type="tenure" free="10260056" total="16515072" percent="62" micro-fragmented="116250" macro-fragmented="0">
    <mem type="soa" free="10260056" total="16350208" percent="62" />
    <mem type="loa" free="0" total="164864" percent="0" />
  </mem>
</mem-info>
<gc-op id="4142" type="compact" timems="3.987" contextid="4136" timestamp="2019-07-02T23:05:44.417">
  <compact-info movecount="26439" movebytes="1185672" reason="compact to aid heap contraction" />
</gc-op>
<heap-resize id="4143" type="contract" space="tenure" amount="131072" count="1" timems="0.089" reason="excess free space following gc" timestamp="2019-07-02T23:05:44.418" />
<gc-end id="4144" type="global" contextid="4136" durationms="6.843" usertimems="8.000" systemtimems="0.000" timestamp="2019-07-02T23:05:44.418" activeThreads="4">
  <mem-info id="4145" free="10535240" total="16384000" percent="64">
    <mem type="tenure" free="10535240" total="16384000" percent="64">
      <mem type="soa" free="10405192" total="16220160" percent="64" />
      <mem type="loa" free="130048" total="163840" percent="79" />
    </mem>
  </mem-info>
</gc-end>
<cycle-end id="4146" type="global" contextid="4136" timestamp="2019-07-02T23:05:44.418">
  <attribute name="GC Util" value="15" />
  <attribute name="CPU Util" value="28768197849143" />
  <attribute name="Time Running"value="4978"/>
  <attribute name="Number of cores"value="4"/>
</cycle-end>
<allocation-satisfied id="4147" threadId="000000000135BD00" bytesRequested="24" />
<af-end id="4148" timestamp="2019-07-02T23:05:44.418" threadId="000000000135C688" success="true" />
<exclusive-end id="4149" timestamp="2019-07-02T23:05:44.418" durationms="7.605" />

<exclusive-start id="4150" timestamp="2019-07-02T23:05:44.425" intervalms="13.896">
  <response-info timems="0.031" idlems="0.031" threads="0" lastid="000000000135F900" lastname="Thread-9" />
</exclusive-start>
<af-start id="4151" threadId="0000000001360288" totalBytesRequested="40" timestamp="2019-07-02T23:05:44.425" intervalms="13.863" />
<cycle-start id="4152" type="global" contextid="0" timestamp="2019-07-02T23:05:44.425" intervalms="13.827" />
  <attribute name="GC Util" value="15" />
  <attribute name="CPU Util" value="28768197849143" />
  <attribute name="Time Running"value="4978"/>
  <attribute name="Number of cores"value="4"/>
<gc-start id="4153" type="global" contextid="4152" timestamp="2019-07-02T23:05:44.425">
  <mem-info id="4154" free="130048" total="16384000" percent="0">
    <mem type="tenure" free="130048" total="16384000" percent="0">
      <mem type="soa" free="0" total="16220160" percent="0" />
      <mem type="loa" free="130048" total="163840" percent="79" />
    </mem>
  </mem-info>
</gc-start>
<allocation-stats totalBytes="10469224" >
  <allocated-bytes non-tlh="0" tlh="10469224" />
  <largest-consumer threadName="Thread-9" threadId="000000000135F900" bytes="4423024" />
</allocation-stats>
<gc-op id="4155" type="mark" timems="2.075" contextid="4152" timestamp="2019-07-02T23:05:44.427">
  <trace-info objectcount="66911" scancount="59328" scanbytes="2297468" />
  <finalization candidates="124" enqueued="0" />
  <ownableSynchronizers candidates="3" cleared="0" />
  <references type="soft" candidates="84" cleared="0" enqueued="0" dynamicThreshold="20" maxThreshold="32" />
  <references type="weak" candidates="774" cleared="0" enqueued="0" />
  <references type="phantom" candidates="63" cleared="0" enqueued="0" />
  <stringconstants candidates="4574" cleared="0"  />
</gc-op>
<gc-op id="4156" type="sweep" timems="0.708" contextid="4152" timestamp="2019-07-02T23:05:44.428" />
<heap-resize id="4157" type="contract" space="tenure" amount="131072" count="1" timems="0.049" reason="excess free space following gc" timestamp="2019-07-02T23:05:44.428" />
<gc-end id="4158" type="global" contextid="4152" durationms="3.194" usertimems="4.000" systemtimems="8.000" timestamp="2019-07-02T23:05:44.428" activeThreads="4">
  <mem-info id="4159" free="10377000" total="16252928" percent="63">
    <mem type="tenure" free="10377000" total="16252928" percent="63" micro-fragmented="17477" macro-fragmented="0">
      <mem type="soa" free="10307600" total="16091136" percent="64" />
      <mem type="loa" free="69400" total="161792" percent="42" />
    </mem>
  </mem-info>
</gc-end>
<cycle-end id="4160" type="global" contextid="4152" timestamp="2019-07-02T23:05:44.428">
  <attribute name="GC Util" value="250" />
  <attribute name="CPU Util" value="8663522118297" />
  <attribute name="Time Running"value="4992"/>
  <attribute name="Number of cores"value="4"/>
</cycle-end>
<allocation-satisfied id="4161" threadId="000000000135F900" bytesRequested="40" />
<af-end id="4162" timestamp="2019-07-02T23:05:44.428" threadId="0000000001360288" success="true" />
<exclusive-end id="4163" timestamp="2019-07-02T23:05:44.428" durationms="3.679" />

<exclusive-start id="4164" timestamp="2019-07-02T23:05:44.434" intervalms="9.765">
  <response-info timems="0.028" idlems="0.028" threads="0" lastid="000000000135BD00" lastname="Thread-10" />
</exclusive-start>
<af-start id="4165" threadId="000000000135C688" totalBytesRequested="40" timestamp="2019-07-02T23:05:44.434" intervalms="9.743" />
<cycle-start id="4166" type="global" contextid="0" timestamp="2019-07-02T23:05:44.434" intervalms="9.741" />
  <attribute name="GC Util" value="250" />
  <attribute name="CPU Util" value="8663522118297" />
  <attribute name="Time Running"value="4992"/>
  <attribute name="Number of cores"value="4"/>
<gc-start id="4167" type="global" contextid="4166" timestamp="2019-07-02T23:05:44.435">
  <mem-info id="4168" free="69400" total="16252928" percent="0">
    <mem type="tenure" free="69400" total="16252928" percent="0">
      <mem type="soa" free="0" total="16091136" percent="0" />
      <mem type="loa" free="69400" total="161792" percent="42" />
    </mem>
  </mem-info>
</gc-start>
<allocation-stats totalBytes="10307424" >
  <allocated-bytes non-tlh="0" tlh="10307424" />
  <largest-consumer threadName="Thread-9" threadId="000000000135F900" bytes="4257208" />
</allocation-stats>
<gc-op id="4169" type="mark" timems="2.115" contextid="4166" timestamp="2019-07-02T23:05:44.437">
  <trace-info objectcount="67551" scancount="59982" scanbytes="2312948" />
  <finalization candidates="124" enqueued="0" />
  <ownableSynchronizers candidates="3" cleared="0" />
  <references type="soft" candidates="84" cleared="0" enqueued="0" dynamicThreshold="20" maxThreshold="32" />
  <references type="weak" candidates="774" cleared="0" enqueued="0" />
  <references type="phantom" candidates="63" cleared="0" enqueued="0" />
  <stringconstants candidates="4574" cleared="0"  />
</gc-op>
<gc-op id="4170" type="sweep" timems="0.754" contextid="4166" timestamp="2019-07-02T23:05:44.438" />
<heap-resize id="4171" type="contract" space="tenure" amount="131072" count="1" timems="0.085" reason="excess free space following gc" timestamp="2019-07-02T23:05:44.438" />
<gc-end id="4172" type="global" contextid="4166" durationms="3.399" usertimems="8.000" systemtimems="4.000" timestamp="2019-07-02T23:05:44.438" activeThreads="4">
  <mem-info id="4173" free="10164200" total="16121856" percent="63">
    <mem type="tenure" free="10164200" total="16121856" percent="63" micro-fragmented="8729" macro-fragmented="0">
      <mem type="soa" free="10164200" total="15961088" percent="63" />
      <mem type="loa" free="0" total="160768" percent="0" />
    </mem>
  </mem-info>
</gc-end>
<cycle-end id="4174" type="global" contextid="4166" timestamp="2019-07-02T23:05:44.438">
  <attribute name="GC Util" value="241" />
  <attribute name="CPU Util" value="8469229381243" />
  <attribute name="Time Running"value="5002"/>
  <attribute name="Number of cores"value="4"/>
</cycle-end>
<allocation-satisfied id="4175" threadId="000000000135BD00" bytesRequested="40" />
<af-end id="4176" timestamp="2019-07-02T23:05:44.438" threadId="000000000135C688" success="true" />
<exclusive-end id="4177" timestamp="2019-07-02T23:05:44.438" durationms="3.847" />

<exclusive-start id="4178" timestamp="2019-07-02T23:05:44.446" intervalms="11.441">
  <response-info timems="0.027" idlems="0.027" threads="0" lastid="0000000001358100" lastname="Thread-7" />
</exclusive-start>
<af-start id="4179" threadId="0000000001358A88" totalBytesRequested="40" timestamp="2019-07-02T23:05:44.446" intervalms="11.436" />
<cycle-start id="4180" type="global" contextid="0" timestamp="2019-07-02T23:05:44.446" intervalms="11.431" />
  <attribute name="GC Util" value="241" />
  <attribute name="CPU Util" value="8469229381243" />
  <attribute name="Time Running"value="5002"/>
  <attribute name="Number of cores"value="4"/>
<gc-start id="4181" type="global" contextid="4180" timestamp="2019-07-02T23:05:44.446">
  <mem-info id="4182" free="0" total="16121856" percent="0">
    <mem type="tenure" free="0" total="16121856" percent="0">
      <mem type="soa" free="0" total="15961088" percent="0" />
      <mem type="loa" free="0" total="160768" percent="0" />
    </mem>
  </mem-info>
</gc-start>
<allocation-stats totalBytes="10163040" >
  <allocated-bytes non-tlh="0" tlh="10163040" />
  <largest-consumer threadName="Thread-7" threadId="0000000001358100" bytes="5269520" />
</allocation-stats>
<gc-op id="4183" type="mark" timems="2.018" contextid="4180" timestamp="2019-07-02T23:05:44.448">
  <trace-info objectcount="68172" scancount="60602" scanbytes="2327868" />
  <finalization candidates="124" enqueued="0" />
  <ownableSynchronizers candidates="3" cleared="0" />
  <references type="soft" candidates="84" cleared="0" enqueued="0" dynamicThreshold="20" maxThreshold="32" />
  <references type="weak" candidates="774" cleared="0" enqueued="0" />
  <references type="phantom" candidates="63" cleared="0" enqueued="0" />
  <stringconstants candidates="4574" cleared="0"  />
</gc-op>
<gc-op id="4184" type="sweep" timems="0.765" contextid="4180" timestamp="2019-07-02T23:05:44.449" />
<mem-info id="4185" free="10112120" total="16121856" percent="62">
  <mem type="tenure" free="10112120" total="16121856" percent="62" micro-fragmented="7975" macro-fragmented="0">
    <mem type="soa" free="10112120" total="15961088" percent="63" />
    <mem type="loa" free="0" total="160768" percent="0" />
  </mem>
</mem-info>
<gc-op id="4186" type="compact" timems="4.955" contextid="4180" timestamp="2019-07-02T23:05:44.454">
  <compact-info movecount="9108" movebytes="273080" reason="compact to aid heap contraction" />
</gc-op>
<heap-resize id="4187" type="contract" space="tenure" amount="131072" count="1" timems="0.086" reason="excess free space following gc" timestamp="2019-07-02T23:05:44.454" />
<gc-end id="4188" type="global" contextid="4180" durationms="8.356" usertimems="20.000" systemtimems="4.000" timestamp="2019-07-02T23:05:44.454" activeThreads="4">
  <mem-info id="4189" free="10098304" total="15990784" percent="63">
    <mem type="tenure" free="10098304" total="15990784" percent="63">
      <mem type="soa" free="9968256" total="15831040" percent="62" />
      <mem type="loa" free="130048" total="159744" percent="81" />
    </mem>
  </mem-info>
</gc-end>
<cycle-end id="4190" type="global" contextid="4180" timestamp="2019-07-02T23:05:44.454">
  <attribute name="GC Util" value="172" />
  <attribute name="CPU Util" value="21218201669573" />
  <attribute name="Time Running"value="5014"/>
  <attribute name="Number of cores"value="4"/>
</cycle-end>
<allocation-satisfied id="4191" threadId="0000000001358100" bytesRequested="40" />
<af-end id="4192" timestamp="2019-07-02T23:05:44.455" threadId="0000000001358A88" success="true" />
<exclusive-end id="4193" timestamp="2019-07-02T23:05:44.455" durationms="8.876" />

<exclusive-start id="4194" timestamp="2019-07-02T23:05:44.460" intervalms="14.390">
  <response-info timems="0.028" idlems="0.028" threads="0" lastid="0000000001358100" lastname="Thread-7" />
</exclusive-start>
<af-start id="4195" threadId="0000000001358A88" totalBytesRequested="40" timestamp="2019-07-02T23:05:44.460" intervalms="14.385" />
<cycle-start id="4196" type="global" contextid="0" timestamp="2019-07-02T23:05:44.460" intervalms="14.385" />
  <attribute name="GC Util" value="172" />
  <attribute name="CPU Util" value="21218201669573" />
  <attribute name="Time Running"value="5014"/>
  <attribute name="Number of cores"value="4"/>
<gc-start id="4197" type="global" contextid="4196" timestamp="2019-07-02T23:05:44.460">
  <mem-info id="4198" free="130048" total="15990784" percent="0">
    <mem type="tenure" free="130048" total="15990784" percent="0">
      <mem type="soa" free="0" total="15831040" percent="0" />
      <mem type="loa" free="130048" total="159744" percent="81" />
    </mem>
  </mem-info>
</gc-start>
<allocation-stats totalBytes="10032208" >
  <allocated-bytes non-tlh="0" tlh="10032208" />
  <largest-consumer threadName="Thread-9" threadId="000000000135F900" bytes="3898880" />
</allocation-stats>
<gc-op id="4199" type="mark" timems="2.017" contextid="4196" timestamp="2019-07-02T23:05:44.462">
  <trace-info objectcount="68901" scancount="61333" scanbytes="2345364" />
  <finalization candidates="124" enqueued="0" />
  <ownableSynchronizers candidates="3" cleared="0" />
  <references type="soft" candidates="84" cleared="0" enqueued="0" dynamicThreshold="20" maxThreshold="32" />
  <references type="weak" candidates="774" cleared="0" enqueued="0" />
  <references type="phantom" candidates="63" cleared="0" enqueued="0" />
  <stringconstants candidates="4574" cleared="0"  />
</gc-op>
<gc-op id="4200" type="sweep" timems="0.709" contextid="4196" timestamp="2019-07-02T23:05:44.463" />
<heap-resize id="4201" type="contract" space="tenure" amount="131072" count="1" timems="0.047" reason="excess free space following gc" timestamp="2019-07-02T23:05:44.463" />
<gc-end id="4202" type="global" contextid="4196" durationms="3.079" usertimems="8.000" systemtimems="0.000" timestamp="2019-07-02T23:05:44.463" activeThreads="4">
  <mem-info id="4203" free="9879744" total="15859712" percent="62">
    <mem type="tenure" free="9879744" total="15859712" percent="62" micro-fragmented="10019" macro-fragmented="0">
      <mem type="soa" free="9879744" total="15702016" percent="62" />
      <mem type="loa" free="0" total="157696" percent="0" />
    </mem>
  </mem-info>
</gc-end>
<cycle-end id="4204" type="global" contextid="4196" timestamp="2019-07-02T23:05:44.463">
  <attribute name="GC Util" value="252" />
  <attribute name="CPU Util" value="8896033464009" />
  <attribute name="Time Running"value="5027"/>
  <attribute name="Number of cores"value="4"/>
</cycle-end>
<allocation-satisfied id="4205" threadId="0000000001358100" bytesRequested="40" />
<af-end id="4206" timestamp="2019-07-02T23:05:44.464" threadId="0000000001358A88" success="true" />
<exclusive-end id="4207" timestamp="2019-07-02T23:05:44.464" durationms="3.510" />

<exclusive-start id="4208" timestamp="2019-07-02T23:05:44.469" intervalms="8.619">
  <response-info timems="0.036" idlems="0.036" threads="0" lastid="000000000135BD00" lastname="Thread-10" />
</exclusive-start>
<af-start id="4209" threadId="000000000135C688" totalBytesRequested="40" timestamp="2019-07-02T23:05:44.469" intervalms="8.614" />
<cycle-start id="4210" type="global" contextid="0" timestamp="2019-07-02T23:05:44.469" intervalms="8.603" />
  <attribute name="GC Util" value="252" />
  <attribute name="CPU Util" value="8896033464009" />
  <attribute name="Time Running"value="5027"/>
  <attribute name="Number of cores"value="4"/>
<gc-start id="4211" type="global" contextid="4210" timestamp="2019-07-02T23:05:44.469">
  <mem-info id="4212" free="0" total="15859712" percent="0">
    <mem type="tenure" free="0" total="15859712" percent="0">
      <mem type="soa" free="0" total="15702016" percent="0" />
      <mem type="loa" free="0" total="157696" percent="0" />
    </mem>
  </mem-info>
</gc-start>
<allocation-stats totalBytes="9879840" >
  <allocated-bytes non-tlh="0" tlh="9879840" />
  <largest-consumer threadName="Thread-7" threadId="0000000001358100" bytes="3560112" />
</allocation-stats>
<gc-op id="4213" type="mark" timems="2.107" contextid="4210" timestamp="2019-07-02T23:05:44.471">
  <trace-info objectcount="69557" scancount="61975" scanbytes="2360908" />
  <finalization candidates="124" enqueued="0" />
  <ownableSynchronizers candidates="3" cleared="0" />
  <references type="soft" candidates="84" cleared="0" enqueued="0" dynamicThreshold="19" maxThreshold="32" />
  <references type="weak" candidates="774" cleared="0" enqueued="0" />
  <references type="phantom" candidates="63" cleared="0" enqueued="0" />
  <stringconstants candidates="4574" cleared="0"  />
</gc-op>
<gc-op id="4214" type="sweep" timems="0.757" contextid="4210" timestamp="2019-07-02T23:05:44.472" />
<mem-info id="4215" free="9838368" total="15859712" percent="62">
  <mem type="tenure" free="9838368" total="15859712" percent="62" micro-fragmented="8998" macro-fragmented="0">
    <mem type="soa" free="9838368" total="15702016" percent="62" />
    <mem type="loa" free="0" total="157696" percent="0" />
  </mem>
</mem-info>
<gc-op id="4216" type="compact" timems="4.670" contextid="4210" timestamp="2019-07-02T23:05:44.477">
  <compact-info movecount="3602" movebytes="87936" reason="compact to aid heap contraction" />
</gc-op>
<heap-resize id="4217" type="contract" space="tenure" amount="131072" count="1" timems="0.038" reason="excess free space following gc" timestamp="2019-07-02T23:05:44.477" />
<gc-end id="4218" type="global" contextid="4210" durationms="7.967" usertimems="24.000" systemtimems="0.000" timestamp="2019-07-02T23:05:44.477" activeThreads="4">
  <mem-info id="4219" free="9806192" total="15728640" percent="62">
    <mem type="tenure" free="9806192" total="15728640" percent="62">
      <mem type="soa" free="9676144" total="15571968" percent="62" />
      <mem type="loa" free="130048" total="156672" percent="83" />
    </mem>
  </mem-info>
</gc-end>
<cycle-end id="4220" type="global" contextid="4210" timestamp="2019-07-02T23:05:44.477">
  <attribute name="GC Util" value="174" />
  <attribute name="CPU Util" value="21422699550543" />
  <attribute name="Time Running"value="5037"/>
  <attribute name="Number of cores"value="4"/>
</cycle-end>
<allocation-satisfied id="4221" threadId="000000000135BD00" bytesRequested="40" />
<af-end id="4222" timestamp="2019-07-02T23:05:44.477" threadId="000000000135C688" success="true" />
<exclusive-end id="4223" timestamp="2019-07-02T23:05:44.477" durationms="8.318" />

<exclusive-start id="4224" timestamp="2019-07-02T23:05:44.486" intervalms="17.058">
  <response-info timems="0.093" idlems="0.093" threads="0" lastid="0000000001358100" lastname="Thread-7" />
</exclusive-start>
<af-start id="4225" threadId="0000000001358A88" totalBytesRequested="40" timestamp="2019-07-02T23:05:44.486" intervalms="17.085" />
<cycle-start id="4226" type="global" contextid="0" timestamp="2019-07-02T23:05:44.486" intervalms="17.102" />
  <attribute name="GC Util" value="174" />
  <attribute name="CPU Util" value="21422699550543" />
  <attribute name="Time Running"value="5037"/>
  <attribute name="Number of cores"value="4"/>
<gc-start id="4227" type="global" contextid="4226" timestamp="2019-07-02T23:05:44.486">
  <mem-info id="4228" free="130048" total="15728640" percent="0">
    <mem type="tenure" free="130048" total="15728640" percent="0">
      <mem type="soa" free="0" total="15571968" percent="0" />
      <mem type="loa" free="130048" total="156672" percent="83" />
    </mem>
  </mem-info>
</gc-start>
<allocation-stats totalBytes="9741120" >
  <allocated-bytes non-tlh="0" tlh="9741120" />
  <largest-consumer threadName="Thread-7" threadId="0000000001358100" bytes="6054856" />
</allocation-stats>
<gc-op id="4229" type="mark" timems="2.263" contextid="4226" timestamp="2019-07-02T23:05:44.488">
  <trace-info objectcount="70054" scancount="62478" scanbytes="2372988" />
  <finalization candidates="124" enqueued="0" />
  <ownableSynchronizers candidates="3" cleared="0" />
  <references type="soft" candidates="84" cleared="0" enqueued="0" dynamicThreshold="19" maxThreshold="32" />
  <references type="weak" candidates="774" cleared="0" enqueued="0" />
  <references type="phantom" candidates="63" cleared="0" enqueued="0" />
  <stringconstants candidates="4574" cleared="0"  />
</gc-op>
<gc-op id="4230" type="sweep" timems="0.779" contextid="4226" timestamp="2019-07-02T23:05:44.489" />
<heap-resize id="4231" type="contract" space="tenure" amount="131072" count="1" timems="0.049" reason="excess free space following gc" timestamp="2019-07-02T23:05:44.489" />
<gc-end id="4232" type="global" contextid="4226" durationms="3.461" usertimems="8.000" systemtimems="4.000" timestamp="2019-07-02T23:05:44.490" activeThreads="4">
  <mem-info id="4233" free="9597864" total="15597568" percent="61">
    <mem type="tenure" free="9597864" total="15597568" percent="61" micro-fragmented="6666" macro-fragmented="0">
      <mem type="soa" free="9597864" total="15441920" percent="62" />
      <mem type="loa" free="0" total="155648" percent="0" />
    </mem>
  </mem-info>
</gc-end>
<cycle-end id="4234" type="global" contextid="4226" timestamp="2019-07-02T23:05:44.490">
  <attribute name="GC Util" value="251" />
  <attribute name="CPU Util" value="7950713177003" />
  <attribute name="Time Running"value="5053"/>
  <attribute name="Number of cores"value="4"/>
</cycle-end>
<allocation-satisfied id="4235" threadId="0000000001358100" bytesRequested="40" />
<af-end id="4236" timestamp="2019-07-02T23:05:44.490" threadId="0000000001358A88" success="true" />
<exclusive-end id="4237" timestamp="2019-07-02T23:05:44.490" durationms="3.917" />

<exclusive-start id="4238" timestamp="2019-07-02T23:05:44.495" intervalms="8.811">
  <response-info timems="0.029" idlems="0.029" threads="0" lastid="0000000001358100" lastname="Thread-7" />
</exclusive-start>
<af-start id="4239" threadId="0000000001358A88" totalBytesRequested="40" timestamp="2019-07-02T23:05:44.495" intervalms="8.797" />
<cycle-start id="4240" type="global" contextid="0" timestamp="2019-07-02T23:05:44.495" intervalms="8.789" />
  <attribute name="GC Util" value="251" />
  <attribute name="CPU Util" value="7950713177003" />
  <attribute name="Time Running"value="5053"/>
  <attribute name="Number of cores"value="4"/>
<gc-start id="4241" type="global" contextid="4240" timestamp="2019-07-02T23:05:44.495">
  <mem-info id="4242" free="0" total="15597568" percent="0">
    <mem type="tenure" free="0" total="15597568" percent="0">
      <mem type="soa" free="0" total="15441920" percent="0" />
      <mem type="loa" free="0" total="155648" percent="0" />
    </mem>
  </mem-info>
</gc-start>
<allocation-stats totalBytes="9598664" >
  <allocated-bytes non-tlh="0" tlh="9598664" />
  <largest-consumer threadName="Thread-7" threadId="0000000001358100" bytes="3468760" />
</allocation-stats>
<gc-op id="4243" type="mark" timems="2.101" contextid="4240" timestamp="2019-07-02T23:05:44.497">
  <trace-info objectcount="70627" scancount="63037" scanbytes="2386740" />
  <finalization candidates="124" enqueued="0" />
  <ownableSynchronizers candidates="3" cleared="0" />
  <references type="soft" candidates="84" cleared="0" enqueued="0" dynamicThreshold="19" maxThreshold="32" />
  <references type="weak" candidates="774" cleared="0" enqueued="0" />
  <references type="phantom" candidates="63" cleared="0" enqueued="0" />
  <stringconstants candidates="4574" cleared="0"  />
</gc-op>
<gc-op id="4244" type="sweep" timems="0.754" contextid="4240" timestamp="2019-07-02T23:05:44.498" />
<gc-end id="4245" type="global" contextid="4240" durationms="3.121" usertimems="12.000" systemtimems="0.000" timestamp="2019-07-02T23:05:44.498" activeThreads="4">
  <mem-info id="4246" free="9556008" total="15597568" percent="61">
    <mem type="tenure" free="9556008" total="15597568" percent="61" micro-fragmented="8710" macro-fragmented="0">
      <mem type="soa" free="9556008" total="15441920" percent="61" />
      <mem type="loa" free="0" total="155648" percent="0" />
    </mem>
  </mem-info>
</gc-end>
<cycle-end id="4247" type="global" contextid="4240" timestamp="2019-07-02T23:05:44.498">
  <attribute name="GC Util" value="253" />
  <attribute name="CPU Util" value="8519373481636" />
  <attribute name="Time Running"value="5062"/>
  <attribute name="Number of cores"value="4"/>
</cycle-end>
<allocation-satisfied id="4248" threadId="0000000001358100" bytesRequested="40" />
<af-end id="4249" timestamp="2019-07-02T23:05:44.498" threadId="0000000001358A88" success="true" />
<exclusive-end id="4250" timestamp="2019-07-02T23:05:44.498" durationms="3.556" />

<exclusive-start id="4251" timestamp="2019-07-02T23:05:44.504" intervalms="8.978">
  <response-info timems="0.034" idlems="0.034" threads="0" lastid="0000000001354500" lastname="Thread-8" />
</exclusive-start>
<af-start id="4252" threadId="0000000001354E88" totalBytesRequested="40" timestamp="2019-07-02T23:05:44.504" intervalms="8.973" />
<cycle-start id="4253" type="global" contextid="0" timestamp="2019-07-02T23:05:44.504" intervalms="8.966" />
  <attribute name="GC Util" value="253" />
  <attribute name="CPU Util" value="8519373481636" />
  <attribute name="Time Running"value="5062"/>
  <attribute name="Number of cores"value="4"/>
<gc-start id="4254" type="global" contextid="4253" timestamp="2019-07-02T23:05:44.504">
  <mem-info id="4255" free="0" total="15597568" percent="0">
    <mem type="tenure" free="0" total="15597568" percent="0">
      <mem type="soa" free="0" total="15441920" percent="0" />
      <mem type="loa" free="0" total="155648" percent="0" />
    </mem>
  </mem-info>
</gc-start>
<allocation-stats totalBytes="9555472" >
  <allocated-bytes non-tlh="0" tlh="9555472" />
  <largest-consumer threadName="Thread-9" threadId="000000000135F900" bytes="3722952" />
</allocation-stats>
<gc-op id="4256" type="mark" timems="1.679" contextid="4253" timestamp="2019-07-02T23:05:44.506">
  <trace-info objectcount="71389" scancount="63818" scanbytes="2404956" />
  <finalization candidates="124" enqueued="0" />
  <ownableSynchronizers candidates="3" cleared="0" />
  <references type="soft" candidates="84" cleared="0" enqueued="0" dynamicThreshold="19" maxThreshold="32" />
  <references type="weak" candidates="774" cleared="0" enqueued="0" />
  <references type="phantom" candidates="63" cleared="0" enqueued="0" />
  <stringconstants candidates="4574" cleared="0"  />
</gc-op>
<gc-op id="4257" type="sweep" timems="0.307" contextid="4253" timestamp="2019-07-02T23:05:44.506" />
<gc-end id="4258" type="global" contextid="4253" durationms="2.237" usertimems="8.000" systemtimems="0.000" timestamp="2019-07-02T23:05:44.506" activeThreads="4">
  <mem-info id="4259" free="9516200" total="15597568" percent="61">
    <mem type="tenure" free="9516200" total="15597568" percent="61" micro-fragmented="8742" macro-fragmented="0">
      <mem type="soa" free="9516200" total="15441920" percent="61" />
      <mem type="loa" free="0" total="155648" percent="0" />
    </mem>
  </mem-info>
</gc-end>
<cycle-end id="4260" type="global" contextid="4253" timestamp="2019-07-02T23:05:44.506">
  <attribute name="GC Util" value="245" />
  <attribute name="CPU Util" value="10558934589418" />
  <attribute name="Time Running"value="5070"/>
  <attribute name="Number of cores"value="4"/>
</cycle-end>
<allocation-satisfied id="4261" threadId="0000000001354500" bytesRequested="40" />
<af-end id="4262" timestamp="2019-07-02T23:05:44.506" threadId="0000000001354E88" success="true" />
<exclusive-end id="4263" timestamp="2019-07-02T23:05:44.506" durationms="2.679" />

<exclusive-start id="4264" timestamp="2019-07-02T23:05:44.511" intervalms="7.506">
  <response-info timems="0.044" idlems="0.044" threads="0" lastid="000000000135F900" lastname="Thread-9" />
</exclusive-start>
<af-start id="4265" threadId="0000000001360288" totalBytesRequested="24" timestamp="2019-07-02T23:05:44.511" intervalms="7.510" />
<cycle-start id="4266" type="global" contextid="0" timestamp="2019-07-02T23:05:44.511" intervalms="7.523" />
  <attribute name="GC Util" value="245" />
  <attribute name="CPU Util" value="10558934589418" />
  <attribute name="Time Running"value="5070"/>
  <attribute name="Number of cores"value="4"/>
<gc-start id="4267" type="global" contextid="4266" timestamp="2019-07-02T23:05:44.511">
  <mem-info id="4268" free="0" total="15597568" percent="0">
    <mem type="tenure" free="0" total="15597568" percent="0">
      <mem type="soa" free="0" total="15441920" percent="0" />
      <mem type="loa" free="0" total="155648" percent="0" />
    </mem>
  </mem-info>
</gc-start>
<allocation-stats totalBytes="9514360" >
  <allocated-bytes non-tlh="0" tlh="9514360" />
  <largest-consumer threadName="Thread-9" threadId="000000000135F900" bytes="3285344" />
</allocation-stats>
<gc-op id="4269" type="mark" timems="2.107" contextid="4266" timestamp="2019-07-02T23:05:44.514">
  <trace-info objectcount="71980" scancount="64410" scanbytes="2419052" />
  <finalization candidates="124" enqueued="0" />
  <ownableSynchronizers candidates="3" cleared="0" />
  <references type="soft" candidates="84" cleared="0" enqueued="0" dynamicThreshold="19" maxThreshold="32" />
  <references type="weak" candidates="774" cleared="0" enqueued="0" />
  <references type="phantom" candidates="63" cleared="0" enqueued="0" />
  <stringconstants candidates="4574" cleared="0"  />
</gc-op>
<gc-op id="4270" type="sweep" timems="0.827" contextid="4266" timestamp="2019-07-02T23:05:44.514" />
<gc-end id="4271" type="global" contextid="4266" durationms="3.286" usertimems="0.000" systemtimems="8.000" timestamp="2019-07-02T23:05:44.515" activeThreads="4">
  <mem-info id="4272" free="9470176" total="15597568" percent="60">
    <mem type="tenure" free="9470176" total="15597568" percent="60" micro-fragmented="12579" macro-fragmented="0">
      <mem type="soa" free="9470176" total="15441920" percent="61" />
      <mem type="loa" free="0" total="155648" percent="0" />
    </mem>
  </mem-info>
</gc-end>
<cycle-end id="4273" type="global" contextid="4266" timestamp="2019-07-02T23:05:44.515">
  <attribute name="GC Util" value="248" />
  <attribute name="CPU Util" value="8405706781026" />
  <attribute name="Time Running"value="5078"/>
  <attribute name="Number of cores"value="4"/>
</cycle-end>
<allocation-satisfied id="4274" threadId="000000000135F900" bytesRequested="24" />
<af-end id="4275" timestamp="2019-07-02T23:05:44.515" threadId="0000000001360288" success="true" />
<exclusive-end id="4276" timestamp="2019-07-02T23:05:44.515" durationms="4.025" />

<exclusive-start id="4277" timestamp="2019-07-02T23:05:44.520" intervalms="8.526">
  <response-info timems="0.037" idlems="0.037" threads="0" lastid="000000000135F900" lastname="Thread-9" />
</exclusive-start>
<af-start id="4278" threadId="0000000001360288" totalBytesRequested="40" timestamp="2019-07-02T23:05:44.520" intervalms="8.523" />
<cycle-start id="4279" type="global" contextid="0" timestamp="2019-07-02T23:05:44.520" intervalms="8.520" />
  <attribute name="GC Util" value="248" />
  <attribute name="CPU Util" value="8405706781026" />
  <attribute name="Time Running"value="5078"/>
  <attribute name="Number of cores"value="4"/>
<gc-start id="4280" type="global" contextid="4279" timestamp="2019-07-02T23:05:44.520">
  <mem-info id="4281" free="0" total="15597568" percent="0">
    <mem type="tenure" free="0" total="15597568" percent="0">
      <mem type="soa" free="0" total="15441920" percent="0" />
      <mem type="loa" free="0" total="155648" percent="0" />
    </mem>
  </mem-info>
</gc-start>
<allocation-stats totalBytes="9466896" >
  <allocated-bytes non-tlh="0" tlh="9466896" />
  <largest-consumer threadName="Thread-9" threadId="000000000135F900" bytes="2994240" />
</allocation-stats>
<gc-op id="4282" type="mark" timems="2.239" contextid="4279" timestamp="2019-07-02T23:05:44.522">
  <trace-info objectcount="72872" scancount="65299" scanbytes="2440564" />
  <finalization candidates="124" enqueued="0" />
  <ownableSynchronizers candidates="3" cleared="0" />
  <references type="soft" candidates="84" cleared="0" enqueued="0" dynamicThreshold="19" maxThreshold="32" />
  <references type="weak" candidates="774" cleared="0" enqueued="0" />
  <references type="phantom" candidates="63" cleared="0" enqueued="0" />
  <stringconstants candidates="4574" cleared="0"  />
</gc-op>
<gc-op id="4283" type="sweep" timems="0.800" contextid="4279" timestamp="2019-07-02T23:05:44.523" />
<gc-end id="4284" type="global" contextid="4279" durationms="3.297" usertimems="12.000" systemtimems="0.000" timestamp="2019-07-02T23:05:44.523" activeThreads="4">
  <mem-info id="4285" free="9402512" total="15597568" percent="60">
    <mem type="tenure" free="9402512" total="15597568" percent="60" micro-fragmented="48059" macro-fragmented="0">
      <mem type="soa" free="9402512" total="15441920" percent="60" />
      <mem type="loa" free="0" total="155648" percent="0" />
    </mem>
  </mem-info>
</gc-end>
<cycle-end id="4286" type="global" contextid="4279" timestamp="2019-07-02T23:05:44.523">
  <attribute name="GC Util" value="261" />
  <attribute name="CPU Util" value="8007438385662" />
  <attribute name="Time Running"value="5087"/>
  <attribute name="Number of cores"value="4"/>
</cycle-end>
<allocation-satisfied id="4287" threadId="000000000135F900" bytesRequested="40" />
<af-end id="4288" timestamp="2019-07-02T23:05:44.523" threadId="0000000001360288" success="true" />
<exclusive-end id="4289" timestamp="2019-07-02T23:05:44.523" durationms="3.858" />

<exclusive-start id="4290" timestamp="2019-07-02T23:05:44.528" intervalms="8.280">
  <response-info timems="0.030" idlems="0.029" threads="2" lastid="000000000135BD00" lastname="Thread-10" />
</exclusive-start>
<af-start id="4291" threadId="0000000001358A88" totalBytesRequested="40" timestamp="2019-07-02T23:05:44.528" intervalms="8.277" />
<cycle-start id="4292" type="global" contextid="0" timestamp="2019-07-02T23:05:44.528" intervalms="8.315" />
  <attribute name="GC Util" value="261" />
  <attribute name="CPU Util" value="8007438385662" />
  <attribute name="Time Running"value="5087"/>
  <attribute name="Number of cores"value="4"/>
<gc-start id="4293" type="global" contextid="4292" timestamp="2019-07-02T23:05:44.528">
  <mem-info id="4294" free="0" total="15597568" percent="0">
    <mem type="tenure" free="0" total="15597568" percent="0">
      <mem type="soa" free="0" total="15441920" percent="0" />
      <mem type="loa" free="0" total="155648" percent="0" />
    </mem>
  </mem-info>
</gc-start>
<allocation-stats totalBytes="9397512" >
  <allocated-bytes non-tlh="0" tlh="9397512" />
  <largest-consumer threadName="Thread-9" threadId="000000000135F900" bytes="2921736" />
</allocation-stats>
<gc-op id="4295" type="mark" timems="2.819" contextid="4292" timestamp="2019-07-02T23:05:44.531">
  <trace-info objectcount="73602" scancount="66026" scanbytes="2457940" />
  <finalization candidates="124" enqueued="0" />
  <ownableSynchronizers candidates="3" cleared="0" />
  <references type="soft" candidates="84" cleared="0" enqueued="0" dynamicThreshold="19" maxThreshold="32" />
  <references type="weak" candidates="774" cleared="0" enqueued="0" />
  <references type="phantom" candidates="63" cleared="0" enqueued="0" />
  <stringconstants candidates="4574" cleared="0"  />
</gc-op>
<gc-op id="4296" type="sweep" timems="0.842" contextid="4292" timestamp="2019-07-02T23:05:44.532" />
<heap-resize id="4297" type="expand" space="tenure" amount="1048576" count="1" timems="0.050" reason="excessive time being spent in gc" timestamp="2019-07-02T23:05:44.532" />
<gc-end id="4298" type="global" contextid="4292" durationms="4.210" usertimems="8.000" systemtimems="0.000" timestamp="2019-07-02T23:05:44.532" activeThreads="4">
  <mem-info id="4299" free="10398064" total="16646144" percent="62">
    <mem type="tenure" free="10398064" total="16646144" percent="62" micro-fragmented="14902" macro-fragmented="0">
      <mem type="soa" free="10232176" total="16480256" percent="62" />
      <mem type="loa" free="165888" total="165888" percent="100" />
    </mem>
  </mem-info>
</gc-end>
<cycle-end id="4300" type="global" contextid="4292" timestamp="2019-07-02T23:05:44.533">
  <attribute name="GC Util" value="237" />
  <attribute name="CPU Util" value="6305106812865" />
  <attribute name="Time Running"value="5096"/>
  <attribute name="Number of cores"value="4"/>
</cycle-end>
<allocation-satisfied id="4301" threadId="0000000001358100" bytesRequested="40" />
<af-end id="4302" timestamp="2019-07-02T23:05:44.533" threadId="0000000001358A88" success="true" />
<exclusive-end id="4303" timestamp="2019-07-02T23:05:44.533" durationms="5.015" />

<exclusive-start id="4304" timestamp="2019-07-02T23:05:44.538" intervalms="10.276">
  <response-info timems="0.146" idlems="0.146" threads="0" lastid="0000000001354500" lastname="Thread-8" />
</exclusive-start>
<af-start id="4305" threadId="0000000001354E88" totalBytesRequested="40" timestamp="2019-07-02T23:05:44.538" intervalms="10.323" />
<cycle-start id="4306" type="global" contextid="0" timestamp="2019-07-02T23:05:44.538" intervalms="10.344" />
  <attribute name="GC Util" value="237" />
  <attribute name="CPU Util" value="6305106812865" />
  <attribute name="Time Running"value="5096"/>
  <attribute name="Number of cores"value="4"/>
<gc-start id="4307" type="global" contextid="4306" timestamp="2019-07-02T23:05:44.539">
  <mem-info id="4308" free="165888" total="16646144" percent="0">
    <mem type="tenure" free="165888" total="16646144" percent="0">
      <mem type="soa" free="0" total="16480256" percent="0" />
      <mem type="loa" free="165888" total="165888" percent="100" />
    </mem>
  </mem-info>
</gc-start>
<allocation-stats totalBytes="10224688" >
  <allocated-bytes non-tlh="19056" tlh="10205632" />
  <largest-consumer threadName="Thread-9" threadId="000000000135F900" bytes="3330376" />
</allocation-stats>
<gc-op id="4309" type="mark" timems="1.245" contextid="4306" timestamp="2019-07-02T23:05:44.540">
  <trace-info objectcount="69822" scancount="62237" scanbytes="2367452" />
  <finalization candidates="124" enqueued="0" />
  <ownableSynchronizers candidates="3" cleared="0" />
  <references type="soft" candidates="84" cleared="0" enqueued="0" dynamicThreshold="19" maxThreshold="32" />
  <references type="weak" candidates="774" cleared="0" enqueued="0" />
  <references type="phantom" candidates="63" cleared="0" enqueued="0" />
  <stringconstants candidates="4574" cleared="0"  />
</gc-op>
<gc-op id="4310" type="sweep" timems="0.337" contextid="4306" timestamp="2019-07-02T23:05:44.540" />
<gc-end id="4311" type="global" contextid="4306" durationms="1.924" usertimems="4.000" systemtimems="0.000" timestamp="2019-07-02T23:05:44.540" activeThreads="4">
  <mem-info id="4312" free="10622624" total="16646144" percent="63">
    <mem type="tenure" free="10622624" total="16646144" percent="63" micro-fragmented="94011" macro-fragmented="0">
      <mem type="soa" free="10456736" total="16480256" percent="63" />
      <mem type="loa" free="165888" total="165888" percent="100" />
    </mem>
  </mem-info>
</gc-end>
<cycle-end id="4313" type="global" contextid="4306" timestamp="2019-07-02T23:05:44.541">
  <attribute name="GC Util" value="214" />
  <attribute name="CPU Util" value="14108850689837" />
  <attribute name="Time Running"value="5105"/>
  <attribute name="Number of cores"value="4"/>
</cycle-end>
<allocation-satisfied id="4314" threadId="0000000001354500" bytesRequested="40" />
<af-end id="4315" timestamp="2019-07-02T23:05:44.541" threadId="0000000001354E88" success="true" />
<exclusive-end id="4316" timestamp="2019-07-02T23:05:44.541" durationms="2.529" />

<exclusive-start id="4317" timestamp="2019-07-02T23:05:44.546" intervalms="7.720">
  <response-info timems="0.173" idlems="0.173" threads="0" lastid="000000000135BD00" lastname="Thread-10" />
</exclusive-start>
<af-start id="4318" threadId="000000000135C688" totalBytesRequested="40" timestamp="2019-07-02T23:05:44.546" intervalms="7.651" />
<cycle-start id="4319" type="global" contextid="0" timestamp="2019-07-02T23:05:44.546" intervalms="7.579" />
  <attribute name="GC Util" value="214" />
  <attribute name="CPU Util" value="14108850689837" />
  <attribute name="Time Running"value="5105"/>
  <attribute name="Number of cores"value="4"/>
<gc-start id="4320" type="global" contextid="4319" timestamp="2019-07-02T23:05:44.546">
  <mem-info id="4321" free="165888" total="16646144" percent="0">
    <mem type="tenure" free="165888" total="16646144" percent="0">
      <mem type="soa" free="0" total="16480256" percent="0" />
      <mem type="loa" free="165888" total="165888" percent="100" />
    </mem>
  </mem-info>
</gc-start>
<allocation-stats totalBytes="10449784" >
  <allocated-bytes non-tlh="0" tlh="10449784" />
  <largest-consumer threadName="Thread-9" threadId="000000000135F900" bytes="3335096" />
</allocation-stats>
<gc-op id="4322" type="mark" timems="2.073" contextid="4319" timestamp="2019-07-02T23:05:44.548">
  <trace-info objectcount="71754" scancount="64182" scanbytes="2413668" />
  <finalization candidates="124" enqueued="0" />
  <ownableSynchronizers candidates="3" cleared="0" />
  <references type="soft" candidates="84" cleared="0" enqueued="0" dynamicThreshold="20" maxThreshold="32" />
  <references type="weak" candidates="774" cleared="0" enqueued="0" />
  <references type="phantom" candidates="63" cleared="0" enqueued="0" />
  <stringconstants candidates="4574" cleared="0"  />
</gc-op>
<gc-op id="4323" type="sweep" timems="0.884" contextid="4319" timestamp="2019-07-02T23:05:44.549" />
<gc-end id="4324" type="global" contextid="4319" durationms="3.213" usertimems="8.000" systemtimems="0.000" timestamp="2019-07-02T23:05:44.549" activeThreads="4">
  <mem-info id="4325" free="10540576" total="16646144" percent="63">
    <mem type="tenure" free="10540576" total="16646144" percent="63" micro-fragmented="87103" macro-fragmented="0">
      <mem type="soa" free="10374688" total="16480256" percent="62" />
      <mem type="loa" free="165888" total="165888" percent="100" />
    </mem>
  </mem-info>
</gc-end>
<cycle-end id="4326" type="global" contextid="4319" timestamp="2019-07-02T23:05:44.549">
  <attribute name="GC Util" value="252" />
  <attribute name="CPU Util" value="8659288533075" />
  <attribute name="Time Running"value="5113"/>
  <attribute name="Number of cores"value="4"/>
</cycle-end>
<allocation-satisfied id="4327" threadId="000000000135BD00" bytesRequested="40" />
<af-end id="4328" timestamp="2019-07-02T23:05:44.550" threadId="000000000135C688" success="true" />
<exclusive-end id="4329" timestamp="2019-07-02T23:05:44.550" durationms="3.730" />

<exclusive-start id="4330" timestamp="2019-07-02T23:05:44.555" intervalms="9.130">
  <response-info timems="0.155" idlems="0.155" threads="0" lastid="000000000135BD00" lastname="Thread-10" />
</exclusive-start>
<af-start id="4331" threadId="000000000135C688" totalBytesRequested="40" timestamp="2019-07-02T23:05:44.555" intervalms="9.131" />
<cycle-start id="4332" type="global" contextid="0" timestamp="2019-07-02T23:05:44.555" intervalms="9.141" />
  <attribute name="GC Util" value="252" />
  <attribute name="CPU Util" value="8659288533075" />
  <attribute name="Time Running"value="5113"/>
  <attribute name="Number of cores"value="4"/>
<gc-start id="4333" type="global" contextid="4332" timestamp="2019-07-02T23:05:44.555">
  <mem-info id="4334" free="165888" total="16646144" percent="0">
    <mem type="tenure" free="165888" total="16646144" percent="0">
      <mem type="soa" free="0" total="16480256" percent="0" />
      <mem type="loa" free="165888" total="165888" percent="100" />
    </mem>
  </mem-info>
</gc-start>
<allocation-stats totalBytes="10365280" >
  <allocated-bytes non-tlh="0" tlh="10365280" />
  <largest-consumer threadName="Thread-9" threadId="000000000135F900" bytes="3451864" />
</allocation-stats>
<gc-op id="4335" type="mark" timems="2.009" contextid="4332" timestamp="2019-07-02T23:05:44.557">
  <trace-info objectcount="73969" scancount="66396" scanbytes="2466772" />
  <finalization candidates="124" enqueued="0" />
  <ownableSynchronizers candidates="3" cleared="0" />
  <references type="soft" candidates="84" cleared="0" enqueued="0" dynamicThreshold="20" maxThreshold="32" />
  <references type="weak" candidates="774" cleared="0" enqueued="0" />
  <references type="phantom" candidates="63" cleared="0" enqueued="0" />
  <stringconstants candidates="4574" cleared="0"  />
</gc-op>
<gc-op id="4336" type="sweep" timems="0.844" contextid="4332" timestamp="2019-07-02T23:05:44.558" />
<heap-resize id="4337" type="contract" space="tenure" amount="131072" count="1" timems="0.051" reason="excess free space following gc" timestamp="2019-07-02T23:05:44.558" />
<gc-end id="4338" type="global" contextid="4332" durationms="3.257" usertimems="0.000" systemtimems="8.000" timestamp="2019-07-02T23:05:44.558" activeThreads="4">
  <mem-info id="4339" free="10150824" total="16515072" percent="61">
    <mem type="tenure" free="10150824" total="16515072" percent="61" micro-fragmented="89566" macro-fragmented="0">
      <mem type="soa" free="10150824" total="16350208" percent="62" />
      <mem type="loa" free="0" total="164864" percent="0" />
    </mem>
  </mem-info>
</gc-end>
<cycle-end id="4340" type="global" contextid="4332" timestamp="2019-07-02T23:05:44.559">
  <attribute name="GC Util" value="245" />
  <attribute name="CPU Util" value="8998574029712" />
  <attribute name="Time Running"value="5122"/>
  <attribute name="Number of cores"value="4"/>
</cycle-end>
<allocation-satisfied id="4341" threadId="000000000135BD00" bytesRequested="40" />
<af-end id="4342" timestamp="2019-07-02T23:05:44.559" threadId="000000000135C688" success="true" />
<exclusive-end id="4343" timestamp="2019-07-02T23:05:44.559" durationms="3.780" />

<exclusive-start id="4344" timestamp="2019-07-02T23:05:44.564" intervalms="9.255">
  <response-info timems="0.048" idlems="0.048" threads="0" lastid="000000000135F900" lastname="Thread-9" />
</exclusive-start>
<af-start id="4345" threadId="0000000001360288" totalBytesRequested="40" timestamp="2019-07-02T23:05:44.564" intervalms="9.290" />
<cycle-start id="4346" type="global" contextid="0" timestamp="2019-07-02T23:05:44.564" intervalms="9.295" />
  <attribute name="GC Util" value="245" />
  <attribute name="CPU Util" value="8998574029712" />
  <attribute name="Time Running"value="5122"/>
  <attribute name="Number of cores"value="4"/>
<gc-start id="4347" type="global" contextid="4346" timestamp="2019-07-02T23:05:44.565">
  <mem-info id="4348" free="0" total="16515072" percent="0">
    <mem type="tenure" free="0" total="16515072" percent="0">
      <mem type="soa" free="0" total="16350208" percent="0" />
      <mem type="loa" free="0" total="164864" percent="0" />
    </mem>
  </mem-info>
</gc-start>
<allocation-stats totalBytes="10137784" >
  <allocated-bytes non-tlh="42216" tlh="10095568" />
  <largest-consumer threadName="Thread-7" threadId="0000000001358100" bytes="3533936" />
</allocation-stats>
<gc-op id="4349" type="mark" timems="2.340" contextid="4346" timestamp="2019-07-02T23:05:44.567">
  <trace-info objectcount="67150" scancount="59583" scanbytes="2303204" />
  <finalization candidates="124" enqueued="0" />
  <ownableSynchronizers candidates="3" cleared="0" />
  <references type="soft" candidates="84" cleared="0" enqueued="0" dynamicThreshold="19" maxThreshold="32" />
  <references type="weak" candidates="774" cleared="0" enqueued="0" />
  <references type="phantom" candidates="63" cleared="0" enqueued="0" />
  <stringconstants candidates="4574" cleared="0"  />
</gc-op>
<gc-op id="4350" type="sweep" timems="0.779" contextid="4346" timestamp="2019-07-02T23:05:44.568" />
<heap-resize id="4351" type="contract" space="tenure" amount="65536" count="1" timems="0.053" reason="excess free space following gc" timestamp="2019-07-02T23:05:44.568" />
<gc-end id="4352" type="global" contextid="4346" durationms="3.625" usertimems="4.000" systemtimems="8.000" timestamp="2019-07-02T23:05:44.568" activeThreads="4">
  <mem-info id="4353" free="10340640" total="16449536" percent="62">
    <mem type="tenure" free="10340640" total="16449536" percent="62" micro-fragmented="135680" macro-fragmented="63336">
      <mem type="soa" free="10340640" total="16285696" percent="63" />
      <mem type="loa" free="0" total="163840" percent="0" />
    </mem>
  </mem-info>
</gc-end>
<cycle-end id="4354" type="global" contextid="4346" timestamp="2019-07-02T23:05:44.568">
  <attribute name="GC Util" value="258" />
  <attribute name="CPU Util" value="7659726772634" />
  <attribute name="Time Running"value="5132"/>
  <attribute name="Number of cores"value="4"/>
</cycle-end>
<allocation-satisfied id="4355" threadId="000000000135F900" bytesRequested="40" />
<af-end id="4356" timestamp="2019-07-02T23:05:44.568" threadId="0000000001360288" success="true" />
<exclusive-end id="4357" timestamp="2019-07-02T23:05:44.568" durationms="4.081" />

<exclusive-start id="4358" timestamp="2019-07-02T23:05:44.573" intervalms="8.452">
  <response-info timems="0.027" idlems="0.027" threads="0" lastid="000000000135BD00" lastname="Thread-10" />
</exclusive-start>
<af-start id="4359" threadId="000000000135C688" totalBytesRequested="40" timestamp="2019-07-02T23:05:44.573" intervalms="8.434" />
<cycle-start id="4360" type="global" contextid="0" timestamp="2019-07-02T23:05:44.573" intervalms="8.417" />
  <attribute name="GC Util" value="258" />
  <attribute name="CPU Util" value="7659726772634" />
  <attribute name="Time Running"value="5132"/>
  <attribute name="Number of cores"value="4"/>
<gc-start id="4361" type="global" contextid="4360" timestamp="2019-07-02T23:05:44.573">
  <mem-info id="4362" free="0" total="16449536" percent="0">
    <mem type="tenure" free="0" total="16449536" percent="0">
      <mem type="soa" free="0" total="16285696" percent="0" />
      <mem type="loa" free="0" total="163840" percent="0" />
    </mem>
  </mem-info>
</gc-start>
<allocation-stats totalBytes="10335752" >
  <allocated-bytes non-tlh="0" tlh="10335752" />
  <largest-consumer threadName="Thread-9" threadId="000000000135F900" bytes="3033568" />
</allocation-stats>
<gc-op id="4363" type="mark" timems="2.057" contextid="4360" timestamp="2019-07-02T23:05:44.575">
  <trace-info objectcount="68915" scancount="61343" scanbytes="2345684" />
  <finalization candidates="124" enqueued="0" />
  <ownableSynchronizers candidates="3" cleared="0" />
  <references type="soft" candidates="84" cleared="0" enqueued="0" dynamicThreshold="20" maxThreshold="32" />
  <references type="weak" candidates="774" cleared="0" enqueued="0" />
  <references type="phantom" candidates="63" cleared="0" enqueued="0" />
  <stringconstants candidates="4574" cleared="0"  />
</gc-op>
<gc-op id="4364" type="sweep" timems="0.815" contextid="4360" timestamp="2019-07-02T23:05:44.576" />
<mem-info id="4365" free="10244688" total="16449536" percent="62">
  <mem type="tenure" free="10244688" total="16449536" percent="62" micro-fragmented="189210" macro-fragmented="15220">
    <mem type="soa" free="10244688" total="16285696" percent="62" />
    <mem type="loa" free="0" total="163840" percent="0" />
  </mem>
</mem-info>
<gc-op id="4366" type="compact" timems="5.172" contextid="4360" timestamp="2019-07-02T23:05:44.581">
  <compact-info movecount="18378" movebytes="717496" reason="compact to aid heap contraction" />
</gc-op>
<heap-resize id="4367" type="contract" space="tenure" amount="131072" count="1" timems="0.095" reason="excess free space following gc" timestamp="2019-07-02T23:05:44.581" />
<gc-end id="4368" type="global" contextid="4360" durationms="8.644" usertimems="12.000" systemtimems="8.000" timestamp="2019-07-02T23:05:44.582" activeThreads="4">
  <mem-info id="4369" free="10405096" total="16318464" percent="63">
    <mem type="tenure" free="10405096" total="16318464" percent="63">
      <mem type="soa" free="10275048" total="16155648" percent="63" />
      <mem type="loa" free="130048" total="162816" percent="79" />
    </mem>
  </mem-info>
</gc-end>
<cycle-end id="4370" type="global" contextid="4360" timestamp="2019-07-02T23:05:44.582">
  <attribute name="GC Util" value="156" />
  <attribute name="CPU Util" value="19402613568356" />
  <attribute name="Time Running"value="5141"/>
  <attribute name="Number of cores"value="4"/>
</cycle-end>
<allocation-satisfied id="4371" threadId="000000000135BD00" bytesRequested="40" />
<af-end id="4372" timestamp="2019-07-02T23:05:44.582" threadId="000000000135C688" success="true" />
<exclusive-end id="4373" timestamp="2019-07-02T23:05:44.582" durationms="9.109" />

<exclusive-start id="4374" timestamp="2019-07-02T23:05:44.587" intervalms="13.892">
  <response-info timems="0.036" idlems="0.036" threads="0" lastid="000000000135F900" lastname="Thread-9" />
</exclusive-start>
<af-start id="4375" threadId="0000000001360288" totalBytesRequested="24" timestamp="2019-07-02T23:05:44.587" intervalms="13.900" />
<cycle-start id="4376" type="global" contextid="0" timestamp="2019-07-02T23:05:44.587" intervalms="13.918" />
  <attribute name="GC Util" value="156" />
  <attribute name="CPU Util" value="19402613568356" />
  <attribute name="Time Running"value="5141"/>
  <attribute name="Number of cores"value="4"/>
<gc-start id="4377" type="global" contextid="4376" timestamp="2019-07-02T23:05:44.587">
  <mem-info id="4378" free="130048" total="16318464" percent="0">
    <mem type="tenure" free="130048" total="16318464" percent="0">
      <mem type="soa" free="0" total="16155648" percent="0" />
      <mem type="loa" free="130048" total="162816" percent="79" />
    </mem>
  </mem-info>
</gc-start>
<allocation-stats totalBytes="10339704" >
  <allocated-bytes non-tlh="0" tlh="10339704" />
  <largest-consumer threadName="Thread-9" threadId="000000000135F900" bytes="3374768" />
</allocation-stats>
<gc-op id="4379" type="mark" timems="2.202" contextid="4376" timestamp="2019-07-02T23:05:44.589">
  <trace-info objectcount="71014" scancount="63445" scanbytes="2395796" />
  <finalization candidates="124" enqueued="0" />
  <ownableSynchronizers candidates="3" cleared="0" />
  <references type="soft" candidates="84" cleared="0" enqueued="0" dynamicThreshold="20" maxThreshold="32" />
  <references type="weak" candidates="774" cleared="0" enqueued="0" />
  <references type="phantom" candidates="63" cleared="0" enqueued="0" />
  <stringconstants candidates="4574" cleared="0"  />
</gc-op>
<gc-op id="4380" type="sweep" timems="0.729" contextid="4376" timestamp="2019-07-02T23:05:44.590" />
<heap-resize id="4381" type="contract" space="tenure" amount="131072" count="1" timems="0.046" reason="excess free space following gc" timestamp="2019-07-02T23:05:44.590" />
<gc-end id="4382" type="global" contextid="4376" durationms="3.452" usertimems="8.000" systemtimems="0.000" timestamp="2019-07-02T23:05:44.590" activeThreads="4">
  <mem-info id="4383" free="10226888" total="16187392" percent="63">
    <mem type="tenure" free="10226888" total="16187392" percent="63" micro-fragmented="24975" macro-fragmented="0">
      <mem type="soa" free="10146928" total="16025600" percent="63" />
      <mem type="loa" free="79960" total="161792" percent="49" />
    </mem>
  </mem-info>
</gc-end>
<cycle-end id="4384" type="global" contextid="4376" timestamp="2019-07-02T23:05:44.590">
  <attribute name="GC Util" value="244" />
  <attribute name="CPU Util" value="8175338476422" />
  <attribute name="Time Running"value="5154"/>
  <attribute name="Number of cores"value="4"/>
</cycle-end>
<allocation-satisfied id="4385" threadId="000000000135F900" bytesRequested="24" />
<af-end id="4386" timestamp="2019-07-02T23:05:44.591" threadId="0000000001360288" success="true" />
<exclusive-end id="4387" timestamp="2019-07-02T23:05:44.591" durationms="4.111" />

<exclusive-start id="4388" timestamp="2019-07-02T23:05:44.596" intervalms="9.498">
  <response-info timems="0.024" idlems="0.024" threads="0" lastid="000000000135F900" lastname="Thread-9" />
</exclusive-start>
<af-start id="4389" threadId="0000000001360288" totalBytesRequested="40" timestamp="2019-07-02T23:05:44.596" intervalms="9.503" />
<cycle-start id="4390" type="global" contextid="0" timestamp="2019-07-02T23:05:44.596" intervalms="9.500" />
  <attribute name="GC Util" value="244" />
  <attribute name="CPU Util" value="8175338476422" />
  <attribute name="Time Running"value="5154"/>
  <attribute name="Number of cores"value="4"/>
<gc-start id="4391" type="global" contextid="4390" timestamp="2019-07-02T23:05:44.596">
  <mem-info id="4392" free="79960" total="16187392" percent="0">
    <mem type="tenure" free="79960" total="16187392" percent="0">
      <mem type="soa" free="0" total="16025600" percent="0" />
      <mem type="loa" free="79960" total="161792" percent="49" />
    </mem>
  </mem-info>
</gc-start>
<allocation-stats totalBytes="10145976" >
  <allocated-bytes non-tlh="0" tlh="10145976" />
  <largest-consumer threadName="Thread-9" threadId="000000000135F900" bytes="3765296" />
</allocation-stats>
<gc-op id="4393" type="mark" timems="2.353" contextid="4390" timestamp="2019-07-02T23:05:44.599">
  <trace-info objectcount="67598" scancount="60030" scanbytes="2313652" />
  <finalization candidates="124" enqueued="0" />
  <ownableSynchronizers candidates="3" cleared="0" />
  <references type="soft" candidates="84" cleared="0" enqueued="0" dynamicThreshold="20" maxThreshold="32" />
  <references type="weak" candidates="774" cleared="0" enqueued="0" />
  <references type="phantom" candidates="63" cleared="0" enqueued="0" />
  <stringconstants candidates="4574" cleared="0"  />
</gc-op>
<gc-op id="4394" type="sweep" timems="0.718" contextid="4390" timestamp="2019-07-02T23:05:44.600" />
<heap-resize id="4395" type="contract" space="tenure" amount="65536" count="1" timems="0.077" reason="excess free space following gc" timestamp="2019-07-02T23:05:44.600" />
<gc-end id="4396" type="global" contextid="4390" durationms="3.662" usertimems="8.000" systemtimems="0.000" timestamp="2019-07-02T23:05:44.600" activeThreads="4">
  <mem-info id="4397" free="10101760" total="16121856" percent="62">
    <mem type="tenure" free="10101760" total="16121856" percent="62" micro-fragmented="64981" macro-fragmented="70979">
      <mem type="soa" free="10101760" total="15961088" percent="63" />
      <mem type="loa" free="0" total="160768" percent="0" />
    </mem>
  </mem-info>
</gc-end>
<cycle-end id="4398" type="global" contextid="4390" timestamp="2019-07-02T23:05:44.600">
  <attribute name="GC Util" value="253" />
  <attribute name="CPU Util" value="7548005321624" />
  <attribute name="Time Running"value="5164"/>
  <attribute name="Number of cores"value="4"/>
</cycle-end>
<allocation-satisfied id="4399" threadId="000000000135F900" bytesRequested="40" />
<af-end id="4400" timestamp="2019-07-02T23:05:44.600" threadId="0000000001360288" success="true" />
<exclusive-end id="4401" timestamp="2019-07-02T23:05:44.600" durationms="4.277" />

<exclusive-start id="4402" timestamp="2019-07-02T23:05:44.605" intervalms="9.315">
  <response-info timems="0.024" idlems="0.024" threads="0" lastid="000000000135F900" lastname="Thread-9" />
</exclusive-start>
<af-start id="4403" threadId="0000000001360288" totalBytesRequested="40" timestamp="2019-07-02T23:05:44.606" intervalms="9.308" />
<cycle-start id="4404" type="global" contextid="0" timestamp="2019-07-02T23:05:44.606" intervalms="9.308" />
  <attribute name="GC Util" value="253" />
  <attribute name="CPU Util" value="7548005321624" />
  <attribute name="Time Running"value="5164"/>
  <attribute name="Number of cores"value="4"/>
<gc-start id="4405" type="global" contextid="4404" timestamp="2019-07-02T23:05:44.606">
  <mem-info id="4406" free="0" total="16121856" percent="0">
    <mem type="tenure" free="0" total="16121856" percent="0">
      <mem type="soa" free="0" total="15961088" percent="0" />
      <mem type="loa" free="0" total="160768" percent="0" />
    </mem>
  </mem-info>
</gc-start>
<allocation-stats totalBytes="10099848" >
  <allocated-bytes non-tlh="0" tlh="10099848" />
  <largest-consumer threadName="Thread-9" threadId="000000000135F900" bytes="3347704" />
</allocation-stats>
<gc-op id="4407" type="mark" timems="2.291" contextid="4404" timestamp="2019-07-02T23:05:44.608">
  <trace-info objectcount="68880" scancount="61288" scanbytes="2344844" />
  <finalization candidates="124" enqueued="0" />
  <ownableSynchronizers candidates="3" cleared="0" />
  <references type="soft" candidates="84" cleared="0" enqueued="0" dynamicThreshold="20" maxThreshold="32" />
  <references type="weak" candidates="774" cleared="0" enqueued="0" />
  <references type="phantom" candidates="63" cleared="0" enqueued="0" />
  <stringconstants candidates="4574" cleared="0"  />
</gc-op>
<gc-op id="4408" type="sweep" timems="0.756" contextid="4404" timestamp="2019-07-02T23:05:44.609" />
<mem-info id="4409" free="10153288" total="16121856" percent="62">
  <mem type="tenure" free="10153288" total="16121856" percent="62" micro-fragmented="74137" macro-fragmented="31474">
    <mem type="soa" free="10042464" total="15961088" percent="62" />
    <mem type="loa" free="110824" total="160768" percent="68" />
  </mem>
</mem-info>
<gc-op id="4410" type="compact" timems="5.215" contextid="4404" timestamp="2019-07-02T23:05:44.614">
  <compact-info movecount="17427" movebytes="694672" reason="compact to aid heap contraction" />
</gc-op>
<heap-resize id="4411" type="contract" space="tenure" amount="131072" count="1" timems="0.089" reason="excess free space following gc" timestamp="2019-07-02T23:05:44.614" />
<gc-end id="4412" type="global" contextid="4404" durationms="8.952" usertimems="16.000" systemtimems="0.000" timestamp="2019-07-02T23:05:44.615" activeThreads="4">
  <mem-info id="4413" free="10081328" total="15990784" percent="63">
    <mem type="tenure" free="10081328" total="15990784" percent="63">
      <mem type="soa" free="9951280" total="15831040" percent="62" />
      <mem type="loa" free="130048" total="159744" percent="81" />
    </mem>
  </mem-info>
</gc-end>
<cycle-end id="4414" type="global" contextid="4404" timestamp="2019-07-02T23:05:44.615">
  <attribute name="GC Util" value="166" />
  <attribute name="CPU Util" value="20624529082550" />
  <attribute name="Time Running"value="5174"/>
  <attribute name="Number of cores"value="4"/>
</cycle-end>
<allocation-satisfied id="4415" threadId="000000000135F900" bytesRequested="40" />
<af-end id="4416" timestamp="2019-07-02T23:05:44.615" threadId="0000000001360288" success="true" />
<exclusive-end id="4417" timestamp="2019-07-02T23:05:44.615" durationms="9.639" />

<exclusive-start id="4418" timestamp="2019-07-02T23:05:44.622" intervalms="16.054">
  <response-info timems="1.266" idlems="0.641" threads="1" lastid="0000000001354500" lastname="Thread-8" />
</exclusive-start>
<af-start id="4419" threadId="0000000001360288" totalBytesRequested="40" timestamp="2019-07-02T23:05:44.622" intervalms="16.085" />
<cycle-start id="4420" type="global" contextid="0" timestamp="2019-07-02T23:05:44.622" intervalms="16.097" />
  <attribute name="GC Util" value="166" />
  <attribute name="CPU Util" value="20624529082550" />
  <attribute name="Time Running"value="5174"/>
  <attribute name="Number of cores"value="4"/>
<gc-start id="4421" type="global" contextid="4420" timestamp="2019-07-02T23:05:44.622">
  <mem-info id="4422" free="130048" total="15990784" percent="0">
    <mem type="tenure" free="130048" total="15990784" percent="0">
      <mem type="soa" free="0" total="15831040" percent="0" />
      <mem type="loa" free="130048" total="159744" percent="81" />
    </mem>
  </mem-info>
</gc-start>
<allocation-stats totalBytes="10016336" >
  <allocated-bytes non-tlh="0" tlh="10016336" />
  <largest-consumer threadName="Thread-9" threadId="000000000135F900" bytes="3506048" />
</allocation-stats>
<gc-op id="4423" type="mark" timems="2.335" contextid="4420" timestamp="2019-07-02T23:05:44.624">
  <trace-info objectcount="69900" scancount="62321" scanbytes="2369020" />
  <finalization candidates="124" enqueued="0" />
  <ownableSynchronizers candidates="3" cleared="0" />
  <references type="soft" candidates="84" cleared="0" enqueued="0" dynamicThreshold="20" maxThreshold="32" />
  <references type="weak" candidates="774" cleared="0" enqueued="0" />
  <references type="phantom" candidates="63" cleared="0" enqueued="0" />
  <stringconstants candidates="4574" cleared="0"  />
</gc-op>
<gc-op id="4424" type="sweep" timems="0.753" contextid="4420" timestamp="2019-07-02T23:05:44.625" />
<heap-resize id="4425" type="contract" space="tenure" amount="131072" count="1" timems="0.080" reason="excess free space following gc" timestamp="2019-07-02T23:05:44.626" />
<gc-end id="4426" type="global" contextid="4420" durationms="3.880" usertimems="12.000" systemtimems="0.000" timestamp="2019-07-02T23:05:44.626" activeThreads="4">
  <mem-info id="4427" free="9951944" total="15859712" percent="62">
    <mem type="tenure" free="9951944" total="15859712" percent="62" micro-fragmented="10770" macro-fragmented="0">
      <mem type="soa" free="9840880" total="15702016" percent="62" />
      <mem type="loa" free="111064" total="157696" percent="70" />
    </mem>
  </mem-info>
</gc-end>
<cycle-end id="4428" type="global" contextid="4420" timestamp="2019-07-02T23:05:44.626">
  <attribute name="GC Util" value="247" />
  <attribute name="CPU Util" value="7584130378874" />
  <attribute name="Time Running"value="5189"/>
  <attribute name="Number of cores"value="4"/>
</cycle-end>
<allocation-satisfied id="4429" threadId="000000000135F900" bytesRequested="40" />
<af-end id="4430" timestamp="2019-07-02T23:05:44.626" threadId="0000000001360288" success="true" />
<exclusive-end id="4431" timestamp="2019-07-02T23:05:44.626" durationms="4.576" />

<exclusive-start id="4432" timestamp="2019-07-02T23:05:44.631" intervalms="9.071">
  <response-info timems="0.033" idlems="0.033" threads="0" lastid="000000000135F900" lastname="Thread-9" />
</exclusive-start>
<af-start id="4433" threadId="0000000001360288" totalBytesRequested="40" timestamp="2019-07-02T23:05:44.631" intervalms="9.066" />
<cycle-start id="4434" type="global" contextid="0" timestamp="2019-07-02T23:05:44.631" intervalms="9.053" />
  <attribute name="GC Util" value="247" />
  <attribute name="CPU Util" value="7584130378874" />
  <attribute name="Time Running"value="5189"/>
  <attribute name="Number of cores"value="4"/>
<gc-start id="4435" type="global" contextid="4434" timestamp="2019-07-02T23:05:44.631">
  <mem-info id="4436" free="111064" total="15859712" percent="0">
    <mem type="tenure" free="111064" total="15859712" percent="0">
      <mem type="soa" free="0" total="15702016" percent="0" />
      <mem type="loa" free="111064" total="157696" percent="70" />
    </mem>
  </mem-info>
</gc-start>
<allocation-stats totalBytes="9841008" >
  <allocated-bytes non-tlh="0" tlh="9841008" />
  <largest-consumer threadName="Thread-9" threadId="000000000135F900" bytes="2971576" />
</allocation-stats>
<gc-op id="4437" type="mark" timems="2.337" contextid="4434" timestamp="2019-07-02T23:05:44.633">
  <trace-info objectcount="71137" scancount="63565" scanbytes="2398908" />
  <finalization candidates="124" enqueued="0" />
  <ownableSynchronizers candidates="3" cleared="0" />
  <references type="soft" candidates="84" cleared="0" enqueued="0" dynamicThreshold="20" maxThreshold="32" />
  <references type="weak" candidates="774" cleared="0" enqueued="0" />
  <references type="phantom" candidates="63" cleared="0" enqueued="0" />
  <stringconstants candidates="4574" cleared="0"  />
</gc-op>
<gc-op id="4438" type="sweep" timems="0.752" contextid="4434" timestamp="2019-07-02T23:05:44.634" />
<heap-resize id="4439" type="contract" space="tenure" amount="131072" count="1" timems="0.051" reason="excess free space following gc" timestamp="2019-07-02T23:05:44.634" />
<gc-end id="4440" type="global" contextid="4434" durationms="3.564" usertimems="8.000" systemtimems="0.000" timestamp="2019-07-02T23:05:44.634" activeThreads="4">
  <mem-info id="4441" free="9780696" total="15728640" percent="62">
    <mem type="tenure" free="9780696" total="15728640" percent="62" micro-fragmented="20860" macro-fragmented="0">
      <mem type="soa" free="9673344" total="15571968" percent="62" />
      <mem type="loa" free="107352" total="156672" percent="68" />
    </mem>
  </mem-info>
</gc-end>
<cycle-end id="4442" type="global" contextid="4434" timestamp="2019-07-02T23:05:44.634">
  <attribute name="GC Util" value="258" />
  <attribute name="CPU Util" value="7660143448669" />
  <attribute name="Time Running"value="5198"/>
  <attribute name="Number of cores"value="4"/>
</cycle-end>
<allocation-satisfied id="4443" threadId="000000000135F900" bytesRequested="40" />
<af-end id="4444" timestamp="2019-07-02T23:05:44.635" threadId="0000000001360288" success="true" />
<exclusive-end id="4445" timestamp="2019-07-02T23:05:44.635" durationms="4.119" />

<exclusive-start id="4446" timestamp="2019-07-02T23:05:44.639" intervalms="8.831">
  <response-info timems="0.021" idlems="0.019" threads="2" lastid="0000000001358100" lastname="Thread-7" />
</exclusive-start>
<af-start id="4447" threadId="0000000001360288" totalBytesRequested="40" timestamp="2019-07-02T23:05:44.639" intervalms="8.800" />
<cycle-start id="4448" type="global" contextid="0" timestamp="2019-07-02T23:05:44.640" intervalms="8.800" />
  <attribute name="GC Util" value="258" />
  <attribute name="CPU Util" value="7660143448669" />
  <attribute name="Time Running"value="5198"/>
  <attribute name="Number of cores"value="4"/>
<gc-start id="4449" type="global" contextid="4448" timestamp="2019-07-02T23:05:44.640">
  <mem-info id="4450" free="107352" total="15728640" percent="0">
    <mem type="tenure" free="107352" total="15728640" percent="0">
      <mem type="soa" free="0" total="15571968" percent="0" />
      <mem type="loa" free="107352" total="156672" percent="68" />
    </mem>
  </mem-info>
</gc-start>
<allocation-stats totalBytes="9671432" >
  <allocated-bytes non-tlh="0" tlh="9671432" />
  <largest-consumer threadName="Thread-9" threadId="000000000135F900" bytes="2978256" />
</allocation-stats>
<gc-op id="4451" type="mark" timems="2.365" contextid="4448" timestamp="2019-07-02T23:05:44.642">
  <trace-info objectcount="72336" scancount="64761" scanbytes="2427572" />
  <finalization candidates="124" enqueued="0" />
  <ownableSynchronizers candidates="3" cleared="0" />
  <references type="soft" candidates="84" cleared="0" enqueued="0" dynamicThreshold="19" maxThreshold="32" />
  <references type="weak" candidates="774" cleared="0" enqueued="0" />
  <references type="phantom" candidates="63" cleared="0" enqueued="0" />
  <stringconstants candidates="4574" cleared="0"  />
</gc-op>
<gc-op id="4452" type="sweep" timems="0.771" contextid="4448" timestamp="2019-07-02T23:05:44.643" />
<heap-resize id="4453" type="contract" space="tenure" amount="131072" count="1" timems="0.058" reason="excess free space following gc" timestamp="2019-07-02T23:05:44.643" />
<gc-end id="4454" type="global" contextid="4448" durationms="3.521" usertimems="8.000" systemtimems="0.000" timestamp="2019-07-02T23:05:44.643" activeThreads="4">
  <mem-info id="4455" free="9505792" total="15597568" percent="60">
    <mem type="tenure" free="9505792" total="15597568" percent="60" micro-fragmented="49938" macro-fragmented="0">
      <mem type="soa" free="9505792" total="15441920" percent="61" />
      <mem type="loa" free="0" total="155648" percent="0" />
    </mem>
  </mem-info>
</gc-end>
<cycle-end id="4456" type="global" contextid="4448" timestamp="2019-07-02T23:05:44.643">
  <attribute name="GC Util" value="255" />
  <attribute name="CPU Util" value="7608410656340" />
  <attribute name="Time Running"value="5207"/>
  <attribute name="Number of cores"value="4"/>
</cycle-end>
<allocation-satisfied id="4457" threadId="000000000135F900" bytesRequested="40" />
<af-end id="4458" timestamp="2019-07-02T23:05:44.644" threadId="0000000001360288" success="true" />
<exclusive-end id="4459" timestamp="2019-07-02T23:05:44.644" durationms="4.198" />

<exclusive-start id="4460" timestamp="2019-07-02T23:05:44.649" intervalms="9.687">
  <response-info timems="0.069" idlems="0.043" threads="1" lastid="0000000001354500" lastname="Thread-8" />
</exclusive-start>
<af-start id="4461" threadId="0000000001360288" totalBytesRequested="40" timestamp="2019-07-02T23:05:44.649" intervalms="9.685" />
<cycle-start id="4462" type="global" contextid="0" timestamp="2019-07-02T23:05:44.649" intervalms="9.730" />
  <attribute name="GC Util" value="255" />
  <attribute name="CPU Util" value="7608410656340" />
  <attribute name="Time Running"value="5207"/>
  <attribute name="Number of cores"value="4"/>
<gc-start id="4463" type="global" contextid="4462" timestamp="2019-07-02T23:05:44.649">
  <mem-info id="4464" free="0" total="15597568" percent="0">
    <mem type="tenure" free="0" total="15597568" percent="0">
      <mem type="soa" free="0" total="15441920" percent="0" />
      <mem type="loa" free="0" total="155648" percent="0" />
    </mem>
  </mem-info>
</gc-start>
<allocation-stats totalBytes="9502096" >
  <allocated-bytes non-tlh="0" tlh="9502096" />
  <largest-consumer threadName="Thread-9" threadId="000000000135F900" bytes="3383552" />
</allocation-stats>
<gc-op id="4465" type="mark" timems="2.565" contextid="4462" timestamp="2019-07-02T23:05:44.652">
  <trace-info objectcount="73938" scancount="66387" scanbytes="2466220" />
  <finalization candidates="124" enqueued="0" />
  <ownableSynchronizers candidates="3" cleared="0" />
  <references type="soft" candidates="84" cleared="0" enqueued="0" dynamicThreshold="19" maxThreshold="32" />
  <references type="weak" candidates="774" cleared="0" enqueued="0" />
  <references type="phantom" candidates="63" cleared="0" enqueued="0" />
  <stringconstants candidates="4574" cleared="0"  />
</gc-op>
<gc-op id="4466" type="sweep" timems="0.824" contextid="4462" timestamp="2019-07-02T23:05:44.653" />
<gc-end id="4467" type="global" contextid="4462" durationms="3.648" usertimems="12.000" systemtimems="0.000" timestamp="2019-07-02T23:05:44.653" activeThreads="4">
  <mem-info id="4468" free="9417416" total="15597568" percent="60">
    <mem type="tenure" free="9417416" total="15597568" percent="60" micro-fragmented="31266" macro-fragmented="0">
      <mem type="soa" free="9417416" total="15441920" percent="60" />
      <mem type="loa" free="0" total="155648" percent="0" />
    </mem>
  </mem-info>
</gc-end>
<cycle-end id="4469" type="global" contextid="4462" timestamp="2019-07-02T23:05:44.653">
  <attribute name="GC Util" value="258" />
  <attribute name="CPU Util" value="7005753252786" />
  <attribute name="Time Running"value="5217"/>
  <attribute name="Number of cores"value="4"/>
</cycle-end>
<allocation-satisfied id="4470" threadId="000000000135F900" bytesRequested="40" />
<af-end id="4471" timestamp="2019-07-02T23:05:44.653" threadId="0000000001360288" success="true" />
<exclusive-end id="4472" timestamp="2019-07-02T23:05:44.653" durationms="4.126" />

<exclusive-start id="4473" timestamp="2019-07-02T23:05:44.658" intervalms="8.887">
  <response-info timems="0.024" idlems="0.022" threads="1" lastid="0000000001358100" lastname="Thread-7" />
</exclusive-start>
<af-start id="4474" threadId="0000000001354E88" totalBytesRequested="40" timestamp="2019-07-02T23:05:44.659" intervalms="9.979" />
<cycle-start id="4475" type="global" contextid="0" timestamp="2019-07-02T23:05:44.659" intervalms="9.932" />
  <attribute name="GC Util" value="258" />
  <attribute name="CPU Util" value="7005753252786" />
  <attribute name="Time Running"value="5217"/>
  <attribute name="Number of cores"value="4"/>
<gc-start id="4476" type="global" contextid="4475" timestamp="2019-07-02T23:05:44.659">
  <mem-info id="4477" free="0" total="15597568" percent="0">
    <mem type="tenure" free="0" total="15597568" percent="0">
      <mem type="soa" free="0" total="15441920" percent="0" />
      <mem type="loa" free="0" total="155648" percent="0" />
    </mem>
  </mem-info>
</gc-start>
<allocation-stats totalBytes="9411048" >
  <allocated-bytes non-tlh="0" tlh="9411048" />
  <largest-consumer threadName="Thread-9" threadId="000000000135F900" bytes="2821960" />
</allocation-stats>
<gc-op id="4478" type="mark" timems="7.607" contextid="4475" timestamp="2019-07-02T23:05:44.667">
  <trace-info objectcount="75543" scancount="67974" scanbytes="2504252" />
  <finalization candidates="124" enqueued="0" />
  <ownableSynchronizers candidates="3" cleared="0" />
  <references type="soft" candidates="84" cleared="0" enqueued="0" dynamicThreshold="19" maxThreshold="32" />
  <references type="weak" candidates="774" cleared="0" enqueued="0" />
  <references type="phantom" candidates="63" cleared="0" enqueued="0" />
  <stringconstants candidates="4574" cleared="0"  />
</gc-op>
<gc-op id="4479" type="sweep" timems="0.924" contextid="4475" timestamp="2019-07-02T23:05:44.668" />
<heap-resize id="4480" type="expand" space="tenure" amount="1048576" count="1" timems="0.051" reason="excessive time being spent in gc" timestamp="2019-07-02T23:05:44.668" />
<gc-end id="4481" type="global" contextid="4475" durationms="8.974" usertimems="12.000" systemtimems="4.000" timestamp="2019-07-02T23:05:44.668" activeThreads="4">
  <mem-info id="4482" free="10389136" total="16646144" percent="62">
    <mem type="tenure" free="10389136" total="16646144" percent="62" micro-fragmented="21011" macro-fragmented="0">
      <mem type="soa" free="10223248" total="16480256" percent="62" />
      <mem type="loa" free="165888" total="165888" percent="100" />
    </mem>
  </mem-info>
</gc-end>
<cycle-end id="4483" type="global" contextid="4475" timestamp="2019-07-02T23:05:44.668">
  <attribute name="GC Util" value="52" />
  <attribute name="CPU Util" value="2380753380620" />
  <attribute name="Time Running"value="5232"/>
  <attribute name="Number of cores"value="4"/>
</cycle-end>
<allocation-satisfied id="4484" threadId="0000000001354500" bytesRequested="40" />
<af-end id="4485" timestamp="2019-07-02T23:05:44.669" threadId="0000000001354E88" success="true" />
<exclusive-end id="4486" timestamp="2019-07-02T23:05:44.669" durationms="10.616" />

<exclusive-start id="4487" timestamp="2019-07-02T23:05:44.675" intervalms="17.203">
  <response-info timems="0.041" idlems="0.023" threads="1" lastid="0000000001354500" lastname="Thread-8" />
</exclusive-start>
<af-start id="4488" threadId="0000000001360288" totalBytesRequested="40" timestamp="2019-07-02T23:05:44.675" intervalms="16.137" />
<cycle-start id="4489" type="global" contextid="0" timestamp="2019-07-02T23:05:44.675" intervalms="16.141" />
  <attribute name="GC Util" value="52" />
  <attribute name="CPU Util" value="2380753380620" />
  <attribute name="Time Running"value="5232"/>
  <attribute name="Number of cores"value="4"/>
<gc-start id="4490" type="global" contextid="4489" timestamp="2019-07-02T23:05:44.675">
  <mem-info id="4491" free="165888" total="16646144" percent="0">
    <mem type="tenure" free="165888" total="16646144" percent="0">
      <mem type="soa" free="0" total="16480256" percent="0" />
      <mem type="loa" free="165888" total="165888" percent="100" />
    </mem>
  </mem-info>
</gc-start>
<allocation-stats totalBytes="10214464" >
  <allocated-bytes non-tlh="0" tlh="10214464" />
  <largest-consumer threadName="Thread-10" threadId="000000000135BD00" bytes="3853312" />
</allocation-stats>
<gc-op id="4492" type="mark" timems="2.303" contextid="4489" timestamp="2019-07-02T23:05:44.678">
  <trace-info objectcount="76862" scancount="69295" scanbytes="2536092" />
  <finalization candidates="124" enqueued="0" />
  <ownableSynchronizers candidates="3" cleared="0" />
  <references type="soft" candidates="84" cleared="0" enqueued="0" dynamicThreshold="19" maxThreshold="32" />
  <references type="weak" candidates="774" cleared="0" enqueued="0" />
  <references type="phantom" candidates="63" cleared="0" enqueued="0" />
  <stringconstants candidates="4574" cleared="0"  />
</gc-op>
<gc-op id="4493" type="sweep" timems="0.840" contextid="4489" timestamp="2019-07-02T23:05:44.679" />
<gc-end id="4494" type="global" contextid="4489" durationms="3.410" usertimems="8.000" systemtimems="0.000" timestamp="2019-07-02T23:05:44.679" activeThreads="4">
  <mem-info id="4495" free="10462888" total="16646144" percent="62">
    <mem type="tenure" free="10462888" total="16646144" percent="62" micro-fragmented="56830" macro-fragmented="0">
      <mem type="soa" free="10297000" total="16480256" percent="62" />
      <mem type="loa" free="165888" total="165888" percent="100" />
    </mem>
  </mem-info>
</gc-end>
<cycle-end id="4496" type="global" contextid="4489" timestamp="2019-07-02T23:05:44.679">
  <attribute name="GC Util" value="258" />
  <attribute name="CPU Util" value="7770904391345" />
  <attribute name="Time Running"value="5243"/>
  <attribute name="Number of cores"value="4"/>
</cycle-end>
<allocation-satisfied id="4497" threadId="000000000135F900" bytesRequested="40" />
<af-end id="4498" timestamp="2019-07-02T23:05:44.679" threadId="0000000001360288" success="true" />
<exclusive-end id="4499" timestamp="2019-07-02T23:05:44.679" durationms="3.858" />

<exclusive-start id="4500" timestamp="2019-07-02T23:05:44.687" intervalms="11.328">
  <response-info timems="0.032" idlems="0.032" threads="0" lastid="000000000135BD00" lastname="Thread-10" />
</exclusive-start>
<af-start id="4501" threadId="000000000135C688" totalBytesRequested="40" timestamp="2019-07-02T23:05:44.687" intervalms="11.313" />
<cycle-start id="4502" type="global" contextid="0" timestamp="2019-07-02T23:05:44.687" intervalms="11.303" />
  <attribute name="GC Util" value="258" />
  <attribute name="CPU Util" value="7770904391345" />
  <attribute name="Time Running"value="5243"/>
  <attribute name="Number of cores"value="4"/>
<gc-start id="4503" type="global" contextid="4502" timestamp="2019-07-02T23:05:44.687">
  <mem-info id="4504" free="165888" total="16646144" percent="0">
    <mem type="tenure" free="165888" total="16646144" percent="0">
      <mem type="soa" free="0" total="16480256" percent="0" />
      <mem type="loa" free="165888" total="165888" percent="100" />
    </mem>
  </mem-info>
</gc-start>
<allocation-stats totalBytes="10285472" >
  <allocated-bytes non-tlh="42216" tlh="10243256" />
  <largest-consumer threadName="Thread-7" threadId="0000000001358100" bytes="4413000" />
</allocation-stats>
<gc-op id="4505" type="mark" timems="2.266" contextid="4502" timestamp="2019-07-02T23:05:44.689">
  <trace-info objectcount="65784" scancount="58210" scanbytes="2184548" />
  <finalization candidates="124" enqueued="0" />
  <ownableSynchronizers candidates="3" cleared="0" />
  <references type="soft" candidates="84" cleared="0" enqueued="0" dynamicThreshold="20" maxThreshold="32" />
  <references type="weak" candidates="774" cleared="0" enqueued="0" />
  <references type="phantom" candidates="63" cleared="0" enqueued="0" />
  <stringconstants candidates="4574" cleared="0"  />
</gc-op>
<gc-op id="4506" type="sweep" timems="0.818" contextid="4502" timestamp="2019-07-02T23:05:44.690" />
<gc-end id="4507" type="global" contextid="4502" durationms="3.348" usertimems="12.000" systemtimems="0.000" timestamp="2019-07-02T23:05:44.690" activeThreads="4">
  <mem-info id="4508" free="10896944" total="16646144" percent="65">
    <mem type="tenure" free="10896944" total="16646144" percent="65" micro-fragmented="38912" macro-fragmented="39312">
      <mem type="soa" free="10731056" total="16480256" percent="65" />
      <mem type="loa" free="165888" total="165888" percent="100" />
    </mem>
  </mem-info>
</gc-end>
<cycle-end id="4509" type="global" contextid="4502" timestamp="2019-07-02T23:05:44.690">
  <attribute name="GC Util" value="245" />
  <attribute name="CPU Util" value="7957620800229" />
  <attribute name="Time Running"value="5254"/>
  <attribute name="Number of cores"value="4"/>
</cycle-end>
<allocation-satisfied id="4510" threadId="000000000135BD00" bytesRequested="40" />
<af-end id="4511" timestamp="2019-07-02T23:05:44.690" threadId="000000000135C688" success="true" />
<exclusive-end id="4512" timestamp="2019-07-02T23:05:44.690" durationms="3.760" />

<exclusive-start id="4513" timestamp="2019-07-02T23:05:44.696" intervalms="9.700">
  <response-info timems="0.031" idlems="0.031" threads="0" lastid="0000000001358100" lastname="Thread-7" />
</exclusive-start>
<af-start id="4514" threadId="0000000001358A88" totalBytesRequested="40" timestamp="2019-07-02T23:05:44.696" intervalms="9.703" />
<cycle-start id="4515" type="global" contextid="0" timestamp="2019-07-02T23:05:44.696" intervalms="9.714" />
  <attribute name="GC Util" value="245" />
  <attribute name="CPU Util" value="7957620800229" />
  <attribute name="Time Running"value="5254"/>
  <attribute name="Number of cores"value="4"/>
<gc-start id="4516" type="global" contextid="4515" timestamp="2019-07-02T23:05:44.696">
  <mem-info id="4517" free="165888" total="16646144" percent="0">
    <mem type="tenure" free="165888" total="16646144" percent="0">
      <mem type="soa" free="0" total="16480256" percent="0" />
      <mem type="loa" free="165888" total="165888" percent="100" />
    </mem>
  </mem-info>
</gc-start>
<allocation-stats totalBytes="10734296" >
  <allocated-bytes non-tlh="0" tlh="10734296" />
  <largest-consumer threadName="Thread-9" threadId="000000000135F900" bytes="3776936" />
</allocation-stats>
<gc-op id="4518" type="mark" timems="2.311" contextid="4515" timestamp="2019-07-02T23:05:44.699">
  <trace-info objectcount="73174" scancount="65629" scanbytes="2447684" />
  <finalization candidates="124" enqueued="0" />
  <ownableSynchronizers candidates="3" cleared="0" />
  <references type="soft" candidates="84" cleared="0" enqueued="0" dynamicThreshold="20" maxThreshold="32" />
  <references type="weak" candidates="774" cleared="0" enqueued="0" />
  <references type="phantom" candidates="63" cleared="0" enqueued="0" />
  <stringconstants candidates="4574" cleared="0"  />
</gc-op>
<gc-op id="4519" type="sweep" timems="0.865" contextid="4515" timestamp="2019-07-02T23:05:44.700" />
<heap-resize id="4520" type="contract" space="tenure" amount="131072" count="1" timems="0.043" reason="excess free space following gc" timestamp="2019-07-02T23:05:44.700" />
<gc-end id="4521" type="global" contextid="4515" durationms="3.604" usertimems="8.000" systemtimems="0.000" timestamp="2019-07-02T23:05:44.700" activeThreads="4">
  <mem-info id="4522" free="10350216" total="16515072" percent="62">
    <mem type="tenure" free="10350216" total="16515072" percent="62" micro-fragmented="80152" macro-fragmented="14107">
      <mem type="soa" free="10350216" total="16350208" percent="63" />
      <mem type="loa" free="0" total="164864" percent="0" />
    </mem>
  </mem-info>
</gc-end>
<cycle-end id="4523" type="global" contextid="4515" timestamp="2019-07-02T23:05:44.700">
  <attribute name="GC Util" value="252" />
  <attribute name="CPU Util" value="7765709415415" />
  <attribute name="Time Running"value="5264"/>
  <attribute name="Number of cores"value="4"/>
</cycle-end>
<allocation-satisfied id="4524" threadId="0000000001358100" bytesRequested="40" />
<af-end id="4525" timestamp="2019-07-02T23:05:44.700" threadId="0000000001358A88" success="true" />
<exclusive-end id="4526" timestamp="2019-07-02T23:05:44.701" durationms="4.297" />

<exclusive-start id="4527" timestamp="2019-07-02T23:05:44.706" intervalms="9.659">
  <response-info timems="0.132" idlems="0.132" threads="0" lastid="0000000001354500" lastname="Thread-8" />
</exclusive-start>
<af-start id="4528" threadId="0000000001354E88" totalBytesRequested="40" timestamp="2019-07-02T23:05:44.706" intervalms="9.643" />
<cycle-start id="4529" type="global" contextid="0" timestamp="2019-07-02T23:05:44.706" intervalms="9.642" />
  <attribute name="GC Util" value="252" />
  <attribute name="CPU Util" value="7765709415415" />
  <attribute name="Time Running"value="5264"/>
  <attribute name="Number of cores"value="4"/>
<gc-start id="4530" type="global" contextid="4529" timestamp="2019-07-02T23:05:44.706">
  <mem-info id="4531" free="0" total="16515072" percent="0">
    <mem type="tenure" free="0" total="16515072" percent="0">
      <mem type="soa" free="0" total="16350208" percent="0" />
      <mem type="loa" free="0" total="164864" percent="0" />
    </mem>
  </mem-info>
</gc-start>
<allocation-stats totalBytes="10348920" >
  <allocated-bytes non-tlh="19056" tlh="10329864" />
  <largest-consumer threadName="Thread-9" threadId="000000000135F900" bytes="3031512" />
</allocation-stats>
<gc-op id="4532" type="mark" timems="1.852" contextid="4529" timestamp="2019-07-02T23:05:44.708">
  <trace-info objectcount="71402" scancount="63834" scanbytes="2405268" />
  <finalization candidates="124" enqueued="0" />
  <ownableSynchronizers candidates="3" cleared="0" />
  <references type="soft" candidates="84" cleared="0" enqueued="0" dynamicThreshold="20" maxThreshold="32" />
  <references type="weak" candidates="774" cleared="0" enqueued="0" />
  <references type="phantom" candidates="63" cleared="0" enqueued="0" />
  <stringconstants candidates="4574" cleared="0"  />
</gc-op>
<gc-op id="4533" type="sweep" timems="0.812" contextid="4529" timestamp="2019-07-02T23:05:44.709" />
<heap-resize id="4534" type="contract" space="tenure" amount="65536" count="1" timems="0.065" reason="excess free space following gc" timestamp="2019-07-02T23:05:44.709" />
<gc-end id="4535" type="global" contextid="4529" durationms="3.085" usertimems="8.000" systemtimems="0.000" timestamp="2019-07-02T23:05:44.709" activeThreads="4">
  <mem-info id="4536" free="10345144" total="16449536" percent="62">
    <mem type="tenure" free="10345144" total="16449536" percent="62" micro-fragmented="54282" macro-fragmented="40030">
      <mem type="soa" free="10345144" total="16285696" percent="63" />
      <mem type="loa" free="0" total="163840" percent="0" />
    </mem>
  </mem-info>
</gc-end>
<cycle-end id="4537" type="global" contextid="4529" timestamp="2019-07-02T23:05:44.709">
  <attribute name="GC Util" value="254" />
  <attribute name="CPU Util" value="9625235090128" />
  <attribute name="Time Running"value="5273"/>
  <attribute name="Number of cores"value="4"/>
</cycle-end>
<allocation-satisfied id="4538" threadId="0000000001354500" bytesRequested="40" />
<af-end id="4539" timestamp="2019-07-02T23:05:44.710" threadId="0000000001354E88" success="true" />
<exclusive-end id="4540" timestamp="2019-07-02T23:05:44.710" durationms="3.731" />

<exclusive-start id="4541" timestamp="2019-07-02T23:05:44.716" intervalms="9.848">
  <response-info timems="0.277" idlems="0.277" threads="0" lastid="0000000001358100" lastname="Thread-7" />
</exclusive-start>
<af-start id="4542" threadId="0000000001358A88" totalBytesRequested="40" timestamp="2019-07-02T23:05:44.716" intervalms="9.842" />
<cycle-start id="4543" type="global" contextid="0" timestamp="2019-07-02T23:05:44.716" intervalms="9.843" />
  <attribute name="GC Util" value="254" />
  <attribute name="CPU Util" value="9625235090128" />
  <attribute name="Time Running"value="5273"/>
  <attribute name="Number of cores"value="4"/>
<gc-start id="4544" type="global" contextid="4543" timestamp="2019-07-02T23:05:44.716">
  <mem-info id="4545" free="0" total="16449536" percent="0">
    <mem type="tenure" free="0" total="16449536" percent="0">
      <mem type="soa" free="0" total="16285696" percent="0" />
      <mem type="loa" free="0" total="163840" percent="0" />
    </mem>
  </mem-info>
</gc-start>
<allocation-stats totalBytes="10344936" >
  <allocated-bytes non-tlh="23160" tlh="10321776" />
  <largest-consumer threadName="Thread-7" threadId="0000000001358100" bytes="3069760" />
</allocation-stats>
<gc-op id="4546" type="mark" timems="2.390" contextid="4543" timestamp="2019-07-02T23:05:44.718">
  <trace-info objectcount="68461" scancount="60890" scanbytes="2334452" />
  <finalization candidates="124" enqueued="0" />
  <ownableSynchronizers candidates="3" cleared="0" />
  <references type="soft" candidates="84" cleared="0" enqueued="0" dynamicThreshold="20" maxThreshold="32" />
  <references type="weak" candidates="774" cleared="0" enqueued="0" />
  <references type="phantom" candidates="63" cleared="0" enqueued="0" />
  <stringconstants candidates="4574" cleared="0"  />
</gc-op>
<gc-op id="4547" type="sweep" timems="0.785" contextid="4543" timestamp="2019-07-02T23:05:44.719" />
<mem-info id="4548" free="10361168" total="16449536" percent="62">
  <mem type="tenure" free="10361168" total="16449536" percent="62" micro-fragmented="126072" macro-fragmented="29664">
    <mem type="soa" free="10361168" total="16285696" percent="63" />
    <mem type="loa" free="0" total="163840" percent="0" />
  </mem>
</mem-info>
<gc-op id="4549" type="compact" timems="5.522" contextid="4543" timestamp="2019-07-02T23:05:44.725">
  <compact-info movecount="28720" movebytes="1240120" reason="compact to aid heap contraction" />
</gc-op>
<heap-resize id="4550" type="contract" space="tenure" amount="131072" count="1" timems="0.098" reason="excess free space following gc" timestamp="2019-07-02T23:05:44.725" />
<gc-end id="4551" type="global" contextid="4543" durationms="9.451" usertimems="8.000" systemtimems="8.000" timestamp="2019-07-02T23:05:44.725" activeThreads="4">
  <mem-info id="4552" free="10416328" total="16318464" percent="63">
    <mem type="tenure" free="10416328" total="16318464" percent="63">
      <mem type="soa" free="10286280" total="16155648" percent="63" />
      <mem type="loa" free="130048" total="162816" percent="79" />
    </mem>
  </mem-info>
</gc-end>
<cycle-end id="4553" type="global" contextid="4543" timestamp="2019-07-02T23:05:44.725">
  <attribute name="GC Util" value="139" />
  <attribute name="CPU Util" value="17785976968408" />
  <attribute name="Time Running"value="5284"/>
  <attribute name="Number of cores"value="4"/>
</cycle-end>
<allocation-satisfied id="4554" threadId="0000000001358100" bytesRequested="40" />
<af-end id="4555" timestamp="2019-07-02T23:05:44.726" threadId="0000000001358A88" success="true" />
<exclusive-end id="4556" timestamp="2019-07-02T23:05:44.726" durationms="10.065" />

<exclusive-start id="4557" timestamp="2019-07-02T23:05:44.733" intervalms="16.910">
  <response-info timems="0.032" idlems="0.032" threads="0" lastid="0000000001358100" lastname="Thread-7" />
</exclusive-start>
<af-start id="4558" threadId="0000000001358A88" totalBytesRequested="40" timestamp="2019-07-02T23:05:44.733" intervalms="16.938" />
<cycle-start id="4559" type="global" contextid="0" timestamp="2019-07-02T23:05:44.733" intervalms="16.939" />
  <attribute name="GC Util" value="139" />
  <attribute name="CPU Util" value="17785976968408" />
  <attribute name="Time Running"value="5284"/>
  <attribute name="Number of cores"value="4"/>
<gc-start id="4560" type="global" contextid="4559" timestamp="2019-07-02T23:05:44.733">
  <mem-info id="4561" free="130048" total="16318464" percent="0">
    <mem type="tenure" free="130048" total="16318464" percent="0">
      <mem type="soa" free="0" total="16155648" percent="0" />
      <mem type="loa" free="130048" total="162816" percent="79" />
    </mem>
  </mem-info>
</gc-start>
<allocation-stats totalBytes="10350232" >
  <allocated-bytes non-tlh="0" tlh="10350232" />
  <largest-consumer threadName="Thread-10" threadId="000000000135BD00" bytes="3767808" />
</allocation-stats>
<gc-op id="4562" type="mark" timems="2.215" contextid="4559" timestamp="2019-07-02T23:05:44.735">
  <trace-info objectcount="70192" scancount="62617" scanbytes="2376212" />
  <finalization candidates="124" enqueued="0" />
  <ownableSynchronizers candidates="3" cleared="0" />
  <references type="soft" candidates="84" cleared="0" enqueued="0" dynamicThreshold="20" maxThreshold="32" />
  <references type="weak" candidates="774" cleared="0" enqueued="0" />
  <references type="phantom" candidates="63" cleared="0" enqueued="0" />
  <stringconstants candidates="4574" cleared="0"  />
</gc-op>
<gc-op id="4563" type="sweep" timems="0.750" contextid="4559" timestamp="2019-07-02T23:05:44.736" />
<heap-resize id="4564" type="contract" space="tenure" amount="131072" count="1" timems="0.079" reason="excess free space following gc" timestamp="2019-07-02T23:05:44.736" />
<gc-end id="4565" type="global" contextid="4559" durationms="3.487" usertimems="12.000" systemtimems="0.000" timestamp="2019-07-02T23:05:44.736" activeThreads="4">
  <mem-info id="4566" free="10168256" total="16187392" percent="62">
    <mem type="tenure" free="10168256" total="16187392" percent="62" micro-fragmented="10789" macro-fragmented="84272">
      <mem type="soa" free="10168256" total="16025600" percent="63" />
      <mem type="loa" free="0" total="161792" percent="0" />
    </mem>
  </mem-info>
</gc-end>
<cycle-end id="4567" type="global" contextid="4559" timestamp="2019-07-02T23:05:44.736">
  <attribute name="GC Util" value="255" />
  <attribute name="CPU Util" value="8122086066728" />
  <attribute name="Time Running"value="5300"/>
  <attribute name="Number of cores"value="4"/>
</cycle-end>
<allocation-satisfied id="4568" threadId="0000000001358100" bytesRequested="40" />
<af-end id="4569" timestamp="2019-07-02T23:05:44.737" threadId="0000000001358A88" success="true" />
<exclusive-end id="4570" timestamp="2019-07-02T23:05:44.737" durationms="3.976" />

<exclusive-start id="4571" timestamp="2019-07-02T23:05:44.746" intervalms="13.202">
  <response-info timems="0.079" idlems="0.075" threads="1" lastid="0000000001358100" lastname="Thread-7" />
</exclusive-start>
<af-start id="4572" threadId="0000000001354E88" totalBytesRequested="40" timestamp="2019-07-02T23:05:44.746" intervalms="13.253" />
<cycle-start id="4573" type="global" contextid="0" timestamp="2019-07-02T23:05:44.746" intervalms="13.287" />
  <attribute name="GC Util" value="255" />
  <attribute name="CPU Util" value="8122086066728" />
  <attribute name="Time Running"value="5300"/>
  <attribute name="Number of cores"value="4"/>
<gc-start id="4574" type="global" contextid="4573" timestamp="2019-07-02T23:05:44.746">
  <mem-info id="4575" free="0" total="16187392" percent="0">
    <mem type="tenure" free="0" total="16187392" percent="0">
      <mem type="soa" free="0" total="16025600" percent="0" />
      <mem type="loa" free="0" total="161792" percent="0" />
    </mem>
  </mem-info>
</gc-start>
<allocation-stats totalBytes="10168104" >
  <allocated-bytes non-tlh="0" tlh="10168104" />
  <largest-consumer threadName="Thread-7" threadId="0000000001358100" bytes="5572936" />
</allocation-stats>
<gc-op id="4576" type="mark" timems="2.299" contextid="4573" timestamp="2019-07-02T23:05:44.749">
  <trace-info objectcount="72869" scancount="65296" scanbytes="2440460" />
  <finalization candidates="124" enqueued="0" />
  <ownableSynchronizers candidates="3" cleared="0" />
  <references type="soft" candidates="84" cleared="0" enqueued="0" dynamicThreshold="20" maxThreshold="32" />
  <references type="weak" candidates="774" cleared="0" enqueued="0" />
  <references type="phantom" candidates="63" cleared="0" enqueued="0" />
  <stringconstants candidates="4574" cleared="0"  />
</gc-op>
<gc-op id="4577" type="sweep" timems="0.785" contextid="4573" timestamp="2019-07-02T23:05:44.749" />
<mem-info id="4578" free="10087608" total="16187392" percent="62">
  <mem type="tenure" free="10087608" total="16187392" percent="62" micro-fragmented="5921" macro-fragmented="28728">
    <mem type="soa" free="10087608" total="16025600" percent="62" />
    <mem type="loa" free="0" total="161792" percent="0" />
  </mem>
</mem-info>
<gc-op id="4579" type="compact" timems="5.515" contextid="4573" timestamp="2019-07-02T23:05:44.755">
  <compact-info movecount="18895" movebytes="774112" reason="compact to aid heap contraction" />
</gc-op>
<heap-resize id="4580" type="contract" space="tenure" amount="131072" count="1" timems="0.094" reason="excess free space following gc" timestamp="2019-07-02T23:05:44.756" />
<gc-end id="4581" type="global" contextid="4573" durationms="9.496" usertimems="20.000" systemtimems="0.000" timestamp="2019-07-02T23:05:44.756" activeThreads="4">
  <mem-info id="4582" free="10050224" total="16056320" percent="62">
    <mem type="tenure" free="10050224" total="16056320" percent="62">
      <mem type="soa" free="9921200" total="15896576" percent="62" />
      <mem type="loa" free="129024" total="159744" percent="80" />
    </mem>
  </mem-info>
</gc-end>
<cycle-end id="4583" type="global" contextid="4573" timestamp="2019-07-02T23:05:44.756">
  <attribute name="GC Util" value="138" />
  <attribute name="CPU Util" value="17081963259718" />
  <attribute name="Time Running"value="5315"/>
  <attribute name="Number of cores"value="4"/>
</cycle-end>
<allocation-satisfied id="4584" threadId="0000000001354500" bytesRequested="40" />
<af-end id="4585" timestamp="2019-07-02T23:05:44.756" threadId="0000000001354E88" success="true" />
<exclusive-end id="4586" timestamp="2019-07-02T23:05:44.756" durationms="10.250" />

<exclusive-start id="4587" timestamp="2019-07-02T23:05:44.762" intervalms="16.393">
  <response-info timems="0.024" idlems="0.024" threads="0" lastid="000000000135F900" lastname="Thread-9" />
</exclusive-start>
<af-start id="4588" threadId="0000000001360288" totalBytesRequested="24" timestamp="2019-07-02T23:05:44.762" intervalms="16.387" />
<cycle-start id="4589" type="global" contextid="0" timestamp="2019-07-02T23:05:44.762" intervalms="16.364" />
  <attribute name="GC Util" value="138" />
  <attribute name="CPU Util" value="17081963259718" />
  <attribute name="Time Running"value="5315"/>
  <attribute name="Number of cores"value="4"/>
<gc-start id="4590" type="global" contextid="4589" timestamp="2019-07-02T23:05:44.763">
  <mem-info id="4591" free="129024" total="16056320" percent="0">
    <mem type="tenure" free="129024" total="16056320" percent="0">
      <mem type="soa" free="0" total="15896576" percent="0" />
      <mem type="loa" free="129024" total="159744" percent="80" />
    </mem>
  </mem-info>
</gc-start>
<allocation-stats totalBytes="9986128" >
  <allocated-bytes non-tlh="0" tlh="9986128" />
  <largest-consumer threadName="Thread-10" threadId="000000000135BD00" bytes="3489592" />
</allocation-stats>
<gc-op id="4592" type="mark" timems="1.228" contextid="4589" timestamp="2019-07-02T23:05:44.764">
  <trace-info objectcount="68731" scancount="61170" scanbytes="2340804" />
  <finalization candidates="124" enqueued="0" />
  <ownableSynchronizers candidates="3" cleared="0" />
  <references type="soft" candidates="84" cleared="0" enqueued="0" dynamicThreshold="20" maxThreshold="32" />
  <references type="weak" candidates="774" cleared="0" enqueued="0" />
  <references type="phantom" candidates="63" cleared="0" enqueued="0" />
  <stringconstants candidates="4574" cleared="0"  />
</gc-op>
<gc-op id="4593" type="sweep" timems="0.242" contextid="4589" timestamp="2019-07-02T23:05:44.764" />
<heap-resize id="4594" type="contract" space="tenure" amount="131072" count="1" timems="0.069" reason="excess free space following gc" timestamp="2019-07-02T23:05:44.765" />
<gc-end id="4595" type="global" contextid="4589" durationms="2.123" usertimems="4.000" systemtimems="0.000" timestamp="2019-07-02T23:05:44.765" activeThreads="4">
  <mem-info id="4596" free="9959536" total="15925248" percent="62">
    <mem type="tenure" free="9959536" total="15925248" percent="62" micro-fragmented="58246" macro-fragmented="0">
      <mem type="soa" free="9870104" total="15766528" percent="62" />
      <mem type="loa" free="89432" total="158720" percent="56" />
    </mem>
  </mem-info>
</gc-end>
<cycle-end id="4597" type="global" contextid="4589" timestamp="2019-07-02T23:05:44.765">
  <attribute name="GC Util" value="204" />
  <attribute name="CPU Util" value="14085580459000" />
  <attribute name="Time Running"value="5329"/>
  <attribute name="Number of cores"value="4"/>
</cycle-end>
<allocation-satisfied id="4598" threadId="000000000135F900" bytesRequested="24" />
<af-end id="4599" timestamp="2019-07-02T23:05:44.765" threadId="0000000001360288" success="true" />
<exclusive-end id="4600" timestamp="2019-07-02T23:05:44.765" durationms="2.694" />

<exclusive-start id="4601" timestamp="2019-07-02T23:05:44.771" intervalms="8.782">
  <response-info timems="0.027" idlems="0.027" threads="0" lastid="000000000135F900" lastname="Thread-9" />
</exclusive-start>
<af-start id="4602" threadId="0000000001360288" totalBytesRequested="24" timestamp="2019-07-02T23:05:44.771" intervalms="8.733" />
<cycle-start id="4603" type="global" contextid="0" timestamp="2019-07-02T23:05:44.771" intervalms="8.731" />
  <attribute name="GC Util" value="204" />
  <attribute name="CPU Util" value="14085580459000" />
  <attribute name="Time Running"value="5329"/>
  <attribute name="Number of cores"value="4"/>
<gc-start id="4604" type="global" contextid="4603" timestamp="2019-07-02T23:05:44.771">
  <mem-info id="4605" free="89432" total="15925248" percent="0">
    <mem type="tenure" free="89432" total="15925248" percent="0">
      <mem type="soa" free="0" total="15766528" percent="0" />
      <mem type="loa" free="89432" total="158720" percent="56" />
    </mem>
  </mem-info>
</gc-start>
<allocation-stats totalBytes="9887456" >
  <allocated-bytes non-tlh="0" tlh="9887456" />
  <largest-consumer threadName="Thread-7" threadId="0000000001358100" bytes="3714168" />
</allocation-stats>
<gc-op id="4606" type="mark" timems="1.099" contextid="4603" timestamp="2019-07-02T23:05:44.772">
  <trace-info objectcount="64703" scancount="57133" scanbytes="2244180" />
  <finalization candidates="124" enqueued="0" />
  <ownableSynchronizers candidates="3" cleared="0" />
  <references type="soft" candidates="84" cleared="0" enqueued="0" dynamicThreshold="20" maxThreshold="32" />
  <references type="weak" candidates="774" cleared="0" enqueued="0" />
  <references type="phantom" candidates="63" cleared="0" enqueued="0" />
  <stringconstants candidates="4574" cleared="0"  />
</gc-op>
<gc-op id="4607" type="sweep" timems="0.274" contextid="4603" timestamp="2019-07-02T23:05:44.773" />
<heap-resize id="4608" type="contract" space="tenure" amount="131072" count="1" timems="0.105" reason="excess free space following gc" timestamp="2019-07-02T23:05:44.773" />
<gc-end id="4609" type="global" contextid="4603" durationms="1.905" usertimems="4.000" systemtimems="4.000" timestamp="2019-07-02T23:05:44.773" activeThreads="4">
  <mem-info id="4610" free="9705160" total="15794176" percent="61">
    <mem type="tenure" free="9705160" total="15794176" percent="61" micro-fragmented="90844" macro-fragmented="90576">
      <mem type="soa" free="9705160" total="15636480" percent="62" />
      <mem type="loa" free="0" total="157696" percent="0" />
    </mem>
  </mem-info>
</gc-end>
<cycle-end id="4611" type="global" contextid="4603" timestamp="2019-07-02T23:05:44.773">
  <attribute name="GC Util" value="220" />
  <attribute name="CPU Util" value="15613290647820" />
  <attribute name="Time Running"value="5337"/>
  <attribute name="Number of cores"value="4"/>
</cycle-end>
<allocation-satisfied id="4612" threadId="000000000135F900" bytesRequested="24" />
<af-end id="4613" timestamp="2019-07-02T23:05:44.774" threadId="0000000001360288" success="true" />
<exclusive-end id="4614" timestamp="2019-07-02T23:05:44.774" durationms="2.607" />

<exclusive-start id="4615" timestamp="2019-07-02T23:05:44.779" intervalms="8.211">
  <response-info timems="0.055" idlems="0.035" threads="1" lastid="000000000135F900" lastname="Thread-9" />
</exclusive-start>
<af-start id="4616" threadId="0000000001354E88" totalBytesRequested="40" timestamp="2019-07-02T23:05:44.779" intervalms="8.207" />
<cycle-start id="4617" type="global" contextid="0" timestamp="2019-07-02T23:05:44.779" intervalms="8.197" />
  <attribute name="GC Util" value="220" />
  <attribute name="CPU Util" value="15613290647820" />
  <attribute name="Time Running"value="5337"/>
  <attribute name="Number of cores"value="4"/>
<gc-start id="4618" type="global" contextid="4617" timestamp="2019-07-02T23:05:44.779">
  <mem-info id="4619" free="0" total="15794176" percent="0">
    <mem type="tenure" free="0" total="15794176" percent="0">
      <mem type="soa" free="0" total="15636480" percent="0" />
      <mem type="loa" free="0" total="157696" percent="0" />
    </mem>
  </mem-info>
</gc-start>
<allocation-stats totalBytes="9767120" >
  <allocated-bytes non-tlh="19056" tlh="9748064" />
  <largest-consumer threadName="Thread-10" threadId="000000000135BD00" bytes="3199064" />
</allocation-stats>
<gc-op id="4620" type="mark" timems="1.825" contextid="4617" timestamp="2019-07-02T23:05:44.781">
  <trace-info objectcount="60491" scancount="52929" scanbytes="2143196" />
  <finalization candidates="124" enqueued="0" />
  <ownableSynchronizers candidates="3" cleared="0" />
  <references type="soft" candidates="84" cleared="0" enqueued="0" dynamicThreshold="19" maxThreshold="32" />
  <references type="weak" candidates="774" cleared="0" enqueued="0" />
  <references type="phantom" candidates="63" cleared="0" enqueued="0" />
  <stringconstants candidates="4574" cleared="0"  />
</gc-op>
<gc-op id="4621" type="sweep" timems="0.722" contextid="4617" timestamp="2019-07-02T23:05:44.782" />
<mem-info id="4622" free="9942112" total="15794176" percent="62">
  <mem type="tenure" free="9942112" total="15794176" percent="62" micro-fragmented="23296" macro-fragmented="55476">
    <mem type="soa" free="9942112" total="15636480" percent="63" />
    <mem type="loa" free="0" total="157696" percent="0" />
  </mem>
</mem-info>
<gc-op id="4623" type="compact" timems="5.356" contextid="4617" timestamp="2019-07-02T23:05:44.788">
  <compact-info movecount="20750" movebytes="1048864" reason="compact to aid heap contraction" />
</gc-op>
<heap-resize id="4624" type="contract" space="tenure" amount="131072" count="1" timems="0.092" reason="excess free space following gc" timestamp="2019-07-02T23:05:44.788" />
<gc-end id="4625" type="global" contextid="4617" durationms="8.747" usertimems="16.000" systemtimems="0.000" timestamp="2019-07-02T23:05:44.788" activeThreads="4">
  <mem-info id="4626" free="9958368" total="15663104" percent="63">
    <mem type="tenure" free="9958368" total="15663104" percent="63">
      <mem type="soa" free="9829344" total="15507456" percent="63" />
      <mem type="loa" free="129024" total="155648" percent="82" />
    </mem>
  </mem-info>
</gc-end>
<cycle-end id="4627" type="global" contextid="4617" timestamp="2019-07-02T23:05:44.788">
  <attribute name="GC Util" value="147" />
  <attribute name="CPU Util" value="18667109015875" />
  <attribute name="Time Running"value="5347"/>
  <attribute name="Number of cores"value="4"/>
</cycle-end>
<allocation-satisfied id="4628" threadId="0000000001354500" bytesRequested="40" />
<af-end id="4629" timestamp="2019-07-02T23:05:44.789" threadId="0000000001354E88" success="true" />
<exclusive-end id="4630" timestamp="2019-07-02T23:05:44.789" durationms="9.433" />

<exclusive-start id="4631" timestamp="2019-07-02T23:05:44.798" intervalms="18.611">
  <response-info timems="0.038" idlems="0.038" threads="0" lastid="0000000001354500" lastname="Thread-8" />
</exclusive-start>
<af-start id="4632" threadId="0000000001354E88" totalBytesRequested="24" timestamp="2019-07-02T23:05:44.798" intervalms="18.648" />
<cycle-start id="4633" type="global" contextid="0" timestamp="2019-07-02T23:05:44.798" intervalms="18.651" />
  <attribute name="GC Util" value="147" />
  <attribute name="CPU Util" value="18667109015875" />
  <attribute name="Time Running"value="5347"/>
  <attribute name="Number of cores"value="4"/>
<gc-start id="4634" type="global" contextid="4633" timestamp="2019-07-02T23:05:44.798">
  <mem-info id="4635" free="129024" total="15663104" percent="0">
    <mem type="tenure" free="129024" total="15663104" percent="0">
      <mem type="soa" free="0" total="15507456" percent="0" />
      <mem type="loa" free="129024" total="155648" percent="82" />
    </mem>
  </mem-info>
</gc-start>
<allocation-stats totalBytes="9893408" >
  <allocated-bytes non-tlh="0" tlh="9893408" />
  <largest-consumer threadName="Thread-7" threadId="0000000001358100" bytes="5339368" />
</allocation-stats>
<gc-op id="4636" type="mark" timems="2.438" contextid="4633" timestamp="2019-07-02T23:05:44.801">
  <trace-info objectcount="60942" scancount="53379" scanbytes="2154036" />
  <finalization candidates="124" enqueued="0" />
  <ownableSynchronizers candidates="3" cleared="0" />
  <references type="soft" candidates="84" cleared="0" enqueued="0" dynamicThreshold="20" maxThreshold="32" />
  <references type="weak" candidates="774" cleared="0" enqueued="0" />
  <references type="phantom" candidates="63" cleared="0" enqueued="0" />
  <stringconstants candidates="4574" cleared="0"  />
</gc-op>
<gc-op id="4637" type="sweep" timems="0.609" contextid="4633" timestamp="2019-07-02T23:05:44.801" />
<heap-resize id="4638" type="contract" space="tenure" amount="131072" count="1" timems="0.053" reason="excess free space following gc" timestamp="2019-07-02T23:05:44.802" />
<gc-end id="4639" type="global" contextid="4633" durationms="3.596" usertimems="8.000" systemtimems="0.000" timestamp="2019-07-02T23:05:44.802" activeThreads="4">
  <mem-info id="4640" free="9747888" total="15532032" percent="62">
    <mem type="tenure" free="9747888" total="15532032" percent="62" micro-fragmented="18007" macro-fragmented="0">
      <mem type="soa" free="9747888" total="15377408" percent="63" />
      <mem type="loa" free="0" total="154624" percent="0" />
    </mem>
  </mem-info>
</gc-end>
<cycle-end id="4641" type="global" contextid="4633" timestamp="2019-07-02T23:05:44.802">
  <attribute name="GC Util" value="240" />
  <attribute name="CPU Util" value="7393197055037" />
  <attribute name="Time Running"value="5366"/>
  <attribute name="Number of cores"value="4"/>
</cycle-end>
<allocation-satisfied id="4642" threadId="0000000001354500" bytesRequested="24" />
<af-end id="4643" timestamp="2019-07-02T23:05:44.802" threadId="0000000001354E88" success="true" />
<exclusive-end id="4644" timestamp="2019-07-02T23:05:44.802" durationms="4.283" />

<exclusive-start id="4645" timestamp="2019-07-02T23:05:44.809" intervalms="11.014">
  <response-info timems="0.039" idlems="0.039" threads="0" lastid="0000000001354500" lastname="Thread-8" />
</exclusive-start>
<af-start id="4646" threadId="0000000001354E88" totalBytesRequested="40" timestamp="2019-07-02T23:05:44.809" intervalms="10.977" />
<cycle-start id="4647" type="global" contextid="0" timestamp="2019-07-02T23:05:44.809" intervalms="10.969" />
  <attribute name="GC Util" value="240" />
  <attribute name="CPU Util" value="7393197055037" />
  <attribute name="Time Running"value="5366"/>
  <attribute name="Number of cores"value="4"/>
<gc-start id="4648" type="global" contextid="4647" timestamp="2019-07-02T23:05:44.809">
  <mem-info id="4649" free="0" total="15532032" percent="0">
    <mem type="tenure" free="0" total="15532032" percent="0">
      <mem type="soa" free="0" total="15377408" percent="0" />
      <mem type="loa" free="0" total="154624" percent="0" />
    </mem>
  </mem-info>
</gc-start>
<allocation-stats totalBytes="9748136" >
  <allocated-bytes non-tlh="0" tlh="9748136" />
  <largest-consumer threadName="Thread-7" threadId="0000000001358100" bytes="3838320" />
</allocation-stats>
<gc-op id="4650" type="mark" timems="2.321" contextid="4647" timestamp="2019-07-02T23:05:44.811">
  <trace-info objectcount="61453" scancount="53876" scanbytes="2166356" />
  <finalization candidates="124" enqueued="0" />
  <ownableSynchronizers candidates="3" cleared="0" />
  <references type="soft" candidates="84" cleared="0" enqueued="0" dynamicThreshold="20" maxThreshold="32" />
  <references type="weak" candidates="774" cleared="0" enqueued="0" />
  <references type="phantom" candidates="63" cleared="0" enqueued="0" />
  <stringconstants candidates="4574" cleared="0"  />
</gc-op>
<gc-op id="4651" type="sweep" timems="0.587" contextid="4647" timestamp="2019-07-02T23:05:44.812" />
<mem-info id="4652" free="9781152" total="15532032" percent="62">
  <mem type="tenure" free="9781152" total="15532032" percent="62" micro-fragmented="8744" macro-fragmented="45288">
    <mem type="soa" free="9715616" total="15377408" percent="63" />
    <mem type="loa" free="65536" total="154624" percent="42" />
  </mem>
</mem-info>
<gc-op id="4653" type="compact" timems="4.189" contextid="4647" timestamp="2019-07-02T23:05:44.817">
  <compact-info movecount="6822" movebytes="302536" reason="compact to aid heap contraction" />
</gc-op>
<heap-resize id="4654" type="contract" space="tenure" amount="131072" count="1" timems="0.063" reason="excess free space following gc" timestamp="2019-07-02T23:05:44.817" />
<gc-end id="4655" type="global" contextid="4647" durationms="7.793" usertimems="16.000" systemtimems="0.000" timestamp="2019-07-02T23:05:44.817" activeThreads="4">
  <mem-info id="4656" free="9676136" total="15400960" percent="62">
    <mem type="tenure" free="9676136" total="15400960" percent="62">
      <mem type="soa" free="9546088" total="15247360" percent="62" />
      <mem type="loa" free="130048" total="153600" percent="84" />
    </mem>
  </mem-info>
</gc-end>
<cycle-end id="4657" type="global" contextid="4647" timestamp="2019-07-02T23:05:44.817">
  <attribute name="GC Util" value="129" />
  <attribute name="CPU Util" value="23259684156616" />
  <attribute name="Time Running"value="5377"/>
  <attribute name="Number of cores"value="4"/>
</cycle-end>
<allocation-satisfied id="4658" threadId="0000000001354500" bytesRequested="40" />
<af-end id="4659" timestamp="2019-07-02T23:05:44.817" threadId="0000000001354E88" success="true" />
<exclusive-end id="4660" timestamp="2019-07-02T23:05:44.817" durationms="8.508" />

<exclusive-start id="4661" timestamp="2019-07-02T23:05:44.824" intervalms="14.827">
  <response-info timems="0.032" idlems="0.032" threads="0" lastid="0000000001354500" lastname="Thread-8" />
</exclusive-start>
<af-start id="4662" threadId="0000000001354E88" totalBytesRequested="24" timestamp="2019-07-02T23:05:44.824" intervalms="14.824" />
<cycle-start id="4663" type="global" contextid="0" timestamp="2019-07-02T23:05:44.824" intervalms="14.827" />
  <attribute name="GC Util" value="129" />
  <attribute name="CPU Util" value="23259684156616" />
  <attribute name="Time Running"value="5377"/>
  <attribute name="Number of cores"value="4"/>
<gc-start id="4664" type="global" contextid="4663" timestamp="2019-07-02T23:05:44.824">
  <mem-info id="4665" free="130048" total="15400960" percent="0">
    <mem type="tenure" free="130048" total="15400960" percent="0">
      <mem type="soa" free="0" total="15247360" percent="0" />
      <mem type="loa" free="130048" total="153600" percent="84" />
    </mem>
  </mem-info>
</gc-start>
<allocation-stats totalBytes="9610824" >
  <allocated-bytes non-tlh="0" tlh="9610824" />
  <largest-consumer threadName="Thread-7" threadId="0000000001358100" bytes="3374848" />
</allocation-stats>
<gc-op id="4666" type="mark" timems="2.316" contextid="4663" timestamp="2019-07-02T23:05:44.826">
  <trace-info objectcount="62058" scancount="54469" scanbytes="2180996" />
  <finalization candidates="124" enqueued="0" />
  <ownableSynchronizers candidates="3" cleared="0" />
  <references type="soft" candidates="84" cleared="0" enqueued="0" dynamicThreshold="20" maxThreshold="32" />
  <references type="weak" candidates="774" cleared="0" enqueued="0" />
  <references type="phantom" candidates="63" cleared="0" enqueued="0" />
  <stringconstants candidates="4574" cleared="0"  />
</gc-op>
<gc-op id="4667" type="sweep" timems="0.708" contextid="4663" timestamp="2019-07-02T23:05:44.827" />
<heap-resize id="4668" type="contract" space="tenure" amount="131072" count="1" timems="0.044" reason="excess free space following gc" timestamp="2019-07-02T23:05:44.827" />
<gc-end id="4669" type="global" contextid="4663" durationms="3.588" usertimems="8.000" systemtimems="0.000" timestamp="2019-07-02T23:05:44.827" activeThreads="4">
  <mem-info id="4670" free="9531656" total="15269888" percent="62">
    <mem type="tenure" free="9531656" total="15269888" percent="62" micro-fragmented="14919" macro-fragmented="0">
      <mem type="soa" free="9456736" total="15117312" percent="62" />
      <mem type="loa" free="74920" total="152576" percent="49" />
    </mem>
  </mem-info>
</gc-end>
<cycle-end id="4671" type="global" contextid="4663" timestamp="2019-07-02T23:05:44.828">
  <attribute name="GC Util" value="250" />
  <attribute name="CPU Util" value="7744615090259" />
  <attribute name="Time Running"value="5391"/>
  <attribute name="Number of cores"value="4"/>
</cycle-end>
<allocation-satisfied id="4672" threadId="0000000001354500" bytesRequested="24" />
<af-end id="4673" timestamp="2019-07-02T23:05:44.828" threadId="0000000001354E88" success="true" />
<exclusive-end id="4674" timestamp="2019-07-02T23:05:44.828" durationms="4.177" />

<exclusive-start id="4675" timestamp="2019-07-02T23:05:44.837" intervalms="13.638">
  <response-info timems="0.063" idlems="0.063" threads="0" lastid="0000000001358100" lastname="Thread-7" />
</exclusive-start>
<af-start id="4676" threadId="0000000001358A88" totalBytesRequested="40" timestamp="2019-07-02T23:05:44.837" intervalms="13.743" />
<cycle-start id="4677" type="global" contextid="0" timestamp="2019-07-02T23:05:44.838" intervalms="13.751" />
  <attribute name="GC Util" value="250" />
  <attribute name="CPU Util" value="7744615090259" />
  <attribute name="Time Running"value="5391"/>
  <attribute name="Number of cores"value="4"/>
<gc-start id="4678" type="global" contextid="4677" timestamp="2019-07-02T23:05:44.838">
  <mem-info id="4679" free="74920" total="15269888" percent="0">
    <mem type="tenure" free="74920" total="15269888" percent="0">
      <mem type="soa" free="0" total="15117312" percent="0" />
      <mem type="loa" free="74920" total="152576" percent="49" />
    </mem>
  </mem-info>
</gc-start>
<allocation-stats totalBytes="9456432" >
  <allocated-bytes non-tlh="0" tlh="9456432" />
  <largest-consumer threadName="Thread-7" threadId="0000000001358100" bytes="4913752" />
</allocation-stats>
<gc-op id="4680" type="mark" timems="2.026" contextid="4677" timestamp="2019-07-02T23:05:44.840">
  <trace-info objectcount="62530" scancount="54945" scanbytes="2192140" />
  <finalization candidates="124" enqueued="0" />
  <ownableSynchronizers candidates="3" cleared="0" />
  <references type="soft" candidates="84" cleared="0" enqueued="0" dynamicThreshold="19" maxThreshold="32" />
  <references type="weak" candidates="774" cleared="0" enqueued="0" />
  <references type="phantom" candidates="63" cleared="0" enqueued="0" />
  <stringconstants candidates="4574" cleared="0"  />
</gc-op>
<gc-op id="4681" type="sweep" timems="0.729" contextid="4677" timestamp="2019-07-02T23:05:44.841" />
<heap-resize id="4682" type="contract" space="tenure" amount="65536" count="1" timems="0.047" reason="excess free space following gc" timestamp="2019-07-02T23:05:44.841" />
<gc-end id="4683" type="global" contextid="4677" durationms="3.376" usertimems="8.000" systemtimems="0.000" timestamp="2019-07-02T23:05:44.841" activeThreads="4">
  <mem-info id="4684" free="9459240" total="15204352" percent="62">
    <mem type="tenure" free="9459240" total="15204352" percent="62" micro-fragmented="0" macro-fragmented="61704">
      <mem type="soa" free="9384320" total="15052800" percent="62" />
      <mem type="loa" free="74920" total="151552" percent="49" />
    </mem>
  </mem-info>
</gc-end>
<cycle-end id="4685" type="global" contextid="4677" timestamp="2019-07-02T23:05:44.841">
  <attribute name="GC Util" value="237" />
  <attribute name="CPU Util" value="8879918834035" />
  <attribute name="Time Running"value="5405"/>
  <attribute name="Number of cores"value="4"/>
</cycle-end>
<allocation-satisfied id="4686" threadId="0000000001358100" bytesRequested="40" />
<af-end id="4687" timestamp="2019-07-02T23:05:44.841" threadId="0000000001358A88" success="true" />
<exclusive-end id="4688" timestamp="2019-07-02T23:05:44.841" durationms="4.107" />

<exclusive-start id="4689" timestamp="2019-07-02T23:05:44.848" intervalms="10.953">
  <response-info timems="0.028" idlems="0.027" threads="1" lastid="000000000135F900" lastname="Thread-9" />
</exclusive-start>
<af-start id="4690" threadId="0000000001358A88" totalBytesRequested="40" timestamp="2019-07-02T23:05:44.848" intervalms="10.847" />
<cycle-start id="4691" type="global" contextid="0" timestamp="2019-07-02T23:05:44.848" intervalms="10.836" />
  <attribute name="GC Util" value="237" />
  <attribute name="CPU Util" value="8879918834035" />
  <attribute name="Time Running"value="5405"/>
  <attribute name="Number of cores"value="4"/>
<gc-start id="4692" type="global" contextid="4691" timestamp="2019-07-02T23:05:44.848">
  <mem-info id="4693" free="74920" total="15204352" percent="0">
    <mem type="tenure" free="74920" total="15204352" percent="0">
      <mem type="soa" free="0" total="15052800" percent="0" />
      <mem type="loa" free="74920" total="151552" percent="49" />
    </mem>
  </mem-info>
</gc-start>
<allocation-stats totalBytes="9383848" >
  <allocated-bytes non-tlh="0" tlh="9383848" />
  <largest-consumer threadName="Thread-7" threadId="0000000001358100" bytes="3270984" />
</allocation-stats>
<gc-op id="4694" type="mark" timems="2.043" contextid="4691" timestamp="2019-07-02T23:05:44.851">
  <trace-info objectcount="63028" scancount="55461" scanbytes="2204276" />
  <finalization candidates="124" enqueued="0" />
  <ownableSynchronizers candidates="3" cleared="0" />
  <references type="soft" candidates="84" cleared="0" enqueued="0" dynamicThreshold="19" maxThreshold="32" />
  <references type="weak" candidates="774" cleared="0" enqueued="0" />
  <references type="phantom" candidates="63" cleared="0" enqueued="0" />
  <stringconstants candidates="4574" cleared="0"  />
</gc-op>
<gc-op id="4695" type="sweep" timems="0.743" contextid="4691" timestamp="2019-07-02T23:05:44.851" />
<mem-info id="4696" free="9441048" total="15204352" percent="62">
  <mem type="tenure" free="9441048" total="15204352" percent="62" micro-fragmented="26941" macro-fragmented="20520">
    <mem type="soa" free="9334512" total="15052800" percent="62" />
    <mem type="loa" free="106536" total="151552" percent="70" />
  </mem>
</mem-info>
<gc-op id="4697" type="compact" timems="4.800" contextid="4691" timestamp="2019-07-02T23:05:44.856">
  <compact-info movecount="7954" movebytes="322600" reason="compact to aid heap contraction" />
</gc-op>
<heap-resize id="4698" type="contract" space="tenure" amount="131072" count="1" timems="0.089" reason="excess free space following gc" timestamp="2019-07-02T23:05:44.857" />
<gc-end id="4699" type="global" contextid="4691" durationms="8.382" usertimems="16.000" systemtimems="0.000" timestamp="2019-07-02T23:05:44.857" activeThreads="4">
  <mem-info id="4700" free="9313608" total="15073280" percent="61">
    <mem type="tenure" free="9313608" total="15073280" percent="61">
      <mem type="soa" free="9183560" total="14922752" percent="61" />
      <mem type="loa" free="130048" total="150528" percent="86" />
    </mem>
  </mem-info>
</gc-end>
<cycle-end id="4701" type="global" contextid="4691" timestamp="2019-07-02T23:05:44.857">
  <attribute name="GC Util" value="148" />
  <attribute name="CPU Util" value="18799612515540" />
  <attribute name="Time Running"value="5417"/>
  <attribute name="Number of cores"value="4"/>
</cycle-end>
<allocation-satisfied id="4702" threadId="0000000001358100" bytesRequested="40" />
<af-end id="4703" timestamp="2019-07-02T23:05:44.857" threadId="0000000001358A88" success="true" />
<exclusive-end id="4704" timestamp="2019-07-02T23:05:44.857" durationms="8.933" />

<exclusive-start id="4705" timestamp="2019-07-02T23:05:44.864" intervalms="15.334">
  <response-info timems="0.031" idlems="0.031" threads="0" lastid="000000000135BD00" lastname="Thread-10" />
</exclusive-start>
<af-start id="4706" threadId="000000000135C688" totalBytesRequested="40" timestamp="2019-07-02T23:05:44.864" intervalms="15.342" />
<cycle-start id="4707" type="global" contextid="0" timestamp="2019-07-02T23:05:44.864" intervalms="15.350" />
  <attribute name="GC Util" value="148" />
  <attribute name="CPU Util" value="18799612515540" />
  <attribute name="Time Running"value="5417"/>
  <attribute name="Number of cores"value="4"/>
<gc-start id="4708" type="global" contextid="4707" timestamp="2019-07-02T23:05:44.864">
  <mem-info id="4709" free="130048" total="15073280" percent="0">
    <mem type="tenure" free="130048" total="15073280" percent="0">
      <mem type="soa" free="0" total="14922752" percent="0" />
      <mem type="loa" free="130048" total="150528" percent="86" />
    </mem>
  </mem-info>
</gc-start>
<allocation-stats totalBytes="9247632" >
  <allocated-bytes non-tlh="0" tlh="9247632" />
  <largest-consumer threadName="Thread-7" threadId="0000000001358100" bytes="3374648" />
</allocation-stats>
<gc-op id="4710" type="mark" timems="1.064" contextid="4707" timestamp="2019-07-02T23:05:44.865">
  <trace-info objectcount="63508" scancount="55921" scanbytes="2215780" />
  <finalization candidates="124" enqueued="0" />
  <ownableSynchronizers candidates="3" cleared="0" />
  <references type="soft" candidates="84" cleared="0" enqueued="0" dynamicThreshold="19" maxThreshold="32" />
  <references type="weak" candidates="774" cleared="0" enqueued="0" />
  <references type="phantom" candidates="63" cleared="0" enqueued="0" />
  <stringconstants candidates="4574" cleared="0"  />
</gc-op>
<gc-op id="4711" type="sweep" timems="0.239" contextid="4707" timestamp="2019-07-02T23:05:44.865" />
<heap-resize id="4712" type="contract" space="tenure" amount="131072" count="1" timems="0.042" reason="excess free space following gc" timestamp="2019-07-02T23:05:44.865" />
<gc-end id="4713" type="global" contextid="4707" durationms="1.729" usertimems="8.000" systemtimems="0.000" timestamp="2019-07-02T23:05:44.866" activeThreads="4">
  <mem-info id="4714" free="9097648" total="14942208" percent="60">
    <mem type="tenure" free="9097648" total="14942208" percent="60" micro-fragmented="8498" macro-fragmented="0">
      <mem type="soa" free="9097648" total="14793728" percent="61" />
      <mem type="loa" free="0" total="148480" percent="0" />
    </mem>
  </mem-info>
</gc-end>
<cycle-end id="4715" type="global" contextid="4707" timestamp="2019-07-02T23:05:44.866">
  <attribute name="GC Util" value="226" />
  <attribute name="CPU Util" value="16637033799011" />
  <attribute name="Time Running"value="5430"/>
  <attribute name="Number of cores"value="4"/>
</cycle-end>
<allocation-satisfied id="4716" threadId="000000000135BD00" bytesRequested="40" />
<af-end id="4717" timestamp="2019-07-02T23:05:44.866" threadId="000000000135C688" success="true" />
<exclusive-end id="4718" timestamp="2019-07-02T23:05:44.866" durationms="2.167" />

<exclusive-start id="4719" timestamp="2019-07-02T23:05:44.872" intervalms="8.480">
  <response-info timems="0.032" idlems="0.032" threads="0" lastid="0000000001358100" lastname="Thread-7" />
</exclusive-start>
<af-start id="4720" threadId="0000000001358A88" totalBytesRequested="40" timestamp="2019-07-02T23:05:44.872" intervalms="8.485" />
<cycle-start id="4721" type="global" contextid="0" timestamp="2019-07-02T23:05:44.872" intervalms="8.479" />
  <attribute name="GC Util" value="226" />
  <attribute name="CPU Util" value="16637033799011" />
  <attribute name="Time Running"value="5430"/>
  <attribute name="Number of cores"value="4"/>
<gc-start id="4722" type="global" contextid="4721" timestamp="2019-07-02T23:05:44.872">
  <mem-info id="4723" free="0" total="14942208" percent="0">
    <mem type="tenure" free="0" total="14942208" percent="0">
      <mem type="soa" free="0" total="14793728" percent="0" />
      <mem type="loa" free="0" total="148480" percent="0" />
    </mem>
  </mem-info>
</gc-start>
<allocation-stats totalBytes="9098616" >
  <allocated-bytes non-tlh="0" tlh="9098616" />
  <largest-consumer threadName="Thread-7" threadId="0000000001358100" bytes="3119888" />
</allocation-stats>
<gc-op id="4724" type="mark" timems="2.346" contextid="4721" timestamp="2019-07-02T23:05:44.875">
  <trace-info objectcount="64062" scancount="56480" scanbytes="2229108" />
  <finalization candidates="124" enqueued="0" />
  <ownableSynchronizers candidates="3" cleared="0" />
  <references type="soft" candidates="84" cleared="0" enqueued="0" dynamicThreshold="19" maxThreshold="32" />
  <references type="weak" candidates="774" cleared="0" enqueued="0" />
  <references type="phantom" candidates="63" cleared="0" enqueued="0" />
  <stringconstants candidates="4574" cleared="0"  />
</gc-op>
<gc-op id="4725" type="sweep" timems="0.744" contextid="4721" timestamp="2019-07-02T23:05:44.876" />
<heap-resize id="4726" type="contract" space="tenure" amount="65536" count="1" timems="0.046" reason="excess free space following gc" timestamp="2019-07-02T23:05:44.876" />
<gc-end id="4727" type="global" contextid="4721" durationms="3.560" usertimems="12.000" systemtimems="0.000" timestamp="2019-07-02T23:05:44.876" activeThreads="4">
  <mem-info id="4728" free="9069064" total="14876672" percent="60">
    <mem type="tenure" free="9069064" total="14876672" percent="60" micro-fragmented="12088" macro-fragmented="35748">
      <mem type="soa" free="8999520" total="14728192" percent="61" />
      <mem type="loa" free="69544" total="148480" percent="46" />
    </mem>
  </mem-info>
</gc-end>
<cycle-end id="4729" type="global" contextid="4721" timestamp="2019-07-02T23:05:44.876">
  <attribute name="GC Util" value="256" />
  <attribute name="CPU Util" value="7642289241803" />
  <attribute name="Time Running"value="5440"/>
  <attribute name="Number of cores"value="4"/>
</cycle-end>
<allocation-satisfied id="4730" threadId="0000000001358100" bytesRequested="40" />
<af-end id="4731" timestamp="2019-07-02T23:05:44.876" threadId="0000000001358A88" success="true" />
<exclusive-end id="4732" timestamp="2019-07-02T23:05:44.876" durationms="4.050" />

<exclusive-start id="4733" timestamp="2019-07-02T23:05:44.885" intervalms="13.293">
  <response-info timems="0.034" idlems="0.034" threads="0" lastid="0000000001354500" lastname="Thread-8" />
</exclusive-start>
<af-start id="4734" threadId="0000000001354E88" totalBytesRequested="40" timestamp="2019-07-02T23:05:44.885" intervalms="13.331" />
<cycle-start id="4735" type="global" contextid="0" timestamp="2019-07-02T23:05:44.886" intervalms="13.376" />
  <attribute name="GC Util" value="256" />
  <attribute name="CPU Util" value="7642289241803" />
  <attribute name="Time Running"value="5440"/>
  <attribute name="Number of cores"value="4"/>
<gc-start id="4736" type="global" contextid="4735" timestamp="2019-07-02T23:05:44.886">
  <mem-info id="4737" free="69544" total="14876672" percent="0">
    <mem type="tenure" free="69544" total="14876672" percent="0">
      <mem type="soa" free="0" total="14728192" percent="0" />
      <mem type="loa" free="69544" total="148480" percent="46" />
    </mem>
  </mem-info>
</gc-start>
<allocation-stats totalBytes="8999256" >
  <allocated-bytes non-tlh="0" tlh="8999256" />
  <largest-consumer threadName="Thread-8" threadId="0000000001354500" bytes="4534176" />
</allocation-stats>
<gc-op id="4738" type="mark" timems="2.260" contextid="4735" timestamp="2019-07-02T23:05:44.888">
  <trace-info objectcount="64445" scancount="56886" scanbytes="2238284" />
  <finalization candidates="124" enqueued="0" />
  <ownableSynchronizers candidates="3" cleared="0" />
  <references type="soft" candidates="84" cleared="0" enqueued="0" dynamicThreshold="19" maxThreshold="32" />
  <references type="weak" candidates="774" cleared="0" enqueued="0" />
  <references type="phantom" candidates="63" cleared="0" enqueued="0" />
  <stringconstants candidates="4574" cleared="0"  />
</gc-op>
<gc-op id="4739" type="sweep" timems="0.625" contextid="4735" timestamp="2019-07-02T23:05:44.889" />
<gc-end id="4740" type="global" contextid="4735" durationms="3.242" usertimems="12.000" systemtimems="0.000" timestamp="2019-07-02T23:05:44.889" activeThreads="4">
  <mem-info id="4741" free="9103968" total="14876672" percent="61">
    <mem type="tenure" free="9103968" total="14876672" percent="61" micro-fragmented="15894" macro-fragmented="0">
      <mem type="soa" free="8975136" total="14728192" percent="60" />
      <mem type="loa" free="128832" total="148480" percent="86" />
    </mem>
  </mem-info>
</gc-end>
<cycle-end id="4742" type="global" contextid="4735" timestamp="2019-07-02T23:05:44.889">
  <attribute name="GC Util" value="250" />
  <attribute name="CPU Util" value="7962120285912" />
  <attribute name="Time Running"value="5453"/>
  <attribute name="Number of cores"value="4"/>
</cycle-end>
<allocation-satisfied id="4743" threadId="0000000001354500" bytesRequested="40" />
<af-end id="4744" timestamp="2019-07-02T23:05:44.889" threadId="0000000001354E88" success="true" />
<exclusive-end id="4745" timestamp="2019-07-02T23:05:44.889" durationms="3.838" />

<exclusive-start id="4746" timestamp="2019-07-02T23:05:44.896" intervalms="10.421">
  <response-info timems="0.062" idlems="0.060" threads="2" lastid="0000000001358100" lastname="Thread-7" />
</exclusive-start>
<af-start id="4747" threadId="0000000001354E88" totalBytesRequested="40" timestamp="2019-07-02T23:05:44.896" intervalms="10.394" />
<cycle-start id="4748" type="global" contextid="0" timestamp="2019-07-02T23:05:44.896" intervalms="10.355" />
  <attribute name="GC Util" value="250" />
  <attribute name="CPU Util" value="7962120285912" />
  <attribute name="Time Running"value="5453"/>
  <attribute name="Number of cores"value="4"/>
<gc-start id="4749" type="global" contextid="4748" timestamp="2019-07-02T23:05:44.896">
  <mem-info id="4750" free="128832" total="14876672" percent="0">
    <mem type="tenure" free="128832" total="14876672" percent="0">
      <mem type="soa" free="0" total="14728192" percent="0" />
      <mem type="loa" free="128832" total="148480" percent="86" />
    </mem>
  </mem-info>
</gc-start>
<allocation-stats totalBytes="8973624" >
  <allocated-bytes non-tlh="0" tlh="8973624" />
  <largest-consumer threadName="Thread-7" threadId="0000000001358100" bytes="3214032" />
</allocation-stats>
<gc-op id="4751" type="mark" timems="2.982" contextid="4748" timestamp="2019-07-02T23:05:44.899">
  <trace-info objectcount="64956" scancount="57385" scanbytes="2250548" />
  <finalization candidates="124" enqueued="0" />
  <ownableSynchronizers candidates="3" cleared="0" />
  <references type="soft" candidates="84" cleared="0" enqueued="0" dynamicThreshold="19" maxThreshold="32" />
  <references type="weak" candidates="774" cleared="0" enqueued="0" />
  <references type="phantom" candidates="63" cleared="0" enqueued="0" />
  <stringconstants candidates="4574" cleared="0"  />
</gc-op>
<gc-op id="4752" type="sweep" timems="0.336" contextid="4748" timestamp="2019-07-02T23:05:44.900" />
<gc-end id="4753" type="global" contextid="4748" durationms="3.633" usertimems="8.000" systemtimems="0.000" timestamp="2019-07-02T23:05:44.900" activeThreads="4">
  <mem-info id="4754" free="9070784" total="14876672" percent="60">
    <mem type="tenure" free="9070784" total="14876672" percent="60" micro-fragmented="26989" macro-fragmented="0">
      <mem type="soa" free="8939544" total="14728192" percent="60" />
      <mem type="loa" free="131240" total="148480" percent="88" />
    </mem>
  </mem-info>
</gc-end>
<cycle-end id="4755" type="global" contextid="4748" timestamp="2019-07-02T23:05:44.900">
  <attribute name="GC Util" value="119" />
  <attribute name="CPU Util" value="5967550781638" />
  <attribute name="Time Running"value="5464"/>
  <attribute name="Number of cores"value="4"/>
</cycle-end>
<allocation-satisfied id="4756" threadId="0000000001354500" bytesRequested="40" />
<af-end id="4757" timestamp="2019-07-02T23:05:44.900" threadId="0000000001354E88" success="true" />
<exclusive-end id="4758" timestamp="2019-07-02T23:05:44.900" durationms="4.410" />

<exclusive-start id="4759" timestamp="2019-07-02T23:05:44.915" intervalms="19.416">
  <response-info timems="0.096" idlems="0.050" threads="1" lastid="0000000001354500" lastname="Thread-8" />
</exclusive-start>
<af-start id="4760" threadId="0000000001358A88" totalBytesRequested="24" timestamp="2019-07-02T23:05:44.915" intervalms="19.462" />
<cycle-start id="4761" type="global" contextid="0" timestamp="2019-07-02T23:05:44.916" intervalms="19.540" />
  <attribute name="GC Util" value="119" />
  <attribute name="CPU Util" value="5967550781638" />
  <attribute name="Time Running"value="5464"/>
  <attribute name="Number of cores"value="4"/>
<gc-start id="4762" type="global" contextid="4761" timestamp="2019-07-02T23:05:44.916">
  <mem-info id="4763" free="131240" total="14876672" percent="0">
    <mem type="tenure" free="131240" total="14876672" percent="0">
      <mem type="soa" free="0" total="14728192" percent="0" />
      <mem type="loa" free="131240" total="148480" percent="88" />
    </mem>
  </mem-info>
</gc-start>
<allocation-stats totalBytes="8937152" >
  <allocated-bytes non-tlh="0" tlh="8937152" />
  <largest-consumer threadName="Thread-8" threadId="0000000001354500" bytes="2435680" />
</allocation-stats>
<gc-op id="4764" type="mark" timems="2.468" contextid="4761" timestamp="2019-07-02T23:05:44.918">
  <trace-info objectcount="65433" scancount="57845" scanbytes="2261764" />
  <finalization candidates="124" enqueued="0" />
  <ownableSynchronizers candidates="3" cleared="0" />
  <references type="soft" candidates="84" cleared="0" enqueued="0" dynamicThreshold="19" maxThreshold="32" />
  <references type="weak" candidates="774" cleared="0" enqueued="0" />
  <references type="phantom" candidates="63" cleared="0" enqueued="0" />
  <stringconstants candidates="4574" cleared="0"  />
</gc-op>
<gc-op id="4765" type="sweep" timems="0.828" contextid="4761" timestamp="2019-07-02T23:05:44.919" />
<gc-end id="4766" type="global" contextid="4761" durationms="3.912" usertimems="8.000" systemtimems="0.000" timestamp="2019-07-02T23:05:44.920" activeThreads="4">
  <mem-info id="4767" free="9032512" total="14876672" percent="60">
    <mem type="tenure" free="9032512" total="14876672" percent="60" micro-fragmented="12107" macro-fragmented="0">
      <mem type="soa" free="8901272" total="14728192" percent="60" />
      <mem type="loa" free="131240" total="148480" percent="88" />
    </mem>
  </mem-info>
</gc-end>
<cycle-end id="4768" type="global" contextid="4761" timestamp="2019-07-02T23:05:44.920">
  <attribute name="GC Util" value="238" />
  <attribute name="CPU Util" value="6960426025226" />
  <attribute name="Time Running"value="5483"/>
  <attribute name="Number of cores"value="4"/>
</cycle-end>
<allocation-satisfied id="4769" threadId="0000000001358100" bytesRequested="24" />
<af-end id="4770" timestamp="2019-07-02T23:05:44.920" threadId="0000000001358A88" success="true" />
<exclusive-end id="4771" timestamp="2019-07-02T23:05:44.920" durationms="4.691" />

<exclusive-start id="4772" timestamp="2019-07-02T23:05:44.927" intervalms="11.340">
  <response-info timems="0.095" idlems="0.093" threads="1" lastid="0000000001358100" lastname="Thread-7" />
</exclusive-start>
<af-start id="4773" threadId="0000000001354E88" totalBytesRequested="40" timestamp="2019-07-02T23:05:44.927" intervalms="11.294" />
<cycle-start id="4774" type="global" contextid="0" timestamp="2019-07-02T23:05:44.927" intervalms="11.248" />
  <attribute name="GC Util" value="238" />
  <attribute name="CPU Util" value="6960426025226" />
  <attribute name="Time Running"value="5483"/>
  <attribute name="Number of cores"value="4"/>
<gc-start id="4775" type="global" contextid="4774" timestamp="2019-07-02T23:05:44.927">
  <mem-info id="4776" free="131240" total="14876672" percent="0">
    <mem type="tenure" free="131240" total="14876672" percent="0">
      <mem type="soa" free="0" total="14728192" percent="0" />
      <mem type="loa" free="131240" total="148480" percent="88" />
    </mem>
  </mem-info>
</gc-start>
<allocation-stats totalBytes="8897624" >
  <allocated-bytes non-tlh="0" tlh="8897624" />
  <largest-consumer threadName="Thread-8" threadId="0000000001354500" bytes="3043504" />
</allocation-stats>
<gc-op id="4777" type="mark" timems="2.212" contextid="4774" timestamp="2019-07-02T23:05:44.929">
  <trace-info objectcount="66027" scancount="58462" scanbytes="2276236" />
  <finalization candidates="124" enqueued="0" />
  <ownableSynchronizers candidates="3" cleared="0" />
  <references type="soft" candidates="84" cleared="0" enqueued="0" dynamicThreshold="19" maxThreshold="32" />
  <references type="weak" candidates="774" cleared="0" enqueued="0" />
  <references type="phantom" candidates="63" cleared="0" enqueued="0" />
  <stringconstants candidates="4574" cleared="0"  />
</gc-op>
<gc-op id="4778" type="sweep" timems="0.665" contextid="4774" timestamp="2019-07-02T23:05:44.930" />
<gc-end id="4779" type="global" contextid="4774" durationms="3.275" usertimems="8.000" systemtimems="0.000" timestamp="2019-07-02T23:05:44.930" activeThreads="4">
  <mem-info id="4780" free="8972288" total="14876672" percent="60">
    <mem type="tenure" free="8972288" total="14876672" percent="60" micro-fragmented="39734" macro-fragmented="0">
      <mem type="soa" free="8841048" total="14728192" percent="60" />
      <mem type="loa" free="131240" total="148480" percent="88" />
    </mem>
  </mem-info>
</gc-end>
<cycle-end id="4781" type="global" contextid="4774" timestamp="2019-07-02T23:05:44.930">
  <attribute name="GC Util" value="242" />
  <attribute name="CPU Util" value="7987484404950" />
  <attribute name="Time Running"value="5494"/>
  <attribute name="Number of cores"value="4"/>
</cycle-end>
<allocation-satisfied id="4782" threadId="0000000001354500" bytesRequested="40" />
<af-end id="4783" timestamp="2019-07-02T23:05:44.930" threadId="0000000001354E88" success="true" />
<exclusive-end id="4784" timestamp="2019-07-02T23:05:44.931" durationms="3.969" />

<exclusive-start id="4785" timestamp="2019-07-02T23:05:44.937" intervalms="10.691">
  <response-info timems="0.042" idlems="0.042" threads="0" lastid="000000000135BD00" lastname="Thread-10" />
</exclusive-start>
<af-start id="4786" threadId="000000000135C688" totalBytesRequested="40" timestamp="2019-07-02T23:05:44.937" intervalms="10.694" />
<cycle-start id="4787" type="global" contextid="0" timestamp="2019-07-02T23:05:44.937" intervalms="10.694" />
  <attribute name="GC Util" value="242" />
  <attribute name="CPU Util" value="7987484404950" />
  <attribute name="Time Running"value="5494"/>
  <attribute name="Number of cores"value="4"/>
<gc-start id="4788" type="global" contextid="4787" timestamp="2019-07-02T23:05:44.938">
  <mem-info id="4789" free="131240" total="14876672" percent="0">
    <mem type="tenure" free="131240" total="14876672" percent="0">
      <mem type="soa" free="0" total="14728192" percent="0" />
      <mem type="loa" free="131240" total="148480" percent="88" />
    </mem>
  </mem-info>
</gc-start>
<allocation-stats totalBytes="8836416" >
  <allocated-bytes non-tlh="0" tlh="8836416" />
  <largest-consumer threadName="Thread-7" threadId="0000000001358100" bytes="3200712" />
</allocation-stats>
<gc-op id="4790" type="mark" timems="1.135" contextid="4787" timestamp="2019-07-02T23:05:44.939">
  <trace-info objectcount="66573" scancount="59008" scanbytes="2289340" />
  <finalization candidates="124" enqueued="0" />
  <ownableSynchronizers candidates="3" cleared="0" />
  <references type="soft" candidates="84" cleared="0" enqueued="0" dynamicThreshold="19" maxThreshold="32" />
  <references type="weak" candidates="774" cleared="0" enqueued="0" />
  <references type="phantom" candidates="63" cleared="0" enqueued="0" />
  <stringconstants candidates="4574" cleared="0"  />
</gc-op>
<gc-op id="4791" type="sweep" timems="0.406" contextid="4787" timestamp="2019-07-02T23:05:44.939" />
<heap-resize id="4792" type="expand" space="tenure" amount="1048576" count="1" timems="0.047" reason="excessive time being spent in gc" timestamp="2019-07-02T23:05:44.939" />
<gc-end id="4793" type="global" contextid="4787" durationms="2.016" usertimems="4.000" systemtimems="0.000" timestamp="2019-07-02T23:05:44.940" activeThreads="4">
  <mem-info id="4794" free="9962176" total="15925248" percent="62">
    <mem type="tenure" free="9962176" total="15925248" percent="62" micro-fragmented="44948" macro-fragmented="0">
      <mem type="soa" free="9803456" total="15766528" percent="62" />
      <mem type="loa" free="158720" total="158720" percent="100" />
    </mem>
  </mem-info>
</gc-end>
<cycle-end id="4795" type="global" contextid="4787" timestamp="2019-07-02T23:05:44.940">
  <attribute name="GC Util" value="216" />
  <attribute name="CPU Util" value="15447347723392" />
  <attribute name="Time Running"value="5504"/>
  <attribute name="Number of cores"value="4"/>
</cycle-end>
<allocation-satisfied id="4796" threadId="000000000135BD00" bytesRequested="40" />
<af-end id="4797" timestamp="2019-07-02T23:05:44.940" threadId="000000000135C688" success="true" />
<exclusive-end id="4798" timestamp="2019-07-02T23:05:44.940" durationms="2.635" />

<exclusive-start id="4799" timestamp="2019-07-02T23:05:44.952" intervalms="15.000">
  <response-info timems="0.026" idlems="0.026" threads="0" lastid="000000000135F900" lastname="Thread-9" />
</exclusive-start>
<af-start id="4800" threadId="0000000001360288" totalBytesRequested="40" timestamp="2019-07-02T23:05:44.952" intervalms="15.038" />
<cycle-start id="4801" type="global" contextid="0" timestamp="2019-07-02T23:05:44.953" intervalms="15.066" />
  <attribute name="GC Util" value="216" />
  <attribute name="CPU Util" value="15447347723392" />
  <attribute name="Time Running"value="5504"/>
  <attribute name="Number of cores"value="4"/>
<gc-start id="4802" type="global" contextid="4801" timestamp="2019-07-02T23:05:44.953">
  <mem-info id="4803" free="158720" total="15925248" percent="0">
    <mem type="tenure" free="158720" total="15925248" percent="0">
      <mem type="soa" free="0" total="15766528" percent="0" />
      <mem type="loa" free="158720" total="158720" percent="100" />
    </mem>
  </mem-info>
</gc-start>
<allocation-stats totalBytes="9797400" >
  <allocated-bytes non-tlh="0" tlh="9797400" />
  <largest-consumer threadName="Thread-7" threadId="0000000001358100" bytes="3352896" />
</allocation-stats>
<gc-op id="4804" type="mark" timems="1.260" contextid="4801" timestamp="2019-07-02T23:05:44.954">
  <trace-info objectcount="67169" scancount="59591" scanbytes="2303676" />
  <finalization candidates="124" enqueued="0" />
  <ownableSynchronizers candidates="3" cleared="0" />
  <references type="soft" candidates="84" cleared="0" enqueued="0" dynamicThreshold="20" maxThreshold="32" />
  <references type="weak" candidates="774" cleared="0" enqueued="0" />
  <references type="phantom" candidates="63" cleared="0" enqueued="0" />
  <stringconstants candidates="4574" cleared="0"  />
</gc-op>
<gc-op id="4805" type="sweep" timems="0.387" contextid="4801" timestamp="2019-07-02T23:05:44.955" />
<gc-end id="4806" type="global" contextid="4801" durationms="1.999" usertimems="8.000" systemtimems="0.000" timestamp="2019-07-02T23:05:44.955" activeThreads="4">
  <mem-info id="4807" free="9918392" total="15925248" percent="62">
    <mem type="tenure" free="9918392" total="15925248" percent="62" micro-fragmented="53010" macro-fragmented="0">
      <mem type="soa" free="9759672" total="15766528" percent="61" />
      <mem type="loa" free="158720" total="158720" percent="100" />
    </mem>
  </mem-info>
</gc-end>
<cycle-end id="4808" type="global" contextid="4801" timestamp="2019-07-02T23:05:44.955">
  <attribute name="GC Util" value="214" />
  <attribute name="CPU Util" value="13875501456660" />
  <attribute name="Time Running"value="5519"/>
  <attribute name="Number of cores"value="4"/>
</cycle-end>
<allocation-satisfied id="4809" threadId="000000000135F900" bytesRequested="40" />
<af-end id="4810" timestamp="2019-07-02T23:05:44.955" threadId="0000000001360288" success="true" />
<exclusive-end id="4811" timestamp="2019-07-02T23:05:44.955" durationms="2.660" />

<exclusive-start id="4812" timestamp="2019-07-02T23:05:44.966" intervalms="13.277">
  <response-info timems="0.071" idlems="0.037" threads="1" lastid="0000000001354500" lastname="Thread-8" />
</exclusive-start>
<af-start id="4813" threadId="000000000135C688" totalBytesRequested="40" timestamp="2019-07-02T23:05:44.966" intervalms="13.293" />
<cycle-start id="4814" type="global" contextid="0" timestamp="2019-07-02T23:05:44.966" intervalms="13.274" />
  <attribute name="GC Util" value="214" />
  <attribute name="CPU Util" value="13875501456660" />
  <attribute name="Time Running"value="5519"/>
  <attribute name="Number of cores"value="4"/>
<gc-start id="4815" type="global" contextid="4814" timestamp="2019-07-02T23:05:44.966">
  <mem-info id="4816" free="158720" total="15925248" percent="0">
    <mem type="tenure" free="158720" total="15925248" percent="0">
      <mem type="soa" free="0" total="15766528" percent="0" />
      <mem type="loa" free="158720" total="158720" percent="100" />
    </mem>
  </mem-info>
</gc-start>
<allocation-stats totalBytes="9753008" >
  <allocated-bytes non-tlh="0" tlh="9753008" />
  <largest-consumer threadName="Thread-9" threadId="000000000135F900" bytes="4964856" />
</allocation-stats>
<gc-op id="4817" type="mark" timems="2.400" contextid="4814" timestamp="2019-07-02T23:05:44.969">
  <trace-info objectcount="67874" scancount="60292" scanbytes="2320476" />
  <finalization candidates="124" enqueued="0" />
  <ownableSynchronizers candidates="3" cleared="0" />
  <references type="soft" candidates="84" cleared="0" enqueued="0" dynamicThreshold="19" maxThreshold="32" />
  <references type="weak" candidates="774" cleared="0" enqueued="0" />
  <references type="phantom" candidates="63" cleared="0" enqueued="0" />
  <stringconstants candidates="4574" cleared="0"  />
</gc-op>
<gc-op id="4818" type="sweep" timems="0.899" contextid="4814" timestamp="2019-07-02T23:05:44.970" />
<gc-end id="4819" type="global" contextid="4814" durationms="3.814" usertimems="4.000" systemtimems="4.000" timestamp="2019-07-02T23:05:44.970" activeThreads="4">
  <mem-info id="4820" free="9843144" total="15925248" percent="61">
    <mem type="tenure" free="9843144" total="15925248" percent="61" micro-fragmented="14929" macro-fragmented="0">
      <mem type="soa" free="9684424" total="15766528" percent="61" />
      <mem type="loa" free="158720" total="158720" percent="100" />
    </mem>
  </mem-info>
</gc-end>
<cycle-end id="4821" type="global" contextid="4814" timestamp="2019-07-02T23:05:44.970">
  <attribute name="GC Util" value="251" />
  <attribute name="CPU Util" value="7452726940150" />
  <attribute name="Time Running"value="5533"/>
  <attribute name="Number of cores"value="4"/>
</cycle-end>
<allocation-satisfied id="4822" threadId="000000000135BD00" bytesRequested="40" />
<af-end id="4823" timestamp="2019-07-02T23:05:44.970" threadId="000000000135C688" success="true" />
<exclusive-end id="4824" timestamp="2019-07-02T23:05:44.970" durationms="4.717" />

<exclusive-start id="4825" timestamp="2019-07-02T23:05:44.978" intervalms="12.168">
  <response-info timems="0.022" idlems="0.022" threads="0" lastid="0000000001354500" lastname="Thread-8" />
</exclusive-start>
<af-start id="4826" threadId="0000000001354E88" totalBytesRequested="40" timestamp="2019-07-02T23:05:44.978" intervalms="12.112" />
<cycle-start id="4827" type="global" contextid="0" timestamp="2019-07-02T23:05:44.978" intervalms="12.104" />
  <attribute name="GC Util" value="251" />
  <attribute name="CPU Util" value="7452726940150" />
  <attribute name="Time Running"value="5533"/>
  <attribute name="Number of cores"value="4"/>
<gc-start id="4828" type="global" contextid="4827" timestamp="2019-07-02T23:05:44.978">
  <mem-info id="4829" free="158720" total="15925248" percent="0">
    <mem type="tenure" free="158720" total="15925248" percent="0">
      <mem type="soa" free="0" total="15766528" percent="0" />
      <mem type="loa" free="158720" total="158720" percent="100" />
    </mem>
  </mem-info>
</gc-start>
<allocation-stats totalBytes="9677376" >
  <allocated-bytes non-tlh="0" tlh="9677376" />
  <largest-consumer threadName="Thread-7" threadId="0000000001358100" bytes="3320024" />
</allocation-stats>
<gc-op id="4830" type="mark" timems="2.076" contextid="4827" timestamp="2019-07-02T23:05:44.980">
  <trace-info objectcount="68385" scancount="60830" scanbytes="2332708" />
  <finalization candidates="124" enqueued="0" />
  <ownableSynchronizers candidates="3" cleared="0" />
  <references type="soft" candidates="84" cleared="0" enqueued="0" dynamicThreshold="19" maxThreshold="32" />
  <references type="weak" candidates="774" cleared="0" enqueued="0" />
  <references type="phantom" candidates="63" cleared="0" enqueued="0" />
  <stringconstants candidates="4574" cleared="0"  />
</gc-op>
<gc-op id="4831" type="sweep" timems="0.958" contextid="4827" timestamp="2019-07-02T23:05:44.981" />
<gc-end id="4832" type="global" contextid="4827" durationms="3.385" usertimems="4.000" systemtimems="4.000" timestamp="2019-07-02T23:05:44.981" activeThreads="4">
  <mem-info id="4833" free="9781400" total="15925248" percent="61">
    <mem type="tenure" free="9781400" total="15925248" percent="61" micro-fragmented="70853" macro-fragmented="0">
      <mem type="soa" free="9622680" total="15766528" percent="61" />
      <mem type="loa" free="158720" total="158720" percent="100" />
    </mem>
  </mem-info>
</gc-end>
<cycle-end id="4834" type="global" contextid="4827" timestamp="2019-07-02T23:05:44.982">
  <attribute name="GC Util" value="246" />
  <attribute name="CPU Util" value="8643051484913" />
  <attribute name="Time Running"value="5545"/>
  <attribute name="Number of cores"value="4"/>
</cycle-end>
<allocation-satisfied id="4835" threadId="0000000001354500" bytesRequested="40" />
<af-end id="4836" timestamp="2019-07-02T23:05:44.982" threadId="0000000001354E88" success="true" />
<exclusive-end id="4837" timestamp="2019-07-02T23:05:44.982" durationms="4.084" />

<exclusive-start id="4838" timestamp="2019-07-02T23:05:44.987" intervalms="9.546">
  <response-info timems="0.024" idlems="0.024" threads="0" lastid="000000000135BD00" lastname="Thread-10" />
</exclusive-start>
<af-start id="4839" threadId="000000000135C688" totalBytesRequested="40" timestamp="2019-07-02T23:05:44.987" intervalms="9.504" />
<cycle-start id="4840" type="global" contextid="0" timestamp="2019-07-02T23:05:44.987" intervalms="9.454" />
  <attribute name="GC Util" value="246" />
  <attribute name="CPU Util" value="8643051484913" />
  <attribute name="Time Running"value="5545"/>
  <attribute name="Number of cores"value="4"/>
<gc-start id="4841" type="global" contextid="4840" timestamp="2019-07-02T23:05:44.987">
  <mem-info id="4842" free="158720" total="15925248" percent="0">
    <mem type="tenure" free="158720" total="15925248" percent="0">
      <mem type="soa" free="0" total="15766528" percent="0" />
      <mem type="loa" free="158720" total="158720" percent="100" />
    </mem>
  </mem-info>
</gc-start>
<allocation-stats totalBytes="9614896" >
  <allocated-bytes non-tlh="0" tlh="9614896" />
  <largest-consumer threadName="Thread-7" threadId="0000000001358100" bytes="2664624" />
</allocation-stats>
<gc-op id="4843" type="mark" timems="1.662" contextid="4840" timestamp="2019-07-02T23:05:44.989">
  <trace-info objectcount="68993" scancount="61422" scanbytes="2347412" />
  <finalization candidates="124" enqueued="0" />
  <ownableSynchronizers candidates="3" cleared="0" />
  <references type="soft" candidates="84" cleared="0" enqueued="0" dynamicThreshold="19" maxThreshold="32" />
  <references type="weak" candidates="774" cleared="0" enqueued="0" />
  <references type="phantom" candidates="63" cleared="0" enqueued="0" />
  <stringconstants candidates="4574" cleared="0"  />
</gc-op>
<gc-op id="4844" type="sweep" timems="0.416" contextid="4840" timestamp="2019-07-02T23:05:44.990" />
<gc-end id="4845" type="global" contextid="4840" durationms="2.286" usertimems="4.000" systemtimems="0.000" timestamp="2019-07-02T23:05:44.990" activeThreads="4">
  <mem-info id="4846" free="9707440" total="15925248" percent="60">
    <mem type="tenure" free="9707440" total="15925248" percent="60" micro-fragmented="96900" macro-fragmented="0">
      <mem type="soa" free="9548720" total="15766528" percent="60" />
      <mem type="loa" free="158720" total="158720" percent="100" />
    </mem>
  </mem-info>
</gc-end>
<cycle-end id="4847" type="global" contextid="4840" timestamp="2019-07-02T23:05:44.990">
  <attribute name="GC Util" value="250" />
  <attribute name="CPU Util" value="10786106084364" />
  <attribute name="Time Running"value="5554"/>
  <attribute name="Number of cores"value="4"/>
</cycle-end>
<allocation-satisfied id="4848" threadId="000000000135BD00" bytesRequested="40" />
<af-end id="4849" timestamp="2019-07-02T23:05:44.990" threadId="000000000135C688" success="true" />
<exclusive-end id="4850" timestamp="2019-07-02T23:05:44.990" durationms="2.679" />

<exclusive-start id="4851" timestamp="2019-07-02T23:05:44.998" intervalms="10.404">
  <response-info timems="0.065" idlems="0.065" threads="0" lastid="0000000001354500" lastname="Thread-8" />
</exclusive-start>
<af-start id="4852" threadId="0000000001354E88" totalBytesRequested="40" timestamp="2019-07-02T23:05:44.998" intervalms="10.433" />
<cycle-start id="4853" type="global" contextid="0" timestamp="2019-07-02T23:05:44.998" intervalms="10.444" />
  <attribute name="GC Util" value="250" />
  <attribute name="CPU Util" value="10786106084364" />
  <attribute name="Time Running"value="5554"/>
  <attribute name="Number of cores"value="4"/>
<gc-start id="4854" type="global" contextid="4853" timestamp="2019-07-02T23:05:44.998">
  <mem-info id="4855" free="158720" total="15925248" percent="0">
    <mem type="tenure" free="158720" total="15925248" percent="0">
      <mem type="soa" free="0" total="15766528" percent="0" />
      <mem type="loa" free="158720" total="158720" percent="100" />
    </mem>
  </mem-info>
</gc-start>
<allocation-stats totalBytes="9540608" >
  <allocated-bytes non-tlh="0" tlh="9540608" />
  <largest-consumer threadName="Thread-8" threadId="0000000001354500" bytes="3374672" />
</allocation-stats>
<gc-op id="4856" type="mark" timems="2.209" contextid="4853" timestamp="2019-07-02T23:05:45.000">
  <trace-info objectcount="69581" scancount="61987" scanbytes="2361548" />
  <finalization candidates="124" enqueued="0" />
  <ownableSynchronizers candidates="3" cleared="0" />
  <references type="soft" candidates="84" cleared="0" enqueued="0" dynamicThreshold="19" maxThreshold="32" />
  <references type="weak" candidates="774" cleared="0" enqueued="0" />
  <references type="phantom" candidates="63" cleared="0" enqueued="0" />
  <stringconstants candidates="4574" cleared="0"  />
</gc-op>
<gc-op id="4857" type="sweep" timems="0.984" contextid="4853" timestamp="2019-07-02T23:05:45.001" />
<gc-end id="4858" type="global" contextid="4853" durationms="3.476" usertimems="8.000" systemtimems="0.000" timestamp="2019-07-02T23:05:45.001" activeThreads="4">
  <mem-info id="4859" free="9619920" total="15925248" percent="60">
    <mem type="tenure" free="9619920" total="15925248" percent="60" micro-fragmented="88252" macro-fragmented="0">
      <mem type="soa" free="9461200" total="15766528" percent="60" />
      <mem type="loa" free="158720" total="158720" percent="100" />
    </mem>
  </mem-info>
</gc-end>
<cycle-end id="4860" type="global" contextid="4853" timestamp="2019-07-02T23:05:45.001">
  <attribute name="GC Util" value="261" />
  <attribute name="CPU Util" value="8155452132840" />
  <attribute name="Time Running"value="5565"/>
  <attribute name="Number of cores"value="4"/>
</cycle-end>
<allocation-satisfied id="4861" threadId="0000000001354500" bytesRequested="40" />
<af-end id="4862" timestamp="2019-07-02T23:05:45.002" threadId="0000000001354E88" success="true" />
<exclusive-end id="4863" timestamp="2019-07-02T23:05:45.002" durationms="4.109" />

<exclusive-start id="4864" timestamp="2019-07-02T23:05:45.009" intervalms="11.398">
  <response-info timems="0.041" idlems="0.037" threads="1" lastid="0000000001358100" lastname="Thread-7" />
</exclusive-start>
<af-start id="4865" threadId="0000000001354E88" totalBytesRequested="40" timestamp="2019-07-02T23:05:45.009" intervalms="11.356" />
<cycle-start id="4866" type="global" contextid="0" timestamp="2019-07-02T23:05:45.009" intervalms="11.359" />
  <attribute name="GC Util" value="261" />
  <attribute name="CPU Util" value="8155452132840" />
  <attribute name="Time Running"value="5565"/>
  <attribute name="Number of cores"value="4"/>
<gc-start id="4867" type="global" contextid="4866" timestamp="2019-07-02T23:05:45.009">
  <mem-info id="4868" free="158720" total="15925248" percent="0">
    <mem type="tenure" free="158720" total="15925248" percent="0">
      <mem type="soa" free="0" total="15766528" percent="0" />
      <mem type="loa" free="158720" total="158720" percent="100" />
    </mem>
  </mem-info>
</gc-start>
<allocation-stats totalBytes="9451200" >
  <allocated-bytes non-tlh="0" tlh="9451200" />
  <largest-consumer threadName="Thread-8" threadId="0000000001354500" bytes="3372400" />
</allocation-stats>
<gc-op id="4869" type="mark" timems="2.430" contextid="4866" timestamp="2019-07-02T23:05:45.012">
  <trace-info objectcount="70164" scancount="62593" scanbytes="2375340" />
  <finalization candidates="124" enqueued="0" />
  <ownableSynchronizers candidates="3" cleared="0" />
  <references type="soft" candidates="84" cleared="0" enqueued="0" dynamicThreshold="19" maxThreshold="32" />
  <references type="weak" candidates="774" cleared="0" enqueued="0" />
  <references type="phantom" candidates="63" cleared="0" enqueued="0" />
  <stringconstants candidates="4574" cleared="0"  />
</gc-op>
<gc-op id="4870" type="sweep" timems="0.947" contextid="4866" timestamp="2019-07-02T23:05:45.013" />
<heap-resize id="4871" type="expand" space="tenure" amount="1048576" count="1" timems="0.081" reason="excessive time being spent in gc" timestamp="2019-07-02T23:05:45.013" />
<gc-end id="4872" type="global" contextid="4866" durationms="3.801" usertimems="4.000" systemtimems="4.000" timestamp="2019-07-02T23:05:45.013" activeThreads="4">
  <mem-info id="4873" free="10585008" total="16973824" percent="62">
    <mem type="tenure" free="10585008" total="16973824" percent="62" micro-fragmented="142703" macro-fragmented="0">
      <mem type="soa" free="10416048" total="16804864" percent="61" />
      <mem type="loa" free="168960" total="168960" percent="100" />
    </mem>
  </mem-info>
</gc-end>
<cycle-end id="4874" type="global" contextid="4866" timestamp="2019-07-02T23:05:45.013">
  <attribute name="GC Util" value="259" />
  <attribute name="CPU Util" value="7410902328891" />
  <attribute name="Time Running"value="5577"/>
  <attribute name="Number of cores"value="4"/>
</cycle-end>
<allocation-satisfied id="4875" threadId="0000000001354500" bytesRequested="40" />
<af-end id="4876" timestamp="2019-07-02T23:05:45.013" threadId="0000000001354E88" success="true" />
<exclusive-end id="4877" timestamp="2019-07-02T23:05:45.013" durationms="4.245" />

<exclusive-start id="4878" timestamp="2019-07-02T23:05:45.022" intervalms="12.514">
  <response-info timems="0.051" idlems="0.051" threads="0" lastid="0000000001358100" lastname="Thread-7" />
</exclusive-start>
<af-start id="4879" threadId="0000000001358A88" totalBytesRequested="40" timestamp="2019-07-02T23:05:45.022" intervalms="12.555" />
<cycle-start id="4880" type="global" contextid="0" timestamp="2019-07-02T23:05:45.022" intervalms="12.557" />
  <attribute name="GC Util" value="259" />
  <attribute name="CPU Util" value="7410902328891" />
  <attribute name="Time Running"value="5577"/>
  <attribute name="Number of cores"value="4"/>
<gc-start id="4881" type="global" contextid="4880" timestamp="2019-07-02T23:05:45.022">
  <mem-info id="4882" free="168960" total="16973824" percent="0">
    <mem type="tenure" free="168960" total="16973824" percent="0">
      <mem type="soa" free="0" total="16804864" percent="0" />
      <mem type="loa" free="168960" total="168960" percent="100" />
    </mem>
  </mem-info>
</gc-start>
<allocation-stats totalBytes="10405536" >
  <allocated-bytes non-tlh="0" tlh="10405536" />
  <largest-consumer threadName="Thread-8" threadId="0000000001354500" bytes="3628272" />
</allocation-stats>
<gc-op id="4883" type="mark" timems="1.211" contextid="4880" timestamp="2019-07-02T23:05:45.023">
  <trace-info objectcount="70672" scancount="63093" scanbytes="2387468" />
  <finalization candidates="124" enqueued="0" />
  <ownableSynchronizers candidates="3" cleared="0" />
  <references type="soft" candidates="84" cleared="0" enqueued="0" dynamicThreshold="19" maxThreshold="32" />
  <references type="weak" candidates="774" cleared="0" enqueued="0" />
  <references type="phantom" candidates="63" cleared="0" enqueued="0" />
  <stringconstants candidates="4574" cleared="0"  />
</gc-op>
<gc-op id="4884" type="sweep" timems="0.481" contextid="4880" timestamp="2019-07-02T23:05:45.024" />
<gc-end id="4885" type="global" contextid="4880" durationms="1.975" usertimems="4.000" systemtimems="0.000" timestamp="2019-07-02T23:05:45.024" activeThreads="4">
  <mem-info id="4886" free="10494336" total="16973824" percent="61">
    <mem type="tenure" free="10494336" total="16973824" percent="61" micro-fragmented="151552" macro-fragmented="0">
      <mem type="soa" free="10325376" total="16804864" percent="61" />
      <mem type="loa" free="168960" total="168960" percent="100" />
    </mem>
  </mem-info>
</gc-end>
<cycle-end id="4887" type="global" contextid="4880" timestamp="2019-07-02T23:05:45.024">
  <attribute name="GC Util" value="227" />
  <attribute name="CPU Util" value="14521199008449" />
  <attribute name="Time Running"value="5588"/>
  <attribute name="Number of cores"value="4"/>
</cycle-end>
<allocation-satisfied id="4888" threadId="0000000001358100" bytesRequested="40" />
<af-end id="4889" timestamp="2019-07-02T23:05:45.024" threadId="0000000001358A88" success="true" />
<exclusive-end id="4890" timestamp="2019-07-02T23:05:45.024" durationms="2.533" />

<exclusive-start id="4891" timestamp="2019-07-02T23:05:45.035" intervalms="13.693">
  <response-info timems="0.037" idlems="0.037" threads="0" lastid="000000000135BD00" lastname="Thread-10" />
</exclusive-start>
<af-start id="4892" threadId="000000000135C688" totalBytesRequested="40" timestamp="2019-07-02T23:05:45.035" intervalms="13.671" />
<cycle-start id="4893" type="global" contextid="0" timestamp="2019-07-02T23:05:45.035" intervalms="13.659" />
  <attribute name="GC Util" value="227" />
  <attribute name="CPU Util" value="14521199008449" />
  <attribute name="Time Running"value="5588"/>
  <attribute name="Number of cores"value="4"/>
<gc-start id="4894" type="global" contextid="4893" timestamp="2019-07-02T23:05:45.035">
  <mem-info id="4895" free="168960" total="16973824" percent="0">
    <mem type="tenure" free="168960" total="16973824" percent="0">
      <mem type="soa" free="0" total="16804864" percent="0" />
      <mem type="loa" free="168960" total="168960" percent="100" />
    </mem>
  </mem-info>
</gc-start>
<allocation-stats totalBytes="10314632" >
  <allocated-bytes non-tlh="0" tlh="10314632" />
  <largest-consumer threadName="Thread-8" threadId="0000000001354500" bytes="5088912" />
</allocation-stats>
<gc-op id="4896" type="mark" timems="2.291" contextid="4893" timestamp="2019-07-02T23:05:45.038">
  <trace-info objectcount="71515" scancount="63952" scanbytes="2407716" />
  <finalization candidates="124" enqueued="0" />
  <ownableSynchronizers candidates="3" cleared="0" />
  <references type="soft" candidates="84" cleared="0" enqueued="0" dynamicThreshold="19" maxThreshold="32" />
  <references type="weak" candidates="774" cleared="0" enqueued="0" />
  <references type="phantom" candidates="63" cleared="0" enqueued="0" />
  <stringconstants candidates="4574" cleared="0"  />
</gc-op>
<gc-op id="4897" type="sweep" timems="0.638" contextid="4893" timestamp="2019-07-02T23:05:45.039" />
<gc-end id="4898" type="global" contextid="4893" durationms="3.288" usertimems="8.000" systemtimems="0.000" timestamp="2019-07-02T23:05:45.039" activeThreads="4">
  <mem-info id="4899" free="10387912" total="16973824" percent="61">
    <mem type="tenure" free="10387912" total="16973824" percent="61" micro-fragmented="207907" macro-fragmented="0">
      <mem type="soa" free="10218952" total="16804864" percent="60" />
      <mem type="loa" free="168960" total="168960" percent="100" />
    </mem>
  </mem-info>
</gc-end>
<cycle-end id="4900" type="global" contextid="4893" timestamp="2019-07-02T23:05:45.039">
  <attribute name="GC Util" value="251" />
  <attribute name="CPU Util" value="7652304114354" />
  <attribute name="Time Running"value="5603"/>
  <attribute name="Number of cores"value="4"/>
</cycle-end>
<allocation-satisfied id="4901" threadId="000000000135BD00" bytesRequested="40" />
<af-end id="4902" timestamp="2019-07-02T23:05:45.039" threadId="000000000135C688" success="true" />
<exclusive-end id="4903" timestamp="2019-07-02T23:05:45.039" durationms="3.904" />

<exclusive-start id="4904" timestamp="2019-07-02T23:05:45.047" intervalms="11.736">
  <response-info timems="0.065" idlems="0.065" threads="0" lastid="0000000001358100" lastname="Thread-7" />
</exclusive-start>
<af-start id="4905" threadId="0000000001358A88" totalBytesRequested="40" timestamp="2019-07-02T23:05:45.047" intervalms="11.760" />
<cycle-start id="4906" type="global" contextid="0" timestamp="2019-07-02T23:05:45.047" intervalms="11.774" />
  <attribute name="GC Util" value="251" />
  <attribute name="CPU Util" value="7652304114354" />
  <attribute name="Time Running"value="5603"/>
  <attribute name="Number of cores"value="4"/>
<gc-start id="4907" type="global" contextid="4906" timestamp="2019-07-02T23:05:45.047">
  <mem-info id="4908" free="168960" total="16973824" percent="0">
    <mem type="tenure" free="168960" total="16973824" percent="0">
      <mem type="soa" free="0" total="16804864" percent="0" />
      <mem type="loa" free="168960" total="168960" percent="100" />
    </mem>
  </mem-info>
</gc-start>
<allocation-stats totalBytes="10207160" >
  <allocated-bytes non-tlh="0" tlh="10207160" />
  <largest-consumer threadName="Thread-8" threadId="0000000001354500" bytes="3731696" />
</allocation-stats>
<gc-op id="4909" type="mark" timems="1.265" contextid="4906" timestamp="2019-07-02T23:05:45.049">
  <trace-info objectcount="72028" scancount="64454" scanbytes="2420060" />
  <finalization candidates="124" enqueued="0" />
  <ownableSynchronizers candidates="3" cleared="0" />
  <references type="soft" candidates="84" cleared="0" enqueued="0" dynamicThreshold="19" maxThreshold="32" />
  <references type="weak" candidates="774" cleared="0" enqueued="0" />
  <references type="phantom" candidates="63" cleared="0" enqueued="0" />
  <stringconstants candidates="4574" cleared="0"  />
</gc-op>
<gc-op id="4910" type="sweep" timems="0.607" contextid="4906" timestamp="2019-07-02T23:05:45.049" />
<gc-end id="4911" type="global" contextid="4906" durationms="2.142" usertimems="4.000" systemtimems="4.000" timestamp="2019-07-02T23:05:45.049" activeThreads="4">
  <mem-info id="4912" free="10302152" total="16973824" percent="60">
    <mem type="tenure" free="10302152" total="16973824" percent="60" micro-fragmented="228681" macro-fragmented="0">
      <mem type="soa" free="10133192" total="16804864" percent="60" />
      <mem type="loa" free="168960" total="168960" percent="100" />
    </mem>
  </mem-info>
</gc-end>
<cycle-end id="4913" type="global" contextid="4906" timestamp="2019-07-02T23:05:45.049">
  <attribute name="GC Util" value="229" />
  <attribute name="CPU Util" value="13904325707776" />
  <attribute name="Time Running"value="5614"/>
  <attribute name="Number of cores"value="4"/>
</cycle-end>
<allocation-satisfied id="4914" threadId="0000000001358100" bytesRequested="40" />
<af-end id="4915" timestamp="2019-07-02T23:05:45.050" threadId="0000000001358A88" success="true" />
<exclusive-end id="4916" timestamp="2019-07-02T23:05:45.050" durationms="2.710" />

<exclusive-start id="4917" timestamp="2019-07-02T23:05:45.062" intervalms="14.720">
  <response-info timems="0.155" idlems="0.155" threads="0" lastid="0000000001354500" lastname="Thread-8" />
</exclusive-start>
<af-start id="4918" threadId="0000000001354E88" totalBytesRequested="40" timestamp="2019-07-02T23:05:45.062" intervalms="14.751" />
<cycle-start id="4919" type="global" contextid="0" timestamp="2019-07-02T23:05:45.062" intervalms="14.825" />
  <attribute name="GC Util" value="229" />
  <attribute name="CPU Util" value="13904325707776" />
  <attribute name="Time Running"value="5614"/>
  <attribute name="Number of cores"value="4"/>
<gc-start id="4920" type="global" contextid="4919" timestamp="2019-07-02T23:05:45.062">
  <mem-info id="4921" free="168960" total="16973824" percent="0">
    <mem type="tenure" free="168960" total="16973824" percent="0">
      <mem type="soa" free="0" total="16804864" percent="0" />
      <mem type="loa" free="168960" total="168960" percent="100" />
    </mem>
  </mem-info>
</gc-start>
<allocation-stats totalBytes="10121032" >
  <allocated-bytes non-tlh="0" tlh="10121032" />
  <largest-consumer threadName="Thread-8" threadId="0000000001354500" bytes="5336656" />
</allocation-stats>
<gc-op id="4922" type="mark" timems="1.991" contextid="4919" timestamp="2019-07-02T23:05:45.064">
  <trace-info objectcount="72706" scancount="65133" scanbytes="2436532" />
  <finalization candidates="124" enqueued="0" />
  <ownableSynchronizers candidates="3" cleared="0" />
  <references type="soft" candidates="84" cleared="0" enqueued="0" dynamicThreshold="19" maxThreshold="32" />
  <references type="weak" candidates="774" cleared="0" enqueued="0" />
  <references type="phantom" candidates="63" cleared="0" enqueued="0" />
  <stringconstants candidates="4574" cleared="0"  />
</gc-op>
<gc-op id="4923" type="sweep" timems="0.971" contextid="4919" timestamp="2019-07-02T23:05:45.065" />
<gc-end id="4924" type="global" contextid="4919" durationms="3.442" usertimems="4.000" systemtimems="0.000" timestamp="2019-07-02T23:05:45.066" activeThreads="4">
  <mem-info id="4925" free="10188912" total="16973824" percent="60">
    <mem type="tenure" free="10188912" total="16973824" percent="60" micro-fragmented="94763" macro-fragmented="0">
      <mem type="soa" free="10019952" total="16804864" percent="59" />
      <mem type="loa" free="168960" total="168960" percent="100" />
    </mem>
  </mem-info>
</gc-end>
<cycle-end id="4926" type="global" contextid="4919" timestamp="2019-07-02T23:05:45.066">
  <attribute name="GC Util" value="245" />
  <attribute name="CPU Util" value="8963388796404" />
  <attribute name="Time Running"value="5629"/>
  <attribute name="Number of cores"value="4"/>
</cycle-end>
<allocation-satisfied id="4927" threadId="0000000001354500" bytesRequested="40" />
<af-end id="4928" timestamp="2019-07-02T23:05:45.066" threadId="0000000001354E88" success="true" />
<exclusive-end id="4929" timestamp="2019-07-02T23:05:45.066" durationms="4.336" />

<exclusive-start id="4930" timestamp="2019-07-02T23:05:45.074" intervalms="12.239">
  <response-info timems="0.032" idlems="0.032" threads="0" lastid="0000000001354500" lastname="Thread-8" />
</exclusive-start>
<af-start id="4931" threadId="0000000001354E88" totalBytesRequested="40" timestamp="2019-07-02T23:05:45.074" intervalms="12.235" />
<cycle-start id="4932" type="global" contextid="0" timestamp="2019-07-02T23:05:45.074" intervalms="12.156" />
  <attribute name="GC Util" value="245" />
  <attribute name="CPU Util" value="8963388796404" />
  <attribute name="Time Running"value="5629"/>
  <attribute name="Number of cores"value="4"/>
<gc-start id="4933" type="global" contextid="4932" timestamp="2019-07-02T23:05:45.074">
  <mem-info id="4934" free="168960" total="16973824" percent="0">
    <mem type="tenure" free="168960" total="16973824" percent="0">
      <mem type="soa" free="0" total="16804864" percent="0" />
      <mem type="loa" free="168960" total="168960" percent="100" />
    </mem>
  </mem-info>
</gc-start>
<allocation-stats totalBytes="10006280" >
  <allocated-bytes non-tlh="0" tlh="10006280" />
  <largest-consumer threadName="Thread-8" threadId="0000000001354500" bytes="3427936" />
</allocation-stats>
<gc-op id="4935" type="mark" timems="2.297" contextid="4932" timestamp="2019-07-02T23:05:45.077">
  <trace-info objectcount="73394" scancount="65825" scanbytes="2453060" />
  <finalization candidates="124" enqueued="0" />
  <ownableSynchronizers candidates="3" cleared="0" />
  <references type="soft" candidates="84" cleared="0" enqueued="0" dynamicThreshold="19" maxThreshold="32" />
  <references type="weak" candidates="774" cleared="0" enqueued="0" />
  <references type="phantom" candidates="63" cleared="0" enqueued="0" />
  <stringconstants candidates="4574" cleared="0"  />
</gc-op>
<gc-op id="4936" type="sweep" timems="1.014" contextid="4932" timestamp="2019-07-02T23:05:45.078" />
<heap-resize id="4937" type="expand" space="tenure" amount="1048576" count="1" timems="0.093" reason="excessive time being spent in gc" timestamp="2019-07-02T23:05:45.078" />
<gc-end id="4938" type="global" contextid="4932" durationms="3.812" usertimems="12.000" systemtimems="0.000" timestamp="2019-07-02T23:05:45.078" activeThreads="4">
  <mem-info id="4939" free="11120808" total="18022400" percent="61">
    <mem type="tenure" free="11120808" total="18022400" percent="61" micro-fragmented="235821" macro-fragmented="0">
      <mem type="soa" free="10940584" total="17842176" percent="61" />
      <mem type="loa" free="180224" total="180224" percent="100" />
    </mem>
  </mem-info>
</gc-end>
<cycle-end id="4940" type="global" contextid="4932" timestamp="2019-07-02T23:05:45.078">
  <attribute name="GC Util" value="260" />
  <attribute name="CPU Util" value="7854527955793" />
  <attribute name="Time Running"value="5641"/>
  <attribute name="Number of cores"value="4"/>
</cycle-end>
<allocation-satisfied id="4941" threadId="0000000001354500" bytesRequested="40" />
<af-end id="4942" timestamp="2019-07-02T23:05:45.078" threadId="0000000001354E88" success="true" />
<exclusive-end id="4943" timestamp="2019-07-02T23:05:45.079" durationms="4.595" />

<exclusive-start id="4944" timestamp="2019-07-02T23:05:45.087" intervalms="13.215">
  <response-info timems="0.037" idlems="0.037" threads="0" lastid="0000000001354500" lastname="Thread-8" />
</exclusive-start>
<af-start id="4945" threadId="0000000001354E88" totalBytesRequested="40" timestamp="2019-07-02T23:05:45.087" intervalms="13.197" />
<cycle-start id="4946" type="global" contextid="0" timestamp="2019-07-02T23:05:45.087" intervalms="13.195" />
  <attribute name="GC Util" value="260" />
  <attribute name="CPU Util" value="7854527955793" />
  <attribute name="Time Running"value="5641"/>
  <attribute name="Number of cores"value="4"/>
<gc-start id="4947" type="global" contextid="4946" timestamp="2019-07-02T23:05:45.087">
  <mem-info id="4948" free="180224" total="18022400" percent="1">
    <mem type="tenure" free="180224" total="18022400" percent="1">
      <mem type="soa" free="0" total="17842176" percent="0" />
      <mem type="loa" free="180224" total="180224" percent="100" />
    </mem>
  </mem-info>
</gc-start>
<allocation-stats totalBytes="10925832" >
  <allocated-bytes non-tlh="0" tlh="10925832" />
  <largest-consumer threadName="Thread-8" threadId="0000000001354500" bytes="3834288" />
</allocation-stats>
<gc-op id="4949" type="mark" timems="2.253" contextid="4946" timestamp="2019-07-02T23:05:45.090">
  <trace-info objectcount="73923" scancount="66356" scanbytes="2465572" />
  <finalization candidates="124" enqueued="0" />
  <ownableSynchronizers candidates="3" cleared="0" />
  <references type="soft" candidates="84" cleared="0" enqueued="0" dynamicThreshold="19" maxThreshold="32" />
  <references type="weak" candidates="774" cleared="0" enqueued="0" />
  <references type="phantom" candidates="63" cleared="0" enqueued="0" />
  <stringconstants candidates="4574" cleared="0"  />
</gc-op>
<gc-op id="4950" type="sweep" timems="1.030" contextid="4946" timestamp="2019-07-02T23:05:45.091" />
<gc-end id="4951" type="global" contextid="4946" durationms="3.564" usertimems="4.000" systemtimems="4.000" timestamp="2019-07-02T23:05:45.091" activeThreads="4">
  <mem-info id="4952" free="11012592" total="18022400" percent="61">
    <mem type="tenure" free="11012592" total="18022400" percent="61" micro-fragmented="248561" macro-fragmented="0">
      <mem type="soa" free="10832368" total="17842176" percent="60" />
      <mem type="loa" free="180224" total="180224" percent="100" />
    </mem>
  </mem-info>
</gc-end>
<cycle-end id="4953" type="global" contextid="4946" timestamp="2019-07-02T23:05:45.091">
  <attribute name="GC Util" value="242" />
  <attribute name="CPU Util" value="7990328383036" />
  <attribute name="Time Running"value="5655"/>
  <attribute name="Number of cores"value="4"/>
</cycle-end>
<allocation-satisfied id="4954" threadId="0000000001354500" bytesRequested="40" />
<af-end id="4955" timestamp="2019-07-02T23:05:45.091" threadId="0000000001354E88" success="true" />
<exclusive-end id="4956" timestamp="2019-07-02T23:05:45.091" durationms="4.194" />

<exclusive-start id="4957" timestamp="2019-07-02T23:05:45.100" intervalms="12.475">
  <response-info timems="0.030" idlems="0.030" threads="0" lastid="0000000001358100" lastname="Thread-7" />
</exclusive-start>
<af-start id="4958" threadId="0000000001358A88" totalBytesRequested="24" timestamp="2019-07-02T23:05:45.100" intervalms="12.463" />
<cycle-start id="4959" type="global" contextid="0" timestamp="2019-07-02T23:05:45.100" intervalms="12.472" />
  <attribute name="GC Util" value="242" />
  <attribute name="CPU Util" value="7990328383036" />
  <attribute name="Time Running"value="5655"/>
  <attribute name="Number of cores"value="4"/>
<gc-start id="4960" type="global" contextid="4959" timestamp="2019-07-02T23:05:45.100">
  <mem-info id="4961" free="180224" total="18022400" percent="1">
    <mem type="tenure" free="180224" total="18022400" percent="1">
      <mem type="soa" free="0" total="17842176" percent="0" />
      <mem type="loa" free="180224" total="180224" percent="100" />
    </mem>
  </mem-info>
</gc-start>
<allocation-stats totalBytes="10816520" >
  <allocated-bytes non-tlh="0" tlh="10816520" />
  <largest-consumer threadName="Thread-8" threadId="0000000001354500" bytes="3932448" />
</allocation-stats>
<gc-op id="4962" type="mark" timems="1.287" contextid="4959" timestamp="2019-07-02T23:05:45.101">
  <trace-info objectcount="74486" scancount="66921" scanbytes="2479036" />
  <finalization candidates="124" enqueued="0" />
  <ownableSynchronizers candidates="3" cleared="0" />
  <references type="soft" candidates="84" cleared="0" enqueued="0" dynamicThreshold="19" maxThreshold="32" />
  <references type="weak" candidates="774" cleared="0" enqueued="0" />
  <references type="phantom" candidates="63" cleared="0" enqueued="0" />
  <stringconstants candidates="4574" cleared="0"  />
</gc-op>
<gc-op id="4963" type="sweep" timems="0.542" contextid="4959" timestamp="2019-07-02T23:05:45.102" />
<gc-end id="4964" type="global" contextid="4959" durationms="2.089" usertimems="8.000" systemtimems="0.000" timestamp="2019-07-02T23:05:45.102" activeThreads="4">
  <mem-info id="4965" free="10907848" total="18022400" percent="60">
    <mem type="tenure" free="10907848" total="18022400" percent="60" micro-fragmented="219908" macro-fragmented="0">
      <mem type="soa" free="10727624" total="17842176" percent="60" />
      <mem type="loa" free="180224" total="180224" percent="100" />
    </mem>
  </mem-info>
</gc-end>
<cycle-end id="4966" type="global" contextid="4959" timestamp="2019-07-02T23:05:45.102">
  <attribute name="GC Util" value="223" />
  <attribute name="CPU Util" value="13688305508423" />
  <attribute name="Time Running"value="5666"/>
  <attribute name="Number of cores"value="4"/>
</cycle-end>
<allocation-satisfied id="4967" threadId="0000000001358100" bytesRequested="24" />
<af-end id="4968" timestamp="2019-07-02T23:05:45.102" threadId="0000000001358A88" success="true" />
<exclusive-end id="4969" timestamp="2019-07-02T23:05:45.102" durationms="2.591" />

<exclusive-start id="4970" timestamp="2019-07-02T23:05:45.110" intervalms="10.815">
  <response-info timems="0.040" idlems="0.040" threads="0" lastid="0000000001354500" lastname="Thread-8" />
</exclusive-start>
<af-start id="4971" threadId="0000000001354E88" totalBytesRequested="40" timestamp="2019-07-02T23:05:45.111" intervalms="10.810" />
<cycle-start id="4972" type="global" contextid="0" timestamp="2019-07-02T23:05:45.111" intervalms="10.800" />
  <attribute name="GC Util" value="223" />
  <attribute name="CPU Util" value="13688305508423" />
  <attribute name="Time Running"value="5666"/>
  <attribute name="Number of cores"value="4"/>
<gc-start id="4973" type="global" contextid="4972" timestamp="2019-07-02T23:05:45.111">
  <mem-info id="4974" free="180224" total="18022400" percent="1">
    <mem type="tenure" free="180224" total="18022400" percent="1">
      <mem type="soa" free="0" total="17842176" percent="0" />
      <mem type="loa" free="180224" total="180224" percent="100" />
    </mem>
  </mem-info>
</gc-start>
<allocation-stats totalBytes="10711456" >
  <allocated-bytes non-tlh="0" tlh="10711456" />
  <largest-consumer threadName="Thread-8" threadId="0000000001354500" bytes="3746088" />
</allocation-stats>
<gc-op id="4975" type="mark" timems="2.488" contextid="4972" timestamp="2019-07-02T23:05:45.113">
  <trace-info objectcount="75070" scancount="67491" scanbytes="2493068" />
  <finalization candidates="124" enqueued="0" />
  <ownableSynchronizers candidates="3" cleared="0" />
  <references type="soft" candidates="84" cleared="0" enqueued="0" dynamicThreshold="19" maxThreshold="32" />
  <references type="weak" candidates="774" cleared="0" enqueued="0" />
  <references type="phantom" candidates="63" cleared="0" enqueued="0" />
  <stringconstants candidates="4574" cleared="0"  />
</gc-op>
<gc-op id="4976" type="sweep" timems="1.021" contextid="4972" timestamp="2019-07-02T23:05:45.114" />
<heap-resize id="4977" type="expand" space="tenure" amount="1048576" count="1" timems="0.111" reason="excessive time being spent in gc" timestamp="2019-07-02T23:05:45.115" />
<gc-end id="4978" type="global" contextid="4972" durationms="3.967" usertimems="4.000" systemtimems="8.000" timestamp="2019-07-02T23:05:45.115" activeThreads="4">
  <mem-info id="4979" free="11842824" total="19070976" percent="62">
    <mem type="tenure" free="11842824" total="19070976" percent="62" micro-fragmented="348180" macro-fragmented="0">
      <mem type="soa" free="11652360" total="18880512" percent="61" />
      <mem type="loa" free="190464" total="190464" percent="100" />
    </mem>
  </mem-info>
</gc-end>
<cycle-end id="4980" type="global" contextid="4972" timestamp="2019-07-02T23:05:45.115">
  <attribute name="GC Util" value="254" />
  <attribute name="CPU Util" value="7222119079454" />
  <attribute name="Time Running"value="5678"/>
  <attribute name="Number of cores"value="4"/>
</cycle-end>
<allocation-satisfied id="4981" threadId="0000000001354500" bytesRequested="40" />
<af-end id="4982" timestamp="2019-07-02T23:05:45.115" threadId="0000000001354E88" success="true" />
<exclusive-end id="4983" timestamp="2019-07-02T23:05:45.115" durationms="4.594" />

<exclusive-start id="4984" timestamp="2019-07-02T23:05:45.124" intervalms="13.234">
  <response-info timems="0.034" idlems="0.034" threads="0" lastid="0000000001354500" lastname="Thread-8" />
</exclusive-start>
<af-start id="4985" threadId="0000000001354E88" totalBytesRequested="40" timestamp="2019-07-02T23:05:45.124" intervalms="13.259" />
<cycle-start id="4986" type="global" contextid="0" timestamp="2019-07-02T23:05:45.124" intervalms="13.264" />
  <attribute name="GC Util" value="254" />
  <attribute name="CPU Util" value="7222119079454" />
  <attribute name="Time Running"value="5678"/>
  <attribute name="Number of cores"value="4"/>
<gc-start id="4987" type="global" contextid="4986" timestamp="2019-07-02T23:05:45.124">
  <mem-info id="4988" free="190464" total="19070976" percent="0">
    <mem type="tenure" free="190464" total="19070976" percent="0">
      <mem type="soa" free="0" total="18880512" percent="0" />
      <mem type="loa" free="190464" total="190464" percent="100" />
    </mem>
  </mem-info>
</gc-start>
<allocation-stats totalBytes="11632544" >
  <allocated-bytes non-tlh="23160" tlh="11609384" />
  <largest-consumer threadName="Thread-8" threadId="0000000001354500" bytes="4248872" />
</allocation-stats>
<gc-op id="4989" type="mark" timems="2.392" contextid="4986" timestamp="2019-07-02T23:05:45.126">
  <trace-info objectcount="71154" scancount="63592" scanbytes="2398796" />
  <finalization candidates="124" enqueued="0" />
  <ownableSynchronizers candidates="3" cleared="0" />
  <references type="soft" candidates="84" cleared="0" enqueued="0" dynamicThreshold="19" maxThreshold="32" />
  <references type="weak" candidates="774" cleared="0" enqueued="0" />
  <references type="phantom" candidates="63" cleared="0" enqueued="0" />
  <stringconstants candidates="4574" cleared="0"  />
</gc-op>
<gc-op id="4990" type="sweep" timems="0.992" contextid="4986" timestamp="2019-07-02T23:05:45.127" />
<gc-end id="4991" type="global" contextid="4986" durationms="3.644" usertimems="12.000" systemtimems="0.000" timestamp="2019-07-02T23:05:45.128" activeThreads="4">
  <mem-info id="4992" free="12423568" total="19070976" percent="65">
    <mem type="tenure" free="12423568" total="19070976" percent="65" micro-fragmented="171697" macro-fragmented="0">
      <mem type="soa" free="12233104" total="18880512" percent="64" />
      <mem type="loa" free="190464" total="190464" percent="100" />
    </mem>
  </mem-info>
</gc-end>
<cycle-end id="4993" type="global" contextid="4986" timestamp="2019-07-02T23:05:45.128">
  <attribute name="GC Util" value="255" />
  <attribute name="CPU Util" value="7534621991333" />
  <attribute name="Time Running"value="5691"/>
  <attribute name="Number of cores"value="4"/>
</cycle-end>
<allocation-satisfied id="4994" threadId="0000000001354500" bytesRequested="40" />
<af-end id="4995" timestamp="2019-07-02T23:05:45.128" threadId="0000000001354E88" success="true" />
<exclusive-end id="4996" timestamp="2019-07-02T23:05:45.128" durationms="4.185" />

<exclusive-start id="4997" timestamp="2019-07-02T23:05:45.137" intervalms="13.321">
  <response-info timems="0.069" idlems="0.069" threads="0" lastid="000000000135F900" lastname="Thread-9" />
</exclusive-start>
<af-start id="4998" threadId="0000000001360288" totalBytesRequested="24" timestamp="2019-07-02T23:05:45.141" intervalms="17.294" />
<cycle-start id="4999" type="global" contextid="0" timestamp="2019-07-02T23:05:45.141" intervalms="17.343" />
  <attribute name="GC Util" value="255" />
  <attribute name="CPU Util" value="7534621991333" />
  <attribute name="Time Running"value="5691"/>
  <attribute name="Number of cores"value="4"/>
<gc-start id="5000" type="global" contextid="4999" timestamp="2019-07-02T23:05:45.141">
  <mem-info id="5001" free="190464" total="19070976" percent="0">
    <mem type="tenure" free="190464" total="19070976" percent="0">
      <mem type="soa" free="0" total="18880512" percent="0" />
      <mem type="loa" free="190464" total="190464" percent="100" />
    </mem>
  </mem-info>
</gc-start>
<allocation-stats totalBytes="12281248" >
  <allocated-bytes non-tlh="0" tlh="12281248" />
  <largest-consumer threadName="Thread-8" threadId="0000000001354500" bytes="4501960" />
</allocation-stats>
<gc-op id="5002" type="mark" timems="2.303" contextid="4999" timestamp="2019-07-02T23:05:45.144">
  <trace-info objectcount="72150" scancount="64558" scanbytes="2422940" />
  <finalization candidates="124" enqueued="0" />
  <ownableSynchronizers candidates="3" cleared="0" />
  <references type="soft" candidates="84" cleared="0" enqueued="0" dynamicThreshold="20" maxThreshold="32" />
  <references type="weak" candidates="774" cleared="0" enqueued="0" />
  <references type="phantom" candidates="63" cleared="0" enqueued="0" />
  <stringconstants candidates="4574" cleared="0"  />
</gc-op>
<gc-op id="5003" type="sweep" timems="0.993" contextid="4999" timestamp="2019-07-02T23:05:45.145" />
<gc-end id="5004" type="global" contextid="4999" durationms="3.799" usertimems="12.000" systemtimems="0.000" timestamp="2019-07-02T23:05:45.145" activeThreads="4">
  <mem-info id="5005" free="12361440" total="19070976" percent="64">
    <mem type="tenure" free="12361440" total="19070976" percent="64" micro-fragmented="228771" macro-fragmented="0">
      <mem type="soa" free="12170976" total="18880512" percent="64" />
      <mem type="loa" free="190464" total="190464" percent="100" />
    </mem>
  </mem-info>
</gc-end>
<cycle-end id="5006" type="global" contextid="4999" timestamp="2019-07-02T23:05:45.145">
  <attribute name="GC Util" value="256" />
  <attribute name="CPU Util" value="7703209056121" />
  <attribute name="Time Running"value="5709"/>
  <attribute name="Number of cores"value="4"/>
</cycle-end>
<allocation-satisfied id="5007" threadId="000000000135F900" bytesRequested="24" />
<af-end id="5008" timestamp="2019-07-02T23:05:45.146" threadId="0000000001360288" success="true" />
<exclusive-end id="5009" timestamp="2019-07-02T23:05:45.146" durationms="8.746" />

<exclusive-start id="5010" timestamp="2019-07-02T23:05:45.155" intervalms="17.991">
  <response-info timems="0.029" idlems="0.029" threads="0" lastid="000000000135BD00" lastname="Thread-10" />
</exclusive-start>
<af-start id="5011" threadId="000000000135C688" totalBytesRequested="24" timestamp="2019-07-02T23:05:45.155" intervalms="14.016" />
<cycle-start id="5012" type="global" contextid="0" timestamp="2019-07-02T23:05:45.155" intervalms="14.001" />
  <attribute name="GC Util" value="256" />
  <attribute name="CPU Util" value="7703209056121" />
  <attribute name="Time Running"value="5709"/>
  <attribute name="Number of cores"value="4"/>
<gc-start id="5013" type="global" contextid="5012" timestamp="2019-07-02T23:05:45.155">
  <mem-info id="5014" free="190464" total="19070976" percent="0">
    <mem type="tenure" free="190464" total="19070976" percent="0">
      <mem type="soa" free="0" total="18880512" percent="0" />
      <mem type="loa" free="190464" total="190464" percent="100" />
    </mem>
  </mem-info>
</gc-start>
<allocation-stats totalBytes="12155776" >
  <allocated-bytes non-tlh="0" tlh="12155776" />
  <largest-consumer threadName="Thread-7" threadId="0000000001358100" bytes="4250040" />
</allocation-stats>
<gc-op id="5015" type="mark" timems="2.525" contextid="5012" timestamp="2019-07-02T23:05:45.158">
  <trace-info objectcount="72786" scancount="65210" scanbytes="2438460" />
  <finalization candidates="124" enqueued="0" />
  <ownableSynchronizers candidates="3" cleared="0" />
  <references type="soft" candidates="84" cleared="0" enqueued="0" dynamicThreshold="20" maxThreshold="32" />
  <references type="weak" candidates="774" cleared="0" enqueued="0" />
  <references type="phantom" candidates="63" cleared="0" enqueued="0" />
  <stringconstants candidates="4574" cleared="0"  />
</gc-op>
<gc-op id="5016" type="sweep" timems="1.007" contextid="5012" timestamp="2019-07-02T23:05:45.159" />
<heap-resize id="5017" type="contract" space="tenure" amount="131072" count="1" timems="0.104" reason="excess free space following gc" timestamp="2019-07-02T23:05:45.159" />
<gc-end id="5018" type="global" contextid="5012" durationms="4.097" usertimems="12.000" systemtimems="0.000" timestamp="2019-07-02T23:05:45.159" activeThreads="4">
  <mem-info id="5019" free="11944240" total="18939904" percent="63">
    <mem type="tenure" free="11944240" total="18939904" percent="63" micro-fragmented="219355" macro-fragmented="0">
      <mem type="soa" free="11944240" total="18751488" percent="63" />
      <mem type="loa" free="0" total="188416" percent="0" />
    </mem>
  </mem-info>
</gc-end>
<cycle-end id="5020" type="global" contextid="5012" timestamp="2019-07-02T23:05:45.159">
  <attribute name="GC Util" value="263" />
  <attribute name="CPU Util" value="7064569991314" />
  <attribute name="Time Running"value="5723"/>
  <attribute name="Number of cores"value="4"/>
</cycle-end>
<allocation-satisfied id="5021" threadId="000000000135BD00" bytesRequested="24" />
<af-end id="5022" timestamp="2019-07-02T23:05:45.160" threadId="000000000135C688" success="true" />
<exclusive-end id="5023" timestamp="2019-07-02T23:05:45.160" durationms="4.747" />

<exclusive-start id="5024" timestamp="2019-07-02T23:05:45.170" intervalms="15.139">
  <response-info timems="0.036" idlems="0.035" threads="1" lastid="000000000135BD00" lastname="Thread-10" />
</exclusive-start>
<af-start id="5025" threadId="0000000001358A88" totalBytesRequested="40" timestamp="2019-07-02T23:05:45.170" intervalms="15.191" />
<cycle-start id="5026" type="global" contextid="0" timestamp="2019-07-02T23:05:45.170" intervalms="15.201" />
  <attribute name="GC Util" value="263" />
  <attribute name="CPU Util" value="7064569991314" />
  <attribute name="Time Running"value="5723"/>
  <attribute name="Number of cores"value="4"/>
<gc-start id="5027" type="global" contextid="5026" timestamp="2019-07-02T23:05:45.170">
  <mem-info id="5028" free="0" total="18939904" percent="0">
    <mem type="tenure" free="0" total="18939904" percent="0">
      <mem type="soa" free="0" total="18751488" percent="0" />
      <mem type="loa" free="0" total="188416" percent="0" />
    </mem>
  </mem-info>
</gc-start>
<allocation-stats totalBytes="11927488" >
  <allocated-bytes non-tlh="0" tlh="11927488" />
  <largest-consumer threadName="Thread-10" threadId="000000000135BD00" bytes="4744392" />
</allocation-stats>
<gc-op id="5029" type="mark" timems="1.477" contextid="5026" timestamp="2019-07-02T23:05:45.172">
  <trace-info objectcount="73312" scancount="65739" scanbytes="2450908" />
  <finalization candidates="124" enqueued="0" />
  <ownableSynchronizers candidates="3" cleared="0" />
  <references type="soft" candidates="84" cleared="0" enqueued="0" dynamicThreshold="20" maxThreshold="32" />
  <references type="weak" candidates="774" cleared="0" enqueued="0" />
  <references type="phantom" candidates="63" cleared="0" enqueued="0" />
  <stringconstants candidates="4574" cleared="0"  />
</gc-op>
<gc-op id="5030" type="sweep" timems="0.591" contextid="5026" timestamp="2019-07-02T23:05:45.173" />
<heap-resize id="5031" type="contract" space="tenure" amount="65536" count="1" timems="0.136" reason="excess free space following gc" timestamp="2019-07-02T23:05:45.173" />
<gc-end id="5032" type="global" contextid="5026" durationms="2.599" usertimems="4.000" systemtimems="4.000" timestamp="2019-07-02T23:05:45.173" activeThreads="4">
  <mem-info id="5033" free="11751552" total="18874368" percent="62">
    <mem type="tenure" free="11751552" total="18874368" percent="62" micro-fragmented="270159" macro-fragmented="0">
      <mem type="soa" free="11751552" total="18685952" percent="62" />
      <mem type="loa" free="0" total="188416" percent="0" />
    </mem>
  </mem-info>
</gc-end>
<cycle-end id="5034" type="global" contextid="5026" timestamp="2019-07-02T23:05:45.173">
  <attribute name="GC Util" value="237" />
  <attribute name="CPU Util" value="12080326920974" />
  <attribute name="Time Running"value="5737"/>
  <attribute name="Number of cores"value="4"/>
</cycle-end>
<allocation-satisfied id="5035" threadId="0000000001358100" bytesRequested="40" />
<af-end id="5036" timestamp="2019-07-02T23:05:45.173" threadId="0000000001358A88" success="true" />
<exclusive-end id="5037" timestamp="2019-07-02T23:05:45.173" durationms="3.249" />

<exclusive-start id="5038" timestamp="2019-07-02T23:05:45.182" intervalms="12.297">
  <response-info timems="0.030" idlems="0.028" threads="1" lastid="0000000001358100" lastname="Thread-7" />
</exclusive-start>
<af-start id="5039" threadId="000000000135C688" totalBytesRequested="40" timestamp="2019-07-02T23:05:45.183" intervalms="12.229" />
<cycle-start id="5040" type="global" contextid="0" timestamp="2019-07-02T23:05:45.183" intervalms="12.221" />
  <attribute name="GC Util" value="237" />
  <attribute name="CPU Util" value="12080326920974" />
  <attribute name="Time Running"value="5737"/>
  <attribute name="Number of cores"value="4"/>
<gc-start id="5041" type="global" contextid="5040" timestamp="2019-07-02T23:05:45.183">
  <mem-info id="5042" free="0" total="18874368" percent="0">
    <mem type="tenure" free="0" total="18874368" percent="0">
      <mem type="soa" free="0" total="18685952" percent="0" />
      <mem type="loa" free="0" total="188416" percent="0" />
    </mem>
  </mem-info>
</gc-start>
<allocation-stats totalBytes="11727512" >
  <allocated-bytes non-tlh="46320" tlh="11681192" />
  <largest-consumer threadName="Thread-7" threadId="0000000001358100" bytes="5323376" />
</allocation-stats>
<gc-op id="5043" type="mark" timems="2.432" contextid="5040" timestamp="2019-07-02T23:05:45.185">
  <trace-info objectcount="64160" scancount="56592" scanbytes="2230748" />
  <finalization candidates="124" enqueued="0" />
  <ownableSynchronizers candidates="3" cleared="0" />
  <references type="soft" candidates="84" cleared="0" enqueued="0" dynamicThreshold="19" maxThreshold="32" />
  <references type="weak" candidates="774" cleared="0" enqueued="0" />
  <references type="phantom" candidates="63" cleared="0" enqueued="0" />
  <stringconstants candidates="4574" cleared="0"  />
</gc-op>
<gc-op id="5044" type="sweep" timems="0.857" contextid="5040" timestamp="2019-07-02T23:05:45.186" />
<mem-info id="5045" free="12708528" total="18874368" percent="67">
  <mem type="tenure" free="12708528" total="18874368" percent="67" micro-fragmented="96562" macro-fragmented="10707">
    <mem type="soa" free="12708528" total="18685952" percent="68" />
    <mem type="loa" free="0" total="188416" percent="0" />
  </mem>
</mem-info>
<gc-op id="5046" type="compact" timems="5.586" contextid="5040" timestamp="2019-07-02T23:05:45.192">
  <compact-info movecount="24419" movebytes="1136416" reason="compact to aid heap contraction" />
</gc-op>
<heap-resize id="5047" type="contract" space="tenure" amount="131072" count="1" timems="0.084" reason="excess free space following gc" timestamp="2019-07-02T23:05:45.192" />
<gc-end id="5048" type="global" contextid="5040" durationms="9.643" usertimems="16.000" systemtimems="4.000" timestamp="2019-07-02T23:05:45.192" activeThreads="4">
  <mem-info id="5049" free="12920288" total="18743296" percent="68">
    <mem type="tenure" free="12920288" total="18743296" percent="68">
      <mem type="soa" free="12790240" total="18555904" percent="68" />
      <mem type="loa" free="130048" total="187392" percent="69" />
    </mem>
  </mem-info>
</gc-end>
<cycle-end id="5050" type="global" contextid="5040" timestamp="2019-07-02T23:05:45.192">
  <attribute name="GC Util" value="142" />
  <attribute name="CPU Util" value="17434908835339" />
  <attribute name="Time Running"value="5751"/>
  <attribute name="Number of cores"value="4"/>
</cycle-end>
<allocation-satisfied id="5051" threadId="000000000135BD00" bytesRequested="40" />
<af-end id="5052" timestamp="2019-07-02T23:05:45.193" threadId="000000000135C688" success="true" />
<exclusive-end id="5053" timestamp="2019-07-02T23:05:45.193" durationms="10.325" />

<exclusive-start id="5054" timestamp="2019-07-02T23:05:45.203" intervalms="20.641">
  <response-info timems="0.048" idlems="0.048" threads="0" lastid="0000000001358100" lastname="Thread-7" />
</exclusive-start>
<af-start id="5055" threadId="0000000001358A88" totalBytesRequested="40" timestamp="2019-07-02T23:05:45.203" intervalms="20.679" />
<cycle-start id="5056" type="global" contextid="0" timestamp="2019-07-02T23:05:45.203" intervalms="20.672" />
  <attribute name="GC Util" value="142" />
  <attribute name="CPU Util" value="17434908835339" />
  <attribute name="Time Running"value="5751"/>
  <attribute name="Number of cores"value="4"/>
<gc-start id="5057" type="global" contextid="5056" timestamp="2019-07-02T23:05:45.203">
  <mem-info id="5058" free="130048" total="18743296" percent="0">
    <mem type="tenure" free="130048" total="18743296" percent="0">
      <mem type="soa" free="0" total="18555904" percent="0" />
      <mem type="loa" free="130048" total="187392" percent="69" />
    </mem>
  </mem-info>
</gc-start>
<allocation-stats totalBytes="12853896" >
  <allocated-bytes non-tlh="0" tlh="12853896" />
  <largest-consumer threadName="Thread-10" threadId="000000000135BD00" bytes="4947320" />
</allocation-stats>
<gc-op id="5059" type="mark" timems="1.312" contextid="5056" timestamp="2019-07-02T23:05:45.205">
  <trace-info objectcount="65117" scancount="57553" scanbytes="2253916" />
  <finalization candidates="124" enqueued="0" />
  <ownableSynchronizers candidates="3" cleared="0" />
  <references type="soft" candidates="84" cleared="0" enqueued="0" dynamicThreshold="22" maxThreshold="32" />
  <references type="weak" candidates="774" cleared="0" enqueued="0" />
  <references type="phantom" candidates="63" cleared="0" enqueued="0" />
  <stringconstants candidates="4574" cleared="0"  />
</gc-op>
<gc-op id="5060" type="sweep" timems="0.319" contextid="5056" timestamp="2019-07-02T23:05:45.205" />
<heap-resize id="5061" type="contract" space="tenure" amount="131072" count="1" timems="0.096" reason="excess free space following gc" timestamp="2019-07-02T23:05:45.206" />
<gc-end id="5062" type="global" contextid="5056" durationms="2.341" usertimems="4.000" systemtimems="0.000" timestamp="2019-07-02T23:05:45.206" activeThreads="4">
  <mem-info id="5063" free="12781600" total="18612224" percent="68">
    <mem type="tenure" free="12781600" total="18612224" percent="68" micro-fragmented="10019" macro-fragmented="0">
      <mem type="soa" free="12696840" total="18426880" percent="68" />
      <mem type="loa" free="84760" total="185344" percent="45" />
    </mem>
  </mem-info>
</gc-end>
<cycle-end id="5064" type="global" contextid="5056" timestamp="2019-07-02T23:05:45.206">
  <attribute name="GC Util" value="235" />
  <attribute name="CPU Util" value="13134141244532" />
  <attribute name="Time Running"value="5770"/>
  <attribute name="Number of cores"value="4"/>
</cycle-end>
<allocation-satisfied id="5065" threadId="0000000001358100" bytesRequested="40" />
<af-end id="5066" timestamp="2019-07-02T23:05:45.206" threadId="0000000001358A88" success="true" />
<exclusive-end id="5067" timestamp="2019-07-02T23:05:45.206" durationms="3.028" />

<exclusive-start id="5068" timestamp="2019-07-02T23:05:45.215" intervalms="12.219">
  <response-info timems="0.027" idlems="0.027" threads="0" lastid="0000000001358100" lastname="Thread-7" />
</exclusive-start>
<af-start id="5069" threadId="0000000001358A88" totalBytesRequested="40" timestamp="2019-07-02T23:05:45.215" intervalms="12.206" />
<cycle-start id="5070" type="global" contextid="0" timestamp="2019-07-02T23:05:45.216" intervalms="12.229" />
  <attribute name="GC Util" value="235" />
  <attribute name="CPU Util" value="13134141244532" />
  <attribute name="Time Running"value="5770"/>
  <attribute name="Number of cores"value="4"/>
<gc-start id="5071" type="global" contextid="5070" timestamp="2019-07-02T23:05:45.216">
  <mem-info id="5072" free="84760" total="18612224" percent="0">
    <mem type="tenure" free="84760" total="18612224" percent="0">
      <mem type="soa" free="0" total="18426880" percent="0" />
      <mem type="loa" free="84760" total="185344" percent="45" />
    </mem>
  </mem-info>
</gc-start>
<allocation-stats totalBytes="12691632" >
  <allocated-bytes non-tlh="0" tlh="12691632" />
  <largest-consumer threadName="Thread-7" threadId="0000000001358100" bytes="4971728" />
</allocation-stats>
<gc-op id="5073" type="mark" timems="1.255" contextid="5070" timestamp="2019-07-02T23:05:45.217">
  <trace-info objectcount="66031" scancount="58455" scanbytes="2275708" />
  <finalization candidates="124" enqueued="0" />
  <ownableSynchronizers candidates="3" cleared="0" />
  <references type="soft" candidates="84" cleared="0" enqueued="0" dynamicThreshold="21" maxThreshold="32" />
  <references type="weak" candidates="774" cleared="0" enqueued="0" />
  <references type="phantom" candidates="63" cleared="0" enqueued="0" />
  <stringconstants candidates="4574" cleared="0"  />
</gc-op>
<gc-op id="5074" type="sweep" timems="0.298" contextid="5070" timestamp="2019-07-02T23:05:45.218" />
<heap-resize id="5075" type="contract" space="tenure" amount="131072" count="1" timems="0.092" reason="excess free space following gc" timestamp="2019-07-02T23:05:45.218" />
<gc-end id="5076" type="global" contextid="5070" durationms="2.243" usertimems="4.000" systemtimems="0.000" timestamp="2019-07-02T23:05:45.218" activeThreads="4">
  <mem-info id="5077" free="12605424" total="18481152" percent="68">
    <mem type="tenure" free="12605424" total="18481152" percent="68" micro-fragmented="772" macro-fragmented="39312">
      <mem type="soa" free="12524080" total="18296832" percent="68" />
      <mem type="loa" free="81344" total="184320" percent="44" />
    </mem>
  </mem-info>
</gc-end>
<cycle-end id="5078" type="global" contextid="5070" timestamp="2019-07-02T23:05:45.218">
  <attribute name="GC Util" value="219" />
  <attribute name="CPU Util" value="13720957771998" />
  <attribute name="Time Running"value="5782"/>
  <attribute name="Number of cores"value="4"/>
</cycle-end>
<allocation-satisfied id="5079" threadId="0000000001358100" bytesRequested="40" />
<af-end id="5080" timestamp="2019-07-02T23:05:45.218" threadId="0000000001358A88" success="true" />
<exclusive-end id="5081" timestamp="2019-07-02T23:05:45.218" durationms="3.046" />

<exclusive-start id="5082" timestamp="2019-07-02T23:05:45.230" intervalms="14.541">
  <response-info timems="0.034" idlems="0.034" threads="0" lastid="0000000001358100" lastname="Thread-7" />
</exclusive-start>
<af-start id="5083" threadId="0000000001358A88" totalBytesRequested="40" timestamp="2019-07-02T23:05:45.230" intervalms="14.562" />
<cycle-start id="5084" type="global" contextid="0" timestamp="2019-07-02T23:05:45.230" intervalms="14.541" />
  <attribute name="GC Util" value="219" />
  <attribute name="CPU Util" value="13720957771998" />
  <attribute name="Time Running"value="5782"/>
  <attribute name="Number of cores"value="4"/>
<gc-start id="5085" type="global" contextid="5084" timestamp="2019-07-02T23:05:45.230">
  <mem-info id="5086" free="81344" total="18481152" percent="0">
    <mem type="tenure" free="81344" total="18481152" percent="0">
      <mem type="soa" free="0" total="18296832" percent="0" />
      <mem type="loa" free="81344" total="184320" percent="44" />
    </mem>
  </mem-info>
</gc-start>
<allocation-stats totalBytes="12511136" >
  <allocated-bytes non-tlh="0" tlh="12511136" />
  <largest-consumer threadName="Thread-7" threadId="0000000001358100" bytes="5334624" />
</allocation-stats>
<gc-op id="5087" type="mark" timems="1.200" contextid="5084" timestamp="2019-07-02T23:05:45.232">
  <trace-info objectcount="67183" scancount="59610" scanbytes="2303948" />
  <finalization candidates="124" enqueued="0" />
  <ownableSynchronizers candidates="3" cleared="0" />
  <references type="soft" candidates="84" cleared="0" enqueued="0" dynamicThreshold="21" maxThreshold="32" />
  <references type="weak" candidates="774" cleared="0" enqueued="0" />
  <references type="phantom" candidates="63" cleared="0" enqueued="0" />
  <stringconstants candidates="4574" cleared="0"  />
</gc-op>
<gc-op id="5088" type="sweep" timems="0.361" contextid="5084" timestamp="2019-07-02T23:05:45.232" />
<mem-info id="5089" free="12543432" total="18481152" percent="67">
  <mem type="tenure" free="12543432" total="18481152" percent="67" micro-fragmented="34685" macro-fragmented="28747">
    <mem type="soa" free="12450048" total="18296832" percent="68" />
    <mem type="loa" free="93384" total="184320" percent="50" />
  </mem>
</mem-info>
<gc-op id="5090" type="compact" timems="4.356" contextid="5084" timestamp="2019-07-02T23:05:45.237">
  <compact-info movecount="27403" movebytes="1208680" reason="compact to aid heap contraction" />
</gc-op>
<heap-resize id="5091" type="contract" space="tenure" amount="131072" count="1" timems="0.081" reason="excess free space following gc" timestamp="2019-07-02T23:05:45.237" />
<gc-end id="5092" type="global" contextid="5084" durationms="6.944" usertimems="12.000" systemtimems="0.000" timestamp="2019-07-02T23:05:45.237" activeThreads="4">
  <mem-info id="5093" free="12457968" total="18350080" percent="67">
    <mem type="tenure" free="12457968" total="18350080" percent="67">
      <mem type="soa" free="12327920" total="18166784" percent="67" />
      <mem type="loa" free="130048" total="183296" percent="70" />
    </mem>
  </mem-info>
</gc-end>
<cycle-end id="5094" type="global" contextid="5084" timestamp="2019-07-02T23:05:45.237">
  <attribute name="GC Util" value="17" />
  <attribute name="CPU Util" value="28490631595617" />
  <attribute name="Time Running"value="5797"/>
  <attribute name="Number of cores"value="4"/>
</cycle-end>
<allocation-satisfied id="5095" threadId="0000000001358100" bytesRequested="40" />
<af-end id="5096" timestamp="2019-07-02T23:05:45.238" threadId="0000000001358A88" success="true" />
<exclusive-end id="5097" timestamp="2019-07-02T23:05:45.238" durationms="7.791" />

<exclusive-start id="5098" timestamp="2019-07-02T23:05:45.248" intervalms="17.843">
  <response-info timems="0.043" idlems="0.043" threads="0" lastid="0000000001354500" lastname="Thread-8" />
</exclusive-start>
<af-start id="5099" threadId="0000000001354E88" totalBytesRequested="24" timestamp="2019-07-02T23:05:45.248" intervalms="17.834" />
<cycle-start id="5100" type="global" contextid="0" timestamp="2019-07-02T23:05:45.248" intervalms="17.877" />
  <attribute name="GC Util" value="17" />
  <attribute name="CPU Util" value="28490631595617" />
  <attribute name="Time Running"value="5797"/>
  <attribute name="Number of cores"value="4"/>
<gc-start id="5101" type="global" contextid="5100" timestamp="2019-07-02T23:05:45.248">
  <mem-info id="5102" free="130048" total="18350080" percent="0">
    <mem type="tenure" free="130048" total="18350080" percent="0">
      <mem type="soa" free="0" total="18166784" percent="0" />
      <mem type="loa" free="130048" total="183296" percent="70" />
    </mem>
  </mem-info>
</gc-start>
<allocation-stats totalBytes="12392968" >
  <allocated-bytes non-tlh="0" tlh="12392968" />
  <largest-consumer threadName="Thread-7" threadId="0000000001358100" bytes="4610888" />
</allocation-stats>
<gc-op id="5103" type="mark" timems="2.041" contextid="5100" timestamp="2019-07-02T23:05:45.250">
  <trace-info objectcount="63135" scancount="55565" scanbytes="2206396" />
  <finalization candidates="124" enqueued="0" />
  <ownableSynchronizers candidates="3" cleared="0" />
  <references type="soft" candidates="84" cleared="0" enqueued="0" dynamicThreshold="21" maxThreshold="32" />
  <references type="weak" candidates="774" cleared="0" enqueued="0" />
  <references type="phantom" candidates="63" cleared="0" enqueued="0" />
  <stringconstants candidates="4574" cleared="0"  />
</gc-op>
<gc-op id="5104" type="sweep" timems="0.734" contextid="5100" timestamp="2019-07-02T23:05:45.251" />
<heap-resize id="5105" type="contract" space="tenure" amount="131072" count="1" timems="0.093" reason="excess free space following gc" timestamp="2019-07-02T23:05:45.251" />
<gc-end id="5106" type="global" contextid="5100" durationms="3.482" usertimems="8.000" systemtimems="0.000" timestamp="2019-07-02T23:05:45.252" activeThreads="4">
  <mem-info id="5107" free="12182928" total="18219008" percent="66">
    <mem type="tenure" free="12182928" total="18219008" percent="66" micro-fragmented="79938" macro-fragmented="0">
      <mem type="soa" free="12182928" total="18037760" percent="67" />
      <mem type="loa" free="0" total="181248" percent="0" />
    </mem>
  </mem-info>
</gc-end>
<cycle-end id="5108" type="global" contextid="5100" timestamp="2019-07-02T23:05:45.252">
  <attribute name="GC Util" value="246" />
  <attribute name="CPU Util" value="8686727571504" />
  <attribute name="Time Running"value="5815"/>
  <attribute name="Number of cores"value="4"/>
</cycle-end>
<allocation-satisfied id="5109" threadId="0000000001354500" bytesRequested="24" />
<af-end id="5110" timestamp="2019-07-02T23:05:45.252" threadId="0000000001354E88" success="true" />
<exclusive-end id="5111" timestamp="2019-07-02T23:05:45.252" durationms="4.461" />

<exclusive-start id="5112" timestamp="2019-07-02T23:05:45.261" intervalms="13.768">
  <response-info timems="0.034" idlems="0.034" threads="0" lastid="0000000001358100" lastname="Thread-7" />
</exclusive-start>
<af-start id="5113" threadId="0000000001358A88" totalBytesRequested="40" timestamp="2019-07-02T23:05:45.262" intervalms="13.808" />
<cycle-start id="5114" type="global" contextid="0" timestamp="2019-07-02T23:05:45.262" intervalms="13.804" />
  <attribute name="GC Util" value="246" />
  <attribute name="CPU Util" value="8686727571504" />
  <attribute name="Time Running"value="5815"/>
  <attribute name="Number of cores"value="4"/>
<gc-start id="5115" type="global" contextid="5114" timestamp="2019-07-02T23:05:45.262">
  <mem-info id="5116" free="0" total="18219008" percent="0">
    <mem type="tenure" free="0" total="18219008" percent="0">
      <mem type="soa" free="0" total="18037760" percent="0" />
      <mem type="loa" free="0" total="181248" percent="0" />
    </mem>
  </mem-info>
</gc-start>
<allocation-stats totalBytes="12244120" >
  <allocated-bytes non-tlh="0" tlh="12244120" />
  <largest-consumer threadName="Thread-7" threadId="0000000001358100" bytes="4167248" />
</allocation-stats>
<gc-op id="5117" type="mark" timems="1.126" contextid="5114" timestamp="2019-07-02T23:05:45.263">
  <trace-info objectcount="64199" scancount="56621" scanbytes="2231972" />
  <finalization candidates="124" enqueued="0" />
  <ownableSynchronizers candidates="3" cleared="0" />
  <references type="soft" candidates="84" cleared="0" enqueued="0" dynamicThreshold="21" maxThreshold="32" />
  <references type="weak" candidates="774" cleared="0" enqueued="0" />
  <references type="phantom" candidates="63" cleared="0" enqueued="0" />
  <stringconstants candidates="4574" cleared="0"  />
</gc-op>
<gc-op id="5118" type="sweep" timems="0.286" contextid="5114" timestamp="2019-07-02T23:05:45.263" />
<heap-resize id="5119" type="contract" space="tenure" amount="65536" count="1" timems="0.086" reason="excess free space following gc" timestamp="2019-07-02T23:05:45.264" />
<gc-end id="5120" type="global" contextid="5114" durationms="1.879" usertimems="4.000" systemtimems="0.000" timestamp="2019-07-02T23:05:45.264" activeThreads="4">
  <mem-info id="5121" free="12132144" total="18153472" percent="66">
    <mem type="tenure" free="12132144" total="18153472" percent="66" micro-fragmented="132411" macro-fragmented="0">
      <mem type="soa" free="12132144" total="17972224" percent="67" />
      <mem type="loa" free="0" total="181248" percent="0" />
    </mem>
  </mem-info>
</gc-end>
<cycle-end id="5122" type="global" contextid="5114" timestamp="2019-07-02T23:05:45.264">
  <attribute name="GC Util" value="231" />
  <attribute name="CPU Util" value="15724756897191" />
  <attribute name="Time Running"value="5828"/>
  <attribute name="Number of cores"value="4"/>
</cycle-end>
<allocation-satisfied id="5123" threadId="0000000001358100" bytesRequested="40" />
<af-end id="5124" timestamp="2019-07-02T23:05:45.264" threadId="0000000001358A88" success="true" />
<exclusive-end id="5125" timestamp="2019-07-02T23:05:45.264" durationms="2.687" />

<exclusive-start id="5126" timestamp="2019-07-02T23:05:45.273" intervalms="11.713">
  <response-info timems="0.043" idlems="0.042" threads="1" lastid="000000000135F900" lastname="Thread-9" />
</exclusive-start>
<af-start id="5127" threadId="0000000001354E88" totalBytesRequested="40" timestamp="2019-07-02T23:05:45.273" intervalms="11.627" />
<cycle-start id="5128" type="global" contextid="0" timestamp="2019-07-02T23:05:45.273" intervalms="11.614" />
  <attribute name="GC Util" value="231" />
  <attribute name="CPU Util" value="15724756897191" />
  <attribute name="Time Running"value="5828"/>
  <attribute name="Number of cores"value="4"/>
<gc-start id="5129" type="global" contextid="5128" timestamp="2019-07-02T23:05:45.273">
  <mem-info id="5130" free="0" total="18153472" percent="0">
    <mem type="tenure" free="0" total="18153472" percent="0">
      <mem type="soa" free="0" total="17972224" percent="0" />
      <mem type="loa" free="0" total="181248" percent="0" />
    </mem>
  </mem-info>
</gc-start>
<allocation-stats totalBytes="12122768" >
  <allocated-bytes non-tlh="0" tlh="12122768" />
  <largest-consumer threadName="Thread-7" threadId="0000000001358100" bytes="3858272" />
</allocation-stats>
<gc-op id="5131" type="mark" timems="2.465" contextid="5128" timestamp="2019-07-02T23:05:45.276">
  <trace-info objectcount="65511" scancount="57930" scanbytes="2263956" />
  <finalization candidates="124" enqueued="0" />
  <ownableSynchronizers candidates="3" cleared="0" />
  <references type="soft" candidates="84" cleared="0" enqueued="0" dynamicThreshold="21" maxThreshold="32" />
  <references type="weak" candidates="774" cleared="0" enqueued="0" />
  <references type="phantom" candidates="63" cleared="0" enqueued="0" />
  <stringconstants candidates="4574" cleared="0"  />
</gc-op>
<gc-op id="5132" type="sweep" timems="0.837" contextid="5128" timestamp="2019-07-02T23:05:45.277" />
<mem-info id="5133" free="12053024" total="18153472" percent="66">
  <mem type="tenure" free="12053024" total="18153472" percent="66" micro-fragmented="157704" macro-fragmented="0">
    <mem type="soa" free="12053024" total="17972224" percent="67" />
    <mem type="loa" free="0" total="181248" percent="0" />
  </mem>
</mem-info>
<gc-op id="5134" type="compact" timems="5.338" contextid="5128" timestamp="2019-07-02T23:05:45.283">
  <compact-info movecount="25764" movebytes="1169480" reason="compact to aid heap contraction" />
</gc-op>
<heap-resize id="5135" type="contract" space="tenure" amount="131072" count="1" timems="0.086" reason="excess free space following gc" timestamp="2019-07-02T23:05:45.283" />
<gc-end id="5136" type="global" contextid="5128" durationms="9.591" usertimems="24.000" systemtimems="0.000" timestamp="2019-07-02T23:05:45.283" activeThreads="4">
  <mem-info id="5137" free="12173352" total="18022400" percent="67">
    <mem type="tenure" free="12173352" total="18022400" percent="67">
      <mem type="soa" free="12043304" total="17842176" percent="67" />
      <mem type="loa" free="130048" total="180224" percent="72" />
    </mem>
  </mem-info>
</gc-end>
<cycle-end id="5138" type="global" contextid="5128" timestamp="2019-07-02T23:05:45.283">
  <attribute name="GC Util" value="149" />
  <attribute name="CPU Util" value="18052548319580" />
  <attribute name="Time Running"value="5842"/>
  <attribute name="Number of cores"value="4"/>
</cycle-end>
<allocation-satisfied id="5139" threadId="0000000001354500" bytesRequested="40" />
<af-end id="5140" timestamp="2019-07-02T23:05:45.283" threadId="0000000001354E88" success="true" />
<exclusive-end id="5141" timestamp="2019-07-02T23:05:45.284" durationms="10.448" />

<exclusive-start id="5142" timestamp="2019-07-02T23:05:45.297" intervalms="23.529">
  <response-info timems="0.056" idlems="0.030" threads="1" lastid="000000000135F900" lastname="Thread-9" />
</exclusive-start>
<af-start id="5143" threadId="000000000135C688" totalBytesRequested="40" timestamp="2019-07-02T23:05:45.297" intervalms="23.636" />
<cycle-start id="5144" type="global" contextid="0" timestamp="2019-07-02T23:05:45.297" intervalms="23.618" />
  <attribute name="GC Util" value="149" />
  <attribute name="CPU Util" value="18052548319580" />
  <attribute name="Time Running"value="5842"/>
  <attribute name="Number of cores"value="4"/>
<gc-start id="5145" type="global" contextid="5144" timestamp="2019-07-02T23:05:45.297">
  <mem-info id="5146" free="130048" total="18022400" percent="0">
    <mem type="tenure" free="130048" total="18022400" percent="0">
      <mem type="soa" free="0" total="17842176" percent="0" />
      <mem type="loa" free="130048" total="180224" percent="72" />
    </mem>
  </mem-info>
</gc-start>
<allocation-stats totalBytes="12107840" >
  <allocated-bytes non-tlh="0" tlh="12107840" />
  <largest-consumer threadName="Thread-8" threadId="0000000001354500" bytes="5471888" />
</allocation-stats>
<gc-op id="5147" type="mark" timems="2.381" contextid="5144" timestamp="2019-07-02T23:05:45.300">
  <trace-info objectcount="66123" scancount="58561" scanbytes="2277924" />
  <finalization candidates="124" enqueued="0" />
  <ownableSynchronizers candidates="3" cleared="0" />
  <references type="soft" candidates="84" cleared="0" enqueued="0" dynamicThreshold="21" maxThreshold="32" />
  <references type="weak" candidates="774" cleared="0" enqueued="0" />
  <references type="phantom" candidates="63" cleared="0" enqueued="0" />
  <stringconstants candidates="4574" cleared="0"  />
</gc-op>
<gc-op id="5148" type="sweep" timems="0.729" contextid="5144" timestamp="2019-07-02T23:05:45.300" />
<heap-resize id="5149" type="contract" space="tenure" amount="131072" count="1" timems="0.083" reason="excess free space following gc" timestamp="2019-07-02T23:05:45.301" />
<gc-end id="5150" type="global" contextid="5144" durationms="3.626" usertimems="8.000" systemtimems="0.000" timestamp="2019-07-02T23:05:45.301" activeThreads="4">
  <mem-info id="5151" free="11959208" total="17891328" percent="66">
    <mem type="tenure" free="11959208" total="17891328" percent="66" micro-fragmented="0" macro-fragmented="0">
      <mem type="soa" free="11959208" total="17713152" percent="67" />
      <mem type="loa" free="0" total="178176" percent="0" />
    </mem>
  </mem-info>
</gc-end>
<cycle-end id="5152" type="global" contextid="5144" timestamp="2019-07-02T23:05:45.301">
  <attribute name="GC Util" value="258" />
  <attribute name="CPU Util" value="7530306675633" />
  <attribute name="Time Running"value="5865"/>
  <attribute name="Number of cores"value="4"/>
</cycle-end>
<allocation-satisfied id="5153" threadId="000000000135BD00" bytesRequested="40" />
<af-end id="5154" timestamp="2019-07-02T23:05:45.301" threadId="000000000135C688" success="true" />
<exclusive-end id="5155" timestamp="2019-07-02T23:05:45.301" durationms="4.348" />

<exclusive-start id="5156" timestamp="2019-07-02T23:05:45.311" intervalms="14.657">
  <response-info timems="0.034" idlems="0.034" threads="0" lastid="0000000001358100" lastname="Thread-7" />
</exclusive-start>
<af-start id="5157" threadId="0000000001358A88" totalBytesRequested="40" timestamp="2019-07-02T23:05:45.313" intervalms="16.399" />
<cycle-start id="5158" type="global" contextid="0" timestamp="2019-07-02T23:05:45.313" intervalms="16.442" />
  <attribute name="GC Util" value="258" />
  <attribute name="CPU Util" value="7530306675633" />
  <attribute name="Time Running"value="5865"/>
  <attribute name="Number of cores"value="4"/>
<gc-start id="5159" type="global" contextid="5158" timestamp="2019-07-02T23:05:45.314">
  <mem-info id="5160" free="0" total="17891328" percent="0">
    <mem type="tenure" free="0" total="17891328" percent="0">
      <mem type="soa" free="0" total="17713152" percent="0" />
      <mem type="loa" free="0" total="178176" percent="0" />
    </mem>
  </mem-info>
</gc-start>
<allocation-stats totalBytes="11955120" >
  <allocated-bytes non-tlh="0" tlh="11955120" />
  <largest-consumer threadName="Thread-8" threadId="0000000001354500" bytes="4840864" />
</allocation-stats>
<gc-op id="5161" type="mark" timems="1.495" contextid="5158" timestamp="2019-07-02T23:05:45.315">
  <trace-info objectcount="67921" scancount="60350" scanbytes="2320892" />
  <finalization candidates="124" enqueued="0" />
  <ownableSynchronizers candidates="3" cleared="0" />
  <references type="soft" candidates="84" cleared="0" enqueued="0" dynamicThreshold="21" maxThreshold="32" />
  <references type="weak" candidates="774" cleared="0" enqueued="0" />
  <references type="phantom" candidates="63" cleared="0" enqueued="0" />
  <stringconstants candidates="4574" cleared="0"  />
</gc-op>
<gc-op id="5162" type="sweep" timems="0.319" contextid="5158" timestamp="2019-07-02T23:05:45.316" />
<mem-info id="5163" free="11894608" total="17891328" percent="66">
  <mem type="tenure" free="11894608" total="17891328" percent="66" micro-fragmented="25733" macro-fragmented="0">
    <mem type="soa" free="11894608" total="17713152" percent="67" />
    <mem type="loa" free="0" total="178176" percent="0" />
  </mem>
</mem-info>
<gc-op id="5164" type="compact" timems="3.441" contextid="5158" timestamp="2019-07-02T23:05:45.319">
  <compact-info movecount="9988" movebytes="377824" reason="compact to aid heap contraction" />
</gc-op>
<heap-resize id="5165" type="contract" space="tenure" amount="131072" count="1" timems="0.089" reason="excess free space following gc" timestamp="2019-07-02T23:05:45.320" />
<gc-end id="5166" type="global" contextid="5158" durationms="6.244" usertimems="8.000" systemtimems="0.000" timestamp="2019-07-02T23:05:45.320" activeThreads="4">
  <mem-info id="5167" free="11857344" total="17760256" percent="66">
    <mem type="tenure" free="11857344" total="17760256" percent="66">
      <mem type="soa" free="11727296" total="17583104" percent="66" />
      <mem type="loa" free="130048" total="177152" percent="73" />
    </mem>
  </mem-info>
</gc-end>
<cycle-end id="5168" type="global" contextid="5158" timestamp="2019-07-02T23:05:45.320">
  <attribute name="GC Util" value="18" />
  <attribute name="CPU Util" value="31114157269181" />
  <attribute name="Time Running"value="5881"/>
  <attribute name="Number of cores"value="4"/>
</cycle-end>
<allocation-satisfied id="5169" threadId="0000000001358100" bytesRequested="40" />
<af-end id="5170" timestamp="2019-07-02T23:05:45.320" threadId="0000000001358A88" success="true" />
<exclusive-end id="5171" timestamp="2019-07-02T23:05:45.320" durationms="8.916" />

<exclusive-start id="5172" timestamp="2019-07-02T23:05:45.333" intervalms="21.973">
  <response-info timems="2.213" idlems="2.213" threads="0" lastid="0000000001354500" lastname="Thread-8" />
</exclusive-start>
<af-start id="5173" threadId="0000000001354E88" totalBytesRequested="24" timestamp="2019-07-02T23:05:45.333" intervalms="20.219" />
<cycle-start id="5174" type="global" contextid="0" timestamp="2019-07-02T23:05:45.334" intervalms="20.211" />
  <attribute name="GC Util" value="18" />
  <attribute name="CPU Util" value="31114157269181" />
  <attribute name="Time Running"value="5881"/>
  <attribute name="Number of cores"value="4"/>
<gc-start id="5175" type="global" contextid="5174" timestamp="2019-07-02T23:05:45.334">
  <mem-info id="5176" free="130048" total="17760256" percent="0">
    <mem type="tenure" free="130048" total="17760256" percent="0">
      <mem type="soa" free="0" total="17583104" percent="0" />
      <mem type="loa" free="130048" total="177152" percent="73" />
    </mem>
  </mem-info>
</gc-start>
<allocation-stats totalBytes="11790864" >
  <allocated-bytes non-tlh="0" tlh="11790864" />
  <largest-consumer threadName="Thread-8" threadId="0000000001354500" bytes="6675832" />
</allocation-stats>
<gc-op id="5177" type="mark" timems="2.211" contextid="5174" timestamp="2019-07-02T23:05:45.336">
  <trace-info objectcount="66012" scancount="58423" scanbytes="2275820" />
  <finalization candidates="124" enqueued="0" />
  <ownableSynchronizers candidates="3" cleared="0" />
  <references type="soft" candidates="84" cleared="0" enqueued="0" dynamicThreshold="21" maxThreshold="32" />
  <references type="weak" candidates="774" cleared="0" enqueued="0" />
  <references type="phantom" candidates="63" cleared="0" enqueued="0" />
  <stringconstants candidates="4574" cleared="0"  />
</gc-op>
<gc-op id="5178" type="sweep" timems="0.699" contextid="5174" timestamp="2019-07-02T23:05:45.337" />
<heap-resize id="5179" type="contract" space="tenure" amount="131072" count="1" timems="0.106" reason="excess free space following gc" timestamp="2019-07-02T23:05:45.337" />
<gc-end id="5180" type="global" contextid="5174" durationms="3.664" usertimems="4.000" systemtimems="4.000" timestamp="2019-07-02T23:05:45.337" activeThreads="4">
  <mem-info id="5181" free="11722096" total="17629184" percent="66">
    <mem type="tenure" free="11722096" total="17629184" percent="66" micro-fragmented="45450" macro-fragmented="0">
      <mem type="soa" free="11722096" total="17453056" percent="67" />
      <mem type="loa" free="0" total="176128" percent="0" />
    </mem>
  </mem-info>
</gc-end>
<cycle-end id="5182" type="global" contextid="5174" timestamp="2019-07-02T23:05:45.338">
  <attribute name="GC Util" value="248" />
  <attribute name="CPU Util" value="8054052345079" />
  <attribute name="Time Running"value="5901"/>
  <attribute name="Number of cores"value="4"/>
</cycle-end>
<allocation-satisfied id="5183" threadId="0000000001354500" bytesRequested="24" />
<af-end id="5184" timestamp="2019-07-02T23:05:45.338" threadId="0000000001354E88" success="true" />
<exclusive-end id="5185" timestamp="2019-07-02T23:05:45.338" durationms="4.573" />

<exclusive-start id="5186" timestamp="2019-07-02T23:05:45.351" intervalms="17.981">
  <response-info timems="0.029" idlems="0.029" threads="0" lastid="000000000135F900" lastname="Thread-9" />
</exclusive-start>
<af-start id="5187" threadId="0000000001360288" totalBytesRequested="40" timestamp="2019-07-02T23:05:45.351" intervalms="17.901" />
<cycle-start id="5188" type="global" contextid="0" timestamp="2019-07-02T23:05:45.351" intervalms="17.864" />
  <attribute name="GC Util" value="248" />
  <attribute name="CPU Util" value="8054052345079" />
  <attribute name="Time Running"value="5901"/>
  <attribute name="Number of cores"value="4"/>
<gc-start id="5189" type="global" contextid="5188" timestamp="2019-07-02T23:05:45.352">
  <mem-info id="5190" free="0" total="17629184" percent="0">
    <mem type="tenure" free="0" total="17629184" percent="0">
      <mem type="soa" free="0" total="17453056" percent="0" />
      <mem type="loa" free="0" total="176128" percent="0" />
    </mem>
  </mem-info>
</gc-start>
<allocation-stats totalBytes="11717400" >
  <allocated-bytes non-tlh="0" tlh="11717400" />
  <largest-consumer threadName="Thread-8" threadId="0000000001354500" bytes="6592248" />
</allocation-stats>
<gc-op id="5191" type="mark" timems="1.894" contextid="5188" timestamp="2019-07-02T23:05:45.354">
  <trace-info objectcount="67227" scancount="59660" scanbytes="2304836" />
  <finalization candidates="124" enqueued="0" />
  <ownableSynchronizers candidates="3" cleared="0" />
  <references type="soft" candidates="84" cleared="0" enqueued="0" dynamicThreshold="21" maxThreshold="32" />
  <references type="weak" candidates="774" cleared="0" enqueued="0" />
  <references type="phantom" candidates="63" cleared="0" enqueued="0" />
  <stringconstants candidates="4574" cleared="0"  />
</gc-op>
<gc-op id="5192" type="sweep" timems="0.368" contextid="5188" timestamp="2019-07-02T23:05:45.354" />
<mem-info id="5193" free="11686496" total="17629184" percent="66">
  <mem type="tenure" free="11686496" total="17629184" percent="66" micro-fragmented="71298" macro-fragmented="0">
    <mem type="soa" free="11614624" total="17453056" percent="66" />
    <mem type="loa" free="71872" total="176128" percent="40" />
  </mem>
</mem-info>
<gc-op id="5194" type="compact" timems="4.499" contextid="5188" timestamp="2019-07-02T23:05:45.359">
  <compact-info movecount="27486" movebytes="1210504" reason="compact to aid heap contraction" />
</gc-op>
<heap-resize id="5195" type="contract" space="tenure" amount="131072" count="1" timems="0.087" reason="excess free space following gc" timestamp="2019-07-02T23:05:45.359" />
<gc-end id="5196" type="global" contextid="5188" durationms="7.741" usertimems="12.000" systemtimems="4.000" timestamp="2019-07-02T23:05:45.359" activeThreads="4">
  <mem-info id="5197" free="11613304" total="17498112" percent="66">
    <mem type="tenure" free="11613304" total="17498112" percent="66">
      <mem type="soa" free="11484280" total="17324032" percent="66" />
      <mem type="loa" free="129024" total="174080" percent="74" />
    </mem>
  </mem-info>
</gc-end>
<cycle-end id="5198" type="global" contextid="5188" timestamp="2019-07-02T23:05:45.360">
  <attribute name="GC Util" value="16" />
  <attribute name="CPU Util" value="29450000017275" />
  <attribute name="Time Running"value="5919"/>
  <attribute name="Number of cores"value="4"/>
</cycle-end>
<allocation-satisfied id="5199" threadId="000000000135F900" bytesRequested="40" />
<af-end id="5200" timestamp="2019-07-02T23:05:45.360" threadId="0000000001360288" success="true" />
<exclusive-end id="5201" timestamp="2019-07-02T23:05:45.360" durationms="8.534" />

<exclusive-start id="5202" timestamp="2019-07-02T23:05:45.378" intervalms="26.267">
  <response-info timems="0.095" idlems="0.095" threads="0" lastid="000000000135F900" lastname="Thread-9" />
</exclusive-start>
<af-start id="5203" threadId="0000000001360288" totalBytesRequested="40" timestamp="2019-07-02T23:05:45.378" intervalms="26.386" />
<cycle-start id="5204" type="global" contextid="0" timestamp="2019-07-02T23:05:45.378" intervalms="26.431" />
  <attribute name="GC Util" value="16" />
  <attribute name="CPU Util" value="29450000017275" />
  <attribute name="Time Running"value="5919"/>
  <attribute name="Number of cores"value="4"/>
<gc-start id="5205" type="global" contextid="5204" timestamp="2019-07-02T23:05:45.378">
  <mem-info id="5206" free="129024" total="17498112" percent="0">
    <mem type="tenure" free="129024" total="17498112" percent="0">
      <mem type="soa" free="0" total="17324032" percent="0" />
      <mem type="loa" free="129024" total="174080" percent="74" />
    </mem>
  </mem-info>
</gc-start>
<allocation-stats totalBytes="11547200" >
  <allocated-bytes non-tlh="0" tlh="11547200" />
  <largest-consumer threadName="Thread-7" threadId="0000000001358100" bytes="5299024" />
</allocation-stats>
<gc-op id="5207" type="mark" timems="2.041" contextid="5204" timestamp="2019-07-02T23:05:45.380">
  <trace-info objectcount="68461" scancount="60891" scanbytes="2334396" />
  <finalization candidates="124" enqueued="0" />
  <ownableSynchronizers candidates="3" cleared="0" />
  <references type="soft" candidates="84" cleared="0" enqueued="0" dynamicThreshold="21" maxThreshold="32" />
  <references type="weak" candidates="774" cleared="0" enqueued="0" />
  <references type="phantom" candidates="63" cleared="0" enqueued="0" />
  <stringconstants candidates="4574" cleared="0"  />
</gc-op>
<gc-op id="5208" type="sweep" timems="0.798" contextid="5204" timestamp="2019-07-02T23:05:45.381" />
<heap-resize id="5209" type="contract" space="tenure" amount="131072" count="1" timems="0.093" reason="excess free space following gc" timestamp="2019-07-02T23:05:45.382" />
<gc-end id="5210" type="global" contextid="5204" durationms="3.590" usertimems="4.000" systemtimems="0.000" timestamp="2019-07-02T23:05:45.382" activeThreads="4">
  <mem-info id="5211" free="11388240" total="17367040" percent="65">
    <mem type="tenure" free="11388240" total="17367040" percent="65" micro-fragmented="0" macro-fragmented="0">
      <mem type="soa" free="11388240" total="17193984" percent="66" />
      <mem type="loa" free="0" total="173056" percent="0" />
    </mem>
  </mem-info>
</gc-end>
<cycle-end id="5212" type="global" contextid="5204" timestamp="2019-07-02T23:05:45.382">
  <attribute name="GC Util" value="236" />
  <attribute name="CPU Util" value="8646065444080" />
  <attribute name="Time Running"value="5945"/>
  <attribute name="Number of cores"value="4"/>
</cycle-end>
<allocation-satisfied id="5213" threadId="000000000135F900" bytesRequested="40" />
<af-end id="5214" timestamp="2019-07-02T23:05:45.382" threadId="0000000001360288" success="true" />
<exclusive-end id="5215" timestamp="2019-07-02T23:05:45.382" durationms="4.521" />

<exclusive-start id="5216" timestamp="2019-07-02T23:05:45.394" intervalms="16.235">
  <response-info timems="0.073" idlems="0.038" threads="1" lastid="000000000135F900" lastname="Thread-9" />
</exclusive-start>
<af-start id="5217" threadId="0000000001358A88" totalBytesRequested="24" timestamp="2019-07-02T23:05:45.394" intervalms="16.227" />
<cycle-start id="5218" type="global" contextid="0" timestamp="2019-07-02T23:05:45.394" intervalms="16.217" />
  <attribute name="GC Util" value="236" />
  <attribute name="CPU Util" value="8646065444080" />
  <attribute name="Time Running"value="5945"/>
  <attribute name="Number of cores"value="4"/>
<gc-start id="5219" type="global" contextid="5218" timestamp="2019-07-02T23:05:45.394">
  <mem-info id="5220" free="0" total="17367040" percent="0">
    <mem type="tenure" free="0" total="17367040" percent="0">
      <mem type="soa" free="0" total="17193984" percent="0" />
      <mem type="loa" free="0" total="173056" percent="0" />
    </mem>
  </mem-info>
</gc-start>
<allocation-stats totalBytes="11383856" >
  <allocated-bytes non-tlh="0" tlh="11383856" />
  <largest-consumer threadName="Thread-8" threadId="0000000001354500" bytes="5448136" />
</allocation-stats>
<gc-op id="5221" type="mark" timems="1.298" contextid="5218" timestamp="2019-07-02T23:05:45.396">
  <trace-info objectcount="69349" scancount="61777" scanbytes="2355988" />
  <finalization candidates="124" enqueued="0" />
  <ownableSynchronizers candidates="3" cleared="0" />
  <references type="soft" candidates="84" cleared="0" enqueued="0" dynamicThreshold="20" maxThreshold="32" />
  <references type="weak" candidates="774" cleared="0" enqueued="0" />
  <references type="phantom" candidates="63" cleared="0" enqueued="0" />
  <stringconstants candidates="4574" cleared="0"  />
</gc-op>
<gc-op id="5222" type="sweep" timems="0.294" contextid="5218" timestamp="2019-07-02T23:05:45.396" />
<mem-info id="5223" free="11323824" total="17367040" percent="65">
  <mem type="tenure" free="11323824" total="17367040" percent="65" micro-fragmented="17503" macro-fragmented="0">
    <mem type="soa" free="11323824" total="17193984" percent="65" />
    <mem type="loa" free="0" total="173056" percent="0" />
  </mem>
</mem-info>
<gc-op id="5224" type="compact" timems="3.584" contextid="5218" timestamp="2019-07-02T23:05:45.400">
  <compact-info movecount="9699" movebytes="371712" reason="compact to aid heap contraction" />
</gc-op>
<heap-resize id="5225" type="contract" space="tenure" amount="131072" count="1" timems="0.081" reason="excess free space following gc" timestamp="2019-07-02T23:05:45.400" />
<gc-end id="5226" type="global" contextid="5218" durationms="6.171" usertimems="8.000" systemtimems="0.000" timestamp="2019-07-02T23:05:45.400" activeThreads="4">
  <mem-info id="5227" free="11303080" total="17235968" percent="65">
    <mem type="tenure" free="11303080" total="17235968" percent="65">
      <mem type="soa" free="11173032" total="17063936" percent="65" />
      <mem type="loa" free="130048" total="172032" percent="75" />
    </mem>
  </mem-info>
</gc-end>
<cycle-end id="5228" type="global" contextid="5218" timestamp="2019-07-02T23:05:45.401">
  <attribute name="GC Util" value="18" />
  <attribute name="CPU Util" value="33312945509162" />
  <attribute name="Time Running"value="5961"/>
  <attribute name="Number of cores"value="4"/>
</cycle-end>
<allocation-satisfied id="5229" threadId="0000000001358100" bytesRequested="24" />
<af-end id="5230" timestamp="2019-07-02T23:05:45.401" threadId="0000000001358A88" success="true" />
<exclusive-end id="5231" timestamp="2019-07-02T23:05:45.401" durationms="7.095" />

<exclusive-start id="5232" timestamp="2019-07-02T23:05:45.410" intervalms="16.452">
  <response-info timems="0.193" idlems="0.181" threads="1" lastid="0000000001354500" lastname="Thread-8" />
</exclusive-start>
<af-start id="5233" threadId="000000000135C688" totalBytesRequested="40" timestamp="2019-07-02T23:05:45.410" intervalms="16.402" />
<cycle-start id="5234" type="global" contextid="0" timestamp="2019-07-02T23:05:45.411" intervalms="16.438" />
  <attribute name="GC Util" value="18" />
  <attribute name="CPU Util" value="33312945509162" />
  <attribute name="Time Running"value="5961"/>
  <attribute name="Number of cores"value="4"/>
<gc-start id="5235" type="global" contextid="5234" timestamp="2019-07-02T23:05:45.411">
  <mem-info id="5236" free="130048" total="17235968" percent="0">
    <mem type="tenure" free="130048" total="17235968" percent="0">
      <mem type="soa" free="0" total="17063936" percent="0" />
      <mem type="loa" free="130048" total="172032" percent="75" />
    </mem>
  </mem-info>
</gc-start>
<allocation-stats totalBytes="11237616" >
  <allocated-bytes non-tlh="0" tlh="11237616" />
  <largest-consumer threadName="Thread-8" threadId="0000000001354500" bytes="5996032" />
</allocation-stats>
<gc-op id="5237" type="mark" timems="1.702" contextid="5234" timestamp="2019-07-02T23:05:45.413">
  <trace-info objectcount="70023" scancount="62456" scanbytes="2372324" />
  <finalization candidates="124" enqueued="0" />
  <ownableSynchronizers candidates="3" cleared="0" />
  <references type="soft" candidates="84" cleared="0" enqueued="0" dynamicThreshold="20" maxThreshold="32" />
  <references type="weak" candidates="774" cleared="0" enqueued="0" />
  <references type="phantom" candidates="63" cleared="0" enqueued="0" />
  <stringconstants candidates="4574" cleared="0"  />
</gc-op>
<gc-op id="5238" type="sweep" timems="0.292" contextid="5234" timestamp="2019-07-02T23:05:45.413" />
<heap-resize id="5239" type="contract" space="tenure" amount="131072" count="1" timems="0.097" reason="excess free space following gc" timestamp="2019-07-02T23:05:45.413" />
<gc-end id="5240" type="global" contextid="5234" durationms="2.681" usertimems="8.000" systemtimems="0.000" timestamp="2019-07-02T23:05:45.413" activeThreads="4">
  <mem-info id="5241" free="11067464" total="17104896" percent="64">
    <mem type="tenure" free="11067464" total="17104896" percent="64" micro-fragmented="10880" macro-fragmented="0">
      <mem type="soa" free="11067464" total="16933888" percent="65" />
      <mem type="loa" free="0" total="171008" percent="0" />
    </mem>
  </mem-info>
</gc-end>
<cycle-end id="5242" type="global" contextid="5234" timestamp="2019-07-02T23:05:45.413">
  <attribute name="GC Util" value="224" />
  <attribute name="CPU Util" value="10295516032139" />
  <attribute name="Time Running"value="5978"/>
  <attribute name="Number of cores"value="4"/>
</cycle-end>
<allocation-satisfied id="5243" threadId="000000000135BD00" bytesRequested="40" />
<af-end id="5244" timestamp="2019-07-02T23:05:45.414" threadId="000000000135C688" success="true" />
<exclusive-end id="5245" timestamp="2019-07-02T23:05:45.414" durationms="3.526" />

<exclusive-start id="5246" timestamp="2019-07-02T23:05:45.424" intervalms="13.647">
  <response-info timems="0.022" idlems="0.022" threads="0" lastid="000000000135BD00" lastname="Thread-10" />
</exclusive-start>
<af-start id="5247" threadId="000000000135C688" totalBytesRequested="40" timestamp="2019-07-02T23:05:45.424" intervalms="13.595" />
<cycle-start id="5248" type="global" contextid="0" timestamp="2019-07-02T23:05:45.424" intervalms="13.553" />
  <attribute name="GC Util" value="224" />
  <attribute name="CPU Util" value="10295516032139" />
  <attribute name="Time Running"value="5978"/>
  <attribute name="Number of cores"value="4"/>
<gc-start id="5249" type="global" contextid="5248" timestamp="2019-07-02T23:05:45.424">
  <mem-info id="5250" free="0" total="17104896" percent="0">
    <mem type="tenure" free="0" total="17104896" percent="0">
      <mem type="soa" free="0" total="16933888" percent="0" />
      <mem type="loa" free="0" total="171008" percent="0" />
    </mem>
  </mem-info>
</gc-start>
<allocation-stats totalBytes="11066608" >
  <allocated-bytes non-tlh="0" tlh="11066608" />
  <largest-consumer threadName="Thread-10" threadId="000000000135BD00" bytes="4925280" />
</allocation-stats>
<gc-op id="5251" type="mark" timems="1.992" contextid="5248" timestamp="2019-07-02T23:05:45.427">
  <trace-info objectcount="66816" scancount="59239" scanbytes="2295524" />
  <finalization candidates="124" enqueued="0" />
  <ownableSynchronizers candidates="3" cleared="0" />
  <references type="soft" candidates="84" cleared="0" enqueued="0" dynamicThreshold="20" maxThreshold="32" />
  <references type="weak" candidates="774" cleared="0" enqueued="0" />
  <references type="phantom" candidates="63" cleared="0" enqueued="0" />
  <stringconstants candidates="4574" cleared="0"  />
</gc-op>
<gc-op id="5252" type="sweep" timems="0.734" contextid="5248" timestamp="2019-07-02T23:05:45.427" />
<heap-resize id="5253" type="contract" space="tenure" amount="65536" count="1" timems="0.074" reason="excess free space following gc" timestamp="2019-07-02T23:05:45.428" />
<gc-end id="5254" type="global" contextid="5248" durationms="3.423" usertimems="4.000" systemtimems="0.000" timestamp="2019-07-02T23:05:45.428" activeThreads="4">
  <mem-info id="5255" free="10892608" total="17039360" percent="63">
    <mem type="tenure" free="10892608" total="17039360" percent="63" micro-fragmented="78874" macro-fragmented="0">
      <mem type="soa" free="10892608" total="16869376" percent="64" />
      <mem type="loa" free="0" total="169984" percent="0" />
    </mem>
  </mem-info>
</gc-end>
<cycle-end id="5256" type="global" contextid="5248" timestamp="2019-07-02T23:05:45.428">
  <attribute name="GC Util" value="241" />
  <attribute name="CPU Util" value="8817097653625" />
  <attribute name="Time Running"value="5991"/>
  <attribute name="Number of cores"value="4"/>
</cycle-end>
<allocation-satisfied id="5257" threadId="000000000135BD00" bytesRequested="40" />
<af-end id="5258" timestamp="2019-07-02T23:05:45.428" threadId="000000000135C688" success="true" />
<exclusive-end id="5259" timestamp="2019-07-02T23:05:45.428" durationms="4.169" />

<exclusive-start id="5260" timestamp="2019-07-02T23:05:45.437" intervalms="12.748">
  <response-info timems="0.220" idlems="0.112" threads="1" lastid="000000000135BD00" lastname="Thread-10" />
</exclusive-start>
<af-start id="5261" threadId="0000000001358A88" totalBytesRequested="24" timestamp="2019-07-02T23:05:45.437" intervalms="12.760" />
<cycle-start id="5262" type="global" contextid="0" timestamp="2019-07-02T23:05:45.437" intervalms="12.728" />
  <attribute name="GC Util" value="241" />
  <attribute name="CPU Util" value="8817097653625" />
  <attribute name="Time Running"value="5991"/>
  <attribute name="Number of cores"value="4"/>
<gc-start id="5263" type="global" contextid="5262" timestamp="2019-07-02T23:05:45.437">
  <mem-info id="5264" free="0" total="17039360" percent="0">
    <mem type="tenure" free="0" total="17039360" percent="0">
      <mem type="soa" free="0" total="16869376" percent="0" />
      <mem type="loa" free="0" total="169984" percent="0" />
    </mem>
  </mem-info>
</gc-start>
<allocation-stats totalBytes="10953152" >
  <allocated-bytes non-tlh="0" tlh="10953152" />
  <largest-consumer threadName="Thread-7" threadId="0000000001358100" bytes="5873248" />
</allocation-stats>
<gc-op id="5265" type="mark" timems="1.247" contextid="5262" timestamp="2019-07-02T23:05:45.438">
  <trace-info objectcount="71052" scancount="63478" scanbytes="2396932" />
  <finalization candidates="124" enqueued="0" />
  <ownableSynchronizers candidates="3" cleared="0" />
  <references type="soft" candidates="84" cleared="0" enqueued="0" dynamicThreshold="20" maxThreshold="32" />
  <references type="weak" candidates="774" cleared="0" enqueued="0" />
  <references type="phantom" candidates="63" cleared="0" enqueued="0" />
  <stringconstants candidates="4574" cleared="0"  />
</gc-op>
<gc-op id="5266" type="sweep" timems="0.397" contextid="5262" timestamp="2019-07-02T23:05:45.439" />
<mem-info id="5267" free="10676088" total="17039360" percent="62">
  <mem type="tenure" free="10676088" total="17039360" percent="62" micro-fragmented="117262" macro-fragmented="0">
    <mem type="soa" free="10676088" total="16869376" percent="63" />
    <mem type="loa" free="0" total="169984" percent="0" />
  </mem>
</mem-info>
<gc-op id="5268" type="compact" timems="4.632" contextid="5262" timestamp="2019-07-02T23:05:45.444">
  <compact-info movecount="31310" movebytes="1302576" reason="compact to aid heap contraction" />
</gc-op>
<heap-resize id="5269" type="contract" space="tenure" amount="131072" count="1" timems="0.076" reason="excess free space following gc" timestamp="2019-07-02T23:05:45.444" />
<gc-end id="5270" type="global" contextid="5262" durationms="7.141" usertimems="8.000" systemtimems="0.000" timestamp="2019-07-02T23:05:45.444" activeThreads="4">
  <mem-info id="5271" free="10937528" total="16908288" percent="64">
    <mem type="tenure" free="10937528" total="16908288" percent="64">
      <mem type="soa" free="10807480" total="16739328" percent="64" />
      <mem type="loa" free="130048" total="168960" percent="76" />
    </mem>
  </mem-info>
</gc-end>
<cycle-end id="5272" type="global" contextid="5262" timestamp="2019-07-02T23:05:45.444">
  <attribute name="GC Util" value="17" />
  <attribute name="CPU Util" value="29861808111127" />
  <attribute name="Time Running"value="6004"/>
  <attribute name="Number of cores"value="4"/>
</cycle-end>
<allocation-satisfied id="5273" threadId="0000000001358100" bytesRequested="24" />
<af-end id="5274" timestamp="2019-07-02T23:05:45.444" threadId="0000000001358A88" success="true" />
<exclusive-end id="5275" timestamp="2019-07-02T23:05:45.445" durationms="8.123" />

<exclusive-start id="5276" timestamp="2019-07-02T23:05:45.452" intervalms="15.830">
  <response-info timems="0.024" idlems="0.024" threads="0" lastid="0000000001358100" lastname="Thread-7" />
</exclusive-start>
<af-start id="5277" threadId="0000000001358A88" totalBytesRequested="40" timestamp="2019-07-02T23:05:45.453" intervalms="15.849" />
<cycle-start id="5278" type="global" contextid="0" timestamp="2019-07-02T23:05:45.453" intervalms="15.882" />
  <attribute name="GC Util" value="17" />
  <attribute name="CPU Util" value="29861808111127" />
  <attribute name="Time Running"value="6004"/>
  <attribute name="Number of cores"value="4"/>
<gc-start id="5279" type="global" contextid="5278" timestamp="2019-07-02T23:05:45.453">
  <mem-info id="5280" free="130048" total="16908288" percent="0">
    <mem type="tenure" free="130048" total="16908288" percent="0">
      <mem type="soa" free="0" total="16739328" percent="0" />
      <mem type="loa" free="130048" total="168960" percent="76" />
    </mem>
  </mem-info>
</gc-start>
<allocation-stats totalBytes="10870408" >
  <allocated-bytes non-tlh="0" tlh="10870408" />
  <largest-consumer threadName="Thread-8" threadId="0000000001354500" bytes="4474136" />
</allocation-stats>
<gc-op id="5281" type="mark" timems="1.954" contextid="5278" timestamp="2019-07-02T23:05:45.455">
  <trace-info objectcount="66694" scancount="59128" scanbytes="2292228" />
  <finalization candidates="124" enqueued="0" />
  <ownableSynchronizers candidates="3" cleared="0" />
  <references type="soft" candidates="84" cleared="0" enqueued="0" dynamicThreshold="20" maxThreshold="32" />
  <references type="weak" candidates="774" cleared="0" enqueued="0" />
  <references type="phantom" candidates="63" cleared="0" enqueued="0" />
  <stringconstants candidates="4574" cleared="0"  />
</gc-op>
<gc-op id="5282" type="sweep" timems="0.723" contextid="5278" timestamp="2019-07-02T23:05:45.456" />
<heap-resize id="5283" type="contract" space="tenure" amount="131072" count="1" timems="0.045" reason="excess free space following gc" timestamp="2019-07-02T23:05:45.456" />
<gc-end id="5284" type="global" contextid="5278" durationms="3.255" usertimems="0.000" systemtimems="4.000" timestamp="2019-07-02T23:05:45.456" activeThreads="4">
  <mem-info id="5285" free="10885200" total="16777216" percent="64">
    <mem type="tenure" free="10885200" total="16777216" percent="64" micro-fragmented="12876" macro-fragmented="0">
      <mem type="soa" free="10807928" total="16610304" percent="65" />
      <mem type="loa" free="77272" total="166912" percent="46" />
    </mem>
  </mem-info>
</gc-end>
<cycle-end id="5286" type="global" contextid="5278" timestamp="2019-07-02T23:05:45.456">
  <attribute name="GC Util" value="220" />
  <attribute name="CPU Util" value="9019367318320" />
  <attribute name="Time Running"value="6020"/>
  <attribute name="Number of cores"value="4"/>
</cycle-end>
<allocation-satisfied id="5287" threadId="0000000001358100" bytesRequested="40" />
<af-end id="5288" timestamp="2019-07-02T23:05:45.456" threadId="0000000001358A88" success="true" />
<exclusive-end id="5289" timestamp="2019-07-02T23:05:45.456" durationms="3.870" />

<exclusive-start id="5290" timestamp="2019-07-02T23:05:45.463" intervalms="10.061">
  <response-info timems="0.022" idlems="0.022" threads="0" lastid="0000000001358100" lastname="Thread-7" />
</exclusive-start>
<af-start id="5291" threadId="0000000001358A88" totalBytesRequested="40" timestamp="2019-07-02T23:05:45.463" intervalms="9.978" />
<cycle-start id="5292" type="global" contextid="0" timestamp="2019-07-02T23:05:45.463" intervalms="9.937" />
  <attribute name="GC Util" value="220" />
  <attribute name="CPU Util" value="9019367318320" />
  <attribute name="Time Running"value="6020"/>
  <attribute name="Number of cores"value="4"/>
<gc-start id="5293" type="global" contextid="5292" timestamp="2019-07-02T23:05:45.463">
  <mem-info id="5294" free="77272" total="16777216" percent="0">
    <mem type="tenure" free="77272" total="16777216" percent="0">
      <mem type="soa" free="0" total="16610304" percent="0" />
      <mem type="loa" free="77272" total="166912" percent="46" />
    </mem>
  </mem-info>
</gc-start>
<allocation-stats totalBytes="10812152" >
  <allocated-bytes non-tlh="0" tlh="10812152" />
  <largest-consumer threadName="Thread-7" threadId="0000000001358100" bytes="4311536" />
</allocation-stats>
<gc-op id="5295" type="mark" timems="2.128" contextid="5292" timestamp="2019-07-02T23:05:45.465">
  <trace-info objectcount="67175" scancount="59603" scanbytes="2303988" />
  <finalization candidates="124" enqueued="0" />
  <ownableSynchronizers candidates="3" cleared="0" />
  <references type="soft" candidates="84" cleared="0" enqueued="0" dynamicThreshold="20" maxThreshold="32" />
  <references type="weak" candidates="774" cleared="0" enqueued="0" />
  <references type="phantom" candidates="63" cleared="0" enqueued="0" />
  <stringconstants candidates="4574" cleared="0"  />
</gc-op>
<gc-op id="5296" type="sweep" timems="0.728" contextid="5292" timestamp="2019-07-02T23:05:45.466" />
<heap-resize id="5297" type="contract" space="tenure" amount="131072" count="1" timems="0.079" reason="excess free space following gc" timestamp="2019-07-02T23:05:45.466" />
<gc-end id="5298" type="global" contextid="5292" durationms="3.383" usertimems="8.000" systemtimems="0.000" timestamp="2019-07-02T23:05:45.466" activeThreads="4">
  <mem-info id="5299" free="10656552" total="16646144" percent="64">
    <mem type="tenure" free="10656552" total="16646144" percent="64" micro-fragmented="24324" macro-fragmented="0">
      <mem type="soa" free="10656552" total="16480256" percent="64" />
      <mem type="loa" free="0" total="165888" percent="0" />
    </mem>
  </mem-info>
</gc-end>
<cycle-end id="5300" type="global" contextid="5292" timestamp="2019-07-02T23:05:45.466">
  <attribute name="GC Util" value="251" />
  <attribute name="CPU Util" value="8320606837747" />
  <attribute name="Time Running"value="6030"/>
  <attribute name="Number of cores"value="4"/>
</cycle-end>
<allocation-satisfied id="5301" threadId="0000000001358100" bytesRequested="40" />
<af-end id="5302" timestamp="2019-07-02T23:05:45.466" threadId="0000000001358A88" success="true" />
<exclusive-end id="5303" timestamp="2019-07-02T23:05:45.466" durationms="3.852" />

<exclusive-start id="5304" timestamp="2019-07-02T23:05:45.473" intervalms="10.109">
  <response-info timems="0.021" idlems="0.021" threads="0" lastid="0000000001354500" lastname="Thread-8" />
</exclusive-start>
<af-start id="5305" threadId="0000000001354E88" totalBytesRequested="40" timestamp="2019-07-02T23:05:45.473" intervalms="10.164" />
<cycle-start id="5306" type="global" contextid="0" timestamp="2019-07-02T23:05:45.473" intervalms="10.170" />
  <attribute name="GC Util" value="251" />
  <attribute name="CPU Util" value="8320606837747" />
  <attribute name="Time Running"value="6030"/>
  <attribute name="Number of cores"value="4"/>
<gc-start id="5307" type="global" contextid="5306" timestamp="2019-07-02T23:05:45.473">
  <mem-info id="5308" free="0" total="16646144" percent="0">
    <mem type="tenure" free="0" total="16646144" percent="0">
      <mem type="soa" free="0" total="16480256" percent="0" />
      <mem type="loa" free="0" total="165888" percent="0" />
    </mem>
  </mem-info>
</gc-start>
<allocation-stats totalBytes="10659480" >
  <allocated-bytes non-tlh="0" tlh="10659480" />
  <largest-consumer threadName="Thread-7" threadId="0000000001358100" bytes="3737336" />
</allocation-stats>
<gc-op id="5309" type="mark" timems="2.267" contextid="5306" timestamp="2019-07-02T23:05:45.475">
  <trace-info objectcount="68060" scancount="60475" scanbytes="2325348" />
  <finalization candidates="124" enqueued="0" />
  <ownableSynchronizers candidates="3" cleared="0" />
  <references type="soft" candidates="84" cleared="0" enqueued="0" dynamicThreshold="20" maxThreshold="32" />
  <references type="weak" candidates="774" cleared="0" enqueued="0" />
  <references type="phantom" candidates="63" cleared="0" enqueued="0" />
  <stringconstants candidates="4574" cleared="0"  />
</gc-op>
<gc-op id="5310" type="sweep" timems="0.743" contextid="5306" timestamp="2019-07-02T23:05:45.476" />
<mem-info id="5311" free="10596440" total="16646144" percent="63">
  <mem type="tenure" free="10596440" total="16646144" percent="63" micro-fragmented="39788" macro-fragmented="0">
    <mem type="soa" free="10596440" total="16480256" percent="64" />
    <mem type="loa" free="0" total="165888" percent="0" />
  </mem>
</mem-info>
<gc-op id="5312" type="compact" timems="5.578" contextid="5306" timestamp="2019-07-02T23:05:45.482">
  <compact-info movecount="23512" movebytes="997304" reason="compact to aid heap contraction" />
</gc-op>
<heap-resize id="5313" type="contract" space="tenure" amount="131072" count="1" timems="0.082" reason="excess free space following gc" timestamp="2019-07-02T23:05:45.482" />
<gc-end id="5314" type="global" contextid="5306" durationms="9.442" usertimems="16.000" systemtimems="0.000" timestamp="2019-07-02T23:05:45.482" activeThreads="4">
  <mem-info id="5315" free="10619992" total="16515072" percent="64">
    <mem type="tenure" free="10619992" total="16515072" percent="64">
      <mem type="soa" free="10489944" total="16350208" percent="64" />
      <mem type="loa" free="130048" total="164864" percent="78" />
    </mem>
  </mem-info>
</gc-end>
<cycle-end id="5316" type="global" contextid="5306" timestamp="2019-07-02T23:05:45.483">
  <attribute name="GC Util" value="150" />
  <attribute name="CPU Util" value="18808525747025" />
  <attribute name="Time Running"value="6041"/>
  <attribute name="Number of cores"value="4"/>
</cycle-end>
<allocation-satisfied id="5317" threadId="0000000001354500" bytesRequested="40" />
<af-end id="5318" timestamp="2019-07-02T23:05:45.483" threadId="0000000001354E88" success="true" />
<exclusive-end id="5319" timestamp="2019-07-02T23:05:45.483" durationms="10.246" />

<exclusive-start id="5320" timestamp="2019-07-02T23:05:45.489" intervalms="16.315">
  <response-info timems="0.024" idlems="0.024" threads="0" lastid="000000000135F900" lastname="Thread-9" />
</exclusive-start>
<af-start id="5321" threadId="0000000001360288" totalBytesRequested="40" timestamp="2019-07-02T23:05:45.489" intervalms="16.324" />
<cycle-start id="5322" type="global" contextid="0" timestamp="2019-07-02T23:05:45.489" intervalms="16.331" />
  <attribute name="GC Util" value="150" />
  <attribute name="CPU Util" value="18808525747025" />
  <attribute name="Time Running"value="6041"/>
  <attribute name="Number of cores"value="4"/>
<gc-start id="5323" type="global" contextid="5322" timestamp="2019-07-02T23:05:45.489">
  <mem-info id="5324" free="130048" total="16515072" percent="0">
    <mem type="tenure" free="130048" total="16515072" percent="0">
      <mem type="soa" free="0" total="16350208" percent="0" />
      <mem type="loa" free="130048" total="164864" percent="78" />
    </mem>
  </mem-info>
</gc-start>
<allocation-stats totalBytes="10555152" >
  <allocated-bytes non-tlh="0" tlh="10555152" />
  <largest-consumer threadName="Thread-7" threadId="0000000001358100" bytes="4292576" />
</allocation-stats>
<gc-op id="5325" type="mark" timems="1.194" contextid="5322" timestamp="2019-07-02T23:05:45.491">
  <trace-info objectcount="68570" scancount="60992" scanbytes="2337508" />
  <finalization candidates="124" enqueued="0" />
  <ownableSynchronizers candidates="3" cleared="0" />
  <references type="soft" candidates="84" cleared="0" enqueued="0" dynamicThreshold="20" maxThreshold="32" />
  <references type="weak" candidates="774" cleared="0" enqueued="0" />
  <references type="phantom" candidates="63" cleared="0" enqueued="0" />
  <stringconstants candidates="4574" cleared="0"  />
</gc-op>
<gc-op id="5326" type="sweep" timems="0.277" contextid="5322" timestamp="2019-07-02T23:05:45.491" />
<heap-resize id="5327" type="contract" space="tenure" amount="131072" count="1" timems="0.092" reason="excess free space following gc" timestamp="2019-07-02T23:05:45.491" />
<gc-end id="5328" type="global" contextid="5322" durationms="2.171" usertimems="4.000" systemtimems="0.000" timestamp="2019-07-02T23:05:45.491" activeThreads="4">
  <mem-info id="5329" free="10486760" total="16384000" percent="64">
    <mem type="tenure" free="10486760" total="16384000" percent="64" micro-fragmented="0" macro-fragmented="0">
      <mem type="soa" free="10394896" total="16220160" percent="64" />
      <mem type="loa" free="91864" total="163840" percent="56" />
    </mem>
  </mem-info>
</gc-end>
<cycle-end id="5330" type="global" contextid="5322" timestamp="2019-07-02T23:05:45.492">
  <attribute name="GC Util" value="197" />
  <attribute name="CPU Util" value="14400436970883" />
  <attribute name="Time Running"value="6056"/>
  <attribute name="Number of cores"value="4"/>
</cycle-end>
<allocation-satisfied id="5331" threadId="000000000135F900" bytesRequested="40" />
<af-end id="5332" timestamp="2019-07-02T23:05:45.492" threadId="0000000001360288" success="true" />
<exclusive-end id="5333" timestamp="2019-07-02T23:05:45.492" durationms="2.913" />

<exclusive-start id="5334" timestamp="2019-07-02T23:05:45.502" intervalms="13.317">
  <response-info timems="0.027" idlems="0.015" threads="1" lastid="000000000135F900" lastname="Thread-9" />
</exclusive-start>
<af-start id="5335" threadId="000000000135C688" totalBytesRequested="40" timestamp="2019-07-02T23:05:45.502" intervalms="13.337" />
<cycle-start id="5336" type="global" contextid="0" timestamp="2019-07-02T23:05:45.503" intervalms="13.368" />
  <attribute name="GC Util" value="197" />
  <attribute name="CPU Util" value="14400436970883" />
  <attribute name="Time Running"value="6056"/>
  <attribute name="Number of cores"value="4"/>
<gc-start id="5337" type="global" contextid="5336" timestamp="2019-07-02T23:05:45.503">
  <mem-info id="5338" free="91864" total="16384000" percent="0">
    <mem type="tenure" free="91864" total="16384000" percent="0">
      <mem type="soa" free="0" total="16220160" percent="0" />
      <mem type="loa" free="91864" total="163840" percent="56" />
    </mem>
  </mem-info>
</gc-start>
<allocation-stats totalBytes="10394376" >
  <allocated-bytes non-tlh="0" tlh="10394376" />
  <largest-consumer threadName="Thread-10" threadId="000000000135BD00" bytes="3962456" />
</allocation-stats>
<gc-op id="5339" type="mark" timems="1.167" contextid="5336" timestamp="2019-07-02T23:05:45.504">
  <trace-info objectcount="69592" scancount="62005" scanbytes="2361692" />
  <finalization candidates="124" enqueued="0" />
  <ownableSynchronizers candidates="3" cleared="0" />
  <references type="soft" candidates="84" cleared="0" enqueued="0" dynamicThreshold="20" maxThreshold="32" />
  <references type="weak" candidates="774" cleared="0" enqueued="0" />
  <references type="phantom" candidates="63" cleared="0" enqueued="0" />
  <stringconstants candidates="4574" cleared="0"  />
</gc-op>
<gc-op id="5340" type="sweep" timems="0.338" contextid="5336" timestamp="2019-07-02T23:05:45.504" />
<heap-resize id="5341" type="contract" space="tenure" amount="131072" count="1" timems="0.097" reason="excess free space following gc" timestamp="2019-07-02T23:05:45.505" />
<gc-end id="5342" type="global" contextid="5336" durationms="2.187" usertimems="4.000" systemtimems="0.000" timestamp="2019-07-02T23:05:45.505" activeThreads="4">
  <mem-info id="5343" free="10241232" total="16252928" percent="63">
    <mem type="tenure" free="10241232" total="16252928" percent="63" micro-fragmented="22284" macro-fragmented="0">
      <mem type="soa" free="10241232" total="16091136" percent="63" />
      <mem type="loa" free="0" total="161792" percent="0" />
    </mem>
  </mem-info>
</gc-end>
<cycle-end id="5344" type="global" contextid="5336" timestamp="2019-07-02T23:05:45.505">
  <attribute name="GC Util" value="202" />
  <attribute name="CPU Util" value="14621740343978" />
  <attribute name="Time Running"value="6069"/>
  <attribute name="Number of cores"value="4"/>
</cycle-end>
<allocation-satisfied id="5345" threadId="000000000135BD00" bytesRequested="40" />
<af-end id="5346" timestamp="2019-07-02T23:05:45.505" threadId="000000000135C688" success="true" />
<exclusive-end id="5347" timestamp="2019-07-02T23:05:45.505" durationms="2.875" />

<exclusive-start id="5348" timestamp="2019-07-02T23:05:45.511" intervalms="8.423">
  <response-info timems="0.021" idlems="0.021" threads="0" lastid="0000000001358100" lastname="Thread-7" />
</exclusive-start>
<af-start id="5349" threadId="0000000001358A88" totalBytesRequested="40" timestamp="2019-07-02T23:05:45.511" intervalms="8.378" />
<cycle-start id="5350" type="global" contextid="0" timestamp="2019-07-02T23:05:45.511" intervalms="8.332" />
  <attribute name="GC Util" value="202" />
  <attribute name="CPU Util" value="14621740343978" />
  <attribute name="Time Running"value="6069"/>
  <attribute name="Number of cores"value="4"/>
<gc-start id="5351" type="global" contextid="5350" timestamp="2019-07-02T23:05:45.511">
  <mem-info id="5352" free="0" total="16252928" percent="0">
    <mem type="tenure" free="0" total="16252928" percent="0">
      <mem type="soa" free="0" total="16091136" percent="0" />
      <mem type="loa" free="0" total="161792" percent="0" />
    </mem>
  </mem-info>
</gc-start>
<allocation-stats totalBytes="10239664" >
  <allocated-bytes non-tlh="0" tlh="10239664" />
  <largest-consumer threadName="Thread-7" threadId="0000000001358100" bytes="4027304" />
</allocation-stats>
<gc-op id="5353" type="mark" timems="2.126" contextid="5350" timestamp="2019-07-02T23:05:45.513">
  <trace-info objectcount="70796" scancount="63221" scanbytes="2390676" />
  <finalization candidates="124" enqueued="0" />
  <ownableSynchronizers candidates="3" cleared="0" />
  <references type="soft" candidates="84" cleared="0" enqueued="0" dynamicThreshold="20" maxThreshold="32" />
  <references type="weak" candidates="774" cleared="0" enqueued="0" />
  <references type="phantom" candidates="63" cleared="0" enqueued="0" />
  <stringconstants candidates="4574" cleared="0"  />
</gc-op>
<gc-op id="5354" type="sweep" timems="0.773" contextid="5350" timestamp="2019-07-02T23:05:45.514" />
<mem-info id="5355" free="10151496" total="16252928" percent="62">
  <mem type="tenure" free="10151496" total="16252928" percent="62" micro-fragmented="3072" macro-fragmented="0">
    <mem type="soa" free="10151496" total="16091136" percent="63" />
    <mem type="loa" free="0" total="161792" percent="0" />
  </mem>
</mem-info>
<gc-op id="5356" type="compact" timems="4.211" contextid="5350" timestamp="2019-07-02T23:05:45.518">
  <compact-info movecount="4203" movebytes="102392" reason="compact to aid heap contraction" />
</gc-op>
<heap-resize id="5357" type="contract" space="tenure" amount="131072" count="1" timems="0.073" reason="excess free space following gc" timestamp="2019-07-02T23:05:45.519" />
<gc-end id="5358" type="global" contextid="5350" durationms="7.700" usertimems="16.000" systemtimems="0.000" timestamp="2019-07-02T23:05:45.519" activeThreads="4">
  <mem-info id="5359" free="10165544" total="16121856" percent="63">
    <mem type="tenure" free="10165544" total="16121856" percent="63">
      <mem type="soa" free="10035496" total="15961088" percent="62" />
      <mem type="loa" free="130048" total="160768" percent="80" />
    </mem>
  </mem-info>
</gc-end>
<cycle-end id="5360" type="global" contextid="5350" timestamp="2019-07-02T23:05:45.519">
  <attribute name="GC Util" value="157" />
  <attribute name="CPU Util" value="19608967240217" />
  <attribute name="Time Running"value="6079"/>
  <attribute name="Number of cores"value="4"/>
</cycle-end>
<allocation-satisfied id="5361" threadId="0000000001358100" bytesRequested="40" />
<af-end id="5362" timestamp="2019-07-02T23:05:45.519" threadId="0000000001358A88" success="true" />
<exclusive-end id="5363" timestamp="2019-07-02T23:05:45.519" durationms="8.295" />

<exclusive-start id="5364" timestamp="2019-07-02T23:05:45.524" intervalms="13.707">
  <response-info timems="0.055" idlems="0.055" threads="0" lastid="000000000135F900" lastname="Thread-9" />
</exclusive-start>
<af-start id="5365" threadId="0000000001360288" totalBytesRequested="40" timestamp="2019-07-02T23:05:45.524" intervalms="13.681" />
<cycle-start id="5366" type="global" contextid="0" timestamp="2019-07-02T23:05:45.525" intervalms="13.649" />
  <attribute name="GC Util" value="157" />
  <attribute name="CPU Util" value="19608967240217" />
  <attribute name="Time Running"value="6079"/>
  <attribute name="Number of cores"value="4"/>
<gc-start id="5367" type="global" contextid="5366" timestamp="2019-07-02T23:05:45.525">
  <mem-info id="5368" free="130048" total="16121856" percent="0">
    <mem type="tenure" free="130048" total="16121856" percent="0">
      <mem type="soa" free="0" total="15961088" percent="0" />
      <mem type="loa" free="130048" total="160768" percent="80" />
    </mem>
  </mem-info>
</gc-start>
<allocation-stats totalBytes="10100112" >
  <allocated-bytes non-tlh="0" tlh="10100112" />
  <largest-consumer threadName="Thread-7" threadId="0000000001358100" bytes="3898984" />
</allocation-stats>
<gc-op id="5369" type="mark" timems="1.119" contextid="5366" timestamp="2019-07-02T23:05:45.526">
  <trace-info objectcount="66697" scancount="59129" scanbytes="2292164" />
  <finalization candidates="124" enqueued="0" />
  <ownableSynchronizers candidates="3" cleared="0" />
  <references type="soft" candidates="84" cleared="0" enqueued="0" dynamicThreshold="20" maxThreshold="32" />
  <references type="weak" candidates="774" cleared="0" enqueued="0" />
  <references type="phantom" candidates="63" cleared="0" enqueued="0" />
  <stringconstants candidates="4574" cleared="0"  />
</gc-op>
<gc-op id="5370" type="sweep" timems="0.257" contextid="5366" timestamp="2019-07-02T23:05:45.526" />
<heap-resize id="5371" type="contract" space="tenure" amount="131072" count="1" timems="0.093" reason="excess free space following gc" timestamp="2019-07-02T23:05:45.526" />
<gc-end id="5372" type="global" contextid="5366" durationms="1.952" usertimems="4.000" systemtimems="0.000" timestamp="2019-07-02T23:05:45.527" activeThreads="4">
  <mem-info id="5373" free="9988704" total="15990784" percent="62">
    <mem type="tenure" free="9988704" total="15990784" percent="62" micro-fragmented="53240" macro-fragmented="0">
      <mem type="soa" free="9913160" total="15831040" percent="62" />
      <mem type="loa" free="75544" total="159744" percent="47" />
    </mem>
  </mem-info>
</gc-end>
<cycle-end id="5374" type="global" contextid="5366" timestamp="2019-07-02T23:05:45.527">
  <attribute name="GC Util" value="211" />
  <attribute name="CPU Util" value="15302329311922" />
  <attribute name="Time Running"value="6091"/>
  <attribute name="Number of cores"value="4"/>
</cycle-end>
<allocation-satisfied id="5375" threadId="000000000135F900" bytesRequested="40" />
<af-end id="5376" timestamp="2019-07-02T23:05:45.527" threadId="0000000001360288" success="true" />
<exclusive-end id="5377" timestamp="2019-07-02T23:05:45.527" durationms="2.610" />

<exclusive-start id="5378" timestamp="2019-07-02T23:05:45.532" intervalms="7.959">
  <response-info timems="0.027" idlems="0.027" threads="0" lastid="0000000001354500" lastname="Thread-8" />
</exclusive-start>
<af-start id="5379" threadId="0000000001354E88" totalBytesRequested="40" timestamp="2019-07-02T23:05:45.532" intervalms="7.999" />
<cycle-start id="5380" type="global" contextid="0" timestamp="2019-07-02T23:05:45.533" intervalms="8.035" />
  <attribute name="GC Util" value="211" />
  <attribute name="CPU Util" value="15302329311922" />
  <attribute name="Time Running"value="6091"/>
  <attribute name="Number of cores"value="4"/>
<gc-start id="5381" type="global" contextid="5380" timestamp="2019-07-02T23:05:45.533">
  <mem-info id="5382" free="75544" total="15990784" percent="0">
    <mem type="tenure" free="75544" total="15990784" percent="0">
      <mem type="soa" free="0" total="15831040" percent="0" />
      <mem type="loa" free="75544" total="159744" percent="47" />
    </mem>
  </mem-info>
</gc-start>
<allocation-stats totalBytes="9976616" >
  <allocated-bytes non-tlh="0" tlh="9976616" />
  <largest-consumer threadName="Thread-7" threadId="0000000001358100" bytes="3833024" />
</allocation-stats>
<gc-op id="5383" type="mark" timems="1.813" contextid="5380" timestamp="2019-07-02T23:05:45.535">
  <trace-info objectcount="67662" scancount="60091" scanbytes="2315084" />
  <finalization candidates="124" enqueued="0" />
  <ownableSynchronizers candidates="3" cleared="0" />
  <references type="soft" candidates="84" cleared="0" enqueued="0" dynamicThreshold="19" maxThreshold="32" />
  <references type="weak" candidates="774" cleared="0" enqueued="0" />
  <references type="phantom" candidates="63" cleared="0" enqueued="0" />
  <stringconstants candidates="4574" cleared="0"  />
</gc-op>
<gc-op id="5384" type="sweep" timems="0.751" contextid="5380" timestamp="2019-07-02T23:05:45.535" />
<heap-resize id="5385" type="contract" space="tenure" amount="131072" count="1" timems="0.097" reason="excess free space following gc" timestamp="2019-07-02T23:05:45.536" />
<gc-end id="5386" type="global" contextid="5380" durationms="3.173" usertimems="4.000" systemtimems="0.000" timestamp="2019-07-02T23:05:45.536" activeThreads="4">
  <mem-info id="5387" free="9781112" total="15859712" percent="61">
    <mem type="tenure" free="9781112" total="15859712" percent="61" micro-fragmented="56280" macro-fragmented="0">
      <mem type="soa" free="9781112" total="15702016" percent="62" />
      <mem type="loa" free="0" total="157696" percent="0" />
    </mem>
  </mem-info>
</gc-end>
<cycle-end id="5388" type="global" contextid="5380" timestamp="2019-07-02T23:05:45.536">
  <attribute name="GC Util" value="237" />
  <attribute name="CPU Util" value="9683767220626" />
  <attribute name="Time Running"value="6099"/>
  <attribute name="Number of cores"value="4"/>
</cycle-end>
<allocation-satisfied id="5389" threadId="0000000001354500" bytesRequested="40" />
<af-end id="5390" timestamp="2019-07-02T23:05:45.536" threadId="0000000001354E88" success="true" />
<exclusive-end id="5391" timestamp="2019-07-02T23:05:45.536" durationms="3.926" />

<exclusive-start id="5392" timestamp="2019-07-02T23:05:45.542" intervalms="9.731">
  <response-info timems="0.019" idlems="0.019" threads="0" lastid="0000000001358100" lastname="Thread-7" />
</exclusive-start>
<af-start id="5393" threadId="0000000001358A88" totalBytesRequested="40" timestamp="2019-07-02T23:05:45.542" intervalms="9.722" />
<cycle-start id="5394" type="global" contextid="0" timestamp="2019-07-02T23:05:45.542" intervalms="9.724" />
  <attribute name="GC Util" value="237" />
  <attribute name="CPU Util" value="9683767220626" />
  <attribute name="Time Running"value="6099"/>
  <attribute name="Number of cores"value="4"/>
<gc-start id="5395" type="global" contextid="5394" timestamp="2019-07-02T23:05:45.542">
  <mem-info id="5396" free="0" total="15859712" percent="0">
    <mem type="tenure" free="0" total="15859712" percent="0">
      <mem type="soa" free="0" total="15702016" percent="0" />
      <mem type="loa" free="0" total="157696" percent="0" />
    </mem>
  </mem-info>
</gc-start>
<allocation-stats totalBytes="9789640" >
  <allocated-bytes non-tlh="0" tlh="9789640" />
  <largest-consumer threadName="Thread-7" threadId="0000000001358100" bytes="4087000" />
</allocation-stats>
<gc-op id="5397" type="mark" timems="2.104" contextid="5394" timestamp="2019-07-02T23:05:45.545">
  <trace-info objectcount="69006" scancount="61425" scanbytes="2347580" />
  <finalization candidates="124" enqueued="0" />
  <ownableSynchronizers candidates="3" cleared="0" />
  <references type="soft" candidates="84" cleared="0" enqueued="0" dynamicThreshold="19" maxThreshold="32" />
  <references type="weak" candidates="774" cleared="0" enqueued="0" />
  <references type="phantom" candidates="63" cleared="0" enqueued="0" />
  <stringconstants candidates="4574" cleared="0"  />
</gc-op>
<gc-op id="5398" type="sweep" timems="0.820" contextid="5394" timestamp="2019-07-02T23:05:45.545" />
<mem-info id="5399" free="9766344" total="15859712" percent="61">
  <mem type="tenure" free="9766344" total="15859712" percent="61" micro-fragmented="103219" macro-fragmented="0">
    <mem type="soa" free="9696840" total="15702016" percent="61" />
    <mem type="loa" free="69504" total="157696" percent="44" />
  </mem>
</mem-info>
<gc-op id="5400" type="compact" timems="6.159" contextid="5394" timestamp="2019-07-02T23:05:45.552">
  <compact-info movecount="29265" movebytes="1253248" reason="compact to aid heap contraction" />
</gc-op>
<heap-resize id="5401" type="contract" space="tenure" amount="131072" count="1" timems="0.037" reason="excess free space following gc" timestamp="2019-07-02T23:05:45.552" />
<gc-end id="5402" type="global" contextid="5394" durationms="9.626" usertimems="16.000" systemtimems="0.000" timestamp="2019-07-02T23:05:45.552" activeThreads="4">
  <mem-info id="5403" free="9819520" total="15728640" percent="62">
    <mem type="tenure" free="9819520" total="15728640" percent="62">
      <mem type="soa" free="9689472" total="15571968" percent="62" />
      <mem type="loa" free="130048" total="156672" percent="83" />
    </mem>
  </mem-info>
</gc-end>
<cycle-end id="5404" type="global" contextid="5394" timestamp="2019-07-02T23:05:45.552">
  <attribute name="GC Util" value="152" />
  <attribute name="CPU Util" value="18623969443634" />
  <attribute name="Time Running"value="6110"/>
  <attribute name="Number of cores"value="4"/>
</cycle-end>
<allocation-satisfied id="5405" threadId="0000000001358100" bytesRequested="40" />
<af-end id="5406" timestamp="2019-07-02T23:05:45.552" threadId="0000000001358A88" success="true" />
<exclusive-end id="5407" timestamp="2019-07-02T23:05:45.552" durationms="10.213" />

<exclusive-start id="5408" timestamp="2019-07-02T23:05:45.558" intervalms="15.467">
  <response-info timems="0.034" idlems="0.034" threads="0" lastid="0000000001358100" lastname="Thread-7" />
</exclusive-start>
<af-start id="5409" threadId="0000000001358A88" totalBytesRequested="40" timestamp="2019-07-02T23:05:45.558" intervalms="15.435" />
<cycle-start id="5410" type="global" contextid="0" timestamp="2019-07-02T23:05:45.558" intervalms="15.425" />
  <attribute name="GC Util" value="152" />
  <attribute name="CPU Util" value="18623969443634" />
  <attribute name="Time Running"value="6110"/>
  <attribute name="Number of cores"value="4"/>
<gc-start id="5411" type="global" contextid="5410" timestamp="2019-07-02T23:05:45.558">
  <mem-info id="5412" free="130048" total="15728640" percent="0">
    <mem type="tenure" free="130048" total="15728640" percent="0">
      <mem type="soa" free="0" total="15571968" percent="0" />
      <mem type="loa" free="130048" total="156672" percent="83" />
    </mem>
  </mem-info>
</gc-start>
<allocation-stats totalBytes="9753184" >
  <allocated-bytes non-tlh="0" tlh="9753184" />
  <largest-consumer threadName="Thread-7" threadId="0000000001358100" bytes="3790560" />
</allocation-stats>
<gc-op id="5413" type="mark" timems="2.307" contextid="5410" timestamp="2019-07-02T23:05:45.560">
  <trace-info objectcount="69978" scancount="62402" scanbytes="2370788" />
  <finalization candidates="124" enqueued="0" />
  <ownableSynchronizers candidates="3" cleared="0" />
  <references type="soft" candidates="84" cleared="0" enqueued="0" dynamicThreshold="19" maxThreshold="32" />
  <references type="weak" candidates="774" cleared="0" enqueued="0" />
  <references type="phantom" candidates="63" cleared="0" enqueued="0" />
  <stringconstants candidates="4574" cleared="0"  />
</gc-op>
<gc-op id="5414" type="sweep" timems="0.725" contextid="5410" timestamp="2019-07-02T23:05:45.561" />
<heap-resize id="5415" type="contract" space="tenure" amount="131072" count="1" timems="0.074" reason="excess free space following gc" timestamp="2019-07-02T23:05:45.561" />
<gc-end id="5416" type="global" contextid="5410" durationms="3.555" usertimems="8.000" systemtimems="0.000" timestamp="2019-07-02T23:05:45.561" activeThreads="4">
  <mem-info id="5417" free="9555344" total="15597568" percent="61">
    <mem type="tenure" free="9555344" total="15597568" percent="61" micro-fragmented="6148" macro-fragmented="0">
      <mem type="soa" free="9555344" total="15441920" percent="61" />
      <mem type="loa" free="0" total="155648" percent="0" />
    </mem>
  </mem-info>
</gc-end>
<cycle-end id="5418" type="global" contextid="5410" timestamp="2019-07-02T23:05:45.561">
  <attribute name="GC Util" value="247" />
  <attribute name="CPU Util" value="7719481740021" />
  <attribute name="Time Running"value="6125"/>
  <attribute name="Number of cores"value="4"/>
</cycle-end>
<allocation-satisfied id="5419" threadId="0000000001358100" bytesRequested="40" />
<af-end id="5420" timestamp="2019-07-02T23:05:45.562" threadId="0000000001358A88" success="true" />
<exclusive-end id="5421" timestamp="2019-07-02T23:05:45.562" durationms="4.007" />

<exclusive-start id="5422" timestamp="2019-07-02T23:05:45.567" intervalms="9.662">
  <response-info timems="0.016" idlems="0.016" threads="0" lastid="0000000001358100" lastname="Thread-7" />
</exclusive-start>
<af-start id="5423" threadId="0000000001358A88" totalBytesRequested="40" timestamp="2019-07-02T23:05:45.567" intervalms="9.687" />
<cycle-start id="5424" type="global" contextid="0" timestamp="2019-07-02T23:05:45.567" intervalms="9.692" />
  <attribute name="GC Util" value="247" />
  <attribute name="CPU Util" value="7719481740021" />
  <attribute name="Time Running"value="6125"/>
  <attribute name="Number of cores"value="4"/>
<gc-start id="5425" type="global" contextid="5424" timestamp="2019-07-02T23:05:45.567">
  <mem-info id="5426" free="0" total="15597568" percent="0">
    <mem type="tenure" free="0" total="15597568" percent="0">
      <mem type="soa" free="0" total="15441920" percent="0" />
      <mem type="loa" free="0" total="155648" percent="0" />
    </mem>
  </mem-info>
</gc-start>
<allocation-stats totalBytes="9554488" >
  <allocated-bytes non-tlh="0" tlh="9554488" />
  <largest-consumer threadName="Thread-7" threadId="0000000001358100" bytes="3516008" />
</allocation-stats>
<gc-op id="5427" type="mark" timems="1.928" contextid="5424" timestamp="2019-07-02T23:05:45.569">
  <trace-info objectcount="71082" scancount="63511" scanbytes="2397420" />
  <finalization candidates="124" enqueued="0" />
  <ownableSynchronizers candidates="3" cleared="0" />
  <references type="soft" candidates="84" cleared="0" enqueued="0" dynamicThreshold="19" maxThreshold="32" />
  <references type="weak" candidates="774" cleared="0" enqueued="0" />
  <references type="phantom" candidates="63" cleared="0" enqueued="0" />
  <stringconstants candidates="4574" cleared="0"  />
</gc-op>
<gc-op id="5428" type="sweep" timems="0.753" contextid="5424" timestamp="2019-07-02T23:05:45.570" />
<gc-end id="5429" type="global" contextid="5424" durationms="2.965" usertimems="8.000" systemtimems="0.000" timestamp="2019-07-02T23:05:45.570" activeThreads="4">
  <mem-info id="5430" free="9546624" total="15597568" percent="61">
    <mem type="tenure" free="9546624" total="15597568" percent="61" micro-fragmented="1545" macro-fragmented="0">
      <mem type="soa" free="9477208" total="15441920" percent="61" />
      <mem type="loa" free="69416" total="155648" percent="44" />
    </mem>
  </mem-info>
</gc-end>
<cycle-end id="5431" type="global" contextid="5424" timestamp="2019-07-02T23:05:45.571">
  <attribute name="GC Util" value="249" />
  <attribute name="CPU Util" value="9158393074685" />
  <attribute name="Time Running"value="6134"/>
  <attribute name="Number of cores"value="4"/>
</cycle-end>
<allocation-satisfied id="5432" threadId="0000000001358100" bytesRequested="40" />
<af-end id="5433" timestamp="2019-07-02T23:05:45.571" threadId="0000000001358A88" success="true" />
<exclusive-end id="5434" timestamp="2019-07-02T23:05:45.571" durationms="3.532" />

<exclusive-start id="5435" timestamp="2019-07-02T23:05:45.576" intervalms="9.095">
  <response-info timems="0.024" idlems="0.024" threads="0" lastid="0000000001354500" lastname="Thread-8" />
</exclusive-start>
<af-start id="5436" threadId="0000000001354E88" totalBytesRequested="40" timestamp="2019-07-02T23:05:45.576" intervalms="9.111" />
<cycle-start id="5437" type="global" contextid="0" timestamp="2019-07-02T23:05:45.577" intervalms="9.123" />
  <attribute name="GC Util" value="249" />
  <attribute name="CPU Util" value="9158393074685" />
  <attribute name="Time Running"value="6134"/>
  <attribute name="Number of cores"value="4"/>
<gc-start id="5438" type="global" contextid="5437" timestamp="2019-07-02T23:05:45.577">
  <mem-info id="5439" free="69416" total="15597568" percent="0">
    <mem type="tenure" free="69416" total="15597568" percent="0">
      <mem type="soa" free="0" total="15441920" percent="0" />
      <mem type="loa" free="69416" total="155648" percent="44" />
    </mem>
  </mem-info>
</gc-start>
<allocation-stats totalBytes="9474400" >
  <allocated-bytes non-tlh="0" tlh="9474400" />
  <largest-consumer threadName="Thread-8" threadId="0000000001354500" bytes="3169864" />
</allocation-stats>
<gc-op id="5440" type="mark" timems="2.472" contextid="5437" timestamp="2019-07-02T23:05:45.579">
  <trace-info objectcount="72045" scancount="64475" scanbytes="2420612" />
  <finalization candidates="124" enqueued="0" />
  <ownableSynchronizers candidates="3" cleared="0" />
  <references type="soft" candidates="84" cleared="0" enqueued="0" dynamicThreshold="19" maxThreshold="32" />
  <references type="weak" candidates="774" cleared="0" enqueued="0" />
  <references type="phantom" candidates="63" cleared="0" enqueued="0" />
  <stringconstants candidates="4574" cleared="0"  />
</gc-op>
<gc-op id="5441" type="sweep" timems="0.828" contextid="5437" timestamp="2019-07-02T23:05:45.580" />
<gc-end id="5442" type="global" contextid="5437" durationms="3.665" usertimems="8.000" systemtimems="0.000" timestamp="2019-07-02T23:05:45.580" activeThreads="4">
  <mem-info id="5443" free="9463856" total="15597568" percent="60">
    <mem type="tenure" free="9463856" total="15597568" percent="60" micro-fragmented="27673" macro-fragmented="0">
      <mem type="soa" free="9394440" total="15441920" percent="60" />
      <mem type="loa" free="69416" total="155648" percent="44" />
    </mem>
  </mem-info>
</gc-end>
<cycle-end id="5444" type="global" contextid="5437" timestamp="2019-07-02T23:05:45.580">
  <attribute name="GC Util" value="254" />
  <attribute name="CPU Util" value="7200151033626" />
  <attribute name="Time Running"value="6144"/>
  <attribute name="Number of cores"value="4"/>
</cycle-end>
<allocation-satisfied id="5445" threadId="0000000001354500" bytesRequested="40" />
<af-end id="5446" timestamp="2019-07-02T23:05:45.581" threadId="0000000001354E88" success="true" />
<exclusive-end id="5447" timestamp="2019-07-02T23:05:45.581" durationms="4.543" />

<exclusive-start id="5448" timestamp="2019-07-02T23:05:45.586" intervalms="9.779">
  <response-info timems="0.056" idlems="0.056" threads="0" lastid="0000000001358100" lastname="Thread-7" />
</exclusive-start>
<af-start id="5449" threadId="0000000001358A88" totalBytesRequested="40" timestamp="2019-07-02T23:05:45.586" intervalms="9.772" />
<cycle-start id="5450" type="global" contextid="0" timestamp="2019-07-02T23:05:45.586" intervalms="9.800" />
  <attribute name="GC Util" value="254" />
  <attribute name="CPU Util" value="7200151033626" />
  <attribute name="Time Running"value="6144"/>
  <attribute name="Number of cores"value="4"/>
<gc-start id="5451" type="global" contextid="5450" timestamp="2019-07-02T23:05:45.586">
  <mem-info id="5452" free="69416" total="15597568" percent="0">
    <mem type="tenure" free="69416" total="15597568" percent="0">
      <mem type="soa" free="0" total="15441920" percent="0" />
      <mem type="loa" free="69416" total="155648" percent="44" />
    </mem>
  </mem-info>
</gc-start>
<allocation-stats totalBytes="9390128" >
  <allocated-bytes non-tlh="0" tlh="9390128" />
  <largest-consumer threadName="Thread-8" threadId="0000000001354500" bytes="3541560" />
</allocation-stats>
<gc-op id="5453" type="mark" timems="2.540" contextid="5450" timestamp="2019-07-02T23:05:45.589">
  <trace-info objectcount="72859" scancount="65289" scanbytes="2439916" />
  <finalization candidates="124" enqueued="0" />
  <ownableSynchronizers candidates="3" cleared="0" />
  <references type="soft" candidates="84" cleared="0" enqueued="0" dynamicThreshold="19" maxThreshold="32" />
  <references type="weak" candidates="774" cleared="0" enqueued="0" />
  <references type="phantom" candidates="63" cleared="0" enqueued="0" />
  <stringconstants candidates="4574" cleared="0"  />
</gc-op>
<gc-op id="5454" type="sweep" timems="0.825" contextid="5450" timestamp="2019-07-02T23:05:45.590" />
<gc-end id="5455" type="global" contextid="5450" durationms="3.648" usertimems="8.000" systemtimems="0.000" timestamp="2019-07-02T23:05:45.590" activeThreads="4">
  <mem-info id="5456" free="9374664" total="15597568" percent="60">
    <mem type="tenure" free="9374664" total="15597568" percent="60" micro-fragmented="11054" macro-fragmented="0">
      <mem type="soa" free="9305248" total="15441920" percent="60" />
      <mem type="loa" free="69416" total="155648" percent="44" />
    </mem>
  </mem-info>
</gc-end>
<cycle-end id="5457" type="global" contextid="5450" timestamp="2019-07-02T23:05:45.590">
  <attribute name="GC Util" value="243" />
  <attribute name="CPU Util" value="7016123862109" />
  <attribute name="Time Running"value="6154"/>
  <attribute name="Number of cores"value="4"/>
</cycle-end>
<allocation-satisfied id="5458" threadId="0000000001358100" bytesRequested="40" />
<af-end id="5459" timestamp="2019-07-02T23:05:45.590" threadId="0000000001358A88" success="true" />
<exclusive-end id="5460" timestamp="2019-07-02T23:05:45.590" durationms="4.280" />

<exclusive-start id="5461" timestamp="2019-07-02T23:05:45.596" intervalms="9.469">
  <response-info timems="0.033" idlems="0.030" threads="2" lastid="0000000001358100" lastname="Thread-7" />
</exclusive-start>
<af-start id="5462" threadId="0000000001354E88" totalBytesRequested="16" timestamp="2019-07-02T23:05:45.596" intervalms="9.504" />
<cycle-start id="5463" type="global" contextid="0" timestamp="2019-07-02T23:05:45.596" intervalms="9.469" />
  <attribute name="GC Util" value="243" />
  <attribute name="CPU Util" value="7016123862109" />
  <attribute name="Time Running"value="6154"/>
  <attribute name="Number of cores"value="4"/>
<gc-start id="5464" type="global" contextid="5463" timestamp="2019-07-02T23:05:45.596">
  <mem-info id="5465" free="69416" total="15597568" percent="0">
    <mem type="tenure" free="69416" total="15597568" percent="0">
      <mem type="soa" free="0" total="15441920" percent="0" />
      <mem type="loa" free="69416" total="155648" percent="44" />
    </mem>
  </mem-info>
</gc-start>
<allocation-stats totalBytes="9298064" >
  <allocated-bytes non-tlh="19056" tlh="9279008" />
  <largest-consumer threadName="Thread-8" threadId="0000000001354500" bytes="3249808" />
</allocation-stats>
<gc-op id="5466" type="mark" timems="2.223" contextid="5463" timestamp="2019-07-02T23:05:45.598">
  <trace-info objectcount="68982" scancount="61419" scanbytes="2346516" />
  <finalization candidates="124" enqueued="0" />
  <ownableSynchronizers candidates="3" cleared="0" />
  <references type="soft" candidates="84" cleared="0" enqueued="0" dynamicThreshold="19" maxThreshold="32" />
  <references type="weak" candidates="774" cleared="0" enqueued="0" />
  <references type="phantom" candidates="63" cleared="0" enqueued="0" />
  <stringconstants candidates="4574" cleared="0"  />
</gc-op>
<gc-op id="5467" type="sweep" timems="0.845" contextid="5463" timestamp="2019-07-02T23:05:45.599" />
<heap-resize id="5468" type="expand" space="tenure" amount="1048576" count="1" timems="0.045" reason="excessive time being spent in gc" timestamp="2019-07-02T23:05:45.599" />
<gc-end id="5469" type="global" contextid="5463" durationms="3.575" usertimems="8.000" systemtimems="0.000" timestamp="2019-07-02T23:05:45.599" activeThreads="4">
  <mem-info id="5470" free="10335616" total="16646144" percent="62">
    <mem type="tenure" free="10335616" total="16646144" percent="62" micro-fragmented="55084" macro-fragmented="0">
      <mem type="soa" free="10169728" total="16480256" percent="61" />
      <mem type="loa" free="165888" total="165888" percent="100" />
    </mem>
  </mem-info>
</gc-end>
<cycle-end id="5471" type="global" contextid="5463" timestamp="2019-07-02T23:05:45.600">
  <attribute name="GC Util" value="238" />
  <attribute name="CPU Util" value="7954985268658" />
  <attribute name="Time Running"value="6163"/>
  <attribute name="Number of cores"value="4"/>
</cycle-end>
<allocation-satisfied id="5472" threadId="0000000001354500" bytesRequested="16" />
<af-end id="5473" timestamp="2019-07-02T23:05:45.600" threadId="0000000001354E88" success="true" />
<exclusive-end id="5474" timestamp="2019-07-02T23:05:45.600" durationms="4.474" />

<exclusive-start id="5475" timestamp="2019-07-02T23:05:45.605" intervalms="9.440">
  <response-info timems="0.037" idlems="0.020" threads="1" lastid="000000000135F900" lastname="Thread-9" />
</exclusive-start>
<af-start id="5476" threadId="000000000135C688" totalBytesRequested="40" timestamp="2019-07-02T23:05:45.605" intervalms="9.374" />
<cycle-start id="5477" type="global" contextid="0" timestamp="2019-07-02T23:05:45.605" intervalms="9.343" />
  <attribute name="GC Util" value="238" />
  <attribute name="CPU Util" value="7954985268658" />
  <attribute name="Time Running"value="6163"/>
  <attribute name="Number of cores"value="4"/>
<gc-start id="5478" type="global" contextid="5477" timestamp="2019-07-02T23:05:45.605">
  <mem-info id="5479" free="165888" total="16646144" percent="0">
    <mem type="tenure" free="165888" total="16646144" percent="0">
      <mem type="soa" free="0" total="16480256" percent="0" />
      <mem type="loa" free="165888" total="165888" percent="100" />
    </mem>
  </mem-info>
</gc-start>
<allocation-stats totalBytes="10224832" >
  <allocated-bytes non-tlh="19056" tlh="10205776" />
  <largest-consumer threadName="Thread-8" threadId="0000000001354500" bytes="4065808" />
</allocation-stats>
<gc-op id="5480" type="mark" timems="1.314" contextid="5477" timestamp="2019-07-02T23:05:45.607">
  <trace-info objectcount="65247" scancount="57674" scanbytes="2257532" />
  <finalization candidates="124" enqueued="0" />
  <ownableSynchronizers candidates="3" cleared="0" />
  <references type="soft" candidates="84" cleared="0" enqueued="0" dynamicThreshold="19" maxThreshold="32" />
  <references type="weak" candidates="774" cleared="0" enqueued="0" />
  <references type="phantom" candidates="63" cleared="0" enqueued="0" />
  <stringconstants candidates="4574" cleared="0"  />
</gc-op>
<gc-op id="5481" type="sweep" timems="0.320" contextid="5477" timestamp="2019-07-02T23:05:45.607" />
<gc-end id="5482" type="global" contextid="5477" durationms="2.098" usertimems="4.000" systemtimems="0.000" timestamp="2019-07-02T23:05:45.607" activeThreads="4">
  <mem-info id="5483" free="10527304" total="16646144" percent="63">
    <mem type="tenure" free="10527304" total="16646144" percent="63" micro-fragmented="163286" macro-fragmented="48412">
      <mem type="soa" free="10361416" total="16480256" percent="62" />
      <mem type="loa" free="165888" total="165888" percent="100" />
    </mem>
  </mem-info>
</gc-end>
<cycle-end id="5484" type="global" contextid="5477" timestamp="2019-07-02T23:05:45.607">
  <attribute name="GC Util" value="183" />
  <attribute name="CPU Util" value="13067292314970" />
  <attribute name="Time Running"value="6172"/>
  <attribute name="Number of cores"value="4"/>
</cycle-end>
<allocation-satisfied id="5485" threadId="000000000135BD00" bytesRequested="40" />
<af-end id="5486" timestamp="2019-07-02T23:05:45.608" threadId="000000000135C688" success="true" />
<exclusive-end id="5487" timestamp="2019-07-02T23:05:45.608" durationms="2.861" />

<exclusive-start id="5488" timestamp="2019-07-02T23:05:45.613" intervalms="7.826">
  <response-info timems="0.176" idlems="0.176" threads="0" lastid="0000000001354500" lastname="Thread-8" />
</exclusive-start>
<af-start id="5489" threadId="0000000001354E88" totalBytesRequested="40" timestamp="2019-07-02T23:05:45.613" intervalms="7.859" />
<cycle-start id="5490" type="global" contextid="0" timestamp="2019-07-02T23:05:45.613" intervalms="7.936" />
  <attribute name="GC Util" value="183" />
  <attribute name="CPU Util" value="13067292314970" />
  <attribute name="Time Running"value="6172"/>
  <attribute name="Number of cores"value="4"/>
<gc-start id="5491" type="global" contextid="5490" timestamp="2019-07-02T23:05:45.613">
  <mem-info id="5492" free="165888" total="16646144" percent="0">
    <mem type="tenure" free="165888" total="16646144" percent="0">
      <mem type="soa" free="0" total="16480256" percent="0" />
      <mem type="loa" free="165888" total="165888" percent="100" />
    </mem>
  </mem-info>
</gc-start>
<allocation-stats totalBytes="10414704" >
  <allocated-bytes non-tlh="19056" tlh="10395648" />
  <largest-consumer threadName="Thread-7" threadId="0000000001358100" bytes="3998496" />
</allocation-stats>
<gc-op id="5493" type="mark" timems="1.873" contextid="5490" timestamp="2019-07-02T23:05:45.615">
  <trace-info objectcount="62435" scancount="54865" scanbytes="2189668" />
  <finalization candidates="124" enqueued="0" />
  <ownableSynchronizers candidates="3" cleared="0" />
  <references type="soft" candidates="84" cleared="0" enqueued="0" dynamicThreshold="20" maxThreshold="32" />
  <references type="weak" candidates="774" cleared="0" enqueued="0" />
  <references type="phantom" candidates="63" cleared="0" enqueued="0" />
  <stringconstants candidates="4574" cleared="0"  />
</gc-op>
<gc-op id="5494" type="sweep" timems="0.810" contextid="5490" timestamp="2019-07-02T23:05:45.616" />
<gc-end id="5495" type="global" contextid="5490" durationms="3.032" usertimems="8.000" systemtimems="0.000" timestamp="2019-07-02T23:05:45.616" activeThreads="4">
  <mem-info id="5496" free="10864944" total="16646144" percent="65">
    <mem type="tenure" free="10864944" total="16646144" percent="65" micro-fragmented="85078" macro-fragmented="47520">
      <mem type="soa" free="10699056" total="16480256" percent="64" />
      <mem type="loa" free="165888" total="165888" percent="100" />
    </mem>
  </mem-info>
</gc-end>
<cycle-end id="5497" type="global" contextid="5490" timestamp="2019-07-02T23:05:45.616">
  <attribute name="GC Util" value="250" />
  <attribute name="CPU Util" value="9575377096910" />
  <attribute name="Time Running"value="6180"/>
  <attribute name="Number of cores"value="4"/>
</cycle-end>
<allocation-satisfied id="5498" threadId="0000000001354500" bytesRequested="40" />
<af-end id="5499" timestamp="2019-07-02T23:05:45.617" threadId="0000000001354E88" success="true" />
<exclusive-end id="5500" timestamp="2019-07-02T23:05:45.617" durationms="3.856" />

<exclusive-start id="5501" timestamp="2019-07-02T23:05:45.622" intervalms="9.126">
  <response-info timems="0.067" idlems="0.067" threads="0" lastid="000000000135BD00" lastname="Thread-10" />
</exclusive-start>
<af-start id="5502" threadId="000000000135C688" totalBytesRequested="40" timestamp="2019-07-02T23:05:45.622" intervalms="9.220" />
<cycle-start id="5503" type="global" contextid="0" timestamp="2019-07-02T23:05:45.622" intervalms="9.215" />
  <attribute name="GC Util" value="250" />
  <attribute name="CPU Util" value="9575377096910" />
  <attribute name="Time Running"value="6180"/>
  <attribute name="Number of cores"value="4"/>
<gc-start id="5504" type="global" contextid="5503" timestamp="2019-07-02T23:05:45.622">
  <mem-info id="5505" free="165888" total="16646144" percent="0">
    <mem type="tenure" free="165888" total="16646144" percent="0">
      <mem type="soa" free="0" total="16480256" percent="0" />
      <mem type="loa" free="165888" total="165888" percent="100" />
    </mem>
  </mem-info>
</gc-start>
<allocation-stats totalBytes="10691664" >
  <allocated-bytes non-tlh="0" tlh="10691664" />
  <largest-consumer threadName="Thread-7" threadId="0000000001358100" bytes="3859264" />
</allocation-stats>
<gc-op id="5506" type="mark" timems="1.078" contextid="5503" timestamp="2019-07-02T23:05:45.624">
  <trace-info objectcount="64316" scancount="56744" scanbytes="2234492" />
  <finalization candidates="124" enqueued="0" />
  <ownableSynchronizers candidates="3" cleared="0" />
  <references type="soft" candidates="84" cleared="0" enqueued="0" dynamicThreshold="20" maxThreshold="32" />
  <references type="weak" candidates="774" cleared="0" enqueued="0" />
  <references type="phantom" candidates="63" cleared="0" enqueued="0" />
  <stringconstants candidates="4574" cleared="0"  />
</gc-op>
<gc-op id="5507" type="sweep" timems="0.345" contextid="5503" timestamp="2019-07-02T23:05:45.624" />
<heap-resize id="5508" type="contract" space="tenure" amount="131072" count="1" timems="0.044" reason="excess free space following gc" timestamp="2019-07-02T23:05:45.624" />
<gc-end id="5509" type="global" contextid="5503" durationms="1.987" usertimems="4.000" systemtimems="0.000" timestamp="2019-07-02T23:05:45.624" activeThreads="4">
  <mem-info id="5510" free="10469832" total="16515072" percent="63">
    <mem type="tenure" free="10469832" total="16515072" percent="63" micro-fragmented="35232" macro-fragmented="18370">
      <mem type="soa" free="10469832" total="16350208" percent="64" />
      <mem type="loa" free="0" total="164864" percent="0" />
    </mem>
  </mem-info>
</gc-end>
<cycle-end id="5511" type="global" contextid="5503" timestamp="2019-07-02T23:05:45.625">
  <attribute name="GC Util" value="212" />
  <attribute name="CPU Util" value="15774294343906" />
  <attribute name="Time Running"value="6189"/>
  <attribute name="Number of cores"value="4"/>
</cycle-end>
<allocation-satisfied id="5512" threadId="000000000135BD00" bytesRequested="40" />
<af-end id="5513" timestamp="2019-07-02T23:05:45.625" threadId="000000000135C688" success="true" />
<exclusive-end id="5514" timestamp="2019-07-02T23:05:45.625" durationms="2.898" />

<exclusive-start id="5515" timestamp="2019-07-02T23:05:45.630" intervalms="8.422">
  <response-info timems="0.141" idlems="0.141" threads="0" lastid="000000000135F900" lastname="Thread-9" />
</exclusive-start>
<af-start id="5516" threadId="0000000001360288" totalBytesRequested="40" timestamp="2019-07-02T23:05:45.630" intervalms="8.322" />
<cycle-start id="5517" type="global" contextid="0" timestamp="2019-07-02T23:05:45.631" intervalms="8.282" />
  <attribute name="GC Util" value="212" />
  <attribute name="CPU Util" value="15774294343906" />
  <attribute name="Time Running"value="6189"/>
  <attribute name="Number of cores"value="4"/>
<gc-start id="5518" type="global" contextid="5517" timestamp="2019-07-02T23:05:45.631">
  <mem-info id="5519" free="0" total="16515072" percent="0">
    <mem type="tenure" free="0" total="16515072" percent="0">
      <mem type="soa" free="0" total="16350208" percent="0" />
      <mem type="loa" free="0" total="164864" percent="0" />
    </mem>
  </mem-info>
</gc-start>
<allocation-stats totalBytes="10457904" >
  <allocated-bytes non-tlh="0" tlh="10457904" />
  <largest-consumer threadName="Thread-8" threadId="0000000001354500" bytes="3594088" />
</allocation-stats>
<gc-op id="5520" type="mark" timems="1.122" contextid="5517" timestamp="2019-07-02T23:05:45.632">
  <trace-info objectcount="65809" scancount="58249" scanbytes="2270196" />
  <finalization candidates="124" enqueued="0" />
  <ownableSynchronizers candidates="3" cleared="0" />
  <references type="soft" candidates="84" cleared="0" enqueued="0" dynamicThreshold="20" maxThreshold="32" />
  <references type="weak" candidates="774" cleared="0" enqueued="0" />
  <references type="phantom" candidates="63" cleared="0" enqueued="0" />
  <stringconstants candidates="4574" cleared="0"  />
</gc-op>
<gc-op id="5521" type="sweep" timems="0.373" contextid="5517" timestamp="2019-07-02T23:05:45.632" />
<mem-info id="5522" free="10373992" total="16515072" percent="62">
  <mem type="tenure" free="10373992" total="16515072" percent="62" micro-fragmented="25358" macro-fragmented="28769">
    <mem type="soa" free="10373992" total="16350208" percent="63" />
    <mem type="loa" free="0" total="164864" percent="0" />
  </mem>
</mem-info>
<gc-op id="5523" type="compact" timems="3.913" contextid="5517" timestamp="2019-07-02T23:05:45.636">
  <compact-info movecount="26068" movebytes="1175864" reason="compact to aid heap contraction" />
</gc-op>
<heap-resize id="5524" type="contract" space="tenure" amount="131072" count="1" timems="0.079" reason="excess free space following gc" timestamp="2019-07-02T23:05:45.637" />
<gc-end id="5525" type="global" contextid="5517" durationms="6.182" usertimems="8.000" systemtimems="0.000" timestamp="2019-07-02T23:05:45.637" activeThreads="4">
  <mem-info id="5526" free="10545096" total="16384000" percent="64">
    <mem type="tenure" free="10545096" total="16384000" percent="64">
      <mem type="soa" free="10415048" total="16220160" percent="64" />
      <mem type="loa" free="130048" total="163840" percent="79" />
    </mem>
  </mem-info>
</gc-end>
<cycle-end id="5527" type="global" contextid="5517" timestamp="2019-07-02T23:05:45.637">
  <attribute name="GC Util" value="11" />
  <attribute name="CPU Util" value="29821257083028" />
  <attribute name="Time Running"value="6197"/>
  <attribute name="Number of cores"value="4"/>
</cycle-end>
<allocation-satisfied id="5528" threadId="000000000135F900" bytesRequested="40" />
<af-end id="5529" timestamp="2019-07-02T23:05:45.637" threadId="0000000001360288" success="true" />
<exclusive-end id="5530" timestamp="2019-07-02T23:05:45.637" durationms="7.055" />

<exclusive-start id="5531" timestamp="2019-07-02T23:05:45.645" intervalms="14.914">
  <response-info timems="0.213" idlems="0.191" threads="1" lastid="000000000135F900" lastname="Thread-9" />
</exclusive-start>
<af-start id="5532" threadId="0000000001358A88" totalBytesRequested="40" timestamp="2019-07-02T23:05:45.645" intervalms="14.923" />
<cycle-start id="5533" type="global" contextid="0" timestamp="2019-07-02T23:05:45.645" intervalms="14.914" />
  <attribute name="GC Util" value="11" />
  <attribute name="CPU Util" value="29821257083028" />
  <attribute name="Time Running"value="6197"/>
  <attribute name="Number of cores"value="4"/>
<gc-start id="5534" type="global" contextid="5533" timestamp="2019-07-02T23:05:45.646">
  <mem-info id="5535" free="130048" total="16384000" percent="0">
    <mem type="tenure" free="130048" total="16384000" percent="0">
      <mem type="soa" free="0" total="16220160" percent="0" />
      <mem type="loa" free="130048" total="163840" percent="79" />
    </mem>
  </mem-info>
</gc-start>
<allocation-stats totalBytes="10479056" >
  <allocated-bytes non-tlh="0" tlh="10479056" />
  <largest-consumer threadName="Thread-10" threadId="000000000135BD00" bytes="5160208" />
</allocation-stats>
<gc-op id="5536" type="mark" timems="2.232" contextid="5533" timestamp="2019-07-02T23:05:45.648">
  <trace-info objectcount="66898" scancount="59327" scanbytes="2296236" />
  <finalization candidates="124" enqueued="0" />
  <ownableSynchronizers candidates="3" cleared="0" />
  <references type="soft" candidates="84" cleared="0" enqueued="0" dynamicThreshold="20" maxThreshold="32" />
  <references type="weak" candidates="774" cleared="0" enqueued="0" />
  <references type="phantom" candidates="63" cleared="0" enqueued="0" />
  <stringconstants candidates="4574" cleared="0"  />
</gc-op>
<gc-op id="5537" type="sweep" timems="0.740" contextid="5533" timestamp="2019-07-02T23:05:45.649" />
<heap-resize id="5538" type="contract" space="tenure" amount="131072" count="1" timems="0.077" reason="excess free space following gc" timestamp="2019-07-02T23:05:45.649" />
<gc-end id="5539" type="global" contextid="5533" durationms="3.548" usertimems="4.000" systemtimems="4.000" timestamp="2019-07-02T23:05:45.649" activeThreads="4">
  <mem-info id="5540" free="10417904" total="16252928" percent="64">
    <mem type="tenure" free="10417904" total="16252928" percent="64" micro-fragmented="0" macro-fragmented="0">
      <mem type="soa" free="10308376" total="16091136" percent="64" />
      <mem type="loa" free="109528" total="161792" percent="67" />
    </mem>
  </mem-info>
</gc-end>
<cycle-end id="5541" type="global" contextid="5533" timestamp="2019-07-02T23:05:45.649">
  <attribute name="GC Util" value="254" />
  <attribute name="CPU Util" value="7978226082479" />
  <attribute name="Time Running"value="6213"/>
  <attribute name="Number of cores"value="4"/>
</cycle-end>
<allocation-satisfied id="5542" threadId="0000000001358100" bytesRequested="40" />
<af-end id="5543" timestamp="2019-07-02T23:05:45.649" threadId="0000000001358A88" success="true" />
<exclusive-end id="5544" timestamp="2019-07-02T23:05:45.649" durationms="4.141" />

<exclusive-start id="5545" timestamp="2019-07-02T23:05:45.654" intervalms="9.216">
  <response-info timems="0.057" idlems="0.057" threads="0" lastid="0000000001354500" lastname="Thread-8" />
</exclusive-start>
<af-start id="5546" threadId="0000000001354E88" totalBytesRequested="40" timestamp="2019-07-02T23:05:45.655" intervalms="9.219" />
<cycle-start id="5547" type="global" contextid="0" timestamp="2019-07-02T23:05:45.655" intervalms="9.230" />
  <attribute name="GC Util" value="254" />
  <attribute name="CPU Util" value="7978226082479" />
  <attribute name="Time Running"value="6213"/>
  <attribute name="Number of cores"value="4"/>
<gc-start id="5548" type="global" contextid="5547" timestamp="2019-07-02T23:05:45.655">
  <mem-info id="5549" free="109528" total="16252928" percent="0">
    <mem type="tenure" free="109528" total="16252928" percent="0">
      <mem type="soa" free="0" total="16091136" percent="0" />
      <mem type="loa" free="109528" total="161792" percent="67" />
    </mem>
  </mem-info>
</gc-start>
<allocation-stats totalBytes="10309232" >
  <allocated-bytes non-tlh="0" tlh="10309232" />
  <largest-consumer threadName="Thread-10" threadId="000000000135BD00" bytes="3586832" />
</allocation-stats>
<gc-op id="5550" type="mark" timems="2.447" contextid="5547" timestamp="2019-07-02T23:05:45.657">
  <trace-info objectcount="68297" scancount="60719" scanbytes="2329820" />
  <finalization candidates="124" enqueued="0" />
  <ownableSynchronizers candidates="3" cleared="0" />
  <references type="soft" candidates="84" cleared="0" enqueued="0" dynamicThreshold="20" maxThreshold="32" />
  <references type="weak" candidates="774" cleared="0" enqueued="0" />
  <references type="phantom" candidates="63" cleared="0" enqueued="0" />
  <stringconstants candidates="4574" cleared="0"  />
</gc-op>
<gc-op id="5551" type="sweep" timems="0.791" contextid="5547" timestamp="2019-07-02T23:05:45.658" />
<heap-resize id="5552" type="contract" space="tenure" amount="131072" count="1" timems="0.104" reason="excess free space following gc" timestamp="2019-07-02T23:05:45.658" />
<gc-end id="5553" type="global" contextid="5547" durationms="3.827" usertimems="8.000" systemtimems="0.000" timestamp="2019-07-02T23:05:45.659" activeThreads="4">
  <mem-info id="5554" free="10213840" total="16121856" percent="63">
    <mem type="tenure" free="10213840" total="16121856" percent="63" micro-fragmented="1536" macro-fragmented="9100">
      <mem type="soa" free="10123920" total="15961088" percent="63" />
      <mem type="loa" free="89920" total="160768" percent="55" />
    </mem>
  </mem-info>
</gc-end>
<cycle-end id="5555" type="global" contextid="5547" timestamp="2019-07-02T23:05:45.659">
  <attribute name="GC Util" value="257" />
  <attribute name="CPU Util" value="7350275451115" />
  <attribute name="Time Running"value="6222"/>
  <attribute name="Number of cores"value="4"/>
</cycle-end>
<allocation-satisfied id="5556" threadId="0000000001354500" bytesRequested="40" />
<af-end id="5557" timestamp="2019-07-02T23:05:45.659" threadId="0000000001354E88" success="true" />
<exclusive-end id="5558" timestamp="2019-07-02T23:05:45.659" durationms="4.681" />

<exclusive-start id="5559" timestamp="2019-07-02T23:05:45.664" intervalms="9.774">
  <response-info timems="0.036" idlems="0.020" threads="1" lastid="000000000135F900" lastname="Thread-9" />
</exclusive-start>
<af-start id="5560" threadId="0000000001358A88" totalBytesRequested="40" timestamp="2019-07-02T23:05:45.664" intervalms="9.759" />
<cycle-start id="5561" type="global" contextid="0" timestamp="2019-07-02T23:05:45.664" intervalms="9.738" />
  <attribute name="GC Util" value="257" />
  <attribute name="CPU Util" value="7350275451115" />
  <attribute name="Time Running"value="6222"/>
  <attribute name="Number of cores"value="4"/>
<gc-start id="5562" type="global" contextid="5561" timestamp="2019-07-02T23:05:45.665">
  <mem-info id="5563" free="89920" total="16121856" percent="0">
    <mem type="tenure" free="89920" total="16121856" percent="0">
      <mem type="soa" free="0" total="15961088" percent="0" />
      <mem type="loa" free="89920" total="160768" percent="55" />
    </mem>
  </mem-info>
</gc-start>
<allocation-stats totalBytes="10113832" >
  <allocated-bytes non-tlh="0" tlh="10113832" />
  <largest-consumer threadName="Thread-10" threadId="000000000135BD00" bytes="3640248" />
</allocation-stats>
<gc-op id="5564" type="mark" timems="2.094" contextid="5561" timestamp="2019-07-02T23:05:45.667">
  <trace-info objectcount="69581" scancount="61998" scanbytes="2361020" />
  <finalization candidates="124" enqueued="0" />
  <ownableSynchronizers candidates="3" cleared="0" />
  <references type="soft" candidates="84" cleared="0" enqueued="0" dynamicThreshold="20" maxThreshold="32" />
  <references type="weak" candidates="774" cleared="0" enqueued="0" />
  <references type="phantom" candidates="63" cleared="0" enqueued="0" />
  <stringconstants candidates="4574" cleared="0"  />
</gc-op>
<gc-op id="5565" type="sweep" timems="0.809" contextid="5561" timestamp="2019-07-02T23:05:45.668" />
<mem-info id="5566" free="10137096" total="16121856" percent="62">
  <mem type="tenure" free="10137096" total="16121856" percent="62" micro-fragmented="772" macro-fragmented="25783">
    <mem type="soa" free="10046648" total="15961088" percent="62" />
    <mem type="loa" free="90448" total="160768" percent="56" />
  </mem>
</mem-info>
<gc-op id="5567" type="compact" timems="6.186" contextid="5561" timestamp="2019-07-02T23:05:45.674">
  <compact-info movecount="29824" movebytes="1266304" reason="compact to aid heap contraction" />
</gc-op>
<heap-resize id="5568" type="contract" space="tenure" amount="131072" count="1" timems="0.036" reason="excess free space following gc" timestamp="2019-07-02T23:05:45.674" />
<gc-end id="5569" type="global" contextid="5561" durationms="9.710" usertimems="16.000" systemtimems="0.000" timestamp="2019-07-02T23:05:45.674" activeThreads="4">
  <mem-info id="5570" free="10065152" total="15990784" percent="62">
    <mem type="tenure" free="10065152" total="15990784" percent="62">
      <mem type="soa" free="9935104" total="15831040" percent="62" />
      <mem type="loa" free="130048" total="159744" percent="81" />
    </mem>
  </mem-info>
</gc-end>
<cycle-end id="5571" type="global" contextid="5561" timestamp="2019-07-02T23:05:45.674">
  <attribute name="GC Util" value="145" />
  <attribute name="CPU Util" value="18054067765743" />
  <attribute name="Time Running"value="6233"/>
  <attribute name="Number of cores"value="4"/>
</cycle-end>
<allocation-satisfied id="5572" threadId="0000000001358100" bytesRequested="40" />
<af-end id="5573" timestamp="2019-07-02T23:05:45.674" threadId="0000000001358A88" success="true" />
<exclusive-end id="5574" timestamp="2019-07-02T23:05:45.675" durationms="10.255" />

<exclusive-start id="5575" timestamp="2019-07-02T23:05:45.682" intervalms="17.963">
  <response-info timems="0.057" idlems="0.057" threads="0" lastid="000000000135BD00" lastname="Thread-10" />
</exclusive-start>
<af-start id="5576" threadId="000000000135C688" totalBytesRequested="40" timestamp="2019-07-02T23:05:45.682" intervalms="17.985" />
<cycle-start id="5577" type="global" contextid="0" timestamp="2019-07-02T23:05:45.682" intervalms="18.027" />
  <attribute name="GC Util" value="145" />
  <attribute name="CPU Util" value="18054067765743" />
  <attribute name="Time Running"value="6233"/>
  <attribute name="Number of cores"value="4"/>
<gc-start id="5578" type="global" contextid="5577" timestamp="2019-07-02T23:05:45.683">
  <mem-info id="5579" free="130048" total="15990784" percent="0">
    <mem type="tenure" free="130048" total="15990784" percent="0">
      <mem type="soa" free="0" total="15831040" percent="0" />
      <mem type="loa" free="130048" total="159744" percent="81" />
    </mem>
  </mem-info>
</gc-start>
<allocation-stats totalBytes="9999272" >
  <allocated-bytes non-tlh="0" tlh="9999272" />
  <largest-consumer threadName="Thread-8" threadId="0000000001354500" bytes="5209344" />
</allocation-stats>
<gc-op id="5580" type="mark" timems="1.363" contextid="5577" timestamp="2019-07-02T23:05:45.684">
  <trace-info objectcount="70409" scancount="62833" scanbytes="2380740" />
  <finalization candidates="124" enqueued="0" />
  <ownableSynchronizers candidates="3" cleared="0" />
  <references type="soft" candidates="84" cleared="0" enqueued="0" dynamicThreshold="20" maxThreshold="32" />
  <references type="weak" candidates="774" cleared="0" enqueued="0" />
  <references type="phantom" candidates="63" cleared="0" enqueued="0" />
  <stringconstants candidates="4574" cleared="0"  />
</gc-op>
<gc-op id="5581" type="sweep" timems="0.249" contextid="5577" timestamp="2019-07-02T23:05:45.685" />
<heap-resize id="5582" type="contract" space="tenure" amount="131072" count="1" timems="0.090" reason="excess free space following gc" timestamp="2019-07-02T23:05:45.685" />
<gc-end id="5583" type="global" contextid="5577" durationms="2.358" usertimems="4.000" systemtimems="0.000" timestamp="2019-07-02T23:05:45.685" activeThreads="4">
  <mem-info id="5584" free="9915536" total="15859712" percent="62">
    <mem type="tenure" free="9915536" total="15859712" percent="62" micro-fragmented="771" macro-fragmented="0">
      <mem type="soa" free="9833064" total="15702016" percent="62" />
      <mem type="loa" free="82472" total="157696" percent="52" />
    </mem>
  </mem-info>
</gc-end>
<cycle-end id="5585" type="global" contextid="5577" timestamp="2019-07-02T23:05:45.685">
  <attribute name="GC Util" value="172" />
  <attribute name="CPU Util" value="12679193954700" />
  <attribute name="Time Running"value="6249"/>
  <attribute name="Number of cores"value="4"/>
</cycle-end>
<allocation-satisfied id="5586" threadId="000000000135BD00" bytesRequested="40" />
<af-end id="5587" timestamp="2019-07-02T23:05:45.685" threadId="000000000135C688" success="true" />
<exclusive-end id="5588" timestamp="2019-07-02T23:05:45.685" durationms="3.106" />

<exclusive-start id="5589" timestamp="2019-07-02T23:05:45.690" intervalms="8.131">
  <response-info timems="0.043" idlems="0.032" threads="1" lastid="0000000001358100" lastname="Thread-7" />
</exclusive-start>
<af-start id="5590" threadId="0000000001360288" totalBytesRequested="40" timestamp="2019-07-02T23:05:45.690" intervalms="8.108" />
<cycle-start id="5591" type="global" contextid="0" timestamp="2019-07-02T23:05:45.691" intervalms="8.075" />
  <attribute name="GC Util" value="172" />
  <attribute name="CPU Util" value="12679193954700" />
  <attribute name="Time Running"value="6249"/>
  <attribute name="Number of cores"value="4"/>
<gc-start id="5592" type="global" contextid="5591" timestamp="2019-07-02T23:05:45.691">
  <mem-info id="5593" free="82472" total="15859712" percent="0">
    <mem type="tenure" free="82472" total="15859712" percent="0">
      <mem type="soa" free="0" total="15702016" percent="0" />
      <mem type="loa" free="82472" total="157696" percent="52" />
    </mem>
  </mem-info>
</gc-start>
<allocation-stats totalBytes="9830344" >
  <allocated-bytes non-tlh="0" tlh="9830344" />
  <largest-consumer threadName="Thread-10" threadId="000000000135BD00" bytes="3471712" />
</allocation-stats>
<gc-op id="5594" type="mark" timems="1.973" contextid="5591" timestamp="2019-07-02T23:05:45.693">
  <trace-info objectcount="71998" scancount="64442" scanbytes="2419076" />
  <finalization candidates="124" enqueued="0" />
  <ownableSynchronizers candidates="3" cleared="0" />
  <references type="soft" candidates="84" cleared="0" enqueued="0" dynamicThreshold="20" maxThreshold="32" />
  <references type="weak" candidates="774" cleared="0" enqueued="0" />
  <references type="phantom" candidates="63" cleared="0" enqueued="0" />
  <stringconstants candidates="4574" cleared="0"  />
</gc-op>
<gc-op id="5595" type="sweep" timems="0.799" contextid="5591" timestamp="2019-07-02T23:05:45.694" />
<mem-info id="5596" free="9867584" total="15859712" percent="62">
  <mem type="tenure" free="9867584" total="15859712" percent="62" micro-fragmented="14120" macro-fragmented="0">
    <mem type="soa" free="9772656" total="15702016" percent="62" />
    <mem type="loa" free="94928" total="157696" percent="60" />
  </mem>
</mem-info>
<gc-op id="5597" type="compact" timems="4.303" contextid="5591" timestamp="2019-07-02T23:05:45.698">
  <compact-info movecount="4944" movebytes="119728" reason="compact to aid heap contraction" />
</gc-op>
<heap-resize id="5598" type="contract" space="tenure" amount="131072" count="1" timems="0.034" reason="excess free space following gc" timestamp="2019-07-02T23:05:45.698" />
<gc-end id="5599" type="global" contextid="5591" durationms="7.670" usertimems="12.000" systemtimems="0.000" timestamp="2019-07-02T23:05:45.698" activeThreads="4">
  <mem-info id="5600" free="9748024" total="15728640" percent="61">
    <mem type="tenure" free="9748024" total="15728640" percent="61">
      <mem type="soa" free="9617976" total="15571968" percent="61" />
      <mem type="loa" free="130048" total="156672" percent="83" />
    </mem>
  </mem-info>
</gc-end>
<cycle-end id="5601" type="global" contextid="5591" timestamp="2019-07-02T23:05:45.698">
  <attribute name="GC Util" value="159" />
  <attribute name="CPU Util" value="19007796878030" />
  <attribute name="Time Running"value="6259"/>
  <attribute name="Number of cores"value="4"/>
</cycle-end>
<allocation-satisfied id="5602" threadId="000000000135F900" bytesRequested="40" />
<af-end id="5603" timestamp="2019-07-02T23:05:45.699" threadId="0000000001360288" success="true" />
<exclusive-end id="5604" timestamp="2019-07-02T23:05:45.699" durationms="8.272" />

<exclusive-start id="5605" timestamp="2019-07-02T23:05:45.703" intervalms="12.450">
  <response-info timems="0.021" idlems="0.021" threads="0" lastid="000000000135F900" lastname="Thread-9" />
</exclusive-start>
<af-start id="5606" threadId="0000000001360288" totalBytesRequested="40" timestamp="2019-07-02T23:05:45.703" intervalms="12.424" />
<cycle-start id="5607" type="global" contextid="0" timestamp="2019-07-02T23:05:45.703" intervalms="12.385" />
  <attribute name="GC Util" value="159" />
  <attribute name="CPU Util" value="19007796878030" />
  <attribute name="Time Running"value="6259"/>
  <attribute name="Number of cores"value="4"/>
<gc-start id="5608" type="global" contextid="5607" timestamp="2019-07-02T23:05:45.703">
  <mem-info id="5609" free="130048" total="15728640" percent="0">
    <mem type="tenure" free="130048" total="15728640" percent="0">
      <mem type="soa" free="0" total="15571968" percent="0" />
      <mem type="loa" free="130048" total="156672" percent="83" />
    </mem>
  </mem-info>
</gc-start>
<allocation-stats totalBytes="9681160" >
  <allocated-bytes non-tlh="0" tlh="9681160" />
  <largest-consumer threadName="Thread-10" threadId="000000000135BD00" bytes="2850088" />
</allocation-stats>
<gc-op id="5610" type="mark" timems="1.889" contextid="5607" timestamp="2019-07-02T23:05:45.705">
  <trace-info objectcount="68399" scancount="60830" scanbytes="2332428" />
  <finalization candidates="124" enqueued="0" />
  <ownableSynchronizers candidates="3" cleared="0" />
  <references type="soft" candidates="84" cleared="0" enqueued="0" dynamicThreshold="19" maxThreshold="32" />
  <references type="weak" candidates="774" cleared="0" enqueued="0" />
  <references type="phantom" candidates="63" cleared="0" enqueued="0" />
  <stringconstants candidates="4574" cleared="0"  />
</gc-op>
<gc-op id="5611" type="sweep" timems="0.735" contextid="5607" timestamp="2019-07-02T23:05:45.706" />
<heap-resize id="5612" type="contract" space="tenure" amount="131072" count="1" timems="0.046" reason="excess free space following gc" timestamp="2019-07-02T23:05:45.706" />
<gc-end id="5613" type="global" contextid="5607" durationms="2.985" usertimems="4.000" systemtimems="4.000" timestamp="2019-07-02T23:05:45.706" activeThreads="4">
  <mem-info id="5614" free="9592560" total="15597568" percent="61">
    <mem type="tenure" free="9592560" total="15597568" percent="61" micro-fragmented="83133" macro-fragmented="0">
      <mem type="soa" free="9521048" total="15441920" percent="61" />
      <mem type="loa" free="71512" total="155648" percent="45" />
    </mem>
  </mem-info>
</gc-end>
<cycle-end id="5615" type="global" contextid="5607" timestamp="2019-07-02T23:05:45.706">
  <attribute name="GC Util" value="256" />
  <attribute name="CPU Util" value="9515414203183" />
  <attribute name="Time Running"value="6270"/>
  <attribute name="Number of cores"value="4"/>
</cycle-end>
<allocation-satisfied id="5616" threadId="000000000135F900" bytesRequested="40" />
<af-end id="5617" timestamp="2019-07-02T23:05:45.706" threadId="0000000001360288" success="true" />
<exclusive-end id="5618" timestamp="2019-07-02T23:05:45.706" durationms="3.483" />

<exclusive-start id="5619" timestamp="2019-07-02T23:05:45.710" intervalms="7.377">
  <response-info timems="0.023" idlems="0.023" threads="0" lastid="000000000135F900" lastname="Thread-9" />
</exclusive-start>
<af-start id="5620" threadId="0000000001360288" totalBytesRequested="40" timestamp="2019-07-02T23:05:45.710" intervalms="7.363" />
<cycle-start id="5621" type="global" contextid="0" timestamp="2019-07-02T23:05:45.710" intervalms="7.360" />
  <attribute name="GC Util" value="256" />
  <attribute name="CPU Util" value="9515414203183" />
  <attribute name="Time Running"value="6270"/>
  <attribute name="Number of cores"value="4"/>
<gc-start id="5622" type="global" contextid="5621" timestamp="2019-07-02T23:05:45.710">
  <mem-info id="5623" free="71512" total="15597568" percent="0">
    <mem type="tenure" free="71512" total="15597568" percent="0">
      <mem type="soa" free="0" total="15441920" percent="0" />
      <mem type="loa" free="71512" total="155648" percent="45" />
    </mem>
  </mem-info>
</gc-start>
<allocation-stats totalBytes="9515864" >
  <allocated-bytes non-tlh="0" tlh="9515864" />
  <largest-consumer threadName="Thread-10" threadId="000000000135BD00" bytes="2653328" />
</allocation-stats>
<gc-op id="5624" type="mark" timems="1.899" contextid="5621" timestamp="2019-07-02T23:05:45.712">
  <trace-info objectcount="69661" scancount="62095" scanbytes="2362596" />
  <finalization candidates="124" enqueued="0" />
  <ownableSynchronizers candidates="3" cleared="0" />
  <references type="soft" candidates="84" cleared="0" enqueued="0" dynamicThreshold="19" maxThreshold="32" />
  <references type="weak" candidates="774" cleared="0" enqueued="0" />
  <references type="phantom" candidates="63" cleared="0" enqueued="0" />
  <stringconstants candidates="4574" cleared="0"  />
</gc-op>
<gc-op id="5625" type="sweep" timems="0.755" contextid="5621" timestamp="2019-07-02T23:05:45.713" />
<gc-end id="5626" type="global" contextid="5621" durationms="2.899" usertimems="4.000" systemtimems="0.000" timestamp="2019-07-02T23:05:45.713" activeThreads="4">
  <mem-info id="5627" free="9580272" total="15597568" percent="61">
    <mem type="tenure" free="9580272" total="15597568" percent="61" micro-fragmented="131649" macro-fragmented="0">
      <mem type="soa" free="9465704" total="15441920" percent="61" />
      <mem type="loa" free="114568" total="155648" percent="73" />
    </mem>
  </mem-info>
</gc-end>
<cycle-end id="5628" type="global" contextid="5621" timestamp="2019-07-02T23:05:45.713">
  <attribute name="GC Util" value="257" />
  <attribute name="CPU Util" value="9475963141305" />
  <attribute name="Time Running"value="6277"/>
  <attribute name="Number of cores"value="4"/>
</cycle-end>
<allocation-satisfied id="5629" threadId="000000000135F900" bytesRequested="40" />
<af-end id="5630" timestamp="2019-07-02T23:05:45.713" threadId="0000000001360288" success="true" />
<exclusive-end id="5631" timestamp="2019-07-02T23:05:45.714" durationms="3.312" />

<exclusive-start id="5632" timestamp="2019-07-02T23:05:45.717" intervalms="6.998">
  <response-info timems="0.036" idlems="0.036" threads="0" lastid="000000000135BD00" lastname="Thread-10" />
</exclusive-start>
<af-start id="5633" threadId="000000000135C688" totalBytesRequested="40" timestamp="2019-07-02T23:05:45.717" intervalms="7.075" />
<cycle-start id="5634" type="global" contextid="0" timestamp="2019-07-02T23:05:45.717" intervalms="7.102" />
  <attribute name="GC Util" value="257" />
  <attribute name="CPU Util" value="9475963141305" />
  <attribute name="Time Running"value="6277"/>
  <attribute name="Number of cores"value="4"/>
<gc-start id="5635" type="global" contextid="5634" timestamp="2019-07-02T23:05:45.717">
  <mem-info id="5636" free="114568" total="15597568" percent="0">
    <mem type="tenure" free="114568" total="15597568" percent="0">
      <mem type="soa" free="0" total="15441920" percent="0" />
      <mem type="loa" free="114568" total="155648" percent="73" />
    </mem>
  </mem-info>
</gc-start>
<allocation-stats totalBytes="9455544" >
  <allocated-bytes non-tlh="0" tlh="9455544" />
  <largest-consumer threadName="Thread-10" threadId="000000000135BD00" bytes="2572560" />
</allocation-stats>
<gc-op id="5637" type="mark" timems="1.095" contextid="5634" timestamp="2019-07-02T23:05:45.719">
  <trace-info objectcount="70693" scancount="63113" scanbytes="2387572" />
  <finalization candidates="124" enqueued="0" />
  <ownableSynchronizers candidates="3" cleared="0" />
  <references type="soft" candidates="84" cleared="0" enqueued="0" dynamicThreshold="19" maxThreshold="32" />
  <references type="weak" candidates="774" cleared="0" enqueued="0" />
  <references type="phantom" candidates="63" cleared="0" enqueued="0" />
  <stringconstants candidates="4574" cleared="0"  />
</gc-op>
<gc-op id="5638" type="sweep" timems="0.313" contextid="5634" timestamp="2019-07-02T23:05:45.719" />
<gc-end id="5639" type="global" contextid="5634" durationms="1.648" usertimems="4.000" systemtimems="0.000" timestamp="2019-07-02T23:05:45.719" activeThreads="4">
  <mem-info id="5640" free="9510896" total="15597568" percent="60">
    <mem type="tenure" free="9510896" total="15597568" percent="60" micro-fragmented="118064" macro-fragmented="0">
      <mem type="soa" free="9396328" total="15441920" percent="60" />
      <mem type="loa" free="114568" total="155648" percent="73" />
    </mem>
  </mem-info>
</gc-end>
<cycle-end id="5641" type="global" contextid="5634" timestamp="2019-07-02T23:05:45.719">
  <attribute name="GC Util" value="221" />
  <attribute name="CPU Util" value="16032825495706" />
  <attribute name="Time Running"value="6284"/>
  <attribute name="Number of cores"value="4"/>
</cycle-end>
<allocation-satisfied id="5642" threadId="000000000135BD00" bytesRequested="40" />
<af-end id="5643" timestamp="2019-07-02T23:05:45.719" threadId="000000000135C688" success="true" />
<exclusive-end id="5644" timestamp="2019-07-02T23:05:45.719" durationms="2.243" />

<exclusive-start id="5645" timestamp="2019-07-02T23:05:45.723" intervalms="6.101">
  <response-info timems="0.022" idlems="0.022" threads="0" lastid="000000000135F900" lastname="Thread-9" />
</exclusive-start>
<af-start id="5646" threadId="0000000001360288" totalBytesRequested="24" timestamp="2019-07-02T23:05:45.723" intervalms="6.067" />
<cycle-start id="5647" type="global" contextid="0" timestamp="2019-07-02T23:05:45.723" intervalms="6.084" />
  <attribute name="GC Util" value="221" />
  <attribute name="CPU Util" value="16032825495706" />
  <attribute name="Time Running"value="6284"/>
  <attribute name="Number of cores"value="4"/>
<gc-start id="5648" type="global" contextid="5647" timestamp="2019-07-02T23:05:45.724">
  <mem-info id="5649" free="114568" total="15597568" percent="0">
    <mem type="tenure" free="114568" total="15597568" percent="0">
      <mem type="soa" free="0" total="15441920" percent="0" />
      <mem type="loa" free="114568" total="155648" percent="73" />
    </mem>
  </mem-info>
</gc-start>
<allocation-stats totalBytes="9380392" >
  <allocated-bytes non-tlh="19056" tlh="9361336" />
  <largest-consumer threadName="Thread-10" threadId="000000000135BD00" bytes="2549120" />
</allocation-stats>
<gc-op id="5650" type="mark" timems="2.135" contextid="5647" timestamp="2019-07-02T23:05:45.726">
  <trace-info objectcount="67161" scancount="59601" scanbytes="2302580" />
  <finalization candidates="124" enqueued="0" />
  <ownableSynchronizers candidates="3" cleared="0" />
  <references type="soft" candidates="84" cleared="0" enqueued="0" dynamicThreshold="19" maxThreshold="32" />
  <references type="weak" candidates="774" cleared="0" enqueued="0" />
  <references type="phantom" candidates="63" cleared="0" enqueued="0" />
  <stringconstants candidates="4574" cleared="0"  />
</gc-op>
<gc-op id="5651" type="sweep" timems="1.013" contextid="5647" timestamp="2019-07-02T23:05:45.727" />
<gc-end id="5652" type="global" contextid="5647" durationms="3.452" usertimems="8.000" systemtimems="0.000" timestamp="2019-07-02T23:05:45.727" activeThreads="4">
  <mem-info id="5653" free="9529232" total="15597568" percent="61">
    <mem type="tenure" free="9529232" total="15597568" percent="61" micro-fragmented="171520" macro-fragmented="31474">
      <mem type="soa" free="9414664" total="15441920" percent="60" />
      <mem type="loa" free="114568" total="155648" percent="73" />
    </mem>
  </mem-info>
</gc-end>
<cycle-end id="5654" type="global" contextid="5647" timestamp="2019-07-02T23:05:45.727">
  <attribute name="GC Util" value="245" />
  <attribute name="CPU Util" value="8303505388543" />
  <attribute name="Time Running"value="6291"/>
  <attribute name="Number of cores"value="4"/>
</cycle-end>
<allocation-satisfied id="5655" threadId="000000000135F900" bytesRequested="24" />
<af-end id="5656" timestamp="2019-07-02T23:05:45.727" threadId="0000000001360288" success="true" />
<exclusive-end id="5657" timestamp="2019-07-02T23:05:45.727" durationms="4.023" />

<exclusive-start id="5658" timestamp="2019-07-02T23:05:45.731" intervalms="7.951">
  <response-info timems="0.019" idlems="0.017" threads="1" lastid="0000000001354500" lastname="Thread-8" />
</exclusive-start>
<af-start id="5659" threadId="0000000001360288" totalBytesRequested="40" timestamp="2019-07-02T23:05:45.731" intervalms="7.948" />
<cycle-start id="5660" type="global" contextid="0" timestamp="2019-07-02T23:05:45.731" intervalms="7.956" />
  <attribute name="GC Util" value="245" />
  <attribute name="CPU Util" value="8303505388543" />
  <attribute name="Time Running"value="6291"/>
  <attribute name="Number of cores"value="4"/>
<gc-start id="5661" type="global" contextid="5660" timestamp="2019-07-02T23:05:45.731">
  <mem-info id="5662" free="114568" total="15597568" percent="0">
    <mem type="tenure" free="114568" total="15597568" percent="0">
      <mem type="soa" free="0" total="15441920" percent="0" />
      <mem type="loa" free="114568" total="155648" percent="73" />
    </mem>
  </mem-info>
</gc-start>
<allocation-stats totalBytes="9401184" >
  <allocated-bytes non-tlh="0" tlh="9401184" />
  <largest-consumer threadName="Thread-8" threadId="0000000001354500" bytes="2586584" />
</allocation-stats>
<gc-op id="5663" type="mark" timems="2.084" contextid="5660" timestamp="2019-07-02T23:05:45.734">
  <trace-info objectcount="63572" scancount="55995" scanbytes="2216844" />
  <finalization candidates="124" enqueued="0" />
  <ownableSynchronizers candidates="3" cleared="0" />
  <references type="soft" candidates="84" cleared="0" enqueued="0" dynamicThreshold="19" maxThreshold="32" />
  <references type="weak" candidates="774" cleared="0" enqueued="0" />
  <references type="phantom" candidates="63" cleared="0" enqueued="0" />
  <stringconstants candidates="4574" cleared="0"  />
</gc-op>
<gc-op id="5664" type="sweep" timems="0.769" contextid="5660" timestamp="2019-07-02T23:05:45.735" />
<heap-resize id="5665" type="contract" space="tenure" amount="65536" count="1" timems="0.091" reason="excess free space following gc" timestamp="2019-07-02T23:05:45.735" />
<gc-end id="5666" type="global" contextid="5660" durationms="3.330" usertimems="8.000" systemtimems="0.000" timestamp="2019-07-02T23:05:45.735" activeThreads="4">
  <mem-info id="5667" free="9484160" total="15532032" percent="61">
    <mem type="tenure" free="9484160" total="15532032" percent="61" micro-fragmented="103154" macro-fragmented="32527">
      <mem type="soa" free="9484160" total="15377408" percent="61" />
      <mem type="loa" free="0" total="154624" percent="0" />
    </mem>
  </mem-info>
</gc-end>
<cycle-end id="5668" type="global" contextid="5660" timestamp="2019-07-02T23:05:45.735">
  <attribute name="GC Util" value="255" />
  <attribute name="CPU Util" value="8500595946132" />
  <attribute name="Time Running"value="6299"/>
  <attribute name="Number of cores"value="4"/>
</cycle-end>
<allocation-satisfied id="5669" threadId="000000000135F900" bytesRequested="40" />
<af-end id="5670" timestamp="2019-07-02T23:05:45.735" threadId="0000000001360288" success="true" />
<exclusive-end id="5671" timestamp="2019-07-02T23:05:45.735" durationms="3.905" />

<exclusive-start id="5672" timestamp="2019-07-02T23:05:45.739" intervalms="7.802">
  <response-info timems="0.023" idlems="0.023" threads="0" lastid="0000000001354500" lastname="Thread-8" />
</exclusive-start>
<af-start id="5673" threadId="0000000001354E88" totalBytesRequested="40" timestamp="2019-07-02T23:05:45.739" intervalms="7.816" />
<cycle-start id="5674" type="global" contextid="0" timestamp="2019-07-02T23:05:45.739" intervalms="7.820" />
  <attribute name="GC Util" value="255" />
  <attribute name="CPU Util" value="8500595946132" />
  <attribute name="Time Running"value="6299"/>
  <attribute name="Number of cores"value="4"/>
<gc-start id="5675" type="global" contextid="5674" timestamp="2019-07-02T23:05:45.739">
  <mem-info id="5676" free="0" total="15532032" percent="0">
    <mem type="tenure" free="0" total="15532032" percent="0">
      <mem type="soa" free="0" total="15377408" percent="0" />
      <mem type="loa" free="0" total="154624" percent="0" />
    </mem>
  </mem-info>
</gc-start>
<allocation-stats totalBytes="9472152" >
  <allocated-bytes non-tlh="0" tlh="9472152" />
  <largest-consumer threadName="Thread-8" threadId="0000000001354500" bytes="2634928" />
</allocation-stats>
<gc-op id="5677" type="mark" timems="2.223" contextid="5674" timestamp="2019-07-02T23:05:45.742">
  <trace-info objectcount="64904" scancount="57337" scanbytes="2248508" />
  <finalization candidates="124" enqueued="0" />
  <ownableSynchronizers candidates="3" cleared="0" />
  <references type="soft" candidates="84" cleared="0" enqueued="0" dynamicThreshold="19" maxThreshold="32" />
  <references type="weak" candidates="774" cleared="0" enqueued="0" />
  <references type="phantom" candidates="63" cleared="0" enqueued="0" />
  <stringconstants candidates="4574" cleared="0"  />
</gc-op>
<gc-op id="5678" type="sweep" timems="0.811" contextid="5674" timestamp="2019-07-02T23:05:45.743" />
<gc-end id="5679" type="global" contextid="5674" durationms="3.385" usertimems="8.000" systemtimems="0.000" timestamp="2019-07-02T23:05:45.743" activeThreads="4">
  <mem-info id="5680" free="9489912" total="15532032" percent="61">
    <mem type="tenure" free="9489912" total="15532032" percent="61" micro-fragmented="111939" macro-fragmented="0">
      <mem type="soa" free="9397152" total="15377408" percent="61" />
      <mem type="loa" free="92760" total="154624" percent="59" />
    </mem>
  </mem-info>
</gc-end>
<cycle-end id="5681" type="global" contextid="5674" timestamp="2019-07-02T23:05:45.743">
  <attribute name="GC Util" value="250" />
  <attribute name="CPU Util" value="7945374300894" />
  <attribute name="Time Running"value="6307"/>
  <attribute name="Number of cores"value="4"/>
</cycle-end>
<allocation-satisfied id="5682" threadId="0000000001354500" bytesRequested="40" />
<af-end id="5683" timestamp="2019-07-02T23:05:45.743" threadId="0000000001354E88" success="true" />
<exclusive-end id="5684" timestamp="2019-07-02T23:05:45.743" durationms="4.199" />

<exclusive-start id="5685" timestamp="2019-07-02T23:05:45.747" intervalms="8.307">
  <response-info timems="0.023" idlems="0.022" threads="2" lastid="0000000001354500" lastname="Thread-8" />
</exclusive-start>
<af-start id="5686" threadId="0000000001358A88" totalBytesRequested="40" timestamp="2019-07-02T23:05:45.747" intervalms="8.330" />
<cycle-start id="5687" type="global" contextid="0" timestamp="2019-07-02T23:05:45.748" intervalms="8.381" />
  <attribute name="GC Util" value="250" />
  <attribute name="CPU Util" value="7945374300894" />
  <attribute name="Time Running"value="6307"/>
  <attribute name="Number of cores"value="4"/>
<gc-start id="5688" type="global" contextid="5687" timestamp="2019-07-02T23:05:45.748">
  <mem-info id="5689" free="92760" total="15532032" percent="0">
    <mem type="tenure" free="92760" total="15532032" percent="0">
      <mem type="soa" free="0" total="15377408" percent="0" />
      <mem type="loa" free="92760" total="154624" percent="59" />
    </mem>
  </mem-info>
</gc-start>
<allocation-stats totalBytes="9380064" >
  <allocated-bytes non-tlh="0" tlh="9380064" />
  <largest-consumer threadName="Thread-8" threadId="0000000001354500" bytes="2646128" />
</allocation-stats>
<gc-op id="5690" type="mark" timems="2.230" contextid="5687" timestamp="2019-07-02T23:05:45.750">
  <trace-info objectcount="66330" scancount="58760" scanbytes="2282940" />
  <finalization candidates="124" enqueued="0" />
  <ownableSynchronizers candidates="3" cleared="0" />
  <references type="soft" candidates="84" cleared="0" enqueued="0" dynamicThreshold="19" maxThreshold="32" />
  <references type="weak" candidates="774" cleared="0" enqueued="0" />
  <references type="phantom" candidates="63" cleared="0" enqueued="0" />
  <stringconstants candidates="4574" cleared="0"  />
</gc-op>
<gc-op id="5691" type="sweep" timems="0.855" contextid="5687" timestamp="2019-07-02T23:05:45.751" />
<gc-end id="5692" type="global" contextid="5687" durationms="3.495" usertimems="8.000" systemtimems="0.000" timestamp="2019-07-02T23:05:45.751" activeThreads="4">
  <mem-info id="5693" free="9379952" total="15532032" percent="60">
    <mem type="tenure" free="9379952" total="15532032" percent="60" micro-fragmented="132573" macro-fragmented="0">
      <mem type="soa" free="9287192" total="15377408" percent="60" />
      <mem type="loa" free="92760" total="154624" percent="59" />
    </mem>
  </mem-info>
</gc-end>
<cycle-end id="5694" type="global" contextid="5687" timestamp="2019-07-02T23:05:45.751">
  <attribute name="GC Util" value="235" />
  <attribute name="CPU Util" value="7931855583414" />
  <attribute name="Time Running"value="6315"/>
  <attribute name="Number of cores"value="4"/>
</cycle-end>
<allocation-satisfied id="5695" threadId="0000000001358100" bytesRequested="40" />
<af-end id="5696" timestamp="2019-07-02T23:05:45.752" threadId="0000000001358A88" success="true" />
<exclusive-end id="5697" timestamp="2019-07-02T23:05:45.752" durationms="4.433" />

<exclusive-start id="5698" timestamp="2019-07-02T23:05:45.756" intervalms="8.386">
  <response-info timems="0.026" idlems="0.025" threads="1" lastid="000000000135BD00" lastname="Thread-10" />
</exclusive-start>
<af-start id="5699" threadId="0000000001360288" totalBytesRequested="40" timestamp="2019-07-02T23:05:45.756" intervalms="8.400" />
<cycle-start id="5700" type="global" contextid="0" timestamp="2019-07-02T23:05:45.756" intervalms="8.341" />
  <attribute name="GC Util" value="235" />
  <attribute name="CPU Util" value="7931855583414" />
  <attribute name="Time Running"value="6315"/>
  <attribute name="Number of cores"value="4"/>
<gc-start id="5701" type="global" contextid="5700" timestamp="2019-07-02T23:05:45.756">
  <mem-info id="5702" free="92760" total="15532032" percent="0">
    <mem type="tenure" free="92760" total="15532032" percent="0">
      <mem type="soa" free="0" total="15377408" percent="0" />
      <mem type="loa" free="92760" total="154624" percent="59" />
    </mem>
  </mem-info>
</gc-start>
<allocation-stats totalBytes="9266504" >
  <allocated-bytes non-tlh="0" tlh="9266504" />
  <largest-consumer threadName="Thread-8" threadId="0000000001354500" bytes="2544920" />
</allocation-stats>
<gc-op id="5703" type="mark" timems="2.083" contextid="5700" timestamp="2019-07-02T23:05:45.758">
  <trace-info objectcount="67649" scancount="60080" scanbytes="2314436" />
  <finalization candidates="124" enqueued="0" />
  <ownableSynchronizers candidates="3" cleared="0" />
  <references type="soft" candidates="84" cleared="0" enqueued="0" dynamicThreshold="19" maxThreshold="32" />
  <references type="weak" candidates="774" cleared="0" enqueued="0" />
  <references type="phantom" candidates="63" cleared="0" enqueued="0" />
  <stringconstants candidates="4574" cleared="0"  />
</gc-op>
<gc-op id="5704" type="sweep" timems="0.872" contextid="5700" timestamp="2019-07-02T23:05:45.759" />
<heap-resize id="5705" type="expand" space="tenure" amount="1048576" count="1" timems="0.058" reason="excessive time being spent in gc" timestamp="2019-07-02T23:05:45.759" />
<gc-end id="5706" type="global" contextid="5700" durationms="3.377" usertimems="8.000" systemtimems="0.000" timestamp="2019-07-02T23:05:45.759" activeThreads="4">
  <mem-info id="5707" free="10327848" total="16580608" percent="62">
    <mem type="tenure" free="10327848" total="16580608" percent="62" micro-fragmented="122412" macro-fragmented="0">
      <mem type="soa" free="10162984" total="16415744" percent="61" />
      <mem type="loa" free="164864" total="164864" percent="100" />
    </mem>
  </mem-info>
</gc-end>
<cycle-end id="5708" type="global" contextid="5700" timestamp="2019-07-02T23:05:45.760">
  <attribute name="GC Util" value="258" />
  <attribute name="CPU Util" value="8465610809789" />
  <attribute name="Time Running"value="6323"/>
  <attribute name="Number of cores"value="4"/>
</cycle-end>
<allocation-satisfied id="5709" threadId="000000000135F900" bytesRequested="40" />
<af-end id="5710" timestamp="2019-07-02T23:05:45.760" threadId="0000000001360288" success="true" />
<exclusive-end id="5711" timestamp="2019-07-02T23:05:45.760" durationms="4.006" />

<exclusive-start id="5712" timestamp="2019-07-02T23:05:45.764" intervalms="8.679">
  <response-info timems="0.023" idlems="0.023" threads="0" lastid="0000000001354500" lastname="Thread-8" />
</exclusive-start>
<af-start id="5713" threadId="0000000001354E88" totalBytesRequested="40" timestamp="2019-07-02T23:05:45.764" intervalms="8.606" />
<cycle-start id="5714" type="global" contextid="0" timestamp="2019-07-02T23:05:45.765" intervalms="8.618" />
  <attribute name="GC Util" value="258" />
  <attribute name="CPU Util" value="8465610809789" />
  <attribute name="Time Running"value="6323"/>
  <attribute name="Number of cores"value="4"/>
<gc-start id="5715" type="global" contextid="5714" timestamp="2019-07-02T23:05:45.765">
  <mem-info id="5716" free="164864" total="16580608" percent="0">
    <mem type="tenure" free="164864" total="16580608" percent="0">
      <mem type="soa" free="0" total="16415744" percent="0" />
      <mem type="loa" free="164864" total="164864" percent="100" />
    </mem>
  </mem-info>
</gc-start>
<allocation-stats totalBytes="10139000" >
  <allocated-bytes non-tlh="0" tlh="10139000" />
  <largest-consumer threadName="Thread-7" threadId="0000000001358100" bytes="2672760" />
</allocation-stats>
<gc-op id="5717" type="mark" timems="2.302" contextid="5714" timestamp="2019-07-02T23:05:45.767">
  <trace-info objectcount="69820" scancount="62251" scanbytes="2366812" />
  <finalization candidates="124" enqueued="0" />
  <ownableSynchronizers candidates="3" cleared="0" />
  <references type="soft" candidates="84" cleared="0" enqueued="0" dynamicThreshold="19" maxThreshold="32" />
  <references type="weak" candidates="774" cleared="0" enqueued="0" />
  <references type="phantom" candidates="63" cleared="0" enqueued="0" />
  <stringconstants candidates="4574" cleared="0"  />
</gc-op>
<gc-op id="5718" type="sweep" timems="0.902" contextid="5714" timestamp="2019-07-02T23:05:45.768" />
<gc-end id="5719" type="global" contextid="5714" durationms="3.706" usertimems="8.000" systemtimems="0.000" timestamp="2019-07-02T23:05:45.768" activeThreads="4">
  <mem-info id="5720" free="10225440" total="16580608" percent="61">
    <mem type="tenure" free="10225440" total="16580608" percent="61" micro-fragmented="214163" macro-fragmented="0">
      <mem type="soa" free="10060576" total="16415744" percent="61" />
      <mem type="loa" free="164864" total="164864" percent="100" />
    </mem>
  </mem-info>
</gc-end>
<cycle-end id="5721" type="global" contextid="5714" timestamp="2019-07-02T23:05:45.769">
  <attribute name="GC Util" value="229" />
  <attribute name="CPU Util" value="7684337402205" />
  <attribute name="Time Running"value="6332"/>
  <attribute name="Number of cores"value="4"/>
</cycle-end>
<allocation-satisfied id="5722" threadId="0000000001354500" bytesRequested="40" />
<af-end id="5723" timestamp="2019-07-02T23:05:45.769" threadId="0000000001354E88" success="true" />
<exclusive-end id="5724" timestamp="2019-07-02T23:05:45.769" durationms="4.580" />

<exclusive-start id="5725" timestamp="2019-07-02T23:05:45.774" intervalms="9.238">
  <response-info timems="0.024" idlems="0.024" threads="0" lastid="0000000001358100" lastname="Thread-7" />
</exclusive-start>
<af-start id="5726" threadId="0000000001358A88" totalBytesRequested="24" timestamp="2019-07-02T23:05:45.774" intervalms="9.324" />
<cycle-start id="5727" type="global" contextid="0" timestamp="2019-07-02T23:05:45.774" intervalms="9.401" />
  <attribute name="GC Util" value="229" />
  <attribute name="CPU Util" value="7684337402205" />
  <attribute name="Time Running"value="6332"/>
  <attribute name="Number of cores"value="4"/>
<gc-start id="5728" type="global" contextid="5727" timestamp="2019-07-02T23:05:45.774">
  <mem-info id="5729" free="164864" total="16580608" percent="0">
    <mem type="tenure" free="164864" total="16580608" percent="0">
      <mem type="soa" free="0" total="16415744" percent="0" />
      <mem type="loa" free="164864" total="164864" percent="100" />
    </mem>
  </mem-info>
</gc-start>
<allocation-stats totalBytes="10034144" >
  <allocated-bytes non-tlh="0" tlh="10034144" />
  <largest-consumer threadName="Thread-9" threadId="000000000135F900" bytes="2791848" />
</allocation-stats>
<gc-op id="5730" type="mark" timems="2.343" contextid="5727" timestamp="2019-07-02T23:05:45.777">
  <trace-info objectcount="71819" scancount="64250" scanbytes="2414836" />
  <finalization candidates="124" enqueued="0" />
  <ownableSynchronizers candidates="3" cleared="0" />
  <references type="soft" candidates="84" cleared="0" enqueued="0" dynamicThreshold="19" maxThreshold="32" />
  <references type="weak" candidates="774" cleared="0" enqueued="0" />
  <references type="phantom" candidates="63" cleared="0" enqueued="0" />
  <stringconstants candidates="4574" cleared="0"  />
</gc-op>
<gc-op id="5731" type="sweep" timems="0.960" contextid="5727" timestamp="2019-07-02T23:05:45.778" />
<gc-end id="5732" type="global" contextid="5727" durationms="3.809" usertimems="8.000" systemtimems="0.000" timestamp="2019-07-02T23:05:45.778" activeThreads="4">
  <mem-info id="5733" free="10073320" total="16580608" percent="60">
    <mem type="tenure" free="10073320" total="16580608" percent="60" micro-fragmented="284983" macro-fragmented="0">
      <mem type="soa" free="9908456" total="16415744" percent="60" />
      <mem type="loa" free="164864" total="164864" percent="100" />
    </mem>
  </mem-info>
</gc-end>
<cycle-end id="5734" type="global" contextid="5727" timestamp="2019-07-02T23:05:45.778">
  <attribute name="GC Util" value="249" />
  <attribute name="CPU Util" value="7553383071521" />
  <attribute name="Time Running"value="6342"/>
  <attribute name="Number of cores"value="4"/>
</cycle-end>
<allocation-satisfied id="5735" threadId="0000000001358100" bytesRequested="24" />
<af-end id="5736" timestamp="2019-07-02T23:05:45.778" threadId="0000000001358A88" success="true" />
<exclusive-end id="5737" timestamp="2019-07-02T23:05:45.778" durationms="4.802" />

<exclusive-start id="5738" timestamp="2019-07-02T23:05:45.783" intervalms="9.622">
  <response-info timems="0.024" idlems="0.024" threads="0" lastid="0000000001358100" lastname="Thread-7" />
</exclusive-start>
<af-start id="5739" threadId="0000000001358A88" totalBytesRequested="40" timestamp="2019-07-02T23:05:45.783" intervalms="9.569" />
<cycle-start id="5740" type="global" contextid="0" timestamp="2019-07-02T23:05:45.783" intervalms="9.481" />
  <attribute name="GC Util" value="249" />
  <attribute name="CPU Util" value="7553383071521" />
  <attribute name="Time Running"value="6342"/>
  <attribute name="Number of cores"value="4"/>
<gc-start id="5741" type="global" contextid="5740" timestamp="2019-07-02T23:05:45.784">
  <mem-info id="5742" free="164864" total="16580608" percent="0">
    <mem type="tenure" free="164864" total="16580608" percent="0">
      <mem type="soa" free="0" total="16415744" percent="0" />
      <mem type="loa" free="164864" total="164864" percent="100" />
    </mem>
  </mem-info>
</gc-start>
<allocation-stats totalBytes="9877936" >
  <allocated-bytes non-tlh="19056" tlh="9858880" />
  <largest-consumer threadName="Thread-7" threadId="0000000001358100" bytes="2627592" />
</allocation-stats>
<gc-op id="5743" type="mark" timems="2.262" contextid="5740" timestamp="2019-07-02T23:05:45.786">
  <trace-info objectcount="68728" scancount="61145" scanbytes="2341084" />
  <finalization candidates="124" enqueued="0" />
  <ownableSynchronizers candidates="3" cleared="0" />
  <references type="soft" candidates="84" cleared="0" enqueued="0" dynamicThreshold="19" maxThreshold="32" />
  <references type="weak" candidates="774" cleared="0" enqueued="0" />
  <references type="phantom" candidates="63" cleared="0" enqueued="0" />
  <stringconstants candidates="4574" cleared="0"  />
</gc-op>
<gc-op id="5744" type="sweep" timems="0.893" contextid="5740" timestamp="2019-07-02T23:05:45.787" />
<heap-resize id="5745" type="contract" space="tenure" amount="131072" count="1" timems="0.060" reason="excess free space following gc" timestamp="2019-07-02T23:05:45.787" />
<gc-end id="5746" type="global" contextid="5740" durationms="3.687" usertimems="0.000" systemtimems="8.000" timestamp="2019-07-02T23:05:45.787" activeThreads="4">
  <mem-info id="5747" free="10053640" total="16449536" percent="61">
    <mem type="tenure" free="10053640" total="16449536" percent="61" micro-fragmented="291282" macro-fragmented="21064">
      <mem type="soa" free="10053640" total="16285696" percent="61" />
      <mem type="loa" free="0" total="163840" percent="0" />
    </mem>
  </mem-info>
</gc-end>
<cycle-end id="5748" type="global" contextid="5740" timestamp="2019-07-02T23:05:45.787">
  <attribute name="GC Util" value="258" />
  <attribute name="CPU Util" value="7836070096959" />
  <attribute name="Time Running"value="6351"/>
  <attribute name="Number of cores"value="4"/>
</cycle-end>
<allocation-satisfied id="5749" threadId="0000000001358100" bytesRequested="40" />
<af-end id="5750" timestamp="2019-07-02T23:05:45.788" threadId="0000000001358A88" success="true" />
<exclusive-end id="5751" timestamp="2019-07-02T23:05:45.788" durationms="4.516" />

<exclusive-start id="5752" timestamp="2019-07-02T23:05:45.792" intervalms="9.160">
  <response-info timems="0.026" idlems="0.026" threads="0" lastid="000000000135BD00" lastname="Thread-10" />
</exclusive-start>
<af-start id="5753" threadId="000000000135C688" totalBytesRequested="40" timestamp="2019-07-02T23:05:45.793" intervalms="9.165" />
<cycle-start id="5754" type="global" contextid="0" timestamp="2019-07-02T23:05:45.793" intervalms="9.181" />
  <attribute name="GC Util" value="258" />
  <attribute name="CPU Util" value="7836070096959" />
  <attribute name="Time Running"value="6351"/>
  <attribute name="Number of cores"value="4"/>
<gc-start id="5755" type="global" contextid="5754" timestamp="2019-07-02T23:05:45.793">
  <mem-info id="5756" free="0" total="16449536" percent="0">
    <mem type="tenure" free="0" total="16449536" percent="0">
      <mem type="soa" free="0" total="16285696" percent="0" />
      <mem type="loa" free="0" total="163840" percent="0" />
    </mem>
  </mem-info>
</gc-start>
<allocation-stats totalBytes="10030264" >
  <allocated-bytes non-tlh="0" tlh="10030264" />
  <largest-consumer threadName="Thread-9" threadId="000000000135F900" bytes="2706896" />
</allocation-stats>
<gc-op id="5757" type="mark" timems="1.450" contextid="5754" timestamp="2019-07-02T23:05:45.794">
  <trace-info objectcount="70131" scancount="62563" scanbytes="2374188" />
  <finalization candidates="124" enqueued="0" />
  <ownableSynchronizers candidates="3" cleared="0" />
  <references type="soft" candidates="84" cleared="0" enqueued="0" dynamicThreshold="19" maxThreshold="32" />
  <references type="weak" candidates="774" cleared="0" enqueued="0" />
  <references type="phantom" candidates="63" cleared="0" enqueued="0" />
  <stringconstants candidates="4574" cleared="0"  />
</gc-op>
<gc-op id="5758" type="sweep" timems="0.436" contextid="5754" timestamp="2019-07-02T23:05:45.795" />
<gc-end id="5759" type="global" contextid="5754" durationms="2.311" usertimems="0.000" systemtimems="4.000" timestamp="2019-07-02T23:05:45.795" activeThreads="4">
  <mem-info id="5760" free="9980888" total="16449536" percent="60">
    <mem type="tenure" free="9980888" total="16449536" percent="60" micro-fragmented="112097" macro-fragmented="14107">
      <mem type="soa" free="9904728" total="16285696" percent="60" />
      <mem type="loa" free="76160" total="163840" percent="46" />
    </mem>
  </mem-info>
</gc-end>
<cycle-end id="5761" type="global" contextid="5754" timestamp="2019-07-02T23:05:45.795">
  <attribute name="GC Util" value="179" />
  <attribute name="CPU Util" value="11967672968858" />
  <attribute name="Time Running"value="6359"/>
  <attribute name="Number of cores"value="4"/>
</cycle-end>
<allocation-satisfied id="5762" threadId="000000000135BD00" bytesRequested="40" />
<af-end id="5763" timestamp="2019-07-02T23:05:45.795" threadId="000000000135C688" success="true" />
<exclusive-end id="5764" timestamp="2019-07-02T23:05:45.795" durationms="3.003" />

<exclusive-start id="5765" timestamp="2019-07-02T23:05:45.800" intervalms="7.624">
  <response-info timems="0.025" idlems="0.024" threads="1" lastid="000000000135BD00" lastname="Thread-10" />
</exclusive-start>
<af-start id="5766" threadId="0000000001360288" totalBytesRequested="40" timestamp="2019-07-02T23:05:45.800" intervalms="7.647" />
<cycle-start id="5767" type="global" contextid="0" timestamp="2019-07-02T23:05:45.800" intervalms="7.630" />
  <attribute name="GC Util" value="179" />
  <attribute name="CPU Util" value="11967672968858" />
  <attribute name="Time Running"value="6359"/>
  <attribute name="Number of cores"value="4"/>
<gc-start id="5768" type="global" contextid="5767" timestamp="2019-07-02T23:05:45.800">
  <mem-info id="5769" free="76160" total="16449536" percent="0">
    <mem type="tenure" free="76160" total="16449536" percent="0">
      <mem type="soa" free="0" total="16285696" percent="0" />
      <mem type="loa" free="76160" total="163840" percent="46" />
    </mem>
  </mem-info>
</gc-start>
<allocation-stats totalBytes="9878368" >
  <allocated-bytes non-tlh="0" tlh="9878368" />
  <largest-consumer threadName="Thread-8" threadId="0000000001354500" bytes="2630416" />
</allocation-stats>
<gc-op id="5770" type="mark" timems="2.332" contextid="5767" timestamp="2019-07-02T23:05:45.803">
  <trace-info objectcount="71657" scancount="64080" scanbytes="2410996" />
  <finalization candidates="124" enqueued="0" />
  <ownableSynchronizers candidates="3" cleared="0" />
  <references type="soft" candidates="84" cleared="0" enqueued="0" dynamicThreshold="19" maxThreshold="32" />
  <references type="weak" candidates="774" cleared="0" enqueued="0" />
  <references type="phantom" candidates="63" cleared="0" enqueued="0" />
  <stringconstants candidates="4574" cleared="0"  />
</gc-op>
<gc-op id="5771" type="sweep" timems="0.945" contextid="5767" timestamp="2019-07-02T23:05:45.804" />
<heap-resize id="5772" type="expand" space="tenure" amount="1048576" count="1" timems="0.067" reason="excessive time being spent in gc" timestamp="2019-07-02T23:05:45.804" />
<gc-end id="5773" type="global" contextid="5767" durationms="3.715" usertimems="12.000" systemtimems="0.000" timestamp="2019-07-02T23:05:45.804" activeThreads="4">
  <mem-info id="5774" free="10862024" total="17498112" percent="62">
    <mem type="tenure" free="10862024" total="17498112" percent="62" micro-fragmented="361777" macro-fragmented="0">
      <mem type="soa" free="10687944" total="17324032" percent="61" />
      <mem type="loa" free="174080" total="174080" percent="100" />
    </mem>
  </mem-info>
</gc-end>
<cycle-end id="5775" type="global" contextid="5767" timestamp="2019-07-02T23:05:45.804">
  <attribute name="GC Util" value="251" />
  <attribute name="CPU Util" value="7623421519715" />
  <attribute name="Time Running"value="6368"/>
  <attribute name="Number of cores"value="4"/>
</cycle-end>
<allocation-satisfied id="5776" threadId="000000000135F900" bytesRequested="40" />
<af-end id="5777" timestamp="2019-07-02T23:05:45.804" threadId="0000000001360288" success="true" />
<exclusive-end id="5778" timestamp="2019-07-02T23:05:45.804" durationms="4.316" />

<exclusive-start id="5779" timestamp="2019-07-02T23:05:45.809" intervalms="9.351">
  <response-info timems="0.034" idlems="0.034" threads="1" lastid="000000000135F900" lastname="Thread-9" />
</exclusive-start>
<af-start id="5780" threadId="0000000001358A88" totalBytesRequested="40" timestamp="2019-07-02T23:05:45.810" intervalms="9.346" />
<cycle-start id="5781" type="global" contextid="0" timestamp="2019-07-02T23:05:45.810" intervalms="9.364" />
  <attribute name="GC Util" value="251" />
  <attribute name="CPU Util" value="7623421519715" />
  <attribute name="Time Running"value="6368"/>
  <attribute name="Number of cores"value="4"/>
<gc-start id="5782" type="global" contextid="5781" timestamp="2019-07-02T23:05:45.810">
  <mem-info id="5783" free="174080" total="17498112" percent="0">
    <mem type="tenure" free="174080" total="17498112" percent="0">
      <mem type="soa" free="0" total="17324032" percent="0" />
      <mem type="loa" free="174080" total="174080" percent="100" />
    </mem>
  </mem-info>
</gc-start>
<allocation-stats totalBytes="10657640" >
  <allocated-bytes non-tlh="19056" tlh="10638584" />
  <largest-consumer threadName="Thread-8" threadId="0000000001354500" bytes="2962336" />
</allocation-stats>
<gc-op id="5784" type="mark" timems="2.018" contextid="5781" timestamp="2019-07-02T23:05:45.812">
  <trace-info objectcount="68387" scancount="60818" scanbytes="2332204" />
  <finalization candidates="124" enqueued="0" />
  <ownableSynchronizers candidates="3" cleared="0" />
  <references type="soft" candidates="84" cleared="0" enqueued="0" dynamicThreshold="19" maxThreshold="32" />
  <references type="weak" candidates="774" cleared="0" enqueued="0" />
  <references type="phantom" candidates="63" cleared="0" enqueued="0" />
  <stringconstants candidates="4574" cleared="0"  />
</gc-op>
<gc-op id="5785" type="sweep" timems="0.911" contextid="5781" timestamp="2019-07-02T23:05:45.813" />
<gc-end id="5786" type="global" contextid="5781" durationms="3.386" usertimems="4.000" systemtimems="0.000" timestamp="2019-07-02T23:05:45.813" activeThreads="4">
  <mem-info id="5787" free="11223480" total="17498112" percent="64">
    <mem type="tenure" free="11223480" total="17498112" percent="64" micro-fragmented="233588" macro-fragmented="29985">
      <mem type="soa" free="11049400" total="17324032" percent="63" />
      <mem type="loa" free="174080" total="174080" percent="100" />
    </mem>
  </mem-info>
</gc-end>
<cycle-end id="5788" type="global" contextid="5781" timestamp="2019-07-02T23:05:45.813">
  <attribute name="GC Util" value="240" />
  <attribute name="CPU Util" value="8714184627308" />
  <attribute name="Time Running"value="6377"/>
  <attribute name="Number of cores"value="4"/>
</cycle-end>
<allocation-satisfied id="5789" threadId="0000000001358100" bytesRequested="40" />
<af-end id="5790" timestamp="2019-07-02T23:05:45.814" threadId="0000000001358A88" success="true" />
<exclusive-end id="5791" timestamp="2019-07-02T23:05:45.814" durationms="4.221" />

<exclusive-start id="5792" timestamp="2019-07-02T23:05:45.819" intervalms="9.445">
  <response-info timems="0.024" idlems="0.024" threads="0" lastid="000000000135F900" lastname="Thread-9" />
</exclusive-start>
<af-start id="5793" threadId="0000000001360288" totalBytesRequested="136" timestamp="2019-07-02T23:05:45.819" intervalms="9.416" />
<cycle-start id="5794" type="global" contextid="0" timestamp="2019-07-02T23:05:45.819" intervalms="9.399" />
  <attribute name="GC Util" value="240" />
  <attribute name="CPU Util" value="8714184627308" />
  <attribute name="Time Running"value="6377"/>
  <attribute name="Number of cores"value="4"/>
<gc-start id="5795" type="global" contextid="5794" timestamp="2019-07-02T23:05:45.819">
  <mem-info id="5796" free="174080" total="17498112" percent="0">
    <mem type="tenure" free="174080" total="17498112" percent="0">
      <mem type="soa" free="0" total="17324032" percent="0" />
      <mem type="loa" free="174080" total="174080" percent="100" />
    </mem>
  </mem-info>
</gc-start>
<allocation-stats totalBytes="11027800" >
  <allocated-bytes non-tlh="19056" tlh="11008744" />
  <largest-consumer threadName="Thread-7" threadId="0000000001358100" bytes="3014336" />
</allocation-stats>
<gc-op id="5797" type="mark" timems="2.373" contextid="5794" timestamp="2019-07-02T23:05:45.822">
  <trace-info objectcount="65485" scancount="57913" scanbytes="2262492" />
  <finalization candidates="124" enqueued="0" />
  <ownableSynchronizers candidates="3" cleared="0" />
  <references type="soft" candidates="84" cleared="0" enqueued="0" dynamicThreshold="20" maxThreshold="32" />
  <references type="weak" candidates="774" cleared="0" enqueued="0" />
  <references type="phantom" candidates="63" cleared="0" enqueued="0" />
  <stringconstants candidates="4574" cleared="0"  />
</gc-op>
<gc-op id="5798" type="sweep" timems="0.853" contextid="5794" timestamp="2019-07-02T23:05:45.823" />
<gc-end id="5799" type="global" contextid="5794" durationms="3.568" usertimems="4.000" systemtimems="4.000" timestamp="2019-07-02T23:05:45.823" activeThreads="4">
  <mem-info id="5800" free="11424184" total="17498112" percent="65">
    <mem type="tenure" free="11424184" total="17498112" percent="65" micro-fragmented="149104" macro-fragmented="40342">
      <mem type="soa" free="11250104" total="17324032" percent="64" />
      <mem type="loa" free="174080" total="174080" percent="100" />
    </mem>
  </mem-info>
</gc-end>
<cycle-end id="5801" type="global" contextid="5794" timestamp="2019-07-02T23:05:45.823">
  <attribute name="GC Util" value="246" />
  <attribute name="CPU Util" value="7507013368534" />
  <attribute name="Time Running"value="6387"/>
  <attribute name="Number of cores"value="4"/>
</cycle-end>
<allocation-satisfied id="5802" threadId="000000000135F900" bytesRequested="136" />
<af-end id="5803" timestamp="2019-07-02T23:05:45.823" threadId="0000000001360288" success="true" />
<exclusive-end id="5804" timestamp="2019-07-02T23:05:45.823" durationms="4.156" />

<exclusive-start id="5805" timestamp="2019-07-02T23:05:45.829" intervalms="9.706">
  <response-info timems="0.025" idlems="0.025" threads="0" lastid="0000000001358100" lastname="Thread-7" />
</exclusive-start>
<af-start id="5806" threadId="0000000001358A88" totalBytesRequested="40" timestamp="2019-07-02T23:05:45.829" intervalms="9.710" />
<cycle-start id="5807" type="global" contextid="0" timestamp="2019-07-02T23:05:45.829" intervalms="9.714" />
  <attribute name="GC Util" value="246" />
  <attribute name="CPU Util" value="7507013368534" />
  <attribute name="Time Running"value="6387"/>
  <attribute name="Number of cores"value="4"/>
<gc-start id="5808" type="global" contextid="5807" timestamp="2019-07-02T23:05:45.829">
  <mem-info id="5809" free="174080" total="17498112" percent="0">
    <mem type="tenure" free="174080" total="17498112" percent="0">
      <mem type="soa" free="0" total="17324032" percent="0" />
      <mem type="loa" free="174080" total="174080" percent="100" />
    </mem>
  </mem-info>
</gc-start>
<allocation-stats totalBytes="11232184" >
  <allocated-bytes non-tlh="0" tlh="11232184" />
  <largest-consumer threadName="Thread-9" threadId="000000000135F900" bytes="3327008" />
</allocation-stats>
<gc-op id="5810" type="mark" timems="2.329" contextid="5807" timestamp="2019-07-02T23:05:45.831">
  <trace-info objectcount="67455" scancount="59881" scanbytes="2309572" />
  <finalization candidates="124" enqueued="0" />
  <ownableSynchronizers candidates="3" cleared="0" />
  <references type="soft" candidates="84" cleared="0" enqueued="0" dynamicThreshold="20" maxThreshold="32" />
  <references type="weak" candidates="774" cleared="0" enqueued="0" />
  <references type="phantom" candidates="63" cleared="0" enqueued="0" />
  <stringconstants candidates="4574" cleared="0"  />
</gc-op>
<gc-op id="5811" type="sweep" timems="0.893" contextid="5807" timestamp="2019-07-02T23:05:45.832" />
<heap-resize id="5812" type="contract" space="tenure" amount="131072" count="1" timems="0.057" reason="excess free space following gc" timestamp="2019-07-02T23:05:45.832" />
<gc-end id="5813" type="global" contextid="5807" durationms="3.756" usertimems="8.000" systemtimems="0.000" timestamp="2019-07-02T23:05:45.833" activeThreads="4">
  <mem-info id="5814" free="10990600" total="17367040" percent="63">
    <mem type="tenure" free="10990600" total="17367040" percent="63" micro-fragmented="174096" macro-fragmented="27039">
      <mem type="soa" free="10990600" total="17193984" percent="63" />
      <mem type="loa" free="0" total="173056" percent="0" />
    </mem>
  </mem-info>
</gc-end>
<cycle-end id="5815" type="global" contextid="5807" timestamp="2019-07-02T23:05:45.833">
  <attribute name="GC Util" value="253" />
  <attribute name="CPU Util" value="7626554407083" />
  <attribute name="Time Running"value="6396"/>
  <attribute name="Number of cores"value="4"/>
</cycle-end>
<allocation-satisfied id="5816" threadId="0000000001358100" bytesRequested="40" />
<af-end id="5817" timestamp="2019-07-02T23:05:45.833" threadId="0000000001358A88" success="true" />
<exclusive-end id="5818" timestamp="2019-07-02T23:05:45.833" durationms="4.530" />

<exclusive-start id="5819" timestamp="2019-07-02T23:05:45.839" intervalms="10.336">
  <response-info timems="0.021" idlems="0.021" threads="0" lastid="0000000001358100" lastname="Thread-7" />
</exclusive-start>
<af-start id="5820" threadId="0000000001358A88" totalBytesRequested="40" timestamp="2019-07-02T23:05:45.839" intervalms="10.383" />
<cycle-start id="5821" type="global" contextid="0" timestamp="2019-07-02T23:05:45.839" intervalms="10.385" />
  <attribute name="GC Util" value="253" />
  <attribute name="CPU Util" value="7626554407083" />
  <attribute name="Time Running"value="6396"/>
  <attribute name="Number of cores"value="4"/>
<gc-start id="5822" type="global" contextid="5821" timestamp="2019-07-02T23:05:45.839">
  <mem-info id="5823" free="0" total="17367040" percent="0">
    <mem type="tenure" free="0" total="17367040" percent="0">
      <mem type="soa" free="0" total="17193984" percent="0" />
      <mem type="loa" free="0" total="173056" percent="0" />
    </mem>
  </mem-info>
</gc-start>
<allocation-stats totalBytes="10970696" >
  <allocated-bytes non-tlh="0" tlh="10970696" />
  <largest-consumer threadName="Thread-9" threadId="000000000135F900" bytes="2926856" />
</allocation-stats>
<gc-op id="5824" type="mark" timems="1.954" contextid="5821" timestamp="2019-07-02T23:05:45.841">
  <trace-info objectcount="69130" scancount="61570" scanbytes="2350244" />
  <finalization candidates="124" enqueued="0" />
  <ownableSynchronizers candidates="3" cleared="0" />
  <references type="soft" candidates="84" cleared="0" enqueued="0" dynamicThreshold="20" maxThreshold="32" />
  <references type="weak" candidates="774" cleared="0" enqueued="0" />
  <references type="phantom" candidates="63" cleared="0" enqueued="0" />
  <stringconstants candidates="4574" cleared="0"  />
</gc-op>
<gc-op id="5825" type="sweep" timems="0.879" contextid="5821" timestamp="2019-07-02T23:05:45.842" />
<mem-info id="5826" free="10843352" total="17367040" percent="62">
  <mem type="tenure" free="10843352" total="17367040" percent="62" micro-fragmented="223838" macro-fragmented="21239">
    <mem type="soa" free="10843352" total="17193984" percent="63" />
    <mem type="loa" free="0" total="173056" percent="0" />
  </mem>
</mem-info>
<gc-op id="5827" type="compact" timems="5.655" contextid="5821" timestamp="2019-07-02T23:05:45.848">
  <compact-info movecount="29373" movebytes="1255528" reason="compact to aid heap contraction" />
</gc-op>
<heap-resize id="5828" type="contract" space="tenure" amount="131072" count="1" timems="0.077" reason="excess free space following gc" timestamp="2019-07-02T23:05:45.848" />
<gc-end id="5829" type="global" contextid="5821" durationms="9.382" usertimems="12.000" systemtimems="4.000" timestamp="2019-07-02T23:05:45.849" activeThreads="4">
  <mem-info id="5830" free="11308824" total="17235968" percent="65">
    <mem type="tenure" free="11308824" total="17235968" percent="65">
      <mem type="soa" free="11178776" total="17063936" percent="65" />
      <mem type="loa" free="130048" total="172032" percent="75" />
    </mem>
  </mem-info>
</gc-end>
<cycle-end id="5831" type="global" contextid="5821" timestamp="2019-07-02T23:05:45.849">
  <attribute name="GC Util" value="135" />
  <attribute name="CPU Util" value="17034498616583" />
  <attribute name="Time Running"value="6407"/>
  <attribute name="Number of cores"value="4"/>
</cycle-end>
<allocation-satisfied id="5832" threadId="0000000001358100" bytesRequested="40" />
<af-end id="5833" timestamp="2019-07-02T23:05:45.849" threadId="0000000001358A88" success="true" />
<exclusive-end id="5834" timestamp="2019-07-02T23:05:45.849" durationms="10.192" />

<exclusive-start id="5835" timestamp="2019-07-02T23:05:45.854" intervalms="15.468">
  <response-info timems="0.024" idlems="0.024" threads="0" lastid="000000000135BD00" lastname="Thread-10" />
</exclusive-start>
<af-start id="5836" threadId="000000000135C688" totalBytesRequested="24" timestamp="2019-07-02T23:05:45.854" intervalms="15.430" />
<cycle-start id="5837" type="global" contextid="0" timestamp="2019-07-02T23:05:45.855" intervalms="15.429" />
  <attribute name="GC Util" value="135" />
  <attribute name="CPU Util" value="17034498616583" />
  <attribute name="Time Running"value="6407"/>
  <attribute name="Number of cores"value="4"/>
<gc-start id="5838" type="global" contextid="5837" timestamp="2019-07-02T23:05:45.855">
  <mem-info id="5839" free="130048" total="17235968" percent="0">
    <mem type="tenure" free="130048" total="17235968" percent="0">
      <mem type="soa" free="0" total="17063936" percent="0" />
      <mem type="loa" free="130048" total="172032" percent="75" />
    </mem>
  </mem-info>
</gc-start>
<allocation-stats totalBytes="11244160" >
  <allocated-bytes non-tlh="0" tlh="11244160" />
  <largest-consumer threadName="Thread-9" threadId="000000000135F900" bytes="3244032" />
</allocation-stats>
<gc-op id="5840" type="mark" timems="1.184" contextid="5837" timestamp="2019-07-02T23:05:45.856">
  <trace-info objectcount="70725" scancount="63153" scanbytes="2389012" />
  <finalization candidates="124" enqueued="0" />
  <ownableSynchronizers candidates="3" cleared="0" />
  <references type="soft" candidates="84" cleared="0" enqueued="0" dynamicThreshold="20" maxThreshold="32" />
  <references type="weak" candidates="774" cleared="0" enqueued="0" />
  <references type="phantom" candidates="63" cleared="0" enqueued="0" />
  <stringconstants candidates="4574" cleared="0"  />
</gc-op>
<gc-op id="5841" type="sweep" timems="0.337" contextid="5837" timestamp="2019-07-02T23:05:45.857" />
<heap-resize id="5842" type="contract" space="tenure" amount="131072" count="1" timems="0.078" reason="excess free space following gc" timestamp="2019-07-02T23:05:45.857" />
<gc-end id="5843" type="global" contextid="5837" durationms="2.341" usertimems="4.000" systemtimems="0.000" timestamp="2019-07-02T23:05:45.857" activeThreads="4">
  <mem-info id="5844" free="11123432" total="17104896" percent="65">
    <mem type="tenure" free="11123432" total="17104896" percent="65" micro-fragmented="7371" macro-fragmented="65664">
      <mem type="soa" free="11054224" total="16933888" percent="65" />
      <mem type="loa" free="69208" total="171008" percent="40" />
    </mem>
  </mem-info>
</gc-end>
<cycle-end id="5845" type="global" contextid="5837" timestamp="2019-07-02T23:05:45.857">
  <attribute name="GC Util" value="195" />
  <attribute name="CPU Util" value="14085343787497" />
  <attribute name="Time Running"value="6421"/>
  <attribute name="Number of cores"value="4"/>
</cycle-end>
<allocation-satisfied id="5846" threadId="000000000135BD00" bytesRequested="24" />
<af-end id="5847" timestamp="2019-07-02T23:05:45.857" threadId="000000000135C688" success="true" />
<exclusive-end id="5848" timestamp="2019-07-02T23:05:45.857" durationms="2.987" />

<exclusive-start id="5849" timestamp="2019-07-02T23:05:45.863" intervalms="8.200">
  <response-info timems="0.022" idlems="0.022" threads="0" lastid="000000000135BD00" lastname="Thread-10" />
</exclusive-start>
<af-start id="5850" threadId="000000000135C688" totalBytesRequested="40" timestamp="2019-07-02T23:05:45.863" intervalms="8.192" />
<cycle-start id="5851" type="global" contextid="0" timestamp="2019-07-02T23:05:45.863" intervalms="8.185" />
  <attribute name="GC Util" value="195" />
  <attribute name="CPU Util" value="14085343787497" />
  <attribute name="Time Running"value="6421"/>
  <attribute name="Number of cores"value="4"/>
<gc-start id="5852" type="global" contextid="5851" timestamp="2019-07-02T23:05:45.863">
  <mem-info id="5853" free="69208" total="17104896" percent="0">
    <mem type="tenure" free="69208" total="17104896" percent="0">
      <mem type="soa" free="0" total="16933888" percent="0" />
      <mem type="loa" free="69208" total="171008" percent="40" />
    </mem>
  </mem-info>
</gc-start>
<allocation-stats totalBytes="11050688" >
  <allocated-bytes non-tlh="0" tlh="11050688" />
  <largest-consumer threadName="Thread-9" threadId="000000000135F900" bytes="3125504" />
</allocation-stats>
<gc-op id="5854" type="mark" timems="1.189" contextid="5851" timestamp="2019-07-02T23:05:45.864">
  <trace-info objectcount="71882" scancount="64320" scanbytes="2415900" />
  <finalization candidates="124" enqueued="0" />
  <ownableSynchronizers candidates="3" cleared="0" />
  <references type="soft" candidates="84" cleared="0" enqueued="0" dynamicThreshold="20" maxThreshold="32" />
  <references type="weak" candidates="774" cleared="0" enqueued="0" />
  <references type="phantom" candidates="63" cleared="0" enqueued="0" />
  <stringconstants candidates="4574" cleared="0"  />
</gc-op>
<gc-op id="5855" type="sweep" timems="0.302" contextid="5851" timestamp="2019-07-02T23:05:45.865" />
<heap-resize id="5856" type="contract" space="tenure" amount="65536" count="1" timems="0.053" reason="excess free space following gc" timestamp="2019-07-02T23:05:45.865" />
<gc-end id="5857" type="global" contextid="5851" durationms="2.101" usertimems="4.000" systemtimems="0.000" timestamp="2019-07-02T23:05:45.865" activeThreads="4">
  <mem-info id="5858" free="10951104" total="17039360" percent="64">
    <mem type="tenure" free="10951104" total="17039360" percent="64" micro-fragmented="3072" macro-fragmented="0">
      <mem type="soa" free="10951104" total="16869376" percent="64" />
      <mem type="loa" free="0" total="169984" percent="0" />
    </mem>
  </mem-info>
</gc-end>
<cycle-end id="5859" type="global" contextid="5851" timestamp="2019-07-02T23:05:45.865">
  <attribute name="GC Util" value="206" />
  <attribute name="CPU Util" value="14731126433565" />
  <attribute name="Time Running"value="6429"/>
  <attribute name="Number of cores"value="4"/>
</cycle-end>
<allocation-satisfied id="5860" threadId="000000000135BD00" bytesRequested="40" />
<af-end id="5861" timestamp="2019-07-02T23:05:45.865" threadId="000000000135C688" success="true" />
<exclusive-end id="5862" timestamp="2019-07-02T23:05:45.865" durationms="2.735" />

<exclusive-start id="5863" timestamp="2019-07-02T23:05:45.871" intervalms="8.448">
  <response-info timems="0.025" idlems="0.025" threads="0" lastid="000000000135BD00" lastname="Thread-10" />
</exclusive-start>
<af-start id="5864" threadId="000000000135C688" totalBytesRequested="40" timestamp="2019-07-02T23:05:45.871" intervalms="8.446" />
<cycle-start id="5865" type="global" contextid="0" timestamp="2019-07-02T23:05:45.871" intervalms="8.446" />
  <attribute name="GC Util" value="206" />
  <attribute name="CPU Util" value="14731126433565" />
  <attribute name="Time Running"value="6429"/>
  <attribute name="Number of cores"value="4"/>
<gc-start id="5866" type="global" contextid="5865" timestamp="2019-07-02T23:05:45.871">
  <mem-info id="5867" free="0" total="17039360" percent="0">
    <mem type="tenure" free="0" total="17039360" percent="0">
      <mem type="soa" free="0" total="16869376" percent="0" />
      <mem type="loa" free="0" total="169984" percent="0" />
    </mem>
  </mem-info>
</gc-start>
<allocation-stats totalBytes="10943568" >
  <allocated-bytes non-tlh="0" tlh="10943568" />
  <largest-consumer threadName="Thread-7" threadId="0000000001358100" bytes="2847064" />
</allocation-stats>
<gc-op id="5868" type="mark" timems="1.187" contextid="5865" timestamp="2019-07-02T23:05:45.873">
  <trace-info objectcount="73349" scancount="65767" scanbytes="2451276" />
  <finalization candidates="124" enqueued="0" />
  <ownableSynchronizers candidates="3" cleared="0" />
  <references type="soft" candidates="84" cleared="0" enqueued="0" dynamicThreshold="20" maxThreshold="32" />
  <references type="weak" candidates="774" cleared="0" enqueued="0" />
  <references type="phantom" candidates="63" cleared="0" enqueued="0" />
  <stringconstants candidates="4574" cleared="0"  />
</gc-op>
<gc-op id="5869" type="sweep" timems="0.362" contextid="5865" timestamp="2019-07-02T23:05:45.873" />
<mem-info id="5870" free="10974672" total="17039360" percent="64">
  <mem type="tenure" free="10974672" total="17039360" percent="64" micro-fragmented="10752" macro-fragmented="15643">
    <mem type="soa" free="10873960" total="16869376" percent="64" />
    <mem type="loa" free="100712" total="169984" percent="59" />
  </mem>
</mem-info>
<gc-op id="5871" type="compact" timems="4.538" contextid="5865" timestamp="2019-07-02T23:05:45.878">
  <compact-info movecount="25988" movebytes="1036688" reason="compact to aid heap contraction" />
</gc-op>
<heap-resize id="5872" type="contract" space="tenure" amount="131072" count="1" timems="0.082" reason="excess free space following gc" timestamp="2019-07-02T23:05:45.878" />
<gc-end id="5873" type="global" contextid="5865" durationms="7.022" usertimems="8.000" systemtimems="0.000" timestamp="2019-07-02T23:05:45.878" activeThreads="4">
  <mem-info id="5874" free="10883184" total="16908288" percent="64">
    <mem type="tenure" free="10883184" total="16908288" percent="64">
      <mem type="soa" free="10753136" total="16739328" percent="64" />
      <mem type="loa" free="130048" total="168960" percent="76" />
    </mem>
  </mem-info>
</gc-end>
<cycle-end id="5875" type="global" contextid="5865" timestamp="2019-07-02T23:05:45.879">
  <attribute name="GC Util" value="15" />
  <attribute name="CPU Util" value="28738035347554" />
  <attribute name="Time Running"value="6438"/>
  <attribute name="Number of cores"value="4"/>
</cycle-end>
<allocation-satisfied id="5876" threadId="000000000135BD00" bytesRequested="40" />
<af-end id="5877" timestamp="2019-07-02T23:05:45.879" threadId="000000000135C688" success="true" />
<exclusive-end id="5878" timestamp="2019-07-02T23:05:45.879" durationms="7.825" />

<exclusive-start id="5879" timestamp="2019-07-02T23:05:45.884" intervalms="12.549">
  <response-info timems="0.025" idlems="0.025" threads="0" lastid="0000000001354500" lastname="Thread-8" />
</exclusive-start>
<af-start id="5880" threadId="0000000001354E88" totalBytesRequested="40" timestamp="2019-07-02T23:05:45.884" intervalms="12.596" />
<cycle-start id="5881" type="global" contextid="0" timestamp="2019-07-02T23:05:45.884" intervalms="12.621" />
  <attribute name="GC Util" value="15" />
  <attribute name="CPU Util" value="28738035347554" />
  <attribute name="Time Running"value="6438"/>
  <attribute name="Number of cores"value="4"/>
<gc-start id="5882" type="global" contextid="5881" timestamp="2019-07-02T23:05:45.884">
  <mem-info id="5883" free="130048" total="16908288" percent="0">
    <mem type="tenure" free="130048" total="16908288" percent="0">
      <mem type="soa" free="0" total="16739328" percent="0" />
      <mem type="loa" free="130048" total="168960" percent="76" />
    </mem>
  </mem-info>
</gc-start>
<allocation-stats totalBytes="10818120" >
  <allocated-bytes non-tlh="0" tlh="10818120" />
  <largest-consumer threadName="Thread-9" threadId="000000000135F900" bytes="3314688" />
</allocation-stats>
<gc-op id="5884" type="mark" timems="2.015" contextid="5881" timestamp="2019-07-02T23:05:45.886">
  <trace-info objectcount="69299" scancount="61727" scanbytes="2354436" />
  <finalization candidates="124" enqueued="0" />
  <ownableSynchronizers candidates="3" cleared="0" />
  <references type="soft" candidates="84" cleared="0" enqueued="0" dynamicThreshold="20" maxThreshold="32" />
  <references type="weak" candidates="774" cleared="0" enqueued="0" />
  <references type="phantom" candidates="63" cleared="0" enqueued="0" />
  <stringconstants candidates="4574" cleared="0"  />
</gc-op>
<gc-op id="5885" type="sweep" timems="0.711" contextid="5881" timestamp="2019-07-02T23:05:45.887" />
<heap-resize id="5886" type="contract" space="tenure" amount="131072" count="1" timems="0.069" reason="excess free space following gc" timestamp="2019-07-02T23:05:45.887" />
<gc-end id="5887" type="global" contextid="5881" durationms="3.396" usertimems="8.000" systemtimems="0.000" timestamp="2019-07-02T23:05:45.887" activeThreads="4">
  <mem-info id="5888" free="10736304" total="16777216" percent="63">
    <mem type="tenure" free="10736304" total="16777216" percent="63" micro-fragmented="82176" macro-fragmented="84432">
      <mem type="soa" free="10669208" total="16610304" percent="64" />
      <mem type="loa" free="67096" total="166912" percent="40" />
    </mem>
  </mem-info>
</gc-end>
<cycle-end id="5889" type="global" contextid="5881" timestamp="2019-07-02T23:05:45.887">
  <attribute name="GC Util" value="237" />
  <attribute name="CPU Util" value="8756592918471" />
  <attribute name="Time Running"value="6451"/>
  <attribute name="Number of cores"value="4"/>
</cycle-end>
<allocation-satisfied id="5890" threadId="0000000001354500" bytesRequested="40" />
<af-end id="5891" timestamp="2019-07-02T23:05:45.888" threadId="0000000001354E88" success="true" />
<exclusive-end id="5892" timestamp="2019-07-02T23:05:45.888" durationms="4.340" />

<exclusive-start id="5893" timestamp="2019-07-02T23:05:45.893" intervalms="9.595">
  <response-info timems="0.030" idlems="0.030" threads="0" lastid="000000000135BD00" lastname="Thread-10" />
</exclusive-start>
<af-start id="5894" threadId="000000000135C688" totalBytesRequested="40" timestamp="2019-07-02T23:05:45.893" intervalms="9.557" />
<cycle-start id="5895" type="global" contextid="0" timestamp="2019-07-02T23:05:45.893" intervalms="9.560" />
  <attribute name="GC Util" value="237" />
  <attribute name="CPU Util" value="8756592918471" />
  <attribute name="Time Running"value="6451"/>
  <attribute name="Number of cores"value="4"/>
<gc-start id="5896" type="global" contextid="5895" timestamp="2019-07-02T23:05:45.894">
  <mem-info id="5897" free="67096" total="16777216" percent="0">
    <mem type="tenure" free="67096" total="16777216" percent="0">
      <mem type="soa" free="0" total="16610304" percent="0" />
      <mem type="loa" free="67096" total="166912" percent="40" />
    </mem>
  </mem-info>
</gc-start>
<allocation-stats totalBytes="10664744" >
  <allocated-bytes non-tlh="0" tlh="10664744" />
  <largest-consumer threadName="Thread-8" threadId="0000000001354500" bytes="2981464" />
</allocation-stats>
<gc-op id="5898" type="mark" timems="1.107" contextid="5895" timestamp="2019-07-02T23:05:45.895">
  <trace-info objectcount="61285" scancount="53716" scanbytes="2028448" />
  <finalization candidates="124" enqueued="0" />
  <ownableSynchronizers candidates="3" cleared="0" />
  <references type="soft" candidates="84" cleared="0" enqueued="0" dynamicThreshold="20" maxThreshold="32" />
  <references type="weak" candidates="774" cleared="0" enqueued="0" />
  <references type="phantom" candidates="63" cleared="0" enqueued="0" />
  <stringconstants candidates="4574" cleared="0"  />
</gc-op>
<gc-op id="5899" type="sweep" timems="0.260" contextid="5895" timestamp="2019-07-02T23:05:45.895" />
<heap-resize id="5900" type="contract" space="tenure" amount="131072" count="1" timems="0.050" reason="excess free space following gc" timestamp="2019-07-02T23:05:45.895" />
<gc-end id="5901" type="global" contextid="5895" durationms="2.050" usertimems="4.000" systemtimems="0.000" timestamp="2019-07-02T23:05:45.896" activeThreads="4">
  <mem-info id="5902" free="10799544" total="16646144" percent="64">
    <mem type="tenure" free="10799544" total="16646144" percent="64" micro-fragmented="159804" macro-fragmented="0">
      <mem type="soa" free="10799544" total="16480256" percent="65" />
      <mem type="loa" free="0" total="165888" percent="0" />
    </mem>
  </mem-info>
</gc-end>
<cycle-end id="5903" type="global" contextid="5895" timestamp="2019-07-02T23:05:45.896">
  <attribute name="GC Util" value="201" />
  <attribute name="CPU Util" value="15415745991166" />
  <attribute name="Time Running"value="6460"/>
  <attribute name="Number of cores"value="4"/>
</cycle-end>
<allocation-satisfied id="5904" threadId="000000000135BD00" bytesRequested="40" />
<af-end id="5905" timestamp="2019-07-02T23:05:45.896" threadId="000000000135C688" success="true" />
<exclusive-end id="5906" timestamp="2019-07-02T23:05:45.896" durationms="2.724" />

<exclusive-start id="5907" timestamp="2019-07-02T23:05:45.901" intervalms="7.900">
  <response-info timems="0.029" idlems="0.029" threads="0" lastid="000000000135BD00" lastname="Thread-10" />
</exclusive-start>
<af-start id="5908" threadId="000000000135C688" totalBytesRequested="40" timestamp="2019-07-02T23:05:45.901" intervalms="7.889" />
<cycle-start id="5909" type="global" contextid="0" timestamp="2019-07-02T23:05:45.901" intervalms="7.858" />
  <attribute name="GC Util" value="201" />
  <attribute name="CPU Util" value="15415745991166" />
  <attribute name="Time Running"value="6460"/>
  <attribute name="Number of cores"value="4"/>
<gc-start id="5910" type="global" contextid="5909" timestamp="2019-07-02T23:05:45.901">
  <mem-info id="5911" free="0" total="16646144" percent="0">
    <mem type="tenure" free="0" total="16646144" percent="0">
      <mem type="soa" free="0" total="16480256" percent="0" />
      <mem type="loa" free="0" total="165888" percent="0" />
    </mem>
  </mem-info>
</gc-start>
<allocation-stats totalBytes="10797936" >
  <allocated-bytes non-tlh="0" tlh="10797936" />
  <largest-consumer threadName="Thread-10" threadId="000000000135BD00" bytes="3027432" />
</allocation-stats>
<gc-op id="5912" type="mark" timems="1.059" contextid="5909" timestamp="2019-07-02T23:05:45.902">
  <trace-info objectcount="65947" scancount="58368" scanbytes="2274076" />
  <finalization candidates="124" enqueued="0" />
  <ownableSynchronizers candidates="3" cleared="0" />
  <references type="soft" candidates="84" cleared="0" enqueued="0" dynamicThreshold="20" maxThreshold="32" />
  <references type="weak" candidates="774" cleared="0" enqueued="0" />
  <references type="phantom" candidates="63" cleared="0" enqueued="0" />
  <stringconstants candidates="4574" cleared="0"  />
</gc-op>
<gc-op id="5913" type="sweep" timems="0.293" contextid="5909" timestamp="2019-07-02T23:05:45.903" />
<mem-info id="5914" free="10530736" total="16646144" percent="63">
  <mem type="tenure" free="10530736" total="16646144" percent="63" micro-fragmented="170816" macro-fragmented="0">
    <mem type="soa" free="10530736" total="16480256" percent="63" />
    <mem type="loa" free="0" total="165888" percent="0" />
  </mem>
</mem-info>
<gc-op id="5915" type="compact" timems="4.114" contextid="5909" timestamp="2019-07-02T23:05:45.907">
  <compact-info movecount="26206" movebytes="1179744" reason="compact to aid heap contraction" />
</gc-op>
<heap-resize id="5916" type="contract" space="tenure" amount="131072" count="1" timems="0.081" reason="excess free space following gc" timestamp="2019-07-02T23:05:45.907" />
<gc-end id="5917" type="global" contextid="5909" durationms="6.210" usertimems="8.000" systemtimems="0.000" timestamp="2019-07-02T23:05:45.908" activeThreads="4">
  <mem-info id="5918" free="10671264" total="16515072" percent="64">
    <mem type="tenure" free="10671264" total="16515072" percent="64">
      <mem type="soa" free="10541216" total="16350208" percent="64" />
      <mem type="loa" free="130048" total="164864" percent="78" />
    </mem>
  </mem-info>
</gc-end>
<cycle-end id="5919" type="global" contextid="5909" timestamp="2019-07-02T23:05:45.908">
  <attribute name="GC Util" value="18" />
  <attribute name="CPU Util" value="36728064239287" />
  <attribute name="Time Running"value="6468"/>
  <attribute name="Number of cores"value="4"/>
</cycle-end>
<allocation-satisfied id="5920" threadId="000000000135BD00" bytesRequested="40" />
<af-end id="5921" timestamp="2019-07-02T23:05:45.908" threadId="000000000135C688" success="true" />
<exclusive-end id="5922" timestamp="2019-07-02T23:05:45.908" durationms="6.939" />

<exclusive-start id="5923" timestamp="2019-07-02T23:05:45.913" intervalms="11.889">
  <response-info timems="0.026" idlems="0.026" threads="0" lastid="000000000135F900" lastname="Thread-9" />
</exclusive-start>
<af-start id="5924" threadId="0000000001360288" totalBytesRequested="24" timestamp="2019-07-02T23:05:45.913" intervalms="11.889" />
<cycle-start id="5925" type="global" contextid="0" timestamp="2019-07-02T23:05:45.913" intervalms="11.892" />
  <attribute name="GC Util" value="18" />
  <attribute name="CPU Util" value="36728064239287" />
  <attribute name="Time Running"value="6468"/>
  <attribute name="Number of cores"value="4"/>
<gc-start id="5926" type="global" contextid="5925" timestamp="2019-07-02T23:05:45.913">
  <mem-info id="5927" free="130048" total="16515072" percent="0">
    <mem type="tenure" free="130048" total="16515072" percent="0">
      <mem type="soa" free="0" total="16350208" percent="0" />
      <mem type="loa" free="130048" total="164864" percent="78" />
    </mem>
  </mem-info>
</gc-start>
<allocation-stats totalBytes="10605056" >
  <allocated-bytes non-tlh="0" tlh="10605056" />
  <largest-consumer threadName="Thread-10" threadId="000000000135BD00" bytes="2719288" />
</allocation-stats>
<gc-op id="5928" type="mark" timems="2.237" contextid="5925" timestamp="2019-07-02T23:05:45.916">
  <trace-info objectcount="66797" scancount="59224" scanbytes="2294476" />
  <finalization candidates="124" enqueued="0" />
  <ownableSynchronizers candidates="3" cleared="0" />
  <references type="soft" candidates="84" cleared="0" enqueued="0" dynamicThreshold="20" maxThreshold="32" />
  <references type="weak" candidates="774" cleared="0" enqueued="0" />
  <references type="phantom" candidates="63" cleared="0" enqueued="0" />
  <stringconstants candidates="4574" cleared="0"  />
</gc-op>
<gc-op id="5929" type="sweep" timems="0.719" contextid="5925" timestamp="2019-07-02T23:05:45.916" />
<heap-resize id="5930" type="contract" space="tenure" amount="131072" count="1" timems="0.079" reason="excess free space following gc" timestamp="2019-07-02T23:05:45.916" />
<gc-end id="5931" type="global" contextid="5925" durationms="3.363" usertimems="8.000" systemtimems="0.000" timestamp="2019-07-02T23:05:45.917" activeThreads="4">
  <mem-info id="5932" free="10525112" total="16384000" percent="64">
    <mem type="tenure" free="10525112" total="16384000" percent="64" micro-fragmented="18270" macro-fragmented="0">
      <mem type="soa" free="10444384" total="16220160" percent="64" />
      <mem type="loa" free="80728" total="163840" percent="49" />
    </mem>
  </mem-info>
</gc-end>
<cycle-end id="5933" type="global" contextid="5925" timestamp="2019-07-02T23:05:45.917">
  <attribute name="GC Util" value="252" />
  <attribute name="CPU Util" value="8091120661927" />
  <attribute name="Time Running"value="6480"/>
  <attribute name="Number of cores"value="4"/>
</cycle-end>
<allocation-satisfied id="5934" threadId="000000000135F900" bytesRequested="24" />
<af-end id="5935" timestamp="2019-07-02T23:05:45.917" threadId="0000000001360288" success="true" />
<exclusive-end id="5936" timestamp="2019-07-02T23:05:45.917" durationms="3.823" />

<exclusive-start id="5937" timestamp="2019-07-02T23:05:45.922" intervalms="8.863">
  <response-info timems="0.023" idlems="0.023" threads="0" lastid="0000000001358100" lastname="Thread-7" />
</exclusive-start>
<af-start id="5938" threadId="0000000001358A88" totalBytesRequested="40" timestamp="2019-07-02T23:05:45.922" intervalms="8.870" />
<cycle-start id="5939" type="global" contextid="0" timestamp="2019-07-02T23:05:45.922" intervalms="8.877" />
  <attribute name="GC Util" value="252" />
  <attribute name="CPU Util" value="8091120661927" />
  <attribute name="Time Running"value="6480"/>
  <attribute name="Number of cores"value="4"/>
<gc-start id="5940" type="global" contextid="5939" timestamp="2019-07-02T23:05:45.922">
  <mem-info id="5941" free="80728" total="16384000" percent="0">
    <mem type="tenure" free="80728" total="16384000" percent="0">
      <mem type="soa" free="0" total="16220160" percent="0" />
      <mem type="loa" free="80728" total="163840" percent="49" />
    </mem>
  </mem-info>
</gc-start>
<allocation-stats totalBytes="10444952" >
  <allocated-bytes non-tlh="0" tlh="10444952" />
  <largest-consumer threadName="Thread-10" threadId="000000000135BD00" bytes="3022056" />
</allocation-stats>
<gc-op id="5942" type="mark" timems="1.849" contextid="5939" timestamp="2019-07-02T23:05:45.924">
  <trace-info objectcount="67673" scancount="60102" scanbytes="2315364" />
  <finalization candidates="124" enqueued="0" />
  <ownableSynchronizers candidates="3" cleared="0" />
  <references type="soft" candidates="84" cleared="0" enqueued="0" dynamicThreshold="20" maxThreshold="32" />
  <references type="weak" candidates="774" cleared="0" enqueued="0" />
  <references type="phantom" candidates="63" cleared="0" enqueued="0" />
  <stringconstants candidates="4574" cleared="0"  />
</gc-op>
<gc-op id="5943" type="sweep" timems="0.776" contextid="5939" timestamp="2019-07-02T23:05:45.925" />
<heap-resize id="5944" type="contract" space="tenure" amount="65536" count="1" timems="0.083" reason="excess free space following gc" timestamp="2019-07-02T23:05:45.925" />
<gc-end id="5945" type="global" contextid="5939" durationms="3.286" usertimems="8.000" systemtimems="0.000" timestamp="2019-07-02T23:05:45.925" activeThreads="4">
  <mem-info id="5946" free="10345504" total="16318464" percent="63">
    <mem type="tenure" free="10345504" total="16318464" percent="63" micro-fragmented="33030" macro-fragmented="0">
      <mem type="soa" free="10345504" total="16155648" percent="64" />
      <mem type="loa" free="0" total="162816" percent="0" />
    </mem>
  </mem-info>
</gc-end>
<cycle-end id="5947" type="global" contextid="5939" timestamp="2019-07-02T23:05:45.926">
  <attribute name="GC Util" value="229" />
  <attribute name="CPU Util" value="9507861332071" />
  <attribute name="Time Running"value="6489"/>
  <attribute name="Number of cores"value="4"/>
</cycle-end>
<allocation-satisfied id="5948" threadId="0000000001358100" bytesRequested="40" />
<af-end id="5949" timestamp="2019-07-02T23:05:45.926" threadId="0000000001358A88" success="true" />
<exclusive-end id="5950" timestamp="2019-07-02T23:05:45.926" durationms="4.043" />

<exclusive-start id="5951" timestamp="2019-07-02T23:05:45.931" intervalms="9.114">
  <response-info timems="0.022" idlems="0.022" threads="0" lastid="0000000001358100" lastname="Thread-7" />
</exclusive-start>
<af-start id="5952" threadId="0000000001358A88" totalBytesRequested="40" timestamp="2019-07-02T23:05:45.931" intervalms="9.111" />
<cycle-start id="5953" type="global" contextid="0" timestamp="2019-07-02T23:05:45.931" intervalms="9.103" />
  <attribute name="GC Util" value="229" />
  <attribute name="CPU Util" value="9507861332071" />
  <attribute name="Time Running"value="6489"/>
  <attribute name="Number of cores"value="4"/>
<gc-start id="5954" type="global" contextid="5953" timestamp="2019-07-02T23:05:45.931">
  <mem-info id="5955" free="0" total="16318464" percent="0">
    <mem type="tenure" free="0" total="16318464" percent="0">
      <mem type="soa" free="0" total="16155648" percent="0" />
      <mem type="loa" free="0" total="162816" percent="0" />
    </mem>
  </mem-info>
</gc-start>
<allocation-stats totalBytes="10343992" >
  <allocated-bytes non-tlh="0" tlh="10343992" />
  <largest-consumer threadName="Thread-10" threadId="000000000135BD00" bytes="2823400" />
</allocation-stats>
<gc-op id="5956" type="mark" timems="2.610" contextid="5953" timestamp="2019-07-02T23:05:45.934">
  <trace-info objectcount="68736" scancount="61168" scanbytes="2341284" />
  <finalization candidates="124" enqueued="0" />
  <ownableSynchronizers candidates="3" cleared="0" />
  <references type="soft" candidates="84" cleared="0" enqueued="0" dynamicThreshold="20" maxThreshold="32" />
  <references type="weak" candidates="774" cleared="0" enqueued="0" />
  <references type="phantom" candidates="63" cleared="0" enqueued="0" />
  <stringconstants candidates="4574" cleared="0"  />
</gc-op>
<gc-op id="5957" type="sweep" timems="0.770" contextid="5953" timestamp="2019-07-02T23:05:45.935" />
<mem-info id="5958" free="10278320" total="16318464" percent="62">
  <mem type="tenure" free="10278320" total="16318464" percent="62" micro-fragmented="19032" macro-fragmented="0">
    <mem type="soa" free="10278320" total="16155648" percent="63" />
    <mem type="loa" free="0" total="162816" percent="0" />
  </mem>
</mem-info>
<gc-op id="5959" type="compact" timems="5.955" contextid="5953" timestamp="2019-07-02T23:05:45.941">
  <compact-info movecount="28992" movebytes="1246880" reason="compact to aid heap contraction" />
</gc-op>
<heap-resize id="5960" type="contract" space="tenure" amount="131072" count="1" timems="0.094" reason="excess free space following gc" timestamp="2019-07-02T23:05:45.941" />
<gc-end id="5961" type="global" contextid="5953" durationms="10.220" usertimems="12.000" systemtimems="4.000" timestamp="2019-07-02T23:05:45.941" activeThreads="4">
  <mem-info id="5962" free="10279448" total="16187392" percent="63">
    <mem type="tenure" free="10279448" total="16187392" percent="63">
      <mem type="soa" free="10149400" total="16025600" percent="63" />
      <mem type="loa" free="130048" total="161792" percent="80" />
    </mem>
  </mem-info>
</gc-end>
<cycle-end id="5963" type="global" contextid="5953" timestamp="2019-07-02T23:05:45.942">
  <attribute name="GC Util" value="145" />
  <attribute name="CPU Util" value="18392981033922" />
  <attribute name="Time Running"value="6500"/>
  <attribute name="Number of cores"value="4"/>
</cycle-end>
<allocation-satisfied id="5964" threadId="0000000001358100" bytesRequested="40" />
<af-end id="5965" timestamp="2019-07-02T23:05:45.942" threadId="0000000001358A88" success="true" />
<exclusive-end id="5966" timestamp="2019-07-02T23:05:45.942" durationms="10.920" />

<exclusive-start id="5967" timestamp="2019-07-02T23:05:45.947" intervalms="15.695">
  <response-info timems="0.023" idlems="0.023" threads="0" lastid="000000000135F900" lastname="Thread-9" />
</exclusive-start>
<af-start id="5968" threadId="0000000001360288" totalBytesRequested="40" timestamp="2019-07-02T23:05:45.947" intervalms="15.652" />
<cycle-start id="5969" type="global" contextid="0" timestamp="2019-07-02T23:05:45.947" intervalms="15.613" />
  <attribute name="GC Util" value="145" />
  <attribute name="CPU Util" value="18392981033922" />
  <attribute name="Time Running"value="6500"/>
  <attribute name="Number of cores"value="4"/>
<gc-start id="5970" type="global" contextid="5969" timestamp="2019-07-02T23:05:45.947">
  <mem-info id="5971" free="130048" total="16187392" percent="0">
    <mem type="tenure" free="130048" total="16187392" percent="0">
      <mem type="soa" free="0" total="16025600" percent="0" />
      <mem type="loa" free="130048" total="161792" percent="80" />
    </mem>
  </mem-info>
</gc-start>
<allocation-stats totalBytes="10214792" >
  <allocated-bytes non-tlh="0" tlh="10214792" />
  <largest-consumer threadName="Thread-10" threadId="000000000135BD00" bytes="2850784" />
</allocation-stats>
<gc-op id="5972" type="mark" timems="1.962" contextid="5969" timestamp="2019-07-02T23:05:45.949">
  <trace-info objectcount="69544" scancount="61983" scanbytes="2360148" />
  <finalization candidates="124" enqueued="0" />
  <ownableSynchronizers candidates="3" cleared="0" />
  <references type="soft" candidates="84" cleared="0" enqueued="0" dynamicThreshold="20" maxThreshold="32" />
  <references type="weak" candidates="774" cleared="0" enqueued="0" />
  <references type="phantom" candidates="63" cleared="0" enqueued="0" />
  <stringconstants candidates="4574" cleared="0"  />
</gc-op>
<gc-op id="5973" type="sweep" timems="0.766" contextid="5969" timestamp="2019-07-02T23:05:45.950" />
<heap-resize id="5974" type="contract" space="tenure" amount="131072" count="1" timems="0.074" reason="excess free space following gc" timestamp="2019-07-02T23:05:45.950" />
<gc-end id="5975" type="global" contextid="5969" durationms="3.128" usertimems="0.000" systemtimems="8.000" timestamp="2019-07-02T23:05:45.950" activeThreads="4">
  <mem-info id="5976" free="10141544" total="16056320" percent="63">
    <mem type="tenure" free="10141544" total="16056320" percent="63" micro-fragmented="17455" macro-fragmented="0">
      <mem type="soa" free="10053840" total="15896576" percent="63" />
      <mem type="loa" free="87704" total="159744" percent="54" />
    </mem>
  </mem-info>
</gc-end>
<cycle-end id="5977" type="global" contextid="5969" timestamp="2019-07-02T23:05:45.950">
  <attribute name="GC Util" value="249" />
  <attribute name="CPU Util" value="9197746935063" />
  <attribute name="Time Running"value="6514"/>
  <attribute name="Number of cores"value="4"/>
</cycle-end>
<allocation-satisfied id="5978" threadId="000000000135F900" bytesRequested="40" />
<af-end id="5979" timestamp="2019-07-02T23:05:45.950" threadId="0000000001360288" success="true" />
<exclusive-end id="5980" timestamp="2019-07-02T23:05:45.950" durationms="3.632" />

<exclusive-start id="5981" timestamp="2019-07-02T23:05:45.955" intervalms="8.385">
  <response-info timems="0.022" idlems="0.022" threads="0" lastid="000000000135F900" lastname="Thread-9" />
</exclusive-start>
<af-start id="5982" threadId="0000000001360288" totalBytesRequested="40" timestamp="2019-07-02T23:05:45.955" intervalms="8.377" />
<cycle-start id="5983" type="global" contextid="0" timestamp="2019-07-02T23:05:45.955" intervalms="8.388" />
  <attribute name="GC Util" value="249" />
  <attribute name="CPU Util" value="9197746935063" />
  <attribute name="Time Running"value="6514"/>
  <attribute name="Number of cores"value="4"/>
<gc-start id="5984" type="global" contextid="5983" timestamp="2019-07-02T23:05:45.955">
  <mem-info id="5985" free="87704" total="16056320" percent="0">
    <mem type="tenure" free="87704" total="16056320" percent="0">
      <mem type="soa" free="0" total="15896576" percent="0" />
      <mem type="loa" free="87704" total="159744" percent="54" />
    </mem>
  </mem-info>
</gc-start>
<allocation-stats totalBytes="10054080" >
  <allocated-bytes non-tlh="0" tlh="10054080" />
  <largest-consumer threadName="Thread-10" threadId="000000000135BD00" bytes="2983648" />
</allocation-stats>
<gc-op id="5986" type="mark" timems="2.124" contextid="5983" timestamp="2019-07-02T23:05:45.957">
  <trace-info objectcount="70417" scancount="62851" scanbytes="2380988" />
  <finalization candidates="124" enqueued="0" />
  <ownableSynchronizers candidates="3" cleared="0" />
  <references type="soft" candidates="84" cleared="0" enqueued="0" dynamicThreshold="20" maxThreshold="32" />
  <references type="weak" candidates="774" cleared="0" enqueued="0" />
  <references type="phantom" candidates="63" cleared="0" enqueued="0" />
  <stringconstants candidates="4574" cleared="0"  />
</gc-op>
<gc-op id="5987" type="sweep" timems="0.762" contextid="5983" timestamp="2019-07-02T23:05:45.958" />
<heap-resize id="5988" type="contract" space="tenure" amount="131072" count="1" timems="0.084" reason="excess free space following gc" timestamp="2019-07-02T23:05:45.958" />
<gc-end id="5989" type="global" contextid="5983" durationms="3.331" usertimems="4.000" systemtimems="4.000" timestamp="2019-07-02T23:05:45.959" activeThreads="4">
  <mem-info id="5990" free="9897312" total="15925248" percent="62">
    <mem type="tenure" free="9897312" total="15925248" percent="62" micro-fragmented="18017" macro-fragmented="0">
      <mem type="soa" free="9897312" total="15766528" percent="62" />
      <mem type="loa" free="0" total="158720" percent="0" />
    </mem>
  </mem-info>
</gc-end>
<cycle-end id="5991" type="global" contextid="5983" timestamp="2019-07-02T23:05:45.959">
  <attribute name="GC Util" value="250" />
  <attribute name="CPU Util" value="8339769146667" />
  <attribute name="Time Running"value="6522"/>
  <attribute name="Number of cores"value="4"/>
</cycle-end>
<allocation-satisfied id="5992" threadId="000000000135F900" bytesRequested="40" />
<af-end id="5993" timestamp="2019-07-02T23:05:45.959" threadId="0000000001360288" success="true" />
<exclusive-end id="5994" timestamp="2019-07-02T23:05:45.959" durationms="3.828" />

<exclusive-start id="5995" timestamp="2019-07-02T23:05:45.964" intervalms="8.995">
  <response-info timems="0.023" idlems="0.023" threads="0" lastid="0000000001354500" lastname="Thread-8" />
</exclusive-start>
<af-start id="5996" threadId="0000000001354E88" totalBytesRequested="40" timestamp="2019-07-02T23:05:45.964" intervalms="9.011" />
<cycle-start id="5997" type="global" contextid="0" timestamp="2019-07-02T23:05:45.964" intervalms="9.039" />
  <attribute name="GC Util" value="250" />
  <attribute name="CPU Util" value="8339769146667" />
  <attribute name="Time Running"value="6522"/>
  <attribute name="Number of cores"value="4"/>
<gc-start id="5998" type="global" contextid="5997" timestamp="2019-07-02T23:05:45.964">
  <mem-info id="5999" free="0" total="15925248" percent="0">
    <mem type="tenure" free="0" total="15925248" percent="0">
      <mem type="soa" free="0" total="15766528" percent="0" />
      <mem type="loa" free="0" total="158720" percent="0" />
    </mem>
  </mem-info>
</gc-start>
<allocation-stats totalBytes="9895416" >
  <allocated-bytes non-tlh="0" tlh="9895416" />
  <largest-consumer threadName="Thread-10" threadId="000000000135BD00" bytes="2881424" />
</allocation-stats>
<gc-op id="6000" type="mark" timems="1.853" contextid="5997" timestamp="2019-07-02T23:05:45.966">
  <trace-info objectcount="62922" scancount="55351" scanbytes="2068000" />
  <finalization candidates="124" enqueued="0" />
  <ownableSynchronizers candidates="3" cleared="0" />
  <references type="soft" candidates="84" cleared="0" enqueued="0" dynamicThreshold="19" maxThreshold="32" />
  <references type="weak" candidates="774" cleared="0" enqueued="0" />
  <references type="phantom" candidates="63" cleared="0" enqueued="0" />
  <stringconstants candidates="4574" cleared="0"  />
</gc-op>
<gc-op id="6001" type="sweep" timems="0.782" contextid="5997" timestamp="2019-07-02T23:05:45.967" />
<heap-resize id="6002" type="contract" space="tenure" amount="65536" count="1" timems="0.097" reason="excess free space following gc" timestamp="2019-07-02T23:05:45.967" />
<gc-end id="6003" type="global" contextid="5997" durationms="3.213" usertimems="8.000" systemtimems="0.000" timestamp="2019-07-02T23:05:45.967" activeThreads="4">
  <mem-info id="6004" free="10029040" total="15859712" percent="63">
    <mem type="tenure" free="10029040" total="15859712" percent="63" micro-fragmented="98138" macro-fragmented="0">
      <mem type="soa" free="10029040" total="15702016" percent="63" />
      <mem type="loa" free="0" total="157696" percent="0" />
    </mem>
  </mem-info>
</gc-end>
<cycle-end id="6005" type="global" contextid="5997" timestamp="2019-07-02T23:05:45.968">
  <attribute name="GC Util" value="229" />
  <attribute name="CPU Util" value="9467588297954" />
  <attribute name="Time Running"value="6531"/>
  <attribute name="Number of cores"value="4"/>
</cycle-end>
<allocation-satisfied id="6006" threadId="0000000001354500" bytesRequested="40" />
<af-end id="6007" timestamp="2019-07-02T23:05:45.968" threadId="0000000001354E88" success="true" />
<exclusive-end id="6008" timestamp="2019-07-02T23:05:45.968" durationms="3.965" />

<exclusive-start id="6009" timestamp="2019-07-02T23:05:45.973" intervalms="8.847">
  <response-info timems="0.052" idlems="0.052" threads="0" lastid="000000000135F900" lastname="Thread-9" />
</exclusive-start>
<af-start id="6010" threadId="0000000001360288" totalBytesRequested="24" timestamp="2019-07-02T23:05:45.973" intervalms="8.875" />
<cycle-start id="6011" type="global" contextid="0" timestamp="2019-07-02T23:05:45.973" intervalms="8.917" />
  <attribute name="GC Util" value="229" />
  <attribute name="CPU Util" value="9467588297954" />
  <attribute name="Time Running"value="6531"/>
  <attribute name="Number of cores"value="4"/>
<gc-start id="6012" type="global" contextid="6011" timestamp="2019-07-02T23:05:45.973">
  <mem-info id="6013" free="0" total="15859712" percent="0">
    <mem type="tenure" free="0" total="15859712" percent="0">
      <mem type="soa" free="0" total="15702016" percent="0" />
      <mem type="loa" free="0" total="157696" percent="0" />
    </mem>
  </mem-info>
</gc-start>
<allocation-stats totalBytes="10025256" >
  <allocated-bytes non-tlh="19056" tlh="10006200" />
  <largest-consumer threadName="Thread-7" threadId="0000000001358100" bytes="2846024" />
</allocation-stats>
<gc-op id="6014" type="mark" timems="2.243" contextid="6011" timestamp="2019-07-02T23:05:45.976">
  <trace-info objectcount="67766" scancount="60209" scanbytes="2317452" />
  <finalization candidates="124" enqueued="0" />
  <ownableSynchronizers candidates="3" cleared="0" />
  <references type="soft" candidates="84" cleared="0" enqueued="0" dynamicThreshold="20" maxThreshold="32" />
  <references type="weak" candidates="774" cleared="0" enqueued="0" />
  <references type="phantom" candidates="63" cleared="0" enqueued="0" />
  <stringconstants candidates="4574" cleared="0"  />
</gc-op>
<gc-op id="6015" type="sweep" timems="0.766" contextid="6011" timestamp="2019-07-02T23:05:45.976" />
<mem-info id="6016" free="9752680" total="15859712" percent="61">
  <mem type="tenure" free="9752680" total="15859712" percent="61" micro-fragmented="116608" macro-fragmented="34134">
    <mem type="soa" free="9752680" total="15702016" percent="62" />
    <mem type="loa" free="0" total="157696" percent="0" />
  </mem>
</mem-info>
<gc-op id="6017" type="compact" timems="5.789" contextid="6011" timestamp="2019-07-02T23:05:45.982">
  <compact-info movecount="28025" movebytes="1223120" reason="compact to aid heap contraction" />
</gc-op>
<heap-resize id="6018" type="contract" space="tenure" amount="131072" count="1" timems="0.036" reason="excess free space following gc" timestamp="2019-07-02T23:05:45.983" />
<gc-end id="6019" type="global" contextid="6011" durationms="9.476" usertimems="16.000" systemtimems="0.000" timestamp="2019-07-02T23:05:45.983" activeThreads="4">
  <mem-info id="6020" free="9849648" total="15728640" percent="62">
    <mem type="tenure" free="9849648" total="15728640" percent="62">
      <mem type="soa" free="9719600" total="15571968" percent="62" />
      <mem type="loa" free="130048" total="156672" percent="83" />
    </mem>
  </mem-info>
</gc-end>
<cycle-end id="6021" type="global" contextid="6011" timestamp="2019-07-02T23:05:45.983">
  <attribute name="GC Util" value="150" />
  <attribute name="CPU Util" value="18832181982292" />
  <attribute name="Time Running"value="6541"/>
  <attribute name="Number of cores"value="4"/>
</cycle-end>
<allocation-satisfied id="6022" threadId="000000000135F900" bytesRequested="24" />
<af-end id="6023" timestamp="2019-07-02T23:05:45.983" threadId="0000000001360288" success="true" />
<exclusive-end id="6024" timestamp="2019-07-02T23:05:45.983" durationms="10.133" />

<exclusive-start id="6025" timestamp="2019-07-02T23:05:45.988" intervalms="14.659">
  <response-info timems="0.022" idlems="0.022" threads="0" lastid="0000000001354500" lastname="Thread-8" />
</exclusive-start>
<af-start id="6026" threadId="0000000001354E88" totalBytesRequested="40" timestamp="2019-07-02T23:05:45.988" intervalms="14.638" />
<cycle-start id="6027" type="global" contextid="0" timestamp="2019-07-02T23:05:45.988" intervalms="14.569" />
  <attribute name="GC Util" value="150" />
  <attribute name="CPU Util" value="18832181982292" />
  <attribute name="Time Running"value="6541"/>
  <attribute name="Number of cores"value="4"/>
<gc-start id="6028" type="global" contextid="6027" timestamp="2019-07-02T23:05:45.988">
  <mem-info id="6029" free="130048" total="15728640" percent="0">
    <mem type="tenure" free="130048" total="15728640" percent="0">
      <mem type="soa" free="0" total="15571968" percent="0" />
      <mem type="loa" free="130048" total="156672" percent="83" />
    </mem>
  </mem-info>
</gc-start>
<allocation-stats totalBytes="9784584" >
  <allocated-bytes non-tlh="0" tlh="9784584" />
  <largest-consumer threadName="Thread-10" threadId="000000000135BD00" bytes="2719632" />
</allocation-stats>
<gc-op id="6030" type="mark" timems="2.084" contextid="6027" timestamp="2019-07-02T23:05:45.990">
  <trace-info objectcount="69028" scancount="61434" scanbytes="2348004" />
  <finalization candidates="124" enqueued="0" />
  <ownableSynchronizers candidates="3" cleared="0" />
  <references type="soft" candidates="84" cleared="0" enqueued="0" dynamicThreshold="20" maxThreshold="32" />
  <references type="weak" candidates="774" cleared="0" enqueued="0" />
  <references type="phantom" candidates="63" cleared="0" enqueued="0" />
  <stringconstants candidates="4574" cleared="0"  />
</gc-op>
<gc-op id="6031" type="sweep" timems="0.722" contextid="6027" timestamp="2019-07-02T23:05:45.991" />
<heap-resize id="6032" type="contract" space="tenure" amount="131072" count="1" timems="0.089" reason="excess free space following gc" timestamp="2019-07-02T23:05:45.991" />
<gc-end id="6033" type="global" contextid="6027" durationms="3.404" usertimems="4.000" systemtimems="0.000" timestamp="2019-07-02T23:05:45.991" activeThreads="4">
  <mem-info id="6034" free="9678624" total="15597568" percent="62">
    <mem type="tenure" free="9678624" total="15597568" percent="62" micro-fragmented="0" macro-fragmented="0">
      <mem type="soa" free="9605896" total="15441920" percent="62" />
      <mem type="loa" free="72728" total="155648" percent="46" />
    </mem>
  </mem-info>
</gc-end>
<cycle-end id="6035" type="global" contextid="6027" timestamp="2019-07-02T23:05:45.991">
  <attribute name="GC Util" value="248" />
  <attribute name="CPU Util" value="8489462103018" />
  <attribute name="Time Running"value="6555"/>
  <attribute name="Number of cores"value="4"/>
</cycle-end>
<allocation-satisfied id="6036" threadId="0000000001354500" bytesRequested="40" />
<af-end id="6037" timestamp="2019-07-02T23:05:45.991" threadId="0000000001354E88" success="true" />
<exclusive-end id="6038" timestamp="2019-07-02T23:05:45.992" durationms="4.032" />

<exclusive-start id="6039" timestamp="2019-07-02T23:05:45.996" intervalms="8.777">
  <response-info timems="0.023" idlems="0.023" threads="0" lastid="000000000135BD00" lastname="Thread-10" />
</exclusive-start>
<af-start id="6040" threadId="000000000135C688" totalBytesRequested="24" timestamp="2019-07-02T23:05:45.996" intervalms="8.826" />
<cycle-start id="6041" type="global" contextid="0" timestamp="2019-07-02T23:05:45.997" intervalms="8.868" />
  <attribute name="GC Util" value="248" />
  <attribute name="CPU Util" value="8489462103018" />
  <attribute name="Time Running"value="6555"/>
  <attribute name="Number of cores"value="4"/>
<gc-start id="6042" type="global" contextid="6041" timestamp="2019-07-02T23:05:45.997">
  <mem-info id="6043" free="72728" total="15597568" percent="0">
    <mem type="tenure" free="72728" total="15597568" percent="0">
      <mem type="soa" free="0" total="15441920" percent="0" />
      <mem type="loa" free="72728" total="155648" percent="46" />
    </mem>
  </mem-info>
</gc-start>
<allocation-stats totalBytes="9606672" >
  <allocated-bytes non-tlh="0" tlh="9606672" />
  <largest-consumer threadName="Thread-10" threadId="000000000135BD00" bytes="2726568" />
</allocation-stats>
<gc-op id="6044" type="mark" timems="1.142" contextid="6041" timestamp="2019-07-02T23:05:45.998">
  <trace-info objectcount="70653" scancount="63081" scanbytes="2387012" />
  <finalization candidates="124" enqueued="0" />
  <ownableSynchronizers candidates="3" cleared="0" />
  <references type="soft" candidates="84" cleared="0" enqueued="0" dynamicThreshold="19" maxThreshold="32" />
  <references type="weak" candidates="774" cleared="0" enqueued="0" />
  <references type="phantom" candidates="63" cleared="0" enqueued="0" />
  <stringconstants candidates="4574" cleared="0"  />
</gc-op>
<gc-op id="6045" type="sweep" timems="0.319" contextid="6041" timestamp="2019-07-02T23:05:45.998" />
<heap-resize id="6046" type="contract" space="tenure" amount="131072" count="1" timems="0.088" reason="excess free space following gc" timestamp="2019-07-02T23:05:45.999" />
<gc-end id="6047" type="global" contextid="6041" durationms="2.029" usertimems="4.000" systemtimems="0.000" timestamp="2019-07-02T23:05:45.999" activeThreads="4">
  <mem-info id="6048" free="9501520" total="15466496" percent="61">
    <mem type="tenure" free="9501520" total="15466496" percent="61" micro-fragmented="13312" macro-fragmented="0">
      <mem type="soa" free="9434232" total="15311872" percent="61" />
      <mem type="loa" free="67288" total="154624" percent="43" />
    </mem>
  </mem-info>
</gc-end>
<cycle-end id="6049" type="global" contextid="6041" timestamp="2019-07-02T23:05:45.999">
  <attribute name="GC Util" value="215" />
  <attribute name="CPU Util" value="14981494153111" />
  <attribute name="Time Running"value="6563"/>
  <attribute name="Number of cores"value="4"/>
</cycle-end>
<allocation-satisfied id="6050" threadId="000000000135BD00" bytesRequested="24" />
<af-end id="6051" timestamp="2019-07-02T23:05:45.999" threadId="000000000135C688" success="true" />
<exclusive-end id="6052" timestamp="2019-07-02T23:05:45.999" durationms="2.713" />

<exclusive-start id="6053" timestamp="2019-07-02T23:05:46.004" intervalms="7.268">
  <response-info timems="0.023" idlems="0.023" threads="0" lastid="000000000135F900" lastname="Thread-9" />
</exclusive-start>
<af-start id="6054" threadId="0000000001360288" totalBytesRequested="40" timestamp="2019-07-02T23:05:46.004" intervalms="7.240" />
<cycle-start id="6055" type="global" contextid="0" timestamp="2019-07-02T23:05:46.004" intervalms="7.233" />
  <attribute name="GC Util" value="215" />
  <attribute name="CPU Util" value="14981494153111" />
  <attribute name="Time Running"value="6563"/>
  <attribute name="Number of cores"value="4"/>
<gc-start id="6056" type="global" contextid="6055" timestamp="2019-07-02T23:05:46.004">
  <mem-info id="6057" free="67288" total="15466496" percent="0">
    <mem type="tenure" free="67288" total="15466496" percent="0">
      <mem type="soa" free="0" total="15311872" percent="0" />
      <mem type="loa" free="67288" total="154624" percent="43" />
    </mem>
  </mem-info>
</gc-start>
<allocation-stats totalBytes="9432552" >
  <allocated-bytes non-tlh="19056" tlh="9413496" />
  <largest-consumer threadName="Thread-7" threadId="0000000001358100" bytes="2506872" />
</allocation-stats>
<gc-op id="6058" type="mark" timems="2.065" contextid="6055" timestamp="2019-07-02T23:05:46.006">
  <trace-info objectcount="67590" scancount="60001" scanbytes="2313164" />
  <finalization candidates="124" enqueued="0" />
  <ownableSynchronizers candidates="3" cleared="0" />
  <references type="soft" candidates="84" cleared="0" enqueued="0" dynamicThreshold="19" maxThreshold="32" />
  <references type="weak" candidates="774" cleared="0" enqueued="0" />
  <references type="phantom" candidates="63" cleared="0" enqueued="0" />
  <stringconstants candidates="4574" cleared="0"  />
</gc-op>
<gc-op id="6059" type="sweep" timems="0.795" contextid="6055" timestamp="2019-07-02T23:05:46.007" />
<gc-end id="6060" type="global" contextid="6055" durationms="3.193" usertimems="4.000" systemtimems="0.000" timestamp="2019-07-02T23:05:46.007" activeThreads="4">
  <mem-info id="6061" free="9426360" total="15466496" percent="60">
    <mem type="tenure" free="9426360" total="15466496" percent="60" micro-fragmented="64685" macro-fragmented="15685">
      <mem type="soa" free="9326328" total="15311872" percent="60" />
      <mem type="loa" free="100032" total="154624" percent="64" />
    </mem>
  </mem-info>
</gc-end>
<cycle-end id="6062" type="global" contextid="6055" timestamp="2019-07-02T23:05:46.007">
  <attribute name="GC Util" value="254" />
  <attribute name="CPU Util" value="8531655119695" />
  <attribute name="Time Running"value="6571"/>
  <attribute name="Number of cores"value="4"/>
</cycle-end>
<allocation-satisfied id="6063" threadId="000000000135F900" bytesRequested="40" />
<af-end id="6064" timestamp="2019-07-02T23:05:46.007" threadId="0000000001360288" success="true" />
<exclusive-end id="6065" timestamp="2019-07-02T23:05:46.007" durationms="3.785" />

<exclusive-start id="6066" timestamp="2019-07-02T23:05:46.012" intervalms="8.529">
  <response-info timems="0.028" idlems="0.028" threads="0" lastid="000000000135BD00" lastname="Thread-10" />
</exclusive-start>
<af-start id="6067" threadId="000000000135C688" totalBytesRequested="24" timestamp="2019-07-02T23:05:46.012" intervalms="8.539" />
<cycle-start id="6068" type="global" contextid="0" timestamp="2019-07-02T23:05:46.012" intervalms="8.533" />
  <attribute name="GC Util" value="254" />
  <attribute name="CPU Util" value="8531655119695" />
  <attribute name="Time Running"value="6571"/>
  <attribute name="Number of cores"value="4"/>
<gc-start id="6069" type="global" contextid="6068" timestamp="2019-07-02T23:05:46.012">
  <mem-info id="6070" free="100032" total="15466496" percent="0">
    <mem type="tenure" free="100032" total="15466496" percent="0">
      <mem type="soa" free="0" total="15311872" percent="0" />
      <mem type="loa" free="100032" total="154624" percent="64" />
    </mem>
  </mem-info>
</gc-start>
<allocation-stats totalBytes="9389392" >
  <allocated-bytes non-tlh="0" tlh="9389392" />
  <largest-consumer threadName="Thread-10" threadId="000000000135BD00" bytes="2585248" />
</allocation-stats>
<gc-op id="6071" type="mark" timems="1.092" contextid="6068" timestamp="2019-07-02T23:05:46.014">
  <trace-info objectcount="69763" scancount="62188" scanbytes="2365796" />
  <finalization candidates="124" enqueued="0" />
  <ownableSynchronizers candidates="3" cleared="0" />
  <references type="soft" candidates="84" cleared="0" enqueued="0" dynamicThreshold="19" maxThreshold="32" />
  <references type="weak" candidates="774" cleared="0" enqueued="0" />
  <references type="phantom" candidates="63" cleared="0" enqueued="0" />
  <stringconstants candidates="4574" cleared="0"  />
</gc-op>
<gc-op id="6072" type="sweep" timems="0.321" contextid="6068" timestamp="2019-07-02T23:05:46.014" />
<gc-end id="6073" type="global" contextid="6068" durationms="1.802" usertimems="4.000" systemtimems="0.000" timestamp="2019-07-02T23:05:46.014" activeThreads="4">
  <mem-info id="6074" free="9376224" total="15466496" percent="60">
    <mem type="tenure" free="9376224" total="15466496" percent="60" micro-fragmented="161536" macro-fragmented="27039">
      <mem type="soa" free="9276192" total="15311872" percent="60" />
      <mem type="loa" free="100032" total="154624" percent="64" />
    </mem>
  </mem-info>
</gc-end>
<cycle-end id="6075" type="global" contextid="6068" timestamp="2019-07-02T23:05:46.014">
  <attribute name="GC Util" value="217" />
  <attribute name="CPU Util" value="15547205444378" />
  <attribute name="Time Running"value="6578"/>
  <attribute name="Number of cores"value="4"/>
</cycle-end>
<allocation-satisfied id="6076" threadId="000000000135BD00" bytesRequested="24" />
<af-end id="6077" timestamp="2019-07-02T23:05:46.015" threadId="000000000135C688" success="true" />
<exclusive-end id="6078" timestamp="2019-07-02T23:05:46.015" durationms="2.583" />

<exclusive-start id="6079" timestamp="2019-07-02T23:05:46.020" intervalms="7.491">
  <response-info timems="0.024" idlems="0.024" threads="1" lastid="000000000135F900" lastname="Thread-9" />
</exclusive-start>
<af-start id="6080" threadId="0000000001354E88" totalBytesRequested="40" timestamp="2019-07-02T23:05:46.020" intervalms="7.490" />
<cycle-start id="6081" type="global" contextid="0" timestamp="2019-07-02T23:05:46.020" intervalms="7.492" />
  <attribute name="GC Util" value="217" />
  <attribute name="CPU Util" value="15547205444378" />
  <attribute name="Time Running"value="6578"/>
  <attribute name="Number of cores"value="4"/>
<gc-start id="6082" type="global" contextid="6081" timestamp="2019-07-02T23:05:46.020">
  <mem-info id="6083" free="100032" total="15466496" percent="0">
    <mem type="tenure" free="100032" total="15466496" percent="0">
      <mem type="soa" free="0" total="15311872" percent="0" />
      <mem type="loa" free="100032" total="154624" percent="64" />
    </mem>
  </mem-info>
</gc-start>
<allocation-stats totalBytes="9290816" >
  <allocated-bytes non-tlh="0" tlh="9290816" />
  <largest-consumer threadName="Thread-10" threadId="000000000135BD00" bytes="2624888" />
</allocation-stats>
<gc-op id="6084" type="mark" timems="2.324" contextid="6081" timestamp="2019-07-02T23:05:46.022">
  <trace-info objectcount="70850" scancount="63280" scanbytes="2391404" />
  <finalization candidates="124" enqueued="0" />
  <ownableSynchronizers candidates="3" cleared="0" />
  <references type="soft" candidates="84" cleared="0" enqueued="0" dynamicThreshold="19" maxThreshold="32" />
  <references type="weak" candidates="774" cleared="0" enqueued="0" />
  <references type="phantom" candidates="63" cleared="0" enqueued="0" />
  <stringconstants candidates="4574" cleared="0"  />
</gc-op>
<gc-op id="6085" type="sweep" timems="0.825" contextid="6081" timestamp="2019-07-02T23:05:46.023" />
<gc-end id="6086" type="global" contextid="6081" durationms="3.552" usertimems="8.000" systemtimems="0.000" timestamp="2019-07-02T23:05:46.023" activeThreads="4">
  <mem-info id="6087" free="9320464" total="15466496" percent="60">
    <mem type="tenure" free="9320464" total="15466496" percent="60" micro-fragmented="111140" macro-fragmented="35983">
      <mem type="soa" free="9220432" total="15311872" percent="60" />
      <mem type="loa" free="100032" total="154624" percent="64" />
    </mem>
  </mem-info>
</gc-end>
<cycle-end id="6088" type="global" contextid="6081" timestamp="2019-07-02T23:05:46.024">
  <attribute name="GC Util" value="253" />
  <attribute name="CPU Util" value="7637821263632" />
  <attribute name="Time Running"value="6587"/>
  <attribute name="Number of cores"value="4"/>
</cycle-end>
<allocation-satisfied id="6089" threadId="0000000001354500" bytesRequested="40" />
<af-end id="6090" timestamp="2019-07-02T23:05:46.024" threadId="0000000001354E88" success="true" />
<exclusive-end id="6091" timestamp="2019-07-02T23:05:46.024" durationms="4.428" />

<exclusive-start id="6092" timestamp="2019-07-02T23:05:46.029" intervalms="9.332">
  <response-info timems="0.028" idlems="0.028" threads="0" lastid="0000000001354500" lastname="Thread-8" />
</exclusive-start>
<af-start id="6093" threadId="0000000001354E88" totalBytesRequested="40" timestamp="2019-07-02T23:05:46.029" intervalms="9.354" />
<cycle-start id="6094" type="global" contextid="0" timestamp="2019-07-02T23:05:46.029" intervalms="9.346" />
  <attribute name="GC Util" value="253" />
  <attribute name="CPU Util" value="7637821263632" />
  <attribute name="Time Running"value="6587"/>
  <attribute name="Number of cores"value="4"/>
<gc-start id="6095" type="global" contextid="6094" timestamp="2019-07-02T23:05:46.029">
  <mem-info id="6096" free="100032" total="15466496" percent="0">
    <mem type="tenure" free="100032" total="15466496" percent="0">
      <mem type="soa" free="0" total="15311872" percent="0" />
      <mem type="loa" free="100032" total="154624" percent="64" />
    </mem>
  </mem-info>
</gc-start>
<allocation-stats totalBytes="9215408" >
  <allocated-bytes non-tlh="19056" tlh="9196352" />
  <largest-consumer threadName="Thread-10" threadId="000000000135BD00" bytes="2781400" />
</allocation-stats>
<gc-op id="6097" type="mark" timems="1.991" contextid="6094" timestamp="2019-07-02T23:05:46.031">
  <trace-info objectcount="67658" scancount="60080" scanbytes="2315156" />
  <finalization candidates="124" enqueued="0" />
  <ownableSynchronizers candidates="3" cleared="0" />
  <references type="soft" candidates="84" cleared="0" enqueued="0" dynamicThreshold="19" maxThreshold="32" />
  <references type="weak" candidates="774" cleared="0" enqueued="0" />
  <references type="phantom" candidates="63" cleared="0" enqueued="0" />
  <stringconstants candidates="4574" cleared="0"  />
</gc-op>
<gc-op id="6098" type="sweep" timems="0.806" contextid="6094" timestamp="2019-07-02T23:05:46.032" />
<gc-end id="6099" type="global" contextid="6094" durationms="3.224" usertimems="8.000" systemtimems="0.000" timestamp="2019-07-02T23:05:46.032" activeThreads="4">
  <mem-info id="6100" free="9336080" total="15466496" percent="60">
    <mem type="tenure" free="9336080" total="15466496" percent="60" micro-fragmented="131988" macro-fragmented="80216">
      <mem type="soa" free="9236048" total="15311872" percent="60" />
      <mem type="loa" free="100032" total="154624" percent="64" />
    </mem>
  </mem-info>
</gc-end>
<cycle-end id="6101" type="global" contextid="6094" timestamp="2019-07-02T23:05:46.033">
  <attribute name="GC Util" value="219" />
  <attribute name="CPU Util" value="8853418483112" />
  <attribute name="Time Running"value="6596"/>
  <attribute name="Number of cores"value="4"/>
</cycle-end>
<allocation-satisfied id="6102" threadId="0000000001354500" bytesRequested="40" />
<af-end id="6103" timestamp="2019-07-02T23:05:46.033" threadId="0000000001354E88" success="true" />
<exclusive-end id="6104" timestamp="2019-07-02T23:05:46.033" durationms="4.036" />

<exclusive-start id="6105" timestamp="2019-07-02T23:05:46.038" intervalms="8.927">
  <response-info timems="0.023" idlems="0.023" threads="0" lastid="0000000001354500" lastname="Thread-8" />
</exclusive-start>
<af-start id="6106" threadId="0000000001354E88" totalBytesRequested="24" timestamp="2019-07-02T23:05:46.038" intervalms="8.904" />
<cycle-start id="6107" type="global" contextid="0" timestamp="2019-07-02T23:05:46.038" intervalms="8.949" />
  <attribute name="GC Util" value="219" />
  <attribute name="CPU Util" value="8853418483112" />
  <attribute name="Time Running"value="6596"/>
  <attribute name="Number of cores"value="4"/>
<gc-start id="6108" type="global" contextid="6107" timestamp="2019-07-02T23:05:46.038">
  <mem-info id="6109" free="100032" total="15466496" percent="0">
    <mem type="tenure" free="100032" total="15466496" percent="0">
      <mem type="soa" free="0" total="15311872" percent="0" />
      <mem type="loa" free="100032" total="154624" percent="64" />
    </mem>
  </mem-info>
</gc-start>
<allocation-stats totalBytes="9294704" >
  <allocated-bytes non-tlh="0" tlh="9294704" />
  <largest-consumer threadName="Thread-10" threadId="000000000135BD00" bytes="2609032" />
</allocation-stats>
<gc-op id="6110" type="mark" timems="1.873" contextid="6107" timestamp="2019-07-02T23:05:46.040">
  <trace-info objectcount="69803" scancount="62227" scanbytes="2366004" />
  <finalization candidates="124" enqueued="0" />
  <ownableSynchronizers candidates="3" cleared="0" />
  <references type="soft" candidates="84" cleared="0" enqueued="0" dynamicThreshold="19" maxThreshold="32" />
  <references type="weak" candidates="774" cleared="0" enqueued="0" />
  <references type="phantom" candidates="63" cleared="0" enqueued="0" />
  <stringconstants candidates="4574" cleared="0"  />
</gc-op>
<gc-op id="6111" type="sweep" timems="0.875" contextid="6107" timestamp="2019-07-02T23:05:46.041" />
<gc-end id="6112" type="global" contextid="6107" durationms="3.243" usertimems="8.000" systemtimems="0.000" timestamp="2019-07-02T23:05:46.041" activeThreads="4">
  <mem-info id="6113" free="9287032" total="15466496" percent="60">
    <mem type="tenure" free="9287032" total="15466496" percent="60" micro-fragmented="165318" macro-fragmented="12638">
      <mem type="soa" free="9187000" total="15311872" percent="59" />
      <mem type="loa" free="100032" total="154624" percent="64" />
    </mem>
  </mem-info>
</gc-end>
<cycle-end id="6114" type="global" contextid="6107" timestamp="2019-07-02T23:05:46.042">
  <attribute name="GC Util" value="235" />
  <attribute name="CPU Util" value="9378434896803" />
  <attribute name="Time Running"value="6605"/>
  <attribute name="Number of cores"value="4"/>
</cycle-end>
<allocation-satisfied id="6115" threadId="0000000001354500" bytesRequested="24" />
<af-end id="6116" timestamp="2019-07-02T23:05:46.042" threadId="0000000001354E88" success="true" />
<exclusive-end id="6117" timestamp="2019-07-02T23:05:46.042" durationms="4.110" />

<exclusive-start id="6118" timestamp="2019-07-02T23:05:46.047" intervalms="9.054">
  <response-info timems="0.022" idlems="0.020" threads="1" lastid="0000000001354500" lastname="Thread-8" />
</exclusive-start>
<af-start id="6119" threadId="000000000135C688" totalBytesRequested="40" timestamp="2019-07-02T23:05:46.047" intervalms="9.061" />
<cycle-start id="6120" type="global" contextid="0" timestamp="2019-07-02T23:05:46.047" intervalms="9.025" />
  <attribute name="GC Util" value="235" />
  <attribute name="CPU Util" value="9378434896803" />
  <attribute name="Time Running"value="6605"/>
  <attribute name="Number of cores"value="4"/>
<gc-start id="6121" type="global" contextid="6120" timestamp="2019-07-02T23:05:46.047">
  <mem-info id="6122" free="100032" total="15466496" percent="0">
    <mem type="tenure" free="100032" total="15466496" percent="0">
      <mem type="soa" free="0" total="15311872" percent="0" />
      <mem type="loa" free="100032" total="154624" percent="64" />
    </mem>
  </mem-info>
</gc-start>
<allocation-stats totalBytes="9187248" >
  <allocated-bytes non-tlh="23160" tlh="9164088" />
  <largest-consumer threadName="Thread-10" threadId="000000000135BD00" bytes="2534312" />
</allocation-stats>
<gc-op id="6123" type="mark" timems="1.300" contextid="6120" timestamp="2019-07-02T23:05:46.049">
  <trace-info objectcount="67350" scancount="59781" scanbytes="2307788" />
  <finalization candidates="124" enqueued="0" />
  <ownableSynchronizers candidates="3" cleared="0" />
  <references type="soft" candidates="84" cleared="0" enqueued="0" dynamicThreshold="19" maxThreshold="32" />
  <references type="weak" candidates="774" cleared="0" enqueued="0" />
  <references type="phantom" candidates="63" cleared="0" enqueued="0" />
  <stringconstants candidates="4574" cleared="0"  />
</gc-op>
<gc-op id="6124" type="sweep" timems="0.359" contextid="6120" timestamp="2019-07-02T23:05:46.049" />
<gc-end id="6125" type="global" contextid="6120" durationms="2.092" usertimems="4.000" systemtimems="0.000" timestamp="2019-07-02T23:05:46.049" activeThreads="4">
  <mem-info id="6126" free="9441272" total="15466496" percent="61">
    <mem type="tenure" free="9441272" total="15466496" percent="61" micro-fragmented="128569" macro-fragmented="31595">
      <mem type="soa" free="9286648" total="15311872" percent="60" />
      <mem type="loa" free="154624" total="154624" percent="100" />
    </mem>
  </mem-info>
</gc-end>
<cycle-end id="6127" type="global" contextid="6120" timestamp="2019-07-02T23:05:46.049">
  <attribute name="GC Util" value="180" />
  <attribute name="CPU Util" value="13223927208947" />
  <attribute name="Time Running"value="6614"/>
  <attribute name="Number of cores"value="4"/>
</cycle-end>
<allocation-satisfied id="6128" threadId="000000000135BD00" bytesRequested="40" />
<af-end id="6129" timestamp="2019-07-02T23:05:46.050" threadId="000000000135C688" success="true" />
<exclusive-end id="6130" timestamp="2019-07-02T23:05:46.050" durationms="2.806" />

<exclusive-start id="6131" timestamp="2019-07-02T23:05:46.055" intervalms="7.775">
  <response-info timems="0.026" idlems="0.025" threads="1" lastid="0000000001358100" lastname="Thread-7" />
</exclusive-start>
<af-start id="6132" threadId="000000000135C688" totalBytesRequested="24" timestamp="2019-07-02T23:05:46.055" intervalms="7.772" />
<cycle-start id="6133" type="global" contextid="0" timestamp="2019-07-02T23:05:46.055" intervalms="7.768" />
  <attribute name="GC Util" value="180" />
  <attribute name="CPU Util" value="13223927208947" />
  <attribute name="Time Running"value="6614"/>
  <attribute name="Number of cores"value="4"/>
<gc-start id="6134" type="global" contextid="6133" timestamp="2019-07-02T23:05:46.055">
  <mem-info id="6135" free="154624" total="15466496" percent="0">
    <mem type="tenure" free="154624" total="15466496" percent="0">
      <mem type="soa" free="0" total="15311872" percent="0" />
      <mem type="loa" free="154624" total="154624" percent="100" />
    </mem>
  </mem-info>
</gc-start>
<allocation-stats totalBytes="9280944" >
  <allocated-bytes non-tlh="0" tlh="9280944" />
  <largest-consumer threadName="Thread-10" threadId="000000000135BD00" bytes="2585384" />
</allocation-stats>
<gc-op id="6136" type="mark" timems="1.028" contextid="6133" timestamp="2019-07-02T23:05:46.056">
  <trace-info objectcount="60987" scancount="53426" scanbytes="2021104" />
  <finalization candidates="124" enqueued="0" />
  <ownableSynchronizers candidates="3" cleared="0" />
  <references type="soft" candidates="84" cleared="0" enqueued="0" dynamicThreshold="19" maxThreshold="32" />
  <references type="weak" candidates="774" cleared="0" enqueued="0" />
  <references type="phantom" candidates="63" cleared="0" enqueued="0" />
  <stringconstants candidates="4574" cleared="0"  />
</gc-op>
<gc-op id="6137" type="sweep" timems="0.325" contextid="6133" timestamp="2019-07-02T23:05:46.056" />
<heap-resize id="6138" type="contract" space="tenure" amount="131072" count="1" timems="0.118" reason="excess free space following gc" timestamp="2019-07-02T23:05:46.057" />
<gc-end id="6139" type="global" contextid="6133" durationms="1.893" usertimems="4.000" systemtimems="0.000" timestamp="2019-07-02T23:05:46.057" activeThreads="4">
  <mem-info id="6140" free="9469432" total="15335424" percent="61">
    <mem type="tenure" free="9469432" total="15335424" percent="61" micro-fragmented="97226" macro-fragmented="34642">
      <mem type="soa" free="9469432" total="15182848" percent="62" />
      <mem type="loa" free="0" total="152576" percent="0" />
    </mem>
  </mem-info>
</gc-end>
<cycle-end id="6141" type="global" contextid="6133" timestamp="2019-07-02T23:05:46.057">
  <attribute name="GC Util" value="220" />
  <attribute name="CPU Util" value="16975791384147" />
  <attribute name="Time Running"value="6621"/>
  <attribute name="Number of cores"value="4"/>
</cycle-end>
<allocation-satisfied id="6142" threadId="000000000135BD00" bytesRequested="24" />
<af-end id="6143" timestamp="2019-07-02T23:05:46.057" threadId="000000000135C688" success="true" />
<exclusive-end id="6144" timestamp="2019-07-02T23:05:46.057" durationms="2.540" />

<exclusive-start id="6145" timestamp="2019-07-02T23:05:46.062" intervalms="7.655">
  <response-info timems="0.022" idlems="0.020" threads="1" lastid="0000000001358100" lastname="Thread-7" />
</exclusive-start>
<af-start id="6146" threadId="0000000001360288" totalBytesRequested="136" timestamp="2019-07-02T23:05:46.062" intervalms="7.607" />
<cycle-start id="6147" type="global" contextid="0" timestamp="2019-07-02T23:05:46.062" intervalms="7.606" />
  <attribute name="GC Util" value="220" />
  <attribute name="CPU Util" value="16975791384147" />
  <attribute name="Time Running"value="6621"/>
  <attribute name="Number of cores"value="4"/>
<gc-start id="6148" type="global" contextid="6147" timestamp="2019-07-02T23:05:46.063">
  <mem-info id="6149" free="0" total="15335424" percent="0">
    <mem type="tenure" free="0" total="15335424" percent="0">
      <mem type="soa" free="0" total="15182848" percent="0" />
      <mem type="loa" free="0" total="152576" percent="0" />
    </mem>
  </mem-info>
</gc-start>
<allocation-stats totalBytes="9462488" >
  <allocated-bytes non-tlh="19056" tlh="9443432" />
  <largest-consumer threadName="Thread-10" threadId="000000000135BD00" bytes="2444632" />
</allocation-stats>
<gc-op id="6150" type="mark" timems="2.183" contextid="6147" timestamp="2019-07-02T23:05:46.065">
  <trace-info objectcount="66043" scancount="58454" scanbytes="2276132" />
  <finalization candidates="124" enqueued="0" />
  <ownableSynchronizers candidates="3" cleared="0" />
  <references type="soft" candidates="84" cleared="0" enqueued="0" dynamicThreshold="19" maxThreshold="32" />
  <references type="weak" candidates="774" cleared="0" enqueued="0" />
  <references type="phantom" candidates="63" cleared="0" enqueued="0" />
  <stringconstants candidates="4574" cleared="0"  />
</gc-op>
<gc-op id="6151" type="sweep" timems="0.857" contextid="6147" timestamp="2019-07-02T23:05:46.066" />
<heap-resize id="6152" type="expand" space="tenure" amount="1048576" count="1" timems="0.048" reason="excessive time being spent in gc" timestamp="2019-07-02T23:05:46.066" />
<gc-end id="6153" type="global" contextid="6147" durationms="3.531" usertimems="4.000" systemtimems="4.000" timestamp="2019-07-02T23:05:46.066" activeThreads="4">
  <mem-info id="6154" free="10196128" total="16384000" percent="62">
    <mem type="tenure" free="10196128" total="16384000" percent="62" micro-fragmented="129304" macro-fragmented="21073">
      <mem type="soa" free="10032288" total="16220160" percent="61" />
      <mem type="loa" free="163840" total="163840" percent="100" />
    </mem>
  </mem-info>
</gc-end>
<cycle-end id="6155" type="global" contextid="6147" timestamp="2019-07-02T23:05:46.066">
  <attribute name="GC Util" value="239" />
  <attribute name="CPU Util" value="8267348118094" />
  <attribute name="Time Running"value="6630"/>
  <attribute name="Number of cores"value="4"/>
</cycle-end>
<allocation-satisfied id="6156" threadId="000000000135F900" bytesRequested="136" />
<af-end id="6157" timestamp="2019-07-02T23:05:46.066" threadId="0000000001360288" success="true" />
<exclusive-end id="6158" timestamp="2019-07-02T23:05:46.066" durationms="4.127" />

<exclusive-start id="6159" timestamp="2019-07-02T23:05:46.072" intervalms="9.561">
  <response-info timems="0.022" idlems="0.022" threads="0" lastid="0000000001358100" lastname="Thread-7" />
</exclusive-start>
<af-start id="6160" threadId="0000000001358A88" totalBytesRequested="40" timestamp="2019-07-02T23:05:46.072" intervalms="9.574" />
<cycle-start id="6161" type="global" contextid="0" timestamp="2019-07-02T23:05:46.072" intervalms="9.541" />
  <attribute name="GC Util" value="239" />
  <attribute name="CPU Util" value="8267348118094" />
  <attribute name="Time Running"value="6630"/>
  <attribute name="Number of cores"value="4"/>
<gc-start id="6162" type="global" contextid="6161" timestamp="2019-07-02T23:05:46.072">
  <mem-info id="6163" free="163840" total="16384000" percent="1">
    <mem type="tenure" free="163840" total="16384000" percent="1">
      <mem type="soa" free="0" total="16220160" percent="0" />
      <mem type="loa" free="163840" total="163840" percent="100" />
    </mem>
  </mem-info>
</gc-start>
<allocation-stats totalBytes="10024568" >
  <allocated-bytes non-tlh="0" tlh="10024568" />
  <largest-consumer threadName="Thread-8" threadId="0000000001354500" bytes="2616192" />
</allocation-stats>
<gc-op id="6164" type="mark" timems="2.082" contextid="6161" timestamp="2019-07-02T23:05:46.074">
  <trace-info objectcount="67692" scancount="60125" scanbytes="2316108" />
  <finalization candidates="124" enqueued="0" />
  <ownableSynchronizers candidates="3" cleared="0" />
  <references type="soft" candidates="84" cleared="0" enqueued="0" dynamicThreshold="19" maxThreshold="32" />
  <references type="weak" candidates="774" cleared="0" enqueued="0" />
  <references type="phantom" candidates="63" cleared="0" enqueued="0" />
  <stringconstants candidates="4574" cleared="0"  />
</gc-op>
<gc-op id="6165" type="sweep" timems="0.877" contextid="6161" timestamp="2019-07-02T23:05:46.075" />
<gc-end id="6166" type="global" contextid="6161" durationms="3.341" usertimems="8.000" systemtimems="0.000" timestamp="2019-07-02T23:05:46.075" activeThreads="4">
  <mem-info id="6167" free="10228240" total="16384000" percent="62">
    <mem type="tenure" free="10228240" total="16384000" percent="62" micro-fragmented="163259" macro-fragmented="35252">
      <mem type="soa" free="10064400" total="16220160" percent="62" />
      <mem type="loa" free="163840" total="163840" percent="100" />
    </mem>
  </mem-info>
</gc-end>
<cycle-end id="6168" type="global" contextid="6161" timestamp="2019-07-02T23:05:46.076">
  <attribute name="GC Util" value="255" />
  <attribute name="CPU Util" value="8473582655494" />
  <attribute name="Time Running"value="6639"/>
  <attribute name="Number of cores"value="4"/>
</cycle-end>
<allocation-satisfied id="6169" threadId="0000000001358100" bytesRequested="40" />
<af-end id="6170" timestamp="2019-07-02T23:05:46.076" threadId="0000000001358A88" success="true" />
<exclusive-end id="6171" timestamp="2019-07-02T23:05:46.076" durationms="4.054" />

<exclusive-start id="6172" timestamp="2019-07-02T23:05:46.081" intervalms="9.542">
  <response-info timems="0.033" idlems="0.033" threads="0" lastid="000000000135F900" lastname="Thread-9" />
</exclusive-start>
<af-start id="6173" threadId="0000000001360288" totalBytesRequested="40" timestamp="2019-07-02T23:05:46.082" intervalms="9.566" />
<cycle-start id="6174" type="global" contextid="0" timestamp="2019-07-02T23:05:46.082" intervalms="9.605" />
  <attribute name="GC Util" value="255" />
  <attribute name="CPU Util" value="8473582655494" />
  <attribute name="Time Running"value="6639"/>
  <attribute name="Number of cores"value="4"/>
<gc-start id="6175" type="global" contextid="6174" timestamp="2019-07-02T23:05:46.082">
  <mem-info id="6176" free="163840" total="16384000" percent="1">
    <mem type="tenure" free="163840" total="16384000" percent="1">
      <mem type="soa" free="0" total="16220160" percent="0" />
      <mem type="loa" free="163840" total="163840" percent="100" />
    </mem>
  </mem-info>
</gc-start>
<allocation-stats totalBytes="10054976" >
  <allocated-bytes non-tlh="0" tlh="10054976" />
  <largest-consumer threadName="Thread-8" threadId="0000000001354500" bytes="2652728" />
</allocation-stats>
<gc-op id="6177" type="mark" timems="2.354" contextid="6174" timestamp="2019-07-02T23:05:46.084">
  <trace-info objectcount="69066" scancount="61497" scanbytes="2348468" />
  <finalization candidates="124" enqueued="0" />
  <ownableSynchronizers candidates="3" cleared="0" />
  <references type="soft" candidates="84" cleared="0" enqueued="0" dynamicThreshold="19" maxThreshold="32" />
  <references type="weak" candidates="774" cleared="0" enqueued="0" />
  <references type="phantom" candidates="63" cleared="0" enqueued="0" />
  <stringconstants candidates="4574" cleared="0"  />
</gc-op>
<gc-op id="6178" type="sweep" timems="0.939" contextid="6174" timestamp="2019-07-02T23:05:46.085" />
<gc-end id="6179" type="global" contextid="6174" durationms="3.689" usertimems="8.000" systemtimems="0.000" timestamp="2019-07-02T23:05:46.085" activeThreads="4">
  <mem-info id="6180" free="10131496" total="16384000" percent="61">
    <mem type="tenure" free="10131496" total="16384000" percent="61" micro-fragmented="239358" macro-fragmented="44423">
      <mem type="soa" free="9967656" total="16220160" percent="61" />
      <mem type="loa" free="163840" total="163840" percent="100" />
    </mem>
  </mem-info>
</gc-end>
<cycle-end id="6181" type="global" contextid="6174" timestamp="2019-07-02T23:05:46.085">
  <attribute name="GC Util" value="247" />
  <attribute name="CPU Util" value="7552427481970" />
  <attribute name="Time Running"value="6649"/>
  <attribute name="Number of cores"value="4"/>
</cycle-end>
<allocation-satisfied id="6182" threadId="000000000135F900" bytesRequested="40" />
<af-end id="6183" timestamp="2019-07-02T23:05:46.086" threadId="0000000001360288" success="true" />
<exclusive-end id="6184" timestamp="2019-07-02T23:05:46.086" durationms="4.186" />

<exclusive-start id="6185" timestamp="2019-07-02T23:05:46.091" intervalms="9.448">
  <response-info timems="0.024" idlems="0.024" threads="0" lastid="0000000001358100" lastname="Thread-7" />
</exclusive-start>
<af-start id="6186" threadId="0000000001358A88" totalBytesRequested="24" timestamp="2019-07-02T23:05:46.091" intervalms="9.465" />
<cycle-start id="6187" type="global" contextid="0" timestamp="2019-07-02T23:05:46.091" intervalms="9.432" />
  <attribute name="GC Util" value="247" />
  <attribute name="CPU Util" value="7552427481970" />
  <attribute name="Time Running"value="6649"/>
  <attribute name="Number of cores"value="4"/>
<gc-start id="6188" type="global" contextid="6187" timestamp="2019-07-02T23:05:46.091">
  <mem-info id="6189" free="163840" total="16384000" percent="1">
    <mem type="tenure" free="163840" total="16384000" percent="1">
      <mem type="soa" free="0" total="16220160" percent="0" />
      <mem type="loa" free="163840" total="163840" percent="100" />
    </mem>
  </mem-info>
</gc-start>
<allocation-stats totalBytes="9956112" >
  <allocated-bytes non-tlh="23160" tlh="9932952" />
  <largest-consumer threadName="Thread-8" threadId="0000000001354500" bytes="2838088" />
</allocation-stats>
<gc-op id="6190" type="mark" timems="2.084" contextid="6187" timestamp="2019-07-02T23:05:46.093">
  <trace-info objectcount="66246" scancount="58677" scanbytes="2281004" />
  <finalization candidates="124" enqueued="0" />
  <ownableSynchronizers candidates="3" cleared="0" />
  <references type="soft" candidates="84" cleared="0" enqueued="0" dynamicThreshold="19" maxThreshold="32" />
  <references type="weak" candidates="774" cleared="0" enqueued="0" />
  <references type="phantom" candidates="63" cleared="0" enqueued="0" />
  <stringconstants candidates="4574" cleared="0"  />
</gc-op>
<gc-op id="6191" type="sweep" timems="0.846" contextid="6187" timestamp="2019-07-02T23:05:46.094" />
<heap-resize id="6192" type="contract" space="tenure" amount="131072" count="1" timems="0.052" reason="excess free space following gc" timestamp="2019-07-02T23:05:46.095" />
<gc-end id="6193" type="global" contextid="6187" durationms="3.563" usertimems="8.000" systemtimems="0.000" timestamp="2019-07-02T23:05:46.095" activeThreads="4">
  <mem-info id="6194" free="10211624" total="16252928" percent="62">
    <mem type="tenure" free="10211624" total="16252928" percent="62" micro-fragmented="71130" macro-fragmented="2539">
      <mem type="soa" free="10135568" total="16091136" percent="62" />
      <mem type="loa" free="76056" total="161792" percent="47" />
    </mem>
  </mem-info>
</gc-end>
<cycle-end id="6195" type="global" contextid="6187" timestamp="2019-07-02T23:05:46.095">
  <attribute name="GC Util" value="234" />
  <attribute name="CPU Util" value="8476576947155" />
  <attribute name="Time Running"value="6658"/>
  <attribute name="Number of cores"value="4"/>
</cycle-end>
<allocation-satisfied id="6196" threadId="0000000001358100" bytesRequested="24" />
<af-end id="6197" timestamp="2019-07-02T23:05:46.095" threadId="0000000001358A88" success="true" />
<exclusive-end id="6198" timestamp="2019-07-02T23:05:46.095" durationms="4.356" />

<exclusive-start id="6199" timestamp="2019-07-02T23:05:46.101" intervalms="9.770">
  <response-info timems="0.034" idlems="0.034" threads="0" lastid="000000000135F900" lastname="Thread-9" />
</exclusive-start>
<af-start id="6200" threadId="0000000001360288" totalBytesRequested="40" timestamp="2019-07-02T23:05:46.101" intervalms="9.710" />
<cycle-start id="6201" type="global" contextid="0" timestamp="2019-07-02T23:05:46.101" intervalms="9.691" />
  <attribute name="GC Util" value="234" />
  <attribute name="CPU Util" value="8476576947155" />
  <attribute name="Time Running"value="6658"/>
  <attribute name="Number of cores"value="4"/>
<gc-start id="6202" type="global" contextid="6201" timestamp="2019-07-02T23:05:46.101">
  <mem-info id="6203" free="76056" total="16252928" percent="0">
    <mem type="tenure" free="76056" total="16252928" percent="0">
      <mem type="soa" free="0" total="16091136" percent="0" />
      <mem type="loa" free="76056" total="161792" percent="47" />
    </mem>
  </mem-info>
</gc-start>
<allocation-stats totalBytes="10127176" >
  <allocated-bytes non-tlh="0" tlh="10127176" />
  <largest-consumer threadName="Thread-9" threadId="000000000135F900" bytes="2835560" />
</allocation-stats>
<gc-op id="6204" type="mark" timems="2.291" contextid="6201" timestamp="2019-07-02T23:05:46.103">
  <trace-info objectcount="68909" scancount="61361" scanbytes="2345436" />
  <finalization candidates="124" enqueued="0" />
  <ownableSynchronizers candidates="3" cleared="0" />
  <references type="soft" candidates="84" cleared="0" enqueued="0" dynamicThreshold="20" maxThreshold="32" />
  <references type="weak" candidates="774" cleared="0" enqueued="0" />
  <references type="phantom" candidates="63" cleared="0" enqueued="0" />
  <stringconstants candidates="4574" cleared="0"  />
</gc-op>
<gc-op id="6205" type="sweep" timems="0.881" contextid="6201" timestamp="2019-07-02T23:05:46.104" />
<heap-resize id="6206" type="contract" space="tenure" amount="131072" count="1" timems="0.112" reason="excess free space following gc" timestamp="2019-07-02T23:05:46.104" />
<gc-end id="6207" type="global" contextid="6201" durationms="3.685" usertimems="4.000" systemtimems="4.000" timestamp="2019-07-02T23:05:46.104" activeThreads="4">
  <mem-info id="6208" free="9868536" total="16121856" percent="61">
    <mem type="tenure" free="9868536" total="16121856" percent="61" micro-fragmented="100704" macro-fragmented="41571">
      <mem type="soa" free="9868536" total="15961088" percent="61" />
      <mem type="loa" free="0" total="160768" percent="0" />
    </mem>
  </mem-info>
</gc-end>
<cycle-end id="6209" type="global" contextid="6201" timestamp="2019-07-02T23:05:46.105">
  <attribute name="GC Util" value="254" />
  <attribute name="CPU Util" value="7751836796806" />
  <attribute name="Time Running"value="6668"/>
  <attribute name="Number of cores"value="4"/>
</cycle-end>
<allocation-satisfied id="6210" threadId="000000000135F900" bytesRequested="40" />
<af-end id="6211" timestamp="2019-07-02T23:05:46.105" threadId="0000000001360288" success="true" />
<exclusive-end id="6212" timestamp="2019-07-02T23:05:46.105" durationms="4.162" />

<exclusive-start id="6213" timestamp="2019-07-02T23:05:46.110" intervalms="9.386">
  <response-info timems="0.021" idlems="0.021" threads="0" lastid="000000000135F900" lastname="Thread-9" />
</exclusive-start>
<af-start id="6214" threadId="0000000001360288" totalBytesRequested="136" timestamp="2019-07-02T23:05:46.110" intervalms="9.424" />
<cycle-start id="6215" type="global" contextid="0" timestamp="2019-07-02T23:05:46.110" intervalms="9.471" />
  <attribute name="GC Util" value="254" />
  <attribute name="CPU Util" value="7751836796806" />
  <attribute name="Time Running"value="6668"/>
  <attribute name="Number of cores"value="4"/>
<gc-start id="6216" type="global" contextid="6215" timestamp="2019-07-02T23:05:46.110">
  <mem-info id="6217" free="0" total="16121856" percent="0">
    <mem type="tenure" free="0" total="16121856" percent="0">
      <mem type="soa" free="0" total="15961088" percent="0" />
      <mem type="loa" free="0" total="160768" percent="0" />
    </mem>
  </mem-info>
</gc-start>
<allocation-stats totalBytes="9858104" >
  <allocated-bytes non-tlh="0" tlh="9858104" />
  <largest-consumer threadName="Thread-9" threadId="000000000135F900" bytes="2682728" />
</allocation-stats>
<gc-op id="6218" type="mark" timems="2.279" contextid="6215" timestamp="2019-07-02T23:05:46.113">
  <trace-info objectcount="71378" scancount="63804" scanbytes="2404116" />
  <finalization candidates="124" enqueued="0" />
  <ownableSynchronizers candidates="3" cleared="0" />
  <references type="soft" candidates="84" cleared="0" enqueued="0" dynamicThreshold="19" maxThreshold="32" />
  <references type="weak" candidates="774" cleared="0" enqueued="0" />
  <references type="phantom" candidates="63" cleared="0" enqueued="0" />
  <stringconstants candidates="4574" cleared="0"  />
</gc-op>
<gc-op id="6219" type="sweep" timems="0.905" contextid="6215" timestamp="2019-07-02T23:05:46.114" />
<gc-end id="6220" type="global" contextid="6215" durationms="3.565" usertimems="4.000" systemtimems="4.000" timestamp="2019-07-02T23:05:46.114" activeThreads="4">
  <mem-info id="6221" free="9699536" total="16121856" percent="60">
    <mem type="tenure" free="9699536" total="16121856" percent="60" micro-fragmented="126488" macro-fragmented="22967">
      <mem type="soa" free="9699536" total="15961088" percent="60" />
      <mem type="loa" free="0" total="160768" percent="0" />
    </mem>
  </mem-info>
</gc-end>
<cycle-end id="6222" type="global" contextid="6215" timestamp="2019-07-02T23:05:46.114">
  <attribute name="GC Util" value="254" />
  <attribute name="CPU Util" value="7804412578487" />
  <attribute name="Time Running"value="6678"/>
  <attribute name="Number of cores"value="4"/>
</cycle-end>
<allocation-satisfied id="6223" threadId="000000000135F900" bytesRequested="136" />
<af-end id="6224" timestamp="2019-07-02T23:05:46.114" threadId="0000000001360288" success="true" />
<exclusive-end id="6225" timestamp="2019-07-02T23:05:46.114" durationms="4.186" />

<exclusive-start id="6226" timestamp="2019-07-02T23:05:46.119" intervalms="9.282">
  <response-info timems="0.042" idlems="0.042" threads="0" lastid="000000000135F900" lastname="Thread-9" />
</exclusive-start>
<af-start id="6227" threadId="0000000001360288" totalBytesRequested="24" timestamp="2019-07-02T23:05:46.119" intervalms="9.282" />
<cycle-start id="6228" type="global" contextid="0" timestamp="2019-07-02T23:05:46.119" intervalms="9.283" />
  <attribute name="GC Util" value="254" />
  <attribute name="CPU Util" value="7804412578487" />
  <attribute name="Time Running"value="6678"/>
  <attribute name="Number of cores"value="4"/>
<gc-start id="6229" type="global" contextid="6228" timestamp="2019-07-02T23:05:46.120">
  <mem-info id="6230" free="0" total="16121856" percent="0">
    <mem type="tenure" free="0" total="16121856" percent="0">
      <mem type="soa" free="0" total="15961088" percent="0" />
      <mem type="loa" free="0" total="160768" percent="0" />
    </mem>
  </mem-info>
</gc-start>
<allocation-stats totalBytes="9687304" >
  <allocated-bytes non-tlh="23160" tlh="9664144" />
  <largest-consumer threadName="Thread-8" threadId="0000000001354500" bytes="2758096" />
</allocation-stats>
<gc-op id="6231" type="mark" timems="1.743" contextid="6228" timestamp="2019-07-02T23:05:46.121">
  <trace-info objectcount="60952" scancount="53365" scanbytes="2020744" />
  <finalization candidates="124" enqueued="0" />
  <ownableSynchronizers candidates="3" cleared="0" />
  <references type="soft" candidates="84" cleared="0" enqueued="0" dynamicThreshold="19" maxThreshold="32" />
  <references type="weak" candidates="774" cleared="0" enqueued="0" />
  <references type="phantom" candidates="63" cleared="0" enqueued="0" />
  <stringconstants candidates="4574" cleared="0"  />
</gc-op>
<gc-op id="6232" type="sweep" timems="0.787" contextid="6228" timestamp="2019-07-02T23:05:46.122" />
<mem-info id="6233" free="10413688" total="16121856" percent="64">
  <mem type="tenure" free="10413688" total="16121856" percent="64" micro-fragmented="57580" macro-fragmented="46350">
    <mem type="soa" free="10340960" total="15961088" percent="64" />
    <mem type="loa" free="72728" total="160768" percent="45" />
  </mem>
</mem-info>
<gc-op id="6234" type="compact" timems="5.061" contextid="6228" timestamp="2019-07-02T23:05:46.128">
  <compact-info movecount="21211" movebytes="926408" reason="compact to aid heap contraction" />
</gc-op>
<heap-resize id="6235" type="contract" space="tenure" amount="131072" count="1" timems="0.066" reason="excess free space following gc" timestamp="2019-07-02T23:05:46.128" />
<gc-end id="6236" type="global" contextid="6228" durationms="8.235" usertimems="16.000" systemtimems="0.000" timestamp="2019-07-02T23:05:46.128" activeThreads="4">
  <mem-info id="6237" free="10405432" total="15990784" percent="65">
    <mem type="tenure" free="10405432" total="15990784" percent="65">
      <mem type="soa" free="10275384" total="15831040" percent="64" />
      <mem type="loa" free="130048" total="159744" percent="81" />
    </mem>
  </mem-info>
</gc-end>
<cycle-end id="6238" type="global" contextid="6228" timestamp="2019-07-02T23:05:46.128">
  <attribute name="GC Util" value="149" />
  <attribute name="CPU Util" value="18686056021542" />
  <attribute name="Time Running"value="6687"/>
  <attribute name="Number of cores"value="4"/>
</cycle-end>
<allocation-satisfied id="6239" threadId="000000000135F900" bytesRequested="24" />
<af-end id="6240" timestamp="2019-07-02T23:05:46.128" threadId="0000000001360288" success="true" />
<exclusive-end id="6241" timestamp="2019-07-02T23:05:46.128" durationms="8.806" />

<exclusive-start id="6242" timestamp="2019-07-02T23:05:46.135" intervalms="15.651">
  <response-info timems="0.044" idlems="0.024" threads="1" lastid="000000000135F900" lastname="Thread-9" />
</exclusive-start>
<af-start id="6243" threadId="000000000135C688" totalBytesRequested="40" timestamp="2019-07-02T23:05:46.135" intervalms="15.654" />
<cycle-start id="6244" type="global" contextid="0" timestamp="2019-07-02T23:05:46.135" intervalms="15.660" />
  <attribute name="GC Util" value="149" />
  <attribute name="CPU Util" value="18686056021542" />
  <attribute name="Time Running"value="6687"/>
  <attribute name="Number of cores"value="4"/>
<gc-start id="6245" type="global" contextid="6244" timestamp="2019-07-02T23:05:46.135">
  <mem-info id="6246" free="130048" total="15990784" percent="0">
    <mem type="tenure" free="130048" total="15990784" percent="0">
      <mem type="soa" free="0" total="15831040" percent="0" />
      <mem type="loa" free="130048" total="159744" percent="81" />
    </mem>
  </mem-info>
</gc-start>
<allocation-stats totalBytes="10338808" >
  <allocated-bytes non-tlh="0" tlh="10338808" />
  <largest-consumer threadName="Thread-8" threadId="0000000001354500" bytes="3767568" />
</allocation-stats>
<gc-op id="6247" type="mark" timems="1.170" contextid="6244" timestamp="2019-07-02T23:05:46.137">
  <trace-info objectcount="63821" scancount="56250" scanbytes="2089264" />
  <finalization candidates="124" enqueued="0" />
  <ownableSynchronizers candidates="3" cleared="0" />
  <references type="soft" candidates="84" cleared="0" enqueued="0" dynamicThreshold="20" maxThreshold="32" />
  <references type="weak" candidates="774" cleared="0" enqueued="0" />
  <references type="phantom" candidates="63" cleared="0" enqueued="0" />
  <stringconstants candidates="4574" cleared="0"  />
</gc-op>
<gc-op id="6248" type="sweep" timems="0.295" contextid="6244" timestamp="2019-07-02T23:05:46.137" />
<heap-resize id="6249" type="contract" space="tenure" amount="131072" count="1" timems="0.088" reason="excess free space following gc" timestamp="2019-07-02T23:05:46.137" />
<gc-end id="6250" type="global" contextid="6244" durationms="2.096" usertimems="4.000" systemtimems="0.000" timestamp="2019-07-02T23:05:46.137" activeThreads="4">
  <mem-info id="6251" free="10208192" total="15859712" percent="64">
    <mem type="tenure" free="10208192" total="15859712" percent="64" micro-fragmented="6667" macro-fragmented="22644">
      <mem type="soa" free="10141696" total="15702016" percent="64" />
      <mem type="loa" free="66496" total="157696" percent="42" />
    </mem>
  </mem-info>
</gc-end>
<cycle-end id="6252" type="global" contextid="6244" timestamp="2019-07-02T23:05:46.137">
  <attribute name="GC Util" value="207" />
  <attribute name="CPU Util" value="14661939867449" />
  <attribute name="Time Running"value="6702"/>
  <attribute name="Number of cores"value="4"/>
</cycle-end>
<allocation-satisfied id="6253" threadId="000000000135BD00" bytesRequested="40" />
<af-end id="6254" timestamp="2019-07-02T23:05:46.138" threadId="000000000135C688" success="true" />
<exclusive-end id="6255" timestamp="2019-07-02T23:05:46.138" durationms="2.604" />

<exclusive-start id="6256" timestamp="2019-07-02T23:05:46.145" intervalms="9.867">
  <response-info timems="0.031" idlems="0.031" threads="0" lastid="0000000001354500" lastname="Thread-8" />
</exclusive-start>
<af-start id="6257" threadId="0000000001354E88" totalBytesRequested="24" timestamp="2019-07-02T23:05:46.145" intervalms="9.888" />
<cycle-start id="6258" type="global" contextid="0" timestamp="2019-07-02T23:05:46.145" intervalms="9.911" />
  <attribute name="GC Util" value="207" />
  <attribute name="CPU Util" value="14661939867449" />
  <attribute name="Time Running"value="6702"/>
  <attribute name="Number of cores"value="4"/>
<gc-start id="6259" type="global" contextid="6258" timestamp="2019-07-02T23:05:46.145">
  <mem-info id="6260" free="66496" total="15859712" percent="0">
    <mem type="tenure" free="66496" total="15859712" percent="0">
      <mem type="soa" free="0" total="15702016" percent="0" />
      <mem type="loa" free="66496" total="157696" percent="42" />
    </mem>
  </mem-info>
</gc-start>
<allocation-stats totalBytes="10140640" >
  <allocated-bytes non-tlh="0" tlh="10140640" />
  <largest-consumer threadName="Thread-7" threadId="0000000001358100" bytes="3722656" />
</allocation-stats>
<gc-op id="6261" type="mark" timems="2.189" contextid="6258" timestamp="2019-07-02T23:05:46.148">
  <trace-info objectcount="65012" scancount="57445" scanbytes="2117968" />
  <finalization candidates="124" enqueued="0" />
  <ownableSynchronizers candidates="3" cleared="0" />
  <references type="soft" candidates="84" cleared="0" enqueued="0" dynamicThreshold="20" maxThreshold="32" />
  <references type="weak" candidates="774" cleared="0" enqueued="0" />
  <references type="phantom" candidates="63" cleared="0" enqueued="0" />
  <stringconstants candidates="4574" cleared="0"  />
</gc-op>
<gc-op id="6262" type="sweep" timems="0.878" contextid="6258" timestamp="2019-07-02T23:05:46.148" />
<mem-info id="6263" free="10154328" total="15859712" percent="64">
  <mem type="tenure" free="10154328" total="15859712" percent="64" micro-fragmented="8711" macro-fragmented="34416">
    <mem type="soa" free="10080432" total="15702016" percent="64" />
    <mem type="loa" free="73896" total="157696" percent="46" />
  </mem>
</mem-info>
<gc-op id="6264" type="compact" timems="5.310" contextid="6258" timestamp="2019-07-02T23:05:46.154">
  <compact-info movecount="18931" movebytes="734168" reason="compact to aid heap contraction" />
</gc-op>
<heap-resize id="6265" type="contract" space="tenure" amount="131072" count="1" timems="0.082" reason="excess free space following gc" timestamp="2019-07-02T23:05:46.154" />
<gc-end id="6266" type="global" contextid="6258" durationms="9.374" usertimems="20.000" systemtimems="0.000" timestamp="2019-07-02T23:05:46.155" activeThreads="4">
  <mem-info id="6267" free="10049064" total="15728640" percent="63">
    <mem type="tenure" free="10049064" total="15728640" percent="63">
      <mem type="soa" free="9919016" total="15571968" percent="63" />
      <mem type="loa" free="130048" total="156672" percent="83" />
    </mem>
  </mem-info>
</gc-end>
<cycle-end id="6268" type="global" contextid="6258" timestamp="2019-07-02T23:05:46.155">
  <attribute name="GC Util" value="126" />
  <attribute name="CPU Util" value="15165143198270" />
  <attribute name="Time Running"value="6714"/>
  <attribute name="Number of cores"value="4"/>
</cycle-end>
<allocation-satisfied id="6269" threadId="0000000001354500" bytesRequested="24" />
<af-end id="6270" timestamp="2019-07-02T23:05:46.155" threadId="0000000001354E88" success="true" />
<exclusive-end id="6271" timestamp="2019-07-02T23:05:46.155" durationms="10.268" />

<exclusive-start id="6272" timestamp="2019-07-02T23:05:46.161" intervalms="16.641">
  <response-info timems="0.021" idlems="0.021" threads="0" lastid="000000000135F900" lastname="Thread-9" />
</exclusive-start>
<af-start id="6273" threadId="0000000001360288" totalBytesRequested="40" timestamp="2019-07-02T23:05:46.162" intervalms="16.649" />
<cycle-start id="6274" type="global" contextid="0" timestamp="2019-07-02T23:05:46.162" intervalms="16.648" />
  <attribute name="GC Util" value="126" />
  <attribute name="CPU Util" value="15165143198270" />
  <attribute name="Time Running"value="6714"/>
  <attribute name="Number of cores"value="4"/>
<gc-start id="6275" type="global" contextid="6274" timestamp="2019-07-02T23:05:46.162">
  <mem-info id="6276" free="130048" total="15728640" percent="0">
    <mem type="tenure" free="130048" total="15728640" percent="0">
      <mem type="soa" free="0" total="15571968" percent="0" />
      <mem type="loa" free="130048" total="156672" percent="83" />
    </mem>
  </mem-info>
</gc-start>
<allocation-stats totalBytes="9982528" >
  <allocated-bytes non-tlh="19056" tlh="9963472" />
  <largest-consumer threadName="Thread-7" threadId="0000000001358100" bytes="3673432" />
</allocation-stats>
<gc-op id="6277" type="mark" timems="1.286" contextid="6274" timestamp="2019-07-02T23:05:46.163">
  <trace-info objectcount="65841" scancount="58269" scanbytes="2272012" />
  <finalization candidates="124" enqueued="0" />
  <ownableSynchronizers candidates="3" cleared="0" />
  <references type="soft" candidates="84" cleared="0" enqueued="0" dynamicThreshold="20" maxThreshold="32" />
  <references type="weak" candidates="774" cleared="0" enqueued="0" />
  <references type="phantom" candidates="63" cleared="0" enqueued="0" />
  <stringconstants candidates="4574" cleared="0"  />
</gc-op>
<gc-op id="6278" type="sweep" timems="0.246" contextid="6274" timestamp="2019-07-02T23:05:46.164" />
<heap-resize id="6279" type="contract" space="tenure" amount="131072" count="1" timems="0.082" reason="excess free space following gc" timestamp="2019-07-02T23:05:46.164" />
<gc-end id="6280" type="global" contextid="6274" durationms="2.167" usertimems="4.000" systemtimems="0.000" timestamp="2019-07-02T23:05:46.164" activeThreads="4">
  <mem-info id="6281" free="9677840" total="15597568" percent="62">
    <mem type="tenure" free="9677840" total="15597568" percent="62" micro-fragmented="99144" macro-fragmented="69600">
      <mem type="soa" free="9592656" total="15441920" percent="62" />
      <mem type="loa" free="85184" total="155648" percent="54" />
    </mem>
  </mem-info>
</gc-end>
<cycle-end id="6282" type="global" contextid="6274" timestamp="2019-07-02T23:05:46.164">
  <attribute name="GC Util" value="186" />
  <attribute name="CPU Util" value="13464245715082" />
  <attribute name="Time Running"value="6728"/>
  <attribute name="Number of cores"value="4"/>
</cycle-end>
<allocation-satisfied id="6283" threadId="000000000135F900" bytesRequested="40" />
<af-end id="6284" timestamp="2019-07-02T23:05:46.164" threadId="0000000001360288" success="true" />
<exclusive-end id="6285" timestamp="2019-07-02T23:05:46.164" durationms="2.978" />

<exclusive-start id="6286" timestamp="2019-07-02T23:05:46.171" intervalms="9.756">
  <response-info timems="0.029" idlems="0.028" threads="1" lastid="000000000135F900" lastname="Thread-9" />
</exclusive-start>
<af-start id="6287" threadId="0000000001354E88" totalBytesRequested="40" timestamp="2019-07-02T23:05:46.171" intervalms="9.762" />
<cycle-start id="6288" type="global" contextid="0" timestamp="2019-07-02T23:05:46.171" intervalms="9.740" />
  <attribute name="GC Util" value="186" />
  <attribute name="CPU Util" value="13464245715082" />
  <attribute name="Time Running"value="6728"/>
  <attribute name="Number of cores"value="4"/>
<gc-start id="6289" type="global" contextid="6288" timestamp="2019-07-02T23:05:46.172">
  <mem-info id="6290" free="85184" total="15597568" percent="0">
    <mem type="tenure" free="85184" total="15597568" percent="0">
      <mem type="soa" free="0" total="15441920" percent="0" />
      <mem type="loa" free="85184" total="155648" percent="54" />
    </mem>
  </mem-info>
</gc-start>
<allocation-stats totalBytes="9590680" >
  <allocated-bytes non-tlh="0" tlh="9590680" />
  <largest-consumer threadName="Thread-7" threadId="0000000001358100" bytes="3371168" />
</allocation-stats>
<gc-op id="6291" type="mark" timems="2.268" contextid="6288" timestamp="2019-07-02T23:05:46.174">
  <trace-info objectcount="67501" scancount="59926" scanbytes="2311740" />
  <finalization candidates="124" enqueued="0" />
  <ownableSynchronizers candidates="3" cleared="0" />
  <references type="soft" candidates="84" cleared="0" enqueued="0" dynamicThreshold="19" maxThreshold="32" />
  <references type="weak" candidates="774" cleared="0" enqueued="0" />
  <references type="phantom" candidates="63" cleared="0" enqueued="0" />
  <stringconstants candidates="4574" cleared="0"  />
</gc-op>
<gc-op id="6292" type="sweep" timems="0.769" contextid="6288" timestamp="2019-07-02T23:05:46.175" />
<heap-resize id="6293" type="contract" space="tenure" amount="131072" count="1" timems="0.103" reason="excess free space following gc" timestamp="2019-07-02T23:05:46.175" />
<gc-end id="6294" type="global" contextid="6288" durationms="3.834" usertimems="8.000" systemtimems="0.000" timestamp="2019-07-02T23:05:46.175" activeThreads="4">
  <mem-info id="6295" free="9417968" total="15466496" percent="60">
    <mem type="tenure" free="9417968" total="15466496" percent="60" micro-fragmented="108511" macro-fragmented="61516">
      <mem type="soa" free="9417968" total="15311872" percent="61" />
      <mem type="loa" free="0" total="154624" percent="0" />
    </mem>
  </mem-info>
</gc-end>
<cycle-end id="6296" type="global" contextid="6288" timestamp="2019-07-02T23:05:46.176">
  <attribute name="GC Util" value="223" />
  <attribute name="CPU Util" value="7811895190855" />
  <attribute name="Time Running"value="6739"/>
  <attribute name="Number of cores"value="4"/>
</cycle-end>
<allocation-satisfied id="6297" threadId="0000000001354500" bytesRequested="40" />
<af-end id="6298" timestamp="2019-07-02T23:05:46.176" threadId="0000000001354E88" success="true" />
<exclusive-end id="6299" timestamp="2019-07-02T23:05:46.176" durationms="4.565" />

<exclusive-start id="6300" timestamp="2019-07-02T23:05:46.183" intervalms="11.459">
  <response-info timems="0.022" idlems="0.022" threads="0" lastid="0000000001354500" lastname="Thread-8" />
</exclusive-start>
<af-start id="6301" threadId="0000000001354E88" totalBytesRequested="24" timestamp="2019-07-02T23:05:46.183" intervalms="11.444" />
<cycle-start id="6302" type="global" contextid="0" timestamp="2019-07-02T23:05:46.183" intervalms="11.439" />
  <attribute name="GC Util" value="223" />
  <attribute name="CPU Util" value="7811895190855" />
  <attribute name="Time Running"value="6739"/>
  <attribute name="Number of cores"value="4"/>
<gc-start id="6303" type="global" contextid="6302" timestamp="2019-07-02T23:05:46.183">
  <mem-info id="6304" free="0" total="15466496" percent="0">
    <mem type="tenure" free="0" total="15466496" percent="0">
      <mem type="soa" free="0" total="15311872" percent="0" />
      <mem type="loa" free="0" total="154624" percent="0" />
    </mem>
  </mem-info>
</gc-start>
<allocation-stats totalBytes="9413496" >
  <allocated-bytes non-tlh="0" tlh="9413496" />
  <largest-consumer threadName="Thread-7" threadId="0000000001358100" bytes="3463096" />
</allocation-stats>
<gc-op id="6305" type="mark" timems="2.186" contextid="6302" timestamp="2019-07-02T23:05:46.185">
  <trace-info objectcount="69363" scancount="61785" scanbytes="2356172" />
  <finalization candidates="124" enqueued="0" />
  <ownableSynchronizers candidates="3" cleared="0" />
  <references type="soft" candidates="84" cleared="0" enqueued="0" dynamicThreshold="19" maxThreshold="32" />
  <references type="weak" candidates="774" cleared="0" enqueued="0" />
  <references type="phantom" candidates="63" cleared="0" enqueued="0" />
  <stringconstants candidates="4574" cleared="0"  />
</gc-op>
<gc-op id="6306" type="sweep" timems="0.821" contextid="6302" timestamp="2019-07-02T23:05:46.186" />
<gc-end id="6307" type="global" contextid="6302" durationms="3.542" usertimems="8.000" systemtimems="0.000" timestamp="2019-07-02T23:05:46.187" activeThreads="4">
  <mem-info id="6308" free="9323824" total="15466496" percent="60">
    <mem type="tenure" free="9323824" total="15466496" percent="60" micro-fragmented="104290" macro-fragmented="27228">
      <mem type="soa" free="9323824" total="15311872" percent="60" />
      <mem type="loa" free="0" total="154624" percent="0" />
    </mem>
  </mem-info>
</gc-end>
<cycle-end id="6309" type="global" contextid="6302" timestamp="2019-07-02T23:05:46.187">
  <attribute name="GC Util" value="245" />
  <attribute name="CPU Util" value="8099675516030" />
  <attribute name="Time Running"value="6750"/>
  <attribute name="Number of cores"value="4"/>
</cycle-end>
<allocation-satisfied id="6310" threadId="0000000001354500" bytesRequested="24" />
<af-end id="6311" timestamp="2019-07-02T23:05:46.187" threadId="0000000001354E88" success="true" />
<exclusive-end id="6312" timestamp="2019-07-02T23:05:46.187" durationms="4.380" />

<exclusive-start id="6313" timestamp="2019-07-02T23:05:46.194" intervalms="11.064">
  <response-info timems="0.029" idlems="0.029" threads="0" lastid="000000000135F900" lastname="Thread-9" />
</exclusive-start>
<af-start id="6314" threadId="0000000001360288" totalBytesRequested="40" timestamp="2019-07-02T23:05:46.194" intervalms="11.073" />
<cycle-start id="6315" type="global" contextid="0" timestamp="2019-07-02T23:05:46.194" intervalms="11.098" />
  <attribute name="GC Util" value="245" />
  <attribute name="CPU Util" value="8099675516030" />
  <attribute name="Time Running"value="6750"/>
  <attribute name="Number of cores"value="4"/>
<gc-start id="6316" type="global" contextid="6315" timestamp="2019-07-02T23:05:46.194">
  <mem-info id="6317" free="0" total="15466496" percent="0">
    <mem type="tenure" free="0" total="15466496" percent="0">
      <mem type="soa" free="0" total="15311872" percent="0" />
      <mem type="loa" free="0" total="154624" percent="0" />
    </mem>
  </mem-info>
</gc-start>
<allocation-stats totalBytes="9317872" >
  <allocated-bytes non-tlh="0" tlh="9317872" />
  <largest-consumer threadName="Thread-7" threadId="0000000001358100" bytes="3485984" />
</allocation-stats>
<gc-op id="6318" type="mark" timems="1.340" contextid="6315" timestamp="2019-07-02T23:05:46.196">
  <trace-info objectcount="70840" scancount="63255" scanbytes="2391876" />
  <finalization candidates="124" enqueued="0" />
  <ownableSynchronizers candidates="3" cleared="0" />
  <references type="soft" candidates="84" cleared="0" enqueued="0" dynamicThreshold="19" maxThreshold="32" />
  <references type="weak" candidates="774" cleared="0" enqueued="0" />
  <references type="phantom" candidates="63" cleared="0" enqueued="0" />
  <stringconstants candidates="4574" cleared="0"  />
</gc-op>
<gc-op id="6319" type="sweep" timems="0.336" contextid="6315" timestamp="2019-07-02T23:05:46.196" />
<heap-resize id="6320" type="expand" space="tenure" amount="1048576" count="1" timems="0.043" reason="excessive time being spent in gc" timestamp="2019-07-02T23:05:46.196" />
<gc-end id="6321" type="global" contextid="6315" durationms="2.303" usertimems="4.000" systemtimems="0.000" timestamp="2019-07-02T23:05:46.196" activeThreads="4">
  <mem-info id="6322" free="10281432" total="16515072" percent="62">
    <mem type="tenure" free="10281432" total="16515072" percent="62" micro-fragmented="102437" macro-fragmented="19807">
      <mem type="soa" free="10116568" total="16350208" percent="61" />
      <mem type="loa" free="164864" total="164864" percent="100" />
    </mem>
  </mem-info>
</gc-end>
<cycle-end id="6323" type="global" contextid="6315" timestamp="2019-07-02T23:05:46.197">
  <attribute name="GC Util" value="188" />
  <attribute name="CPU Util" value="12923308654669" />
  <attribute name="Time Running"value="6761"/>
  <attribute name="Number of cores"value="4"/>
</cycle-end>
<allocation-satisfied id="6324" threadId="000000000135F900" bytesRequested="40" />
<af-end id="6325" timestamp="2019-07-02T23:05:46.197" threadId="0000000001360288" success="true" />
<exclusive-end id="6326" timestamp="2019-07-02T23:05:46.197" durationms="3.029" />

<exclusive-start id="6327" timestamp="2019-07-02T23:05:46.207" intervalms="13.397">
  <response-info timems="0.034" idlems="0.019" threads="1" lastid="000000000135F900" lastname="Thread-9" />
</exclusive-start>
<af-start id="6328" threadId="0000000001354E88" totalBytesRequested="40" timestamp="2019-07-02T23:05:46.207" intervalms="13.407" />
<cycle-start id="6329" type="global" contextid="0" timestamp="2019-07-02T23:05:46.207" intervalms="13.424" />
  <attribute name="GC Util" value="188" />
  <attribute name="CPU Util" value="12923308654669" />
  <attribute name="Time Running"value="6761"/>
  <attribute name="Number of cores"value="4"/>
<gc-start id="6330" type="global" contextid="6329" timestamp="2019-07-02T23:05:46.208">
  <mem-info id="6331" free="164864" total="16515072" percent="0">
    <mem type="tenure" free="164864" total="16515072" percent="0">
      <mem type="soa" free="0" total="16350208" percent="0" />
      <mem type="loa" free="164864" total="164864" percent="100" />
    </mem>
  </mem-info>
</gc-start>
<allocation-stats totalBytes="10108376" >
  <allocated-bytes non-tlh="0" tlh="10108376" />
  <largest-consumer threadName="Thread-10" threadId="000000000135BD00" bytes="4571120" />
</allocation-stats>
<gc-op id="6332" type="mark" timems="2.071" contextid="6329" timestamp="2019-07-02T23:05:46.210">
  <trace-info objectcount="71698" scancount="64129" scanbytes="2412268" />
  <finalization candidates="124" enqueued="0" />
  <ownableSynchronizers candidates="3" cleared="0" />
  <references type="soft" candidates="84" cleared="0" enqueued="0" dynamicThreshold="19" maxThreshold="32" />
  <references type="weak" candidates="774" cleared="0" enqueued="0" />
  <references type="phantom" candidates="63" cleared="0" enqueued="0" />
  <stringconstants candidates="4574" cleared="0"  />
</gc-op>
<gc-op id="6333" type="sweep" timems="0.849" contextid="6329" timestamp="2019-07-02T23:05:46.211" />
<gc-end id="6334" type="global" contextid="6329" durationms="3.593" usertimems="8.000" systemtimems="0.000" timestamp="2019-07-02T23:05:46.211" activeThreads="4">
  <mem-info id="6335" free="10376384" total="16515072" percent="62">
    <mem type="tenure" free="10376384" total="16515072" percent="62" micro-fragmented="95165" macro-fragmented="24223">
      <mem type="soa" free="10211520" total="16350208" percent="62" />
      <mem type="loa" free="164864" total="164864" percent="100" />
    </mem>
  </mem-info>
</gc-end>
<cycle-end id="6336" type="global" contextid="6329" timestamp="2019-07-02T23:05:46.211">
  <attribute name="GC Util" value="230" />
  <attribute name="CPU Util" value="8156494244920" />
  <attribute name="Time Running"value="6775"/>
  <attribute name="Number of cores"value="4"/>
</cycle-end>
<allocation-satisfied id="6337" threadId="0000000001354500" bytesRequested="40" />
<af-end id="6338" timestamp="2019-07-02T23:05:46.211" threadId="0000000001354E88" success="true" />
<exclusive-end id="6339" timestamp="2019-07-02T23:05:46.212" durationms="4.489" />

<exclusive-start id="6340" timestamp="2019-07-02T23:05:46.219" intervalms="11.968">
  <response-info timems="0.030" idlems="0.030" threads="0" lastid="000000000135F900" lastname="Thread-9" />
</exclusive-start>
<af-start id="6341" threadId="0000000001360288" totalBytesRequested="40" timestamp="2019-07-02T23:05:46.219" intervalms="11.979" />
<cycle-start id="6342" type="global" contextid="0" timestamp="2019-07-02T23:05:46.219" intervalms="11.976" />
  <attribute name="GC Util" value="230" />
  <attribute name="CPU Util" value="8156494244920" />
  <attribute name="Time Running"value="6775"/>
  <attribute name="Number of cores"value="4"/>
<gc-start id="6343" type="global" contextid="6342" timestamp="2019-07-02T23:05:46.219">
  <mem-info id="6344" free="164864" total="16515072" percent="0">
    <mem type="tenure" free="164864" total="16515072" percent="0">
      <mem type="soa" free="0" total="16350208" percent="0" />
      <mem type="loa" free="164864" total="164864" percent="100" />
    </mem>
  </mem-info>
</gc-start>
<allocation-stats totalBytes="10201624" >
  <allocated-bytes non-tlh="19056" tlh="10182568" />
  <largest-consumer threadName="Thread-7" threadId="0000000001358100" bytes="3269784" />
</allocation-stats>
<gc-op id="6345" type="mark" timems="2.331" contextid="6342" timestamp="2019-07-02T23:05:46.222">
  <trace-info objectcount="67770" scancount="60197" scanbytes="2317940" />
  <finalization candidates="124" enqueued="0" />
  <ownableSynchronizers candidates="3" cleared="0" />
  <references type="soft" candidates="84" cleared="0" enqueued="0" dynamicThreshold="20" maxThreshold="32" />
  <references type="weak" candidates="774" cleared="0" enqueued="0" />
  <references type="phantom" candidates="63" cleared="0" enqueued="0" />
  <stringconstants candidates="4574" cleared="0"  />
</gc-op>
<gc-op id="6346" type="sweep" timems="0.822" contextid="6342" timestamp="2019-07-02T23:05:46.223" />
<gc-end id="6347" type="global" contextid="6342" durationms="3.618" usertimems="8.000" systemtimems="0.000" timestamp="2019-07-02T23:05:46.223" activeThreads="4">
  <mem-info id="6348" free="10537616" total="16515072" percent="63">
    <mem type="tenure" free="10537616" total="16515072" percent="63" micro-fragmented="103223" macro-fragmented="54179">
      <mem type="soa" free="10372752" total="16350208" percent="63" />
      <mem type="loa" free="164864" total="164864" percent="100" />
    </mem>
  </mem-info>
</gc-end>
<cycle-end id="6349" type="global" contextid="6342" timestamp="2019-07-02T23:05:46.223">
  <attribute name="GC Util" value="249" />
  <attribute name="CPU Util" value="7608303917536" />
  <attribute name="Time Running"value="6787"/>
  <attribute name="Number of cores"value="4"/>
</cycle-end>
<allocation-satisfied id="6350" threadId="000000000135F900" bytesRequested="40" />
<af-end id="6351" timestamp="2019-07-02T23:05:46.224" threadId="0000000001360288" success="true" />
<exclusive-end id="6352" timestamp="2019-07-02T23:05:46.224" durationms="4.590" />

<exclusive-start id="6353" timestamp="2019-07-02T23:05:46.231" intervalms="12.212">
  <response-info timems="0.021" idlems="0.021" threads="0" lastid="000000000135F900" lastname="Thread-9" />
</exclusive-start>
<af-start id="6354" threadId="0000000001360288" totalBytesRequested="24" timestamp="2019-07-02T23:05:46.231" intervalms="12.173" />
<cycle-start id="6355" type="global" contextid="0" timestamp="2019-07-02T23:05:46.232" intervalms="12.135" />
  <attribute name="GC Util" value="249" />
  <attribute name="CPU Util" value="7608303917536" />
  <attribute name="Time Running"value="6787"/>
  <attribute name="Number of cores"value="4"/>
<gc-start id="6356" type="global" contextid="6355" timestamp="2019-07-02T23:05:46.232">
  <mem-info id="6357" free="164864" total="16515072" percent="0">
    <mem type="tenure" free="164864" total="16515072" percent="0">
      <mem type="soa" free="0" total="16350208" percent="0" />
      <mem type="loa" free="164864" total="164864" percent="100" />
    </mem>
  </mem-info>
</gc-start>
<allocation-stats totalBytes="10366816" >
  <allocated-bytes non-tlh="0" tlh="10366816" />
  <largest-consumer threadName="Thread-8" threadId="0000000001354500" bytes="3516848" />
</allocation-stats>
<gc-op id="6358" type="mark" timems="1.963" contextid="6355" timestamp="2019-07-02T23:05:46.234">
  <trace-info objectcount="68858" scancount="61287" scanbytes="2344324" />
  <finalization candidates="124" enqueued="0" />
  <ownableSynchronizers candidates="3" cleared="0" />
  <references type="soft" candidates="84" cleared="0" enqueued="0" dynamicThreshold="20" maxThreshold="32" />
  <references type="weak" candidates="774" cleared="0" enqueued="0" />
  <references type="phantom" candidates="63" cleared="0" enqueued="0" />
  <stringconstants candidates="4574" cleared="0"  />
</gc-op>
<gc-op id="6359" type="sweep" timems="0.822" contextid="6355" timestamp="2019-07-02T23:05:46.235" />
<heap-resize id="6360" type="contract" space="tenure" amount="131072" count="1" timems="0.040" reason="excess free space following gc" timestamp="2019-07-02T23:05:46.235" />
<gc-end id="6361" type="global" contextid="6355" durationms="3.432" usertimems="4.000" systemtimems="4.000" timestamp="2019-07-02T23:05:46.235" activeThreads="4">
  <mem-info id="6362" free="10195752" total="16384000" percent="62">
    <mem type="tenure" free="10195752" total="16384000" percent="62" micro-fragmented="112332" macro-fragmented="28323">
      <mem type="soa" free="10195752" total="16220160" percent="62" />
      <mem type="loa" free="0" total="163840" percent="0" />
    </mem>
  </mem-info>
</gc-end>
<cycle-end id="6363" type="global" contextid="6355" timestamp="2019-07-02T23:05:46.235">
  <attribute name="GC Util" value="233" />
  <attribute name="CPU Util" value="8943680595954" />
  <attribute name="Time Running"value="6799"/>
  <attribute name="Number of cores"value="4"/>
</cycle-end>
<allocation-satisfied id="6364" threadId="000000000135F900" bytesRequested="24" />
<af-end id="6365" timestamp="2019-07-02T23:05:46.235" threadId="0000000001360288" success="true" />
<exclusive-end id="6366" timestamp="2019-07-02T23:05:46.236" durationms="4.324" />

<exclusive-start id="6367" timestamp="2019-07-02T23:05:46.243" intervalms="11.276">
  <response-info timems="0.042" idlems="0.042" threads="0" lastid="0000000001358100" lastname="Thread-7" />
</exclusive-start>
<af-start id="6368" threadId="0000000001358A88" totalBytesRequested="40" timestamp="2019-07-02T23:05:46.243" intervalms="11.320" />
<cycle-start id="6369" type="global" contextid="0" timestamp="2019-07-02T23:05:46.243" intervalms="11.421" />
  <attribute name="GC Util" value="233" />
  <attribute name="CPU Util" value="8943680595954" />
  <attribute name="Time Running"value="6799"/>
  <attribute name="Number of cores"value="4"/>
<gc-start id="6370" type="global" contextid="6369" timestamp="2019-07-02T23:05:46.243">
  <mem-info id="6371" free="0" total="16384000" percent="0">
    <mem type="tenure" free="0" total="16384000" percent="0">
      <mem type="soa" free="0" total="16220160" percent="0" />
      <mem type="loa" free="0" total="163840" percent="0" />
    </mem>
  </mem-info>
</gc-start>
<allocation-stats totalBytes="10187608" >
  <allocated-bytes non-tlh="19056" tlh="10168552" />
  <largest-consumer threadName="Thread-10" threadId="000000000135BD00" bytes="3626520" />
</allocation-stats>
<gc-op id="6372" type="mark" timems="2.177" contextid="6369" timestamp="2019-07-02T23:05:46.246">
  <trace-info objectcount="65701" scancount="58129" scanbytes="2268612" />
  <finalization candidates="124" enqueued="0" />
  <ownableSynchronizers candidates="3" cleared="0" />
  <references type="soft" candidates="84" cleared="0" enqueued="0" dynamicThreshold="19" maxThreshold="32" />
  <references type="weak" candidates="774" cleared="0" enqueued="0" />
  <references type="phantom" candidates="63" cleared="0" enqueued="0" />
  <stringconstants candidates="4574" cleared="0"  />
</gc-op>
<gc-op id="6373" type="sweep" timems="0.802" contextid="6369" timestamp="2019-07-02T23:05:46.246" />
<heap-resize id="6374" type="contract" space="tenure" amount="65536" count="1" timems="0.079" reason="excess free space following gc" timestamp="2019-07-02T23:05:46.247" />
<gc-end id="6375" type="global" contextid="6369" durationms="3.735" usertimems="4.000" systemtimems="4.000" timestamp="2019-07-02T23:05:46.247" activeThreads="4">
  <mem-info id="6376" free="10218080" total="16318464" percent="62">
    <mem type="tenure" free="10218080" total="16318464" percent="62" micro-fragmented="99029" macro-fragmented="29865">
      <mem type="soa" free="10218080" total="16155648" percent="63" />
      <mem type="loa" free="0" total="162816" percent="0" />
    </mem>
  </mem-info>
</gc-end>
<cycle-end id="6377" type="global" contextid="6369" timestamp="2019-07-02T23:05:46.247">
  <attribute name="GC Util" value="244" />
  <attribute name="CPU Util" value="8130487922004" />
  <attribute name="Time Running"value="6810"/>
  <attribute name="Number of cores"value="4"/>
</cycle-end>
<allocation-satisfied id="6378" threadId="0000000001358100" bytesRequested="40" />
<af-end id="6379" timestamp="2019-07-02T23:05:46.247" threadId="0000000001358A88" success="true" />
<exclusive-end id="6380" timestamp="2019-07-02T23:05:46.247" durationms="4.690" />

<exclusive-start id="6381" timestamp="2019-07-02T23:05:46.254" intervalms="11.794">
  <response-info timems="0.100" idlems="0.100" threads="0" lastid="0000000001358100" lastname="Thread-7" />
</exclusive-start>
<af-start id="6382" threadId="0000000001358A88" totalBytesRequested="40" timestamp="2019-07-02T23:05:46.254" intervalms="11.747" />
<cycle-start id="6383" type="global" contextid="0" timestamp="2019-07-02T23:05:46.255" intervalms="11.681" />
  <attribute name="GC Util" value="244" />
  <attribute name="CPU Util" value="8130487922004" />
  <attribute name="Time Running"value="6810"/>
  <attribute name="Number of cores"value="4"/>
<gc-start id="6384" type="global" contextid="6383" timestamp="2019-07-02T23:05:46.255">
  <mem-info id="6385" free="0" total="16318464" percent="0">
    <mem type="tenure" free="0" total="16318464" percent="0">
      <mem type="soa" free="0" total="16155648" percent="0" />
      <mem type="loa" free="0" total="162816" percent="0" />
    </mem>
  </mem-info>
</gc-start>
<allocation-stats totalBytes="10275304" >
  <allocated-bytes non-tlh="0" tlh="10275304" />
  <largest-consumer threadName="Thread-10" threadId="000000000135BD00" bytes="3636952" />
</allocation-stats>
<gc-op id="6386" type="mark" timems="2.175" contextid="6383" timestamp="2019-07-02T23:05:46.257">
  <trace-info objectcount="69187" scancount="61620" scanbytes="2352220" />
  <finalization candidates="124" enqueued="0" />
  <ownableSynchronizers candidates="3" cleared="0" />
  <references type="soft" candidates="84" cleared="0" enqueued="0" dynamicThreshold="20" maxThreshold="32" />
  <references type="weak" candidates="774" cleared="0" enqueued="0" />
  <references type="phantom" candidates="63" cleared="0" enqueued="0" />
  <stringconstants candidates="4574" cleared="0"  />
</gc-op>
<gc-op id="6387" type="sweep" timems="0.810" contextid="6383" timestamp="2019-07-02T23:05:46.258" />
<mem-info id="6388" free="10131432" total="16318464" percent="62">
  <mem type="tenure" free="10131432" total="16318464" percent="62" micro-fragmented="92696" macro-fragmented="22004">
    <mem type="soa" free="10131432" total="16155648" percent="62" />
    <mem type="loa" free="0" total="162816" percent="0" />
  </mem>
</mem-info>
<gc-op id="6389" type="compact" timems="5.699" contextid="6383" timestamp="2019-07-02T23:05:46.264">
  <compact-info movecount="29446" movebytes="1257888" reason="compact to aid heap contraction" />
</gc-op>
<heap-resize id="6390" type="contract" space="tenure" amount="131072" count="1" timems="0.079" reason="excess free space following gc" timestamp="2019-07-02T23:05:46.264" />
<gc-end id="6391" type="global" contextid="6383" durationms="9.631" usertimems="20.000" systemtimems="0.000" timestamp="2019-07-02T23:05:46.264" activeThreads="4">
  <mem-info id="6392" free="10268512" total="16187392" percent="63">
    <mem type="tenure" free="10268512" total="16187392" percent="63">
      <mem type="soa" free="10138464" total="16025600" percent="63" />
      <mem type="loa" free="130048" total="161792" percent="80" />
    </mem>
  </mem-info>
</gc-end>
<cycle-end id="6393" type="global" contextid="6383" timestamp="2019-07-02T23:05:46.265">
  <attribute name="GC Util" value="130" />
  <attribute name="CPU Util" value="17049345257118" />
  <attribute name="Time Running"value="6823"/>
  <attribute name="Number of cores"value="4"/>
</cycle-end>
<allocation-satisfied id="6394" threadId="0000000001358100" bytesRequested="40" />
<af-end id="6395" timestamp="2019-07-02T23:05:46.265" threadId="0000000001358A88" success="true" />
<exclusive-end id="6396" timestamp="2019-07-02T23:05:46.265" durationms="10.483" />

<exclusive-start id="6397" timestamp="2019-07-02T23:05:46.272" intervalms="17.494">
  <response-info timems="0.030" idlems="0.030" threads="0" lastid="0000000001354500" lastname="Thread-8" />
</exclusive-start>
<af-start id="6398" threadId="0000000001354E88" totalBytesRequested="24" timestamp="2019-07-02T23:05:46.272" intervalms="17.510" />
<cycle-start id="6399" type="global" contextid="0" timestamp="2019-07-02T23:05:46.272" intervalms="17.500" />
  <attribute name="GC Util" value="130" />
  <attribute name="CPU Util" value="17049345257118" />
  <attribute name="Time Running"value="6823"/>
  <attribute name="Number of cores"value="4"/>
<gc-start id="6400" type="global" contextid="6399" timestamp="2019-07-02T23:05:46.272">
  <mem-info id="6401" free="130048" total="16187392" percent="0">
    <mem type="tenure" free="130048" total="16187392" percent="0">
      <mem type="soa" free="0" total="16025600" percent="0" />
      <mem type="loa" free="130048" total="161792" percent="80" />
    </mem>
  </mem-info>
</gc-start>
<allocation-stats totalBytes="10202296" >
  <allocated-bytes non-tlh="0" tlh="10202296" />
  <largest-consumer threadName="Thread-7" threadId="0000000001358100" bytes="3505632" />
</allocation-stats>
<gc-op id="6402" type="mark" timems="1.303" contextid="6399" timestamp="2019-07-02T23:05:46.274">
  <trace-info objectcount="71015" scancount="63437" scanbytes="2396092" />
  <finalization candidates="124" enqueued="0" />
  <ownableSynchronizers candidates="3" cleared="0" />
  <references type="soft" candidates="84" cleared="0" enqueued="0" dynamicThreshold="20" maxThreshold="32" />
  <references type="weak" candidates="774" cleared="0" enqueued="0" />
  <references type="phantom" candidates="63" cleared="0" enqueued="0" />
  <stringconstants candidates="4574" cleared="0"  />
</gc-op>
<gc-op id="6403" type="sweep" timems="0.244" contextid="6399" timestamp="2019-07-02T23:05:46.274" />
<heap-resize id="6404" type="contract" space="tenure" amount="131072" count="1" timems="0.092" reason="excess free space following gc" timestamp="2019-07-02T23:05:46.274" />
<gc-end id="6405" type="global" contextid="6399" durationms="2.276" usertimems="4.000" systemtimems="0.000" timestamp="2019-07-02T23:05:46.275" activeThreads="4">
  <mem-info id="6406" free="10014840" total="16056320" percent="62">
    <mem type="tenure" free="10014840" total="16056320" percent="62" micro-fragmented="32411" macro-fragmented="54514">
      <mem type="soa" free="10014840" total="15896576" percent="62" />
      <mem type="loa" free="0" total="159744" percent="0" />
    </mem>
  </mem-info>
</gc-end>
<cycle-end id="6407" type="global" contextid="6399" timestamp="2019-07-02T23:05:46.275">
  <attribute name="GC Util" value="190" />
  <attribute name="CPU Util" value="13244017022742" />
  <attribute name="Time Running"value="6839"/>
  <attribute name="Number of cores"value="4"/>
</cycle-end>
<allocation-satisfied id="6408" threadId="0000000001354500" bytesRequested="24" />
<af-end id="6409" timestamp="2019-07-02T23:05:46.275" threadId="0000000001354E88" success="true" />
<exclusive-end id="6410" timestamp="2019-07-02T23:05:46.275" durationms="3.021" />

<exclusive-start id="6411" timestamp="2019-07-02T23:05:46.282" intervalms="9.694">
  <response-info timems="0.039" idlems="0.022" threads="1" lastid="0000000001354500" lastname="Thread-8" />
</exclusive-start>
<af-start id="6412" threadId="000000000135C688" totalBytesRequested="40" timestamp="2019-07-02T23:05:46.282" intervalms="9.730" />
<cycle-start id="6413" type="global" contextid="0" timestamp="2019-07-02T23:05:46.282" intervalms="9.753" />
  <attribute name="GC Util" value="190" />
  <attribute name="CPU Util" value="13244017022742" />
  <attribute name="Time Running"value="6839"/>
  <attribute name="Number of cores"value="4"/>
<gc-start id="6414" type="global" contextid="6413" timestamp="2019-07-02T23:05:46.282">
  <mem-info id="6415" free="0" total="16056320" percent="0">
    <mem type="tenure" free="0" total="16056320" percent="0">
      <mem type="soa" free="0" total="15896576" percent="0" />
      <mem type="loa" free="0" total="159744" percent="0" />
    </mem>
  </mem-info>
</gc-start>
<allocation-stats totalBytes="10014384" >
  <allocated-bytes non-tlh="19056" tlh="9995328" />
  <largest-consumer threadName="Thread-7" threadId="0000000001358100" bytes="3407872" />
</allocation-stats>
<gc-op id="6416" type="mark" timems="1.277" contextid="6413" timestamp="2019-07-02T23:05:46.284">
  <trace-info objectcount="69444" scancount="61877" scanbytes="2358532" />
  <finalization candidates="124" enqueued="0" />
  <ownableSynchronizers candidates="3" cleared="0" />
  <references type="soft" candidates="84" cleared="0" enqueued="0" dynamicThreshold="19" maxThreshold="32" />
  <references type="weak" candidates="774" cleared="0" enqueued="0" />
  <references type="phantom" candidates="63" cleared="0" enqueued="0" />
  <stringconstants candidates="4574" cleared="0"  />
</gc-op>
<gc-op id="6417" type="sweep" timems="0.302" contextid="6413" timestamp="2019-07-02T23:05:46.284" />
<mem-info id="6418" free="10099488" total="16056320" percent="62">
  <mem type="tenure" free="10099488" total="16056320" percent="62" micro-fragmented="35590" macro-fragmented="45936">
    <mem type="soa" free="9974280" total="15896576" percent="62" />
    <mem type="loa" free="125208" total="159744" percent="78" />
  </mem>
</mem-info>
<gc-op id="6419" type="compact" timems="4.598" contextid="6413" timestamp="2019-07-02T23:05:46.289">
  <compact-info movecount="29703" movebytes="1264200" reason="compact to aid heap contraction" />
</gc-op>
<heap-resize id="6420" type="contract" space="tenure" amount="131072" count="1" timems="0.085" reason="excess free space following gc" timestamp="2019-07-02T23:05:46.289" />
<gc-end id="6421" type="global" contextid="6413" durationms="7.085" usertimems="12.000" systemtimems="0.000" timestamp="2019-07-02T23:05:46.289" activeThreads="4">
  <mem-info id="6422" free="10003128" total="15925248" percent="62">
    <mem type="tenure" free="10003128" total="15925248" percent="62">
      <mem type="soa" free="9873080" total="15766528" percent="62" />
      <mem type="loa" free="130048" total="158720" percent="81" />
    </mem>
  </mem-info>
</gc-end>
<cycle-end id="6423" type="global" contextid="6413" timestamp="2019-07-02T23:05:46.289">
  <attribute name="GC Util" value="14" />
  <attribute name="CPU Util" value="33479332058269" />
  <attribute name="Time Running"value="6849"/>
  <attribute name="Number of cores"value="4"/>
</cycle-end>
<allocation-satisfied id="6424" threadId="000000000135BD00" bytesRequested="40" />
<af-end id="6425" timestamp="2019-07-02T23:05:46.289" threadId="000000000135C688" success="true" />
<exclusive-end id="6426" timestamp="2019-07-02T23:05:46.290" durationms="8.045" />

<exclusive-start id="6427" timestamp="2019-07-02T23:05:46.297" intervalms="15.513">
  <response-info timems="0.055" idlems="0.055" threads="0" lastid="000000000135BD00" lastname="Thread-10" />
</exclusive-start>
<af-start id="6428" threadId="000000000135C688" totalBytesRequested="40" timestamp="2019-07-02T23:05:46.297" intervalms="15.477" />
<cycle-start id="6429" type="global" contextid="0" timestamp="2019-07-02T23:05:46.297" intervalms="15.430" />
  <attribute name="GC Util" value="14" />
  <attribute name="CPU Util" value="33479332058269" />
  <attribute name="Time Running"value="6849"/>
  <attribute name="Number of cores"value="4"/>
<gc-start id="6430" type="global" contextid="6429" timestamp="2019-07-02T23:05:46.297">
  <mem-info id="6431" free="130048" total="15925248" percent="0">
    <mem type="tenure" free="130048" total="15925248" percent="0">
      <mem type="soa" free="0" total="15766528" percent="0" />
      <mem type="loa" free="130048" total="158720" percent="81" />
    </mem>
  </mem-info>
</gc-start>
<allocation-stats totalBytes="9936528" >
  <allocated-bytes non-tlh="0" tlh="9936528" />
  <largest-consumer threadName="Thread-8" threadId="0000000001354500" bytes="3580864" />
</allocation-stats>
<gc-op id="6432" type="mark" timems="2.211" contextid="6429" timestamp="2019-07-02T23:05:46.300">
  <trace-info objectcount="65806" scancount="58243" scanbytes="2271108" />
  <finalization candidates="124" enqueued="0" />
  <ownableSynchronizers candidates="3" cleared="0" />
  <references type="soft" candidates="84" cleared="0" enqueued="0" dynamicThreshold="20" maxThreshold="32" />
  <references type="weak" candidates="774" cleared="0" enqueued="0" />
  <references type="phantom" candidates="63" cleared="0" enqueued="0" />
  <stringconstants candidates="4574" cleared="0"  />
</gc-op>
<gc-op id="6433" type="sweep" timems="0.750" contextid="6429" timestamp="2019-07-02T23:05:46.301" />
<heap-resize id="6434" type="contract" space="tenure" amount="131072" count="1" timems="0.091" reason="excess free space following gc" timestamp="2019-07-02T23:05:46.301" />
<gc-end id="6435" type="global" contextid="6429" durationms="3.694" usertimems="8.000" systemtimems="0.000" timestamp="2019-07-02T23:05:46.301" activeThreads="4">
  <mem-info id="6436" free="9807256" total="15794176" percent="62">
    <mem type="tenure" free="9807256" total="15794176" percent="62" micro-fragmented="67971" macro-fragmented="70979">
      <mem type="soa" free="9807256" total="15636480" percent="62" />
      <mem type="loa" free="0" total="157696" percent="0" />
    </mem>
  </mem-info>
</gc-end>
<cycle-end id="6437" type="global" contextid="6429" timestamp="2019-07-02T23:05:46.301">
  <attribute name="GC Util" value="251" />
  <attribute name="CPU Util" value="8020410521936" />
  <attribute name="Time Running"value="6865"/>
  <attribute name="Number of cores"value="4"/>
</cycle-end>
<allocation-satisfied id="6438" threadId="000000000135BD00" bytesRequested="40" />
<af-end id="6439" timestamp="2019-07-02T23:05:46.301" threadId="000000000135C688" success="true" />
<exclusive-end id="6440" timestamp="2019-07-02T23:05:46.302" durationms="4.476" />

<exclusive-start id="6441" timestamp="2019-07-02T23:05:46.307" intervalms="9.733">
  <response-info timems="0.035" idlems="0.035" threads="0" lastid="0000000001358100" lastname="Thread-7" />
</exclusive-start>
<af-start id="6442" threadId="0000000001358A88" totalBytesRequested="24" timestamp="2019-07-02T23:05:46.307" intervalms="9.726" />
<cycle-start id="6443" type="global" contextid="0" timestamp="2019-07-02T23:05:46.307" intervalms="9.765" />
  <attribute name="GC Util" value="251" />
  <attribute name="CPU Util" value="8020410521936" />
  <attribute name="Time Running"value="6865"/>
  <attribute name="Number of cores"value="4"/>
<gc-start id="6444" type="global" contextid="6443" timestamp="2019-07-02T23:05:46.307">
  <mem-info id="6445" free="0" total="15794176" percent="0">
    <mem type="tenure" free="0" total="15794176" percent="0">
      <mem type="soa" free="0" total="15636480" percent="0" />
      <mem type="loa" free="0" total="157696" percent="0" />
    </mem>
  </mem-info>
</gc-start>
<allocation-stats totalBytes="9803600" >
  <allocated-bytes non-tlh="0" tlh="9803600" />
  <largest-consumer threadName="Thread-8" threadId="0000000001354500" bytes="3780320" />
</allocation-stats>
<gc-op id="6446" type="mark" timems="2.295" contextid="6443" timestamp="2019-07-02T23:05:46.310">
  <trace-info objectcount="61966" scancount="54393" scanbytes="2178308" />
  <finalization candidates="124" enqueued="0" />
  <ownableSynchronizers candidates="3" cleared="0" />
  <references type="soft" candidates="84" cleared="0" enqueued="0" dynamicThreshold="19" maxThreshold="32" />
  <references type="weak" candidates="774" cleared="0" enqueued="0" />
  <references type="phantom" candidates="63" cleared="0" enqueued="0" />
  <stringconstants candidates="4574" cleared="0"  />
</gc-op>
<gc-op id="6447" type="sweep" timems="0.776" contextid="6443" timestamp="2019-07-02T23:05:46.311" />
<heap-resize id="6448" type="contract" space="tenure" amount="131072" count="1" timems="0.082" reason="excess free space following gc" timestamp="2019-07-02T23:05:46.311" />
<gc-end id="6449" type="global" contextid="6443" durationms="3.809" usertimems="4.000" systemtimems="4.000" timestamp="2019-07-02T23:05:46.311" activeThreads="4">
  <mem-info id="6450" free="9704048" total="15663104" percent="61">
    <mem type="tenure" free="9704048" total="15663104" percent="61" micro-fragmented="58755" macro-fragmented="86207">
      <mem type="soa" free="9704048" total="15507456" percent="62" />
      <mem type="loa" free="0" total="155648" percent="0" />
    </mem>
  </mem-info>
</gc-end>
<cycle-end id="6451" type="global" contextid="6443" timestamp="2019-07-02T23:05:46.311">
  <attribute name="GC Util" value="239" />
  <attribute name="CPU Util" value="7692775017461" />
  <attribute name="Time Running"value="6875"/>
  <attribute name="Number of cores"value="4"/>
</cycle-end>
<allocation-satisfied id="6452" threadId="0000000001358100" bytesRequested="24" />
<af-end id="6453" timestamp="2019-07-02T23:05:46.311" threadId="0000000001358A88" success="true" />
<exclusive-end id="6454" timestamp="2019-07-02T23:05:46.312" durationms="4.743" />

<exclusive-start id="6455" timestamp="2019-07-02T23:05:46.319" intervalms="11.801">
  <response-info timems="0.101" idlems="0.098" threads="2" lastid="0000000001354500" lastname="Thread-8" />
</exclusive-start>
<af-start id="6456" threadId="000000000135C688" totalBytesRequested="40" timestamp="2019-07-02T23:05:46.319" intervalms="11.829" />
<cycle-start id="6457" type="global" contextid="0" timestamp="2019-07-02T23:05:46.319" intervalms="11.834" />
  <attribute name="GC Util" value="239" />
  <attribute name="CPU Util" value="7692775017461" />
  <attribute name="Time Running"value="6875"/>
  <attribute name="Number of cores"value="4"/>
<gc-start id="6458" type="global" contextid="6457" timestamp="2019-07-02T23:05:46.319">
  <mem-info id="6459" free="0" total="15663104" percent="0">
    <mem type="tenure" free="0" total="15663104" percent="0">
      <mem type="soa" free="0" total="15507456" percent="0" />
      <mem type="loa" free="0" total="155648" percent="0" />
    </mem>
  </mem-info>
</gc-start>
<allocation-stats totalBytes="9760200" >
  <allocated-bytes non-tlh="0" tlh="9760200" />
  <largest-consumer threadName="Thread-10" threadId="000000000135BD00" bytes="3612024" />
</allocation-stats>
<gc-op id="6460" type="mark" timems="1.979" contextid="6457" timestamp="2019-07-02T23:05:46.321">
  <trace-info objectcount="62690" scancount="55123" scanbytes="2195572" />
  <finalization candidates="124" enqueued="0" />
  <ownableSynchronizers candidates="3" cleared="0" />
  <references type="soft" candidates="84" cleared="0" enqueued="0" dynamicThreshold="19" maxThreshold="32" />
  <references type="weak" candidates="774" cleared="0" enqueued="0" />
  <references type="phantom" candidates="63" cleared="0" enqueued="0" />
  <stringconstants candidates="4574" cleared="0"  />
</gc-op>
<gc-op id="6461" type="sweep" timems="0.803" contextid="6457" timestamp="2019-07-02T23:05:46.322" />
<mem-info id="6462" free="9704496" total="15663104" percent="61">
  <mem type="tenure" free="9704496" total="15663104" percent="61" micro-fragmented="68718" macro-fragmented="37128">
    <mem type="soa" free="9704496" total="15507456" percent="62" />
    <mem type="loa" free="0" total="155648" percent="0" />
  </mem>
</mem-info>
<gc-op id="6463" type="compact" timems="5.573" contextid="6457" timestamp="2019-07-02T23:05:46.328">
  <compact-info movecount="22947" movebytes="1101192" reason="compact to aid heap contraction" />
</gc-op>
<heap-resize id="6464" type="contract" space="tenure" amount="131072" count="1" timems="0.079" reason="excess free space following gc" timestamp="2019-07-02T23:05:46.328" />
<gc-end id="6465" type="global" contextid="6457" durationms="9.472" usertimems="12.000" systemtimems="4.000" timestamp="2019-07-02T23:05:46.329" activeThreads="4">
  <mem-info id="6466" free="9776968" total="15532032" percent="62">
    <mem type="tenure" free="9776968" total="15532032" percent="62">
      <mem type="soa" free="9646920" total="15377408" percent="62" />
      <mem type="loa" free="130048" total="154624" percent="84" />
    </mem>
  </mem-info>
</gc-end>
<cycle-end id="6467" type="global" contextid="6457" timestamp="2019-07-02T23:05:46.329">
  <attribute name="GC Util" value="131" />
  <attribute name="CPU Util" value="16182745261024" />
  <attribute name="Time Running"value="6887"/>
  <attribute name="Number of cores"value="4"/>
</cycle-end>
<allocation-satisfied id="6468" threadId="000000000135BD00" bytesRequested="40" />
<af-end id="6469" timestamp="2019-07-02T23:05:46.329" threadId="000000000135C688" success="true" />
<exclusive-end id="6470" timestamp="2019-07-02T23:05:46.329" durationms="10.481" />

<exclusive-start id="6471" timestamp="2019-07-02T23:05:46.336" intervalms="16.916">
  <response-info timems="0.068" idlems="0.068" threads="0" lastid="0000000001358100" lastname="Thread-7" />
</exclusive-start>
<af-start id="6472" threadId="0000000001358A88" totalBytesRequested="40" timestamp="2019-07-02T23:05:46.336" intervalms="16.974" />
<cycle-start id="6473" type="global" contextid="0" timestamp="2019-07-02T23:05:46.336" intervalms="16.988" />
  <attribute name="GC Util" value="131" />
  <attribute name="CPU Util" value="16182745261024" />
  <attribute name="Time Running"value="6887"/>
  <attribute name="Number of cores"value="4"/>
<gc-start id="6474" type="global" contextid="6473" timestamp="2019-07-02T23:05:46.336">
  <mem-info id="6475" free="130048" total="15532032" percent="0">
    <mem type="tenure" free="130048" total="15532032" percent="0">
      <mem type="soa" free="0" total="15377408" percent="0" />
      <mem type="loa" free="130048" total="154624" percent="84" />
    </mem>
  </mem-info>
</gc-start>
<allocation-stats totalBytes="9711008" >
  <allocated-bytes non-tlh="0" tlh="9711008" />
  <largest-consumer threadName="Thread-10" threadId="000000000135BD00" bytes="3374696" />
</allocation-stats>
<gc-op id="6476" type="mark" timems="2.148" contextid="6473" timestamp="2019-07-02T23:05:46.338">
  <trace-info objectcount="63397" scancount="55836" scanbytes="2212676" />
  <finalization candidates="124" enqueued="0" />
  <ownableSynchronizers candidates="3" cleared="0" />
  <references type="soft" candidates="84" cleared="0" enqueued="0" dynamicThreshold="20" maxThreshold="32" />
  <references type="weak" candidates="774" cleared="0" enqueued="0" />
  <references type="phantom" candidates="63" cleared="0" enqueued="0" />
  <stringconstants candidates="4574" cleared="0"  />
</gc-op>
<gc-op id="6477" type="sweep" timems="0.745" contextid="6473" timestamp="2019-07-02T23:05:46.339" />
<heap-resize id="6478" type="contract" space="tenure" amount="131072" count="1" timems="0.043" reason="excess free space following gc" timestamp="2019-07-02T23:05:46.339" />
<gc-end id="6479" type="global" contextid="6473" durationms="3.521" usertimems="8.000" systemtimems="0.000" timestamp="2019-07-02T23:05:46.340" activeThreads="4">
  <mem-info id="6480" free="9551984" total="15400960" percent="62">
    <mem type="tenure" free="9551984" total="15400960" percent="62" micro-fragmented="14909" macro-fragmented="83657">
      <mem type="soa" free="9551984" total="15247360" percent="62" />
      <mem type="loa" free="0" total="153600" percent="0" />
    </mem>
  </mem-info>
</gc-end>
<cycle-end id="6481" type="global" contextid="6473" timestamp="2019-07-02T23:05:46.340">
  <attribute name="GC Util" value="246" />
  <attribute name="CPU Util" value="8263825956880" />
  <attribute name="Time Running"value="6903"/>
  <attribute name="Number of cores"value="4"/>
</cycle-end>
<allocation-satisfied id="6482" threadId="0000000001358100" bytesRequested="40" />
<af-end id="6483" timestamp="2019-07-02T23:05:46.340" threadId="0000000001358A88" success="true" />
<exclusive-end id="6484" timestamp="2019-07-02T23:05:46.340" durationms="4.380" />

<exclusive-start id="6485" timestamp="2019-07-02T23:05:46.346" intervalms="10.571">
  <response-info timems="0.025" idlems="0.025" threads="0" lastid="0000000001358100" lastname="Thread-7" />
</exclusive-start>
<af-start id="6486" threadId="0000000001358A88" totalBytesRequested="136" timestamp="2019-07-02T23:05:46.346" intervalms="10.496" />
<cycle-start id="6487" type="global" contextid="0" timestamp="2019-07-02T23:05:46.346" intervalms="10.443" />
  <attribute name="GC Util" value="246" />
  <attribute name="CPU Util" value="8263825956880" />
  <attribute name="Time Running"value="6903"/>
  <attribute name="Number of cores"value="4"/>
<gc-start id="6488" type="global" contextid="6487" timestamp="2019-07-02T23:05:46.346">
  <mem-info id="6489" free="0" total="15400960" percent="0">
    <mem type="tenure" free="0" total="15400960" percent="0">
      <mem type="soa" free="0" total="15247360" percent="0" />
      <mem type="loa" free="0" total="153600" percent="0" />
    </mem>
  </mem-info>
</gc-start>
<allocation-stats totalBytes="9550664" >
  <allocated-bytes non-tlh="0" tlh="9550664" />
  <largest-consumer threadName="Thread-9" threadId="000000000135F900" bytes="3273104" />
</allocation-stats>
<gc-op id="6490" type="mark" timems="2.366" contextid="6487" timestamp="2019-07-02T23:05:46.349">
  <trace-info objectcount="64142" scancount="56563" scanbytes="2230500" />
  <finalization candidates="124" enqueued="0" />
  <ownableSynchronizers candidates="3" cleared="0" />
  <references type="soft" candidates="84" cleared="0" enqueued="0" dynamicThreshold="19" maxThreshold="32" />
  <references type="weak" candidates="774" cleared="0" enqueued="0" />
  <references type="phantom" candidates="63" cleared="0" enqueued="0" />
  <stringconstants candidates="4574" cleared="0"  />
</gc-op>
<gc-op id="6491" type="sweep" timems="0.741" contextid="6487" timestamp="2019-07-02T23:05:46.350" />
<heap-resize id="6492" type="contract" space="tenure" amount="65536" count="1" timems="0.084" reason="excess free space following gc" timestamp="2019-07-02T23:05:46.350" />
<gc-end id="6493" type="global" contextid="6487" durationms="3.896" usertimems="8.000" systemtimems="0.000" timestamp="2019-07-02T23:05:46.350" activeThreads="4">
  <mem-info id="6494" free="9455696" total="15335424" percent="61">
    <mem type="tenure" free="9455696" total="15335424" percent="61" micro-fragmented="18254" macro-fragmented="43164">
      <mem type="soa" free="9455696" total="15182848" percent="62" />
      <mem type="loa" free="0" total="152576" percent="0" />
    </mem>
  </mem-info>
</gc-end>
<cycle-end id="6495" type="global" contextid="6487" timestamp="2019-07-02T23:05:46.351">
  <attribute name="GC Util" value="246" />
  <attribute name="CPU Util" value="7506579563950" />
  <attribute name="Time Running"value="6914"/>
  <attribute name="Number of cores"value="4"/>
</cycle-end>
<allocation-satisfied id="6496" threadId="0000000001358100" bytesRequested="136" />
<af-end id="6497" timestamp="2019-07-02T23:05:46.351" threadId="0000000001358A88" success="true" />
<exclusive-end id="6498" timestamp="2019-07-02T23:05:46.351" durationms="4.677" />

<exclusive-start id="6499" timestamp="2019-07-02T23:05:46.357" intervalms="10.800">
  <response-info timems="0.033" idlems="0.033" threads="0" lastid="0000000001354500" lastname="Thread-8" />
</exclusive-start>
<af-start id="6500" threadId="0000000001354E88" totalBytesRequested="40" timestamp="2019-07-02T23:05:46.357" intervalms="10.809" />
<cycle-start id="6501" type="global" contextid="0" timestamp="2019-07-02T23:05:46.357" intervalms="10.812" />
  <attribute name="GC Util" value="246" />
  <attribute name="CPU Util" value="7506579563950" />
  <attribute name="Time Running"value="6914"/>
  <attribute name="Number of cores"value="4"/>
<gc-start id="6502" type="global" contextid="6501" timestamp="2019-07-02T23:05:46.357">
  <mem-info id="6503" free="0" total="15335424" percent="0">
    <mem type="tenure" free="0" total="15335424" percent="0">
      <mem type="soa" free="0" total="15182848" percent="0" />
      <mem type="loa" free="0" total="152576" percent="0" />
    </mem>
  </mem-info>
</gc-start>
<allocation-stats totalBytes="9451968" >
  <allocated-bytes non-tlh="0" tlh="9451968" />
  <largest-consumer threadName="Thread-8" threadId="0000000001354500" bytes="3327664" />
</allocation-stats>
<gc-op id="6504" type="mark" timems="1.301" contextid="6501" timestamp="2019-07-02T23:05:46.359">
  <trace-info objectcount="66078" scancount="58505" scanbytes="2277644" />
  <finalization candidates="124" enqueued="0" />
  <ownableSynchronizers candidates="3" cleared="0" />
  <references type="soft" candidates="84" cleared="0" enqueued="0" dynamicThreshold="19" maxThreshold="32" />
  <references type="weak" candidates="774" cleared="0" enqueued="0" />
  <references type="phantom" candidates="63" cleared="0" enqueued="0" />
  <stringconstants candidates="4574" cleared="0"  />
</gc-op>
<gc-op id="6505" type="sweep" timems="0.314" contextid="6501" timestamp="2019-07-02T23:05:46.359" />
<gc-end id="6506" type="global" contextid="6501" durationms="2.080" usertimems="4.000" systemtimems="0.000" timestamp="2019-07-02T23:05:46.359" activeThreads="4">
  <mem-info id="6507" free="9351528" total="15335424" percent="60">
    <mem type="tenure" free="9351528" total="15335424" percent="60" micro-fragmented="18476" macro-fragmented="37128">
      <mem type="soa" free="9351528" total="15182848" percent="61" />
      <mem type="loa" free="0" total="152576" percent="0" />
    </mem>
  </mem-info>
</gc-end>
<cycle-end id="6508" type="global" contextid="6501" timestamp="2019-07-02T23:05:46.359">
  <attribute name="GC Util" value="190" />
  <attribute name="CPU Util" value="13282467278149" />
  <attribute name="Time Running"value="6924"/>
  <attribute name="Number of cores"value="4"/>
</cycle-end>
<allocation-satisfied id="6509" threadId="0000000001354500" bytesRequested="40" />
<af-end id="6510" timestamp="2019-07-02T23:05:46.360" threadId="0000000001354E88" success="true" />
<exclusive-end id="6511" timestamp="2019-07-02T23:05:46.360" durationms="2.948" />

<exclusive-start id="6512" timestamp="2019-07-02T23:05:46.366" intervalms="8.867">
  <response-info timems="0.027" idlems="0.025" threads="1" lastid="0000000001358100" lastname="Thread-7" />
</exclusive-start>
<af-start id="6513" threadId="0000000001354E88" totalBytesRequested="40" timestamp="2019-07-02T23:05:46.366" intervalms="8.847" />
<cycle-start id="6514" type="global" contextid="0" timestamp="2019-07-02T23:05:46.366" intervalms="8.839" />
  <attribute name="GC Util" value="190" />
  <attribute name="CPU Util" value="13282467278149" />
  <attribute name="Time Running"value="6924"/>
  <attribute name="Number of cores"value="4"/>
<gc-start id="6515" type="global" contextid="6514" timestamp="2019-07-02T23:05:46.366">
  <mem-info id="6516" free="0" total="15335424" percent="0">
    <mem type="tenure" free="0" total="15335424" percent="0">
      <mem type="soa" free="0" total="15182848" percent="0" />
      <mem type="loa" free="0" total="152576" percent="0" />
    </mem>
  </mem-info>
</gc-start>
<allocation-stats totalBytes="9345528" >
  <allocated-bytes non-tlh="0" tlh="9345528" />
  <largest-consumer threadName="Thread-8" threadId="0000000001354500" bytes="3484496" />
</allocation-stats>
<gc-op id="6517" type="mark" timems="1.260" contextid="6514" timestamp="2019-07-02T23:05:46.368">
  <trace-info objectcount="68350" scancount="60769" scanbytes="2331884" />
  <finalization candidates="124" enqueued="0" />
  <ownableSynchronizers candidates="3" cleared="0" />
  <references type="soft" candidates="84" cleared="0" enqueued="0" dynamicThreshold="19" maxThreshold="32" />
  <references type="weak" candidates="774" cleared="0" enqueued="0" />
  <references type="phantom" candidates="63" cleared="0" enqueued="0" />
  <stringconstants candidates="4574" cleared="0"  />
</gc-op>
<gc-op id="6518" type="sweep" timems="0.341" contextid="6514" timestamp="2019-07-02T23:05:46.368" />
<gc-end id="6519" type="global" contextid="6514" durationms="2.055" usertimems="4.000" systemtimems="0.000" timestamp="2019-07-02T23:05:46.368" activeThreads="4">
  <mem-info id="6520" free="9259576" total="15335424" percent="60">
    <mem type="tenure" free="9259576" total="15335424" percent="60" micro-fragmented="69240" macro-fragmented="25276">
      <mem type="soa" free="9259576" total="15182848" percent="60" />
      <mem type="loa" free="0" total="152576" percent="0" />
    </mem>
  </mem-info>
</gc-end>
<cycle-end id="6521" type="global" contextid="6514" timestamp="2019-07-02T23:05:46.368">
  <attribute name="GC Util" value="196" />
  <attribute name="CPU Util" value="13700596683014" />
  <attribute name="Time Running"value="6932"/>
  <attribute name="Number of cores"value="4"/>
</cycle-end>
<allocation-satisfied id="6522" threadId="0000000001354500" bytesRequested="40" />
<af-end id="6523" timestamp="2019-07-02T23:05:46.368" threadId="0000000001354E88" success="true" />
<exclusive-end id="6524" timestamp="2019-07-02T23:05:46.369" durationms="2.804" />

<exclusive-start id="6525" timestamp="2019-07-02T23:05:46.377" intervalms="11.461">
  <response-info timems="0.026" idlems="0.025" threads="1" lastid="0000000001358100" lastname="Thread-7" />
</exclusive-start>
<af-start id="6526" threadId="0000000001360288" totalBytesRequested="40" timestamp="2019-07-02T23:05:46.377" intervalms="11.454" />
<cycle-start id="6527" type="global" contextid="0" timestamp="2019-07-02T23:05:46.377" intervalms="11.450" />
  <attribute name="GC Util" value="196" />
  <attribute name="CPU Util" value="13700596683014" />
  <attribute name="Time Running"value="6932"/>
  <attribute name="Number of cores"value="4"/>
<gc-start id="6528" type="global" contextid="6527" timestamp="2019-07-02T23:05:46.378">
  <mem-info id="6529" free="0" total="15335424" percent="0">
    <mem type="tenure" free="0" total="15335424" percent="0">
      <mem type="soa" free="0" total="15182848" percent="0" />
      <mem type="loa" free="0" total="152576" percent="0" />
    </mem>
  </mem-info>
</gc-start>
<allocation-stats totalBytes="9248776" >
  <allocated-bytes non-tlh="19056" tlh="9229720" />
  <largest-consumer threadName="Thread-9" threadId="000000000135F900" bytes="4032344" />
</allocation-stats>
<gc-op id="6530" type="mark" timems="1.168" contextid="6527" timestamp="2019-07-02T23:05:46.379">
  <trace-info objectcount="64396" scancount="56823" scanbytes="2236636" />
  <finalization candidates="124" enqueued="0" />
  <ownableSynchronizers candidates="3" cleared="0" />
  <references type="soft" candidates="84" cleared="0" enqueued="0" dynamicThreshold="19" maxThreshold="32" />
  <references type="weak" candidates="774" cleared="0" enqueued="0" />
  <references type="phantom" candidates="63" cleared="0" enqueued="0" />
  <stringconstants candidates="4574" cleared="0"  />
</gc-op>
<gc-op id="6531" type="sweep" timems="0.307" contextid="6527" timestamp="2019-07-02T23:05:46.379" />
<gc-end id="6532" type="global" contextid="6527" durationms="1.883" usertimems="4.000" systemtimems="0.000" timestamp="2019-07-02T23:05:46.379" activeThreads="4">
  <mem-info id="6533" free="9355728" total="15335424" percent="61">
    <mem type="tenure" free="9355728" total="15335424" percent="61" micro-fragmented="64090" macro-fragmented="70175">
      <mem type="soa" free="9355728" total="15182848" percent="61" />
      <mem type="loa" free="0" total="152576" percent="0" />
    </mem>
  </mem-info>
</gc-end>
<cycle-end id="6534" type="global" contextid="6527" timestamp="2019-07-02T23:05:46.380">
  <attribute name="GC Util" value="210" />
  <attribute name="CPU Util" value="14678938955011" />
  <attribute name="Time Running"value="6944"/>
  <attribute name="Number of cores"value="4"/>
</cycle-end>
<allocation-satisfied id="6535" threadId="000000000135F900" bytesRequested="40" />
<af-end id="6536" timestamp="2019-07-02T23:05:46.380" threadId="0000000001360288" success="true" />
<exclusive-end id="6537" timestamp="2019-07-02T23:05:46.380" durationms="2.429" />

<exclusive-start id="6538" timestamp="2019-07-02T23:05:46.385" intervalms="7.814">
  <response-info timems="0.040" idlems="0.040" threads="0" lastid="000000000135F900" lastname="Thread-9" />
</exclusive-start>
<af-start id="6539" threadId="0000000001360288" totalBytesRequested="40" timestamp="2019-07-02T23:05:46.385" intervalms="7.857" />
<cycle-start id="6540" type="global" contextid="0" timestamp="2019-07-02T23:05:46.385" intervalms="7.902" />
  <attribute name="GC Util" value="210" />
  <attribute name="CPU Util" value="14678938955011" />
  <attribute name="Time Running"value="6944"/>
  <attribute name="Number of cores"value="4"/>
<gc-start id="6541" type="global" contextid="6540" timestamp="2019-07-02T23:05:46.385">
  <mem-info id="6542" free="0" total="15335424" percent="0">
    <mem type="tenure" free="0" total="15335424" percent="0">
      <mem type="soa" free="0" total="15182848" percent="0" />
      <mem type="loa" free="0" total="152576" percent="0" />
    </mem>
  </mem-info>
</gc-start>
<allocation-stats totalBytes="9349632" >
  <allocated-bytes non-tlh="0" tlh="9349632" />
  <largest-consumer threadName="Thread-7" threadId="0000000001358100" bytes="4018256" />
</allocation-stats>
<gc-op id="6543" type="mark" timems="1.232" contextid="6540" timestamp="2019-07-02T23:05:46.387">
  <trace-info objectcount="65976" scancount="58396" scanbytes="2274772" />
  <finalization candidates="124" enqueued="0" />
  <ownableSynchronizers candidates="3" cleared="0" />
  <references type="soft" candidates="84" cleared="0" enqueued="0" dynamicThreshold="19" maxThreshold="32" />
  <references type="weak" candidates="774" cleared="0" enqueued="0" />
  <references type="phantom" candidates="63" cleared="0" enqueued="0" />
  <stringconstants candidates="4574" cleared="0"  />
</gc-op>
<gc-op id="6544" type="sweep" timems="0.348" contextid="6540" timestamp="2019-07-02T23:05:46.387" />
<gc-end id="6545" type="global" contextid="6540" durationms="2.101" usertimems="4.000" systemtimems="0.000" timestamp="2019-07-02T23:05:46.388" activeThreads="4">
  <mem-info id="6546" free="9255808" total="15335424" percent="60">
    <mem type="tenure" free="9255808" total="15335424" percent="60" micro-fragmented="30901" macro-fragmented="35983">
      <mem type="soa" free="9255808" total="15182848" percent="60" />
      <mem type="loa" free="0" total="152576" percent="0" />
    </mem>
  </mem-info>
</gc-end>
<cycle-end id="6547" type="global" contextid="6540" timestamp="2019-07-02T23:05:46.388">
  <attribute name="GC Util" value="209" />
  <attribute name="CPU Util" value="13988656711229" />
  <attribute name="Time Running"value="6952"/>
  <attribute name="Number of cores"value="4"/>
</cycle-end>
<allocation-satisfied id="6548" threadId="000000000135F900" bytesRequested="40" />
<af-end id="6549" timestamp="2019-07-02T23:05:46.388" threadId="0000000001360288" success="true" />
<exclusive-end id="6550" timestamp="2019-07-02T23:05:46.388" durationms="2.985" />

<exclusive-start id="6551" timestamp="2019-07-02T23:05:46.393" intervalms="8.355">
  <response-info timems="0.026" idlems="0.026" threads="0" lastid="000000000135F900" lastname="Thread-9" />
</exclusive-start>
<af-start id="6552" threadId="0000000001360288" totalBytesRequested="40" timestamp="2019-07-02T23:05:46.394" intervalms="8.333" />
<cycle-start id="6553" type="global" contextid="0" timestamp="2019-07-02T23:05:46.394" intervalms="8.291" />
  <attribute name="GC Util" value="209" />
  <attribute name="CPU Util" value="13988656711229" />
  <attribute name="Time Running"value="6952"/>
  <attribute name="Number of cores"value="4"/>
<gc-start id="6554" type="global" contextid="6553" timestamp="2019-07-02T23:05:46.394">
  <mem-info id="6555" free="0" total="15335424" percent="0">
    <mem type="tenure" free="0" total="15335424" percent="0">
      <mem type="soa" free="0" total="15182848" percent="0" />
      <mem type="loa" free="0" total="152576" percent="0" />
    </mem>
  </mem-info>
</gc-start>
<allocation-stats totalBytes="9244176" >
  <allocated-bytes non-tlh="0" tlh="9244176" />
  <largest-consumer threadName="Thread-7" threadId="0000000001358100" bytes="3310680" />
</allocation-stats>
<gc-op id="6556" type="mark" timems="1.337" contextid="6553" timestamp="2019-07-02T23:05:46.395">
  <trace-info objectcount="67995" scancount="60420" scanbytes="2323484" />
  <finalization candidates="124" enqueued="0" />
  <ownableSynchronizers candidates="3" cleared="0" />
  <references type="soft" candidates="84" cleared="0" enqueued="0" dynamicThreshold="19" maxThreshold="32" />
  <references type="weak" candidates="774" cleared="0" enqueued="0" />
  <references type="phantom" candidates="63" cleared="0" enqueued="0" />
  <stringconstants candidates="4574" cleared="0"  />
</gc-op>
<gc-op id="6557" type="sweep" timems="0.407" contextid="6553" timestamp="2019-07-02T23:05:46.396" />
<heap-resize id="6558" type="expand" space="tenure" amount="1048576" count="1" timems="0.048" reason="excessive time being spent in gc" timestamp="2019-07-02T23:05:46.396" />
<gc-end id="6559" type="global" contextid="6553" durationms="2.417" usertimems="4.000" systemtimems="0.000" timestamp="2019-07-02T23:05:46.396" activeThreads="4">
  <mem-info id="6560" free="10168856" total="16384000" percent="62">
    <mem type="tenure" free="10168856" total="16384000" percent="62" micro-fragmented="26920" macro-fragmented="22614">
      <mem type="soa" free="10005016" total="16220160" percent="61" />
      <mem type="loa" free="163840" total="163840" percent="100" />
    </mem>
  </mem-info>
</gc-end>
<cycle-end id="6561" type="global" contextid="6553" timestamp="2019-07-02T23:05:46.396">
  <attribute name="GC Util" value="201" />
  <attribute name="CPU Util" value="12986677107637" />
  <attribute name="Time Running"value="6960"/>
  <attribute name="Number of cores"value="4"/>
</cycle-end>
<allocation-satisfied id="6562" threadId="000000000135F900" bytesRequested="40" />
<af-end id="6563" timestamp="2019-07-02T23:05:46.396" threadId="0000000001360288" success="true" />
<exclusive-end id="6564" timestamp="2019-07-02T23:05:46.397" durationms="3.140" />

<exclusive-start id="6565" timestamp="2019-07-02T23:05:46.403" intervalms="9.368">
  <response-info timems="0.030" idlems="0.030" threads="0" lastid="0000000001358100" lastname="Thread-7" />
</exclusive-start>
<af-start id="6566" threadId="0000000001358A88" totalBytesRequested="40" timestamp="2019-07-02T23:05:46.403" intervalms="9.372" />
<cycle-start id="6567" type="global" contextid="0" timestamp="2019-07-02T23:05:46.403" intervalms="9.379" />
  <attribute name="GC Util" value="201" />
  <attribute name="CPU Util" value="12986677107637" />
  <attribute name="Time Running"value="6960"/>
  <attribute name="Number of cores"value="4"/>
<gc-start id="6568" type="global" contextid="6567" timestamp="2019-07-02T23:05:46.403">
  <mem-info id="6569" free="163840" total="16384000" percent="1">
    <mem type="tenure" free="163840" total="16384000" percent="1">
      <mem type="soa" free="0" total="16220160" percent="0" />
      <mem type="loa" free="163840" total="163840" percent="100" />
    </mem>
  </mem-info>
</gc-start>
<allocation-stats totalBytes="9989848" >
  <allocated-bytes non-tlh="23160" tlh="9966688" />
  <largest-consumer threadName="Thread-7" threadId="0000000001358100" bytes="3950352" />
</allocation-stats>
<gc-op id="6570" type="mark" timems="2.097" contextid="6567" timestamp="2019-07-02T23:05:46.405">
  <trace-info objectcount="65446" scancount="57873" scanbytes="2261780" />
  <finalization candidates="124" enqueued="0" />
  <ownableSynchronizers candidates="3" cleared="0" />
  <references type="soft" candidates="84" cleared="0" enqueued="0" dynamicThreshold="19" maxThreshold="32" />
  <references type="weak" candidates="774" cleared="0" enqueued="0" />
  <references type="phantom" candidates="63" cleared="0" enqueued="0" />
  <stringconstants candidates="4574" cleared="0"  />
</gc-op>
<gc-op id="6571" type="sweep" timems="0.693" contextid="6567" timestamp="2019-07-02T23:05:46.406" />
<gc-end id="6572" type="global" contextid="6567" durationms="3.274" usertimems="4.000" systemtimems="4.000" timestamp="2019-07-02T23:05:46.406" activeThreads="4">
  <mem-info id="6573" free="10454768" total="16384000" percent="63">
    <mem type="tenure" free="10454768" total="16384000" percent="63" micro-fragmented="29701" macro-fragmented="22304">
      <mem type="soa" free="10290928" total="16220160" percent="63" />
      <mem type="loa" free="163840" total="163840" percent="100" />
    </mem>
  </mem-info>
</gc-end>
<cycle-end id="6574" type="global" contextid="6567" timestamp="2019-07-02T23:05:46.406">
  <attribute name="GC Util" value="241" />
  <attribute name="CPU Util" value="8278660748969" />
  <attribute name="Time Running"value="6970"/>
  <attribute name="Number of cores"value="4"/>
</cycle-end>
<allocation-satisfied id="6575" threadId="0000000001358100" bytesRequested="40" />
<af-end id="6576" timestamp="2019-07-02T23:05:46.407" threadId="0000000001358A88" success="true" />
<exclusive-end id="6577" timestamp="2019-07-02T23:05:46.407" durationms="4.032" />

<exclusive-start id="6578" timestamp="2019-07-02T23:05:46.413" intervalms="9.729">
  <response-info timems="0.029" idlems="0.024" threads="1" lastid="000000000135BD00" lastname="Thread-10" />
</exclusive-start>
<af-start id="6579" threadId="0000000001360288" totalBytesRequested="40" timestamp="2019-07-02T23:05:46.413" intervalms="9.727" />
<cycle-start id="6580" type="global" contextid="0" timestamp="2019-07-02T23:05:46.413" intervalms="9.732" />
  <attribute name="GC Util" value="241" />
  <attribute name="CPU Util" value="8278660748969" />
  <attribute name="Time Running"value="6970"/>
  <attribute name="Number of cores"value="4"/>
<gc-start id="6581" type="global" contextid="6580" timestamp="2019-07-02T23:05:46.413">
  <mem-info id="6582" free="163840" total="16384000" percent="1">
    <mem type="tenure" free="163840" total="16384000" percent="1">
      <mem type="soa" free="0" total="16220160" percent="0" />
      <mem type="loa" free="163840" total="163840" percent="100" />
    </mem>
  </mem-info>
</gc-start>
<allocation-stats totalBytes="10281152" >
  <allocated-bytes non-tlh="0" tlh="10281152" />
  <largest-consumer threadName="Thread-8" threadId="0000000001354500" bytes="4401432" />
</allocation-stats>
<gc-op id="6583" type="mark" timems="1.183" contextid="6580" timestamp="2019-07-02T23:05:46.414">
  <trace-info objectcount="66016" scancount="58441" scanbytes="2275252" />
  <finalization candidates="124" enqueued="0" />
  <ownableSynchronizers candidates="3" cleared="0" />
  <references type="soft" candidates="84" cleared="0" enqueued="0" dynamicThreshold="20" maxThreshold="32" />
  <references type="weak" candidates="774" cleared="0" enqueued="0" />
  <references type="phantom" candidates="63" cleared="0" enqueued="0" />
  <stringconstants candidates="4574" cleared="0"  />
</gc-op>
<gc-op id="6584" type="sweep" timems="0.393" contextid="6580" timestamp="2019-07-02T23:05:46.415" />
<gc-end id="6585" type="global" contextid="6580" durationms="2.057" usertimems="4.000" systemtimems="0.000" timestamp="2019-07-02T23:05:46.415" activeThreads="4">
  <mem-info id="6586" free="10391360" total="16384000" percent="63">
    <mem type="tenure" free="10391360" total="16384000" percent="63" micro-fragmented="112044" macro-fragmented="31688">
      <mem type="soa" free="10227520" total="16220160" percent="63" />
      <mem type="loa" free="163840" total="163840" percent="100" />
    </mem>
  </mem-info>
</gc-end>
<cycle-end id="6587" type="global" contextid="6580" timestamp="2019-07-02T23:05:46.415">
  <attribute name="GC Util" value="216" />
  <attribute name="CPU Util" value="14518147490208" />
  <attribute name="Time Running"value="6979"/>
  <attribute name="Number of cores"value="4"/>
</cycle-end>
<allocation-satisfied id="6588" threadId="000000000135F900" bytesRequested="40" />
<af-end id="6589" timestamp="2019-07-02T23:05:46.415" threadId="0000000001360288" success="true" />
<exclusive-end id="6590" timestamp="2019-07-02T23:05:46.415" durationms="2.939" />

<exclusive-start id="6591" timestamp="2019-07-02T23:05:46.422" intervalms="9.794">
  <response-info timems="0.061" idlems="0.061" threads="0" lastid="0000000001358100" lastname="Thread-7" />
</exclusive-start>
<af-start id="6592" threadId="0000000001358A88" totalBytesRequested="40" timestamp="2019-07-02T23:05:46.422" intervalms="9.819" />
<cycle-start id="6593" type="global" contextid="0" timestamp="2019-07-02T23:05:46.423" intervalms="9.856" />
  <attribute name="GC Util" value="216" />
  <attribute name="CPU Util" value="14518147490208" />
  <attribute name="Time Running"value="6979"/>
  <attribute name="Number of cores"value="4"/>
<gc-start id="6594" type="global" contextid="6593" timestamp="2019-07-02T23:05:46.423">
  <mem-info id="6595" free="163840" total="16384000" percent="1">
    <mem type="tenure" free="163840" total="16384000" percent="1">
      <mem type="soa" free="0" total="16220160" percent="0" />
      <mem type="loa" free="163840" total="163840" percent="100" />
    </mem>
  </mem-info>
</gc-start>
<allocation-stats totalBytes="10214264" >
  <allocated-bytes non-tlh="0" tlh="10214264" />
  <largest-consumer threadName="Thread-7" threadId="0000000001358100" bytes="3529560" />
</allocation-stats>
<gc-op id="6596" type="mark" timems="2.131" contextid="6593" timestamp="2019-07-02T23:05:46.425">
  <trace-info objectcount="67020" scancount="59455" scanbytes="2300084" />
  <finalization candidates="124" enqueued="0" />
  <ownableSynchronizers candidates="3" cleared="0" />
  <references type="soft" candidates="84" cleared="0" enqueued="0" dynamicThreshold="20" maxThreshold="32" />
  <references type="weak" candidates="774" cleared="0" enqueued="0" />
  <references type="phantom" candidates="63" cleared="0" enqueued="0" />
  <stringconstants candidates="4574" cleared="0"  />
</gc-op>
<gc-op id="6597" type="sweep" timems="0.867" contextid="6593" timestamp="2019-07-02T23:05:46.426" />
<heap-resize id="6598" type="contract" space="tenure" amount="131072" count="1" timems="0.055" reason="excess free space following gc" timestamp="2019-07-02T23:05:46.426" />
<gc-end id="6599" type="global" contextid="6593" durationms="3.743" usertimems="8.000" systemtimems="0.000" timestamp="2019-07-02T23:05:46.426" activeThreads="4">
  <mem-info id="6600" free="10019760" total="16252928" percent="61">
    <mem type="tenure" free="10019760" total="16252928" percent="61" micro-fragmented="30321" macro-fragmented="8923">
      <mem type="soa" free="10019760" total="16091136" percent="62" />
      <mem type="loa" free="0" total="161792" percent="0" />
    </mem>
  </mem-info>
</gc-end>
<cycle-end id="6601" type="global" contextid="6593" timestamp="2019-07-02T23:05:46.427">
  <attribute name="GC Util" value="254" />
  <attribute name="CPU Util" value="8332645380498" />
  <attribute name="Time Running"value="6990"/>
  <attribute name="Number of cores"value="4"/>
</cycle-end>
<allocation-satisfied id="6602" threadId="0000000001358100" bytesRequested="40" />
<af-end id="6603" timestamp="2019-07-02T23:05:46.427" threadId="0000000001358A88" success="true" />
<exclusive-end id="6604" timestamp="2019-07-02T23:05:46.427" durationms="4.648" />

<exclusive-start id="6605" timestamp="2019-07-02T23:05:46.433" intervalms="11.179">
  <response-info timems="0.055" idlems="0.055" threads="0" lastid="0000000001358100" lastname="Thread-7" />
</exclusive-start>
<af-start id="6606" threadId="0000000001358A88" totalBytesRequested="40" timestamp="2019-07-02T23:05:46.434" intervalms="11.176" />
<cycle-start id="6607" type="global" contextid="0" timestamp="2019-07-02T23:05:46.434" intervalms="11.166" />
  <attribute name="GC Util" value="254" />
  <attribute name="CPU Util" value="8332645380498" />
  <attribute name="Time Running"value="6990"/>
  <attribute name="Number of cores"value="4"/>
<gc-start id="6608" type="global" contextid="6607" timestamp="2019-07-02T23:05:46.434">
  <mem-info id="6609" free="0" total="16252928" percent="0">
    <mem type="tenure" free="0" total="16252928" percent="0">
      <mem type="soa" free="0" total="16091136" percent="0" />
      <mem type="loa" free="0" total="161792" percent="0" />
    </mem>
  </mem-info>
</gc-start>
<allocation-stats totalBytes="10000720" >
  <allocated-bytes non-tlh="0" tlh="10000720" />
  <largest-consumer threadName="Thread-7" threadId="0000000001358100" bytes="3324720" />
</allocation-stats>
<gc-op id="6610" type="mark" timems="2.126" contextid="6607" timestamp="2019-07-02T23:05:46.436">
  <trace-info objectcount="67752" scancount="60184" scanbytes="2317508" />
  <finalization candidates="124" enqueued="0" />
  <ownableSynchronizers candidates="3" cleared="0" />
  <references type="soft" candidates="84" cleared="0" enqueued="0" dynamicThreshold="19" maxThreshold="32" />
  <references type="weak" candidates="774" cleared="0" enqueued="0" />
  <references type="phantom" candidates="63" cleared="0" enqueued="0" />
  <stringconstants candidates="4574" cleared="0"  />
</gc-op>
<gc-op id="6611" type="sweep" timems="0.906" contextid="6607" timestamp="2019-07-02T23:05:46.437" />
<heap-resize id="6612" type="contract" space="tenure" amount="65536" count="1" timems="0.110" reason="excess free space following gc" timestamp="2019-07-02T23:05:46.438" />
<gc-end id="6613" type="global" contextid="6607" durationms="3.847" usertimems="8.000" systemtimems="0.000" timestamp="2019-07-02T23:05:46.438" activeThreads="4">
  <mem-info id="6614" free="9879720" total="16187392" percent="61">
    <mem type="tenure" free="9879720" total="16187392" percent="61" micro-fragmented="45546" macro-fragmented="10532">
      <mem type="soa" free="9879720" total="16025600" percent="61" />
      <mem type="loa" free="0" total="161792" percent="0" />
    </mem>
  </mem-info>
</gc-end>
<cycle-end id="6615" type="global" contextid="6607" timestamp="2019-07-02T23:05:46.438">
  <attribute name="GC Util" value="250" />
  <attribute name="CPU Util" value="8310395902097" />
  <attribute name="Time Running"value="7001"/>
  <attribute name="Number of cores"value="4"/>
</cycle-end>
<allocation-satisfied id="6616" threadId="0000000001358100" bytesRequested="40" />
<af-end id="6617" timestamp="2019-07-02T23:05:46.438" threadId="0000000001358A88" success="true" />
<exclusive-end id="6618" timestamp="2019-07-02T23:05:46.438" durationms="4.667" />

<exclusive-start id="6619" timestamp="2019-07-02T23:05:46.444" intervalms="10.733">
  <response-info timems="0.031" idlems="0.018" threads="1" lastid="0000000001354500" lastname="Thread-8" />
</exclusive-start>
<af-start id="6620" threadId="000000000135C688" totalBytesRequested="40" timestamp="2019-07-02T23:05:46.444" intervalms="10.681" />
<cycle-start id="6621" type="global" contextid="0" timestamp="2019-07-02T23:05:46.444" intervalms="10.655" />
  <attribute name="GC Util" value="250" />
  <attribute name="CPU Util" value="8310395902097" />
  <attribute name="Time Running"value="7001"/>
  <attribute name="Number of cores"value="4"/>
<gc-start id="6622" type="global" contextid="6621" timestamp="2019-07-02T23:05:46.445">
  <mem-info id="6623" free="0" total="16187392" percent="0">
    <mem type="tenure" free="0" total="16187392" percent="0">
      <mem type="soa" free="0" total="16025600" percent="0" />
      <mem type="loa" free="0" total="161792" percent="0" />
    </mem>
  </mem-info>
</gc-start>
<allocation-stats totalBytes="9857760" >
  <allocated-bytes non-tlh="0" tlh="9857760" />
  <largest-consumer threadName="Thread-9" threadId="000000000135F900" bytes="3052680" />
</allocation-stats>
<gc-op id="6624" type="mark" timems="1.979" contextid="6621" timestamp="2019-07-02T23:05:46.447">
  <trace-info objectcount="68497" scancount="60936" scanbytes="2335044" />
  <finalization candidates="124" enqueued="0" />
  <ownableSynchronizers candidates="3" cleared="0" />
  <references type="soft" candidates="84" cleared="0" enqueued="0" dynamicThreshold="19" maxThreshold="32" />
  <references type="weak" candidates="774" cleared="0" enqueued="0" />
  <references type="phantom" candidates="63" cleared="0" enqueued="0" />
  <stringconstants candidates="4574" cleared="0"  />
</gc-op>
<gc-op id="6625" type="sweep" timems="0.897" contextid="6621" timestamp="2019-07-02T23:05:46.448" />
<gc-end id="6626" type="global" contextid="6621" durationms="3.354" usertimems="8.000" systemtimems="0.000" timestamp="2019-07-02T23:05:46.448" activeThreads="4">
  <mem-info id="6627" free="9838136" total="16187392" percent="60">
    <mem type="tenure" free="9838136" total="16187392" percent="60" micro-fragmented="92631" macro-fragmented="11823">
      <mem type="soa" free="9768824" total="16025600" percent="60" />
      <mem type="loa" free="69312" total="161792" percent="42" />
    </mem>
  </mem-info>
</gc-end>
<cycle-end id="6628" type="global" contextid="6621" timestamp="2019-07-02T23:05:46.448">
  <attribute name="GC Util" value="244" />
  <attribute name="CPU Util" value="8902159665213" />
  <attribute name="Time Running"value="7012"/>
  <attribute name="Number of cores"value="4"/>
</cycle-end>
<allocation-satisfied id="6629" threadId="000000000135BD00" bytesRequested="40" />
<af-end id="6630" timestamp="2019-07-02T23:05:46.448" threadId="000000000135C688" success="true" />
<exclusive-end id="6631" timestamp="2019-07-02T23:05:46.448" durationms="4.258" />

<exclusive-start id="6632" timestamp="2019-07-02T23:05:46.454" intervalms="10.062">
  <response-info timems="0.056" idlems="0.055" threads="2" lastid="000000000135BD00" lastname="Thread-10" />
</exclusive-start>
<af-start id="6633" threadId="0000000001358A88" totalBytesRequested="40" timestamp="2019-07-02T23:05:46.454" intervalms="10.106" />
<cycle-start id="6634" type="global" contextid="0" timestamp="2019-07-02T23:05:46.455" intervalms="10.129" />
  <attribute name="GC Util" value="244" />
  <attribute name="CPU Util" value="8902159665213" />
  <attribute name="Time Running"value="7012"/>
  <attribute name="Number of cores"value="4"/>
<gc-start id="6635" type="global" contextid="6634" timestamp="2019-07-02T23:05:46.455">
  <mem-info id="6636" free="69312" total="16187392" percent="0">
    <mem type="tenure" free="69312" total="16187392" percent="0">
      <mem type="soa" free="0" total="16025600" percent="0" />
      <mem type="loa" free="69312" total="161792" percent="42" />
    </mem>
  </mem-info>
</gc-start>
<allocation-stats totalBytes="9745136" >
  <allocated-bytes non-tlh="0" tlh="9745136" />
  <largest-consumer threadName="Thread-8" threadId="0000000001354500" bytes="3717904" />
</allocation-stats>
<gc-op id="6637" type="mark" timems="2.177" contextid="6634" timestamp="2019-07-02T23:05:46.457">
  <trace-info objectcount="69513" scancount="61944" scanbytes="2360156" />
  <finalization candidates="124" enqueued="0" />
  <ownableSynchronizers candidates="3" cleared="0" />
  <references type="soft" candidates="84" cleared="0" enqueued="0" dynamicThreshold="19" maxThreshold="32" />
  <references type="weak" candidates="774" cleared="0" enqueued="0" />
  <references type="phantom" candidates="63" cleared="0" enqueued="0" />
  <stringconstants candidates="4574" cleared="0"  />
</gc-op>
<gc-op id="6638" type="sweep" timems="0.900" contextid="6634" timestamp="2019-07-02T23:05:46.458" />
<heap-resize id="6639" type="expand" space="tenure" amount="1048576" count="1" timems="0.064" reason="excessive time being spent in gc" timestamp="2019-07-02T23:05:46.458" />
<gc-end id="6640" type="global" contextid="6634" durationms="3.831" usertimems="8.000" systemtimems="0.000" timestamp="2019-07-02T23:05:46.459" activeThreads="4">
  <mem-info id="6641" free="10744664" total="17235968" percent="62">
    <mem type="tenure" free="10744664" total="17235968" percent="62" micro-fragmented="134304" macro-fragmented="15703">
      <mem type="soa" free="10572632" total="17063936" percent="61" />
      <mem type="loa" free="172032" total="172032" percent="100" />
    </mem>
  </mem-info>
</gc-end>
<cycle-end id="6642" type="global" contextid="6634" timestamp="2019-07-02T23:05:46.459">
  <attribute name="GC Util" value="250" />
  <attribute name="CPU Util" value="8116075384979" />
  <attribute name="Time Running"value="7022"/>
  <attribute name="Number of cores"value="4"/>
</cycle-end>
<allocation-satisfied id="6643" threadId="0000000001358100" bytesRequested="40" />
<af-end id="6644" timestamp="2019-07-02T23:05:46.459" threadId="0000000001358A88" success="true" />
<exclusive-end id="6645" timestamp="2019-07-02T23:05:46.459" durationms="4.782" />

<exclusive-start id="6646" timestamp="2019-07-02T23:05:46.466" intervalms="11.334">
  <response-info timems="0.071" idlems="0.071" threads="0" lastid="0000000001354500" lastname="Thread-8" />
</exclusive-start>
<af-start id="6647" threadId="0000000001354E88" totalBytesRequested="40" timestamp="2019-07-02T23:05:46.466" intervalms="11.367" />
<cycle-start id="6648" type="global" contextid="0" timestamp="2019-07-02T23:05:46.466" intervalms="11.396" />
  <attribute name="GC Util" value="250" />
  <attribute name="CPU Util" value="8116075384979" />
  <attribute name="Time Running"value="7022"/>
  <attribute name="Number of cores"value="4"/>
<gc-start id="6649" type="global" contextid="6648" timestamp="2019-07-02T23:05:46.466">
  <mem-info id="6650" free="172032" total="17235968" percent="0">
    <mem type="tenure" free="172032" total="17235968" percent="0">
      <mem type="soa" free="0" total="17063936" percent="0" />
      <mem type="loa" free="172032" total="172032" percent="100" />
    </mem>
  </mem-info>
</gc-start>
<allocation-stats totalBytes="10547048" >
  <allocated-bytes non-tlh="0" tlh="10547048" />
  <largest-consumer threadName="Thread-8" threadId="0000000001354500" bytes="3239712" />
</allocation-stats>
<gc-op id="6651" type="mark" timems="1.988" contextid="6648" timestamp="2019-07-02T23:05:46.468">
  <trace-info objectcount="70380" scancount="62790" scanbytes="2380604" />
  <finalization candidates="124" enqueued="0" />
  <ownableSynchronizers candidates="3" cleared="0" />
  <references type="soft" candidates="84" cleared="0" enqueued="0" dynamicThreshold="19" maxThreshold="32" />
  <references type="weak" candidates="774" cleared="0" enqueued="0" />
  <references type="phantom" candidates="63" cleared="0" enqueued="0" />
  <stringconstants candidates="4574" cleared="0"  />
</gc-op>
<gc-op id="6652" type="sweep" timems="0.980" contextid="6648" timestamp="2019-07-02T23:05:46.469" />
<gc-end id="6653" type="global" contextid="6648" durationms="3.512" usertimems="0.000" systemtimems="4.000" timestamp="2019-07-02T23:05:46.470" activeThreads="4">
  <mem-info id="6654" free="10716920" total="17235968" percent="62">
    <mem type="tenure" free="10716920" total="17235968" percent="62" micro-fragmented="152297" macro-fragmented="0">
      <mem type="soa" free="10544888" total="17063936" percent="61" />
      <mem type="loa" free="172032" total="172032" percent="100" />
    </mem>
  </mem-info>
</gc-end>
<cycle-end id="6655" type="global" contextid="6648" timestamp="2019-07-02T23:05:46.470">
  <attribute name="GC Util" value="225" />
  <attribute name="CPU Util" value="8849120414461" />
  <attribute name="Time Running"value="7033"/>
  <attribute name="Number of cores"value="4"/>
</cycle-end>
<allocation-satisfied id="6656" threadId="0000000001354500" bytesRequested="40" />
<af-end id="6657" timestamp="2019-07-02T23:05:46.470" threadId="0000000001354E88" success="true" />
<exclusive-end id="6658" timestamp="2019-07-02T23:05:46.470" durationms="4.577" />

<exclusive-start id="6659" timestamp="2019-07-02T23:05:46.481" intervalms="15.037">
  <response-info timems="0.233" idlems="0.200" threads="1" lastid="000000000135BD00" lastname="Thread-10" />
</exclusive-start>
<af-start id="6660" threadId="0000000001354E88" totalBytesRequested="40" timestamp="2019-07-02T23:05:46.481" intervalms="15.019" />
<cycle-start id="6661" type="global" contextid="0" timestamp="2019-07-02T23:05:46.481" intervalms="15.006" />
  <attribute name="GC Util" value="225" />
  <attribute name="CPU Util" value="8849120414461" />
  <attribute name="Time Running"value="7033"/>
  <attribute name="Number of cores"value="4"/>
<gc-start id="6662" type="global" contextid="6661" timestamp="2019-07-02T23:05:46.481">
  <mem-info id="6663" free="172032" total="17235968" percent="0">
    <mem type="tenure" free="172032" total="17235968" percent="0">
      <mem type="soa" free="0" total="17063936" percent="0" />
      <mem type="loa" free="172032" total="172032" percent="100" />
    </mem>
  </mem-info>
</gc-start>
<allocation-stats totalBytes="10516544" >
  <allocated-bytes non-tlh="0" tlh="10516544" />
  <largest-consumer threadName="Thread-9" threadId="000000000135F900" bytes="5231312" />
</allocation-stats>
<gc-op id="6664" type="mark" timems="1.745" contextid="6661" timestamp="2019-07-02T23:05:46.483">
  <trace-info objectcount="71286" scancount="63718" scanbytes="2402364" />
  <finalization candidates="124" enqueued="0" />
  <ownableSynchronizers candidates="3" cleared="0" />
  <references type="soft" candidates="84" cleared="0" enqueued="0" dynamicThreshold="19" maxThreshold="32" />
  <references type="weak" candidates="774" cleared="0" enqueued="0" />
  <references type="phantom" candidates="63" cleared="0" enqueued="0" />
  <stringconstants candidates="4574" cleared="0"  />
</gc-op>
<gc-op id="6665" type="sweep" timems="0.549" contextid="6661" timestamp="2019-07-02T23:05:46.484" />
<gc-end id="6666" type="global" contextid="6661" durationms="2.845" usertimems="4.000" systemtimems="0.000" timestamp="2019-07-02T23:05:46.484" activeThreads="4">
  <mem-info id="6667" free="10593752" total="17235968" percent="61">
    <mem type="tenure" free="10593752" total="17235968" percent="61" micro-fragmented="289076" macro-fragmented="0">
      <mem type="soa" free="10421720" total="17063936" percent="61" />
      <mem type="loa" free="172032" total="172032" percent="100" />
    </mem>
  </mem-info>
</gc-end>
<cycle-end id="6668" type="global" contextid="6661" timestamp="2019-07-02T23:05:46.484">
  <attribute name="GC Util" value="225" />
  <attribute name="CPU Util" value="9730721951072" />
  <attribute name="Time Running"value="7048"/>
  <attribute name="Number of cores"value="4"/>
</cycle-end>
<allocation-satisfied id="6669" threadId="0000000001354500" bytesRequested="40" />
<af-end id="6670" timestamp="2019-07-02T23:05:46.484" threadId="0000000001354E88" success="true" />
<exclusive-end id="6671" timestamp="2019-07-02T23:05:46.484" durationms="3.835" />

<exclusive-start id="6672" timestamp="2019-07-02T23:05:46.490" intervalms="9.803">
  <response-info timems="0.057" idlems="0.057" threads="0" lastid="000000000135F900" lastname="Thread-9" />
</exclusive-start>
<af-start id="6673" threadId="0000000001360288" totalBytesRequested="40" timestamp="2019-07-02T23:05:46.491" intervalms="9.811" />
<cycle-start id="6674" type="global" contextid="0" timestamp="2019-07-02T23:05:46.491" intervalms="9.803" />
  <attribute name="GC Util" value="225" />
  <attribute name="CPU Util" value="9730721951072" />
  <attribute name="Time Running"value="7048"/>
  <attribute name="Number of cores"value="4"/>
<gc-start id="6675" type="global" contextid="6674" timestamp="2019-07-02T23:05:46.491">
  <mem-info id="6676" free="172032" total="17235968" percent="0">
    <mem type="tenure" free="172032" total="17235968" percent="0">
      <mem type="soa" free="0" total="17063936" percent="0" />
      <mem type="loa" free="172032" total="172032" percent="100" />
    </mem>
  </mem-info>
</gc-start>
<allocation-stats totalBytes="10388656" >
  <allocated-bytes non-tlh="0" tlh="10388656" />
  <largest-consumer threadName="Thread-8" threadId="0000000001354500" bytes="4390064" />
</allocation-stats>
<gc-op id="6677" type="mark" timems="1.280" contextid="6674" timestamp="2019-07-02T23:05:46.492">
  <trace-info objectcount="72470" scancount="64912" scanbytes="2430508" />
  <finalization candidates="124" enqueued="0" />
  <ownableSynchronizers candidates="3" cleared="0" />
  <references type="soft" candidates="84" cleared="0" enqueued="0" dynamicThreshold="19" maxThreshold="32" />
  <references type="weak" candidates="774" cleared="0" enqueued="0" />
  <references type="phantom" candidates="63" cleared="0" enqueued="0" />
  <stringconstants candidates="4574" cleared="0"  />
</gc-op>
<gc-op id="6678" type="sweep" timems="0.501" contextid="6674" timestamp="2019-07-02T23:05:46.493" />
<gc-end id="6679" type="global" contextid="6674" durationms="2.236" usertimems="4.000" systemtimems="4.000" timestamp="2019-07-02T23:05:46.493" activeThreads="4">
  <mem-info id="6680" free="10412392" total="17235968" percent="60">
    <mem type="tenure" free="10412392" total="17235968" percent="60" micro-fragmented="217592" macro-fragmented="0">
      <mem type="soa" free="10240360" total="17063936" percent="60" />
      <mem type="loa" free="172032" total="172032" percent="100" />
    </mem>
  </mem-info>
</gc-end>
<cycle-end id="6681" type="global" contextid="6674" timestamp="2019-07-02T23:05:46.493">
  <attribute name="GC Util" value="211" />
  <attribute name="CPU Util" value="13477722891593" />
  <attribute name="Time Running"value="7057"/>
  <attribute name="Number of cores"value="4"/>
</cycle-end>
<allocation-satisfied id="6682" threadId="000000000135F900" bytesRequested="40" />
<af-end id="6683" timestamp="2019-07-02T23:05:46.493" threadId="0000000001360288" success="true" />
<exclusive-end id="6684" timestamp="2019-07-02T23:05:46.493" durationms="2.940" />

<exclusive-start id="6685" timestamp="2019-07-02T23:05:46.499" intervalms="8.866">
  <response-info timems="0.027" idlems="0.027" threads="0" lastid="0000000001358100" lastname="Thread-7" />
</exclusive-start>
<af-start id="6686" threadId="0000000001358A88" totalBytesRequested="40" timestamp="2019-07-02T23:05:46.499" intervalms="8.839" />
<cycle-start id="6687" type="global" contextid="0" timestamp="2019-07-02T23:05:46.500" intervalms="8.793" />
  <attribute name="GC Util" value="211" />
  <attribute name="CPU Util" value="13477722891593" />
  <attribute name="Time Running"value="7057"/>
  <attribute name="Number of cores"value="4"/>
<gc-start id="6688" type="global" contextid="6687" timestamp="2019-07-02T23:05:46.500">
  <mem-info id="6689" free="172032" total="17235968" percent="0">
    <mem type="tenure" free="172032" total="17235968" percent="0">
      <mem type="soa" free="0" total="17063936" percent="0" />
      <mem type="loa" free="172032" total="172032" percent="100" />
    </mem>
  </mem-info>
</gc-start>
<allocation-stats totalBytes="10205736" >
  <allocated-bytes non-tlh="0" tlh="10205736" />
  <largest-consumer threadName="Thread-9" threadId="000000000135F900" bytes="3057416" />
</allocation-stats>
<gc-op id="6690" type="mark" timems="2.099" contextid="6687" timestamp="2019-07-02T23:05:46.502">
  <trace-info objectcount="73421" scancount="65852" scanbytes="2453356" />
  <finalization candidates="124" enqueued="0" />
  <ownableSynchronizers candidates="3" cleared="0" />
  <references type="soft" candidates="84" cleared="0" enqueued="0" dynamicThreshold="19" maxThreshold="32" />
  <references type="weak" candidates="774" cleared="0" enqueued="0" />
  <references type="phantom" candidates="63" cleared="0" enqueued="0" />
  <stringconstants candidates="4574" cleared="0"  />
</gc-op>
<gc-op id="6691" type="sweep" timems="0.991" contextid="6687" timestamp="2019-07-02T23:05:46.503" />
<heap-resize id="6692" type="expand" space="tenure" amount="1048576" count="1" timems="0.079" reason="excessive time being spent in gc" timestamp="2019-07-02T23:05:46.503" />
<gc-end id="6693" type="global" contextid="6687" durationms="3.749" usertimems="8.000" systemtimems="0.000" timestamp="2019-07-02T23:05:46.503" activeThreads="4">
  <mem-info id="6694" free="11326024" total="18284544" percent="61">
    <mem type="tenure" free="11326024" total="18284544" percent="61" micro-fragmented="300417" macro-fragmented="0">
      <mem type="soa" free="11143752" total="18102272" percent="61" />
      <mem type="loa" free="182272" total="182272" percent="100" />
    </mem>
  </mem-info>
</gc-end>
<cycle-end id="6695" type="global" contextid="6687" timestamp="2019-07-02T23:05:46.504">
  <attribute name="GC Util" value="249" />
  <attribute name="CPU Util" value="8418292632919" />
  <attribute name="Time Running"value="7067"/>
  <attribute name="Number of cores"value="4"/>
</cycle-end>
<allocation-satisfied id="6696" threadId="0000000001358100" bytesRequested="40" />
<af-end id="6697" timestamp="2019-07-02T23:05:46.504" threadId="0000000001358A88" success="true" />
<exclusive-end id="6698" timestamp="2019-07-02T23:05:46.504" durationms="4.563" />

<exclusive-start id="6699" timestamp="2019-07-02T23:05:46.509" intervalms="9.703">
  <response-info timems="0.040" idlems="0.040" threads="0" lastid="0000000001354500" lastname="Thread-8" />
</exclusive-start>
<af-start id="6700" threadId="0000000001354E88" totalBytesRequested="40" timestamp="2019-07-02T23:05:46.509" intervalms="9.628" />
<cycle-start id="6701" type="global" contextid="0" timestamp="2019-07-02T23:05:46.509" intervalms="9.588" />
  <attribute name="GC Util" value="249" />
  <attribute name="CPU Util" value="8418292632919" />
  <attribute name="Time Running"value="7067"/>
  <attribute name="Number of cores"value="4"/>
<gc-start id="6702" type="global" contextid="6701" timestamp="2019-07-02T23:05:46.509">
  <mem-info id="6703" free="182272" total="18284544" percent="0">
    <mem type="tenure" free="182272" total="18284544" percent="0">
      <mem type="soa" free="0" total="18102272" percent="0" />
      <mem type="loa" free="182272" total="182272" percent="100" />
    </mem>
  </mem-info>
</gc-start>
<allocation-stats totalBytes="11104544" >
  <allocated-bytes non-tlh="46320" tlh="11058224" />
  <largest-consumer threadName="Thread-8" threadId="0000000001354500" bytes="3413872" />
</allocation-stats>
<gc-op id="6704" type="mark" timems="2.029" contextid="6701" timestamp="2019-07-02T23:05:46.511">
  <trace-info objectcount="64829" scancount="57249" scanbytes="2247188" />
  <finalization candidates="124" enqueued="0" />
  <ownableSynchronizers candidates="3" cleared="0" />
  <references type="soft" candidates="84" cleared="0" enqueued="0" dynamicThreshold="19" maxThreshold="32" />
  <references type="weak" candidates="774" cleared="0" enqueued="0" />
  <references type="phantom" candidates="63" cleared="0" enqueued="0" />
  <stringconstants candidates="4574" cleared="0"  />
</gc-op>
<gc-op id="6705" type="sweep" timems="0.682" contextid="6701" timestamp="2019-07-02T23:05:46.512" />
<gc-end id="6706" type="global" contextid="6701" durationms="3.152" usertimems="4.000" systemtimems="0.000" timestamp="2019-07-02T23:05:46.512" activeThreads="4">
  <mem-info id="6707" free="12311904" total="18284544" percent="67">
    <mem type="tenure" free="12311904" total="18284544" percent="67" micro-fragmented="69995" macro-fragmented="0">
      <mem type="soa" free="12129632" total="18102272" percent="67" />
      <mem type="loa" free="182272" total="182272" percent="100" />
    </mem>
  </mem-info>
</gc-end>
<cycle-end id="6708" type="global" contextid="6701" timestamp="2019-07-02T23:05:46.512">
  <attribute name="GC Util" value="233" />
  <attribute name="CPU Util" value="8733360450215" />
  <attribute name="Time Running"value="7076"/>
  <attribute name="Number of cores"value="4"/>
</cycle-end>
<allocation-satisfied id="6709" threadId="0000000001354500" bytesRequested="40" />
<af-end id="6710" timestamp="2019-07-02T23:05:46.513" threadId="0000000001354E88" success="true" />
<exclusive-end id="6711" timestamp="2019-07-02T23:05:46.513" durationms="3.672" />

<exclusive-start id="6712" timestamp="2019-07-02T23:05:46.518" intervalms="9.466">
  <response-info timems="0.023" idlems="0.023" threads="0" lastid="000000000135BD00" lastname="Thread-10" />
</exclusive-start>
<af-start id="6713" threadId="000000000135C688" totalBytesRequested="40" timestamp="2019-07-02T23:05:46.519" intervalms="9.514" />
<cycle-start id="6714" type="global" contextid="0" timestamp="2019-07-02T23:05:46.519" intervalms="9.555" />
  <attribute name="GC Util" value="233" />
  <attribute name="CPU Util" value="8733360450215" />
  <attribute name="Time Running"value="7076"/>
  <attribute name="Number of cores"value="4"/>
<gc-start id="6715" type="global" contextid="6714" timestamp="2019-07-02T23:05:46.519">
  <mem-info id="6716" free="182272" total="18284544" percent="0">
    <mem type="tenure" free="182272" total="18284544" percent="0">
      <mem type="soa" free="0" total="18102272" percent="0" />
      <mem type="loa" free="182272" total="182272" percent="100" />
    </mem>
  </mem-info>
</gc-start>
<allocation-stats totalBytes="12118616" >
  <allocated-bytes non-tlh="0" tlh="12118616" />
  <largest-consumer threadName="Thread-8" threadId="0000000001354500" bytes="3341368" />
</allocation-stats>
<gc-op id="6717" type="mark" timems="1.867" contextid="6714" timestamp="2019-07-02T23:05:46.521">
  <trace-info objectcount="67069" scancount="59489" scanbytes="2301172" />
  <finalization candidates="124" enqueued="0" />
  <ownableSynchronizers candidates="3" cleared="0" />
  <references type="soft" candidates="84" cleared="0" enqueued="0" dynamicThreshold="21" maxThreshold="32" />
  <references type="weak" candidates="774" cleared="0" enqueued="0" />
  <references type="phantom" candidates="63" cleared="0" enqueued="0" />
  <stringconstants candidates="4574" cleared="0"  />
</gc-op>
<gc-op id="6718" type="sweep" timems="0.880" contextid="6714" timestamp="2019-07-02T23:05:46.522" />
<gc-end id="6719" type="global" contextid="6714" durationms="3.169" usertimems="4.000" systemtimems="4.000" timestamp="2019-07-02T23:05:46.522" activeThreads="4">
  <mem-info id="6720" free="12188216" total="18284544" percent="66">
    <mem type="tenure" free="12188216" total="18284544" percent="66" micro-fragmented="130994" macro-fragmented="60528">
      <mem type="soa" free="12005944" total="18102272" percent="66" />
      <mem type="loa" free="182272" total="182272" percent="100" />
    </mem>
  </mem-info>
</gc-end>
<cycle-end id="6721" type="global" contextid="6714" timestamp="2019-07-02T23:05:46.522">
  <attribute name="GC Util" value="233" />
  <attribute name="CPU Util" value="9407231473579" />
  <attribute name="Time Running"value="7086"/>
  <attribute name="Number of cores"value="4"/>
</cycle-end>
<allocation-satisfied id="6722" threadId="000000000135BD00" bytesRequested="40" />
<af-end id="6723" timestamp="2019-07-02T23:05:46.522" threadId="000000000135C688" success="true" />
<exclusive-end id="6724" timestamp="2019-07-02T23:05:46.523" durationms="4.047" />

<exclusive-start id="6725" timestamp="2019-07-02T23:05:46.528" intervalms="9.961">
  <response-info timems="0.040" idlems="0.040" threads="0" lastid="000000000135BD00" lastname="Thread-10" />
</exclusive-start>
<af-start id="6726" threadId="000000000135C688" totalBytesRequested="40" timestamp="2019-07-02T23:05:46.529" intervalms="9.959" />
<cycle-start id="6727" type="global" contextid="0" timestamp="2019-07-02T23:05:46.529" intervalms="10.000" />
  <attribute name="GC Util" value="233" />
  <attribute name="CPU Util" value="9407231473579" />
  <attribute name="Time Running"value="7086"/>
  <attribute name="Number of cores"value="4"/>
<gc-start id="6728" type="global" contextid="6727" timestamp="2019-07-02T23:05:46.529">
  <mem-info id="6729" free="182272" total="18284544" percent="0">
    <mem type="tenure" free="182272" total="18284544" percent="0">
      <mem type="soa" free="0" total="18102272" percent="0" />
      <mem type="loa" free="182272" total="182272" percent="100" />
    </mem>
  </mem-info>
</gc-start>
<allocation-stats totalBytes="11991480" >
  <allocated-bytes non-tlh="0" tlh="11991480" />
  <largest-consumer threadName="Thread-8" threadId="0000000001354500" bytes="3262856" />
</allocation-stats>
<gc-op id="6730" type="mark" timems="2.422" contextid="6727" timestamp="2019-07-02T23:05:46.531">
  <trace-info objectcount="69627" scancount="62064" scanbytes="2362924" />
  <finalization candidates="124" enqueued="0" />
  <ownableSynchronizers candidates="3" cleared="0" />
  <references type="soft" candidates="84" cleared="0" enqueued="0" dynamicThreshold="21" maxThreshold="32" />
  <references type="weak" candidates="774" cleared="0" enqueued="0" />
  <references type="phantom" candidates="63" cleared="0" enqueued="0" />
  <stringconstants candidates="4574" cleared="0"  />
</gc-op>
<gc-op id="6731" type="sweep" timems="0.876" contextid="6727" timestamp="2019-07-02T23:05:46.532" />
<heap-resize id="6732" type="contract" space="tenure" amount="131072" count="1" timems="0.062" reason="excess free space following gc" timestamp="2019-07-02T23:05:46.533" />
<gc-end id="6733" type="global" contextid="6727" durationms="3.921" usertimems="12.000" systemtimems="0.000" timestamp="2019-07-02T23:05:46.533" activeThreads="4">
  <mem-info id="6734" free="11763720" total="18153472" percent="64">
    <mem type="tenure" free="11763720" total="18153472" percent="64" micro-fragmented="111438" macro-fragmented="20426">
      <mem type="soa" free="11763720" total="17972224" percent="65" />
      <mem type="loa" free="0" total="181248" percent="0" />
    </mem>
  </mem-info>
</gc-end>
<cycle-end id="6735" type="global" contextid="6727" timestamp="2019-07-02T23:05:46.533">
  <attribute name="GC Util" value="249" />
  <attribute name="CPU Util" value="7336296610607" />
  <attribute name="Time Running"value="7096"/>
  <attribute name="Number of cores"value="4"/>
</cycle-end>
<allocation-satisfied id="6736" threadId="000000000135BD00" bytesRequested="40" />
<af-end id="6737" timestamp="2019-07-02T23:05:46.533" threadId="000000000135C688" success="true" />
<exclusive-end id="6738" timestamp="2019-07-02T23:05:46.533" durationms="4.762" />

<exclusive-start id="6739" timestamp="2019-07-02T23:05:46.539" intervalms="10.449">
  <response-info timems="0.027" idlems="0.026" threads="1" lastid="000000000135F900" lastname="Thread-9" />
</exclusive-start>
<af-start id="6740" threadId="0000000001358A88" totalBytesRequested="24" timestamp="2019-07-02T23:05:46.539" intervalms="10.461" />
<cycle-start id="6741" type="global" contextid="0" timestamp="2019-07-02T23:05:46.539" intervalms="10.453" />
  <attribute name="GC Util" value="249" />
  <attribute name="CPU Util" value="7336296610607" />
  <attribute name="Time Running"value="7096"/>
  <attribute name="Number of cores"value="4"/>
<gc-start id="6742" type="global" contextid="6741" timestamp="2019-07-02T23:05:46.539">
  <mem-info id="6743" free="0" total="18153472" percent="0">
    <mem type="tenure" free="0" total="18153472" percent="0">
      <mem type="soa" free="0" total="17972224" percent="0" />
      <mem type="loa" free="0" total="181248" percent="0" />
    </mem>
  </mem-info>
</gc-start>
<allocation-stats totalBytes="11746424" >
  <allocated-bytes non-tlh="23160" tlh="11723264" />
  <largest-consumer threadName="Thread-8" threadId="0000000001354500" bytes="3489760" />
</allocation-stats>
<gc-op id="6744" type="mark" timems="2.231" contextid="6741" timestamp="2019-07-02T23:05:46.542">
  <trace-info objectcount="67152" scancount="59588" scanbytes="2303260" />
  <finalization candidates="124" enqueued="0" />
  <ownableSynchronizers candidates="3" cleared="0" />
  <references type="soft" candidates="84" cleared="0" enqueued="0" dynamicThreshold="20" maxThreshold="32" />
  <references type="weak" candidates="774" cleared="0" enqueued="0" />
  <references type="phantom" candidates="63" cleared="0" enqueued="0" />
  <stringconstants candidates="4574" cleared="0"  />
</gc-op>
<gc-op id="6745" type="sweep" timems="0.886" contextid="6741" timestamp="2019-07-02T23:05:46.543" />
<mem-info id="6746" free="11884968" total="18153472" percent="65">
  <mem type="tenure" free="11884968" total="18153472" percent="65" micro-fragmented="140165" macro-fragmented="20599">
    <mem type="soa" free="11805160" total="17972224" percent="65" />
    <mem type="loa" free="79808" total="181248" percent="44" />
  </mem>
</mem-info>
<gc-op id="6747" type="compact" timems="5.639" contextid="6741" timestamp="2019-07-02T23:05:46.549">
  <compact-info movecount="27393" movebytes="1208496" reason="compact to aid heap contraction" />
</gc-op>
<heap-resize id="6748" type="contract" space="tenure" amount="131072" count="1" timems="0.061" reason="excess free space following gc" timestamp="2019-07-02T23:05:46.549" />
<gc-end id="6749" type="global" contextid="6741" durationms="9.671" usertimems="4.000" systemtimems="12.000" timestamp="2019-07-02T23:05:46.549" activeThreads="4">
  <mem-info id="6750" free="12134048" total="18022400" percent="67">
    <mem type="tenure" free="12134048" total="18022400" percent="67">
      <mem type="soa" free="12004000" total="17842176" percent="67" />
      <mem type="loa" free="130048" total="180224" percent="72" />
    </mem>
  </mem-info>
</gc-end>
<cycle-end id="6751" type="global" contextid="6741" timestamp="2019-07-02T23:05:46.549">
  <attribute name="GC Util" value="132" />
  <attribute name="CPU Util" value="16175579134746" />
  <attribute name="Time Running"value="7108"/>
  <attribute name="Number of cores"value="4"/>
</cycle-end>
<allocation-satisfied id="6752" threadId="0000000001358100" bytesRequested="24" />
<af-end id="6753" timestamp="2019-07-02T23:05:46.549" threadId="0000000001358A88" success="true" />
<exclusive-end id="6754" timestamp="2019-07-02T23:05:46.549" durationms="10.582" />

<exclusive-start id="6755" timestamp="2019-07-02T23:05:46.555" intervalms="15.713">
  <response-info timems="0.026" idlems="0.026" threads="0" lastid="0000000001354500" lastname="Thread-8" />
</exclusive-start>
<af-start id="6756" threadId="0000000001354E88" totalBytesRequested="40" timestamp="2019-07-02T23:05:46.555" intervalms="15.660" />
<cycle-start id="6757" type="global" contextid="0" timestamp="2019-07-02T23:05:46.555" intervalms="15.582" />
  <attribute name="GC Util" value="132" />
  <attribute name="CPU Util" value="16175579134746" />
  <attribute name="Time Running"value="7108"/>
  <attribute name="Number of cores"value="4"/>
<gc-start id="6758" type="global" contextid="6757" timestamp="2019-07-02T23:05:46.555">
  <mem-info id="6759" free="130048" total="18022400" percent="0">
    <mem type="tenure" free="130048" total="18022400" percent="0">
      <mem type="soa" free="0" total="17842176" percent="0" />
      <mem type="loa" free="130048" total="180224" percent="72" />
    </mem>
  </mem-info>
</gc-start>
<allocation-stats totalBytes="12067600" >
  <allocated-bytes non-tlh="0" tlh="12067600" />
  <largest-consumer threadName="Thread-8" threadId="0000000001354500" bytes="3516440" />
</allocation-stats>
<gc-op id="6760" type="mark" timems="2.348" contextid="6757" timestamp="2019-07-02T23:05:46.557">
  <trace-info objectcount="69639" scancount="62047" scanbytes="2362884" />
  <finalization candidates="124" enqueued="0" />
  <ownableSynchronizers candidates="3" cleared="0" />
  <references type="soft" candidates="84" cleared="0" enqueued="0" dynamicThreshold="21" maxThreshold="32" />
  <references type="weak" candidates="774" cleared="0" enqueued="0" />
  <references type="phantom" candidates="63" cleared="0" enqueued="0" />
  <stringconstants candidates="4574" cleared="0"  />
</gc-op>
<gc-op id="6761" type="sweep" timems="0.716" contextid="6757" timestamp="2019-07-02T23:05:46.558" />
<heap-resize id="6762" type="contract" space="tenure" amount="131072" count="1" timems="0.076" reason="excess free space following gc" timestamp="2019-07-02T23:05:46.558" />
<gc-end id="6763" type="global" contextid="6757" durationms="3.554" usertimems="4.000" systemtimems="4.000" timestamp="2019-07-02T23:05:46.558" activeThreads="4">
  <mem-info id="6764" free="11973168" total="17891328" percent="66">
    <mem type="tenure" free="11973168" total="17891328" percent="66" micro-fragmented="30049" macro-fragmented="21540">
      <mem type="soa" free="11846488" total="17713152" percent="66" />
      <mem type="loa" free="126680" total="178176" percent="71" />
    </mem>
  </mem-info>
</gc-end>
<cycle-end id="6765" type="global" contextid="6757" timestamp="2019-07-02T23:05:46.558">
  <attribute name="GC Util" value="247" />
  <attribute name="CPU Util" value="7553980021933" />
  <attribute name="Time Running"value="7122"/>
  <attribute name="Number of cores"value="4"/>
</cycle-end>
<allocation-satisfied id="6766" threadId="0000000001354500" bytesRequested="40" />
<af-end id="6767" timestamp="2019-07-02T23:05:46.559" threadId="0000000001354E88" success="true" />
<exclusive-end id="6768" timestamp="2019-07-02T23:05:46.559" durationms="4.047" />

<exclusive-start id="6769" timestamp="2019-07-02T23:05:46.564" intervalms="9.235">
  <response-info timems="0.023" idlems="0.023" threads="0" lastid="000000000135BD00" lastname="Thread-10" />
</exclusive-start>
<af-start id="6770" threadId="000000000135C688" totalBytesRequested="40" timestamp="2019-07-02T23:05:46.564" intervalms="9.276" />
<cycle-start id="6771" type="global" contextid="0" timestamp="2019-07-02T23:05:46.564" intervalms="9.333" />
  <attribute name="GC Util" value="247" />
  <attribute name="CPU Util" value="7553980021933" />
  <attribute name="Time Running"value="7122"/>
  <attribute name="Number of cores"value="4"/>
<gc-start id="6772" type="global" contextid="6771" timestamp="2019-07-02T23:05:46.564">
  <mem-info id="6773" free="126680" total="17891328" percent="0">
    <mem type="tenure" free="126680" total="17891328" percent="0">
      <mem type="soa" free="0" total="17713152" percent="0" />
      <mem type="loa" free="126680" total="178176" percent="71" />
    </mem>
  </mem-info>
</gc-start>
<allocation-stats totalBytes="11844888" >
  <allocated-bytes non-tlh="0" tlh="11844888" />
  <largest-consumer threadName="Thread-8" threadId="0000000001354500" bytes="3643464" />
</allocation-stats>
<gc-op id="6774" type="mark" timems="2.548" contextid="6771" timestamp="2019-07-02T23:05:46.567">
  <trace-info objectcount="72289" scancount="64729" scanbytes="2426652" />
  <finalization candidates="124" enqueued="0" />
  <ownableSynchronizers candidates="3" cleared="0" />
  <references type="soft" candidates="84" cleared="0" enqueued="0" dynamicThreshold="21" maxThreshold="32" />
  <references type="weak" candidates="774" cleared="0" enqueued="0" />
  <references type="phantom" candidates="63" cleared="0" enqueued="0" />
  <stringconstants candidates="4574" cleared="0"  />
</gc-op>
<gc-op id="6775" type="sweep" timems="0.775" contextid="6771" timestamp="2019-07-02T23:05:46.568" />
<heap-resize id="6776" type="contract" space="tenure" amount="131072" count="1" timems="0.092" reason="excess free space following gc" timestamp="2019-07-02T23:05:46.568" />
<gc-end id="6777" type="global" contextid="6771" durationms="3.963" usertimems="8.000" systemtimems="0.000" timestamp="2019-07-02T23:05:46.568" activeThreads="4">
  <mem-info id="6778" free="11719600" total="17760256" percent="65">
    <mem type="tenure" free="11719600" total="17760256" percent="65" micro-fragmented="20084" macro-fragmented="42515">
      <mem type="soa" free="11633520" total="17583104" percent="66" />
      <mem type="loa" free="86080" total="177152" percent="48" />
    </mem>
  </mem-info>
</gc-end>
<cycle-end id="6779" type="global" contextid="6771" timestamp="2019-07-02T23:05:46.568">
  <attribute name="GC Util" value="245" />
  <attribute name="CPU Util" value="6989208451916" />
  <attribute name="Time Running"value="7132"/>
  <attribute name="Number of cores"value="4"/>
</cycle-end>
<allocation-satisfied id="6780" threadId="000000000135BD00" bytesRequested="40" />
<af-end id="6781" timestamp="2019-07-02T23:05:46.568" threadId="000000000135C688" success="true" />
<exclusive-end id="6782" timestamp="2019-07-02T23:05:46.568" durationms="4.645" />

<exclusive-start id="6783" timestamp="2019-07-02T23:05:46.573" intervalms="9.586">
  <response-info timems="0.029" idlems="0.027" threads="1" lastid="0000000001358100" lastname="Thread-7" />
</exclusive-start>
<af-start id="6784" threadId="0000000001360288" totalBytesRequested="40" timestamp="2019-07-02T23:05:46.574" intervalms="9.586" />
<cycle-start id="6785" type="global" contextid="0" timestamp="2019-07-02T23:05:46.574" intervalms="9.583" />
  <attribute name="GC Util" value="245" />
  <attribute name="CPU Util" value="6989208451916" />
  <attribute name="Time Running"value="7132"/>
  <attribute name="Number of cores"value="4"/>
<gc-start id="6786" type="global" contextid="6785" timestamp="2019-07-02T23:05:46.574">
  <mem-info id="6787" free="86080" total="17760256" percent="0">
    <mem type="tenure" free="86080" total="17760256" percent="0">
      <mem type="soa" free="0" total="17583104" percent="0" />
      <mem type="loa" free="86080" total="177152" percent="48" />
    </mem>
  </mem-info>
</gc-start>
<allocation-stats totalBytes="11627696" >
  <allocated-bytes non-tlh="38112" tlh="11589584" />
  <largest-consumer threadName="Thread-8" threadId="0000000001354500" bytes="3682040" />
</allocation-stats>
<gc-op id="6788" type="mark" timems="1.223" contextid="6785" timestamp="2019-07-02T23:05:46.575">
  <trace-info objectcount="65140" scancount="57563" scanbytes="2254996" />
  <finalization candidates="124" enqueued="0" />
  <ownableSynchronizers candidates="3" cleared="0" />
  <references type="soft" candidates="84" cleared="0" enqueued="0" dynamicThreshold="21" maxThreshold="32" />
  <references type="weak" candidates="774" cleared="0" enqueued="0" />
  <references type="phantom" candidates="63" cleared="0" enqueued="0" />
  <stringconstants candidates="4574" cleared="0"  />
</gc-op>
<gc-op id="6789" type="sweep" timems="0.270" contextid="6785" timestamp="2019-07-02T23:05:46.576" />
<mem-info id="6790" free="11884344" total="17760256" percent="66">
  <mem type="tenure" free="11884344" total="17760256" percent="66" micro-fragmented="110527" macro-fragmented="90576">
    <mem type="soa" free="11757328" total="17583104" percent="66" />
    <mem type="loa" free="127016" total="177152" percent="71" />
  </mem>
</mem-info>
<gc-op id="6791" type="compact" timems="4.114" contextid="6785" timestamp="2019-07-02T23:05:46.580">
  <compact-info movecount="25399" movebytes="1160664" reason="compact to aid heap contraction" />
</gc-op>
<heap-resize id="6792" type="contract" space="tenure" amount="131072" count="1" timems="0.082" reason="excess free space following gc" timestamp="2019-07-02T23:05:46.580" />
<gc-end id="6793" type="global" contextid="6785" durationms="6.524" usertimems="8.000" systemtimems="0.000" timestamp="2019-07-02T23:05:46.580" activeThreads="4">
  <mem-info id="6794" free="11793192" total="17629184" percent="66">
    <mem type="tenure" free="11793192" total="17629184" percent="66">
      <mem type="soa" free="11663144" total="17453056" percent="66" />
      <mem type="loa" free="130048" total="176128" percent="73" />
    </mem>
  </mem-info>
</gc-end>
<cycle-end id="6795" type="global" contextid="6785" timestamp="2019-07-02T23:05:46.580">
  <attribute name="GC Util" value="16" />
  <attribute name="CPU Util" value="35907817745726" />
  <attribute name="Time Running"value="7141"/>
  <attribute name="Number of cores"value="4"/>
</cycle-end>
<allocation-satisfied id="6796" threadId="000000000135F900" bytesRequested="40" />
<af-end id="6797" timestamp="2019-07-02T23:05:46.581" threadId="0000000001360288" success="true" />
<exclusive-end id="6798" timestamp="2019-07-02T23:05:46.581" durationms="7.326" />

<exclusive-start id="6799" timestamp="2019-07-02T23:05:46.586" intervalms="12.411">
  <response-info timems="0.029" idlems="0.029" threads="0" lastid="000000000135F900" lastname="Thread-9" />
</exclusive-start>
<af-start id="6800" threadId="0000000001360288" totalBytesRequested="40" timestamp="2019-07-02T23:05:46.586" intervalms="12.406" />
<cycle-start id="6801" type="global" contextid="0" timestamp="2019-07-02T23:05:46.586" intervalms="12.441" />
  <attribute name="GC Util" value="16" />
  <attribute name="CPU Util" value="35907817745726" />
  <attribute name="Time Running"value="7141"/>
  <attribute name="Number of cores"value="4"/>
<gc-start id="6802" type="global" contextid="6801" timestamp="2019-07-02T23:05:46.586">
  <mem-info id="6803" free="130048" total="17629184" percent="0">
    <mem type="tenure" free="130048" total="17629184" percent="0">
      <mem type="soa" free="0" total="17453056" percent="0" />
      <mem type="loa" free="130048" total="176128" percent="73" />
    </mem>
  </mem-info>
</gc-start>
<allocation-stats totalBytes="11727472" >
  <allocated-bytes non-tlh="0" tlh="11727472" />
  <largest-consumer threadName="Thread-8" threadId="0000000001354500" bytes="3636944" />
</allocation-stats>
<gc-op id="6804" type="mark" timems="1.190" contextid="6801" timestamp="2019-07-02T23:05:46.588">
  <trace-info objectcount="69112" scancount="61539" scanbytes="2350132" />
  <finalization candidates="124" enqueued="0" />
  <ownableSynchronizers candidates="3" cleared="0" />
  <references type="soft" candidates="84" cleared="0" enqueued="0" dynamicThreshold="21" maxThreshold="32" />
  <references type="weak" candidates="774" cleared="0" enqueued="0" />
  <references type="phantom" candidates="63" cleared="0" enqueued="0" />
  <stringconstants candidates="4574" cleared="0"  />
</gc-op>
<gc-op id="6805" type="sweep" timems="0.288" contextid="6801" timestamp="2019-07-02T23:05:46.588" />
<heap-resize id="6806" type="contract" space="tenure" amount="131072" count="1" timems="0.078" reason="excess free space following gc" timestamp="2019-07-02T23:05:46.588" />
<gc-end id="6807" type="global" contextid="6801" durationms="2.225" usertimems="4.000" systemtimems="0.000" timestamp="2019-07-02T23:05:46.588" activeThreads="4">
  <mem-info id="6808" free="11496448" total="17498112" percent="65">
    <mem type="tenure" free="11496448" total="17498112" percent="65" micro-fragmented="11648" macro-fragmented="32832">
      <mem type="soa" free="11496448" total="17324032" percent="66" />
      <mem type="loa" free="0" total="174080" percent="0" />
    </mem>
  </mem-info>
</gc-end>
<cycle-end id="6809" type="global" contextid="6801" timestamp="2019-07-02T23:05:46.589">
  <attribute name="GC Util" value="192" />
  <attribute name="CPU Util" value="14370069822474" />
  <attribute name="Time Running"value="7153"/>
  <attribute name="Number of cores"value="4"/>
</cycle-end>
<allocation-satisfied id="6810" threadId="000000000135F900" bytesRequested="40" />
<af-end id="6811" timestamp="2019-07-02T23:05:46.589" threadId="0000000001360288" success="true" />
<exclusive-end id="6812" timestamp="2019-07-02T23:05:46.589" durationms="2.957" />

<exclusive-start id="6813" timestamp="2019-07-02T23:05:46.594" intervalms="8.101">
  <response-info timems="0.023" idlems="0.023" threads="0" lastid="0000000001354500" lastname="Thread-8" />
</exclusive-start>
<af-start id="6814" threadId="0000000001354E88" totalBytesRequested="40" timestamp="2019-07-02T23:05:46.594" intervalms="8.094" />
<cycle-start id="6815" type="global" contextid="0" timestamp="2019-07-02T23:05:46.594" intervalms="8.046" />
  <attribute name="GC Util" value="192" />
  <attribute name="CPU Util" value="14370069822474" />
  <attribute name="Time Running"value="7153"/>
  <attribute name="Number of cores"value="4"/>
<gc-start id="6816" type="global" contextid="6815" timestamp="2019-07-02T23:05:46.594">
  <mem-info id="6817" free="0" total="17498112" percent="0">
    <mem type="tenure" free="0" total="17498112" percent="0">
      <mem type="soa" free="0" total="17324032" percent="0" />
      <mem type="loa" free="0" total="174080" percent="0" />
    </mem>
  </mem-info>
</gc-start>
<allocation-stats totalBytes="11493544" >
  <allocated-bytes non-tlh="0" tlh="11493544" />
  <largest-consumer threadName="Thread-8" threadId="0000000001354500" bytes="3560432" />
</allocation-stats>
<gc-op id="6818" type="mark" timems="2.337" contextid="6815" timestamp="2019-07-02T23:05:46.597">
  <trace-info objectcount="73157" scancount="65586" scanbytes="2447388" />
  <finalization candidates="124" enqueued="0" />
  <ownableSynchronizers candidates="3" cleared="0" />
  <references type="soft" candidates="84" cleared="0" enqueued="0" dynamicThreshold="21" maxThreshold="32" />
  <references type="weak" candidates="774" cleared="0" enqueued="0" />
  <references type="phantom" candidates="63" cleared="0" enqueued="0" />
  <stringconstants candidates="4574" cleared="0"  />
</gc-op>
<gc-op id="6819" type="sweep" timems="0.787" contextid="6815" timestamp="2019-07-02T23:05:46.598" />
<heap-resize id="6820" type="contract" space="tenure" amount="131072" count="1" timems="0.086" reason="excess free space following gc" timestamp="2019-07-02T23:05:46.598" />
<gc-end id="6821" type="global" contextid="6815" durationms="3.712" usertimems="8.000" systemtimems="0.000" timestamp="2019-07-02T23:05:46.598" activeThreads="4">
  <mem-info id="6822" free="11309632" total="17367040" percent="65">
    <mem type="tenure" free="11309632" total="17367040" percent="65" micro-fragmented="28968" macro-fragmented="27039">
      <mem type="soa" free="11234856" total="17193984" percent="65" />
      <mem type="loa" free="74776" total="173056" percent="43" />
    </mem>
  </mem-info>
</gc-end>
<cycle-end id="6823" type="global" contextid="6815" timestamp="2019-07-02T23:05:46.598">
  <attribute name="GC Util" value="249" />
  <attribute name="CPU Util" value="7621380514821" />
  <attribute name="Time Running"value="7162"/>
  <attribute name="Number of cores"value="4"/>
</cycle-end>
<allocation-satisfied id="6824" threadId="0000000001354500" bytesRequested="40" />
<af-end id="6825" timestamp="2019-07-02T23:05:46.598" threadId="0000000001354E88" success="true" />
<exclusive-end id="6826" timestamp="2019-07-02T23:05:46.598" durationms="4.336" />

<exclusive-start id="6827" timestamp="2019-07-02T23:05:46.603" intervalms="9.296">
  <response-info timems="0.037" idlems="0.037" threads="0" lastid="0000000001358100" lastname="Thread-7" />
</exclusive-start>
<af-start id="6828" threadId="0000000001358A88" totalBytesRequested="40" timestamp="2019-07-02T23:05:46.603" intervalms="9.305" />
<cycle-start id="6829" type="global" contextid="0" timestamp="2019-07-02T23:05:46.603" intervalms="9.315" />
  <attribute name="GC Util" value="249" />
  <attribute name="CPU Util" value="7621380514821" />
  <attribute name="Time Running"value="7162"/>
  <attribute name="Number of cores"value="4"/>
<gc-start id="6830" type="global" contextid="6829" timestamp="2019-07-02T23:05:46.604">
  <mem-info id="6831" free="74776" total="17367040" percent="0">
    <mem type="tenure" free="74776" total="17367040" percent="0">
      <mem type="soa" free="0" total="17193984" percent="0" />
      <mem type="loa" free="74776" total="173056" percent="43" />
    </mem>
  </mem-info>
</gc-start>
<allocation-stats totalBytes="11225016" >
  <allocated-bytes non-tlh="57168" tlh="11167848" />
  <largest-consumer threadName="Thread-9" threadId="000000000135F900" bytes="3193080" />
</allocation-stats>
<gc-op id="6832" type="mark" timems="1.905" contextid="6829" timestamp="2019-07-02T23:05:46.606">
  <trace-info objectcount="61805" scancount="54256" scanbytes="2174972" />
  <finalization candidates="124" enqueued="0" />
  <ownableSynchronizers candidates="3" cleared="0" />
  <references type="soft" candidates="84" cleared="0" enqueued="0" dynamicThreshold="20" maxThreshold="32" />
  <references type="weak" candidates="774" cleared="0" enqueued="0" />
  <references type="phantom" candidates="63" cleared="0" enqueued="0" />
  <stringconstants candidates="4574" cleared="0"  />
</gc-op>
<gc-op id="6833" type="sweep" timems="0.747" contextid="6829" timestamp="2019-07-02T23:05:46.606" />
<heap-resize id="6834" type="contract" space="tenure" amount="131072" count="1" timems="0.077" reason="excess free space following gc" timestamp="2019-07-02T23:05:46.607" />
<gc-end id="6835" type="global" contextid="6829" durationms="3.216" usertimems="4.000" systemtimems="4.000" timestamp="2019-07-02T23:05:46.607" activeThreads="4">
  <mem-info id="6836" free="11319256" total="17235968" percent="65">
    <mem type="tenure" free="11319256" total="17235968" percent="65" micro-fragmented="59459" macro-fragmented="0">
      <mem type="soa" free="11319256" total="17063936" percent="66" />
      <mem type="loa" free="0" total="172032" percent="0" />
    </mem>
  </mem-info>
</gc-end>
<cycle-end id="6837" type="global" contextid="6829" timestamp="2019-07-02T23:05:46.607">
  <attribute name="GC Util" value="245" />
  <attribute name="CPU Util" value="9246821775056" />
  <attribute name="Time Running"value="7170"/>
  <attribute name="Number of cores"value="4"/>
</cycle-end>
<allocation-satisfied id="6838" threadId="0000000001358100" bytesRequested="40" />
<af-end id="6839" timestamp="2019-07-02T23:05:46.607" threadId="0000000001358A88" success="true" />
<exclusive-end id="6840" timestamp="2019-07-02T23:05:46.607" durationms="4.008" />

<exclusive-start id="6841" timestamp="2019-07-02T23:05:46.612" intervalms="8.576">
  <response-info timems="0.022" idlems="0.022" threads="1" lastid="0000000001354500" lastname="Thread-8" />
</exclusive-start>
<af-start id="6842" threadId="0000000001358A88" totalBytesRequested="40" timestamp="2019-07-02T23:05:46.612" intervalms="8.567" />
<cycle-start id="6843" type="global" contextid="0" timestamp="2019-07-02T23:05:46.612" intervalms="8.570" />
  <attribute name="GC Util" value="245" />
  <attribute name="CPU Util" value="9246821775056" />
  <attribute name="Time Running"value="7170"/>
  <attribute name="Number of cores"value="4"/>
<gc-start id="6844" type="global" contextid="6843" timestamp="2019-07-02T23:05:46.612">
  <mem-info id="6845" free="0" total="17235968" percent="0">
    <mem type="tenure" free="0" total="17235968" percent="0">
      <mem type="soa" free="0" total="17063936" percent="0" />
      <mem type="loa" free="0" total="172032" percent="0" />
    </mem>
  </mem-info>
</gc-start>
<allocation-stats totalBytes="11316544" >
  <allocated-bytes non-tlh="0" tlh="11316544" />
  <largest-consumer threadName="Thread-7" threadId="0000000001358100" bytes="3230816" />
</allocation-stats>
<gc-op id="6846" type="mark" timems="2.248" contextid="6843" timestamp="2019-07-02T23:05:46.615">
  <trace-info objectcount="66447" scancount="58890" scanbytes="2286140" />
  <finalization candidates="124" enqueued="0" />
  <ownableSynchronizers candidates="3" cleared="0" />
  <references type="soft" candidates="84" cleared="0" enqueued="0" dynamicThreshold="21" maxThreshold="32" />
  <references type="weak" candidates="774" cleared="0" enqueued="0" />
  <references type="phantom" candidates="63" cleared="0" enqueued="0" />
  <stringconstants candidates="4574" cleared="0"  />
</gc-op>
<gc-op id="6847" type="sweep" timems="0.774" contextid="6843" timestamp="2019-07-02T23:05:46.615" />
<mem-info id="6848" free="11173392" total="17235968" percent="64">
  <mem type="tenure" free="11173392" total="17235968" percent="64" micro-fragmented="84864" macro-fragmented="16742">
    <mem type="soa" free="11173392" total="17063936" percent="65" />
    <mem type="loa" free="0" total="172032" percent="0" />
  </mem>
</mem-info>
<gc-op id="6849" type="compact" timems="5.304" contextid="6843" timestamp="2019-07-02T23:05:46.621">
  <compact-info movecount="26706" movebytes="1191808" reason="compact to aid heap contraction" />
</gc-op>
<heap-resize id="6850" type="contract" space="tenure" amount="131072" count="1" timems="0.072" reason="excess free space following gc" timestamp="2019-07-02T23:05:46.621" />
<gc-end id="6851" type="global" contextid="6843" durationms="9.280" usertimems="16.000" systemtimems="0.000" timestamp="2019-07-02T23:05:46.621" activeThreads="4">
  <mem-info id="6852" free="11242880" total="17104896" percent="65">
    <mem type="tenure" free="11242880" total="17104896" percent="65">
      <mem type="soa" free="11112832" total="16933888" percent="65" />
      <mem type="loa" free="130048" total="171008" percent="76" />
    </mem>
  </mem-info>
</gc-end>
<cycle-end id="6853" type="global" contextid="6843" timestamp="2019-07-02T23:05:46.622">
  <attribute name="GC Util" value="135" />
  <attribute name="CPU Util" value="16719244454129" />
  <attribute name="Time Running"value="7181"/>
  <attribute name="Number of cores"value="4"/>
</cycle-end>
<allocation-satisfied id="6854" threadId="0000000001358100" bytesRequested="40" />
<af-end id="6855" timestamp="2019-07-02T23:05:46.622" threadId="0000000001358A88" success="true" />
<exclusive-end id="6856" timestamp="2019-07-02T23:05:46.622" durationms="10.172" />

<exclusive-start id="6857" timestamp="2019-07-02T23:05:46.626" intervalms="14.461">
  <response-info timems="0.023" idlems="0.023" threads="0" lastid="0000000001358100" lastname="Thread-7" />
</exclusive-start>
<af-start id="6858" threadId="0000000001358A88" totalBytesRequested="40" timestamp="2019-07-02T23:05:46.626" intervalms="14.430" />
<cycle-start id="6859" type="global" contextid="0" timestamp="2019-07-02T23:05:46.626" intervalms="14.382" />
  <attribute name="GC Util" value="135" />
  <attribute name="CPU Util" value="16719244454129" />
  <attribute name="Time Running"value="7181"/>
  <attribute name="Number of cores"value="4"/>
<gc-start id="6860" type="global" contextid="6859" timestamp="2019-07-02T23:05:46.626">
  <mem-info id="6861" free="130048" total="17104896" percent="0">
    <mem type="tenure" free="130048" total="17104896" percent="0">
      <mem type="soa" free="0" total="16933888" percent="0" />
      <mem type="loa" free="130048" total="171008" percent="76" />
    </mem>
  </mem-info>
</gc-start>
<allocation-stats totalBytes="11176936" >
  <allocated-bytes non-tlh="0" tlh="11176936" />
  <largest-consumer threadName="Thread-7" threadId="0000000001358100" bytes="3280904" />
</allocation-stats>
<gc-op id="6862" type="mark" timems="2.252" contextid="6859" timestamp="2019-07-02T23:05:46.629">
  <trace-info objectcount="70214" scancount="62649" scanbytes="2376740" />
  <finalization candidates="124" enqueued="0" />
  <ownableSynchronizers candidates="3" cleared="0" />
  <references type="soft" candidates="84" cleared="0" enqueued="0" dynamicThreshold="21" maxThreshold="32" />
  <references type="weak" candidates="774" cleared="0" enqueued="0" />
  <references type="phantom" candidates="63" cleared="0" enqueued="0" />
  <stringconstants candidates="4574" cleared="0"  />
</gc-op>
<gc-op id="6863" type="sweep" timems="0.766" contextid="6859" timestamp="2019-07-02T23:05:46.630" />
<heap-resize id="6864" type="contract" space="tenure" amount="131072" count="1" timems="0.081" reason="excess free space following gc" timestamp="2019-07-02T23:05:46.630" />
<gc-end id="6865" type="global" contextid="6859" durationms="3.585" usertimems="8.000" systemtimems="0.000" timestamp="2019-07-02T23:05:46.630" activeThreads="4">
  <mem-info id="6866" free="11041760" total="16973824" percent="65">
    <mem type="tenure" free="11041760" total="16973824" percent="65" micro-fragmented="16275" macro-fragmented="51216">
      <mem type="soa" free="10943520" total="16804864" percent="65" />
      <mem type="loa" free="98240" total="168960" percent="58" />
    </mem>
  </mem-info>
</gc-end>
<cycle-end id="6867" type="global" contextid="6859" timestamp="2019-07-02T23:05:46.630">
  <attribute name="GC Util" value="257" />
  <attribute name="CPU Util" value="8002884005228" />
  <attribute name="Time Running"value="7194"/>
  <attribute name="Number of cores"value="4"/>
</cycle-end>
<allocation-satisfied id="6868" threadId="0000000001358100" bytesRequested="40" />
<af-end id="6869" timestamp="2019-07-02T23:05:46.630" threadId="0000000001358A88" success="true" />
<exclusive-end id="6870" timestamp="2019-07-02T23:05:46.630" durationms="4.167" />

<exclusive-start id="6871" timestamp="2019-07-02T23:05:46.635" intervalms="8.238">
  <response-info timems="0.022" idlems="0.020" threads="1" lastid="000000000135F900" lastname="Thread-9" />
</exclusive-start>
<af-start id="6872" threadId="000000000135C688" totalBytesRequested="24" timestamp="2019-07-02T23:05:46.635" intervalms="8.282" />
<cycle-start id="6873" type="global" contextid="0" timestamp="2019-07-02T23:05:46.635" intervalms="8.327" />
  <attribute name="GC Util" value="257" />
  <attribute name="CPU Util" value="8002884005228" />
  <attribute name="Time Running"value="7194"/>
  <attribute name="Number of cores"value="4"/>
<gc-start id="6874" type="global" contextid="6873" timestamp="2019-07-02T23:05:46.635">
  <mem-info id="6875" free="98240" total="16973824" percent="0">
    <mem type="tenure" free="98240" total="16973824" percent="0">
      <mem type="soa" free="0" total="16804864" percent="0" />
      <mem type="loa" free="98240" total="168960" percent="58" />
    </mem>
  </mem-info>
</gc-start>
<allocation-stats totalBytes="10939320" >
  <allocated-bytes non-tlh="19056" tlh="10920264" />
  <largest-consumer threadName="Thread-7" threadId="0000000001358100" bytes="3192000" />
</allocation-stats>
<gc-op id="6876" type="mark" timems="1.996" contextid="6873" timestamp="2019-07-02T23:05:46.637">
  <trace-info objectcount="63328" scancount="55743" scanbytes="2210916" />
  <finalization candidates="124" enqueued="0" />
  <ownableSynchronizers candidates="3" cleared="0" />
  <references type="soft" candidates="84" cleared="0" enqueued="0" dynamicThreshold="20" maxThreshold="32" />
  <references type="weak" candidates="774" cleared="0" enqueued="0" />
  <references type="phantom" candidates="63" cleared="0" enqueued="0" />
  <stringconstants candidates="4574" cleared="0"  />
</gc-op>
<gc-op id="6877" type="sweep" timems="0.738" contextid="6873" timestamp="2019-07-02T23:05:46.638" />
<mem-info id="6878" free="11167440" total="16973824" percent="65">
  <mem type="tenure" free="11167440" total="16973824" percent="65" micro-fragmented="47307" macro-fragmented="49676">
    <mem type="soa" free="11055248" total="16804864" percent="65" />
    <mem type="loa" free="112192" total="168960" percent="66" />
  </mem>
</mem-info>
<gc-op id="6879" type="compact" timems="5.414" contextid="6873" timestamp="2019-07-02T23:05:46.643">
  <compact-info movecount="23571" movebytes="1116200" reason="compact to aid heap contraction" />
</gc-op>
<heap-resize id="6880" type="contract" space="tenure" amount="131072" count="1" timems="0.081" reason="excess free space following gc" timestamp="2019-07-02T23:05:46.644" />
<gc-end id="6881" type="global" contextid="6873" durationms="9.019" usertimems="12.000" systemtimems="4.000" timestamp="2019-07-02T23:05:46.644" activeThreads="4">
  <mem-info id="6882" free="11059032" total="16842752" percent="65">
    <mem type="tenure" free="11059032" total="16842752" percent="65">
      <mem type="soa" free="10928984" total="16674816" percent="65" />
      <mem type="loa" free="130048" total="167936" percent="77" />
    </mem>
  </mem-info>
</gc-end>
<cycle-end id="6883" type="global" contextid="6873" timestamp="2019-07-02T23:05:46.644">
  <attribute name="GC Util" value="148" />
  <attribute name="CPU Util" value="18461937840599" />
  <attribute name="Time Running"value="7203"/>
  <attribute name="Number of cores"value="4"/>
</cycle-end>
<allocation-satisfied id="6884" threadId="000000000135BD00" bytesRequested="24" />
<af-end id="6885" timestamp="2019-07-02T23:05:46.644" threadId="000000000135C688" success="true" />
<exclusive-end id="6886" timestamp="2019-07-02T23:05:46.644" durationms="9.795" />

<exclusive-start id="6887" timestamp="2019-07-02T23:05:46.649" intervalms="14.210">
  <response-info timems="0.024" idlems="0.024" threads="0" lastid="0000000001358100" lastname="Thread-7" />
</exclusive-start>
<af-start id="6888" threadId="0000000001358A88" totalBytesRequested="40" timestamp="2019-07-02T23:05:46.649" intervalms="14.261" />
<cycle-start id="6889" type="global" contextid="0" timestamp="2019-07-02T23:05:46.649" intervalms="14.282" />
  <attribute name="GC Util" value="148" />
  <attribute name="CPU Util" value="18461937840599" />
  <attribute name="Time Running"value="7203"/>
  <attribute name="Number of cores"value="4"/>
<gc-start id="6890" type="global" contextid="6889" timestamp="2019-07-02T23:05:46.649">
  <mem-info id="6891" free="130048" total="16842752" percent="0">
    <mem type="tenure" free="130048" total="16842752" percent="0">
      <mem type="soa" free="0" total="16674816" percent="0" />
      <mem type="loa" free="130048" total="167936" percent="77" />
    </mem>
  </mem-info>
</gc-start>
<allocation-stats totalBytes="10994296" >
  <allocated-bytes non-tlh="0" tlh="10994296" />
  <largest-consumer threadName="Thread-7" threadId="0000000001358100" bytes="3375024" />
</allocation-stats>
<gc-op id="6892" type="mark" timems="1.835" contextid="6889" timestamp="2019-07-02T23:05:46.651">
  <trace-info objectcount="65427" scancount="57848" scanbytes="2261884" />
  <finalization candidates="124" enqueued="0" />
  <ownableSynchronizers candidates="3" cleared="0" />
  <references type="soft" candidates="84" cleared="0" enqueued="0" dynamicThreshold="21" maxThreshold="32" />
  <references type="weak" candidates="774" cleared="0" enqueued="0" />
  <references type="phantom" candidates="63" cleared="0" enqueued="0" />
  <stringconstants candidates="4574" cleared="0"  />
</gc-op>
<gc-op id="6893" type="sweep" timems="0.733" contextid="6889" timestamp="2019-07-02T23:05:46.652" />
<heap-resize id="6894" type="contract" space="tenure" amount="131072" count="1" timems="0.100" reason="excess free space following gc" timestamp="2019-07-02T23:05:46.652" />
<gc-end id="6895" type="global" contextid="6889" durationms="3.301" usertimems="4.000" systemtimems="0.000" timestamp="2019-07-02T23:05:46.652" activeThreads="4">
  <mem-info id="6896" free="10878824" total="16711680" percent="65">
    <mem type="tenure" free="10878824" total="16711680" percent="65" micro-fragmented="14166" macro-fragmented="58392">
      <mem type="soa" free="10799696" total="16544768" percent="65" />
      <mem type="loa" free="79128" total="166912" percent="47" />
    </mem>
  </mem-info>
</gc-end>
<cycle-end id="6897" type="global" contextid="6889" timestamp="2019-07-02T23:05:46.653">
  <attribute name="GC Util" value="250" />
  <attribute name="CPU Util" value="9572594436109" />
  <attribute name="Time Running"value="7216"/>
  <attribute name="Number of cores"value="4"/>
</cycle-end>
<allocation-satisfied id="6898" threadId="0000000001358100" bytesRequested="40" />
<af-end id="6899" timestamp="2019-07-02T23:05:46.653" threadId="0000000001358A88" success="true" />
<exclusive-end id="6900" timestamp="2019-07-02T23:05:46.653" durationms="4.196" />

<exclusive-start id="6901" timestamp="2019-07-02T23:05:46.657" intervalms="8.735">
  <response-info timems="0.022" idlems="0.021" threads="1" lastid="000000000135BD00" lastname="Thread-10" />
</exclusive-start>
<af-start id="6902" threadId="0000000001354E88" totalBytesRequested="40" timestamp="2019-07-02T23:05:46.658" intervalms="8.673" />
<cycle-start id="6903" type="global" contextid="0" timestamp="2019-07-02T23:05:46.658" intervalms="8.648" />
  <attribute name="GC Util" value="250" />
  <attribute name="CPU Util" value="9572594436109" />
  <attribute name="Time Running"value="7216"/>
  <attribute name="Number of cores"value="4"/>
<gc-start id="6904" type="global" contextid="6903" timestamp="2019-07-02T23:05:46.658">
  <mem-info id="6905" free="79128" total="16711680" percent="0">
    <mem type="tenure" free="79128" total="16711680" percent="0">
      <mem type="soa" free="0" total="16544768" percent="0" />
      <mem type="loa" free="79128" total="166912" percent="47" />
    </mem>
  </mem-info>
</gc-start>
<allocation-stats totalBytes="10796504" >
  <allocated-bytes non-tlh="0" tlh="10796504" />
  <largest-consumer threadName="Thread-7" threadId="0000000001358100" bytes="3482248" />
</allocation-stats>
<gc-op id="6906" type="mark" timems="2.179" contextid="6903" timestamp="2019-07-02T23:05:46.660">
  <trace-info objectcount="66599" scancount="59022" scanbytes="2290100" />
  <finalization candidates="124" enqueued="0" />
  <ownableSynchronizers candidates="3" cleared="0" />
  <references type="soft" candidates="84" cleared="0" enqueued="0" dynamicThreshold="20" maxThreshold="32" />
  <references type="weak" candidates="774" cleared="0" enqueued="0" />
  <references type="phantom" candidates="63" cleared="0" enqueued="0" />
  <stringconstants candidates="4574" cleared="0"  />
</gc-op>
<gc-op id="6907" type="sweep" timems="0.807" contextid="6903" timestamp="2019-07-02T23:05:46.661" />
<heap-resize id="6908" type="contract" space="tenure" amount="131072" count="1" timems="0.060" reason="excess free space following gc" timestamp="2019-07-02T23:05:46.661" />
<gc-end id="6909" type="global" contextid="6903" durationms="3.529" usertimems="8.000" systemtimems="0.000" timestamp="2019-07-02T23:05:46.661" activeThreads="4">
  <mem-info id="6910" free="10638592" total="16580608" percent="64">
    <mem type="tenure" free="10638592" total="16580608" percent="64" micro-fragmented="28962" macro-fragmented="34956">
      <mem type="soa" free="10638592" total="16415744" percent="64" />
      <mem type="loa" free="0" total="164864" percent="0" />
    </mem>
  </mem-info>
</gc-end>
<cycle-end id="6911" type="global" contextid="6903" timestamp="2019-07-02T23:05:46.661">
  <attribute name="GC Util" value="258" />
  <attribute name="CPU Util" value="8159557308370" />
  <attribute name="Time Running"value="7225"/>
  <attribute name="Number of cores"value="4"/>
</cycle-end>
<allocation-satisfied id="6912" threadId="0000000001354500" bytesRequested="40" />
<af-end id="6913" timestamp="2019-07-02T23:05:46.662" threadId="0000000001354E88" success="true" />
<exclusive-end id="6914" timestamp="2019-07-02T23:05:46.662" durationms="4.120" />

<exclusive-start id="6915" timestamp="2019-07-02T23:05:46.666" intervalms="8.402">
  <response-info timems="0.022" idlems="0.022" threads="0" lastid="0000000001354500" lastname="Thread-8" />
</exclusive-start>
<af-start id="6916" threadId="0000000001354E88" totalBytesRequested="40" timestamp="2019-07-02T23:05:46.666" intervalms="8.355" />
<cycle-start id="6917" type="global" contextid="0" timestamp="2019-07-02T23:05:46.666" intervalms="8.303" />
  <attribute name="GC Util" value="258" />
  <attribute name="CPU Util" value="8159557308370" />
  <attribute name="Time Running"value="7225"/>
  <attribute name="Number of cores"value="4"/>
<gc-start id="6918" type="global" contextid="6917" timestamp="2019-07-02T23:05:46.666">
  <mem-info id="6919" free="0" total="16580608" percent="0">
    <mem type="tenure" free="0" total="16580608" percent="0">
      <mem type="soa" free="0" total="16415744" percent="0" />
      <mem type="loa" free="0" total="164864" percent="0" />
    </mem>
  </mem-info>
</gc-start>
<allocation-stats totalBytes="10632072" >
  <allocated-bytes non-tlh="0" tlh="10632072" />
  <largest-consumer threadName="Thread-7" threadId="0000000001358100" bytes="3350128" />
</allocation-stats>
<gc-op id="6920" type="mark" timems="2.637" contextid="6917" timestamp="2019-07-02T23:05:46.669">
  <trace-info objectcount="67411" scancount="59864" scanbytes="2309500" />
  <finalization candidates="124" enqueued="0" />
  <ownableSynchronizers candidates="3" cleared="0" />
  <references type="soft" candidates="84" cleared="0" enqueued="0" dynamicThreshold="20" maxThreshold="32" />
  <references type="weak" candidates="774" cleared="0" enqueued="0" />
  <references type="phantom" candidates="63" cleared="0" enqueued="0" />
  <stringconstants candidates="4574" cleared="0"  />
</gc-op>
<gc-op id="6921" type="sweep" timems="0.825" contextid="6917" timestamp="2019-07-02T23:05:46.670" />
<mem-info id="6922" free="10654752" total="16580608" percent="64">
  <mem type="tenure" free="10654752" total="16580608" percent="64" micro-fragmented="7981" macro-fragmented="0">
    <mem type="soa" free="10577552" total="16415744" percent="64" />
    <mem type="loa" free="77200" total="164864" percent="46" />
  </mem>
</mem-info>
<gc-op id="6923" type="compact" timems="5.005" contextid="6917" timestamp="2019-07-02T23:05:46.675">
  <compact-info movecount="15156" movebytes="640080" reason="compact to aid heap contraction" />
</gc-op>
<heap-resize id="6924" type="contract" space="tenure" amount="131072" count="1" timems="0.034" reason="excess free space following gc" timestamp="2019-07-02T23:05:46.675" />
<gc-end id="6925" type="global" contextid="6917" durationms="9.047" usertimems="16.000" systemtimems="0.000" timestamp="2019-07-02T23:05:46.675" activeThreads="4">
  <mem-info id="6926" free="10571328" total="16449536" percent="64">
    <mem type="tenure" free="10571328" total="16449536" percent="64">
      <mem type="soa" free="10441280" total="16285696" percent="64" />
      <mem type="loa" free="130048" total="163840" percent="79" />
    </mem>
  </mem-info>
</gc-end>
<cycle-end id="6927" type="global" contextid="6917" timestamp="2019-07-02T23:05:46.675">
  <attribute name="GC Util" value="147" />
  <attribute name="CPU Util" value="17789801859554" />
  <attribute name="Time Running"value="7235"/>
  <attribute name="Number of cores"value="4"/>
</cycle-end>
<allocation-satisfied id="6928" threadId="0000000001354500" bytesRequested="40" />
<af-end id="6929" timestamp="2019-07-02T23:05:46.675" threadId="0000000001354E88" success="true" />
<exclusive-end id="6930" timestamp="2019-07-02T23:05:46.675" durationms="9.534" />

<exclusive-start id="6931" timestamp="2019-07-02T23:05:46.680" intervalms="13.865">
  <response-info timems="0.023" idlems="0.023" threads="1" lastid="000000000135BD00" lastname="Thread-10" />
</exclusive-start>
<af-start id="6932" threadId="0000000001354E88" totalBytesRequested="40" timestamp="2019-07-02T23:05:46.680" intervalms="13.875" />
<cycle-start id="6933" type="global" contextid="0" timestamp="2019-07-02T23:05:46.680" intervalms="13.890" />
  <attribute name="GC Util" value="147" />
  <attribute name="CPU Util" value="17789801859554" />
  <attribute name="Time Running"value="7235"/>
  <attribute name="Number of cores"value="4"/>
<gc-start id="6934" type="global" contextid="6933" timestamp="2019-07-02T23:05:46.680">
  <mem-info id="6935" free="130048" total="16449536" percent="0">
    <mem type="tenure" free="130048" total="16449536" percent="0">
      <mem type="soa" free="0" total="16285696" percent="0" />
      <mem type="loa" free="130048" total="163840" percent="79" />
    </mem>
  </mem-info>
</gc-start>
<allocation-stats totalBytes="10505200" >
  <allocated-bytes non-tlh="0" tlh="10505200" />
  <largest-consumer threadName="Thread-7" threadId="0000000001358100" bytes="3505744" />
</allocation-stats>
<gc-op id="6936" type="mark" timems="2.098" contextid="6933" timestamp="2019-07-02T23:05:46.682">
  <trace-info objectcount="68075" scancount="60477" scanbytes="2325100" />
  <finalization candidates="124" enqueued="0" />
  <ownableSynchronizers candidates="3" cleared="0" />
  <references type="soft" candidates="84" cleared="0" enqueued="0" dynamicThreshold="20" maxThreshold="32" />
  <references type="weak" candidates="774" cleared="0" enqueued="0" />
  <references type="phantom" candidates="63" cleared="0" enqueued="0" />
  <stringconstants candidates="4574" cleared="0"  />
</gc-op>
<gc-op id="6937" type="sweep" timems="0.712" contextid="6933" timestamp="2019-07-02T23:05:46.683" />
<heap-resize id="6938" type="contract" space="tenure" amount="131072" count="1" timems="0.070" reason="excess free space following gc" timestamp="2019-07-02T23:05:46.683" />
<gc-end id="6939" type="global" contextid="6933" durationms="3.331" usertimems="8.000" systemtimems="0.000" timestamp="2019-07-02T23:05:46.683" activeThreads="4">
  <mem-info id="6940" free="10355408" total="16318464" percent="63">
    <mem type="tenure" free="10355408" total="16318464" percent="63" micro-fragmented="10009" macro-fragmented="0">
      <mem type="soa" free="10355408" total="16155648" percent="64" />
      <mem type="loa" free="0" total="162816" percent="0" />
    </mem>
  </mem-info>
</gc-end>
<cycle-end id="6941" type="global" contextid="6933" timestamp="2019-07-02T23:05:46.683">
  <attribute name="GC Util" value="249" />
  <attribute name="CPU Util" value="8454591590025" />
  <attribute name="Time Running"value="7247"/>
  <attribute name="Number of cores"value="4"/>
</cycle-end>
<allocation-satisfied id="6942" threadId="0000000001354500" bytesRequested="40" />
<af-end id="6943" timestamp="2019-07-02T23:05:46.683" threadId="0000000001354E88" success="true" />
<exclusive-end id="6944" timestamp="2019-07-02T23:05:46.684" durationms="3.836" />

<exclusive-start id="6945" timestamp="2019-07-02T23:05:46.688" intervalms="7.938">
  <response-info timems="0.034" idlems="0.034" threads="0" lastid="000000000135BD00" lastname="Thread-10" />
</exclusive-start>
<af-start id="6946" threadId="000000000135C688" totalBytesRequested="24" timestamp="2019-07-02T23:05:46.688" intervalms="7.979" />
<cycle-start id="6947" type="global" contextid="0" timestamp="2019-07-02T23:05:46.688" intervalms="8.019" />
  <attribute name="GC Util" value="249" />
  <attribute name="CPU Util" value="8454591590025" />
  <attribute name="Time Running"value="7247"/>
  <attribute name="Number of cores"value="4"/>
<gc-start id="6948" type="global" contextid="6947" timestamp="2019-07-02T23:05:46.688">
  <mem-info id="6949" free="0" total="16318464" percent="0">
    <mem type="tenure" free="0" total="16318464" percent="0">
      <mem type="soa" free="0" total="16155648" percent="0" />
      <mem type="loa" free="0" total="162816" percent="0" />
    </mem>
  </mem-info>
</gc-start>
<allocation-stats totalBytes="10353160" >
  <allocated-bytes non-tlh="0" tlh="10353160" />
  <largest-consumer threadName="Thread-7" threadId="0000000001358100" bytes="3328280" />
</allocation-stats>
<gc-op id="6950" type="mark" timems="2.533" contextid="6947" timestamp="2019-07-02T23:05:46.691">
  <trace-info objectcount="68834" scancount="61265" scanbytes="2343684" />
  <finalization candidates="124" enqueued="0" />
  <ownableSynchronizers candidates="3" cleared="0" />
  <references type="soft" candidates="84" cleared="0" enqueued="0" dynamicThreshold="20" maxThreshold="32" />
  <references type="weak" candidates="774" cleared="0" enqueued="0" />
  <references type="phantom" candidates="63" cleared="0" enqueued="0" />
  <stringconstants candidates="4574" cleared="0"  />
</gc-op>
<gc-op id="6951" type="sweep" timems="0.803" contextid="6947" timestamp="2019-07-02T23:05:46.691" />
<mem-info id="6952" free="10303416" total="16318464" percent="63">
  <mem type="tenure" free="10303416" total="16318464" percent="63" micro-fragmented="10040" macro-fragmented="24760">
    <mem type="soa" free="10303416" total="16155648" percent="63" />
    <mem type="loa" free="0" total="162816" percent="0" />
  </mem>
</mem-info>
<gc-op id="6953" type="compact" timems="4.431" contextid="6947" timestamp="2019-07-02T23:05:46.696">
  <compact-info movecount="5619" movebytes="136472" reason="compact to aid heap contraction" />
</gc-op>
<heap-resize id="6954" type="contract" space="tenure" amount="131072" count="1" timems="0.079" reason="excess free space following gc" timestamp="2019-07-02T23:05:46.696" />
<gc-end id="6955" type="global" contextid="6947" durationms="8.695" usertimems="16.000" systemtimems="0.000" timestamp="2019-07-02T23:05:46.697" activeThreads="4">
  <mem-info id="6956" free="10277048" total="16187392" percent="63">
    <mem type="tenure" free="10277048" total="16187392" percent="63">
      <mem type="soa" free="10147000" total="16025600" percent="63" />
      <mem type="loa" free="130048" total="161792" percent="80" />
    </mem>
  </mem-info>
</gc-end>
<cycle-end id="6957" type="global" contextid="6947" timestamp="2019-07-02T23:05:46.697">
  <attribute name="GC Util" value="134" />
  <attribute name="CPU Util" value="16311142131986" />
  <attribute name="Time Running"value="7257"/>
  <attribute name="Number of cores"value="4"/>
</cycle-end>
<allocation-satisfied id="6958" threadId="000000000135BD00" bytesRequested="24" />
<af-end id="6959" timestamp="2019-07-02T23:05:46.697" threadId="000000000135C688" success="true" />
<exclusive-end id="6960" timestamp="2019-07-02T23:05:46.697" durationms="9.427" />

<exclusive-start id="6961" timestamp="2019-07-02T23:05:46.701" intervalms="13.583">
  <response-info timems="0.037" idlems="0.037" threads="0" lastid="000000000135F900" lastname="Thread-9" />
</exclusive-start>
<af-start id="6962" threadId="0000000001360288" totalBytesRequested="40" timestamp="2019-07-02T23:05:46.701" intervalms="13.609" />
<cycle-start id="6963" type="global" contextid="0" timestamp="2019-07-02T23:05:46.701" intervalms="13.577" />
  <attribute name="GC Util" value="134" />
  <attribute name="CPU Util" value="16311142131986" />
  <attribute name="Time Running"value="7257"/>
  <attribute name="Number of cores"value="4"/>
<gc-start id="6964" type="global" contextid="6963" timestamp="2019-07-02T23:05:46.702">
  <mem-info id="6965" free="130048" total="16187392" percent="0">
    <mem type="tenure" free="130048" total="16187392" percent="0">
      <mem type="soa" free="0" total="16025600" percent="0" />
      <mem type="loa" free="130048" total="161792" percent="80" />
    </mem>
  </mem-info>
</gc-start>
<allocation-stats totalBytes="10210344" >
  <allocated-bytes non-tlh="0" tlh="10210344" />
  <largest-consumer threadName="Thread-7" threadId="0000000001358100" bytes="3494400" />
</allocation-stats>
<gc-op id="6966" type="mark" timems="1.063" contextid="6963" timestamp="2019-07-02T23:05:46.703">
  <trace-info objectcount="69486" scancount="61904" scanbytes="2358836" />
  <finalization candidates="124" enqueued="0" />
  <ownableSynchronizers candidates="3" cleared="0" />
  <references type="soft" candidates="84" cleared="0" enqueued="0" dynamicThreshold="20" maxThreshold="32" />
  <references type="weak" candidates="774" cleared="0" enqueued="0" />
  <references type="phantom" candidates="63" cleared="0" enqueued="0" />
  <stringconstants candidates="4574" cleared="0"  />
</gc-op>
<gc-op id="6967" type="sweep" timems="0.243" contextid="6963" timestamp="2019-07-02T23:05:46.703" />
<heap-resize id="6968" type="contract" space="tenure" amount="131072" count="1" timems="0.044" reason="excess free space following gc" timestamp="2019-07-02T23:05:46.703" />
<gc-end id="6969" type="global" contextid="6963" durationms="1.816" usertimems="4.000" systemtimems="0.000" timestamp="2019-07-02T23:05:46.703" activeThreads="4">
  <mem-info id="6970" free="10158568" total="16056320" percent="63">
    <mem type="tenure" free="10158568" total="16056320" percent="63" micro-fragmented="13078" macro-fragmented="78852">
      <mem type="soa" free="10059920" total="15896576" percent="63" />
      <mem type="loa" free="98648" total="159744" percent="61" />
    </mem>
  </mem-info>
</gc-end>
<cycle-end id="6971" type="global" contextid="6963" timestamp="2019-07-02T23:05:46.703">
  <attribute name="GC Util" value="217" />
  <attribute name="CPU Util" value="16418880559074" />
  <attribute name="Time Running"value="7268"/>
  <attribute name="Number of cores"value="4"/>
</cycle-end>
<allocation-satisfied id="6972" threadId="000000000135F900" bytesRequested="40" />
<af-end id="6973" timestamp="2019-07-02T23:05:46.704" threadId="0000000001360288" success="true" />
<exclusive-end id="6974" timestamp="2019-07-02T23:05:46.704" durationms="2.476" />

<exclusive-start id="6975" timestamp="2019-07-02T23:05:46.708" intervalms="6.482">
  <response-info timems="0.023" idlems="0.023" threads="0" lastid="000000000135F900" lastname="Thread-9" />
</exclusive-start>
<af-start id="6976" threadId="0000000001360288" totalBytesRequested="40" timestamp="2019-07-02T23:05:46.708" intervalms="6.450" />
<cycle-start id="6977" type="global" contextid="0" timestamp="2019-07-02T23:05:46.708" intervalms="6.476" />
  <attribute name="GC Util" value="217" />
  <attribute name="CPU Util" value="16418880559074" />
  <attribute name="Time Running"value="7268"/>
  <attribute name="Number of cores"value="4"/>
<gc-start id="6978" type="global" contextid="6977" timestamp="2019-07-02T23:05:46.708">
  <mem-info id="6979" free="98648" total="16056320" percent="0">
    <mem type="tenure" free="98648" total="16056320" percent="0">
      <mem type="soa" free="0" total="15896576" percent="0" />
      <mem type="loa" free="98648" total="159744" percent="61" />
    </mem>
  </mem-info>
</gc-start>
<allocation-stats totalBytes="10059416" >
  <allocated-bytes non-tlh="0" tlh="10059416" />
  <largest-consumer threadName="Thread-7" threadId="0000000001358100" bytes="3371648" />
</allocation-stats>
<gc-op id="6980" type="mark" timems="1.092" contextid="6977" timestamp="2019-07-02T23:05:46.709">
  <trace-info objectcount="70346" scancount="62776" scanbytes="2380300" />
  <finalization candidates="124" enqueued="0" />
  <ownableSynchronizers candidates="3" cleared="0" />
  <references type="soft" candidates="84" cleared="0" enqueued="0" dynamicThreshold="20" maxThreshold="32" />
  <references type="weak" candidates="774" cleared="0" enqueued="0" />
  <references type="phantom" candidates="63" cleared="0" enqueued="0" />
  <stringconstants candidates="4574" cleared="0"  />
</gc-op>
<gc-op id="6981" type="sweep" timems="0.315" contextid="6977" timestamp="2019-07-02T23:05:46.710" />
<heap-resize id="6982" type="contract" space="tenure" amount="131072" count="1" timems="0.081" reason="excess free space following gc" timestamp="2019-07-02T23:05:46.710" />
<gc-end id="6983" type="global" contextid="6977" durationms="2.012" usertimems="4.000" systemtimems="0.000" timestamp="2019-07-02T23:05:46.710" activeThreads="4">
  <mem-info id="6984" free="9967128" total="15925248" percent="62">
    <mem type="tenure" free="9967128" total="15925248" percent="62" micro-fragmented="26398" macro-fragmented="49392">
      <mem type="soa" free="9884736" total="15766528" percent="62" />
      <mem type="loa" free="82392" total="158720" percent="51" />
    </mem>
  </mem-info>
</gc-end>
<cycle-end id="6985" type="global" contextid="6977" timestamp="2019-07-02T23:05:46.710">
  <attribute name="GC Util" value="210" />
  <attribute name="CPU Util" value="15523798657199" />
  <attribute name="Time Running"value="7274"/>
  <attribute name="Number of cores"value="4"/>
</cycle-end>
<allocation-satisfied id="6986" threadId="000000000135F900" bytesRequested="40" />
<af-end id="6987" timestamp="2019-07-02T23:05:46.710" threadId="0000000001360288" success="true" />
<exclusive-end id="6988" timestamp="2019-07-02T23:05:46.710" durationms="2.694" />

<exclusive-start id="6989" timestamp="2019-07-02T23:05:46.714" intervalms="6.729">
  <response-info timems="0.027" idlems="0.027" threads="0" lastid="0000000001354500" lastname="Thread-8" />
</exclusive-start>
<af-start id="6990" threadId="0000000001354E88" totalBytesRequested="24" timestamp="2019-07-02T23:05:46.715" intervalms="6.732" />
<cycle-start id="6991" type="global" contextid="0" timestamp="2019-07-02T23:05:46.715" intervalms="6.735" />
  <attribute name="GC Util" value="210" />
  <attribute name="CPU Util" value="15523798657199" />
  <attribute name="Time Running"value="7274"/>
  <attribute name="Number of cores"value="4"/>
<gc-start id="6992" type="global" contextid="6991" timestamp="2019-07-02T23:05:46.715">
  <mem-info id="6993" free="82392" total="15925248" percent="0">
    <mem type="tenure" free="82392" total="15925248" percent="0">
      <mem type="soa" free="0" total="15766528" percent="0" />
      <mem type="loa" free="82392" total="158720" percent="51" />
    </mem>
  </mem-info>
</gc-start>
<allocation-stats totalBytes="9879704" >
  <allocated-bytes non-tlh="19056" tlh="9860648" />
  <largest-consumer threadName="Thread-7" threadId="0000000001358100" bytes="3531224" />
</allocation-stats>
<gc-op id="6994" type="mark" timems="2.086" contextid="6991" timestamp="2019-07-02T23:05:46.717">
  <trace-info objectcount="66118" scancount="58550" scanbytes="2278364" />
  <finalization candidates="124" enqueued="0" />
  <ownableSynchronizers candidates="3" cleared="0" />
  <references type="soft" candidates="84" cleared="0" enqueued="0" dynamicThreshold="20" maxThreshold="32" />
  <references type="weak" candidates="774" cleared="0" enqueued="0" />
  <references type="phantom" candidates="63" cleared="0" enqueued="0" />
  <stringconstants candidates="4574" cleared="0"  />
</gc-op>
<gc-op id="6995" type="sweep" timems="0.771" contextid="6991" timestamp="2019-07-02T23:05:46.718" />
<heap-resize id="6996" type="contract" space="tenure" amount="131072" count="1" timems="0.083" reason="excess free space following gc" timestamp="2019-07-02T23:05:46.718" />
<gc-end id="6997" type="global" contextid="6991" durationms="3.309" usertimems="4.000" systemtimems="0.000" timestamp="2019-07-02T23:05:46.718" activeThreads="4">
  <mem-info id="6998" free="9791176" total="15794176" percent="61">
    <mem type="tenure" free="9791176" total="15794176" percent="61" micro-fragmented="98931" macro-fragmented="0">
      <mem type="soa" free="9791176" total="15636480" percent="62" />
      <mem type="loa" free="0" total="157696" percent="0" />
    </mem>
  </mem-info>
</gc-end>
<cycle-end id="6999" type="global" contextid="6991" timestamp="2019-07-02T23:05:46.718">
  <attribute name="GC Util" value="251" />
  <attribute name="CPU Util" value="8659573009131" />
  <attribute name="Time Running"value="7282"/>
  <attribute name="Number of cores"value="4"/>
</cycle-end>
<allocation-satisfied id="7000" threadId="0000000001354500" bytesRequested="24" />
<af-end id="7001" timestamp="2019-07-02T23:05:46.718" threadId="0000000001354E88" success="true" />
<exclusive-end id="7002" timestamp="2019-07-02T23:05:46.718" durationms="3.890" />

<exclusive-start id="7003" timestamp="2019-07-02T23:05:46.723" intervalms="8.479">
  <response-info timems="0.024" idlems="0.024" threads="0" lastid="000000000135BD00" lastname="Thread-10" />
</exclusive-start>
<af-start id="7004" threadId="000000000135C688" totalBytesRequested="40" timestamp="2019-07-02T23:05:46.723" intervalms="8.482" />
<cycle-start id="7005" type="global" contextid="0" timestamp="2019-07-02T23:05:46.723" intervalms="8.490" />
  <attribute name="GC Util" value="251" />
  <attribute name="CPU Util" value="8659573009131" />
  <attribute name="Time Running"value="7282"/>
  <attribute name="Number of cores"value="4"/>
<gc-start id="7006" type="global" contextid="7005" timestamp="2019-07-02T23:05:46.723">
  <mem-info id="7007" free="0" total="15794176" percent="0">
    <mem type="tenure" free="0" total="15794176" percent="0">
      <mem type="soa" free="0" total="15636480" percent="0" />
      <mem type="loa" free="0" total="157696" percent="0" />
    </mem>
  </mem-info>
</gc-start>
<allocation-stats totalBytes="9787448" >
  <allocated-bytes non-tlh="0" tlh="9787448" />
  <largest-consumer threadName="Thread-8" threadId="0000000001354500" bytes="3168048" />
</allocation-stats>
<gc-op id="7008" type="mark" timems="1.915" contextid="7005" timestamp="2019-07-02T23:05:46.725">
  <trace-info objectcount="66632" scancount="59065" scanbytes="2290940" />
  <finalization candidates="124" enqueued="0" />
  <ownableSynchronizers candidates="3" cleared="0" />
  <references type="soft" candidates="84" cleared="0" enqueued="0" dynamicThreshold="19" maxThreshold="32" />
  <references type="weak" candidates="774" cleared="0" enqueued="0" />
  <references type="phantom" candidates="63" cleared="0" enqueued="0" />
  <stringconstants candidates="4574" cleared="0"  />
</gc-op>
<gc-op id="7009" type="sweep" timems="0.757" contextid="7005" timestamp="2019-07-02T23:05:46.726" />
<mem-info id="7010" free="9736800" total="15794176" percent="61">
  <mem type="tenure" free="9736800" total="15794176" percent="61" micro-fragmented="116819" macro-fragmented="46757">
    <mem type="soa" free="9736800" total="15636480" percent="62" />
    <mem type="loa" free="0" total="157696" percent="0" />
  </mem>
</mem-info>
<gc-op id="7011" type="compact" timems="5.577" contextid="7005" timestamp="2019-07-02T23:05:46.732">
  <compact-info movecount="21884" movebytes="958096" reason="compact to aid heap contraction" />
</gc-op>
<heap-resize id="7012" type="contract" space="tenure" amount="131072" count="1" timems="0.079" reason="excess free space following gc" timestamp="2019-07-02T23:05:46.732" />
<gc-end id="7013" type="global" contextid="7005" durationms="9.197" usertimems="16.000" systemtimems="0.000" timestamp="2019-07-02T23:05:46.732" activeThreads="4">
  <mem-info id="7014" free="9810624" total="15663104" percent="62">
    <mem type="tenure" free="9810624" total="15663104" percent="62">
      <mem type="soa" free="9681600" total="15507456" percent="62" />
      <mem type="loa" free="129024" total="155648" percent="82" />
    </mem>
  </mem-info>
</gc-end>
<cycle-end id="7015" type="global" contextid="7005" timestamp="2019-07-02T23:05:46.733">
  <attribute name="GC Util" value="135" />
  <attribute name="CPU Util" value="16822850701813" />
  <attribute name="Time Running"value="7291"/>
  <attribute name="Number of cores"value="4"/>
</cycle-end>
<allocation-satisfied id="7016" threadId="000000000135BD00" bytesRequested="40" />
<af-end id="7017" timestamp="2019-07-02T23:05:46.733" threadId="000000000135C688" success="true" />
<exclusive-end id="7018" timestamp="2019-07-02T23:05:46.733" durationms="10.008" />

<exclusive-start id="7019" timestamp="2019-07-02T23:05:46.738" intervalms="14.591">
  <response-info timems="0.027" idlems="0.027" threads="0" lastid="0000000001358100" lastname="Thread-7" />
</exclusive-start>
<af-start id="7020" threadId="0000000001358A88" totalBytesRequested="40" timestamp="2019-07-02T23:05:46.738" intervalms="14.635" />
<cycle-start id="7021" type="global" contextid="0" timestamp="2019-07-02T23:05:46.738" intervalms="14.638" />
  <attribute name="GC Util" value="135" />
  <attribute name="CPU Util" value="16822850701813" />
  <attribute name="Time Running"value="7291"/>
  <attribute name="Number of cores"value="4"/>
<gc-start id="7022" type="global" contextid="7021" timestamp="2019-07-02T23:05:46.738">
  <mem-info id="7023" free="129024" total="15663104" percent="0">
    <mem type="tenure" free="129024" total="15663104" percent="0">
      <mem type="soa" free="0" total="15507456" percent="0" />
      <mem type="loa" free="129024" total="155648" percent="82" />
    </mem>
  </mem-info>
</gc-start>
<allocation-stats totalBytes="9745736" >
  <allocated-bytes non-tlh="0" tlh="9745736" />
  <largest-consumer threadName="Thread-8" threadId="0000000001354500" bytes="2719344" />
</allocation-stats>
<gc-op id="7024" type="mark" timems="1.970" contextid="7021" timestamp="2019-07-02T23:05:46.740">
  <trace-info objectcount="67380" scancount="59830" scanbytes="2308860" />
  <finalization candidates="124" enqueued="0" />
  <ownableSynchronizers candidates="3" cleared="0" />
  <references type="soft" candidates="84" cleared="0" enqueued="0" dynamicThreshold="20" maxThreshold="32" />
  <references type="weak" candidates="774" cleared="0" enqueued="0" />
  <references type="phantom" candidates="63" cleared="0" enqueued="0" />
  <stringconstants candidates="4574" cleared="0"  />
</gc-op>
<gc-op id="7025" type="sweep" timems="0.543" contextid="7021" timestamp="2019-07-02T23:05:46.741" />
<heap-resize id="7026" type="contract" space="tenure" amount="131072" count="1" timems="0.040" reason="excess free space following gc" timestamp="2019-07-02T23:05:46.741" />
<gc-end id="7027" type="global" contextid="7021" durationms="3.294" usertimems="8.000" systemtimems="0.000" timestamp="2019-07-02T23:05:46.741" activeThreads="4">
  <mem-info id="7028" free="9656840" total="15532032" percent="62">
    <mem type="tenure" free="9656840" total="15532032" percent="62" micro-fragmented="24111" macro-fragmented="81519">
      <mem type="soa" free="9565576" total="15377408" percent="62" />
      <mem type="loa" free="91264" total="154624" percent="59" />
    </mem>
  </mem-info>
</gc-end>
<cycle-end id="7029" type="global" contextid="7021" timestamp="2019-07-02T23:05:46.741">
  <attribute name="GC Util" value="228" />
  <attribute name="CPU Util" value="8764102198354" />
  <attribute name="Time Running"value="7305"/>
  <attribute name="Number of cores"value="4"/>
</cycle-end>
<allocation-satisfied id="7030" threadId="0000000001358100" bytesRequested="40" />
<af-end id="7031" timestamp="2019-07-02T23:05:46.742" threadId="0000000001358A88" success="true" />
<exclusive-end id="7032" timestamp="2019-07-02T23:05:46.742" durationms="4.083" />

<exclusive-start id="7033" timestamp="2019-07-02T23:05:46.746" intervalms="8.420">
  <response-info timems="0.026" idlems="0.026" threads="0" lastid="000000000135F900" lastname="Thread-9" />
</exclusive-start>
<af-start id="7034" threadId="0000000001360288" totalBytesRequested="40" timestamp="2019-07-02T23:05:46.746" intervalms="8.414" />
<cycle-start id="7035" type="global" contextid="0" timestamp="2019-07-02T23:05:46.746" intervalms="8.440" />
  <attribute name="GC Util" value="228" />
  <attribute name="CPU Util" value="8764102198354" />
  <attribute name="Time Running"value="7305"/>
  <attribute name="Number of cores"value="4"/>
<gc-start id="7036" type="global" contextid="7035" timestamp="2019-07-02T23:05:46.746">
  <mem-info id="7037" free="91264" total="15532032" percent="0">
    <mem type="tenure" free="91264" total="15532032" percent="0">
      <mem type="soa" free="0" total="15377408" percent="0" />
      <mem type="loa" free="91264" total="154624" percent="59" />
    </mem>
  </mem-info>
</gc-start>
<allocation-stats totalBytes="9565288" >
  <allocated-bytes non-tlh="0" tlh="9565288" />
  <largest-consumer threadName="Thread-8" threadId="0000000001354500" bytes="3004944" />
</allocation-stats>
<gc-op id="7038" type="mark" timems="1.183" contextid="7035" timestamp="2019-07-02T23:05:46.748">
  <trace-info objectcount="67912" scancount="60351" scanbytes="2321268" />
  <finalization candidates="124" enqueued="0" />
  <ownableSynchronizers candidates="3" cleared="0" />
  <references type="soft" candidates="84" cleared="0" enqueued="0" dynamicThreshold="19" maxThreshold="32" />
  <references type="weak" candidates="774" cleared="0" enqueued="0" />
  <references type="phantom" candidates="63" cleared="0" enqueued="0" />
  <stringconstants candidates="4574" cleared="0"  />
</gc-op>
<gc-op id="7039" type="sweep" timems="0.263" contextid="7035" timestamp="2019-07-02T23:05:46.748" />
<mem-info id="7040" free="9645168" total="15532032" percent="62">
  <mem type="tenure" free="9645168" total="15532032" percent="62" micro-fragmented="17476" macro-fragmented="65808">
    <mem type="soa" free="9544200" total="15377408" percent="62" />
    <mem type="loa" free="100968" total="154624" percent="65" />
  </mem>
</mem-info>
<gc-op id="7041" type="compact" timems="3.272" contextid="7035" timestamp="2019-07-02T23:05:46.751">
  <compact-info movecount="7760" movebytes="324944" reason="compact to aid heap contraction" />
</gc-op>
<heap-resize id="7042" type="contract" space="tenure" amount="131072" count="1" timems="0.073" reason="excess free space following gc" timestamp="2019-07-02T23:05:46.752" />
<gc-end id="7043" type="global" contextid="7035" durationms="5.528" usertimems="8.000" systemtimems="0.000" timestamp="2019-07-02T23:05:46.752" activeThreads="4">
  <mem-info id="7044" free="9521224" total="15400960" percent="61">
    <mem type="tenure" free="9521224" total="15400960" percent="61">
      <mem type="soa" free="9391176" total="15247360" percent="61" />
      <mem type="loa" free="130048" total="153600" percent="84" />
    </mem>
  </mem-info>
</gc-end>
<cycle-end id="7045" type="global" contextid="7035" timestamp="2019-07-02T23:05:46.752">
  <attribute name="GC Util" value="14" />
  <attribute name="CPU Util" value="34037282764875" />
  <attribute name="Time Running"value="7313"/>
  <attribute name="Number of cores"value="4"/>
</cycle-end>
<allocation-satisfied id="7046" threadId="000000000135F900" bytesRequested="40" />
<af-end id="7047" timestamp="2019-07-02T23:05:46.752" threadId="0000000001360288" success="true" />
<exclusive-end id="7048" timestamp="2019-07-02T23:05:46.752" durationms="6.222" />

<exclusive-start id="7049" timestamp="2019-07-02T23:05:46.757" intervalms="10.695">
  <response-info timems="0.028" idlems="0.028" threads="0" lastid="0000000001358100" lastname="Thread-7" />
</exclusive-start>
<af-start id="7050" threadId="0000000001358A88" totalBytesRequested="40" timestamp="2019-07-02T23:05:46.757" intervalms="10.660" />
<cycle-start id="7051" type="global" contextid="0" timestamp="2019-07-02T23:05:46.757" intervalms="10.623" />
  <attribute name="GC Util" value="14" />
  <attribute name="CPU Util" value="34037282764875" />
  <attribute name="Time Running"value="7313"/>
  <attribute name="Number of cores"value="4"/>
<gc-start id="7052" type="global" contextid="7051" timestamp="2019-07-02T23:05:46.757">
  <mem-info id="7053" free="130048" total="15400960" percent="0">
    <mem type="tenure" free="130048" total="15400960" percent="0">
      <mem type="soa" free="0" total="15247360" percent="0" />
      <mem type="loa" free="130048" total="153600" percent="84" />
    </mem>
  </mem-info>
</gc-start>
<allocation-stats totalBytes="9455296" >
  <allocated-bytes non-tlh="0" tlh="9455296" />
  <largest-consumer threadName="Thread-8" threadId="0000000001354500" bytes="2719344" />
</allocation-stats>
<gc-op id="7054" type="mark" timems="1.792" contextid="7051" timestamp="2019-07-02T23:05:46.759">
  <trace-info objectcount="68627" scancount="61052" scanbytes="2338588" />
  <finalization candidates="124" enqueued="0" />
  <ownableSynchronizers candidates="3" cleared="0" />
  <references type="soft" candidates="84" cleared="0" enqueued="0" dynamicThreshold="19" maxThreshold="32" />
  <references type="weak" candidates="774" cleared="0" enqueued="0" />
  <references type="phantom" candidates="63" cleared="0" enqueued="0" />
  <stringconstants candidates="4574" cleared="0"  />
</gc-op>
<gc-op id="7055" type="sweep" timems="0.697" contextid="7051" timestamp="2019-07-02T23:05:46.760" />
<heap-resize id="7056" type="contract" space="tenure" amount="131072" count="1" timems="0.076" reason="excess free space following gc" timestamp="2019-07-02T23:05:46.760" />
<gc-end id="7057" type="global" contextid="7051" durationms="3.119" usertimems="4.000" systemtimems="0.000" timestamp="2019-07-02T23:05:46.760" activeThreads="4">
  <mem-info id="7058" free="9388728" total="15269888" percent="61">
    <mem type="tenure" free="9388728" total="15269888" percent="61" micro-fragmented="8751" macro-fragmented="35748">
      <mem type="soa" free="9274000" total="15117312" percent="61" />
      <mem type="loa" free="114728" total="152576" percent="75" />
    </mem>
  </mem-info>
</gc-end>
<cycle-end id="7059" type="global" contextid="7051" timestamp="2019-07-02T23:05:46.760">
  <attribute name="GC Util" value="235" />
  <attribute name="CPU Util" value="9778144641599" />
  <attribute name="Time Running"value="7324"/>
  <attribute name="Number of cores"value="4"/>
</cycle-end>
<allocation-satisfied id="7060" threadId="0000000001358100" bytesRequested="40" />
<af-end id="7061" timestamp="2019-07-02T23:05:46.760" threadId="0000000001358A88" success="true" />
<exclusive-end id="7062" timestamp="2019-07-02T23:05:46.760" durationms="3.787" />

<exclusive-start id="7063" timestamp="2019-07-02T23:05:46.765" intervalms="8.046">
  <response-info timems="0.026" idlems="0.026" threads="0" lastid="000000000135F900" lastname="Thread-9" />
</exclusive-start>
<af-start id="7064" threadId="0000000001360288" totalBytesRequested="40" timestamp="2019-07-02T23:05:46.765" intervalms="8.058" />
<cycle-start id="7065" type="global" contextid="0" timestamp="2019-07-02T23:05:46.765" intervalms="8.065" />
  <attribute name="GC Util" value="235" />
  <attribute name="CPU Util" value="9778144641599" />
  <attribute name="Time Running"value="7324"/>
  <attribute name="Number of cores"value="4"/>
<gc-start id="7066" type="global" contextid="7065" timestamp="2019-07-02T23:05:46.765">
  <mem-info id="7067" free="114728" total="15269888" percent="0">
    <mem type="tenure" free="114728" total="15269888" percent="0">
      <mem type="soa" free="0" total="15117312" percent="0" />
      <mem type="loa" free="114728" total="152576" percent="75" />
    </mem>
  </mem-info>
</gc-start>
<allocation-stats totalBytes="9274280" >
  <allocated-bytes non-tlh="0" tlh="9274280" />
  <largest-consumer threadName="Thread-8" threadId="0000000001354500" bytes="2730976" />
</allocation-stats>
<gc-op id="7068" type="mark" timems="1.095" contextid="7065" timestamp="2019-07-02T23:05:46.766">
  <trace-info objectcount="69304" scancount="61736" scanbytes="2355004" />
  <finalization candidates="124" enqueued="0" />
  <ownableSynchronizers candidates="3" cleared="0" />
  <references type="soft" candidates="84" cleared="0" enqueued="0" dynamicThreshold="19" maxThreshold="32" />
  <references type="weak" candidates="774" cleared="0" enqueued="0" />
  <references type="phantom" candidates="63" cleared="0" enqueued="0" />
  <stringconstants candidates="4574" cleared="0"  />
</gc-op>
<gc-op id="7069" type="sweep" timems="0.263" contextid="7065" timestamp="2019-07-02T23:05:46.767" />
<gc-end id="7070" type="global" contextid="7065" durationms="1.748" usertimems="0.000" systemtimems="0.000" timestamp="2019-07-02T23:05:46.767" activeThreads="4">
  <mem-info id="7071" free="9360064" total="15269888" percent="61">
    <mem type="tenure" free="9360064" total="15269888" percent="61" micro-fragmented="8744" macro-fragmented="64344">
      <mem type="soa" free="9245336" total="15117312" percent="61" />
      <mem type="loa" free="114728" total="152576" percent="75" />
    </mem>
  </mem-info>
</gc-end>
<cycle-end id="7072" type="global" contextid="7065" timestamp="2019-07-02T23:05:46.767">
  <attribute name="GC Util" value="206" />
  <attribute name="CPU Util" value="15504670422605" />
  <attribute name="Time Running"value="7331"/>
  <attribute name="Number of cores"value="4"/>
</cycle-end>
<allocation-satisfied id="7073" threadId="000000000135F900" bytesRequested="40" />
<af-end id="7074" timestamp="2019-07-02T23:05:46.767" threadId="0000000001360288" success="true" />
<exclusive-end id="7075" timestamp="2019-07-02T23:05:46.767" durationms="2.555" />

<exclusive-start id="7076" timestamp="2019-07-02T23:05:46.772" intervalms="6.897">
  <response-info timems="0.024" idlems="0.024" threads="0" lastid="000000000135BD00" lastname="Thread-10" />
</exclusive-start>
<af-start id="7077" threadId="000000000135C688" totalBytesRequested="40" timestamp="2019-07-02T23:05:46.772" intervalms="6.887" />
<cycle-start id="7078" type="global" contextid="0" timestamp="2019-07-02T23:05:46.772" intervalms="6.919" />
  <attribute name="GC Util" value="206" />
  <attribute name="CPU Util" value="15504670422605" />
  <attribute name="Time Running"value="7331"/>
  <attribute name="Number of cores"value="4"/>
<gc-start id="7079" type="global" contextid="7078" timestamp="2019-07-02T23:05:46.772">
  <mem-info id="7080" free="114728" total="15269888" percent="0">
    <mem type="tenure" free="114728" total="15269888" percent="0">
      <mem type="soa" free="0" total="15117312" percent="0" />
      <mem type="loa" free="114728" total="152576" percent="75" />
    </mem>
  </mem-info>
</gc-start>
<allocation-stats totalBytes="9242504" >
  <allocated-bytes non-tlh="0" tlh="9242504" />
  <largest-consumer threadName="Thread-9" threadId="000000000135F900" bytes="2563440" />
</allocation-stats>
<gc-op id="7081" type="mark" timems="2.100" contextid="7078" timestamp="2019-07-02T23:05:46.774">
  <trace-info objectcount="69862" scancount="62288" scanbytes="2368020" />
  <finalization candidates="124" enqueued="0" />
  <ownableSynchronizers candidates="3" cleared="0" />
  <references type="soft" candidates="84" cleared="0" enqueued="0" dynamicThreshold="19" maxThreshold="32" />
  <references type="weak" candidates="774" cleared="0" enqueued="0" />
  <references type="phantom" candidates="63" cleared="0" enqueued="0" />
  <stringconstants candidates="4574" cleared="0"  />
</gc-op>
<gc-op id="7082" type="sweep" timems="0.773" contextid="7078" timestamp="2019-07-02T23:05:46.775" />
<gc-end id="7083" type="global" contextid="7078" durationms="3.275" usertimems="4.000" systemtimems="4.000" timestamp="2019-07-02T23:05:46.775" activeThreads="4">
  <mem-info id="7084" free="9320152" total="15269888" percent="61">
    <mem type="tenure" free="9320152" total="15269888" percent="61" micro-fragmented="32965" macro-fragmented="32014">
      <mem type="soa" free="9205424" total="15117312" percent="60" />
      <mem type="loa" free="114728" total="152576" percent="75" />
    </mem>
  </mem-info>
</gc-end>
<cycle-end id="7085" type="global" contextid="7078" timestamp="2019-07-02T23:05:46.775">
  <attribute name="GC Util" value="252" />
  <attribute name="CPU Util" value="8409991125449" />
  <attribute name="Time Running"value="7339"/>
  <attribute name="Number of cores"value="4"/>
</cycle-end>
<allocation-satisfied id="7086" threadId="000000000135BD00" bytesRequested="40" />
<af-end id="7087" timestamp="2019-07-02T23:05:46.776" threadId="000000000135C688" success="true" />
<exclusive-end id="7088" timestamp="2019-07-02T23:05:46.776" durationms="4.133" />

<exclusive-start id="7089" timestamp="2019-07-02T23:05:46.780" intervalms="8.402">
  <response-info timems="0.028" idlems="0.028" threads="0" lastid="000000000135F900" lastname="Thread-9" />
</exclusive-start>
<af-start id="7090" threadId="0000000001360288" totalBytesRequested="40" timestamp="2019-07-02T23:05:46.780" intervalms="8.417" />
<cycle-start id="7091" type="global" contextid="0" timestamp="2019-07-02T23:05:46.780" intervalms="8.411" />
  <attribute name="GC Util" value="252" />
  <attribute name="CPU Util" value="8409991125449" />
  <attribute name="Time Running"value="7339"/>
  <attribute name="Number of cores"value="4"/>
<gc-start id="7092" type="global" contextid="7091" timestamp="2019-07-02T23:05:46.780">
  <mem-info id="7093" free="114728" total="15269888" percent="0">
    <mem type="tenure" free="114728" total="15269888" percent="0">
      <mem type="soa" free="0" total="15117312" percent="0" />
      <mem type="loa" free="114728" total="152576" percent="75" />
    </mem>
  </mem-info>
</gc-start>
<allocation-stats totalBytes="9201376" >
  <allocated-bytes non-tlh="0" tlh="9201376" />
  <largest-consumer threadName="Thread-8" threadId="0000000001354500" bytes="2590616" />
</allocation-stats>
<gc-op id="7094" type="mark" timems="1.117" contextid="7091" timestamp="2019-07-02T23:05:46.782">
  <trace-info objectcount="70841" scancount="63267" scanbytes="2392108" />
  <finalization candidates="124" enqueued="0" />
  <ownableSynchronizers candidates="3" cleared="0" />
  <references type="soft" candidates="84" cleared="0" enqueued="0" dynamicThreshold="19" maxThreshold="32" />
  <references type="weak" candidates="774" cleared="0" enqueued="0" />
  <references type="phantom" candidates="63" cleared="0" enqueued="0" />
  <stringconstants candidates="4574" cleared="0"  />
</gc-op>
<gc-op id="7095" type="sweep" timems="0.301" contextid="7091" timestamp="2019-07-02T23:05:46.782" />
<gc-end id="7096" type="global" contextid="7091" durationms="1.810" usertimems="4.000" systemtimems="0.000" timestamp="2019-07-02T23:05:46.782" activeThreads="4">
  <mem-info id="7097" free="9250656" total="15269888" percent="60">
    <mem type="tenure" free="9250656" total="15269888" percent="60" micro-fragmented="15362" macro-fragmented="15643">
      <mem type="soa" free="9135928" total="15117312" percent="60" />
      <mem type="loa" free="114728" total="152576" percent="75" />
    </mem>
  </mem-info>
</gc-end>
<cycle-end id="7098" type="global" contextid="7091" timestamp="2019-07-02T23:05:46.782">
  <attribute name="GC Util" value="216" />
  <attribute name="CPU Util" value="15262725447340" />
  <attribute name="Time Running"value="7347"/>
  <attribute name="Number of cores"value="4"/>
</cycle-end>
<allocation-satisfied id="7099" threadId="000000000135F900" bytesRequested="40" />
<af-end id="7100" timestamp="2019-07-02T23:05:46.783" threadId="0000000001360288" success="true" />
<exclusive-end id="7101" timestamp="2019-07-02T23:05:46.783" durationms="2.655" />

<exclusive-start id="7102" timestamp="2019-07-02T23:05:46.787" intervalms="7.109">
  <response-info timems="0.023" idlems="0.022" threads="1" lastid="000000000135BD00" lastname="Thread-10" />
</exclusive-start>
<af-start id="7103" threadId="0000000001354E88" totalBytesRequested="40" timestamp="2019-07-02T23:05:46.787" intervalms="7.086" />
<cycle-start id="7104" type="global" contextid="0" timestamp="2019-07-02T23:05:46.787" intervalms="7.047" />
  <attribute name="GC Util" value="216" />
  <attribute name="CPU Util" value="15262725447340" />
  <attribute name="Time Running"value="7347"/>
  <attribute name="Number of cores"value="4"/>
<gc-start id="7105" type="global" contextid="7104" timestamp="2019-07-02T23:05:46.787">
  <mem-info id="7106" free="114728" total="15269888" percent="0">
    <mem type="tenure" free="114728" total="15269888" percent="0">
      <mem type="soa" free="0" total="15117312" percent="0" />
      <mem type="loa" free="114728" total="152576" percent="75" />
    </mem>
  </mem-info>
</gc-start>
<allocation-stats totalBytes="9128352" >
  <allocated-bytes non-tlh="0" tlh="9128352" />
  <largest-consumer threadName="Thread-8" threadId="0000000001354500" bytes="2585768" />
</allocation-stats>
<gc-op id="7107" type="mark" timems="2.234" contextid="7104" timestamp="2019-07-02T23:05:46.790">
  <trace-info objectcount="71208" scancount="63642" scanbytes="2399932" />
  <finalization candidates="124" enqueued="0" />
  <ownableSynchronizers candidates="3" cleared="0" />
  <references type="soft" candidates="84" cleared="0" enqueued="0" dynamicThreshold="19" maxThreshold="32" />
  <references type="weak" candidates="774" cleared="0" enqueued="0" />
  <references type="phantom" candidates="63" cleared="0" enqueued="0" />
  <stringconstants candidates="4574" cleared="0"  />
</gc-op>
<gc-op id="7108" type="sweep" timems="0.775" contextid="7104" timestamp="2019-07-02T23:05:46.791" />
<gc-end id="7109" type="global" contextid="7104" durationms="3.292" usertimems="4.000" systemtimems="4.000" timestamp="2019-07-02T23:05:46.791" activeThreads="4">
  <mem-info id="7110" free="9222856" total="15269888" percent="60">
    <mem type="tenure" free="9222856" total="15269888" percent="60" micro-fragmented="63744" macro-fragmented="0">
      <mem type="soa" free="9108128" total="15117312" percent="60" />
      <mem type="loa" free="114728" total="152576" percent="75" />
    </mem>
  </mem-info>
</gc-end>
<cycle-end id="7111" type="global" contextid="7104" timestamp="2019-07-02T23:05:46.791">
  <attribute name="GC Util" value="259" />
  <attribute name="CPU Util" value="7940555270666" />
  <attribute name="Time Running"value="7355"/>
  <attribute name="Number of cores"value="4"/>
</cycle-end>
<allocation-satisfied id="7112" threadId="0000000001354500" bytesRequested="40" />
<af-end id="7113" timestamp="2019-07-02T23:05:46.791" threadId="0000000001354E88" success="true" />
<exclusive-end id="7114" timestamp="2019-07-02T23:05:46.791" durationms="3.881" />

<exclusive-start id="7115" timestamp="2019-07-02T23:05:46.795" intervalms="8.092">
  <response-info timems="0.028" idlems="0.028" threads="0" lastid="000000000135F900" lastname="Thread-9" />
</exclusive-start>
<af-start id="7116" threadId="0000000001360288" totalBytesRequested="24" timestamp="2019-07-02T23:05:46.795" intervalms="8.111" />
<cycle-start id="7117" type="global" contextid="0" timestamp="2019-07-02T23:05:46.795" intervalms="8.127" />
  <attribute name="GC Util" value="259" />
  <attribute name="CPU Util" value="7940555270666" />
  <attribute name="Time Running"value="7355"/>
  <attribute name="Number of cores"value="4"/>
<gc-start id="7118" type="global" contextid="7117" timestamp="2019-07-02T23:05:46.795">
  <mem-info id="7119" free="114728" total="15269888" percent="0">
    <mem type="tenure" free="114728" total="15269888" percent="0">
      <mem type="soa" free="0" total="15117312" percent="0" />
      <mem type="loa" free="114728" total="152576" percent="75" />
    </mem>
  </mem-info>
</gc-start>
<allocation-stats totalBytes="9099304" >
  <allocated-bytes non-tlh="0" tlh="9099304" />
  <largest-consumer threadName="Thread-8" threadId="0000000001354500" bytes="2436056" />
</allocation-stats>
<gc-op id="7120" type="mark" timems="1.082" contextid="7117" timestamp="2019-07-02T23:05:46.797">
  <trace-info objectcount="72034" scancount="64463" scanbytes="2420388" />
  <finalization candidates="124" enqueued="0" />
  <ownableSynchronizers candidates="3" cleared="0" />
  <references type="soft" candidates="84" cleared="0" enqueued="0" dynamicThreshold="19" maxThreshold="32" />
  <references type="weak" candidates="774" cleared="0" enqueued="0" />
  <references type="phantom" candidates="63" cleared="0" enqueued="0" />
  <stringconstants candidates="4574" cleared="0"  />
</gc-op>
<gc-op id="7121" type="sweep" timems="0.352" contextid="7117" timestamp="2019-07-02T23:05:46.797" />
<heap-resize id="7122" type="expand" space="tenure" amount="1048576" count="1" timems="0.047" reason="excessive time being spent in gc" timestamp="2019-07-02T23:05:46.797" />
<gc-end id="7123" type="global" contextid="7117" durationms="1.882" usertimems="0.000" systemtimems="4.000" timestamp="2019-07-02T23:05:46.797" activeThreads="4">
  <mem-info id="7124" free="10198664" total="16318464" percent="62">
    <mem type="tenure" free="10198664" total="16318464" percent="62" micro-fragmented="65998" macro-fragmented="0">
      <mem type="soa" free="10035848" total="16155648" percent="62" />
      <mem type="loa" free="162816" total="162816" percent="100" />
    </mem>
  </mem-info>
</gc-end>
<cycle-end id="7125" type="global" contextid="7117" timestamp="2019-07-02T23:05:46.797">
  <attribute name="GC Util" value="228" />
  <attribute name="CPU Util" value="16188866282333" />
  <attribute name="Time Running"value="7362"/>
  <attribute name="Number of cores"value="4"/>
</cycle-end>
<allocation-satisfied id="7126" threadId="000000000135F900" bytesRequested="24" />
<af-end id="7127" timestamp="2019-07-02T23:05:46.798" threadId="0000000001360288" success="true" />
<exclusive-end id="7128" timestamp="2019-07-02T23:05:46.798" durationms="2.677" />

<exclusive-start id="7129" timestamp="2019-07-02T23:05:46.802" intervalms="7.298">
  <response-info timems="0.025" idlems="0.025" threads="0" lastid="0000000001354500" lastname="Thread-8" />
</exclusive-start>
<af-start id="7130" threadId="0000000001354E88" totalBytesRequested="40" timestamp="2019-07-02T23:05:46.803" intervalms="7.250" />
<cycle-start id="7131" type="global" contextid="0" timestamp="2019-07-02T23:05:46.803" intervalms="7.192" />
  <attribute name="GC Util" value="228" />
  <attribute name="CPU Util" value="16188866282333" />
  <attribute name="Time Running"value="7362"/>
  <attribute name="Number of cores"value="4"/>
<gc-start id="7132" type="global" contextid="7131" timestamp="2019-07-02T23:05:46.803">
  <mem-info id="7133" free="162816" total="16318464" percent="0">
    <mem type="tenure" free="162816" total="16318464" percent="0">
      <mem type="soa" free="0" total="16155648" percent="0" />
      <mem type="loa" free="162816" total="162816" percent="100" />
    </mem>
  </mem-info>
</gc-start>
<allocation-stats totalBytes="10025712" >
  <allocated-bytes non-tlh="0" tlh="10025712" />
  <largest-consumer threadName="Thread-8" threadId="0000000001354500" bytes="2998728" />
</allocation-stats>
<gc-op id="7134" type="mark" timems="1.916" contextid="7131" timestamp="2019-07-02T23:05:46.805">
  <trace-info objectcount="68120" scancount="60532" scanbytes="2326204" />
  <finalization candidates="124" enqueued="0" />
  <ownableSynchronizers candidates="3" cleared="0" />
  <references type="soft" candidates="84" cleared="0" enqueued="0" dynamicThreshold="19" maxThreshold="32" />
  <references type="weak" candidates="774" cleared="0" enqueued="0" />
  <references type="phantom" candidates="63" cleared="0" enqueued="0" />
  <stringconstants candidates="4574" cleared="0"  />
</gc-op>
<gc-op id="7135" type="sweep" timems="0.859" contextid="7131" timestamp="2019-07-02T23:05:46.806" />
<gc-end id="7136" type="global" contextid="7131" durationms="3.010" usertimems="8.000" systemtimems="0.000" timestamp="2019-07-02T23:05:46.806" activeThreads="4">
  <mem-info id="7137" free="10280256" total="16318464" percent="62">
    <mem type="tenure" free="10280256" total="16318464" percent="62" micro-fragmented="114755" macro-fragmented="0">
      <mem type="soa" free="10117440" total="16155648" percent="62" />
      <mem type="loa" free="162816" total="162816" percent="100" />
    </mem>
  </mem-info>
</gc-end>
<cycle-end id="7138" type="global" contextid="7131" timestamp="2019-07-02T23:05:46.806">
  <attribute name="GC Util" value="254" />
  <attribute name="CPU Util" value="9364119219399" />
  <attribute name="Time Running"value="7370"/>
  <attribute name="Number of cores"value="4"/>
</cycle-end>
<allocation-satisfied id="7139" threadId="0000000001354500" bytesRequested="40" />
<af-end id="7140" timestamp="2019-07-02T23:05:46.806" threadId="0000000001354E88" success="true" />
<exclusive-end id="7141" timestamp="2019-07-02T23:05:46.806" durationms="3.519" />

<exclusive-start id="7142" timestamp="2019-07-02T23:05:46.811" intervalms="8.136">
  <response-info timems="0.028" idlems="0.028" threads="0" lastid="000000000135F900" lastname="Thread-9" />
</exclusive-start>
<af-start id="7143" threadId="0000000001360288" totalBytesRequested="40" timestamp="2019-07-02T23:05:46.811" intervalms="8.194" />
<cycle-start id="7144" type="global" contextid="0" timestamp="2019-07-02T23:05:46.811" intervalms="8.250" />
  <attribute name="GC Util" value="254" />
  <attribute name="CPU Util" value="9364119219399" />
  <attribute name="Time Running"value="7370"/>
  <attribute name="Number of cores"value="4"/>
<gc-start id="7145" type="global" contextid="7144" timestamp="2019-07-02T23:05:46.811">
  <mem-info id="7146" free="162816" total="16318464" percent="0">
    <mem type="tenure" free="162816" total="16318464" percent="0">
      <mem type="soa" free="0" total="16155648" percent="0" />
      <mem type="loa" free="162816" total="162816" percent="100" />
    </mem>
  </mem-info>
</gc-start>
<allocation-stats totalBytes="10126112" >
  <allocated-bytes non-tlh="0" tlh="10126112" />
  <largest-consumer threadName="Thread-10" threadId="000000000135BD00" bytes="2739840" />
</allocation-stats>
<gc-op id="7147" type="mark" timems="1.109" contextid="7144" timestamp="2019-07-02T23:05:46.812">
  <trace-info objectcount="69859" scancount="62289" scanbytes="2368092" />
  <finalization candidates="124" enqueued="0" />
  <ownableSynchronizers candidates="3" cleared="0" />
  <references type="soft" candidates="84" cleared="0" enqueued="0" dynamicThreshold="20" maxThreshold="32" />
  <references type="weak" candidates="774" cleared="0" enqueued="0" />
  <references type="phantom" candidates="63" cleared="0" enqueued="0" />
  <stringconstants candidates="4574" cleared="0"  />
</gc-op>
<gc-op id="7148" type="sweep" timems="0.352" contextid="7144" timestamp="2019-07-02T23:05:46.813" />
<gc-end id="7149" type="global" contextid="7144" durationms="1.735" usertimems="4.000" systemtimems="0.000" timestamp="2019-07-02T23:05:46.813" activeThreads="4">
  <mem-info id="7150" free="10192720" total="16318464" percent="62">
    <mem type="tenure" free="10192720" total="16318464" percent="62" micro-fragmented="115708" macro-fragmented="0">
      <mem type="soa" free="10029904" total="16155648" percent="62" />
      <mem type="loa" free="162816" total="162816" percent="100" />
    </mem>
  </mem-info>
</gc-end>
<cycle-end id="7151" type="global" contextid="7144" timestamp="2019-07-02T23:05:46.813">
  <attribute name="GC Util" value="224" />
  <attribute name="CPU Util" value="15830323596726" />
  <attribute name="Time Running"value="7377"/>
  <attribute name="Number of cores"value="4"/>
</cycle-end>
<allocation-satisfied id="7152" threadId="000000000135F900" bytesRequested="40" />
<af-end id="7153" timestamp="2019-07-02T23:05:46.813" threadId="0000000001360288" success="true" />
<exclusive-end id="7154" timestamp="2019-07-02T23:05:46.813" durationms="2.433" />

<exclusive-start id="7155" timestamp="2019-07-02T23:05:46.818" intervalms="7.120">
  <response-info timems="0.029" idlems="0.029" threads="0" lastid="000000000135F900" lastname="Thread-9" />
</exclusive-start>
<af-start id="7156" threadId="0000000001360288" totalBytesRequested="24" timestamp="2019-07-02T23:05:46.818" intervalms="7.089" />
<cycle-start id="7157" type="global" contextid="0" timestamp="2019-07-02T23:05:46.818" intervalms="7.080" />
  <attribute name="GC Util" value="224" />
  <attribute name="CPU Util" value="15830323596726" />
  <attribute name="Time Running"value="7377"/>
  <attribute name="Number of cores"value="4"/>
<gc-start id="7158" type="global" contextid="7157" timestamp="2019-07-02T23:05:46.818">
  <mem-info id="7159" free="162816" total="16318464" percent="0">
    <mem type="tenure" free="162816" total="16318464" percent="0">
      <mem type="soa" free="0" total="16155648" percent="0" />
      <mem type="loa" free="162816" total="162816" percent="100" />
    </mem>
  </mem-info>
</gc-start>
<allocation-stats totalBytes="10018248" >
  <allocated-bytes non-tlh="0" tlh="10018248" />
  <largest-consumer threadName="Thread-8" threadId="0000000001354500" bytes="2733240" />
</allocation-stats>
<gc-op id="7160" type="mark" timems="1.213" contextid="7157" timestamp="2019-07-02T23:05:46.819">
  <trace-info objectcount="72113" scancount="64543" scanbytes="2421940" />
  <finalization candidates="124" enqueued="0" />
  <ownableSynchronizers candidates="3" cleared="0" />
  <references type="soft" candidates="84" cleared="0" enqueued="0" dynamicThreshold="19" maxThreshold="32" />
  <references type="weak" candidates="774" cleared="0" enqueued="0" />
  <references type="phantom" candidates="63" cleared="0" enqueued="0" />
  <stringconstants candidates="4574" cleared="0"  />
</gc-op>
<gc-op id="7161" type="sweep" timems="0.381" contextid="7157" timestamp="2019-07-02T23:05:46.820" />
<heap-resize id="7162" type="contract" space="tenure" amount="131072" count="1" timems="0.052" reason="excess free space following gc" timestamp="2019-07-02T23:05:46.820" />
<gc-end id="7163" type="global" contextid="7157" durationms="2.179" usertimems="4.000" systemtimems="0.000" timestamp="2019-07-02T23:05:46.820" activeThreads="4">
  <mem-info id="7164" free="9878512" total="16187392" percent="61">
    <mem type="tenure" free="9878512" total="16187392" percent="61" micro-fragmented="134501" macro-fragmented="0">
      <mem type="soa" free="9804888" total="16025600" percent="61" />
      <mem type="loa" free="73624" total="161792" percent="45" />
    </mem>
  </mem-info>
</gc-end>
<cycle-end id="7165" type="global" contextid="7157" timestamp="2019-07-02T23:05:46.820">
  <attribute name="GC Util" value="198" />
  <attribute name="CPU Util" value="14135121633364" />
  <attribute name="Time Running"value="7384"/>
  <attribute name="Number of cores"value="4"/>
</cycle-end>
<allocation-satisfied id="7166" threadId="000000000135F900" bytesRequested="24" />
<af-end id="7167" timestamp="2019-07-02T23:05:46.820" threadId="0000000001360288" success="true" />
<exclusive-end id="7168" timestamp="2019-07-02T23:05:46.821" durationms="2.826" />

<exclusive-start id="7169" timestamp="2019-07-02T23:05:46.825" intervalms="7.439">
  <response-info timems="0.034" idlems="0.033" threads="1" lastid="0000000001354500" lastname="Thread-8" />
</exclusive-start>
<af-start id="7170" threadId="000000000135C688" totalBytesRequested="40" timestamp="2019-07-02T23:05:46.825" intervalms="7.478" />
<cycle-start id="7171" type="global" contextid="0" timestamp="2019-07-02T23:05:46.825" intervalms="7.477" />
  <attribute name="GC Util" value="198" />
  <attribute name="CPU Util" value="14135121633364" />
  <attribute name="Time Running"value="7384"/>
  <attribute name="Number of cores"value="4"/>
<gc-start id="7172" type="global" contextid="7171" timestamp="2019-07-02T23:05:46.825">
  <mem-info id="7173" free="73624" total="16187392" percent="0">
    <mem type="tenure" free="73624" total="16187392" percent="0">
      <mem type="soa" free="0" total="16025600" percent="0" />
      <mem type="loa" free="73624" total="161792" percent="45" />
    </mem>
  </mem-info>
</gc-start>
<allocation-stats totalBytes="9790856" >
  <allocated-bytes non-tlh="0" tlh="9790856" />
  <largest-consumer threadName="Thread-8" threadId="0000000001354500" bytes="2727768" />
</allocation-stats>
<gc-op id="7174" type="mark" timems="2.382" contextid="7171" timestamp="2019-07-02T23:05:46.828">
  <trace-info objectcount="73938" scancount="66372" scanbytes="2465916" />
  <finalization candidates="124" enqueued="0" />
  <ownableSynchronizers candidates="3" cleared="0" />
  <references type="soft" candidates="84" cleared="0" enqueued="0" dynamicThreshold="19" maxThreshold="32" />
  <references type="weak" candidates="774" cleared="0" enqueued="0" />
  <references type="phantom" candidates="63" cleared="0" enqueued="0" />
  <stringconstants candidates="4574" cleared="0"  />
</gc-op>
<gc-op id="7175" type="sweep" timems="0.899" contextid="7171" timestamp="2019-07-02T23:05:46.829" />
<gc-end id="7176" type="global" contextid="7171" durationms="3.515" usertimems="8.000" systemtimems="0.000" timestamp="2019-07-02T23:05:46.829" activeThreads="4">
  <mem-info id="7177" free="9770720" total="16187392" percent="60">
    <mem type="tenure" free="9770720" total="16187392" percent="60" micro-fragmented="170167" macro-fragmented="0">
      <mem type="soa" free="9657440" total="16025600" percent="60" />
      <mem type="loa" free="113280" total="161792" percent="70" />
    </mem>
  </mem-info>
</gc-end>
<cycle-end id="7178" type="global" contextid="7171" timestamp="2019-07-02T23:05:46.829">
  <attribute name="GC Util" value="246" />
  <attribute name="CPU Util" value="7565467673264" />
  <attribute name="Time Running"value="7393"/>
  <attribute name="Number of cores"value="4"/>
</cycle-end>
<allocation-satisfied id="7179" threadId="000000000135BD00" bytesRequested="40" />
<af-end id="7180" timestamp="2019-07-02T23:05:46.829" threadId="000000000135C688" success="true" />
<exclusive-end id="7181" timestamp="2019-07-02T23:05:46.829" durationms="4.028" />

<exclusive-start id="7182" timestamp="2019-07-02T23:05:46.834" intervalms="8.576">
  <response-info timems="0.028" idlems="0.028" threads="0" lastid="0000000001358100" lastname="Thread-7" />
</exclusive-start>
<af-start id="7183" threadId="0000000001358A88" totalBytesRequested="24" timestamp="2019-07-02T23:05:46.834" intervalms="8.551" />
<cycle-start id="7184" type="global" contextid="0" timestamp="2019-07-02T23:05:46.834" intervalms="8.550" />
  <attribute name="GC Util" value="246" />
  <attribute name="CPU Util" value="7565467673264" />
  <attribute name="Time Running"value="7393"/>
  <attribute name="Number of cores"value="4"/>
<gc-start id="7185" type="global" contextid="7184" timestamp="2019-07-02T23:05:46.834">
  <mem-info id="7186" free="113280" total="16187392" percent="0">
    <mem type="tenure" free="113280" total="16187392" percent="0">
      <mem type="soa" free="0" total="16025600" percent="0" />
      <mem type="loa" free="113280" total="161792" percent="70" />
    </mem>
  </mem-info>
</gc-start>
<allocation-stats totalBytes="9639128" >
  <allocated-bytes non-tlh="19056" tlh="9620072" />
  <largest-consumer threadName="Thread-9" threadId="000000000135F900" bytes="2566000" />
</allocation-stats>
<gc-op id="7187" type="mark" timems="1.864" contextid="7184" timestamp="2019-07-02T23:05:46.836">
  <trace-info objectcount="70447" scancount="62879" scanbytes="2382012" />
  <finalization candidates="124" enqueued="0" />
  <ownableSynchronizers candidates="3" cleared="0" />
  <references type="soft" candidates="84" cleared="0" enqueued="0" dynamicThreshold="19" maxThreshold="32" />
  <references type="weak" candidates="774" cleared="0" enqueued="0" />
  <references type="phantom" candidates="63" cleared="0" enqueued="0" />
  <stringconstants candidates="4574" cleared="0"  />
</gc-op>
<gc-op id="7188" type="sweep" timems="0.828" contextid="7184" timestamp="2019-07-02T23:05:46.837" />
<gc-end id="7189" type="global" contextid="7184" durationms="3.011" usertimems="8.000" systemtimems="0.000" timestamp="2019-07-02T23:05:46.837" activeThreads="4">
  <mem-info id="7190" free="9830656" total="16187392" percent="60">
    <mem type="tenure" free="9830656" total="16187392" percent="60" micro-fragmented="131028" macro-fragmented="7788">
      <mem type="soa" free="9717376" total="16025600" percent="60" />
      <mem type="loa" free="113280" total="161792" percent="70" />
    </mem>
  </mem-info>
</gc-end>
<cycle-end id="7191" type="global" contextid="7184" timestamp="2019-07-02T23:05:46.837">
  <attribute name="GC Util" value="241" />
  <attribute name="CPU Util" value="9608274496505" />
  <attribute name="Time Running"value="7401"/>
  <attribute name="Number of cores"value="4"/>
</cycle-end>
<allocation-satisfied id="7192" threadId="0000000001358100" bytesRequested="24" />
<af-end id="7193" timestamp="2019-07-02T23:05:46.837" threadId="0000000001358A88" success="true" />
<exclusive-end id="7194" timestamp="2019-07-02T23:05:46.837" durationms="3.623" />

<exclusive-start id="7195" timestamp="2019-07-02T23:05:46.842" intervalms="8.098">
  <response-info timems="0.021" idlems="0.019" threads="1" lastid="000000000135F900" lastname="Thread-9" />
</exclusive-start>
<af-start id="7196" threadId="000000000135C688" totalBytesRequested="40" timestamp="2019-07-02T23:05:46.842" intervalms="8.089" />
<cycle-start id="7197" type="global" contextid="0" timestamp="2019-07-02T23:05:46.842" intervalms="8.095" />
  <attribute name="GC Util" value="241" />
  <attribute name="CPU Util" value="9608274496505" />
  <attribute name="Time Running"value="7401"/>
  <attribute name="Number of cores"value="4"/>
<gc-start id="7198" type="global" contextid="7197" timestamp="2019-07-02T23:05:46.842">
  <mem-info id="7199" free="113280" total="16187392" percent="0">
    <mem type="tenure" free="113280" total="16187392" percent="0">
      <mem type="soa" free="0" total="16025600" percent="0" />
      <mem type="loa" free="113280" total="161792" percent="70" />
    </mem>
  </mem-info>
</gc-start>
<allocation-stats totalBytes="9764576" >
  <allocated-bytes non-tlh="23160" tlh="9741416" />
  <largest-consumer threadName="Thread-9" threadId="000000000135F900" bytes="2817944" />
</allocation-stats>
<gc-op id="7200" type="mark" timems="1.863" contextid="7197" timestamp="2019-07-02T23:05:46.844">
  <trace-info objectcount="66822" scancount="59242" scanbytes="2295804" />
  <finalization candidates="124" enqueued="0" />
  <ownableSynchronizers candidates="3" cleared="0" />
  <references type="soft" candidates="84" cleared="0" enqueued="0" dynamicThreshold="19" maxThreshold="32" />
  <references type="weak" candidates="774" cleared="0" enqueued="0" />
  <references type="phantom" candidates="63" cleared="0" enqueued="0" />
  <stringconstants candidates="4574" cleared="0"  />
</gc-op>
<gc-op id="7201" type="sweep" timems="0.889" contextid="7197" timestamp="2019-07-02T23:05:46.845" />
<heap-resize id="7202" type="contract" space="tenure" amount="65536" count="1" timems="0.093" reason="excess free space following gc" timestamp="2019-07-02T23:05:46.845" />
<gc-end id="7203" type="global" contextid="7197" durationms="3.448" usertimems="4.000" systemtimems="4.000" timestamp="2019-07-02T23:05:46.846" activeThreads="4">
  <mem-info id="7204" free="10080408" total="16121856" percent="62">
    <mem type="tenure" free="10080408" total="16121856" percent="62" micro-fragmented="79809" macro-fragmented="58340">
      <mem type="soa" free="10080408" total="15961088" percent="63" />
      <mem type="loa" free="0" total="160768" percent="0" />
    </mem>
  </mem-info>
</gc-end>
<cycle-end id="7205" type="global" contextid="7197" timestamp="2019-07-02T23:05:46.846">
  <attribute name="GC Util" value="231" />
  <attribute name="CPU Util" value="9570652521372" />
  <attribute name="Time Running"value="7409"/>
  <attribute name="Number of cores"value="4"/>
</cycle-end>
<allocation-satisfied id="7206" threadId="000000000135BD00" bytesRequested="40" />
<af-end id="7207" timestamp="2019-07-02T23:05:46.846" threadId="000000000135C688" success="true" />
<exclusive-end id="7208" timestamp="2019-07-02T23:05:46.846" durationms="4.227" />

<exclusive-start id="7209" timestamp="2019-07-02T23:05:46.851" intervalms="8.940">
  <response-info timems="0.022" idlems="0.022" threads="0" lastid="0000000001358100" lastname="Thread-7" />
</exclusive-start>
<af-start id="7210" threadId="0000000001358A88" totalBytesRequested="40" timestamp="2019-07-02T23:05:46.851" intervalms="8.911" />
<cycle-start id="7211" type="global" contextid="0" timestamp="2019-07-02T23:05:46.851" intervalms="8.947" />
  <attribute name="GC Util" value="231" />
  <attribute name="CPU Util" value="9570652521372" />
  <attribute name="Time Running"value="7409"/>
  <attribute name="Number of cores"value="4"/>
<gc-start id="7212" type="global" contextid="7211" timestamp="2019-07-02T23:05:46.851">
  <mem-info id="7213" free="0" total="16121856" percent="0">
    <mem type="tenure" free="0" total="16121856" percent="0">
      <mem type="soa" free="0" total="15961088" percent="0" />
      <mem type="loa" free="0" total="160768" percent="0" />
    </mem>
  </mem-info>
</gc-start>
<allocation-stats totalBytes="10066760" >
  <allocated-bytes non-tlh="0" tlh="10066760" />
  <largest-consumer threadName="Thread-8" threadId="0000000001354500" bytes="2787424" />
</allocation-stats>
<gc-op id="7214" type="mark" timems="1.988" contextid="7211" timestamp="2019-07-02T23:05:46.853">
  <trace-info objectcount="67359" scancount="59795" scanbytes="2308444" />
  <finalization candidates="124" enqueued="0" />
  <ownableSynchronizers candidates="3" cleared="0" />
  <references type="soft" candidates="84" cleared="0" enqueued="0" dynamicThreshold="20" maxThreshold="32" />
  <references type="weak" candidates="774" cleared="0" enqueued="0" />
  <references type="phantom" candidates="63" cleared="0" enqueued="0" />
  <stringconstants candidates="4574" cleared="0"  />
</gc-op>
<gc-op id="7215" type="sweep" timems="0.843" contextid="7211" timestamp="2019-07-02T23:05:46.854" />
<mem-info id="7216" free="10016392" total="16121856" percent="62">
  <mem type="tenure" free="10016392" total="16121856" percent="62" micro-fragmented="68553" macro-fragmented="23409">
    <mem type="soa" free="10016392" total="15961088" percent="62" />
    <mem type="loa" free="0" total="160768" percent="0" />
  </mem>
</mem-info>
<gc-op id="7217" type="compact" timems="5.527" contextid="7211" timestamp="2019-07-02T23:05:46.860">
  <compact-info movecount="27618" movebytes="1214112" reason="compact to aid heap contraction" />
</gc-op>
<heap-resize id="7218" type="contract" space="tenure" amount="131072" count="1" timems="0.073" reason="excess free space following gc" timestamp="2019-07-02T23:05:46.860" />
<gc-end id="7219" type="global" contextid="7211" durationms="9.375" usertimems="16.000" systemtimems="0.000" timestamp="2019-07-02T23:05:46.861" activeThreads="4">
  <mem-info id="7220" free="10117728" total="15990784" percent="63">
    <mem type="tenure" free="10117728" total="15990784" percent="63">
      <mem type="soa" free="9987680" total="15831040" percent="63" />
      <mem type="loa" free="130048" total="159744" percent="81" />
    </mem>
  </mem-info>
</gc-end>
<cycle-end id="7221" type="global" contextid="7211" timestamp="2019-07-02T23:05:46.861">
  <attribute name="GC Util" value="130" />
  <attribute name="CPU Util" value="15988274623112" />
  <attribute name="Time Running"value="7419"/>
  <attribute name="Number of cores"value="4"/>
</cycle-end>
<allocation-satisfied id="7222" threadId="0000000001358100" bytesRequested="40" />
<af-end id="7223" timestamp="2019-07-02T23:05:46.861" threadId="0000000001358A88" success="true" />
<exclusive-end id="7224" timestamp="2019-07-02T23:05:46.861" durationms="10.235" />

<exclusive-start id="7225" timestamp="2019-07-02T23:05:46.865" intervalms="14.475">
  <response-info timems="0.026" idlems="0.026" threads="0" lastid="000000000135F900" lastname="Thread-9" />
</exclusive-start>
<af-start id="7226" threadId="0000000001360288" totalBytesRequested="24" timestamp="2019-07-02T23:05:46.865" intervalms="14.522" />
<cycle-start id="7227" type="global" contextid="0" timestamp="2019-07-02T23:05:46.866" intervalms="14.510" />
  <attribute name="GC Util" value="130" />
  <attribute name="CPU Util" value="15988274623112" />
  <attribute name="Time Running"value="7419"/>
  <attribute name="Number of cores"value="4"/>
<gc-start id="7228" type="global" contextid="7227" timestamp="2019-07-02T23:05:46.866">
  <mem-info id="7229" free="130048" total="15990784" percent="0">
    <mem type="tenure" free="130048" total="15990784" percent="0">
      <mem type="soa" free="0" total="15831040" percent="0" />
      <mem type="loa" free="130048" total="159744" percent="81" />
    </mem>
  </mem-info>
</gc-start>
<allocation-stats totalBytes="10051608" >
  <allocated-bytes non-tlh="0" tlh="10051608" />
  <largest-consumer threadName="Thread-10" threadId="000000000135BD00" bytes="2810984" />
</allocation-stats>
<gc-op id="7230" type="mark" timems="1.142" contextid="7227" timestamp="2019-07-02T23:05:46.867">
  <trace-info objectcount="67912" scancount="60328" scanbytes="2321740" />
  <finalization candidates="124" enqueued="0" />
  <ownableSynchronizers candidates="3" cleared="0" />
  <references type="soft" candidates="84" cleared="0" enqueued="0" dynamicThreshold="20" maxThreshold="32" />
  <references type="weak" candidates="774" cleared="0" enqueued="0" />
  <references type="phantom" candidates="63" cleared="0" enqueued="0" />
  <stringconstants candidates="4574" cleared="0"  />
</gc-op>
<gc-op id="7231" type="sweep" timems="0.232" contextid="7227" timestamp="2019-07-02T23:05:46.867" />
<heap-resize id="7232" type="contract" space="tenure" amount="131072" count="1" timems="0.089" reason="excess free space following gc" timestamp="2019-07-02T23:05:46.868" />
<gc-end id="7233" type="global" contextid="7227" durationms="2.088" usertimems="4.000" systemtimems="0.000" timestamp="2019-07-02T23:05:46.868" activeThreads="4">
  <mem-info id="7234" free="9878392" total="15859712" percent="62">
    <mem type="tenure" free="9878392" total="15859712" percent="62" micro-fragmented="7444" macro-fragmented="58392">
      <mem type="soa" free="9878392" total="15702016" percent="62" />
      <mem type="loa" free="0" total="157696" percent="0" />
    </mem>
  </mem-info>
</gc-end>
<cycle-end id="7235" type="global" contextid="7227" timestamp="2019-07-02T23:05:46.868">
  <attribute name="GC Util" value="200" />
  <attribute name="CPU Util" value="15010935623796" />
  <attribute name="Time Running"value="7432"/>
  <attribute name="Number of cores"value="4"/>
</cycle-end>
<allocation-satisfied id="7236" threadId="000000000135F900" bytesRequested="24" />
<af-end id="7237" timestamp="2019-07-02T23:05:46.868" threadId="0000000001360288" success="true" />
<exclusive-end id="7238" timestamp="2019-07-02T23:05:46.868" durationms="2.840" />

<exclusive-start id="7239" timestamp="2019-07-02T23:05:46.873" intervalms="7.294">
  <response-info timems="0.028" idlems="0.028" threads="0" lastid="0000000001358100" lastname="Thread-7" />
</exclusive-start>
<af-start id="7240" threadId="0000000001358A88" totalBytesRequested="24" timestamp="2019-07-02T23:05:46.873" intervalms="7.280" />
<cycle-start id="7241" type="global" contextid="0" timestamp="2019-07-02T23:05:46.873" intervalms="7.292" />
  <attribute name="GC Util" value="200" />
  <attribute name="CPU Util" value="15010935623796" />
  <attribute name="Time Running"value="7432"/>
  <attribute name="Number of cores"value="4"/>
<gc-start id="7242" type="global" contextid="7241" timestamp="2019-07-02T23:05:46.873">
  <mem-info id="7243" free="0" total="15859712" percent="0">
    <mem type="tenure" free="0" total="15859712" percent="0">
      <mem type="soa" free="0" total="15702016" percent="0" />
      <mem type="loa" free="0" total="157696" percent="0" />
    </mem>
  </mem-info>
</gc-start>
<allocation-stats totalBytes="9877560" >
  <allocated-bytes non-tlh="0" tlh="9877560" />
  <largest-consumer threadName="Thread-9" threadId="000000000135F900" bytes="2560856" />
</allocation-stats>
<gc-op id="7244" type="mark" timems="1.932" contextid="7241" timestamp="2019-07-02T23:05:46.875">
  <trace-info objectcount="68576" scancount="61010" scanbytes="2337668" />
  <finalization candidates="124" enqueued="0" />
  <ownableSynchronizers candidates="3" cleared="0" />
  <references type="soft" candidates="84" cleared="0" enqueued="0" dynamicThreshold="19" maxThreshold="32" />
  <references type="weak" candidates="774" cleared="0" enqueued="0" />
  <references type="phantom" candidates="63" cleared="0" enqueued="0" />
  <stringconstants candidates="4574" cleared="0"  />
</gc-op>
<gc-op id="7245" type="sweep" timems="0.750" contextid="7241" timestamp="2019-07-02T23:05:46.876" />
<mem-info id="7246" free="9823296" total="15859712" percent="61">
  <mem type="tenure" free="9823296" total="15859712" percent="61" micro-fragmented="8755" macro-fragmented="84348">
    <mem type="soa" free="9823296" total="15702016" percent="62" />
    <mem type="loa" free="0" total="157696" percent="0" />
  </mem>
</mem-info>
<gc-op id="7247" type="compact" timems="6.411" contextid="7241" timestamp="2019-07-02T23:05:46.882">
  <compact-info movecount="28706" movebytes="1240240" reason="compact to aid heap contraction" />
</gc-op>
<heap-resize id="7248" type="contract" space="tenure" amount="131072" count="1" timems="0.064" reason="excess free space following gc" timestamp="2019-07-02T23:05:46.883" />
<gc-end id="7249" type="global" contextid="7241" durationms="9.945" usertimems="8.000" systemtimems="8.000" timestamp="2019-07-02T23:05:46.883" activeThreads="4">
  <mem-info id="7250" free="9829432" total="15728640" percent="62">
    <mem type="tenure" free="9829432" total="15728640" percent="62">
      <mem type="soa" free="9699384" total="15571968" percent="62" />
      <mem type="loa" free="130048" total="156672" percent="83" />
    </mem>
  </mem-info>
</gc-end>
<cycle-end id="7251" type="global" contextid="7241" timestamp="2019-07-02T23:05:46.883">
  <attribute name="GC Util" value="147" />
  <attribute name="CPU Util" value="18010300044147" />
  <attribute name="Time Running"value="7441"/>
  <attribute name="Number of cores"value="4"/>
</cycle-end>
<allocation-satisfied id="7252" threadId="0000000001358100" bytesRequested="24" />
<af-end id="7253" timestamp="2019-07-02T23:05:46.883" threadId="0000000001358A88" success="true" />
<exclusive-end id="7254" timestamp="2019-07-02T23:05:46.883" durationms="10.753" />

<exclusive-start id="7255" timestamp="2019-07-02T23:05:46.887" intervalms="14.876">
  <response-info timems="0.021" idlems="0.021" threads="0" lastid="0000000001358100" lastname="Thread-7" />
</exclusive-start>
<af-start id="7256" threadId="0000000001358A88" totalBytesRequested="40" timestamp="2019-07-02T23:05:46.888" intervalms="14.870" />
<cycle-start id="7257" type="global" contextid="0" timestamp="2019-07-02T23:05:46.888" intervalms="14.830" />
  <attribute name="GC Util" value="147" />
  <attribute name="CPU Util" value="18010300044147" />
  <attribute name="Time Running"value="7441"/>
  <attribute name="Number of cores"value="4"/>
<gc-start id="7258" type="global" contextid="7257" timestamp="2019-07-02T23:05:46.888">
  <mem-info id="7259" free="130048" total="15728640" percent="0">
    <mem type="tenure" free="130048" total="15728640" percent="0">
      <mem type="soa" free="0" total="15571968" percent="0" />
      <mem type="loa" free="130048" total="156672" percent="83" />
    </mem>
  </mem-info>
</gc-start>
<allocation-stats totalBytes="9762768" >
  <allocated-bytes non-tlh="0" tlh="9762768" />
  <largest-consumer threadName="Thread-8" threadId="0000000001354500" bytes="3046856" />
</allocation-stats>
<gc-op id="7260" type="mark" timems="2.247" contextid="7257" timestamp="2019-07-02T23:05:46.890">
  <trace-info objectcount="64463" scancount="56888" scanbytes="2238988" />
  <finalization candidates="124" enqueued="0" />
  <ownableSynchronizers candidates="3" cleared="0" />
  <references type="soft" candidates="84" cleared="0" enqueued="0" dynamicThreshold="19" maxThreshold="32" />
  <references type="weak" candidates="774" cleared="0" enqueued="0" />
  <references type="phantom" candidates="63" cleared="0" enqueued="0" />
  <stringconstants candidates="4574" cleared="0"  />
</gc-op>
<gc-op id="7261" type="sweep" timems="0.948" contextid="7257" timestamp="2019-07-02T23:05:46.891" />
<heap-resize id="7262" type="contract" space="tenure" amount="131072" count="1" timems="0.072" reason="excess free space following gc" timestamp="2019-07-02T23:05:46.891" />
<gc-end id="7263" type="global" contextid="7257" durationms="3.715" usertimems="8.000" systemtimems="0.000" timestamp="2019-07-02T23:05:46.891" activeThreads="4">
  <mem-info id="7264" free="9606440" total="15597568" percent="61">
    <mem type="tenure" free="9606440" total="15597568" percent="61" micro-fragmented="94976" macro-fragmented="0">
      <mem type="soa" free="9606440" total="15441920" percent="62" />
      <mem type="loa" free="0" total="155648" percent="0" />
    </mem>
  </mem-info>
</gc-end>
<cycle-end id="7265" type="global" contextid="7257" timestamp="2019-07-02T23:05:46.892">
  <attribute name="GC Util" value="249" />
  <attribute name="CPU Util" value="7864362752457" />
  <attribute name="Time Running"value="7455"/>
  <attribute name="Number of cores"value="4"/>
</cycle-end>
<allocation-satisfied id="7266" threadId="0000000001358100" bytesRequested="40" />
<af-end id="7267" timestamp="2019-07-02T23:05:46.892" threadId="0000000001358A88" success="true" />
<exclusive-end id="7268" timestamp="2019-07-02T23:05:46.892" durationms="4.298" />

<exclusive-start id="7269" timestamp="2019-07-02T23:05:46.899" intervalms="11.116">
  <response-info timems="0.018" idlems="0.018" threads="0" lastid="000000000135BD00" lastname="Thread-10" />
</exclusive-start>
<af-start id="7270" threadId="000000000135C688" totalBytesRequested="24" timestamp="2019-07-02T23:05:46.899" intervalms="11.120" />
<cycle-start id="7271" type="global" contextid="0" timestamp="2019-07-02T23:05:46.899" intervalms="11.125" />
  <attribute name="GC Util" value="249" />
  <attribute name="CPU Util" value="7864362752457" />
  <attribute name="Time Running"value="7455"/>
  <attribute name="Number of cores"value="4"/>
<gc-start id="7272" type="global" contextid="7271" timestamp="2019-07-02T23:05:46.899">
  <mem-info id="7273" free="0" total="15597568" percent="0">
    <mem type="tenure" free="0" total="15597568" percent="0">
      <mem type="soa" free="0" total="15441920" percent="0" />
      <mem type="loa" free="0" total="155648" percent="0" />
    </mem>
  </mem-info>
</gc-start>
<allocation-stats totalBytes="9604904" >
  <allocated-bytes non-tlh="0" tlh="9604904" />
  <largest-consumer threadName="Thread-9" threadId="000000000135F900" bytes="3314624" />
</allocation-stats>
<gc-op id="7274" type="mark" timems="1.968" contextid="7271" timestamp="2019-07-02T23:05:46.901">
  <trace-info objectcount="65094" scancount="57502" scanbytes="2254212" />
  <finalization candidates="124" enqueued="0" />
  <ownableSynchronizers candidates="3" cleared="0" />
  <references type="soft" candidates="84" cleared="0" enqueued="0" dynamicThreshold="19" maxThreshold="32" />
  <references type="weak" candidates="774" cleared="0" enqueued="0" />
  <references type="phantom" candidates="63" cleared="0" enqueued="0" />
  <stringconstants candidates="4574" cleared="0"  />
</gc-op>
<gc-op id="7275" type="sweep" timems="0.601" contextid="7271" timestamp="2019-07-02T23:05:46.902" />
<heap-resize id="7276" type="contract" space="tenure" amount="65536" count="1" timems="0.085" reason="excess free space following gc" timestamp="2019-07-02T23:05:46.902" />
<gc-end id="7277" type="global" contextid="7271" durationms="3.291" usertimems="4.000" systemtimems="0.000" timestamp="2019-07-02T23:05:46.902" activeThreads="4">
  <mem-info id="7278" free="9566952" total="15532032" percent="61">
    <mem type="tenure" free="9566952" total="15532032" percent="61" micro-fragmented="103090" macro-fragmented="0">
      <mem type="soa" free="9478040" total="15377408" percent="61" />
      <mem type="loa" free="88912" total="154624" percent="57" />
    </mem>
  </mem-info>
</gc-end>
<cycle-end id="7279" type="global" contextid="7271" timestamp="2019-07-02T23:05:46.902">
  <attribute name="GC Util" value="243" />
  <attribute name="CPU Util" value="8929942830424" />
  <attribute name="Time Running"value="7466"/>
  <attribute name="Number of cores"value="4"/>
</cycle-end>
<allocation-satisfied id="7280" threadId="000000000135BD00" bytesRequested="24" />
<af-end id="7281" timestamp="2019-07-02T23:05:46.903" threadId="000000000135C688" success="true" />
<exclusive-end id="7282" timestamp="2019-07-02T23:05:46.903" durationms="4.134" />

<exclusive-start id="7283" timestamp="2019-07-02T23:05:46.909" intervalms="10.679">
  <response-info timems="0.028" idlems="0.028" threads="0" lastid="000000000135F900" lastname="Thread-9" />
</exclusive-start>
<af-start id="7284" threadId="0000000001360288" totalBytesRequested="24" timestamp="2019-07-02T23:05:46.909" intervalms="10.692" />
<cycle-start id="7285" type="global" contextid="0" timestamp="2019-07-02T23:05:46.909" intervalms="10.707" />
  <attribute name="GC Util" value="243" />
  <attribute name="CPU Util" value="8929942830424" />
  <attribute name="Time Running"value="7466"/>
  <attribute name="Number of cores"value="4"/>
<gc-start id="7286" type="global" contextid="7285" timestamp="2019-07-02T23:05:46.910">
  <mem-info id="7287" free="88912" total="15532032" percent="0">
    <mem type="tenure" free="88912" total="15532032" percent="0">
      <mem type="soa" free="0" total="15377408" percent="0" />
      <mem type="loa" free="88912" total="154624" percent="57" />
    </mem>
  </mem-info>
</gc-start>
<allocation-stats totalBytes="9474632" >
  <allocated-bytes non-tlh="0" tlh="9474632" />
  <largest-consumer threadName="Thread-7" threadId="0000000001358100" bytes="3267024" />
</allocation-stats>
<gc-op id="7288" type="mark" timems="1.204" contextid="7285" timestamp="2019-07-02T23:05:46.911">
  <trace-info objectcount="65764" scancount="58182" scanbytes="2270364" />
  <finalization candidates="124" enqueued="0" />
  <ownableSynchronizers candidates="3" cleared="0" />
  <references type="soft" candidates="84" cleared="0" enqueued="0" dynamicThreshold="19" maxThreshold="32" />
  <references type="weak" candidates="774" cleared="0" enqueued="0" />
  <references type="phantom" candidates="63" cleared="0" enqueued="0" />
  <stringconstants candidates="4574" cleared="0"  />
</gc-op>
<gc-op id="7289" type="sweep" timems="0.353" contextid="7285" timestamp="2019-07-02T23:05:46.911" />
<gc-end id="7290" type="global" contextid="7285" durationms="2.061" usertimems="4.000" systemtimems="0.000" timestamp="2019-07-02T23:05:46.912" activeThreads="4">
  <mem-info id="7291" free="9512088" total="15532032" percent="61">
    <mem type="tenure" free="9512088" total="15532032" percent="61" micro-fragmented="112598" macro-fragmented="0">
      <mem type="soa" free="9409712" total="15377408" percent="61" />
      <mem type="loa" free="102376" total="154624" percent="66" />
    </mem>
  </mem-info>
</gc-end>
<cycle-end id="7292" type="global" contextid="7285" timestamp="2019-07-02T23:05:46.912">
  <attribute name="GC Util" value="187" />
  <attribute name="CPU Util" value="14200759233751" />
  <attribute name="Time Running"value="7476"/>
  <attribute name="Number of cores"value="4"/>
</cycle-end>
<allocation-satisfied id="7293" threadId="000000000135F900" bytesRequested="24" />
<af-end id="7294" timestamp="2019-07-02T23:05:46.912" threadId="0000000001360288" success="true" />
<exclusive-end id="7295" timestamp="2019-07-02T23:05:46.912" durationms="2.803" />

<exclusive-start id="7296" timestamp="2019-07-02T23:05:46.918" intervalms="8.953">
  <response-info timems="0.056" idlems="0.056" threads="0" lastid="000000000135BD00" lastname="Thread-10" />
</exclusive-start>
<af-start id="7297" threadId="000000000135C688" totalBytesRequested="40" timestamp="2019-07-02T23:05:46.918" intervalms="8.961" />
<cycle-start id="7298" type="global" contextid="0" timestamp="2019-07-02T23:05:46.918" intervalms="8.968" />
  <attribute name="GC Util" value="187" />
  <attribute name="CPU Util" value="14200759233751" />
  <attribute name="Time Running"value="7476"/>
  <attribute name="Number of cores"value="4"/>
<gc-start id="7299" type="global" contextid="7298" timestamp="2019-07-02T23:05:46.919">
  <mem-info id="7300" free="102376" total="15532032" percent="0">
    <mem type="tenure" free="102376" total="15532032" percent="0">
      <mem type="soa" free="0" total="15377408" percent="0" />
      <mem type="loa" free="102376" total="154624" percent="66" />
    </mem>
  </mem-info>
</gc-start>
<allocation-stats totalBytes="9403768" >
  <allocated-bytes non-tlh="0" tlh="9403768" />
  <largest-consumer threadName="Thread-8" threadId="0000000001354500" bytes="3491280" />
</allocation-stats>
<gc-op id="7301" type="mark" timems="2.052" contextid="7298" timestamp="2019-07-02T23:05:46.921">
  <trace-info objectcount="66278" scancount="58690" scanbytes="2282980" />
  <finalization candidates="124" enqueued="0" />
  <ownableSynchronizers candidates="3" cleared="0" />
  <references type="soft" candidates="84" cleared="0" enqueued="0" dynamicThreshold="19" maxThreshold="32" />
  <references type="weak" candidates="774" cleared="0" enqueued="0" />
  <references type="phantom" candidates="63" cleared="0" enqueued="0" />
  <stringconstants candidates="4574" cleared="0"  />
</gc-op>
<gc-op id="7302" type="sweep" timems="0.665" contextid="7298" timestamp="2019-07-02T23:05:46.922" />
<gc-end id="7303" type="global" contextid="7298" durationms="3.221" usertimems="4.000" systemtimems="0.000" timestamp="2019-07-02T23:05:46.922" activeThreads="4">
  <mem-info id="7304" free="9447632" total="15532032" percent="60">
    <mem type="tenure" free="9447632" total="15532032" percent="60" micro-fragmented="149240" macro-fragmented="0">
      <mem type="soa" free="9345256" total="15377408" percent="60" />
      <mem type="loa" free="102376" total="154624" percent="66" />
    </mem>
  </mem-info>
</gc-end>
<cycle-end id="7305" type="global" contextid="7298" timestamp="2019-07-02T23:05:46.922">
  <attribute name="GC Util" value="226" />
  <attribute name="CPU Util" value="8591429242908" />
  <attribute name="Time Running"value="7486"/>
  <attribute name="Number of cores"value="4"/>
</cycle-end>
<allocation-satisfied id="7306" threadId="000000000135BD00" bytesRequested="40" />
<af-end id="7307" timestamp="2019-07-02T23:05:46.922" threadId="000000000135C688" success="true" />
<exclusive-end id="7308" timestamp="2019-07-02T23:05:46.922" durationms="4.166" />

<exclusive-start id="7309" timestamp="2019-07-02T23:05:46.929" intervalms="10.704">
  <response-info timems="0.083" idlems="0.083" threads="0" lastid="000000000135BD00" lastname="Thread-10" />
</exclusive-start>
<af-start id="7310" threadId="000000000135C688" totalBytesRequested="40" timestamp="2019-07-02T23:05:46.929" intervalms="10.678" />
<cycle-start id="7311" type="global" contextid="0" timestamp="2019-07-02T23:05:46.929" intervalms="10.651" />
  <attribute name="GC Util" value="226" />
  <attribute name="CPU Util" value="8591429242908" />
  <attribute name="Time Running"value="7486"/>
  <attribute name="Number of cores"value="4"/>
<gc-start id="7312" type="global" contextid="7311" timestamp="2019-07-02T23:05:46.929">
  <mem-info id="7313" free="102376" total="15532032" percent="0">
    <mem type="tenure" free="102376" total="15532032" percent="0">
      <mem type="soa" free="0" total="15377408" percent="0" />
      <mem type="loa" free="102376" total="154624" percent="66" />
    </mem>
  </mem-info>
</gc-start>
<allocation-stats totalBytes="9336776" >
  <allocated-bytes non-tlh="0" tlh="9336776" />
  <largest-consumer threadName="Thread-10" threadId="000000000135BD00" bytes="3098152" />
</allocation-stats>
<gc-op id="7314" type="mark" timems="2.009" contextid="7311" timestamp="2019-07-02T23:05:46.931">
  <trace-info objectcount="66874" scancount="59300" scanbytes="2297348" />
  <finalization candidates="124" enqueued="0" />
  <ownableSynchronizers candidates="3" cleared="0" />
  <references type="soft" candidates="84" cleared="0" enqueued="0" dynamicThreshold="19" maxThreshold="32" />
  <references type="weak" candidates="774" cleared="0" enqueued="0" />
  <references type="phantom" candidates="63" cleared="0" enqueued="0" />
  <stringconstants candidates="4574" cleared="0"  />
</gc-op>
<gc-op id="7315" type="sweep" timems="0.797" contextid="7311" timestamp="2019-07-02T23:05:46.932" />
<gc-end id="7316" type="global" contextid="7311" durationms="3.216" usertimems="8.000" systemtimems="0.000" timestamp="2019-07-02T23:05:46.932" activeThreads="4">
  <mem-info id="7317" free="9371272" total="15532032" percent="60">
    <mem type="tenure" free="9371272" total="15532032" percent="60" micro-fragmented="151257" macro-fragmented="0">
      <mem type="soa" free="9268896" total="15377408" percent="60" />
      <mem type="loa" free="102376" total="154624" percent="66" />
    </mem>
  </mem-info>
</gc-end>
<cycle-end id="7318" type="global" contextid="7311" timestamp="2019-07-02T23:05:46.933">
  <attribute name="GC Util" value="251" />
  <attribute name="CPU Util" value="8756376736419" />
  <attribute name="Time Running"value="7496"/>
  <attribute name="Number of cores"value="4"/>
</cycle-end>
<allocation-satisfied id="7319" threadId="000000000135BD00" bytesRequested="40" />
<af-end id="7320" timestamp="2019-07-02T23:05:46.933" threadId="000000000135C688" success="true" />
<exclusive-end id="7321" timestamp="2019-07-02T23:05:46.933" durationms="4.003" />

<exclusive-start id="7322" timestamp="2019-07-02T23:05:46.939" intervalms="10.379">
  <response-info timems="0.066" idlems="0.066" threads="0" lastid="000000000135F900" lastname="Thread-9" />
</exclusive-start>
<af-start id="7323" threadId="0000000001360288" totalBytesRequested="40" timestamp="2019-07-02T23:05:46.939" intervalms="10.395" />
<cycle-start id="7324" type="global" contextid="0" timestamp="2019-07-02T23:05:46.940" intervalms="10.423" />
  <attribute name="GC Util" value="251" />
  <attribute name="CPU Util" value="8756376736419" />
  <attribute name="Time Running"value="7496"/>
  <attribute name="Number of cores"value="4"/>
<gc-start id="7325" type="global" contextid="7324" timestamp="2019-07-02T23:05:46.940">
  <mem-info id="7326" free="102376" total="15532032" percent="0">
    <mem type="tenure" free="102376" total="15532032" percent="0">
      <mem type="soa" free="0" total="15377408" percent="0" />
      <mem type="loa" free="102376" total="154624" percent="66" />
    </mem>
  </mem-info>
</gc-start>
<allocation-stats totalBytes="9259456" >
  <allocated-bytes non-tlh="0" tlh="9259456" />
  <largest-consumer threadName="Thread-7" threadId="0000000001358100" bytes="3322472" />
</allocation-stats>
<gc-op id="7327" type="mark" timems="1.141" contextid="7324" timestamp="2019-07-02T23:05:46.941">
  <trace-info objectcount="67426" scancount="59861" scanbytes="2310580" />
  <finalization candidates="124" enqueued="0" />
  <ownableSynchronizers candidates="3" cleared="0" />
  <references type="soft" candidates="84" cleared="0" enqueued="0" dynamicThreshold="19" maxThreshold="32" />
  <references type="weak" candidates="774" cleared="0" enqueued="0" />
  <references type="phantom" candidates="63" cleared="0" enqueued="0" />
  <stringconstants candidates="4574" cleared="0"  />
</gc-op>
<gc-op id="7328" type="sweep" timems="0.385" contextid="7324" timestamp="2019-07-02T23:05:46.942" />
<heap-resize id="7329" type="expand" space="tenure" amount="1048576" count="1" timems="0.044" reason="excessive time being spent in gc" timestamp="2019-07-02T23:05:46.942" />
<gc-end id="7330" type="global" contextid="7324" durationms="2.157" usertimems="4.000" systemtimems="0.000" timestamp="2019-07-02T23:05:46.942" activeThreads="4">
  <mem-info id="7331" free="10357944" total="16580608" percent="62">
    <mem type="tenure" free="10357944" total="16580608" percent="62" micro-fragmented="199194" macro-fragmented="0">
      <mem type="soa" free="10193080" total="16415744" percent="62" />
      <mem type="loa" free="164864" total="164864" percent="100" />
    </mem>
  </mem-info>
</gc-end>
<cycle-end id="7332" type="global" contextid="7324" timestamp="2019-07-02T23:05:46.942">
  <attribute name="GC Util" value="206" />
  <attribute name="CPU Util" value="14833198490840" />
  <attribute name="Time Running"value="7506"/>
  <attribute name="Number of cores"value="4"/>
</cycle-end>
<allocation-satisfied id="7333" threadId="000000000135F900" bytesRequested="40" />
<af-end id="7334" timestamp="2019-07-02T23:05:46.942" threadId="0000000001360288" success="true" />
<exclusive-end id="7335" timestamp="2019-07-02T23:05:46.942" durationms="3.019" />

<exclusive-start id="7336" timestamp="2019-07-02T23:05:46.949" intervalms="9.851">
  <response-info timems="0.070" idlems="0.070" threads="0" lastid="000000000135BD00" lastname="Thread-10" />
</exclusive-start>
<af-start id="7337" threadId="000000000135C688" totalBytesRequested="40" timestamp="2019-07-02T23:05:46.949" intervalms="9.813" />
<cycle-start id="7338" type="global" contextid="0" timestamp="2019-07-02T23:05:46.949" intervalms="9.784" />
  <attribute name="GC Util" value="206" />
  <attribute name="CPU Util" value="14833198490840" />
  <attribute name="Time Running"value="7506"/>
  <attribute name="Number of cores"value="4"/>
<gc-start id="7339" type="global" contextid="7338" timestamp="2019-07-02T23:05:46.949">
  <mem-info id="7340" free="164864" total="16580608" percent="0">
    <mem type="tenure" free="164864" total="16580608" percent="0">
      <mem type="soa" free="0" total="16415744" percent="0" />
      <mem type="loa" free="164864" total="164864" percent="100" />
    </mem>
  </mem-info>
</gc-start>
<allocation-stats totalBytes="10179464" >
  <allocated-bytes non-tlh="19056" tlh="10160408" />
  <largest-consumer threadName="Thread-10" threadId="000000000135BD00" bytes="3283368" />
</allocation-stats>
<gc-op id="7341" type="mark" timems="2.064" contextid="7338" timestamp="2019-07-02T23:05:46.952">
  <trace-info objectcount="63308" scancount="55742" scanbytes="2211988" />
  <finalization candidates="124" enqueued="0" />
  <ownableSynchronizers candidates="3" cleared="0" />
  <references type="soft" candidates="84" cleared="0" enqueued="0" dynamicThreshold="19" maxThreshold="32" />
  <references type="weak" candidates="774" cleared="0" enqueued="0" />
  <references type="phantom" candidates="63" cleared="0" enqueued="0" />
  <stringconstants candidates="4574" cleared="0"  />
</gc-op>
<gc-op id="7342" type="sweep" timems="0.807" contextid="7338" timestamp="2019-07-02T23:05:46.953" />
<gc-end id="7343" type="global" contextid="7338" durationms="3.346" usertimems="8.000" systemtimems="0.000" timestamp="2019-07-02T23:05:46.953" activeThreads="4">
  <mem-info id="7344" free="10512352" total="16580608" percent="63">
    <mem type="tenure" free="10512352" total="16580608" percent="63" micro-fragmented="124890" macro-fragmented="35308">
      <mem type="soa" free="10347488" total="16415744" percent="63" />
      <mem type="loa" free="164864" total="164864" percent="100" />
    </mem>
  </mem-info>
</gc-end>
<cycle-end id="7345" type="global" contextid="7338" timestamp="2019-07-02T23:05:46.953">
  <attribute name="GC Util" value="243" />
  <attribute name="CPU Util" value="8542227418913" />
  <attribute name="Time Running"value="7517"/>
  <attribute name="Number of cores"value="4"/>
</cycle-end>
<allocation-satisfied id="7346" threadId="000000000135BD00" bytesRequested="40" />
<af-end id="7347" timestamp="2019-07-02T23:05:46.953" threadId="000000000135C688" success="true" />
<exclusive-end id="7348" timestamp="2019-07-02T23:05:46.953" durationms="3.986" />

<exclusive-start id="7349" timestamp="2019-07-02T23:05:46.960" intervalms="10.899">
  <response-info timems="0.058" idlems="0.058" threads="0" lastid="000000000135BD00" lastname="Thread-10" />
</exclusive-start>
<af-start id="7350" threadId="000000000135C688" totalBytesRequested="40" timestamp="2019-07-02T23:05:46.960" intervalms="10.972" />
<cycle-start id="7351" type="global" contextid="0" timestamp="2019-07-02T23:05:46.960" intervalms="11.014" />
  <attribute name="GC Util" value="243" />
  <attribute name="CPU Util" value="8542227418913" />
  <attribute name="Time Running"value="7517"/>
  <attribute name="Number of cores"value="4"/>
<gc-start id="7352" type="global" contextid="7351" timestamp="2019-07-02T23:05:46.960">
  <mem-info id="7353" free="164864" total="16580608" percent="0">
    <mem type="tenure" free="164864" total="16580608" percent="0">
      <mem type="soa" free="0" total="16415744" percent="0" />
      <mem type="loa" free="164864" total="164864" percent="100" />
    </mem>
  </mem-info>
</gc-start>
<allocation-stats totalBytes="10335368" >
  <allocated-bytes non-tlh="0" tlh="10335368" />
  <largest-consumer threadName="Thread-8" threadId="0000000001354500" bytes="3794240" />
</allocation-stats>
<gc-op id="7354" type="mark" timems="2.285" contextid="7351" timestamp="2019-07-02T23:05:46.963">
  <trace-info objectcount="63683" scancount="56118" scanbytes="2220188" />
  <finalization candidates="124" enqueued="0" />
  <ownableSynchronizers candidates="3" cleared="0" />
  <references type="soft" candidates="84" cleared="0" enqueued="0" dynamicThreshold="20" maxThreshold="32" />
  <references type="weak" candidates="774" cleared="0" enqueued="0" />
  <references type="phantom" candidates="63" cleared="0" enqueued="0" />
  <stringconstants candidates="4574" cleared="0"  />
</gc-op>
<gc-op id="7355" type="sweep" timems="0.849" contextid="7351" timestamp="2019-07-02T23:05:46.964" />
<gc-end id="7356" type="global" contextid="7351" durationms="3.639" usertimems="8.000" systemtimems="0.000" timestamp="2019-07-02T23:05:46.964" activeThreads="4">
  <mem-info id="7357" free="10447352" total="16580608" percent="63">
    <mem type="tenure" free="10447352" total="16580608" percent="63" micro-fragmented="197565" macro-fragmented="49604">
      <mem type="soa" free="10282488" total="16415744" percent="62" />
      <mem type="loa" free="164864" total="164864" percent="100" />
    </mem>
  </mem-info>
</gc-end>
<cycle-end id="7358" type="global" contextid="7351" timestamp="2019-07-02T23:05:46.964">
  <attribute name="GC Util" value="247" />
  <attribute name="CPU Util" value="7741212231896" />
  <attribute name="Time Running"value="7528"/>
  <attribute name="Number of cores"value="4"/>
</cycle-end>
<allocation-satisfied id="7359" threadId="000000000135BD00" bytesRequested="40" />
<af-end id="7360" timestamp="2019-07-02T23:05:46.964" threadId="000000000135C688" success="true" />
<exclusive-end id="7361" timestamp="2019-07-02T23:05:46.965" durationms="4.613" />

<exclusive-start id="7362" timestamp="2019-07-02T23:05:46.971" intervalms="11.230">
  <response-info timems="0.061" idlems="0.061" threads="0" lastid="000000000135BD00" lastname="Thread-10" />
</exclusive-start>
<af-start id="7363" threadId="000000000135C688" totalBytesRequested="40" timestamp="2019-07-02T23:05:46.971" intervalms="11.190" />
<cycle-start id="7364" type="global" contextid="0" timestamp="2019-07-02T23:05:46.971" intervalms="11.188" />
  <attribute name="GC Util" value="247" />
  <attribute name="CPU Util" value="7741212231896" />
  <attribute name="Time Running"value="7528"/>
  <attribute name="Number of cores"value="4"/>
<gc-start id="7365" type="global" contextid="7364" timestamp="2019-07-02T23:05:46.972">
  <mem-info id="7366" free="164864" total="16580608" percent="0">
    <mem type="tenure" free="164864" total="16580608" percent="0">
      <mem type="soa" free="0" total="16415744" percent="0" />
      <mem type="loa" free="164864" total="164864" percent="100" />
    </mem>
  </mem-info>
</gc-start>
<allocation-stats totalBytes="10268072" >
  <allocated-bytes non-tlh="0" tlh="10268072" />
  <largest-consumer threadName="Thread-7" threadId="0000000001358100" bytes="4121488" />
</allocation-stats>
<gc-op id="7367" type="mark" timems="2.151" contextid="7364" timestamp="2019-07-02T23:05:46.974">
  <trace-info objectcount="64203" scancount="56624" scanbytes="2232748" />
  <finalization candidates="124" enqueued="0" />
  <ownableSynchronizers candidates="3" cleared="0" />
  <references type="soft" candidates="84" cleared="0" enqueued="0" dynamicThreshold="20" maxThreshold="32" />
  <references type="weak" candidates="774" cleared="0" enqueued="0" />
  <references type="phantom" candidates="63" cleared="0" enqueued="0" />
  <stringconstants candidates="4574" cleared="0"  />
</gc-op>
<gc-op id="7368" type="sweep" timems="0.877" contextid="7364" timestamp="2019-07-02T23:05:46.975" />
<heap-resize id="7369" type="contract" space="tenure" amount="131072" count="1" timems="0.049" reason="excess free space following gc" timestamp="2019-07-02T23:05:46.975" />
<gc-end id="7370" type="global" contextid="7364" durationms="3.677" usertimems="4.000" systemtimems="0.000" timestamp="2019-07-02T23:05:46.975" activeThreads="4">
  <mem-info id="7371" free="10093744" total="16449536" percent="61">
    <mem type="tenure" free="10093744" total="16449536" percent="61" micro-fragmented="159218" macro-fragmented="0">
      <mem type="soa" free="10093744" total="16285696" percent="61" />
      <mem type="loa" free="0" total="163840" percent="0" />
    </mem>
  </mem-info>
</gc-end>
<cycle-end id="7372" type="global" contextid="7364" timestamp="2019-07-02T23:05:46.975">
  <attribute name="GC Util" value="243" />
  <attribute name="CPU Util" value="8199121201004" />
  <attribute name="Time Running"value="7539"/>
  <attribute name="Number of cores"value="4"/>
</cycle-end>
<allocation-satisfied id="7373" threadId="000000000135BD00" bytesRequested="40" />
<af-end id="7374" timestamp="2019-07-02T23:05:46.976" threadId="000000000135C688" success="true" />
<exclusive-end id="7375" timestamp="2019-07-02T23:05:46.976" durationms="4.657" />

<exclusive-start id="7376" timestamp="2019-07-02T23:05:46.983" intervalms="11.355">
  <response-info timems="0.070" idlems="0.070" threads="0" lastid="0000000001354500" lastname="Thread-8" />
</exclusive-start>
<af-start id="7377" threadId="0000000001354E88" totalBytesRequested="40" timestamp="2019-07-02T23:05:46.983" intervalms="11.341" />
<cycle-start id="7378" type="global" contextid="0" timestamp="2019-07-02T23:05:46.983" intervalms="11.349" />
  <attribute name="GC Util" value="243" />
  <attribute name="CPU Util" value="8199121201004" />
  <attribute name="Time Running"value="7539"/>
  <attribute name="Number of cores"value="4"/>
<gc-start id="7379" type="global" contextid="7378" timestamp="2019-07-02T23:05:46.983">
  <mem-info id="7380" free="0" total="16449536" percent="0">
    <mem type="tenure" free="0" total="16449536" percent="0">
      <mem type="soa" free="0" total="16285696" percent="0" />
      <mem type="loa" free="0" total="163840" percent="0" />
    </mem>
  </mem-info>
</gc-start>
<allocation-stats totalBytes="10078728" >
  <allocated-bytes non-tlh="0" tlh="10078728" />
  <largest-consumer threadName="Thread-8" threadId="0000000001354500" bytes="3539704" />
</allocation-stats>
<gc-op id="7381" type="mark" timems="2.056" contextid="7378" timestamp="2019-07-02T23:05:46.985">
  <trace-info objectcount="64708" scancount="57140" scanbytes="2244892" />
  <finalization candidates="124" enqueued="0" />
  <ownableSynchronizers candidates="3" cleared="0" />
  <references type="soft" candidates="84" cleared="0" enqueued="0" dynamicThreshold="19" maxThreshold="32" />
  <references type="weak" candidates="774" cleared="0" enqueued="0" />
  <references type="phantom" candidates="63" cleared="0" enqueued="0" />
  <stringconstants candidates="4574" cleared="0"  />
</gc-op>
<gc-op id="7382" type="sweep" timems="0.890" contextid="7378" timestamp="2019-07-02T23:05:46.986" />
<gc-end id="7383" type="global" contextid="7378" durationms="3.283" usertimems="4.000" systemtimems="4.000" timestamp="2019-07-02T23:05:46.986" activeThreads="4">
  <mem-info id="7384" free="10079032" total="16449536" percent="61">
    <mem type="tenure" free="10079032" total="16449536" percent="61" micro-fragmented="173427" macro-fragmented="0">
      <mem type="soa" free="9984224" total="16285696" percent="61" />
      <mem type="loa" free="94808" total="163840" percent="57" />
    </mem>
  </mem-info>
</gc-end>
<cycle-end id="7385" type="global" contextid="7378" timestamp="2019-07-02T23:05:46.986">
  <attribute name="GC Util" value="256" />
  <attribute name="CPU Util" value="8723353555189" />
  <attribute name="Time Running"value="7550"/>
  <attribute name="Number of cores"value="4"/>
</cycle-end>
<allocation-satisfied id="7386" threadId="0000000001354500" bytesRequested="40" />
<af-end id="7387" timestamp="2019-07-02T23:05:46.986" threadId="0000000001354E88" success="true" />
<exclusive-end id="7388" timestamp="2019-07-02T23:05:46.986" durationms="3.876" />

<exclusive-start id="7389" timestamp="2019-07-02T23:05:46.993" intervalms="10.242">
  <response-info timems="0.104" idlems="0.104" threads="0" lastid="000000000135BD00" lastname="Thread-10" />
</exclusive-start>
<af-start id="7390" threadId="000000000135C688" totalBytesRequested="40" timestamp="2019-07-02T23:05:46.993" intervalms="10.258" />
<cycle-start id="7391" type="global" contextid="0" timestamp="2019-07-02T23:05:46.993" intervalms="10.207" />
  <attribute name="GC Util" value="256" />
  <attribute name="CPU Util" value="8723353555189" />
  <attribute name="Time Running"value="7550"/>
  <attribute name="Number of cores"value="4"/>
<gc-start id="7392" type="global" contextid="7391" timestamp="2019-07-02T23:05:46.993">
  <mem-info id="7393" free="94808" total="16449536" percent="0">
    <mem type="tenure" free="94808" total="16449536" percent="0">
      <mem type="soa" free="0" total="16285696" percent="0" />
      <mem type="loa" free="94808" total="163840" percent="57" />
    </mem>
  </mem-info>
</gc-start>
<allocation-stats totalBytes="9966760" >
  <allocated-bytes non-tlh="0" tlh="9966760" />
  <largest-consumer threadName="Thread-8" threadId="0000000001354500" bytes="3854224" />
</allocation-stats>
<gc-op id="7394" type="mark" timems="2.427" contextid="7391" timestamp="2019-07-02T23:05:46.996">
  <trace-info objectcount="65499" scancount="57920" scanbytes="2264196" />
  <finalization candidates="124" enqueued="0" />
  <ownableSynchronizers candidates="3" cleared="0" />
  <references type="soft" candidates="84" cleared="0" enqueued="0" dynamicThreshold="19" maxThreshold="32" />
  <references type="weak" candidates="774" cleared="0" enqueued="0" />
  <references type="phantom" candidates="63" cleared="0" enqueued="0" />
  <stringconstants candidates="4574" cleared="0"  />
</gc-op>
<gc-op id="7395" type="sweep" timems="0.842" contextid="7391" timestamp="2019-07-02T23:05:46.997" />
<gc-end id="7396" type="global" contextid="7391" durationms="3.665" usertimems="8.000" systemtimems="0.000" timestamp="2019-07-02T23:05:46.997" activeThreads="4">
  <mem-info id="7397" free="9946960" total="16449536" percent="60">
    <mem type="tenure" free="9946960" total="16449536" percent="60" micro-fragmented="264026" macro-fragmented="0">
      <mem type="soa" free="9852152" total="16285696" percent="60" />
      <mem type="loa" free="94808" total="163840" percent="57" />
    </mem>
  </mem-info>
</gc-end>
<cycle-end id="7398" type="global" contextid="7391" timestamp="2019-07-02T23:05:46.997">
  <attribute name="GC Util" value="242" />
  <attribute name="CPU Util" value="7203555957983" />
  <attribute name="Time Running"value="7561"/>
  <attribute name="Number of cores"value="4"/>
</cycle-end>
<allocation-satisfied id="7399" threadId="000000000135BD00" bytesRequested="40" />
<af-end id="7400" timestamp="2019-07-02T23:05:46.997" threadId="000000000135C688" success="true" />
<exclusive-end id="7401" timestamp="2019-07-02T23:05:46.997" durationms="4.451" />

<exclusive-start id="7402" timestamp="2019-07-02T23:05:47.003" intervalms="9.975">
  <response-info timems="0.058" idlems="0.058" threads="0" lastid="0000000001358100" lastname="Thread-7" />
</exclusive-start>
<af-start id="7403" threadId="0000000001358A88" totalBytesRequested="24" timestamp="2019-07-02T23:05:47.003" intervalms="9.972" />
<cycle-start id="7404" type="global" contextid="0" timestamp="2019-07-02T23:05:47.003" intervalms="10.015" />
  <attribute name="GC Util" value="242" />
  <attribute name="CPU Util" value="7203555957983" />
  <attribute name="Time Running"value="7561"/>
  <attribute name="Number of cores"value="4"/>
<gc-start id="7405" type="global" contextid="7404" timestamp="2019-07-02T23:05:47.003">
  <mem-info id="7406" free="94808" total="16449536" percent="0">
    <mem type="tenure" free="94808" total="16449536" percent="0">
      <mem type="soa" free="0" total="16285696" percent="0" />
      <mem type="loa" free="94808" total="163840" percent="57" />
    </mem>
  </mem-info>
</gc-start>
<allocation-stats totalBytes="9833056" >
  <allocated-bytes non-tlh="0" tlh="9833056" />
  <largest-consumer threadName="Thread-7" threadId="0000000001358100" bytes="3536464" />
</allocation-stats>
<gc-op id="7407" type="mark" timems="1.172" contextid="7404" timestamp="2019-07-02T23:05:47.004">
  <trace-info objectcount="66087" scancount="58489" scanbytes="2277572" />
  <finalization candidates="124" enqueued="0" />
  <ownableSynchronizers candidates="3" cleared="0" />
  <references type="soft" candidates="84" cleared="0" enqueued="0" dynamicThreshold="19" maxThreshold="32" />
  <references type="weak" candidates="774" cleared="0" enqueued="0" />
  <references type="phantom" candidates="63" cleared="0" enqueued="0" />
  <stringconstants candidates="4574" cleared="0"  />
</gc-op>
<gc-op id="7408" type="sweep" timems="0.430" contextid="7404" timestamp="2019-07-02T23:05:47.005" />
<heap-resize id="7409" type="expand" space="tenure" amount="1048576" count="1" timems="0.059" reason="excessive time being spent in gc" timestamp="2019-07-02T23:05:47.005" />
<gc-end id="7410" type="global" contextid="7404" durationms="2.085" usertimems="0.000" systemtimems="4.000" timestamp="2019-07-02T23:05:47.005" activeThreads="4">
  <mem-info id="7411" free="10868272" total="17498112" percent="62">
    <mem type="tenure" free="10868272" total="17498112" percent="62" micro-fragmented="308329" macro-fragmented="0">
      <mem type="soa" free="10694192" total="17324032" percent="61" />
      <mem type="loa" free="174080" total="174080" percent="100" />
    </mem>
  </mem-info>
</gc-end>
<cycle-end id="7412" type="global" contextid="7404" timestamp="2019-07-02T23:05:47.005">
  <attribute name="GC Util" value="207" />
  <attribute name="CPU Util" value="15024445411556" />
  <attribute name="Time Running"value="7569"/>
  <attribute name="Number of cores"value="4"/>
</cycle-end>
<allocation-satisfied id="7413" threadId="0000000001358100" bytesRequested="24" />
<af-end id="7414" timestamp="2019-07-02T23:05:47.006" threadId="0000000001358A88" success="true" />
<exclusive-end id="7415" timestamp="2019-07-02T23:05:47.006" durationms="2.960" />

<exclusive-start id="7416" timestamp="2019-07-02T23:05:47.011" intervalms="8.490">
  <response-info timems="0.041" idlems="0.035" threads="1" lastid="0000000001358100" lastname="Thread-7" />
</exclusive-start>
<af-start id="7417" threadId="0000000001354E88" totalBytesRequested="40" timestamp="2019-07-02T23:05:47.011" intervalms="8.438" />
<cycle-start id="7418" type="global" contextid="0" timestamp="2019-07-02T23:05:47.011" intervalms="8.399" />
  <attribute name="GC Util" value="207" />
  <attribute name="CPU Util" value="15024445411556" />
  <attribute name="Time Running"value="7569"/>
  <attribute name="Number of cores"value="4"/>
<gc-start id="7419" type="global" contextid="7418" timestamp="2019-07-02T23:05:47.012">
  <mem-info id="7420" free="174080" total="17498112" percent="0">
    <mem type="tenure" free="174080" total="17498112" percent="0">
      <mem type="soa" free="0" total="17324032" percent="0" />
      <mem type="loa" free="174080" total="174080" percent="100" />
    </mem>
  </mem-info>
</gc-start>
<allocation-stats totalBytes="10673336" >
  <allocated-bytes non-tlh="0" tlh="10673336" />
  <largest-consumer threadName="Thread-8" threadId="0000000001354500" bytes="3956480" />
</allocation-stats>
<gc-op id="7421" type="mark" timems="2.006" contextid="7418" timestamp="2019-07-02T23:05:47.014">
  <trace-info objectcount="67195" scancount="59617" scanbytes="2304796" />
  <finalization candidates="124" enqueued="0" />
  <ownableSynchronizers candidates="3" cleared="0" />
  <references type="soft" candidates="84" cleared="0" enqueued="0" dynamicThreshold="19" maxThreshold="32" />
  <references type="weak" candidates="774" cleared="0" enqueued="0" />
  <references type="phantom" candidates="63" cleared="0" enqueued="0" />
  <stringconstants candidates="4574" cleared="0"  />
</gc-op>
<gc-op id="7422" type="sweep" timems="0.929" contextid="7418" timestamp="2019-07-02T23:05:47.015" />
<gc-end id="7423" type="global" contextid="7418" durationms="3.211" usertimems="4.000" systemtimems="4.000" timestamp="2019-07-02T23:05:47.015" activeThreads="4">
  <mem-info id="7424" free="10747080" total="17498112" percent="61">
    <mem type="tenure" free="10747080" total="17498112" percent="61" micro-fragmented="254544" macro-fragmented="0">
      <mem type="soa" free="10573000" total="17324032" percent="61" />
      <mem type="loa" free="174080" total="174080" percent="100" />
    </mem>
  </mem-info>
</gc-end>
<cycle-end id="7425" type="global" contextid="7418" timestamp="2019-07-02T23:05:47.015">
  <attribute name="GC Util" value="247" />
  <attribute name="CPU Util" value="8832807166899" />
  <attribute name="Time Running"value="7579"/>
  <attribute name="Number of cores"value="4"/>
</cycle-end>
<allocation-satisfied id="7426" threadId="0000000001354500" bytesRequested="40" />
<af-end id="7427" timestamp="2019-07-02T23:05:47.015" threadId="0000000001354E88" success="true" />
<exclusive-end id="7428" timestamp="2019-07-02T23:05:47.015" durationms="3.762" />

<exclusive-start id="7429" timestamp="2019-07-02T23:05:47.020" intervalms="9.184">
  <response-info timems="0.030" idlems="0.029" threads="1" lastid="000000000135BD00" lastname="Thread-10" />
</exclusive-start>
<af-start id="7430" threadId="0000000001354E88" totalBytesRequested="40" timestamp="2019-07-02T23:05:47.021" intervalms="9.222" />
<cycle-start id="7431" type="global" contextid="0" timestamp="2019-07-02T23:05:47.021" intervalms="9.213" />
  <attribute name="GC Util" value="247" />
  <attribute name="CPU Util" value="8832807166899" />
  <attribute name="Time Running"value="7579"/>
  <attribute name="Number of cores"value="4"/>
<gc-start id="7432" type="global" contextid="7431" timestamp="2019-07-02T23:05:47.021">
  <mem-info id="7433" free="174080" total="17498112" percent="0">
    <mem type="tenure" free="174080" total="17498112" percent="0">
      <mem type="soa" free="0" total="17324032" percent="0" />
      <mem type="loa" free="174080" total="174080" percent="100" />
    </mem>
  </mem-info>
</gc-start>
<allocation-stats totalBytes="10552072" >
  <allocated-bytes non-tlh="0" tlh="10552072" />
  <largest-consumer threadName="Thread-8" threadId="0000000001354500" bytes="5100488" />
</allocation-stats>
<gc-op id="7434" type="mark" timems="1.989" contextid="7431" timestamp="2019-07-02T23:05:47.023">
  <trace-info objectcount="68254" scancount="60679" scanbytes="2330124" />
  <finalization candidates="124" enqueued="0" />
  <ownableSynchronizers candidates="3" cleared="0" />
  <references type="soft" candidates="84" cleared="0" enqueued="0" dynamicThreshold="19" maxThreshold="32" />
  <references type="weak" candidates="774" cleared="0" enqueued="0" />
  <references type="phantom" candidates="63" cleared="0" enqueued="0" />
  <stringconstants candidates="4574" cleared="0"  />
</gc-op>
<gc-op id="7435" type="sweep" timems="0.908" contextid="7431" timestamp="2019-07-02T23:05:47.024" />
<gc-end id="7436" type="global" contextid="7431" durationms="3.179" usertimems="4.000" systemtimems="4.000" timestamp="2019-07-02T23:05:47.024" activeThreads="4">
  <mem-info id="7437" free="10539688" total="17498112" percent="60">
    <mem type="tenure" free="10539688" total="17498112" percent="60" micro-fragmented="422104" macro-fragmented="0">
      <mem type="soa" free="10365608" total="17324032" percent="59" />
      <mem type="loa" free="174080" total="174080" percent="100" />
    </mem>
  </mem-info>
</gc-end>
<cycle-end id="7438" type="global" contextid="7431" timestamp="2019-07-02T23:05:47.024">
  <attribute name="GC Util" value="249" />
  <attribute name="CPU Util" value="8893057001717" />
  <attribute name="Time Running"value="7588"/>
  <attribute name="Number of cores"value="4"/>
</cycle-end>
<allocation-satisfied id="7439" threadId="0000000001354500" bytesRequested="40" />
<af-end id="7440" timestamp="2019-07-02T23:05:47.024" threadId="0000000001354E88" success="true" />
<exclusive-end id="7441" timestamp="2019-07-02T23:05:47.024" durationms="3.754" />

<exclusive-start id="7442" timestamp="2019-07-02T23:05:47.029" intervalms="8.658">
  <response-info timems="0.043" idlems="0.036" threads="2" lastid="0000000001358100" lastname="Thread-7" />
</exclusive-start>
<af-start id="7443" threadId="0000000001354E88" totalBytesRequested="40" timestamp="2019-07-02T23:05:47.029" intervalms="8.652" />
<cycle-start id="7444" type="global" contextid="0" timestamp="2019-07-02T23:05:47.029" intervalms="8.658" />
  <attribute name="GC Util" value="249" />
  <attribute name="CPU Util" value="8893057001717" />
  <attribute name="Time Running"value="7588"/>
  <attribute name="Number of cores"value="4"/>
<gc-start id="7445" type="global" contextid="7444" timestamp="2019-07-02T23:05:47.029">
  <mem-info id="7446" free="174080" total="17498112" percent="0">
    <mem type="tenure" free="174080" total="17498112" percent="0">
      <mem type="soa" free="0" total="17324032" percent="0" />
      <mem type="loa" free="174080" total="174080" percent="100" />
    </mem>
  </mem-info>
</gc-start>
<allocation-stats totalBytes="10340248" >
  <allocated-bytes non-tlh="0" tlh="10340248" />
  <largest-consumer threadName="Thread-8" threadId="0000000001354500" bytes="5172640" />
</allocation-stats>
<gc-op id="7447" type="mark" timems="2.365" contextid="7444" timestamp="2019-07-02T23:05:47.032">
  <trace-info objectcount="69630" scancount="62057" scanbytes="2363068" />
  <finalization candidates="124" enqueued="0" />
  <ownableSynchronizers candidates="3" cleared="0" />
  <references type="soft" candidates="84" cleared="0" enqueued="0" dynamicThreshold="19" maxThreshold="32" />
  <references type="weak" candidates="774" cleared="0" enqueued="0" />
  <references type="phantom" candidates="63" cleared="0" enqueued="0" />
  <stringconstants candidates="4574" cleared="0"  />
</gc-op>
<gc-op id="7448" type="sweep" timems="0.974" contextid="7444" timestamp="2019-07-02T23:05:47.033" />
<heap-resize id="7449" type="expand" space="tenure" amount="1048576" count="1" timems="0.070" reason="excessive time being spent in gc" timestamp="2019-07-02T23:05:47.033" />
<gc-end id="7450" type="global" contextid="7444" durationms="3.729" usertimems="4.000" systemtimems="4.000" timestamp="2019-07-02T23:05:47.033" activeThreads="4">
  <mem-info id="7451" free="11319832" total="18546688" percent="61">
    <mem type="tenure" free="11319832" total="18546688" percent="61" micro-fragmented="649436" macro-fragmented="0">
      <mem type="soa" free="11134488" total="18361344" percent="60" />
      <mem type="loa" free="185344" total="185344" percent="100" />
    </mem>
  </mem-info>
</gc-end>
<cycle-end id="7452" type="global" contextid="7444" timestamp="2019-07-02T23:05:47.033">
  <attribute name="GC Util" value="256" />
  <attribute name="CPU Util" value="7646429537433" />
  <attribute name="Time Running"value="7597"/>
  <attribute name="Number of cores"value="4"/>
</cycle-end>
<allocation-satisfied id="7453" threadId="0000000001354500" bytesRequested="40" />
<af-end id="7454" timestamp="2019-07-02T23:05:47.033" threadId="0000000001354E88" success="true" />
<exclusive-end id="7455" timestamp="2019-07-02T23:05:47.033" durationms="4.259" />

<exclusive-start id="7456" timestamp="2019-07-02T23:05:47.040" intervalms="11.081">
  <response-info timems="0.065" idlems="0.035" threads="1" lastid="0000000001358100" lastname="Thread-7" />
</exclusive-start>
<af-start id="7457" threadId="0000000001360288" totalBytesRequested="24" timestamp="2019-07-02T23:05:47.040" intervalms="11.109" />
<cycle-start id="7458" type="global" contextid="0" timestamp="2019-07-02T23:05:47.040" intervalms="11.122" />
  <attribute name="GC Util" value="256" />
  <attribute name="CPU Util" value="7646429537433" />
  <attribute name="Time Running"value="7597"/>
  <attribute name="Number of cores"value="4"/>
<gc-start id="7459" type="global" contextid="7458" timestamp="2019-07-02T23:05:47.041">
  <mem-info id="7460" free="185344" total="18546688" percent="0">
    <mem type="tenure" free="185344" total="18546688" percent="0">
      <mem type="soa" free="0" total="18361344" percent="0" />
      <mem type="loa" free="185344" total="185344" percent="100" />
    </mem>
  </mem-info>
</gc-start>
<allocation-stats totalBytes="11105304" >
  <allocated-bytes non-tlh="19056" tlh="11086248" />
  <largest-consumer threadName="Thread-8" threadId="0000000001354500" bytes="4206248" />
</allocation-stats>
<gc-op id="7461" type="mark" timems="1.155" contextid="7458" timestamp="2019-07-02T23:05:47.042">
  <trace-info objectcount="65950" scancount="58386" scanbytes="2274724" />
  <finalization candidates="124" enqueued="0" />
  <ownableSynchronizers candidates="3" cleared="0" />
  <references type="soft" candidates="84" cleared="0" enqueued="0" dynamicThreshold="19" maxThreshold="32" />
  <references type="weak" candidates="774" cleared="0" enqueued="0" />
  <references type="phantom" candidates="63" cleared="0" enqueued="0" />
  <stringconstants candidates="4574" cleared="0"  />
</gc-op>
<gc-op id="7462" type="sweep" timems="0.393" contextid="7458" timestamp="2019-07-02T23:05:47.042" />
<gc-end id="7463" type="global" contextid="7458" durationms="1.928" usertimems="4.000" systemtimems="0.000" timestamp="2019-07-02T23:05:47.042" activeThreads="4">
  <mem-info id="7464" free="12107752" total="18546688" percent="65">
    <mem type="tenure" free="12107752" total="18546688" percent="65" micro-fragmented="222918" macro-fragmented="53711">
      <mem type="soa" free="11922408" total="18361344" percent="64" />
      <mem type="loa" free="185344" total="185344" percent="100" />
    </mem>
  </mem-info>
</gc-end>
<cycle-end id="7465" type="global" contextid="7458" timestamp="2019-07-02T23:05:47.043">
  <attribute name="GC Util" value="211" />
  <attribute name="CPU Util" value="14798724786199" />
  <attribute name="Time Running"value="7607"/>
  <attribute name="Number of cores"value="4"/>
</cycle-end>
<allocation-satisfied id="7466" threadId="000000000135F900" bytesRequested="24" />
<af-end id="7467" timestamp="2019-07-02T23:05:47.043" threadId="0000000001360288" success="true" />
<exclusive-end id="7468" timestamp="2019-07-02T23:05:47.043" durationms="2.951" />

<exclusive-start id="7469" timestamp="2019-07-02T23:05:47.052" intervalms="11.899">
  <response-info timems="0.090" idlems="0.047" threads="1" lastid="000000000135F900" lastname="Thread-9" />
</exclusive-start>
<af-start id="7470" threadId="0000000001358A88" totalBytesRequested="40" timestamp="2019-07-02T23:05:47.052" intervalms="11.944" />
<cycle-start id="7471" type="global" contextid="0" timestamp="2019-07-02T23:05:47.053" intervalms="12.189" />
  <attribute name="GC Util" value="211" />
  <attribute name="CPU Util" value="14798724786199" />
  <attribute name="Time Running"value="7607"/>
  <attribute name="Number of cores"value="4"/>
<gc-start id="7472" type="global" contextid="7471" timestamp="2019-07-02T23:05:47.053">
  <mem-info id="7473" free="185344" total="18546688" percent="0">
    <mem type="tenure" free="185344" total="18546688" percent="0">
      <mem type="soa" free="0" total="18361344" percent="0" />
      <mem type="loa" free="185344" total="185344" percent="100" />
    </mem>
  </mem-info>
</gc-start>
<allocation-stats totalBytes="11903992" >
  <allocated-bytes non-tlh="0" tlh="11903992" />
  <largest-consumer threadName="Thread-7" threadId="0000000001358100" bytes="6458384" />
</allocation-stats>
<gc-op id="7474" type="mark" timems="1.146" contextid="7471" timestamp="2019-07-02T23:05:47.054">
  <trace-info objectcount="67452" scancount="59887" scanbytes="2310708" />
  <finalization candidates="124" enqueued="0" />
  <ownableSynchronizers candidates="3" cleared="0" />
  <references type="soft" candidates="84" cleared="0" enqueued="0" dynamicThreshold="20" maxThreshold="32" />
  <references type="weak" candidates="774" cleared="0" enqueued="0" />
  <references type="phantom" candidates="63" cleared="0" enqueued="0" />
  <stringconstants candidates="4574" cleared="0"  />
</gc-op>
<gc-op id="7475" type="sweep" timems="0.405" contextid="7471" timestamp="2019-07-02T23:05:47.055" />
<gc-end id="7476" type="global" contextid="7471" durationms="2.051" usertimems="4.000" systemtimems="0.000" timestamp="2019-07-02T23:05:47.055" activeThreads="4">
  <mem-info id="7477" free="11941408" total="18546688" percent="64">
    <mem type="tenure" free="11941408" total="18546688" percent="64" micro-fragmented="225731" macro-fragmented="0">
      <mem type="soa" free="11756064" total="18361344" percent="64" />
      <mem type="loa" free="185344" total="185344" percent="100" />
    </mem>
  </mem-info>
</gc-end>
<cycle-end id="7478" type="global" contextid="7471" timestamp="2019-07-02T23:05:47.055">
  <attribute name="GC Util" value="219" />
  <attribute name="CPU Util" value="14902389192355" />
  <attribute name="Time Running"value="7619"/>
  <attribute name="Number of cores"value="4"/>
</cycle-end>
<allocation-satisfied id="7479" threadId="0000000001358100" bytesRequested="40" />
<af-end id="7480" timestamp="2019-07-02T23:05:47.055" threadId="0000000001358A88" success="true" />
<exclusive-end id="7481" timestamp="2019-07-02T23:05:47.055" durationms="3.211" />

<exclusive-start id="7482" timestamp="2019-07-02T23:05:47.061" intervalms="9.245">
  <response-info timems="0.090" idlems="0.090" threads="0" lastid="000000000135BD00" lastname="Thread-10" />
</exclusive-start>
<af-start id="7483" threadId="000000000135C688" totalBytesRequested="40" timestamp="2019-07-02T23:05:47.062" intervalms="9.218" />
<cycle-start id="7484" type="global" contextid="0" timestamp="2019-07-02T23:05:47.062" intervalms="9.035" />
  <attribute name="GC Util" value="219" />
  <attribute name="CPU Util" value="14902389192355" />
  <attribute name="Time Running"value="7619"/>
  <attribute name="Number of cores"value="4"/>
<gc-start id="7485" type="global" contextid="7484" timestamp="2019-07-02T23:05:47.062">
  <mem-info id="7486" free="185344" total="18546688" percent="0">
    <mem type="tenure" free="185344" total="18546688" percent="0">
      <mem type="soa" free="0" total="18361344" percent="0" />
      <mem type="loa" free="185344" total="185344" percent="100" />
    </mem>
  </mem-info>
</gc-start>
<allocation-stats totalBytes="11736440" >
  <allocated-bytes non-tlh="0" tlh="11736440" />
  <largest-consumer threadName="Thread-7" threadId="0000000001358100" bytes="4666240" />
</allocation-stats>
<gc-op id="7487" type="mark" timems="2.215" contextid="7484" timestamp="2019-07-02T23:05:47.064">
  <trace-info objectcount="69421" scancount="61847" scanbytes="2357916" />
  <finalization candidates="124" enqueued="0" />
  <ownableSynchronizers candidates="3" cleared="0" />
  <references type="soft" candidates="84" cleared="0" enqueued="0" dynamicThreshold="20" maxThreshold="32" />
  <references type="weak" candidates="774" cleared="0" enqueued="0" />
  <references type="phantom" candidates="63" cleared="0" enqueued="0" />
  <stringconstants candidates="4574" cleared="0"  />
</gc-op>
<gc-op id="7488" type="sweep" timems="0.933" contextid="7484" timestamp="2019-07-02T23:05:47.065" />
<heap-resize id="7489" type="contract" space="tenure" amount="131072" count="1" timems="0.062" reason="excess free space following gc" timestamp="2019-07-02T23:05:47.066" />
<gc-end id="7490" type="global" contextid="7484" durationms="3.824" usertimems="8.000" systemtimems="0.000" timestamp="2019-07-02T23:05:47.066" activeThreads="4">
  <mem-info id="7491" free="11444856" total="18415616" percent="62">
    <mem type="tenure" free="11444856" total="18415616" percent="62" micro-fragmented="481635" macro-fragmented="0">
      <mem type="soa" free="11444856" total="18232320" percent="62" />
      <mem type="loa" free="0" total="183296" percent="0" />
    </mem>
  </mem-info>
</gc-end>
<cycle-end id="7492" type="global" contextid="7484" timestamp="2019-07-02T23:05:47.066">
  <attribute name="GC Util" value="245" />
  <attribute name="CPU Util" value="7997291119994" />
  <attribute name="Time Running"value="7629"/>
  <attribute name="Number of cores"value="4"/>
</cycle-end>
<allocation-satisfied id="7493" threadId="000000000135BD00" bytesRequested="40" />
<af-end id="7494" timestamp="2019-07-02T23:05:47.066" threadId="000000000135C688" success="true" />
<exclusive-end id="7495" timestamp="2019-07-02T23:05:47.066" durationms="4.677" />

<exclusive-start id="7496" timestamp="2019-07-02T23:05:47.073" intervalms="11.855">
  <response-info timems="0.073" idlems="0.073" threads="0" lastid="000000000135F900" lastname="Thread-9" />
</exclusive-start>
<af-start id="7497" threadId="0000000001360288" totalBytesRequested="40" timestamp="2019-07-02T23:05:47.073" intervalms="11.787" />
<cycle-start id="7498" type="global" contextid="0" timestamp="2019-07-02T23:05:47.073" intervalms="11.725" />
  <attribute name="GC Util" value="245" />
  <attribute name="CPU Util" value="7997291119994" />
  <attribute name="Time Running"value="7629"/>
  <attribute name="Number of cores"value="4"/>
<gc-start id="7499" type="global" contextid="7498" timestamp="2019-07-02T23:05:47.074">
  <mem-info id="7500" free="0" total="18415616" percent="0">
    <mem type="tenure" free="0" total="18415616" percent="0">
      <mem type="soa" free="0" total="18232320" percent="0" />
      <mem type="loa" free="0" total="183296" percent="0" />
    </mem>
  </mem-info>
</gc-start>
<allocation-stats totalBytes="11423040" >
  <allocated-bytes non-tlh="0" tlh="11423040" />
  <largest-consumer threadName="Thread-10" threadId="000000000135BD00" bytes="4317576" />
</allocation-stats>
<gc-op id="7501" type="mark" timems="1.363" contextid="7498" timestamp="2019-07-02T23:05:47.075">
  <trace-info objectcount="71203" scancount="63632" scanbytes="2401060" />
  <finalization candidates="124" enqueued="0" />
  <ownableSynchronizers candidates="3" cleared="0" />
  <references type="soft" candidates="84" cleared="0" enqueued="0" dynamicThreshold="19" maxThreshold="32" />
  <references type="weak" candidates="774" cleared="0" enqueued="0" />
  <references type="phantom" candidates="63" cleared="0" enqueued="0" />
  <stringconstants candidates="4574" cleared="0"  />
</gc-op>
<gc-op id="7502" type="sweep" timems="0.437" contextid="7498" timestamp="2019-07-02T23:05:47.076" />
<heap-resize id="7503" type="contract" space="tenure" amount="65536" count="1" timems="0.110" reason="excess free space following gc" timestamp="2019-07-02T23:05:47.076" />
<gc-end id="7504" type="global" contextid="7498" durationms="2.431" usertimems="4.000" systemtimems="0.000" timestamp="2019-07-02T23:05:47.076" activeThreads="4">
  <mem-info id="7505" free="11222184" total="18350080" percent="61">
    <mem type="tenure" free="11222184" total="18350080" percent="61" micro-fragmented="437056" macro-fragmented="0">
      <mem type="soa" free="11222184" total="18166784" percent="61" />
      <mem type="loa" free="0" total="183296" percent="0" />
    </mem>
  </mem-info>
</gc-end>
<cycle-end id="7506" type="global" contextid="7498" timestamp="2019-07-02T23:05:47.076">
  <attribute name="GC Util" value="188" />
  <attribute name="CPU Util" value="12676632211657" />
  <attribute name="Time Running"value="7640"/>
  <attribute name="Number of cores"value="4"/>
</cycle-end>
<allocation-satisfied id="7507" threadId="000000000135F900" bytesRequested="40" />
<af-end id="7508" timestamp="2019-07-02T23:05:47.076" threadId="0000000001360288" success="true" />
<exclusive-end id="7509" timestamp="2019-07-02T23:05:47.076" durationms="3.033" />

<exclusive-start id="7510" timestamp="2019-07-02T23:05:47.082" intervalms="9.094">
  <response-info timems="0.049" idlems="0.049" threads="0" lastid="0000000001354500" lastname="Thread-8" />
</exclusive-start>
<af-start id="7511" threadId="0000000001354E88" totalBytesRequested="40" timestamp="2019-07-02T23:05:47.082" intervalms="9.124" />
<cycle-start id="7512" type="global" contextid="0" timestamp="2019-07-02T23:05:47.083" intervalms="9.108" />
  <attribute name="GC Util" value="188" />
  <attribute name="CPU Util" value="12676632211657" />
  <attribute name="Time Running"value="7640"/>
  <attribute name="Number of cores"value="4"/>
<gc-start id="7513" type="global" contextid="7512" timestamp="2019-07-02T23:05:47.083">
  <mem-info id="7514" free="0" total="18350080" percent="0">
    <mem type="tenure" free="0" total="18350080" percent="0">
      <mem type="soa" free="0" total="18166784" percent="0" />
      <mem type="loa" free="0" total="183296" percent="0" />
    </mem>
  </mem-info>
</gc-start>
<allocation-stats totalBytes="11199208" >
  <allocated-bytes non-tlh="0" tlh="11199208" />
  <largest-consumer threadName="Thread-7" threadId="0000000001358100" bytes="4543136" />
</allocation-stats>
<gc-op id="7515" type="mark" timems="2.156" contextid="7512" timestamp="2019-07-02T23:05:47.085">
  <trace-info objectcount="73099" scancount="65536" scanbytes="2446580" />
  <finalization candidates="124" enqueued="0" />
  <ownableSynchronizers candidates="3" cleared="0" />
  <references type="soft" candidates="84" cleared="0" enqueued="0" dynamicThreshold="19" maxThreshold="32" />
  <references type="weak" candidates="774" cleared="0" enqueued="0" />
  <references type="phantom" candidates="63" cleared="0" enqueued="0" />
  <stringconstants candidates="4574" cleared="0"  />
</gc-op>
<gc-op id="7516" type="sweep" timems="0.936" contextid="7512" timestamp="2019-07-02T23:05:47.086" />
<gc-end id="7517" type="global" contextid="7512" durationms="3.412" usertimems="4.000" systemtimems="4.000" timestamp="2019-07-02T23:05:47.086" activeThreads="4">
  <mem-info id="7518" free="11011784" total="18350080" percent="60">
    <mem type="tenure" free="11011784" total="18350080" percent="60" micro-fragmented="462277" macro-fragmented="0">
      <mem type="soa" free="11011784" total="18166784" percent="60" />
      <mem type="loa" free="0" total="183296" percent="0" />
    </mem>
  </mem-info>
</gc-end>
<cycle-end id="7519" type="global" contextid="7512" timestamp="2019-07-02T23:05:47.086">
  <attribute name="GC Util" value="253" />
  <attribute name="CPU Util" value="8189555133696" />
  <attribute name="Time Running"value="7650"/>
  <attribute name="Number of cores"value="4"/>
</cycle-end>
<allocation-satisfied id="7520" threadId="0000000001354500" bytesRequested="40" />
<af-end id="7521" timestamp="2019-07-02T23:05:47.086" threadId="0000000001354E88" success="true" />
<exclusive-end id="7522" timestamp="2019-07-02T23:05:47.086" durationms="4.045" />

<exclusive-start id="7523" timestamp="2019-07-02T23:05:47.094" intervalms="11.186">
  <response-info timems="0.036" idlems="0.036" threads="0" lastid="000000000135BD00" lastname="Thread-10" />
</exclusive-start>
<af-start id="7524" threadId="000000000135C688" totalBytesRequested="40" timestamp="2019-07-02T23:05:47.094" intervalms="11.195" />
<cycle-start id="7525" type="global" contextid="0" timestamp="2019-07-02T23:05:47.094" intervalms="11.198" />
  <attribute name="GC Util" value="253" />
  <attribute name="CPU Util" value="8189555133696" />
  <attribute name="Time Running"value="7650"/>
  <attribute name="Number of cores"value="4"/>
<gc-start id="7526" type="global" contextid="7525" timestamp="2019-07-02T23:05:47.094">
  <mem-info id="7527" free="0" total="18350080" percent="0">
    <mem type="tenure" free="0" total="18350080" percent="0">
      <mem type="soa" free="0" total="18166784" percent="0" />
      <mem type="loa" free="0" total="183296" percent="0" />
    </mem>
  </mem-info>
</gc-start>
<allocation-stats totalBytes="10986984" >
  <allocated-bytes non-tlh="0" tlh="10986984" />
  <largest-consumer threadName="Thread-10" threadId="000000000135BD00" bytes="4084536" />
</allocation-stats>
<gc-op id="7528" type="mark" timems="2.017" contextid="7525" timestamp="2019-07-02T23:05:47.096">
  <trace-info objectcount="74015" scancount="66447" scanbytes="2468012" />
  <finalization candidates="124" enqueued="0" />
  <ownableSynchronizers candidates="3" cleared="0" />
  <references type="soft" candidates="84" cleared="0" enqueued="0" dynamicThreshold="19" maxThreshold="32" />
  <references type="weak" candidates="774" cleared="0" enqueued="0" />
  <references type="phantom" candidates="63" cleared="0" enqueued="0" />
  <stringconstants candidates="4574" cleared="0"  />
</gc-op>
<gc-op id="7529" type="sweep" timems="0.950" contextid="7525" timestamp="2019-07-02T23:05:47.097" />
<heap-resize id="7530" type="expand" space="tenure" amount="1048576" count="1" timems="0.075" reason="excessive time being spent in gc" timestamp="2019-07-02T23:05:47.097" />
<gc-end id="7531" type="global" contextid="7525" durationms="3.717" usertimems="4.000" systemtimems="4.000" timestamp="2019-07-02T23:05:47.098" activeThreads="4">
  <mem-info id="7532" free="11915344" total="19398656" percent="61">
    <mem type="tenure" free="11915344" total="19398656" percent="61" micro-fragmented="482327" macro-fragmented="0">
      <mem type="soa" free="11721808" total="19205120" percent="61" />
      <mem type="loa" free="193536" total="193536" percent="100" />
    </mem>
  </mem-info>
</gc-end>
<cycle-end id="7533" type="global" contextid="7525" timestamp="2019-07-02T23:05:47.098">
  <attribute name="GC Util" value="243" />
  <attribute name="CPU Util" value="8548933618606" />
  <attribute name="Time Running"value="7661"/>
  <attribute name="Number of cores"value="4"/>
</cycle-end>
<allocation-satisfied id="7534" threadId="000000000135BD00" bytesRequested="40" />
<af-end id="7535" timestamp="2019-07-02T23:05:47.098" threadId="000000000135C688" success="true" />
<exclusive-end id="7536" timestamp="2019-07-02T23:05:47.098" durationms="4.627" />

<exclusive-start id="7537" timestamp="2019-07-02T23:05:47.105" intervalms="11.208">
  <response-info timems="0.040" idlems="0.040" threads="0" lastid="000000000135BD00" lastname="Thread-10" />
</exclusive-start>
<af-start id="7538" threadId="000000000135C688" totalBytesRequested="24" timestamp="2019-07-02T23:05:47.105" intervalms="11.173" />
<cycle-start id="7539" type="global" contextid="0" timestamp="2019-07-02T23:05:47.105" intervalms="11.143" />
  <attribute name="GC Util" value="243" />
  <attribute name="CPU Util" value="8548933618606" />
  <attribute name="Time Running"value="7661"/>
  <attribute name="Number of cores"value="4"/>
<gc-start id="7540" type="global" contextid="7539" timestamp="2019-07-02T23:05:47.105">
  <mem-info id="7541" free="193536" total="19398656" percent="0">
    <mem type="tenure" free="193536" total="19398656" percent="0">
      <mem type="soa" free="0" total="19205120" percent="0" />
      <mem type="loa" free="193536" total="193536" percent="100" />
    </mem>
  </mem-info>
</gc-start>
<allocation-stats totalBytes="11696088" >
  <allocated-bytes non-tlh="0" tlh="11696088" />
  <largest-consumer threadName="Thread-7" threadId="0000000001358100" bytes="4808624" />
</allocation-stats>
<gc-op id="7542" type="mark" timems="2.030" contextid="7539" timestamp="2019-07-02T23:05:47.107">
  <trace-info objectcount="66724" scancount="59149" scanbytes="2159072" />
  <finalization candidates="124" enqueued="0" />
  <ownableSynchronizers candidates="3" cleared="0" />
  <references type="soft" candidates="84" cleared="0" enqueued="0" dynamicThreshold="19" maxThreshold="32" />
  <references type="weak" candidates="774" cleared="0" enqueued="0" />
  <references type="phantom" candidates="63" cleared="0" enqueued="0" />
  <stringconstants candidates="4574" cleared="0"  />
</gc-op>
<gc-op id="7543" type="sweep" timems="0.870" contextid="7539" timestamp="2019-07-02T23:05:47.108" />
<gc-end id="7544" type="global" contextid="7539" durationms="3.257" usertimems="4.000" systemtimems="4.000" timestamp="2019-07-02T23:05:47.108" activeThreads="4">
  <mem-info id="7545" free="12813392" total="19398656" percent="66">
    <mem type="tenure" free="12813392" total="19398656" percent="66" micro-fragmented="388864" macro-fragmented="0">
      <mem type="soa" free="12619856" total="19205120" percent="65" />
      <mem type="loa" free="193536" total="193536" percent="100" />
    </mem>
  </mem-info>
</gc-end>
<cycle-end id="7546" type="global" contextid="7539" timestamp="2019-07-02T23:05:47.108">
  <attribute name="GC Util" value="241" />
  <attribute name="CPU Util" value="8688003978168" />
  <attribute name="Time Running"value="7672"/>
  <attribute name="Number of cores"value="4"/>
</cycle-end>
<allocation-satisfied id="7547" threadId="000000000135BD00" bytesRequested="24" />
<af-end id="7548" timestamp="2019-07-02T23:05:47.109" threadId="000000000135C688" success="true" />
<exclusive-end id="7549" timestamp="2019-07-02T23:05:47.109" durationms="3.959" />

<exclusive-start id="7550" timestamp="2019-07-02T23:05:47.115" intervalms="10.636">
  <response-info timems="0.066" idlems="0.035" threads="1" lastid="000000000135F900" lastname="Thread-9" />
</exclusive-start>
<af-start id="7551" threadId="0000000001358A88" totalBytesRequested="24" timestamp="2019-07-02T23:05:47.115" intervalms="10.685" />
<cycle-start id="7552" type="global" contextid="0" timestamp="2019-07-02T23:05:47.116" intervalms="10.727" />
  <attribute name="GC Util" value="241" />
  <attribute name="CPU Util" value="8688003978168" />
  <attribute name="Time Running"value="7672"/>
  <attribute name="Number of cores"value="4"/>
<gc-start id="7553" type="global" contextid="7552" timestamp="2019-07-02T23:05:47.116">
  <mem-info id="7554" free="193536" total="19398656" percent="0">
    <mem type="tenure" free="193536" total="19398656" percent="0">
      <mem type="soa" free="0" total="19205120" percent="0" />
      <mem type="loa" free="193536" total="193536" percent="100" />
    </mem>
  </mem-info>
</gc-start>
<allocation-stats totalBytes="12590936" >
  <allocated-bytes non-tlh="42216" tlh="12548720" />
  <largest-consumer threadName="Thread-7" threadId="0000000001358100" bytes="4383384" />
</allocation-stats>
<gc-op id="7555" type="mark" timems="1.240" contextid="7552" timestamp="2019-07-02T23:05:47.117">
  <trace-info objectcount="66855" scancount="59291" scanbytes="2296468" />
  <finalization candidates="124" enqueued="0" />
  <ownableSynchronizers candidates="3" cleared="0" />
  <references type="soft" candidates="84" cleared="0" enqueued="0" dynamicThreshold="21" maxThreshold="32" />
  <references type="weak" candidates="774" cleared="0" enqueued="0" />
  <references type="phantom" candidates="63" cleared="0" enqueued="0" />
  <stringconstants candidates="4574" cleared="0"  />
</gc-op>
<gc-op id="7556" type="sweep" timems="0.402" contextid="7552" timestamp="2019-07-02T23:05:47.118" />
<gc-end id="7557" type="global" contextid="7552" durationms="2.171" usertimems="0.000" systemtimems="4.000" timestamp="2019-07-02T23:05:47.118" activeThreads="4">
  <mem-info id="7558" free="13042136" total="19398656" percent="67">
    <mem type="tenure" free="13042136" total="19398656" percent="67" micro-fragmented="282254" macro-fragmented="9100">
      <mem type="soa" free="12848600" total="19205120" percent="66" />
      <mem type="loa" free="193536" total="193536" percent="100" />
    </mem>
  </mem-info>
</gc-end>
<cycle-end id="7559" type="global" contextid="7552" timestamp="2019-07-02T23:05:47.118">
  <attribute name="GC Util" value="201" />
  <attribute name="CPU Util" value="13609975939752" />
  <attribute name="Time Running"value="7682"/>
  <attribute name="Number of cores"value="4"/>
</cycle-end>
<allocation-satisfied id="7560" threadId="0000000001358100" bytesRequested="24" />
<af-end id="7561" timestamp="2019-07-02T23:05:47.118" threadId="0000000001358A88" success="true" />
<exclusive-end id="7562" timestamp="2019-07-02T23:05:47.118" durationms="3.073" />

<exclusive-start id="7563" timestamp="2019-07-02T23:05:47.127" intervalms="11.531">
  <response-info timems="0.056" idlems="0.056" threads="0" lastid="000000000135F900" lastname="Thread-9" />
</exclusive-start>
<af-start id="7564" threadId="0000000001360288" totalBytesRequested="40" timestamp="2019-07-02T23:05:47.127" intervalms="11.511" />
<cycle-start id="7565" type="global" contextid="0" timestamp="2019-07-02T23:05:47.127" intervalms="11.503" />
  <attribute name="GC Util" value="201" />
  <attribute name="CPU Util" value="13609975939752" />
  <attribute name="Time Running"value="7682"/>
  <attribute name="Number of cores"value="4"/>
<gc-start id="7566" type="global" contextid="7565" timestamp="2019-07-02T23:05:47.127">
  <mem-info id="7567" free="193536" total="19398656" percent="0">
    <mem type="tenure" free="193536" total="19398656" percent="0">
      <mem type="soa" free="0" total="19205120" percent="0" />
      <mem type="loa" free="193536" total="193536" percent="100" />
    </mem>
  </mem-info>
</gc-start>
<allocation-stats totalBytes="12828448" >
  <allocated-bytes non-tlh="0" tlh="12828448" />
  <largest-consumer threadName="Thread-8" threadId="0000000001354500" bytes="4941984" />
</allocation-stats>
<gc-op id="7568" type="mark" timems="1.236" contextid="7565" timestamp="2019-07-02T23:05:47.129">
  <trace-info objectcount="68188" scancount="60611" scanbytes="2328612" />
  <finalization candidates="124" enqueued="0" />
  <ownableSynchronizers candidates="3" cleared="0" />
  <references type="soft" candidates="84" cleared="0" enqueued="0" dynamicThreshold="21" maxThreshold="32" />
  <references type="weak" candidates="774" cleared="0" enqueued="0" />
  <references type="phantom" candidates="63" cleared="0" enqueued="0" />
  <stringconstants candidates="4574" cleared="0"  />
</gc-op>
<gc-op id="7569" type="sweep" timems="0.505" contextid="7565" timestamp="2019-07-02T23:05:47.129" />
<heap-resize id="7570" type="contract" space="tenure" amount="131072" count="1" timems="0.061" reason="excess free space following gc" timestamp="2019-07-02T23:05:47.130" />
<gc-end id="7571" type="global" contextid="7565" durationms="2.377" usertimems="4.000" systemtimems="0.000" timestamp="2019-07-02T23:05:47.130" activeThreads="4">
  <mem-info id="7572" free="12666264" total="19267584" percent="65">
    <mem type="tenure" free="12666264" total="19267584" percent="65" micro-fragmented="263892" macro-fragmented="44608">
      <mem type="soa" free="12587392" total="19075072" percent="65" />
      <mem type="loa" free="78872" total="192512" percent="40" />
    </mem>
  </mem-info>
</gc-end>
<cycle-end id="7573" type="global" contextid="7565" timestamp="2019-07-02T23:05:47.130">
  <attribute name="GC Util" value="199" />
  <attribute name="CPU Util" value="13898961672556" />
  <attribute name="Time Running"value="7694"/>
  <attribute name="Number of cores"value="4"/>
</cycle-end>
<allocation-satisfied id="7574" threadId="000000000135F900" bytesRequested="40" />
<af-end id="7575" timestamp="2019-07-02T23:05:47.130" threadId="0000000001360288" success="true" />
<exclusive-end id="7576" timestamp="2019-07-02T23:05:47.130" durationms="3.083" />

<exclusive-start id="7577" timestamp="2019-07-02T23:05:47.137" intervalms="10.110">
  <response-info timems="0.076" idlems="0.040" threads="1" lastid="000000000135BD00" lastname="Thread-10" />
</exclusive-start>
<af-start id="7578" threadId="0000000001358A88" totalBytesRequested="40" timestamp="2019-07-02T23:05:47.137" intervalms="10.072" />
<cycle-start id="7579" type="global" contextid="0" timestamp="2019-07-02T23:05:47.137" intervalms="10.036" />
  <attribute name="GC Util" value="199" />
  <attribute name="CPU Util" value="13898961672556" />
  <attribute name="Time Running"value="7694"/>
  <attribute name="Number of cores"value="4"/>
<gc-start id="7580" type="global" contextid="7579" timestamp="2019-07-02T23:05:47.137">
  <mem-info id="7581" free="78872" total="19267584" percent="0">
    <mem type="tenure" free="78872" total="19267584" percent="0">
      <mem type="soa" free="0" total="19075072" percent="0" />
      <mem type="loa" free="78872" total="192512" percent="40" />
    </mem>
  </mem-info>
</gc-start>
<allocation-stats totalBytes="12564480" >
  <allocated-bytes non-tlh="0" tlh="12564480" />
  <largest-consumer threadName="Thread-8" threadId="0000000001354500" bytes="4410440" />
</allocation-stats>
<gc-op id="7582" type="mark" timems="2.242" contextid="7579" timestamp="2019-07-02T23:05:47.140">
  <trace-info objectcount="69168" scancount="61591" scanbytes="2351884" />
  <finalization candidates="124" enqueued="0" />
  <ownableSynchronizers candidates="3" cleared="0" />
  <references type="soft" candidates="84" cleared="0" enqueued="0" dynamicThreshold="21" maxThreshold="32" />
  <references type="weak" candidates="774" cleared="0" enqueued="0" />
  <references type="phantom" candidates="63" cleared="0" enqueued="0" />
  <stringconstants candidates="4574" cleared="0"  />
</gc-op>
<gc-op id="7583" type="sweep" timems="0.879" contextid="7579" timestamp="2019-07-02T23:05:47.141" />
<heap-resize id="7584" type="contract" space="tenure" amount="131072" count="1" timems="0.121" reason="excess free space following gc" timestamp="2019-07-02T23:05:47.141" />
<gc-end id="7585" type="global" contextid="7579" durationms="3.784" usertimems="8.000" systemtimems="0.000" timestamp="2019-07-02T23:05:47.141" activeThreads="4">
  <mem-info id="7586" free="12336400" total="19136512" percent="64">
    <mem type="tenure" free="12336400" total="19136512" percent="64" micro-fragmented="271580" macro-fragmented="35508">
      <mem type="soa" free="12336400" total="18946048" percent="65" />
      <mem type="loa" free="0" total="190464" percent="0" />
    </mem>
  </mem-info>
</gc-end>
<cycle-end id="7587" type="global" contextid="7579" timestamp="2019-07-02T23:05:47.141">
  <attribute name="GC Util" value="243" />
  <attribute name="CPU Util" value="7893512325019" />
  <attribute name="Time Running"value="7705"/>
  <attribute name="Number of cores"value="4"/>
</cycle-end>
<allocation-satisfied id="7588" threadId="0000000001358100" bytesRequested="40" />
<af-end id="7589" timestamp="2019-07-02T23:05:47.141" threadId="0000000001358A88" success="true" />
<exclusive-end id="7590" timestamp="2019-07-02T23:05:47.141" durationms="4.502" />

<exclusive-start id="7591" timestamp="2019-07-02T23:05:47.148" intervalms="10.764">
  <response-info timems="0.021" idlems="0.021" threads="0" lastid="0000000001354500" lastname="Thread-8" />
</exclusive-start>
<af-start id="7592" threadId="0000000001354E88" totalBytesRequested="40" timestamp="2019-07-02T23:05:47.148" intervalms="10.836" />
<cycle-start id="7593" type="global" contextid="0" timestamp="2019-07-02T23:05:47.148" intervalms="10.870" />
  <attribute name="GC Util" value="243" />
  <attribute name="CPU Util" value="7893512325019" />
  <attribute name="Time Running"value="7705"/>
  <attribute name="Number of cores"value="4"/>
<gc-start id="7594" type="global" contextid="7593" timestamp="2019-07-02T23:05:47.148">
  <mem-info id="7595" free="0" total="19136512" percent="0">
    <mem type="tenure" free="0" total="19136512" percent="0">
      <mem type="soa" free="0" total="18946048" percent="0" />
      <mem type="loa" free="0" total="190464" percent="0" />
    </mem>
  </mem-info>
</gc-start>
<allocation-stats totalBytes="12307512" >
  <allocated-bytes non-tlh="19056" tlh="12288456" />
  <largest-consumer threadName="Thread-8" threadId="0000000001354500" bytes="5020336" />
</allocation-stats>
<gc-op id="7596" type="mark" timems="2.354" contextid="7593" timestamp="2019-07-02T23:05:47.151">
  <trace-info objectcount="65148" scancount="57568" scanbytes="2255532" />
  <finalization candidates="124" enqueued="0" />
  <ownableSynchronizers candidates="3" cleared="0" />
  <references type="soft" candidates="84" cleared="0" enqueued="0" dynamicThreshold="20" maxThreshold="32" />
  <references type="weak" candidates="774" cleared="0" enqueued="0" />
  <references type="phantom" candidates="63" cleared="0" enqueued="0" />
  <stringconstants candidates="4574" cleared="0"  />
</gc-op>
<gc-op id="7597" type="sweep" timems="0.893" contextid="7593" timestamp="2019-07-02T23:05:47.151" />
<mem-info id="7598" free="12690504" total="19136512" percent="66">
  <mem type="tenure" free="12690504" total="19136512" percent="66" micro-fragmented="170614" macro-fragmented="29063">
    <mem type="soa" free="12690504" total="18946048" percent="66" />
    <mem type="loa" free="0" total="190464" percent="0" />
  </mem>
</mem-info>
<gc-op id="7599" type="compact" timems="5.686" contextid="7593" timestamp="2019-07-02T23:05:47.157">
  <compact-info movecount="25407" movebytes="1161200" reason="compact to aid heap contraction" />
</gc-op>
<heap-resize id="7600" type="contract" space="tenure" amount="131072" count="1" timems="0.036" reason="excess free space following gc" timestamp="2019-07-02T23:05:47.158" />
<gc-end id="7601" type="global" contextid="7593" durationms="9.566" usertimems="12.000" systemtimems="4.000" timestamp="2019-07-02T23:05:47.158" activeThreads="4">
  <mem-info id="7602" free="13155600" total="19005440" percent="69">
    <mem type="tenure" free="13155600" total="19005440" percent="69">
      <mem type="soa" free="13025552" total="18816000" percent="69" />
      <mem type="loa" free="130048" total="189440" percent="68" />
    </mem>
  </mem-info>
</gc-end>
<cycle-end id="7603" type="global" contextid="7593" timestamp="2019-07-02T23:05:47.158">
  <attribute name="GC Util" value="141" />
  <attribute name="CPU Util" value="16904635186681" />
  <attribute name="Time Running"value="7717"/>
  <attribute name="Number of cores"value="4"/>
</cycle-end>
<allocation-satisfied id="7604" threadId="0000000001354500" bytesRequested="40" />
<af-end id="7605" timestamp="2019-07-02T23:05:47.158" threadId="0000000001354E88" success="true" />
<exclusive-end id="7606" timestamp="2019-07-02T23:05:47.158" durationms="10.179" />

<exclusive-start id="7607" timestamp="2019-07-02T23:05:47.164" intervalms="16.067">
  <response-info timems="0.028" idlems="0.016" threads="1" lastid="000000000135BD00" lastname="Thread-10" />
</exclusive-start>
<af-start id="7608" threadId="0000000001358A88" totalBytesRequested="40" timestamp="2019-07-02T23:05:47.164" intervalms="16.005" />
<cycle-start id="7609" type="global" contextid="0" timestamp="2019-07-02T23:05:47.164" intervalms="15.970" />
  <attribute name="GC Util" value="141" />
  <attribute name="CPU Util" value="16904635186681" />
  <attribute name="Time Running"value="7717"/>
  <attribute name="Number of cores"value="4"/>
<gc-start id="7610" type="global" contextid="7609" timestamp="2019-07-02T23:05:47.164">
  <mem-info id="7611" free="130048" total="19005440" percent="0">
    <mem type="tenure" free="130048" total="19005440" percent="0">
      <mem type="soa" free="0" total="18816000" percent="0" />
      <mem type="loa" free="130048" total="189440" percent="68" />
    </mem>
  </mem-info>
</gc-start>
<allocation-stats totalBytes="13089888" >
  <allocated-bytes non-tlh="0" tlh="13089888" />
  <largest-consumer threadName="Thread-8" threadId="0000000001354500" bytes="5586728" />
</allocation-stats>
<gc-op id="7612" type="mark" timems="1.979" contextid="7609" timestamp="2019-07-02T23:05:47.166">
  <trace-info objectcount="65987" scancount="58404" scanbytes="2275308" />
  <finalization candidates="124" enqueued="0" />
  <ownableSynchronizers candidates="3" cleared="0" />
  <references type="soft" candidates="84" cleared="0" enqueued="0" dynamicThreshold="22" maxThreshold="32" />
  <references type="weak" candidates="774" cleared="0" enqueued="0" />
  <references type="phantom" candidates="63" cleared="0" enqueued="0" />
  <stringconstants candidates="4574" cleared="0"  />
</gc-op>
<gc-op id="7613" type="sweep" timems="0.746" contextid="7609" timestamp="2019-07-02T23:05:47.167" />
<heap-resize id="7614" type="contract" space="tenure" amount="131072" count="1" timems="0.079" reason="excess free space following gc" timestamp="2019-07-02T23:05:47.167" />
<gc-end id="7615" type="global" contextid="7609" durationms="3.385" usertimems="8.000" systemtimems="0.000" timestamp="2019-07-02T23:05:47.167" activeThreads="4">
  <mem-info id="7616" free="12921480" total="18874368" percent="68">
    <mem type="tenure" free="12921480" total="18874368" percent="68" micro-fragmented="9236" macro-fragmented="99676">
      <mem type="soa" free="12921480" total="18685952" percent="69" />
      <mem type="loa" free="0" total="188416" percent="0" />
    </mem>
  </mem-info>
</gc-end>
<cycle-end id="7617" type="global" contextid="7609" timestamp="2019-07-02T23:05:47.168">
  <attribute name="GC Util" value="244" />
  <attribute name="CPU Util" value="8925043315381" />
  <attribute name="Time Running"value="7731"/>
  <attribute name="Number of cores"value="4"/>
</cycle-end>
<allocation-satisfied id="7618" threadId="0000000001358100" bytesRequested="40" />
<af-end id="7619" timestamp="2019-07-02T23:05:47.168" threadId="0000000001358A88" success="true" />
<exclusive-end id="7620" timestamp="2019-07-02T23:05:47.168" durationms="4.113" />

<exclusive-start id="7621" timestamp="2019-07-02T23:05:47.174" intervalms="9.725">
  <response-info timems="0.027" idlems="0.015" threads="1" lastid="000000000135BD00" lastname="Thread-10" />
</exclusive-start>
<af-start id="7622" threadId="0000000001358A88" totalBytesRequested="40" timestamp="2019-07-02T23:05:47.174" intervalms="9.760" />
<cycle-start id="7623" type="global" contextid="0" timestamp="2019-07-02T23:05:47.174" intervalms="9.836" />
  <attribute name="GC Util" value="244" />
  <attribute name="CPU Util" value="8925043315381" />
  <attribute name="Time Running"value="7731"/>
  <attribute name="Number of cores"value="4"/>
<gc-start id="7624" type="global" contextid="7623" timestamp="2019-07-02T23:05:47.174">
  <mem-info id="7625" free="0" total="18874368" percent="0">
    <mem type="tenure" free="0" total="18874368" percent="0">
      <mem type="soa" free="0" total="18685952" percent="0" />
      <mem type="loa" free="0" total="188416" percent="0" />
    </mem>
  </mem-info>
</gc-start>
<allocation-stats totalBytes="12914960" >
  <allocated-bytes non-tlh="0" tlh="12914960" />
  <largest-consumer threadName="Thread-8" threadId="0000000001354500" bytes="5174384" />
</allocation-stats>
<gc-op id="7626" type="mark" timems="1.782" contextid="7623" timestamp="2019-07-02T23:05:47.176">
  <trace-info objectcount="61963" scancount="54394" scanbytes="2178836" />
  <finalization candidates="124" enqueued="0" />
  <ownableSynchronizers candidates="3" cleared="0" />
  <references type="soft" candidates="84" cleared="0" enqueued="0" dynamicThreshold="21" maxThreshold="32" />
  <references type="weak" candidates="774" cleared="0" enqueued="0" />
  <references type="phantom" candidates="63" cleared="0" enqueued="0" />
  <stringconstants candidates="4574" cleared="0"  />
</gc-op>
<gc-op id="7627" type="sweep" timems="0.743" contextid="7623" timestamp="2019-07-02T23:05:47.177" />
<heap-resize id="7628" type="contract" space="tenure" amount="65536" count="1" timems="0.078" reason="excess free space following gc" timestamp="2019-07-02T23:05:47.177" />
<gc-end id="7629" type="global" contextid="7623" durationms="3.181" usertimems="8.000" systemtimems="0.000" timestamp="2019-07-02T23:05:47.177" activeThreads="4">
  <mem-info id="7630" free="12786872" total="18808832" percent="67">
    <mem type="tenure" free="12786872" total="18808832" percent="67" micro-fragmented="131772" macro-fragmented="31744">
      <mem type="soa" free="12786872" total="18621440" percent="68" />
      <mem type="loa" free="0" total="187392" percent="0" />
    </mem>
  </mem-info>
</gc-end>
<cycle-end id="7631" type="global" contextid="7623" timestamp="2019-07-02T23:05:47.177">
  <attribute name="GC Util" value="235" />
  <attribute name="CPU Util" value="9817100216393" />
  <attribute name="Time Running"value="7741"/>
  <attribute name="Number of cores"value="4"/>
</cycle-end>
<allocation-satisfied id="7632" threadId="0000000001358100" bytesRequested="40" />
<af-end id="7633" timestamp="2019-07-02T23:05:47.177" threadId="0000000001358A88" success="true" />
<exclusive-end id="7634" timestamp="2019-07-02T23:05:47.178" durationms="4.011" />

<exclusive-start id="7635" timestamp="2019-07-02T23:05:47.183" intervalms="9.409">
  <response-info timems="0.020" idlems="0.020" threads="0" lastid="000000000135F900" lastname="Thread-9" />
</exclusive-start>
<af-start id="7636" threadId="0000000001360288" totalBytesRequested="24" timestamp="2019-07-02T23:05:47.183" intervalms="9.418" />
<cycle-start id="7637" type="global" contextid="0" timestamp="2019-07-02T23:05:47.183" intervalms="9.402" />
  <attribute name="GC Util" value="235" />
  <attribute name="CPU Util" value="9817100216393" />
  <attribute name="Time Running"value="7741"/>
  <attribute name="Number of cores"value="4"/>
<gc-start id="7638" type="global" contextid="7637" timestamp="2019-07-02T23:05:47.183">
  <mem-info id="7639" free="0" total="18808832" percent="0">
    <mem type="tenure" free="0" total="18808832" percent="0">
      <mem type="soa" free="0" total="18621440" percent="0" />
      <mem type="loa" free="0" total="187392" percent="0" />
    </mem>
  </mem-info>
</gc-start>
<allocation-stats totalBytes="12842920" >
  <allocated-bytes non-tlh="0" tlh="12842920" />
  <largest-consumer threadName="Thread-8" threadId="0000000001354500" bytes="5032032" />
</allocation-stats>
<gc-op id="7640" type="mark" timems="1.147" contextid="7637" timestamp="2019-07-02T23:05:47.185">
  <trace-info objectcount="62917" scancount="55349" scanbytes="2201620" />
  <finalization candidates="124" enqueued="0" />
  <ownableSynchronizers candidates="3" cleared="0" />
  <references type="soft" candidates="84" cleared="0" enqueued="0" dynamicThreshold="21" maxThreshold="32" />
  <references type="weak" candidates="774" cleared="0" enqueued="0" />
  <references type="phantom" candidates="63" cleared="0" enqueued="0" />
  <stringconstants candidates="4574" cleared="0"  />
</gc-op>
<gc-op id="7641" type="sweep" timems="0.390" contextid="7637" timestamp="2019-07-02T23:05:47.185" />
<mem-info id="7642" free="12779792" total="18808832" percent="67">
  <mem type="tenure" free="12779792" total="18808832" percent="67" micro-fragmented="112909" macro-fragmented="32527">
    <mem type="soa" free="12779792" total="18621440" percent="68" />
    <mem type="loa" free="0" total="187392" percent="0" />
  </mem>
</mem-info>
<gc-op id="7643" type="compact" timems="3.888" contextid="7637" timestamp="2019-07-02T23:05:47.189">
  <compact-info movecount="23176" movebytes="1107288" reason="compact to aid heap contraction" />
</gc-op>
<heap-resize id="7644" type="contract" space="tenure" amount="131072" count="1" timems="0.089" reason="excess free space following gc" timestamp="2019-07-02T23:05:47.190" />
<gc-end id="7645" type="global" contextid="7637" durationms="6.270" usertimems="8.000" systemtimems="0.000" timestamp="2019-07-02T23:05:47.190" activeThreads="4">
  <mem-info id="7646" free="12884904" total="18677760" percent="68">
    <mem type="tenure" free="12884904" total="18677760" percent="68">
      <mem type="soa" free="12754856" total="18491392" percent="68" />
      <mem type="loa" free="130048" total="186368" percent="69" />
    </mem>
  </mem-info>
</gc-end>
<cycle-end id="7647" type="global" contextid="7637" timestamp="2019-07-02T23:05:47.190">
  <attribute name="GC Util" value="22" />
  <attribute name="CPU Util" value="31831622619674" />
  <attribute name="Time Running"value="7750"/>
  <attribute name="Number of cores"value="4"/>
</cycle-end>
<allocation-satisfied id="7648" threadId="000000000135F900" bytesRequested="24" />
<af-end id="7649" timestamp="2019-07-02T23:05:47.190" threadId="0000000001360288" success="true" />
<exclusive-end id="7650" timestamp="2019-07-02T23:05:47.190" durationms="7.087" />

<exclusive-start id="7651" timestamp="2019-07-02T23:05:47.195" intervalms="12.105">
  <response-info timems="0.022" idlems="0.022" threads="0" lastid="0000000001354500" lastname="Thread-8" />
</exclusive-start>
<af-start id="7652" threadId="0000000001354E88" totalBytesRequested="40" timestamp="2019-07-02T23:05:47.195" intervalms="12.050" />
<cycle-start id="7653" type="global" contextid="0" timestamp="2019-07-02T23:05:47.195" intervalms="12.026" />
  <attribute name="GC Util" value="22" />
  <attribute name="CPU Util" value="31831622619674" />
  <attribute name="Time Running"value="7750"/>
  <attribute name="Number of cores"value="4"/>
<gc-start id="7654" type="global" contextid="7653" timestamp="2019-07-02T23:05:47.195">
  <mem-info id="7655" free="130048" total="18677760" percent="0">
    <mem type="tenure" free="130048" total="18677760" percent="0">
      <mem type="soa" free="0" total="18491392" percent="0" />
      <mem type="loa" free="130048" total="186368" percent="69" />
    </mem>
  </mem-info>
</gc-start>
<allocation-stats totalBytes="12819488" >
  <allocated-bytes non-tlh="0" tlh="12819488" />
  <largest-consumer threadName="Thread-8" threadId="0000000001354500" bytes="4861512" />
</allocation-stats>
<gc-op id="7656" type="mark" timems="1.947" contextid="7653" timestamp="2019-07-02T23:05:47.197">
  <trace-info objectcount="63712" scancount="56167" scanbytes="2221052" />
  <finalization candidates="124" enqueued="0" />
  <ownableSynchronizers candidates="3" cleared="0" />
  <references type="soft" candidates="84" cleared="0" enqueued="0" dynamicThreshold="22" maxThreshold="32" />
  <references type="weak" candidates="774" cleared="0" enqueued="0" />
  <references type="phantom" candidates="63" cleared="0" enqueued="0" />
  <stringconstants candidates="4574" cleared="0"  />
</gc-op>
<gc-op id="7657" type="sweep" timems="0.719" contextid="7653" timestamp="2019-07-02T23:05:47.198" />
<heap-resize id="7658" type="contract" space="tenure" amount="131072" count="1" timems="0.077" reason="excess free space following gc" timestamp="2019-07-02T23:05:47.198" />
<gc-end id="7659" type="global" contextid="7653" durationms="3.208" usertimems="4.000" systemtimems="4.000" timestamp="2019-07-02T23:05:47.198" activeThreads="4">
  <mem-info id="7660" free="12659232" total="18546688" percent="68">
    <mem type="tenure" free="12659232" total="18546688" percent="68" micro-fragmented="11968" macro-fragmented="75515">
      <mem type="soa" free="12659232" total="18361344" percent="68" />
      <mem type="loa" free="0" total="185344" percent="0" />
    </mem>
  </mem-info>
</gc-end>
<cycle-end id="7661" type="global" contextid="7653" timestamp="2019-07-02T23:05:47.199">
  <attribute name="GC Util" value="241" />
  <attribute name="CPU Util" value="9081786756085" />
  <attribute name="Time Running"value="7762"/>
  <attribute name="Number of cores"value="4"/>
</cycle-end>
<allocation-satisfied id="7662" threadId="0000000001354500" bytesRequested="40" />
<af-end id="7663" timestamp="2019-07-02T23:05:47.199" threadId="0000000001354E88" success="true" />
<exclusive-end id="7664" timestamp="2019-07-02T23:05:47.199" durationms="3.756" />

<exclusive-start id="7665" timestamp="2019-07-02T23:05:47.204" intervalms="9.020">
  <response-info timems="0.027" idlems="0.027" threads="1" lastid="0000000001354500" lastname="Thread-8" />
</exclusive-start>
<af-start id="7666" threadId="0000000001358A88" totalBytesRequested="40" timestamp="2019-07-02T23:05:47.204" intervalms="9.085" />
<cycle-start id="7667" type="global" contextid="0" timestamp="2019-07-02T23:05:47.204" intervalms="9.129" />
  <attribute name="GC Util" value="241" />
  <attribute name="CPU Util" value="9081786756085" />
  <attribute name="Time Running"value="7762"/>
  <attribute name="Number of cores"value="4"/>
<gc-start id="7668" type="global" contextid="7667" timestamp="2019-07-02T23:05:47.204">
  <mem-info id="7669" free="0" total="18546688" percent="0">
    <mem type="tenure" free="0" total="18546688" percent="0">
      <mem type="soa" free="0" total="18361344" percent="0" />
      <mem type="loa" free="0" total="185344" percent="0" />
    </mem>
  </mem-info>
</gc-start>
<allocation-stats totalBytes="12655672" >
  <allocated-bytes non-tlh="0" tlh="12655672" />
  <largest-consumer threadName="Thread-8" threadId="0000000001354500" bytes="5030968" />
</allocation-stats>
<gc-op id="7670" type="mark" timems="2.157" contextid="7667" timestamp="2019-07-02T23:05:47.207">
  <trace-info objectcount="64448" scancount="56870" scanbytes="2238468" />
  <finalization candidates="124" enqueued="0" />
  <ownableSynchronizers candidates="3" cleared="0" />
  <references type="soft" candidates="84" cleared="0" enqueued="0" dynamicThreshold="21" maxThreshold="32" />
  <references type="weak" candidates="774" cleared="0" enqueued="0" />
  <references type="phantom" candidates="63" cleared="0" enqueued="0" />
  <stringconstants candidates="4574" cleared="0"  />
</gc-op>
<gc-op id="7671" type="sweep" timems="0.769" contextid="7667" timestamp="2019-07-02T23:05:47.208" />
<mem-info id="7672" free="12680888" total="18546688" percent="68">
  <mem type="tenure" free="12680888" total="18546688" percent="68" micro-fragmented="0" macro-fragmented="0">
    <mem type="soa" free="12607648" total="18361344" percent="68" />
    <mem type="loa" free="73240" total="185344" percent="39" />
  </mem>
</mem-info>
<gc-op id="7673" type="compact" timems="4.543" contextid="7667" timestamp="2019-07-02T23:05:47.212">
  <compact-info movecount="8711" movebytes="348104" reason="compact to aid heap contraction" />
</gc-op>
<heap-resize id="7674" type="contract" space="tenure" amount="131072" count="1" timems="0.082" reason="excess free space following gc" timestamp="2019-07-02T23:05:47.213" />
<gc-end id="7675" type="global" contextid="7667" durationms="8.279" usertimems="12.000" systemtimems="0.000" timestamp="2019-07-02T23:05:47.213" activeThreads="4">
  <mem-info id="7676" free="12587960" total="18415616" percent="68">
    <mem type="tenure" free="12587960" total="18415616" percent="68">
      <mem type="soa" free="12458936" total="18232320" percent="68" />
      <mem type="loa" free="129024" total="183296" percent="70" />
    </mem>
  </mem-info>
</gc-end>
<cycle-end id="7677" type="global" contextid="7667" timestamp="2019-07-02T23:05:47.213">
  <attribute name="GC Util" value="150" />
  <attribute name="CPU Util" value="18278164114679" />
  <attribute name="Time Running"value="7773"/>
  <attribute name="Number of cores"value="4"/>
</cycle-end>
<allocation-satisfied id="7678" threadId="0000000001358100" bytesRequested="40" />
<af-end id="7679" timestamp="2019-07-02T23:05:47.213" threadId="0000000001358A88" success="true" />
<exclusive-end id="7680" timestamp="2019-07-02T23:05:47.213" durationms="9.054" />

<exclusive-start id="7681" timestamp="2019-07-02T23:05:47.218" intervalms="13.928">
  <response-info timems="0.022" idlems="0.022" threads="0" lastid="0000000001354500" lastname="Thread-8" />
</exclusive-start>
<af-start id="7682" threadId="0000000001354E88" totalBytesRequested="24" timestamp="2019-07-02T23:05:47.218" intervalms="13.903" />
<cycle-start id="7683" type="global" contextid="0" timestamp="2019-07-02T23:05:47.218" intervalms="13.859" />
  <attribute name="GC Util" value="150" />
  <attribute name="CPU Util" value="18278164114679" />
  <attribute name="Time Running"value="7773"/>
  <attribute name="Number of cores"value="4"/>
<gc-start id="7684" type="global" contextid="7683" timestamp="2019-07-02T23:05:47.218">
  <mem-info id="7685" free="129024" total="18415616" percent="0">
    <mem type="tenure" free="129024" total="18415616" percent="0">
      <mem type="soa" free="0" total="18232320" percent="0" />
      <mem type="loa" free="129024" total="183296" percent="70" />
    </mem>
  </mem-info>
</gc-start>
<allocation-stats totalBytes="12522360" >
  <allocated-bytes non-tlh="0" tlh="12522360" />
  <largest-consumer threadName="Thread-8" threadId="0000000001354500" bytes="4685120" />
</allocation-stats>
<gc-op id="7686" type="mark" timems="2.152" contextid="7683" timestamp="2019-07-02T23:05:47.221">
  <trace-info objectcount="65334" scancount="57757" scanbytes="2259748" />
  <finalization candidates="124" enqueued="0" />
  <ownableSynchronizers candidates="3" cleared="0" />
  <references type="soft" candidates="84" cleared="0" enqueued="0" dynamicThreshold="21" maxThreshold="32" />
  <references type="weak" candidates="774" cleared="0" enqueued="0" />
  <references type="phantom" candidates="63" cleared="0" enqueued="0" />
  <stringconstants candidates="4574" cleared="0"  />
</gc-op>
<gc-op id="7687" type="sweep" timems="0.733" contextid="7683" timestamp="2019-07-02T23:05:47.221" />
<heap-resize id="7688" type="contract" space="tenure" amount="131072" count="1" timems="0.079" reason="excess free space following gc" timestamp="2019-07-02T23:05:47.222" />
<gc-end id="7689" type="global" contextid="7683" durationms="3.421" usertimems="4.000" systemtimems="4.000" timestamp="2019-07-02T23:05:47.222" activeThreads="4">
  <mem-info id="7690" free="12443664" total="18284544" percent="68">
    <mem type="tenure" free="12443664" total="18284544" percent="68" micro-fragmented="7488" macro-fragmented="0">
      <mem type="soa" free="12370488" total="18102272" percent="68" />
      <mem type="loa" free="73176" total="182272" percent="40" />
    </mem>
  </mem-info>
</gc-end>
<cycle-end id="7691" type="global" contextid="7683" timestamp="2019-07-02T23:05:47.222">
  <attribute name="GC Util" value="238" />
  <attribute name="CPU Util" value="8272089760171" />
  <attribute name="Time Running"value="7786"/>
  <attribute name="Number of cores"value="4"/>
</cycle-end>
<allocation-satisfied id="7692" threadId="0000000001354500" bytesRequested="24" />
<af-end id="7693" timestamp="2019-07-02T23:05:47.222" threadId="0000000001354E88" success="true" />
<exclusive-end id="7694" timestamp="2019-07-02T23:05:47.222" durationms="4.061" />

<exclusive-start id="7695" timestamp="2019-07-02T23:05:47.227" intervalms="9.166">
  <response-info timems="0.026" idlems="0.025" threads="1" lastid="000000000135BD00" lastname="Thread-10" />
</exclusive-start>
<af-start id="7696" threadId="0000000001358A88" totalBytesRequested="40" timestamp="2019-07-02T23:05:47.227" intervalms="9.135" />
<cycle-start id="7697" type="global" contextid="0" timestamp="2019-07-02T23:05:47.227" intervalms="9.098" />
  <attribute name="GC Util" value="238" />
  <attribute name="CPU Util" value="8272089760171" />
  <attribute name="Time Running"value="7786"/>
  <attribute name="Number of cores"value="4"/>
<gc-start id="7698" type="global" contextid="7697" timestamp="2019-07-02T23:05:47.227">
  <mem-info id="7699" free="73176" total="18284544" percent="0">
    <mem type="tenure" free="73176" total="18284544" percent="0">
      <mem type="soa" free="0" total="18102272" percent="0" />
      <mem type="loa" free="73176" total="182272" percent="40" />
    </mem>
  </mem-info>
</gc-start>
<allocation-stats totalBytes="12366288" >
  <allocated-bytes non-tlh="0" tlh="12366288" />
  <largest-consumer threadName="Thread-8" threadId="0000000001354500" bytes="4775000" />
</allocation-stats>
<gc-op id="7700" type="mark" timems="2.136" contextid="7697" timestamp="2019-07-02T23:05:47.230">
  <trace-info objectcount="66460" scancount="58889" scanbytes="2287140" />
  <finalization candidates="124" enqueued="0" />
  <ownableSynchronizers candidates="3" cleared="0" />
  <references type="soft" candidates="84" cleared="0" enqueued="0" dynamicThreshold="21" maxThreshold="32" />
  <references type="weak" candidates="774" cleared="0" enqueued="0" />
  <references type="phantom" candidates="63" cleared="0" enqueued="0" />
  <stringconstants candidates="4574" cleared="0"  />
</gc-op>
<gc-op id="7701" type="sweep" timems="0.746" contextid="7697" timestamp="2019-07-02T23:05:47.230" />
<mem-info id="7702" free="12454520" total="18284544" percent="68">
  <mem type="tenure" free="12454520" total="18284544" percent="68" micro-fragmented="13536" macro-fragmented="0">
    <mem type="soa" free="12309112" total="18102272" percent="67" />
    <mem type="loa" free="145408" total="182272" percent="79" />
  </mem>
</mem-info>
<gc-op id="7703" type="compact" timems="4.455" contextid="7697" timestamp="2019-07-02T23:05:47.235">
  <compact-info movecount="4986" movebytes="121712" reason="compact to aid heap contraction" />
</gc-op>
<heap-resize id="7704" type="contract" space="tenure" amount="131072" count="1" timems="0.080" reason="excess free space following gc" timestamp="2019-07-02T23:05:47.235" />
<gc-end id="7705" type="global" contextid="7697" durationms="8.245" usertimems="12.000" systemtimems="0.000" timestamp="2019-07-02T23:05:47.236" activeThreads="4">
  <mem-info id="7706" free="12280216" total="18153472" percent="67">
    <mem type="tenure" free="12280216" total="18153472" percent="67">
      <mem type="soa" free="12150168" total="17972224" percent="67" />
      <mem type="loa" free="130048" total="181248" percent="71" />
    </mem>
  </mem-info>
</gc-end>
<cycle-end id="7707" type="global" contextid="7697" timestamp="2019-07-02T23:05:47.236">
  <attribute name="GC Util" value="140" />
  <attribute name="CPU Util" value="17734525092379" />
  <attribute name="Time Running"value="7796"/>
  <attribute name="Number of cores"value="4"/>
</cycle-end>
<allocation-satisfied id="7708" threadId="0000000001358100" bytesRequested="40" />
<af-end id="7709" timestamp="2019-07-02T23:05:47.236" threadId="0000000001358A88" success="true" />
<exclusive-end id="7710" timestamp="2019-07-02T23:05:47.236" durationms="8.974" />

<exclusive-start id="7711" timestamp="2019-07-02T23:05:47.241" intervalms="13.747">
  <response-info timems="0.019" idlems="0.019" threads="0" lastid="0000000001358100" lastname="Thread-7" />
</exclusive-start>
<af-start id="7712" threadId="0000000001358A88" totalBytesRequested="24" timestamp="2019-07-02T23:05:47.241" intervalms="13.815" />
<cycle-start id="7713" type="global" contextid="0" timestamp="2019-07-02T23:05:47.241" intervalms="13.866" />
  <attribute name="GC Util" value="140" />
  <attribute name="CPU Util" value="17734525092379" />
  <attribute name="Time Running"value="7796"/>
  <attribute name="Number of cores"value="4"/>
<gc-start id="7714" type="global" contextid="7713" timestamp="2019-07-02T23:05:47.241">
  <mem-info id="7715" free="130048" total="18153472" percent="0">
    <mem type="tenure" free="130048" total="18153472" percent="0">
      <mem type="soa" free="0" total="17972224" percent="0" />
      <mem type="loa" free="130048" total="181248" percent="71" />
    </mem>
  </mem-info>
</gc-start>
<allocation-stats totalBytes="12215328" >
  <allocated-bytes non-tlh="0" tlh="12215328" />
  <largest-consumer threadName="Thread-8" threadId="0000000001354500" bytes="4816704" />
</allocation-stats>
<gc-op id="7716" type="mark" timems="2.017" contextid="7713" timestamp="2019-07-02T23:05:47.244">
  <trace-info objectcount="67233" scancount="59645" scanbytes="2305572" />
  <finalization candidates="124" enqueued="0" />
  <ownableSynchronizers candidates="3" cleared="0" />
  <references type="soft" candidates="84" cleared="0" enqueued="0" dynamicThreshold="21" maxThreshold="32" />
  <references type="weak" candidates="774" cleared="0" enqueued="0" />
  <references type="phantom" candidates="63" cleared="0" enqueued="0" />
  <stringconstants candidates="4574" cleared="0"  />
</gc-op>
<gc-op id="7717" type="sweep" timems="0.731" contextid="7713" timestamp="2019-07-02T23:05:47.244" />
<heap-resize id="7718" type="contract" space="tenure" amount="131072" count="1" timems="0.080" reason="excess free space following gc" timestamp="2019-07-02T23:05:47.245" />
<gc-end id="7719" type="global" contextid="7713" durationms="3.347" usertimems="8.000" systemtimems="0.000" timestamp="2019-07-02T23:05:47.245" activeThreads="4">
  <mem-info id="7720" free="12176216" total="18022400" percent="67">
    <mem type="tenure" free="12176216" total="18022400" percent="67" micro-fragmented="3072" macro-fragmented="0">
      <mem type="soa" free="12048088" total="17842176" percent="67" />
      <mem type="loa" free="128128" total="180224" percent="71" />
    </mem>
  </mem-info>
</gc-end>
<cycle-end id="7721" type="global" contextid="7713" timestamp="2019-07-02T23:05:47.245">
  <attribute name="GC Util" value="231" />
  <attribute name="CPU Util" value="8728240543958" />
  <attribute name="Time Running"value="7808"/>
  <attribute name="Number of cores"value="4"/>
</cycle-end>
<allocation-satisfied id="7722" threadId="0000000001358100" bytesRequested="24" />
<af-end id="7723" timestamp="2019-07-02T23:05:47.245" threadId="0000000001358A88" success="true" />
<exclusive-end id="7724" timestamp="2019-07-02T23:05:47.245" durationms="4.033" />

<exclusive-start id="7725" timestamp="2019-07-02T23:05:47.250" intervalms="8.884">
  <response-info timems="0.022" idlems="0.022" threads="0" lastid="0000000001358100" lastname="Thread-7" />
</exclusive-start>
<af-start id="7726" threadId="0000000001358A88" totalBytesRequested="24" timestamp="2019-07-02T23:05:47.250" intervalms="8.850" />
<cycle-start id="7727" type="global" contextid="0" timestamp="2019-07-02T23:05:47.250" intervalms="8.834" />
  <attribute name="GC Util" value="231" />
  <attribute name="CPU Util" value="8728240543958" />
  <attribute name="Time Running"value="7808"/>
  <attribute name="Number of cores"value="4"/>
<gc-start id="7728" type="global" contextid="7727" timestamp="2019-07-02T23:05:47.250">
  <mem-info id="7729" free="128128" total="18022400" percent="0">
    <mem type="tenure" free="128128" total="18022400" percent="0">
      <mem type="soa" free="0" total="17842176" percent="0" />
      <mem type="loa" free="128128" total="180224" percent="71" />
    </mem>
  </mem-info>
</gc-start>
<allocation-stats totalBytes="12044264" >
  <allocated-bytes non-tlh="0" tlh="12044264" />
  <largest-consumer threadName="Thread-8" threadId="0000000001354500" bytes="4662984" />
</allocation-stats>
<gc-op id="7730" type="mark" timems="1.882" contextid="7727" timestamp="2019-07-02T23:05:47.252">
  <trace-info objectcount="68159" scancount="60587" scanbytes="2327660" />
  <finalization candidates="124" enqueued="0" />
  <ownableSynchronizers candidates="3" cleared="0" />
  <references type="soft" candidates="84" cleared="0" enqueued="0" dynamicThreshold="21" maxThreshold="32" />
  <references type="weak" candidates="774" cleared="0" enqueued="0" />
  <references type="phantom" candidates="63" cleared="0" enqueued="0" />
  <stringconstants candidates="4574" cleared="0"  />
</gc-op>
<gc-op id="7731" type="sweep" timems="0.772" contextid="7727" timestamp="2019-07-02T23:05:47.253" />
<mem-info id="7732" free="12130032" total="18022400" percent="67">
  <mem type="tenure" free="12130032" total="18022400" percent="67" micro-fragmented="15552" macro-fragmented="0">
    <mem type="soa" free="12001904" total="17842176" percent="67" />
    <mem type="loa" free="128128" total="180224" percent="71" />
  </mem>
</mem-info>
<gc-op id="7733" type="compact" timems="4.476" contextid="7727" timestamp="2019-07-02T23:05:47.258">
  <compact-info movecount="3434" movebytes="84208" reason="compact to aid heap contraction" />
</gc-op>
<heap-resize id="7734" type="contract" space="tenure" amount="131072" count="1" timems="0.067" reason="excess free space following gc" timestamp="2019-07-02T23:05:47.258" />
<gc-end id="7735" type="global" contextid="7727" durationms="8.182" usertimems="16.000" systemtimems="0.000" timestamp="2019-07-02T23:05:47.258" activeThreads="4">
  <mem-info id="7736" free="11979600" total="17891328" percent="66">
    <mem type="tenure" free="11979600" total="17891328" percent="66">
      <mem type="soa" free="11850576" total="17713152" percent="66" />
      <mem type="loa" free="129024" total="178176" percent="72" />
    </mem>
  </mem-info>
</gc-end>
<cycle-end id="7737" type="global" contextid="7727" timestamp="2019-07-02T23:05:47.258">
  <attribute name="GC Util" value="137" />
  <attribute name="CPU Util" value="17566420044849" />
  <attribute name="Time Running"value="7818"/>
  <attribute name="Number of cores"value="4"/>
</cycle-end>
<allocation-satisfied id="7738" threadId="0000000001358100" bytesRequested="24" />
<af-end id="7739" timestamp="2019-07-02T23:05:47.259" threadId="0000000001358A88" success="true" />
<exclusive-end id="7740" timestamp="2019-07-02T23:05:47.259" durationms="9.015" />

<exclusive-start id="7741" timestamp="2019-07-02T23:05:47.263" intervalms="13.526">
  <response-info timems="0.023" idlems="0.023" threads="0" lastid="000000000135F900" lastname="Thread-9" />
</exclusive-start>
<af-start id="7742" threadId="0000000001360288" totalBytesRequested="40" timestamp="2019-07-02T23:05:47.263" intervalms="13.549" />
<cycle-start id="7743" type="global" contextid="0" timestamp="2019-07-02T23:05:47.264" intervalms="13.626" />
  <attribute name="GC Util" value="137" />
  <attribute name="CPU Util" value="17566420044849" />
  <attribute name="Time Running"value="7818"/>
  <attribute name="Number of cores"value="4"/>
<gc-start id="7744" type="global" contextid="7743" timestamp="2019-07-02T23:05:47.264">
  <mem-info id="7745" free="129024" total="17891328" percent="0">
    <mem type="tenure" free="129024" total="17891328" percent="0">
      <mem type="soa" free="0" total="17713152" percent="0" />
      <mem type="loa" free="129024" total="178176" percent="72" />
    </mem>
  </mem-info>
</gc-start>
<allocation-stats totalBytes="11915008" >
  <allocated-bytes non-tlh="0" tlh="11915008" />
  <largest-consumer threadName="Thread-8" threadId="0000000001354500" bytes="4423256" />
</allocation-stats>
<gc-op id="7746" type="mark" timems="1.232" contextid="7743" timestamp="2019-07-02T23:05:47.265">
  <trace-info objectcount="68838" scancount="61267" scanbytes="2343956" />
  <finalization candidates="124" enqueued="0" />
  <ownableSynchronizers candidates="3" cleared="0" />
  <references type="soft" candidates="84" cleared="0" enqueued="0" dynamicThreshold="21" maxThreshold="32" />
  <references type="weak" candidates="774" cleared="0" enqueued="0" />
  <references type="phantom" candidates="63" cleared="0" enqueued="0" />
  <stringconstants candidates="4574" cleared="0"  />
</gc-op>
<gc-op id="7747" type="sweep" timems="0.246" contextid="7743" timestamp="2019-07-02T23:05:47.266" />
<heap-resize id="7748" type="contract" space="tenure" amount="131072" count="1" timems="0.087" reason="excess free space following gc" timestamp="2019-07-02T23:05:47.266" />
<gc-end id="7749" type="global" contextid="7743" durationms="2.157" usertimems="0.000" systemtimems="4.000" timestamp="2019-07-02T23:05:47.266" activeThreads="4">
  <mem-info id="7750" free="11850184" total="17760256" percent="66">
    <mem type="tenure" free="11850184" total="17760256" percent="66" micro-fragmented="9504" macro-fragmented="0">
      <mem type="soa" free="11757488" total="17583104" percent="66" />
      <mem type="loa" free="92696" total="177152" percent="52" />
    </mem>
  </mem-info>
</gc-end>
<cycle-end id="7751" type="global" contextid="7743" timestamp="2019-07-02T23:05:47.266">
  <attribute name="GC Util" value="194" />
  <attribute name="CPU Util" value="13916577544804" />
  <attribute name="Time Running"value="7830"/>
  <attribute name="Number of cores"value="4"/>
</cycle-end>
<allocation-satisfied id="7752" threadId="000000000135F900" bytesRequested="40" />
<af-end id="7753" timestamp="2019-07-02T23:05:47.266" threadId="0000000001360288" success="true" />
<exclusive-end id="7754" timestamp="2019-07-02T23:05:47.266" durationms="2.945" />

<exclusive-start id="7755" timestamp="2019-07-02T23:05:47.276" intervalms="12.616">
  <response-info timems="0.034" idlems="0.018" threads="1" lastid="000000000135F900" lastname="Thread-9" />
</exclusive-start>
<af-start id="7756" threadId="0000000001358A88" totalBytesRequested="40" timestamp="2019-07-02T23:05:47.276" intervalms="12.641" />
<cycle-start id="7757" type="global" contextid="0" timestamp="2019-07-02T23:05:47.276" intervalms="12.609" />
  <attribute name="GC Util" value="194" />
  <attribute name="CPU Util" value="13916577544804" />
  <attribute name="Time Running"value="7830"/>
  <attribute name="Number of cores"value="4"/>
<gc-start id="7758" type="global" contextid="7757" timestamp="2019-07-02T23:05:47.276">
  <mem-info id="7759" free="92696" total="17760256" percent="0">
    <mem type="tenure" free="92696" total="17760256" percent="0">
      <mem type="soa" free="0" total="17583104" percent="0" />
      <mem type="loa" free="92696" total="177152" percent="52" />
    </mem>
  </mem-info>
</gc-start>
<allocation-stats totalBytes="11753736" >
  <allocated-bytes non-tlh="0" tlh="11753736" />
  <largest-consumer threadName="Thread-10" threadId="000000000135BD00" bytes="6309520" />
</allocation-stats>
<gc-op id="7760" type="mark" timems="2.118" contextid="7757" timestamp="2019-07-02T23:05:47.279">
  <trace-info objectcount="69718" scancount="62144" scanbytes="2365148" />
  <finalization candidates="124" enqueued="0" />
  <ownableSynchronizers candidates="3" cleared="0" />
  <references type="soft" candidates="84" cleared="0" enqueued="0" dynamicThreshold="21" maxThreshold="32" />
  <references type="weak" candidates="774" cleared="0" enqueued="0" />
  <references type="phantom" candidates="63" cleared="0" enqueued="0" />
  <stringconstants candidates="4574" cleared="0"  />
</gc-op>
<gc-op id="7761" type="sweep" timems="0.759" contextid="7757" timestamp="2019-07-02T23:05:47.280" />
<heap-resize id="7762" type="contract" space="tenure" amount="131072" count="1" timems="0.094" reason="excess free space following gc" timestamp="2019-07-02T23:05:47.280" />
<gc-end id="7763" type="global" contextid="7757" durationms="3.611" usertimems="8.000" systemtimems="0.000" timestamp="2019-07-02T23:05:47.280" activeThreads="4">
  <mem-info id="7764" free="11589752" total="17629184" percent="65">
    <mem type="tenure" free="11589752" total="17629184" percent="65" micro-fragmented="29920" macro-fragmented="0">
      <mem type="soa" free="11589752" total="17453056" percent="66" />
      <mem type="loa" free="0" total="176128" percent="0" />
    </mem>
  </mem-info>
</gc-end>
<cycle-end id="7765" type="global" contextid="7757" timestamp="2019-07-02T23:05:47.280">
  <attribute name="GC Util" value="240" />
  <attribute name="CPU Util" value="8158936549079" />
  <attribute name="Time Running"value="7844"/>
  <attribute name="Number of cores"value="4"/>
</cycle-end>
<allocation-satisfied id="7766" threadId="0000000001358100" bytesRequested="40" />
<af-end id="7767" timestamp="2019-07-02T23:05:47.280" threadId="0000000001358A88" success="true" />
<exclusive-end id="7768" timestamp="2019-07-02T23:05:47.280" durationms="4.409" />

<exclusive-start id="7769" timestamp="2019-07-02T23:05:47.287" intervalms="10.824">
  <response-info timems="0.021" idlems="0.021" threads="0" lastid="000000000135BD00" lastname="Thread-10" />
</exclusive-start>
<af-start id="7770" threadId="000000000135C688" totalBytesRequested="40" timestamp="2019-07-02T23:05:47.287" intervalms="10.787" />
<cycle-start id="7771" type="global" contextid="0" timestamp="2019-07-02T23:05:47.287" intervalms="10.779" />
  <attribute name="GC Util" value="240" />
  <attribute name="CPU Util" value="8158936549079" />
  <attribute name="Time Running"value="7844"/>
  <attribute name="Number of cores"value="4"/>
<gc-start id="7772" type="global" contextid="7771" timestamp="2019-07-02T23:05:47.287">
  <mem-info id="7773" free="0" total="17629184" percent="0">
    <mem type="tenure" free="0" total="17629184" percent="0">
      <mem type="soa" free="0" total="17453056" percent="0" />
      <mem type="loa" free="0" total="176128" percent="0" />
    </mem>
  </mem-info>
</gc-start>
<allocation-stats totalBytes="11580704" >
  <allocated-bytes non-tlh="0" tlh="11580704" />
  <largest-consumer threadName="Thread-8" threadId="0000000001354500" bytes="6128080" />
</allocation-stats>
<gc-op id="7774" type="mark" timems="1.401" contextid="7771" timestamp="2019-07-02T23:05:47.289">
  <trace-info objectcount="70471" scancount="62880" scanbytes="2383164" />
  <finalization candidates="124" enqueued="0" />
  <ownableSynchronizers candidates="3" cleared="0" />
  <references type="soft" candidates="84" cleared="0" enqueued="0" dynamicThreshold="21" maxThreshold="32" />
  <references type="weak" candidates="774" cleared="0" enqueued="0" />
  <references type="phantom" candidates="63" cleared="0" enqueued="0" />
  <stringconstants candidates="4574" cleared="0"  />
</gc-op>
<gc-op id="7775" type="sweep" timems="0.373" contextid="7771" timestamp="2019-07-02T23:05:47.289" />
<mem-info id="7776" free="11534712" total="17629184" percent="65">
  <mem type="tenure" free="11534712" total="17629184" percent="65" micro-fragmented="51952" macro-fragmented="0">
    <mem type="soa" free="11534712" total="17453056" percent="66" />
    <mem type="loa" free="0" total="176128" percent="0" />
  </mem>
</mem-info>
<gc-op id="7777" type="compact" timems="3.584" contextid="7771" timestamp="2019-07-02T23:05:47.293">
  <compact-info movecount="7068" movebytes="171440" reason="compact to aid heap contraction" />
</gc-op>
<heap-resize id="7778" type="contract" space="tenure" amount="131072" count="1" timems="0.087" reason="excess free space following gc" timestamp="2019-07-02T23:05:47.293" />
<gc-end id="7779" type="global" contextid="7771" durationms="6.382" usertimems="0.000" systemtimems="8.000" timestamp="2019-07-02T23:05:47.294" activeThreads="4">
  <mem-info id="7780" free="11534976" total="17498112" percent="65">
    <mem type="tenure" free="11534976" total="17498112" percent="65">
      <mem type="soa" free="11405952" total="17324032" percent="65" />
      <mem type="loa" free="129024" total="174080" percent="74" />
    </mem>
  </mem-info>
</gc-end>
<cycle-end id="7781" type="global" contextid="7771" timestamp="2019-07-02T23:05:47.294">
  <attribute name="GC Util" value="19" />
  <attribute name="CPU Util" value="30943695372620" />
  <attribute name="Time Running"value="7854"/>
  <attribute name="Number of cores"value="4"/>
</cycle-end>
<allocation-satisfied id="7782" threadId="000000000135BD00" bytesRequested="40" />
<af-end id="7783" timestamp="2019-07-02T23:05:47.294" threadId="000000000135C688" success="true" />
<exclusive-end id="7784" timestamp="2019-07-02T23:05:47.294" durationms="7.245" />

<exclusive-start id="7785" timestamp="2019-07-02T23:05:47.299" intervalms="11.944">
  <response-info timems="0.024" idlems="0.024" threads="0" lastid="000000000135BD00" lastname="Thread-10" />
</exclusive-start>
<af-start id="7786" threadId="000000000135C688" totalBytesRequested="40" timestamp="2019-07-02T23:05:47.299" intervalms="11.929" />
<cycle-start id="7787" type="global" contextid="0" timestamp="2019-07-02T23:05:47.299" intervalms="11.895" />
  <attribute name="GC Util" value="19" />
  <attribute name="CPU Util" value="30943695372620" />
  <attribute name="Time Running"value="7854"/>
  <attribute name="Number of cores"value="4"/>
<gc-start id="7788" type="global" contextid="7787" timestamp="2019-07-02T23:05:47.299">
  <mem-info id="7789" free="129024" total="17498112" percent="0">
    <mem type="tenure" free="129024" total="17498112" percent="0">
      <mem type="soa" free="0" total="17324032" percent="0" />
      <mem type="loa" free="129024" total="174080" percent="74" />
    </mem>
  </mem-info>
</gc-start>
<allocation-stats totalBytes="11469960" >
  <allocated-bytes non-tlh="0" tlh="11469960" />
  <largest-consumer threadName="Thread-8" threadId="0000000001354500" bytes="4685272" />
</allocation-stats>
<gc-op id="7790" type="mark" timems="1.138" contextid="7787" timestamp="2019-07-02T23:05:47.300">
  <trace-info objectcount="71891" scancount="64317" scanbytes="2416964" />
  <finalization candidates="124" enqueued="0" />
  <ownableSynchronizers candidates="3" cleared="0" />
  <references type="soft" candidates="84" cleared="0" enqueued="0" dynamicThreshold="21" maxThreshold="32" />
  <references type="weak" candidates="774" cleared="0" enqueued="0" />
  <references type="phantom" candidates="63" cleared="0" enqueued="0" />
  <stringconstants candidates="4574" cleared="0"  />
</gc-op>
<gc-op id="7791" type="sweep" timems="0.248" contextid="7787" timestamp="2019-07-02T23:05:47.301" />
<heap-resize id="7792" type="contract" space="tenure" amount="131072" count="1" timems="0.092" reason="excess free space following gc" timestamp="2019-07-02T23:05:47.301" />
<gc-end id="7793" type="global" contextid="7787" durationms="1.876" usertimems="4.000" systemtimems="0.000" timestamp="2019-07-02T23:05:47.301" activeThreads="4">
  <mem-info id="7794" free="11280784" total="17367040" percent="64">
    <mem type="tenure" free="11280784" total="17367040" percent="64" micro-fragmented="34113" macro-fragmented="0">
      <mem type="soa" free="11280784" total="17193984" percent="65" />
      <mem type="loa" free="0" total="173056" percent="0" />
    </mem>
  </mem-info>
</gc-end>
<cycle-end id="7795" type="global" contextid="7787" timestamp="2019-07-02T23:05:47.301">
  <attribute name="GC Util" value="208" />
  <attribute name="CPU Util" value="15411495759555" />
  <attribute name="Time Running"value="7865"/>
  <attribute name="Number of cores"value="4"/>
</cycle-end>
<allocation-satisfied id="7796" threadId="000000000135BD00" bytesRequested="40" />
<af-end id="7797" timestamp="2019-07-02T23:05:47.301" threadId="000000000135C688" success="true" />
<exclusive-end id="7798" timestamp="2019-07-02T23:05:47.301" durationms="2.443" />

<exclusive-start id="7799" timestamp="2019-07-02T23:05:47.306" intervalms="7.320">
  <response-info timems="0.026" idlems="0.015" threads="1" lastid="0000000001358100" lastname="Thread-7" />
</exclusive-start>
<af-start id="7800" threadId="0000000001360288" totalBytesRequested="40" timestamp="2019-07-02T23:05:47.306" intervalms="7.352" />
<cycle-start id="7801" type="global" contextid="0" timestamp="2019-07-02T23:05:47.306" intervalms="7.389" />
  <attribute name="GC Util" value="208" />
  <attribute name="CPU Util" value="15411495759555" />
  <attribute name="Time Running"value="7865"/>
  <attribute name="Number of cores"value="4"/>
<gc-start id="7802" type="global" contextid="7801" timestamp="2019-07-02T23:05:47.306">
  <mem-info id="7803" free="0" total="17367040" percent="0">
    <mem type="tenure" free="0" total="17367040" percent="0">
      <mem type="soa" free="0" total="17193984" percent="0" />
      <mem type="loa" free="0" total="173056" percent="0" />
    </mem>
  </mem-info>
</gc-start>
<allocation-stats totalBytes="11276168" >
  <allocated-bytes non-tlh="0" tlh="11276168" />
  <largest-consumer threadName="Thread-7" threadId="0000000001358100" bytes="3979240" />
</allocation-stats>
<gc-op id="7804" type="mark" timems="1.648" contextid="7801" timestamp="2019-07-02T23:05:47.308">
  <trace-info objectcount="67383" scancount="59834" scanbytes="2309412" />
  <finalization candidates="124" enqueued="0" />
  <ownableSynchronizers candidates="3" cleared="0" />
  <references type="soft" candidates="84" cleared="0" enqueued="0" dynamicThreshold="20" maxThreshold="32" />
  <references type="weak" candidates="774" cleared="0" enqueued="0" />
  <references type="phantom" candidates="63" cleared="0" enqueued="0" />
  <stringconstants candidates="4574" cleared="0"  />
</gc-op>
<gc-op id="7805" type="sweep" timems="0.310" contextid="7801" timestamp="2019-07-02T23:05:47.309" />
<heap-resize id="7806" type="contract" space="tenure" amount="65536" count="1" timems="0.078" reason="excess free space following gc" timestamp="2019-07-02T23:05:47.309" />
<gc-end id="7807" type="global" contextid="7801" durationms="2.691" usertimems="4.000" systemtimems="0.000" timestamp="2019-07-02T23:05:47.309" activeThreads="4">
  <mem-info id="7808" free="11266320" total="17301504" percent="65">
    <mem type="tenure" free="11266320" total="17301504" percent="65" micro-fragmented="84560" macro-fragmented="0">
      <mem type="soa" free="11196112" total="17129472" percent="65" />
      <mem type="loa" free="70208" total="172032" percent="40" />
    </mem>
  </mem-info>
</gc-end>
<cycle-end id="7809" type="global" contextid="7801" timestamp="2019-07-02T23:05:47.309">
  <attribute name="GC Util" value="225" />
  <attribute name="CPU Util" value="10526265594241" />
  <attribute name="Time Running"value="7873"/>
  <attribute name="Number of cores"value="4"/>
</cycle-end>
<allocation-satisfied id="7810" threadId="000000000135F900" bytesRequested="40" />
<af-end id="7811" timestamp="2019-07-02T23:05:47.309" threadId="0000000001360288" success="true" />
<exclusive-end id="7812" timestamp="2019-07-02T23:05:47.309" durationms="3.403" />

<exclusive-start id="7813" timestamp="2019-07-02T23:05:47.313" intervalms="7.217">
  <response-info timems="0.027" idlems="0.027" threads="0" lastid="000000000135BD00" lastname="Thread-10" />
</exclusive-start>
<af-start id="7814" threadId="000000000135C688" totalBytesRequested="40" timestamp="2019-07-02T23:05:47.313" intervalms="7.185" />
<cycle-start id="7815" type="global" contextid="0" timestamp="2019-07-02T23:05:47.313" intervalms="7.146" />
  <attribute name="GC Util" value="225" />
  <attribute name="CPU Util" value="10526265594241" />
  <attribute name="Time Running"value="7873"/>
  <attribute name="Number of cores"value="4"/>
<gc-start id="7816" type="global" contextid="7815" timestamp="2019-07-02T23:05:47.314">
  <mem-info id="7817" free="70208" total="17301504" percent="0">
    <mem type="tenure" free="70208" total="17301504" percent="0">
      <mem type="soa" free="0" total="17129472" percent="0" />
      <mem type="loa" free="70208" total="172032" percent="40" />
    </mem>
  </mem-info>
</gc-start>
<allocation-stats totalBytes="11195216" >
  <allocated-bytes non-tlh="0" tlh="11195216" />
  <largest-consumer threadName="Thread-7" threadId="0000000001358100" bytes="3412240" />
</allocation-stats>
<gc-op id="7818" type="mark" timems="1.153" contextid="7815" timestamp="2019-07-02T23:05:47.315">
  <trace-info objectcount="67767" scancount="60205" scanbytes="2317980" />
  <finalization candidates="124" enqueued="0" />
  <ownableSynchronizers candidates="3" cleared="0" />
  <references type="soft" candidates="84" cleared="0" enqueued="0" dynamicThreshold="20" maxThreshold="32" />
  <references type="weak" candidates="774" cleared="0" enqueued="0" />
  <references type="phantom" candidates="63" cleared="0" enqueued="0" />
  <stringconstants candidates="4574" cleared="0"  />
</gc-op>
<gc-op id="7819" type="sweep" timems="0.287" contextid="7815" timestamp="2019-07-02T23:05:47.315" />
<mem-info id="7820" free="11300856" total="17301504" percent="65">
  <mem type="tenure" free="11300856" total="17301504" percent="65" micro-fragmented="137037" macro-fragmented="0">
    <mem type="soa" free="11166136" total="17129472" percent="65" />
    <mem type="loa" free="134720" total="172032" percent="78" />
  </mem>
</mem-info>
<gc-op id="7821" type="compact" timems="4.517" contextid="7815" timestamp="2019-07-02T23:05:47.320">
  <compact-info movecount="28002" movebytes="1223072" reason="compact to aid heap contraction" />
</gc-op>
<heap-resize id="7822" type="contract" space="tenure" amount="131072" count="1" timems="0.084" reason="excess free space following gc" timestamp="2019-07-02T23:05:47.320" />
<gc-end id="7823" type="global" contextid="7815" durationms="6.717" usertimems="8.000" systemtimems="0.000" timestamp="2019-07-02T23:05:47.320" activeThreads="4">
  <mem-info id="7824" free="11276576" total="17170432" percent="65">
    <mem type="tenure" free="11276576" total="17170432" percent="65">
      <mem type="soa" free="11146528" total="16999424" percent="65" />
      <mem type="loa" free="130048" total="171008" percent="76" />
    </mem>
  </mem-info>
</gc-end>
<cycle-end id="7825" type="global" contextid="7815" timestamp="2019-07-02T23:05:47.320">
  <attribute name="GC Util" value="19" />
  <attribute name="CPU Util" value="36896734140644" />
  <attribute name="Time Running"value="7880"/>
  <attribute name="Number of cores"value="4"/>
</cycle-end>
<allocation-satisfied id="7826" threadId="000000000135BD00" bytesRequested="40" />
<af-end id="7827" timestamp="2019-07-02T23:05:47.321" threadId="000000000135C688" success="true" />
<exclusive-end id="7828" timestamp="2019-07-02T23:05:47.321" durationms="7.456" />

<exclusive-start id="7829" timestamp="2019-07-02T23:05:47.324" intervalms="11.107">
  <response-info timems="0.024" idlems="0.024" threads="0" lastid="0000000001354500" lastname="Thread-8" />
</exclusive-start>
<af-start id="7830" threadId="0000000001354E88" totalBytesRequested="24" timestamp="2019-07-02T23:05:47.324" intervalms="11.108" />
<cycle-start id="7831" type="global" contextid="0" timestamp="2019-07-02T23:05:47.325" intervalms="11.105" />
  <attribute name="GC Util" value="19" />
  <attribute name="CPU Util" value="36896734140644" />
  <attribute name="Time Running"value="7880"/>
  <attribute name="Number of cores"value="4"/>
<gc-start id="7832" type="global" contextid="7831" timestamp="2019-07-02T23:05:47.325">
  <mem-info id="7833" free="130048" total="17170432" percent="0">
    <mem type="tenure" free="130048" total="17170432" percent="0">
      <mem type="soa" free="0" total="16999424" percent="0" />
      <mem type="loa" free="130048" total="171008" percent="76" />
    </mem>
  </mem-info>
</gc-start>
<allocation-stats totalBytes="11210360" >
  <allocated-bytes non-tlh="0" tlh="11210360" />
  <largest-consumer threadName="Thread-7" threadId="0000000001358100" bytes="3314448" />
</allocation-stats>
<gc-op id="7834" type="mark" timems="2.199" contextid="7831" timestamp="2019-07-02T23:05:47.327">
  <trace-info objectcount="68521" scancount="60945" scanbytes="2336564" />
  <finalization candidates="124" enqueued="0" />
  <ownableSynchronizers candidates="3" cleared="0" />
  <references type="soft" candidates="84" cleared="0" enqueued="0" dynamicThreshold="21" maxThreshold="32" />
  <references type="weak" candidates="774" cleared="0" enqueued="0" />
  <references type="phantom" candidates="63" cleared="0" enqueued="0" />
  <stringconstants candidates="4574" cleared="0"  />
</gc-op>
<gc-op id="7835" type="sweep" timems="0.712" contextid="7831" timestamp="2019-07-02T23:05:47.328" />
<heap-resize id="7836" type="contract" space="tenure" amount="131072" count="1" timems="0.083" reason="excess free space following gc" timestamp="2019-07-02T23:05:47.328" />
<gc-end id="7837" type="global" contextid="7831" durationms="3.359" usertimems="0.000" systemtimems="8.000" timestamp="2019-07-02T23:05:47.328" activeThreads="4">
  <mem-info id="7838" free="11029568" total="17039360" percent="64">
    <mem type="tenure" free="11029568" total="17039360" percent="64" micro-fragmented="34922" macro-fragmented="0">
      <mem type="soa" free="11029568" total="16869376" percent="65" />
      <mem type="loa" free="0" total="169984" percent="0" />
    </mem>
  </mem-info>
</gc-end>
<cycle-end id="7839" type="global" contextid="7831" timestamp="2019-07-02T23:05:47.328">
  <attribute name="GC Util" value="244" />
  <attribute name="CPU Util" value="8082537766270" />
  <attribute name="Time Running"value="7892"/>
  <attribute name="Number of cores"value="4"/>
</cycle-end>
<allocation-satisfied id="7840" threadId="0000000001354500" bytesRequested="24" />
<af-end id="7841" timestamp="2019-07-02T23:05:47.328" threadId="0000000001354E88" success="true" />
<exclusive-end id="7842" timestamp="2019-07-02T23:05:47.328" durationms="3.950" />

<exclusive-start id="7843" timestamp="2019-07-02T23:05:47.332" intervalms="7.731">
  <response-info timems="0.034" idlems="0.034" threads="0" lastid="0000000001358100" lastname="Thread-7" />
</exclusive-start>
<af-start id="7844" threadId="0000000001358A88" totalBytesRequested="40" timestamp="2019-07-02T23:05:47.332" intervalms="7.699" />
<cycle-start id="7845" type="global" contextid="0" timestamp="2019-07-02T23:05:47.332" intervalms="7.666" />
  <attribute name="GC Util" value="244" />
  <attribute name="CPU Util" value="8082537766270" />
  <attribute name="Time Running"value="7892"/>
  <attribute name="Number of cores"value="4"/>
<gc-start id="7846" type="global" contextid="7845" timestamp="2019-07-02T23:05:47.332">
  <mem-info id="7847" free="0" total="17039360" percent="0">
    <mem type="tenure" free="0" total="17039360" percent="0">
      <mem type="soa" free="0" total="16869376" percent="0" />
      <mem type="loa" free="0" total="169984" percent="0" />
    </mem>
  </mem-info>
</gc-start>
<allocation-stats totalBytes="11026920" >
  <allocated-bytes non-tlh="0" tlh="11026920" />
  <largest-consumer threadName="Thread-7" threadId="0000000001358100" bytes="3387224" />
</allocation-stats>
<gc-op id="7848" type="mark" timems="2.143" contextid="7845" timestamp="2019-07-02T23:05:47.335">
  <trace-info objectcount="68908" scancount="61334" scanbytes="2345388" />
  <finalization candidates="124" enqueued="0" />
  <ownableSynchronizers candidates="3" cleared="0" />
  <references type="soft" candidates="84" cleared="0" enqueued="0" dynamicThreshold="20" maxThreshold="32" />
  <references type="weak" candidates="774" cleared="0" enqueued="0" />
  <references type="phantom" candidates="63" cleared="0" enqueued="0" />
  <stringconstants candidates="4574" cleared="0"  />
</gc-op>
<gc-op id="7849" type="sweep" timems="0.734" contextid="7845" timestamp="2019-07-02T23:05:47.335" />
<heap-resize id="7850" type="contract" space="tenure" amount="65536" count="1" timems="0.094" reason="excess free space following gc" timestamp="2019-07-02T23:05:47.336" />
<gc-end id="7851" type="global" contextid="7845" durationms="3.477" usertimems="8.000" systemtimems="0.000" timestamp="2019-07-02T23:05:47.336" activeThreads="4">
  <mem-info id="7852" free="10937560" total="16973824" percent="64">
    <mem type="tenure" free="10937560" total="16973824" percent="64" micro-fragmented="2156" macro-fragmented="0">
      <mem type="soa" free="10937560" total="16804864" percent="65" />
      <mem type="loa" free="0" total="168960" percent="0" />
    </mem>
  </mem-info>
</gc-end>
<cycle-end id="7853" type="global" contextid="7845" timestamp="2019-07-02T23:05:47.336">
  <attribute name="GC Util" value="246" />
  <attribute name="CPU Util" value="8246245334926" />
  <attribute name="Time Running"value="7900"/>
  <attribute name="Number of cores"value="4"/>
</cycle-end>
<allocation-satisfied id="7854" threadId="0000000001358100" bytesRequested="40" />
<af-end id="7855" timestamp="2019-07-02T23:05:47.336" threadId="0000000001358A88" success="true" />
<exclusive-end id="7856" timestamp="2019-07-02T23:05:47.336" durationms="4.123" />

<exclusive-start id="7857" timestamp="2019-07-02T23:05:47.340" intervalms="7.635">
  <response-info timems="0.022" idlems="0.022" threads="0" lastid="000000000135BD00" lastname="Thread-10" />
</exclusive-start>
<af-start id="7858" threadId="000000000135C688" totalBytesRequested="24" timestamp="2019-07-02T23:05:47.340" intervalms="7.682" />
<cycle-start id="7859" type="global" contextid="0" timestamp="2019-07-02T23:05:47.340" intervalms="7.759" />
  <attribute name="GC Util" value="246" />
  <attribute name="CPU Util" value="8246245334926" />
  <attribute name="Time Running"value="7900"/>
  <attribute name="Number of cores"value="4"/>
<gc-start id="7860" type="global" contextid="7859" timestamp="2019-07-02T23:05:47.340">
  <mem-info id="7861" free="0" total="16973824" percent="0">
    <mem type="tenure" free="0" total="16973824" percent="0">
      <mem type="soa" free="0" total="16804864" percent="0" />
      <mem type="loa" free="0" total="168960" percent="0" />
    </mem>
  </mem-info>
</gc-start>
<allocation-stats totalBytes="10931872" >
  <allocated-bytes non-tlh="0" tlh="10931872" />
  <largest-consumer threadName="Thread-7" threadId="0000000001358100" bytes="3435896" />
</allocation-stats>
<gc-op id="7862" type="mark" timems="1.087" contextid="7859" timestamp="2019-07-02T23:05:47.341">
  <trace-info objectcount="64926" scancount="57356" scanbytes="2250212" />
  <finalization candidates="124" enqueued="0" />
  <ownableSynchronizers candidates="3" cleared="0" />
  <references type="soft" candidates="84" cleared="0" enqueued="0" dynamicThreshold="20" maxThreshold="32" />
  <references type="weak" candidates="774" cleared="0" enqueued="0" />
  <references type="phantom" candidates="63" cleared="0" enqueued="0" />
  <stringconstants candidates="4574" cleared="0"  />
</gc-op>
<gc-op id="7863" type="sweep" timems="0.307" contextid="7859" timestamp="2019-07-02T23:05:47.342" />
<heap-resize id="7864" type="contract" space="tenure" amount="65536" count="1" timems="0.077" reason="excess free space following gc" timestamp="2019-07-02T23:05:47.342" />
<gc-end id="7865" type="global" contextid="7859" durationms="2.025" usertimems="4.000" systemtimems="0.000" timestamp="2019-07-02T23:05:47.342" activeThreads="4">
  <mem-info id="7866" free="10851512" total="16908288" percent="64">
    <mem type="tenure" free="10851512" total="16908288" percent="64" micro-fragmented="86234" macro-fragmented="0">
      <mem type="soa" free="10851512" total="16739328" percent="64" />
      <mem type="loa" free="0" total="168960" percent="0" />
    </mem>
  </mem-info>
</gc-end>
<cycle-end id="7867" type="global" contextid="7859" timestamp="2019-07-02T23:05:47.342">
  <attribute name="GC Util" value="206" />
  <attribute name="CPU Util" value="15598952118053" />
  <attribute name="Time Running"value="7906"/>
  <attribute name="Number of cores"value="4"/>
</cycle-end>
<allocation-satisfied id="7868" threadId="000000000135BD00" bytesRequested="24" />
<af-end id="7869" timestamp="2019-07-02T23:05:47.342" threadId="000000000135C688" success="true" />
<exclusive-end id="7870" timestamp="2019-07-02T23:05:47.342" durationms="2.692" />

<exclusive-start id="7871" timestamp="2019-07-02T23:05:47.346" intervalms="6.297">
  <response-info timems="0.021" idlems="0.020" threads="2" lastid="000000000135BD00" lastname="Thread-10" />
</exclusive-start>
<af-start id="7872" threadId="0000000001358A88" totalBytesRequested="40" timestamp="2019-07-02T23:05:47.346" intervalms="6.285" />
<cycle-start id="7873" type="global" contextid="0" timestamp="2019-07-02T23:05:47.346" intervalms="6.282" />
  <attribute name="GC Util" value="206" />
  <attribute name="CPU Util" value="15598952118053" />
  <attribute name="Time Running"value="7906"/>
  <attribute name="Number of cores"value="4"/>
<gc-start id="7874" type="global" contextid="7873" timestamp="2019-07-02T23:05:47.346">
  <mem-info id="7875" free="0" total="16908288" percent="0">
    <mem type="tenure" free="0" total="16908288" percent="0">
      <mem type="soa" free="0" total="16739328" percent="0" />
      <mem type="loa" free="0" total="168960" percent="0" />
    </mem>
  </mem-info>
</gc-start>
<allocation-stats totalBytes="10849448" >
  <allocated-bytes non-tlh="0" tlh="10849448" />
  <largest-consumer threadName="Thread-7" threadId="0000000001358100" bytes="3368152" />
</allocation-stats>
<gc-op id="7876" type="mark" timems="2.120" contextid="7873" timestamp="2019-07-02T23:05:47.349">
  <trace-info objectcount="65619" scancount="58043" scanbytes="2266684" />
  <finalization candidates="124" enqueued="0" />
  <ownableSynchronizers candidates="3" cleared="0" />
  <references type="soft" candidates="84" cleared="0" enqueued="0" dynamicThreshold="20" maxThreshold="32" />
  <references type="weak" candidates="774" cleared="0" enqueued="0" />
  <references type="phantom" candidates="63" cleared="0" enqueued="0" />
  <stringconstants candidates="4574" cleared="0"  />
</gc-op>
<gc-op id="7877" type="sweep" timems="0.785" contextid="7873" timestamp="2019-07-02T23:05:47.349" />
<mem-info id="7878" free="10800976" total="16908288" percent="63">
  <mem type="tenure" free="10800976" total="16908288" percent="63" micro-fragmented="102419" macro-fragmented="0">
    <mem type="soa" free="10800976" total="16739328" percent="64" />
    <mem type="loa" free="0" total="168960" percent="0" />
  </mem>
</mem-info>
<gc-op id="7879" type="compact" timems="5.860" contextid="7873" timestamp="2019-07-02T23:05:47.355">
  <compact-info movecount="25878" movebytes="1172352" reason="compact to aid heap contraction" />
</gc-op>
<heap-resize id="7880" type="contract" space="tenure" amount="131072" count="1" timems="0.082" reason="excess free space following gc" timestamp="2019-07-02T23:05:47.356" />
<gc-end id="7881" type="global" contextid="7873" durationms="9.568" usertimems="16.000" systemtimems="0.000" timestamp="2019-07-02T23:05:47.356" activeThreads="4">
  <mem-info id="7882" free="10937728" total="16777216" percent="65">
    <mem type="tenure" free="10937728" total="16777216" percent="65">
      <mem type="soa" free="10808704" total="16610304" percent="65" />
      <mem type="loa" free="129024" total="166912" percent="77" />
    </mem>
  </mem-info>
</gc-end>
<cycle-end id="7883" type="global" contextid="7873" timestamp="2019-07-02T23:05:47.356">
  <attribute name="GC Util" value="145" />
  <attribute name="CPU Util" value="18044336855527" />
  <attribute name="Time Running"value="7914"/>
  <attribute name="Number of cores"value="4"/>
</cycle-end>
<allocation-satisfied id="7884" threadId="0000000001358100" bytesRequested="40" />
<af-end id="7885" timestamp="2019-07-02T23:05:47.356" threadId="0000000001358A88" success="true" />
<exclusive-end id="7886" timestamp="2019-07-02T23:05:47.356" durationms="10.355" />

<exclusive-start id="7887" timestamp="2019-07-02T23:05:47.360" intervalms="13.872">
  <response-info timems="0.024" idlems="0.024" threads="0" lastid="000000000135BD00" lastname="Thread-10" />
</exclusive-start>
<af-start id="7888" threadId="000000000135C688" totalBytesRequested="24" timestamp="2019-07-02T23:05:47.360" intervalms="13.945" />
<cycle-start id="7889" type="global" contextid="0" timestamp="2019-07-02T23:05:47.360" intervalms="13.957" />
  <attribute name="GC Util" value="145" />
  <attribute name="CPU Util" value="18044336855527" />
  <attribute name="Time Running"value="7914"/>
  <attribute name="Number of cores"value="4"/>
<gc-start id="7890" type="global" contextid="7889" timestamp="2019-07-02T23:05:47.360">
  <mem-info id="7891" free="129024" total="16777216" percent="0">
    <mem type="tenure" free="129024" total="16777216" percent="0">
      <mem type="soa" free="0" total="16610304" percent="0" />
      <mem type="loa" free="129024" total="166912" percent="77" />
    </mem>
  </mem-info>
</gc-start>
<allocation-stats totalBytes="10873016" >
  <allocated-bytes non-tlh="0" tlh="10873016" />
  <largest-consumer threadName="Thread-7" threadId="0000000001358100" bytes="3374760" />
</allocation-stats>
<gc-op id="7892" type="mark" timems="1.234" contextid="7889" timestamp="2019-07-02T23:05:47.362">
  <trace-info objectcount="66229" scancount="58663" scanbytes="2281076" />
  <finalization candidates="124" enqueued="0" />
  <ownableSynchronizers candidates="3" cleared="0" />
  <references type="soft" candidates="84" cleared="0" enqueued="0" dynamicThreshold="20" maxThreshold="32" />
  <references type="weak" candidates="774" cleared="0" enqueued="0" />
  <references type="phantom" candidates="63" cleared="0" enqueued="0" />
  <stringconstants candidates="4574" cleared="0"  />
</gc-op>
<gc-op id="7893" type="sweep" timems="0.239" contextid="7889" timestamp="2019-07-02T23:05:47.362" />
<heap-resize id="7894" type="contract" space="tenure" amount="131072" count="1" timems="0.091" reason="excess free space following gc" timestamp="2019-07-02T23:05:47.362" />
<gc-end id="7895" type="global" contextid="7889" durationms="2.077" usertimems="4.000" systemtimems="0.000" timestamp="2019-07-02T23:05:47.362" activeThreads="4">
  <mem-info id="7896" free="10789296" total="16646144" percent="64">
    <mem type="tenure" free="10789296" total="16646144" percent="64" micro-fragmented="0" macro-fragmented="0">
      <mem type="soa" free="10707416" total="16480256" percent="64" />
      <mem type="loa" free="81880" total="165888" percent="49" />
    </mem>
  </mem-info>
</gc-end>
<cycle-end id="7897" type="global" contextid="7889" timestamp="2019-07-02T23:05:47.363">
  <attribute name="GC Util" value="203" />
  <attribute name="CPU Util" value="13967980502368" />
  <attribute name="Time Running"value="7927"/>
  <attribute name="Number of cores"value="4"/>
</cycle-end>
<allocation-satisfied id="7898" threadId="000000000135BD00" bytesRequested="24" />
<af-end id="7899" timestamp="2019-07-02T23:05:47.363" threadId="000000000135C688" success="true" />
<exclusive-end id="7900" timestamp="2019-07-02T23:05:47.363" durationms="3.003" />

<exclusive-start id="7901" timestamp="2019-07-02T23:05:47.366" intervalms="6.430">
  <response-info timems="0.022" idlems="0.022" threads="0" lastid="000000000135F900" lastname="Thread-9" />
</exclusive-start>
<af-start id="7902" threadId="0000000001360288" totalBytesRequested="40" timestamp="2019-07-02T23:05:47.366" intervalms="6.356" />
<cycle-start id="7903" type="global" contextid="0" timestamp="2019-07-02T23:05:47.367" intervalms="6.306" />
  <attribute name="GC Util" value="203" />
  <attribute name="CPU Util" value="13967980502368" />
  <attribute name="Time Running"value="7927"/>
  <attribute name="Number of cores"value="4"/>
<gc-start id="7904" type="global" contextid="7903" timestamp="2019-07-02T23:05:47.367">
  <mem-info id="7905" free="81880" total="16646144" percent="0">
    <mem type="tenure" free="81880" total="16646144" percent="0">
      <mem type="soa" free="0" total="16480256" percent="0" />
      <mem type="loa" free="81880" total="165888" percent="49" />
    </mem>
  </mem-info>
</gc-start>
<allocation-stats totalBytes="10706264" >
  <allocated-bytes non-tlh="0" tlh="10706264" />
  <largest-consumer threadName="Thread-7" threadId="0000000001358100" bytes="3257808" />
</allocation-stats>
<gc-op id="7906" type="mark" timems="2.061" contextid="7903" timestamp="2019-07-02T23:05:47.369">
  <trace-info objectcount="67106" scancount="59528" scanbytes="2302644" />
  <finalization candidates="124" enqueued="0" />
  <ownableSynchronizers candidates="3" cleared="0" />
  <references type="soft" candidates="84" cleared="0" enqueued="0" dynamicThreshold="20" maxThreshold="32" />
  <references type="weak" candidates="774" cleared="0" enqueued="0" />
  <references type="phantom" candidates="63" cleared="0" enqueued="0" />
  <stringconstants candidates="4574" cleared="0"  />
</gc-op>
<gc-op id="7907" type="sweep" timems="0.755" contextid="7903" timestamp="2019-07-02T23:05:47.370" />
<heap-resize id="7908" type="contract" space="tenure" amount="131072" count="1" timems="0.093" reason="excess free space following gc" timestamp="2019-07-02T23:05:47.370" />
<gc-end id="7909" type="global" contextid="7903" durationms="3.354" usertimems="8.000" systemtimems="0.000" timestamp="2019-07-02T23:05:47.370" activeThreads="4">
  <mem-info id="7910" free="10531480" total="16515072" percent="63">
    <mem type="tenure" free="10531480" total="16515072" percent="63" micro-fragmented="41305" macro-fragmented="0">
      <mem type="soa" free="10531480" total="16350208" percent="64" />
      <mem type="loa" free="0" total="164864" percent="0" />
    </mem>
  </mem-info>
</gc-end>
<cycle-end id="7911" type="global" contextid="7903" timestamp="2019-07-02T23:05:47.370">
  <attribute name="GC Util" value="251" />
  <attribute name="CPU Util" value="8585671084619" />
  <attribute name="Time Running"value="7934"/>
  <attribute name="Number of cores"value="4"/>
</cycle-end>
<allocation-satisfied id="7912" threadId="000000000135F900" bytesRequested="40" />
<af-end id="7913" timestamp="2019-07-02T23:05:47.370" threadId="0000000001360288" success="true" />
<exclusive-end id="7914" timestamp="2019-07-02T23:05:47.370" durationms="4.165" />

<exclusive-start id="7915" timestamp="2019-07-02T23:05:47.374" intervalms="7.632">
  <response-info timems="0.026" idlems="0.024" threads="1" lastid="000000000135F900" lastname="Thread-9" />
</exclusive-start>
<af-start id="7916" threadId="000000000135C688" totalBytesRequested="40" timestamp="2019-07-02T23:05:47.374" intervalms="7.629" />
<cycle-start id="7917" type="global" contextid="0" timestamp="2019-07-02T23:05:47.374" intervalms="7.599" />
  <attribute name="GC Util" value="251" />
  <attribute name="CPU Util" value="8585671084619" />
  <attribute name="Time Running"value="7934"/>
  <attribute name="Number of cores"value="4"/>
<gc-start id="7918" type="global" contextid="7917" timestamp="2019-07-02T23:05:47.374">
  <mem-info id="7919" free="0" total="16515072" percent="0">
    <mem type="tenure" free="0" total="16515072" percent="0">
      <mem type="soa" free="0" total="16350208" percent="0" />
      <mem type="loa" free="0" total="164864" percent="0" />
    </mem>
  </mem-info>
</gc-start>
<allocation-stats totalBytes="10525560" >
  <allocated-bytes non-tlh="0" tlh="10525560" />
  <largest-consumer threadName="Thread-7" threadId="0000000001358100" bytes="3240696" />
</allocation-stats>
<gc-op id="7920" type="mark" timems="1.238" contextid="7917" timestamp="2019-07-02T23:05:47.376">
  <trace-info objectcount="67653" scancount="60080" scanbytes="2315620" />
  <finalization candidates="124" enqueued="0" />
  <ownableSynchronizers candidates="3" cleared="0" />
  <references type="soft" candidates="84" cleared="0" enqueued="0" dynamicThreshold="20" maxThreshold="32" />
  <references type="weak" candidates="774" cleared="0" enqueued="0" />
  <references type="phantom" candidates="63" cleared="0" enqueued="0" />
  <stringconstants candidates="4574" cleared="0"  />
</gc-op>
<gc-op id="7921" type="sweep" timems="0.330" contextid="7917" timestamp="2019-07-02T23:05:47.376" />
<mem-info id="7922" free="10470216" total="16515072" percent="63">
  <mem type="tenure" free="10470216" total="16515072" percent="63" micro-fragmented="10804" macro-fragmented="0">
    <mem type="soa" free="10470216" total="16350208" percent="64" />
    <mem type="loa" free="0" total="164864" percent="0" />
  </mem>
</mem-info>
<gc-op id="7923" type="compact" timems="4.346" contextid="7917" timestamp="2019-07-02T23:05:47.381">
  <compact-info movecount="23023" movebytes="985608" reason="compact to aid heap contraction" />
</gc-op>
<heap-resize id="7924" type="contract" space="tenure" amount="131072" count="1" timems="0.082" reason="excess free space following gc" timestamp="2019-07-02T23:05:47.381" />
<gc-end id="7925" type="global" contextid="7917" durationms="6.768" usertimems="12.000" systemtimems="0.000" timestamp="2019-07-02T23:05:47.381" activeThreads="4">
  <mem-info id="7926" free="10499672" total="16384000" percent="64">
    <mem type="tenure" free="10499672" total="16384000" percent="64">
      <mem type="soa" free="10369624" total="16220160" percent="63" />
      <mem type="loa" free="130048" total="163840" percent="79" />
    </mem>
  </mem-info>
</gc-end>
<cycle-end id="7927" type="global" contextid="7917" timestamp="2019-07-02T23:05:47.381">
  <attribute name="GC Util" value="17" />
  <attribute name="CPU Util" value="36763857853980" />
  <attribute name="Time Running"value="7941"/>
  <attribute name="Number of cores"value="4"/>
</cycle-end>
<allocation-satisfied id="7928" threadId="000000000135BD00" bytesRequested="40" />
<af-end id="7929" timestamp="2019-07-02T23:05:47.381" threadId="000000000135C688" success="true" />
<exclusive-end id="7930" timestamp="2019-07-02T23:05:47.381" durationms="7.405" />

<exclusive-start id="7931" timestamp="2019-07-02T23:05:47.386" intervalms="11.620">
  <response-info timems="0.053" idlems="0.053" threads="0" lastid="0000000001358100" lastname="Thread-7" />
</exclusive-start>
<af-start id="7932" threadId="0000000001358A88" totalBytesRequested="24" timestamp="2019-07-02T23:05:47.386" intervalms="11.650" />
<cycle-start id="7933" type="global" contextid="0" timestamp="2019-07-02T23:05:47.386" intervalms="11.726" />
  <attribute name="GC Util" value="17" />
  <attribute name="CPU Util" value="36763857853980" />
  <attribute name="Time Running"value="7941"/>
  <attribute name="Number of cores"value="4"/>
<gc-start id="7934" type="global" contextid="7933" timestamp="2019-07-02T23:05:47.386">
  <mem-info id="7935" free="130048" total="16384000" percent="0">
    <mem type="tenure" free="130048" total="16384000" percent="0">
      <mem type="soa" free="0" total="16220160" percent="0" />
      <mem type="loa" free="130048" total="163840" percent="79" />
    </mem>
  </mem-info>
</gc-start>
<allocation-stats totalBytes="10434856" >
  <allocated-bytes non-tlh="0" tlh="10434856" />
  <largest-consumer threadName="Thread-7" threadId="0000000001358100" bytes="4030304" />
</allocation-stats>
<gc-op id="7936" type="mark" timems="2.146" contextid="7933" timestamp="2019-07-02T23:05:47.388">
  <trace-info objectcount="68327" scancount="60758" scanbytes="2331412" />
  <finalization candidates="124" enqueued="0" />
  <ownableSynchronizers candidates="3" cleared="0" />
  <references type="soft" candidates="84" cleared="0" enqueued="0" dynamicThreshold="20" maxThreshold="32" />
  <references type="weak" candidates="774" cleared="0" enqueued="0" />
  <references type="phantom" candidates="63" cleared="0" enqueued="0" />
  <stringconstants candidates="4574" cleared="0"  />
</gc-op>
<gc-op id="7937" type="sweep" timems="0.730" contextid="7933" timestamp="2019-07-02T23:05:47.389" />
<heap-resize id="7938" type="contract" space="tenure" amount="131072" count="1" timems="0.092" reason="excess free space following gc" timestamp="2019-07-02T23:05:47.389" />
<gc-end id="7939" type="global" contextid="7933" durationms="3.602" usertimems="8.000" systemtimems="0.000" timestamp="2019-07-02T23:05:47.390" activeThreads="4">
  <mem-info id="7940" free="10267096" total="16252928" percent="63">
    <mem type="tenure" free="10267096" total="16252928" percent="63" micro-fragmented="1545" macro-fragmented="0">
      <mem type="soa" free="10267096" total="16091136" percent="63" />
      <mem type="loa" free="0" total="161792" percent="0" />
    </mem>
  </mem-info>
</gc-end>
<cycle-end id="7941" type="global" contextid="7933" timestamp="2019-07-02T23:05:47.390">
  <attribute name="GC Util" value="232" />
  <attribute name="CPU Util" value="8259862923513" />
  <attribute name="Time Running"value="7953"/>
  <attribute name="Number of cores"value="4"/>
</cycle-end>
<allocation-satisfied id="7942" threadId="0000000001358100" bytesRequested="24" />
<af-end id="7943" timestamp="2019-07-02T23:05:47.390" threadId="0000000001358A88" success="true" />
<exclusive-end id="7944" timestamp="2019-07-02T23:05:47.390" durationms="4.454" />

<exclusive-start id="7945" timestamp="2019-07-02T23:05:47.394" intervalms="8.778">
  <response-info timems="0.066" idlems="0.065" threads="1" lastid="000000000135BD00" lastname="Thread-10" />
</exclusive-start>
<af-start id="7946" threadId="0000000001358A88" totalBytesRequested="24" timestamp="2019-07-02T23:05:47.394" intervalms="8.764" />
<cycle-start id="7947" type="global" contextid="0" timestamp="2019-07-02T23:05:47.395" intervalms="8.720" />
  <attribute name="GC Util" value="232" />
  <attribute name="CPU Util" value="8259862923513" />
  <attribute name="Time Running"value="7953"/>
  <attribute name="Number of cores"value="4"/>
<gc-start id="7948" type="global" contextid="7947" timestamp="2019-07-02T23:05:47.395">
  <mem-info id="7949" free="0" total="16252928" percent="0">
    <mem type="tenure" free="0" total="16252928" percent="0">
      <mem type="soa" free="0" total="16091136" percent="0" />
      <mem type="loa" free="0" total="161792" percent="0" />
    </mem>
  </mem-info>
</gc-start>
<allocation-stats totalBytes="10264464" >
  <allocated-bytes non-tlh="0" tlh="10264464" />
  <largest-consumer threadName="Thread-7" threadId="0000000001358100" bytes="4073048" />
</allocation-stats>
<gc-op id="7950" type="mark" timems="2.072" contextid="7947" timestamp="2019-07-02T23:05:47.397">
  <trace-info objectcount="69025" scancount="61456" scanbytes="2348396" />
  <finalization candidates="124" enqueued="0" />
  <ownableSynchronizers candidates="3" cleared="0" />
  <references type="soft" candidates="84" cleared="0" enqueued="0" dynamicThreshold="20" maxThreshold="32" />
  <references type="weak" candidates="774" cleared="0" enqueued="0" />
  <references type="phantom" candidates="63" cleared="0" enqueued="0" />
  <stringconstants candidates="4574" cleared="0"  />
</gc-op>
<gc-op id="7951" type="sweep" timems="0.676" contextid="7947" timestamp="2019-07-02T23:05:47.398" />
<heap-resize id="7952" type="contract" space="tenure" amount="131072" count="1" timems="0.088" reason="excess free space following gc" timestamp="2019-07-02T23:05:47.398" />
<gc-end id="7953" type="global" contextid="7947" durationms="3.356" usertimems="8.000" systemtimems="0.000" timestamp="2019-07-02T23:05:47.398" activeThreads="4">
  <mem-info id="7954" free="10106536" total="16121856" percent="62">
    <mem type="tenure" free="10106536" total="16121856" percent="62" micro-fragmented="7194" macro-fragmented="0">
      <mem type="soa" free="10106536" total="15961088" percent="63" />
      <mem type="loa" free="0" total="160768" percent="0" />
    </mem>
  </mem-info>
</gc-end>
<cycle-end id="7955" type="global" contextid="7947" timestamp="2019-07-02T23:05:47.398">
  <attribute name="GC Util" value="246" />
  <attribute name="CPU Util" value="8563919990268" />
  <attribute name="Time Running"value="7962"/>
  <attribute name="Number of cores"value="4"/>
</cycle-end>
<allocation-satisfied id="7956" threadId="0000000001358100" bytesRequested="24" />
<af-end id="7957" timestamp="2019-07-02T23:05:47.398" threadId="0000000001358A88" success="true" />
<exclusive-end id="7958" timestamp="2019-07-02T23:05:47.399" durationms="4.269" />

<exclusive-start id="7959" timestamp="2019-07-02T23:05:47.403" intervalms="8.180">
  <response-info timems="0.291" idlems="0.172" threads="1" lastid="0000000001354500" lastname="Thread-8" />
</exclusive-start>
<af-start id="7960" threadId="000000000135C688" totalBytesRequested="40" timestamp="2019-07-02T23:05:47.403" intervalms="8.202" />
<cycle-start id="7961" type="global" contextid="0" timestamp="2019-07-02T23:05:47.403" intervalms="8.245" />
  <attribute name="GC Util" value="246" />
  <attribute name="CPU Util" value="8563919990268" />
  <attribute name="Time Running"value="7962"/>
  <attribute name="Number of cores"value="4"/>
<gc-start id="7962" type="global" contextid="7961" timestamp="2019-07-02T23:05:47.403">
  <mem-info id="7963" free="0" total="16121856" percent="0">
    <mem type="tenure" free="0" total="16121856" percent="0">
      <mem type="soa" free="0" total="15961088" percent="0" />
      <mem type="loa" free="0" total="160768" percent="0" />
    </mem>
  </mem-info>
</gc-start>
<allocation-stats totalBytes="10099960" >
  <allocated-bytes non-tlh="0" tlh="10099960" />
  <largest-consumer threadName="Thread-7" threadId="0000000001358100" bytes="3304664" />
</allocation-stats>
<gc-op id="7964" type="mark" timems="1.287" contextid="7961" timestamp="2019-07-02T23:05:47.405">
  <trace-info objectcount="69711" scancount="62142" scanbytes="2364572" />
  <finalization candidates="124" enqueued="0" />
  <ownableSynchronizers candidates="3" cleared="0" />
  <references type="soft" candidates="84" cleared="0" enqueued="0" dynamicThreshold="20" maxThreshold="32" />
  <references type="weak" candidates="774" cleared="0" enqueued="0" />
  <references type="phantom" candidates="63" cleared="0" enqueued="0" />
  <stringconstants candidates="4574" cleared="0"  />
</gc-op>
<gc-op id="7965" type="sweep" timems="0.303" contextid="7961" timestamp="2019-07-02T23:05:47.405" />
<mem-info id="7966" free="10040992" total="16121856" percent="62">
  <mem type="tenure" free="10040992" total="16121856" percent="62" micro-fragmented="18760" macro-fragmented="0">
    <mem type="soa" free="10040992" total="15961088" percent="62" />
    <mem type="loa" free="0" total="160768" percent="0" />
  </mem>
</mem-info>
<gc-op id="7967" type="compact" timems="2.997" contextid="7961" timestamp="2019-07-02T23:05:47.408">
  <compact-info movecount="3903" movebytes="95128" reason="compact to aid heap contraction" />
</gc-op>
<heap-resize id="7968" type="contract" space="tenure" amount="131072" count="1" timems="0.091" reason="excess free space following gc" timestamp="2019-07-02T23:05:47.408" />
<gc-end id="7969" type="global" contextid="7961" durationms="5.525" usertimems="8.000" systemtimems="0.000" timestamp="2019-07-02T23:05:47.408" activeThreads="4">
  <mem-info id="7970" free="10061600" total="15990784" percent="62">
    <mem type="tenure" free="10061600" total="15990784" percent="62">
      <mem type="soa" free="9931552" total="15831040" percent="62" />
      <mem type="loa" free="130048" total="159744" percent="81" />
    </mem>
  </mem-info>
</gc-end>
<cycle-end id="7971" type="global" contextid="7961" timestamp="2019-07-02T23:05:47.409">
  <attribute name="GC Util" value="17" />
  <attribute name="CPU Util" value="35723956331633" />
  <attribute name="Time Running"value="7970"/>
  <attribute name="Number of cores"value="4"/>
</cycle-end>
<allocation-satisfied id="7972" threadId="000000000135BD00" bytesRequested="40" />
<af-end id="7973" timestamp="2019-07-02T23:05:47.409" threadId="000000000135C688" success="true" />
<exclusive-end id="7974" timestamp="2019-07-02T23:05:47.409" durationms="6.444" />

<exclusive-start id="7975" timestamp="2019-07-02T23:05:47.413" intervalms="10.328">
  <response-info timems="0.029" idlems="0.029" threads="0" lastid="0000000001358100" lastname="Thread-7" />
</exclusive-start>
<af-start id="7976" threadId="0000000001358A88" totalBytesRequested="24" timestamp="2019-07-02T23:05:47.413" intervalms="10.309" />
<cycle-start id="7977" type="global" contextid="0" timestamp="2019-07-02T23:05:47.413" intervalms="10.235" />
  <attribute name="GC Util" value="17" />
  <attribute name="CPU Util" value="35723956331633" />
  <attribute name="Time Running"value="7970"/>
  <attribute name="Number of cores"value="4"/>
<gc-start id="7978" type="global" contextid="7977" timestamp="2019-07-02T23:05:47.413">
  <mem-info id="7979" free="130048" total="15990784" percent="0">
    <mem type="tenure" free="130048" total="15990784" percent="0">
      <mem type="soa" free="0" total="15831040" percent="0" />
      <mem type="loa" free="130048" total="159744" percent="81" />
    </mem>
  </mem-info>
</gc-start>
<allocation-stats totalBytes="9995680" >
  <allocated-bytes non-tlh="0" tlh="9995680" />
  <largest-consumer threadName="Thread-7" threadId="0000000001358100" bytes="3639672" />
</allocation-stats>
<gc-op id="7980" type="mark" timems="2.168" contextid="7977" timestamp="2019-07-02T23:05:47.415">
  <trace-info objectcount="65527" scancount="57959" scanbytes="2264252" />
  <finalization candidates="124" enqueued="0" />
  <ownableSynchronizers candidates="3" cleared="0" />
  <references type="soft" candidates="84" cleared="0" enqueued="0" dynamicThreshold="20" maxThreshold="32" />
  <references type="weak" candidates="774" cleared="0" enqueued="0" />
  <references type="phantom" candidates="63" cleared="0" enqueued="0" />
  <stringconstants candidates="4574" cleared="0"  />
</gc-op>
<gc-op id="7981" type="sweep" timems="0.709" contextid="7977" timestamp="2019-07-02T23:05:47.416" />
<heap-resize id="7982" type="contract" space="tenure" amount="131072" count="1" timems="0.044" reason="excess free space following gc" timestamp="2019-07-02T23:05:47.416" />
<gc-end id="7983" type="global" contextid="7977" durationms="3.372" usertimems="8.000" systemtimems="0.000" timestamp="2019-07-02T23:05:47.416" activeThreads="4">
  <mem-info id="7984" free="9910512" total="15859712" percent="62">
    <mem type="tenure" free="9910512" total="15859712" percent="62" micro-fragmented="84513" macro-fragmented="0">
      <mem type="soa" free="9802008" total="15702016" percent="62" />
      <mem type="loa" free="108504" total="157696" percent="68" />
    </mem>
  </mem-info>
</gc-end>
<cycle-end id="7985" type="global" contextid="7977" timestamp="2019-07-02T23:05:47.417">
  <attribute name="GC Util" value="246" />
  <attribute name="CPU Util" value="8171217268241" />
  <attribute name="Time Running"value="7980"/>
  <attribute name="Number of cores"value="4"/>
</cycle-end>
<allocation-satisfied id="7986" threadId="0000000001358100" bytesRequested="24" />
<af-end id="7987" timestamp="2019-07-02T23:05:47.417" threadId="0000000001358A88" success="true" />
<exclusive-end id="7988" timestamp="2019-07-02T23:05:47.417" durationms="3.979" />

<exclusive-start id="7989" timestamp="2019-07-02T23:05:47.420" intervalms="6.909">
  <response-info timems="0.030" idlems="0.030" threads="0" lastid="000000000135F900" lastname="Thread-9" />
</exclusive-start>
<af-start id="7990" threadId="0000000001360288" totalBytesRequested="24" timestamp="2019-07-02T23:05:47.420" intervalms="6.871" />
<cycle-start id="7991" type="global" contextid="0" timestamp="2019-07-02T23:05:47.420" intervalms="6.919" />
  <attribute name="GC Util" value="246" />
  <attribute name="CPU Util" value="8171217268241" />
  <attribute name="Time Running"value="7980"/>
  <attribute name="Number of cores"value="4"/>
<gc-start id="7992" type="global" contextid="7991" timestamp="2019-07-02T23:05:47.420">
  <mem-info id="7993" free="108504" total="15859712" percent="0">
    <mem type="tenure" free="108504" total="15859712" percent="0">
      <mem type="soa" free="0" total="15702016" percent="0" />
      <mem type="loa" free="108504" total="157696" percent="68" />
    </mem>
  </mem-info>
</gc-start>
<allocation-stats totalBytes="9863848" >
  <allocated-bytes non-tlh="0" tlh="9863848" />
  <largest-consumer threadName="Thread-7" threadId="0000000001358100" bytes="2728904" />
</allocation-stats>
<gc-op id="7994" type="mark" timems="2.111" contextid="7991" timestamp="2019-07-02T23:05:47.422">
  <trace-info objectcount="66369" scancount="58787" scanbytes="2284852" />
  <finalization candidates="124" enqueued="0" />
  <ownableSynchronizers candidates="3" cleared="0" />
  <references type="soft" candidates="84" cleared="0" enqueued="0" dynamicThreshold="19" maxThreshold="32" />
  <references type="weak" candidates="774" cleared="0" enqueued="0" />
  <references type="phantom" candidates="63" cleared="0" enqueued="0" />
  <stringconstants candidates="4574" cleared="0"  />
</gc-op>
<gc-op id="7995" type="sweep" timems="0.735" contextid="7991" timestamp="2019-07-02T23:05:47.423" />
<heap-resize id="7996" type="contract" space="tenure" amount="131072" count="1" timems="0.052" reason="excess free space following gc" timestamp="2019-07-02T23:05:47.423" />
<gc-end id="7997" type="global" contextid="7991" durationms="3.429" usertimems="0.000" systemtimems="4.000" timestamp="2019-07-02T23:05:47.424" activeThreads="4">
  <mem-info id="7998" free="9681936" total="15728640" percent="61">
    <mem type="tenure" free="9681936" total="15728640" percent="61" micro-fragmented="111616" macro-fragmented="0">
      <mem type="soa" free="9681936" total="15571968" percent="62" />
      <mem type="loa" free="0" total="156672" percent="0" />
    </mem>
  </mem-info>
</gc-end>
<cycle-end id="7999" type="global" contextid="7991" timestamp="2019-07-02T23:05:47.424">
  <attribute name="GC Util" value="233" />
  <attribute name="CPU Util" value="8372214773736" />
  <attribute name="Time Running"value="7987"/>
  <attribute name="Number of cores"value="4"/>
</cycle-end>
<allocation-satisfied id="8000" threadId="000000000135F900" bytesRequested="24" />
<af-end id="8001" timestamp="2019-07-02T23:05:47.424" threadId="0000000001360288" success="true" />
<exclusive-end id="8002" timestamp="2019-07-02T23:05:47.424" durationms="4.092" />

<exclusive-start id="8003" timestamp="2019-07-02T23:05:47.427" intervalms="7.206">
  <response-info timems="0.025" idlems="0.025" threads="0" lastid="0000000001354500" lastname="Thread-8" />
</exclusive-start>
<af-start id="8004" threadId="0000000001354E88" totalBytesRequested="40" timestamp="2019-07-02T23:05:47.427" intervalms="7.225" />
<cycle-start id="8005" type="global" contextid="0" timestamp="2019-07-02T23:05:47.427" intervalms="7.209" />
  <attribute name="GC Util" value="233" />
  <attribute name="CPU Util" value="8372214773736" />
  <attribute name="Time Running"value="7987"/>
  <attribute name="Number of cores"value="4"/>
<gc-start id="8006" type="global" contextid="8005" timestamp="2019-07-02T23:05:47.427">
  <mem-info id="8007" free="0" total="15728640" percent="0">
    <mem type="tenure" free="0" total="15728640" percent="0">
      <mem type="soa" free="0" total="15571968" percent="0" />
      <mem type="loa" free="0" total="156672" percent="0" />
    </mem>
  </mem-info>
</gc-start>
<allocation-stats totalBytes="9692792" >
  <allocated-bytes non-tlh="0" tlh="9692792" />
  <largest-consumer threadName="Thread-7" threadId="0000000001358100" bytes="2824616" />
</allocation-stats>
<gc-op id="8008" type="mark" timems="2.099" contextid="8005" timestamp="2019-07-02T23:05:47.429">
  <trace-info objectcount="66959" scancount="59397" scanbytes="2298828" />
  <finalization candidates="124" enqueued="0" />
  <ownableSynchronizers candidates="3" cleared="0" />
  <references type="soft" candidates="84" cleared="0" enqueued="0" dynamicThreshold="19" maxThreshold="32" />
  <references type="weak" candidates="774" cleared="0" enqueued="0" />
  <references type="phantom" candidates="63" cleared="0" enqueued="0" />
  <stringconstants candidates="4574" cleared="0"  />
</gc-op>
<gc-op id="8009" type="sweep" timems="0.812" contextid="8005" timestamp="2019-07-02T23:05:47.430" />
<gc-end id="8010" type="global" contextid="8005" durationms="3.192" usertimems="4.000" systemtimems="4.000" timestamp="2019-07-02T23:05:47.430" activeThreads="4">
  <mem-info id="8011" free="9636768" total="15728640" percent="61">
    <mem type="tenure" free="9636768" total="15728640" percent="61" micro-fragmented="85460" macro-fragmented="0">
      <mem type="soa" free="9636768" total="15571968" percent="61" />
      <mem type="loa" free="0" total="156672" percent="0" />
    </mem>
  </mem-info>
</gc-end>
<cycle-end id="8012" type="global" contextid="8005" timestamp="2019-07-02T23:05:47.431">
  <attribute name="GC Util" value="250" />
  <attribute name="CPU Util" value="8426194791574" />
  <attribute name="Time Running"value="7994"/>
  <attribute name="Number of cores"value="4"/>
</cycle-end>
<allocation-satisfied id="8013" threadId="0000000001354500" bytesRequested="40" />
<af-end id="8014" timestamp="2019-07-02T23:05:47.431" threadId="0000000001354E88" success="true" />
<exclusive-end id="8015" timestamp="2019-07-02T23:05:47.431" durationms="3.786" />

<exclusive-start id="8016" timestamp="2019-07-02T23:05:47.435" intervalms="7.984">
  <response-info timems="0.048" idlems="0.048" threads="0" lastid="0000000001358100" lastname="Thread-7" />
</exclusive-start>
<af-start id="8017" threadId="0000000001358A88" totalBytesRequested="40" timestamp="2019-07-02T23:05:47.435" intervalms="7.993" />
<cycle-start id="8018" type="global" contextid="0" timestamp="2019-07-02T23:05:47.435" intervalms="7.990" />
  <attribute name="GC Util" value="250" />
  <attribute name="CPU Util" value="8426194791574" />
  <attribute name="Time Running"value="7994"/>
  <attribute name="Number of cores"value="4"/>
<gc-start id="8019" type="global" contextid="8018" timestamp="2019-07-02T23:05:47.435">
  <mem-info id="8020" free="0" total="15728640" percent="0">
    <mem type="tenure" free="0" total="15728640" percent="0">
      <mem type="soa" free="0" total="15571968" percent="0" />
      <mem type="loa" free="0" total="156672" percent="0" />
    </mem>
  </mem-info>
</gc-start>
<allocation-stats totalBytes="9629080" >
  <allocated-bytes non-tlh="0" tlh="9629080" />
  <largest-consumer threadName="Thread-7" threadId="0000000001358100" bytes="3745128" />
</allocation-stats>
<gc-op id="8021" type="mark" timems="2.044" contextid="8018" timestamp="2019-07-02T23:05:47.437">
  <trace-info objectcount="67546" scancount="59978" scanbytes="2312916" />
  <finalization candidates="124" enqueued="0" />
  <ownableSynchronizers candidates="3" cleared="0" />
  <references type="soft" candidates="84" cleared="0" enqueued="0" dynamicThreshold="19" maxThreshold="32" />
  <references type="weak" candidates="774" cleared="0" enqueued="0" />
  <references type="phantom" candidates="63" cleared="0" enqueued="0" />
  <stringconstants candidates="4574" cleared="0"  />
</gc-op>
<gc-op id="8022" type="sweep" timems="0.819" contextid="8018" timestamp="2019-07-02T23:05:47.438" />
<gc-end id="8023" type="global" contextid="8018" durationms="3.208" usertimems="12.000" systemtimems="0.000" timestamp="2019-07-02T23:05:47.438" activeThreads="4">
  <mem-info id="8024" free="9582352" total="15728640" percent="60">
    <mem type="tenure" free="9582352" total="15728640" percent="60" micro-fragmented="141173" macro-fragmented="0">
      <mem type="soa" free="9582352" total="15571968" percent="61" />
      <mem type="loa" free="0" total="156672" percent="0" />
    </mem>
  </mem-info>
</gc-end>
<cycle-end id="8025" type="global" contextid="8018" timestamp="2019-07-02T23:05:47.439">
  <attribute name="GC Util" value="241" />
  <attribute name="CPU Util" value="8638360437153" />
  <attribute name="Time Running"value="8002"/>
  <attribute name="Number of cores"value="4"/>
</cycle-end>
<allocation-satisfied id="8026" threadId="0000000001358100" bytesRequested="40" />
<af-end id="8027" timestamp="2019-07-02T23:05:47.439" threadId="0000000001358A88" success="true" />
<exclusive-end id="8028" timestamp="2019-07-02T23:05:47.439" durationms="3.971" />

<exclusive-start id="8029" timestamp="2019-07-02T23:05:47.443" intervalms="7.724">
  <response-info timems="0.030" idlems="0.029" threads="2" lastid="000000000135BD00" lastname="Thread-10" />
</exclusive-start>
<af-start id="8030" threadId="0000000001354E88" totalBytesRequested="24" timestamp="2019-07-02T23:05:47.443" intervalms="7.720" />
<cycle-start id="8031" type="global" contextid="0" timestamp="2019-07-02T23:05:47.443" intervalms="7.725" />
  <attribute name="GC Util" value="241" />
  <attribute name="CPU Util" value="8638360437153" />
  <attribute name="Time Running"value="8002"/>
  <attribute name="Number of cores"value="4"/>
<gc-start id="8032" type="global" contextid="8031" timestamp="2019-07-02T23:05:47.443">
  <mem-info id="8033" free="0" total="15728640" percent="0">
    <mem type="tenure" free="0" total="15728640" percent="0">
      <mem type="soa" free="0" total="15571968" percent="0" />
      <mem type="loa" free="0" total="156672" percent="0" />
    </mem>
  </mem-info>
</gc-start>
<allocation-stats totalBytes="9571416" >
  <allocated-bytes non-tlh="0" tlh="9571416" />
  <largest-consumer threadName="Thread-7" threadId="0000000001358100" bytes="3327912" />
</allocation-stats>
<gc-op id="8034" type="mark" timems="2.194" contextid="8031" timestamp="2019-07-02T23:05:47.445">
  <trace-info objectcount="68165" scancount="60600" scanbytes="2327204" />
  <finalization candidates="124" enqueued="0" />
  <ownableSynchronizers candidates="3" cleared="0" />
  <references type="soft" candidates="84" cleared="0" enqueued="0" dynamicThreshold="19" maxThreshold="32" />
  <references type="weak" candidates="774" cleared="0" enqueued="0" />
  <references type="phantom" candidates="63" cleared="0" enqueued="0" />
  <stringconstants candidates="4574" cleared="0"  />
</gc-op>
<gc-op id="8035" type="sweep" timems="0.894" contextid="8031" timestamp="2019-07-02T23:05:47.446" />
<gc-end id="8036" type="global" contextid="8031" durationms="3.364" usertimems="8.000" systemtimems="0.000" timestamp="2019-07-02T23:05:47.446" activeThreads="4">
  <mem-info id="8037" free="9521280" total="15728640" percent="60">
    <mem type="tenure" free="9521280" total="15728640" percent="60" micro-fragmented="88700" macro-fragmented="0">
      <mem type="soa" free="9521280" total="15571968" percent="61" />
      <mem type="loa" free="0" total="156672" percent="0" />
    </mem>
  </mem-info>
</gc-end>
<cycle-end id="8038" type="global" contextid="8031" timestamp="2019-07-02T23:05:47.446">
  <attribute name="GC Util" value="253" />
  <attribute name="CPU Util" value="8106370667572" />
  <attribute name="Time Running"value="8010"/>
  <attribute name="Number of cores"value="4"/>
</cycle-end>
<allocation-satisfied id="8039" threadId="0000000001354500" bytesRequested="24" />
<af-end id="8040" timestamp="2019-07-02T23:05:47.446" threadId="0000000001354E88" success="true" />
<exclusive-end id="8041" timestamp="2019-07-02T23:05:47.447" durationms="3.842" />

<exclusive-start id="8042" timestamp="2019-07-02T23:05:47.450" intervalms="6.927">
  <response-info timems="0.025" idlems="0.025" threads="0" lastid="000000000135BD00" lastname="Thread-10" />
</exclusive-start>
<af-start id="8043" threadId="000000000135C688" totalBytesRequested="40" timestamp="2019-07-02T23:05:47.450" intervalms="6.931" />
<cycle-start id="8044" type="global" contextid="0" timestamp="2019-07-02T23:05:47.450" intervalms="6.966" />
  <attribute name="GC Util" value="253" />
  <attribute name="CPU Util" value="8106370667572" />
  <attribute name="Time Running"value="8010"/>
  <attribute name="Number of cores"value="4"/>
<gc-start id="8045" type="global" contextid="8044" timestamp="2019-07-02T23:05:47.450">
  <mem-info id="8046" free="0" total="15728640" percent="0">
    <mem type="tenure" free="0" total="15728640" percent="0">
      <mem type="soa" free="0" total="15571968" percent="0" />
      <mem type="loa" free="0" total="156672" percent="0" />
    </mem>
  </mem-info>
</gc-start>
<allocation-stats totalBytes="9507192" >
  <allocated-bytes non-tlh="0" tlh="9507192" />
  <largest-consumer threadName="Thread-7" threadId="0000000001358100" bytes="2712960" />
</allocation-stats>
<gc-op id="8047" type="mark" timems="1.256" contextid="8044" timestamp="2019-07-02T23:05:47.451">
  <trace-info objectcount="69177" scancount="61608" scanbytes="2351620" />
  <finalization candidates="124" enqueued="0" />
  <ownableSynchronizers candidates="3" cleared="0" />
  <references type="soft" candidates="84" cleared="0" enqueued="0" dynamicThreshold="19" maxThreshold="32" />
  <references type="weak" candidates="774" cleared="0" enqueued="0" />
  <references type="phantom" candidates="63" cleared="0" enqueued="0" />
  <stringconstants candidates="4574" cleared="0"  />
</gc-op>
<gc-op id="8048" type="sweep" timems="0.359" contextid="8044" timestamp="2019-07-02T23:05:47.452" />
<gc-end id="8049" type="global" contextid="8044" durationms="2.034" usertimems="4.000" systemtimems="0.000" timestamp="2019-07-02T23:05:47.452" activeThreads="4">
  <mem-info id="8050" free="9445200" total="15728640" percent="60">
    <mem type="tenure" free="9445200" total="15728640" percent="60" micro-fragmented="94533" macro-fragmented="0">
      <mem type="soa" free="9445200" total="15571968" percent="60" />
      <mem type="loa" free="0" total="156672" percent="0" />
    </mem>
  </mem-info>
</gc-end>
<cycle-end id="8051" type="global" contextid="8044" timestamp="2019-07-02T23:05:47.452">
  <attribute name="GC Util" value="201" />
  <attribute name="CPU Util" value="13710881673493" />
  <attribute name="Time Running"value="8016"/>
  <attribute name="Number of cores"value="4"/>
</cycle-end>
<allocation-satisfied id="8052" threadId="000000000135BD00" bytesRequested="40" />
<af-end id="8053" timestamp="2019-07-02T23:05:47.452" threadId="000000000135C688" success="true" />
<exclusive-end id="8054" timestamp="2019-07-02T23:05:47.452" durationms="2.768" />

<exclusive-start id="8055" timestamp="2019-07-02T23:05:47.456" intervalms="5.930">
  <response-info timems="0.026" idlems="0.026" threads="0" lastid="0000000001354500" lastname="Thread-8" />
</exclusive-start>
<af-start id="8056" threadId="0000000001354E88" totalBytesRequested="24" timestamp="2019-07-02T23:05:47.456" intervalms="5.914" />
<cycle-start id="8057" type="global" contextid="0" timestamp="2019-07-02T23:05:47.456" intervalms="5.868" />
  <attribute name="GC Util" value="201" />
  <attribute name="CPU Util" value="13710881673493" />
  <attribute name="Time Running"value="8016"/>
  <attribute name="Number of cores"value="4"/>
<gc-start id="8058" type="global" contextid="8057" timestamp="2019-07-02T23:05:47.456">
  <mem-info id="8059" free="0" total="15728640" percent="0">
    <mem type="tenure" free="0" total="15728640" percent="0">
      <mem type="soa" free="0" total="15571968" percent="0" />
      <mem type="loa" free="0" total="156672" percent="0" />
    </mem>
  </mem-info>
</gc-start>
<allocation-stats totalBytes="9425784" >
  <allocated-bytes non-tlh="0" tlh="9425784" />
  <largest-consumer threadName="Thread-7" threadId="0000000001358100" bytes="2634808" />
</allocation-stats>
<gc-op id="8060" type="mark" timems="2.183" contextid="8057" timestamp="2019-07-02T23:05:47.458">
  <trace-info objectcount="70286" scancount="62707" scanbytes="2378604" />
  <finalization candidates="124" enqueued="0" />
  <ownableSynchronizers candidates="3" cleared="0" />
  <references type="soft" candidates="84" cleared="0" enqueued="0" dynamicThreshold="19" maxThreshold="32" />
  <references type="weak" candidates="774" cleared="0" enqueued="0" />
  <references type="phantom" candidates="63" cleared="0" enqueued="0" />
  <stringconstants candidates="4574" cleared="0"  />
</gc-op>
<gc-op id="8061" type="sweep" timems="0.874" contextid="8057" timestamp="2019-07-02T23:05:47.459" />
<heap-resize id="8062" type="expand" space="tenure" amount="1048576" count="1" timems="0.053" reason="excessive time being spent in gc" timestamp="2019-07-02T23:05:47.459" />
<gc-end id="8063" type="global" contextid="8057" durationms="3.471" usertimems="8.000" systemtimems="0.000" timestamp="2019-07-02T23:05:47.459" activeThreads="4">
  <mem-info id="8064" free="10385568" total="16777216" percent="61">
    <mem type="tenure" free="10385568" total="16777216" percent="61" micro-fragmented="144024" macro-fragmented="0">
      <mem type="soa" free="10218656" total="16610304" percent="61" />
      <mem type="loa" free="166912" total="166912" percent="100" />
    </mem>
  </mem-info>
</gc-end>
<cycle-end id="8065" type="global" contextid="8057" timestamp="2019-07-02T23:05:47.459">
  <attribute name="GC Util" value="251" />
  <attribute name="CPU Util" value="8100322797858" />
  <attribute name="Time Running"value="8023"/>
  <attribute name="Number of cores"value="4"/>
</cycle-end>
<allocation-satisfied id="8066" threadId="0000000001354500" bytesRequested="24" />
<af-end id="8067" timestamp="2019-07-02T23:05:47.460" threadId="0000000001354E88" success="true" />
<exclusive-end id="8068" timestamp="2019-07-02T23:05:47.460" durationms="4.040" />

<exclusive-start id="8069" timestamp="2019-07-02T23:05:47.463" intervalms="7.429">
  <response-info timems="0.023" idlems="0.023" threads="0" lastid="0000000001354500" lastname="Thread-8" />
</exclusive-start>
<af-start id="8070" threadId="0000000001354E88" totalBytesRequested="24" timestamp="2019-07-02T23:05:47.463" intervalms="7.387" />
<cycle-start id="8071" type="global" contextid="0" timestamp="2019-07-02T23:05:47.463" intervalms="7.344" />
  <attribute name="GC Util" value="251" />
  <attribute name="CPU Util" value="8100322797858" />
  <attribute name="Time Running"value="8023"/>
  <attribute name="Number of cores"value="4"/>
<gc-start id="8072" type="global" contextid="8071" timestamp="2019-07-02T23:05:47.463">
  <mem-info id="8073" free="166912" total="16777216" percent="0">
    <mem type="tenure" free="166912" total="16777216" percent="0">
      <mem type="soa" free="0" total="16610304" percent="0" />
      <mem type="loa" free="166912" total="166912" percent="100" />
    </mem>
  </mem-info>
</gc-start>
<allocation-stats totalBytes="10196128" >
  <allocated-bytes non-tlh="0" tlh="10196128" />
  <largest-consumer threadName="Thread-7" threadId="0000000001358100" bytes="2904784" />
</allocation-stats>
<gc-op id="8074" type="mark" timems="2.334" contextid="8071" timestamp="2019-07-02T23:05:47.466">
  <trace-info objectcount="71328" scancount="63750" scanbytes="2403484" />
  <finalization candidates="124" enqueued="0" />
  <ownableSynchronizers candidates="3" cleared="0" />
  <references type="soft" candidates="84" cleared="0" enqueued="0" dynamicThreshold="19" maxThreshold="32" />
  <references type="weak" candidates="774" cleared="0" enqueued="0" />
  <references type="phantom" candidates="63" cleared="0" enqueued="0" />
  <stringconstants candidates="4574" cleared="0"  />
</gc-op>
<gc-op id="8075" type="sweep" timems="0.901" contextid="8071" timestamp="2019-07-02T23:05:47.467" />
<gc-end id="8076" type="global" contextid="8071" durationms="3.513" usertimems="8.000" systemtimems="0.000" timestamp="2019-07-02T23:05:47.467" activeThreads="4">
  <mem-info id="8077" free="10438424" total="16777216" percent="62">
    <mem type="tenure" free="10438424" total="16777216" percent="62" micro-fragmented="209624" macro-fragmented="0">
      <mem type="soa" free="10271512" total="16610304" percent="61" />
      <mem type="loa" free="166912" total="166912" percent="100" />
    </mem>
  </mem-info>
</gc-end>
<cycle-end id="8078" type="global" contextid="8071" timestamp="2019-07-02T23:05:47.467">
  <attribute name="GC Util" value="254" />
  <attribute name="CPU Util" value="7595487854287" />
  <attribute name="Time Running"value="8030"/>
  <attribute name="Number of cores"value="4"/>
</cycle-end>
<allocation-satisfied id="8079" threadId="0000000001354500" bytesRequested="24" />
<af-end id="8080" timestamp="2019-07-02T23:05:47.467" threadId="0000000001354E88" success="true" />
<exclusive-end id="8081" timestamp="2019-07-02T23:05:47.467" durationms="4.044" />

<exclusive-start id="8082" timestamp="2019-07-02T23:05:47.470" intervalms="7.459">
  <response-info timems="0.021" idlems="0.021" threads="0" lastid="0000000001354500" lastname="Thread-8" />
</exclusive-start>
<af-start id="8083" threadId="0000000001354E88" totalBytesRequested="40" timestamp="2019-07-02T23:05:47.471" intervalms="7.502" />
<cycle-start id="8084" type="global" contextid="0" timestamp="2019-07-02T23:05:47.471" intervalms="7.550" />
  <attribute name="GC Util" value="254" />
  <attribute name="CPU Util" value="7595487854287" />
  <attribute name="Time Running"value="8030"/>
  <attribute name="Number of cores"value="4"/>
<gc-start id="8085" type="global" contextid="8084" timestamp="2019-07-02T23:05:47.471">
  <mem-info id="8086" free="166912" total="16777216" percent="0">
    <mem type="tenure" free="166912" total="16777216" percent="0">
      <mem type="soa" free="0" total="16610304" percent="0" />
      <mem type="loa" free="166912" total="166912" percent="100" />
    </mem>
  </mem-info>
</gc-start>
<allocation-stats totalBytes="10244648" >
  <allocated-bytes non-tlh="0" tlh="10244648" />
  <largest-consumer threadName="Thread-7" threadId="0000000001358100" bytes="2906280" />
</allocation-stats>
<gc-op id="8087" type="mark" timems="2.128" contextid="8084" timestamp="2019-07-02T23:05:47.473">
  <trace-info objectcount="72529" scancount="64937" scanbytes="2432020" />
  <finalization candidates="124" enqueued="0" />
  <ownableSynchronizers candidates="3" cleared="0" />
  <references type="soft" candidates="84" cleared="0" enqueued="0" dynamicThreshold="19" maxThreshold="32" />
  <references type="weak" candidates="774" cleared="0" enqueued="0" />
  <references type="phantom" candidates="63" cleared="0" enqueued="0" />
  <stringconstants candidates="4574" cleared="0"  />
</gc-op>
<gc-op id="8088" type="sweep" timems="1.092" contextid="8084" timestamp="2019-07-02T23:05:47.474" />
<gc-end id="8089" type="global" contextid="8084" durationms="3.446" usertimems="8.000" systemtimems="0.000" timestamp="2019-07-02T23:05:47.474" activeThreads="4">
  <mem-info id="8090" free="10322488" total="16777216" percent="61">
    <mem type="tenure" free="10322488" total="16777216" percent="61" micro-fragmented="184446" macro-fragmented="0">
      <mem type="soa" free="10155576" total="16610304" percent="61" />
      <mem type="loa" free="166912" total="166912" percent="100" />
    </mem>
  </mem-info>
</gc-end>
<cycle-end id="8091" type="global" contextid="8084" timestamp="2019-07-02T23:05:47.474">
  <attribute name="GC Util" value="262" />
  <attribute name="CPU Util" value="8478747037815" />
  <attribute name="Time Running"value="8038"/>
  <attribute name="Number of cores"value="4"/>
</cycle-end>
<allocation-satisfied id="8092" threadId="0000000001354500" bytesRequested="40" />
<af-end id="8093" timestamp="2019-07-02T23:05:47.474" threadId="0000000001354E88" success="true" />
<exclusive-end id="8094" timestamp="2019-07-02T23:05:47.474" durationms="4.018" />

<exclusive-start id="8095" timestamp="2019-07-02T23:05:47.478" intervalms="7.523">
  <response-info timems="0.023" idlems="0.023" threads="0" lastid="0000000001358100" lastname="Thread-7" />
</exclusive-start>
<af-start id="8096" threadId="0000000001358A88" totalBytesRequested="24" timestamp="2019-07-02T23:05:47.478" intervalms="7.530" />
<cycle-start id="8097" type="global" contextid="0" timestamp="2019-07-02T23:05:47.478" intervalms="7.537" />
  <attribute name="GC Util" value="262" />
  <attribute name="CPU Util" value="8478747037815" />
  <attribute name="Time Running"value="8038"/>
  <attribute name="Number of cores"value="4"/>
<gc-start id="8098" type="global" contextid="8097" timestamp="2019-07-02T23:05:47.478">
  <mem-info id="8099" free="166912" total="16777216" percent="0">
    <mem type="tenure" free="166912" total="16777216" percent="0">
      <mem type="soa" free="0" total="16610304" percent="0" />
      <mem type="loa" free="166912" total="166912" percent="100" />
    </mem>
  </mem-info>
</gc-start>
<allocation-stats totalBytes="10125336" >
  <allocated-bytes non-tlh="23160" tlh="10102176" />
  <largest-consumer threadName="Thread-10" threadId="000000000135BD00" bytes="2860288" />
</allocation-stats>
<gc-op id="8100" type="mark" timems="1.800" contextid="8097" timestamp="2019-07-02T23:05:47.480">
  <trace-info objectcount="69087" scancount="61519" scanbytes="2349284" />
  <finalization candidates="124" enqueued="0" />
  <ownableSynchronizers candidates="3" cleared="0" />
  <references type="soft" candidates="84" cleared="0" enqueued="0" dynamicThreshold="19" maxThreshold="32" />
  <references type="weak" candidates="774" cleared="0" enqueued="0" />
  <references type="phantom" candidates="63" cleared="0" enqueued="0" />
  <stringconstants candidates="4574" cleared="0"  />
</gc-op>
<gc-op id="8101" type="sweep" timems="0.902" contextid="8097" timestamp="2019-07-02T23:05:47.481" />
<heap-resize id="8102" type="contract" space="tenure" amount="131072" count="1" timems="0.053" reason="excess free space following gc" timestamp="2019-07-02T23:05:47.481" />
<gc-end id="8103" type="global" contextid="8097" durationms="3.160" usertimems="4.000" systemtimems="4.000" timestamp="2019-07-02T23:05:47.481" activeThreads="4">
  <mem-info id="8104" free="10239944" total="16646144" percent="61">
    <mem type="tenure" free="10239944" total="16646144" percent="61" micro-fragmented="175988" macro-fragmented="0">
      <mem type="soa" free="10239944" total="16480256" percent="62" />
      <mem type="loa" free="0" total="165888" percent="0" />
    </mem>
  </mem-info>
</gc-end>
<cycle-end id="8105" type="global" contextid="8097" timestamp="2019-07-02T23:05:47.482">
  <attribute name="GC Util" value="261" />
  <attribute name="CPU Util" value="9935118738015" />
  <attribute name="Time Running"value="8045"/>
  <attribute name="Number of cores"value="4"/>
</cycle-end>
<allocation-satisfied id="8106" threadId="0000000001358100" bytesRequested="24" />
<af-end id="8107" timestamp="2019-07-02T23:05:47.482" threadId="0000000001358A88" success="true" />
<exclusive-end id="8108" timestamp="2019-07-02T23:05:47.482" durationms="3.988" />

<exclusive-start id="8109" timestamp="2019-07-02T23:05:47.486" intervalms="7.633">
  <response-info timems="0.033" idlems="0.033" threads="0" lastid="000000000135F900" lastname="Thread-9" />
</exclusive-start>
<af-start id="8110" threadId="0000000001360288" totalBytesRequested="24" timestamp="2019-07-02T23:05:47.486" intervalms="7.607" />
<cycle-start id="8111" type="global" contextid="0" timestamp="2019-07-02T23:05:47.486" intervalms="7.614" />
  <attribute name="GC Util" value="261" />
  <attribute name="CPU Util" value="9935118738015" />
  <attribute name="Time Running"value="8045"/>
  <attribute name="Number of cores"value="4"/>
<gc-start id="8112" type="global" contextid="8111" timestamp="2019-07-02T23:05:47.486">
  <mem-info id="8113" free="0" total="16646144" percent="0">
    <mem type="tenure" free="0" total="16646144" percent="0">
      <mem type="soa" free="0" total="16480256" percent="0" />
      <mem type="loa" free="0" total="165888" percent="0" />
    </mem>
  </mem-info>
</gc-start>
<allocation-stats totalBytes="10214984" >
  <allocated-bytes non-tlh="19056" tlh="10195928" />
  <largest-consumer threadName="Thread-10" threadId="000000000135BD00" bytes="2893504" />
</allocation-stats>
<gc-op id="8114" type="mark" timems="2.066" contextid="8111" timestamp="2019-07-02T23:05:47.488">
  <trace-info objectcount="65347" scancount="57804" scanbytes="2259284" />
  <finalization candidates="124" enqueued="0" />
  <ownableSynchronizers candidates="3" cleared="0" />
  <references type="soft" candidates="84" cleared="0" enqueued="0" dynamicThreshold="19" maxThreshold="32" />
  <references type="weak" candidates="774" cleared="0" enqueued="0" />
  <references type="phantom" candidates="63" cleared="0" enqueued="0" />
  <stringconstants candidates="4574" cleared="0"  />
</gc-op>
<gc-op id="8115" type="sweep" timems="0.815" contextid="8111" timestamp="2019-07-02T23:05:47.489" />
<heap-resize id="8116" type="contract" space="tenure" amount="131072" count="1" timems="0.062" reason="excess free space following gc" timestamp="2019-07-02T23:05:47.489" />
<gc-end id="8117" type="global" contextid="8111" durationms="3.426" usertimems="8.000" systemtimems="0.000" timestamp="2019-07-02T23:05:47.489" activeThreads="4">
  <mem-info id="8118" free="10304376" total="16515072" percent="62">
    <mem type="tenure" free="10304376" total="16515072" percent="62" micro-fragmented="123017" macro-fragmented="19963">
      <mem type="soa" free="10304376" total="16350208" percent="63" />
      <mem type="loa" free="0" total="164864" percent="0" />
    </mem>
  </mem-info>
</gc-end>
<cycle-end id="8119" type="global" contextid="8111" timestamp="2019-07-02T23:05:47.489">
  <attribute name="GC Util" value="252" />
  <attribute name="CPU Util" value="8537222426543" />
  <attribute name="Time Running"value="8053"/>
  <attribute name="Number of cores"value="4"/>
</cycle-end>
<allocation-satisfied id="8120" threadId="000000000135F900" bytesRequested="24" />
<af-end id="8121" timestamp="2019-07-02T23:05:47.490" threadId="0000000001360288" success="true" />
<exclusive-end id="8122" timestamp="2019-07-02T23:05:47.490" durationms="4.059" />

<exclusive-start id="8123" timestamp="2019-07-02T23:05:47.494" intervalms="7.931">
  <response-info timems="0.024" idlems="0.023" threads="1" lastid="000000000135F900" lastname="Thread-9" />
</exclusive-start>
<af-start id="8124" threadId="0000000001354E88" totalBytesRequested="40" timestamp="2019-07-02T23:05:47.494" intervalms="7.956" />
<cycle-start id="8125" type="global" contextid="0" timestamp="2019-07-02T23:05:47.494" intervalms="7.939" />
  <attribute name="GC Util" value="252" />
  <attribute name="CPU Util" value="8537222426543" />
  <attribute name="Time Running"value="8053"/>
  <attribute name="Number of cores"value="4"/>
<gc-start id="8126" type="global" contextid="8125" timestamp="2019-07-02T23:05:47.494">
  <mem-info id="8127" free="0" total="16515072" percent="0">
    <mem type="tenure" free="0" total="16515072" percent="0">
      <mem type="soa" free="0" total="16350208" percent="0" />
      <mem type="loa" free="0" total="164864" percent="0" />
    </mem>
  </mem-info>
</gc-start>
<allocation-stats totalBytes="10288232" >
  <allocated-bytes non-tlh="0" tlh="10288232" />
  <largest-consumer threadName="Thread-9" threadId="000000000135F900" bytes="2942592" />
</allocation-stats>
<gc-op id="8128" type="mark" timems="1.975" contextid="8125" timestamp="2019-07-02T23:05:47.496">
  <trace-info objectcount="66277" scancount="58704" scanbytes="2282852" />
  <finalization candidates="124" enqueued="0" />
  <ownableSynchronizers candidates="3" cleared="0" />
  <references type="soft" candidates="84" cleared="0" enqueued="0" dynamicThreshold="19" maxThreshold="32" />
  <references type="weak" candidates="774" cleared="0" enqueued="0" />
  <references type="phantom" candidates="63" cleared="0" enqueued="0" />
  <stringconstants candidates="4574" cleared="0"  />
</gc-op>
<gc-op id="8129" type="sweep" timems="0.834" contextid="8125" timestamp="2019-07-02T23:05:47.497" />
<mem-info id="8130" free="10205176" total="16515072" percent="61">
  <mem type="tenure" free="10205176" total="16515072" percent="61" micro-fragmented="236251" macro-fragmented="32566">
    <mem type="soa" free="10205176" total="16350208" percent="62" />
    <mem type="loa" free="0" total="164864" percent="0" />
  </mem>
</mem-info>
<gc-op id="8131" type="compact" timems="5.815" contextid="8125" timestamp="2019-07-02T23:05:47.503">
  <compact-info movecount="26536" movebytes="1188520" reason="compact to aid heap contraction" />
</gc-op>
<heap-resize id="8132" type="contract" space="tenure" amount="131072" count="1" timems="0.040" reason="excess free space following gc" timestamp="2019-07-02T23:05:47.503" />
<gc-end id="8133" type="global" contextid="8125" durationms="9.297" usertimems="16.000" systemtimems="0.000" timestamp="2019-07-02T23:05:47.503" activeThreads="4">
  <mem-info id="8134" free="10532440" total="16384000" percent="64">
    <mem type="tenure" free="10532440" total="16384000" percent="64">
      <mem type="soa" free="10402392" total="16220160" percent="64" />
      <mem type="loa" free="130048" total="163840" percent="79" />
    </mem>
  </mem-info>
</gc-end>
<cycle-end id="8135" type="global" contextid="8125" timestamp="2019-07-02T23:05:47.503">
  <attribute name="GC Util" value="143" />
  <attribute name="CPU Util" value="17738327991714" />
  <attribute name="Time Running"value="8062"/>
  <attribute name="Number of cores"value="4"/>
</cycle-end>
<allocation-satisfied id="8136" threadId="0000000001354500" bytesRequested="40" />
<af-end id="8137" timestamp="2019-07-02T23:05:47.503" threadId="0000000001354E88" success="true" />
<exclusive-end id="8138" timestamp="2019-07-02T23:05:47.503" durationms="9.925" />

<exclusive-start id="8139" timestamp="2019-07-02T23:05:47.507" intervalms="13.799">
  <response-info timems="0.026" idlems="0.026" threads="0" lastid="000000000135BD00" lastname="Thread-10" />
</exclusive-start>
<af-start id="8140" threadId="000000000135C688" totalBytesRequested="40" timestamp="2019-07-02T23:05:47.507" intervalms="13.771" />
<cycle-start id="8141" type="global" contextid="0" timestamp="2019-07-02T23:05:47.507" intervalms="13.743" />
  <attribute name="GC Util" value="143" />
  <attribute name="CPU Util" value="17738327991714" />
  <attribute name="Time Running"value="8062"/>
  <attribute name="Number of cores"value="4"/>
<gc-start id="8142" type="global" contextid="8141" timestamp="2019-07-02T23:05:47.508">
  <mem-info id="8143" free="130048" total="16384000" percent="0">
    <mem type="tenure" free="130048" total="16384000" percent="0">
      <mem type="soa" free="0" total="16220160" percent="0" />
      <mem type="loa" free="130048" total="163840" percent="79" />
    </mem>
  </mem-info>
</gc-start>
<allocation-stats totalBytes="10467696" >
  <allocated-bytes non-tlh="0" tlh="10467696" />
  <largest-consumer threadName="Thread-8" threadId="0000000001354500" bytes="2963976" />
</allocation-stats>
<gc-op id="8144" type="mark" timems="1.031" contextid="8141" timestamp="2019-07-02T23:05:47.509">
  <trace-info objectcount="66807" scancount="59237" scanbytes="2295244" />
  <finalization candidates="124" enqueued="0" />
  <ownableSynchronizers candidates="3" cleared="0" />
  <references type="soft" candidates="84" cleared="0" enqueued="0" dynamicThreshold="20" maxThreshold="32" />
  <references type="weak" candidates="774" cleared="0" enqueued="0" />
  <references type="phantom" candidates="63" cleared="0" enqueued="0" />
  <stringconstants candidates="4574" cleared="0"  />
</gc-op>
<gc-op id="8145" type="sweep" timems="0.237" contextid="8141" timestamp="2019-07-02T23:05:47.509" />
<heap-resize id="8146" type="contract" space="tenure" amount="131072" count="1" timems="0.043" reason="excess free space following gc" timestamp="2019-07-02T23:05:47.509" />
<gc-end id="8147" type="global" contextid="8141" durationms="1.647" usertimems="4.000" systemtimems="0.000" timestamp="2019-07-02T23:05:47.509" activeThreads="4">
  <mem-info id="8148" free="10379592" total="16252928" percent="63">
    <mem type="tenure" free="10379592" total="16252928" percent="63" micro-fragmented="9267" macro-fragmented="0">
      <mem type="soa" free="10310960" total="16091136" percent="64" />
      <mem type="loa" free="68632" total="161792" percent="42" />
    </mem>
  </mem-info>
</gc-end>
<cycle-end id="8149" type="global" contextid="8141" timestamp="2019-07-02T23:05:47.509">
  <attribute name="GC Util" value="227" />
  <attribute name="CPU Util" value="17011217946632" />
  <attribute name="Time Running"value="8074"/>
  <attribute name="Number of cores"value="4"/>
</cycle-end>
<allocation-satisfied id="8150" threadId="000000000135BD00" bytesRequested="40" />
<af-end id="8151" timestamp="2019-07-02T23:05:47.509" threadId="000000000135C688" success="true" />
<exclusive-end id="8152" timestamp="2019-07-02T23:05:47.510" durationms="2.261" />

<exclusive-start id="8153" timestamp="2019-07-02T23:05:47.514" intervalms="6.199">
  <response-info timems="0.031" idlems="0.031" threads="0" lastid="0000000001354500" lastname="Thread-8" />
</exclusive-start>
<af-start id="8154" threadId="0000000001354E88" totalBytesRequested="40" timestamp="2019-07-02T23:05:47.514" intervalms="6.257" />
<cycle-start id="8155" type="global" contextid="0" timestamp="2019-07-02T23:05:47.514" intervalms="6.327" />
  <attribute name="GC Util" value="227" />
  <attribute name="CPU Util" value="17011217946632" />
  <attribute name="Time Running"value="8074"/>
  <attribute name="Number of cores"value="4"/>
<gc-start id="8156" type="global" contextid="8155" timestamp="2019-07-02T23:05:47.514">
  <mem-info id="8157" free="68632" total="16252928" percent="0">
    <mem type="tenure" free="68632" total="16252928" percent="0">
      <mem type="soa" free="0" total="16091136" percent="0" />
      <mem type="loa" free="68632" total="161792" percent="42" />
    </mem>
  </mem-info>
</gc-start>
<allocation-stats totalBytes="10309208" >
  <allocated-bytes non-tlh="0" tlh="10309208" />
  <largest-consumer threadName="Thread-9" threadId="000000000135F900" bytes="3110488" />
</allocation-stats>
<gc-op id="8158" type="mark" timems="2.190" contextid="8155" timestamp="2019-07-02T23:05:47.516">
  <trace-info objectcount="67442" scancount="59852" scanbytes="2310396" />
  <finalization candidates="124" enqueued="0" />
  <ownableSynchronizers candidates="3" cleared="0" />
  <references type="soft" candidates="84" cleared="0" enqueued="0" dynamicThreshold="20" maxThreshold="32" />
  <references type="weak" candidates="774" cleared="0" enqueued="0" />
  <references type="phantom" candidates="63" cleared="0" enqueued="0" />
  <stringconstants candidates="4574" cleared="0"  />
</gc-op>
<gc-op id="8159" type="sweep" timems="0.782" contextid="8155" timestamp="2019-07-02T23:05:47.517" />
<heap-resize id="8160" type="contract" space="tenure" amount="65536" count="1" timems="0.043" reason="excess free space following gc" timestamp="2019-07-02T23:05:47.517" />
<gc-end id="8161" type="global" contextid="8155" durationms="3.340" usertimems="8.000" systemtimems="0.000" timestamp="2019-07-02T23:05:47.517" activeThreads="4">
  <mem-info id="8162" free="10201584" total="16187392" percent="63">
    <mem type="tenure" free="10201584" total="16187392" percent="63" micro-fragmented="9248" macro-fragmented="0">
      <mem type="soa" free="10201584" total="16025600" percent="63" />
      <mem type="loa" free="0" total="161792" percent="0" />
    </mem>
  </mem-info>
</gc-end>
<cycle-end id="8163" type="global" contextid="8155" timestamp="2019-07-02T23:05:47.517">
  <attribute name="GC Util" value="259" />
  <attribute name="CPU Util" value="8116182474646" />
  <attribute name="Time Running"value="8081"/>
  <attribute name="Number of cores"value="4"/>
</cycle-end>
<allocation-satisfied id="8164" threadId="0000000001354500" bytesRequested="40" />
<af-end id="8165" timestamp="2019-07-02T23:05:47.517" threadId="0000000001354E88" success="true" />
<exclusive-end id="8166" timestamp="2019-07-02T23:05:47.518" durationms="4.001" />

<exclusive-start id="8167" timestamp="2019-07-02T23:05:47.521" intervalms="7.855">
  <response-info timems="0.039" idlems="0.039" threads="0" lastid="0000000001358100" lastname="Thread-7" />
</exclusive-start>
<af-start id="8168" threadId="0000000001358A88" totalBytesRequested="40" timestamp="2019-07-02T23:05:47.521" intervalms="7.790" />
<cycle-start id="8169" type="global" contextid="0" timestamp="2019-07-02T23:05:47.522" intervalms="7.715" />
  <attribute name="GC Util" value="259" />
  <attribute name="CPU Util" value="8116182474646" />
  <attribute name="Time Running"value="8081"/>
  <attribute name="Number of cores"value="4"/>
<gc-start id="8170" type="global" contextid="8169" timestamp="2019-07-02T23:05:47.522">
  <mem-info id="8171" free="0" total="16187392" percent="0">
    <mem type="tenure" free="0" total="16187392" percent="0">
      <mem type="soa" free="0" total="16025600" percent="0" />
      <mem type="loa" free="0" total="161792" percent="0" />
    </mem>
  </mem-info>
</gc-start>
<allocation-stats totalBytes="10195616" >
  <allocated-bytes non-tlh="0" tlh="10195616" />
  <largest-consumer threadName="Thread-7" threadId="0000000001358100" bytes="2701120" />
</allocation-stats>
<gc-op id="8172" type="mark" timems="2.062" contextid="8169" timestamp="2019-07-02T23:05:47.524">
  <trace-info objectcount="68345" scancount="60772" scanbytes="2332244" />
  <finalization candidates="124" enqueued="0" />
  <ownableSynchronizers candidates="3" cleared="0" />
  <references type="soft" candidates="84" cleared="0" enqueued="0" dynamicThreshold="20" maxThreshold="32" />
  <references type="weak" candidates="774" cleared="0" enqueued="0" />
  <references type="phantom" candidates="63" cleared="0" enqueued="0" />
  <stringconstants candidates="4574" cleared="0"  />
</gc-op>
<gc-op id="8173" type="sweep" timems="0.783" contextid="8169" timestamp="2019-07-02T23:05:47.525" />
<mem-info id="8174" free="10228864" total="16187392" percent="63">
  <mem type="tenure" free="10228864" total="16187392" percent="63" micro-fragmented="26445" macro-fragmented="0">
    <mem type="soa" free="10136640" total="16025600" percent="63" />
    <mem type="loa" free="92224" total="161792" percent="57" />
  </mem>
</mem-info>
<gc-op id="8175" type="compact" timems="5.238" contextid="8169" timestamp="2019-07-02T23:05:47.530">
  <compact-info movecount="14691" movebytes="629248" reason="compact to aid heap contraction" />
</gc-op>
<heap-resize id="8176" type="contract" space="tenure" amount="131072" count="1" timems="0.078" reason="excess free space following gc" timestamp="2019-07-02T23:05:47.530" />
<gc-end id="8177" type="global" contextid="8169" durationms="8.869" usertimems="16.000" systemtimems="0.000" timestamp="2019-07-02T23:05:47.530" activeThreads="4">
  <mem-info id="8178" free="10158440" total="16056320" percent="63">
    <mem type="tenure" free="10158440" total="16056320" percent="63">
      <mem type="soa" free="10029416" total="15896576" percent="63" />
      <mem type="loa" free="129024" total="159744" percent="80" />
    </mem>
  </mem-info>
</gc-end>
<cycle-end id="8179" type="global" contextid="8169" timestamp="2019-07-02T23:05:47.531">
  <attribute name="GC Util" value="149" />
  <attribute name="CPU Util" value="18514804013412" />
  <attribute name="Time Running"value="8090"/>
  <attribute name="Number of cores"value="4"/>
</cycle-end>
<allocation-satisfied id="8180" threadId="0000000001358100" bytesRequested="40" />
<af-end id="8181" timestamp="2019-07-02T23:05:47.531" threadId="0000000001358A88" success="true" />
<exclusive-end id="8182" timestamp="2019-07-02T23:05:47.531" durationms="9.533" />

<exclusive-start id="8183" timestamp="2019-07-02T23:05:47.535" intervalms="13.275">
  <response-info timems="0.022" idlems="0.022" threads="0" lastid="0000000001358100" lastname="Thread-7" />
</exclusive-start>
<af-start id="8184" threadId="0000000001358A88" totalBytesRequested="24" timestamp="2019-07-02T23:05:47.535" intervalms="13.360" />
<cycle-start id="8185" type="global" contextid="0" timestamp="2019-07-02T23:05:47.535" intervalms="13.443" />
  <attribute name="GC Util" value="149" />
  <attribute name="CPU Util" value="18514804013412" />
  <attribute name="Time Running"value="8090"/>
  <attribute name="Number of cores"value="4"/>
<gc-start id="8186" type="global" contextid="8185" timestamp="2019-07-02T23:05:47.535">
  <mem-info id="8187" free="129024" total="16056320" percent="0">
    <mem type="tenure" free="129024" total="16056320" percent="0">
      <mem type="soa" free="0" total="15896576" percent="0" />
      <mem type="loa" free="129024" total="159744" percent="80" />
    </mem>
  </mem-info>
</gc-start>
<allocation-stats totalBytes="10094008" >
  <allocated-bytes non-tlh="0" tlh="10094008" />
  <largest-consumer threadName="Thread-9" threadId="000000000135F900" bytes="2981656" />
</allocation-stats>
<gc-op id="8188" type="mark" timems="2.176" contextid="8185" timestamp="2019-07-02T23:05:47.537">
  <trace-info objectcount="68943" scancount="61355" scanbytes="2346372" />
  <finalization candidates="124" enqueued="0" />
  <ownableSynchronizers candidates="3" cleared="0" />
  <references type="soft" candidates="84" cleared="0" enqueued="0" dynamicThreshold="20" maxThreshold="32" />
  <references type="weak" candidates="774" cleared="0" enqueued="0" />
  <references type="phantom" candidates="63" cleared="0" enqueued="0" />
  <stringconstants candidates="4574" cleared="0"  />
</gc-op>
<gc-op id="8189" type="sweep" timems="0.700" contextid="8185" timestamp="2019-07-02T23:05:47.538" />
<heap-resize id="8190" type="contract" space="tenure" amount="131072" count="1" timems="0.089" reason="excess free space following gc" timestamp="2019-07-02T23:05:47.538" />
<gc-end id="8191" type="global" contextid="8185" durationms="3.508" usertimems="4.000" systemtimems="4.000" timestamp="2019-07-02T23:05:47.539" activeThreads="4">
  <mem-info id="8192" free="10032920" total="15925248" percent="63">
    <mem type="tenure" free="10032920" total="15925248" percent="63" micro-fragmented="10011" macro-fragmented="0">
      <mem type="soa" free="9919712" total="15766528" percent="62" />
      <mem type="loa" free="113208" total="158720" percent="71" />
    </mem>
  </mem-info>
</gc-end>
<cycle-end id="8193" type="global" contextid="8185" timestamp="2019-07-02T23:05:47.539">
  <attribute name="GC Util" value="242" />
  <attribute name="CPU Util" value="8135131224726" />
  <attribute name="Time Running"value="8102"/>
  <attribute name="Number of cores"value="4"/>
</cycle-end>
<allocation-satisfied id="8194" threadId="0000000001358100" bytesRequested="24" />
<af-end id="8195" timestamp="2019-07-02T23:05:47.539" threadId="0000000001358A88" success="true" />
<exclusive-end id="8196" timestamp="2019-07-02T23:05:47.539" durationms="4.319" />

<exclusive-start id="8197" timestamp="2019-07-02T23:05:47.543" intervalms="8.236">
  <response-info timems="0.022" idlems="0.021" threads="1" lastid="000000000135BD00" lastname="Thread-10" />
</exclusive-start>
<af-start id="8198" threadId="0000000001358A88" totalBytesRequested="40" timestamp="2019-07-02T23:05:47.543" intervalms="8.184" />
<cycle-start id="8199" type="global" contextid="0" timestamp="2019-07-02T23:05:47.543" intervalms="8.142" />
  <attribute name="GC Util" value="242" />
  <attribute name="CPU Util" value="8135131224726" />
  <attribute name="Time Running"value="8102"/>
  <attribute name="Number of cores"value="4"/>
<gc-start id="8200" type="global" contextid="8199" timestamp="2019-07-02T23:05:47.543">
  <mem-info id="8201" free="113208" total="15925248" percent="0">
    <mem type="tenure" free="113208" total="15925248" percent="0">
      <mem type="soa" free="0" total="15766528" percent="0" />
      <mem type="loa" free="113208" total="158720" percent="71" />
    </mem>
  </mem-info>
</gc-start>
<allocation-stats totalBytes="9917040" >
  <allocated-bytes non-tlh="0" tlh="9917040" />
  <largest-consumer threadName="Thread-7" threadId="0000000001358100" bytes="2741928" />
</allocation-stats>
<gc-op id="8202" type="mark" timems="1.999" contextid="8199" timestamp="2019-07-02T23:05:47.545">
  <trace-info objectcount="69450" scancount="61855" scanbytes="2358548" />
  <finalization candidates="124" enqueued="0" />
  <ownableSynchronizers candidates="3" cleared="0" />
  <references type="soft" candidates="84" cleared="0" enqueued="0" dynamicThreshold="20" maxThreshold="32" />
  <references type="weak" candidates="774" cleared="0" enqueued="0" />
  <references type="phantom" candidates="63" cleared="0" enqueued="0" />
  <stringconstants candidates="4574" cleared="0"  />
</gc-op>
<gc-op id="8203" type="sweep" timems="0.735" contextid="8199" timestamp="2019-07-02T23:05:47.546" />
<heap-resize id="8204" type="contract" space="tenure" amount="131072" count="1" timems="0.093" reason="excess free space following gc" timestamp="2019-07-02T23:05:47.546" />
<gc-end id="8205" type="global" contextid="8199" durationms="3.346" usertimems="4.000" systemtimems="4.000" timestamp="2019-07-02T23:05:47.547" activeThreads="4">
  <mem-info id="8206" free="9867760" total="15794176" percent="62">
    <mem type="tenure" free="9867760" total="15794176" percent="62" micro-fragmented="12558" macro-fragmented="0">
      <mem type="soa" free="9775064" total="15636480" percent="62" />
      <mem type="loa" free="92696" total="157696" percent="58" />
    </mem>
  </mem-info>
</gc-end>
<cycle-end id="8207" type="global" contextid="8199" timestamp="2019-07-02T23:05:47.547">
  <attribute name="GC Util" value="242" />
  <attribute name="CPU Util" value="8810448119140" />
  <attribute name="Time Running"value="8110"/>
  <attribute name="Number of cores"value="4"/>
</cycle-end>
<allocation-satisfied id="8208" threadId="0000000001358100" bytesRequested="40" />
<af-end id="8209" timestamp="2019-07-02T23:05:47.547" threadId="0000000001358A88" success="true" />
<exclusive-end id="8210" timestamp="2019-07-02T23:05:47.547" durationms="4.070" />

<exclusive-start id="8211" timestamp="2019-07-02T23:05:47.550" intervalms="7.501">
  <response-info timems="0.023" idlems="0.023" threads="0" lastid="000000000135F900" lastname="Thread-9" />
</exclusive-start>
<af-start id="8212" threadId="0000000001360288" totalBytesRequested="40" timestamp="2019-07-02T23:05:47.551" intervalms="7.553" />
<cycle-start id="8213" type="global" contextid="0" timestamp="2019-07-02T23:05:47.551" intervalms="7.591" />
  <attribute name="GC Util" value="242" />
  <attribute name="CPU Util" value="8810448119140" />
  <attribute name="Time Running"value="8110"/>
  <attribute name="Number of cores"value="4"/>
<gc-start id="8214" type="global" contextid="8213" timestamp="2019-07-02T23:05:47.551">
  <mem-info id="8215" free="92696" total="15794176" percent="0">
    <mem type="tenure" free="92696" total="15794176" percent="0">
      <mem type="soa" free="0" total="15636480" percent="0" />
      <mem type="loa" free="92696" total="157696" percent="58" />
    </mem>
  </mem-info>
</gc-start>
<allocation-stats totalBytes="9769424" >
  <allocated-bytes non-tlh="19056" tlh="9750368" />
  <largest-consumer threadName="Thread-9" threadId="000000000135F900" bytes="2844608" />
</allocation-stats>
<gc-op id="8216" type="mark" timems="1.702" contextid="8213" timestamp="2019-07-02T23:05:47.553">
  <trace-info objectcount="65494" scancount="57934" scanbytes="2263596" />
  <finalization candidates="124" enqueued="0" />
  <ownableSynchronizers candidates="3" cleared="0" />
  <references type="soft" candidates="84" cleared="0" enqueued="0" dynamicThreshold="19" maxThreshold="32" />
  <references type="weak" candidates="774" cleared="0" enqueued="0" />
  <references type="phantom" candidates="63" cleared="0" enqueued="0" />
  <stringconstants candidates="4574" cleared="0"  />
</gc-op>
<gc-op id="8217" type="sweep" timems="0.647" contextid="8213" timestamp="2019-07-02T23:05:47.553" />
<heap-resize id="8218" type="contract" space="tenure" amount="131072" count="1" timems="0.051" reason="excess free space following gc" timestamp="2019-07-02T23:05:47.554" />
<gc-end id="8219" type="global" contextid="8213" durationms="2.932" usertimems="4.000" systemtimems="0.000" timestamp="2019-07-02T23:05:47.554" activeThreads="4">
  <mem-info id="8220" free="9615944" total="15663104" percent="61">
    <mem type="tenure" free="9615944" total="15663104" percent="61" micro-fragmented="91787" macro-fragmented="13104">
      <mem type="soa" free="9615944" total="15507456" percent="62" />
      <mem type="loa" free="0" total="155648" percent="0" />
    </mem>
  </mem-info>
</gc-end>
<cycle-end id="8221" type="global" contextid="8213" timestamp="2019-07-02T23:05:47.554">
  <attribute name="GC Util" value="248" />
  <attribute name="CPU Util" value="10500960675120" />
  <attribute name="Time Running"value="8118"/>
  <attribute name="Number of cores"value="4"/>
</cycle-end>
<allocation-satisfied id="8222" threadId="000000000135F900" bytesRequested="40" />
<af-end id="8223" timestamp="2019-07-02T23:05:47.554" threadId="0000000001360288" success="true" />
<exclusive-end id="8224" timestamp="2019-07-02T23:05:47.554" durationms="3.725" />

<exclusive-start id="8225" timestamp="2019-07-02T23:05:47.558" intervalms="7.498">
  <response-info timems="0.020" idlems="0.020" threads="0" lastid="0000000001358100" lastname="Thread-7" />
</exclusive-start>
<af-start id="8226" threadId="0000000001358A88" totalBytesRequested="40" timestamp="2019-07-02T23:05:47.558" intervalms="7.418" />
<cycle-start id="8227" type="global" contextid="0" timestamp="2019-07-02T23:05:47.558" intervalms="7.339" />
  <attribute name="GC Util" value="248" />
  <attribute name="CPU Util" value="10500960675120" />
  <attribute name="Time Running"value="8118"/>
  <attribute name="Number of cores"value="4"/>
<gc-start id="8228" type="global" contextid="8227" timestamp="2019-07-02T23:05:47.558">
  <mem-info id="8229" free="0" total="15663104" percent="0">
    <mem type="tenure" free="0" total="15663104" percent="0">
      <mem type="soa" free="0" total="15507456" percent="0" />
      <mem type="loa" free="0" total="155648" percent="0" />
    </mem>
  </mem-info>
</gc-start>
<allocation-stats totalBytes="9672608" >
  <allocated-bytes non-tlh="0" tlh="9672608" />
  <largest-consumer threadName="Thread-9" threadId="000000000135F900" bytes="2895984" />
</allocation-stats>
<gc-op id="8230" type="mark" timems="2.209" contextid="8227" timestamp="2019-07-02T23:05:47.560">
  <trace-info objectcount="66215" scancount="58635" scanbytes="2281036" />
  <finalization candidates="124" enqueued="0" />
  <ownableSynchronizers candidates="3" cleared="0" />
  <references type="soft" candidates="84" cleared="0" enqueued="0" dynamicThreshold="19" maxThreshold="32" />
  <references type="weak" candidates="774" cleared="0" enqueued="0" />
  <references type="phantom" candidates="63" cleared="0" enqueued="0" />
  <stringconstants candidates="4574" cleared="0"  />
</gc-op>
<gc-op id="8231" type="sweep" timems="0.876" contextid="8227" timestamp="2019-07-02T23:05:47.561" />
<gc-end id="8232" type="global" contextid="8227" durationms="3.519" usertimems="8.000" systemtimems="0.000" timestamp="2019-07-02T23:05:47.562" activeThreads="4">
  <mem-info id="8233" free="9593104" total="15663104" percent="61">
    <mem type="tenure" free="9593104" total="15663104" percent="61" micro-fragmented="109140" macro-fragmented="34416">
      <mem type="soa" free="9593104" total="15507456" percent="61" />
      <mem type="loa" free="0" total="155648" percent="0" />
    </mem>
  </mem-info>
</gc-end>
<cycle-end id="8234" type="global" contextid="8227" timestamp="2019-07-02T23:05:47.562">
  <attribute name="GC Util" value="255" />
  <attribute name="CPU Util" value="7995474755119" />
  <attribute name="Time Running"value="8125"/>
  <attribute name="Number of cores"value="4"/>
</cycle-end>
<allocation-satisfied id="8235" threadId="0000000001358100" bytesRequested="40" />
<af-end id="8236" timestamp="2019-07-02T23:05:47.562" threadId="0000000001358A88" success="true" />
<exclusive-end id="8237" timestamp="2019-07-02T23:05:47.562" durationms="4.292" />

<exclusive-start id="8238" timestamp="2019-07-02T23:05:47.566" intervalms="8.139">
  <response-info timems="0.023" idlems="0.022" threads="1" lastid="000000000135BD00" lastname="Thread-10" />
</exclusive-start>
<af-start id="8239" threadId="0000000001360288" totalBytesRequested="24" timestamp="2019-07-02T23:05:47.566" intervalms="8.177" />
<cycle-start id="8240" type="global" contextid="0" timestamp="2019-07-02T23:05:47.566" intervalms="8.237" />
  <attribute name="GC Util" value="255" />
  <attribute name="CPU Util" value="7995474755119" />
  <attribute name="Time Running"value="8125"/>
  <attribute name="Number of cores"value="4"/>
<gc-start id="8241" type="global" contextid="8240" timestamp="2019-07-02T23:05:47.566">
  <mem-info id="8242" free="0" total="15663104" percent="0">
    <mem type="tenure" free="0" total="15663104" percent="0">
      <mem type="soa" free="0" total="15507456" percent="0" />
      <mem type="loa" free="0" total="155648" percent="0" />
    </mem>
  </mem-info>
</gc-start>
<allocation-stats totalBytes="9586312" >
  <allocated-bytes non-tlh="0" tlh="9586312" />
  <largest-consumer threadName="Thread-9" threadId="000000000135F900" bytes="2736280" />
</allocation-stats>
<gc-op id="8243" type="mark" timems="2.058" contextid="8240" timestamp="2019-07-02T23:05:47.569">
  <trace-info objectcount="67059" scancount="59480" scanbytes="2301076" />
  <finalization candidates="124" enqueued="0" />
  <ownableSynchronizers candidates="3" cleared="0" />
  <references type="soft" candidates="84" cleared="0" enqueued="0" dynamicThreshold="19" maxThreshold="32" />
  <references type="weak" candidates="774" cleared="0" enqueued="0" />
  <references type="phantom" candidates="63" cleared="0" enqueued="0" />
  <stringconstants candidates="4574" cleared="0"  />
</gc-op>
<gc-op id="8244" type="sweep" timems="0.811" contextid="8240" timestamp="2019-07-02T23:05:47.569" />
<gc-end id="8245" type="global" contextid="8240" durationms="3.154" usertimems="4.000" systemtimems="0.000" timestamp="2019-07-02T23:05:47.569" activeThreads="4">
  <mem-info id="8246" free="9518616" total="15663104" percent="60">
    <mem type="tenure" free="9518616" total="15663104" percent="60" micro-fragmented="114992" macro-fragmented="0">
      <mem type="soa" free="9518616" total="15507456" percent="61" />
      <mem type="loa" free="0" total="155648" percent="0" />
    </mem>
  </mem-info>
</gc-end>
<cycle-end id="8247" type="global" contextid="8240" timestamp="2019-07-02T23:05:47.570">
  <attribute name="GC Util" value="252" />
  <attribute name="CPU Util" value="8728228140600" />
  <attribute name="Time Running"value="8133"/>
  <attribute name="Number of cores"value="4"/>
</cycle-end>
<allocation-satisfied id="8248" threadId="000000000135F900" bytesRequested="24" />
<af-end id="8249" timestamp="2019-07-02T23:05:47.570" threadId="0000000001360288" success="true" />
<exclusive-end id="8250" timestamp="2019-07-02T23:05:47.570" durationms="3.878" />

<exclusive-start id="8251" timestamp="2019-07-02T23:05:47.573" intervalms="7.435">
  <response-info timems="0.037" idlems="0.036" threads="2" lastid="000000000135BD00" lastname="Thread-10" />
</exclusive-start>
<af-start id="8252" threadId="0000000001358A88" totalBytesRequested="24" timestamp="2019-07-02T23:05:47.574" intervalms="7.429" />
<cycle-start id="8253" type="global" contextid="0" timestamp="2019-07-02T23:05:47.574" intervalms="7.405" />
  <attribute name="GC Util" value="252" />
  <attribute name="CPU Util" value="8728228140600" />
  <attribute name="Time Running"value="8133"/>
  <attribute name="Number of cores"value="4"/>
<gc-start id="8254" type="global" contextid="8253" timestamp="2019-07-02T23:05:47.574">
  <mem-info id="8255" free="0" total="15663104" percent="0">
    <mem type="tenure" free="0" total="15663104" percent="0">
      <mem type="soa" free="0" total="15507456" percent="0" />
      <mem type="loa" free="0" total="155648" percent="0" />
    </mem>
  </mem-info>
</gc-start>
<allocation-stats totalBytes="9509088" >
  <allocated-bytes non-tlh="0" tlh="9509088" />
  <largest-consumer threadName="Thread-9" threadId="000000000135F900" bytes="2534472" />
</allocation-stats>
<gc-op id="8256" type="mark" timems="2.460" contextid="8253" timestamp="2019-07-02T23:05:47.576">
  <trace-info objectcount="67997" scancount="60413" scanbytes="2323668" />
  <finalization candidates="124" enqueued="0" />
  <ownableSynchronizers candidates="3" cleared="0" />
  <references type="soft" candidates="84" cleared="0" enqueued="0" dynamicThreshold="19" maxThreshold="32" />
  <references type="weak" candidates="774" cleared="0" enqueued="0" />
  <references type="phantom" candidates="63" cleared="0" enqueued="0" />
  <stringconstants candidates="4574" cleared="0"  />
</gc-op>
<gc-op id="8257" type="sweep" timems="0.856" contextid="8253" timestamp="2019-07-02T23:05:47.577" />
<gc-end id="8258" type="global" contextid="8253" durationms="3.586" usertimems="8.000" systemtimems="0.000" timestamp="2019-07-02T23:05:47.577" activeThreads="4">
  <mem-info id="8259" free="9430968" total="15663104" percent="60">
    <mem type="tenure" free="9430968" total="15663104" percent="60" micro-fragmented="163542" macro-fragmented="0">
      <mem type="soa" free="9430968" total="15507456" percent="60" />
      <mem type="loa" free="0" total="155648" percent="0" />
    </mem>
  </mem-info>
</gc-end>
<cycle-end id="8260" type="global" contextid="8253" timestamp="2019-07-02T23:05:47.577">
  <attribute name="GC Util" value="248" />
  <attribute name="CPU Util" value="7328386595838" />
  <attribute name="Time Running"value="8141"/>
  <attribute name="Number of cores"value="4"/>
</cycle-end>
<allocation-satisfied id="8261" threadId="0000000001358100" bytesRequested="24" />
<af-end id="8262" timestamp="2019-07-02T23:05:47.578" threadId="0000000001358A88" success="true" />
<exclusive-end id="8263" timestamp="2019-07-02T23:05:47.578" durationms="4.411" />

<exclusive-start id="8264" timestamp="2019-07-02T23:05:47.582" intervalms="8.281">
  <response-info timems="0.023" idlems="0.023" threads="0" lastid="000000000135F900" lastname="Thread-9" />
</exclusive-start>
<af-start id="8265" threadId="0000000001360288" totalBytesRequested="40" timestamp="2019-07-02T23:05:47.582" intervalms="8.320" />
<cycle-start id="8266" type="global" contextid="0" timestamp="2019-07-02T23:05:47.582" intervalms="8.320" />
  <attribute name="GC Util" value="248" />
  <attribute name="CPU Util" value="7328386595838" />
  <attribute name="Time Running"value="8141"/>
  <attribute name="Number of cores"value="4"/>
<gc-start id="8267" type="global" contextid="8266" timestamp="2019-07-02T23:05:47.582">
  <mem-info id="8268" free="0" total="15663104" percent="0">
    <mem type="tenure" free="0" total="15663104" percent="0">
      <mem type="soa" free="0" total="15507456" percent="0" />
      <mem type="loa" free="0" total="155648" percent="0" />
    </mem>
  </mem-info>
</gc-start>
<allocation-stats totalBytes="9418376" >
  <allocated-bytes non-tlh="0" tlh="9418376" />
  <largest-consumer threadName="Thread-9" threadId="000000000135F900" bytes="2703528" />
</allocation-stats>
<gc-op id="8269" type="mark" timems="2.218" contextid="8266" timestamp="2019-07-02T23:05:47.584">
  <trace-info objectcount="68731" scancount="61160" scanbytes="2341508" />
  <finalization candidates="124" enqueued="0" />
  <ownableSynchronizers candidates="3" cleared="0" />
  <references type="soft" candidates="84" cleared="0" enqueued="0" dynamicThreshold="19" maxThreshold="32" />
  <references type="weak" candidates="774" cleared="0" enqueued="0" />
  <references type="phantom" candidates="63" cleared="0" enqueued="0" />
  <stringconstants candidates="4574" cleared="0"  />
</gc-op>
<gc-op id="8270" type="sweep" timems="0.853" contextid="8266" timestamp="2019-07-02T23:05:47.585" />
<heap-resize id="8271" type="expand" space="tenure" amount="1048576" count="1" timems="0.045" reason="excessive time being spent in gc" timestamp="2019-07-02T23:05:47.585" />
<gc-end id="8272" type="global" contextid="8266" durationms="3.520" usertimems="4.000" systemtimems="4.000" timestamp="2019-07-02T23:05:47.586" activeThreads="4">
  <mem-info id="8273" free="10405136" total="16711680" percent="62">
    <mem type="tenure" free="10405136" total="16711680" percent="62" micro-fragmented="153683" macro-fragmented="0">
      <mem type="soa" free="10238224" total="16544768" percent="61" />
      <mem type="loa" free="166912" total="166912" percent="100" />
    </mem>
  </mem-info>
</gc-end>
<cycle-end id="8274" type="global" contextid="8266" timestamp="2019-07-02T23:05:47.586">
  <attribute name="GC Util" value="262" />
  <attribute name="CPU Util" value="8124586470518" />
  <attribute name="Time Running"value="8149"/>
  <attribute name="Number of cores"value="4"/>
</cycle-end>
<allocation-satisfied id="8275" threadId="000000000135F900" bytesRequested="40" />
<af-end id="8276" timestamp="2019-07-02T23:05:47.586" threadId="0000000001360288" success="true" />
<exclusive-end id="8277" timestamp="2019-07-02T23:05:47.586" durationms="4.310" />

<exclusive-start id="8278" timestamp="2019-07-02T23:05:47.590" intervalms="8.234">
  <response-info timems="0.021" idlems="0.021" threads="0" lastid="000000000135BD00" lastname="Thread-10" />
</exclusive-start>
<af-start id="8279" threadId="000000000135C688" totalBytesRequested="40" timestamp="2019-07-02T23:05:47.590" intervalms="8.164" />
<cycle-start id="8280" type="global" contextid="0" timestamp="2019-07-02T23:05:47.590" intervalms="8.132" />
  <attribute name="GC Util" value="262" />
  <attribute name="CPU Util" value="8124586470518" />
  <attribute name="Time Running"value="8149"/>
  <attribute name="Number of cores"value="4"/>
<gc-start id="8281" type="global" contextid="8280" timestamp="2019-07-02T23:05:47.590">
  <mem-info id="8282" free="166912" total="16711680" percent="0">
    <mem type="tenure" free="166912" total="16711680" percent="0">
      <mem type="soa" free="0" total="16544768" percent="0" />
      <mem type="loa" free="166912" total="166912" percent="100" />
    </mem>
  </mem-info>
</gc-start>
<allocation-stats totalBytes="10220424" >
  <allocated-bytes non-tlh="0" tlh="10220424" />
  <largest-consumer threadName="Thread-9" threadId="000000000135F900" bytes="2881352" />
</allocation-stats>
<gc-op id="8283" type="mark" timems="1.309" contextid="8280" timestamp="2019-07-02T23:05:47.592">
  <trace-info objectcount="69316" scancount="61728" scanbytes="2354876" />
  <finalization candidates="124" enqueued="0" />
  <ownableSynchronizers candidates="3" cleared="0" />
  <references type="soft" candidates="84" cleared="0" enqueued="0" dynamicThreshold="19" maxThreshold="32" />
  <references type="weak" candidates="774" cleared="0" enqueued="0" />
  <references type="phantom" candidates="63" cleared="0" enqueued="0" />
  <stringconstants candidates="4574" cleared="0"  />
</gc-op>
<gc-op id="8284" type="sweep" timems="0.388" contextid="8280" timestamp="2019-07-02T23:05:47.592" />
<gc-end id="8285" type="global" contextid="8280" durationms="2.028" usertimems="4.000" systemtimems="0.000" timestamp="2019-07-02T23:05:47.592" activeThreads="4">
  <mem-info id="8286" free="10488360" total="16711680" percent="62">
    <mem type="tenure" free="10488360" total="16711680" percent="62" micro-fragmented="160518" macro-fragmented="0">
      <mem type="soa" free="10321448" total="16544768" percent="62" />
      <mem type="loa" free="166912" total="166912" percent="100" />
    </mem>
  </mem-info>
</gc-end>
<cycle-end id="8287" type="global" contextid="8280" timestamp="2019-07-02T23:05:47.592">
  <attribute name="GC Util" value="188" />
  <attribute name="CPU Util" value="13485644638016" />
  <attribute name="Time Running"value="8157"/>
  <attribute name="Number of cores"value="4"/>
</cycle-end>
<allocation-satisfied id="8288" threadId="000000000135BD00" bytesRequested="40" />
<af-end id="8289" timestamp="2019-07-02T23:05:47.593" threadId="000000000135C688" success="true" />
<exclusive-end id="8290" timestamp="2019-07-02T23:05:47.593" durationms="2.741" />

<exclusive-start id="8291" timestamp="2019-07-02T23:05:47.597" intervalms="6.720">
  <response-info timems="0.022" idlems="0.022" threads="0" lastid="000000000135BD00" lastname="Thread-10" />
</exclusive-start>
<af-start id="8292" threadId="000000000135C688" totalBytesRequested="40" timestamp="2019-07-02T23:05:47.597" intervalms="6.749" />
<cycle-start id="8293" type="global" contextid="0" timestamp="2019-07-02T23:05:47.597" intervalms="6.783" />
  <attribute name="GC Util" value="188" />
  <attribute name="CPU Util" value="13485644638016" />
  <attribute name="Time Running"value="8157"/>
  <attribute name="Number of cores"value="4"/>
<gc-start id="8294" type="global" contextid="8293" timestamp="2019-07-02T23:05:47.597">
  <mem-info id="8295" free="166912" total="16711680" percent="0">
    <mem type="tenure" free="166912" total="16711680" percent="0">
      <mem type="soa" free="0" total="16544768" percent="0" />
      <mem type="loa" free="166912" total="166912" percent="100" />
    </mem>
  </mem-info>
</gc-start>
<allocation-stats totalBytes="10302008" >
  <allocated-bytes non-tlh="0" tlh="10302008" />
  <largest-consumer threadName="Thread-7" threadId="0000000001358100" bytes="2852384" />
</allocation-stats>
<gc-op id="8296" type="mark" timems="1.084" contextid="8293" timestamp="2019-07-02T23:05:47.598">
  <trace-info objectcount="70304" scancount="62732" scanbytes="2379308" />
  <finalization candidates="124" enqueued="0" />
  <ownableSynchronizers candidates="3" cleared="0" />
  <references type="soft" candidates="84" cleared="0" enqueued="0" dynamicThreshold="20" maxThreshold="32" />
  <references type="weak" candidates="774" cleared="0" enqueued="0" />
  <references type="phantom" candidates="63" cleared="0" enqueued="0" />
  <stringconstants candidates="4574" cleared="0"  />
</gc-op>
<gc-op id="8297" type="sweep" timems="0.420" contextid="8293" timestamp="2019-07-02T23:05:47.599" />
<gc-end id="8298" type="global" contextid="8293" durationms="1.869" usertimems="4.000" systemtimems="0.000" timestamp="2019-07-02T23:05:47.599" activeThreads="4">
  <mem-info id="8299" free="10378856" total="16711680" percent="62">
    <mem type="tenure" free="10378856" total="16711680" percent="62" micro-fragmented="231934" macro-fragmented="0">
      <mem type="soa" free="10211944" total="16544768" percent="61" />
      <mem type="loa" free="166912" total="166912" percent="100" />
    </mem>
  </mem-info>
</gc-end>
<cycle-end id="8300" type="global" contextid="8293" timestamp="2019-07-02T23:05:47.599">
  <attribute name="GC Util" value="219" />
  <attribute name="CPU Util" value="15667820588376" />
  <attribute name="Time Running"value="8163"/>
  <attribute name="Number of cores"value="4"/>
</cycle-end>
<allocation-satisfied id="8301" threadId="000000000135BD00" bytesRequested="40" />
<af-end id="8302" timestamp="2019-07-02T23:05:47.599" threadId="000000000135C688" success="true" />
<exclusive-end id="8303" timestamp="2019-07-02T23:05:47.599" durationms="2.652" />

<exclusive-start id="8304" timestamp="2019-07-02T23:05:47.603" intervalms="6.791">
  <response-info timems="0.027" idlems="0.025" threads="1" lastid="0000000001354500" lastname="Thread-8" />
</exclusive-start>
<af-start id="8305" threadId="0000000001360288" totalBytesRequested="40" timestamp="2019-07-02T23:05:47.604" intervalms="6.807" />
<cycle-start id="8306" type="global" contextid="0" timestamp="2019-07-02T23:05:47.604" intervalms="6.837" />
  <attribute name="GC Util" value="219" />
  <attribute name="CPU Util" value="15667820588376" />
  <attribute name="Time Running"value="8163"/>
  <attribute name="Number of cores"value="4"/>
<gc-start id="8307" type="global" contextid="8306" timestamp="2019-07-02T23:05:47.604">
  <mem-info id="8308" free="166912" total="16711680" percent="0">
    <mem type="tenure" free="166912" total="16711680" percent="0">
      <mem type="soa" free="0" total="16544768" percent="0" />
      <mem type="loa" free="166912" total="166912" percent="100" />
    </mem>
  </mem-info>
</gc-start>
<allocation-stats totalBytes="10189064" >
  <allocated-bytes non-tlh="0" tlh="10189064" />
  <largest-consumer threadName="Thread-7" threadId="0000000001358100" bytes="2939016" />
</allocation-stats>
<gc-op id="8309" type="mark" timems="2.239" contextid="8306" timestamp="2019-07-02T23:05:47.606">
  <trace-info objectcount="71035" scancount="63462" scanbytes="2396588" />
  <finalization candidates="124" enqueued="0" />
  <ownableSynchronizers candidates="3" cleared="0" />
  <references type="soft" candidates="84" cleared="0" enqueued="0" dynamicThreshold="19" maxThreshold="32" />
  <references type="weak" candidates="774" cleared="0" enqueued="0" />
  <references type="phantom" candidates="63" cleared="0" enqueued="0" />
  <stringconstants candidates="4574" cleared="0"  />
</gc-op>
<gc-op id="8310" type="sweep" timems="0.873" contextid="8306" timestamp="2019-07-02T23:05:47.607" />
<heap-resize id="8311" type="contract" space="tenure" amount="131072" count="1" timems="0.055" reason="excess free space following gc" timestamp="2019-07-02T23:05:47.607" />
<gc-end id="8312" type="global" contextid="8306" durationms="3.755" usertimems="8.000" systemtimems="0.000" timestamp="2019-07-02T23:05:47.608" activeThreads="4">
  <mem-info id="8313" free="10002016" total="16580608" percent="60">
    <mem type="tenure" free="10002016" total="16580608" percent="60" micro-fragmented="211740" macro-fragmented="0">
      <mem type="soa" free="10002016" total="16415744" percent="60" />
      <mem type="loa" free="0" total="164864" percent="0" />
    </mem>
  </mem-info>
</gc-end>
<cycle-end id="8314" type="global" contextid="8306" timestamp="2019-07-02T23:05:47.608">
  <attribute name="GC Util" value="242" />
  <attribute name="CPU Util" value="7903573768919" />
  <attribute name="Time Running"value="8171"/>
  <attribute name="Number of cores"value="4"/>
</cycle-end>
<allocation-satisfied id="8315" threadId="000000000135F900" bytesRequested="40" />
<af-end id="8316" timestamp="2019-07-02T23:05:47.608" threadId="0000000001360288" success="true" />
<exclusive-end id="8317" timestamp="2019-07-02T23:05:47.608" durationms="4.607" />

<exclusive-start id="8318" timestamp="2019-07-02T23:05:47.612" intervalms="8.286">
  <response-info timems="0.079" idlems="0.079" threads="0" lastid="0000000001358100" lastname="Thread-7" />
</exclusive-start>
<af-start id="8319" threadId="0000000001358A88" totalBytesRequested="24" timestamp="2019-07-02T23:05:47.612" intervalms="8.268" />
<cycle-start id="8320" type="global" contextid="0" timestamp="2019-07-02T23:05:47.612" intervalms="8.234" />
  <attribute name="GC Util" value="242" />
  <attribute name="CPU Util" value="7903573768919" />
  <attribute name="Time Running"value="8171"/>
  <attribute name="Number of cores"value="4"/>
<gc-start id="8321" type="global" contextid="8320" timestamp="2019-07-02T23:05:47.612">
  <mem-info id="8322" free="0" total="16580608" percent="0">
    <mem type="tenure" free="0" total="16580608" percent="0">
      <mem type="soa" free="0" total="16415744" percent="0" />
      <mem type="loa" free="0" total="164864" percent="0" />
    </mem>
  </mem-info>
</gc-start>
<allocation-stats totalBytes="9975232" >
  <allocated-bytes non-tlh="23160" tlh="9952072" />
  <largest-consumer threadName="Thread-7" threadId="0000000001358100" bytes="3435408" />
</allocation-stats>
<gc-op id="8323" type="mark" timems="2.176" contextid="8320" timestamp="2019-07-02T23:05:47.614">
  <trace-info objectcount="67218" scancount="59650" scanbytes="2304572" />
  <finalization candidates="124" enqueued="0" />
  <ownableSynchronizers candidates="3" cleared="0" />
  <references type="soft" candidates="84" cleared="0" enqueued="0" dynamicThreshold="19" maxThreshold="32" />
  <references type="weak" candidates="774" cleared="0" enqueued="0" />
  <references type="phantom" candidates="63" cleared="0" enqueued="0" />
  <stringconstants candidates="4574" cleared="0"  />
</gc-op>
<gc-op id="8324" type="sweep" timems="0.851" contextid="8320" timestamp="2019-07-02T23:05:47.615" />
<heap-resize id="8325" type="contract" space="tenure" amount="65536" count="1" timems="0.105" reason="excess free space following gc" timestamp="2019-07-02T23:05:47.616" />
<gc-end id="8326" type="global" contextid="8320" durationms="3.632" usertimems="8.000" systemtimems="0.000" timestamp="2019-07-02T23:05:47.616" activeThreads="4">
  <mem-info id="8327" free="10070392" total="16515072" percent="60">
    <mem type="tenure" free="10070392" total="16515072" percent="60" micro-fragmented="160252" macro-fragmented="21209">
      <mem type="soa" free="10070392" total="16350208" percent="61" />
      <mem type="loa" free="0" total="164864" percent="0" />
    </mem>
  </mem-info>
</gc-end>
<cycle-end id="8328" type="global" contextid="8320" timestamp="2019-07-02T23:05:47.616">
  <attribute name="GC Util" value="246" />
  <attribute name="CPU Util" value="8118732931268" />
  <attribute name="Time Running"value="8179"/>
  <attribute name="Number of cores"value="4"/>
</cycle-end>
<allocation-satisfied id="8329" threadId="0000000001358100" bytesRequested="24" />
<af-end id="8330" timestamp="2019-07-02T23:05:47.616" threadId="0000000001358A88" success="true" />
<exclusive-end id="8331" timestamp="2019-07-02T23:05:47.616" durationms="4.316" />

<exclusive-start id="8332" timestamp="2019-07-02T23:05:47.620" intervalms="8.195">
  <response-info timems="0.024" idlems="0.024" threads="0" lastid="000000000135BD00" lastname="Thread-10" />
</exclusive-start>
<af-start id="8333" threadId="000000000135C688" totalBytesRequested="40" timestamp="2019-07-02T23:05:47.620" intervalms="8.208" />
<cycle-start id="8334" type="global" contextid="0" timestamp="2019-07-02T23:05:47.620" intervalms="8.249" />
  <attribute name="GC Util" value="246" />
  <attribute name="CPU Util" value="8118732931268" />
  <attribute name="Time Running"value="8179"/>
  <attribute name="Number of cores"value="4"/>
<gc-start id="8335" type="global" contextid="8334" timestamp="2019-07-02T23:05:47.620">
  <mem-info id="8336" free="0" total="16515072" percent="0">
    <mem type="tenure" free="0" total="16515072" percent="0">
      <mem type="soa" free="0" total="16350208" percent="0" />
      <mem type="loa" free="0" total="164864" percent="0" />
    </mem>
  </mem-info>
</gc-start>
<allocation-stats totalBytes="10049120" >
  <allocated-bytes non-tlh="0" tlh="10049120" />
  <largest-consumer threadName="Thread-7" threadId="0000000001358100" bytes="3279488" />
</allocation-stats>
<gc-op id="8337" type="mark" timems="1.231" contextid="8334" timestamp="2019-07-02T23:05:47.622">
  <trace-info objectcount="68631" scancount="61062" scanbytes="2339116" />
  <finalization candidates="124" enqueued="0" />
  <ownableSynchronizers candidates="3" cleared="0" />
  <references type="soft" candidates="84" cleared="0" enqueued="0" dynamicThreshold="19" maxThreshold="32" />
  <references type="weak" candidates="774" cleared="0" enqueued="0" />
  <references type="phantom" candidates="63" cleared="0" enqueued="0" />
  <stringconstants candidates="4574" cleared="0"  />
</gc-op>
<gc-op id="8338" type="sweep" timems="0.420" contextid="8334" timestamp="2019-07-02T23:05:47.622" />
<heap-resize id="8339" type="expand" space="tenure" amount="1048576" count="1" timems="0.053" reason="excessive time being spent in gc" timestamp="2019-07-02T23:05:47.622" />
<gc-end id="8340" type="global" contextid="8334" durationms="2.204" usertimems="4.000" systemtimems="0.000" timestamp="2019-07-02T23:05:47.623" activeThreads="4">
  <mem-info id="8341" free="10930152" total="17563648" percent="62">
    <mem type="tenure" free="10930152" total="17563648" percent="62" micro-fragmented="330544" macro-fragmented="17904">
      <mem type="soa" free="10755048" total="17388544" percent="61" />
      <mem type="loa" free="175104" total="175104" percent="100" />
    </mem>
  </mem-info>
</gc-end>
<cycle-end id="8342" type="global" contextid="8334" timestamp="2019-07-02T23:05:47.623">
  <attribute name="GC Util" value="205" />
  <attribute name="CPU Util" value="13973154374198" />
  <attribute name="Time Running"value="8187"/>
  <attribute name="Number of cores"value="4"/>
</cycle-end>
<allocation-satisfied id="8343" threadId="000000000135BD00" bytesRequested="40" />
<af-end id="8344" timestamp="2019-07-02T23:05:47.623" threadId="000000000135C688" success="true" />
<exclusive-end id="8345" timestamp="2019-07-02T23:05:47.623" durationms="2.946" />

<exclusive-start id="8346" timestamp="2019-07-02T23:05:47.627" intervalms="7.284">
  <response-info timems="0.023" idlems="0.023" threads="0" lastid="0000000001354500" lastname="Thread-8" />
</exclusive-start>
<af-start id="8347" threadId="0000000001354E88" totalBytesRequested="40" timestamp="2019-07-02T23:05:47.627" intervalms="7.232" />
<cycle-start id="8348" type="global" contextid="0" timestamp="2019-07-02T23:05:47.627" intervalms="7.150" />
  <attribute name="GC Util" value="205" />
  <attribute name="CPU Util" value="13973154374198" />
  <attribute name="Time Running"value="8187"/>
  <attribute name="Number of cores"value="4"/>
<gc-start id="8349" type="global" contextid="8348" timestamp="2019-07-02T23:05:47.627">
  <mem-info id="8350" free="175104" total="17563648" percent="0">
    <mem type="tenure" free="175104" total="17563648" percent="0">
      <mem type="soa" free="0" total="17388544" percent="0" />
      <mem type="loa" free="175104" total="175104" percent="100" />
    </mem>
  </mem-info>
</gc-start>
<allocation-stats totalBytes="10729952" >
  <allocated-bytes non-tlh="0" tlh="10729952" />
  <largest-consumer threadName="Thread-7" threadId="0000000001358100" bytes="3201840" />
</allocation-stats>
<gc-op id="8351" type="mark" timems="1.858" contextid="8348" timestamp="2019-07-02T23:05:47.629">
  <trace-info objectcount="69480" scancount="61910" scanbytes="2359172" />
  <finalization candidates="124" enqueued="0" />
  <ownableSynchronizers candidates="3" cleared="0" />
  <references type="soft" candidates="84" cleared="0" enqueued="0" dynamicThreshold="19" maxThreshold="32" />
  <references type="weak" candidates="774" cleared="0" enqueued="0" />
  <references type="phantom" candidates="63" cleared="0" enqueued="0" />
  <stringconstants candidates="4574" cleared="0"  />
</gc-op>
<gc-op id="8352" type="sweep" timems="0.891" contextid="8348" timestamp="2019-07-02T23:05:47.630" />
<gc-end id="8353" type="global" contextid="8348" durationms="3.051" usertimems="8.000" systemtimems="0.000" timestamp="2019-07-02T23:05:47.630" activeThreads="4">
  <mem-info id="8354" free="10967016" total="17563648" percent="62">
    <mem type="tenure" free="10967016" total="17563648" percent="62" micro-fragmented="223800" macro-fragmented="0">
      <mem type="soa" free="10791912" total="17388544" percent="62" />
      <mem type="loa" free="175104" total="175104" percent="100" />
    </mem>
  </mem-info>
</gc-end>
<cycle-end id="8355" type="global" contextid="8348" timestamp="2019-07-02T23:05:47.631">
  <attribute name="GC Util" value="244" />
  <attribute name="CPU Util" value="9482514695035" />
  <attribute name="Time Running"value="8194"/>
  <attribute name="Number of cores"value="4"/>
</cycle-end>
<allocation-satisfied id="8356" threadId="0000000001354500" bytesRequested="40" />
<af-end id="8357" timestamp="2019-07-02T23:05:47.631" threadId="0000000001354E88" success="true" />
<exclusive-end id="8358" timestamp="2019-07-02T23:05:47.631" durationms="3.544" />

<exclusive-start id="8359" timestamp="2019-07-02T23:05:47.635" intervalms="7.714">
  <response-info timems="0.022" idlems="0.022" threads="0" lastid="000000000135F900" lastname="Thread-9" />
</exclusive-start>
<af-start id="8360" threadId="0000000001360288" totalBytesRequested="40" timestamp="2019-07-02T23:05:47.635" intervalms="7.760" />
<cycle-start id="8361" type="global" contextid="0" timestamp="2019-07-02T23:05:47.635" intervalms="7.810" />
  <attribute name="GC Util" value="244" />
  <attribute name="CPU Util" value="9482514695035" />
  <attribute name="Time Running"value="8194"/>
  <attribute name="Number of cores"value="4"/>
<gc-start id="8362" type="global" contextid="8361" timestamp="2019-07-02T23:05:47.635">
  <mem-info id="8363" free="175104" total="17563648" percent="0">
    <mem type="tenure" free="175104" total="17563648" percent="0">
      <mem type="soa" free="0" total="17388544" percent="0" />
      <mem type="loa" free="175104" total="175104" percent="100" />
    </mem>
  </mem-info>
</gc-start>
<allocation-stats totalBytes="10764056" >
  <allocated-bytes non-tlh="0" tlh="10764056" />
  <largest-consumer threadName="Thread-7" threadId="0000000001358100" bytes="3172816" />
</allocation-stats>
<gc-op id="8364" type="mark" timems="2.180" contextid="8361" timestamp="2019-07-02T23:05:47.638">
  <trace-info objectcount="70397" scancount="62823" scanbytes="2381356" />
  <finalization candidates="124" enqueued="0" />
  <ownableSynchronizers candidates="3" cleared="0" />
  <references type="soft" candidates="84" cleared="0" enqueued="0" dynamicThreshold="19" maxThreshold="32" />
  <references type="weak" candidates="774" cleared="0" enqueued="0" />
  <references type="phantom" candidates="63" cleared="0" enqueued="0" />
  <stringconstants candidates="4574" cleared="0"  />
</gc-op>
<gc-op id="8365" type="sweep" timems="0.879" contextid="8361" timestamp="2019-07-02T23:05:47.638" />
<gc-end id="8366" type="global" contextid="8361" durationms="3.425" usertimems="8.000" systemtimems="0.000" timestamp="2019-07-02T23:05:47.639" activeThreads="4">
  <mem-info id="8367" free="10847584" total="17563648" percent="61">
    <mem type="tenure" free="10847584" total="17563648" percent="61" micro-fragmented="335227" macro-fragmented="0">
      <mem type="soa" free="10672480" total="17388544" percent="61" />
      <mem type="loa" free="175104" total="175104" percent="100" />
    </mem>
  </mem-info>
</gc-end>
<cycle-end id="8368" type="global" contextid="8361" timestamp="2019-07-02T23:05:47.639">
  <attribute name="GC Util" value="252" />
  <attribute name="CPU Util" value="8122729729372" />
  <attribute name="Time Running"value="8202"/>
  <attribute name="Number of cores"value="4"/>
</cycle-end>
<allocation-satisfied id="8369" threadId="000000000135F900" bytesRequested="40" />
<af-end id="8370" timestamp="2019-07-02T23:05:47.639" threadId="0000000001360288" success="true" />
<exclusive-end id="8371" timestamp="2019-07-02T23:05:47.639" durationms="4.212" />

<exclusive-start id="8372" timestamp="2019-07-02T23:05:47.643" intervalms="8.208">
  <response-info timems="0.041" idlems="0.041" threads="0" lastid="000000000135F900" lastname="Thread-9" />
</exclusive-start>
<af-start id="8373" threadId="0000000001360288" totalBytesRequested="24" timestamp="2019-07-02T23:05:47.643" intervalms="8.199" />
<cycle-start id="8374" type="global" contextid="0" timestamp="2019-07-02T23:05:47.643" intervalms="8.195" />
  <attribute name="GC Util" value="252" />
  <attribute name="CPU Util" value="8122729729372" />
  <attribute name="Time Running"value="8202"/>
  <attribute name="Number of cores"value="4"/>
<gc-start id="8375" type="global" contextid="8374" timestamp="2019-07-02T23:05:47.643">
  <mem-info id="8376" free="175104" total="17563648" percent="0">
    <mem type="tenure" free="175104" total="17563648" percent="0">
      <mem type="soa" free="0" total="17388544" percent="0" />
      <mem type="loa" free="175104" total="175104" percent="100" />
    </mem>
  </mem-info>
</gc-start>
<allocation-stats totalBytes="10642344" >
  <allocated-bytes non-tlh="0" tlh="10642344" />
  <largest-consumer threadName="Thread-7" threadId="0000000001358100" bytes="3014368" />
</allocation-stats>
<gc-op id="8377" type="mark" timems="2.053" contextid="8374" timestamp="2019-07-02T23:05:47.646">
  <trace-info objectcount="71424" scancount="63872" scanbytes="2405764" />
  <finalization candidates="124" enqueued="0" />
  <ownableSynchronizers candidates="3" cleared="0" />
  <references type="soft" candidates="84" cleared="0" enqueued="0" dynamicThreshold="19" maxThreshold="32" />
  <references type="weak" candidates="774" cleared="0" enqueued="0" />
  <references type="phantom" candidates="63" cleared="0" enqueued="0" />
  <stringconstants candidates="4574" cleared="0"  />
</gc-op>
<gc-op id="8378" type="sweep" timems="0.876" contextid="8374" timestamp="2019-07-02T23:05:47.647" />
<gc-end id="8379" type="global" contextid="8374" durationms="3.272" usertimems="8.000" systemtimems="0.000" timestamp="2019-07-02T23:05:47.647" activeThreads="4">
  <mem-info id="8380" free="10716856" total="17563648" percent="61">
    <mem type="tenure" free="10716856" total="17563648" percent="61" micro-fragmented="372952" macro-fragmented="0">
      <mem type="soa" free="10541752" total="17388544" percent="60" />
      <mem type="loa" free="175104" total="175104" percent="100" />
    </mem>
  </mem-info>
</gc-end>
<cycle-end id="8381" type="global" contextid="8374" timestamp="2019-07-02T23:05:47.647">
  <attribute name="GC Util" value="245" />
  <attribute name="CPU Util" value="8579780971312" />
  <attribute name="Time Running"value="8211"/>
  <attribute name="Number of cores"value="4"/>
</cycle-end>
<allocation-satisfied id="8382" threadId="000000000135F900" bytesRequested="24" />
<af-end id="8383" timestamp="2019-07-02T23:05:47.647" threadId="0000000001360288" success="true" />
<exclusive-end id="8384" timestamp="2019-07-02T23:05:47.647" durationms="4.032" />

<exclusive-start id="8385" timestamp="2019-07-02T23:05:47.651" intervalms="8.082">
  <response-info timems="0.024" idlems="0.024" threads="0" lastid="000000000135BD00" lastname="Thread-10" />
</exclusive-start>
<af-start id="8386" threadId="000000000135C688" totalBytesRequested="40" timestamp="2019-07-02T23:05:47.651" intervalms="8.118" />
<cycle-start id="8387" type="global" contextid="0" timestamp="2019-07-02T23:05:47.651" intervalms="8.123" />
  <attribute name="GC Util" value="245" />
  <attribute name="CPU Util" value="8579780971312" />
  <attribute name="Time Running"value="8211"/>
  <attribute name="Number of cores"value="4"/>
<gc-start id="8388" type="global" contextid="8387" timestamp="2019-07-02T23:05:47.652">
  <mem-info id="8389" free="175104" total="17563648" percent="0">
    <mem type="tenure" free="175104" total="17563648" percent="0">
      <mem type="soa" free="0" total="17388544" percent="0" />
      <mem type="loa" free="175104" total="175104" percent="100" />
    </mem>
  </mem-info>
</gc-start>
<allocation-stats totalBytes="10509928" >
  <allocated-bytes non-tlh="0" tlh="10509928" />
  <largest-consumer threadName="Thread-7" threadId="0000000001358100" bytes="2924480" />
</allocation-stats>
<gc-op id="8390" type="mark" timems="1.242" contextid="8387" timestamp="2019-07-02T23:05:47.653">
  <trace-info objectcount="73300" scancount="65729" scanbytes="2451228" />
  <finalization candidates="124" enqueued="0" />
  <ownableSynchronizers candidates="3" cleared="0" />
  <references type="soft" candidates="84" cleared="0" enqueued="0" dynamicThreshold="19" maxThreshold="32" />
  <references type="weak" candidates="774" cleared="0" enqueued="0" />
  <references type="phantom" candidates="63" cleared="0" enqueued="0" />
  <stringconstants candidates="4574" cleared="0"  />
</gc-op>
<gc-op id="8391" type="sweep" timems="0.467" contextid="8387" timestamp="2019-07-02T23:05:47.653" />
<gc-end id="8392" type="global" contextid="8387" durationms="2.021" usertimems="0.000" systemtimems="4.000" timestamp="2019-07-02T23:05:47.654" activeThreads="4">
  <mem-info id="8393" free="10545048" total="17563648" percent="60">
    <mem type="tenure" free="10545048" total="17563648" percent="60" micro-fragmented="431155" macro-fragmented="0">
      <mem type="soa" free="10369944" total="17388544" percent="59" />
      <mem type="loa" free="175104" total="175104" percent="100" />
    </mem>
  </mem-info>
</gc-end>
<cycle-end id="8394" type="global" contextid="8387" timestamp="2019-07-02T23:05:47.654">
  <attribute name="GC Util" value="214" />
  <attribute name="CPU Util" value="14191025367071" />
  <attribute name="Time Running"value="8218"/>
  <attribute name="Number of cores"value="4"/>
</cycle-end>
<allocation-satisfied id="8395" threadId="000000000135BD00" bytesRequested="40" />
<af-end id="8396" timestamp="2019-07-02T23:05:47.654" threadId="000000000135C688" success="true" />
<exclusive-end id="8397" timestamp="2019-07-02T23:05:47.654" durationms="2.837" />

<exclusive-start id="8398" timestamp="2019-07-02T23:05:47.658" intervalms="6.651">
  <response-info timems="0.024" idlems="0.024" threads="0" lastid="0000000001354500" lastname="Thread-8" />
</exclusive-start>
<af-start id="8399" threadId="0000000001354E88" totalBytesRequested="40" timestamp="2019-07-02T23:05:47.658" intervalms="6.619" />
<cycle-start id="8400" type="global" contextid="0" timestamp="2019-07-02T23:05:47.658" intervalms="6.609" />
  <attribute name="GC Util" value="214" />
  <attribute name="CPU Util" value="14191025367071" />
  <attribute name="Time Running"value="8218"/>
  <attribute name="Number of cores"value="4"/>
<gc-start id="8401" type="global" contextid="8400" timestamp="2019-07-02T23:05:47.658">
  <mem-info id="8402" free="175104" total="17563648" percent="0">
    <mem type="tenure" free="175104" total="17563648" percent="0">
      <mem type="soa" free="0" total="17388544" percent="0" />
      <mem type="loa" free="175104" total="175104" percent="100" />
    </mem>
  </mem-info>
</gc-start>
<allocation-stats totalBytes="10335128" >
  <allocated-bytes non-tlh="19056" tlh="10316072" />
  <largest-consumer threadName="Thread-8" threadId="0000000001354500" bytes="2902640" />
</allocation-stats>
<gc-op id="8403" type="mark" timems="2.334" contextid="8400" timestamp="2019-07-02T23:05:47.661">
  <trace-info objectcount="70935" scancount="63355" scanbytes="2394060" />
  <finalization candidates="124" enqueued="0" />
  <ownableSynchronizers candidates="3" cleared="0" />
  <references type="soft" candidates="84" cleared="0" enqueued="0" dynamicThreshold="19" maxThreshold="32" />
  <references type="weak" candidates="774" cleared="0" enqueued="0" />
  <references type="phantom" candidates="63" cleared="0" enqueued="0" />
  <stringconstants candidates="4574" cleared="0"  />
</gc-op>
<gc-op id="8404" type="sweep" timems="0.873" contextid="8400" timestamp="2019-07-02T23:05:47.662" />
<heap-resize id="8405" type="contract" space="tenure" amount="131072" count="1" timems="0.059" reason="excess free space following gc" timestamp="2019-07-02T23:05:47.662" />
<gc-end id="8406" type="global" contextid="8400" durationms="3.626" usertimems="8.000" systemtimems="0.000" timestamp="2019-07-02T23:05:47.662" activeThreads="4">
  <mem-info id="8407" free="10516608" total="17432576" percent="60">
    <mem type="tenure" free="10516608" total="17432576" percent="60" micro-fragmented="290883" macro-fragmented="18957">
      <mem type="soa" free="10516608" total="17258496" percent="60" />
      <mem type="loa" free="0" total="174080" percent="0" />
    </mem>
  </mem-info>
</gc-end>
<cycle-end id="8408" type="global" contextid="8400" timestamp="2019-07-02T23:05:47.662">
  <attribute name="GC Util" value="261" />
  <attribute name="CPU Util" value="7753081324875" />
  <attribute name="Time Running"value="8225"/>
  <attribute name="Number of cores"value="4"/>
</cycle-end>
<allocation-satisfied id="8409" threadId="0000000001354500" bytesRequested="40" />
<af-end id="8410" timestamp="2019-07-02T23:05:47.662" threadId="0000000001354E88" success="true" />
<exclusive-end id="8411" timestamp="2019-07-02T23:05:47.662" durationms="4.208" />

<exclusive-start id="8412" timestamp="2019-07-02T23:05:47.666" intervalms="8.226">
  <response-info timems="0.023" idlems="0.022" threads="1" lastid="000000000135BD00" lastname="Thread-10" />
</exclusive-start>
<af-start id="8413" threadId="0000000001358A88" totalBytesRequested="40" timestamp="2019-07-02T23:05:47.666" intervalms="8.197" />
<cycle-start id="8414" type="global" contextid="0" timestamp="2019-07-02T23:05:47.666" intervalms="8.164" />
  <attribute name="GC Util" value="261" />
  <attribute name="CPU Util" value="7753081324875" />
  <attribute name="Time Running"value="8225"/>
  <attribute name="Number of cores"value="4"/>
<gc-start id="8415" type="global" contextid="8414" timestamp="2019-07-02T23:05:47.666">
  <mem-info id="8416" free="0" total="17432576" percent="0">
    <mem type="tenure" free="0" total="17432576" percent="0">
      <mem type="soa" free="0" total="17258496" percent="0" />
      <mem type="loa" free="0" total="174080" percent="0" />
    </mem>
  </mem-info>
</gc-start>
<allocation-stats totalBytes="10485968" >
  <allocated-bytes non-tlh="23160" tlh="10462808" />
  <largest-consumer threadName="Thread-7" threadId="0000000001358100" bytes="2946192" />
</allocation-stats>
<gc-op id="8417" type="mark" timems="2.411" contextid="8414" timestamp="2019-07-02T23:05:47.669">
  <trace-info objectcount="67556" scancount="59972" scanbytes="2313548" />
  <finalization candidates="124" enqueued="0" />
  <ownableSynchronizers candidates="3" cleared="0" />
  <references type="soft" candidates="84" cleared="0" enqueued="0" dynamicThreshold="19" maxThreshold="32" />
  <references type="weak" candidates="774" cleared="0" enqueued="0" />
  <references type="phantom" candidates="63" cleared="0" enqueued="0" />
  <stringconstants candidates="4574" cleared="0"  />
</gc-op>
<gc-op id="8418" type="sweep" timems="0.863" contextid="8414" timestamp="2019-07-02T23:05:47.670" />
<heap-resize id="8419" type="contract" space="tenure" amount="65536" count="1" timems="0.106" reason="excess free space following gc" timestamp="2019-07-02T23:05:47.670" />
<gc-end id="8420" type="global" contextid="8414" durationms="3.841" usertimems="4.000" systemtimems="4.000" timestamp="2019-07-02T23:05:47.670" activeThreads="4">
  <mem-info id="8421" free="10664608" total="17367040" percent="61">
    <mem type="tenure" free="10664608" total="17367040" percent="61" micro-fragmented="275010" macro-fragmented="40919">
      <mem type="soa" free="10664608" total="17193984" percent="62" />
      <mem type="loa" free="0" total="173056" percent="0" />
    </mem>
  </mem-info>
</gc-end>
<cycle-end id="8422" type="global" contextid="8414" timestamp="2019-07-02T23:05:47.670">
  <attribute name="GC Util" value="256" />
  <attribute name="CPU Util" value="7475583991039" />
  <attribute name="Time Running"value="8234"/>
  <attribute name="Number of cores"value="4"/>
</cycle-end>
<allocation-satisfied id="8423" threadId="0000000001358100" bytesRequested="40" />
<af-end id="8424" timestamp="2019-07-02T23:05:47.671" threadId="0000000001358A88" success="true" />
<exclusive-end id="8425" timestamp="2019-07-02T23:05:47.671" durationms="4.502" />

<exclusive-start id="8426" timestamp="2019-07-02T23:05:47.675" intervalms="8.818">
  <response-info timems="0.046" idlems="0.046" threads="0" lastid="000000000135F900" lastname="Thread-9" />
</exclusive-start>
<af-start id="8427" threadId="0000000001360288" totalBytesRequested="40" timestamp="2019-07-02T23:05:47.675" intervalms="8.880" />
<cycle-start id="8428" type="global" contextid="0" timestamp="2019-07-02T23:05:47.675" intervalms="8.927" />
  <attribute name="GC Util" value="256" />
  <attribute name="CPU Util" value="7475583991039" />
  <attribute name="Time Running"value="8234"/>
  <attribute name="Number of cores"value="4"/>
<gc-start id="8429" type="global" contextid="8428" timestamp="2019-07-02T23:05:47.675">
  <mem-info id="8430" free="0" total="17367040" percent="0">
    <mem type="tenure" free="0" total="17367040" percent="0">
      <mem type="soa" free="0" total="17193984" percent="0" />
      <mem type="loa" free="0" total="173056" percent="0" />
    </mem>
  </mem-info>
</gc-start>
<allocation-stats totalBytes="10641720" >
  <allocated-bytes non-tlh="0" tlh="10641720" />
  <largest-consumer threadName="Thread-7" threadId="0000000001358100" bytes="3237960" />
</allocation-stats>
<gc-op id="8431" type="mark" timems="1.967" contextid="8428" timestamp="2019-07-02T23:05:47.677">
  <trace-info objectcount="68429" scancount="60854" scanbytes="2334140" />
  <finalization candidates="124" enqueued="0" />
  <ownableSynchronizers candidates="3" cleared="0" />
  <references type="soft" candidates="84" cleared="0" enqueued="0" dynamicThreshold="19" maxThreshold="32" />
  <references type="weak" candidates="774" cleared="0" enqueued="0" />
  <references type="phantom" candidates="63" cleared="0" enqueued="0" />
  <stringconstants candidates="4574" cleared="0"  />
</gc-op>
<gc-op id="8432" type="sweep" timems="0.841" contextid="8428" timestamp="2019-07-02T23:05:47.678" />
<gc-end id="8433" type="global" contextid="8428" durationms="3.245" usertimems="4.000" systemtimems="4.000" timestamp="2019-07-02T23:05:47.679" activeThreads="4">
  <mem-info id="8434" free="10662288" total="17367040" percent="61">
    <mem type="tenure" free="10662288" total="17367040" percent="61" micro-fragmented="227730" macro-fragmented="30542">
      <mem type="soa" free="10554024" total="17193984" percent="61" />
      <mem type="loa" free="108264" total="173056" percent="62" />
    </mem>
  </mem-info>
</gc-end>
<cycle-end id="8435" type="global" contextid="8428" timestamp="2019-07-02T23:05:47.679">
  <attribute name="GC Util" value="250" />
  <attribute name="CPU Util" value="8955629804043" />
  <attribute name="Time Running"value="8242"/>
  <attribute name="Number of cores"value="4"/>
</cycle-end>
<allocation-satisfied id="8436" threadId="000000000135F900" bytesRequested="40" />
<af-end id="8437" timestamp="2019-07-02T23:05:47.679" threadId="0000000001360288" success="true" />
<exclusive-end id="8438" timestamp="2019-07-02T23:05:47.679" durationms="4.132" />

<exclusive-start id="8439" timestamp="2019-07-02T23:05:47.683" intervalms="8.407">
  <response-info timems="0.024" idlems="0.022" threads="1" lastid="000000000135F900" lastname="Thread-9" />
</exclusive-start>
<af-start id="8440" threadId="000000000135C688" totalBytesRequested="40" timestamp="2019-07-02T23:05:47.683" intervalms="8.389" />
<cycle-start id="8441" type="global" contextid="0" timestamp="2019-07-02T23:05:47.684" intervalms="8.388" />
  <attribute name="GC Util" value="250" />
  <attribute name="CPU Util" value="8955629804043" />
  <attribute name="Time Running"value="8242"/>
  <attribute name="Number of cores"value="4"/>
<gc-start id="8442" type="global" contextid="8441" timestamp="2019-07-02T23:05:47.684">
  <mem-info id="8443" free="108264" total="17367040" percent="0">
    <mem type="tenure" free="108264" total="17367040" percent="0">
      <mem type="soa" free="0" total="17193984" percent="0" />
      <mem type="loa" free="108264" total="173056" percent="62" />
    </mem>
  </mem-info>
</gc-start>
<allocation-stats totalBytes="10527536" >
  <allocated-bytes non-tlh="0" tlh="10527536" />
  <largest-consumer threadName="Thread-7" threadId="0000000001358100" bytes="3223488" />
</allocation-stats>
<gc-op id="8444" type="mark" timems="1.230" contextid="8441" timestamp="2019-07-02T23:05:47.685">
  <trace-info objectcount="69289" scancount="61692" scanbytes="2355004" />
  <finalization candidates="124" enqueued="0" />
  <ownableSynchronizers candidates="3" cleared="0" />
  <references type="soft" candidates="84" cleared="0" enqueued="0" dynamicThreshold="19" maxThreshold="32" />
  <references type="weak" candidates="774" cleared="0" enqueued="0" />
  <references type="phantom" candidates="63" cleared="0" enqueued="0" />
  <stringconstants candidates="4574" cleared="0"  />
</gc-op>
<gc-op id="8445" type="sweep" timems="0.446" contextid="8441" timestamp="2019-07-02T23:05:47.686" />
<gc-end id="8446" type="global" contextid="8441" durationms="2.026" usertimems="0.000" systemtimems="4.000" timestamp="2019-07-02T23:05:47.686" activeThreads="4">
  <mem-info id="8447" free="10550312" total="17367040" percent="60">
    <mem type="tenure" free="10550312" total="17367040" percent="60" micro-fragmented="229249" macro-fragmented="25597">
      <mem type="soa" free="10442048" total="17193984" percent="60" />
      <mem type="loa" free="108264" total="173056" percent="62" />
    </mem>
  </mem-info>
</gc-end>
<cycle-end id="8448" type="global" contextid="8441" timestamp="2019-07-02T23:05:47.686">
  <attribute name="GC Util" value="204" />
  <attribute name="CPU Util" value="14320104690666" />
  <attribute name="Time Running"value="8250"/>
  <attribute name="Number of cores"value="4"/>
</cycle-end>
<allocation-satisfied id="8449" threadId="000000000135BD00" bytesRequested="40" />
<af-end id="8450" timestamp="2019-07-02T23:05:47.686" threadId="000000000135C688" success="true" />
<exclusive-end id="8451" timestamp="2019-07-02T23:05:47.686" durationms="2.877" />

<exclusive-start id="8452" timestamp="2019-07-02T23:05:47.691" intervalms="7.486">
  <response-info timems="0.023" idlems="0.021" threads="1" lastid="0000000001358100" lastname="Thread-7" />
</exclusive-start>
<af-start id="8453" threadId="0000000001360288" totalBytesRequested="40" timestamp="2019-07-02T23:05:47.691" intervalms="7.483" />
<cycle-start id="8454" type="global" contextid="0" timestamp="2019-07-02T23:05:47.691" intervalms="7.472" />
  <attribute name="GC Util" value="204" />
  <attribute name="CPU Util" value="14320104690666" />
  <attribute name="Time Running"value="8250"/>
  <attribute name="Number of cores"value="4"/>
<gc-start id="8455" type="global" contextid="8454" timestamp="2019-07-02T23:05:47.691">
  <mem-info id="8456" free="108264" total="17367040" percent="0">
    <mem type="tenure" free="108264" total="17367040" percent="0">
      <mem type="soa" free="0" total="17193984" percent="0" />
      <mem type="loa" free="108264" total="173056" percent="62" />
    </mem>
  </mem-info>
</gc-start>
<allocation-stats totalBytes="10414808" >
  <allocated-bytes non-tlh="23160" tlh="10391648" />
  <largest-consumer threadName="Thread-7" threadId="0000000001358100" bytes="3402248" />
</allocation-stats>
<gc-op id="8457" type="mark" timems="2.295" contextid="8454" timestamp="2019-07-02T23:05:47.694">
  <trace-info objectcount="65814" scancount="58241" scanbytes="2271244" />
  <finalization candidates="124" enqueued="0" />
  <ownableSynchronizers candidates="3" cleared="0" />
  <references type="soft" candidates="84" cleared="0" enqueued="0" dynamicThreshold="19" maxThreshold="32" />
  <references type="weak" candidates="774" cleared="0" enqueued="0" />
  <references type="phantom" candidates="63" cleared="0" enqueued="0" />
  <stringconstants candidates="4574" cleared="0"  />
</gc-op>
<gc-op id="8458" type="sweep" timems="0.810" contextid="8454" timestamp="2019-07-02T23:05:47.694" />
<mem-info id="8459" free="11052688" total="17367040" percent="63">
  <mem type="tenure" free="11052688" total="17367040" percent="63" micro-fragmented="203990" macro-fragmented="38520">
    <mem type="soa" free="10944424" total="17193984" percent="63" />
    <mem type="loa" free="108264" total="173056" percent="62" />
  </mem>
</mem-info>
<gc-op id="8460" type="compact" timems="5.216" contextid="8454" timestamp="2019-07-02T23:05:47.700">
  <compact-info movecount="26073" movebytes="1176912" reason="compact to aid heap contraction" />
</gc-op>
<heap-resize id="8461" type="contract" space="tenure" amount="131072" count="1" timems="0.078" reason="excess free space following gc" timestamp="2019-07-02T23:05:47.700" />
<gc-end id="8462" type="global" contextid="8454" durationms="9.243" usertimems="16.000" systemtimems="0.000" timestamp="2019-07-02T23:05:47.700" activeThreads="4">
  <mem-info id="8463" free="11387824" total="17235968" percent="66">
    <mem type="tenure" free="11387824" total="17235968" percent="66">
      <mem type="soa" free="11257776" total="17063936" percent="65" />
      <mem type="loa" free="130048" total="172032" percent="75" />
    </mem>
  </mem-info>
</gc-end>
<cycle-end id="8464" type="global" contextid="8454" timestamp="2019-07-02T23:05:47.701">
  <attribute name="GC Util" value="132" />
  <attribute name="CPU Util" value="16283957231013" />
  <attribute name="Time Running"value="8260"/>
  <attribute name="Number of cores"value="4"/>
</cycle-end>
<allocation-satisfied id="8465" threadId="000000000135F900" bytesRequested="40" />
<af-end id="8466" timestamp="2019-07-02T23:05:47.701" threadId="0000000001360288" success="true" />
<exclusive-end id="8467" timestamp="2019-07-02T23:05:47.701" durationms="10.028" />

<exclusive-start id="8468" timestamp="2019-07-02T23:05:47.705" intervalms="14.260">
  <response-info timems="0.029" idlems="0.029" threads="0" lastid="0000000001354500" lastname="Thread-8" />
</exclusive-start>
<af-start id="8469" threadId="0000000001354E88" totalBytesRequested="24" timestamp="2019-07-02T23:05:47.705" intervalms="14.256" />
<cycle-start id="8470" type="global" contextid="0" timestamp="2019-07-02T23:05:47.705" intervalms="14.319" />
  <attribute name="GC Util" value="132" />
  <attribute name="CPU Util" value="16283957231013" />
  <attribute name="Time Running"value="8260"/>
  <attribute name="Number of cores"value="4"/>
<gc-start id="8471" type="global" contextid="8470" timestamp="2019-07-02T23:05:47.705">
  <mem-info id="8472" free="130048" total="17235968" percent="0">
    <mem type="tenure" free="130048" total="17235968" percent="0">
      <mem type="soa" free="0" total="17063936" percent="0" />
      <mem type="loa" free="130048" total="172032" percent="75" />
    </mem>
  </mem-info>
</gc-start>
<allocation-stats totalBytes="11322728" >
  <allocated-bytes non-tlh="0" tlh="11322728" />
  <largest-consumer threadName="Thread-7" threadId="0000000001358100" bytes="3163992" />
</allocation-stats>
<gc-op id="8473" type="mark" timems="2.119" contextid="8470" timestamp="2019-07-02T23:05:47.708">
  <trace-info objectcount="67986" scancount="60416" scanbytes="2323324" />
  <finalization candidates="124" enqueued="0" />
  <ownableSynchronizers candidates="3" cleared="0" />
  <references type="soft" candidates="84" cleared="0" enqueued="0" dynamicThreshold="21" maxThreshold="32" />
  <references type="weak" candidates="774" cleared="0" enqueued="0" />
  <references type="phantom" candidates="63" cleared="0" enqueued="0" />
  <stringconstants candidates="4574" cleared="0"  />
</gc-op>
<gc-op id="8474" type="sweep" timems="0.719" contextid="8470" timestamp="2019-07-02T23:05:47.709" />
<heap-resize id="8475" type="contract" space="tenure" amount="131072" count="1" timems="0.041" reason="excess free space following gc" timestamp="2019-07-02T23:05:47.709" />
<gc-end id="8476" type="global" contextid="8470" durationms="3.404" usertimems="8.000" systemtimems="0.000" timestamp="2019-07-02T23:05:47.709" activeThreads="4">
  <mem-info id="8477" free="11197624" total="17104896" percent="65">
    <mem type="tenure" free="11197624" total="17104896" percent="65" micro-fragmented="19723" macro-fragmented="32608">
      <mem type="soa" free="11104888" total="16933888" percent="65" />
      <mem type="loa" free="92736" total="171008" percent="54" />
    </mem>
  </mem-info>
</gc-end>
<cycle-end id="8478" type="global" contextid="8470" timestamp="2019-07-02T23:05:47.709">
  <attribute name="GC Util" value="245" />
  <attribute name="CPU Util" value="8359561572203" />
  <attribute name="Time Running"value="8273"/>
  <attribute name="Number of cores"value="4"/>
</cycle-end>
<allocation-satisfied id="8479" threadId="0000000001354500" bytesRequested="24" />
<af-end id="8480" timestamp="2019-07-02T23:05:47.709" threadId="0000000001354E88" success="true" />
<exclusive-end id="8481" timestamp="2019-07-02T23:05:47.709" durationms="4.011" />

<exclusive-start id="8482" timestamp="2019-07-02T23:05:47.714" intervalms="8.460">
  <response-info timems="0.031" idlems="0.031" threads="0" lastid="000000000135BD00" lastname="Thread-10" />
</exclusive-start>
<af-start id="8483" threadId="000000000135C688" totalBytesRequested="40" timestamp="2019-07-02T23:05:47.714" intervalms="8.418" />
<cycle-start id="8484" type="global" contextid="0" timestamp="2019-07-02T23:05:47.714" intervalms="8.358" />
  <attribute name="GC Util" value="245" />
  <attribute name="CPU Util" value="8359561572203" />
  <attribute name="Time Running"value="8273"/>
  <attribute name="Number of cores"value="4"/>
<gc-start id="8485" type="global" contextid="8484" timestamp="2019-07-02T23:05:47.714">
  <mem-info id="8486" free="92736" total="17104896" percent="0">
    <mem type="tenure" free="92736" total="17104896" percent="0">
      <mem type="soa" free="0" total="16933888" percent="0" />
      <mem type="loa" free="92736" total="171008" percent="54" />
    </mem>
  </mem-info>
</gc-start>
<allocation-stats totalBytes="11101232" >
  <allocated-bytes non-tlh="0" tlh="11101232" />
  <largest-consumer threadName="Thread-7" threadId="0000000001358100" bytes="3193904" />
</allocation-stats>
<gc-op id="8487" type="mark" timems="1.314" contextid="8484" timestamp="2019-07-02T23:05:47.715">
  <trace-info objectcount="69997" scancount="62416" scanbytes="2371908" />
  <finalization candidates="124" enqueued="0" />
  <ownableSynchronizers candidates="3" cleared="0" />
  <references type="soft" candidates="84" cleared="0" enqueued="0" dynamicThreshold="20" maxThreshold="32" />
  <references type="weak" candidates="774" cleared="0" enqueued="0" />
  <references type="phantom" candidates="63" cleared="0" enqueued="0" />
  <stringconstants candidates="4574" cleared="0"  />
</gc-op>
<gc-op id="8488" type="sweep" timems="0.267" contextid="8484" timestamp="2019-07-02T23:05:47.716" />
<mem-info id="8489" free="11186768" total="17104896" percent="65">
  <mem type="tenure" free="11186768" total="17104896" percent="65" micro-fragmented="45448" macro-fragmented="70660">
    <mem type="soa" free="11023120" total="16933888" percent="65" />
    <mem type="loa" free="163648" total="171008" percent="95" />
  </mem>
</mem-info>
<gc-op id="8490" type="compact" timems="4.802" contextid="8484" timestamp="2019-07-02T23:05:47.721">
  <compact-info movecount="30024" movebytes="1272008" reason="compact to aid heap contraction" />
</gc-op>
<heap-resize id="8491" type="contract" space="tenure" amount="131072" count="1" timems="0.039" reason="excess free space following gc" timestamp="2019-07-02T23:05:47.721" />
<gc-end id="8492" type="global" contextid="8484" durationms="7.457" usertimems="8.000" systemtimems="0.000" timestamp="2019-07-02T23:05:47.721" activeThreads="4">
  <mem-info id="8493" free="11027064" total="16973824" percent="64">
    <mem type="tenure" free="11027064" total="16973824" percent="64">
      <mem type="soa" free="10898040" total="16804864" percent="64" />
      <mem type="loa" free="129024" total="168960" percent="76" />
    </mem>
  </mem-info>
</gc-end>
<cycle-end id="8494" type="global" contextid="8484" timestamp="2019-07-02T23:05:47.721">
  <attribute name="GC Util" value="10" />
  <attribute name="CPU Util" value="24092195462916" />
  <attribute name="Time Running"value="8281"/>
  <attribute name="Number of cores"value="4"/>
</cycle-end>
<allocation-satisfied id="8495" threadId="000000000135BD00" bytesRequested="40" />
<af-end id="8496" timestamp="2019-07-02T23:05:47.722" threadId="000000000135C688" success="true" />
<exclusive-end id="8497" timestamp="2019-07-02T23:05:47.722" durationms="8.141" />

<exclusive-start id="8498" timestamp="2019-07-02T23:05:47.726" intervalms="12.922">
  <response-info timems="0.023" idlems="0.023" threads="0" lastid="0000000001354500" lastname="Thread-8" />
</exclusive-start>
<af-start id="8499" threadId="0000000001354E88" totalBytesRequested="40" timestamp="2019-07-02T23:05:47.727" intervalms="12.914" />
<cycle-start id="8500" type="global" contextid="0" timestamp="2019-07-02T23:05:47.727" intervalms="12.869" />
  <attribute name="GC Util" value="10" />
  <attribute name="CPU Util" value="24092195462916" />
  <attribute name="Time Running"value="8281"/>
  <attribute name="Number of cores"value="4"/>
<gc-start id="8501" type="global" contextid="8500" timestamp="2019-07-02T23:05:47.727">
  <mem-info id="8502" free="129024" total="16973824" percent="0">
    <mem type="tenure" free="129024" total="16973824" percent="0">
      <mem type="soa" free="0" total="16804864" percent="0" />
      <mem type="loa" free="129024" total="168960" percent="76" />
    </mem>
  </mem-info>
</gc-start>
<allocation-stats totalBytes="10961480" >
  <allocated-bytes non-tlh="0" tlh="10961480" />
  <largest-consumer threadName="Thread-7" threadId="0000000001358100" bytes="3132832" />
</allocation-stats>
<gc-op id="8503" type="mark" timems="2.055" contextid="8500" timestamp="2019-07-02T23:05:47.729">
  <trace-info objectcount="61199" scancount="53633" scanbytes="2161012" />
  <finalization candidates="124" enqueued="0" />
  <ownableSynchronizers candidates="3" cleared="0" />
  <references type="soft" candidates="84" cleared="0" enqueued="0" dynamicThreshold="20" maxThreshold="32" />
  <references type="weak" candidates="774" cleared="0" enqueued="0" />
  <references type="phantom" candidates="63" cleared="0" enqueued="0" />
  <stringconstants candidates="4574" cleared="0"  />
</gc-op>
<gc-op id="8504" type="sweep" timems="0.713" contextid="8500" timestamp="2019-07-02T23:05:47.730" />
<heap-resize id="8505" type="contract" space="tenure" amount="131072" count="1" timems="0.071" reason="excess free space following gc" timestamp="2019-07-02T23:05:47.730" />
<gc-end id="8506" type="global" contextid="8500" durationms="3.220" usertimems="8.000" systemtimems="0.000" timestamp="2019-07-02T23:05:47.730" activeThreads="4">
  <mem-info id="8507" free="10994912" total="16842752" percent="65">
    <mem type="tenure" free="10994912" total="16842752" percent="65" micro-fragmented="70371" macro-fragmented="0">
      <mem type="soa" free="10913096" total="16674816" percent="65" />
      <mem type="loa" free="81816" total="167936" percent="48" />
    </mem>
  </mem-info>
</gc-end>
<cycle-end id="8508" type="global" contextid="8500" timestamp="2019-07-02T23:05:47.730">
  <attribute name="GC Util" value="252" />
  <attribute name="CPU Util" value="8797607189018" />
  <attribute name="Time Running"value="8294"/>
  <attribute name="Number of cores"value="4"/>
</cycle-end>
<allocation-satisfied id="8509" threadId="0000000001354500" bytesRequested="40" />
<af-end id="8510" timestamp="2019-07-02T23:05:47.730" threadId="0000000001354E88" success="true" />
<exclusive-end id="8511" timestamp="2019-07-02T23:05:47.730" durationms="3.729" />

<exclusive-start id="8512" timestamp="2019-07-02T23:05:47.735" intervalms="8.781">
  <response-info timems="0.023" idlems="0.023" threads="0" lastid="0000000001354500" lastname="Thread-8" />
</exclusive-start>
<af-start id="8513" threadId="0000000001354E88" totalBytesRequested="24" timestamp="2019-07-02T23:05:47.735" intervalms="8.816" />
<cycle-start id="8514" type="global" contextid="0" timestamp="2019-07-02T23:05:47.735" intervalms="8.858" />
  <attribute name="GC Util" value="252" />
  <attribute name="CPU Util" value="8797607189018" />
  <attribute name="Time Running"value="8294"/>
  <attribute name="Number of cores"value="4"/>
<gc-start id="8515" type="global" contextid="8514" timestamp="2019-07-02T23:05:47.736">
  <mem-info id="8516" free="81816" total="16842752" percent="0">
    <mem type="tenure" free="81816" total="16842752" percent="0">
      <mem type="soa" free="0" total="16674816" percent="0" />
      <mem type="loa" free="81816" total="167936" percent="48" />
    </mem>
  </mem-info>
</gc-start>
<allocation-stats totalBytes="10909816" >
  <allocated-bytes non-tlh="0" tlh="10909816" />
  <largest-consumer threadName="Thread-10" threadId="000000000135BD00" bytes="2829928" />
</allocation-stats>
<gc-op id="8517" type="mark" timems="2.091" contextid="8514" timestamp="2019-07-02T23:05:47.738">
  <trace-info objectcount="61579" scancount="54015" scanbytes="2169828" />
  <finalization candidates="124" enqueued="0" />
  <ownableSynchronizers candidates="3" cleared="0" />
  <references type="soft" candidates="84" cleared="0" enqueued="0" dynamicThreshold="20" maxThreshold="32" />
  <references type="weak" candidates="774" cleared="0" enqueued="0" />
  <references type="phantom" candidates="63" cleared="0" enqueued="0" />
  <stringconstants candidates="4574" cleared="0"  />
</gc-op>
<gc-op id="8518" type="sweep" timems="0.729" contextid="8514" timestamp="2019-07-02T23:05:47.738" />
<heap-resize id="8519" type="contract" space="tenure" amount="131072" count="1" timems="0.076" reason="excess free space following gc" timestamp="2019-07-02T23:05:47.739" />
<gc-end id="8520" type="global" contextid="8514" durationms="3.296" usertimems="0.000" systemtimems="4.000" timestamp="2019-07-02T23:05:47.739" activeThreads="4">
  <mem-info id="8521" free="10879360" total="16711680" percent="65">
    <mem type="tenure" free="10879360" total="16711680" percent="65" micro-fragmented="89800" macro-fragmented="55546">
      <mem type="soa" free="10765104" total="16544768" percent="65" />
      <mem type="loa" free="114256" total="166912" percent="68" />
    </mem>
  </mem-info>
</gc-end>
<cycle-end id="8522" type="global" contextid="8514" timestamp="2019-07-02T23:05:47.739">
  <attribute name="GC Util" value="243" />
  <attribute name="CPU Util" value="8475400722775" />
  <attribute name="Time Running"value="8303"/>
  <attribute name="Number of cores"value="4"/>
</cycle-end>
<allocation-satisfied id="8523" threadId="0000000001354500" bytesRequested="24" />
<af-end id="8524" timestamp="2019-07-02T23:05:47.739" threadId="0000000001354E88" success="true" />
<exclusive-end id="8525" timestamp="2019-07-02T23:05:47.739" durationms="3.870" />

<exclusive-start id="8526" timestamp="2019-07-02T23:05:47.744" intervalms="8.453">
  <response-info timems="0.022" idlems="0.022" threads="0" lastid="0000000001354500" lastname="Thread-8" />
</exclusive-start>
<af-start id="8527" threadId="0000000001354E88" totalBytesRequested="40" timestamp="2019-07-02T23:05:47.744" intervalms="8.450" />
<cycle-start id="8528" type="global" contextid="0" timestamp="2019-07-02T23:05:47.744" intervalms="8.456" />
  <attribute name="GC Util" value="243" />
  <attribute name="CPU Util" value="8475400722775" />
  <attribute name="Time Running"value="8303"/>
  <attribute name="Number of cores"value="4"/>
<gc-start id="8529" type="global" contextid="8528" timestamp="2019-07-02T23:05:47.744">
  <mem-info id="8530" free="114256" total="16711680" percent="0">
    <mem type="tenure" free="114256" total="16711680" percent="0">
      <mem type="soa" free="0" total="16544768" percent="0" />
      <mem type="loa" free="114256" total="166912" percent="68" />
    </mem>
  </mem-info>
</gc-start>
<allocation-stats totalBytes="10758544" >
  <allocated-bytes non-tlh="0" tlh="10758544" />
  <largest-consumer threadName="Thread-8" threadId="0000000001354500" bytes="2850736" />
</allocation-stats>
<gc-op id="8531" type="mark" timems="2.044" contextid="8528" timestamp="2019-07-02T23:05:47.746">
  <trace-info objectcount="62404" scancount="54834" scanbytes="2190172" />
  <finalization candidates="124" enqueued="0" />
  <ownableSynchronizers candidates="3" cleared="0" />
  <references type="soft" candidates="84" cleared="0" enqueued="0" dynamicThreshold="20" maxThreshold="32" />
  <references type="weak" candidates="774" cleared="0" enqueued="0" />
  <references type="phantom" candidates="63" cleared="0" enqueued="0" />
  <stringconstants candidates="4574" cleared="0"  />
</gc-op>
<gc-op id="8532" type="sweep" timems="0.742" contextid="8528" timestamp="2019-07-02T23:05:47.747" />
<mem-info id="8533" free="10817456" total="16711680" percent="64">
  <mem type="tenure" free="10817456" total="16711680" percent="64" micro-fragmented="49052" macro-fragmented="67932">
    <mem type="soa" free="10700024" total="16544768" percent="64" />
    <mem type="loa" free="117432" total="166912" percent="70" />
  </mem>
</mem-info>
<gc-op id="8534" type="compact" timems="5.251" contextid="8528" timestamp="2019-07-02T23:05:47.752">
  <compact-info movecount="22663" movebytes="1095840" reason="compact to aid heap contraction" />
</gc-op>
<heap-resize id="8535" type="contract" space="tenure" amount="131072" count="1" timems="0.032" reason="excess free space following gc" timestamp="2019-07-02T23:05:47.753" />
<gc-end id="8536" type="global" contextid="8528" durationms="8.637" usertimems="4.000" systemtimems="12.000" timestamp="2019-07-02T23:05:47.753" activeThreads="4">
  <mem-info id="8537" free="10819680" total="16580608" percent="65">
    <mem type="tenure" free="10819680" total="16580608" percent="65">
      <mem type="soa" free="10690656" total="16415744" percent="65" />
      <mem type="loa" free="129024" total="164864" percent="78" />
    </mem>
  </mem-info>
</gc-end>
<cycle-end id="8538" type="global" contextid="8528" timestamp="2019-07-02T23:05:47.753">
  <attribute name="GC Util" value="157" />
  <attribute name="CPU Util" value="19519062299364" />
  <attribute name="Time Running"value="8312"/>
  <attribute name="Number of cores"value="4"/>
</cycle-end>
<allocation-satisfied id="8539" threadId="0000000001354500" bytesRequested="40" />
<af-end id="8540" timestamp="2019-07-02T23:05:47.753" threadId="0000000001354E88" success="true" />
<exclusive-end id="8541" timestamp="2019-07-02T23:05:47.753" durationms="9.221" />

<exclusive-start id="8542" timestamp="2019-07-02T23:05:47.758" intervalms="13.816">
  <response-info timems="0.031" idlems="0.031" threads="0" lastid="0000000001354500" lastname="Thread-8" />
</exclusive-start>
<af-start id="8543" threadId="0000000001354E88" totalBytesRequested="40" timestamp="2019-07-02T23:05:47.758" intervalms="13.776" />
<cycle-start id="8544" type="global" contextid="0" timestamp="2019-07-02T23:05:47.758" intervalms="13.765" />
  <attribute name="GC Util" value="157" />
  <attribute name="CPU Util" value="19519062299364" />
  <attribute name="Time Running"value="8312"/>
  <attribute name="Number of cores"value="4"/>
<gc-start id="8545" type="global" contextid="8544" timestamp="2019-07-02T23:05:47.758">
  <mem-info id="8546" free="129024" total="16580608" percent="0">
    <mem type="tenure" free="129024" total="16580608" percent="0">
      <mem type="soa" free="0" total="16415744" percent="0" />
      <mem type="loa" free="129024" total="164864" percent="78" />
    </mem>
  </mem-info>
</gc-start>
<allocation-stats totalBytes="10754296" >
  <allocated-bytes non-tlh="0" tlh="10754296" />
  <largest-consumer threadName="Thread-9" threadId="000000000135F900" bytes="3112336" />
</allocation-stats>
<gc-op id="8547" type="mark" timems="2.237" contextid="8544" timestamp="2019-07-02T23:05:47.760">
  <trace-info objectcount="62925" scancount="55341" scanbytes="2202612" />
  <finalization candidates="124" enqueued="0" />
  <ownableSynchronizers candidates="3" cleared="0" />
  <references type="soft" candidates="84" cleared="0" enqueued="0" dynamicThreshold="20" maxThreshold="32" />
  <references type="weak" candidates="774" cleared="0" enqueued="0" />
  <references type="phantom" candidates="63" cleared="0" enqueued="0" />
  <stringconstants candidates="4574" cleared="0"  />
</gc-op>
<gc-op id="8548" type="sweep" timems="0.720" contextid="8544" timestamp="2019-07-02T23:05:47.761" />
<heap-resize id="8549" type="contract" space="tenure" amount="131072" count="1" timems="0.041" reason="excess free space following gc" timestamp="2019-07-02T23:05:47.761" />
<gc-end id="8550" type="global" contextid="8544" durationms="3.378" usertimems="4.000" systemtimems="4.000" timestamp="2019-07-02T23:05:47.761" activeThreads="4">
  <mem-info id="8551" free="10588416" total="16449536" percent="64">
    <mem type="tenure" free="10588416" total="16449536" percent="64" micro-fragmented="17498" macro-fragmented="0">
      <mem type="soa" free="10588416" total="16285696" percent="65" />
      <mem type="loa" free="0" total="163840" percent="0" />
    </mem>
  </mem-info>
</gc-end>
<cycle-end id="8552" type="global" contextid="8544" timestamp="2019-07-02T23:05:47.761">
  <attribute name="GC Util" value="255" />
  <attribute name="CPU Util" value="8092728583106" />
  <attribute name="Time Running"value="8325"/>
  <attribute name="Number of cores"value="4"/>
</cycle-end>
<allocation-satisfied id="8553" threadId="0000000001354500" bytesRequested="40" />
<af-end id="8554" timestamp="2019-07-02T23:05:47.761" threadId="0000000001354E88" success="true" />
<exclusive-end id="8555" timestamp="2019-07-02T23:05:47.761" durationms="3.776" />

<exclusive-start id="8556" timestamp="2019-07-02T23:05:47.766" intervalms="8.482">
  <response-info timems="0.048" idlems="0.048" threads="0" lastid="0000000001358100" lastname="Thread-7" />
</exclusive-start>
<af-start id="8557" threadId="0000000001358A88" totalBytesRequested="40" timestamp="2019-07-02T23:05:47.766" intervalms="8.504" />
<cycle-start id="8558" type="global" contextid="0" timestamp="2019-07-02T23:05:47.766" intervalms="8.474" />
  <attribute name="GC Util" value="255" />
  <attribute name="CPU Util" value="8092728583106" />
  <attribute name="Time Running"value="8325"/>
  <attribute name="Number of cores"value="4"/>
<gc-start id="8559" type="global" contextid="8558" timestamp="2019-07-02T23:05:47.766">
  <mem-info id="8560" free="0" total="16449536" percent="0">
    <mem type="tenure" free="0" total="16449536" percent="0">
      <mem type="soa" free="0" total="16285696" percent="0" />
      <mem type="loa" free="0" total="163840" percent="0" />
    </mem>
  </mem-info>
</gc-start>
<allocation-stats totalBytes="10585784" >
  <allocated-bytes non-tlh="0" tlh="10585784" />
  <largest-consumer threadName="Thread-8" threadId="0000000001354500" bytes="2682864" />
</allocation-stats>
<gc-op id="8561" type="mark" timems="1.997" contextid="8558" timestamp="2019-07-02T23:05:47.768">
  <trace-info objectcount="63483" scancount="55907" scanbytes="2215796" />
  <finalization candidates="124" enqueued="0" />
  <ownableSynchronizers candidates="3" cleared="0" />
  <references type="soft" candidates="84" cleared="0" enqueued="0" dynamicThreshold="20" maxThreshold="32" />
  <references type="weak" candidates="774" cleared="0" enqueued="0" />
  <references type="phantom" candidates="63" cleared="0" enqueued="0" />
  <stringconstants candidates="4574" cleared="0"  />
</gc-op>
<gc-op id="8562" type="sweep" timems="0.808" contextid="8558" timestamp="2019-07-02T23:05:47.769" />
<heap-resize id="8563" type="contract" space="tenure" amount="131072" count="1" timems="0.084" reason="excess free space following gc" timestamp="2019-07-02T23:05:47.769" />
<gc-end id="8564" type="global" contextid="8558" durationms="3.233" usertimems="4.000" systemtimems="4.000" timestamp="2019-07-02T23:05:47.769" activeThreads="4">
  <mem-info id="8565" free="10431576" total="16318464" percent="63">
    <mem type="tenure" free="10431576" total="16318464" percent="63" micro-fragmented="32256" macro-fragmented="0">
      <mem type="soa" free="10431576" total="16155648" percent="64" />
      <mem type="loa" free="0" total="162816" percent="0" />
    </mem>
  </mem-info>
</gc-end>
<cycle-end id="8566" type="global" contextid="8558" timestamp="2019-07-02T23:05:47.770">
  <attribute name="GC Util" value="254" />
  <attribute name="CPU Util" value="8986741885234" />
  <attribute name="Time Running"value="8333"/>
  <attribute name="Number of cores"value="4"/>
</cycle-end>
<allocation-satisfied id="8567" threadId="0000000001358100" bytesRequested="40" />
<af-end id="8568" timestamp="2019-07-02T23:05:47.770" threadId="0000000001358A88" success="true" />
<exclusive-end id="8569" timestamp="2019-07-02T23:05:47.770" durationms="3.846" />

<exclusive-start id="8570" timestamp="2019-07-02T23:05:47.775" intervalms="8.507">
  <response-info timems="0.024" idlems="0.024" threads="0" lastid="000000000135BD00" lastname="Thread-10" />
</exclusive-start>
<af-start id="8571" threadId="000000000135C688" totalBytesRequested="40" timestamp="2019-07-02T23:05:47.775" intervalms="8.547" />
<cycle-start id="8572" type="global" contextid="0" timestamp="2019-07-02T23:05:47.775" intervalms="8.625" />
  <attribute name="GC Util" value="254" />
  <attribute name="CPU Util" value="8986741885234" />
  <attribute name="Time Running"value="8333"/>
  <attribute name="Number of cores"value="4"/>
<gc-start id="8573" type="global" contextid="8572" timestamp="2019-07-02T23:05:47.775">
  <mem-info id="8574" free="0" total="16318464" percent="0">
    <mem type="tenure" free="0" total="16318464" percent="0">
      <mem type="soa" free="0" total="16155648" percent="0" />
      <mem type="loa" free="0" total="162816" percent="0" />
    </mem>
  </mem-info>
</gc-start>
<allocation-stats totalBytes="10425904" >
  <allocated-bytes non-tlh="0" tlh="10425904" />
  <largest-consumer threadName="Thread-9" threadId="000000000135F900" bytes="2824768" />
</allocation-stats>
<gc-op id="8575" type="mark" timems="1.113" contextid="8572" timestamp="2019-07-02T23:05:47.776">
  <trace-info objectcount="64038" scancount="56451" scanbytes="2229284" />
  <finalization candidates="124" enqueued="0" />
  <ownableSynchronizers candidates="3" cleared="0" />
  <references type="soft" candidates="84" cleared="0" enqueued="0" dynamicThreshold="20" maxThreshold="32" />
  <references type="weak" candidates="774" cleared="0" enqueued="0" />
  <references type="phantom" candidates="63" cleared="0" enqueued="0" />
  <stringconstants candidates="4574" cleared="0"  />
</gc-op>
<gc-op id="8576" type="sweep" timems="0.304" contextid="8572" timestamp="2019-07-02T23:05:47.776" />
<mem-info id="8577" free="10386464" total="16318464" percent="63">
  <mem type="tenure" free="10386464" total="16318464" percent="63" micro-fragmented="24897" macro-fragmented="0">
    <mem type="soa" free="10386464" total="16155648" percent="64" />
    <mem type="loa" free="0" total="162816" percent="0" />
  </mem>
</mem-info>
<gc-op id="8578" type="compact" timems="4.052" contextid="8572" timestamp="2019-07-02T23:05:47.781">
  <compact-info movecount="24034" movebytes="1128640" reason="compact to aid heap contraction" />
</gc-op>
<heap-resize id="8579" type="contract" space="tenure" amount="131072" count="1" timems="0.084" reason="excess free space following gc" timestamp="2019-07-02T23:05:47.781" />
<gc-end id="8580" type="global" contextid="8572" durationms="6.272" usertimems="8.000" systemtimems="0.000" timestamp="2019-07-02T23:05:47.781" activeThreads="4">
  <mem-info id="8581" free="10391448" total="16187392" percent="64">
    <mem type="tenure" free="10391448" total="16187392" percent="64">
      <mem type="soa" free="10261400" total="16025600" percent="64" />
      <mem type="loa" free="130048" total="161792" percent="80" />
    </mem>
  </mem-info>
</gc-end>
<cycle-end id="8582" type="global" contextid="8572" timestamp="2019-07-02T23:05:47.781">
  <attribute name="GC Util" value="17" />
  <attribute name="CPU Util" value="35980236772547" />
  <attribute name="Time Running"value="8342"/>
  <attribute name="Number of cores"value="4"/>
</cycle-end>
<allocation-satisfied id="8583" threadId="000000000135BD00" bytesRequested="40" />
<af-end id="8584" timestamp="2019-07-02T23:05:47.782" threadId="000000000135C688" success="true" />
<exclusive-end id="8585" timestamp="2019-07-02T23:05:47.782" durationms="7.079" />

<exclusive-start id="8586" timestamp="2019-07-02T23:05:47.786" intervalms="11.681">
  <response-info timems="0.023" idlems="0.023" threads="0" lastid="0000000001354500" lastname="Thread-8" />
</exclusive-start>
<af-start id="8587" threadId="0000000001354E88" totalBytesRequested="40" timestamp="2019-07-02T23:05:47.786" intervalms="11.669" />
<cycle-start id="8588" type="global" contextid="0" timestamp="2019-07-02T23:05:47.786" intervalms="11.625" />
  <attribute name="GC Util" value="17" />
  <attribute name="CPU Util" value="35980236772547" />
  <attribute name="Time Running"value="8342"/>
  <attribute name="Number of cores"value="4"/>
<gc-start id="8589" type="global" contextid="8588" timestamp="2019-07-02T23:05:47.786">
  <mem-info id="8590" free="130048" total="16187392" percent="0">
    <mem type="tenure" free="130048" total="16187392" percent="0">
      <mem type="soa" free="0" total="16025600" percent="0" />
      <mem type="loa" free="130048" total="161792" percent="80" />
    </mem>
  </mem-info>
</gc-start>
<allocation-stats totalBytes="10326712" >
  <allocated-bytes non-tlh="0" tlh="10326712" />
  <largest-consumer threadName="Thread-9" threadId="000000000135F900" bytes="2981824" />
</allocation-stats>
<gc-op id="8591" type="mark" timems="2.198" contextid="8588" timestamp="2019-07-02T23:05:47.789">
  <trace-info objectcount="64419" scancount="56840" scanbytes="2238020" />
  <finalization candidates="124" enqueued="0" />
  <ownableSynchronizers candidates="3" cleared="0" />
  <references type="soft" candidates="84" cleared="0" enqueued="0" dynamicThreshold="20" maxThreshold="32" />
  <references type="weak" candidates="774" cleared="0" enqueued="0" />
  <references type="phantom" candidates="63" cleared="0" enqueued="0" />
  <stringconstants candidates="4574" cleared="0"  />
</gc-op>
<gc-op id="8592" type="sweep" timems="0.713" contextid="8588" timestamp="2019-07-02T23:05:47.790" />
<heap-resize id="8593" type="contract" space="tenure" amount="131072" count="1" timems="0.080" reason="excess free space following gc" timestamp="2019-07-02T23:05:47.790" />
<gc-end id="8594" type="global" contextid="8588" durationms="3.319" usertimems="0.000" systemtimems="8.000" timestamp="2019-07-02T23:05:47.790" activeThreads="4">
  <mem-info id="8595" free="10172328" total="16056320" percent="63">
    <mem type="tenure" free="10172328" total="16056320" percent="63" micro-fragmented="7703" macro-fragmented="0">
      <mem type="soa" free="10172328" total="15896576" percent="63" />
      <mem type="loa" free="0" total="159744" percent="0" />
    </mem>
  </mem-info>
</gc-end>
<cycle-end id="8596" type="global" contextid="8588" timestamp="2019-07-02T23:05:47.790">
  <attribute name="GC Util" value="258" />
  <attribute name="CPU Util" value="8225253699099" />
  <attribute name="Time Running"value="8354"/>
  <attribute name="Number of cores"value="4"/>
</cycle-end>
<allocation-satisfied id="8597" threadId="0000000001354500" bytesRequested="40" />
<af-end id="8598" timestamp="2019-07-02T23:05:47.790" threadId="0000000001354E88" success="true" />
<exclusive-end id="8599" timestamp="2019-07-02T23:05:47.790" durationms="3.887" />

<exclusive-start id="8600" timestamp="2019-07-02T23:05:47.794" intervalms="8.270">
  <response-info timems="0.024" idlems="0.024" threads="0" lastid="0000000001358100" lastname="Thread-7" />
</exclusive-start>
<af-start id="8601" threadId="0000000001358A88" totalBytesRequested="40" timestamp="2019-07-02T23:05:47.795" intervalms="8.249" />
<cycle-start id="8602" type="global" contextid="0" timestamp="2019-07-02T23:05:47.795" intervalms="8.220" />
  <attribute name="GC Util" value="258" />
  <attribute name="CPU Util" value="8225253699099" />
  <attribute name="Time Running"value="8354"/>
  <attribute name="Number of cores"value="4"/>
<gc-start id="8603" type="global" contextid="8602" timestamp="2019-07-02T23:05:47.795">
  <mem-info id="8604" free="0" total="16056320" percent="0">
    <mem type="tenure" free="0" total="16056320" percent="0">
      <mem type="soa" free="0" total="15896576" percent="0" />
      <mem type="loa" free="0" total="159744" percent="0" />
    </mem>
  </mem-info>
</gc-start>
<allocation-stats totalBytes="10171128" >
  <allocated-bytes non-tlh="0" tlh="10171128" />
  <largest-consumer threadName="Thread-10" threadId="000000000135BD00" bytes="2604968" />
</allocation-stats>
<gc-op id="8605" type="mark" timems="2.296" contextid="8602" timestamp="2019-07-02T23:05:47.797">
  <trace-info objectcount="65133" scancount="57556" scanbytes="2255076" />
  <finalization candidates="124" enqueued="0" />
  <ownableSynchronizers candidates="3" cleared="0" />
  <references type="soft" candidates="84" cleared="0" enqueued="0" dynamicThreshold="20" maxThreshold="32" />
  <references type="weak" candidates="774" cleared="0" enqueued="0" />
  <references type="phantom" candidates="63" cleared="0" enqueued="0" />
  <stringconstants candidates="4574" cleared="0"  />
</gc-op>
<gc-op id="8606" type="sweep" timems="0.713" contextid="8602" timestamp="2019-07-02T23:05:47.798" />
<heap-resize id="8607" type="contract" space="tenure" amount="65536" count="1" timems="0.073" reason="excess free space following gc" timestamp="2019-07-02T23:05:47.798" />
<gc-end id="8608" type="global" contextid="8602" durationms="3.423" usertimems="4.000" systemtimems="4.000" timestamp="2019-07-02T23:05:47.798" activeThreads="4">
  <mem-info id="8609" free="10062520" total="15990784" percent="62">
    <mem type="tenure" free="10062520" total="15990784" percent="62" micro-fragmented="18216" macro-fragmented="0">
      <mem type="soa" free="10062520" total="15831040" percent="63" />
      <mem type="loa" free="0" total="159744" percent="0" />
    </mem>
  </mem-info>
</gc-end>
<cycle-end id="8610" type="global" contextid="8602" timestamp="2019-07-02T23:05:47.798">
  <attribute name="GC Util" value="251" />
  <attribute name="CPU Util" value="7915297615876" />
  <attribute name="Time Running"value="8362"/>
  <attribute name="Number of cores"value="4"/>
</cycle-end>
<allocation-satisfied id="8611" threadId="0000000001358100" bytesRequested="40" />
<af-end id="8612" timestamp="2019-07-02T23:05:47.798" threadId="0000000001358A88" success="true" />
<exclusive-end id="8613" timestamp="2019-07-02T23:05:47.798" durationms="4.018" />

<exclusive-start id="8614" timestamp="2019-07-02T23:05:47.803" intervalms="8.415">
  <response-info timems="0.022" idlems="0.022" threads="0" lastid="000000000135BD00" lastname="Thread-10" />
</exclusive-start>
<af-start id="8615" threadId="000000000135C688" totalBytesRequested="40" timestamp="2019-07-02T23:05:47.803" intervalms="8.446" />
<cycle-start id="8616" type="global" contextid="0" timestamp="2019-07-02T23:05:47.803" intervalms="8.448" />
  <attribute name="GC Util" value="251" />
  <attribute name="CPU Util" value="7915297615876" />
  <attribute name="Time Running"value="8362"/>
  <attribute name="Number of cores"value="4"/>
<gc-start id="8617" type="global" contextid="8616" timestamp="2019-07-02T23:05:47.803">
  <mem-info id="8618" free="0" total="15990784" percent="0">
    <mem type="tenure" free="0" total="15990784" percent="0">
      <mem type="soa" free="0" total="15831040" percent="0" />
      <mem type="loa" free="0" total="159744" percent="0" />
    </mem>
  </mem-info>
</gc-start>
<allocation-stats totalBytes="10058280" >
  <allocated-bytes non-tlh="0" tlh="10058280" />
  <largest-consumer threadName="Thread-9" threadId="000000000135F900" bytes="2702488" />
</allocation-stats>
<gc-op id="8619" type="mark" timems="1.228" contextid="8616" timestamp="2019-07-02T23:05:47.805">
  <trace-info objectcount="65915" scancount="58341" scanbytes="2274220" />
  <finalization candidates="124" enqueued="0" />
  <ownableSynchronizers candidates="3" cleared="0" />
  <references type="soft" candidates="84" cleared="0" enqueued="0" dynamicThreshold="20" maxThreshold="32" />
  <references type="weak" candidates="774" cleared="0" enqueued="0" />
  <references type="phantom" candidates="63" cleared="0" enqueued="0" />
  <stringconstants candidates="4574" cleared="0"  />
</gc-op>
<gc-op id="8620" type="sweep" timems="0.276" contextid="8616" timestamp="2019-07-02T23:05:47.805" />
<mem-info id="8621" free="10084544" total="15990784" percent="63">
  <mem type="tenure" free="10084544" total="15990784" percent="63" micro-fragmented="61831" macro-fragmented="0">
    <mem type="soa" free="10014872" total="15831040" percent="63" />
    <mem type="loa" free="69672" total="159744" percent="43" />
  </mem>
</mem-info>
<gc-op id="8622" type="compact" timems="3.453" contextid="8616" timestamp="2019-07-02T23:05:47.809">
  <compact-info movecount="9812" movebytes="375072" reason="compact to aid heap contraction" />
</gc-op>
<heap-resize id="8623" type="contract" space="tenure" amount="131072" count="1" timems="0.069" reason="excess free space following gc" timestamp="2019-07-02T23:05:47.809" />
<gc-end id="8624" type="global" contextid="8616" durationms="5.731" usertimems="8.000" systemtimems="0.000" timestamp="2019-07-02T23:05:47.809" activeThreads="4">
  <mem-info id="8625" free="10021904" total="15859712" percent="63">
    <mem type="tenure" free="10021904" total="15859712" percent="63">
      <mem type="soa" free="9892880" total="15702016" percent="63" />
      <mem type="loa" free="129024" total="157696" percent="81" />
    </mem>
  </mem-info>
</gc-end>
<cycle-end id="8626" type="global" contextid="8616" timestamp="2019-07-02T23:05:47.809">
  <attribute name="GC Util" value="21" />
  <attribute name="CPU Util" value="43541180395429" />
  <attribute name="Time Running"value="8370"/>
  <attribute name="Number of cores"value="4"/>
</cycle-end>
<allocation-satisfied id="8627" threadId="000000000135BD00" bytesRequested="40" />
<af-end id="8628" timestamp="2019-07-02T23:05:47.809" threadId="000000000135C688" success="true" />
<exclusive-end id="8629" timestamp="2019-07-02T23:05:47.809" durationms="6.412" />

<exclusive-start id="8630" timestamp="2019-07-02T23:05:47.813" intervalms="10.140">
  <response-info timems="0.023" idlems="0.023" threads="0" lastid="0000000001354500" lastname="Thread-8" />
</exclusive-start>
<af-start id="8631" threadId="0000000001354E88" totalBytesRequested="40" timestamp="2019-07-02T23:05:47.813" intervalms="10.091" />
<cycle-start id="8632" type="global" contextid="0" timestamp="2019-07-02T23:05:47.813" intervalms="10.076" />
  <attribute name="GC Util" value="21" />
  <attribute name="CPU Util" value="43541180395429" />
  <attribute name="Time Running"value="8370"/>
  <attribute name="Number of cores"value="4"/>
<gc-start id="8633" type="global" contextid="8632" timestamp="2019-07-02T23:05:47.813">
  <mem-info id="8634" free="129024" total="15859712" percent="0">
    <mem type="tenure" free="129024" total="15859712" percent="0">
      <mem type="soa" free="0" total="15702016" percent="0" />
      <mem type="loa" free="129024" total="157696" percent="81" />
    </mem>
  </mem-info>
</gc-start>
<allocation-stats totalBytes="9957544" >
  <allocated-bytes non-tlh="0" tlh="9957544" />
  <largest-consumer threadName="Thread-10" threadId="000000000135BD00" bytes="3109680" />
</allocation-stats>
<gc-op id="8635" type="mark" timems="2.002" contextid="8632" timestamp="2019-07-02T23:05:47.815">
  <trace-info objectcount="68049" scancount="60484" scanbytes="2325020" />
  <finalization candidates="124" enqueued="0" />
  <ownableSynchronizers candidates="3" cleared="0" />
  <references type="soft" candidates="84" cleared="0" enqueued="0" dynamicThreshold="20" maxThreshold="32" />
  <references type="weak" candidates="774" cleared="0" enqueued="0" />
  <references type="phantom" candidates="63" cleared="0" enqueued="0" />
  <stringconstants candidates="4574" cleared="0"  />
</gc-op>
<gc-op id="8636" type="sweep" timems="0.725" contextid="8632" timestamp="2019-07-02T23:05:47.816" />
<heap-resize id="8637" type="contract" space="tenure" amount="131072" count="1" timems="0.042" reason="excess free space following gc" timestamp="2019-07-02T23:05:47.816" />
<gc-end id="8638" type="global" contextid="8632" durationms="3.065" usertimems="8.000" systemtimems="0.000" timestamp="2019-07-02T23:05:47.816" activeThreads="4">
  <mem-info id="8639" free="9858792" total="15728640" percent="62">
    <mem type="tenure" free="9858792" total="15728640" percent="62" micro-fragmented="17480" macro-fragmented="0">
      <mem type="soa" free="9749520" total="15571968" percent="62" />
      <mem type="loa" free="109272" total="156672" percent="69" />
    </mem>
  </mem-info>
</gc-end>
<cycle-end id="8640" type="global" contextid="8632" timestamp="2019-07-02T23:05:47.816">
  <attribute name="GC Util" value="257" />
  <attribute name="CPU Util" value="8968967033886" />
  <attribute name="Time Running"value="8380"/>
  <attribute name="Number of cores"value="4"/>
</cycle-end>
<allocation-satisfied id="8641" threadId="0000000001354500" bytesRequested="40" />
<af-end id="8642" timestamp="2019-07-02T23:05:47.816" threadId="0000000001354E88" success="true" />
<exclusive-end id="8643" timestamp="2019-07-02T23:05:47.816" durationms="3.464" />

<exclusive-start id="8644" timestamp="2019-07-02T23:05:47.820" intervalms="7.374">
  <response-info timems="0.022" idlems="0.022" threads="0" lastid="0000000001358100" lastname="Thread-7" />
</exclusive-start>
<af-start id="8645" threadId="0000000001358A88" totalBytesRequested="40" timestamp="2019-07-02T23:05:47.820" intervalms="7.384" />
<cycle-start id="8646" type="global" contextid="0" timestamp="2019-07-02T23:05:47.821" intervalms="7.393" />
  <attribute name="GC Util" value="257" />
  <attribute name="CPU Util" value="8968967033886" />
  <attribute name="Time Running"value="8380"/>
  <attribute name="Number of cores"value="4"/>
<gc-start id="8647" type="global" contextid="8646" timestamp="2019-07-02T23:05:47.821">
  <mem-info id="8648" free="109272" total="15728640" percent="0">
    <mem type="tenure" free="109272" total="15728640" percent="0">
      <mem type="soa" free="0" total="15571968" percent="0" />
      <mem type="loa" free="109272" total="156672" percent="69" />
    </mem>
  </mem-info>
</gc-start>
<allocation-stats totalBytes="9747312" >
  <allocated-bytes non-tlh="19056" tlh="9728256" />
  <largest-consumer threadName="Thread-10" threadId="000000000135BD00" bytes="3130896" />
</allocation-stats>
<gc-op id="8649" type="mark" timems="2.007" contextid="8646" timestamp="2019-07-02T23:05:47.823">
  <trace-info objectcount="65017" scancount="57436" scanbytes="2252396" />
  <finalization candidates="124" enqueued="0" />
  <ownableSynchronizers candidates="3" cleared="0" />
  <references type="soft" candidates="84" cleared="0" enqueued="0" dynamicThreshold="20" maxThreshold="32" />
  <references type="weak" candidates="774" cleared="0" enqueued="0" />
  <references type="phantom" candidates="63" cleared="0" enqueued="0" />
  <stringconstants candidates="4574" cleared="0"  />
</gc-op>
<gc-op id="8650" type="sweep" timems="0.698" contextid="8646" timestamp="2019-07-02T23:05:47.824" />
<heap-resize id="8651" type="contract" space="tenure" amount="131072" count="1" timems="0.092" reason="excess free space following gc" timestamp="2019-07-02T23:05:47.824" />
<gc-end id="8652" type="global" contextid="8646" durationms="3.338" usertimems="4.000" systemtimems="4.000" timestamp="2019-07-02T23:05:47.824" activeThreads="4">
  <mem-info id="8653" free="9663192" total="15597568" percent="61">
    <mem type="tenure" free="9663192" total="15597568" percent="61" micro-fragmented="40666" macro-fragmented="0">
      <mem type="soa" free="9663192" total="15441920" percent="62" />
      <mem type="loa" free="0" total="155648" percent="0" />
    </mem>
  </mem-info>
</gc-end>
<cycle-end id="8654" type="global" contextid="8646" timestamp="2019-07-02T23:05:47.824">
  <attribute name="GC Util" value="251" />
  <attribute name="CPU Util" value="8783544572509" />
  <attribute name="Time Running"value="8388"/>
  <attribute name="Number of cores"value="4"/>
</cycle-end>
<allocation-satisfied id="8655" threadId="0000000001358100" bytesRequested="40" />
<af-end id="8656" timestamp="2019-07-02T23:05:47.824" threadId="0000000001358A88" success="true" />
<exclusive-end id="8657" timestamp="2019-07-02T23:05:47.824" durationms="4.074" />

<exclusive-start id="8658" timestamp="2019-07-02T23:05:47.829" intervalms="8.331">
  <response-info timems="0.024" idlems="0.024" threads="0" lastid="0000000001358100" lastname="Thread-7" />
</exclusive-start>
<af-start id="8659" threadId="0000000001358A88" totalBytesRequested="40" timestamp="2019-07-02T23:05:47.829" intervalms="8.363" />
<cycle-start id="8660" type="global" contextid="0" timestamp="2019-07-02T23:05:47.829" intervalms="8.434" />
  <attribute name="GC Util" value="251" />
  <attribute name="CPU Util" value="8783544572509" />
  <attribute name="Time Running"value="8388"/>
  <attribute name="Number of cores"value="4"/>
<gc-start id="8661" type="global" contextid="8660" timestamp="2019-07-02T23:05:47.829">
  <mem-info id="8662" free="0" total="15597568" percent="0">
    <mem type="tenure" free="0" total="15597568" percent="0">
      <mem type="soa" free="0" total="15441920" percent="0" />
      <mem type="loa" free="0" total="155648" percent="0" />
    </mem>
  </mem-info>
</gc-start>
<allocation-stats totalBytes="9661616" >
  <allocated-bytes non-tlh="0" tlh="9661616" />
  <largest-consumer threadName="Thread-7" threadId="0000000001358100" bytes="2529352" />
</allocation-stats>
<gc-op id="8663" type="mark" timems="1.902" contextid="8660" timestamp="2019-07-02T23:05:47.831">
  <trace-info objectcount="65624" scancount="58042" scanbytes="2267172" />
  <finalization candidates="124" enqueued="0" />
  <ownableSynchronizers candidates="3" cleared="0" />
  <references type="soft" candidates="84" cleared="0" enqueued="0" dynamicThreshold="19" maxThreshold="32" />
  <references type="weak" candidates="774" cleared="0" enqueued="0" />
  <references type="phantom" candidates="63" cleared="0" enqueued="0" />
  <stringconstants candidates="4574" cleared="0"  />
</gc-op>
<gc-op id="8664" type="sweep" timems="0.737" contextid="8660" timestamp="2019-07-02T23:05:47.832" />
<mem-info id="8665" free="9613216" total="15597568" percent="61">
  <mem type="tenure" free="9613216" total="15597568" percent="61" micro-fragmented="41537" macro-fragmented="0">
    <mem type="soa" free="9613216" total="15441920" percent="62" />
    <mem type="loa" free="0" total="155648" percent="0" />
  </mem>
</mem-info>
<gc-op id="8666" type="compact" timems="5.684" contextid="8660" timestamp="2019-07-02T23:05:47.838">
  <compact-info movecount="25883" movebytes="1172840" reason="compact to aid heap contraction" />
</gc-op>
<heap-resize id="8667" type="contract" space="tenure" amount="131072" count="1" timems="0.079" reason="excess free space following gc" timestamp="2019-07-02T23:05:47.838" />
<gc-end id="8668" type="global" contextid="8660" durationms="9.205" usertimems="12.000" systemtimems="0.000" timestamp="2019-07-02T23:05:47.838" activeThreads="4">
  <mem-info id="8669" free="9639832" total="15466496" percent="62">
    <mem type="tenure" free="9639832" total="15466496" percent="62">
      <mem type="soa" free="9509784" total="15311872" percent="62" />
      <mem type="loa" free="130048" total="154624" percent="84" />
    </mem>
  </mem-info>
</gc-end>
<cycle-end id="8670" type="global" contextid="8660" timestamp="2019-07-02T23:05:47.838">
  <attribute name="GC Util" value="142" />
  <attribute name="CPU Util" value="18048591634557" />
  <attribute name="Time Running"value="8397"/>
  <attribute name="Number of cores"value="4"/>
</cycle-end>
<allocation-satisfied id="8671" threadId="0000000001358100" bytesRequested="40" />
<af-end id="8672" timestamp="2019-07-02T23:05:47.839" threadId="0000000001358A88" success="true" />
<exclusive-end id="8673" timestamp="2019-07-02T23:05:47.839" durationms="9.947" />

<exclusive-start id="8674" timestamp="2019-07-02T23:05:47.842" intervalms="13.580">
  <response-info timems="0.023" idlems="0.021" threads="1" lastid="000000000135BD00" lastname="Thread-10" />
</exclusive-start>
<af-start id="8675" threadId="0000000001354E88" totalBytesRequested="40" timestamp="2019-07-02T23:05:47.842" intervalms="13.576" />
<cycle-start id="8676" type="global" contextid="0" timestamp="2019-07-02T23:05:47.843" intervalms="13.542" />
  <attribute name="GC Util" value="142" />
  <attribute name="CPU Util" value="18048591634557" />
  <attribute name="Time Running"value="8397"/>
  <attribute name="Number of cores"value="4"/>
<gc-start id="8677" type="global" contextid="8676" timestamp="2019-07-02T23:05:47.843">
  <mem-info id="8678" free="130048" total="15466496" percent="0">
    <mem type="tenure" free="130048" total="15466496" percent="0">
      <mem type="soa" free="0" total="15311872" percent="0" />
      <mem type="loa" free="130048" total="154624" percent="84" />
    </mem>
  </mem-info>
</gc-start>
<allocation-stats totalBytes="9574920" >
  <allocated-bytes non-tlh="0" tlh="9574920" />
  <largest-consumer threadName="Thread-9" threadId="000000000135F900" bytes="2850752" />
</allocation-stats>
<gc-op id="8679" type="mark" timems="2.076" contextid="8676" timestamp="2019-07-02T23:05:47.845">
  <trace-info objectcount="66399" scancount="58816" scanbytes="2284940" />
  <finalization candidates="124" enqueued="0" />
  <ownableSynchronizers candidates="3" cleared="0" />
  <references type="soft" candidates="84" cleared="0" enqueued="0" dynamicThreshold="19" maxThreshold="32" />
  <references type="weak" candidates="774" cleared="0" enqueued="0" />
  <references type="phantom" candidates="63" cleared="0" enqueued="0" />
  <stringconstants candidates="4574" cleared="0"  />
</gc-op>
<gc-op id="8680" type="sweep" timems="0.740" contextid="8676" timestamp="2019-07-02T23:05:47.846" />
<heap-resize id="8681" type="contract" space="tenure" amount="131072" count="1" timems="0.075" reason="excess free space following gc" timestamp="2019-07-02T23:05:47.846" />
<gc-end id="8682" type="global" contextid="8676" durationms="3.218" usertimems="4.000" systemtimems="4.000" timestamp="2019-07-02T23:05:47.846" activeThreads="4">
  <mem-info id="8683" free="9500304" total="15335424" percent="61">
    <mem type="tenure" free="9500304" total="15335424" percent="61" micro-fragmented="19062" macro-fragmented="0">
      <mem type="soa" free="9418192" total="15182848" percent="62" />
      <mem type="loa" free="82112" total="152576" percent="53" />
    </mem>
  </mem-info>
</gc-end>
<cycle-end id="8684" type="global" contextid="8676" timestamp="2019-07-02T23:05:47.846">
  <attribute name="GC Util" value="253" />
  <attribute name="CPU Util" value="8707097496853" />
  <attribute name="Time Running"value="8410"/>
  <attribute name="Number of cores"value="4"/>
</cycle-end>
<allocation-satisfied id="8685" threadId="0000000001354500" bytesRequested="40" />
<af-end id="8686" timestamp="2019-07-02T23:05:47.846" threadId="0000000001354E88" success="true" />
<exclusive-end id="8687" timestamp="2019-07-02T23:05:47.846" durationms="3.808" />

<exclusive-start id="8688" timestamp="2019-07-02T23:05:47.850" intervalms="7.663">
  <response-info timems="0.022" idlems="0.022" threads="0" lastid="000000000135BD00" lastname="Thread-10" />
</exclusive-start>
<af-start id="8689" threadId="000000000135C688" totalBytesRequested="24" timestamp="2019-07-02T23:05:47.850" intervalms="7.670" />
<cycle-start id="8690" type="global" contextid="0" timestamp="2019-07-02T23:05:47.850" intervalms="7.639" />
  <attribute name="GC Util" value="253" />
  <attribute name="CPU Util" value="8707097496853" />
  <attribute name="Time Running"value="8410"/>
  <attribute name="Number of cores"value="4"/>
<gc-start id="8691" type="global" contextid="8690" timestamp="2019-07-02T23:05:47.850">
  <mem-info id="8692" free="82112" total="15335424" percent="0">
    <mem type="tenure" free="82112" total="15335424" percent="0">
      <mem type="soa" free="0" total="15182848" percent="0" />
      <mem type="loa" free="82112" total="152576" percent="53" />
    </mem>
  </mem-info>
</gc-start>
<allocation-stats totalBytes="9414784" >
  <allocated-bytes non-tlh="0" tlh="9414784" />
  <largest-consumer threadName="Thread-7" threadId="0000000001358100" bytes="2813288" />
</allocation-stats>
<gc-op id="8693" type="mark" timems="1.157" contextid="8690" timestamp="2019-07-02T23:05:47.852">
  <trace-info objectcount="63784" scancount="56207" scanbytes="2222828" />
  <finalization candidates="124" enqueued="0" />
  <ownableSynchronizers candidates="3" cleared="0" />
  <references type="soft" candidates="84" cleared="0" enqueued="0" dynamicThreshold="19" maxThreshold="32" />
  <references type="weak" candidates="774" cleared="0" enqueued="0" />
  <references type="phantom" candidates="63" cleared="0" enqueued="0" />
  <stringconstants candidates="4574" cleared="0"  />
</gc-op>
<gc-op id="8694" type="sweep" timems="0.242" contextid="8690" timestamp="2019-07-02T23:05:47.852" />
<heap-resize id="8695" type="contract" space="tenure" amount="131072" count="1" timems="0.082" reason="excess free space following gc" timestamp="2019-07-02T23:05:47.852" />
<gc-end id="8696" type="global" contextid="8690" durationms="2.029" usertimems="4.000" systemtimems="0.000" timestamp="2019-07-02T23:05:47.852" activeThreads="4">
  <mem-info id="8697" free="9340960" total="15204352" percent="61">
    <mem type="tenure" free="9340960" total="15204352" percent="61" micro-fragmented="45760" macro-fragmented="0">
      <mem type="soa" free="9269640" total="15052800" percent="61" />
      <mem type="loa" free="71320" total="151552" percent="47" />
    </mem>
  </mem-info>
</gc-end>
<cycle-end id="8698" type="global" contextid="8690" timestamp="2019-07-02T23:05:47.852">
  <attribute name="GC Util" value="190" />
  <attribute name="CPU Util" value="14807348923620" />
  <attribute name="Time Running"value="8417"/>
  <attribute name="Number of cores"value="4"/>
</cycle-end>
<allocation-satisfied id="8699" threadId="000000000135BD00" bytesRequested="24" />
<af-end id="8700" timestamp="2019-07-02T23:05:47.853" threadId="000000000135C688" success="true" />
<exclusive-end id="8701" timestamp="2019-07-02T23:05:47.853" durationms="2.686" />

<exclusive-start id="8702" timestamp="2019-07-02T23:05:47.856" intervalms="6.417">
  <response-info timems="0.023" idlems="0.023" threads="2" lastid="000000000135F900" lastname="Thread-9" />
</exclusive-start>
<af-start id="8703" threadId="0000000001358A88" totalBytesRequested="40" timestamp="2019-07-02T23:05:47.857" intervalms="6.415" />
<cycle-start id="8704" type="global" contextid="0" timestamp="2019-07-02T23:05:47.857" intervalms="6.442" />
  <attribute name="GC Util" value="190" />
  <attribute name="CPU Util" value="14807348923620" />
  <attribute name="Time Running"value="8417"/>
  <attribute name="Number of cores"value="4"/>
<gc-start id="8705" type="global" contextid="8704" timestamp="2019-07-02T23:05:47.857">
  <mem-info id="8706" free="71320" total="15204352" percent="0">
    <mem type="tenure" free="71320" total="15204352" percent="0">
      <mem type="soa" free="0" total="15052800" percent="0" />
      <mem type="loa" free="71320" total="151552" percent="47" />
    </mem>
  </mem-info>
</gc-start>
<allocation-stats totalBytes="9274680" >
  <allocated-bytes non-tlh="0" tlh="9274680" />
  <largest-consumer threadName="Thread-8" threadId="0000000001354500" bytes="2897744" />
</allocation-stats>
<gc-op id="8707" type="mark" timems="2.153" contextid="8704" timestamp="2019-07-02T23:05:47.859">
  <trace-info objectcount="65880" scancount="58285" scanbytes="2273204" />
  <finalization candidates="124" enqueued="0" />
  <ownableSynchronizers candidates="3" cleared="0" />
  <references type="soft" candidates="84" cleared="0" enqueued="0" dynamicThreshold="19" maxThreshold="32" />
  <references type="weak" candidates="774" cleared="0" enqueued="0" />
  <references type="phantom" candidates="63" cleared="0" enqueued="0" />
  <stringconstants candidates="4574" cleared="0"  />
</gc-op>
<gc-op id="8708" type="sweep" timems="0.809" contextid="8704" timestamp="2019-07-02T23:05:47.860" />
<gc-end id="8709" type="global" contextid="8704" durationms="3.368" usertimems="4.000" systemtimems="4.000" timestamp="2019-07-02T23:05:47.860" activeThreads="4">
  <mem-info id="8710" free="9323976" total="15204352" percent="61">
    <mem type="tenure" free="9323976" total="15204352" percent="61" micro-fragmented="51145" macro-fragmented="0">
      <mem type="soa" free="9183768" total="15052800" percent="61" />
      <mem type="loa" free="140208" total="151552" percent="92" />
    </mem>
  </mem-info>
</gc-end>
<cycle-end id="8711" type="global" contextid="8704" timestamp="2019-07-02T23:05:47.860">
  <attribute name="GC Util" value="237" />
  <attribute name="CPU Util" value="8182598446690" />
  <attribute name="Time Running"value="8424"/>
  <attribute name="Number of cores"value="4"/>
</cycle-end>
<allocation-satisfied id="8712" threadId="0000000001358100" bytesRequested="40" />
<af-end id="8713" timestamp="2019-07-02T23:05:47.861" threadId="0000000001358A88" success="true" />
<exclusive-end id="8714" timestamp="2019-07-02T23:05:47.861" durationms="4.274" />

<exclusive-start id="8715" timestamp="2019-07-02T23:05:47.865" intervalms="8.562">
  <response-info timems="0.025" idlems="0.024" threads="2" lastid="0000000001354500" lastname="Thread-8" />
</exclusive-start>
<af-start id="8716" threadId="0000000001358A88" totalBytesRequested="40" timestamp="2019-07-02T23:05:47.865" intervalms="8.597" />
<cycle-start id="8717" type="global" contextid="0" timestamp="2019-07-02T23:05:47.865" intervalms="8.610" />
  <attribute name="GC Util" value="237" />
  <attribute name="CPU Util" value="8182598446690" />
  <attribute name="Time Running"value="8424"/>
  <attribute name="Number of cores"value="4"/>
<gc-start id="8718" type="global" contextid="8717" timestamp="2019-07-02T23:05:47.865">
  <mem-info id="8719" free="140208" total="15204352" percent="0">
    <mem type="tenure" free="140208" total="15204352" percent="0">
      <mem type="soa" free="0" total="15052800" percent="0" />
      <mem type="loa" free="140208" total="151552" percent="92" />
    </mem>
  </mem-info>
</gc-start>
<allocation-stats totalBytes="9185072" >
  <allocated-bytes non-tlh="19056" tlh="9166016" />
  <largest-consumer threadName="Thread-8" threadId="0000000001354500" bytes="2577808" />
</allocation-stats>
<gc-op id="8720" type="mark" timems="1.941" contextid="8717" timestamp="2019-07-02T23:05:47.867">
  <trace-info objectcount="61877" scancount="54303" scanbytes="2177268" />
  <finalization candidates="124" enqueued="0" />
  <ownableSynchronizers candidates="3" cleared="0" />
  <references type="soft" candidates="84" cleared="0" enqueued="0" dynamicThreshold="19" maxThreshold="32" />
  <references type="weak" candidates="774" cleared="0" enqueued="0" />
  <references type="phantom" candidates="63" cleared="0" enqueued="0" />
  <stringconstants candidates="4574" cleared="0"  />
</gc-op>
<gc-op id="8721" type="sweep" timems="0.760" contextid="8717" timestamp="2019-07-02T23:05:47.868" />
<heap-resize id="8722" type="contract" space="tenure" amount="131072" count="1" timems="0.083" reason="excess free space following gc" timestamp="2019-07-02T23:05:47.869" />
<gc-end id="8723" type="global" contextid="8717" durationms="3.417" usertimems="4.000" systemtimems="4.000" timestamp="2019-07-02T23:05:47.869" activeThreads="4">
  <mem-info id="8724" free="9162512" total="15073280" percent="60">
    <mem type="tenure" free="9162512" total="15073280" percent="60" micro-fragmented="115901" macro-fragmented="23868">
      <mem type="soa" free="9162512" total="14922752" percent="61" />
      <mem type="loa" free="0" total="150528" percent="0" />
    </mem>
  </mem-info>
</gc-end>
<cycle-end id="8725" type="global" contextid="8717" timestamp="2019-07-02T23:05:47.869">
  <attribute name="GC Util" value="244" />
  <attribute name="CPU Util" value="9067978370029" />
  <attribute name="Time Running"value="8432"/>
  <attribute name="Number of cores"value="4"/>
</cycle-end>
<allocation-satisfied id="8726" threadId="0000000001358100" bytesRequested="40" />
<af-end id="8727" timestamp="2019-07-02T23:05:47.869" threadId="0000000001358A88" success="true" />
<exclusive-end id="8728" timestamp="2019-07-02T23:05:47.869" durationms="4.155" />

<exclusive-start id="8729" timestamp="2019-07-02T23:05:47.873" intervalms="8.009">
  <response-info timems="0.028" idlems="0.028" threads="0" lastid="0000000001354500" lastname="Thread-8" />
</exclusive-start>
<af-start id="8730" threadId="0000000001354E88" totalBytesRequested="40" timestamp="2019-07-02T23:05:47.873" intervalms="7.970" />
<cycle-start id="8731" type="global" contextid="0" timestamp="2019-07-02T23:05:47.873" intervalms="7.964" />
  <attribute name="GC Util" value="244" />
  <attribute name="CPU Util" value="9067978370029" />
  <attribute name="Time Running"value="8432"/>
  <attribute name="Number of cores"value="4"/>
<gc-start id="8732" type="global" contextid="8731" timestamp="2019-07-02T23:05:47.873">
  <mem-info id="8733" free="0" total="15073280" percent="0">
    <mem type="tenure" free="0" total="15073280" percent="0">
      <mem type="soa" free="0" total="14922752" percent="0" />
      <mem type="loa" free="0" total="150528" percent="0" />
    </mem>
  </mem-info>
</gc-start>
<allocation-stats totalBytes="9157976" >
  <allocated-bytes non-tlh="0" tlh="9157976" />
  <largest-consumer threadName="Thread-9" threadId="000000000135F900" bytes="2705992" />
</allocation-stats>
<gc-op id="8734" type="mark" timems="2.315" contextid="8731" timestamp="2019-07-02T23:05:47.876">
  <trace-info objectcount="62412" scancount="54848" scanbytes="2190028" />
  <finalization candidates="124" enqueued="0" />
  <ownableSynchronizers candidates="3" cleared="0" />
  <references type="soft" candidates="84" cleared="0" enqueued="0" dynamicThreshold="19" maxThreshold="32" />
  <references type="weak" candidates="774" cleared="0" enqueued="0" />
  <references type="phantom" candidates="63" cleared="0" enqueued="0" />
  <stringconstants candidates="4574" cleared="0"  />
</gc-op>
<gc-op id="8735" type="sweep" timems="0.772" contextid="8731" timestamp="2019-07-02T23:05:47.877" />
<gc-end id="8736" type="global" contextid="8731" durationms="3.489" usertimems="8.000" systemtimems="0.000" timestamp="2019-07-02T23:05:47.877" activeThreads="4">
  <mem-info id="8737" free="9086912" total="15073280" percent="60">
    <mem type="tenure" free="9086912" total="15073280" percent="60" micro-fragmented="145273" macro-fragmented="31744">
      <mem type="soa" free="9086912" total="14922752" percent="60" />
      <mem type="loa" free="0" total="150528" percent="0" />
    </mem>
  </mem-info>
</gc-end>
<cycle-end id="8738" type="global" contextid="8731" timestamp="2019-07-02T23:05:47.877">
  <attribute name="GC Util" value="241" />
  <attribute name="CPU Util" value="7692893664999" />
  <attribute name="Time Running"value="8441"/>
  <attribute name="Number of cores"value="4"/>
</cycle-end>
<allocation-satisfied id="8739" threadId="0000000001354500" bytesRequested="40" />
<af-end id="8740" timestamp="2019-07-02T23:05:47.877" threadId="0000000001354E88" success="true" />
<exclusive-end id="8741" timestamp="2019-07-02T23:05:47.877" durationms="4.093" />

<exclusive-start id="8742" timestamp="2019-07-02T23:05:47.881" intervalms="8.276">
  <response-info timems="0.039" idlems="0.039" threads="0" lastid="000000000135BD00" lastname="Thread-10" />
</exclusive-start>
<af-start id="8743" threadId="000000000135C688" totalBytesRequested="24" timestamp="2019-07-02T23:05:47.881" intervalms="8.282" />
<cycle-start id="8744" type="global" contextid="0" timestamp="2019-07-02T23:05:47.881" intervalms="8.240" />
  <attribute name="GC Util" value="241" />
  <attribute name="CPU Util" value="7692893664999" />
  <attribute name="Time Running"value="8441"/>
  <attribute name="Number of cores"value="4"/>
<gc-start id="8745" type="global" contextid="8744" timestamp="2019-07-02T23:05:47.881">
  <mem-info id="8746" free="0" total="15073280" percent="0">
    <mem type="tenure" free="0" total="15073280" percent="0">
      <mem type="soa" free="0" total="14922752" percent="0" />
      <mem type="loa" free="0" total="150528" percent="0" />
    </mem>
  </mem-info>
</gc-start>
<allocation-stats totalBytes="9079520" >
  <allocated-bytes non-tlh="0" tlh="9079520" />
  <largest-consumer threadName="Thread-7" threadId="0000000001358100" bytes="2375192" />
</allocation-stats>
<gc-op id="8747" type="mark" timems="1.020" contextid="8744" timestamp="2019-07-02T23:05:47.883">
  <trace-info objectcount="62940" scancount="55351" scanbytes="2202052" />
  <finalization candidates="124" enqueued="0" />
  <ownableSynchronizers candidates="3" cleared="0" />
  <references type="soft" candidates="84" cleared="0" enqueued="0" dynamicThreshold="19" maxThreshold="32" />
  <references type="weak" candidates="774" cleared="0" enqueued="0" />
