<?xml version="1.0" ?>

<verbosegc xmlns="http://www.ibm.com/j9/verbosegc" version="08cc62e_CMPRSS">

<initialized id="1" timestamp="2019-08-03T01:08:14.497">
  <attribute name="gcPolicy" value="-Xgcpolicy:optthruput" />
  <attribute name="elasticGC enabled" value="1" />
  <attribute name= "numThreadsSpecified" value="0" />
  <attribute name="heapSize specified" value="0" />
  <attribute name= "numCores" value="0" />
  <attribute name ="GC Interval" value="0" />
  <attribute name="GC Util Range Max" value="0" />
  <attribute name="Current GC Util" value="0" />
  <attribute name= "Current Time Running" value="0" />
  <attribute name="maxHeapSize" value="0x7cba0000" />
  <attribute name="initialHeapSize" value="0x800000" />
  <attribute name="compressedRefs" value="true" />
  <attribute name="compressedRefsDisplacement" value="0x0" />
  <attribute name="compressedRefsShift" value="0x0" />
  <attribute name="pageSize" value="0x1000" />
  <attribute name="pageType" value="not used" />
  <attribute name="requestedPageSize" value="0x1000" />
  <attribute name="requestedPageType" value="not used" />
  <attribute name="gcthreads" value="8" />
  <attribute name="packetListSplit" value="8" />
  <attribute name="cacheListSplit" value="8" />
  <attribute name="splitFreeListSplitAmount" value="1" />
  <attribute name="numaNodes" value="0" />
  <system>
    <attribute name="physicalMemory" value="8370401280" />
    <attribute name="numCPUs" value="8" />
    <attribute name="architecture" value="amd64" />
    <attribute name="os" value="Linux" />
    <attribute name="osVersion" value="4.4.0-154-generic" />
  </system>
  <vmargs>
    <vmarg name="-Xoptionsfile=/vagrant/jdk/lib/options.default" />
    <vmarg name="-Xlockword:mode=default,noLockword=java/lang/String,noLockword=java/util/MapEntry,noLockword=java/util/HashMap$Entry,noLockword..." />
    <vmarg name="-Xjcl:jclse29" />
    <vmarg name="-Dcom.ibm.oti.vm.bootstrap.library.path=/vagrant/jdk/lib/compressedrefs:/vagrant/jdk/lib" />
    <vmarg name="-Dsun.boot.library.path=/vagrant/jdk/lib/compressedrefs:/vagrant/jdk/lib" />
    <vmarg name="-Djava.library.path=/vagrant/jdk/lib/compressedrefs:/vagrant/jdk/lib:/usr/lib64:/usr/lib" />
    <vmarg name="-Djava.home=/vagrant/jdk" />
    <vmarg name="-Duser.dir=/vagrant" />
    <vmarg name="-Xgcpolicy:optthruput" />
    <vmarg name="-Xgcelastic" />
    <vmarg name="-Xcheck:gc:::elasticGC" />
    <vmarg name="-verbose:gc" />
    <vmarg name="-Xloggc:jdkP-small-OTT-8core-verbose5jython.txt" />
    <vmarg name="-Djava.class.path=dacapo-9.12-MR1-bach.jar" />
    <vmarg name="-Dsun.java.command=dacapo-9.12-MR1-bach.jar jython --size=small" />
    <vmarg name="-Dsun.java.launcher=SUN_STANDARD" />
    <vmarg name="-Dsun.java.launcher.pid=407" />
  </vmargs>
</initialized>

<exclusive-start id="2" timestamp="2019-08-03T01:08:15.879" intervalms="1381.861">
  <response-info timems="0.021" idlems="0.021" threads="0" lastid="0000000001811A00" lastname="main" />
</exclusive-start>
<af-start id="3" threadId="0000000001812388" totalBytesRequested="2056" timestamp="2019-08-03T01:08:15.880" intervalms="1382.095" />
<cycle-start id="4" type="global" contextid="0" timestamp="2019-08-03T01:08:15.880" intervalms="1382.253" />
<gc-start id="5" type="global" contextid="4" timestamp="2019-08-03T01:08:15.880">
  <mem-info id="6" free="418816" total="8388608" percent="4">
    <mem type="tenure" free="418816" total="8388608" percent="4">
      <mem type="soa" free="0" total="7969792" percent="0" />
      <mem type="loa" free="418816" total="418816" percent="100" />
    </mem>
  </mem-info>
</gc-start>
<allocation-stats totalBytes="7881624" >
  <allocated-bytes non-tlh="357688" tlh="7523936" />
  <largest-consumer threadName="main" threadId="0000000001811A00" bytes="7792856" />
</allocation-stats>
<gc-op id="7" type="mark" timems="2.871" contextid="4" timestamp="2019-08-03T01:08:15.883">
  <trace-info objectcount="17696" scancount="14631" scanbytes="461688" />
  <finalization candidates="14" enqueued="1" />
  <references type="soft" candidates="63" cleared="0" enqueued="0" dynamicThreshold="32" maxThreshold="32" />
  <references type="weak" candidates="544" cleared="401" enqueued="362" />
  <references type="phantom" candidates="105" cleared="44" enqueued="44" />
  <stringconstants candidates="2406" cleared="0"  />
</gc-op>
<gc-op id="8" type="classunload" timems="0.121" contextid="4" timestamp="2019-08-03T01:08:15.883">
  <classunload-info classloadercandidates="5" classloadersunloaded="0" classesunloaded="0" anonymousclassesunloaded="0" quiescems="0.000" setupms="0.120" scanms="0.001" postms="0.000" />
</gc-op>
<gc-op id="9" type="sweep" timems="0.739" contextid="4" timestamp="2019-08-03T01:08:15.884" />
<gc-end id="10" type="global" contextid="4" durationms="5.156" usertimems="8.000" systemtimems="0.000" timestamp="2019-08-03T01:08:15.885" activeThreads="8">
  <mem-info id="11" free="7184368" total="8388608" percent="85">
    <mem type="tenure" free="7184368" total="8388608" percent="85" micro-fragmented="177448" macro-fragmented="0">
      <mem type="soa" free="6765552" total="7969792" percent="84" />
      <mem type="loa" free="418816" total="418816" percent="100" />
    </mem>
    <pending-finalizers system="1" default="0" reference="406" classloader="0" />
  </mem-info>
</gc-end>
<cycle-end id="12" type="global" contextid="4" timestamp="2019-08-03T01:08:15.885" />
  <attribute name="elasticGC enabled" value="1" />
  <attribute name= "numThreadsSpecified" value="0" />
  <attribute name="heapSize specified" value="0" />
  <attribute name= "numCores" value="8" />
  <attribute name ="GC Interval" value="0" />
  <attribute name ="Control flow" value="1" />
  <attribute name="GC Util Range Max" value="93" />
  <attribute name="Current GC Util" value="35" />
  <attribute name= "Current Time Running" value="4" />
<allocation-satisfied id="13" threadId="0000000001811A00" bytesRequested="2056" />
<af-end id="14" timestamp="2019-08-03T01:08:15.885" threadId="0000000001812388" success="true" />
<exclusive-end id="15" timestamp="2019-08-03T01:08:15.885" durationms="6.002" />

<exclusive-start id="16" timestamp="2019-08-03T01:08:16.454" intervalms="574.316">
  <response-info timems="0.067" idlems="0.067" threads="0" lastid="0000000001811A00" lastname="main" />
</exclusive-start>
<af-start id="17" threadId="0000000001812388" totalBytesRequested="88" timestamp="2019-08-03T01:08:16.454" intervalms="574.197" />
<cycle-start id="18" type="global" contextid="0" timestamp="2019-08-03T01:08:16.454" intervalms="574.134" />
<gc-start id="19" type="global" contextid="18" timestamp="2019-08-03T01:08:16.454">
  <mem-info id="20" free="418816" total="8388608" percent="4">
    <mem type="tenure" free="418816" total="8388608" percent="4">
      <mem type="soa" free="0" total="7969792" percent="0" />
      <mem type="loa" free="418816" total="418816" percent="100" />
    </mem>
  </mem-info>
</gc-start>
<allocation-stats totalBytes="6513792" >
  <allocated-bytes non-tlh="544392" tlh="5969400" />
  <largest-consumer threadName="main" threadId="0000000001811A00" bytes="6504552" />
</allocation-stats>
<gc-op id="21" type="mark" timems="1.173" contextid="18" timestamp="2019-08-03T01:08:16.455">
  <trace-info objectcount="17660" scancount="14532" scanbytes="467856" />
  <finalization candidates="13" enqueued="0" />
  <references type="soft" candidates="66" cleared="0" enqueued="0" dynamicThreshold="27" maxThreshold="32" />
  <references type="weak" candidates="170" cleared="28" enqueued="28" />
  <references type="phantom" candidates="86" cleared="1" enqueued="1" />
  <stringconstants candidates="2486" cleared="0"  />
</gc-op>
<gc-op id="22" type="sweep" timems="0.229" contextid="18" timestamp="2019-08-03T01:08:16.456" />
<gc-end id="23" type="global" contextid="18" durationms="2.104" usertimems="0.000" systemtimems="4.000" timestamp="2019-08-03T01:08:16.456" activeThreads="8">
  <mem-info id="24" free="6697096" total="8388608" percent="79">
    <mem type="tenure" free="6697096" total="8388608" percent="79" micro-fragmented="205056" macro-fragmented="0">
      <mem type="soa" free="6278280" total="7969792" percent="78" />
      <mem type="loa" free="418816" total="418816" percent="100" />
    </mem>
    <pending-finalizers system="0" default="0" reference="29" classloader="0" />
  </mem-info>
</gc-end>
<cycle-end id="25" type="global" contextid="18" timestamp="2019-08-03T01:08:16.456" />
  <attribute name="elasticGC enabled" value="1" />
  <attribute name= "numThreadsSpecified" value="1" />
  <attribute name="heapSize specified" value="0" />
  <attribute name= "numCores" value="8" />
  <attribute name ="GC Interval" value="0" />
  <attribute name ="Control flow" value="2" />
  <attribute name="GC Util Range Max" value="93" />
  <attribute name="Current GC Util" value="33" />
  <attribute name= "Current Time Running" value="575" />
<allocation-satisfied id="26" threadId="0000000001811A00" bytesRequested="88" />
<af-end id="27" timestamp="2019-08-03T01:08:16.456" threadId="0000000001812388" success="true" />
<exclusive-end id="28" timestamp="2019-08-03T01:08:16.456" durationms="2.749" />

<exclusive-start id="29" timestamp="2019-08-03T01:08:16.653" intervalms="199.072">
  <response-info timems="0.035" idlems="0.035" threads="0" lastid="0000000001811A00" lastname="main" />
</exclusive-start>
<af-start id="30" threadId="0000000001812388" totalBytesRequested="16" timestamp="2019-08-03T01:08:16.653" intervalms="199.056" />
<cycle-start id="31" type="global" contextid="0" timestamp="2019-08-03T01:08:16.653" intervalms="199.024" />
<gc-start id="32" type="global" contextid="31" timestamp="2019-08-03T01:08:16.653">
  <mem-info id="33" free="418816" total="8388608" percent="4">
    <mem type="tenure" free="418816" total="8388608" percent="4">
      <mem type="soa" free="0" total="7969792" percent="0" />
      <mem type="loa" free="418816" total="418816" percent="100" />
    </mem>
  </mem-info>
</gc-start>
<allocation-stats totalBytes="6219072" >
  <allocated-bytes non-tlh="1022264" tlh="5196808" />
  <largest-consumer threadName="main" threadId="0000000001811A00" bytes="6214664" />
</allocation-stats>
<gc-op id="34" type="mark" timems="1.424" contextid="31" timestamp="2019-08-03T01:08:16.654">
  <trace-info objectcount="34565" scancount="27794" scanbytes="906844" />
  <finalization candidates="63" enqueued="1" />
  <ownableSynchronizers candidates="17" cleared="0" />
  <references type="soft" candidates="331" cleared="0" enqueued="0" dynamicThreshold="25" maxThreshold="32" />
  <references type="weak" candidates="1596" cleared="477" enqueued="355" />
  <references type="phantom" candidates="99" cleared="5" enqueued="5" />
  <stringconstants candidates="4422" cleared="0"  />
</gc-op>
<gc-op id="35" type="sweep" timems="0.175" contextid="31" timestamp="2019-08-03T01:08:16.655" />
<gc-end id="36" type="global" contextid="31" durationms="2.427" usertimems="4.000" systemtimems="0.000" timestamp="2019-08-03T01:08:16.655" activeThreads="2">
  <mem-info id="37" free="5849352" total="8388608" percent="69">
    <mem type="tenure" free="5849352" total="8388608" percent="69" micro-fragmented="359075" macro-fragmented="0">
      <mem type="soa" free="5430536" total="7969792" percent="68" />
      <mem type="loa" free="418816" total="418816" percent="100" />
    </mem>
    <pending-finalizers system="1" default="0" reference="360" classloader="0" />
  </mem-info>
</gc-end>
<cycle-end id="38" type="global" contextid="31" timestamp="2019-08-03T01:08:16.655" />
  <attribute name="elasticGC enabled" value="1" />
  <attribute name= "numThreadsSpecified" value="2" />
  <attribute name="heapSize specified" value="0" />
  <attribute name= "numCores" value="8" />
  <attribute name ="GC Interval" value="0" />
  <attribute name ="Control flow" value="1" />
  <attribute name="GC Util Range Max" value="93" />
  <attribute name="Current GC Util" value="0" />
  <attribute name= "Current Time Running" value="774" />
<allocation-satisfied id="39" threadId="0000000001811A00" bytesRequested="16" />
<af-end id="40" timestamp="2019-08-03T01:08:16.655" threadId="0000000001812388" success="true" />
<exclusive-end id="41" timestamp="2019-08-03T01:08:16.656" durationms="2.806" />

<exclusive-start id="42" timestamp="2019-08-03T01:08:18.930" intervalms="2277.003">
  <response-info timems="0.042" idlems="0.042" threads="0" lastid="0000000001811A00" lastname="main" />
</exclusive-start>
<af-start id="43" threadId="0000000001812388" totalBytesRequested="88" timestamp="2019-08-03T01:08:18.930" intervalms="2277.039" />
<cycle-start id="44" type="global" contextid="0" timestamp="2019-08-03T01:08:18.930" intervalms="2277.050" />
<gc-start id="45" type="global" contextid="44" timestamp="2019-08-03T01:08:18.930">
  <mem-info id="46" free="418816" total="8388608" percent="4">
    <mem type="tenure" free="418816" total="8388608" percent="4">
      <mem type="soa" free="0" total="7969792" percent="0" />
      <mem type="loa" free="418816" total="418816" percent="100" />
    </mem>
  </mem-info>
</gc-start>
<allocation-stats totalBytes="5298488" >
  <allocated-bytes non-tlh="1424704" tlh="3873784" />
  <largest-consumer threadName="main" threadId="0000000001811A00" bytes="5291248" />
</allocation-stats>
<gc-op id="47" type="mark" timems="1.973" contextid="44" timestamp="2019-08-03T01:08:18.932">
  <trace-info objectcount="40846" scancount="33130" scanbytes="1096696" />
  <finalization candidates="65" enqueued="0" />
  <ownableSynchronizers candidates="17" cleared="0" />
  <references type="soft" candidates="629" cleared="0" enqueued="0" dynamicThreshold="22" maxThreshold="32" />
  <references type="weak" candidates="1554" cleared="42" enqueued="42" />
  <references type="phantom" candidates="98" cleared="3" enqueued="3" />
  <stringconstants candidates="5081" cleared="0"  />
</gc-op>
<gc-op id="48" type="classunload" timems="0.002" contextid="44" timestamp="2019-08-03T01:08:18.932">
  <classunload-info classloadercandidates="10" classloadersunloaded="0" classesunloaded="0" anonymousclassesunloaded="0" quiescems="0.000" setupms="0.001" scanms="0.000" postms="0.001" />
</gc-op>
<gc-op id="49" type="sweep" timems="0.277" contextid="44" timestamp="2019-08-03T01:08:18.932" />
<gc-end id="50" type="global" contextid="44" durationms="3.151" usertimems="4.000" systemtimems="0.000" timestamp="2019-08-03T01:08:18.933" activeThreads="3">
  <mem-info id="51" free="5378040" total="8388608" percent="64">
    <mem type="tenure" free="5378040" total="8388608" percent="64" micro-fragmented="550656" macro-fragmented="0">
      <mem type="soa" free="4959224" total="7969792" percent="62" />
      <mem type="loa" free="418816" total="418816" percent="100" />
    </mem>
    <pending-finalizers system="0" default="0" reference="45" classloader="0" />
  </mem-info>
</gc-end>
<cycle-end id="52" type="global" contextid="44" timestamp="2019-08-03T01:08:18.933" />
  <attribute name="elasticGC enabled" value="1" />
  <attribute name= "numThreadsSpecified" value="3" />
  <attribute name="heapSize specified" value="0" />
  <attribute name= "numCores" value="8" />
  <attribute name ="GC Interval" value="0" />
  <attribute name ="Control flow" value="1" />
  <attribute name="GC Util Range Max" value="93" />
  <attribute name="Current GC Util" value="12" />
  <attribute name= "Current Time Running" value="3052" />
<allocation-satisfied id="53" threadId="0000000001811A00" bytesRequested="88" />
<af-end id="54" timestamp="2019-08-03T01:08:18.933" threadId="0000000001812388" success="true" />
<exclusive-end id="55" timestamp="2019-08-03T01:08:18.933" durationms="3.744" />

<exclusive-start id="56" timestamp="2019-08-03T01:08:19.089" intervalms="159.746">
  <response-info timems="0.038" idlems="0.038" threads="0" lastid="0000000001811A00" lastname="main" />
</exclusive-start>
<af-start id="57" threadId="0000000001812388" totalBytesRequested="49656" timestamp="2019-08-03T01:08:19.090" intervalms="159.748" />
<cycle-start id="58" type="global" contextid="0" timestamp="2019-08-03T01:08:19.090" intervalms="159.770" />
<gc-start id="59" type="global" contextid="58" timestamp="2019-08-03T01:08:19.090">
  <mem-info id="60" free="176992" total="8388608" percent="2">
    <mem type="tenure" free="176992" total="8388608" percent="2">
      <mem type="soa" free="20328" total="7969792" percent="0" />
      <mem type="loa" free="156664" total="418816" percent="37" />
    </mem>
  </mem-info>
</gc-start>
<allocation-stats totalBytes="5005888" >
  <allocated-bytes non-tlh="1449680" tlh="3556208" />
  <largest-consumer threadName="main" threadId="0000000001811A00" bytes="4949552" />
</allocation-stats>
<gc-op id="61" type="mark" timems="2.494" contextid="58" timestamp="2019-08-03T01:08:19.092">
  <trace-info objectcount="52375" scancount="43258" scanbytes="1467176" />
  <finalization candidates="80" enqueued="0" />
  <ownableSynchronizers candidates="21" cleared="0" />
  <references type="soft" candidates="956" cleared="0" enqueued="0" dynamicThreshold="20" maxThreshold="32" />
  <references type="weak" candidates="3378" cleared="450" enqueued="302" />
  <references type="phantom" candidates="100" cleared="2" enqueued="2" />
  <stringconstants candidates="6163" cleared="0"  />
</gc-op>
<gc-op id="62" type="classunload" timems="0.003" contextid="58" timestamp="2019-08-03T01:08:19.093">
  <classunload-info classloadercandidates="11" classloadersunloaded="0" classesunloaded="0" anonymousclassesunloaded="0" quiescems="0.000" setupms="0.002" scanms="0.001" postms="0.000" />
</gc-op>
<gc-op id="63" type="sweep" timems="0.335" contextid="58" timestamp="2019-08-03T01:08:19.093" />
<gc-end id="64" type="global" contextid="58" durationms="4.138" usertimems="8.000" systemtimems="0.000" timestamp="2019-08-03T01:08:19.094" activeThreads="4">
  <mem-info id="65" free="4196360" total="8388608" percent="50">
    <mem type="tenure" free="4196360" total="8388608" percent="50" micro-fragmented="692257" macro-fragmented="0">
      <mem type="soa" free="4039696" total="7969792" percent="50" />
      <mem type="loa" free="156664" total="418816" percent="37" />
    </mem>
    <pending-finalizers system="0" default="0" reference="304" classloader="0" />
  </mem-info>
</gc-end>
<cycle-end id="66" type="global" contextid="58" timestamp="2019-08-03T01:08:19.094" />
  <attribute name="elasticGC enabled" value="1" />
  <attribute name= "numThreadsSpecified" value="4" />
  <attribute name="heapSize specified" value="0" />
  <attribute name= "numCores" value="8" />
  <attribute name ="GC Interval" value="0" />
  <attribute name ="Control flow" value="1" />
  <attribute name="GC Util Range Max" value="93" />
  <attribute name="Current GC Util" value="35" />
  <attribute name= "Current Time Running" value="3212" />
<allocation-satisfied id="67" threadId="0000000001811A00" bytesRequested="49656" />
<af-end id="68" timestamp="2019-08-03T01:08:19.094" threadId="0000000001812388" success="true" />
<exclusive-end id="69" timestamp="2019-08-03T01:08:19.094" durationms="4.779" />

<exclusive-start id="70" timestamp="2019-08-03T01:08:19.104" intervalms="14.855">
  <response-info timems="0.060" idlems="0.060" threads="0" lastid="0000000001811A00" lastname="main" />
</exclusive-start>
<af-start id="71" threadId="0000000001812388" totalBytesRequested="200008" timestamp="2019-08-03T01:08:19.104" intervalms="14.786" />
<cycle-start id="72" type="global" contextid="0" timestamp="2019-08-03T01:08:19.104" intervalms="14.752" />
<gc-start id="73" type="global" contextid="72" timestamp="2019-08-03T01:08:19.105">
  <mem-info id="74" free="3791016" total="8388608" percent="45">
    <mem type="tenure" free="3791016" total="8388608" percent="45">
      <mem type="soa" free="3634352" total="7969792" percent="45" />
      <mem type="loa" free="156664" total="418816" percent="37" />
    </mem>
  </mem-info>
</gc-start>
<allocation-stats totalBytes="428712" >
  <allocated-bytes non-tlh="262712" tlh="166000" />
  <largest-consumer threadName="main" threadId="0000000001811A00" bytes="424200" />
</allocation-stats>
<heap-resize id="75" type="loa expand" space="tenure" amount="83968" count="1" timems="0.000" reason="expand on failed allocate" timestamp="2019-08-03T01:08:19.105" />
<gc-op id="76" type="mark" timems="1.519" contextid="72" timestamp="2019-08-03T01:08:19.106">
  <trace-info objectcount="52595" scancount="43427" scanbytes="1476800" />
  <finalization candidates="80" enqueued="0" />
  <ownableSynchronizers candidates="21" cleared="0" />
  <references type="soft" candidates="967" cleared="0" enqueued="0" dynamicThreshold="16" maxThreshold="32" />
  <references type="weak" candidates="2960" cleared="5" enqueued="5" />
  <references type="phantom" candidates="101" cleared="1" enqueued="1" />
  <stringconstants candidates="6202" cleared="0"  />
</gc-op>
<gc-op id="77" type="sweep" timems="0.301" contextid="72" timestamp="2019-08-03T01:08:19.107" />
<mem-info id="78" free="4109096" total="8388608" percent="48">
  <mem type="tenure" free="4109096" total="8388608" percent="48" micro-fragmented="799314" macro-fragmented="0">
    <mem type="soa" free="3952432" total="7885824" percent="50" />
    <mem type="loa" free="156664" total="502784" percent="31" />
  </mem>
  <pending-finalizers system="0" default="0" reference="6" classloader="0" />
</mem-info>
<gc-op id="79" type="compact" timems="10.707" contextid="72" timestamp="2019-08-03T01:08:19.117">
  <compact-info movecount="52594" movebytes="3168192" reason="compact to meet allocation" />
</gc-op>
<gc-end id="80" type="global" contextid="72" durationms="13.198" usertimems="20.000" systemtimems="0.000" timestamp="2019-08-03T01:08:19.118" activeThreads="3">
  <mem-info id="81" free="5020320" total="8388608" percent="59">
    <mem type="tenure" free="5020320" total="8388608" percent="59">
      <mem type="soa" free="4517536" total="7885824" percent="57" />
      <mem type="loa" free="502784" total="502784" percent="100" />
    </mem>
    <pending-finalizers system="0" default="0" reference="6" classloader="0" />
  </mem-info>
</gc-end>
<cycle-end id="82" type="global" contextid="72" timestamp="2019-08-03T01:08:19.118" />
  <attribute name="elasticGC enabled" value="1" />
  <attribute name= "numThreadsSpecified" value="3" />
  <attribute name="heapSize specified" value="0" />
  <attribute name= "numCores" value="8" />
  <attribute name ="GC Interval" value="0" />
  <attribute name ="Control flow" value="2" />
  <attribute name="GC Util Range Max" value="93" />
  <attribute name="Current GC Util" value="27" />
  <attribute name= "Current Time Running" value="3237" />
<allocation-satisfied id="83" threadId="0000000001811A00" bytesRequested="200008" />
<af-end id="84" timestamp="2019-08-03T01:08:19.118" threadId="0000000001812388" success="true" />
<exclusive-end id="85" timestamp="2019-08-03T01:08:19.118" durationms="13.740" />

<exclusive-start id="86" timestamp="2019-08-03T01:08:19.223" intervalms="118.551">
  <response-info timems="0.027" idlems="0.027" threads="0" lastid="0000000001811A00" lastname="main" />
</exclusive-start>
<af-start id="87" threadId="0000000001812388" totalBytesRequested="88" timestamp="2019-08-03T01:08:19.223" intervalms="118.573" />
<cycle-start id="88" type="global" contextid="0" timestamp="2019-08-03T01:08:19.223" intervalms="118.576" />
<gc-start id="89" type="global" contextid="88" timestamp="2019-08-03T01:08:19.223">
  <mem-info id="90" free="502784" total="8388608" percent="5">
    <mem type="tenure" free="502784" total="8388608" percent="5">
      <mem type="soa" free="0" total="7885824" percent="0" />
      <mem type="loa" free="502784" total="502784" percent="100" />
    </mem>
  </mem-info>
</gc-start>
<allocation-stats totalBytes="4714080" >
  <allocated-bytes non-tlh="1222296" tlh="3491784" />
  <largest-consumer threadName="main" threadId="0000000001811A00" bytes="4705888" />
</allocation-stats>
<gc-op id="91" type="mark" timems="1.600" contextid="88" timestamp="2019-08-03T01:08:19.225">
  <trace-info objectcount="60377" scancount="49804" scanbytes="1728480" />
  <finalization candidates="80" enqueued="0" />
  <ownableSynchronizers candidates="21" cleared="0" />
  <references type="soft" candidates="1021" cleared="0" enqueued="0" dynamicThreshold="19" maxThreshold="32" />
  <references type="weak" candidates="3040" cleared="3" enqueued="3" />
  <references type="phantom" candidates="100" cleared="0" enqueued="0" />
  <stringconstants candidates="6881" cleared="0"  />
</gc-op>
<gc-op id="92" type="sweep" timems="0.213" contextid="88" timestamp="2019-08-03T01:08:19.225" />
<gc-end id="93" type="global" contextid="88" durationms="2.745" usertimems="4.000" systemtimems="0.000" timestamp="2019-08-03T01:08:19.226" activeThreads="3">
  <mem-info id="94" free="4282568" total="8388608" percent="51">
    <mem type="tenure" free="4282568" total="8388608" percent="51" micro-fragmented="65398" macro-fragmented="0">
      <mem type="soa" free="3779784" total="7885824" percent="47" />
      <mem type="loa" free="502784" total="502784" percent="100" />
    </mem>
    <pending-finalizers system="0" default="0" reference="3" classloader="0" />
  </mem-info>
</gc-end>
<cycle-end id="95" type="global" contextid="88" timestamp="2019-08-03T01:08:19.226" />
  <attribute name="elasticGC enabled" value="1" />
  <attribute name= "numThreadsSpecified" value="3" />
  <attribute name="heapSize specified" value="0" />
  <attribute name= "numCores" value="8" />
  <attribute name ="GC Interval" value="0" />
  <attribute name ="Control flow" value="2" />
  <attribute name="GC Util Range Max" value="93" />
  <attribute name="Current GC Util" value="38" />
  <attribute name= "Current Time Running" value="3345" />
<allocation-satisfied id="96" threadId="0000000001811A00" bytesRequested="88" />
<af-end id="97" timestamp="2019-08-03T01:08:19.226" threadId="0000000001812388" success="true" />
<exclusive-end id="98" timestamp="2019-08-03T01:08:19.226" durationms="3.151" />

<exclusive-start id="99" timestamp="2019-08-03T01:08:19.302" intervalms="79.450">
  <response-info timems="0.064" idlems="0.064" threads="0" lastid="0000000001811A00" lastname="main" />
</exclusive-start>
<af-start id="100" threadId="0000000001812388" totalBytesRequested="88" timestamp="2019-08-03T01:08:19.302" intervalms="79.453" />
<cycle-start id="101" type="global" contextid="0" timestamp="2019-08-03T01:08:19.302" intervalms="79.453" />
<gc-start id="102" type="global" contextid="101" timestamp="2019-08-03T01:08:19.303">
  <mem-info id="103" free="502784" total="8388608" percent="5">
    <mem type="tenure" free="502784" total="8388608" percent="5">
      <mem type="soa" free="0" total="7885824" percent="0" />
      <mem type="loa" free="502784" total="502784" percent="100" />
    </mem>
  </mem-info>
</gc-start>
<allocation-stats totalBytes="3748232" >
  <allocated-bytes non-tlh="772096" tlh="2976136" />
  <largest-consumer threadName="main" threadId="0000000001811A00" bytes="3748232" />
</allocation-stats>
<gc-op id="104" type="mark" timems="1.716" contextid="101" timestamp="2019-08-03T01:08:19.304">
  <trace-info objectcount="63520" scancount="52491" scanbytes="1829724" />
  <finalization candidates="80" enqueued="0" />
  <ownableSynchronizers candidates="21" cleared="0" />
  <references type="soft" candidates="1021" cleared="0" enqueued="0" dynamicThreshold="16" maxThreshold="32" />
  <references type="weak" candidates="3367" cleared="0" enqueued="0" />
  <references type="phantom" candidates="100" cleared="0" enqueued="0" />
  <stringconstants candidates="7206" cleared="0"  />
</gc-op>
<gc-op id="105" type="sweep" timems="0.203" contextid="101" timestamp="2019-08-03T01:08:19.305" />
<gc-end id="106" type="global" contextid="101" durationms="2.845" usertimems="8.000" systemtimems="0.000" timestamp="2019-08-03T01:08:19.305" activeThreads="2">
  <mem-info id="107" free="4079800" total="8388608" percent="48">
    <mem type="tenure" free="4079800" total="8388608" percent="48" micro-fragmented="104064" macro-fragmented="0">
      <mem type="soa" free="3577016" total="7885824" percent="45" />
      <mem type="loa" free="502784" total="502784" percent="100" />
    </mem>
  </mem-info>
</gc-end>
<cycle-end id="108" type="global" contextid="101" timestamp="2019-08-03T01:08:19.305" />
  <attribute name="elasticGC enabled" value="1" />
  <attribute name= "numThreadsSpecified" value="2" />
  <attribute name="heapSize specified" value="0" />
  <attribute name= "numCores" value="8" />
  <attribute name ="GC Interval" value="0" />
  <attribute name ="Control flow" value="1" />
  <attribute name="GC Util Range Max" value="93" />
  <attribute name="Current GC Util" value="7" />
  <attribute name= "Current Time Running" value="3424" />
<allocation-satisfied id="109" threadId="0000000001811A00" bytesRequested="88" />
<af-end id="110" timestamp="2019-08-03T01:08:19.306" threadId="0000000001812388" success="true" />
<exclusive-end id="111" timestamp="2019-08-03T01:08:19.306" durationms="3.293" />

<exclusive-start id="112" timestamp="2019-08-03T01:08:19.359" intervalms="57.108">
  <response-info timems="0.062" idlems="0.062" threads="0" lastid="0000000001811A00" lastname="main" />
</exclusive-start>
<af-start id="113" threadId="0000000001812388" totalBytesRequested="32" timestamp="2019-08-03T01:08:19.360" intervalms="57.147" />
<cycle-start id="114" type="global" contextid="0" timestamp="2019-08-03T01:08:19.360" intervalms="57.191" />
<gc-start id="115" type="global" contextid="114" timestamp="2019-08-03T01:08:19.360">
  <mem-info id="116" free="502784" total="8388608" percent="5">
    <mem type="tenure" free="502784" total="8388608" percent="5">
      <mem type="soa" free="0" total="7885824" percent="0" />
      <mem type="loa" free="502784" total="502784" percent="100" />
    </mem>
  </mem-info>
</gc-start>
<allocation-stats totalBytes="3551968" >
  <allocated-bytes non-tlh="653792" tlh="2898176" />
  <largest-consumer threadName="main" threadId="0000000001811A00" bytes="3551968" />
</allocation-stats>
<gc-op id="117" type="mark" timems="2.352" contextid="114" timestamp="2019-08-03T01:08:19.362">
  <trace-info objectcount="67614" scancount="56077" scanbytes="1962584" />
  <finalization candidates="80" enqueued="0" />
  <ownableSynchronizers candidates="21" cleared="0" />
  <references type="soft" candidates="1021" cleared="0" enqueued="0" dynamicThreshold="15" maxThreshold="32" />
  <references type="weak" candidates="3569" cleared="0" enqueued="0" />
  <references type="phantom" candidates="100" cleared="0" enqueued="0" />
  <stringconstants candidates="7369" cleared="0"  />
</gc-op>
<gc-op id="118" type="sweep" timems="0.267" contextid="114" timestamp="2019-08-03T01:08:19.363" />
<gc-end id="119" type="global" contextid="114" durationms="3.823" usertimems="4.000" systemtimems="0.000" timestamp="2019-08-03T01:08:19.364" activeThreads="2">
  <mem-info id="120" free="3783128" total="8388608" percent="45">
    <mem type="tenure" free="3783128" total="8388608" percent="45" micro-fragmented="179685" macro-fragmented="0">
      <mem type="soa" free="3280344" total="7885824" percent="41" />
      <mem type="loa" free="502784" total="502784" percent="100" />
    </mem>
  </mem-info>
</gc-end>
<cycle-end id="121" type="global" contextid="114" timestamp="2019-08-03T01:08:19.364" />
  <attribute name="elasticGC enabled" value="1" />
  <attribute name= "numThreadsSpecified" value="2" />
  <attribute name="heapSize specified" value="0" />
  <attribute name= "numCores" value="8" />
  <attribute name ="GC Interval" value="0" />
  <attribute name ="Control flow" value="1" />
  <attribute name="GC Util Range Max" value="93" />
  <attribute name="Current GC Util" value="57" />
  <attribute name= "Current Time Running" value="3482" />
<allocation-satisfied id="122" threadId="0000000001811A00" bytesRequested="32" />
<af-end id="123" timestamp="2019-08-03T01:08:19.364" threadId="0000000001812388" success="true" />
<exclusive-end id="124" timestamp="2019-08-03T01:08:19.364" durationms="4.378" />

<exclusive-start id="125" timestamp="2019-08-03T01:08:19.397" intervalms="38.047">
  <response-info timems="0.032" idlems="0.032" threads="0" lastid="0000000001811A00" lastname="main" />
</exclusive-start>
<af-start id="126" threadId="0000000001812388" totalBytesRequested="15368" timestamp="2019-08-03T01:08:19.398" intervalms="37.993" />
<cycle-start id="127" type="global" contextid="0" timestamp="2019-08-03T01:08:19.398" intervalms="37.946" />
<gc-start id="128" type="global" contextid="127" timestamp="2019-08-03T01:08:19.398">
  <mem-info id="129" free="1370344" total="8388608" percent="16">
    <mem type="tenure" free="1370344" total="8388608" percent="16">
      <mem type="soa" free="867560" total="7885824" percent="11" />
      <mem type="loa" free="502784" total="502784" percent="100" />
    </mem>
  </mem-info>
</gc-start>
<allocation-stats totalBytes="2369832" >
  <allocated-bytes non-tlh="454992" tlh="1914840" />
  <largest-consumer threadName="main" threadId="0000000001811A00" bytes="2369832" />
</allocation-stats>
<gc-op id="130" type="mark" timems="2.444" contextid="127" timestamp="2019-08-03T01:08:19.400">
  <trace-info objectcount="70680" scancount="58768" scanbytes="2062912" />
  <finalization candidates="80" enqueued="0" />
  <ownableSynchronizers candidates="21" cleared="0" />
  <references type="soft" candidates="1021" cleared="0" enqueued="0" dynamicThreshold="14" maxThreshold="32" />
  <references type="weak" candidates="3688" cleared="0" enqueued="0" />
  <references type="phantom" candidates="101" cleared="0" enqueued="0" />
  <stringconstants candidates="7463" cleared="0"  />
</gc-op>
<gc-op id="131" type="sweep" timems="0.313" contextid="127" timestamp="2019-08-03T01:08:19.401" />
<gc-end id="132" type="global" contextid="127" durationms="3.861" usertimems="4.000" systemtimems="0.000" timestamp="2019-08-03T01:08:19.402" activeThreads="2">
  <mem-info id="133" free="3492568" total="8388608" percent="41">
    <mem type="tenure" free="3492568" total="8388608" percent="41" micro-fragmented="172348" macro-fragmented="0">
      <mem type="soa" free="2989784" total="7885824" percent="37" />
      <mem type="loa" free="502784" total="502784" percent="100" />
    </mem>
  </mem-info>
</gc-end>
<cycle-end id="134" type="global" contextid="127" timestamp="2019-08-03T01:08:19.402" />
  <attribute name="elasticGC enabled" value="1" />
  <attribute name= "numThreadsSpecified" value="2" />
  <attribute name="heapSize specified" value="0" />
  <attribute name= "numCores" value="8" />
  <attribute name ="GC Interval" value="0" />
  <attribute name ="Control flow" value="1" />
  <attribute name="GC Util Range Max" value="93" />
  <attribute name="Current GC Util" value="45" />
  <attribute name= "Current Time Running" value="3520" />
<allocation-satisfied id="135" threadId="0000000001811A00" bytesRequested="15368" />
<af-end id="136" timestamp="2019-08-03T01:08:19.402" threadId="0000000001812388" success="true" />
<exclusive-end id="137" timestamp="2019-08-03T01:08:19.402" durationms="4.253" />

<exclusive-start id="138" timestamp="2019-08-03T01:08:19.423" intervalms="25.502">
  <response-info timems="0.033" idlems="0.033" threads="0" lastid="0000000001811A00" lastname="main" />
</exclusive-start>
<af-start id="139" threadId="0000000001812388" totalBytesRequested="23280" timestamp="2019-08-03T01:08:19.423" intervalms="25.538" />
<cycle-start id="140" type="global" contextid="0" timestamp="2019-08-03T01:08:19.423" intervalms="25.580" />
<gc-start id="141" type="global" contextid="140" timestamp="2019-08-03T01:08:19.423">
  <mem-info id="142" free="1552232" total="8388608" percent="18">
    <mem type="tenure" free="1552232" total="8388608" percent="18">
      <mem type="soa" free="1049448" total="7885824" percent="13" />
      <mem type="loa" free="502784" total="502784" percent="100" />
    </mem>
  </mem-info>
</gc-start>
<allocation-stats totalBytes="1936856" >
  <allocated-bytes non-tlh="214192" tlh="1722664" />
  <largest-consumer threadName="main" threadId="0000000001811A00" bytes="1936856" />
</allocation-stats>
<gc-op id="143" type="mark" timems="2.466" contextid="140" timestamp="2019-08-03T01:08:19.426">
  <trace-info objectcount="73292" scancount="61057" scanbytes="2148448" />
  <finalization candidates="80" enqueued="0" />
  <ownableSynchronizers candidates="21" cleared="0" />
  <references type="soft" candidates="1021" cleared="0" enqueued="0" dynamicThreshold="13" maxThreshold="32" />
  <references type="weak" candidates="3747" cleared="0" enqueued="0" />
  <references type="phantom" candidates="100" cleared="0" enqueued="0" />
  <stringconstants candidates="7505" cleared="0"  />
</gc-op>
<gc-op id="144" type="sweep" timems="0.296" contextid="140" timestamp="2019-08-03T01:08:19.426" />
<gc-end id="145" type="global" contextid="140" durationms="3.702" usertimems="4.000" systemtimems="0.000" timestamp="2019-08-03T01:08:19.427" activeThreads="8">
  <mem-info id="146" free="3293048" total="8388608" percent="39">
    <mem type="tenure" free="3293048" total="8388608" percent="39" micro-fragmented="318185" macro-fragmented="0">
      <mem type="soa" free="2790264" total="7885824" percent="35" />
      <mem type="loa" free="502784" total="502784" percent="100" />
    </mem>
  </mem-info>
</gc-end>
<cycle-end id="147" type="global" contextid="140" timestamp="2019-08-03T01:08:19.427" />
  <attribute name="elasticGC enabled" value="1" />
  <attribute name= "numThreadsSpecified" value="2" />
  <attribute name="heapSize specified" value="0" />
  <attribute name= "numCores" value="8" />
  <attribute name ="GC Interval" value="0" />
  <attribute name ="Control flow" value="1" />
  <attribute name="GC Util Range Max" value="93" />
  <attribute name="Current GC Util" value="39" />
  <attribute name= "Current Time Running" value="3546" />
<allocation-satisfied id="148" threadId="0000000001811A00" bytesRequested="23280" />
<af-end id="149" timestamp="2019-08-03T01:08:19.427" threadId="0000000001812388" success="true" />
<exclusive-end id="150" timestamp="2019-08-03T01:08:19.427" durationms="4.300" />

<exclusive-start id="151" timestamp="2019-08-03T01:08:19.440" intervalms="17.172">
  <response-info timems="0.032" idlems="0.032" threads="0" lastid="0000000001811A00" lastname="main" />
</exclusive-start>
<af-start id="152" threadId="0000000001812388" totalBytesRequested="56936" timestamp="2019-08-03T01:08:19.440" intervalms="17.153" />
<cycle-start id="153" type="global" contextid="0" timestamp="2019-08-03T01:08:19.440" intervalms="17.112" />
<gc-start id="154" type="global" contextid="153" timestamp="2019-08-03T01:08:19.440">
  <mem-info id="155" free="2633240" total="8388608" percent="31">
    <mem type="tenure" free="2633240" total="8388608" percent="31">
      <mem type="soa" free="2130456" total="7885824" percent="27" />
      <mem type="loa" free="502784" total="502784" percent="100" />
    </mem>
  </mem-info>
</gc-start>
<allocation-stats totalBytes="646768" >
  <allocated-bytes non-tlh="401272" tlh="245496" />
  <largest-consumer threadName="main" threadId="0000000001811A00" bytes="646768" />
</allocation-stats>
<gc-op id="156" type="mark" timems="2.503" contextid="153" timestamp="2019-08-03T01:08:19.443">
  <trace-info objectcount="71370" scancount="59550" scanbytes="2039940" />
  <finalization candidates="80" enqueued="0" />
  <ownableSynchronizers candidates="21" cleared="0" />
  <references type="soft" candidates="1023" cleared="0" enqueued="0" dynamicThreshold="12" maxThreshold="32" />
  <references type="weak" candidates="3753" cleared="2" enqueued="2" />
  <references type="phantom" candidates="99" cleared="0" enqueued="0" />
  <stringconstants candidates="7574" cleared="0"  />
</gc-op>
<gc-op id="157" type="sweep" timems="0.265" contextid="153" timestamp="2019-08-03T01:08:19.443" />
<gc-end id="158" type="global" contextid="153" durationms="3.892" usertimems="4.000" systemtimems="0.000" timestamp="2019-08-03T01:08:19.444" activeThreads="2">
  <mem-info id="159" free="3546680" total="8388608" percent="42">
    <mem type="tenure" free="3546680" total="8388608" percent="42" micro-fragmented="391056" macro-fragmented="0">
      <mem type="soa" free="3043896" total="7885824" percent="38" />
      <mem type="loa" free="502784" total="502784" percent="100" />
    </mem>
    <pending-finalizers system="0" default="0" reference="2" classloader="0" />
  </mem-info>
</gc-end>
<cycle-end id="160" type="global" contextid="153" timestamp="2019-08-03T01:08:19.444" />
  <attribute name="elasticGC enabled" value="1" />
  <attribute name= "numThreadsSpecified" value="2" />
  <attribute name="heapSize specified" value="0" />
  <attribute name= "numCores" value="8" />
  <attribute name ="GC Interval" value="0" />
  <attribute name ="Control flow" value="2" />
  <attribute name="GC Util Range Max" value="93" />
  <attribute name="Current GC Util" value="8" />
  <attribute name= "Current Time Running" value="3563" />
<allocation-satisfied id="161" threadId="0000000001811A00" bytesRequested="56936" />
<af-end id="162" timestamp="2019-08-03T01:08:19.444" threadId="0000000001812388" success="true" />
<exclusive-end id="163" timestamp="2019-08-03T01:08:19.444" durationms="4.326" />

<exclusive-start id="164" timestamp="2019-08-03T01:08:19.479" intervalms="38.954">
  <response-info timems="0.067" idlems="0.067" threads="0" lastid="0000000001811A00" lastname="main" />
</exclusive-start>
<af-start id="165" threadId="0000000001812388" totalBytesRequested="32664" timestamp="2019-08-03T01:08:19.479" intervalms="38.961" />
<cycle-start id="166" type="global" contextid="0" timestamp="2019-08-03T01:08:19.479" intervalms="38.967" />
<gc-start id="167" type="global" contextid="166" timestamp="2019-08-03T01:08:19.479">
  <mem-info id="168" free="548296" total="8388608" percent="6">
    <mem type="tenure" free="548296" total="8388608" percent="6">
      <mem type="soa" free="45512" total="7885824" percent="0" />
      <mem type="loa" free="502784" total="502784" percent="100" />
    </mem>
  </mem-info>
</gc-start>
<allocation-stats totalBytes="2998840" >
  <allocated-bytes non-tlh="557296" tlh="2441544" />
  <largest-consumer threadName="main" threadId="0000000001811A00" bytes="2998840" />
</allocation-stats>
<gc-op id="169" type="mark" timems="1.977" contextid="166" timestamp="2019-08-03T01:08:19.481">
  <trace-info objectcount="66187" scancount="53490" scanbytes="1824932" />
  <finalization candidates="80" enqueued="0" />
  <ownableSynchronizers candidates="21" cleared="0" />
  <references type="soft" candidates="1023" cleared="0" enqueued="0" dynamicThreshold="13" maxThreshold="32" />
  <references type="weak" candidates="3768" cleared="4" enqueued="4" />
  <references type="phantom" candidates="99" cleared="0" enqueued="0" />
  <stringconstants candidates="7642" cleared="13"  />
</gc-op>
<gc-op id="170" type="sweep" timems="0.307" contextid="166" timestamp="2019-08-03T01:08:19.482" />
<gc-end id="171" type="global" contextid="166" durationms="3.253" usertimems="8.000" systemtimems="0.000" timestamp="2019-08-03T01:08:19.483" activeThreads="8">
  <mem-info id="172" free="3918608" total="8388608" percent="46">
    <mem type="tenure" free="3918608" total="8388608" percent="46" micro-fragmented="225998" macro-fragmented="0">
      <mem type="soa" free="3415824" total="7885824" percent="43" />
      <mem type="loa" free="502784" total="502784" percent="100" />
    </mem>
    <pending-finalizers system="0" default="0" reference="4" classloader="0" />
  </mem-info>
</gc-end>
<cycle-end id="173" type="global" contextid="166" timestamp="2019-08-03T01:08:19.483" />
  <attribute name="elasticGC enabled" value="1" />
  <attribute name= "numThreadsSpecified" value="2" />
  <attribute name="heapSize specified" value="0" />
  <attribute name= "numCores" value="8" />
  <attribute name ="GC Interval" value="0" />
  <attribute name ="Control flow" value="2" />
  <attribute name="GC Util Range Max" value="93" />
  <attribute name="Current GC Util" value="24" />
  <attribute name= "Current Time Running" value="3601" />
<allocation-satisfied id="174" threadId="0000000001811A00" bytesRequested="32664" />
<af-end id="175" timestamp="2019-08-03T01:08:19.483" threadId="0000000001812388" success="true" />
<exclusive-end id="176" timestamp="2019-08-03T01:08:19.483" durationms="3.685" />

<exclusive-start id="177" timestamp="2019-08-03T01:08:19.494" intervalms="15.124">
  <response-info timems="0.025" idlems="0.025" threads="0" lastid="0000000001811A00" lastname="main" />
</exclusive-start>
<af-start id="178" threadId="0000000001812388" totalBytesRequested="47616" timestamp="2019-08-03T01:08:19.494" intervalms="15.096" />
<cycle-start id="179" type="global" contextid="0" timestamp="2019-08-03T01:08:19.494" intervalms="15.092" />
<gc-start id="180" type="global" contextid="179" timestamp="2019-08-03T01:08:19.494">
  <mem-info id="181" free="3153160" total="8388608" percent="37">
    <mem type="tenure" free="3153160" total="8388608" percent="37">
      <mem type="soa" free="2715920" total="7885824" percent="34" />
      <mem type="loa" free="437240" total="502784" percent="86" />
    </mem>
  </mem-info>
</gc-start>
<allocation-stats totalBytes="762984" >
  <allocated-bytes non-tlh="332664" tlh="430320" />
  <largest-consumer threadName="main" threadId="0000000001811A00" bytes="760232" />
</allocation-stats>
<gc-op id="182" type="mark" timems="3.552" contextid="179" timestamp="2019-08-03T01:08:19.498">
  <trace-info objectcount="62557" scancount="51338" scanbytes="1726172" />
  <finalization candidates="80" enqueued="0" />
  <ownableSynchronizers candidates="21" cleared="0" />
  <references type="soft" candidates="1096" cleared="0" enqueued="0" dynamicThreshold="14" maxThreshold="32" />
  <references type="weak" candidates="3775" cleared="4" enqueued="4" />
  <references type="phantom" candidates="100" cleared="0" enqueued="0" />
  <stringconstants candidates="7769" cleared="0"  />
</gc-op>
<gc-op id="183" type="sweep" timems="0.181" contextid="179" timestamp="2019-08-03T01:08:19.498" />
<gc-end id="184" type="global" contextid="179" durationms="4.717" usertimems="12.000" systemtimems="0.000" timestamp="2019-08-03T01:08:19.499" activeThreads="2">
  <mem-info id="185" free="4308072" total="8388608" percent="51">
    <mem type="tenure" free="4308072" total="8388608" percent="51" micro-fragmented="106450" macro-fragmented="0">
      <mem type="soa" free="3870832" total="7885824" percent="49" />
      <mem type="loa" free="437240" total="502784" percent="86" />
    </mem>
    <pending-finalizers system="0" default="0" reference="4" classloader="0" />
  </mem-info>
</gc-end>
<cycle-end id="186" type="global" contextid="179" timestamp="2019-08-03T01:08:19.499" />
  <attribute name="elasticGC enabled" value="1" />
  <attribute name= "numThreadsSpecified" value="2" />
  <attribute name="heapSize specified" value="0" />
  <attribute name= "numCores" value="8" />
  <attribute name ="GC Interval" value="0" />
  <attribute name ="Control flow" value="1" />
  <attribute name="GC Util Range Max" value="93" />
  <attribute name="Current GC Util" value="0" />
  <attribute name= "Current Time Running" value="3618" />
<allocation-satisfied id="187" threadId="0000000001811A00" bytesRequested="47616" />
<af-end id="188" timestamp="2019-08-03T01:08:19.499" threadId="0000000001812388" success="true" />
<exclusive-end id="189" timestamp="2019-08-03T01:08:19.499" durationms="5.120" />

<exclusive-start id="190" timestamp="2019-08-03T01:08:19.552" intervalms="57.994">
  <response-info timems="0.063" idlems="0.063" threads="0" lastid="0000000001811A00" lastname="main" />
</exclusive-start>
<af-start id="191" threadId="0000000001812388" totalBytesRequested="32" timestamp="2019-08-03T01:08:19.552" intervalms="58.044" />
<cycle-start id="192" type="global" contextid="0" timestamp="2019-08-03T01:08:19.552" intervalms="58.085" />
<gc-start id="193" type="global" contextid="192" timestamp="2019-08-03T01:08:19.553">
  <mem-info id="194" free="237232" total="8388608" percent="2">
    <mem type="tenure" free="237232" total="8388608" percent="2">
      <mem type="soa" free="0" total="7885824" percent="0" />
      <mem type="loa" free="237232" total="502784" percent="47" />
    </mem>
  </mem-info>
</gc-start>
<allocation-stats totalBytes="4094576" >
  <allocated-bytes non-tlh="995976" tlh="3098600" />
  <largest-consumer threadName="main" threadId="0000000001811A00" bytes="4094576" />
</allocation-stats>
<gc-op id="195" type="mark" timems="2.588" contextid="192" timestamp="2019-08-03T01:08:19.555">
  <trace-info objectcount="71911" scancount="59839" scanbytes="2122960" />
  <finalization candidates="80" enqueued="0" />
  <ownableSynchronizers candidates="21" cleared="0" />
  <references type="soft" candidates="1097" cleared="0" enqueued="0" dynamicThreshold="16" maxThreshold="32" />
  <references type="weak" candidates="3813" cleared="2" enqueued="2" />
  <references type="phantom" candidates="102" cleared="1" enqueued="1" />
  <stringconstants candidates="7821" cleared="0"  />
</gc-op>
<gc-op id="196" type="sweep" timems="0.255" contextid="192" timestamp="2019-08-03T01:08:19.556" />
<gc-end id="197" type="global" contextid="192" durationms="3.983" usertimems="4.000" systemtimems="0.000" timestamp="2019-08-03T01:08:19.557" activeThreads="8">
  <mem-info id="198" free="3405456" total="8388608" percent="40">
    <mem type="tenure" free="3405456" total="8388608" percent="40" micro-fragmented="345322" macro-fragmented="0">
      <mem type="soa" free="3102680" total="7885824" percent="39" />
      <mem type="loa" free="302776" total="502784" percent="60" />
    </mem>
    <pending-finalizers system="0" default="0" reference="3" classloader="0" />
  </mem-info>
</gc-end>
<cycle-end id="199" type="global" contextid="192" timestamp="2019-08-03T01:08:19.557" />
  <attribute name="elasticGC enabled" value="1" />
  <attribute name= "numThreadsSpecified" value="2" />
  <attribute name="heapSize specified" value="0" />
  <attribute name= "numCores" value="8" />
  <attribute name ="GC Interval" value="0" />
  <attribute name ="Control flow" value="2" />
  <attribute name="GC Util Range Max" value="93" />
  <attribute name="Current GC Util" value="9" />
  <attribute name= "Current Time Running" value="3675" />
<allocation-satisfied id="200" threadId="0000000001811A00" bytesRequested="32" />
<af-end id="201" timestamp="2019-08-03T01:08:19.557" threadId="0000000001812388" success="true" />
<exclusive-end id="202" timestamp="2019-08-03T01:08:19.557" durationms="4.528" />

<exclusive-start id="203" timestamp="2019-08-03T01:08:19.584" intervalms="31.459">
  <response-info timems="0.085" idlems="0.085" threads="0" lastid="0000000001811A00" lastname="main" />
</exclusive-start>
<af-start id="204" threadId="0000000001812388" totalBytesRequested="24" timestamp="2019-08-03T01:08:19.584" intervalms="31.458" />
<cycle-start id="205" type="global" contextid="0" timestamp="2019-08-03T01:08:19.584" intervalms="31.420" />
<gc-start id="206" type="global" contextid="205" timestamp="2019-08-03T01:08:19.584">
  <mem-info id="207" free="302776" total="8388608" percent="3">
    <mem type="tenure" free="302776" total="8388608" percent="3">
      <mem type="soa" free="0" total="7885824" percent="0" />
      <mem type="loa" free="302776" total="502784" percent="60" />
    </mem>
  </mem-info>
</gc-start>
<allocation-stats totalBytes="3091376" >
  <allocated-bytes non-tlh="149104" tlh="2942272" />
  <largest-consumer threadName="main" threadId="0000000001811A00" bytes="3088632" />
</allocation-stats>
<gc-op id="208" type="mark" timems="4.231" contextid="205" timestamp="2019-08-03T01:08:19.588">
  <trace-info objectcount="74839" scancount="62608" scanbytes="2229116" />
  <finalization candidates="80" enqueued="0" />
  <ownableSynchronizers candidates="21" cleared="0" />
  <references type="soft" candidates="1097" cleared="96" enqueued="91" dynamicThreshold="12" maxThreshold="32" />
  <references type="weak" candidates="3849" cleared="0" enqueued="0" />
  <references type="phantom" candidates="101" cleared="0" enqueued="0" />
  <stringconstants candidates="7847" cleared="0"  />
</gc-op>
<gc-op id="209" type="sweep" timems="1.196" contextid="205" timestamp="2019-08-03T01:08:19.590" />
<gc-end id="210" type="global" contextid="205" durationms="6.715" usertimems="12.000" systemtimems="0.000" timestamp="2019-08-03T01:08:19.591" activeThreads="2">
  <mem-info id="211" free="3095832" total="8388608" percent="36">
    <mem type="tenure" free="3095832" total="8388608" percent="36" micro-fragmented="389449" macro-fragmented="0">
      <mem type="soa" free="2793056" total="7885824" percent="35" />
      <mem type="loa" free="302776" total="502784" percent="60" />
    </mem>
    <pending-finalizers system="0" default="0" reference="91" classloader="0" />
  </mem-info>
</gc-end>
<cycle-end id="212" type="global" contextid="205" timestamp="2019-08-03T01:08:19.591" />
  <attribute name="elasticGC enabled" value="1" />
  <attribute name= "numThreadsSpecified" value="2" />
  <attribute name="heapSize specified" value="0" />
  <attribute name= "numCores" value="8" />
  <attribute name ="GC Interval" value="0" />
  <attribute name ="Control flow" value="2" />
  <attribute name="GC Util Range Max" value="93" />
  <attribute name="Current GC Util" value="86" />
  <attribute name= "Current Time Running" value="3709" />
<allocation-satisfied id="213" threadId="0000000001811A00" bytesRequested="24" />
<af-end id="214" timestamp="2019-08-03T01:08:19.591" threadId="0000000001812388" success="true" />
<exclusive-end id="215" timestamp="2019-08-03T01:08:19.591" durationms="7.202" />

<exclusive-start id="216" timestamp="2019-08-03T01:08:19.603" intervalms="19.215">
  <response-info timems="0.079" idlems="0.079" threads="0" lastid="0000000001811A00" lastname="main" />
</exclusive-start>
<af-start id="217" threadId="0000000001812388" totalBytesRequested="23280" timestamp="2019-08-03T01:08:19.603" intervalms="19.172" />
<cycle-start id="218" type="global" contextid="0" timestamp="2019-08-03T01:08:19.603" intervalms="19.174" />
<gc-start id="219" type="global" contextid="218" timestamp="2019-08-03T01:08:19.603">
  <mem-info id="220" free="1423928" total="8388608" percent="16">
    <mem type="tenure" free="1423928" total="8388608" percent="16">
      <mem type="soa" free="1121152" total="7885824" percent="14" />
      <mem type="loa" free="302776" total="502784" percent="60" />
    </mem>
  </mem-info>
</gc-start>
<allocation-stats totalBytes="1645160" >
  <allocated-bytes non-tlh="47528" tlh="1597632" />
  <largest-consumer threadName="main" threadId="0000000001811A00" bytes="1644088" />
</allocation-stats>
<gc-op id="221" type="mark" timems="4.603" contextid="218" timestamp="2019-08-03T01:08:19.608">
  <trace-info objectcount="76679" scancount="64234" scanbytes="2288884" />
  <finalization candidates="80" enqueued="0" />
  <ownableSynchronizers candidates="21" cleared="0" />
  <references type="soft" candidates="1001" cleared="134" enqueued="132" dynamicThreshold="11" maxThreshold="32" />
  <references type="weak" candidates="3862" cleared="0" enqueued="0" />
  <references type="phantom" candidates="102" cleared="0" enqueued="0" />
  <stringconstants candidates="7856" cleared="14"  />
</gc-op>
<gc-op id="222" type="sweep" timems="1.047" contextid="218" timestamp="2019-08-03T01:08:19.609" />
<gc-end id="223" type="global" contextid="218" durationms="6.711" usertimems="12.000" systemtimems="0.000" timestamp="2019-08-03T01:08:19.610" activeThreads="8">
  <mem-info id="224" free="2840520" total="8388608" percent="33">
    <mem type="tenure" free="2840520" total="8388608" percent="33" micro-fragmented="548309" macro-fragmented="0">
      <mem type="soa" free="2537744" total="7885824" percent="32" />
      <mem type="loa" free="302776" total="502784" percent="60" />
    </mem>
    <pending-finalizers system="0" default="0" reference="132" classloader="0" />
  </mem-info>
</gc-end>
<cycle-end id="225" type="global" contextid="218" timestamp="2019-08-03T01:08:19.610" />
  <attribute name="elasticGC enabled" value="1" />
  <attribute name= "numThreadsSpecified" value="2" />
  <attribute name="heapSize specified" value="0" />
  <attribute name= "numCores" value="8" />
  <attribute name ="GC Interval" value="0" />
  <attribute name ="Control flow" value="1" />
  <attribute name="GC Util Range Max" value="93" />
  <attribute name="Current GC Util" value="86" />
  <attribute name= "Current Time Running" value="3728" />
<cycle-start id="226" type="global" contextid="0" timestamp="2019-08-03T01:08:19.610" intervalms="6.986" />
<gc-start id="227" type="global" contextid="226" timestamp="2019-08-03T01:08:19.610">
  <mem-info id="228" free="2840520" total="8388608" percent="33">
    <mem type="tenure" free="2840520" total="8388608" percent="33">
      <mem type="soa" free="2537744" total="7885824" percent="32" />
      <mem type="loa" free="302776" total="502784" percent="60" />
    </mem>
    <pending-finalizers system="0" default="0" reference="132" classloader="0" />
  </mem-info>
</gc-start>
<allocation-stats totalBytes="0" >
  <allocated-bytes non-tlh="0" tlh="0" />
</allocation-stats>
<heap-resize id="229" type="loa contract" space="tenure" amount="419840" count="1" timems="0.000" reason="contract on aggressive gc" timestamp="2019-08-03T01:08:19.610" />
<gc-op id="230" type="mark" timems="4.270" contextid="226" timestamp="2019-08-03T01:08:19.615">
  <trace-info objectcount="76108" scancount="63534" scanbytes="2260788" />
  <finalization candidates="80" enqueued="0" />
  <ownableSynchronizers candidates="21" cleared="0" />
  <references type="soft" candidates="867" cleared="285" enqueued="278" dynamicThreshold="10" maxThreshold="32" />
  <references type="weak" candidates="3862" cleared="0" enqueued="0" />
  <references type="phantom" candidates="102" cleared="0" enqueued="0" />
  <stringconstants candidates="7842" cleared="0"  />
</gc-op>
<gc-op id="231" type="classunload" timems="0.003" contextid="226" timestamp="2019-08-03T01:08:19.615">
  <classunload-info classloadercandidates="12" classloadersunloaded="0" classesunloaded="0" anonymousclassesunloaded="0" quiescems="0.000" setupms="0.002" scanms="0.000" postms="0.001" />
</gc-op>
<gc-op id="232" type="sweep" timems="0.317" contextid="226" timestamp="2019-08-03T01:08:19.615" />
<mem-info id="233" free="2864544" total="8388608" percent="34">
  <mem type="tenure" free="2864544" total="8388608" percent="34" micro-fragmented="663047" macro-fragmented="0">
    <mem type="soa" free="2781600" total="8305664" percent="33" />
    <mem type="loa" free="82944" total="82944" percent="100" />
  </mem>
  <pending-finalizers system="0" default="0" reference="410" classloader="0" />
</mem-info>
<gc-op id="234" type="compact" timems="16.063" contextid="226" timestamp="2019-08-03T01:08:19.631">
  <compact-info movecount="70157" movebytes="4459544" reason="compact on aggressive collection" />
</gc-op>
<gc-end id="235" type="global" contextid="226" durationms="21.493" usertimems="24.000" systemtimems="0.000" timestamp="2019-08-03T01:08:19.632" activeThreads="8">
  <mem-info id="236" free="3619192" total="8388608" percent="43">
    <mem type="tenure" free="3619192" total="8388608" percent="43">
      <mem type="soa" free="3536248" total="8305664" percent="42" />
      <mem type="loa" free="82944" total="82944" percent="100" />
    </mem>
    <pending-finalizers system="0" default="0" reference="410" classloader="0" />
  </mem-info>
</gc-end>
<cycle-end id="237" type="global" contextid="226" timestamp="2019-08-03T01:08:19.632" />
  <attribute name="elasticGC enabled" value="1" />
  <attribute name= "numThreadsSpecified" value="2" />
  <attribute name="heapSize specified" value="0" />
  <attribute name= "numCores" value="8" />
  <attribute name ="GC Interval" value="0" />
  <attribute name ="Control flow" value="2" />
  <attribute name="GC Util Range Max" value="93" />
  <attribute name="Current GC Util" value="11" />
  <attribute name= "Current Time Running" value="3751" />
<allocation-satisfied id="238" threadId="0000000001811A00" bytesRequested="23280" />
<af-end id="239" timestamp="2019-08-03T01:08:19.632" threadId="0000000001812388" success="true" />
<exclusive-end id="240" timestamp="2019-08-03T01:08:19.632" durationms="28.996" />

<exclusive-start id="241" timestamp="2019-08-03T01:08:19.668" intervalms="64.961">
  <response-info timems="0.093" idlems="0.093" threads="0" lastid="0000000001811A00" lastname="main" />
</exclusive-start>
<af-start id="242" threadId="0000000001812388" totalBytesRequested="64" timestamp="2019-08-03T01:08:19.668" intervalms="65.003" />
<cycle-start id="243" type="global" contextid="0" timestamp="2019-08-03T01:08:19.668" intervalms="58.013" />
<gc-start id="244" type="global" contextid="243" timestamp="2019-08-03T01:08:19.668">
  <mem-info id="245" free="82944" total="8388608" percent="0">
    <mem type="tenure" free="82944" total="8388608" percent="0">
      <mem type="soa" free="0" total="8305664" percent="0" />
      <mem type="loa" free="82944" total="82944" percent="100" />
    </mem>
  </mem-info>
</gc-start>
<allocation-stats totalBytes="3558360" >
  <allocated-bytes non-tlh="23752" tlh="3534608" />
  <largest-consumer threadName="main" threadId="0000000001811A00" bytes="3554264" />
</allocation-stats>
<gc-op id="246" type="mark" timems="2.195" contextid="243" timestamp="2019-08-03T01:08:19.670">
  <trace-info objectcount="79369" scancount="66269" scanbytes="2339796" />
  <finalization candidates="80" enqueued="0" />
  <ownableSynchronizers candidates="21" cleared="0" />
  <references type="soft" candidates="582" cleared="0" enqueued="0" dynamicThreshold="13" maxThreshold="32" />
  <references type="weak" candidates="3865" cleared="0" enqueued="0" />
  <references type="phantom" candidates="100" cleared="0" enqueued="0" />
  <stringconstants candidates="7849" cleared="86"  />
</gc-op>
<gc-op id="247" type="sweep" timems="0.219" contextid="243" timestamp="2019-08-03T01:08:19.671" />
<gc-end id="248" type="global" contextid="243" durationms="3.857" usertimems="8.000" systemtimems="0.000" timestamp="2019-08-03T01:08:19.672" activeThreads="2">
  <mem-info id="249" free="3284256" total="8388608" percent="39">
    <mem type="tenure" free="3284256" total="8388608" percent="39" micro-fragmented="421111" macro-fragmented="0">
      <mem type="soa" free="3201312" total="8305664" percent="38" />
      <mem type="loa" free="82944" total="82944" percent="100" />
    </mem>
  </mem-info>
</gc-end>
<cycle-end id="250" type="global" contextid="243" timestamp="2019-08-03T01:08:19.672" />
  <attribute name="elasticGC enabled" value="1" />
  <attribute name= "numThreadsSpecified" value="2" />
  <attribute name="heapSize specified" value="0" />
  <attribute name= "numCores" value="8" />
  <attribute name ="GC Interval" value="0" />
  <attribute name ="Control flow" value="1" />
  <attribute name="GC Util Range Max" value="93" />
  <attribute name="Current GC Util" value="0" />
  <attribute name= "Current Time Running" value="3790" />
<allocation-satisfied id="251" threadId="0000000001811A00" bytesRequested="64" />
<af-end id="252" timestamp="2019-08-03T01:08:19.672" threadId="0000000001812388" success="true" />
<exclusive-end id="253" timestamp="2019-08-03T01:08:19.672" durationms="4.311" />

<exclusive-start id="254" timestamp="2019-08-03T01:08:19.683" intervalms="15.230">
  <response-info timems="0.064" idlems="0.064" threads="0" lastid="0000000001811A00" lastname="main" />
</exclusive-start>
<af-start id="255" threadId="0000000001812388" totalBytesRequested="47576" timestamp="2019-08-03T01:08:19.683" intervalms="15.193" />
<cycle-start id="256" type="global" contextid="0" timestamp="2019-08-03T01:08:19.683" intervalms="15.196" />
<gc-start id="257" type="global" contextid="256" timestamp="2019-08-03T01:08:19.683">
  <mem-info id="258" free="2513576" total="8388608" percent="29">
    <mem type="tenure" free="2513576" total="8388608" percent="29">
      <mem type="soa" free="2430632" total="8305664" percent="29" />
      <mem type="loa" free="82944" total="82944" percent="100" />
    </mem>
  </mem-info>
</gc-start>
<allocation-stats totalBytes="762136" >
  <allocated-bytes non-tlh="1032" tlh="761104" />
  <largest-consumer threadName="main" threadId="0000000001811A00" bytes="762136" />
</allocation-stats>
<gc-op id="259" type="mark" timems="2.311" contextid="256" timestamp="2019-08-03T01:08:19.686">
  <trace-info objectcount="66893" scancount="52840" scanbytes="1811804" />
  <finalization candidates="80" enqueued="0" />
  <ownableSynchronizers candidates="21" cleared="0" />
  <references type="soft" candidates="582" cleared="42" enqueued="42" dynamicThreshold="12" maxThreshold="32" />
  <references type="weak" candidates="3865" cleared="1" enqueued="1" />
  <references type="phantom" candidates="100" cleared="0" enqueued="0" />
  <stringconstants candidates="7763" cleared="12"  />
</gc-op>
<gc-op id="260" type="sweep" timems="0.725" contextid="256" timestamp="2019-08-03T01:08:19.686" />
<gc-end id="261" type="global" contextid="256" durationms="4.001" usertimems="4.000" systemtimems="0.000" timestamp="2019-08-03T01:08:19.687" activeThreads="8">
  <mem-info id="262" free="3740448" total="8388608" percent="44">
    <mem type="tenure" free="3740448" total="8388608" percent="44" micro-fragmented="396567" macro-fragmented="0">
      <mem type="soa" free="3657504" total="8305664" percent="44" />
      <mem type="loa" free="82944" total="82944" percent="100" />
    </mem>
    <pending-finalizers system="0" default="0" reference="43" classloader="0" />
  </mem-info>
</gc-end>
<cycle-end id="263" type="global" contextid="256" timestamp="2019-08-03T01:08:19.687" />
  <attribute name="elasticGC enabled" value="1" />
  <attribute name= "numThreadsSpecified" value="2" />
  <attribute name="heapSize specified" value="0" />
  <attribute name= "numCores" value="8" />
  <attribute name ="GC Interval" value="0" />
  <attribute name ="Control flow" value="1" />
  <attribute name="GC Util Range Max" value="93" />
  <attribute name="Current GC Util" value="88" />
  <attribute name= "Current Time Running" value="3806" />
<allocation-satisfied id="264" threadId="0000000001811A00" bytesRequested="47576" />
<af-end id="265" timestamp="2019-08-03T01:08:19.688" threadId="0000000001812388" success="true" />
<exclusive-end id="266" timestamp="2019-08-03T01:08:19.688" durationms="4.572" />

<exclusive-start id="267" timestamp="2019-08-03T01:08:19.723" intervalms="40.372">
  <response-info timems="0.029" idlems="0.029" threads="0" lastid="0000000001811A00" lastname="main" />
</exclusive-start>
<af-start id="268" threadId="0000000001812388" totalBytesRequested="200008" timestamp="2019-08-03T01:08:19.724" intervalms="40.380" />
<cycle-start id="269" type="global" contextid="0" timestamp="2019-08-03T01:08:19.724" intervalms="40.375" />
<gc-start id="270" type="global" contextid="269" timestamp="2019-08-03T01:08:19.724">
  <mem-info id="271" free="2260048" total="8388608" percent="26">
    <mem type="tenure" free="2260048" total="8388608" percent="26">
      <mem type="soa" free="2177104" total="8305664" percent="26" />
      <mem type="loa" free="82944" total="82944" percent="100" />
    </mem>
  </mem-info>
</gc-start>
<allocation-stats totalBytes="1436536" >
  <allocated-bytes non-tlh="438088" tlh="998448" />
  <largest-consumer threadName="main" threadId="0000000001811A00" bytes="1435456" />
</allocation-stats>
<heap-resize id="272" type="loa expand" space="tenure" amount="83968" count="1" timems="0.000" reason="expand on failed allocate" timestamp="2019-08-03T01:08:19.724" />
<gc-op id="273" type="mark" timems="2.320" contextid="269" timestamp="2019-08-03T01:08:19.726">
  <trace-info objectcount="65604" scancount="54194" scanbytes="1819012" />
  <finalization candidates="80" enqueued="0" />
  <ownableSynchronizers candidates="21" cleared="0" />
  <references type="soft" candidates="959" cleared="0" enqueued="0" dynamicThreshold="14" maxThreshold="32" />
  <references type="weak" candidates="4244" cleared="9" enqueued="8" />
  <references type="phantom" candidates="102" cleared="1" enqueued="1" />
  <stringconstants candidates="8251" cleared="35"  />
</gc-op>
<gc-op id="274" type="sweep" timems="1.096" contextid="269" timestamp="2019-08-03T01:08:19.727" />
<gc-end id="275" type="global" contextid="269" durationms="4.499" usertimems="8.000" systemtimems="0.000" timestamp="2019-08-03T01:08:19.728" activeThreads="2">
  <mem-info id="276" free="3906848" total="8388608" percent="46">
    <mem type="tenure" free="3906848" total="8388608" percent="46" micro-fragmented="242012" macro-fragmented="0">
      <mem type="soa" free="3739936" total="8221696" percent="45" />
      <mem type="loa" free="166912" total="166912" percent="100" />
    </mem>
    <pending-finalizers system="0" default="0" reference="9" classloader="0" />
  </mem-info>
</gc-end>
<cycle-end id="277" type="global" contextid="269" timestamp="2019-08-03T01:08:19.728" />
  <attribute name="elasticGC enabled" value="1" />
  <attribute name= "numThreadsSpecified" value="2" />
  <attribute name="heapSize specified" value="0" />
  <attribute name= "numCores" value="8" />
  <attribute name ="GC Interval" value="0" />
  <attribute name ="Control flow" value="2" />
  <attribute name="GC Util Range Max" value="93" />
  <attribute name="Current GC Util" value="92" />
  <attribute name= "Current Time Running" value="3847" />
<allocation-satisfied id="278" threadId="0000000001811A00" bytesRequested="200008" />
<af-end id="279" timestamp="2019-08-03T01:08:19.728" threadId="0000000001812388" success="true" />
<exclusive-end id="280" timestamp="2019-08-03T01:08:19.728" durationms="4.939" />

<exclusive-start id="281" timestamp="2019-08-03T01:08:19.749" intervalms="25.685">
  <response-info timems="0.072" idlems="0.072" threads="0" lastid="0000000001811A00" lastname="main" />
</exclusive-start>
<af-start id="282" threadId="0000000001812388" totalBytesRequested="32" timestamp="2019-08-03T01:08:19.749" intervalms="25.740" />
<cycle-start id="283" type="global" contextid="0" timestamp="2019-08-03T01:08:19.749" intervalms="25.787" />
<gc-start id="284" type="global" contextid="283" timestamp="2019-08-03T01:08:19.750">
  <mem-info id="285" free="166912" total="8388608" percent="1">
    <mem type="tenure" free="166912" total="8388608" percent="1">
      <mem type="soa" free="0" total="8221696" percent="0" />
      <mem type="loa" free="166912" total="166912" percent="100" />
    </mem>
  </mem-info>
</gc-start>
<allocation-stats totalBytes="3926168" >
  <allocated-bytes non-tlh="535264" tlh="3390904" />
  <largest-consumer threadName="main" threadId="0000000001811A00" bytes="3926168" />
</allocation-stats>
<gc-op id="286" type="mark" timems="6.828" contextid="283" timestamp="2019-08-03T01:08:19.757">
  <trace-info objectcount="75168" scancount="62868" scanbytes="2198592" />
  <finalization candidates="80" enqueued="0" />
  <ownableSynchronizers candidates="21" cleared="0" />
  <references type="soft" candidates="1013" cleared="0" enqueued="0" dynamicThreshold="14" maxThreshold="32" />
  <references type="weak" candidates="4237" cleared="0" enqueued="0" />
  <references type="phantom" candidates="101" cleared="0" enqueued="0" />
  <stringconstants candidates="8267" cleared="0"  />
</gc-op>
<gc-op id="287" type="sweep" timems="1.243" contextid="283" timestamp="2019-08-03T01:08:19.758" />
<gc-end id="288" type="global" contextid="283" durationms="9.450" usertimems="12.000" systemtimems="0.000" timestamp="2019-08-03T01:08:19.759" activeThreads="2">
  <mem-info id="289" free="3165312" total="8388608" percent="37">
    <mem type="tenure" free="3165312" total="8388608" percent="37" micro-fragmented="432957" macro-fragmented="0">
      <mem type="soa" free="2998400" total="8221696" percent="36" />
      <mem type="loa" free="166912" total="166912" percent="100" />
    </mem>
  </mem-info>
</gc-end>
<cycle-end id="290" type="global" contextid="283" timestamp="2019-08-03T01:08:19.759" />
  <attribute name="elasticGC enabled" value="1" />
  <attribute name= "numThreadsSpecified" value="2" />
  <attribute name="heapSize specified" value="0" />
  <attribute name= "numCores" value="8" />
  <attribute name ="GC Interval" value="0" />
  <attribute name ="Control flow" value="2" />
  <attribute name="GC Util Range Max" value="93" />
  <attribute name="Current GC Util" value="85" />
  <attribute name= "Current Time Running" value="3877" />
<allocation-satisfied id="291" threadId="0000000001811A00" bytesRequested="32" />
<af-end id="292" timestamp="2019-08-03T01:08:19.759" threadId="0000000001812388" success="true" />
<exclusive-end id="293" timestamp="2019-08-03T01:08:19.759" durationms="10.069" />

<exclusive-start id="294" timestamp="2019-08-03T01:08:19.771" intervalms="21.433">
  <response-info timems="0.072" idlems="0.072" threads="0" lastid="0000000001811A00" lastname="main" />
</exclusive-start>
<af-start id="295" threadId="0000000001812388" totalBytesRequested="24" timestamp="2019-08-03T01:08:19.771" intervalms="21.368" />
<cycle-start id="296" type="global" contextid="0" timestamp="2019-08-03T01:08:19.771" intervalms="21.318" />
<gc-start id="297" type="global" contextid="296" timestamp="2019-08-03T01:08:19.771">
  <mem-info id="298" free="166912" total="8388608" percent="1">
    <mem type="tenure" free="166912" total="8388608" percent="1">
      <mem type="soa" free="0" total="8221696" percent="0" />
      <mem type="loa" free="166912" total="166912" percent="100" />
    </mem>
  </mem-info>
</gc-start>
<allocation-stats totalBytes="2989160" >
  <allocated-bytes non-tlh="71656" tlh="2917504" />
  <largest-consumer threadName="main" threadId="0000000001811A00" bytes="2989160" />
</allocation-stats>
<gc-op id="299" type="mark" timems="6.009" contextid="296" timestamp="2019-08-03T01:08:19.777">
  <trace-info objectcount="77290" scancount="64922" scanbytes="2225628" />
  <finalization candidates="80" enqueued="0" />
  <ownableSynchronizers candidates="21" cleared="0" />
  <references type="soft" candidates="1013" cleared="0" enqueued="0" dynamicThreshold="12" maxThreshold="32" />
  <references type="weak" candidates="4255" cleared="0" enqueued="0" />
  <references type="phantom" candidates="100" cleared="0" enqueued="0" />
  <stringconstants candidates="8281" cleared="0"  />
</gc-op>
<gc-op id="300" type="sweep" timems="0.219" contextid="296" timestamp="2019-08-03T01:08:19.777" />
<gc-end id="301" type="global" contextid="296" durationms="7.492" usertimems="12.000" systemtimems="0.000" timestamp="2019-08-03T01:08:19.778" activeThreads="8">
  <mem-info id="302" free="3124424" total="8388608" percent="37">
    <mem type="tenure" free="3124424" total="8388608" percent="37" micro-fragmented="599529" macro-fragmented="0">
      <mem type="soa" free="2957512" total="8221696" percent="35" />
      <mem type="loa" free="166912" total="166912" percent="100" />
    </mem>
  </mem-info>
</gc-end>
<cycle-end id="303" type="global" contextid="296" timestamp="2019-08-03T01:08:19.778" />
  <attribute name="elasticGC enabled" value="1" />
  <attribute name= "numThreadsSpecified" value="1" />
  <attribute name="heapSize specified" value="0" />
  <attribute name= "numCores" value="8" />
  <attribute name ="GC Interval" value="0" />
  <attribute name ="Control flow" value="2" />
  <attribute name="GC Util Range Max" value="93" />
  <attribute name="Current GC Util" value="0" />
  <attribute name= "Current Time Running" value="3897" />
<allocation-satisfied id="304" threadId="0000000001811A00" bytesRequested="24" />
<af-end id="305" timestamp="2019-08-03T01:08:19.778" threadId="0000000001812388" success="true" />
<exclusive-end id="306" timestamp="2019-08-03T01:08:19.779" durationms="7.962" />

<exclusive-start id="307" timestamp="2019-08-03T01:08:19.792" intervalms="21.539">
  <response-info timems="0.040" idlems="0.040" threads="0" lastid="0000000001811A00" lastname="main" />
</exclusive-start>
<af-start id="308" threadId="0000000001812388" totalBytesRequested="31064" timestamp="2019-08-03T01:08:19.792" intervalms="21.567" />
<cycle-start id="309" type="global" contextid="0" timestamp="2019-08-03T01:08:19.792" intervalms="21.571" />
<gc-start id="310" type="global" contextid="309" timestamp="2019-08-03T01:08:19.792">
  <mem-info id="311" free="1479944" total="8388608" percent="17">
    <mem type="tenure" free="1479944" total="8388608" percent="17">
      <mem type="soa" free="1313032" total="8221696" percent="15" />
      <mem type="loa" free="166912" total="166912" percent="100" />
    </mem>
  </mem-info>
</gc-start>
<allocation-stats totalBytes="1623000" >
  <allocated-bytes non-tlh="41048" tlh="1581952" />
  <largest-consumer threadName="main" threadId="0000000001811A00" bytes="1623000" />
</allocation-stats>
<gc-op id="312" type="mark" timems="5.457" contextid="309" timestamp="2019-08-03T01:08:19.798">
  <trace-info objectcount="70800" scancount="57755" scanbytes="1967852" />
  <finalization candidates="80" enqueued="0" />
  <ownableSynchronizers candidates="21" cleared="0" />
  <references type="soft" candidates="1013" cleared="0" enqueued="0" dynamicThreshold="11" maxThreshold="32" />
  <references type="weak" candidates="4255" cleared="1" enqueued="1" />
  <references type="phantom" candidates="100" cleared="0" enqueued="0" />
  <stringconstants candidates="8281" cleared="12"  />
</gc-op>
<gc-op id="313" type="sweep" timems="0.228" contextid="309" timestamp="2019-08-03T01:08:19.798" />
<gc-end id="314" type="global" contextid="309" durationms="6.863" usertimems="12.000" systemtimems="0.000" timestamp="2019-08-03T01:08:19.799" activeThreads="8">
  <mem-info id="315" free="3508944" total="8388608" percent="41">
    <mem type="tenure" free="3508944" total="8388608" percent="41" micro-fragmented="484810" macro-fragmented="0">
      <mem type="soa" free="3342032" total="8221696" percent="40" />
      <mem type="loa" free="166912" total="166912" percent="100" />
    </mem>
    <pending-finalizers system="0" default="0" reference="1" classloader="0" />
  </mem-info>
</gc-end>
<cycle-end id="316" type="global" contextid="309" timestamp="2019-08-03T01:08:19.799" />
  <attribute name="elasticGC enabled" value="1" />
  <attribute name= "numThreadsSpecified" value="1" />
  <attribute name="heapSize specified" value="0" />
  <attribute name= "numCores" value="8" />
  <attribute name ="GC Interval" value="0" />
  <attribute name ="Control flow" value="1" />
  <attribute name="GC Util Range Max" value="93" />
  <attribute name="Current GC Util" value="0" />
  <attribute name= "Current Time Running" value="3918" />
<allocation-satisfied id="317" threadId="0000000001811A00" bytesRequested="31064" />
<af-end id="318" timestamp="2019-08-03T01:08:19.799" threadId="0000000001812388" success="true" />
<exclusive-end id="319" timestamp="2019-08-03T01:08:19.799" durationms="7.300" />

<exclusive-start id="320" timestamp="2019-08-03T01:08:19.805" intervalms="12.443">
  <response-info timems="0.024" idlems="0.024" threads="0" lastid="0000000001811A00" lastname="main" />
</exclusive-start>
<af-start id="321" threadId="0000000001812388" totalBytesRequested="200008" timestamp="2019-08-03T01:08:19.805" intervalms="12.406" />
<cycle-start id="322" type="global" contextid="0" timestamp="2019-08-03T01:08:19.805" intervalms="12.402" />
<gc-start id="323" type="global" contextid="322" timestamp="2019-08-03T01:08:19.805">
  <mem-info id="324" free="3247928" total="8388608" percent="38">
    <mem type="tenure" free="3247928" total="8388608" percent="38">
      <mem type="soa" free="3081016" total="8221696" percent="37" />
      <mem type="loa" free="166912" total="166912" percent="100" />
    </mem>
  </mem-info>
</gc-start>
<allocation-stats totalBytes="277544" >
  <allocated-bytes non-tlh="217320" tlh="60224" />
  <largest-consumer threadName="main" threadId="0000000001811A00" bytes="276568" />
</allocation-stats>
<heap-resize id="325" type="loa expand" space="tenure" amount="83968" count="1" timems="0.000" reason="expand on failed allocate" timestamp="2019-08-03T01:08:19.805" />
<gc-op id="326" type="mark" timems="4.242" contextid="322" timestamp="2019-08-03T01:08:19.809">
  <trace-info objectcount="66636" scancount="55077" scanbytes="1846676" />
  <finalization candidates="80" enqueued="0" />
  <ownableSynchronizers candidates="21" cleared="0" />
  <references type="soft" candidates="1014" cleared="0" enqueued="0" dynamicThreshold="13" maxThreshold="32" />
  <references type="weak" candidates="4253" cleared="0" enqueued="0" />
  <references type="phantom" candidates="101" cleared="0" enqueued="0" />
  <stringconstants candidates="8367" cleared="0"  />
</gc-op>
<gc-op id="327" type="classunload" timems="0.002" contextid="322" timestamp="2019-08-03T01:08:19.809">
  <classunload-info classloadercandidates="15" classloadersunloaded="0" classesunloaded="0" anonymousclassesunloaded="0" quiescems="0.000" setupms="0.002" scanms="0.000" postms="0.000" />
</gc-op>
<gc-op id="328" type="sweep" timems="0.209" contextid="322" timestamp="2019-08-03T01:08:19.809" />
<gc-end id="329" type="global" contextid="322" durationms="5.444" usertimems="4.000" systemtimems="0.000" timestamp="2019-08-03T01:08:19.810" activeThreads="8">
  <mem-info id="330" free="3833600" total="8388608" percent="45">
    <mem type="tenure" free="3833600" total="8388608" percent="45" micro-fragmented="304638" macro-fragmented="0">
      <mem type="soa" free="3582720" total="8137728" percent="44" />
      <mem type="loa" free="250880" total="250880" percent="100" />
    </mem>
  </mem-info>
</gc-end>
<cycle-end id="331" type="global" contextid="322" timestamp="2019-08-03T01:08:19.810" />
  <attribute name="elasticGC enabled" value="1" />
  <attribute name= "numThreadsSpecified" value="2" />
  <attribute name="heapSize specified" value="0" />
  <attribute name= "numCores" value="8" />
  <attribute name ="GC Interval" value="0" />
  <attribute name ="Control flow" value="2" />
  <attribute name="GC Util Range Max" value="93" />
  <attribute name="Current GC Util" value="13" />
  <attribute name= "Current Time Running" value="3929" />
<allocation-satisfied id="332" threadId="0000000001811A00" bytesRequested="200008" />
<af-end id="333" timestamp="2019-08-03T01:08:19.810" threadId="0000000001812388" success="true" />
<exclusive-end id="334" timestamp="2019-08-03T01:08:19.810" durationms="5.851" />

<exclusive-start id="335" timestamp="2019-08-03T01:08:19.875" intervalms="70.271">
  <response-info timems="0.025" idlems="0.025" threads="0" lastid="0000000001811A00" lastname="main" />
</exclusive-start>
<sys-start reason="explicit" id="336" timestamp="2019-08-03T01:08:19.875" intervalms="5377.459" />
<cycle-start id="337" type="global" contextid="0" timestamp="2019-08-03T01:08:19.875" intervalms="70.307" />
<gc-start id="338" type="global" contextid="337" timestamp="2019-08-03T01:08:19.875">
  <mem-info id="339" free="309496" total="8388608" percent="3">
    <mem type="tenure" free="309496" total="8388608" percent="3">
      <mem type="soa" free="58616" total="8137728" percent="0" />
      <mem type="loa" free="250880" total="250880" percent="100" />
    </mem>
  </mem-info>
</gc-start>
<allocation-stats totalBytes="3714984" >
  <allocated-bytes non-tlh="503032" tlh="3211952" />
  <largest-consumer threadName="main" threadId="0000000001811A00" bytes="3714984" />
</allocation-stats>
<gc-op id="340" type="mark" timems="11.195" contextid="337" timestamp="2019-08-03T01:08:19.886">
  <trace-info objectcount="71908" scancount="60009" scanbytes="2022248" />
  <finalization candidates="80" enqueued="0" />
  <ownableSynchronizers candidates="21" cleared="0" />
  <references type="soft" candidates="1349" cleared="1" enqueued="1" dynamicThreshold="14" maxThreshold="32" />
  <references type="weak" candidates="4532" cleared="33" enqueued="31" />
  <references type="phantom" candidates="103" cleared="3" enqueued="3" />
  <stringconstants candidates="8659" cleared="15"  />
</gc-op>
<gc-op id="341" type="classunload" timems="0.342" contextid="337" timestamp="2019-08-03T01:08:19.887">
  <classunload-info classloadercandidates="17" classloadersunloaded="1" classesunloaded="1" anonymousclassesunloaded="0" quiescems="0.000" setupms="0.333" scanms="0.007" postms="0.002" />
</gc-op>
<gc-op id="342" type="sweep" timems="0.337" contextid="337" timestamp="2019-08-03T01:08:19.887" />
<mem-info id="343" free="3764040" total="8388608" percent="44">
  <mem type="tenure" free="3764040" total="8388608" percent="44" micro-fragmented="372062" macro-fragmented="0">
    <mem type="soa" free="3513160" total="8137728" percent="43" />
    <mem type="loa" free="250880" total="250880" percent="100" />
  </mem>
  <pending-finalizers system="0" default="0" reference="35" classloader="0" />
</mem-info>
<gc-op id="344" type="compact" timems="16.042" contextid="337" timestamp="2019-08-03T01:08:19.903">
  <compact-info movecount="70131" movebytes="4042016" reason="compact on aggressive collection" />
</gc-op>
<gc-end id="345" type="global" contextid="337" durationms="28.654" usertimems="36.000" systemtimems="0.000" timestamp="2019-08-03T01:08:19.904" activeThreads="8">
  <mem-info id="346" free="4233232" total="8388608" percent="50">
    <mem type="tenure" free="4233232" total="8388608" percent="50">
      <mem type="soa" free="3982352" total="8137728" percent="48" />
      <mem type="loa" free="250880" total="250880" percent="100" />
    </mem>
    <pending-finalizers system="0" default="0" reference="35" classloader="0" />
  </mem-info>
</gc-end>
<cycle-end id="347" type="global" contextid="337" timestamp="2019-08-03T01:08:19.904" />
  <attribute name="elasticGC enabled" value="1" />
  <attribute name= "numThreadsSpecified" value="2" />
  <attribute name="heapSize specified" value="0" />
  <attribute name= "numCores" value="8" />
  <attribute name ="GC Interval" value="0" />
  <attribute name ="Control flow" value="2" />
  <attribute name="GC Util Range Max" value="93" />
  <attribute name="Current GC Util" value="24" />
  <attribute name= "Current Time Running" value="4023" />
<sys-end id="348" timestamp="2019-08-03T01:08:19.904" />
<exclusive-end id="349" timestamp="2019-08-03T01:08:19.904" durationms="29.137" />

<exclusive-start id="350" timestamp="2019-08-03T01:08:20.006" intervalms="130.705">
  <response-info timems="0.080" idlems="0.080" threads="0" lastid="0000000001811A00" lastname="main" />
</exclusive-start>
<af-start id="351" threadId="0000000001812388" totalBytesRequested="24" timestamp="2019-08-03T01:08:20.006" intervalms="201.044" />
<cycle-start id="352" type="global" contextid="0" timestamp="2019-08-03T01:08:20.006" intervalms="130.751" />
<gc-start id="353" type="global" contextid="352" timestamp="2019-08-03T01:08:20.006">
  <mem-info id="354" free="250880" total="8388608" percent="2">
    <mem type="tenure" free="250880" total="8388608" percent="2">
      <mem type="soa" free="0" total="8137728" percent="0" />
      <mem type="loa" free="250880" total="250880" percent="100" />
    </mem>
  </mem-info>
</gc-start>
<allocation-stats totalBytes="3982008" >
  <allocated-bytes non-tlh="463896" tlh="3518112" />
  <largest-consumer threadName="main" threadId="0000000001811A00" bytes="3977912" />
</allocation-stats>
<gc-op id="355" type="mark" timems="6.335" contextid="352" timestamp="2019-08-03T01:08:20.012">
  <trace-info objectcount="72324" scancount="60408" scanbytes="2070304" />
  <finalization candidates="80" enqueued="0" />
  <ownableSynchronizers candidates="21" cleared="0" />
  <references type="soft" candidates="1383" cleared="0" enqueued="0" dynamicThreshold="16" maxThreshold="32" />
  <references type="weak" candidates="4514" cleared="7" enqueued="7" />
  <references type="phantom" candidates="105" cleared="5" enqueued="5" />
  <stringconstants candidates="8676" cleared="12"  />
</gc-op>
<gc-op id="356" type="sweep" timems="1.015" contextid="352" timestamp="2019-08-03T01:08:20.013" />
<gc-end id="357" type="global" contextid="352" durationms="8.547" usertimems="16.000" systemtimems="0.000" timestamp="2019-08-03T01:08:20.014" activeThreads="2">
  <mem-info id="358" free="4152400" total="8388608" percent="49">
    <mem type="tenure" free="4152400" total="8388608" percent="49" micro-fragmented="1026" macro-fragmented="0">
      <mem type="soa" free="3901520" total="8137728" percent="47" />
      <mem type="loa" free="250880" total="250880" percent="100" />
    </mem>
    <pending-finalizers system="0" default="0" reference="12" classloader="0" />
  </mem-info>
</gc-end>
<cycle-end id="359" type="global" contextid="352" timestamp="2019-08-03T01:08:20.015" />
  <attribute name="elasticGC enabled" value="1" />
  <attribute name= "numThreadsSpecified" value="2" />
  <attribute name="heapSize specified" value="0" />
  <attribute name= "numCores" value="8" />
  <attribute name ="GC Interval" value="0" />
  <attribute name ="Control flow" value="2" />
  <attribute name="GC Util Range Max" value="93" />
  <attribute name="Current GC Util" value="87" />
  <attribute name= "Current Time Running" value="4133" />
<allocation-satisfied id="360" threadId="0000000001811A00" bytesRequested="24" />
<af-end id="361" timestamp="2019-08-03T01:08:20.015" threadId="0000000001812388" success="true" />
<exclusive-end id="362" timestamp="2019-08-03T01:08:20.015" durationms="9.144" />

<exclusive-start id="363" timestamp="2019-08-03T01:08:20.095" intervalms="89.120">
  <response-info timems="0.089" idlems="0.089" threads="0" lastid="0000000001811A00" lastname="main" />
</exclusive-start>
<af-start id="364" threadId="0000000001812388" totalBytesRequested="24" timestamp="2019-08-03T01:08:20.095" intervalms="89.102" />
<cycle-start id="365" type="global" contextid="0" timestamp="2019-08-03T01:08:20.095" intervalms="89.139" />
<gc-start id="366" type="global" contextid="365" timestamp="2019-08-03T01:08:20.095">
  <mem-info id="367" free="250880" total="8388608" percent="2">
    <mem type="tenure" free="250880" total="8388608" percent="2">
      <mem type="soa" free="0" total="8137728" percent="0" />
      <mem type="loa" free="250880" total="250880" percent="100" />
    </mem>
  </mem-info>
</gc-start>
<allocation-stats totalBytes="3909016" >
  <allocated-bytes non-tlh="65568" tlh="3843448" />
  <largest-consumer threadName="main" threadId="0000000001811A00" bytes="3904920" />
</allocation-stats>
<gc-op id="368" type="mark" timems="6.626" contextid="365" timestamp="2019-08-03T01:08:20.102">
  <trace-info objectcount="72301" scancount="60381" scanbytes="2069648" />
  <finalization candidates="80" enqueued="0" />
  <ownableSynchronizers candidates="21" cleared="0" />
  <references type="soft" candidates="1383" cleared="0" enqueued="0" dynamicThreshold="15" maxThreshold="32" />
  <references type="weak" candidates="4506" cleared="0" enqueued="0" />
  <references type="phantom" candidates="100" cleared="0" enqueued="0" />
  <stringconstants candidates="8664" cleared="0"  />
</gc-op>
<gc-op id="369" type="sweep" timems="1.333" contextid="365" timestamp="2019-08-03T01:08:20.103" />
<gc-end id="370" type="global" contextid="365" durationms="8.905" usertimems="16.000" systemtimems="0.000" timestamp="2019-08-03T01:08:20.104" activeThreads="8">
  <mem-info id="371" free="4153408" total="8388608" percent="49">
    <mem type="tenure" free="4153408" total="8388608" percent="49" micro-fragmented="17957" macro-fragmented="0">
      <mem type="soa" free="3902528" total="8137728" percent="47" />
      <mem type="loa" free="250880" total="250880" percent="100" />
    </mem>
  </mem-info>
</gc-end>
<cycle-end id="372" type="global" contextid="365" timestamp="2019-08-03T01:08:20.104" />
  <attribute name="elasticGC enabled" value="1" />
  <attribute name= "numThreadsSpecified" value="2" />
  <attribute name="heapSize specified" value="0" />
  <attribute name= "numCores" value="8" />
  <attribute name ="GC Interval" value="0" />
  <attribute name ="Control flow" value="2" />
  <attribute name="GC Util Range Max" value="93" />
  <attribute name="Current GC Util" value="122" />
  <attribute name= "Current Time Running" value="4223" />
<allocation-satisfied id="373" threadId="0000000001811A00" bytesRequested="24" />
<af-end id="374" timestamp="2019-08-03T01:08:20.104" threadId="0000000001812388" success="true" />
<exclusive-end id="375" timestamp="2019-08-03T01:08:20.104" durationms="9.429" />

<exclusive-start id="376" timestamp="2019-08-03T01:08:20.184" intervalms="89.438">
  <response-info timems="0.093" idlems="0.093" threads="0" lastid="0000000001811A00" lastname="main" />
</exclusive-start>
<af-start id="377" threadId="0000000001812388" totalBytesRequested="24" timestamp="2019-08-03T01:08:20.184" intervalms="89.496" />
<cycle-start id="378" type="global" contextid="0" timestamp="2019-08-03T01:08:20.184" intervalms="89.565" />
<gc-start id="379" type="global" contextid="378" timestamp="2019-08-03T01:08:20.185">
  <mem-info id="380" free="250880" total="8388608" percent="2">
    <mem type="tenure" free="250880" total="8388608" percent="2">
      <mem type="soa" free="0" total="8137728" percent="0" />
      <mem type="loa" free="250880" total="250880" percent="100" />
    </mem>
  </mem-info>
</gc-start>
<allocation-stats totalBytes="3910080" >
  <allocated-bytes non-tlh="0" tlh="3910080" />
  <largest-consumer threadName="main" threadId="0000000001811A00" bytes="3910080" />
</allocation-stats>
<gc-op id="381" type="mark" timems="3.540" contextid="378" timestamp="2019-08-03T01:08:20.188">
  <trace-info objectcount="72301" scancount="60385" scanbytes="2069648" />
  <finalization candidates="80" enqueued="0" />
  <ownableSynchronizers candidates="21" cleared="0" />
  <references type="soft" candidates="1383" cleared="0" enqueued="0" dynamicThreshold="15" maxThreshold="32" />
  <references type="weak" candidates="4506" cleared="0" enqueued="0" />
  <references type="phantom" candidates="100" cleared="0" enqueued="0" />
  <stringconstants candidates="8664" cleared="0"  />
</gc-op>
<gc-op id="382" type="sweep" timems="0.133" contextid="378" timestamp="2019-08-03T01:08:20.189" />
<gc-end id="383" type="global" contextid="378" durationms="4.893" usertimems="8.000" systemtimems="0.000" timestamp="2019-08-03T01:08:20.189" activeThreads="2">
  <mem-info id="384" free="4153576" total="8388608" percent="49">
    <mem type="tenure" free="4153576" total="8388608" percent="49" micro-fragmented="17960" macro-fragmented="0">
      <mem type="soa" free="3902696" total="8137728" percent="47" />
      <mem type="loa" free="250880" total="250880" percent="100" />
    </mem>
  </mem-info>
</gc-end>
<cycle-end id="385" type="global" contextid="378" timestamp="2019-08-03T01:08:20.190" />
  <attribute name="elasticGC enabled" value="1" />
  <attribute name= "numThreadsSpecified" value="2" />
  <attribute name="heapSize specified" value="0" />
  <attribute name= "numCores" value="8" />
  <attribute name ="GC Interval" value="0" />
  <attribute name ="Control flow" value="1" />
  <attribute name="GC Util Range Max" value="93" />
  <attribute name="Current GC Util" value="0" />
  <attribute name= "Current Time Running" value="4308" />
<allocation-satisfied id="386" threadId="0000000001811A00" bytesRequested="24" />
<af-end id="387" timestamp="2019-08-03T01:08:20.190" threadId="0000000001812388" success="true" />
<exclusive-end id="388" timestamp="2019-08-03T01:08:20.190" durationms="5.711" />

<exclusive-start id="389" timestamp="2019-08-03T01:08:20.246" intervalms="61.681">
  <response-info timems="0.086" idlems="0.086" threads="0" lastid="0000000001811A00" lastname="main" />
</exclusive-start>
<af-start id="390" threadId="0000000001812388" totalBytesRequested="32784" timestamp="2019-08-03T01:08:20.246" intervalms="61.627" />
<cycle-start id="391" type="global" contextid="0" timestamp="2019-08-03T01:08:20.246" intervalms="61.574" />
<gc-start id="392" type="global" contextid="391" timestamp="2019-08-03T01:08:20.246">
  <mem-info id="393" free="250880" total="8388608" percent="2">
    <mem type="tenure" free="250880" total="8388608" percent="2">
      <mem type="soa" free="0" total="8137728" percent="0" />
      <mem type="loa" free="250880" total="250880" percent="100" />
    </mem>
  </mem-info>
</gc-start>
<allocation-stats totalBytes="3884712" >
  <allocated-bytes non-tlh="0" tlh="3884712" />
  <largest-consumer threadName="main" threadId="0000000001811A00" bytes="3884712" />
</allocation-stats>
<gc-op id="394" type="mark" timems="1.807" contextid="391" timestamp="2019-08-03T01:08:20.248">
  <trace-info objectcount="72307" scancount="60388" scanbytes="2069748" />
  <finalization candidates="80" enqueued="0" />
  <ownableSynchronizers candidates="21" cleared="0" />
  <references type="soft" candidates="1383" cleared="0" enqueued="0" dynamicThreshold="15" maxThreshold="32" />
  <references type="weak" candidates="4506" cleared="0" enqueued="0" />
  <references type="phantom" candidates="100" cleared="0" enqueued="0" />
  <stringconstants candidates="8664" cleared="0"  />
</gc-op>
<gc-op id="395" type="sweep" timems="0.182" contextid="391" timestamp="2019-08-03T01:08:20.248" />
<gc-end id="396" type="global" contextid="391" durationms="3.089" usertimems="4.000" systemtimems="0.000" timestamp="2019-08-03T01:08:20.249" activeThreads="2">
  <mem-info id="397" free="4153576" total="8388608" percent="49">
    <mem type="tenure" free="4153576" total="8388608" percent="49" micro-fragmented="17964" macro-fragmented="0">
      <mem type="soa" free="3902696" total="8137728" percent="47" />
      <mem type="loa" free="250880" total="250880" percent="100" />
    </mem>
  </mem-info>
</gc-end>
<cycle-end id="398" type="global" contextid="391" timestamp="2019-08-03T01:08:20.249" />
  <attribute name="elasticGC enabled" value="1" />
  <attribute name= "numThreadsSpecified" value="2" />
  <attribute name="heapSize specified" value="0" />
  <attribute name= "numCores" value="8" />
  <attribute name ="GC Interval" value="0" />
  <attribute name ="Control flow" value="1" />
  <attribute name="GC Util Range Max" value="93" />
  <attribute name="Current GC Util" value="11" />
  <attribute name= "Current Time Running" value="4368" />
<allocation-satisfied id="399" threadId="0000000001811A00" bytesRequested="32784" />
<af-end id="400" timestamp="2019-08-03T01:08:20.249" threadId="0000000001812388" success="true" />
<exclusive-end id="401" timestamp="2019-08-03T01:08:20.250" durationms="3.752" />

<exclusive-start id="402" timestamp="2019-08-03T01:08:20.265" intervalms="18.780">
  <response-info timems="0.080" idlems="0.080" threads="0" lastid="0000000001811A00" lastname="main" />
</exclusive-start>
<af-start id="403" threadId="0000000001812388" totalBytesRequested="24" timestamp="2019-08-03T01:08:20.265" intervalms="18.786" />
<cycle-start id="404" type="global" contextid="0" timestamp="2019-08-03T01:08:20.265" intervalms="18.774" />
<gc-start id="405" type="global" contextid="404" timestamp="2019-08-03T01:08:20.265">
  <mem-info id="406" free="250880" total="8388608" percent="2">
    <mem type="tenure" free="250880" total="8388608" percent="2">
      <mem type="soa" free="0" total="8137728" percent="0" />
      <mem type="loa" free="250880" total="250880" percent="100" />
    </mem>
  </mem-info>
</gc-start>
<allocation-stats totalBytes="3910280" >
  <allocated-bytes non-tlh="131136" tlh="3779144" />
  <largest-consumer threadName="main" threadId="0000000001811A00" bytes="3910280" />
</allocation-stats>
<gc-op id="407" type="mark" timems="2.340" contextid="404" timestamp="2019-08-03T01:08:20.267">
  <trace-info objectcount="72302" scancount="60381" scanbytes="2069672" />
  <finalization candidates="80" enqueued="0" />
  <ownableSynchronizers candidates="21" cleared="0" />
  <references type="soft" candidates="1383" cleared="0" enqueued="0" dynamicThreshold="15" maxThreshold="32" />
  <references type="weak" candidates="4506" cleared="0" enqueued="0" />
  <references type="phantom" candidates="100" cleared="0" enqueued="0" />
  <stringconstants candidates="8664" cleared="0"  />
</gc-op>
<gc-op id="408" type="sweep" timems="0.174" contextid="404" timestamp="2019-08-03T01:08:20.268" />
<gc-end id="409" type="global" contextid="404" durationms="3.397" usertimems="4.000" systemtimems="0.000" timestamp="2019-08-03T01:08:20.268" activeThreads="8">
  <mem-info id="410" free="4153440" total="8388608" percent="49">
    <mem type="tenure" free="4153440" total="8388608" percent="49" micro-fragmented="17957" macro-fragmented="0">
      <mem type="soa" free="3902560" total="8137728" percent="47" />
      <mem type="loa" free="250880" total="250880" percent="100" />
    </mem>
  </mem-info>
</gc-end>
<cycle-end id="411" type="global" contextid="404" timestamp="2019-08-03T01:08:20.268" />
  <attribute name="elasticGC enabled" value="1" />
  <attribute name= "numThreadsSpecified" value="2" />
  <attribute name="heapSize specified" value="0" />
  <attribute name= "numCores" value="8" />
  <attribute name ="GC Interval" value="0" />
  <attribute name ="Control flow" value="2" />
  <attribute name="GC Util Range Max" value="93" />
  <attribute name="Current GC Util" value="10" />
  <attribute name= "Current Time Running" value="4387" />
<allocation-satisfied id="412" threadId="0000000001811A00" bytesRequested="24" />
<af-end id="413" timestamp="2019-08-03T01:08:20.269" threadId="0000000001812388" success="true" />
<exclusive-end id="414" timestamp="2019-08-03T01:08:20.269" durationms="4.019" />

<exclusive-start id="415" timestamp="2019-08-03T01:08:20.283" intervalms="18.645">
  <response-info timems="0.073" idlems="0.073" threads="0" lastid="0000000001811A00" lastname="main" />
</exclusive-start>
<af-start id="416" threadId="0000000001812388" totalBytesRequested="24" timestamp="2019-08-03T01:08:20.283" intervalms="18.609" />
<cycle-start id="417" type="global" contextid="0" timestamp="2019-08-03T01:08:20.283" intervalms="18.643" />
<gc-start id="418" type="global" contextid="417" timestamp="2019-08-03T01:08:20.284">
  <mem-info id="419" free="250880" total="8388608" percent="2">
    <mem type="tenure" free="250880" total="8388608" percent="2">
      <mem type="soa" free="0" total="8137728" percent="0" />
      <mem type="loa" free="250880" total="250880" percent="100" />
    </mem>
  </mem-info>
</gc-start>
<allocation-stats totalBytes="3910152" >
  <allocated-bytes non-tlh="0" tlh="3910152" />
  <largest-consumer threadName="main" threadId="0000000001811A00" bytes="3910152" />
</allocation-stats>
<heap-resize id="420" type="loa contract" space="tenure" amount="83968" count="1" timems="0.000" reason="contract underutilized loa" timestamp="2019-08-03T01:08:20.284" />
<gc-op id="421" type="mark" timems="2.383" contextid="417" timestamp="2019-08-03T01:08:20.286">
  <trace-info objectcount="72301" scancount="60382" scanbytes="2069648" />
  <finalization candidates="80" enqueued="0" />
  <ownableSynchronizers candidates="21" cleared="0" />
  <references type="soft" candidates="1383" cleared="0" enqueued="0" dynamicThreshold="15" maxThreshold="32" />
  <references type="weak" candidates="4506" cleared="0" enqueued="0" />
  <references type="phantom" candidates="100" cleared="0" enqueued="0" />
  <stringconstants candidates="8664" cleared="0"  />
</gc-op>
<gc-op id="422" type="sweep" timems="0.188" contextid="417" timestamp="2019-08-03T01:08:20.286" />
<gc-end id="423" type="global" contextid="417" durationms="3.711" usertimems="8.000" systemtimems="0.000" timestamp="2019-08-03T01:08:20.287" activeThreads="2">
  <mem-info id="424" free="4153576" total="8388608" percent="49">
    <mem type="tenure" free="4153576" total="8388608" percent="49" micro-fragmented="17957" macro-fragmented="0">
      <mem type="soa" free="3986664" total="8221696" percent="48" />
      <mem type="loa" free="166912" total="166912" percent="100" />
    </mem>
  </mem-info>
</gc-end>
<cycle-end id="425" type="global" contextid="417" timestamp="2019-08-03T01:08:20.287" />
  <attribute name="elasticGC enabled" value="1" />
  <attribute name= "numThreadsSpecified" value="2" />
  <attribute name="heapSize specified" value="0" />
  <attribute name= "numCores" value="8" />
  <attribute name ="GC Interval" value="0" />
  <attribute name ="Control flow" value="1" />
  <attribute name="GC Util Range Max" value="93" />
  <attribute name="Current GC Util" value="39" />
  <attribute name= "Current Time Running" value="4406" />
<allocation-satisfied id="426" threadId="0000000001811A00" bytesRequested="24" />
<af-end id="427" timestamp="2019-08-03T01:08:20.287" threadId="0000000001812388" success="true" />
<exclusive-end id="428" timestamp="2019-08-03T01:08:20.288" durationms="4.327" />

<exclusive-start id="429" timestamp="2019-08-03T01:08:20.302" intervalms="19.182">
  <response-info timems="0.069" idlems="0.069" threads="0" lastid="0000000001811A00" lastname="main" />
</exclusive-start>
<af-start id="430" threadId="0000000001812388" totalBytesRequested="24" timestamp="2019-08-03T01:08:20.303" intervalms="19.209" />
<cycle-start id="431" type="global" contextid="0" timestamp="2019-08-03T01:08:20.303" intervalms="19.186" />
<gc-start id="432" type="global" contextid="431" timestamp="2019-08-03T01:08:20.303">
  <mem-info id="433" free="166912" total="8388608" percent="1">
    <mem type="tenure" free="166912" total="8388608" percent="1">
      <mem type="soa" free="0" total="8221696" percent="0" />
      <mem type="loa" free="166912" total="166912" percent="100" />
    </mem>
  </mem-info>
</gc-start>
<allocation-stats totalBytes="3993480" >
  <allocated-bytes non-tlh="65568" tlh="3927912" />
  <largest-consumer threadName="main" threadId="0000000001811A00" bytes="3993480" />
</allocation-stats>
<heap-resize id="434" type="loa contract" space="tenure" amount="83968" count="1" timems="0.000" reason="contract underutilized loa" timestamp="2019-08-03T01:08:20.303" />
<gc-op id="435" type="mark" timems="2.217" contextid="431" timestamp="2019-08-03T01:08:20.305">
  <trace-info objectcount="72301" scancount="60394" scanbytes="2069648" />
  <finalization candidates="80" enqueued="0" />
  <ownableSynchronizers candidates="21" cleared="0" />
  <references type="soft" candidates="1383" cleared="0" enqueued="0" dynamicThreshold="15" maxThreshold="32" />
  <references type="weak" candidates="4506" cleared="0" enqueued="0" />
  <references type="phantom" candidates="100" cleared="0" enqueued="0" />
  <stringconstants candidates="8664" cleared="0"  />
</gc-op>
<gc-op id="436" type="sweep" timems="0.174" contextid="431" timestamp="2019-08-03T01:08:20.305" />
<gc-end id="437" type="global" contextid="431" durationms="3.510" usertimems="4.000" systemtimems="0.000" timestamp="2019-08-03T01:08:20.306" activeThreads="2">
  <mem-info id="438" free="4153560" total="8388608" percent="49">
    <mem type="tenure" free="4153560" total="8388608" percent="49" micro-fragmented="17957" macro-fragmented="0">
      <mem type="soa" free="4070616" total="8305664" percent="49" />
      <mem type="loa" free="82944" total="82944" percent="100" />
    </mem>
  </mem-info>
</gc-end>
<cycle-end id="439" type="global" contextid="431" timestamp="2019-08-03T01:08:20.306" />
  <attribute name="elasticGC enabled" value="1" />
  <attribute name= "numThreadsSpecified" value="2" />
  <attribute name="heapSize specified" value="0" />
  <attribute name= "numCores" value="8" />
  <attribute name ="GC Interval" value="0" />
  <attribute name ="Control flow" value="2" />
  <attribute name="GC Util Range Max" value="93" />
  <attribute name="Current GC Util" value="11" />
  <attribute name= "Current Time Running" value="4425" />
<allocation-satisfied id="440" threadId="0000000001811A00" bytesRequested="24" />
<af-end id="441" timestamp="2019-08-03T01:08:20.306" threadId="0000000001812388" success="true" />
<exclusive-end id="442" timestamp="2019-08-03T01:08:20.306" durationms="4.054" />

<exclusive-start id="443" timestamp="2019-08-03T01:08:20.322" intervalms="19.310">
  <response-info timems="0.069" idlems="0.069" threads="0" lastid="0000000001811A00" lastname="main" />
</exclusive-start>
<af-start id="444" threadId="0000000001812388" totalBytesRequested="24" timestamp="2019-08-03T01:08:20.322" intervalms="19.331" />
<cycle-start id="445" type="global" contextid="0" timestamp="2019-08-03T01:08:20.322" intervalms="19.337" />
<gc-start id="446" type="global" contextid="445" timestamp="2019-08-03T01:08:20.322">
  <mem-info id="447" free="82944" total="8388608" percent="0">
    <mem type="tenure" free="82944" total="8388608" percent="0">
      <mem type="soa" free="0" total="8305664" percent="0" />
      <mem type="loa" free="82944" total="82944" percent="100" />
    </mem>
  </mem-info>
</gc-start>
<allocation-stats totalBytes="4078200" >
  <allocated-bytes non-tlh="32784" tlh="4045416" />
  <largest-consumer threadName="main" threadId="0000000001811A00" bytes="4078200" />
</allocation-stats>
<gc-op id="448" type="mark" timems="2.213" contextid="445" timestamp="2019-08-03T01:08:20.324">
  <trace-info objectcount="72301" scancount="60386" scanbytes="2069648" />
  <finalization candidates="80" enqueued="0" />
  <ownableSynchronizers candidates="21" cleared="0" />
  <references type="soft" candidates="1383" cleared="0" enqueued="0" dynamicThreshold="15" maxThreshold="32" />
  <references type="weak" candidates="4506" cleared="0" enqueued="0" />
  <references type="phantom" candidates="100" cleared="0" enqueued="0" />
  <stringconstants candidates="8664" cleared="0"  />
</gc-op>
<gc-op id="449" type="sweep" timems="0.119" contextid="445" timestamp="2019-08-03T01:08:20.325" />
<gc-end id="450" type="global" contextid="445" durationms="3.478" usertimems="8.000" systemtimems="0.000" timestamp="2019-08-03T01:08:20.326" activeThreads="2">
  <mem-info id="451" free="4153560" total="8388608" percent="49">
    <mem type="tenure" free="4153560" total="8388608" percent="49" micro-fragmented="17957" macro-fragmented="0">
      <mem type="soa" free="4070616" total="8305664" percent="49" />
      <mem type="loa" free="82944" total="82944" percent="100" />
    </mem>
  </mem-info>
</gc-end>
<cycle-end id="452" type="global" contextid="445" timestamp="2019-08-03T01:08:20.326" />
  <attribute name="elasticGC enabled" value="1" />
  <attribute name= "numThreadsSpecified" value="2" />
  <attribute name="heapSize specified" value="0" />
  <attribute name= "numCores" value="8" />
  <attribute name ="GC Interval" value="0" />
  <attribute name ="Control flow" value="1" />
  <attribute name="GC Util Range Max" value="93" />
  <attribute name="Current GC Util" value="0" />
  <attribute name= "Current Time Running" value="4444" />
<allocation-satisfied id="453" threadId="0000000001811A00" bytesRequested="24" />
<af-end id="454" timestamp="2019-08-03T01:08:20.326" threadId="0000000001812388" success="true" />
<exclusive-end id="455" timestamp="2019-08-03T01:08:20.326" durationms="4.176" />

<exclusive-start id="456" timestamp="2019-08-03T01:08:20.359" intervalms="37.365">
  <response-info timems="0.034" idlems="0.034" threads="0" lastid="0000000001811A00" lastname="main" />
</exclusive-start>
<af-start id="457" threadId="0000000001812388" totalBytesRequested="16" timestamp="2019-08-03T01:08:20.359" intervalms="37.294" />
<cycle-start id="458" type="global" contextid="0" timestamp="2019-08-03T01:08:20.359" intervalms="37.254" />
<gc-start id="459" type="global" contextid="458" timestamp="2019-08-03T01:08:20.359">
  <mem-info id="460" free="82944" total="8388608" percent="0">
    <mem type="tenure" free="82944" total="8388608" percent="0">
      <mem type="soa" free="0" total="8305664" percent="0" />
      <mem type="loa" free="82944" total="82944" percent="100" />
    </mem>
  </mem-info>
</gc-start>
<allocation-stats totalBytes="4078168" >
  <allocated-bytes non-tlh="100920" tlh="3977248" />
  <largest-consumer threadName="main" threadId="0000000001811A00" bytes="4078168" />
</allocation-stats>
<gc-op id="461" type="mark" timems="2.436" contextid="458" timestamp="2019-08-03T01:08:20.362">
  <trace-info objectcount="74261" scancount="61790" scanbytes="2075552" />
  <finalization candidates="80" enqueued="0" />
  <ownableSynchronizers candidates="21" cleared="0" />
  <references type="soft" candidates="1386" cleared="0" enqueued="0" dynamicThreshold="15" maxThreshold="32" />
  <references type="weak" candidates="4533" cleared="19" enqueued="19" />
  <references type="phantom" candidates="102" cleared="2" enqueued="2" />
  <stringconstants candidates="9065" cleared="0"  />
</gc-op>
<gc-op id="462" type="sweep" timems="0.592" contextid="458" timestamp="2019-08-03T01:08:20.362" />
<gc-end id="463" type="global" contextid="458" durationms="3.866" usertimems="8.000" systemtimems="0.000" timestamp="2019-08-03T01:08:20.363" activeThreads="8">
  <mem-info id="464" free="4037904" total="8388608" percent="48">
    <mem type="tenure" free="4037904" total="8388608" percent="48" micro-fragmented="95951" macro-fragmented="0">
      <mem type="soa" free="3954960" total="8305664" percent="47" />
      <mem type="loa" free="82944" total="82944" percent="100" />
    </mem>
    <pending-finalizers system="0" default="0" reference="21" classloader="0" />
  </mem-info>
</gc-end>
<cycle-end id="465" type="global" contextid="458" timestamp="2019-08-03T01:08:20.363" />
  <attribute name="elasticGC enabled" value="1" />
  <attribute name= "numThreadsSpecified" value="2" />
  <attribute name="heapSize specified" value="0" />
  <attribute name= "numCores" value="8" />
  <attribute name ="GC Interval" value="0" />
  <attribute name ="Control flow" value="1" />
  <attribute name="GC Util Range Max" value="93" />
  <attribute name="Current GC Util" value="134" />
  <attribute name= "Current Time Running" value="4482" />
<allocation-satisfied id="466" threadId="0000000001811A00" bytesRequested="16" />
<af-end id="467" timestamp="2019-08-03T01:08:20.363" threadId="0000000001812388" success="true" />
<exclusive-end id="468" timestamp="2019-08-03T01:08:20.363" durationms="4.301" />

</verbosegc>

