<?xml version="1.0" ?>

<verbosegc xmlns="http://www.ibm.com/j9/verbosegc" version="10b4217_CMPRSS">

<initialized id="1" timestamp="2019-06-16T06:23:46.076">
  <attribute name="gcPolicy" value="-Xgcpolicy:optthruput" />
  <attribute name="elasticGC enabled" value="1" />
  <attribute name= "numThreadsSpecified" value="0" />
  <attribute name="heapSize specified" value="0" />
  <attribute name="Current GC Util" value="0" />
  <attribute name= "Current Time Running" value="0" />
  <attribute name ="GC Interval" value="0" />
  <attribute name="ProportionalT" value="0.000000" />
  <attribute name="ProportionalI" value="0.000000" />
  <attribute name="ProportionalH" value="0.000000" />
  <attribute name="IntegralT" value="0.000000" />
  <attribute name="IntegralI" value="0.000000" />
  <attribute name="IntegralH" value="0.000000" />
  <attribute name="DerivativeT" value="0.000000" />
  <attribute name="DerivativeI" value="0.000000" />
  <attribute name="DerivativeH" value="0.000000" />
  <attribute name="Target GC Util Change" value ="0.000000" />
  <attribute name="Current GC Util Change" value="0.000000"/>
  <attribute name="Current Error" value="0.000000" />
  <attribute name="Loop Time for DT" value="0.000000" />
  <attribute name="Output H" value="0"/>
  <attribute name="Output I" value="0"/>
  <attribute name="Output T" value="0"/>
  <attribute name="GC Util currently" value="0" />
  <attribute name="CPU Util currently" value="0" />
  <attribute name="maxHeapSize" value="0x7cbc0000" />
  <attribute name="initialHeapSize" value="0x800000" />
  <attribute name="compressedRefs" value="true" />
  <attribute name="compressedRefsDisplacement" value="0x0" />
  <attribute name="compressedRefsShift" value="0x0" />
  <attribute name="pageSize" value="0x1000" />
  <attribute name="pageType" value="not used" />
  <attribute name="requestedPageSize" value="0x1000" />
  <attribute name="requestedPageType" value="not used" />
  <attribute name="gcthreads" value="4" />
  <attribute name="packetListSplit" value="4" />
  <attribute name="cacheListSplit" value="4" />
  <attribute name="splitFreeListSplitAmount" value="1" />
  <attribute name="numaNodes" value="0" />
  <system>
    <attribute name="physicalMemory" value="8370958336" />
    <attribute name="numCPUs" value="4" />
    <attribute name="architecture" value="amd64" />
    <attribute name="os" value="Linux" />
    <attribute name="osVersion" value="4.4.0-150-generic" />
  </system>
  <vmargs>
    <vmarg name="-Xoptionsfile=/vagrant/jdk/lib/options.default" />
    <vmarg name="-Xlockword:mode=default,noLockword=java/lang/String,noLockword=java/util/MapEntry,noLockword=java/util/HashMap$Entry,noLockword..." />
    <vmarg name="-Xjcl:jclse29" />
    <vmarg name="-Dcom.ibm.oti.vm.bootstrap.library.path=/vagrant/jdk/lib/compressedrefs:/vagrant/jdk/lib" />
    <vmarg name="-Dsun.boot.library.path=/vagrant/jdk/lib/compressedrefs:/vagrant/jdk/lib" />
    <vmarg name="-Djava.library.path=/vagrant/jdk/lib/compressedrefs:/vagrant/jdk/lib:/usr/lib64:/usr/lib" />
    <vmarg name="-Djava.home=/vagrant/jdk" />
    <vmarg name="-Duser.dir=/vagrant" />
    <vmarg name="-Xgcpolicy:optthruput" />
    <vmarg name="-Xgcelastic" />
    <vmarg name="-Xcheck:gc:::elasticGC" />
    <vmarg name="-verbose:gc" />
    <vmarg name="-Xloggc:jdk1.5-1-1-large-OTT-4CORE-elasticverbose13xalan.txt" />
    <vmarg name="-Djava.class.path=dacapo-9.12-MR1-bach.jar" />
    <vmarg name="-Dsun.java.command=dacapo-9.12-MR1-bach.jar xalan --size=large" />
    <vmarg name="-Dsun.java.launcher=SUN_STANDARD" />
    <vmarg name="-Dsun.java.launcher.pid=31567" />
  </vmargs>
</initialized>

<exclusive-start id="2" timestamp="2019-06-16T06:23:47.373" intervalms="1297.195">
  <response-info timems="0.024" idlems="0.024" threads="0" lastid="0000000001B4E700" lastname="main" />
</exclusive-start>
<af-start id="3" threadId="0000000001B4F088" totalBytesRequested="88" timestamp="2019-06-16T06:23:47.373" intervalms="1297.394" />
<cycle-start id="4" type="global" contextid="0" timestamp="2019-06-16T06:23:47.374" intervalms="1297.586" />
<gc-start id="5" type="global" contextid="4" timestamp="2019-06-16T06:23:47.374">
  <mem-info id="6" free="418816" total="8388608" percent="4">
    <mem type="tenure" free="418816" total="8388608" percent="4">
      <mem type="soa" free="0" total="7969792" percent="0" />
      <mem type="loa" free="418816" total="418816" percent="100" />
    </mem>
  </mem-info>
</gc-start>
<allocation-stats totalBytes="7891952" >
  <allocated-bytes non-tlh="758040" tlh="7133912" />
  <largest-consumer threadName="main" threadId="0000000001B4E700" bytes="7820792" />
</allocation-stats>
<gc-op id="7" type="mark" timems="2.094" contextid="4" timestamp="2019-06-16T06:23:47.376">
  <trace-info objectcount="21466" scancount="17490" scanbytes="560488" />
  <finalization candidates="15" enqueued="1" />
  <references type="soft" candidates="74" cleared="0" enqueued="0" dynamicThreshold="32" maxThreshold="32" />
  <references type="weak" candidates="575" cleared="432" enqueued="393" />
  <references type="phantom" candidates="127" cleared="44" enqueued="44" />
  <stringconstants candidates="2930" cleared="0"  />
</gc-op>
<gc-op id="8" type="classunload" timems="0.032" contextid="4" timestamp="2019-06-16T06:23:47.376">
  <classunload-info classloadercandidates="6" classloadersunloaded="0" classesunloaded="0" anonymousclassesunloaded="0" quiescems="0.000" setupms="0.032" scanms="0.000" postms="0.000" />
</gc-op>
<gc-op id="9" type="sweep" timems="0.480" contextid="4" timestamp="2019-06-16T06:23:47.377" />
<mem-info id="10" free="6521648" total="8388608" percent="77">
  <mem type="tenure" free="6521648" total="8388608" percent="77" micro-fragmented="213928" macro-fragmented="0">
    <mem type="soa" free="6102832" total="7969792" percent="76" />
    <mem type="loa" free="418816" total="418816" percent="100" />
  </mem>
  <pending-finalizers system="1" default="0" reference="437" classloader="0" />
</mem-info>
<gc-op id="11" type="compact" timems="4.447" contextid="4" timestamp="2019-06-16T06:23:47.381">
  <compact-info movecount="21465" movebytes="1537096" reason="compact to aid heap contraction" />
</gc-op>
<heap-resize id="12" type="expand" space="tenure" amount="2084241408" count="1" timems="0.093" reason="satisfy allocation request" timestamp="2019-06-16T06:23:47.382" />
<gc-end id="13" type="global" contextid="4" durationms="8.040" usertimems="8.000" systemtimems="4.000" timestamp="2019-06-16T06:23:47.382" activeThreads="4">
  <mem-info id="14" free="2091092744" total="2092630016" percent="99">
    <mem type="tenure" free="2091092744" total="2092630016" percent="99">
      <mem type="soa" free="1986461448" total="1987998720" percent="99" />
      <mem type="loa" free="104631296" total="104631296" percent="100" />
    </mem>
    <pending-finalizers system="1" default="0" reference="437" classloader="0" />
  </mem-info>
</gc-end>
<cycle-end id="15" type="global" contextid="4" timestamp="2019-06-16T06:23:47.382" />
  <attribute name="elasticGC enabled" value="1" />
  <attribute name= "numThreadsSpecified" value="4" />
  <attribute name="heapSize specified" value="8388608" />
  <attribute name="Current GC Util" value="32" />
  <attribute name= "Current Time Running" value="1188" />
  <attribute name ="GC Interval" value="0" />
  <attribute name="ProportionalT" value="18.000000" />
  <attribute name="ProportionalI" value="18.000000" />
  <attribute name="ProportionalH" value="18.000000" />
  <attribute name="Current Error" value="12.000000" />
  <attribute name="IntegralT" value="-23438.000000" />
  <attribute name="IntegralI" value="-23438.000000" />
  <attribute name="IntegralH" value="-23438.000000" />
  <attribute name="DerivativeT" value="3.000000" />
  <attribute name="DerivativeI" value="3.000000" />
  <attribute name="DerivativeH" value="3.000000" />
  <attribute name="Loop Time for DT" value="4.000000" />
  <attribute name="Output H" value="2092630016"/>
  <attribute name="Output I" value="200"/>
  <attribute name="Output T" value="4"/>
  <attribute name="Target GC Util Change" value ="20.000000" />
  <attribute name="Current GC Util Change" value="32.000000"/>
  <attribute name="GC Util currently" value="32" />
  <attribute name="CPU Util currently" value="35" />
<allocation-satisfied id="16" threadId="0000000001B4E700" bytesRequested="88" />
<af-end id="17" timestamp="2019-06-16T06:23:47.382" threadId="0000000001B4F088" success="true" />
<exclusive-end id="18" timestamp="2019-06-16T06:23:47.382" durationms="8.859" />

<exclusive-start id="19" timestamp="2019-06-16T06:23:47.604" intervalms="230.846">
  <response-info timems="0.029" idlems="0.029" threads="0" lastid="0000000001B4E700" lastname="main" />
</exclusive-start>
<sys-start reason="explicit" id="20" timestamp="2019-06-16T06:23:47.604" intervalms="1528.465" />
<cycle-start id="21" type="global" contextid="0" timestamp="2019-06-16T06:23:47.610" intervalms="235.984" />
<gc-start id="22" type="global" contextid="21" timestamp="2019-06-16T06:23:47.610">
  <mem-info id="23" free="2084971256" total="2092630016" percent="99">
    <mem type="tenure" free="2084971256" total="2092630016" percent="99">
      <mem type="soa" free="1980339960" total="1987998720" percent="99" />
      <mem type="loa" free="104631296" total="104631296" percent="100" />
    </mem>
  </mem-info>
</gc-start>
<allocation-stats totalBytes="6068264" >
  <allocated-bytes non-tlh="71784" tlh="5996480" />
  <largest-consumer threadName="main" threadId="0000000001B4E700" bytes="6039856" />
</allocation-stats>
<gc-op id="24" type="mark" timems="9.392" contextid="21" timestamp="2019-06-16T06:23:47.620">
  <trace-info objectcount="29521" scancount="23915" scanbytes="871272" />
  <finalization candidates="15" enqueued="0" />
  <references type="soft" candidates="133" cleared="0" enqueued="0" dynamicThreshold="31" maxThreshold="32" />
  <references type="weak" candidates="179" cleared="33" enqueued="33" />
  <references type="phantom" candidates="85" cleared="2" enqueued="2" />
  <stringconstants candidates="3535" cleared="22"  />
</gc-op>
<gc-op id="25" type="classunload" timems="0.002" contextid="21" timestamp="2019-06-16T06:23:47.620">
  <classunload-info classloadercandidates="19" classloadersunloaded="0" classesunloaded="0" anonymousclassesunloaded="0" quiescems="0.000" setupms="0.002" scanms="0.000" postms="0.000" />
</gc-op>
<gc-op id="26" type="sweep" timems="2.817" contextid="21" timestamp="2019-06-16T06:23:47.623" />
<mem-info id="27" free="2090304176" total="2092630016" percent="99">
  <mem type="tenure" free="2090304176" total="2092630016" percent="99" micro-fragmented="227040" macro-fragmented="0">
    <mem type="soa" free="1985672880" total="1987998720" percent="99" />
    <mem type="loa" free="104631296" total="104631296" percent="100" />
  </mem>
  <pending-finalizers system="0" default="0" reference="35" classloader="0" />
</mem-info>
<gc-op id="28" type="compact" timems="14.511" contextid="21" timestamp="2019-06-16T06:23:47.637">
  <compact-info movecount="28771" movebytes="1934592" reason="compact to aid heap contraction" />
</gc-op>
<gc-end id="29" type="global" contextid="21" durationms="27.832" usertimems="28.000" systemtimems="12.000" timestamp="2019-06-16T06:23:47.638" activeThreads="4">
  <mem-info id="30" free="2090674504" total="2092630016" percent="99">
    <mem type="tenure" free="2090674504" total="2092630016" percent="99">
      <mem type="soa" free="1986043208" total="1987998720" percent="99" />
      <mem type="loa" free="104631296" total="104631296" percent="100" />
    </mem>
    <pending-finalizers system="0" default="0" reference="35" classloader="0" />
  </mem-info>
</gc-end>
<cycle-end id="31" type="global" contextid="21" timestamp="2019-06-16T06:23:47.638" />
  <attribute name="elasticGC enabled" value="1" />
  <attribute name= "numThreadsSpecified" value="4" />
  <attribute name="heapSize specified" value="2092630016" />
  <attribute name="Current GC Util" value="146" />
  <attribute name= "Current Time Running" value="1444" />
  <attribute name ="GC Interval" value="0" />
  <attribute name="ProportionalT" value="189.000000" />
  <attribute name="ProportionalI" value="189.000000" />
  <attribute name="ProportionalH" value="189.000000" />
  <attribute name="Current Error" value="126.000000" />
  <attribute name="IntegralT" value="1890.000000" />
  <attribute name="IntegralI" value="1890.000000" />
  <attribute name="IntegralH" value="1890.000000" />
  <attribute name="DerivativeT" value="-0.066667" />
  <attribute name="DerivativeI" value="-0.066667" />
  <attribute name="DerivativeH" value="-0.066667" />
  <attribute name="Loop Time for DT" value="15.000000" />
  <attribute name="Output H" value="8388608"/>
  <attribute name="Output I" value="2080"/>
  <attribute name="Output T" value="4"/>
  <attribute name="Target GC Util Change" value ="20.000000" />
  <attribute name="Current GC Util Change" value="146.000000"/>
  <attribute name="GC Util currently" value="146" />
  <attribute name="CPU Util currently" value="314691377593" />
<sys-end id="32" timestamp="2019-06-16T06:23:47.638" />
<exclusive-end id="33" timestamp="2019-06-16T06:23:47.638" durationms="33.967" />

<exclusive-start id="34" timestamp="2019-06-16T06:24:03.117" intervalms="15512.567">
  <response-info timems="0.022" idlems="0.022" threads="0" lastid="0000000001E7BE00" lastname="Thread-3" />
</exclusive-start>
<af-start id="35" threadId="0000000001E7C788" totalBytesRequested="2056" timestamp="2019-06-16T06:24:03.117" intervalms="15743.351" />
<cycle-start id="36" type="global" contextid="0" timestamp="2019-06-16T06:24:03.117" intervalms="15507.291" />
<gc-start id="37" type="global" contextid="36" timestamp="2019-06-16T06:24:03.117">
  <mem-info id="38" free="104631296" total="2092630016" percent="4">
    <mem type="tenure" free="104631296" total="2092630016" percent="4">
      <mem type="soa" free="0" total="1987998720" percent="0" />
      <mem type="loa" free="104631296" total="104631296" percent="100" />
    </mem>
  </mem-info>
</gc-start>
<allocation-stats totalBytes="1985229480" >
  <allocated-bytes non-tlh="264168" tlh="1984965312" />
  <largest-consumer threadName="Thread-5" threadId="0000000001E83500" bytes="536971072" />
</allocation-stats>
<gc-op id="39" type="mark" timems="5.310" contextid="36" timestamp="2019-06-16T06:24:03.122">
  <trace-info objectcount="53180" scancount="45403" scanbytes="1948920" />
  <finalization candidates="26" enqueued="1" />
  <references type="soft" candidates="164" cleared="0" enqueued="0" dynamicThreshold="31" maxThreshold="32" />
  <references type="weak" candidates="292" cleared="26" enqueued="25" />
  <references type="phantom" candidates="98" cleared="2" enqueued="2" />
  <stringconstants candidates="3963" cleared="0"  />
</gc-op>
<gc-op id="40" type="classunload" timems="0.002" contextid="36" timestamp="2019-06-16T06:24:03.123">
  <classunload-info classloadercandidates="20" classloadersunloaded="0" classesunloaded="0" anonymousclassesunloaded="0" quiescems="0.000" setupms="0.002" scanms="0.000" postms="0.000" />
</gc-op>
<gc-op id="41" type="sweep" timems="1.870" contextid="36" timestamp="2019-06-16T06:24:03.125" />
<mem-info id="42" free="2088702280" total="2092630016" percent="99">
  <mem type="tenure" free="2088702280" total="2092630016" percent="99" micro-fragmented="179730" macro-fragmented="0">
    <mem type="soa" free="1984070984" total="1987998720" percent="99" />
    <mem type="loa" free="104631296" total="104631296" percent="100" />
  </mem>
  <pending-finalizers system="1" default="0" reference="27" classloader="0" />
</mem-info>
<gc-op id="43" type="compact" timems="13.669" contextid="36" timestamp="2019-06-16T06:24:03.138">
  <compact-info movecount="52496" movebytes="3651200" reason="compact to aid heap contraction" />
</gc-op>
<gc-end id="44" type="global" contextid="36" durationms="21.865" usertimems="36.000" systemtimems="12.000" timestamp="2019-06-16T06:24:03.139" activeThreads="4">
  <mem-info id="45" free="2088894568" total="2092630016" percent="99">
    <mem type="tenure" free="2088894568" total="2092630016" percent="99">
      <mem type="soa" free="1984263272" total="1987998720" percent="99" />
      <mem type="loa" free="104631296" total="104631296" percent="100" />
    </mem>
    <pending-finalizers system="1" default="0" reference="27" classloader="0" />
  </mem-info>
</gc-end>
<cycle-end id="46" type="global" contextid="36" timestamp="2019-06-16T06:24:03.141" />
  <attribute name="elasticGC enabled" value="1" />
  <attribute name= "numThreadsSpecified" value="4" />
  <attribute name="heapSize specified" value="2092630016" />
  <attribute name="Current GC Util" value="188" />
  <attribute name= "Current Time Running" value="16945" />
  <attribute name ="GC Interval" value="0" />
  <attribute name="ProportionalT" value="252.000000" />
  <attribute name="ProportionalI" value="252.000000" />
  <attribute name="ProportionalH" value="252.000000" />
  <attribute name="Current Error" value="168.000000" />
  <attribute name="IntegralT" value="2184.000000" />
  <attribute name="IntegralI" value="2184.000000" />
  <attribute name="IntegralH" value="2184.000000" />
  <attribute name="DerivativeT" value="-2.076923" />
  <attribute name="DerivativeI" value="-2.076923" />
  <attribute name="DerivativeH" value="-2.076923" />
  <attribute name="Loop Time for DT" value="13.000000" />
  <attribute name="Output H" value="8388608"/>
  <attribute name="Output I" value="2440"/>
  <attribute name="Output T" value="4"/>
  <attribute name="Target GC Util Change" value ="20.000000" />
  <attribute name="Current GC Util Change" value="188.000000"/>
  <attribute name="GC Util currently" value="188" />
  <attribute name="CPU Util currently" value="332927085812" />
<allocation-satisfied id="47" threadId="0000000001E7BE00" bytesRequested="2056" />
<af-end id="48" timestamp="2019-06-16T06:24:03.141" threadId="0000000001E7C788" success="true" />
<exclusive-end id="49" timestamp="2019-06-16T06:24:03.141" durationms="24.654" />

<exclusive-start id="50" timestamp="2019-06-16T06:24:17.864" intervalms="14747.579">
  <response-info timems="0.033" idlems="0.033" threads="0" lastid="0000000001E87100" lastname="Thread-6" />
</exclusive-start>
<af-start id="51" threadId="0000000001E87A88" totalBytesRequested="48" timestamp="2019-06-16T06:24:17.864" intervalms="14747.534" />
<cycle-start id="52" type="global" contextid="0" timestamp="2019-06-16T06:24:17.864" intervalms="14747.483" />
<gc-start id="53" type="global" contextid="52" timestamp="2019-06-16T06:24:17.864">
  <mem-info id="54" free="104631296" total="2092630016" percent="4">
    <mem type="tenure" free="104631296" total="2092630016" percent="4">
      <mem type="soa" free="0" total="1987998720" percent="0" />
      <mem type="loa" free="104631296" total="104631296" percent="100" />
    </mem>
  </mem-info>
</gc-start>
<allocation-stats totalBytes="1983550000" >
  <allocated-bytes non-tlh="0" tlh="1983550000" />
  <largest-consumer threadName="Thread-4" threadId="0000000001E7F900" bytes="536897864" />
</allocation-stats>
<gc-op id="55" type="mark" timems="2.682" contextid="52" timestamp="2019-06-16T06:24:17.867">
  <trace-info objectcount="49682" scancount="41874" scanbytes="1866292" />
  <finalization candidates="25" enqueued="0" />
  <references type="soft" candidates="164" cleared="0" enqueued="0" dynamicThreshold="31" maxThreshold="32" />
  <references type="weak" candidates="266" cleared="0" enqueued="0" />
  <references type="phantom" candidates="95" cleared="0" enqueued="0" />
  <stringconstants candidates="3963" cleared="0"  />
</gc-op>
<gc-op id="56" type="sweep" timems="1.428" contextid="52" timestamp="2019-06-16T06:24:17.869" />
<mem-info id="57" free="2088923328" total="2092630016" percent="99">
  <mem type="tenure" free="2088923328" total="2092630016" percent="99" micro-fragmented="4639" macro-fragmented="0">
    <mem type="soa" free="1984292032" total="1987998720" percent="99" />
    <mem type="loa" free="104631296" total="104631296" percent="100" />
  </mem>
</mem-info>
<gc-op id="58" type="compact" timems="9.720" contextid="52" timestamp="2019-06-16T06:24:17.879">
  <compact-info movecount="24967" movebytes="2583608" reason="compact to aid heap contraction" />
</gc-op>
<gc-end id="59" type="global" contextid="52" durationms="14.652" usertimems="32.000" systemtimems="0.000" timestamp="2019-06-16T06:24:17.879" activeThreads="4">
  <mem-info id="60" free="2088886392" total="2092630016" percent="99">
    <mem type="tenure" free="2088886392" total="2092630016" percent="99">
      <mem type="soa" free="1984255096" total="1987998720" percent="99" />
      <mem type="loa" free="104631296" total="104631296" percent="100" />
    </mem>
  </mem-info>
</gc-end>
<cycle-end id="61" type="global" contextid="52" timestamp="2019-06-16T06:24:17.880" />
  <attribute name="elasticGC enabled" value="1" />
  <attribute name= "numThreadsSpecified" value="4" />
  <attribute name="heapSize specified" value="2092630016" />
  <attribute name="Current GC Util" value="152" />
  <attribute name= "Current Time Running" value="31686" />
  <attribute name ="GC Interval" value="0" />
  <attribute name="ProportionalT" value="198.000000" />
  <attribute name="ProportionalI" value="198.000000" />
  <attribute name="ProportionalH" value="198.000000" />
  <attribute name="Current Error" value="132.000000" />
  <attribute name="IntegralT" value="1320.000000" />
  <attribute name="IntegralI" value="1320.000000" />
  <attribute name="IntegralH" value="1320.000000" />
  <attribute name="DerivativeT" value="-7.100000" />
  <attribute name="DerivativeI" value="-7.100000" />
  <attribute name="DerivativeH" value="-7.100000" />
  <attribute name="Loop Time for DT" value="10.000000" />
  <attribute name="Output H" value="8388608"/>
  <attribute name="Output I" value="1512"/>
  <attribute name="Output T" value="4"/>
  <attribute name="Target GC Util Change" value ="20.000000" />
  <attribute name="Current GC Util Change" value="152.000000"/>
  <attribute name="GC Util currently" value="152" />
  <attribute name="CPU Util currently" value="464483808318" />
<allocation-satisfied id="62" threadId="0000000001E87100" bytesRequested="48" />
<af-end id="63" timestamp="2019-06-16T06:24:17.880" threadId="0000000001E87A88" success="true" />
<exclusive-end id="64" timestamp="2019-06-16T06:24:17.880" durationms="16.107" />

<exclusive-start id="65" timestamp="2019-06-16T06:24:31.680" intervalms="13815.440">
  <response-info timems="0.031" idlems="0.031" threads="0" lastid="0000000001E7BE00" lastname="Thread-3" />
</exclusive-start>
<af-start id="66" threadId="0000000001E7C788" totalBytesRequested="16392" timestamp="2019-06-16T06:24:31.680" intervalms="13815.443" />
<cycle-start id="67" type="global" contextid="0" timestamp="2019-06-16T06:24:31.680" intervalms="13815.460" />
<gc-start id="68" type="global" contextid="67" timestamp="2019-06-16T06:24:31.680">
  <mem-info id="69" free="104631296" total="2092630016" percent="4">
    <mem type="tenure" free="104631296" total="2092630016" percent="4">
      <mem type="soa" free="0" total="1987998720" percent="0" />
      <mem type="loa" free="104631296" total="104631296" percent="100" />
    </mem>
  </mem-info>
</gc-start>
<allocation-stats totalBytes="1983571760" >
  <allocated-bytes non-tlh="0" tlh="1983571760" />
  <largest-consumer threadName="Thread-6" threadId="0000000001E87100" bytes="565416192" />
</allocation-stats>
<gc-op id="70" type="mark" timems="3.708" contextid="67" timestamp="2019-06-16T06:24:31.684">
  <trace-info objectcount="45502" scancount="37766" scanbytes="1695688" />
  <finalization candidates="25" enqueued="0" />
  <references type="soft" candidates="164" cleared="0" enqueued="0" dynamicThreshold="31" maxThreshold="32" />
  <references type="weak" candidates="266" cleared="0" enqueued="0" />
  <references type="phantom" candidates="95" cleared="0" enqueued="0" />
  <stringconstants candidates="3963" cleared="0"  />
</gc-op>
<gc-op id="71" type="sweep" timems="1.865" contextid="67" timestamp="2019-06-16T06:24:31.686" />
<mem-info id="72" free="2089219616" total="2092630016" percent="99">
  <mem type="tenure" free="2089219616" total="2092630016" percent="99" micro-fragmented="5908" macro-fragmented="0">
    <mem type="soa" free="1984588320" total="1987998720" percent="99" />
    <mem type="loa" free="104631296" total="104631296" percent="100" />
  </mem>
</mem-info>
<gc-op id="73" type="compact" timems="8.802" contextid="67" timestamp="2019-06-16T06:24:31.695">
  <compact-info movecount="9052" movebytes="1051464" reason="compact to aid heap contraction" />
</gc-op>
<gc-end id="74" type="global" contextid="67" durationms="15.158" usertimems="32.000" systemtimems="0.000" timestamp="2019-06-16T06:24:31.695" activeThreads="4">
  <mem-info id="75" free="2089176992" total="2092630016" percent="99">
    <mem type="tenure" free="2089176992" total="2092630016" percent="99">
      <mem type="soa" free="1984545696" total="1987998720" percent="99" />
      <mem type="loa" free="104631296" total="104631296" percent="100" />
    </mem>
  </mem-info>
</gc-end>
<cycle-end id="76" type="global" contextid="67" timestamp="2019-06-16T06:24:31.696" />
  <attribute name="elasticGC enabled" value="1" />
  <attribute name= "numThreadsSpecified" value="4" />
  <attribute name="heapSize specified" value="2092630016" />
  <attribute name="Current GC Util" value="182" />
  <attribute name= "Current Time Running" value="45502" />
  <attribute name ="GC Interval" value="0" />
  <attribute name="ProportionalT" value="243.000000" />
  <attribute name="ProportionalI" value="243.000000" />
  <attribute name="ProportionalH" value="243.000000" />
  <attribute name="Current Error" value="162.000000" />
  <attribute name="IntegralT" value="1458.000000" />
  <attribute name="IntegralI" value="1458.000000" />
  <attribute name="IntegralH" value="1458.000000" />
  <attribute name="DerivativeT" value="-5.222222" />
  <attribute name="DerivativeI" value="-5.222222" />
  <attribute name="DerivativeH" value="-5.222222" />
  <attribute name="Loop Time for DT" value="9.000000" />
  <attribute name="Output H" value="8388608"/>
  <attribute name="Output I" value="1696"/>
  <attribute name="Output T" value="4"/>
  <attribute name="Target GC Util Change" value ="20.000000" />
  <attribute name="Current GC Util Change" value="182.000000"/>
  <attribute name="GC Util currently" value="182" />
  <attribute name="CPU Util currently" value="516300859416" />
<allocation-satisfied id="77" threadId="0000000001E7BE00" bytesRequested="16392" />
<af-end id="78" timestamp="2019-06-16T06:24:31.696" threadId="0000000001E7C788" success="true" />
<exclusive-end id="79" timestamp="2019-06-16T06:24:31.696" durationms="16.339" />

<exclusive-start id="80" timestamp="2019-06-16T06:24:46.704" intervalms="15023.978">
  <response-info timems="0.043" idlems="0.043" threads="0" lastid="0000000001E87100" lastname="Thread-6" />
</exclusive-start>
<af-start id="81" threadId="0000000001E87A88" totalBytesRequested="16392" timestamp="2019-06-16T06:24:46.704" intervalms="15023.975" />
<cycle-start id="82" type="global" contextid="0" timestamp="2019-06-16T06:24:46.704" intervalms="15023.961" />
<gc-start id="83" type="global" contextid="82" timestamp="2019-06-16T06:24:46.704">
  <mem-info id="84" free="104631296" total="2092630016" percent="4">
    <mem type="tenure" free="104631296" total="2092630016" percent="4">
      <mem type="soa" free="0" total="1987998720" percent="0" />
      <mem type="loa" free="104631296" total="104631296" percent="100" />
    </mem>
  </mem-info>
</gc-start>
<allocation-stats totalBytes="1983805272" >
  <allocated-bytes non-tlh="0" tlh="1983805272" />
  <largest-consumer threadName="Thread-6" threadId="0000000001E87100" bytes="577822368" />
</allocation-stats>
<gc-op id="85" type="mark" timems="3.538" contextid="82" timestamp="2019-06-16T06:24:46.707">
  <trace-info objectcount="41902" scancount="34171" scanbytes="1625860" />
  <finalization candidates="25" enqueued="0" />
  <references type="soft" candidates="164" cleared="0" enqueued="0" dynamicThreshold="31" maxThreshold="32" />
  <references type="weak" candidates="266" cleared="0" enqueued="0" />
  <references type="phantom" candidates="95" cleared="0" enqueued="0" />
  <stringconstants candidates="3963" cleared="0"  />
</gc-op>
<gc-op id="86" type="sweep" timems="1.900" contextid="82" timestamp="2019-06-16T06:24:46.709" />
<mem-info id="87" free="2089306400" total="2092630016" percent="99">
  <mem type="tenure" free="2089306400" total="2092630016" percent="99" micro-fragmented="17966" macro-fragmented="0">
    <mem type="soa" free="1984675104" total="1987998720" percent="99" />
    <mem type="loa" free="104631296" total="104631296" percent="100" />
  </mem>
</mem-info>
<gc-op id="88" type="compact" timems="8.630" contextid="82" timestamp="2019-06-16T06:24:46.718">
  <compact-info movecount="5449" movebytes="967696" reason="compact to aid heap contraction" />
</gc-op>
<gc-end id="89" type="global" contextid="82" durationms="14.735" usertimems="32.000" systemtimems="0.000" timestamp="2019-06-16T06:24:46.719" activeThreads="4">
  <mem-info id="90" free="2089260424" total="2092630016" percent="99">
    <mem type="tenure" free="2089260424" total="2092630016" percent="99">
      <mem type="soa" free="1984629128" total="1987998720" percent="99" />
      <mem type="loa" free="104631296" total="104631296" percent="100" />
    </mem>
  </mem-info>
</gc-end>
<cycle-end id="91" type="global" contextid="82" timestamp="2019-06-16T06:24:46.719" />
  <attribute name="elasticGC enabled" value="1" />
  <attribute name= "numThreadsSpecified" value="4" />
  <attribute name="heapSize specified" value="2092630016" />
  <attribute name="Current GC Util" value="183" />
  <attribute name= "Current Time Running" value="60525" />
  <attribute name ="GC Interval" value="0" />
  <attribute name="ProportionalT" value="244.500000" />
  <attribute name="ProportionalI" value="244.500000" />
  <attribute name="ProportionalH" value="244.500000" />
  <attribute name="Current Error" value="163.000000" />
  <attribute name="IntegralT" value="1467.000000" />
  <attribute name="IntegralI" value="1467.000000" />
  <attribute name="IntegralH" value="1467.000000" />
  <attribute name="DerivativeT" value="-6.333333" />
  <attribute name="DerivativeI" value="-6.333333" />
  <attribute name="DerivativeH" value="-6.333333" />
  <attribute name="Loop Time for DT" value="9.000000" />
  <attribute name="Output H" value="8388608"/>
  <attribute name="Output I" value="1712"/>
  <attribute name="Output T" value="4"/>
  <attribute name="Target GC Util Change" value ="20.000000" />
  <attribute name="Current GC Util Change" value="183.000000"/>
  <attribute name="GC Util currently" value="183" />
  <attribute name="CPU Util currently" value="530379461514" />
<allocation-satisfied id="92" threadId="0000000001E87100" bytesRequested="16392" />
<af-end id="93" timestamp="2019-06-16T06:24:46.719" threadId="0000000001E87A88" success="true" />
<exclusive-end id="94" timestamp="2019-06-16T06:24:46.720" durationms="15.978" />

</verbosegc>

