<?xml version="1.0" ?>

<verbosegc xmlns="http://www.ibm.com/j9/verbosegc" version="08cc62e_CMPRSS">

<initialized id="1" timestamp="2019-08-02T20:26:49.554">
  <attribute name="gcPolicy" value="-Xgcpolicy:balanced" />
  <attribute name="elasticGC enabled" value="1" />
  <attribute name= "numThreadsSpecified" value="0" />
  <attribute name="heapSize specified" value="0" />
  <attribute name= "numCores" value="0" />
  <attribute name ="GC Interval" value="0" />
  <attribute name="GC Util Range Max" value="0" />
  <attribute name="Current GC Util" value="0" />
  <attribute name= "Current Time Running" value="0" />
  <attribute name="maxHeapSize" value="0x7cb00000" />
  <attribute name="initialHeapSize" value="0x800000" />
  <attribute name="compressedRefs" value="true" />
  <attribute name="compressedRefsDisplacement" value="0x0" />
  <attribute name="compressedRefsShift" value="0x0" />
  <attribute name="pageSize" value="0x1000" />
  <attribute name="pageType" value="not used" />
  <attribute name="requestedPageSize" value="0x1000" />
  <attribute name="requestedPageType" value="not used" />
  <attribute name="gcthreads" value="8" />
  <attribute name="packetListSplit" value="8" />
  <attribute name="cacheListSplit" value="8" />
  <attribute name="splitFreeListSplitAmount" value="1" />
  <attribute name="numaNodes" value="0" />
  <region>
    <attribute name="regionSize" value="1048576" />
    <attribute name="regionCount" value="1995" />
    <attribute name="arrayletLeafSize" value="1048576" />
  </region>
  <system>
    <attribute name="physicalMemory" value="8370401280" />
    <attribute name="numCPUs" value="8" />
    <attribute name="architecture" value="amd64" />
    <attribute name="os" value="Linux" />
    <attribute name="osVersion" value="4.4.0-154-generic" />
  </system>
  <vmargs>
    <vmarg name="-Xoptionsfile=/vagrant/jdk/lib/options.default" />
    <vmarg name="-Xlockword:mode=default,noLockword=java/lang/String,noLockword=java/util/MapEntry,noLockword=java/util/HashMap$Entry,noLockword..." />
    <vmarg name="-Xjcl:jclse29" />
    <vmarg name="-Dcom.ibm.oti.vm.bootstrap.library.path=/vagrant/jdk/lib/compressedrefs:/vagrant/jdk/lib" />
    <vmarg name="-Dsun.boot.library.path=/vagrant/jdk/lib/compressedrefs:/vagrant/jdk/lib" />
    <vmarg name="-Djava.library.path=/vagrant/jdk/lib/compressedrefs:/vagrant/jdk/lib:/usr/lib64:/usr/lib" />
    <vmarg name="-Djava.home=/vagrant/jdk" />
    <vmarg name="-Duser.dir=/vagrant" />
    <vmarg name="-Xgcpolicy:balanced" />
    <vmarg name="-Xgcelastic" />
    <vmarg name="-Xcheck:gc:::elasticGC" />
    <vmarg name="-verbose:gc" />
    <vmarg name="-Xloggc:jdkB-small-BAL-8core-verbose8xalan.txt" />
    <vmarg name="-Djava.class.path=dacapo-9.12-MR1-bach.jar" />
    <vmarg name="-Dsun.java.command=dacapo-9.12-MR1-bach.jar xalan --size=small" />
    <vmarg name="-Dsun.java.launcher=SUN_STANDARD" />
    <vmarg name="-Dsun.java.launcher.pid=23805" />
  </vmargs>
</initialized>

<exclusive-start id="2" timestamp="2019-08-02T20:26:50.438" intervalms="883.423">
  <response-info timems="0.074" idlems="0.074" threads="0" lastid="00000000022F8A00" lastname="main" />
</exclusive-start>
<allocation-taxation id="3" taxation-threshold="8388608" timestamp="2019-08-02T20:26:50.438" intervalms="884.129" />
<cycle-start id="4" type="partial gc" contextid="0" timestamp="2019-08-02T20:26:50.439" intervalms="884.484" />
<gc-start id="5" type="partial gc" contextid="4" timestamp="2019-08-02T20:26:50.439">
  <mem-info id="6" free="0" total="8388608" percent="0">
    <mem type="eden" free="264" total="8388608" percent="0" />
    <remembered-set count="0" freebytes="334848" totalbytes="334848" percent="100" regionsoverflowed="0" regionsstable="0" regionsrebuilding="0"/>
  </mem-info>
</gc-start>
<allocation-stats totalBytes="8326792" >
  <allocated-bytes non-tlh="705272" tlh="7621520" arrayletleaf="0"/>
  <largest-consumer threadName="main" threadId="00000000022F8A00" bytes="8233840" />
</allocation-stats>
<gc-op id="7" type="mark" timems="5.956" contextid="4" timestamp="2019-08-02T20:26:50.447">
  <trace-info objectcount="21805" scancount="17097" scanbytes="569092" />
  <remembered-set-cleared processed="0" cleared="0" durationms="0.359" />
  <finalization candidates="15" enqueued="1" />
  <references type="soft" candidates="74" cleared="0" enqueued="0" dynamicThreshold="32" maxThreshold="32" />
  <references type="weak" candidates="580" cleared="437" enqueued="398" />
  <references type="phantom" candidates="127" cleared="44" enqueued="44" />
  <stringconstants candidates="2975" cleared="0"  />
  <warning details="Mark for calibration purposes" />
</gc-op>
<gc-op id="8" type="classunload" timems="0.051" contextid="4" timestamp="2019-08-02T20:26:50.447">
  <classunload-info classloadercandidates="6" classloadersunloaded="0" classesunloaded="0" anonymousclassesunloaded="0" quiescems="0.000" setupms="0.050" scanms="0.000" postms="0.000" />
</gc-op>
<gc-op id="9" type="sweep" timems="0.653" contextid="4" timestamp="2019-08-02T20:26:50.448" />
<gc-op id="10" type="compact" timems="4.634" contextid="4" timestamp="2019-08-02T20:26:50.453">
  <compact-info movecount="21793" movebytes="1521184" />
  <remembered-set-cleared processed="0" cleared="0" durationms="0.359" />
</gc-op>
<gc-end id="11" type="partial gc" contextid="4" durationms="14.293" usertimems="8.000" systemtimems="8.000" timestamp="2019-08-02T20:26:50.453" activeThreads="8">
  <mem-info id="12" free="6291456" total="8388608" percent="75">
    <mem type="eden" free="574616" total="2097152" percent="27" />
    <pending-finalizers system="1" default="0" reference="442" classloader="0" />
    <remembered-set count="2560" freebytes="324608" totalbytes="334848" percent="96" regionsoverflowed="0" regionsstable="0" regionsrebuilding="0"/>
  </mem-info>
</gc-end>
<cycle-end id="13" type="partial gc" contextid="4" timestamp="2019-08-02T20:26:50.453" />
  <attribute name="elasticGC enabled" value="1" />
  <attribute name= "numThreadsSpecified" value="0" />
  <attribute name="heapSize specified" value="0" />
  <attribute name= "numCores" value="8" />
  <attribute name ="GC Interval" value="0" />
  <attribute name ="Control flow" value="2" />
  <attribute name="GC Util Range Max" value="108" />
  <attribute name="Current GC Util" value="63" />
  <attribute name= "Current Time Running" value="8" />
<exclusive-end id="14" timestamp="2019-08-02T20:26:50.454" durationms="15.954" />

<exclusive-start id="15" timestamp="2019-08-02T20:26:50.720" intervalms="282.376">
  <response-info timems="0.072" idlems="0.072" threads="0" lastid="00000000022F8A00" lastname="main" />
</exclusive-start>
<sys-start reason="explicit" id="16" timestamp="2019-08-02T20:26:50.720" intervalms="1165.905" />
<cycle-start id="17" type="global garbage collect" contextid="0" timestamp="2019-08-02T20:26:50.720" intervalms="1166.117" />
<gc-start id="18" type="global garbage collect" contextid="17" timestamp="2019-08-02T20:26:50.721">
  <mem-info id="19" free="623032" total="8388608" percent="7">
    <mem type="eden" free="623112" total="7340032" percent="8" />
    <remembered-set count="2144" freebytes="326272" totalbytes="334848" percent="97" regionsoverflowed="0" regionsstable="0" regionsrebuilding="0"/>
  </mem-info>
</gc-start>
<allocation-stats totalBytes="5660848" >
  <allocated-bytes non-tlh="128744" tlh="5532104" arrayletleaf="0"/>
  <largest-consumer threadName="main" threadId="00000000022F8A00" bytes="5616192" />
</allocation-stats>
<gc-op id="20" type="global mark" timems="3.042" contextid="17" timestamp="2019-08-02T20:26:50.724">
  <trace-info objectcount="29791" scancount="23336" scanbytes="874808" />
  <finalization candidates="15" enqueued="0" />
  <references type="soft" candidates="133" cleared="0" enqueued="0" dynamicThreshold="24" maxThreshold="32" />
  <references type="weak" candidates="178" cleared="28" enqueued="28" />
  <references type="phantom" candidates="87" cleared="2" enqueued="2" />
  <stringconstants candidates="3535" cleared="22"  />
</gc-op>
<gc-op id="21" type="classunload" timems="0.002" contextid="17" timestamp="2019-08-02T20:26:50.724">
  <classunload-info classloadercandidates="19" classloadersunloaded="0" classesunloaded="0" anonymousclassesunloaded="0" quiescems="0.000" setupms="0.002" scanms="0.000" postms="0.000" />
</gc-op>
<gc-op id="22" type="sweep" timems="0.421" contextid="17" timestamp="2019-08-02T20:26:50.725" />
<gc-op id="23" type="compact" timems="3.922" contextid="17" timestamp="2019-08-02T20:26:50.729">
  <compact-info movecount="29671" movebytes="1926976" />
  <remembered-set-cleared processed="5857" cleared="5857" durationms="0.057" />
</gc-op>
<gc-end id="24" type="global garbage collect" contextid="17" durationms="8.315" usertimems="12.000" systemtimems="0.000" timestamp="2019-08-02T20:26:50.729" activeThreads="8">
  <mem-info id="25" free="5242880" total="8388608" percent="62">
    <pending-finalizers system="0" default="0" reference="30" classloader="0" />
    <remembered-set count="3584" freebytes="320512" totalbytes="334848" percent="95" regionsoverflowed="0" regionsstable="0" regionsrebuilding="0"/>
  </mem-info>
</gc-end>
<cycle-end id="26" type="global garbage collect" contextid="17" timestamp="2019-08-02T20:26:50.729" />
  <attribute name="elasticGC enabled" value="1" />
  <attribute name= "numThreadsSpecified" value="0" />
  <attribute name="heapSize specified" value="0" />
  <attribute name= "numCores" value="8" />
  <attribute name ="GC Interval" value="0" />
  <attribute name ="Control flow" value="2" />
  <attribute name="GC Util Range Max" value="108" />
  <attribute name="Current GC Util" value="42" />
  <attribute name= "Current Time Running" value="285" />
<sys-end id="27" timestamp="2019-08-02T20:26:50.729" />
<exclusive-end id="28" timestamp="2019-08-02T20:26:50.729" durationms="9.214" />

<exclusive-start id="29" timestamp="2019-08-02T20:26:50.829" intervalms="108.799">
  <response-info timems="0.030" idlems="0.030" threads="0" lastid="000000000264B700" lastname="Thread-8" />
</exclusive-start>
<allocation-taxation id="30" taxation-threshold="5242880" timestamp="2019-08-02T20:26:50.829" intervalms="390.601" />
<cycle-start id="31" type="partial gc" contextid="0" timestamp="2019-08-02T20:26:50.829" intervalms="390.343" />
<gc-start id="32" type="partial gc" contextid="31" timestamp="2019-08-02T20:26:50.829">
  <mem-info id="33" free="0" total="8388608" percent="0">
    <mem type="eden" free="0" total="5242880" percent="0" />
    <remembered-set count="3136" freebytes="322304" totalbytes="334848" percent="96" regionsoverflowed="0" regionsstable="0" regionsrebuilding="0"/>
  </mem-info>
</gc-start>
<allocation-stats totalBytes="5216192" >
  <allocated-bytes non-tlh="604528" tlh="4611664" arrayletleaf="0"/>
  <largest-consumer threadName="Thread-5" threadId="0000000002640300" bytes="1060968" />
</allocation-stats>
<gc-op id="34" type="mark" timems="2.533" contextid="31" timestamp="2019-08-02T20:26:50.833">
  <trace-info objectcount="8657" scancount="6990" scanbytes="1027524" />
  <cardclean-info objects="738" bytes="33828" />
  <remembered-set-cleared processed="1659" cleared="93" durationms="0.077" />
  <finalization candidates="12" enqueued="2" />
  <references type="soft" candidates="31" cleared="0" enqueued="0" dynamicThreshold="20" maxThreshold="32" />
  <references type="weak" candidates="118" cleared="17" enqueued="17" />
  <references type="phantom" candidates="26" cleared="0" enqueued="0" />
  <stringconstants candidates="3800" cleared="0"  />
  <warning details="Mark invoked due to insufficient free space for Copy-Forward" />
</gc-op>
<gc-op id="35" type="classunload" timems="0.002" contextid="31" timestamp="2019-08-02T20:26:50.833">
  <classunload-info classloadercandidates="19" classloadersunloaded="0" classesunloaded="0" anonymousclassesunloaded="0" quiescems="0.000" setupms="0.002" scanms="0.000" postms="0.000" />
</gc-op>
<gc-op id="36" type="sweep" timems="0.401" contextid="31" timestamp="2019-08-02T20:26:50.833" />
<gc-op id="37" type="compact" timems="2.585" contextid="31" timestamp="2019-08-02T20:26:50.836">
  <compact-info movecount="8649" movebytes="1549752" />
  <remembered-set-cleared processed="4021" cleared="871" durationms="0.077" />
</gc-op>
<heap-resize id="38" type="expand" space="default" amount="3145728" count="1" timems="0.076" reason="insufficient free space following gc" timestamp="2019-08-02T20:26:50.837" />
<gc-end id="39" type="partial gc" contextid="31" durationms="7.577" usertimems="12.000" systemtimems="0.000" timestamp="2019-08-02T20:26:50.837" activeThreads="8">
  <mem-info id="40" free="6291456" total="11534336" percent="54">
    <mem type="eden" free="499176" total="2097152" percent="23" />
    <pending-finalizers system="2" default="0" reference="17" classloader="0" />
    <remembered-set count="3360" freebytes="446976" totalbytes="460416" percent="97" regionsoverflowed="0" regionsstable="0" regionsrebuilding="0"/>
  </mem-info>
</gc-end>
<cycle-end id="41" type="partial gc" contextid="31" timestamp="2019-08-02T20:26:50.837" />
  <attribute name="elasticGC enabled" value="1" />
  <attribute name= "numThreadsSpecified" value="0" />
  <attribute name="heapSize specified" value="0" />
  <attribute name= "numCores" value="8" />
  <attribute name ="GC Interval" value="0" />
  <attribute name ="Control flow" value="2" />
  <attribute name="GC Util Range Max" value="108" />
  <attribute name="Current GC Util" value="37" />
  <attribute name= "Current Time Running" value="394" />
<exclusive-end id="42" timestamp="2019-08-02T20:26:50.837" durationms="8.456" />

<exclusive-start id="43" timestamp="2019-08-02T20:26:50.920" intervalms="90.689">
  <response-info timems="0.077" idlems="0.052" threads="1" lastid="0000000002652F00" lastname="Thread-10" />
</exclusive-start>
<allocation-taxation id="44" taxation-threshold="3145728" timestamp="2019-08-02T20:26:50.920" intervalms="90.671" />
<cycle-start id="45" type="global mark phase" contextid="0" timestamp="2019-08-02T20:26:50.920" intervalms="1365.628" />
<gc-start id="46" type="global mark phase" contextid="45" timestamp="2019-08-02T20:26:50.920">
  <mem-info id="47" free="3145728" total="11534336" percent="27">
    <remembered-set count="3360" freebytes="446976" totalbytes="460416" percent="97" regionsoverflowed="0" regionsstable="0" regionsrebuilding="0"/>
  </mem-info>
</gc-start>
<gc-op id="48" type="mark increment" timems="0.754" contextid="45" timestamp="2019-08-02T20:26:50.921">
  <trace-info objectcount="339" scancount="0" scanbytes="0" />
</gc-op>
<gc-end id="49" type="global mark phase" contextid="45" durationms="0.860" usertimems="0.000" systemtimems="0.000" timestamp="2019-08-02T20:26:50.921" activeThreads="8">
  <mem-info id="50" free="3145728" total="11534336" percent="27">
    <remembered-set count="3360" freebytes="446976" totalbytes="460416" percent="97" regionsoverflowed="0" regionsstable="0" regionsrebuilding="0"/>
  </mem-info>
</gc-end>
<concurrent-start id="51" type="GMP work packet processing" contextid="45" timestamp="2019-08-02T20:26:50.921">
  <concurrent-mark-start scanTarget="18446744073709551615" />
</concurrent-start>
<exclusive-end id="52" timestamp="2019-08-02T20:26:50.922" durationms="2.849" />

<concurrent-end id="53" type="GMP work packet processing" contextid="45" timestamp="2019-08-02T20:26:50.923">
  <concurrent-mark-end bytesScanned="2078640" reasonForTermination="Completed all work in GC phase" />
</concurrent-end>

<exclusive-start id="54" timestamp="2019-08-02T20:26:50.965" intervalms="45.411">
  <response-info timems="0.060" idlems="0.060" threads="0" lastid="0000000002640300" lastname="Thread-5" />
</exclusive-start>
<allocation-taxation id="55" taxation-threshold="3145728" timestamp="2019-08-02T20:26:50.965" intervalms="45.451" />
<cycle-start id="56" type="partial gc" contextid="0" timestamp="2019-08-02T20:26:50.965" intervalms="136.100" />
<gc-start id="57" type="partial gc" contextid="56" timestamp="2019-08-02T20:26:50.965">
  <mem-info id="58" free="0" total="11534336" percent="0">
    <mem type="eden" free="499176" total="7340032" percent="6" />
    <remembered-set count="3360" freebytes="446976" totalbytes="460416" percent="97" regionsoverflowed="0" regionsstable="0" regionsrebuilding="0"/>
  </mem-info>
</gc-start>
<allocation-stats totalBytes="6184880" >
  <allocated-bytes non-tlh="19896" tlh="6164984" arrayletleaf="0"/>
  <largest-consumer threadName="Thread-8" threadId="000000000264B700" bytes="864360" />
</allocation-stats>
<gc-op id="59" type="mark" timems="2.640" contextid="56" timestamp="2019-08-02T20:26:50.969">
  <trace-info objectcount="14210" scancount="11137" scanbytes="1213008" />
  <cardclean-info objects="1432" bytes="69412" />
  <remembered-set-cleared processed="2023" cleared="608" durationms="0.058" />
  <finalization candidates="10" enqueued="0" />
  <references type="soft" candidates="35" cleared="0" enqueued="0" dynamicThreshold="8" maxThreshold="32" />
  <references type="weak" candidates="140" cleared="9" enqueued="8" />
  <references type="phantom" candidates="18" cleared="0" enqueued="0" />
  <stringconstants candidates="3961" cleared="0"  />
  <warning details="Mark invoked due to insufficient free space for Copy-Forward" />
</gc-op>
<gc-op id="60" type="classunload" timems="0.002" contextid="56" timestamp="2019-08-02T20:26:50.969">
  <classunload-info classloadercandidates="20" classloadersunloaded="0" classesunloaded="0" anonymousclassesunloaded="0" quiescems="0.000" setupms="0.001" scanms="0.000" postms="0.000" />
</gc-op>
<gc-op id="61" type="sweep" timems="0.414" contextid="56" timestamp="2019-08-02T20:26:50.969" />
<gc-op id="62" type="compact" timems="2.899" contextid="56" timestamp="2019-08-02T20:26:50.972">
  <compact-info movecount="14182" movebytes="2280928" />
  <remembered-set-cleared processed="5762" cleared="2914" durationms="0.068" />
</gc-op>
<gc-end id="63" type="partial gc" contextid="56" durationms="7.249" usertimems="4.000" systemtimems="8.000" timestamp="2019-08-02T20:26:50.973" activeThreads="8">
  <mem-info id="64" free="5242880" total="11534336" percent="45">
    <mem type="eden" free="472704" total="2097152" percent="22" />
    <pending-finalizers system="0" default="0" reference="8" classloader="0" />
    <remembered-set count="5248" freebytes="439424" totalbytes="460416" percent="95" regionsoverflowed="0" regionsstable="0" regionsrebuilding="0"/>
  </mem-info>
</gc-end>
<cycle-end id="65" type="partial gc" contextid="56" timestamp="2019-08-02T20:26:50.973" />
  <attribute name="elasticGC enabled" value="1" />
  <attribute name= "numThreadsSpecified" value="0" />
  <attribute name="heapSize specified" value="0" />
  <attribute name= "numCores" value="8" />
  <attribute name ="GC Interval" value="0" />
  <attribute name ="Control flow" value="2" />
  <attribute name="GC Util Range Max" value="108" />
  <attribute name="Current GC Util" value="39" />
  <attribute name= "Current Time Running" value="529" />
<exclusive-end id="66" timestamp="2019-08-02T20:26:50.973" durationms="7.982" />

<exclusive-start id="67" timestamp="2019-08-02T20:26:50.998" intervalms="32.621">
  <response-info timems="0.041" idlems="0.041" threads="0" lastid="000000000263C800" lastname="Thread-4" />
</exclusive-start>
<allocation-taxation id="68" taxation-threshold="2097152" timestamp="2019-08-02T20:26:50.998" intervalms="32.602" />
<gc-start id="69" type="global mark phase" contextid="45" timestamp="2019-08-02T20:26:50.998">
  <mem-info id="70" free="3145728" total="11534336" percent="27">
    <remembered-set count="4864" freebytes="440960" totalbytes="460416" percent="95" regionsoverflowed="0" regionsstable="0" regionsrebuilding="0"/>
  </mem-info>
</gc-start>
<gc-op id="71" type="mark increment" timems="2.171" contextid="45" timestamp="2019-08-02T20:26:51.000">
  <trace-info objectcount="13960" scancount="10912" scanbytes="1204472" />
  <cardclean-info objects="1761" bytes="84636" />
  <finalization candidates="25" enqueued="0" />
  <references type="soft" candidates="168" cleared="0" enqueued="0" dynamicThreshold="14" maxThreshold="32" />
  <references type="weak" candidates="280" cleared="0" enqueued="0" />
  <references type="phantom" candidates="103" cleared="2" enqueued="2" />
  <stringconstants candidates="3963" cleared="0"  />
</gc-op>
<gc-op id="72" type="classunload" timems="0.003" contextid="45" timestamp="2019-08-02T20:26:51.000">
  <classunload-info classloadercandidates="20" classloadersunloaded="0" classesunloaded="0" anonymousclassesunloaded="0" quiescems="0.000" setupms="0.003" scanms="0.000" postms="0.000" />
</gc-op>
<gc-end id="73" type="global mark phase" contextid="45" durationms="2.389" usertimems="4.000" systemtimems="0.000" timestamp="2019-08-02T20:26:51.000" activeThreads="8">
  <mem-info id="74" free="3145728" total="11534336" percent="27">
    <pending-finalizers system="0" default="0" reference="2" classloader="0" />
    <remembered-set count="4864" freebytes="440960" totalbytes="460416" percent="95" regionsoverflowed="0" regionsstable="0" regionsrebuilding="0"/>
  </mem-info>
</gc-end>
<cycle-end id="75" type="global mark phase" contextid="45" timestamp="2019-08-02T20:26:51.000" />
  <attribute name="elasticGC enabled" value="1" />
  <attribute name= "numThreadsSpecified" value="0" />
  <attribute name="heapSize specified" value="0" />
  <attribute name= "numCores" value="8" />
  <attribute name ="GC Interval" value="0" />
  <attribute name ="Control flow" value="2" />
  <attribute name="GC Util Range Max" value="108" />
  <attribute name="Current GC Util" value="87" />
  <attribute name= "Current Time Running" value="559" />
<exclusive-end id="76" timestamp="2019-08-02T20:26:51.000" durationms="2.757" />

<exclusive-start id="77" timestamp="2019-08-02T20:26:51.027" intervalms="28.989">
  <response-info timems="0.031" idlems="0.031" threads="0" lastid="0000000002638C00" lastname="Thread-3" />
</exclusive-start>
<allocation-taxation id="78" taxation-threshold="2097152" timestamp="2019-08-02T20:26:51.027" intervalms="28.940" />
<cycle-start id="79" type="partial gc" contextid="0" timestamp="2019-08-02T20:26:51.027" intervalms="61.542" />
<gc-start id="80" type="partial gc" contextid="79" timestamp="2019-08-02T20:26:51.027">
  <mem-info id="81" free="1048576" total="11534336" percent="9">
    <mem type="eden" free="0" total="4194304" percent="0" />
    <remembered-set count="4864" freebytes="440960" totalbytes="460416" percent="95" regionsoverflowed="0" regionsstable="0" regionsrebuilding="0"/>
  </mem-info>
</gc-start>
<allocation-stats totalBytes="4075392" >
  <allocated-bytes non-tlh="65616" tlh="4009776" arrayletleaf="0"/>
  <largest-consumer threadName="Thread-10" threadId="0000000002652F00" bytes="535648" />
</allocation-stats>
<gc-op id="82" type="sweep" timems="0.484" contextid="79" timestamp="2019-08-02T20:26:51.028" />
<gc-op id="83" type="copy forward" timems="6.187" contextid="79" timestamp="2019-08-02T20:26:51.034">
  <memory-copied type="eden" objects="2239" bytes="762776" bytesdiscarded="72074" />
  <memory-copied type="other" objects="5994" bytes="1322944" bytesdiscarded="155206" />
  <memory-cardclean objects="768" bytes="121200" />
  <regions eden="2" other="4" />
  <remembered-set-cleared processed="2991" cleared="1280" durationms="0.059" />
  <references type="soft" candidates="4" cleared="0" enqueued="0" dynamicThreshold="8" maxThreshold="32" />
  <references type="weak" candidates="30" cleared="0" enqueued="0" />
  <references type="phantom" candidates="1" cleared="0" enqueued="0" />
  <stringconstants candidates="3963" cleared="0"  />
  <heap-resize type="expand" space="default" amount="3145728" count="3" timems="1.372" reason="continue current collection" />
</gc-op>
<gc-op id="84" type="classunload" timems="0.003" contextid="79" timestamp="2019-08-02T20:26:51.035">
  <classunload-info classloadercandidates="20" classloadersunloaded="0" classesunloaded="0" anonymousclassesunloaded="0" quiescems="0.000" setupms="0.002" scanms="0.000" postms="0.000" />
</gc-op>
<gc-op id="85" type="compact" timems="1.306" contextid="79" timestamp="2019-08-02T20:26:51.036">
  <compact-info movecount="0" movebytes="0" />
  <remembered-set-cleared processed="6084" cleared="1280" durationms="0.059" />
</gc-op>
<heap-resize id="86" type="expand" space="default" amount="1048576" count="1" timems="0.051" reason="insufficient free space following gc" timestamp="2019-08-02T20:26:51.036" />
<gc-end id="87" type="partial gc" contextid="79" durationms="9.669" usertimems="12.000" systemtimems="0.000" timestamp="2019-08-02T20:26:51.037" activeThreads="8">
  <mem-info id="88" free="7340032" total="15728640" percent="46">
    <mem type="eden" free="1778312" total="3145728" percent="56" />
    <remembered-set count="4352" freebytes="610432" totalbytes="627840" percent="97" regionsoverflowed="0" regionsstable="0" regionsrebuilding="0"/>
  </mem-info>
</gc-end>
<cycle-end id="89" type="partial gc" contextid="79" timestamp="2019-08-02T20:26:51.037" />
  <attribute name="elasticGC enabled" value="1" />
  <attribute name= "numThreadsSpecified" value="0" />
  <attribute name="heapSize specified" value="0" />
  <attribute name= "numCores" value="8" />
  <attribute name ="GC Interval" value="0" />
  <attribute name ="Control flow" value="2" />
  <attribute name="GC Util Range Max" value="108" />
  <attribute name="Current GC Util" value="108" />
  <attribute name= "Current Time Running" value="595" />
<exclusive-end id="90" timestamp="2019-08-02T20:26:51.037" durationms="10.343" />

<exclusive-start id="91" timestamp="2019-08-02T20:26:51.169" intervalms="142.818">
  <response-info timems="0.039" idlems="0.039" threads="0" lastid="000000000263C800" lastname="Thread-4" />
</exclusive-start>
<allocation-taxation id="92" taxation-threshold="7340032" timestamp="2019-08-02T20:26:51.170" intervalms="142.967" />
<cycle-start id="93" type="partial gc" contextid="0" timestamp="2019-08-02T20:26:51.170" intervalms="142.984" />
<gc-start id="94" type="partial gc" contextid="93" timestamp="2019-08-02T20:26:51.170">
  <mem-info id="95" free="0" total="15728640" percent="0">
    <mem type="eden" free="0" total="7340032" percent="0" />
    <remembered-set count="2848" freebytes="616448" totalbytes="627840" percent="98" regionsoverflowed="0" regionsstable="1" regionsrebuilding="0"/>
  </mem-info>
</gc-start>
<allocation-stats totalBytes="7271480" >
  <allocated-bytes non-tlh="245824" tlh="7025656" arrayletleaf="0"/>
  <largest-consumer threadName="Thread-5" threadId="0000000002640300" bytes="1449232" />
</allocation-stats>
<gc-op id="96" type="mark" timems="2.157" contextid="93" timestamp="2019-08-02T20:26:51.173">
  <trace-info objectcount="5717" scancount="4505" scanbytes="1005888" />
  <cardclean-info objects="1785" bytes="284644" />
  <remembered-set-cleared processed="1616" cleared="510" durationms="0.067" />
  <stringconstants candidates="3963" cleared="0"  />
  <warning details="Mark invoked due to insufficient free space for Copy-Forward" />
</gc-op>
<gc-op id="97" type="classunload" timems="0.002" contextid="93" timestamp="2019-08-02T20:26:51.173">
  <classunload-info classloadercandidates="20" classloadersunloaded="0" classesunloaded="0" anonymousclassesunloaded="0" quiescems="0.000" setupms="0.002" scanms="0.000" postms="0.000" />
</gc-op>
<gc-op id="98" type="sweep" timems="0.433" contextid="93" timestamp="2019-08-02T20:26:51.173" />
<gc-op id="99" type="compact" timems="2.685" contextid="93" timestamp="2019-08-02T20:26:51.176">
  <compact-info movecount="7916" movebytes="2530320" />
  <remembered-set-cleared processed="3103" cleared="1710" durationms="0.067" />
</gc-op>
<gc-end id="100" type="partial gc" contextid="93" durationms="6.672" usertimems="8.000" systemtimems="0.000" timestamp="2019-08-02T20:26:51.177" activeThreads="8">
  <mem-info id="101" free="7340032" total="15728640" percent="46">
    <mem type="eden" free="481392" total="2097152" percent="22" />
    <remembered-set count="4256" freebytes="610816" totalbytes="627840" percent="97" regionsoverflowed="0" regionsstable="1" regionsrebuilding="0"/>
  </mem-info>
</gc-end>
<cycle-end id="102" type="partial gc" contextid="93" timestamp="2019-08-02T20:26:51.177" />
  <attribute name="elasticGC enabled" value="1" />
  <attribute name= "numThreadsSpecified" value="0" />
  <attribute name="heapSize specified" value="0" />
  <attribute name= "numCores" value="8" />
  <attribute name ="GC Interval" value="0" />
  <attribute name ="Control flow" value="2" />
  <attribute name="GC Util Range Max" value="108" />
  <attribute name="Current GC Util" value="38" />
  <attribute name= "Current Time Running" value="733" />
<exclusive-end id="103" timestamp="2019-08-02T20:26:51.177" durationms="7.439" />

<exclusive-start id="104" timestamp="2019-08-02T20:26:51.291" intervalms="122.070">
  <response-info timems="0.032" idlems="0.032" threads="0" lastid="0000000002647B00" lastname="Thread-7" />
</exclusive-start>
<allocation-taxation id="105" taxation-threshold="7340032" timestamp="2019-08-02T20:26:51.292" intervalms="122.007" />
<cycle-start id="106" type="partial gc" contextid="0" timestamp="2019-08-02T20:26:51.292" intervalms="121.990" />
<gc-start id="107" type="partial gc" contextid="106" timestamp="2019-08-02T20:26:51.292">
  <mem-info id="108" free="0" total="15728640" percent="0">
    <mem type="eden" free="0" total="7340032" percent="0" />
    <remembered-set count="3776" freebytes="612736" totalbytes="627840" percent="97" regionsoverflowed="0" regionsstable="1" regionsrebuilding="0"/>
  </mem-info>
</gc-start>
<allocation-stats totalBytes="7256184" >
  <allocated-bytes non-tlh="163880" tlh="7092304" arrayletleaf="0"/>
  <largest-consumer threadName="Thread-9" threadId="000000000264F300" bytes="1408008" />
</allocation-stats>
<gc-op id="109" type="mark" timems="2.142" contextid="106" timestamp="2019-08-02T20:26:51.294">
  <trace-info objectcount="5695" scancount="4531" scanbytes="1109600" />
  <cardclean-info objects="1627" bytes="281836" />
  <remembered-set-cleared processed="1949" cleared="736" durationms="0.065" />
  <references type="phantom" candidates="1" cleared="0" enqueued="0" />
  <stringconstants candidates="3963" cleared="0"  />
  <warning details="Mark invoked due to insufficient free space for Copy-Forward" />
</gc-op>
<gc-op id="110" type="classunload" timems="0.002" contextid="106" timestamp="2019-08-02T20:26:51.295">
  <classunload-info classloadercandidates="20" classloadersunloaded="0" classesunloaded="0" anonymousclassesunloaded="0" quiescems="0.000" setupms="0.002" scanms="0.000" postms="0.000" />
</gc-op>
<gc-op id="111" type="sweep" timems="0.399" contextid="106" timestamp="2019-08-02T20:26:51.295" />
<gc-op id="112" type="compact" timems="2.217" contextid="106" timestamp="2019-08-02T20:26:51.298">
  <compact-info movecount="5695" movebytes="2270088" />
  <remembered-set-cleared processed="4467" cleared="1946" durationms="0.071" />
</gc-op>
<gc-end id="113" type="partial gc" contextid="106" durationms="6.079" usertimems="0.000" systemtimems="8.000" timestamp="2019-08-02T20:26:51.298" activeThreads="8">
  <mem-info id="114" free="6291456" total="15728640" percent="40">
    <mem type="eden" free="549696" total="2097152" percent="26" />
    <remembered-set count="3936" freebytes="612096" totalbytes="627840" percent="97" regionsoverflowed="0" regionsstable="1" regionsrebuilding="0"/>
  </mem-info>
</gc-end>
<cycle-end id="115" type="partial gc" contextid="106" timestamp="2019-08-02T20:26:51.298" />
  <attribute name="elasticGC enabled" value="1" />
  <attribute name= "numThreadsSpecified" value="0" />
  <attribute name="heapSize specified" value="0" />
  <attribute name= "numCores" value="8" />
  <attribute name ="GC Interval" value="0" />
  <attribute name ="Control flow" value="2" />
  <attribute name="GC Util Range Max" value="108" />
  <attribute name="Current GC Util" value="37" />
  <attribute name= "Current Time Running" value="855" />
<exclusive-end id="116" timestamp="2019-08-02T20:26:51.298" durationms="6.942" />

<exclusive-start id="117" timestamp="2019-08-02T20:26:51.337" intervalms="45.767">
  <response-info timems="0.087" idlems="0.056" threads="1" lastid="000000000263C800" lastname="Thread-4" />
</exclusive-start>
<allocation-taxation id="118" taxation-threshold="3145728" timestamp="2019-08-02T20:26:51.337" intervalms="45.722" />
<cycle-start id="119" type="global mark phase" contextid="0" timestamp="2019-08-02T20:26:51.337" intervalms="417.536" />
<gc-start id="120" type="global mark phase" contextid="119" timestamp="2019-08-02T20:26:51.337">
  <mem-info id="121" free="3145728" total="15728640" percent="20">
    <remembered-set count="3936" freebytes="612096" totalbytes="627840" percent="97" regionsoverflowed="0" regionsstable="1" regionsrebuilding="0"/>
  </mem-info>
</gc-start>
<gc-op id="122" type="mark increment" timems="0.718" contextid="119" timestamp="2019-08-02T20:26:51.338">
  <trace-info objectcount="385" scancount="0" scanbytes="0" />
</gc-op>
<gc-end id="123" type="global mark phase" contextid="119" durationms="0.811" usertimems="4.000" systemtimems="0.000" timestamp="2019-08-02T20:26:51.338" activeThreads="8">
  <mem-info id="124" free="3145728" total="15728640" percent="20">
    <remembered-set count="3936" freebytes="612096" totalbytes="627840" percent="97" regionsoverflowed="0" regionsstable="0" regionsrebuilding="1"/>
  </mem-info>
</gc-end>
<concurrent-start id="125" type="GMP work packet processing" contextid="119" timestamp="2019-08-02T20:26:51.338">
  <concurrent-mark-start scanTarget="18446744073709551615" />
</concurrent-start>
<exclusive-end id="126" timestamp="2019-08-02T20:26:51.338" durationms="1.246" />

<concurrent-end id="127" type="GMP work packet processing" contextid="119" timestamp="2019-08-02T20:26:51.341">
  <concurrent-mark-end bytesScanned="2005684" reasonForTermination="Completed all work in GC phase" />
</concurrent-end>

<exclusive-start id="128" timestamp="2019-08-02T20:26:51.388" intervalms="50.610">
  <response-info timems="0.057" idlems="0.057" threads="0" lastid="0000000002638C00" lastname="Thread-3" />
</exclusive-start>
<allocation-taxation id="129" taxation-threshold="3145728" timestamp="2019-08-02T20:26:51.388" intervalms="50.617" />
<cycle-start id="130" type="partial gc" contextid="0" timestamp="2019-08-02T20:26:51.388" intervalms="96.341" />
<gc-start id="131" type="partial gc" contextid="130" timestamp="2019-08-02T20:26:51.388">
  <mem-info id="132" free="0" total="15728640" percent="0">
    <mem type="eden" free="0" total="7340032" percent="0" />
    <remembered-set count="7200" freebytes="599040" totalbytes="627840" percent="95" regionsoverflowed="0" regionsstable="0" regionsrebuilding="1"/>
  </mem-info>
</gc-start>
<allocation-stats totalBytes="6166360" >
  <allocated-bytes non-tlh="32776" tlh="6133584" arrayletleaf="0"/>
  <largest-consumer threadName="Thread-10" threadId="0000000002652F00" bytes="593848" />
</allocation-stats>
<gc-op id="133" type="mark" timems="2.081" contextid="130" timestamp="2019-08-02T20:26:51.391">
  <trace-info objectcount="5610" scancount="4485" scanbytes="1041276" />
  <cardclean-info objects="1698" bytes="234340" />
  <remembered-set-cleared processed="5245" cleared="1130" durationms="0.079" />
  <stringconstants candidates="3963" cleared="0"  />
  <warning details="Mark invoked due to insufficient free space for Copy-Forward" />
</gc-op>
<gc-op id="134" type="classunload" timems="0.002" contextid="130" timestamp="2019-08-02T20:26:51.391">
  <classunload-info classloadercandidates="20" classloadersunloaded="0" classesunloaded="0" anonymousclassesunloaded="0" quiescems="0.000" setupms="0.002" scanms="0.000" postms="0.000" />
</gc-op>
<gc-op id="135" type="sweep" timems="0.429" contextid="130" timestamp="2019-08-02T20:26:51.391" />
<gc-op id="136" type="compact" timems="2.303" contextid="130" timestamp="2019-08-02T20:26:51.394">
  <compact-info movecount="4961" movebytes="1984208" />
  <remembered-set-cleared processed="11123" cleared="2684" durationms="0.084" />
</gc-op>
<heap-resize id="137" type="expand" space="default" amount="3145728" count="1" timems="0.070" reason="insufficient free space following gc" timestamp="2019-08-02T20:26:51.394" />
<gc-end id="138" type="partial gc" contextid="130" durationms="6.237" usertimems="8.000" systemtimems="0.000" timestamp="2019-08-02T20:26:51.394" activeThreads="8">
  <mem-info id="139" free="8388608" total="18874368" percent="44">
    <mem type="eden" free="495768" total="2097152" percent="23" />
    <remembered-set count="8096" freebytes="721024" totalbytes="753408" percent="95" regionsoverflowed="0" regionsstable="0" regionsrebuilding="1"/>
  </mem-info>
</gc-end>
<cycle-end id="140" type="partial gc" contextid="130" timestamp="2019-08-02T20:26:51.395" />
  <attribute name="elasticGC enabled" value="1" />
  <attribute name= "numThreadsSpecified" value="0" />
  <attribute name="heapSize specified" value="0" />
  <attribute name= "numCores" value="8" />
  <attribute name ="GC Interval" value="0" />
  <attribute name ="Control flow" value="2" />
  <attribute name="GC Util Range Max" value="108" />
  <attribute name="Current GC Util" value="53" />
  <attribute name= "Current Time Running" value="952" />
<exclusive-end id="141" timestamp="2019-08-02T20:26:51.395" durationms="7.076" />

<exclusive-start id="142" timestamp="2019-08-02T20:26:51.457" intervalms="68.737">
  <response-info timems="0.044" idlems="0.044" threads="0" lastid="000000000264B700" lastname="Thread-8" />
</exclusive-start>
<allocation-taxation id="143" taxation-threshold="4194304" timestamp="2019-08-02T20:26:51.457" intervalms="68.760" />
<gc-start id="144" type="global mark phase" contextid="119" timestamp="2019-08-02T20:26:51.457">
  <mem-info id="145" free="4194304" total="18874368" percent="22">
    <remembered-set count="8096" freebytes="721024" totalbytes="753408" percent="95" regionsoverflowed="0" regionsstable="0" regionsrebuilding="1"/>
  </mem-info>
</gc-start>
<gc-op id="146" type="mark increment" timems="1.434" contextid="119" timestamp="2019-08-02T20:26:51.458">
  <trace-info objectcount="4737" scancount="3774" scanbytes="806148" />
  <cardclean-info objects="1664" bytes="147180" />
  <finalization candidates="25" enqueued="0" />
  <references type="soft" candidates="168" cleared="0" enqueued="0" dynamicThreshold="14" maxThreshold="32" />
  <references type="weak" candidates="281" cleared="0" enqueued="0" />
  <references type="phantom" candidates="101" cleared="0" enqueued="0" />
  <stringconstants candidates="3963" cleared="0"  />
</gc-op>
<gc-op id="147" type="classunload" timems="0.004" contextid="119" timestamp="2019-08-02T20:26:51.458">
  <classunload-info classloadercandidates="20" classloadersunloaded="0" classesunloaded="0" anonymousclassesunloaded="0" quiescems="0.000" setupms="0.004" scanms="0.000" postms="0.000" />
</gc-op>
<gc-end id="148" type="global mark phase" contextid="119" durationms="1.674" usertimems="4.000" systemtimems="0.000" timestamp="2019-08-02T20:26:51.458" activeThreads="8">
  <mem-info id="149" free="4194304" total="18874368" percent="22">
    <remembered-set count="10144" freebytes="712832" totalbytes="753408" percent="94" regionsoverflowed="0" regionsstable="0" regionsrebuilding="0"/>
  </mem-info>
</gc-end>
<cycle-end id="150" type="global mark phase" contextid="119" timestamp="2019-08-02T20:26:51.459" />
  <attribute name="elasticGC enabled" value="1" />
  <attribute name= "numThreadsSpecified" value="0" />
  <attribute name="heapSize specified" value="0" />
  <attribute name= "numCores" value="8" />
  <attribute name ="GC Interval" value="0" />
  <attribute name ="Control flow" value="2" />
  <attribute name="GC Util Range Max" value="108" />
  <attribute name="Current GC Util" value="134" />
  <attribute name= "Current Time Running" value="1017" />
<exclusive-end id="151" timestamp="2019-08-02T20:26:51.459" durationms="2.115" />

<exclusive-start id="152" timestamp="2019-08-02T20:26:51.501" intervalms="44.430">
  <response-info timems="0.036" idlems="0.036" threads="0" lastid="000000000264F300" lastname="Thread-9" />
</exclusive-start>
<allocation-taxation id="153" taxation-threshold="4194304" timestamp="2019-08-02T20:26:51.501" intervalms="44.441" />
<cycle-start id="154" type="partial gc" contextid="0" timestamp="2019-08-02T20:26:51.501" intervalms="113.194" />
<gc-start id="155" type="partial gc" contextid="154" timestamp="2019-08-02T20:26:51.501">
  <mem-info id="156" free="0" total="18874368" percent="0">
    <mem type="eden" free="0" total="9437184" percent="0" />
    <remembered-set count="6272" freebytes="728320" totalbytes="753408" percent="96" regionsoverflowed="0" regionsstable="1" regionsrebuilding="0"/>
  </mem-info>
</gc-start>
<allocation-stats totalBytes="8222440" >
  <allocated-bytes non-tlh="163880" tlh="8058560" arrayletleaf="0"/>
  <largest-consumer threadName="Thread-8" threadId="000000000264B700" bytes="1164848" />
</allocation-stats>
<gc-op id="157" type="sweep" timems="0.432" contextid="154" timestamp="2019-08-02T20:26:51.502" />
<gc-op id="158" type="mark" timems="1.494" contextid="154" timestamp="2019-08-02T20:26:51.504">
  <trace-info objectcount="4502" scancount="3648" scanbytes="871396" />
  <cardclean-info objects="1450" bytes="156284" />
  <remembered-set-cleared processed="2531" cleared="802" durationms="0.084" />
  <references type="phantom" candidates="2" cleared="0" enqueued="0" />
  <stringconstants candidates="3963" cleared="0"  />
  <warning details="Mark invoked due to insufficient free space for Copy-Forward" />
</gc-op>
<gc-op id="159" type="classunload" timems="0.002" contextid="154" timestamp="2019-08-02T20:26:51.504">
  <classunload-info classloadercandidates="20" classloadersunloaded="0" classesunloaded="0" anonymousclassesunloaded="0" quiescems="0.000" setupms="0.002" scanms="0.000" postms="0.000" />
</gc-op>
<gc-op id="160" type="sweep" timems="0.353" contextid="154" timestamp="2019-08-02T20:26:51.504" />
<gc-op id="161" type="compact" timems="1.601" contextid="154" timestamp="2019-08-02T20:26:51.506">
  <compact-info movecount="4502" movebytes="1876280" />
  <remembered-set-cleared processed="5273" cleared="1676" durationms="0.084" />
</gc-op>
<heap-resize id="162" type="expand" space="default" amount="1048576" count="1" timems="0.056" reason="insufficient free space following gc" timestamp="2019-08-02T20:26:51.507" />
<gc-end id="163" type="partial gc" contextid="154" durationms="5.291" usertimems="8.000" systemtimems="0.000" timestamp="2019-08-02T20:26:51.507" activeThreads="8">
  <mem-info id="164" free="8388608" total="19922944" percent="42">
    <mem type="eden" free="585176" total="2097152" percent="27" />
    <remembered-set count="5088" freebytes="774912" totalbytes="795264" percent="97" regionsoverflowed="0" regionsstable="1" regionsrebuilding="0"/>
  </mem-info>
</gc-end>
<cycle-end id="165" type="partial gc" contextid="154" timestamp="2019-08-02T20:26:51.507" />
  <attribute name="elasticGC enabled" value="1" />
  <attribute name= "numThreadsSpecified" value="0" />
  <attribute name="heapSize specified" value="0" />
  <attribute name= "numCores" value="8" />
  <attribute name ="GC Interval" value="0" />
  <attribute name ="Control flow" value="2" />
  <attribute name="GC Util Range Max" value="108" />
  <attribute name="Current GC Util" value="54" />
  <attribute name= "Current Time Running" value="1065" />
<exclusive-end id="166" timestamp="2019-08-02T20:26:51.507" durationms="6.085" />

<exclusive-start id="167" timestamp="2019-08-02T20:26:51.573" intervalms="72.278">
  <response-info timems="0.044" idlems="0.044" threads="0" lastid="000000000264B700" lastname="Thread-8" />
</exclusive-start>
<allocation-taxation id="168" taxation-threshold="4194304" timestamp="2019-08-02T20:26:51.573" intervalms="72.312" />
<cycle-start id="169" type="global mark phase" contextid="0" timestamp="2019-08-02T20:26:51.574" intervalms="236.128" />
<gc-start id="170" type="global mark phase" contextid="169" timestamp="2019-08-02T20:26:51.574">
  <mem-info id="171" free="4194304" total="19922944" percent="21">
    <remembered-set count="5088" freebytes="774912" totalbytes="795264" percent="97" regionsoverflowed="0" regionsstable="1" regionsrebuilding="0"/>
  </mem-info>
</gc-start>
<gc-op id="172" type="mark increment" timems="0.545" contextid="169" timestamp="2019-08-02T20:26:51.574">
  <trace-info objectcount="369" scancount="0" scanbytes="0" />
</gc-op>
<gc-end id="173" type="global mark phase" contextid="169" durationms="0.671" usertimems="0.000" systemtimems="0.000" timestamp="2019-08-02T20:26:51.574" activeThreads="8">
  <mem-info id="174" free="4194304" total="19922944" percent="21">
    <remembered-set count="5088" freebytes="774912" totalbytes="795264" percent="97" regionsoverflowed="0" regionsstable="0" regionsrebuilding="1"/>
  </mem-info>
</gc-end>
<concurrent-start id="175" type="GMP work packet processing" contextid="169" timestamp="2019-08-02T20:26:51.574">
  <concurrent-mark-start scanTarget="18446744073709551615" />
</concurrent-start>
<exclusive-end id="176" timestamp="2019-08-02T20:26:51.575" durationms="1.961" />

<concurrent-end id="177" type="GMP work packet processing" contextid="169" timestamp="2019-08-02T20:26:51.576">
  <concurrent-mark-end bytesScanned="2043652" reasonForTermination="Completed all work in GC phase" />
</concurrent-end>

<exclusive-start id="178" timestamp="2019-08-02T20:26:51.628" intervalms="54.705">
  <response-info timems="0.057" idlems="0.057" threads="0" lastid="0000000002647B00" lastname="Thread-7" />
</exclusive-start>
<allocation-taxation id="179" taxation-threshold="4194304" timestamp="2019-08-02T20:26:51.628" intervalms="54.696" />
<cycle-start id="180" type="partial gc" contextid="0" timestamp="2019-08-02T20:26:51.628" intervalms="127.015" />
<gc-start id="181" type="partial gc" contextid="180" timestamp="2019-08-02T20:26:51.628">
  <mem-info id="182" free="0" total="19922944" percent="0">
    <mem type="eden" free="585176" total="9437184" percent="6" />
    <remembered-set count="8096" freebytes="762880" totalbytes="795264" percent="95" regionsoverflowed="0" regionsstable="0" regionsrebuilding="1"/>
  </mem-info>
</gc-start>
<allocation-stats totalBytes="8218808" >
  <allocated-bytes non-tlh="49168" tlh="8169640" arrayletleaf="0"/>
  <largest-consumer threadName="Thread-3" threadId="0000000002638C00" bytes="1171016" />
</allocation-stats>
<gc-op id="183" type="mark" timems="2.076" contextid="180" timestamp="2019-08-02T20:26:51.631">
  <trace-info objectcount="5354" scancount="4267" scanbytes="944516" />
  <cardclean-info objects="1557" bytes="158428" />
  <remembered-set-cleared processed="5570" cleared="1082" durationms="0.084" />
  <stringconstants candidates="3963" cleared="0"  />
  <warning details="Mark invoked due to insufficient free space for Copy-Forward" />
</gc-op>
<gc-op id="184" type="classunload" timems="0.002" contextid="180" timestamp="2019-08-02T20:26:51.631">
  <classunload-info classloadercandidates="20" classloadersunloaded="0" classesunloaded="0" anonymousclassesunloaded="0" quiescems="0.000" setupms="0.002" scanms="0.000" postms="0.000" />
</gc-op>
<gc-op id="185" type="sweep" timems="0.428" contextid="180" timestamp="2019-08-02T20:26:51.632" />
<gc-op id="186" type="compact" timems="2.001" contextid="180" timestamp="2019-08-02T20:26:51.634">
  <compact-info movecount="5398" movebytes="2162064" />
  <remembered-set-cleared processed="10880" cleared="4224" durationms="0.089" />
</gc-op>
<gc-end id="187" type="partial gc" contextid="180" durationms="5.613" usertimems="16.000" systemtimems="0.000" timestamp="2019-08-02T20:26:51.634" activeThreads="8">
  <mem-info id="188" free="7340032" total="19922944" percent="36">
    <mem type="eden" free="309088" total="2097152" percent="14" />
    <remembered-set count="7584" freebytes="764928" totalbytes="795264" percent="96" regionsoverflowed="0" regionsstable="0" regionsrebuilding="1"/>
  </mem-info>
</gc-end>
<cycle-end id="189" type="partial gc" contextid="180" timestamp="2019-08-02T20:26:51.634" />
  <attribute name="elasticGC enabled" value="1" />
  <attribute name= "numThreadsSpecified" value="0" />
  <attribute name="heapSize specified" value="0" />
  <attribute name= "numCores" value="8" />
  <attribute name ="GC Interval" value="0" />
  <attribute name ="Control flow" value="2" />
  <attribute name="GC Util Range Max" value="108" />
  <attribute name="Current GC Util" value="49" />
  <attribute name= "Current Time Running" value="1192" />
<exclusive-end id="190" timestamp="2019-08-02T20:26:51.634" durationms="6.295" />

<exclusive-start id="191" timestamp="2019-08-02T20:26:51.680" intervalms="51.995">
  <response-info timems="0.044" idlems="0.044" threads="0" lastid="0000000002647B00" lastname="Thread-7" />
</exclusive-start>
<allocation-taxation id="192" taxation-threshold="3145728" timestamp="2019-08-02T20:26:51.680" intervalms="51.976" />
<gc-start id="193" type="global mark phase" contextid="169" timestamp="2019-08-02T20:26:51.680">
  <mem-info id="194" free="4194304" total="19922944" percent="21">
    <remembered-set count="7104" freebytes="766848" totalbytes="795264" percent="96" regionsoverflowed="0" regionsstable="0" regionsrebuilding="1"/>
  </mem-info>
</gc-start>
<gc-op id="195" type="mark increment" timems="1.867" contextid="169" timestamp="2019-08-02T20:26:51.682">
  <trace-info objectcount="8035" scancount="6183" scanbytes="979192" />
  <cardclean-info objects="8012" bytes="488332" />
  <finalization candidates="25" enqueued="0" />
  <references type="soft" candidates="168" cleared="0" enqueued="0" dynamicThreshold="11" maxThreshold="32" />
  <references type="weak" candidates="280" cleared="0" enqueued="0" />
  <references type="phantom" candidates="101" cleared="0" enqueued="0" />
  <stringconstants candidates="3963" cleared="0"  />
</gc-op>
<gc-op id="196" type="classunload" timems="0.002" contextid="169" timestamp="2019-08-02T20:26:51.682">
  <classunload-info classloadercandidates="20" classloadersunloaded="0" classesunloaded="0" anonymousclassesunloaded="0" quiescems="0.000" setupms="0.002" scanms="0.000" postms="0.000" />
</gc-op>
<gc-end id="197" type="global mark phase" contextid="169" durationms="2.123" usertimems="4.000" systemtimems="0.000" timestamp="2019-08-02T20:26:51.682" activeThreads="8">
  <mem-info id="198" free="4194304" total="19922944" percent="21">
    <remembered-set count="8640" freebytes="760704" totalbytes="795264" percent="95" regionsoverflowed="0" regionsstable="0" regionsrebuilding="0"/>
  </mem-info>
</gc-end>
<cycle-end id="199" type="global mark phase" contextid="169" timestamp="2019-08-02T20:26:51.682" />
  <attribute name="elasticGC enabled" value="1" />
  <attribute name= "numThreadsSpecified" value="0" />
  <attribute name="heapSize specified" value="0" />
  <attribute name= "numCores" value="8" />
  <attribute name ="GC Interval" value="0" />
  <attribute name ="Control flow" value="2" />
  <attribute name="GC Util Range Max" value="108" />
  <attribute name="Current GC Util" value="124" />
  <attribute name= "Current Time Running" value="1241" />
<exclusive-end id="200" timestamp="2019-08-02T20:26:51.683" durationms="2.545" />

<exclusive-start id="201" timestamp="2019-08-02T20:26:51.734" intervalms="54.447">
  <response-info timems="0.045" idlems="0.045" threads="0" lastid="0000000002652F00" lastname="Thread-10" />
</exclusive-start>
<allocation-taxation id="202" taxation-threshold="3145728" timestamp="2019-08-02T20:26:51.735" intervalms="54.429" />
<cycle-start id="203" type="partial gc" contextid="0" timestamp="2019-08-02T20:26:51.735" intervalms="106.407" />
<gc-start id="204" type="partial gc" contextid="203" timestamp="2019-08-02T20:26:51.735">
  <mem-info id="205" free="1048576" total="19922944" percent="5">
    <mem type="eden" free="0" total="6291456" percent="0" />
    <remembered-set count="4640" freebytes="776704" totalbytes="795264" percent="97" regionsoverflowed="0" regionsstable="1" regionsrebuilding="0"/>
  </mem-info>
</gc-start>
<allocation-stats totalBytes="6131128" >
  <allocated-bytes non-tlh="65552" tlh="6065576" arrayletleaf="0"/>
  <largest-consumer threadName="Thread-10" threadId="0000000002652F00" bytes="928728" />
</allocation-stats>
<gc-op id="206" type="sweep" timems="0.446" contextid="203" timestamp="2019-08-02T20:26:51.735" />
<gc-op id="207" type="copy forward" timems="2.191" contextid="203" timestamp="2019-08-02T20:26:51.738">
  <memory-copied type="eden" objects="2003" bytes="565432" bytesdiscarded="83051" />
  <memory-copied type="other" objects="2972" bytes="1292344" bytesdiscarded="207853" />
  <memory-cardclean objects="1266" bytes="98432" />
  <regions eden="3" other="5" />
  <remembered-set-cleared processed="2670" cleared="796" durationms="0.075" />
  <stringconstants candidates="3963" cleared="0"  />
  <heap-resize type="expand" space="default" amount="2097152" count="2" timems="0.121" reason="continue current collection" />
</gc-op>
<gc-op id="208" type="classunload" timems="0.003" contextid="203" timestamp="2019-08-02T20:26:51.738">
  <classunload-info classloadercandidates="20" classloadersunloaded="0" classesunloaded="0" anonymousclassesunloaded="0" quiescems="0.000" setupms="0.002" scanms="0.000" postms="0.000" />
</gc-op>
<gc-op id="209" type="compact" timems="0.957" contextid="203" timestamp="2019-08-02T20:26:51.739">
  <compact-info movecount="0" movebytes="0" />
  <remembered-set-cleared processed="5324" cleared="796" durationms="0.075" />
</gc-op>
<heap-resize id="210" type="expand" space="default" amount="1048576" count="1" timems="0.054" reason="insufficient free space following gc" timestamp="2019-08-02T20:26:51.740" />
<gc-end id="211" type="partial gc" contextid="203" durationms="4.957" usertimems="0.000" systemtimems="8.000" timestamp="2019-08-02T20:26:51.740" activeThreads="8">
  <mem-info id="212" free="9437184" total="23068672" percent="40">
    <mem type="eden" free="924368" total="2097152" percent="44" />
    <remembered-set count="4896" freebytes="901248" totalbytes="920832" percent="97" regionsoverflowed="0" regionsstable="1" regionsrebuilding="0"/>
  </mem-info>
</gc-end>
<cycle-end id="213" type="partial gc" contextid="203" timestamp="2019-08-02T20:26:51.740" />
  <attribute name="elasticGC enabled" value="1" />
  <attribute name= "numThreadsSpecified" value="0" />
  <attribute name="heapSize specified" value="0" />
  <attribute name= "numCores" value="8" />
  <attribute name ="GC Interval" value="0" />
  <attribute name ="Control flow" value="2" />
  <attribute name="GC Util Range Max" value="108" />
  <attribute name="Current GC Util" value="159" />
  <attribute name= "Current Time Running" value="1298" />
<exclusive-end id="214" timestamp="2019-08-02T20:26:51.740" durationms="5.669" />

<exclusive-start id="215" timestamp="2019-08-02T20:26:51.783" intervalms="48.127">
  <response-info timems="0.073" idlems="0.073" threads="0" lastid="000000000264F300" lastname="Thread-9" />
</exclusive-start>
<allocation-taxation id="216" taxation-threshold="4194304" timestamp="2019-08-02T20:26:51.783" intervalms="48.056" />
<cycle-start id="217" type="global mark phase" contextid="0" timestamp="2019-08-02T20:26:51.783" intervalms="209.160" />
<gc-start id="218" type="global mark phase" contextid="217" timestamp="2019-08-02T20:26:51.783">
  <mem-info id="219" free="5242880" total="23068672" percent="22">
    <remembered-set count="4896" freebytes="901248" totalbytes="920832" percent="97" regionsoverflowed="0" regionsstable="1" regionsrebuilding="0"/>
  </mem-info>
</gc-start>
<gc-op id="220" type="mark increment" timems="0.567" contextid="217" timestamp="2019-08-02T20:26:51.783">
  <trace-info objectcount="347" scancount="0" scanbytes="0" />
</gc-op>
<gc-end id="221" type="global mark phase" contextid="217" durationms="0.683" usertimems="0.000" systemtimems="4.000" timestamp="2019-08-02T20:26:51.783" activeThreads="8">
  <mem-info id="222" free="5242880" total="23068672" percent="22">
    <remembered-set count="4896" freebytes="901248" totalbytes="920832" percent="97" regionsoverflowed="0" regionsstable="0" regionsrebuilding="1"/>
  </mem-info>
</gc-end>
<concurrent-start id="223" type="GMP work packet processing" contextid="217" timestamp="2019-08-02T20:26:51.784">
  <concurrent-mark-start scanTarget="18446744073709551615" />
</concurrent-start>
<exclusive-end id="224" timestamp="2019-08-02T20:26:51.784" durationms="1.072" />

<concurrent-end id="225" type="GMP work packet processing" contextid="217" timestamp="2019-08-02T20:26:51.785">
  <concurrent-mark-end bytesScanned="2066120" reasonForTermination="Completed all work in GC phase" />
</concurrent-end>

<exclusive-start id="226" timestamp="2019-08-02T20:26:51.855" intervalms="72.917">
  <response-info timems="0.058" idlems="0.058" threads="0" lastid="0000000002638C00" lastname="Thread-3" />
</exclusive-start>
<allocation-taxation id="227" taxation-threshold="4194304" timestamp="2019-08-02T20:26:51.856" intervalms="72.898" />
<cycle-start id="228" type="partial gc" contextid="0" timestamp="2019-08-02T20:26:51.856" intervalms="120.937" />
<gc-start id="229" type="partial gc" contextid="228" timestamp="2019-08-02T20:26:51.856">
  <mem-info id="230" free="1048576" total="23068672" percent="4">
    <mem type="eden" free="0" total="8388608" percent="0" />
    <remembered-set count="8288" freebytes="887680" totalbytes="920832" percent="96" regionsoverflowed="0" regionsstable="0" regionsrebuilding="1"/>
  </mem-info>
</gc-start>
<allocation-stats totalBytes="8086112" >
  <allocated-bytes non-tlh="294984" tlh="7791128" arrayletleaf="0"/>
  <largest-consumer threadName="Thread-6" threadId="0000000002643F00" bytes="787208" />
</allocation-stats>
<gc-op id="231" type="copy forward" timems="2.827" contextid="228" timestamp="2019-08-02T20:26:51.859">
  <memory-copied type="eden" objects="3399" bytes="1558304" bytesdiscarded="333072" />
  <memory-copied type="other" objects="155" bytes="8672" bytesdiscarded="12960" />
  <memory-cardclean objects="1770" bytes="330384" />
  <regions eden="8" other="2" />
  <remembered-set-cleared processed="5535" cleared="930" durationms="0.087" />
  <references type="weak" candidates="1" cleared="0" enqueued="0" />
  <references type="phantom" candidates="2" cleared="0" enqueued="0" />
  <stringconstants candidates="3963" cleared="0"  />
  <heap-resize type="expand" space="default" amount="4194304" count="4" timems="0.234" reason="continue current collection" />
</gc-op>
<gc-op id="232" type="classunload" timems="0.002" contextid="228" timestamp="2019-08-02T20:26:51.859">
  <classunload-info classloadercandidates="20" classloadersunloaded="0" classesunloaded="0" anonymousclassesunloaded="0" quiescems="0.000" setupms="0.002" scanms="0.000" postms="0.000" />
</gc-op>
<gc-op id="233" type="compact" timems="1.520" contextid="228" timestamp="2019-08-02T20:26:51.861">
  <compact-info movecount="0" movebytes="0" />
  <remembered-set-cleared processed="10329" cleared="2724" durationms="0.098" />
</gc-op>
<gc-end id="234" type="partial gc" contextid="228" durationms="5.362" usertimems="4.000" systemtimems="4.000" timestamp="2019-08-02T20:26:51.861" activeThreads="8">
  <mem-info id="235" free="10485760" total="27262976" percent="38">
    <mem type="eden" free="2302784" total="4194304" percent="54" />
    <remembered-set count="8384" freebytes="1054720" totalbytes="1088256" percent="96" regionsoverflowed="0" regionsstable="0" regionsrebuilding="1"/>
  </mem-info>
</gc-end>
<cycle-end id="236" type="partial gc" contextid="228" timestamp="2019-08-02T20:26:51.861" />
  <attribute name="elasticGC enabled" value="1" />
  <attribute name= "numThreadsSpecified" value="0" />
  <attribute name="heapSize specified" value="0" />
  <attribute name= "numCores" value="8" />
  <attribute name ="GC Interval" value="0" />
  <attribute name ="Control flow" value="2" />
  <attribute name="GC Util Range Max" value="108" />
  <attribute name="Current GC Util" value="159" />
  <attribute name= "Current Time Running" value="1419" />
<exclusive-end id="237" timestamp="2019-08-02T20:26:51.862" durationms="6.053" />

<exclusive-start id="238" timestamp="2019-08-02T20:26:51.930" intervalms="74.071">
  <response-info timems="0.096" idlems="0.096" threads="0" lastid="000000000264B700" lastname="Thread-8" />
</exclusive-start>
<allocation-taxation id="239" taxation-threshold="5242880" timestamp="2019-08-02T20:26:51.930" intervalms="74.097" />
<gc-start id="240" type="global mark phase" contextid="217" timestamp="2019-08-02T20:26:51.930">
  <mem-info id="241" free="5242880" total="27262976" percent="19">
    <remembered-set count="8352" freebytes="1054848" totalbytes="1088256" percent="96" regionsoverflowed="0" regionsstable="0" regionsrebuilding="1"/>
  </mem-info>
</gc-start>
<gc-op id="242" type="mark increment" timems="2.005" contextid="217" timestamp="2019-08-02T20:26:51.932">
  <trace-info objectcount="8249" scancount="6459" scanbytes="1061532" />
  <cardclean-info objects="8946" bytes="664400" />
  <finalization candidates="25" enqueued="0" />
  <references type="soft" candidates="168" cleared="0" enqueued="0" dynamicThreshold="12" maxThreshold="32" />
  <references type="weak" candidates="280" cleared="0" enqueued="0" />
  <references type="phantom" candidates="102" cleared="0" enqueued="0" />
  <stringconstants candidates="3963" cleared="0"  />
</gc-op>
<gc-op id="243" type="classunload" timems="0.003" contextid="217" timestamp="2019-08-02T20:26:51.932">
  <classunload-info classloadercandidates="20" classloadersunloaded="0" classesunloaded="0" anonymousclassesunloaded="0" quiescems="0.000" setupms="0.003" scanms="0.000" postms="0.000" />
</gc-op>
<gc-end id="244" type="global mark phase" contextid="217" durationms="2.245" usertimems="4.000" systemtimems="0.000" timestamp="2019-08-02T20:26:51.932" activeThreads="8">
  <mem-info id="245" free="5242880" total="27262976" percent="19">
    <remembered-set count="10400" freebytes="1046656" totalbytes="1088256" percent="96" regionsoverflowed="0" regionsstable="0" regionsrebuilding="0"/>
  </mem-info>
</gc-end>
<cycle-end id="246" type="global mark phase" contextid="217" timestamp="2019-08-02T20:26:51.932" />
  <attribute name="elasticGC enabled" value="1" />
  <attribute name= "numThreadsSpecified" value="0" />
  <attribute name="heapSize specified" value="0" />
  <attribute name= "numCores" value="8" />
  <attribute name ="GC Interval" value="0" />
  <attribute name ="Control flow" value="2" />
  <attribute name="GC Util Range Max" value="108" />
  <attribute name="Current GC Util" value="156" />
  <attribute name= "Current Time Running" value="1491" />
<exclusive-end id="247" timestamp="2019-08-02T20:26:51.932" durationms="2.570" />

<exclusive-start id="248" timestamp="2019-08-02T20:26:52.021" intervalms="91.587">
  <response-info timems="0.059" idlems="0.059" threads="0" lastid="0000000002647B00" lastname="Thread-7" />
</exclusive-start>
<allocation-taxation id="249" taxation-threshold="5242880" timestamp="2019-08-02T20:26:52.021" intervalms="91.615" />
<cycle-start id="250" type="partial gc" contextid="0" timestamp="2019-08-02T20:26:52.021" intervalms="165.729" />
<gc-start id="251" type="partial gc" contextid="250" timestamp="2019-08-02T20:26:52.022">
  <mem-info id="252" free="0" total="27262976" percent="0">
    <mem type="eden" free="1048536" total="11534336" percent="9" />
    <remembered-set count="6400" freebytes="1062656" totalbytes="1088256" percent="97" regionsoverflowed="0" regionsstable="1" regionsrebuilding="0"/>
  </mem-info>
</gc-start>
<allocation-stats totalBytes="10414696" >
  <allocated-bytes non-tlh="245832" tlh="10168864" arrayletleaf="0"/>
  <largest-consumer threadName="Thread-10" threadId="0000000002652F00" bytes="1061680" />
</allocation-stats>
<gc-op id="253" type="sweep" timems="0.477" contextid="250" timestamp="2019-08-02T20:26:52.022" />
<gc-op id="254" type="copy forward" timems="3.796" contextid="250" timestamp="2019-08-02T20:26:52.027">
  <memory-copied type="eden" objects="3450" bytes="1224792" bytesdiscarded="340717" />
  <memory-copied type="other" objects="2049" bytes="877024" bytesdiscarded="123251" />
  <memory-cardclean objects="1470" bytes="72824" />
  <regions eden="5" other="8" />
  <remembered-set-cleared processed="2607" cleared="576" durationms="0.075" />
  <stringconstants candidates="3963" cleared="0"  />
  <heap-resize type="expand" space="default" amount="4194304" count="4" timems="1.068" reason="continue current collection" />
</gc-op>
<gc-op id="255" type="classunload" timems="0.002" contextid="250" timestamp="2019-08-02T20:26:52.027">
  <classunload-info classloadercandidates="20" classloadersunloaded="0" classesunloaded="0" anonymousclassesunloaded="0" quiescems="0.000" setupms="0.002" scanms="0.000" postms="0.000" />
</gc-op>
<gc-op id="256" type="compact" timems="1.211" contextid="250" timestamp="2019-08-02T20:26:52.028">
  <compact-info movecount="0" movebytes="0" />
  <remembered-set-cleared processed="5501" cleared="576" durationms="0.075" />
</gc-op>
<heap-resize id="257" type="contract" space="default" amount="2097152" count="1" timems="0.126" reason="insufficient time being spent in gc" timestamp="2019-08-02T20:26:52.028" />
<gc-end id="258" type="partial gc" contextid="250" durationms="6.945" usertimems="8.000" systemtimems="4.000" timestamp="2019-08-02T20:26:52.028" activeThreads="8">
  <mem-info id="259" free="11534336" total="29360128" percent="39">
    <mem type="eden" free="1948480" total="4194304" percent="46" />
    <remembered-set count="5664" freebytes="1233024" totalbytes="1255680" percent="98" regionsoverflowed="0" regionsstable="1" regionsrebuilding="0"/>
  </mem-info>
</gc-end>
<cycle-end id="260" type="partial gc" contextid="250" timestamp="2019-08-02T20:26:52.029" />
  <attribute name="elasticGC enabled" value="1" />
  <attribute name= "numThreadsSpecified" value="0" />
  <attribute name="heapSize specified" value="0" />
  <attribute name= "numCores" value="8" />
  <attribute name ="GC Interval" value="0" />
  <attribute name ="Control flow" value="2" />
  <attribute name="GC Util Range Max" value="108" />
  <attribute name="Current GC Util" value="152" />
  <attribute name= "Current Time Running" value="1587" />
<exclusive-end id="261" timestamp="2019-08-02T20:26:52.029" durationms="7.573" />

<exclusive-start id="262" timestamp="2019-08-02T20:26:52.197" intervalms="175.775">
  <response-info timems="0.068" idlems="0.068" threads="0" lastid="000000000264F300" lastname="Thread-9" />
</exclusive-start>
<allocation-taxation id="263" taxation-threshold="11534336" timestamp="2019-08-02T20:26:52.197" intervalms="175.762" />
<cycle-start id="264" type="partial gc" contextid="0" timestamp="2019-08-02T20:26:52.197" intervalms="175.763" />
<gc-start id="265" type="partial gc" contextid="264" timestamp="2019-08-02T20:26:52.197">
  <mem-info id="266" free="0" total="29360128" percent="0">
    <mem type="eden" free="0" total="11534336" percent="0" />
    <remembered-set count="5664" freebytes="1233024" totalbytes="1255680" percent="98" regionsoverflowed="0" regionsstable="1" regionsrebuilding="0"/>
  </mem-info>
</gc-start>
<allocation-stats totalBytes="11509592" >
  <allocated-bytes non-tlh="294984" tlh="11214608" arrayletleaf="0"/>
  <largest-consumer threadName="Thread-7" threadId="0000000002647B00" bytes="2264032" />
</allocation-stats>
<gc-op id="267" type="mark" timems="1.566" contextid="264" timestamp="2019-08-02T20:26:52.199">
  <trace-info objectcount="5571" scancount="4409" scanbytes="898096" />
  <cardclean-info objects="2238" bytes="173288" />
  <remembered-set-cleared processed="2399" cleared="803" durationms="0.080" />
  <references type="weak" candidates="1" cleared="0" enqueued="0" />
  <references type="phantom" candidates="1" cleared="0" enqueued="0" />
  <stringconstants candidates="3963" cleared="0"  />
  <warning details="Mark invoked due to insufficient free space for Copy-Forward" />
</gc-op>
<gc-op id="268" type="classunload" timems="0.002" contextid="264" timestamp="2019-08-02T20:26:52.200">
  <classunload-info classloadercandidates="20" classloadersunloaded="0" classesunloaded="0" anonymousclassesunloaded="0" quiescems="0.000" setupms="0.002" scanms="0.000" postms="0.000" />
</gc-op>
<gc-op id="269" type="sweep" timems="0.369" contextid="264" timestamp="2019-08-02T20:26:52.200" />
<gc-op id="270" type="compact" timems="1.806" contextid="264" timestamp="2019-08-02T20:26:52.202">
  <compact-info movecount="5571" movebytes="2126160" />
  <remembered-set-cleared processed="4708" cleared="2094" durationms="0.080" />
</gc-op>
<heap-resize id="271" type="contract" space="default" amount="1048576" count="1" timems="0.144" reason="insufficient time being spent in gc" timestamp="2019-08-02T20:26:52.202" />
<gc-end id="272" type="partial gc" contextid="264" durationms="5.212" usertimems="12.000" systemtimems="4.000" timestamp="2019-08-02T20:26:52.202" activeThreads="8">
  <mem-info id="273" free="10485760" total="28311552" percent="37">
    <mem type="eden" free="1021360" total="3145728" percent="32" />
    <remembered-set count="6464" freebytes="1146112" totalbytes="1171968" percent="97" regionsoverflowed="0" regionsstable="1" regionsrebuilding="0"/>
  </mem-info>
</gc-end>
<cycle-end id="274" type="partial gc" contextid="264" timestamp="2019-08-02T20:26:52.203" />
  <attribute name="elasticGC enabled" value="1" />
  <attribute name= "numThreadsSpecified" value="0" />
  <attribute name="heapSize specified" value="0" />
  <attribute name= "numCores" value="8" />
  <attribute name ="GC Interval" value="0" />
  <attribute name ="Control flow" value="2" />
  <attribute name="GC Util Range Max" value="108" />
  <attribute name="Current GC Util" value="54" />
  <attribute name= "Current Time Running" value="1760" />
<exclusive-end id="275" timestamp="2019-08-02T20:26:52.203" durationms="5.911" />

<exclusive-start id="276" timestamp="2019-08-02T20:26:52.256" intervalms="58.832">
  <response-info timems="0.041" idlems="0.041" threads="0" lastid="0000000002640300" lastname="Thread-5" />
</exclusive-start>
<allocation-taxation id="277" taxation-threshold="5242880" timestamp="2019-08-02T20:26:52.256" intervalms="58.877" />
<cycle-start id="278" type="global mark phase" contextid="0" timestamp="2019-08-02T20:26:52.256" intervalms="473.258" />
<gc-start id="279" type="global mark phase" contextid="278" timestamp="2019-08-02T20:26:52.256">
  <mem-info id="280" free="5242880" total="28311552" percent="18">
    <remembered-set count="6464" freebytes="1146112" totalbytes="1171968" percent="97" regionsoverflowed="0" regionsstable="1" regionsrebuilding="0"/>
  </mem-info>
</gc-start>
<gc-op id="281" type="mark increment" timems="0.548" contextid="278" timestamp="2019-08-02T20:26:52.257">
  <trace-info objectcount="421" scancount="0" scanbytes="0" />
</gc-op>
<gc-end id="282" type="global mark phase" contextid="278" durationms="0.667" usertimems="0.000" systemtimems="4.000" timestamp="2019-08-02T20:26:52.257" activeThreads="8">
  <mem-info id="283" free="5242880" total="28311552" percent="18">
    <remembered-set count="6464" freebytes="1146112" totalbytes="1171968" percent="97" regionsoverflowed="0" regionsstable="0" regionsrebuilding="1"/>
  </mem-info>
</gc-end>
<concurrent-start id="284" type="GMP work packet processing" contextid="278" timestamp="2019-08-02T20:26:52.257">
  <concurrent-mark-start scanTarget="18446744073709551615" />
</concurrent-start>
<exclusive-end id="285" timestamp="2019-08-02T20:26:52.257" durationms="1.133" />

<concurrent-end id="286" type="GMP work packet processing" contextid="278" timestamp="2019-08-02T20:26:52.258">
  <concurrent-mark-end bytesScanned="2069916" reasonForTermination="Completed all work in GC phase" />
</concurrent-end>

<exclusive-start id="287" timestamp="2019-08-02T20:26:52.327" intervalms="71.235">
  <response-info timems="0.046" idlems="0.046" threads="0" lastid="0000000002652F00" lastname="Thread-10" />
</exclusive-start>
<allocation-taxation id="288" taxation-threshold="5242880" timestamp="2019-08-02T20:26:52.327" intervalms="71.273" />
<cycle-start id="289" type="partial gc" contextid="0" timestamp="2019-08-02T20:26:52.327" intervalms="130.152" />
<gc-start id="290" type="partial gc" contextid="289" timestamp="2019-08-02T20:26:52.327">
  <mem-info id="291" free="0" total="28311552" percent="0">
    <mem type="eden" free="0" total="10485760" percent="0" />
    <remembered-set count="9152" freebytes="1135360" totalbytes="1171968" percent="96" regionsoverflowed="0" regionsstable="0" regionsrebuilding="1"/>
  </mem-info>
</gc-start>
<allocation-stats totalBytes="10357096" >
  <allocated-bytes non-tlh="65552" tlh="10291544" arrayletleaf="0"/>
  <largest-consumer threadName="Thread-5" threadId="0000000002640300" bytes="1034696" />
</allocation-stats>
<gc-op id="292" type="mark" timems="1.537" contextid="289" timestamp="2019-08-02T20:26:52.330">
  <trace-info objectcount="4727" scancount="3780" scanbytes="824024" />
  <cardclean-info objects="1501" bytes="90160" />
  <remembered-set-cleared processed="5783" cleared="1349" durationms="0.084" />
  <references type="phantom" candidates="1" cleared="0" enqueued="0" />
  <stringconstants candidates="3963" cleared="0"  />
  <warning details="Mark invoked due to insufficient free space for Copy-Forward" />
</gc-op>
<gc-op id="293" type="classunload" timems="0.002" contextid="289" timestamp="2019-08-02T20:26:52.330">
  <classunload-info classloadercandidates="20" classloadersunloaded="0" classesunloaded="0" anonymousclassesunloaded="0" quiescems="0.000" setupms="0.002" scanms="0.000" postms="0.000" />
</gc-op>
<gc-op id="294" type="sweep" timems="0.405" contextid="289" timestamp="2019-08-02T20:26:52.330" />
<gc-op id="295" type="compact" timems="2.139" contextid="289" timestamp="2019-08-02T20:26:52.333">
  <compact-info movecount="4727" movebytes="1893608" />
  <remembered-set-cleared processed="11646" cleared="2592" durationms="0.099" />
</gc-op>
<heap-resize id="296" type="expand" space="default" amount="1048576" count="1" timems="0.062" reason="insufficient free space following gc" timestamp="2019-08-02T20:26:52.333" />
<gc-end id="297" type="partial gc" contextid="289" durationms="5.548" usertimems="16.000" systemtimems="0.000" timestamp="2019-08-02T20:26:52.333" activeThreads="8">
  <mem-info id="298" free="11534336" total="29360128" percent="39">
    <mem type="eden" free="234464" total="2097152" percent="11" />
    <remembered-set count="8032" freebytes="1139840" totalbytes="1171968" percent="97" regionsoverflowed="0" regionsstable="0" regionsrebuilding="1"/>
  </mem-info>
</gc-end>
<cycle-end id="299" type="partial gc" contextid="289" timestamp="2019-08-02T20:26:52.333" />
  <attribute name="elasticGC enabled" value="1" />
  <attribute name= "numThreadsSpecified" value="0" />
  <attribute name="heapSize specified" value="0" />
  <attribute name= "numCores" value="8" />
  <attribute name ="GC Interval" value="0" />
  <attribute name ="Control flow" value="2" />
  <attribute name="GC Util Range Max" value="108" />
  <attribute name="Current GC Util" value="48" />
  <attribute name= "Current Time Running" value="1890" />
<exclusive-end id="300" timestamp="2019-08-02T20:26:52.333" durationms="6.437" />

</verbosegc>

