<?xml version="1.0" ?>

<verbosegc xmlns="http://www.ibm.com/j9/verbosegc" version="10b4217_CMPRSS">

<initialized id="1" timestamp="2019-06-16T01:23:47.937">
  <attribute name="gcPolicy" value="-Xgcpolicy:balanced" />
  <attribute name="elasticGC enabled" value="1" />
  <attribute name= "numThreadsSpecified" value="0" />
  <attribute name="heapSize specified" value="0" />
  <attribute name="Current GC Util" value="0" />
  <attribute name= "Current Time Running" value="0" />
  <attribute name ="GC Interval" value="0" />
  <attribute name="ProportionalT" value="0.000000" />
  <attribute name="ProportionalI" value="0.000000" />
  <attribute name="ProportionalH" value="0.000000" />
  <attribute name="IntegralT" value="0.000000" />
  <attribute name="IntegralI" value="0.000000" />
  <attribute name="IntegralH" value="0.000000" />
  <attribute name="DerivativeT" value="0.000000" />
  <attribute name="DerivativeI" value="0.000000" />
  <attribute name="DerivativeH" value="0.000000" />
  <attribute name="Target GC Util Change" value ="0.000000" />
  <attribute name="Current GC Util Change" value="0.000000"/>
  <attribute name="Current Error" value="0.000000" />
  <attribute name="Loop Time for DT" value="0.000000" />
  <attribute name="Output H" value="0"/>
  <attribute name="Output I" value="0"/>
  <attribute name="Output T" value="0"/>
  <attribute name="GC Util currently" value="0" />
  <attribute name="CPU Util currently" value="0" />
  <attribute name="maxHeapSize" value="0x7cb00000" />
  <attribute name="initialHeapSize" value="0x800000" />
  <attribute name="compressedRefs" value="true" />
  <attribute name="compressedRefsDisplacement" value="0x0" />
  <attribute name="compressedRefsShift" value="0x0" />
  <attribute name="pageSize" value="0x1000" />
  <attribute name="pageType" value="not used" />
  <attribute name="requestedPageSize" value="0x1000" />
  <attribute name="requestedPageType" value="not used" />
  <attribute name="gcthreads" value="4" />
  <attribute name="packetListSplit" value="4" />
  <attribute name="cacheListSplit" value="4" />
  <attribute name="splitFreeListSplitAmount" value="1" />
  <attribute name="numaNodes" value="0" />
  <region>
    <attribute name="regionSize" value="1048576" />
    <attribute name="regionCount" value="1995" />
    <attribute name="arrayletLeafSize" value="1048576" />
  </region>
  <system>
    <attribute name="physicalMemory" value="8370962432" />
    <attribute name="numCPUs" value="4" />
    <attribute name="architecture" value="amd64" />
    <attribute name="os" value="Linux" />
    <attribute name="osVersion" value="4.4.0-148-generic" />
  </system>
  <vmargs>
    <vmarg name="-Xoptionsfile=/vagrant/jdk/lib/options.default" />
    <vmarg name="-Xlockword:mode=default,noLockword=java/lang/String,noLockword=java/util/MapEntry,noLockword=java/util/HashMap$Entry,noLockword..." />
    <vmarg name="-Xjcl:jclse29" />
    <vmarg name="-Dcom.ibm.oti.vm.bootstrap.library.path=/vagrant/jdk/lib/compressedrefs:/vagrant/jdk/lib" />
    <vmarg name="-Dsun.boot.library.path=/vagrant/jdk/lib/compressedrefs:/vagrant/jdk/lib" />
    <vmarg name="-Djava.library.path=/vagrant/jdk/lib/compressedrefs:/vagrant/jdk/lib:/usr/lib64:/usr/lib" />
    <vmarg name="-Djava.home=/vagrant/jdk" />
    <vmarg name="-Duser.dir=/vagrant" />
    <vmarg name="-Xgcpolicy:balanced" />
    <vmarg name="-Xgcelastic" />
    <vmarg name="-Xcheck:gc:::elasticGC" />
    <vmarg name="-verbose:gc" />
    <vmarg name="-Xloggc:large-Balanced-jdk-1.5-1-0.5-verbose16avrora.txt" />
    <vmarg name="-Djava.class.path=dacapo-9.12-MR1-bach.jar" />
    <vmarg name="-Dsun.java.command=dacapo-9.12-MR1-bach.jar avrora --size=large" />
    <vmarg name="-Dsun.java.launcher=SUN_STANDARD" />
    <vmarg name="-Dsun.java.launcher.pid=27889" />
  </vmargs>
</initialized>

<exclusive-start id="2" timestamp="2019-06-16T01:23:48.675" intervalms="737.859">
  <response-info timems="0.037" idlems="0.037" threads="0" lastid="0000000001336700" lastname="main" />
</exclusive-start>
<sys-start reason="explicit" id="3" timestamp="2019-06-16T01:23:48.675" intervalms="738.185" />
<cycle-start id="4" type="global garbage collect" contextid="0" timestamp="2019-06-16T01:23:48.676" intervalms="738.456" />
<gc-start id="5" type="global garbage collect" contextid="4" timestamp="2019-06-16T01:23:48.676">
  <mem-info id="6" free="1662824" total="8388608" percent="19">
    <mem type="eden" free="614328" total="7340032" percent="8" />
    <remembered-set count="0" freebytes="334848" totalbytes="334848" percent="100" regionsoverflowed="0" regionsstable="0" regionsrebuilding="0"/>
  </mem-info>
</gc-start>
<allocation-stats totalBytes="6656352" >
  <allocated-bytes non-tlh="529728" tlh="6126624" arrayletleaf="0"/>
  <largest-consumer threadName="main" threadId="0000000001336700" bytes="6579784" />
</allocation-stats>
<gc-op id="7" type="global mark" timems="3.147" contextid="4" timestamp="2019-06-16T01:23:48.679">
  <trace-info objectcount="17867" scancount="14137" scanbytes="464156" />
  <finalization candidates="14" enqueued="1" />
  <references type="soft" candidates="66" cleared="0" enqueued="0" dynamicThreshold="32" maxThreshold="32" />
  <references type="weak" candidates="553" cleared="411" enqueued="372" />
  <references type="phantom" candidates="99" cleared="41" enqueued="41" />
  <stringconstants candidates="2456" cleared="0"  />
</gc-op>
<gc-op id="8" type="classunload" timems="0.163" contextid="4" timestamp="2019-06-16T01:23:48.680">
  <classunload-info classloadercandidates="6" classloadersunloaded="0" classesunloaded="0" anonymousclassesunloaded="0" quiescems="0.000" setupms="0.163" scanms="0.000" postms="0.000" />
</gc-op>
<gc-op id="9" type="sweep" timems="0.589" contextid="4" timestamp="2019-06-16T01:23:48.681" />
<gc-op id="10" type="compact" timems="5.033" contextid="4" timestamp="2019-06-16T01:23:48.687">
  <compact-info movecount="17860" movebytes="856512" />
  <remembered-set-cleared processed="1065" cleared="1065" durationms="0.104" />
</gc-op>
<gc-end id="11" type="global garbage collect" contextid="4" durationms="11.498" usertimems="4.000" systemtimems="8.000" timestamp="2019-06-16T01:23:48.687" activeThreads="4">
  <mem-info id="12" free="7340032" total="8388608" percent="87">
    <pending-finalizers system="1" default="0" reference="413" classloader="0" />
    <remembered-set count="0" freebytes="334848" totalbytes="334848" percent="100" regionsoverflowed="0" regionsstable="0" regionsrebuilding="0"/>
  </mem-info>
</gc-end>
<cycle-end id="13" type="global garbage collect" contextid="4" timestamp="2019-06-16T01:23:48.688" />
  <attribute name="elasticGC enabled" value="1" />
  <attribute name= "numThreadsSpecified" value="4" />
  <attribute name="heapSize specified" value="0" />
  <attribute name="Current GC Util" value="28" />
  <attribute name= "Current Time Running" value="634" />
  <attribute name ="GC Interval" value="0" />
  <attribute name="ProportionalT" value="12.000000" />
  <attribute name="ProportionalI" value="12.000000" />
  <attribute name="ProportionalH" value="12.000000" />
  <attribute name="Current Error" value="8.000000" />
  <attribute name="IntegralT" value="-12297.000000" />
  <attribute name="IntegralI" value="-12297.000000" />
  <attribute name="IntegralH" value="-12297.000000" />
  <attribute name="DerivativeT" value="-21.500000" />
  <attribute name="DerivativeI" value="-21.500000" />
  <attribute name="DerivativeH" value="-21.500000" />
  <attribute name="Loop Time for DT" value="1.000000" />
  <attribute name="Output H" value="2091843584"/>
  <attribute name="Output I" value="200"/>
  <attribute name="Output T" value="4"/>
  <attribute name="Target GC Util Change" value ="20.000000" />
  <attribute name="Current GC Util Change" value="28.000000"/>
  <attribute name="GC Util currently" value="28" />
  <attribute name="CPU Util currently" value="4958951472024" />
<sys-end id="14" timestamp="2019-06-16T01:23:48.688" />
<exclusive-end id="15" timestamp="2019-06-16T01:23:48.688" durationms="13.091" />

<exclusive-start id="16" timestamp="2019-06-16T01:23:50.550" intervalms="1875.163">
  <response-info timems="0.022" idlems="0.022" threads="0" lastid="0000000001336700" lastname="main" />
</exclusive-start>
<allocation-taxation id="17" taxation-threshold="7340032" timestamp="2019-06-16T01:23:50.550" intervalms="2613.175" />
<cycle-start id="18" type="partial gc" contextid="0" timestamp="2019-06-16T01:23:50.550" intervalms="2613.352" />
<gc-start id="19" type="partial gc" contextid="18" timestamp="2019-06-16T01:23:50.551">
  <mem-info id="20" free="0" total="8388608" percent="0">
    <mem type="eden" free="0" total="7340032" percent="0" />
    <remembered-set count="0" freebytes="334848" totalbytes="334848" percent="100" regionsoverflowed="0" regionsstable="0" regionsrebuilding="0"/>
  </mem-info>
</gc-start>
<allocation-stats totalBytes="7332168" >
  <allocated-bytes non-tlh="144896" tlh="7187272" arrayletleaf="0"/>
  <largest-consumer threadName="main" threadId="0000000001336700" bytes="7316096" />
</allocation-stats>
<gc-op id="21" type="mark" timems="4.996" contextid="18" timestamp="2019-06-16T01:23:50.556">
  <trace-info objectcount="78848" scancount="75140" scanbytes="2270528" />
  <cardclean-info objects="1111" bytes="38540" />
  <remembered-set-cleared processed="0" cleared="0" durationms="0.046" />
  <references type="weak" candidates="43" cleared="42" enqueued="42" />
  <references type="phantom" candidates="13" cleared="11" enqueued="11" />
  <stringconstants candidates="3619" cleared="0"  />
  <warning details="Mark invoked due to insufficient free space for Copy-Forward" />
</gc-op>
<gc-op id="22" type="classunload" timems="0.001" contextid="18" timestamp="2019-06-16T01:23:50.556">
  <classunload-info classloadercandidates="6" classloadersunloaded="0" classesunloaded="0" anonymousclassesunloaded="0" quiescems="0.000" setupms="0.001" scanms="0.000" postms="0.000" />
</gc-op>
<gc-op id="23" type="sweep" timems="1.852" contextid="18" timestamp="2019-06-16T01:23:50.558" />
<gc-op id="24" type="compact" timems="13.951" contextid="18" timestamp="2019-06-16T01:23:50.573">
  <compact-info movecount="78530" movebytes="2658528" />
  <remembered-set-cleared processed="702" cleared="702" durationms="0.056" />
</gc-op>
<gc-end id="25" type="partial gc" contextid="18" durationms="22.516" usertimems="20.000" systemtimems="4.000" timestamp="2019-06-16T01:23:50.573" activeThreads="4">
  <mem-info id="26" free="4194304" total="8388608" percent="50">
    <mem type="eden" free="448568" total="3145728" percent="14" />
    <pending-finalizers system="0" default="0" reference="53" classloader="0" />
    <remembered-set count="3584" freebytes="320512" totalbytes="334848" percent="95" regionsoverflowed="0" regionsstable="0" regionsrebuilding="0"/>
  </mem-info>
</gc-end>
<cycle-end id="27" type="partial gc" contextid="18" timestamp="2019-06-16T01:23:50.573" />
  <attribute name="elasticGC enabled" value="1" />
  <attribute name= "numThreadsSpecified" value="4" />
  <attribute name="heapSize specified" value="0" />
  <attribute name="Current GC Util" value="77" />
  <attribute name= "Current Time Running" value="2511" />
  <attribute name ="GC Interval" value="0" />
  <attribute name="ProportionalT" value="85.500000" />
  <attribute name="ProportionalI" value="85.500000" />
  <attribute name="ProportionalH" value="85.500000" />
  <attribute name="Current Error" value="57.000000" />
  <attribute name="IntegralT" value="171.000000" />
  <attribute name="IntegralI" value="171.000000" />
  <attribute name="IntegralH" value="171.000000" />
  <attribute name="DerivativeT" value="9.500000" />
  <attribute name="DerivativeI" value="9.500000" />
  <attribute name="DerivativeH" value="9.500000" />
  <attribute name="Loop Time for DT" value="3.000000" />
  <attribute name="Output H" value="8388608"/>
  <attribute name="Output I" value="272"/>
  <attribute name="Output T" value="4"/>
  <attribute name="Target GC Util Change" value ="20.000000" />
  <attribute name="Current GC Util Change" value="77.000000"/>
  <attribute name="GC Util currently" value="77" />
  <attribute name="CPU Util currently" value="2131208581145" />
<exclusive-end id="28" timestamp="2019-06-16T01:23:50.574" durationms="23.468" />

<exclusive-start id="29" timestamp="2019-06-16T01:23:50.623" intervalms="72.498">
  <response-info timems="0.056" idlems="0.056" threads="0" lastid="0000000001336700" lastname="main" />
</exclusive-start>
<allocation-taxation id="30" taxation-threshold="2097152" timestamp="2019-06-16T01:23:50.623" intervalms="72.428" />
<cycle-start id="31" type="global mark phase" contextid="0" timestamp="2019-06-16T01:23:50.623" intervalms="2685.759" />
<gc-start id="32" type="global mark phase" contextid="31" timestamp="2019-06-16T01:23:50.623">
  <mem-info id="33" free="2097152" total="8388608" percent="25">
    <remembered-set count="3168" freebytes="322176" totalbytes="334848" percent="96" regionsoverflowed="0" regionsstable="0" regionsrebuilding="0"/>
  </mem-info>
</gc-start>
<gc-op id="34" type="mark increment" timems="1.216" contextid="31" timestamp="2019-06-16T01:23:50.624">
  <trace-info objectcount="110" scancount="0" scanbytes="0" />
</gc-op>
<gc-end id="35" type="global mark phase" contextid="31" durationms="1.434" usertimems="0.000" systemtimems="0.000" timestamp="2019-06-16T01:23:50.624" activeThreads="4">
  <mem-info id="36" free="2097152" total="8388608" percent="25">
    <remembered-set count="3168" freebytes="322176" totalbytes="334848" percent="96" regionsoverflowed="0" regionsstable="0" regionsrebuilding="0"/>
  </mem-info>
</gc-end>
<concurrent-start id="37" type="GMP work packet processing" contextid="31" timestamp="2019-06-16T01:23:50.624">
  <concurrent-mark-start scanTarget="18446744073709551615" />
</concurrent-start>
<exclusive-end id="38" timestamp="2019-06-16T01:23:50.625" durationms="2.025" />

<concurrent-end id="39" type="GMP work packet processing" contextid="31" timestamp="2019-06-16T01:23:50.630">
  <concurrent-mark-end bytesScanned="3459716" reasonForTermination="Completed all work in GC phase" />
</concurrent-end>

<exclusive-start id="40" timestamp="2019-06-16T01:23:50.665" intervalms="42.401">
  <response-info timems="0.056" idlems="0.056" threads="0" lastid="0000000001336700" lastname="main" />
</exclusive-start>
<allocation-taxation id="41" taxation-threshold="2097152" timestamp="2019-06-16T01:23:50.665" intervalms="42.418" />
<cycle-start id="42" type="partial gc" contextid="0" timestamp="2019-06-16T01:23:50.665" intervalms="114.816" />
<gc-start id="43" type="partial gc" contextid="42" timestamp="2019-06-16T01:23:50.665">
  <mem-info id="44" free="0" total="8388608" percent="0">
    <mem type="eden" free="0" total="5242880" percent="0" />
    <remembered-set count="3168" freebytes="322176" totalbytes="334848" percent="96" regionsoverflowed="0" regionsstable="0" regionsrebuilding="0"/>
  </mem-info>
</gc-start>
<allocation-stats totalBytes="4181096" >
  <allocated-bytes non-tlh="94192" tlh="4086904" arrayletleaf="0"/>
  <largest-consumer threadName="main" threadId="0000000001336700" bytes="2090704" />
</allocation-stats>
<gc-op id="45" type="mark" timems="6.658" contextid="42" timestamp="2019-06-16T01:23:50.673">
  <trace-info objectcount="117657" scancount="111322" scanbytes="4309796" />
  <cardclean-info objects="111" bytes="6216" />
  <remembered-set-cleared processed="292" cleared="292" durationms="0.044" />
  <references type="weak" candidates="1" cleared="0" enqueued="0" />
  <references type="phantom" candidates="2" cleared="0" enqueued="0" />
  <stringconstants candidates="3824" cleared="0"  />
  <warning details="Mark invoked due to insufficient free space for Copy-Forward" />
</gc-op>
<gc-op id="46" type="classunload" timems="0.002" contextid="42" timestamp="2019-06-16T01:23:50.673">
  <classunload-info classloadercandidates="6" classloadersunloaded="0" classesunloaded="0" anonymousclassesunloaded="0" quiescems="0.000" setupms="0.001" scanms="0.000" postms="0.000" />
</gc-op>
<gc-op id="47" type="sweep" timems="1.934" contextid="42" timestamp="2019-06-16T01:23:50.675" />
<gc-op id="48" type="compact" timems="24.124" contextid="42" timestamp="2019-06-16T01:23:50.699">
  <compact-info movecount="116554" movebytes="5172184" />
  <remembered-set-cleared processed="1197" cleared="1197" durationms="0.045" />
</gc-op>
<heap-resize id="49" type="expand" space="default" amount="5242880" count="1" timems="0.083" reason="satisfy allocation request" timestamp="2019-06-16T01:23:50.700" />
<gc-end id="50" type="partial gc" contextid="42" durationms="34.208" usertimems="28.000" systemtimems="4.000" timestamp="2019-06-16T01:23:50.700" activeThreads="4">
  <mem-info id="51" free="6291456" total="13631488" percent="46">
    <mem type="eden" free="517032" total="4194304" percent="12" />
    <remembered-set count="4608" freebytes="525696" totalbytes="544128" percent="96" regionsoverflowed="0" regionsstable="0" regionsrebuilding="0"/>
  </mem-info>
</gc-end>
<cycle-end id="52" type="partial gc" contextid="42" timestamp="2019-06-16T01:23:50.700" />
  <attribute name="elasticGC enabled" value="1" />
  <attribute name= "numThreadsSpecified" value="4" />
  <attribute name="heapSize specified" value="0" />
  <attribute name="Current GC Util" value="80" />
  <attribute name= "Current Time Running" value="2627" />
  <attribute name ="GC Interval" value="0" />
  <attribute name="ProportionalT" value="90.000000" />
  <attribute name="ProportionalI" value="90.000000" />
  <attribute name="ProportionalH" value="90.000000" />
  <attribute name="Current Error" value="60.000000" />
  <attribute name="IntegralT" value="120.000000" />
  <attribute name="IntegralI" value="120.000000" />
  <attribute name="IntegralH" value="120.000000" />
  <attribute name="DerivativeT" value="15.000000" />
  <attribute name="DerivativeI" value="15.000000" />
  <attribute name="DerivativeH" value="15.000000" />
  <attribute name="Loop Time for DT" value="2.000000" />
  <attribute name="Output H" value="8388608"/>
  <attribute name="Output I" value="232"/>
  <attribute name="Output T" value="4"/>
  <attribute name="Target GC Util Change" value ="20.000000" />
  <attribute name="Current GC Util Change" value="80.000000"/>
  <attribute name="GC Util currently" value="80" />
  <attribute name="CPU Util currently" value="2129683078446" />
<exclusive-end id="53" timestamp="2019-06-16T01:23:50.700" durationms="35.010" />

<exclusive-start id="54" timestamp="2019-06-16T01:23:53.342" intervalms="2677.292">
  <response-info timems="0.038" idlems="0.038" threads="0" lastid="000000000162FB00" lastname="node-5" />
</exclusive-start>
<allocation-taxation id="55" taxation-threshold="3145728" timestamp="2019-06-16T01:23:53.342" intervalms="2677.284" />
<gc-start id="56" type="global mark phase" contextid="31" timestamp="2019-06-16T01:23:53.342">
  <mem-info id="57" free="3145728" total="13631488" percent="23">
    <remembered-set count="4608" freebytes="525696" totalbytes="544128" percent="96" regionsoverflowed="0" regionsstable="0" regionsrebuilding="0"/>
  </mem-info>
</gc-start>
<gc-op id="58" type="mark increment" timems="12.980" contextid="31" timestamp="2019-06-16T01:23:53.356">
  <trace-info objectcount="128939" scancount="121993" scanbytes="4884192" />
  <cardclean-info objects="413" bytes="18624" />
  <finalization candidates="13" enqueued="0" />
  <references type="soft" candidates="66" cleared="0" enqueued="0" dynamicThreshold="14" maxThreshold="32" />
  <references type="weak" candidates="145" cleared="2" enqueued="2" />
  <references type="phantom" candidates="59" cleared="2" enqueued="2" />
  <stringconstants candidates="3838" cleared="0"  />
</gc-op>
<gc-op id="59" type="classunload" timems="0.002" contextid="31" timestamp="2019-06-16T01:23:53.356">
  <classunload-info classloadercandidates="6" classloadersunloaded="0" classesunloaded="0" anonymousclassesunloaded="0" quiescems="0.000" setupms="0.002" scanms="0.000" postms="0.000" />
</gc-op>
<gc-end id="60" type="global mark phase" contextid="31" durationms="13.476" usertimems="16.000" systemtimems="0.000" timestamp="2019-06-16T01:23:53.356" activeThreads="4">
  <mem-info id="61" free="3145728" total="13631488" percent="23">
    <pending-finalizers system="0" default="0" reference="4" classloader="0" />
    <remembered-set count="4608" freebytes="525696" totalbytes="544128" percent="96" regionsoverflowed="0" regionsstable="0" regionsrebuilding="0"/>
  </mem-info>
</gc-end>
<cycle-end id="62" type="global mark phase" contextid="31" timestamp="2019-06-16T01:23:53.356" />
  <attribute name="elasticGC enabled" value="1" />
  <attribute name= "numThreadsSpecified" value="4" />
  <attribute name="heapSize specified" value="0" />
  <attribute name="Current GC Util" value="7" />
  <attribute name= "Current Time Running" value="5302" />
  <attribute name ="GC Interval" value="0" />
  <attribute name="ProportionalT" value="-19.500000" />
  <attribute name="ProportionalI" value="-19.500000" />
  <attribute name="ProportionalH" value="-19.500000" />
  <attribute name="Current Error" value="-13.000000" />
  <attribute name="IntegralT" value="-91.000000" />
  <attribute name="IntegralI" value="-91.000000" />
  <attribute name="IntegralH" value="-91.000000" />
  <attribute name="DerivativeT" value="-1.785714" />
  <attribute name="DerivativeI" value="-1.785714" />
  <attribute name="DerivativeH" value="-1.785714" />
  <attribute name="Loop Time for DT" value="7.000000" />
  <attribute name="Output H" value="2091843584"/>
  <attribute name="Output I" value="200"/>
  <attribute name="Output T" value="4"/>
  <attribute name="Target GC Util Change" value ="20.000000" />
  <attribute name="Current GC Util Change" value="7.000000"/>
  <attribute name="GC Util currently" value="7" />
  <attribute name="CPU Util currently" value="633995529392" />
<exclusive-end id="63" timestamp="2019-06-16T01:23:53.357" durationms="14.241" />

<exclusive-start id="64" timestamp="2019-06-16T01:23:56.329" intervalms="2987.016">
  <response-info timems="0.376" idlems="0.236" threads="2" lastid="0000000001637300" lastname="node-2" />
</exclusive-start>
<allocation-taxation id="65" taxation-threshold="3145728" timestamp="2019-06-16T01:23:56.329" intervalms="2987.011" />
<cycle-start id="66" type="partial gc" contextid="0" timestamp="2019-06-16T01:23:56.329" intervalms="5664.213" />
<gc-start id="67" type="partial gc" contextid="66" timestamp="2019-06-16T01:23:56.330">
  <mem-info id="68" free="0" total="13631488" percent="0">
    <mem type="eden" free="517032" total="7340032" percent="7" />
    <remembered-set count="4608" freebytes="525696" totalbytes="544128" percent="96" regionsoverflowed="0" regionsstable="0" regionsrebuilding="0"/>
  </mem-info>
</gc-start>
<allocation-stats totalBytes="6283680" >
  <allocated-bytes non-tlh="198768" tlh="6084912" arrayletleaf="0"/>
  <largest-consumer threadName="node-8" threadId="0000000001633700" bytes="302648" />
</allocation-stats>
<gc-op id="69" type="sweep" timems="0.444" contextid="66" timestamp="2019-06-16T01:23:56.330" />
<gc-op id="70" type="mark" timems="3.139" contextid="66" timestamp="2019-06-16T01:23:56.334">
  <trace-info objectcount="50335" scancount="47054" scanbytes="2617136" />
  <cardclean-info objects="435" bytes="19864" />
  <remembered-set-cleared processed="3201" cleared="1015" durationms="0.062" />
  <stringconstants candidates="3838" cleared="0"  />
  <warning details="Mark invoked due to insufficient free space for Copy-Forward" />
</gc-op>
<gc-op id="71" type="classunload" timems="0.001" contextid="66" timestamp="2019-06-16T01:23:56.334">
  <classunload-info classloadercandidates="6" classloadersunloaded="0" classesunloaded="0" anonymousclassesunloaded="0" quiescems="0.000" setupms="0.001" scanms="0.000" postms="0.000" />
</gc-op>
<gc-op id="72" type="sweep" timems="0.346" contextid="66" timestamp="2019-06-16T01:23:56.334" />
<gc-op id="73" type="compact" timems="7.870" contextid="66" timestamp="2019-06-16T01:23:56.342">
  <compact-info movecount="48970" movebytes="3146768" />
  <remembered-set-cleared processed="6963" cleared="2585" durationms="0.062" />
</gc-op>
<gc-end id="74" type="partial gc" contextid="66" durationms="13.072" usertimems="16.000" systemtimems="0.000" timestamp="2019-06-16T01:23:56.343" activeThreads="4">
  <mem-info id="75" free="5242880" total="13631488" percent="38">
    <mem type="eden" free="339904" total="2097152" percent="16" />
    <remembered-set count="5952" freebytes="520320" totalbytes="544128" percent="95" regionsoverflowed="0" regionsstable="0" regionsrebuilding="0"/>
  </mem-info>
</gc-end>
<cycle-end id="76" type="partial gc" contextid="66" timestamp="2019-06-16T01:23:56.343" />
  <attribute name="elasticGC enabled" value="1" />
  <attribute name= "numThreadsSpecified" value="4" />
  <attribute name="heapSize specified" value="0" />
  <attribute name="Current GC Util" value="26" />
  <attribute name= "Current Time Running" value="8286" />
  <attribute name ="GC Interval" value="0" />
  <attribute name="ProportionalT" value="9.000000" />
  <attribute name="ProportionalI" value="9.000000" />
  <attribute name="ProportionalH" value="9.000000" />
  <attribute name="Current Error" value="6.000000" />
  <attribute name="IntegralT" value="0.000000" />
  <attribute name="IntegralI" value="0.000000" />
  <attribute name="IntegralH" value="0.000000" />
  <attribute name="DerivativeT" value="-inf" />
  <attribute name="DerivativeI" value="-inf" />
  <attribute name="DerivativeH" value="-inf" />
  <attribute name="Loop Time for DT" value="0.000000" />
  <attribute name="Output H" value="2091843584"/>
  <attribute name="Output I" value="200"/>
  <attribute name="Output T" value="4"/>
  <attribute name="Target GC Util Change" value ="20.000000" />
  <attribute name="Current GC Util Change" value="26.000000"/>
  <attribute name="GC Util currently" value="26" />
  <attribute name="CPU Util currently" value="8303658785678" />
<exclusive-end id="77" timestamp="2019-06-16T01:23:56.343" durationms="13.946" />

<exclusive-start id="78" timestamp="2019-06-16T01:23:58.130" intervalms="1800.516">
  <response-info timems="0.033" idlems="0.033" threads="0" lastid="0000000001642700" lastname="node-14" />
</exclusive-start>
<allocation-taxation id="79" taxation-threshold="2097152" timestamp="2019-06-16T01:23:58.130" intervalms="1800.530" />
<cycle-start id="80" type="global mark phase" contextid="0" timestamp="2019-06-16T01:23:58.130" intervalms="7507.212" />
<gc-start id="81" type="global mark phase" contextid="80" timestamp="2019-06-16T01:23:58.130">
  <mem-info id="82" free="3145728" total="13631488" percent="23">
    <remembered-set count="5664" freebytes="521472" totalbytes="544128" percent="95" regionsoverflowed="0" regionsstable="0" regionsrebuilding="0"/>
  </mem-info>
</gc-start>
<gc-op id="83" type="mark increment" timems="0.484" contextid="80" timestamp="2019-06-16T01:23:58.131">
  <trace-info objectcount="335" scancount="0" scanbytes="0" />
</gc-op>
<gc-end id="84" type="global mark phase" contextid="80" durationms="0.749" usertimems="0.000" systemtimems="0.000" timestamp="2019-06-16T01:23:58.131" activeThreads="1">
  <mem-info id="85" free="3145728" total="13631488" percent="23">
    <remembered-set count="5664" freebytes="521472" totalbytes="544128" percent="95" regionsoverflowed="0" regionsstable="0" regionsrebuilding="0"/>
  </mem-info>
</gc-end>
<concurrent-start id="86" type="GMP work packet processing" contextid="80" timestamp="2019-06-16T01:23:58.131">
  <concurrent-mark-start scanTarget="18446744073709551615" />
</concurrent-start>
<exclusive-end id="87" timestamp="2019-06-16T01:23:58.131" durationms="1.316" />

<concurrent-end id="88" type="GMP work packet processing" contextid="80" timestamp="2019-06-16T01:23:58.136">
  <concurrent-mark-end bytesScanned="5322784" reasonForTermination="Completed all work in GC phase" />
</concurrent-end>

<exclusive-start id="89" timestamp="2019-06-16T01:23:59.714" intervalms="1584.521">
  <response-info timems="0.034" idlems="0.034" threads="0" lastid="000000000163EB00" lastname="node-1" />
</exclusive-start>
<allocation-taxation id="90" taxation-threshold="2097152" timestamp="2019-06-16T01:23:59.714" intervalms="1584.530" />
<cycle-start id="91" type="partial gc" contextid="0" timestamp="2019-06-16T01:23:59.715" intervalms="3385.273" />
<gc-start id="92" type="partial gc" contextid="91" timestamp="2019-06-16T01:23:59.715">
  <mem-info id="93" free="1048576" total="13631488" percent="7">
    <mem type="eden" free="339904" total="5242880" percent="6" />
    <remembered-set count="5664" freebytes="521472" totalbytes="544128" percent="95" regionsoverflowed="0" regionsstable="0" regionsrebuilding="0"/>
  </mem-info>
</gc-start>
<allocation-stats totalBytes="4189096" >
  <allocated-bytes non-tlh="0" tlh="4189096" arrayletleaf="0"/>
  <largest-consumer threadName="node-8" threadId="0000000001633700" bytes="147456" />
</allocation-stats>
<gc-op id="94" type="copy forward" timems="3.430" contextid="91" timestamp="2019-06-16T01:23:59.719">
  <memory-copied type="eden" objects="112" bytes="4064" bytesdiscarded="174824" />
  <memory-copied type="other" objects="11081" bytes="700256" bytesdiscarded="127544" />
  <memory-cardclean objects="1033" bytes="39480" />
  <regions eden="4" other="1" />
  <remembered-set-cleared processed="4566" cleared="793" durationms="0.082" />
  <stringconstants candidates="3838" cleared="0"  />
  <heap-resize type="expand" space="default" amount="2097152" count="2" timems="0.191" reason="continue current collection" />
</gc-op>
<gc-op id="95" type="classunload" timems="0.002" contextid="91" timestamp="2019-06-16T01:23:59.719">
  <classunload-info classloadercandidates="6" classloadersunloaded="0" classesunloaded="0" anonymousclassesunloaded="0" quiescems="0.000" setupms="0.001" scanms="0.000" postms="0.000" />
</gc-op>
<gc-op id="96" type="compact" timems="1.071" contextid="91" timestamp="2019-06-16T01:23:59.721">
  <compact-info movecount="0" movebytes="0" />
  <remembered-set-cleared processed="9220" cleared="793" durationms="0.082" />
</gc-op>
<heap-resize id="97" type="expand" space="default" amount="1048576" count="1" timems="0.063" reason="insufficient free space following gc" timestamp="2019-06-16T01:23:59.721" />
<gc-end id="98" type="partial gc" contextid="91" durationms="6.025" usertimems="4.000" systemtimems="0.000" timestamp="2019-06-16T01:23:59.721" activeThreads="4">
  <mem-info id="99" free="6291456" total="16777216" percent="37">
    <mem type="eden" free="2138968" total="3145728" percent="67" />
    <remembered-set count="5344" freebytes="648320" totalbytes="669696" percent="96" regionsoverflowed="0" regionsstable="0" regionsrebuilding="0"/>
  </mem-info>
</gc-end>
<cycle-end id="100" type="partial gc" contextid="91" timestamp="2019-06-16T01:23:59.721" />
  <attribute name="elasticGC enabled" value="1" />
  <attribute name= "numThreadsSpecified" value="4" />
  <attribute name="heapSize specified" value="0" />
  <attribute name="Current GC Util" value="83" />
  <attribute name= "Current Time Running" value="11671" />
  <attribute name ="GC Interval" value="0" />
  <attribute name="ProportionalT" value="94.500000" />
  <attribute name="ProportionalI" value="94.500000" />
  <attribute name="ProportionalH" value="94.500000" />
  <attribute name="Current Error" value="63.000000" />
  <attribute name="IntegralT" value="189.000000" />
  <attribute name="IntegralI" value="189.000000" />
  <attribute name="IntegralH" value="189.000000" />
  <attribute name="DerivativeT" value="10.000000" />
  <attribute name="DerivativeI" value="10.000000" />
  <attribute name="DerivativeH" value="10.000000" />
  <attribute name="Loop Time for DT" value="3.000000" />
  <attribute name="Output H" value="8388608"/>
  <attribute name="Output I" value="296"/>
  <attribute name="Output T" value="4"/>
  <attribute name="Target GC Util Change" value ="20.000000" />
  <attribute name="Current GC Util Change" value="83.000000"/>
  <attribute name="GC Util currently" value="83" />
  <attribute name="CPU Util currently" value="1254088851608" />
<exclusive-end id="101" timestamp="2019-06-16T01:23:59.721" durationms="6.943" />

<exclusive-start id="102" timestamp="2019-06-16T01:24:02.072" intervalms="2357.959">
  <response-info timems="0.207" idlems="0.112" threads="1" lastid="0000000001628300" lastname="node-7" />
</exclusive-start>
<allocation-taxation id="103" taxation-threshold="3145728" timestamp="2019-06-16T01:24:02.072" intervalms="2357.933" />
<gc-start id="104" type="global mark phase" contextid="80" timestamp="2019-06-16T01:24:02.072">
  <mem-info id="105" free="3145728" total="16777216" percent="18">
    <remembered-set count="4832" freebytes="650368" totalbytes="669696" percent="97" regionsoverflowed="0" regionsstable="1" regionsrebuilding="0"/>
  </mem-info>
</gc-start>
<gc-op id="106" type="mark increment" timems="1.605" contextid="80" timestamp="2019-06-16T01:24:02.074">
  <trace-info objectcount="3232" scancount="3209" scanbytes="76304" />
  <cardclean-info objects="2324" bytes="73976" />
  <finalization candidates="13" enqueued="0" />
  <references type="soft" candidates="66" cleared="0" enqueued="0" dynamicThreshold="12" maxThreshold="32" />
  <references type="weak" candidates="143" cleared="0" enqueued="0" />
  <references type="phantom" candidates="57" cleared="0" enqueued="0" />
  <stringconstants candidates="3838" cleared="0"  />
</gc-op>
<gc-op id="107" type="classunload" timems="0.002" contextid="80" timestamp="2019-06-16T01:24:02.074">
  <classunload-info classloadercandidates="6" classloadersunloaded="0" classesunloaded="0" anonymousclassesunloaded="0" quiescems="0.000" setupms="0.002" scanms="0.000" postms="0.000" />
</gc-op>
<gc-end id="108" type="global mark phase" contextid="80" durationms="1.908" usertimems="0.000" systemtimems="0.000" timestamp="2019-06-16T01:24:02.074" activeThreads="4">
  <mem-info id="109" free="3145728" total="16777216" percent="18">
    <remembered-set count="4832" freebytes="650368" totalbytes="669696" percent="97" regionsoverflowed="0" regionsstable="1" regionsrebuilding="0"/>
  </mem-info>
</gc-end>
<cycle-end id="110" type="global mark phase" contextid="80" timestamp="2019-06-16T01:24:02.075" />
  <attribute name="elasticGC enabled" value="1" />
  <attribute name= "numThreadsSpecified" value="4" />
  <attribute name="heapSize specified" value="0" />
  <attribute name="Current GC Util" value="13" />
  <attribute name= "Current Time Running" value="14025" />
  <attribute name ="GC Interval" value="0" />
  <attribute name="ProportionalT" value="-10.500000" />
  <attribute name="ProportionalI" value="-10.500000" />
  <attribute name="ProportionalH" value="-10.500000" />
  <attribute name="Current Error" value="-7.000000" />
  <attribute name="IntegralT" value="0.000000" />
  <attribute name="IntegralI" value="0.000000" />
  <attribute name="IntegralH" value="0.000000" />
  <attribute name="DerivativeT" value="-inf" />
  <attribute name="DerivativeI" value="-inf" />
  <attribute name="DerivativeH" value="-inf" />
  <attribute name="Loop Time for DT" value="0.000000" />
  <attribute name="Output H" value="2091843584"/>
  <attribute name="Output I" value="200"/>
  <attribute name="Output T" value="4"/>
  <attribute name="Target GC Util Change" value ="20.000000" />
  <attribute name="Current GC Util Change" value="13.000000"/>
  <attribute name="GC Util currently" value="13" />
  <attribute name="CPU Util currently" value="15012291957766" />
<exclusive-end id="111" timestamp="2019-06-16T01:24:02.075" durationms="2.472" />

<exclusive-start id="112" timestamp="2019-06-16T01:24:04.182" intervalms="2109.254">
  <response-info timems="0.064" idlems="0.064" threads="0" lastid="000000000160E000" lastname="node-12" />
</exclusive-start>
<allocation-taxation id="113" taxation-threshold="3145728" timestamp="2019-06-16T01:24:04.182" intervalms="2109.316" />
<cycle-start id="114" type="partial gc" contextid="0" timestamp="2019-06-16T01:24:04.182" intervalms="4467.291" />
<gc-start id="115" type="partial gc" contextid="114" timestamp="2019-06-16T01:24:04.182">
  <mem-info id="116" free="0" total="16777216" percent="0">
    <mem type="eden" free="0" total="6291456" percent="0" />
    <remembered-set count="4832" freebytes="650368" totalbytes="669696" percent="97" regionsoverflowed="0" regionsstable="1" regionsrebuilding="0"/>
  </mem-info>
</gc-start>
<allocation-stats totalBytes="6281288" >
  <allocated-bytes non-tlh="0" tlh="6281288" arrayletleaf="0"/>
  <largest-consumer threadName="node-7" threadId="0000000001628300" bytes="188368" />
</allocation-stats>
<gc-op id="117" type="sweep" timems="0.530" contextid="114" timestamp="2019-06-16T01:24:04.183" />
<gc-op id="118" type="copy forward" timems="1.761" contextid="114" timestamp="2019-06-16T01:24:04.185">
  <memory-copied type="eden" objects="2868" bytes="70480" bytesdiscarded="4410" />
  <memory-copied type="other" objects="3096" bytes="74296" bytesdiscarded="2758" />
  <memory-cardclean objects="1910" bytes="60160" />
  <regions eden="3" other="4" />
  <remembered-set-cleared processed="4122" cleared="344" durationms="0.092" />
  <stringconstants candidates="3838" cleared="0"  />
  <heap-resize type="expand" space="default" amount="1048576" count="1" timems="0.065" reason="continue current collection" />
</gc-op>
<gc-op id="119" type="classunload" timems="0.001" contextid="114" timestamp="2019-06-16T01:24:04.186">
  <classunload-info classloadercandidates="6" classloadersunloaded="0" classesunloaded="0" anonymousclassesunloaded="0" quiescems="0.000" setupms="0.001" scanms="0.000" postms="0.000" />
</gc-op>
<gc-op id="120" type="compact" timems="1.059" contextid="114" timestamp="2019-06-16T01:24:04.187">
  <compact-info movecount="0" movebytes="0" />
  <remembered-set-cleared processed="8432" cleared="344" durationms="0.092" />
</gc-op>
<gc-end id="121" type="partial gc" contextid="114" durationms="4.892" usertimems="4.000" systemtimems="0.000" timestamp="2019-06-16T01:24:04.187" activeThreads="4">
  <mem-info id="122" free="7340032" total="17825792" percent="41">
    <mem type="eden" free="896656" total="1048576" percent="85" />
    <remembered-set count="5376" freebytes="690048" totalbytes="711552" percent="96" regionsoverflowed="0" regionsstable="1" regionsrebuilding="0"/>
  </mem-info>
</gc-end>
<cycle-end id="123" type="partial gc" contextid="114" timestamp="2019-06-16T01:24:04.188" />
  <attribute name="elasticGC enabled" value="1" />
  <attribute name= "numThreadsSpecified" value="4" />
  <attribute name="heapSize specified" value="0" />
  <attribute name="Current GC Util" value="69" />
  <attribute name= "Current Time Running" value="16138" />
  <attribute name ="GC Interval" value="0" />
  <attribute name="ProportionalT" value="73.500000" />
  <attribute name="ProportionalI" value="73.500000" />
  <attribute name="ProportionalH" value="73.500000" />
  <attribute name="Current Error" value="49.000000" />
  <attribute name="IntegralT" value="98.000000" />
  <attribute name="IntegralI" value="98.000000" />
  <attribute name="IntegralH" value="98.000000" />
  <attribute name="DerivativeT" value="12.250000" />
  <attribute name="DerivativeI" value="12.250000" />
  <attribute name="DerivativeH" value="12.250000" />
  <attribute name="Loop Time for DT" value="2.000000" />
  <attribute name="Output H" value="8388608"/>
  <attribute name="Output I" value="200"/>
  <attribute name="Output T" value="4"/>
  <attribute name="Target GC Util Change" value ="20.000000" />
  <attribute name="Current GC Util Change" value="69.000000"/>
  <attribute name="GC Util currently" value="69" />
  <attribute name="CPU Util currently" value="2166364856079" />
<exclusive-end id="124" timestamp="2019-06-16T01:24:04.188" durationms="6.304" />

<exclusive-start id="125" timestamp="2019-06-16T01:24:06.370" intervalms="2188.742">
  <response-info timems="0.031" idlems="0.031" threads="0" lastid="000000000162BF00" lastname="node-4" />
</exclusive-start>
<allocation-taxation id="126" taxation-threshold="3145728" timestamp="2019-06-16T01:24:06.370" intervalms="2188.685" />
<cycle-start id="127" type="global mark phase" contextid="0" timestamp="2019-06-16T01:24:06.370" intervalms="8240.403" />
<gc-start id="128" type="global mark phase" contextid="127" timestamp="2019-06-16T01:24:06.371">
  <mem-info id="129" free="4194304" total="17825792" percent="23">
    <remembered-set count="5376" freebytes="690048" totalbytes="711552" percent="96" regionsoverflowed="0" regionsstable="1" regionsrebuilding="0"/>
  </mem-info>
</gc-start>
<gc-op id="130" type="mark increment" timems="0.502" contextid="127" timestamp="2019-06-16T01:24:06.371">
  <trace-info objectcount="363" scancount="0" scanbytes="0" />
</gc-op>
<gc-end id="131" type="global mark phase" contextid="127" durationms="0.614" usertimems="0.000" systemtimems="0.000" timestamp="2019-06-16T01:24:06.371" activeThreads="4">
  <mem-info id="132" free="4194304" total="17825792" percent="23">
    <remembered-set count="5376" freebytes="690048" totalbytes="711552" percent="96" regionsoverflowed="0" regionsstable="0" regionsrebuilding="1"/>
  </mem-info>
</gc-end>
<concurrent-start id="133" type="GMP work packet processing" contextid="127" timestamp="2019-06-16T01:24:06.371">
  <concurrent-mark-start scanTarget="18446744073709551615" />
</concurrent-start>
<exclusive-end id="134" timestamp="2019-06-16T01:24:06.371" durationms="0.977" />

<concurrent-end id="135" type="GMP work packet processing" contextid="127" timestamp="2019-06-16T01:24:06.379">
  <concurrent-mark-end bytesScanned="5318272" reasonForTermination="Completed all work in GC phase" />
</concurrent-end>

<exclusive-start id="136" timestamp="2019-06-16T01:24:08.605" intervalms="2234.525">
  <response-info timems="0.195" idlems="0.180" threads="1" lastid="0000000001624700" lastname="node-20" />
</exclusive-start>
<allocation-taxation id="137" taxation-threshold="3145728" timestamp="2019-06-16T01:24:08.605" intervalms="2234.533" />
<cycle-start id="138" type="partial gc" contextid="0" timestamp="2019-06-16T01:24:08.605" intervalms="4422.986" />
<gc-start id="139" type="partial gc" contextid="138" timestamp="2019-06-16T01:24:08.605">
  <mem-info id="140" free="1048576" total="17825792" percent="5">
    <mem type="eden" free="0" total="6291456" percent="0" />
    <remembered-set count="6336" freebytes="686208" totalbytes="711552" percent="96" regionsoverflowed="0" regionsstable="0" regionsrebuilding="1"/>
  </mem-info>
</gc-start>
<allocation-stats totalBytes="6282952" >
  <allocated-bytes non-tlh="0" tlh="6282952" arrayletleaf="0"/>
  <largest-consumer threadName="node-25" threadId="0000000001606800" bytes="171624" />
</allocation-stats>
<gc-op id="141" type="copy forward" timems="2.349" contextid="138" timestamp="2019-06-16T01:24:08.608">
  <memory-copied type="eden" objects="3564" bytes="88320" bytesdiscarded="8440" />
  <memory-copied type="other" objects="5828" bytes="139864" bytesdiscarded="9376" />
  <memory-cardclean objects="1773" bytes="58272" />
  <regions eden="6" other="1" />
  <remembered-set-cleared processed="5122" cleared="484" durationms="0.085" />
  <stringconstants candidates="3838" cleared="0"  />
  <heap-resize type="expand" space="default" amount="1048576" count="1" timems="0.072" reason="continue current collection" />
</gc-op>
<gc-op id="142" type="classunload" timems="0.002" contextid="138" timestamp="2019-06-16T01:24:08.608">
  <classunload-info classloadercandidates="6" classloadersunloaded="0" classesunloaded="0" anonymousclassesunloaded="0" quiescems="0.000" setupms="0.001" scanms="0.000" postms="0.000" />
</gc-op>
<gc-end id="143" type="partial gc" contextid="138" durationms="3.300" usertimems="0.000" systemtimems="4.000" timestamp="2019-06-16T01:24:08.609" activeThreads="4">
  <mem-info id="144" free="7340032" total="18874368" percent="38">
    <mem type="eden" free="951816" total="1048576" percent="90" />
    <remembered-set count="6624" freebytes="726912" totalbytes="753408" percent="96" regionsoverflowed="0" regionsstable="0" regionsrebuilding="1"/>
  </mem-info>
</gc-end>
<cycle-end id="145" type="partial gc" contextid="138" timestamp="2019-06-16T01:24:08.609" />
  <attribute name="elasticGC enabled" value="1" />
  <attribute name= "numThreadsSpecified" value="4" />
  <attribute name="heapSize specified" value="0" />
  <attribute name="Current GC Util" value="46" />
  <attribute name= "Current Time Running" value="20558" />
  <attribute name ="GC Interval" value="0" />
  <attribute name="ProportionalT" value="39.000000" />
  <attribute name="ProportionalI" value="39.000000" />
  <attribute name="ProportionalH" value="39.000000" />
  <attribute name="Current Error" value="26.000000" />
  <attribute name="IntegralT" value="26.000000" />
  <attribute name="IntegralI" value="26.000000" />
  <attribute name="IntegralH" value="26.000000" />
  <attribute name="DerivativeT" value="13.000000" />
  <attribute name="DerivativeI" value="13.000000" />
  <attribute name="DerivativeH" value="13.000000" />
  <attribute name="Loop Time for DT" value="1.000000" />
  <attribute name="Output H" value="8388608"/>
  <attribute name="Output I" value="200"/>
  <attribute name="Output T" value="4"/>
  <attribute name="Target GC Util Change" value ="20.000000" />
  <attribute name="Current GC Util Change" value="46.000000"/>
  <attribute name="GC Util currently" value="46" />
  <attribute name="CPU Util currently" value="17738481954346" />
<exclusive-end id="146" timestamp="2019-06-16T01:24:08.609" durationms="4.191" />

<exclusive-start id="147" timestamp="2019-06-16T01:24:11.116" intervalms="2510.889">
  <response-info timems="0.061" idlems="0.061" threads="0" lastid="000000000163AF00" lastname="node-3" />
</exclusive-start>
<allocation-taxation id="148" taxation-threshold="3145728" timestamp="2019-06-16T01:24:11.116" intervalms="2510.884" />
<gc-start id="149" type="global mark phase" contextid="127" timestamp="2019-06-16T01:24:11.116">
  <mem-info id="150" free="4194304" total="18874368" percent="22">
    <remembered-set count="6432" freebytes="727680" totalbytes="753408" percent="96" regionsoverflowed="0" regionsstable="0" regionsrebuilding="1"/>
  </mem-info>
</gc-start>
<gc-op id="151" type="mark increment" timems="1.648" contextid="127" timestamp="2019-06-16T01:24:11.118">
  <trace-info objectcount="3708" scancount="3681" scanbytes="87584" />
  <cardclean-info objects="1973" bytes="63248" />
  <finalization candidates="13" enqueued="0" />
  <references type="soft" candidates="66" cleared="0" enqueued="0" dynamicThreshold="12" maxThreshold="32" />
  <references type="weak" candidates="143" cleared="0" enqueued="0" />
  <references type="phantom" candidates="57" cleared="0" enqueued="0" />
  <stringconstants candidates="3838" cleared="0"  />
</gc-op>
<gc-op id="152" type="classunload" timems="0.002" contextid="127" timestamp="2019-06-16T01:24:11.118">
  <classunload-info classloadercandidates="6" classloadersunloaded="0" classesunloaded="0" anonymousclassesunloaded="0" quiescems="0.000" setupms="0.002" scanms="0.000" postms="0.000" />
</gc-op>
<gc-end id="153" type="global mark phase" contextid="127" durationms="1.912" usertimems="4.000" systemtimems="0.000" timestamp="2019-06-16T01:24:11.118" activeThreads="4">
  <mem-info id="154" free="4194304" total="18874368" percent="22">
    <remembered-set count="6944" freebytes="725632" totalbytes="753408" percent="96" regionsoverflowed="0" regionsstable="0" regionsrebuilding="0"/>
  </mem-info>
</gc-end>
<cycle-end id="155" type="global mark phase" contextid="127" timestamp="2019-06-16T01:24:11.118" />
  <attribute name="elasticGC enabled" value="1" />
  <attribute name= "numThreadsSpecified" value="4" />
  <attribute name="heapSize specified" value="0" />
  <attribute name="Current GC Util" value="0" />
  <attribute name= "Current Time Running" value="23069" />
  <attribute name ="GC Interval" value="0" />
  <attribute name="ProportionalT" value="-30.000000" />
  <attribute name="ProportionalI" value="-30.000000" />
  <attribute name="ProportionalH" value="-30.000000" />
  <attribute name="Current Error" value="-20.000000" />
  <attribute name="IntegralT" value="-20.000000" />
  <attribute name="IntegralI" value="-20.000000" />
  <attribute name="IntegralH" value="-20.000000" />
  <attribute name="DerivativeT" value="-36.000000" />
  <attribute name="DerivativeI" value="-36.000000" />
  <attribute name="DerivativeH" value="-36.000000" />
  <attribute name="Loop Time for DT" value="1.000000" />
  <attribute name="Output H" value="2091843584"/>
  <attribute name="Output I" value="200"/>
  <attribute name="Output T" value="4"/>
  <attribute name="Target GC Util Change" value ="20.000000" />
  <attribute name="Current GC Util Change" value="0.000000"/>
  <attribute name="GC Util currently" value="0" />
  <attribute name="CPU Util currently" value="18826666184972" />
<exclusive-end id="156" timestamp="2019-06-16T01:24:11.118" durationms="2.285" />

<exclusive-start id="157" timestamp="2019-06-16T01:24:12.973" intervalms="1857.548">
  <response-info timems="0.100" idlems="0.052" threads="1" lastid="0000000001606800" lastname="node-25" />
</exclusive-start>
<allocation-taxation id="158" taxation-threshold="3145728" timestamp="2019-06-16T01:24:12.973" intervalms="1857.566" />
<cycle-start id="159" type="partial gc" contextid="0" timestamp="2019-06-16T01:24:12.974" intervalms="4368.525" />
<gc-start id="160" type="partial gc" contextid="159" timestamp="2019-06-16T01:24:12.974">
  <mem-info id="161" free="1048576" total="18874368" percent="5">
    <mem type="eden" free="0" total="6291456" percent="0" />
    <remembered-set count="5504" freebytes="731392" totalbytes="753408" percent="97" regionsoverflowed="0" regionsstable="1" regionsrebuilding="0"/>
  </mem-info>
</gc-start>
<allocation-stats totalBytes="6287296" >
  <allocated-bytes non-tlh="0" tlh="6287296" arrayletleaf="0"/>
  <largest-consumer threadName="node-14" threadId="0000000001642700" bytes="147456" />
</allocation-stats>
<gc-op id="162" type="sweep" timems="0.529" contextid="159" timestamp="2019-06-16T01:24:12.975" />
<gc-op id="163" type="copy forward" timems="1.305" contextid="159" timestamp="2019-06-16T01:24:12.976">
  <memory-copied type="eden" objects="1694" bytes="51832" bytesdiscarded="0" />
  <memory-copied type="other" objects="3531" bytes="84728" bytesdiscarded="0" />
  <memory-cardclean objects="1592" bytes="53288" />
  <regions eden="3" other="4" />
  <remembered-set-cleared processed="4220" cleared="421" durationms="0.096" />
  <stringconstants candidates="3838" cleared="0"  />
</gc-op>
<gc-op id="164" type="classunload" timems="0.002" contextid="159" timestamp="2019-06-16T01:24:12.977">
  <classunload-info classloadercandidates="6" classloadersunloaded="0" classesunloaded="0" anonymousclassesunloaded="0" quiescems="0.000" setupms="0.001" scanms="0.000" postms="0.000" />
</gc-op>
<gc-end id="165" type="partial gc" contextid="159" durationms="3.144" usertimems="4.000" systemtimems="0.000" timestamp="2019-06-16T01:24:12.977" activeThreads="1">
  <mem-info id="166" free="8388608" total="18874368" percent="44">
    <mem type="eden" free="945928" total="1048576" percent="90" />
    <remembered-set count="5824" freebytes="730112" totalbytes="753408" percent="96" regionsoverflowed="0" regionsstable="1" regionsrebuilding="0"/>
  </mem-info>
</gc-end>
<cycle-end id="167" type="partial gc" contextid="159" timestamp="2019-06-16T01:24:12.977" />
  <attribute name="elasticGC enabled" value="1" />
  <attribute name= "numThreadsSpecified" value="1" />
  <attribute name="heapSize specified" value="0" />
  <attribute name="Current GC Util" value="38" />
  <attribute name= "Current Time Running" value="24927" />
  <attribute name ="GC Interval" value="0" />
  <attribute name="ProportionalT" value="27.000000" />
  <attribute name="ProportionalI" value="27.000000" />
  <attribute name="ProportionalH" value="27.000000" />
  <attribute name="Current Error" value="18.000000" />
  <attribute name="IntegralT" value="0.000000" />
  <attribute name="IntegralI" value="0.000000" />
  <attribute name="IntegralH" value="0.000000" />
  <attribute name="DerivativeT" value="inf" />
  <attribute name="DerivativeI" value="inf" />
  <attribute name="DerivativeH" value="inf" />
  <attribute name="Loop Time for DT" value="0.000000" />
  <attribute name="Output H" value="8388608"/>
  <attribute name="Output I" value="200"/>
  <attribute name="Output T" value="1"/>
  <attribute name="Target GC Util Change" value ="20.000000" />
  <attribute name="Current GC Util Change" value="38.000000"/>
  <attribute name="GC Util currently" value="38" />
  <attribute name="CPU Util currently" value="17512487858849" />
<exclusive-end id="168" timestamp="2019-06-16T01:24:12.977" durationms="4.233" />

<exclusive-start id="169" timestamp="2019-06-16T01:24:15.953" intervalms="2979.747">
  <response-info timems="0.054" idlems="0.054" threads="0" lastid="0000000001633700" lastname="node-8" />
</exclusive-start>
<allocation-taxation id="170" taxation-threshold="4194304" timestamp="2019-06-16T01:24:15.953" intervalms="2979.739" />
<cycle-start id="171" type="global mark phase" contextid="0" timestamp="2019-06-16T01:24:15.953" intervalms="9582.729" />
<gc-start id="172" type="global mark phase" contextid="171" timestamp="2019-06-16T01:24:15.953">
  <mem-info id="173" free="4194304" total="18874368" percent="22">
    <remembered-set count="5376" freebytes="731904" totalbytes="753408" percent="97" regionsoverflowed="0" regionsstable="1" regionsrebuilding="0"/>
  </mem-info>
</gc-start>
<gc-op id="174" type="mark increment" timems="0.517" contextid="171" timestamp="2019-06-16T01:24:15.954">
  <trace-info objectcount="359" scancount="0" scanbytes="0" />
</gc-op>
<gc-end id="175" type="global mark phase" contextid="171" durationms="0.615" usertimems="4.000" systemtimems="0.000" timestamp="2019-06-16T01:24:15.954" activeThreads="1">
  <mem-info id="176" free="4194304" total="18874368" percent="22">
    <remembered-set count="5376" freebytes="731904" totalbytes="753408" percent="97" regionsoverflowed="0" regionsstable="0" regionsrebuilding="1"/>
  </mem-info>
</gc-end>
<concurrent-start id="177" type="GMP work packet processing" contextid="171" timestamp="2019-06-16T01:24:15.954">
  <concurrent-mark-start scanTarget="18446744073709551615" />
</concurrent-start>
<exclusive-end id="178" timestamp="2019-06-16T01:24:15.954" durationms="0.989" />

<concurrent-end id="179" type="GMP work packet processing" contextid="171" timestamp="2019-06-16T01:24:15.958">
  <concurrent-mark-end bytesScanned="5316304" reasonForTermination="Completed all work in GC phase" />
</concurrent-end>

<exclusive-start id="180" timestamp="2019-06-16T01:24:18.883" intervalms="2930.267">
  <response-info timems="0.042" idlems="0.042" threads="0" lastid="0000000001606800" lastname="node-25" />
</exclusive-start>
<allocation-taxation id="181" taxation-threshold="4194304" timestamp="2019-06-16T01:24:18.883" intervalms="2930.254" />
<cycle-start id="182" type="partial gc" contextid="0" timestamp="2019-06-16T01:24:18.883" intervalms="5909.912" />
<gc-start id="183" type="partial gc" contextid="182" timestamp="2019-06-16T01:24:18.884">
  <mem-info id="184" free="0" total="18874368" percent="0">
    <mem type="eden" free="0" total="8388608" percent="0" />
    <remembered-set count="6688" freebytes="726656" totalbytes="753408" percent="96" regionsoverflowed="0" regionsstable="0" regionsrebuilding="1"/>
  </mem-info>
</gc-start>
<allocation-stats totalBytes="8369576" >
  <allocated-bytes non-tlh="0" tlh="8369576" arrayletleaf="0"/>
  <largest-consumer threadName="node-9" threadId="000000000161D000" bytes="221144" />
</allocation-stats>
<gc-op id="185" type="mark" timems="1.319" contextid="182" timestamp="2019-06-16T01:24:18.885">
  <trace-info objectcount="9253" scancount="9238" scanbytes="220848" />
  <cardclean-info objects="1691" bytes="56808" />
  <remembered-set-cleared processed="5117" cleared="455" durationms="0.101" />
  <stringconstants candidates="3838" cleared="0"  />
  <warning details="Mark invoked due to insufficient free space for Copy-Forward" />
</gc-op>
<gc-op id="186" type="classunload" timems="0.001" contextid="182" timestamp="2019-06-16T01:24:18.885">
  <classunload-info classloadercandidates="6" classloadersunloaded="0" classesunloaded="0" anonymousclassesunloaded="0" quiescems="0.000" setupms="0.001" scanms="0.000" postms="0.000" />
</gc-op>
<gc-op id="187" type="sweep" timems="0.418" contextid="182" timestamp="2019-06-16T01:24:18.886" />
<gc-op id="188" type="compact" timems="1.221" contextid="182" timestamp="2019-06-16T01:24:18.887">
  <compact-info movecount="9253" movebytes="227760" />
  <remembered-set-cleared processed="10361" cleared="961" durationms="0.101" />
</gc-op>
<heap-resize id="189" type="expand" space="default" amount="1048576" count="1" timems="0.060" reason="insufficient free space following gc" timestamp="2019-06-16T01:24:18.888" />
<gc-end id="190" type="partial gc" contextid="182" durationms="4.327" usertimems="8.000" systemtimems="0.000" timestamp="2019-06-16T01:24:18.888" activeThreads="4">
  <mem-info id="191" free="8388608" total="19922944" percent="42">
    <mem type="eden" free="908080" total="1048576" percent="86" />
    <remembered-set count="6848" freebytes="767872" totalbytes="795264" percent="96" regionsoverflowed="0" regionsstable="0" regionsrebuilding="1"/>
  </mem-info>
</gc-end>
<cycle-end id="192" type="partial gc" contextid="182" timestamp="2019-06-16T01:24:18.888" />
  <attribute name="elasticGC enabled" value="1" />
  <attribute name= "numThreadsSpecified" value="4" />
  <attribute name="heapSize specified" value="0" />
  <attribute name="Current GC Util" value="27" />
  <attribute name= "Current Time Running" value="30838" />
  <attribute name ="GC Interval" value="0" />
  <attribute name="ProportionalT" value="10.500000" />
  <attribute name="ProportionalI" value="10.500000" />
  <attribute name="ProportionalH" value="10.500000" />
  <attribute name="Current Error" value="7.000000" />
  <attribute name="IntegralT" value="7.000000" />
  <attribute name="IntegralI" value="7.000000" />
  <attribute name="IntegralH" value="7.000000" />
  <attribute name="DerivativeT" value="3.500000" />
  <attribute name="DerivativeI" value="3.500000" />
  <attribute name="DerivativeH" value="3.500000" />
  <attribute name="Loop Time for DT" value="1.000000" />
  <attribute name="Output H" value="8388608"/>
  <attribute name="Output I" value="200"/>
  <attribute name="Output T" value="4"/>
  <attribute name="Target GC Util Change" value ="20.000000" />
  <attribute name="Current GC Util Change" value="27.000000"/>
  <attribute name="GC Util currently" value="27" />
  <attribute name="CPU Util currently" value="6879673618543" />
<exclusive-end id="193" timestamp="2019-06-16T01:24:18.888" durationms="5.131" />

<exclusive-start id="194" timestamp="2019-06-16T01:24:21.837" intervalms="2953.383">
  <response-info timems="0.121" idlems="0.117" threads="1" lastid="000000000160E000" lastname="node-12" />
</exclusive-start>
<allocation-taxation id="195" taxation-threshold="4194304" timestamp="2019-06-16T01:24:21.837" intervalms="2953.462" />
<gc-start id="196" type="global mark phase" contextid="171" timestamp="2019-06-16T01:24:21.837">
  <mem-info id="197" free="4194304" total="19922944" percent="21">
    <remembered-set count="6400" freebytes="769664" totalbytes="795264" percent="96" regionsoverflowed="0" regionsstable="0" regionsrebuilding="1"/>
  </mem-info>
</gc-start>
<gc-op id="198" type="mark increment" timems="1.557" contextid="171" timestamp="2019-06-16T01:24:21.839">
  <trace-info objectcount="5202" scancount="5158" scanbytes="122928" />
  <cardclean-info objects="1668" bytes="56344" />
  <finalization candidates="13" enqueued="0" />
  <references type="soft" candidates="66" cleared="0" enqueued="0" dynamicThreshold="13" maxThreshold="32" />
  <references type="weak" candidates="143" cleared="0" enqueued="0" />
  <references type="phantom" candidates="57" cleared="0" enqueued="0" />
  <stringconstants candidates="3838" cleared="0"  />
</gc-op>
<gc-op id="199" type="classunload" timems="0.002" contextid="171" timestamp="2019-06-16T01:24:21.839">
  <classunload-info classloadercandidates="6" classloadersunloaded="0" classesunloaded="0" anonymousclassesunloaded="0" quiescems="0.000" setupms="0.002" scanms="0.000" postms="0.000" />
</gc-op>
<gc-end id="200" type="global mark phase" contextid="171" durationms="2.092" usertimems="4.000" systemtimems="0.000" timestamp="2019-06-16T01:24:21.839" activeThreads="4">
  <mem-info id="201" free="4194304" total="19922944" percent="21">
    <remembered-set count="6912" freebytes="767616" totalbytes="795264" percent="96" regionsoverflowed="0" regionsstable="0" regionsrebuilding="0"/>
  </mem-info>
</gc-end>
<cycle-end id="202" type="global mark phase" contextid="171" timestamp="2019-06-16T01:24:21.839" />
  <attribute name="elasticGC enabled" value="1" />
  <attribute name= "numThreadsSpecified" value="4" />
  <attribute name="heapSize specified" value="0" />
  <attribute name="Current GC Util" value="16" />
  <attribute name= "Current Time Running" value="33790" />
  <attribute name ="GC Interval" value="0" />
  <attribute name="ProportionalT" value="-6.000000" />
  <attribute name="ProportionalI" value="-6.000000" />
  <attribute name="ProportionalH" value="-6.000000" />
  <attribute name="Current Error" value="-4.000000" />
  <attribute name="IntegralT" value="0.000000" />
  <attribute name="IntegralI" value="0.000000" />
  <attribute name="IntegralH" value="0.000000" />
  <attribute name="DerivativeT" value="-inf" />
  <attribute name="DerivativeI" value="-inf" />
  <attribute name="DerivativeH" value="-inf" />
  <attribute name="Loop Time for DT" value="0.000000" />
  <attribute name="Output H" value="2091843584"/>
  <attribute name="Output I" value="200"/>
  <attribute name="Output T" value="4"/>
  <attribute name="Target GC Util Change" value ="20.000000" />
  <attribute name="Current GC Util Change" value="16.000000"/>
  <attribute name="GC Util currently" value="16" />
  <attribute name="CPU Util currently" value="10674383704336" />
<exclusive-end id="203" timestamp="2019-06-16T01:24:21.839" durationms="2.757" />

<exclusive-start id="204" timestamp="2019-06-16T01:24:25.044" intervalms="3206.848">
  <response-info timems="0.056" idlems="0.056" threads="0" lastid="0000000001633700" lastname="node-8" />
</exclusive-start>
<allocation-taxation id="205" taxation-threshold="4194304" timestamp="2019-06-16T01:24:25.044" intervalms="3206.784" />
<cycle-start id="206" type="partial gc" contextid="0" timestamp="2019-06-16T01:24:25.044" intervalms="6160.413" />
<gc-start id="207" type="partial gc" contextid="206" timestamp="2019-06-16T01:24:25.044">
  <mem-info id="208" free="0" total="19922944" percent="0">
    <mem type="eden" free="0" total="8388608" percent="0" />
    <remembered-set count="5440" freebytes="773504" totalbytes="795264" percent="97" regionsoverflowed="0" regionsstable="1" regionsrebuilding="0"/>
  </mem-info>
</gc-start>
<allocation-stats totalBytes="8384232" >
  <allocated-bytes non-tlh="0" tlh="8384232" arrayletleaf="0"/>
  <largest-consumer threadName="node-1" threadId="000000000163EB00" bytes="221160" />
</allocation-stats>
<gc-op id="209" type="sweep" timems="0.598" contextid="206" timestamp="2019-06-16T01:24:25.045" />
<gc-op id="210" type="copy forward" timems="1.574" contextid="206" timestamp="2019-06-16T01:24:25.047">
  <memory-copied type="eden" objects="3343" bytes="82240" bytesdiscarded="0" />
  <memory-copied type="other" objects="5014" bytes="120336" bytesdiscarded="0" />
  <memory-cardclean objects="1600" bytes="54168" />
  <regions eden="4" other="5" />
  <remembered-set-cleared processed="4272" cleared="466" durationms="0.128" />
  <stringconstants candidates="3838" cleared="0"  />
</gc-op>
<gc-op id="211" type="classunload" timems="0.001" contextid="206" timestamp="2019-06-16T01:24:25.047">
  <classunload-info classloadercandidates="6" classloadersunloaded="0" classesunloaded="0" anonymousclassesunloaded="0" quiescems="0.000" setupms="0.001" scanms="0.000" postms="0.000" />
</gc-op>
<gc-end id="212" type="partial gc" contextid="206" durationms="3.447" usertimems="0.000" systemtimems="0.000" timestamp="2019-06-16T01:24:25.048" activeThreads="1">
  <mem-info id="213" free="9437184" total="19922944" percent="47">
    <mem type="eden" free="906576" total="1048576" percent="86" />
    <remembered-set count="5760" freebytes="772224" totalbytes="795264" percent="97" regionsoverflowed="0" regionsstable="1" regionsrebuilding="0"/>
  </mem-info>
</gc-end>
<cycle-end id="214" type="partial gc" contextid="206" timestamp="2019-06-16T01:24:25.048" />
  <attribute name="elasticGC enabled" value="1" />
  <attribute name= "numThreadsSpecified" value="1" />
  <attribute name="heapSize specified" value="0" />
  <attribute name="Current GC Util" value="46" />
  <attribute name= "Current Time Running" value="36997" />
  <attribute name ="GC Interval" value="0" />
  <attribute name="ProportionalT" value="39.000000" />
  <attribute name="ProportionalI" value="39.000000" />
  <attribute name="ProportionalH" value="39.000000" />
  <attribute name="Current Error" value="26.000000" />
  <attribute name="IntegralT" value="0.000000" />
  <attribute name="IntegralI" value="0.000000" />
  <attribute name="IntegralH" value="0.000000" />
  <attribute name="DerivativeT" value="inf" />
  <attribute name="DerivativeI" value="inf" />
  <attribute name="DerivativeH" value="inf" />
  <attribute name="Loop Time for DT" value="0.000000" />
  <attribute name="Output H" value="8388608"/>
  <attribute name="Output I" value="200"/>
  <attribute name="Output T" value="1"/>
  <attribute name="Target GC Util Change" value ="20.000000" />
  <attribute name="Current GC Util Change" value="46.000000"/>
  <attribute name="GC Util currently" value="46" />
  <attribute name="CPU Util currently" value="17992540370377" />
<exclusive-end id="215" timestamp="2019-06-16T01:24:25.048" durationms="4.466" />

<exclusive-start id="216" timestamp="2019-06-16T01:24:27.839" intervalms="2795.276">
  <response-info timems="0.033" idlems="0.033" threads="0" lastid="0000000001602C00" lastname="node-24" />
</exclusive-start>
<allocation-taxation id="217" taxation-threshold="4194304" timestamp="2019-06-16T01:24:27.839" intervalms="2795.271" />
<cycle-start id="218" type="global mark phase" contextid="0" timestamp="2019-06-16T01:24:27.839" intervalms="11885.783" />
<gc-start id="219" type="global mark phase" contextid="218" timestamp="2019-06-16T01:24:27.839">
  <mem-info id="220" free="5242880" total="19922944" percent="26">
    <remembered-set count="5312" freebytes="774016" totalbytes="795264" percent="97" regionsoverflowed="0" regionsstable="1" regionsrebuilding="0"/>
  </mem-info>
</gc-start>
<gc-op id="221" type="mark increment" timems="0.486" contextid="218" timestamp="2019-06-16T01:24:27.840">
  <trace-info objectcount="334" scancount="0" scanbytes="0" />
</gc-op>
<gc-end id="222" type="global mark phase" contextid="218" durationms="0.588" usertimems="0.000" systemtimems="0.000" timestamp="2019-06-16T01:24:27.840" activeThreads="1">
  <mem-info id="223" free="5242880" total="19922944" percent="26">
    <remembered-set count="5312" freebytes="774016" totalbytes="795264" percent="97" regionsoverflowed="0" regionsstable="0" regionsrebuilding="1"/>
  </mem-info>
</gc-end>
<concurrent-start id="224" type="GMP work packet processing" contextid="218" timestamp="2019-06-16T01:24:27.840">
  <concurrent-mark-start scanTarget="18446744073709551615" />
</concurrent-start>
<exclusive-end id="225" timestamp="2019-06-16T01:24:27.840" durationms="0.981" />

<concurrent-end id="226" type="GMP work packet processing" contextid="218" timestamp="2019-06-16T01:24:27.843">
  <concurrent-mark-end bytesScanned="5312848" reasonForTermination="Completed all work in GC phase" />
</concurrent-end>

<exclusive-start id="227" timestamp="2019-06-16T01:24:30.813" intervalms="2973.891">
  <response-info timems="0.034" idlems="0.034" threads="0" lastid="000000000163EB00" lastname="node-1" />
</exclusive-start>
<allocation-taxation id="228" taxation-threshold="4194304" timestamp="2019-06-16T01:24:30.813" intervalms="2973.888" />
<cycle-start id="229" type="partial gc" contextid="0" timestamp="2019-06-16T01:24:30.813" intervalms="5769.147" />
<gc-start id="230" type="partial gc" contextid="229" timestamp="2019-06-16T01:24:30.813">
  <mem-info id="231" free="1048576" total="19922944" percent="5">
    <mem type="eden" free="0" total="8388608" percent="0" />
    <remembered-set count="6592" freebytes="768896" totalbytes="795264" percent="96" regionsoverflowed="0" regionsstable="0" regionsrebuilding="1"/>
  </mem-info>
</gc-start>
<allocation-stats totalBytes="8383808" >
  <allocated-bytes non-tlh="0" tlh="8383808" arrayletleaf="0"/>
  <largest-consumer threadName="node-8" threadId="0000000001633700" bytes="237304" />
</allocation-stats>
<gc-op id="232" type="copy forward" timems="2.367" contextid="229" timestamp="2019-06-16T01:24:30.816">
  <memory-copied type="eden" objects="5616" bytes="135184" bytesdiscarded="38280" />
  <memory-copied type="other" objects="5686" bytes="136464" bytesdiscarded="1832" />
  <memory-cardclean objects="1682" bytes="56408" />
  <regions eden="8" other="1" />
  <remembered-set-cleared processed="5144" cleared="471" durationms="0.083" />
  <stringconstants candidates="3838" cleared="0"  />
  <heap-resize type="expand" space="default" amount="2097152" count="2" timems="0.231" reason="continue current collection" />
</gc-op>
<gc-op id="233" type="classunload" timems="0.001" contextid="229" timestamp="2019-06-16T01:24:30.816">
  <classunload-info classloadercandidates="6" classloadersunloaded="0" classesunloaded="0" anonymousclassesunloaded="0" quiescems="0.000" setupms="0.001" scanms="0.000" postms="0.000" />
</gc-op>
<gc-op id="234" type="compact" timems="0.845" contextid="229" timestamp="2019-06-16T01:24:30.817">
  <compact-info movecount="0" movebytes="0" />
  <remembered-set-cleared processed="10409" cleared="471" durationms="0.083" />
</gc-op>
<gc-end id="235" type="partial gc" contextid="229" durationms="4.481" usertimems="8.000" systemtimems="0.000" timestamp="2019-06-16T01:24:30.818" activeThreads="4">
  <mem-info id="236" free="9437184" total="22020096" percent="42">
    <mem type="eden" free="1923688" total="2097152" percent="91" />
    <remembered-set count="6496" freebytes="852992" totalbytes="878976" percent="97" regionsoverflowed="0" regionsstable="0" regionsrebuilding="1"/>
  </mem-info>
</gc-end>
<cycle-end id="237" type="partial gc" contextid="229" timestamp="2019-06-16T01:24:30.818" />
  <attribute name="elasticGC enabled" value="1" />
  <attribute name= "numThreadsSpecified" value="4" />
  <attribute name="heapSize specified" value="0" />
  <attribute name="Current GC Util" value="82" />
  <attribute name= "Current Time Running" value="42768" />
  <attribute name ="GC Interval" value="0" />
  <attribute name="ProportionalT" value="93.000000" />
  <attribute name="ProportionalI" value="93.000000" />
  <attribute name="ProportionalH" value="93.000000" />
  <attribute name="Current Error" value="62.000000" />
  <attribute name="IntegralT" value="124.000000" />
  <attribute name="IntegralI" value="124.000000" />
  <attribute name="IntegralH" value="124.000000" />
  <attribute name="DerivativeT" value="7.000000" />
  <attribute name="DerivativeI" value="7.000000" />
  <attribute name="DerivativeH" value="7.000000" />
  <attribute name="Loop Time for DT" value="2.000000" />
  <attribute name="Output H" value="8388608"/>
  <attribute name="Output I" value="224"/>
  <attribute name="Output T" value="4"/>
  <attribute name="Target GC Util Change" value ="20.000000" />
  <attribute name="Current GC Util Change" value="82.000000"/>
  <attribute name="GC Util currently" value="82" />
  <attribute name="CPU Util currently" value="1657615184538" />
<exclusive-end id="238" timestamp="2019-06-16T01:24:30.818" durationms="5.449" />

<exclusive-start id="239" timestamp="2019-06-16T01:24:34.054" intervalms="3241.824">
  <response-info timems="0.039" idlems="0.034" threads="1" lastid="0000000001642700" lastname="node-14" />
</exclusive-start>
<allocation-taxation id="240" taxation-threshold="4194304" timestamp="2019-06-16T01:24:34.055" intervalms="3241.809" />
<gc-start id="241" type="global mark phase" contextid="218" timestamp="2019-06-16T01:24:34.055">
  <mem-info id="242" free="5242880" total="22020096" percent="23">
    <remembered-set count="6496" freebytes="852992" totalbytes="878976" percent="97" regionsoverflowed="0" regionsstable="0" regionsrebuilding="1"/>
  </mem-info>
</gc-start>
<gc-op id="243" type="mark increment" timems="1.517" contextid="218" timestamp="2019-06-16T01:24:34.056">
  <trace-info objectcount="5013" scancount="4968" scanbytes="118376" />
  <cardclean-info objects="1661" bytes="56776" />
  <finalization candidates="13" enqueued="0" />
  <references type="soft" candidates="66" cleared="0" enqueued="0" dynamicThreshold="13" maxThreshold="32" />
  <references type="weak" candidates="143" cleared="0" enqueued="0" />
  <references type="phantom" candidates="57" cleared="0" enqueued="0" />
  <stringconstants candidates="3838" cleared="0"  />
</gc-op>
<gc-op id="244" type="classunload" timems="0.001" contextid="218" timestamp="2019-06-16T01:24:34.056">
  <classunload-info classloadercandidates="6" classloadersunloaded="0" classesunloaded="0" anonymousclassesunloaded="0" quiescems="0.000" setupms="0.001" scanms="0.000" postms="0.000" />
</gc-op>
<gc-end id="245" type="global mark phase" contextid="218" durationms="1.766" usertimems="0.000" systemtimems="4.000" timestamp="2019-06-16T01:24:34.057" activeThreads="4">
  <mem-info id="246" free="5242880" total="22020096" percent="23">
    <remembered-set count="7008" freebytes="850944" totalbytes="878976" percent="96" regionsoverflowed="0" regionsstable="0" regionsrebuilding="0"/>
  </mem-info>
</gc-end>
<cycle-end id="247" type="global mark phase" contextid="218" timestamp="2019-06-16T01:24:34.057" />
  <attribute name="elasticGC enabled" value="1" />
  <attribute name= "numThreadsSpecified" value="4" />
  <attribute name="heapSize specified" value="0" />
  <attribute name="Current GC Util" value="0" />
  <attribute name= "Current Time Running" value="46007" />
  <attribute name ="GC Interval" value="0" />
  <attribute name="ProportionalT" value="-30.000000" />
  <attribute name="ProportionalI" value="-30.000000" />
  <attribute name="ProportionalH" value="-30.000000" />
  <attribute name="Current Error" value="-20.000000" />
  <attribute name="IntegralT" value="0.000000" />
  <attribute name="IntegralI" value="0.000000" />
  <attribute name="IntegralH" value="0.000000" />
  <attribute name="DerivativeT" value="-inf" />
  <attribute name="DerivativeI" value="-inf" />
  <attribute name="DerivativeH" value="-inf" />
  <attribute name="Loop Time for DT" value="0.000000" />
  <attribute name="Output H" value="2091843584"/>
  <attribute name="Output I" value="200"/>
  <attribute name="Output T" value="4"/>
  <attribute name="Target GC Util Change" value ="20.000000" />
  <attribute name="Current GC Util Change" value="0.000000"/>
  <attribute name="GC Util currently" value="0" />
  <attribute name="CPU Util currently" value="13885267169448" />
<exclusive-end id="248" timestamp="2019-06-16T01:24:34.057" durationms="2.409" />

<exclusive-start id="249" timestamp="2019-06-16T01:24:36.940" intervalms="2885.721">
  <response-info timems="0.387" idlems="0.202" threads="1" lastid="000000000163EB00" lastname="node-1" />
</exclusive-start>
<allocation-taxation id="250" taxation-threshold="4194304" timestamp="2019-06-16T01:24:36.940" intervalms="2885.737" />
<cycle-start id="251" type="partial gc" contextid="0" timestamp="2019-06-16T01:24:36.941" intervalms="6127.551" />
<gc-start id="252" type="partial gc" contextid="251" timestamp="2019-06-16T01:24:36.941">
  <mem-info id="253" free="1048576" total="22020096" percent="4">
    <mem type="eden" free="0" total="8388608" percent="0" />
    <remembered-set count="5568" freebytes="856704" totalbytes="878976" percent="97" regionsoverflowed="0" regionsstable="1" regionsrebuilding="0"/>
  </mem-info>
</gc-start>
<allocation-stats totalBytes="8381056" >
  <allocated-bytes non-tlh="0" tlh="8381056" arrayletleaf="0"/>
  <largest-consumer threadName="node-8" threadId="0000000001633700" bytes="204784" />
</allocation-stats>
<gc-op id="254" type="sweep" timems="0.502" contextid="251" timestamp="2019-06-16T01:24:36.942" />
<gc-op id="255" type="copy forward" timems="1.392" contextid="251" timestamp="2019-06-16T01:24:36.943">
  <memory-copied type="eden" objects="2838" bytes="70976" bytesdiscarded="0" />
  <memory-copied type="other" objects="4841" bytes="116184" bytesdiscarded="0" />
  <memory-cardclean objects="1606" bytes="54712" />
  <regions eden="4" other="5" />
  <remembered-set-cleared processed="4284" cleared="469" durationms="0.091" />
  <stringconstants candidates="3838" cleared="0"  />
</gc-op>
<gc-op id="256" type="classunload" timems="0.001" contextid="251" timestamp="2019-06-16T01:24:36.944">
  <classunload-info classloadercandidates="6" classloadersunloaded="0" classesunloaded="0" anonymousclassesunloaded="0" quiescems="0.000" setupms="0.001" scanms="0.000" postms="0.000" />
</gc-op>
<gc-end id="257" type="partial gc" contextid="251" durationms="3.110" usertimems="4.000" systemtimems="0.000" timestamp="2019-06-16T01:24:36.944" activeThreads="1">
  <mem-info id="258" free="11534336" total="22020096" percent="52">
    <mem type="eden" free="927608" total="1048576" percent="88" />
    <remembered-set count="5792" freebytes="855808" totalbytes="878976" percent="97" regionsoverflowed="0" regionsstable="1" regionsrebuilding="0"/>
  </mem-info>
</gc-end>
<cycle-end id="259" type="partial gc" contextid="251" timestamp="2019-06-16T01:24:36.944" />
  <attribute name="elasticGC enabled" value="1" />
  <attribute name= "numThreadsSpecified" value="1" />
  <attribute name="heapSize specified" value="0" />
  <attribute name="Current GC Util" value="45" />
  <attribute name= "Current Time Running" value="48894" />
  <attribute name ="GC Interval" value="0" />
  <attribute name="ProportionalT" value="37.500000" />
  <attribute name="ProportionalI" value="37.500000" />
  <attribute name="ProportionalH" value="37.500000" />
  <attribute name="Current Error" value="25.000000" />
  <attribute name="IntegralT" value="0.000000" />
  <attribute name="IntegralI" value="0.000000" />
  <attribute name="IntegralH" value="0.000000" />
  <attribute name="DerivativeT" value="inf" />
  <attribute name="DerivativeI" value="inf" />
  <attribute name="DerivativeH" value="inf" />
  <attribute name="Loop Time for DT" value="0.000000" />
  <attribute name="Output H" value="8388608"/>
  <attribute name="Output I" value="200"/>
  <attribute name="Output T" value="1"/>
  <attribute name="Target GC Util Change" value ="20.000000" />
  <attribute name="Current GC Util Change" value="45.000000"/>
  <attribute name="GC Util currently" value="45" />
  <attribute name="CPU Util currently" value="20260460479722" />
<exclusive-end id="260" timestamp="2019-06-16T01:24:36.944" durationms="4.022" />

<exclusive-start id="261" timestamp="2019-06-16T01:24:40.560" intervalms="3619.616">
  <response-info timems="0.037" idlems="0.037" threads="0" lastid="0000000001615800" lastname="node-6" />
</exclusive-start>
<allocation-taxation id="262" taxation-threshold="5242880" timestamp="2019-06-16T01:24:40.560" intervalms="3619.606" />
<cycle-start id="263" type="global mark phase" contextid="0" timestamp="2019-06-16T01:24:40.560" intervalms="12721.051" />
<gc-start id="264" type="global mark phase" contextid="263" timestamp="2019-06-16T01:24:40.560">
  <mem-info id="265" free="6291456" total="22020096" percent="28">
    <remembered-set count="5344" freebytes="857600" totalbytes="878976" percent="97" regionsoverflowed="0" regionsstable="1" regionsrebuilding="0"/>
  </mem-info>
</gc-start>
<gc-op id="266" type="mark increment" timems="0.520" contextid="263" timestamp="2019-06-16T01:24:40.561">
  <trace-info objectcount="375" scancount="0" scanbytes="0" />
</gc-op>
<gc-end id="267" type="global mark phase" contextid="263" durationms="0.642" usertimems="0.000" systemtimems="0.000" timestamp="2019-06-16T01:24:40.561" activeThreads="1">
  <mem-info id="268" free="6291456" total="22020096" percent="28">
    <remembered-set count="5344" freebytes="857600" totalbytes="878976" percent="97" regionsoverflowed="0" regionsstable="0" regionsrebuilding="1"/>
  </mem-info>
</gc-end>
<concurrent-start id="269" type="GMP work packet processing" contextid="263" timestamp="2019-06-16T01:24:40.561">
  <concurrent-mark-start scanTarget="18446744073709551615" />
</concurrent-start>
<exclusive-end id="270" timestamp="2019-06-16T01:24:40.561" durationms="1.091" />

<concurrent-end id="271" type="GMP work packet processing" contextid="263" timestamp="2019-06-16T01:24:40.564">
  <concurrent-mark-end bytesScanned="5308840" reasonForTermination="Completed all work in GC phase" />
</concurrent-end>

<exclusive-start id="272" timestamp="2019-06-16T01:24:43.865" intervalms="3305.158">
  <response-info timems="0.055" idlems="0.055" threads="0" lastid="0000000001642700" lastname="node-14" />
</exclusive-start>
<allocation-taxation id="273" taxation-threshold="5242880" timestamp="2019-06-16T01:24:43.865" intervalms="3305.220" />
<cycle-start id="274" type="partial gc" contextid="0" timestamp="2019-06-16T01:24:43.865" intervalms="6924.787" />
<gc-start id="275" type="partial gc" contextid="274" timestamp="2019-06-16T01:24:43.866">
  <mem-info id="276" free="1048576" total="22020096" percent="4">
    <mem type="eden" free="0" total="10485760" percent="0" />
    <remembered-set count="6720" freebytes="852096" totalbytes="878976" percent="96" regionsoverflowed="0" regionsstable="0" regionsrebuilding="1"/>
  </mem-info>
</gc-start>
<allocation-stats totalBytes="10476616" >
  <allocated-bytes non-tlh="0" tlh="10476616" arrayletleaf="0"/>
  <largest-consumer threadName="node-7" threadId="0000000001628300" bytes="253936" />
</allocation-stats>
<gc-op id="277" type="copy forward" timems="2.130" contextid="274" timestamp="2019-06-16T01:24:43.868">
  <memory-copied type="eden" objects="6500" bytes="164400" bytesdiscarded="0" />
  <memory-copied type="other" objects="4774" bytes="114576" bytesdiscarded="0" />
  <memory-cardclean objects="1696" bytes="57344" />
  <regions eden="10" other="1" />
  <remembered-set-cleared processed="5143" cleared="460" durationms="0.105" />
  <stringconstants candidates="3838" cleared="0"  />
  <heap-resize type="expand" space="default" amount="1048576" count="1" timems="0.120" reason="continue current collection" />
</gc-op>
<gc-op id="278" type="classunload" timems="0.002" contextid="274" timestamp="2019-06-16T01:24:43.869">
  <classunload-info classloadercandidates="6" classloadersunloaded="0" classesunloaded="0" anonymousclassesunloaded="0" quiescems="0.000" setupms="0.002" scanms="0.000" postms="0.000" />
</gc-op>
<gc-end id="279" type="partial gc" contextid="274" durationms="3.150" usertimems="4.000" systemtimems="0.000" timestamp="2019-06-16T01:24:43.869" activeThreads="1">
  <mem-info id="280" free="11534336" total="23068672" percent="50">
    <mem type="eden" free="884176" total="1048576" percent="84" />
    <remembered-set count="7232" freebytes="891904" totalbytes="920832" percent="96" regionsoverflowed="0" regionsstable="0" regionsrebuilding="1"/>
  </mem-info>
</gc-end>
<cycle-end id="281" type="partial gc" contextid="274" timestamp="2019-06-16T01:24:43.869" />
  <attribute name="elasticGC enabled" value="1" />
  <attribute name= "numThreadsSpecified" value="1" />
  <attribute name="heapSize specified" value="0" />
  <attribute name="Current GC Util" value="53" />
  <attribute name= "Current Time Running" value="55818" />
  <attribute name ="GC Interval" value="0" />
  <attribute name="ProportionalT" value="49.500000" />
  <attribute name="ProportionalI" value="49.500000" />
  <attribute name="ProportionalH" value="49.500000" />
  <attribute name="Current Error" value="33.000000" />
  <attribute name="IntegralT" value="0.000000" />
  <attribute name="IntegralI" value="0.000000" />
  <attribute name="IntegralH" value="0.000000" />
  <attribute name="DerivativeT" value="inf" />
  <attribute name="DerivativeI" value="inf" />
  <attribute name="DerivativeH" value="inf" />
  <attribute name="Loop Time for DT" value="0.000000" />
  <attribute name="Output H" value="8388608"/>
  <attribute name="Output I" value="200"/>
  <attribute name="Output T" value="1"/>
  <attribute name="Target GC Util Change" value ="20.000000" />
  <attribute name="Current GC Util Change" value="53.000000"/>
  <attribute name="GC Util currently" value="53" />
  <attribute name="CPU Util currently" value="21451498330840" />
<exclusive-end id="282" timestamp="2019-06-16T01:24:43.869" durationms="4.319" />

<exclusive-start id="283" timestamp="2019-06-16T01:24:47.735" intervalms="3869.629">
  <response-info timems="0.060" idlems="0.034" threads="1" lastid="0000000001606800" lastname="node-25" />
</exclusive-start>
<allocation-taxation id="284" taxation-threshold="5242880" timestamp="2019-06-16T01:24:47.735" intervalms="3869.622" />
<gc-start id="285" type="global mark phase" contextid="263" timestamp="2019-06-16T01:24:47.735">
  <mem-info id="286" free="6291456" total="23068672" percent="27">
    <remembered-set count="6880" freebytes="893312" totalbytes="920832" percent="97" regionsoverflowed="0" regionsstable="0" regionsrebuilding="1"/>
  </mem-info>
</gc-start>
<gc-op id="287" type="mark increment" timems="1.526" contextid="263" timestamp="2019-06-16T01:24:47.737">
  <trace-info objectcount="6307" scancount="6281" scanbytes="149912" />
  <cardclean-info objects="1682" bytes="56728" />
  <finalization candidates="13" enqueued="0" />
  <references type="soft" candidates="66" cleared="0" enqueued="0" dynamicThreshold="16" maxThreshold="32" />
  <references type="weak" candidates="143" cleared="0" enqueued="0" />
  <references type="phantom" candidates="57" cleared="0" enqueued="0" />
  <stringconstants candidates="3838" cleared="0"  />
</gc-op>
<gc-op id="288" type="classunload" timems="0.002" contextid="263" timestamp="2019-06-16T01:24:47.737">
  <classunload-info classloadercandidates="6" classloadersunloaded="0" classesunloaded="0" anonymousclassesunloaded="0" quiescems="0.000" setupms="0.002" scanms="0.000" postms="0.000" />
</gc-op>
<gc-end id="289" type="global mark phase" contextid="263" durationms="1.852" usertimems="0.000" systemtimems="0.000" timestamp="2019-06-16T01:24:47.737" activeThreads="4">
  <mem-info id="290" free="6291456" total="23068672" percent="27">
    <remembered-set count="6880" freebytes="893312" totalbytes="920832" percent="97" regionsoverflowed="0" regionsstable="0" regionsrebuilding="0"/>
  </mem-info>
</gc-end>
<cycle-end id="291" type="global mark phase" contextid="263" timestamp="2019-06-16T01:24:47.737" />
  <attribute name="elasticGC enabled" value="1" />
  <attribute name= "numThreadsSpecified" value="4" />
  <attribute name="heapSize specified" value="0" />
  <attribute name="Current GC Util" value="0" />
  <attribute name= "Current Time Running" value="59688" />
  <attribute name ="GC Interval" value="0" />
  <attribute name="ProportionalT" value="-30.000000" />
  <attribute name="ProportionalI" value="-30.000000" />
  <attribute name="ProportionalH" value="-30.000000" />
  <attribute name="Current Error" value="-20.000000" />
  <attribute name="IntegralT" value="-20.000000" />
  <attribute name="IntegralI" value="-20.000000" />
  <attribute name="IntegralH" value="-20.000000" />
  <attribute name="DerivativeT" value="-71.000000" />
  <attribute name="DerivativeI" value="-71.000000" />
  <attribute name="DerivativeH" value="-71.000000" />
  <attribute name="Loop Time for DT" value="1.000000" />
  <attribute name="Output H" value="2091843584"/>
  <attribute name="Output I" value="200"/>
  <attribute name="Output T" value="4"/>
  <attribute name="Target GC Util Change" value ="20.000000" />
  <attribute name="Current GC Util Change" value="0.000000"/>
  <attribute name="GC Util currently" value="0" />
  <attribute name="CPU Util currently" value="11817139642562" />
<exclusive-end id="292" timestamp="2019-06-16T01:24:47.737" durationms="2.480" />

<exclusive-start id="293" timestamp="2019-06-16T01:24:51.399" intervalms="3663.938">
  <response-info timems="0.047" idlems="0.047" threads="0" lastid="0000000001602C00" lastname="node-24" />
</exclusive-start>
<allocation-taxation id="294" taxation-threshold="5242880" timestamp="2019-06-16T01:24:51.399" intervalms="3663.886" />
<cycle-start id="295" type="partial gc" contextid="0" timestamp="2019-06-16T01:24:51.399" intervalms="7533.469" />
<gc-start id="296" type="partial gc" contextid="295" timestamp="2019-06-16T01:24:51.399">
  <mem-info id="297" free="1048576" total="23068672" percent="4">
    <mem type="eden" free="0" total="10485760" percent="0" />
    <remembered-set count="5888" freebytes="897280" totalbytes="920832" percent="97" regionsoverflowed="0" regionsstable="1" regionsrebuilding="0"/>
  </mem-info>
</gc-start>
<allocation-stats totalBytes="10480032" >
  <allocated-bytes non-tlh="0" tlh="10480032" arrayletleaf="0"/>
  <largest-consumer threadName="node-12" threadId="000000000160E000" bytes="253944" />
</allocation-stats>
<gc-op id="298" type="sweep" timems="0.553" contextid="295" timestamp="2019-06-16T01:24:51.400" />
<gc-op id="299" type="copy forward" timems="1.731" contextid="295" timestamp="2019-06-16T01:24:51.402">
  <memory-copied type="eden" objects="3454" bytes="87024" bytesdiscarded="0" />
  <memory-copied type="other" objects="6139" bytes="147336" bytesdiscarded="0" />
  <memory-cardclean objects="1604" bytes="54048" />
  <regions eden="5" other="6" />
  <remembered-set-cleared processed="4287" cleared="467" durationms="0.102" />
  <stringconstants candidates="3838" cleared="0"  />
</gc-op>
<gc-op id="300" type="classunload" timems="0.001" contextid="295" timestamp="2019-06-16T01:24:51.402">
  <classunload-info classloadercandidates="6" classloadersunloaded="0" classesunloaded="0" anonymousclassesunloaded="0" quiescems="0.000" setupms="0.001" scanms="0.000" postms="0.000" />
</gc-op>
<gc-end id="301" type="partial gc" contextid="295" durationms="3.707" usertimems="4.000" systemtimems="0.000" timestamp="2019-06-16T01:24:51.403" activeThreads="1">
  <mem-info id="302" free="12582912" total="23068672" percent="54">
    <mem type="eden" free="876808" total="1048576" percent="83" />
    <remembered-set count="6272" freebytes="895744" totalbytes="920832" percent="97" regionsoverflowed="0" regionsstable="1" regionsrebuilding="0"/>
  </mem-info>
</gc-end>
<cycle-end id="303" type="partial gc" contextid="295" timestamp="2019-06-16T01:24:51.403" />
  <attribute name="elasticGC enabled" value="1" />
  <attribute name= "numThreadsSpecified" value="1" />
  <attribute name="heapSize specified" value="0" />
  <attribute name="Current GC Util" value="42" />
  <attribute name= "Current Time Running" value="63352" />
  <attribute name ="GC Interval" value="0" />
  <attribute name="ProportionalT" value="33.000000" />
  <attribute name="ProportionalI" value="33.000000" />
  <attribute name="ProportionalH" value="33.000000" />
  <attribute name="Current Error" value="22.000000" />
  <attribute name="IntegralT" value="0.000000" />
  <attribute name="IntegralI" value="0.000000" />
  <attribute name="IntegralH" value="0.000000" />
  <attribute name="DerivativeT" value="inf" />
  <attribute name="DerivativeI" value="inf" />
  <attribute name="DerivativeH" value="inf" />
  <attribute name="Loop Time for DT" value="0.000000" />
  <attribute name="Output H" value="8388608"/>
  <attribute name="Output I" value="200"/>
  <attribute name="Output T" value="1"/>
  <attribute name="Target GC Util Change" value ="20.000000" />
  <attribute name="Current GC Util Change" value="42.000000"/>
  <attribute name="GC Util currently" value="42" />
  <attribute name="CPU Util currently" value="18820750000034" />
<exclusive-end id="304" timestamp="2019-06-16T01:24:51.403" durationms="4.605" />

<exclusive-start id="305" timestamp="2019-06-16T01:24:55.792" intervalms="4393.855">
  <response-info timems="0.064" idlems="0.064" threads="0" lastid="0000000001611C00" lastname="node-0" />
</exclusive-start>
<allocation-taxation id="306" taxation-threshold="6291456" timestamp="2019-06-16T01:24:55.793" intervalms="4393.896" />
<cycle-start id="307" type="global mark phase" contextid="0" timestamp="2019-06-16T01:24:55.793" intervalms="15232.668" />
<gc-start id="308" type="global mark phase" contextid="307" timestamp="2019-06-16T01:24:55.793">
  <mem-info id="309" free="6291456" total="23068672" percent="27">
    <remembered-set count="5824" freebytes="897536" totalbytes="920832" percent="97" regionsoverflowed="0" regionsstable="1" regionsrebuilding="0"/>
  </mem-info>
</gc-start>
<gc-op id="310" type="mark increment" timems="0.526" contextid="307" timestamp="2019-06-16T01:24:55.793">
  <trace-info objectcount="338" scancount="0" scanbytes="0" />
</gc-op>
<gc-end id="311" type="global mark phase" contextid="307" durationms="0.810" usertimems="0.000" systemtimems="0.000" timestamp="2019-06-16T01:24:55.794" activeThreads="1">
  <mem-info id="312" free="6291456" total="23068672" percent="27">
    <remembered-set count="5824" freebytes="897536" totalbytes="920832" percent="97" regionsoverflowed="0" regionsstable="0" regionsrebuilding="1"/>
  </mem-info>
</gc-end>
<concurrent-start id="313" type="GMP work packet processing" contextid="307" timestamp="2019-06-16T01:24:55.794">
  <concurrent-mark-start scanTarget="18446744073709551615" />
</concurrent-start>
<exclusive-end id="314" timestamp="2019-06-16T01:24:55.794" durationms="1.493" />

<concurrent-end id="315" type="GMP work packet processing" contextid="307" timestamp="2019-06-16T01:24:55.797">
  <concurrent-mark-end bytesScanned="5304408" reasonForTermination="Completed all work in GC phase" />
</concurrent-end>

<exclusive-start id="316" timestamp="2019-06-16T01:25:00.420" intervalms="4627.875">
  <response-info timems="0.040" idlems="0.040" threads="0" lastid="0000000001628300" lastname="node-7" />
</exclusive-start>
<allocation-taxation id="317" taxation-threshold="6291456" timestamp="2019-06-16T01:25:00.420" intervalms="4627.848" />
<cycle-start id="318" type="partial gc" contextid="0" timestamp="2019-06-16T01:25:00.420" intervalms="9021.666" />
<gc-start id="319" type="partial gc" contextid="318" timestamp="2019-06-16T01:25:00.421">
  <mem-info id="320" free="0" total="23068672" percent="0">
    <mem type="eden" free="0" total="12582912" percent="0" />
    <remembered-set count="6592" freebytes="894464" totalbytes="920832" percent="97" regionsoverflowed="0" regionsstable="0" regionsrebuilding="1"/>
  </mem-info>
</gc-start>
<allocation-stats totalBytes="12575616" >
  <allocated-bytes non-tlh="0" tlh="12575616" arrayletleaf="0"/>
  <largest-consumer threadName="node-21" threadId="00000000015F3D00" bytes="311272" />
</allocation-stats>
<gc-op id="321" type="mark" timems="1.732" contextid="318" timestamp="2019-06-16T01:25:00.423">
  <trace-info objectcount="14856" scancount="14833" scanbytes="355128" />
  <cardclean-info objects="1773" bytes="59792" />
  <remembered-set-cleared processed="5148" cleared="481" durationms="0.110" />
  <stringconstants candidates="3838" cleared="0"  />
  <warning details="Mark invoked due to insufficient free space for Copy-Forward" />
</gc-op>
<gc-op id="322" type="classunload" timems="0.001" contextid="318" timestamp="2019-06-16T01:25:00.423">
  <classunload-info classloadercandidates="6" classloadersunloaded="0" classesunloaded="0" anonymousclassesunloaded="0" quiescems="0.000" setupms="0.001" scanms="0.000" postms="0.000" />
</gc-op>
<gc-op id="323" type="sweep" timems="0.528" contextid="318" timestamp="2019-06-16T01:25:00.424" />
<gc-op id="324" type="compact" timems="1.831" contextid="318" timestamp="2019-06-16T01:25:00.426">
  <compact-info movecount="14855" movebytes="358232" />
  <remembered-set-cleared processed="10458" cleared="1078" durationms="0.110" />
</gc-op>
<gc-end id="325" type="partial gc" contextid="318" durationms="5.452" usertimems="8.000" systemtimems="0.000" timestamp="2019-06-16T01:25:00.426" activeThreads="4">
  <mem-info id="326" free="11534336" total="23068672" percent="50">
    <mem type="eden" free="854336" total="1048576" percent="81" />
    <remembered-set count="7296" freebytes="891648" totalbytes="920832" percent="96" regionsoverflowed="0" regionsstable="0" regionsrebuilding="1"/>
  </mem-info>
</gc-end>
<cycle-end id="327" type="partial gc" contextid="318" timestamp="2019-06-16T01:25:00.426" />
  <attribute name="elasticGC enabled" value="1" />
  <attribute name= "numThreadsSpecified" value="4" />
  <attribute name="heapSize specified" value="0" />
  <attribute name="Current GC Util" value="35" />
  <attribute name= "Current Time Running" value="72376" />
  <attribute name ="GC Interval" value="0" />
  <attribute name="ProportionalT" value="22.500000" />
  <attribute name="ProportionalI" value="22.500000" />
  <attribute name="ProportionalH" value="22.500000" />
  <attribute name="Current Error" value="15.000000" />
  <attribute name="IntegralT" value="15.000000" />
  <attribute name="IntegralI" value="15.000000" />
  <attribute name="IntegralH" value="15.000000" />
  <attribute name="DerivativeT" value="7.500000" />
  <attribute name="DerivativeI" value="7.500000" />
  <attribute name="DerivativeH" value="7.500000" />
  <attribute name="Loop Time for DT" value="1.000000" />
  <attribute name="Output H" value="8388608"/>
  <attribute name="Output I" value="200"/>
  <attribute name="Output T" value="4"/>
  <attribute name="Target GC Util Change" value ="20.000000" />
  <attribute name="Current GC Util Change" value="35.000000"/>
  <attribute name="GC Util currently" value="35" />
  <attribute name="CPU Util currently" value="5539982021151" />
<exclusive-end id="328" timestamp="2019-06-16T01:25:00.427" durationms="6.308" />

<exclusive-start id="329" timestamp="2019-06-16T01:25:03.716" intervalms="3295.246">
  <response-info timems="0.048" idlems="0.047" threads="1" lastid="000000000162FB00" lastname="node-5" />
</exclusive-start>
<allocation-taxation id="330" taxation-threshold="5242880" timestamp="2019-06-16T01:25:03.716" intervalms="3295.369" />
<gc-start id="331" type="global mark phase" contextid="307" timestamp="2019-06-16T01:25:03.716">
  <mem-info id="332" free="6291456" total="23068672" percent="27">
    <remembered-set count="6912" freebytes="893184" totalbytes="920832" percent="96" regionsoverflowed="0" regionsstable="0" regionsrebuilding="1"/>
  </mem-info>
</gc-start>
<gc-op id="333" type="mark increment" timems="1.755" contextid="307" timestamp="2019-06-16T01:25:03.718">
  <trace-info objectcount="8179" scancount="8140" scanbytes="194488" />
  <cardclean-info objects="1672" bytes="55652" />
  <finalization candidates="13" enqueued="0" />
  <references type="soft" candidates="66" cleared="0" enqueued="0" dynamicThreshold="16" maxThreshold="32" />
  <references type="weak" candidates="143" cleared="0" enqueued="0" />
  <references type="phantom" candidates="57" cleared="0" enqueued="0" />
  <stringconstants candidates="3838" cleared="0"  />
</gc-op>
<gc-op id="334" type="classunload" timems="0.002" contextid="307" timestamp="2019-06-16T01:25:03.718">
  <classunload-info classloadercandidates="6" classloadersunloaded="0" classesunloaded="0" anonymousclassesunloaded="0" quiescems="0.000" setupms="0.002" scanms="0.000" postms="0.000" />
</gc-op>
<gc-end id="335" type="global mark phase" contextid="307" durationms="2.065" usertimems="0.000" systemtimems="4.000" timestamp="2019-06-16T01:25:03.718" activeThreads="4">
  <mem-info id="336" free="6291456" total="23068672" percent="27">
    <remembered-set count="7936" freebytes="889088" totalbytes="920832" percent="96" regionsoverflowed="0" regionsstable="0" regionsrebuilding="0"/>
  </mem-info>
</gc-end>
<cycle-end id="337" type="global mark phase" contextid="307" timestamp="2019-06-16T01:25:03.718" />
  <attribute name="elasticGC enabled" value="1" />
  <attribute name= "numThreadsSpecified" value="4" />
  <attribute name="heapSize specified" value="0" />
  <attribute name="Current GC Util" value="0" />
  <attribute name= "Current Time Running" value="75669" />
  <attribute name ="GC Interval" value="0" />
  <attribute name="ProportionalT" value="-30.000000" />
  <attribute name="ProportionalI" value="-30.000000" />
  <attribute name="ProportionalH" value="-30.000000" />
  <attribute name="Current Error" value="-20.000000" />
  <attribute name="IntegralT" value="-20.000000" />
  <attribute name="IntegralI" value="-20.000000" />
  <attribute name="IntegralH" value="-20.000000" />
  <attribute name="DerivativeT" value="-59.500000" />
  <attribute name="DerivativeI" value="-59.500000" />
  <attribute name="DerivativeH" value="-59.500000" />
  <attribute name="Loop Time for DT" value="1.000000" />
  <attribute name="Output H" value="2091843584"/>
  <attribute name="Output I" value="200"/>
  <attribute name="Output T" value="4"/>
  <attribute name="Target GC Util Change" value ="20.000000" />
  <attribute name="Current GC Util Change" value="0.000000"/>
  <attribute name="GC Util currently" value="0" />
  <attribute name="CPU Util currently" value="9433609447236" />
<exclusive-end id="338" timestamp="2019-06-16T01:25:03.718" durationms="2.907" />

<exclusive-start id="339" timestamp="2019-06-16T01:25:07.184" intervalms="3468.132">
  <response-info timems="0.046" idlems="0.046" threads="0" lastid="0000000001606800" lastname="node-25" />
</exclusive-start>
<allocation-taxation id="340" taxation-threshold="5242880" timestamp="2019-06-16T01:25:07.184" intervalms="3467.996" />
<cycle-start id="341" type="partial gc" contextid="0" timestamp="2019-06-16T01:25:07.184" intervalms="6763.360" />
<gc-start id="342" type="partial gc" contextid="341" timestamp="2019-06-16T01:25:07.184">
  <mem-info id="343" free="1048576" total="23068672" percent="4">
    <mem type="eden" free="0" total="10485760" percent="0" />
    <remembered-set count="7456" freebytes="891008" totalbytes="920832" percent="96" regionsoverflowed="0" regionsstable="0" regionsrebuilding="0"/>
  </mem-info>
</gc-start>
<allocation-stats totalBytes="10477832" >
  <allocated-bytes non-tlh="0" tlh="10477832" arrayletleaf="0"/>
  <largest-consumer threadName="node-7" threadId="0000000001628300" bytes="270328" />
</allocation-stats>
<gc-op id="344" type="sweep" timems="0.417" contextid="341" timestamp="2019-06-16T01:25:07.185" />
<gc-op id="345" type="copy forward" timems="1.731" contextid="341" timestamp="2019-06-16T01:25:07.187">
  <memory-copied type="eden" objects="3541" bytes="87848" bytesdiscarded="0" />
  <memory-copied type="other" objects="8003" bytes="192072" bytesdiscarded="0" />
  <memory-cardclean objects="1684" bytes="56616" />
  <regions eden="5" other="6" />
  <remembered-set-cleared processed="5271" cleared="617" durationms="0.096" />
  <stringconstants candidates="3838" cleared="0"  />
</gc-op>
<gc-op id="346" type="classunload" timems="0.002" contextid="341" timestamp="2019-06-16T01:25:07.187">
  <classunload-info classloadercandidates="6" classloadersunloaded="0" classesunloaded="0" anonymousclassesunloaded="0" quiescems="0.000" setupms="0.001" scanms="0.000" postms="0.000" />
</gc-op>
<gc-end id="347" type="partial gc" contextid="341" durationms="3.205" usertimems="0.000" systemtimems="0.000" timestamp="2019-06-16T01:25:07.187" activeThreads="1">
  <mem-info id="348" free="12582912" total="23068672" percent="54">
    <mem type="eden" free="869120" total="1048576" percent="82" />
    <remembered-set count="7552" freebytes="890624" totalbytes="920832" percent="96" regionsoverflowed="0" regionsstable="0" regionsrebuilding="0"/>
  </mem-info>
</gc-end>
<cycle-end id="349" type="partial gc" contextid="341" timestamp="2019-06-16T01:25:07.187" />
  <attribute name="elasticGC enabled" value="1" />
  <attribute name= "numThreadsSpecified" value="1" />
  <attribute name="heapSize specified" value="0" />
  <attribute name="Current GC Util" value="59" />
  <attribute name= "Current Time Running" value="79137" />
  <attribute name ="GC Interval" value="0" />
  <attribute name="ProportionalT" value="58.500000" />
  <attribute name="ProportionalI" value="58.500000" />
  <attribute name="ProportionalH" value="58.500000" />
  <attribute name="Current Error" value="39.000000" />
  <attribute name="IntegralT" value="0.000000" />
  <attribute name="IntegralI" value="0.000000" />
  <attribute name="IntegralH" value="0.000000" />
  <attribute name="DerivativeT" value="inf" />
  <attribute name="DerivativeI" value="inf" />
  <attribute name="DerivativeH" value="inf" />
  <attribute name="Loop Time for DT" value="0.000000" />
  <attribute name="Output H" value="8388608"/>
  <attribute name="Output I" value="200"/>
  <attribute name="Output T" value="1"/>
  <attribute name="Target GC Util Change" value ="20.000000" />
  <attribute name="Current GC Util Change" value="59.000000"/>
  <attribute name="GC Util currently" value="59" />
  <attribute name="CPU Util currently" value="30084322818418" />
<exclusive-end id="350" timestamp="2019-06-16T01:25:07.188" durationms="3.969" />

<exclusive-start id="351" timestamp="2019-06-16T01:25:11.418" intervalms="4234.303">
  <response-info timems="0.153" idlems="0.081" threads="1" lastid="0000000001633700" lastname="node-8" />
</exclusive-start>
<allocation-taxation id="352" taxation-threshold="6291456" timestamp="2019-06-16T01:25:11.418" intervalms="4234.337" />
<cycle-start id="353" type="global mark phase" contextid="0" timestamp="2019-06-16T01:25:11.418" intervalms="15625.671" />
<gc-start id="354" type="global mark phase" contextid="353" timestamp="2019-06-16T01:25:11.418">
  <mem-info id="355" free="6291456" total="23068672" percent="27">
    <remembered-set count="7168" freebytes="892160" totalbytes="920832" percent="96" regionsoverflowed="0" regionsstable="0" regionsrebuilding="0"/>
  </mem-info>
</gc-start>
<gc-op id="356" type="mark increment" timems="0.569" contextid="353" timestamp="2019-06-16T01:25:11.419">
  <trace-info objectcount="395" scancount="0" scanbytes="0" />
</gc-op>
<gc-end id="357" type="global mark phase" contextid="353" durationms="0.807" usertimems="0.000" systemtimems="0.000" timestamp="2019-06-16T01:25:11.419" activeThreads="4">
  <mem-info id="358" free="6291456" total="23068672" percent="27">
    <remembered-set count="7168" freebytes="892160" totalbytes="920832" percent="96" regionsoverflowed="0" regionsstable="0" regionsrebuilding="0"/>
  </mem-info>
</gc-end>
<concurrent-start id="359" type="GMP work packet processing" contextid="353" timestamp="2019-06-16T01:25:11.419">
  <concurrent-mark-start scanTarget="18446744073709551615" />
</concurrent-start>
<concurrent-end id="360" type="GMP work packet processing" contextid="353" timestamp="2019-06-16T01:25:11.427">
  <concurrent-mark-end bytesScanned="5298444" reasonForTermination="Completed all work in GC phase" />
</concurrent-end>

<exclusive-end id="361" timestamp="2019-06-16T01:25:11.428" durationms="9.588" />

<exclusive-start id="362" timestamp="2019-06-16T01:25:16.033" intervalms="4614.631">
  <response-info timems="0.036" idlems="0.036" threads="0" lastid="0000000001602C00" lastname="node-24" />
</exclusive-start>
<allocation-taxation id="363" taxation-threshold="6291456" timestamp="2019-06-16T01:25:16.033" intervalms="4614.613" />
<cycle-start id="364" type="partial gc" contextid="0" timestamp="2019-06-16T01:25:16.033" intervalms="8848.951" />
<gc-start id="365" type="partial gc" contextid="364" timestamp="2019-06-16T01:25:16.033">
  <mem-info id="366" free="0" total="23068672" percent="0">
    <mem type="eden" free="0" total="12582912" percent="0" />
    <remembered-set count="7168" freebytes="892160" totalbytes="920832" percent="96" regionsoverflowed="0" regionsstable="0" regionsrebuilding="0"/>
  </mem-info>
</gc-start>
<allocation-stats totalBytes="12575208" >
  <allocated-bytes non-tlh="0" tlh="12575208" arrayletleaf="0"/>
  <largest-consumer threadName="node-12" threadId="000000000160E000" bytes="298776" />
</allocation-stats>
<gc-op id="367" type="mark" timems="1.622" contextid="364" timestamp="2019-06-16T01:25:16.035">
  <trace-info objectcount="15639" scancount="15613" scanbytes="373840" />
  <cardclean-info objects="1705" bytes="57160" />
  <remembered-set-cleared processed="5130" cleared="427" durationms="0.101" />
  <stringconstants candidates="3838" cleared="0"  />
  <warning details="Mark invoked due to insufficient free space for Copy-Forward" />
</gc-op>
<gc-op id="368" type="classunload" timems="0.001" contextid="364" timestamp="2019-06-16T01:25:16.035">
  <classunload-info classloadercandidates="6" classloadersunloaded="0" classesunloaded="0" anonymousclassesunloaded="0" quiescems="0.000" setupms="0.001" scanms="0.000" postms="0.000" />
</gc-op>
<gc-op id="369" type="sweep" timems="0.567" contextid="364" timestamp="2019-06-16T01:25:16.036" />
<gc-op id="370" type="compact" timems="1.619" contextid="364" timestamp="2019-06-16T01:25:16.038">
  <compact-info movecount="15638" movebytes="377616" />
  <remembered-set-cleared processed="10461" cleared="938" durationms="0.101" />
</gc-op>
<gc-end id="371" type="partial gc" contextid="364" durationms="5.008" usertimems="4.000" systemtimems="0.000" timestamp="2019-06-16T01:25:16.038" activeThreads="4">
  <mem-info id="372" free="11534336" total="23068672" percent="50">
    <mem type="eden" free="844024" total="1048576" percent="80" />
    <remembered-set count="7424" freebytes="891136" totalbytes="920832" percent="96" regionsoverflowed="0" regionsstable="0" regionsrebuilding="0"/>
  </mem-info>
</gc-end>
<cycle-end id="373" type="partial gc" contextid="364" timestamp="2019-06-16T01:25:16.038" />
  <attribute name="elasticGC enabled" value="1" />
  <attribute name= "numThreadsSpecified" value="4" />
  <attribute name="heapSize specified" value="0" />
  <attribute name="Current GC Util" value="38" />
  <attribute name= "Current Time Running" value="87988" />
  <attribute name ="GC Interval" value="0" />
  <attribute name="ProportionalT" value="27.000000" />
  <attribute name="ProportionalI" value="27.000000" />
  <attribute name="ProportionalH" value="27.000000" />
  <attribute name="Current Error" value="18.000000" />
  <attribute name="IntegralT" value="18.000000" />
  <attribute name="IntegralI" value="18.000000" />
  <attribute name="IntegralH" value="18.000000" />
  <attribute name="DerivativeT" value="9.000000" />
  <attribute name="DerivativeI" value="9.000000" />
  <attribute name="DerivativeH" value="9.000000" />
  <attribute name="Loop Time for DT" value="1.000000" />
  <attribute name="Output H" value="8388608"/>
  <attribute name="Output I" value="200"/>
  <attribute name="Output T" value="4"/>
  <attribute name="Target GC Util Change" value ="20.000000" />
  <attribute name="Current GC Util Change" value="38.000000"/>
  <attribute name="GC Util currently" value="38" />
  <attribute name="CPU Util currently" value="5700589892211" />
<exclusive-end id="374" timestamp="2019-06-16T01:25:16.038" durationms="5.795" />

<exclusive-start id="375" timestamp="2019-06-16T01:25:19.832" intervalms="3799.177">
  <response-info timems="0.029" idlems="0.029" threads="0" lastid="0000000001642700" lastname="node-14" />
</exclusive-start>
<allocation-taxation id="376" taxation-threshold="5242880" timestamp="2019-06-16T01:25:19.832" intervalms="3799.170" />
<gc-start id="377" type="global mark phase" contextid="353" timestamp="2019-06-16T01:25:19.832">
  <mem-info id="378" free="6291456" total="23068672" percent="27">
    <remembered-set count="7040" freebytes="892672" totalbytes="920832" percent="96" regionsoverflowed="0" regionsstable="0" regionsrebuilding="0"/>
  </mem-info>
</gc-start>
<gc-op id="379" type="mark increment" timems="1.394" contextid="353" timestamp="2019-06-16T01:25:19.834">
  <trace-info objectcount="7045" scancount="7016" scanbytes="167512" />
  <cardclean-info objects="1655" bytes="55664" />
  <finalization candidates="13" enqueued="0" />
  <references type="soft" candidates="66" cleared="20" enqueued="16" dynamicThreshold="16" maxThreshold="32" />
  <references type="weak" candidates="143" cleared="0" enqueued="0" />
  <references type="phantom" candidates="57" cleared="0" enqueued="0" />
  <stringconstants candidates="3838" cleared="0"  />
</gc-op>
<gc-op id="380" type="classunload" timems="0.002" contextid="353" timestamp="2019-06-16T01:25:19.834">
  <classunload-info classloadercandidates="6" classloadersunloaded="0" classesunloaded="0" anonymousclassesunloaded="0" quiescems="0.000" setupms="0.002" scanms="0.000" postms="0.000" />
</gc-op>
<gc-end id="381" type="global mark phase" contextid="353" durationms="1.677" usertimems="0.000" systemtimems="0.000" timestamp="2019-06-16T01:25:19.834" activeThreads="4">
  <mem-info id="382" free="6291456" total="23068672" percent="27">
    <pending-finalizers system="0" default="0" reference="16" classloader="0" />
    <remembered-set count="7040" freebytes="892672" totalbytes="920832" percent="96" regionsoverflowed="0" regionsstable="0" regionsrebuilding="0"/>
  </mem-info>
</gc-end>
<cycle-end id="383" type="global mark phase" contextid="353" timestamp="2019-06-16T01:25:19.834" />
  <attribute name="elasticGC enabled" value="1" />
  <attribute name= "numThreadsSpecified" value="4" />
  <attribute name="heapSize specified" value="0" />
  <attribute name="Current GC Util" value="0" />
  <attribute name= "Current Time Running" value="91785" />
  <attribute name ="GC Interval" value="0" />
  <attribute name="ProportionalT" value="-30.000000" />
  <attribute name="ProportionalI" value="-30.000000" />
  <attribute name="ProportionalH" value="-30.000000" />
  <attribute name="Current Error" value="-20.000000" />
  <attribute name="IntegralT" value="-20.000000" />
  <attribute name="IntegralI" value="-20.000000" />
  <attribute name="IntegralH" value="-20.000000" />
  <attribute name="DerivativeT" value="-70.000000" />
  <attribute name="DerivativeI" value="-70.000000" />
  <attribute name="DerivativeH" value="-70.000000" />
  <attribute name="Loop Time for DT" value="1.000000" />
  <attribute name="Output H" value="2091843584"/>
  <attribute name="Output I" value="200"/>
  <attribute name="Output T" value="4"/>
  <attribute name="Target GC Util Change" value ="20.000000" />
  <attribute name="Current GC Util Change" value="0.000000"/>
  <attribute name="GC Util currently" value="0" />
  <attribute name="CPU Util currently" value="12003815904269" />
<exclusive-end id="384" timestamp="2019-06-16T01:25:19.834" durationms="2.102" />

<exclusive-start id="385" timestamp="2019-06-16T01:25:23.413" intervalms="3581.363">
  <response-info timems="0.034" idlems="0.034" threads="0" lastid="00000000015F7900" lastname="node-23" />
</exclusive-start>
<allocation-taxation id="386" taxation-threshold="5242880" timestamp="2019-06-16T01:25:23.413" intervalms="3581.379" />
<cycle-start id="387" type="partial gc" contextid="0" timestamp="2019-06-16T01:25:23.413" intervalms="7380.702" />
<gc-start id="388" type="partial gc" contextid="387" timestamp="2019-06-16T01:25:23.414">
  <mem-info id="389" free="1048576" total="23068672" percent="4">
    <mem type="eden" free="0" total="10485760" percent="0" />
    <remembered-set count="7040" freebytes="892672" totalbytes="920832" percent="96" regionsoverflowed="0" regionsstable="0" regionsrebuilding="0"/>
  </mem-info>
</gc-start>
<allocation-stats totalBytes="10481704" >
  <allocated-bytes non-tlh="0" tlh="10481704" arrayletleaf="0"/>
  <largest-consumer threadName="node-13" threadId="0000000001649F00" bytes="270328" />
</allocation-stats>
<gc-op id="390" type="sweep" timems="0.475" contextid="387" timestamp="2019-06-16T01:25:23.415" />
<gc-op id="391" type="copy forward" timems="1.959" contextid="387" timestamp="2019-06-16T01:25:23.417">
  <memory-copied type="eden" objects="3184" bytes="78128" bytesdiscarded="21816" />
  <memory-copied type="other" objects="6892" bytes="165408" bytesdiscarded="8" />
  <memory-cardclean objects="1692" bytes="57800" />
  <regions eden="5" other="6" />
  <remembered-set-cleared processed="5263" cleared="602" durationms="0.073" />
  <stringconstants candidates="3838" cleared="0"  />
</gc-op>
<gc-op id="392" type="classunload" timems="0.001" contextid="387" timestamp="2019-06-16T01:25:23.417">
  <classunload-info classloadercandidates="6" classloadersunloaded="0" classesunloaded="0" anonymousclassesunloaded="0" quiescems="0.000" setupms="0.001" scanms="0.000" postms="0.000" />
</gc-op>
<gc-end id="393" type="partial gc" contextid="387" durationms="3.710" usertimems="4.000" systemtimems="0.000" timestamp="2019-06-16T01:25:23.417" activeThreads="4">
  <mem-info id="394" free="12582912" total="23068672" percent="54">
    <mem type="eden" free="883392" total="1048576" percent="84" />
    <remembered-set count="6176" freebytes="896128" totalbytes="920832" percent="97" regionsoverflowed="0" regionsstable="0" regionsrebuilding="0"/>
  </mem-info>
</gc-end>
<cycle-end id="395" type="partial gc" contextid="387" timestamp="2019-06-16T01:25:23.418" />
  <attribute name="elasticGC enabled" value="1" />
  <attribute name= "numThreadsSpecified" value="4" />
  <attribute name="heapSize specified" value="0" />
  <attribute name="Current GC Util" value="38" />
  <attribute name= "Current Time Running" value="95367" />
  <attribute name ="GC Interval" value="0" />
  <attribute name="ProportionalT" value="27.000000" />
  <attribute name="ProportionalI" value="27.000000" />
  <attribute name="ProportionalH" value="27.000000" />
  <attribute name="Current Error" value="18.000000" />
  <attribute name="IntegralT" value="0.000000" />
  <attribute name="IntegralI" value="0.000000" />
  <attribute name="IntegralH" value="0.000000" />
  <attribute name="DerivativeT" value="-inf" />
  <attribute name="DerivativeI" value="-inf" />
  <attribute name="DerivativeH" value="-inf" />
  <attribute name="Loop Time for DT" value="0.000000" />
  <attribute name="Output H" value="2091843584"/>
  <attribute name="Output I" value="200"/>
  <attribute name="Output T" value="4"/>
  <attribute name="Target GC Util Change" value ="20.000000" />
  <attribute name="Current GC Util Change" value="38.000000"/>
  <attribute name="GC Util currently" value="38" />
  <attribute name="CPU Util currently" value="19946307446297" />
<exclusive-end id="396" timestamp="2019-06-16T01:25:23.418" durationms="4.715" />

<exclusive-start id="397" timestamp="2019-06-16T01:25:28.141" intervalms="4728.229">
  <response-info timems="0.039" idlems="0.039" threads="0" lastid="0000000001602C00" lastname="node-24" />
</exclusive-start>
<allocation-taxation id="398" taxation-threshold="6291456" timestamp="2019-06-16T01:25:28.141" intervalms="4728.196" />
<cycle-start id="399" type="global mark phase" contextid="0" timestamp="2019-06-16T01:25:28.142" intervalms="16723.204" />
<gc-start id="400" type="global mark phase" contextid="399" timestamp="2019-06-16T01:25:28.142">
  <mem-info id="401" free="6291456" total="23068672" percent="27">
    <remembered-set count="6176" freebytes="896128" totalbytes="920832" percent="97" regionsoverflowed="0" regionsstable="0" regionsrebuilding="0"/>
  </mem-info>
</gc-start>
<gc-op id="402" type="mark increment" timems="0.560" contextid="399" timestamp="2019-06-16T01:25:28.142">
  <trace-info objectcount="356" scancount="0" scanbytes="0" />
</gc-op>
<gc-end id="403" type="global mark phase" contextid="399" durationms="0.744" usertimems="0.000" systemtimems="0.000" timestamp="2019-06-16T01:25:28.142" activeThreads="1">
  <mem-info id="404" free="6291456" total="23068672" percent="27">
    <remembered-set count="6176" freebytes="896128" totalbytes="920832" percent="97" regionsoverflowed="0" regionsstable="0" regionsrebuilding="0"/>
  </mem-info>
</gc-end>
<concurrent-start id="405" type="GMP work packet processing" contextid="399" timestamp="2019-06-16T01:25:28.142">
  <concurrent-mark-start scanTarget="18446744073709551615" />
</concurrent-start>
<exclusive-end id="406" timestamp="2019-06-16T01:25:28.143" durationms="1.195" />

<concurrent-end id="407" type="GMP work packet processing" contextid="399" timestamp="2019-06-16T01:25:28.150">
  <concurrent-mark-end bytesScanned="5289592" reasonForTermination="Completed all work in GC phase" />
</concurrent-end>

<exclusive-start id="408" timestamp="2019-06-16T01:25:32.506" intervalms="4364.977">
  <response-info timems="0.035" idlems="0.035" threads="0" lastid="0000000001620C00" lastname="node-16" />
</exclusive-start>
<allocation-taxation id="409" taxation-threshold="6291456" timestamp="2019-06-16T01:25:32.506" intervalms="4364.989" />
<cycle-start id="410" type="partial gc" contextid="0" timestamp="2019-06-16T01:25:32.507" intervalms="9093.043" />
<gc-start id="411" type="partial gc" contextid="410" timestamp="2019-06-16T01:25:32.507">
  <mem-info id="412" free="0" total="23068672" percent="0">
    <mem type="eden" free="0" total="12582912" percent="0" />
    <remembered-set count="6176" freebytes="896128" totalbytes="920832" percent="97" regionsoverflowed="0" regionsstable="0" regionsrebuilding="0"/>
  </mem-info>
</gc-start>
<allocation-stats totalBytes="12572840" >
  <allocated-bytes non-tlh="0" tlh="12572840" arrayletleaf="0"/>
  <largest-consumer threadName="node-19" threadId="00000000015F0100" bytes="298944" />
</allocation-stats>
<gc-op id="413" type="mark" timems="1.556" contextid="410" timestamp="2019-06-16T01:25:32.509">
  <trace-info objectcount="13782" scancount="13747" scanbytes="329056" />
  <cardclean-info objects="1745" bytes="58688" />
  <remembered-set-cleared processed="5147" cleared="446" durationms="0.129" />
  <stringconstants candidates="3838" cleared="0"  />
  <warning details="Mark invoked due to insufficient free space for Copy-Forward" />
</gc-op>
<gc-op id="414" type="classunload" timems="0.001" contextid="410" timestamp="2019-06-16T01:25:32.509">
  <classunload-info classloadercandidates="6" classloadersunloaded="0" classesunloaded="0" anonymousclassesunloaded="0" quiescems="0.000" setupms="0.001" scanms="0.000" postms="0.000" />
</gc-op>
<gc-op id="415" type="sweep" timems="0.560" contextid="410" timestamp="2019-06-16T01:25:32.510" />
<gc-op id="416" type="compact" timems="1.675" contextid="410" timestamp="2019-06-16T01:25:32.512">
  <compact-info movecount="13780" movebytes="338296" />
  <remembered-set-cleared processed="10484" cleared="1034" durationms="0.129" />
</gc-op>
<gc-end id="417" type="partial gc" contextid="410" durationms="5.092" usertimems="8.000" systemtimems="0.000" timestamp="2019-06-16T01:25:32.512" activeThreads="4">
  <mem-info id="418" free="11534336" total="23068672" percent="50">
    <mem type="eden" free="848520" total="1048576" percent="80" />
    <remembered-set count="6816" freebytes="893568" totalbytes="920832" percent="97" regionsoverflowed="0" regionsstable="0" regionsrebuilding="0"/>
  </mem-info>
</gc-end>
<cycle-end id="419" type="partial gc" contextid="410" timestamp="2019-06-16T01:25:32.512" />
  <attribute name="elasticGC enabled" value="1" />
  <attribute name= "numThreadsSpecified" value="4" />
  <attribute name="heapSize specified" value="0" />
  <attribute name="Current GC Util" value="36" />
  <attribute name= "Current Time Running" value="104462" />
  <attribute name ="GC Interval" value="0" />
  <attribute name="ProportionalT" value="24.000000" />
  <attribute name="ProportionalI" value="24.000000" />
  <attribute name="ProportionalH" value="24.000000" />
  <attribute name="Current Error" value="16.000000" />
  <attribute name="IntegralT" value="16.000000" />
  <attribute name="IntegralI" value="16.000000" />
  <attribute name="IntegralH" value="16.000000" />
  <attribute name="DerivativeT" value="8.000000" />
  <attribute name="DerivativeI" value="8.000000" />
  <attribute name="DerivativeH" value="8.000000" />
  <attribute name="Loop Time for DT" value="1.000000" />
  <attribute name="Output H" value="8388608"/>
  <attribute name="Output I" value="200"/>
  <attribute name="Output T" value="4"/>
  <attribute name="Target GC Util Change" value ="20.000000" />
  <attribute name="Current GC Util Change" value="36.000000"/>
  <attribute name="GC Util currently" value="36" />
  <attribute name="CPU Util currently" value="5795752440901" />
<exclusive-end id="420" timestamp="2019-06-16T01:25:32.512" durationms="5.971" />

<exclusive-start id="421" timestamp="2019-06-16T01:25:36.401" intervalms="3894.876">
  <response-info timems="0.033" idlems="0.033" threads="0" lastid="0000000001615800" lastname="node-6" />
</exclusive-start>
<allocation-taxation id="422" taxation-threshold="5242880" timestamp="2019-06-16T01:25:36.401" intervalms="3894.931" />
<gc-start id="423" type="global mark phase" contextid="399" timestamp="2019-06-16T01:25:36.402">
  <mem-info id="424" free="6291456" total="23068672" percent="27">
    <remembered-set count="6432" freebytes="895104" totalbytes="920832" percent="97" regionsoverflowed="0" regionsstable="0" regionsrebuilding="0"/>
  </mem-info>
</gc-start>
<gc-op id="425" type="mark increment" timems="1.522" contextid="399" timestamp="2019-06-16T01:25:36.403">
  <trace-info objectcount="6918" scancount="6918" scanbytes="165144" />
  <cardclean-info objects="1692" bytes="57392" />
  <finalization candidates="13" enqueued="0" />
  <references type="soft" candidates="46" cleared="1" enqueued="0" dynamicThreshold="16" maxThreshold="32" />
  <references type="weak" candidates="143" cleared="0" enqueued="0" />
  <references type="phantom" candidates="57" cleared="0" enqueued="0" />
  <stringconstants candidates="3838" cleared="0"  />
</gc-op>
<gc-op id="426" type="classunload" timems="0.002" contextid="399" timestamp="2019-06-16T01:25:36.403">
  <classunload-info classloadercandidates="6" classloadersunloaded="0" classesunloaded="0" anonymousclassesunloaded="0" quiescems="0.000" setupms="0.002" scanms="0.000" postms="0.000" />
</gc-op>
<gc-end id="427" type="global mark phase" contextid="399" durationms="2.059" usertimems="4.000" systemtimems="0.000" timestamp="2019-06-16T01:25:36.404" activeThreads="4">
  <mem-info id="428" free="6291456" total="23068672" percent="27">
    <remembered-set count="6432" freebytes="895104" totalbytes="920832" percent="97" regionsoverflowed="0" regionsstable="0" regionsrebuilding="0"/>
  </mem-info>
</gc-end>
<cycle-end id="429" type="global mark phase" contextid="399" timestamp="2019-06-16T01:25:36.404" />
  <attribute name="elasticGC enabled" value="1" />
  <attribute name= "numThreadsSpecified" value="4" />
  <attribute name="heapSize specified" value="0" />
  <attribute name="Current GC Util" value="0" />
  <attribute name= "Current Time Running" value="108354" />
  <attribute name ="GC Interval" value="0" />
  <attribute name="ProportionalT" value="-30.000000" />
  <attribute name="ProportionalI" value="-30.000000" />
  <attribute name="ProportionalH" value="-30.000000" />
  <attribute name="Current Error" value="-20.000000" />
  <attribute name="IntegralT" value="0.000000" />
  <attribute name="IntegralI" value="0.000000" />
  <attribute name="IntegralH" value="0.000000" />
  <attribute name="DerivativeT" value="-inf" />
  <attribute name="DerivativeI" value="-inf" />
  <attribute name="DerivativeH" value="-inf" />
  <attribute name="Loop Time for DT" value="0.000000" />
  <attribute name="Output H" value="2091843584"/>
  <attribute name="Output I" value="200"/>
  <attribute name="Output T" value="4"/>
  <attribute name="Target GC Util Change" value ="20.000000" />
  <attribute name="Current GC Util Change" value="0.000000"/>
  <attribute name="GC Util currently" value="0" />
  <attribute name="CPU Util currently" value="11085010931449" />
<exclusive-end id="430" timestamp="2019-06-16T01:25:36.404" durationms="2.846" />

<exclusive-start id="431" timestamp="2019-06-16T01:25:39.900" intervalms="3498.697">
  <response-info timems="0.032" idlems="0.032" threads="0" lastid="000000000163EB00" lastname="node-1" />
</exclusive-start>
<allocation-taxation id="432" taxation-threshold="5242880" timestamp="2019-06-16T01:25:39.900" intervalms="3498.627" />
<cycle-start id="433" type="partial gc" contextid="0" timestamp="2019-06-16T01:25:39.900" intervalms="7393.541" />
<gc-start id="434" type="partial gc" contextid="433" timestamp="2019-06-16T01:25:39.900">
  <mem-info id="435" free="1048576" total="23068672" percent="4">
    <mem type="eden" free="0" total="10485760" percent="0" />
    <remembered-set count="6432" freebytes="895104" totalbytes="920832" percent="97" regionsoverflowed="0" regionsstable="0" regionsrebuilding="0"/>
  </mem-info>
</gc-start>
<allocation-stats totalBytes="10477608" >
  <allocated-bytes non-tlh="0" tlh="10477608" arrayletleaf="0"/>
  <largest-consumer threadName="node-7" threadId="0000000001628300" bytes="270320" />
</allocation-stats>
<gc-op id="436" type="sweep" timems="0.484" contextid="433" timestamp="2019-06-16T01:25:39.901" />
<gc-op id="437" type="copy forward" timems="1.670" contextid="433" timestamp="2019-06-16T01:25:39.903">
  <memory-copied type="eden" objects="3903" bytes="96712" bytesdiscarded="0" />
  <memory-copied type="other" objects="6796" bytes="163104" bytesdiscarded="0" />
  <memory-cardclean objects="1638" bytes="54920" />
  <regions eden="5" other="6" />
  <remembered-set-cleared processed="5270" cleared="588" durationms="0.101" />
  <stringconstants candidates="3838" cleared="0"  />
</gc-op>
<gc-op id="438" type="classunload" timems="0.001" contextid="433" timestamp="2019-06-16T01:25:39.903">
  <classunload-info classloadercandidates="6" classloadersunloaded="0" classesunloaded="0" anonymousclassesunloaded="0" quiescems="0.000" setupms="0.001" scanms="0.000" postms="0.000" />
</gc-op>
<gc-end id="439" type="partial gc" contextid="433" durationms="3.199" usertimems="4.000" systemtimems="0.000" timestamp="2019-06-16T01:25:39.903" activeThreads="1">
  <mem-info id="440" free="12582912" total="23068672" percent="54">
    <mem type="eden" free="874800" total="1048576" percent="83" />
    <remembered-set count="6720" freebytes="893952" totalbytes="920832" percent="97" regionsoverflowed="0" regionsstable="0" regionsrebuilding="0"/>
  </mem-info>
</gc-end>
<cycle-end id="441" type="partial gc" contextid="433" timestamp="2019-06-16T01:25:39.904" />
  <attribute name="elasticGC enabled" value="1" />
  <attribute name= "numThreadsSpecified" value="1" />
  <attribute name="heapSize specified" value="0" />
  <attribute name="Current GC Util" value="58" />
  <attribute name= "Current Time Running" value="111853" />
  <attribute name ="GC Interval" value="0" />
  <attribute name="ProportionalT" value="57.000000" />
  <attribute name="ProportionalI" value="57.000000" />
  <attribute name="ProportionalH" value="57.000000" />
  <attribute name="Current Error" value="38.000000" />
  <attribute name="IntegralT" value="0.000000" />
  <attribute name="IntegralI" value="0.000000" />
  <attribute name="IntegralH" value="0.000000" />
  <attribute name="DerivativeT" value="inf" />
  <attribute name="DerivativeI" value="inf" />
  <attribute name="DerivativeH" value="inf" />
  <attribute name="Loop Time for DT" value="0.000000" />
  <attribute name="Output H" value="8388608"/>
  <attribute name="Output I" value="200"/>
  <attribute name="Output T" value="1"/>
  <attribute name="Target GC Util Change" value ="20.000000" />
  <attribute name="Current GC Util Change" value="58.000000"/>
  <attribute name="GC Util currently" value="58" />
  <attribute name="CPU Util currently" value="24834600706185" />
<exclusive-end id="442" timestamp="2019-06-16T01:25:39.904" durationms="3.970" />

<exclusive-start id="443" timestamp="2019-06-16T01:25:43.663" intervalms="3762.781">
  <response-info timems="0.033" idlems="0.033" threads="0" lastid="0000000001620C00" lastname="node-16" />
</exclusive-start>
<allocation-taxation id="444" taxation-threshold="6291456" timestamp="2019-06-16T01:25:43.663" intervalms="3762.796" />
<cycle-start id="445" type="global mark phase" contextid="0" timestamp="2019-06-16T01:25:43.663" intervalms="15521.333" />
<gc-start id="446" type="global mark phase" contextid="445" timestamp="2019-06-16T01:25:43.663">
  <mem-info id="447" free="6291456" total="23068672" percent="27">
    <remembered-set count="6336" freebytes="895488" totalbytes="920832" percent="97" regionsoverflowed="0" regionsstable="0" regionsrebuilding="0"/>
  </mem-info>
</gc-start>
<gc-op id="448" type="mark increment" timems="0.533" contextid="445" timestamp="2019-06-16T01:25:43.664">
  <trace-info objectcount="358" scancount="0" scanbytes="0" />
</gc-op>
<gc-end id="449" type="global mark phase" contextid="445" durationms="0.689" usertimems="4.000" systemtimems="0.000" timestamp="2019-06-16T01:25:43.664" activeThreads="1">
  <mem-info id="450" free="6291456" total="23068672" percent="27">
    <remembered-set count="6336" freebytes="895488" totalbytes="920832" percent="97" regionsoverflowed="0" regionsstable="0" regionsrebuilding="0"/>
  </mem-info>
</gc-end>
<concurrent-start id="451" type="GMP work packet processing" contextid="445" timestamp="2019-06-16T01:25:43.664">
  <concurrent-mark-start scanTarget="18446744073709551615" />
</concurrent-start>
<exclusive-end id="452" timestamp="2019-06-16T01:25:43.664" durationms="1.239" />

<concurrent-end id="453" type="GMP work packet processing" contextid="445" timestamp="2019-06-16T01:25:43.667">
  <concurrent-mark-end bytesScanned="5285192" reasonForTermination="Completed all work in GC phase" />
</concurrent-end>

<exclusive-start id="454" timestamp="2019-06-16T01:25:47.848" intervalms="4185.282">
  <response-info timems="0.037" idlems="0.037" threads="0" lastid="0000000001619400" lastname="node-10" />
</exclusive-start>
<allocation-taxation id="455" taxation-threshold="6291456" timestamp="2019-06-16T01:25:47.848" intervalms="4185.292" />
<cycle-start id="456" type="partial gc" contextid="0" timestamp="2019-06-16T01:25:47.848" intervalms="7948.250" />
<gc-start id="457" type="partial gc" contextid="456" timestamp="2019-06-16T01:25:47.849">
  <mem-info id="458" free="0" total="23068672" percent="0">
    <mem type="eden" free="0" total="12582912" percent="0" />
    <remembered-set count="6336" freebytes="895488" totalbytes="920832" percent="97" regionsoverflowed="0" regionsstable="0" regionsrebuilding="0"/>
  </mem-info>
</gc-start>
<allocation-stats totalBytes="12570000" >
  <allocated-bytes non-tlh="0" tlh="12570000" arrayletleaf="0"/>
  <largest-consumer threadName="node-4" threadId="000000000162BF00" bytes="302096" />
</allocation-stats>
<gc-op id="459" type="mark" timems="1.566" contextid="456" timestamp="2019-06-16T01:25:47.850">
  <trace-info objectcount="15659" scancount="15633" scanbytes="374320" />
  <cardclean-info objects="1752" bytes="59288" />
  <remembered-set-cleared processed="5155" cleared="450" durationms="0.104" />
  <stringconstants candidates="3838" cleared="0"  />
  <warning details="Mark invoked due to insufficient free space for Copy-Forward" />
</gc-op>
<gc-op id="460" type="classunload" timems="0.001" contextid="456" timestamp="2019-06-16T01:25:47.851">
  <classunload-info classloadercandidates="6" classloadersunloaded="0" classesunloaded="0" anonymousclassesunloaded="0" quiescems="0.000" setupms="0.001" scanms="0.000" postms="0.000" />
</gc-op>
<gc-op id="461" type="sweep" timems="0.521" contextid="456" timestamp="2019-06-16T01:25:47.851" />
<gc-op id="462" type="compact" timems="2.544" contextid="456" timestamp="2019-06-16T01:25:47.854">
  <compact-info movecount="15657" movebytes="378632" />
  <remembered-set-cleared processed="10501" cleared="1016" durationms="0.104" />
</gc-op>
<gc-end id="463" type="partial gc" contextid="456" durationms="5.747" usertimems="8.000" systemtimems="0.000" timestamp="2019-06-16T01:25:47.854" activeThreads="1">
  <mem-info id="464" free="11534336" total="23068672" percent="50">
    <mem type="eden" free="837392" total="1048576" percent="79" />
    <remembered-set count="6976" freebytes="892928" totalbytes="920832" percent="96" regionsoverflowed="0" regionsstable="0" regionsrebuilding="0"/>
  </mem-info>
</gc-end>
<cycle-end id="465" type="partial gc" contextid="456" timestamp="2019-06-16T01:25:47.854" />
  <attribute name="elasticGC enabled" value="1" />
  <attribute name= "numThreadsSpecified" value="1" />
  <attribute name="heapSize specified" value="0" />
  <attribute name="Current GC Util" value="35" />
  <attribute name= "Current Time Running" value="119803" />
  <attribute name ="GC Interval" value="0" />
  <attribute name="ProportionalT" value="22.500000" />
  <attribute name="ProportionalI" value="22.500000" />
  <attribute name="ProportionalH" value="22.500000" />
  <attribute name="Current Error" value="15.000000" />
  <attribute name="IntegralT" value="0.000000" />
  <attribute name="IntegralI" value="0.000000" />
  <attribute name="IntegralH" value="0.000000" />
  <attribute name="DerivativeT" value="inf" />
  <attribute name="DerivativeI" value="inf" />
  <attribute name="DerivativeH" value="inf" />
  <attribute name="Loop Time for DT" value="0.000000" />
  <attribute name="Output H" value="8388608"/>
  <attribute name="Output I" value="200"/>
  <attribute name="Output T" value="1"/>
  <attribute name="Target GC Util Change" value ="20.000000" />
  <attribute name="Current GC Util Change" value="35.000000"/>
  <attribute name="GC Util currently" value="35" />
  <attribute name="CPU Util currently" value="6193915544393" />
<exclusive-end id="466" timestamp="2019-06-16T01:25:47.855" durationms="6.645" />

<exclusive-start id="467" timestamp="2019-06-16T01:25:51.055" intervalms="3207.401">
  <response-info timems="0.587" idlems="0.587" threads="0" lastid="0000000001619400" lastname="node-10" />
</exclusive-start>
<allocation-taxation id="468" taxation-threshold="5242880" timestamp="2019-06-16T01:25:51.055" intervalms="3207.389" />
<gc-start id="469" type="global mark phase" contextid="445" timestamp="2019-06-16T01:25:51.056">
  <mem-info id="470" free="6291456" total="23068672" percent="27">
    <remembered-set count="6656" freebytes="894208" totalbytes="920832" percent="97" regionsoverflowed="0" regionsstable="0" regionsrebuilding="0"/>
  </mem-info>
</gc-start>
<gc-op id="471" type="mark increment" timems="1.376" contextid="445" timestamp="2019-06-16T01:25:51.057">
  <trace-info objectcount="7160" scancount="7132" scanbytes="170344" />
  <cardclean-info objects="1691" bytes="57116" />
  <finalization candidates="13" enqueued="0" />
  <references type="soft" candidates="45" cleared="0" enqueued="0" dynamicThreshold="16" maxThreshold="32" />
  <references type="weak" candidates="143" cleared="0" enqueued="0" />
  <references type="phantom" candidates="57" cleared="0" enqueued="0" />
  <stringconstants candidates="3838" cleared="0"  />
</gc-op>
<gc-op id="472" type="classunload" timems="0.002" contextid="445" timestamp="2019-06-16T01:25:51.057">
  <classunload-info classloadercandidates="6" classloadersunloaded="0" classesunloaded="0" anonymousclassesunloaded="0" quiescems="0.000" setupms="0.002" scanms="0.000" postms="0.000" />
</gc-op>
<gc-end id="473" type="global mark phase" contextid="445" durationms="1.684" usertimems="4.000" systemtimems="0.000" timestamp="2019-06-16T01:25:51.057" activeThreads="4">
  <mem-info id="474" free="6291456" total="23068672" percent="27">
    <remembered-set count="6656" freebytes="894208" totalbytes="920832" percent="97" regionsoverflowed="0" regionsstable="0" regionsrebuilding="0"/>
  </mem-info>
</gc-end>
<cycle-end id="475" type="global mark phase" contextid="445" timestamp="2019-06-16T01:25:51.057" />
  <attribute name="elasticGC enabled" value="1" />
  <attribute name= "numThreadsSpecified" value="4" />
  <attribute name="heapSize specified" value="0" />
  <attribute name="Current GC Util" value="0" />
  <attribute name= "Current Time Running" value="123008" />
  <attribute name ="GC Interval" value="0" />
  <attribute name="ProportionalT" value="-30.000000" />
  <attribute name="ProportionalI" value="-30.000000" />
  <attribute name="ProportionalH" value="-30.000000" />
  <attribute name="Current Error" value="-20.000000" />
  <attribute name="IntegralT" value="0.000000" />
  <attribute name="IntegralI" value="0.000000" />
  <attribute name="IntegralH" value="0.000000" />
  <attribute name="DerivativeT" value="-inf" />
  <attribute name="DerivativeI" value="-inf" />
  <attribute name="DerivativeH" value="-inf" />
  <attribute name="Loop Time for DT" value="0.000000" />
  <attribute name="Output H" value="2091843584"/>
  <attribute name="Output I" value="200"/>
  <attribute name="Output T" value="4"/>
  <attribute name="Target GC Util Change" value ="20.000000" />
  <attribute name="Current GC Util Change" value="0.000000"/>
  <attribute name="GC Util currently" value="0" />
  <attribute name="CPU Util currently" value="11041352854960" />
<exclusive-end id="476" timestamp="2019-06-16T01:25:51.058" durationms="2.177" />

<exclusive-start id="477" timestamp="2019-06-16T01:25:54.718" intervalms="3662.885">
  <response-info timems="0.040" idlems="0.040" threads="0" lastid="00000000015F3D00" lastname="node-21" />
</exclusive-start>
<allocation-taxation id="478" taxation-threshold="5242880" timestamp="2019-06-16T01:25:54.718" intervalms="3662.884" />
<cycle-start id="479" type="partial gc" contextid="0" timestamp="2019-06-16T01:25:54.718" intervalms="6870.123" />
<gc-start id="480" type="partial gc" contextid="479" timestamp="2019-06-16T01:25:54.719">
  <mem-info id="481" free="1048576" total="23068672" percent="4">
    <mem type="eden" free="837392" total="11534336" percent="7" />
    <remembered-set count="6656" freebytes="894208" totalbytes="920832" percent="97" regionsoverflowed="0" regionsstable="0" regionsrebuilding="0"/>
  </mem-info>
</gc-start>
<allocation-stats totalBytes="10477176" >
  <allocated-bytes non-tlh="0" tlh="10477176" arrayletleaf="0"/>
  <largest-consumer threadName="node-8" threadId="0000000001633700" bytes="270312" />
</allocation-stats>
<gc-op id="482" type="sweep" timems="0.572" contextid="479" timestamp="2019-06-16T01:25:54.719" />
<gc-op id="483" type="copy forward" timems="1.517" contextid="479" timestamp="2019-06-16T01:25:54.722">
  <memory-copied type="eden" objects="2809" bytes="69832" bytesdiscarded="0" />
  <memory-copied type="other" objects="7008" bytes="168192" bytesdiscarded="0" />
  <memory-cardclean objects="1679" bytes="57776" />
  <regions eden="5" other="6" />
  <remembered-set-cleared processed="5292" cleared="613" durationms="0.105" />
  <stringconstants candidates="3838" cleared="0"  />
</gc-op>
<gc-op id="484" type="classunload" timems="0.002" contextid="479" timestamp="2019-06-16T01:25:54.722">
  <classunload-info classloadercandidates="6" classloadersunloaded="0" classesunloaded="0" anonymousclassesunloaded="0" quiescems="0.000" setupms="0.002" scanms="0.000" postms="0.000" />
</gc-op>
<gc-end id="485" type="partial gc" contextid="479" durationms="3.385" usertimems="4.000" systemtimems="0.000" timestamp="2019-06-16T01:25:54.722" activeThreads="1">
  <mem-info id="486" free="12582912" total="23068672" percent="54">
    <mem type="eden" free="1859128" total="2097152" percent="88" />
    <remembered-set count="6816" freebytes="893568" totalbytes="920832" percent="97" regionsoverflowed="0" regionsstable="0" regionsrebuilding="0"/>
  </mem-info>
</gc-end>
<cycle-end id="487" type="partial gc" contextid="479" timestamp="2019-06-16T01:25:54.722" />
  <attribute name="elasticGC enabled" value="1" />
  <attribute name= "numThreadsSpecified" value="1" />
  <attribute name="heapSize specified" value="0" />
  <attribute name="Current GC Util" value="52" />
  <attribute name= "Current Time Running" value="126672" />
  <attribute name ="GC Interval" value="0" />
  <attribute name="ProportionalT" value="48.000000" />
  <attribute name="ProportionalI" value="48.000000" />
  <attribute name="ProportionalH" value="48.000000" />
  <attribute name="Current Error" value="32.000000" />
  <attribute name="IntegralT" value="0.000000" />
  <attribute name="IntegralI" value="0.000000" />
  <attribute name="IntegralH" value="0.000000" />
  <attribute name="DerivativeT" value="inf" />
  <attribute name="DerivativeI" value="inf" />
  <attribute name="DerivativeH" value="inf" />
  <attribute name="Loop Time for DT" value="0.000000" />
  <attribute name="Output H" value="8388608"/>
  <attribute name="Output I" value="200"/>
  <attribute name="Output T" value="1"/>
  <attribute name="Target GC Util Change" value ="20.000000" />
  <attribute name="Current GC Util Change" value="52.000000"/>
  <attribute name="GC Util currently" value="52" />
  <attribute name="CPU Util currently" value="20136608210122" />
<exclusive-end id="488" timestamp="2019-06-16T01:25:54.723" durationms="4.247" />

<exclusive-start id="489" timestamp="2019-06-16T01:25:59.151" intervalms="4432.279">
  <response-info timems="0.058" idlems="0.058" threads="0" lastid="0000000001606800" lastname="node-25" />
</exclusive-start>
<allocation-taxation id="490" taxation-threshold="6291456" timestamp="2019-06-16T01:25:59.151" intervalms="4432.330" />
<cycle-start id="491" type="global mark phase" contextid="0" timestamp="2019-06-16T01:25:59.151" intervalms="15487.904" />
<gc-start id="492" type="global mark phase" contextid="491" timestamp="2019-06-16T01:25:59.151">
  <mem-info id="493" free="6291456" total="23068672" percent="27">
    <remembered-set count="6432" freebytes="895104" totalbytes="920832" percent="97" regionsoverflowed="0" regionsstable="0" regionsrebuilding="0"/>
  </mem-info>
</gc-start>
<gc-op id="494" type="mark increment" timems="0.500" contextid="491" timestamp="2019-06-16T01:25:59.151">
  <trace-info objectcount="325" scancount="0" scanbytes="0" />
</gc-op>
<gc-end id="495" type="global mark phase" contextid="491" durationms="0.730" usertimems="0.000" systemtimems="0.000" timestamp="2019-06-16T01:25:59.152" activeThreads="1">
  <mem-info id="496" free="6291456" total="23068672" percent="27">
    <remembered-set count="6432" freebytes="895104" totalbytes="920832" percent="97" regionsoverflowed="0" regionsstable="0" regionsrebuilding="0"/>
  </mem-info>
</gc-end>
<concurrent-start id="497" type="GMP work packet processing" contextid="491" timestamp="2019-06-16T01:25:59.152">
  <concurrent-mark-start scanTarget="18446744073709551615" />
</concurrent-start>
<exclusive-end id="498" timestamp="2019-06-16T01:25:59.152" durationms="1.386" />

<concurrent-end id="499" type="GMP work packet processing" contextid="491" timestamp="2019-06-16T01:25:59.155">
  <concurrent-mark-end bytesScanned="5280904" reasonForTermination="Completed all work in GC phase" />
</concurrent-end>

<exclusive-start id="500" timestamp="2019-06-16T01:26:03.716" intervalms="4565.082">
  <response-info timems="0.217" idlems="0.113" threads="1" lastid="0000000001642700" lastname="node-14" />
</exclusive-start>
<allocation-taxation id="501" taxation-threshold="6291456" timestamp="2019-06-16T01:26:03.716" intervalms="4565.046" />
<cycle-start id="502" type="partial gc" contextid="0" timestamp="2019-06-16T01:26:03.716" intervalms="8997.383" />
<gc-start id="503" type="partial gc" contextid="502" timestamp="2019-06-16T01:26:03.716">
  <mem-info id="504" free="0" total="23068672" percent="0">
    <mem type="eden" free="0" total="12582912" percent="0" />
    <remembered-set count="6432" freebytes="895104" totalbytes="920832" percent="97" regionsoverflowed="0" regionsstable="0" regionsrebuilding="0"/>
  </mem-info>
</gc-start>
<allocation-stats totalBytes="12577616" >
  <allocated-bytes non-tlh="0" tlh="12577616" arrayletleaf="0"/>
  <largest-consumer threadName="node-10" threadId="0000000001619400" bytes="294888" />
</allocation-stats>
<gc-op id="505" type="mark" timems="1.584" contextid="502" timestamp="2019-06-16T01:26:03.718">
  <trace-info objectcount="13675" scancount="13647" scanbytes="326712" />
  <cardclean-info objects="1723" bytes="57552" />
  <remembered-set-cleared processed="5156" cleared="428" durationms="0.115" />
  <stringconstants candidates="3838" cleared="0"  />
  <warning details="Mark invoked due to insufficient free space for Copy-Forward" />
</gc-op>
<gc-op id="506" type="classunload" timems="0.001" contextid="502" timestamp="2019-06-16T01:26:03.718">
  <classunload-info classloadercandidates="6" classloadersunloaded="0" classesunloaded="0" anonymousclassesunloaded="0" quiescems="0.000" setupms="0.001" scanms="0.000" postms="0.000" />
</gc-op>
<gc-op id="507" type="sweep" timems="0.453" contextid="502" timestamp="2019-06-16T01:26:03.719" />
<gc-op id="508" type="compact" timems="1.674" contextid="502" timestamp="2019-06-16T01:26:03.721">
  <compact-info movecount="13674" movebytes="332448" />
  <remembered-set-cleared processed="10518" cleared="1018" durationms="0.115" />
</gc-op>
<gc-end id="509" type="partial gc" contextid="502" durationms="5.041" usertimems="8.000" systemtimems="0.000" timestamp="2019-06-16T01:26:03.721" activeThreads="4">
  <mem-info id="510" free="11534336" total="23068672" percent="50">
    <mem type="eden" free="845080" total="1048576" percent="80" />
    <remembered-set count="6848" freebytes="893440" totalbytes="920832" percent="97" regionsoverflowed="0" regionsstable="0" regionsrebuilding="0"/>
  </mem-info>
</gc-end>
<cycle-end id="511" type="partial gc" contextid="502" timestamp="2019-06-16T01:26:03.721" />
  <attribute name="elasticGC enabled" value="1" />
  <attribute name= "numThreadsSpecified" value="4" />
  <attribute name="heapSize specified" value="0" />
  <attribute name="Current GC Util" value="36" />
  <attribute name= "Current Time Running" value="135671" />
  <attribute name ="GC Interval" value="0" />
  <attribute name="ProportionalT" value="24.000000" />
  <attribute name="ProportionalI" value="24.000000" />
  <attribute name="ProportionalH" value="24.000000" />
  <attribute name="Current Error" value="16.000000" />
  <attribute name="IntegralT" value="16.000000" />
  <attribute name="IntegralI" value="16.000000" />
  <attribute name="IntegralH" value="16.000000" />
  <attribute name="DerivativeT" value="8.000000" />
  <attribute name="DerivativeI" value="8.000000" />
  <attribute name="DerivativeH" value="8.000000" />
  <attribute name="Loop Time for DT" value="1.000000" />
  <attribute name="Output H" value="8388608"/>
  <attribute name="Output I" value="200"/>
  <attribute name="Output T" value="4"/>
  <attribute name="Target GC Util Change" value ="20.000000" />
  <attribute name="Current GC Util Change" value="36.000000"/>
  <attribute name="GC Util currently" value="36" />
  <attribute name="CPU Util currently" value="6465309698546" />
<exclusive-end id="512" timestamp="2019-06-16T01:26:03.722" durationms="5.963" />

<exclusive-start id="513" timestamp="2019-06-16T01:26:07.349" intervalms="3633.186">
  <response-info timems="0.033" idlems="0.033" threads="0" lastid="0000000001642700" lastname="node-14" />
</exclusive-start>
<allocation-taxation id="514" taxation-threshold="5242880" timestamp="2019-06-16T01:26:07.349" intervalms="3633.162" />
<gc-start id="515" type="global mark phase" contextid="491" timestamp="2019-06-16T01:26:07.349">
  <mem-info id="516" free="6291456" total="23068672" percent="27">
    <remembered-set count="6400" freebytes="895232" totalbytes="920832" percent="97" regionsoverflowed="0" regionsstable="0" regionsrebuilding="0"/>
  </mem-info>
</gc-start>
<gc-op id="517" type="mark increment" timems="1.512" contextid="491" timestamp="2019-06-16T01:26:07.351">
  <trace-info objectcount="7448" scancount="7422" scanbytes="177248" />
  <cardclean-info objects="1685" bytes="56208" />
  <finalization candidates="13" enqueued="0" />
  <references type="soft" candidates="45" cleared="0" enqueued="0" dynamicThreshold="16" maxThreshold="32" />
  <references type="weak" candidates="143" cleared="0" enqueued="0" />
  <references type="phantom" candidates="57" cleared="0" enqueued="0" />
  <stringconstants candidates="3838" cleared="0"  />
</gc-op>
<gc-op id="518" type="classunload" timems="0.002" contextid="491" timestamp="2019-06-16T01:26:07.351">
  <classunload-info classloadercandidates="6" classloadersunloaded="0" classesunloaded="0" anonymousclassesunloaded="0" quiescems="0.000" setupms="0.002" scanms="0.000" postms="0.000" />
</gc-op>
<gc-end id="519" type="global mark phase" contextid="491" durationms="1.790" usertimems="4.000" systemtimems="0.000" timestamp="2019-06-16T01:26:07.351" activeThreads="4">
  <mem-info id="520" free="6291456" total="23068672" percent="27">
    <remembered-set count="6400" freebytes="895232" totalbytes="920832" percent="97" regionsoverflowed="0" regionsstable="0" regionsrebuilding="0"/>
  </mem-info>
</gc-end>
<cycle-end id="521" type="global mark phase" contextid="491" timestamp="2019-06-16T01:26:07.351" />
  <attribute name="elasticGC enabled" value="1" />
  <attribute name= "numThreadsSpecified" value="4" />
  <attribute name="heapSize specified" value="0" />
  <attribute name="Current GC Util" value="0" />
  <attribute name= "Current Time Running" value="139302" />
  <attribute name ="GC Interval" value="0" />
  <attribute name="ProportionalT" value="-30.000000" />
  <attribute name="ProportionalI" value="-30.000000" />
  <attribute name="ProportionalH" value="-30.000000" />
  <attribute name="Current Error" value="-20.000000" />
  <attribute name="IntegralT" value="-20.000000" />
  <attribute name="IntegralI" value="-20.000000" />
  <attribute name="IntegralH" value="-20.000000" />
  <attribute name="DerivativeT" value="-65.000000" />
  <attribute name="DerivativeI" value="-65.000000" />
  <attribute name="DerivativeH" value="-65.000000" />
  <attribute name="Loop Time for DT" value="1.000000" />
  <attribute name="Output H" value="2091843584"/>
  <attribute name="Output I" value="200"/>
  <attribute name="Output T" value="4"/>
  <attribute name="Target GC Util Change" value ="20.000000" />
  <attribute name="Current GC Util Change" value="0.000000"/>
  <attribute name="GC Util currently" value="0" />
  <attribute name="CPU Util currently" value="10411677613073" />
<exclusive-end id="522" timestamp="2019-06-16T01:26:07.351" durationms="2.248" />

<exclusive-start id="523" timestamp="2019-06-16T01:26:11.232" intervalms="3883.425">
  <response-info timems="0.030" idlems="0.030" threads="0" lastid="00000000015F0100" lastname="node-19" />
</exclusive-start>
<allocation-taxation id="524" taxation-threshold="5242880" timestamp="2019-06-16T01:26:11.232" intervalms="3883.475" />
<cycle-start id="525" type="partial gc" contextid="0" timestamp="2019-06-16T01:26:11.233" intervalms="7516.732" />
<gc-start id="526" type="partial gc" contextid="525" timestamp="2019-06-16T01:26:11.233">
  <mem-info id="527" free="1048576" total="23068672" percent="4">
    <mem type="eden" free="845080" total="11534336" percent="7" />
    <remembered-set count="6400" freebytes="895232" totalbytes="920832" percent="97" regionsoverflowed="0" regionsstable="0" regionsrebuilding="0"/>
  </mem-info>
</gc-start>
<allocation-stats totalBytes="10477792" >
  <allocated-bytes non-tlh="0" tlh="10477792" arrayletleaf="0"/>
  <largest-consumer threadName="node-9" threadId="000000000161D000" bytes="270312" />
</allocation-stats>
<gc-op id="528" type="sweep" timems="0.552" contextid="525" timestamp="2019-06-16T01:26:11.234" />
<gc-op id="529" type="copy forward" timems="1.714" contextid="525" timestamp="2019-06-16T01:26:11.236">
  <memory-copied type="eden" objects="2966" bytes="70264" bytesdiscarded="0" />
  <memory-copied type="other" objects="7302" bytes="175248" bytesdiscarded="0" />
  <memory-cardclean objects="1675" bytes="57224" />
  <regions eden="5" other="6" />
  <remembered-set-cleared processed="5265" cleared="579" durationms="0.109" />
  <stringconstants candidates="3838" cleared="0"  />
</gc-op>
<gc-op id="530" type="classunload" timems="0.002" contextid="525" timestamp="2019-06-16T01:26:11.236">
  <classunload-info classloadercandidates="6" classloadersunloaded="0" classesunloaded="0" anonymousclassesunloaded="0" quiescems="0.000" setupms="0.001" scanms="0.000" postms="0.000" />
</gc-op>
<gc-end id="531" type="partial gc" contextid="525" durationms="3.687" usertimems="0.000" systemtimems="0.000" timestamp="2019-06-16T01:26:11.237" activeThreads="1">
  <mem-info id="532" free="12582912" total="23068672" percent="54">
    <mem type="eden" free="1851640" total="2097152" percent="88" />
    <remembered-set count="6592" freebytes="894464" totalbytes="920832" percent="97" regionsoverflowed="0" regionsstable="0" regionsrebuilding="0"/>
  </mem-info>
</gc-end>
<cycle-end id="533" type="partial gc" contextid="525" timestamp="2019-06-16T01:26:11.237" />
  <attribute name="elasticGC enabled" value="1" />
  <attribute name= "numThreadsSpecified" value="1" />
  <attribute name="heapSize specified" value="0" />
  <attribute name="Current GC Util" value="45" />
  <attribute name= "Current Time Running" value="143186" />
  <attribute name ="GC Interval" value="0" />
  <attribute name="ProportionalT" value="37.500000" />
  <attribute name="ProportionalI" value="37.500000" />
  <attribute name="ProportionalH" value="37.500000" />
  <attribute name="Current Error" value="25.000000" />
  <attribute name="IntegralT" value="0.000000" />
  <attribute name="IntegralI" value="0.000000" />
  <attribute name="IntegralH" value="0.000000" />
  <attribute name="DerivativeT" value="inf" />
  <attribute name="DerivativeI" value="inf" />
  <attribute name="DerivativeH" value="inf" />
  <attribute name="Loop Time for DT" value="0.000000" />
  <attribute name="Output H" value="8388608"/>
  <attribute name="Output I" value="200"/>
  <attribute name="Output T" value="1"/>
  <attribute name="Target GC Util Change" value ="20.000000" />
  <attribute name="Current GC Util Change" value="45.000000"/>
  <attribute name="GC Util currently" value="45" />
  <attribute name="CPU Util currently" value="19703428731748" />
<exclusive-end id="534" timestamp="2019-06-16T01:26:11.237" durationms="4.762" />

<exclusive-start id="535" timestamp="2019-06-16T01:26:15.167" intervalms="3934.487">
  <response-info timems="0.047" idlems="0.047" threads="0" lastid="0000000001619400" lastname="node-10" />
</exclusive-start>
<allocation-taxation id="536" taxation-threshold="6291456" timestamp="2019-06-16T01:26:15.167" intervalms="3934.456" />
<cycle-start id="537" type="global mark phase" contextid="0" timestamp="2019-06-16T01:26:15.167" intervalms="16016.132" />
<gc-start id="538" type="global mark phase" contextid="537" timestamp="2019-06-16T01:26:15.167">
  <mem-info id="539" free="6291456" total="23068672" percent="27">
    <remembered-set count="6208" freebytes="896000" totalbytes="920832" percent="97" regionsoverflowed="0" regionsstable="0" regionsrebuilding="0"/>
  </mem-info>
</gc-start>
<gc-op id="540" type="mark increment" timems="0.626" contextid="537" timestamp="2019-06-16T01:26:15.168">
  <trace-info objectcount="480" scancount="0" scanbytes="0" />
</gc-op>
<gc-end id="541" type="global mark phase" contextid="537" durationms="0.771" usertimems="0.000" systemtimems="0.000" timestamp="2019-06-16T01:26:15.168" activeThreads="1">
  <mem-info id="542" free="6291456" total="23068672" percent="27">
    <remembered-set count="6208" freebytes="896000" totalbytes="920832" percent="97" regionsoverflowed="0" regionsstable="0" regionsrebuilding="0"/>
  </mem-info>
</gc-end>
<concurrent-start id="543" type="GMP work packet processing" contextid="537" timestamp="2019-06-16T01:26:15.168">
  <concurrent-mark-start scanTarget="18446744073709551615" />
</concurrent-start>
<exclusive-end id="544" timestamp="2019-06-16T01:26:15.168" durationms="1.267" />

<concurrent-end id="545" type="GMP work packet processing" contextid="537" timestamp="2019-06-16T01:26:15.171">
  <concurrent-mark-end bytesScanned="5276744" reasonForTermination="Completed all work in GC phase" />
</concurrent-end>

<exclusive-start id="546" timestamp="2019-06-16T01:26:19.832" intervalms="4664.901">
  <response-info timems="0.034" idlems="0.034" threads="0" lastid="000000000161D000" lastname="node-9" />
</exclusive-start>
<allocation-taxation id="547" taxation-threshold="6291456" timestamp="2019-06-16T01:26:19.832" intervalms="4664.883" />
<cycle-start id="548" type="partial gc" contextid="0" timestamp="2019-06-16T01:26:19.832" intervalms="8599.219" />
<gc-start id="549" type="partial gc" contextid="548" timestamp="2019-06-16T01:26:19.832">
  <mem-info id="550" free="0" total="23068672" percent="0">
    <mem type="eden" free="0" total="12582912" percent="0" />
    <remembered-set count="6208" freebytes="896000" totalbytes="920832" percent="97" regionsoverflowed="0" regionsstable="0" regionsrebuilding="0"/>
  </mem-info>
</gc-start>
<allocation-stats totalBytes="12576440" >
  <allocated-bytes non-tlh="0" tlh="12576440" arrayletleaf="0"/>
  <largest-consumer threadName="node-19" threadId="00000000015F0100" bytes="294888" />
</allocation-stats>
<gc-op id="551" type="mark" timems="1.517" contextid="548" timestamp="2019-06-16T01:26:19.834">
  <trace-info objectcount="14273" scancount="14250" scanbytes="341136" />
  <cardclean-info objects="1728" bytes="57688" />
  <remembered-set-cleared processed="5155" cleared="424" durationms="0.103" />
  <stringconstants candidates="3838" cleared="0"  />
  <warning details="Mark invoked due to insufficient free space for Copy-Forward" />
</gc-op>
<gc-op id="552" type="classunload" timems="0.001" contextid="548" timestamp="2019-06-16T01:26:19.834">
  <classunload-info classloadercandidates="6" classloadersunloaded="0" classesunloaded="0" anonymousclassesunloaded="0" quiescems="0.000" setupms="0.001" scanms="0.000" postms="0.000" />
</gc-op>
<gc-op id="553" type="sweep" timems="0.451" contextid="548" timestamp="2019-06-16T01:26:19.835" />
<gc-op id="554" type="compact" timems="1.949" contextid="548" timestamp="2019-06-16T01:26:19.837">
  <compact-info movecount="14273" movebytes="344264" />
  <remembered-set-cleared processed="10523" cleared="1023" durationms="0.103" />
</gc-op>
<gc-end id="555" type="partial gc" contextid="548" durationms="5.359" usertimems="8.000" systemtimems="0.000" timestamp="2019-06-16T01:26:19.837" activeThreads="4">
  <mem-info id="556" free="11534336" total="23068672" percent="50">
    <mem type="eden" free="840320" total="1048576" percent="80" />
    <remembered-set count="7360" freebytes="891392" totalbytes="920832" percent="96" regionsoverflowed="0" regionsstable="0" regionsrebuilding="0"/>
  </mem-info>
</gc-end>
<cycle-end id="557" type="partial gc" contextid="548" timestamp="2019-06-16T01:26:19.838" />
  <attribute name="elasticGC enabled" value="1" />
  <attribute name= "numThreadsSpecified" value="4" />
  <attribute name="heapSize specified" value="0" />
  <attribute name="Current GC Util" value="39" />
  <attribute name= "Current Time Running" value="151787" />
  <attribute name ="GC Interval" value="0" />
  <attribute name="ProportionalT" value="28.500000" />
  <attribute name="ProportionalI" value="28.500000" />
  <attribute name="ProportionalH" value="28.500000" />
  <attribute name="Current Error" value="19.000000" />
  <attribute name="IntegralT" value="19.000000" />
  <attribute name="IntegralI" value="19.000000" />
  <attribute name="IntegralH" value="19.000000" />
  <attribute name="DerivativeT" value="9.500000" />
  <attribute name="DerivativeI" value="9.500000" />
  <attribute name="DerivativeH" value="9.500000" />
  <attribute name="Loop Time for DT" value="1.000000" />
  <attribute name="Output H" value="8388608"/>
  <attribute name="Output I" value="200"/>
  <attribute name="Output T" value="4"/>
  <attribute name="Target GC Util Change" value ="20.000000" />
  <attribute name="Current GC Util Change" value="39.000000"/>
  <attribute name="GC Util currently" value="39" />
  <attribute name="CPU Util currently" value="6349587030596" />
<exclusive-end id="558" timestamp="2019-06-16T01:26:19.838" durationms="6.172" />

<exclusive-start id="559" timestamp="2019-06-16T01:26:23.307" intervalms="3475.225">
  <response-info timems="0.050" idlems="0.050" threads="0" lastid="000000000162BF00" lastname="node-4" />
</exclusive-start>
<allocation-taxation id="560" taxation-threshold="5242880" timestamp="2019-06-16T01:26:23.307" intervalms="3475.235" />
<gc-start id="561" type="global mark phase" contextid="537" timestamp="2019-06-16T01:26:23.307">
  <mem-info id="562" free="6291456" total="23068672" percent="27">
    <remembered-set count="4160" freebytes="904192" totalbytes="920832" percent="98" regionsoverflowed="0" regionsstable="2" regionsrebuilding="0"/>
  </mem-info>
</gc-start>
<gc-op id="563" type="mark increment" timems="1.489" contextid="537" timestamp="2019-06-16T01:26:23.309">
  <trace-info objectcount="6598" scancount="6572" scanbytes="156848" />
  <cardclean-info objects="1699" bytes="57544" />
  <finalization candidates="13" enqueued="0" />
  <references type="soft" candidates="45" cleared="0" enqueued="0" dynamicThreshold="16" maxThreshold="32" />
  <references type="weak" candidates="143" cleared="0" enqueued="0" />
  <references type="phantom" candidates="57" cleared="0" enqueued="0" />
  <stringconstants candidates="3838" cleared="0"  />
</gc-op>
<gc-op id="564" type="classunload" timems="0.002" contextid="537" timestamp="2019-06-16T01:26:23.309">
  <classunload-info classloadercandidates="6" classloadersunloaded="0" classesunloaded="0" anonymousclassesunloaded="0" quiescems="0.000" setupms="0.002" scanms="0.000" postms="0.000" />
</gc-op>
<gc-end id="565" type="global mark phase" contextid="537" durationms="1.716" usertimems="4.000" systemtimems="0.000" timestamp="2019-06-16T01:26:23.309" activeThreads="4">
  <mem-info id="566" free="6291456" total="23068672" percent="27">
    <remembered-set count="4160" freebytes="904192" totalbytes="920832" percent="98" regionsoverflowed="0" regionsstable="2" regionsrebuilding="0"/>
  </mem-info>
</gc-end>
<cycle-end id="567" type="global mark phase" contextid="537" timestamp="2019-06-16T01:26:23.309" />
  <attribute name="elasticGC enabled" value="1" />
  <attribute name= "numThreadsSpecified" value="4" />
  <attribute name="heapSize specified" value="0" />
  <attribute name="Current GC Util" value="0" />
  <attribute name= "Current Time Running" value="155260" />
  <attribute name ="GC Interval" value="0" />
  <attribute name="ProportionalT" value="-30.000000" />
  <attribute name="ProportionalI" value="-30.000000" />
  <attribute name="ProportionalH" value="-30.000000" />
  <attribute name="Current Error" value="-20.000000" />
  <attribute name="IntegralT" value="-20.000000" />
  <attribute name="IntegralI" value="-20.000000" />
  <attribute name="IntegralH" value="-20.000000" />
  <attribute name="DerivativeT" value="-70.500000" />
  <attribute name="DerivativeI" value="-70.500000" />
  <attribute name="DerivativeH" value="-70.500000" />
  <attribute name="Loop Time for DT" value="1.000000" />
  <attribute name="Output H" value="2091843584"/>
  <attribute name="Output I" value="200"/>
  <attribute name="Output T" value="4"/>
  <attribute name="Target GC Util Change" value ="20.000000" />
  <attribute name="Current GC Util Change" value="0.000000"/>
  <attribute name="GC Util currently" value="0" />
  <attribute name="CPU Util currently" value="12323264581743" />
<exclusive-end id="568" timestamp="2019-06-16T01:26:23.309" durationms="2.195" />

<exclusive-start id="569" timestamp="2019-06-16T01:26:26.345" intervalms="3038.063">
  <response-info timems="0.074" idlems="0.037" threads="2" lastid="000000000162BF00" lastname="node-4" />
</exclusive-start>
<allocation-taxation id="570" taxation-threshold="5242880" timestamp="2019-06-16T01:26:26.345" intervalms="3038.181" />
<cycle-start id="571" type="partial gc" contextid="0" timestamp="2019-06-16T01:26:26.345" intervalms="6513.482" />
<gc-start id="572" type="partial gc" contextid="571" timestamp="2019-06-16T01:26:26.345">
  <mem-info id="573" free="1048576" total="23068672" percent="4">
    <mem type="eden" free="0" total="10485760" percent="0" />
    <remembered-set count="4160" freebytes="904192" totalbytes="920832" percent="98" regionsoverflowed="0" regionsstable="2" regionsrebuilding="0"/>
  </mem-info>
</gc-start>
<allocation-stats totalBytes="10479856" >
  <allocated-bytes non-tlh="0" tlh="10479856" arrayletleaf="0"/>
  <largest-consumer threadName="node-8" threadId="0000000001633700" bytes="270280" />
</allocation-stats>
<gc-op id="574" type="sweep" timems="0.432" contextid="571" timestamp="2019-06-16T01:26:26.346" />
<gc-op id="575" type="copy forward" timems="2.202" contextid="571" timestamp="2019-06-16T01:26:26.349">
  <memory-copied type="eden" objects="3744" bytes="92712" bytesdiscarded="10480" />
  <memory-copied type="other" objects="6452" bytes="154848" bytesdiscarded="0" />
  <memory-cardclean objects="1625" bytes="54768" />
  <regions eden="5" other="6" />
  <remembered-set-cleared processed="2576" cleared="479" durationms="0.071" />
  <stringconstants candidates="3838" cleared="0"  />
</gc-op>
<gc-op id="576" type="classunload" timems="0.002" contextid="571" timestamp="2019-06-16T01:26:26.349">
  <classunload-info classloadercandidates="6" classloadersunloaded="0" classesunloaded="0" anonymousclassesunloaded="0" quiescems="0.000" setupms="0.002" scanms="0.000" postms="0.000" />
</gc-op>
<gc-end id="577" type="partial gc" contextid="571" durationms="3.699" usertimems="4.000" systemtimems="0.000" timestamp="2019-06-16T01:26:26.349" activeThreads="4">
  <mem-info id="578" free="11534336" total="23068672" percent="50">
    <mem type="eden" free="1929496" total="2097152" percent="92" />
    <remembered-set count="4000" freebytes="904832" totalbytes="920832" percent="98" regionsoverflowed="0" regionsstable="2" regionsrebuilding="0"/>
  </mem-info>
</gc-end>
<cycle-end id="579" type="partial gc" contextid="571" timestamp="2019-06-16T01:26:26.349" />
  <attribute name="elasticGC enabled" value="1" />
  <attribute name= "numThreadsSpecified" value="4" />
  <attribute name="heapSize specified" value="0" />
  <attribute name="Current GC Util" value="0" />
  <attribute name= "Current Time Running" value="158298" />
  <attribute name ="GC Interval" value="0" />
  <attribute name="ProportionalT" value="-30.000000" />
  <attribute name="ProportionalI" value="-30.000000" />
  <attribute name="ProportionalH" value="-30.000000" />
  <attribute name="Current Error" value="-20.000000" />
  <attribute name="IntegralT" value="0.000000" />
  <attribute name="IntegralI" value="0.000000" />
  <attribute name="IntegralH" value="0.000000" />
  <attribute name="DerivativeT" value="-inf" />
  <attribute name="DerivativeI" value="-inf" />
  <attribute name="DerivativeH" value="-inf" />
  <attribute name="Loop Time for DT" value="0.000000" />
  <attribute name="Output H" value="2091843584"/>
  <attribute name="Output I" value="200"/>
  <attribute name="Output T" value="4"/>
  <attribute name="Target GC Util Change" value ="20.000000" />
  <attribute name="Current GC Util Change" value="0.000000"/>
  <attribute name="GC Util currently" value="0" />
  <attribute name="CPU Util currently" value="38873223623153" />
<exclusive-end id="580" timestamp="2019-06-16T01:26:26.350" durationms="4.619" />

<exclusive-start id="581" timestamp="2019-06-16T01:26:29.636" intervalms="3291.296">
  <response-info timems="0.032" idlems="0.032" threads="0" lastid="0000000001642700" lastname="node-14" />
</exclusive-start>
<allocation-taxation id="582" taxation-threshold="5242880" timestamp="2019-06-16T01:26:29.636" intervalms="3291.168" />
<cycle-start id="583" type="global mark phase" contextid="0" timestamp="2019-06-16T01:26:29.636" intervalms="14469.489" />
<gc-start id="584" type="global mark phase" contextid="583" timestamp="2019-06-16T01:26:29.637">
  <mem-info id="585" free="6291456" total="23068672" percent="27">
    <remembered-set count="2816" freebytes="909568" totalbytes="920832" percent="98" regionsoverflowed="0" regionsstable="3" regionsrebuilding="0"/>
  </mem-info>
</gc-start>
<gc-op id="586" type="mark increment" timems="0.447" contextid="583" timestamp="2019-06-16T01:26:29.637">
  <trace-info objectcount="359" scancount="0" scanbytes="0" />
</gc-op>
<gc-end id="587" type="global mark phase" contextid="583" durationms="0.559" usertimems="0.000" systemtimems="0.000" timestamp="2019-06-16T01:26:29.637" activeThreads="4">
  <mem-info id="588" free="6291456" total="23068672" percent="27">
    <remembered-set count="2816" freebytes="909568" totalbytes="920832" percent="98" regionsoverflowed="0" regionsstable="0" regionsrebuilding="3"/>
  </mem-info>
</gc-end>
<concurrent-start id="589" type="GMP work packet processing" contextid="583" timestamp="2019-06-16T01:26:29.637">
  <concurrent-mark-start scanTarget="18446744073709551615" />
</concurrent-start>
<exclusive-end id="590" timestamp="2019-06-16T01:26:29.637" durationms="1.097" />

<concurrent-end id="591" type="GMP work packet processing" contextid="583" timestamp="2019-06-16T01:26:29.645">
  <concurrent-mark-end bytesScanned="5271456" reasonForTermination="Completed all work in GC phase" />
</concurrent-end>

<exclusive-start id="592" timestamp="2019-06-16T01:26:32.782" intervalms="3146.189">
  <response-info timems="0.715" idlems="0.527" threads="1" lastid="000000000162BF00" lastname="node-4" />
</exclusive-start>
<allocation-taxation id="593" taxation-threshold="5242880" timestamp="2019-06-16T01:26:32.782" intervalms="3146.205" />
<cycle-start id="594" type="partial gc" contextid="0" timestamp="2019-06-16T01:26:32.783" intervalms="6437.333" />
<gc-start id="595" type="partial gc" contextid="594" timestamp="2019-06-16T01:26:32.783">
  <mem-info id="596" free="1048576" total="23068672" percent="4">
    <mem type="eden" free="0" total="10485760" percent="0" />
    <remembered-set count="8288" freebytes="887680" totalbytes="920832" percent="96" regionsoverflowed="0" regionsstable="0" regionsrebuilding="3"/>
  </mem-info>
</gc-start>
<allocation-stats totalBytes="10481296" >
  <allocated-bytes non-tlh="0" tlh="10481296" arrayletleaf="0"/>
  <largest-consumer threadName="node-8" threadId="0000000001633700" bytes="270008" />
</allocation-stats>
<gc-op id="597" type="copy forward" timems="1.895" contextid="594" timestamp="2019-06-16T01:26:32.785">
  <memory-copied type="eden" objects="4760" bytes="115952" bytesdiscarded="0" />
  <memory-copied type="other" objects="6284" bytes="150816" bytesdiscarded="0" />
  <memory-cardclean objects="1715" bytes="57744" />
  <regions eden="10" other="2" />
  <remembered-set-cleared processed="7069" cleared="552" durationms="0.118" />
  <stringconstants candidates="3838" cleared="0"  />
  <heap-resize type="expand" space="default" amount="1048576" count="1" timems="0.062" reason="continue current collection" />
</gc-op>
<gc-op id="598" type="classunload" timems="0.002" contextid="594" timestamp="2019-06-16T01:26:32.786">
  <classunload-info classloadercandidates="6" classloadersunloaded="0" classesunloaded="0" anonymousclassesunloaded="0" quiescems="0.000" setupms="0.002" scanms="0.000" postms="0.000" />
</gc-op>
<gc-op id="599" type="compact" timems="3.226" contextid="594" timestamp="2019-06-16T01:26:32.789">
  <compact-info movecount="24500" movebytes="1026800" />
  <remembered-set-cleared processed="13781" cleared="2924" durationms="0.118" />
</gc-op>
<gc-end id="600" type="partial gc" contextid="594" durationms="6.434" usertimems="8.000" systemtimems="0.000" timestamp="2019-06-16T01:26:32.789" activeThreads="4">
  <mem-info id="601" free="13631488" total="24117248" percent="56">
    <mem type="eden" free="932624" total="1048576" percent="88" />
    <remembered-set count="7712" freebytes="931840" totalbytes="962688" percent="96" regionsoverflowed="0" regionsstable="0" regionsrebuilding="3"/>
  </mem-info>
</gc-end>
<cycle-end id="602" type="partial gc" contextid="594" timestamp="2019-06-16T01:26:32.789" />
  <attribute name="elasticGC enabled" value="1" />
  <attribute name= "numThreadsSpecified" value="4" />
  <attribute name="heapSize specified" value="0" />
  <attribute name="Current GC Util" value="0" />
  <attribute name= "Current Time Running" value="164738" />
  <attribute name ="GC Interval" value="0" />
  <attribute name="ProportionalT" value="-30.000000" />
  <attribute name="ProportionalI" value="-30.000000" />
  <attribute name="ProportionalH" value="-30.000000" />
  <attribute name="Current Error" value="-20.000000" />
  <attribute name="IntegralT" value="-60.000000" />
  <attribute name="IntegralI" value="-60.000000" />
  <attribute name="IntegralH" value="-60.000000" />
  <attribute name="DerivativeT" value="-9.666667" />
  <attribute name="DerivativeI" value="-9.666667" />
  <attribute name="DerivativeH" value="-9.666667" />
  <attribute name="Loop Time for DT" value="3.000000" />
  <attribute name="Output H" value="2091843584"/>
  <attribute name="Output I" value="200"/>
  <attribute name="Output T" value="4"/>
  <attribute name="Target GC Util Change" value ="20.000000" />
  <attribute name="Current GC Util Change" value="0.000000"/>
  <attribute name="GC Util currently" value="0" />
  <attribute name="CPU Util currently" value="2041842924647" />
<exclusive-end id="603" timestamp="2019-06-16T01:26:32.790" durationms="7.263" />

<exclusive-start id="604" timestamp="2019-06-16T01:26:36.665" intervalms="3882.962">
  <response-info timems="0.042" idlems="0.025" threads="1" lastid="0000000001619400" lastname="node-10" />
</exclusive-start>
<allocation-taxation id="605" taxation-threshold="6291456" timestamp="2019-06-16T01:26:36.665" intervalms="3882.960" />
<gc-start id="606" type="global mark phase" contextid="583" timestamp="2019-06-16T01:26:36.666">
  <mem-info id="607" free="7340032" total="24117248" percent="30">
    <remembered-set count="7104" freebytes="934272" totalbytes="962688" percent="97" regionsoverflowed="0" regionsstable="1" regionsrebuilding="3"/>
  </mem-info>
</gc-start>
<gc-op id="608" type="mark increment" timems="3.459" contextid="583" timestamp="2019-06-16T01:26:36.669">
  <trace-info objectcount="31715" scancount="30692" scanbytes="1300680" />
  <cardclean-info objects="5684" bytes="299868" />
  <finalization candidates="13" enqueued="0" />
  <references type="soft" candidates="45" cleared="0" enqueued="0" dynamicThreshold="18" maxThreshold="32" />
  <references type="weak" candidates="143" cleared="0" enqueued="0" />
  <references type="phantom" candidates="57" cleared="0" enqueued="0" />
  <stringconstants candidates="3838" cleared="0"  />
</gc-op>
<gc-op id="609" type="classunload" timems="0.001" contextid="583" timestamp="2019-06-16T01:26:36.669">
  <classunload-info classloadercandidates="6" classloadersunloaded="0" classesunloaded="0" anonymousclassesunloaded="0" quiescems="0.000" setupms="0.001" scanms="0.000" postms="0.000" />
</gc-op>
<gc-end id="610" type="global mark phase" contextid="583" durationms="3.788" usertimems="4.000" systemtimems="0.000" timestamp="2019-06-16T01:26:36.669" activeThreads="4">
  <mem-info id="611" free="7340032" total="24117248" percent="30">
    <remembered-set count="9664" freebytes="924032" totalbytes="962688" percent="95" regionsoverflowed="0" regionsstable="1" regionsrebuilding="0"/>
  </mem-info>
</gc-end>
<cycle-end id="612" type="global mark phase" contextid="583" timestamp="2019-06-16T01:26:36.670" />
  <attribute name="elasticGC enabled" value="1" />
  <attribute name= "numThreadsSpecified" value="4" />
  <attribute name="heapSize specified" value="0" />
  <attribute name="Current GC Util" value="0" />
  <attribute name= "Current Time Running" value="168620" />
  <attribute name ="GC Interval" value="0" />
  <attribute name="ProportionalT" value="-30.000000" />
  <attribute name="ProportionalI" value="-30.000000" />
  <attribute name="ProportionalH" value="-30.000000" />
  <attribute name="Current Error" value="-20.000000" />
  <attribute name="IntegralT" value="-40.000000" />
  <attribute name="IntegralI" value="-40.000000" />
  <attribute name="IntegralH" value="-40.000000" />
  <attribute name="DerivativeT" value="-39.000000" />
  <attribute name="DerivativeI" value="-39.000000" />
  <attribute name="DerivativeH" value="-39.000000" />
  <attribute name="Loop Time for DT" value="2.000000" />
  <attribute name="Output H" value="2091843584"/>
  <attribute name="Output I" value="200"/>
  <attribute name="Output T" value="4"/>
  <attribute name="Target GC Util Change" value ="20.000000" />
  <attribute name="Current GC Util Change" value="0.000000"/>
  <attribute name="GC Util currently" value="0" />
  <attribute name="CPU Util currently" value="2282307846956" />
<exclusive-end id="613" timestamp="2019-06-16T01:26:36.670" durationms="4.413" />

<exclusive-start id="614" timestamp="2019-06-16T01:26:40.716" intervalms="4050.260">
  <response-info timems="0.292" idlems="0.292" threads="0" lastid="0000000001606800" lastname="node-25" />
</exclusive-start>
<allocation-taxation id="615" taxation-threshold="6291456" timestamp="2019-06-16T01:26:40.716" intervalms="4050.264" />
<cycle-start id="616" type="partial gc" contextid="0" timestamp="2019-06-16T01:26:40.716" intervalms="7933.370" />
<gc-start id="617" type="partial gc" contextid="616" timestamp="2019-06-16T01:26:40.716">
  <mem-info id="618" free="1048576" total="24117248" percent="4">
    <mem type="eden" free="0" total="12582912" percent="0" />
    <remembered-set count="2624" freebytes="952192" totalbytes="962688" percent="98" regionsoverflowed="0" regionsstable="4" regionsrebuilding="0"/>
  </mem-info>
</gc-start>
<allocation-stats totalBytes="12572008" >
  <allocated-bytes non-tlh="0" tlh="12572008" arrayletleaf="0"/>
  <largest-consumer threadName="node-13" threadId="0000000001649F00" bytes="307176" />
</allocation-stats>
<gc-op id="619" type="sweep" timems="0.540" contextid="616" timestamp="2019-06-16T01:26:40.717" />
<gc-op id="620" type="copy forward" timems="1.671" contextid="616" timestamp="2019-06-16T01:26:40.719">
  <memory-copied type="eden" objects="3881" bytes="94864" bytesdiscarded="0" />
  <memory-copied type="other" objects="6763" bytes="162312" bytesdiscarded="0" />
  <memory-cardclean objects="1625" bytes="55072" />
  <regions eden="6" other="7" />
  <remembered-set-cleared processed="1230" cleared="289" durationms="0.070" />
  <stringconstants candidates="3838" cleared="0"  />
</gc-op>
<gc-op id="621" type="classunload" timems="0.002" contextid="616" timestamp="2019-06-16T01:26:40.719">
  <classunload-info classloadercandidates="6" classloadersunloaded="0" classesunloaded="0" anonymousclassesunloaded="0" quiescems="0.000" setupms="0.001" scanms="0.000" postms="0.000" />
</gc-op>
<gc-end id="622" type="partial gc" contextid="616" durationms="3.431" usertimems="4.000" systemtimems="0.000" timestamp="2019-06-16T01:26:40.720" activeThreads="1">
  <mem-info id="623" free="14680064" total="24117248" percent="60">
    <mem type="eden" free="845928" total="1048576" percent="80" />
    <remembered-set count="2560" freebytes="952448" totalbytes="962688" percent="98" regionsoverflowed="0" regionsstable="4" regionsrebuilding="0"/>
  </mem-info>
</gc-end>
<cycle-end id="624" type="partial gc" contextid="616" timestamp="2019-06-16T01:26:40.720" />
  <attribute name="elasticGC enabled" value="1" />
  <attribute name= "numThreadsSpecified" value="1" />
  <attribute name="heapSize specified" value="0" />
  <attribute name="Current GC Util" value="46" />
  <attribute name= "Current Time Running" value="172669" />
  <attribute name ="GC Interval" value="0" />
  <attribute name="ProportionalT" value="39.000000" />
  <attribute name="ProportionalI" value="39.000000" />
  <attribute name="ProportionalH" value="39.000000" />
  <attribute name="Current Error" value="26.000000" />
  <attribute name="IntegralT" value="0.000000" />
  <attribute name="IntegralI" value="0.000000" />
  <attribute name="IntegralH" value="0.000000" />
  <attribute name="DerivativeT" value="inf" />
  <attribute name="DerivativeI" value="inf" />
  <attribute name="DerivativeH" value="inf" />
  <attribute name="Loop Time for DT" value="0.000000" />
  <attribute name="Output H" value="8388608"/>
  <attribute name="Output I" value="200"/>
  <attribute name="Output T" value="1"/>
  <attribute name="Target GC Util Change" value ="20.000000" />
  <attribute name="Current GC Util Change" value="46.000000"/>
  <attribute name="GC Util currently" value="46" />
  <attribute name="CPU Util currently" value="20543037791807" />
<exclusive-end id="625" timestamp="2019-06-16T01:26:40.720" durationms="4.343" />

</verbosegc>

