<?xml version="1.0" ?>

<verbosegc xmlns="http://www.ibm.com/j9/verbosegc" version="10b4217_CMPRSS">

<initialized id="1" timestamp="2019-06-16T22:20:26.889">
  <attribute name="gcPolicy" value="-Xgcpolicy:optthruput" />
  <attribute name="elasticGC enabled" value="1" />
  <attribute name= "numThreadsSpecified" value="0" />
  <attribute name="heapSize specified" value="0" />
  <attribute name="Current GC Util" value="0" />
  <attribute name= "Current Time Running" value="0" />
  <attribute name ="GC Interval" value="0" />
  <attribute name="ProportionalT" value="0.000000" />
  <attribute name="ProportionalI" value="0.000000" />
  <attribute name="ProportionalH" value="0.000000" />
  <attribute name="IntegralT" value="0.000000" />
  <attribute name="IntegralI" value="0.000000" />
  <attribute name="IntegralH" value="0.000000" />
  <attribute name="DerivativeT" value="0.000000" />
  <attribute name="DerivativeI" value="0.000000" />
  <attribute name="DerivativeH" value="0.000000" />
  <attribute name="Target GC Util Change" value ="0.000000" />
  <attribute name="Current GC Util Change" value="0.000000"/>
  <attribute name="Current Error" value="0.000000" />
  <attribute name="Loop Time for DT" value="0.000000" />
  <attribute name="Output H" value="0"/>
  <attribute name="Output I" value="0"/>
  <attribute name="Output T" value="0"/>
  <attribute name="GC Util currently" value="0" />
  <attribute name="CPU Util currently" value="0" />
  <attribute name="maxHeapSize" value="0x7cbc0000" />
  <attribute name="initialHeapSize" value="0x800000" />
  <attribute name="compressedRefs" value="true" />
  <attribute name="compressedRefsDisplacement" value="0x0" />
  <attribute name="compressedRefsShift" value="0x0" />
  <attribute name="pageSize" value="0x1000" />
  <attribute name="pageType" value="not used" />
  <attribute name="requestedPageSize" value="0x1000" />
  <attribute name="requestedPageType" value="not used" />
  <attribute name="gcthreads" value="4" />
  <attribute name="packetListSplit" value="4" />
  <attribute name="cacheListSplit" value="4" />
  <attribute name="splitFreeListSplitAmount" value="1" />
  <attribute name="numaNodes" value="0" />
  <system>
    <attribute name="physicalMemory" value="8370962432" />
    <attribute name="numCPUs" value="4" />
    <attribute name="architecture" value="amd64" />
    <attribute name="os" value="Linux" />
    <attribute name="osVersion" value="4.4.0-148-generic" />
  </system>
  <vmargs>
    <vmarg name="-Xoptionsfile=/vagrant/jdk/lib/options.default" />
    <vmarg name="-Xlockword:mode=default,noLockword=java/lang/String,noLockword=java/util/MapEntry,noLockword=java/util/HashMap$Entry,noLockword..." />
    <vmarg name="-Xjcl:jclse29" />
    <vmarg name="-Dcom.ibm.oti.vm.bootstrap.library.path=/vagrant/jdk/lib/compressedrefs:/vagrant/jdk/lib" />
    <vmarg name="-Dsun.boot.library.path=/vagrant/jdk/lib/compressedrefs:/vagrant/jdk/lib" />
    <vmarg name="-Djava.library.path=/vagrant/jdk/lib/compressedrefs:/vagrant/jdk/lib:/usr/lib64:/usr/lib" />
    <vmarg name="-Djava.home=/vagrant/jdk" />
    <vmarg name="-Duser.dir=/vagrant" />
    <vmarg name="-Xgcpolicy:optthruput" />
    <vmarg name="-Xgcelastic" />
    <vmarg name="-Xcheck:gc:::elasticGC" />
    <vmarg name="-verbose:gc" />
    <vmarg name="-Xloggc:large-OPTTHRUPUT-jdk-1-1-0.5-verbose13jython.txt" />
    <vmarg name="-Djava.class.path=dacapo-9.12-MR1-bach.jar" />
    <vmarg name="-Dsun.java.command=dacapo-9.12-MR1-bach.jar jython --size=large" />
    <vmarg name="-Dsun.java.launcher=SUN_STANDARD" />
    <vmarg name="-Dsun.java.launcher.pid=1987" />
  </vmargs>
</initialized>

<exclusive-start id="2" timestamp="2019-06-16T22:20:28.175" intervalms="1286.339">
  <response-info timems="0.022" idlems="0.022" threads="0" lastid="00000000019AD700" lastname="main" />
</exclusive-start>
<af-start id="3" threadId="00000000019AE088" totalBytesRequested="2056" timestamp="2019-06-16T22:20:28.176" intervalms="1286.523" />
<cycle-start id="4" type="global" contextid="0" timestamp="2019-06-16T22:20:28.176" intervalms="1286.697" />
<gc-start id="5" type="global" contextid="4" timestamp="2019-06-16T22:20:28.176">
  <mem-info id="6" free="418816" total="8388608" percent="4">
    <mem type="tenure" free="418816" total="8388608" percent="4">
      <mem type="soa" free="0" total="7969792" percent="0" />
      <mem type="loa" free="418816" total="418816" percent="100" />
    </mem>
  </mem-info>
</gc-start>
<allocation-stats totalBytes="7880960" >
  <allocated-bytes non-tlh="357688" tlh="7523272" />
  <largest-consumer threadName="main" threadId="00000000019AD700" bytes="7808536" />
</allocation-stats>
<gc-op id="7" type="mark" timems="1.664" contextid="4" timestamp="2019-06-16T22:20:28.178">
  <trace-info objectcount="17668" scancount="14608" scanbytes="460792" />
  <finalization candidates="14" enqueued="1" />
  <references type="soft" candidates="63" cleared="0" enqueued="0" dynamicThreshold="32" maxThreshold="32" />
  <references type="weak" candidates="544" cleared="401" enqueued="362" />
  <references type="phantom" candidates="105" cleared="44" enqueued="44" />
  <stringconstants candidates="2406" cleared="0"  />
</gc-op>
<gc-op id="8" type="classunload" timems="0.031" contextid="4" timestamp="2019-06-16T22:20:28.178">
  <classunload-info classloadercandidates="5" classloadersunloaded="0" classesunloaded="0" anonymousclassesunloaded="0" quiescems="0.000" setupms="0.031" scanms="0.000" postms="0.000" />
</gc-op>
<gc-op id="9" type="sweep" timems="0.411" contextid="4" timestamp="2019-06-16T22:20:28.178" />
<mem-info id="10" free="7187248" total="8388608" percent="85">
  <mem type="tenure" free="7187248" total="8388608" percent="85" micro-fragmented="213152" macro-fragmented="0">
    <mem type="soa" free="6768432" total="7969792" percent="84" />
    <mem type="loa" free="418816" total="418816" percent="100" />
  </mem>
  <pending-finalizers system="1" default="0" reference="406" classloader="0" />
</mem-info>
<gc-op id="11" type="compact" timems="3.900" contextid="4" timestamp="2019-06-16T22:20:28.182">
  <compact-info movecount="17667" movebytes="963208" reason="compact to aid heap contraction" />
</gc-op>
<heap-resize id="12" type="expand" space="tenure" amount="2084241408" count="1" timems="0.091" reason="satisfy allocation request" timestamp="2019-06-16T22:20:28.183" />
<gc-end id="13" type="global" contextid="4" durationms="6.996" usertimems="8.000" systemtimems="0.000" timestamp="2019-06-16T22:20:28.183" activeThreads="4">
  <mem-info id="14" free="2091601184" total="2092630016" percent="99">
    <mem type="tenure" free="2091601184" total="2092630016" percent="99">
      <mem type="soa" free="1986969888" total="1987998720" percent="99" />
      <mem type="loa" free="104631296" total="104631296" percent="100" />
    </mem>
    <pending-finalizers system="1" default="0" reference="406" classloader="0" />
  </mem-info>
</gc-end>
<cycle-end id="15" type="global" contextid="4" timestamp="2019-06-16T22:20:28.183" />
  <attribute name="elasticGC enabled" value="1" />
  <attribute name= "numThreadsSpecified" value="4" />
  <attribute name="heapSize specified" value="8388608" />
  <attribute name="Current GC Util" value="34" />
  <attribute name= "Current Time Running" value="1178" />
  <attribute name ="GC Interval" value="0" />
  <attribute name="ProportionalT" value="14.000000" />
  <attribute name="ProportionalI" value="14.000000" />
  <attribute name="ProportionalH" value="14.000000" />
  <attribute name="Current Error" value="14.000000" />
  <attribute name="IntegralT" value="-23219.000000" />
  <attribute name="IntegralI" value="-23219.000000" />
  <attribute name="IntegralH" value="-23219.000000" />
  <attribute name="DerivativeT" value="1.750000" />
  <attribute name="DerivativeI" value="1.750000" />
  <attribute name="DerivativeH" value="1.750000" />
  <attribute name="Loop Time for DT" value="4.000000" />
  <attribute name="Output H" value="2092630016"/>
  <attribute name="Output I" value="200"/>
  <attribute name="Output T" value="4"/>
  <attribute name="Target GC Util Change" value ="20.000000" />
  <attribute name="Current GC Util Change" value="34.000000"/>
  <attribute name="GC Util currently" value="34" />
  <attribute name="CPU Util currently" value="43" />
<allocation-satisfied id="16" threadId="00000000019AD700" bytesRequested="2056" />
<af-end id="17" timestamp="2019-06-16T22:20:28.183" threadId="00000000019AE088" success="true" />
<exclusive-end id="18" timestamp="2019-06-16T22:20:28.183" durationms="7.791" />

<exclusive-start id="19" timestamp="2019-06-16T22:20:32.173" intervalms="3997.539">
  <response-info timems="0.020" idlems="0.020" threads="0" lastid="00000000019AD700" lastname="main" />
</exclusive-start>
<sys-start reason="explicit" id="20" timestamp="2019-06-16T22:20:32.173" intervalms="5283.992" />
<cycle-start id="21" type="global" contextid="0" timestamp="2019-06-16T22:20:32.173" intervalms="3997.399" />
<gc-start id="22" type="global" contextid="21" timestamp="2019-06-16T22:20:32.173">
  <mem-info id="23" free="2021056888" total="2092630016" percent="96">
    <mem type="tenure" free="2021056888" total="2092630016" percent="96">
      <mem type="soa" free="1916425592" total="1987998720" percent="96" />
      <mem type="loa" free="104631296" total="104631296" percent="100" />
    </mem>
  </mem-info>
</gc-start>
<allocation-stats totalBytes="70569632" >
  <allocated-bytes non-tlh="3484584" tlh="67085048" />
  <largest-consumer threadName="main" threadId="00000000019AD700" bytes="70500544" />
</allocation-stats>
<gc-op id="24" type="mark" timems="6.874" contextid="21" timestamp="2019-06-16T22:20:32.180">
  <trace-info objectcount="75493" scancount="63024" scanbytes="2111300" />
  <finalization candidates="81" enqueued="1" />
  <ownableSynchronizers candidates="21" cleared="0" />
  <references type="soft" candidates="1640" cleared="0" enqueued="0" dynamicThreshold="31" maxThreshold="32" />
  <references type="weak" candidates="5241" cleared="734" enqueued="570" />
  <references type="phantom" candidates="115" cleared="15" enqueued="15" />
  <stringconstants candidates="8680" cleared="15"  />
</gc-op>
<gc-op id="25" type="classunload" timems="0.374" contextid="21" timestamp="2019-06-16T22:20:32.181">
  <classunload-info classloadercandidates="17" classloadersunloaded="1" classesunloaded="1" anonymousclassesunloaded="0" quiescems="0.000" setupms="0.364" scanms="0.007" postms="0.003" />
</gc-op>
<gc-op id="26" type="sweep" timems="1.498" contextid="21" timestamp="2019-06-16T22:20:32.182" />
<mem-info id="27" free="2087391400" total="2092630016" percent="99">
  <mem type="tenure" free="2087391400" total="2092630016" percent="99" micro-fragmented="705987" macro-fragmented="0">
    <mem type="soa" free="1982760104" total="1987998720" percent="99" />
    <mem type="loa" free="104631296" total="104631296" percent="100" />
  </mem>
  <pending-finalizers system="1" default="0" reference="585" classloader="0" />
</mem-info>
<gc-op id="28" type="compact" timems="15.995" contextid="21" timestamp="2019-06-16T22:20:32.198">
  <compact-info movecount="74825" movebytes="4257376" reason="compact to aid heap contraction" />
</gc-op>
<gc-end id="29" type="global" contextid="21" durationms="25.702" usertimems="36.000" systemtimems="16.000" timestamp="2019-06-16T22:20:32.199" activeThreads="4">
  <mem-info id="30" free="2088354096" total="2092630016" percent="99">
    <mem type="tenure" free="2088354096" total="2092630016" percent="99">
      <mem type="soa" free="1983722800" total="1987998720" percent="99" />
      <mem type="loa" free="104631296" total="104631296" percent="100" />
    </mem>
    <pending-finalizers system="1" default="0" reference="585" classloader="0" />
  </mem-info>
</gc-end>
<cycle-end id="31" type="global" contextid="21" timestamp="2019-06-16T22:20:32.199" />
  <attribute name="elasticGC enabled" value="1" />
  <attribute name= "numThreadsSpecified" value="4" />
  <attribute name="heapSize specified" value="2092630016" />
  <attribute name="Current GC Util" value="113" />
  <attribute name= "Current Time Running" value="5194" />
  <attribute name ="GC Interval" value="0" />
  <attribute name="ProportionalT" value="93.000000" />
  <attribute name="ProportionalI" value="93.000000" />
  <attribute name="ProportionalH" value="93.000000" />
  <attribute name="Current Error" value="93.000000" />
  <attribute name="IntegralT" value="1488.000000" />
  <attribute name="IntegralI" value="1488.000000" />
  <attribute name="IntegralH" value="1488.000000" />
  <attribute name="DerivativeT" value="-1.250000" />
  <attribute name="DerivativeI" value="-1.250000" />
  <attribute name="DerivativeH" value="-1.250000" />
  <attribute name="Loop Time for DT" value="16.000000" />
  <attribute name="Output H" value="8388608"/>
  <attribute name="Output I" value="1584"/>
  <attribute name="Output T" value="4"/>
  <attribute name="Target GC Util Change" value ="20.000000" />
  <attribute name="Current GC Util Change" value="113.000000"/>
  <attribute name="GC Util currently" value="113" />
  <attribute name="CPU Util currently" value="285206262828" />
<sys-end id="32" timestamp="2019-06-16T22:20:32.199" />
<exclusive-end id="33" timestamp="2019-06-16T22:20:32.199" durationms="26.315" />

<exclusive-start id="34" timestamp="2019-06-16T22:20:36.694" intervalms="4520.991">
  <response-info timems="0.059" idlems="0.059" threads="0" lastid="00000000019AD700" lastname="main" />
</exclusive-start>
<af-start id="35" threadId="00000000019AE088" totalBytesRequested="112" timestamp="2019-06-16T22:20:36.694" intervalms="8518.593" />
<cycle-start id="36" type="global" contextid="0" timestamp="2019-06-16T22:20:36.694" intervalms="4521.144" />
<gc-start id="37" type="global" contextid="36" timestamp="2019-06-16T22:20:36.694">
  <mem-info id="38" free="104631296" total="2092630016" percent="4">
    <mem type="tenure" free="104631296" total="2092630016" percent="4">
      <mem type="soa" free="0" total="1987998720" percent="0" />
      <mem type="loa" free="104631296" total="104631296" percent="100" />
    </mem>
  </mem-info>
</gc-start>
<allocation-stats totalBytes="1981178872" >
  <allocated-bytes non-tlh="14517664" tlh="1966661208" />
  <largest-consumer threadName="main" threadId="00000000019AD700" bytes="1981150992" />
</allocation-stats>
<gc-op id="39" type="mark" timems="16.361" contextid="36" timestamp="2019-06-16T22:20:36.711">
  <trace-info objectcount="608101" scancount="528686" scanbytes="13644564" />
  <finalization candidates="85" enqueued="5" />
  <ownableSynchronizers candidates="21" cleared="0" />
  <references type="soft" candidates="4854" cleared="0" enqueued="0" dynamicThreshold="31" maxThreshold="32" />
  <references type="weak" candidates="5697" cleared="80" enqueued="73" />
  <references type="phantom" candidates="107" cleared="5" enqueued="5" />
  <stringconstants candidates="13790" cleared="24"  />
</gc-op>
<gc-op id="40" type="classunload" timems="0.402" contextid="36" timestamp="2019-06-16T22:20:36.711">
  <classunload-info classloadercandidates="59" classloadersunloaded="3" classesunloaded="3" anonymousclassesunloaded="0" quiescems="0.000" setupms="0.386" scanms="0.012" postms="0.004" />
</gc-op>
<gc-op id="41" type="sweep" timems="3.933" contextid="36" timestamp="2019-06-16T22:20:36.715" />
<mem-info id="42" free="2063231336" total="2092630016" percent="98">
  <mem type="tenure" free="2063231336" total="2092630016" percent="98" micro-fragmented="1714455" macro-fragmented="0">
    <mem type="soa" free="1958600040" total="1987998720" percent="98" />
    <mem type="loa" free="104631296" total="104631296" percent="100" />
  </mem>
  <pending-finalizers system="0" default="5" reference="78" classloader="0" />
</mem-info>
<gc-op id="43" type="compact" timems="40.224" contextid="36" timestamp="2019-06-16T22:20:36.756">
  <compact-info movecount="606212" movebytes="18068264" reason="compact to aid heap contraction" />
</gc-op>
<gc-end id="44" type="global" contextid="36" durationms="62.032" usertimems="148.000" systemtimems="8.000" timestamp="2019-06-16T22:20:36.756" activeThreads="4">
  <mem-info id="45" free="2074396400" total="2092630016" percent="99">
    <mem type="tenure" free="2074396400" total="2092630016" percent="99">
      <mem type="soa" free="1969765104" total="1987998720" percent="99" />
      <mem type="loa" free="104631296" total="104631296" percent="100" />
    </mem>
    <pending-finalizers system="0" default="5" reference="78" classloader="0" />
  </mem-info>
</gc-end>
<cycle-end id="46" type="global" contextid="36" timestamp="2019-06-16T22:20:36.757" />
  <attribute name="elasticGC enabled" value="1" />
  <attribute name= "numThreadsSpecified" value="4" />
  <attribute name="heapSize specified" value="2092630016" />
  <attribute name="Current GC Util" value="172" />
  <attribute name= "Current Time Running" value="9752" />
  <attribute name ="GC Interval" value="0" />
  <attribute name="ProportionalT" value="152.000000" />
  <attribute name="ProportionalI" value="152.000000" />
  <attribute name="ProportionalH" value="152.000000" />
  <attribute name="Current Error" value="152.000000" />
  <attribute name="IntegralT" value="6232.000000" />
  <attribute name="IntegralI" value="6232.000000" />
  <attribute name="IntegralH" value="6232.000000" />
  <attribute name="DerivativeT" value="0.000000" />
  <attribute name="DerivativeI" value="0.000000" />
  <attribute name="DerivativeH" value="0.000000" />
  <attribute name="Loop Time for DT" value="41.000000" />
  <attribute name="Output H" value="8388608"/>
  <attribute name="Output I" value="4000"/>
  <attribute name="Output T" value="4"/>
  <attribute name="Target GC Util Change" value ="20.000000" />
  <attribute name="Current GC Util Change" value="172.000000"/>
  <attribute name="GC Util currently" value="172" />
  <attribute name="CPU Util currently" value="114199198418" />
<allocation-satisfied id="47" threadId="00000000019AD700" bytesRequested="112" />
<af-end id="48" timestamp="2019-06-16T22:20:36.757" threadId="00000000019AE088" success="true" />
<exclusive-end id="49" timestamp="2019-06-16T22:20:36.757" durationms="63.113" />

<exclusive-start id="50" timestamp="2019-06-16T22:20:43.774" intervalms="7080.238">
  <response-info timems="0.107" idlems="0.107" threads="0" lastid="00000000019AD700" lastname="main" />
</exclusive-start>
<af-start id="51" threadId="00000000019AE088" totalBytesRequested="1168" timestamp="2019-06-16T22:20:43.774" intervalms="7080.188" />
<cycle-start id="52" type="global" contextid="0" timestamp="2019-06-16T22:20:43.774" intervalms="7080.176" />
<gc-start id="53" type="global" contextid="52" timestamp="2019-06-16T22:20:43.775">
  <mem-info id="54" free="104631296" total="2092630016" percent="4">
    <mem type="tenure" free="104631296" total="2092630016" percent="4">
      <mem type="soa" free="0" total="1987998720" percent="0" />
      <mem type="loa" free="104631296" total="104631296" percent="100" />
    </mem>
  </mem-info>
</gc-start>
<allocation-stats totalBytes="1967762264" >
  <allocated-bytes non-tlh="29440" tlh="1967732824" />
  <largest-consumer threadName="main" threadId="00000000019AD700" bytes="1967749856" />
</allocation-stats>
<gc-op id="55" type="mark" timems="10.497" contextid="52" timestamp="2019-06-16T22:20:43.785">
  <trace-info objectcount="610280" scancount="530304" scanbytes="13683864" />
  <finalization candidates="80" enqueued="0" />
  <ownableSynchronizers candidates="21" cleared="0" />
  <references type="soft" candidates="4867" cleared="0" enqueued="0" dynamicThreshold="31" maxThreshold="32" />
  <references type="weak" candidates="5730" cleared="12" enqueued="9" />
  <references type="phantom" candidates="102" cleared="1" enqueued="1" />
  <stringconstants candidates="13843" cleared="0"  />
</gc-op>
<gc-op id="56" type="sweep" timems="1.893" contextid="52" timestamp="2019-06-16T22:20:43.787" />
<mem-info id="57" free="2074253552" total="2092630016" percent="99">
  <mem type="tenure" free="2074253552" total="2092630016" percent="99" micro-fragmented="13764" macro-fragmented="0">
    <mem type="soa" free="1969622256" total="1987998720" percent="99" />
    <mem type="loa" free="104631296" total="104631296" percent="100" />
  </mem>
  <pending-finalizers system="0" default="0" reference="10" classloader="0" />
</mem-info>
<gc-op id="58" type="compact" timems="62.629" contextid="52" timestamp="2019-06-16T22:20:43.850">
  <compact-info movecount="540301" movebytes="16229792" reason="compact to aid heap contraction" />
</gc-op>
<gc-end id="59" type="global" contextid="52" durationms="75.971" usertimems="184.000" systemtimems="8.000" timestamp="2019-06-16T22:20:43.851" activeThreads="4">
  <mem-info id="60" free="2074224000" total="2092630016" percent="99">
    <mem type="tenure" free="2074224000" total="2092630016" percent="99">
      <mem type="soa" free="1969592704" total="1987998720" percent="99" />
      <mem type="loa" free="104631296" total="104631296" percent="100" />
    </mem>
    <pending-finalizers system="0" default="0" reference="10" classloader="0" />
  </mem-info>
</gc-end>
<cycle-end id="61" type="global" contextid="52" timestamp="2019-06-16T22:20:43.851" />
  <attribute name="elasticGC enabled" value="1" />
  <attribute name= "numThreadsSpecified" value="4" />
  <attribute name="heapSize specified" value="2092630016" />
  <attribute name="Current GC Util" value="180" />
  <attribute name= "Current Time Running" value="16846" />
  <attribute name ="GC Interval" value="0" />
  <attribute name="ProportionalT" value="160.000000" />
  <attribute name="ProportionalI" value="160.000000" />
  <attribute name="ProportionalH" value="160.000000" />
  <attribute name="Current Error" value="160.000000" />
  <attribute name="IntegralT" value="10080.000000" />
  <attribute name="IntegralI" value="10080.000000" />
  <attribute name="IntegralH" value="10080.000000" />
  <attribute name="DerivativeT" value="0.198413" />
  <attribute name="DerivativeI" value="0.198413" />
  <attribute name="DerivativeH" value="0.198413" />
  <attribute name="Loop Time for DT" value="63.000000" />
  <attribute name="Output H" value="8388608"/>
  <attribute name="Output I" value="4000"/>
  <attribute name="Output T" value="4"/>
  <attribute name="Target GC Util Change" value ="20.000000" />
  <attribute name="Current GC Util Change" value="180.000000"/>
  <attribute name="GC Util currently" value="180" />
  <attribute name="CPU Util currently" value="73459072539" />
<allocation-satisfied id="62" threadId="00000000019AD700" bytesRequested="1168" />
<af-end id="63" timestamp="2019-06-16T22:20:43.851" threadId="00000000019AE088" success="true" />
<exclusive-end id="64" timestamp="2019-06-16T22:20:43.851" durationms="77.057" />

<exclusive-start id="65" timestamp="2019-06-16T22:20:44.957" intervalms="1182.472">
  <response-info timems="0.119" idlems="0.119" threads="0" lastid="00000000019AD700" lastname="main" />
</exclusive-start>
<af-start id="66" threadId="00000000019AE088" totalBytesRequested="584" timestamp="2019-06-16T22:20:44.957" intervalms="1182.484" />
<cycle-start id="67" type="global" contextid="0" timestamp="2019-06-16T22:20:44.957" intervalms="1182.495" />
<gc-start id="68" type="global" contextid="67" timestamp="2019-06-16T22:20:44.957">
  <mem-info id="69" free="104631296" total="2092630016" percent="4">
    <mem type="tenure" free="104631296" total="2092630016" percent="4">
      <mem type="soa" free="0" total="1987998720" percent="0" />
      <mem type="loa" free="104631296" total="104631296" percent="100" />
    </mem>
  </mem-info>
</gc-start>
<allocation-stats totalBytes="1967995752" >
  <allocated-bytes non-tlh="0" tlh="1967995752" />
  <largest-consumer threadName="main" threadId="00000000019AD700" bytes="1967995752" />
</allocation-stats>
<gc-op id="70" type="mark" timems="12.701" contextid="67" timestamp="2019-06-16T22:20:44.970">
  <trace-info objectcount="610316" scancount="530330" scanbytes="13684976" />
  <finalization candidates="80" enqueued="0" />
  <ownableSynchronizers candidates="21" cleared="0" />
  <references type="soft" candidates="4867" cleared="0" enqueued="0" dynamicThreshold="31" maxThreshold="32" />
  <references type="weak" candidates="5739" cleared="7" enqueued="3" />
  <references type="phantom" candidates="101" cleared="0" enqueued="0" />
  <stringconstants candidates="13843" cleared="0"  />
</gc-op>
<gc-op id="71" type="sweep" timems="1.480" contextid="67" timestamp="2019-06-16T22:20:44.972" />
<mem-info id="72" free="2074278512" total="2092630016" percent="99">
  <mem type="tenure" free="2074278512" total="2092630016" percent="99" micro-fragmented="25359" macro-fragmented="0">
    <mem type="soa" free="1969647216" total="1987998720" percent="99" />
    <mem type="loa" free="104631296" total="104631296" percent="100" />
  </mem>
  <pending-finalizers system="0" default="0" reference="3" classloader="0" />
</mem-info>
<gc-op id="73" type="compact" timems="34.548" contextid="67" timestamp="2019-06-16T22:20:45.006">
  <compact-info movecount="271558" movebytes="7565976" reason="compact to aid heap contraction" />
</gc-op>
<gc-end id="74" type="global" contextid="67" durationms="49.606" usertimems="104.000" systemtimems="4.000" timestamp="2019-06-16T22:20:45.007" activeThreads="4">
  <mem-info id="75" free="2074223320" total="2092630016" percent="99">
    <mem type="tenure" free="2074223320" total="2092630016" percent="99">
      <mem type="soa" free="1969592024" total="1987998720" percent="99" />
      <mem type="loa" free="104631296" total="104631296" percent="100" />
    </mem>
    <pending-finalizers system="0" default="0" reference="3" classloader="0" />
  </mem-info>
</gc-end>
<cycle-end id="76" type="global" contextid="67" timestamp="2019-06-16T22:20:45.007" />
  <attribute name="elasticGC enabled" value="1" />
  <attribute name= "numThreadsSpecified" value="4" />
  <attribute name="heapSize specified" value="2092630016" />
  <attribute name="Current GC Util" value="170" />
  <attribute name= "Current Time Running" value="18002" />
  <attribute name ="GC Interval" value="0" />
  <attribute name="ProportionalT" value="150.000000" />
  <attribute name="ProportionalI" value="150.000000" />
  <attribute name="ProportionalH" value="150.000000" />
  <attribute name="Current Error" value="150.000000" />
  <attribute name="IntegralT" value="5250.000000" />
  <attribute name="IntegralI" value="5250.000000" />
  <attribute name="IntegralH" value="5250.000000" />
  <attribute name="DerivativeT" value="0.228571" />
  <attribute name="DerivativeI" value="0.228571" />
  <attribute name="DerivativeH" value="0.228571" />
  <attribute name="Loop Time for DT" value="35.000000" />
  <attribute name="Output H" value="8388608"/>
  <attribute name="Output I" value="4000"/>
  <attribute name="Output T" value="4"/>
  <attribute name="Target GC Util Change" value ="20.000000" />
  <attribute name="Current GC Util Change" value="170.000000"/>
  <attribute name="GC Util currently" value="170" />
  <attribute name="CPU Util currently" value="132979527798" />
<allocation-satisfied id="77" threadId="00000000019AD700" bytesRequested="584" />
<af-end id="78" timestamp="2019-06-16T22:20:45.007" threadId="00000000019AE088" success="true" />
<exclusive-end id="79" timestamp="2019-06-16T22:20:45.007" durationms="50.456" />

<exclusive-start id="80" timestamp="2019-06-16T22:20:45.876" intervalms="919.597">
  <response-info timems="0.087" idlems="0.087" threads="0" lastid="00000000019AD700" lastname="main" />
</exclusive-start>
<af-start id="81" threadId="00000000019AE088" totalBytesRequested="32" timestamp="2019-06-16T22:20:45.876" intervalms="919.584" />
<cycle-start id="82" type="global" contextid="0" timestamp="2019-06-16T22:20:45.876" intervalms="919.580" />
<gc-start id="83" type="global" contextid="82" timestamp="2019-06-16T22:20:45.877">
  <mem-info id="84" free="104631296" total="2092630016" percent="4">
    <mem type="tenure" free="104631296" total="2092630016" percent="4">
      <mem type="soa" free="0" total="1987998720" percent="0" />
      <mem type="loa" free="104631296" total="104631296" percent="100" />
    </mem>
  </mem-info>
</gc-start>
<allocation-stats totalBytes="1966771824" >
  <allocated-bytes non-tlh="0" tlh="1966771824" />
  <largest-consumer threadName="main" threadId="00000000019AD700" bytes="1966771824" />
</allocation-stats>
<gc-op id="85" type="mark" timems="9.226" contextid="82" timestamp="2019-06-16T22:20:45.886">
  <trace-info objectcount="610356" scancount="530362" scanbytes="13686136" />
  <finalization candidates="80" enqueued="0" />
  <ownableSynchronizers candidates="21" cleared="0" />
  <references type="soft" candidates="4867" cleared="0" enqueued="0" dynamicThreshold="31" maxThreshold="32" />
  <references type="weak" candidates="5753" cleared="7" enqueued="3" />
  <references type="phantom" candidates="101" cleared="0" enqueued="0" />
  <stringconstants candidates="13843" cleared="0"  />
</gc-op>
<gc-op id="86" type="sweep" timems="1.560" contextid="82" timestamp="2019-06-16T22:20:45.888" />
<mem-info id="87" free="2074282400" total="2092630016" percent="99">
  <mem type="tenure" free="2074282400" total="2092630016" percent="99" micro-fragmented="7173" macro-fragmented="0">
    <mem type="soa" free="1969651104" total="1987998720" percent="99" />
    <mem type="loa" free="104631296" total="104631296" percent="100" />
  </mem>
  <pending-finalizers system="0" default="0" reference="3" classloader="0" />
</mem-info>
<gc-op id="88" type="compact" timems="37.352" contextid="82" timestamp="2019-06-16T22:20:45.925">
  <compact-info movecount="438630" movebytes="11699888" reason="compact to aid heap contraction" />
</gc-op>
<gc-end id="89" type="global" contextid="82" durationms="49.106" usertimems="124.000" systemtimems="16.000" timestamp="2019-06-16T22:20:45.926" activeThreads="4">
  <mem-info id="90" free="2074287760" total="2092630016" percent="99">
    <mem type="tenure" free="2074287760" total="2092630016" percent="99">
      <mem type="soa" free="1969656464" total="1987998720" percent="99" />
      <mem type="loa" free="104631296" total="104631296" percent="100" />
    </mem>
    <pending-finalizers system="0" default="0" reference="3" classloader="0" />
  </mem-info>
</gc-end>
<cycle-end id="91" type="global" contextid="82" timestamp="2019-06-16T22:20:45.926" />
  <attribute name="elasticGC enabled" value="1" />
  <attribute name= "numThreadsSpecified" value="4" />
  <attribute name="heapSize specified" value="2092630016" />
  <attribute name="Current GC Util" value="195" />
  <attribute name= "Current Time Running" value="18921" />
  <attribute name ="GC Interval" value="0" />
  <attribute name="ProportionalT" value="175.000000" />
  <attribute name="ProportionalI" value="175.000000" />
  <attribute name="ProportionalH" value="175.000000" />
  <attribute name="Current Error" value="175.000000" />
  <attribute name="IntegralT" value="6650.000000" />
  <attribute name="IntegralI" value="6650.000000" />
  <attribute name="IntegralH" value="6650.000000" />
  <attribute name="DerivativeT" value="0.631579" />
  <attribute name="DerivativeI" value="0.631579" />
  <attribute name="DerivativeH" value="0.631579" />
  <attribute name="Loop Time for DT" value="38.000000" />
  <attribute name="Output H" value="8388608"/>
  <attribute name="Output I" value="4000"/>
  <attribute name="Output T" value="4"/>
  <attribute name="Target GC Util Change" value ="20.000000" />
  <attribute name="Current GC Util Change" value="195.000000"/>
  <attribute name="GC Util currently" value="195" />
  <attribute name="CPU Util currently" value="122943508646" />
<allocation-satisfied id="92" threadId="00000000019AD700" bytesRequested="32" />
<af-end id="93" timestamp="2019-06-16T22:20:45.926" threadId="00000000019AE088" success="true" />
<exclusive-end id="94" timestamp="2019-06-16T22:20:45.926" durationms="50.051" />

<exclusive-start id="95" timestamp="2019-06-16T22:20:47.563" intervalms="1687.192">
  <response-info timems="0.101" idlems="0.101" threads="0" lastid="00000000019AD700" lastname="main" />
</exclusive-start>
<af-start id="96" threadId="00000000019AE088" totalBytesRequested="1168" timestamp="2019-06-16T22:20:47.564" intervalms="1687.212" />
<cycle-start id="97" type="global" contextid="0" timestamp="2019-06-16T22:20:47.564" intervalms="1687.229" />
<gc-start id="98" type="global" contextid="97" timestamp="2019-06-16T22:20:47.564">
  <mem-info id="99" free="104631296" total="2092630016" percent="4">
    <mem type="tenure" free="104631296" total="2092630016" percent="4">
      <mem type="soa" free="0" total="1987998720" percent="0" />
      <mem type="loa" free="104631296" total="104631296" percent="100" />
    </mem>
  </mem-info>
</gc-start>
<allocation-stats totalBytes="1968044920" >
  <allocated-bytes non-tlh="0" tlh="1968044920" />
  <largest-consumer threadName="main" threadId="00000000019AD700" bytes="1968044920" />
</allocation-stats>
<gc-op id="100" type="mark" timems="9.482" contextid="97" timestamp="2019-06-16T22:20:47.574">
  <trace-info objectcount="610407" scancount="530414" scanbytes="13687560" />
  <finalization candidates="80" enqueued="0" />
  <ownableSynchronizers candidates="21" cleared="0" />
  <references type="soft" candidates="4867" cleared="0" enqueued="0" dynamicThreshold="31" maxThreshold="32" />
  <references type="weak" candidates="5746" cleared="0" enqueued="0" />
  <references type="phantom" candidates="101" cleared="0" enqueued="0" />
  <stringconstants candidates="13843" cleared="0"  />
</gc-op>
<gc-op id="101" type="sweep" timems="1.561" contextid="97" timestamp="2019-06-16T22:20:47.575" />
<mem-info id="102" free="2074277656" total="2092630016" percent="99">
  <mem type="tenure" free="2074277656" total="2092630016" percent="99" micro-fragmented="15360" macro-fragmented="0">
    <mem type="soa" free="1969646360" total="1987998720" percent="99" />
    <mem type="loa" free="104631296" total="104631296" percent="100" />
  </mem>
</mem-info>
<gc-op id="103" type="compact" timems="29.484" contextid="97" timestamp="2019-06-16T22:20:47.605">
  <compact-info movecount="170282" movebytes="4279256" reason="compact to aid heap contraction" />
</gc-op>
<gc-end id="104" type="global" contextid="97" durationms="41.603" usertimems="88.000" systemtimems="0.000" timestamp="2019-06-16T22:20:47.605" activeThreads="4">
  <mem-info id="105" free="2074221904" total="2092630016" percent="99">
    <mem type="tenure" free="2074221904" total="2092630016" percent="99">
      <mem type="soa" free="1969590608" total="1987998720" percent="99" />
      <mem type="loa" free="104631296" total="104631296" percent="100" />
    </mem>
  </mem-info>
</gc-end>
<cycle-end id="106" type="global" contextid="97" timestamp="2019-06-16T22:20:47.606" />
  <attribute name="elasticGC enabled" value="1" />
  <attribute name= "numThreadsSpecified" value="4" />
  <attribute name="heapSize specified" value="2092630016" />
  <attribute name="Current GC Util" value="141" />
  <attribute name= "Current Time Running" value="20601" />
  <attribute name ="GC Interval" value="0" />
  <attribute name="ProportionalT" value="121.000000" />
  <attribute name="ProportionalI" value="121.000000" />
  <attribute name="ProportionalH" value="121.000000" />
  <attribute name="Current Error" value="121.000000" />
  <attribute name="IntegralT" value="3630.000000" />
  <attribute name="IntegralI" value="3630.000000" />
  <attribute name="IntegralH" value="3630.000000" />
  <attribute name="DerivativeT" value="0.166667" />
  <attribute name="DerivativeI" value="0.166667" />
  <attribute name="DerivativeH" value="0.166667" />
  <attribute name="Loop Time for DT" value="30.000000" />
  <attribute name="Output H" value="8388608"/>
  <attribute name="Output I" value="3752"/>
  <attribute name="Output T" value="4"/>
  <attribute name="Target GC Util Change" value ="20.000000" />
  <attribute name="Current GC Util Change" value="141.000000"/>
  <attribute name="GC Util currently" value="141" />
  <attribute name="CPU Util currently" value="155887958210" />
<allocation-satisfied id="107" threadId="00000000019AD700" bytesRequested="1168" />
<af-end id="108" timestamp="2019-06-16T22:20:47.606" threadId="00000000019AE088" success="true" />
<exclusive-end id="109" timestamp="2019-06-16T22:20:47.606" durationms="42.482" />

<exclusive-start id="110" timestamp="2019-06-16T22:20:48.617" intervalms="1053.194">
  <response-info timems="0.109" idlems="0.109" threads="0" lastid="00000000019AD700" lastname="main" />
</exclusive-start>
<af-start id="111" threadId="00000000019AE088" totalBytesRequested="32" timestamp="2019-06-16T22:20:48.617" intervalms="1053.154" />
<cycle-start id="112" type="global" contextid="0" timestamp="2019-06-16T22:20:48.617" intervalms="1053.571" />
<gc-start id="113" type="global" contextid="112" timestamp="2019-06-16T22:20:48.617">
  <mem-info id="114" free="104631296" total="2092630016" percent="4">
    <mem type="tenure" free="104631296" total="2092630016" percent="4">
      <mem type="soa" free="0" total="1987998720" percent="0" />
      <mem type="loa" free="104631296" total="104631296" percent="100" />
    </mem>
  </mem-info>
</gc-start>
<allocation-stats totalBytes="1967699208" >
  <allocated-bytes non-tlh="0" tlh="1967699208" />
  <largest-consumer threadName="main" threadId="00000000019AD700" bytes="1967699208" />
</allocation-stats>
<gc-op id="115" type="mark" timems="9.213" contextid="112" timestamp="2019-06-16T22:20:48.627">
  <trace-info objectcount="610486" scancount="530483" scanbytes="13689716" />
  <finalization candidates="80" enqueued="0" />
  <ownableSynchronizers candidates="21" cleared="0" />
  <references type="soft" candidates="4867" cleared="0" enqueued="0" dynamicThreshold="31" maxThreshold="32" />
  <references type="weak" candidates="5781" cleared="7" enqueued="3" />
  <references type="phantom" candidates="101" cleared="0" enqueued="0" />
  <stringconstants candidates="13843" cleared="0"  />
</gc-op>
<gc-op id="116" type="sweep" timems="1.624" contextid="112" timestamp="2019-06-16T22:20:48.629" />
<mem-info id="117" free="2074274872" total="2092630016" percent="99">
  <mem type="tenure" free="2074274872" total="2092630016" percent="99" micro-fragmented="0" macro-fragmented="0">
    <mem type="soa" free="1969643576" total="1987998720" percent="99" />
    <mem type="loa" free="104631296" total="104631296" percent="100" />
  </mem>
  <pending-finalizers system="0" default="0" reference="3" classloader="0" />
</mem-info>
<gc-op id="118" type="compact" timems="24.863" contextid="112" timestamp="2019-06-16T22:20:48.654">
  <compact-info movecount="161765" movebytes="4064720" reason="compact to aid heap contraction" />
</gc-op>
<gc-end id="119" type="global" contextid="112" durationms="36.614" usertimems="92.000" systemtimems="0.000" timestamp="2019-06-16T22:20:48.654" activeThreads="4">
  <mem-info id="120" free="2074219616" total="2092630016" percent="99">
    <mem type="tenure" free="2074219616" total="2092630016" percent="99">
      <mem type="soa" free="1969588320" total="1987998720" percent="99" />
      <mem type="loa" free="104631296" total="104631296" percent="100" />
    </mem>
    <pending-finalizers system="0" default="0" reference="3" classloader="0" />
  </mem-info>
</gc-end>
<cycle-end id="121" type="global" contextid="112" timestamp="2019-06-16T22:20:48.654" />
  <attribute name="elasticGC enabled" value="1" />
  <attribute name= "numThreadsSpecified" value="4" />
  <attribute name="heapSize specified" value="2092630016" />
  <attribute name="Current GC Util" value="187" />
  <attribute name= "Current Time Running" value="21649" />
  <attribute name ="GC Interval" value="0" />
  <attribute name="ProportionalT" value="167.000000" />
  <attribute name="ProportionalI" value="167.000000" />
  <attribute name="ProportionalH" value="167.000000" />
  <attribute name="Current Error" value="167.000000" />
  <attribute name="IntegralT" value="4175.000000" />
  <attribute name="IntegralI" value="4175.000000" />
  <attribute name="IntegralH" value="4175.000000" />
  <attribute name="DerivativeT" value="0.940000" />
  <attribute name="DerivativeI" value="0.940000" />
  <attribute name="DerivativeH" value="0.940000" />
  <attribute name="Loop Time for DT" value="25.000000" />
  <attribute name="Output H" value="8388608"/>
  <attribute name="Output I" value="4000"/>
  <attribute name="Output T" value="4"/>
  <attribute name="Target GC Util Change" value ="20.000000" />
  <attribute name="Current GC Util Change" value="187.000000"/>
  <attribute name="GC Util currently" value="187" />
  <attribute name="CPU Util currently" value="184458025225" />
<allocation-satisfied id="122" threadId="00000000019AD700" bytesRequested="32" />
<af-end id="123" timestamp="2019-06-16T22:20:48.654" threadId="00000000019AE088" success="true" />
<exclusive-end id="124" timestamp="2019-06-16T22:20:48.654" durationms="37.928" />

</verbosegc>

