<?xml version="1.0" ?>

<verbosegc xmlns="http://www.ibm.com/j9/verbosegc" version="10b4217_CMPRSS">

<initialized id="1" timestamp="2019-06-14T11:45:15.448">
  <attribute name="gcPolicy" value="-Xgcpolicy:optavgpause" />
  <attribute name="elasticGC enabled" value="1" />
  <attribute name= "numThreadsSpecified" value="0" />
  <attribute name="heapSize specified" value="0" />
  <attribute name="Current GC Util" value="0" />
  <attribute name= "Current Time Running" value="0" />
  <attribute name ="GC Interval" value="0" />
  <attribute name="ProportionalT" value="0.000000" />
  <attribute name="ProportionalI" value="0.000000" />
  <attribute name="ProportionalH" value="0.000000" />
  <attribute name="IntegralT" value="0.000000" />
  <attribute name="IntegralI" value="0.000000" />
  <attribute name="IntegralH" value="0.000000" />
  <attribute name="DerivativeT" value="0.000000" />
  <attribute name="DerivativeI" value="0.000000" />
  <attribute name="DerivativeH" value="0.000000" />
  <attribute name="Target GC Util Change" value ="0.000000" />
  <attribute name="Current GC Util Change" value="0.000000"/>
  <attribute name="Current Error" value="0.000000" />
  <attribute name="Loop Time for DT" value="0.000000" />
  <attribute name="Output H" value="0"/>
  <attribute name="Output I" value="0"/>
  <attribute name="Output T" value="0"/>
  <attribute name="GC Util currently" value="0" />
  <attribute name="CPU Util currently" value="0" />
  <attribute name="maxHeapSize" value="0x7cbc0000" />
  <attribute name="initialHeapSize" value="0x800000" />
  <attribute name="compressedRefs" value="true" />
  <attribute name="compressedRefsDisplacement" value="0x0" />
  <attribute name="compressedRefsShift" value="0x0" />
  <attribute name="pageSize" value="0x1000" />
  <attribute name="pageType" value="not used" />
  <attribute name="requestedPageSize" value="0x1000" />
  <attribute name="requestedPageType" value="not used" />
  <attribute name="gcthreads" value="4" />
  <attribute name="packetListSplit" value="4" />
  <attribute name="cacheListSplit" value="4" />
  <attribute name="splitFreeListSplitAmount" value="1" />
  <attribute name="numaNodes" value="0" />
  <system>
    <attribute name="physicalMemory" value="8370958336" />
    <attribute name="numCPUs" value="4" />
    <attribute name="architecture" value="amd64" />
    <attribute name="os" value="Linux" />
    <attribute name="osVersion" value="4.4.0-150-generic" />
  </system>
  <vmargs>
    <vmarg name="-Xoptionsfile=/vagrant/jdk/lib/options.default" />
    <vmarg name="-Xlockword:mode=default,noLockword=java/lang/String,noLockword=java/util/MapEntry,noLockword=java/util/HashMap$Entry,noLockword..." />
    <vmarg name="-Xjcl:jclse29" />
    <vmarg name="-Dcom.ibm.oti.vm.bootstrap.library.path=/vagrant/jdk/lib/compressedrefs:/vagrant/jdk/lib" />
    <vmarg name="-Dsun.boot.library.path=/vagrant/jdk/lib/compressedrefs:/vagrant/jdk/lib" />
    <vmarg name="-Djava.library.path=/vagrant/jdk/lib/compressedrefs:/vagrant/jdk/lib:/usr/lib64:/usr/lib" />
    <vmarg name="-Djava.home=/vagrant/jdk" />
    <vmarg name="-Duser.dir=/vagrant" />
    <vmarg name="-Xgcpolicy:optavgpause" />
    <vmarg name="-Xgcelastic" />
    <vmarg name="-Xcheck:gc:::elasticGC" />
    <vmarg name="-verbose:gc" />
    <vmarg name="-Xloggc:jdk0.5-0.5-1-large-OAP-4CORE-elasticverbose3xalan.txt" />
    <vmarg name="-Djava.class.path=dacapo-9.12-MR1-bach.jar" />
    <vmarg name="-Dsun.java.command=dacapo-9.12-MR1-bach.jar xalan --size=large" />
    <vmarg name="-Dsun.java.launcher=SUN_STANDARD" />
    <vmarg name="-Dsun.java.launcher.pid=6358" />
  </vmargs>
</initialized>

<exclusive-start id="2" timestamp="2019-06-14T11:45:18.515" intervalms="3066.408">
  <response-info timems="0.020" idlems="0.020" threads="0" lastid="0000000001529700" lastname="main" />
</exclusive-start>
<af-start id="3" threadId="000000000152A088" totalBytesRequested="88" timestamp="2019-06-14T11:45:18.515" intervalms="3066.705" />
<cycle-start id="4" type="global" contextid="0" timestamp="2019-06-14T11:45:18.515" intervalms="3067.051" />
<gc-start id="5" type="global" contextid="4" timestamp="2019-06-14T11:45:18.516">
  <mem-info id="6" free="418816" total="8388608" percent="4">
    <mem type="tenure" free="418816" total="8388608" percent="4">
      <mem type="soa" free="0" total="7969792" percent="0" />
      <mem type="loa" free="418816" total="418816" percent="100" />
    </mem>
  </mem-info>
</gc-start>
<allocation-stats totalBytes="7881048" >
  <allocated-bytes non-tlh="758040" tlh="7123008" />
  <largest-consumer threadName="main" threadId="0000000001529700" bytes="7806728" />
</allocation-stats>
<gc-op id="7" type="mark" timems="2.439" contextid="4" timestamp="2019-06-14T11:45:18.518">
  <trace-info objectcount="21473" scancount="17497" scanbytes="560712" />
  <finalization candidates="15" enqueued="1" />
  <references type="soft" candidates="74" cleared="0" enqueued="0" dynamicThreshold="32" maxThreshold="32" />
  <references type="weak" candidates="575" cleared="432" enqueued="393" />
  <references type="phantom" candidates="127" cleared="44" enqueued="44" />
  <stringconstants candidates="2930" cleared="0"  />
</gc-op>
<gc-op id="8" type="classunload" timems="0.085" contextid="4" timestamp="2019-06-14T11:45:18.518">
  <classunload-info classloadercandidates="6" classloadersunloaded="0" classesunloaded="0" anonymousclassesunloaded="0" quiescems="0.000" setupms="0.085" scanms="0.000" postms="0.000" />
</gc-op>
<gc-op id="9" type="sweep" timems="0.874" contextid="4" timestamp="2019-06-14T11:45:18.519" />
<mem-info id="10" free="6520864" total="8388608" percent="77">
  <mem type="tenure" free="6520864" total="8388608" percent="77" micro-fragmented="235068">
    <mem type="soa" free="6102048" total="7969792" percent="76" />
    <mem type="loa" free="418816" total="418816" percent="100" />
  </mem>
  <pending-finalizers system="1" default="0" reference="437" classloader="0" />
</mem-info>
<gc-op id="11" type="compact" timems="4.577" contextid="4" timestamp="2019-06-14T11:45:18.524">
  <compact-info movecount="21472" movebytes="1537632" reason="compact to aid heap contraction" />
</gc-op>
<heap-resize id="12" type="expand" space="tenure" amount="2084241408" count="1" timems="0.256" reason="satisfy allocation request" timestamp="2019-06-14T11:45:18.525" />
<gc-end id="13" type="global" contextid="4" durationms="9.550" usertimems="8.000" systemtimems="0.000" timestamp="2019-06-14T11:45:18.525" activeThreads="4">
  <mem-info id="14" free="2091092208" total="2092630016" percent="99">
    <mem type="tenure" free="2091092208" total="2092630016" percent="99">
      <mem type="soa" free="1986460912" total="1987998720" percent="99" />
      <mem type="loa" free="104631296" total="104631296" percent="100" />
    </mem>
    <pending-finalizers system="1" default="0" reference="437" classloader="0" />
  </mem-info>
</gc-end>
<cycle-end id="15" type="global" contextid="4" timestamp="2019-06-14T11:45:18.525" />
  <attribute name="elasticGC enabled" value="1" />
  <attribute name= "numThreadsSpecified" value="4" />
  <attribute name="heapSize specified" value="8388608" />
  <attribute name="Current GC Util" value="32" />
  <attribute name= "Current Time Running" value="2914" />
  <attribute name ="GC Interval" value="0" />
  <attribute name="ProportionalT" value="6.000000" />
  <attribute name="ProportionalI" value="6.000000" />
  <attribute name="ProportionalH" value="6.000000" />
  <attribute name="Current Error" value="12.000000" />
  <attribute name="IntegralT" value="-28926.000000" />
  <attribute name="IntegralI" value="-28926.000000" />
  <attribute name="IntegralH" value="-28926.000000" />
  <attribute name="DerivativeT" value="2.400000" />
  <attribute name="DerivativeI" value="2.400000" />
  <attribute name="DerivativeH" value="2.400000" />
  <attribute name="Loop Time for DT" value="5.000000" />
  <attribute name="Output H" value="2092630016"/>
  <attribute name="Output I" value="200"/>
  <attribute name="Output T" value="4"/>
  <attribute name="Target GC Util Change" value ="20.000000" />
  <attribute name="Current GC Util Change" value="32.000000"/>
  <attribute name="GC Util currently" value="32" />
  <attribute name="CPU Util currently" value="32" />
<allocation-satisfied id="16" threadId="0000000001529700" bytesRequested="88" />
<af-end id="17" timestamp="2019-06-14T11:45:18.526" threadId="000000000152A088" success="true" />
<exclusive-end id="18" timestamp="2019-06-14T11:45:18.526" durationms="10.932" />

<exclusive-start id="19" timestamp="2019-06-14T11:45:18.723" intervalms="208.301">
  <response-info timems="0.025" idlems="0.025" threads="0" lastid="0000000001529700" lastname="main" />
</exclusive-start>
<sys-start reason="explicit" id="20" timestamp="2019-06-14T11:45:18.723" intervalms="3275.028" />
<cycle-start id="21" type="global" contextid="0" timestamp="2019-06-14T11:45:18.731" intervalms="215.210" />
<gc-start id="22" type="global" contextid="21" timestamp="2019-06-14T11:45:18.731">
  <mem-info id="23" free="2084958424" total="2092630016" percent="99">
    <mem type="tenure" free="2084958424" total="2092630016" percent="99">
      <mem type="soa" free="1980327128" total="1987998720" percent="99" />
      <mem type="loa" free="104631296" total="104631296" percent="100" />
    </mem>
  </mem-info>
</gc-start>
<allocation-stats totalBytes="6100312" >
  <allocated-bytes non-tlh="137328" tlh="5962984" />
  <largest-consumer threadName="main" threadId="0000000001529700" bytes="6071904" />
</allocation-stats>
<gc-op id="24" type="mark" timems="9.042" contextid="21" timestamp="2019-06-14T11:45:18.748">
  <trace-info objectcount="29530" scancount="23896" scanbytes="871608" />
  <finalization candidates="15" enqueued="0" />
  <references type="soft" candidates="133" cleared="0" enqueued="0" dynamicThreshold="31" maxThreshold="32" />
  <references type="weak" candidates="180" cleared="33" enqueued="33" />
  <references type="phantom" candidates="85" cleared="2" enqueued="2" />
  <stringconstants candidates="3535" cleared="22"  />
</gc-op>
<gc-op id="25" type="classunload" timems="0.002" contextid="21" timestamp="2019-06-14T11:45:18.749">
  <classunload-info classloadercandidates="19" classloadersunloaded="0" classesunloaded="0" anonymousclassesunloaded="0" quiescems="0.000" setupms="0.001" scanms="0.001" postms="0.000" />
</gc-op>
<gc-op id="26" type="sweep" timems="2.539" contextid="21" timestamp="2019-06-14T11:45:18.752" />
<mem-info id="27" free="2090302240" total="2092630016" percent="99">
  <mem type="tenure" free="2090302240" total="2092630016" percent="99" micro-fragmented="209041">
    <mem type="soa" free="1985670944" total="1987998720" percent="99" />
    <mem type="loa" free="104631296" total="104631296" percent="100" />
  </mem>
  <pending-finalizers system="0" default="0" reference="35" classloader="0" />
</mem-info>
<gc-op id="28" type="compact" timems="18.954" contextid="21" timestamp="2019-06-14T11:45:18.771">
  <compact-info movecount="28782" movebytes="1935160" reason="compact to aid heap contraction" />
</gc-op>
<gc-end id="29" type="global" contextid="21" durationms="41.380" usertimems="36.000" systemtimems="12.000" timestamp="2019-06-14T11:45:18.772" activeThreads="4">
  <mem-info id="30" free="2090673944" total="2092630016" percent="99">
    <mem type="tenure" free="2090673944" total="2092630016" percent="99">
      <mem type="soa" free="1986042648" total="1987998720" percent="99" />
      <mem type="loa" free="104631296" total="104631296" percent="100" />
    </mem>
    <pending-finalizers system="0" default="0" reference="35" classloader="0" />
  </mem-info>
</gc-end>
<cycle-end id="31" type="global" contextid="21" timestamp="2019-06-14T11:45:18.772" />
  <attribute name="elasticGC enabled" value="1" />
  <attribute name= "numThreadsSpecified" value="4" />
  <attribute name="heapSize specified" value="2092630016" />
  <attribute name="Current GC Util" value="87" />
  <attribute name= "Current Time Running" value="3161" />
  <attribute name ="GC Interval" value="0" />
  <attribute name="ProportionalT" value="33.500000" />
  <attribute name="ProportionalI" value="33.500000" />
  <attribute name="ProportionalH" value="33.500000" />
  <attribute name="Current Error" value="67.000000" />
  <attribute name="IntegralT" value="636.500000" />
  <attribute name="IntegralI" value="636.500000" />
  <attribute name="IntegralH" value="636.500000" />
  <attribute name="DerivativeT" value="1.736842" />
  <attribute name="DerivativeI" value="1.736842" />
  <attribute name="DerivativeH" value="1.736842" />
  <attribute name="Loop Time for DT" value="19.000000" />
  <attribute name="Output H" value="8388608"/>
  <attribute name="Output I" value="672"/>
  <attribute name="Output T" value="4"/>
  <attribute name="Target GC Util Change" value ="20.000000" />
  <attribute name="Current GC Util Change" value="87.000000"/>
  <attribute name="GC Util currently" value="87" />
  <attribute name="CPU Util currently" value="240396793157" />
<sys-end id="32" timestamp="2019-06-14T11:45:18.772" />
<exclusive-end id="33" timestamp="2019-06-14T11:45:18.773" durationms="49.474" />

<exclusive-start id="34" timestamp="2019-06-14T11:45:35.513" intervalms="16790.426">
  <response-info timems="0.041" idlems="0.041" threads="0" lastid="000000000185A900" lastname="Thread-3" />
</exclusive-start>
<af-start id="35" threadId="000000000185B288" totalBytesRequested="16392" timestamp="2019-06-14T11:45:35.514" intervalms="16998.521" />
<cycle-start id="36" type="global" contextid="0" timestamp="2019-06-14T11:45:35.514" intervalms="16783.027" />
<gc-start id="37" type="global" contextid="36" timestamp="2019-06-14T11:45:35.514">
  <mem-info id="38" free="104631296" total="2092630016" percent="4">
    <mem type="tenure" free="104631296" total="2092630016" percent="4">
      <mem type="soa" free="0" total="1987998720" percent="0" />
      <mem type="loa" free="104631296" total="104631296" percent="100" />
    </mem>
  </mem-info>
</gc-start>
<allocation-stats totalBytes="1985318656" >
  <allocated-bytes non-tlh="309456" tlh="1985009200" />
  <largest-consumer threadName="Thread-4" threadId="000000000185E500" bytes="508112808" />
</allocation-stats>
<gc-op id="39" type="mark" timems="4.659" contextid="36" timestamp="2019-06-14T11:45:35.518">
  <trace-info objectcount="52829" scancount="45116" scanbytes="1886816" />
  <finalization candidates="26" enqueued="1" />
  <references type="soft" candidates="164" cleared="0" enqueued="0" dynamicThreshold="31" maxThreshold="32" />
  <references type="weak" candidates="314" cleared="41" enqueued="36" />
  <references type="phantom" candidates="97" cleared="2" enqueued="2" />
  <stringconstants candidates="3963" cleared="0"  />
</gc-op>
<gc-op id="40" type="sweep" timems="202.821" contextid="36" timestamp="2019-06-14T11:45:35.721" />
<mem-info id="41" free="2088830176" total="2092630016" percent="99">
  <mem type="tenure" free="2088830176" total="2092630016" percent="99" micro-fragmented="169082">
    <mem type="soa" free="1984198880" total="1987998720" percent="99" />
    <mem type="loa" free="104631296" total="104631296" percent="100" />
  </mem>
  <pending-finalizers system="1" default="0" reference="38" classloader="0" />
</mem-info>
<gc-op id="42" type="compact" timems="15.929" contextid="36" timestamp="2019-06-14T11:45:35.738">
  <compact-info movecount="52139" movebytes="3510856" reason="compact to aid heap contraction" />
</gc-op>
<gc-end id="43" type="global" contextid="36" durationms="224.439" usertimems="192.000" systemtimems="60.000" timestamp="2019-06-14T11:45:35.738" activeThreads="4">
  <mem-info id="44" free="2089033288" total="2092630016" percent="99">
    <mem type="tenure" free="2089033288" total="2092630016" percent="99">
      <mem type="soa" free="1984401992" total="1987998720" percent="99" />
      <mem type="loa" free="104631296" total="104631296" percent="100" />
    </mem>
    <pending-finalizers system="1" default="0" reference="38" classloader="0" />
  </mem-info>
</gc-end>
<cycle-end id="45" type="global" contextid="36" timestamp="2019-06-14T11:45:35.740" />
  <attribute name="elasticGC enabled" value="1" />
  <attribute name= "numThreadsSpecified" value="4" />
  <attribute name="heapSize specified" value="2092630016" />
  <attribute name="Current GC Util" value="109" />
  <attribute name= "Current Time Running" value="20127" />
  <attribute name ="GC Interval" value="0" />
  <attribute name="ProportionalT" value="44.500000" />
  <attribute name="ProportionalI" value="44.500000" />
  <attribute name="ProportionalH" value="44.500000" />
  <attribute name="Current Error" value="89.000000" />
  <attribute name="IntegralT" value="712.000000" />
  <attribute name="IntegralI" value="712.000000" />
  <attribute name="IntegralH" value="712.000000" />
  <attribute name="DerivativeT" value="5.562500" />
  <attribute name="DerivativeI" value="5.562500" />
  <attribute name="DerivativeH" value="5.562500" />
  <attribute name="Loop Time for DT" value="16.000000" />
  <attribute name="Output H" value="8388608"/>
  <attribute name="Output I" value="768"/>
  <attribute name="Output T" value="4"/>
  <attribute name="Target GC Util Change" value ="20.000000" />
  <attribute name="Current GC Util Change" value="109.000000"/>
  <attribute name="GC Util currently" value="109" />
  <attribute name="CPU Util currently" value="286840312051" />
<allocation-satisfied id="46" threadId="000000000185A900" bytesRequested="16392" />
<af-end id="47" timestamp="2019-06-14T11:45:35.740" threadId="000000000185B288" success="true" />
<exclusive-end id="48" timestamp="2019-06-14T11:45:35.740" durationms="226.913" />

<exclusive-start id="49" timestamp="2019-06-14T11:45:51.758" intervalms="16244.078">
  <response-info timems="0.080" idlems="0.047" threads="1" lastid="000000000185A900" lastname="Thread-3" />
</exclusive-start>
<af-start id="50" threadId="000000000185EE88" totalBytesRequested="16392" timestamp="2019-06-14T11:45:51.758" intervalms="16244.077" />
<cycle-start id="51" type="global" contextid="0" timestamp="2019-06-14T11:45:51.758" intervalms="16244.079" />
<gc-start id="52" type="global" contextid="51" timestamp="2019-06-14T11:45:51.758">
  <mem-info id="53" free="104631296" total="2092630016" percent="4">
    <mem type="tenure" free="104631296" total="2092630016" percent="4">
      <mem type="soa" free="0" total="1987998720" percent="0" />
      <mem type="loa" free="104631296" total="104631296" percent="100" />
    </mem>
  </mem-info>
</gc-start>
<allocation-stats totalBytes="1983702928" >
  <allocated-bytes non-tlh="0" tlh="1983702928" />
  <largest-consumer threadName="Thread-5" threadId="0000000001862100" bytes="567824656" />
</allocation-stats>
<gc-op id="54" type="mark" timems="6.711" contextid="51" timestamp="2019-06-14T11:45:51.765">
  <trace-info objectcount="48362" scancount="40720" scanbytes="1725536" />
  <finalization candidates="25" enqueued="0" />
  <references type="soft" candidates="164" cleared="0" enqueued="0" dynamicThreshold="31" maxThreshold="32" />
  <references type="weak" candidates="266" cleared="0" enqueued="0" />
  <references type="phantom" candidates="96" cleared="0" enqueued="0" />
  <stringconstants candidates="3963" cleared="0"  />
</gc-op>
<gc-op id="55" type="classunload" timems="0.311" contextid="51" timestamp="2019-06-14T11:45:51.765">
  <classunload-info classloadercandidates="20" classloadersunloaded="0" classesunloaded="4" anonymousclassesunloaded="4" quiescems="0.000" setupms="0.306" scanms="0.004" postms="0.001" />
</gc-op>
<gc-op id="56" type="sweep" timems="225.001" contextid="51" timestamp="2019-06-14T11:45:51.990" />
<mem-info id="57" free="2089314800" total="2092630016" percent="99">
  <mem type="tenure" free="2089314800" total="2092630016" percent="99" micro-fragmented="14604">
    <mem type="soa" free="1984683504" total="1987998720" percent="99" />
    <mem type="loa" free="104631296" total="104631296" percent="100" />
  </mem>
</mem-info>
<gc-op id="58" type="compact" timems="13.568" contextid="51" timestamp="2019-06-14T11:45:52.004">
  <compact-info movecount="23837" movebytes="2205336" reason="compact to aid heap contraction" />
</gc-op>
<gc-end id="59" type="global" contextid="51" durationms="246.692" usertimems="188.000" systemtimems="72.000" timestamp="2019-06-14T11:45:52.004" activeThreads="4">
  <mem-info id="60" free="2089270536" total="2092630016" percent="99">
    <mem type="tenure" free="2089270536" total="2092630016" percent="99">
      <mem type="soa" free="1984639240" total="1987998720" percent="99" />
      <mem type="loa" free="104631296" total="104631296" percent="100" />
    </mem>
  </mem-info>
</gc-end>
<cycle-end id="61" type="global" contextid="51" timestamp="2019-06-14T11:45:52.005" />
  <attribute name="elasticGC enabled" value="1" />
  <attribute name= "numThreadsSpecified" value="4" />
  <attribute name="heapSize specified" value="2092630016" />
  <attribute name="Current GC Util" value="98" />
  <attribute name= "Current Time Running" value="36394" />
  <attribute name ="GC Interval" value="0" />
  <attribute name="ProportionalT" value="39.000000" />
  <attribute name="ProportionalI" value="39.000000" />
  <attribute name="ProportionalH" value="39.000000" />
  <attribute name="Current Error" value="78.000000" />
  <attribute name="IntegralT" value="546.000000" />
  <attribute name="IntegralI" value="546.000000" />
  <attribute name="IntegralH" value="546.000000" />
  <attribute name="DerivativeT" value="5.571429" />
  <attribute name="DerivativeI" value="5.571429" />
  <attribute name="DerivativeH" value="5.571429" />
  <attribute name="Loop Time for DT" value="14.000000" />
  <attribute name="Output H" value="8388608"/>
  <attribute name="Output I" value="592"/>
  <attribute name="Output T" value="4"/>
  <attribute name="Target GC Util Change" value ="20.000000" />
  <attribute name="Current GC Util Change" value="98.000000"/>
  <attribute name="GC Util currently" value="98" />
  <attribute name="CPU Util currently" value="335221250612" />
<allocation-satisfied id="62" threadId="000000000185E500" bytesRequested="16392" />
<af-end id="63" timestamp="2019-06-14T11:45:52.006" threadId="000000000185EE88" success="true" />
<exclusive-end id="64" timestamp="2019-06-14T11:45:52.006" durationms="248.181" />

<exclusive-start id="65" timestamp="2019-06-14T11:46:07.455" intervalms="15697.025">
  <response-info timems="0.036" idlems="0.036" threads="0" lastid="0000000001862100" lastname="Thread-5" />
</exclusive-start>
<af-start id="66" threadId="0000000001862A88" totalBytesRequested="2056" timestamp="2019-06-14T11:46:07.455" intervalms="15697.025" />
<cycle-start id="67" type="global" contextid="0" timestamp="2019-06-14T11:46:07.455" intervalms="15697.023" />
<gc-start id="68" type="global" contextid="67" timestamp="2019-06-14T11:46:07.455">
  <mem-info id="69" free="104631296" total="2092630016" percent="4">
    <mem type="tenure" free="104631296" total="2092630016" percent="4">
      <mem type="soa" free="0" total="1987998720" percent="0" />
      <mem type="loa" free="104631296" total="104631296" percent="100" />
    </mem>
  </mem-info>
</gc-start>
<allocation-stats totalBytes="1984076560" >
  <allocated-bytes non-tlh="16392" tlh="1984060168" />
  <largest-consumer threadName="Thread-5" threadId="0000000001862100" bytes="533886048" />
</allocation-stats>
<gc-op id="70" type="mark" timems="4.790" contextid="67" timestamp="2019-06-14T11:46:07.460">
  <trace-info objectcount="45663" scancount="37904" scanbytes="1769252" />
  <finalization candidates="25" enqueued="0" />
  <references type="soft" candidates="164" cleared="0" enqueued="0" dynamicThreshold="31" maxThreshold="32" />
  <references type="weak" candidates="265" cleared="0" enqueued="0" />
  <references type="phantom" candidates="96" cleared="0" enqueued="0" />
  <stringconstants candidates="3963" cleared="0"  />
</gc-op>
<gc-op id="71" type="sweep" timems="232.730" contextid="67" timestamp="2019-06-14T11:46:07.693" />
<mem-info id="72" free="2089068344" total="2092630016" percent="99">
  <mem type="tenure" free="2089068344" total="2092630016" percent="99" micro-fragmented="3724">
    <mem type="soa" free="1984437048" total="1987998720" percent="99" />
    <mem type="loa" free="104631296" total="104631296" percent="100" />
  </mem>
</mem-info>
<gc-op id="73" type="compact" timems="9.786" contextid="67" timestamp="2019-06-14T11:46:07.703">
  <compact-info movecount="8876" movebytes="1176136" reason="compact to aid heap contraction" />
</gc-op>
<gc-end id="74" type="global" contextid="67" durationms="248.187" usertimems="160.000" systemtimems="100.000" timestamp="2019-06-14T11:46:07.703" activeThreads="4">
  <mem-info id="75" free="2089026448" total="2092630016" percent="99">
    <mem type="tenure" free="2089026448" total="2092630016" percent="99">
      <mem type="soa" free="1984395152" total="1987998720" percent="99" />
      <mem type="loa" free="104631296" total="104631296" percent="100" />
    </mem>
  </mem-info>
</gc-end>
<cycle-end id="76" type="global" contextid="67" timestamp="2019-06-14T11:46:07.703" />
  <attribute name="elasticGC enabled" value="1" />
  <attribute name= "numThreadsSpecified" value="4" />
  <attribute name="heapSize specified" value="2092630016" />
  <attribute name="Current GC Util" value="153" />
  <attribute name= "Current Time Running" value="52092" />
  <attribute name ="GC Interval" value="0" />
  <attribute name="ProportionalT" value="66.500000" />
  <attribute name="ProportionalI" value="66.500000" />
  <attribute name="ProportionalH" value="66.500000" />
  <attribute name="Current Error" value="133.000000" />
  <attribute name="IntegralT" value="665.000000" />
  <attribute name="IntegralI" value="665.000000" />
  <attribute name="IntegralH" value="665.000000" />
  <attribute name="DerivativeT" value="13.300000" />
  <attribute name="DerivativeI" value="13.300000" />
  <attribute name="DerivativeH" value="13.300000" />
  <attribute name="Loop Time for DT" value="10.000000" />
  <attribute name="Output H" value="8388608"/>
  <attribute name="Output I" value="744"/>
  <attribute name="Output T" value="4"/>
  <attribute name="Target GC Util Change" value ="20.000000" />
  <attribute name="Current GC Util Change" value="153.000000"/>
  <attribute name="GC Util currently" value="153" />
  <attribute name="CPU Util currently" value="466574000199" />
<allocation-satisfied id="77" threadId="0000000001862100" bytesRequested="2056" />
<af-end id="78" timestamp="2019-06-14T11:46:07.704" threadId="0000000001862A88" success="true" />
<exclusive-end id="79" timestamp="2019-06-14T11:46:07.704" durationms="249.057" />

<exclusive-start id="80" timestamp="2019-06-14T11:46:25.243" intervalms="17788.557">
  <response-info timems="0.046" idlems="0.046" threads="0" lastid="000000000185A900" lastname="Thread-3" />
</exclusive-start>
<af-start id="81" threadId="000000000185B288" totalBytesRequested="16392" timestamp="2019-06-14T11:46:25.243" intervalms="17788.555" />
<cycle-start id="82" type="global" contextid="0" timestamp="2019-06-14T11:46:25.243" intervalms="17788.555" />
<gc-start id="83" type="global" contextid="82" timestamp="2019-06-14T11:46:25.243">
  <mem-info id="84" free="104631296" total="2092630016" percent="4">
    <mem type="tenure" free="104631296" total="2092630016" percent="4">
      <mem type="soa" free="0" total="1987998720" percent="0" />
      <mem type="loa" free="104631296" total="104631296" percent="100" />
    </mem>
  </mem-info>
</gc-start>
<allocation-stats totalBytes="1983863584" >
  <allocated-bytes non-tlh="16392" tlh="1983847192" />
  <largest-consumer threadName="Thread-6" threadId="0000000001865D00" bytes="601068000" />
</allocation-stats>
<gc-op id="85" type="mark" timems="3.310" contextid="82" timestamp="2019-06-14T11:46:25.247">
  <trace-info objectcount="41645" scancount="33941" scanbytes="1621388" />
  <finalization candidates="25" enqueued="0" />
  <references type="soft" candidates="164" cleared="0" enqueued="0" dynamicThreshold="31" maxThreshold="32" />
  <references type="weak" candidates="265" cleared="0" enqueued="0" />
  <references type="phantom" candidates="95" cleared="0" enqueued="0" />
  <stringconstants candidates="3963" cleared="0"  />
</gc-op>
<gc-op id="86" type="sweep" timems="229.120" contextid="82" timestamp="2019-06-14T11:46:25.476" />
<mem-info id="87" free="2089277760" total="2092630016" percent="99">
  <mem type="tenure" free="2089277760" total="2092630016" percent="99" micro-fragmented="2089">
    <mem type="soa" free="1984646464" total="1987998720" percent="99" />
    <mem type="loa" free="104631296" total="104631296" percent="100" />
  </mem>
</mem-info>
<gc-op id="88" type="compact" timems="12.176" contextid="82" timestamp="2019-06-14T11:46:25.488">
  <compact-info movecount="8104" movebytes="1106680" reason="compact to aid heap contraction" />
</gc-op>
<gc-end id="89" type="global" contextid="82" durationms="245.948" usertimems="168.000" systemtimems="92.000" timestamp="2019-06-14T11:46:25.489" activeThreads="4">
  <mem-info id="90" free="2089234992" total="2092630016" percent="99">
    <mem type="tenure" free="2089234992" total="2092630016" percent="99">
      <mem type="soa" free="1984603696" total="1987998720" percent="99" />
      <mem type="loa" free="104631296" total="104631296" percent="100" />
    </mem>
  </mem-info>
</gc-end>
<cycle-end id="91" type="global" contextid="82" timestamp="2019-06-14T11:46:25.490" />
  <attribute name="elasticGC enabled" value="1" />
  <attribute name= "numThreadsSpecified" value="4" />
  <attribute name="heapSize specified" value="2092630016" />
  <attribute name="Current GC Util" value="97" />
  <attribute name= "Current Time Running" value="69878" />
  <attribute name ="GC Interval" value="0" />
  <attribute name="ProportionalT" value="38.500000" />
  <attribute name="ProportionalI" value="38.500000" />
  <attribute name="ProportionalH" value="38.500000" />
  <attribute name="Current Error" value="77.000000" />
  <attribute name="IntegralT" value="462.000000" />
  <attribute name="IntegralI" value="462.000000" />
  <attribute name="IntegralH" value="462.000000" />
  <attribute name="DerivativeT" value="6.416667" />
  <attribute name="DerivativeI" value="6.416667" />
  <attribute name="DerivativeH" value="6.416667" />
  <attribute name="Loop Time for DT" value="12.000000" />
  <attribute name="Output H" value="8388608"/>
  <attribute name="Output I" value="512"/>
  <attribute name="Output T" value="4"/>
  <attribute name="Target GC Util Change" value ="20.000000" />
  <attribute name="Current GC Util Change" value="97.000000"/>
  <attribute name="GC Util currently" value="97" />
  <attribute name="CPU Util currently" value="372684744275" />
<allocation-satisfied id="92" threadId="000000000185A900" bytesRequested="16392" />
<af-end id="93" timestamp="2019-06-14T11:46:25.490" threadId="000000000185B288" success="true" />
<exclusive-end id="94" timestamp="2019-06-14T11:46:25.490" durationms="247.132" />

</verbosegc>

