<?xml version="1.0" ?>

<verbosegc xmlns="http://www.ibm.com/j9/verbosegc" version="10b4217_CMPRSS">

<initialized id="1" timestamp="2019-06-17T05:46:01.283">
  <attribute name="gcPolicy" value="-Xgcpolicy:gencon" />
  <attribute name="elasticGC enabled" value="1" />
  <attribute name= "numThreadsSpecified" value="0" />
  <attribute name="heapSize specified" value="0" />
  <attribute name="Current GC Util" value="0" />
  <attribute name= "Current Time Running" value="0" />
  <attribute name ="GC Interval" value="0" />
  <attribute name="ProportionalT" value="0.000000" />
  <attribute name="ProportionalI" value="0.000000" />
  <attribute name="ProportionalH" value="0.000000" />
  <attribute name="IntegralT" value="0.000000" />
  <attribute name="IntegralI" value="0.000000" />
  <attribute name="IntegralH" value="0.000000" />
  <attribute name="DerivativeT" value="0.000000" />
  <attribute name="DerivativeI" value="0.000000" />
  <attribute name="DerivativeH" value="0.000000" />
  <attribute name="Target GC Util Change" value ="0.000000" />
  <attribute name="Current GC Util Change" value="0.000000"/>
  <attribute name="Current Error" value="0.000000" />
  <attribute name="Loop Time for DT" value="0.000000" />
  <attribute name="Output H" value="0"/>
  <attribute name="Output I" value="0"/>
  <attribute name="Output T" value="0"/>
  <attribute name="GC Util currently" value="0" />
  <attribute name="CPU Util currently" value="0" />
  <attribute name="maxHeapSize" value="0x7cbc0000" />
  <attribute name="initialHeapSize" value="0x800000" />
  <attribute name="compressedRefs" value="true" />
  <attribute name="compressedRefsDisplacement" value="0x0" />
  <attribute name="compressedRefsShift" value="0x0" />
  <attribute name="pageSize" value="0x1000" />
  <attribute name="pageType" value="not used" />
  <attribute name="requestedPageSize" value="0x1000" />
  <attribute name="requestedPageType" value="not used" />
  <attribute name="gcthreads" value="4" />
  <attribute name="gcthreads Concurrent Mark" value="1" />
  <attribute name="packetListSplit" value="4" />
  <attribute name="cacheListSplit" value="4" />
  <attribute name="splitFreeListSplitAmount" value="1" />
  <attribute name="numaNodes" value="0" />
  <system>
    <attribute name="physicalMemory" value="8370962432" />
    <attribute name="numCPUs" value="4" />
    <attribute name="architecture" value="amd64" />
    <attribute name="os" value="Linux" />
    <attribute name="osVersion" value="4.4.0-148-generic" />
  </system>
  <vmargs>
    <vmarg name="-Xoptionsfile=/vagrant/jdk/lib/options.default" />
    <vmarg name="-Xlockword:mode=default,noLockword=java/lang/String,noLockword=java/util/MapEntry,noLockword=java/util/HashMap$Entry,noLockword..." />
    <vmarg name="-Xjcl:jclse29" />
    <vmarg name="-Dcom.ibm.oti.vm.bootstrap.library.path=/vagrant/jdk/lib/compressedrefs:/vagrant/jdk/lib" />
    <vmarg name="-Dsun.boot.library.path=/vagrant/jdk/lib/compressedrefs:/vagrant/jdk/lib" />
    <vmarg name="-Djava.library.path=/vagrant/jdk/lib/compressedrefs:/vagrant/jdk/lib:/usr/lib64:/usr/lib" />
    <vmarg name="-Djava.home=/vagrant/jdk" />
    <vmarg name="-Duser.dir=/vagrant" />
    <vmarg name="-verbose:gc" />
    <vmarg name="-Xgcelastic" />
    <vmarg name="-Xcheck:gc:::elasticGC" />
    <vmarg name="-Xloggc:small-jdk-1-1-1-verbose12jython.txt" />
    <vmarg name="-Djava.class.path=dacapo-9.12-MR1-bach.jar" />
    <vmarg name="-Dsun.java.command=dacapo-9.12-MR1-bach.jar jython --size=small" />
    <vmarg name="-Dsun.java.launcher=SUN_STANDARD" />
    <vmarg name="-Dsun.java.launcher.pid=7506" />
  </vmargs>
</initialized>

<exclusive-start id="2" timestamp="2019-06-17T05:46:01.473" intervalms="189.107">
  <response-info timems="0.026" idlems="0.026" threads="0" lastid="000000000186D700" lastname="main" />
</exclusive-start>
<af-start id="3" threadId="000000000186E088" totalBytesRequested="7176" timestamp="2019-06-17T05:46:01.473" intervalms="189.423" type="nursery" />
<cycle-start id="4" type="scavenge" contextid="0" timestamp="2019-06-17T05:46:01.473" intervalms="189.896" />
<gc-start id="5" type="scavenge" contextid="4" timestamp="2019-06-17T05:46:01.479">
  <mem-info id="6" free="6062624" total="8388608" percent="72">
    <mem type="nursery" free="0" total="2097152" percent="0">
      <mem type="allocate" free="0" total="1048576" percent="0" />
      <mem type="survivor" free="0" total="1048576" percent="0" />
    </mem>
    <mem type="tenure" free="6062624" total="6291456" percent="96">
      <mem type="soa" free="5748256" total="5977088" percent="96" />
      <mem type="loa" free="314368" total="314368" percent="100" />
    </mem>
    <remembered-set count="3161" />
  </mem-info>
</gc-start>
<allocation-stats totalBytes="1275840" >
  <allocated-bytes non-tlh="344784" tlh="931056" />
  <largest-consumer threadName="main" threadId="000000000186D700" bytes="1199624" />
</allocation-stats>
<gc-op id="7" type="scavenge" timems="1.941" contextid="4" timestamp="2019-06-17T05:46:01.481">
  <scavenger-info tenureage="2" tenuremask="fffc" tiltratio="50" />
  <memory-copied type="nursery" objects="10578" bytes="479584" bytesdiscarded="74216" />
  <finalization candidates="11" enqueued="0" />
  <references type="soft" candidates="62" cleared="0" enqueued="0" dynamicThreshold="32" maxThreshold="32" />
  <references type="weak" candidates="309" cleared="177" enqueued="141" />
  <references type="phantom" candidates="25" cleared="6" enqueued="6" />
</gc-op>
<gc-end id="8" type="scavenge" contextid="4" durationms="5.705" usertimems="4.000" systemtimems="4.000" timestamp="2019-06-17T05:46:01.485" activeThreads="4">
  <mem-info id="9" free="6555304" total="8388608" percent="78">
    <mem type="nursery" free="492680" total="2097152" percent="23">
      <mem type="allocate" free="492680" total="1048576" percent="46" />
      <mem type="survivor" free="0" total="1048576" percent="0" />
    </mem>
    <mem type="tenure" free="6062624" total="6291456" percent="96">
      <mem type="soa" free="5748256" total="5977088" percent="96" />
      <mem type="loa" free="314368" total="314368" percent="100" />
    </mem>
    <pending-finalizers system="0" default="0" reference="147" classloader="0" />
    <remembered-set count="3161" />
  </mem-info>
</gc-end>
<cycle-end id="10" type="scavenge" contextid="4" timestamp="2019-06-17T05:46:01.485" />
  <attribute name="elasticGC enabled" value="1" />
  <attribute name= "numThreadsSpecified" value="0" />
  <attribute name="heapSize specified" value="0" />
  <attribute name="Current GC Util" value="0" />
  <attribute name= "Current Time Running" value="80" />
  <attribute name ="GC Interval" value="1" />
  <attribute name="ProportionalT" value="0.000000" />
  <attribute name="ProportionalI" value="0.000000" />
  <attribute name="ProportionalH" value="0.000000" />
  <attribute name="Current Error" value="0.000000" />
  <attribute name="IntegralT" value="0.000000" />
  <attribute name="IntegralI" value="0.000000" />
  <attribute name="IntegralH" value="0.000000" />
  <attribute name="DerivativeT" value="0.000000" />
  <attribute name="DerivativeI" value="0.000000" />
  <attribute name="DerivativeH" value="0.000000" />
  <attribute name="Loop Time for DT" value="0.000000" />
  <attribute name="Output H" value="0"/>
  <attribute name="Output I" value="0"/>
  <attribute name="Output T" value="0"/>
  <attribute name="Target GC Util Change" value ="20.000000" />
  <attribute name="Current GC Util Change" value="0.000000"/>
  <attribute name="GC Util currently" value="0" />
  <attribute name="CPU Util currently" value="24" />
<allocation-satisfied id="11" threadId="000000000186D700" bytesRequested="7176" />
<af-end id="12" timestamp="2019-06-17T05:46:01.485" threadId="000000000186E088" success="true" from="nursery"/>
<exclusive-end id="13" timestamp="2019-06-17T05:46:01.485" durationms="12.479" />

<exclusive-start id="14" timestamp="2019-06-17T05:46:01.508" intervalms="35.963">
  <response-info timems="0.025" idlems="0.025" threads="0" lastid="000000000186D700" lastname="main" />
</exclusive-start>
<af-start id="15" threadId="000000000186E088" totalBytesRequested="3616" timestamp="2019-06-17T05:46:01.508" intervalms="35.740" type="nursery" />
<cycle-start id="16" type="scavenge" contextid="0" timestamp="2019-06-17T05:46:01.509" intervalms="35.398" />
<gc-start id="17" type="scavenge" contextid="16" timestamp="2019-06-17T05:46:01.513">
  <mem-info id="18" free="6054720" total="8388608" percent="72">
    <mem type="nursery" free="0" total="2097152" percent="0">
      <mem type="allocate" free="0" total="1048576" percent="0" />
      <mem type="survivor" free="0" total="1048576" percent="0" />
    </mem>
    <mem type="tenure" free="6054720" total="6291456" percent="96">
      <mem type="soa" free="5740352" total="5977088" percent="96" />
      <mem type="loa" free="314368" total="314368" percent="100" />
    </mem>
    <remembered-set count="3264" />
  </mem-info>
</gc-start>
<allocation-stats totalBytes="494032" >
  <allocated-bytes non-tlh="15080" tlh="478952" />
  <largest-consumer threadName="main" threadId="000000000186D700" bytes="482056" />
</allocation-stats>
<gc-op id="19" type="scavenge" timems="0.771" contextid="16" timestamp="2019-06-17T05:46:01.514">
  <scavenger-info tenureage="5" tenuremask="7fe0" tiltratio="50" />
  <memory-copied type="nursery" objects="10922" bytes="493536" bytesdiscarded="88192" />
  <finalization candidates="11" enqueued="0" />
  <references type="soft" candidates="62" cleared="0" enqueued="0" dynamicThreshold="32" maxThreshold="32" />
  <references type="weak" candidates="250" cleared="104" enqueued="101" />
  <references type="phantom" candidates="40" cleared="13" enqueued="13" />
</gc-op>
<gc-end id="20" type="scavenge" contextid="16" durationms="1.142" usertimems="0.000" systemtimems="0.000" timestamp="2019-06-17T05:46:01.514" activeThreads="4">
  <mem-info id="21" free="6520096" total="8388608" percent="77">
    <mem type="nursery" free="465376" total="2097152" percent="22">
      <mem type="allocate" free="465376" total="1048576" percent="44" />
      <mem type="survivor" free="0" total="1048576" percent="0" />
    </mem>
    <mem type="tenure" free="6054720" total="6291456" percent="96">
      <mem type="soa" free="5740352" total="5977088" percent="96" />
      <mem type="loa" free="314368" total="314368" percent="100" />
    </mem>
    <pending-finalizers system="0" default="0" reference="114" classloader="0" />
    <remembered-set count="3264" />
  </mem-info>
</gc-end>
<cycle-end id="22" type="scavenge" contextid="16" timestamp="2019-06-17T05:46:01.514" />
  <attribute name="elasticGC enabled" value="1" />
  <attribute name= "numThreadsSpecified" value="4" />
  <attribute name="heapSize specified" value="0" />
  <attribute name="Current GC Util" value="32" />
  <attribute name= "Current Time Running" value="114" />
  <attribute name ="GC Interval" value="424" />
  <attribute name="ProportionalT" value="12.000000" />
  <attribute name="ProportionalI" value="12.000000" />
  <attribute name="ProportionalH" value="12.000000" />
  <attribute name="Current Error" value="12.000000" />
  <attribute name="IntegralT" value="408.000000" />
  <attribute name="IntegralI" value="408.000000" />
  <attribute name="IntegralH" value="408.000000" />
  <attribute name="DerivativeT" value="0.352941" />
  <attribute name="DerivativeI" value="0.352941" />
  <attribute name="DerivativeH" value="0.352941" />
  <attribute name="Loop Time for DT" value="34.000000" />
  <attribute name="Output H" value="8388608"/>
  <attribute name="Output I" value="424"/>
  <attribute name="Output T" value="4"/>
  <attribute name="Target GC Util Change" value ="20.000000" />
  <attribute name="Current GC Util Change" value="32.000000"/>
  <attribute name="GC Util currently" value="32" />
  <attribute name="CPU Util currently" value="6" />
<allocation-satisfied id="23" threadId="000000000186D700" bytesRequested="3616" />
<af-end id="24" timestamp="2019-06-17T05:46:01.514" threadId="000000000186E088" success="true" from="nursery"/>
<exclusive-end id="25" timestamp="2019-06-17T05:46:01.514" durationms="5.970" />

<exclusive-start id="26" timestamp="2019-06-17T05:46:01.527" intervalms="18.867">
  <response-info timems="0.062" idlems="0.062" threads="0" lastid="000000000186D700" lastname="main" />
</exclusive-start>
<af-start id="27" threadId="000000000186E088" totalBytesRequested="1272" timestamp="2019-06-17T05:46:01.527" intervalms="18.919" type="nursery" />
<cycle-start id="28" type="scavenge" contextid="0" timestamp="2019-06-17T05:46:01.528" intervalms="18.916" />
<gc-start id="29" type="scavenge" contextid="28" timestamp="2019-06-17T05:46:01.528">
  <mem-info id="30" free="6050264" total="8388608" percent="72">
    <mem type="nursery" free="0" total="2097152" percent="0">
      <mem type="allocate" free="0" total="1048576" percent="0" />
      <mem type="survivor" free="0" total="1048576" percent="0" />
    </mem>
    <mem type="tenure" free="6050264" total="6291456" percent="96">
      <mem type="soa" free="5735896" total="5977088" percent="95" />
      <mem type="loa" free="314368" total="314368" percent="100" />
    </mem>
    <remembered-set count="3335" />
  </mem-info>
</gc-start>
<allocation-stats totalBytes="454896" >
  <allocated-bytes non-tlh="8072" tlh="446824" />
  <largest-consumer threadName="main" threadId="000000000186D700" bytes="446704" />
</allocation-stats>
<gc-op id="31" type="scavenge" timems="0.941" contextid="28" timestamp="2019-06-17T05:46:01.529">
  <scavenger-info tenureage="4" tenuremask="7ff0" tiltratio="50" />
  <memory-copied type="nursery" objects="10961" bytes="543200" bytesdiscarded="108424" />
  <finalization candidates="11" enqueued="0" />
  <references type="soft" candidates="62" cleared="0" enqueued="0" dynamicThreshold="32" maxThreshold="32" />
  <references type="weak" candidates="226" cleared="78" enqueued="78" />
  <references type="phantom" candidates="40" cleared="11" enqueued="11" />
</gc-op>
<gc-end id="32" type="scavenge" contextid="28" durationms="1.213" usertimems="0.000" systemtimems="0.000" timestamp="2019-06-17T05:46:01.529" activeThreads="4">
  <mem-info id="33" free="6445752" total="8388608" percent="76">
    <mem type="nursery" free="395488" total="2097152" percent="18">
      <mem type="allocate" free="395488" total="1048576" percent="37" />
      <mem type="survivor" free="0" total="1048576" percent="0" />
    </mem>
    <mem type="tenure" free="6050264" total="6291456" percent="96">
      <mem type="soa" free="5735896" total="5977088" percent="95" />
      <mem type="loa" free="314368" total="314368" percent="100" />
    </mem>
    <pending-finalizers system="0" default="0" reference="89" classloader="0" />
    <remembered-set count="1065" />
  </mem-info>
</gc-end>
<cycle-end id="34" type="scavenge" contextid="28" timestamp="2019-06-17T05:46:01.529" />
  <attribute name="elasticGC enabled" value="1" />
  <attribute name= "numThreadsSpecified" value="4" />
  <attribute name="heapSize specified" value="0" />
  <attribute name="Current GC Util" value="35" />
  <attribute name= "Current Time Running" value="129" />
  <attribute name ="GC Interval" value="648" />
  <attribute name="ProportionalT" value="15.000000" />
  <attribute name="ProportionalI" value="15.000000" />
  <attribute name="ProportionalH" value="15.000000" />
  <attribute name="Current Error" value="15.000000" />
  <attribute name="IntegralT" value="633.000000" />
  <attribute name="IntegralI" value="633.000000" />
  <attribute name="IntegralH" value="633.000000" />
  <attribute name="DerivativeT" value="0.200000" />
  <attribute name="DerivativeI" value="0.200000" />
  <attribute name="DerivativeH" value="0.200000" />
  <attribute name="Loop Time for DT" value="15.000000" />
  <attribute name="Output H" value="8388608"/>
  <attribute name="Output I" value="648"/>
  <attribute name="Output T" value="4"/>
  <attribute name="Target GC Util Change" value ="20.000000" />
  <attribute name="Current GC Util Change" value="35.000000"/>
  <attribute name="GC Util currently" value="35" />
  <attribute name="CPU Util currently" value="22" />
<allocation-satisfied id="35" threadId="000000000186D700" bytesRequested="1272" />
<af-end id="36" timestamp="2019-06-17T05:46:01.529" threadId="000000000186E088" success="true" from="nursery"/>
<exclusive-end id="37" timestamp="2019-06-17T05:46:01.529" durationms="2.040" />

<exclusive-start id="38" timestamp="2019-06-17T05:46:01.781" intervalms="253.269">
  <response-info timems="0.027" idlems="0.027" threads="0" lastid="000000000186D700" lastname="main" />
</exclusive-start>
<af-start id="39" threadId="000000000186E088" totalBytesRequested="8200" timestamp="2019-06-17T05:46:01.781" intervalms="253.220" type="nursery" />
<cycle-start id="40" type="scavenge" contextid="0" timestamp="2019-06-17T05:46:01.781" intervalms="253.188" />
<gc-start id="41" type="scavenge" contextid="40" timestamp="2019-06-17T05:46:01.781">
  <mem-info id="42" free="6048480" total="8388608" percent="72">
    <mem type="nursery" free="0" total="2097152" percent="0">
      <mem type="allocate" free="0" total="1048576" percent="0" />
      <mem type="survivor" free="0" total="1048576" percent="0" />
    </mem>
    <mem type="tenure" free="6048480" total="6291456" percent="96">
      <mem type="soa" free="5734112" total="5977088" percent="95" />
      <mem type="loa" free="314368" total="314368" percent="100" />
    </mem>
    <remembered-set count="1091" />
  </mem-info>
</gc-start>
<allocation-stats totalBytes="388456" >
  <allocated-bytes non-tlh="46104" tlh="342352" />
  <largest-consumer threadName="main" threadId="000000000186D700" bytes="388456" />
</allocation-stats>
<gc-op id="43" type="scavenge" timems="1.110" contextid="40" timestamp="2019-06-17T05:46:01.782">
  <scavenger-info tenureage="3" tenuremask="fff8" tiltratio="50" />
  <memory-copied type="nursery" objects="713" bytes="180368" bytesdiscarded="37424" />
  <memory-copied type="tenure" objects="10289" bytes="459824" bytesdiscarded="136" />
  <finalization candidates="13" enqueued="0" />
  <references type="soft" candidates="1" cleared="0" enqueued="0" dynamicThreshold="32" maxThreshold="32" />
  <references type="weak" candidates="53" cleared="37" enqueued="37" />
  <references type="phantom" candidates="20" cleared="9" enqueued="9" />
</gc-op>
<gc-end id="44" type="scavenge" contextid="40" durationms="1.383" usertimems="4.000" systemtimems="0.000" timestamp="2019-06-17T05:46:01.782" activeThreads="4">
  <mem-info id="45" free="6305096" total="8388608" percent="75">
    <mem type="nursery" free="830728" total="2097152" percent="39">
      <mem type="allocate" free="830728" total="1048576" percent="79" />
      <mem type="survivor" free="0" total="1048576" percent="0" />
    </mem>
    <mem type="tenure" free="5474368" total="6291456" percent="87">
      <mem type="soa" free="5160000" total="5977088" percent="86" />
      <mem type="loa" free="314368" total="314368" percent="100" />
    </mem>
    <pending-finalizers system="0" default="0" reference="46" classloader="0" />
    <remembered-set count="206" />
  </mem-info>
</gc-end>
<cycle-end id="46" type="scavenge" contextid="40" timestamp="2019-06-17T05:46:01.782" />
  <attribute name="elasticGC enabled" value="1" />
  <attribute name= "numThreadsSpecified" value="4" />
  <attribute name="heapSize specified" value="0" />
  <attribute name="Current GC Util" value="0" />
  <attribute name= "Current Time Running" value="382" />
  <attribute name ="GC Interval" value="200" />
  <attribute name="ProportionalT" value="-20.000000" />
  <attribute name="ProportionalI" value="-20.000000" />
  <attribute name="ProportionalH" value="-20.000000" />
  <attribute name="Current Error" value="-20.000000" />
  <attribute name="IntegralT" value="-4427.000000" />
  <attribute name="IntegralI" value="-4427.000000" />
  <attribute name="IntegralH" value="-4427.000000" />
  <attribute name="DerivativeT" value="-0.138340" />
  <attribute name="DerivativeI" value="-0.138340" />
  <attribute name="DerivativeH" value="-0.138340" />
  <attribute name="Loop Time for DT" value="253.000000" />
  <attribute name="Output H" value="2092630016"/>
  <attribute name="Output I" value="200"/>
  <attribute name="Output T" value="4"/>
  <attribute name="Target GC Util Change" value ="20.000000" />
  <attribute name="Current GC Util Change" value="0.000000"/>
  <attribute name="GC Util currently" value="0" />
  <attribute name="CPU Util currently" value="2" />
<allocation-satisfied id="47" threadId="000000000186D700" bytesRequested="8200" />
<af-end id="48" timestamp="2019-06-17T05:46:01.783" threadId="000000000186E088" success="true" from="nursery"/>
<exclusive-end id="49" timestamp="2019-06-17T05:46:01.783" durationms="2.035" />

<exclusive-start id="50" timestamp="2019-06-17T05:46:03.610" intervalms="1829.268">
  <response-info timems="0.027" idlems="0.027" threads="0" lastid="000000000186D700" lastname="main" />
</exclusive-start>
<af-start id="51" threadId="000000000186E088" totalBytesRequested="2056" timestamp="2019-06-17T05:46:03.610" intervalms="1829.294" type="nursery" />
<cycle-start id="52" type="scavenge" contextid="0" timestamp="2019-06-17T05:46:03.610" intervalms="1829.267" />
<gc-start id="53" type="scavenge" contextid="52" timestamp="2019-06-17T05:46:03.610">
  <mem-info id="54" free="5473448" total="8388608" percent="65">
    <mem type="nursery" free="0" total="2097152" percent="0">
      <mem type="allocate" free="0" total="1048576" percent="0" />
      <mem type="survivor" free="0" total="1048576" percent="0" />
    </mem>
    <mem type="tenure" free="5473448" total="6291456" percent="86">
      <mem type="soa" free="5159080" total="5977088" percent="86" />
      <mem type="loa" free="314368" total="314368" percent="100" />
    </mem>
    <remembered-set count="227" />
  </mem-info>
</gc-start>
<allocation-stats totalBytes="824696" >
  <allocated-bytes non-tlh="9120" tlh="815576" />
  <largest-consumer threadName="main" threadId="000000000186D700" bytes="824696" />
</allocation-stats>
<gc-op id="55" type="scavenge" timems="0.536" contextid="52" timestamp="2019-06-17T05:46:03.611">
  <scavenger-info tenureage="3" tenuremask="7ff8" tiltratio="50" />
  <memory-copied type="nursery" objects="445" bytes="126408" bytesdiscarded="48400" />
  <memory-copied type="tenure" objects="307" bytes="15688" bytesdiscarded="0" />
  <finalization candidates="3" enqueued="1" />
  <references type="soft" candidates="1" cleared="0" enqueued="0" dynamicThreshold="32" maxThreshold="32" />
  <references type="weak" candidates="9" cleared="7" enqueued="7" />
  <references type="phantom" candidates="10" cleared="5" enqueued="5" />
</gc-op>
<gc-end id="56" type="scavenge" contextid="52" durationms="0.749" usertimems="0.000" systemtimems="0.000" timestamp="2019-06-17T05:46:03.611" activeThreads="4">
  <mem-info id="57" free="6307968" total="8388608" percent="75">
    <mem type="nursery" free="873688" total="2097152" percent="41">
      <mem type="allocate" free="873688" total="1048576" percent="83" />
      <mem type="survivor" free="0" total="1048576" percent="0" />
    </mem>
    <mem type="tenure" free="5434280" total="6291456" percent="86">
      <mem type="soa" free="5119912" total="5977088" percent="85" />
      <mem type="loa" free="314368" total="314368" percent="100" />
    </mem>
    <pending-finalizers system="1" default="0" reference="12" classloader="0" />
    <remembered-set count="142" />
  </mem-info>
</gc-end>
<cycle-end id="58" type="scavenge" contextid="52" timestamp="2019-06-17T05:46:03.611" />
  <attribute name="elasticGC enabled" value="1" />
  <attribute name= "numThreadsSpecified" value="4" />
  <attribute name="heapSize specified" value="0" />
  <attribute name="Current GC Util" value="0" />
  <attribute name= "Current Time Running" value="2211" />
  <attribute name ="GC Interval" value="200" />
  <attribute name="ProportionalT" value="-20.000000" />
  <attribute name="ProportionalI" value="-20.000000" />
  <attribute name="ProportionalH" value="-20.000000" />
  <attribute name="Current Error" value="-20.000000" />
  <attribute name="IntegralT" value="-41007.000000" />
  <attribute name="IntegralI" value="-41007.000000" />
  <attribute name="IntegralH" value="-41007.000000" />
  <attribute name="DerivativeT" value="-0.010935" />
  <attribute name="DerivativeI" value="-0.010935" />
  <attribute name="DerivativeH" value="-0.010935" />
  <attribute name="Loop Time for DT" value="1829.000000" />
  <attribute name="Output H" value="2092630016"/>
  <attribute name="Output I" value="200"/>
  <attribute name="Output T" value="4"/>
  <attribute name="Target GC Util Change" value ="20.000000" />
  <attribute name="Current GC Util Change" value="0.000000"/>
  <attribute name="GC Util currently" value="0" />
  <attribute name="CPU Util currently" value="2" />
<allocation-satisfied id="59" threadId="000000000186D700" bytesRequested="2056" />
<af-end id="60" timestamp="2019-06-17T05:46:03.611" threadId="000000000186E088" success="true" from="nursery"/>
<exclusive-end id="61" timestamp="2019-06-17T05:46:03.611" durationms="1.234" />

<exclusive-start id="62" timestamp="2019-06-17T05:46:03.824" intervalms="214.659">
  <response-info timems="0.026" idlems="0.026" threads="0" lastid="000000000186D700" lastname="main" />
</exclusive-start>
<af-start id="63" threadId="000000000186E088" totalBytesRequested="2056" timestamp="2019-06-17T05:46:03.825" intervalms="214.618" type="nursery" />
<cycle-start id="64" type="scavenge" contextid="0" timestamp="2019-06-17T05:46:03.825" intervalms="214.614" />
<gc-start id="65" type="scavenge" contextid="64" timestamp="2019-06-17T05:46:03.825">
  <mem-info id="66" free="5434280" total="8388608" percent="64">
    <mem type="nursery" free="0" total="2097152" percent="0">
      <mem type="allocate" free="0" total="1048576" percent="0" />
      <mem type="survivor" free="0" total="1048576" percent="0" />
    </mem>
    <mem type="tenure" free="5434280" total="6291456" percent="86">
      <mem type="soa" free="5119912" total="5977088" percent="85" />
      <mem type="loa" free="314368" total="314368" percent="100" />
    </mem>
    <remembered-set count="144" />
  </mem-info>
</gc-start>
<allocation-stats totalBytes="863432" >
  <allocated-bytes non-tlh="2056" tlh="861376" />
  <largest-consumer threadName="main" threadId="000000000186D700" bytes="863432" />
</allocation-stats>
<gc-op id="67" type="scavenge" timems="0.299" contextid="64" timestamp="2019-06-17T05:46:03.825">
  <scavenger-info tenureage="3" tenuremask="fff8" tiltratio="50" />
  <memory-copied type="nursery" objects="372" bytes="83872" bytesdiscarded="18976" />
  <memory-copied type="tenure" objects="44" bytes="2592" bytesdiscarded="0" />
  <finalization candidates="2" enqueued="0" />
  <references type="soft" candidates="1" cleared="0" enqueued="0" dynamicThreshold="32" maxThreshold="32" />
  <references type="weak" candidates="1" cleared="0" enqueued="0" />
  <references type="phantom" candidates="5" cleared="0" enqueued="0" />
</gc-op>
<gc-end id="68" type="scavenge" contextid="64" durationms="0.514" usertimems="4.000" systemtimems="0.000" timestamp="2019-06-17T05:46:03.825" activeThreads="4">
  <mem-info id="69" free="6511000" total="8388608" percent="77">
    <mem type="nursery" free="1076720" total="2097152" percent="51">
      <mem type="allocate" free="1076720" total="1179648" percent="91" />
      <mem type="survivor" free="0" total="917504" percent="0" />
    </mem>
    <mem type="tenure" free="5434280" total="6291456" percent="86">
      <mem type="soa" free="5119912" total="5977088" percent="85" />
      <mem type="loa" free="314368" total="314368" percent="100" />
    </mem>
    <remembered-set count="97" />
  </mem-info>
</gc-end>
<cycle-end id="70" type="scavenge" contextid="64" timestamp="2019-06-17T05:46:03.825" />
  <attribute name="elasticGC enabled" value="1" />
  <attribute name= "numThreadsSpecified" value="4" />
  <attribute name="heapSize specified" value="0" />
  <attribute name="Current GC Util" value="0" />
  <attribute name= "Current Time Running" value="2426" />
  <attribute name ="GC Interval" value="200" />
  <attribute name="ProportionalT" value="-20.000000" />
  <attribute name="ProportionalI" value="-20.000000" />
  <attribute name="ProportionalH" value="-20.000000" />
  <attribute name="Current Error" value="-20.000000" />
  <attribute name="IntegralT" value="-45307.000000" />
  <attribute name="IntegralI" value="-45307.000000" />
  <attribute name="IntegralH" value="-45307.000000" />
  <attribute name="DerivativeT" value="-0.093023" />
  <attribute name="DerivativeI" value="-0.093023" />
  <attribute name="DerivativeH" value="-0.093023" />
  <attribute name="Loop Time for DT" value="215.000000" />
  <attribute name="Output H" value="2092630016"/>
  <attribute name="Output I" value="200"/>
  <attribute name="Output T" value="4"/>
  <attribute name="Target GC Util Change" value ="20.000000" />
  <attribute name="Current GC Util Change" value="0.000000"/>
  <attribute name="GC Util currently" value="0" />
  <attribute name="CPU Util currently" value="6" />
<allocation-satisfied id="71" threadId="000000000186D700" bytesRequested="2056" />
<af-end id="72" timestamp="2019-06-17T05:46:03.825" threadId="000000000186E088" success="true" from="nursery"/>
<exclusive-end id="73" timestamp="2019-06-17T05:46:03.825" durationms="0.946" />

<exclusive-start id="74" timestamp="2019-06-17T05:46:04.011" intervalms="186.922">
  <response-info timems="0.026" idlems="0.026" threads="0" lastid="000000000186D700" lastname="main" />
</exclusive-start>
<af-start id="75" threadId="000000000186E088" totalBytesRequested="2056" timestamp="2019-06-17T05:46:04.011" intervalms="186.916" type="nursery" />
<cycle-start id="76" type="scavenge" contextid="0" timestamp="2019-06-17T05:46:04.012" intervalms="186.910" />
<gc-start id="77" type="scavenge" contextid="76" timestamp="2019-06-17T05:46:04.012">
  <mem-info id="78" free="5434280" total="8388608" percent="64">
    <mem type="nursery" free="0" total="2097152" percent="0">
      <mem type="allocate" free="0" total="1179648" percent="0" />
      <mem type="survivor" free="0" total="917504" percent="0" />
    </mem>
    <mem type="tenure" free="5434280" total="6291456" percent="86">
      <mem type="soa" free="5119912" total="5977088" percent="85" />
      <mem type="loa" free="314368" total="314368" percent="100" />
    </mem>
    <remembered-set count="97" />
  </mem-info>
</gc-start>
<allocation-stats totalBytes="1067464" >
  <allocated-bytes non-tlh="2056" tlh="1065408" />
  <largest-consumer threadName="main" threadId="000000000186D700" bytes="1067464" />
</allocation-stats>
<gc-op id="79" type="scavenge" timems="0.283" contextid="76" timestamp="2019-06-17T05:46:04.012">
  <scavenger-info tenureage="4" tenuremask="fff0" tiltratio="56" />
  <memory-copied type="nursery" objects="371" bytes="81840" bytesdiscarded="60176" />
  <finalization candidates="2" enqueued="0" />
  <references type="soft" candidates="1" cleared="0" enqueued="0" dynamicThreshold="32" maxThreshold="32" />
  <references type="weak" candidates="1" cleared="0" enqueued="0" />
  <references type="phantom" candidates="5" cleared="0" enqueued="0" />
</gc-op>
<gc-end id="80" type="scavenge" contextid="76" durationms="0.461" usertimems="0.000" systemtimems="0.000" timestamp="2019-06-17T05:46:04.012" activeThreads="4">
  <mem-info id="81" free="6602904" total="8388608" percent="78">
    <mem type="nursery" free="1168624" total="2097152" percent="55">
      <mem type="allocate" free="1168624" total="1310720" percent="89" />
      <mem type="survivor" free="0" total="786432" percent="0" />
    </mem>
    <mem type="tenure" free="5434280" total="6291456" percent="86">
      <mem type="soa" free="5119912" total="5977088" percent="85" />
      <mem type="loa" free="314368" total="314368" percent="100" />
    </mem>
    <remembered-set count="85" />
  </mem-info>
</gc-end>
<cycle-end id="82" type="scavenge" contextid="76" timestamp="2019-06-17T05:46:04.012" />
  <attribute name="elasticGC enabled" value="1" />
  <attribute name= "numThreadsSpecified" value="4" />
  <attribute name="heapSize specified" value="0" />
  <attribute name="Current GC Util" value="0" />
  <attribute name= "Current Time Running" value="2613" />
  <attribute name ="GC Interval" value="200" />
  <attribute name="ProportionalT" value="-20.000000" />
  <attribute name="ProportionalI" value="-20.000000" />
  <attribute name="ProportionalH" value="-20.000000" />
  <attribute name="Current Error" value="-20.000000" />
  <attribute name="IntegralT" value="-3740.000000" />
  <attribute name="IntegralI" value="-3740.000000" />
  <attribute name="IntegralH" value="-3740.000000" />
  <attribute name="DerivativeT" value="-0.106952" />
  <attribute name="DerivativeI" value="-0.106952" />
  <attribute name="DerivativeH" value="-0.106952" />
  <attribute name="Loop Time for DT" value="187.000000" />
  <attribute name="Output H" value="2092630016"/>
  <attribute name="Output I" value="200"/>
  <attribute name="Output T" value="4"/>
  <attribute name="Target GC Util Change" value ="20.000000" />
  <attribute name="Current GC Util Change" value="0.000000"/>
  <attribute name="GC Util currently" value="0" />
  <attribute name="CPU Util currently" value="9" />
<allocation-satisfied id="83" threadId="000000000186D700" bytesRequested="2056" />
<af-end id="84" timestamp="2019-06-17T05:46:04.012" threadId="000000000186E088" success="true" from="nursery"/>
<exclusive-end id="85" timestamp="2019-06-17T05:46:04.012" durationms="0.878" />

<exclusive-start id="86" timestamp="2019-06-17T05:46:04.221" intervalms="209.331">
  <response-info timems="0.029" idlems="0.029" threads="0" lastid="000000000186D700" lastname="main" />
</exclusive-start>
<af-start id="87" threadId="000000000186E088" totalBytesRequested="2056" timestamp="2019-06-17T05:46:04.221" intervalms="209.340" type="nursery" />
<cycle-start id="88" type="scavenge" contextid="0" timestamp="2019-06-17T05:46:04.221" intervalms="209.342" />
<gc-start id="89" type="scavenge" contextid="88" timestamp="2019-06-17T05:46:04.221">
  <mem-info id="90" free="5434280" total="8388608" percent="64">
    <mem type="nursery" free="0" total="2097152" percent="0">
      <mem type="allocate" free="0" total="1310720" percent="0" />
      <mem type="survivor" free="0" total="786432" percent="0" />
    </mem>
    <mem type="tenure" free="5434280" total="6291456" percent="86">
      <mem type="soa" free="5119912" total="5977088" percent="85" />
      <mem type="loa" free="314368" total="314368" percent="100" />
    </mem>
    <remembered-set count="85" />
  </mem-info>
</gc-start>
<allocation-stats totalBytes="1154824" >
  <allocated-bytes non-tlh="2056" tlh="1152768" />
  <largest-consumer threadName="main" threadId="000000000186D700" bytes="1154824" />
</allocation-stats>
<gc-op id="91" type="scavenge" timems="0.318" contextid="88" timestamp="2019-06-17T05:46:04.221">
  <scavenger-info tenureage="3" tenuremask="fff8" tiltratio="62" />
  <memory-copied type="nursery" objects="13" bytes="536" bytesdiscarded="38616" />
  <memory-copied type="tenure" objects="358" bytes="81352" bytesdiscarded="448" />
  <finalization candidates="2" enqueued="0" />
  <references type="phantom" candidates="1" cleared="0" enqueued="0" />
</gc-op>
<gc-end id="92" type="scavenge" contextid="88" durationms="0.488" usertimems="0.000" systemtimems="0.000" timestamp="2019-06-17T05:46:04.221" activeThreads="4">
  <mem-info id="93" free="6789536" total="8388608" percent="80">
    <mem type="nursery" free="1402624" total="2097152" percent="66">
      <mem type="allocate" free="1402624" total="1441792" percent="97" />
      <mem type="survivor" free="0" total="655360" percent="0" />
    </mem>
    <mem type="tenure" free="5386912" total="6291456" percent="85">
      <mem type="soa" free="5072544" total="5977088" percent="84" />
      <mem type="loa" free="314368" total="314368" percent="100" />
    </mem>
    <remembered-set count="62" />
  </mem-info>
</gc-end>
<cycle-end id="94" type="scavenge" contextid="88" timestamp="2019-06-17T05:46:04.221" />
  <attribute name="elasticGC enabled" value="1" />
  <attribute name= "numThreadsSpecified" value="4" />
  <attribute name="heapSize specified" value="0" />
  <attribute name="Current GC Util" value="0" />
  <attribute name= "Current Time Running" value="2822" />
  <attribute name ="GC Interval" value="200" />
  <attribute name="ProportionalT" value="-20.000000" />
  <attribute name="ProportionalI" value="-20.000000" />
  <attribute name="ProportionalH" value="-20.000000" />
  <attribute name="Current Error" value="-20.000000" />
  <attribute name="IntegralT" value="-4180.000000" />
  <attribute name="IntegralI" value="-4180.000000" />
  <attribute name="IntegralH" value="-4180.000000" />
  <attribute name="DerivativeT" value="-0.095694" />
  <attribute name="DerivativeI" value="-0.095694" />
  <attribute name="DerivativeH" value="-0.095694" />
  <attribute name="Loop Time for DT" value="209.000000" />
  <attribute name="Output H" value="2092630016"/>
  <attribute name="Output I" value="200"/>
  <attribute name="Output T" value="4"/>
  <attribute name="Target GC Util Change" value ="20.000000" />
  <attribute name="Current GC Util Change" value="0.000000"/>
  <attribute name="GC Util currently" value="0" />
  <attribute name="CPU Util currently" value="3" />
<allocation-satisfied id="95" threadId="000000000186D700" bytesRequested="2056" />
<af-end id="96" timestamp="2019-06-17T05:46:04.222" threadId="000000000186E088" success="true" from="nursery"/>
<exclusive-end id="97" timestamp="2019-06-17T05:46:04.222" durationms="0.918" />

<exclusive-start id="98" timestamp="2019-06-17T05:46:04.527" intervalms="306.358">
  <response-info timems="0.029" idlems="0.029" threads="0" lastid="000000000186D700" lastname="main" />
</exclusive-start>
<af-start id="99" threadId="000000000186E088" totalBytesRequested="2056" timestamp="2019-06-17T05:46:04.527" intervalms="306.359" type="nursery" />
<cycle-start id="100" type="scavenge" contextid="0" timestamp="2019-06-17T05:46:04.527" intervalms="306.362" />
<gc-start id="101" type="scavenge" contextid="100" timestamp="2019-06-17T05:46:04.527">
  <mem-info id="102" free="5386912" total="8388608" percent="64">
    <mem type="nursery" free="0" total="2097152" percent="0">
      <mem type="allocate" free="0" total="1441792" percent="0" />
      <mem type="survivor" free="0" total="655360" percent="0" />
    </mem>
    <mem type="tenure" free="5386912" total="6291456" percent="85">
      <mem type="soa" free="5072544" total="5977088" percent="84" />
      <mem type="loa" free="314368" total="314368" percent="100" />
    </mem>
    <remembered-set count="62" />
  </mem-info>
</gc-start>
<allocation-stats totalBytes="1390848" >
  <allocated-bytes non-tlh="2056" tlh="1388792" />
  <largest-consumer threadName="main" threadId="000000000186D700" bytes="1390848" />
</allocation-stats>
<gc-op id="103" type="scavenge" timems="0.219" contextid="100" timestamp="2019-06-17T05:46:04.528">
  <scavenger-info tenureage="3" tenuremask="ffc8" tiltratio="68" />
  <memory-copied type="nursery" objects="13" bytes="576" bytesdiscarded="77744" />
  <references type="phantom" candidates="1" cleared="0" enqueued="0" />
</gc-op>
<gc-end id="104" type="scavenge" contextid="100" durationms="0.394" usertimems="0.000" systemtimems="0.000" timestamp="2019-06-17T05:46:04.528" activeThreads="4">
  <mem-info id="105" free="6881440" total="8388608" percent="82">
    <mem type="nursery" free="1494528" total="2097152" percent="71">
      <mem type="allocate" free="1494528" total="1572864" percent="95" />
      <mem type="survivor" free="0" total="524288" percent="0" />
    </mem>
    <mem type="tenure" free="5386912" total="6291456" percent="85">
      <mem type="soa" free="5072544" total="5977088" percent="84" />
      <mem type="loa" free="314368" total="314368" percent="100" />
    </mem>
    <remembered-set count="62" />
  </mem-info>
</gc-end>
<cycle-end id="106" type="scavenge" contextid="100" timestamp="2019-06-17T05:46:04.528" />
  <attribute name="elasticGC enabled" value="1" />
  <attribute name= "numThreadsSpecified" value="4" />
  <attribute name="heapSize specified" value="0" />
  <attribute name="Current GC Util" value="0" />
  <attribute name= "Current Time Running" value="3128" />
  <attribute name ="GC Interval" value="200" />
  <attribute name="ProportionalT" value="-20.000000" />
  <attribute name="ProportionalI" value="-20.000000" />
  <attribute name="ProportionalH" value="-20.000000" />
  <attribute name="Current Error" value="-20.000000" />
  <attribute name="IntegralT" value="-6120.000000" />
  <attribute name="IntegralI" value="-6120.000000" />
  <attribute name="IntegralH" value="-6120.000000" />
  <attribute name="DerivativeT" value="-0.065359" />
  <attribute name="DerivativeI" value="-0.065359" />
  <attribute name="DerivativeH" value="-0.065359" />
  <attribute name="Loop Time for DT" value="306.000000" />
  <attribute name="Output H" value="2092630016"/>
  <attribute name="Output I" value="200"/>
  <attribute name="Output T" value="4"/>
  <attribute name="Target GC Util Change" value ="20.000000" />
  <attribute name="Current GC Util Change" value="0.000000"/>
  <attribute name="GC Util currently" value="0" />
  <attribute name="CPU Util currently" value="8" />
<allocation-satisfied id="107" threadId="000000000186D700" bytesRequested="2056" />
<af-end id="108" timestamp="2019-06-17T05:46:04.528" threadId="000000000186E088" success="true" from="nursery"/>
<exclusive-end id="109" timestamp="2019-06-17T05:46:04.528" durationms="0.831" />

<exclusive-start id="110" timestamp="2019-06-17T05:46:04.799" intervalms="271.558">
  <response-info timems="0.024" idlems="0.024" threads="0" lastid="000000000186D700" lastname="main" />
</exclusive-start>
<af-start id="111" threadId="000000000186E088" totalBytesRequested="2056" timestamp="2019-06-17T05:46:04.799" intervalms="271.557" type="nursery" />
<cycle-start id="112" type="scavenge" contextid="0" timestamp="2019-06-17T05:46:04.799" intervalms="271.555" />
<gc-start id="113" type="scavenge" contextid="112" timestamp="2019-06-17T05:46:04.799">
  <mem-info id="114" free="5386912" total="8388608" percent="64">
    <mem type="nursery" free="0" total="2097152" percent="0">
      <mem type="allocate" free="0" total="1572864" percent="0" />
      <mem type="survivor" free="0" total="524288" percent="0" />
    </mem>
    <mem type="tenure" free="5386912" total="6291456" percent="85">
      <mem type="soa" free="5072544" total="5977088" percent="84" />
      <mem type="loa" free="314368" total="314368" percent="100" />
    </mem>
    <remembered-set count="62" />
  </mem-info>
</gc-start>
<allocation-stats totalBytes="1480680" >
  <allocated-bytes non-tlh="2056" tlh="1478624" />
  <largest-consumer threadName="main" threadId="000000000186D700" bytes="1480680" />
</allocation-stats>
<gc-op id="115" type="scavenge" timems="0.216" contextid="112" timestamp="2019-06-17T05:46:04.799">
  <scavenger-info tenureage="3" tenuremask="fff8" tiltratio="75" />
  <memory-copied type="nursery" objects="13" bytes="504" bytesdiscarded="77816" />
  <references type="phantom" candidates="1" cleared="0" enqueued="0" />
</gc-op>
<gc-end id="116" type="scavenge" contextid="112" durationms="0.389" usertimems="0.000" systemtimems="0.000" timestamp="2019-06-17T05:46:04.799" activeThreads="4">
  <mem-info id="117" free="6946976" total="8388608" percent="82">
    <mem type="nursery" free="1560064" total="2097152" percent="74">
      <mem type="allocate" free="1560064" total="1638400" percent="95" />
      <mem type="survivor" free="0" total="458752" percent="0" />
    </mem>
    <mem type="tenure" free="5386912" total="6291456" percent="85">
      <mem type="soa" free="5072544" total="5977088" percent="84" />
      <mem type="loa" free="314368" total="314368" percent="100" />
    </mem>
    <remembered-set count="62" />
  </mem-info>
</gc-end>
<cycle-end id="118" type="scavenge" contextid="112" timestamp="2019-06-17T05:46:04.799" />
  <attribute name="elasticGC enabled" value="1" />
  <attribute name= "numThreadsSpecified" value="4" />
  <attribute name="heapSize specified" value="0" />
  <attribute name="Current GC Util" value="0" />
  <attribute name= "Current Time Running" value="3400" />
  <attribute name ="GC Interval" value="200" />
  <attribute name="ProportionalT" value="-20.000000" />
  <attribute name="ProportionalI" value="-20.000000" />
  <attribute name="ProportionalH" value="-20.000000" />
  <attribute name="Current Error" value="-20.000000" />
  <attribute name="IntegralT" value="-5440.000000" />
  <attribute name="IntegralI" value="-5440.000000" />
  <attribute name="IntegralH" value="-5440.000000" />
  <attribute name="DerivativeT" value="-0.073529" />
  <attribute name="DerivativeI" value="-0.073529" />
  <attribute name="DerivativeH" value="-0.073529" />
  <attribute name="Loop Time for DT" value="272.000000" />
  <attribute name="Output H" value="2092630016"/>
  <attribute name="Output I" value="200"/>
  <attribute name="Output T" value="4"/>
  <attribute name="Target GC Util Change" value ="20.000000" />
  <attribute name="Current GC Util Change" value="0.000000"/>
  <attribute name="GC Util currently" value="0" />
  <attribute name="CPU Util currently" value="14" />
<allocation-satisfied id="119" threadId="000000000186D700" bytesRequested="2056" />
<af-end id="120" timestamp="2019-06-17T05:46:04.799" threadId="000000000186E088" success="true" from="nursery"/>
<exclusive-end id="121" timestamp="2019-06-17T05:46:04.799" durationms="0.824" />

<exclusive-start id="122" timestamp="2019-06-17T05:46:05.003" intervalms="203.905">
  <response-info timems="0.030" idlems="0.030" threads="0" lastid="000000000186D700" lastname="main" />
</exclusive-start>
<af-start id="123" threadId="000000000186E088" totalBytesRequested="2056" timestamp="2019-06-17T05:46:05.003" intervalms="203.907" type="nursery" />
<cycle-start id="124" type="scavenge" contextid="0" timestamp="2019-06-17T05:46:05.003" intervalms="203.909" />
<gc-start id="125" type="scavenge" contextid="124" timestamp="2019-06-17T05:46:05.003">
  <mem-info id="126" free="5386912" total="8388608" percent="64">
    <mem type="nursery" free="0" total="2097152" percent="0">
      <mem type="allocate" free="0" total="1638400" percent="0" />
      <mem type="survivor" free="0" total="458752" percent="0" />
    </mem>
    <mem type="tenure" free="5386912" total="6291456" percent="85">
      <mem type="soa" free="5072544" total="5977088" percent="84" />
      <mem type="loa" free="314368" total="314368" percent="100" />
    </mem>
    <remembered-set count="62" />
  </mem-info>
</gc-start>
<allocation-stats totalBytes="1548336" >
  <allocated-bytes non-tlh="2056" tlh="1546280" />
  <largest-consumer threadName="main" threadId="000000000186D700" bytes="1548336" />
</allocation-stats>
<gc-op id="127" type="scavenge" timems="0.213" contextid="124" timestamp="2019-06-17T05:46:05.003">
  <scavenger-info tenureage="3" tenuremask="fff8" tiltratio="78" />
  <memory-copied type="nursery" objects="13" bytes="520" bytesdiscarded="77800" />
  <references type="phantom" candidates="1" cleared="0" enqueued="0" />
</gc-op>
<gc-end id="128" type="scavenge" contextid="124" durationms="0.389" usertimems="0.000" systemtimems="0.000" timestamp="2019-06-17T05:46:05.003" activeThreads="4">
  <mem-info id="129" free="7078048" total="8388608" percent="84">
    <mem type="nursery" free="1691136" total="2097152" percent="80">
      <mem type="allocate" free="1691136" total="1769472" percent="95" />
      <mem type="survivor" free="0" total="327680" percent="0" />
    </mem>
    <mem type="tenure" free="5386912" total="6291456" percent="85">
      <mem type="soa" free="5072544" total="5977088" percent="84" />
      <mem type="loa" free="314368" total="314368" percent="100" />
    </mem>
    <remembered-set count="62" />
  </mem-info>
</gc-end>
<cycle-end id="130" type="scavenge" contextid="124" timestamp="2019-06-17T05:46:05.003" />
  <attribute name="elasticGC enabled" value="1" />
  <attribute name= "numThreadsSpecified" value="4" />
  <attribute name="heapSize specified" value="0" />
  <attribute name="Current GC Util" value="0" />
  <attribute name= "Current Time Running" value="3604" />
  <attribute name ="GC Interval" value="200" />
  <attribute name="ProportionalT" value="-20.000000" />
  <attribute name="ProportionalI" value="-20.000000" />
  <attribute name="ProportionalH" value="-20.000000" />
  <attribute name="Current Error" value="-20.000000" />
  <attribute name="IntegralT" value="-4080.000000" />
  <attribute name="IntegralI" value="-4080.000000" />
  <attribute name="IntegralH" value="-4080.000000" />
  <attribute name="DerivativeT" value="-0.098039" />
  <attribute name="DerivativeI" value="-0.098039" />
  <attribute name="DerivativeH" value="-0.098039" />
  <attribute name="Loop Time for DT" value="204.000000" />
  <attribute name="Output H" value="2092630016"/>
  <attribute name="Output I" value="200"/>
  <attribute name="Output T" value="4"/>
  <attribute name="Target GC Util Change" value ="20.000000" />
  <attribute name="Current GC Util Change" value="0.000000"/>
  <attribute name="GC Util currently" value="0" />
  <attribute name="CPU Util currently" value="5" />
<allocation-satisfied id="131" threadId="000000000186D700" bytesRequested="2056" />
<af-end id="132" timestamp="2019-06-17T05:46:05.003" threadId="000000000186E088" success="true" from="nursery"/>
<exclusive-end id="133" timestamp="2019-06-17T05:46:05.003" durationms="0.833" />

<exclusive-start id="134" timestamp="2019-06-17T05:46:05.202" intervalms="199.334">
  <response-info timems="0.051" idlems="0.051" threads="0" lastid="000000000186D700" lastname="main" />
</exclusive-start>
<af-start id="135" threadId="000000000186E088" totalBytesRequested="64064" timestamp="2019-06-17T05:46:05.202" intervalms="199.440" type="nursery" />
<cycle-start id="136" type="scavenge" contextid="0" timestamp="2019-06-17T05:46:05.202" intervalms="199.503" />
<gc-start id="137" type="scavenge" contextid="136" timestamp="2019-06-17T05:46:05.202">
  <mem-info id="138" free="5385968" total="8388608" percent="64">
    <mem type="nursery" free="0" total="2097152" percent="0">
      <mem type="allocate" free="0" total="1769472" percent="0" />
      <mem type="survivor" free="0" total="327680" percent="0" />
    </mem>
    <mem type="tenure" free="5385968" total="6291456" percent="85">
      <mem type="soa" free="5071600" total="5977088" percent="84" />
      <mem type="loa" free="314368" total="314368" percent="100" />
    </mem>
    <remembered-set count="96" />
  </mem-info>
</gc-start>
<allocation-stats totalBytes="1646456" >
  <allocated-bytes non-tlh="386160" tlh="1260296" />
  <largest-consumer threadName="main" threadId="000000000186D700" bytes="1646456" />
</allocation-stats>
<gc-op id="139" type="scavenge" timems="0.363" contextid="136" timestamp="2019-06-17T05:46:05.203">
  <scavenger-info tenureage="3" tenuremask="fff8" tiltratio="84" />
  <memory-copied type="nursery" objects="431" bytes="309424" bytesdiscarded="18256" />
  <memory-copied type="tenure" objects="31" bytes="316272" bytesdiscarded="0" />
  <copy-failed type="nursery" objects="31" bytes="316272" />
  <references type="soft" candidates="1" cleared="0" enqueued="0" dynamicThreshold="32" maxThreshold="32" />
  <references type="weak" candidates="4" cleared="4" enqueued="4" />
  <references type="phantom" candidates="29" cleared="1" enqueued="1" />
</gc-op>
<gc-end id="140" type="scavenge" contextid="136" durationms="0.638" usertimems="0.000" systemtimems="0.000" timestamp="2019-06-17T05:46:05.203" activeThreads="4">
  <mem-info id="141" free="5792264" total="8388608" percent="69">
    <mem type="nursery" free="720896" total="2097152" percent="34">
      <mem type="allocate" free="720896" total="1048576" percent="68" />
      <mem type="survivor" free="0" total="1048576" percent="0" />
    </mem>
    <mem type="tenure" free="5071368" total="6291456" percent="80">
      <mem type="soa" free="4757000" total="5977088" percent="79" />
      <mem type="loa" free="314368" total="314368" percent="100" />
    </mem>
    <pending-finalizers system="0" default="0" reference="5" classloader="0" />
    <remembered-set count="101" />
  </mem-info>
</gc-end>
<cycle-end id="142" type="scavenge" contextid="136" timestamp="2019-06-17T05:46:05.203" />
  <attribute name="elasticGC enabled" value="1" />
  <attribute name= "numThreadsSpecified" value="4" />
  <attribute name="heapSize specified" value="0" />
  <attribute name="Current GC Util" value="0" />
  <attribute name= "Current Time Running" value="3803" />
  <attribute name ="GC Interval" value="200" />
  <attribute name="ProportionalT" value="-20.000000" />
  <attribute name="ProportionalI" value="-20.000000" />
  <attribute name="ProportionalH" value="-20.000000" />
  <attribute name="Current Error" value="-20.000000" />
  <attribute name="IntegralT" value="-3980.000000" />
  <attribute name="IntegralI" value="-3980.000000" />
  <attribute name="IntegralH" value="-3980.000000" />
  <attribute name="DerivativeT" value="-0.100503" />
  <attribute name="DerivativeI" value="-0.100503" />
  <attribute name="DerivativeH" value="-0.100503" />
  <attribute name="Loop Time for DT" value="199.000000" />
  <attribute name="Output H" value="2092630016"/>
  <attribute name="Output I" value="200"/>
  <attribute name="Output T" value="4"/>
  <attribute name="Target GC Util Change" value ="20.000000" />
  <attribute name="Current GC Util Change" value="0.000000"/>
  <attribute name="GC Util currently" value="0" />
  <attribute name="CPU Util currently" value="6" />
<allocation-satisfied id="143" threadId="000000000186D700" bytesRequested="64064" />
<af-end id="144" timestamp="2019-06-17T05:46:05.203" threadId="000000000186E088" success="true" from="nursery"/>
<exclusive-end id="145" timestamp="2019-06-17T05:46:05.203" durationms="1.353" />

<exclusive-start id="146" timestamp="2019-06-17T05:46:05.211" intervalms="8.707">
  <response-info timems="0.070" idlems="0.070" threads="0" lastid="000000000186D700" lastname="main" />
</exclusive-start>
<af-start id="147" threadId="000000000186E088" totalBytesRequested="15368" timestamp="2019-06-17T05:46:05.211" intervalms="8.622" type="nursery" />
<cycle-start id="148" type="scavenge" contextid="0" timestamp="2019-06-17T05:46:05.211" intervalms="8.622" />
<gc-start id="149" type="scavenge" contextid="148" timestamp="2019-06-17T05:46:05.211">
  <mem-info id="150" free="5069960" total="8388608" percent="60">
    <mem type="nursery" free="0" total="2097152" percent="0">
      <mem type="allocate" free="0" total="1048576" percent="0" />
      <mem type="survivor" free="0" total="1048576" percent="0" />
    </mem>
    <mem type="tenure" free="5069960" total="6291456" percent="80">
      <mem type="soa" free="4755592" total="5977088" percent="79" />
      <mem type="loa" free="314368" total="314368" percent="100" />
    </mem>
    <remembered-set count="119" />
  </mem-info>
</gc-start>
<allocation-stats totalBytes="692856" >
  <allocated-bytes non-tlh="261624" tlh="431232" />
  <largest-consumer threadName="main" threadId="000000000186D700" bytes="688760" />
</allocation-stats>
<gc-op id="151" type="scavenge" timems="0.290" contextid="148" timestamp="2019-06-17T05:46:05.211">
  <scavenger-info tenureage="3" tenuremask="fff8" tiltratio="50" />
  <memory-copied type="nursery" objects="463" bytes="339888" bytesdiscarded="53712" />
  <references type="soft" candidates="1" cleared="0" enqueued="0" dynamicThreshold="32" maxThreshold="32" />
  <references type="weak" candidates="8" cleared="7" enqueued="7" />
  <references type="phantom" candidates="29" cleared="0" enqueued="0" />
</gc-op>
<gc-end id="152" type="scavenge" contextid="148" durationms="0.459" usertimems="0.000" systemtimems="0.000" timestamp="2019-06-17T05:46:05.211" activeThreads="4">
  <mem-info id="153" free="5724928" total="8388608" percent="68">
    <mem type="nursery" free="654968" total="2097152" percent="31">
      <mem type="allocate" free="654968" total="1048576" percent="62" />
      <mem type="survivor" free="0" total="1048576" percent="0" />
    </mem>
    <mem type="tenure" free="5069960" total="6291456" percent="80">
      <mem type="soa" free="4755592" total="5977088" percent="79" />
      <mem type="loa" free="314368" total="314368" percent="100" />
    </mem>
    <pending-finalizers system="0" default="0" reference="7" classloader="0" />
    <remembered-set count="117" />
  </mem-info>
</gc-end>
<cycle-end id="154" type="scavenge" contextid="148" timestamp="2019-06-17T05:46:05.211" />
  <attribute name="elasticGC enabled" value="1" />
  <attribute name= "numThreadsSpecified" value="4" />
  <attribute name="heapSize specified" value="0" />
  <attribute name="Current GC Util" value="9" />
  <attribute name= "Current Time Running" value="3812" />
  <attribute name ="GC Interval" value="200" />
  <attribute name="ProportionalT" value="-11.000000" />
  <attribute name="ProportionalI" value="-11.000000" />
  <attribute name="ProportionalH" value="-11.000000" />
  <attribute name="Current Error" value="-11.000000" />
  <attribute name="IntegralT" value="-99.000000" />
  <attribute name="IntegralI" value="-99.000000" />
  <attribute name="IntegralH" value="-99.000000" />
  <attribute name="DerivativeT" value="-1.222222" />
  <attribute name="DerivativeI" value="-1.222222" />
  <attribute name="DerivativeH" value="-1.222222" />
  <attribute name="Loop Time for DT" value="9.000000" />
  <attribute name="Output H" value="2092630016"/>
  <attribute name="Output I" value="200"/>
  <attribute name="Output T" value="4"/>
  <attribute name="Target GC Util Change" value ="20.000000" />
  <attribute name="Current GC Util Change" value="9.000000"/>
  <attribute name="GC Util currently" value="9" />
  <attribute name="CPU Util currently" value="545145612142" />
<allocation-satisfied id="155" threadId="000000000186D700" bytesRequested="15368" />
<af-end id="156" timestamp="2019-06-17T05:46:05.212" threadId="000000000186E088" success="true" from="nursery"/>
<exclusive-end id="157" timestamp="2019-06-17T05:46:05.212" durationms="0.983" />

<exclusive-start id="158" timestamp="2019-06-17T05:46:05.221" intervalms="10.830">
  <response-info timems="0.054" idlems="0.054" threads="0" lastid="000000000186D700" lastname="main" />
</exclusive-start>
<af-start id="159" threadId="000000000186E088" totalBytesRequested="6928" timestamp="2019-06-17T05:46:05.222" intervalms="10.876" type="nursery" />
<cycle-start id="160" type="scavenge" contextid="0" timestamp="2019-06-17T05:46:05.222" intervalms="10.913" />
<gc-start id="161" type="scavenge" contextid="160" timestamp="2019-06-17T05:46:05.222">
  <mem-info id="162" free="5064624" total="8388608" percent="60">
    <mem type="nursery" free="0" total="2097152" percent="0">
      <mem type="allocate" free="0" total="1048576" percent="0" />
      <mem type="survivor" free="0" total="1048576" percent="0" />
    </mem>
    <mem type="tenure" free="5064624" total="6291456" percent="80">
      <mem type="soa" free="4750256" total="5977088" percent="79" />
      <mem type="loa" free="314368" total="314368" percent="100" />
    </mem>
    <remembered-set count="150" />
  </mem-info>
</gc-start>
<allocation-stats totalBytes="615808" >
  <allocated-bytes non-tlh="115072" tlh="500736" />
  <largest-consumer threadName="main" threadId="000000000186D700" bytes="615808" />
</allocation-stats>
<gc-op id="163" type="scavenge" timems="0.333" contextid="160" timestamp="2019-06-17T05:46:05.222">
  <scavenger-info tenureage="2" tenuremask="fffc" tiltratio="50" />
  <memory-copied type="nursery" objects="85" bytes="6208" bytesdiscarded="72128" />
  <memory-copied type="tenure" objects="398" bytes="307280" bytesdiscarded="248" />
  <references type="soft" candidates="2" cleared="0" enqueued="0" dynamicThreshold="32" maxThreshold="32" />
  <references type="weak" candidates="6" cleared="6" enqueued="6" />
</gc-op>
<gc-end id="164" type="scavenge" contextid="160" durationms="0.664" usertimems="0.000" systemtimems="0.000" timestamp="2019-06-17T05:46:05.223" activeThreads="4">
  <mem-info id="165" free="5726232" total="8388608" percent="68">
    <mem type="nursery" free="970240" total="2097152" percent="46">
      <mem type="allocate" free="970240" total="1048576" percent="92" />
      <mem type="survivor" free="0" total="1048576" percent="0" />
    </mem>
    <mem type="tenure" free="4755992" total="6291456" percent="75">
      <mem type="soa" free="4441624" total="5977088" percent="74" />
      <mem type="loa" free="314368" total="314368" percent="100" />
    </mem>
    <pending-finalizers system="0" default="0" reference="6" classloader="0" />
    <remembered-set count="121" />
  </mem-info>
</gc-end>
<cycle-end id="166" type="scavenge" contextid="160" timestamp="2019-06-17T05:46:05.223" />
  <attribute name="elasticGC enabled" value="1" />
  <attribute name= "numThreadsSpecified" value="4" />
  <attribute name="heapSize specified" value="0" />
  <attribute name="Current GC Util" value="4" />
  <attribute name= "Current Time Running" value="3823" />
  <attribute name ="GC Interval" value="200" />
  <attribute name="ProportionalT" value="-16.000000" />
  <attribute name="ProportionalI" value="-16.000000" />
  <attribute name="ProportionalH" value="-16.000000" />
  <attribute name="Current Error" value="-16.000000" />
  <attribute name="IntegralT" value="-176.000000" />
  <attribute name="IntegralI" value="-176.000000" />
  <attribute name="IntegralH" value="-176.000000" />
  <attribute name="DerivativeT" value="-1.454545" />
  <attribute name="DerivativeI" value="-1.454545" />
  <attribute name="DerivativeH" value="-1.454545" />
  <attribute name="Loop Time for DT" value="11.000000" />
  <attribute name="Output H" value="2092630016"/>
  <attribute name="Output I" value="200"/>
  <attribute name="Output T" value="4"/>
  <attribute name="Target GC Util Change" value ="20.000000" />
  <attribute name="Current GC Util Change" value="4.000000"/>
  <attribute name="GC Util currently" value="4" />
  <attribute name="CPU Util currently" value="413443051226" />
<allocation-satisfied id="167" threadId="000000000186D700" bytesRequested="6928" />
<af-end id="168" timestamp="2019-06-17T05:46:05.223" threadId="000000000186E088" success="true" from="nursery"/>
<exclusive-end id="169" timestamp="2019-06-17T05:46:05.223" durationms="1.469" />

<exclusive-start id="170" timestamp="2019-06-17T05:46:05.257" intervalms="35.973">
  <response-info timems="0.061" idlems="0.061" threads="0" lastid="000000000186D700" lastname="main" />
</exclusive-start>
<af-start id="171" threadId="000000000186E088" totalBytesRequested="21432" timestamp="2019-06-17T05:46:05.258" intervalms="36.003" type="nursery" />
<cycle-start id="172" type="scavenge" contextid="0" timestamp="2019-06-17T05:46:05.258" intervalms="35.987" />
<gc-start id="173" type="scavenge" contextid="172" timestamp="2019-06-17T05:46:05.258">
  <mem-info id="174" free="4743056" total="8388608" percent="56">
    <mem type="nursery" free="0" total="2097152" percent="0">
      <mem type="allocate" free="0" total="1048576" percent="0" />
      <mem type="survivor" free="0" total="1048576" percent="0" />
    </mem>
    <mem type="tenure" free="4743056" total="6291456" percent="75">
      <mem type="soa" free="4428688" total="5977088" percent="74" />
      <mem type="loa" free="314368" total="314368" percent="100" />
    </mem>
    <remembered-set count="278" />
  </mem-info>
</gc-start>
<allocation-stats totalBytes="937200" >
  <allocated-bytes non-tlh="19864" tlh="917336" />
  <largest-consumer threadName="main" threadId="000000000186D700" bytes="937200" />
</allocation-stats>
<gc-op id="175" type="scavenge" timems="0.233" contextid="172" timestamp="2019-06-17T05:46:05.258">
  <scavenger-info tenureage="4" tenuremask="fff0" tiltratio="50" />
  <memory-copied type="nursery" objects="262" bytes="48264" bytesdiscarded="45432" />
  <references type="soft" candidates="3" cleared="0" enqueued="0" dynamicThreshold="32" maxThreshold="32" />
  <references type="weak" candidates="17" cleared="16" enqueued="16" />
  <references type="phantom" candidates="3" cleared="1" enqueued="1" />
</gc-op>
<gc-end id="176" type="scavenge" contextid="172" durationms="0.478" usertimems="0.000" systemtimems="0.000" timestamp="2019-06-17T05:46:05.258" activeThreads="4">
  <mem-info id="177" free="5829000" total="8388608" percent="69">
    <mem type="nursery" free="1085944" total="2097152" percent="51">
      <mem type="allocate" free="1085944" total="1179648" percent="92" />
      <mem type="survivor" free="0" total="917504" percent="0" />
    </mem>
    <mem type="tenure" free="4743056" total="6291456" percent="75">
      <mem type="soa" free="4428688" total="5977088" percent="74" />
      <mem type="loa" free="314368" total="314368" percent="100" />
    </mem>
    <pending-finalizers system="0" default="0" reference="17" classloader="0" />
    <remembered-set count="265" />
  </mem-info>
</gc-end>
<cycle-end id="178" type="scavenge" contextid="172" timestamp="2019-06-17T05:46:05.258" />
  <attribute name="elasticGC enabled" value="1" />
  <attribute name= "numThreadsSpecified" value="4" />
  <attribute name="heapSize specified" value="0" />
  <attribute name="Current GC Util" value="2" />
  <attribute name= "Current Time Running" value="3859" />
  <attribute name ="GC Interval" value="200" />
  <attribute name="ProportionalT" value="-18.000000" />
  <attribute name="ProportionalI" value="-18.000000" />
  <attribute name="ProportionalH" value="-18.000000" />
  <attribute name="Current Error" value="-18.000000" />
  <attribute name="IntegralT" value="-648.000000" />
  <attribute name="IntegralI" value="-648.000000" />
  <attribute name="IntegralH" value="-648.000000" />
  <attribute name="DerivativeT" value="-0.500000" />
  <attribute name="DerivativeI" value="-0.500000" />
  <attribute name="DerivativeH" value="-0.500000" />
  <attribute name="Loop Time for DT" value="36.000000" />
  <attribute name="Output H" value="2092630016"/>
  <attribute name="Output I" value="200"/>
  <attribute name="Output T" value="4"/>
  <attribute name="Target GC Util Change" value ="20.000000" />
  <attribute name="Current GC Util Change" value="2.000000"/>
  <attribute name="GC Util currently" value="2" />
  <attribute name="CPU Util currently" value="9" />
<allocation-satisfied id="179" threadId="000000000186D700" bytesRequested="21432" />
<af-end id="180" timestamp="2019-06-17T05:46:05.259" threadId="000000000186E088" success="true" from="nursery"/>
<exclusive-end id="181" timestamp="2019-06-17T05:46:05.259" durationms="1.239" />

<exclusive-start id="182" timestamp="2019-06-17T05:46:05.311" intervalms="53.703">
  <response-info timems="0.029" idlems="0.029" threads="0" lastid="000000000186D700" lastname="main" />
</exclusive-start>
<af-start id="183" threadId="000000000186E088" totalBytesRequested="48" timestamp="2019-06-17T05:46:05.311" intervalms="53.636" type="nursery" />
<cycle-start id="184" type="scavenge" contextid="0" timestamp="2019-06-17T05:46:05.311" intervalms="53.581" />
<gc-start id="185" type="scavenge" contextid="184" timestamp="2019-06-17T05:46:05.311">
  <mem-info id="186" free="4714840" total="8388608" percent="56">
    <mem type="nursery" free="0" total="2097152" percent="0">
      <mem type="allocate" free="0" total="1179648" percent="0" />
      <mem type="survivor" free="0" total="917504" percent="0" />
    </mem>
    <mem type="tenure" free="4714840" total="6291456" percent="74">
      <mem type="soa" free="4400472" total="5977088" percent="73" />
      <mem type="loa" free="314368" total="314368" percent="100" />
    </mem>
    <remembered-set count="670" />
  </mem-info>
</gc-start>
<allocation-stats totalBytes="1113368" >
  <allocated-bytes non-tlh="49648" tlh="1063720" />
  <largest-consumer threadName="main" threadId="000000000186D700" bytes="1109272" />
</allocation-stats>
<gc-op id="187" type="scavenge" timems="0.527" contextid="184" timestamp="2019-06-17T05:46:05.312">
  <scavenger-info tenureage="3" tenuremask="fff8" tiltratio="56" />
  <memory-copied type="nursery" objects="2678" bytes="103376" bytesdiscarded="53128" />
  <memory-copied type="tenure" objects="17" bytes="928" bytesdiscarded="0" />
  <finalization candidates="39" enqueued="1" />
  <ownableSynchronizers candidates="17" cleared="0" />
  <references type="soft" candidates="8" cleared="0" enqueued="0" dynamicThreshold="32" maxThreshold="32" />
  <references type="weak" candidates="688" cleared="345" enqueued="246" />
  <references type="phantom" candidates="5" cleared="1" enqueued="1" />
</gc-op>
<gc-end id="188" type="scavenge" contextid="184" durationms="0.790" usertimems="0.000" systemtimems="0.000" timestamp="2019-06-17T05:46:05.312" activeThreads="4">
  <mem-info id="189" free="5934424" total="8388608" percent="70">
    <mem type="nursery" free="1219584" total="2097152" percent="58">
      <mem type="allocate" free="1219584" total="1376256" percent="88" />
      <mem type="survivor" free="0" total="720896" percent="0" />
    </mem>
    <mem type="tenure" free="4714840" total="6291456" percent="74">
      <mem type="soa" free="4400472" total="5977088" percent="73" />
      <mem type="loa" free="314368" total="314368" percent="100" />
    </mem>
    <pending-finalizers system="1" default="0" reference="247" classloader="0" />
    <remembered-set count="631" />
  </mem-info>
</gc-end>
<cycle-end id="190" type="scavenge" contextid="184" timestamp="2019-06-17T05:46:05.312" />
  <attribute name="elasticGC enabled" value="1" />
  <attribute name= "numThreadsSpecified" value="4" />
  <attribute name="heapSize specified" value="0" />
  <attribute name="Current GC Util" value="1" />
  <attribute name= "Current Time Running" value="3913" />
  <attribute name ="GC Interval" value="200" />
  <attribute name="ProportionalT" value="-19.000000" />
  <attribute name="ProportionalI" value="-19.000000" />
  <attribute name="ProportionalH" value="-19.000000" />
  <attribute name="Current Error" value="-19.000000" />
  <attribute name="IntegralT" value="-1026.000000" />
  <attribute name="IntegralI" value="-1026.000000" />
  <attribute name="IntegralH" value="-1026.000000" />
  <attribute name="DerivativeT" value="-0.351852" />
  <attribute name="DerivativeI" value="-0.351852" />
  <attribute name="DerivativeH" value="-0.351852" />
  <attribute name="Loop Time for DT" value="54.000000" />
  <attribute name="Output H" value="2092630016"/>
  <attribute name="Output I" value="200"/>
  <attribute name="Output T" value="4"/>
  <attribute name="Target GC Util Change" value ="20.000000" />
  <attribute name="Current GC Util Change" value="1.000000"/>
  <attribute name="GC Util currently" value="1" />
  <attribute name="CPU Util currently" value="6" />
<allocation-satisfied id="191" threadId="000000000186D700" bytesRequested="48" />
<af-end id="192" timestamp="2019-06-17T05:46:05.312" threadId="000000000186E088" success="true" from="nursery"/>
<exclusive-end id="193" timestamp="2019-06-17T05:46:05.312" durationms="1.349" />

<exclusive-start id="194" timestamp="2019-06-17T05:46:05.342" intervalms="30.438">
  <response-info timems="0.050" idlems="0.050" threads="0" lastid="000000000186D700" lastname="main" />
</exclusive-start>
<af-start id="195" threadId="000000000186E088" totalBytesRequested="1416" timestamp="2019-06-17T05:46:05.342" intervalms="30.405" type="nursery" />
<cycle-start id="196" type="scavenge" contextid="0" timestamp="2019-06-17T05:46:05.342" intervalms="30.380" />
<gc-start id="197" type="scavenge" contextid="196" timestamp="2019-06-17T05:46:05.342">
  <mem-info id="198" free="4692784" total="8388608" percent="55">
    <mem type="nursery" free="0" total="2097152" percent="0">
      <mem type="allocate" free="0" total="1376256" percent="0" />
      <mem type="survivor" free="0" total="720896" percent="0" />
    </mem>
    <mem type="tenure" free="4692784" total="6291456" percent="74">
      <mem type="soa" free="4378416" total="5977088" percent="73" />
      <mem type="loa" free="314368" total="314368" percent="100" />
    </mem>
    <remembered-set count="906" />
  </mem-info>
</gc-start>
<allocation-stats totalBytes="1116160" >
  <allocated-bytes non-tlh="121736" tlh="994424" />
  <largest-consumer threadName="main" threadId="000000000186D700" bytes="1104328" />
</allocation-stats>
<gc-op id="199" type="scavenge" timems="0.561" contextid="196" timestamp="2019-06-17T05:46:05.342">
  <scavenger-info tenureage="3" tenuremask="ffe8" tiltratio="65" />
  <memory-copied type="nursery" objects="2977" bytes="122448" bytesdiscarded="34040" />
  <memory-copied type="tenure" objects="30" bytes="3328" bytesdiscarded="0" />
  <finalization candidates="38" enqueued="0" />
  <ownableSynchronizers candidates="17" cleared="0" />
  <references type="soft" candidates="6" cleared="0" enqueued="0" dynamicThreshold="32" maxThreshold="32" />
  <references type="weak" candidates="513" cleared="33" enqueued="27" />
  <references type="phantom" candidates="5" cleared="0" enqueued="0" />
</gc-op>
<gc-end id="200" type="scavenge" contextid="196" durationms="0.750" usertimems="0.000" systemtimems="0.000" timestamp="2019-06-17T05:46:05.342" activeThreads="4">
  <mem-info id="201" free="5977904" total="8388608" percent="71">
    <mem type="nursery" free="1285120" total="2097152" percent="61">
      <mem type="allocate" free="1285120" total="1441792" percent="89" />
      <mem type="survivor" free="0" total="655360" percent="0" />
    </mem>
    <mem type="tenure" free="4692784" total="6291456" percent="74">
      <mem type="soa" free="4378416" total="5977088" percent="73" />
      <mem type="loa" free="314368" total="314368" percent="100" />
    </mem>
    <pending-finalizers system="0" default="0" reference="27" classloader="0" />
    <remembered-set count="802" />
  </mem-info>
</gc-end>
<cycle-end id="202" type="scavenge" contextid="196" timestamp="2019-06-17T05:46:05.343" />
  <attribute name="elasticGC enabled" value="1" />
  <attribute name= "numThreadsSpecified" value="4" />
  <attribute name="heapSize specified" value="0" />
  <attribute name="Current GC Util" value="2" />
  <attribute name= "Current Time Running" value="3943" />
  <attribute name ="GC Interval" value="200" />
  <attribute name="ProportionalT" value="-18.000000" />
  <attribute name="ProportionalI" value="-18.000000" />
  <attribute name="ProportionalH" value="-18.000000" />
  <attribute name="Current Error" value="-18.000000" />
  <attribute name="IntegralT" value="-540.000000" />
  <attribute name="IntegralI" value="-540.000000" />
  <attribute name="IntegralH" value="-540.000000" />
  <attribute name="DerivativeT" value="-0.600000" />
  <attribute name="DerivativeI" value="-0.600000" />
  <attribute name="DerivativeH" value="-0.600000" />
  <attribute name="Loop Time for DT" value="30.000000" />
  <attribute name="Output H" value="2092630016"/>
  <attribute name="Output I" value="200"/>
  <attribute name="Output T" value="4"/>
  <attribute name="Target GC Util Change" value ="20.000000" />
  <attribute name="Current GC Util Change" value="2.000000"/>
  <attribute name="GC Util currently" value="2" />
  <attribute name="CPU Util currently" value="1" />
<allocation-satisfied id="203" threadId="000000000186D700" bytesRequested="1416" />
<af-end id="204" timestamp="2019-06-17T05:46:05.343" threadId="000000000186E088" success="true" from="nursery"/>
<exclusive-end id="205" timestamp="2019-06-17T05:46:05.343" durationms="1.200" />

<exclusive-start id="206" timestamp="2019-06-17T05:46:05.401" intervalms="59.863">
  <response-info timems="0.025" idlems="0.025" threads="0" lastid="000000000186D700" lastname="main" />
</exclusive-start>
<af-start id="207" threadId="000000000186E088" totalBytesRequested="64" timestamp="2019-06-17T05:46:05.402" intervalms="59.924" type="nursery" />
<cycle-start id="208" type="scavenge" contextid="0" timestamp="2019-06-17T05:46:05.402" intervalms="59.972" />
<gc-start id="209" type="scavenge" contextid="208" timestamp="2019-06-17T05:46:05.402">
  <mem-info id="210" free="4636632" total="8388608" percent="55">
    <mem type="nursery" free="0" total="2097152" percent="0">
      <mem type="allocate" free="0" total="1441792" percent="0" />
      <mem type="survivor" free="0" total="655360" percent="0" />
    </mem>
    <mem type="tenure" free="4636632" total="6291456" percent="73">
      <mem type="soa" free="4322264" total="5977088" percent="72" />
      <mem type="loa" free="314368" total="314368" percent="100" />
    </mem>
    <remembered-set count="1297" />
  </mem-info>
</gc-start>
<allocation-stats totalBytes="1339440" >
  <allocated-bytes non-tlh="57568" tlh="1281872" />
  <largest-consumer threadName="main" threadId="000000000186D700" bytes="1331248" />
</allocation-stats>
<gc-op id="211" type="scavenge" timems="0.660" contextid="208" timestamp="2019-06-17T05:46:05.403">
  <scavenger-info tenureage="5" tenuremask="ffe0" tiltratio="68" />
  <memory-copied type="nursery" objects="6154" bytes="219704" bytesdiscarded="76488" />
  <finalization candidates="38" enqueued="0" />
  <ownableSynchronizers candidates="17" cleared="0" />
  <references type="soft" candidates="6" cleared="0" enqueued="0" dynamicThreshold="32" maxThreshold="32" />
  <references type="weak" candidates="762" cleared="14" enqueued="14" />
  <references type="phantom" candidates="5" cleared="0" enqueued="0" />
</gc-op>
<gc-end id="212" type="scavenge" contextid="208" durationms="0.889" usertimems="0.000" systemtimems="0.000" timestamp="2019-06-17T05:46:05.403" activeThreads="4">
  <mem-info id="213" free="5847512" total="8388608" percent="69">
    <mem type="nursery" free="1210880" total="2097152" percent="57">
      <mem type="allocate" free="1210880" total="1507328" percent="80" />
      <mem type="survivor" free="0" total="589824" percent="0" />
    </mem>
    <mem type="tenure" free="4636632" total="6291456" percent="73">
      <mem type="soa" free="4322264" total="5977088" percent="72" />
      <mem type="loa" free="314368" total="314368" percent="100" />
    </mem>
    <pending-finalizers system="0" default="0" reference="14" classloader="0" />
    <remembered-set count="1112" />
  </mem-info>
</gc-end>
<cycle-end id="214" type="scavenge" contextid="208" timestamp="2019-06-17T05:46:05.403" />
  <attribute name="elasticGC enabled" value="1" />
  <attribute name= "numThreadsSpecified" value="4" />
  <attribute name="heapSize specified" value="0" />
  <attribute name="Current GC Util" value="1" />
  <attribute name= "Current Time Running" value="4003" />
  <attribute name ="GC Interval" value="200" />
  <attribute name="ProportionalT" value="-19.000000" />
  <attribute name="ProportionalI" value="-19.000000" />
  <attribute name="ProportionalH" value="-19.000000" />
  <attribute name="Current Error" value="-19.000000" />
  <attribute name="IntegralT" value="-1140.000000" />
  <attribute name="IntegralI" value="-1140.000000" />
  <attribute name="IntegralH" value="-1140.000000" />
  <attribute name="DerivativeT" value="-0.316667" />
  <attribute name="DerivativeI" value="-0.316667" />
  <attribute name="DerivativeH" value="-0.316667" />
  <attribute name="Loop Time for DT" value="60.000000" />
  <attribute name="Output H" value="2092630016"/>
  <attribute name="Output I" value="200"/>
  <attribute name="Output T" value="4"/>
  <attribute name="Target GC Util Change" value ="20.000000" />
  <attribute name="Current GC Util Change" value="1.000000"/>
  <attribute name="GC Util currently" value="1" />
  <attribute name="CPU Util currently" value="13" />
<allocation-satisfied id="215" threadId="000000000186D700" bytesRequested="64" />
<af-end id="216" timestamp="2019-06-17T05:46:05.403" threadId="000000000186E088" success="true" from="nursery"/>
<exclusive-end id="217" timestamp="2019-06-17T05:46:05.403" durationms="1.515" />

<exclusive-start id="218" timestamp="2019-06-17T05:46:05.458" intervalms="56.248">
  <response-info timems="0.030" idlems="0.030" threads="0" lastid="000000000186D700" lastname="main" />
</exclusive-start>
<af-start id="219" threadId="000000000186E088" totalBytesRequested="3184" timestamp="2019-06-17T05:46:05.458" intervalms="56.199" type="nursery" />
<cycle-start id="220" type="scavenge" contextid="0" timestamp="2019-06-17T05:46:05.458" intervalms="56.149" />
<gc-start id="221" type="scavenge" contextid="220" timestamp="2019-06-17T05:46:05.458">
  <mem-info id="222" free="4552184" total="8388608" percent="54">
    <mem type="nursery" free="0" total="2097152" percent="0">
      <mem type="allocate" free="0" total="1507328" percent="0" />
      <mem type="survivor" free="0" total="589824" percent="0" />
    </mem>
    <mem type="tenure" free="4552184" total="6291456" percent="72">
      <mem type="soa" free="4237816" total="5977088" percent="70" />
      <mem type="loa" free="314368" total="314368" percent="100" />
    </mem>
    <remembered-set count="2405" />
  </mem-info>
</gc-start>
<allocation-stats totalBytes="1293520" >
  <allocated-bytes non-tlh="84512" tlh="1209008" />
  <largest-consumer threadName="main" threadId="000000000186D700" bytes="1293520" />
</allocation-stats>
<gc-op id="223" type="scavenge" timems="0.880" contextid="220" timestamp="2019-06-17T05:46:05.459">
  <scavenger-info tenureage="3" tenuremask="ffe8" tiltratio="71" />
  <memory-copied type="nursery" objects="8301" bytes="260784" bytesdiscarded="117920" />
  <memory-copied type="tenure" objects="2272" bytes="89160" bytesdiscarded="56" />
  <finalization candidates="49" enqueued="0" />
  <ownableSynchronizers candidates="17" cleared="0" />
  <references type="soft" candidates="40" cleared="0" enqueued="0" dynamicThreshold="32" maxThreshold="32" />
  <references type="weak" candidates="653" cleared="66" enqueued="50" />
  <references type="phantom" candidates="7" cleared="2" enqueued="2" />
</gc-op>
<gc-end id="224" type="scavenge" contextid="220" durationms="1.072" usertimems="0.000" systemtimems="0.000" timestamp="2019-06-17T05:46:05.459" activeThreads="4">
  <mem-info id="225" free="5567216" total="8388608" percent="66">
    <mem type="nursery" free="1193976" total="2097152" percent="56">
      <mem type="allocate" free="1193976" total="1572864" percent="75" />
      <mem type="survivor" free="0" total="524288" percent="0" />
    </mem>
    <mem type="tenure" free="4373240" total="6291456" percent="69">
      <mem type="soa" free="4058872" total="5977088" percent="67" />
      <mem type="loa" free="314368" total="314368" percent="100" />
    </mem>
    <pending-finalizers system="0" default="0" reference="52" classloader="0" />
    <remembered-set count="2052" />
  </mem-info>
</gc-end>
<cycle-end id="226" type="scavenge" contextid="220" timestamp="2019-06-17T05:46:05.459" />
  <attribute name="elasticGC enabled" value="1" />
  <attribute name= "numThreadsSpecified" value="4" />
  <attribute name="heapSize specified" value="0" />
  <attribute name="Current GC Util" value="2" />
  <attribute name= "Current Time Running" value="4059" />
  <attribute name ="GC Interval" value="200" />
  <attribute name="ProportionalT" value="-18.000000" />
  <attribute name="ProportionalI" value="-18.000000" />
  <attribute name="ProportionalH" value="-18.000000" />
  <attribute name="Current Error" value="-18.000000" />
  <attribute name="IntegralT" value="-1008.000000" />
  <attribute name="IntegralI" value="-1008.000000" />
  <attribute name="IntegralH" value="-1008.000000" />
  <attribute name="DerivativeT" value="-0.321429" />
  <attribute name="DerivativeI" value="-0.321429" />
  <attribute name="DerivativeH" value="-0.321429" />
  <attribute name="Loop Time for DT" value="56.000000" />
  <attribute name="Output H" value="2092630016"/>
  <attribute name="Output I" value="200"/>
  <attribute name="Output T" value="4"/>
  <attribute name="Target GC Util Change" value ="20.000000" />
  <attribute name="Current GC Util Change" value="2.000000"/>
  <attribute name="GC Util currently" value="2" />
  <attribute name="CPU Util currently" value="9" />
<allocation-satisfied id="227" threadId="000000000186D700" bytesRequested="3184" />
<af-end id="228" timestamp="2019-06-17T05:46:05.459" threadId="000000000186E088" success="true" from="nursery"/>
<exclusive-end id="229" timestamp="2019-06-17T05:46:05.459" durationms="1.526" />

<exclusive-start id="230" timestamp="2019-06-17T05:46:05.495" intervalms="37.237">
  <response-info timems="0.058" idlems="0.058" threads="0" lastid="000000000186D700" lastname="main" />
</exclusive-start>
<af-start id="231" threadId="000000000186E088" totalBytesRequested="176" timestamp="2019-06-17T05:46:05.495" intervalms="37.259" type="nursery" />
<cycle-start id="232" type="scavenge" contextid="0" timestamp="2019-06-17T05:46:05.495" intervalms="37.284" />
<gc-start id="233" type="scavenge" contextid="232" timestamp="2019-06-17T05:46:05.495">
  <mem-info id="234" free="4340080" total="8388608" percent="51">
    <mem type="nursery" free="0" total="2097152" percent="0">
      <mem type="allocate" free="0" total="1572864" percent="0" />
      <mem type="survivor" free="0" total="524288" percent="0" />
    </mem>
    <mem type="tenure" free="4340080" total="6291456" percent="68">
      <mem type="soa" free="4025712" total="5977088" percent="67" />
      <mem type="loa" free="314368" total="314368" percent="100" />
    </mem>
    <remembered-set count="2452" />
  </mem-info>
</gc-start>
<allocation-stats totalBytes="1224584" >
  <allocated-bytes non-tlh="36344" tlh="1188240" />
  <largest-consumer threadName="main" threadId="000000000186D700" bytes="1212752" />
</allocation-stats>
<gc-op id="235" type="scavenge" timems="1.116" contextid="232" timestamp="2019-06-17T05:46:05.496">
  <scavenger-info tenureage="3" tenuremask="ffc8" tiltratio="75" />
  <memory-copied type="nursery" objects="10601" bytes="356256" bytesdiscarded="26720" />
  <memory-copied type="tenure" objects="375" bytes="23664" bytesdiscarded="0" />
  <finalization candidates="11" enqueued="0" />
  <references type="soft" candidates="293" cleared="0" enqueued="0" dynamicThreshold="32" maxThreshold="32" />
  <references type="weak" candidates="565" cleared="15" enqueued="15" />
  <references type="phantom" candidates="6" cleared="1" enqueued="1" />
</gc-op>
<gc-end id="236" type="scavenge" contextid="232" durationms="1.315" usertimems="0.000" systemtimems="0.000" timestamp="2019-06-17T05:46:05.496" activeThreads="4">
  <mem-info id="237" free="5529712" total="8388608" percent="65">
    <mem type="nursery" free="1189632" total="2097152" percent="56">
      <mem type="allocate" free="1189632" total="1572864" percent="75" />
      <mem type="survivor" free="0" total="524288" percent="0" />
    </mem>
    <mem type="tenure" free="4340080" total="6291456" percent="68">
      <mem type="soa" free="4025712" total="5977088" percent="67" />
      <mem type="loa" free="314368" total="314368" percent="100" />
    </mem>
    <pending-finalizers system="0" default="0" reference="16" classloader="0" />
    <remembered-set count="1981" />
  </mem-info>
</gc-end>
<cycle-end id="238" type="scavenge" contextid="232" timestamp="2019-06-17T05:46:05.497" />
  <attribute name="elasticGC enabled" value="1" />
  <attribute name= "numThreadsSpecified" value="4" />
  <attribute name="heapSize specified" value="0" />
  <attribute name="Current GC Util" value="4" />
  <attribute name= "Current Time Running" value="4096" />
  <attribute name ="GC Interval" value="200" />
  <attribute name="ProportionalT" value="-16.000000" />
  <attribute name="ProportionalI" value="-16.000000" />
  <attribute name="ProportionalH" value="-16.000000" />
  <attribute name="Current Error" value="-16.000000" />
  <attribute name="IntegralT" value="-592.000000" />
  <attribute name="IntegralI" value="-592.000000" />
  <attribute name="IntegralH" value="-592.000000" />
  <attribute name="DerivativeT" value="-0.432432" />
  <attribute name="DerivativeI" value="-0.432432" />
  <attribute name="DerivativeH" value="-0.432432" />
  <attribute name="Loop Time for DT" value="37.000000" />
  <attribute name="Output H" value="2092630016"/>
  <attribute name="Output I" value="200"/>
  <attribute name="Output T" value="4"/>
  <attribute name="Target GC Util Change" value ="20.000000" />
  <attribute name="Current GC Util Change" value="4.000000"/>
  <attribute name="GC Util currently" value="4" />
  <attribute name="CPU Util currently" value="19" />
<allocation-satisfied id="239" threadId="000000000186D700" bytesRequested="176" />
<af-end id="240" timestamp="2019-06-17T05:46:05.497" threadId="000000000186E088" success="true" from="nursery"/>
<exclusive-end id="241" timestamp="2019-06-17T05:46:05.497" durationms="1.879" />

<exclusive-start id="242" timestamp="2019-06-17T05:46:08.270" intervalms="2775.106">
  <response-info timems="0.027" idlems="0.027" threads="0" lastid="000000000186D700" lastname="main" />
</exclusive-start>
<af-start id="243" threadId="000000000186E088" totalBytesRequested="88" timestamp="2019-06-17T05:46:08.270" intervalms="2775.073" type="nursery" />
<cycle-start id="244" type="scavenge" contextid="0" timestamp="2019-06-17T05:46:08.270" intervalms="2775.092" />
<gc-start id="245" type="scavenge" contextid="244" timestamp="2019-06-17T05:46:08.270">
  <mem-info id="246" free="4321184" total="8388608" percent="51">
    <mem type="nursery" free="0" total="2097152" percent="0">
      <mem type="allocate" free="0" total="1572864" percent="0" />
      <mem type="survivor" free="0" total="524288" percent="0" />
    </mem>
    <mem type="tenure" free="4321184" total="6291456" percent="68">
      <mem type="soa" free="4006816" total="5977088" percent="67" />
      <mem type="loa" free="314368" total="314368" percent="100" />
    </mem>
    <remembered-set count="2224" />
  </mem-info>
</gc-start>
<allocation-stats totalBytes="1207392" >
  <allocated-bytes non-tlh="19072" tlh="1188320" />
  <largest-consumer threadName="main" threadId="000000000186D700" bytes="1199200" />
</allocation-stats>
<gc-op id="247" type="scavenge" timems="0.977" contextid="244" timestamp="2019-06-17T05:46:08.271">
  <scavenger-info tenureage="3" tenuremask="ffa8" tiltratio="75" />
  <memory-copied type="nursery" objects="8487" bytes="295112" bytesdiscarded="48664" />
  <memory-copied type="tenure" objects="3265" bytes="99472" bytesdiscarded="8" />
  <finalization candidates="11" enqueued="0" />
  <references type="soft" candidates="377" cleared="0" enqueued="0" dynamicThreshold="32" maxThreshold="32" />
  <references type="weak" candidates="402" cleared="12" enqueued="12" />
  <references type="phantom" candidates="7" cleared="2" enqueued="2" />
</gc-op>
<gc-end id="248" type="scavenge" contextid="244" durationms="1.283" usertimems="0.000" systemtimems="0.000" timestamp="2019-06-17T05:46:08.272" activeThreads="4">
  <mem-info id="249" free="5510816" total="8388608" percent="65">
    <mem type="nursery" free="1228800" total="2097152" percent="58">
      <mem type="allocate" free="1228800" total="1572864" percent="78" />
      <mem type="survivor" free="0" total="524288" percent="0" />
    </mem>
    <mem type="tenure" free="4282016" total="6291456" percent="68">
      <mem type="soa" free="3967648" total="5977088" percent="66" />
      <mem type="loa" free="314368" total="314368" percent="100" />
    </mem>
    <pending-finalizers system="0" default="0" reference="14" classloader="0" />
    <remembered-set count="1030" />
  </mem-info>
</gc-end>
<cycle-end id="250" type="scavenge" contextid="244" timestamp="2019-06-17T05:46:08.272" />
  <attribute name="elasticGC enabled" value="1" />
  <attribute name= "numThreadsSpecified" value="4" />
  <attribute name="heapSize specified" value="0" />
  <attribute name="Current GC Util" value="0" />
  <attribute name= "Current Time Running" value="6871" />
  <attribute name ="GC Interval" value="200" />
  <attribute name="ProportionalT" value="-20.000000" />
  <attribute name="ProportionalI" value="-20.000000" />
  <attribute name="ProportionalH" value="-20.000000" />
  <attribute name="Current Error" value="-20.000000" />
  <attribute name="IntegralT" value="-55500.000000" />
  <attribute name="IntegralI" value="-55500.000000" />
  <attribute name="IntegralH" value="-55500.000000" />
  <attribute name="DerivativeT" value="-0.007207" />
  <attribute name="DerivativeI" value="-0.007207" />
  <attribute name="DerivativeH" value="-0.007207" />
  <attribute name="Loop Time for DT" value="2775.000000" />
  <attribute name="Output H" value="2092630016"/>
  <attribute name="Output I" value="200"/>
  <attribute name="Output T" value="4"/>
  <attribute name="Target GC Util Change" value ="20.000000" />
  <attribute name="Current GC Util Change" value="0.000000"/>
  <attribute name="GC Util currently" value="0" />
  <attribute name="CPU Util currently" value="3" />
<allocation-satisfied id="251" threadId="000000000186D700" bytesRequested="88" />
<af-end id="252" timestamp="2019-06-17T05:46:08.272" threadId="000000000186E088" success="true" from="nursery"/>
<exclusive-end id="253" timestamp="2019-06-17T05:46:08.272" durationms="2.040" />

<exclusive-start id="254" timestamp="2019-06-17T05:46:08.311" intervalms="41.234">
  <response-info timems="0.036" idlems="0.036" threads="0" lastid="000000000186D700" lastname="main" />
</exclusive-start>
<af-start id="255" threadId="000000000186E088" totalBytesRequested="3024" timestamp="2019-06-17T05:46:08.311" intervalms="41.251" type="nursery" />
<cycle-start id="256" type="scavenge" contextid="0" timestamp="2019-06-17T05:46:08.311" intervalms="41.216" />
<gc-start id="257" type="scavenge" contextid="256" timestamp="2019-06-17T05:46:08.311">
  <mem-info id="258" free="4258568" total="8388608" percent="50">
    <mem type="nursery" free="0" total="2097152" percent="0">
      <mem type="allocate" free="0" total="1572864" percent="0" />
      <mem type="survivor" free="0" total="524288" percent="0" />
    </mem>
    <mem type="tenure" free="4258568" total="6291456" percent="67">
      <mem type="soa" free="3944200" total="5977088" percent="65" />
      <mem type="loa" free="314368" total="314368" percent="100" />
    </mem>
    <remembered-set count="1307" />
  </mem-info>
</gc-start>
<allocation-stats totalBytes="1227376" >
  <allocated-bytes non-tlh="23536" tlh="1203840" />
  <largest-consumer threadName="main" threadId="000000000186D700" bytes="1227376" />
</allocation-stats>
<gc-op id="259" type="scavenge" timems="1.012" contextid="256" timestamp="2019-06-17T05:46:08.313">
  <scavenger-info tenureage="3" tenuremask="ff68" tiltratio="75" />
  <memory-copied type="nursery" objects="5843" bytes="226728" bytesdiscarded="9064" />
  <memory-copied type="tenure" objects="4375" bytes="127352" bytesdiscarded="24" />
  <finalization candidates="11" enqueued="0" />
  <references type="soft" candidates="474" cleared="0" enqueued="0" dynamicThreshold="32" maxThreshold="32" />
  <references type="weak" candidates="347" cleared="3" enqueued="3" />
  <references type="phantom" candidates="2" cleared="0" enqueued="0" />
</gc-op>
<gc-end id="260" type="scavenge" contextid="256" durationms="1.241" usertimems="0.000" systemtimems="0.000" timestamp="2019-06-17T05:46:08.313" activeThreads="4">
  <mem-info id="261" free="5582544" total="8388608" percent="66">
    <mem type="nursery" free="1402312" total="2097152" percent="66">
      <mem type="allocate" free="1402312" total="1638400" percent="85" />
      <mem type="survivor" free="0" total="458752" percent="0" />
    </mem>
    <mem type="tenure" free="4180232" total="6291456" percent="66">
      <mem type="soa" free="3865864" total="5977088" percent="64" />
      <mem type="loa" free="314368" total="314368" percent="100" />
    </mem>
    <pending-finalizers system="0" default="0" reference="3" classloader="0" />
    <remembered-set count="784" />
  </mem-info>
</gc-end>
<cycle-end id="262" type="scavenge" contextid="256" timestamp="2019-06-17T05:46:08.313" />
  <attribute name="elasticGC enabled" value="1" />
  <attribute name= "numThreadsSpecified" value="4" />
  <attribute name="heapSize specified" value="0" />
  <attribute name="Current GC Util" value="4" />
  <attribute name= "Current Time Running" value="6913" />
  <attribute name ="GC Interval" value="200" />
  <attribute name="ProportionalT" value="-16.000000" />
  <attribute name="ProportionalI" value="-16.000000" />
  <attribute name="ProportionalH" value="-16.000000" />
  <attribute name="Current Error" value="-16.000000" />
  <attribute name="IntegralT" value="-672.000000" />
  <attribute name="IntegralI" value="-672.000000" />
  <attribute name="IntegralH" value="-672.000000" />
  <attribute name="DerivativeT" value="-0.380952" />
  <attribute name="DerivativeI" value="-0.380952" />
  <attribute name="DerivativeH" value="-0.380952" />
  <attribute name="Loop Time for DT" value="42.000000" />
  <attribute name="Output H" value="2092630016"/>
  <attribute name="Output I" value="200"/>
  <attribute name="Output T" value="4"/>
  <attribute name="Target GC Util Change" value ="20.000000" />
  <attribute name="Current GC Util Change" value="4.000000"/>
  <attribute name="GC Util currently" value="4" />
  <attribute name="CPU Util currently" value="15" />
<allocation-satisfied id="263" threadId="000000000186D700" bytesRequested="3024" />
<af-end id="264" timestamp="2019-06-17T05:46:08.313" threadId="000000000186E088" success="true" from="nursery"/>
<exclusive-end id="265" timestamp="2019-06-17T05:46:08.313" durationms="1.742" />

<exclusive-start id="266" timestamp="2019-06-17T05:46:08.348" intervalms="36.966">
  <response-info timems="0.027" idlems="0.027" threads="0" lastid="000000000186D700" lastname="main" />
</exclusive-start>
<af-start id="267" threadId="000000000186E088" totalBytesRequested="7176" timestamp="2019-06-17T05:46:08.348" intervalms="36.966" type="nursery" />
<cycle-start id="268" type="scavenge" contextid="0" timestamp="2019-06-17T05:46:08.348" intervalms="36.955" />
<gc-start id="269" type="scavenge" contextid="268" timestamp="2019-06-17T05:46:08.348">
  <mem-info id="270" free="4149576" total="8388608" percent="49">
    <mem type="nursery" free="0" total="2097152" percent="0">
      <mem type="allocate" free="0" total="1638400" percent="0" />
      <mem type="survivor" free="0" total="458752" percent="0" />
    </mem>
    <mem type="tenure" free="4149576" total="6291456" percent="65">
      <mem type="soa" free="3835208" total="5977088" percent="64" />
      <mem type="loa" free="314368" total="314368" percent="100" />
    </mem>
    <remembered-set count="1081" />
  </mem-info>
</gc-start>
<allocation-stats totalBytes="1398472" >
  <allocated-bytes non-tlh="33680" tlh="1364792" />
  <largest-consumer threadName="main" threadId="000000000186D700" bytes="1398472" />
</allocation-stats>
<gc-op id="271" type="scavenge" timems="0.688" contextid="268" timestamp="2019-06-17T05:46:08.349">
  <scavenger-info tenureage="3" tenuremask="fee8" tiltratio="78" />
  <memory-copied type="nursery" objects="3869" bytes="189472" bytesdiscarded="67504" />
  <memory-copied type="tenure" objects="2479" bytes="98160" bytesdiscarded="32" />
  <finalization candidates="3" enqueued="0" />
  <references type="soft" candidates="235" cleared="0" enqueued="0" dynamicThreshold="32" maxThreshold="32" />
  <references type="weak" candidates="314" cleared="17" enqueued="17" />
  <references type="phantom" candidates="4" cleared="1" enqueued="1" />
</gc-op>
<gc-end id="272" type="scavenge" contextid="268" durationms="0.884" usertimems="0.000" systemtimems="0.000" timestamp="2019-06-17T05:46:08.349" activeThreads="4">
  <mem-info id="273" free="5382472" total="8388608" percent="64">
    <mem type="nursery" free="1381120" total="2097152" percent="65">
      <mem type="allocate" free="1381120" total="1638400" percent="84" />
      <mem type="survivor" free="0" total="458752" percent="0" />
    </mem>
    <mem type="tenure" free="4001352" total="6291456" percent="63">
      <mem type="soa" free="3686984" total="5977088" percent="61" />
      <mem type="loa" free="314368" total="314368" percent="100" />
    </mem>
    <pending-finalizers system="0" default="0" reference="18" classloader="0" />
    <remembered-set count="816" />
  </mem-info>
</gc-end>
<cycle-end id="274" type="scavenge" contextid="268" timestamp="2019-06-17T05:46:08.349" />
  <attribute name="elasticGC enabled" value="1" />
  <attribute name= "numThreadsSpecified" value="4" />
  <attribute name="heapSize specified" value="0" />
  <attribute name="Current GC Util" value="4" />
  <attribute name= "Current Time Running" value="6949" />
  <attribute name ="GC Interval" value="200" />
  <attribute name="ProportionalT" value="-16.000000" />
  <attribute name="ProportionalI" value="-16.000000" />
  <attribute name="ProportionalH" value="-16.000000" />
  <attribute name="Current Error" value="-16.000000" />
  <attribute name="IntegralT" value="-576.000000" />
  <attribute name="IntegralI" value="-576.000000" />
  <attribute name="IntegralH" value="-576.000000" />
  <attribute name="DerivativeT" value="-0.444444" />
  <attribute name="DerivativeI" value="-0.444444" />
  <attribute name="DerivativeH" value="-0.444444" />
  <attribute name="Loop Time for DT" value="36.000000" />
  <attribute name="Output H" value="2092630016"/>
  <attribute name="Output I" value="200"/>
  <attribute name="Output T" value="4"/>
  <attribute name="Target GC Util Change" value ="20.000000" />
  <attribute name="Current GC Util Change" value="4.000000"/>
  <attribute name="GC Util currently" value="4" />
  <attribute name="CPU Util currently" value="9" />
<allocation-satisfied id="275" threadId="000000000186D700" bytesRequested="7176" />
<af-end id="276" timestamp="2019-06-17T05:46:08.349" threadId="000000000186E088" success="true" from="nursery"/>
<exclusive-end id="277" timestamp="2019-06-17T05:46:08.350" durationms="1.354" />

<exclusive-start id="278" timestamp="2019-06-17T05:46:08.388" intervalms="39.825">
  <response-info timems="0.066" idlems="0.066" threads="0" lastid="000000000186D700" lastname="main" />
</exclusive-start>
<af-start id="279" threadId="000000000186E088" totalBytesRequested="104" timestamp="2019-06-17T05:46:08.388" intervalms="39.820" type="nursery" />
<cycle-start id="280" type="scavenge" contextid="0" timestamp="2019-06-17T05:46:08.388" intervalms="39.846" />
<gc-start id="281" type="scavenge" contextid="280" timestamp="2019-06-17T05:46:08.388">
  <mem-info id="282" free="3971864" total="8388608" percent="47">
    <mem type="nursery" free="0" total="2097152" percent="0">
      <mem type="allocate" free="0" total="1638400" percent="0" />
      <mem type="survivor" free="0" total="458752" percent="0" />
    </mem>
    <mem type="tenure" free="3971864" total="6291456" percent="63">
      <mem type="soa" free="3657496" total="5977088" percent="61" />
      <mem type="loa" free="314368" total="314368" percent="100" />
    </mem>
    <remembered-set count="1121" />
  </mem-info>
</gc-start>
<allocation-stats totalBytes="1409112" >
  <allocated-bytes non-tlh="36664" tlh="1372448" />
  <largest-consumer threadName="main" threadId="000000000186D700" bytes="1405016" />
</allocation-stats>
<gc-op id="283" type="scavenge" timems="0.718" contextid="280" timestamp="2019-06-17T05:46:08.389">
  <scavenger-info tenureage="3" tenuremask="ffe8" tiltratio="78" />
  <memory-copied type="nursery" objects="3876" bytes="161016" bytesdiscarded="42816" />
  <memory-copied type="tenure" objects="1359" bytes="49232" bytesdiscarded="16" />
  <finalization candidates="3" enqueued="0" />
  <references type="soft" candidates="181" cleared="0" enqueued="0" dynamicThreshold="32" maxThreshold="32" />
  <references type="weak" candidates="476" cleared="7" enqueued="7" />
  <references type="phantom" candidates="1" cleared="0" enqueued="0" />
</gc-op>
<gc-end id="284" type="scavenge" contextid="280" durationms="0.953" usertimems="4.000" systemtimems="0.000" timestamp="2019-06-17T05:46:08.389" activeThreads="4">
  <mem-info id="285" free="5432592" total="8388608" percent="64">
    <mem type="nursery" free="1499896" total="2097152" percent="71">
      <mem type="allocate" free="1499896" total="1703936" percent="88" />
      <mem type="survivor" free="0" total="393216" percent="0" />
    </mem>
    <mem type="tenure" free="3932696" total="6291456" percent="62">
      <mem type="soa" free="3618328" total="5977088" percent="60" />
      <mem type="loa" free="314368" total="314368" percent="100" />
    </mem>
    <pending-finalizers system="0" default="0" reference="7" classloader="0" />
    <remembered-set count="725" />
  </mem-info>
</gc-end>
<cycle-end id="286" type="scavenge" contextid="280" timestamp="2019-06-17T05:46:08.389" />
  <attribute name="elasticGC enabled" value="1" />
  <attribute name= "numThreadsSpecified" value="4" />
  <attribute name="heapSize specified" value="0" />
  <attribute name="Current GC Util" value="3" />
  <attribute name= "Current Time Running" value="6989" />
  <attribute name ="GC Interval" value="200" />
  <attribute name="ProportionalT" value="-17.000000" />
  <attribute name="ProportionalI" value="-17.000000" />
  <attribute name="ProportionalH" value="-17.000000" />
  <attribute name="Current Error" value="-17.000000" />
  <attribute name="IntegralT" value="-680.000000" />
  <attribute name="IntegralI" value="-680.000000" />
  <attribute name="IntegralH" value="-680.000000" />
  <attribute name="DerivativeT" value="-0.425000" />
  <attribute name="DerivativeI" value="-0.425000" />
  <attribute name="DerivativeH" value="-0.425000" />
  <attribute name="Loop Time for DT" value="40.000000" />
  <attribute name="Output H" value="2092630016"/>
  <attribute name="Output I" value="200"/>
  <attribute name="Output T" value="4"/>
  <attribute name="Target GC Util Change" value ="20.000000" />
  <attribute name="Current GC Util Change" value="3.000000"/>
  <attribute name="GC Util currently" value="3" />
  <attribute name="CPU Util currently" value="20" />
<allocation-satisfied id="287" threadId="000000000186D700" bytesRequested="104" />
<af-end id="288" timestamp="2019-06-17T05:46:08.389" threadId="000000000186E088" success="true" from="nursery"/>
<exclusive-end id="289" timestamp="2019-06-17T05:46:08.389" durationms="1.460" />

<exclusive-start id="290" timestamp="2019-06-17T05:46:08.442" intervalms="54.106">
  <response-info timems="0.032" idlems="0.032" threads="0" lastid="000000000186D700" lastname="main" />
</exclusive-start>
<af-start id="291" threadId="000000000186E088" totalBytesRequested="22720" timestamp="2019-06-17T05:46:08.442" intervalms="54.105" type="nursery" />
<cycle-start id="292" type="scavenge" contextid="0" timestamp="2019-06-17T05:46:08.442" intervalms="54.078" />
<gc-start id="293" type="scavenge" contextid="292" timestamp="2019-06-17T05:46:08.442">
  <mem-info id="294" free="3875064" total="8388608" percent="46">
    <mem type="nursery" free="0" total="2097152" percent="0">
      <mem type="allocate" free="0" total="1703936" percent="0" />
      <mem type="survivor" free="0" total="393216" percent="0" />
    </mem>
    <mem type="tenure" free="3875064" total="6291456" percent="61">
      <mem type="soa" free="3560696" total="5977088" percent="59" />
      <mem type="loa" free="314368" total="314368" percent="100" />
    </mem>
    <remembered-set count="1227" />
  </mem-info>
</gc-start>
<allocation-stats totalBytes="1536688" >
  <allocated-bytes non-tlh="57736" tlh="1478952" />
  <largest-consumer threadName="main" threadId="000000000186D700" bytes="1536688" />
</allocation-stats>
<gc-op id="295" type="scavenge" timems="0.849" contextid="292" timestamp="2019-06-17T05:46:08.443">
  <scavenger-info tenureage="3" tenuremask="fbe8" tiltratio="81" />
  <memory-copied type="nursery" objects="3147" bytes="132656" bytesdiscarded="141008" />
  <memory-copied type="tenure" objects="1929" bytes="70176" bytesdiscarded="48" />
  <finalization candidates="3" enqueued="0" />
  <references type="soft" candidates="45" cleared="0" enqueued="0" dynamicThreshold="32" maxThreshold="32" />
  <references type="weak" candidates="718" cleared="1" enqueued="1" />
  <references type="phantom" candidates="1" cleared="0" enqueued="0" />
</gc-op>
<gc-end id="296" type="scavenge" contextid="292" durationms="1.073" usertimems="0.000" systemtimems="0.000" timestamp="2019-06-17T05:46:08.443" activeThreads="4">
  <mem-info id="297" free="5292272" total="8388608" percent="63">
    <mem type="nursery" free="1495544" total="2097152" percent="71">
      <mem type="allocate" free="1495544" total="1769472" percent="84" />
      <mem type="survivor" free="0" total="327680" percent="0" />
    </mem>
    <mem type="tenure" free="3796728" total="6291456" percent="60">
      <mem type="soa" free="3482360" total="5977088" percent="58" />
      <mem type="loa" free="314368" total="314368" percent="100" />
    </mem>
    <pending-finalizers system="0" default="0" reference="1" classloader="0" />
    <remembered-set count="961" />
  </mem-info>
</gc-end>
<cycle-end id="298" type="scavenge" contextid="292" timestamp="2019-06-17T05:46:08.443" />
  <attribute name="elasticGC enabled" value="1" />
  <attribute name= "numThreadsSpecified" value="4" />
  <attribute name="heapSize specified" value="0" />
  <attribute name="Current GC Util" value="2" />
  <attribute name= "Current Time Running" value="7043" />
  <attribute name ="GC Interval" value="200" />
  <attribute name="ProportionalT" value="-18.000000" />
  <attribute name="ProportionalI" value="-18.000000" />
  <attribute name="ProportionalH" value="-18.000000" />
  <attribute name="Current Error" value="-18.000000" />
  <attribute name="IntegralT" value="-972.000000" />
  <attribute name="IntegralI" value="-972.000000" />
  <attribute name="IntegralH" value="-972.000000" />
  <attribute name="DerivativeT" value="-0.333333" />
  <attribute name="DerivativeI" value="-0.333333" />
  <attribute name="DerivativeH" value="-0.333333" />
  <attribute name="Loop Time for DT" value="54.000000" />
  <attribute name="Output H" value="2092630016"/>
  <attribute name="Output I" value="200"/>
  <attribute name="Output T" value="4"/>
  <attribute name="Target GC Util Change" value ="20.000000" />
  <attribute name="Current GC Util Change" value="2.000000"/>
  <attribute name="GC Util currently" value="2" />
  <attribute name="CPU Util currently" value="28" />
<allocation-satisfied id="299" threadId="000000000186D700" bytesRequested="22720" />
<af-end id="300" timestamp="2019-06-17T05:46:08.444" threadId="000000000186E088" success="true" from="nursery"/>
<exclusive-end id="301" timestamp="2019-06-17T05:46:08.444" durationms="1.540" />

<exclusive-start id="302" timestamp="2019-06-17T05:46:08.481" intervalms="38.743">
  <response-info timems="0.088" idlems="0.088" threads="0" lastid="000000000186D700" lastname="main" />
</exclusive-start>
<af-start id="303" threadId="000000000186E088" totalBytesRequested="3160" timestamp="2019-06-17T05:46:08.481" intervalms="38.742" type="nursery" />
<cycle-start id="304" type="scavenge" contextid="0" timestamp="2019-06-17T05:46:08.481" intervalms="38.755" />
<gc-start id="305" type="scavenge" contextid="304" timestamp="2019-06-17T05:46:08.481">
  <mem-info id="306" free="3750688" total="8388608" percent="44">
    <mem type="nursery" free="0" total="2097152" percent="0">
      <mem type="allocate" free="0" total="1769472" percent="0" />
      <mem type="survivor" free="0" total="327680" percent="0" />
    </mem>
    <mem type="tenure" free="3750688" total="6291456" percent="59">
      <mem type="soa" free="3436320" total="5977088" percent="57" />
      <mem type="loa" free="314368" total="314368" percent="100" />
    </mem>
    <remembered-set count="1634" />
  </mem-info>
</gc-start>
<allocation-stats totalBytes="1532120" >
  <allocated-bytes non-tlh="68760" tlh="1463360" />
  <largest-consumer threadName="main" threadId="000000000186D700" bytes="1532120" />
</allocation-stats>
<gc-op id="307" type="scavenge" timems="0.917" contextid="304" timestamp="2019-06-17T05:46:08.482">
  <scavenger-info tenureage="3" tenuremask="ffe8" tiltratio="84" />
  <memory-copied type="nursery" objects="7308" bytes="271216" bytesdiscarded="40920" />
  <memory-copied type="tenure" objects="460" bytes="35712" bytesdiscarded="0" />
  <finalization candidates="3" enqueued="0" />
  <ownableSynchronizers candidates="1" cleared="0" />
  <references type="soft" candidates="260" cleared="0" enqueued="0" dynamicThreshold="32" maxThreshold="32" />
  <references type="weak" candidates="1041" cleared="12" enqueued="12" />
  <references type="phantom" candidates="3" cleared="1" enqueued="1" />
</gc-op>
<gc-end id="308" type="scavenge" contextid="304" durationms="1.226" usertimems="4.000" systemtimems="0.000" timestamp="2019-06-17T05:46:08.482" activeThreads="4">
  <mem-info id="309" free="5067544" total="8388608" percent="60">
    <mem type="nursery" free="1325056" total="2097152" percent="63">
      <mem type="allocate" free="1325056" total="1638400" percent="80" />
      <mem type="survivor" free="0" total="458752" percent="0" />
    </mem>
    <mem type="tenure" free="3742488" total="6291456" percent="59">
      <mem type="soa" free="3428120" total="5977088" percent="57" />
      <mem type="loa" free="314368" total="314368" percent="100" />
    </mem>
    <pending-finalizers system="0" default="0" reference="13" classloader="0" />
    <remembered-set count="1297" />
  </mem-info>
</gc-end>
<cycle-end id="310" type="scavenge" contextid="304" timestamp="2019-06-17T05:46:08.482" />
  <attribute name="elasticGC enabled" value="1" />
  <attribute name= "numThreadsSpecified" value="4" />
  <attribute name="heapSize specified" value="0" />
  <attribute name="Current GC Util" value="3" />
  <attribute name= "Current Time Running" value="7082" />
  <attribute name ="GC Interval" value="200" />
  <attribute name="ProportionalT" value="-17.000000" />
  <attribute name="ProportionalI" value="-17.000000" />
  <attribute name="ProportionalH" value="-17.000000" />
  <attribute name="Current Error" value="-17.000000" />
  <attribute name="IntegralT" value="-663.000000" />
  <attribute name="IntegralI" value="-663.000000" />
  <attribute name="IntegralH" value="-663.000000" />
  <attribute name="DerivativeT" value="-0.435897" />
  <attribute name="DerivativeI" value="-0.435897" />
  <attribute name="DerivativeH" value="-0.435897" />
  <attribute name="Loop Time for DT" value="39.000000" />
  <attribute name="Output H" value="2092630016"/>
  <attribute name="Output I" value="200"/>
  <attribute name="Output T" value="4"/>
  <attribute name="Target GC Util Change" value ="20.000000" />
  <attribute name="Current GC Util Change" value="3.000000"/>
  <attribute name="GC Util currently" value="3" />
  <attribute name="CPU Util currently" value="12" />
<allocation-satisfied id="311" threadId="000000000186D700" bytesRequested="3160" />
<af-end id="312" timestamp="2019-06-17T05:46:08.483" threadId="000000000186E088" success="true" from="nursery"/>
<exclusive-end id="313" timestamp="2019-06-17T05:46:08.483" durationms="1.801" />

<exclusive-start id="314" timestamp="2019-06-17T05:46:08.520" intervalms="39.104">
  <response-info timems="0.056" idlems="0.056" threads="0" lastid="000000000186D700" lastname="main" />
</exclusive-start>
<af-start id="315" threadId="000000000186E088" totalBytesRequested="262152" timestamp="2019-06-17T05:46:08.520" intervalms="39.129" type="nursery" />
<cycle-start id="316" type="scavenge" contextid="0" timestamp="2019-06-17T05:46:08.520" intervalms="39.142" />
<gc-start id="317" type="scavenge" contextid="316" timestamp="2019-06-17T05:46:08.520">
  <mem-info id="318" free="3980848" total="8388608" percent="47">
    <mem type="nursery" free="265128" total="2097152" percent="12">
      <mem type="allocate" free="265128" total="1638400" percent="16" />
      <mem type="survivor" free="0" total="458752" percent="0" />
    </mem>
    <mem type="tenure" free="3715720" total="6291456" percent="59">
      <mem type="soa" free="3401352" total="5977088" percent="56" />
      <mem type="loa" free="314368" total="314368" percent="100" />
    </mem>
    <remembered-set count="1769" />
  </mem-info>
</gc-start>
<allocation-stats totalBytes="1083936" >
  <allocated-bytes non-tlh="29928" tlh="1054008" />
  <largest-consumer threadName="main" threadId="000000000186D700" bytes="1018712" />
</allocation-stats>
<gc-op id="319" type="scavenge" timems="1.058" contextid="316" timestamp="2019-06-17T05:46:08.521">
  <scavenger-info tenureage="5" tenuremask="ffe0" tiltratio="78" />
  <memory-copied type="nursery" objects="9759" bytes="392520" bytesdiscarded="65440" />
  <finalization candidates="15" enqueued="0" />
  <ownableSynchronizers candidates="4" cleared="0" />
  <references type="soft" candidates="281" cleared="0" enqueued="0" dynamicThreshold="32" maxThreshold="32" />
  <references type="weak" candidates="2006" cleared="420" enqueued="278" />
  <references type="phantom" candidates="3" cleared="0" enqueued="0" />
</gc-op>
<gc-end id="320" type="scavenge" contextid="316" durationms="1.316" usertimems="0.000" systemtimems="0.000" timestamp="2019-06-17T05:46:08.522" activeThreads="4">
  <mem-info id="321" free="4764296" total="8388608" percent="56">
    <mem type="nursery" free="1048576" total="2097152" percent="50">
      <mem type="allocate" free="1048576" total="1507328" percent="69" />
      <mem type="survivor" free="0" total="589824" percent="0" />
    </mem>
    <mem type="tenure" free="3715720" total="6291456" percent="59">
      <mem type="soa" free="3401352" total="5977088" percent="56" />
      <mem type="loa" free="314368" total="314368" percent="100" />
    </mem>
    <pending-finalizers system="0" default="0" reference="278" classloader="0" />
    <remembered-set count="1279" />
  </mem-info>
</gc-end>
<cycle-end id="322" type="scavenge" contextid="316" timestamp="2019-06-17T05:46:08.522" />
  <attribute name="elasticGC enabled" value="1" />
  <attribute name= "numThreadsSpecified" value="4" />
  <attribute name="heapSize specified" value="0" />
  <attribute name="Current GC Util" value="3" />
  <attribute name= "Current Time Running" value="7121" />
  <attribute name ="GC Interval" value="200" />
  <attribute name="ProportionalT" value="-17.000000" />
  <attribute name="ProportionalI" value="-17.000000" />
  <attribute name="ProportionalH" value="-17.000000" />
  <attribute name="Current Error" value="-17.000000" />
  <attribute name="IntegralT" value="-663.000000" />
  <attribute name="IntegralI" value="-663.000000" />
  <attribute name="IntegralH" value="-663.000000" />
  <attribute name="DerivativeT" value="-0.435897" />
  <attribute name="DerivativeI" value="-0.435897" />
  <attribute name="DerivativeH" value="-0.435897" />
  <attribute name="Loop Time for DT" value="39.000000" />
  <attribute name="Output H" value="2092630016"/>
  <attribute name="Output I" value="200"/>
  <attribute name="Output T" value="4"/>
  <attribute name="Target GC Util Change" value ="20.000000" />
  <attribute name="Current GC Util Change" value="3.000000"/>
  <attribute name="GC Util currently" value="3" />
  <attribute name="CPU Util currently" value="118027255054" />
<allocation-satisfied id="323" threadId="000000000186D700" bytesRequested="262152" />
<af-end id="324" timestamp="2019-06-17T05:46:08.522" threadId="000000000186E088" success="true" from="nursery"/>
<exclusive-end id="325" timestamp="2019-06-17T05:46:08.522" durationms="2.028" />

<exclusive-start id="326" timestamp="2019-06-17T05:46:08.539" intervalms="19.514">
  <response-info timems="0.031" idlems="0.031" threads="0" lastid="000000000186D700" lastname="main" />
</exclusive-start>
<af-start id="327" threadId="000000000186E088" totalBytesRequested="200008" timestamp="2019-06-17T05:46:08.540" intervalms="19.476" type="nursery" />
<cycle-start id="328" type="scavenge" contextid="0" timestamp="2019-06-17T05:46:08.540" intervalms="19.457" />
<gc-start id="329" type="scavenge" contextid="328" timestamp="2019-06-17T05:46:08.540">
  <mem-info id="330" free="3801768" total="8388608" percent="45">
    <mem type="nursery" free="93696" total="2097152" percent="4">
      <mem type="allocate" free="93696" total="1507328" percent="6" />
      <mem type="survivor" free="0" total="589824" percent="0" />
    </mem>
    <mem type="tenure" free="3708072" total="6291456" percent="58">
      <mem type="soa" free="3393704" total="5977088" percent="56" />
      <mem type="loa" free="314368" total="314368" percent="100" />
    </mem>
    <remembered-set count="1421" />
  </mem-info>
</gc-start>
<allocation-stats totalBytes="951640" >
  <allocated-bytes non-tlh="319456" tlh="632184" />
  <largest-consumer threadName="main" threadId="000000000186D700" bytes="939808" />
</allocation-stats>
<gc-op id="331" type="scavenge" timems="0.999" contextid="328" timestamp="2019-06-17T05:46:08.541">
  <scavenger-info tenureage="3" tenuremask="4018" tiltratio="71" />
  <memory-copied type="nursery" objects="5071" bytes="539264" bytesdiscarded="49848" />
  <memory-copied type="tenure" objects="5743" bytes="203984" bytesdiscarded="240" />
  <copy-failed type="nursery" objects="3125" bytes="110568" />
  <finalization candidates="15" enqueued="0" />
  <ownableSynchronizers candidates="4" cleared="0" />
  <references type="soft" candidates="55" cleared="0" enqueued="0" dynamicThreshold="32" maxThreshold="32" />
  <references type="weak" candidates="595" cleared="12" enqueued="9" />
  <references type="phantom" candidates="7" cleared="2" enqueued="2" />
</gc-op>
<gc-end id="332" type="scavenge" contextid="328" durationms="1.199" usertimems="4.000" systemtimems="0.000" timestamp="2019-06-17T05:46:08.541" activeThreads="4">
  <mem-info id="333" free="3975080" total="8388608" percent="47">
    <mem type="nursery" free="524288" total="2097152" percent="25">
      <mem type="allocate" free="524288" total="1114112" percent="47" />
      <mem type="survivor" free="0" total="983040" percent="0" />
    </mem>
    <mem type="tenure" free="3450792" total="6291456" percent="54">
      <mem type="soa" free="3136424" total="5977088" percent="52" />
      <mem type="loa" free="314368" total="314368" percent="100" />
    </mem>
    <pending-finalizers system="0" default="0" reference="11" classloader="0" />
    <remembered-set count="1774" />
  </mem-info>
</gc-end>
<cycle-end id="334" type="scavenge" contextid="328" timestamp="2019-06-17T05:46:08.541" />
  <attribute name="elasticGC enabled" value="1" />
  <attribute name= "numThreadsSpecified" value="4" />
  <attribute name="heapSize specified" value="0" />
  <attribute name="Current GC Util" value="8" />
  <attribute name= "Current Time Running" value="7141" />
  <attribute name ="GC Interval" value="200" />
  <attribute name="ProportionalT" value="-12.000000" />
  <attribute name="ProportionalI" value="-12.000000" />
  <attribute name="ProportionalH" value="-12.000000" />
  <attribute name="Current Error" value="-12.000000" />
  <attribute name="IntegralT" value="-240.000000" />
  <attribute name="IntegralI" value="-240.000000" />
  <attribute name="IntegralH" value="-240.000000" />
  <attribute name="DerivativeT" value="-0.600000" />
  <attribute name="DerivativeI" value="-0.600000" />
  <attribute name="DerivativeH" value="-0.600000" />
  <attribute name="Loop Time for DT" value="20.000000" />
  <attribute name="Output H" value="2092630016"/>
  <attribute name="Output I" value="200"/>
  <attribute name="Output T" value="4"/>
  <attribute name="Target GC Util Change" value ="20.000000" />
  <attribute name="Current GC Util Change" value="8.000000"/>
  <attribute name="GC Util currently" value="8" />
  <attribute name="CPU Util currently" value="237689322002" />
<allocation-satisfied id="335" threadId="000000000186D700" bytesRequested="200008" />
<af-end id="336" timestamp="2019-06-17T05:46:08.541" threadId="000000000186E088" success="true" from="nursery"/>
<exclusive-end id="337" timestamp="2019-06-17T05:46:08.541" durationms="1.761" />

<exclusive-start id="338" timestamp="2019-06-17T05:46:08.546" intervalms="6.920">
  <response-info timems="0.026" idlems="0.026" threads="0" lastid="000000000186D700" lastname="main" />
</exclusive-start>
<af-start id="339" threadId="000000000186E088" totalBytesRequested="7176" timestamp="2019-06-17T05:46:08.546" intervalms="6.901" type="nursery" />
<cycle-start id="340" type="scavenge" contextid="0" timestamp="2019-06-17T05:46:08.546" intervalms="6.887" />
<gc-start id="341" type="scavenge" contextid="340" timestamp="2019-06-17T05:46:08.547">
  <mem-info id="342" free="3449384" total="8388608" percent="41">
    <mem type="nursery" free="0" total="2097152" percent="0">
      <mem type="allocate" free="0" total="1114112" percent="0" />
      <mem type="survivor" free="0" total="983040" percent="0" />
    </mem>
    <mem type="tenure" free="3449384" total="6291456" percent="54">
      <mem type="soa" free="3135016" total="5977088" percent="52" />
      <mem type="loa" free="314368" total="314368" percent="100" />
    </mem>
    <remembered-set count="1797" />
  </mem-info>
</gc-start>
<allocation-stats totalBytes="511832" >
  <allocated-bytes non-tlh="234192" tlh="277640" />
  <largest-consumer threadName="main" threadId="000000000186D700" bytes="503640" />
</allocation-stats>
<gc-op id="343" type="scavenge" timems="0.585" contextid="340" timestamp="2019-06-17T05:46:08.547">
  <scavenger-info tenureage="3" tenuremask="6008" tiltratio="53" />
  <memory-copied type="nursery" objects="1981" bytes="667112" bytesdiscarded="16848" />
  <memory-copied type="tenure" objects="3098" bytes="114664" bytesdiscarded="40" />
  <finalization candidates="15" enqueued="0" />
  <ownableSynchronizers candidates="4" cleared="0" />
  <references type="soft" candidates="4" cleared="0" enqueued="0" dynamicThreshold="32" maxThreshold="32" />
  <references type="weak" candidates="263" cleared="0" enqueued="0" />
  <references type="phantom" candidates="5" cleared="0" enqueued="0" />
</gc-op>
<gc-end id="344" type="scavenge" contextid="340" durationms="0.766" usertimems="0.000" systemtimems="0.000" timestamp="2019-06-17T05:46:08.547" activeThreads="4">
  <mem-info id="345" free="3870640" total="8388608" percent="46">
    <mem type="nursery" free="561032" total="2097152" percent="26">
      <mem type="allocate" free="561032" total="1245184" percent="45" />
      <mem type="survivor" free="0" total="851968" percent="0" />
    </mem>
    <mem type="tenure" free="3309608" total="6291456" percent="52">
      <mem type="soa" free="2995240" total="5977088" percent="50" />
      <mem type="loa" free="314368" total="314368" percent="100" />
    </mem>
    <remembered-set count="933" />
  </mem-info>
</gc-end>
<cycle-end id="346" type="scavenge" contextid="340" timestamp="2019-06-17T05:46:08.547" />
  <attribute name="elasticGC enabled" value="1" />
  <attribute name= "numThreadsSpecified" value="4" />
  <attribute name="heapSize specified" value="0" />
  <attribute name="Current GC Util" value="25" />
  <attribute name= "Current Time Running" value="7148" />
  <attribute name ="GC Interval" value="200" />
  <attribute name="ProportionalT" value="5.000000" />
  <attribute name="ProportionalI" value="5.000000" />
  <attribute name="ProportionalH" value="5.000000" />
  <attribute name="Current Error" value="5.000000" />
  <attribute name="IntegralT" value="35.000000" />
  <attribute name="IntegralI" value="35.000000" />
  <attribute name="IntegralH" value="35.000000" />
  <attribute name="DerivativeT" value="0.714286" />
  <attribute name="DerivativeI" value="0.714286" />
  <attribute name="DerivativeH" value="0.714286" />
  <attribute name="Loop Time for DT" value="7.000000" />
  <attribute name="Output H" value="8388608"/>
  <attribute name="Output I" value="200"/>
  <attribute name="Output T" value="4"/>
  <attribute name="Target GC Util Change" value ="20.000000" />
  <attribute name="Current GC Util Change" value="25.000000"/>
  <attribute name="GC Util currently" value="25" />
  <attribute name="CPU Util currently" value="671888877507" />
<allocation-satisfied id="347" threadId="000000000186D700" bytesRequested="7176" />
<af-end id="348" timestamp="2019-06-17T05:46:08.548" threadId="000000000186E088" success="true" from="nursery"/>
<exclusive-end id="349" timestamp="2019-06-17T05:46:08.548" durationms="1.174" />

<exclusive-start id="350" timestamp="2019-06-17T05:46:08.558" intervalms="11.260">
  <response-info timems="0.060" idlems="0.060" threads="0" lastid="000000000186D700" lastname="main" />
</exclusive-start>
<af-start id="351" threadId="000000000186E088" totalBytesRequested="40" timestamp="2019-06-17T05:46:08.558" intervalms="11.305" type="nursery" />
<cycle-start id="352" type="scavenge" contextid="0" timestamp="2019-06-17T05:46:08.558" intervalms="11.345" />
<gc-start id="353" type="scavenge" contextid="352" timestamp="2019-06-17T05:46:08.558">
  <mem-info id="354" free="3297376" total="8388608" percent="39">
    <mem type="nursery" free="0" total="2097152" percent="0">
      <mem type="allocate" free="0" total="1245184" percent="0" />
      <mem type="survivor" free="0" total="851968" percent="0" />
    </mem>
    <mem type="tenure" free="3297376" total="6291456" percent="52">
      <mem type="soa" free="2983008" total="5977088" percent="49" />
      <mem type="loa" free="314368" total="314368" percent="100" />
    </mem>
    <remembered-set count="1136" />
  </mem-info>
</gc-start>
<allocation-stats totalBytes="573208" >
  <allocated-bytes non-tlh="377408" tlh="195800" />
  <largest-consumer threadName="main" threadId="000000000186D700" bytes="573208" />
</allocation-stats>
<gc-op id="355" type="scavenge" timems="0.501" contextid="352" timestamp="2019-06-17T05:46:08.559">
  <scavenger-info tenureage="3" tenuremask="7008" tiltratio="59" />
  <memory-copied type="nursery" objects="591" bytes="707536" bytesdiscarded="64584" />
  <memory-copied type="tenure" objects="1722" bytes="232880" bytesdiscarded="0" />
  <copy-failed type="nursery" objects="1" bytes="131080" />
  <finalization candidates="15" enqueued="0" />
  <ownableSynchronizers candidates="3" cleared="0" />
  <references type="soft" candidates="1" cleared="0" enqueued="0" dynamicThreshold="32" maxThreshold="32" />
  <references type="weak" candidates="29" cleared="0" enqueued="0" />
  <references type="phantom" candidates="3" cleared="0" enqueued="0" />
</gc-op>
<gc-end id="356" type="scavenge" contextid="352" durationms="0.702" usertimems="0.000" systemtimems="0.000" timestamp="2019-06-17T05:46:08.559" activeThreads="4">
  <mem-info id="357" free="3372800" total="8388608" percent="40">
    <mem type="nursery" free="276392" total="2097152" percent="13">
      <mem type="allocate" free="276392" total="1048576" percent="26" />
      <mem type="survivor" free="0" total="1048576" percent="0" />
    </mem>
    <mem type="tenure" free="3096408" total="6291456" percent="49">
      <mem type="soa" free="2782040" total="5977088" percent="46" />
      <mem type="loa" free="314368" total="314368" percent="100" />
    </mem>
    <remembered-set count="455" />
  </mem-info>
</gc-end>
<cycle-end id="358" type="scavenge" contextid="352" timestamp="2019-06-17T05:46:08.559" />
  <attribute name="elasticGC enabled" value="1" />
  <attribute name= "numThreadsSpecified" value="4" />
  <attribute name="heapSize specified" value="0" />
  <attribute name="Current GC Util" value="10" />
  <attribute name= "Current Time Running" value="7159" />
  <attribute name ="GC Interval" value="200" />
  <attribute name="ProportionalT" value="-10.000000" />
  <attribute name="ProportionalI" value="-10.000000" />
  <attribute name="ProportionalH" value="-10.000000" />
  <attribute name="Current Error" value="-10.000000" />
  <attribute name="IntegralT" value="-110.000000" />
  <attribute name="IntegralI" value="-110.000000" />
  <attribute name="IntegralH" value="-110.000000" />
  <attribute name="DerivativeT" value="-1.363636" />
  <attribute name="DerivativeI" value="-1.363636" />
  <attribute name="DerivativeH" value="-1.363636" />
  <attribute name="Loop Time for DT" value="11.000000" />
  <attribute name="Output H" value="2092630016"/>
  <attribute name="Output I" value="200"/>
  <attribute name="Output T" value="4"/>
  <attribute name="Target GC Util Change" value ="20.000000" />
  <attribute name="Current GC Util Change" value="10.000000"/>
  <attribute name="GC Util currently" value="10" />
  <attribute name="CPU Util currently" value="404854370874" />
<allocation-satisfied id="359" threadId="000000000186D700" bytesRequested="40" />
<af-end id="360" timestamp="2019-06-17T05:46:08.559" threadId="000000000186E088" success="true" from="nursery"/>
<exclusive-end id="361" timestamp="2019-06-17T05:46:08.559" durationms="1.233" />

<exclusive-start id="362" timestamp="2019-06-17T05:46:08.562" intervalms="4.026">
  <response-info timems="0.067" idlems="0.067" threads="0" lastid="000000000186D700" lastname="main" />
</exclusive-start>
<af-start id="363" threadId="000000000186E088" totalBytesRequested="130056" timestamp="2019-06-17T05:46:08.562" intervalms="4.025" type="nursery" />
<cycle-start id="364" type="scavenge" contextid="0" timestamp="2019-06-17T05:46:08.562" intervalms="4.027" />
<gc-start id="365" type="scavenge" contextid="364" timestamp="2019-06-17T05:46:08.562">
  <mem-info id="366" free="3135104" total="8388608" percent="37">
    <mem type="nursery" free="39800" total="2097152" percent="1">
      <mem type="allocate" free="39800" total="1048576" percent="3" />
      <mem type="survivor" free="0" total="1048576" percent="0" />
    </mem>
    <mem type="tenure" free="3095304" total="6291456" percent="49">
      <mem type="soa" free="2780936" total="5977088" percent="46" />
      <mem type="loa" free="314368" total="314368" percent="100" />
    </mem>
    <remembered-set count="472" />
  </mem-info>
</gc-start>
<allocation-stats totalBytes="220792" >
  <allocated-bytes non-tlh="65664" tlh="155128" />
  <largest-consumer threadName="main" threadId="000000000186D700" bytes="220792" />
</allocation-stats>
<gc-op id="367" type="scavenge" timems="0.390" contextid="364" timestamp="2019-06-17T05:46:08.562">
  <scavenger-info tenureage="3" tenuremask="7808" tiltratio="50" />
  <memory-copied type="nursery" objects="399" bytes="489800" bytesdiscarded="140056" />
  <memory-copied type="tenure" objects="211" bytes="294224" bytesdiscarded="0" />
  <references type="weak" candidates="2" cleared="1" enqueued="1" />
  <references type="phantom" candidates="1" cleared="0" enqueued="0" />
</gc-op>
<gc-end id="368" type="scavenge" contextid="364" durationms="0.572" usertimems="0.000" systemtimems="0.000" timestamp="2019-06-17T05:46:08.562" activeThreads="4">
  <mem-info id="369" free="3251864" total="8388608" percent="38">
    <mem type="nursery" free="418712" total="2097152" percent="19">
      <mem type="allocate" free="418712" total="1048576" percent="39" />
      <mem type="survivor" free="0" total="1048576" percent="0" />
    </mem>
    <mem type="tenure" free="2833152" total="6291456" percent="45">
      <mem type="soa" free="2518784" total="5977088" percent="42" />
      <mem type="loa" free="314368" total="314368" percent="100" />
    </mem>
    <pending-finalizers system="0" default="0" reference="1" classloader="0" />
    <remembered-set count="311" />
  </mem-info>
</gc-end>
<cycle-end id="370" type="scavenge" contextid="364" timestamp="2019-06-17T05:46:08.563" />
  <attribute name="elasticGC enabled" value="1" />
  <attribute name= "numThreadsSpecified" value="4" />
  <attribute name="heapSize specified" value="0" />
  <attribute name="Current GC Util" value="24" />
  <attribute name= "Current Time Running" value="7163" />
  <attribute name ="GC Interval" value="200" />
  <attribute name="ProportionalT" value="4.000000" />
  <attribute name="ProportionalI" value="4.000000" />
  <attribute name="ProportionalH" value="4.000000" />
  <attribute name="Current Error" value="4.000000" />
  <attribute name="IntegralT" value="16.000000" />
  <attribute name="IntegralI" value="16.000000" />
  <attribute name="IntegralH" value="16.000000" />
  <attribute name="DerivativeT" value="1.000000" />
  <attribute name="DerivativeI" value="1.000000" />
  <attribute name="DerivativeH" value="1.000000" />
  <attribute name="Loop Time for DT" value="4.000000" />
  <attribute name="Output H" value="8388608"/>
  <attribute name="Output I" value="200"/>
  <attribute name="Output T" value="4"/>
  <attribute name="Target GC Util Change" value ="20.000000" />
  <attribute name="Current GC Util Change" value="24.000000"/>
  <attribute name="GC Util currently" value="24" />
  <attribute name="CPU Util currently" value="1157781291344" />
<allocation-satisfied id="371" threadId="000000000186D700" bytesRequested="130056" />
<af-end id="372" timestamp="2019-06-17T05:46:08.563" threadId="000000000186E088" success="true" from="nursery"/>
<exclusive-end id="373" timestamp="2019-06-17T05:46:08.563" durationms="1.062" />

<exclusive-start id="374" timestamp="2019-06-17T05:46:08.564" intervalms="2.343">
  <response-info timems="0.026" idlems="0.026" threads="0" lastid="000000000186D700" lastname="main" />
</exclusive-start>
<af-start id="375" threadId="000000000186E088" totalBytesRequested="262168" timestamp="2019-06-17T05:46:08.564" intervalms="2.297" type="nursery" />
<cycle-start id="376" type="scavenge" contextid="0" timestamp="2019-06-17T05:46:08.564" intervalms="2.254" />
<gc-start id="377" type="scavenge" contextid="376" timestamp="2019-06-17T05:46:08.564">
  <mem-info id="378" free="2860680" total="8388608" percent="34">
    <mem type="nursery" free="27528" total="2097152" percent="1">
      <mem type="allocate" free="27528" total="1048576" percent="2" />
      <mem type="survivor" free="0" total="1048576" percent="0" />
    </mem>
    <mem type="tenure" free="2833152" total="6291456" percent="45">
      <mem type="soa" free="2518784" total="5977088" percent="42" />
      <mem type="loa" free="314368" total="314368" percent="100" />
    </mem>
    <remembered-set count="311" />
  </mem-info>
</gc-start>
<allocation-stats totalBytes="391184" >
  <allocated-bytes non-tlh="391184" tlh="0" />
  <largest-consumer threadName="main" threadId="000000000186D700" bytes="391184" />
</allocation-stats>
<gc-op id="379" type="scavenge" timems="0.328" contextid="376" timestamp="2019-06-17T05:46:08.565">
  <scavenger-info tenureage="3" tenuremask="7c08" tiltratio="50" />
  <memory-copied type="nursery" objects="377" bytes="427800" bytesdiscarded="81648" />
  <memory-copied type="tenure" objects="20" bytes="258552" bytesdiscarded="0" />
  <references type="weak" candidates="1" cleared="0" enqueued="0" />
  <references type="phantom" candidates="1" cleared="0" enqueued="0" />
</gc-op>
<gc-end id="380" type="scavenge" contextid="376" durationms="0.508" usertimems="0.000" systemtimems="0.000" timestamp="2019-06-17T05:46:08.565" activeThreads="4">
  <mem-info id="381" free="3188624" total="8388608" percent="38">
    <mem type="nursery" free="604648" total="2097152" percent="28">
      <mem type="allocate" free="604648" total="1114112" percent="54" />
      <mem type="survivor" free="0" total="983040" percent="0" />
    </mem>
    <mem type="tenure" free="2583976" total="6291456" percent="41">
      <mem type="soa" free="2269608" total="5977088" percent="37" />
      <mem type="loa" free="314368" total="314368" percent="100" />
    </mem>
    <remembered-set count="112" />
  </mem-info>
</gc-end>
<cycle-end id="382" type="scavenge" contextid="376" timestamp="2019-06-17T05:46:08.565" />
  <attribute name="elasticGC enabled" value="1" />
  <attribute name= "numThreadsSpecified" value="4" />
  <attribute name="heapSize specified" value="0" />
  <attribute name="Current GC Util" value="32" />
  <attribute name= "Current Time Running" value="7165" />
  <attribute name ="GC Interval" value="200" />
  <attribute name="ProportionalT" value="12.000000" />
  <attribute name="ProportionalI" value="12.000000" />
  <attribute name="ProportionalH" value="12.000000" />
  <attribute name="Current Error" value="12.000000" />
  <attribute name="IntegralT" value="24.000000" />
  <attribute name="IntegralI" value="24.000000" />
  <attribute name="IntegralH" value="24.000000" />
  <attribute name="DerivativeT" value="4.000000" />
  <attribute name="DerivativeI" value="4.000000" />
  <attribute name="DerivativeH" value="4.000000" />
  <attribute name="Loop Time for DT" value="2.000000" />
  <attribute name="Output H" value="8388608"/>
  <attribute name="Output I" value="200"/>
  <attribute name="Output T" value="4"/>
  <attribute name="Target GC Util Change" value ="20.000000" />
  <attribute name="Current GC Util Change" value="32.000000"/>
  <attribute name="GC Util currently" value="32" />
  <attribute name="CPU Util currently" value="2052276088744" />
<allocation-satisfied id="383" threadId="000000000186D700" bytesRequested="262168" />
<af-end id="384" timestamp="2019-06-17T05:46:08.565" threadId="000000000186E088" success="true" from="nursery"/>
<exclusive-end id="385" timestamp="2019-06-17T05:46:08.565" durationms="0.910" />

<exclusive-start id="386" timestamp="2019-06-17T05:46:08.577" intervalms="13.427">
  <response-info timems="0.025" idlems="0.025" threads="0" lastid="000000000186D700" lastname="main" />
</exclusive-start>
<af-start id="387" threadId="000000000186E088" totalBytesRequested="7176" timestamp="2019-06-17T05:46:08.578" intervalms="13.469" type="nursery" />
<cycle-start id="388" type="scavenge" contextid="0" timestamp="2019-06-17T05:46:08.578" intervalms="13.502" />
<gc-start id="389" type="scavenge" contextid="388" timestamp="2019-06-17T05:46:08.578">
  <mem-info id="390" free="2580792" total="8388608" percent="30">
    <mem type="nursery" free="0" total="2097152" percent="0">
      <mem type="allocate" free="0" total="1114112" percent="0" />
      <mem type="survivor" free="0" total="983040" percent="0" />
    </mem>
    <mem type="tenure" free="2580792" total="6291456" percent="41">
      <mem type="soa" free="2266424" total="5977088" percent="37" />
      <mem type="loa" free="314368" total="314368" percent="100" />
    </mem>
    <remembered-set count="155" />
  </mem-info>
</gc-start>
<allocation-stats totalBytes="592216" >
  <allocated-bytes non-tlh="276168" tlh="316048" />
  <largest-consumer threadName="main" threadId="000000000186D700" bytes="592216" />
</allocation-stats>
<gc-op id="391" type="scavenge" timems="0.301" contextid="388" timestamp="2019-06-17T05:46:08.578">
  <scavenger-info tenureage="3" tenuremask="7e08" tiltratio="53" />
  <memory-copied type="nursery" objects="71" bytes="20000" bytesdiscarded="58328" />
  <memory-copied type="tenure" objects="336" bytes="151728" bytesdiscarded="128" />
  <references type="weak" candidates="1" cleared="0" enqueued="0" />
  <references type="phantom" candidates="1" cleared="0" enqueued="0" />
</gc-op>
<gc-end id="392" type="scavenge" contextid="388" durationms="0.519" usertimems="0.000" systemtimems="0.000" timestamp="2019-06-17T05:46:08.578" activeThreads="4">
  <mem-info id="393" free="3577392" total="8388608" percent="42">
    <mem type="nursery" free="1166848" total="2097152" percent="55">
      <mem type="allocate" free="1166848" total="1245184" percent="93" />
      <mem type="survivor" free="0" total="851968" percent="0" />
    </mem>
    <mem type="tenure" free="2410544" total="6291456" percent="38">
      <mem type="soa" free="2096176" total="5977088" percent="35" />
      <mem type="loa" free="314368" total="314368" percent="100" />
    </mem>
    <remembered-set count="128" />
  </mem-info>
</gc-end>
<cycle-end id="394" type="scavenge" contextid="388" timestamp="2019-06-17T05:46:08.578" />
  <attribute name="elasticGC enabled" value="1" />
  <attribute name= "numThreadsSpecified" value="4" />
  <attribute name="heapSize specified" value="0" />
  <attribute name="Current GC Util" value="4" />
  <attribute name= "Current Time Running" value="7179" />
  <attribute name ="GC Interval" value="200" />
  <attribute name="ProportionalT" value="-16.000000" />
  <attribute name="ProportionalI" value="-16.000000" />
  <attribute name="ProportionalH" value="-16.000000" />
  <attribute name="Current Error" value="-16.000000" />
  <attribute name="IntegralT" value="-224.000000" />
  <attribute name="IntegralI" value="-224.000000" />
  <attribute name="IntegralH" value="-224.000000" />
  <attribute name="DerivativeT" value="-2.000000" />
  <attribute name="DerivativeI" value="-2.000000" />
  <attribute name="DerivativeH" value="-2.000000" />
  <attribute name="Loop Time for DT" value="14.000000" />
  <attribute name="Output H" value="2092630016"/>
  <attribute name="Output I" value="200"/>
  <attribute name="Output T" value="4"/>
  <attribute name="Target GC Util Change" value ="20.000000" />
  <attribute name="Current GC Util Change" value="4.000000"/>
  <attribute name="GC Util currently" value="4" />
  <attribute name="CPU Util currently" value="339660719581" />
<allocation-satisfied id="395" threadId="000000000186D700" bytesRequested="7176" />
<af-end id="396" timestamp="2019-06-17T05:46:08.578" threadId="000000000186E088" success="true" from="nursery"/>
<exclusive-end id="397" timestamp="2019-06-17T05:46:08.578" durationms="1.028" />

<exclusive-start id="398" timestamp="2019-06-17T05:46:08.617" intervalms="39.727">
  <response-info timems="0.060" idlems="0.060" threads="0" lastid="000000000186D700" lastname="main" />
</exclusive-start>
<af-start id="399" threadId="000000000186E088" totalBytesRequested="6760" timestamp="2019-06-17T05:46:08.617" intervalms="39.759" type="nursery" />
<cycle-start id="400" type="scavenge" contextid="0" timestamp="2019-06-17T05:46:08.617" intervalms="39.771" />
<gc-start id="401" type="scavenge" contextid="400" timestamp="2019-06-17T05:46:08.618">
  <mem-info id="402" free="2392208" total="8388608" percent="28">
    <mem type="nursery" free="0" total="2097152" percent="0">
      <mem type="allocate" free="0" total="1245184" percent="0" />
      <mem type="survivor" free="0" total="851968" percent="0" />
    </mem>
    <mem type="tenure" free="2392208" total="6291456" percent="38">
      <mem type="soa" free="2077840" total="5977088" percent="34" />
      <mem type="loa" free="314368" total="314368" percent="100" />
    </mem>
    <remembered-set count="443" />
  </mem-info>
</gc-start>
<allocation-stats totalBytes="1163272" >
  <allocated-bytes non-tlh="25512" tlh="1137760" />
  <largest-consumer threadName="main" threadId="000000000186D700" bytes="1163272" />
</allocation-stats>
<gc-op id="403" type="scavenge" timems="0.354" contextid="400" timestamp="2019-06-17T05:46:08.618">
  <scavenger-info tenureage="3" tenuremask="7c08" tiltratio="59" />
  <memory-copied type="nursery" objects="2883" bytes="106880" bytesdiscarded="111232" />
  <memory-copied type="tenure" objects="13" bytes="2848" bytesdiscarded="0" />
  <references type="weak" candidates="2" cleared="2" enqueued="2" />
</gc-op>
<gc-end id="404" type="scavenge" contextid="400" durationms="0.626" usertimems="0.000" systemtimems="0.000" timestamp="2019-06-17T05:46:08.618" activeThreads="4">
  <mem-info id="405" free="3484816" total="8388608" percent="41">
    <mem type="nursery" free="1092608" total="2097152" percent="52">
      <mem type="allocate" free="1092608" total="1310720" percent="83" />
      <mem type="survivor" free="0" total="786432" percent="0" />
    </mem>
    <mem type="tenure" free="2392208" total="6291456" percent="38">
      <mem type="soa" free="2077840" total="5977088" percent="34" />
      <mem type="loa" free="314368" total="314368" percent="100" />
    </mem>
    <pending-finalizers system="0" default="0" reference="2" classloader="0" />
    <remembered-set count="438" />
  </mem-info>
</gc-end>
<cycle-end id="406" type="scavenge" contextid="400" timestamp="2019-06-17T05:46:08.618" />
  <attribute name="elasticGC enabled" value="1" />
  <attribute name= "numThreadsSpecified" value="4" />
  <attribute name="heapSize specified" value="0" />
  <attribute name="Current GC Util" value="1" />
  <attribute name= "Current Time Running" value="7219" />
  <attribute name ="GC Interval" value="200" />
  <attribute name="ProportionalT" value="-19.000000" />
  <attribute name="ProportionalI" value="-19.000000" />
  <attribute name="ProportionalH" value="-19.000000" />
  <attribute name="Current Error" value="-19.000000" />
  <attribute name="IntegralT" value="-760.000000" />
  <attribute name="IntegralI" value="-760.000000" />
  <attribute name="IntegralH" value="-760.000000" />
  <attribute name="DerivativeT" value="-0.475000" />
  <attribute name="DerivativeI" value="-0.475000" />
  <attribute name="DerivativeH" value="-0.475000" />
  <attribute name="Loop Time for DT" value="40.000000" />
  <attribute name="Output H" value="2092630016"/>
  <attribute name="Output I" value="200"/>
  <attribute name="Output T" value="4"/>
  <attribute name="Target GC Util Change" value ="20.000000" />
  <attribute name="Current GC Util Change" value="1.000000"/>
  <attribute name="GC Util currently" value="1" />
  <attribute name="CPU Util currently" value="0" />
<allocation-satisfied id="407" threadId="000000000186D700" bytesRequested="6760" />
<af-end id="408" timestamp="2019-06-17T05:46:08.618" threadId="000000000186E088" success="true" from="nursery"/>
<exclusive-end id="409" timestamp="2019-06-17T05:46:08.618" durationms="1.204" />

<exclusive-start id="410" timestamp="2019-06-17T05:46:08.654" intervalms="36.673">
  <response-info timems="0.054" idlems="0.054" threads="0" lastid="000000000186D700" lastname="main" />
</exclusive-start>
<af-start id="411" threadId="000000000186E088" totalBytesRequested="96" timestamp="2019-06-17T05:46:08.657" intervalms="39.416" type="nursery" />
<cycle-start id="412" type="scavenge" contextid="0" timestamp="2019-06-17T05:46:08.657" intervalms="39.485" />
<gc-start id="413" type="scavenge" contextid="412" timestamp="2019-06-17T05:46:08.657">
  <mem-info id="414" free="2371088" total="8388608" percent="28">
    <mem type="nursery" free="0" total="2097152" percent="0">
      <mem type="allocate" free="0" total="1310720" percent="0" />
      <mem type="survivor" free="0" total="786432" percent="0" />
    </mem>
    <mem type="tenure" free="2371088" total="6291456" percent="37">
      <mem type="soa" free="2056720" total="5977088" percent="34" />
      <mem type="loa" free="314368" total="314368" percent="100" />
    </mem>
    <remembered-set count="753" />
  </mem-info>
</gc-start>
<allocation-stats totalBytes="1112784" >
  <allocated-bytes non-tlh="27880" tlh="1084904" />
  <largest-consumer threadName="main" threadId="000000000186D700" bytes="1112784" />
</allocation-stats>
<gc-op id="415" type="scavenge" timems="0.494" contextid="412" timestamp="2019-06-17T05:46:08.658">
  <scavenger-info tenureage="11" tenuremask="7800" tiltratio="62" />
  <memory-copied type="nursery" objects="5958" bytes="271872" bytesdiscarded="85912" />
  <references type="soft" candidates="54" cleared="0" enqueued="0" dynamicThreshold="32" maxThreshold="32" />
  <references type="weak" candidates="152" cleared="0" enqueued="0" />
</gc-op>
<gc-end id="416" type="scavenge" contextid="412" durationms="1.003" usertimems="0.000" systemtimems="0.000" timestamp="2019-06-17T05:46:08.658" activeThreads="4">
  <mem-info id="417" free="3389456" total="8388608" percent="40">
    <mem type="nursery" free="1018368" total="2097152" percent="48">
      <mem type="allocate" free="1018368" total="1376256" percent="73" />
      <mem type="survivor" free="0" total="720896" percent="0" />
    </mem>
    <mem type="tenure" free="2371088" total="6291456" percent="37">
      <mem type="soa" free="2056720" total="5977088" percent="34" />
      <mem type="loa" free="314368" total="314368" percent="100" />
    </mem>
    <remembered-set count="720" />
  </mem-info>
</gc-end>
<cycle-end id="418" type="scavenge" contextid="412" timestamp="2019-06-17T05:46:08.658" />
  <attribute name="elasticGC enabled" value="1" />
  <attribute name= "numThreadsSpecified" value="4" />
  <attribute name="heapSize specified" value="0" />
  <attribute name="Current GC Util" value="1" />
  <attribute name= "Current Time Running" value="7258" />
  <attribute name ="GC Interval" value="200" />
  <attribute name="ProportionalT" value="-19.000000" />
  <attribute name="ProportionalI" value="-19.000000" />
  <attribute name="ProportionalH" value="-19.000000" />
  <attribute name="Current Error" value="-19.000000" />
  <attribute name="IntegralT" value="-741.000000" />
  <attribute name="IntegralI" value="-741.000000" />
  <attribute name="IntegralH" value="-741.000000" />
  <attribute name="DerivativeT" value="-0.487179" />
  <attribute name="DerivativeI" value="-0.487179" />
  <attribute name="DerivativeH" value="-0.487179" />
  <attribute name="Loop Time for DT" value="39.000000" />
  <attribute name="Output H" value="2092630016"/>
  <attribute name="Output I" value="200"/>
  <attribute name="Output T" value="4"/>
  <attribute name="Target GC Util Change" value ="20.000000" />
  <attribute name="Current GC Util Change" value="1.000000"/>
  <attribute name="GC Util currently" value="1" />
  <attribute name="CPU Util currently" value="0" />
<allocation-satisfied id="419" threadId="000000000186D700" bytesRequested="96" />
<af-end id="420" timestamp="2019-06-17T05:46:08.658" threadId="000000000186E088" success="true" from="nursery"/>
<exclusive-end id="421" timestamp="2019-06-17T05:46:08.658" durationms="4.624" />

<exclusive-start id="422" timestamp="2019-06-17T05:46:08.683" intervalms="29.663">
  <response-info timems="0.033" idlems="0.033" threads="0" lastid="000000000186D700" lastname="main" />
</exclusive-start>
<af-start id="423" threadId="000000000186E088" totalBytesRequested="888" timestamp="2019-06-17T05:46:08.684" intervalms="26.887" type="nursery" />
<cycle-start id="424" type="scavenge" contextid="0" timestamp="2019-06-17T05:46:08.684" intervalms="26.781" />
<gc-start id="425" type="scavenge" contextid="424" timestamp="2019-06-17T05:46:08.684">
  <mem-info id="426" free="2354120" total="8388608" percent="28">
    <mem type="nursery" free="0" total="2097152" percent="0">
      <mem type="allocate" free="0" total="1376256" percent="0" />
      <mem type="survivor" free="0" total="720896" percent="0" />
    </mem>
    <mem type="tenure" free="2354120" total="6291456" percent="37">
      <mem type="soa" free="2039752" total="5977088" percent="34" />
      <mem type="loa" free="314368" total="314368" percent="100" />
    </mem>
    <remembered-set count="921" />
  </mem-info>
</gc-start>
<allocation-stats totalBytes="1033648" >
  <allocated-bytes non-tlh="17064" tlh="1016584" />
  <largest-consumer threadName="main" threadId="000000000186D700" bytes="1033648" />
</allocation-stats>
<gc-op id="427" type="scavenge" timems="0.522" contextid="424" timestamp="2019-06-17T05:46:08.684">
  <scavenger-info tenureage="11" tenuremask="7800" tiltratio="65" />
  <memory-copied type="nursery" objects="6337" bytes="285912" bytesdiscarded="71800" />
  <references type="soft" candidates="54" cleared="0" enqueued="0" dynamicThreshold="32" maxThreshold="32" />
  <references type="weak" candidates="245" cleared="0" enqueued="0" />
  <references type="phantom" candidates="1" cleared="0" enqueued="0" />
</gc-op>
<gc-end id="428" type="scavenge" contextid="424" durationms="0.720" usertimems="0.000" systemtimems="0.000" timestamp="2019-06-17T05:46:08.684" activeThreads="4">
  <mem-info id="429" free="3438024" total="8388608" percent="40">
    <mem type="nursery" free="1083904" total="2097152" percent="51">
      <mem type="allocate" free="1083904" total="1441792" percent="75" />
      <mem type="survivor" free="0" total="655360" percent="0" />
    </mem>
    <mem type="tenure" free="2354120" total="6291456" percent="37">
      <mem type="soa" free="2039752" total="5977088" percent="34" />
      <mem type="loa" free="314368" total="314368" percent="100" />
    </mem>
    <remembered-set count="633" />
  </mem-info>
</gc-end>
<cycle-end id="430" type="scavenge" contextid="424" timestamp="2019-06-17T05:46:08.685" />
  <attribute name="elasticGC enabled" value="1" />
  <attribute name= "numThreadsSpecified" value="4" />
  <attribute name="heapSize specified" value="0" />
  <attribute name="Current GC Util" value="3" />
  <attribute name= "Current Time Running" value="7285" />
  <attribute name ="GC Interval" value="200" />
  <attribute name="ProportionalT" value="-17.000000" />
  <attribute name="ProportionalI" value="-17.000000" />
  <attribute name="ProportionalH" value="-17.000000" />
  <attribute name="Current Error" value="-17.000000" />
  <attribute name="IntegralT" value="-459.000000" />
  <attribute name="IntegralI" value="-459.000000" />
  <attribute name="IntegralH" value="-459.000000" />
  <attribute name="DerivativeT" value="-0.629630" />
  <attribute name="DerivativeI" value="-0.629630" />
  <attribute name="DerivativeH" value="-0.629630" />
  <attribute name="Loop Time for DT" value="27.000000" />
  <attribute name="Output H" value="2092630016"/>
  <attribute name="Output I" value="200"/>
  <attribute name="Output T" value="4"/>
  <attribute name="Target GC Util Change" value ="20.000000" />
  <attribute name="Current GC Util Change" value="3.000000"/>
  <attribute name="GC Util currently" value="3" />
  <attribute name="CPU Util currently" value="173759091866" />
<allocation-satisfied id="431" threadId="000000000186D700" bytesRequested="888" />
<af-end id="432" timestamp="2019-06-17T05:46:08.685" threadId="000000000186E088" success="true" from="nursery"/>
<exclusive-end id="433" timestamp="2019-06-17T05:46:08.685" durationms="1.189" />

<exclusive-start id="434" timestamp="2019-06-17T05:46:08.708" intervalms="24.879">
  <response-info timems="0.027" idlems="0.027" threads="0" lastid="000000000186D700" lastname="main" />
</exclusive-start>
<af-start id="435" threadId="000000000186E088" totalBytesRequested="6408" timestamp="2019-06-17T05:46:08.708" intervalms="24.855" type="nursery" />
<cycle-start id="436" type="scavenge" contextid="0" timestamp="2019-06-17T05:46:08.709" intervalms="24.854" />
<gc-start id="437" type="scavenge" contextid="436" timestamp="2019-06-17T05:46:08.709">
  <mem-info id="438" free="2336032" total="8388608" percent="27">
    <mem type="nursery" free="0" total="2097152" percent="0">
      <mem type="allocate" free="0" total="1441792" percent="0" />
      <mem type="survivor" free="0" total="655360" percent="0" />
    </mem>
    <mem type="tenure" free="2336032" total="6291456" percent="37">
      <mem type="soa" free="2021664" total="5977088" percent="33" />
      <mem type="loa" free="314368" total="314368" percent="100" />
    </mem>
    <remembered-set count="843" />
  </mem-info>
</gc-start>
<allocation-stats totalBytes="1058360" >
  <allocated-bytes non-tlh="34344" tlh="1024016" />
  <largest-consumer threadName="main" threadId="000000000186D700" bytes="1058360" />
</allocation-stats>
<gc-op id="439" type="scavenge" timems="0.752" contextid="436" timestamp="2019-06-17T05:46:08.709">
  <scavenger-info tenureage="2" tenuremask="780c" tiltratio="68" />
  <memory-copied type="nursery" objects="1195" bytes="51800" bytesdiscarded="26336" />
  <memory-copied type="tenure" objects="5895" bytes="270072" bytesdiscarded="168" />
  <references type="weak" candidates="309" cleared="0" enqueued="0" />
  <references type="phantom" candidates="1" cleared="0" enqueued="0" />
</gc-op>
<gc-end id="440" type="scavenge" contextid="436" durationms="0.951" usertimems="4.000" systemtimems="0.000" timestamp="2019-06-17T05:46:08.710" activeThreads="4">
  <mem-info id="441" free="3408840" total="8388608" percent="40">
    <mem type="nursery" free="1428992" total="2097152" percent="68">
      <mem type="allocate" free="1428992" total="1507328" percent="94" />
      <mem type="survivor" free="0" total="589824" percent="0" />
    </mem>
    <mem type="tenure" free="1979848" total="6291456" percent="31">
      <mem type="soa" free="1665480" total="5977088" percent="27" />
      <mem type="loa" free="314368" total="314368" percent="100" />
    </mem>
    <remembered-set count="558" />
  </mem-info>
</gc-end>
<cycle-end id="442" type="scavenge" contextid="436" timestamp="2019-06-17T05:46:08.710" />
  <attribute name="elasticGC enabled" value="1" />
  <attribute name= "numThreadsSpecified" value="4" />
  <attribute name="heapSize specified" value="0" />
  <attribute name="Current GC Util" value="4" />
  <attribute name= "Current Time Running" value="7310" />
  <attribute name ="GC Interval" value="200" />
  <attribute name="ProportionalT" value="-16.000000" />
  <attribute name="ProportionalI" value="-16.000000" />
  <attribute name="ProportionalH" value="-16.000000" />
  <attribute name="Current Error" value="-16.000000" />
  <attribute name="IntegralT" value="-400.000000" />
  <attribute name="IntegralI" value="-400.000000" />
  <attribute name="IntegralH" value="-400.000000" />
  <attribute name="DerivativeT" value="-0.640000" />
  <attribute name="DerivativeI" value="-0.640000" />
  <attribute name="DerivativeH" value="-0.640000" />
  <attribute name="Loop Time for DT" value="25.000000" />
  <attribute name="Output H" value="2092630016"/>
  <attribute name="Output I" value="200"/>
  <attribute name="Output T" value="4"/>
  <attribute name="Target GC Util Change" value ="20.000000" />
  <attribute name="Current GC Util Change" value="4.000000"/>
  <attribute name="GC Util currently" value="4" />
  <attribute name="CPU Util currently" value="185638933760" />
<allocation-satisfied id="443" threadId="000000000186D700" bytesRequested="6408" />
<af-end id="444" timestamp="2019-06-17T05:46:08.710" threadId="000000000186E088" success="true" from="nursery"/>
<exclusive-end id="445" timestamp="2019-06-17T05:46:08.710" durationms="1.393" />

<exclusive-start id="446" timestamp="2019-06-17T05:46:08.741" intervalms="32.191">
  <response-info timems="0.031" idlems="0.031" threads="0" lastid="000000000186D700" lastname="main" />
</exclusive-start>
<af-start id="447" threadId="000000000186E088" totalBytesRequested="32" timestamp="2019-06-17T05:46:08.741" intervalms="32.201" type="nursery" />
<cycle-start id="448" type="scavenge" contextid="0" timestamp="2019-06-17T05:46:08.741" intervalms="32.236" />
<gc-start id="449" type="scavenge" contextid="448" timestamp="2019-06-17T05:46:08.741">
  <mem-info id="450" free="1961664" total="8388608" percent="23">
    <mem type="nursery" free="0" total="2097152" percent="0">
      <mem type="allocate" free="0" total="1507328" percent="0" />
      <mem type="survivor" free="0" total="589824" percent="0" />
    </mem>
    <mem type="tenure" free="1961664" total="6291456" percent="31">
      <mem type="soa" free="1647296" total="5977088" percent="27" />
      <mem type="loa" free="314368" total="314368" percent="100" />
    </mem>
    <remembered-set count="821" />
  </mem-info>
</gc-start>
<allocation-stats totalBytes="1445888" >
  <allocated-bytes non-tlh="24592" tlh="1421296" />
  <largest-consumer threadName="main" threadId="000000000186D700" bytes="1445888" />
</allocation-stats>
<gc-op id="451" type="scavenge" timems="0.451" contextid="448" timestamp="2019-06-17T05:46:08.741">
  <scavenger-info tenureage="12" tenuremask="7000" tiltratio="71" />
  <memory-copied type="nursery" objects="2430" bytes="84584" bytesdiscarded="32664" />
  <references type="weak" candidates="476" cleared="0" enqueued="0" />
</gc-op>
<gc-end id="452" type="scavenge" contextid="448" durationms="0.654" usertimems="0.000" systemtimems="0.000" timestamp="2019-06-17T05:46:08.742" activeThreads="4">
  <mem-info id="453" free="3417024" total="8388608" percent="40">
    <mem type="nursery" free="1455360" total="2097152" percent="69">
      <mem type="allocate" free="1455360" total="1572864" percent="92" />
      <mem type="survivor" free="0" total="524288" percent="0" />
    </mem>
    <mem type="tenure" free="1961664" total="6291456" percent="31">
      <mem type="soa" free="1647296" total="5977088" percent="27" />
      <mem type="loa" free="314368" total="314368" percent="100" />
    </mem>
    <remembered-set count="660" />
  </mem-info>
</gc-end>
<cycle-end id="454" type="scavenge" contextid="448" timestamp="2019-06-17T05:46:08.742" />
  <attribute name="elasticGC enabled" value="1" />
  <attribute name= "numThreadsSpecified" value="4" />
  <attribute name="heapSize specified" value="0" />
  <attribute name="Current GC Util" value="4" />
  <attribute name= "Current Time Running" value="7342" />
  <attribute name ="GC Interval" value="200" />
  <attribute name="ProportionalT" value="-16.000000" />
  <attribute name="ProportionalI" value="-16.000000" />
  <attribute name="ProportionalH" value="-16.000000" />
  <attribute name="Current Error" value="-16.000000" />
  <attribute name="IntegralT" value="-512.000000" />
  <attribute name="IntegralI" value="-512.000000" />
  <attribute name="IntegralH" value="-512.000000" />
  <attribute name="DerivativeT" value="-0.500000" />
  <attribute name="DerivativeI" value="-0.500000" />
  <attribute name="DerivativeH" value="-0.500000" />
  <attribute name="Loop Time for DT" value="32.000000" />
  <attribute name="Output H" value="2092630016"/>
  <attribute name="Output I" value="200"/>
  <attribute name="Output T" value="4"/>
  <attribute name="Target GC Util Change" value ="20.000000" />
  <attribute name="Current GC Util Change" value="4.000000"/>
  <attribute name="GC Util currently" value="4" />
  <attribute name="CPU Util currently" value="142854072314" />
<allocation-satisfied id="455" threadId="000000000186D700" bytesRequested="32" />
<af-end id="456" timestamp="2019-06-17T05:46:08.742" threadId="000000000186E088" success="true" from="nursery"/>
<exclusive-end id="457" timestamp="2019-06-17T05:46:08.742" durationms="1.206" />

<exclusive-start id="458" timestamp="2019-06-17T05:46:08.775" intervalms="34.745">
  <response-info timems="0.036" idlems="0.036" threads="0" lastid="000000000186D700" lastname="main" />
</exclusive-start>
<af-start id="459" threadId="000000000186E088" totalBytesRequested="7176" timestamp="2019-06-17T05:46:08.775" intervalms="34.754" type="nursery" />
<cycle-start id="460" type="scavenge" contextid="0" timestamp="2019-06-17T05:46:08.775" intervalms="34.721" />
<gc-start id="461" type="scavenge" contextid="460" timestamp="2019-06-17T05:46:08.776">
  <mem-info id="462" free="1940736" total="8388608" percent="23">
    <mem type="nursery" free="0" total="2097152" percent="0">
      <mem type="allocate" free="0" total="1572864" percent="0" />
      <mem type="survivor" free="0" total="524288" percent="0" />
    </mem>
    <mem type="tenure" free="1940736" total="6291456" percent="30">
      <mem type="soa" free="1626368" total="5977088" percent="27" />
      <mem type="loa" free="314368" total="314368" percent="100" />
    </mem>
    <remembered-set count="954" />
  </mem-info>
</gc-start>
<allocation-stats totalBytes="1474360" >
  <allocated-bytes non-tlh="20960" tlh="1453400" />
  <largest-consumer threadName="main" threadId="000000000186D700" bytes="1474360" />
</allocation-stats>
<gc-op id="463" type="scavenge" timems="0.562" contextid="460" timestamp="2019-06-17T05:46:08.776">
  <scavenger-info tenureage="13" tenuremask="6000" tiltratio="75" />
  <memory-copied type="nursery" objects="3515" bytes="149040" bytesdiscarded="46464" />
  <references type="weak" candidates="623" cleared="0" enqueued="0" />
  <references type="phantom" candidates="1" cleared="0" enqueued="0" />
</gc-op>
<gc-end id="464" type="scavenge" contextid="460" durationms="0.768" usertimems="0.000" systemtimems="0.000" timestamp="2019-06-17T05:46:08.776" activeThreads="4">
  <mem-info id="465" free="3383296" total="8388608" percent="40">
    <mem type="nursery" free="1442560" total="2097152" percent="68">
      <mem type="allocate" free="1442560" total="1638400" percent="88" />
      <mem type="survivor" free="0" total="458752" percent="0" />
    </mem>
    <mem type="tenure" free="1940736" total="6291456" percent="30">
      <mem type="soa" free="1626368" total="5977088" percent="27" />
      <mem type="loa" free="314368" total="314368" percent="100" />
    </mem>
    <remembered-set count="767" />
  </mem-info>
</gc-end>
<cycle-end id="466" type="scavenge" contextid="460" timestamp="2019-06-17T05:46:08.776" />
  <attribute name="elasticGC enabled" value="1" />
  <attribute name= "numThreadsSpecified" value="4" />
  <attribute name="heapSize specified" value="0" />
  <attribute name="Current GC Util" value="2" />
  <attribute name= "Current Time Running" value="7377" />
  <attribute name ="GC Interval" value="200" />
  <attribute name="ProportionalT" value="-18.000000" />
  <attribute name="ProportionalI" value="-18.000000" />
  <attribute name="ProportionalH" value="-18.000000" />
  <attribute name="Current Error" value="-18.000000" />
  <attribute name="IntegralT" value="-630.000000" />
  <attribute name="IntegralI" value="-630.000000" />
  <attribute name="IntegralH" value="-630.000000" />
  <attribute name="DerivativeT" value="-0.514286" />
  <attribute name="DerivativeI" value="-0.514286" />
  <attribute name="DerivativeH" value="-0.514286" />
  <attribute name="Loop Time for DT" value="35.000000" />
  <attribute name="Output H" value="2092630016"/>
  <attribute name="Output I" value="200"/>
  <attribute name="Output T" value="4"/>
  <attribute name="Target GC Util Change" value ="20.000000" />
  <attribute name="Current GC Util Change" value="2.000000"/>
  <attribute name="GC Util currently" value="2" />
  <attribute name="CPU Util currently" value="11" />
<allocation-satisfied id="467" threadId="000000000186D700" bytesRequested="7176" />
<af-end id="468" timestamp="2019-06-17T05:46:08.776" threadId="000000000186E088" success="true" from="nursery"/>
<exclusive-end id="469" timestamp="2019-06-17T05:46:08.777" durationms="1.237" />

<exclusive-start id="470" timestamp="2019-06-17T05:46:08.799" intervalms="23.802">
  <response-info timems="0.057" idlems="0.057" threads="0" lastid="000000000186D700" lastname="main" />
</exclusive-start>
<af-start id="471" threadId="000000000186E088" totalBytesRequested="24" timestamp="2019-06-17T05:46:08.799" intervalms="23.830" type="nursery" />
<cycle-start id="472" type="scavenge" contextid="0" timestamp="2019-06-17T05:46:08.799" intervalms="23.865" />
<gc-start id="473" type="scavenge" contextid="472" timestamp="2019-06-17T05:46:08.799">
  <mem-info id="474" free="1931688" total="8388608" percent="23">
    <mem type="nursery" free="0" total="2097152" percent="0">
      <mem type="allocate" free="0" total="1638400" percent="0" />
      <mem type="survivor" free="0" total="458752" percent="0" />
    </mem>
    <mem type="tenure" free="1931688" total="6291456" percent="30">
      <mem type="soa" free="1617320" total="5977088" percent="27" />
      <mem type="loa" free="314368" total="314368" percent="100" />
    </mem>
    <remembered-set count="993" />
  </mem-info>
</gc-start>
<allocation-stats totalBytes="1451432" >
  <allocated-bytes non-tlh="16224" tlh="1435208" />
  <largest-consumer threadName="main" threadId="000000000186D700" bytes="1451432" />
</allocation-stats>
<gc-op id="475" type="scavenge" timems="0.654" contextid="472" timestamp="2019-06-17T05:46:08.800">
  <scavenger-info tenureage="14" tenuremask="4000" tiltratio="78" />
  <memory-copied type="nursery" objects="5094" bytes="178880" bytesdiscarded="55800" />
  <references type="weak" candidates="690" cleared="0" enqueued="0" />
</gc-op>
<gc-end id="476" type="scavenge" contextid="472" durationms="0.923" usertimems="0.000" systemtimems="0.000" timestamp="2019-06-17T05:46:08.800" activeThreads="4">
  <mem-info id="477" free="3400616" total="8388608" percent="40">
    <mem type="nursery" free="1468928" total="2097152" percent="70">
      <mem type="allocate" free="1468928" total="1703936" percent="86" />
      <mem type="survivor" free="0" total="393216" percent="0" />
    </mem>
    <mem type="tenure" free="1931688" total="6291456" percent="30">
      <mem type="soa" free="1617320" total="5977088" percent="27" />
      <mem type="loa" free="314368" total="314368" percent="100" />
    </mem>
    <remembered-set count="807" />
  </mem-info>
</gc-end>
<cycle-end id="478" type="scavenge" contextid="472" timestamp="2019-06-17T05:46:08.800" />
  <attribute name="elasticGC enabled" value="1" />
  <attribute name= "numThreadsSpecified" value="4" />
  <attribute name="heapSize specified" value="0" />
  <attribute name="Current GC Util" value="4" />
  <attribute name= "Current Time Running" value="7401" />
  <attribute name ="GC Interval" value="200" />
  <attribute name="ProportionalT" value="-16.000000" />
  <attribute name="ProportionalI" value="-16.000000" />
  <attribute name="ProportionalH" value="-16.000000" />
  <attribute name="Current Error" value="-16.000000" />
  <attribute name="IntegralT" value="-384.000000" />
  <attribute name="IntegralI" value="-384.000000" />
  <attribute name="IntegralH" value="-384.000000" />
  <attribute name="DerivativeT" value="-0.666667" />
  <attribute name="DerivativeI" value="-0.666667" />
  <attribute name="DerivativeH" value="-0.666667" />
  <attribute name="Loop Time for DT" value="24.000000" />
  <attribute name="Output H" value="2092630016"/>
  <attribute name="Output I" value="200"/>
  <attribute name="Output T" value="4"/>
  <attribute name="Target GC Util Change" value ="20.000000" />
  <attribute name="Current GC Util Change" value="4.000000"/>
  <attribute name="GC Util currently" value="4" />
  <attribute name="CPU Util currently" value="192468655263" />
<allocation-satisfied id="479" threadId="000000000186D700" bytesRequested="24" />
<af-end id="480" timestamp="2019-06-17T05:46:08.801" threadId="000000000186E088" success="true" from="nursery"/>
<exclusive-end id="481" timestamp="2019-06-17T05:46:08.801" durationms="1.487" />

<exclusive-start id="482" timestamp="2019-06-17T05:46:08.817" intervalms="18.212">
  <response-info timems="0.040" idlems="0.040" threads="0" lastid="000000000186D700" lastname="main" />
</exclusive-start>
<af-start id="483" threadId="000000000186E088" totalBytesRequested="64" timestamp="2019-06-17T05:46:08.817" intervalms="18.209" type="nursery" />
<cycle-start id="484" type="scavenge" contextid="0" timestamp="2019-06-17T05:46:08.818" intervalms="18.199" />
<gc-start id="485" type="scavenge" contextid="484" timestamp="2019-06-17T05:46:08.818">
  <mem-info id="486" free="1927536" total="8388608" percent="22">
    <mem type="nursery" free="0" total="2097152" percent="0">
      <mem type="allocate" free="0" total="1703936" percent="0" />
      <mem type="survivor" free="0" total="393216" percent="0" />
    </mem>
    <mem type="tenure" free="1927536" total="6291456" percent="30">
      <mem type="soa" free="1613168" total="5977088" percent="26" />
      <mem type="loa" free="314368" total="314368" percent="100" />
    </mem>
    <remembered-set count="1028" />
  </mem-info>
</gc-start>
<allocation-stats totalBytes="1472808" >
  <allocated-bytes non-tlh="4176" tlh="1468632" />
  <largest-consumer threadName="main" threadId="000000000186D700" bytes="1472808" />
</allocation-stats>
<gc-op id="487" type="scavenge" timems="0.777" contextid="484" timestamp="2019-06-17T05:46:08.819">
  <scavenger-info tenureage="3" tenuremask="4038" tiltratio="81" />
  <memory-copied type="nursery" objects="4953" bytes="175968" bytesdiscarded="19760" />
  <memory-copied type="tenure" objects="2223" bytes="78152" bytesdiscarded="8" />
  <references type="weak" candidates="236" cleared="0" enqueued="0" />
</gc-op>
<gc-end id="488" type="scavenge" contextid="484" durationms="0.975" usertimems="4.000" systemtimems="0.000" timestamp="2019-06-17T05:46:08.819" activeThreads="4">
  <mem-info id="489" free="3396464" total="8388608" percent="40">
    <mem type="nursery" free="1508096" total="2097152" percent="71">
      <mem type="allocate" free="1508096" total="1703936" percent="88" />
      <mem type="survivor" free="0" total="393216" percent="0" />
    </mem>
    <mem type="tenure" free="1888368" total="6291456" percent="30">
      <mem type="soa" free="1574000" total="5977088" percent="26" />
      <mem type="loa" free="314368" total="314368" percent="100" />
    </mem>
    <remembered-set count="649" />
  </mem-info>
</gc-end>
<cycle-end id="490" type="scavenge" contextid="484" timestamp="2019-06-17T05:46:08.819" />
  <attribute name="elasticGC enabled" value="1" />
  <attribute name= "numThreadsSpecified" value="4" />
  <attribute name="heapSize specified" value="0" />
  <attribute name="Current GC Util" value="5" />
  <attribute name= "Current Time Running" value="7419" />
  <attribute name ="GC Interval" value="200" />
  <attribute name="ProportionalT" value="-15.000000" />
  <attribute name="ProportionalI" value="-15.000000" />
  <attribute name="ProportionalH" value="-15.000000" />
  <attribute name="Current Error" value="-15.000000" />
  <attribute name="IntegralT" value="-270.000000" />
  <attribute name="IntegralI" value="-270.000000" />
  <attribute name="IntegralH" value="-270.000000" />
  <attribute name="DerivativeT" value="-0.833333" />
  <attribute name="DerivativeI" value="-0.833333" />
  <attribute name="DerivativeH" value="-0.833333" />
  <attribute name="Loop Time for DT" value="18.000000" />
  <attribute name="Output H" value="2092630016"/>
  <attribute name="Output I" value="200"/>
  <attribute name="Output T" value="4"/>
  <attribute name="Target GC Util Change" value ="20.000000" />
  <attribute name="Current GC Util Change" value="5.000000"/>
  <attribute name="GC Util currently" value="5" />
  <attribute name="CPU Util currently" value="254591784227" />
<allocation-satisfied id="491" threadId="000000000186D700" bytesRequested="64" />
<af-end id="492" timestamp="2019-06-17T05:46:08.819" threadId="000000000186E088" success="true" from="nursery"/>
<exclusive-end id="493" timestamp="2019-06-17T05:46:08.819" durationms="1.513" />

<exclusive-start id="494" timestamp="2019-06-17T05:46:08.843" intervalms="25.666">
  <response-info timems="0.028" idlems="0.028" threads="0" lastid="000000000186D700" lastname="main" />
</exclusive-start>
<af-start id="495" threadId="000000000186E088" totalBytesRequested="680" timestamp="2019-06-17T05:46:08.843" intervalms="25.635" type="nursery" />
<cycle-start id="496" type="scavenge" contextid="0" timestamp="2019-06-17T05:46:08.843" intervalms="25.608" />
<gc-start id="497" type="scavenge" contextid="496" timestamp="2019-06-17T05:46:08.843">
  <mem-info id="498" free="1876560" total="8388608" percent="22">
    <mem type="nursery" free="0" total="2097152" percent="0">
      <mem type="allocate" free="0" total="1703936" percent="0" />
      <mem type="survivor" free="0" total="393216" percent="0" />
    </mem>
    <mem type="tenure" free="1876560" total="6291456" percent="29">
      <mem type="soa" free="1562192" total="5977088" percent="26" />
      <mem type="loa" free="314368" total="314368" percent="100" />
    </mem>
    <remembered-set count="917" />
  </mem-info>
</gc-start>
<allocation-stats totalBytes="1518848" >
  <allocated-bytes non-tlh="11872" tlh="1506976" />
  <largest-consumer threadName="main" threadId="000000000186D700" bytes="1518848" />
</allocation-stats>
<gc-op id="499" type="scavenge" timems="0.691" contextid="496" timestamp="2019-06-17T05:46:08.844">
  <scavenger-info tenureage="3" tenuremask="4008" tiltratio="81" />
  <memory-copied type="nursery" objects="5598" bytes="201160" bytesdiscarded="33744" />
  <memory-copied type="tenure" objects="1127" bytes="38520" bytesdiscarded="16" />
  <references type="weak" candidates="181" cleared="0" enqueued="0" />
  <references type="phantom" candidates="1" cleared="0" enqueued="0" />
</gc-op>
<gc-end id="500" type="scavenge" contextid="496" durationms="0.890" usertimems="4.000" systemtimems="0.000" timestamp="2019-06-17T05:46:08.844" activeThreads="4">
  <mem-info id="501" free="3371856" total="8388608" percent="40">
    <mem type="nursery" free="1534464" total="2097152" percent="73">
      <mem type="allocate" free="1534464" total="1769472" percent="86" />
      <mem type="survivor" free="0" total="327680" percent="0" />
    </mem>
    <mem type="tenure" free="1837392" total="6291456" percent="29">
      <mem type="soa" free="1523024" total="5977088" percent="25" />
      <mem type="loa" free="314368" total="314368" percent="100" />
    </mem>
    <remembered-set count="755" />
  </mem-info>
</gc-end>
<cycle-end id="502" type="scavenge" contextid="496" timestamp="2019-06-17T05:46:08.844" />
  <attribute name="elasticGC enabled" value="1" />
  <attribute name= "numThreadsSpecified" value="4" />
  <attribute name="heapSize specified" value="0" />
  <attribute name="Current GC Util" value="4" />
  <attribute name= "Current Time Running" value="7444" />
  <attribute name ="GC Interval" value="200" />
  <attribute name="ProportionalT" value="-16.000000" />
  <attribute name="ProportionalI" value="-16.000000" />
  <attribute name="ProportionalH" value="-16.000000" />
  <attribute name="Current Error" value="-16.000000" />
  <attribute name="IntegralT" value="-400.000000" />
  <attribute name="IntegralI" value="-400.000000" />
  <attribute name="IntegralH" value="-400.000000" />
  <attribute name="DerivativeT" value="-0.640000" />
  <attribute name="DerivativeI" value="-0.640000" />
  <attribute name="DerivativeH" value="-0.640000" />
  <attribute name="Loop Time for DT" value="25.000000" />
  <attribute name="Output H" value="2092630016"/>
  <attribute name="Output I" value="200"/>
  <attribute name="Output T" value="4"/>
  <attribute name="Target GC Util Change" value ="20.000000" />
  <attribute name="Current GC Util Change" value="4.000000"/>
  <attribute name="GC Util currently" value="4" />
  <attribute name="CPU Util currently" value="180246387546" />
<allocation-satisfied id="503" threadId="000000000186D700" bytesRequested="680" />
<af-end id="504" timestamp="2019-06-17T05:46:08.844" threadId="000000000186E088" success="true" from="nursery"/>
<exclusive-end id="505" timestamp="2019-06-17T05:46:08.844" durationms="1.381" />

<exclusive-start id="506" timestamp="2019-06-17T05:46:08.859" intervalms="15.778">
  <response-info timems="0.090" idlems="0.090" threads="0" lastid="000000000186D700" lastname="main" />
</exclusive-start>
<af-start id="507" threadId="000000000186E088" totalBytesRequested="32" timestamp="2019-06-17T05:46:08.859" intervalms="15.853" type="nursery" />
<cycle-start id="508" type="scavenge" contextid="0" timestamp="2019-06-17T05:46:08.859" intervalms="15.927" />
<gc-start id="509" type="scavenge" contextid="508" timestamp="2019-06-17T05:46:08.859">
  <mem-info id="510" free="1834104" total="8388608" percent="21">
    <mem type="nursery" free="0" total="2097152" percent="0">
      <mem type="allocate" free="0" total="1769472" percent="0" />
      <mem type="survivor" free="0" total="327680" percent="0" />
    </mem>
    <mem type="tenure" free="1834104" total="6291456" percent="29">
      <mem type="soa" free="1519736" total="5977088" percent="25" />
      <mem type="loa" free="314368" total="314368" percent="100" />
    </mem>
    <remembered-set count="979" />
  </mem-info>
</gc-start>
<allocation-stats totalBytes="1536848" >
  <allocated-bytes non-tlh="3968" tlh="1532880" />
  <largest-consumer threadName="main" threadId="000000000186D700" bytes="1536848" />
</allocation-stats>
<gc-op id="511" type="scavenge" timems="0.767" contextid="508" timestamp="2019-06-17T05:46:08.860">
  <scavenger-info tenureage="3" tenuremask="4008" tiltratio="84" />
  <memory-copied type="nursery" objects="6053" bytes="218480" bytesdiscarded="55624" />
  <memory-copied type="tenure" objects="1673" bytes="60032" bytesdiscarded="0" />
  <references type="weak" candidates="144" cleared="0" enqueued="0" />
</gc-op>
<heap-resize id="512" type="expand" space="nursery" amount="131072" count="1" timems="0.190" reason="excessive time being spent scavenging" timestamp="2019-06-17T05:46:08.861" />
<gc-end id="513" type="scavenge" contextid="508" durationms="1.479" usertimems="0.000" systemtimems="0.000" timestamp="2019-06-17T05:46:08.861" activeThreads="4">
  <mem-info id="514" free="3316600" total="8519680" percent="38">
    <mem type="nursery" free="1560832" total="2228224" percent="70">
      <mem type="allocate" free="1560832" total="1835008" percent="85" />
      <mem type="survivor" free="0" total="393216" percent="0" />
    </mem>
    <mem type="tenure" free="1755768" total="6291456" percent="27">
      <mem type="soa" free="1441400" total="5977088" percent="24" />
      <mem type="loa" free="314368" total="314368" percent="100" />
    </mem>
    <remembered-set count="774" />
  </mem-info>
</gc-end>
<cycle-end id="515" type="scavenge" contextid="508" timestamp="2019-06-17T05:46:08.861" />
  <attribute name="elasticGC enabled" value="1" />
  <attribute name= "numThreadsSpecified" value="4" />
  <attribute name="heapSize specified" value="0" />
  <attribute name="Current GC Util" value="7" />
  <attribute name= "Current Time Running" value="7460" />
  <attribute name ="GC Interval" value="200" />
  <attribute name="ProportionalT" value="-13.000000" />
  <attribute name="ProportionalI" value="-13.000000" />
  <attribute name="ProportionalH" value="-13.000000" />
  <attribute name="Current Error" value="-13.000000" />
  <attribute name="IntegralT" value="-208.000000" />
  <attribute name="IntegralI" value="-208.000000" />
  <attribute name="IntegralH" value="-208.000000" />
  <attribute name="DerivativeT" value="-0.812500" />
  <attribute name="DerivativeI" value="-0.812500" />
  <attribute name="DerivativeH" value="-0.812500" />
  <attribute name="Loop Time for DT" value="16.000000" />
  <attribute name="Output H" value="2092630016"/>
  <attribute name="Output I" value="200"/>
  <attribute name="Output T" value="4"/>
  <attribute name="Target GC Util Change" value ="20.000000" />
  <attribute name="Current GC Util Change" value="7.000000"/>
  <attribute name="GC Util currently" value="7" />
  <attribute name="CPU Util currently" value="287726387373" />
<allocation-satisfied id="516" threadId="000000000186D700" bytesRequested="32" />
<af-end id="517" timestamp="2019-06-17T05:46:08.861" threadId="000000000186E088" success="true" from="nursery"/>
<exclusive-end id="518" timestamp="2019-06-17T05:46:08.861" durationms="2.112" />

<exclusive-start id="519" timestamp="2019-06-17T05:46:08.891" intervalms="31.865">
  <response-info timems="0.030" idlems="0.030" threads="0" lastid="000000000186D700" lastname="main" />
</exclusive-start>
<af-start id="520" threadId="000000000186E088" totalBytesRequested="19208" timestamp="2019-06-17T05:46:08.891" intervalms="31.820" type="nursery" />
<cycle-start id="521" type="scavenge" contextid="0" timestamp="2019-06-17T05:46:08.891" intervalms="31.770" />
<gc-start id="522" type="scavenge" contextid="521" timestamp="2019-06-17T05:46:08.891">
  <mem-info id="523" free="1739328" total="8519680" percent="20">
    <mem type="nursery" free="0" total="2228224" percent="0">
      <mem type="allocate" free="0" total="1835008" percent="0" />
      <mem type="survivor" free="0" total="393216" percent="0" />
    </mem>
    <mem type="tenure" free="1739328" total="6291456" percent="27">
      <mem type="soa" free="1424960" total="5977088" percent="23" />
      <mem type="loa" free="314368" total="314368" percent="100" />
    </mem>
    <remembered-set count="1023" />
  </mem-info>
</gc-start>
<allocation-stats totalBytes="1548760" >
  <allocated-bytes non-tlh="16472" tlh="1532288" />
  <largest-consumer threadName="main" threadId="000000000186D700" bytes="1548760" />
</allocation-stats>
<gc-op id="524" type="scavenge" timems="0.661" contextid="521" timestamp="2019-06-17T05:46:08.892">
  <scavenger-info tenureage="3" tenuremask="4008" tiltratio="82" />
  <memory-copied type="nursery" objects="5630" bytes="243472" bytesdiscarded="22144" />
  <memory-copied type="tenure" objects="1987" bytes="71928" bytesdiscarded="80" />
  <references type="soft" candidates="2" cleared="0" enqueued="0" dynamicThreshold="32" maxThreshold="32" />
  <references type="weak" candidates="165" cleared="4" enqueued="4" />
  <references type="phantom" candidates="1" cleared="0" enqueued="0" />
</gc-op>
<gc-end id="525" type="scavenge" contextid="521" durationms="0.903" usertimems="0.000" systemtimems="0.000" timestamp="2019-06-17T05:46:08.892" activeThreads="4">
  <mem-info id="526" free="3234368" total="8519680" percent="37">
    <mem type="nursery" free="1634816" total="2228224" percent="73">
      <mem type="allocate" free="1634816" total="1900544" percent="86" />
      <mem type="survivor" free="0" total="327680" percent="0" />
    </mem>
    <mem type="tenure" free="1599552" total="6291456" percent="25">
      <mem type="soa" free="1285184" total="5977088" percent="21" />
      <mem type="loa" free="314368" total="314368" percent="100" />
    </mem>
    <pending-finalizers system="0" default="0" reference="4" classloader="0" />
    <remembered-set count="738" />
  </mem-info>
</gc-end>
<cycle-end id="527" type="scavenge" contextid="521" timestamp="2019-06-17T05:46:08.892" />
  <attribute name="elasticGC enabled" value="1" />
  <attribute name= "numThreadsSpecified" value="4" />
  <attribute name="heapSize specified" value="0" />
  <attribute name="Current GC Util" value="3" />
  <attribute name= "Current Time Running" value="7492" />
  <attribute name ="GC Interval" value="200" />
  <attribute name="ProportionalT" value="-17.000000" />
  <attribute name="ProportionalI" value="-17.000000" />
  <attribute name="ProportionalH" value="-17.000000" />
  <attribute name="Current Error" value="-17.000000" />
  <attribute name="IntegralT" value="-544.000000" />
  <attribute name="IntegralI" value="-544.000000" />
  <attribute name="IntegralH" value="-544.000000" />
  <attribute name="DerivativeT" value="-0.531250" />
  <attribute name="DerivativeI" value="-0.531250" />
  <attribute name="DerivativeH" value="-0.531250" />
  <attribute name="Loop Time for DT" value="32.000000" />
  <attribute name="Output H" value="2092630016"/>
  <attribute name="Output I" value="200"/>
  <attribute name="Output T" value="4"/>
  <attribute name="Target GC Util Change" value ="20.000000" />
  <attribute name="Current GC Util Change" value="3.000000"/>
  <attribute name="GC Util currently" value="3" />
  <attribute name="CPU Util currently" value="145291847717" />
<allocation-satisfied id="528" threadId="000000000186D700" bytesRequested="19208" />
<af-end id="529" timestamp="2019-06-17T05:46:08.892" threadId="000000000186E088" success="true" from="nursery"/>
<exclusive-end id="530" timestamp="2019-06-17T05:46:08.892" durationms="1.546" />

<exclusive-start id="531" timestamp="2019-06-17T05:46:08.911" intervalms="20.130">
  <response-info timems="0.064" idlems="0.064" threads="0" lastid="000000000186D700" lastname="main" />
</exclusive-start>
<af-start id="532" threadId="000000000186E088" totalBytesRequested="56" timestamp="2019-06-17T05:46:08.911" intervalms="20.178" type="nursery" />
<cycle-start id="533" type="scavenge" contextid="0" timestamp="2019-06-17T05:46:08.911" intervalms="20.237" />
<gc-start id="534" type="scavenge" contextid="533" timestamp="2019-06-17T05:46:08.911">
  <mem-info id="535" free="1596536" total="8519680" percent="18">
    <mem type="nursery" free="0" total="2228224" percent="0">
      <mem type="allocate" free="0" total="1900544" percent="0" />
      <mem type="survivor" free="0" total="327680" percent="0" />
    </mem>
    <mem type="tenure" free="1596536" total="6291456" percent="25">
      <mem type="soa" free="1282168" total="5977088" percent="21" />
      <mem type="loa" free="314368" total="314368" percent="100" />
    </mem>
    <remembered-set count="833" />
  </mem-info>
</gc-start>
<allocation-stats totalBytes="1637456" >
  <allocated-bytes non-tlh="22224" tlh="1615232" />
  <largest-consumer threadName="main" threadId="000000000186D700" bytes="1637456" />
</allocation-stats>
<gc-op id="536" type="scavenge" timems="0.749" contextid="533" timestamp="2019-06-17T05:46:08.912">
  <scavenger-info tenureage="3" tenuremask="4008" tiltratio="85" />
  <memory-copied type="nursery" objects="6407" bytes="284912" bytesdiscarded="42704" />
  <memory-copied type="tenure" objects="2125" bytes="78992" bytesdiscarded="0" />
  <copy-failed type="nursery" objects="452" bytes="18784" />
  <references type="soft" candidates="2" cleared="0" enqueued="0" dynamicThreshold="32" maxThreshold="32" />
  <references type="weak" candidates="85" cleared="1" enqueued="1" />
</gc-op>
<gc-end id="537" type="scavenge" contextid="533" durationms="1.165" usertimems="4.000" systemtimems="0.000" timestamp="2019-06-17T05:46:08.912" activeThreads="4">
  <mem-info id="538" free="3103864" total="8519680" percent="36">
    <mem type="nursery" free="1507328" total="2228224" percent="67">
      <mem type="allocate" free="1507328" total="1835008" percent="82" />
      <mem type="survivor" free="0" total="393216" percent="0" />
    </mem>
    <mem type="tenure" free="1596536" total="6291456" percent="25">
      <mem type="soa" free="1282168" total="5977088" percent="21" />
      <mem type="loa" free="314368" total="314368" percent="100" />
    </mem>
    <pending-finalizers system="0" default="0" reference="1" classloader="0" />
    <remembered-set count="708" />
  </mem-info>
</gc-end>
<cycle-end id="539" type="scavenge" contextid="533" timestamp="2019-06-17T05:46:08.913" />
  <attribute name="elasticGC enabled" value="1" />
  <attribute name= "numThreadsSpecified" value="4" />
  <attribute name="heapSize specified" value="0" />
  <attribute name="Current GC Util" value="6" />
  <attribute name= "Current Time Running" value="7513" />
  <attribute name ="GC Interval" value="200" />
  <attribute name="ProportionalT" value="-14.000000" />
  <attribute name="ProportionalI" value="-14.000000" />
  <attribute name="ProportionalH" value="-14.000000" />
  <attribute name="Current Error" value="-14.000000" />
  <attribute name="IntegralT" value="-294.000000" />
  <attribute name="IntegralI" value="-294.000000" />
  <attribute name="IntegralH" value="-294.000000" />
  <attribute name="DerivativeT" value="-0.666667" />
  <attribute name="DerivativeI" value="-0.666667" />
  <attribute name="DerivativeH" value="-0.666667" />
  <attribute name="Loop Time for DT" value="21.000000" />
  <attribute name="Output H" value="2092630016"/>
  <attribute name="Output I" value="200"/>
  <attribute name="Output T" value="4"/>
  <attribute name="Target GC Util Change" value ="20.000000" />
  <attribute name="Current GC Util Change" value="6.000000"/>
  <attribute name="GC Util currently" value="6" />
  <attribute name="CPU Util currently" value="225971588049" />
<allocation-satisfied id="540" threadId="000000000186D700" bytesRequested="56" />
<af-end id="541" timestamp="2019-06-17T05:46:08.913" threadId="000000000186E088" success="true" from="nursery"/>
<exclusive-end id="542" timestamp="2019-06-17T05:46:08.913" durationms="1.995" />

<exclusive-start id="543" timestamp="2019-06-17T05:46:08.934" intervalms="23.172">
  <response-info timems="0.026" idlems="0.026" threads="0" lastid="000000000186D700" lastname="main" />
</exclusive-start>
<af-start id="544" threadId="000000000186E088" totalBytesRequested="16392" timestamp="2019-06-17T05:46:08.934" intervalms="23.080" type="nursery" />
<cycle-start id="545" type="scavenge" contextid="0" timestamp="2019-06-17T05:46:08.934" intervalms="22.996" />
<gc-start id="546" type="scavenge" contextid="545" timestamp="2019-06-17T05:46:08.934">
  <mem-info id="547" free="1578832" total="8519680" percent="18">
    <mem type="nursery" free="0" total="2228224" percent="0">
      <mem type="allocate" free="0" total="1835008" percent="0" />
      <mem type="survivor" free="0" total="393216" percent="0" />
    </mem>
    <mem type="tenure" free="1578832" total="6291456" percent="25">
      <mem type="soa" free="1264464" total="5977088" percent="21" />
      <mem type="loa" free="314368" total="314368" percent="100" />
    </mem>
    <remembered-set count="1004" />
  </mem-info>
</gc-start>
<allocation-stats totalBytes="1511008" >
  <allocated-bytes non-tlh="17760" tlh="1493248" />
  <largest-consumer threadName="main" threadId="000000000186D700" bytes="1511008" />
</allocation-stats>
<gc-op id="548" type="scavenge" timems="0.528" contextid="545" timestamp="2019-06-17T05:46:08.935">
  <scavenger-info tenureage="3" tenuremask="4008" tiltratio="82" />
  <memory-copied type="nursery" objects="2115" bytes="127016" bytesdiscarded="60280" />
  <memory-copied type="tenure" objects="2127" bytes="79800" bytesdiscarded="16" />
  <references type="soft" candidates="73" cleared="0" enqueued="0" dynamicThreshold="32" maxThreshold="32" />
  <references type="weak" candidates="60" cleared="0" enqueued="0" />
  <references type="phantom" candidates="1" cleared="0" enqueued="0" />
</gc-op>
<gc-end id="549" type="scavenge" contextid="545" durationms="0.710" usertimems="0.000" systemtimems="0.000" timestamp="2019-06-17T05:46:08.935" activeThreads="4">
  <mem-info id="550" free="3125840" total="8519680" percent="36">
    <mem type="nursery" free="1647616" total="2228224" percent="73">
      <mem type="allocate" free="1647616" total="1835008" percent="89" />
      <mem type="survivor" free="0" total="393216" percent="0" />
    </mem>
    <mem type="tenure" free="1478224" total="6291456" percent="23">
      <mem type="soa" free="1163856" total="5977088" percent="19" />
      <mem type="loa" free="314368" total="314368" percent="100" />
    </mem>
    <remembered-set count="643" />
  </mem-info>
</gc-end>
<cycle-end id="551" type="scavenge" contextid="545" timestamp="2019-06-17T05:46:08.935" />
  <attribute name="elasticGC enabled" value="1" />
  <attribute name= "numThreadsSpecified" value="4" />
  <attribute name="heapSize specified" value="0" />
  <attribute name="Current GC Util" value="5" />
  <attribute name= "Current Time Running" value="7535" />
  <attribute name ="GC Interval" value="200" />
  <attribute name="ProportionalT" value="-15.000000" />
  <attribute name="ProportionalI" value="-15.000000" />
  <attribute name="ProportionalH" value="-15.000000" />
  <attribute name="Current Error" value="-15.000000" />
  <attribute name="IntegralT" value="-330.000000" />
  <attribute name="IntegralI" value="-330.000000" />
  <attribute name="IntegralH" value="-330.000000" />
  <attribute name="DerivativeT" value="-0.681818" />
  <attribute name="DerivativeI" value="-0.681818" />
  <attribute name="DerivativeH" value="-0.681818" />
  <attribute name="Loop Time for DT" value="22.000000" />
  <attribute name="Output H" value="2092630016"/>
  <attribute name="Output I" value="200"/>
  <attribute name="Output T" value="4"/>
  <attribute name="Target GC Util Change" value ="20.000000" />
  <attribute name="Current GC Util Change" value="5.000000"/>
  <attribute name="GC Util currently" value="5" />
  <attribute name="CPU Util currently" value="202803452467" />
<allocation-satisfied id="552" threadId="000000000186D700" bytesRequested="16392" />
<af-end id="553" timestamp="2019-06-17T05:46:08.935" threadId="000000000186E088" success="true" from="nursery"/>
<exclusive-end id="554" timestamp="2019-06-17T05:46:08.935" durationms="1.145" />

<exclusive-start id="555" timestamp="2019-06-17T05:46:08.965" intervalms="30.688">
  <response-info timems="0.063" idlems="0.063" threads="0" lastid="000000000186D700" lastname="main" />
</exclusive-start>
<af-start id="556" threadId="000000000186E088" totalBytesRequested="32" timestamp="2019-06-17T05:46:08.965" intervalms="30.789" type="nursery" />
<cycle-start id="557" type="scavenge" contextid="0" timestamp="2019-06-17T05:46:08.965" intervalms="30.844" />
<gc-start id="558" type="scavenge" contextid="557" timestamp="2019-06-17T05:46:08.965">
  <mem-info id="559" free="1477016" total="8519680" percent="17">
    <mem type="nursery" free="0" total="2228224" percent="0">
      <mem type="allocate" free="0" total="1835008" percent="0" />
      <mem type="survivor" free="0" total="393216" percent="0" />
    </mem>
    <mem type="tenure" free="1477016" total="6291456" percent="23">
      <mem type="soa" free="1162648" total="5977088" percent="19" />
      <mem type="loa" free="314368" total="314368" percent="100" />
    </mem>
    <remembered-set count="672" />
  </mem-info>
</gc-start>
<allocation-stats totalBytes="1648640" >
  <allocated-bytes non-tlh="363544" tlh="1285096" />
  <largest-consumer threadName="main" threadId="000000000186D700" bytes="1648640" />
</allocation-stats>
<gc-op id="560" type="scavenge" timems="0.787" contextid="557" timestamp="2019-06-17T05:46:08.966">
  <scavenger-info tenureage="14" tenuremask="4000" tiltratio="82" />
  <memory-copied type="nursery" objects="2868" bytes="393040" bytesdiscarded="72" />
  <memory-copied type="tenure" objects="4581" bytes="315184" bytesdiscarded="528" />
  <copy-failed type="nursery" objects="4708" bytes="321696" />
  <references type="soft" candidates="73" cleared="0" enqueued="0" dynamicThreshold="32" maxThreshold="32" />
  <references type="weak" candidates="60" cleared="2" enqueued="2" />
  <references type="phantom" candidates="3" cleared="1" enqueued="1" />
</gc-op>
<gc-end id="561" type="scavenge" contextid="557" durationms="1.145" usertimems="0.000" systemtimems="0.000" timestamp="2019-06-17T05:46:08.966" activeThreads="4">
  <mem-info id="562" free="1869712" total="8519680" percent="21">
    <mem type="nursery" free="720896" total="2228224" percent="32">
      <mem type="allocate" free="720896" total="1114112" percent="64" />
      <mem type="survivor" free="0" total="1114112" percent="0" />
    </mem>
    <mem type="tenure" free="1148816" total="6291456" percent="18">
      <mem type="soa" free="834448" total="5977088" percent="13" />
      <mem type="loa" free="314368" total="314368" percent="100" />
    </mem>
    <pending-finalizers system="0" default="0" reference="3" classloader="0" />
    <remembered-set count="3718" />
  </mem-info>
</gc-end>
<cycle-end id="563" type="scavenge" contextid="557" timestamp="2019-06-17T05:46:08.966" />
  <attribute name="elasticGC enabled" value="1" />
  <attribute name= "numThreadsSpecified" value="4" />
  <attribute name="heapSize specified" value="0" />
  <attribute name="Current GC Util" value="3" />
  <attribute name= "Current Time Running" value="7566" />
  <attribute name ="GC Interval" value="200" />
  <attribute name="ProportionalT" value="-17.000000" />
  <attribute name="ProportionalI" value="-17.000000" />
  <attribute name="ProportionalH" value="-17.000000" />
  <attribute name="Current Error" value="-17.000000" />
  <attribute name="IntegralT" value="-527.000000" />
  <attribute name="IntegralI" value="-527.000000" />
  <attribute name="IntegralH" value="-527.000000" />
  <attribute name="DerivativeT" value="-0.548387" />
  <attribute name="DerivativeI" value="-0.548387" />
  <attribute name="DerivativeH" value="-0.548387" />
  <attribute name="Loop Time for DT" value="31.000000" />
  <attribute name="Output H" value="2092630016"/>
  <attribute name="Output I" value="200"/>
  <attribute name="Output T" value="4"/>
  <attribute name="Target GC Util Change" value ="20.000000" />
  <attribute name="Current GC Util Change" value="3.000000"/>
  <attribute name="GC Util currently" value="3" />
  <attribute name="CPU Util currently" value="148832124597" />
<allocation-satisfied id="564" threadId="000000000186D700" bytesRequested="32" />
<af-end id="565" timestamp="2019-06-17T05:46:08.966" threadId="000000000186E088" success="true" from="nursery"/>
<exclusive-end id="566" timestamp="2019-06-17T05:46:08.966" durationms="1.830" />

<exclusive-start id="567" timestamp="2019-06-17T05:46:08.977" intervalms="12.399">
  <response-info timems="0.060" idlems="0.060" threads="0" lastid="000000000186D700" lastname="main" />
</exclusive-start>
<af-start id="568" threadId="000000000186E088" totalBytesRequested="32" timestamp="2019-06-17T05:46:08.977" intervalms="12.330" type="nursery" />
<cycle-start id="569" type="scavenge" contextid="0" timestamp="2019-06-17T05:46:08.977" intervalms="12.301" />
<gc-start id="570" type="scavenge" contextid="569" timestamp="2019-06-17T05:46:08.977">
  <mem-info id="571" free="1143552" total="8519680" percent="13">
    <mem type="nursery" free="0" total="2228224" percent="0">
      <mem type="allocate" free="0" total="1114112" percent="0" />
      <mem type="survivor" free="0" total="1114112" percent="0" />
    </mem>
    <mem type="tenure" free="1143552" total="6291456" percent="18">
      <mem type="soa" free="829184" total="5977088" percent="13" />
      <mem type="loa" free="314368" total="314368" percent="100" />
    </mem>
    <remembered-set count="3783" />
  </mem-info>
</gc-start>
<allocation-stats totalBytes="726016" >
  <allocated-bytes non-tlh="5296" tlh="720720" />
  <largest-consumer threadName="main" threadId="000000000186D700" bytes="721920" />
</allocation-stats>
<gc-op id="572" type="scavenge" timems="0.573" contextid="569" timestamp="2019-06-17T05:46:08.978">
  <scavenger-info tenureage="4" tenuremask="7ff0" tiltratio="50" />
  <memory-copied type="nursery" objects="3228" bytes="404864" bytesdiscarded="159312" />
  <memory-copied type="tenure" objects="503" bytes="18160" bytesdiscarded="0" />
  <references type="soft" candidates="71" cleared="0" enqueued="0" dynamicThreshold="32" maxThreshold="32" />
  <references type="weak" candidates="58" cleared="0" enqueued="0" />
  <references type="phantom" candidates="2" cleared="0" enqueued="0" />
</gc-op>
<gc-end id="573" type="scavenge" contextid="569" durationms="0.772" usertimems="0.000" systemtimems="0.000" timestamp="2019-06-17T05:46:08.978" activeThreads="4">
  <mem-info id="574" free="1693384" total="8519680" percent="19">
    <mem type="nursery" free="549832" total="2228224" percent="24">
      <mem type="allocate" free="549832" total="1114112" percent="49" />
      <mem type="survivor" free="0" total="1114112" percent="0" />
    </mem>
    <mem type="tenure" free="1143552" total="6291456" percent="18">
      <mem type="soa" free="829184" total="5977088" percent="13" />
      <mem type="loa" free="314368" total="314368" percent="100" />
    </mem>
    <remembered-set count="3528" />
  </mem-info>
</gc-end>
<cycle-end id="575" type="scavenge" contextid="569" timestamp="2019-06-17T05:46:08.978" />
  <attribute name="elasticGC enabled" value="1" />
  <attribute name= "numThreadsSpecified" value="4" />
  <attribute name="heapSize specified" value="0" />
  <attribute name="Current GC Util" value="13" />
  <attribute name= "Current Time Running" value="7578" />
  <attribute name ="GC Interval" value="200" />
  <attribute name="ProportionalT" value="-7.000000" />
  <attribute name="ProportionalI" value="-7.000000" />
  <attribute name="ProportionalH" value="-7.000000" />
  <attribute name="Current Error" value="-7.000000" />
  <attribute name="IntegralT" value="-84.000000" />
  <attribute name="IntegralI" value="-84.000000" />
  <attribute name="IntegralH" value="-84.000000" />
  <attribute name="DerivativeT" value="-0.583333" />
  <attribute name="DerivativeI" value="-0.583333" />
  <attribute name="DerivativeH" value="-0.583333" />
  <attribute name="Loop Time for DT" value="12.000000" />
  <attribute name="Output H" value="2092630016"/>
  <attribute name="Output I" value="200"/>
  <attribute name="Output T" value="4"/>
  <attribute name="Target GC Util Change" value ="20.000000" />
  <attribute name="Current GC Util Change" value="13.000000"/>
  <attribute name="GC Util currently" value="13" />
  <attribute name="CPU Util currently" value="377805605866" />
<allocation-satisfied id="576" threadId="000000000186D700" bytesRequested="32" />
<af-end id="577" timestamp="2019-06-17T05:46:08.978" threadId="000000000186E088" success="true" from="nursery"/>
<exclusive-end id="578" timestamp="2019-06-17T05:46:08.978" durationms="1.356" />

<exclusive-start id="579" timestamp="2019-06-17T05:46:08.982" intervalms="4.535">
  <response-info timems="0.058" idlems="0.058" threads="0" lastid="000000000186D700" lastname="main" />
</exclusive-start>
<af-start id="580" threadId="000000000186E088" totalBytesRequested="32" timestamp="2019-06-17T05:46:08.982" intervalms="4.536" type="nursery" />
<cycle-start id="581" type="scavenge" contextid="0" timestamp="2019-06-17T05:46:08.982" intervalms="4.543" />
<gc-start id="582" type="scavenge" contextid="581" timestamp="2019-06-17T05:46:08.982">
  <mem-info id="583" free="1143552" total="8519680" percent="13">
    <mem type="nursery" free="0" total="2228224" percent="0">
      <mem type="allocate" free="0" total="1114112" percent="0" />
      <mem type="survivor" free="0" total="1114112" percent="0" />
    </mem>
    <mem type="tenure" free="1143552" total="6291456" percent="18">
      <mem type="soa" free="829184" total="5977088" percent="13" />
      <mem type="loa" free="314368" total="314368" percent="100" />
    </mem>
    <remembered-set count="3528" />
  </mem-info>
</gc-start>
<allocation-stats totalBytes="549696" >
  <allocated-bytes non-tlh="32" tlh="549664" />
  <largest-consumer threadName="main" threadId="000000000186D700" bytes="549696" />
</allocation-stats>
<gc-op id="584" type="scavenge" timems="0.588" contextid="581" timestamp="2019-06-17T05:46:08.983">
  <scavenger-info tenureage="3" tenuremask="ffd8" tiltratio="50" />
  <memory-copied type="nursery" objects="2605" bytes="345960" bytesdiscarded="164288" />
  <memory-copied type="tenure" objects="1495" bytes="89632" bytesdiscarded="40" />
  <references type="soft" candidates="1" cleared="0" enqueued="0" dynamicThreshold="32" maxThreshold="32" />
  <references type="weak" candidates="38" cleared="0" enqueued="0" />
  <references type="phantom" candidates="2" cleared="0" enqueued="0" />
</gc-op>
<gc-end id="585" type="scavenge" contextid="581" durationms="0.898" usertimems="4.000" systemtimems="0.000" timestamp="2019-06-17T05:46:08.983" activeThreads="4">
  <mem-info id="586" free="1708216" total="8519680" percent="20">
    <mem type="nursery" free="603832" total="2228224" percent="27">
      <mem type="allocate" free="603832" total="1114112" percent="54" />
      <mem type="survivor" free="0" total="1114112" percent="0" />
    </mem>
    <mem type="tenure" free="1104384" total="6291456" percent="17">
      <mem type="soa" free="790016" total="5977088" percent="13" />
      <mem type="loa" free="314368" total="314368" percent="100" />
    </mem>
    <remembered-set count="3192" />
  </mem-info>
</gc-end>
<cycle-end id="587" type="scavenge" contextid="581" timestamp="2019-06-17T05:46:08.983" />
  <attribute name="elasticGC enabled" value="1" />
  <attribute name= "numThreadsSpecified" value="4" />
  <attribute name="heapSize specified" value="0" />
  <attribute name="Current GC Util" value="25" />
  <attribute name= "Current Time Running" value="7583" />
  <attribute name ="GC Interval" value="200" />
  <attribute name="ProportionalT" value="5.000000" />
  <attribute name="ProportionalI" value="5.000000" />
  <attribute name="ProportionalH" value="5.000000" />
  <attribute name="Current Error" value="5.000000" />
  <attribute name="IntegralT" value="25.000000" />
  <attribute name="IntegralI" value="25.000000" />
  <attribute name="IntegralH" value="25.000000" />
  <attribute name="DerivativeT" value="1.000000" />
  <attribute name="DerivativeI" value="1.000000" />
  <attribute name="DerivativeH" value="1.000000" />
  <attribute name="Loop Time for DT" value="5.000000" />
  <attribute name="Output H" value="8388608"/>
  <attribute name="Output I" value="200"/>
  <attribute name="Output T" value="4"/>
  <attribute name="Target GC Util Change" value ="20.000000" />
  <attribute name="Current GC Util Change" value="25.000000"/>
  <attribute name="GC Util currently" value="25" />
  <attribute name="CPU Util currently" value="979695223727" />
<allocation-satisfied id="588" threadId="000000000186D700" bytesRequested="32" />
<af-end id="589" timestamp="2019-06-17T05:46:08.983" threadId="000000000186E088" success="true" from="nursery"/>
<exclusive-end id="590" timestamp="2019-06-17T05:46:08.983" durationms="1.648" />

<exclusive-start id="591" timestamp="2019-06-17T05:46:08.987" intervalms="5.181">
  <response-info timems="0.136" idlems="0.136" threads="0" lastid="000000000186D700" lastname="main" />
</exclusive-start>
<af-start id="592" threadId="000000000186E088" totalBytesRequested="32" timestamp="2019-06-17T05:46:08.987" intervalms="5.140" type="nursery" />
<cycle-start id="593" type="scavenge" contextid="0" timestamp="2019-06-17T05:46:08.987" intervalms="5.140" />
<gc-start id="594" type="scavenge" contextid="593" timestamp="2019-06-17T05:46:08.987">
  <mem-info id="595" free="1104384" total="8519680" percent="12">
    <mem type="nursery" free="0" total="2228224" percent="0">
      <mem type="allocate" free="0" total="1114112" percent="0" />
      <mem type="survivor" free="0" total="1114112" percent="0" />
    </mem>
    <mem type="tenure" free="1104384" total="6291456" percent="17">
      <mem type="soa" free="790016" total="5977088" percent="13" />
      <mem type="loa" free="314368" total="314368" percent="100" />
    </mem>
    <remembered-set count="3193" />
  </mem-info>
</gc-start>
<allocation-stats totalBytes="603688" >
  <allocated-bytes non-tlh="32" tlh="603656" />
  <largest-consumer threadName="main" threadId="000000000186D700" bytes="603688" />
</allocation-stats>
<gc-op id="596" type="scavenge" timems="0.564" contextid="593" timestamp="2019-06-17T05:46:08.988">
  <scavenger-info tenureage="3" tenuremask="ffc8" tiltratio="50" />
  <memory-copied type="nursery" objects="2794" bytes="100536" bytesdiscarded="86840" />
  <memory-copied type="tenure" objects="750" bytes="281360" bytesdiscarded="392" />
  <references type="weak" candidates="38" cleared="0" enqueued="0" />
</gc-op>
<gc-end id="597" type="scavenge" contextid="593" durationms="0.760" usertimems="0.000" systemtimems="0.000" timestamp="2019-06-17T05:46:08.988" activeThreads="4">
  <mem-info id="598" free="1783224" total="8519680" percent="20">
    <mem type="nursery" free="1057792" total="2228224" percent="47">
      <mem type="allocate" free="1057792" total="1245184" percent="84" />
      <mem type="survivor" free="0" total="983040" percent="0" />
    </mem>
    <mem type="tenure" free="725432" total="6291456" percent="11">
      <mem type="soa" free="411064" total="5977088" percent="6" />
      <mem type="loa" free="314368" total="314368" percent="100" />
    </mem>
    <remembered-set count="379" />
  </mem-info>
</gc-end>
<cycle-end id="599" type="scavenge" contextid="593" timestamp="2019-06-17T05:46:08.988" />
  <attribute name="elasticGC enabled" value="1" />
  <attribute name= "numThreadsSpecified" value="4" />
  <attribute name="heapSize specified" value="0" />
  <attribute name="Current GC Util" value="22" />
  <attribute name= "Current Time Running" value="7588" />
  <attribute name ="GC Interval" value="200" />
  <attribute name="ProportionalT" value="2.000000" />
  <attribute name="ProportionalI" value="2.000000" />
  <attribute name="ProportionalH" value="2.000000" />
  <attribute name="Current Error" value="2.000000" />
  <attribute name="IntegralT" value="10.000000" />
  <attribute name="IntegralI" value="10.000000" />
  <attribute name="IntegralH" value="10.000000" />
  <attribute name="DerivativeT" value="-0.600000" />
  <attribute name="DerivativeI" value="-0.600000" />
  <attribute name="DerivativeH" value="-0.600000" />
  <attribute name="Loop Time for DT" value="5.000000" />
  <attribute name="Output H" value="8388608"/>
  <attribute name="Output I" value="200"/>
  <attribute name="Output T" value="4"/>
  <attribute name="Target GC Util Change" value ="20.000000" />
  <attribute name="Current GC Util Change" value="22.000000"/>
  <attribute name="GC Util currently" value="22" />
  <attribute name="CPU Util currently" value="940368199348" />
<allocation-satisfied id="600" threadId="000000000186D700" bytesRequested="32" />
<af-end id="601" timestamp="2019-06-17T05:46:08.988" threadId="000000000186E088" success="true" from="nursery"/>
<exclusive-end id="602" timestamp="2019-06-17T05:46:08.988" durationms="1.283" />

<exclusive-start id="603" timestamp="2019-06-17T05:46:08.998" intervalms="11.330">
  <response-info timems="0.053" idlems="0.053" threads="0" lastid="000000000186D700" lastname="main" />
</exclusive-start>
<af-start id="604" threadId="000000000186E088" totalBytesRequested="32" timestamp="2019-06-17T05:46:08.998" intervalms="11.401" type="nursery" />
<cycle-start id="605" type="scavenge" contextid="0" timestamp="2019-06-17T05:46:08.998" intervalms="11.391" />
<gc-start id="606" type="scavenge" contextid="605" timestamp="2019-06-17T05:46:08.998">
  <mem-info id="607" free="722904" total="8519680" percent="8">
    <mem type="nursery" free="0" total="2228224" percent="0">
      <mem type="allocate" free="0" total="1245184" percent="0" />
      <mem type="survivor" free="0" total="983040" percent="0" />
    </mem>
    <mem type="tenure" free="722904" total="6291456" percent="11">
      <mem type="soa" free="408536" total="5977088" percent="6" />
      <mem type="loa" free="314368" total="314368" percent="100" />
    </mem>
    <remembered-set count="538" />
  </mem-info>
</gc-start>
<allocation-stats totalBytes="1060184" >
  <allocated-bytes non-tlh="2560" tlh="1057624" />
  <largest-consumer threadName="main" threadId="000000000186D700" bytes="1060184" />
</allocation-stats>
<gc-op id="608" type="scavenge" timems="0.486" contextid="605" timestamp="2019-06-17T05:46:08.999">
  <scavenger-info tenureage="3" tenuremask="ffe8" tiltratio="55" />
  <memory-copied type="nursery" objects="3215" bytes="129168" bytesdiscarded="66656" />
  <memory-copied type="tenure" objects="812" bytes="28360" bytesdiscarded="0" />
  <references type="weak" candidates="18" cleared="0" enqueued="0" />
</gc-op>
<gc-end id="609" type="scavenge" contextid="605" durationms="0.783" usertimems="0.000" systemtimems="0.000" timestamp="2019-06-17T05:46:08.999" activeThreads="4">
  <mem-info id="610" free="1903320" total="8519680" percent="22">
    <mem type="nursery" free="1180416" total="2228224" percent="52">
      <mem type="allocate" free="1180416" total="1376256" percent="85" />
      <mem type="survivor" free="0" total="851968" percent="0" />
    </mem>
    <mem type="tenure" free="722904" total="6291456" percent="11">
      <mem type="soa" free="408536" total="5977088" percent="6" />
      <mem type="loa" free="314368" total="314368" percent="100" />
    </mem>
    <remembered-set count="452" />
  </mem-info>
</gc-end>
<cycle-end id="611" type="scavenge" contextid="605" timestamp="2019-06-17T05:46:08.999" />
  <attribute name="elasticGC enabled" value="1" />
  <attribute name= "numThreadsSpecified" value="4" />
  <attribute name="heapSize specified" value="0" />
  <attribute name="Current GC Util" value="9" />
  <attribute name= "Current Time Running" value="7600" />
  <attribute name ="GC Interval" value="200" />
  <attribute name="ProportionalT" value="-11.000000" />
  <attribute name="ProportionalI" value="-11.000000" />
  <attribute name="ProportionalH" value="-11.000000" />
  <attribute name="Current Error" value="-11.000000" />
  <attribute name="IntegralT" value="-132.000000" />
  <attribute name="IntegralI" value="-132.000000" />
  <attribute name="IntegralH" value="-132.000000" />
  <attribute name="DerivativeT" value="-1.083333" />
  <attribute name="DerivativeI" value="-1.083333" />
  <attribute name="DerivativeH" value="-1.083333" />
  <attribute name="Loop Time for DT" value="12.000000" />
  <attribute name="Output H" value="2092630016"/>
  <attribute name="Output I" value="200"/>
  <attribute name="Output T" value="4"/>
  <attribute name="Target GC Util Change" value ="20.000000" />
  <attribute name="Current GC Util Change" value="9.000000"/>
  <attribute name="GC Util currently" value="9" />
  <attribute name="CPU Util currently" value="400106055903" />
<allocation-satisfied id="612" threadId="000000000186D700" bytesRequested="32" />
<af-end id="613" timestamp="2019-06-17T05:46:08.999" threadId="000000000186E088" success="true" from="nursery"/>
<exclusive-end id="614" timestamp="2019-06-17T05:46:09.000" durationms="1.469" />

<exclusive-start id="615" timestamp="2019-06-17T05:46:09.010" intervalms="11.752">
  <response-info timems="0.107" idlems="0.107" threads="0" lastid="000000000186D700" lastname="main" />
</exclusive-start>
<af-start id="616" threadId="000000000186E088" totalBytesRequested="32" timestamp="2019-06-17T05:46:09.010" intervalms="11.711" type="nursery" />
<cycle-start id="617" type="scavenge" contextid="0" timestamp="2019-06-17T05:46:09.010" intervalms="11.719" />
<gc-start id="618" type="scavenge" contextid="617" timestamp="2019-06-17T05:46:09.010">
  <mem-info id="619" free="720672" total="8519680" percent="8">
    <mem type="nursery" free="0" total="2228224" percent="0">
      <mem type="allocate" free="0" total="1376256" percent="0" />
      <mem type="survivor" free="0" total="851968" percent="0" />
    </mem>
    <mem type="tenure" free="720672" total="6291456" percent="11">
      <mem type="soa" free="406304" total="5977088" percent="6" />
      <mem type="loa" free="314368" total="314368" percent="100" />
    </mem>
    <remembered-set count="588" />
  </mem-info>
</gc-start>
<allocation-stats totalBytes="1182008" >
  <allocated-bytes non-tlh="2264" tlh="1179744" />
  <largest-consumer threadName="main" threadId="000000000186D700" bytes="1182008" />
</allocation-stats>
<gc-op id="620" type="scavenge" timems="0.463" contextid="617" timestamp="2019-06-17T05:46:09.011">
  <scavenger-info tenureage="3" tenuremask="ffe8" tiltratio="61" />
  <memory-copied type="nursery" objects="3543" bytes="145280" bytesdiscarded="50536" />
  <memory-copied type="tenure" objects="997" bytes="34752" bytesdiscarded="8" />
  <references type="weak" candidates="38" cleared="0" enqueued="0" />
</gc-op>
<gc-end id="621" type="scavenge" contextid="617" durationms="0.747" usertimems="0.000" systemtimems="0.000" timestamp="2019-06-17T05:46:09.011" activeThreads="4">
  <mem-info id="622" free="1992992" total="8519680" percent="23">
    <mem type="nursery" free="1311488" total="2228224" percent="58">
      <mem type="allocate" free="1311488" total="1507328" percent="87" />
      <mem type="survivor" free="0" total="720896" percent="0" />
    </mem>
    <mem type="tenure" free="681504" total="6291456" percent="10">
      <mem type="soa" free="367136" total="5977088" percent="6" />
      <mem type="loa" free="314368" total="314368" percent="100" />
    </mem>
    <remembered-set count="466" />
  </mem-info>
</gc-end>
<cycle-end id="623" type="scavenge" contextid="617" timestamp="2019-06-17T05:46:09.011" />
  <attribute name="elasticGC enabled" value="1" />
  <attribute name= "numThreadsSpecified" value="4" />
  <attribute name="heapSize specified" value="0" />
  <attribute name="Current GC Util" value="6" />
  <attribute name= "Current Time Running" value="7611" />
  <attribute name ="GC Interval" value="200" />
  <attribute name="ProportionalT" value="-14.000000" />
  <attribute name="ProportionalI" value="-14.000000" />
  <attribute name="ProportionalH" value="-14.000000" />
  <attribute name="Current Error" value="-14.000000" />
  <attribute name="IntegralT" value="-154.000000" />
  <attribute name="IntegralI" value="-154.000000" />
  <attribute name="IntegralH" value="-154.000000" />
  <attribute name="DerivativeT" value="-1.272727" />
  <attribute name="DerivativeI" value="-1.272727" />
  <attribute name="DerivativeH" value="-1.272727" />
  <attribute name="Loop Time for DT" value="11.000000" />
  <attribute name="Output H" value="2092630016"/>
  <attribute name="Output I" value="200"/>
  <attribute name="Output T" value="4"/>
  <attribute name="Target GC Util Change" value ="20.000000" />
  <attribute name="Current GC Util Change" value="6.000000"/>
  <attribute name="GC Util currently" value="6" />
  <attribute name="CPU Util currently" value="394152641232" />
<allocation-satisfied id="624" threadId="000000000186D700" bytesRequested="32" />
<af-end id="625" timestamp="2019-06-17T05:46:09.011" threadId="000000000186E088" success="true" from="nursery"/>
<exclusive-end id="626" timestamp="2019-06-17T05:46:09.011" durationms="1.336" />

<exclusive-start id="627" timestamp="2019-06-17T05:46:09.019" intervalms="9.509">
  <response-info timems="0.064" idlems="0.064" threads="0" lastid="000000000186D700" lastname="main" />
</exclusive-start>
<af-start id="628" threadId="000000000186E088" totalBytesRequested="24" timestamp="2019-06-17T05:46:09.019" intervalms="9.525" type="nursery" />
<cycle-start id="629" type="scavenge" contextid="0" timestamp="2019-06-17T05:46:09.020" intervalms="9.523" />
<gc-start id="630" type="scavenge" contextid="629" timestamp="2019-06-17T05:46:09.020">
  <mem-info id="631" free="681504" total="8519680" percent="7">
    <mem type="nursery" free="0" total="2228224" percent="0">
      <mem type="allocate" free="0" total="1507328" percent="0" />
      <mem type="survivor" free="0" total="720896" percent="0" />
    </mem>
    <mem type="tenure" free="681504" total="6291456" percent="10">
      <mem type="soa" free="367136" total="5977088" percent="6" />
      <mem type="loa" free="314368" total="314368" percent="100" />
    </mem>
    <remembered-set count="663" />
  </mem-info>
</gc-start>
<allocation-stats totalBytes="1311224" >
  <allocated-bytes non-tlh="32" tlh="1311192" />
  <largest-consumer threadName="main" threadId="000000000186D700" bytes="1311224" />
</allocation-stats>
<gc-op id="632" type="scavenge" timems="0.515" contextid="629" timestamp="2019-06-17T05:46:09.020">
  <scavenger-info tenureage="3" tenuremask="ffe8" tiltratio="67" />
  <memory-copied type="nursery" objects="4998" bytes="195808" bytesdiscarded="39184" />
  <memory-copied type="tenure" objects="904" bytes="34616" bytesdiscarded="40" />
  <references type="weak" candidates="38" cleared="0" enqueued="0" />
</gc-op>
<gc-end id="633" type="scavenge" contextid="629" durationms="0.811" usertimems="4.000" systemtimems="0.000" timestamp="2019-06-17T05:46:09.020" activeThreads="4">
  <mem-info id="634" free="1980192" total="8519680" percent="23">
    <mem type="nursery" free="1337856" total="2228224" percent="60">
      <mem type="allocate" free="1337856" total="1572864" percent="85" />
      <mem type="survivor" free="0" total="655360" percent="0" />
    </mem>
    <mem type="tenure" free="642336" total="6291456" percent="10">
      <mem type="soa" free="327968" total="5977088" percent="5" />
      <mem type="loa" free="314368" total="314368" percent="100" />
    </mem>
    <remembered-set count="552" />
  </mem-info>
</gc-end>
<cycle-end id="635" type="scavenge" contextid="629" timestamp="2019-06-17T05:46:09.021" />
  <attribute name="elasticGC enabled" value="1" />
  <attribute name= "numThreadsSpecified" value="4" />
  <attribute name="heapSize specified" value="0" />
  <attribute name="Current GC Util" value="9" />
  <attribute name= "Current Time Running" value="7621" />
  <attribute name ="GC Interval" value="200" />
  <attribute name="ProportionalT" value="-11.000000" />
  <attribute name="ProportionalI" value="-11.000000" />
  <attribute name="ProportionalH" value="-11.000000" />
  <attribute name="Current Error" value="-11.000000" />
  <attribute name="IntegralT" value="-110.000000" />
  <attribute name="IntegralI" value="-110.000000" />
  <attribute name="IntegralH" value="-110.000000" />
  <attribute name="DerivativeT" value="-1.100000" />
  <attribute name="DerivativeI" value="-1.100000" />
  <attribute name="DerivativeH" value="-1.100000" />
  <attribute name="Loop Time for DT" value="10.000000" />
  <attribute name="Output H" value="2092630016"/>
  <attribute name="Output I" value="200"/>
  <attribute name="Output T" value="4"/>
  <attribute name="Target GC Util Change" value ="20.000000" />
  <attribute name="Current GC Util Change" value="9.000000"/>
  <attribute name="GC Util currently" value="9" />
  <attribute name="CPU Util currently" value="483729554627" />
<allocation-satisfied id="636" threadId="000000000186D700" bytesRequested="24" />
<af-end id="637" timestamp="2019-06-17T05:46:09.021" threadId="000000000186E088" success="true" from="nursery"/>
<exclusive-end id="638" timestamp="2019-06-17T05:46:09.021" durationms="1.419" />

<exclusive-start id="639" timestamp="2019-06-17T05:46:09.028" intervalms="8.883">
  <response-info timems="0.067" idlems="0.067" threads="0" lastid="000000000186D700" lastname="main" />
</exclusive-start>
<af-start id="640" threadId="000000000186E088" totalBytesRequested="32" timestamp="2019-06-17T05:46:09.028" intervalms="8.920" type="nursery" />
<cycle-start id="641" type="scavenge" contextid="0" timestamp="2019-06-17T05:46:09.029" intervalms="8.976" />
<gc-start id="642" type="scavenge" contextid="641" timestamp="2019-06-17T05:46:09.029">
  <mem-info id="643" free="642336" total="8519680" percent="7">
    <mem type="nursery" free="0" total="2228224" percent="0">
      <mem type="allocate" free="0" total="1572864" percent="0" />
      <mem type="survivor" free="0" total="655360" percent="0" />
    </mem>
    <mem type="tenure" free="642336" total="6291456" percent="10">
      <mem type="soa" free="327968" total="5977088" percent="5" />
      <mem type="loa" free="314368" total="314368" percent="100" />
    </mem>
    <remembered-set count="746" />
  </mem-info>
</gc-start>
<allocation-stats totalBytes="1337656" >
  <allocated-bytes non-tlh="24" tlh="1337632" />
  <largest-consumer threadName="main" threadId="000000000186D700" bytes="1337656" />
</allocation-stats>
<gc-op id="644" type="scavenge" timems="0.620" contextid="641" timestamp="2019-06-17T05:46:09.029">
  <scavenger-info tenureage="3" tenuremask="ffe8" tiltratio="70" />
  <memory-copied type="nursery" objects="5695" bytes="218536" bytesdiscarded="55632" />
  <memory-copied type="tenure" objects="1292" bytes="58904" bytesdiscarded="56" />
  <references type="weak" candidates="20" cleared="0" enqueued="0" />
</gc-op>
<gc-end id="645" type="scavenge" contextid="641" durationms="0.974" usertimems="0.000" systemtimems="0.000" timestamp="2019-06-17T05:46:09.030" activeThreads="4">
  <mem-info id="646" free="1967392" total="8519680" percent="23">
    <mem type="nursery" free="1364224" total="2228224" percent="61">
      <mem type="allocate" free="1364224" total="1638400" percent="83" />
      <mem type="survivor" free="0" total="589824" percent="0" />
    </mem>
    <mem type="tenure" free="603168" total="6291456" percent="9">
      <mem type="soa" free="288800" total="5977088" percent="4" />
      <mem type="loa" free="314368" total="314368" percent="100" />
    </mem>
    <remembered-set count="589" />
  </mem-info>
</gc-end>
<cycle-end id="647" type="scavenge" contextid="641" timestamp="2019-06-17T05:46:09.030" />
  <attribute name="elasticGC enabled" value="1" />
  <attribute name= "numThreadsSpecified" value="4" />
  <attribute name="heapSize specified" value="0" />
  <attribute name="Current GC Util" value="10" />
  <attribute name= "Current Time Running" value="7630" />
  <attribute name ="GC Interval" value="200" />
  <attribute name="ProportionalT" value="-10.000000" />
  <attribute name="ProportionalI" value="-10.000000" />
  <attribute name="ProportionalH" value="-10.000000" />
  <attribute name="Current Error" value="-10.000000" />
  <attribute name="IntegralT" value="-90.000000" />
  <attribute name="IntegralI" value="-90.000000" />
  <attribute name="IntegralH" value="-90.000000" />
  <attribute name="DerivativeT" value="-1.111111" />
  <attribute name="DerivativeI" value="-1.111111" />
  <attribute name="DerivativeH" value="-1.111111" />
  <attribute name="Loop Time for DT" value="9.000000" />
  <attribute name="Output H" value="2092630016"/>
  <attribute name="Output I" value="200"/>
  <attribute name="Output T" value="4"/>
  <attribute name="Target GC Util Change" value ="20.000000" />
  <attribute name="Current GC Util Change" value="10.000000"/>
  <attribute name="GC Util currently" value="10" />
  <attribute name="CPU Util currently" value="508645243561" />
<allocation-satisfied id="648" threadId="000000000186D700" bytesRequested="32" />
<af-end id="649" timestamp="2019-06-17T05:46:09.030" threadId="000000000186E088" success="true" from="nursery"/>
<exclusive-end id="650" timestamp="2019-06-17T05:46:09.030" durationms="1.760" />

<exclusive-start id="651" timestamp="2019-06-17T05:46:09.039" intervalms="10.921">
  <response-info timems="0.053" idlems="0.053" threads="0" lastid="000000000186D700" lastname="main" />
</exclusive-start>
<af-start id="652" threadId="000000000186E088" totalBytesRequested="32" timestamp="2019-06-17T05:46:09.039" intervalms="10.880" type="nursery" />
<cycle-start id="653" type="scavenge" contextid="0" timestamp="2019-06-17T05:46:09.039" intervalms="10.829" />
<gc-start id="654" type="scavenge" contextid="653" timestamp="2019-06-17T05:46:09.039">
  <mem-info id="655" free="601288" total="8519680" percent="7">
    <mem type="nursery" free="0" total="2228224" percent="0">
      <mem type="allocate" free="0" total="1638400" percent="0" />
      <mem type="survivor" free="0" total="589824" percent="0" />
    </mem>
    <mem type="tenure" free="601288" total="6291456" percent="9">
      <mem type="soa" free="286920" total="5977088" percent="4" />
      <mem type="loa" free="314368" total="314368" percent="100" />
    </mem>
    <remembered-set count="803" />
  </mem-info>
</gc-start>
<allocation-stats totalBytes="1365920" >
  <allocated-bytes non-tlh="1912" tlh="1364008" />
  <largest-consumer threadName="main" threadId="000000000186D700" bytes="1365920" />
</allocation-stats>
<gc-op id="656" type="scavenge" timems="0.673" contextid="653" timestamp="2019-06-17T05:46:09.040">
  <scavenger-info tenureage="3" tenuremask="ffe8" tiltratio="73" />
  <memory-copied type="nursery" objects="6304" bytes="242048" bytesdiscarded="71280" />
  <memory-copied type="tenure" objects="1236" bytes="48240" bytesdiscarded="16" />
  <references type="weak" candidates="16" cleared="0" enqueued="0" />
</gc-op>
<gc-end id="657" type="scavenge" contextid="653" durationms="0.961" usertimems="0.000" systemtimems="0.000" timestamp="2019-06-17T05:46:09.040" activeThreads="4">
  <mem-info id="658" free="1952712" total="8519680" percent="22">
    <mem type="nursery" free="1390592" total="2228224" percent="62">
      <mem type="allocate" free="1390592" total="1703936" percent="81" />
      <mem type="survivor" free="0" total="524288" percent="0" />
    </mem>
    <mem type="tenure" free="562120" total="6291456" percent="8">
      <mem type="soa" free="247752" total="5977088" percent="4" />
      <mem type="loa" free="314368" total="314368" percent="100" />
    </mem>
    <remembered-set count="703" />
  </mem-info>
</gc-end>
<cycle-end id="659" type="scavenge" contextid="653" timestamp="2019-06-17T05:46:09.041" />
  <attribute name="elasticGC enabled" value="1" />
  <attribute name= "numThreadsSpecified" value="4" />
  <attribute name="heapSize specified" value="0" />
  <attribute name="Current GC Util" value="9" />
  <attribute name= "Current Time Running" value="7641" />
  <attribute name ="GC Interval" value="200" />
  <attribute name="ProportionalT" value="-11.000000" />
  <attribute name="ProportionalI" value="-11.000000" />
  <attribute name="ProportionalH" value="-11.000000" />
  <attribute name="Current Error" value="-11.000000" />
  <attribute name="IntegralT" value="-121.000000" />
  <attribute name="IntegralI" value="-121.000000" />
  <attribute name="IntegralH" value="-121.000000" />
  <attribute name="DerivativeT" value="-1.000000" />
  <attribute name="DerivativeI" value="-1.000000" />
  <attribute name="DerivativeH" value="-1.000000" />
  <attribute name="Loop Time for DT" value="11.000000" />
  <attribute name="Output H" value="2092630016"/>
  <attribute name="Output I" value="200"/>
  <attribute name="Output T" value="4"/>
  <attribute name="Target GC Util Change" value ="20.000000" />
  <attribute name="Current GC Util Change" value="9.000000"/>
  <attribute name="GC Util currently" value="9" />
  <attribute name="CPU Util currently" value="429692588329" />
<allocation-satisfied id="660" threadId="000000000186D700" bytesRequested="32" />
<af-end id="661" timestamp="2019-06-17T05:46:09.041" threadId="000000000186E088" success="true" from="nursery"/>
<exclusive-end id="662" timestamp="2019-06-17T05:46:09.041" durationms="1.569" />

<exclusive-start id="663" timestamp="2019-06-17T05:46:09.053" intervalms="13.589">
  <response-info timems="0.066" idlems="0.066" threads="0" lastid="000000000186D700" lastname="main" />
</exclusive-start>
<af-start id="664" threadId="000000000186E088" totalBytesRequested="48" timestamp="2019-06-17T05:46:09.053" intervalms="13.594" type="nursery" />
<cycle-start id="665" type="scavenge" contextid="0" timestamp="2019-06-17T05:46:09.053" intervalms="13.558" />
<gc-start id="666" type="scavenge" contextid="665" timestamp="2019-06-17T05:46:09.053">
  <mem-info id="667" free="561832" total="8519680" percent="6">
    <mem type="nursery" free="0" total="2228224" percent="0">
      <mem type="allocate" free="0" total="1703936" percent="0" />
      <mem type="survivor" free="0" total="524288" percent="0" />
    </mem>
    <mem type="tenure" free="561832" total="6291456" percent="8">
      <mem type="soa" free="247464" total="5977088" percent="4" />
      <mem type="loa" free="314368" total="314368" percent="100" />
    </mem>
    <remembered-set count="874" />
  </mem-info>
</gc-start>
<allocation-stats totalBytes="1390584" >
  <allocated-bytes non-tlh="320" tlh="1390264" />
  <largest-consumer threadName="main" threadId="000000000186D700" bytes="1390584" />
</allocation-stats>
<gc-op id="668" type="scavenge" timems="0.631" contextid="665" timestamp="2019-06-17T05:46:09.054">
  <scavenger-info tenureage="3" tenuremask="ffe8" tiltratio="76" />
  <memory-copied type="nursery" objects="9037" bytes="378280" bytesdiscarded="49488" />
  <memory-copied type="tenure" objects="2236" bytes="81752" bytesdiscarded="0" />
  <references type="weak" candidates="16" cleared="0" enqueued="0" />
</gc-op>
<gc-end id="669" type="scavenge" contextid="665" durationms="0.933" usertimems="0.000" systemtimems="0.000" timestamp="2019-06-17T05:46:09.054" activeThreads="4">
  <mem-info id="670" free="1733288" total="8519680" percent="20">
    <mem type="nursery" free="1210624" total="2228224" percent="54">
      <mem type="allocate" free="1210624" total="1638400" percent="73" />
      <mem type="survivor" free="0" total="589824" percent="0" />
    </mem>
    <mem type="tenure" free="522664" total="6291456" percent="8">
      <mem type="soa" free="208296" total="5977088" percent="3" />
      <mem type="loa" free="314368" total="314368" percent="100" />
    </mem>
    <remembered-set count="683" />
  </mem-info>
</gc-end>
<cycle-end id="671" type="scavenge" contextid="665" timestamp="2019-06-17T05:46:09.054" />
  <attribute name="elasticGC enabled" value="1" />
  <attribute name= "numThreadsSpecified" value="4" />
  <attribute name="heapSize specified" value="0" />
  <attribute name="Current GC Util" value="7" />
  <attribute name= "Current Time Running" value="7654" />
  <attribute name ="GC Interval" value="200" />
  <attribute name="ProportionalT" value="-13.000000" />
  <attribute name="ProportionalI" value="-13.000000" />
  <attribute name="ProportionalH" value="-13.000000" />
  <attribute name="Current Error" value="-13.000000" />
  <attribute name="IntegralT" value="-169.000000" />
  <attribute name="IntegralI" value="-169.000000" />
  <attribute name="IntegralH" value="-169.000000" />
  <attribute name="DerivativeT" value="-1.000000" />
  <attribute name="DerivativeI" value="-1.000000" />
  <attribute name="DerivativeH" value="-1.000000" />
  <attribute name="Loop Time for DT" value="13.000000" />
  <attribute name="Output H" value="2092630016"/>
  <attribute name="Output I" value="200"/>
  <attribute name="Output T" value="4"/>
  <attribute name="Target GC Util Change" value ="20.000000" />
  <attribute name="Current GC Util Change" value="7.000000"/>
  <attribute name="GC Util currently" value="7" />
  <attribute name="CPU Util currently" value="341832538190" />
<allocation-satisfied id="672" threadId="000000000186D700" bytesRequested="48" />
<af-end id="673" timestamp="2019-06-17T05:46:09.054" threadId="000000000186E088" success="true" from="nursery"/>
<exclusive-end id="674" timestamp="2019-06-17T05:46:09.054" durationms="1.682" />

<exclusive-start id="675" timestamp="2019-06-17T05:46:09.069" intervalms="15.922">
  <response-info timems="0.059" idlems="0.059" threads="0" lastid="000000000186D700" lastname="main" />
</exclusive-start>
<af-start id="676" threadId="000000000186E088" totalBytesRequested="16392" timestamp="2019-06-17T05:46:09.069" intervalms="15.940" type="nursery" />
<cycle-start id="677" type="scavenge" contextid="0" timestamp="2019-06-17T05:46:09.069" intervalms="15.997" />
<gc-start id="678" type="scavenge" contextid="677" timestamp="2019-06-17T05:46:09.069">
  <mem-info id="679" free="522664" total="8519680" percent="6">
    <mem type="nursery" free="0" total="2228224" percent="0">
      <mem type="allocate" free="0" total="1638400" percent="0" />
      <mem type="survivor" free="0" total="589824" percent="0" />
    </mem>
    <mem type="tenure" free="522664" total="6291456" percent="8">
      <mem type="soa" free="208296" total="5977088" percent="3" />
      <mem type="loa" free="314368" total="314368" percent="100" />
    </mem>
    <remembered-set count="720" />
  </mem-info>
</gc-start>
<allocation-stats totalBytes="1196776" >
  <allocated-bytes non-tlh="48" tlh="1196728" />
  <largest-consumer threadName="main" threadId="000000000186D700" bytes="1196776" />
</allocation-stats>
<gc-op id="680" type="scavenge" timems="0.673" contextid="677" timestamp="2019-06-17T05:46:09.070">
  <scavenger-info tenureage="3" tenuremask="ffe8" tiltratio="73" />
  <memory-copied type="nursery" objects="10128" bytes="458800" bytesdiscarded="100048" />
  <memory-copied type="tenure" objects="1941" bytes="81512" bytesdiscarded="376" />
  <references type="weak" candidates="16" cleared="0" enqueued="0" />
</gc-op>
<gc-end id="681" type="scavenge" contextid="677" durationms="1.139" usertimems="0.000" systemtimems="0.000" timestamp="2019-06-17T05:46:09.070" activeThreads="4">
  <mem-info id="682" free="1431712" total="8519680" percent="16">
    <mem type="nursery" free="1079544" total="2228224" percent="48">
      <mem type="allocate" free="1079544" total="1638400" percent="65" />
      <mem type="survivor" free="0" total="589824" percent="0" />
    </mem>
    <mem type="tenure" free="352168" total="6291456" percent="5">
      <mem type="soa" free="37800" total="5977088" percent="0" />
      <mem type="loa" free="314368" total="314368" percent="100" />
    </mem>
    <remembered-set count="529" />
  </mem-info>
</gc-end>
<cycle-end id="683" type="scavenge" contextid="677" timestamp="2019-06-17T05:46:09.070" />
  <attribute name="elasticGC enabled" value="1" />
  <attribute name= "numThreadsSpecified" value="4" />
  <attribute name="heapSize specified" value="0" />
  <attribute name="Current GC Util" value="8" />
  <attribute name= "Current Time Running" value="7670" />
  <attribute name ="GC Interval" value="200" />
  <attribute name="ProportionalT" value="-12.000000" />
  <attribute name="ProportionalI" value="-12.000000" />
  <attribute name="ProportionalH" value="-12.000000" />
  <attribute name="Current Error" value="-12.000000" />
  <attribute name="IntegralT" value="-192.000000" />
  <attribute name="IntegralI" value="-192.000000" />
  <attribute name="IntegralH" value="-192.000000" />
  <attribute name="DerivativeT" value="-0.750000" />
  <attribute name="DerivativeI" value="-0.750000" />
  <attribute name="DerivativeH" value="-0.750000" />
  <attribute name="Loop Time for DT" value="16.000000" />
  <attribute name="Output H" value="2092630016"/>
  <attribute name="Output I" value="200"/>
  <attribute name="Output T" value="4"/>
  <attribute name="Target GC Util Change" value ="20.000000" />
  <attribute name="Current GC Util Change" value="8.000000"/>
  <attribute name="GC Util currently" value="8" />
  <attribute name="CPU Util currently" value="284605006359" />
<allocation-satisfied id="684" threadId="000000000186D700" bytesRequested="16392" />
<af-end id="685" timestamp="2019-06-17T05:46:09.070" threadId="000000000186E088" success="true" from="nursery"/>
<exclusive-end id="686" timestamp="2019-06-17T05:46:09.071" durationms="1.907" />

<concurrent-kickoff id="687" timestamp="2019-06-17T05:46:09.080">
  <kickoff reason="threshold reached" targetBytes="1867303" thresholdFreeBytes="258041"  remainingFree="162032" tenureFreeBytes="352168" nurseryFreeBytes="162032" />
</concurrent-kickoff>
<exclusive-start id="688" timestamp="2019-06-17T05:46:09.080" intervalms="11.533">
  <response-info timems="0.065" idlems="0.065" threads="0" lastid="000000000186D700" lastname="main" />
</exclusive-start>
<cycle-start id="689" type="global" contextid="0" timestamp="2019-06-17T05:46:09.080" intervalms="7797.091" />
<exclusive-end id="690" timestamp="2019-06-17T05:46:09.080" durationms="0.323" />

<exclusive-start id="691" timestamp="2019-06-17T05:46:09.085" intervalms="5.065">
  <response-info timems="0.011" idlems="0.011" threads="0" lastid="000000000186D700" lastname="main" />
</exclusive-start>
<concurrent-collection-start id="692" timestamp="2019-06-17T05:46:09.085" intervalms="7802.050" >
  <concurrent-trace-info reason="card cleaning threshold reached" tracedByMutators="952" tracedByHelpers="1757852" cardsCleaned="5" workStackOverflowCount="0" />
</concurrent-collection-start>
<gc-start id="693" type="global" contextid="689" timestamp="2019-06-17T05:46:09.086">
  <mem-info id="694" free="351896" total="8519680" percent="4">
    <mem type="nursery" free="0" total="2228224" percent="0">
      <mem type="allocate" free="0" total="1638400" percent="0" />
      <mem type="survivor" free="0" total="589824" percent="0" />
    </mem>
    <mem type="tenure" free="351896" total="6291456" percent="5">
      <mem type="soa" free="37528" total="5977088" percent="0" />
      <mem type="loa" free="314368" total="314368" percent="100" />
    </mem>
    <remembered-set count="537" />
  </mem-info>
</gc-start>
<allocation-stats totalBytes="1036432" >
  <allocated-bytes non-tlh="16664" tlh="1019768" />
  <largest-consumer threadName="main" threadId="000000000186D700" bytes="1036432" />
</allocation-stats>
<gc-op id="695" type="rs-scan" timems="0.406" contextid="689" timestamp="2019-06-17T05:46:09.086">
  <scan objectsFound="82" bytesTraced="8524" workStackOverflowCount="0" />
</gc-op>
<gc-op id="696" type="card-cleaning" timems="0.184" contextid="689" timestamp="2019-06-17T05:46:09.087">
  <card-cleaning cardsCleaned="1" bytesTraced="1688" workStackOverflowCount="0" />
</gc-op>
<gc-op id="697" type="mark" timems="1.628" contextid="689" timestamp="2019-06-17T05:46:09.088">
  <trace-info objectcount="95" scancount="92" scanbytes="2360" />
  <finalization candidates="80" enqueued="0" />
  <ownableSynchronizers candidates="21" cleared="0" />
  <references type="soft" candidates="1096" cleared="0" enqueued="0" dynamicThreshold="32" maxThreshold="32" />
  <references type="weak" candidates="3837" cleared="77" enqueued="39" />
  <references type="phantom" candidates="71" cleared="0" enqueued="0" />
  <stringconstants candidates="7865" cleared="12"  />
</gc-op>
<gc-op id="698" type="classunload" timems="0.120" contextid="689" timestamp="2019-06-17T05:46:09.088">
  <classunload-info classloadercandidates="13" classloadersunloaded="0" classesunloaded="0" anonymousclassesunloaded="0" quiescems="0.000" setupms="0.120" scanms="0.000" postms="0.000" />
</gc-op>
<gc-op id="699" type="sweep" timems="0.650" contextid="689" timestamp="2019-06-17T05:46:09.089" />
<mem-info id="700" free="3946136" total="8519680" percent="46">
  <mem type="nursery" free="1585304" total="2228224" percent="71">
    <mem type="allocate" free="1585304" total="1638400" percent="96" />
    <mem type="survivor" free="0" total="589824" percent="0" />
  </mem>
  <mem type="tenure" free="2360832" total="6291456" percent="37" micro-fragmented="64512" macro-fragmented="0">
    <mem type="soa" free="2046464" total="5977088" percent="34" />
    <mem type="loa" free="314368" total="314368" percent="100" />
  </mem>
  <pending-finalizers system="0" default="0" reference="39" classloader="0" />
  <remembered-set count="106" />
</mem-info>
<gc-op id="701" type="compact" timems="14.130" contextid="689" timestamp="2019-06-17T05:46:09.104">
  <compact-info movecount="58795" movebytes="3704264" reason="compact to aid heap contraction" />
</gc-op>
<heap-resize id="702" type="contract" space="tenure" amount="131072" count="1" timems="0.271" reason="heap reconfiguration" timestamp="2019-06-17T05:46:09.105" />
<gc-end id="703" type="global" contextid="689" durationms="19.015" usertimems="20.000" systemtimems="0.000" timestamp="2019-06-17T05:46:09.105" activeThreads="4">
  <mem-info id="704" free="3910712" total="8388608" percent="46">
    <mem type="nursery" free="1587432" total="2228224" percent="71">
      <mem type="allocate" free="1587432" total="1638400" percent="96" />
      <mem type="survivor" free="0" total="589824" percent="0" />
    </mem>
    <mem type="tenure" free="2323280" total="6160384" percent="37">
      <mem type="soa" free="2016080" total="5853184" percent="34" />
      <mem type="loa" free="307200" total="307200" percent="100" />
    </mem>
    <pending-finalizers system="0" default="0" reference="39" classloader="0" />
    <remembered-set count="106" />
  </mem-info>
</gc-end>
<cycle-end id="705" type="global" contextid="689" timestamp="2019-06-17T05:46:09.105" />
  <attribute name="elasticGC enabled" value="1" />
  <attribute name= "numThreadsSpecified" value="4" />
  <attribute name="heapSize specified" value="8519680" />
  <attribute name="Current GC Util" value="22" />
  <attribute name= "Current Time Running" value="7705" />
  <attribute name ="GC Interval" value="200" />
  <attribute name="ProportionalT" value="2.000000" />
  <attribute name="ProportionalI" value="2.000000" />
  <attribute name="ProportionalH" value="2.000000" />
  <attribute name="Current Error" value="2.000000" />
  <attribute name="IntegralT" value="28.000000" />
  <attribute name="IntegralI" value="28.000000" />
  <attribute name="IntegralH" value="28.000000" />
  <attribute name="DerivativeT" value="0.142857" />
  <attribute name="DerivativeI" value="0.142857" />
  <attribute name="DerivativeH" value="0.142857" />
  <attribute name="Loop Time for DT" value="14.000000" />
  <attribute name="Output H" value="8388608"/>
  <attribute name="Output I" value="200"/>
  <attribute name="Output T" value="4"/>
  <attribute name="Target GC Util Change" value ="20.000000" />
  <attribute name="Current GC Util Change" value="22.000000"/>
  <attribute name="GC Util currently" value="22" />
  <attribute name="CPU Util currently" value="322452727368" />
<concurrent-collection-end id="706" timestamp="2019-06-17T05:46:09.105" />
<exclusive-end id="707" timestamp="2019-06-17T05:46:09.105" durationms="19.770" />

<exclusive-start id="708" timestamp="2019-06-17T05:46:09.144" intervalms="58.883">
  <response-info timems="0.075" idlems="0.075" threads="0" lastid="000000000186D700" lastname="main" />
</exclusive-start>
<af-start id="709" threadId="000000000186E088" totalBytesRequested="2008" timestamp="2019-06-17T05:46:09.144" intervalms="75.466" type="nursery" />
<cycle-start id="710" type="scavenge" contextid="0" timestamp="2019-06-17T05:46:09.144" intervalms="75.438" />
<gc-start id="711" type="scavenge" contextid="710" timestamp="2019-06-17T05:46:09.144">
  <mem-info id="712" free="2265992" total="8388608" percent="27">
    <mem type="nursery" free="0" total="2228224" percent="0">
      <mem type="allocate" free="0" total="1638400" percent="0" />
      <mem type="survivor" free="0" total="589824" percent="0" />
    </mem>
    <mem type="tenure" free="2265992" total="6160384" percent="36">
      <mem type="soa" free="1958792" total="5853184" percent="33" />
      <mem type="loa" free="307200" total="307200" percent="100" />
    </mem>
    <remembered-set count="763" />
  </mem-info>
</gc-start>
<allocation-stats totalBytes="1626240" >
  <allocated-bytes non-tlh="257296" tlh="1368944" />
  <largest-consumer threadName="main" threadId="000000000186D700" bytes="1617992" />
</allocation-stats>
<gc-op id="713" type="scavenge" timems="0.645" contextid="710" timestamp="2019-06-17T05:46:09.145">
  <scavenger-info tenureage="3" tenuremask="ffe8" tiltratio="73" />
  <memory-copied type="nursery" objects="4711" bytes="514960" bytesdiscarded="1992" />
  <memory-copied type="tenure" objects="56" bytes="1752" bytesdiscarded="0" />
  <ownableSynchronizers candidates="42" cleared="42" />
  <references type="soft" candidates="226" cleared="0" enqueued="0" dynamicThreshold="12" maxThreshold="32" />
  <references type="weak" candidates="394" cleared="22" enqueued="16" />
  <references type="phantom" candidates="1" cleared="0" enqueued="0" />
</gc-op>
<gc-end id="714" type="scavenge" contextid="710" durationms="0.935" usertimems="0.000" systemtimems="0.000" timestamp="2019-06-17T05:46:09.145" activeThreads="4">
  <mem-info id="715" free="3282520" total="8388608" percent="39">
    <mem type="nursery" free="1055696" total="2228224" percent="47">
      <mem type="allocate" free="1055696" total="1572864" percent="67" />
      <mem type="survivor" free="0" total="655360" percent="0" />
    </mem>
    <mem type="tenure" free="2226824" total="6160384" percent="36">
      <mem type="soa" free="1919624" total="5853184" percent="32" />
      <mem type="loa" free="307200" total="307200" percent="100" />
    </mem>
    <pending-finalizers system="0" default="0" reference="16" classloader="0" />
    <remembered-set count="739" />
  </mem-info>
</gc-end>
<cycle-end id="716" type="scavenge" contextid="710" timestamp="2019-06-17T05:46:09.146" />
  <attribute name="elasticGC enabled" value="1" />
  <attribute name= "numThreadsSpecified" value="4" />
  <attribute name="heapSize specified" value="8519680" />
  <attribute name="Current GC Util" value="37" />
  <attribute name= "Current Time Running" value="7746" />
  <attribute name ="GC Interval" value="720" />
  <attribute name="ProportionalT" value="17.000000" />
  <attribute name="ProportionalI" value="17.000000" />
  <attribute name="ProportionalH" value="17.000000" />
  <attribute name="Current Error" value="17.000000" />
  <attribute name="IntegralT" value="697.000000" />
  <attribute name="IntegralI" value="697.000000" />
  <attribute name="IntegralH" value="697.000000" />
  <attribute name="DerivativeT" value="0.365854" />
  <attribute name="DerivativeI" value="0.365854" />
  <attribute name="DerivativeH" value="0.365854" />
  <attribute name="Loop Time for DT" value="41.000000" />
  <attribute name="Output H" value="8388608"/>
  <attribute name="Output I" value="720"/>
  <attribute name="Output T" value="4"/>
  <attribute name="Target GC Util Change" value ="20.000000" />
  <attribute name="Current GC Util Change" value="37.000000"/>
  <attribute name="GC Util currently" value="37" />
  <attribute name="CPU Util currently" value="113457153994" />
<allocation-satisfied id="717" threadId="000000000186D700" bytesRequested="2008" />
<af-end id="718" timestamp="2019-06-17T05:46:09.146" threadId="000000000186E088" success="true" from="nursery"/>
<exclusive-end id="719" timestamp="2019-06-17T05:46:09.146" durationms="1.768" />

<exclusive-start id="720" timestamp="2019-06-17T05:46:09.157" intervalms="12.756">
  <response-info timems="0.060" idlems="0.060" threads="0" lastid="000000000186D700" lastname="main" />
</exclusive-start>
<af-start id="721" threadId="000000000186E088" totalBytesRequested="24" timestamp="2019-06-17T05:46:09.157" intervalms="12.754" type="nursery" />
<cycle-start id="722" type="scavenge" contextid="0" timestamp="2019-06-17T05:46:09.157" intervalms="12.817" />
<gc-start id="723" type="scavenge" contextid="722" timestamp="2019-06-17T05:46:09.157">
  <mem-info id="724" free="2226216" total="8388608" percent="26">
    <mem type="nursery" free="0" total="2228224" percent="0">
      <mem type="allocate" free="0" total="1572864" percent="0" />
      <mem type="survivor" free="0" total="655360" percent="0" />
    </mem>
    <mem type="tenure" free="2226216" total="6160384" percent="36">
      <mem type="soa" free="1919016" total="5853184" percent="32" />
      <mem type="loa" free="307200" total="307200" percent="100" />
    </mem>
    <remembered-set count="754" />
  </mem-info>
</gc-start>
<allocation-stats totalBytes="1055312" >
  <allocated-bytes non-tlh="2616" tlh="1052696" />
  <largest-consumer threadName="main" threadId="000000000186D700" bytes="1051216" />
</allocation-stats>
<gc-op id="725" type="scavenge" timems="0.722" contextid="722" timestamp="2019-06-17T05:46:09.158">
  <scavenger-info tenureage="5" tenuremask="ffe0" tiltratio="70" />
  <memory-copied type="nursery" objects="7011" bytes="655120" bytesdiscarded="112" />
  <memory-copied type="tenure" objects="2409" bytes="88584" bytesdiscarded="0" />
  <copy-failed type="nursery" objects="2409" bytes="88600" />
  <references type="soft" candidates="221" cleared="0" enqueued="0" dynamicThreshold="12" maxThreshold="32" />
  <references type="weak" candidates="173" cleared="0" enqueued="0" />
  <references type="phantom" candidates="1" cleared="0" enqueued="0" />
</gc-op>
<heap-resize id="726" type="expand" space="nursery" amount="131072" count="1" timems="0.014" reason="excessive time being spent scavenging" timestamp="2019-06-17T05:46:09.158" />
<gc-end id="727" type="scavenge" contextid="722" durationms="1.303" usertimems="0.000" systemtimems="0.000" timestamp="2019-06-17T05:46:09.159" activeThreads="4">
  <mem-info id="728" free="2619176" total="8519680" percent="30">
    <mem type="nursery" free="524288" total="2359296" percent="22">
      <mem type="allocate" free="524288" total="1179648" percent="44" />
      <mem type="survivor" free="0" total="1179648" percent="0" />
    </mem>
    <mem type="tenure" free="2094888" total="6160384" percent="34">
      <mem type="soa" free="1787688" total="5853184" percent="30" />
      <mem type="loa" free="307200" total="307200" percent="100" />
    </mem>
    <remembered-set count="1956" />
  </mem-info>
</gc-end>
<cycle-end id="729" type="scavenge" contextid="722" timestamp="2019-06-17T05:46:09.159" />
  <attribute name="elasticGC enabled" value="1" />
  <attribute name= "numThreadsSpecified" value="4" />
  <attribute name="heapSize specified" value="8519680" />
  <attribute name="Current GC Util" value="8" />
  <attribute name= "Current Time Running" value="7759" />
  <attribute name ="GC Interval" value="200" />
  <attribute name="ProportionalT" value="-12.000000" />
  <attribute name="ProportionalI" value="-12.000000" />
  <attribute name="ProportionalH" value="-12.000000" />
  <attribute name="Current Error" value="-12.000000" />
  <attribute name="IntegralT" value="-156.000000" />
  <attribute name="IntegralI" value="-156.000000" />
  <attribute name="IntegralH" value="-156.000000" />
  <attribute name="DerivativeT" value="-2.230769" />
  <attribute name="DerivativeI" value="-2.230769" />
  <attribute name="DerivativeH" value="-2.230769" />
  <attribute name="Loop Time for DT" value="13.000000" />
  <attribute name="Output H" value="2092630016"/>
  <attribute name="Output I" value="200"/>
  <attribute name="Output T" value="4"/>
  <attribute name="Target GC Util Change" value ="20.000000" />
  <attribute name="Current GC Util Change" value="8.000000"/>
  <attribute name="GC Util currently" value="8" />
  <attribute name="CPU Util currently" value="355192675608" />
<allocation-satisfied id="730" threadId="000000000186D700" bytesRequested="24" />
<af-end id="731" timestamp="2019-06-17T05:46:09.159" threadId="000000000186E088" success="true" from="nursery"/>
<exclusive-end id="732" timestamp="2019-06-17T05:46:09.159" durationms="2.027" />

<exclusive-start id="733" timestamp="2019-06-17T05:46:09.161" intervalms="3.689">
  <response-info timems="0.060" idlems="0.060" threads="0" lastid="000000000186D700" lastname="main" />
</exclusive-start>
<af-start id="734" threadId="000000000186E088" totalBytesRequested="32" timestamp="2019-06-17T05:46:09.161" intervalms="3.637" type="nursery" />
<cycle-start id="735" type="scavenge" contextid="0" timestamp="2019-06-17T05:46:09.161" intervalms="3.581" />
<gc-start id="736" type="scavenge" contextid="735" timestamp="2019-06-17T05:46:09.161">
  <mem-info id="737" free="2094888" total="8519680" percent="24">
    <mem type="nursery" free="0" total="2359296" percent="0">
      <mem type="allocate" free="0" total="1179648" percent="0" />
      <mem type="survivor" free="0" total="1179648" percent="0" />
    </mem>
    <mem type="tenure" free="2094888" total="6160384" percent="34">
      <mem type="soa" free="1787688" total="5853184" percent="30" />
      <mem type="loa" free="307200" total="307200" percent="100" />
    </mem>
    <remembered-set count="1956" />
  </mem-info>
</gc-start>
<allocation-stats totalBytes="524144" >
  <allocated-bytes non-tlh="24" tlh="524120" />
  <largest-consumer threadName="main" threadId="000000000186D700" bytes="524144" />
</allocation-stats>
<gc-op id="738" type="scavenge" timems="0.661" contextid="735" timestamp="2019-06-17T05:46:09.162">
  <scavenger-info tenureage="2" tenuremask="fffc" tiltratio="50" />
  <memory-copied type="nursery" objects="4236" bytes="205320" bytesdiscarded="157600" />
  <memory-copied type="tenure" objects="3822" bytes="488496" bytesdiscarded="24" />
  <references type="weak" candidates="2" cleared="0" enqueued="0" />
</gc-op>
<gc-end id="739" type="scavenge" contextid="735" durationms="0.843" usertimems="4.000" systemtimems="0.000" timestamp="2019-06-17T05:46:09.162" activeThreads="4">
  <mem-info id="740" free="2489168" total="8519680" percent="29">
    <mem type="nursery" free="947792" total="2359296" percent="40">
      <mem type="allocate" free="947792" total="1310720" percent="72" />
      <mem type="survivor" free="0" total="1048576" percent="0" />
    </mem>
    <mem type="tenure" free="1541376" total="6160384" percent="25">
      <mem type="soa" free="1234176" total="5853184" percent="21" />
      <mem type="loa" free="307200" total="307200" percent="100" />
    </mem>
    <remembered-set count="110" />
  </mem-info>
</gc-end>
<cycle-end id="741" type="scavenge" contextid="735" timestamp="2019-06-17T05:46:09.162" />
  <attribute name="elasticGC enabled" value="1" />
  <attribute name= "numThreadsSpecified" value="4" />
  <attribute name="heapSize specified" value="8519680" />
  <attribute name="Current GC Util" value="44" />
  <attribute name= "Current Time Running" value="7762" />
  <attribute name ="GC Interval" value="200" />
  <attribute name="ProportionalT" value="24.000000" />
  <attribute name="ProportionalI" value="24.000000" />
  <attribute name="ProportionalH" value="24.000000" />
  <attribute name="Current Error" value="24.000000" />
  <attribute name="IntegralT" value="72.000000" />
  <attribute name="IntegralI" value="72.000000" />
  <attribute name="IntegralH" value="72.000000" />
  <attribute name="DerivativeT" value="8.000000" />
  <attribute name="DerivativeI" value="8.000000" />
  <attribute name="DerivativeH" value="8.000000" />
  <attribute name="Loop Time for DT" value="3.000000" />
  <attribute name="Output H" value="8388608"/>
  <attribute name="Output I" value="200"/>
  <attribute name="Output T" value="4"/>
  <attribute name="Target GC Util Change" value ="20.000000" />
  <attribute name="Current GC Util Change" value="44.000000"/>
  <attribute name="GC Util currently" value="44" />
  <attribute name="CPU Util currently" value="1398256007485" />
<allocation-satisfied id="742" threadId="000000000186D700" bytesRequested="32" />
<af-end id="743" timestamp="2019-06-17T05:46:09.162" threadId="000000000186E088" success="true" from="nursery"/>
<exclusive-end id="744" timestamp="2019-06-17T05:46:09.162" durationms="1.361" />

<exclusive-start id="745" timestamp="2019-06-17T05:46:09.165" intervalms="4.253">
  <response-info timems="0.026" idlems="0.026" threads="0" lastid="000000000186D700" lastname="main" />
</exclusive-start>
<af-start id="746" threadId="000000000186E088" totalBytesRequested="32" timestamp="2019-06-17T05:46:09.165" intervalms="4.291" type="nursery" />
<cycle-start id="747" type="scavenge" contextid="0" timestamp="2019-06-17T05:46:09.165" intervalms="4.255" />
<gc-start id="748" type="scavenge" contextid="747" timestamp="2019-06-17T05:46:09.165">
  <mem-info id="749" free="1541376" total="8519680" percent="18">
    <mem type="nursery" free="0" total="2359296" percent="0">
      <mem type="allocate" free="0" total="1310720" percent="0" />
      <mem type="survivor" free="0" total="1048576" percent="0" />
    </mem>
    <mem type="tenure" free="1541376" total="6160384" percent="25">
      <mem type="soa" free="1234176" total="5853184" percent="21" />
      <mem type="loa" free="307200" total="307200" percent="100" />
    </mem>
    <remembered-set count="110" />
  </mem-info>
</gc-start>
<allocation-stats totalBytes="947688" >
  <allocated-bytes non-tlh="32" tlh="947656" />
  <largest-consumer threadName="main" threadId="000000000186D700" bytes="947688" />
</allocation-stats>
<gc-op id="750" type="scavenge" timems="0.523" contextid="747" timestamp="2019-06-17T05:46:09.166">
  <scavenger-info tenureage="4" tenuremask="fff0" tiltratio="55" />
  <memory-copied type="nursery" objects="6411" bytes="284264" bytesdiscarded="82064" />
  <references type="weak" candidates="2" cleared="0" enqueued="0" />
</gc-op>
<gc-end id="751" type="scavenge" contextid="747" durationms="0.973" usertimems="4.000" systemtimems="0.000" timestamp="2019-06-17T05:46:09.166" activeThreads="4">
  <mem-info id="752" free="2616832" total="8519680" percent="30">
    <mem type="nursery" free="1075456" total="2359296" percent="45">
      <mem type="allocate" free="1075456" total="1441792" percent="74" />
      <mem type="survivor" free="0" total="917504" percent="0" />
    </mem>
    <mem type="tenure" free="1541376" total="6160384" percent="25">
      <mem type="soa" free="1234176" total="5853184" percent="21" />
      <mem type="loa" free="307200" total="307200" percent="100" />
    </mem>
    <remembered-set count="97" />
  </mem-info>
</gc-end>
<cycle-end id="753" type="scavenge" contextid="747" timestamp="2019-06-17T05:46:09.166" />
  <attribute name="elasticGC enabled" value="1" />
  <attribute name= "numThreadsSpecified" value="4" />
  <attribute name="heapSize specified" value="8519680" />
  <attribute name="Current GC Util" value="29" />
  <attribute name= "Current Time Running" value="7766" />
  <attribute name ="GC Interval" value="200" />
  <attribute name="ProportionalT" value="9.000000" />
  <attribute name="ProportionalI" value="9.000000" />
  <attribute name="ProportionalH" value="9.000000" />
  <attribute name="Current Error" value="9.000000" />
  <attribute name="IntegralT" value="36.000000" />
  <attribute name="IntegralI" value="36.000000" />
  <attribute name="IntegralH" value="36.000000" />
  <attribute name="DerivativeT" value="-3.750000" />
  <attribute name="DerivativeI" value="-3.750000" />
  <attribute name="DerivativeH" value="-3.750000" />
  <attribute name="Loop Time for DT" value="4.000000" />
  <attribute name="Output H" value="8388608"/>
  <attribute name="Output I" value="200"/>
  <attribute name="Output T" value="4"/>
  <attribute name="Target GC Util Change" value ="20.000000" />
  <attribute name="Current GC Util Change" value="29.000000"/>
  <attribute name="GC Util currently" value="29" />
  <attribute name="CPU Util currently" value="1017232818397" />
<allocation-satisfied id="754" threadId="000000000186D700" bytesRequested="32" />
<af-end id="755" timestamp="2019-06-17T05:46:09.166" threadId="000000000186E088" success="true" from="nursery"/>
<exclusive-end id="756" timestamp="2019-06-17T05:46:09.166" durationms="1.670" />

<exclusive-start id="757" timestamp="2019-06-17T05:46:09.169" intervalms="4.494">
  <response-info timems="0.068" idlems="0.068" threads="0" lastid="000000000186D700" lastname="main" />
</exclusive-start>
<af-start id="758" threadId="000000000186E088" totalBytesRequested="32" timestamp="2019-06-17T05:46:09.169" intervalms="4.513" type="nursery" />
<cycle-start id="759" type="scavenge" contextid="0" timestamp="2019-06-17T05:46:09.170" intervalms="4.550" />
<gc-start id="760" type="scavenge" contextid="759" timestamp="2019-06-17T05:46:09.170">
  <mem-info id="761" free="1541376" total="8519680" percent="18">
    <mem type="nursery" free="0" total="2359296" percent="0">
      <mem type="allocate" free="0" total="1441792" percent="0" />
      <mem type="survivor" free="0" total="917504" percent="0" />
    </mem>
    <mem type="tenure" free="1541376" total="6160384" percent="25">
      <mem type="soa" free="1234176" total="5853184" percent="21" />
      <mem type="loa" free="307200" total="307200" percent="100" />
    </mem>
    <remembered-set count="97" />
  </mem-info>
</gc-start>
<allocation-stats totalBytes="1075312" >
  <allocated-bytes non-tlh="32" tlh="1075280" />
  <largest-consumer threadName="main" threadId="000000000186D700" bytes="1075312" />
</allocation-stats>
<gc-op id="762" type="scavenge" timems="0.722" contextid="759" timestamp="2019-06-17T05:46:09.170">
  <scavenger-info tenureage="3" tenuremask="fff8" tiltratio="61" />
  <memory-copied type="nursery" objects="4787" bytes="179440" bytesdiscarded="47120" />
  <memory-copied type="tenure" objects="3106" bytes="163800" bytesdiscarded="32" />
</gc-op>
<gc-end id="763" type="scavenge" contextid="759" durationms="0.899" usertimems="4.000" systemtimems="0.000" timestamp="2019-06-17T05:46:09.170" activeThreads="4">
  <mem-info id="764" free="2778624" total="8519680" percent="32">
    <mem type="nursery" free="1346304" total="2359296" percent="57">
      <mem type="allocate" free="1346304" total="1572864" percent="85" />
      <mem type="survivor" free="0" total="786432" percent="0" />
    </mem>
    <mem type="tenure" free="1432320" total="6160384" percent="23">
      <mem type="soa" free="1125120" total="5853184" percent="19" />
      <mem type="loa" free="307200" total="307200" percent="100" />
    </mem>
    <remembered-set count="509" />
  </mem-info>
</gc-end>
<cycle-end id="765" type="scavenge" contextid="759" timestamp="2019-06-17T05:46:09.171" />
  <attribute name="elasticGC enabled" value="1" />
  <attribute name= "numThreadsSpecified" value="4" />
  <attribute name="heapSize specified" value="8519680" />
  <attribute name="Current GC Util" value="22" />
  <attribute name= "Current Time Running" value="7771" />
  <attribute name ="GC Interval" value="200" />
  <attribute name="ProportionalT" value="2.000000" />
  <attribute name="ProportionalI" value="2.000000" />
  <attribute name="ProportionalH" value="2.000000" />
  <attribute name="Current Error" value="2.000000" />
  <attribute name="IntegralT" value="10.000000" />
  <attribute name="IntegralI" value="10.000000" />
  <attribute name="IntegralH" value="10.000000" />
  <attribute name="DerivativeT" value="-1.400000" />
  <attribute name="DerivativeI" value="-1.400000" />
  <attribute name="DerivativeH" value="-1.400000" />
  <attribute name="Loop Time for DT" value="5.000000" />
  <attribute name="Output H" value="8388608"/>
  <attribute name="Output I" value="200"/>
  <attribute name="Output T" value="4"/>
  <attribute name="Target GC Util Change" value ="20.000000" />
  <attribute name="Current GC Util Change" value="22.000000"/>
  <attribute name="GC Util currently" value="22" />
  <attribute name="CPU Util currently" value="1079565563704" />
<allocation-satisfied id="766" threadId="000000000186D700" bytesRequested="32" />
<af-end id="767" timestamp="2019-06-17T05:46:09.171" threadId="000000000186E088" success="true" from="nursery"/>
<exclusive-end id="768" timestamp="2019-06-17T05:46:09.171" durationms="1.479" />

<exclusive-start id="769" timestamp="2019-06-17T05:46:09.178" intervalms="8.348">
  <response-info timems="0.053" idlems="0.053" threads="0" lastid="000000000186D700" lastname="main" />
</exclusive-start>
<af-start id="770" threadId="000000000186E088" totalBytesRequested="24" timestamp="2019-06-17T05:46:09.178" intervalms="8.388" type="nursery" />
<cycle-start id="771" type="scavenge" contextid="0" timestamp="2019-06-17T05:46:09.178" intervalms="8.431" />
<gc-start id="772" type="scavenge" contextid="771" timestamp="2019-06-17T05:46:09.178">
  <mem-info id="773" free="1429976" total="8519680" percent="16">
    <mem type="nursery" free="0" total="2359296" percent="0">
      <mem type="allocate" free="0" total="1572864" percent="0" />
      <mem type="survivor" free="0" total="786432" percent="0" />
    </mem>
    <mem type="tenure" free="1429976" total="6160384" percent="23">
      <mem type="soa" free="1122776" total="5853184" percent="19" />
      <mem type="loa" free="307200" total="307200" percent="100" />
    </mem>
    <remembered-set count="725" />
  </mem-info>
</gc-start>
<allocation-stats totalBytes="1348152" >
  <allocated-bytes non-tlh="2376" tlh="1345776" />
  <largest-consumer threadName="main" threadId="000000000186D700" bytes="1348152" />
</allocation-stats>
<gc-op id="774" type="scavenge" timems="0.618" contextid="771" timestamp="2019-06-17T05:46:09.179">
  <scavenger-info tenureage="3" tenuremask="ffe8" tiltratio="66" />
  <memory-copied type="nursery" objects="5769" bytes="212920" bytesdiscarded="22072" />
  <memory-copied type="tenure" objects="1003" bytes="37480" bytesdiscarded="0" />
  <references type="weak" candidates="18" cleared="0" enqueued="0" />
</gc-op>
<heap-resize id="775" type="expand" space="nursery" amount="131072" count="1" timems="0.014" reason="excessive time being spent scavenging" timestamp="2019-06-17T05:46:09.179" />
<gc-end id="776" type="scavenge" contextid="771" durationms="1.110" usertimems="0.000" systemtimems="0.000" timestamp="2019-06-17T05:46:09.179" activeThreads="4">
  <mem-info id="777" free="2898904" total="8650752" percent="33">
    <mem type="nursery" free="1468928" total="2490368" percent="58">
      <mem type="allocate" free="1468928" total="1703936" percent="86" />
      <mem type="survivor" free="0" total="786432" percent="0" />
    </mem>
    <mem type="tenure" free="1429976" total="6160384" percent="23">
      <mem type="soa" free="1122776" total="5853184" percent="19" />
      <mem type="loa" free="307200" total="307200" percent="100" />
    </mem>
    <remembered-set count="638" />
  </mem-info>
</gc-end>
<cycle-end id="778" type="scavenge" contextid="771" timestamp="2019-06-17T05:46:09.179" />
  <attribute name="elasticGC enabled" value="1" />
  <attribute name= "numThreadsSpecified" value="4" />
  <attribute name="heapSize specified" value="8519680" />
  <attribute name="Current GC Util" value="12" />
  <attribute name= "Current Time Running" value="7779" />
  <attribute name ="GC Interval" value="200" />
  <attribute name="ProportionalT" value="-8.000000" />
  <attribute name="ProportionalI" value="-8.000000" />
  <attribute name="ProportionalH" value="-8.000000" />
  <attribute name="Current Error" value="-8.000000" />
  <attribute name="IntegralT" value="-64.000000" />
  <attribute name="IntegralI" value="-64.000000" />
  <attribute name="IntegralH" value="-64.000000" />
  <attribute name="DerivativeT" value="-1.250000" />
  <attribute name="DerivativeI" value="-1.250000" />
  <attribute name="DerivativeH" value="-1.250000" />
  <attribute name="Loop Time for DT" value="8.000000" />
  <attribute name="Output H" value="2092630016"/>
  <attribute name="Output I" value="200"/>
  <attribute name="Output T" value="4"/>
  <attribute name="Target GC Util Change" value ="20.000000" />
  <attribute name="Current GC Util Change" value="12.000000"/>
  <attribute name="GC Util currently" value="12" />
  <attribute name="CPU Util currently" value="532836372524" />
<allocation-satisfied id="779" threadId="000000000186D700" bytesRequested="24" />
<af-end id="780" timestamp="2019-06-17T05:46:09.179" threadId="000000000186E088" success="true" from="nursery"/>
<exclusive-end id="781" timestamp="2019-06-17T05:46:09.179" durationms="1.765" />

<exclusive-start id="782" timestamp="2019-06-17T05:46:09.185" intervalms="7.234">
  <response-info timems="0.050" idlems="0.050" threads="0" lastid="000000000186D700" lastname="main" />
</exclusive-start>
<af-start id="783" threadId="000000000186E088" totalBytesRequested="2056" timestamp="2019-06-17T05:46:09.185" intervalms="7.191" type="nursery" />
<cycle-start id="784" type="scavenge" contextid="0" timestamp="2019-06-17T05:46:09.185" intervalms="7.151" />
<gc-start id="785" type="scavenge" contextid="784" timestamp="2019-06-17T05:46:09.185">
  <mem-info id="786" free="1429768" total="8650752" percent="16">
    <mem type="nursery" free="0" total="2490368" percent="0">
      <mem type="allocate" free="0" total="1703936" percent="0" />
      <mem type="survivor" free="0" total="786432" percent="0" />
    </mem>
    <mem type="tenure" free="1429768" total="6160384" percent="23">
      <mem type="soa" free="1122568" total="5853184" percent="19" />
      <mem type="loa" free="307200" total="307200" percent="100" />
    </mem>
    <remembered-set count="856" />
  </mem-info>
</gc-start>
<allocation-stats totalBytes="1468224" >
  <allocated-bytes non-tlh="232" tlh="1467992" />
  <largest-consumer threadName="main" threadId="000000000186D700" bytes="1468224" />
</allocation-stats>
<gc-op id="787" type="scavenge" timems="0.648" contextid="784" timestamp="2019-06-17T05:46:09.186">
  <scavenger-info tenureage="3" tenuremask="7008" tiltratio="68" />
  <memory-copied type="nursery" objects="7219" bytes="273576" bytesdiscarded="140368" />
  <memory-copied type="tenure" objects="1920" bytes="71584" bytesdiscarded="48" />
  <references type="weak" candidates="18" cleared="0" enqueued="0" />
</gc-op>
<heap-resize id="788" type="expand" space="nursery" amount="262144" count="1" timems="0.011" reason="excessive time being spent scavenging" timestamp="2019-06-17T05:46:09.186" />
<gc-end id="789" type="scavenge" contextid="784" durationms="1.144" usertimems="0.000" systemtimems="0.000" timestamp="2019-06-17T05:46:09.186" activeThreads="4">
  <mem-info id="790" free="2903560" total="8912896" percent="32">
    <mem type="nursery" free="1552128" total="2752512" percent="56">
      <mem type="allocate" free="1552128" total="1966080" percent="78" />
      <mem type="survivor" free="0" total="786432" percent="0" />
    </mem>
    <mem type="tenure" free="1351432" total="6160384" percent="21">
      <mem type="soa" free="1044232" total="5853184" percent="17" />
      <mem type="loa" free="307200" total="307200" percent="100" />
    </mem>
    <remembered-set count="689" />
  </mem-info>
</gc-end>
<cycle-end id="791" type="scavenge" contextid="784" timestamp="2019-06-17T05:46:09.186" />
  <attribute name="elasticGC enabled" value="1" />
  <attribute name= "numThreadsSpecified" value="4" />
  <attribute name="heapSize specified" value="8519680" />
  <attribute name="Current GC Util" value="14" />
  <attribute name= "Current Time Running" value="7786" />
  <attribute name ="GC Interval" value="200" />
  <attribute name="ProportionalT" value="-6.000000" />
  <attribute name="ProportionalI" value="-6.000000" />
  <attribute name="ProportionalH" value="-6.000000" />
  <attribute name="Current Error" value="-6.000000" />
  <attribute name="IntegralT" value="-42.000000" />
  <attribute name="IntegralI" value="-42.000000" />
  <attribute name="IntegralH" value="-42.000000" />
  <attribute name="DerivativeT" value="-0.857143" />
  <attribute name="DerivativeI" value="-0.857143" />
  <attribute name="DerivativeH" value="-0.857143" />
  <attribute name="Loop Time for DT" value="7.000000" />
  <attribute name="Output H" value="2092630016"/>
  <attribute name="Output I" value="200"/>
  <attribute name="Output T" value="4"/>
  <attribute name="Target GC Util Change" value ="20.000000" />
  <attribute name="Current GC Util Change" value="14.000000"/>
  <attribute name="GC Util currently" value="14" />
  <attribute name="CPU Util currently" value="645356061015" />
<allocation-satisfied id="792" threadId="000000000186D700" bytesRequested="2056" />
<af-end id="793" timestamp="2019-06-17T05:46:09.187" threadId="000000000186E088" success="true" from="nursery"/>
<exclusive-end id="794" timestamp="2019-06-17T05:46:09.187" durationms="1.769" />

<exclusive-start id="795" timestamp="2019-06-17T05:46:09.199" intervalms="14.331">
  <response-info timems="0.062" idlems="0.062" threads="0" lastid="000000000186D700" lastname="main" />
</exclusive-start>
<af-start id="796" threadId="000000000186E088" totalBytesRequested="48" timestamp="2019-06-17T05:46:09.199" intervalms="14.331" type="nursery" />
<cycle-start id="797" type="scavenge" contextid="0" timestamp="2019-06-17T05:46:09.199" intervalms="14.328" />
<gc-start id="798" type="scavenge" contextid="797" timestamp="2019-06-17T05:46:09.200">
  <mem-info id="799" free="1351432" total="8912896" percent="15">
    <mem type="nursery" free="0" total="2752512" percent="0">
      <mem type="allocate" free="0" total="1966080" percent="0" />
      <mem type="survivor" free="0" total="786432" percent="0" />
    </mem>
    <mem type="tenure" free="1351432" total="6160384" percent="21">
      <mem type="soa" free="1044232" total="5853184" percent="17" />
      <mem type="loa" free="307200" total="307200" percent="100" />
    </mem>
    <remembered-set count="741" />
  </mem-info>
</gc-start>
<allocation-stats totalBytes="1551080" >
  <allocated-bytes non-tlh="2056" tlh="1549024" />
  <largest-consumer threadName="main" threadId="000000000186D700" bytes="1551080" />
</allocation-stats>
<gc-op id="800" type="scavenge" timems="0.632" contextid="797" timestamp="2019-06-17T05:46:09.200">
  <scavenger-info tenureage="12" tenuremask="7000" tiltratio="71" />
  <memory-copied type="nursery" objects="9968" bytes="455360" bytesdiscarded="134456" />
  <references type="weak" candidates="18" cleared="0" enqueued="0" />
</gc-op>
<gc-end id="801" type="scavenge" contextid="797" durationms="1.045" usertimems="0.000" systemtimems="0.000" timestamp="2019-06-17T05:46:09.201" activeThreads="4">
  <mem-info id="802" free="2793224" total="8912896" percent="31">
    <mem type="nursery" free="1441792" total="2752512" percent="52">
      <mem type="allocate" free="1441792" total="2031616" percent="70" />
      <mem type="survivor" free="0" total="720896" percent="0" />
    </mem>
    <mem type="tenure" free="1351432" total="6160384" percent="21">
      <mem type="soa" free="1044232" total="5853184" percent="17" />
      <mem type="loa" free="307200" total="307200" percent="100" />
    </mem>
    <remembered-set count="714" />
  </mem-info>
</gc-end>
<cycle-end id="803" type="scavenge" contextid="797" timestamp="2019-06-17T05:46:09.201" />
  <attribute name="elasticGC enabled" value="1" />
  <attribute name= "numThreadsSpecified" value="4" />
  <attribute name="heapSize specified" value="8519680" />
  <attribute name="Current GC Util" value="8" />
  <attribute name= "Current Time Running" value="7801" />
  <attribute name ="GC Interval" value="200" />
  <attribute name="ProportionalT" value="-12.000000" />
  <attribute name="ProportionalI" value="-12.000000" />
  <attribute name="ProportionalH" value="-12.000000" />
  <attribute name="Current Error" value="-12.000000" />
  <attribute name="IntegralT" value="-180.000000" />
  <attribute name="IntegralI" value="-180.000000" />
  <attribute name="IntegralH" value="-180.000000" />
  <attribute name="DerivativeT" value="-0.800000" />
  <attribute name="DerivativeI" value="-0.800000" />
  <attribute name="DerivativeH" value="-0.800000" />
  <attribute name="Loop Time for DT" value="15.000000" />
  <attribute name="Output H" value="2092630016"/>
  <attribute name="Output I" value="200"/>
  <attribute name="Output T" value="4"/>
  <attribute name="Target GC Util Change" value ="20.000000" />
  <attribute name="Current GC Util Change" value="8.000000"/>
  <attribute name="GC Util currently" value="8" />
  <attribute name="CPU Util currently" value="321969432067" />
<allocation-satisfied id="804" threadId="000000000186D700" bytesRequested="48" />
<af-end id="805" timestamp="2019-06-17T05:46:09.201" threadId="000000000186E088" success="true" from="nursery"/>
<exclusive-end id="806" timestamp="2019-06-17T05:46:09.201" durationms="1.631" />

<exclusive-start id="807" timestamp="2019-06-17T05:46:09.209" intervalms="10.158">
  <response-info timems="0.063" idlems="0.063" threads="0" lastid="000000000186D700" lastname="main" />
</exclusive-start>
<af-start id="808" threadId="000000000186E088" totalBytesRequested="32" timestamp="2019-06-17T05:46:09.210" intervalms="10.200" type="nursery" />
<cycle-start id="809" type="scavenge" contextid="0" timestamp="2019-06-17T05:46:09.210" intervalms="10.254" />
<gc-start id="810" type="scavenge" contextid="809" timestamp="2019-06-17T05:46:09.210">
  <mem-info id="811" free="1340936" total="8912896" percent="15">
    <mem type="nursery" free="0" total="2752512" percent="0">
      <mem type="allocate" free="0" total="2031616" percent="0" />
      <mem type="survivor" free="0" total="720896" percent="0" />
    </mem>
    <mem type="tenure" free="1340936" total="6160384" percent="21">
      <mem type="soa" free="1033736" total="5853184" percent="17" />
      <mem type="loa" free="307200" total="307200" percent="100" />
    </mem>
    <remembered-set count="818" />
  </mem-info>
</gc-start>
<allocation-stats totalBytes="1451880" >
  <allocated-bytes non-tlh="210552" tlh="1241328" />
  <largest-consumer threadName="main" threadId="000000000186D700" bytes="1451880" />
</allocation-stats>
<gc-op id="812" type="scavenge" timems="0.668" contextid="809" timestamp="2019-06-17T05:46:09.211">
  <scavenger-info tenureage="3" tenuremask="7008" tiltratio="73" />
  <memory-copied type="nursery" objects="6030" bytes="502400" bytesdiscarded="125672" />
  <memory-copied type="tenure" objects="1830" bytes="67536" bytesdiscarded="0" />
  <references type="soft" candidates="1" cleared="0" enqueued="0" dynamicThreshold="12" maxThreshold="32" />
  <references type="phantom" candidates="1" cleared="0" enqueued="0" />
</gc-op>
<heap-resize id="813" type="expand" space="nursery" amount="262144" count="1" timems="0.014" reason="excessive time being spent scavenging" timestamp="2019-06-17T05:46:09.211" />
<gc-end id="814" type="scavenge" contextid="809" durationms="1.196" usertimems="4.000" systemtimems="0.000" timestamp="2019-06-17T05:46:09.211" activeThreads="4">
  <mem-info id="815" free="2936680" total="9175040" percent="32">
    <mem type="nursery" free="1665632" total="3014656" percent="55">
      <mem type="allocate" free="1665632" total="2293760" percent="72" />
      <mem type="survivor" free="0" total="720896" percent="0" />
    </mem>
    <mem type="tenure" free="1271048" total="6160384" percent="20">
      <mem type="soa" free="963848" total="5853184" percent="16" />
      <mem type="loa" free="307200" total="307200" percent="100" />
    </mem>
    <remembered-set count="675" />
  </mem-info>
</gc-end>
<cycle-end id="816" type="scavenge" contextid="809" timestamp="2019-06-17T05:46:09.211" />
  <attribute name="elasticGC enabled" value="1" />
  <attribute name= "numThreadsSpecified" value="4" />
  <attribute name="heapSize specified" value="8519680" />
  <attribute name="Current GC Util" value="12" />
  <attribute name= "Current Time Running" value="7811" />
  <attribute name ="GC Interval" value="200" />
  <attribute name="ProportionalT" value="-8.000000" />
  <attribute name="ProportionalI" value="-8.000000" />
  <attribute name="ProportionalH" value="-8.000000" />
  <attribute name="Current Error" value="-8.000000" />
  <attribute name="IntegralT" value="-80.000000" />
  <attribute name="IntegralI" value="-80.000000" />
  <attribute name="IntegralH" value="-80.000000" />
  <attribute name="DerivativeT" value="-0.800000" />
  <attribute name="DerivativeI" value="-0.800000" />
  <attribute name="DerivativeH" value="-0.800000" />
  <attribute name="Loop Time for DT" value="10.000000" />
  <attribute name="Output H" value="2092630016"/>
  <attribute name="Output I" value="200"/>
  <attribute name="Output T" value="4"/>
  <attribute name="Target GC Util Change" value ="20.000000" />
  <attribute name="Current GC Util Change" value="12.000000"/>
  <attribute name="GC Util currently" value="12" />
  <attribute name="CPU Util currently" value="447063003825" />
<allocation-satisfied id="817" threadId="000000000186D700" bytesRequested="32" />
<af-end id="818" timestamp="2019-06-17T05:46:09.211" threadId="000000000186E088" success="true" from="nursery"/>
<exclusive-end id="819" timestamp="2019-06-17T05:46:09.211" durationms="2.012" />

<exclusive-start id="820" timestamp="2019-06-17T05:46:09.255" intervalms="45.965">
  <response-info timems="0.068" idlems="0.068" threads="0" lastid="000000000186D700" lastname="main" />
</exclusive-start>
<af-start id="821" threadId="000000000186E088" totalBytesRequested="48" timestamp="2019-06-17T05:46:09.255" intervalms="45.899" type="nursery" />
<cycle-start id="822" type="scavenge" contextid="0" timestamp="2019-06-17T05:46:09.256" intervalms="45.808" />
<gc-start id="823" type="scavenge" contextid="822" timestamp="2019-06-17T05:46:09.256">
  <mem-info id="824" free="1252448" total="9175040" percent="13">
    <mem type="nursery" free="0" total="3014656" percent="0">
      <mem type="allocate" free="0" total="2293760" percent="0" />
      <mem type="survivor" free="0" total="720896" percent="0" />
    </mem>
    <mem type="tenure" free="1252448" total="6160384" percent="20">
      <mem type="soa" free="945248" total="5853184" percent="16" />
      <mem type="loa" free="307200" total="307200" percent="100" />
    </mem>
    <remembered-set count="1093" />
  </mem-info>
</gc-start>
<allocation-stats totalBytes="1682440" >
  <allocated-bytes non-tlh="18632" tlh="1663808" />
  <largest-consumer threadName="main" threadId="000000000186D700" bytes="1682440" />
</allocation-stats>
<gc-op id="825" type="scavenge" timems="0.934" contextid="822" timestamp="2019-06-17T05:46:09.257">
  <scavenger-info tenureage="5" tenuremask="7020" tiltratio="76" />
  <memory-copied type="nursery" objects="7036" bytes="292408" bytesdiscarded="82408" />
  <memory-copied type="tenure" objects="1639" bytes="64416" bytesdiscarded="16" />
  <references type="soft" candidates="319" cleared="0" enqueued="0" dynamicThreshold="12" maxThreshold="32" />
  <references type="weak" candidates="237" cleared="23" enqueued="20" />
</gc-op>
<gc-end id="826" type="scavenge" contextid="822" durationms="1.114" usertimems="0.000" systemtimems="0.000" timestamp="2019-06-17T05:46:09.257" activeThreads="4">
  <mem-info id="827" free="3197448" total="9175040" percent="34">
    <mem type="nursery" free="1984168" total="3014656" percent="65">
      <mem type="allocate" free="1984168" total="2359296" percent="84" />
      <mem type="survivor" free="0" total="655360" percent="0" />
    </mem>
    <mem type="tenure" free="1213280" total="6160384" percent="19">
      <mem type="soa" free="906080" total="5853184" percent="15" />
      <mem type="loa" free="307200" total="307200" percent="100" />
    </mem>
    <pending-finalizers system="0" default="0" reference="20" classloader="0" />
    <remembered-set count="940" />
  </mem-info>
</gc-end>
<cycle-end id="828" type="scavenge" contextid="822" timestamp="2019-06-17T05:46:09.257" />
  <attribute name="elasticGC enabled" value="1" />
  <attribute name= "numThreadsSpecified" value="4" />
  <attribute name="heapSize specified" value="8519680" />
  <attribute name="Current GC Util" value="2" />
  <attribute name= "Current Time Running" value="7857" />
  <attribute name ="GC Interval" value="200" />
  <attribute name="ProportionalT" value="-18.000000" />
  <attribute name="ProportionalI" value="-18.000000" />
  <attribute name="ProportionalH" value="-18.000000" />
  <attribute name="Current Error" value="-18.000000" />
  <attribute name="IntegralT" value="-828.000000" />
  <attribute name="IntegralI" value="-828.000000" />
  <attribute name="IntegralH" value="-828.000000" />
  <attribute name="DerivativeT" value="-0.391304" />
  <attribute name="DerivativeI" value="-0.391304" />
  <attribute name="DerivativeH" value="-0.391304" />
  <attribute name="Loop Time for DT" value="46.000000" />
  <attribute name="Output H" value="2092630016"/>
  <attribute name="Output I" value="200"/>
  <attribute name="Output T" value="4"/>
  <attribute name="Target GC Util Change" value ="20.000000" />
  <attribute name="Current GC Util Change" value="2.000000"/>
  <attribute name="GC Util currently" value="2" />
  <attribute name="CPU Util currently" value="101241045007" />
<allocation-satisfied id="829" threadId="000000000186D700" bytesRequested="48" />
<af-end id="830" timestamp="2019-06-17T05:46:09.257" threadId="000000000186E088" success="true" from="nursery"/>
<exclusive-end id="831" timestamp="2019-06-17T05:46:09.257" durationms="1.603" />

<exclusive-start id="832" timestamp="2019-06-17T05:46:09.271" intervalms="16.146">
  <response-info timems="0.023" idlems="0.023" threads="0" lastid="000000000186D700" lastname="main" />
</exclusive-start>
<sys-start reason="explicit" id="833" timestamp="2019-06-17T05:46:09.272" intervalms="7988.288" />
<cycle-start id="834" type="global" contextid="0" timestamp="2019-06-17T05:46:09.272" intervalms="191.253" />
<gc-start id="835" type="global" contextid="834" timestamp="2019-06-17T05:46:09.272">
  <mem-info id="836" free="2440000" total="9175040" percent="26">
    <mem type="nursery" free="1231152" total="3014656" percent="40">
      <mem type="allocate" free="1231152" total="2359296" percent="52" />
      <mem type="survivor" free="0" total="655360" percent="0" />
    </mem>
    <mem type="tenure" free="1208848" total="6160384" percent="19">
      <mem type="soa" free="901648" total="5853184" percent="15" />
      <mem type="loa" free="307200" total="307200" percent="100" />
    </mem>
    <remembered-set count="1030" />
  </mem-info>
</gc-start>
<allocation-stats totalBytes="742512" >
  <allocated-bytes non-tlh="204488" tlh="538024" />
  <largest-consumer threadName="main" threadId="000000000186D700" bytes="738416" />
</allocation-stats>
<gc-op id="837" type="mark" timems="3.395" contextid="834" timestamp="2019-06-17T05:46:09.281">
  <trace-info objectcount="74447" scancount="62207" scanbytes="2119468" />
  <finalization candidates="80" enqueued="0" />
  <ownableSynchronizers candidates="21" cleared="0" />
  <references type="soft" candidates="1642" cleared="0" enqueued="0" dynamicThreshold="12" maxThreshold="32" />
  <references type="weak" candidates="4382" cleared="29" enqueued="21" />
  <references type="phantom" candidates="73" cleared="2" enqueued="2" />
  <stringconstants candidates="8681" cleared="15"  />
</gc-op>
<gc-op id="838" type="classunload" timems="0.422" contextid="834" timestamp="2019-06-17T05:46:09.282">
  <classunload-info classloadercandidates="17" classloadersunloaded="1" classesunloaded="1" anonymousclassesunloaded="0" quiescems="5.904" setupms="0.413" scanms="0.007" postms="0.002" />
</gc-op>
<gc-op id="839" type="sweep" timems="0.315" contextid="834" timestamp="2019-06-17T05:46:09.282" />
<mem-info id="840" free="4203984" total="9175040" percent="45">
  <mem type="nursery" free="2142432" total="3014656" percent="71">
    <mem type="allocate" free="2142432" total="2359296" percent="90" />
    <mem type="survivor" free="0" total="655360" percent="0" />
  </mem>
  <mem type="tenure" free="2061552" total="6160384" percent="33" micro-fragmented="9252" macro-fragmented="0">
    <mem type="soa" free="1754352" total="5853184" percent="29" />
    <mem type="loa" free="307200" total="307200" percent="100" />
  </mem>
  <pending-finalizers system="0" default="0" reference="23" classloader="0" />
  <remembered-set count="652" />
</mem-info>
<gc-op id="841" type="compact" timems="15.669" contextid="834" timestamp="2019-06-17T05:46:09.298">
  <compact-info movecount="68655" movebytes="4025064" reason="compact to aid heap contraction" />
</gc-op>
<heap-resize id="842" type="contract" space="tenure" amount="262144" count="1" timems="0.074" reason="heap reconfiguration" timestamp="2019-06-17T05:46:09.299" />
<gc-end id="843" type="global" contextid="834" durationms="26.995" usertimems="32.000" systemtimems="0.000" timestamp="2019-06-17T05:46:09.299" activeThreads="4">
  <mem-info id="844" free="3941864" total="8912896" percent="44">
    <mem type="nursery" free="2176760" total="3014656" percent="72">
      <mem type="allocate" free="2176760" total="2359296" percent="92" />
      <mem type="survivor" free="0" total="655360" percent="0" />
    </mem>
    <mem type="tenure" free="1765104" total="5898240" percent="29">
      <mem type="soa" free="1515248" total="5603328" percent="27" />
      <mem type="loa" free="249856" total="294912" percent="84" />
    </mem>
    <pending-finalizers system="0" default="0" reference="23" classloader="0" />
    <remembered-set count="652" />
  </mem-info>
</gc-end>
<cycle-end id="845" type="global" contextid="834" timestamp="2019-06-17T05:46:09.299" />
  <attribute name="elasticGC enabled" value="1" />
  <attribute name= "numThreadsSpecified" value="4" />
  <attribute name="heapSize specified" value="9175040" />
  <attribute name="Current GC Util" value="30" />
  <attribute name= "Current Time Running" value="7899" />
  <attribute name ="GC Interval" value="200" />
  <attribute name="ProportionalT" value="10.000000" />
  <attribute name="ProportionalI" value="10.000000" />
  <attribute name="ProportionalH" value="10.000000" />
  <attribute name="Current Error" value="10.000000" />
  <attribute name="IntegralT" value="160.000000" />
  <attribute name="IntegralI" value="160.000000" />
  <attribute name="IntegralH" value="160.000000" />
  <attribute name="DerivativeT" value="0.625000" />
  <attribute name="DerivativeI" value="0.625000" />
  <attribute name="DerivativeH" value="0.625000" />
  <attribute name="Loop Time for DT" value="16.000000" />
  <attribute name="Output H" value="8388608"/>
  <attribute name="Output I" value="200"/>
  <attribute name="Output T" value="4"/>
  <attribute name="Target GC Util Change" value ="20.000000" />
  <attribute name="Current GC Util Change" value="30.000000"/>
  <attribute name="GC Util currently" value="30" />
  <attribute name="CPU Util currently" value="291304733331" />
<sys-end id="846" timestamp="2019-06-17T05:46:09.299" />
<exclusive-end id="847" timestamp="2019-06-17T05:46:09.299" durationms="27.604" />

<exclusive-start id="848" timestamp="2019-06-17T05:46:09.361" intervalms="89.458">
  <response-info timems="0.066" idlems="0.066" threads="0" lastid="000000000186D700" lastname="main" />
</exclusive-start>
<af-start id="849" threadId="000000000186E088" totalBytesRequested="32784" timestamp="2019-06-17T05:46:09.361" intervalms="105.691" type="nursery" />
<cycle-start id="850" type="scavenge" contextid="0" timestamp="2019-06-17T05:46:09.361" intervalms="105.792" />
<gc-start id="851" type="scavenge" contextid="850" timestamp="2019-06-17T05:46:09.361">
  <mem-info id="852" free="1763368" total="8912896" percent="19">
    <mem type="nursery" free="0" total="3014656" percent="0">
      <mem type="allocate" free="0" total="2359296" percent="0" />
      <mem type="survivor" free="0" total="655360" percent="0" />
    </mem>
    <mem type="tenure" free="1763368" total="5898240" percent="29">
      <mem type="soa" free="1513512" total="5603328" percent="27" />
      <mem type="loa" free="249856" total="294912" percent="84" />
    </mem>
    <remembered-set count="715" />
  </mem-info>
</gc-start>
<allocation-stats totalBytes="2171024" >
  <allocated-bytes non-tlh="463896" tlh="1707128" />
  <largest-consumer threadName="main" threadId="000000000186D700" bytes="2162832" />
</allocation-stats>
<gc-op id="853" type="scavenge" timems="1.467" contextid="850" timestamp="2019-06-17T05:46:09.363">
  <scavenger-info tenureage="4" tenuremask="7010" tiltratio="78" />
  <memory-copied type="nursery" objects="5496" bytes="513488" bytesdiscarded="30008" />
  <ownableSynchronizers candidates="42" cleared="42" />
  <references type="soft" candidates="353" cleared="0" enqueued="0" dynamicThreshold="9" maxThreshold="32" />
  <references type="weak" candidates="269" cleared="7" enqueued="7" />
  <references type="phantom" candidates="5" cleared="2" enqueued="2" />
</gc-op>
<gc-end id="854" type="scavenge" contextid="850" durationms="1.927" usertimems="4.000" systemtimems="0.000" timestamp="2019-06-17T05:46:09.363" activeThreads="4">
  <mem-info id="855" free="3447824" total="8912896" percent="38">
    <mem type="nursery" free="1684456" total="3014656" percent="55">
      <mem type="allocate" free="1684456" total="2228224" percent="75" />
      <mem type="survivor" free="0" total="786432" percent="0" />
    </mem>
    <mem type="tenure" free="1763368" total="5898240" percent="29">
      <mem type="soa" free="1513512" total="5603328" percent="27" />
      <mem type="loa" free="249856" total="294912" percent="84" />
    </mem>
    <pending-finalizers system="0" default="0" reference="9" classloader="0" />
    <remembered-set count="603" />
  </mem-info>
</gc-end>
<cycle-end id="856" type="scavenge" contextid="850" timestamp="2019-06-17T05:46:09.364" />
  <attribute name="elasticGC enabled" value="1" />
  <attribute name= "numThreadsSpecified" value="4" />
  <attribute name="heapSize specified" value="9175040" />
  <attribute name="Current GC Util" value="30" />
  <attribute name= "Current Time Running" value="7963" />
  <attribute name ="GC Interval" value="656" />
  <attribute name="ProportionalT" value="10.000000" />
  <attribute name="ProportionalI" value="10.000000" />
  <attribute name="ProportionalH" value="10.000000" />
  <attribute name="Current Error" value="10.000000" />
  <attribute name="IntegralT" value="640.000000" />
  <attribute name="IntegralI" value="640.000000" />
  <attribute name="IntegralH" value="640.000000" />
  <attribute name="DerivativeT" value="0.000000" />
  <attribute name="DerivativeI" value="0.000000" />
  <attribute name="DerivativeH" value="0.000000" />
  <attribute name="Loop Time for DT" value="64.000000" />
  <attribute name="Output H" value="8388608"/>
  <attribute name="Output I" value="656"/>
  <attribute name="Output T" value="4"/>
  <attribute name="Target GC Util Change" value ="20.000000" />
  <attribute name="Current GC Util Change" value="30.000000"/>
  <attribute name="GC Util currently" value="30" />
  <attribute name="CPU Util currently" value="72660722300" />
<allocation-satisfied id="857" threadId="000000000186D700" bytesRequested="32784" />
<af-end id="858" timestamp="2019-06-17T05:46:09.364" threadId="000000000186E088" success="true" from="nursery"/>
<exclusive-end id="859" timestamp="2019-06-17T05:46:09.364" durationms="3.056" />

<exclusive-start id="860" timestamp="2019-06-17T05:46:09.400" intervalms="38.955">
  <response-info timems="0.080" idlems="0.080" threads="0" lastid="000000000186D700" lastname="main" />
</exclusive-start>
<af-start id="861" threadId="000000000186E088" totalBytesRequested="24" timestamp="2019-06-17T05:46:09.400" intervalms="38.964" type="nursery" />
<cycle-start id="862" type="scavenge" contextid="0" timestamp="2019-06-17T05:46:09.400" intervalms="38.951" />
<gc-start id="863" type="scavenge" contextid="862" timestamp="2019-06-17T05:46:09.400">
  <mem-info id="864" free="1763368" total="8912896" percent="19">
    <mem type="nursery" free="0" total="3014656" percent="0">
      <mem type="allocate" free="0" total="2228224" percent="0" />
      <mem type="survivor" free="0" total="786432" percent="0" />
    </mem>
    <mem type="tenure" free="1763368" total="5898240" percent="29">
      <mem type="soa" free="1513512" total="5603328" percent="27" />
      <mem type="loa" free="249856" total="294912" percent="84" />
    </mem>
    <remembered-set count="606" />
  </mem-info>
</gc-start>
<allocation-stats totalBytes="1684296" >
  <allocated-bytes non-tlh="32784" tlh="1651512" />
  <largest-consumer threadName="main" threadId="000000000186D700" bytes="1680200" />
</allocation-stats>
<gc-op id="865" type="scavenge" timems="0.675" contextid="862" timestamp="2019-06-17T05:46:09.401">
  <scavenger-info tenureage="12" tenuremask="7000" tiltratio="73" />
  <memory-copied type="nursery" objects="5472" bytes="512792" bytesdiscarded="30704" />
  <references type="soft" candidates="353" cleared="0" enqueued="0" dynamicThreshold="9" maxThreshold="32" />
  <references type="weak" candidates="261" cleared="0" enqueued="0" />
  <references type="phantom" candidates="3" cleared="0" enqueued="0" />
</gc-op>
<gc-end id="866" type="scavenge" contextid="862" durationms="1.123" usertimems="0.000" systemtimems="0.000" timestamp="2019-06-17T05:46:09.402" activeThreads="4">
  <mem-info id="867" free="3578896" total="8912896" percent="40">
    <mem type="nursery" free="1815528" total="3014656" percent="60">
      <mem type="allocate" free="1815528" total="2359296" percent="76" />
      <mem type="survivor" free="0" total="655360" percent="0" />
    </mem>
    <mem type="tenure" free="1763368" total="5898240" percent="29">
      <mem type="soa" free="1513512" total="5603328" percent="27" />
      <mem type="loa" free="249856" total="294912" percent="84" />
    </mem>
    <remembered-set count="314" />
  </mem-info>
</gc-end>
<cycle-end id="868" type="scavenge" contextid="862" timestamp="2019-06-17T05:46:09.402" />
  <attribute name="elasticGC enabled" value="1" />
  <attribute name= "numThreadsSpecified" value="4" />
  <attribute name="heapSize specified" value="9175040" />
  <attribute name="Current GC Util" value="5" />
  <attribute name= "Current Time Running" value="8002" />
  <attribute name ="GC Interval" value="200" />
  <attribute name="ProportionalT" value="-15.000000" />
  <attribute name="ProportionalI" value="-15.000000" />
  <attribute name="ProportionalH" value="-15.000000" />
  <attribute name="Current Error" value="-15.000000" />
  <attribute name="IntegralT" value="-585.000000" />
  <attribute name="IntegralI" value="-585.000000" />
  <attribute name="IntegralH" value="-585.000000" />
  <attribute name="DerivativeT" value="-0.641026" />
  <attribute name="DerivativeI" value="-0.641026" />
  <attribute name="DerivativeH" value="-0.641026" />
  <attribute name="Loop Time for DT" value="39.000000" />
  <attribute name="Output H" value="2092630016"/>
  <attribute name="Output I" value="200"/>
  <attribute name="Output T" value="4"/>
  <attribute name="Target GC Util Change" value ="20.000000" />
  <attribute name="Current GC Util Change" value="5.000000"/>
  <attribute name="GC Util currently" value="5" />
  <attribute name="CPU Util currently" value="118371529519" />
<allocation-satisfied id="869" threadId="000000000186D700" bytesRequested="24" />
<af-end id="870" timestamp="2019-06-17T05:46:09.402" threadId="000000000186E088" success="true" from="nursery"/>
<exclusive-end id="871" timestamp="2019-06-17T05:46:09.402" durationms="2.078" />

<exclusive-start id="872" timestamp="2019-06-17T05:46:09.439" intervalms="39.555">
  <response-info timems="0.185" idlems="0.185" threads="0" lastid="000000000186D700" lastname="main" />
</exclusive-start>
<af-start id="873" threadId="000000000186E088" totalBytesRequested="24" timestamp="2019-06-17T05:46:09.440" intervalms="39.570" type="nursery" />
<cycle-start id="874" type="scavenge" contextid="0" timestamp="2019-06-17T05:46:09.440" intervalms="39.572" />
<gc-start id="875" type="scavenge" contextid="874" timestamp="2019-06-17T05:46:09.440">
  <mem-info id="876" free="1763368" total="8912896" percent="19">
    <mem type="nursery" free="0" total="3014656" percent="0">
      <mem type="allocate" free="0" total="2359296" percent="0" />
      <mem type="survivor" free="0" total="655360" percent="0" />
    </mem>
    <mem type="tenure" free="1763368" total="5898240" percent="29">
      <mem type="soa" free="1513512" total="5603328" percent="27" />
      <mem type="loa" free="249856" total="294912" percent="84" />
    </mem>
    <remembered-set count="314" />
  </mem-info>
</gc-start>
<allocation-stats totalBytes="1815384" >
  <allocated-bytes non-tlh="24" tlh="1815360" />
  <largest-consumer threadName="main" threadId="000000000186D700" bytes="1815384" />
</allocation-stats>
<gc-op id="877" type="scavenge" timems="0.559" contextid="874" timestamp="2019-06-17T05:46:09.441">
  <scavenger-info tenureage="3" tenuremask="7008" tiltratio="78" />
  <memory-copied type="nursery" objects="1234" bytes="355120" bytesdiscarded="15952" />
  <memory-copied type="tenure" objects="4238" bytes="157672" bytesdiscarded="8" />
  <references type="soft" candidates="35" cleared="0" enqueued="0" dynamicThreshold="9" maxThreshold="32" />
  <references type="weak" candidates="47" cleared="0" enqueued="0" />
  <references type="phantom" candidates="3" cleared="0" enqueued="0" />
</gc-op>
<gc-end id="878" type="scavenge" contextid="874" durationms="0.995" usertimems="0.000" systemtimems="0.000" timestamp="2019-06-17T05:46:09.441" activeThreads="4">
  <mem-info id="879" free="3638048" total="8912896" percent="40">
    <mem type="nursery" free="2053624" total="3014656" percent="68">
      <mem type="allocate" free="2053624" total="2424832" percent="84" />
      <mem type="survivor" free="0" total="589824" percent="0" />
    </mem>
    <mem type="tenure" free="1584424" total="5898240" percent="26">
      <mem type="soa" free="1334568" total="5603328" percent="23" />
      <mem type="loa" free="249856" total="294912" percent="84" />
    </mem>
    <remembered-set count="214" />
  </mem-info>
</gc-end>
<cycle-end id="880" type="scavenge" contextid="874" timestamp="2019-06-17T05:46:09.441" />
  <attribute name="elasticGC enabled" value="1" />
  <attribute name= "numThreadsSpecified" value="4" />
  <attribute name="heapSize specified" value="9175040" />
  <attribute name="Current GC Util" value="2" />
  <attribute name= "Current Time Running" value="8041" />
  <attribute name ="GC Interval" value="200" />
  <attribute name="ProportionalT" value="-18.000000" />
  <attribute name="ProportionalI" value="-18.000000" />
  <attribute name="ProportionalH" value="-18.000000" />
  <attribute name="Current Error" value="-18.000000" />
  <attribute name="IntegralT" value="-702.000000" />
  <attribute name="IntegralI" value="-702.000000" />
  <attribute name="IntegralH" value="-702.000000" />
  <attribute name="DerivativeT" value="-0.461538" />
  <attribute name="DerivativeI" value="-0.461538" />
  <attribute name="DerivativeH" value="-0.461538" />
  <attribute name="Loop Time for DT" value="39.000000" />
  <attribute name="Output H" value="2092630016"/>
  <attribute name="Output I" value="200"/>
  <attribute name="Output T" value="4"/>
  <attribute name="Target GC Util Change" value ="20.000000" />
  <attribute name="Current GC Util Change" value="2.000000"/>
  <attribute name="GC Util currently" value="2" />
  <attribute name="CPU Util currently" value="116587534112" />
<allocation-satisfied id="881" threadId="000000000186D700" bytesRequested="24" />
<af-end id="882" timestamp="2019-06-17T05:46:09.441" threadId="000000000186E088" success="true" from="nursery"/>
<exclusive-end id="883" timestamp="2019-06-17T05:46:09.441" durationms="1.889" />

<exclusive-start id="884" timestamp="2019-06-17T05:46:09.485" intervalms="45.183">
  <response-info timems="0.074" idlems="0.074" threads="0" lastid="000000000186D700" lastname="main" />
</exclusive-start>
<af-start id="885" threadId="000000000186E088" totalBytesRequested="24" timestamp="2019-06-17T05:46:09.485" intervalms="45.147" type="nursery" />
<cycle-start id="886" type="scavenge" contextid="0" timestamp="2019-06-17T05:46:09.485" intervalms="45.156" />
<gc-start id="887" type="scavenge" contextid="886" timestamp="2019-06-17T05:46:09.485">
  <mem-info id="888" free="1584424" total="8912896" percent="17">
    <mem type="nursery" free="0" total="3014656" percent="0">
      <mem type="allocate" free="0" total="2424832" percent="0" />
      <mem type="survivor" free="0" total="589824" percent="0" />
    </mem>
    <mem type="tenure" free="1584424" total="5898240" percent="26">
      <mem type="soa" free="1334568" total="5603328" percent="23" />
      <mem type="loa" free="249856" total="294912" percent="84" />
    </mem>
    <remembered-set count="214" />
  </mem-info>
</gc-start>
<allocation-stats totalBytes="2053440" >
  <allocated-bytes non-tlh="24" tlh="2053416" />
  <largest-consumer threadName="main" threadId="000000000186D700" bytes="2053440" />
</allocation-stats>
<gc-op id="889" type="scavenge" timems="0.341" contextid="886" timestamp="2019-06-17T05:46:09.486">
  <scavenger-info tenureage="3" tenuremask="7008" tiltratio="80" />
  <memory-copied type="nursery" objects="371" bytes="44328" bytesdiscarded="97488" />
  <memory-copied type="tenure" objects="863" bytes="310792" bytesdiscarded="16" />
  <references type="soft" candidates="1" cleared="0" enqueued="0" dynamicThreshold="9" maxThreshold="32" />
</gc-op>
<gc-end id="890" type="scavenge" contextid="886" durationms="0.811" usertimems="0.000" systemtimems="0.000" timestamp="2019-06-17T05:46:09.486" activeThreads="4">
  <mem-info id="891" free="3488256" total="8912896" percent="39">
    <mem type="nursery" free="2282992" total="3014656" percent="75">
      <mem type="allocate" free="2282992" total="2424832" percent="94" />
      <mem type="survivor" free="0" total="589824" percent="0" />
    </mem>
    <mem type="tenure" free="1205264" total="5898240" percent="20">
      <mem type="soa" free="955408" total="5603328" percent="17" />
      <mem type="loa" free="249856" total="294912" percent="84" />
    </mem>
    <remembered-set count="133" />
  </mem-info>
</gc-end>
<cycle-end id="892" type="scavenge" contextid="886" timestamp="2019-06-17T05:46:09.486" />
  <attribute name="elasticGC enabled" value="1" />
  <attribute name= "numThreadsSpecified" value="4" />
  <attribute name="heapSize specified" value="9175040" />
  <attribute name="Current GC Util" value="2" />
  <attribute name= "Current Time Running" value="8086" />
  <attribute name ="GC Interval" value="200" />
  <attribute name="ProportionalT" value="-18.000000" />
  <attribute name="ProportionalI" value="-18.000000" />
  <attribute name="ProportionalH" value="-18.000000" />
  <attribute name="Current Error" value="-18.000000" />
  <attribute name="IntegralT" value="-810.000000" />
  <attribute name="IntegralI" value="-810.000000" />
  <attribute name="IntegralH" value="-810.000000" />
  <attribute name="DerivativeT" value="-0.400000" />
  <attribute name="DerivativeI" value="-0.400000" />
  <attribute name="DerivativeH" value="-0.400000" />
  <attribute name="Loop Time for DT" value="45.000000" />
  <attribute name="Output H" value="2092630016"/>
  <attribute name="Output I" value="200"/>
  <attribute name="Output T" value="4"/>
  <attribute name="Target GC Util Change" value ="20.000000" />
  <attribute name="Current GC Util Change" value="2.000000"/>
  <attribute name="GC Util currently" value="2" />
  <attribute name="CPU Util currently" value="102127560597" />
<allocation-satisfied id="893" threadId="000000000186D700" bytesRequested="24" />
<af-end id="894" timestamp="2019-06-17T05:46:09.486" threadId="000000000186E088" success="true" from="nursery"/>
<exclusive-end id="895" timestamp="2019-06-17T05:46:09.486" durationms="1.668" />

<exclusive-start id="896" timestamp="2019-06-17T05:46:09.535" intervalms="50.010">
  <response-info timems="0.066" idlems="0.066" threads="0" lastid="000000000186D700" lastname="main" />
</exclusive-start>
<af-start id="897" threadId="000000000186E088" totalBytesRequested="24" timestamp="2019-06-17T05:46:09.535" intervalms="49.981" type="nursery" />
<cycle-start id="898" type="scavenge" contextid="0" timestamp="2019-06-17T05:46:09.535" intervalms="49.978" />
<gc-start id="899" type="scavenge" contextid="898" timestamp="2019-06-17T05:46:09.535">
  <mem-info id="900" free="1205264" total="8912896" percent="13">
    <mem type="nursery" free="0" total="3014656" percent="0">
      <mem type="allocate" free="0" total="2424832" percent="0" />
      <mem type="survivor" free="0" total="589824" percent="0" />
    </mem>
    <mem type="tenure" free="1205264" total="5898240" percent="20">
      <mem type="soa" free="955408" total="5603328" percent="17" />
      <mem type="loa" free="249856" total="294912" percent="84" />
    </mem>
    <remembered-set count="133" />
  </mem-info>
</gc-start>
<allocation-stats totalBytes="2282808" >
  <allocated-bytes non-tlh="24" tlh="2282784" />
  <largest-consumer threadName="main" threadId="000000000186D700" bytes="2282808" />
</allocation-stats>
<gc-op id="901" type="scavenge" timems="0.212" contextid="898" timestamp="2019-06-17T05:46:09.536">
  <scavenger-info tenureage="6" tenuremask="6040" tiltratio="80" />
  <memory-copied type="nursery" objects="8" bytes="32960" bytesdiscarded="6208" />
  <memory-copied type="tenure" objects="363" bytes="11368" bytesdiscarded="0" />
</gc-op>
<gc-end id="902" type="scavenge" contextid="898" durationms="0.649" usertimems="0.000" systemtimems="0.000" timestamp="2019-06-17T05:46:09.536" activeThreads="4">
  <mem-info id="903" free="3722000" total="8912896" percent="41">
    <mem type="nursery" free="2516736" total="3014656" percent="83">
      <mem type="allocate" free="2516736" total="2555904" percent="98" />
      <mem type="survivor" free="0" total="458752" percent="0" />
    </mem>
    <mem type="tenure" free="1205264" total="5898240" percent="20">
      <mem type="soa" free="955408" total="5603328" percent="17" />
      <mem type="loa" free="249856" total="294912" percent="84" />
    </mem>
    <remembered-set count="73" />
  </mem-info>
</gc-end>
<cycle-end id="904" type="scavenge" contextid="898" timestamp="2019-06-17T05:46:09.536" />
  <attribute name="elasticGC enabled" value="1" />
  <attribute name= "numThreadsSpecified" value="4" />
  <attribute name="heapSize specified" value="9175040" />
  <attribute name="Current GC Util" value="1" />
  <attribute name= "Current Time Running" value="8136" />
  <attribute name ="GC Interval" value="200" />
  <attribute name="ProportionalT" value="-19.000000" />
  <attribute name="ProportionalI" value="-19.000000" />
  <attribute name="ProportionalH" value="-19.000000" />
  <attribute name="Current Error" value="-19.000000" />
  <attribute name="IntegralT" value="-950.000000" />
  <attribute name="IntegralI" value="-950.000000" />
  <attribute name="IntegralH" value="-950.000000" />
  <attribute name="DerivativeT" value="-0.380000" />
  <attribute name="DerivativeI" value="-0.380000" />
  <attribute name="DerivativeH" value="-0.380000" />
  <attribute name="Loop Time for DT" value="50.000000" />
  <attribute name="Output H" value="2092630016"/>
  <attribute name="Output I" value="200"/>
  <attribute name="Output T" value="4"/>
  <attribute name="Target GC Util Change" value ="20.000000" />
  <attribute name="Current GC Util Change" value="1.000000"/>
  <attribute name="GC Util currently" value="1" />
  <attribute name="CPU Util currently" value="92289032817" />
<allocation-satisfied id="905" threadId="000000000186D700" bytesRequested="24" />
<af-end id="906" timestamp="2019-06-17T05:46:09.536" threadId="000000000186E088" success="true" from="nursery"/>
<exclusive-end id="907" timestamp="2019-06-17T05:46:09.536" durationms="1.533" />

<exclusive-start id="908" timestamp="2019-06-17T05:46:09.588" intervalms="52.904">
  <response-info timems="0.077" idlems="0.077" threads="0" lastid="000000000186D700" lastname="main" />
</exclusive-start>
<af-start id="909" threadId="000000000186E088" totalBytesRequested="24" timestamp="2019-06-17T05:46:09.588" intervalms="52.910" type="nursery" />
<cycle-start id="910" type="scavenge" contextid="0" timestamp="2019-06-17T05:46:09.588" intervalms="52.910" />
<gc-start id="911" type="scavenge" contextid="910" timestamp="2019-06-17T05:46:09.588">
  <mem-info id="912" free="1205264" total="8912896" percent="13">
    <mem type="nursery" free="0" total="3014656" percent="0">
      <mem type="allocate" free="0" total="2555904" percent="0" />
      <mem type="survivor" free="0" total="458752" percent="0" />
    </mem>
    <mem type="tenure" free="1205264" total="5898240" percent="20">
      <mem type="soa" free="955408" total="5603328" percent="17" />
      <mem type="loa" free="249856" total="294912" percent="84" />
    </mem>
    <remembered-set count="73" />
  </mem-info>
</gc-start>
<allocation-stats totalBytes="2516536" >
  <allocated-bytes non-tlh="24" tlh="2516512" />
  <largest-consumer threadName="main" threadId="000000000186D700" bytes="2516536" />
</allocation-stats>
<gc-op id="913" type="scavenge" timems="0.223" contextid="910" timestamp="2019-06-17T05:46:09.589">
  <scavenger-info tenureage="14" tenuremask="4000" tiltratio="84" />
  <memory-copied type="nursery" objects="8" bytes="32960" bytesdiscarded="6208" />
</gc-op>
<gc-end id="914" type="scavenge" contextid="910" durationms="0.650" usertimems="0.000" systemtimems="0.000" timestamp="2019-06-17T05:46:09.589" activeThreads="4">
  <mem-info id="915" free="3787536" total="8912896" percent="42">
    <mem type="nursery" free="2582272" total="3014656" percent="85">
      <mem type="allocate" free="2582272" total="2621440" percent="98" />
      <mem type="survivor" free="0" total="393216" percent="0" />
    </mem>
    <mem type="tenure" free="1205264" total="5898240" percent="20">
      <mem type="soa" free="955408" total="5603328" percent="17" />
      <mem type="loa" free="249856" total="294912" percent="84" />
    </mem>
    <remembered-set count="73" />
  </mem-info>
</gc-end>
<cycle-end id="916" type="scavenge" contextid="910" timestamp="2019-06-17T05:46:09.589" />
  <attribute name="elasticGC enabled" value="1" />
  <attribute name= "numThreadsSpecified" value="4" />
  <attribute name="heapSize specified" value="9175040" />
  <attribute name="Current GC Util" value="0" />
  <attribute name= "Current Time Running" value="8189" />
  <attribute name ="GC Interval" value="200" />
  <attribute name="ProportionalT" value="-20.000000" />
  <attribute name="ProportionalI" value="-20.000000" />
  <attribute name="ProportionalH" value="-20.000000" />
  <attribute name="Current Error" value="-20.000000" />
  <attribute name="IntegralT" value="-1060.000000" />
  <attribute name="IntegralI" value="-1060.000000" />
  <attribute name="IntegralH" value="-1060.000000" />
  <attribute name="DerivativeT" value="-0.377358" />
  <attribute name="DerivativeI" value="-0.377358" />
  <attribute name="DerivativeH" value="-0.377358" />
  <attribute name="Loop Time for DT" value="53.000000" />
  <attribute name="Output H" value="2092630016"/>
  <attribute name="Output I" value="200"/>
  <attribute name="Output T" value="4"/>
  <attribute name="Target GC Util Change" value ="20.000000" />
  <attribute name="Current GC Util Change" value="0.000000"/>
  <attribute name="GC Util currently" value="0" />
  <attribute name="CPU Util currently" value="87148107117" />
<allocation-satisfied id="917" threadId="000000000186D700" bytesRequested="24" />
<af-end id="918" timestamp="2019-06-17T05:46:09.589" threadId="000000000186E088" success="true" from="nursery"/>
<exclusive-end id="919" timestamp="2019-06-17T05:46:09.589" durationms="1.429" />

<exclusive-start id="920" timestamp="2019-06-17T05:46:09.642" intervalms="53.957">
  <response-info timems="0.067" idlems="0.067" threads="0" lastid="000000000186D700" lastname="main" />
</exclusive-start>
<af-start id="921" threadId="000000000186E088" totalBytesRequested="24" timestamp="2019-06-17T05:46:09.642" intervalms="53.951" type="nursery" />
<cycle-start id="922" type="scavenge" contextid="0" timestamp="2019-06-17T05:46:09.642" intervalms="53.956" />
<gc-start id="923" type="scavenge" contextid="922" timestamp="2019-06-17T05:46:09.642">
  <mem-info id="924" free="1205264" total="8912896" percent="13">
    <mem type="nursery" free="0" total="3014656" percent="0">
      <mem type="allocate" free="0" total="2621440" percent="0" />
      <mem type="survivor" free="0" total="393216" percent="0" />
    </mem>
    <mem type="tenure" free="1205264" total="5898240" percent="20">
      <mem type="soa" free="955408" total="5603328" percent="17" />
      <mem type="loa" free="249856" total="294912" percent="84" />
    </mem>
    <remembered-set count="73" />
  </mem-info>
</gc-start>
<allocation-stats totalBytes="2582080" >
  <allocated-bytes non-tlh="24" tlh="2582056" />
  <largest-consumer threadName="main" threadId="000000000186D700" bytes="2582080" />
</allocation-stats>
<gc-op id="925" type="scavenge" timems="0.232" contextid="922" timestamp="2019-06-17T05:46:09.642">
  <scavenger-info tenureage="14" tenuremask="4000" tiltratio="86" />
  <memory-copied type="nursery" objects="8" bytes="32960" bytesdiscarded="6208" />
</gc-op>
<gc-end id="926" type="scavenge" contextid="922" durationms="0.683" usertimems="0.000" systemtimems="0.000" timestamp="2019-06-17T05:46:09.643" activeThreads="4">
  <mem-info id="927" free="3853072" total="8912896" percent="43">
    <mem type="nursery" free="2647808" total="3014656" percent="87">
      <mem type="allocate" free="2647808" total="2686976" percent="98" />
      <mem type="survivor" free="0" total="327680" percent="0" />
    </mem>
    <mem type="tenure" free="1205264" total="5898240" percent="20">
      <mem type="soa" free="955408" total="5603328" percent="17" />
      <mem type="loa" free="249856" total="294912" percent="84" />
    </mem>
    <remembered-set count="73" />
  </mem-info>
</gc-end>
<cycle-end id="928" type="scavenge" contextid="922" timestamp="2019-06-17T05:46:09.643" />
  <attribute name="elasticGC enabled" value="1" />
  <attribute name= "numThreadsSpecified" value="4" />
  <attribute name="heapSize specified" value="9175040" />
  <attribute name="Current GC Util" value="0" />
  <attribute name= "Current Time Running" value="8243" />
  <attribute name ="GC Interval" value="200" />
  <attribute name="ProportionalT" value="-20.000000" />
  <attribute name="ProportionalI" value="-20.000000" />
  <attribute name="ProportionalH" value="-20.000000" />
  <attribute name="Current Error" value="-20.000000" />
  <attribute name="IntegralT" value="-1080.000000" />
  <attribute name="IntegralI" value="-1080.000000" />
  <attribute name="IntegralH" value="-1080.000000" />
  <attribute name="DerivativeT" value="-0.370370" />
  <attribute name="DerivativeI" value="-0.370370" />
  <attribute name="DerivativeH" value="-0.370370" />
  <attribute name="Loop Time for DT" value="54.000000" />
  <attribute name="Output H" value="2092630016"/>
  <attribute name="Output I" value="200"/>
  <attribute name="Output T" value="4"/>
  <attribute name="Target GC Util Change" value ="20.000000" />
  <attribute name="Current GC Util Change" value="0.000000"/>
  <attribute name="GC Util currently" value="0" />
  <attribute name="CPU Util currently" value="85561131122" />
<allocation-satisfied id="929" threadId="000000000186D700" bytesRequested="24" />
<af-end id="930" timestamp="2019-06-17T05:46:09.643" threadId="000000000186E088" success="true" from="nursery"/>
<exclusive-end id="931" timestamp="2019-06-17T05:46:09.643" durationms="1.530" />

<exclusive-start id="932" timestamp="2019-06-17T05:46:09.697" intervalms="55.488">
  <response-info timems="0.083" idlems="0.083" threads="0" lastid="000000000186D700" lastname="main" />
</exclusive-start>
<af-start id="933" threadId="000000000186E088" totalBytesRequested="32784" timestamp="2019-06-17T05:46:09.697" intervalms="55.517" type="nursery" />
<cycle-start id="934" type="scavenge" contextid="0" timestamp="2019-06-17T05:46:09.697" intervalms="55.529" />
<gc-start id="935" type="scavenge" contextid="934" timestamp="2019-06-17T05:46:09.698">
  <mem-info id="936" free="1205264" total="8912896" percent="13">
    <mem type="nursery" free="0" total="3014656" percent="0">
      <mem type="allocate" free="0" total="2686976" percent="0" />
      <mem type="survivor" free="0" total="327680" percent="0" />
    </mem>
    <mem type="tenure" free="1205264" total="5898240" percent="20">
      <mem type="soa" free="955408" total="5603328" percent="17" />
      <mem type="loa" free="249856" total="294912" percent="84" />
    </mem>
    <remembered-set count="73" />
  </mem-info>
</gc-start>
<allocation-stats totalBytes="2641040" >
  <allocated-bytes non-tlh="24" tlh="2641016" />
  <largest-consumer threadName="main" threadId="000000000186D700" bytes="2641040" />
</allocation-stats>
<gc-op id="937" type="scavenge" timems="0.190" contextid="934" timestamp="2019-06-17T05:46:09.698">
  <scavenger-info tenureage="14" tenuremask="4000" tiltratio="89" />
  <memory-copied type="nursery" objects="16" bytes="65896" bytesdiscarded="6056" />
</gc-op>
<gc-end id="938" type="scavenge" contextid="934" durationms="0.660" usertimems="0.000" systemtimems="0.000" timestamp="2019-06-17T05:46:09.698" activeThreads="4">
  <mem-info id="939" free="3820288" total="8912896" percent="42">
    <mem type="nursery" free="2615024" total="3014656" percent="86">
      <mem type="allocate" free="2615024" total="2686976" percent="97" />
      <mem type="survivor" free="0" total="327680" percent="0" />
    </mem>
    <mem type="tenure" free="1205264" total="5898240" percent="20">
      <mem type="soa" free="955408" total="5603328" percent="17" />
      <mem type="loa" free="249856" total="294912" percent="84" />
    </mem>
    <remembered-set count="73" />
  </mem-info>
</gc-end>
<cycle-end id="940" type="scavenge" contextid="934" timestamp="2019-06-17T05:46:09.698" />
  <attribute name="elasticGC enabled" value="1" />
  <attribute name= "numThreadsSpecified" value="4" />
  <attribute name="heapSize specified" value="9175040" />
  <attribute name="Current GC Util" value="0" />
  <attribute name= "Current Time Running" value="8299" />
  <attribute name ="GC Interval" value="200" />
  <attribute name="ProportionalT" value="-20.000000" />
  <attribute name="ProportionalI" value="-20.000000" />
  <attribute name="ProportionalH" value="-20.000000" />
  <attribute name="Current Error" value="-20.000000" />
  <attribute name="IntegralT" value="-1120.000000" />
  <attribute name="IntegralI" value="-1120.000000" />
  <attribute name="IntegralH" value="-1120.000000" />
  <attribute name="DerivativeT" value="-0.357143" />
  <attribute name="DerivativeI" value="-0.357143" />
  <attribute name="DerivativeH" value="-0.357143" />
  <attribute name="Loop Time for DT" value="56.000000" />
  <attribute name="Output H" value="2092630016"/>
  <attribute name="Output I" value="200"/>
  <attribute name="Output T" value="4"/>
  <attribute name="Target GC Util Change" value ="20.000000" />
  <attribute name="Current GC Util Change" value="0.000000"/>
  <attribute name="GC Util currently" value="0" />
  <attribute name="CPU Util currently" value="82909378425" />
<allocation-satisfied id="941" threadId="000000000186D700" bytesRequested="32784" />
<af-end id="942" timestamp="2019-06-17T05:46:09.698" threadId="000000000186E088" success="true" from="nursery"/>
<exclusive-end id="943" timestamp="2019-06-17T05:46:09.698" durationms="1.487" />

<exclusive-start id="944" timestamp="2019-06-17T05:46:09.752" intervalms="55.247">
  <response-info timems="0.062" idlems="0.062" threads="0" lastid="000000000186D700" lastname="main" />
</exclusive-start>
<af-start id="945" threadId="000000000186E088" totalBytesRequested="24" timestamp="2019-06-17T05:46:09.752" intervalms="55.260" type="nursery" />
<cycle-start id="946" type="scavenge" contextid="0" timestamp="2019-06-17T05:46:09.753" intervalms="55.260" />
<gc-start id="947" type="scavenge" contextid="946" timestamp="2019-06-17T05:46:09.753">
  <mem-info id="948" free="1205264" total="8912896" percent="13">
    <mem type="nursery" free="0" total="3014656" percent="0">
      <mem type="allocate" free="0" total="2686976" percent="0" />
      <mem type="survivor" free="0" total="327680" percent="0" />
    </mem>
    <mem type="tenure" free="1205264" total="5898240" percent="20">
      <mem type="soa" free="955408" total="5603328" percent="17" />
      <mem type="loa" free="249856" total="294912" percent="84" />
    </mem>
    <remembered-set count="73" />
  </mem-info>
</gc-start>
<allocation-stats totalBytes="2614112" >
  <allocated-bytes non-tlh="32784" tlh="2581328" />
  <largest-consumer threadName="main" threadId="000000000186D700" bytes="2614112" />
</allocation-stats>
<gc-op id="949" type="scavenge" timems="0.237" contextid="946" timestamp="2019-06-17T05:46:09.753">
  <scavenger-info tenureage="14" tenuremask="4000" tiltratio="89" />
  <memory-copied type="nursery" objects="9" bytes="32984" bytesdiscarded="6184" />
</gc-op>
<gc-end id="950" type="scavenge" contextid="946" durationms="0.807" usertimems="0.000" systemtimems="0.000" timestamp="2019-06-17T05:46:09.754" activeThreads="4">
  <mem-info id="951" free="3853072" total="8912896" percent="43">
    <mem type="nursery" free="2647808" total="3014656" percent="87">
      <mem type="allocate" free="2647808" total="2686976" percent="98" />
      <mem type="survivor" free="0" total="327680" percent="0" />
    </mem>
    <mem type="tenure" free="1205264" total="5898240" percent="20">
      <mem type="soa" free="955408" total="5603328" percent="17" />
      <mem type="loa" free="249856" total="294912" percent="84" />
    </mem>
    <remembered-set count="73" />
  </mem-info>
</gc-end>
<cycle-end id="952" type="scavenge" contextid="946" timestamp="2019-06-17T05:46:09.754" />
  <attribute name="elasticGC enabled" value="1" />
  <attribute name= "numThreadsSpecified" value="4" />
  <attribute name="heapSize specified" value="9175040" />
  <attribute name="Current GC Util" value="0" />
  <attribute name= "Current Time Running" value="8354" />
  <attribute name ="GC Interval" value="200" />
  <attribute name="ProportionalT" value="-20.000000" />
  <attribute name="ProportionalI" value="-20.000000" />
  <attribute name="ProportionalH" value="-20.000000" />
  <attribute name="Current Error" value="-20.000000" />
  <attribute name="IntegralT" value="-1100.000000" />
  <attribute name="IntegralI" value="-1100.000000" />
  <attribute name="IntegralH" value="-1100.000000" />
  <attribute name="DerivativeT" value="-0.363636" />
  <attribute name="DerivativeI" value="-0.363636" />
  <attribute name="DerivativeH" value="-0.363636" />
  <attribute name="Loop Time for DT" value="55.000000" />
  <attribute name="Output H" value="2092630016"/>
  <attribute name="Output I" value="200"/>
  <attribute name="Output T" value="4"/>
  <attribute name="Target GC Util Change" value ="20.000000" />
  <attribute name="Current GC Util Change" value="0.000000"/>
  <attribute name="GC Util currently" value="0" />
  <attribute name="CPU Util currently" value="83397071682" />
<allocation-satisfied id="953" threadId="000000000186D700" bytesRequested="24" />
<af-end id="954" timestamp="2019-06-17T05:46:09.754" threadId="000000000186E088" success="true" from="nursery"/>
<exclusive-end id="955" timestamp="2019-06-17T05:46:09.754" durationms="1.793" />

<exclusive-start id="956" timestamp="2019-06-17T05:46:09.808" intervalms="55.562">
  <response-info timems="0.086" idlems="0.086" threads="0" lastid="000000000186D700" lastname="main" />
</exclusive-start>
<af-start id="957" threadId="000000000186E088" totalBytesRequested="24" timestamp="2019-06-17T05:46:09.808" intervalms="55.561" type="nursery" />
<cycle-start id="958" type="scavenge" contextid="0" timestamp="2019-06-17T05:46:09.808" intervalms="55.565" />
<gc-start id="959" type="scavenge" contextid="958" timestamp="2019-06-17T05:46:09.808">
  <mem-info id="960" free="1205264" total="8912896" percent="13">
    <mem type="nursery" free="0" total="3014656" percent="0">
      <mem type="allocate" free="0" total="2686976" percent="0" />
      <mem type="survivor" free="0" total="327680" percent="0" />
    </mem>
    <mem type="tenure" free="1205264" total="5898240" percent="20">
      <mem type="soa" free="955408" total="5603328" percent="17" />
      <mem type="loa" free="249856" total="294912" percent="84" />
    </mem>
    <remembered-set count="73" />
  </mem-info>
</gc-start>
<allocation-stats totalBytes="2647624" >
  <allocated-bytes non-tlh="24" tlh="2647600" />
  <largest-consumer threadName="main" threadId="000000000186D700" bytes="2647624" />
</allocation-stats>
<gc-op id="961" type="scavenge" timems="0.222" contextid="958" timestamp="2019-06-17T05:46:09.809">
  <scavenger-info tenureage="14" tenuremask="4000" tiltratio="89" />
  <memory-copied type="nursery" objects="9" bytes="32984" bytesdiscarded="6184" />
</gc-op>
<gc-end id="962" type="scavenge" contextid="958" durationms="0.661" usertimems="0.000" systemtimems="0.000" timestamp="2019-06-17T05:46:09.809" activeThreads="4">
  <mem-info id="963" free="3853072" total="8912896" percent="43">
    <mem type="nursery" free="2647808" total="3014656" percent="87">
      <mem type="allocate" free="2647808" total="2686976" percent="98" />
      <mem type="survivor" free="0" total="327680" percent="0" />
    </mem>
    <mem type="tenure" free="1205264" total="5898240" percent="20">
      <mem type="soa" free="955408" total="5603328" percent="17" />
      <mem type="loa" free="249856" total="294912" percent="84" />
    </mem>
    <remembered-set count="73" />
  </mem-info>
</gc-end>
<cycle-end id="964" type="scavenge" contextid="958" timestamp="2019-06-17T05:46:09.809" />
  <attribute name="elasticGC enabled" value="1" />
  <attribute name= "numThreadsSpecified" value="4" />
  <attribute name="heapSize specified" value="9175040" />
  <attribute name="Current GC Util" value="0" />
  <attribute name= "Current Time Running" value="8410" />
  <attribute name ="GC Interval" value="200" />
  <attribute name="ProportionalT" value="-20.000000" />
  <attribute name="ProportionalI" value="-20.000000" />
  <attribute name="ProportionalH" value="-20.000000" />
  <attribute name="Current Error" value="-20.000000" />
  <attribute name="IntegralT" value="-1120.000000" />
  <attribute name="IntegralI" value="-1120.000000" />
  <attribute name="IntegralH" value="-1120.000000" />
  <attribute name="DerivativeT" value="-0.357143" />
  <attribute name="DerivativeI" value="-0.357143" />
  <attribute name="DerivativeH" value="-0.357143" />
  <attribute name="Loop Time for DT" value="56.000000" />
  <attribute name="Output H" value="2092630016"/>
  <attribute name="Output I" value="200"/>
  <attribute name="Output T" value="4"/>
  <attribute name="Target GC Util Change" value ="20.000000" />
  <attribute name="Current GC Util Change" value="0.000000"/>
  <attribute name="GC Util currently" value="0" />
  <attribute name="CPU Util currently" value="83101753399" />
<allocation-satisfied id="965" threadId="000000000186D700" bytesRequested="24" />
<af-end id="966" timestamp="2019-06-17T05:46:09.809" threadId="000000000186E088" success="true" from="nursery"/>
<exclusive-end id="967" timestamp="2019-06-17T05:46:09.810" durationms="1.705" />

<exclusive-start id="968" timestamp="2019-06-17T05:46:09.863" intervalms="55.626">
  <response-info timems="0.085" idlems="0.085" threads="0" lastid="000000000186D700" lastname="main" />
</exclusive-start>
<af-start id="969" threadId="000000000186E088" totalBytesRequested="24" timestamp="2019-06-17T05:46:09.864" intervalms="55.620" type="nursery" />
<cycle-start id="970" type="scavenge" contextid="0" timestamp="2019-06-17T05:46:09.864" intervalms="55.550" />
<gc-start id="971" type="scavenge" contextid="970" timestamp="2019-06-17T05:46:09.864">
  <mem-info id="972" free="1205264" total="8912896" percent="13">
    <mem type="nursery" free="0" total="3014656" percent="0">
      <mem type="allocate" free="0" total="2686976" percent="0" />
      <mem type="survivor" free="0" total="327680" percent="0" />
    </mem>
    <mem type="tenure" free="1205264" total="5898240" percent="20">
      <mem type="soa" free="955408" total="5603328" percent="17" />
      <mem type="loa" free="249856" total="294912" percent="84" />
    </mem>
    <remembered-set count="73" />
  </mem-info>
</gc-start>
<allocation-stats totalBytes="2647600" >
  <allocated-bytes non-tlh="24" tlh="2647576" />
  <largest-consumer threadName="main" threadId="000000000186D700" bytes="2647600" />
</allocation-stats>
<gc-op id="973" type="scavenge" timems="0.198" contextid="970" timestamp="2019-06-17T05:46:09.864">
  <scavenger-info tenureage="3" tenuremask="fff8" tiltratio="89" />
  <memory-copied type="nursery" objects="9" bytes="32984" bytesdiscarded="6184" />
</gc-op>
<gc-end id="974" type="scavenge" contextid="970" durationms="0.621" usertimems="0.000" systemtimems="0.000" timestamp="2019-06-17T05:46:09.864" activeThreads="4">
  <mem-info id="975" free="3853072" total="8912896" percent="43">
    <mem type="nursery" free="2647808" total="3014656" percent="87">
      <mem type="allocate" free="2647808" total="2686976" percent="98" />
      <mem type="survivor" free="0" total="327680" percent="0" />
    </mem>
    <mem type="tenure" free="1205264" total="5898240" percent="20">
      <mem type="soa" free="955408" total="5603328" percent="17" />
      <mem type="loa" free="249856" total="294912" percent="84" />
    </mem>
    <remembered-set count="73" />
  </mem-info>
</gc-end>
<cycle-end id="976" type="scavenge" contextid="970" timestamp="2019-06-17T05:46:09.865" />
  <attribute name="elasticGC enabled" value="1" />
  <attribute name= "numThreadsSpecified" value="4" />
  <attribute name="heapSize specified" value="9175040" />
  <attribute name="Current GC Util" value="0" />
  <attribute name= "Current Time Running" value="8465" />
  <attribute name ="GC Interval" value="200" />
  <attribute name="ProportionalT" value="-20.000000" />
  <attribute name="ProportionalI" value="-20.000000" />
  <attribute name="ProportionalH" value="-20.000000" />
  <attribute name="Current Error" value="-20.000000" />
  <attribute name="IntegralT" value="-1100.000000" />
  <attribute name="IntegralI" value="-1100.000000" />
  <attribute name="IntegralH" value="-1100.000000" />
  <attribute name="DerivativeT" value="-0.363636" />
  <attribute name="DerivativeI" value="-0.363636" />
  <attribute name="DerivativeH" value="-0.363636" />
  <attribute name="Loop Time for DT" value="55.000000" />
  <attribute name="Output H" value="2092630016"/>
  <attribute name="Output I" value="200"/>
  <attribute name="Output T" value="4"/>
  <attribute name="Target GC Util Change" value ="20.000000" />
  <attribute name="Current GC Util Change" value="0.000000"/>
  <attribute name="GC Util currently" value="0" />
  <attribute name="CPU Util currently" value="83194385751" />
<allocation-satisfied id="977" threadId="000000000186D700" bytesRequested="24" />
<af-end id="978" timestamp="2019-06-17T05:46:09.865" threadId="000000000186E088" success="true" from="nursery"/>
<exclusive-end id="979" timestamp="2019-06-17T05:46:09.865" durationms="1.424" />

<exclusive-start id="980" timestamp="2019-06-17T05:46:09.918" intervalms="54.233">
  <response-info timems="0.087" idlems="0.087" threads="0" lastid="000000000186D700" lastname="main" />
</exclusive-start>
<af-start id="981" threadId="000000000186E088" totalBytesRequested="24" timestamp="2019-06-17T05:46:09.918" intervalms="54.246" type="nursery" />
<cycle-start id="982" type="scavenge" contextid="0" timestamp="2019-06-17T05:46:09.918" intervalms="54.270" />
<gc-start id="983" type="scavenge" contextid="982" timestamp="2019-06-17T05:46:09.918">
  <mem-info id="984" free="1205264" total="8912896" percent="13">
    <mem type="nursery" free="0" total="3014656" percent="0">
      <mem type="allocate" free="0" total="2686976" percent="0" />
      <mem type="survivor" free="0" total="327680" percent="0" />
    </mem>
    <mem type="tenure" free="1205264" total="5898240" percent="20">
      <mem type="soa" free="955408" total="5603328" percent="17" />
      <mem type="loa" free="249856" total="294912" percent="84" />
    </mem>
    <remembered-set count="73" />
  </mem-info>
</gc-start>
<allocation-stats totalBytes="2647576" >
  <allocated-bytes non-tlh="24" tlh="2647552" />
  <largest-consumer threadName="main" threadId="000000000186D700" bytes="2647576" />
</allocation-stats>
<gc-op id="985" type="scavenge" timems="0.193" contextid="982" timestamp="2019-06-17T05:46:09.919">
  <scavenger-info tenureage="3" tenuremask="fff8" tiltratio="89" />
  <memory-copied type="nursery" objects="9" bytes="32984" bytesdiscarded="6184" />
</gc-op>
<gc-end id="986" type="scavenge" contextid="982" durationms="0.614" usertimems="0.000" systemtimems="0.000" timestamp="2019-06-17T05:46:09.919" activeThreads="4">
  <mem-info id="987" free="3853072" total="8912896" percent="43">
    <mem type="nursery" free="2647808" total="3014656" percent="87">
      <mem type="allocate" free="2647808" total="2686976" percent="98" />
      <mem type="survivor" free="0" total="327680" percent="0" />
    </mem>
    <mem type="tenure" free="1205264" total="5898240" percent="20">
      <mem type="soa" free="955408" total="5603328" percent="17" />
      <mem type="loa" free="249856" total="294912" percent="84" />
    </mem>
    <remembered-set count="73" />
  </mem-info>
</gc-end>
<cycle-end id="988" type="scavenge" contextid="982" timestamp="2019-06-17T05:46:09.919" />
  <attribute name="elasticGC enabled" value="1" />
  <attribute name= "numThreadsSpecified" value="4" />
  <attribute name="heapSize specified" value="9175040" />
  <attribute name="Current GC Util" value="1" />
  <attribute name= "Current Time Running" value="8519" />
  <attribute name ="GC Interval" value="200" />
  <attribute name="ProportionalT" value="-19.000000" />
  <attribute name="ProportionalI" value="-19.000000" />
  <attribute name="ProportionalH" value="-19.000000" />
  <attribute name="Current Error" value="-19.000000" />
  <attribute name="IntegralT" value="-1026.000000" />
  <attribute name="IntegralI" value="-1026.000000" />
  <attribute name="IntegralH" value="-1026.000000" />
  <attribute name="DerivativeT" value="-0.351852" />
  <attribute name="DerivativeI" value="-0.351852" />
  <attribute name="DerivativeH" value="-0.351852" />
  <attribute name="Loop Time for DT" value="54.000000" />
  <attribute name="Output H" value="2092630016"/>
  <attribute name="Output I" value="200"/>
  <attribute name="Output T" value="4"/>
  <attribute name="Target GC Util Change" value ="20.000000" />
  <attribute name="Current GC Util Change" value="1.000000"/>
  <attribute name="GC Util currently" value="1" />
  <attribute name="CPU Util currently" value="84926351314" />
<allocation-satisfied id="989" threadId="000000000186D700" bytesRequested="24" />
<af-end id="990" timestamp="2019-06-17T05:46:09.919" threadId="000000000186E088" success="true" from="nursery"/>
<exclusive-end id="991" timestamp="2019-06-17T05:46:09.919" durationms="1.345" />

<exclusive-start id="992" timestamp="2019-06-17T05:46:09.972" intervalms="54.284">
  <response-info timems="0.077" idlems="0.077" threads="0" lastid="000000000186D700" lastname="main" />
</exclusive-start>
<af-start id="993" threadId="000000000186E088" totalBytesRequested="24" timestamp="2019-06-17T05:46:09.972" intervalms="54.285" type="nursery" />
<cycle-start id="994" type="scavenge" contextid="0" timestamp="2019-06-17T05:46:09.972" intervalms="54.298" />
<gc-start id="995" type="scavenge" contextid="994" timestamp="2019-06-17T05:46:09.972">
  <mem-info id="996" free="1205264" total="8912896" percent="13">
    <mem type="nursery" free="0" total="3014656" percent="0">
      <mem type="allocate" free="0" total="2686976" percent="0" />
      <mem type="survivor" free="0" total="327680" percent="0" />
    </mem>
    <mem type="tenure" free="1205264" total="5898240" percent="20">
      <mem type="soa" free="955408" total="5603328" percent="17" />
      <mem type="loa" free="249856" total="294912" percent="84" />
    </mem>
    <remembered-set count="73" />
  </mem-info>
</gc-start>
<allocation-stats totalBytes="2647600" >
  <allocated-bytes non-tlh="24" tlh="2647576" />
  <largest-consumer threadName="main" threadId="000000000186D700" bytes="2647600" />
</allocation-stats>
<gc-op id="997" type="scavenge" timems="0.163" contextid="994" timestamp="2019-06-17T05:46:09.973">
  <scavenger-info tenureage="3" tenuremask="fff8" tiltratio="89" />
  <memory-copied type="nursery" objects="8" bytes="32960" bytesdiscarded="6208" />
</gc-op>
<gc-end id="998" type="scavenge" contextid="994" durationms="0.595" usertimems="0.000" systemtimems="0.000" timestamp="2019-06-17T05:46:09.973" activeThreads="4">
  <mem-info id="999" free="3853072" total="8912896" percent="43">
    <mem type="nursery" free="2647808" total="3014656" percent="87">
      <mem type="allocate" free="2647808" total="2686976" percent="98" />
      <mem type="survivor" free="0" total="327680" percent="0" />
    </mem>
    <mem type="tenure" free="1205264" total="5898240" percent="20">
      <mem type="soa" free="955408" total="5603328" percent="17" />
      <mem type="loa" free="249856" total="294912" percent="84" />
    </mem>
    <remembered-set count="73" />
  </mem-info>
</gc-end>
<cycle-end id="1000" type="scavenge" contextid="994" timestamp="2019-06-17T05:46:09.973" />
  <attribute name="elasticGC enabled" value="1" />
  <attribute name= "numThreadsSpecified" value="4" />
  <attribute name="heapSize specified" value="9175040" />
  <attribute name="Current GC Util" value="1" />
  <attribute name= "Current Time Running" value="8574" />
  <attribute name ="GC Interval" value="200" />
  <attribute name="ProportionalT" value="-19.000000" />
  <attribute name="ProportionalI" value="-19.000000" />
  <attribute name="ProportionalH" value="-19.000000" />
  <attribute name="Current Error" value="-19.000000" />
  <attribute name="IntegralT" value="-1045.000000" />
  <attribute name="IntegralI" value="-1045.000000" />
  <attribute name="IntegralH" value="-1045.000000" />
  <attribute name="DerivativeT" value="-0.345455" />
  <attribute name="DerivativeI" value="-0.345455" />
  <attribute name="DerivativeH" value="-0.345455" />
  <attribute name="Loop Time for DT" value="55.000000" />
  <attribute name="Output H" value="2092630016"/>
  <attribute name="Output I" value="200"/>
  <attribute name="Output T" value="4"/>
  <attribute name="Target GC Util Change" value ="20.000000" />
  <attribute name="Current GC Util Change" value="1.000000"/>
  <attribute name="GC Util currently" value="1" />
  <attribute name="CPU Util currently" value="84752578050" />
<allocation-satisfied id="1001" threadId="000000000186D700" bytesRequested="24" />
<af-end id="1002" timestamp="2019-06-17T05:46:09.973" threadId="000000000186E088" success="true" from="nursery"/>
<exclusive-end id="1003" timestamp="2019-06-17T05:46:09.974" durationms="1.591" />

<exclusive-start id="1004" timestamp="2019-06-17T05:46:10.027" intervalms="54.844">
  <response-info timems="0.089" idlems="0.089" threads="0" lastid="000000000186D700" lastname="main" />
</exclusive-start>
<af-start id="1005" threadId="000000000186E088" totalBytesRequested="24" timestamp="2019-06-17T05:46:10.027" intervalms="54.828" type="nursery" />
<cycle-start id="1006" type="scavenge" contextid="0" timestamp="2019-06-17T05:46:10.027" intervalms="54.858" />
<gc-start id="1007" type="scavenge" contextid="1006" timestamp="2019-06-17T05:46:10.027">
  <mem-info id="1008" free="1205264" total="8912896" percent="13">
    <mem type="nursery" free="0" total="3014656" percent="0">
      <mem type="allocate" free="0" total="2686976" percent="0" />
      <mem type="survivor" free="0" total="327680" percent="0" />
    </mem>
    <mem type="tenure" free="1205264" total="5898240" percent="20">
      <mem type="soa" free="955408" total="5603328" percent="17" />
      <mem type="loa" free="249856" total="294912" percent="84" />
    </mem>
    <remembered-set count="73" />
  </mem-info>
</gc-start>
<allocation-stats totalBytes="2647600" >
  <allocated-bytes non-tlh="24" tlh="2647576" />
  <largest-consumer threadName="main" threadId="000000000186D700" bytes="2647600" />
</allocation-stats>
<gc-op id="1009" type="scavenge" timems="0.196" contextid="1006" timestamp="2019-06-17T05:46:10.028">
  <scavenger-info tenureage="3" tenuremask="fff8" tiltratio="89" />
  <memory-copied type="nursery" objects="8" bytes="32960" bytesdiscarded="6208" />
</gc-op>
<gc-end id="1010" type="scavenge" contextid="1006" durationms="0.646" usertimems="0.000" systemtimems="0.000" timestamp="2019-06-17T05:46:10.028" activeThreads="4">
  <mem-info id="1011" free="3853072" total="8912896" percent="43">
    <mem type="nursery" free="2647808" total="3014656" percent="87">
      <mem type="allocate" free="2647808" total="2686976" percent="98" />
      <mem type="survivor" free="0" total="327680" percent="0" />
    </mem>
    <mem type="tenure" free="1205264" total="5898240" percent="20">
      <mem type="soa" free="955408" total="5603328" percent="17" />
      <mem type="loa" free="249856" total="294912" percent="84" />
    </mem>
    <remembered-set count="73" />
  </mem-info>
</gc-end>
<cycle-end id="1012" type="scavenge" contextid="1006" timestamp="2019-06-17T05:46:10.028" />
  <attribute name="elasticGC enabled" value="1" />
  <attribute name= "numThreadsSpecified" value="4" />
  <attribute name="heapSize specified" value="9175040" />
  <attribute name="Current GC Util" value="0" />
  <attribute name= "Current Time Running" value="8629" />
  <attribute name ="GC Interval" value="200" />
  <attribute name="ProportionalT" value="-20.000000" />
  <attribute name="ProportionalI" value="-20.000000" />
  <attribute name="ProportionalH" value="-20.000000" />
  <attribute name="Current Error" value="-20.000000" />
  <attribute name="IntegralT" value="-1100.000000" />
  <attribute name="IntegralI" value="-1100.000000" />
  <attribute name="IntegralH" value="-1100.000000" />
  <attribute name="DerivativeT" value="-0.363636" />
  <attribute name="DerivativeI" value="-0.363636" />
  <attribute name="DerivativeH" value="-0.363636" />
  <attribute name="Loop Time for DT" value="55.000000" />
  <attribute name="Output H" value="2092630016"/>
  <attribute name="Output I" value="200"/>
  <attribute name="Output T" value="4"/>
  <attribute name="Target GC Util Change" value ="20.000000" />
  <attribute name="Current GC Util Change" value="0.000000"/>
  <attribute name="GC Util currently" value="0" />
  <attribute name="CPU Util currently" value="84089467069" />
<allocation-satisfied id="1013" threadId="000000000186D700" bytesRequested="24" />
<af-end id="1014" timestamp="2019-06-17T05:46:10.028" threadId="000000000186E088" success="true" from="nursery"/>
<exclusive-end id="1015" timestamp="2019-06-17T05:46:10.028" durationms="1.473" />

<exclusive-start id="1016" timestamp="2019-06-17T05:46:10.417" intervalms="390.382">
  <response-info timems="0.025" idlems="0.025" threads="0" lastid="000000000186D700" lastname="main" />
</exclusive-start>
<af-start id="1017" threadId="000000000186E088" totalBytesRequested="152" timestamp="2019-06-17T05:46:10.417" intervalms="390.309" type="nursery" />
<cycle-start id="1018" type="scavenge" contextid="0" timestamp="2019-06-17T05:46:10.417" intervalms="390.208" />
<gc-start id="1019" type="scavenge" contextid="1018" timestamp="2019-06-17T05:46:10.417">
  <mem-info id="1020" free="1169472" total="8912896" percent="13">
    <mem type="nursery" free="0" total="3014656" percent="0">
      <mem type="allocate" free="0" total="2686976" percent="0" />
      <mem type="survivor" free="0" total="327680" percent="0" />
    </mem>
    <mem type="tenure" free="1169472" total="5898240" percent="19">
      <mem type="soa" free="919616" total="5603328" percent="16" />
      <mem type="loa" free="249856" total="294912" percent="84" />
    </mem>
    <remembered-set count="563" />
  </mem-info>
</gc-start>
<allocation-stats totalBytes="2683224" >
  <allocated-bytes non-tlh="35816" tlh="2647408" />
  <largest-consumer threadName="main" threadId="000000000186D700" bytes="2683224" />
</allocation-stats>
<gc-op id="1021" type="scavenge" timems="0.366" contextid="1018" timestamp="2019-06-17T05:46:10.418">
  <scavenger-info tenureage="3" tenuremask="fff8" tiltratio="89" />
  <memory-copied type="nursery" objects="2630" bytes="130696" bytesdiscarded="128552" />
  <references type="soft" candidates="3" cleared="0" enqueued="0" dynamicThreshold="9" maxThreshold="32" />
  <references type="weak" candidates="29" cleared="21" enqueued="19" />
  <references type="phantom" candidates="4" cleared="2" enqueued="2" />
</gc-op>
<gc-end id="1022" type="scavenge" contextid="1018" durationms="0.565" usertimems="0.000" systemtimems="0.000" timestamp="2019-06-17T05:46:10.418" activeThreads="4">
  <mem-info id="1023" free="3597104" total="8912896" percent="40">
    <mem type="nursery" free="2427632" total="3014656" percent="80">
      <mem type="allocate" free="2427632" total="2686976" percent="90" />
      <mem type="survivor" free="0" total="327680" percent="0" />
    </mem>
    <mem type="tenure" free="1169472" total="5898240" percent="19">
      <mem type="soa" free="919616" total="5603328" percent="16" />
      <mem type="loa" free="249856" total="294912" percent="84" />
    </mem>
    <pending-finalizers system="0" default="0" reference="21" classloader="0" />
    <remembered-set count="560" />
  </mem-info>
</gc-end>
<cycle-end id="1024" type="scavenge" contextid="1018" timestamp="2019-06-17T05:46:10.418" />
  <attribute name="elasticGC enabled" value="1" />
  <attribute name= "numThreadsSpecified" value="4" />
  <attribute name="heapSize specified" value="9175040" />
  <attribute name="Current GC Util" value="0" />
  <attribute name= "Current Time Running" value="9019" />
  <attribute name ="GC Interval" value="200" />
  <attribute name="ProportionalT" value="-20.000000" />
  <attribute name="ProportionalI" value="-20.000000" />
  <attribute name="ProportionalH" value="-20.000000" />
  <attribute name="Current Error" value="-20.000000" />
  <attribute name="IntegralT" value="-7800.000000" />
  <attribute name="IntegralI" value="-7800.000000" />
  <attribute name="IntegralH" value="-7800.000000" />
  <attribute name="DerivativeT" value="-0.051282" />
  <attribute name="DerivativeI" value="-0.051282" />
  <attribute name="DerivativeH" value="-0.051282" />
  <attribute name="Loop Time for DT" value="390.000000" />
  <attribute name="Output H" value="2092630016"/>
  <attribute name="Output I" value="200"/>
  <attribute name="Output T" value="4"/>
  <attribute name="Target GC Util Change" value ="20.000000" />
  <attribute name="Current GC Util Change" value="0.000000"/>
  <attribute name="GC Util currently" value="0" />
  <attribute name="CPU Util currently" value="11826747449" />
<allocation-satisfied id="1025" threadId="000000000186D700" bytesRequested="152" />
<af-end id="1026" timestamp="2019-06-17T05:46:10.418" threadId="000000000186E088" success="true" from="nursery"/>
<exclusive-end id="1027" timestamp="2019-06-17T05:46:10.418" durationms="1.121" />

</verbosegc>

