<?xml version="1.0" ?>

<verbosegc xmlns="http://www.ibm.com/j9/verbosegc" version="10b4217_CMPRSS">

<initialized id="1" timestamp="2019-06-15T19:53:07.309">
  <attribute name="gcPolicy" value="-Xgcpolicy:balanced" />
  <attribute name="elasticGC enabled" value="1" />
  <attribute name= "numThreadsSpecified" value="0" />
  <attribute name="heapSize specified" value="0" />
  <attribute name="Current GC Util" value="0" />
  <attribute name= "Current Time Running" value="0" />
  <attribute name ="GC Interval" value="0" />
  <attribute name="ProportionalT" value="0.000000" />
  <attribute name="ProportionalI" value="0.000000" />
  <attribute name="ProportionalH" value="0.000000" />
  <attribute name="IntegralT" value="0.000000" />
  <attribute name="IntegralI" value="0.000000" />
  <attribute name="IntegralH" value="0.000000" />
  <attribute name="DerivativeT" value="0.000000" />
  <attribute name="DerivativeI" value="0.000000" />
  <attribute name="DerivativeH" value="0.000000" />
  <attribute name="Target GC Util Change" value ="0.000000" />
  <attribute name="Current GC Util Change" value="0.000000"/>
  <attribute name="Current Error" value="0.000000" />
  <attribute name="Loop Time for DT" value="0.000000" />
  <attribute name="Output H" value="0"/>
  <attribute name="Output I" value="0"/>
  <attribute name="Output T" value="0"/>
  <attribute name="GC Util currently" value="0" />
  <attribute name="CPU Util currently" value="0" />
  <attribute name="maxHeapSize" value="0x7cb00000" />
  <attribute name="initialHeapSize" value="0x800000" />
  <attribute name="compressedRefs" value="true" />
  <attribute name="compressedRefsDisplacement" value="0x0" />
  <attribute name="compressedRefsShift" value="0x0" />
  <attribute name="pageSize" value="0x1000" />
  <attribute name="pageType" value="not used" />
  <attribute name="requestedPageSize" value="0x1000" />
  <attribute name="requestedPageType" value="not used" />
  <attribute name="gcthreads" value="4" />
  <attribute name="packetListSplit" value="4" />
  <attribute name="cacheListSplit" value="4" />
  <attribute name="splitFreeListSplitAmount" value="1" />
  <attribute name="numaNodes" value="0" />
  <region>
    <attribute name="regionSize" value="1048576" />
    <attribute name="regionCount" value="1995" />
    <attribute name="arrayletLeafSize" value="1048576" />
  </region>
  <system>
    <attribute name="physicalMemory" value="8370962432" />
    <attribute name="numCPUs" value="4" />
    <attribute name="architecture" value="amd64" />
    <attribute name="os" value="Linux" />
    <attribute name="osVersion" value="4.4.0-148-generic" />
  </system>
  <vmargs>
    <vmarg name="-Xoptionsfile=/vagrant/jdk/lib/options.default" />
    <vmarg name="-Xlockword:mode=default,noLockword=java/lang/String,noLockword=java/util/MapEntry,noLockword=java/util/HashMap$Entry,noLockword..." />
    <vmarg name="-Xjcl:jclse29" />
    <vmarg name="-Dcom.ibm.oti.vm.bootstrap.library.path=/vagrant/jdk/lib/compressedrefs:/vagrant/jdk/lib" />
    <vmarg name="-Dsun.boot.library.path=/vagrant/jdk/lib/compressedrefs:/vagrant/jdk/lib" />
    <vmarg name="-Djava.library.path=/vagrant/jdk/lib/compressedrefs:/vagrant/jdk/lib:/usr/lib64:/usr/lib" />
    <vmarg name="-Djava.home=/vagrant/jdk" />
    <vmarg name="-Duser.dir=/vagrant" />
    <vmarg name="-Xgcpolicy:balanced" />
    <vmarg name="-Xgcelastic" />
    <vmarg name="-Xcheck:gc:::elasticGC" />
    <vmarg name="-verbose:gc" />
    <vmarg name="-Xloggc:default-Balanced-jdk-1.5-1-0.5-verbose12sunflow.txt" />
    <vmarg name="-Djava.class.path=dacapo-9.12-MR1-bach.jar" />
    <vmarg name="-Dsun.java.command=dacapo-9.12-MR1-bach.jar sunflow --size=default" />
    <vmarg name="-Dsun.java.launcher=SUN_STANDARD" />
    <vmarg name="-Dsun.java.launcher.pid=15669" />
  </vmargs>
</initialized>

<exclusive-start id="2" timestamp="2019-06-15T19:53:07.776" intervalms="467.123">
  <response-info timems="0.072" idlems="0.072" threads="0" lastid="00000000024BE700" lastname="main" />
</exclusive-start>
<sys-start reason="explicit" id="3" timestamp="2019-06-15T19:53:07.776" intervalms="467.479" />
<cycle-start id="4" type="global garbage collect" contextid="0" timestamp="2019-06-15T19:53:07.776" intervalms="467.827" />
<gc-start id="5" type="global garbage collect" contextid="4" timestamp="2019-06-15T19:53:07.777">
  <mem-info id="6" free="2228216" total="8388608" percent="26">
    <mem type="eden" free="131088" total="6291456" percent="2" />
    <remembered-set count="0" freebytes="334848" totalbytes="334848" percent="100" regionsoverflowed="0" regionsstable="0" regionsrebuilding="0"/>
  </mem-info>
</gc-start>
<allocation-stats totalBytes="6157320" >
  <allocated-bytes non-tlh="1222832" tlh="4934488" arrayletleaf="0"/>
  <largest-consumer threadName="main" threadId="00000000024BE700" bytes="6079784" />
</allocation-stats>
<gc-op id="7" type="global mark" timems="3.696" contextid="4" timestamp="2019-06-15T19:53:07.781">
  <trace-info objectcount="30298" scancount="23630" scanbytes="765124" />
  <finalization candidates="125" enqueued="1" />
  <ownableSynchronizers candidates="3" cleared="0" />
  <references type="soft" candidates="131" cleared="0" enqueued="0" dynamicThreshold="32" maxThreshold="32" />
  <references type="weak" candidates="1322" cleared="569" enqueued="479" />
  <references type="phantom" candidates="106" cleared="42" enqueued="42" />
  <stringconstants candidates="3958" cleared="0"  />
</gc-op>
<gc-op id="8" type="classunload" timems="0.084" contextid="4" timestamp="2019-06-15T19:53:07.781">
  <classunload-info classloadercandidates="7" classloadersunloaded="0" classesunloaded="0" anonymousclassesunloaded="0" quiescems="0.000" setupms="0.084" scanms="0.000" postms="0.000" />
</gc-op>
<gc-op id="9" type="sweep" timems="0.551" contextid="4" timestamp="2019-06-15T19:53:07.782" />
<gc-op id="10" type="compact" timems="4.015" contextid="4" timestamp="2019-06-15T19:53:07.786">
  <compact-info movecount="30298" movebytes="1861680" />
  <remembered-set-cleared processed="3445" cleared="3445" durationms="0.131" />
</gc-op>
<gc-end id="11" type="global garbage collect" contextid="4" durationms="10.194" usertimems="12.000" systemtimems="0.000" timestamp="2019-06-15T19:53:07.787" activeThreads="4">
  <mem-info id="12" free="6291456" total="8388608" percent="75">
    <pending-finalizers system="1" default="0" reference="521" classloader="0" />
    <remembered-set count="2048" freebytes="326656" totalbytes="334848" percent="97" regionsoverflowed="0" regionsstable="0" regionsrebuilding="0"/>
  </mem-info>
</gc-end>
<cycle-end id="13" type="global garbage collect" contextid="4" timestamp="2019-06-15T19:53:07.787" />
  <attribute name="elasticGC enabled" value="1" />
  <attribute name= "numThreadsSpecified" value="4" />
  <attribute name="heapSize specified" value="0" />
  <attribute name="Current GC Util" value="39" />
  <attribute name= "Current Time Running" value="349" />
  <attribute name ="GC Interval" value="0" />
  <attribute name="ProportionalT" value="28.500000" />
  <attribute name="ProportionalI" value="28.500000" />
  <attribute name="ProportionalH" value="28.500000" />
  <attribute name="Current Error" value="19.000000" />
  <attribute name="IntegralT" value="-6621.000000" />
  <attribute name="IntegralI" value="-6621.000000" />
  <attribute name="IntegralH" value="-6621.000000" />
  <attribute name="DerivativeT" value="-20.500000" />
  <attribute name="DerivativeI" value="-20.500000" />
  <attribute name="DerivativeH" value="-20.500000" />
  <attribute name="Loop Time for DT" value="1.000000" />
  <attribute name="Output H" value="2091843584"/>
  <attribute name="Output I" value="200"/>
  <attribute name="Output T" value="4"/>
  <attribute name="Target GC Util Change" value ="20.000000" />
  <attribute name="Current GC Util Change" value="39.000000"/>
  <attribute name="GC Util currently" value="39" />
  <attribute name="CPU Util currently" value="5983630850662" />
<sys-end id="14" timestamp="2019-06-15T19:53:07.787" />
<exclusive-end id="15" timestamp="2019-06-15T19:53:07.787" durationms="11.756" />

<exclusive-start id="16" timestamp="2019-06-15T19:53:07.988" intervalms="211.876">
  <response-info timems="0.031" idlems="0.031" threads="0" lastid="0000000002817500" lastname="Thread-5" />
</exclusive-start>
<allocation-taxation id="17" taxation-threshold="6291456" timestamp="2019-06-15T19:53:07.988" intervalms="679.263" />
<cycle-start id="18" type="partial gc" contextid="0" timestamp="2019-06-15T19:53:07.988" intervalms="679.623" />
<gc-start id="19" type="partial gc" contextid="18" timestamp="2019-06-15T19:53:07.988">
  <mem-info id="20" free="0" total="8388608" percent="0">
    <mem type="eden" free="7960" total="6291456" percent="0" />
    <remembered-set count="2016" freebytes="326784" totalbytes="334848" percent="97" regionsoverflowed="0" regionsstable="0" regionsrebuilding="0"/>
  </mem-info>
</gc-start>
<allocation-stats totalBytes="6228760" >
  <allocated-bytes non-tlh="1248472" tlh="4980288" arrayletleaf="0"/>
  <largest-consumer threadName="main" threadId="00000000024BE700" bytes="2982240" />
</allocation-stats>
<gc-op id="21" type="mark" timems="2.257" contextid="18" timestamp="2019-06-15T19:53:07.991">
  <trace-info objectcount="14751" scancount="11870" scanbytes="447664" />
  <cardclean-info objects="1323" bytes="48940" />
  <remembered-set-cleared processed="1073" cleared="105" durationms="0.062" />
  <references type="soft" candidates="17" cleared="0" enqueued="0" dynamicThreshold="24" maxThreshold="32" />
  <references type="weak" candidates="45" cleared="29" enqueued="28" />
  <references type="phantom" candidates="2" cleared="0" enqueued="0" />
  <stringconstants candidates="4534" cleared="1"  />
  <warning details="Mark invoked due to insufficient free space for Copy-Forward" />
</gc-op>
<gc-op id="22" type="classunload" timems="0.002" contextid="18" timestamp="2019-06-15T19:53:07.992">
  <classunload-info classloadercandidates="8" classloadersunloaded="0" classesunloaded="0" anonymousclassesunloaded="0" quiescems="0.000" setupms="0.002" scanms="0.000" postms="0.000" />
</gc-op>
<gc-op id="23" type="sweep" timems="0.500" contextid="18" timestamp="2019-06-15T19:53:07.992" />
<gc-op id="24" type="compact" timems="2.074" contextid="18" timestamp="2019-06-15T19:53:07.995">
  <compact-info movecount="14620" movebytes="1412952" />
  <remembered-set-cleared processed="3577" cleared="1576" durationms="0.062" />
</gc-op>
<heap-resize id="25" type="expand" space="default" amount="1048576" count="1" timems="0.060" reason="insufficient free space following gc" timestamp="2019-06-15T19:53:07.995" />
<gc-end id="26" type="partial gc" contextid="18" durationms="6.884" usertimems="4.000" systemtimems="0.000" timestamp="2019-06-15T19:53:07.995" activeThreads="4">
  <mem-info id="27" free="5242880" total="9437184" percent="55">
    <mem type="eden" free="626136" total="2097152" percent="29" />
    <pending-finalizers system="0" default="0" reference="28" classloader="0" />
    <remembered-set count="2656" freebytes="366080" totalbytes="376704" percent="97" regionsoverflowed="0" regionsstable="0" regionsrebuilding="0"/>
  </mem-info>
</gc-end>
<cycle-end id="28" type="partial gc" contextid="18" timestamp="2019-06-15T19:53:07.996" />
  <attribute name="elasticGC enabled" value="1" />
  <attribute name= "numThreadsSpecified" value="4" />
  <attribute name="heapSize specified" value="0" />
  <attribute name="Current GC Util" value="22" />
  <attribute name= "Current Time Running" value="559" />
  <attribute name ="GC Interval" value="0" />
  <attribute name="ProportionalT" value="3.000000" />
  <attribute name="ProportionalI" value="3.000000" />
  <attribute name="ProportionalH" value="3.000000" />
  <attribute name="Current Error" value="2.000000" />
  <attribute name="IntegralT" value="2.000000" />
  <attribute name="IntegralI" value="2.000000" />
  <attribute name="IntegralH" value="2.000000" />
  <attribute name="DerivativeT" value="1.000000" />
  <attribute name="DerivativeI" value="1.000000" />
  <attribute name="DerivativeH" value="1.000000" />
  <attribute name="Loop Time for DT" value="1.000000" />
  <attribute name="Output H" value="8388608"/>
  <attribute name="Output I" value="200"/>
  <attribute name="Output T" value="4"/>
  <attribute name="Target GC Util Change" value ="20.000000" />
  <attribute name="Current GC Util Change" value="22.000000"/>
  <attribute name="GC Util currently" value="22" />
  <attribute name="CPU Util currently" value="5796240505344" />
<exclusive-end id="29" timestamp="2019-06-15T19:53:07.996" durationms="8.115" />

<exclusive-start id="30" timestamp="2019-06-15T19:53:08.033" intervalms="45.917">
  <response-info timems="0.037" idlems="0.037" threads="0" lastid="0000000002817500" lastname="Thread-5" />
</exclusive-start>
<allocation-taxation id="31" taxation-threshold="2097152" timestamp="2019-06-15T19:53:08.034" intervalms="45.803" />
<cycle-start id="32" type="global mark phase" contextid="0" timestamp="2019-06-15T19:53:08.034" intervalms="725.203" />
<gc-start id="33" type="global mark phase" contextid="32" timestamp="2019-06-15T19:53:08.034">
  <mem-info id="34" free="3145728" total="9437184" percent="33">
    <remembered-set count="2624" freebytes="366208" totalbytes="376704" percent="97" regionsoverflowed="0" regionsstable="0" regionsrebuilding="0"/>
  </mem-info>
</gc-start>
<gc-op id="35" type="mark increment" timems="0.544" contextid="32" timestamp="2019-06-15T19:53:08.034">
  <trace-info objectcount="170" scancount="0" scanbytes="0" />
</gc-op>
<gc-end id="36" type="global mark phase" contextid="32" durationms="0.681" usertimems="0.000" systemtimems="0.000" timestamp="2019-06-15T19:53:08.035" activeThreads="1">
  <mem-info id="37" free="3145728" total="9437184" percent="33">
    <remembered-set count="2624" freebytes="366208" totalbytes="376704" percent="97" regionsoverflowed="0" regionsstable="0" regionsrebuilding="0"/>
  </mem-info>
</gc-end>
<concurrent-start id="38" type="GMP work packet processing" contextid="32" timestamp="2019-06-15T19:53:08.035">
  <concurrent-mark-start scanTarget="18446744073709551615" />
</concurrent-start>
<exclusive-end id="39" timestamp="2019-06-15T19:53:08.035" durationms="1.249" />

<concurrent-end id="40" type="GMP work packet processing" contextid="32" timestamp="2019-06-15T19:53:08.037">
  <concurrent-mark-end bytesScanned="1187336" reasonForTermination="Completed all work in GC phase" />
</concurrent-end>

<exclusive-start id="41" timestamp="2019-06-15T19:53:08.040" intervalms="6.738">
  <response-info timems="0.025" idlems="0.025" threads="0" lastid="0000000002817500" lastname="Thread-5" />
</exclusive-start>
<allocation-taxation id="42" taxation-threshold="2097152" timestamp="2019-06-15T19:53:08.040" intervalms="6.704" />
<cycle-start id="43" type="partial gc" contextid="0" timestamp="2019-06-15T19:53:08.040" intervalms="52.261" />
<gc-start id="44" type="partial gc" contextid="43" timestamp="2019-06-15T19:53:08.041">
  <mem-info id="45" free="1048576" total="9437184" percent="11">
    <mem type="eden" free="0" total="4194304" percent="0" />
    <remembered-set count="2624" freebytes="366208" totalbytes="376704" percent="97" regionsoverflowed="0" regionsstable="0" regionsrebuilding="0"/>
  </mem-info>
</gc-start>
<allocation-stats totalBytes="4177584" >
  <allocated-bytes non-tlh="53872" tlh="4123712" arrayletleaf="0"/>
  <largest-consumer threadName="Thread-5" threadId="0000000002817500" bytes="2091440" />
</allocation-stats>
<gc-op id="46" type="copy forward" timems="4.281" contextid="43" timestamp="2019-06-15T19:53:08.046">
  <memory-copied type="eden" objects="18" bytes="127224" bytesdiscarded="0" />
  <memory-copied type="other" objects="14636" bytes="1221360" bytesdiscarded="0" />
  <memory-cardclean objects="134" bytes="10088" />
  <regions eden="4" other="2" />
  <remembered-set-cleared processed="1692" cleared="657" durationms="0.056" />
  <references type="soft" candidates="17" cleared="0" enqueued="0" dynamicThreshold="10" maxThreshold="32" />
  <references type="weak" candidates="16" cleared="0" enqueued="0" />
  <references type="phantom" candidates="2" cleared="0" enqueued="0" />
  <stringconstants candidates="4533" cleared="0"  />
  <heap-resize type="expand" space="default" amount="2097152" count="2" timems="0.118" reason="continue current collection" />
</gc-op>
<gc-op id="47" type="classunload" timems="0.002" contextid="43" timestamp="2019-06-15T19:53:08.046">
  <classunload-info classloadercandidates="8" classloadersunloaded="0" classesunloaded="0" anonymousclassesunloaded="0" quiescems="0.000" setupms="0.002" scanms="0.000" postms="0.000" />
</gc-op>
<gc-op id="48" type="compact" timems="0.960" contextid="43" timestamp="2019-06-15T19:53:08.047">
  <compact-info movecount="0" movebytes="0" />
  <remembered-set-cleared processed="3291" cleared="657" durationms="0.057" />
</gc-op>
<gc-end id="49" type="partial gc" contextid="43" durationms="6.513" usertimems="4.000" systemtimems="0.000" timestamp="2019-06-15T19:53:08.047" activeThreads="4">
  <mem-info id="50" free="6291456" total="11534336" percent="54">
    <mem type="eden" free="921352" total="1048576" percent="87" />
    <remembered-set count="2304" freebytes="451200" totalbytes="460416" percent="97" regionsoverflowed="0" regionsstable="0" regionsrebuilding="0"/>
  </mem-info>
</gc-end>
<cycle-end id="51" type="partial gc" contextid="43" timestamp="2019-06-15T19:53:08.047" />
  <attribute name="elasticGC enabled" value="1" />
  <attribute name= "numThreadsSpecified" value="4" />
  <attribute name="heapSize specified" value="0" />
  <attribute name="Current GC Util" value="0" />
  <attribute name= "Current Time Running" value="613" />
  <attribute name ="GC Interval" value="0" />
  <attribute name="ProportionalT" value="-30.000000" />
  <attribute name="ProportionalI" value="-30.000000" />
  <attribute name="ProportionalH" value="-30.000000" />
  <attribute name="Current Error" value="-20.000000" />
  <attribute name="IntegralT" value="-100.000000" />
  <attribute name="IntegralI" value="-100.000000" />
  <attribute name="IntegralH" value="-100.000000" />
  <attribute name="DerivativeT" value="-2.500000" />
  <attribute name="DerivativeI" value="-2.500000" />
  <attribute name="DerivativeH" value="-2.500000" />
  <attribute name="Loop Time for DT" value="5.000000" />
  <attribute name="Output H" value="2091843584"/>
  <attribute name="Output I" value="200"/>
  <attribute name="Output T" value="4"/>
  <attribute name="Target GC Util Change" value ="20.000000" />
  <attribute name="Current GC Util Change" value="0.000000"/>
  <attribute name="GC Util currently" value="0" />
  <attribute name="CPU Util currently" value="1016563714150" />
<exclusive-end id="52" timestamp="2019-06-15T19:53:08.047" durationms="7.273" />

<exclusive-start id="53" timestamp="2019-06-15T19:53:08.081" intervalms="40.579">
  <response-info timems="1.185" idlems="0.602" threads="1" lastid="0000000002813900" lastname="Thread-7" />
</exclusive-start>
<allocation-taxation id="54" taxation-threshold="3145728" timestamp="2019-06-15T19:53:08.081" intervalms="40.641" />
<gc-start id="55" type="global mark phase" contextid="32" timestamp="2019-06-15T19:53:08.081">
  <mem-info id="56" free="3145728" total="11534336" percent="27">
    <remembered-set count="2304" freebytes="451200" totalbytes="460416" percent="97" regionsoverflowed="0" regionsstable="0" regionsrebuilding="0"/>
  </mem-info>
</gc-start>
<gc-op id="57" type="mark increment" timems="1.209" contextid="32" timestamp="2019-06-15T19:53:08.083">
  <trace-info objectcount="18403" scancount="18318" scanbytes="945060" />
  <cardclean-info objects="736" bytes="32772" />
  <finalization candidates="124" enqueued="0" />
  <ownableSynchronizers candidates="3" cleared="0" />
  <references type="soft" candidates="148" cleared="0" enqueued="0" dynamicThreshold="17" maxThreshold="32" />
  <references type="weak" candidates="769" cleared="0" enqueued="0" />
  <references type="phantom" candidates="65" cleared="2" enqueued="2" />
  <stringconstants candidates="4596" cleared="0"  />
</gc-op>
<gc-op id="58" type="classunload" timems="0.004" contextid="32" timestamp="2019-06-15T19:53:08.083">
  <classunload-info classloadercandidates="8" classloadersunloaded="0" classesunloaded="0" anonymousclassesunloaded="0" quiescems="0.000" setupms="0.004" scanms="0.000" postms="0.000" />
</gc-op>
<gc-end id="59" type="global mark phase" contextid="32" durationms="1.591" usertimems="0.000" systemtimems="0.000" timestamp="2019-06-15T19:53:08.083" activeThreads="1">
  <mem-info id="60" free="3145728" total="11534336" percent="27">
    <pending-finalizers system="0" default="0" reference="2" classloader="0" />
    <remembered-set count="2304" freebytes="451200" totalbytes="460416" percent="97" regionsoverflowed="0" regionsstable="0" regionsrebuilding="0"/>
  </mem-info>
</gc-end>
<cycle-end id="61" type="global mark phase" contextid="32" timestamp="2019-06-15T19:53:08.083" />
  <attribute name="elasticGC enabled" value="1" />
  <attribute name= "numThreadsSpecified" value="1" />
  <attribute name="heapSize specified" value="0" />
  <attribute name="Current GC Util" value="78" />
  <attribute name= "Current Time Running" value="649" />
  <attribute name ="GC Interval" value="0" />
  <attribute name="ProportionalT" value="87.000000" />
  <attribute name="ProportionalI" value="87.000000" />
  <attribute name="ProportionalH" value="87.000000" />
  <attribute name="Current Error" value="58.000000" />
  <attribute name="IntegralT" value="0.000000" />
  <attribute name="IntegralI" value="0.000000" />
  <attribute name="IntegralH" value="0.000000" />
  <attribute name="DerivativeT" value="inf" />
  <attribute name="DerivativeI" value="inf" />
  <attribute name="DerivativeH" value="inf" />
  <attribute name="Loop Time for DT" value="0.000000" />
  <attribute name="Output H" value="8388608"/>
  <attribute name="Output I" value="200"/>
  <attribute name="Output T" value="1"/>
  <attribute name="Target GC Util Change" value ="20.000000" />
  <attribute name="Current GC Util Change" value="78.000000"/>
  <attribute name="GC Util currently" value="78" />
  <attribute name="CPU Util currently" value="10604258589284" />
<exclusive-end id="62" timestamp="2019-06-15T19:53:08.083" durationms="2.382" />

<exclusive-start id="63" timestamp="2019-06-15T19:53:08.125" intervalms="44.521">
  <response-info timems="0.041" idlems="0.019" threads="2" lastid="0000000002813900" lastname="Thread-7" />
</exclusive-start>
<allocation-taxation id="64" taxation-threshold="3145728" timestamp="2019-06-15T19:53:08.125" intervalms="44.476" />
<cycle-start id="65" type="partial gc" contextid="0" timestamp="2019-06-15T19:53:08.126" intervalms="85.125" />
<gc-start id="66" type="partial gc" contextid="65" timestamp="2019-06-15T19:53:08.126">
  <mem-info id="67" free="0" total="11534336" percent="0">
    <mem type="eden" free="0" total="6291456" percent="0" />
    <remembered-set count="2304" freebytes="451200" totalbytes="460416" percent="97" regionsoverflowed="0" regionsstable="0" regionsrebuilding="0"/>
  </mem-info>
</gc-start>
<allocation-stats totalBytes="6284824" >
  <allocated-bytes non-tlh="536120" tlh="5748704" arrayletleaf="0"/>
  <largest-consumer threadName="Thread-9" threadId="0000000002817500" bytes="991056" />
</allocation-stats>
<gc-op id="68" type="sweep" timems="0.482" contextid="65" timestamp="2019-06-15T19:53:08.127" />
<gc-op id="69" type="copy forward" timems="2.839" contextid="65" timestamp="2019-06-15T19:53:08.130">
  <memory-copied type="eden" objects="2491" bytes="109152" bytesdiscarded="1" />
  <memory-copied type="other" objects="18265" bytes="1264504" bytesdiscarded="23" />
  <memory-cardclean objects="287" bytes="13320" />
  <memory-traced type="eden" objects="436" bytes="11632" />
  <memory-traced type="other" objects="0" bytes="0" />
  <regions eden="3" other="3" evacuated="5" marked="1" />
  <remembered-set-cleared processed="1609" cleared="43" durationms="0.061" />
  <stringconstants candidates="4596" cleared="0"  />
  <heap-resize type="expand" space="default" amount="1048576" count="1" timems="0.061" reason="continue current collection" />
</gc-op>
<gc-op id="70" type="classunload" timems="0.003" contextid="65" timestamp="2019-06-15T19:53:08.130">
  <classunload-info classloadercandidates="8" classloadersunloaded="0" classesunloaded="0" anonymousclassesunloaded="0" quiescems="0.000" setupms="0.002" scanms="0.000" postms="0.000" />
</gc-op>
<gc-op id="71" type="sweep" timems="0.488" contextid="65" timestamp="2019-06-15T19:53:08.131" />
<gc-op id="72" type="compact" timems="1.158" contextid="65" timestamp="2019-06-15T19:53:08.132">
  <compact-info movecount="436" movebytes="11632" />
  <remembered-set-cleared processed="3465" cleared="91" durationms="0.061" />
</gc-op>
<gc-end id="73" type="partial gc" contextid="65" durationms="6.819" usertimems="8.000" systemtimems="0.000" timestamp="2019-06-15T19:53:08.133" activeThreads="4">
  <mem-info id="74" free="5242880" total="12582912" percent="41">
    <mem type="eden" free="1760376" total="3145728" percent="55" />
    <remembered-set count="3552" freebytes="488064" totalbytes="502272" percent="97" regionsoverflowed="0" regionsstable="0" regionsrebuilding="0"/>
  </mem-info>
</gc-end>
<cycle-end id="75" type="partial gc" contextid="65" timestamp="2019-06-15T19:53:08.133" />
  <attribute name="elasticGC enabled" value="1" />
  <attribute name= "numThreadsSpecified" value="4" />
  <attribute name="heapSize specified" value="0" />
  <attribute name="Current GC Util" value="23" />
  <attribute name= "Current Time Running" value="698" />
  <attribute name ="GC Interval" value="0" />
  <attribute name="ProportionalT" value="4.500000" />
  <attribute name="ProportionalI" value="4.500000" />
  <attribute name="ProportionalH" value="4.500000" />
  <attribute name="Current Error" value="3.000000" />
  <attribute name="IntegralT" value="3.000000" />
  <attribute name="IntegralI" value="3.000000" />
  <attribute name="IntegralH" value="3.000000" />
  <attribute name="DerivativeT" value="1.500000" />
  <attribute name="DerivativeI" value="1.500000" />
  <attribute name="DerivativeH" value="1.500000" />
  <attribute name="Loop Time for DT" value="1.000000" />
  <attribute name="Output H" value="8388608"/>
  <attribute name="Output I" value="200"/>
  <attribute name="Output T" value="4"/>
  <attribute name="Target GC Util Change" value ="20.000000" />
  <attribute name="Current GC Util Change" value="23.000000"/>
  <attribute name="GC Util currently" value="23" />
  <attribute name="CPU Util currently" value="6421386982925" />
<exclusive-end id="76" timestamp="2019-06-15T19:53:08.133" durationms="7.837" />

<exclusive-start id="77" timestamp="2019-06-15T19:53:08.160" intervalms="34.992">
  <response-info timems="0.247" idlems="0.247" threads="0" lastid="000000000280FD00" lastname="Thread-10" />
</exclusive-start>
<allocation-taxation id="78" taxation-threshold="5242880" timestamp="2019-06-15T19:53:08.160" intervalms="35.030" />
<cycle-start id="79" type="partial gc" contextid="0" timestamp="2019-06-15T19:53:08.161" intervalms="35.141" />
<gc-start id="80" type="partial gc" contextid="79" timestamp="2019-06-15T19:53:08.161">
  <mem-info id="81" free="0" total="12582912" percent="0">
    <mem type="eden" free="1036944" total="6291456" percent="16" />
    <remembered-set count="3072" freebytes="489984" totalbytes="502272" percent="97" regionsoverflowed="0" regionsstable="0" regionsrebuilding="0"/>
  </mem-info>
</gc-start>
<allocation-stats totalBytes="5241696" >
  <allocated-bytes non-tlh="0" tlh="5241696" arrayletleaf="0"/>
  <largest-consumer threadName="Thread-9" threadId="0000000002817500" bytes="1785552" />
</allocation-stats>
<gc-op id="82" type="mark" timems="1.567" contextid="79" timestamp="2019-06-15T19:53:08.163">
  <trace-info objectcount="22648" scancount="22563" scanbytes="1096452" />
  <cardclean-info objects="38" bytes="2660" />
  <remembered-set-cleared processed="1721" cleared="129" durationms="0.064" />
  <stringconstants candidates="4596" cleared="0"  />
  <warning details="Mark invoked due to insufficient free space for Copy-Forward" />
</gc-op>
<gc-op id="83" type="classunload" timems="0.002" contextid="79" timestamp="2019-06-15T19:53:08.163">
  <classunload-info classloadercandidates="8" classloadersunloaded="0" classesunloaded="0" anonymousclassesunloaded="0" quiescems="0.000" setupms="0.002" scanms="0.000" postms="0.000" />
</gc-op>
<gc-op id="84" type="sweep" timems="0.446" contextid="79" timestamp="2019-06-15T19:53:08.164" />
<gc-op id="85" type="compact" timems="2.794" contextid="79" timestamp="2019-06-15T19:53:08.167">
  <compact-info movecount="22607" movebytes="1419040" />
  <remembered-set-cleared processed="3529" cleared="345" durationms="0.064" />
</gc-op>
<heap-resize id="86" type="expand" space="default" amount="3145728" count="1" timems="0.080" reason="excessive time being spent in gc" timestamp="2019-06-15T19:53:08.167" />
<gc-end id="87" type="partial gc" contextid="79" durationms="6.398" usertimems="4.000" systemtimems="4.000" timestamp="2019-06-15T19:53:08.167" activeThreads="4">
  <mem-info id="88" free="8388608" total="15728640" percent="53">
    <mem type="eden" free="1007528" total="2097152" percent="48" />
    <remembered-set count="3840" freebytes="612480" totalbytes="627840" percent="97" regionsoverflowed="0" regionsstable="0" regionsrebuilding="0"/>
  </mem-info>
</gc-end>
<cycle-end id="89" type="partial gc" contextid="79" timestamp="2019-06-15T19:53:08.168" />
  <attribute name="elasticGC enabled" value="1" />
  <attribute name= "numThreadsSpecified" value="4" />
  <attribute name="heapSize specified" value="0" />
  <attribute name="Current GC Util" value="23" />
  <attribute name= "Current Time Running" value="731" />
  <attribute name ="GC Interval" value="0" />
  <attribute name="ProportionalT" value="4.500000" />
  <attribute name="ProportionalI" value="4.500000" />
  <attribute name="ProportionalH" value="4.500000" />
  <attribute name="Current Error" value="3.000000" />
  <attribute name="IntegralT" value="3.000000" />
  <attribute name="IntegralI" value="3.000000" />
  <attribute name="IntegralH" value="3.000000" />
  <attribute name="DerivativeT" value="-24.000000" />
  <attribute name="DerivativeI" value="-24.000000" />
  <attribute name="DerivativeH" value="-24.000000" />
  <attribute name="Loop Time for DT" value="1.000000" />
  <attribute name="Output H" value="2091843584"/>
  <attribute name="Output I" value="200"/>
  <attribute name="Output T" value="4"/>
  <attribute name="Target GC Util Change" value ="20.000000" />
  <attribute name="Current GC Util Change" value="23.000000"/>
  <attribute name="GC Util currently" value="23" />
  <attribute name="CPU Util currently" value="6556595026852" />
<exclusive-end id="90" timestamp="2019-06-15T19:53:08.168" durationms="7.544" />

<exclusive-start id="91" timestamp="2019-06-15T19:53:08.186" intervalms="25.671">
  <response-info timems="0.041" idlems="0.023" threads="1" lastid="000000000280FD00" lastname="Thread-10" />
</exclusive-start>
<allocation-taxation id="92" taxation-threshold="4194304" timestamp="2019-06-15T19:53:08.186" intervalms="25.692" />
<cycle-start id="93" type="global mark phase" contextid="0" timestamp="2019-06-15T19:53:08.186" intervalms="152.610" />
<gc-start id="94" type="global mark phase" contextid="93" timestamp="2019-06-15T19:53:08.187">
  <mem-info id="95" free="4194304" total="15728640" percent="26">
    <remembered-set count="3456" freebytes="614016" totalbytes="627840" percent="97" regionsoverflowed="0" regionsstable="0" regionsrebuilding="0"/>
  </mem-info>
</gc-start>
<gc-op id="96" type="mark increment" timems="0.492" contextid="93" timestamp="2019-06-15T19:53:08.187">
  <trace-info objectcount="191" scancount="0" scanbytes="0" />
</gc-op>
<gc-end id="97" type="global mark phase" contextid="93" durationms="0.719" usertimems="0.000" systemtimems="0.000" timestamp="2019-06-15T19:53:08.187" activeThreads="4">
  <mem-info id="98" free="4194304" total="15728640" percent="26">
    <remembered-set count="3456" freebytes="614016" totalbytes="627840" percent="97" regionsoverflowed="0" regionsstable="0" regionsrebuilding="0"/>
  </mem-info>
</gc-end>
<concurrent-start id="99" type="GMP work packet processing" contextid="93" timestamp="2019-06-15T19:53:08.187">
  <concurrent-mark-start scanTarget="18446744073709551615" />
</concurrent-start>
<exclusive-end id="100" timestamp="2019-06-15T19:53:08.188" durationms="1.597" />

<concurrent-end id="101" type="GMP work packet processing" contextid="93" timestamp="2019-06-15T19:53:08.191">
  <concurrent-mark-end bytesScanned="2303752" reasonForTermination="Completed all work in GC phase" />
</concurrent-end>

<exclusive-start id="102" timestamp="2019-06-15T19:53:08.197" intervalms="10.861">
  <response-info timems="0.824" idlems="0.824" threads="0" lastid="000000000280FD00" lastname="Thread-10" />
</exclusive-start>
<allocation-taxation id="103" taxation-threshold="4194304" timestamp="2019-06-15T19:53:08.197" intervalms="10.816" />
<cycle-start id="104" type="partial gc" contextid="0" timestamp="2019-06-15T19:53:08.197" intervalms="36.424" />
<gc-start id="105" type="partial gc" contextid="104" timestamp="2019-06-15T19:53:08.197">
  <mem-info id="106" free="0" total="15728640" percent="0">
    <mem type="eden" free="0" total="8388608" percent="0" />
    <remembered-set count="3456" freebytes="614016" totalbytes="627840" percent="97" regionsoverflowed="0" regionsstable="0" regionsrebuilding="0"/>
  </mem-info>
</gc-start>
<allocation-stats totalBytes="8387368" >
  <allocated-bytes non-tlh="0" tlh="8387368" arrayletleaf="0"/>
  <largest-consumer threadName="Thread-10" threadId="000000000280FD00" bytes="1572640" />
</allocation-stats>
<gc-op id="107" type="mark" timems="1.504" contextid="104" timestamp="2019-06-15T19:53:08.199">
  <trace-info objectcount="4031" scancount="4031" scanbytes="100956" />
  <cardclean-info objects="5462" bytes="290552" />
  <remembered-set-cleared processed="1904" cleared="160" durationms="0.067" />
  <stringconstants candidates="4596" cleared="0"  />
  <warning details="Mark invoked due to insufficient free space for Copy-Forward" />
</gc-op>
<gc-op id="108" type="classunload" timems="0.002" contextid="104" timestamp="2019-06-15T19:53:08.199">
  <classunload-info classloadercandidates="8" classloadersunloaded="0" classesunloaded="0" anonymousclassesunloaded="0" quiescems="0.000" setupms="0.002" scanms="0.000" postms="0.000" />
</gc-op>
<gc-op id="109" type="sweep" timems="0.397" contextid="104" timestamp="2019-06-15T19:53:08.200" />
<gc-op id="110" type="compact" timems="1.462" contextid="104" timestamp="2019-06-15T19:53:08.202">
  <compact-info movecount="3917" movebytes="95560" />
  <remembered-set-cleared processed="3905" cleared="414" durationms="0.067" />
</gc-op>
<heap-resize id="111" type="expand" space="default" amount="3145728" count="1" timems="0.078" reason="excessive time being spent in gc" timestamp="2019-06-15T19:53:08.202" />
<gc-end id="112" type="partial gc" contextid="104" durationms="5.116" usertimems="4.000" systemtimems="0.000" timestamp="2019-06-15T19:53:08.202" activeThreads="4">
  <mem-info id="113" free="10485760" total="18874368" percent="55">
    <mem type="eden" free="986400" total="1048576" percent="94" />
    <remembered-set count="4096" freebytes="737024" totalbytes="753408" percent="97" regionsoverflowed="0" regionsstable="0" regionsrebuilding="0"/>
  </mem-info>
</gc-end>
<cycle-end id="114" type="partial gc" contextid="104" timestamp="2019-06-15T19:53:08.203" />
  <attribute name="elasticGC enabled" value="1" />
  <attribute name= "numThreadsSpecified" value="4" />
  <attribute name="heapSize specified" value="0" />
  <attribute name="Current GC Util" value="20" />
  <attribute name= "Current Time Running" value="767" />
  <attribute name ="GC Interval" value="0" />
  <attribute name="ProportionalT" value="0.000000" />
  <attribute name="ProportionalI" value="0.000000" />
  <attribute name="ProportionalH" value="0.000000" />
  <attribute name="Current Error" value="0.000000" />
  <attribute name="IntegralT" value="0.000000" />
  <attribute name="IntegralI" value="0.000000" />
  <attribute name="IntegralH" value="0.000000" />
  <attribute name="DerivativeT" value="-24.500000" />
  <attribute name="DerivativeI" value="-24.500000" />
  <attribute name="DerivativeH" value="-24.500000" />
  <attribute name="Loop Time for DT" value="1.000000" />
  <attribute name="Output H" value="2091843584"/>
  <attribute name="Output I" value="200"/>
  <attribute name="Output T" value="4"/>
  <attribute name="Target GC Util Change" value ="20.000000" />
  <attribute name="Current GC Util Change" value="20.000000"/>
  <attribute name="GC Util currently" value="20" />
  <attribute name="CPU Util currently" value="6805239177136" />
<exclusive-end id="115" timestamp="2019-06-15T19:53:08.203" durationms="6.277" />

<exclusive-start id="116" timestamp="2019-06-15T19:53:08.217" intervalms="20.029">
  <response-info timems="0.030" idlems="0.030" threads="0" lastid="000000000280FD00" lastname="Thread-10" />
</exclusive-start>
<allocation-taxation id="117" taxation-threshold="5242880" timestamp="2019-06-15T19:53:08.217" intervalms="20.113" />
<gc-start id="118" type="global mark phase" contextid="93" timestamp="2019-06-15T19:53:08.217">
  <mem-info id="119" free="5242880" total="18874368" percent="27">
    <remembered-set count="4032" freebytes="737280" totalbytes="753408" percent="97" regionsoverflowed="0" regionsstable="0" regionsrebuilding="0"/>
  </mem-info>
</gc-start>
<gc-op id="120" type="mark increment" timems="1.593" contextid="93" timestamp="2019-06-15T19:53:08.219">
  <trace-info objectcount="5457" scancount="5457" scanbytes="134652" />
  <cardclean-info objects="8087" bytes="410776" />
  <finalization candidates="124" enqueued="0" />
  <ownableSynchronizers candidates="3" cleared="0" />
  <references type="soft" candidates="148" cleared="0" enqueued="0" dynamicThreshold="17" maxThreshold="32" />
  <references type="weak" candidates="769" cleared="0" enqueued="0" />
  <references type="phantom" candidates="63" cleared="0" enqueued="0" />
  <stringconstants candidates="4596" cleared="0"  />
</gc-op>
<gc-op id="121" type="classunload" timems="0.004" contextid="93" timestamp="2019-06-15T19:53:08.219">
  <classunload-info classloadercandidates="8" classloadersunloaded="0" classesunloaded="0" anonymousclassesunloaded="0" quiescems="0.000" setupms="0.004" scanms="0.000" postms="0.000" />
</gc-op>
<gc-end id="122" type="global mark phase" contextid="93" durationms="2.022" usertimems="0.000" systemtimems="0.000" timestamp="2019-06-15T19:53:08.219" activeThreads="4">
  <mem-info id="123" free="5242880" total="18874368" percent="27">
    <remembered-set count="4032" freebytes="737280" totalbytes="753408" percent="97" regionsoverflowed="0" regionsstable="0" regionsrebuilding="0"/>
  </mem-info>
</gc-end>
<cycle-end id="124" type="global mark phase" contextid="93" timestamp="2019-06-15T19:53:08.219" />
  <attribute name="elasticGC enabled" value="1" />
  <attribute name= "numThreadsSpecified" value="4" />
  <attribute name="heapSize specified" value="0" />
  <attribute name="Current GC Util" value="45" />
  <attribute name= "Current Time Running" value="785" />
  <attribute name ="GC Interval" value="0" />
  <attribute name="ProportionalT" value="37.500000" />
  <attribute name="ProportionalI" value="37.500000" />
  <attribute name="ProportionalH" value="37.500000" />
  <attribute name="Current Error" value="25.000000" />
  <attribute name="IntegralT" value="0.000000" />
  <attribute name="IntegralI" value="0.000000" />
  <attribute name="IntegralH" value="0.000000" />
  <attribute name="DerivativeT" value="-inf" />
  <attribute name="DerivativeI" value="-inf" />
  <attribute name="DerivativeH" value="-inf" />
  <attribute name="Loop Time for DT" value="0.000000" />
  <attribute name="Output H" value="2091843584"/>
  <attribute name="Output I" value="200"/>
  <attribute name="Output T" value="4"/>
  <attribute name="Target GC Util Change" value ="20.000000" />
  <attribute name="Current GC Util Change" value="45.000000"/>
  <attribute name="GC Util currently" value="45" />
  <attribute name="CPU Util currently" value="21798993251551" />
<exclusive-end id="125" timestamp="2019-06-15T19:53:08.220" durationms="2.713" />

<exclusive-start id="126" timestamp="2019-06-15T19:53:08.232" intervalms="14.788">
  <response-info timems="4.101" idlems="2.078" threads="1" lastid="0000000002813900" lastname="Thread-7" />
</exclusive-start>
<allocation-taxation id="127" taxation-threshold="5242880" timestamp="2019-06-15T19:53:08.232" intervalms="14.729" />
<cycle-start id="128" type="partial gc" contextid="0" timestamp="2019-06-15T19:53:08.232" intervalms="34.895" />
<gc-start id="129" type="partial gc" contextid="128" timestamp="2019-06-15T19:53:08.232">
  <mem-info id="130" free="0" total="18874368" percent="0">
    <mem type="eden" free="0" total="10485760" percent="0" />
    <remembered-set count="4032" freebytes="737280" totalbytes="753408" percent="97" regionsoverflowed="0" regionsstable="0" regionsrebuilding="0"/>
  </mem-info>
</gc-start>
<allocation-stats totalBytes="10484280" >
  <allocated-bytes non-tlh="0" tlh="10484280" arrayletleaf="0"/>
  <largest-consumer threadName="Thread-10" threadId="000000000280FD00" bytes="2055968" />
</allocation-stats>
<gc-op id="131" type="sweep" timems="0.570" contextid="128" timestamp="2019-06-15T19:53:08.233" />
<gc-op id="132" type="mark" timems="1.816" contextid="128" timestamp="2019-06-15T19:53:08.236">
  <trace-info objectcount="5167" scancount="5167" scanbytes="125592" />
  <cardclean-info objects="7059" bytes="351248" />
  <remembered-set-cleared processed="2346" cleared="377" durationms="0.091" />
  <stringconstants candidates="4596" cleared="0"  />
  <warning details="Mark invoked due to insufficient free space for Copy-Forward" />
</gc-op>
<gc-op id="133" type="classunload" timems="0.002" contextid="128" timestamp="2019-06-15T19:53:08.236">
  <classunload-info classloadercandidates="8" classloadersunloaded="0" classesunloaded="0" anonymousclassesunloaded="0" quiescems="0.000" setupms="0.002" scanms="0.000" postms="0.000" />
</gc-op>
<gc-op id="134" type="sweep" timems="0.510" contextid="128" timestamp="2019-06-15T19:53:08.236" />
<gc-op id="135" type="compact" timems="1.673" contextid="128" timestamp="2019-06-15T19:53:08.238">
  <compact-info movecount="4612" movebytes="112272" />
  <remembered-set-cleared processed="4684" cleared="1033" durationms="0.091" />
</gc-op>
<heap-resize id="136" type="expand" space="default" amount="4194304" count="1" timems="0.075" reason="excessive time being spent in gc" timestamp="2019-06-15T19:53:08.239" />
<gc-end id="137" type="partial gc" contextid="128" durationms="6.590" usertimems="8.000" systemtimems="0.000" timestamp="2019-06-15T19:53:08.239" activeThreads="4">
  <mem-info id="138" free="13631488" total="23068672" percent="59">
    <mem type="eden" free="976216" total="1048576" percent="93" />
    <remembered-set count="5216" freebytes="899968" totalbytes="920832" percent="97" regionsoverflowed="0" regionsstable="0" regionsrebuilding="0"/>
  </mem-info>
</gc-end>
<cycle-end id="139" type="partial gc" contextid="128" timestamp="2019-06-15T19:53:08.239" />
  <attribute name="elasticGC enabled" value="1" />
  <attribute name= "numThreadsSpecified" value="4" />
  <attribute name="heapSize specified" value="0" />
  <attribute name="Current GC Util" value="21" />
  <attribute name= "Current Time Running" value="804" />
  <attribute name ="GC Interval" value="0" />
  <attribute name="ProportionalT" value="1.500000" />
  <attribute name="ProportionalI" value="1.500000" />
  <attribute name="ProportionalH" value="1.500000" />
  <attribute name="Current Error" value="1.000000" />
  <attribute name="IntegralT" value="1.000000" />
  <attribute name="IntegralI" value="1.000000" />
  <attribute name="IntegralH" value="1.000000" />
  <attribute name="DerivativeT" value="-19.000000" />
  <attribute name="DerivativeI" value="-19.000000" />
  <attribute name="DerivativeH" value="-19.000000" />
  <attribute name="Loop Time for DT" value="1.000000" />
  <attribute name="Output H" value="2091843584"/>
  <attribute name="Output I" value="200"/>
  <attribute name="Output T" value="4"/>
  <attribute name="Target GC Util Change" value ="20.000000" />
  <attribute name="Current GC Util Change" value="21.000000"/>
  <attribute name="GC Util currently" value="21" />
  <attribute name="CPU Util currently" value="5833833245303" />
<exclusive-end id="140" timestamp="2019-06-15T19:53:08.239" durationms="7.710" />

<exclusive-start id="141" timestamp="2019-06-15T19:53:08.254" intervalms="22.388">
  <response-info timems="0.100" idlems="0.100" threads="0" lastid="0000000002813900" lastname="Thread-7" />
</exclusive-start>
<allocation-taxation id="142" taxation-threshold="12582912" timestamp="2019-06-15T19:53:08.254" intervalms="22.386" />
<cycle-start id="143" type="partial gc" contextid="0" timestamp="2019-06-15T19:53:08.254" intervalms="22.342" />
<gc-start id="144" type="partial gc" contextid="143" timestamp="2019-06-15T19:53:08.255">
  <mem-info id="145" free="1048576" total="23068672" percent="4">
    <mem type="eden" free="0" total="12582912" percent="0" />
    <remembered-set count="4736" freebytes="901888" totalbytes="920832" percent="97" regionsoverflowed="0" regionsstable="0" regionsrebuilding="0"/>
  </mem-info>
</gc-start>
<allocation-stats totalBytes="12580960" >
  <allocated-bytes non-tlh="0" tlh="12580960" arrayletleaf="0"/>
  <largest-consumer threadName="Thread-10" threadId="000000000280FD00" bytes="4042152" />
</allocation-stats>
<gc-op id="146" type="copy forward" timems="1.850" contextid="143" timestamp="2019-06-15T19:53:08.257">
  <memory-copied type="eden" objects="2368" bytes="58224" bytesdiscarded="0" />
  <memory-copied type="other" objects="5945" bytes="238536" bytesdiscarded="0" />
  <memory-cardclean objects="8327" bytes="380768" />
  <regions eden="12" other="2" />
  <remembered-set-cleared processed="2777" cleared="690" durationms="0.081" />
  <references type="soft" candidates="3" cleared="0" enqueued="0" dynamicThreshold="18" maxThreshold="32" />
  <references type="weak" candidates="3" cleared="0" enqueued="0" />
  <stringconstants candidates="4596" cleared="0"  />
  <heap-resize type="expand" space="default" amount="2097152" count="2" timems="0.106" reason="continue current collection" />
</gc-op>
<gc-op id="147" type="classunload" timems="0.002" contextid="143" timestamp="2019-06-15T19:53:08.257">
  <classunload-info classloadercandidates="8" classloadersunloaded="0" classesunloaded="0" anonymousclassesunloaded="0" quiescems="0.000" setupms="0.002" scanms="0.000" postms="0.000" />
</gc-op>
<heap-resize id="148" type="expand" space="default" amount="1048576" count="1" timems="0.054" reason="excessive time being spent in gc" timestamp="2019-06-15T19:53:08.257" />
<gc-end id="149" type="partial gc" contextid="143" durationms="2.940" usertimems="0.000" systemtimems="0.000" timestamp="2019-06-15T19:53:08.258" activeThreads="1">
  <mem-info id="150" free="15728640" total="26214400" percent="60">
    <mem type="eden" free="990352" total="1048576" percent="94" />
    <remembered-set count="5408" freebytes="1024768" totalbytes="1046400" percent="97" regionsoverflowed="0" regionsstable="0" regionsrebuilding="0"/>
  </mem-info>
</gc-end>
<cycle-end id="151" type="partial gc" contextid="143" timestamp="2019-06-15T19:53:08.258" />
  <attribute name="elasticGC enabled" value="1" />
  <attribute name= "numThreadsSpecified" value="1" />
  <attribute name="heapSize specified" value="0" />
  <attribute name="Current GC Util" value="37" />
  <attribute name= "Current Time Running" value="822" />
  <attribute name ="GC Interval" value="0" />
  <attribute name="ProportionalT" value="25.500000" />
  <attribute name="ProportionalI" value="25.500000" />
  <attribute name="ProportionalH" value="25.500000" />
  <attribute name="Current Error" value="17.000000" />
  <attribute name="IntegralT" value="0.000000" />
  <attribute name="IntegralI" value="0.000000" />
  <attribute name="IntegralH" value="0.000000" />
  <attribute name="DerivativeT" value="inf" />
  <attribute name="DerivativeI" value="inf" />
  <attribute name="DerivativeH" value="inf" />
  <attribute name="Loop Time for DT" value="0.000000" />
  <attribute name="Output H" value="8388608"/>
  <attribute name="Output I" value="200"/>
  <attribute name="Output T" value="1"/>
  <attribute name="Target GC Util Change" value ="20.000000" />
  <attribute name="Current GC Util Change" value="37.000000"/>
  <attribute name="GC Util currently" value="37" />
  <attribute name="CPU Util currently" value="19565416311457" />
<exclusive-end id="152" timestamp="2019-06-15T19:53:08.258" durationms="3.917" />

<exclusive-start id="153" timestamp="2019-06-15T19:53:08.274" intervalms="20.107">
  <response-info timems="0.251" idlems="0.251" threads="0" lastid="000000000280FD00" lastname="Thread-10" />
</exclusive-start>
<allocation-taxation id="154" taxation-threshold="13631488" timestamp="2019-06-15T19:53:08.274" intervalms="20.146" />
<cycle-start id="155" type="partial gc" contextid="0" timestamp="2019-06-15T19:53:08.275" intervalms="20.219" />
<gc-start id="156" type="partial gc" contextid="155" timestamp="2019-06-15T19:53:08.275">
  <mem-info id="157" free="2097152" total="26214400" percent="8">
    <mem type="eden" free="0" total="13631488" percent="0" />
    <remembered-set count="5312" freebytes="1025152" totalbytes="1046400" percent="97" regionsoverflowed="0" regionsstable="0" regionsrebuilding="0"/>
  </mem-info>
</gc-start>
<allocation-stats totalBytes="13629904" >
  <allocated-bytes non-tlh="256" tlh="13629648" arrayletleaf="0"/>
  <largest-consumer threadName="Thread-7" threadId="0000000002813900" bytes="5745904" />
</allocation-stats>
<gc-op id="158" type="copy forward" timems="1.867" contextid="155" timestamp="2019-06-15T19:53:08.278">
  <memory-copied type="eden" objects="2571" bytes="71136" bytesdiscarded="4056" />
  <memory-copied type="other" objects="2089" bytes="50136" bytesdiscarded="904" />
  <memory-cardclean objects="6150" bytes="306680" />
  <regions eden="13" other="1" />
  <remembered-set-cleared processed="3470" cleared="645" durationms="0.098" />
  <stringconstants candidates="4597" cleared="0"  />
</gc-op>
<gc-op id="159" type="classunload" timems="0.002" contextid="155" timestamp="2019-06-15T19:53:08.278">
  <classunload-info classloadercandidates="8" classloadersunloaded="0" classesunloaded="0" anonymousclassesunloaded="0" quiescems="0.000" setupms="0.002" scanms="0.000" postms="0.000" />
</gc-op>
<heap-resize id="160" type="expand" space="default" amount="3145728" count="1" timems="0.078" reason="excessive time being spent in gc" timestamp="2019-06-15T19:53:08.278" />
<gc-end id="161" type="partial gc" contextid="155" durationms="3.363" usertimems="4.000" systemtimems="0.000" timestamp="2019-06-15T19:53:08.278" activeThreads="4">
  <mem-info id="162" free="17825792" total="29360128" percent="60">
    <mem type="eden" free="973384" total="1048576" percent="92" />
    <remembered-set count="6240" freebytes="1147008" totalbytes="1171968" percent="97" regionsoverflowed="0" regionsstable="0" regionsrebuilding="0"/>
  </mem-info>
</gc-end>
<cycle-end id="163" type="partial gc" contextid="155" timestamp="2019-06-15T19:53:08.278" />
  <attribute name="elasticGC enabled" value="1" />
  <attribute name= "numThreadsSpecified" value="4" />
  <attribute name="heapSize specified" value="0" />
  <attribute name="Current GC Util" value="41" />
  <attribute name= "Current Time Running" value="843" />
  <attribute name ="GC Interval" value="0" />
  <attribute name="ProportionalT" value="31.500000" />
  <attribute name="ProportionalI" value="31.500000" />
  <attribute name="ProportionalH" value="31.500000" />
  <attribute name="Current Error" value="21.000000" />
  <attribute name="IntegralT" value="21.000000" />
  <attribute name="IntegralI" value="21.000000" />
  <attribute name="IntegralH" value="21.000000" />
  <attribute name="DerivativeT" value="10.500000" />
  <attribute name="DerivativeI" value="10.500000" />
  <attribute name="DerivativeH" value="10.500000" />
  <attribute name="Loop Time for DT" value="1.000000" />
  <attribute name="Output H" value="8388608"/>
  <attribute name="Output I" value="200"/>
  <attribute name="Output T" value="4"/>
  <attribute name="Target GC Util Change" value ="20.000000" />
  <attribute name="Current GC Util Change" value="41.000000"/>
  <attribute name="GC Util currently" value="41" />
  <attribute name="CPU Util currently" value="13907628054294" />
<exclusive-end id="164" timestamp="2019-06-15T19:53:08.279" durationms="4.487" />

<exclusive-start id="165" timestamp="2019-06-15T19:53:08.294" intervalms="19.833">
  <response-info timems="0.030" idlems="0.030" threads="0" lastid="000000000280FD00" lastname="Thread-10" />
</exclusive-start>
<allocation-taxation id="166" taxation-threshold="13631488" timestamp="2019-06-15T19:53:08.294" intervalms="19.768" />
<cycle-start id="167" type="partial gc" contextid="0" timestamp="2019-06-15T19:53:08.294" intervalms="19.707" />
<gc-start id="168" type="partial gc" contextid="167" timestamp="2019-06-15T19:53:08.295">
  <mem-info id="169" free="4194304" total="29360128" percent="14">
    <mem type="eden" free="0" total="13631488" percent="0" />
    <remembered-set count="5760" freebytes="1148928" totalbytes="1171968" percent="98" regionsoverflowed="0" regionsstable="0" regionsrebuilding="0"/>
  </mem-info>
</gc-start>
<allocation-stats totalBytes="13628728" >
  <allocated-bytes non-tlh="0" tlh="13628728" arrayletleaf="0"/>
  <largest-consumer threadName="Thread-7" threadId="0000000002813900" bytes="5455208" />
</allocation-stats>
<gc-op id="170" type="copy forward" timems="1.389" contextid="167" timestamp="2019-06-15T19:53:08.297">
  <memory-copied type="eden" objects="1391" bytes="46800" bytesdiscarded="0" />
  <memory-copied type="other" objects="2436" bytes="67176" bytesdiscarded="0" />
  <memory-cardclean objects="5298" bytes="267056" />
  <regions eden="13" other="1" />
  <remembered-set-cleared processed="3972" cleared="693" durationms="0.104" />
  <stringconstants candidates="4597" cleared="0"  />
</gc-op>
<gc-op id="171" type="classunload" timems="0.003" contextid="167" timestamp="2019-06-15T19:53:08.297">
  <classunload-info classloadercandidates="8" classloadersunloaded="0" classesunloaded="0" anonymousclassesunloaded="0" quiescems="0.000" setupms="0.002" scanms="0.000" postms="0.000" />
</gc-op>
<heap-resize id="172" type="expand" space="default" amount="2097152" count="1" timems="0.073" reason="excessive time being spent in gc" timestamp="2019-06-15T19:53:08.297" />
<gc-end id="173" type="partial gc" contextid="167" durationms="2.777" usertimems="4.000" systemtimems="0.000" timestamp="2019-06-15T19:53:08.297" activeThreads="1">
  <mem-info id="174" free="18874368" total="31457280" percent="60">
    <mem type="eden" free="1001776" total="1048576" percent="95" />
    <remembered-set count="6624" freebytes="1229184" totalbytes="1255680" percent="97" regionsoverflowed="0" regionsstable="0" regionsrebuilding="0"/>
  </mem-info>
</gc-end>
<cycle-end id="175" type="partial gc" contextid="167" timestamp="2019-06-15T19:53:08.297" />
  <attribute name="elasticGC enabled" value="1" />
  <attribute name= "numThreadsSpecified" value="1" />
  <attribute name="heapSize specified" value="0" />
  <attribute name="Current GC Util" value="33" />
  <attribute name= "Current Time Running" value="862" />
  <attribute name ="GC Interval" value="0" />
  <attribute name="ProportionalT" value="19.500000" />
  <attribute name="ProportionalI" value="19.500000" />
  <attribute name="ProportionalH" value="19.500000" />
  <attribute name="Current Error" value="13.000000" />
  <attribute name="IntegralT" value="0.000000" />
  <attribute name="IntegralI" value="0.000000" />
  <attribute name="IntegralH" value="0.000000" />
  <attribute name="DerivativeT" value="inf" />
  <attribute name="DerivativeI" value="inf" />
  <attribute name="DerivativeH" value="inf" />
  <attribute name="Loop Time for DT" value="0.000000" />
  <attribute name="Output H" value="8388608"/>
  <attribute name="Output I" value="200"/>
  <attribute name="Output T" value="1"/>
  <attribute name="Target GC Util Change" value ="20.000000" />
  <attribute name="Current GC Util Change" value="33.000000"/>
  <attribute name="GC Util currently" value="33" />
  <attribute name="CPU Util currently" value="15820155320254" />
<exclusive-end id="176" timestamp="2019-06-15T19:53:08.298" durationms="3.758" />

<exclusive-start id="177" timestamp="2019-06-15T19:53:08.313" intervalms="19.316">
  <response-info timems="0.033" idlems="0.033" threads="0" lastid="000000000281B100" lastname="Thread-8" />
</exclusive-start>
<allocation-taxation id="178" taxation-threshold="14680064" timestamp="2019-06-15T19:53:08.313" intervalms="19.322" />
<cycle-start id="179" type="partial gc" contextid="0" timestamp="2019-06-15T19:53:08.314" intervalms="19.268" />
<gc-start id="180" type="partial gc" contextid="179" timestamp="2019-06-15T19:53:08.314">
  <mem-info id="181" free="4194304" total="31457280" percent="13">
    <mem type="eden" free="0" total="14680064" percent="0" />
    <remembered-set count="6144" freebytes="1231104" totalbytes="1255680" percent="98" regionsoverflowed="0" regionsstable="0" regionsrebuilding="0"/>
  </mem-info>
</gc-start>
<allocation-stats totalBytes="14678064" >
  <allocated-bytes non-tlh="0" tlh="14678064" arrayletleaf="0"/>
  <largest-consumer threadName="Thread-10" threadId="000000000280FD00" bytes="5516680" />
</allocation-stats>
<gc-op id="182" type="copy forward" timems="1.817" contextid="179" timestamp="2019-06-15T19:53:08.316">
  <memory-copied type="eden" objects="7022" bytes="307184" bytesdiscarded="0" />
  <memory-copied type="other" objects="2794" bytes="79824" bytesdiscarded="0" />
  <memory-cardclean objects="6424" bytes="339928" />
  <regions eden="14" other="2" />
  <remembered-set-cleared processed="4105" cleared="918" durationms="0.098" />
  <stringconstants candidates="4597" cleared="0"  />
</gc-op>
<gc-op id="183" type="classunload" timems="0.003" contextid="179" timestamp="2019-06-15T19:53:08.316">
  <classunload-info classloadercandidates="8" classloadersunloaded="0" classesunloaded="0" anonymousclassesunloaded="0" quiescems="0.000" setupms="0.003" scanms="0.000" postms="0.000" />
</gc-op>
<heap-resize id="184" type="expand" space="default" amount="3145728" count="1" timems="0.069" reason="excessive time being spent in gc" timestamp="2019-06-15T19:53:08.317" />
<gc-end id="185" type="partial gc" contextid="179" durationms="3.000" usertimems="0.000" systemtimems="0.000" timestamp="2019-06-15T19:53:08.317" activeThreads="1">
  <mem-info id="186" free="20971520" total="34603008" percent="60">
    <mem type="eden" free="741392" total="1048576" percent="70" />
    <remembered-set count="6496" freebytes="1355264" totalbytes="1381248" percent="98" regionsoverflowed="0" regionsstable="0" regionsrebuilding="0"/>
  </mem-info>
</gc-end>
<cycle-end id="187" type="partial gc" contextid="179" timestamp="2019-06-15T19:53:08.317" />
  <attribute name="elasticGC enabled" value="1" />
  <attribute name= "numThreadsSpecified" value="1" />
  <attribute name="heapSize specified" value="0" />
  <attribute name="Current GC Util" value="42" />
  <attribute name= "Current Time Running" value="881" />
  <attribute name ="GC Interval" value="0" />
  <attribute name="ProportionalT" value="33.000000" />
  <attribute name="ProportionalI" value="33.000000" />
  <attribute name="ProportionalH" value="33.000000" />
  <attribute name="Current Error" value="22.000000" />
  <attribute name="IntegralT" value="0.000000" />
  <attribute name="IntegralI" value="0.000000" />
  <attribute name="IntegralH" value="0.000000" />
  <attribute name="DerivativeT" value="inf" />
  <attribute name="DerivativeI" value="inf" />
  <attribute name="DerivativeH" value="inf" />
  <attribute name="Loop Time for DT" value="0.000000" />
  <attribute name="Output H" value="8388608"/>
  <attribute name="Output I" value="200"/>
  <attribute name="Output T" value="1"/>
  <attribute name="Target GC Util Change" value ="20.000000" />
  <attribute name="Current GC Util Change" value="42.000000"/>
  <attribute name="GC Util currently" value="42" />
  <attribute name="CPU Util currently" value="19320251267837" />
<exclusive-end id="188" timestamp="2019-06-15T19:53:08.317" durationms="3.814" />

<exclusive-start id="189" timestamp="2019-06-15T19:53:08.330" intervalms="16.674">
  <response-info timems="0.039" idlems="0.039" threads="0" lastid="0000000002817500" lastname="Thread-9" />
</exclusive-start>
<allocation-taxation id="190" taxation-threshold="15728640" timestamp="2019-06-15T19:53:08.330" intervalms="16.707" />
<cycle-start id="191" type="partial gc" contextid="0" timestamp="2019-06-15T19:53:08.330" intervalms="16.700" />
<gc-start id="192" type="partial gc" contextid="191" timestamp="2019-06-15T19:53:08.330">
  <mem-info id="193" free="5242880" total="34603008" percent="15">
    <mem type="eden" free="0" total="15728640" percent="0" />
    <remembered-set count="6400" freebytes="1355648" totalbytes="1381248" percent="98" regionsoverflowed="0" regionsstable="0" regionsrebuilding="0"/>
  </mem-info>
</gc-start>
<allocation-stats totalBytes="15726576" >
  <allocated-bytes non-tlh="0" tlh="15726576" arrayletleaf="0"/>
  <largest-consumer threadName="Thread-10" threadId="000000000280FD00" bytes="4980080" />
</allocation-stats>
<gc-op id="194" type="copy forward" timems="2.093" contextid="191" timestamp="2019-06-15T19:53:08.333">
  <memory-copied type="eden" objects="2067" bytes="50648" bytesdiscarded="0" />
  <memory-copied type="other" objects="12541" bytes="631064" bytesdiscarded="0" />
  <memory-cardclean objects="3286" bytes="208080" />
  <regions eden="15" other="2" />
  <remembered-set-cleared processed="4862" cleared="1385" durationms="0.105" />
  <stringconstants candidates="4597" cleared="0"  />
</gc-op>
<gc-op id="195" type="classunload" timems="0.002" contextid="191" timestamp="2019-06-15T19:53:08.333">
  <classunload-info classloadercandidates="8" classloadersunloaded="0" classesunloaded="0" anonymousclassesunloaded="0" quiescems="0.000" setupms="0.002" scanms="0.000" postms="0.000" />
</gc-op>
<heap-resize id="196" type="expand" space="default" amount="2097152" count="1" timems="0.061" reason="excessive time being spent in gc" timestamp="2019-06-15T19:53:08.334" />
<gc-end id="197" type="partial gc" contextid="191" durationms="3.355" usertimems="4.000" systemtimems="0.000" timestamp="2019-06-15T19:53:08.334" activeThreads="1">
  <mem-info id="198" free="22020096" total="36700160" percent="60">
    <mem type="eden" free="997928" total="1048576" percent="95" />
    <remembered-set count="7168" freebytes="1436288" totalbytes="1464960" percent="98" regionsoverflowed="0" regionsstable="0" regionsrebuilding="0"/>
  </mem-info>
</gc-end>
<cycle-end id="199" type="partial gc" contextid="191" timestamp="2019-06-15T19:53:08.334" />
  <attribute name="elasticGC enabled" value="1" />
  <attribute name= "numThreadsSpecified" value="1" />
  <attribute name="heapSize specified" value="0" />
  <attribute name="Current GC Util" value="48" />
  <attribute name= "Current Time Running" value="898" />
  <attribute name ="GC Interval" value="0" />
  <attribute name="ProportionalT" value="42.000000" />
  <attribute name="ProportionalI" value="42.000000" />
  <attribute name="ProportionalH" value="42.000000" />
  <attribute name="Current Error" value="28.000000" />
  <attribute name="IntegralT" value="0.000000" />
  <attribute name="IntegralI" value="0.000000" />
  <attribute name="IntegralH" value="0.000000" />
  <attribute name="DerivativeT" value="inf" />
  <attribute name="DerivativeI" value="inf" />
  <attribute name="DerivativeH" value="inf" />
  <attribute name="Loop Time for DT" value="0.000000" />
  <attribute name="Output H" value="8388608"/>
  <attribute name="Output I" value="200"/>
  <attribute name="Output T" value="1"/>
  <attribute name="Target GC Util Change" value ="20.000000" />
  <attribute name="Current GC Util Change" value="48.000000"/>
  <attribute name="GC Util currently" value="48" />
  <attribute name="CPU Util currently" value="16567999226895" />
<exclusive-end id="200" timestamp="2019-06-15T19:53:08.334" durationms="4.287" />

<exclusive-start id="201" timestamp="2019-06-15T19:53:08.348" intervalms="18.089">
  <response-info timems="0.033" idlems="0.033" threads="0" lastid="000000000281B100" lastname="Thread-8" />
</exclusive-start>
<allocation-taxation id="202" taxation-threshold="15728640" timestamp="2019-06-15T19:53:08.348" intervalms="18.122" />
<cycle-start id="203" type="partial gc" contextid="0" timestamp="2019-06-15T19:53:08.348" intervalms="18.177" />
<gc-start id="204" type="partial gc" contextid="203" timestamp="2019-06-15T19:53:08.349">
  <mem-info id="205" free="6291456" total="36700160" percent="17">
    <mem type="eden" free="0" total="15728640" percent="0" />
    <remembered-set count="6784" freebytes="1437824" totalbytes="1464960" percent="98" regionsoverflowed="0" regionsstable="0" regionsrebuilding="0"/>
  </mem-info>
</gc-start>
<allocation-stats totalBytes="15726744" >
  <allocated-bytes non-tlh="0" tlh="15726744" arrayletleaf="0"/>
  <largest-consumer threadName="Thread-9" threadId="0000000002817500" bytes="5901720" />
</allocation-stats>
<gc-op id="206" type="copy forward" timems="2.914" contextid="203" timestamp="2019-06-15T19:53:08.352">
  <memory-copied type="eden" objects="2219" bytes="54328" bytesdiscarded="0" />
  <memory-copied type="other" objects="12616" bytes="854952" bytesdiscarded="392" />
  <memory-cardclean objects="11766" bytes="633400" />
  <regions eden="15" other="2" />
  <remembered-set-cleared processed="4259" cleared="1856" durationms="0.111" />
  <references type="soft" candidates="14" cleared="0" enqueued="0" dynamicThreshold="19" maxThreshold="32" />
  <references type="weak" candidates="13" cleared="0" enqueued="0" />
  <references type="phantom" candidates="2" cleared="0" enqueued="0" />
  <stringconstants candidates="4597" cleared="0"  />
</gc-op>
<gc-op id="207" type="classunload" timems="0.003" contextid="203" timestamp="2019-06-15T19:53:08.352">
  <classunload-info classloadercandidates="8" classloadersunloaded="0" classesunloaded="0" anonymousclassesunloaded="0" quiescems="0.000" setupms="0.002" scanms="0.000" postms="0.000" />
</gc-op>
<gc-end id="208" type="partial gc" contextid="203" durationms="4.054" usertimems="4.000" systemtimems="0.000" timestamp="2019-06-15T19:53:08.353" activeThreads="1">
  <mem-info id="209" free="22020096" total="36700160" percent="60">
    <mem type="eden" free="994248" total="1048576" percent="94" />
    <remembered-set count="7648" freebytes="1434368" totalbytes="1464960" percent="97" regionsoverflowed="0" regionsstable="0" regionsrebuilding="0"/>
  </mem-info>
</gc-end>
<cycle-end id="210" type="partial gc" contextid="203" timestamp="2019-06-15T19:53:08.353" />
  <attribute name="elasticGC enabled" value="1" />
  <attribute name= "numThreadsSpecified" value="1" />
  <attribute name="heapSize specified" value="0" />
  <attribute name="Current GC Util" value="44" />
  <attribute name= "Current Time Running" value="916" />
  <attribute name ="GC Interval" value="0" />
  <attribute name="ProportionalT" value="36.000000" />
  <attribute name="ProportionalI" value="36.000000" />
  <attribute name="ProportionalH" value="36.000000" />
  <attribute name="Current Error" value="24.000000" />
  <attribute name="IntegralT" value="0.000000" />
  <attribute name="IntegralI" value="0.000000" />
  <attribute name="IntegralH" value="0.000000" />
  <attribute name="DerivativeT" value="inf" />
  <attribute name="DerivativeI" value="inf" />
  <attribute name="DerivativeH" value="inf" />
  <attribute name="Loop Time for DT" value="0.000000" />
  <attribute name="Output H" value="8388608"/>
  <attribute name="Output I" value="200"/>
  <attribute name="Output T" value="1"/>
  <attribute name="Target GC Util Change" value ="20.000000" />
  <attribute name="Current GC Util Change" value="44.000000"/>
  <attribute name="GC Util currently" value="44" />
  <attribute name="CPU Util currently" value="14977820847376" />
<exclusive-end id="211" timestamp="2019-06-15T19:53:08.353" durationms="5.081" />

<exclusive-start id="212" timestamp="2019-06-15T19:53:08.365" intervalms="17.205">
  <response-info timems="0.210" idlems="0.189" threads="1" lastid="0000000002813900" lastname="Thread-7" />
</exclusive-start>
<allocation-taxation id="213" taxation-threshold="15728640" timestamp="2019-06-15T19:53:08.365" intervalms="17.157" />
<cycle-start id="214" type="partial gc" contextid="0" timestamp="2019-06-15T19:53:08.366" intervalms="17.192" />
<gc-start id="215" type="partial gc" contextid="214" timestamp="2019-06-15T19:53:08.366">
  <mem-info id="216" free="6291456" total="36700160" percent="17">
    <mem type="eden" free="0" total="15728640" percent="0" />
    <remembered-set count="7168" freebytes="1436288" totalbytes="1464960" percent="98" regionsoverflowed="0" regionsstable="0" regionsrebuilding="0"/>
  </mem-info>
</gc-start>
<allocation-stats totalBytes="15726376" >
  <allocated-bytes non-tlh="0" tlh="15726376" arrayletleaf="0"/>
  <largest-consumer threadName="Thread-9" threadId="0000000002817500" bytes="5807144" />
</allocation-stats>
<gc-op id="217" type="copy forward" timems="1.678" contextid="214" timestamp="2019-06-15T19:53:08.368">
  <memory-copied type="eden" objects="3161" bytes="76408" bytesdiscarded="0" />
  <memory-copied type="other" objects="2036" bytes="48984" bytesdiscarded="0" />
  <memory-cardclean objects="6902" bytes="343504" />
  <regions eden="15" other="1" />
  <remembered-set-cleared processed="5549" cleared="695" durationms="0.109" />
  <stringconstants candidates="4597" cleared="0"  />
</gc-op>
<gc-op id="218" type="classunload" timems="0.002" contextid="214" timestamp="2019-06-15T19:53:08.369">
  <classunload-info classloadercandidates="8" classloadersunloaded="0" classesunloaded="0" anonymousclassesunloaded="0" quiescems="0.000" setupms="0.002" scanms="0.000" postms="0.000" />
</gc-op>
<heap-resize id="219" type="expand" space="default" amount="3145728" count="1" timems="0.068" reason="excessive time being spent in gc" timestamp="2019-06-15T19:53:08.369" />
<gc-end id="220" type="partial gc" contextid="214" durationms="3.076" usertimems="4.000" systemtimems="0.000" timestamp="2019-06-15T19:53:08.369" activeThreads="1">
  <mem-info id="221" free="24117248" total="39845888" percent="60">
    <mem type="eden" free="972168" total="1048576" percent="92" />
    <remembered-set count="8064" freebytes="1558272" totalbytes="1590528" percent="97" regionsoverflowed="0" regionsstable="0" regionsrebuilding="0"/>
  </mem-info>
</gc-end>
<cycle-end id="222" type="partial gc" contextid="214" timestamp="2019-06-15T19:53:08.369" />
  <attribute name="elasticGC enabled" value="1" />
  <attribute name= "numThreadsSpecified" value="1" />
  <attribute name="heapSize specified" value="0" />
  <attribute name="Current GC Util" value="58" />
  <attribute name= "Current Time Running" value="933" />
  <attribute name ="GC Interval" value="0" />
  <attribute name="ProportionalT" value="57.000000" />
  <attribute name="ProportionalI" value="57.000000" />
  <attribute name="ProportionalH" value="57.000000" />
  <attribute name="Current Error" value="38.000000" />
  <attribute name="IntegralT" value="0.000000" />
  <attribute name="IntegralI" value="0.000000" />
  <attribute name="IntegralH" value="0.000000" />
  <attribute name="DerivativeT" value="inf" />
  <attribute name="DerivativeI" value="inf" />
  <attribute name="DerivativeH" value="inf" />
  <attribute name="Loop Time for DT" value="0.000000" />
  <attribute name="Output H" value="8388608"/>
  <attribute name="Output I" value="200"/>
  <attribute name="Output T" value="1"/>
  <attribute name="Target GC Util Change" value ="20.000000" />
  <attribute name="Current GC Util Change" value="58.000000"/>
  <attribute name="GC Util currently" value="58" />
  <attribute name="CPU Util currently" value="19049705339942" />
<exclusive-end id="223" timestamp="2019-06-15T19:53:08.369" durationms="4.144" />

<exclusive-start id="224" timestamp="2019-06-15T19:53:08.381" intervalms="15.789">
  <response-info timems="0.025" idlems="0.025" threads="0" lastid="000000000281B100" lastname="Thread-8" />
</exclusive-start>
<allocation-taxation id="225" taxation-threshold="16777216" timestamp="2019-06-15T19:53:08.381" intervalms="15.859" />
<cycle-start id="226" type="partial gc" contextid="0" timestamp="2019-06-15T19:53:08.381" intervalms="15.848" />
<gc-start id="227" type="partial gc" contextid="226" timestamp="2019-06-15T19:53:08.382">
  <mem-info id="228" free="7340032" total="39845888" percent="18">
    <mem type="eden" free="0" total="16777216" percent="0" />
    <remembered-set count="7744" freebytes="1559552" totalbytes="1590528" percent="98" regionsoverflowed="0" regionsstable="0" regionsrebuilding="0"/>
  </mem-info>
</gc-start>
<allocation-stats totalBytes="16775008" >
  <allocated-bytes non-tlh="0" tlh="16775008" arrayletleaf="0"/>
  <largest-consumer threadName="Thread-8" threadId="000000000281B100" bytes="5537072" />
</allocation-stats>
<gc-op id="229" type="copy forward" timems="2.283" contextid="226" timestamp="2019-06-15T19:53:08.385">
  <memory-copied type="eden" objects="13603" bytes="602296" bytesdiscarded="0" />
  <memory-copied type="other" objects="3071" bytes="73704" bytesdiscarded="0" />
  <memory-cardclean objects="6208" bytes="313960" />
  <regions eden="16" other="1" />
  <remembered-set-cleared processed="6123" cleared="771" durationms="0.123" />
  <stringconstants candidates="4597" cleared="0"  />
</gc-op>
<gc-op id="230" type="classunload" timems="0.002" contextid="226" timestamp="2019-06-15T19:53:08.385">
  <classunload-info classloadercandidates="8" classloadersunloaded="0" classesunloaded="0" anonymousclassesunloaded="0" quiescems="0.000" setupms="0.002" scanms="0.000" postms="0.000" />
</gc-op>
<heap-resize id="231" type="expand" space="default" amount="2097152" count="1" timems="0.061" reason="excessive time being spent in gc" timestamp="2019-06-15T19:53:08.385" />
<gc-end id="232" type="partial gc" contextid="226" durationms="3.566" usertimems="4.000" systemtimems="0.000" timestamp="2019-06-15T19:53:08.385" activeThreads="1">
  <mem-info id="233" free="25165824" total="41943040" percent="60">
    <mem type="eden" free="446280" total="1048576" percent="42" />
    <remembered-set count="8608" freebytes="1639808" totalbytes="1674240" percent="97" regionsoverflowed="0" regionsstable="0" regionsrebuilding="0"/>
  </mem-info>
</gc-end>
<cycle-end id="234" type="partial gc" contextid="226" timestamp="2019-06-15T19:53:08.385" />
  <attribute name="elasticGC enabled" value="1" />
  <attribute name= "numThreadsSpecified" value="1" />
  <attribute name="heapSize specified" value="0" />
  <attribute name="Current GC Util" value="304" />
  <attribute name= "Current Time Running" value="949" />
  <attribute name ="GC Interval" value="0" />
  <attribute name="ProportionalT" value="426.000000" />
  <attribute name="ProportionalI" value="426.000000" />
  <attribute name="ProportionalH" value="426.000000" />
  <attribute name="Current Error" value="284.000000" />
  <attribute name="IntegralT" value="0.000000" />
  <attribute name="IntegralI" value="0.000000" />
  <attribute name="IntegralH" value="0.000000" />
  <attribute name="DerivativeT" value="inf" />
  <attribute name="DerivativeI" value="inf" />
  <attribute name="DerivativeH" value="inf" />
  <attribute name="Loop Time for DT" value="0.000000" />
  <attribute name="Output H" value="8388608"/>
  <attribute name="Output I" value="200"/>
  <attribute name="Output T" value="1"/>
  <attribute name="Target GC Util Change" value ="20.000000" />
  <attribute name="Current GC Util Change" value="304.000000"/>
  <attribute name="GC Util currently" value="304" />
  <attribute name="CPU Util currently" value="21529109770261" />
<exclusive-end id="235" timestamp="2019-06-15T19:53:08.386" durationms="4.623" />

<exclusive-start id="236" timestamp="2019-06-15T19:53:08.395" intervalms="14.435">
  <response-info timems="0.033" idlems="0.033" threads="0" lastid="0000000002813900" lastname="Thread-7" />
</exclusive-start>
<allocation-taxation id="237" taxation-threshold="16777216" timestamp="2019-06-15T19:53:08.396" intervalms="14.337" />
<cycle-start id="238" type="partial gc" contextid="0" timestamp="2019-06-15T19:53:08.396" intervalms="14.289" />
<gc-start id="239" type="partial gc" contextid="238" timestamp="2019-06-15T19:53:08.396">
  <mem-info id="240" free="8388608" total="41943040" percent="20">
    <mem type="eden" free="0" total="16777216" percent="0" />
    <remembered-set count="8192" freebytes="1641472" totalbytes="1674240" percent="98" regionsoverflowed="0" regionsstable="0" regionsrebuilding="0"/>
  </mem-info>
</gc-start>
<allocation-stats totalBytes="16775072" >
  <allocated-bytes non-tlh="0" tlh="16775072" arrayletleaf="0"/>
  <largest-consumer threadName="Thread-9" threadId="0000000002817500" bytes="4292088" />
</allocation-stats>
<gc-op id="241" type="copy forward" timems="2.166" contextid="238" timestamp="2019-06-15T19:53:08.399">
  <memory-copied type="eden" objects="3998" bytes="97024" bytesdiscarded="0" />
  <memory-copied type="other" objects="13425" bytes="596952" bytesdiscarded="0" />
  <memory-cardclean objects="4232" bytes="219752" />
  <regions eden="16" other="1" />
  <remembered-set-cleared processed="6736" cleared="619" durationms="0.117" />
  <stringconstants candidates="4597" cleared="0"  />
</gc-op>
<gc-op id="242" type="classunload" timems="0.002" contextid="238" timestamp="2019-06-15T19:53:08.399">
  <classunload-info classloadercandidates="8" classloadersunloaded="0" classesunloaded="0" anonymousclassesunloaded="0" quiescems="0.000" setupms="0.002" scanms="0.000" postms="0.000" />
</gc-op>
<heap-resize id="243" type="expand" space="default" amount="3145728" count="1" timems="0.067" reason="excessive time being spent in gc" timestamp="2019-06-15T19:53:08.400" />
<gc-end id="244" type="partial gc" contextid="238" durationms="3.760" usertimems="4.000" systemtimems="0.000" timestamp="2019-06-15T19:53:08.400" activeThreads="1">
  <mem-info id="245" free="27262976" total="45088768" percent="60">
    <mem type="eden" free="951552" total="1048576" percent="90" />
    <remembered-set count="9344" freebytes="1762432" totalbytes="1799808" percent="97" regionsoverflowed="0" regionsstable="0" regionsrebuilding="0"/>
  </mem-info>
</gc-end>
<cycle-end id="246" type="partial gc" contextid="238" timestamp="2019-06-15T19:53:08.400" />
  <attribute name="elasticGC enabled" value="1" />
  <attribute name= "numThreadsSpecified" value="1" />
  <attribute name="heapSize specified" value="0" />
  <attribute name="Current GC Util" value="54" />
  <attribute name= "Current Time Running" value="963" />
  <attribute name ="GC Interval" value="0" />
  <attribute name="ProportionalT" value="51.000000" />
  <attribute name="ProportionalI" value="51.000000" />
  <attribute name="ProportionalH" value="51.000000" />
  <attribute name="Current Error" value="34.000000" />
  <attribute name="IntegralT" value="0.000000" />
  <attribute name="IntegralI" value="0.000000" />
  <attribute name="IntegralH" value="0.000000" />
  <attribute name="DerivativeT" value="inf" />
  <attribute name="DerivativeI" value="inf" />
  <attribute name="DerivativeH" value="inf" />
  <attribute name="Loop Time for DT" value="0.000000" />
  <attribute name="Output H" value="8388608"/>
  <attribute name="Output I" value="200"/>
  <attribute name="Output T" value="1"/>
  <attribute name="Target GC Util Change" value ="20.000000" />
  <attribute name="Current GC Util Change" value="54.000000"/>
  <attribute name="GC Util currently" value="54" />
  <attribute name="CPU Util currently" value="19506327791536" />
<exclusive-end id="247" timestamp="2019-06-15T19:53:08.400" durationms="4.550" />

<exclusive-start id="248" timestamp="2019-06-15T19:53:08.413" intervalms="17.647">
  <response-info timems="0.031" idlems="0.031" threads="0" lastid="000000000280FD00" lastname="Thread-10" />
</exclusive-start>
<allocation-taxation id="249" taxation-threshold="17825792" timestamp="2019-06-15T19:53:08.413" intervalms="17.650" />
<cycle-start id="250" type="partial gc" contextid="0" timestamp="2019-06-15T19:53:08.413" intervalms="17.622" />
<gc-start id="251" type="partial gc" contextid="250" timestamp="2019-06-15T19:53:08.414">
  <mem-info id="252" free="9437184" total="45088768" percent="20">
    <mem type="eden" free="0" total="17825792" percent="0" />
    <remembered-set count="8992" freebytes="1763840" totalbytes="1799808" percent="98" regionsoverflowed="0" regionsstable="0" regionsrebuilding="0"/>
  </mem-info>
</gc-start>
<allocation-stats totalBytes="17823392" >
  <allocated-bytes non-tlh="0" tlh="17823392" arrayletleaf="0"/>
  <largest-consumer threadName="Thread-7" threadId="0000000002813900" bytes="5905656" />
</allocation-stats>
<gc-op id="253" type="copy forward" timems="2.570" contextid="250" timestamp="2019-06-15T19:53:08.417">
  <memory-copied type="eden" objects="15262" bytes="642256" bytesdiscarded="0" />
  <memory-copied type="other" objects="3821" bytes="91704" bytesdiscarded="0" />
  <memory-cardclean objects="9322" bytes="505856" />
  <regions eden="17" other="1" />
  <remembered-set-cleared processed="7145" cleared="632" durationms="0.122" />
  <stringconstants candidates="4597" cleared="0"  />
</gc-op>
<gc-op id="254" type="classunload" timems="0.002" contextid="250" timestamp="2019-06-15T19:53:08.417">
  <classunload-info classloadercandidates="8" classloadersunloaded="0" classesunloaded="0" anonymousclassesunloaded="0" quiescems="0.000" setupms="0.001" scanms="0.000" postms="0.000" />
</gc-op>
<heap-resize id="255" type="expand" space="default" amount="2097152" count="1" timems="0.060" reason="excessive time being spent in gc" timestamp="2019-06-15T19:53:08.417" />
<gc-end id="256" type="partial gc" contextid="250" durationms="3.640" usertimems="4.000" systemtimems="0.000" timestamp="2019-06-15T19:53:08.417" activeThreads="1">
  <mem-info id="257" free="28311552" total="47185920" percent="60">
    <mem type="eden" free="406320" total="1048576" percent="38" />
    <remembered-set count="9760" freebytes="1844480" totalbytes="1883520" percent="97" regionsoverflowed="0" regionsstable="0" regionsrebuilding="0"/>
  </mem-info>
</gc-end>
<cycle-end id="258" type="partial gc" contextid="250" timestamp="2019-06-15T19:53:08.417" />
  <attribute name="elasticGC enabled" value="1" />
  <attribute name= "numThreadsSpecified" value="1" />
  <attribute name="heapSize specified" value="0" />
  <attribute name="Current GC Util" value="65" />
  <attribute name= "Current Time Running" value="981" />
  <attribute name ="GC Interval" value="0" />
  <attribute name="ProportionalT" value="67.500000" />
  <attribute name="ProportionalI" value="67.500000" />
  <attribute name="ProportionalH" value="67.500000" />
  <attribute name="Current Error" value="45.000000" />
  <attribute name="IntegralT" value="0.000000" />
  <attribute name="IntegralI" value="0.000000" />
  <attribute name="IntegralH" value="0.000000" />
  <attribute name="DerivativeT" value="inf" />
  <attribute name="DerivativeI" value="inf" />
  <attribute name="DerivativeH" value="inf" />
  <attribute name="Loop Time for DT" value="0.000000" />
  <attribute name="Output H" value="8388608"/>
  <attribute name="Output I" value="200"/>
  <attribute name="Output T" value="1"/>
  <attribute name="Target GC Util Change" value ="20.000000" />
  <attribute name="Current GC Util Change" value="65.000000"/>
  <attribute name="GC Util currently" value="65" />
  <attribute name="CPU Util currently" value="25373788260786" />
<exclusive-end id="259" timestamp="2019-06-15T19:53:08.418" durationms="4.517" />

<exclusive-start id="260" timestamp="2019-06-15T19:53:08.432" intervalms="19.014">
  <response-info timems="0.019" idlems="0.019" threads="0" lastid="000000000281B100" lastname="Thread-8" />
</exclusive-start>
<allocation-taxation id="261" taxation-threshold="18874368" timestamp="2019-06-15T19:53:08.432" intervalms="19.062" />
<cycle-start id="262" type="partial gc" contextid="0" timestamp="2019-06-15T19:53:08.432" intervalms="19.093" />
<gc-start id="263" type="partial gc" contextid="262" timestamp="2019-06-15T19:53:08.433">
  <mem-info id="264" free="9437184" total="47185920" percent="20">
    <mem type="eden" free="0" total="18874368" percent="0" />
    <remembered-set count="9664" freebytes="1844864" totalbytes="1883520" percent="97" regionsoverflowed="0" regionsstable="0" regionsrebuilding="0"/>
  </mem-info>
</gc-start>
<allocation-stats totalBytes="18871808" >
  <allocated-bytes non-tlh="0" tlh="18871808" arrayletleaf="0"/>
  <largest-consumer threadName="Thread-7" threadId="0000000002813900" bytes="5995624" />
</allocation-stats>
<gc-op id="265" type="copy forward" timems="2.793" contextid="262" timestamp="2019-06-15T19:53:08.436">
  <memory-copied type="eden" objects="9440" bytes="365120" bytesdiscarded="0" />
  <memory-copied type="other" objects="15031" bytes="635496" bytesdiscarded="0" />
  <memory-cardclean objects="6218" bytes="318808" />
  <regions eden="18" other="1" />
  <remembered-set-cleared processed="7946" cleared="631" durationms="0.129" />
  <stringconstants candidates="4597" cleared="0"  />
</gc-op>
<gc-op id="266" type="classunload" timems="0.002" contextid="262" timestamp="2019-06-15T19:53:08.436">
  <classunload-info classloadercandidates="8" classloadersunloaded="0" classesunloaded="0" anonymousclassesunloaded="0" quiescems="0.000" setupms="0.002" scanms="0.000" postms="0.000" />
</gc-op>
<heap-resize id="267" type="expand" space="default" amount="3145728" count="1" timems="0.064" reason="excessive time being spent in gc" timestamp="2019-06-15T19:53:08.436" />
<gc-end id="268" type="partial gc" contextid="262" durationms="3.959" usertimems="4.000" systemtimems="0.000" timestamp="2019-06-15T19:53:08.437" activeThreads="1">
  <mem-info id="269" free="30408704" total="50331648" percent="60">
    <mem type="eden" free="683456" total="1048576" percent="65" />
    <remembered-set count="10560" freebytes="1966848" totalbytes="2009088" percent="97" regionsoverflowed="0" regionsstable="0" regionsrebuilding="0"/>
  </mem-info>
</gc-end>
<cycle-end id="270" type="partial gc" contextid="262" timestamp="2019-06-15T19:53:08.437" />
  <attribute name="elasticGC enabled" value="1" />
  <attribute name= "numThreadsSpecified" value="1" />
  <attribute name="heapSize specified" value="0" />
  <attribute name="Current GC Util" value="61" />
  <attribute name= "Current Time Running" value="1000" />
  <attribute name ="GC Interval" value="0" />
  <attribute name="ProportionalT" value="61.500000" />
  <attribute name="ProportionalI" value="61.500000" />
  <attribute name="ProportionalH" value="61.500000" />
  <attribute name="Current Error" value="41.000000" />
  <attribute name="IntegralT" value="0.000000" />
  <attribute name="IntegralI" value="0.000000" />
  <attribute name="IntegralH" value="0.000000" />
  <attribute name="DerivativeT" value="inf" />
  <attribute name="DerivativeI" value="inf" />
  <attribute name="DerivativeH" value="inf" />
  <attribute name="Loop Time for DT" value="0.000000" />
  <attribute name="Output H" value="8388608"/>
  <attribute name="Output I" value="200"/>
  <attribute name="Output T" value="1"/>
  <attribute name="Target GC Util Change" value ="20.000000" />
  <attribute name="Current GC Util Change" value="61.000000"/>
  <attribute name="GC Util currently" value="61" />
  <attribute name="CPU Util currently" value="25187394611054" />
<exclusive-end id="271" timestamp="2019-06-15T19:53:08.437" durationms="4.864" />

<exclusive-start id="272" timestamp="2019-06-15T19:53:08.450" intervalms="17.727">
  <response-info timems="0.021" idlems="0.021" threads="0" lastid="000000000280FD00" lastname="Thread-10" />
</exclusive-start>
<allocation-taxation id="273" taxation-threshold="18874368" timestamp="2019-06-15T19:53:08.450" intervalms="17.672" />
<cycle-start id="274" type="partial gc" contextid="0" timestamp="2019-06-15T19:53:08.450" intervalms="17.680" />
<gc-start id="275" type="partial gc" contextid="274" timestamp="2019-06-15T19:53:08.450">
  <mem-info id="276" free="11534336" total="50331648" percent="22">
    <mem type="eden" free="0" total="18874368" percent="0" />
    <remembered-set count="10400" freebytes="1967488" totalbytes="2009088" percent="97" regionsoverflowed="0" regionsstable="0" regionsrebuilding="0"/>
  </mem-info>
</gc-start>
<allocation-stats totalBytes="18871688" >
  <allocated-bytes non-tlh="0" tlh="18871688" arrayletleaf="0"/>
  <largest-consumer threadName="Thread-8" threadId="000000000281B100" bytes="5299488" />
</allocation-stats>
<gc-op id="277" type="copy forward" timems="1.935" contextid="274" timestamp="2019-06-15T19:53:08.453">
  <memory-copied type="eden" objects="3270" bytes="79192" bytesdiscarded="16512" />
  <memory-copied type="other" objects="9222" bytes="358704" bytesdiscarded="11232" />
  <memory-cardclean objects="7762" bytes="431008" />
  <regions eden="18" other="1" />
  <remembered-set-cleared processed="8628" cleared="521" durationms="0.116" />
  <stringconstants candidates="4597" cleared="0"  />
</gc-op>
<gc-op id="278" type="classunload" timems="0.002" contextid="274" timestamp="2019-06-15T19:53:08.453">
  <classunload-info classloadercandidates="8" classloadersunloaded="0" classesunloaded="0" anonymousclassesunloaded="0" quiescems="0.000" setupms="0.002" scanms="0.000" postms="0.000" />
</gc-op>
<heap-resize id="279" type="expand" space="default" amount="5242880" count="1" timems="0.078" reason="excessive time being spent in gc" timestamp="2019-06-15T19:53:08.453" />
<gc-end id="280" type="partial gc" contextid="274" durationms="3.010" usertimems="4.000" systemtimems="0.000" timestamp="2019-06-15T19:53:08.453" activeThreads="4">
  <mem-info id="281" free="33554432" total="55574528" percent="60">
    <mem type="eden" free="2001448" total="2097152" percent="95" />
    <remembered-set count="11584" freebytes="2172032" totalbytes="2218368" percent="97" regionsoverflowed="0" regionsstable="0" regionsrebuilding="0"/>
  </mem-info>
</gc-end>
<cycle-end id="282" type="partial gc" contextid="274" timestamp="2019-06-15T19:53:08.453" />
  <attribute name="elasticGC enabled" value="1" />
  <attribute name= "numThreadsSpecified" value="4" />
  <attribute name="heapSize specified" value="0" />
  <attribute name="Current GC Util" value="0" />
  <attribute name= "Current Time Running" value="1018" />
  <attribute name ="GC Interval" value="0" />
  <attribute name="ProportionalT" value="-30.000000" />
  <attribute name="ProportionalI" value="-30.000000" />
  <attribute name="ProportionalH" value="-30.000000" />
  <attribute name="Current Error" value="-20.000000" />
  <attribute name="IntegralT" value="-20.000000" />
  <attribute name="IntegralI" value="-20.000000" />
  <attribute name="IntegralH" value="-20.000000" />
  <attribute name="DerivativeT" value="-10.000000" />
  <attribute name="DerivativeI" value="-10.000000" />
  <attribute name="DerivativeH" value="-10.000000" />
  <attribute name="Loop Time for DT" value="1.000000" />
  <attribute name="Output H" value="2091843584"/>
  <attribute name="Output I" value="200"/>
  <attribute name="Output T" value="4"/>
  <attribute name="Target GC Util Change" value ="20.000000" />
  <attribute name="Current GC Util Change" value="0.000000"/>
  <attribute name="GC Util currently" value="0" />
  <attribute name="CPU Util currently" value="33515647147639" />
<exclusive-end id="283" timestamp="2019-06-15T19:53:08.454" durationms="3.873" />

<exclusive-start id="284" timestamp="2019-06-15T19:53:08.467" intervalms="16.939">
  <response-info timems="0.025" idlems="0.025" threads="0" lastid="0000000002817500" lastname="Thread-9" />
</exclusive-start>
<allocation-taxation id="285" taxation-threshold="20971520" timestamp="2019-06-15T19:53:08.467" intervalms="16.967" />
<cycle-start id="286" type="partial gc" contextid="0" timestamp="2019-06-15T19:53:08.467" intervalms="16.973" />
<gc-start id="287" type="partial gc" contextid="286" timestamp="2019-06-15T19:53:08.467">
  <mem-info id="288" free="12582912" total="55574528" percent="22">
    <mem type="eden" free="0" total="20971520" percent="0" />
    <remembered-set count="11328" freebytes="2173056" totalbytes="2218368" percent="97" regionsoverflowed="0" regionsstable="0" regionsrebuilding="0"/>
  </mem-info>
</gc-start>
<allocation-stats totalBytes="20969136" >
  <allocated-bytes non-tlh="0" tlh="20969136" arrayletleaf="0"/>
  <largest-consumer threadName="Thread-10" threadId="000000000280FD00" bytes="5774736" />
</allocation-stats>
<gc-op id="289" type="copy forward" timems="2.002" contextid="286" timestamp="2019-06-15T19:53:08.470">
  <memory-copied type="eden" objects="3847" bytes="93720" bytesdiscarded="2464" />
  <memory-copied type="other" objects="3162" bytes="75888" bytesdiscarded="832" />
  <memory-cardclean objects="9129" bytes="469600" />
  <regions eden="20" other="2" />
  <remembered-set-cleared processed="9341" cleared="460" durationms="0.103" />
  <stringconstants candidates="4597" cleared="0"  />
</gc-op>
<gc-op id="290" type="classunload" timems="0.001" contextid="286" timestamp="2019-06-15T19:53:08.470">
  <classunload-info classloadercandidates="8" classloadersunloaded="0" classesunloaded="0" anonymousclassesunloaded="0" quiescems="0.000" setupms="0.001" scanms="0.000" postms="0.000" />
</gc-op>
<gc-end id="291" type="partial gc" contextid="286" durationms="2.996" usertimems="4.000" systemtimems="0.000" timestamp="2019-06-15T19:53:08.470" activeThreads="4">
  <mem-info id="292" free="33554432" total="55574528" percent="60">
    <mem type="eden" free="952392" total="1048576" percent="90" />
    <remembered-set count="12576" freebytes="2168064" totalbytes="2218368" percent="97" regionsoverflowed="0" regionsstable="0" regionsrebuilding="0"/>
  </mem-info>
</gc-end>
<cycle-end id="293" type="partial gc" contextid="286" timestamp="2019-06-15T19:53:08.470" />
  <attribute name="elasticGC enabled" value="1" />
  <attribute name= "numThreadsSpecified" value="4" />
  <attribute name="heapSize specified" value="0" />
  <attribute name="Current GC Util" value="35" />
  <attribute name= "Current Time Running" value="1035" />
  <attribute name ="GC Interval" value="0" />
  <attribute name="ProportionalT" value="22.500000" />
  <attribute name="ProportionalI" value="22.500000" />
  <attribute name="ProportionalH" value="22.500000" />
  <attribute name="Current Error" value="15.000000" />
  <attribute name="IntegralT" value="15.000000" />
  <attribute name="IntegralI" value="15.000000" />
  <attribute name="IntegralH" value="15.000000" />
  <attribute name="DerivativeT" value="6.000000" />
  <attribute name="DerivativeI" value="6.000000" />
  <attribute name="DerivativeH" value="6.000000" />
  <attribute name="Loop Time for DT" value="1.000000" />
  <attribute name="Output H" value="8388608"/>
  <attribute name="Output I" value="200"/>
  <attribute name="Output T" value="4"/>
  <attribute name="Target GC Util Change" value ="20.000000" />
  <attribute name="Current GC Util Change" value="35.000000"/>
  <attribute name="GC Util currently" value="35" />
  <attribute name="CPU Util currently" value="17581857338297" />
<exclusive-end id="294" timestamp="2019-06-15T19:53:08.471" durationms="3.826" />

<exclusive-start id="295" timestamp="2019-06-15T19:53:08.484" intervalms="17.497">
  <response-info timems="0.047" idlems="0.047" threads="0" lastid="0000000002813900" lastname="Thread-7" />
</exclusive-start>
<allocation-taxation id="296" taxation-threshold="20971520" timestamp="2019-06-15T19:53:08.484" intervalms="17.495" />
<cycle-start id="297" type="partial gc" contextid="0" timestamp="2019-06-15T19:53:08.485" intervalms="17.479" />
<gc-start id="298" type="partial gc" contextid="297" timestamp="2019-06-15T19:53:08.485">
  <mem-info id="299" free="12582912" total="55574528" percent="22">
    <mem type="eden" free="0" total="20971520" percent="0" />
    <remembered-set count="12576" freebytes="2168064" totalbytes="2218368" percent="97" regionsoverflowed="0" regionsstable="0" regionsrebuilding="0"/>
  </mem-info>
</gc-start>
<allocation-stats totalBytes="20968688" >
  <allocated-bytes non-tlh="0" tlh="20968688" arrayletleaf="0"/>
  <largest-consumer threadName="Thread-7" threadId="0000000002813900" bytes="5668032" />
</allocation-stats>
<gc-op id="300" type="copy forward" timems="2.178" contextid="297" timestamp="2019-06-15T19:53:08.487">
  <memory-copied type="eden" objects="9886" bytes="375984" bytesdiscarded="5040" />
  <memory-copied type="other" objects="3580" bytes="85920" bytesdiscarded="592" />
  <memory-cardclean objects="9922" bytes="492184" />
  <regions eden="20" other="1" />
  <remembered-set-cleared processed="10056" cleared="685" durationms="0.117" />
  <stringconstants candidates="4597" cleared="0"  />
</gc-op>
<gc-op id="301" type="classunload" timems="0.002" contextid="297" timestamp="2019-06-15T19:53:08.488">
  <classunload-info classloadercandidates="8" classloadersunloaded="0" classesunloaded="0" anonymousclassesunloaded="0" quiescems="0.000" setupms="0.002" scanms="0.000" postms="0.000" />
</gc-op>
<heap-resize id="302" type="expand" space="default" amount="2097152" count="1" timems="0.074" reason="excessive time being spent in gc" timestamp="2019-06-15T19:53:08.488" />
<gc-end id="303" type="partial gc" contextid="297" durationms="3.296" usertimems="4.000" systemtimems="0.000" timestamp="2019-06-15T19:53:08.488" activeThreads="4">
  <mem-info id="304" free="34603008" total="57671680" percent="60">
    <mem type="eden" free="667552" total="1048576" percent="63" />
    <remembered-set count="13664" freebytes="2247424" totalbytes="2302080" percent="97" regionsoverflowed="0" regionsstable="0" regionsrebuilding="0"/>
  </mem-info>
</gc-end>
<cycle-end id="305" type="partial gc" contextid="297" timestamp="2019-06-15T19:53:08.488" />
  <attribute name="elasticGC enabled" value="1" />
  <attribute name= "numThreadsSpecified" value="4" />
  <attribute name="heapSize specified" value="0" />
  <attribute name="Current GC Util" value="0" />
  <attribute name= "Current Time Running" value="1052" />
  <attribute name ="GC Interval" value="0" />
  <attribute name="ProportionalT" value="-30.000000" />
  <attribute name="ProportionalI" value="-30.000000" />
  <attribute name="ProportionalH" value="-30.000000" />
  <attribute name="Current Error" value="-20.000000" />
  <attribute name="IntegralT" value="0.000000" />
  <attribute name="IntegralI" value="0.000000" />
  <attribute name="IntegralH" value="0.000000" />
  <attribute name="DerivativeT" value="-inf" />
  <attribute name="DerivativeI" value="-inf" />
  <attribute name="DerivativeH" value="-inf" />
  <attribute name="Loop Time for DT" value="0.000000" />
  <attribute name="Output H" value="2091843584"/>
  <attribute name="Output I" value="200"/>
  <attribute name="Output T" value="4"/>
  <attribute name="Target GC Util Change" value ="20.000000" />
  <attribute name="Current GC Util Change" value="0.000000"/>
  <attribute name="GC Util currently" value="0" />
  <attribute name="CPU Util currently" value="34751411145271" />
<exclusive-end id="306" timestamp="2019-06-15T19:53:08.488" durationms="4.122" />

<exclusive-start id="307" timestamp="2019-06-15T19:53:08.502" intervalms="17.978">
  <response-info timems="0.025" idlems="0.025" threads="0" lastid="000000000280FD00" lastname="Thread-10" />
</exclusive-start>
<allocation-taxation id="308" taxation-threshold="20971520" timestamp="2019-06-15T19:53:08.502" intervalms="17.989" />
<cycle-start id="309" type="partial gc" contextid="0" timestamp="2019-06-15T19:53:08.503" intervalms="17.959" />
<gc-start id="310" type="partial gc" contextid="309" timestamp="2019-06-15T19:53:08.503">
  <mem-info id="311" free="13631488" total="57671680" percent="23">
    <mem type="eden" free="0" total="20971520" percent="0" />
    <remembered-set count="13184" freebytes="2249344" totalbytes="2302080" percent="97" regionsoverflowed="0" regionsstable="0" regionsrebuilding="0"/>
  </mem-info>
</gc-start>
<allocation-stats totalBytes="20968720" >
  <allocated-bytes non-tlh="0" tlh="20968720" arrayletleaf="0"/>
  <largest-consumer threadName="Thread-8" threadId="000000000281B100" bytes="5795064" />
</allocation-stats>
<gc-op id="312" type="copy forward" timems="2.853" contextid="309" timestamp="2019-06-15T19:53:08.506">
  <memory-copied type="eden" objects="15181" bytes="640312" bytesdiscarded="0" />
  <memory-copied type="other" objects="9644" bytes="368832" bytesdiscarded="0" />
  <memory-cardclean objects="8290" bytes="422608" />
  <regions eden="20" other="1" />
  <remembered-set-cleared processed="10825" cleared="794" durationms="0.168" />
  <stringconstants candidates="4597" cleared="0"  />
</gc-op>
<gc-op id="313" type="classunload" timems="0.003" contextid="309" timestamp="2019-06-15T19:53:08.506">
  <classunload-info classloadercandidates="8" classloadersunloaded="0" classesunloaded="0" anonymousclassesunloaded="0" quiescems="0.000" setupms="0.002" scanms="0.000" postms="0.000" />
</gc-op>
<heap-resize id="314" type="expand" space="default" amount="3145728" count="1" timems="0.067" reason="excessive time being spent in gc" timestamp="2019-06-15T19:53:08.507" />
<gc-end id="315" type="partial gc" contextid="309" durationms="3.993" usertimems="4.000" systemtimems="0.000" timestamp="2019-06-15T19:53:08.507" activeThreads="1">
  <mem-info id="316" free="36700160" total="60817408" percent="60">
    <mem type="eden" free="408264" total="1048576" percent="38" />
    <remembered-set count="14176" freebytes="2370944" totalbytes="2427648" percent="97" regionsoverflowed="0" regionsstable="0" regionsrebuilding="0"/>
  </mem-info>
</gc-end>
<cycle-end id="317" type="partial gc" contextid="309" timestamp="2019-06-15T19:53:08.507" />
  <attribute name="elasticGC enabled" value="1" />
  <attribute name= "numThreadsSpecified" value="1" />
  <attribute name="heapSize specified" value="0" />
  <attribute name="Current GC Util" value="39" />
  <attribute name= "Current Time Running" value="1070" />
  <attribute name ="GC Interval" value="0" />
  <attribute name="ProportionalT" value="28.500000" />
  <attribute name="ProportionalI" value="28.500000" />
  <attribute name="ProportionalH" value="28.500000" />
  <attribute name="Current Error" value="19.000000" />
  <attribute name="IntegralT" value="0.000000" />
  <attribute name="IntegralI" value="0.000000" />
  <attribute name="IntegralH" value="0.000000" />
  <attribute name="DerivativeT" value="inf" />
  <attribute name="DerivativeI" value="inf" />
  <attribute name="DerivativeH" value="inf" />
  <attribute name="Loop Time for DT" value="0.000000" />
  <attribute name="Output H" value="8388608"/>
  <attribute name="Output I" value="200"/>
  <attribute name="Output T" value="1"/>
  <attribute name="Target GC Util Change" value ="20.000000" />
  <attribute name="Current GC Util Change" value="39.000000"/>
  <attribute name="GC Util currently" value="39" />
  <attribute name="CPU Util currently" value="19021576093258" />
<exclusive-end id="318" timestamp="2019-06-15T19:53:08.507" durationms="4.862" />

<exclusive-start id="319" timestamp="2019-06-15T19:53:08.521" intervalms="19.191">
  <response-info timems="0.047" idlems="0.047" threads="0" lastid="0000000002817500" lastname="Thread-9" />
</exclusive-start>
<allocation-taxation id="320" taxation-threshold="22020096" timestamp="2019-06-15T19:53:08.522" intervalms="19.174" />
<cycle-start id="321" type="partial gc" contextid="0" timestamp="2019-06-15T19:53:08.522" intervalms="19.220" />
<gc-start id="322" type="partial gc" contextid="321" timestamp="2019-06-15T19:53:08.522">
  <mem-info id="323" free="14680064" total="60817408" percent="24">
    <mem type="eden" free="0" total="22020096" percent="0" />
    <remembered-set count="13696" freebytes="2372864" totalbytes="2427648" percent="97" regionsoverflowed="0" regionsstable="0" regionsrebuilding="0"/>
  </mem-info>
</gc-start>
<allocation-stats totalBytes="22017576" >
  <allocated-bytes non-tlh="0" tlh="22017576" arrayletleaf="0"/>
  <largest-consumer threadName="Thread-10" threadId="000000000280FD00" bytes="5950888" />
</allocation-stats>
<gc-op id="324" type="copy forward" timems="2.529" contextid="321" timestamp="2019-06-15T19:53:08.525">
  <memory-copied type="eden" objects="4173" bytes="101512" bytesdiscarded="0" />
  <memory-copied type="other" objects="14959" bytes="633768" bytesdiscarded="0" />
  <memory-cardclean objects="6307" bytes="342448" />
  <regions eden="21" other="1" />
  <remembered-set-cleared processed="11621" cleared="540" durationms="0.155" />
  <stringconstants candidates="4597" cleared="0"  />
</gc-op>
<gc-op id="325" type="classunload" timems="0.002" contextid="321" timestamp="2019-06-15T19:53:08.525">
  <classunload-info classloadercandidates="8" classloadersunloaded="0" classesunloaded="0" anonymousclassesunloaded="0" quiescems="0.000" setupms="0.002" scanms="0.000" postms="0.000" />
</gc-op>
<heap-resize id="326" type="expand" space="default" amount="2097152" count="1" timems="0.059" reason="excessive time being spent in gc" timestamp="2019-06-15T19:53:08.526" />
<gc-end id="327" type="partial gc" contextid="321" durationms="3.809" usertimems="4.000" systemtimems="0.000" timestamp="2019-06-15T19:53:08.526" activeThreads="1">
  <mem-info id="328" free="37748736" total="62914560" percent="60">
    <mem type="eden" free="947064" total="1048576" percent="90" />
    <remembered-set count="14656" freebytes="2452736" totalbytes="2511360" percent="97" regionsoverflowed="0" regionsstable="0" regionsrebuilding="0"/>
  </mem-info>
</gc-end>
<cycle-end id="329" type="partial gc" contextid="321" timestamp="2019-06-15T19:53:08.526" />
  <attribute name="elasticGC enabled" value="1" />
  <attribute name= "numThreadsSpecified" value="1" />
  <attribute name="heapSize specified" value="0" />
  <attribute name="Current GC Util" value="43" />
  <attribute name= "Current Time Running" value="1089" />
  <attribute name ="GC Interval" value="0" />
  <attribute name="ProportionalT" value="34.500000" />
  <attribute name="ProportionalI" value="34.500000" />
  <attribute name="ProportionalH" value="34.500000" />
  <attribute name="Current Error" value="23.000000" />
  <attribute name="IntegralT" value="0.000000" />
  <attribute name="IntegralI" value="0.000000" />
  <attribute name="IntegralH" value="0.000000" />
  <attribute name="DerivativeT" value="inf" />
  <attribute name="DerivativeI" value="inf" />
  <attribute name="DerivativeH" value="inf" />
  <attribute name="Loop Time for DT" value="0.000000" />
  <attribute name="Output H" value="8388608"/>
  <attribute name="Output I" value="200"/>
  <attribute name="Output T" value="1"/>
  <attribute name="Target GC Util Change" value ="20.000000" />
  <attribute name="Current GC Util Change" value="43.000000"/>
  <attribute name="GC Util currently" value="43" />
  <attribute name="CPU Util currently" value="17986575515351" />
<exclusive-end id="330" timestamp="2019-06-15T19:53:08.526" durationms="4.738" />

<exclusive-start id="331" timestamp="2019-06-15T19:53:08.542" intervalms="20.269">
  <response-info timems="0.023" idlems="0.023" threads="0" lastid="000000000280FD00" lastname="Thread-10" />
</exclusive-start>
<allocation-taxation id="332" taxation-threshold="22020096" timestamp="2019-06-15T19:53:08.542" intervalms="20.263" />
<cycle-start id="333" type="partial gc" contextid="0" timestamp="2019-06-15T19:53:08.542" intervalms="20.292" />
<gc-start id="334" type="partial gc" contextid="333" timestamp="2019-06-15T19:53:08.542">
  <mem-info id="335" free="15728640" total="62914560" percent="25">
    <mem type="eden" free="0" total="22020096" percent="0" />
    <remembered-set count="14560" freebytes="2453120" totalbytes="2511360" percent="97" regionsoverflowed="0" regionsstable="0" regionsrebuilding="0"/>
  </mem-info>
</gc-start>
<allocation-stats totalBytes="22017528" >
  <allocated-bytes non-tlh="0" tlh="22017528" arrayletleaf="0"/>
  <largest-consumer threadName="Thread-9" threadId="0000000002817500" bytes="7015760" />
</allocation-stats>
<gc-op id="336" type="copy forward" timems="2.112" contextid="333" timestamp="2019-06-15T19:53:08.545">
  <memory-copied type="eden" objects="9174" bytes="359104" bytesdiscarded="0" />
  <memory-copied type="other" objects="3909" bytes="93816" bytesdiscarded="0" />
  <memory-cardclean objects="9012" bytes="486712" />
  <regions eden="21" other="1" />
  <remembered-set-cleared processed="12314" cleared="547" durationms="0.163" />
  <stringconstants candidates="4597" cleared="0"  />
</gc-op>
<gc-op id="337" type="classunload" timems="0.002" contextid="333" timestamp="2019-06-15T19:53:08.545">
  <classunload-info classloadercandidates="8" classloadersunloaded="0" classesunloaded="0" anonymousclassesunloaded="0" quiescems="0.000" setupms="0.001" scanms="0.000" postms="0.000" />
</gc-op>
<heap-resize id="338" type="expand" space="default" amount="3145728" count="1" timems="0.068" reason="excessive time being spent in gc" timestamp="2019-06-15T19:53:08.546" />
<gc-end id="339" type="partial gc" contextid="333" durationms="3.502" usertimems="4.000" systemtimems="0.000" timestamp="2019-06-15T19:53:08.546" activeThreads="1">
  <mem-info id="340" free="39845888" total="66060288" percent="60">
    <mem type="eden" free="689472" total="1048576" percent="65" />
    <remembered-set count="15424" freebytes="2575232" totalbytes="2636928" percent="97" regionsoverflowed="0" regionsstable="0" regionsrebuilding="0"/>
  </mem-info>
</gc-end>
<cycle-end id="341" type="partial gc" contextid="333" timestamp="2019-06-15T19:53:08.546" />
  <attribute name="elasticGC enabled" value="1" />
  <attribute name= "numThreadsSpecified" value="1" />
  <attribute name="heapSize specified" value="0" />
  <attribute name="Current GC Util" value="41" />
  <attribute name= "Current Time Running" value="1110" />
  <attribute name ="GC Interval" value="0" />
  <attribute name="ProportionalT" value="31.500000" />
  <attribute name="ProportionalI" value="31.500000" />
  <attribute name="ProportionalH" value="31.500000" />
  <attribute name="Current Error" value="21.000000" />
  <attribute name="IntegralT" value="0.000000" />
  <attribute name="IntegralI" value="0.000000" />
  <attribute name="IntegralH" value="0.000000" />
  <attribute name="DerivativeT" value="inf" />
  <attribute name="DerivativeI" value="inf" />
  <attribute name="DerivativeH" value="inf" />
  <attribute name="Loop Time for DT" value="0.000000" />
  <attribute name="Output H" value="8388608"/>
  <attribute name="Output I" value="200"/>
  <attribute name="Output T" value="1"/>
  <attribute name="Target GC Util Change" value ="20.000000" />
  <attribute name="Current GC Util Change" value="41.000000"/>
  <attribute name="GC Util currently" value="41" />
  <attribute name="CPU Util currently" value="17001043341400" />
<exclusive-end id="342" timestamp="2019-06-15T19:53:08.546" durationms="4.497" />

<exclusive-start id="343" timestamp="2019-06-15T19:53:08.561" intervalms="19.369">
  <response-info timems="0.047" idlems="0.047" threads="0" lastid="000000000280FD00" lastname="Thread-10" />
</exclusive-start>
<allocation-taxation id="344" taxation-threshold="23068672" timestamp="2019-06-15T19:53:08.561" intervalms="19.369" />
<cycle-start id="345" type="partial gc" contextid="0" timestamp="2019-06-15T19:53:08.561" intervalms="19.299" />
<gc-start id="346" type="partial gc" contextid="345" timestamp="2019-06-15T19:53:08.562">
  <mem-info id="347" free="16777216" total="66060288" percent="25">
    <mem type="eden" free="0" total="23068672" percent="0" />
    <remembered-set count="15328" freebytes="2575616" totalbytes="2636928" percent="97" regionsoverflowed="0" regionsstable="0" regionsrebuilding="0"/>
  </mem-info>
</gc-start>
<allocation-stats totalBytes="23065808" >
  <allocated-bytes non-tlh="0" tlh="23065808" arrayletleaf="0"/>
  <largest-consumer threadName="Thread-9" threadId="0000000002817500" bytes="7056568" />
</allocation-stats>
<gc-op id="348" type="copy forward" timems="2.106" contextid="345" timestamp="2019-06-15T19:53:08.564">
  <memory-copied type="eden" objects="3770" bytes="91824" bytesdiscarded="0" />
  <memory-copied type="other" objects="8841" bytes="349560" bytesdiscarded="0" />
  <memory-cardclean objects="7287" bytes="366184" />
  <regions eden="22" other="1" />
  <remembered-set-cleared processed="13145" cleared="668" durationms="0.171" />
  <stringconstants candidates="4597" cleared="0"  />
</gc-op>
<gc-op id="349" type="classunload" timems="0.002" contextid="345" timestamp="2019-06-15T19:53:08.564">
  <classunload-info classloadercandidates="8" classloadersunloaded="0" classesunloaded="0" anonymousclassesunloaded="0" quiescems="0.000" setupms="0.002" scanms="0.000" postms="0.000" />
</gc-op>
<heap-resize id="350" type="expand" space="default" amount="2097152" count="1" timems="0.061" reason="excessive time being spent in gc" timestamp="2019-06-15T19:53:08.565" />
<gc-end id="351" type="partial gc" contextid="345" durationms="3.259" usertimems="0.000" systemtimems="4.000" timestamp="2019-06-15T19:53:08.565" activeThreads="1">
  <mem-info id="352" free="40894464" total="68157440" percent="60">
    <mem type="eden" free="956752" total="1048576" percent="91" />
    <remembered-set count="16640" freebytes="2654080" totalbytes="2720640" percent="97" regionsoverflowed="0" regionsstable="0" regionsrebuilding="0"/>
  </mem-info>
</gc-end>
<cycle-end id="353" type="partial gc" contextid="345" timestamp="2019-06-15T19:53:08.565" />
  <attribute name="elasticGC enabled" value="1" />
  <attribute name= "numThreadsSpecified" value="1" />
  <attribute name="heapSize specified" value="0" />
  <attribute name="Current GC Util" value="46" />
  <attribute name= "Current Time Running" value="1129" />
  <attribute name ="GC Interval" value="0" />
  <attribute name="ProportionalT" value="39.000000" />
  <attribute name="ProportionalI" value="39.000000" />
  <attribute name="ProportionalH" value="39.000000" />
  <attribute name="Current Error" value="26.000000" />
  <attribute name="IntegralT" value="0.000000" />
  <attribute name="IntegralI" value="0.000000" />
  <attribute name="IntegralH" value="0.000000" />
  <attribute name="DerivativeT" value="inf" />
  <attribute name="DerivativeI" value="inf" />
  <attribute name="DerivativeH" value="inf" />
  <attribute name="Loop Time for DT" value="0.000000" />
  <attribute name="Output H" value="8388608"/>
  <attribute name="Output I" value="200"/>
  <attribute name="Output T" value="1"/>
  <attribute name="Target GC Util Change" value ="20.000000" />
  <attribute name="Current GC Util Change" value="46.000000"/>
  <attribute name="GC Util currently" value="46" />
  <attribute name="CPU Util currently" value="18805017251337" />
<exclusive-end id="354" timestamp="2019-06-15T19:53:08.565" durationms="4.104" />

<exclusive-start id="355" timestamp="2019-06-15T19:53:08.580" intervalms="18.922">
  <response-info timems="0.038" idlems="0.038" threads="0" lastid="0000000002817500" lastname="Thread-9" />
</exclusive-start>
<allocation-taxation id="356" taxation-threshold="24117248" timestamp="2019-06-15T19:53:08.580" intervalms="18.953" />
<cycle-start id="357" type="partial gc" contextid="0" timestamp="2019-06-15T19:53:08.580" intervalms="19.025" />
<gc-start id="358" type="partial gc" contextid="357" timestamp="2019-06-15T19:53:08.581">
  <mem-info id="359" free="16777216" total="68157440" percent="24">
    <mem type="eden" free="0" total="24117248" percent="0" />
    <remembered-set count="16160" freebytes="2656000" totalbytes="2720640" percent="97" regionsoverflowed="0" regionsstable="0" regionsrebuilding="0"/>
  </mem-info>
</gc-start>
<allocation-stats totalBytes="24114440" >
  <allocated-bytes non-tlh="0" tlh="24114440" arrayletleaf="0"/>
  <largest-consumer threadName="Thread-10" threadId="000000000280FD00" bytes="7433304" />
</allocation-stats>
<gc-op id="360" type="copy forward" timems="1.598" contextid="357" timestamp="2019-06-15T19:53:08.583">
  <memory-copied type="eden" objects="2455" bytes="59784" bytesdiscarded="0" />
  <memory-copied type="other" objects="3510" bytes="84240" bytesdiscarded="0" />
  <memory-cardclean objects="8228" bytes="426256" />
  <regions eden="23" other="1" />
  <remembered-set-cleared processed="13906" cleared="585" durationms="0.175" />
  <stringconstants candidates="4597" cleared="0"  />
</gc-op>
<gc-op id="361" type="classunload" timems="0.001" contextid="357" timestamp="2019-06-15T19:53:08.583">
  <classunload-info classloadercandidates="8" classloadersunloaded="0" classesunloaded="0" anonymousclassesunloaded="0" quiescems="0.000" setupms="0.001" scanms="0.000" postms="0.000" />
</gc-op>
<heap-resize id="362" type="expand" space="default" amount="3145728" count="1" timems="0.065" reason="excessive time being spent in gc" timestamp="2019-06-15T19:53:08.583" />
<gc-end id="363" type="partial gc" contextid="357" durationms="2.779" usertimems="0.000" systemtimems="4.000" timestamp="2019-06-15T19:53:08.583" activeThreads="1">
  <mem-info id="364" free="42991616" total="71303168" percent="60">
    <mem type="eden" free="988792" total="1048576" percent="94" />
    <remembered-set count="17056" freebytes="2777984" totalbytes="2846208" percent="97" regionsoverflowed="0" regionsstable="0" regionsrebuilding="0"/>
  </mem-info>
</gc-end>
<cycle-end id="365" type="partial gc" contextid="357" timestamp="2019-06-15T19:53:08.584" />
  <attribute name="elasticGC enabled" value="1" />
  <attribute name= "numThreadsSpecified" value="1" />
  <attribute name="heapSize specified" value="0" />
  <attribute name="Current GC Util" value="46" />
  <attribute name= "Current Time Running" value="1148" />
  <attribute name ="GC Interval" value="0" />
  <attribute name="ProportionalT" value="39.000000" />
  <attribute name="ProportionalI" value="39.000000" />
  <attribute name="ProportionalH" value="39.000000" />
  <attribute name="Current Error" value="26.000000" />
  <attribute name="IntegralT" value="0.000000" />
  <attribute name="IntegralI" value="0.000000" />
  <attribute name="IntegralH" value="0.000000" />
  <attribute name="DerivativeT" value="inf" />
  <attribute name="DerivativeI" value="inf" />
  <attribute name="DerivativeH" value="inf" />
  <attribute name="Loop Time for DT" value="0.000000" />
  <attribute name="Output H" value="8388608"/>
  <attribute name="Output I" value="200"/>
  <attribute name="Output T" value="1"/>
  <attribute name="Target GC Util Change" value ="20.000000" />
  <attribute name="Current GC Util Change" value="46.000000"/>
  <attribute name="GC Util currently" value="46" />
  <attribute name="CPU Util currently" value="20313739205231" />
<exclusive-end id="366" timestamp="2019-06-15T19:53:08.584" durationms="3.726" />

<exclusive-start id="367" timestamp="2019-06-15T19:53:08.600" intervalms="19.837">
  <response-info timems="0.122" idlems="0.122" threads="0" lastid="0000000002813900" lastname="Thread-7" />
</exclusive-start>
<allocation-taxation id="368" taxation-threshold="24117248" timestamp="2019-06-15T19:53:08.600" intervalms="19.762" />
<cycle-start id="369" type="partial gc" contextid="0" timestamp="2019-06-15T19:53:08.600" intervalms="19.692" />
<gc-start id="370" type="partial gc" contextid="369" timestamp="2019-06-15T19:53:08.600">
  <mem-info id="371" free="18874368" total="71303168" percent="26">
    <mem type="eden" free="0" total="24117248" percent="0" />
    <remembered-set count="16864" freebytes="2778752" totalbytes="2846208" percent="97" regionsoverflowed="0" regionsstable="0" regionsrebuilding="0"/>
  </mem-info>
</gc-start>
<allocation-stats totalBytes="24114040" >
  <allocated-bytes non-tlh="0" tlh="24114040" arrayletleaf="0"/>
  <largest-consumer threadName="Thread-10" threadId="000000000280FD00" bytes="6990952" />
</allocation-stats>
<gc-op id="372" type="copy forward" timems="2.177" contextid="369" timestamp="2019-06-15T19:53:08.603">
  <memory-copied type="eden" objects="3102" bytes="76000" bytesdiscarded="1816" />
  <memory-copied type="other" objects="2308" bytes="55392" bytesdiscarded="2064" />
  <memory-cardclean objects="7836" bytes="388720" />
  <regions eden="23" other="1" />
  <remembered-set-cleared processed="14708" cleared="730" durationms="0.120" />
  <stringconstants candidates="4597" cleared="0"  />
</gc-op>
<gc-op id="373" type="classunload" timems="0.002" contextid="369" timestamp="2019-06-15T19:53:08.603">
  <classunload-info classloadercandidates="8" classloadersunloaded="0" classesunloaded="0" anonymousclassesunloaded="0" quiescems="0.000" setupms="0.002" scanms="0.000" postms="0.000" />
</gc-op>
<heap-resize id="374" type="expand" space="default" amount="2097152" count="1" timems="0.061" reason="excessive time being spent in gc" timestamp="2019-06-15T19:53:08.603" />
<gc-end id="375" type="partial gc" contextid="369" durationms="3.204" usertimems="0.000" systemtimems="4.000" timestamp="2019-06-15T19:53:08.603" activeThreads="4">
  <mem-info id="376" free="44040192" total="73400320" percent="60">
    <mem type="eden" free="970760" total="1048576" percent="92" />
    <remembered-set count="18400" freebytes="2856320" totalbytes="2929920" percent="97" regionsoverflowed="0" regionsstable="0" regionsrebuilding="0"/>
  </mem-info>
</gc-end>
<cycle-end id="377" type="partial gc" contextid="369" timestamp="2019-06-15T19:53:08.604" />
  <attribute name="elasticGC enabled" value="1" />
  <attribute name= "numThreadsSpecified" value="4" />
  <attribute name="heapSize specified" value="0" />
  <attribute name="Current GC Util" value="50" />
  <attribute name= "Current Time Running" value="1168" />
  <attribute name ="GC Interval" value="0" />
  <attribute name="ProportionalT" value="45.000000" />
  <attribute name="ProportionalI" value="45.000000" />
  <attribute name="ProportionalH" value="45.000000" />
  <attribute name="Current Error" value="30.000000" />
  <attribute name="IntegralT" value="30.000000" />
  <attribute name="IntegralI" value="30.000000" />
  <attribute name="IntegralH" value="30.000000" />
  <attribute name="DerivativeT" value="15.000000" />
  <attribute name="DerivativeI" value="15.000000" />
  <attribute name="DerivativeH" value="15.000000" />
  <attribute name="Loop Time for DT" value="1.000000" />
  <attribute name="Output H" value="8388608"/>
  <attribute name="Output I" value="200"/>
  <attribute name="Output T" value="4"/>
  <attribute name="Target GC Util Change" value ="20.000000" />
  <attribute name="Current GC Util Change" value="50.000000"/>
  <attribute name="GC Util currently" value="50" />
  <attribute name="CPU Util currently" value="19290026877060" />
<exclusive-end id="378" timestamp="2019-06-15T19:53:08.604" durationms="3.909" />

<exclusive-start id="379" timestamp="2019-06-15T19:53:08.623" intervalms="23.316">
  <response-info timems="0.288" idlems="0.288" threads="0" lastid="000000000281B100" lastname="Thread-8" />
</exclusive-start>
<allocation-taxation id="380" taxation-threshold="25165824" timestamp="2019-06-15T19:53:08.623" intervalms="23.347" />
<cycle-start id="381" type="partial gc" contextid="0" timestamp="2019-06-15T19:53:08.623" intervalms="23.367" />
<gc-start id="382" type="partial gc" contextid="381" timestamp="2019-06-15T19:53:08.624">
  <mem-info id="383" free="18874368" total="73400320" percent="25">
    <mem type="eden" free="0" total="25165824" percent="0" />
    <remembered-set count="17824" freebytes="2858624" totalbytes="2929920" percent="97" regionsoverflowed="0" regionsstable="1" regionsrebuilding="0"/>
  </mem-info>
</gc-start>
<allocation-stats totalBytes="25162784" >
  <allocated-bytes non-tlh="0" tlh="25162784" arrayletleaf="0"/>
  <largest-consumer threadName="Thread-9" threadId="0000000002817500" bytes="8703024" />
</allocation-stats>
<gc-op id="384" type="copy forward" timems="2.794" contextid="381" timestamp="2019-06-15T19:53:08.627">
  <memory-copied type="eden" objects="17987" bytes="707864" bytesdiscarded="0" />
  <memory-copied type="other" objects="2796" bytes="67104" bytesdiscarded="0" />
  <memory-cardclean objects="7958" bytes="402640" />
  <regions eden="24" other="1" />
  <remembered-set-cleared processed="15266" cleared="884" durationms="0.189" />
  <stringconstants candidates="4597" cleared="0"  />
</gc-op>
<gc-op id="385" type="classunload" timems="0.003" contextid="381" timestamp="2019-06-15T19:53:08.627">
  <classunload-info classloadercandidates="8" classloadersunloaded="0" classesunloaded="0" anonymousclassesunloaded="0" quiescems="0.000" setupms="0.002" scanms="0.000" postms="0.000" />
</gc-op>
<heap-resize id="386" type="expand" space="default" amount="3145728" count="1" timems="0.070" reason="excessive time being spent in gc" timestamp="2019-06-15T19:53:08.627" />
<gc-end id="387" type="partial gc" contextid="381" durationms="3.838" usertimems="8.000" systemtimems="0.000" timestamp="2019-06-15T19:53:08.627" activeThreads="1">
  <mem-info id="388" free="46137344" total="76546048" percent="60">
    <mem type="eden" free="340712" total="1048576" percent="32" />
    <remembered-set count="18752" freebytes="2980480" totalbytes="3055488" percent="97" regionsoverflowed="0" regionsstable="1" regionsrebuilding="0"/>
  </mem-info>
</gc-end>
<cycle-end id="389" type="partial gc" contextid="381" timestamp="2019-06-15T19:53:08.628" />
  <attribute name="elasticGC enabled" value="1" />
  <attribute name= "numThreadsSpecified" value="1" />
  <attribute name="heapSize specified" value="0" />
  <attribute name="Current GC Util" value="61" />
  <attribute name= "Current Time Running" value="1191" />
  <attribute name ="GC Interval" value="0" />
  <attribute name="ProportionalT" value="61.500000" />
  <attribute name="ProportionalI" value="61.500000" />
  <attribute name="ProportionalH" value="61.500000" />
  <attribute name="Current Error" value="41.000000" />
  <attribute name="IntegralT" value="0.000000" />
  <attribute name="IntegralI" value="0.000000" />
  <attribute name="IntegralH" value="0.000000" />
  <attribute name="DerivativeT" value="inf" />
  <attribute name="DerivativeI" value="inf" />
  <attribute name="DerivativeH" value="inf" />
  <attribute name="Loop Time for DT" value="0.000000" />
  <attribute name="Output H" value="8388608"/>
  <attribute name="Output I" value="200"/>
  <attribute name="Output T" value="1"/>
  <attribute name="Target GC Util Change" value ="20.000000" />
  <attribute name="Current GC Util Change" value="61.000000"/>
  <attribute name="GC Util currently" value="61" />
  <attribute name="CPU Util currently" value="21568076023891" />
<exclusive-end id="390" timestamp="2019-06-15T19:53:08.628" durationms="4.755" />

<exclusive-start id="391" timestamp="2019-06-15T19:53:08.646" intervalms="22.945">
  <response-info timems="0.323" idlems="0.323" threads="0" lastid="0000000002817500" lastname="Thread-9" />
</exclusive-start>
<allocation-taxation id="392" taxation-threshold="26214400" timestamp="2019-06-15T19:53:08.646" intervalms="22.914" />
<cycle-start id="393" type="partial gc" contextid="0" timestamp="2019-06-15T19:53:08.646" intervalms="22.904" />
<gc-start id="394" type="partial gc" contextid="393" timestamp="2019-06-15T19:53:08.647">
  <mem-info id="395" free="19922944" total="76546048" percent="26">
    <mem type="eden" free="0" total="26214400" percent="0" />
    <remembered-set count="18432" freebytes="2981760" totalbytes="3055488" percent="97" regionsoverflowed="0" regionsstable="1" regionsrebuilding="0"/>
  </mem-info>
</gc-start>
<allocation-stats totalBytes="26211264" >
  <allocated-bytes non-tlh="0" tlh="26211264" arrayletleaf="0"/>
  <largest-consumer threadName="Thread-9" threadId="0000000002817500" bytes="7404648" />
</allocation-stats>
<gc-op id="396" type="copy forward" timems="3.577" contextid="393" timestamp="2019-06-15T19:53:08.651">
  <memory-copied type="eden" objects="22752" bytes="959280" bytesdiscarded="0" />
  <memory-copied type="other" objects="9392" bytes="362784" bytesdiscarded="0" />
  <memory-cardclean objects="5937" bytes="313528" />
  <regions eden="25" other="1" />
  <remembered-set-cleared processed="16031" cleared="957" durationms="0.195" />
  <stringconstants candidates="4597" cleared="0"  />
</gc-op>
<gc-op id="397" type="classunload" timems="0.002" contextid="393" timestamp="2019-06-15T19:53:08.651">
  <classunload-info classloadercandidates="8" classloadersunloaded="0" classesunloaded="0" anonymousclassesunloaded="0" quiescems="0.000" setupms="0.002" scanms="0.000" postms="0.000" />
</gc-op>
<heap-resize id="398" type="expand" space="default" amount="2097152" count="1" timems="0.060" reason="excessive time being spent in gc" timestamp="2019-06-15T19:53:08.651" />
<gc-end id="399" type="partial gc" contextid="393" durationms="4.662" usertimems="0.000" systemtimems="4.000" timestamp="2019-06-15T19:53:08.651" activeThreads="1">
  <mem-info id="400" free="47185920" total="78643200" percent="60">
    <mem type="eden" free="89296" total="1048576" percent="8" />
    <remembered-set count="19488" freebytes="3061248" totalbytes="3139200" percent="97" regionsoverflowed="0" regionsstable="1" regionsrebuilding="0"/>
  </mem-info>
</gc-end>
<cycle-end id="401" type="partial gc" contextid="393" timestamp="2019-06-15T19:53:08.651" />
  <attribute name="elasticGC enabled" value="1" />
  <attribute name= "numThreadsSpecified" value="1" />
  <attribute name="heapSize specified" value="0" />
  <attribute name="Current GC Util" value="49" />
  <attribute name= "Current Time Running" value="1214" />
  <attribute name ="GC Interval" value="0" />
  <attribute name="ProportionalT" value="43.500000" />
  <attribute name="ProportionalI" value="43.500000" />
  <attribute name="ProportionalH" value="43.500000" />
  <attribute name="Current Error" value="29.000000" />
  <attribute name="IntegralT" value="0.000000" />
  <attribute name="IntegralI" value="0.000000" />
  <attribute name="IntegralH" value="0.000000" />
  <attribute name="DerivativeT" value="inf" />
  <attribute name="DerivativeI" value="inf" />
  <attribute name="DerivativeH" value="inf" />
  <attribute name="Loop Time for DT" value="0.000000" />
  <attribute name="Output H" value="8388608"/>
  <attribute name="Output I" value="200"/>
  <attribute name="Output T" value="1"/>
  <attribute name="Target GC Util Change" value ="20.000000" />
  <attribute name="Current GC Util Change" value="49.000000"/>
  <attribute name="GC Util currently" value="49" />
  <attribute name="CPU Util currently" value="20426116449781" />
<exclusive-end id="402" timestamp="2019-06-15T19:53:08.652" durationms="5.422" />

<exclusive-start id="403" timestamp="2019-06-15T19:53:08.670" intervalms="24.052">
  <response-info timems="0.082" idlems="0.082" threads="0" lastid="0000000002817500" lastname="Thread-9" />
</exclusive-start>
<allocation-taxation id="404" taxation-threshold="26214400" timestamp="2019-06-15T19:53:08.670" intervalms="24.059" />
<cycle-start id="405" type="partial gc" contextid="0" timestamp="2019-06-15T19:53:08.670" intervalms="24.101" />
<gc-start id="406" type="partial gc" contextid="405" timestamp="2019-06-15T19:53:08.671">
  <mem-info id="407" free="20971520" total="78643200" percent="26">
    <mem type="eden" free="0" total="26214400" percent="0" />
    <remembered-set count="19168" freebytes="3062528" totalbytes="3139200" percent="97" regionsoverflowed="0" regionsstable="1" regionsrebuilding="0"/>
  </mem-info>
</gc-start>
<allocation-stats totalBytes="26211072" >
  <allocated-bytes non-tlh="0" tlh="26211072" arrayletleaf="0"/>
  <largest-consumer threadName="Thread-8" threadId="000000000281B100" bytes="6606168" />
</allocation-stats>
<gc-op id="408" type="copy forward" timems="6.173" contextid="405" timestamp="2019-06-15T19:53:08.677">
  <memory-copied type="eden" objects="9256" bytes="361104" bytesdiscarded="0" />
  <memory-copied type="other" objects="38090" bytes="1814728" bytesdiscarded="560" />
  <memory-cardclean objects="13171" bytes="668008" />
  <regions eden="25" other="3" />
  <remembered-set-cleared processed="15710" cleared="2268" durationms="0.205" />
  <finalization candidates="109" enqueued="0" />
  <ownableSynchronizers candidates="3" cleared="0" />
  <references type="soft" candidates="76" cleared="0" enqueued="0" dynamicThreshold="19" maxThreshold="32" />
  <references type="weak" candidates="569" cleared="0" enqueued="0" />
  <references type="phantom" candidates="12" cleared="0" enqueued="0" />
  <stringconstants candidates="4597" cleared="0"  />
</gc-op>
<gc-op id="409" type="classunload" timems="0.002" contextid="405" timestamp="2019-06-15T19:53:08.677">
  <classunload-info classloadercandidates="8" classloadersunloaded="0" classesunloaded="0" anonymousclassesunloaded="0" quiescems="0.000" setupms="0.002" scanms="0.000" postms="0.000" />
</gc-op>
<gc-end id="410" type="partial gc" contextid="405" durationms="7.034" usertimems="12.000" systemtimems="0.000" timestamp="2019-06-15T19:53:08.678" activeThreads="1">
  <mem-info id="411" free="48234496" total="78643200" percent="61">
    <mem type="eden" free="687472" total="1048576" percent="65" />
    <remembered-set count="19776" freebytes="3060096" totalbytes="3139200" percent="97" regionsoverflowed="0" regionsstable="1" regionsrebuilding="0"/>
  </mem-info>
</gc-end>
<cycle-end id="412" type="partial gc" contextid="405" timestamp="2019-06-15T19:53:08.678" />
  <attribute name="elasticGC enabled" value="1" />
  <attribute name= "numThreadsSpecified" value="1" />
  <attribute name="heapSize specified" value="0" />
  <attribute name="Current GC Util" value="47" />
  <attribute name= "Current Time Running" value="1238" />
  <attribute name ="GC Interval" value="0" />
  <attribute name="ProportionalT" value="40.500000" />
  <attribute name="ProportionalI" value="40.500000" />
  <attribute name="ProportionalH" value="40.500000" />
  <attribute name="Current Error" value="27.000000" />
  <attribute name="IntegralT" value="0.000000" />
  <attribute name="IntegralI" value="0.000000" />
  <attribute name="IntegralH" value="0.000000" />
  <attribute name="DerivativeT" value="inf" />
  <attribute name="DerivativeI" value="inf" />
  <attribute name="DerivativeH" value="inf" />
  <attribute name="Loop Time for DT" value="0.000000" />
  <attribute name="Output H" value="8388608"/>
  <attribute name="Output I" value="200"/>
  <attribute name="Output T" value="1"/>
  <attribute name="Target GC Util Change" value ="20.000000" />
  <attribute name="Current GC Util Change" value="47.000000"/>
  <attribute name="GC Util currently" value="47" />
  <attribute name="CPU Util currently" value="19540462847366" />
<exclusive-end id="413" timestamp="2019-06-15T19:53:08.678" durationms="7.919" />

<exclusive-start id="414" timestamp="2019-06-15T19:53:08.698" intervalms="27.468">
  <response-info timems="0.351" idlems="0.351" threads="0" lastid="0000000002817500" lastname="Thread-9" />
</exclusive-start>
<allocation-taxation id="415" taxation-threshold="26214400" timestamp="2019-06-15T19:53:08.698" intervalms="27.472" />
<cycle-start id="416" type="partial gc" contextid="0" timestamp="2019-06-15T19:53:08.698" intervalms="27.445" />
<gc-start id="417" type="partial gc" contextid="416" timestamp="2019-06-15T19:53:08.698">
  <mem-info id="418" free="22020096" total="78643200" percent="28">
    <mem type="eden" free="0" total="26214400" percent="0" />
    <remembered-set count="18720" freebytes="3064320" totalbytes="3139200" percent="97" regionsoverflowed="0" regionsstable="2" regionsrebuilding="0"/>
  </mem-info>
</gc-start>
<allocation-stats totalBytes="26211048" >
  <allocated-bytes non-tlh="0" tlh="26211048" arrayletleaf="0"/>
  <largest-consumer threadName="Thread-8" threadId="000000000281B100" bytes="6913144" />
</allocation-stats>
<gc-op id="419" type="copy forward" timems="2.005" contextid="416" timestamp="2019-06-15T19:53:08.701">
  <memory-copied type="eden" objects="3298" bytes="80320" bytesdiscarded="0" />
  <memory-copied type="other" objects="8939" bytes="351912" bytesdiscarded="0" />
  <memory-cardclean objects="5858" bytes="358912" />
  <regions eden="25" other="1" />
  <remembered-set-cleared processed="16495" cleared="523" durationms="0.197" />
  <stringconstants candidates="4597" cleared="0"  />
</gc-op>
<gc-op id="420" type="classunload" timems="0.002" contextid="416" timestamp="2019-06-15T19:53:08.701">
  <classunload-info classloadercandidates="8" classloadersunloaded="0" classesunloaded="0" anonymousclassesunloaded="0" quiescems="0.000" setupms="0.002" scanms="0.000" postms="0.000" />
</gc-op>
<gc-end id="421" type="partial gc" contextid="416" durationms="2.964" usertimems="8.000" systemtimems="0.000" timestamp="2019-06-15T19:53:08.701" activeThreads="1">
  <mem-info id="422" free="47185920" total="78643200" percent="60">
    <mem type="eden" free="968256" total="1048576" percent="92" />
    <remembered-set count="19712" freebytes="3060352" totalbytes="3139200" percent="97" regionsoverflowed="0" regionsstable="2" regionsrebuilding="0"/>
  </mem-info>
</gc-end>
<cycle-end id="423" type="partial gc" contextid="416" timestamp="2019-06-15T19:53:08.701" />
  <attribute name="elasticGC enabled" value="1" />
  <attribute name= "numThreadsSpecified" value="1" />
  <attribute name="heapSize specified" value="0" />
  <attribute name="Current GC Util" value="42" />
  <attribute name= "Current Time Running" value="1265" />
  <attribute name ="GC Interval" value="0" />
  <attribute name="ProportionalT" value="33.000000" />
  <attribute name="ProportionalI" value="33.000000" />
  <attribute name="ProportionalH" value="33.000000" />
  <attribute name="Current Error" value="22.000000" />
  <attribute name="IntegralT" value="0.000000" />
  <attribute name="IntegralI" value="0.000000" />
  <attribute name="IntegralH" value="0.000000" />
  <attribute name="DerivativeT" value="inf" />
  <attribute name="DerivativeI" value="inf" />
  <attribute name="DerivativeH" value="inf" />
  <attribute name="Loop Time for DT" value="0.000000" />
  <attribute name="Output H" value="8388608"/>
  <attribute name="Output I" value="200"/>
  <attribute name="Output T" value="1"/>
  <attribute name="Target GC Util Change" value ="20.000000" />
  <attribute name="Current GC Util Change" value="42.000000"/>
  <attribute name="GC Util currently" value="42" />
  <attribute name="CPU Util currently" value="20693847581329" />
<exclusive-end id="424" timestamp="2019-06-15T19:53:08.701" durationms="3.662" />

<exclusive-start id="425" timestamp="2019-06-15T19:53:08.728" intervalms="30.174">
  <response-info timems="7.589" idlems="3.823" threads="1" lastid="000000000280FD00" lastname="Thread-10" />
</exclusive-start>
<allocation-taxation id="426" taxation-threshold="26214400" timestamp="2019-06-15T19:53:08.728" intervalms="30.190" />
<cycle-start id="427" type="partial gc" contextid="0" timestamp="2019-06-15T19:53:08.728" intervalms="30.177" />
<gc-start id="428" type="partial gc" contextid="427" timestamp="2019-06-15T19:53:08.728">
  <mem-info id="429" free="20971520" total="78643200" percent="26">
    <mem type="eden" free="0" total="26214400" percent="0" />
    <remembered-set count="19488" freebytes="3061248" totalbytes="3139200" percent="97" regionsoverflowed="0" regionsstable="2" regionsrebuilding="0"/>
  </mem-info>
</gc-start>
<allocation-stats totalBytes="26211424" >
  <allocated-bytes non-tlh="0" tlh="26211424" arrayletleaf="0"/>
  <largest-consumer threadName="Thread-7" threadId="0000000002813900" bytes="7138432" />
</allocation-stats>
<gc-op id="430" type="copy forward" timems="1.563" contextid="427" timestamp="2019-06-15T19:53:08.731">
  <memory-copied type="eden" objects="2078" bytes="51472" bytesdiscarded="0" />
  <memory-copied type="other" objects="3072" bytes="73728" bytesdiscarded="0" />
  <memory-cardclean objects="7067" bytes="370744" />
  <regions eden="25" other="1" />
  <remembered-set-cleared processed="17198" cleared="589" durationms="0.211" />
  <stringconstants candidates="4597" cleared="0"  />
</gc-op>
<gc-op id="431" type="classunload" timems="0.002" contextid="427" timestamp="2019-06-15T19:53:08.731">
  <classunload-info classloadercandidates="8" classloadersunloaded="0" classesunloaded="0" anonymousclassesunloaded="0" quiescems="0.000" setupms="0.002" scanms="0.000" postms="0.000" />
</gc-op>
<heap-resize id="432" type="expand" space="default" amount="3145728" count="1" timems="0.080" reason="excessive time being spent in gc" timestamp="2019-06-15T19:53:08.731" />
<gc-end id="433" type="partial gc" contextid="427" durationms="2.973" usertimems="0.000" systemtimems="0.000" timestamp="2019-06-15T19:53:08.731" activeThreads="1">
  <mem-info id="434" free="49283072" total="81788928" percent="60">
    <mem type="eden" free="997104" total="1048576" percent="95" />
    <remembered-set count="20384" freebytes="3183232" totalbytes="3264768" percent="97" regionsoverflowed="0" regionsstable="2" regionsrebuilding="0"/>
  </mem-info>
</gc-end>
<cycle-end id="435" type="partial gc" contextid="427" timestamp="2019-06-15T19:53:08.732" />
  <attribute name="elasticGC enabled" value="1" />
  <attribute name= "numThreadsSpecified" value="1" />
  <attribute name="heapSize specified" value="0" />
  <attribute name="Current GC Util" value="46" />
  <attribute name= "Current Time Running" value="1296" />
  <attribute name ="GC Interval" value="0" />
  <attribute name="ProportionalT" value="39.000000" />
  <attribute name="ProportionalI" value="39.000000" />
  <attribute name="ProportionalH" value="39.000000" />
  <attribute name="Current Error" value="26.000000" />
  <attribute name="IntegralT" value="0.000000" />
  <attribute name="IntegralI" value="0.000000" />
  <attribute name="IntegralH" value="0.000000" />
  <attribute name="DerivativeT" value="inf" />
  <attribute name="DerivativeI" value="inf" />
  <attribute name="DerivativeH" value="inf" />
  <attribute name="Loop Time for DT" value="0.000000" />
  <attribute name="Output H" value="8388608"/>
  <attribute name="Output I" value="200"/>
  <attribute name="Output T" value="1"/>
  <attribute name="Target GC Util Change" value ="20.000000" />
  <attribute name="Current GC Util Change" value="46.000000"/>
  <attribute name="GC Util currently" value="46" />
  <attribute name="CPU Util currently" value="14955380557877" />
<exclusive-end id="436" timestamp="2019-06-15T19:53:08.732" durationms="3.884" />

<exclusive-start id="437" timestamp="2019-06-15T19:53:08.752" intervalms="24.347">
  <response-info timems="0.419" idlems="0.419" threads="0" lastid="000000000281B100" lastname="Thread-8" />
</exclusive-start>
<allocation-taxation id="438" taxation-threshold="27262976" timestamp="2019-06-15T19:53:08.752" intervalms="24.383" />
<cycle-start id="439" type="partial gc" contextid="0" timestamp="2019-06-15T19:53:08.752" intervalms="24.389" />
<gc-start id="440" type="partial gc" contextid="439" timestamp="2019-06-15T19:53:08.753">
  <mem-info id="441" free="22020096" total="81788928" percent="26">
    <mem type="eden" free="0" total="27262976" percent="0" />
    <remembered-set count="20128" freebytes="3184256" totalbytes="3264768" percent="97" regionsoverflowed="0" regionsstable="2" regionsrebuilding="0"/>
  </mem-info>
</gc-start>
<allocation-stats totalBytes="27259336" >
  <allocated-bytes non-tlh="0" tlh="27259336" arrayletleaf="0"/>
  <largest-consumer threadName="Thread-8" threadId="000000000281B100" bytes="7175096" />
</allocation-stats>
<gc-op id="442" type="copy forward" timems="1.516" contextid="439" timestamp="2019-06-15T19:53:08.755">
  <memory-copied type="eden" objects="1888" bytes="46936" bytesdiscarded="0" />
  <memory-copied type="other" objects="1750" bytes="42000" bytesdiscarded="0" />
  <memory-cardclean objects="6078" bytes="303736" />
  <regions eden="26" other="1" />
  <remembered-set-cleared processed="17924" cleared="714" durationms="0.220" />
  <stringconstants candidates="4597" cleared="0"  />
</gc-op>
<gc-op id="443" type="classunload" timems="0.002" contextid="439" timestamp="2019-06-15T19:53:08.755">
  <classunload-info classloadercandidates="8" classloadersunloaded="0" classesunloaded="0" anonymousclassesunloaded="0" quiescems="0.000" setupms="0.002" scanms="0.000" postms="0.000" />
</gc-op>
<heap-resize id="444" type="expand" space="default" amount="2097152" count="1" timems="0.062" reason="excessive time being spent in gc" timestamp="2019-06-15T19:53:08.755" />
<gc-end id="445" type="partial gc" contextid="439" durationms="2.634" usertimems="4.000" systemtimems="0.000" timestamp="2019-06-15T19:53:08.755" activeThreads="1">
  <mem-info id="446" free="50331648" total="83886080" percent="60">
    <mem type="eden" free="1001640" total="1048576" percent="95" />
    <remembered-set count="21024" freebytes="3264384" totalbytes="3348480" percent="97" regionsoverflowed="0" regionsstable="2" regionsrebuilding="0"/>
  </mem-info>
</gc-end>
<cycle-end id="447" type="partial gc" contextid="439" timestamp="2019-06-15T19:53:08.755" />
  <attribute name="elasticGC enabled" value="1" />
  <attribute name= "numThreadsSpecified" value="1" />
  <attribute name="heapSize specified" value="0" />
  <attribute name="Current GC Util" value="41" />
  <attribute name= "Current Time Running" value="1320" />
  <attribute name ="GC Interval" value="0" />
  <attribute name="ProportionalT" value="31.500000" />
  <attribute name="ProportionalI" value="31.500000" />
  <attribute name="ProportionalH" value="31.500000" />
  <attribute name="Current Error" value="21.000000" />
  <attribute name="IntegralT" value="0.000000" />
  <attribute name="IntegralI" value="0.000000" />
  <attribute name="IntegralH" value="0.000000" />
  <attribute name="DerivativeT" value="inf" />
  <attribute name="DerivativeI" value="inf" />
  <attribute name="DerivativeH" value="inf" />
  <attribute name="Loop Time for DT" value="0.000000" />
  <attribute name="Output H" value="8388608"/>
  <attribute name="Output I" value="200"/>
  <attribute name="Output T" value="1"/>
  <attribute name="Target GC Util Change" value ="20.000000" />
  <attribute name="Current GC Util Change" value="41.000000"/>
  <attribute name="GC Util currently" value="41" />
  <attribute name="CPU Util currently" value="15333492979102" />
<exclusive-end id="448" timestamp="2019-06-15T19:53:08.756" durationms="3.414" />

<exclusive-start id="449" timestamp="2019-06-15T19:53:08.779" intervalms="27.141">
  <response-info timems="0.087" idlems="0.087" threads="0" lastid="0000000002817500" lastname="Thread-9" />
</exclusive-start>
<allocation-taxation id="450" taxation-threshold="27262976" timestamp="2019-06-15T19:53:08.780" intervalms="27.224" />
<cycle-start id="451" type="partial gc" contextid="0" timestamp="2019-06-15T19:53:08.780" intervalms="27.234" />
<gc-start id="452" type="partial gc" contextid="451" timestamp="2019-06-15T19:53:08.780">
  <mem-info id="453" free="23068672" total="83886080" percent="27">
    <mem type="eden" free="0" total="27262976" percent="0" />
    <remembered-set count="20672" freebytes="3265792" totalbytes="3348480" percent="97" regionsoverflowed="0" regionsstable="2" regionsrebuilding="0"/>
  </mem-info>
</gc-start>
<allocation-stats totalBytes="27259640" >
  <allocated-bytes non-tlh="0" tlh="27259640" arrayletleaf="0"/>
  <largest-consumer threadName="Thread-8" threadId="000000000281B100" bytes="8948664" />
</allocation-stats>
<gc-op id="454" type="copy forward" timems="1.451" contextid="451" timestamp="2019-06-15T19:53:08.782">
  <memory-copied type="eden" objects="2196" bytes="54168" bytesdiscarded="0" />
  <memory-copied type="other" objects="1581" bytes="37944" bytesdiscarded="0" />
  <memory-cardclean objects="6007" bytes="300400" />
  <regions eden="26" other="1" />
  <remembered-set-cleared processed="18506" cleared="746" durationms="0.216" />
  <stringconstants candidates="4597" cleared="0"  />
</gc-op>
<gc-op id="455" type="classunload" timems="0.002" contextid="451" timestamp="2019-06-15T19:53:08.782">
  <classunload-info classloadercandidates="8" classloadersunloaded="0" classesunloaded="0" anonymousclassesunloaded="0" quiescems="0.000" setupms="0.002" scanms="0.000" postms="0.000" />
</gc-op>
<gc-end id="456" type="partial gc" contextid="451" durationms="2.389" usertimems="4.000" systemtimems="0.000" timestamp="2019-06-15T19:53:08.782" activeThreads="1">
  <mem-info id="457" free="49283072" total="83886080" percent="58">
    <mem type="eden" free="994408" total="1048576" percent="94" />
    <remembered-set count="21568" freebytes="3262208" totalbytes="3348480" percent="97" regionsoverflowed="0" regionsstable="2" regionsrebuilding="0"/>
  </mem-info>
</gc-end>
<cycle-end id="458" type="partial gc" contextid="451" timestamp="2019-06-15T19:53:08.782" />
  <attribute name="elasticGC enabled" value="1" />
  <attribute name= "numThreadsSpecified" value="1" />
  <attribute name="heapSize specified" value="0" />
  <attribute name="Current GC Util" value="41" />
  <attribute name= "Current Time Running" value="1347" />
  <attribute name ="GC Interval" value="0" />
  <attribute name="ProportionalT" value="31.500000" />
  <attribute name="ProportionalI" value="31.500000" />
  <attribute name="ProportionalH" value="31.500000" />
  <attribute name="Current Error" value="21.000000" />
  <attribute name="IntegralT" value="0.000000" />
  <attribute name="IntegralI" value="0.000000" />
  <attribute name="IntegralH" value="0.000000" />
  <attribute name="DerivativeT" value="inf" />
  <attribute name="DerivativeI" value="inf" />
  <attribute name="DerivativeH" value="inf" />
  <attribute name="Loop Time for DT" value="0.000000" />
  <attribute name="Output H" value="8388608"/>
  <attribute name="Output I" value="200"/>
  <attribute name="Output T" value="1"/>
  <attribute name="Target GC Util Change" value ="20.000000" />
  <attribute name="Current GC Util Change" value="41.000000"/>
  <attribute name="GC Util currently" value="41" />
  <attribute name="CPU Util currently" value="16493338965618" />
<exclusive-end id="459" timestamp="2019-06-15T19:53:08.783" durationms="3.255" />

<exclusive-start id="460" timestamp="2019-06-15T19:53:08.830" intervalms="50.908">
  <response-info timems="0.030" idlems="0.030" threads="0" lastid="000000000280FD00" lastname="Thread-10" />
</exclusive-start>
<allocation-taxation id="461" taxation-threshold="27262976" timestamp="2019-06-15T19:53:08.830" intervalms="50.806" />
<cycle-start id="462" type="partial gc" contextid="0" timestamp="2019-06-15T19:53:08.831" intervalms="50.786" />
<gc-start id="463" type="partial gc" contextid="462" timestamp="2019-06-15T19:53:08.831">
  <mem-info id="464" free="22020096" total="83886080" percent="26">
    <mem type="eden" free="0" total="27262976" percent="0" />
    <remembered-set count="21248" freebytes="3263488" totalbytes="3348480" percent="97" regionsoverflowed="0" regionsstable="2" regionsrebuilding="0"/>
  </mem-info>
</gc-start>
<allocation-stats totalBytes="27259664" >
  <allocated-bytes non-tlh="0" tlh="27259664" arrayletleaf="0"/>
  <largest-consumer threadName="Thread-7" threadId="0000000002813900" bytes="8686560" />
</allocation-stats>
<gc-op id="465" type="copy forward" timems="3.415" contextid="462" timestamp="2019-06-15T19:53:08.835">
  <memory-copied type="eden" objects="2111" bytes="52080" bytesdiscarded="0" />
  <memory-copied type="other" objects="24478" bytes="999600" bytesdiscarded="0" />
  <memory-cardclean objects="6994" bytes="360472" />
  <regions eden="26" other="2" />
  <remembered-set-cleared processed="18464" cleared="2943" durationms="0.220" />
  <stringconstants candidates="4597" cleared="0"  />
</gc-op>
<gc-op id="466" type="classunload" timems="0.003" contextid="462" timestamp="2019-06-15T19:53:08.835">
  <classunload-info classloadercandidates="8" classloadersunloaded="0" classesunloaded="0" anonymousclassesunloaded="0" quiescems="0.000" setupms="0.002" scanms="0.000" postms="0.000" />
</gc-op>
<gc-end id="467" type="partial gc" contextid="462" durationms="4.426" usertimems="4.000" systemtimems="0.000" timestamp="2019-06-15T19:53:08.835" activeThreads="1">
  <mem-info id="468" free="48234496" total="83886080" percent="57">
    <mem type="eden" free="996496" total="1048576" percent="95" />
    <remembered-set count="21888" freebytes="3260928" totalbytes="3348480" percent="97" regionsoverflowed="0" regionsstable="2" regionsrebuilding="0"/>
  </mem-info>
</gc-end>
<cycle-end id="469" type="partial gc" contextid="462" timestamp="2019-06-15T19:53:08.835" />
  <attribute name="elasticGC enabled" value="1" />
  <attribute name= "numThreadsSpecified" value="1" />
  <attribute name="heapSize specified" value="0" />
  <attribute name="Current GC Util" value="47" />
  <attribute name= "Current Time Running" value="1398" />
  <attribute name ="GC Interval" value="0" />
  <attribute name="ProportionalT" value="40.500000" />
  <attribute name="ProportionalI" value="40.500000" />
  <attribute name="ProportionalH" value="40.500000" />
  <attribute name="Current Error" value="27.000000" />
  <attribute name="IntegralT" value="0.000000" />
  <attribute name="IntegralI" value="0.000000" />
  <attribute name="IntegralH" value="0.000000" />
  <attribute name="DerivativeT" value="inf" />
  <attribute name="DerivativeI" value="inf" />
  <attribute name="DerivativeH" value="inf" />
  <attribute name="Loop Time for DT" value="0.000000" />
  <attribute name="Output H" value="8388608"/>
  <attribute name="Output I" value="200"/>
  <attribute name="Output T" value="1"/>
  <attribute name="Target GC Util Change" value ="20.000000" />
  <attribute name="Current GC Util Change" value="47.000000"/>
  <attribute name="GC Util currently" value="47" />
  <attribute name="CPU Util currently" value="15498808657265" />
<exclusive-end id="470" timestamp="2019-06-15T19:53:08.836" durationms="5.417" />

<exclusive-start id="471" timestamp="2019-06-15T19:53:08.908" intervalms="78.256">
  <response-info timems="0.029" idlems="0.029" threads="0" lastid="000000000280FD00" lastname="Thread-10" />
</exclusive-start>
<allocation-taxation id="472" taxation-threshold="27262976" timestamp="2019-06-15T19:53:08.909" intervalms="78.271" />
<cycle-start id="473" type="partial gc" contextid="0" timestamp="2019-06-15T19:53:08.909" intervalms="78.349" />
<gc-start id="474" type="partial gc" contextid="473" timestamp="2019-06-15T19:53:08.909">
  <mem-info id="475" free="20971520" total="83886080" percent="25">
    <mem type="eden" free="0" total="27262976" percent="0" />
    <remembered-set count="21856" freebytes="3261056" totalbytes="3348480" percent="97" regionsoverflowed="0" regionsstable="2" regionsrebuilding="0"/>
  </mem-info>
</gc-start>
<allocation-stats totalBytes="27259408" >
  <allocated-bytes non-tlh="0" tlh="27259408" arrayletleaf="0"/>
  <largest-consumer threadName="Thread-7" threadId="0000000002813900" bytes="8334296" />
</allocation-stats>
<gc-op id="476" type="copy forward" timems="1.684" contextid="473" timestamp="2019-06-15T19:53:08.912">
  <memory-copied type="eden" objects="2208" bytes="54360" bytesdiscarded="0" />
  <memory-copied type="other" objects="1849" bytes="44376" bytesdiscarded="0" />
  <memory-cardclean objects="6506" bytes="381904" />
  <regions eden="26" other="1" />
  <remembered-set-cleared processed="19648" cleared="745" durationms="0.247" />
  <stringconstants candidates="4597" cleared="0"  />
</gc-op>
<gc-op id="477" type="classunload" timems="0.003" contextid="473" timestamp="2019-06-15T19:53:08.912">
  <classunload-info classloadercandidates="8" classloadersunloaded="0" classesunloaded="0" anonymousclassesunloaded="0" quiescems="0.000" setupms="0.002" scanms="0.000" postms="0.000" />
</gc-op>
<gc-end id="478" type="partial gc" contextid="473" durationms="2.868" usertimems="8.000" systemtimems="0.000" timestamp="2019-06-15T19:53:08.912" activeThreads="1">
  <mem-info id="479" free="47185920" total="83886080" percent="56">
    <mem type="eden" free="994216" total="1048576" percent="94" />
    <remembered-set count="22720" freebytes="3257600" totalbytes="3348480" percent="97" regionsoverflowed="0" regionsstable="2" regionsrebuilding="0"/>
  </mem-info>
</gc-end>
<cycle-end id="480" type="partial gc" contextid="473" timestamp="2019-06-15T19:53:08.912" />
  <attribute name="elasticGC enabled" value="1" />
  <attribute name= "numThreadsSpecified" value="1" />
  <attribute name="heapSize specified" value="0" />
  <attribute name="Current GC Util" value="42" />
  <attribute name= "Current Time Running" value="1477" />
  <attribute name ="GC Interval" value="0" />
  <attribute name="ProportionalT" value="33.000000" />
  <attribute name="ProportionalI" value="33.000000" />
  <attribute name="ProportionalH" value="33.000000" />
  <attribute name="Current Error" value="22.000000" />
  <attribute name="IntegralT" value="0.000000" />
  <attribute name="IntegralI" value="0.000000" />
  <attribute name="IntegralH" value="0.000000" />
  <attribute name="DerivativeT" value="inf" />
  <attribute name="DerivativeI" value="inf" />
  <attribute name="DerivativeH" value="inf" />
  <attribute name="Loop Time for DT" value="0.000000" />
  <attribute name="Output H" value="8388608"/>
  <attribute name="Output I" value="200"/>
  <attribute name="Output T" value="1"/>
  <attribute name="Target GC Util Change" value ="20.000000" />
  <attribute name="Current GC Util Change" value="42.000000"/>
  <attribute name="GC Util currently" value="42" />
  <attribute name="CPU Util currently" value="14091423308242" />
<exclusive-end id="481" timestamp="2019-06-15T19:53:08.912" durationms="3.922" />

<exclusive-start id="482" timestamp="2019-06-15T19:53:08.965" intervalms="56.944">
  <response-info timems="0.064" idlems="0.064" threads="0" lastid="000000000281B100" lastname="Thread-8" />
</exclusive-start>
<allocation-taxation id="483" taxation-threshold="27262976" timestamp="2019-06-15T19:53:08.966" intervalms="56.872" />
<cycle-start id="484" type="partial gc" contextid="0" timestamp="2019-06-15T19:53:08.966" intervalms="56.821" />
<gc-start id="485" type="partial gc" contextid="484" timestamp="2019-06-15T19:53:08.966">
  <mem-info id="486" free="19922944" total="83886080" percent="23">
    <mem type="eden" free="0" total="27262976" percent="0" />
    <remembered-set count="22496" freebytes="3258496" totalbytes="3348480" percent="97" regionsoverflowed="0" regionsstable="2" regionsrebuilding="0"/>
  </mem-info>
</gc-start>
<allocation-stats totalBytes="27260048" >
  <allocated-bytes non-tlh="0" tlh="27260048" arrayletleaf="0"/>
  <largest-consumer threadName="Thread-9" threadId="0000000002817500" bytes="9665544" />
</allocation-stats>
<gc-op id="487" type="copy forward" timems="1.996" contextid="484" timestamp="2019-06-15T19:53:08.969">
  <memory-copied type="eden" objects="8879" bytes="351976" bytesdiscarded="0" />
  <memory-copied type="other" objects="1952" bytes="46848" bytesdiscarded="0" />
  <memory-cardclean objects="5925" bytes="301048" />
  <regions eden="26" other="1" />
  <remembered-set-cleared processed="20240" cleared="813" durationms="0.238" />
  <stringconstants candidates="4597" cleared="0"  />
</gc-op>
<gc-op id="488" type="classunload" timems="0.002" contextid="484" timestamp="2019-06-15T19:53:08.969">
  <classunload-info classloadercandidates="8" classloadersunloaded="0" classesunloaded="0" anonymousclassesunloaded="0" quiescems="0.000" setupms="0.002" scanms="0.000" postms="0.000" />
</gc-op>
<gc-end id="489" type="partial gc" contextid="484" durationms="3.019" usertimems="4.000" systemtimems="0.000" timestamp="2019-06-15T19:53:08.969" activeThreads="1">
  <mem-info id="490" free="46137344" total="83886080" percent="55">
    <mem type="eden" free="696600" total="1048576" percent="66" />
    <remembered-set count="23264" freebytes="3255424" totalbytes="3348480" percent="97" regionsoverflowed="0" regionsstable="2" regionsrebuilding="0"/>
  </mem-info>
</gc-end>
<cycle-end id="491" type="partial gc" contextid="484" timestamp="2019-06-15T19:53:08.969" />
  <attribute name="elasticGC enabled" value="1" />
  <attribute name= "numThreadsSpecified" value="1" />
  <attribute name="heapSize specified" value="0" />
  <attribute name="Current GC Util" value="42" />
  <attribute name= "Current Time Running" value="1533" />
  <attribute name ="GC Interval" value="0" />
  <attribute name="ProportionalT" value="33.000000" />
  <attribute name="ProportionalI" value="33.000000" />
  <attribute name="ProportionalH" value="33.000000" />
  <attribute name="Current Error" value="22.000000" />
  <attribute name="IntegralT" value="0.000000" />
  <attribute name="IntegralI" value="0.000000" />
  <attribute name="IntegralH" value="0.000000" />
  <attribute name="DerivativeT" value="inf" />
  <attribute name="DerivativeI" value="inf" />
  <attribute name="DerivativeH" value="inf" />
  <attribute name="Loop Time for DT" value="0.000000" />
  <attribute name="Output H" value="8388608"/>
  <attribute name="Output I" value="200"/>
  <attribute name="Output T" value="1"/>
  <attribute name="Target GC Util Change" value ="20.000000" />
  <attribute name="Current GC Util Change" value="42.000000"/>
  <attribute name="GC Util currently" value="42" />
  <attribute name="CPU Util currently" value="19588270085902" />
<exclusive-end id="492" timestamp="2019-06-15T19:53:08.969" durationms="3.888" />

<exclusive-start id="493" timestamp="2019-06-15T19:53:09.022" intervalms="56.942">
  <response-info timems="0.031" idlems="0.031" threads="0" lastid="000000000281B100" lastname="Thread-8" />
</exclusive-start>
<allocation-taxation id="494" taxation-threshold="27262976" timestamp="2019-06-15T19:53:09.023" intervalms="57.073" />
<cycle-start id="495" type="partial gc" contextid="0" timestamp="2019-06-15T19:53:09.023" intervalms="57.011" />
<gc-start id="496" type="partial gc" contextid="495" timestamp="2019-06-15T19:53:09.023">
  <mem-info id="497" free="18874368" total="83886080" percent="22">
    <mem type="eden" free="0" total="27262976" percent="0" />
    <remembered-set count="23072" freebytes="3256192" totalbytes="3348480" percent="97" regionsoverflowed="0" regionsstable="2" regionsrebuilding="0"/>
  </mem-info>
</gc-start>
<allocation-stats totalBytes="27259864" >
  <allocated-bytes non-tlh="0" tlh="27259864" arrayletleaf="0"/>
  <largest-consumer threadName="Thread-9" threadId="0000000002817500" bytes="10419040" />
</allocation-stats>
<gc-op id="498" type="copy forward" timems="2.605" contextid="495" timestamp="2019-06-15T19:53:09.026">
  <memory-copied type="eden" objects="10187" bytes="383344" bytesdiscarded="37864" />
  <memory-copied type="other" objects="8600" bytes="343776" bytesdiscarded="14112" />
  <memory-cardclean objects="4586" bytes="240112" />
  <regions eden="26" other="1" />
  <remembered-set-cleared processed="20894" cleared="876" durationms="0.162" />
  <stringconstants candidates="4597" cleared="0"  />
</gc-op>
<gc-op id="499" type="classunload" timems="0.003" contextid="495" timestamp="2019-06-15T19:53:09.026">
  <classunload-info classloadercandidates="8" classloadersunloaded="0" classesunloaded="0" anonymousclassesunloaded="0" quiescems="0.000" setupms="0.002" scanms="0.000" postms="0.000" />
</gc-op>
<gc-end id="500" type="partial gc" contextid="495" durationms="3.621" usertimems="4.000" systemtimems="0.000" timestamp="2019-06-15T19:53:09.027" activeThreads="4">
  <mem-info id="501" free="45088768" total="83886080" percent="53">
    <mem type="eden" free="627368" total="1048576" percent="59" />
    <remembered-set count="24512" freebytes="3250432" totalbytes="3348480" percent="97" regionsoverflowed="0" regionsstable="2" regionsrebuilding="0"/>
  </mem-info>
</gc-end>
<cycle-end id="502" type="partial gc" contextid="495" timestamp="2019-06-15T19:53:09.027" />
  <attribute name="elasticGC enabled" value="1" />
  <attribute name= "numThreadsSpecified" value="4" />
  <attribute name="heapSize specified" value="0" />
  <attribute name="Current GC Util" value="42" />
  <attribute name= "Current Time Running" value="1591" />
  <attribute name ="GC Interval" value="0" />
  <attribute name="ProportionalT" value="33.000000" />
  <attribute name="ProportionalI" value="33.000000" />
  <attribute name="ProportionalH" value="33.000000" />
  <attribute name="Current Error" value="22.000000" />
  <attribute name="IntegralT" value="22.000000" />
  <attribute name="IntegralI" value="22.000000" />
  <attribute name="IntegralH" value="22.000000" />
  <attribute name="DerivativeT" value="11.000000" />
  <attribute name="DerivativeI" value="11.000000" />
  <attribute name="DerivativeH" value="11.000000" />
  <attribute name="Loop Time for DT" value="1.000000" />
  <attribute name="Output H" value="8388608"/>
  <attribute name="Output I" value="200"/>
  <attribute name="Output T" value="4"/>
  <attribute name="Target GC Util Change" value ="20.000000" />
  <attribute name="Current GC Util Change" value="42.000000"/>
  <attribute name="GC Util currently" value="42" />
  <attribute name="CPU Util currently" value="14276604879262" />
<exclusive-end id="503" timestamp="2019-06-15T19:53:09.027" durationms="4.592" />

<exclusive-start id="504" timestamp="2019-06-15T19:53:09.041" intervalms="19.045">
  <response-info timems="0.023" idlems="0.023" threads="0" lastid="000000000281B100" lastname="Thread-8" />
</exclusive-start>
<allocation-taxation id="505" taxation-threshold="27262976" timestamp="2019-06-15T19:53:09.042" intervalms="18.933" />
<cycle-start id="506" type="partial gc" contextid="0" timestamp="2019-06-15T19:53:09.042" intervalms="18.946" />
<gc-start id="507" type="partial gc" contextid="506" timestamp="2019-06-15T19:53:09.042">
  <mem-info id="508" free="17825792" total="83886080" percent="21">
    <mem type="eden" free="0" total="27262976" percent="0" />
    <remembered-set count="24064" freebytes="3252224" totalbytes="3348480" percent="97" regionsoverflowed="0" regionsstable="2" regionsrebuilding="0"/>
  </mem-info>
</gc-start>
<allocation-stats totalBytes="27259584" >
  <allocated-bytes non-tlh="0" tlh="27259584" arrayletleaf="0"/>
  <largest-consumer threadName="Thread-8" threadId="000000000281B100" bytes="8575896" />
</allocation-stats>
<gc-op id="509" type="copy forward" timems="2.993" contextid="506" timestamp="2019-06-15T19:53:09.045">
  <memory-copied type="eden" objects="15605" bytes="650856" bytesdiscarded="0" />
  <memory-copied type="other" objects="9901" bytes="375000" bytesdiscarded="0" />
  <memory-cardclean objects="5902" bytes="326800" />
  <regions eden="26" other="1" />
  <remembered-set-cleared processed="21479" cleared="992" durationms="0.245" />
  <stringconstants candidates="4597" cleared="0"  />
</gc-op>
<gc-op id="510" type="classunload" timems="0.002" contextid="506" timestamp="2019-06-15T19:53:09.046">
  <classunload-info classloadercandidates="8" classloadersunloaded="0" classesunloaded="0" anonymousclassesunloaded="0" quiescems="0.000" setupms="0.002" scanms="0.000" postms="0.000" />
</gc-op>
<gc-end id="511" type="partial gc" contextid="506" durationms="3.943" usertimems="4.000" systemtimems="0.000" timestamp="2019-06-15T19:53:09.046" activeThreads="1">
  <mem-info id="512" free="44040192" total="83886080" percent="52">
    <mem type="eden" free="397720" total="1048576" percent="37" />
    <remembered-set count="24928" freebytes="3248768" totalbytes="3348480" percent="97" regionsoverflowed="0" regionsstable="2" regionsrebuilding="0"/>
  </mem-info>
</gc-end>
<cycle-end id="513" type="partial gc" contextid="506" timestamp="2019-06-15T19:53:09.046" />
  <attribute name="elasticGC enabled" value="1" />
  <attribute name= "numThreadsSpecified" value="1" />
  <attribute name="heapSize specified" value="0" />
  <attribute name="Current GC Util" value="33" />
  <attribute name= "Current Time Running" value="1609" />
  <attribute name ="GC Interval" value="0" />
  <attribute name="ProportionalT" value="19.500000" />
  <attribute name="ProportionalI" value="19.500000" />
  <attribute name="ProportionalH" value="19.500000" />
  <attribute name="Current Error" value="13.000000" />
  <attribute name="IntegralT" value="0.000000" />
  <attribute name="IntegralI" value="0.000000" />
  <attribute name="IntegralH" value="0.000000" />
  <attribute name="DerivativeT" value="inf" />
  <attribute name="DerivativeI" value="inf" />
  <attribute name="DerivativeH" value="inf" />
  <attribute name="Loop Time for DT" value="0.000000" />
  <attribute name="Output H" value="8388608"/>
  <attribute name="Output I" value="200"/>
  <attribute name="Output T" value="1"/>
  <attribute name="Target GC Util Change" value ="20.000000" />
  <attribute name="Current GC Util Change" value="33.000000"/>
  <attribute name="GC Util currently" value="33" />
  <attribute name="CPU Util currently" value="19382451275377" />
<exclusive-end id="514" timestamp="2019-06-15T19:53:09.046" durationms="4.772" />

<exclusive-start id="515" timestamp="2019-06-15T19:53:09.059" intervalms="17.311">
  <response-info timems="0.022" idlems="0.022" threads="0" lastid="000000000280FD00" lastname="Thread-10" />
</exclusive-start>
<allocation-taxation id="516" taxation-threshold="27262976" timestamp="2019-06-15T19:53:09.059" intervalms="17.407" />
<cycle-start id="517" type="partial gc" contextid="0" timestamp="2019-06-15T19:53:09.059" intervalms="17.468" />
<gc-start id="518" type="partial gc" contextid="517" timestamp="2019-06-15T19:53:09.059">
  <mem-info id="519" free="16777216" total="83886080" percent="20">
    <mem type="eden" free="0" total="27262976" percent="0" />
    <remembered-set count="24672" freebytes="3249792" totalbytes="3348480" percent="97" regionsoverflowed="0" regionsstable="2" regionsrebuilding="0"/>
  </mem-info>
</gc-start>
<allocation-stats totalBytes="27259520" >
  <allocated-bytes non-tlh="0" tlh="27259520" arrayletleaf="0"/>
  <largest-consumer threadName="Thread-8" threadId="000000000281B100" bytes="8121376" />
</allocation-stats>
<gc-op id="520" type="copy forward" timems="2.495" contextid="517" timestamp="2019-06-15T19:53:09.062">
  <memory-copied type="eden" objects="8936" bytes="353424" bytesdiscarded="24008" />
  <memory-copied type="other" objects="15288" bytes="641664" bytesdiscarded="43520" />
  <memory-cardclean objects="6414" bytes="351520" />
  <regions eden="26" other="1" />
  <remembered-set-cleared processed="22153" cleared="803" durationms="0.157" />
  <stringconstants candidates="4597" cleared="0"  />
</gc-op>
<gc-op id="521" type="classunload" timems="0.002" contextid="517" timestamp="2019-06-15T19:53:09.063">
  <classunload-info classloadercandidates="8" classloadersunloaded="0" classesunloaded="0" anonymousclassesunloaded="0" quiescems="0.000" setupms="0.002" scanms="0.000" postms="0.000" />
</gc-op>
<heap-resize id="522" type="expand" space="default" amount="14680064" count="1" timems="0.134" reason="excessive time being spent in gc" timestamp="2019-06-15T19:53:09.063" />
<gc-end id="523" type="partial gc" contextid="517" durationms="3.767" usertimems="4.000" systemtimems="0.000" timestamp="2019-06-15T19:53:09.063" activeThreads="4">
  <mem-info id="524" free="57671680" total="98566144" percent="58">
    <mem type="eden" free="671144" total="1048576" percent="64" />
    <remembered-set count="25952" freebytes="3830656" totalbytes="3934464" percent="97" regionsoverflowed="0" regionsstable="2" regionsrebuilding="0"/>
  </mem-info>
</gc-end>
<cycle-end id="525" type="partial gc" contextid="517" timestamp="2019-06-15T19:53:09.063" />
  <attribute name="elasticGC enabled" value="1" />
  <attribute name= "numThreadsSpecified" value="4" />
  <attribute name="heapSize specified" value="0" />
  <attribute name="Current GC Util" value="37" />
  <attribute name= "Current Time Running" value="1627" />
  <attribute name ="GC Interval" value="0" />
  <attribute name="ProportionalT" value="25.500000" />
  <attribute name="ProportionalI" value="25.500000" />
  <attribute name="ProportionalH" value="25.500000" />
  <attribute name="Current Error" value="17.000000" />
  <attribute name="IntegralT" value="17.000000" />
  <attribute name="IntegralI" value="17.000000" />
  <attribute name="IntegralH" value="17.000000" />
  <attribute name="DerivativeT" value="8.000000" />
  <attribute name="DerivativeI" value="8.000000" />
  <attribute name="DerivativeH" value="8.000000" />
  <attribute name="Loop Time for DT" value="1.000000" />
  <attribute name="Output H" value="8388608"/>
  <attribute name="Output I" value="200"/>
  <attribute name="Output T" value="4"/>
  <attribute name="Target GC Util Change" value ="20.000000" />
  <attribute name="Current GC Util Change" value="37.000000"/>
  <attribute name="GC Util currently" value="37" />
  <attribute name="CPU Util currently" value="16231015648953" />
<exclusive-end id="526" timestamp="2019-06-15T19:53:09.063" durationms="4.695" />

<exclusive-start id="527" timestamp="2019-06-15T19:53:09.079" intervalms="19.766">
  <response-info timems="0.034" idlems="0.034" threads="0" lastid="000000000281B100" lastname="Thread-8" />
</exclusive-start>
<allocation-taxation id="528" taxation-threshold="31457280" timestamp="2019-06-15T19:53:09.079" intervalms="19.671" />
<cycle-start id="529" type="partial gc" contextid="0" timestamp="2019-06-15T19:53:09.079" intervalms="19.586" />
<gc-start id="530" type="partial gc" contextid="529" timestamp="2019-06-15T19:53:09.079">
  <mem-info id="531" free="26214400" total="98566144" percent="26">
    <mem type="eden" free="0" total="31457280" percent="0" />
    <remembered-set count="25856" freebytes="3831040" totalbytes="3934464" percent="97" regionsoverflowed="0" regionsstable="2" regionsrebuilding="0"/>
  </mem-info>
</gc-start>
<allocation-stats totalBytes="31453336" >
  <allocated-bytes non-tlh="0" tlh="31453336" arrayletleaf="0"/>
  <largest-consumer threadName="Thread-7" threadId="0000000002813900" bytes="9415480" />
</allocation-stats>
<gc-op id="532" type="copy forward" timems="3.379" contextid="529" timestamp="2019-06-15T19:53:09.083">
  <memory-copied type="eden" objects="3381" bytes="82728" bytesdiscarded="0" />
  <memory-copied type="other" objects="23907" bytes="985896" bytesdiscarded="0" />
  <memory-cardclean objects="6529" bytes="338152" />
  <regions eden="30" other="2" />
  <remembered-set-cleared processed="22414" cleared="1064" durationms="0.250" />
  <stringconstants candidates="4597" cleared="0"  />
</gc-op>
<gc-op id="533" type="classunload" timems="0.002" contextid="529" timestamp="2019-06-15T19:53:09.083">
  <classunload-info classloadercandidates="8" classloadersunloaded="0" classesunloaded="0" anonymousclassesunloaded="0" quiescems="0.000" setupms="0.002" scanms="0.000" postms="0.000" />
</gc-op>
<heap-resize id="534" type="expand" space="default" amount="6291456" count="1" timems="0.099" reason="excessive time being spent in gc" timestamp="2019-06-15T19:53:09.084" />
<gc-end id="535" type="partial gc" contextid="529" durationms="4.781" usertimems="4.000" systemtimems="0.000" timestamp="2019-06-15T19:53:09.084" activeThreads="1">
  <mem-info id="536" free="62914560" total="104857600" percent="60">
    <mem type="eden" free="965848" total="1048576" percent="92" />
    <remembered-set count="26464" freebytes="4079744" totalbytes="4185600" percent="97" regionsoverflowed="0" regionsstable="2" regionsrebuilding="0"/>
  </mem-info>
</gc-end>
<cycle-end id="537" type="partial gc" contextid="529" timestamp="2019-06-15T19:53:09.084" />
  <attribute name="elasticGC enabled" value="1" />
  <attribute name= "numThreadsSpecified" value="1" />
  <attribute name="heapSize specified" value="0" />
  <attribute name="Current GC Util" value="36" />
  <attribute name= "Current Time Running" value="1646" />
  <attribute name ="GC Interval" value="0" />
  <attribute name="ProportionalT" value="24.000000" />
  <attribute name="ProportionalI" value="24.000000" />
  <attribute name="ProportionalH" value="24.000000" />
  <attribute name="Current Error" value="16.000000" />
  <attribute name="IntegralT" value="0.000000" />
  <attribute name="IntegralI" value="0.000000" />
  <attribute name="IntegralH" value="0.000000" />
  <attribute name="DerivativeT" value="inf" />
  <attribute name="DerivativeI" value="inf" />
  <attribute name="DerivativeH" value="inf" />
  <attribute name="Loop Time for DT" value="0.000000" />
  <attribute name="Output H" value="8388608"/>
  <attribute name="Output I" value="200"/>
  <attribute name="Output T" value="1"/>
  <attribute name="Target GC Util Change" value ="20.000000" />
  <attribute name="Current GC Util Change" value="36.000000"/>
  <attribute name="GC Util currently" value="36" />
  <attribute name="CPU Util currently" value="17229127180620" />
<exclusive-end id="538" timestamp="2019-06-15T19:53:09.084" durationms="5.677" />

<exclusive-start id="539" timestamp="2019-06-15T19:53:09.100" intervalms="21.102">
  <response-info timems="0.040" idlems="0.040" threads="0" lastid="0000000002817500" lastname="Thread-9" />
</exclusive-start>
<allocation-taxation id="540" taxation-threshold="32505856" timestamp="2019-06-15T19:53:09.100" intervalms="21.148" />
<cycle-start id="541" type="partial gc" contextid="0" timestamp="2019-06-15T19:53:09.100" intervalms="21.224" />
<gc-start id="542" type="partial gc" contextid="541" timestamp="2019-06-15T19:53:09.100">
  <mem-info id="543" free="30408704" total="104857600" percent="29">
    <mem type="eden" free="0" total="32505856" percent="0" />
    <remembered-set count="26336" freebytes="4080256" totalbytes="4185600" percent="97" regionsoverflowed="0" regionsstable="2" regionsrebuilding="0"/>
  </mem-info>
</gc-start>
<allocation-stats totalBytes="32501648" >
  <allocated-bytes non-tlh="0" tlh="32501648" arrayletleaf="0"/>
  <largest-consumer threadName="Thread-7" threadId="0000000002813900" bytes="9726640" />
</allocation-stats>
<gc-op id="544" type="copy forward" timems="2.368" contextid="541" timestamp="2019-06-15T19:53:09.103">
  <memory-copied type="eden" objects="9118" bytes="357808" bytesdiscarded="12184" />
  <memory-copied type="other" objects="3069" bytes="73656" bytesdiscarded="1128" />
  <memory-cardclean objects="8472" bytes="480280" />
  <regions eden="31" other="1" />
  <remembered-set-cleared processed="23689" cleared="711" durationms="0.181" />
  <stringconstants candidates="4597" cleared="0"  />
</gc-op>
<gc-op id="545" type="classunload" timems="0.002" contextid="541" timestamp="2019-06-15T19:53:09.103">
  <classunload-info classloadercandidates="8" classloadersunloaded="0" classesunloaded="0" anonymousclassesunloaded="0" quiescems="0.000" setupms="0.002" scanms="0.000" postms="0.000" />
</gc-op>
<heap-resize id="546" type="expand" space="default" amount="3145728" count="1" timems="0.093" reason="excessive time being spent in gc" timestamp="2019-06-15T19:53:09.104" />
<gc-end id="547" type="partial gc" contextid="541" durationms="3.734" usertimems="0.000" systemtimems="4.000" timestamp="2019-06-15T19:53:09.104" activeThreads="4">
  <mem-info id="548" free="65011712" total="108003328" percent="60">
    <mem type="eden" free="678584" total="1048576" percent="64" />
    <remembered-set count="27136" freebytes="4202624" totalbytes="4311168" percent="97" regionsoverflowed="0" regionsstable="2" regionsrebuilding="0"/>
  </mem-info>
</gc-end>
<cycle-end id="549" type="partial gc" contextid="541" timestamp="2019-06-15T19:53:09.104" />
  <attribute name="elasticGC enabled" value="1" />
  <attribute name= "numThreadsSpecified" value="4" />
  <attribute name="heapSize specified" value="0" />
  <attribute name="Current GC Util" value="40" />
  <attribute name= "Current Time Running" value="1668" />
  <attribute name ="GC Interval" value="0" />
  <attribute name="ProportionalT" value="30.000000" />
  <attribute name="ProportionalI" value="30.000000" />
  <attribute name="ProportionalH" value="30.000000" />
  <attribute name="Current Error" value="20.000000" />
  <attribute name="IntegralT" value="20.000000" />
  <attribute name="IntegralI" value="20.000000" />
  <attribute name="IntegralH" value="20.000000" />
  <attribute name="DerivativeT" value="9.500000" />
  <attribute name="DerivativeI" value="9.500000" />
  <attribute name="DerivativeH" value="9.500000" />
  <attribute name="Loop Time for DT" value="1.000000" />
  <attribute name="Output H" value="8388608"/>
  <attribute name="Output I" value="200"/>
  <attribute name="Output T" value="4"/>
  <attribute name="Target GC Util Change" value ="20.000000" />
  <attribute name="Current GC Util Change" value="40.000000"/>
  <attribute name="GC Util currently" value="40" />
  <attribute name="CPU Util currently" value="16810417970983" />
<exclusive-end id="550" timestamp="2019-06-15T19:53:09.104" durationms="4.578" />

<exclusive-start id="551" timestamp="2019-06-15T19:53:09.121" intervalms="21.098">
  <response-info timems="0.025" idlems="0.025" threads="0" lastid="0000000002817500" lastname="Thread-9" />
</exclusive-start>
<allocation-taxation id="552" taxation-threshold="33554432" timestamp="2019-06-15T19:53:09.121" intervalms="21.088" />
<cycle-start id="553" type="partial gc" contextid="0" timestamp="2019-06-15T19:53:09.121" intervalms="21.085" />
<gc-start id="554" type="partial gc" contextid="553" timestamp="2019-06-15T19:53:09.121">
  <mem-info id="555" free="31457280" total="108003328" percent="29">
    <mem type="eden" free="0" total="33554432" percent="0" />
    <remembered-set count="26688" freebytes="4204416" totalbytes="4311168" percent="97" regionsoverflowed="0" regionsstable="2" regionsrebuilding="0"/>
  </mem-info>
</gc-start>
<allocation-stats totalBytes="33550568" >
  <allocated-bytes non-tlh="0" tlh="33550568" arrayletleaf="0"/>
  <largest-consumer threadName="Thread-7" threadId="0000000002813900" bytes="9706304" />
</allocation-stats>
<gc-op id="556" type="copy forward" timems="2.219" contextid="553" timestamp="2019-06-15T19:53:09.124">
  <memory-copied type="eden" objects="3880" bytes="94696" bytesdiscarded="0" />
  <memory-copied type="other" objects="8806" bytes="348720" bytesdiscarded="0" />
  <memory-cardclean objects="7353" bytes="369520" />
  <regions eden="32" other="1" />
  <remembered-set-cleared processed="24441" cleared="809" durationms="0.254" />
  <stringconstants candidates="4597" cleared="0"  />
</gc-op>
<gc-op id="557" type="classunload" timems="0.002" contextid="553" timestamp="2019-06-15T19:53:09.124">
  <classunload-info classloadercandidates="8" classloadersunloaded="0" classesunloaded="0" anonymousclassesunloaded="0" quiescems="0.000" setupms="0.001" scanms="0.000" postms="0.000" />
</gc-op>
<heap-resize id="558" type="expand" space="default" amount="2097152" count="1" timems="0.060" reason="excessive time being spent in gc" timestamp="2019-06-15T19:53:09.124" />
<gc-end id="559" type="partial gc" contextid="553" durationms="3.384" usertimems="0.000" systemtimems="4.000" timestamp="2019-06-15T19:53:09.125" activeThreads="1">
  <mem-info id="560" free="66060288" total="110100480" percent="60">
    <mem type="eden" free="953880" total="1048576" percent="90" />
    <remembered-set count="27744" freebytes="4283904" totalbytes="4394880" percent="97" regionsoverflowed="0" regionsstable="2" regionsrebuilding="0"/>
  </mem-info>
</gc-end>
<cycle-end id="561" type="partial gc" contextid="553" timestamp="2019-06-15T19:53:09.125" />
  <attribute name="elasticGC enabled" value="1" />
  <attribute name= "numThreadsSpecified" value="1" />
  <attribute name="heapSize specified" value="0" />
  <attribute name="Current GC Util" value="35" />
  <attribute name= "Current Time Running" value="1688" />
  <attribute name ="GC Interval" value="0" />
  <attribute name="ProportionalT" value="22.500000" />
  <attribute name="ProportionalI" value="22.500000" />
  <attribute name="ProportionalH" value="22.500000" />
  <attribute name="Current Error" value="15.000000" />
  <attribute name="IntegralT" value="0.000000" />
  <attribute name="IntegralI" value="0.000000" />
  <attribute name="IntegralH" value="0.000000" />
  <attribute name="DerivativeT" value="inf" />
  <attribute name="DerivativeI" value="inf" />
  <attribute name="DerivativeH" value="inf" />
  <attribute name="Loop Time for DT" value="0.000000" />
  <attribute name="Output H" value="8388608"/>
  <attribute name="Output I" value="200"/>
  <attribute name="Output T" value="1"/>
  <attribute name="Target GC Util Change" value ="20.000000" />
  <attribute name="Current GC Util Change" value="35.000000"/>
  <attribute name="GC Util currently" value="35" />
  <attribute name="CPU Util currently" value="21396460036458" />
<exclusive-end id="562" timestamp="2019-06-15T19:53:09.125" durationms="4.279" />

<exclusive-start id="563" timestamp="2019-06-15T19:53:09.143" intervalms="21.923">
  <response-info timems="0.214" idlems="0.214" threads="0" lastid="000000000280FD00" lastname="Thread-10" />
</exclusive-start>
<allocation-taxation id="564" taxation-threshold="33554432" timestamp="2019-06-15T19:53:09.143" intervalms="21.920" />
<cycle-start id="565" type="partial gc" contextid="0" timestamp="2019-06-15T19:53:09.143" intervalms="22.012" />
<gc-start id="566" type="partial gc" contextid="565" timestamp="2019-06-15T19:53:09.143">
  <mem-info id="567" free="32505856" total="110100480" percent="29">
    <mem type="eden" free="0" total="33554432" percent="0" />
    <remembered-set count="27392" freebytes="4285312" totalbytes="4394880" percent="97" regionsoverflowed="0" regionsstable="2" regionsrebuilding="0"/>
  </mem-info>
</gc-start>
<allocation-stats totalBytes="33550376" >
  <allocated-bytes non-tlh="0" tlh="33550376" arrayletleaf="0"/>
  <largest-consumer threadName="Thread-7" threadId="0000000002813900" bytes="9358208" />
</allocation-stats>
<gc-op id="568" type="copy forward" timems="2.533" contextid="565" timestamp="2019-06-15T19:53:09.147">
  <memory-copied type="eden" objects="12880" bytes="447808" bytesdiscarded="0" />
  <memory-copied type="other" objects="3619" bytes="86856" bytesdiscarded="0" />
  <memory-cardclean objects="9712" bytes="504952" />
  <regions eden="32" other="1" />
  <remembered-set-cleared processed="25197" cleared="657" durationms="0.272" />
  <stringconstants candidates="4597" cleared="0"  />
</gc-op>
<gc-op id="569" type="classunload" timems="0.002" contextid="565" timestamp="2019-06-15T19:53:09.147">
  <classunload-info classloadercandidates="8" classloadersunloaded="0" classesunloaded="0" anonymousclassesunloaded="0" quiescems="0.000" setupms="0.002" scanms="0.000" postms="0.000" />
</gc-op>
<heap-resize id="570" type="expand" space="default" amount="3145728" count="1" timems="0.066" reason="excessive time being spent in gc" timestamp="2019-06-15T19:53:09.147" />
<gc-end id="571" type="partial gc" contextid="565" durationms="3.864" usertimems="4.000" systemtimems="0.000" timestamp="2019-06-15T19:53:09.147" activeThreads="1">
  <mem-info id="572" free="68157440" total="113246208" percent="60">
    <mem type="eden" free="600768" total="1048576" percent="57" />
    <remembered-set count="28672" freebytes="4405760" totalbytes="4520448" percent="97" regionsoverflowed="0" regionsstable="2" regionsrebuilding="0"/>
  </mem-info>
</gc-end>
<cycle-end id="573" type="partial gc" contextid="565" timestamp="2019-06-15T19:53:09.147" />
  <attribute name="elasticGC enabled" value="1" />
  <attribute name= "numThreadsSpecified" value="1" />
  <attribute name="heapSize specified" value="0" />
  <attribute name="Current GC Util" value="39" />
  <attribute name= "Current Time Running" value="1711" />
  <attribute name ="GC Interval" value="0" />
  <attribute name="ProportionalT" value="28.500000" />
  <attribute name="ProportionalI" value="28.500000" />
  <attribute name="ProportionalH" value="28.500000" />
  <attribute name="Current Error" value="19.000000" />
  <attribute name="IntegralT" value="0.000000" />
  <attribute name="IntegralI" value="0.000000" />
  <attribute name="IntegralH" value="0.000000" />
  <attribute name="DerivativeT" value="inf" />
  <attribute name="DerivativeI" value="inf" />
  <attribute name="DerivativeH" value="inf" />
  <attribute name="Loop Time for DT" value="0.000000" />
  <attribute name="Output H" value="8388608"/>
  <attribute name="Output I" value="200"/>
  <attribute name="Output T" value="1"/>
  <attribute name="Target GC Util Change" value ="20.000000" />
  <attribute name="Current GC Util Change" value="39.000000"/>
  <attribute name="GC Util currently" value="39" />
  <attribute name="CPU Util currently" value="16050528547587" />
<exclusive-end id="574" timestamp="2019-06-15T19:53:09.148" durationms="4.920" />

<exclusive-start id="575" timestamp="2019-06-15T19:53:09.168" intervalms="25.534">
  <response-info timems="0.022" idlems="0.022" threads="0" lastid="000000000280FD00" lastname="Thread-10" />
</exclusive-start>
<allocation-taxation id="576" taxation-threshold="34603008" timestamp="2019-06-15T19:53:09.168" intervalms="25.519" />
<cycle-start id="577" type="partial gc" contextid="0" timestamp="2019-06-15T19:53:09.169" intervalms="25.494" />
<gc-start id="578" type="partial gc" contextid="577" timestamp="2019-06-15T19:53:09.169">
  <mem-info id="579" free="33554432" total="113246208" percent="29">
    <mem type="eden" free="0" total="34603008" percent="0" />
    <remembered-set count="28288" freebytes="4407296" totalbytes="4520448" percent="97" regionsoverflowed="0" regionsstable="2" regionsrebuilding="0"/>
  </mem-info>
</gc-start>
<allocation-stats totalBytes="34598688" >
  <allocated-bytes non-tlh="0" tlh="34598688" arrayletleaf="0"/>
  <largest-consumer threadName="Thread-10" threadId="000000000280FD00" bytes="10423056" />
</allocation-stats>
<gc-op id="580" type="copy forward" timems="2.946" contextid="577" timestamp="2019-06-15T19:53:09.172">
  <memory-copied type="eden" objects="11592" bytes="554408" bytesdiscarded="0" />
  <memory-copied type="other" objects="9741" bytes="233784" bytesdiscarded="0" />
  <memory-cardclean objects="10624" bytes="530656" />
  <regions eden="33" other="2" />
  <remembered-set-cleared processed="25453" cleared="913" durationms="0.259" />
  <stringconstants candidates="4597" cleared="0"  />
</gc-op>
<gc-op id="581" type="classunload" timems="0.001" contextid="577" timestamp="2019-06-15T19:53:09.173">
  <classunload-info classloadercandidates="8" classloadersunloaded="0" classesunloaded="0" anonymousclassesunloaded="0" quiescems="0.000" setupms="0.001" scanms="0.000" postms="0.000" />
</gc-op>
<heap-resize id="582" type="expand" space="default" amount="2097152" count="1" timems="0.061" reason="excessive time being spent in gc" timestamp="2019-06-15T19:53:09.173" />
<gc-end id="583" type="partial gc" contextid="577" durationms="4.277" usertimems="4.000" systemtimems="0.000" timestamp="2019-06-15T19:53:09.173" activeThreads="1">
  <mem-info id="584" free="69206016" total="115343360" percent="60">
    <mem type="eden" free="494168" total="1048576" percent="47" />
    <remembered-set count="29184" freebytes="4487424" totalbytes="4604160" percent="97" regionsoverflowed="0" regionsstable="2" regionsrebuilding="0"/>
  </mem-info>
</gc-end>
<cycle-end id="585" type="partial gc" contextid="577" timestamp="2019-06-15T19:53:09.173" />
  <attribute name="elasticGC enabled" value="1" />
  <attribute name= "numThreadsSpecified" value="1" />
  <attribute name="heapSize specified" value="0" />
  <attribute name="Current GC Util" value="47" />
  <attribute name= "Current Time Running" value="1736" />
  <attribute name ="GC Interval" value="0" />
  <attribute name="ProportionalT" value="40.500000" />
  <attribute name="ProportionalI" value="40.500000" />
  <attribute name="ProportionalH" value="40.500000" />
  <attribute name="Current Error" value="27.000000" />
  <attribute name="IntegralT" value="0.000000" />
  <attribute name="IntegralI" value="0.000000" />
  <attribute name="IntegralH" value="0.000000" />
  <attribute name="DerivativeT" value="inf" />
  <attribute name="DerivativeI" value="inf" />
  <attribute name="DerivativeH" value="inf" />
  <attribute name="Loop Time for DT" value="0.000000" />
  <attribute name="Output H" value="8388608"/>
  <attribute name="Output I" value="200"/>
  <attribute name="Output T" value="1"/>
  <attribute name="Target GC Util Change" value ="20.000000" />
  <attribute name="Current GC Util Change" value="47.000000"/>
  <attribute name="GC Util currently" value="47" />
  <attribute name="CPU Util currently" value="15428497873211" />
<exclusive-end id="586" timestamp="2019-06-15T19:53:09.173" durationms="5.165" />

<exclusive-start id="587" timestamp="2019-06-15T19:53:09.195" intervalms="26.671">
  <response-info timems="0.203" idlems="0.203" threads="0" lastid="000000000280FD00" lastname="Thread-10" />
</exclusive-start>
<allocation-taxation id="588" taxation-threshold="35651584" timestamp="2019-06-15T19:53:09.195" intervalms="26.770" />
<cycle-start id="589" type="partial gc" contextid="0" timestamp="2019-06-15T19:53:09.195" intervalms="26.797" />
<gc-start id="590" type="partial gc" contextid="589" timestamp="2019-06-15T19:53:09.196">
  <mem-info id="591" free="33554432" total="115343360" percent="29">
    <mem type="eden" free="0" total="35651584" percent="0" />
    <remembered-set count="28704" freebytes="4489344" totalbytes="4604160" percent="97" regionsoverflowed="0" regionsstable="2" regionsrebuilding="0"/>
  </mem-info>
</gc-start>
<allocation-stats totalBytes="35647376" >
  <allocated-bytes non-tlh="0" tlh="35647376" arrayletleaf="0"/>
  <largest-consumer threadName="Thread-10" threadId="000000000280FD00" bytes="11705024" />
</allocation-stats>
<gc-op id="592" type="copy forward" timems="2.764" contextid="589" timestamp="2019-06-15T19:53:09.199">
  <memory-copied type="eden" objects="2381" bytes="58184" bytesdiscarded="0" />
  <memory-copied type="other" objects="17448" bytes="693504" bytesdiscarded="0" />
  <memory-cardclean objects="8538" bytes="430528" />
  <regions eden="34" other="2" />
  <remembered-set-cleared processed="26221" cleared="941" durationms="0.282" />
  <stringconstants candidates="4597" cleared="0"  />
</gc-op>
<gc-op id="593" type="classunload" timems="0.002" contextid="589" timestamp="2019-06-15T19:53:09.199">
  <classunload-info classloadercandidates="8" classloadersunloaded="0" classesunloaded="0" anonymousclassesunloaded="0" quiescems="0.000" setupms="0.002" scanms="0.000" postms="0.000" />
</gc-op>
<heap-resize id="594" type="expand" space="default" amount="3145728" count="1" timems="0.075" reason="excessive time being spent in gc" timestamp="2019-06-15T19:53:09.200" />
<gc-end id="595" type="partial gc" contextid="589" durationms="4.274" usertimems="4.000" systemtimems="0.000" timestamp="2019-06-15T19:53:09.200" activeThreads="1">
  <mem-info id="596" free="71303168" total="118489088" percent="60">
    <mem type="eden" free="990392" total="1048576" percent="94" />
    <remembered-set count="29408" freebytes="4612096" totalbytes="4729728" percent="97" regionsoverflowed="0" regionsstable="2" regionsrebuilding="0"/>
  </mem-info>
</gc-end>
<cycle-end id="597" type="partial gc" contextid="589" timestamp="2019-06-15T19:53:09.200" />
  <attribute name="elasticGC enabled" value="1" />
  <attribute name= "numThreadsSpecified" value="1" />
  <attribute name="heapSize specified" value="0" />
  <attribute name="Current GC Util" value="46" />
  <attribute name= "Current Time Running" value="1763" />
  <attribute name ="GC Interval" value="0" />
  <attribute name="ProportionalT" value="39.000000" />
  <attribute name="ProportionalI" value="39.000000" />
  <attribute name="ProportionalH" value="39.000000" />
  <attribute name="Current Error" value="26.000000" />
  <attribute name="IntegralT" value="0.000000" />
  <attribute name="IntegralI" value="0.000000" />
  <attribute name="IntegralH" value="0.000000" />
  <attribute name="DerivativeT" value="inf" />
  <attribute name="DerivativeI" value="inf" />
  <attribute name="DerivativeH" value="inf" />
  <attribute name="Loop Time for DT" value="0.000000" />
  <attribute name="Output H" value="8388608"/>
  <attribute name="Output I" value="200"/>
  <attribute name="Output T" value="1"/>
  <attribute name="Target GC Util Change" value ="20.000000" />
  <attribute name="Current GC Util Change" value="46.000000"/>
  <attribute name="GC Util currently" value="46" />
  <attribute name="CPU Util currently" value="14633722726302" />
<exclusive-end id="598" timestamp="2019-06-15T19:53:09.200" durationms="5.457" />

<exclusive-start id="599" timestamp="2019-06-15T19:53:09.221" intervalms="26.009">
  <response-info timems="0.062" idlems="0.062" threads="0" lastid="000000000280FD00" lastname="Thread-10" />
</exclusive-start>
<allocation-taxation id="600" taxation-threshold="35651584" timestamp="2019-06-15T19:53:09.221" intervalms="25.949" />
<cycle-start id="601" type="partial gc" contextid="0" timestamp="2019-06-15T19:53:09.221" intervalms="25.930" />
<gc-start id="602" type="partial gc" contextid="601" timestamp="2019-06-15T19:53:09.221">
  <mem-info id="603" free="35651584" total="118489088" percent="30">
    <mem type="eden" free="0" total="35651584" percent="0" />
    <remembered-set count="29408" freebytes="4612096" totalbytes="4729728" percent="97" regionsoverflowed="0" regionsstable="2" regionsrebuilding="0"/>
  </mem-info>
</gc-start>
<allocation-stats totalBytes="35647416" >
  <allocated-bytes non-tlh="0" tlh="35647416" arrayletleaf="0"/>
  <largest-consumer threadName="Thread-10" threadId="000000000280FD00" bytes="13281944" />
</allocation-stats>
<gc-op id="604" type="copy forward" timems="2.412" contextid="601" timestamp="2019-06-15T19:53:09.225">
  <memory-copied type="eden" objects="2965" bytes="72464" bytesdiscarded="0" />
  <memory-copied type="other" objects="13508" bytes="598944" bytesdiscarded="0" />
  <memory-cardclean objects="4726" bytes="239440" />
  <regions eden="34" other="2" />
  <remembered-set-cleared processed="27075" cleared="750" durationms="0.300" />
  <stringconstants candidates="4597" cleared="0"  />
</gc-op>
<gc-op id="605" type="classunload" timems="0.001" contextid="601" timestamp="2019-06-15T19:53:09.225">
  <classunload-info classloadercandidates="8" classloadersunloaded="0" classesunloaded="0" anonymousclassesunloaded="0" quiescems="0.000" setupms="0.001" scanms="0.000" postms="0.000" />
</gc-op>
<heap-resize id="606" type="expand" space="default" amount="2097152" count="1" timems="0.059" reason="excessive time being spent in gc" timestamp="2019-06-15T19:53:09.225" />
<gc-end id="607" type="partial gc" contextid="601" durationms="3.778" usertimems="4.000" systemtimems="0.000" timestamp="2019-06-15T19:53:09.225" activeThreads="1">
  <mem-info id="608" free="72351744" total="120586240" percent="60">
    <mem type="eden" free="976112" total="1048576" percent="93" />
    <remembered-set count="30464" freebytes="4691584" totalbytes="4813440" percent="97" regionsoverflowed="0" regionsstable="2" regionsrebuilding="0"/>
  </mem-info>
</gc-end>
<cycle-end id="609" type="partial gc" contextid="601" timestamp="2019-06-15T19:53:09.225" />
  <attribute name="elasticGC enabled" value="1" />
  <attribute name= "numThreadsSpecified" value="1" />
  <attribute name="heapSize specified" value="0" />
  <attribute name="Current GC Util" value="46" />
  <attribute name= "Current Time Running" value="1789" />
  <attribute name ="GC Interval" value="0" />
  <attribute name="ProportionalT" value="39.000000" />
  <attribute name="ProportionalI" value="39.000000" />
  <attribute name="ProportionalH" value="39.000000" />
  <attribute name="Current Error" value="26.000000" />
  <attribute name="IntegralT" value="0.000000" />
  <attribute name="IntegralI" value="0.000000" />
  <attribute name="IntegralH" value="0.000000" />
  <attribute name="DerivativeT" value="inf" />
  <attribute name="DerivativeI" value="inf" />
  <attribute name="DerivativeH" value="inf" />
  <attribute name="Loop Time for DT" value="0.000000" />
  <attribute name="Output H" value="8388608"/>
  <attribute name="Output I" value="200"/>
  <attribute name="Output T" value="1"/>
  <attribute name="Target GC Util Change" value ="20.000000" />
  <attribute name="Current GC Util Change" value="46.000000"/>
  <attribute name="GC Util currently" value="46" />
  <attribute name="CPU Util currently" value="14838926239825" />
<exclusive-end id="610" timestamp="2019-06-15T19:53:09.226" durationms="4.806" />

<exclusive-start id="611" timestamp="2019-06-15T19:53:09.248" intervalms="26.727">
  <response-info timems="0.028" idlems="0.028" threads="0" lastid="000000000280FD00" lastname="Thread-10" />
</exclusive-start>
<allocation-taxation id="612" taxation-threshold="36700160" timestamp="2019-06-15T19:53:09.248" intervalms="26.711" />
<cycle-start id="613" type="partial gc" contextid="0" timestamp="2019-06-15T19:53:09.248" intervalms="26.688" />
<gc-start id="614" type="partial gc" contextid="613" timestamp="2019-06-15T19:53:09.248">
  <mem-info id="615" free="35651584" total="120586240" percent="29">
    <mem type="eden" free="0" total="36700160" percent="0" />
    <remembered-set count="30144" freebytes="4692864" totalbytes="4813440" percent="97" regionsoverflowed="0" regionsstable="2" regionsrebuilding="0"/>
  </mem-info>
</gc-start>
<allocation-stats totalBytes="36695776" >
  <allocated-bytes non-tlh="0" tlh="36695776" arrayletleaf="0"/>
  <largest-consumer threadName="Thread-10" threadId="000000000280FD00" bytes="12630512" />
</allocation-stats>
<gc-op id="616" type="copy forward" timems="2.441" contextid="613" timestamp="2019-06-15T19:53:09.251">
  <memory-copied type="eden" objects="8639" bytes="345808" bytesdiscarded="7888" />
  <memory-copied type="other" objects="4910" bytes="117840" bytesdiscarded="2048" />
  <memory-cardclean objects="9495" bytes="509536" />
  <regions eden="35" other="2" />
  <remembered-set-cleared processed="27514" cleared="956" durationms="0.208" />
  <stringconstants candidates="4597" cleared="0"  />
</gc-op>
<gc-op id="617" type="classunload" timems="0.002" contextid="613" timestamp="2019-06-15T19:53:09.252">
  <classunload-info classloadercandidates="8" classloadersunloaded="0" classesunloaded="0" anonymousclassesunloaded="0" quiescems="0.000" setupms="0.002" scanms="0.000" postms="0.000" />
</gc-op>
<heap-resize id="618" type="expand" space="default" amount="3145728" count="1" timems="0.075" reason="excessive time being spent in gc" timestamp="2019-06-15T19:53:09.252" />
<gc-end id="619" type="partial gc" contextid="613" durationms="3.890" usertimems="0.000" systemtimems="4.000" timestamp="2019-06-15T19:53:09.252" activeThreads="4">
  <mem-info id="620" free="74448896" total="123731968" percent="60">
    <mem type="eden" free="694880" total="1048576" percent="66" />
    <remembered-set count="31296" freebytes="4813824" totalbytes="4939008" percent="97" regionsoverflowed="0" regionsstable="2" regionsrebuilding="0"/>
  </mem-info>
</gc-end>
<cycle-end id="621" type="partial gc" contextid="613" timestamp="2019-06-15T19:53:09.252" />
  <attribute name="elasticGC enabled" value="1" />
  <attribute name= "numThreadsSpecified" value="4" />
  <attribute name="heapSize specified" value="0" />
  <attribute name="Current GC Util" value="46" />
  <attribute name= "Current Time Running" value="1816" />
  <attribute name ="GC Interval" value="0" />
  <attribute name="ProportionalT" value="39.000000" />
  <attribute name="ProportionalI" value="39.000000" />
  <attribute name="ProportionalH" value="39.000000" />
  <attribute name="Current Error" value="26.000000" />
  <attribute name="IntegralT" value="26.000000" />
  <attribute name="IntegralI" value="26.000000" />
  <attribute name="IntegralH" value="26.000000" />
  <attribute name="DerivativeT" value="13.000000" />
  <attribute name="DerivativeI" value="13.000000" />
  <attribute name="DerivativeH" value="13.000000" />
  <attribute name="Loop Time for DT" value="1.000000" />
  <attribute name="Output H" value="8388608"/>
  <attribute name="Output I" value="200"/>
  <attribute name="Output T" value="4"/>
  <attribute name="Target GC Util Change" value ="20.000000" />
  <attribute name="Current GC Util Change" value="46.000000"/>
  <attribute name="GC Util currently" value="46" />
  <attribute name="CPU Util currently" value="14880582658697" />
<exclusive-end id="622" timestamp="2019-06-15T19:53:09.252" durationms="4.879" />

<exclusive-start id="623" timestamp="2019-06-15T19:53:09.275" intervalms="27.897">
  <response-info timems="0.043" idlems="0.043" threads="0" lastid="0000000002817500" lastname="Thread-9" />
</exclusive-start>
<allocation-taxation id="624" taxation-threshold="37748736" timestamp="2019-06-15T19:53:09.276" intervalms="27.934" />
<cycle-start id="625" type="partial gc" contextid="0" timestamp="2019-06-15T19:53:09.276" intervalms="27.955" />
<gc-start id="626" type="partial gc" contextid="625" timestamp="2019-06-15T19:53:09.276">
  <mem-info id="627" free="36700160" total="123731968" percent="29">
    <mem type="eden" free="0" total="37748736" percent="0" />
    <remembered-set count="31104" freebytes="4814592" totalbytes="4939008" percent="97" regionsoverflowed="0" regionsstable="2" regionsrebuilding="0"/>
  </mem-info>
</gc-start>
<allocation-stats totalBytes="37744048" >
  <allocated-bytes non-tlh="0" tlh="37744048" arrayletleaf="0"/>
  <largest-consumer threadName="Thread-10" threadId="000000000280FD00" bytes="11098720" />
</allocation-stats>
<gc-op id="628" type="copy forward" timems="2.536" contextid="625" timestamp="2019-06-15T19:53:09.279">
  <memory-copied type="eden" objects="10135" bytes="381672" bytesdiscarded="2544" />
  <memory-copied type="other" objects="11172" bytes="405504" bytesdiscarded="16248" />
  <memory-cardclean objects="9148" bytes="459544" />
  <regions eden="36" other="2" />
  <remembered-set-cleared processed="28172" cleared="1153" durationms="0.183" />
  <stringconstants candidates="4597" cleared="0"  />
</gc-op>
<gc-op id="629" type="classunload" timems="0.002" contextid="625" timestamp="2019-06-15T19:53:09.280">
  <classunload-info classloadercandidates="8" classloadersunloaded="0" classesunloaded="0" anonymousclassesunloaded="0" quiescems="0.000" setupms="0.002" scanms="0.000" postms="0.000" />
</gc-op>
<heap-resize id="630" type="expand" space="default" amount="2097152" count="1" timems="0.072" reason="excessive time being spent in gc" timestamp="2019-06-15T19:53:09.280" />
<gc-end id="631" type="partial gc" contextid="625" durationms="3.964" usertimems="4.000" systemtimems="0.000" timestamp="2019-06-15T19:53:09.280" activeThreads="4">
  <mem-info id="632" free="75497472" total="125829120" percent="60">
    <mem type="eden" free="664360" total="1048576" percent="63" />
    <remembered-set count="32864" freebytes="4891264" totalbytes="5022720" percent="97" regionsoverflowed="0" regionsstable="2" regionsrebuilding="0"/>
  </mem-info>
</gc-end>
<cycle-end id="633" type="partial gc" contextid="625" timestamp="2019-06-15T19:53:09.280" />
  <attribute name="elasticGC enabled" value="1" />
  <attribute name= "numThreadsSpecified" value="4" />
  <attribute name="heapSize specified" value="0" />
  <attribute name="Current GC Util" value="35" />
  <attribute name= "Current Time Running" value="1844" />
  <attribute name ="GC Interval" value="0" />
  <attribute name="ProportionalT" value="22.500000" />
  <attribute name="ProportionalI" value="22.500000" />
  <attribute name="ProportionalH" value="22.500000" />
  <attribute name="Current Error" value="15.000000" />
  <attribute name="IntegralT" value="15.000000" />
  <attribute name="IntegralI" value="15.000000" />
  <attribute name="IntegralH" value="15.000000" />
  <attribute name="DerivativeT" value="7.500000" />
  <attribute name="DerivativeI" value="7.500000" />
  <attribute name="DerivativeH" value="7.500000" />
  <attribute name="Loop Time for DT" value="1.000000" />
  <attribute name="Output H" value="8388608"/>
  <attribute name="Output I" value="200"/>
  <attribute name="Output T" value="4"/>
  <attribute name="Target GC Util Change" value ="20.000000" />
  <attribute name="Current GC Util Change" value="35.000000"/>
  <attribute name="GC Util currently" value="35" />
  <attribute name="CPU Util currently" value="16779774168549" />
<exclusive-end id="634" timestamp="2019-06-15T19:53:09.280" durationms="4.978" />

<exclusive-start id="635" timestamp="2019-06-15T19:53:09.307" intervalms="31.457">
  <response-info timems="0.028" idlems="0.028" threads="0" lastid="0000000002817500" lastname="Thread-9" />
</exclusive-start>
<allocation-taxation id="636" taxation-threshold="37748736" timestamp="2019-06-15T19:53:09.307" intervalms="31.397" />
<cycle-start id="637" type="partial gc" contextid="0" timestamp="2019-06-15T19:53:09.307" intervalms="31.288" />
<gc-start id="638" type="partial gc" contextid="637" timestamp="2019-06-15T19:53:09.307">
  <mem-info id="639" free="37748736" total="125829120" percent="30">
    <mem type="eden" free="0" total="37748736" percent="0" />
    <remembered-set count="32480" freebytes="4892800" totalbytes="5022720" percent="97" regionsoverflowed="0" regionsstable="2" regionsrebuilding="0"/>
  </mem-info>
</gc-start>
<allocation-stats totalBytes="37743752" >
  <allocated-bytes non-tlh="0" tlh="37743752" arrayletleaf="0"/>
  <largest-consumer threadName="Thread-10" threadId="000000000280FD00" bytes="12134976" />
</allocation-stats>
<gc-op id="640" type="copy forward" timems="3.046" contextid="637" timestamp="2019-06-15T19:53:09.311">
  <memory-copied type="eden" objects="3591" bytes="87384" bytesdiscarded="0" />
  <memory-copied type="other" objects="18433" bytes="717144" bytesdiscarded="0" />
  <memory-cardclean objects="8022" bytes="405640" />
  <regions eden="36" other="2" />
  <remembered-set-cleared processed="29041" cleared="1330" durationms="0.306" />
  <stringconstants candidates="4597" cleared="0"  />
</gc-op>
<gc-op id="641" type="classunload" timems="0.002" contextid="637" timestamp="2019-06-15T19:53:09.311">
  <classunload-info classloadercandidates="8" classloadersunloaded="0" classesunloaded="0" anonymousclassesunloaded="0" quiescems="0.000" setupms="0.002" scanms="0.000" postms="0.000" />
</gc-op>
<heap-resize id="642" type="expand" space="default" amount="3145728" count="1" timems="0.069" reason="excessive time being spent in gc" timestamp="2019-06-15T19:53:09.312" />
<gc-end id="643" type="partial gc" contextid="637" durationms="4.283" usertimems="4.000" systemtimems="0.000" timestamp="2019-06-15T19:53:09.312" activeThreads="1">
  <mem-info id="644" free="77594624" total="128974848" percent="60">
    <mem type="eden" free="961192" total="1048576" percent="91" />
    <remembered-set count="33312" freebytes="5015040" totalbytes="5148288" percent="97" regionsoverflowed="0" regionsstable="2" regionsrebuilding="0"/>
  </mem-info>
</gc-end>
<cycle-end id="645" type="partial gc" contextid="637" timestamp="2019-06-15T19:53:09.312" />
  <attribute name="elasticGC enabled" value="1" />
  <attribute name= "numThreadsSpecified" value="1" />
  <attribute name="heapSize specified" value="0" />
  <attribute name="Current GC Util" value="37" />
  <attribute name= "Current Time Running" value="1875" />
  <attribute name ="GC Interval" value="0" />
  <attribute name="ProportionalT" value="25.500000" />
  <attribute name="ProportionalI" value="25.500000" />
  <attribute name="ProportionalH" value="25.500000" />
  <attribute name="Current Error" value="17.000000" />
  <attribute name="IntegralT" value="0.000000" />
  <attribute name="IntegralI" value="0.000000" />
  <attribute name="IntegralH" value="0.000000" />
  <attribute name="DerivativeT" value="inf" />
  <attribute name="DerivativeI" value="inf" />
  <attribute name="DerivativeH" value="inf" />
  <attribute name="Loop Time for DT" value="0.000000" />
  <attribute name="Output H" value="8388608"/>
  <attribute name="Output I" value="200"/>
  <attribute name="Output T" value="1"/>
  <attribute name="Target GC Util Change" value ="20.000000" />
  <attribute name="Current GC Util Change" value="37.000000"/>
  <attribute name="GC Util currently" value="37" />
  <attribute name="CPU Util currently" value="19626283703625" />
<exclusive-end id="646" timestamp="2019-06-15T19:53:09.312" durationms="5.203" />

<exclusive-start id="647" timestamp="2019-06-15T19:53:09.340" intervalms="32.818">
  <response-info timems="0.039" idlems="0.039" threads="0" lastid="0000000002813900" lastname="Thread-7" />
</exclusive-start>
<allocation-taxation id="648" taxation-threshold="38797312" timestamp="2019-06-15T19:53:09.340" intervalms="32.880" />
<cycle-start id="649" type="partial gc" contextid="0" timestamp="2019-06-15T19:53:09.340" intervalms="32.914" />
<gc-start id="650" type="partial gc" contextid="649" timestamp="2019-06-15T19:53:09.340">
  <mem-info id="651" free="38797312" total="128974848" percent="30">
    <mem type="eden" free="0" total="38797312" percent="0" />
    <remembered-set count="33024" freebytes="5016192" totalbytes="5148288" percent="97" regionsoverflowed="0" regionsstable="2" regionsrebuilding="0"/>
  </mem-info>
</gc-start>
<allocation-stats totalBytes="38792432" >
  <allocated-bytes non-tlh="0" tlh="38792432" arrayletleaf="0"/>
  <largest-consumer threadName="Thread-10" threadId="000000000280FD00" bytes="11692400" />
</allocation-stats>
<gc-op id="652" type="copy forward" timems="2.799" contextid="649" timestamp="2019-06-15T19:53:09.344">
  <memory-copied type="eden" objects="9955" bytes="377704" bytesdiscarded="14568" />
  <memory-copied type="other" objects="13393" bytes="458808" bytesdiscarded="29256" />
  <memory-cardclean objects="9696" bytes="505000" />
  <regions eden="37" other="2" />
  <remembered-set-cleared processed="29770" cleared="1213" durationms="0.197" />
  <stringconstants candidates="4597" cleared="0"  />
</gc-op>
<gc-op id="653" type="classunload" timems="0.003" contextid="649" timestamp="2019-06-15T19:53:09.344">
  <classunload-info classloadercandidates="8" classloadersunloaded="0" classesunloaded="0" anonymousclassesunloaded="0" quiescems="0.000" setupms="0.002" scanms="0.000" postms="0.000" />
</gc-op>
<heap-resize id="654" type="expand" space="default" amount="2097152" count="1" timems="0.072" reason="excessive time being spent in gc" timestamp="2019-06-15T19:53:09.344" />
<gc-end id="655" type="partial gc" contextid="649" durationms="4.112" usertimems="8.000" systemtimems="0.000" timestamp="2019-06-15T19:53:09.344" activeThreads="4">
  <mem-info id="656" free="78643200" total="131072000" percent="60">
    <mem type="eden" free="656304" total="1048576" percent="62" />
    <remembered-set count="34432" freebytes="5094272" totalbytes="5232000" percent="97" regionsoverflowed="0" regionsstable="2" regionsrebuilding="0"/>
  </mem-info>
</gc-end>
<cycle-end id="657" type="partial gc" contextid="649" timestamp="2019-06-15T19:53:09.345" />
  <attribute name="elasticGC enabled" value="1" />
  <attribute name= "numThreadsSpecified" value="4" />
  <attribute name="heapSize specified" value="0" />
  <attribute name="Current GC Util" value="41" />
  <attribute name= "Current Time Running" value="1908" />
  <attribute name ="GC Interval" value="0" />
  <attribute name="ProportionalT" value="31.500000" />
  <attribute name="ProportionalI" value="31.500000" />
  <attribute name="ProportionalH" value="31.500000" />
  <attribute name="Current Error" value="21.000000" />
  <attribute name="IntegralT" value="21.000000" />
  <attribute name="IntegralI" value="21.000000" />
  <attribute name="IntegralH" value="21.000000" />
  <attribute name="DerivativeT" value="10.500000" />
  <attribute name="DerivativeI" value="10.500000" />
  <attribute name="DerivativeH" value="10.500000" />
  <attribute name="Loop Time for DT" value="1.000000" />
  <attribute name="Output H" value="8388608"/>
  <attribute name="Output I" value="200"/>
  <attribute name="Output T" value="4"/>
  <attribute name="Target GC Util Change" value ="20.000000" />
  <attribute name="Current GC Util Change" value="41.000000"/>
  <attribute name="GC Util currently" value="41" />
  <attribute name="CPU Util currently" value="15535984197346" />
<exclusive-end id="658" timestamp="2019-06-15T19:53:09.345" durationms="5.026" />

<exclusive-start id="659" timestamp="2019-06-15T19:53:09.374" intervalms="33.921">
  <response-info timems="0.029" idlems="0.029" threads="0" lastid="0000000002813900" lastname="Thread-7" />
</exclusive-start>
<allocation-taxation id="660" taxation-threshold="38797312" timestamp="2019-06-15T19:53:09.374" intervalms="33.859" />
<cycle-start id="661" type="partial gc" contextid="0" timestamp="2019-06-15T19:53:09.374" intervalms="33.817" />
<gc-start id="662" type="partial gc" contextid="661" timestamp="2019-06-15T19:53:09.374">
  <mem-info id="663" free="39845888" total="131072000" percent="30">
    <mem type="eden" free="0" total="38797312" percent="0" />
    <remembered-set count="34272" freebytes="5094912" totalbytes="5232000" percent="97" regionsoverflowed="0" regionsstable="2" regionsrebuilding="0"/>
  </mem-info>
</gc-start>
<allocation-stats totalBytes="38792720" >
  <allocated-bytes non-tlh="0" tlh="38792720" arrayletleaf="0"/>
  <largest-consumer threadName="Thread-10" threadId="000000000280FD00" bytes="11262752" />
</allocation-stats>
<gc-op id="664" type="copy forward" timems="2.786" contextid="661" timestamp="2019-06-15T19:53:09.377">
  <memory-copied type="eden" objects="4293" bytes="104440" bytesdiscarded="0" />
  <memory-copied type="other" objects="13126" bytes="452400" bytesdiscarded="0" />
  <memory-cardclean objects="10216" bytes="526000" />
  <regions eden="37" other="2" />
  <remembered-set-cleared processed="30688" cleared="1176" durationms="0.311" />
  <stringconstants candidates="4597" cleared="0"  />
</gc-op>
<gc-op id="665" type="classunload" timems="0.002" contextid="661" timestamp="2019-06-15T19:53:09.378">
  <classunload-info classloadercandidates="8" classloadersunloaded="0" classesunloaded="0" anonymousclassesunloaded="0" quiescems="0.000" setupms="0.002" scanms="0.000" postms="0.000" />
</gc-op>
<heap-resize id="666" type="expand" space="default" amount="3145728" count="1" timems="0.069" reason="excessive time being spent in gc" timestamp="2019-06-15T19:53:09.378" />
<gc-end id="667" type="partial gc" contextid="661" durationms="3.845" usertimems="8.000" systemtimems="0.000" timestamp="2019-06-15T19:53:09.378" activeThreads="1">
  <mem-info id="668" free="80740352" total="134217728" percent="60">
    <mem type="eden" free="944136" total="1048576" percent="90" />
    <remembered-set count="35424" freebytes="5215872" totalbytes="5357568" percent="97" regionsoverflowed="0" regionsstable="2" regionsrebuilding="0"/>
  </mem-info>
</gc-end>
<cycle-end id="669" type="partial gc" contextid="661" timestamp="2019-06-15T19:53:09.378" />
  <attribute name="elasticGC enabled" value="1" />
  <attribute name= "numThreadsSpecified" value="1" />
  <attribute name="heapSize specified" value="0" />
  <attribute name="Current GC Util" value="38" />
  <attribute name= "Current Time Running" value="1941" />
  <attribute name ="GC Interval" value="0" />
  <attribute name="ProportionalT" value="27.000000" />
  <attribute name="ProportionalI" value="27.000000" />
  <attribute name="ProportionalH" value="27.000000" />
  <attribute name="Current Error" value="18.000000" />
  <attribute name="IntegralT" value="0.000000" />
  <attribute name="IntegralI" value="0.000000" />
  <attribute name="IntegralH" value="0.000000" />
  <attribute name="DerivativeT" value="inf" />
  <attribute name="DerivativeI" value="inf" />
  <attribute name="DerivativeH" value="inf" />
  <attribute name="Loop Time for DT" value="0.000000" />
  <attribute name="Output H" value="8388608"/>
  <attribute name="Output I" value="200"/>
  <attribute name="Output T" value="1"/>
  <attribute name="Target GC Util Change" value ="20.000000" />
  <attribute name="Current GC Util Change" value="38.000000"/>
  <attribute name="GC Util currently" value="38" />
  <attribute name="CPU Util currently" value="18616376474505" />
<exclusive-end id="670" timestamp="2019-06-15T19:53:09.378" durationms="4.482" />

<exclusive-start id="671" timestamp="2019-06-15T19:53:09.414" intervalms="40.547">
  <response-info timems="0.031" idlems="0.031" threads="0" lastid="0000000002813900" lastname="Thread-7" />
</exclusive-start>
<allocation-taxation id="672" taxation-threshold="39845888" timestamp="2019-06-15T19:53:09.414" intervalms="40.569" />
<cycle-start id="673" type="partial gc" contextid="0" timestamp="2019-06-15T19:53:09.414" intervalms="40.569" />
<gc-start id="674" type="partial gc" contextid="673" timestamp="2019-06-15T19:53:09.415">
  <mem-info id="675" free="40894464" total="134217728" percent="30">
    <mem type="eden" free="0" total="39845888" percent="0" />
    <remembered-set count="35008" freebytes="5217536" totalbytes="5357568" percent="97" regionsoverflowed="0" regionsstable="2" regionsrebuilding="0"/>
  </mem-info>
</gc-start>
<allocation-stats totalBytes="39841104" >
  <allocated-bytes non-tlh="0" tlh="39841104" arrayletleaf="0"/>
  <largest-consumer threadName="Thread-9" threadId="0000000002817500" bytes="13011480" />
</allocation-stats>
<gc-op id="676" type="copy forward" timems="3.270" contextid="673" timestamp="2019-06-15T19:53:09.419">
  <memory-copied type="eden" objects="20165" bytes="897096" bytesdiscarded="0" />
  <memory-copied type="other" objects="5359" bytes="128616" bytesdiscarded="0" />
  <memory-cardclean objects="8721" bytes="443320" />
  <regions eden="38" other="2" />
  <remembered-set-cleared processed="31542" cleared="1262" durationms="0.350" />
  <stringconstants candidates="4597" cleared="0"  />
</gc-op>
<gc-op id="677" type="classunload" timems="0.002" contextid="673" timestamp="2019-06-15T19:53:09.419">
  <classunload-info classloadercandidates="8" classloadersunloaded="0" classesunloaded="0" anonymousclassesunloaded="0" quiescems="0.000" setupms="0.002" scanms="0.000" postms="0.000" />
</gc-op>
<heap-resize id="678" type="expand" space="default" amount="2097152" count="1" timems="0.065" reason="excessive time being spent in gc" timestamp="2019-06-15T19:53:09.419" />
<gc-end id="679" type="partial gc" contextid="673" durationms="4.331" usertimems="4.000" systemtimems="0.000" timestamp="2019-06-15T19:53:09.419" activeThreads="1">
  <mem-info id="680" free="81788928" total="136314880" percent="60">
    <mem type="eden" free="151480" total="1048576" percent="14" />
    <remembered-set count="35232" freebytes="5300352" totalbytes="5441280" percent="97" regionsoverflowed="0" regionsstable="2" regionsrebuilding="0"/>
  </mem-info>
</gc-end>
<cycle-end id="681" type="partial gc" contextid="673" timestamp="2019-06-15T19:53:09.419" />
  <attribute name="elasticGC enabled" value="1" />
  <attribute name= "numThreadsSpecified" value="1" />
  <attribute name="heapSize specified" value="0" />
  <attribute name="Current GC Util" value="44" />
  <attribute name= "Current Time Running" value="1982" />
  <attribute name ="GC Interval" value="0" />
  <attribute name="ProportionalT" value="36.000000" />
  <attribute name="ProportionalI" value="36.000000" />
  <attribute name="ProportionalH" value="36.000000" />
  <attribute name="Current Error" value="24.000000" />
  <attribute name="IntegralT" value="0.000000" />
  <attribute name="IntegralI" value="0.000000" />
  <attribute name="IntegralH" value="0.000000" />
  <attribute name="DerivativeT" value="inf" />
  <attribute name="DerivativeI" value="inf" />
  <attribute name="DerivativeH" value="inf" />
  <attribute name="Loop Time for DT" value="0.000000" />
  <attribute name="Output H" value="8388608"/>
  <attribute name="Output I" value="200"/>
  <attribute name="Output T" value="1"/>
  <attribute name="Target GC Util Change" value ="20.000000" />
  <attribute name="Current GC Util Change" value="44.000000"/>
  <attribute name="GC Util currently" value="44" />
  <attribute name="CPU Util currently" value="18501137395633" />
<exclusive-end id="682" timestamp="2019-06-15T19:53:09.419" durationms="5.137" />

<exclusive-start id="683" timestamp="2019-06-15T19:53:09.470" intervalms="56.206">
  <response-info timems="0.760" idlems="0.408" threads="1" lastid="0000000002813900" lastname="Thread-7" />
</exclusive-start>
<allocation-taxation id="684" taxation-threshold="40894464" timestamp="2019-06-15T19:53:09.471" intervalms="56.215" />
<cycle-start id="685" type="partial gc" contextid="0" timestamp="2019-06-15T19:53:09.471" intervalms="56.205" />
<gc-start id="686" type="partial gc" contextid="685" timestamp="2019-06-15T19:53:09.471">
  <mem-info id="687" free="40894464" total="136314880" percent="30">
    <mem type="eden" free="0" total="40894464" percent="0" />
    <remembered-set count="35200" freebytes="5300480" totalbytes="5441280" percent="97" regionsoverflowed="0" regionsstable="2" regionsrebuilding="0"/>
  </mem-info>
</gc-start>
<allocation-stats totalBytes="40889344" >
  <allocated-bytes non-tlh="0" tlh="40889344" arrayletleaf="0"/>
  <largest-consumer threadName="Thread-8" threadId="000000000281B100" bytes="16185392" />
</allocation-stats>
<gc-op id="688" type="copy forward" timems="4.044" contextid="685" timestamp="2019-06-15T19:53:09.476">
  <memory-copied type="eden" objects="11114" bytes="405752" bytesdiscarded="0" />
  <memory-copied type="other" objects="22191" bytes="944712" bytesdiscarded="0" />
  <memory-cardclean objects="6198" bytes="322264" />
  <regions eden="39" other="2" />
  <remembered-set-cleared processed="32011" cleared="1044" durationms="0.337" />
  <stringconstants candidates="4597" cleared="0"  />
</gc-op>
<gc-op id="689" type="classunload" timems="0.002" contextid="685" timestamp="2019-06-15T19:53:09.476">
  <classunload-info classloadercandidates="8" classloadersunloaded="0" classesunloaded="0" anonymousclassesunloaded="0" quiescems="0.000" setupms="0.002" scanms="0.000" postms="0.000" />
</gc-op>
<gc-end id="690" type="partial gc" contextid="685" durationms="5.111" usertimems="8.000" systemtimems="0.000" timestamp="2019-06-15T19:53:09.476" activeThreads="1">
  <mem-info id="691" free="80740352" total="136314880" percent="59">
    <mem type="eden" free="642824" total="1048576" percent="61" />
    <remembered-set count="36416" freebytes="5295616" totalbytes="5441280" percent="97" regionsoverflowed="0" regionsstable="2" regionsrebuilding="0"/>
  </mem-info>
</gc-end>
<cycle-end id="692" type="partial gc" contextid="685" timestamp="2019-06-15T19:53:09.476" />
  <attribute name="elasticGC enabled" value="1" />
  <attribute name= "numThreadsSpecified" value="1" />
  <attribute name="heapSize specified" value="0" />
  <attribute name="Current GC Util" value="42" />
  <attribute name= "Current Time Running" value="2038" />
  <attribute name ="GC Interval" value="0" />
  <attribute name="ProportionalT" value="33.000000" />
  <attribute name="ProportionalI" value="33.000000" />
  <attribute name="ProportionalH" value="33.000000" />
  <attribute name="Current Error" value="22.000000" />
  <attribute name="IntegralT" value="0.000000" />
  <attribute name="IntegralI" value="0.000000" />
  <attribute name="IntegralH" value="0.000000" />
  <attribute name="DerivativeT" value="inf" />
  <attribute name="DerivativeI" value="inf" />
  <attribute name="DerivativeH" value="inf" />
  <attribute name="Loop Time for DT" value="0.000000" />
  <attribute name="Output H" value="8388608"/>
  <attribute name="Output I" value="200"/>
  <attribute name="Output T" value="1"/>
  <attribute name="Target GC Util Change" value ="20.000000" />
  <attribute name="Current GC Util Change" value="42.000000"/>
  <attribute name="GC Util currently" value="42" />
  <attribute name="CPU Util currently" value="14195131750418" />
<exclusive-end id="693" timestamp="2019-06-15T19:53:09.477" durationms="6.098" />

<exclusive-start id="694" timestamp="2019-06-15T19:53:09.528" intervalms="57.732">
  <response-info timems="0.036" idlems="0.036" threads="0" lastid="000000000280FD00" lastname="Thread-10" />
</exclusive-start>
<allocation-taxation id="695" taxation-threshold="40894464" timestamp="2019-06-15T19:53:09.528" intervalms="57.832" />
<cycle-start id="696" type="partial gc" contextid="0" timestamp="2019-06-15T19:53:09.529" intervalms="57.888" />
<gc-start id="697" type="partial gc" contextid="696" timestamp="2019-06-15T19:53:09.529">
  <mem-info id="698" free="39845888" total="136314880" percent="29">
    <mem type="eden" free="0" total="40894464" percent="0" />
    <remembered-set count="36192" freebytes="5296512" totalbytes="5441280" percent="97" regionsoverflowed="0" regionsstable="2" regionsrebuilding="0"/>
  </mem-info>
</gc-start>
<allocation-stats totalBytes="40889104" >
  <allocated-bytes non-tlh="0" tlh="40889104" arrayletleaf="0"/>
  <largest-consumer threadName="Thread-9" threadId="0000000002817500" bytes="16979808" />
</allocation-stats>
<gc-op id="699" type="copy forward" timems="3.804" contextid="696" timestamp="2019-06-15T19:53:09.533">
  <memory-copied type="eden" objects="3427" bytes="83592" bytesdiscarded="0" />
  <memory-copied type="other" objects="30776" bytes="1288128" bytesdiscarded="0" />
  <memory-cardclean objects="3605" bytes="197800" />
  <regions eden="39" other="2" />
  <remembered-set-cleared processed="32773" cleared="1125" durationms="0.340" />
  <stringconstants candidates="4597" cleared="0"  />
</gc-op>
<gc-op id="700" type="classunload" timems="0.002" contextid="696" timestamp="2019-06-15T19:53:09.533">
  <classunload-info classloadercandidates="8" classloadersunloaded="0" classesunloaded="0" anonymousclassesunloaded="0" quiescems="0.000" setupms="0.002" scanms="0.000" postms="0.000" />
</gc-op>
<gc-end id="701" type="partial gc" contextid="696" durationms="4.862" usertimems="4.000" systemtimems="0.000" timestamp="2019-06-15T19:53:09.534" activeThreads="1">
  <mem-info id="702" free="79691776" total="136314880" percent="58">
    <mem type="eden" free="964984" total="1048576" percent="92" />
    <remembered-set count="37120" freebytes="5292800" totalbytes="5441280" percent="97" regionsoverflowed="0" regionsstable="2" regionsrebuilding="0"/>
  </mem-info>
</gc-end>
<cycle-end id="703" type="partial gc" contextid="696" timestamp="2019-06-15T19:53:09.534" />
  <attribute name="elasticGC enabled" value="1" />
  <attribute name= "numThreadsSpecified" value="1" />
  <attribute name="heapSize specified" value="0" />
  <attribute name="Current GC Util" value="43" />
  <attribute name= "Current Time Running" value="2096" />
  <attribute name ="GC Interval" value="0" />
  <attribute name="ProportionalT" value="34.500000" />
  <attribute name="ProportionalI" value="34.500000" />
  <attribute name="ProportionalH" value="34.500000" />
  <attribute name="Current Error" value="23.000000" />
  <attribute name="IntegralT" value="0.000000" />
  <attribute name="IntegralI" value="0.000000" />
  <attribute name="IntegralH" value="0.000000" />
  <attribute name="DerivativeT" value="inf" />
  <attribute name="DerivativeI" value="inf" />
  <attribute name="DerivativeH" value="inf" />
  <attribute name="Loop Time for DT" value="0.000000" />
  <attribute name="Output H" value="8388608"/>
  <attribute name="Output I" value="200"/>
  <attribute name="Output T" value="1"/>
  <attribute name="Target GC Util Change" value ="20.000000" />
  <attribute name="Current GC Util Change" value="43.000000"/>
  <attribute name="GC Util currently" value="43" />
  <attribute name="CPU Util currently" value="17553816512383" />
<exclusive-end id="704" timestamp="2019-06-15T19:53:09.536" durationms="7.505" />

<exclusive-start id="705" timestamp="2019-06-15T19:53:09.562" intervalms="33.421">
  <response-info timems="0.060" idlems="0.060" threads="0" lastid="000000000280FD00" lastname="Thread-10" />
</exclusive-start>
<allocation-taxation id="706" taxation-threshold="40894464" timestamp="2019-06-15T19:53:09.562" intervalms="33.426" />
<cycle-start id="707" type="partial gc" contextid="0" timestamp="2019-06-15T19:53:09.562" intervalms="33.508" />
<gc-start id="708" type="partial gc" contextid="707" timestamp="2019-06-15T19:53:09.562">
  <mem-info id="709" free="38797312" total="136314880" percent="28">
    <mem type="eden" free="0" total="40894464" percent="0" />
    <remembered-set count="36928" freebytes="5293568" totalbytes="5441280" percent="97" regionsoverflowed="0" regionsstable="2" regionsrebuilding="0"/>
  </mem-info>
</gc-start>
<allocation-stats totalBytes="40889344" >
  <allocated-bytes non-tlh="0" tlh="40889344" arrayletleaf="0"/>
  <largest-consumer threadName="Thread-9" threadId="0000000002817500" bytes="11733624" />
</allocation-stats>
<gc-op id="710" type="copy forward" timems="2.999" contextid="707" timestamp="2019-06-15T19:53:09.566">
  <memory-copied type="eden" objects="5870" bytes="142592" bytesdiscarded="0" />
  <memory-copied type="other" objects="14001" bytes="473400" bytesdiscarded="0" />
  <memory-cardclean objects="10887" bytes="600040" />
  <regions eden="39" other="2" />
  <remembered-set-cleared processed="33347" cleared="818" durationms="0.342" />
  <stringconstants candidates="4597" cleared="0"  />
</gc-op>
<gc-op id="711" type="classunload" timems="0.002" contextid="707" timestamp="2019-06-15T19:53:09.566">
  <classunload-info classloadercandidates="8" classloadersunloaded="0" classesunloaded="0" anonymousclassesunloaded="0" quiescems="0.000" setupms="0.002" scanms="0.000" postms="0.000" />
</gc-op>
<gc-end id="712" type="partial gc" contextid="707" durationms="4.182" usertimems="4.000" systemtimems="0.000" timestamp="2019-06-15T19:53:09.567" activeThreads="1">
  <mem-info id="713" free="78643200" total="136314880" percent="57">
    <mem type="eden" free="905984" total="1048576" percent="86" />
    <remembered-set count="38048" freebytes="5289088" totalbytes="5441280" percent="97" regionsoverflowed="0" regionsstable="2" regionsrebuilding="0"/>
  </mem-info>
</gc-end>
<cycle-end id="714" type="partial gc" contextid="707" timestamp="2019-06-15T19:53:09.567" />
  <attribute name="elasticGC enabled" value="1" />
  <attribute name= "numThreadsSpecified" value="1" />
  <attribute name="heapSize specified" value="0" />
  <attribute name="Current GC Util" value="43" />
  <attribute name= "Current Time Running" value="2130" />
  <attribute name ="GC Interval" value="0" />
  <attribute name="ProportionalT" value="34.500000" />
  <attribute name="ProportionalI" value="34.500000" />
  <attribute name="ProportionalH" value="34.500000" />
  <attribute name="Current Error" value="23.000000" />
  <attribute name="IntegralT" value="0.000000" />
  <attribute name="IntegralI" value="0.000000" />
  <attribute name="IntegralH" value="0.000000" />
  <attribute name="DerivativeT" value="inf" />
  <attribute name="DerivativeI" value="inf" />
  <attribute name="DerivativeH" value="inf" />
  <attribute name="Loop Time for DT" value="0.000000" />
  <attribute name="Output H" value="8388608"/>
  <attribute name="Output I" value="200"/>
  <attribute name="Output T" value="1"/>
  <attribute name="Target GC Util Change" value ="20.000000" />
  <attribute name="Current GC Util Change" value="43.000000"/>
  <attribute name="GC Util currently" value="43" />
  <attribute name="CPU Util currently" value="13962451444667" />
<exclusive-end id="715" timestamp="2019-06-15T19:53:09.567" durationms="5.375" />

<exclusive-start id="716" timestamp="2019-06-15T19:53:09.588" intervalms="26.076">
  <response-info timems="0.041" idlems="0.041" threads="0" lastid="0000000002817500" lastname="Thread-9" />
</exclusive-start>
<allocation-taxation id="717" taxation-threshold="40894464" timestamp="2019-06-15T19:53:09.588" intervalms="25.988" />
<cycle-start id="718" type="partial gc" contextid="0" timestamp="2019-06-15T19:53:09.588" intervalms="25.907" />
<gc-start id="719" type="partial gc" contextid="718" timestamp="2019-06-15T19:53:09.588">
  <mem-info id="720" free="37748736" total="136314880" percent="27">
    <mem type="eden" free="0" total="40894464" percent="0" />
    <remembered-set count="38016" freebytes="5289216" totalbytes="5441280" percent="97" regionsoverflowed="0" regionsstable="2" regionsrebuilding="0"/>
  </mem-info>
</gc-start>
<allocation-stats totalBytes="40889088" >
  <allocated-bytes non-tlh="0" tlh="40889088" arrayletleaf="0"/>
  <largest-consumer threadName="Thread-7" threadId="0000000002813900" bytes="10828400" />
</allocation-stats>
<gc-op id="721" type="copy forward" timems="3.131" contextid="718" timestamp="2019-06-15T19:53:09.592">
  <memory-copied type="eden" objects="25227" bytes="1019032" bytesdiscarded="38856" />
  <memory-copied type="other" objects="8759" bytes="210216" bytesdiscarded="6136" />
  <memory-cardclean objects="13839" bytes="706744" />
  <regions eden="39" other="2" />
  <remembered-set-cleared processed="34163" cleared="979" durationms="0.216" />
  <stringconstants candidates="4597" cleared="0"  />
</gc-op>
<gc-op id="722" type="classunload" timems="0.002" contextid="718" timestamp="2019-06-15T19:53:09.592">
  <classunload-info classloadercandidates="8" classloadersunloaded="0" classesunloaded="0" anonymousclassesunloaded="0" quiescems="0.000" setupms="0.002" scanms="0.000" postms="0.000" />
</gc-op>
<heap-resize id="723" type="expand" space="default" amount="13631488" count="1" timems="0.128" reason="excessive time being spent in gc" timestamp="2019-06-15T19:53:09.592" />
<gc-end id="724" type="partial gc" contextid="718" durationms="4.369" usertimems="0.000" systemtimems="4.000" timestamp="2019-06-15T19:53:09.593" activeThreads="4">
  <mem-info id="725" free="90177536" total="149946368" percent="60">
    <mem type="eden" free="1039264" total="2097152" percent="49" />
    <remembered-set count="39328" freebytes="5828096" totalbytes="5985408" percent="97" regionsoverflowed="0" regionsstable="2" regionsrebuilding="0"/>
  </mem-info>
</gc-end>
<cycle-end id="726" type="partial gc" contextid="718" timestamp="2019-06-15T19:53:09.593" />
  <attribute name="elasticGC enabled" value="1" />
  <attribute name= "numThreadsSpecified" value="4" />
  <attribute name="heapSize specified" value="0" />
  <attribute name="Current GC Util" value="55" />
  <attribute name= "Current Time Running" value="2156" />
  <attribute name ="GC Interval" value="0" />
  <attribute name="ProportionalT" value="52.500000" />
  <attribute name="ProportionalI" value="52.500000" />
  <attribute name="ProportionalH" value="52.500000" />
  <attribute name="Current Error" value="35.000000" />
  <attribute name="IntegralT" value="35.000000" />
  <attribute name="IntegralI" value="35.000000" />
  <attribute name="IntegralH" value="35.000000" />
  <attribute name="DerivativeT" value="17.500000" />
  <attribute name="DerivativeI" value="17.500000" />
  <attribute name="DerivativeH" value="17.500000" />
  <attribute name="Loop Time for DT" value="1.000000" />
  <attribute name="Output H" value="8388608"/>
  <attribute name="Output I" value="200"/>
  <attribute name="Output T" value="4"/>
  <attribute name="Target GC Util Change" value ="20.000000" />
  <attribute name="Current GC Util Change" value="55.000000"/>
  <attribute name="GC Util currently" value="55" />
  <attribute name="CPU Util currently" value="17228161715382" />
<exclusive-end id="727" timestamp="2019-06-15T19:53:09.593" durationms="5.320" />

<exclusive-start id="728" timestamp="2019-06-15T19:53:09.616" intervalms="28.065">
  <response-info timems="0.038" idlems="0.038" threads="0" lastid="0000000002817500" lastname="Thread-9" />
</exclusive-start>
<allocation-taxation id="729" taxation-threshold="44040192" timestamp="2019-06-15T19:53:09.616" intervalms="28.064" />
<cycle-start id="730" type="partial gc" contextid="0" timestamp="2019-06-15T19:53:09.616" intervalms="28.108" />
<gc-start id="731" type="partial gc" contextid="730" timestamp="2019-06-15T19:53:09.616">
  <mem-info id="732" free="46137344" total="149946368" percent="30">
    <mem type="eden" free="0" total="44040192" percent="0" />
    <remembered-set count="39168" freebytes="5828736" totalbytes="5985408" percent="97" regionsoverflowed="0" regionsstable="2" regionsrebuilding="0"/>
  </mem-info>
</gc-start>
<allocation-stats totalBytes="44034592" >
  <allocated-bytes non-tlh="0" tlh="44034592" arrayletleaf="0"/>
  <largest-consumer threadName="Thread-9" threadId="0000000002817500" bytes="12614408" />
</allocation-stats>
<gc-op id="733" type="copy forward" timems="4.144" contextid="730" timestamp="2019-06-15T19:53:09.621">
  <memory-copied type="eden" objects="10976" bytes="401752" bytesdiscarded="0" />
  <memory-copied type="other" objects="22181" bytes="807096" bytesdiscarded="0" />
  <memory-cardclean objects="11491" bytes="576208" />
  <regions eden="42" other="3" />
  <remembered-set-cleared processed="35104" cleared="1262" durationms="0.369" />
  <stringconstants candidates="4597" cleared="0"  />
</gc-op>
<gc-op id="734" type="classunload" timems="0.002" contextid="730" timestamp="2019-06-15T19:53:09.621">
  <classunload-info classloadercandidates="8" classloadersunloaded="0" classesunloaded="0" anonymousclassesunloaded="0" quiescems="0.000" setupms="0.001" scanms="0.000" postms="0.000" />
</gc-op>
<gc-end id="735" type="partial gc" contextid="730" durationms="5.393" usertimems="4.000" systemtimems="0.000" timestamp="2019-06-15T19:53:09.622" activeThreads="1">
  <mem-info id="736" free="90177536" total="149946368" percent="60">
    <mem type="eden" free="646824" total="1048576" percent="61" />
    <remembered-set count="40096" freebytes="5825024" totalbytes="5985408" percent="97" regionsoverflowed="0" regionsstable="2" regionsrebuilding="0"/>
  </mem-info>
</gc-end>
<cycle-end id="737" type="partial gc" contextid="730" timestamp="2019-06-15T19:53:09.622" />
  <attribute name="elasticGC enabled" value="1" />
  <attribute name= "numThreadsSpecified" value="1" />
  <attribute name="heapSize specified" value="0" />
  <attribute name="Current GC Util" value="39" />
  <attribute name= "Current Time Running" value="2184" />
  <attribute name ="GC Interval" value="0" />
  <attribute name="ProportionalT" value="28.500000" />
  <attribute name="ProportionalI" value="28.500000" />
  <attribute name="ProportionalH" value="28.500000" />
  <attribute name="Current Error" value="19.000000" />
  <attribute name="IntegralT" value="0.000000" />
  <attribute name="IntegralI" value="0.000000" />
  <attribute name="IntegralH" value="0.000000" />
  <attribute name="DerivativeT" value="inf" />
  <attribute name="DerivativeI" value="inf" />
  <attribute name="DerivativeH" value="inf" />
  <attribute name="Loop Time for DT" value="0.000000" />
  <attribute name="Output H" value="8388608"/>
  <attribute name="Output I" value="200"/>
  <attribute name="Output T" value="1"/>
  <attribute name="Target GC Util Change" value ="20.000000" />
  <attribute name="Current GC Util Change" value="39.000000"/>
  <attribute name="GC Util currently" value="39" />
  <attribute name="CPU Util currently" value="14663035672215" />
<exclusive-end id="738" timestamp="2019-06-15T19:53:09.622" durationms="6.463" />

<exclusive-start id="739" timestamp="2019-06-15T19:53:09.645" intervalms="29.612">
  <response-info timems="0.200" idlems="0.200" threads="0" lastid="0000000002817500" lastname="Thread-9" />
</exclusive-start>
<allocation-taxation id="740" taxation-threshold="44040192" timestamp="2019-06-15T19:53:09.646" intervalms="29.659" />
<cycle-start id="741" type="partial gc" contextid="0" timestamp="2019-06-15T19:53:09.646" intervalms="29.702" />
<gc-start id="742" type="partial gc" contextid="741" timestamp="2019-06-15T19:53:09.646">
  <mem-info id="743" free="46137344" total="149946368" percent="30">
    <mem type="eden" free="0" total="44040192" percent="0" />
    <remembered-set count="39936" freebytes="5825664" totalbytes="5985408" percent="97" regionsoverflowed="0" regionsstable="2" regionsrebuilding="0"/>
  </mem-info>
</gc-start>
<allocation-stats totalBytes="44034712" >
  <allocated-bytes non-tlh="0" tlh="44034712" arrayletleaf="0"/>
  <largest-consumer threadName="Thread-9" threadId="0000000002817500" bytes="13465992" />
</allocation-stats>
<gc-op id="744" type="copy forward" timems="3.203" contextid="741" timestamp="2019-06-15T19:53:09.650">
  <memory-copied type="eden" objects="9531" bytes="368320" bytesdiscarded="42712" />
  <memory-copied type="other" objects="27431" bytes="1070472" bytesdiscarded="33120" />
  <memory-cardclean objects="5397" bytes="287752" />
  <regions eden="42" other="2" />
  <remembered-set-cleared processed="36123" cleared="1098" durationms="0.242" />
  <stringconstants candidates="4597" cleared="0"  />
</gc-op>
<gc-op id="745" type="classunload" timems="0.002" contextid="741" timestamp="2019-06-15T19:53:09.650">
  <classunload-info classloadercandidates="8" classloadersunloaded="0" classesunloaded="0" anonymousclassesunloaded="0" quiescems="0.000" setupms="0.002" scanms="0.000" postms="0.000" />
</gc-op>
<heap-resize id="746" type="expand" space="default" amount="2097152" count="1" timems="0.075" reason="excessive time being spent in gc" timestamp="2019-06-15T19:53:09.651" />
<gc-end id="747" type="partial gc" contextid="741" durationms="4.782" usertimems="8.000" systemtimems="0.000" timestamp="2019-06-15T19:53:09.651" activeThreads="4">
  <mem-info id="748" free="91226112" total="152043520" percent="60">
    <mem type="eden" free="637544" total="1048576" percent="60" />
    <remembered-set count="41216" freebytes="5904256" totalbytes="6069120" percent="97" regionsoverflowed="0" regionsstable="2" regionsrebuilding="0"/>
  </mem-info>
</gc-end>
<cycle-end id="749" type="partial gc" contextid="741" timestamp="2019-06-15T19:53:09.651" />
  <attribute name="elasticGC enabled" value="1" />
  <attribute name= "numThreadsSpecified" value="4" />
  <attribute name="heapSize specified" value="0" />
  <attribute name="Current GC Util" value="45" />
  <attribute name= "Current Time Running" value="2214" />
  <attribute name ="GC Interval" value="0" />
  <attribute name="ProportionalT" value="37.500000" />
  <attribute name="ProportionalI" value="37.500000" />
  <attribute name="ProportionalH" value="37.500000" />
  <attribute name="Current Error" value="25.000000" />
  <attribute name="IntegralT" value="25.000000" />
  <attribute name="IntegralI" value="25.000000" />
  <attribute name="IntegralH" value="25.000000" />
  <attribute name="DerivativeT" value="12.500000" />
  <attribute name="DerivativeI" value="12.500000" />
  <attribute name="DerivativeH" value="12.500000" />
  <attribute name="Loop Time for DT" value="1.000000" />
  <attribute name="Output H" value="8388608"/>
  <attribute name="Output I" value="200"/>
  <attribute name="Output T" value="4"/>
  <attribute name="Target GC Util Change" value ="20.000000" />
  <attribute name="Current GC Util Change" value="45.000000"/>
  <attribute name="GC Util currently" value="45" />
  <attribute name="CPU Util currently" value="14992769729493" />
<exclusive-end id="750" timestamp="2019-06-15T19:53:09.651" durationms="5.998" />

<exclusive-start id="751" timestamp="2019-06-15T19:53:09.674" intervalms="28.736">
  <response-info timems="0.035" idlems="0.035" threads="0" lastid="0000000002813900" lastname="Thread-7" />
</exclusive-start>
<allocation-taxation id="752" taxation-threshold="44040192" timestamp="2019-06-15T19:53:09.674" intervalms="28.724" />
<cycle-start id="753" type="partial gc" contextid="0" timestamp="2019-06-15T19:53:09.675" intervalms="28.724" />
<gc-start id="754" type="partial gc" contextid="753" timestamp="2019-06-15T19:53:09.675">
  <mem-info id="755" free="47185920" total="152043520" percent="31">
    <mem type="eden" free="0" total="44040192" percent="0" />
    <remembered-set count="40768" freebytes="5906048" totalbytes="6069120" percent="97" regionsoverflowed="0" regionsstable="2" regionsrebuilding="0"/>
  </mem-info>
</gc-start>
<allocation-stats totalBytes="44034416" >
  <allocated-bytes non-tlh="0" tlh="44034416" arrayletleaf="0"/>
  <largest-consumer threadName="Thread-9" threadId="0000000002817500" bytes="13568456" />
</allocation-stats>
<gc-op id="756" type="copy forward" timems="3.747" contextid="753" timestamp="2019-06-15T19:53:09.679">
  <memory-copied type="eden" objects="9501" bytes="367464" bytesdiscarded="0" />
  <memory-copied type="other" objects="19960" bytes="753792" bytesdiscarded="0" />
  <memory-cardclean objects="9872" bytes="531952" />
  <regions eden="42" other="2" />
  <remembered-set-cleared processed="36880" cleared="896" durationms="0.390" />
  <stringconstants candidates="4597" cleared="0"  />
</gc-op>
<gc-op id="757" type="classunload" timems="0.003" contextid="753" timestamp="2019-06-15T19:53:09.680">
  <classunload-info classloadercandidates="8" classloadersunloaded="0" classesunloaded="0" anonymousclassesunloaded="0" quiescems="0.000" setupms="0.002" scanms="0.000" postms="0.000" />
</gc-op>
<heap-resize id="758" type="expand" space="default" amount="3145728" count="1" timems="0.069" reason="excessive time being spent in gc" timestamp="2019-06-15T19:53:09.680" />
<gc-end id="759" type="partial gc" contextid="753" durationms="5.295" usertimems="4.000" systemtimems="0.000" timestamp="2019-06-15T19:53:09.680" activeThreads="1">
  <mem-info id="760" free="93323264" total="155189248" percent="60">
    <mem type="eden" free="681112" total="1048576" percent="64" />
    <remembered-set count="41600" freebytes="6028288" totalbytes="6194688" percent="97" regionsoverflowed="0" regionsstable="2" regionsrebuilding="0"/>
  </mem-info>
</gc-end>
<cycle-end id="761" type="partial gc" contextid="753" timestamp="2019-06-15T19:53:09.680" />
  <attribute name="elasticGC enabled" value="1" />
  <attribute name= "numThreadsSpecified" value="1" />
  <attribute name="heapSize specified" value="0" />
  <attribute name="Current GC Util" value="58" />
  <attribute name= "Current Time Running" value="2242" />
  <attribute name ="GC Interval" value="0" />
  <attribute name="ProportionalT" value="57.000000" />
  <attribute name="ProportionalI" value="57.000000" />
  <attribute name="ProportionalH" value="57.000000" />
  <attribute name="Current Error" value="38.000000" />
  <attribute name="IntegralT" value="0.000000" />
  <attribute name="IntegralI" value="0.000000" />
  <attribute name="IntegralH" value="0.000000" />
  <attribute name="DerivativeT" value="inf" />
  <attribute name="DerivativeI" value="inf" />
  <attribute name="DerivativeH" value="inf" />
  <attribute name="Loop Time for DT" value="0.000000" />
  <attribute name="Output H" value="8388608"/>
  <attribute name="Output I" value="200"/>
  <attribute name="Output T" value="1"/>
  <attribute name="Target GC Util Change" value ="20.000000" />
  <attribute name="Current GC Util Change" value="58.000000"/>
  <attribute name="GC Util currently" value="58" />
  <attribute name="CPU Util currently" value="15599466943606" />
<exclusive-end id="762" timestamp="2019-06-15T19:53:09.681" durationms="6.449" />

<exclusive-start id="763" timestamp="2019-06-15T19:53:09.702" intervalms="28.414">
  <response-info timems="0.024" idlems="0.024" threads="0" lastid="0000000002817500" lastname="Thread-9" />
</exclusive-start>
<allocation-taxation id="764" taxation-threshold="45088768" timestamp="2019-06-15T19:53:09.703" intervalms="28.344" />
<cycle-start id="765" type="partial gc" contextid="0" timestamp="2019-06-15T19:53:09.703" intervalms="28.188" />
<gc-start id="766" type="partial gc" contextid="765" timestamp="2019-06-15T19:53:09.703">
  <mem-info id="767" free="48234496" total="155189248" percent="31">
    <mem type="eden" free="0" total="45088768" percent="0" />
    <remembered-set count="41440" freebytes="6028928" totalbytes="6194688" percent="97" regionsoverflowed="0" regionsstable="2" regionsrebuilding="0"/>
  </mem-info>
</gc-start>
<allocation-stats totalBytes="45083824" >
  <allocated-bytes non-tlh="0" tlh="45083824" arrayletleaf="0"/>
  <largest-consumer threadName="Thread-9" threadId="0000000002817500" bytes="13511560" />
</allocation-stats>
<gc-op id="768" type="copy forward" timems="2.613" contextid="765" timestamp="2019-06-15T19:53:09.706">
  <memory-copied type="eden" objects="9080" bytes="357184" bytesdiscarded="13272" />
  <memory-copied type="other" objects="18287" bytes="713640" bytesdiscarded="15624" />
  <memory-cardclean objects="7930" bytes="424168" />
  <regions eden="43" other="2" />
  <remembered-set-cleared processed="37800" cleared="954" durationms="0.213" />
  <stringconstants candidates="4597" cleared="0"  />
</gc-op>
<gc-op id="769" type="classunload" timems="0.002" contextid="765" timestamp="2019-06-15T19:53:09.707">
  <classunload-info classloadercandidates="8" classloadersunloaded="0" classesunloaded="0" anonymousclassesunloaded="0" quiescems="0.000" setupms="0.002" scanms="0.000" postms="0.000" />
</gc-op>
<heap-resize id="770" type="expand" space="default" amount="2097152" count="1" timems="0.066" reason="excessive time being spent in gc" timestamp="2019-06-15T19:53:09.707" />
<gc-end id="771" type="partial gc" contextid="765" durationms="4.037" usertimems="4.000" systemtimems="0.000" timestamp="2019-06-15T19:53:09.707" activeThreads="4">
  <mem-info id="772" free="94371840" total="157286400" percent="60">
    <mem type="eden" free="678120" total="1048576" percent="64" />
    <remembered-set count="42624" freebytes="6107904" totalbytes="6278400" percent="97" regionsoverflowed="0" regionsstable="2" regionsrebuilding="0"/>
  </mem-info>
</gc-end>
<cycle-end id="773" type="partial gc" contextid="765" timestamp="2019-06-15T19:53:09.707" />
  <attribute name="elasticGC enabled" value="1" />
  <attribute name= "numThreadsSpecified" value="4" />
  <attribute name="heapSize specified" value="0" />
  <attribute name="Current GC Util" value="63" />
  <attribute name= "Current Time Running" value="2271" />
  <attribute name ="GC Interval" value="0" />
  <attribute name="ProportionalT" value="64.500000" />
  <attribute name="ProportionalI" value="64.500000" />
  <attribute name="ProportionalH" value="64.500000" />
  <attribute name="Current Error" value="43.000000" />
  <attribute name="IntegralT" value="43.000000" />
  <attribute name="IntegralI" value="43.000000" />
  <attribute name="IntegralH" value="43.000000" />
  <attribute name="DerivativeT" value="21.500000" />
  <attribute name="DerivativeI" value="21.500000" />
  <attribute name="DerivativeH" value="21.500000" />
  <attribute name="Loop Time for DT" value="1.000000" />
  <attribute name="Output H" value="8388608"/>
  <attribute name="Output I" value="200"/>
  <attribute name="Output T" value="4"/>
  <attribute name="Target GC Util Change" value ="20.000000" />
  <attribute name="Current GC Util Change" value="63.000000"/>
  <attribute name="GC Util currently" value="63" />
  <attribute name="CPU Util currently" value="14930831779973" />
<exclusive-end id="774" timestamp="2019-06-15T19:53:09.707" durationms="4.911" />

<exclusive-start id="775" timestamp="2019-06-15T19:53:09.727" intervalms="24.626">
  <response-info timems="0.041" idlems="0.041" threads="0" lastid="000000000280FD00" lastname="Thread-10" />
</exclusive-start>
<allocation-taxation id="776" taxation-threshold="46137344" timestamp="2019-06-15T19:53:09.727" intervalms="24.662" />
<cycle-start id="777" type="partial gc" contextid="0" timestamp="2019-06-15T19:53:09.727" intervalms="24.750" />
<gc-start id="778" type="partial gc" contextid="777" timestamp="2019-06-15T19:53:09.728">
  <mem-info id="779" free="48234496" total="157286400" percent="30">
    <mem type="eden" free="0" total="46137344" percent="0" />
    <remembered-set count="42528" freebytes="6108288" totalbytes="6278400" percent="97" regionsoverflowed="0" regionsstable="2" regionsrebuilding="0"/>
  </mem-info>
</gc-start>
<allocation-stats totalBytes="46133024" >
  <allocated-bytes non-tlh="0" tlh="46133024" arrayletleaf="0"/>
  <largest-consumer threadName="Thread-8" threadId="000000000281B100" bytes="13122576" />
</allocation-stats>
<gc-op id="780" type="copy forward" timems="3.095" contextid="777" timestamp="2019-06-15T19:53:09.731">
  <memory-copied type="eden" objects="2843" bytes="70176" bytesdiscarded="0" />
  <memory-copied type="other" objects="17876" bytes="703776" bytesdiscarded="0" />
  <memory-cardclean objects="7997" bytes="423472" />
  <regions eden="44" other="2" />
  <remembered-set-cleared processed="38491" cleared="947" durationms="0.372" />
  <stringconstants candidates="4597" cleared="0"  />
</gc-op>
<gc-op id="781" type="classunload" timems="0.002" contextid="777" timestamp="2019-06-15T19:53:09.732">
  <classunload-info classloadercandidates="8" classloadersunloaded="0" classesunloaded="0" anonymousclassesunloaded="0" quiescems="0.000" setupms="0.002" scanms="0.000" postms="0.000" />
</gc-op>
<heap-resize id="782" type="expand" space="default" amount="3145728" count="1" timems="0.075" reason="excessive time being spent in gc" timestamp="2019-06-15T19:53:09.732" />
<gc-end id="783" type="partial gc" contextid="777" durationms="4.534" usertimems="4.000" systemtimems="0.000" timestamp="2019-06-15T19:53:09.732" activeThreads="1">
  <mem-info id="784" free="96468992" total="160432128" percent="60">
    <mem type="eden" free="978400" total="1048576" percent="93" />
    <remembered-set count="43328" freebytes="6230656" totalbytes="6403968" percent="97" regionsoverflowed="0" regionsstable="2" regionsrebuilding="0"/>
  </mem-info>
</gc-end>
<cycle-end id="785" type="partial gc" contextid="777" timestamp="2019-06-15T19:53:09.732" />
  <attribute name="elasticGC enabled" value="1" />
  <attribute name= "numThreadsSpecified" value="1" />
  <attribute name="heapSize specified" value="0" />
  <attribute name="Current GC Util" value="46" />
  <attribute name= "Current Time Running" value="2295" />
  <attribute name ="GC Interval" value="0" />
  <attribute name="ProportionalT" value="39.000000" />
  <attribute name="ProportionalI" value="39.000000" />
  <attribute name="ProportionalH" value="39.000000" />
  <attribute name="Current Error" value="26.000000" />
  <attribute name="IntegralT" value="0.000000" />
  <attribute name="IntegralI" value="0.000000" />
  <attribute name="IntegralH" value="0.000000" />
  <attribute name="DerivativeT" value="inf" />
  <attribute name="DerivativeI" value="inf" />
  <attribute name="DerivativeH" value="inf" />
  <attribute name="Loop Time for DT" value="0.000000" />
  <attribute name="Output H" value="8388608"/>
  <attribute name="Output I" value="200"/>
  <attribute name="Output T" value="1"/>
  <attribute name="Target GC Util Change" value ="20.000000" />
  <attribute name="Current GC Util Change" value="46.000000"/>
  <attribute name="GC Util currently" value="46" />
  <attribute name="CPU Util currently" value="20038001849789" />
<exclusive-end id="786" timestamp="2019-06-15T19:53:09.733" durationms="5.448" />

<exclusive-start id="787" timestamp="2019-06-15T19:53:09.751" intervalms="24.231">
  <response-info timems="0.029" idlems="0.029" threads="0" lastid="000000000280FD00" lastname="Thread-10" />
</exclusive-start>
<allocation-taxation id="788" taxation-threshold="46137344" timestamp="2019-06-15T19:53:09.751" intervalms="24.204" />
<cycle-start id="789" type="partial gc" contextid="0" timestamp="2019-06-15T19:53:09.752" intervalms="24.145" />
<gc-start id="790" type="partial gc" contextid="789" timestamp="2019-06-15T19:53:09.752">
  <mem-info id="791" free="50331648" total="160432128" percent="31">
    <mem type="eden" free="0" total="46137344" percent="0" />
    <remembered-set count="43040" freebytes="6231808" totalbytes="6403968" percent="97" regionsoverflowed="0" regionsstable="2" regionsrebuilding="0"/>
  </mem-info>
</gc-start>
<allocation-stats totalBytes="46132496" >
  <allocated-bytes non-tlh="0" tlh="46132496" arrayletleaf="0"/>
  <largest-consumer threadName="Thread-9" threadId="0000000002817500" bytes="12024864" />
</allocation-stats>
<gc-op id="792" type="copy forward" timems="2.608" contextid="789" timestamp="2019-06-15T19:53:09.755">
  <memory-copied type="eden" objects="3287" bytes="80952" bytesdiscarded="0" />
  <memory-copied type="other" objects="11238" bytes="407088" bytesdiscarded="0" />
  <memory-cardclean objects="9457" bytes="489592" />
  <regions eden="44" other="2" />
  <remembered-set-cleared processed="39280" cleared="957" durationms="0.377" />
  <stringconstants candidates="4597" cleared="0"  />
</gc-op>
<gc-op id="793" type="classunload" timems="0.002" contextid="789" timestamp="2019-06-15T19:53:09.755">
  <classunload-info classloadercandidates="8" classloadersunloaded="0" classesunloaded="0" anonymousclassesunloaded="0" quiescems="0.000" setupms="0.001" scanms="0.000" postms="0.000" />
</gc-op>
<heap-resize id="794" type="expand" space="default" amount="2097152" count="1" timems="0.063" reason="excessive time being spent in gc" timestamp="2019-06-15T19:53:09.755" />
<gc-end id="795" type="partial gc" contextid="789" durationms="3.827" usertimems="4.000" systemtimems="0.000" timestamp="2019-06-15T19:53:09.756" activeThreads="1">
  <mem-info id="796" free="97517568" total="162529280" percent="60">
    <mem type="eden" free="967624" total="1048576" percent="92" />
    <remembered-set count="44128" freebytes="6311168" totalbytes="6487680" percent="97" regionsoverflowed="0" regionsstable="2" regionsrebuilding="0"/>
  </mem-info>
</gc-end>
<cycle-end id="797" type="partial gc" contextid="789" timestamp="2019-06-15T19:53:09.756" />
  <attribute name="elasticGC enabled" value="1" />
  <attribute name= "numThreadsSpecified" value="1" />
  <attribute name="heapSize specified" value="0" />
  <attribute name="Current GC Util" value="64" />
  <attribute name= "Current Time Running" value="2319" />
  <attribute name ="GC Interval" value="0" />
  <attribute name="ProportionalT" value="66.000000" />
  <attribute name="ProportionalI" value="66.000000" />
  <attribute name="ProportionalH" value="66.000000" />
  <attribute name="Current Error" value="44.000000" />
  <attribute name="IntegralT" value="0.000000" />
  <attribute name="IntegralI" value="0.000000" />
  <attribute name="IntegralH" value="0.000000" />
  <attribute name="DerivativeT" value="inf" />
  <attribute name="DerivativeI" value="inf" />
  <attribute name="DerivativeH" value="inf" />
  <attribute name="Loop Time for DT" value="0.000000" />
  <attribute name="Output H" value="8388608"/>
  <attribute name="Output I" value="200"/>
  <attribute name="Output T" value="1"/>
  <attribute name="Target GC Util Change" value ="20.000000" />
  <attribute name="Current GC Util Change" value="64.000000"/>
  <attribute name="GC Util currently" value="64" />
  <attribute name="CPU Util currently" value="16899060490511" />
<exclusive-end id="798" timestamp="2019-06-15T19:53:09.756" durationms="4.610" />

<exclusive-start id="799" timestamp="2019-06-15T19:53:09.780" intervalms="28.626">
  <response-info timems="0.032" idlems="0.032" threads="0" lastid="000000000280FD00" lastname="Thread-10" />
</exclusive-start>
<allocation-taxation id="800" taxation-threshold="47185920" timestamp="2019-06-15T19:53:09.780" intervalms="28.673" />
<cycle-start id="801" type="partial gc" contextid="0" timestamp="2019-06-15T19:53:09.780" intervalms="28.667" />
<gc-start id="802" type="partial gc" contextid="801" timestamp="2019-06-15T19:53:09.781">
  <mem-info id="803" free="50331648" total="162529280" percent="30">
    <mem type="eden" free="0" total="47185920" percent="0" />
    <remembered-set count="43872" freebytes="6312192" totalbytes="6487680" percent="97" regionsoverflowed="0" regionsstable="2" regionsrebuilding="0"/>
  </mem-info>
</gc-start>
<allocation-stats totalBytes="47181368" >
  <allocated-bytes non-tlh="0" tlh="47181368" arrayletleaf="0"/>
  <largest-consumer threadName="Thread-9" threadId="0000000002817500" bytes="16181864" />
</allocation-stats>
<gc-op id="804" type="copy forward" timems="2.847" contextid="801" timestamp="2019-06-15T19:53:09.784">
  <memory-copied type="eden" objects="9778" bytes="373840" bytesdiscarded="0" />
  <memory-copied type="other" objects="5457" bytes="130968" bytesdiscarded="0" />
  <memory-cardclean objects="10801" bytes="553696" />
  <regions eden="45" other="2" />
  <remembered-set-cleared processed="40055" cleared="969" durationms="0.400" />
  <stringconstants candidates="4597" cleared="0"  />
</gc-op>
<gc-op id="805" type="classunload" timems="0.002" contextid="801" timestamp="2019-06-15T19:53:09.784">
  <classunload-info classloadercandidates="8" classloadersunloaded="0" classesunloaded="0" anonymousclassesunloaded="0" quiescems="0.000" setupms="0.002" scanms="0.000" postms="0.000" />
</gc-op>
<heap-resize id="806" type="expand" space="default" amount="3145728" count="1" timems="0.069" reason="excessive time being spent in gc" timestamp="2019-06-15T19:53:09.784" />
<gc-end id="807" type="partial gc" contextid="801" durationms="4.064" usertimems="0.000" systemtimems="0.000" timestamp="2019-06-15T19:53:09.785" activeThreads="1">
  <mem-info id="808" free="99614720" total="165675008" percent="60">
    <mem type="eden" free="674736" total="1048576" percent="64" />
    <remembered-set count="44928" freebytes="6433536" totalbytes="6613248" percent="97" regionsoverflowed="0" regionsstable="2" regionsrebuilding="0"/>
  </mem-info>
</gc-end>
<cycle-end id="809" type="partial gc" contextid="801" timestamp="2019-06-15T19:53:09.785" />
  <attribute name="elasticGC enabled" value="1" />
  <attribute name= "numThreadsSpecified" value="1" />
  <attribute name="heapSize specified" value="0" />
  <attribute name="Current GC Util" value="73" />
  <attribute name= "Current Time Running" value="2348" />
  <attribute name ="GC Interval" value="0" />
  <attribute name="ProportionalT" value="79.500000" />
  <attribute name="ProportionalI" value="79.500000" />
  <attribute name="ProportionalH" value="79.500000" />
  <attribute name="Current Error" value="53.000000" />
  <attribute name="IntegralT" value="0.000000" />
  <attribute name="IntegralI" value="0.000000" />
  <attribute name="IntegralH" value="0.000000" />
  <attribute name="DerivativeT" value="inf" />
  <attribute name="DerivativeI" value="inf" />
  <attribute name="DerivativeH" value="inf" />
  <attribute name="Loop Time for DT" value="0.000000" />
  <attribute name="Output H" value="8388608"/>
  <attribute name="Output I" value="200"/>
  <attribute name="Output T" value="1"/>
  <attribute name="Target GC Util Change" value ="20.000000" />
  <attribute name="Current GC Util Change" value="73.000000"/>
  <attribute name="GC Util currently" value="73" />
  <attribute name="CPU Util currently" value="17908347487248" />
<exclusive-end id="810" timestamp="2019-06-15T19:53:09.785" durationms="4.967" />

<exclusive-start id="811" timestamp="2019-06-15T19:53:09.806" intervalms="25.895">
  <response-info timems="0.050" idlems="0.050" threads="0" lastid="000000000281B100" lastname="Thread-8" />
</exclusive-start>
<allocation-taxation id="812" taxation-threshold="47185920" timestamp="2019-06-15T19:53:09.806" intervalms="25.868" />
<cycle-start id="813" type="partial gc" contextid="0" timestamp="2019-06-15T19:53:09.806" intervalms="25.876" />
<gc-start id="814" type="partial gc" contextid="813" timestamp="2019-06-15T19:53:09.806">
  <mem-info id="815" free="52428800" total="165675008" percent="31">
    <mem type="eden" free="0" total="47185920" percent="0" />
    <remembered-set count="44704" freebytes="6434432" totalbytes="6613248" percent="97" regionsoverflowed="0" regionsstable="2" regionsrebuilding="0"/>
  </mem-info>
</gc-start>
<allocation-stats totalBytes="47181312" >
  <allocated-bytes non-tlh="0" tlh="47181312" arrayletleaf="0"/>
  <largest-consumer threadName="Thread-8" threadId="000000000281B100" bytes="14097048" />
</allocation-stats>
<gc-op id="816" type="copy forward" timems="2.899" contextid="813" timestamp="2019-06-15T19:53:09.810">
  <memory-copied type="eden" objects="4063" bytes="99344" bytesdiscarded="0" />
  <memory-copied type="other" objects="12397" bytes="434904" bytesdiscarded="0" />
  <memory-cardclean objects="11328" bytes="560392" />
  <regions eden="45" other="2" />
  <remembered-set-cleared processed="40838" cleared="1147" durationms="0.414" />
  <stringconstants candidates="4597" cleared="0"  />
</gc-op>
<gc-op id="817" type="classunload" timems="0.002" contextid="813" timestamp="2019-06-15T19:53:09.810">
  <classunload-info classloadercandidates="8" classloadersunloaded="0" classesunloaded="0" anonymousclassesunloaded="0" quiescems="0.000" setupms="0.002" scanms="0.000" postms="0.000" />
</gc-op>
<heap-resize id="818" type="expand" space="default" amount="2097152" count="1" timems="0.064" reason="excessive time being spent in gc" timestamp="2019-06-15T19:53:09.810" />
<gc-end id="819" type="partial gc" contextid="813" durationms="4.128" usertimems="4.000" systemtimems="0.000" timestamp="2019-06-15T19:53:09.810" activeThreads="1">
  <mem-info id="820" free="100663296" total="167772160" percent="60">
    <mem type="eden" free="949232" total="1048576" percent="90" />
    <remembered-set count="46048" freebytes="6512768" totalbytes="6696960" percent="97" regionsoverflowed="0" regionsstable="2" regionsrebuilding="0"/>
  </mem-info>
</gc-end>
<cycle-end id="821" type="partial gc" contextid="813" timestamp="2019-06-15T19:53:09.811" />
  <attribute name="elasticGC enabled" value="1" />
  <attribute name= "numThreadsSpecified" value="1" />
  <attribute name="heapSize specified" value="0" />
  <attribute name="Current GC Util" value="61" />
  <attribute name= "Current Time Running" value="2374" />
  <attribute name ="GC Interval" value="0" />
  <attribute name="ProportionalT" value="61.500000" />
  <attribute name="ProportionalI" value="61.500000" />
  <attribute name="ProportionalH" value="61.500000" />
  <attribute name="Current Error" value="41.000000" />
  <attribute name="IntegralT" value="0.000000" />
  <attribute name="IntegralI" value="0.000000" />
  <attribute name="IntegralH" value="0.000000" />
  <attribute name="DerivativeT" value="inf" />
  <attribute name="DerivativeI" value="inf" />
  <attribute name="DerivativeH" value="inf" />
  <attribute name="Loop Time for DT" value="0.000000" />
  <attribute name="Output H" value="8388608"/>
  <attribute name="Output I" value="200"/>
  <attribute name="Output T" value="1"/>
  <attribute name="Target GC Util Change" value ="20.000000" />
  <attribute name="Current GC Util Change" value="61.000000"/>
  <attribute name="GC Util currently" value="61" />
  <attribute name="CPU Util currently" value="19704102216332" />
<exclusive-end id="822" timestamp="2019-06-15T19:53:09.811" durationms="5.099" />

<exclusive-start id="823" timestamp="2019-06-15T19:53:09.839" intervalms="33.523">
  <response-info timems="0.048" idlems="0.031" threads="2" lastid="0000000002813900" lastname="Thread-7" />
</exclusive-start>
<allocation-taxation id="824" taxation-threshold="48234496" timestamp="2019-06-15T19:53:09.840" intervalms="33.595" />
<cycle-start id="825" type="partial gc" contextid="0" timestamp="2019-06-15T19:53:09.840" intervalms="33.618" />
<gc-start id="826" type="partial gc" contextid="825" timestamp="2019-06-15T19:53:09.840">
  <mem-info id="827" free="52428800" total="167772160" percent="31">
    <mem type="eden" free="0" total="48234496" percent="0" />
    <remembered-set count="45632" freebytes="6514432" totalbytes="6696960" percent="97" regionsoverflowed="0" regionsstable="2" regionsrebuilding="0"/>
  </mem-info>
</gc-start>
<allocation-stats totalBytes="48228816" >
  <allocated-bytes non-tlh="0" tlh="48228816" arrayletleaf="0"/>
  <largest-consumer threadName="Thread-8" threadId="000000000281B100" bytes="15906904" />
</allocation-stats>
<gc-op id="828" type="copy forward" timems="2.319" contextid="825" timestamp="2019-06-15T19:53:09.843">
  <memory-copied type="eden" objects="14593" bytes="626368" bytesdiscarded="40112" />
  <memory-copied type="other" objects="13178" bytes="453648" bytesdiscarded="35104" />
  <memory-cardclean objects="9429" bytes="476968" />
  <regions eden="46" other="2" />
  <remembered-set-cleared processed="41658" cleared="1273" durationms="0.220" />
  <stringconstants candidates="4597" cleared="0"  />
</gc-op>
<gc-op id="829" type="classunload" timems="0.002" contextid="825" timestamp="2019-06-15T19:53:09.843">
  <classunload-info classloadercandidates="8" classloadersunloaded="0" classesunloaded="0" anonymousclassesunloaded="0" quiescems="0.000" setupms="0.002" scanms="0.000" postms="0.000" />
</gc-op>
<heap-resize id="830" type="expand" space="default" amount="3145728" count="1" timems="0.071" reason="excessive time being spent in gc" timestamp="2019-06-15T19:53:09.844" />
<gc-end id="831" type="partial gc" contextid="825" durationms="3.758" usertimems="4.000" systemtimems="0.000" timestamp="2019-06-15T19:53:09.844" activeThreads="4">
  <mem-info id="832" free="102760448" total="170917888" percent="60">
    <mem type="eden" free="382096" total="1048576" percent="36" />
    <remembered-set count="46848" freebytes="6635136" totalbytes="6822528" percent="97" regionsoverflowed="0" regionsstable="2" regionsrebuilding="0"/>
  </mem-info>
</gc-end>
<cycle-end id="833" type="partial gc" contextid="825" timestamp="2019-06-15T19:53:09.844" />
  <attribute name="elasticGC enabled" value="1" />
  <attribute name= "numThreadsSpecified" value="4" />
  <attribute name="heapSize specified" value="0" />
  <attribute name="Current GC Util" value="60" />
  <attribute name= "Current Time Running" value="2408" />
  <attribute name ="GC Interval" value="0" />
  <attribute name="ProportionalT" value="60.000000" />
  <attribute name="ProportionalI" value="60.000000" />
  <attribute name="ProportionalH" value="60.000000" />
  <attribute name="Current Error" value="40.000000" />
  <attribute name="IntegralT" value="40.000000" />
  <attribute name="IntegralI" value="40.000000" />
  <attribute name="IntegralH" value="40.000000" />
  <attribute name="DerivativeT" value="20.000000" />
  <attribute name="DerivativeI" value="20.000000" />
  <attribute name="DerivativeH" value="20.000000" />
  <attribute name="Loop Time for DT" value="1.000000" />
  <attribute name="Output H" value="8388608"/>
  <attribute name="Output I" value="200"/>
  <attribute name="Output T" value="4"/>
  <attribute name="Target GC Util Change" value ="20.000000" />
  <attribute name="Current GC Util Change" value="60.000000"/>
  <attribute name="GC Util currently" value="60" />
  <attribute name="CPU Util currently" value="15014246961864" />
<exclusive-end id="834" timestamp="2019-06-15T19:53:09.844" durationms="4.955" />

<exclusive-start id="835" timestamp="2019-06-15T19:53:09.875" intervalms="35.916">
  <response-info timems="0.051" idlems="0.051" threads="0" lastid="0000000002817500" lastname="Thread-9" />
</exclusive-start>
<allocation-taxation id="836" taxation-threshold="49283072" timestamp="2019-06-15T19:53:09.875" intervalms="35.857" />
<cycle-start id="837" type="partial gc" contextid="0" timestamp="2019-06-15T19:53:09.876" intervalms="35.841" />
<gc-start id="838" type="partial gc" contextid="837" timestamp="2019-06-15T19:53:09.876">
  <mem-info id="839" free="53477376" total="170917888" percent="31">
    <mem type="eden" free="0" total="49283072" percent="0" />
    <remembered-set count="46496" freebytes="6636544" totalbytes="6822528" percent="97" regionsoverflowed="0" regionsstable="2" regionsrebuilding="0"/>
  </mem-info>
</gc-start>
<allocation-stats totalBytes="49277152" >
  <allocated-bytes non-tlh="0" tlh="49277152" arrayletleaf="0"/>
  <largest-consumer threadName="Thread-8" threadId="000000000281B100" bytes="16689144" />
</allocation-stats>
<gc-op id="840" type="copy forward" timems="3.740" contextid="837" timestamp="2019-06-15T19:53:09.880">
  <memory-copied type="eden" objects="8880" bytes="351864" bytesdiscarded="0" />
  <memory-copied type="other" objects="18135" bytes="709992" bytesdiscarded="0" />
  <memory-cardclean objects="8754" bytes="467992" />
  <regions eden="47" other="2" />
  <remembered-set-cleared processed="42403" cleared="1123" durationms="0.445" />
  <stringconstants candidates="4597" cleared="0"  />
</gc-op>
<gc-op id="841" type="classunload" timems="0.002" contextid="837" timestamp="2019-06-15T19:53:09.881">
  <classunload-info classloadercandidates="8" classloadersunloaded="0" classesunloaded="0" anonymousclassesunloaded="0" quiescems="0.000" setupms="0.002" scanms="0.000" postms="0.000" />
</gc-op>
<heap-resize id="842" type="expand" space="default" amount="2097152" count="1" timems="0.063" reason="excessive time being spent in gc" timestamp="2019-06-15T19:53:09.881" />
<gc-end id="843" type="partial gc" contextid="837" durationms="5.138" usertimems="8.000" systemtimems="0.000" timestamp="2019-06-15T19:53:09.881" activeThreads="1">
  <mem-info id="844" free="103809024" total="173015040" percent="60">
    <mem type="eden" free="696712" total="1048576" percent="66" />
    <remembered-set count="47680" freebytes="6715520" totalbytes="6906240" percent="97" regionsoverflowed="0" regionsstable="2" regionsrebuilding="0"/>
  </mem-info>
</gc-end>
<cycle-end id="845" type="partial gc" contextid="837" timestamp="2019-06-15T19:53:09.881" />
  <attribute name="elasticGC enabled" value="1" />
  <attribute name= "numThreadsSpecified" value="1" />
  <attribute name="heapSize specified" value="0" />
  <attribute name="Current GC Util" value="55" />
  <attribute name= "Current Time Running" value="2443" />
  <attribute name ="GC Interval" value="0" />
  <attribute name="ProportionalT" value="52.500000" />
  <attribute name="ProportionalI" value="52.500000" />
  <attribute name="ProportionalH" value="52.500000" />
  <attribute name="Current Error" value="35.000000" />
  <attribute name="IntegralT" value="0.000000" />
  <attribute name="IntegralI" value="0.000000" />
  <attribute name="IntegralH" value="0.000000" />
  <attribute name="DerivativeT" value="inf" />
  <attribute name="DerivativeI" value="inf" />
  <attribute name="DerivativeH" value="inf" />
  <attribute name="Loop Time for DT" value="0.000000" />
  <attribute name="Output H" value="8388608"/>
  <attribute name="Output I" value="200"/>
  <attribute name="Output T" value="1"/>
  <attribute name="Target GC Util Change" value ="20.000000" />
  <attribute name="Current GC Util Change" value="55.000000"/>
  <attribute name="GC Util currently" value="55" />
  <attribute name="CPU Util currently" value="18850522230830" />
<exclusive-end id="846" timestamp="2019-06-15T19:53:09.881" durationms="6.203" />

<exclusive-start id="847" timestamp="2019-06-15T19:53:09.912" intervalms="36.484">
  <response-info timems="0.244" idlems="0.244" threads="0" lastid="0000000002817500" lastname="Thread-9" />
</exclusive-start>
<allocation-taxation id="848" taxation-threshold="49283072" timestamp="2019-06-15T19:53:09.912" intervalms="36.512" />
<cycle-start id="849" type="partial gc" contextid="0" timestamp="2019-06-15T19:53:09.912" intervalms="36.544" />
<gc-start id="850" type="partial gc" contextid="849" timestamp="2019-06-15T19:53:09.912">
  <mem-info id="851" free="54525952" total="173015040" percent="31">
    <mem type="eden" free="0" total="49283072" percent="0" />
    <remembered-set count="47488" freebytes="6716288" totalbytes="6906240" percent="97" regionsoverflowed="0" regionsstable="2" regionsrebuilding="0"/>
  </mem-info>
</gc-start>
<allocation-stats totalBytes="49276776" >
  <allocated-bytes non-tlh="0" tlh="49276776" arrayletleaf="0"/>
  <largest-consumer threadName="Thread-10" threadId="000000000280FD00" bytes="17307576" />
</allocation-stats>
<gc-op id="852" type="copy forward" timems="4.165" contextid="849" timestamp="2019-06-15T19:53:09.917">
  <memory-copied type="eden" objects="12831" bytes="447264" bytesdiscarded="0" />
  <memory-copied type="other" objects="23048" bytes="965280" bytesdiscarded="0" />
  <memory-cardclean objects="6828" bytes="356440" />
  <regions eden="47" other="2" />
  <remembered-set-cleared processed="43242" cleared="1115" durationms="0.434" />
  <stringconstants candidates="4597" cleared="0"  />
</gc-op>
<gc-op id="853" type="classunload" timems="0.002" contextid="849" timestamp="2019-06-15T19:53:09.917">
  <classunload-info classloadercandidates="8" classloadersunloaded="0" classesunloaded="0" anonymousclassesunloaded="0" quiescems="0.000" setupms="0.002" scanms="0.000" postms="0.000" />
</gc-op>
<heap-resize id="854" type="expand" space="default" amount="3145728" count="1" timems="0.070" reason="excessive time being spent in gc" timestamp="2019-06-15T19:53:09.918" />
<gc-end id="855" type="partial gc" contextid="849" durationms="5.502" usertimems="8.000" systemtimems="0.000" timestamp="2019-06-15T19:53:09.918" activeThreads="1">
  <mem-info id="856" free="105906176" total="176160768" percent="60">
    <mem type="eden" free="601312" total="1048576" percent="57" />
    <remembered-set count="49088" freebytes="6835456" totalbytes="7031808" percent="97" regionsoverflowed="0" regionsstable="2" regionsrebuilding="0"/>
  </mem-info>
</gc-end>
<cycle-end id="857" type="partial gc" contextid="849" timestamp="2019-06-15T19:53:09.918" />
  <attribute name="elasticGC enabled" value="1" />
  <attribute name= "numThreadsSpecified" value="1" />
  <attribute name="heapSize specified" value="0" />
  <attribute name="Current GC Util" value="57" />
  <attribute name= "Current Time Running" value="2480" />
  <attribute name ="GC Interval" value="0" />
  <attribute name="ProportionalT" value="55.500000" />
  <attribute name="ProportionalI" value="55.500000" />
  <attribute name="ProportionalH" value="55.500000" />
  <attribute name="Current Error" value="37.000000" />
  <attribute name="IntegralT" value="0.000000" />
  <attribute name="IntegralI" value="0.000000" />
  <attribute name="IntegralH" value="0.000000" />
  <attribute name="DerivativeT" value="inf" />
  <attribute name="DerivativeI" value="inf" />
  <attribute name="DerivativeH" value="inf" />
  <attribute name="Loop Time for DT" value="0.000000" />
  <attribute name="Output H" value="8388608"/>
  <attribute name="Output I" value="200"/>
  <attribute name="Output T" value="1"/>
  <attribute name="Target GC Util Change" value ="20.000000" />
  <attribute name="Current GC Util Change" value="57.000000"/>
  <attribute name="GC Util currently" value="57" />
  <attribute name="CPU Util currently" value="19942425993672" />
<exclusive-end id="858" timestamp="2019-06-15T19:53:09.918" durationms="6.682" />

<exclusive-start id="859" timestamp="2019-06-15T19:53:09.948" intervalms="36.655">
  <response-info timems="0.037" idlems="0.037" threads="0" lastid="0000000002817500" lastname="Thread-9" />
</exclusive-start>
<allocation-taxation id="860" taxation-threshold="50331648" timestamp="2019-06-15T19:53:09.949" intervalms="36.669" />
<cycle-start id="861" type="partial gc" contextid="0" timestamp="2019-06-15T19:53:09.949" intervalms="36.708" />
<gc-start id="862" type="partial gc" contextid="861" timestamp="2019-06-15T19:53:09.949">
  <mem-info id="863" free="55574528" total="176160768" percent="31">
    <mem type="eden" free="0" total="50331648" percent="0" />
    <remembered-set count="48608" freebytes="6837376" totalbytes="7031808" percent="97" regionsoverflowed="0" regionsstable="2" regionsrebuilding="0"/>
  </mem-info>
</gc-start>
<allocation-stats totalBytes="50324728" >
  <allocated-bytes non-tlh="0" tlh="50324728" arrayletleaf="0"/>
  <largest-consumer threadName="Thread-9" threadId="0000000002817500" bytes="17806944" />
</allocation-stats>
<gc-op id="864" type="copy forward" timems="3.151" contextid="861" timestamp="2019-06-15T19:53:09.953">
  <memory-copied type="eden" objects="16311" bytes="668048" bytesdiscarded="0" />
  <memory-copied type="other" objects="6335" bytes="152040" bytesdiscarded="0" />
  <memory-cardclean objects="6944" bytes="392032" />
  <regions eden="48" other="2" />
  <remembered-set-cleared processed="44023" cleared="984" durationms="0.459" />
  <stringconstants candidates="4597" cleared="0"  />
</gc-op>
<gc-op id="865" type="classunload" timems="0.002" contextid="861" timestamp="2019-06-15T19:53:09.953">
  <classunload-info classloadercandidates="8" classloadersunloaded="0" classesunloaded="0" anonymousclassesunloaded="0" quiescems="0.000" setupms="0.002" scanms="0.000" postms="0.000" />
</gc-op>
<heap-resize id="866" type="expand" space="default" amount="2097152" count="1" timems="0.066" reason="excessive time being spent in gc" timestamp="2019-06-15T19:53:09.954" />
<gc-end id="867" type="partial gc" contextid="861" durationms="4.641" usertimems="4.000" systemtimems="0.000" timestamp="2019-06-15T19:53:09.954" activeThreads="1">
  <mem-info id="868" free="106954752" total="178257920" percent="60">
    <mem type="eden" free="380528" total="1048576" percent="36" />
    <remembered-set count="48480" freebytes="6921600" totalbytes="7115520" percent="97" regionsoverflowed="0" regionsstable="2" regionsrebuilding="0"/>
  </mem-info>
</gc-end>
<cycle-end id="869" type="partial gc" contextid="861" timestamp="2019-06-15T19:53:09.954" />
  <attribute name="elasticGC enabled" value="1" />
  <attribute name= "numThreadsSpecified" value="1" />
  <attribute name="heapSize specified" value="0" />
  <attribute name="Current GC Util" value="63" />
  <attribute name= "Current Time Running" value="2517" />
  <attribute name ="GC Interval" value="0" />
  <attribute name="ProportionalT" value="64.500000" />
  <attribute name="ProportionalI" value="64.500000" />
  <attribute name="ProportionalH" value="64.500000" />
  <attribute name="Current Error" value="43.000000" />
  <attribute name="IntegralT" value="0.000000" />
  <attribute name="IntegralI" value="0.000000" />
  <attribute name="IntegralH" value="0.000000" />
  <attribute name="DerivativeT" value="inf" />
  <attribute name="DerivativeI" value="inf" />
  <attribute name="DerivativeH" value="inf" />
  <attribute name="Loop Time for DT" value="0.000000" />
  <attribute name="Output H" value="8388608"/>
  <attribute name="Output I" value="200"/>
  <attribute name="Output T" value="1"/>
  <attribute name="Target GC Util Change" value ="20.000000" />
  <attribute name="Current GC Util Change" value="63.000000"/>
  <attribute name="GC Util currently" value="63" />
  <attribute name="CPU Util currently" value="15170868143615" />
<exclusive-end id="870" timestamp="2019-06-15T19:53:09.954" durationms="5.907" />

<exclusive-start id="871" timestamp="2019-06-15T19:53:09.984" intervalms="35.393">
  <response-info timems="0.050" idlems="0.027" threads="1" lastid="0000000002813900" lastname="Thread-7" />
</exclusive-start>
<allocation-taxation id="872" taxation-threshold="50331648" timestamp="2019-06-15T19:53:09.984" intervalms="35.366" />
<cycle-start id="873" type="partial gc" contextid="0" timestamp="2019-06-15T19:53:09.984" intervalms="35.384" />
<gc-start id="874" type="partial gc" contextid="873" timestamp="2019-06-15T19:53:09.985">
  <mem-info id="875" free="56623104" total="178257920" percent="31">
    <mem type="eden" free="0" total="50331648" percent="0" />
    <remembered-set count="48480" freebytes="6921600" totalbytes="7115520" percent="97" regionsoverflowed="0" regionsstable="2" regionsrebuilding="0"/>
  </mem-info>
</gc-start>
<allocation-stats totalBytes="50324664" >
  <allocated-bytes non-tlh="0" tlh="50324664" arrayletleaf="0"/>
  <largest-consumer threadName="Thread-9" threadId="0000000002817500" bytes="18359752" />
</allocation-stats>
<gc-op id="876" type="copy forward" timems="3.062" contextid="873" timestamp="2019-06-15T19:53:09.988">
  <memory-copied type="eden" objects="10266" bytes="385576" bytesdiscarded="0" />
  <memory-copied type="other" objects="10470" bytes="388656" bytesdiscarded="0" />
  <memory-cardclean objects="5971" bytes="302944" />
  <regions eden="48" other="2" />
  <remembered-set-cleared processed="44364" cleared="768" durationms="0.462" />
  <stringconstants candidates="4597" cleared="0"  />
</gc-op>
<gc-op id="877" type="classunload" timems="0.002" contextid="873" timestamp="2019-06-15T19:53:09.989">
  <classunload-info classloadercandidates="8" classloadersunloaded="0" classesunloaded="0" anonymousclassesunloaded="0" quiescems="0.000" setupms="0.002" scanms="0.000" postms="0.000" />
</gc-op>
<heap-resize id="878" type="expand" space="default" amount="3145728" count="1" timems="0.071" reason="excessive time being spent in gc" timestamp="2019-06-15T19:53:09.989" />
<gc-end id="879" type="partial gc" contextid="873" durationms="4.523" usertimems="12.000" systemtimems="0.000" timestamp="2019-06-15T19:53:09.989" activeThreads="1">
  <mem-info id="880" free="109051904" total="181403648" percent="60">
    <mem type="eden" free="663000" total="1048576" percent="63" />
    <remembered-set count="49536" freebytes="7042944" totalbytes="7241088" percent="97" regionsoverflowed="0" regionsstable="2" regionsrebuilding="0"/>
  </mem-info>
</gc-end>
<cycle-end id="881" type="partial gc" contextid="873" timestamp="2019-06-15T19:53:09.989" />
  <attribute name="elasticGC enabled" value="1" />
  <attribute name= "numThreadsSpecified" value="1" />
  <attribute name="heapSize specified" value="0" />
  <attribute name="Current GC Util" value="55" />
  <attribute name= "Current Time Running" value="2552" />
  <attribute name ="GC Interval" value="0" />
  <attribute name="ProportionalT" value="52.500000" />
  <attribute name="ProportionalI" value="52.500000" />
  <attribute name="ProportionalH" value="52.500000" />
  <attribute name="Current Error" value="35.000000" />
  <attribute name="IntegralT" value="0.000000" />
  <attribute name="IntegralI" value="0.000000" />
  <attribute name="IntegralH" value="0.000000" />
  <attribute name="DerivativeT" value="inf" />
  <attribute name="DerivativeI" value="inf" />
  <attribute name="DerivativeH" value="inf" />
  <attribute name="Loop Time for DT" value="0.000000" />
  <attribute name="Output H" value="8388608"/>
  <attribute name="Output I" value="200"/>
  <attribute name="Output T" value="1"/>
  <attribute name="Target GC Util Change" value ="20.000000" />
  <attribute name="Current GC Util Change" value="55.000000"/>
  <attribute name="GC Util currently" value="55" />
  <attribute name="CPU Util currently" value="16636373841702" />
<exclusive-end id="882" timestamp="2019-06-15T19:53:09.989" durationms="5.674" />

<exclusive-start id="883" timestamp="2019-06-15T19:53:10.022" intervalms="37.911">
  <response-info timems="0.033" idlems="0.033" threads="0" lastid="000000000281B100" lastname="Thread-8" />
</exclusive-start>
<allocation-taxation id="884" taxation-threshold="51380224" timestamp="2019-06-15T19:53:10.022" intervalms="37.906" />
<cycle-start id="885" type="partial gc" contextid="0" timestamp="2019-06-15T19:53:10.022" intervalms="37.849" />
<gc-start id="886" type="partial gc" contextid="885" timestamp="2019-06-15T19:53:10.022">
  <mem-info id="887" free="57671680" total="181403648" percent="31">
    <mem type="eden" free="0" total="51380224" percent="0" />
    <remembered-set count="49184" freebytes="7044352" totalbytes="7241088" percent="97" regionsoverflowed="0" regionsstable="2" regionsrebuilding="0"/>
  </mem-info>
</gc-start>
<allocation-stats totalBytes="51373016" >
  <allocated-bytes non-tlh="0" tlh="51373016" arrayletleaf="0"/>
  <largest-consumer threadName="Thread-9" threadId="0000000002817500" bytes="18089424" />
</allocation-stats>
<gc-op id="888" type="copy forward" timems="2.326" contextid="885" timestamp="2019-06-15T19:53:10.026">
  <memory-copied type="eden" objects="11793" bytes="559568" bytesdiscarded="0" />
  <memory-copied type="other" objects="1608" bytes="38592" bytesdiscarded="0" />
  <memory-cardclean objects="3899" bytes="199360" />
  <regions eden="49" other="2" />
  <remembered-set-cleared processed="45062" cleared="780" durationms="0.460" />
  <stringconstants candidates="4597" cleared="0"  />
</gc-op>
<gc-op id="889" type="classunload" timems="0.002" contextid="885" timestamp="2019-06-15T19:53:10.026">
  <classunload-info classloadercandidates="8" classloadersunloaded="0" classesunloaded="0" anonymousclassesunloaded="0" quiescems="0.000" setupms="0.002" scanms="0.000" postms="0.000" />
</gc-op>
<heap-resize id="890" type="expand" space="default" amount="2097152" count="1" timems="0.065" reason="excessive time being spent in gc" timestamp="2019-06-15T19:53:10.026" />
<gc-end id="891" type="partial gc" contextid="885" durationms="3.716" usertimems="4.000" systemtimems="0.000" timestamp="2019-06-15T19:53:10.026" activeThreads="1">
  <mem-info id="892" free="110100480" total="183500800" percent="60">
    <mem type="eden" free="489008" total="1048576" percent="46" />
    <remembered-set count="49216" freebytes="7127936" totalbytes="7324800" percent="97" regionsoverflowed="0" regionsstable="2" regionsrebuilding="0"/>
  </mem-info>
</gc-end>
<cycle-end id="893" type="partial gc" contextid="885" timestamp="2019-06-15T19:53:10.026" />
  <attribute name="elasticGC enabled" value="1" />
  <attribute name= "numThreadsSpecified" value="1" />
  <attribute name="heapSize specified" value="0" />
  <attribute name="Current GC Util" value="54" />
  <attribute name= "Current Time Running" value="2590" />
  <attribute name ="GC Interval" value="0" />
  <attribute name="ProportionalT" value="51.000000" />
  <attribute name="ProportionalI" value="51.000000" />
  <attribute name="ProportionalH" value="51.000000" />
  <attribute name="Current Error" value="34.000000" />
  <attribute name="IntegralT" value="0.000000" />
  <attribute name="IntegralI" value="0.000000" />
  <attribute name="IntegralH" value="0.000000" />
  <attribute name="DerivativeT" value="inf" />
  <attribute name="DerivativeI" value="inf" />
  <attribute name="DerivativeH" value="inf" />
  <attribute name="Loop Time for DT" value="0.000000" />
  <attribute name="Output H" value="8388608"/>
  <attribute name="Output I" value="200"/>
  <attribute name="Output T" value="1"/>
  <attribute name="Target GC Util Change" value ="20.000000" />
  <attribute name="Current GC Util Change" value="54.000000"/>
  <attribute name="GC Util currently" value="54" />
  <attribute name="CPU Util currently" value="15853275067822" />
<exclusive-end id="894" timestamp="2019-06-15T19:53:10.027" durationms="4.820" />

<exclusive-start id="895" timestamp="2019-06-15T19:53:10.051" intervalms="29.644">
  <response-info timems="0.028" idlems="0.028" threads="0" lastid="000000000280FD00" lastname="Thread-10" />
</exclusive-start>
<allocation-taxation id="896" taxation-threshold="52428800" timestamp="2019-06-15T19:53:10.052" intervalms="29.646" />
<cycle-start id="897" type="partial gc" contextid="0" timestamp="2019-06-15T19:53:10.052" intervalms="29.642" />
<gc-start id="898" type="partial gc" contextid="897" timestamp="2019-06-15T19:53:10.052">
  <mem-info id="899" free="57671680" total="183500800" percent="31">
    <mem type="eden" free="0" total="52428800" percent="0" />
    <remembered-set count="48960" freebytes="7128960" totalbytes="7324800" percent="97" regionsoverflowed="0" regionsstable="2" regionsrebuilding="0"/>
  </mem-info>
</gc-start>
<allocation-stats totalBytes="52421488" >
  <allocated-bytes non-tlh="0" tlh="52421488" arrayletleaf="0"/>
  <largest-consumer threadName="Thread-8" threadId="000000000281B100" bytes="15251248" />
</allocation-stats>
<gc-op id="900" type="copy forward" timems="3.200" contextid="897" timestamp="2019-06-15T19:53:10.056">
  <memory-copied type="eden" objects="16960" bytes="683504" bytesdiscarded="0" />
  <memory-copied type="other" objects="6900" bytes="302976" bytesdiscarded="0" />
  <memory-cardclean objects="5982" bytes="303760" />
  <regions eden="50" other="2" />
  <remembered-set-cleared processed="45093" cleared="603" durationms="0.440" />
  <stringconstants candidates="4597" cleared="0"  />
</gc-op>
<gc-op id="901" type="classunload" timems="0.002" contextid="897" timestamp="2019-06-15T19:53:10.056">
  <classunload-info classloadercandidates="8" classloadersunloaded="0" classesunloaded="0" anonymousclassesunloaded="0" quiescems="0.000" setupms="0.002" scanms="0.000" postms="0.000" />
</gc-op>
<heap-resize id="902" type="expand" space="default" amount="3145728" count="1" timems="0.069" reason="excessive time being spent in gc" timestamp="2019-06-15T19:53:10.056" />
<gc-end id="903" type="partial gc" contextid="897" durationms="4.536" usertimems="8.000" systemtimems="0.000" timestamp="2019-06-15T19:53:10.057" activeThreads="1">
  <mem-info id="904" free="112197632" total="186646528" percent="60">
    <mem type="eden" free="365072" total="1048576" percent="34" />
    <remembered-set count="50016" freebytes="7250304" totalbytes="7450368" percent="97" regionsoverflowed="0" regionsstable="2" regionsrebuilding="0"/>
  </mem-info>
</gc-end>
<cycle-end id="905" type="partial gc" contextid="897" timestamp="2019-06-15T19:53:10.057" />
  <attribute name="elasticGC enabled" value="1" />
  <attribute name= "numThreadsSpecified" value="1" />
  <attribute name="heapSize specified" value="0" />
  <attribute name="Current GC Util" value="64" />
  <attribute name= "Current Time Running" value="2619" />
  <attribute name ="GC Interval" value="0" />
  <attribute name="ProportionalT" value="66.000000" />
  <attribute name="ProportionalI" value="66.000000" />
  <attribute name="ProportionalH" value="66.000000" />
  <attribute name="Current Error" value="44.000000" />
  <attribute name="IntegralT" value="0.000000" />
  <attribute name="IntegralI" value="0.000000" />
  <attribute name="IntegralH" value="0.000000" />
  <attribute name="DerivativeT" value="inf" />
  <attribute name="DerivativeI" value="inf" />
  <attribute name="DerivativeH" value="inf" />
  <attribute name="Loop Time for DT" value="0.000000" />
  <attribute name="Output H" value="8388608"/>
  <attribute name="Output I" value="200"/>
  <attribute name="Output T" value="1"/>
  <attribute name="Target GC Util Change" value ="20.000000" />
  <attribute name="Current GC Util Change" value="64.000000"/>
  <attribute name="GC Util currently" value="64" />
  <attribute name="CPU Util currently" value="18561827372065" />
<exclusive-end id="906" timestamp="2019-06-15T19:53:10.057" durationms="5.508" />

<exclusive-start id="907" timestamp="2019-06-15T19:53:10.081" intervalms="29.504">
  <response-info timems="0.028" idlems="0.028" threads="0" lastid="000000000281B100" lastname="Thread-8" />
</exclusive-start>
<allocation-taxation id="908" taxation-threshold="52428800" timestamp="2019-06-15T19:53:10.081" intervalms="29.488" />
<cycle-start id="909" type="partial gc" contextid="0" timestamp="2019-06-15T19:53:10.081" intervalms="29.452" />
<gc-start id="910" type="partial gc" contextid="909" timestamp="2019-06-15T19:53:10.081">
  <mem-info id="911" free="59768832" total="186646528" percent="32">
    <mem type="eden" free="0" total="52428800" percent="0" />
    <remembered-set count="49728" freebytes="7251456" totalbytes="7450368" percent="97" regionsoverflowed="0" regionsstable="2" regionsrebuilding="0"/>
  </mem-info>
</gc-start>
<allocation-stats totalBytes="52421608" >
  <allocated-bytes non-tlh="0" tlh="52421608" arrayletleaf="0"/>
  <largest-consumer threadName="Thread-9" threadId="0000000002817500" bytes="15964016" />
</allocation-stats>
<gc-op id="912" type="copy forward" timems="3.211" contextid="909" timestamp="2019-06-15T19:53:10.085">
  <memory-copied type="eden" objects="8685" bytes="347352" bytesdiscarded="0" />
  <memory-copied type="other" objects="15334" bytes="642768" bytesdiscarded="0" />
  <memory-cardclean objects="5672" bytes="288904" />
  <regions eden="50" other="2" />
  <remembered-set-cleared processed="45519" cleared="753" durationms="0.450" />
  <stringconstants candidates="4597" cleared="0"  />
</gc-op>
<gc-op id="913" type="classunload" timems="0.002" contextid="909" timestamp="2019-06-15T19:53:10.085">
  <classunload-info classloadercandidates="8" classloadersunloaded="0" classesunloaded="0" anonymousclassesunloaded="0" quiescems="0.000" setupms="0.002" scanms="0.000" postms="0.000" />
</gc-op>
<heap-resize id="914" type="expand" space="default" amount="2097152" count="1" timems="0.066" reason="excessive time being spent in gc" timestamp="2019-06-15T19:53:10.086" />
<gc-end id="915" type="partial gc" contextid="909" durationms="4.496" usertimems="4.000" systemtimems="0.000" timestamp="2019-06-15T19:53:10.086" activeThreads="1">
  <mem-info id="916" free="113246208" total="188743680" percent="60">
    <mem type="eden" free="701224" total="1048576" percent="66" />
    <remembered-set count="50784" freebytes="7330944" totalbytes="7534080" percent="97" regionsoverflowed="0" regionsstable="2" regionsrebuilding="0"/>
  </mem-info>
</gc-end>
<cycle-end id="917" type="partial gc" contextid="909" timestamp="2019-06-15T19:53:10.086" />
  <attribute name="elasticGC enabled" value="1" />
  <attribute name= "numThreadsSpecified" value="1" />
  <attribute name="heapSize specified" value="0" />
  <attribute name="Current GC Util" value="65" />
  <attribute name= "Current Time Running" value="2649" />
  <attribute name ="GC Interval" value="0" />
  <attribute name="ProportionalT" value="67.500000" />
  <attribute name="ProportionalI" value="67.500000" />
  <attribute name="ProportionalH" value="67.500000" />
  <attribute name="Current Error" value="45.000000" />
  <attribute name="IntegralT" value="0.000000" />
  <attribute name="IntegralI" value="0.000000" />
  <attribute name="IntegralH" value="0.000000" />
  <attribute name="DerivativeT" value="inf" />
  <attribute name="DerivativeI" value="inf" />
  <attribute name="DerivativeH" value="inf" />
  <attribute name="Loop Time for DT" value="0.000000" />
  <attribute name="Output H" value="8388608"/>
  <attribute name="Output I" value="200"/>
  <attribute name="Output T" value="1"/>
  <attribute name="Target GC Util Change" value ="20.000000" />
  <attribute name="Current GC Util Change" value="65.000000"/>
  <attribute name="GC Util currently" value="65" />
  <attribute name="CPU Util currently" value="17975918777308" />
<exclusive-end id="918" timestamp="2019-06-15T19:53:10.086" durationms="5.467" />

<exclusive-start id="919" timestamp="2019-06-15T19:53:10.115" intervalms="34.421">
  <response-info timems="1.390" idlems="0.723" threads="1" lastid="0000000002813900" lastname="Thread-7" />
</exclusive-start>
<allocation-taxation id="920" taxation-threshold="53477376" timestamp="2019-06-15T19:53:10.116" intervalms="34.523" />
<cycle-start id="921" type="partial gc" contextid="0" timestamp="2019-06-15T19:53:10.116" intervalms="34.631" />
<gc-start id="922" type="partial gc" contextid="921" timestamp="2019-06-15T19:53:10.116">
  <mem-info id="923" free="59768832" total="188743680" percent="31">
    <mem type="eden" free="0" total="53477376" percent="0" />
    <remembered-set count="50400" freebytes="7332480" totalbytes="7534080" percent="97" regionsoverflowed="0" regionsstable="2" regionsrebuilding="0"/>
  </mem-info>
</gc-start>
<allocation-stats totalBytes="53470360" >
  <allocated-bytes non-tlh="0" tlh="53470360" arrayletleaf="0"/>
  <largest-consumer threadName="Thread-8" threadId="000000000281B100" bytes="16848608" />
</allocation-stats>
<gc-op id="924" type="copy forward" timems="2.654" contextid="921" timestamp="2019-06-15T19:53:10.120">
  <memory-copied type="eden" objects="7078" bytes="171304" bytesdiscarded="9952" />
  <memory-copied type="other" objects="23746" bytes="982032" bytesdiscarded="32368" />
  <memory-cardclean objects="5982" bytes="303784" />
  <regions eden="51" other="3" />
  <remembered-set-cleared processed="45680" cleared="917" durationms="0.233" />
  <stringconstants candidates="4597" cleared="0"  />
</gc-op>
<gc-op id="925" type="classunload" timems="0.002" contextid="921" timestamp="2019-06-15T19:53:10.120">
  <classunload-info classloadercandidates="8" classloadersunloaded="0" classesunloaded="0" anonymousclassesunloaded="0" quiescems="0.000" setupms="0.001" scanms="0.000" postms="0.000" />
</gc-op>
<heap-resize id="926" type="expand" space="default" amount="3145728" count="1" timems="0.074" reason="excessive time being spent in gc" timestamp="2019-06-15T19:53:10.120" />
<gc-end id="927" type="partial gc" contextid="921" durationms="4.114" usertimems="8.000" systemtimems="0.000" timestamp="2019-06-15T19:53:10.120" activeThreads="4">
  <mem-info id="928" free="115343360" total="191889408" percent="60">
    <mem type="eden" free="867320" total="1048576" percent="82" />
    <remembered-set count="51488" freebytes="7453696" totalbytes="7659648" percent="97" regionsoverflowed="0" regionsstable="2" regionsrebuilding="0"/>
  </mem-info>
</gc-end>
<cycle-end id="929" type="partial gc" contextid="921" timestamp="2019-06-15T19:53:10.120" />
  <attribute name="elasticGC enabled" value="1" />
  <attribute name= "numThreadsSpecified" value="4" />
  <attribute name="heapSize specified" value="0" />
  <attribute name="Current GC Util" value="62" />
  <attribute name= "Current Time Running" value="2684" />
  <attribute name ="GC Interval" value="0" />
  <attribute name="ProportionalT" value="63.000000" />
  <attribute name="ProportionalI" value="63.000000" />
  <attribute name="ProportionalH" value="63.000000" />
  <attribute name="Current Error" value="42.000000" />
  <attribute name="IntegralT" value="42.000000" />
  <attribute name="IntegralI" value="42.000000" />
  <attribute name="IntegralH" value="42.000000" />
  <attribute name="DerivativeT" value="21.000000" />
  <attribute name="DerivativeI" value="21.000000" />
  <attribute name="DerivativeH" value="21.000000" />
  <attribute name="Loop Time for DT" value="1.000000" />
  <attribute name="Output H" value="8388608"/>
  <attribute name="Output I" value="200"/>
  <attribute name="Output T" value="4"/>
  <attribute name="Target GC Util Change" value ="20.000000" />
  <attribute name="Current GC Util Change" value="62.000000"/>
  <attribute name="GC Util currently" value="62" />
  <attribute name="CPU Util currently" value="14985559365868" />
<exclusive-end id="930" timestamp="2019-06-15T19:53:10.121" durationms="5.315" />

<exclusive-start id="931" timestamp="2019-06-15T19:53:10.148" intervalms="32.206">
  <response-info timems="0.899" idlems="0.477" threads="1" lastid="0000000002813900" lastname="Thread-7" />
</exclusive-start>
<allocation-taxation id="932" taxation-threshold="54525952" timestamp="2019-06-15T19:53:10.148" intervalms="32.143" />
<cycle-start id="933" type="partial gc" contextid="0" timestamp="2019-06-15T19:53:10.148" intervalms="32.078" />
<gc-start id="934" type="partial gc" contextid="933" timestamp="2019-06-15T19:53:10.148">
  <mem-info id="935" free="60817408" total="191889408" percent="31">
    <mem type="eden" free="0" total="54525952" percent="0" />
    <remembered-set count="51392" freebytes="7454080" totalbytes="7659648" percent="97" regionsoverflowed="0" regionsstable="2" regionsrebuilding="0"/>
  </mem-info>
</gc-start>
<allocation-stats totalBytes="54518392" >
  <allocated-bytes non-tlh="0" tlh="54518392" arrayletleaf="0"/>
  <largest-consumer threadName="Thread-9" threadId="0000000002817500" bytes="17123064" />
</allocation-stats>
<gc-op id="936" type="copy forward" timems="4.400" contextid="933" timestamp="2019-06-15T19:53:10.154">
  <memory-copied type="eden" objects="21081" bytes="781888" bytesdiscarded="0" />
  <memory-copied type="other" objects="15235" bytes="503016" bytesdiscarded="0" />
  <memory-cardclean objects="11187" bytes="595048" />
  <regions eden="52" other="2" />
  <remembered-set-cleared processed="46733" cleared="916" durationms="0.481" />
  <stringconstants candidates="4597" cleared="0"  />
</gc-op>
<gc-op id="937" type="classunload" timems="0.003" contextid="933" timestamp="2019-06-15T19:53:10.154">
  <classunload-info classloadercandidates="8" classloadersunloaded="0" classesunloaded="0" anonymousclassesunloaded="0" quiescems="0.000" setupms="0.002" scanms="0.000" postms="0.000" />
</gc-op>
<heap-resize id="938" type="expand" space="default" amount="2097152" count="1" timems="0.075" reason="excessive time being spent in gc" timestamp="2019-06-15T19:53:10.154" />
<gc-end id="939" type="partial gc" contextid="933" durationms="5.957" usertimems="8.000" systemtimems="0.000" timestamp="2019-06-15T19:53:10.154" activeThreads="1">
  <mem-info id="940" free="116391936" total="193986560" percent="60">
    <mem type="eden" free="266688" total="1048576" percent="25" />
    <remembered-set count="52288" freebytes="7534208" totalbytes="7743360" percent="97" regionsoverflowed="0" regionsstable="2" regionsrebuilding="0"/>
  </mem-info>
</gc-end>
<cycle-end id="941" type="partial gc" contextid="933" timestamp="2019-06-15T19:53:10.154" />
  <attribute name="elasticGC enabled" value="1" />
  <attribute name= "numThreadsSpecified" value="1" />
  <attribute name="heapSize specified" value="0" />
  <attribute name="Current GC Util" value="46" />
  <attribute name= "Current Time Running" value="2716" />
  <attribute name ="GC Interval" value="0" />
  <attribute name="ProportionalT" value="39.000000" />
  <attribute name="ProportionalI" value="39.000000" />
  <attribute name="ProportionalH" value="39.000000" />
  <attribute name="Current Error" value="26.000000" />
  <attribute name="IntegralT" value="0.000000" />
  <attribute name="IntegralI" value="0.000000" />
  <attribute name="IntegralH" value="0.000000" />
  <attribute name="DerivativeT" value="inf" />
  <attribute name="DerivativeI" value="inf" />
  <attribute name="DerivativeH" value="inf" />
  <attribute name="Loop Time for DT" value="0.000000" />
  <attribute name="Output H" value="8388608"/>
  <attribute name="Output I" value="200"/>
  <attribute name="Output T" value="1"/>
  <attribute name="Target GC Util Change" value ="20.000000" />
  <attribute name="Current GC Util Change" value="46.000000"/>
  <attribute name="GC Util currently" value="46" />
  <attribute name="CPU Util currently" value="14298161172820" />
<exclusive-end id="942" timestamp="2019-06-15T19:53:10.155" durationms="7.105" />

<exclusive-start id="943" timestamp="2019-06-15T19:53:10.180" intervalms="32.033">
  <response-info timems="0.472" idlems="0.248" threads="1" lastid="0000000002813900" lastname="Thread-7" />
</exclusive-start>
<allocation-taxation id="944" taxation-threshold="54525952" timestamp="2019-06-15T19:53:10.180" intervalms="32.074" />
<cycle-start id="945" type="partial gc" contextid="0" timestamp="2019-06-15T19:53:10.180" intervalms="32.130" />
<gc-start id="946" type="partial gc" contextid="945" timestamp="2019-06-15T19:53:10.180">
  <mem-info id="947" free="61865984" total="193986560" percent="31">
    <mem type="eden" free="0" total="54525952" percent="0" />
    <remembered-set count="52064" freebytes="7535104" totalbytes="7743360" percent="97" regionsoverflowed="0" regionsstable="2" regionsrebuilding="0"/>
  </mem-info>
</gc-start>
<allocation-stats totalBytes="54518272" >
  <allocated-bytes non-tlh="0" tlh="54518272" arrayletleaf="0"/>
  <largest-consumer threadName="Thread-8" threadId="000000000281B100" bytes="16832104" />
</allocation-stats>
<gc-op id="948" type="copy forward" timems="4.230" contextid="945" timestamp="2019-06-15T19:53:10.185">
  <memory-copied type="eden" objects="22398" bytes="950976" bytesdiscarded="0" />
  <memory-copied type="other" objects="12690" bytes="304560" bytesdiscarded="0" />
  <memory-cardclean objects="13451" bytes="689104" />
  <regions eden="52" other="2" />
  <remembered-set-cleared processed="47576" cleared="1324" durationms="0.493" />
  <stringconstants candidates="4597" cleared="0"  />
</gc-op>
<gc-op id="949" type="classunload" timems="0.002" contextid="945" timestamp="2019-06-15T19:53:10.186">
  <classunload-info classloadercandidates="8" classloadersunloaded="0" classesunloaded="0" anonymousclassesunloaded="0" quiescems="0.000" setupms="0.002" scanms="0.000" postms="0.000" />
</gc-op>
<heap-resize id="950" type="expand" space="default" amount="3145728" count="1" timems="0.072" reason="excessive time being spent in gc" timestamp="2019-06-15T19:53:10.186" />
<gc-end id="951" type="partial gc" contextid="945" durationms="5.681" usertimems="4.000" systemtimems="0.000" timestamp="2019-06-15T19:53:10.186" activeThreads="1">
  <mem-info id="952" free="118489088" total="197132288" percent="60">
    <mem type="eden" free="97600" total="1048576" percent="9" />
    <remembered-set count="52736" freebytes="7657984" totalbytes="7868928" percent="97" regionsoverflowed="0" regionsstable="2" regionsrebuilding="0"/>
  </mem-info>
</gc-end>
<cycle-end id="953" type="partial gc" contextid="945" timestamp="2019-06-15T19:53:10.186" />
  <attribute name="elasticGC enabled" value="1" />
  <attribute name= "numThreadsSpecified" value="1" />
  <attribute name="heapSize specified" value="0" />
  <attribute name="Current GC Util" value="60" />
  <attribute name= "Current Time Running" value="2748" />
  <attribute name ="GC Interval" value="0" />
  <attribute name="ProportionalT" value="60.000000" />
  <attribute name="ProportionalI" value="60.000000" />
  <attribute name="ProportionalH" value="60.000000" />
  <attribute name="Current Error" value="40.000000" />
  <attribute name="IntegralT" value="0.000000" />
  <attribute name="IntegralI" value="0.000000" />
  <attribute name="IntegralH" value="0.000000" />
  <attribute name="DerivativeT" value="inf" />
  <attribute name="DerivativeI" value="inf" />
  <attribute name="DerivativeH" value="inf" />
  <attribute name="Loop Time for DT" value="0.000000" />
  <attribute name="Output H" value="8388608"/>
  <attribute name="Output I" value="200"/>
  <attribute name="Output T" value="1"/>
  <attribute name="Target GC Util Change" value ="20.000000" />
  <attribute name="Current GC Util Change" value="60.000000"/>
  <attribute name="GC Util currently" value="60" />
  <attribute name="CPU Util currently" value="15342113876220" />
<exclusive-end id="954" timestamp="2019-06-15T19:53:10.186" durationms="6.840" />

<exclusive-start id="955" timestamp="2019-06-15T19:53:10.212" intervalms="32.534">
  <response-info timems="0.047" idlems="0.047" threads="0" lastid="000000000280FD00" lastname="Thread-10" />
</exclusive-start>
<allocation-taxation id="956" taxation-threshold="55574528" timestamp="2019-06-15T19:53:10.212" intervalms="32.486" />
<cycle-start id="957" type="partial gc" contextid="0" timestamp="2019-06-15T19:53:10.212" intervalms="32.421" />
<gc-start id="958" type="partial gc" contextid="957" timestamp="2019-06-15T19:53:10.213">
  <mem-info id="959" free="62914560" total="197132288" percent="31">
    <mem type="eden" free="0" total="55574528" percent="0" />
    <remembered-set count="52352" freebytes="7659520" totalbytes="7868928" percent="97" regionsoverflowed="0" regionsstable="2" regionsrebuilding="0"/>
  </mem-info>
</gc-start>
<allocation-stats totalBytes="55567032" >
  <allocated-bytes non-tlh="0" tlh="55567032" arrayletleaf="0"/>
  <largest-consumer threadName="Thread-9" threadId="0000000002817500" bytes="17196952" />
</allocation-stats>
<gc-op id="960" type="copy forward" timems="3.886" contextid="957" timestamp="2019-06-15T19:53:10.217">
  <memory-copied type="eden" objects="9348" bytes="362888" bytesdiscarded="0" />
  <memory-copied type="other" objects="20615" bytes="769512" bytesdiscarded="0" />
  <memory-cardclean objects="6666" bytes="348736" />
  <regions eden="53" other="2" />
  <remembered-set-cleared processed="48583" cleared="1178" durationms="0.486" />
  <stringconstants candidates="4597" cleared="0"  />
</gc-op>
<gc-op id="961" type="classunload" timems="0.002" contextid="957" timestamp="2019-06-15T19:53:10.217">
  <classunload-info classloadercandidates="8" classloadersunloaded="0" classesunloaded="0" anonymousclassesunloaded="0" quiescems="0.000" setupms="0.002" scanms="0.000" postms="0.000" />
</gc-op>
<heap-resize id="962" type="expand" space="default" amount="2097152" count="1" timems="0.067" reason="excessive time being spent in gc" timestamp="2019-06-15T19:53:10.218" />
<gc-end id="963" type="partial gc" contextid="957" durationms="5.248" usertimems="8.000" systemtimems="0.000" timestamp="2019-06-15T19:53:10.218" activeThreads="1">
  <mem-info id="964" free="119537664" total="199229440" percent="60">
    <mem type="eden" free="685688" total="1048576" percent="65" />
    <remembered-set count="53600" freebytes="7738240" totalbytes="7952640" percent="97" regionsoverflowed="0" regionsstable="2" regionsrebuilding="0"/>
  </mem-info>
</gc-end>
<cycle-end id="965" type="partial gc" contextid="957" timestamp="2019-06-15T19:53:10.218" />
  <attribute name="elasticGC enabled" value="1" />
  <attribute name= "numThreadsSpecified" value="1" />
  <attribute name="heapSize specified" value="0" />
  <attribute name="Current GC Util" value="59" />
  <attribute name= "Current Time Running" value="2780" />
  <attribute name ="GC Interval" value="0" />
  <attribute name="ProportionalT" value="58.500000" />
  <attribute name="ProportionalI" value="58.500000" />
  <attribute name="ProportionalH" value="58.500000" />
  <attribute name="Current Error" value="39.000000" />
  <attribute name="IntegralT" value="0.000000" />
  <attribute name="IntegralI" value="0.000000" />
  <attribute name="IntegralH" value="0.000000" />
  <attribute name="DerivativeT" value="inf" />
  <attribute name="DerivativeI" value="inf" />
  <attribute name="DerivativeH" value="inf" />
  <attribute name="Loop Time for DT" value="0.000000" />
  <attribute name="Output H" value="8388608"/>
  <attribute name="Output I" value="200"/>
  <attribute name="Output T" value="1"/>
  <attribute name="Target GC Util Change" value ="20.000000" />
  <attribute name="Current GC Util Change" value="59.000000"/>
  <attribute name="GC Util currently" value="59" />
  <attribute name="CPU Util currently" value="17709531655888" />
<exclusive-end id="966" timestamp="2019-06-15T19:53:10.218" durationms="6.236" />

</verbosegc>

