<?xml version="1.0" ?>

<verbosegc xmlns="http://www.ibm.com/j9/verbosegc" version="10b4217_CMPRSS">

<initialized id="1" timestamp="2019-06-16T17:33:55.255">
  <attribute name="gcPolicy" value="-Xgcpolicy:gencon" />
  <attribute name="elasticGC enabled" value="1" />
  <attribute name= "numThreadsSpecified" value="0" />
  <attribute name="heapSize specified" value="0" />
  <attribute name="Current GC Util" value="0" />
  <attribute name= "Current Time Running" value="0" />
  <attribute name ="GC Interval" value="0" />
  <attribute name="ProportionalT" value="0.000000" />
  <attribute name="ProportionalI" value="0.000000" />
  <attribute name="ProportionalH" value="0.000000" />
  <attribute name="IntegralT" value="0.000000" />
  <attribute name="IntegralI" value="0.000000" />
  <attribute name="IntegralH" value="0.000000" />
  <attribute name="DerivativeT" value="0.000000" />
  <attribute name="DerivativeI" value="0.000000" />
  <attribute name="DerivativeH" value="0.000000" />
  <attribute name="Target GC Util Change" value ="0.000000" />
  <attribute name="Current GC Util Change" value="0.000000"/>
  <attribute name="Current Error" value="0.000000" />
  <attribute name="Loop Time for DT" value="0.000000" />
  <attribute name="Output H" value="0"/>
  <attribute name="Output I" value="0"/>
  <attribute name="Output T" value="0"/>
  <attribute name="GC Util currently" value="0" />
  <attribute name="CPU Util currently" value="0" />
  <attribute name="maxHeapSize" value="0x7cbc0000" />
  <attribute name="initialHeapSize" value="0x800000" />
  <attribute name="compressedRefs" value="true" />
  <attribute name="compressedRefsDisplacement" value="0x0" />
  <attribute name="compressedRefsShift" value="0x0" />
  <attribute name="pageSize" value="0x1000" />
  <attribute name="pageType" value="not used" />
  <attribute name="requestedPageSize" value="0x1000" />
  <attribute name="requestedPageType" value="not used" />
  <attribute name="gcthreads" value="4" />
  <attribute name="gcthreads Concurrent Mark" value="1" />
  <attribute name="packetListSplit" value="4" />
  <attribute name="cacheListSplit" value="4" />
  <attribute name="splitFreeListSplitAmount" value="1" />
  <attribute name="numaNodes" value="0" />
  <system>
    <attribute name="physicalMemory" value="8370962432" />
    <attribute name="numCPUs" value="4" />
    <attribute name="architecture" value="amd64" />
    <attribute name="os" value="Linux" />
    <attribute name="osVersion" value="4.4.0-148-generic" />
  </system>
  <vmargs>
    <vmarg name="-Xoptionsfile=/vagrant/jdk/lib/options.default" />
    <vmarg name="-Xlockword:mode=default,noLockword=java/lang/String,noLockword=java/util/MapEntry,noLockword=java/util/HashMap$Entry,noLockword..." />
    <vmarg name="-Xjcl:jclse29" />
    <vmarg name="-Dcom.ibm.oti.vm.bootstrap.library.path=/vagrant/jdk/lib/compressedrefs:/vagrant/jdk/lib" />
    <vmarg name="-Dsun.boot.library.path=/vagrant/jdk/lib/compressedrefs:/vagrant/jdk/lib" />
    <vmarg name="-Djava.library.path=/vagrant/jdk/lib/compressedrefs:/vagrant/jdk/lib:/usr/lib64:/usr/lib" />
    <vmarg name="-Djava.home=/vagrant/jdk" />
    <vmarg name="-Duser.dir=/vagrant" />
    <vmarg name="-verbose:gc" />
    <vmarg name="-Xgcelastic" />
    <vmarg name="-Xcheck:gc:::elasticGC" />
    <vmarg name="-Xloggc:small-jdk-1-1-0.5-verbose6jython.txt" />
    <vmarg name="-Djava.class.path=dacapo-9.12-MR1-bach.jar" />
    <vmarg name="-Dsun.java.command=dacapo-9.12-MR1-bach.jar jython --size=small" />
    <vmarg name="-Dsun.java.launcher=SUN_STANDARD" />
    <vmarg name="-Dsun.java.launcher.pid=9346" />
  </vmargs>
</initialized>

<exclusive-start id="2" timestamp="2019-06-16T17:33:55.429" intervalms="174.292">
  <response-info timems="0.018" idlems="0.018" threads="0" lastid="0000000001858700" lastname="main" />
</exclusive-start>
<af-start id="3" threadId="0000000001859088" totalBytesRequested="7176" timestamp="2019-06-16T17:33:55.429" intervalms="174.471" type="nursery" />
<cycle-start id="4" type="scavenge" contextid="0" timestamp="2019-06-16T17:33:55.430" intervalms="174.810" />
<gc-start id="5" type="scavenge" contextid="4" timestamp="2019-06-16T17:33:55.435">
  <mem-info id="6" free="6062624" total="8388608" percent="72">
    <mem type="nursery" free="0" total="2097152" percent="0">
      <mem type="allocate" free="0" total="1048576" percent="0" />
      <mem type="survivor" free="0" total="1048576" percent="0" />
    </mem>
    <mem type="tenure" free="6062624" total="6291456" percent="96">
      <mem type="soa" free="5748256" total="5977088" percent="96" />
      <mem type="loa" free="314368" total="314368" percent="100" />
    </mem>
    <remembered-set count="3161" />
  </mem-info>
</gc-start>
<allocation-stats totalBytes="1274192" >
  <allocated-bytes non-tlh="344784" tlh="929408" />
  <largest-consumer threadName="main" threadId="0000000001858700" bytes="1196688" />
</allocation-stats>
<gc-op id="7" type="scavenge" timems="1.782" contextid="4" timestamp="2019-06-16T17:33:55.437">
  <scavenger-info tenureage="2" tenuremask="fffc" tiltratio="50" />
  <memory-copied type="nursery" objects="10578" bytes="479584" bytesdiscarded="74216" />
  <finalization candidates="11" enqueued="0" />
  <references type="soft" candidates="62" cleared="0" enqueued="0" dynamicThreshold="32" maxThreshold="32" />
  <references type="weak" candidates="309" cleared="177" enqueued="141" />
  <references type="phantom" candidates="25" cleared="6" enqueued="6" />
</gc-op>
<gc-end id="8" type="scavenge" contextid="4" durationms="5.382" usertimems="0.000" systemtimems="4.000" timestamp="2019-06-16T17:33:55.440" activeThreads="4">
  <mem-info id="9" free="6555304" total="8388608" percent="78">
    <mem type="nursery" free="492680" total="2097152" percent="23">
      <mem type="allocate" free="492680" total="1048576" percent="46" />
      <mem type="survivor" free="0" total="1048576" percent="0" />
    </mem>
    <mem type="tenure" free="6062624" total="6291456" percent="96">
      <mem type="soa" free="5748256" total="5977088" percent="96" />
      <mem type="loa" free="314368" total="314368" percent="100" />
    </mem>
    <pending-finalizers system="0" default="0" reference="147" classloader="0" />
    <remembered-set count="3161" />
  </mem-info>
</gc-end>
<cycle-end id="10" type="scavenge" contextid="4" timestamp="2019-06-16T17:33:55.441" />
  <attribute name="elasticGC enabled" value="1" />
  <attribute name= "numThreadsSpecified" value="0" />
  <attribute name="heapSize specified" value="0" />
  <attribute name="Current GC Util" value="0" />
  <attribute name= "Current Time Running" value="69" />
  <attribute name ="GC Interval" value="1" />
  <attribute name="ProportionalT" value="0.000000" />
  <attribute name="ProportionalI" value="0.000000" />
  <attribute name="ProportionalH" value="0.000000" />
  <attribute name="Current Error" value="0.000000" />
  <attribute name="IntegralT" value="0.000000" />
  <attribute name="IntegralI" value="0.000000" />
  <attribute name="IntegralH" value="0.000000" />
  <attribute name="DerivativeT" value="0.000000" />
  <attribute name="DerivativeI" value="0.000000" />
  <attribute name="DerivativeH" value="0.000000" />
  <attribute name="Loop Time for DT" value="0.000000" />
  <attribute name="Output H" value="0"/>
  <attribute name="Output I" value="0"/>
  <attribute name="Output T" value="0"/>
  <attribute name="Target GC Util Change" value ="20.000000" />
  <attribute name="Current GC Util Change" value="0.000000"/>
  <attribute name="GC Util currently" value="0" />
  <attribute name="CPU Util currently" value="32" />
<allocation-satisfied id="11" threadId="0000000001858700" bytesRequested="7176" />
<af-end id="12" timestamp="2019-06-16T17:33:55.441" threadId="0000000001859088" success="true" from="nursery"/>
<exclusive-end id="13" timestamp="2019-06-16T17:33:55.441" durationms="11.405" />

<exclusive-start id="14" timestamp="2019-06-16T17:33:55.463" intervalms="33.421">
  <response-info timems="0.027" idlems="0.027" threads="0" lastid="0000000001858700" lastname="main" />
</exclusive-start>
<af-start id="15" threadId="0000000001859088" totalBytesRequested="128" timestamp="2019-06-16T17:33:55.463" intervalms="33.309" type="nursery" />
<cycle-start id="16" type="scavenge" contextid="0" timestamp="2019-06-16T17:33:55.463" intervalms="33.021" />
<gc-start id="17" type="scavenge" contextid="16" timestamp="2019-06-16T17:33:55.467">
  <mem-info id="18" free="6054536" total="8388608" percent="72">
    <mem type="nursery" free="0" total="2097152" percent="0">
      <mem type="allocate" free="0" total="1048576" percent="0" />
      <mem type="survivor" free="0" total="1048576" percent="0" />
    </mem>
    <mem type="tenure" free="6054536" total="6291456" percent="96">
      <mem type="soa" free="5740168" total="5977088" percent="96" />
      <mem type="loa" free="314368" total="314368" percent="100" />
    </mem>
    <remembered-set count="3266" />
  </mem-info>
</gc-start>
<allocation-stats totalBytes="499248" >
  <allocated-bytes non-tlh="15264" tlh="483984" />
  <largest-consumer threadName="main" threadId="0000000001858700" bytes="487272" />
</allocation-stats>
<gc-op id="19" type="scavenge" timems="0.791" contextid="16" timestamp="2019-06-16T17:33:55.468">
  <scavenger-info tenureage="5" tenuremask="7fe0" tiltratio="50" />
  <memory-copied type="nursery" objects="10912" bytes="485560" bytesdiscarded="199096" />
  <finalization candidates="11" enqueued="0" />
  <references type="soft" candidates="62" cleared="0" enqueued="0" dynamicThreshold="32" maxThreshold="32" />
  <references type="weak" candidates="254" cleared="108" enqueued="105" />
  <references type="phantom" candidates="39" cleared="13" enqueued="13" />
</gc-op>
<gc-end id="20" type="scavenge" contextid="16" durationms="1.060" usertimems="4.000" systemtimems="0.000" timestamp="2019-06-16T17:33:55.468" activeThreads="4">
  <mem-info id="21" free="6416984" total="8388608" percent="76">
    <mem type="nursery" free="362448" total="2097152" percent="17">
      <mem type="allocate" free="362448" total="1048576" percent="34" />
      <mem type="survivor" free="0" total="1048576" percent="0" />
    </mem>
    <mem type="tenure" free="6054536" total="6291456" percent="96">
      <mem type="soa" free="5740168" total="5977088" percent="96" />
      <mem type="loa" free="314368" total="314368" percent="100" />
    </mem>
    <pending-finalizers system="0" default="0" reference="118" classloader="0" />
    <remembered-set count="3266" />
  </mem-info>
</gc-end>
<cycle-end id="22" type="scavenge" contextid="16" timestamp="2019-06-16T17:33:55.468" />
  <attribute name="elasticGC enabled" value="1" />
  <attribute name= "numThreadsSpecified" value="4" />
  <attribute name="heapSize specified" value="0" />
  <attribute name="Current GC Util" value="35" />
  <attribute name= "Current Time Running" value="101" />
  <attribute name ="GC Interval" value="496" />
  <attribute name="ProportionalT" value="15.000000" />
  <attribute name="ProportionalI" value="15.000000" />
  <attribute name="ProportionalH" value="15.000000" />
  <attribute name="Current Error" value="15.000000" />
  <attribute name="IntegralT" value="480.000000" />
  <attribute name="IntegralI" value="480.000000" />
  <attribute name="IntegralH" value="480.000000" />
  <attribute name="DerivativeT" value="0.234375" />
  <attribute name="DerivativeI" value="0.234375" />
  <attribute name="DerivativeH" value="0.234375" />
  <attribute name="Loop Time for DT" value="32.000000" />
  <attribute name="Output H" value="8388608"/>
  <attribute name="Output I" value="496"/>
  <attribute name="Output T" value="4"/>
  <attribute name="Target GC Util Change" value ="20.000000" />
  <attribute name="Current GC Util Change" value="35.000000"/>
  <attribute name="GC Util currently" value="35" />
  <attribute name="CPU Util currently" value="30" />
<allocation-satisfied id="23" threadId="0000000001858700" bytesRequested="128" />
<af-end id="24" timestamp="2019-06-16T17:33:55.468" threadId="0000000001859088" success="true" from="nursery"/>
<exclusive-end id="25" timestamp="2019-06-16T17:33:55.468" durationms="5.314" />

<exclusive-start id="26" timestamp="2019-06-16T17:33:55.476" intervalms="13.728">
  <response-info timems="0.060" idlems="0.060" threads="0" lastid="0000000001858700" lastname="main" />
</exclusive-start>
<af-start id="27" threadId="0000000001859088" totalBytesRequested="20232" timestamp="2019-06-16T17:33:55.477" intervalms="13.743" type="nursery" />
<cycle-start id="28" type="scavenge" contextid="0" timestamp="2019-06-16T17:33:55.477" intervalms="13.783" />
<gc-start id="29" type="scavenge" contextid="28" timestamp="2019-06-16T17:33:55.477">
  <mem-info id="30" free="6052200" total="8388608" percent="72">
    <mem type="nursery" free="0" total="2097152" percent="0">
      <mem type="allocate" free="0" total="1048576" percent="0" />
      <mem type="survivor" free="0" total="1048576" percent="0" />
    </mem>
    <mem type="tenure" free="6052200" total="6291456" percent="96">
      <mem type="soa" free="5737832" total="5977088" percent="95" />
      <mem type="loa" free="314368" total="314368" percent="100" />
    </mem>
    <remembered-set count="3295" />
  </mem-info>
</gc-start>
<allocation-stats totalBytes="351344" >
  <allocated-bytes non-tlh="2464" tlh="348880" />
  <largest-consumer threadName="main" threadId="0000000001858700" bytes="343152" />
</allocation-stats>
<gc-op id="31" type="scavenge" timems="0.858" contextid="28" timestamp="2019-06-16T17:33:55.478">
  <scavenger-info tenureage="4" tenuremask="7ff0" tiltratio="50" />
  <memory-copied type="nursery" objects="10896" bytes="538424" bytesdiscarded="59712" />
  <finalization candidates="11" enqueued="0" />
  <references type="soft" candidates="62" cleared="0" enqueued="0" dynamicThreshold="32" maxThreshold="32" />
  <references type="weak" candidates="211" cleared="64" enqueued="64" />
  <references type="phantom" candidates="37" cleared="9" enqueued="9" />
</gc-op>
<heap-resize id="32" type="expand" space="nursery" amount="131072" count="1" timems="0.117" reason="excessive time being spent scavenging" timestamp="2019-06-16T17:33:55.478" />
<gc-end id="33" type="scavenge" contextid="28" durationms="1.338" usertimems="0.000" systemtimems="0.000" timestamp="2019-06-16T17:33:55.478" activeThreads="4">
  <mem-info id="34" free="6566720" total="8519680" percent="77">
    <mem type="nursery" free="514520" total="2228224" percent="23">
      <mem type="allocate" free="514520" total="1114112" percent="46" />
      <mem type="survivor" free="0" total="1114112" percent="0" />
    </mem>
    <mem type="tenure" free="6052200" total="6291456" percent="96">
      <mem type="soa" free="5737832" total="5977088" percent="95" />
      <mem type="loa" free="314368" total="314368" percent="100" />
    </mem>
    <pending-finalizers system="0" default="0" reference="73" classloader="0" />
    <remembered-set count="1025" />
  </mem-info>
</gc-end>
<cycle-end id="35" type="scavenge" contextid="28" timestamp="2019-06-16T17:33:55.478" />
  <attribute name="elasticGC enabled" value="1" />
  <attribute name= "numThreadsSpecified" value="4" />
  <attribute name="heapSize specified" value="0" />
  <attribute name="Current GC Util" value="54" />
  <attribute name= "Current Time Running" value="111" />
  <attribute name ="GC Interval" value="856" />
  <attribute name="ProportionalT" value="34.000000" />
  <attribute name="ProportionalI" value="34.000000" />
  <attribute name="ProportionalH" value="34.000000" />
  <attribute name="Current Error" value="34.000000" />
  <attribute name="IntegralT" value="820.000000" />
  <attribute name="IntegralI" value="820.000000" />
  <attribute name="IntegralH" value="820.000000" />
  <attribute name="DerivativeT" value="0.950000" />
  <attribute name="DerivativeI" value="0.950000" />
  <attribute name="DerivativeH" value="0.950000" />
  <attribute name="Loop Time for DT" value="10.000000" />
  <attribute name="Output H" value="8388608"/>
  <attribute name="Output I" value="856"/>
  <attribute name="Output T" value="4"/>
  <attribute name="Target GC Util Change" value ="20.000000" />
  <attribute name="Current GC Util Change" value="54.000000"/>
  <attribute name="GC Util currently" value="54" />
  <attribute name="CPU Util currently" value="465905462665" />
<allocation-satisfied id="36" threadId="0000000001858700" bytesRequested="20232" />
<af-end id="37" timestamp="2019-06-16T17:33:55.478" threadId="0000000001859088" success="true" from="nursery"/>
<exclusive-end id="38" timestamp="2019-06-16T17:33:55.478" durationms="1.787" />

<exclusive-start id="39" timestamp="2019-06-16T17:33:55.691" intervalms="214.667">
  <response-info timems="0.029" idlems="0.029" threads="0" lastid="0000000001858700" lastname="main" />
</exclusive-start>
<af-start id="40" threadId="0000000001859088" totalBytesRequested="8200" timestamp="2019-06-16T17:33:55.691" intervalms="214.658" type="nursery" />
<cycle-start id="41" type="scavenge" contextid="0" timestamp="2019-06-16T17:33:55.691" intervalms="214.617" />
<gc-start id="42" type="scavenge" contextid="41" timestamp="2019-06-16T17:33:55.691">
  <mem-info id="43" free="6048480" total="8519680" percent="70">
    <mem type="nursery" free="0" total="2228224" percent="0">
      <mem type="allocate" free="0" total="1114112" percent="0" />
      <mem type="survivor" free="0" total="1114112" percent="0" />
    </mem>
    <mem type="tenure" free="6048480" total="6291456" percent="96">
      <mem type="soa" free="5734112" total="5977088" percent="95" />
      <mem type="loa" free="314368" total="314368" percent="100" />
    </mem>
    <remembered-set count="1091" />
  </mem-info>
</gc-start>
<allocation-stats totalBytes="514688" >
  <allocated-bytes non-tlh="23952" tlh="490736" />
  <largest-consumer threadName="main" threadId="0000000001858700" bytes="514688" />
</allocation-stats>
<gc-op id="44" type="scavenge" timems="1.026" contextid="41" timestamp="2019-06-16T17:33:55.692">
  <scavenger-info tenureage="3" tenuremask="fff8" tiltratio="50" />
  <memory-copied type="nursery" objects="748" bytes="181616" bytesdiscarded="112192" />
  <memory-copied type="tenure" objects="10287" bytes="459616" bytesdiscarded="80" />
  <finalization candidates="13" enqueued="0" />
  <references type="soft" candidates="1" cleared="0" enqueued="0" dynamicThreshold="32" maxThreshold="32" />
  <references type="weak" candidates="63" cleared="48" enqueued="48" />
  <references type="phantom" candidates="22" cleared="12" enqueued="12" />
</gc-op>
<gc-end id="45" type="scavenge" contextid="41" durationms="1.172" usertimems="0.000" systemtimems="0.000" timestamp="2019-06-16T17:33:55.692" activeThreads="4">
  <mem-info id="46" free="6219104" total="8519680" percent="72">
    <mem type="nursery" free="820248" total="2228224" percent="36">
      <mem type="allocate" free="820248" total="1114112" percent="73" />
      <mem type="survivor" free="0" total="1114112" percent="0" />
    </mem>
    <mem type="tenure" free="5398856" total="6291456" percent="85">
      <mem type="soa" free="5084488" total="5977088" percent="85" />
      <mem type="loa" free="314368" total="314368" percent="100" />
    </mem>
    <pending-finalizers system="0" default="0" reference="60" classloader="0" />
    <remembered-set count="206" />
  </mem-info>
</gc-end>
<cycle-end id="47" type="scavenge" contextid="41" timestamp="2019-06-16T17:33:55.692" />
  <attribute name="elasticGC enabled" value="1" />
  <attribute name= "numThreadsSpecified" value="4" />
  <attribute name="heapSize specified" value="0" />
  <attribute name="Current GC Util" value="0" />
  <attribute name= "Current Time Running" value="325" />
  <attribute name ="GC Interval" value="200" />
  <attribute name="ProportionalT" value="-20.000000" />
  <attribute name="ProportionalI" value="-20.000000" />
  <attribute name="ProportionalH" value="-20.000000" />
  <attribute name="Current Error" value="-20.000000" />
  <attribute name="IntegralT" value="-3460.000000" />
  <attribute name="IntegralI" value="-3460.000000" />
  <attribute name="IntegralH" value="-3460.000000" />
  <attribute name="DerivativeT" value="-0.126168" />
  <attribute name="DerivativeI" value="-0.126168" />
  <attribute name="DerivativeH" value="-0.126168" />
  <attribute name="Loop Time for DT" value="214.000000" />
  <attribute name="Output H" value="2092630016"/>
  <attribute name="Output I" value="200"/>
  <attribute name="Output T" value="4"/>
  <attribute name="Target GC Util Change" value ="20.000000" />
  <attribute name="Current GC Util Change" value="0.000000"/>
  <attribute name="GC Util currently" value="0" />
  <attribute name="CPU Util currently" value="6" />
<allocation-satisfied id="48" threadId="0000000001858700" bytesRequested="8200" />
<af-end id="49" timestamp="2019-06-16T17:33:55.693" threadId="0000000001859088" success="true" from="nursery"/>
<exclusive-end id="50" timestamp="2019-06-16T17:33:55.693" durationms="1.530" />

<exclusive-start id="51" timestamp="2019-06-16T17:33:55.887" intervalms="195.748">
  <response-info timems="0.025" idlems="0.025" threads="0" lastid="0000000001858700" lastname="main" />
</exclusive-start>
<af-start id="52" threadId="0000000001859088" totalBytesRequested="2056" timestamp="2019-06-16T17:33:55.887" intervalms="195.753" type="nursery" />
<cycle-start id="53" type="scavenge" contextid="0" timestamp="2019-06-16T17:33:55.887" intervalms="195.754" />
<gc-start id="54" type="scavenge" contextid="53" timestamp="2019-06-16T17:33:55.887">
  <mem-info id="55" free="5397936" total="8519680" percent="63">
    <mem type="nursery" free="0" total="2228224" percent="0">
      <mem type="allocate" free="0" total="1114112" percent="0" />
      <mem type="survivor" free="0" total="1114112" percent="0" />
    </mem>
    <mem type="tenure" free="5397936" total="6291456" percent="85">
      <mem type="soa" free="5083568" total="5977088" percent="85" />
      <mem type="loa" free="314368" total="314368" percent="100" />
    </mem>
    <remembered-set count="229" />
  </mem-info>
</gc-start>
<allocation-stats totalBytes="813928" >
  <allocated-bytes non-tlh="9120" tlh="804808" />
  <largest-consumer threadName="main" threadId="0000000001858700" bytes="813928" />
</allocation-stats>
<gc-op id="56" type="scavenge" timems="0.456" contextid="53" timestamp="2019-06-16T17:33:55.888">
  <scavenger-info tenureage="3" tenuremask="fff8" tiltratio="50" />
  <memory-copied type="nursery" objects="444" bytes="118336" bytesdiscarded="62848" />
  <memory-copied type="tenure" objects="306" bytes="15664" bytesdiscarded="0" />
  <finalization candidates="3" enqueued="1" />
  <references type="soft" candidates="1" cleared="0" enqueued="0" dynamicThreshold="32" maxThreshold="32" />
  <references type="weak" candidates="8" cleared="6" enqueued="6" />
  <references type="phantom" candidates="9" cleared="4" enqueued="4" />
</gc-op>
<gc-end id="57" type="scavenge" contextid="53" durationms="0.603" usertimems="0.000" systemtimems="4.000" timestamp="2019-06-16T17:33:55.888" activeThreads="4">
  <mem-info id="58" free="6330784" total="8519680" percent="74">
    <mem type="nursery" free="932848" total="2228224" percent="41">
      <mem type="allocate" free="932848" total="1114112" percent="83" />
      <mem type="survivor" free="0" total="1114112" percent="0" />
    </mem>
    <mem type="tenure" free="5397936" total="6291456" percent="85">
      <mem type="soa" free="5083568" total="5977088" percent="85" />
      <mem type="loa" free="314368" total="314368" percent="100" />
    </mem>
    <pending-finalizers system="1" default="0" reference="10" classloader="0" />
    <remembered-set count="182" />
  </mem-info>
</gc-end>
<cycle-end id="59" type="scavenge" contextid="53" timestamp="2019-06-16T17:33:55.888" />
  <attribute name="elasticGC enabled" value="1" />
  <attribute name= "numThreadsSpecified" value="4" />
  <attribute name="heapSize specified" value="0" />
  <attribute name="Current GC Util" value="0" />
  <attribute name= "Current Time Running" value="521" />
  <attribute name ="GC Interval" value="200" />
  <attribute name="ProportionalT" value="-20.000000" />
  <attribute name="ProportionalI" value="-20.000000" />
  <attribute name="ProportionalH" value="-20.000000" />
  <attribute name="Current Error" value="-20.000000" />
  <attribute name="IntegralT" value="-7380.000000" />
  <attribute name="IntegralI" value="-7380.000000" />
  <attribute name="IntegralH" value="-7380.000000" />
  <attribute name="DerivativeT" value="-0.051020" />
  <attribute name="DerivativeI" value="-0.051020" />
  <attribute name="DerivativeH" value="-0.051020" />
  <attribute name="Loop Time for DT" value="196.000000" />
  <attribute name="Output H" value="2092630016"/>
  <attribute name="Output I" value="200"/>
  <attribute name="Output T" value="4"/>
  <attribute name="Target GC Util Change" value ="20.000000" />
  <attribute name="Current GC Util Change" value="0.000000"/>
  <attribute name="GC Util currently" value="0" />
  <attribute name="CPU Util currently" value="11" />
<allocation-satisfied id="60" threadId="0000000001858700" bytesRequested="2056" />
<af-end id="61" timestamp="2019-06-16T17:33:55.888" threadId="0000000001859088" success="true" from="nursery"/>
<exclusive-end id="62" timestamp="2019-06-16T17:33:55.888" durationms="0.961" />

<exclusive-start id="63" timestamp="2019-06-16T17:33:56.058" intervalms="170.990">
  <response-info timems="0.027" idlems="0.027" threads="0" lastid="0000000001858700" lastname="main" />
</exclusive-start>
<af-start id="64" threadId="0000000001859088" totalBytesRequested="2056" timestamp="2019-06-16T17:33:56.058" intervalms="170.981" type="nursery" />
<cycle-start id="65" type="scavenge" contextid="0" timestamp="2019-06-16T17:33:56.058" intervalms="170.978" />
<gc-start id="66" type="scavenge" contextid="65" timestamp="2019-06-16T17:33:56.058">
  <mem-info id="67" free="5397936" total="8519680" percent="63">
    <mem type="nursery" free="0" total="2228224" percent="0">
      <mem type="allocate" free="0" total="1114112" percent="0" />
      <mem type="survivor" free="0" total="1114112" percent="0" />
    </mem>
    <mem type="tenure" free="5397936" total="6291456" percent="85">
      <mem type="soa" free="5083568" total="5977088" percent="85" />
      <mem type="loa" free="314368" total="314368" percent="100" />
    </mem>
    <remembered-set count="184" />
  </mem-info>
</gc-start>
<allocation-stats totalBytes="923792" >
  <allocated-bytes non-tlh="2056" tlh="921736" />
  <largest-consumer threadName="main" threadId="0000000001858700" bytes="923792" />
</allocation-stats>
<gc-op id="68" type="scavenge" timems="0.304" contextid="65" timestamp="2019-06-16T17:33:56.058">
  <scavenger-info tenureage="3" tenuremask="fff8" tiltratio="50" />
  <memory-copied type="nursery" objects="389" bytes="84928" bytesdiscarded="17920" />
  <memory-copied type="tenure" objects="28" bytes="1720" bytesdiscarded="0" />
  <finalization candidates="2" enqueued="0" />
  <references type="soft" candidates="1" cleared="0" enqueued="0" dynamicThreshold="32" maxThreshold="32" />
  <references type="weak" candidates="1" cleared="0" enqueued="0" />
  <references type="phantom" candidates="5" cleared="0" enqueued="0" />
</gc-op>
<gc-end id="69" type="scavenge" contextid="65" durationms="0.446" usertimems="0.000" systemtimems="0.000" timestamp="2019-06-16T17:33:56.058" activeThreads="4">
  <mem-info id="70" free="6605728" total="8519680" percent="77">
    <mem type="nursery" free="1207792" total="2228224" percent="54">
      <mem type="allocate" free="1207792" total="1310720" percent="92" />
      <mem type="survivor" free="0" total="917504" percent="0" />
    </mem>
    <mem type="tenure" free="5397936" total="6291456" percent="85">
      <mem type="soa" free="5083568" total="5977088" percent="85" />
      <mem type="loa" free="314368" total="314368" percent="100" />
    </mem>
    <remembered-set count="104" />
  </mem-info>
</gc-end>
<cycle-end id="71" type="scavenge" contextid="65" timestamp="2019-06-16T17:33:56.059" />
  <attribute name="elasticGC enabled" value="1" />
  <attribute name= "numThreadsSpecified" value="4" />
  <attribute name="heapSize specified" value="0" />
  <attribute name="Current GC Util" value="0" />
  <attribute name= "Current Time Running" value="692" />
  <attribute name ="GC Interval" value="200" />
  <attribute name="ProportionalT" value="-20.000000" />
  <attribute name="ProportionalI" value="-20.000000" />
  <attribute name="ProportionalH" value="-20.000000" />
  <attribute name="Current Error" value="-20.000000" />
  <attribute name="IntegralT" value="-10800.000000" />
  <attribute name="IntegralI" value="-10800.000000" />
  <attribute name="IntegralH" value="-10800.000000" />
  <attribute name="DerivativeT" value="-0.058480" />
  <attribute name="DerivativeI" value="-0.058480" />
  <attribute name="DerivativeH" value="-0.058480" />
  <attribute name="Loop Time for DT" value="171.000000" />
  <attribute name="Output H" value="2092630016"/>
  <attribute name="Output I" value="200"/>
  <attribute name="Output T" value="4"/>
  <attribute name="Target GC Util Change" value ="20.000000" />
  <attribute name="Current GC Util Change" value="0.000000"/>
  <attribute name="GC Util currently" value="0" />
  <attribute name="CPU Util currently" value="13" />
<allocation-satisfied id="72" threadId="0000000001858700" bytesRequested="2056" />
<af-end id="73" timestamp="2019-06-16T17:33:56.059" threadId="0000000001859088" success="true" from="nursery"/>
<exclusive-end id="74" timestamp="2019-06-16T17:33:56.059" durationms="0.793" />

<exclusive-start id="75" timestamp="2019-06-16T17:33:56.215" intervalms="157.410">
  <response-info timems="0.024" idlems="0.024" threads="0" lastid="0000000001858700" lastname="main" />
</exclusive-start>
<af-start id="76" threadId="0000000001859088" totalBytesRequested="2056" timestamp="2019-06-16T17:33:56.215" intervalms="157.406" type="nursery" />
<cycle-start id="77" type="scavenge" contextid="0" timestamp="2019-06-16T17:33:56.215" intervalms="157.405" />
<gc-start id="78" type="scavenge" contextid="77" timestamp="2019-06-16T17:33:56.215">
  <mem-info id="79" free="5397936" total="8519680" percent="63">
    <mem type="nursery" free="0" total="2228224" percent="0">
      <mem type="allocate" free="0" total="1310720" percent="0" />
      <mem type="survivor" free="0" total="917504" percent="0" />
    </mem>
    <mem type="tenure" free="5397936" total="6291456" percent="85">
      <mem type="soa" free="5083568" total="5977088" percent="85" />
      <mem type="loa" free="314368" total="314368" percent="100" />
    </mem>
    <remembered-set count="104" />
  </mem-info>
</gc-start>
<allocation-stats totalBytes="1198032" >
  <allocated-bytes non-tlh="2056" tlh="1195976" />
  <largest-consumer threadName="main" threadId="0000000001858700" bytes="1198032" />
</allocation-stats>
<gc-op id="80" type="scavenge" timems="0.325" contextid="77" timestamp="2019-06-16T17:33:56.216">
  <scavenger-info tenureage="3" tenuremask="fff8" tiltratio="58" />
  <memory-copied type="nursery" objects="145" bytes="27264" bytesdiscarded="51040" />
  <memory-copied type="tenure" objects="244" bytes="57720" bytesdiscarded="0" />
  <finalization candidates="2" enqueued="0" />
  <references type="weak" candidates="1" cleared="0" enqueued="0" />
  <references type="phantom" candidates="3" cleared="0" enqueued="0" />
</gc-op>
<gc-end id="81" type="scavenge" contextid="77" durationms="0.466" usertimems="0.000" systemtimems="0.000" timestamp="2019-06-16T17:33:56.216" activeThreads="4">
  <mem-info id="82" free="6689440" total="8519680" percent="78">
    <mem type="nursery" free="1363456" total="2228224" percent="61">
      <mem type="allocate" free="1363456" total="1441792" percent="94" />
      <mem type="survivor" free="0" total="786432" percent="0" />
    </mem>
    <mem type="tenure" free="5325984" total="6291456" percent="84">
      <mem type="soa" free="5011616" total="5977088" percent="83" />
      <mem type="loa" free="314368" total="314368" percent="100" />
    </mem>
    <remembered-set count="81" />
  </mem-info>
</gc-end>
<cycle-end id="83" type="scavenge" contextid="77" timestamp="2019-06-16T17:33:56.216" />
  <attribute name="elasticGC enabled" value="1" />
  <attribute name= "numThreadsSpecified" value="4" />
  <attribute name="heapSize specified" value="0" />
  <attribute name="Current GC Util" value="0" />
  <attribute name= "Current Time Running" value="849" />
  <attribute name ="GC Interval" value="200" />
  <attribute name="ProportionalT" value="-20.000000" />
  <attribute name="ProportionalI" value="-20.000000" />
  <attribute name="ProportionalH" value="-20.000000" />
  <attribute name="Current Error" value="-20.000000" />
  <attribute name="IntegralT" value="-3140.000000" />
  <attribute name="IntegralI" value="-3140.000000" />
  <attribute name="IntegralH" value="-3140.000000" />
  <attribute name="DerivativeT" value="-0.063694" />
  <attribute name="DerivativeI" value="-0.063694" />
  <attribute name="DerivativeH" value="-0.063694" />
  <attribute name="Loop Time for DT" value="157.000000" />
  <attribute name="Output H" value="2092630016"/>
  <attribute name="Output I" value="200"/>
  <attribute name="Output T" value="4"/>
  <attribute name="Target GC Util Change" value ="20.000000" />
  <attribute name="Current GC Util Change" value="0.000000"/>
  <attribute name="GC Util currently" value="0" />
  <attribute name="CPU Util currently" value="4" />
<allocation-satisfied id="84" threadId="0000000001858700" bytesRequested="2056" />
<af-end id="85" timestamp="2019-06-16T17:33:56.216" threadId="0000000001859088" success="true" from="nursery"/>
<exclusive-end id="86" timestamp="2019-06-16T17:33:56.216" durationms="0.802" />

<exclusive-start id="87" timestamp="2019-06-16T17:33:56.443" intervalms="227.839">
  <response-info timems="0.025" idlems="0.025" threads="0" lastid="0000000001858700" lastname="main" />
</exclusive-start>
<af-start id="88" threadId="0000000001859088" totalBytesRequested="2056" timestamp="2019-06-16T17:33:56.443" intervalms="227.845" type="nursery" />
<cycle-start id="89" type="scavenge" contextid="0" timestamp="2019-06-16T17:33:56.443" intervalms="227.847" />
<gc-start id="90" type="scavenge" contextid="89" timestamp="2019-06-16T17:33:56.443">
  <mem-info id="91" free="5325984" total="8519680" percent="62">
    <mem type="nursery" free="0" total="2228224" percent="0">
      <mem type="allocate" free="0" total="1441792" percent="0" />
      <mem type="survivor" free="0" total="786432" percent="0" />
    </mem>
    <mem type="tenure" free="5325984" total="6291456" percent="84">
      <mem type="soa" free="5011616" total="5977088" percent="83" />
      <mem type="loa" free="314368" total="314368" percent="100" />
    </mem>
    <remembered-set count="81" />
  </mem-info>
</gc-start>
<allocation-stats totalBytes="1351184" >
  <allocated-bytes non-tlh="2056" tlh="1349128" />
  <largest-consumer threadName="main" threadId="0000000001858700" bytes="1351184" />
</allocation-stats>
<gc-op id="92" type="scavenge" timems="0.230" contextid="89" timestamp="2019-06-16T17:33:56.444">
  <scavenger-info tenureage="3" tenuremask="ffe8" tiltratio="64" />
  <memory-copied type="nursery" objects="12" bytes="448" bytesdiscarded="77872" />
  <memory-copied type="tenure" objects="132" bytes="24696" bytesdiscarded="0" />
  <references type="phantom" candidates="1" cleared="0" enqueued="0" />
</gc-op>
<gc-end id="93" type="scavenge" contextid="89" durationms="0.376" usertimems="0.000" systemtimems="0.000" timestamp="2019-06-16T17:33:56.444" activeThreads="4">
  <mem-info id="94" free="6820512" total="8519680" percent="80">
    <mem type="nursery" free="1494528" total="2228224" percent="67">
      <mem type="allocate" free="1494528" total="1572864" percent="95" />
      <mem type="survivor" free="0" total="655360" percent="0" />
    </mem>
    <mem type="tenure" free="5325984" total="6291456" percent="84">
      <mem type="soa" free="5011616" total="5977088" percent="83" />
      <mem type="loa" free="314368" total="314368" percent="100" />
    </mem>
    <remembered-set count="62" />
  </mem-info>
</gc-end>
<cycle-end id="95" type="scavenge" contextid="89" timestamp="2019-06-16T17:33:56.444" />
  <attribute name="elasticGC enabled" value="1" />
  <attribute name= "numThreadsSpecified" value="4" />
  <attribute name="heapSize specified" value="0" />
  <attribute name="Current GC Util" value="0" />
  <attribute name= "Current Time Running" value="1077" />
  <attribute name ="GC Interval" value="200" />
  <attribute name="ProportionalT" value="-20.000000" />
  <attribute name="ProportionalI" value="-20.000000" />
  <attribute name="ProportionalH" value="-20.000000" />
  <attribute name="Current Error" value="-20.000000" />
  <attribute name="IntegralT" value="-4560.000000" />
  <attribute name="IntegralI" value="-4560.000000" />
  <attribute name="IntegralH" value="-4560.000000" />
  <attribute name="DerivativeT" value="-0.043860" />
  <attribute name="DerivativeI" value="-0.043860" />
  <attribute name="DerivativeH" value="-0.043860" />
  <attribute name="Loop Time for DT" value="228.000000" />
  <attribute name="Output H" value="2092630016"/>
  <attribute name="Output I" value="200"/>
  <attribute name="Output T" value="4"/>
  <attribute name="Target GC Util Change" value ="20.000000" />
  <attribute name="Current GC Util Change" value="0.000000"/>
  <attribute name="GC Util currently" value="0" />
  <attribute name="CPU Util currently" value="11" />
<allocation-satisfied id="96" threadId="0000000001858700" bytesRequested="2056" />
<af-end id="97" timestamp="2019-06-16T17:33:56.444" threadId="0000000001859088" success="true" from="nursery"/>
<exclusive-end id="98" timestamp="2019-06-16T17:33:56.444" durationms="0.724" />

<exclusive-start id="99" timestamp="2019-06-16T17:33:56.695" intervalms="252.188">
  <response-info timems="0.024" idlems="0.024" threads="0" lastid="0000000001858700" lastname="main" />
</exclusive-start>
<af-start id="100" threadId="0000000001859088" totalBytesRequested="2056" timestamp="2019-06-16T17:33:56.695" intervalms="252.186" type="nursery" />
<cycle-start id="101" type="scavenge" contextid="0" timestamp="2019-06-16T17:33:56.695" intervalms="252.186" />
<gc-start id="102" type="scavenge" contextid="101" timestamp="2019-06-16T17:33:56.695">
  <mem-info id="103" free="5325984" total="8519680" percent="62">
    <mem type="nursery" free="0" total="2228224" percent="0">
      <mem type="allocate" free="0" total="1572864" percent="0" />
      <mem type="survivor" free="0" total="655360" percent="0" />
    </mem>
    <mem type="tenure" free="5325984" total="6291456" percent="84">
      <mem type="soa" free="5011616" total="5977088" percent="83" />
      <mem type="loa" free="314368" total="314368" percent="100" />
    </mem>
    <remembered-set count="62" />
  </mem-info>
</gc-start>
<allocation-stats totalBytes="1477960" >
  <allocated-bytes non-tlh="2056" tlh="1475904" />
  <largest-consumer threadName="main" threadId="0000000001858700" bytes="1477960" />
</allocation-stats>
<gc-op id="104" type="scavenge" timems="0.235" contextid="101" timestamp="2019-06-16T17:33:56.696">
  <scavenger-info tenureage="3" tenuremask="ffe8" tiltratio="70" />
  <memory-copied type="nursery" objects="12" bytes="472" bytesdiscarded="77848" />
  <references type="phantom" candidates="1" cleared="0" enqueued="0" />
</gc-op>
<gc-end id="105" type="scavenge" contextid="101" durationms="0.374" usertimems="4.000" systemtimems="0.000" timestamp="2019-06-16T17:33:56.696" activeThreads="4">
  <mem-info id="106" free="6951584" total="8519680" percent="81">
    <mem type="nursery" free="1625600" total="2228224" percent="72">
      <mem type="allocate" free="1625600" total="1703936" percent="95" />
      <mem type="survivor" free="0" total="524288" percent="0" />
    </mem>
    <mem type="tenure" free="5325984" total="6291456" percent="84">
      <mem type="soa" free="5011616" total="5977088" percent="83" />
      <mem type="loa" free="314368" total="314368" percent="100" />
    </mem>
    <remembered-set count="62" />
  </mem-info>
</gc-end>
<cycle-end id="107" type="scavenge" contextid="101" timestamp="2019-06-16T17:33:56.696" />
  <attribute name="elasticGC enabled" value="1" />
  <attribute name= "numThreadsSpecified" value="4" />
  <attribute name="heapSize specified" value="0" />
  <attribute name="Current GC Util" value="0" />
  <attribute name= "Current Time Running" value="1329" />
  <attribute name ="GC Interval" value="200" />
  <attribute name="ProportionalT" value="-20.000000" />
  <attribute name="ProportionalI" value="-20.000000" />
  <attribute name="ProportionalH" value="-20.000000" />
  <attribute name="Current Error" value="-20.000000" />
  <attribute name="IntegralT" value="-5040.000000" />
  <attribute name="IntegralI" value="-5040.000000" />
  <attribute name="IntegralH" value="-5040.000000" />
  <attribute name="DerivativeT" value="-0.039683" />
  <attribute name="DerivativeI" value="-0.039683" />
  <attribute name="DerivativeH" value="-0.039683" />
  <attribute name="Loop Time for DT" value="252.000000" />
  <attribute name="Output H" value="2092630016"/>
  <attribute name="Output I" value="200"/>
  <attribute name="Output T" value="4"/>
  <attribute name="Target GC Util Change" value ="20.000000" />
  <attribute name="Current GC Util Change" value="0.000000"/>
  <attribute name="GC Util currently" value="0" />
  <attribute name="CPU Util currently" value="10" />
<allocation-satisfied id="108" threadId="0000000001858700" bytesRequested="2056" />
<af-end id="109" timestamp="2019-06-16T17:33:56.696" threadId="0000000001859088" success="true" from="nursery"/>
<exclusive-end id="110" timestamp="2019-06-16T17:33:56.696" durationms="0.717" />

<exclusive-start id="111" timestamp="2019-06-16T17:33:56.857" intervalms="162.032">
  <response-info timems="0.026" idlems="0.026" threads="0" lastid="0000000001858700" lastname="main" />
</exclusive-start>
<af-start id="112" threadId="0000000001859088" totalBytesRequested="2056" timestamp="2019-06-16T17:33:56.857" intervalms="162.033" type="nursery" />
<cycle-start id="113" type="scavenge" contextid="0" timestamp="2019-06-16T17:33:56.857" intervalms="162.033" />
<gc-start id="114" type="scavenge" contextid="113" timestamp="2019-06-16T17:33:56.857">
  <mem-info id="115" free="5325984" total="8519680" percent="62">
    <mem type="nursery" free="0" total="2228224" percent="0">
      <mem type="allocate" free="0" total="1703936" percent="0" />
      <mem type="survivor" free="0" total="524288" percent="0" />
    </mem>
    <mem type="tenure" free="5325984" total="6291456" percent="84">
      <mem type="soa" free="5011616" total="5977088" percent="83" />
      <mem type="loa" free="314368" total="314368" percent="100" />
    </mem>
    <remembered-set count="62" />
  </mem-info>
</gc-start>
<allocation-stats totalBytes="1616528" >
  <allocated-bytes non-tlh="2056" tlh="1614472" />
  <largest-consumer threadName="main" threadId="0000000001858700" bytes="1616528" />
</allocation-stats>
<gc-op id="116" type="scavenge" timems="0.212" contextid="113" timestamp="2019-06-16T17:33:56.858">
  <scavenger-info tenureage="3" tenuremask="fff8" tiltratio="76" />
  <memory-copied type="nursery" objects="12" bytes="488" bytesdiscarded="77832" />
  <references type="phantom" candidates="1" cleared="0" enqueued="0" />
</gc-op>
<gc-end id="117" type="scavenge" contextid="113" durationms="0.352" usertimems="0.000" systemtimems="0.000" timestamp="2019-06-16T17:33:56.858" activeThreads="4">
  <mem-info id="118" free="7082656" total="8519680" percent="83">
    <mem type="nursery" free="1756672" total="2228224" percent="78">
      <mem type="allocate" free="1756672" total="1835008" percent="95" />
      <mem type="survivor" free="0" total="393216" percent="0" />
    </mem>
    <mem type="tenure" free="5325984" total="6291456" percent="84">
      <mem type="soa" free="5011616" total="5977088" percent="83" />
      <mem type="loa" free="314368" total="314368" percent="100" />
    </mem>
    <remembered-set count="62" />
  </mem-info>
</gc-end>
<cycle-end id="119" type="scavenge" contextid="113" timestamp="2019-06-16T17:33:56.858" />
  <attribute name="elasticGC enabled" value="1" />
  <attribute name= "numThreadsSpecified" value="4" />
  <attribute name="heapSize specified" value="0" />
  <attribute name="Current GC Util" value="0" />
  <attribute name= "Current Time Running" value="1491" />
  <attribute name ="GC Interval" value="200" />
  <attribute name="ProportionalT" value="-20.000000" />
  <attribute name="ProportionalI" value="-20.000000" />
  <attribute name="ProportionalH" value="-20.000000" />
  <attribute name="Current Error" value="-20.000000" />
  <attribute name="IntegralT" value="-3240.000000" />
  <attribute name="IntegralI" value="-3240.000000" />
  <attribute name="IntegralH" value="-3240.000000" />
  <attribute name="DerivativeT" value="-0.061728" />
  <attribute name="DerivativeI" value="-0.061728" />
  <attribute name="DerivativeH" value="-0.061728" />
  <attribute name="Loop Time for DT" value="162.000000" />
  <attribute name="Output H" value="2092630016"/>
  <attribute name="Output I" value="200"/>
  <attribute name="Output T" value="4"/>
  <attribute name="Target GC Util Change" value ="20.000000" />
  <attribute name="Current GC Util Change" value="0.000000"/>
  <attribute name="GC Util currently" value="0" />
  <attribute name="CPU Util currently" value="10" />
<allocation-satisfied id="120" threadId="0000000001858700" bytesRequested="2056" />
<af-end id="121" timestamp="2019-06-16T17:33:56.858" threadId="0000000001859088" success="true" from="nursery"/>
<exclusive-end id="122" timestamp="2019-06-16T17:33:56.858" durationms="0.696" />

<exclusive-start id="123" timestamp="2019-06-16T17:33:57.072" intervalms="214.956">
  <response-info timems="0.025" idlems="0.025" threads="0" lastid="0000000001858700" lastname="main" />
</exclusive-start>
<af-start id="124" threadId="0000000001859088" totalBytesRequested="2056" timestamp="2019-06-16T17:33:57.072" intervalms="214.956" type="nursery" />
<cycle-start id="125" type="scavenge" contextid="0" timestamp="2019-06-16T17:33:57.072" intervalms="214.956" />
<gc-start id="126" type="scavenge" contextid="125" timestamp="2019-06-16T17:33:57.072">
  <mem-info id="127" free="5325984" total="8519680" percent="62">
    <mem type="nursery" free="0" total="2228224" percent="0">
      <mem type="allocate" free="0" total="1835008" percent="0" />
      <mem type="survivor" free="0" total="393216" percent="0" />
    </mem>
    <mem type="tenure" free="5325984" total="6291456" percent="84">
      <mem type="soa" free="5011616" total="5977088" percent="83" />
      <mem type="loa" free="314368" total="314368" percent="100" />
    </mem>
    <remembered-set count="62" />
  </mem-info>
</gc-start>
<allocation-stats totalBytes="1737368" >
  <allocated-bytes non-tlh="2056" tlh="1735312" />
  <largest-consumer threadName="main" threadId="0000000001858700" bytes="1737368" />
</allocation-stats>
<gc-op id="128" type="scavenge" timems="0.225" contextid="125" timestamp="2019-06-16T17:33:57.073">
  <scavenger-info tenureage="3" tenuremask="fff8" tiltratio="82" />
  <memory-copied type="nursery" objects="13" bytes="504" bytesdiscarded="77816" />
  <references type="phantom" candidates="1" cleared="0" enqueued="0" />
</gc-op>
<gc-end id="129" type="scavenge" contextid="125" durationms="0.374" usertimems="0.000" systemtimems="0.000" timestamp="2019-06-16T17:33:57.073" activeThreads="4">
  <mem-info id="130" free="7148192" total="8519680" percent="83">
    <mem type="nursery" free="1822208" total="2228224" percent="81">
      <mem type="allocate" free="1822208" total="1900544" percent="95" />
      <mem type="survivor" free="0" total="327680" percent="0" />
    </mem>
    <mem type="tenure" free="5325984" total="6291456" percent="84">
      <mem type="soa" free="5011616" total="5977088" percent="83" />
      <mem type="loa" free="314368" total="314368" percent="100" />
    </mem>
    <remembered-set count="62" />
  </mem-info>
</gc-end>
<cycle-end id="131" type="scavenge" contextid="125" timestamp="2019-06-16T17:33:57.073" />
  <attribute name="elasticGC enabled" value="1" />
  <attribute name= "numThreadsSpecified" value="4" />
  <attribute name="heapSize specified" value="0" />
  <attribute name="Current GC Util" value="0" />
  <attribute name= "Current Time Running" value="1706" />
  <attribute name ="GC Interval" value="200" />
  <attribute name="ProportionalT" value="-20.000000" />
  <attribute name="ProportionalI" value="-20.000000" />
  <attribute name="ProportionalH" value="-20.000000" />
  <attribute name="Current Error" value="-20.000000" />
  <attribute name="IntegralT" value="-4300.000000" />
  <attribute name="IntegralI" value="-4300.000000" />
  <attribute name="IntegralH" value="-4300.000000" />
  <attribute name="DerivativeT" value="-0.046512" />
  <attribute name="DerivativeI" value="-0.046512" />
  <attribute name="DerivativeH" value="-0.046512" />
  <attribute name="Loop Time for DT" value="215.000000" />
  <attribute name="Output H" value="2092630016"/>
  <attribute name="Output I" value="200"/>
  <attribute name="Output T" value="4"/>
  <attribute name="Target GC Util Change" value ="20.000000" />
  <attribute name="Current GC Util Change" value="0.000000"/>
  <attribute name="GC Util currently" value="0" />
  <attribute name="CPU Util currently" value="13" />
<allocation-satisfied id="132" threadId="0000000001858700" bytesRequested="2056" />
<af-end id="133" timestamp="2019-06-16T17:33:57.073" threadId="0000000001859088" success="true" from="nursery"/>
<exclusive-end id="134" timestamp="2019-06-16T17:33:57.073" durationms="0.716" />

<exclusive-start id="135" timestamp="2019-06-16T17:33:57.116" intervalms="44.017">
  <response-info timems="0.050" idlems="0.050" threads="0" lastid="0000000001858700" lastname="main" />
</exclusive-start>
<af-start id="136" threadId="0000000001859088" totalBytesRequested="15368" timestamp="2019-06-16T17:33:57.116" intervalms="44.047" type="nursery" />
<cycle-start id="137" type="scavenge" contextid="0" timestamp="2019-06-16T17:33:57.116" intervalms="44.085" />
<gc-start id="138" type="scavenge" contextid="137" timestamp="2019-06-16T17:33:57.117">
  <mem-info id="139" free="5319384" total="8519680" percent="62">
    <mem type="nursery" free="0" total="2228224" percent="0">
      <mem type="allocate" free="0" total="1900544" percent="0" />
      <mem type="survivor" free="0" total="327680" percent="0" />
    </mem>
    <mem type="tenure" free="5319384" total="6291456" percent="84">
      <mem type="soa" free="5005016" total="5977088" percent="83" />
      <mem type="loa" free="314368" total="314368" percent="100" />
    </mem>
    <remembered-set count="134" />
  </mem-info>
</gc-start>
<allocation-stats totalBytes="1795080" >
  <allocated-bytes non-tlh="714408" tlh="1080672" />
  <largest-consumer threadName="main" threadId="0000000001858700" bytes="1795080" />
</allocation-stats>
<gc-op id="140" type="scavenge" timems="0.398" contextid="137" timestamp="2019-06-16T17:33:57.117">
  <scavenger-info tenureage="3" tenuremask="fff8" tiltratio="85" />
  <memory-copied type="nursery" objects="535" bytes="261304" bytesdiscarded="66368" />
  <memory-copied type="tenure" objects="3" bytes="423384" bytesdiscarded="0" />
  <copy-failed type="nursery" objects="3" bytes="423384" />
  <references type="soft" candidates="3" cleared="0" enqueued="0" dynamicThreshold="32" maxThreshold="32" />
  <references type="weak" candidates="14" cleared="13" enqueued="13" />
  <references type="phantom" candidates="30" cleared="1" enqueued="1" />
</gc-op>
<gc-end id="141" type="scavenge" contextid="137" durationms="0.582" usertimems="0.000" systemtimems="0.000" timestamp="2019-06-16T17:33:57.117" activeThreads="4">
  <mem-info id="142" free="5682432" total="8519680" percent="66">
    <mem type="nursery" free="786432" total="2228224" percent="35">
      <mem type="allocate" free="786432" total="1114112" percent="70" />
      <mem type="survivor" free="0" total="1114112" percent="0" />
    </mem>
    <mem type="tenure" free="4896000" total="6291456" percent="77">
      <mem type="soa" free="4581632" total="5977088" percent="76" />
      <mem type="loa" free="314368" total="314368" percent="100" />
    </mem>
    <pending-finalizers system="0" default="0" reference="14" classloader="0" />
    <remembered-set count="133" />
  </mem-info>
</gc-end>
<cycle-end id="143" type="scavenge" contextid="137" timestamp="2019-06-16T17:33:57.117" />
  <attribute name="elasticGC enabled" value="1" />
  <attribute name= "numThreadsSpecified" value="4" />
  <attribute name="heapSize specified" value="0" />
  <attribute name="Current GC Util" value="1" />
  <attribute name= "Current Time Running" value="1751" />
  <attribute name ="GC Interval" value="200" />
  <attribute name="ProportionalT" value="-19.000000" />
  <attribute name="ProportionalI" value="-19.000000" />
  <attribute name="ProportionalH" value="-19.000000" />
  <attribute name="Current Error" value="-19.000000" />
  <attribute name="IntegralT" value="-855.000000" />
  <attribute name="IntegralI" value="-855.000000" />
  <attribute name="IntegralH" value="-855.000000" />
  <attribute name="DerivativeT" value="-0.211111" />
  <attribute name="DerivativeI" value="-0.211111" />
  <attribute name="DerivativeH" value="-0.211111" />
  <attribute name="Loop Time for DT" value="45.000000" />
  <attribute name="Output H" value="2092630016"/>
  <attribute name="Output I" value="200"/>
  <attribute name="Output T" value="4"/>
  <attribute name="Target GC Util Change" value ="20.000000" />
  <attribute name="Current GC Util Change" value="1.000000"/>
  <attribute name="GC Util currently" value="1" />
  <attribute name="CPU Util currently" value="3" />
<allocation-satisfied id="144" threadId="0000000001858700" bytesRequested="15368" />
<af-end id="145" timestamp="2019-06-16T17:33:57.117" threadId="0000000001859088" success="true" from="nursery"/>
<exclusive-end id="146" timestamp="2019-06-16T17:33:57.117" durationms="1.040" />

<exclusive-start id="147" timestamp="2019-06-16T17:33:57.135" intervalms="18.943">
  <response-info timems="0.036" idlems="0.036" threads="0" lastid="0000000001858700" lastname="main" />
</exclusive-start>
<af-start id="148" threadId="0000000001859088" totalBytesRequested="1552" timestamp="2019-06-16T17:33:57.135" intervalms="18.945" type="nursery" />
<cycle-start id="149" type="scavenge" contextid="0" timestamp="2019-06-16T17:33:57.135" intervalms="18.939" />
<gc-start id="150" type="scavenge" contextid="149" timestamp="2019-06-16T17:33:57.135">
  <mem-info id="151" free="4888496" total="8519680" percent="57">
    <mem type="nursery" free="0" total="2228224" percent="0">
      <mem type="allocate" free="0" total="1114112" percent="0" />
      <mem type="survivor" free="0" total="1114112" percent="0" />
    </mem>
    <mem type="tenure" free="4888496" total="6291456" percent="77">
      <mem type="soa" free="4574128" total="5977088" percent="76" />
      <mem type="loa" free="314368" total="314368" percent="100" />
    </mem>
    <remembered-set count="221" />
  </mem-info>
</gc-start>
<allocation-stats totalBytes="719672" >
  <allocated-bytes non-tlh="70056" tlh="649616" />
  <largest-consumer threadName="main" threadId="0000000001858700" bytes="715576" />
</allocation-stats>
<gc-op id="152" type="scavenge" timems="0.262" contextid="149" timestamp="2019-06-16T17:33:57.136">
  <scavenger-info tenureage="3" tenuremask="fff8" tiltratio="50" />
  <memory-copied type="nursery" objects="597" bytes="208640" bytesdiscarded="109352" />
  <references type="soft" candidates="3" cleared="0" enqueued="0" dynamicThreshold="32" maxThreshold="32" />
  <references type="weak" candidates="15" cleared="15" enqueued="15" />
  <references type="phantom" candidates="28" cleared="0" enqueued="0" />
</gc-op>
<gc-end id="153" type="scavenge" contextid="149" durationms="0.467" usertimems="0.000" systemtimems="0.000" timestamp="2019-06-16T17:33:57.136" activeThreads="4">
  <mem-info id="154" free="5684616" total="8519680" percent="66">
    <mem type="nursery" free="796120" total="2228224" percent="35">
      <mem type="allocate" free="796120" total="1114112" percent="71" />
      <mem type="survivor" free="0" total="1114112" percent="0" />
    </mem>
    <mem type="tenure" free="4888496" total="6291456" percent="77">
      <mem type="soa" free="4574128" total="5977088" percent="76" />
      <mem type="loa" free="314368" total="314368" percent="100" />
    </mem>
    <pending-finalizers system="0" default="0" reference="15" classloader="0" />
    <remembered-set count="219" />
  </mem-info>
</gc-end>
<cycle-end id="155" type="scavenge" contextid="149" timestamp="2019-06-16T17:33:57.136" />
  <attribute name="elasticGC enabled" value="1" />
  <attribute name= "numThreadsSpecified" value="4" />
  <attribute name="heapSize specified" value="0" />
  <attribute name="Current GC Util" value="3" />
  <attribute name= "Current Time Running" value="1770" />
  <attribute name ="GC Interval" value="200" />
  <attribute name="ProportionalT" value="-17.000000" />
  <attribute name="ProportionalI" value="-17.000000" />
  <attribute name="ProportionalH" value="-17.000000" />
  <attribute name="Current Error" value="-17.000000" />
  <attribute name="IntegralT" value="-323.000000" />
  <attribute name="IntegralI" value="-323.000000" />
  <attribute name="IntegralH" value="-323.000000" />
  <attribute name="DerivativeT" value="-0.447368" />
  <attribute name="DerivativeI" value="-0.447368" />
  <attribute name="DerivativeH" value="-0.447368" />
  <attribute name="Loop Time for DT" value="19.000000" />
  <attribute name="Output H" value="2092630016"/>
  <attribute name="Output I" value="200"/>
  <attribute name="Output T" value="4"/>
  <attribute name="Target GC Util Change" value ="20.000000" />
  <attribute name="Current GC Util Change" value="3.000000"/>
  <attribute name="GC Util currently" value="3" />
  <attribute name="CPU Util currently" value="243194251149" />
<allocation-satisfied id="156" threadId="0000000001858700" bytesRequested="1552" />
<af-end id="157" timestamp="2019-06-16T17:33:57.136" threadId="0000000001859088" success="true" from="nursery"/>
<exclusive-end id="158" timestamp="2019-06-16T17:33:57.136" durationms="0.951" />

<exclusive-start id="159" timestamp="2019-06-16T17:33:57.158" intervalms="22.847">
  <response-info timems="0.025" idlems="0.025" threads="0" lastid="0000000001858700" lastname="main" />
</exclusive-start>
<af-start id="160" threadId="0000000001859088" totalBytesRequested="3144" timestamp="2019-06-16T17:33:57.158" intervalms="22.808" type="nursery" />
<cycle-start id="161" type="scavenge" contextid="0" timestamp="2019-06-16T17:33:57.158" intervalms="22.776" />
<gc-start id="162" type="scavenge" contextid="161" timestamp="2019-06-16T17:33:57.158">
  <mem-info id="163" free="4876056" total="8519680" percent="57">
    <mem type="nursery" free="0" total="2228224" percent="0">
      <mem type="allocate" free="0" total="1114112" percent="0" />
      <mem type="survivor" free="0" total="1114112" percent="0" />
    </mem>
    <mem type="tenure" free="4876056" total="6291456" percent="77">
      <mem type="soa" free="4561688" total="5977088" percent="76" />
      <mem type="loa" free="314368" total="314368" percent="100" />
    </mem>
    <remembered-set count="354" />
  </mem-info>
</gc-start>
<allocation-stats totalBytes="805384" >
  <allocated-bytes non-tlh="13992" tlh="791392" />
  <largest-consumer threadName="main" threadId="0000000001858700" bytes="805384" />
</allocation-stats>
<gc-op id="164" type="scavenge" timems="0.277" contextid="161" timestamp="2019-06-16T17:33:57.159">
  <scavenger-info tenureage="3" tenuremask="fff8" tiltratio="50" />
  <memory-copied type="nursery" objects="721" bytes="212584" bytesdiscarded="51080" />
  <references type="soft" candidates="4" cleared="0" enqueued="0" dynamicThreshold="32" maxThreshold="32" />
  <references type="weak" candidates="18" cleared="18" enqueued="18" />
  <references type="phantom" candidates="30" cleared="1" enqueued="1" />
</gc-op>
<gc-end id="165" type="scavenge" contextid="161" durationms="0.423" usertimems="0.000" systemtimems="0.000" timestamp="2019-06-16T17:33:57.159" activeThreads="4">
  <mem-info id="166" free="5726488" total="8519680" percent="67">
    <mem type="nursery" free="850432" total="2228224" percent="38">
      <mem type="allocate" free="850432" total="1114112" percent="76" />
      <mem type="survivor" free="0" total="1114112" percent="0" />
    </mem>
    <mem type="tenure" free="4876056" total="6291456" percent="77">
      <mem type="soa" free="4561688" total="5977088" percent="76" />
      <mem type="loa" free="314368" total="314368" percent="100" />
    </mem>
    <pending-finalizers system="0" default="0" reference="19" classloader="0" />
    <remembered-set count="311" />
  </mem-info>
</gc-end>
<cycle-end id="167" type="scavenge" contextid="161" timestamp="2019-06-16T17:33:57.159" />
  <attribute name="elasticGC enabled" value="1" />
  <attribute name= "numThreadsSpecified" value="4" />
  <attribute name="heapSize specified" value="0" />
  <attribute name="Current GC Util" value="2" />
  <attribute name= "Current Time Running" value="1792" />
  <attribute name ="GC Interval" value="200" />
  <attribute name="ProportionalT" value="-18.000000" />
  <attribute name="ProportionalI" value="-18.000000" />
  <attribute name="ProportionalH" value="-18.000000" />
  <attribute name="Current Error" value="-18.000000" />
  <attribute name="IntegralT" value="-396.000000" />
  <attribute name="IntegralI" value="-396.000000" />
  <attribute name="IntegralH" value="-396.000000" />
  <attribute name="DerivativeT" value="-0.409091" />
  <attribute name="DerivativeI" value="-0.409091" />
  <attribute name="DerivativeH" value="-0.409091" />
  <attribute name="Loop Time for DT" value="22.000000" />
  <attribute name="Output H" value="2092630016"/>
  <attribute name="Output I" value="200"/>
  <attribute name="Output T" value="4"/>
  <attribute name="Target GC Util Change" value ="20.000000" />
  <attribute name="Current GC Util Change" value="2.000000"/>
  <attribute name="GC Util currently" value="2" />
  <attribute name="CPU Util currently" value="203297237459" />
<allocation-satisfied id="168" threadId="0000000001858700" bytesRequested="3144" />
<af-end id="169" timestamp="2019-06-16T17:33:57.159" threadId="0000000001859088" success="true" from="nursery"/>
<exclusive-end id="170" timestamp="2019-06-16T17:33:57.159" durationms="0.769" />

<exclusive-start id="171" timestamp="2019-06-16T17:33:57.195" intervalms="36.988">
  <response-info timems="0.047" idlems="0.047" threads="0" lastid="0000000001858700" lastname="main" />
</exclusive-start>
<af-start id="172" threadId="0000000001859088" totalBytesRequested="49816" timestamp="2019-06-16T17:33:57.195" intervalms="37.025" type="nursery" />
<cycle-start id="173" type="scavenge" contextid="0" timestamp="2019-06-16T17:33:57.195" intervalms="37.063" />
<gc-start id="174" type="scavenge" contextid="173" timestamp="2019-06-16T17:33:57.195">
  <mem-info id="175" free="4851592" total="8519680" percent="56">
    <mem type="nursery" free="0" total="2228224" percent="0">
      <mem type="allocate" free="0" total="1114112" percent="0" />
      <mem type="survivor" free="0" total="1114112" percent="0" />
    </mem>
    <mem type="tenure" free="4851592" total="6291456" percent="77">
      <mem type="soa" free="4537224" total="5977088" percent="75" />
      <mem type="loa" free="314368" total="314368" percent="100" />
    </mem>
    <remembered-set count="677" />
  </mem-info>
</gc-start>
<allocation-stats totalBytes="870536" >
  <allocated-bytes non-tlh="27608" tlh="842928" />
  <largest-consumer threadName="main" threadId="0000000001858700" bytes="866440" />
</allocation-stats>
<gc-op id="176" type="scavenge" timems="0.565" contextid="173" timestamp="2019-06-16T17:33:57.196">
  <scavenger-info tenureage="3" tenuremask="fff8" tiltratio="50" />
  <memory-copied type="nursery" objects="2720" bytes="104512" bytesdiscarded="51976" />
  <memory-copied type="tenure" objects="462" bytes="203648" bytesdiscarded="0" />
  <finalization candidates="39" enqueued="1" />
  <ownableSynchronizers candidates="17" cleared="0" />
  <references type="soft" candidates="6" cleared="0" enqueued="0" dynamicThreshold="32" maxThreshold="32" />
  <references type="weak" candidates="707" cleared="345" enqueued="243" />
  <references type="phantom" candidates="6" cleared="1" enqueued="1" />
</gc-op>
<gc-end id="177" type="scavenge" contextid="173" durationms="0.787" usertimems="0.000" systemtimems="0.000" timestamp="2019-06-16T17:33:57.196" activeThreads="4">
  <mem-info id="178" free="5828040" total="8519680" percent="68">
    <mem type="nursery" free="1088512" total="2228224" percent="48">
      <mem type="allocate" free="1088512" total="1245184" percent="87" />
      <mem type="survivor" free="0" total="983040" percent="0" />
    </mem>
    <mem type="tenure" free="4739528" total="6291456" percent="75">
      <mem type="soa" free="4425160" total="5977088" percent="74" />
      <mem type="loa" free="314368" total="314368" percent="100" />
    </mem>
    <pending-finalizers system="1" default="0" reference="244" classloader="0" />
    <remembered-set count="620" />
  </mem-info>
</gc-end>
<cycle-end id="179" type="scavenge" contextid="173" timestamp="2019-06-16T17:33:57.196" />
  <attribute name="elasticGC enabled" value="1" />
  <attribute name= "numThreadsSpecified" value="4" />
  <attribute name="heapSize specified" value="0" />
  <attribute name="Current GC Util" value="1" />
  <attribute name= "Current Time Running" value="1829" />
  <attribute name ="GC Interval" value="200" />
  <attribute name="ProportionalT" value="-19.000000" />
  <attribute name="ProportionalI" value="-19.000000" />
  <attribute name="ProportionalH" value="-19.000000" />
  <attribute name="Current Error" value="-19.000000" />
  <attribute name="IntegralT" value="-703.000000" />
  <attribute name="IntegralI" value="-703.000000" />
  <attribute name="IntegralH" value="-703.000000" />
  <attribute name="DerivativeT" value="-0.256757" />
  <attribute name="DerivativeI" value="-0.256757" />
  <attribute name="DerivativeH" value="-0.256757" />
  <attribute name="Loop Time for DT" value="37.000000" />
  <attribute name="Output H" value="2092630016"/>
  <attribute name="Output I" value="200"/>
  <attribute name="Output T" value="4"/>
  <attribute name="Target GC Util Change" value ="20.000000" />
  <attribute name="Current GC Util Change" value="1.000000"/>
  <attribute name="GC Util currently" value="1" />
  <attribute name="CPU Util currently" value="29" />
<allocation-satisfied id="180" threadId="0000000001858700" bytesRequested="49816" />
<af-end id="181" timestamp="2019-06-16T17:33:57.196" threadId="0000000001859088" success="true" from="nursery"/>
<exclusive-end id="182" timestamp="2019-06-16T17:33:57.196" durationms="1.280" />

<exclusive-start id="183" timestamp="2019-06-16T17:33:57.223" intervalms="27.839">
  <response-info timems="0.042" idlems="0.042" threads="0" lastid="0000000001858700" lastname="main" />
</exclusive-start>
<af-start id="184" threadId="0000000001859088" totalBytesRequested="1600" timestamp="2019-06-16T17:33:57.223" intervalms="27.809" type="nursery" />
<cycle-start id="185" type="scavenge" contextid="0" timestamp="2019-06-16T17:33:57.223" intervalms="27.773" />
<gc-start id="186" type="scavenge" contextid="185" timestamp="2019-06-16T17:33:57.223">
  <mem-info id="187" free="4719640" total="8519680" percent="55">
    <mem type="nursery" free="0" total="2228224" percent="0">
      <mem type="allocate" free="0" total="1245184" percent="0" />
      <mem type="survivor" free="0" total="983040" percent="0" />
    </mem>
    <mem type="tenure" free="4719640" total="6291456" percent="75">
      <mem type="soa" free="4405272" total="5977088" percent="73" />
      <mem type="loa" free="314368" total="314368" percent="100" />
    </mem>
    <remembered-set count="866" />
  </mem-info>
</gc-start>
<allocation-stats totalBytes="1073856" >
  <allocated-bytes non-tlh="119520" tlh="954336" />
  <largest-consumer threadName="main" threadId="0000000001858700" bytes="1062024" />
</allocation-stats>
<gc-op id="188" type="scavenge" timems="0.569" contextid="185" timestamp="2019-06-16T17:33:57.224">
  <scavenger-info tenureage="3" tenuremask="ffe8" tiltratio="55" />
  <memory-copied type="nursery" objects="2937" bytes="129456" bytesdiscarded="27024" />
  <memory-copied type="tenure" objects="61" bytes="1768" bytesdiscarded="0" />
  <finalization candidates="38" enqueued="0" />
  <ownableSynchronizers candidates="17" cleared="0" />
  <references type="soft" candidates="6" cleared="0" enqueued="0" dynamicThreshold="32" maxThreshold="32" />
  <references type="weak" candidates="502" cleared="21" enqueued="18" />
  <references type="phantom" candidates="6" cleared="0" enqueued="0" />
</gc-op>
<gc-end id="189" type="scavenge" contextid="185" durationms="0.727" usertimems="0.000" systemtimems="0.000" timestamp="2019-06-16T17:33:57.224" activeThreads="4">
  <mem-info id="190" free="6004760" total="8519680" percent="70">
    <mem type="nursery" free="1285120" total="2228224" percent="57">
      <mem type="allocate" free="1285120" total="1441792" percent="89" />
      <mem type="survivor" free="0" total="786432" percent="0" />
    </mem>
    <mem type="tenure" free="4719640" total="6291456" percent="75">
      <mem type="soa" free="4405272" total="5977088" percent="73" />
      <mem type="loa" free="314368" total="314368" percent="100" />
    </mem>
    <pending-finalizers system="0" default="0" reference="18" classloader="0" />
    <remembered-set count="748" />
  </mem-info>
</gc-end>
<cycle-end id="191" type="scavenge" contextid="185" timestamp="2019-06-16T17:33:57.224" />
  <attribute name="elasticGC enabled" value="1" />
  <attribute name= "numThreadsSpecified" value="4" />
  <attribute name="heapSize specified" value="0" />
  <attribute name="Current GC Util" value="3" />
  <attribute name= "Current Time Running" value="1857" />
  <attribute name ="GC Interval" value="200" />
  <attribute name="ProportionalT" value="-17.000000" />
  <attribute name="ProportionalI" value="-17.000000" />
  <attribute name="ProportionalH" value="-17.000000" />
  <attribute name="Current Error" value="-17.000000" />
  <attribute name="IntegralT" value="-476.000000" />
  <attribute name="IntegralI" value="-476.000000" />
  <attribute name="IntegralH" value="-476.000000" />
  <attribute name="DerivativeT" value="-0.303571" />
  <attribute name="DerivativeI" value="-0.303571" />
  <attribute name="DerivativeH" value="-0.303571" />
  <attribute name="Loop Time for DT" value="28.000000" />
  <attribute name="Output H" value="2092630016"/>
  <attribute name="Output I" value="200"/>
  <attribute name="Output T" value="4"/>
  <attribute name="Target GC Util Change" value ="20.000000" />
  <attribute name="Current GC Util Change" value="3.000000"/>
  <attribute name="GC Util currently" value="3" />
  <attribute name="CPU Util currently" value="11" />
<allocation-satisfied id="192" threadId="0000000001858700" bytesRequested="1600" />
<af-end id="193" timestamp="2019-06-16T17:33:57.224" threadId="0000000001859088" success="true" from="nursery"/>
<exclusive-end id="194" timestamp="2019-06-16T17:33:57.224" durationms="1.097" />

<exclusive-start id="195" timestamp="2019-06-16T17:33:57.281" intervalms="57.607">
  <response-info timems="0.057" idlems="0.057" threads="0" lastid="0000000001858700" lastname="main" />
</exclusive-start>
<af-start id="196" threadId="0000000001859088" totalBytesRequested="520" timestamp="2019-06-16T17:33:57.281" intervalms="57.618" type="nursery" />
<cycle-start id="197" type="scavenge" contextid="0" timestamp="2019-06-16T17:33:57.281" intervalms="57.622" />
<gc-start id="198" type="scavenge" contextid="197" timestamp="2019-06-16T17:33:57.281">
  <mem-info id="199" free="4663488" total="8519680" percent="54">
    <mem type="nursery" free="0" total="2228224" percent="0">
      <mem type="allocate" free="0" total="1441792" percent="0" />
      <mem type="survivor" free="0" total="786432" percent="0" />
    </mem>
    <mem type="tenure" free="4663488" total="6291456" percent="74">
      <mem type="soa" free="4349120" total="5977088" percent="72" />
      <mem type="loa" free="314368" total="314368" percent="100" />
    </mem>
    <remembered-set count="1245" />
  </mem-info>
</gc-start>
<allocation-stats totalBytes="1340088" >
  <allocated-bytes non-tlh="57752" tlh="1282336" />
  <largest-consumer threadName="main" threadId="0000000001858700" bytes="1331896" />
</allocation-stats>
<gc-op id="200" type="scavenge" timems="0.652" contextid="197" timestamp="2019-06-16T17:33:57.281">
  <scavenger-info tenureage="3" tenuremask="ffe8" tiltratio="64" />
  <memory-copied type="nursery" objects="6046" bytes="217712" bytesdiscarded="78496" />
  <memory-copied type="tenure" objects="96" bytes="2808" bytesdiscarded="16" />
  <finalization candidates="39" enqueued="0" />
  <ownableSynchronizers candidates="17" cleared="0" />
  <references type="soft" candidates="5" cleared="0" enqueued="0" dynamicThreshold="32" maxThreshold="32" />
  <references type="weak" candidates="762" cleared="14" enqueued="14" />
  <references type="phantom" candidates="5" cleared="0" enqueued="0" />
</gc-op>
<gc-end id="201" type="scavenge" contextid="197" durationms="0.824" usertimems="0.000" systemtimems="0.000" timestamp="2019-06-16T17:33:57.282" activeThreads="4">
  <mem-info id="202" free="5796032" total="8519680" percent="68">
    <mem type="nursery" free="1210880" total="2228224" percent="54">
      <mem type="allocate" free="1210880" total="1507328" percent="80" />
      <mem type="survivor" free="0" total="720896" percent="0" />
    </mem>
    <mem type="tenure" free="4585152" total="6291456" percent="72">
      <mem type="soa" free="4270784" total="5977088" percent="71" />
      <mem type="loa" free="314368" total="314368" percent="100" />
    </mem>
    <pending-finalizers system="0" default="0" reference="14" classloader="0" />
    <remembered-set count="1022" />
  </mem-info>
</gc-end>
<cycle-end id="203" type="scavenge" contextid="197" timestamp="2019-06-16T17:33:57.282" />
  <attribute name="elasticGC enabled" value="1" />
  <attribute name= "numThreadsSpecified" value="4" />
  <attribute name="heapSize specified" value="0" />
  <attribute name="Current GC Util" value="1" />
  <attribute name= "Current Time Running" value="1915" />
  <attribute name ="GC Interval" value="200" />
  <attribute name="ProportionalT" value="-19.000000" />
  <attribute name="ProportionalI" value="-19.000000" />
  <attribute name="ProportionalH" value="-19.000000" />
  <attribute name="Current Error" value="-19.000000" />
  <attribute name="IntegralT" value="-1102.000000" />
  <attribute name="IntegralI" value="-1102.000000" />
  <attribute name="IntegralH" value="-1102.000000" />
  <attribute name="DerivativeT" value="-0.163793" />
  <attribute name="DerivativeI" value="-0.163793" />
  <attribute name="DerivativeH" value="-0.163793" />
  <attribute name="Loop Time for DT" value="58.000000" />
  <attribute name="Output H" value="2092630016"/>
  <attribute name="Output I" value="200"/>
  <attribute name="Output T" value="4"/>
  <attribute name="Target GC Util Change" value ="20.000000" />
  <attribute name="Current GC Util Change" value="1.000000"/>
  <attribute name="GC Util currently" value="1" />
  <attribute name="CPU Util currently" value="26" />
<allocation-satisfied id="204" threadId="0000000001858700" bytesRequested="520" />
<af-end id="205" timestamp="2019-06-16T17:33:57.282" threadId="0000000001859088" success="true" from="nursery"/>
<exclusive-end id="206" timestamp="2019-06-16T17:33:57.282" durationms="1.257" />

<exclusive-start id="207" timestamp="2019-06-16T17:33:57.329" intervalms="48.216">
  <response-info timems="0.040" idlems="0.040" threads="0" lastid="0000000001858700" lastname="main" />
</exclusive-start>
<af-start id="208" threadId="0000000001859088" totalBytesRequested="72" timestamp="2019-06-16T17:33:57.329" intervalms="48.212" type="nursery" />
<cycle-start id="209" type="scavenge" contextid="0" timestamp="2019-06-16T17:33:57.329" intervalms="48.211" />
<gc-start id="210" type="scavenge" contextid="209" timestamp="2019-06-16T17:33:57.329">
  <mem-info id="211" free="4499896" total="8519680" percent="52">
    <mem type="nursery" free="0" total="2228224" percent="0">
      <mem type="allocate" free="0" total="1507328" percent="0" />
      <mem type="survivor" free="0" total="720896" percent="0" />
    </mem>
    <mem type="tenure" free="4499896" total="6291456" percent="71">
      <mem type="soa" free="4185528" total="5977088" percent="70" />
      <mem type="loa" free="314368" total="314368" percent="100" />
    </mem>
    <remembered-set count="2330" />
  </mem-info>
</gc-start>
<allocation-stats totalBytes="1294752" >
  <allocated-bytes non-tlh="85776" tlh="1208976" />
  <largest-consumer threadName="main" threadId="0000000001858700" bytes="1294752" />
</allocation-stats>
<gc-op id="212" type="scavenge" timems="0.936" contextid="209" timestamp="2019-06-16T17:33:57.330">
  <scavenger-info tenureage="3" tenuremask="ffe8" tiltratio="67" />
  <memory-copied type="nursery" objects="8096" bytes="252808" bytesdiscarded="82632" />
  <memory-copied type="tenure" objects="2335" bytes="92576" bytesdiscarded="16" />
  <finalization candidates="49" enqueued="0" />
  <ownableSynchronizers candidates="17" cleared="0" />
  <references type="soft" candidates="39" cleared="0" enqueued="0" dynamicThreshold="32" maxThreshold="32" />
  <references type="weak" candidates="634" cleared="66" enqueued="50" />
  <references type="phantom" candidates="5" cleared="2" enqueued="2" />
</gc-op>
<gc-end id="213" type="scavenge" contextid="209" durationms="1.108" usertimems="0.000" systemtimems="0.000" timestamp="2019-06-16T17:33:57.330" activeThreads="4">
  <mem-info id="214" free="5628088" total="8519680" percent="66">
    <mem type="nursery" free="1237248" total="2228224" percent="55">
      <mem type="allocate" free="1237248" total="1572864" percent="78" />
      <mem type="survivor" free="0" total="655360" percent="0" />
    </mem>
    <mem type="tenure" free="4390840" total="6291456" percent="69">
      <mem type="soa" free="4076472" total="5977088" percent="68" />
      <mem type="loa" free="314368" total="314368" percent="100" />
    </mem>
    <pending-finalizers system="0" default="0" reference="52" classloader="0" />
    <remembered-set count="1963" />
  </mem-info>
</gc-end>
<cycle-end id="215" type="scavenge" contextid="209" timestamp="2019-06-16T17:33:57.330" />
  <attribute name="elasticGC enabled" value="1" />
  <attribute name= "numThreadsSpecified" value="4" />
  <attribute name="heapSize specified" value="0" />
  <attribute name="Current GC Util" value="2" />
  <attribute name= "Current Time Running" value="1963" />
  <attribute name ="GC Interval" value="200" />
  <attribute name="ProportionalT" value="-18.000000" />
  <attribute name="ProportionalI" value="-18.000000" />
  <attribute name="ProportionalH" value="-18.000000" />
  <attribute name="Current Error" value="-18.000000" />
  <attribute name="IntegralT" value="-864.000000" />
  <attribute name="IntegralI" value="-864.000000" />
  <attribute name="IntegralH" value="-864.000000" />
  <attribute name="DerivativeT" value="-0.187500" />
  <attribute name="DerivativeI" value="-0.187500" />
  <attribute name="DerivativeH" value="-0.187500" />
  <attribute name="Loop Time for DT" value="48.000000" />
  <attribute name="Output H" value="2092630016"/>
  <attribute name="Output I" value="200"/>
  <attribute name="Output T" value="4"/>
  <attribute name="Target GC Util Change" value ="20.000000" />
  <attribute name="Current GC Util Change" value="2.000000"/>
  <attribute name="GC Util currently" value="2" />
  <attribute name="CPU Util currently" value="15" />
<allocation-satisfied id="216" threadId="0000000001858700" bytesRequested="72" />
<af-end id="217" timestamp="2019-06-16T17:33:57.330" threadId="0000000001859088" success="true" from="nursery"/>
<exclusive-end id="218" timestamp="2019-06-16T17:33:57.330" durationms="1.475" />

<exclusive-start id="219" timestamp="2019-06-16T17:33:57.365" intervalms="36.317">
  <response-info timems="0.049" idlems="0.049" threads="0" lastid="0000000001858700" lastname="main" />
</exclusive-start>
<af-start id="220" threadId="0000000001859088" totalBytesRequested="880" timestamp="2019-06-16T17:33:57.365" intervalms="36.319" type="nursery" />
<cycle-start id="221" type="scavenge" contextid="0" timestamp="2019-06-16T17:33:57.365" intervalms="36.320" />
<gc-start id="222" type="scavenge" contextid="221" timestamp="2019-06-16T17:33:57.365">
  <mem-info id="223" free="4357448" total="8519680" percent="51">
    <mem type="nursery" free="0" total="2228224" percent="0">
      <mem type="allocate" free="0" total="1572864" percent="0" />
      <mem type="survivor" free="0" total="655360" percent="0" />
    </mem>
    <mem type="tenure" free="4357448" total="6291456" percent="69">
      <mem type="soa" free="4043080" total="5977088" percent="67" />
      <mem type="loa" free="314368" total="314368" percent="100" />
    </mem>
    <remembered-set count="2361" />
  </mem-info>
</gc-start>
<allocation-stats totalBytes="1268944" >
  <allocated-bytes non-tlh="33464" tlh="1235480" />
  <largest-consumer threadName="main" threadId="0000000001858700" bytes="1257112" />
</allocation-stats>
<gc-op id="224" type="scavenge" timems="0.862" contextid="221" timestamp="2019-06-16T17:33:57.366">
  <scavenger-info tenureage="3" tenuremask="ffe8" tiltratio="70" />
  <memory-copied type="nursery" objects="10420" bytes="333160" bytesdiscarded="42256" />
  <memory-copied type="tenure" objects="300" bytes="21520" bytesdiscarded="0" />
  <finalization candidates="11" enqueued="0" />
  <references type="soft" candidates="321" cleared="0" enqueued="0" dynamicThreshold="32" maxThreshold="32" />
  <references type="weak" candidates="563" cleared="17" enqueued="17" />
  <references type="phantom" candidates="5" cleared="1" enqueued="1" />
</gc-op>
<gc-end id="225" type="scavenge" contextid="221" durationms="1.037" usertimems="0.000" systemtimems="0.000" timestamp="2019-06-16T17:33:57.366" activeThreads="4">
  <mem-info id="226" free="5685696" total="8519680" percent="66">
    <mem type="nursery" free="1328248" total="2228224" percent="59">
      <mem type="allocate" free="1328248" total="1703936" percent="77" />
      <mem type="survivor" free="0" total="524288" percent="0" />
    </mem>
    <mem type="tenure" free="4357448" total="6291456" percent="69">
      <mem type="soa" free="4043080" total="5977088" percent="67" />
      <mem type="loa" free="314368" total="314368" percent="100" />
    </mem>
    <pending-finalizers system="0" default="0" reference="18" classloader="0" />
    <remembered-set count="1898" />
  </mem-info>
</gc-end>
<cycle-end id="227" type="scavenge" contextid="221" timestamp="2019-06-16T17:33:57.366" />
  <attribute name="elasticGC enabled" value="1" />
  <attribute name= "numThreadsSpecified" value="4" />
  <attribute name="heapSize specified" value="0" />
  <attribute name="Current GC Util" value="4" />
  <attribute name= "Current Time Running" value="1999" />
  <attribute name ="GC Interval" value="200" />
  <attribute name="ProportionalT" value="-16.000000" />
  <attribute name="ProportionalI" value="-16.000000" />
  <attribute name="ProportionalH" value="-16.000000" />
  <attribute name="Current Error" value="-16.000000" />
  <attribute name="IntegralT" value="-576.000000" />
  <attribute name="IntegralI" value="-576.000000" />
  <attribute name="IntegralH" value="-576.000000" />
  <attribute name="DerivativeT" value="-0.222222" />
  <attribute name="DerivativeI" value="-0.222222" />
  <attribute name="DerivativeH" value="-0.222222" />
  <attribute name="Loop Time for DT" value="36.000000" />
  <attribute name="Output H" value="2092630016"/>
  <attribute name="Output I" value="200"/>
  <attribute name="Output T" value="4"/>
  <attribute name="Target GC Util Change" value ="20.000000" />
  <attribute name="Current GC Util Change" value="4.000000"/>
  <attribute name="GC Util currently" value="4" />
  <attribute name="CPU Util currently" value="13" />
<allocation-satisfied id="228" threadId="0000000001858700" bytesRequested="880" />
<af-end id="229" timestamp="2019-06-16T17:33:57.366" threadId="0000000001859088" success="true" from="nursery"/>
<exclusive-end id="230" timestamp="2019-06-16T17:33:57.366" durationms="1.410" />

<exclusive-start id="231" timestamp="2019-06-16T17:33:59.621" intervalms="2255.716">
  <response-info timems="0.065" idlems="0.065" threads="0" lastid="0000000001858700" lastname="main" />
</exclusive-start>
<af-start id="232" threadId="0000000001859088" totalBytesRequested="4696" timestamp="2019-06-16T17:33:59.621" intervalms="2255.746" type="nursery" />
<cycle-start id="233" type="scavenge" contextid="0" timestamp="2019-06-16T17:33:59.621" intervalms="2255.791" />
<gc-start id="234" type="scavenge" contextid="233" timestamp="2019-06-16T17:33:59.621">
  <mem-info id="235" free="4334408" total="8519680" percent="50">
    <mem type="nursery" free="0" total="2228224" percent="0">
      <mem type="allocate" free="0" total="1703936" percent="0" />
      <mem type="survivor" free="0" total="524288" percent="0" />
    </mem>
    <mem type="tenure" free="4334408" total="6291456" percent="68">
      <mem type="soa" free="4020040" total="5977088" percent="67" />
      <mem type="loa" free="314368" total="314368" percent="100" />
    </mem>
    <remembered-set count="2224" />
  </mem-info>
</gc-start>
<allocation-stats totalBytes="1350416" >
  <allocated-bytes non-tlh="23920" tlh="1326496" />
  <largest-consumer threadName="main" threadId="0000000001858700" bytes="1342224" />
</allocation-stats>
<gc-op id="236" type="scavenge" timems="0.980" contextid="233" timestamp="2019-06-16T17:33:59.622">
  <scavenger-info tenureage="3" tenuremask="ffe8" tiltratio="76" />
  <memory-copied type="nursery" objects="9438" bytes="327184" bytesdiscarded="96336" />
  <memory-copied type="tenure" objects="3291" bytes="99064" bytesdiscarded="0" />
  <finalization candidates="11" enqueued="0" />
  <references type="soft" candidates="484" cleared="0" enqueued="0" dynamicThreshold="32" maxThreshold="32" />
  <references type="weak" candidates="385" cleared="11" enqueued="11" />
  <references type="phantom" candidates="6" cleared="2" enqueued="2" />
</gc-op>
<gc-end id="237" type="scavenge" contextid="233" durationms="1.174" usertimems="0.000" systemtimems="4.000" timestamp="2019-06-16T17:33:59.622" activeThreads="4">
  <mem-info id="238" free="5531840" total="8519680" percent="64">
    <mem type="nursery" free="1345656" total="2228224" percent="60">
      <mem type="allocate" free="1345656" total="1769472" percent="76" />
      <mem type="survivor" free="0" total="458752" percent="0" />
    </mem>
    <mem type="tenure" free="4186184" total="6291456" percent="66">
      <mem type="soa" free="3871816" total="5977088" percent="64" />
      <mem type="loa" free="314368" total="314368" percent="100" />
    </mem>
    <pending-finalizers system="0" default="0" reference="13" classloader="0" />
    <remembered-set count="1005" />
  </mem-info>
</gc-end>
<cycle-end id="239" type="scavenge" contextid="233" timestamp="2019-06-16T17:33:59.622" />
  <attribute name="elasticGC enabled" value="1" />
  <attribute name= "numThreadsSpecified" value="4" />
  <attribute name="heapSize specified" value="0" />
  <attribute name="Current GC Util" value="0" />
  <attribute name= "Current Time Running" value="4255" />
  <attribute name ="GC Interval" value="200" />
  <attribute name="ProportionalT" value="-20.000000" />
  <attribute name="ProportionalI" value="-20.000000" />
  <attribute name="ProportionalH" value="-20.000000" />
  <attribute name="Current Error" value="-20.000000" />
  <attribute name="IntegralT" value="-45120.000000" />
  <attribute name="IntegralI" value="-45120.000000" />
  <attribute name="IntegralH" value="-45120.000000" />
  <attribute name="DerivativeT" value="-0.004433" />
  <attribute name="DerivativeI" value="-0.004433" />
  <attribute name="DerivativeH" value="-0.004433" />
  <attribute name="Loop Time for DT" value="2256.000000" />
  <attribute name="Output H" value="2092630016"/>
  <attribute name="Output I" value="200"/>
  <attribute name="Output T" value="4"/>
  <attribute name="Target GC Util Change" value ="20.000000" />
  <attribute name="Current GC Util Change" value="0.000000"/>
  <attribute name="GC Util currently" value="0" />
  <attribute name="CPU Util currently" value="1" />
<allocation-satisfied id="240" threadId="0000000001858700" bytesRequested="4696" />
<af-end id="241" timestamp="2019-06-16T17:33:59.622" threadId="0000000001859088" success="true" from="nursery"/>
<exclusive-end id="242" timestamp="2019-06-16T17:33:59.622" durationms="1.658" />

<exclusive-start id="243" timestamp="2019-06-16T17:33:59.663" intervalms="42.429">
  <response-info timems="0.051" idlems="0.051" threads="0" lastid="0000000001858700" lastname="main" />
</exclusive-start>
<af-start id="244" threadId="0000000001859088" totalBytesRequested="40" timestamp="2019-06-16T17:33:59.663" intervalms="42.446" type="nursery" />
<cycle-start id="245" type="scavenge" contextid="0" timestamp="2019-06-16T17:33:59.663" intervalms="42.445" />
<gc-start id="246" type="scavenge" contextid="245" timestamp="2019-06-16T17:33:59.664">
  <mem-info id="247" free="4152512" total="8519680" percent="48">
    <mem type="nursery" free="0" total="2228224" percent="0">
      <mem type="allocate" free="0" total="1769472" percent="0" />
      <mem type="survivor" free="0" total="458752" percent="0" />
    </mem>
    <mem type="tenure" free="4152512" total="6291456" percent="66">
      <mem type="soa" free="3838144" total="5977088" percent="64" />
      <mem type="loa" free="314368" total="314368" percent="100" />
    </mem>
    <remembered-set count="1299" />
  </mem-info>
</gc-start>
<allocation-stats totalBytes="1377952" >
  <allocated-bytes non-tlh="38368" tlh="1339584" />
  <largest-consumer threadName="main" threadId="0000000001858700" bytes="1377952" />
</allocation-stats>
<gc-op id="248" type="scavenge" timems="0.998" contextid="245" timestamp="2019-06-16T17:33:59.665">
  <scavenger-info tenureage="3" tenuremask="ffe8" tiltratio="79" />
  <memory-copied type="nursery" objects="5818" bytes="223240" bytesdiscarded="81360" />
  <memory-copied type="tenure" objects="4368" bytes="126760" bytesdiscarded="80" />
  <finalization candidates="10" enqueued="0" />
  <references type="soft" candidates="473" cleared="0" enqueued="0" dynamicThreshold="32" maxThreshold="32" />
  <references type="weak" candidates="372" cleared="2" enqueued="2" />
  <references type="phantom" candidates="1" cleared="0" enqueued="0" />
</gc-op>
<gc-end id="249" type="scavenge" contextid="245" durationms="1.243" usertimems="0.000" systemtimems="0.000" timestamp="2019-06-16T17:33:59.665" activeThreads="4">
  <mem-info id="250" free="5508032" total="8519680" percent="64">
    <mem type="nursery" free="1464576" total="2228224" percent="65">
      <mem type="allocate" free="1464576" total="1769472" percent="82" />
      <mem type="survivor" free="0" total="458752" percent="0" />
    </mem>
    <mem type="tenure" free="4043456" total="6291456" percent="64">
      <mem type="soa" free="3729088" total="5977088" percent="62" />
      <mem type="loa" free="314368" total="314368" percent="100" />
    </mem>
    <pending-finalizers system="0" default="0" reference="2" classloader="0" />
    <remembered-set count="787" />
  </mem-info>
</gc-end>
<cycle-end id="251" type="scavenge" contextid="245" timestamp="2019-06-16T17:33:59.665" />
  <attribute name="elasticGC enabled" value="1" />
  <attribute name= "numThreadsSpecified" value="4" />
  <attribute name="heapSize specified" value="0" />
  <attribute name="Current GC Util" value="4" />
  <attribute name= "Current Time Running" value="4298" />
  <attribute name ="GC Interval" value="200" />
  <attribute name="ProportionalT" value="-16.000000" />
  <attribute name="ProportionalI" value="-16.000000" />
  <attribute name="ProportionalH" value="-16.000000" />
  <attribute name="Current Error" value="-16.000000" />
  <attribute name="IntegralT" value="-688.000000" />
  <attribute name="IntegralI" value="-688.000000" />
  <attribute name="IntegralH" value="-688.000000" />
  <attribute name="DerivativeT" value="-0.186047" />
  <attribute name="DerivativeI" value="-0.186047" />
  <attribute name="DerivativeH" value="-0.186047" />
  <attribute name="Loop Time for DT" value="43.000000" />
  <attribute name="Output H" value="2092630016"/>
  <attribute name="Output I" value="200"/>
  <attribute name="Output T" value="4"/>
  <attribute name="Target GC Util Change" value ="20.000000" />
  <attribute name="Current GC Util Change" value="4.000000"/>
  <attribute name="GC Util currently" value="4" />
  <attribute name="CPU Util currently" value="21" />
<allocation-satisfied id="252" threadId="0000000001858700" bytesRequested="40" />
<af-end id="253" timestamp="2019-06-16T17:33:59.665" threadId="0000000001859088" success="true" from="nursery"/>
<exclusive-end id="254" timestamp="2019-06-16T17:33:59.665" durationms="1.811" />

<exclusive-start id="255" timestamp="2019-06-16T17:33:59.696" intervalms="32.947">
  <response-info timems="0.078" idlems="0.078" threads="0" lastid="0000000001858700" lastname="main" />
</exclusive-start>
<af-start id="256" threadId="0000000001859088" totalBytesRequested="3768" timestamp="2019-06-16T17:33:59.696" intervalms="32.913" type="nursery" />
<cycle-start id="257" type="scavenge" contextid="0" timestamp="2019-06-16T17:33:59.696" intervalms="32.869" />
<gc-start id="258" type="scavenge" contextid="257" timestamp="2019-06-16T17:33:59.696">
  <mem-info id="259" free="4022912" total="8519680" percent="47">
    <mem type="nursery" free="0" total="2228224" percent="0">
      <mem type="allocate" free="0" total="1769472" percent="0" />
      <mem type="survivor" free="0" total="458752" percent="0" />
    </mem>
    <mem type="tenure" free="4022912" total="6291456" percent="63">
      <mem type="soa" free="3708544" total="5977088" percent="62" />
      <mem type="loa" free="314368" total="314368" percent="100" />
    </mem>
    <remembered-set count="1045" />
  </mem-info>
</gc-start>
<allocation-stats totalBytes="1458312" >
  <allocated-bytes non-tlh="20584" tlh="1437728" />
  <largest-consumer threadName="main" threadId="0000000001858700" bytes="1458312" />
</allocation-stats>
<gc-op id="260" type="scavenge" timems="0.809" contextid="257" timestamp="2019-06-16T17:33:59.697">
  <scavenger-info tenureage="3" tenuremask="ffe8" tiltratio="79" />
  <memory-copied type="nursery" objects="4425" bytes="182680" bytesdiscarded="52088" />
  <memory-copied type="tenure" objects="2648" bytes="103032" bytesdiscarded="8" />
  <finalization candidates="3" enqueued="0" />
  <references type="soft" candidates="236" cleared="0" enqueued="0" dynamicThreshold="32" maxThreshold="32" />
  <references type="weak" candidates="343" cleared="24" enqueued="24" />
  <references type="phantom" candidates="2" cleared="1" enqueued="1" />
</gc-op>
<gc-end id="261" type="scavenge" contextid="257" durationms="0.967" usertimems="0.000" systemtimems="0.000" timestamp="2019-06-16T17:33:59.697" activeThreads="4">
  <mem-info id="262" free="5518208" total="8519680" percent="64">
    <mem type="nursery" free="1534464" total="2228224" percent="68">
      <mem type="allocate" free="1534464" total="1769472" percent="86" />
      <mem type="survivor" free="0" total="458752" percent="0" />
    </mem>
    <mem type="tenure" free="3983744" total="6291456" percent="63">
      <mem type="soa" free="3669376" total="5977088" percent="61" />
      <mem type="loa" free="314368" total="314368" percent="100" />
    </mem>
    <pending-finalizers system="0" default="0" reference="25" classloader="0" />
    <remembered-set count="667" />
  </mem-info>
</gc-end>
<cycle-end id="263" type="scavenge" contextid="257" timestamp="2019-06-16T17:33:59.697" />
  <attribute name="elasticGC enabled" value="1" />
  <attribute name= "numThreadsSpecified" value="4" />
  <attribute name="heapSize specified" value="0" />
  <attribute name="Current GC Util" value="5" />
  <attribute name= "Current Time Running" value="4330" />
  <attribute name ="GC Interval" value="200" />
  <attribute name="ProportionalT" value="-15.000000" />
  <attribute name="ProportionalI" value="-15.000000" />
  <attribute name="ProportionalH" value="-15.000000" />
  <attribute name="Current Error" value="-15.000000" />
  <attribute name="IntegralT" value="-480.000000" />
  <attribute name="IntegralI" value="-480.000000" />
  <attribute name="IntegralH" value="-480.000000" />
  <attribute name="DerivativeT" value="-0.234375" />
  <attribute name="DerivativeI" value="-0.234375" />
  <attribute name="DerivativeH" value="-0.234375" />
  <attribute name="Loop Time for DT" value="32.000000" />
  <attribute name="Output H" value="2092630016"/>
  <attribute name="Output I" value="200"/>
  <attribute name="Output T" value="4"/>
  <attribute name="Target GC Util Change" value ="20.000000" />
  <attribute name="Current GC Util Change" value="5.000000"/>
  <attribute name="GC Util currently" value="5" />
  <attribute name="CPU Util currently" value="25" />
<allocation-satisfied id="264" threadId="0000000001858700" bytesRequested="3768" />
<af-end id="265" timestamp="2019-06-16T17:33:59.697" threadId="0000000001859088" success="true" from="nursery"/>
<exclusive-end id="266" timestamp="2019-06-16T17:33:59.697" durationms="1.353" />

<exclusive-start id="267" timestamp="2019-06-16T17:33:59.746" intervalms="49.560">
  <response-info timems="0.063" idlems="0.063" threads="0" lastid="0000000001858700" lastname="main" />
</exclusive-start>
<af-start id="268" threadId="0000000001859088" totalBytesRequested="192" timestamp="2019-06-16T17:33:59.746" intervalms="49.557" type="nursery" />
<cycle-start id="269" type="scavenge" contextid="0" timestamp="2019-06-16T17:33:59.746" intervalms="49.559" />
<gc-start id="270" type="scavenge" contextid="269" timestamp="2019-06-16T17:33:59.746">
  <mem-info id="271" free="3939280" total="8519680" percent="46">
    <mem type="nursery" free="0" total="2228224" percent="0">
      <mem type="allocate" free="0" total="1769472" percent="0" />
      <mem type="survivor" free="0" total="458752" percent="0" />
    </mem>
    <mem type="tenure" free="3939280" total="6291456" percent="62">
      <mem type="soa" free="3624912" total="5977088" percent="60" />
      <mem type="loa" free="314368" total="314368" percent="100" />
    </mem>
    <remembered-set count="1086" />
  </mem-info>
</gc-start>
<allocation-stats totalBytes="1576416" >
  <allocated-bytes non-tlh="48232" tlh="1528184" />
  <largest-consumer threadName="main" threadId="0000000001858700" bytes="1572320" />
</allocation-stats>
<gc-op id="272" type="scavenge" timems="0.643" contextid="269" timestamp="2019-06-16T17:33:59.747">
  <scavenger-info tenureage="3" tenuremask="ffe8" tiltratio="79" />
  <memory-copied type="nursery" objects="3050" bytes="132056" bytesdiscarded="124992" />
  <memory-copied type="tenure" objects="2317" bytes="84752" bytesdiscarded="448" />
  <finalization candidates="3" enqueued="0" />
  <references type="soft" candidates="73" cleared="0" enqueued="0" dynamicThreshold="32" maxThreshold="32" />
  <references type="weak" candidates="639" cleared="1" enqueued="1" />
  <references type="phantom" candidates="1" cleared="0" enqueued="0" />
</gc-op>
<gc-end id="273" type="scavenge" contextid="269" durationms="0.805" usertimems="0.000" systemtimems="0.000" timestamp="2019-06-16T17:33:59.747" activeThreads="4">
  <mem-info id="274" free="5345480" total="8519680" percent="62">
    <mem type="nursery" free="1577728" total="2228224" percent="70">
      <mem type="allocate" free="1577728" total="1835008" percent="85" />
      <mem type="survivor" free="0" total="393216" percent="0" />
    </mem>
    <mem type="tenure" free="3767752" total="6291456" percent="59">
      <mem type="soa" free="3453384" total="5977088" percent="57" />
      <mem type="loa" free="314368" total="314368" percent="100" />
    </mem>
    <pending-finalizers system="0" default="0" reference="1" classloader="0" />
    <remembered-set count="785" />
  </mem-info>
</gc-end>
<cycle-end id="275" type="scavenge" contextid="269" timestamp="2019-06-16T17:33:59.747" />
  <attribute name="elasticGC enabled" value="1" />
  <attribute name= "numThreadsSpecified" value="4" />
  <attribute name="heapSize specified" value="0" />
  <attribute name="Current GC Util" value="2" />
  <attribute name= "Current Time Running" value="4380" />
  <attribute name ="GC Interval" value="200" />
  <attribute name="ProportionalT" value="-18.000000" />
  <attribute name="ProportionalI" value="-18.000000" />
  <attribute name="ProportionalH" value="-18.000000" />
  <attribute name="Current Error" value="-18.000000" />
  <attribute name="IntegralT" value="-900.000000" />
  <attribute name="IntegralI" value="-900.000000" />
  <attribute name="IntegralH" value="-900.000000" />
  <attribute name="DerivativeT" value="-0.180000" />
  <attribute name="DerivativeI" value="-0.180000" />
  <attribute name="DerivativeH" value="-0.180000" />
  <attribute name="Loop Time for DT" value="50.000000" />
  <attribute name="Output H" value="2092630016"/>
  <attribute name="Output I" value="200"/>
  <attribute name="Output T" value="4"/>
  <attribute name="Target GC Util Change" value ="20.000000" />
  <attribute name="Current GC Util Change" value="2.000000"/>
  <attribute name="GC Util currently" value="2" />
  <attribute name="CPU Util currently" value="36" />
<allocation-satisfied id="276" threadId="0000000001858700" bytesRequested="192" />
<af-end id="277" timestamp="2019-06-16T17:33:59.747" threadId="0000000001859088" success="true" from="nursery"/>
<exclusive-end id="278" timestamp="2019-06-16T17:33:59.747" durationms="1.221" />

<exclusive-start id="279" timestamp="2019-06-16T17:33:59.789" intervalms="43.363">
  <response-info timems="0.028" idlems="0.028" threads="0" lastid="0000000001858700" lastname="main" />
</exclusive-start>
<af-start id="280" threadId="0000000001859088" totalBytesRequested="22744" timestamp="2019-06-16T17:33:59.789" intervalms="43.354" type="nursery" />
<cycle-start id="281" type="scavenge" contextid="0" timestamp="2019-06-16T17:33:59.789" intervalms="43.353" />
<gc-start id="282" type="scavenge" contextid="281" timestamp="2019-06-16T17:33:59.789">
  <mem-info id="283" free="3719008" total="8519680" percent="43">
    <mem type="nursery" free="0" total="2228224" percent="0">
      <mem type="allocate" free="0" total="1835008" percent="0" />
      <mem type="survivor" free="0" total="393216" percent="0" />
    </mem>
    <mem type="tenure" free="3719008" total="6291456" percent="59">
      <mem type="soa" free="3404640" total="5977088" percent="56" />
      <mem type="loa" free="314368" total="314368" percent="100" />
    </mem>
    <remembered-set count="1229" />
  </mem-info>
</gc-start>
<allocation-stats totalBytes="1615712" >
  <allocated-bytes non-tlh="48936" tlh="1566776" />
  <largest-consumer threadName="main" threadId="0000000001858700" bytes="1615712" />
</allocation-stats>
<gc-op id="284" type="scavenge" timems="0.718" contextid="281" timestamp="2019-06-16T17:33:59.790">
  <scavenger-info tenureage="5" tenuremask="ffe0" tiltratio="82" />
  <memory-copied type="nursery" objects="4333" bytes="178792" bytesdiscarded="55592" />
  <finalization candidates="3" enqueued="0" />
  <ownableSynchronizers candidates="1" cleared="0" />
  <references type="soft" candidates="109" cleared="0" enqueued="0" dynamicThreshold="32" maxThreshold="32" />
  <references type="weak" candidates="914" cleared="1" enqueued="1" />
  <references type="phantom" candidates="1" cleared="0" enqueued="0" />
</gc-op>
<gc-end id="285" type="scavenge" contextid="281" durationms="0.876" usertimems="0.000" systemtimems="0.000" timestamp="2019-06-16T17:33:59.790" activeThreads="4">
  <mem-info id="286" free="5319256" total="8519680" percent="62">
    <mem type="nursery" free="1600248" total="2228224" percent="71">
      <mem type="allocate" free="1600248" total="1835008" percent="87" />
      <mem type="survivor" free="0" total="393216" percent="0" />
    </mem>
    <mem type="tenure" free="3719008" total="6291456" percent="59">
      <mem type="soa" free="3404640" total="5977088" percent="56" />
      <mem type="loa" free="314368" total="314368" percent="100" />
    </mem>
    <pending-finalizers system="0" default="0" reference="1" classloader="0" />
    <remembered-set count="1054" />
  </mem-info>
</gc-end>
<cycle-end id="287" type="scavenge" contextid="281" timestamp="2019-06-16T17:33:59.790" />
  <attribute name="elasticGC enabled" value="1" />
  <attribute name= "numThreadsSpecified" value="4" />
  <attribute name="heapSize specified" value="0" />
  <attribute name="Current GC Util" value="2" />
  <attribute name= "Current Time Running" value="4423" />
  <attribute name ="GC Interval" value="200" />
  <attribute name="ProportionalT" value="-18.000000" />
  <attribute name="ProportionalI" value="-18.000000" />
  <attribute name="ProportionalH" value="-18.000000" />
  <attribute name="Current Error" value="-18.000000" />
  <attribute name="IntegralT" value="-774.000000" />
  <attribute name="IntegralI" value="-774.000000" />
  <attribute name="IntegralH" value="-774.000000" />
  <attribute name="DerivativeT" value="-0.209302" />
  <attribute name="DerivativeI" value="-0.209302" />
  <attribute name="DerivativeH" value="-0.209302" />
  <attribute name="Loop Time for DT" value="43.000000" />
  <attribute name="Output H" value="2092630016"/>
  <attribute name="Output I" value="200"/>
  <attribute name="Output T" value="4"/>
  <attribute name="Target GC Util Change" value ="20.000000" />
  <attribute name="Current GC Util Change" value="2.000000"/>
  <attribute name="GC Util currently" value="2" />
  <attribute name="CPU Util currently" value="35" />
<allocation-satisfied id="288" threadId="0000000001858700" bytesRequested="22744" />
<af-end id="289" timestamp="2019-06-16T17:33:59.790" threadId="0000000001859088" success="true" from="nursery"/>
<exclusive-end id="290" timestamp="2019-06-16T17:33:59.790" durationms="1.272" />

<exclusive-start id="291" timestamp="2019-06-16T17:33:59.832" intervalms="43.094">
  <response-info timems="0.061" idlems="0.061" threads="0" lastid="0000000001858700" lastname="main" />
</exclusive-start>
<af-start id="292" threadId="0000000001859088" totalBytesRequested="25480" timestamp="2019-06-16T17:33:59.832" intervalms="43.121" type="nursery" />
<cycle-start id="293" type="scavenge" contextid="0" timestamp="2019-06-16T17:33:59.832" intervalms="43.144" />
<gc-start id="294" type="scavenge" contextid="293" timestamp="2019-06-16T17:33:59.832">
  <mem-info id="295" free="3669256" total="8519680" percent="43">
    <mem type="nursery" free="0" total="2228224" percent="0">
      <mem type="allocate" free="0" total="1835008" percent="0" />
      <mem type="survivor" free="0" total="393216" percent="0" />
    </mem>
    <mem type="tenure" free="3669256" total="6291456" percent="58">
      <mem type="soa" free="3354888" total="5977088" percent="56" />
      <mem type="loa" free="314368" total="314368" percent="100" />
    </mem>
    <remembered-set count="1864" />
  </mem-info>
</gc-start>
<allocation-stats totalBytes="1601544" >
  <allocated-bytes non-tlh="72496" tlh="1529048" />
  <largest-consumer threadName="main" threadId="0000000001858700" bytes="1536320" />
</allocation-stats>
<gc-op id="296" type="scavenge" timems="1.033" contextid="293" timestamp="2019-06-16T17:33:59.834">
  <scavenger-info tenureage="3" tenuremask="ffe8" tiltratio="82" />
  <memory-copied type="nursery" objects="8569" bytes="391536" bytesdiscarded="328" />
  <memory-copied type="tenure" objects="1790" bytes="84280" bytesdiscarded="24" />
  <copy-failed type="nursery" objects="591" bytes="22008" />
  <finalization candidates="14" enqueued="0" />
  <ownableSynchronizers candidates="5" cleared="0" />
  <references type="soft" candidates="261" cleared="0" enqueued="0" dynamicThreshold="32" maxThreshold="32" />
  <references type="weak" candidates="1910" cleared="342" enqueued="229" />
  <references type="phantom" candidates="3" cleared="1" enqueued="1" />
</gc-op>
<gc-end id="297" type="scavenge" contextid="293" durationms="1.246" usertimems="0.000" systemtimems="0.000" timestamp="2019-06-16T17:33:59.834" activeThreads="4">
  <mem-info id="298" free="4713480" total="8519680" percent="55">
    <mem type="nursery" free="1114112" total="2228224" percent="50">
      <mem type="allocate" free="1114112" total="1507328" percent="73" />
      <mem type="survivor" free="0" total="720896" percent="0" />
    </mem>
    <mem type="tenure" free="3599368" total="6291456" percent="57">
      <mem type="soa" free="3285000" total="5977088" percent="54" />
      <mem type="loa" free="314368" total="314368" percent="100" />
    </mem>
    <pending-finalizers system="0" default="0" reference="230" classloader="0" />
    <remembered-set count="1662" />
  </mem-info>
</gc-end>
<cycle-end id="299" type="scavenge" contextid="293" timestamp="2019-06-16T17:33:59.834" />
  <attribute name="elasticGC enabled" value="1" />
  <attribute name= "numThreadsSpecified" value="4" />
  <attribute name="heapSize specified" value="0" />
  <attribute name="Current GC Util" value="2" />
  <attribute name= "Current Time Running" value="4466" />
  <attribute name ="GC Interval" value="200" />
  <attribute name="ProportionalT" value="-18.000000" />
  <attribute name="ProportionalI" value="-18.000000" />
  <attribute name="ProportionalH" value="-18.000000" />
  <attribute name="Current Error" value="-18.000000" />
  <attribute name="IntegralT" value="-774.000000" />
  <attribute name="IntegralI" value="-774.000000" />
  <attribute name="IntegralH" value="-774.000000" />
  <attribute name="DerivativeT" value="-0.209302" />
  <attribute name="DerivativeI" value="-0.209302" />
  <attribute name="DerivativeH" value="-0.209302" />
  <attribute name="Loop Time for DT" value="43.000000" />
  <attribute name="Output H" value="2092630016"/>
  <attribute name="Output I" value="200"/>
  <attribute name="Output T" value="4"/>
  <attribute name="Target GC Util Change" value ="20.000000" />
  <attribute name="Current GC Util Change" value="2.000000"/>
  <attribute name="GC Util currently" value="2" />
  <attribute name="CPU Util currently" value="17" />
<allocation-satisfied id="300" threadId="0000000001858700" bytesRequested="25480" />
<af-end id="301" timestamp="2019-06-16T17:33:59.834" threadId="0000000001859088" success="true" from="nursery"/>
<exclusive-end id="302" timestamp="2019-06-16T17:33:59.834" durationms="1.763" />

<exclusive-start id="303" timestamp="2019-06-16T17:33:59.860" intervalms="28.136">
  <response-info timems="0.027" idlems="0.027" threads="0" lastid="0000000001858700" lastname="main" />
</exclusive-start>
<af-start id="304" threadId="0000000001859088" totalBytesRequested="32712" timestamp="2019-06-16T17:33:59.860" intervalms="28.105" type="nursery" />
<cycle-start id="305" type="scavenge" contextid="0" timestamp="2019-06-16T17:33:59.860" intervalms="28.076" />
<gc-start id="306" type="scavenge" contextid="305" timestamp="2019-06-16T17:33:59.860">
  <mem-info id="307" free="3583984" total="8519680" percent="42">
    <mem type="nursery" free="0" total="2228224" percent="0">
      <mem type="allocate" free="0" total="1507328" percent="0" />
      <mem type="survivor" free="0" total="720896" percent="0" />
    </mem>
    <mem type="tenure" free="3583984" total="6291456" percent="56">
      <mem type="soa" free="3269616" total="5977088" percent="54" />
      <mem type="loa" free="314368" total="314368" percent="100" />
    </mem>
    <remembered-set count="1932" />
  </mem-info>
</gc-start>
<allocation-stats totalBytes="1096632" >
  <allocated-bytes non-tlh="352672" tlh="743960" />
  <largest-consumer threadName="main" threadId="0000000001858700" bytes="1084800" />
</allocation-stats>
<gc-op id="308" type="scavenge" timems="0.909" contextid="305" timestamp="2019-06-16T17:33:59.861">
  <scavenger-info tenureage="6" tenuremask="ffc0" tiltratio="67" />
  <memory-copied type="nursery" objects="9678" bytes="698960" bytesdiscarded="21024" />
  <memory-copied type="tenure" objects="328" bytes="11648" bytesdiscarded="0" />
  <copy-failed type="nursery" objects="328" bytes="11656" />
  <finalization candidates="15" enqueued="0" />
  <ownableSynchronizers candidates="5" cleared="0" />
  <references type="soft" candidates="326" cleared="0" enqueued="0" dynamicThreshold="32" maxThreshold="32" />
  <references type="weak" candidates="1585" cleared="29" enqueued="20" />
  <references type="phantom" candidates="5" cleared="1" enqueued="1" />
</gc-op>
<gc-end id="309" type="scavenge" contextid="305" durationms="1.061" usertimems="4.000" systemtimems="0.000" timestamp="2019-06-16T17:33:59.862" activeThreads="4">
  <mem-info id="310" free="3977200" total="8519680" percent="46">
    <mem type="nursery" free="393216" total="2228224" percent="17">
      <mem type="allocate" free="393216" total="1114112" percent="35" />
      <mem type="survivor" free="0" total="1114112" percent="0" />
    </mem>
    <mem type="tenure" free="3583984" total="6291456" percent="56">
      <mem type="soa" free="3269616" total="5977088" percent="54" />
      <mem type="loa" free="314368" total="314368" percent="100" />
    </mem>
    <pending-finalizers system="0" default="0" reference="21" classloader="0" />
    <remembered-set count="1673" />
  </mem-info>
</gc-end>
<cycle-end id="311" type="scavenge" contextid="305" timestamp="2019-06-16T17:33:59.862" />
  <attribute name="elasticGC enabled" value="1" />
  <attribute name= "numThreadsSpecified" value="4" />
  <attribute name="heapSize specified" value="0" />
  <attribute name="Current GC Util" value="6" />
  <attribute name= "Current Time Running" value="4494" />
  <attribute name ="GC Interval" value="200" />
  <attribute name="ProportionalT" value="-14.000000" />
  <attribute name="ProportionalI" value="-14.000000" />
  <attribute name="ProportionalH" value="-14.000000" />
  <attribute name="Current Error" value="-14.000000" />
  <attribute name="IntegralT" value="-392.000000" />
  <attribute name="IntegralI" value="-392.000000" />
  <attribute name="IntegralH" value="-392.000000" />
  <attribute name="DerivativeT" value="-0.250000" />
  <attribute name="DerivativeI" value="-0.250000" />
  <attribute name="DerivativeH" value="-0.250000" />
  <attribute name="Loop Time for DT" value="28.000000" />
  <attribute name="Output H" value="2092630016"/>
  <attribute name="Output I" value="200"/>
  <attribute name="Output T" value="4"/>
  <attribute name="Target GC Util Change" value ="20.000000" />
  <attribute name="Current GC Util Change" value="6.000000"/>
  <attribute name="GC Util currently" value="6" />
  <attribute name="CPU Util currently" value="7" />
<allocation-satisfied id="312" threadId="0000000001858700" bytesRequested="32712" />
<af-end id="313" timestamp="2019-06-16T17:33:59.862" threadId="0000000001859088" success="true" from="nursery"/>
<exclusive-end id="314" timestamp="2019-06-16T17:33:59.862" durationms="1.444" />

<exclusive-start id="315" timestamp="2019-06-16T17:33:59.870" intervalms="9.603">
  <response-info timems="0.029" idlems="0.029" threads="0" lastid="0000000001858700" lastname="main" />
</exclusive-start>
<af-start id="316" threadId="0000000001859088" totalBytesRequested="12656" timestamp="2019-06-16T17:33:59.870" intervalms="9.596" type="nursery" />
<cycle-start id="317" type="scavenge" contextid="0" timestamp="2019-06-16T17:33:59.870" intervalms="9.594" />
<gc-start id="318" type="scavenge" contextid="317" timestamp="2019-06-16T17:33:59.870">
  <mem-info id="319" free="3581160" total="8519680" percent="42">
    <mem type="nursery" free="0" total="2228224" percent="0">
      <mem type="allocate" free="0" total="1114112" percent="0" />
      <mem type="survivor" free="0" total="1114112" percent="0" />
    </mem>
    <mem type="tenure" free="3581160" total="6291456" percent="56">
      <mem type="soa" free="3266792" total="5977088" percent="54" />
      <mem type="loa" free="314368" total="314368" percent="100" />
    </mem>
    <remembered-set count="1724" />
  </mem-info>
</gc-start>
<allocation-stats totalBytes="377640" >
  <allocated-bytes non-tlh="35536" tlh="342104" />
  <largest-consumer threadName="main" threadId="0000000001858700" bytes="369448" />
</allocation-stats>
<gc-op id="320" type="scavenge" timems="0.823" contextid="317" timestamp="2019-06-16T17:33:59.871">
  <scavenger-info tenureage="3" tenuremask="ffb8" tiltratio="50" />
  <memory-copied type="nursery" objects="7607" bytes="593912" bytesdiscarded="187472" />
  <memory-copied type="tenure" objects="2132" bytes="77960" bytesdiscarded="24" />
  <finalization candidates="15" enqueued="0" />
  <ownableSynchronizers candidates="5" cleared="0" />
  <references type="soft" candidates="291" cleared="0" enqueued="0" dynamicThreshold="32" maxThreshold="32" />
  <references type="weak" candidates="983" cleared="2" enqueued="2" />
  <references type="phantom" candidates="6" cleared="1" enqueued="1" />
</gc-op>
<heap-resize id="321" type="expand" space="nursery" amount="131072" count="1" timems="0.014" reason="excessive time being spent scavenging" timestamp="2019-06-16T17:33:59.871" />
<gc-end id="322" type="scavenge" contextid="317" durationms="1.203" usertimems="4.000" systemtimems="0.000" timestamp="2019-06-16T17:33:59.871" activeThreads="4">
  <mem-info id="323" free="3943648" total="8650752" percent="45">
    <mem type="nursery" free="463096" total="2359296" percent="19">
      <mem type="allocate" free="463096" total="1245184" percent="37" />
      <mem type="survivor" free="0" total="1114112" percent="0" />
    </mem>
    <mem type="tenure" free="3480552" total="6291456" percent="55">
      <mem type="soa" free="3166184" total="5977088" percent="52" />
      <mem type="loa" free="314368" total="314368" percent="100" />
    </mem>
    <pending-finalizers system="0" default="0" reference="3" classloader="0" />
    <remembered-set count="1055" />
  </mem-info>
</gc-end>
<cycle-end id="324" type="scavenge" contextid="317" timestamp="2019-06-16T17:33:59.871" />
  <attribute name="elasticGC enabled" value="1" />
  <attribute name= "numThreadsSpecified" value="4" />
  <attribute name="heapSize specified" value="0" />
  <attribute name="Current GC Util" value="17" />
  <attribute name= "Current Time Running" value="4504" />
  <attribute name ="GC Interval" value="200" />
  <attribute name="ProportionalT" value="-3.000000" />
  <attribute name="ProportionalI" value="-3.000000" />
  <attribute name="ProportionalH" value="-3.000000" />
  <attribute name="Current Error" value="-3.000000" />
  <attribute name="IntegralT" value="-30.000000" />
  <attribute name="IntegralI" value="-30.000000" />
  <attribute name="IntegralH" value="-30.000000" />
  <attribute name="DerivativeT" value="-0.150000" />
  <attribute name="DerivativeI" value="-0.150000" />
  <attribute name="DerivativeH" value="-0.150000" />
  <attribute name="Loop Time for DT" value="10.000000" />
  <attribute name="Output H" value="2092630016"/>
  <attribute name="Output I" value="200"/>
  <attribute name="Output T" value="4"/>
  <attribute name="Target GC Util Change" value ="20.000000" />
  <attribute name="Current GC Util Change" value="17.000000"/>
  <attribute name="GC Util currently" value="17" />
  <attribute name="CPU Util currently" value="474360715593" />
<allocation-satisfied id="325" threadId="0000000001858700" bytesRequested="12656" />
<af-end id="326" timestamp="2019-06-16T17:33:59.871" threadId="0000000001859088" success="true" from="nursery"/>
<exclusive-end id="327" timestamp="2019-06-16T17:33:59.871" durationms="1.614" />

<exclusive-start id="328" timestamp="2019-06-16T17:33:59.876" intervalms="6.371">
  <response-info timems="0.027" idlems="0.027" threads="0" lastid="0000000001858700" lastname="main" />
</exclusive-start>
<af-start id="329" threadId="0000000001859088" totalBytesRequested="200008" timestamp="2019-06-16T17:33:59.876" intervalms="6.393" type="nursery" />
<cycle-start id="330" type="scavenge" contextid="0" timestamp="2019-06-16T17:33:59.876" intervalms="6.424" />
<gc-start id="331" type="scavenge" contextid="330" timestamp="2019-06-16T17:33:59.877">
  <mem-info id="332" free="3669816" total="8650752" percent="42">
    <mem type="nursery" free="192760" total="2359296" percent="8">
      <mem type="allocate" free="192760" total="1245184" percent="15" />
      <mem type="survivor" free="0" total="1114112" percent="0" />
    </mem>
    <mem type="tenure" free="3477056" total="6291456" percent="55">
      <mem type="soa" free="3162688" total="5977088" percent="52" />
      <mem type="loa" free="314368" total="314368" percent="100" />
    </mem>
    <remembered-set count="1117" />
  </mem-info>
</gc-start>
<allocation-stats totalBytes="273280" >
  <allocated-bytes non-tlh="16152" tlh="257128" />
  <largest-consumer threadName="main" threadId="0000000001858700" bytes="265088" />
</allocation-stats>
<gc-op id="333" type="scavenge" timems="0.973" contextid="330" timestamp="2019-06-16T17:33:59.878">
  <scavenger-info tenureage="3" tenuremask="ffc8" tiltratio="52" />
  <memory-copied type="nursery" objects="1765" bytes="377816" bytesdiscarded="110504" />
  <memory-copied type="tenure" objects="6037" bytes="258472" bytesdiscarded="48" />
  <finalization candidates="15" enqueued="0" />
  <ownableSynchronizers candidates="4" cleared="0" />
  <references type="soft" candidates="96" cleared="0" enqueued="0" dynamicThreshold="32" maxThreshold="32" />
  <references type="weak" candidates="114" cleared="11" enqueued="8" />
  <references type="phantom" candidates="6" cleared="1" enqueued="1" />
</gc-op>
<heap-resize id="334" type="expand" space="nursery" amount="262144" count="1" timems="0.010" reason="excessive time being spent scavenging" timestamp="2019-06-16T17:33:59.878" />
<gc-end id="335" type="scavenge" contextid="330" durationms="1.214" usertimems="0.000" systemtimems="0.000" timestamp="2019-06-16T17:33:59.878" activeThreads="4">
  <mem-info id="336" free="4308528" total="8912896" percent="48">
    <mem type="nursery" free="1018864" total="2621440" percent="38">
      <mem type="allocate" free="1018864" total="1507328" percent="67" />
      <mem type="survivor" free="0" total="1114112" percent="0" />
    </mem>
    <mem type="tenure" free="3289664" total="6291456" percent="52">
      <mem type="soa" free="2975296" total="5977088" percent="49" />
      <mem type="loa" free="314368" total="314368" percent="100" />
    </mem>
    <pending-finalizers system="0" default="0" reference="9" classloader="0" />
    <remembered-set count="323" />
  </mem-info>
</gc-end>
<cycle-end id="337" type="scavenge" contextid="330" timestamp="2019-06-16T17:33:59.878" />
  <attribute name="elasticGC enabled" value="1" />
  <attribute name= "numThreadsSpecified" value="4" />
  <attribute name="heapSize specified" value="0" />
  <attribute name="Current GC Util" value="26" />
  <attribute name= "Current Time Running" value="4511" />
  <attribute name ="GC Interval" value="200" />
  <attribute name="ProportionalT" value="6.000000" />
  <attribute name="ProportionalI" value="6.000000" />
  <attribute name="ProportionalH" value="6.000000" />
  <attribute name="Current Error" value="6.000000" />
  <attribute name="IntegralT" value="42.000000" />
  <attribute name="IntegralI" value="42.000000" />
  <attribute name="IntegralH" value="42.000000" />
  <attribute name="DerivativeT" value="0.428571" />
  <attribute name="DerivativeI" value="0.428571" />
  <attribute name="DerivativeH" value="0.428571" />
  <attribute name="Loop Time for DT" value="7.000000" />
  <attribute name="Output H" value="8388608"/>
  <attribute name="Output I" value="200"/>
  <attribute name="Output T" value="4"/>
  <attribute name="Target GC Util Change" value ="20.000000" />
  <attribute name="Current GC Util Change" value="26.000000"/>
  <attribute name="GC Util currently" value="26" />
  <attribute name="CPU Util currently" value="727001153721" />
<allocation-satisfied id="338" threadId="0000000001858700" bytesRequested="200008" />
<af-end id="339" timestamp="2019-06-16T17:33:59.878" threadId="0000000001859088" success="true" from="nursery"/>
<exclusive-end id="340" timestamp="2019-06-16T17:33:59.878" durationms="1.643" />

<exclusive-start id="341" timestamp="2019-06-16T17:33:59.889" intervalms="12.802">
  <response-info timems="0.047" idlems="0.047" threads="0" lastid="0000000001858700" lastname="main" />
</exclusive-start>
<af-start id="342" threadId="0000000001859088" totalBytesRequested="131080" timestamp="2019-06-16T17:33:59.889" intervalms="12.768" type="nursery" />
<cycle-start id="343" type="scavenge" contextid="0" timestamp="2019-06-16T17:33:59.889" intervalms="12.734" />
<gc-start id="344" type="scavenge" contextid="343" timestamp="2019-06-16T17:33:59.889">
  <mem-info id="345" free="3316024" total="8912896" percent="37">
    <mem type="nursery" free="34184" total="2621440" percent="1">
      <mem type="allocate" free="34184" total="1507328" percent="2" />
      <mem type="survivor" free="0" total="1114112" percent="0" />
    </mem>
    <mem type="tenure" free="3281840" total="6291456" percent="52">
      <mem type="soa" free="2967472" total="5977088" percent="49" />
      <mem type="loa" free="314368" total="314368" percent="100" />
    </mem>
    <remembered-set count="410" />
  </mem-info>
</gc-start>
<allocation-stats totalBytes="956104" >
  <allocated-bytes non-tlh="467528" tlh="488576" />
  <largest-consumer threadName="main" threadId="0000000001858700" bytes="947912" />
</allocation-stats>
<gc-op id="346" type="scavenge" timems="0.520" contextid="343" timestamp="2019-06-16T17:33:59.890">
  <scavenger-info tenureage="3" tenuremask="fee8" tiltratio="57" />
  <memory-copied type="nursery" objects="380" bytes="415200" bytesdiscarded="26960" />
  <memory-copied type="tenure" objects="1446" bytes="327680" bytesdiscarded="64" />
  <finalization candidates="4" enqueued="0" />
  <references type="soft" candidates="10" cleared="0" enqueued="0" dynamicThreshold="32" maxThreshold="32" />
  <references type="weak" candidates="5" cleared="0" enqueued="0" />
  <references type="phantom" candidates="3" cleared="0" enqueued="0" />
</gc-op>
<gc-end id="347" type="scavenge" contextid="343" durationms="0.670" usertimems="0.000" systemtimems="0.000" timestamp="2019-06-16T17:33:59.890" activeThreads="4">
  <mem-info id="348" free="4242240" total="8912896" percent="47">
    <mem type="nursery" free="1261720" total="2621440" percent="48">
      <mem type="allocate" free="1261720" total="1703936" percent="74" />
      <mem type="survivor" free="0" total="917504" percent="0" />
    </mem>
    <mem type="tenure" free="2980520" total="6291456" percent="47">
      <mem type="soa" free="2666152" total="5977088" percent="44" />
      <mem type="loa" free="314368" total="314368" percent="100" />
    </mem>
    <remembered-set count="251" />
  </mem-info>
</gc-end>
<cycle-end id="349" type="scavenge" contextid="343" timestamp="2019-06-16T17:33:59.890" />
  <attribute name="elasticGC enabled" value="1" />
  <attribute name= "numThreadsSpecified" value="4" />
  <attribute name="heapSize specified" value="0" />
  <attribute name="Current GC Util" value="11" />
  <attribute name= "Current Time Running" value="4523" />
  <attribute name ="GC Interval" value="200" />
  <attribute name="ProportionalT" value="-9.000000" />
  <attribute name="ProportionalI" value="-9.000000" />
  <attribute name="ProportionalH" value="-9.000000" />
  <attribute name="Current Error" value="-9.000000" />
  <attribute name="IntegralT" value="-108.000000" />
  <attribute name="IntegralI" value="-108.000000" />
  <attribute name="IntegralH" value="-108.000000" />
  <attribute name="DerivativeT" value="-0.625000" />
  <attribute name="DerivativeI" value="-0.625000" />
  <attribute name="DerivativeH" value="-0.625000" />
  <attribute name="Loop Time for DT" value="12.000000" />
  <attribute name="Output H" value="2092630016"/>
  <attribute name="Output I" value="200"/>
  <attribute name="Output T" value="4"/>
  <attribute name="Target GC Util Change" value ="20.000000" />
  <attribute name="Current GC Util Change" value="11.000000"/>
  <attribute name="GC Util currently" value="11" />
  <attribute name="CPU Util currently" value="363989630918" />
<allocation-satisfied id="350" threadId="0000000001858700" bytesRequested="131080" />
<af-end id="351" timestamp="2019-06-16T17:33:59.890" threadId="0000000001859088" success="true" from="nursery"/>
<exclusive-end id="352" timestamp="2019-06-16T17:33:59.890" durationms="1.002" />

<exclusive-start id="353" timestamp="2019-06-16T17:33:59.906" intervalms="17.306">
  <response-info timems="0.064" idlems="0.064" threads="0" lastid="0000000001858700" lastname="main" />
</exclusive-start>
<af-start id="354" threadId="0000000001859088" totalBytesRequested="3080" timestamp="2019-06-16T17:33:59.906" intervalms="17.357" type="nursery" />
<cycle-start id="355" type="scavenge" contextid="0" timestamp="2019-06-16T17:33:59.907" intervalms="17.401" />
<gc-start id="356" type="scavenge" contextid="355" timestamp="2019-06-16T17:33:59.907">
  <mem-info id="357" free="2971272" total="8912896" percent="33">
    <mem type="nursery" free="0" total="2621440" percent="0">
      <mem type="allocate" free="0" total="1703936" percent="0" />
      <mem type="survivor" free="0" total="917504" percent="0" />
    </mem>
    <mem type="tenure" free="2971272" total="6291456" percent="47">
      <mem type="soa" free="2656904" total="5977088" percent="44" />
      <mem type="loa" free="314368" total="314368" percent="100" />
    </mem>
    <remembered-set count="433" />
  </mem-info>
</gc-start>
<allocation-stats totalBytes="1257688" >
  <allocated-bytes non-tlh="858200" tlh="399488" />
  <largest-consumer threadName="main" threadId="0000000001858700" bytes="1257688" />
</allocation-stats>
<gc-op id="358" type="scavenge" timems="0.370" contextid="355" timestamp="2019-06-16T17:33:59.907">
  <scavenger-info tenureage="3" tenuremask="7808" tiltratio="65" />
  <memory-copied type="nursery" objects="611" bytes="571784" bytesdiscarded="41592" />
  <memory-copied type="tenure" objects="97" bytes="5952" bytesdiscarded="0" />
  <references type="soft" candidates="9" cleared="0" enqueued="0" dynamicThreshold="32" maxThreshold="32" />
  <references type="weak" candidates="7" cleared="1" enqueued="1" />
  <references type="phantom" candidates="2" cleared="0" enqueued="0" />
</gc-op>
<gc-end id="359" type="scavenge" contextid="355" durationms="0.578" usertimems="0.000" systemtimems="0.000" timestamp="2019-06-16T17:33:59.907" activeThreads="4">
  <mem-info id="360" free="4127312" total="8912896" percent="46">
    <mem type="nursery" free="1156040" total="2621440" percent="44">
      <mem type="allocate" free="1156040" total="1769472" percent="65" />
      <mem type="survivor" free="0" total="851968" percent="0" />
    </mem>
    <mem type="tenure" free="2971272" total="6291456" percent="47">
      <mem type="soa" free="2656904" total="5977088" percent="44" />
      <mem type="loa" free="314368" total="314368" percent="100" />
    </mem>
    <pending-finalizers system="0" default="0" reference="1" classloader="0" />
    <remembered-set count="386" />
  </mem-info>
</gc-end>
<cycle-end id="361" type="scavenge" contextid="355" timestamp="2019-06-16T17:33:59.907" />
  <attribute name="elasticGC enabled" value="1" />
  <attribute name= "numThreadsSpecified" value="4" />
  <attribute name="heapSize specified" value="0" />
  <attribute name="Current GC Util" value="5" />
  <attribute name= "Current Time Running" value="4541" />
  <attribute name ="GC Interval" value="200" />
  <attribute name="ProportionalT" value="-15.000000" />
  <attribute name="ProportionalI" value="-15.000000" />
  <attribute name="ProportionalH" value="-15.000000" />
  <attribute name="Current Error" value="-15.000000" />
  <attribute name="IntegralT" value="-270.000000" />
  <attribute name="IntegralI" value="-270.000000" />
  <attribute name="IntegralH" value="-270.000000" />
  <attribute name="DerivativeT" value="-0.416667" />
  <attribute name="DerivativeI" value="-0.416667" />
  <attribute name="DerivativeH" value="-0.416667" />
  <attribute name="Loop Time for DT" value="18.000000" />
  <attribute name="Output H" value="2092630016"/>
  <attribute name="Output I" value="200"/>
  <attribute name="Output T" value="4"/>
  <attribute name="Target GC Util Change" value ="20.000000" />
  <attribute name="Current GC Util Change" value="5.000000"/>
  <attribute name="GC Util currently" value="5" />
  <attribute name="CPU Util currently" value="263772529863" />
<allocation-satisfied id="362" threadId="0000000001858700" bytesRequested="3080" />
<af-end id="363" timestamp="2019-06-16T17:33:59.907" threadId="0000000001859088" success="true" from="nursery"/>
<exclusive-end id="364" timestamp="2019-06-16T17:33:59.907" durationms="1.086" />

<exclusive-start id="365" timestamp="2019-06-16T17:33:59.936" intervalms="29.862">
  <response-info timems="0.024" idlems="0.024" threads="0" lastid="0000000001858700" lastname="main" />
</exclusive-start>
<af-start id="366" threadId="0000000001859088" totalBytesRequested="5016" timestamp="2019-06-16T17:33:59.936" intervalms="29.812" type="nursery" />
<cycle-start id="367" type="scavenge" contextid="0" timestamp="2019-06-16T17:33:59.936" intervalms="29.773" />
<gc-start id="368" type="scavenge" contextid="367" timestamp="2019-06-16T17:33:59.936">
  <mem-info id="369" free="2955072" total="8912896" percent="33">
    <mem type="nursery" free="0" total="2621440" percent="0">
      <mem type="allocate" free="0" total="1769472" percent="0" />
      <mem type="survivor" free="0" total="851968" percent="0" />
    </mem>
    <mem type="tenure" free="2955072" total="6291456" percent="46">
      <mem type="soa" free="2640704" total="5977088" percent="44" />
      <mem type="loa" free="314368" total="314368" percent="100" />
    </mem>
    <remembered-set count="663" />
  </mem-info>
</gc-start>
<allocation-stats totalBytes="1134376" >
  <allocated-bytes non-tlh="19280" tlh="1115096" />
  <largest-consumer threadName="main" threadId="0000000001858700" bytes="1134376" />
</allocation-stats>
<gc-op id="370" type="scavenge" timems="0.414" contextid="367" timestamp="2019-06-16T17:33:59.937">
  <scavenger-info tenureage="2" tenuremask="7c0c" tiltratio="67" />
  <memory-copied type="nursery" objects="1838" bytes="206120" bytesdiscarded="76256" />
  <memory-copied type="tenure" objects="275" bytes="408856" bytesdiscarded="0" />
  <references type="weak" candidates="3" cleared="2" enqueued="2" />
  <references type="phantom" candidates="1" cleared="0" enqueued="0" />
</gc-op>
<gc-end id="371" type="scavenge" contextid="367" durationms="0.571" usertimems="0.000" systemtimems="0.000" timestamp="2019-06-16T17:33:59.937" activeThreads="4">
  <mem-info id="372" free="4053704" total="8912896" percent="45">
    <mem type="nursery" free="1487088" total="2621440" percent="56">
      <mem type="allocate" free="1487088" total="1769472" percent="84" />
      <mem type="survivor" free="0" total="851968" percent="0" />
    </mem>
    <mem type="tenure" free="2566616" total="6291456" percent="40">
      <mem type="soa" free="2252248" total="5977088" percent="37" />
      <mem type="loa" free="314368" total="314368" percent="100" />
    </mem>
    <pending-finalizers system="0" default="0" reference="2" classloader="0" />
    <remembered-set count="549" />
  </mem-info>
</gc-end>
<cycle-end id="373" type="scavenge" contextid="367" timestamp="2019-06-16T17:33:59.937" />
  <attribute name="elasticGC enabled" value="1" />
  <attribute name= "numThreadsSpecified" value="4" />
  <attribute name="heapSize specified" value="0" />
  <attribute name="Current GC Util" value="2" />
  <attribute name= "Current Time Running" value="4570" />
  <attribute name ="GC Interval" value="200" />
  <attribute name="ProportionalT" value="-18.000000" />
  <attribute name="ProportionalI" value="-18.000000" />
  <attribute name="ProportionalH" value="-18.000000" />
  <attribute name="Current Error" value="-18.000000" />
  <attribute name="IntegralT" value="-522.000000" />
  <attribute name="IntegralI" value="-522.000000" />
  <attribute name="IntegralH" value="-522.000000" />
  <attribute name="DerivativeT" value="-0.310345" />
  <attribute name="DerivativeI" value="-0.310345" />
  <attribute name="DerivativeH" value="-0.310345" />
  <attribute name="Loop Time for DT" value="29.000000" />
  <attribute name="Output H" value="2092630016"/>
  <attribute name="Output I" value="200"/>
  <attribute name="Output T" value="4"/>
  <attribute name="Target GC Util Change" value ="20.000000" />
  <attribute name="Current GC Util Change" value="2.000000"/>
  <attribute name="GC Util currently" value="2" />
  <attribute name="CPU Util currently" value="155225825810" />
<allocation-satisfied id="374" threadId="0000000001858700" bytesRequested="5016" />
<af-end id="375" timestamp="2019-06-16T17:33:59.937" threadId="0000000001859088" success="true" from="nursery"/>
<exclusive-end id="376" timestamp="2019-06-16T17:33:59.937" durationms="0.909" />

<exclusive-start id="377" timestamp="2019-06-16T17:33:59.985" intervalms="48.859">
  <response-info timems="0.036" idlems="0.036" threads="0" lastid="0000000001858700" lastname="main" />
</exclusive-start>
<af-start id="378" threadId="0000000001859088" totalBytesRequested="20904" timestamp="2019-06-16T17:33:59.985" intervalms="48.876" type="nursery" />
<cycle-start id="379" type="scavenge" contextid="0" timestamp="2019-06-16T17:33:59.985" intervalms="48.879" />
<gc-start id="380" type="scavenge" contextid="379" timestamp="2019-06-16T17:33:59.985">
  <mem-info id="381" free="2540184" total="8912896" percent="28">
    <mem type="nursery" free="0" total="2621440" percent="0">
      <mem type="allocate" free="0" total="1769472" percent="0" />
      <mem type="survivor" free="0" total="851968" percent="0" />
    </mem>
    <mem type="tenure" free="2540184" total="6291456" percent="40">
      <mem type="soa" free="2225816" total="5977088" percent="37" />
      <mem type="loa" free="314368" total="314368" percent="100" />
    </mem>
    <remembered-set count="923" />
  </mem-info>
</gc-start>
<allocation-stats totalBytes="1488952" >
  <allocated-bytes non-tlh="31448" tlh="1457504" />
  <largest-consumer threadName="main" threadId="0000000001858700" bytes="1488952" />
</allocation-stats>
<gc-op id="382" type="scavenge" timems="0.488" contextid="379" timestamp="2019-06-16T17:33:59.986">
  <scavenger-info tenureage="10" tenuremask="7c00" tiltratio="67" />
  <memory-copied type="nursery" objects="6238" bytes="419376" bytesdiscarded="91744" />
  <references type="soft" candidates="54" cleared="0" enqueued="0" dynamicThreshold="32" maxThreshold="32" />
  <references type="weak" candidates="112" cleared="0" enqueued="0" />
</gc-op>
<gc-end id="383" type="scavenge" contextid="379" durationms="0.649" usertimems="0.000" systemtimems="0.000" timestamp="2019-06-16T17:33:59.986" activeThreads="4">
  <mem-info id="384" free="3863952" total="8912896" percent="43">
    <mem type="nursery" free="1323768" total="2621440" percent="50">
      <mem type="allocate" free="1323768" total="1835008" percent="72" />
      <mem type="survivor" free="0" total="786432" percent="0" />
    </mem>
    <mem type="tenure" free="2540184" total="6291456" percent="40">
      <mem type="soa" free="2225816" total="5977088" percent="37" />
      <mem type="loa" free="314368" total="314368" percent="100" />
    </mem>
    <remembered-set count="751" />
  </mem-info>
</gc-end>
<cycle-end id="385" type="scavenge" contextid="379" timestamp="2019-06-16T17:33:59.986" />
  <attribute name="elasticGC enabled" value="1" />
  <attribute name= "numThreadsSpecified" value="4" />
  <attribute name="heapSize specified" value="0" />
  <attribute name="Current GC Util" value="1" />
  <attribute name= "Current Time Running" value="4619" />
  <attribute name ="GC Interval" value="200" />
  <attribute name="ProportionalT" value="-19.000000" />
  <attribute name="ProportionalI" value="-19.000000" />
  <attribute name="ProportionalH" value="-19.000000" />
  <attribute name="Current Error" value="-19.000000" />
  <attribute name="IntegralT" value="-931.000000" />
  <attribute name="IntegralI" value="-931.000000" />
  <attribute name="IntegralH" value="-931.000000" />
  <attribute name="DerivativeT" value="-0.193878" />
  <attribute name="DerivativeI" value="-0.193878" />
  <attribute name="DerivativeH" value="-0.193878" />
  <attribute name="Loop Time for DT" value="49.000000" />
  <attribute name="Output H" value="2092630016"/>
  <attribute name="Output I" value="200"/>
  <attribute name="Output T" value="4"/>
  <attribute name="Target GC Util Change" value ="20.000000" />
  <attribute name="Current GC Util Change" value="1.000000"/>
  <attribute name="GC Util currently" value="1" />
  <attribute name="CPU Util currently" value="10" />
<allocation-satisfied id="386" threadId="0000000001858700" bytesRequested="20904" />
<af-end id="387" timestamp="2019-06-16T17:33:59.986" threadId="0000000001859088" success="true" from="nursery"/>
<exclusive-end id="388" timestamp="2019-06-16T17:33:59.986" durationms="1.033" />

<exclusive-start id="389" timestamp="2019-06-16T17:34:00.014" intervalms="28.690">
  <response-info timems="0.033" idlems="0.033" threads="0" lastid="0000000001858700" lastname="main" />
</exclusive-start>
<af-start id="390" threadId="0000000001859088" totalBytesRequested="1032" timestamp="2019-06-16T17:34:00.014" intervalms="28.692" type="nursery" />
<cycle-start id="391" type="scavenge" contextid="0" timestamp="2019-06-16T17:34:00.014" intervalms="28.692" />
<gc-start id="392" type="scavenge" contextid="391" timestamp="2019-06-16T17:34:00.014">
  <mem-info id="393" free="2519256" total="8912896" percent="28">
    <mem type="nursery" free="0" total="2621440" percent="0">
      <mem type="allocate" free="0" total="1835008" percent="0" />
      <mem type="survivor" free="0" total="786432" percent="0" />
    </mem>
    <mem type="tenure" free="2519256" total="6291456" percent="40">
      <mem type="soa" free="2204888" total="5977088" percent="36" />
      <mem type="loa" free="314368" total="314368" percent="100" />
    </mem>
    <remembered-set count="995" />
  </mem-info>
</gc-start>
<allocation-stats totalBytes="1328816" >
  <allocated-bytes non-tlh="41832" tlh="1286984" />
  <largest-consumer threadName="main" threadId="0000000001858700" bytes="1328816" />
</allocation-stats>
<gc-op id="394" type="scavenge" timems="0.575" contextid="391" timestamp="2019-06-16T17:34:00.015">
  <scavenger-info tenureage="10" tenuremask="7c00" tiltratio="70" />
  <memory-copied type="nursery" objects="6805" bytes="439160" bytesdiscarded="172488" />
  <references type="soft" candidates="54" cleared="0" enqueued="0" dynamicThreshold="32" maxThreshold="32" />
  <references type="weak" candidates="225" cleared="0" enqueued="0" />
  <references type="phantom" candidates="1" cleared="0" enqueued="0" />
</gc-op>
<gc-end id="395" type="scavenge" contextid="391" durationms="0.736" usertimems="0.000" systemtimems="0.000" timestamp="2019-06-16T17:34:00.015" activeThreads="4">
  <mem-info id="396" free="3807952" total="8912896" percent="42">
    <mem type="nursery" free="1288696" total="2621440" percent="49">
      <mem type="allocate" free="1288696" total="1900544" percent="67" />
      <mem type="survivor" free="0" total="720896" percent="0" />
    </mem>
    <mem type="tenure" free="2519256" total="6291456" percent="40">
      <mem type="soa" free="2204888" total="5977088" percent="36" />
      <mem type="loa" free="314368" total="314368" percent="100" />
    </mem>
    <remembered-set count="747" />
  </mem-info>
</gc-end>
<cycle-end id="397" type="scavenge" contextid="391" timestamp="2019-06-16T17:34:00.015" />
  <attribute name="elasticGC enabled" value="1" />
  <attribute name= "numThreadsSpecified" value="4" />
  <attribute name="heapSize specified" value="0" />
  <attribute name="Current GC Util" value="3" />
  <attribute name= "Current Time Running" value="4648" />
  <attribute name ="GC Interval" value="200" />
  <attribute name="ProportionalT" value="-17.000000" />
  <attribute name="ProportionalI" value="-17.000000" />
  <attribute name="ProportionalH" value="-17.000000" />
  <attribute name="Current Error" value="-17.000000" />
  <attribute name="IntegralT" value="-493.000000" />
  <attribute name="IntegralI" value="-493.000000" />
  <attribute name="IntegralH" value="-493.000000" />
  <attribute name="DerivativeT" value="-0.293103" />
  <attribute name="DerivativeI" value="-0.293103" />
  <attribute name="DerivativeH" value="-0.293103" />
  <attribute name="Loop Time for DT" value="29.000000" />
  <attribute name="Output H" value="2092630016"/>
  <attribute name="Output I" value="200"/>
  <attribute name="Output T" value="4"/>
  <attribute name="Target GC Util Change" value ="20.000000" />
  <attribute name="Current GC Util Change" value="3.000000"/>
  <attribute name="GC Util currently" value="3" />
  <attribute name="CPU Util currently" value="160734844496" />
<allocation-satisfied id="398" threadId="0000000001858700" bytesRequested="1032" />
<af-end id="399" timestamp="2019-06-16T17:34:00.015" threadId="0000000001859088" success="true" from="nursery"/>
<exclusive-end id="400" timestamp="2019-06-16T17:34:00.015" durationms="1.108" />

<exclusive-start id="401" timestamp="2019-06-16T17:34:00.043" intervalms="29.319">
  <response-info timems="0.035" idlems="0.035" threads="0" lastid="0000000001858700" lastname="main" />
</exclusive-start>
<af-start id="402" threadId="0000000001859088" totalBytesRequested="48" timestamp="2019-06-16T17:34:00.043" intervalms="29.327" type="nursery" />
<cycle-start id="403" type="scavenge" contextid="0" timestamp="2019-06-16T17:34:00.043" intervalms="29.329" />
<gc-start id="404" type="scavenge" contextid="403" timestamp="2019-06-16T17:34:00.043">
  <mem-info id="405" free="2497320" total="8912896" percent="28">
    <mem type="nursery" free="0" total="2621440" percent="0">
      <mem type="allocate" free="0" total="1900544" percent="0" />
      <mem type="survivor" free="0" total="720896" percent="0" />
    </mem>
    <mem type="tenure" free="2497320" total="6291456" percent="39">
      <mem type="soa" free="2182952" total="5977088" percent="36" />
      <mem type="loa" free="314368" total="314368" percent="100" />
    </mem>
    <remembered-set count="995" />
  </mem-info>
</gc-start>
<allocation-stats totalBytes="1308464" >
  <allocated-bytes non-tlh="22968" tlh="1285496" />
  <largest-consumer threadName="main" threadId="0000000001858700" bytes="1308464" />
</allocation-stats>
<gc-op id="406" type="scavenge" timems="0.782" contextid="403" timestamp="2019-06-16T17:34:00.044">
  <scavenger-info tenureage="2" tenuremask="7c1c" tiltratio="72" />
  <memory-copied type="nursery" objects="1541" bytes="55712" bytesdiscarded="22400" />
  <memory-copied type="tenure" objects="6195" bytes="417368" bytesdiscarded="552" />
  <references type="weak" candidates="318" cleared="0" enqueued="0" />
</gc-op>
<gc-end id="407" type="scavenge" contextid="403" durationms="0.945" usertimems="0.000" systemtimems="0.000" timestamp="2019-06-16T17:34:00.044" activeThreads="4">
  <mem-info id="408" free="3786016" total="8912896" percent="42">
    <mem type="nursery" free="1822208" total="2621440" percent="69">
      <mem type="allocate" free="1822208" total="1900544" percent="95" />
      <mem type="survivor" free="0" total="720896" percent="0" />
    </mem>
    <mem type="tenure" free="1963808" total="6291456" percent="31">
      <mem type="soa" free="1649440" total="5977088" percent="27" />
      <mem type="loa" free="314368" total="314368" percent="100" />
    </mem>
    <remembered-set count="653" />
  </mem-info>
</gc-end>
<cycle-end id="409" type="scavenge" contextid="403" timestamp="2019-06-16T17:34:00.044" />
  <attribute name="elasticGC enabled" value="1" />
  <attribute name= "numThreadsSpecified" value="4" />
  <attribute name="heapSize specified" value="0" />
  <attribute name="Current GC Util" value="4" />
  <attribute name= "Current Time Running" value="4677" />
  <attribute name ="GC Interval" value="200" />
  <attribute name="ProportionalT" value="-16.000000" />
  <attribute name="ProportionalI" value="-16.000000" />
  <attribute name="ProportionalH" value="-16.000000" />
  <attribute name="Current Error" value="-16.000000" />
  <attribute name="IntegralT" value="-464.000000" />
  <attribute name="IntegralI" value="-464.000000" />
  <attribute name="IntegralH" value="-464.000000" />
  <attribute name="DerivativeT" value="-0.275862" />
  <attribute name="DerivativeI" value="-0.275862" />
  <attribute name="DerivativeH" value="-0.275862" />
  <attribute name="Loop Time for DT" value="29.000000" />
  <attribute name="Output H" value="2092630016"/>
  <attribute name="Output I" value="200"/>
  <attribute name="Output T" value="4"/>
  <attribute name="Target GC Util Change" value ="20.000000" />
  <attribute name="Current GC Util Change" value="4.000000"/>
  <attribute name="GC Util currently" value="4" />
  <attribute name="CPU Util currently" value="157227746272" />
<allocation-satisfied id="410" threadId="0000000001858700" bytesRequested="48" />
<af-end id="411" timestamp="2019-06-16T17:34:00.044" threadId="0000000001859088" success="true" from="nursery"/>
<exclusive-end id="412" timestamp="2019-06-16T17:34:00.044" durationms="1.338" />

<exclusive-start id="413" timestamp="2019-06-16T17:34:00.082" intervalms="38.448">
  <response-info timems="0.037" idlems="0.037" threads="0" lastid="0000000001858700" lastname="main" />
</exclusive-start>
<af-start id="414" threadId="0000000001859088" totalBytesRequested="688" timestamp="2019-06-16T17:34:00.082" intervalms="38.455" type="nursery" />
<cycle-start id="415" type="scavenge" contextid="0" timestamp="2019-06-16T17:34:00.082" intervalms="38.457" />
<gc-start id="416" type="scavenge" contextid="415" timestamp="2019-06-16T17:34:00.082">
  <mem-info id="417" free="1939688" total="8912896" percent="21">
    <mem type="nursery" free="0" total="2621440" percent="0">
      <mem type="allocate" free="0" total="1900544" percent="0" />
      <mem type="survivor" free="0" total="720896" percent="0" />
    </mem>
    <mem type="tenure" free="1939688" total="6291456" percent="30">
      <mem type="soa" free="1625320" total="5977088" percent="27" />
      <mem type="loa" free="314368" total="314368" percent="100" />
    </mem>
    <remembered-set count="1004" />
  </mem-info>
</gc-start>
<allocation-stats totalBytes="1846024" >
  <allocated-bytes non-tlh="24168" tlh="1821856" />
  <largest-consumer threadName="main" threadId="0000000001858700" bytes="1846024" />
</allocation-stats>
<gc-op id="418" type="scavenge" timems="0.562" contextid="415" timestamp="2019-06-16T17:34:00.082">
  <scavenger-info tenureage="11" tenuremask="f800" tiltratio="72" />
  <memory-copied type="nursery" objects="3092" bytes="106920" bytesdiscarded="49432" />
  <references type="weak" candidates="509" cleared="0" enqueued="0" />
  <references type="phantom" candidates="1" cleared="0" enqueued="0" />
</gc-op>
<gc-end id="419" type="scavenge" contextid="415" durationms="0.729" usertimems="0.000" systemtimems="0.000" timestamp="2019-06-16T17:34:00.082" activeThreads="4">
  <mem-info id="420" free="3814632" total="8912896" percent="42">
    <mem type="nursery" free="1874944" total="2621440" percent="71">
      <mem type="allocate" free="1874944" total="2031616" percent="92" />
      <mem type="survivor" free="0" total="589824" percent="0" />
    </mem>
    <mem type="tenure" free="1939688" total="6291456" percent="30">
      <mem type="soa" free="1625320" total="5977088" percent="27" />
      <mem type="loa" free="314368" total="314368" percent="100" />
    </mem>
    <remembered-set count="816" />
  </mem-info>
</gc-end>
<cycle-end id="421" type="scavenge" contextid="415" timestamp="2019-06-16T17:34:00.083" />
  <attribute name="elasticGC enabled" value="1" />
  <attribute name= "numThreadsSpecified" value="4" />
  <attribute name="heapSize specified" value="0" />
  <attribute name="Current GC Util" value="3" />
  <attribute name= "Current Time Running" value="4716" />
  <attribute name ="GC Interval" value="200" />
  <attribute name="ProportionalT" value="-17.000000" />
  <attribute name="ProportionalI" value="-17.000000" />
  <attribute name="ProportionalH" value="-17.000000" />
  <attribute name="Current Error" value="-17.000000" />
  <attribute name="IntegralT" value="-663.000000" />
  <attribute name="IntegralI" value="-663.000000" />
  <attribute name="IntegralH" value="-663.000000" />
  <attribute name="DerivativeT" value="-0.217949" />
  <attribute name="DerivativeI" value="-0.217949" />
  <attribute name="DerivativeH" value="-0.217949" />
  <attribute name="Loop Time for DT" value="39.000000" />
  <attribute name="Output H" value="2092630016"/>
  <attribute name="Output I" value="200"/>
  <attribute name="Output T" value="4"/>
  <attribute name="Target GC Util Change" value ="20.000000" />
  <attribute name="Current GC Util Change" value="3.000000"/>
  <attribute name="GC Util currently" value="3" />
  <attribute name="CPU Util currently" value="4" />
<allocation-satisfied id="422" threadId="0000000001858700" bytesRequested="688" />
<af-end id="423" timestamp="2019-06-16T17:34:00.083" threadId="0000000001859088" success="true" from="nursery"/>
<exclusive-end id="424" timestamp="2019-06-16T17:34:00.083" durationms="1.129" />

<exclusive-start id="425" timestamp="2019-06-16T17:34:00.113" intervalms="31.285">
  <response-info timems="0.050" idlems="0.050" threads="0" lastid="0000000001858700" lastname="main" />
</exclusive-start>
<af-start id="426" threadId="0000000001859088" totalBytesRequested="32" timestamp="2019-06-16T17:34:00.113" intervalms="31.316" type="nursery" />
<cycle-start id="427" type="scavenge" contextid="0" timestamp="2019-06-16T17:34:00.113" intervalms="31.353" />
<gc-start id="428" type="scavenge" contextid="427" timestamp="2019-06-16T17:34:00.113">
  <mem-info id="429" free="1925776" total="8912896" percent="21">
    <mem type="nursery" free="0" total="2621440" percent="0">
      <mem type="allocate" free="0" total="2031616" percent="0" />
      <mem type="survivor" free="0" total="589824" percent="0" />
    </mem>
    <mem type="tenure" free="1925776" total="6291456" percent="30">
      <mem type="soa" free="1611408" total="5977088" percent="26" />
      <mem type="loa" free="314368" total="314368" percent="100" />
    </mem>
    <remembered-set count="1117" />
  </mem-info>
</gc-start>
<allocation-stats totalBytes="1888472" >
  <allocated-bytes non-tlh="14600" tlh="1873872" />
  <largest-consumer threadName="main" threadId="0000000001858700" bytes="1888472" />
</allocation-stats>
<gc-op id="430" type="scavenge" timems="0.653" contextid="427" timestamp="2019-06-16T17:34:00.114">
  <scavenger-info tenureage="3" tenuremask="fff8" tiltratio="77" />
  <memory-copied type="nursery" objects="4457" bytes="157504" bytesdiscarded="38104" />
  <memory-copied type="tenure" objects="470" bytes="15360" bytesdiscarded="0" />
  <references type="weak" candidates="524" cleared="0" enqueued="0" />
</gc-op>
<gc-end id="431" type="scavenge" contextid="427" durationms="0.935" usertimems="4.000" systemtimems="0.000" timestamp="2019-06-16T17:34:00.114" activeThreads="4">
  <mem-info id="432" free="3827088" total="8912896" percent="42">
    <mem type="nursery" free="1901312" total="2621440" percent="72">
      <mem type="allocate" free="1901312" total="2097152" percent="90" />
      <mem type="survivor" free="0" total="524288" percent="0" />
    </mem>
    <mem type="tenure" free="1925776" total="6291456" percent="30">
      <mem type="soa" free="1611408" total="5977088" percent="26" />
      <mem type="loa" free="314368" total="314368" percent="100" />
    </mem>
    <remembered-set count="821" />
  </mem-info>
</gc-end>
<cycle-end id="433" type="scavenge" contextid="427" timestamp="2019-06-16T17:34:00.114" />
  <attribute name="elasticGC enabled" value="1" />
  <attribute name= "numThreadsSpecified" value="4" />
  <attribute name="heapSize specified" value="0" />
  <attribute name="Current GC Util" value="3" />
  <attribute name= "Current Time Running" value="4747" />
  <attribute name ="GC Interval" value="200" />
  <attribute name="ProportionalT" value="-17.000000" />
  <attribute name="ProportionalI" value="-17.000000" />
  <attribute name="ProportionalH" value="-17.000000" />
  <attribute name="Current Error" value="-17.000000" />
  <attribute name="IntegralT" value="-527.000000" />
  <attribute name="IntegralI" value="-527.000000" />
  <attribute name="IntegralH" value="-527.000000" />
  <attribute name="DerivativeT" value="-0.274194" />
  <attribute name="DerivativeI" value="-0.274194" />
  <attribute name="DerivativeH" value="-0.274194" />
  <attribute name="Loop Time for DT" value="31.000000" />
  <attribute name="Output H" value="2092630016"/>
  <attribute name="Output I" value="200"/>
  <attribute name="Output T" value="4"/>
  <attribute name="Target GC Util Change" value ="20.000000" />
  <attribute name="Current GC Util Change" value="3.000000"/>
  <attribute name="GC Util currently" value="3" />
  <attribute name="CPU Util currently" value="146560709211" />
<allocation-satisfied id="434" threadId="0000000001858700" bytesRequested="32" />
<af-end id="435" timestamp="2019-06-16T17:34:00.114" threadId="0000000001859088" success="true" from="nursery"/>
<exclusive-end id="436" timestamp="2019-06-16T17:34:00.114" durationms="1.495" />

<exclusive-start id="437" timestamp="2019-06-16T17:34:00.138" intervalms="24.744">
  <response-info timems="0.036" idlems="0.036" threads="0" lastid="0000000001858700" lastname="main" />
</exclusive-start>
<af-start id="438" threadId="0000000001859088" totalBytesRequested="32" timestamp="2019-06-16T17:34:00.138" intervalms="24.712" type="nursery" />
<cycle-start id="439" type="scavenge" contextid="0" timestamp="2019-06-16T17:34:00.138" intervalms="24.676" />
<gc-start id="440" type="scavenge" contextid="439" timestamp="2019-06-16T17:34:00.138">
  <mem-info id="441" free="1917376" total="8912896" percent="21">
    <mem type="nursery" free="0" total="2621440" percent="0">
      <mem type="allocate" free="0" total="2097152" percent="0" />
      <mem type="survivor" free="0" total="524288" percent="0" />
    </mem>
    <mem type="tenure" free="1917376" total="6291456" percent="30">
      <mem type="soa" free="1603008" total="5977088" percent="26" />
      <mem type="loa" free="314368" total="314368" percent="100" />
    </mem>
    <remembered-set count="1110" />
  </mem-info>
</gc-start>
<allocation-stats totalBytes="1909392" >
  <allocated-bytes non-tlh="8432" tlh="1900960" />
  <largest-consumer threadName="main" threadId="0000000001858700" bytes="1909392" />
</allocation-stats>
<gc-op id="442" type="scavenge" timems="0.781" contextid="439" timestamp="2019-06-16T17:34:00.139">
  <scavenger-info tenureage="3" tenuremask="e008" tiltratio="80" />
  <memory-copied type="nursery" objects="5857" bytes="208592" bytesdiscarded="65408" />
  <memory-copied type="tenure" objects="947" bytes="33896" bytesdiscarded="0" />
  <references type="weak" candidates="380" cleared="0" enqueued="0" />
</gc-op>
<gc-end id="443" type="scavenge" contextid="439" durationms="0.946" usertimems="4.000" systemtimems="0.000" timestamp="2019-06-16T17:34:00.139" activeThreads="4">
  <mem-info id="444" free="3805888" total="8912896" percent="42">
    <mem type="nursery" free="1888512" total="2621440" percent="72">
      <mem type="allocate" free="1888512" total="2162688" percent="87" />
      <mem type="survivor" free="0" total="458752" percent="0" />
    </mem>
    <mem type="tenure" free="1917376" total="6291456" percent="30">
      <mem type="soa" free="1603008" total="5977088" percent="26" />
      <mem type="loa" free="314368" total="314368" percent="100" />
    </mem>
    <remembered-set count="809" />
  </mem-info>
</gc-end>
<cycle-end id="445" type="scavenge" contextid="439" timestamp="2019-06-16T17:34:00.139" />
  <attribute name="elasticGC enabled" value="1" />
  <attribute name= "numThreadsSpecified" value="4" />
  <attribute name="heapSize specified" value="0" />
  <attribute name="Current GC Util" value="4" />
  <attribute name= "Current Time Running" value="4772" />
  <attribute name ="GC Interval" value="200" />
  <attribute name="ProportionalT" value="-16.000000" />
  <attribute name="ProportionalI" value="-16.000000" />
  <attribute name="ProportionalH" value="-16.000000" />
  <attribute name="Current Error" value="-16.000000" />
  <attribute name="IntegralT" value="-400.000000" />
  <attribute name="IntegralI" value="-400.000000" />
  <attribute name="IntegralH" value="-400.000000" />
  <attribute name="DerivativeT" value="-0.320000" />
  <attribute name="DerivativeI" value="-0.320000" />
  <attribute name="DerivativeH" value="-0.320000" />
  <attribute name="Loop Time for DT" value="25.000000" />
  <attribute name="Output H" value="2092630016"/>
  <attribute name="Output I" value="200"/>
  <attribute name="Output T" value="4"/>
  <attribute name="Target GC Util Change" value ="20.000000" />
  <attribute name="Current GC Util Change" value="4.000000"/>
  <attribute name="GC Util currently" value="4" />
  <attribute name="CPU Util currently" value="187806099817" />
<allocation-satisfied id="446" threadId="0000000001858700" bytesRequested="32" />
<af-end id="447" timestamp="2019-06-16T17:34:00.139" threadId="0000000001859088" success="true" from="nursery"/>
<exclusive-end id="448" timestamp="2019-06-16T17:34:00.139" durationms="1.341" />

<exclusive-start id="449" timestamp="2019-06-16T17:34:00.163" intervalms="25.443">
  <response-info timems="0.052" idlems="0.052" threads="0" lastid="0000000001858700" lastname="main" />
</exclusive-start>
<af-start id="450" threadId="0000000001859088" totalBytesRequested="32" timestamp="2019-06-16T17:34:00.163" intervalms="25.445" type="nursery" />
<cycle-start id="451" type="scavenge" contextid="0" timestamp="2019-06-16T17:34:00.163" intervalms="25.450" />
<gc-start id="452" type="scavenge" contextid="451" timestamp="2019-06-16T17:34:00.163">
  <mem-info id="453" free="1906528" total="8912896" percent="21">
    <mem type="nursery" free="0" total="2621440" percent="0">
      <mem type="allocate" free="0" total="2162688" percent="0" />
      <mem type="survivor" free="0" total="458752" percent="0" />
    </mem>
    <mem type="tenure" free="1906528" total="6291456" percent="30">
      <mem type="soa" free="1592160" total="5977088" percent="26" />
      <mem type="loa" free="314368" total="314368" percent="100" />
    </mem>
    <remembered-set count="1120" />
  </mem-info>
</gc-start>
<allocation-stats totalBytes="1898896" >
  <allocated-bytes non-tlh="10880" tlh="1888016" />
  <largest-consumer threadName="main" threadId="0000000001858700" bytes="1898896" />
</allocation-stats>
<gc-op id="454" type="scavenge" timems="0.893" contextid="451" timestamp="2019-06-16T17:34:00.164">
  <scavenger-info tenureage="3" tenuremask="4008" tiltratio="82" />
  <memory-copied type="nursery" objects="6819" bytes="244728" bytesdiscarded="68480" />
  <memory-copied type="tenure" objects="1387" bytes="47352" bytesdiscarded="24" />
  <references type="weak" candidates="272" cleared="0" enqueued="0" />
</gc-op>
<gc-end id="455" type="scavenge" contextid="451" durationms="1.107" usertimems="0.000" systemtimems="0.000" timestamp="2019-06-16T17:34:00.164" activeThreads="4">
  <mem-info id="456" free="3716704" total="8912896" percent="41">
    <mem type="nursery" free="1849344" total="2621440" percent="70">
      <mem type="allocate" free="1849344" total="2162688" percent="85" />
      <mem type="survivor" free="0" total="458752" percent="0" />
    </mem>
    <mem type="tenure" free="1867360" total="6291456" percent="29">
      <mem type="soa" free="1552992" total="5977088" percent="25" />
      <mem type="loa" free="314368" total="314368" percent="100" />
    </mem>
    <remembered-set count="885" />
  </mem-info>
</gc-end>
<cycle-end id="457" type="scavenge" contextid="451" timestamp="2019-06-16T17:34:00.164" />
  <attribute name="elasticGC enabled" value="1" />
  <attribute name= "numThreadsSpecified" value="4" />
  <attribute name="heapSize specified" value="0" />
  <attribute name="Current GC Util" value="4" />
  <attribute name= "Current Time Running" value="4797" />
  <attribute name ="GC Interval" value="200" />
  <attribute name="ProportionalT" value="-16.000000" />
  <attribute name="ProportionalI" value="-16.000000" />
  <attribute name="ProportionalH" value="-16.000000" />
  <attribute name="Current Error" value="-16.000000" />
  <attribute name="IntegralT" value="-400.000000" />
  <attribute name="IntegralI" value="-400.000000" />
  <attribute name="IntegralH" value="-400.000000" />
  <attribute name="DerivativeT" value="-0.320000" />
  <attribute name="DerivativeI" value="-0.320000" />
  <attribute name="DerivativeH" value="-0.320000" />
  <attribute name="Loop Time for DT" value="25.000000" />
  <attribute name="Output H" value="2092630016"/>
  <attribute name="Output I" value="200"/>
  <attribute name="Output T" value="4"/>
  <attribute name="Target GC Util Change" value ="20.000000" />
  <attribute name="Current GC Util Change" value="4.000000"/>
  <attribute name="GC Util currently" value="4" />
  <attribute name="CPU Util currently" value="181109247858" />
<allocation-satisfied id="458" threadId="0000000001858700" bytesRequested="32" />
<af-end id="459" timestamp="2019-06-16T17:34:00.165" threadId="0000000001859088" success="true" from="nursery"/>
<exclusive-end id="460" timestamp="2019-06-16T17:34:00.165" durationms="1.651" />

<exclusive-start id="461" timestamp="2019-06-16T17:34:00.189" intervalms="25.819">
  <response-info timems="0.029" idlems="0.029" threads="0" lastid="0000000001858700" lastname="main" />
</exclusive-start>
<af-start id="462" threadId="0000000001859088" totalBytesRequested="24" timestamp="2019-06-16T17:34:00.189" intervalms="25.795" type="nursery" />
<cycle-start id="463" type="scavenge" contextid="0" timestamp="2019-06-16T17:34:00.189" intervalms="25.779" />
<gc-start id="464" type="scavenge" contextid="463" timestamp="2019-06-16T17:34:00.189">
  <mem-info id="465" free="1853120" total="8912896" percent="20">
    <mem type="nursery" free="0" total="2621440" percent="0">
      <mem type="allocate" free="0" total="2162688" percent="0" />
      <mem type="survivor" free="0" total="458752" percent="0" />
    </mem>
    <mem type="tenure" free="1853120" total="6291456" percent="29">
      <mem type="soa" free="1538752" total="5977088" percent="25" />
      <mem type="loa" free="314368" total="314368" percent="100" />
    </mem>
    <remembered-set count="1216" />
  </mem-info>
</gc-start>
<allocation-stats totalBytes="1861968" >
  <allocated-bytes non-tlh="14272" tlh="1847696" />
  <largest-consumer threadName="main" threadId="0000000001858700" bytes="1861968" />
</allocation-stats>
<gc-op id="466" type="scavenge" timems="0.725" contextid="463" timestamp="2019-06-16T17:34:00.190">
  <scavenger-info tenureage="3" tenuremask="4008" tiltratio="82" />
  <memory-copied type="nursery" objects="6921" bytes="250272" bytesdiscarded="62960" />
  <memory-copied type="tenure" objects="1989" bytes="72168" bytesdiscarded="0" />
  <references type="soft" candidates="2" cleared="0" enqueued="0" dynamicThreshold="32" maxThreshold="32" />
  <references type="weak" candidates="184" cleared="2" enqueued="2" />
</gc-op>
<gc-end id="467" type="scavenge" contextid="463" durationms="0.890" usertimems="4.000" systemtimems="0.000" timestamp="2019-06-16T17:34:00.190" activeThreads="4">
  <mem-info id="468" free="3663296" total="8912896" percent="41">
    <mem type="nursery" free="1849344" total="2621440" percent="70">
      <mem type="allocate" free="1849344" total="2162688" percent="85" />
      <mem type="survivor" free="0" total="458752" percent="0" />
    </mem>
    <mem type="tenure" free="1813952" total="6291456" percent="28">
      <mem type="soa" free="1499584" total="5977088" percent="25" />
      <mem type="loa" free="314368" total="314368" percent="100" />
    </mem>
    <pending-finalizers system="0" default="0" reference="2" classloader="0" />
    <remembered-set count="957" />
  </mem-info>
</gc-end>
<cycle-end id="469" type="scavenge" contextid="463" timestamp="2019-06-16T17:34:00.190" />
  <attribute name="elasticGC enabled" value="1" />
  <attribute name= "numThreadsSpecified" value="4" />
  <attribute name="heapSize specified" value="0" />
  <attribute name="Current GC Util" value="5" />
  <attribute name= "Current Time Running" value="4823" />
  <attribute name ="GC Interval" value="200" />
  <attribute name="ProportionalT" value="-15.000000" />
  <attribute name="ProportionalI" value="-15.000000" />
  <attribute name="ProportionalH" value="-15.000000" />
  <attribute name="Current Error" value="-15.000000" />
  <attribute name="IntegralT" value="-390.000000" />
  <attribute name="IntegralI" value="-390.000000" />
  <attribute name="IntegralH" value="-390.000000" />
  <attribute name="DerivativeT" value="-0.288462" />
  <attribute name="DerivativeI" value="-0.288462" />
  <attribute name="DerivativeH" value="-0.288462" />
  <attribute name="Loop Time for DT" value="26.000000" />
  <attribute name="Output H" value="2092630016"/>
  <attribute name="Output I" value="200"/>
  <attribute name="Output T" value="4"/>
  <attribute name="Target GC Util Change" value ="20.000000" />
  <attribute name="Current GC Util Change" value="5.000000"/>
  <attribute name="GC Util currently" value="5" />
  <attribute name="CPU Util currently" value="179055474654" />
<allocation-satisfied id="470" threadId="0000000001858700" bytesRequested="24" />
<af-end id="471" timestamp="2019-06-16T17:34:00.190" threadId="0000000001859088" success="true" from="nursery"/>
<exclusive-end id="472" timestamp="2019-06-16T17:34:00.190" durationms="1.247" />

<exclusive-start id="473" timestamp="2019-06-16T17:34:00.212" intervalms="22.788">
  <response-info timems="0.031" idlems="0.031" threads="0" lastid="0000000001858700" lastname="main" />
</exclusive-start>
<af-start id="474" threadId="0000000001859088" totalBytesRequested="48" timestamp="2019-06-16T17:34:00.212" intervalms="22.832" type="nursery" />
<cycle-start id="475" type="scavenge" contextid="0" timestamp="2019-06-16T17:34:00.212" intervalms="22.874" />
<gc-start id="476" type="scavenge" contextid="475" timestamp="2019-06-16T17:34:00.212">
  <mem-info id="477" free="1809072" total="8912896" percent="20">
    <mem type="nursery" free="0" total="2621440" percent="0">
      <mem type="allocate" free="0" total="2162688" percent="0" />
      <mem type="survivor" free="0" total="458752" percent="0" />
    </mem>
    <mem type="tenure" free="1809072" total="6291456" percent="28">
      <mem type="soa" free="1494704" total="5977088" percent="25" />
      <mem type="loa" free="314368" total="314368" percent="100" />
    </mem>
    <remembered-set count="1061" />
  </mem-info>
</gc-start>
<allocation-stats totalBytes="1853120" >
  <allocated-bytes non-tlh="118776" tlh="1734344" />
  <largest-consumer threadName="main" threadId="0000000001858700" bytes="1853120" />
</allocation-stats>
<gc-op id="478" type="scavenge" timems="0.731" contextid="475" timestamp="2019-06-16T17:34:00.213">
  <scavenger-info tenureage="3" tenuremask="4008" tiltratio="82" />
  <memory-copied type="nursery" objects="7905" bytes="334992" bytesdiscarded="54568" />
  <memory-copied type="tenure" objects="2304" bytes="84576" bytesdiscarded="8" />
  <references type="soft" candidates="2" cleared="0" enqueued="0" dynamicThreshold="32" maxThreshold="32" />
  <references type="weak" candidates="137" cleared="3" enqueued="3" />
</gc-op>
<gc-end id="479" type="scavenge" contextid="475" durationms="1.003" usertimems="4.000" systemtimems="0.000" timestamp="2019-06-16T17:34:00.213" activeThreads="4">
  <mem-info id="480" free="3442344" total="8912896" percent="38">
    <mem type="nursery" free="1773048" total="2621440" percent="67">
      <mem type="allocate" free="1773048" total="2162688" percent="81" />
      <mem type="survivor" free="0" total="458752" percent="0" />
    </mem>
    <mem type="tenure" free="1669296" total="6291456" percent="26">
      <mem type="soa" free="1354928" total="5977088" percent="22" />
      <mem type="loa" free="314368" total="314368" percent="100" />
    </mem>
    <pending-finalizers system="0" default="0" reference="3" classloader="0" />
    <remembered-set count="767" />
  </mem-info>
</gc-end>
<cycle-end id="481" type="scavenge" contextid="475" timestamp="2019-06-16T17:34:00.213" />
  <attribute name="elasticGC enabled" value="1" />
  <attribute name= "numThreadsSpecified" value="4" />
  <attribute name="heapSize specified" value="0" />
  <attribute name="Current GC Util" value="5" />
  <attribute name= "Current Time Running" value="4846" />
  <attribute name ="GC Interval" value="200" />
  <attribute name="ProportionalT" value="-15.000000" />
  <attribute name="ProportionalI" value="-15.000000" />
  <attribute name="ProportionalH" value="-15.000000" />
  <attribute name="Current Error" value="-15.000000" />
  <attribute name="IntegralT" value="-345.000000" />
  <attribute name="IntegralI" value="-345.000000" />
  <attribute name="IntegralH" value="-345.000000" />
  <attribute name="DerivativeT" value="-0.326087" />
  <attribute name="DerivativeI" value="-0.326087" />
  <attribute name="DerivativeH" value="-0.326087" />
  <attribute name="Loop Time for DT" value="23.000000" />
  <attribute name="Output H" value="2092630016"/>
  <attribute name="Output I" value="200"/>
  <attribute name="Output T" value="4"/>
  <attribute name="Target GC Util Change" value ="20.000000" />
  <attribute name="Current GC Util Change" value="5.000000"/>
  <attribute name="GC Util currently" value="5" />
  <attribute name="CPU Util currently" value="200678559800" />
<allocation-satisfied id="482" threadId="0000000001858700" bytesRequested="48" />
<af-end id="483" timestamp="2019-06-16T17:34:00.213" threadId="0000000001859088" success="true" from="nursery"/>
<exclusive-end id="484" timestamp="2019-06-16T17:34:00.213" durationms="1.583" />

<exclusive-start id="485" timestamp="2019-06-16T17:34:00.235" intervalms="23.502">
  <response-info timems="0.022" idlems="0.022" threads="0" lastid="0000000001858700" lastname="main" />
</exclusive-start>
<af-start id="486" threadId="0000000001859088" totalBytesRequested="200008" timestamp="2019-06-16T17:34:00.235" intervalms="23.470" type="nursery" />
<cycle-start id="487" type="scavenge" contextid="0" timestamp="2019-06-16T17:34:00.235" intervalms="23.443" />
<gc-start id="488" type="scavenge" contextid="487" timestamp="2019-06-16T17:34:00.235">
  <mem-info id="489" free="1721616" total="8912896" percent="19">
    <mem type="nursery" free="69112" total="2621440" percent="2">
      <mem type="allocate" free="69112" total="2162688" percent="3" />
      <mem type="survivor" free="0" total="458752" percent="0" />
    </mem>
    <mem type="tenure" free="1652504" total="6291456" percent="26">
      <mem type="soa" free="1338136" total="5977088" percent="22" />
      <mem type="loa" free="314368" total="314368" percent="100" />
    </mem>
    <remembered-set count="949" />
  </mem-info>
</gc-start>
<allocation-stats totalBytes="1720032" >
  <allocated-bytes non-tlh="16840" tlh="1703192" />
  <largest-consumer threadName="main" threadId="0000000001858700" bytes="1720032" />
</allocation-stats>
<gc-op id="490" type="scavenge" timems="0.625" contextid="487" timestamp="2019-06-16T17:34:00.236">
  <scavenger-info tenureage="14" tenuremask="4000" tiltratio="82" />
  <memory-copied type="nursery" objects="5180" bytes="261032" bytesdiscarded="37216" />
  <references type="soft" candidates="73" cleared="0" enqueued="0" dynamicThreshold="32" maxThreshold="32" />
  <references type="weak" candidates="142" cleared="0" enqueued="0" />
  <references type="phantom" candidates="1" cleared="0" enqueued="0" />
</gc-op>
<gc-end id="491" type="scavenge" contextid="487" durationms="0.773" usertimems="0.000" systemtimems="0.000" timestamp="2019-06-16T17:34:00.236" activeThreads="4">
  <mem-info id="492" free="3516800" total="8912896" percent="39">
    <mem type="nursery" free="1864296" total="2621440" percent="71">
      <mem type="allocate" free="1864296" total="2162688" percent="86" />
      <mem type="survivor" free="0" total="458752" percent="0" />
    </mem>
    <mem type="tenure" free="1652504" total="6291456" percent="26">
      <mem type="soa" free="1338136" total="5977088" percent="22" />
      <mem type="loa" free="314368" total="314368" percent="100" />
    </mem>
    <remembered-set count="796" />
  </mem-info>
</gc-end>
<cycle-end id="493" type="scavenge" contextid="487" timestamp="2019-06-16T17:34:00.236" />
  <attribute name="elasticGC enabled" value="1" />
  <attribute name= "numThreadsSpecified" value="4" />
  <attribute name="heapSize specified" value="0" />
  <attribute name="Current GC Util" value="6" />
  <attribute name= "Current Time Running" value="4869" />
  <attribute name ="GC Interval" value="200" />
  <attribute name="ProportionalT" value="-14.000000" />
  <attribute name="ProportionalI" value="-14.000000" />
  <attribute name="ProportionalH" value="-14.000000" />
  <attribute name="Current Error" value="-14.000000" />
  <attribute name="IntegralT" value="-322.000000" />
  <attribute name="IntegralI" value="-322.000000" />
  <attribute name="IntegralH" value="-322.000000" />
  <attribute name="DerivativeT" value="-0.304348" />
  <attribute name="DerivativeI" value="-0.304348" />
  <attribute name="DerivativeH" value="-0.304348" />
  <attribute name="Loop Time for DT" value="23.000000" />
  <attribute name="Output H" value="2092630016"/>
  <attribute name="Output I" value="200"/>
  <attribute name="Output T" value="4"/>
  <attribute name="Target GC Util Change" value ="20.000000" />
  <attribute name="Current GC Util Change" value="6.000000"/>
  <attribute name="GC Util currently" value="6" />
  <attribute name="CPU Util currently" value="197694033515" />
<allocation-satisfied id="494" threadId="0000000001858700" bytesRequested="200008" />
<af-end id="495" timestamp="2019-06-16T17:34:00.236" threadId="0000000001859088" success="true" from="nursery"/>
<exclusive-end id="496" timestamp="2019-06-16T17:34:00.236" durationms="1.191" />

<exclusive-start id="497" timestamp="2019-06-16T17:34:00.269" intervalms="34.085">
  <response-info timems="0.031" idlems="0.031" threads="0" lastid="0000000001858700" lastname="main" />
</exclusive-start>
<af-start id="498" threadId="0000000001859088" totalBytesRequested="40" timestamp="2019-06-16T17:34:00.269" intervalms="34.103" type="nursery" />
<cycle-start id="499" type="scavenge" contextid="0" timestamp="2019-06-16T17:34:00.269" intervalms="34.097" />
<gc-start id="500" type="scavenge" contextid="499" timestamp="2019-06-16T17:34:00.269">
  <mem-info id="501" free="1647168" total="8912896" percent="18">
    <mem type="nursery" free="0" total="2621440" percent="0">
      <mem type="allocate" free="0" total="2162688" percent="0" />
      <mem type="survivor" free="0" total="458752" percent="0" />
    </mem>
    <mem type="tenure" free="1647168" total="6291456" percent="26">
      <mem type="soa" free="1332800" total="5977088" percent="22" />
      <mem type="loa" free="314368" total="314368" percent="100" />
    </mem>
    <remembered-set count="854" />
  </mem-info>
</gc-start>
<allocation-stats totalBytes="1869136" >
  <allocated-bytes non-tlh="270888" tlh="1598248" />
  <largest-consumer threadName="main" threadId="0000000001858700" bytes="1869136" />
</allocation-stats>
<gc-op id="502" type="scavenge" timems="0.840" contextid="499" timestamp="2019-06-16T17:34:00.270">
  <scavenger-info tenureage="4" tenuremask="4010" tiltratio="82" />
  <memory-copied type="nursery" objects="3933" bytes="458576" bytesdiscarded="32" />
  <memory-copied type="tenure" objects="7060" bytes="380720" bytesdiscarded="56" />
  <copy-failed type="nursery" objects="4858" bytes="300552" />
  <references type="soft" candidates="55" cleared="0" enqueued="0" dynamicThreshold="32" maxThreshold="32" />
  <references type="weak" candidates="98" cleared="0" enqueued="0" />
  <references type="phantom" candidates="1" cleared="0" enqueued="0" />
</gc-op>
<gc-end id="503" type="scavenge" contextid="499" durationms="1.003" usertimems="0.000" systemtimems="0.000" timestamp="2019-06-16T17:34:00.270" activeThreads="4">
  <mem-info id="504" free="2070328" total="8912896" percent="23">
    <mem type="nursery" free="851968" total="2621440" percent="32">
      <mem type="allocate" free="851968" total="1310720" percent="65" />
      <mem type="survivor" free="0" total="1310720" percent="0" />
    </mem>
    <mem type="tenure" free="1218360" total="6291456" percent="19">
      <mem type="soa" free="903992" total="5977088" percent="15" />
      <mem type="loa" free="314368" total="314368" percent="100" />
    </mem>
    <remembered-set count="2927" />
  </mem-info>
</gc-end>
<cycle-end id="505" type="scavenge" contextid="499" timestamp="2019-06-16T17:34:00.270" />
  <attribute name="elasticGC enabled" value="1" />
  <attribute name= "numThreadsSpecified" value="4" />
  <attribute name="heapSize specified" value="0" />
  <attribute name="Current GC Util" value="2" />
  <attribute name= "Current Time Running" value="4903" />
  <attribute name ="GC Interval" value="200" />
  <attribute name="ProportionalT" value="-18.000000" />
  <attribute name="ProportionalI" value="-18.000000" />
  <attribute name="ProportionalH" value="-18.000000" />
  <attribute name="Current Error" value="-18.000000" />
  <attribute name="IntegralT" value="-612.000000" />
  <attribute name="IntegralI" value="-612.000000" />
  <attribute name="IntegralH" value="-612.000000" />
  <attribute name="DerivativeT" value="-0.264706" />
  <attribute name="DerivativeI" value="-0.264706" />
  <attribute name="DerivativeH" value="-0.264706" />
  <attribute name="Loop Time for DT" value="34.000000" />
  <attribute name="Output H" value="2092630016"/>
  <attribute name="Output I" value="200"/>
  <attribute name="Output T" value="4"/>
  <attribute name="Target GC Util Change" value ="20.000000" />
  <attribute name="Current GC Util Change" value="2.000000"/>
  <attribute name="GC Util currently" value="2" />
  <attribute name="CPU Util currently" value="13" />
<allocation-satisfied id="506" threadId="0000000001858700" bytesRequested="40" />
<af-end id="507" timestamp="2019-06-16T17:34:00.271" threadId="0000000001859088" success="true" from="nursery"/>
<exclusive-end id="508" timestamp="2019-06-16T17:34:00.271" durationms="1.430" />

<exclusive-start id="509" timestamp="2019-06-16T17:34:00.276" intervalms="6.620">
  <response-info timems="0.026" idlems="0.026" threads="0" lastid="0000000001858700" lastname="main" />
</exclusive-start>
<af-start id="510" threadId="0000000001859088" totalBytesRequested="32" timestamp="2019-06-16T17:34:00.276" intervalms="6.619" type="nursery" />
<cycle-start id="511" type="scavenge" contextid="0" timestamp="2019-06-16T17:34:00.276" intervalms="6.649" />
<gc-start id="512" type="scavenge" contextid="511" timestamp="2019-06-16T17:34:00.276">
  <mem-info id="513" free="1218360" total="8912896" percent="13">
    <mem type="nursery" free="0" total="2621440" percent="0">
      <mem type="allocate" free="0" total="1310720" percent="0" />
      <mem type="survivor" free="0" total="1310720" percent="0" />
    </mem>
    <mem type="tenure" free="1218360" total="6291456" percent="19">
      <mem type="soa" free="903992" total="5977088" percent="15" />
      <mem type="loa" free="314368" total="314368" percent="100" />
    </mem>
    <remembered-set count="2927" />
  </mem-info>
</gc-start>
<allocation-stats totalBytes="851824" >
  <allocated-bytes non-tlh="40" tlh="851784" />
  <largest-consumer threadName="main" threadId="0000000001858700" bytes="851824" />
</allocation-stats>
<gc-op id="514" type="scavenge" timems="0.612" contextid="511" timestamp="2019-06-16T17:34:00.277">
  <scavenger-info tenureage="3" tenuremask="ffd8" tiltratio="50" />
  <memory-copied type="nursery" objects="4906" bytes="494384" bytesdiscarded="32456" />
  <memory-copied type="tenure" objects="607" bytes="19400" bytesdiscarded="96" />
  <references type="soft" candidates="53" cleared="0" enqueued="0" dynamicThreshold="32" maxThreshold="32" />
  <references type="weak" candidates="46" cleared="0" enqueued="0" />
  <references type="phantom" candidates="1" cleared="0" enqueued="0" />
</gc-op>
<gc-end id="515" type="scavenge" contextid="511" durationms="0.876" usertimems="0.000" systemtimems="0.000" timestamp="2019-06-16T17:34:00.277" activeThreads="4">
  <mem-info id="516" free="1932264" total="8912896" percent="21">
    <mem type="nursery" free="783792" total="2621440" percent="29">
      <mem type="allocate" free="783792" total="1310720" percent="59" />
      <mem type="survivor" free="0" total="1310720" percent="0" />
    </mem>
    <mem type="tenure" free="1148472" total="6291456" percent="18">
      <mem type="soa" free="834104" total="5977088" percent="13" />
      <mem type="loa" free="314368" total="314368" percent="100" />
    </mem>
    <remembered-set count="2174" />
  </mem-info>
</gc-end>
<cycle-end id="517" type="scavenge" contextid="511" timestamp="2019-06-16T17:34:00.277" />
  <attribute name="elasticGC enabled" value="1" />
  <attribute name= "numThreadsSpecified" value="4" />
  <attribute name="heapSize specified" value="0" />
  <attribute name="Current GC Util" value="25" />
  <attribute name= "Current Time Running" value="4910" />
  <attribute name ="GC Interval" value="200" />
  <attribute name="ProportionalT" value="5.000000" />
  <attribute name="ProportionalI" value="5.000000" />
  <attribute name="ProportionalH" value="5.000000" />
  <attribute name="Current Error" value="5.000000" />
  <attribute name="IntegralT" value="35.000000" />
  <attribute name="IntegralI" value="35.000000" />
  <attribute name="IntegralH" value="35.000000" />
  <attribute name="DerivativeT" value="0.357143" />
  <attribute name="DerivativeI" value="0.357143" />
  <attribute name="DerivativeH" value="0.357143" />
  <attribute name="Loop Time for DT" value="7.000000" />
  <attribute name="Output H" value="8388608"/>
  <attribute name="Output I" value="200"/>
  <attribute name="Output T" value="4"/>
  <attribute name="Target GC Util Change" value ="20.000000" />
  <attribute name="Current GC Util Change" value="25.000000"/>
  <attribute name="GC Util currently" value="25" />
  <attribute name="CPU Util currently" value="685106784453" />
<allocation-satisfied id="518" threadId="0000000001858700" bytesRequested="32" />
<af-end id="519" timestamp="2019-06-16T17:34:00.277" threadId="0000000001859088" success="true" from="nursery"/>
<exclusive-end id="520" timestamp="2019-06-16T17:34:00.277" durationms="1.419" />

<exclusive-start id="521" timestamp="2019-06-16T17:34:00.282" intervalms="6.336">
  <response-info timems="0.035" idlems="0.035" threads="0" lastid="0000000001858700" lastname="main" />
</exclusive-start>
<af-start id="522" threadId="0000000001859088" totalBytesRequested="48" timestamp="2019-06-16T17:34:00.282" intervalms="6.299" type="nursery" />
<cycle-start id="523" type="scavenge" contextid="0" timestamp="2019-06-16T17:34:00.282" intervalms="6.298" />
<gc-start id="524" type="scavenge" contextid="523" timestamp="2019-06-16T17:34:00.282">
  <mem-info id="525" free="1148472" total="8912896" percent="12">
    <mem type="nursery" free="0" total="2621440" percent="0">
      <mem type="allocate" free="0" total="1310720" percent="0" />
      <mem type="survivor" free="0" total="1310720" percent="0" />
    </mem>
    <mem type="tenure" free="1148472" total="6291456" percent="18">
      <mem type="soa" free="834104" total="5977088" percent="13" />
      <mem type="loa" free="314368" total="314368" percent="100" />
    </mem>
    <remembered-set count="2174" />
  </mem-info>
</gc-start>
<allocation-stats totalBytes="783640" >
  <allocated-bytes non-tlh="32" tlh="783608" />
  <largest-consumer threadName="main" threadId="0000000001858700" bytes="783640" />
</allocation-stats>
<gc-op id="526" type="scavenge" timems="0.974" contextid="523" timestamp="2019-06-16T17:34:00.283">
  <scavenger-info tenureage="2" tenuremask="ffcc" tiltratio="50" />
  <memory-copied type="nursery" objects="2609" bytes="96648" bytesdiscarded="51576" />
  <memory-copied type="tenure" objects="3246" bytes="436504" bytesdiscarded="304" />
</gc-op>
<heap-resize id="527" type="expand" space="nursery" amount="262144" count="1" timems="0.014" reason="excessive time being spent scavenging" timestamp="2019-06-16T17:34:00.284" />
<gc-end id="528" type="scavenge" contextid="523" durationms="1.269" usertimems="0.000" systemtimems="0.000" timestamp="2019-06-16T17:34:00.284" activeThreads="1">
  <mem-info id="529" free="2259696" total="9175040" percent="24">
    <mem type="nursery" free="1490176" total="2883584" percent="51">
      <mem type="allocate" free="1490176" total="1638400" percent="90" />
      <mem type="survivor" free="0" total="1245184" percent="0" />
    </mem>
    <mem type="tenure" free="769520" total="6291456" percent="12">
      <mem type="soa" free="455152" total="5977088" percent="7" />
      <mem type="loa" free="314368" total="314368" percent="100" />
    </mem>
    <remembered-set count="351" />
  </mem-info>
</gc-end>
<cycle-end id="530" type="scavenge" contextid="523" timestamp="2019-06-16T17:34:00.284" />
  <attribute name="elasticGC enabled" value="1" />
  <attribute name= "numThreadsSpecified" value="1" />
  <attribute name="heapSize specified" value="0" />
  <attribute name="Current GC Util" value="19" />
  <attribute name= "Current Time Running" value="4916" />
  <attribute name ="GC Interval" value="200" />
  <attribute name="ProportionalT" value="-1.000000" />
  <attribute name="ProportionalI" value="-1.000000" />
  <attribute name="ProportionalH" value="-1.000000" />
  <attribute name="Current Error" value="-1.000000" />
  <attribute name="IntegralT" value="-6.000000" />
  <attribute name="IntegralI" value="-6.000000" />
  <attribute name="IntegralH" value="-6.000000" />
  <attribute name="DerivativeT" value="-0.500000" />
  <attribute name="DerivativeI" value="-0.500000" />
  <attribute name="DerivativeH" value="-0.500000" />
  <attribute name="Loop Time for DT" value="6.000000" />
  <attribute name="Output H" value="8388608"/>
  <attribute name="Output I" value="200"/>
  <attribute name="Output T" value="1"/>
  <attribute name="Target GC Util Change" value ="20.000000" />
  <attribute name="Current GC Util Change" value="19.000000"/>
  <attribute name="GC Util currently" value="19" />
  <attribute name="CPU Util currently" value="746184526761" />
<allocation-satisfied id="531" threadId="0000000001858700" bytesRequested="48" />
<af-end id="532" timestamp="2019-06-16T17:34:00.284" threadId="0000000001859088" success="true" from="nursery"/>
<exclusive-end id="533" timestamp="2019-06-16T17:34:00.284" durationms="1.699" />

<exclusive-start id="534" timestamp="2019-06-16T17:34:00.299" intervalms="17.200">
  <response-info timems="0.083" idlems="0.083" threads="0" lastid="0000000001858700" lastname="main" />
</exclusive-start>
<af-start id="535" threadId="0000000001859088" totalBytesRequested="24" timestamp="2019-06-16T17:34:00.299" intervalms="17.260" type="nursery" />
<cycle-start id="536" type="scavenge" contextid="0" timestamp="2019-06-16T17:34:00.300" intervalms="17.273" />
<gc-start id="537" type="scavenge" contextid="536" timestamp="2019-06-16T17:34:00.300">
  <mem-info id="538" free="764760" total="9175040" percent="8">
    <mem type="nursery" free="0" total="2883584" percent="0">
      <mem type="allocate" free="0" total="1638400" percent="0" />
      <mem type="survivor" free="0" total="1245184" percent="0" />
    </mem>
    <mem type="tenure" free="764760" total="6291456" percent="12">
      <mem type="soa" free="450392" total="5977088" percent="7" />
      <mem type="loa" free="314368" total="314368" percent="100" />
    </mem>
    <remembered-set count="573" />
  </mem-info>
</gc-start>
<allocation-stats totalBytes="1494072" >
  <allocated-bytes non-tlh="4808" tlh="1489264" />
  <largest-consumer threadName="main" threadId="0000000001858700" bytes="1494072" />
</allocation-stats>
<gc-op id="539" type="scavenge" timems="0.520" contextid="536" timestamp="2019-06-16T17:34:00.300">
  <scavenger-info tenureage="5" tenuremask="ffe0" tiltratio="56" />
  <memory-copied type="nursery" objects="4383" bytes="174120" bytesdiscarded="21688" />
  <references type="weak" candidates="38" cleared="0" enqueued="0" />
</gc-op>
<gc-end id="540" type="scavenge" contextid="536" durationms="0.794" usertimems="0.000" systemtimems="0.000" timestamp="2019-06-16T17:34:00.300" activeThreads="4">
  <mem-info id="541" free="2469464" total="9175040" percent="26">
    <mem type="nursery" free="1704704" total="2883584" percent="59">
      <mem type="allocate" free="1704704" total="1900544" percent="89" />
      <mem type="survivor" free="0" total="983040" percent="0" />
    </mem>
    <mem type="tenure" free="764760" total="6291456" percent="12">
      <mem type="soa" free="450392" total="5977088" percent="7" />
      <mem type="loa" free="314368" total="314368" percent="100" />
    </mem>
    <remembered-set count="567" />
  </mem-info>
</gc-end>
<cycle-end id="542" type="scavenge" contextid="536" timestamp="2019-06-16T17:34:00.301" />
  <attribute name="elasticGC enabled" value="1" />
  <attribute name= "numThreadsSpecified" value="4" />
  <attribute name="heapSize specified" value="0" />
  <attribute name="Current GC Util" value="7" />
  <attribute name= "Current Time Running" value="4934" />
  <attribute name ="GC Interval" value="200" />
  <attribute name="ProportionalT" value="-13.000000" />
  <attribute name="ProportionalI" value="-13.000000" />
  <attribute name="ProportionalH" value="-13.000000" />
  <attribute name="Current Error" value="-13.000000" />
  <attribute name="IntegralT" value="-234.000000" />
  <attribute name="IntegralI" value="-234.000000" />
  <attribute name="IntegralH" value="-234.000000" />
  <attribute name="DerivativeT" value="-0.361111" />
  <attribute name="DerivativeI" value="-0.361111" />
  <attribute name="DerivativeH" value="-0.361111" />
  <attribute name="Loop Time for DT" value="18.000000" />
  <attribute name="Output H" value="2092630016"/>
  <attribute name="Output I" value="200"/>
  <attribute name="Output T" value="4"/>
  <attribute name="Target GC Util Change" value ="20.000000" />
  <attribute name="Current GC Util Change" value="7.000000"/>
  <attribute name="GC Util currently" value="7" />
  <attribute name="CPU Util currently" value="264748431238" />
<allocation-satisfied id="543" threadId="0000000001858700" bytesRequested="24" />
<af-end id="544" timestamp="2019-06-16T17:34:00.301" threadId="0000000001859088" success="true" from="nursery"/>
<exclusive-end id="545" timestamp="2019-06-16T17:34:00.301" durationms="1.368" />

<exclusive-start id="546" timestamp="2019-06-16T17:34:00.312" intervalms="13.116">
  <response-info timems="0.032" idlems="0.032" threads="0" lastid="0000000001858700" lastname="main" />
</exclusive-start>
<af-start id="547" threadId="0000000001859088" totalBytesRequested="24" timestamp="2019-06-16T17:34:00.313" intervalms="13.127" type="nursery" />
<cycle-start id="548" type="scavenge" contextid="0" timestamp="2019-06-16T17:34:00.313" intervalms="13.122" />
<gc-start id="549" type="scavenge" contextid="548" timestamp="2019-06-16T17:34:00.313">
  <mem-info id="550" free="764760" total="9175040" percent="8">
    <mem type="nursery" free="0" total="2883584" percent="0">
      <mem type="allocate" free="0" total="1900544" percent="0" />
      <mem type="survivor" free="0" total="983040" percent="0" />
    </mem>
    <mem type="tenure" free="764760" total="6291456" percent="12">
      <mem type="soa" free="450392" total="5977088" percent="7" />
      <mem type="loa" free="314368" total="314368" percent="100" />
    </mem>
    <remembered-set count="801" />
  </mem-info>
</gc-start>
<allocation-stats totalBytes="1704488" >
  <allocated-bytes non-tlh="24" tlh="1704464" />
  <largest-consumer threadName="main" threadId="0000000001858700" bytes="1704488" />
</allocation-stats>
<gc-op id="551" type="scavenge" timems="0.602" contextid="548" timestamp="2019-06-16T17:34:00.314">
  <scavenger-info tenureage="3" tenuremask="fff8" tiltratio="65" />
  <memory-copied type="nursery" objects="5589" bytes="218768" bytesdiscarded="55392" />
  <memory-copied type="tenure" objects="1516" bytes="53328" bytesdiscarded="8" />
  <references type="weak" candidates="38" cleared="0" enqueued="0" />
</gc-op>
<gc-end id="552" type="scavenge" contextid="548" durationms="0.874" usertimems="0.000" systemtimems="0.000" timestamp="2019-06-16T17:34:00.314" activeThreads="4">
  <mem-info id="553" free="2443864" total="9175040" percent="26">
    <mem type="nursery" free="1757440" total="2883584" percent="60">
      <mem type="allocate" free="1757440" total="2031616" percent="86" />
      <mem type="survivor" free="0" total="851968" percent="0" />
    </mem>
    <mem type="tenure" free="686424" total="6291456" percent="10">
      <mem type="soa" free="372056" total="5977088" percent="6" />
      <mem type="loa" free="314368" total="314368" percent="100" />
    </mem>
    <remembered-set count="645" />
  </mem-info>
</gc-end>
<cycle-end id="554" type="scavenge" contextid="548" timestamp="2019-06-16T17:34:00.314" />
  <attribute name="elasticGC enabled" value="1" />
  <attribute name= "numThreadsSpecified" value="4" />
  <attribute name="heapSize specified" value="0" />
  <attribute name="Current GC Util" value="7" />
  <attribute name= "Current Time Running" value="4947" />
  <attribute name ="GC Interval" value="200" />
  <attribute name="ProportionalT" value="-13.000000" />
  <attribute name="ProportionalI" value="-13.000000" />
  <attribute name="ProportionalH" value="-13.000000" />
  <attribute name="Current Error" value="-13.000000" />
  <attribute name="IntegralT" value="-169.000000" />
  <attribute name="IntegralI" value="-169.000000" />
  <attribute name="IntegralH" value="-169.000000" />
  <attribute name="DerivativeT" value="-0.500000" />
  <attribute name="DerivativeI" value="-0.500000" />
  <attribute name="DerivativeH" value="-0.500000" />
  <attribute name="Loop Time for DT" value="13.000000" />
  <attribute name="Output H" value="2092630016"/>
  <attribute name="Output I" value="200"/>
  <attribute name="Output T" value="4"/>
  <attribute name="Target GC Util Change" value ="20.000000" />
  <attribute name="Current GC Util Change" value="7.000000"/>
  <attribute name="GC Util currently" value="7" />
  <attribute name="CPU Util currently" value="351623473267" />
<allocation-satisfied id="555" threadId="0000000001858700" bytesRequested="24" />
<af-end id="556" timestamp="2019-06-16T17:34:00.314" threadId="0000000001859088" success="true" from="nursery"/>
<exclusive-end id="557" timestamp="2019-06-16T17:34:00.314" durationms="1.493" />

<exclusive-start id="558" timestamp="2019-06-16T17:34:00.327" intervalms="14.542">
  <response-info timems="0.034" idlems="0.034" threads="0" lastid="0000000001858700" lastname="main" />
</exclusive-start>
<af-start id="559" threadId="0000000001859088" totalBytesRequested="3080" timestamp="2019-06-16T17:34:00.327" intervalms="14.511" type="nursery" />
<cycle-start id="560" type="scavenge" contextid="0" timestamp="2019-06-16T17:34:00.327" intervalms="14.468" />
<gc-start id="561" type="scavenge" contextid="560" timestamp="2019-06-16T17:34:00.327">
  <mem-info id="562" free="684728" total="9175040" percent="7">
    <mem type="nursery" free="0" total="2883584" percent="0">
      <mem type="allocate" free="0" total="2031616" percent="0" />
      <mem type="survivor" free="0" total="851968" percent="0" />
    </mem>
    <mem type="tenure" free="684728" total="6291456" percent="10">
      <mem type="soa" free="370360" total="5977088" percent="6" />
      <mem type="loa" free="314368" total="314368" percent="100" />
    </mem>
    <remembered-set count="906" />
  </mem-info>
</gc-start>
<allocation-stats totalBytes="1756904" >
  <allocated-bytes non-tlh="1720" tlh="1755184" />
  <largest-consumer threadName="main" threadId="0000000001858700" bytes="1756904" />
</allocation-stats>
<gc-op id="563" type="scavenge" timems="0.792" contextid="560" timestamp="2019-06-16T17:34:00.328">
  <scavenger-info tenureage="3" tenuremask="ffe8" tiltratio="70" />
  <memory-copied type="nursery" objects="7086" bytes="304808" bytesdiscarded="48712" />
  <memory-copied type="tenure" objects="1028" bytes="41232" bytesdiscarded="8" />
  <references type="weak" candidates="51" cleared="0" enqueued="0" />
  <references type="phantom" candidates="1" cleared="0" enqueued="0" />
</gc-op>
<gc-end id="564" type="scavenge" contextid="560" durationms="0.941" usertimems="0.000" systemtimems="0.000" timestamp="2019-06-16T17:34:00.328" activeThreads="4">
  <mem-info id="565" free="2389168" total="9175040" percent="26">
    <mem type="nursery" free="1743608" total="2883584" percent="60">
      <mem type="allocate" free="1743608" total="2097152" percent="83" />
      <mem type="survivor" free="0" total="786432" percent="0" />
    </mem>
    <mem type="tenure" free="645560" total="6291456" percent="10">
      <mem type="soa" free="331192" total="5977088" percent="5" />
      <mem type="loa" free="314368" total="314368" percent="100" />
    </mem>
    <remembered-set count="757" />
  </mem-info>
</gc-end>
<cycle-end id="566" type="scavenge" contextid="560" timestamp="2019-06-16T17:34:00.328" />
  <attribute name="elasticGC enabled" value="1" />
  <attribute name= "numThreadsSpecified" value="4" />
  <attribute name="heapSize specified" value="0" />
  <attribute name="Current GC Util" value="8" />
  <attribute name= "Current Time Running" value="4961" />
  <attribute name ="GC Interval" value="200" />
  <attribute name="ProportionalT" value="-12.000000" />
  <attribute name="ProportionalI" value="-12.000000" />
  <attribute name="ProportionalH" value="-12.000000" />
  <attribute name="Current Error" value="-12.000000" />
  <attribute name="IntegralT" value="-168.000000" />
  <attribute name="IntegralI" value="-168.000000" />
  <attribute name="IntegralH" value="-168.000000" />
  <attribute name="DerivativeT" value="-0.428571" />
  <attribute name="DerivativeI" value="-0.428571" />
  <attribute name="DerivativeH" value="-0.428571" />
  <attribute name="Loop Time for DT" value="14.000000" />
  <attribute name="Output H" value="2092630016"/>
  <attribute name="Output I" value="200"/>
  <attribute name="Output T" value="4"/>
  <attribute name="Target GC Util Change" value ="20.000000" />
  <attribute name="Current GC Util Change" value="8.000000"/>
  <attribute name="GC Util currently" value="8" />
  <attribute name="CPU Util currently" value="321363606667" />
<allocation-satisfied id="567" threadId="0000000001858700" bytesRequested="3080" />
<af-end id="568" timestamp="2019-06-16T17:34:00.328" threadId="0000000001859088" success="true" from="nursery"/>
<exclusive-end id="569" timestamp="2019-06-16T17:34:00.328" durationms="1.365" />

<exclusive-start id="570" timestamp="2019-06-16T17:34:00.341" intervalms="14.124">
  <response-info timems="0.077" idlems="0.077" threads="0" lastid="0000000001858700" lastname="main" />
</exclusive-start>
<af-start id="571" threadId="0000000001859088" totalBytesRequested="4104" timestamp="2019-06-16T17:34:00.341" intervalms="14.131" type="nursery" />
<cycle-start id="572" type="scavenge" contextid="0" timestamp="2019-06-16T17:34:00.341" intervalms="14.172" />
<gc-start id="573" type="scavenge" contextid="572" timestamp="2019-06-16T17:34:00.341">
  <mem-info id="574" free="645304" total="9175040" percent="7">
    <mem type="nursery" free="0" total="2883584" percent="0">
      <mem type="allocate" free="0" total="2097152" percent="0" />
      <mem type="survivor" free="0" total="786432" percent="0" />
    </mem>
    <mem type="tenure" free="645304" total="6291456" percent="10">
      <mem type="soa" free="330936" total="5977088" percent="5" />
      <mem type="loa" free="314368" total="314368" percent="100" />
    </mem>
    <remembered-set count="1033" />
  </mem-info>
</gc-start>
<allocation-stats totalBytes="1739600" >
  <allocated-bytes non-tlh="3336" tlh="1736264" />
  <largest-consumer threadName="main" threadId="0000000001858700" bytes="1739600" />
</allocation-stats>
<gc-op id="575" type="scavenge" timems="0.779" contextid="572" timestamp="2019-06-16T17:34:00.342">
  <scavenger-info tenureage="3" tenuremask="ffe8" tiltratio="72" />
  <memory-copied type="nursery" objects="9766" bytes="377672" bytesdiscarded="67952" />
  <memory-copied type="tenure" objects="1674" bytes="75008" bytesdiscarded="32" />
  <references type="weak" candidates="16" cleared="0" enqueued="0" />
</gc-op>
<gc-end id="576" type="scavenge" contextid="572" durationms="1.048" usertimems="0.000" systemtimems="0.000" timestamp="2019-06-16T17:34:00.342" activeThreads="4">
  <mem-info id="577" free="2287216" total="9175040" percent="24">
    <mem type="nursery" free="1717048" total="2883584" percent="59">
      <mem type="allocate" free="1717048" total="2162688" percent="79" />
      <mem type="survivor" free="0" total="720896" percent="0" />
    </mem>
    <mem type="tenure" free="570168" total="6291456" percent="9">
      <mem type="soa" free="255800" total="5977088" percent="4" />
      <mem type="loa" free="314368" total="314368" percent="100" />
    </mem>
    <remembered-set count="879" />
  </mem-info>
</gc-end>
<cycle-end id="578" type="scavenge" contextid="572" timestamp="2019-06-16T17:34:00.343" />
  <attribute name="elasticGC enabled" value="1" />
  <attribute name= "numThreadsSpecified" value="4" />
  <attribute name="heapSize specified" value="0" />
  <attribute name="Current GC Util" value="8" />
  <attribute name= "Current Time Running" value="4976" />
  <attribute name ="GC Interval" value="200" />
  <attribute name="ProportionalT" value="-12.000000" />
  <attribute name="ProportionalI" value="-12.000000" />
  <attribute name="ProportionalH" value="-12.000000" />
  <attribute name="Current Error" value="-12.000000" />
  <attribute name="IntegralT" value="-180.000000" />
  <attribute name="IntegralI" value="-180.000000" />
  <attribute name="IntegralH" value="-180.000000" />
  <attribute name="DerivativeT" value="-0.400000" />
  <attribute name="DerivativeI" value="-0.400000" />
  <attribute name="DerivativeH" value="-0.400000" />
  <attribute name="Loop Time for DT" value="15.000000" />
  <attribute name="Output H" value="2092630016"/>
  <attribute name="Output I" value="200"/>
  <attribute name="Output T" value="4"/>
  <attribute name="Target GC Util Change" value ="20.000000" />
  <attribute name="Current GC Util Change" value="8.000000"/>
  <attribute name="GC Util currently" value="8" />
  <attribute name="CPU Util currently" value="322728815732" />
<allocation-satisfied id="579" threadId="0000000001858700" bytesRequested="4104" />
<af-end id="580" timestamp="2019-06-16T17:34:00.343" threadId="0000000001859088" success="true" from="nursery"/>
<exclusive-end id="581" timestamp="2019-06-16T17:34:00.343" durationms="1.621" />

<exclusive-start id="582" timestamp="2019-06-16T17:34:00.364" intervalms="23.194">
  <response-info timems="0.035" idlems="0.035" threads="0" lastid="0000000001858700" lastname="main" />
</exclusive-start>
<af-start id="583" threadId="0000000001859088" totalBytesRequested="16" timestamp="2019-06-16T17:34:00.364" intervalms="23.238" type="nursery" />
<cycle-start id="584" type="scavenge" contextid="0" timestamp="2019-06-16T17:34:00.365" intervalms="23.243" />
<gc-start id="585" type="scavenge" contextid="584" timestamp="2019-06-16T17:34:00.365">
  <mem-info id="586" free="569952" total="9175040" percent="6">
    <mem type="nursery" free="0" total="2883584" percent="0">
      <mem type="allocate" free="0" total="2162688" percent="0" />
      <mem type="survivor" free="0" total="720896" percent="0" />
    </mem>
    <mem type="tenure" free="569952" total="6291456" percent="9">
      <mem type="soa" free="255584" total="5977088" percent="4" />
      <mem type="loa" free="314368" total="314368" percent="100" />
    </mem>
    <remembered-set count="920" />
  </mem-info>
</gc-start>
<allocation-stats totalBytes="1716920" >
  <allocated-bytes non-tlh="4320" tlh="1712600" />
  <largest-consumer threadName="main" threadId="0000000001858700" bytes="1716920" />
</allocation-stats>
<gc-op id="587" type="scavenge" timems="0.778" contextid="584" timestamp="2019-06-16T17:34:00.366">
  <scavenger-info tenureage="5" tenuremask="ffe0" tiltratio="75" />
  <memory-copied type="nursery" objects="14356" bytes="621648" bytesdiscarded="38776" />
  <references type="weak" candidates="16" cleared="0" enqueued="0" />
</gc-op>
<gc-end id="588" type="scavenge" contextid="584" durationms="1.064" usertimems="4.000" systemtimems="0.000" timestamp="2019-06-16T17:34:00.366" activeThreads="4">
  <mem-info id="589" free="1875600" total="9175040" percent="20">
    <mem type="nursery" free="1305648" total="2883584" percent="45">
      <mem type="allocate" free="1305648" total="1966080" percent="66" />
      <mem type="survivor" free="0" total="917504" percent="0" />
    </mem>
    <mem type="tenure" free="569952" total="6291456" percent="9">
      <mem type="soa" free="255584" total="5977088" percent="4" />
      <mem type="loa" free="314368" total="314368" percent="100" />
    </mem>
    <remembered-set count="899" />
  </mem-info>
</gc-end>
<cycle-end id="590" type="scavenge" contextid="584" timestamp="2019-06-16T17:34:00.366" />
  <attribute name="elasticGC enabled" value="1" />
  <attribute name= "numThreadsSpecified" value="4" />
  <attribute name="heapSize specified" value="0" />
  <attribute name="Current GC Util" value="6" />
  <attribute name= "Current Time Running" value="4999" />
  <attribute name ="GC Interval" value="200" />
  <attribute name="ProportionalT" value="-14.000000" />
  <attribute name="ProportionalI" value="-14.000000" />
  <attribute name="ProportionalH" value="-14.000000" />
  <attribute name="Current Error" value="-14.000000" />
  <attribute name="IntegralT" value="-322.000000" />
  <attribute name="IntegralI" value="-322.000000" />
  <attribute name="IntegralH" value="-322.000000" />
  <attribute name="DerivativeT" value="-0.304348" />
  <attribute name="DerivativeI" value="-0.304348" />
  <attribute name="DerivativeH" value="-0.304348" />
  <attribute name="Loop Time for DT" value="23.000000" />
  <attribute name="Output H" value="2092630016"/>
  <attribute name="Output I" value="200"/>
  <attribute name="Output T" value="4"/>
  <attribute name="Target GC Util Change" value ="20.000000" />
  <attribute name="Current GC Util Change" value="6.000000"/>
  <attribute name="GC Util currently" value="6" />
  <attribute name="CPU Util currently" value="198256122302" />
<allocation-satisfied id="591" threadId="0000000001858700" bytesRequested="16" />
<af-end id="592" timestamp="2019-06-16T17:34:00.366" threadId="0000000001859088" success="true" from="nursery"/>
<exclusive-end id="593" timestamp="2019-06-16T17:34:00.366" durationms="1.715" />

<exclusive-start id="594" timestamp="2019-06-16T17:34:00.387" intervalms="22.419">
  <response-info timems="0.024" idlems="0.024" threads="0" lastid="0000000001858700" lastname="main" />
</exclusive-start>
<af-start id="595" threadId="0000000001859088" totalBytesRequested="896" timestamp="2019-06-16T17:34:00.387" intervalms="22.371" type="nursery" />
<cycle-start id="596" type="scavenge" contextid="0" timestamp="2019-06-16T17:34:00.387" intervalms="22.356" />
<gc-start id="597" type="scavenge" contextid="596" timestamp="2019-06-16T17:34:00.387">
  <mem-info id="598" free="540056" total="9175040" percent="5">
    <mem type="nursery" free="0" total="2883584" percent="0">
      <mem type="allocate" free="0" total="1966080" percent="0" />
      <mem type="survivor" free="0" total="917504" percent="0" />
    </mem>
    <mem type="tenure" free="540056" total="6291456" percent="8">
      <mem type="soa" free="225688" total="5977088" percent="3" />
      <mem type="loa" free="314368" total="314368" percent="100" />
    </mem>
    <remembered-set count="1075" />
  </mem-info>
</gc-start>
<allocation-stats totalBytes="1333816" >
  <allocated-bytes non-tlh="29912" tlh="1303904" />
  <largest-consumer threadName="main" threadId="0000000001858700" bytes="1333816" />
</allocation-stats>
<gc-op id="599" type="scavenge" timems="0.853" contextid="596" timestamp="2019-06-16T17:34:00.388">
  <scavenger-info tenureage="3" tenuremask="6008" tiltratio="68" />
  <memory-copied type="nursery" objects="6218" bytes="277872" bytesdiscarded="43824" />
  <memory-copied type="tenure" objects="2354" bytes="98008" bytesdiscarded="0" />
  <references type="soft" candidates="11" cleared="0" enqueued="0" dynamicThreshold="32" maxThreshold="32" />
  <references type="weak" candidates="23" cleared="0" enqueued="0" />
  <references type="phantom" candidates="1" cleared="0" enqueued="0" />
</gc-op>
<gc-end id="600" type="scavenge" contextid="596" durationms="1.003" usertimems="0.000" systemtimems="0.000" timestamp="2019-06-16T17:34:00.388" activeThreads="4">
  <mem-info id="601" free="2171584" total="9175040" percent="23">
    <mem type="nursery" free="1709864" total="2883584" percent="59">
      <mem type="allocate" free="1709864" total="2031616" percent="84" />
      <mem type="survivor" free="0" total="851968" percent="0" />
    </mem>
    <mem type="tenure" free="461720" total="6291456" percent="7">
      <mem type="soa" free="147352" total="5977088" percent="2" />
      <mem type="loa" free="314368" total="314368" percent="100" />
    </mem>
    <remembered-set count="892" />
  </mem-info>
</gc-end>
<cycle-end id="602" type="scavenge" contextid="596" timestamp="2019-06-16T17:34:00.388" />
  <attribute name="elasticGC enabled" value="1" />
  <attribute name= "numThreadsSpecified" value="4" />
  <attribute name="heapSize specified" value="0" />
  <attribute name="Current GC Util" value="7" />
  <attribute name= "Current Time Running" value="5021" />
  <attribute name ="GC Interval" value="200" />
  <attribute name="ProportionalT" value="-13.000000" />
  <attribute name="ProportionalI" value="-13.000000" />
  <attribute name="ProportionalH" value="-13.000000" />
  <attribute name="Current Error" value="-13.000000" />
  <attribute name="IntegralT" value="-286.000000" />
  <attribute name="IntegralI" value="-286.000000" />
  <attribute name="IntegralH" value="-286.000000" />
  <attribute name="DerivativeT" value="-0.295455" />
  <attribute name="DerivativeI" value="-0.295455" />
  <attribute name="DerivativeH" value="-0.295455" />
  <attribute name="Loop Time for DT" value="22.000000" />
  <attribute name="Output H" value="2092630016"/>
  <attribute name="Output I" value="200"/>
  <attribute name="Output T" value="4"/>
  <attribute name="Target GC Util Change" value ="20.000000" />
  <attribute name="Current GC Util Change" value="7.000000"/>
  <attribute name="GC Util currently" value="7" />
  <attribute name="CPU Util currently" value="207547858413" />
<allocation-satisfied id="603" threadId="0000000001858700" bytesRequested="896" />
<af-end id="604" timestamp="2019-06-16T17:34:00.388" threadId="0000000001859088" success="true" from="nursery"/>
<exclusive-end id="605" timestamp="2019-06-16T17:34:00.388" durationms="1.471" />

<concurrent-kickoff id="606" timestamp="2019-06-16T17:34:00.419">
  <kickoff reason="threshold reached" targetBytes="1867303" thresholdFreeBytes="258217"  remainingFree="203224" tenureFreeBytes="434112" nurseryFreeBytes="203224" />
</concurrent-kickoff>
<exclusive-start id="607" timestamp="2019-06-16T17:34:00.419" intervalms="32.156">
  <response-info timems="0.055" idlems="0.055" threads="0" lastid="0000000001858700" lastname="main" />
</exclusive-start>
<cycle-start id="608" type="global" contextid="0" timestamp="2019-06-16T17:34:00.419" intervalms="5164.025" />
<exclusive-end id="609" timestamp="2019-06-16T17:34:00.419" durationms="0.142" />

<exclusive-start id="610" timestamp="2019-06-16T17:34:00.429" intervalms="9.910">
  <response-info timems="0.033" idlems="0.033" threads="0" lastid="0000000001858700" lastname="main" />
</exclusive-start>
<af-start id="611" threadId="0000000001859088" totalBytesRequested="15192" timestamp="2019-06-16T17:34:00.429" intervalms="42.072" type="nursery" />
<percolate-collect id="612" from="nursery" to="global" reason="concurrent mark exhausted" timestamp="2019-06-16T17:34:00.429"/>
<gc-start id="613" type="global" contextid="608" timestamp="2019-06-16T17:34:00.429">
  <mem-info id="614" free="434080" total="9175040" percent="4">
    <mem type="nursery" free="0" total="2883584" percent="0">
      <mem type="allocate" free="0" total="2031616" percent="0" />
      <mem type="survivor" free="0" total="851968" percent="0" />
    </mem>
    <mem type="tenure" free="434080" total="6291456" percent="6">
      <mem type="soa" free="119712" total="5977088" percent="2" />
      <mem type="loa" free="314368" total="314368" percent="100" />
    </mem>
    <remembered-set count="1334" />
  </mem-info>
</gc-start>
<allocation-stats totalBytes="1701824" >
  <allocated-bytes non-tlh="294088" tlh="1407736" />
  <largest-consumer threadName="main" threadId="0000000001858700" bytes="1701824" />
</allocation-stats>
<concurrent-halted id="615" timestamp="2019-06-16T17:34:00.429">
  <halted state="Complete" status="exhausted" />
  <traced bytesTarget="1867303" bytesTotal="1770440" bytesByMutator="5288" bytesByHelper="1765152" percent="94" />
  <cards cleaned="3" thresholdBytes="101721" />
</concurrent-halted>
<gc-op id="616" type="rs-scan" timems="0.279" contextid="608" timestamp="2019-06-16T17:34:00.430">
  <scan objectsFound="554" bytesTraced="37812" workStackOverflowCount="0" />
</gc-op>
<gc-op id="617" type="card-cleaning" timems="0.322" contextid="608" timestamp="2019-06-16T17:34:00.430">
  <card-cleaning cardsCleaned="0" bytesTraced="144468" workStackOverflowCount="0" />
</gc-op>
<gc-op id="618" type="mark" timems="1.983" contextid="608" timestamp="2019-06-16T17:34:00.432">
  <trace-info objectcount="4359" scancount="4067" scanbytes="198372" />
  <finalization candidates="80" enqueued="0" />
  <ownableSynchronizers candidates="22" cleared="0" />
  <references type="soft" candidates="1319" cleared="0" enqueued="0" dynamicThreshold="32" maxThreshold="32" />
  <references type="weak" candidates="4282" cleared="160" enqueued="94" />
  <references type="phantom" candidates="72" cleared="0" enqueued="0" />
  <stringconstants candidates="8296" cleared="12"  />
</gc-op>
<gc-op id="619" type="classunload" timems="0.073" contextid="608" timestamp="2019-06-16T17:34:00.432">
  <classunload-info classloadercandidates="14" classloadersunloaded="0" classesunloaded="0" anonymousclassesunloaded="0" quiescems="0.000" setupms="0.073" scanms="0.000" postms="0.000" />
</gc-op>
<gc-op id="620" type="sweep" timems="0.541" contextid="608" timestamp="2019-06-16T17:34:00.433" />
<mem-info id="621" free="3555088" total="9175040" percent="38">
  <mem type="nursery" free="1238200" total="2883584" percent="42">
    <mem type="allocate" free="1238200" total="2031616" percent="60" />
    <mem type="survivor" free="0" total="851968" percent="0" />
  </mem>
  <mem type="tenure" free="2316888" total="6291456" percent="36" micro-fragmented="53625" macro-fragmented="0">
    <mem type="soa" free="2002520" total="5977088" percent="33" />
    <mem type="loa" free="314368" total="314368" percent="100" />
  </mem>
  <pending-finalizers system="0" default="0" reference="94" classloader="0" />
  <remembered-set count="712" />
</mem-info>
<gc-op id="622" type="compact" timems="19.151" contextid="608" timestamp="2019-06-16T17:34:00.452">
  <compact-info movecount="67858" movebytes="4353464" reason="compact to aid heap contraction" />
</gc-op>
<heap-resize id="623" type="expand" space="tenure" amount="2083454976" count="1" timems="0.024" reason="satisfy allocation request" timestamp="2019-06-16T17:34:00.453" />
<gc-end id="624" type="global" contextid="608" durationms="23.677" usertimems="20.000" systemtimems="0.000" timestamp="2019-06-16T17:34:00.453" activeThreads="4">
  <mem-info id="625" free="2087240776" total="2092630016" percent="99">
    <mem type="nursery" free="1388376" total="2883584" percent="48">
      <mem type="allocate" free="1388376" total="2031616" percent="68" />
      <mem type="survivor" free="0" total="851968" percent="0" />
    </mem>
    <mem type="tenure" free="2085852400" total="2089746432" percent="99">
      <mem type="soa" free="1981365488" total="1985259520" percent="99" />
      <mem type="loa" free="104486912" total="104486912" percent="100" />
    </mem>
    <pending-finalizers system="0" default="0" reference="94" classloader="0" />
    <remembered-set count="712" />
  </mem-info>
</gc-end>
<cycle-end id="626" type="global" contextid="608" timestamp="2019-06-16T17:34:00.453" />
  <attribute name="elasticGC enabled" value="1" />
  <attribute name= "numThreadsSpecified" value="4" />
  <attribute name="heapSize specified" value="9175040" />
  <attribute name="Current GC Util" value="0" />
  <attribute name= "Current Time Running" value="5086" />
  <attribute name ="GC Interval" value="200" />
  <attribute name="ProportionalT" value="-20.000000" />
  <attribute name="ProportionalI" value="-20.000000" />
  <attribute name="ProportionalH" value="-20.000000" />
  <attribute name="Current Error" value="-20.000000" />
  <attribute name="IntegralT" value="-380.000000" />
  <attribute name="IntegralI" value="-380.000000" />
  <attribute name="IntegralH" value="-380.000000" />
  <attribute name="DerivativeT" value="-0.526316" />
  <attribute name="DerivativeI" value="-0.526316" />
  <attribute name="DerivativeH" value="-0.526316" />
  <attribute name="Loop Time for DT" value="19.000000" />
  <attribute name="Output H" value="2092630016"/>
  <attribute name="Output I" value="200"/>
  <attribute name="Output T" value="4"/>
  <attribute name="Target GC Util Change" value ="20.000000" />
  <attribute name="Current GC Util Change" value="0.000000"/>
  <attribute name="GC Util currently" value="0" />
  <attribute name="CPU Util currently" value="239396522767" />
<allocation-satisfied id="627" threadId="0000000001858700" bytesRequested="15192" />
<af-end id="628" timestamp="2019-06-16T17:34:00.453" threadId="0000000001859088" success="true" from="nursery"/>
<exclusive-end id="629" timestamp="2019-06-16T17:34:00.453" durationms="24.378" />

<exclusive-start id="630" timestamp="2019-06-16T17:34:00.457" intervalms="28.668">
  <response-info timems="0.030" idlems="0.030" threads="0" lastid="0000000001858700" lastname="main" />
</exclusive-start>
<af-start id="631" threadId="0000000001859088" totalBytesRequested="32" timestamp="2019-06-16T17:34:00.458" intervalms="28.626" type="nursery" />
<cycle-start id="632" type="scavenge" contextid="0" timestamp="2019-06-16T17:34:00.458" intervalms="70.666" />
<gc-start id="633" type="scavenge" contextid="632" timestamp="2019-06-16T17:34:00.458">
  <mem-info id="634" free="2085851768" total="2092630016" percent="99">
    <mem type="nursery" free="0" total="2883584" percent="0">
      <mem type="allocate" free="0" total="2031616" percent="0" />
      <mem type="survivor" free="0" total="851968" percent="0" />
    </mem>
    <mem type="tenure" free="2085851768" total="2089746432" percent="99">
      <mem type="soa" free="1981364856" total="1985259520" percent="99" />
      <mem type="loa" free="104486912" total="104486912" percent="100" />
    </mem>
    <remembered-set count="812" />
  </mem-info>
</gc-start>
<allocation-stats totalBytes="1388112" >
  <allocated-bytes non-tlh="15824" tlh="1372288" />
  <largest-consumer threadName="main" threadId="0000000001858700" bytes="1379864" />
</allocation-stats>
<gc-op id="635" type="scavenge" timems="0.748" contextid="632" timestamp="2019-06-16T17:34:00.459">
  <scavenger-info tenureage="5" tenuremask="6020" tiltratio="70" />
  <memory-copied type="nursery" objects="10625" bytes="740744" bytesdiscarded="106032" />
  <ownableSynchronizers candidates="44" cleared="44" />
  <references type="soft" candidates="226" cleared="0" enqueued="0" dynamicThreshold="31" maxThreshold="32" />
  <references type="weak" candidates="381" cleared="4" enqueued="4" />
  <references type="phantom" candidates="1" cleared="0" enqueued="0" />
</gc-op>
<gc-end id="636" type="scavenge" contextid="632" durationms="0.958" usertimems="0.000" systemtimems="0.000" timestamp="2019-06-16T17:34:00.459" activeThreads="4">
  <mem-info id="637" free="2086643240" total="2092630016" percent="99">
    <mem type="nursery" free="791472" total="2883584" percent="27">
      <mem type="allocate" free="791472" total="1638400" percent="48" />
      <mem type="survivor" free="0" total="1245184" percent="0" />
    </mem>
    <mem type="tenure" free="2085851768" total="2089746432" percent="99">
      <mem type="soa" free="1981364856" total="1985259520" percent="99" />
      <mem type="loa" free="104486912" total="104486912" percent="100" />
    </mem>
    <pending-finalizers system="0" default="0" reference="4" classloader="0" />
    <remembered-set count="804" />
  </mem-info>
</gc-end>
<cycle-end id="638" type="scavenge" contextid="632" timestamp="2019-06-16T17:34:00.459" />
  <attribute name="elasticGC enabled" value="1" />
  <attribute name= "numThreadsSpecified" value="4" />
  <attribute name="heapSize specified" value="9175040" />
  <attribute name="Current GC Util" value="826" />
  <attribute name= "Current Time Running" value="5092" />
  <attribute name ="GC Interval" value="4000" />
  <attribute name="ProportionalT" value="806.000000" />
  <attribute name="ProportionalI" value="806.000000" />
  <attribute name="ProportionalH" value="806.000000" />
  <attribute name="Current Error" value="806.000000" />
  <attribute name="IntegralT" value="4836.000000" />
  <attribute name="IntegralI" value="4836.000000" />
  <attribute name="IntegralH" value="4836.000000" />
  <attribute name="DerivativeT" value="67.166667" />
  <attribute name="DerivativeI" value="67.166667" />
  <attribute name="DerivativeH" value="67.166667" />
  <attribute name="Loop Time for DT" value="6.000000" />
  <attribute name="Output H" value="8388608"/>
  <attribute name="Output I" value="4000"/>
  <attribute name="Output T" value="4"/>
  <attribute name="Target GC Util Change" value ="20.000000" />
  <attribute name="Current GC Util Change" value="826.000000"/>
  <attribute name="GC Util currently" value="826" />
  <attribute name="CPU Util currently" value="860221310446" />
<allocation-satisfied id="639" threadId="0000000001858700" bytesRequested="32" />
<af-end id="640" timestamp="2019-06-16T17:34:00.459" threadId="0000000001859088" success="true" from="nursery"/>
<exclusive-end id="641" timestamp="2019-06-16T17:34:00.459" durationms="1.403" />

<exclusive-start id="642" timestamp="2019-06-16T17:34:00.461" intervalms="3.986">
  <response-info timems="0.072" idlems="0.072" threads="0" lastid="0000000001858700" lastname="main" />
</exclusive-start>
<af-start id="643" threadId="0000000001859088" totalBytesRequested="24" timestamp="2019-06-16T17:34:00.462" intervalms="4.012" type="nursery" />
<cycle-start id="644" type="scavenge" contextid="0" timestamp="2019-06-16T17:34:00.462" intervalms="4.053" />
<gc-start id="645" type="scavenge" contextid="644" timestamp="2019-06-16T17:34:00.462">
  <mem-info id="646" free="2085851768" total="2092630016" percent="99">
    <mem type="nursery" free="0" total="2883584" percent="0">
      <mem type="allocate" free="0" total="1638400" percent="0" />
      <mem type="survivor" free="0" total="1245184" percent="0" />
    </mem>
    <mem type="tenure" free="2085851768" total="2089746432" percent="99">
      <mem type="soa" free="1981364856" total="1985259520" percent="99" />
      <mem type="loa" free="104486912" total="104486912" percent="100" />
    </mem>
    <remembered-set count="804" />
  </mem-info>
</gc-start>
<allocation-stats totalBytes="791360" >
  <allocated-bytes non-tlh="32" tlh="791328" />
  <largest-consumer threadName="main" threadId="0000000001858700" bytes="791360" />
</allocation-stats>
<gc-op id="647" type="scavenge" timems="0.735" contextid="644" timestamp="2019-06-16T17:34:00.463">
  <scavenger-info tenureage="5" tenuremask="ffa0" tiltratio="56" />
  <memory-copied type="nursery" objects="12387" bytes="805760" bytesdiscarded="203064" />
  <references type="soft" candidates="226" cleared="0" enqueued="0" dynamicThreshold="31" maxThreshold="32" />
  <references type="weak" candidates="377" cleared="0" enqueued="0" />
  <references type="phantom" candidates="1" cleared="0" enqueued="0" />
</gc-op>
<gc-end id="648" type="scavenge" contextid="644" durationms="0.873" usertimems="4.000" systemtimems="0.000" timestamp="2019-06-16T17:34:00.463" activeThreads="4">
  <mem-info id="649" free="2086677800" total="2092630016" percent="99">
    <mem type="nursery" free="826032" total="2883584" percent="28">
      <mem type="allocate" free="826032" total="1835008" percent="45" />
      <mem type="survivor" free="0" total="1048576" percent="0" />
    </mem>
    <mem type="tenure" free="2085851768" total="2089746432" percent="99">
      <mem type="soa" free="1981364856" total="1985259520" percent="99" />
      <mem type="loa" free="104486912" total="104486912" percent="100" />
    </mem>
    <remembered-set count="652" />
  </mem-info>
</gc-end>
<cycle-end id="650" type="scavenge" contextid="644" timestamp="2019-06-16T17:34:00.463" />
  <attribute name="elasticGC enabled" value="1" />
  <attribute name= "numThreadsSpecified" value="4" />
  <attribute name="heapSize specified" value="9175040" />
  <attribute name="Current GC Util" value="37" />
  <attribute name= "Current Time Running" value="5096" />
  <attribute name ="GC Interval" value="200" />
  <attribute name="ProportionalT" value="17.000000" />
  <attribute name="ProportionalI" value="17.000000" />
  <attribute name="ProportionalH" value="17.000000" />
  <attribute name="Current Error" value="17.000000" />
  <attribute name="IntegralT" value="68.000000" />
  <attribute name="IntegralI" value="68.000000" />
  <attribute name="IntegralH" value="68.000000" />
  <attribute name="DerivativeT" value="-98.625000" />
  <attribute name="DerivativeI" value="-98.625000" />
  <attribute name="DerivativeH" value="-98.625000" />
  <attribute name="Loop Time for DT" value="4.000000" />
  <attribute name="Output H" value="2092630016"/>
  <attribute name="Output I" value="200"/>
  <attribute name="Output T" value="4"/>
  <attribute name="Target GC Util Change" value ="20.000000" />
  <attribute name="Current GC Util Change" value="37.000000"/>
  <attribute name="GC Util currently" value="37" />
  <attribute name="CPU Util currently" value="1146301897043" />
<allocation-satisfied id="651" threadId="0000000001858700" bytesRequested="24" />
<af-end id="652" timestamp="2019-06-16T17:34:00.463" threadId="0000000001859088" success="true" from="nursery"/>
<exclusive-end id="653" timestamp="2019-06-16T17:34:00.463" durationms="1.379" />

<exclusive-start id="654" timestamp="2019-06-16T17:34:00.465" intervalms="3.736">
  <response-info timems="0.053" idlems="0.053" threads="0" lastid="0000000001858700" lastname="main" />
</exclusive-start>
<af-start id="655" threadId="0000000001859088" totalBytesRequested="24" timestamp="2019-06-16T17:34:00.465" intervalms="3.708" type="nursery" />
<cycle-start id="656" type="scavenge" contextid="0" timestamp="2019-06-16T17:34:00.465" intervalms="3.706" />
<gc-start id="657" type="scavenge" contextid="656" timestamp="2019-06-16T17:34:00.465">
  <mem-info id="658" free="2085851768" total="2092630016" percent="99">
    <mem type="nursery" free="0" total="2883584" percent="0">
      <mem type="allocate" free="0" total="1835008" percent="0" />
      <mem type="survivor" free="0" total="1048576" percent="0" />
    </mem>
    <mem type="tenure" free="2085851768" total="2089746432" percent="99">
      <mem type="soa" free="1981364856" total="1985259520" percent="99" />
      <mem type="loa" free="104486912" total="104486912" percent="100" />
    </mem>
    <remembered-set count="652" />
  </mem-info>
</gc-start>
<allocation-stats totalBytes="825840" >
  <allocated-bytes non-tlh="24" tlh="825816" />
  <largest-consumer threadName="main" threadId="0000000001858700" bytes="825840" />
</allocation-stats>
<gc-op id="659" type="scavenge" timems="0.853" contextid="656" timestamp="2019-06-16T17:34:00.466">
  <scavenger-info tenureage="2" tenuremask="fffc" tiltratio="63" />
  <memory-copied type="nursery" objects="3214" bytes="117800" bytesdiscarded="21976" />
  <memory-copied type="tenure" objects="10549" bytes="738224" bytesdiscarded="56" />
</gc-op>
<gc-end id="660" type="scavenge" contextid="656" durationms="0.996" usertimems="0.000" systemtimems="0.000" timestamp="2019-06-16T17:34:00.466" activeThreads="4">
  <mem-info id="661" free="2086734888" total="2092630016" percent="99">
    <mem type="nursery" free="1760768" total="2883584" percent="61">
      <mem type="allocate" free="1760768" total="1900544" percent="92" />
      <mem type="survivor" free="0" total="983040" percent="0" />
    </mem>
    <mem type="tenure" free="2084974120" total="2089746432" percent="99">
      <mem type="soa" free="1980487208" total="1985259520" percent="99" />
      <mem type="loa" free="104486912" total="104486912" percent="100" />
    </mem>
    <remembered-set count="379" />
  </mem-info>
</gc-end>
<cycle-end id="662" type="scavenge" contextid="656" timestamp="2019-06-16T17:34:00.467" />
  <attribute name="elasticGC enabled" value="1" />
  <attribute name= "numThreadsSpecified" value="4" />
  <attribute name="heapSize specified" value="9175040" />
  <attribute name="Current GC Util" value="39" />
  <attribute name= "Current Time Running" value="5099" />
  <attribute name ="GC Interval" value="200" />
  <attribute name="ProportionalT" value="19.000000" />
  <attribute name="ProportionalI" value="19.000000" />
  <attribute name="ProportionalH" value="19.000000" />
  <attribute name="Current Error" value="19.000000" />
  <attribute name="IntegralT" value="57.000000" />
  <attribute name="IntegralI" value="57.000000" />
  <attribute name="IntegralH" value="57.000000" />
  <attribute name="DerivativeT" value="0.333333" />
  <attribute name="DerivativeI" value="0.333333" />
  <attribute name="DerivativeH" value="0.333333" />
  <attribute name="Loop Time for DT" value="3.000000" />
  <attribute name="Output H" value="8388608"/>
  <attribute name="Output I" value="200"/>
  <attribute name="Output T" value="4"/>
  <attribute name="Target GC Util Change" value ="20.000000" />
  <attribute name="Current GC Util Change" value="39.000000"/>
  <attribute name="GC Util currently" value="39" />
  <attribute name="CPU Util currently" value="1245505871495" />
<allocation-satisfied id="663" threadId="0000000001858700" bytesRequested="24" />
<af-end id="664" timestamp="2019-06-16T17:34:00.467" threadId="0000000001859088" success="true" from="nursery"/>
<exclusive-end id="665" timestamp="2019-06-16T17:34:00.467" durationms="1.460" />

<exclusive-start id="666" timestamp="2019-06-16T17:34:00.475" intervalms="9.767">
  <response-info timems="0.071" idlems="0.071" threads="0" lastid="0000000001858700" lastname="main" />
</exclusive-start>
<af-start id="667" threadId="0000000001859088" totalBytesRequested="48" timestamp="2019-06-16T17:34:00.475" intervalms="9.803" type="nursery" />
<cycle-start id="668" type="scavenge" contextid="0" timestamp="2019-06-16T17:34:00.475" intervalms="9.807" />
<gc-start id="669" type="scavenge" contextid="668" timestamp="2019-06-16T17:34:00.475">
  <mem-info id="670" free="2084971776" total="2092630016" percent="99">
    <mem type="nursery" free="0" total="2883584" percent="0">
      <mem type="allocate" free="0" total="1900544" percent="0" />
      <mem type="survivor" free="0" total="983040" percent="0" />
    </mem>
    <mem type="tenure" free="2084971776" total="2089746432" percent="99">
      <mem type="soa" free="1980484864" total="1985259520" percent="99" />
      <mem type="loa" free="104486912" total="104486912" percent="100" />
    </mem>
    <remembered-set count="652" />
  </mem-info>
</gc-start>
<allocation-stats totalBytes="1762264" >
  <allocated-bytes non-tlh="2368" tlh="1759896" />
  <largest-consumer threadName="main" threadId="0000000001858700" bytes="1762264" />
</allocation-stats>
<gc-op id="671" type="scavenge" timems="0.592" contextid="668" timestamp="2019-06-16T17:34:00.476">
  <scavenger-info tenureage="5" tenuremask="ffa0" tiltratio="65" />
  <memory-copied type="nursery" objects="5695" bytes="210672" bytesdiscarded="63488" />
  <references type="weak" candidates="18" cleared="0" enqueued="0" />
</gc-op>
<gc-end id="672" type="scavenge" contextid="668" durationms="0.736" usertimems="0.000" systemtimems="0.000" timestamp="2019-06-16T17:34:00.476" activeThreads="4">
  <mem-info id="673" free="2086729216" total="2092630016" percent="99">
    <mem type="nursery" free="1757440" total="2883584" percent="60">
      <mem type="allocate" free="1757440" total="2031616" percent="86" />
      <mem type="survivor" free="0" total="851968" percent="0" />
    </mem>
    <mem type="tenure" free="2084971776" total="2089746432" percent="99">
      <mem type="soa" free="1980484864" total="1985259520" percent="99" />
      <mem type="loa" free="104486912" total="104486912" percent="100" />
    </mem>
    <remembered-set count="644" />
  </mem-info>
</gc-end>
<cycle-end id="674" type="scavenge" contextid="668" timestamp="2019-06-16T17:34:00.476" />
  <attribute name="elasticGC enabled" value="1" />
  <attribute name= "numThreadsSpecified" value="4" />
  <attribute name="heapSize specified" value="9175040" />
  <attribute name="Current GC Util" value="17" />
  <attribute name= "Current Time Running" value="5109" />
  <attribute name ="GC Interval" value="200" />
  <attribute name="ProportionalT" value="-3.000000" />
  <attribute name="ProportionalI" value="-3.000000" />
  <attribute name="ProportionalH" value="-3.000000" />
  <attribute name="Current Error" value="-3.000000" />
  <attribute name="IntegralT" value="-30.000000" />
  <attribute name="IntegralI" value="-30.000000" />
  <attribute name="IntegralH" value="-30.000000" />
  <attribute name="DerivativeT" value="-1.100000" />
  <attribute name="DerivativeI" value="-1.100000" />
  <attribute name="DerivativeH" value="-1.100000" />
  <attribute name="Loop Time for DT" value="10.000000" />
  <attribute name="Output H" value="2092630016"/>
  <attribute name="Output I" value="200"/>
  <attribute name="Output T" value="4"/>
  <attribute name="Target GC Util Change" value ="20.000000" />
  <attribute name="Current GC Util Change" value="17.000000"/>
  <attribute name="GC Util currently" value="17" />
  <attribute name="CPU Util currently" value="469444389789" />
<allocation-satisfied id="675" threadId="0000000001858700" bytesRequested="48" />
<af-end id="676" timestamp="2019-06-16T17:34:00.476" threadId="0000000001859088" success="true" from="nursery"/>
<exclusive-end id="677" timestamp="2019-06-16T17:34:00.476" durationms="1.171" />

<exclusive-start id="678" timestamp="2019-06-16T17:34:00.485" intervalms="9.554">
  <response-info timems="0.060" idlems="0.060" threads="0" lastid="0000000001858700" lastname="main" />
</exclusive-start>
<af-start id="679" threadId="0000000001859088" totalBytesRequested="160" timestamp="2019-06-16T17:34:00.485" intervalms="9.562" type="nursery" />
<cycle-start id="680" type="scavenge" contextid="0" timestamp="2019-06-16T17:34:00.485" intervalms="9.567" />
<gc-start id="681" type="scavenge" contextid="680" timestamp="2019-06-16T17:34:00.485">
  <mem-info id="682" free="2084971568" total="2092630016" percent="99">
    <mem type="nursery" free="0" total="2883584" percent="0">
      <mem type="allocate" free="0" total="2031616" percent="0" />
      <mem type="survivor" free="0" total="851968" percent="0" />
    </mem>
    <mem type="tenure" free="2084971568" total="2089746432" percent="99">
      <mem type="soa" free="1980484656" total="1985259520" percent="99" />
      <mem type="loa" free="104486912" total="104486912" percent="100" />
    </mem>
    <remembered-set count="867" />
  </mem-info>
</gc-start>
<allocation-stats totalBytes="1757248" >
  <allocated-bytes non-tlh="256" tlh="1756992" />
  <largest-consumer threadName="main" threadId="0000000001858700" bytes="1757248" />
</allocation-stats>
<gc-op id="683" type="scavenge" timems="0.743" contextid="680" timestamp="2019-06-16T17:34:00.486">
  <scavenger-info tenureage="3" tenuremask="fff8" tiltratio="70" />
  <memory-copied type="nursery" objects="8549" bytes="351448" bytesdiscarded="123936" />
  <memory-copied type="tenure" objects="1703" bytes="63712" bytesdiscarded="0" />
  <references type="weak" candidates="18" cleared="0" enqueued="0" />
</gc-op>
<gc-end id="684" type="scavenge" contextid="680" durationms="1.018" usertimems="0.000" systemtimems="0.000" timestamp="2019-06-16T17:34:00.486" activeThreads="4">
  <mem-info id="685" free="2086514992" total="2092630016" percent="99">
    <mem type="nursery" free="1621760" total="2883584" percent="56">
      <mem type="allocate" free="1621760" total="2097152" percent="77" />
      <mem type="survivor" free="0" total="786432" percent="0" />
    </mem>
    <mem type="tenure" free="2084893232" total="2089746432" percent="99">
      <mem type="soa" free="1980406320" total="1985259520" percent="99" />
      <mem type="loa" free="104486912" total="104486912" percent="100" />
    </mem>
    <remembered-set count="745" />
  </mem-info>
</gc-end>
<cycle-end id="686" type="scavenge" contextid="680" timestamp="2019-06-16T17:34:00.486" />
  <attribute name="elasticGC enabled" value="1" />
  <attribute name= "numThreadsSpecified" value="4" />
  <attribute name="heapSize specified" value="9175040" />
  <attribute name="Current GC Util" value="9" />
  <attribute name= "Current Time Running" value="5119" />
  <attribute name ="GC Interval" value="200" />
  <attribute name="ProportionalT" value="-11.000000" />
  <attribute name="ProportionalI" value="-11.000000" />
  <attribute name="ProportionalH" value="-11.000000" />
  <attribute name="Current Error" value="-11.000000" />
  <attribute name="IntegralT" value="-110.000000" />
  <attribute name="IntegralI" value="-110.000000" />
  <attribute name="IntegralH" value="-110.000000" />
  <attribute name="DerivativeT" value="-0.550000" />
  <attribute name="DerivativeI" value="-0.550000" />
  <attribute name="DerivativeH" value="-0.550000" />
  <attribute name="Loop Time for DT" value="10.000000" />
  <attribute name="Output H" value="2092630016"/>
  <attribute name="Output I" value="200"/>
  <attribute name="Output T" value="4"/>
  <attribute name="Target GC Util Change" value ="20.000000" />
  <attribute name="Current GC Util Change" value="9.000000"/>
  <attribute name="GC Util currently" value="9" />
  <attribute name="CPU Util currently" value="476457749576" />
<allocation-satisfied id="687" threadId="0000000001858700" bytesRequested="160" />
<af-end id="688" timestamp="2019-06-16T17:34:00.486" threadId="0000000001859088" success="true" from="nursery"/>
<exclusive-end id="689" timestamp="2019-06-16T17:34:00.486" durationms="1.590" />

<exclusive-start id="690" timestamp="2019-06-16T17:34:00.500" intervalms="15.722">
  <response-info timems="0.022" idlems="0.022" threads="0" lastid="0000000001858700" lastname="main" />
</exclusive-start>
<af-start id="691" threadId="0000000001859088" totalBytesRequested="200008" timestamp="2019-06-16T17:34:00.500" intervalms="15.683" type="nursery" />
<cycle-start id="692" type="scavenge" contextid="0" timestamp="2019-06-16T17:34:00.500" intervalms="15.654" />
<gc-start id="693" type="scavenge" contextid="692" timestamp="2019-06-16T17:34:00.500">
  <mem-info id="694" free="2084943760" total="2092630016" percent="99">
    <mem type="nursery" free="61024" total="2883584" percent="2">
      <mem type="allocate" free="61024" total="2097152" percent="2" />
      <mem type="survivor" free="0" total="786432" percent="0" />
    </mem>
    <mem type="tenure" free="2084882736" total="2089746432" percent="99">
      <mem type="soa" free="1980395824" total="1985259520" percent="99" />
      <mem type="loa" free="104486912" total="104486912" percent="100" />
    </mem>
    <remembered-set count="852" />
  </mem-info>
</gc-start>
<allocation-stats totalBytes="1518400" >
  <allocated-bytes non-tlh="10656" tlh="1507744" />
  <largest-consumer threadName="main" threadId="0000000001858700" bytes="1518400" />
</allocation-stats>
<gc-op id="695" type="scavenge" timems="0.623" contextid="692" timestamp="2019-06-16T17:34:00.501">
  <scavenger-info tenureage="5" tenuremask="ffe0" tiltratio="72" />
  <memory-copied type="nursery" objects="6073" bytes="296640" bytesdiscarded="39264" />
  <references type="soft" candidates="1" cleared="0" enqueued="0" dynamicThreshold="31" maxThreshold="32" />
  <references type="weak" candidates="18" cleared="0" enqueued="0" />
  <references type="phantom" candidates="1" cleared="0" enqueued="0" />
</gc-op>
<gc-end id="696" type="scavenge" contextid="692" durationms="0.771" usertimems="4.000" systemtimems="0.000" timestamp="2019-06-16T17:34:00.501" activeThreads="4">
  <mem-info id="697" free="2086709464" total="2092630016" percent="99">
    <mem type="nursery" free="1826728" total="2883584" percent="63">
      <mem type="allocate" free="1826728" total="2162688" percent="84" />
      <mem type="survivor" free="0" total="720896" percent="0" />
    </mem>
    <mem type="tenure" free="2084882736" total="2089746432" percent="99">
      <mem type="soa" free="1980395824" total="1985259520" percent="99" />
      <mem type="loa" free="104486912" total="104486912" percent="100" />
    </mem>
    <remembered-set count="825" />
  </mem-info>
</gc-end>
<cycle-end id="698" type="scavenge" contextid="692" timestamp="2019-06-16T17:34:00.501" />
  <attribute name="elasticGC enabled" value="1" />
  <attribute name= "numThreadsSpecified" value="4" />
  <attribute name="heapSize specified" value="9175040" />
  <attribute name="Current GC Util" value="8" />
  <attribute name= "Current Time Running" value="5134" />
  <attribute name ="GC Interval" value="200" />
  <attribute name="ProportionalT" value="-12.000000" />
  <attribute name="ProportionalI" value="-12.000000" />
  <attribute name="ProportionalH" value="-12.000000" />
  <attribute name="Current Error" value="-12.000000" />
  <attribute name="IntegralT" value="-180.000000" />
  <attribute name="IntegralI" value="-180.000000" />
  <attribute name="IntegralH" value="-180.000000" />
  <attribute name="DerivativeT" value="-0.400000" />
  <attribute name="DerivativeI" value="-0.400000" />
  <attribute name="DerivativeH" value="-0.400000" />
  <attribute name="Loop Time for DT" value="15.000000" />
  <attribute name="Output H" value="2092630016"/>
  <attribute name="Output I" value="200"/>
  <attribute name="Output T" value="4"/>
  <attribute name="Target GC Util Change" value ="20.000000" />
  <attribute name="Current GC Util Change" value="8.000000"/>
  <attribute name="GC Util currently" value="8" />
  <attribute name="CPU Util currently" value="296667678960" />
<allocation-satisfied id="699" threadId="0000000001858700" bytesRequested="200008" />
<af-end id="700" timestamp="2019-06-16T17:34:00.501" threadId="0000000001859088" success="true" from="nursery"/>
<exclusive-end id="701" timestamp="2019-06-16T17:34:00.501" durationms="1.166" />

<exclusive-start id="702" timestamp="2019-06-16T17:34:00.510" intervalms="10.074">
  <response-info timems="0.022" idlems="0.022" threads="0" lastid="0000000001858700" lastname="main" />
</exclusive-start>
<af-start id="703" threadId="0000000001859088" totalBytesRequested="24" timestamp="2019-06-16T17:34:00.510" intervalms="10.067" type="nursery" />
<cycle-start id="704" type="scavenge" contextid="0" timestamp="2019-06-16T17:34:00.510" intervalms="10.046" />
<gc-start id="705" type="scavenge" contextid="704" timestamp="2019-06-16T17:34:00.511">
  <mem-info id="706" free="2084881224" total="2092630016" percent="99">
    <mem type="nursery" free="0" total="2883584" percent="0">
      <mem type="allocate" free="0" total="2162688" percent="0" />
      <mem type="survivor" free="0" total="720896" percent="0" />
    </mem>
    <mem type="tenure" free="2084881224" total="2089746432" percent="99">
      <mem type="soa" free="1980394312" total="1985259520" percent="99" />
      <mem type="loa" free="104486912" total="104486912" percent="100" />
    </mem>
    <remembered-set count="856" />
  </mem-info>
</gc-start>
<allocation-stats totalBytes="1828048" >
  <allocated-bytes non-tlh="201520" tlh="1626528" />
  <largest-consumer threadName="main" threadId="0000000001858700" bytes="1828048" />
</allocation-stats>
<gc-op id="707" type="scavenge" timems="0.587" contextid="704" timestamp="2019-06-16T17:34:00.511">
  <scavenger-info tenureage="5" tenuremask="ffe0" tiltratio="75" />
  <memory-copied type="nursery" objects="6163" bytes="263560" bytesdiscarded="72344" />
  <references type="soft" candidates="2" cleared="0" enqueued="0" dynamicThreshold="31" maxThreshold="32" />
  <references type="weak" candidates="18" cleared="0" enqueued="0" />
</gc-op>
<gc-end id="708" type="scavenge" contextid="704" durationms="0.735" usertimems="0.000" systemtimems="0.000" timestamp="2019-06-16T17:34:00.511" activeThreads="4">
  <mem-info id="709" free="2086773488" total="2092630016" percent="99">
    <mem type="nursery" free="1892264" total="2883584" percent="65">
      <mem type="allocate" free="1892264" total="2228224" percent="84" />
      <mem type="survivor" free="0" total="655360" percent="0" />
    </mem>
    <mem type="tenure" free="2084881224" total="2089746432" percent="99">
      <mem type="soa" free="1980394312" total="1985259520" percent="99" />
      <mem type="loa" free="104486912" total="104486912" percent="100" />
    </mem>
    <remembered-set count="851" />
  </mem-info>
</gc-end>
<cycle-end id="710" type="scavenge" contextid="704" timestamp="2019-06-16T17:34:00.511" />
  <attribute name="elasticGC enabled" value="1" />
  <attribute name= "numThreadsSpecified" value="4" />
  <attribute name="heapSize specified" value="9175040" />
  <attribute name="Current GC Util" value="9" />
  <attribute name= "Current Time Running" value="5144" />
  <attribute name ="GC Interval" value="200" />
  <attribute name="ProportionalT" value="-11.000000" />
  <attribute name="ProportionalI" value="-11.000000" />
  <attribute name="ProportionalH" value="-11.000000" />
  <attribute name="Current Error" value="-11.000000" />
  <attribute name="IntegralT" value="-110.000000" />
  <attribute name="IntegralI" value="-110.000000" />
  <attribute name="IntegralH" value="-110.000000" />
  <attribute name="DerivativeT" value="-0.550000" />
  <attribute name="DerivativeI" value="-0.550000" />
  <attribute name="DerivativeH" value="-0.550000" />
  <attribute name="Loop Time for DT" value="10.000000" />
  <attribute name="Output H" value="2092630016"/>
  <attribute name="Output I" value="200"/>
  <attribute name="Output T" value="4"/>
  <attribute name="Target GC Util Change" value ="20.000000" />
  <attribute name="Current GC Util Change" value="9.000000"/>
  <attribute name="GC Util currently" value="9" />
  <attribute name="CPU Util currently" value="459245831132" />
<allocation-satisfied id="711" threadId="0000000001858700" bytesRequested="24" />
<af-end id="712" timestamp="2019-06-16T17:34:00.511" threadId="0000000001859088" success="true" from="nursery"/>
<exclusive-end id="713" timestamp="2019-06-16T17:34:00.511" durationms="1.093" />

<exclusive-start id="714" timestamp="2019-06-16T17:34:00.567" intervalms="56.926">
  <response-info timems="0.019" idlems="0.019" threads="0" lastid="0000000001858700" lastname="main" />
</exclusive-start>
<sys-start reason="explicit" id="715" timestamp="2019-06-16T17:34:00.567" intervalms="5312.355" />
<cycle-start id="716" type="global" contextid="0" timestamp="2019-06-16T17:34:00.567" intervalms="148.382" />
<gc-start id="717" type="global" contextid="716" timestamp="2019-06-16T17:34:00.568">
  <mem-info id="718" free="2084880768" total="2092630016" percent="99">
    <mem type="nursery" free="21064" total="2883584" percent="0">
      <mem type="allocate" free="21064" total="2228224" percent="0" />
      <mem type="survivor" free="0" total="655360" percent="0" />
    </mem>
    <mem type="tenure" free="2084859704" total="2089746432" percent="99">
      <mem type="soa" free="1980372792" total="1985259520" percent="99" />
      <mem type="loa" free="104486912" total="104486912" percent="100" />
    </mem>
    <remembered-set count="1325" />
  </mem-info>
</gc-start>
<allocation-stats totalBytes="1883016" >
  <allocated-bytes non-tlh="221552" tlh="1661464" />
  <largest-consumer threadName="main" threadId="0000000001858700" bytes="1883016" />
</allocation-stats>
<gc-op id="719" type="mark" timems="9.669" contextid="716" timestamp="2019-06-16T17:34:00.577">
  <trace-info objectcount="74519" scancount="62263" scanbytes="2120748" />
  <finalization candidates="80" enqueued="0" />
  <ownableSynchronizers candidates="22" cleared="0" />
  <references type="soft" candidates="1642" cleared="0" enqueued="0" dynamicThreshold="31" maxThreshold="32" />
  <references type="weak" candidates="4415" cleared="48" enqueued="38" />
  <references type="phantom" candidates="73" cleared="2" enqueued="2" />
  <stringconstants candidates="8681" cleared="15"  />
</gc-op>
<gc-op id="720" type="classunload" timems="0.402" contextid="716" timestamp="2019-06-16T17:34:00.578">
  <classunload-info classloadercandidates="17" classloadersunloaded="1" classesunloaded="1" anonymousclassesunloaded="0" quiescems="0.000" setupms="0.392" scanms="0.008" postms="0.002" />
</gc-op>
<gc-op id="721" type="sweep" timems="1.555" contextid="716" timestamp="2019-06-16T17:34:00.580" />
<mem-info id="722" free="2087588936" total="2092630016" percent="99">
  <mem type="nursery" free="1938128" total="2883584" percent="67">
    <mem type="allocate" free="1938128" total="2228224" percent="86" />
    <mem type="survivor" free="0" total="655360" percent="0" />
  </mem>
  <mem type="tenure" free="2085650808" total="2089746432" percent="99" micro-fragmented="6690" macro-fragmented="0">
    <mem type="soa" free="1981163896" total="1985259520" percent="99" />
    <mem type="loa" free="104486912" total="104486912" percent="100" />
  </mem>
  <pending-finalizers system="0" default="0" reference="40" classloader="0" />
  <remembered-set count="673" />
</mem-info>
<gc-op id="723" type="compact" timems="24.687" contextid="716" timestamp="2019-06-16T17:34:00.604">
  <compact-info movecount="65075" movebytes="3906696" reason="compact to aid heap contraction" />
</gc-op>
<heap-resize id="724" type="contract" space="tenure" amount="104464384" count="1" timems="0.246" reason="heap reconfiguration" timestamp="2019-06-16T17:34:00.605" />
<gc-end id="725" type="global" contextid="716" durationms="37.697" usertimems="56.000" systemtimems="0.000" timestamp="2019-06-16T17:34:00.605" activeThreads="4">
  <mem-info id="726" free="1983214616" total="1988165632" percent="99">
    <mem type="nursery" free="2042408" total="2883584" percent="70">
      <mem type="allocate" free="2042408" total="2228224" percent="91" />
      <mem type="survivor" free="0" total="655360" percent="0" />
    </mem>
    <mem type="tenure" free="1981172208" total="1985282048" percent="99">
      <mem type="soa" free="1881931248" total="1886018560" percent="99" />
      <mem type="loa" free="99240960" total="99263488" percent="99" />
    </mem>
    <pending-finalizers system="0" default="0" reference="40" classloader="0" />
    <remembered-set count="673" />
  </mem-info>
</gc-end>
<cycle-end id="727" type="global" contextid="716" timestamp="2019-06-16T17:34:00.605" />
  <attribute name="elasticGC enabled" value="1" />
  <attribute name= "numThreadsSpecified" value="4" />
  <attribute name="heapSize specified" value="2092630016" />
  <attribute name="Current GC Util" value="98" />
  <attribute name= "Current Time Running" value="5238" />
  <attribute name ="GC Interval" value="200" />
  <attribute name="ProportionalT" value="78.000000" />
  <attribute name="ProportionalI" value="78.000000" />
  <attribute name="ProportionalH" value="78.000000" />
  <attribute name="Current Error" value="78.000000" />
  <attribute name="IntegralT" value="1872.000000" />
  <attribute name="IntegralI" value="1872.000000" />
  <attribute name="IntegralH" value="1872.000000" />
  <attribute name="DerivativeT" value="0.395833" />
  <attribute name="DerivativeI" value="0.395833" />
  <attribute name="DerivativeH" value="0.395833" />
  <attribute name="Loop Time for DT" value="24.000000" />
  <attribute name="Output H" value="8388608"/>
  <attribute name="Output I" value="1952"/>
  <attribute name="Output T" value="4"/>
  <attribute name="Target GC Util Change" value ="20.000000" />
  <attribute name="Current GC Util Change" value="98.000000"/>
  <attribute name="GC Util currently" value="98" />
  <attribute name="CPU Util currently" value="185624475074" />
<sys-end id="728" timestamp="2019-06-16T17:34:00.605" />
<exclusive-end id="729" timestamp="2019-06-16T17:34:00.606" durationms="38.298" />

<exclusive-start id="730" timestamp="2019-06-16T17:34:00.663" intervalms="95.986">
  <response-info timems="0.058" idlems="0.058" threads="0" lastid="0000000001858700" lastname="main" />
</exclusive-start>
<af-start id="731" threadId="0000000001859088" totalBytesRequested="24" timestamp="2019-06-16T17:34:00.663" intervalms="153.000" type="nursery" />
<cycle-start id="732" type="scavenge" contextid="0" timestamp="2019-06-16T17:34:00.663" intervalms="153.018" />
<gc-start id="733" type="scavenge" contextid="732" timestamp="2019-06-16T17:34:00.664">
  <mem-info id="734" free="1981170472" total="1988165632" percent="99">
    <mem type="nursery" free="0" total="2883584" percent="0">
      <mem type="allocate" free="0" total="2228224" percent="0" />
      <mem type="survivor" free="0" total="655360" percent="0" />
    </mem>
    <mem type="tenure" free="1981170472" total="1985282048" percent="99">
      <mem type="soa" free="1881929512" total="1886018560" percent="99" />
      <mem type="loa" free="99240960" total="99263488" percent="99" />
    </mem>
    <remembered-set count="737" />
  </mem-info>
</gc-start>
<allocation-stats totalBytes="2043872" >
  <allocated-bytes non-tlh="463896" tlh="1579976" />
  <largest-consumer threadName="main" threadId="0000000001858700" bytes="2035680" />
</allocation-stats>
<gc-op id="735" type="scavenge" timems="1.821" contextid="732" timestamp="2019-06-16T17:34:00.666">
  <scavenger-info tenureage="3" tenuremask="fff8" tiltratio="77" />
  <memory-copied type="nursery" objects="5493" bytes="514000" bytesdiscarded="139064" />
  <memory-copied type="tenure" objects="62" bytes="1928" bytesdiscarded="0" />
  <ownableSynchronizers candidates="44" cleared="44" />
  <references type="soft" candidates="353" cleared="0" enqueued="0" dynamicThreshold="31" maxThreshold="32" />
  <references type="weak" candidates="265" cleared="7" enqueued="7" />
  <references type="phantom" candidates="5" cleared="2" enqueued="2" />
</gc-op>
<gc-end id="736" type="scavenge" contextid="732" durationms="2.106" usertimems="4.000" systemtimems="0.000" timestamp="2019-06-16T17:34:00.666" activeThreads="4">
  <mem-info id="737" free="1982575120" total="1988165632" percent="99">
    <mem type="nursery" free="1443816" total="2883584" percent="50">
      <mem type="allocate" free="1443816" total="2097152" percent="68" />
      <mem type="survivor" free="0" total="786432" percent="0" />
    </mem>
    <mem type="tenure" free="1981131304" total="1985282048" percent="99">
      <mem type="soa" free="1881890344" total="1886018560" percent="99" />
      <mem type="loa" free="99240960" total="99263488" percent="99" />
    </mem>
    <pending-finalizers system="0" default="0" reference="9" classloader="0" />
    <remembered-set count="612" />
  </mem-info>
</gc-end>
<cycle-end id="738" type="scavenge" contextid="732" timestamp="2019-06-16T17:34:00.666" />
  <attribute name="elasticGC enabled" value="1" />
  <attribute name= "numThreadsSpecified" value="4" />
  <attribute name="heapSize specified" value="2092630016" />
  <attribute name="Current GC Util" value="31" />
  <attribute name= "Current Time Running" value="5298" />
  <attribute name ="GC Interval" value="672" />
  <attribute name="ProportionalT" value="11.000000" />
  <attribute name="ProportionalI" value="11.000000" />
  <attribute name="ProportionalH" value="11.000000" />
  <attribute name="Current Error" value="11.000000" />
  <attribute name="IntegralT" value="660.000000" />
  <attribute name="IntegralI" value="660.000000" />
  <attribute name="IntegralH" value="660.000000" />
  <attribute name="DerivativeT" value="-0.558333" />
  <attribute name="DerivativeI" value="-0.558333" />
  <attribute name="DerivativeH" value="-0.558333" />
  <attribute name="Loop Time for DT" value="60.000000" />
  <attribute name="Output H" value="8388608"/>
  <attribute name="Output I" value="672"/>
  <attribute name="Output T" value="4"/>
  <attribute name="Target GC Util Change" value ="20.000000" />
  <attribute name="Current GC Util Change" value="31.000000"/>
  <attribute name="GC Util currently" value="31" />
  <attribute name="CPU Util currently" value="77889633893" />
<allocation-satisfied id="739" threadId="0000000001858700" bytesRequested="24" />
<af-end id="740" timestamp="2019-06-16T17:34:00.666" threadId="0000000001859088" success="true" from="nursery"/>
<exclusive-end id="741" timestamp="2019-06-16T17:34:00.666" durationms="2.812" />

<exclusive-start id="742" timestamp="2019-06-16T17:34:00.698" intervalms="34.977">
  <response-info timems="0.085" idlems="0.085" threads="0" lastid="0000000001858700" lastname="main" />
</exclusive-start>
<af-start id="743" threadId="0000000001859088" totalBytesRequested="24" timestamp="2019-06-16T17:34:00.698" intervalms="34.931" type="nursery" />
<cycle-start id="744" type="scavenge" contextid="0" timestamp="2019-06-16T17:34:00.698" intervalms="34.958" />
<gc-start id="745" type="scavenge" contextid="744" timestamp="2019-06-16T17:34:00.699">
  <mem-info id="746" free="1981131304" total="1988165632" percent="99">
    <mem type="nursery" free="0" total="2883584" percent="0">
      <mem type="allocate" free="0" total="2097152" percent="0" />
      <mem type="survivor" free="0" total="786432" percent="0" />
    </mem>
    <mem type="tenure" free="1981131304" total="1985282048" percent="99">
      <mem type="soa" free="1881890344" total="1886018560" percent="99" />
      <mem type="loa" free="99240960" total="99263488" percent="99" />
    </mem>
    <remembered-set count="615" />
  </mem-info>
</gc-start>
<allocation-stats totalBytes="1443672" >
  <allocated-bytes non-tlh="24" tlh="1443648" />
  <largest-consumer threadName="main" threadId="0000000001858700" bytes="1439576" />
</allocation-stats>
<gc-op id="747" type="scavenge" timems="1.882" contextid="744" timestamp="2019-06-16T17:34:00.700">
  <scavenger-info tenureage="7" tenuremask="ff80" tiltratio="72" />
  <memory-copied type="nursery" objects="5475" bytes="513424" bytesdiscarded="139640" />
  <references type="soft" candidates="353" cleared="0" enqueued="0" dynamicThreshold="31" maxThreshold="32" />
  <references type="weak" candidates="257" cleared="0" enqueued="0" />
  <references type="phantom" candidates="3" cleared="0" enqueued="0" />
</gc-op>
<gc-end id="748" type="scavenge" contextid="744" durationms="2.081" usertimems="0.000" systemtimems="0.000" timestamp="2019-06-16T17:34:00.701" activeThreads="4">
  <mem-info id="749" free="1982706192" total="1988165632" percent="99">
    <mem type="nursery" free="1574888" total="2883584" percent="54">
      <mem type="allocate" free="1574888" total="2228224" percent="70" />
      <mem type="survivor" free="0" total="655360" percent="0" />
    </mem>
    <mem type="tenure" free="1981131304" total="1985282048" percent="99">
      <mem type="soa" free="1881890344" total="1886018560" percent="99" />
      <mem type="loa" free="99240960" total="99263488" percent="99" />
    </mem>
    <remembered-set count="571" />
  </mem-info>
</gc-end>
<cycle-end id="750" type="scavenge" contextid="744" timestamp="2019-06-16T17:34:00.701" />
  <attribute name="elasticGC enabled" value="1" />
  <attribute name= "numThreadsSpecified" value="4" />
  <attribute name="heapSize specified" value="2092630016" />
  <attribute name="Current GC Util" value="8" />
  <attribute name= "Current Time Running" value="5333" />
  <attribute name ="GC Interval" value="200" />
  <attribute name="ProportionalT" value="-12.000000" />
  <attribute name="ProportionalI" value="-12.000000" />
  <attribute name="ProportionalH" value="-12.000000" />
  <attribute name="Current Error" value="-12.000000" />
  <attribute name="IntegralT" value="-420.000000" />
  <attribute name="IntegralI" value="-420.000000" />
  <attribute name="IntegralH" value="-420.000000" />
  <attribute name="DerivativeT" value="-0.328571" />
  <attribute name="DerivativeI" value="-0.328571" />
  <attribute name="DerivativeH" value="-0.328571" />
  <attribute name="Loop Time for DT" value="35.000000" />
  <attribute name="Output H" value="2092630016"/>
  <attribute name="Output I" value="200"/>
  <attribute name="Output T" value="4"/>
  <attribute name="Target GC Util Change" value ="20.000000" />
  <attribute name="Current GC Util Change" value="8.000000"/>
  <attribute name="GC Util currently" value="8" />
  <attribute name="CPU Util currently" value="132335614456" />
<allocation-satisfied id="751" threadId="0000000001858700" bytesRequested="24" />
<af-end id="752" timestamp="2019-06-16T17:34:00.701" threadId="0000000001859088" success="true" from="nursery"/>
<exclusive-end id="753" timestamp="2019-06-16T17:34:00.701" durationms="2.658" />

<exclusive-start id="754" timestamp="2019-06-16T17:34:00.735" intervalms="36.380">
  <response-info timems="0.068" idlems="0.068" threads="0" lastid="0000000001858700" lastname="main" />
</exclusive-start>
<af-start id="755" threadId="0000000001859088" totalBytesRequested="24" timestamp="2019-06-16T17:34:00.735" intervalms="36.375" type="nursery" />
<cycle-start id="756" type="scavenge" contextid="0" timestamp="2019-06-16T17:34:00.735" intervalms="36.363" />
<gc-start id="757" type="scavenge" contextid="756" timestamp="2019-06-16T17:34:00.735">
  <mem-info id="758" free="1981131304" total="1988165632" percent="99">
    <mem type="nursery" free="0" total="2883584" percent="0">
      <mem type="allocate" free="0" total="2228224" percent="0" />
      <mem type="survivor" free="0" total="655360" percent="0" />
    </mem>
    <mem type="tenure" free="1981131304" total="1985282048" percent="99">
      <mem type="soa" free="1881890344" total="1886018560" percent="99" />
      <mem type="loa" free="99240960" total="99263488" percent="99" />
    </mem>
    <remembered-set count="571" />
  </mem-info>
</gc-start>
<allocation-stats totalBytes="1574760" >
  <allocated-bytes non-tlh="24" tlh="1574736" />
  <largest-consumer threadName="main" threadId="0000000001858700" bytes="1574760" />
</allocation-stats>
<gc-op id="759" type="scavenge" timems="1.399" contextid="756" timestamp="2019-06-16T17:34:00.736">
  <scavenger-info tenureage="3" tenuremask="fff8" tiltratio="77" />
  <memory-copied type="nursery" objects="4994" bytes="498072" bytesdiscarded="155040" />
  <memory-copied type="tenure" objects="479" bytes="15304" bytesdiscarded="0" />
  <references type="soft" candidates="351" cleared="0" enqueued="0" dynamicThreshold="31" maxThreshold="32" />
  <references type="weak" candidates="257" cleared="0" enqueued="0" />
  <references type="phantom" candidates="3" cleared="0" enqueued="0" />
</gc-op>
<gc-end id="760" type="scavenge" contextid="756" durationms="1.594" usertimems="4.000" systemtimems="0.000" timestamp="2019-06-16T17:34:00.736" activeThreads="4">
  <mem-info id="761" free="1982667024" total="1988165632" percent="99">
    <mem type="nursery" free="1574888" total="2883584" percent="54">
      <mem type="allocate" free="1574888" total="2228224" percent="70" />
      <mem type="survivor" free="0" total="655360" percent="0" />
    </mem>
    <mem type="tenure" free="1981092136" total="1985282048" percent="99">
      <mem type="soa" free="1881851176" total="1886018560" percent="99" />
      <mem type="loa" free="99240960" total="99263488" percent="99" />
    </mem>
    <remembered-set count="253" />
  </mem-info>
</gc-end>
<cycle-end id="762" type="scavenge" contextid="756" timestamp="2019-06-16T17:34:00.737" />
  <attribute name="elasticGC enabled" value="1" />
  <attribute name= "numThreadsSpecified" value="4" />
  <attribute name="heapSize specified" value="2092630016" />
  <attribute name="Current GC Util" value="7" />
  <attribute name= "Current Time Running" value="5369" />
  <attribute name ="GC Interval" value="200" />
  <attribute name="ProportionalT" value="-13.000000" />
  <attribute name="ProportionalI" value="-13.000000" />
  <attribute name="ProportionalH" value="-13.000000" />
  <attribute name="Current Error" value="-13.000000" />
  <attribute name="IntegralT" value="-468.000000" />
  <attribute name="IntegralI" value="-468.000000" />
  <attribute name="IntegralH" value="-468.000000" />
  <attribute name="DerivativeT" value="-0.180556" />
  <attribute name="DerivativeI" value="-0.180556" />
  <attribute name="DerivativeH" value="-0.180556" />
  <attribute name="Loop Time for DT" value="36.000000" />
  <attribute name="Output H" value="2092630016"/>
  <attribute name="Output I" value="200"/>
  <attribute name="Output T" value="4"/>
  <attribute name="Target GC Util Change" value ="20.000000" />
  <attribute name="Current GC Util Change" value="7.000000"/>
  <attribute name="GC Util currently" value="7" />
  <attribute name="CPU Util currently" value="126999910128" />
<allocation-satisfied id="763" threadId="0000000001858700" bytesRequested="24" />
<af-end id="764" timestamp="2019-06-16T17:34:00.737" threadId="0000000001859088" success="true" from="nursery"/>
<exclusive-end id="765" timestamp="2019-06-16T17:34:00.737" durationms="2.109" />

<exclusive-start id="766" timestamp="2019-06-16T17:34:00.772" intervalms="37.367">
  <response-info timems="0.070" idlems="0.070" threads="0" lastid="0000000001858700" lastname="main" />
</exclusive-start>
<af-start id="767" threadId="0000000001859088" totalBytesRequested="24" timestamp="2019-06-16T17:34:00.772" intervalms="37.367" type="nursery" />
<cycle-start id="768" type="scavenge" contextid="0" timestamp="2019-06-16T17:34:00.772" intervalms="37.384" />
<gc-start id="769" type="scavenge" contextid="768" timestamp="2019-06-16T17:34:00.772">
  <mem-info id="770" free="1981092136" total="1988165632" percent="99">
    <mem type="nursery" free="0" total="2883584" percent="0">
      <mem type="allocate" free="0" total="2228224" percent="0" />
      <mem type="survivor" free="0" total="655360" percent="0" />
    </mem>
    <mem type="tenure" free="1981092136" total="1985282048" percent="99">
      <mem type="soa" free="1881851176" total="1886018560" percent="99" />
      <mem type="loa" free="99240960" total="99263488" percent="99" />
    </mem>
    <remembered-set count="253" />
  </mem-info>
</gc-start>
<allocation-stats totalBytes="1574744" >
  <allocated-bytes non-tlh="24" tlh="1574720" />
  <largest-consumer threadName="main" threadId="0000000001858700" bytes="1574744" />
</allocation-stats>
<gc-op id="771" type="scavenge" timems="1.074" contextid="768" timestamp="2019-06-16T17:34:00.773">
  <scavenger-info tenureage="3" tenuremask="ffc8" tiltratio="77" />
  <memory-copied type="nursery" objects="8" bytes="32960" bytesdiscarded="6208" />
  <memory-copied type="tenure" objects="4986" bytes="465112" bytesdiscarded="472" />
</gc-op>
<gc-end id="772" type="scavenge" contextid="768" durationms="1.227" usertimems="0.000" systemtimems="0.000" timestamp="2019-06-16T17:34:00.773" activeThreads="4">
  <mem-info id="773" free="1982832048" total="1988165632" percent="99">
    <mem type="nursery" free="2254592" total="2883584" percent="78">
      <mem type="allocate" free="2254592" total="2293760" percent="98" />
      <mem type="survivor" free="0" total="589824" percent="0" />
    </mem>
    <mem type="tenure" free="1980577456" total="1985282048" percent="99">
      <mem type="soa" free="1881336496" total="1886018560" percent="99" />
      <mem type="loa" free="99240960" total="99263488" percent="99" />
    </mem>
    <remembered-set count="78" />
  </mem-info>
</gc-end>
<cycle-end id="774" type="scavenge" contextid="768" timestamp="2019-06-16T17:34:00.774" />
  <attribute name="elasticGC enabled" value="1" />
  <attribute name= "numThreadsSpecified" value="4" />
  <attribute name="heapSize specified" value="2092630016" />
  <attribute name="Current GC Util" value="6" />
  <attribute name= "Current Time Running" value="5406" />
  <attribute name ="GC Interval" value="200" />
  <attribute name="ProportionalT" value="-14.000000" />
  <attribute name="ProportionalI" value="-14.000000" />
  <attribute name="ProportionalH" value="-14.000000" />
  <attribute name="Current Error" value="-14.000000" />
  <attribute name="IntegralT" value="-518.000000" />
  <attribute name="IntegralI" value="-518.000000" />
  <attribute name="IntegralH" value="-518.000000" />
  <attribute name="DerivativeT" value="-0.189189" />
  <attribute name="DerivativeI" value="-0.189189" />
  <attribute name="DerivativeH" value="-0.189189" />
  <attribute name="Loop Time for DT" value="37.000000" />
  <attribute name="Output H" value="2092630016"/>
  <attribute name="Output I" value="200"/>
  <attribute name="Output T" value="4"/>
  <attribute name="Target GC Util Change" value ="20.000000" />
  <attribute name="Current GC Util Change" value="6.000000"/>
  <attribute name="GC Util currently" value="6" />
  <attribute name="CPU Util currently" value="123360091564" />
<allocation-satisfied id="775" threadId="0000000001858700" bytesRequested="24" />
<af-end id="776" timestamp="2019-06-16T17:34:00.774" threadId="0000000001859088" success="true" from="nursery"/>
<exclusive-end id="777" timestamp="2019-06-16T17:34:00.774" durationms="1.756" />

<exclusive-start id="778" timestamp="2019-06-16T17:34:00.810" intervalms="38.461">
  <response-info timems="0.075" idlems="0.075" threads="0" lastid="0000000001858700" lastname="main" />
</exclusive-start>
<af-start id="779" threadId="0000000001859088" totalBytesRequested="24" timestamp="2019-06-16T17:34:00.811" intervalms="38.466" type="nursery" />
<cycle-start id="780" type="scavenge" contextid="0" timestamp="2019-06-16T17:34:00.811" intervalms="38.461" />
<gc-start id="781" type="scavenge" contextid="780" timestamp="2019-06-16T17:34:00.811">
  <mem-info id="782" free="1980577456" total="1988165632" percent="99">
    <mem type="nursery" free="0" total="2883584" percent="0">
      <mem type="allocate" free="0" total="2293760" percent="0" />
      <mem type="survivor" free="0" total="589824" percent="0" />
    </mem>
    <mem type="tenure" free="1980577456" total="1985282048" percent="99">
      <mem type="soa" free="1881336496" total="1886018560" percent="99" />
      <mem type="loa" free="99240960" total="99263488" percent="99" />
    </mem>
    <remembered-set count="78" />
  </mem-info>
</gc-start>
<allocation-stats totalBytes="2254392" >
  <allocated-bytes non-tlh="24" tlh="2254368" />
  <largest-consumer threadName="main" threadId="0000000001858700" bytes="2254392" />
</allocation-stats>
<gc-op id="783" type="scavenge" timems="0.673" contextid="780" timestamp="2019-06-16T17:34:00.812">
  <scavenger-info tenureage="3" tenuremask="ffe8" tiltratio="79" />
  <memory-copied type="nursery" objects="10" bytes="33008" bytesdiscarded="45328" />
</gc-op>
<gc-end id="784" type="scavenge" contextid="780" durationms="0.950" usertimems="4.000" systemtimems="0.000" timestamp="2019-06-16T17:34:00.812" activeThreads="4">
  <mem-info id="785" free="1982858416" total="1988165632" percent="99">
    <mem type="nursery" free="2280960" total="2883584" percent="79">
      <mem type="allocate" free="2280960" total="2359296" percent="96" />
      <mem type="survivor" free="0" total="524288" percent="0" />
    </mem>
    <mem type="tenure" free="1980577456" total="1985282048" percent="99">
      <mem type="soa" free="1881336496" total="1886018560" percent="99" />
      <mem type="loa" free="99240960" total="99263488" percent="99" />
    </mem>
    <remembered-set count="78" />
  </mem-info>
</gc-end>
<cycle-end id="786" type="scavenge" contextid="780" timestamp="2019-06-16T17:34:00.812" />
  <attribute name="elasticGC enabled" value="1" />
  <attribute name= "numThreadsSpecified" value="4" />
  <attribute name="heapSize specified" value="2092630016" />
  <attribute name="Current GC Util" value="5" />
  <attribute name= "Current Time Running" value="5445" />
  <attribute name ="GC Interval" value="200" />
  <attribute name="ProportionalT" value="-15.000000" />
  <attribute name="ProportionalI" value="-15.000000" />
  <attribute name="ProportionalH" value="-15.000000" />
  <attribute name="Current Error" value="-15.000000" />
  <attribute name="IntegralT" value="-585.000000" />
  <attribute name="IntegralI" value="-585.000000" />
  <attribute name="IntegralH" value="-585.000000" />
  <attribute name="DerivativeT" value="-0.192308" />
  <attribute name="DerivativeI" value="-0.192308" />
  <attribute name="DerivativeH" value="-0.192308" />
  <attribute name="Loop Time for DT" value="39.000000" />
  <attribute name="Output H" value="2092630016"/>
  <attribute name="Output I" value="200"/>
  <attribute name="Output T" value="4"/>
  <attribute name="Target GC Util Change" value ="20.000000" />
  <attribute name="Current GC Util Change" value="5.000000"/>
  <attribute name="GC Util currently" value="5" />
  <attribute name="CPU Util currently" value="119516348126" />
<allocation-satisfied id="787" threadId="0000000001858700" bytesRequested="24" />
<af-end id="788" timestamp="2019-06-16T17:34:00.812" threadId="0000000001859088" success="true" from="nursery"/>
<exclusive-end id="789" timestamp="2019-06-16T17:34:00.812" durationms="1.519" />

<exclusive-start id="790" timestamp="2019-06-16T17:34:00.821" intervalms="10.912">
  <response-info timems="0.074" idlems="0.074" threads="0" lastid="0000000001858700" lastname="main" />
</exclusive-start>
<af-start id="791" threadId="0000000001859088" totalBytesRequested="24" timestamp="2019-06-16T17:34:00.821" intervalms="10.909" type="nursery" />
<cycle-start id="792" type="scavenge" contextid="0" timestamp="2019-06-16T17:34:00.822" intervalms="10.904" />
<gc-start id="793" type="scavenge" contextid="792" timestamp="2019-06-16T17:34:00.822">
  <mem-info id="794" free="1980577456" total="1988165632" percent="99">
    <mem type="nursery" free="0" total="2883584" percent="0">
      <mem type="allocate" free="0" total="2359296" percent="0" />
      <mem type="survivor" free="0" total="524288" percent="0" />
    </mem>
    <mem type="tenure" free="1980577456" total="1985282048" percent="99">
      <mem type="soa" free="1881336496" total="1886018560" percent="99" />
      <mem type="loa" free="99240960" total="99263488" percent="99" />
    </mem>
    <remembered-set count="78" />
  </mem-info>
</gc-start>
<allocation-stats totalBytes="2280784" >
  <allocated-bytes non-tlh="24" tlh="2280760" />
  <largest-consumer threadName="main" threadId="0000000001858700" bytes="2280784" />
</allocation-stats>
<gc-op id="795" type="scavenge" timems="0.655" contextid="792" timestamp="2019-06-16T17:34:00.822">
  <scavenger-info tenureage="3" tenuremask="fff8" tiltratio="81" />
  <memory-copied type="nursery" objects="8" bytes="32960" bytesdiscarded="6208" />
</gc-op>
<gc-end id="796" type="scavenge" contextid="792" durationms="0.904" usertimems="0.000" systemtimems="0.000" timestamp="2019-06-16T17:34:00.823" activeThreads="4">
  <mem-info id="797" free="1983028656" total="1988165632" percent="99">
    <mem type="nursery" free="2451200" total="2883584" percent="85">
      <mem type="allocate" free="2451200" total="2490368" percent="98" />
      <mem type="survivor" free="0" total="393216" percent="0" />
    </mem>
    <mem type="tenure" free="1980577456" total="1985282048" percent="99">
      <mem type="soa" free="1881336496" total="1886018560" percent="99" />
      <mem type="loa" free="99240960" total="99263488" percent="99" />
    </mem>
    <remembered-set count="78" />
  </mem-info>
</gc-end>
<cycle-end id="798" type="scavenge" contextid="792" timestamp="2019-06-16T17:34:00.823" />
  <attribute name="elasticGC enabled" value="1" />
  <attribute name= "numThreadsSpecified" value="4" />
  <attribute name="heapSize specified" value="2092630016" />
  <attribute name="Current GC Util" value="13" />
  <attribute name= "Current Time Running" value="5456" />
  <attribute name ="GC Interval" value="200" />
  <attribute name="ProportionalT" value="-7.000000" />
  <attribute name="ProportionalI" value="-7.000000" />
  <attribute name="ProportionalH" value="-7.000000" />
  <attribute name="Current Error" value="-7.000000" />
  <attribute name="IntegralT" value="-77.000000" />
  <attribute name="IntegralI" value="-77.000000" />
  <attribute name="IntegralH" value="-77.000000" />
  <attribute name="DerivativeT" value="-0.318182" />
  <attribute name="DerivativeI" value="-0.318182" />
  <attribute name="DerivativeH" value="-0.318182" />
  <attribute name="Loop Time for DT" value="11.000000" />
  <attribute name="Output H" value="2092630016"/>
  <attribute name="Output I" value="200"/>
  <attribute name="Output T" value="4"/>
  <attribute name="Target GC Util Change" value ="20.000000" />
  <attribute name="Current GC Util Change" value="13.000000"/>
  <attribute name="GC Util currently" value="13" />
  <attribute name="CPU Util currently" value="423843735297" />
<allocation-satisfied id="799" threadId="0000000001858700" bytesRequested="24" />
<af-end id="800" timestamp="2019-06-16T17:34:00.823" threadId="0000000001859088" success="true" from="nursery"/>
<exclusive-end id="801" timestamp="2019-06-16T17:34:00.823" durationms="1.449" />

<exclusive-start id="802" timestamp="2019-06-16T17:34:00.832" intervalms="10.776">
  <response-info timems="0.074" idlems="0.074" threads="0" lastid="0000000001858700" lastname="main" />
</exclusive-start>
<af-start id="803" threadId="0000000001859088" totalBytesRequested="24" timestamp="2019-06-16T17:34:00.832" intervalms="10.780" type="nursery" />
<cycle-start id="804" type="scavenge" contextid="0" timestamp="2019-06-16T17:34:00.832" intervalms="10.780" />
<gc-start id="805" type="scavenge" contextid="804" timestamp="2019-06-16T17:34:00.832">
  <mem-info id="806" free="1980577456" total="1988165632" percent="99">
    <mem type="nursery" free="0" total="2883584" percent="0">
      <mem type="allocate" free="0" total="2490368" percent="0" />
      <mem type="survivor" free="0" total="393216" percent="0" />
    </mem>
    <mem type="tenure" free="1980577456" total="1985282048" percent="99">
      <mem type="soa" free="1881336496" total="1886018560" percent="99" />
      <mem type="loa" free="99240960" total="99263488" percent="99" />
    </mem>
    <remembered-set count="78" />
  </mem-info>
</gc-start>
<allocation-stats totalBytes="2451000" >
  <allocated-bytes non-tlh="24" tlh="2450976" />
  <largest-consumer threadName="main" threadId="0000000001858700" bytes="2451000" />
</allocation-stats>
<gc-op id="807" type="scavenge" timems="0.666" contextid="804" timestamp="2019-06-16T17:34:00.833">
  <scavenger-info tenureage="3" tenuremask="fff8" tiltratio="86" />
  <memory-copied type="nursery" objects="10" bytes="33008" bytesdiscarded="45328" />
</gc-op>
<gc-end id="808" type="scavenge" contextid="804" durationms="0.927" usertimems="4.000" systemtimems="0.000" timestamp="2019-06-16T17:34:00.833" activeThreads="4">
  <mem-info id="809" free="1983055024" total="1988165632" percent="99">
    <mem type="nursery" free="2477568" total="2883584" percent="85">
      <mem type="allocate" free="2477568" total="2555904" percent="96" />
      <mem type="survivor" free="0" total="327680" percent="0" />
    </mem>
    <mem type="tenure" free="1980577456" total="1985282048" percent="99">
      <mem type="soa" free="1881336496" total="1886018560" percent="99" />
      <mem type="loa" free="99240960" total="99263488" percent="99" />
    </mem>
    <remembered-set count="78" />
  </mem-info>
</gc-end>
<cycle-end id="810" type="scavenge" contextid="804" timestamp="2019-06-16T17:34:00.833" />
  <attribute name="elasticGC enabled" value="1" />
  <attribute name= "numThreadsSpecified" value="4" />
  <attribute name="heapSize specified" value="2092630016" />
  <attribute name="Current GC Util" value="13" />
  <attribute name= "Current Time Running" value="5466" />
  <attribute name ="GC Interval" value="200" />
  <attribute name="ProportionalT" value="-7.000000" />
  <attribute name="ProportionalI" value="-7.000000" />
  <attribute name="ProportionalH" value="-7.000000" />
  <attribute name="Current Error" value="-7.000000" />
  <attribute name="IntegralT" value="-70.000000" />
  <attribute name="IntegralI" value="-70.000000" />
  <attribute name="IntegralH" value="-70.000000" />
  <attribute name="DerivativeT" value="-0.350000" />
  <attribute name="DerivativeI" value="-0.350000" />
  <attribute name="DerivativeH" value="-0.350000" />
  <attribute name="Loop Time for DT" value="10.000000" />
  <attribute name="Output H" value="2092630016"/>
  <attribute name="Output I" value="200"/>
  <attribute name="Output T" value="4"/>
  <attribute name="Target GC Util Change" value ="20.000000" />
  <attribute name="Current GC Util Change" value="13.000000"/>
  <attribute name="GC Util currently" value="13" />
  <attribute name="CPU Util currently" value="427332301573" />
<allocation-satisfied id="811" threadId="0000000001858700" bytesRequested="24" />
<af-end id="812" timestamp="2019-06-16T17:34:00.834" threadId="0000000001859088" success="true" from="nursery"/>
<exclusive-end id="813" timestamp="2019-06-16T17:34:00.834" durationms="1.477" />

<exclusive-start id="814" timestamp="2019-06-16T17:34:00.843" intervalms="10.877">
  <response-info timems="0.056" idlems="0.056" threads="0" lastid="0000000001858700" lastname="main" />
</exclusive-start>
<af-start id="815" threadId="0000000001859088" totalBytesRequested="24" timestamp="2019-06-16T17:34:00.843" intervalms="10.878" type="nursery" />
<cycle-start id="816" type="scavenge" contextid="0" timestamp="2019-06-16T17:34:00.843" intervalms="10.869" />
<gc-start id="817" type="scavenge" contextid="816" timestamp="2019-06-16T17:34:00.843">
  <mem-info id="818" free="1980577456" total="1988165632" percent="99">
    <mem type="nursery" free="0" total="2883584" percent="0">
      <mem type="allocate" free="0" total="2555904" percent="0" />
      <mem type="survivor" free="0" total="327680" percent="0" />
    </mem>
    <mem type="tenure" free="1980577456" total="1985282048" percent="99">
      <mem type="soa" free="1881336496" total="1886018560" percent="99" />
      <mem type="loa" free="99240960" total="99263488" percent="99" />
    </mem>
    <remembered-set count="78" />
  </mem-info>
</gc-start>
<allocation-stats totalBytes="2477368" >
  <allocated-bytes non-tlh="24" tlh="2477344" />
  <largest-consumer threadName="main" threadId="0000000001858700" bytes="2477368" />
</allocation-stats>
<gc-op id="819" type="scavenge" timems="0.502" contextid="816" timestamp="2019-06-16T17:34:00.844">
  <scavenger-info tenureage="3" tenuremask="fff8" tiltratio="88" />
  <memory-copied type="nursery" objects="8" bytes="32960" bytesdiscarded="6208" />
</gc-op>
<gc-end id="820" type="scavenge" contextid="816" durationms="0.773" usertimems="0.000" systemtimems="0.000" timestamp="2019-06-16T17:34:00.844" activeThreads="4">
  <mem-info id="821" free="1983094192" total="1988165632" percent="99">
    <mem type="nursery" free="2516736" total="2883584" percent="87">
      <mem type="allocate" free="2516736" total="2555904" percent="98" />
      <mem type="survivor" free="0" total="327680" percent="0" />
    </mem>
    <mem type="tenure" free="1980577456" total="1985282048" percent="99">
      <mem type="soa" free="1881336496" total="1886018560" percent="99" />
      <mem type="loa" free="99240960" total="99263488" percent="99" />
    </mem>
    <remembered-set count="78" />
  </mem-info>
</gc-end>
<cycle-end id="822" type="scavenge" contextid="816" timestamp="2019-06-16T17:34:00.844" />
  <attribute name="elasticGC enabled" value="1" />
  <attribute name= "numThreadsSpecified" value="4" />
  <attribute name="heapSize specified" value="2092630016" />
  <attribute name="Current GC Util" value="12" />
  <attribute name= "Current Time Running" value="5477" />
  <attribute name ="GC Interval" value="200" />
  <attribute name="ProportionalT" value="-8.000000" />
  <attribute name="ProportionalI" value="-8.000000" />
  <attribute name="ProportionalH" value="-8.000000" />
  <attribute name="Current Error" value="-8.000000" />
  <attribute name="IntegralT" value="-88.000000" />
  <attribute name="IntegralI" value="-88.000000" />
  <attribute name="IntegralH" value="-88.000000" />
  <attribute name="DerivativeT" value="-0.363636" />
  <attribute name="DerivativeI" value="-0.363636" />
  <attribute name="DerivativeH" value="-0.363636" />
  <attribute name="Loop Time for DT" value="11.000000" />
  <attribute name="Output H" value="2092630016"/>
  <attribute name="Output I" value="200"/>
  <attribute name="Output T" value="4"/>
  <attribute name="Target GC Util Change" value ="20.000000" />
  <attribute name="Current GC Util Change" value="12.000000"/>
  <attribute name="GC Util currently" value="12" />
  <attribute name="CPU Util currently" value="424071036696" />
<allocation-satisfied id="823" threadId="0000000001858700" bytesRequested="24" />
<af-end id="824" timestamp="2019-06-16T17:34:00.844" threadId="0000000001859088" success="true" from="nursery"/>
<exclusive-end id="825" timestamp="2019-06-16T17:34:00.844" durationms="1.321" />

<exclusive-start id="826" timestamp="2019-06-16T17:34:00.854" intervalms="10.768">
  <response-info timems="0.074" idlems="0.074" threads="0" lastid="0000000001858700" lastname="main" />
</exclusive-start>
<af-start id="827" threadId="0000000001859088" totalBytesRequested="24" timestamp="2019-06-16T17:34:00.854" intervalms="10.769" type="nursery" />
<cycle-start id="828" type="scavenge" contextid="0" timestamp="2019-06-16T17:34:00.854" intervalms="10.777" />
<gc-start id="829" type="scavenge" contextid="828" timestamp="2019-06-16T17:34:00.854">
  <mem-info id="830" free="1980577456" total="1988165632" percent="99">
    <mem type="nursery" free="0" total="2883584" percent="0">
      <mem type="allocate" free="0" total="2555904" percent="0" />
      <mem type="survivor" free="0" total="327680" percent="0" />
    </mem>
    <mem type="tenure" free="1980577456" total="1985282048" percent="99">
      <mem type="soa" free="1881336496" total="1886018560" percent="99" />
      <mem type="loa" free="99240960" total="99263488" percent="99" />
    </mem>
    <remembered-set count="78" />
  </mem-info>
</gc-start>
<allocation-stats totalBytes="2516512" >
  <allocated-bytes non-tlh="24" tlh="2516488" />
  <largest-consumer threadName="main" threadId="0000000001858700" bytes="2516512" />
</allocation-stats>
<gc-op id="831" type="scavenge" timems="0.636" contextid="828" timestamp="2019-06-16T17:34:00.855">
  <scavenger-info tenureage="3" tenuremask="fff8" tiltratio="88" />
  <memory-copied type="nursery" objects="8" bytes="32960" bytesdiscarded="6208" />
</gc-op>
<gc-end id="832" type="scavenge" contextid="828" durationms="0.894" usertimems="0.000" systemtimems="0.000" timestamp="2019-06-16T17:34:00.855" activeThreads="4">
  <mem-info id="833" free="1983094192" total="1988165632" percent="99">
    <mem type="nursery" free="2516736" total="2883584" percent="87">
      <mem type="allocate" free="2516736" total="2555904" percent="98" />
      <mem type="survivor" free="0" total="327680" percent="0" />
    </mem>
    <mem type="tenure" free="1980577456" total="1985282048" percent="99">
      <mem type="soa" free="1881336496" total="1886018560" percent="99" />
      <mem type="loa" free="99240960" total="99263488" percent="99" />
    </mem>
    <remembered-set count="78" />
  </mem-info>
</gc-end>
<cycle-end id="834" type="scavenge" contextid="828" timestamp="2019-06-16T17:34:00.855" />
  <attribute name="elasticGC enabled" value="1" />
  <attribute name= "numThreadsSpecified" value="4" />
  <attribute name="heapSize specified" value="2092630016" />
  <attribute name="Current GC Util" value="10" />
  <attribute name= "Current Time Running" value="5488" />
  <attribute name ="GC Interval" value="200" />
  <attribute name="ProportionalT" value="-10.000000" />
  <attribute name="ProportionalI" value="-10.000000" />
  <attribute name="ProportionalH" value="-10.000000" />
  <attribute name="Current Error" value="-10.000000" />
  <attribute name="IntegralT" value="-110.000000" />
  <attribute name="IntegralI" value="-110.000000" />
  <attribute name="IntegralH" value="-110.000000" />
  <attribute name="DerivativeT" value="-0.454545" />
  <attribute name="DerivativeI" value="-0.454545" />
  <attribute name="DerivativeH" value="-0.454545" />
  <attribute name="Loop Time for DT" value="11.000000" />
  <attribute name="Output H" value="2092630016"/>
  <attribute name="Output I" value="200"/>
  <attribute name="Output T" value="4"/>
  <attribute name="Target GC Util Change" value ="20.000000" />
  <attribute name="Current GC Util Change" value="10.000000"/>
  <attribute name="GC Util currently" value="10" />
  <attribute name="CPU Util currently" value="428188456049" />
<allocation-satisfied id="835" threadId="0000000001858700" bytesRequested="24" />
<af-end id="836" timestamp="2019-06-16T17:34:00.855" threadId="0000000001859088" success="true" from="nursery"/>
<exclusive-end id="837" timestamp="2019-06-16T17:34:00.855" durationms="1.444" />

<exclusive-start id="838" timestamp="2019-06-16T17:34:00.865" intervalms="10.875">
  <response-info timems="0.078" idlems="0.078" threads="0" lastid="0000000001858700" lastname="main" />
</exclusive-start>
<af-start id="839" threadId="0000000001859088" totalBytesRequested="32784" timestamp="2019-06-16T17:34:00.865" intervalms="10.862" type="nursery" />
<cycle-start id="840" type="scavenge" contextid="0" timestamp="2019-06-16T17:34:00.865" intervalms="10.852" />
<gc-start id="841" type="scavenge" contextid="840" timestamp="2019-06-16T17:34:00.865">
  <mem-info id="842" free="1980577456" total="1988165632" percent="99">
    <mem type="nursery" free="0" total="2883584" percent="0">
      <mem type="allocate" free="0" total="2555904" percent="0" />
      <mem type="survivor" free="0" total="327680" percent="0" />
    </mem>
    <mem type="tenure" free="1980577456" total="1985282048" percent="99">
      <mem type="soa" free="1881336496" total="1886018560" percent="99" />
      <mem type="loa" free="99240960" total="99263488" percent="99" />
    </mem>
    <remembered-set count="78" />
  </mem-info>
</gc-start>
<allocation-stats totalBytes="2464288" >
  <allocated-bytes non-tlh="24" tlh="2464264" />
  <largest-consumer threadName="main" threadId="0000000001858700" bytes="2464288" />
</allocation-stats>
<gc-op id="843" type="scavenge" timems="1.012" contextid="840" timestamp="2019-06-16T17:34:00.866">
  <scavenger-info tenureage="3" tenuremask="fff8" tiltratio="88" />
  <memory-copied type="nursery" objects="14" bytes="33072" bytesdiscarded="45264" />
</gc-op>
<heap-resize id="844" type="expand" space="nursery" amount="262144" count="1" timems="0.016" reason="excessive time being spent scavenging" timestamp="2019-06-16T17:34:00.866" />
<gc-end id="845" type="scavenge" contextid="840" durationms="1.370" usertimems="0.000" systemtimems="0.000" timestamp="2019-06-16T17:34:00.866" activeThreads="4">
  <mem-info id="846" free="1983251632" total="1988427776" percent="99">
    <mem type="nursery" free="2674176" total="3145728" percent="85">
      <mem type="allocate" free="2674176" total="2752512" percent="97" />
      <mem type="survivor" free="0" total="393216" percent="0" />
    </mem>
    <mem type="tenure" free="1980577456" total="1985282048" percent="99">
      <mem type="soa" free="1881336496" total="1886018560" percent="99" />
      <mem type="loa" free="99240960" total="99263488" percent="99" />
    </mem>
    <remembered-set count="78" />
  </mem-info>
</gc-end>
<cycle-end id="847" type="scavenge" contextid="840" timestamp="2019-06-16T17:34:00.866" />
  <attribute name="elasticGC enabled" value="1" />
  <attribute name= "numThreadsSpecified" value="4" />
  <attribute name="heapSize specified" value="2092630016" />
  <attribute name="Current GC Util" value="12" />
  <attribute name= "Current Time Running" value="5499" />
  <attribute name ="GC Interval" value="200" />
  <attribute name="ProportionalT" value="-8.000000" />
  <attribute name="ProportionalI" value="-8.000000" />
  <attribute name="ProportionalH" value="-8.000000" />
  <attribute name="Current Error" value="-8.000000" />
  <attribute name="IntegralT" value="-88.000000" />
  <attribute name="IntegralI" value="-88.000000" />
  <attribute name="IntegralH" value="-88.000000" />
  <attribute name="DerivativeT" value="-0.363636" />
  <attribute name="DerivativeI" value="-0.363636" />
  <attribute name="DerivativeH" value="-0.363636" />
  <attribute name="Loop Time for DT" value="11.000000" />
  <attribute name="Output H" value="2092630016"/>
  <attribute name="Output I" value="200"/>
  <attribute name="Output T" value="4"/>
  <attribute name="Target GC Util Change" value ="20.000000" />
  <attribute name="Current GC Util Change" value="12.000000"/>
  <attribute name="GC Util currently" value="12" />
  <attribute name="CPU Util currently" value="424744352138" />
<allocation-satisfied id="848" threadId="0000000001858700" bytesRequested="32784" />
<af-end id="849" timestamp="2019-06-16T17:34:00.866" threadId="0000000001859088" success="true" from="nursery"/>
<exclusive-end id="850" timestamp="2019-06-16T17:34:00.867" durationms="1.885" />

<exclusive-start id="851" timestamp="2019-06-16T17:34:00.877" intervalms="12.098">
  <response-info timems="0.053" idlems="0.053" threads="0" lastid="0000000001858700" lastname="main" />
</exclusive-start>
<af-start id="852" threadId="0000000001859088" totalBytesRequested="24" timestamp="2019-06-16T17:34:00.877" intervalms="12.110" type="nursery" />
<cycle-start id="853" type="scavenge" contextid="0" timestamp="2019-06-16T17:34:00.877" intervalms="12.124" />
<gc-start id="854" type="scavenge" contextid="853" timestamp="2019-06-16T17:34:00.877">
  <mem-info id="855" free="1980577456" total="1988427776" percent="99">
    <mem type="nursery" free="0" total="3145728" percent="0">
      <mem type="allocate" free="0" total="2752512" percent="0" />
      <mem type="survivor" free="0" total="393216" percent="0" />
    </mem>
    <mem type="tenure" free="1980577456" total="1985282048" percent="99">
      <mem type="soa" free="1881336496" total="1886018560" percent="99" />
      <mem type="loa" free="99240960" total="99263488" percent="99" />
    </mem>
    <remembered-set count="78" />
  </mem-info>
</gc-start>
<allocation-stats totalBytes="2673984" >
  <allocated-bytes non-tlh="32784" tlh="2641200" />
  <largest-consumer threadName="main" threadId="0000000001858700" bytes="2673984" />
</allocation-stats>
<gc-op id="856" type="scavenge" timems="0.497" contextid="853" timestamp="2019-06-16T17:34:00.878">
  <scavenger-info tenureage="3" tenuremask="fff8" tiltratio="87" />
  <memory-copied type="nursery" objects="10" bytes="33008" bytesdiscarded="45328" />
</gc-op>
<gc-end id="857" type="scavenge" contextid="853" durationms="0.759" usertimems="0.000" systemtimems="0.000" timestamp="2019-06-16T17:34:00.878" activeThreads="4">
  <mem-info id="858" free="1983317168" total="1988427776" percent="99">
    <mem type="nursery" free="2739712" total="3145728" percent="87">
      <mem type="allocate" free="2739712" total="2818048" percent="97" />
      <mem type="survivor" free="0" total="327680" percent="0" />
    </mem>
    <mem type="tenure" free="1980577456" total="1985282048" percent="99">
      <mem type="soa" free="1881336496" total="1886018560" percent="99" />
      <mem type="loa" free="99240960" total="99263488" percent="99" />
    </mem>
    <remembered-set count="78" />
  </mem-info>
</gc-end>
<cycle-end id="859" type="scavenge" contextid="853" timestamp="2019-06-16T17:34:00.878" />
  <attribute name="elasticGC enabled" value="1" />
  <attribute name= "numThreadsSpecified" value="4" />
  <attribute name="heapSize specified" value="2092630016" />
  <attribute name="Current GC Util" value="14" />
  <attribute name= "Current Time Running" value="5511" />
  <attribute name ="GC Interval" value="200" />
  <attribute name="ProportionalT" value="-6.000000" />
  <attribute name="ProportionalI" value="-6.000000" />
  <attribute name="ProportionalH" value="-6.000000" />
  <attribute name="Current Error" value="-6.000000" />
  <attribute name="IntegralT" value="-72.000000" />
  <attribute name="IntegralI" value="-72.000000" />
  <attribute name="IntegralH" value="-72.000000" />
  <attribute name="DerivativeT" value="-0.250000" />
  <attribute name="DerivativeI" value="-0.250000" />
  <attribute name="DerivativeH" value="-0.250000" />
  <attribute name="Loop Time for DT" value="12.000000" />
  <attribute name="Output H" value="2092630016"/>
  <attribute name="Output I" value="200"/>
  <attribute name="Output T" value="4"/>
  <attribute name="Target GC Util Change" value ="20.000000" />
  <attribute name="Current GC Util Change" value="14.000000"/>
  <attribute name="GC Util currently" value="14" />
  <attribute name="CPU Util currently" value="380907725096" />
<allocation-satisfied id="860" threadId="0000000001858700" bytesRequested="24" />
<af-end id="861" timestamp="2019-06-16T17:34:00.878" threadId="0000000001859088" success="true" from="nursery"/>
<exclusive-end id="862" timestamp="2019-06-16T17:34:00.878" durationms="1.303" />

<exclusive-start id="863" timestamp="2019-06-16T17:34:00.888" intervalms="11.655">
  <response-info timems="0.065" idlems="0.065" threads="0" lastid="0000000001858700" lastname="main" />
</exclusive-start>
<af-start id="864" threadId="0000000001859088" totalBytesRequested="32784" timestamp="2019-06-16T17:34:00.888" intervalms="11.643" type="nursery" />
<cycle-start id="865" type="scavenge" contextid="0" timestamp="2019-06-16T17:34:00.889" intervalms="11.641" />
<gc-start id="866" type="scavenge" contextid="865" timestamp="2019-06-16T17:34:00.889">
  <mem-info id="867" free="1980577456" total="1988427776" percent="99">
    <mem type="nursery" free="0" total="3145728" percent="0">
      <mem type="allocate" free="0" total="2818048" percent="0" />
      <mem type="survivor" free="0" total="327680" percent="0" />
    </mem>
    <mem type="tenure" free="1980577456" total="1985282048" percent="99">
      <mem type="soa" free="1881336496" total="1886018560" percent="99" />
      <mem type="loa" free="99240960" total="99263488" percent="99" />
    </mem>
    <remembered-set count="78" />
  </mem-info>
</gc-start>
<allocation-stats totalBytes="2730752" >
  <allocated-bytes non-tlh="24" tlh="2730728" />
  <largest-consumer threadName="main" threadId="0000000001858700" bytes="2730752" />
</allocation-stats>
<gc-op id="868" type="scavenge" timems="0.318" contextid="865" timestamp="2019-06-16T17:34:00.889">
  <scavenger-info tenureage="3" tenuremask="fff8" tiltratio="89" />
  <memory-copied type="nursery" objects="14" bytes="33072" bytesdiscarded="45264" />
</gc-op>
<gc-end id="869" type="scavenge" contextid="865" durationms="0.579" usertimems="0.000" systemtimems="0.000" timestamp="2019-06-16T17:34:00.889" activeThreads="4">
  <mem-info id="870" free="1983317168" total="1988427776" percent="99">
    <mem type="nursery" free="2739712" total="3145728" percent="87">
      <mem type="allocate" free="2739712" total="2818048" percent="97" />
      <mem type="survivor" free="0" total="327680" percent="0" />
    </mem>
    <mem type="tenure" free="1980577456" total="1985282048" percent="99">
      <mem type="soa" free="1881336496" total="1886018560" percent="99" />
      <mem type="loa" free="99240960" total="99263488" percent="99" />
    </mem>
    <remembered-set count="78" />
  </mem-info>
</gc-end>
<cycle-end id="871" type="scavenge" contextid="865" timestamp="2019-06-16T17:34:00.889" />
  <attribute name="elasticGC enabled" value="1" />
  <attribute name= "numThreadsSpecified" value="4" />
  <attribute name="heapSize specified" value="2092630016" />
  <attribute name="Current GC Util" value="8" />
  <attribute name= "Current Time Running" value="5523" />
  <attribute name ="GC Interval" value="200" />
  <attribute name="ProportionalT" value="-12.000000" />
  <attribute name="ProportionalI" value="-12.000000" />
  <attribute name="ProportionalH" value="-12.000000" />
  <attribute name="Current Error" value="-12.000000" />
  <attribute name="IntegralT" value="-144.000000" />
  <attribute name="IntegralI" value="-144.000000" />
  <attribute name="IntegralH" value="-144.000000" />
  <attribute name="DerivativeT" value="-0.500000" />
  <attribute name="DerivativeI" value="-0.500000" />
  <attribute name="DerivativeH" value="-0.500000" />
  <attribute name="Loop Time for DT" value="12.000000" />
  <attribute name="Output H" value="2092630016"/>
  <attribute name="Output I" value="200"/>
  <attribute name="Output T" value="4"/>
  <attribute name="Target GC Util Change" value ="20.000000" />
  <attribute name="Current GC Util Change" value="8.000000"/>
  <attribute name="GC Util currently" value="8" />
  <attribute name="CPU Util currently" value="395782824851" />
<allocation-satisfied id="872" threadId="0000000001858700" bytesRequested="32784" />
<af-end id="873" timestamp="2019-06-16T17:34:00.889" threadId="0000000001859088" success="true" from="nursery"/>
<exclusive-end id="874" timestamp="2019-06-16T17:34:00.890" durationms="1.121" />

<exclusive-start id="875" timestamp="2019-06-16T17:34:00.900" intervalms="11.377">
  <response-info timems="0.066" idlems="0.066" threads="0" lastid="0000000001858700" lastname="main" />
</exclusive-start>
<af-start id="876" threadId="0000000001859088" totalBytesRequested="32784" timestamp="2019-06-16T17:34:00.900" intervalms="11.382" type="nursery" />
<cycle-start id="877" type="scavenge" contextid="0" timestamp="2019-06-16T17:34:00.900" intervalms="11.384" />
<gc-start id="878" type="scavenge" contextid="877" timestamp="2019-06-16T17:34:00.900">
  <mem-info id="879" free="1980577456" total="1988427776" percent="99">
    <mem type="nursery" free="0" total="3145728" percent="0">
      <mem type="allocate" free="0" total="2818048" percent="0" />
      <mem type="survivor" free="0" total="327680" percent="0" />
    </mem>
    <mem type="tenure" free="1980577456" total="1985282048" percent="99">
      <mem type="soa" free="1881336496" total="1886018560" percent="99" />
      <mem type="loa" free="99240960" total="99263488" percent="99" />
    </mem>
    <remembered-set count="78" />
  </mem-info>
</gc-start>
<allocation-stats totalBytes="2735240" >
  <allocated-bytes non-tlh="32784" tlh="2702456" />
  <largest-consumer threadName="main" threadId="0000000001858700" bytes="2735240" />
</allocation-stats>
<gc-op id="880" type="scavenge" timems="0.328" contextid="877" timestamp="2019-06-16T17:34:00.901">
  <scavenger-info tenureage="3" tenuremask="fff8" tiltratio="89" />
  <memory-copied type="nursery" objects="17" bytes="65912" bytesdiscarded="45208" />
</gc-op>
<gc-end id="881" type="scavenge" contextid="877" durationms="0.602" usertimems="0.000" systemtimems="0.000" timestamp="2019-06-16T17:34:00.901" activeThreads="4">
  <mem-info id="882" free="1983284384" total="1988427776" percent="99">
    <mem type="nursery" free="2706928" total="3145728" percent="86">
      <mem type="allocate" free="2706928" total="2818048" percent="96" />
      <mem type="survivor" free="0" total="327680" percent="0" />
    </mem>
    <mem type="tenure" free="1980577456" total="1985282048" percent="99">
      <mem type="soa" free="1881336496" total="1886018560" percent="99" />
      <mem type="loa" free="99240960" total="99263488" percent="99" />
    </mem>
    <remembered-set count="78" />
  </mem-info>
</gc-end>
<cycle-end id="883" type="scavenge" contextid="877" timestamp="2019-06-16T17:34:00.901" />
  <attribute name="elasticGC enabled" value="1" />
  <attribute name= "numThreadsSpecified" value="4" />
  <attribute name="heapSize specified" value="2092630016" />
  <attribute name="Current GC Util" value="6" />
  <attribute name= "Current Time Running" value="5534" />
  <attribute name ="GC Interval" value="200" />
  <attribute name="ProportionalT" value="-14.000000" />
  <attribute name="ProportionalI" value="-14.000000" />
  <attribute name="ProportionalH" value="-14.000000" />
  <attribute name="Current Error" value="-14.000000" />
  <attribute name="IntegralT" value="-154.000000" />
  <attribute name="IntegralI" value="-154.000000" />
  <attribute name="IntegralH" value="-154.000000" />
  <attribute name="DerivativeT" value="-0.636364" />
  <attribute name="DerivativeI" value="-0.636364" />
  <attribute name="DerivativeH" value="-0.636364" />
  <attribute name="Loop Time for DT" value="11.000000" />
  <attribute name="Output H" value="2092630016"/>
  <attribute name="Output I" value="200"/>
  <attribute name="Output T" value="4"/>
  <attribute name="Target GC Util Change" value ="20.000000" />
  <attribute name="Current GC Util Change" value="6.000000"/>
  <attribute name="GC Util currently" value="6" />
  <attribute name="CPU Util currently" value="404883587927" />
<allocation-satisfied id="884" threadId="0000000001858700" bytesRequested="32784" />
<af-end id="885" timestamp="2019-06-16T17:34:00.901" threadId="0000000001859088" success="true" from="nursery"/>
<exclusive-end id="886" timestamp="2019-06-16T17:34:00.901" durationms="1.145" />

<exclusive-start id="887" timestamp="2019-06-16T17:34:00.911" intervalms="11.289">
  <response-info timems="0.062" idlems="0.062" threads="0" lastid="0000000001858700" lastname="main" />
</exclusive-start>
<af-start id="888" threadId="0000000001859088" totalBytesRequested="32784" timestamp="2019-06-16T17:34:00.911" intervalms="11.298" type="nursery" />
<cycle-start id="889" type="scavenge" contextid="0" timestamp="2019-06-16T17:34:00.911" intervalms="11.297" />
<gc-start id="890" type="scavenge" contextid="889" timestamp="2019-06-16T17:34:00.911">
  <mem-info id="891" free="1980577456" total="1988427776" percent="99">
    <mem type="nursery" free="0" total="3145728" percent="0">
      <mem type="allocate" free="0" total="2818048" percent="0" />
      <mem type="survivor" free="0" total="327680" percent="0" />
    </mem>
    <mem type="tenure" free="1980577456" total="1985282048" percent="99">
      <mem type="soa" free="1881336496" total="1886018560" percent="99" />
      <mem type="loa" free="99240960" total="99263488" percent="99" />
    </mem>
    <remembered-set count="78" />
  </mem-info>
</gc-start>
<allocation-stats totalBytes="2702368" >
  <allocated-bytes non-tlh="32784" tlh="2669584" />
  <largest-consumer threadName="main" threadId="0000000001858700" bytes="2702368" />
</allocation-stats>
<gc-op id="892" type="scavenge" timems="0.365" contextid="889" timestamp="2019-06-16T17:34:00.912">
  <scavenger-info tenureage="3" tenuremask="fff8" tiltratio="89" />
  <memory-copied type="nursery" objects="17" bytes="65912" bytesdiscarded="45208" />
</gc-op>
<gc-end id="893" type="scavenge" contextid="889" durationms="0.635" usertimems="0.000" systemtimems="0.000" timestamp="2019-06-16T17:34:00.912" activeThreads="4">
  <mem-info id="894" free="1983284384" total="1988427776" percent="99">
    <mem type="nursery" free="2706928" total="3145728" percent="86">
      <mem type="allocate" free="2706928" total="2818048" percent="96" />
      <mem type="survivor" free="0" total="327680" percent="0" />
    </mem>
    <mem type="tenure" free="1980577456" total="1985282048" percent="99">
      <mem type="soa" free="1881336496" total="1886018560" percent="99" />
      <mem type="loa" free="99240960" total="99263488" percent="99" />
    </mem>
    <remembered-set count="78" />
  </mem-info>
</gc-end>
<cycle-end id="895" type="scavenge" contextid="889" timestamp="2019-06-16T17:34:00.912" />
  <attribute name="elasticGC enabled" value="1" />
  <attribute name= "numThreadsSpecified" value="4" />
  <attribute name="heapSize specified" value="2092630016" />
  <attribute name="Current GC Util" value="6" />
  <attribute name= "Current Time Running" value="5545" />
  <attribute name ="GC Interval" value="200" />
  <attribute name="ProportionalT" value="-14.000000" />
  <attribute name="ProportionalI" value="-14.000000" />
  <attribute name="ProportionalH" value="-14.000000" />
  <attribute name="Current Error" value="-14.000000" />
  <attribute name="IntegralT" value="-154.000000" />
  <attribute name="IntegralI" value="-154.000000" />
  <attribute name="IntegralH" value="-154.000000" />
  <attribute name="DerivativeT" value="-0.636364" />
  <attribute name="DerivativeI" value="-0.636364" />
  <attribute name="DerivativeH" value="-0.636364" />
  <attribute name="Loop Time for DT" value="11.000000" />
  <attribute name="Output H" value="2092630016"/>
  <attribute name="Output I" value="200"/>
  <attribute name="Output T" value="4"/>
  <attribute name="Target GC Util Change" value ="20.000000" />
  <attribute name="Current GC Util Change" value="6.000000"/>
  <attribute name="GC Util currently" value="6" />
  <attribute name="CPU Util currently" value="407854187477" />
<allocation-satisfied id="896" threadId="0000000001858700" bytesRequested="32784" />
<af-end id="897" timestamp="2019-06-16T17:34:00.912" threadId="0000000001859088" success="true" from="nursery"/>
<exclusive-end id="898" timestamp="2019-06-16T17:34:00.912" durationms="1.188" />

<exclusive-start id="899" timestamp="2019-06-16T17:34:00.922" intervalms="11.355">
  <response-info timems="0.067" idlems="0.067" threads="0" lastid="0000000001858700" lastname="main" />
</exclusive-start>
<af-start id="900" threadId="0000000001859088" totalBytesRequested="32784" timestamp="2019-06-16T17:34:00.923" intervalms="11.356" type="nursery" />
<cycle-start id="901" type="scavenge" contextid="0" timestamp="2019-06-16T17:34:00.923" intervalms="11.354" />
<gc-start id="902" type="scavenge" contextid="901" timestamp="2019-06-16T17:34:00.923">
  <mem-info id="903" free="1980577456" total="1988427776" percent="99">
    <mem type="nursery" free="0" total="3145728" percent="0">
      <mem type="allocate" free="0" total="2818048" percent="0" />
      <mem type="survivor" free="0" total="327680" percent="0" />
    </mem>
    <mem type="tenure" free="1980577456" total="1985282048" percent="99">
      <mem type="soa" free="1881336496" total="1886018560" percent="99" />
      <mem type="loa" free="99240960" total="99263488" percent="99" />
    </mem>
    <remembered-set count="78" />
  </mem-info>
</gc-start>
<allocation-stats totalBytes="2702368" >
  <allocated-bytes non-tlh="32784" tlh="2669584" />
  <largest-consumer threadName="main" threadId="0000000001858700" bytes="2702368" />
</allocation-stats>
<gc-op id="904" type="scavenge" timems="0.334" contextid="901" timestamp="2019-06-16T17:34:00.923">
  <scavenger-info tenureage="3" tenuremask="fff8" tiltratio="89" />
  <memory-copied type="nursery" objects="17" bytes="65912" bytesdiscarded="45208" />
</gc-op>
<gc-end id="905" type="scavenge" contextid="901" durationms="0.591" usertimems="0.000" systemtimems="0.000" timestamp="2019-06-16T17:34:00.923" activeThreads="4">
  <mem-info id="906" free="1983284384" total="1988427776" percent="99">
    <mem type="nursery" free="2706928" total="3145728" percent="86">
      <mem type="allocate" free="2706928" total="2818048" percent="96" />
      <mem type="survivor" free="0" total="327680" percent="0" />
    </mem>
    <mem type="tenure" free="1980577456" total="1985282048" percent="99">
      <mem type="soa" free="1881336496" total="1886018560" percent="99" />
      <mem type="loa" free="99240960" total="99263488" percent="99" />
    </mem>
    <remembered-set count="78" />
  </mem-info>
</gc-end>
<cycle-end id="907" type="scavenge" contextid="901" timestamp="2019-06-16T17:34:00.923" />
  <attribute name="elasticGC enabled" value="1" />
  <attribute name= "numThreadsSpecified" value="4" />
  <attribute name="heapSize specified" value="2092630016" />
  <attribute name="Current GC Util" value="6" />
  <attribute name= "Current Time Running" value="5557" />
  <attribute name ="GC Interval" value="200" />
  <attribute name="ProportionalT" value="-14.000000" />
  <attribute name="ProportionalI" value="-14.000000" />
  <attribute name="ProportionalH" value="-14.000000" />
  <attribute name="Current Error" value="-14.000000" />
  <attribute name="IntegralT" value="-168.000000" />
  <attribute name="IntegralI" value="-168.000000" />
  <attribute name="IntegralH" value="-168.000000" />
  <attribute name="DerivativeT" value="-0.583333" />
  <attribute name="DerivativeI" value="-0.583333" />
  <attribute name="DerivativeH" value="-0.583333" />
  <attribute name="Loop Time for DT" value="12.000000" />
  <attribute name="Output H" value="2092630016"/>
  <attribute name="Output I" value="200"/>
  <attribute name="Output T" value="4"/>
  <attribute name="Target GC Util Change" value ="20.000000" />
  <attribute name="Current GC Util Change" value="6.000000"/>
  <attribute name="GC Util currently" value="6" />
  <attribute name="CPU Util currently" value="406902820512" />
<allocation-satisfied id="908" threadId="0000000001858700" bytesRequested="32784" />
<af-end id="909" timestamp="2019-06-16T17:34:00.924" threadId="0000000001859088" success="true" from="nursery"/>
<exclusive-end id="910" timestamp="2019-06-16T17:34:00.924" durationms="1.169" />

</verbosegc>

