<?xml version="1.0" ?>

<verbosegc xmlns="http://www.ibm.com/j9/verbosegc" version="10b4217_CMPRSS">

<initialized id="1" timestamp="2019-06-16T17:53:20.657">
  <attribute name="gcPolicy" value="-Xgcpolicy:balanced" />
  <attribute name="elasticGC enabled" value="1" />
  <attribute name= "numThreadsSpecified" value="0" />
  <attribute name="heapSize specified" value="0" />
  <attribute name="Current GC Util" value="0" />
  <attribute name= "Current Time Running" value="0" />
  <attribute name ="GC Interval" value="0" />
  <attribute name="ProportionalT" value="0.000000" />
  <attribute name="ProportionalI" value="0.000000" />
  <attribute name="ProportionalH" value="0.000000" />
  <attribute name="IntegralT" value="0.000000" />
  <attribute name="IntegralI" value="0.000000" />
  <attribute name="IntegralH" value="0.000000" />
  <attribute name="DerivativeT" value="0.000000" />
  <attribute name="DerivativeI" value="0.000000" />
  <attribute name="DerivativeH" value="0.000000" />
  <attribute name="Target GC Util Change" value ="0.000000" />
  <attribute name="Current GC Util Change" value="0.000000"/>
  <attribute name="Current Error" value="0.000000" />
  <attribute name="Loop Time for DT" value="0.000000" />
  <attribute name="Output H" value="0"/>
  <attribute name="Output I" value="0"/>
  <attribute name="Output T" value="0"/>
  <attribute name="GC Util currently" value="0" />
  <attribute name="CPU Util currently" value="0" />
  <attribute name="maxHeapSize" value="0x7cb00000" />
  <attribute name="initialHeapSize" value="0x800000" />
  <attribute name="compressedRefs" value="true" />
  <attribute name="compressedRefsDisplacement" value="0x0" />
  <attribute name="compressedRefsShift" value="0x0" />
  <attribute name="pageSize" value="0x1000" />
  <attribute name="pageType" value="not used" />
  <attribute name="requestedPageSize" value="0x1000" />
  <attribute name="requestedPageType" value="not used" />
  <attribute name="gcthreads" value="4" />
  <attribute name="packetListSplit" value="4" />
  <attribute name="cacheListSplit" value="4" />
  <attribute name="splitFreeListSplitAmount" value="1" />
  <attribute name="numaNodes" value="0" />
  <region>
    <attribute name="regionSize" value="1048576" />
    <attribute name="regionCount" value="1995" />
    <attribute name="arrayletLeafSize" value="1048576" />
  </region>
  <system>
    <attribute name="physicalMemory" value="8370962432" />
    <attribute name="numCPUs" value="4" />
    <attribute name="architecture" value="amd64" />
    <attribute name="os" value="Linux" />
    <attribute name="osVersion" value="4.4.0-148-generic" />
  </system>
  <vmargs>
    <vmarg name="-Xoptionsfile=/vagrant/jdk/lib/options.default" />
    <vmarg name="-Xlockword:mode=default,noLockword=java/lang/String,noLockword=java/util/MapEntry,noLockword=java/util/HashMap$Entry,noLockword..." />
    <vmarg name="-Xjcl:jclse29" />
    <vmarg name="-Dcom.ibm.oti.vm.bootstrap.library.path=/vagrant/jdk/lib/compressedrefs:/vagrant/jdk/lib" />
    <vmarg name="-Dsun.boot.library.path=/vagrant/jdk/lib/compressedrefs:/vagrant/jdk/lib" />
    <vmarg name="-Djava.library.path=/vagrant/jdk/lib/compressedrefs:/vagrant/jdk/lib:/usr/lib64:/usr/lib" />
    <vmarg name="-Djava.home=/vagrant/jdk" />
    <vmarg name="-Duser.dir=/vagrant" />
    <vmarg name="-Xgcpolicy:balanced" />
    <vmarg name="-Xgcelastic" />
    <vmarg name="-Xcheck:gc:::elasticGC" />
    <vmarg name="-verbose:gc" />
    <vmarg name="-Xloggc:small-Balanced-jdk-1-1-0.5-verbose10xalan.txt" />
    <vmarg name="-Djava.class.path=dacapo-9.12-MR1-bach.jar" />
    <vmarg name="-Dsun.java.command=dacapo-9.12-MR1-bach.jar xalan --size=small" />
    <vmarg name="-Dsun.java.launcher=SUN_STANDARD" />
    <vmarg name="-Dsun.java.launcher.pid=17004" />
  </vmargs>
</initialized>

<exclusive-start id="2" timestamp="2019-06-16T17:53:21.236" intervalms="578.761">
  <response-info timems="0.048" idlems="0.048" threads="0" lastid="0000000001044700" lastname="main" />
</exclusive-start>
<allocation-taxation id="3" taxation-threshold="8388608" timestamp="2019-06-16T17:53:21.236" intervalms="578.988" />
<cycle-start id="4" type="partial gc" contextid="0" timestamp="2019-06-16T17:53:21.237" intervalms="579.259" />
<gc-start id="5" type="partial gc" contextid="4" timestamp="2019-06-16T17:53:21.237">
  <mem-info id="6" free="0" total="8388608" percent="0">
    <mem type="eden" free="80" total="8388608" percent="0" />
    <remembered-set count="0" freebytes="334848" totalbytes="334848" percent="100" regionsoverflowed="0" regionsstable="0" regionsrebuilding="0"/>
  </mem-info>
</gc-start>
<allocation-stats totalBytes="8378064" >
  <allocated-bytes non-tlh="706664" tlh="7671400" arrayletleaf="0"/>
  <largest-consumer threadName="main" threadId="0000000001044700" bytes="8301824" />
</allocation-stats>
<gc-op id="7" type="mark" timems="2.802" contextid="4" timestamp="2019-06-16T17:53:21.241">
  <trace-info objectcount="21834" scancount="17124" scanbytes="570176" />
  <remembered-set-cleared processed="0" cleared="0" durationms="0.090" />
  <finalization candidates="15" enqueued="1" />
  <references type="soft" candidates="74" cleared="0" enqueued="0" dynamicThreshold="32" maxThreshold="32" />
  <references type="weak" candidates="580" cleared="437" enqueued="398" />
  <references type="phantom" candidates="127" cleared="44" enqueued="44" />
  <stringconstants candidates="2981" cleared="0"  />
  <warning details="Mark for calibration purposes" />
</gc-op>
<gc-op id="8" type="classunload" timems="0.045" contextid="4" timestamp="2019-06-16T17:53:21.241">
  <classunload-info classloadercandidates="6" classloadersunloaded="0" classesunloaded="0" anonymousclassesunloaded="0" quiescems="0.000" setupms="0.045" scanms="0.000" postms="0.000" />
</gc-op>
<gc-op id="9" type="sweep" timems="2.035" contextid="4" timestamp="2019-06-16T17:53:21.243" />
<gc-op id="10" type="compact" timems="5.680" contextid="4" timestamp="2019-06-16T17:53:21.249">
  <compact-info movecount="21802" movebytes="1517136" />
  <remembered-set-cleared processed="0" cleared="0" durationms="0.090" />
</gc-op>
<gc-end id="11" type="partial gc" contextid="4" durationms="12.937" usertimems="12.000" systemtimems="0.000" timestamp="2019-06-16T17:53:21.250" activeThreads="4">
  <mem-info id="12" free="6291456" total="8388608" percent="75">
    <mem type="eden" free="577128" total="2097152" percent="27" />
    <pending-finalizers system="1" default="0" reference="442" classloader="0" />
    <remembered-set count="2048" freebytes="326656" totalbytes="334848" percent="97" regionsoverflowed="0" regionsstable="0" regionsrebuilding="0"/>
  </mem-info>
</gc-end>
<cycle-end id="13" type="partial gc" contextid="4" timestamp="2019-06-16T17:53:21.250" />
  <attribute name="elasticGC enabled" value="1" />
  <attribute name= "numThreadsSpecified" value="4" />
  <attribute name="heapSize specified" value="0" />
  <attribute name="Current GC Util" value="76" />
  <attribute name= "Current Time Running" value="470" />
  <attribute name ="GC Interval" value="0" />
  <attribute name="ProportionalT" value="56.000000" />
  <attribute name="ProportionalI" value="56.000000" />
  <attribute name="ProportionalH" value="56.000000" />
  <attribute name="Current Error" value="56.000000" />
  <attribute name="IntegralT" value="-9172.000000" />
  <attribute name="IntegralI" value="-9172.000000" />
  <attribute name="IntegralH" value="-9172.000000" />
  <attribute name="DerivativeT" value="9.333333" />
  <attribute name="DerivativeI" value="9.333333" />
  <attribute name="DerivativeH" value="9.333333" />
  <attribute name="Loop Time for DT" value="3.000000" />
  <attribute name="Output H" value="2091843584"/>
  <attribute name="Output I" value="200"/>
  <attribute name="Output T" value="4"/>
  <attribute name="Target GC Util Change" value ="20.000000" />
  <attribute name="Current GC Util Change" value="76.000000"/>
  <attribute name="GC Util currently" value="76" />
  <attribute name="CPU Util currently" value="1947934410444" />
<exclusive-end id="14" timestamp="2019-06-16T17:53:21.250" durationms="14.100" />

<exclusive-start id="15" timestamp="2019-06-16T17:53:21.440" intervalms="204.053">
  <response-info timems="0.122" idlems="0.122" threads="0" lastid="0000000001044700" lastname="main" />
</exclusive-start>
<sys-start reason="explicit" id="16" timestamp="2019-06-16T17:53:21.440" intervalms="782.937" />
<cycle-start id="17" type="global garbage collect" contextid="0" timestamp="2019-06-16T17:53:21.441" intervalms="783.522" />
<gc-start id="18" type="global garbage collect" contextid="17" timestamp="2019-06-16T17:53:21.441">
  <mem-info id="19" free="639416" total="8388608" percent="7">
    <mem type="eden" free="639416" total="6291456" percent="10" />
    <remembered-set count="2048" freebytes="326656" totalbytes="334848" percent="97" regionsoverflowed="0" regionsstable="0" regionsrebuilding="0"/>
  </mem-info>
</gc-start>
<allocation-stats totalBytes="5616264" >
  <allocated-bytes non-tlh="192896" tlh="5423368" arrayletleaf="0"/>
  <largest-consumer threadName="main" threadId="0000000001044700" bytes="5587856" />
</allocation-stats>
<gc-op id="20" type="global mark" timems="2.393" contextid="17" timestamp="2019-06-16T17:53:21.444">
  <trace-info objectcount="29698" scancount="23267" scanbytes="871968" />
  <finalization candidates="15" enqueued="0" />
  <references type="soft" candidates="133" cleared="0" enqueued="0" dynamicThreshold="24" maxThreshold="32" />
  <references type="weak" candidates="175" cleared="28" enqueued="28" />
  <references type="phantom" candidates="85" cleared="2" enqueued="2" />
  <stringconstants candidates="3535" cleared="22"  />
</gc-op>
<gc-op id="21" type="classunload" timems="0.002" contextid="17" timestamp="2019-06-16T17:53:21.444">
  <classunload-info classloadercandidates="19" classloadersunloaded="0" classesunloaded="0" anonymousclassesunloaded="0" quiescems="0.000" setupms="0.002" scanms="0.000" postms="0.000" />
</gc-op>
<gc-op id="22" type="sweep" timems="0.318" contextid="17" timestamp="2019-06-16T17:53:21.444" />
<gc-op id="23" type="compact" timems="3.426" contextid="17" timestamp="2019-06-16T17:53:21.448">
  <compact-info movecount="29651" movebytes="1960600" />
  <remembered-set-cleared processed="9231" cleared="9231" durationms="0.070" />
</gc-op>
<gc-end id="24" type="global garbage collect" contextid="17" durationms="7.167" usertimems="4.000" systemtimems="4.000" timestamp="2019-06-16T17:53:21.448" activeThreads="4">
  <mem-info id="25" free="5242880" total="8388608" percent="62">
    <pending-finalizers system="0" default="0" reference="30" classloader="0" />
    <remembered-set count="3072" freebytes="322560" totalbytes="334848" percent="96" regionsoverflowed="0" regionsstable="0" regionsrebuilding="0"/>
  </mem-info>
</gc-end>
<cycle-end id="26" type="global garbage collect" contextid="17" timestamp="2019-06-16T17:53:21.448" />
  <attribute name="elasticGC enabled" value="1" />
  <attribute name= "numThreadsSpecified" value="4" />
  <attribute name="heapSize specified" value="0" />
  <attribute name="Current GC Util" value="23" />
  <attribute name= "Current Time Running" value="671" />
  <attribute name ="GC Interval" value="0" />
  <attribute name="ProportionalT" value="3.000000" />
  <attribute name="ProportionalI" value="3.000000" />
  <attribute name="ProportionalH" value="3.000000" />
  <attribute name="Current Error" value="3.000000" />
  <attribute name="IntegralT" value="3.000000" />
  <attribute name="IntegralI" value="3.000000" />
  <attribute name="IntegralH" value="3.000000" />
  <attribute name="DerivativeT" value="-57.500000" />
  <attribute name="DerivativeI" value="-57.500000" />
  <attribute name="DerivativeH" value="-57.500000" />
  <attribute name="Loop Time for DT" value="1.000000" />
  <attribute name="Output H" value="2091843584"/>
  <attribute name="Output I" value="200"/>
  <attribute name="Output T" value="4"/>
  <attribute name="Target GC Util Change" value ="20.000000" />
  <attribute name="Current GC Util Change" value="23.000000"/>
  <attribute name="GC Util currently" value="23" />
  <attribute name="CPU Util currently" value="7557031480513" />
<sys-end id="27" timestamp="2019-06-16T17:53:21.449" />
<exclusive-end id="28" timestamp="2019-06-16T17:53:21.449" durationms="8.582" />

<exclusive-start id="29" timestamp="2019-06-16T17:53:21.616" intervalms="175.546">
  <response-info timems="0.045" idlems="0.045" threads="0" lastid="0000000001379500" lastname="Thread-4" />
</exclusive-start>
<allocation-taxation id="30" taxation-threshold="5242880" timestamp="2019-06-16T17:53:21.616" intervalms="379.469" />
<cycle-start id="31" type="partial gc" contextid="0" timestamp="2019-06-16T17:53:21.616" intervalms="379.275" />
<gc-start id="32" type="partial gc" contextid="31" timestamp="2019-06-16T17:53:21.616">
  <mem-info id="33" free="0" total="8388608" percent="0">
    <mem type="eden" free="0" total="5242880" percent="0" />
    <remembered-set count="2720" freebytes="323968" totalbytes="334848" percent="96" regionsoverflowed="0" regionsstable="0" regionsrebuilding="0"/>
  </mem-info>
</gc-start>
<allocation-stats totalBytes="5196368" >
  <allocated-bytes non-tlh="329368" tlh="4867000" arrayletleaf="0"/>
  <largest-consumer threadName="Thread-6" threadId="0000000001380D00" bytes="1705728" />
</allocation-stats>
<gc-op id="34" type="mark" timems="1.678" contextid="31" timestamp="2019-06-16T17:53:21.618">
  <trace-info objectcount="9841" scancount="7664" scanbytes="733636" />
  <cardclean-info objects="1200" bytes="53332" />
  <remembered-set-cleared processed="1983" cleared="166" durationms="0.065" />
  <finalization candidates="10" enqueued="0" />
  <references type="soft" candidates="31" cleared="0" enqueued="0" dynamicThreshold="20" maxThreshold="32" />
  <references type="weak" candidates="144" cleared="28" enqueued="27" />
  <references type="phantom" candidates="11" cleared="0" enqueued="0" />
  <stringconstants candidates="3937" cleared="0"  />
  <warning details="Mark invoked due to insufficient free space for Copy-Forward" />
</gc-op>
<gc-op id="35" type="classunload" timems="0.240" contextid="31" timestamp="2019-06-16T17:53:21.619">
  <classunload-info classloadercandidates="19" classloadersunloaded="0" classesunloaded="4" anonymousclassesunloaded="4" quiescems="0.000" setupms="0.233" scanms="0.004" postms="0.003" />
</gc-op>
<gc-op id="36" type="sweep" timems="0.419" contextid="31" timestamp="2019-06-16T17:53:21.619" />
<gc-op id="37" type="compact" timems="2.407" contextid="31" timestamp="2019-06-16T17:53:21.622">
  <compact-info movecount="9829" movebytes="1291864" />
  <remembered-set-cleared processed="5317" cleared="1642" durationms="0.067" />
</gc-op>
<heap-resize id="38" type="expand" space="default" amount="1048576" count="1" timems="0.056" reason="insufficient free space following gc" timestamp="2019-06-16T17:53:21.622" />
<gc-end id="39" type="partial gc" contextid="31" durationms="6.140" usertimems="8.000" systemtimems="0.000" timestamp="2019-06-16T17:53:21.622" activeThreads="4">
  <mem-info id="40" free="4194304" total="9437184" percent="44">
    <mem type="eden" free="798120" total="2097152" percent="38" />
    <pending-finalizers system="0" default="0" reference="27" classloader="0" />
    <remembered-set count="4032" freebytes="360576" totalbytes="376704" percent="95" regionsoverflowed="0" regionsstable="0" regionsrebuilding="0"/>
  </mem-info>
</gc-end>
<cycle-end id="41" type="partial gc" contextid="31" timestamp="2019-06-16T17:53:21.622" />
  <attribute name="elasticGC enabled" value="1" />
  <attribute name= "numThreadsSpecified" value="4" />
  <attribute name="heapSize specified" value="0" />
  <attribute name="Current GC Util" value="27" />
  <attribute name= "Current Time Running" value="846" />
  <attribute name ="GC Interval" value="0" />
  <attribute name="ProportionalT" value="7.000000" />
  <attribute name="ProportionalI" value="7.000000" />
  <attribute name="ProportionalH" value="7.000000" />
  <attribute name="Current Error" value="7.000000" />
  <attribute name="IntegralT" value="7.000000" />
  <attribute name="IntegralI" value="7.000000" />
  <attribute name="IntegralH" value="7.000000" />
  <attribute name="DerivativeT" value="-35.000000" />
  <attribute name="DerivativeI" value="-35.000000" />
  <attribute name="DerivativeH" value="-35.000000" />
  <attribute name="Loop Time for DT" value="1.000000" />
  <attribute name="Output H" value="2091843584"/>
  <attribute name="Output I" value="200"/>
  <attribute name="Output T" value="4"/>
  <attribute name="Target GC Util Change" value ="20.000000" />
  <attribute name="Current GC Util Change" value="27.000000"/>
  <attribute name="GC Util currently" value="27" />
  <attribute name="CPU Util currently" value="6856822151862" />
<exclusive-end id="42" timestamp="2019-06-16T17:53:21.623" durationms="6.910" />

<exclusive-start id="43" timestamp="2019-06-16T17:53:21.697" intervalms="81.322">
  <response-info timems="0.031" idlems="0.031" threads="0" lastid="000000000137D100" lastname="Thread-5" />
</exclusive-start>
<allocation-taxation id="44" taxation-threshold="2097152" timestamp="2019-06-16T17:53:21.697" intervalms="81.298" />
<cycle-start id="45" type="global mark phase" contextid="0" timestamp="2019-06-16T17:53:21.697" intervalms="1039.818" />
<gc-start id="46" type="global mark phase" contextid="45" timestamp="2019-06-16T17:53:21.697">
  <mem-info id="47" free="2097152" total="9437184" percent="22">
    <remembered-set count="4032" freebytes="360576" totalbytes="376704" percent="95" regionsoverflowed="0" regionsstable="0" regionsrebuilding="0"/>
  </mem-info>
</gc-start>
<gc-op id="48" type="mark increment" timems="0.588" contextid="45" timestamp="2019-06-16T17:53:21.698">
  <trace-info objectcount="206" scancount="0" scanbytes="0" />
</gc-op>
<gc-end id="49" type="global mark phase" contextid="45" durationms="0.709" usertimems="0.000" systemtimems="0.000" timestamp="2019-06-16T17:53:21.698" activeThreads="1">
  <mem-info id="50" free="2097152" total="9437184" percent="22">
    <remembered-set count="4032" freebytes="360576" totalbytes="376704" percent="95" regionsoverflowed="0" regionsstable="0" regionsrebuilding="0"/>
  </mem-info>
</gc-end>
<concurrent-start id="51" type="GMP work packet processing" contextid="45" timestamp="2019-06-16T17:53:21.698">
  <concurrent-mark-start scanTarget="18446744073709551615" />
</concurrent-start>
<exclusive-end id="52" timestamp="2019-06-16T17:53:21.698" durationms="1.053" />

<concurrent-end id="53" type="GMP work packet processing" contextid="45" timestamp="2019-06-16T17:53:21.701">
  <concurrent-mark-end bytesScanned="1529264" reasonForTermination="Completed all work in GC phase" />
</concurrent-end>

<exclusive-start id="54" timestamp="2019-06-16T17:53:21.728" intervalms="30.935">
  <response-info timems="0.028" idlems="0.028" threads="0" lastid="000000000137D100" lastname="Thread-5" />
</exclusive-start>
<allocation-taxation id="55" taxation-threshold="2097152" timestamp="2019-06-16T17:53:21.728" intervalms="30.930" />
<cycle-start id="56" type="partial gc" contextid="0" timestamp="2019-06-16T17:53:21.728" intervalms="112.214" />
<gc-start id="57" type="partial gc" contextid="56" timestamp="2019-06-16T17:53:21.728">
  <mem-info id="58" free="0" total="9437184" percent="0">
    <mem type="eden" free="0" total="4194304" percent="0" />
    <remembered-set count="4032" freebytes="360576" totalbytes="376704" percent="95" regionsoverflowed="0" regionsstable="0" regionsrebuilding="0"/>
  </mem-info>
</gc-start>
<allocation-stats totalBytes="4083456" >
  <allocated-bytes non-tlh="18016" tlh="4065440" arrayletleaf="0"/>
  <largest-consumer threadName="Thread-3" threadId="0000000001375900" bytes="876008" />
</allocation-stats>
<gc-op id="59" type="mark" timems="1.442" contextid="56" timestamp="2019-06-16T17:53:21.730">
  <trace-info objectcount="9837" scancount="7539" scanbytes="665996" />
  <cardclean-info objects="1011" bytes="54464" />
  <remembered-set-cleared processed="2692" cleared="930" durationms="0.068" />
  <finalization candidates="10" enqueued="0" />
  <references type="soft" candidates="31" cleared="0" enqueued="0" dynamicThreshold="7" maxThreshold="32" />
  <references type="weak" candidates="118" cleared="1" enqueued="1" />
  <references type="phantom" candidates="13" cleared="0" enqueued="0" />
  <stringconstants candidates="3960" cleared="0"  />
  <warning details="Mark invoked due to insufficient free space for Copy-Forward" />
</gc-op>
<gc-op id="60" type="classunload" timems="0.002" contextid="56" timestamp="2019-06-16T17:53:21.730">
  <classunload-info classloadercandidates="20" classloadersunloaded="0" classesunloaded="0" anonymousclassesunloaded="0" quiescems="0.000" setupms="0.002" scanms="0.000" postms="0.000" />
</gc-op>
<gc-op id="61" type="sweep" timems="0.360" contextid="56" timestamp="2019-06-16T17:53:21.731" />
<gc-op id="62" type="compact" timems="2.193" contextid="56" timestamp="2019-06-16T17:53:21.733">
  <compact-info movecount="9791" movebytes="1196984" />
  <remembered-set-cleared processed="6025" cleared="2496" durationms="0.068" />
</gc-op>
<heap-resize id="63" type="expand" space="default" amount="2097152" count="1" timems="0.062" reason="insufficient free space following gc" timestamp="2019-06-16T17:53:21.734" />
<gc-end id="64" type="partial gc" contextid="56" durationms="5.413" usertimems="4.000" systemtimems="0.000" timestamp="2019-06-16T17:53:21.734" activeThreads="1">
  <mem-info id="65" free="6291456" total="11534336" percent="54">
    <mem type="eden" free="260432" total="1048576" percent="24" />
    <pending-finalizers system="0" default="0" reference="1" classloader="0" />
    <remembered-set count="4448" freebytes="442624" totalbytes="460416" percent="96" regionsoverflowed="0" regionsstable="0" regionsrebuilding="0"/>
  </mem-info>
</gc-end>
<cycle-end id="66" type="partial gc" contextid="56" timestamp="2019-06-16T17:53:21.734" />
  <attribute name="elasticGC enabled" value="1" />
  <attribute name= "numThreadsSpecified" value="1" />
  <attribute name="heapSize specified" value="0" />
  <attribute name="Current GC Util" value="23" />
  <attribute name= "Current Time Running" value="957" />
  <attribute name ="GC Interval" value="0" />
  <attribute name="ProportionalT" value="3.000000" />
  <attribute name="ProportionalI" value="3.000000" />
  <attribute name="ProportionalH" value="3.000000" />
  <attribute name="Current Error" value="3.000000" />
  <attribute name="IntegralT" value="0.000000" />
  <attribute name="IntegralI" value="0.000000" />
  <attribute name="IntegralH" value="0.000000" />
  <attribute name="DerivativeT" value="inf" />
  <attribute name="DerivativeI" value="inf" />
  <attribute name="DerivativeH" value="inf" />
  <attribute name="Loop Time for DT" value="0.000000" />
  <attribute name="Output H" value="8388608"/>
  <attribute name="Output I" value="200"/>
  <attribute name="Output T" value="1"/>
  <attribute name="Target GC Util Change" value ="20.000000" />
  <attribute name="Current GC Util Change" value="23.000000"/>
  <attribute name="GC Util currently" value="23" />
  <attribute name="CPU Util currently" value="7321263778232" />
<exclusive-end id="67" timestamp="2019-06-16T17:53:21.734" durationms="6.193" />

<exclusive-start id="68" timestamp="2019-06-16T17:53:21.773" intervalms="45.419">
  <response-info timems="0.042" idlems="0.023" threads="1" lastid="0000000001379500" lastname="Thread-4" />
</exclusive-start>
<allocation-taxation id="69" taxation-threshold="3145728" timestamp="2019-06-16T17:53:21.774" intervalms="45.415" />
<gc-start id="70" type="global mark phase" contextid="45" timestamp="2019-06-16T17:53:21.774">
  <mem-info id="71" free="3145728" total="11534336" percent="27">
    <remembered-set count="4256" freebytes="443392" totalbytes="460416" percent="96" regionsoverflowed="0" regionsstable="0" regionsrebuilding="0"/>
  </mem-info>
</gc-start>
<gc-op id="72" type="mark increment" timems="1.832" contextid="45" timestamp="2019-06-16T17:53:21.775">
  <trace-info objectcount="10576" scancount="8073" scanbytes="754052" />
  <cardclean-info objects="1694" bytes="82376" />
  <finalization candidates="25" enqueued="0" />
  <references type="soft" candidates="164" cleared="0" enqueued="0" dynamicThreshold="17" maxThreshold="32" />
  <references type="weak" candidates="263" cleared="0" enqueued="0" />
  <references type="phantom" candidates="95" cleared="2" enqueued="2" />
  <stringconstants candidates="3962" cleared="0"  />
</gc-op>
<gc-op id="73" type="classunload" timems="0.002" contextid="45" timestamp="2019-06-16T17:53:21.776">
  <classunload-info classloadercandidates="20" classloadersunloaded="0" classesunloaded="0" anonymousclassesunloaded="0" quiescems="0.000" setupms="0.002" scanms="0.000" postms="0.000" />
</gc-op>
<gc-end id="74" type="global mark phase" contextid="45" durationms="2.135" usertimems="0.000" systemtimems="0.000" timestamp="2019-06-16T17:53:21.776" activeThreads="4">
  <mem-info id="75" free="3145728" total="11534336" percent="27">
    <pending-finalizers system="0" default="0" reference="2" classloader="0" />
    <remembered-set count="4256" freebytes="443392" totalbytes="460416" percent="96" regionsoverflowed="0" regionsstable="0" regionsrebuilding="0"/>
  </mem-info>
</gc-end>
<cycle-end id="76" type="global mark phase" contextid="45" timestamp="2019-06-16T17:53:21.776" />
  <attribute name="elasticGC enabled" value="1" />
  <attribute name= "numThreadsSpecified" value="4" />
  <attribute name="heapSize specified" value="0" />
  <attribute name="Current GC Util" value="0" />
  <attribute name= "Current Time Running" value="1001" />
  <attribute name ="GC Interval" value="0" />
  <attribute name="ProportionalT" value="-20.000000" />
  <attribute name="ProportionalI" value="-20.000000" />
  <attribute name="ProportionalH" value="-20.000000" />
  <attribute name="Current Error" value="-20.000000" />
  <attribute name="IntegralT" value="-20.000000" />
  <attribute name="IntegralI" value="-20.000000" />
  <attribute name="IntegralH" value="-20.000000" />
  <attribute name="DerivativeT" value="-42.000000" />
  <attribute name="DerivativeI" value="-42.000000" />
  <attribute name="DerivativeH" value="-42.000000" />
  <attribute name="Loop Time for DT" value="1.000000" />
  <attribute name="Output H" value="2091843584"/>
  <attribute name="Output I" value="200"/>
  <attribute name="Output T" value="4"/>
  <attribute name="Target GC Util Change" value ="20.000000" />
  <attribute name="Current GC Util Change" value="0.000000"/>
  <attribute name="GC Util currently" value="0" />
  <attribute name="CPU Util currently" value="6490825409350" />
<exclusive-end id="77" timestamp="2019-06-16T17:53:21.776" durationms="2.593" />

<exclusive-start id="78" timestamp="2019-06-16T17:53:21.840" intervalms="66.720">
  <response-info timems="0.030" idlems="0.030" threads="0" lastid="0000000001379500" lastname="Thread-4" />
</exclusive-start>
<allocation-taxation id="79" taxation-threshold="3145728" timestamp="2019-06-16T17:53:21.840" intervalms="66.727" />
<cycle-start id="80" type="partial gc" contextid="0" timestamp="2019-06-16T17:53:21.840" intervalms="112.141" />
<gc-start id="81" type="partial gc" contextid="80" timestamp="2019-06-16T17:53:21.841">
  <mem-info id="82" free="0" total="11534336" percent="0">
    <mem type="eden" free="0" total="6291456" percent="0" />
    <remembered-set count="4256" freebytes="443392" totalbytes="460416" percent="96" regionsoverflowed="0" regionsstable="0" regionsrebuilding="0"/>
  </mem-info>
</gc-start>
<allocation-stats totalBytes="6207048" >
  <allocated-bytes non-tlh="8304" tlh="6198744" arrayletleaf="0"/>
  <largest-consumer threadName="Thread-3" threadId="0000000001375900" bytes="1392536" />
</allocation-stats>
<gc-op id="83" type="sweep" timems="0.523" contextid="80" timestamp="2019-06-16T17:53:21.841" />
<gc-op id="84" type="mark" timems="1.161" contextid="80" timestamp="2019-06-16T17:53:21.843">
  <trace-info objectcount="2463" scancount="1965" scanbytes="374008" />
  <cardclean-info objects="1147" bytes="55916" />
  <remembered-set-cleared processed="2933" cleared="697" durationms="0.070" />
  <stringconstants candidates="3963" cleared="0"  />
  <warning details="Mark invoked due to insufficient free space for Copy-Forward" />
</gc-op>
<gc-op id="85" type="classunload" timems="0.002" contextid="80" timestamp="2019-06-16T17:53:21.843">
  <classunload-info classloadercandidates="20" classloadersunloaded="0" classesunloaded="0" anonymousclassesunloaded="0" quiescems="0.000" setupms="0.002" scanms="0.000" postms="0.000" />
</gc-op>
<gc-op id="86" type="sweep" timems="0.331" contextid="80" timestamp="2019-06-16T17:53:21.843" />
<gc-op id="87" type="compact" timems="1.283" contextid="80" timestamp="2019-06-16T17:53:21.845">
  <compact-info movecount="2463" movebytes="814872" />
  <remembered-set-cleared processed="6134" cleared="1577" durationms="0.070" />
</gc-op>
<heap-resize id="88" type="expand" space="default" amount="1048576" count="1" timems="0.054" reason="insufficient free space following gc" timestamp="2019-06-16T17:53:21.845" />
<gc-end id="89" type="partial gc" contextid="80" durationms="4.737" usertimems="8.000" systemtimems="0.000" timestamp="2019-06-16T17:53:21.845" activeThreads="4">
  <mem-info id="90" free="6291456" total="12582912" percent="50">
    <mem type="eden" free="276440" total="1048576" percent="26" />
    <remembered-set count="4576" freebytes="483968" totalbytes="502272" percent="96" regionsoverflowed="0" regionsstable="0" regionsrebuilding="0"/>
  </mem-info>
</gc-end>
<cycle-end id="91" type="partial gc" contextid="80" timestamp="2019-06-16T17:53:21.845" />
  <attribute name="elasticGC enabled" value="1" />
  <attribute name= "numThreadsSpecified" value="4" />
  <attribute name="heapSize specified" value="0" />
  <attribute name="Current GC Util" value="24" />
  <attribute name= "Current Time Running" value="1070" />
  <attribute name ="GC Interval" value="0" />
  <attribute name="ProportionalT" value="4.000000" />
  <attribute name="ProportionalI" value="4.000000" />
  <attribute name="ProportionalH" value="4.000000" />
  <attribute name="Current Error" value="4.000000" />
  <attribute name="IntegralT" value="4.000000" />
  <attribute name="IntegralI" value="4.000000" />
  <attribute name="IntegralH" value="4.000000" />
  <attribute name="DerivativeT" value="-42.500000" />
  <attribute name="DerivativeI" value="-42.500000" />
  <attribute name="DerivativeH" value="-42.500000" />
  <attribute name="Loop Time for DT" value="1.000000" />
  <attribute name="Output H" value="2091843584"/>
  <attribute name="Output I" value="200"/>
  <attribute name="Output T" value="4"/>
  <attribute name="Target GC Util Change" value ="20.000000" />
  <attribute name="Current GC Util Change" value="24.000000"/>
  <attribute name="GC Util currently" value="24" />
  <attribute name="CPU Util currently" value="7903949874484" />
<exclusive-end id="92" timestamp="2019-06-16T17:53:21.846" durationms="5.536" />

<exclusive-start id="93" timestamp="2019-06-16T17:53:21.928" intervalms="88.132">
  <response-info timems="0.078" idlems="0.037" threads="2" lastid="0000000001379500" lastname="Thread-4" />
</exclusive-start>
<allocation-taxation id="94" taxation-threshold="6291456" timestamp="2019-06-16T17:53:21.928" intervalms="88.143" />
<cycle-start id="95" type="partial gc" contextid="0" timestamp="2019-06-16T17:53:21.929" intervalms="88.306" />
<gc-start id="96" type="partial gc" contextid="95" timestamp="2019-06-16T17:53:21.929">
  <mem-info id="97" free="0" total="12582912" percent="0">
    <mem type="eden" free="0" total="6291456" percent="0" />
    <remembered-set count="4416" freebytes="484608" totalbytes="502272" percent="96" regionsoverflowed="0" regionsstable="0" regionsrebuilding="0"/>
  </mem-info>
</gc-start>
<allocation-stats totalBytes="6242008" >
  <allocated-bytes non-tlh="0" tlh="6242008" arrayletleaf="0"/>
  <largest-consumer threadName="Thread-6" threadId="0000000001380D00" bytes="2358064" />
</allocation-stats>
<gc-op id="98" type="mark" timems="0.871" contextid="95" timestamp="2019-06-16T17:53:21.930">
  <trace-info objectcount="2169" scancount="1753" scanbytes="442904" />
  <cardclean-info objects="1095" bytes="70288" />
  <remembered-set-cleared processed="3119" cleared="607" durationms="0.078" />
  <stringconstants candidates="3963" cleared="0"  />
  <warning details="Mark invoked due to insufficient free space for Copy-Forward" />
</gc-op>
<gc-op id="99" type="classunload" timems="0.002" contextid="95" timestamp="2019-06-16T17:53:21.930">
  <classunload-info classloadercandidates="20" classloadersunloaded="0" classesunloaded="0" anonymousclassesunloaded="0" quiescems="0.000" setupms="0.001" scanms="0.000" postms="0.000" />
</gc-op>
<gc-op id="100" type="sweep" timems="0.453" contextid="95" timestamp="2019-06-16T17:53:21.931" />
<gc-op id="101" type="compact" timems="2.058" contextid="95" timestamp="2019-06-16T17:53:21.933">
  <compact-info movecount="7409" movebytes="1192656" />
  <remembered-set-cleared processed="5551" cleared="2427" durationms="0.078" />
</gc-op>
<heap-resize id="102" type="expand" space="default" amount="1048576" count="1" timems="0.055" reason="insufficient free space following gc" timestamp="2019-06-16T17:53:21.933" />
<gc-end id="103" type="partial gc" contextid="95" durationms="4.775" usertimems="4.000" systemtimems="0.000" timestamp="2019-06-16T17:53:21.934" activeThreads="4">
  <mem-info id="104" free="6291456" total="13631488" percent="46">
    <mem type="eden" free="250672" total="1048576" percent="23" />
    <remembered-set count="4896" freebytes="524544" totalbytes="544128" percent="96" regionsoverflowed="0" regionsstable="0" regionsrebuilding="0"/>
  </mem-info>
</gc-end>
<cycle-end id="105" type="partial gc" contextid="95" timestamp="2019-06-16T17:53:21.934" />
  <attribute name="elasticGC enabled" value="1" />
  <attribute name= "numThreadsSpecified" value="4" />
  <attribute name="heapSize specified" value="0" />
  <attribute name="Current GC Util" value="24" />
  <attribute name= "Current Time Running" value="1157" />
  <attribute name ="GC Interval" value="0" />
  <attribute name="ProportionalT" value="4.000000" />
  <attribute name="ProportionalI" value="4.000000" />
  <attribute name="ProportionalH" value="4.000000" />
  <attribute name="Current Error" value="4.000000" />
  <attribute name="IntegralT" value="4.000000" />
  <attribute name="IntegralI" value="4.000000" />
  <attribute name="IntegralH" value="4.000000" />
  <attribute name="DerivativeT" value="2.000000" />
  <attribute name="DerivativeI" value="2.000000" />
  <attribute name="DerivativeH" value="2.000000" />
  <attribute name="Loop Time for DT" value="1.000000" />
  <attribute name="Output H" value="8388608"/>
  <attribute name="Output I" value="200"/>
  <attribute name="Output T" value="4"/>
  <attribute name="Target GC Util Change" value ="20.000000" />
  <attribute name="Current GC Util Change" value="24.000000"/>
  <attribute name="GC Util currently" value="24" />
  <attribute name="CPU Util currently" value="6846571162503" />
<exclusive-end id="106" timestamp="2019-06-16T17:53:21.934" durationms="5.650" />

<exclusive-start id="107" timestamp="2019-06-16T17:53:22.011" intervalms="82.557">
  <response-info timems="0.044" idlems="0.044" threads="0" lastid="0000000001375900" lastname="Thread-3" />
</exclusive-start>
<allocation-taxation id="108" taxation-threshold="6291456" timestamp="2019-06-16T17:53:22.011" intervalms="82.563" />
<cycle-start id="109" type="partial gc" contextid="0" timestamp="2019-06-16T17:53:22.011" intervalms="82.413" />
<gc-start id="110" type="partial gc" contextid="109" timestamp="2019-06-16T17:53:22.011">
  <mem-info id="111" free="0" total="13631488" percent="0">
    <mem type="eden" free="0" total="6291456" percent="0" />
    <remembered-set count="4768" freebytes="525056" totalbytes="544128" percent="96" regionsoverflowed="0" regionsstable="0" regionsrebuilding="0"/>
  </mem-info>
</gc-start>
<allocation-stats totalBytes="6235432" >
  <allocated-bytes non-tlh="0" tlh="6235432" arrayletleaf="0"/>
  <largest-consumer threadName="Thread-6" threadId="0000000001380D00" bytes="2234824" />
</allocation-stats>
<gc-op id="112" type="mark" timems="0.886" contextid="109" timestamp="2019-06-16T17:53:22.013">
  <trace-info objectcount="2182" scancount="1732" scanbytes="405900" />
  <cardclean-info objects="1129" bytes="90568" />
  <remembered-set-cleared processed="3080" cleared="627" durationms="0.080" />
  <references type="phantom" candidates="1" cleared="0" enqueued="0" />
  <stringconstants candidates="3963" cleared="0"  />
  <warning details="Mark invoked due to insufficient free space for Copy-Forward" />
</gc-op>
<gc-op id="113" type="classunload" timems="0.002" contextid="109" timestamp="2019-06-16T17:53:22.013">
  <classunload-info classloadercandidates="20" classloadersunloaded="0" classesunloaded="0" anonymousclassesunloaded="0" quiescems="0.000" setupms="0.001" scanms="0.000" postms="0.000" />
</gc-op>
<gc-op id="114" type="sweep" timems="0.431" contextid="109" timestamp="2019-06-16T17:53:22.013" />
<gc-op id="115" type="compact" timems="1.182" contextid="109" timestamp="2019-06-16T17:53:22.015">
  <compact-info movecount="2182" movebytes="872696" />
  <remembered-set-cleared processed="6360" cleared="1293" durationms="0.080" />
</gc-op>
<heap-resize id="116" type="expand" space="default" amount="2097152" count="1" timems="0.063" reason="insufficient free space following gc" timestamp="2019-06-16T17:53:22.015" />
<gc-end id="117" type="partial gc" contextid="109" durationms="3.804" usertimems="4.000" systemtimems="0.000" timestamp="2019-06-16T17:53:22.015" activeThreads="4">
  <mem-info id="118" free="7340032" total="15728640" percent="46">
    <mem type="eden" free="266784" total="1048576" percent="25" />
    <remembered-set count="4576" freebytes="609536" totalbytes="627840" percent="97" regionsoverflowed="0" regionsstable="0" regionsrebuilding="0"/>
  </mem-info>
</gc-end>
<cycle-end id="119" type="partial gc" contextid="109" timestamp="2019-06-16T17:53:22.015" />
  <attribute name="elasticGC enabled" value="1" />
  <attribute name= "numThreadsSpecified" value="4" />
  <attribute name="heapSize specified" value="0" />
  <attribute name="Current GC Util" value="27" />
  <attribute name= "Current Time Running" value="1240" />
  <attribute name ="GC Interval" value="0" />
  <attribute name="ProportionalT" value="7.000000" />
  <attribute name="ProportionalI" value="7.000000" />
  <attribute name="ProportionalH" value="7.000000" />
  <attribute name="Current Error" value="7.000000" />
  <attribute name="IntegralT" value="7.000000" />
  <attribute name="IntegralI" value="7.000000" />
  <attribute name="IntegralH" value="7.000000" />
  <attribute name="DerivativeT" value="3.500000" />
  <attribute name="DerivativeI" value="3.500000" />
  <attribute name="DerivativeH" value="3.500000" />
  <attribute name="Loop Time for DT" value="1.000000" />
  <attribute name="Output H" value="8388608"/>
  <attribute name="Output I" value="200"/>
  <attribute name="Output T" value="4"/>
  <attribute name="Target GC Util Change" value ="20.000000" />
  <attribute name="Current GC Util Change" value="27.000000"/>
  <attribute name="GC Util currently" value="27" />
  <attribute name="CPU Util currently" value="7281164966567" />
<exclusive-end id="120" timestamp="2019-06-16T17:53:22.015" durationms="4.590" />

<exclusive-start id="121" timestamp="2019-06-16T17:53:22.088" intervalms="77.508">
  <response-info timems="0.175" idlems="0.069" threads="2" lastid="000000000137D100" lastname="Thread-5" />
</exclusive-start>
<allocation-taxation id="122" taxation-threshold="7340032" timestamp="2019-06-16T17:53:22.088" intervalms="77.502" />
<cycle-start id="123" type="partial gc" contextid="0" timestamp="2019-06-16T17:53:22.089" intervalms="77.495" />
<gc-start id="124" type="partial gc" contextid="123" timestamp="2019-06-16T17:53:22.089">
  <mem-info id="125" free="0" total="15728640" percent="0">
    <mem type="eden" free="0" total="7340032" percent="0" />
    <remembered-set count="4576" freebytes="609536" totalbytes="627840" percent="97" regionsoverflowed="0" regionsstable="0" regionsrebuilding="0"/>
  </mem-info>
</gc-start>
<allocation-stats totalBytes="7330040" >
  <allocated-bytes non-tlh="24592" tlh="7305448" arrayletleaf="0"/>
  <largest-consumer threadName="Thread-6" threadId="0000000001380D00" bytes="3603512" />
</allocation-stats>
<gc-op id="126" type="mark" timems="0.940" contextid="123" timestamp="2019-06-16T17:53:22.090">
  <trace-info objectcount="2782" scancount="2206" scanbytes="458072" />
  <cardclean-info objects="1113" bytes="58200" />
  <remembered-set-cleared processed="3191" cleared="670" durationms="0.081" />
  <stringconstants candidates="3963" cleared="0"  />
  <warning details="Mark invoked due to insufficient free space for Copy-Forward" />
</gc-op>
<gc-op id="127" type="classunload" timems="0.002" contextid="123" timestamp="2019-06-16T17:53:22.090">
  <classunload-info classloadercandidates="20" classloadersunloaded="0" classesunloaded="0" anonymousclassesunloaded="0" quiescems="0.000" setupms="0.002" scanms="0.000" postms="0.000" />
</gc-op>
<gc-op id="128" type="sweep" timems="0.402" contextid="123" timestamp="2019-06-16T17:53:22.091" />
<gc-op id="129" type="compact" timems="1.226" contextid="123" timestamp="2019-06-16T17:53:22.092">
  <compact-info movecount="2782" movebytes="1074528" />
  <remembered-set-cleared processed="6692" cleared="1468" durationms="0.081" />
</gc-op>
<heap-resize id="130" type="expand" space="default" amount="1048576" count="1" timems="0.053" reason="insufficient free space following gc" timestamp="2019-06-16T17:53:22.092" />
<gc-end id="131" type="partial gc" contextid="123" durationms="3.843" usertimems="8.000" systemtimems="0.000" timestamp="2019-06-16T17:53:22.093" activeThreads="4">
  <mem-info id="132" free="7340032" total="16777216" percent="43">
    <mem type="eden" free="13872" total="1048576" percent="1" />
    <remembered-set count="4704" freebytes="650880" totalbytes="669696" percent="97" regionsoverflowed="0" regionsstable="0" regionsrebuilding="0"/>
  </mem-info>
</gc-end>
<cycle-end id="133" type="partial gc" contextid="123" timestamp="2019-06-16T17:53:22.093" />
  <attribute name="elasticGC enabled" value="1" />
  <attribute name= "numThreadsSpecified" value="4" />
  <attribute name="heapSize specified" value="0" />
  <attribute name="Current GC Util" value="29" />
  <attribute name= "Current Time Running" value="1317" />
  <attribute name ="GC Interval" value="0" />
  <attribute name="ProportionalT" value="9.000000" />
  <attribute name="ProportionalI" value="9.000000" />
  <attribute name="ProportionalH" value="9.000000" />
  <attribute name="Current Error" value="9.000000" />
  <attribute name="IntegralT" value="9.000000" />
  <attribute name="IntegralI" value="9.000000" />
  <attribute name="IntegralH" value="9.000000" />
  <attribute name="DerivativeT" value="4.500000" />
  <attribute name="DerivativeI" value="4.500000" />
  <attribute name="DerivativeH" value="4.500000" />
  <attribute name="Loop Time for DT" value="1.000000" />
  <attribute name="Output H" value="8388608"/>
  <attribute name="Output I" value="200"/>
  <attribute name="Output T" value="4"/>
  <attribute name="Target GC Util Change" value ="20.000000" />
  <attribute name="Current GC Util Change" value="29.000000"/>
  <attribute name="GC Util currently" value="29" />
  <attribute name="CPU Util currently" value="7465681778885" />
<exclusive-end id="134" timestamp="2019-06-16T17:53:22.093" durationms="4.572" />

<exclusive-start id="135" timestamp="2019-06-16T17:53:22.161" intervalms="73.020">
  <response-info timems="0.042" idlems="0.022" threads="1" lastid="000000000137D100" lastname="Thread-5" />
</exclusive-start>
<allocation-taxation id="136" taxation-threshold="7340032" timestamp="2019-06-16T17:53:22.161" intervalms="73.025" />
<cycle-start id="137" type="partial gc" contextid="0" timestamp="2019-06-16T17:53:22.162" intervalms="73.030" />
<gc-start id="138" type="partial gc" contextid="137" timestamp="2019-06-16T17:53:22.162">
  <mem-info id="139" free="0" total="16777216" percent="0">
    <mem type="eden" free="0" total="7340032" percent="0" />
    <remembered-set count="4480" freebytes="651776" totalbytes="669696" percent="97" regionsoverflowed="0" regionsstable="0" regionsrebuilding="0"/>
  </mem-info>
</gc-start>
<allocation-stats totalBytes="7329296" >
  <allocated-bytes non-tlh="16392" tlh="7312904" arrayletleaf="0"/>
  <largest-consumer threadName="Thread-3" threadId="0000000001375900" bytes="2431120" />
</allocation-stats>
<gc-op id="140" type="mark" timems="0.876" contextid="137" timestamp="2019-06-16T17:53:22.163">
  <trace-info objectcount="2160" scancount="1741" scanbytes="407212" />
  <cardclean-info objects="1099" bytes="56040" />
  <remembered-set-cleared processed="3349" cleared="739" durationms="0.088" />
  <references type="phantom" candidates="1" cleared="0" enqueued="0" />
  <stringconstants candidates="3963" cleared="0"  />
  <warning details="Mark invoked due to insufficient free space for Copy-Forward" />
</gc-op>
<gc-op id="141" type="classunload" timems="0.002" contextid="137" timestamp="2019-06-16T17:53:22.163">
  <classunload-info classloadercandidates="20" classloadersunloaded="0" classesunloaded="0" anonymousclassesunloaded="0" quiescems="0.000" setupms="0.002" scanms="0.000" postms="0.000" />
</gc-op>
<gc-op id="142" type="sweep" timems="0.531" contextid="137" timestamp="2019-06-16T17:53:22.164" />
<gc-op id="143" type="compact" timems="1.008" contextid="137" timestamp="2019-06-16T17:53:22.165">
  <compact-info movecount="2160" movebytes="955128" />
  <remembered-set-cleared processed="6765" cleared="1362" durationms="0.088" />
</gc-op>
<gc-end id="144" type="partial gc" contextid="137" durationms="3.610" usertimems="4.000" systemtimems="0.000" timestamp="2019-06-16T17:53:22.165" activeThreads="4">
  <mem-info id="145" free="6291456" total="16777216" percent="37">
    <mem type="eden" free="94280" total="1048576" percent="8" />
    <remembered-set count="5472" freebytes="647808" totalbytes="669696" percent="96" regionsoverflowed="0" regionsstable="0" regionsrebuilding="0"/>
  </mem-info>
</gc-end>
<cycle-end id="146" type="partial gc" contextid="137" timestamp="2019-06-16T17:53:22.166" />
  <attribute name="elasticGC enabled" value="1" />
  <attribute name= "numThreadsSpecified" value="4" />
  <attribute name="heapSize specified" value="0" />
  <attribute name="Current GC Util" value="26" />
  <attribute name= "Current Time Running" value="1390" />
  <attribute name ="GC Interval" value="0" />
  <attribute name="ProportionalT" value="6.000000" />
  <attribute name="ProportionalI" value="6.000000" />
  <attribute name="ProportionalH" value="6.000000" />
  <attribute name="Current Error" value="6.000000" />
  <attribute name="IntegralT" value="6.000000" />
  <attribute name="IntegralI" value="6.000000" />
  <attribute name="IntegralH" value="6.000000" />
  <attribute name="DerivativeT" value="3.000000" />
  <attribute name="DerivativeI" value="3.000000" />
  <attribute name="DerivativeH" value="3.000000" />
  <attribute name="Loop Time for DT" value="1.000000" />
  <attribute name="Output H" value="8388608"/>
  <attribute name="Output I" value="200"/>
  <attribute name="Output T" value="4"/>
  <attribute name="Target GC Util Change" value ="20.000000" />
  <attribute name="Current GC Util Change" value="26.000000"/>
  <attribute name="GC Util currently" value="26" />
  <attribute name="CPU Util currently" value="6019684110800" />
<exclusive-end id="147" timestamp="2019-06-16T17:53:22.166" durationms="4.318" />

<exclusive-start id="148" timestamp="2019-06-16T17:53:22.228" intervalms="66.463">
  <response-info timems="0.036" idlems="0.036" threads="0" lastid="0000000001379500" lastname="Thread-4" />
</exclusive-start>
<allocation-taxation id="149" taxation-threshold="6291456" timestamp="2019-06-16T17:53:22.228" intervalms="66.459" />
<cycle-start id="150" type="partial gc" contextid="0" timestamp="2019-06-16T17:53:22.228" intervalms="66.455" />
<gc-start id="151" type="partial gc" contextid="150" timestamp="2019-06-16T17:53:22.228">
  <mem-info id="152" free="0" total="16777216" percent="0">
    <mem type="eden" free="0" total="6291456" percent="0" />
    <remembered-set count="5248" freebytes="648704" totalbytes="669696" percent="96" regionsoverflowed="0" regionsstable="0" regionsrebuilding="0"/>
  </mem-info>
</gc-start>
<allocation-stats totalBytes="6279880" >
  <allocated-bytes non-tlh="16392" tlh="6263488" arrayletleaf="0"/>
  <largest-consumer threadName="Thread-4" threadId="0000000001379500" bytes="2188552" />
</allocation-stats>
<gc-op id="153" type="mark" timems="1.092" contextid="150" timestamp="2019-06-16T17:53:22.230">
  <trace-info objectcount="1946" scancount="1542" scanbytes="329208" />
  <cardclean-info objects="1087" bytes="55348" />
  <remembered-set-cleared processed="3283" cleared="628" durationms="0.065" />
  <references type="phantom" candidates="1" cleared="0" enqueued="0" />
  <stringconstants candidates="3963" cleared="0"  />
  <warning details="Mark invoked due to insufficient free space for Copy-Forward" />
</gc-op>
<gc-op id="154" type="classunload" timems="0.002" contextid="150" timestamp="2019-06-16T17:53:22.230">
  <classunload-info classloadercandidates="20" classloadersunloaded="0" classesunloaded="0" anonymousclassesunloaded="0" quiescems="0.000" setupms="0.002" scanms="0.000" postms="0.000" />
</gc-op>
<gc-op id="155" type="sweep" timems="0.312" contextid="150" timestamp="2019-06-16T17:53:22.230" />
<gc-op id="156" type="compact" timems="1.145" contextid="150" timestamp="2019-06-16T17:53:22.232">
  <compact-info movecount="1946" movebytes="798832" />
  <remembered-set-cleared processed="6636" cleared="1126" durationms="0.066" />
</gc-op>
<heap-resize id="157" type="expand" space="default" amount="3145728" count="1" timems="0.069" reason="insufficient free space following gc" timestamp="2019-06-16T17:53:22.232" />
<gc-end id="158" type="partial gc" contextid="150" durationms="3.692" usertimems="0.000" systemtimems="4.000" timestamp="2019-06-16T17:53:22.232" activeThreads="4">
  <mem-info id="159" free="8388608" total="19922944" percent="42">
    <mem type="eden" free="250184" total="1048576" percent="23" />
    <remembered-set count="5536" freebytes="773120" totalbytes="795264" percent="97" regionsoverflowed="0" regionsstable="0" regionsrebuilding="0"/>
  </mem-info>
</gc-end>
<cycle-end id="160" type="partial gc" contextid="150" timestamp="2019-06-16T17:53:22.232" />
  <attribute name="elasticGC enabled" value="1" />
  <attribute name= "numThreadsSpecified" value="4" />
  <attribute name="heapSize specified" value="0" />
  <attribute name="Current GC Util" value="30" />
  <attribute name= "Current Time Running" value="1456" />
  <attribute name ="GC Interval" value="0" />
  <attribute name="ProportionalT" value="10.000000" />
  <attribute name="ProportionalI" value="10.000000" />
  <attribute name="ProportionalH" value="10.000000" />
  <attribute name="Current Error" value="10.000000" />
  <attribute name="IntegralT" value="0.000000" />
  <attribute name="IntegralI" value="0.000000" />
  <attribute name="IntegralH" value="0.000000" />
  <attribute name="DerivativeT" value="-inf" />
  <attribute name="DerivativeI" value="-inf" />
  <attribute name="DerivativeH" value="-inf" />
  <attribute name="Loop Time for DT" value="0.000000" />
  <attribute name="Output H" value="2091843584"/>
  <attribute name="Output I" value="200"/>
  <attribute name="Output T" value="4"/>
  <attribute name="Target GC Util Change" value ="20.000000" />
  <attribute name="Current GC Util Change" value="30.000000"/>
  <attribute name="GC Util currently" value="30" />
  <attribute name="CPU Util currently" value="9518797430702" />
<exclusive-end id="161" timestamp="2019-06-16T17:53:22.232" durationms="4.363" />

<exclusive-start id="162" timestamp="2019-06-16T17:53:22.288" intervalms="59.885">
  <response-info timems="0.051" idlems="0.051" threads="0" lastid="0000000001379500" lastname="Thread-4" />
</exclusive-start>
<allocation-taxation id="163" taxation-threshold="4194304" timestamp="2019-06-16T17:53:22.288" intervalms="59.859" />
<cycle-start id="164" type="global mark phase" contextid="0" timestamp="2019-06-16T17:53:22.288" intervalms="590.622" />
<gc-start id="165" type="global mark phase" contextid="164" timestamp="2019-06-16T17:53:22.288">
  <mem-info id="166" free="4194304" total="19922944" percent="21">
    <remembered-set count="5248" freebytes="774272" totalbytes="795264" percent="97" regionsoverflowed="0" regionsstable="0" regionsrebuilding="0"/>
  </mem-info>
</gc-start>
<gc-op id="167" type="mark increment" timems="0.455" contextid="164" timestamp="2019-06-16T17:53:22.288">
  <trace-info objectcount="190" scancount="0" scanbytes="0" />
</gc-op>
<gc-end id="168" type="global mark phase" contextid="164" durationms="0.566" usertimems="0.000" systemtimems="0.000" timestamp="2019-06-16T17:53:22.288" activeThreads="1">
  <mem-info id="169" free="4194304" total="19922944" percent="21">
    <remembered-set count="5248" freebytes="774272" totalbytes="795264" percent="97" regionsoverflowed="0" regionsstable="0" regionsrebuilding="0"/>
  </mem-info>
</gc-end>
<concurrent-start id="170" type="GMP work packet processing" contextid="164" timestamp="2019-06-16T17:53:22.289">
  <concurrent-mark-start scanTarget="18446744073709551615" />
</concurrent-start>
<exclusive-end id="171" timestamp="2019-06-16T17:53:22.290" durationms="1.770" />

<concurrent-end id="172" type="GMP work packet processing" contextid="164" timestamp="2019-06-16T17:53:22.290">
  <concurrent-mark-end bytesScanned="1551948" reasonForTermination="Completed all work in GC phase" />
</concurrent-end>

<exclusive-start id="173" timestamp="2019-06-16T17:53:22.340" intervalms="51.793">
  <response-info timems="0.056" idlems="0.056" threads="0" lastid="0000000001379500" lastname="Thread-4" />
</exclusive-start>
<allocation-taxation id="174" taxation-threshold="4194304" timestamp="2019-06-16T17:53:22.340" intervalms="51.798" />
<cycle-start id="175" type="partial gc" contextid="0" timestamp="2019-06-16T17:53:22.340" intervalms="111.657" />
<gc-start id="176" type="partial gc" contextid="175" timestamp="2019-06-16T17:53:22.340">
  <mem-info id="177" free="0" total="19922944" percent="0">
    <mem type="eden" free="0" total="8388608" percent="0" />
    <remembered-set count="5248" freebytes="774272" totalbytes="795264" percent="97" regionsoverflowed="0" regionsstable="0" regionsrebuilding="0"/>
  </mem-info>
</gc-start>
<allocation-stats totalBytes="8322352" >
  <allocated-bytes non-tlh="16392" tlh="8305960" arrayletleaf="0"/>
  <largest-consumer threadName="Thread-6" threadId="0000000001380D00" bytes="1700312" />
</allocation-stats>
<gc-op id="178" type="mark" timems="0.909" contextid="175" timestamp="2019-06-16T17:53:22.341">
  <trace-info objectcount="2015" scancount="1646" scanbytes="352116" />
  <cardclean-info objects="1101" bytes="56224" />
  <remembered-set-cleared processed="3283" cleared="591" durationms="0.090" />
  <stringconstants candidates="3963" cleared="0"  />
  <warning details="Mark invoked due to insufficient free space for Copy-Forward" />
</gc-op>
<gc-op id="179" type="classunload" timems="0.002" contextid="175" timestamp="2019-06-16T17:53:22.341">
  <classunload-info classloadercandidates="20" classloadersunloaded="0" classesunloaded="0" anonymousclassesunloaded="0" quiescems="0.000" setupms="0.001" scanms="0.000" postms="0.000" />
</gc-op>
<gc-op id="180" type="sweep" timems="0.428" contextid="175" timestamp="2019-06-16T17:53:22.342" />
<gc-op id="181" type="compact" timems="1.067" contextid="175" timestamp="2019-06-16T17:53:22.343">
  <compact-info movecount="2015" movebytes="728624" />
  <remembered-set-cleared processed="6716" cleared="1122" durationms="0.090" />
</gc-op>
<heap-resize id="182" type="expand" space="default" amount="2097152" count="1" timems="0.063" reason="insufficient free space following gc" timestamp="2019-06-16T17:53:22.343" />
<gc-end id="183" type="partial gc" contextid="175" durationms="3.602" usertimems="4.000" systemtimems="4.000" timestamp="2019-06-16T17:53:22.343" activeThreads="4">
  <mem-info id="184" free="9437184" total="22020096" percent="42">
    <mem type="eden" free="320632" total="1048576" percent="30" />
    <remembered-set count="5056" freebytes="858752" totalbytes="878976" percent="97" regionsoverflowed="0" regionsstable="0" regionsrebuilding="0"/>
  </mem-info>
</gc-end>
<cycle-end id="185" type="partial gc" contextid="175" timestamp="2019-06-16T17:53:22.344" />
  <attribute name="elasticGC enabled" value="1" />
  <attribute name= "numThreadsSpecified" value="4" />
  <attribute name="heapSize specified" value="0" />
  <attribute name="Current GC Util" value="29" />
  <attribute name= "Current Time Running" value="1568" />
  <attribute name ="GC Interval" value="0" />
  <attribute name="ProportionalT" value="9.000000" />
  <attribute name="ProportionalI" value="9.000000" />
  <attribute name="ProportionalH" value="9.000000" />
  <attribute name="Current Error" value="9.000000" />
  <attribute name="IntegralT" value="9.000000" />
  <attribute name="IntegralI" value="9.000000" />
  <attribute name="IntegralH" value="9.000000" />
  <attribute name="DerivativeT" value="4.500000" />
  <attribute name="DerivativeI" value="4.500000" />
  <attribute name="DerivativeH" value="4.500000" />
  <attribute name="Loop Time for DT" value="1.000000" />
  <attribute name="Output H" value="8388608"/>
  <attribute name="Output I" value="200"/>
  <attribute name="Output T" value="4"/>
  <attribute name="Target GC Util Change" value ="20.000000" />
  <attribute name="Current GC Util Change" value="29.000000"/>
  <attribute name="GC Util currently" value="29" />
  <attribute name="CPU Util currently" value="7331902492169" />
<exclusive-end id="186" timestamp="2019-06-16T17:53:22.344" durationms="4.331" />

<exclusive-start id="187" timestamp="2019-06-16T17:53:22.391" intervalms="51.213">
  <response-info timems="0.039" idlems="0.039" threads="0" lastid="0000000001375900" lastname="Thread-3" />
</exclusive-start>
<allocation-taxation id="188" taxation-threshold="4194304" timestamp="2019-06-16T17:53:22.391" intervalms="51.238" />
<gc-start id="189" type="global mark phase" contextid="164" timestamp="2019-06-16T17:53:22.391">
  <mem-info id="190" free="5242880" total="22020096" percent="23">
    <remembered-set count="4672" freebytes="860288" totalbytes="878976" percent="97" regionsoverflowed="0" regionsstable="0" regionsrebuilding="0"/>
  </mem-info>
</gc-start>
<gc-op id="191" type="mark increment" timems="1.399" contextid="164" timestamp="2019-06-16T17:53:22.392">
  <trace-info objectcount="2414" scancount="1987" scanbytes="466420" />
  <cardclean-info objects="1347" bytes="120720" />
  <finalization candidates="25" enqueued="0" />
  <references type="soft" candidates="164" cleared="0" enqueued="0" dynamicThreshold="13" maxThreshold="32" />
  <references type="weak" candidates="263" cleared="0" enqueued="0" />
  <references type="phantom" candidates="92" cleared="0" enqueued="0" />
  <stringconstants candidates="3963" cleared="0"  />
</gc-op>
<gc-op id="192" type="classunload" timems="0.003" contextid="164" timestamp="2019-06-16T17:53:22.392">
  <classunload-info classloadercandidates="20" classloadersunloaded="0" classesunloaded="0" anonymousclassesunloaded="0" quiescems="0.000" setupms="0.003" scanms="0.000" postms="0.000" />
</gc-op>
<gc-end id="193" type="global mark phase" contextid="164" durationms="1.647" usertimems="0.000" systemtimems="4.000" timestamp="2019-06-16T17:53:22.393" activeThreads="4">
  <mem-info id="194" free="5242880" total="22020096" percent="23">
    <remembered-set count="4672" freebytes="860288" totalbytes="878976" percent="97" regionsoverflowed="0" regionsstable="0" regionsrebuilding="0"/>
  </mem-info>
</gc-end>
<cycle-end id="195" type="global mark phase" contextid="164" timestamp="2019-06-16T17:53:22.393" />
  <attribute name="elasticGC enabled" value="1" />
  <attribute name= "numThreadsSpecified" value="4" />
  <attribute name="heapSize specified" value="0" />
  <attribute name="Current GC Util" value="0" />
  <attribute name= "Current Time Running" value="1618" />
  <attribute name ="GC Interval" value="0" />
  <attribute name="ProportionalT" value="-20.000000" />
  <attribute name="ProportionalI" value="-20.000000" />
  <attribute name="ProportionalH" value="-20.000000" />
  <attribute name="Current Error" value="-20.000000" />
  <attribute name="IntegralT" value="-20.000000" />
  <attribute name="IntegralI" value="-20.000000" />
  <attribute name="IntegralH" value="-20.000000" />
  <attribute name="DerivativeT" value="-66.500000" />
  <attribute name="DerivativeI" value="-66.500000" />
  <attribute name="DerivativeH" value="-66.500000" />
  <attribute name="Loop Time for DT" value="1.000000" />
  <attribute name="Output H" value="2091843584"/>
  <attribute name="Output I" value="200"/>
  <attribute name="Output T" value="4"/>
  <attribute name="Target GC Util Change" value ="20.000000" />
  <attribute name="Current GC Util Change" value="0.000000"/>
  <attribute name="GC Util currently" value="0" />
  <attribute name="CPU Util currently" value="15356367287669" />
<exclusive-end id="196" timestamp="2019-06-16T17:53:22.393" durationms="2.053" />

<exclusive-start id="197" timestamp="2019-06-16T17:53:22.447" intervalms="55.950">
  <response-info timems="0.032" idlems="0.017" threads="1" lastid="0000000001379500" lastname="Thread-4" />
</exclusive-start>
<allocation-taxation id="198" taxation-threshold="4194304" timestamp="2019-06-16T17:53:22.447" intervalms="55.950" />
<cycle-start id="199" type="partial gc" contextid="0" timestamp="2019-06-16T17:53:22.447" intervalms="107.197" />
<gc-start id="200" type="partial gc" contextid="199" timestamp="2019-06-16T17:53:22.447">
  <mem-info id="201" free="1048576" total="22020096" percent="4">
    <mem type="eden" free="0" total="8388608" percent="0" />
    <remembered-set count="4672" freebytes="860288" totalbytes="878976" percent="97" regionsoverflowed="0" regionsstable="0" regionsrebuilding="0"/>
  </mem-info>
</gc-start>
<allocation-stats totalBytes="8255272" >
  <allocated-bytes non-tlh="0" tlh="8255272" arrayletleaf="0"/>
  <largest-consumer threadName="Thread-4" threadId="0000000001379500" bytes="1195816" />
</allocation-stats>
<gc-op id="202" type="sweep" timems="0.496" contextid="199" timestamp="2019-06-16T17:53:22.448" />
<gc-op id="203" type="copy forward" timems="2.756" contextid="199" timestamp="2019-06-16T17:53:22.451">
  <memory-copied type="eden" objects="2139" bytes="775040" bytesdiscarded="0" />
  <memory-copied type="other" objects="22" bytes="864" bytesdiscarded="0" />
  <memory-cardclean objects="1067" bytes="54976" />
  <regions eden="4" other="5" />
  <remembered-set-cleared processed="3340" cleared="599" durationms="0.092" />
  <references type="weak" candidates="1" cleared="0" enqueued="0" />
  <references type="phantom" candidates="1" cleared="0" enqueued="0" />
  <stringconstants candidates="3963" cleared="0"  />
  <heap-resize type="expand" space="default" amount="1048576" count="1" timems="0.061" reason="continue current collection" />
</gc-op>
<gc-op id="204" type="classunload" timems="0.002" contextid="199" timestamp="2019-06-16T17:53:22.451">
  <classunload-info classloadercandidates="20" classloadersunloaded="0" classesunloaded="0" anonymousclassesunloaded="0" quiescems="0.000" setupms="0.002" scanms="0.000" postms="0.000" />
</gc-op>
<gc-end id="205" type="partial gc" contextid="199" durationms="4.514" usertimems="4.000" systemtimems="0.000" timestamp="2019-06-16T17:53:22.452" activeThreads="1">
  <mem-info id="206" free="9437184" total="23068672" percent="40">
    <mem type="eden" free="273280" total="1048576" percent="26" />
    <remembered-set count="4896" freebytes="901248" totalbytes="920832" percent="97" regionsoverflowed="0" regionsstable="0" regionsrebuilding="0"/>
  </mem-info>
</gc-end>
<cycle-end id="207" type="partial gc" contextid="199" timestamp="2019-06-16T17:53:22.452" />
  <attribute name="elasticGC enabled" value="1" />
  <attribute name= "numThreadsSpecified" value="1" />
  <attribute name="heapSize specified" value="0" />
  <attribute name="Current GC Util" value="22" />
  <attribute name= "Current Time Running" value="1675" />
  <attribute name ="GC Interval" value="0" />
  <attribute name="ProportionalT" value="2.000000" />
  <attribute name="ProportionalI" value="2.000000" />
  <attribute name="ProportionalH" value="2.000000" />
  <attribute name="Current Error" value="2.000000" />
  <attribute name="IntegralT" value="2.000000" />
  <attribute name="IntegralI" value="2.000000" />
  <attribute name="IntegralH" value="2.000000" />
  <attribute name="DerivativeT" value="-6.500000" />
  <attribute name="DerivativeI" value="-6.500000" />
  <attribute name="DerivativeH" value="-6.500000" />
  <attribute name="Loop Time for DT" value="1.000000" />
  <attribute name="Output H" value="8388608"/>
  <attribute name="Output I" value="200"/>
  <attribute name="Output T" value="1"/>
  <attribute name="Target GC Util Change" value ="20.000000" />
  <attribute name="Current GC Util Change" value="22.000000"/>
  <attribute name="GC Util currently" value="22" />
  <attribute name="CPU Util currently" value="9905547261771" />
<exclusive-end id="208" timestamp="2019-06-16T17:53:22.452" durationms="5.324" />

<exclusive-start id="209" timestamp="2019-06-16T17:53:22.547" intervalms="100.351">
  <response-info timems="0.037" idlems="0.037" threads="0" lastid="000000000137D100" lastname="Thread-5" />
</exclusive-start>
<allocation-taxation id="210" taxation-threshold="9437184" timestamp="2019-06-16T17:53:22.547" intervalms="100.346" />
<cycle-start id="211" type="partial gc" contextid="0" timestamp="2019-06-16T17:53:22.547" intervalms="100.343" />
<gc-start id="212" type="partial gc" contextid="211" timestamp="2019-06-16T17:53:22.547">
  <mem-info id="213" free="0" total="23068672" percent="0">
    <mem type="eden" free="0" total="9437184" percent="0" />
    <remembered-set count="4512" freebytes="902784" totalbytes="920832" percent="98" regionsoverflowed="0" regionsstable="0" regionsrebuilding="0"/>
  </mem-info>
</gc-start>
<allocation-stats totalBytes="9431360" >
  <allocated-bytes non-tlh="49168" tlh="9382192" arrayletleaf="0"/>
  <largest-consumer threadName="Thread-5" threadId="000000000137D100" bytes="3131104" />
</allocation-stats>
<gc-op id="214" type="mark" timems="0.894" contextid="211" timestamp="2019-06-16T17:53:22.549">
  <trace-info objectcount="2725" scancount="2184" scanbytes="421588" />
  <cardclean-info objects="1102" bytes="56508" />
  <remembered-set-cleared processed="3287" cleared="555" durationms="0.095" />
  <stringconstants candidates="3963" cleared="0"  />
  <warning details="Mark invoked due to insufficient free space for Copy-Forward" />
</gc-op>
<gc-op id="215" type="classunload" timems="0.002" contextid="211" timestamp="2019-06-16T17:53:22.549">
  <classunload-info classloadercandidates="20" classloadersunloaded="0" classesunloaded="0" anonymousclassesunloaded="0" quiescems="0.000" setupms="0.002" scanms="0.000" postms="0.000" />
</gc-op>
<gc-op id="216" type="sweep" timems="0.462" contextid="211" timestamp="2019-06-16T17:53:22.549" />
<gc-op id="217" type="compact" timems="1.530" contextid="211" timestamp="2019-06-16T17:53:22.551">
  <compact-info movecount="2725" movebytes="991808" />
  <remembered-set-cleared processed="6067" cleared="2619" durationms="0.095" />
</gc-op>
<gc-end id="218" type="partial gc" contextid="211" durationms="3.967" usertimems="4.000" systemtimems="0.000" timestamp="2019-06-16T17:53:22.551" activeThreads="4">
  <mem-info id="219" free="8388608" total="23068672" percent="36">
    <mem type="eden" free="57200" total="1048576" percent="5" />
    <remembered-set count="5472" freebytes="898944" totalbytes="920832" percent="97" regionsoverflowed="0" regionsstable="0" regionsrebuilding="0"/>
  </mem-info>
</gc-end>
<cycle-end id="220" type="partial gc" contextid="211" timestamp="2019-06-16T17:53:22.551" />
  <attribute name="elasticGC enabled" value="1" />
  <attribute name= "numThreadsSpecified" value="4" />
  <attribute name="heapSize specified" value="0" />
  <attribute name="Current GC Util" value="29" />
  <attribute name= "Current Time Running" value="1776" />
  <attribute name ="GC Interval" value="0" />
  <attribute name="ProportionalT" value="9.000000" />
  <attribute name="ProportionalI" value="9.000000" />
  <attribute name="ProportionalH" value="9.000000" />
  <attribute name="Current Error" value="9.000000" />
  <attribute name="IntegralT" value="9.000000" />
  <attribute name="IntegralI" value="9.000000" />
  <attribute name="IntegralH" value="9.000000" />
  <attribute name="DerivativeT" value="4.500000" />
  <attribute name="DerivativeI" value="4.500000" />
  <attribute name="DerivativeH" value="4.500000" />
  <attribute name="Loop Time for DT" value="1.000000" />
  <attribute name="Output H" value="8388608"/>
  <attribute name="Output I" value="200"/>
  <attribute name="Output T" value="4"/>
  <attribute name="Target GC Util Change" value ="20.000000" />
  <attribute name="Current GC Util Change" value="29.000000"/>
  <attribute name="GC Util currently" value="29" />
  <attribute name="CPU Util currently" value="6821788632020" />
<exclusive-end id="221" timestamp="2019-06-16T17:53:22.552" durationms="4.614" />

<exclusive-start id="222" timestamp="2019-06-16T17:53:22.641" intervalms="94.146">
  <response-info timems="0.047" idlems="0.047" threads="0" lastid="0000000001375900" lastname="Thread-3" />
</exclusive-start>
<allocation-taxation id="223" taxation-threshold="8388608" timestamp="2019-06-16T17:53:22.641" intervalms="94.153" />
<cycle-start id="224" type="partial gc" contextid="0" timestamp="2019-06-16T17:53:22.641" intervalms="94.160" />
<gc-start id="225" type="partial gc" contextid="224" timestamp="2019-06-16T17:53:22.642">
  <mem-info id="226" free="0" total="23068672" percent="0">
    <mem type="eden" free="0" total="8388608" percent="0" />
    <remembered-set count="5280" freebytes="899712" totalbytes="920832" percent="97" regionsoverflowed="0" regionsstable="0" regionsrebuilding="0"/>
  </mem-info>
</gc-start>
<allocation-stats totalBytes="8383456" >
  <allocated-bytes non-tlh="16392" tlh="8367064" arrayletleaf="0"/>
  <largest-consumer threadName="Thread-5" threadId="000000000137D100" bytes="3201568" />
</allocation-stats>
<gc-op id="227" type="mark" timems="0.917" contextid="224" timestamp="2019-06-16T17:53:22.643">
  <trace-info objectcount="2661" scancount="2147" scanbytes="420916" />
  <cardclean-info objects="1084" bytes="55980" />
  <remembered-set-cleared processed="3326" cleared="785" durationms="0.097" />
  <stringconstants candidates="3963" cleared="0"  />
  <warning details="Mark invoked due to insufficient free space for Copy-Forward" />
</gc-op>
<gc-op id="228" type="classunload" timems="0.002" contextid="224" timestamp="2019-06-16T17:53:22.643">
  <classunload-info classloadercandidates="20" classloadersunloaded="0" classesunloaded="0" anonymousclassesunloaded="0" quiescems="0.000" setupms="0.002" scanms="0.000" postms="0.000" />
</gc-op>
<gc-op id="229" type="sweep" timems="0.427" contextid="224" timestamp="2019-06-16T17:53:22.644" />
<gc-op id="230" type="compact" timems="1.132" contextid="224" timestamp="2019-06-16T17:53:22.645">
  <compact-info movecount="2661" movebytes="970840" />
  <remembered-set-cleared processed="6828" cleared="1542" durationms="0.097" />
</gc-op>
<heap-resize id="231" type="expand" space="default" amount="1048576" count="1" timems="0.056" reason="insufficient free space following gc" timestamp="2019-06-16T17:53:22.645" />
<gc-end id="232" type="partial gc" contextid="224" durationms="3.698" usertimems="4.000" systemtimems="4.000" timestamp="2019-06-16T17:53:22.645" activeThreads="4">
  <mem-info id="233" free="8388608" total="24117248" percent="34">
    <mem type="eden" free="78936" total="1048576" percent="7" />
    <remembered-set count="5024" freebytes="942592" totalbytes="962688" percent="97" regionsoverflowed="0" regionsstable="0" regionsrebuilding="0"/>
  </mem-info>
</gc-end>
<cycle-end id="234" type="partial gc" contextid="224" timestamp="2019-06-16T17:53:22.645" />
  <attribute name="elasticGC enabled" value="1" />
  <attribute name= "numThreadsSpecified" value="4" />
  <attribute name="heapSize specified" value="0" />
  <attribute name="Current GC Util" value="37" />
  <attribute name= "Current Time Running" value="1870" />
  <attribute name ="GC Interval" value="0" />
  <attribute name="ProportionalT" value="17.000000" />
  <attribute name="ProportionalI" value="17.000000" />
  <attribute name="ProportionalH" value="17.000000" />
  <attribute name="Current Error" value="17.000000" />
  <attribute name="IntegralT" value="17.000000" />
  <attribute name="IntegralI" value="17.000000" />
  <attribute name="IntegralH" value="17.000000" />
  <attribute name="DerivativeT" value="8.500000" />
  <attribute name="DerivativeI" value="8.500000" />
  <attribute name="DerivativeH" value="8.500000" />
  <attribute name="Loop Time for DT" value="1.000000" />
  <attribute name="Output H" value="8388608"/>
  <attribute name="Output I" value="200"/>
  <attribute name="Output T" value="4"/>
  <attribute name="Target GC Util Change" value ="20.000000" />
  <attribute name="Current GC Util Change" value="37.000000"/>
  <attribute name="GC Util currently" value="37" />
  <attribute name="CPU Util currently" value="6932478915140" />
<exclusive-end id="235" timestamp="2019-06-16T17:53:22.646" durationms="4.434" />

<exclusive-start id="236" timestamp="2019-06-16T17:53:22.687" intervalms="45.816">
  <response-info timems="0.048" idlems="0.048" threads="0" lastid="0000000001380D00" lastname="Thread-6" />
</exclusive-start>
<allocation-taxation id="237" taxation-threshold="4194304" timestamp="2019-06-16T17:53:22.687" intervalms="45.815" />
<cycle-start id="238" type="global mark phase" contextid="0" timestamp="2019-06-16T17:53:22.687" intervalms="399.308" />
<gc-start id="239" type="global mark phase" contextid="238" timestamp="2019-06-16T17:53:22.687">
  <mem-info id="240" free="4194304" total="24117248" percent="17">
    <remembered-set count="4768" freebytes="943616" totalbytes="962688" percent="98" regionsoverflowed="0" regionsstable="0" regionsrebuilding="0"/>
  </mem-info>
</gc-start>
<gc-op id="241" type="mark increment" timems="0.793" contextid="238" timestamp="2019-06-16T17:53:22.688">
  <trace-info objectcount="256" scancount="0" scanbytes="0" />
</gc-op>
<gc-end id="242" type="global mark phase" contextid="238" durationms="0.943" usertimems="0.000" systemtimems="4.000" timestamp="2019-06-16T17:53:22.688" activeThreads="4">
  <mem-info id="243" free="4194304" total="24117248" percent="17">
    <remembered-set count="4768" freebytes="943616" totalbytes="962688" percent="98" regionsoverflowed="0" regionsstable="0" regionsrebuilding="0"/>
  </mem-info>
</gc-end>
<concurrent-start id="244" type="GMP work packet processing" contextid="238" timestamp="2019-06-16T17:53:22.688">
  <concurrent-mark-start scanTarget="18446744073709551615" />
</concurrent-start>
<concurrent-end id="245" type="GMP work packet processing" contextid="238" timestamp="2019-06-16T17:53:22.691">
  <concurrent-mark-end bytesScanned="1546444" reasonForTermination="Completed all work in GC phase" />
</concurrent-end>

<exclusive-end id="246" timestamp="2019-06-16T17:53:22.691" durationms="3.952" />

<exclusive-start id="247" timestamp="2019-06-16T17:53:22.734" intervalms="47.221">
  <response-info timems="0.042" idlems="0.042" threads="0" lastid="0000000001375900" lastname="Thread-3" />
</exclusive-start>
<allocation-taxation id="248" taxation-threshold="4194304" timestamp="2019-06-16T17:53:22.734" intervalms="47.226" />
<cycle-start id="249" type="partial gc" contextid="0" timestamp="2019-06-16T17:53:22.734" intervalms="93.037" />
<gc-start id="250" type="partial gc" contextid="249" timestamp="2019-06-16T17:53:22.735">
  <mem-info id="251" free="0" total="24117248" percent="0">
    <mem type="eden" free="0" total="8388608" percent="0" />
    <remembered-set count="4768" freebytes="943616" totalbytes="962688" percent="98" regionsoverflowed="0" regionsstable="0" regionsrebuilding="0"/>
  </mem-info>
</gc-start>
<allocation-stats totalBytes="8288392" >
  <allocated-bytes non-tlh="16392" tlh="8272000" arrayletleaf="0"/>
  <largest-consumer threadName="Thread-6" threadId="0000000001380D00" bytes="1661376" />
</allocation-stats>
<gc-op id="252" type="mark" timems="0.995" contextid="249" timestamp="2019-06-16T17:53:22.736">
  <trace-info objectcount="2064" scancount="1628" scanbytes="332804" />
  <cardclean-info objects="1075" bytes="55528" />
  <remembered-set-cleared processed="3352" cleared="758" durationms="0.101" />
  <references type="weak" candidates="1" cleared="0" enqueued="0" />
  <references type="phantom" candidates="2" cleared="0" enqueued="0" />
  <stringconstants candidates="3963" cleared="0"  />
  <warning details="Mark invoked due to insufficient free space for Copy-Forward" />
</gc-op>
<gc-op id="253" type="classunload" timems="0.002" contextid="249" timestamp="2019-06-16T17:53:22.736">
  <classunload-info classloadercandidates="20" classloadersunloaded="0" classesunloaded="0" anonymousclassesunloaded="0" quiescems="0.000" setupms="0.001" scanms="0.000" postms="0.000" />
</gc-op>
<gc-op id="254" type="sweep" timems="0.411" contextid="249" timestamp="2019-06-16T17:53:22.737" />
<gc-op id="255" type="compact" timems="1.266" contextid="249" timestamp="2019-06-16T17:53:22.738">
  <compact-info movecount="2064" movebytes="837400" />
  <remembered-set-cleared processed="6737" cleared="1345" durationms="0.101" />
</gc-op>
<heap-resize id="256" type="expand" space="default" amount="3145728" count="1" timems="0.067" reason="insufficient free space following gc" timestamp="2019-06-16T17:53:22.739" />
<gc-end id="257" type="partial gc" contextid="249" durationms="3.989" usertimems="8.000" systemtimems="0.000" timestamp="2019-06-16T17:53:22.739" activeThreads="4">
  <mem-info id="258" free="10485760" total="27262976" percent="38">
    <mem type="eden" free="212848" total="1048576" percent="20" />
    <remembered-set count="5184" freebytes="1067520" totalbytes="1088256" percent="98" regionsoverflowed="0" regionsstable="0" regionsrebuilding="0"/>
  </mem-info>
</gc-end>
<cycle-end id="259" type="partial gc" contextid="249" timestamp="2019-06-16T17:53:22.739" />
  <attribute name="elasticGC enabled" value="1" />
  <attribute name= "numThreadsSpecified" value="4" />
  <attribute name="heapSize specified" value="0" />
  <attribute name="Current GC Util" value="28" />
  <attribute name= "Current Time Running" value="1963" />
  <attribute name ="GC Interval" value="0" />
  <attribute name="ProportionalT" value="8.000000" />
  <attribute name="ProportionalI" value="8.000000" />
  <attribute name="ProportionalH" value="8.000000" />
  <attribute name="Current Error" value="8.000000" />
  <attribute name="IntegralT" value="8.000000" />
  <attribute name="IntegralI" value="8.000000" />
  <attribute name="IntegralH" value="8.000000" />
  <attribute name="DerivativeT" value="4.000000" />
  <attribute name="DerivativeI" value="4.000000" />
  <attribute name="DerivativeH" value="4.000000" />
  <attribute name="Loop Time for DT" value="1.000000" />
  <attribute name="Output H" value="8388608"/>
  <attribute name="Output I" value="200"/>
  <attribute name="Output T" value="4"/>
  <attribute name="Target GC Util Change" value ="20.000000" />
  <attribute name="Current GC Util Change" value="28.000000"/>
  <attribute name="GC Util currently" value="28" />
  <attribute name="CPU Util currently" value="7212577539854" />
<exclusive-end id="260" timestamp="2019-06-16T17:53:22.739" durationms="4.782" />

<exclusive-start id="261" timestamp="2019-06-16T17:53:22.799" intervalms="65.014">
  <response-info timems="0.067" idlems="0.036" threads="1" lastid="0000000001375900" lastname="Thread-3" />
</exclusive-start>
<allocation-taxation id="262" taxation-threshold="5242880" timestamp="2019-06-16T17:53:22.799" intervalms="65.019" />
<gc-start id="263" type="global mark phase" contextid="238" timestamp="2019-06-16T17:53:22.799">
  <mem-info id="264" free="5242880" total="27262976" percent="19">
    <remembered-set count="4832" freebytes="1068928" totalbytes="1088256" percent="98" regionsoverflowed="0" regionsstable="0" regionsrebuilding="0"/>
  </mem-info>
</gc-start>
<gc-op id="265" type="mark increment" timems="1.122" contextid="238" timestamp="2019-06-16T17:53:22.801">
  <trace-info objectcount="1353" scancount="1086" scanbytes="260576" />
  <cardclean-info objects="1240" bytes="97308" />
  <finalization candidates="25" enqueued="0" />
  <references type="soft" candidates="164" cleared="0" enqueued="0" dynamicThreshold="12" maxThreshold="32" />
  <references type="weak" candidates="263" cleared="0" enqueued="0" />
  <references type="phantom" candidates="92" cleared="0" enqueued="0" />
  <stringconstants candidates="3963" cleared="0"  />
</gc-op>
<gc-op id="266" type="classunload" timems="0.004" contextid="238" timestamp="2019-06-16T17:53:22.801">
  <classunload-info classloadercandidates="20" classloadersunloaded="0" classesunloaded="0" anonymousclassesunloaded="0" quiescems="0.000" setupms="0.004" scanms="0.000" postms="0.000" />
</gc-op>
<gc-end id="267" type="global mark phase" contextid="238" durationms="1.366" usertimems="0.000" systemtimems="4.000" timestamp="2019-06-16T17:53:22.801" activeThreads="4">
  <mem-info id="268" free="5242880" total="27262976" percent="19">
    <remembered-set count="4832" freebytes="1068928" totalbytes="1088256" percent="98" regionsoverflowed="0" regionsstable="0" regionsrebuilding="0"/>
  </mem-info>
</gc-end>
<cycle-end id="269" type="global mark phase" contextid="238" timestamp="2019-06-16T17:53:22.801" />
  <attribute name="elasticGC enabled" value="1" />
  <attribute name= "numThreadsSpecified" value="4" />
  <attribute name="heapSize specified" value="0" />
  <attribute name="Current GC Util" value="0" />
  <attribute name= "Current Time Running" value="2026" />
  <attribute name ="GC Interval" value="0" />
  <attribute name="ProportionalT" value="-20.000000" />
  <attribute name="ProportionalI" value="-20.000000" />
  <attribute name="ProportionalH" value="-20.000000" />
  <attribute name="Current Error" value="-20.000000" />
  <attribute name="IntegralT" value="0.000000" />
  <attribute name="IntegralI" value="0.000000" />
  <attribute name="IntegralH" value="0.000000" />
  <attribute name="DerivativeT" value="-inf" />
  <attribute name="DerivativeI" value="-inf" />
  <attribute name="DerivativeH" value="-inf" />
  <attribute name="Loop Time for DT" value="0.000000" />
  <attribute name="Output H" value="2091843584"/>
  <attribute name="Output I" value="200"/>
  <attribute name="Output T" value="4"/>
  <attribute name="Target GC Util Change" value ="20.000000" />
  <attribute name="Current GC Util Change" value="0.000000"/>
  <attribute name="GC Util currently" value="0" />
  <attribute name="CPU Util currently" value="23856180764635" />
<exclusive-end id="270" timestamp="2019-06-16T17:53:22.801" durationms="1.810" />

</verbosegc>

