<?xml version="1.0" ?>

<verbosegc xmlns="http://www.ibm.com/j9/verbosegc" version="10b4217_CMPRSS">

<initialized id="1" timestamp="2019-06-17T06:59:24.737">
  <attribute name="gcPolicy" value="-Xgcpolicy:gencon" />
  <attribute name="elasticGC enabled" value="1" />
  <attribute name= "numThreadsSpecified" value="0" />
  <attribute name="heapSize specified" value="0" />
  <attribute name="Current GC Util" value="0" />
  <attribute name= "Current Time Running" value="0" />
  <attribute name ="GC Interval" value="0" />
  <attribute name="ProportionalT" value="0.000000" />
  <attribute name="ProportionalI" value="0.000000" />
  <attribute name="ProportionalH" value="0.000000" />
  <attribute name="IntegralT" value="0.000000" />
  <attribute name="IntegralI" value="0.000000" />
  <attribute name="IntegralH" value="0.000000" />
  <attribute name="DerivativeT" value="0.000000" />
  <attribute name="DerivativeI" value="0.000000" />
  <attribute name="DerivativeH" value="0.000000" />
  <attribute name="Target GC Util Change" value ="0.000000" />
  <attribute name="Current GC Util Change" value="0.000000"/>
  <attribute name="Current Error" value="0.000000" />
  <attribute name="Loop Time for DT" value="0.000000" />
  <attribute name="Output H" value="0"/>
  <attribute name="Output I" value="0"/>
  <attribute name="Output T" value="0"/>
  <attribute name="GC Util currently" value="0" />
  <attribute name="CPU Util currently" value="0" />
  <attribute name="maxHeapSize" value="0x7cbc0000" />
  <attribute name="initialHeapSize" value="0x800000" />
  <attribute name="compressedRefs" value="true" />
  <attribute name="compressedRefsDisplacement" value="0x0" />
  <attribute name="compressedRefsShift" value="0x0" />
  <attribute name="pageSize" value="0x1000" />
  <attribute name="pageType" value="not used" />
  <attribute name="requestedPageSize" value="0x1000" />
  <attribute name="requestedPageType" value="not used" />
  <attribute name="gcthreads" value="4" />
  <attribute name="gcthreads Concurrent Mark" value="1" />
  <attribute name="packetListSplit" value="4" />
  <attribute name="cacheListSplit" value="4" />
  <attribute name="splitFreeListSplitAmount" value="1" />
  <attribute name="numaNodes" value="0" />
  <system>
    <attribute name="physicalMemory" value="8370962432" />
    <attribute name="numCPUs" value="4" />
    <attribute name="architecture" value="amd64" />
    <attribute name="os" value="Linux" />
    <attribute name="osVersion" value="4.4.0-148-generic" />
  </system>
  <vmargs>
    <vmarg name="-Xoptionsfile=/vagrant/jdk/lib/options.default" />
    <vmarg name="-Xlockword:mode=default,noLockword=java/lang/String,noLockword=java/util/MapEntry,noLockword=java/util/HashMap$Entry,noLockword..." />
    <vmarg name="-Xjcl:jclse29" />
    <vmarg name="-Dcom.ibm.oti.vm.bootstrap.library.path=/vagrant/jdk/lib/compressedrefs:/vagrant/jdk/lib" />
    <vmarg name="-Dsun.boot.library.path=/vagrant/jdk/lib/compressedrefs:/vagrant/jdk/lib" />
    <vmarg name="-Djava.library.path=/vagrant/jdk/lib/compressedrefs:/vagrant/jdk/lib:/usr/lib64:/usr/lib" />
    <vmarg name="-Djava.home=/vagrant/jdk" />
    <vmarg name="-Duser.dir=/vagrant" />
    <vmarg name="-verbose:gc" />
    <vmarg name="-Xgcelastic" />
    <vmarg name="-Xcheck:gc:::elasticGC" />
    <vmarg name="-Xloggc:large-jdk-1-1-1-verbose7pmd.txt" />
    <vmarg name="-Djava.class.path=dacapo-9.12-MR1-bach.jar" />
    <vmarg name="-Dsun.java.command=dacapo-9.12-MR1-bach.jar pmd --size=large" />
    <vmarg name="-Dsun.java.launcher=SUN_STANDARD" />
    <vmarg name="-Dsun.java.launcher.pid=23239" />
  </vmargs>
</initialized>

<exclusive-start id="2" timestamp="2019-06-17T06:59:24.926" intervalms="188.792">
  <response-info timems="0.020" idlems="0.020" threads="0" lastid="0000000001467700" lastname="main" />
</exclusive-start>
<af-start id="3" threadId="0000000001468088" totalBytesRequested="7176" timestamp="2019-06-17T06:59:24.927" intervalms="189.175" type="nursery" />
<cycle-start id="4" type="scavenge" contextid="0" timestamp="2019-06-17T06:59:24.927" intervalms="189.676" />
<gc-start id="5" type="scavenge" contextid="4" timestamp="2019-06-17T06:59:24.933">
  <mem-info id="6" free="6062624" total="8388608" percent="72">
    <mem type="nursery" free="0" total="2097152" percent="0">
      <mem type="allocate" free="0" total="1048576" percent="0" />
      <mem type="survivor" free="0" total="1048576" percent="0" />
    </mem>
    <mem type="tenure" free="6062624" total="6291456" percent="96">
      <mem type="soa" free="5748256" total="5977088" percent="96" />
      <mem type="loa" free="314368" total="314368" percent="100" />
    </mem>
    <remembered-set count="3161" />
  </mem-info>
</gc-start>
<allocation-stats totalBytes="1275368" >
  <allocated-bytes non-tlh="344784" tlh="930584" />
  <largest-consumer threadName="main" threadId="0000000001467700" bytes="1198808" />
</allocation-stats>
<gc-op id="7" type="scavenge" timems="2.515" contextid="4" timestamp="2019-06-17T06:59:24.936">
  <scavenger-info tenureage="2" tenuremask="fffc" tiltratio="50" />
  <memory-copied type="nursery" objects="10578" bytes="479592" bytesdiscarded="113376" />
  <finalization candidates="11" enqueued="0" />
  <references type="soft" candidates="62" cleared="0" enqueued="0" dynamicThreshold="32" maxThreshold="32" />
  <references type="weak" candidates="309" cleared="177" enqueued="141" />
  <references type="phantom" candidates="25" cleared="6" enqueued="6" />
</gc-op>
<gc-end id="8" type="scavenge" contextid="4" durationms="6.486" usertimems="8.000" systemtimems="0.000" timestamp="2019-06-17T06:59:24.939" activeThreads="4">
  <mem-info id="9" free="6516136" total="8388608" percent="77">
    <mem type="nursery" free="453512" total="2097152" percent="21">
      <mem type="allocate" free="453512" total="1048576" percent="43" />
      <mem type="survivor" free="0" total="1048576" percent="0" />
    </mem>
    <mem type="tenure" free="6062624" total="6291456" percent="96">
      <mem type="soa" free="5748256" total="5977088" percent="96" />
      <mem type="loa" free="314368" total="314368" percent="100" />
    </mem>
    <pending-finalizers system="0" default="0" reference="147" classloader="0" />
    <remembered-set count="3161" />
  </mem-info>
</gc-end>
<cycle-end id="10" type="scavenge" contextid="4" timestamp="2019-06-17T06:59:24.940" />
  <attribute name="elasticGC enabled" value="1" />
  <attribute name= "numThreadsSpecified" value="0" />
  <attribute name="heapSize specified" value="0" />
  <attribute name="Current GC Util" value="0" />
  <attribute name= "Current Time Running" value="82" />
  <attribute name ="GC Interval" value="1" />
  <attribute name="ProportionalT" value="0.000000" />
  <attribute name="ProportionalI" value="0.000000" />
  <attribute name="ProportionalH" value="0.000000" />
  <attribute name="Current Error" value="0.000000" />
  <attribute name="IntegralT" value="0.000000" />
  <attribute name="IntegralI" value="0.000000" />
  <attribute name="IntegralH" value="0.000000" />
  <attribute name="DerivativeT" value="0.000000" />
  <attribute name="DerivativeI" value="0.000000" />
  <attribute name="DerivativeH" value="0.000000" />
  <attribute name="Loop Time for DT" value="0.000000" />
  <attribute name="Output H" value="0"/>
  <attribute name="Output I" value="0"/>
  <attribute name="Output T" value="0"/>
  <attribute name="Target GC Util Change" value ="20.000000" />
  <attribute name="Current GC Util Change" value="0.000000"/>
  <attribute name="GC Util currently" value="0" />
  <attribute name="CPU Util currently" value="24" />
<allocation-satisfied id="11" threadId="0000000001467700" bytesRequested="7176" />
<af-end id="12" timestamp="2019-06-17T06:59:24.940" threadId="0000000001468088" success="true" from="nursery"/>
<exclusive-end id="13" timestamp="2019-06-17T06:59:24.940" durationms="13.866" />

<exclusive-start id="14" timestamp="2019-06-17T06:59:24.961" intervalms="34.802">
  <response-info timems="0.029" idlems="0.029" threads="0" lastid="0000000001467700" lastname="main" />
</exclusive-start>
<af-start id="15" threadId="0000000001468088" totalBytesRequested="7176" timestamp="2019-06-17T06:59:24.961" intervalms="34.487" type="nursery" />
<cycle-start id="16" type="scavenge" contextid="0" timestamp="2019-06-17T06:59:24.961" intervalms="34.049" />
<gc-start id="17" type="scavenge" contextid="16" timestamp="2019-06-17T06:59:24.965">
  <mem-info id="18" free="6054888" total="8388608" percent="72">
    <mem type="nursery" free="0" total="2097152" percent="0">
      <mem type="allocate" free="0" total="1048576" percent="0" />
      <mem type="survivor" free="0" total="1048576" percent="0" />
    </mem>
    <mem type="tenure" free="6054888" total="6291456" percent="96">
      <mem type="soa" free="5740520" total="5977088" percent="96" />
      <mem type="loa" free="314368" total="314368" percent="100" />
    </mem>
    <remembered-set count="3262" />
  </mem-info>
</gc-start>
<allocation-stats totalBytes="450168" >
  <allocated-bytes non-tlh="14912" tlh="435256" />
  <largest-consumer threadName="main" threadId="0000000001467700" bytes="438192" />
</allocation-stats>
<gc-op id="19" type="scavenge" timems="0.984" contextid="16" timestamp="2019-06-17T06:59:24.966">
  <scavenger-info tenureage="5" tenuremask="7fe0" tiltratio="50" />
  <memory-copied type="nursery" objects="10895" bytes="504032" bytesdiscarded="80264" />
  <finalization candidates="11" enqueued="0" />
  <references type="soft" candidates="62" cleared="0" enqueued="0" dynamicThreshold="32" maxThreshold="32" />
  <references type="weak" candidates="242" cleared="96" enqueued="93" />
  <references type="phantom" candidates="38" cleared="12" enqueued="12" />
</gc-op>
<gc-end id="20" type="scavenge" contextid="16" durationms="1.502" usertimems="0.000" systemtimems="0.000" timestamp="2019-06-17T06:59:24.967" activeThreads="4">
  <mem-info id="21" free="6517696" total="8388608" percent="77">
    <mem type="nursery" free="462808" total="2097152" percent="22">
      <mem type="allocate" free="462808" total="1048576" percent="44" />
      <mem type="survivor" free="0" total="1048576" percent="0" />
    </mem>
    <mem type="tenure" free="6054888" total="6291456" percent="96">
      <mem type="soa" free="5740520" total="5977088" percent="96" />
      <mem type="loa" free="314368" total="314368" percent="100" />
    </mem>
    <pending-finalizers system="0" default="0" reference="105" classloader="0" />
    <remembered-set count="3262" />
  </mem-info>
</gc-end>
<cycle-end id="22" type="scavenge" contextid="16" timestamp="2019-06-17T06:59:24.967" />
  <attribute name="elasticGC enabled" value="1" />
  <attribute name= "numThreadsSpecified" value="4" />
  <attribute name="heapSize specified" value="0" />
  <attribute name="Current GC Util" value="36" />
  <attribute name= "Current Time Running" value="115" />
  <attribute name ="GC Interval" value="544" />
  <attribute name="ProportionalT" value="16.000000" />
  <attribute name="ProportionalI" value="16.000000" />
  <attribute name="ProportionalH" value="16.000000" />
  <attribute name="Current Error" value="16.000000" />
  <attribute name="IntegralT" value="528.000000" />
  <attribute name="IntegralI" value="528.000000" />
  <attribute name="IntegralH" value="528.000000" />
  <attribute name="DerivativeT" value="0.484848" />
  <attribute name="DerivativeI" value="0.484848" />
  <attribute name="DerivativeH" value="0.484848" />
  <attribute name="Loop Time for DT" value="33.000000" />
  <attribute name="Output H" value="8388608"/>
  <attribute name="Output I" value="544"/>
  <attribute name="Output T" value="4"/>
  <attribute name="Target GC Util Change" value ="20.000000" />
  <attribute name="Current GC Util Change" value="36.000000"/>
  <attribute name="GC Util currently" value="36" />
  <attribute name="CPU Util currently" value="6" />
<allocation-satisfied id="23" threadId="0000000001467700" bytesRequested="7176" />
<af-end id="24" timestamp="2019-06-17T06:59:24.967" threadId="0000000001468088" success="true" from="nursery"/>
<exclusive-end id="25" timestamp="2019-06-17T06:59:24.967" durationms="6.025" />

<exclusive-start id="26" timestamp="2019-06-17T06:59:24.978" intervalms="17.030">
  <response-info timems="0.061" idlems="0.061" threads="0" lastid="0000000001467700" lastname="main" />
</exclusive-start>
<af-start id="27" threadId="0000000001468088" totalBytesRequested="15368" timestamp="2019-06-17T06:59:24.978" intervalms="17.117" type="nursery" />
<cycle-start id="28" type="scavenge" contextid="0" timestamp="2019-06-17T06:59:24.978" intervalms="17.201" />
<gc-start id="29" type="scavenge" contextid="28" timestamp="2019-06-17T06:59:24.978">
  <mem-info id="30" free="6052200" total="8388608" percent="72">
    <mem type="nursery" free="0" total="2097152" percent="0">
      <mem type="allocate" free="0" total="1048576" percent="0" />
      <mem type="survivor" free="0" total="1048576" percent="0" />
    </mem>
    <mem type="tenure" free="6052200" total="6291456" percent="96">
      <mem type="soa" free="5737832" total="5977088" percent="95" />
      <mem type="loa" free="314368" total="314368" percent="100" />
    </mem>
    <remembered-set count="3295" />
  </mem-info>
</gc-start>
<allocation-stats totalBytes="431232" >
  <allocated-bytes non-tlh="9864" tlh="421368" />
  <largest-consumer threadName="main" threadId="0000000001467700" bytes="423040" />
</allocation-stats>
<gc-op id="31" type="scavenge" timems="0.782" contextid="28" timestamp="2019-06-17T06:59:24.979">
  <scavenger-info tenureage="4" tenuremask="7ff0" tiltratio="50" />
  <memory-copied type="nursery" objects="10933" bytes="568224" bytesdiscarded="107992" />
  <finalization candidates="11" enqueued="0" />
  <references type="soft" candidates="62" cleared="0" enqueued="0" dynamicThreshold="32" maxThreshold="32" />
  <references type="weak" candidates="224" cleared="76" enqueued="76" />
  <references type="phantom" candidates="38" cleared="10" enqueued="10" />
</gc-op>
<gc-end id="32" type="scavenge" contextid="28" durationms="1.057" usertimems="0.000" systemtimems="4.000" timestamp="2019-06-17T06:59:24.979" activeThreads="4">
  <mem-info id="33" free="6423096" total="8388608" percent="76">
    <mem type="nursery" free="370896" total="2097152" percent="17">
      <mem type="allocate" free="370896" total="1048576" percent="35" />
      <mem type="survivor" free="0" total="1048576" percent="0" />
    </mem>
    <mem type="tenure" free="6052200" total="6291456" percent="96">
      <mem type="soa" free="5737832" total="5977088" percent="95" />
      <mem type="loa" free="314368" total="314368" percent="100" />
    </mem>
    <pending-finalizers system="0" default="0" reference="86" classloader="0" />
    <remembered-set count="1025" />
  </mem-info>
</gc-end>
<cycle-end id="34" type="scavenge" contextid="28" timestamp="2019-06-17T06:59:24.980" />
  <attribute name="elasticGC enabled" value="1" />
  <attribute name= "numThreadsSpecified" value="4" />
  <attribute name="heapSize specified" value="0" />
  <attribute name="Current GC Util" value="40" />
  <attribute name= "Current Time Running" value="128" />
  <attribute name ="GC Interval" value="808" />
  <attribute name="ProportionalT" value="20.000000" />
  <attribute name="ProportionalI" value="20.000000" />
  <attribute name="ProportionalH" value="20.000000" />
  <attribute name="Current Error" value="20.000000" />
  <attribute name="IntegralT" value="788.000000" />
  <attribute name="IntegralI" value="788.000000" />
  <attribute name="IntegralH" value="788.000000" />
  <attribute name="DerivativeT" value="0.307692" />
  <attribute name="DerivativeI" value="0.307692" />
  <attribute name="DerivativeH" value="0.307692" />
  <attribute name="Loop Time for DT" value="13.000000" />
  <attribute name="Output H" value="8388608"/>
  <attribute name="Output I" value="808"/>
  <attribute name="Output T" value="4"/>
  <attribute name="Target GC Util Change" value ="20.000000" />
  <attribute name="Current GC Util Change" value="40.000000"/>
  <attribute name="GC Util currently" value="40" />
  <attribute name="CPU Util currently" value="346557445412" />
<allocation-satisfied id="35" threadId="0000000001467700" bytesRequested="15368" />
<af-end id="36" timestamp="2019-06-17T06:59:24.980" threadId="0000000001468088" success="true" from="nursery"/>
<exclusive-end id="37" timestamp="2019-06-17T06:59:24.980" durationms="1.738" />

<exclusive-start id="38" timestamp="2019-06-17T06:59:25.035" intervalms="56.680">
  <response-info timems="0.032" idlems="0.032" threads="0" lastid="0000000001467700" lastname="main" />
</exclusive-start>
<af-start id="39" threadId="0000000001468088" totalBytesRequested="8200" timestamp="2019-06-17T06:59:25.035" intervalms="56.603" type="nursery" />
<cycle-start id="40" type="scavenge" contextid="0" timestamp="2019-06-17T06:59:25.035" intervalms="56.516" />
<gc-start id="41" type="scavenge" contextid="40" timestamp="2019-06-17T06:59:25.035">
  <mem-info id="42" free="6048488" total="8388608" percent="72">
    <mem type="nursery" free="0" total="2097152" percent="0">
      <mem type="allocate" free="0" total="1048576" percent="0" />
      <mem type="survivor" free="0" total="1048576" percent="0" />
    </mem>
    <mem type="tenure" free="6048488" total="6291456" percent="96">
      <mem type="soa" free="5734120" total="5977088" percent="95" />
      <mem type="loa" free="314368" total="314368" percent="100" />
    </mem>
    <remembered-set count="1091" />
  </mem-info>
</gc-start>
<allocation-stats totalBytes="372488" >
  <allocated-bytes non-tlh="62128" tlh="310360" />
  <largest-consumer threadName="main" threadId="0000000001467700" bytes="372488" />
</allocation-stats>
<gc-op id="43" type="scavenge" timems="1.032" contextid="40" timestamp="2019-06-17T06:59:25.036">
  <scavenger-info tenureage="3" tenuremask="7ff8" tiltratio="50" />
  <memory-copied type="nursery" objects="804" bytes="143280" bytesdiscarded="47936" />
  <memory-copied type="tenure" objects="10290" bytes="460032" bytesdiscarded="72" />
  <finalization candidates="13" enqueued="0" />
  <references type="soft" candidates="1" cleared="0" enqueued="0" dynamicThreshold="32" maxThreshold="32" />
  <references type="weak" candidates="61" cleared="45" enqueued="45" />
  <references type="phantom" candidates="19" cleared="9" enqueued="9" />
</gc-op>
<gc-end id="44" type="scavenge" contextid="40" durationms="1.209" usertimems="0.000" systemtimems="0.000" timestamp="2019-06-17T06:59:25.036" activeThreads="4">
  <mem-info id="45" free="6348328" total="8388608" percent="75">
    <mem type="nursery" free="857304" total="2097152" percent="40">
      <mem type="allocate" free="857304" total="1048576" percent="81" />
      <mem type="survivor" free="0" total="1048576" percent="0" />
    </mem>
    <mem type="tenure" free="5491024" total="6291456" percent="87">
      <mem type="soa" free="5176656" total="5977088" percent="86" />
      <mem type="loa" free="314368" total="314368" percent="100" />
    </mem>
    <pending-finalizers system="0" default="0" reference="54" classloader="0" />
    <remembered-set count="208" />
  </mem-info>
</gc-end>
<cycle-end id="46" type="scavenge" contextid="40" timestamp="2019-06-17T06:59:25.036" />
  <attribute name="elasticGC enabled" value="1" />
  <attribute name= "numThreadsSpecified" value="4" />
  <attribute name="heapSize specified" value="0" />
  <attribute name="Current GC Util" value="2" />
  <attribute name= "Current Time Running" value="184" />
  <attribute name ="GC Interval" value="200" />
  <attribute name="ProportionalT" value="-18.000000" />
  <attribute name="ProportionalI" value="-18.000000" />
  <attribute name="ProportionalH" value="-18.000000" />
  <attribute name="Current Error" value="-18.000000" />
  <attribute name="IntegralT" value="-220.000000" />
  <attribute name="IntegralI" value="-220.000000" />
  <attribute name="IntegralH" value="-220.000000" />
  <attribute name="DerivativeT" value="-0.678571" />
  <attribute name="DerivativeI" value="-0.678571" />
  <attribute name="DerivativeH" value="-0.678571" />
  <attribute name="Loop Time for DT" value="56.000000" />
  <attribute name="Output H" value="2092630016"/>
  <attribute name="Output I" value="200"/>
  <attribute name="Output T" value="4"/>
  <attribute name="Target GC Util Change" value ="20.000000" />
  <attribute name="Current GC Util Change" value="2.000000"/>
  <attribute name="GC Util currently" value="2" />
  <attribute name="CPU Util currently" value="0" />
<allocation-satisfied id="47" threadId="0000000001467700" bytesRequested="8200" />
<af-end id="48" timestamp="2019-06-17T06:59:25.036" threadId="0000000001468088" success="true" from="nursery"/>
<exclusive-end id="49" timestamp="2019-06-17T06:59:25.036" durationms="1.798" />

<exclusive-start id="50" timestamp="2019-06-17T06:59:25.200" intervalms="165.040">
  <response-info timems="0.020" idlems="0.020" threads="0" lastid="0000000001467700" lastname="main" />
</exclusive-start>
<af-start id="51" threadId="0000000001468088" totalBytesRequested="2056" timestamp="2019-06-17T06:59:25.200" intervalms="165.046" type="nursery" />
<cycle-start id="52" type="scavenge" contextid="0" timestamp="2019-06-17T06:59:25.200" intervalms="165.048" />
<gc-start id="53" type="scavenge" contextid="52" timestamp="2019-06-17T06:59:25.200">
  <mem-info id="54" free="5490104" total="8388608" percent="65">
    <mem type="nursery" free="0" total="2097152" percent="0">
      <mem type="allocate" free="0" total="1048576" percent="0" />
      <mem type="survivor" free="0" total="1048576" percent="0" />
    </mem>
    <mem type="tenure" free="5490104" total="6291456" percent="87">
      <mem type="soa" free="5175736" total="5977088" percent="86" />
      <mem type="loa" free="314368" total="314368" percent="100" />
    </mem>
    <remembered-set count="222" />
  </mem-info>
</gc-start>
<allocation-stats totalBytes="850088" >
  <allocated-bytes non-tlh="9120" tlh="840968" />
  <largest-consumer threadName="main" threadId="0000000001467700" bytes="850088" />
</allocation-stats>
<gc-op id="55" type="scavenge" timems="0.497" contextid="52" timestamp="2019-06-17T06:59:25.201">
  <scavenger-info tenureage="3" tenuremask="7ff8" tiltratio="50" />
  <memory-copied type="nursery" objects="485" bytes="155184" bytesdiscarded="147136" />
  <memory-copied type="tenure" objects="303" bytes="15168" bytesdiscarded="0" />
  <finalization candidates="3" enqueued="1" />
  <references type="soft" candidates="1" cleared="0" enqueued="0" dynamicThreshold="32" maxThreshold="32" />
  <references type="weak" candidates="8" cleared="6" enqueued="6" />
  <references type="phantom" candidates="9" cleared="4" enqueued="4" />
</gc-op>
<gc-end id="56" type="scavenge" contextid="52" durationms="0.676" usertimems="4.000" systemtimems="0.000" timestamp="2019-06-17T06:59:25.201" activeThreads="4">
  <mem-info id="57" free="6197112" total="8388608" percent="73">
    <mem type="nursery" free="746176" total="2097152" percent="35">
      <mem type="allocate" free="746176" total="1048576" percent="71" />
      <mem type="survivor" free="0" total="1048576" percent="0" />
    </mem>
    <mem type="tenure" free="5450936" total="6291456" percent="86">
      <mem type="soa" free="5136568" total="5977088" percent="85" />
      <mem type="loa" free="314368" total="314368" percent="100" />
    </mem>
    <pending-finalizers system="1" default="0" reference="10" classloader="0" />
    <remembered-set count="171" />
  </mem-info>
</gc-end>
<cycle-end id="58" type="scavenge" contextid="52" timestamp="2019-06-17T06:59:25.201" />
  <attribute name="elasticGC enabled" value="1" />
  <attribute name= "numThreadsSpecified" value="4" />
  <attribute name="heapSize specified" value="0" />
  <attribute name="Current GC Util" value="1" />
  <attribute name= "Current Time Running" value="349" />
  <attribute name ="GC Interval" value="200" />
  <attribute name="ProportionalT" value="-19.000000" />
  <attribute name="ProportionalI" value="-19.000000" />
  <attribute name="ProportionalH" value="-19.000000" />
  <attribute name="Current Error" value="-19.000000" />
  <attribute name="IntegralT" value="-3355.000000" />
  <attribute name="IntegralI" value="-3355.000000" />
  <attribute name="IntegralH" value="-3355.000000" />
  <attribute name="DerivativeT" value="-0.115152" />
  <attribute name="DerivativeI" value="-0.115152" />
  <attribute name="DerivativeH" value="-0.115152" />
  <attribute name="Loop Time for DT" value="165.000000" />
  <attribute name="Output H" value="2092630016"/>
  <attribute name="Output I" value="200"/>
  <attribute name="Output T" value="4"/>
  <attribute name="Target GC Util Change" value ="20.000000" />
  <attribute name="Current GC Util Change" value="1.000000"/>
  <attribute name="GC Util currently" value="1" />
  <attribute name="CPU Util currently" value="15" />
<allocation-satisfied id="59" threadId="0000000001467700" bytesRequested="2056" />
<af-end id="60" timestamp="2019-06-17T06:59:25.201" threadId="0000000001468088" success="true" from="nursery"/>
<exclusive-end id="61" timestamp="2019-06-17T06:59:25.201" durationms="1.119" />

<exclusive-start id="62" timestamp="2019-06-17T06:59:25.295" intervalms="95.321">
  <response-info timems="0.031" idlems="0.031" threads="0" lastid="0000000001467700" lastname="main" />
</exclusive-start>
<af-start id="63" threadId="0000000001468088" totalBytesRequested="2056" timestamp="2019-06-17T06:59:25.295" intervalms="95.316" type="nursery" />
<cycle-start id="64" type="scavenge" contextid="0" timestamp="2019-06-17T06:59:25.295" intervalms="95.315" />
<gc-start id="65" type="scavenge" contextid="64" timestamp="2019-06-17T06:59:25.295">
  <mem-info id="66" free="5450936" total="8388608" percent="64">
    <mem type="nursery" free="0" total="2097152" percent="0">
      <mem type="allocate" free="0" total="1048576" percent="0" />
      <mem type="survivor" free="0" total="1048576" percent="0" />
    </mem>
    <mem type="tenure" free="5450936" total="6291456" percent="86">
      <mem type="soa" free="5136568" total="5977088" percent="85" />
      <mem type="loa" free="314368" total="314368" percent="100" />
    </mem>
    <remembered-set count="173" />
  </mem-info>
</gc-start>
<allocation-stats totalBytes="738736" >
  <allocated-bytes non-tlh="2056" tlh="736680" />
  <largest-consumer threadName="main" threadId="0000000001467700" bytes="738736" />
</allocation-stats>
<gc-op id="67" type="scavenge" timems="0.310" contextid="64" timestamp="2019-06-17T06:59:25.296">
  <scavenger-info tenureage="3" tenuremask="fff8" tiltratio="50" />
  <memory-copied type="nursery" objects="429" bytes="86888" bytesdiscarded="15960" />
  <memory-copied type="tenure" objects="29" bytes="1760" bytesdiscarded="0" />
  <finalization candidates="2" enqueued="0" />
  <references type="soft" candidates="1" cleared="0" enqueued="0" dynamicThreshold="32" maxThreshold="32" />
  <references type="weak" candidates="1" cleared="0" enqueued="0" />
  <references type="phantom" candidates="5" cleared="0" enqueued="0" />
</gc-op>
<gc-end id="68" type="scavenge" contextid="64" durationms="0.543" usertimems="0.000" systemtimems="0.000" timestamp="2019-06-17T06:59:25.296" activeThreads="4">
  <mem-info id="69" free="6462120" total="8388608" percent="77">
    <mem type="nursery" free="1011184" total="2097152" percent="48">
      <mem type="allocate" free="1011184" total="1114112" percent="90" />
      <mem type="survivor" free="0" total="983040" percent="0" />
    </mem>
    <mem type="tenure" free="5450936" total="6291456" percent="86">
      <mem type="soa" free="5136568" total="5977088" percent="85" />
      <mem type="loa" free="314368" total="314368" percent="100" />
    </mem>
    <remembered-set count="94" />
  </mem-info>
</gc-end>
<cycle-end id="70" type="scavenge" contextid="64" timestamp="2019-06-17T06:59:25.296" />
  <attribute name="elasticGC enabled" value="1" />
  <attribute name= "numThreadsSpecified" value="4" />
  <attribute name="heapSize specified" value="0" />
  <attribute name="Current GC Util" value="0" />
  <attribute name= "Current Time Running" value="445" />
  <attribute name ="GC Interval" value="200" />
  <attribute name="ProportionalT" value="-20.000000" />
  <attribute name="ProportionalI" value="-20.000000" />
  <attribute name="ProportionalH" value="-20.000000" />
  <attribute name="Current Error" value="-20.000000" />
  <attribute name="IntegralT" value="-5275.000000" />
  <attribute name="IntegralI" value="-5275.000000" />
  <attribute name="IntegralH" value="-5275.000000" />
  <attribute name="DerivativeT" value="-0.208333" />
  <attribute name="DerivativeI" value="-0.208333" />
  <attribute name="DerivativeH" value="-0.208333" />
  <attribute name="Loop Time for DT" value="96.000000" />
  <attribute name="Output H" value="2092630016"/>
  <attribute name="Output I" value="200"/>
  <attribute name="Output T" value="4"/>
  <attribute name="Target GC Util Change" value ="20.000000" />
  <attribute name="Current GC Util Change" value="0.000000"/>
  <attribute name="GC Util currently" value="0" />
  <attribute name="CPU Util currently" value="10" />
<allocation-satisfied id="71" threadId="0000000001467700" bytesRequested="2056" />
<af-end id="72" timestamp="2019-06-17T06:59:25.296" threadId="0000000001468088" success="true" from="nursery"/>
<exclusive-end id="73" timestamp="2019-06-17T06:59:25.296" durationms="0.971" />

<exclusive-start id="74" timestamp="2019-06-17T06:59:25.417" intervalms="121.563">
  <response-info timems="0.023" idlems="0.023" threads="0" lastid="0000000001467700" lastname="main" />
</exclusive-start>
<af-start id="75" threadId="0000000001468088" totalBytesRequested="2056" timestamp="2019-06-17T06:59:25.417" intervalms="121.563" type="nursery" />
<cycle-start id="76" type="scavenge" contextid="0" timestamp="2019-06-17T06:59:25.417" intervalms="121.563" />
<gc-start id="77" type="scavenge" contextid="76" timestamp="2019-06-17T06:59:25.417">
  <mem-info id="78" free="5450936" total="8388608" percent="64">
    <mem type="nursery" free="0" total="2097152" percent="0">
      <mem type="allocate" free="0" total="1114112" percent="0" />
      <mem type="survivor" free="0" total="983040" percent="0" />
    </mem>
    <mem type="tenure" free="5450936" total="6291456" percent="86">
      <mem type="soa" free="5136568" total="5977088" percent="85" />
      <mem type="loa" free="314368" total="314368" percent="100" />
    </mem>
    <remembered-set count="94" />
  </mem-info>
</gc-start>
<allocation-stats totalBytes="1006728" >
  <allocated-bytes non-tlh="2056" tlh="1004672" />
  <largest-consumer threadName="main" threadId="0000000001467700" bytes="1006728" />
</allocation-stats>
<gc-op id="79" type="scavenge" timems="0.286" contextid="76" timestamp="2019-06-17T06:59:25.417">
  <scavenger-info tenureage="4" tenuremask="fff0" tiltratio="53" />
  <memory-copied type="nursery" objects="428" bytes="84912" bytesdiscarded="87824" />
  <finalization candidates="2" enqueued="0" />
  <references type="soft" candidates="1" cleared="0" enqueued="0" dynamicThreshold="32" maxThreshold="32" />
  <references type="weak" candidates="1" cleared="0" enqueued="0" />
  <references type="phantom" candidates="5" cleared="0" enqueued="0" />
</gc-op>
<gc-end id="80" type="scavenge" contextid="76" durationms="0.465" usertimems="4.000" systemtimems="0.000" timestamp="2019-06-17T06:59:25.417" activeThreads="4">
  <mem-info id="81" free="6588840" total="8388608" percent="78">
    <mem type="nursery" free="1137904" total="2097152" percent="54">
      <mem type="allocate" free="1137904" total="1310720" percent="86" />
      <mem type="survivor" free="0" total="786432" percent="0" />
    </mem>
    <mem type="tenure" free="5450936" total="6291456" percent="86">
      <mem type="soa" free="5136568" total="5977088" percent="85" />
      <mem type="loa" free="314368" total="314368" percent="100" />
    </mem>
    <remembered-set count="82" />
  </mem-info>
</gc-end>
<cycle-end id="82" type="scavenge" contextid="76" timestamp="2019-06-17T06:59:25.417" />
  <attribute name="elasticGC enabled" value="1" />
  <attribute name= "numThreadsSpecified" value="4" />
  <attribute name="heapSize specified" value="0" />
  <attribute name="Current GC Util" value="0" />
  <attribute name= "Current Time Running" value="566" />
  <attribute name ="GC Interval" value="200" />
  <attribute name="ProportionalT" value="-20.000000" />
  <attribute name="ProportionalI" value="-20.000000" />
  <attribute name="ProportionalH" value="-20.000000" />
  <attribute name="Current Error" value="-20.000000" />
  <attribute name="IntegralT" value="-2420.000000" />
  <attribute name="IntegralI" value="-2420.000000" />
  <attribute name="IntegralH" value="-2420.000000" />
  <attribute name="DerivativeT" value="-0.165289" />
  <attribute name="DerivativeI" value="-0.165289" />
  <attribute name="DerivativeH" value="-0.165289" />
  <attribute name="Loop Time for DT" value="121.000000" />
  <attribute name="Output H" value="2092630016"/>
  <attribute name="Output I" value="200"/>
  <attribute name="Output T" value="4"/>
  <attribute name="Target GC Util Change" value ="20.000000" />
  <attribute name="Current GC Util Change" value="0.000000"/>
  <attribute name="GC Util currently" value="0" />
  <attribute name="CPU Util currently" value="13" />
<allocation-satisfied id="83" threadId="0000000001467700" bytesRequested="2056" />
<af-end id="84" timestamp="2019-06-17T06:59:25.417" threadId="0000000001468088" success="true" from="nursery"/>
<exclusive-end id="85" timestamp="2019-06-17T06:59:25.417" durationms="0.896" />

<exclusive-start id="86" timestamp="2019-06-17T06:59:25.529" intervalms="112.473">
  <response-info timems="0.030" idlems="0.030" threads="0" lastid="0000000001467700" lastname="main" />
</exclusive-start>
<af-start id="87" threadId="0000000001468088" totalBytesRequested="19488" timestamp="2019-06-17T06:59:25.529" intervalms="112.473" type="nursery" />
<cycle-start id="88" type="scavenge" contextid="0" timestamp="2019-06-17T06:59:25.529" intervalms="112.472" />
<gc-start id="89" type="scavenge" contextid="88" timestamp="2019-06-17T06:59:25.529">
  <mem-info id="90" free="5450456" total="8388608" percent="64">
    <mem type="nursery" free="0" total="2097152" percent="0">
      <mem type="allocate" free="0" total="1310720" percent="0" />
      <mem type="survivor" free="0" total="786432" percent="0" />
    </mem>
    <mem type="tenure" free="5450456" total="6291456" percent="86">
      <mem type="soa" free="5136088" total="5977088" percent="85" />
      <mem type="loa" free="314368" total="314368" percent="100" />
    </mem>
    <remembered-set count="93" />
  </mem-info>
</gc-start>
<allocation-stats totalBytes="1134952" >
  <allocated-bytes non-tlh="81264" tlh="1053688" />
  <largest-consumer threadName="main" threadId="0000000001467700" bytes="1134952" />
</allocation-stats>
<gc-op id="91" type="scavenge" timems="0.359" contextid="88" timestamp="2019-06-17T06:59:25.530">
  <scavenger-info tenureage="3" tenuremask="fff8" tiltratio="62" />
  <memory-copied type="nursery" objects="237" bytes="172792" bytesdiscarded="77600" />
  <memory-copied type="tenure" objects="370" bytes="63336" bytesdiscarded="40" />
  <finalization candidates="2" enqueued="0" />
  <references type="soft" candidates="1" cleared="0" enqueued="0" dynamicThreshold="32" maxThreshold="32" />
  <references type="phantom" candidates="11" cleared="0" enqueued="0" />
</gc-op>
<gc-end id="92" type="scavenge" contextid="88" durationms="0.545" usertimems="0.000" systemtimems="0.000" timestamp="2019-06-17T06:59:25.530" activeThreads="4">
  <mem-info id="93" free="6465432" total="8388608" percent="77">
    <mem type="nursery" free="1125848" total="2097152" percent="53">
      <mem type="allocate" free="1125848" total="1376256" percent="81" />
      <mem type="survivor" free="0" total="720896" percent="0" />
    </mem>
    <mem type="tenure" free="5339584" total="6291456" percent="84">
      <mem type="soa" free="5025216" total="5977088" percent="84" />
      <mem type="loa" free="314368" total="314368" percent="100" />
    </mem>
    <remembered-set count="82" />
  </mem-info>
</gc-end>
<cycle-end id="94" type="scavenge" contextid="88" timestamp="2019-06-17T06:59:25.530" />
  <attribute name="elasticGC enabled" value="1" />
  <attribute name= "numThreadsSpecified" value="4" />
  <attribute name="heapSize specified" value="0" />
  <attribute name="Current GC Util" value="0" />
  <attribute name= "Current Time Running" value="679" />
  <attribute name ="GC Interval" value="200" />
  <attribute name="ProportionalT" value="-20.000000" />
  <attribute name="ProportionalI" value="-20.000000" />
  <attribute name="ProportionalH" value="-20.000000" />
  <attribute name="Current Error" value="-20.000000" />
  <attribute name="IntegralT" value="-2260.000000" />
  <attribute name="IntegralI" value="-2260.000000" />
  <attribute name="IntegralH" value="-2260.000000" />
  <attribute name="DerivativeT" value="-0.176991" />
  <attribute name="DerivativeI" value="-0.176991" />
  <attribute name="DerivativeH" value="-0.176991" />
  <attribute name="Loop Time for DT" value="113.000000" />
  <attribute name="Output H" value="2092630016"/>
  <attribute name="Output I" value="200"/>
  <attribute name="Output T" value="4"/>
  <attribute name="Target GC Util Change" value ="20.000000" />
  <attribute name="Current GC Util Change" value="0.000000"/>
  <attribute name="GC Util currently" value="0" />
  <attribute name="CPU Util currently" value="6" />
<allocation-satisfied id="95" threadId="0000000001467700" bytesRequested="19488" />
<af-end id="96" timestamp="2019-06-17T06:59:25.530" threadId="0000000001468088" success="true" from="nursery"/>
<exclusive-end id="97" timestamp="2019-06-17T06:59:25.530" durationms="0.986" />

<exclusive-start id="98" timestamp="2019-06-17T06:59:25.567" intervalms="38.058">
  <response-info timems="0.037" idlems="0.037" threads="0" lastid="0000000001467700" lastname="main" />
</exclusive-start>
<af-start id="99" threadId="0000000001468088" totalBytesRequested="2712" timestamp="2019-06-17T06:59:25.567" intervalms="38.133" type="nursery" />
<cycle-start id="100" type="scavenge" contextid="0" timestamp="2019-06-17T06:59:25.567" intervalms="38.203" />
<gc-start id="101" type="scavenge" contextid="100" timestamp="2019-06-17T06:59:25.567">
  <mem-info id="102" free="5324256" total="8388608" percent="63">
    <mem type="nursery" free="0" total="2097152" percent="0">
      <mem type="allocate" free="0" total="1376256" percent="0" />
      <mem type="survivor" free="0" total="720896" percent="0" />
    </mem>
    <mem type="tenure" free="5324256" total="6291456" percent="84">
      <mem type="soa" free="5009888" total="5977088" percent="83" />
      <mem type="loa" free="314368" total="314368" percent="100" />
    </mem>
    <remembered-set count="346" />
  </mem-info>
</gc-start>
<allocation-stats totalBytes="1135920" >
  <allocated-bytes non-tlh="124224" tlh="1011696" />
  <largest-consumer threadName="main" threadId="0000000001467700" bytes="1135920" />
</allocation-stats>
<gc-op id="103" type="scavenge" timems="0.490" contextid="100" timestamp="2019-06-17T06:59:25.568">
  <scavenger-info tenureage="3" tenuremask="ffe8" tiltratio="65" />
  <memory-copied type="nursery" objects="3917" bytes="494056" bytesdiscarded="101712" />
  <finalization candidates="32" enqueued="0" />
  <ownableSynchronizers candidates="4" cleared="3" />
  <references type="soft" candidates="3" cleared="0" enqueued="0" dynamicThreshold="32" maxThreshold="32" />
  <references type="weak" candidates="487" cleared="236" enqueued="172" />
  <references type="phantom" candidates="27" cleared="3" enqueued="3" />
</gc-op>
<gc-end id="104" type="scavenge" contextid="100" durationms="0.798" usertimems="4.000" systemtimems="0.000" timestamp="2019-06-17T06:59:25.568" activeThreads="4">
  <mem-info id="105" free="5973544" total="8388608" percent="71">
    <mem type="nursery" free="649288" total="2097152" percent="30">
      <mem type="allocate" free="649288" total="1245184" percent="52" />
      <mem type="survivor" free="0" total="851968" percent="0" />
    </mem>
    <mem type="tenure" free="5324256" total="6291456" percent="84">
      <mem type="soa" free="5009888" total="5977088" percent="83" />
      <mem type="loa" free="314368" total="314368" percent="100" />
    </mem>
    <pending-finalizers system="0" default="0" reference="175" classloader="0" />
    <remembered-set count="343" />
  </mem-info>
</gc-end>
<cycle-end id="106" type="scavenge" contextid="100" timestamp="2019-06-17T06:59:25.568" />
  <attribute name="elasticGC enabled" value="1" />
  <attribute name= "numThreadsSpecified" value="4" />
  <attribute name="heapSize specified" value="0" />
  <attribute name="Current GC Util" value="1" />
  <attribute name= "Current Time Running" value="717" />
  <attribute name ="GC Interval" value="200" />
  <attribute name="ProportionalT" value="-19.000000" />
  <attribute name="ProportionalI" value="-19.000000" />
  <attribute name="ProportionalH" value="-19.000000" />
  <attribute name="Current Error" value="-19.000000" />
  <attribute name="IntegralT" value="-722.000000" />
  <attribute name="IntegralI" value="-722.000000" />
  <attribute name="IntegralH" value="-722.000000" />
  <attribute name="DerivativeT" value="-0.500000" />
  <attribute name="DerivativeI" value="-0.500000" />
  <attribute name="DerivativeH" value="-0.500000" />
  <attribute name="Loop Time for DT" value="38.000000" />
  <attribute name="Output H" value="2092630016"/>
  <attribute name="Output I" value="200"/>
  <attribute name="Output T" value="4"/>
  <attribute name="Target GC Util Change" value ="20.000000" />
  <attribute name="Current GC Util Change" value="1.000000"/>
  <attribute name="GC Util currently" value="1" />
  <attribute name="CPU Util currently" value="17" />
<allocation-satisfied id="107" threadId="0000000001467700" bytesRequested="2712" />
<af-end id="108" timestamp="2019-06-17T06:59:25.569" threadId="0000000001468088" success="true" from="nursery"/>
<exclusive-end id="109" timestamp="2019-06-17T06:59:25.569" durationms="1.483" />

<exclusive-start id="110" timestamp="2019-06-17T06:59:25.569" intervalms="1.675">
  <response-info timems="0.023" idlems="0.023" threads="0" lastid="0000000001467700" lastname="main" />
</exclusive-start>
<af-start id="111" threadId="0000000001468088" totalBytesRequested="10344" timestamp="2019-06-17T06:59:25.569" intervalms="1.583" type="nursery" />
<cycle-start id="112" type="scavenge" contextid="0" timestamp="2019-06-17T06:59:25.569" intervalms="1.513" />
<gc-start id="113" type="scavenge" contextid="112" timestamp="2019-06-17T06:59:25.569">
  <mem-info id="114" free="5324256" total="8388608" percent="63">
    <mem type="nursery" free="0" total="2097152" percent="0">
      <mem type="allocate" free="0" total="1245184" percent="0" />
      <mem type="survivor" free="0" total="851968" percent="0" />
    </mem>
    <mem type="tenure" free="5324256" total="6291456" percent="84">
      <mem type="soa" free="5009888" total="5977088" percent="83" />
      <mem type="loa" free="314368" total="314368" percent="100" />
    </mem>
    <pending-finalizers system="0" default="0" reference="99" classloader="0" />
    <remembered-set count="347" />
  </mem-info>
</gc-start>
<allocation-stats totalBytes="622768" >
  <allocated-bytes non-tlh="2712" tlh="620056" />
  <largest-consumer threadName="main" threadId="0000000001467700" bytes="618672" />
</allocation-stats>
<gc-op id="115" type="scavenge" timems="0.420" contextid="112" timestamp="2019-06-17T06:59:25.569">
  <scavenger-info tenureage="3" tenuremask="fff8" tiltratio="59" />
  <memory-copied type="nursery" objects="3849" bytes="495872" bytesdiscarded="59288" />
  <finalization candidates="32" enqueued="0" />
  <ownableSynchronizers candidates="1" cleared="0" />
  <references type="soft" candidates="3" cleared="0" enqueued="0" dynamicThreshold="32" maxThreshold="32" />
  <references type="weak" candidates="251" cleared="0" enqueued="0" />
  <references type="phantom" candidates="24" cleared="0" enqueued="0" />
</gc-op>
<gc-end id="116" type="scavenge" contextid="112" durationms="0.589" usertimems="0.000" systemtimems="0.000" timestamp="2019-06-17T06:59:25.570" activeThreads="4">
  <mem-info id="117" free="6210776" total="8388608" percent="74">
    <mem type="nursery" free="886520" total="2097152" percent="42">
      <mem type="allocate" free="886520" total="1441792" percent="61" />
      <mem type="survivor" free="0" total="655360" percent="0" />
    </mem>
    <mem type="tenure" free="5324256" total="6291456" percent="84">
      <mem type="soa" free="5009888" total="5977088" percent="83" />
      <mem type="loa" free="314368" total="314368" percent="100" />
    </mem>
    <pending-finalizers system="0" default="0" reference="99" classloader="0" />
    <remembered-set count="332" />
  </mem-info>
</gc-end>
<cycle-end id="118" type="scavenge" contextid="112" timestamp="2019-06-17T06:59:25.570" />
  <attribute name="elasticGC enabled" value="1" />
  <attribute name= "numThreadsSpecified" value="4" />
  <attribute name="heapSize specified" value="0" />
  <attribute name="Current GC Util" value="69" />
  <attribute name= "Current Time Running" value="718" />
  <attribute name ="GC Interval" value="200" />
  <attribute name="ProportionalT" value="49.000000" />
  <attribute name="ProportionalI" value="49.000000" />
  <attribute name="ProportionalH" value="49.000000" />
  <attribute name="Current Error" value="49.000000" />
  <attribute name="IntegralT" value="49.000000" />
  <attribute name="IntegralI" value="49.000000" />
  <attribute name="IntegralH" value="49.000000" />
  <attribute name="DerivativeT" value="49.000000" />
  <attribute name="DerivativeI" value="49.000000" />
  <attribute name="DerivativeH" value="49.000000" />
  <attribute name="Loop Time for DT" value="1.000000" />
  <attribute name="Output H" value="8388608"/>
  <attribute name="Output I" value="200"/>
  <attribute name="Output T" value="4"/>
  <attribute name="Target GC Util Change" value ="20.000000" />
  <attribute name="Current GC Util Change" value="69.000000"/>
  <attribute name="GC Util currently" value="69" />
  <attribute name="CPU Util currently" value="3374509753832" />
<allocation-satisfied id="119" threadId="0000000001467700" bytesRequested="10344" />
<af-end id="120" timestamp="2019-06-17T06:59:25.570" threadId="0000000001468088" success="true" from="nursery"/>
<exclusive-end id="121" timestamp="2019-06-17T06:59:25.570" durationms="0.996" />

<exclusive-start id="122" timestamp="2019-06-17T06:59:25.570" intervalms="1.189">
  <response-info timems="0.023" idlems="0.023" threads="0" lastid="0000000001467700" lastname="main" />
</exclusive-start>
<af-start id="123" threadId="0000000001468088" totalBytesRequested="7256" timestamp="2019-06-17T06:59:25.570" intervalms="1.189" type="nursery" />
<cycle-start id="124" type="scavenge" contextid="0" timestamp="2019-06-17T06:59:25.570" intervalms="1.188" />
<gc-start id="125" type="scavenge" contextid="124" timestamp="2019-06-17T06:59:25.570">
  <mem-info id="126" free="5324256" total="8388608" percent="63">
    <mem type="nursery" free="0" total="2097152" percent="0">
      <mem type="allocate" free="0" total="1441792" percent="0" />
      <mem type="survivor" free="0" total="655360" percent="0" />
    </mem>
    <mem type="tenure" free="5324256" total="6291456" percent="84">
      <mem type="soa" free="5009888" total="5977088" percent="83" />
      <mem type="loa" free="314368" total="314368" percent="100" />
    </mem>
    <pending-finalizers system="0" default="0" reference="11" classloader="0" />
    <remembered-set count="332" />
  </mem-info>
</gc-start>
<allocation-stats totalBytes="842440" >
  <allocated-bytes non-tlh="10344" tlh="832096" />
  <largest-consumer threadName="main" threadId="0000000001467700" bytes="838344" />
</allocation-stats>
<gc-op id="127" type="scavenge" timems="0.443" contextid="124" timestamp="2019-06-17T06:59:25.571">
  <scavenger-info tenureage="3" tenuremask="fff8" tiltratio="68" />
  <memory-copied type="nursery" objects="3589" bytes="379824" bytesdiscarded="42696" />
  <memory-copied type="tenure" objects="208" bytes="124232" bytesdiscarded="0" />
  <finalization candidates="32" enqueued="0" />
  <ownableSynchronizers candidates="1" cleared="0" />
  <references type="soft" candidates="2" cleared="0" enqueued="0" dynamicThreshold="32" maxThreshold="32" />
  <references type="weak" candidates="251" cleared="0" enqueued="0" />
  <references type="phantom" candidates="13" cleared="0" enqueued="0" />
</gc-op>
<gc-end id="128" type="scavenge" contextid="124" durationms="0.620" usertimems="0.000" systemtimems="0.000" timestamp="2019-06-17T06:59:25.571" activeThreads="4">
  <mem-info id="129" free="6330232" total="8388608" percent="75">
    <mem type="nursery" free="1084704" total="2097152" percent="51">
      <mem type="allocate" free="1084704" total="1507328" percent="71" />
      <mem type="survivor" free="0" total="589824" percent="0" />
    </mem>
    <mem type="tenure" free="5245528" total="6291456" percent="83">
      <mem type="soa" free="4931160" total="5977088" percent="82" />
      <mem type="loa" free="314368" total="314368" percent="100" />
    </mem>
    <pending-finalizers system="0" default="0" reference="11" classloader="0" />
    <remembered-set count="213" />
  </mem-info>
</gc-end>
<cycle-end id="130" type="scavenge" contextid="124" timestamp="2019-06-17T06:59:25.571" />
  <attribute name="elasticGC enabled" value="1" />
  <attribute name= "numThreadsSpecified" value="4" />
  <attribute name="heapSize specified" value="0" />
  <attribute name="Current GC Util" value="62" />
  <attribute name= "Current Time Running" value="720" />
  <attribute name ="GC Interval" value="200" />
  <attribute name="ProportionalT" value="42.000000" />
  <attribute name="ProportionalI" value="42.000000" />
  <attribute name="ProportionalH" value="42.000000" />
  <attribute name="Current Error" value="42.000000" />
  <attribute name="IntegralT" value="84.000000" />
  <attribute name="IntegralI" value="84.000000" />
  <attribute name="IntegralH" value="84.000000" />
  <attribute name="DerivativeT" value="-3.500000" />
  <attribute name="DerivativeI" value="-3.500000" />
  <attribute name="DerivativeH" value="-3.500000" />
  <attribute name="Loop Time for DT" value="2.000000" />
  <attribute name="Output H" value="8388608"/>
  <attribute name="Output I" value="200"/>
  <attribute name="Output T" value="4"/>
  <attribute name="Target GC Util Change" value ="20.000000" />
  <attribute name="Current GC Util Change" value="62.000000"/>
  <attribute name="GC Util currently" value="62" />
  <attribute name="CPU Util currently" value="3882508259144" />
<allocation-satisfied id="131" threadId="0000000001467700" bytesRequested="7256" />
<af-end id="132" timestamp="2019-06-17T06:59:25.571" threadId="0000000001468088" success="true" from="nursery"/>
<exclusive-end id="133" timestamp="2019-06-17T06:59:25.571" durationms="1.032" />

<exclusive-start id="134" timestamp="2019-06-17T06:59:25.571" intervalms="1.225">
  <response-info timems="0.028" idlems="0.028" threads="0" lastid="0000000001467700" lastname="main" />
</exclusive-start>
<af-start id="135" threadId="0000000001468088" totalBytesRequested="18304" timestamp="2019-06-17T06:59:25.571" intervalms="1.227" type="nursery" />
<cycle-start id="136" type="scavenge" contextid="0" timestamp="2019-06-17T06:59:25.571" intervalms="1.228" />
<gc-start id="137" type="scavenge" contextid="136" timestamp="2019-06-17T06:59:25.571">
  <mem-info id="138" free="5245528" total="8388608" percent="62">
    <mem type="nursery" free="0" total="2097152" percent="0">
      <mem type="allocate" free="0" total="1507328" percent="0" />
      <mem type="survivor" free="0" total="589824" percent="0" />
    </mem>
    <mem type="tenure" free="5245528" total="6291456" percent="83">
      <mem type="soa" free="4931160" total="5977088" percent="82" />
      <mem type="loa" free="314368" total="314368" percent="100" />
    </mem>
    <remembered-set count="213" />
  </mem-info>
</gc-start>
<allocation-stats totalBytes="1004488" >
  <allocated-bytes non-tlh="7256" tlh="997232" />
  <largest-consumer threadName="main" threadId="0000000001467700" bytes="1004488" />
</allocation-stats>
<gc-op id="139" type="scavenge" timems="0.410" contextid="136" timestamp="2019-06-17T06:59:25.572">
  <scavenger-info tenureage="3" tenuremask="fff8" tiltratio="71" />
  <memory-copied type="nursery" objects="6" bytes="11256" bytesdiscarded="128520" />
  <memory-copied type="tenure" objects="3536" bytes="361648" bytesdiscarded="80" />
  <finalization candidates="32" enqueued="0" />
  <ownableSynchronizers candidates="1" cleared="0" />
</gc-op>
<gc-end id="140" type="scavenge" contextid="136" durationms="0.585" usertimems="0.000" systemtimems="4.000" timestamp="2019-06-17T06:59:25.572" activeThreads="4">
  <mem-info id="141" free="6274824" total="8388608" percent="74">
    <mem type="nursery" free="1367552" total="2097152" percent="65">
      <mem type="allocate" free="1367552" total="1507328" percent="90" />
      <mem type="survivor" free="0" total="589824" percent="0" />
    </mem>
    <mem type="tenure" free="4907272" total="6291456" percent="77">
      <mem type="soa" free="4592904" total="5977088" percent="76" />
      <mem type="loa" free="314368" total="314368" percent="100" />
    </mem>
    <remembered-set count="61" />
  </mem-info>
</gc-end>
<cycle-end id="142" type="scavenge" contextid="136" timestamp="2019-06-17T06:59:25.572" />
  <attribute name="elasticGC enabled" value="1" />
  <attribute name= "numThreadsSpecified" value="4" />
  <attribute name="heapSize specified" value="0" />
  <attribute name="Current GC Util" value="64" />
  <attribute name= "Current Time Running" value="721" />
  <attribute name ="GC Interval" value="200" />
  <attribute name="ProportionalT" value="44.000000" />
  <attribute name="ProportionalI" value="44.000000" />
  <attribute name="ProportionalH" value="44.000000" />
  <attribute name="Current Error" value="44.000000" />
  <attribute name="IntegralT" value="44.000000" />
  <attribute name="IntegralI" value="44.000000" />
  <attribute name="IntegralH" value="44.000000" />
  <attribute name="DerivativeT" value="2.000000" />
  <attribute name="DerivativeI" value="2.000000" />
  <attribute name="DerivativeH" value="2.000000" />
  <attribute name="Loop Time for DT" value="1.000000" />
  <attribute name="Output H" value="8388608"/>
  <attribute name="Output I" value="200"/>
  <attribute name="Output T" value="4"/>
  <attribute name="Target GC Util Change" value ="20.000000" />
  <attribute name="Current GC Util Change" value="64.000000"/>
  <attribute name="GC Util currently" value="64" />
  <attribute name="CPU Util currently" value="3757644759254" />
<allocation-satisfied id="143" threadId="0000000001467700" bytesRequested="18304" />
<af-end id="144" timestamp="2019-06-17T06:59:25.572" threadId="0000000001468088" success="true" from="nursery"/>
<exclusive-end id="145" timestamp="2019-06-17T06:59:25.572" durationms="1.002" />

<exclusive-start id="146" timestamp="2019-06-17T06:59:25.572" intervalms="1.186">
  <response-info timems="0.023" idlems="0.023" threads="0" lastid="0000000001467700" lastname="main" />
</exclusive-start>
<af-start id="147" threadId="0000000001468088" totalBytesRequested="22296" timestamp="2019-06-17T06:59:25.572" intervalms="1.183" type="nursery" />
<cycle-start id="148" type="scavenge" contextid="0" timestamp="2019-06-17T06:59:25.573" intervalms="1.183" />
<gc-start id="149" type="scavenge" contextid="148" timestamp="2019-06-17T06:59:25.573">
  <mem-info id="150" free="4907272" total="8388608" percent="58">
    <mem type="nursery" free="0" total="2097152" percent="0">
      <mem type="allocate" free="0" total="1507328" percent="0" />
      <mem type="survivor" free="0" total="589824" percent="0" />
    </mem>
    <mem type="tenure" free="4907272" total="6291456" percent="77">
      <mem type="soa" free="4592904" total="5977088" percent="76" />
      <mem type="loa" free="314368" total="314368" percent="100" />
    </mem>
    <remembered-set count="61" />
  </mem-info>
</gc-start>
<allocation-stats totalBytes="1260480" >
  <allocated-bytes non-tlh="18304" tlh="1242176" />
  <largest-consumer threadName="main" threadId="0000000001467700" bytes="1260480" />
</allocation-stats>
<gc-op id="151" type="scavenge" timems="0.142" contextid="148" timestamp="2019-06-17T06:59:25.573">
  <scavenger-info tenureage="3" tenuremask="fff8" tiltratio="71" />
  <memory-copied type="nursery" objects="3" bytes="11696" bytesdiscarded="66640" />
  <memory-copied type="tenure" objects="3" bytes="1560" bytesdiscarded="0" />
</gc-op>
<gc-end id="152" type="scavenge" contextid="148" durationms="0.313" usertimems="0.000" systemtimems="0.000" timestamp="2019-06-17T06:59:25.573" activeThreads="4">
  <mem-info id="153" free="6467336" total="8388608" percent="77">
    <mem type="nursery" free="1560064" total="2097152" percent="74">
      <mem type="allocate" free="1560064" total="1638400" percent="95" />
      <mem type="survivor" free="0" total="458752" percent="0" />
    </mem>
    <mem type="tenure" free="4907272" total="6291456" percent="77">
      <mem type="soa" free="4592904" total="5977088" percent="76" />
      <mem type="loa" free="314368" total="314368" percent="100" />
    </mem>
    <remembered-set count="58" />
  </mem-info>
</gc-end>
<cycle-end id="154" type="scavenge" contextid="148" timestamp="2019-06-17T06:59:25.573" />
  <attribute name="elasticGC enabled" value="1" />
  <attribute name= "numThreadsSpecified" value="4" />
  <attribute name="heapSize specified" value="0" />
  <attribute name="Current GC Util" value="69" />
  <attribute name= "Current Time Running" value="722" />
  <attribute name ="GC Interval" value="200" />
  <attribute name="ProportionalT" value="49.000000" />
  <attribute name="ProportionalI" value="49.000000" />
  <attribute name="ProportionalH" value="49.000000" />
  <attribute name="Current Error" value="49.000000" />
  <attribute name="IntegralT" value="49.000000" />
  <attribute name="IntegralI" value="49.000000" />
  <attribute name="IntegralH" value="49.000000" />
  <attribute name="DerivativeT" value="5.000000" />
  <attribute name="DerivativeI" value="5.000000" />
  <attribute name="DerivativeH" value="5.000000" />
  <attribute name="Loop Time for DT" value="1.000000" />
  <attribute name="Output H" value="8388608"/>
  <attribute name="Output I" value="200"/>
  <attribute name="Output T" value="4"/>
  <attribute name="Target GC Util Change" value ="20.000000" />
  <attribute name="Current GC Util Change" value="69.000000"/>
  <attribute name="GC Util currently" value="69" />
  <attribute name="CPU Util currently" value="3901110452433" />
<allocation-satisfied id="155" threadId="0000000001467700" bytesRequested="22296" />
<af-end id="156" timestamp="2019-06-17T06:59:25.573" threadId="0000000001468088" success="true" from="nursery"/>
<exclusive-end id="157" timestamp="2019-06-17T06:59:25.573" durationms="0.721" />

<exclusive-start id="158" timestamp="2019-06-17T06:59:25.573" intervalms="0.917">
  <response-info timems="0.034" idlems="0.034" threads="0" lastid="0000000001467700" lastname="main" />
</exclusive-start>
<af-start id="159" threadId="0000000001468088" totalBytesRequested="25776" timestamp="2019-06-17T06:59:25.573" intervalms="0.916" type="nursery" />
<cycle-start id="160" type="scavenge" contextid="0" timestamp="2019-06-17T06:59:25.573" intervalms="0.921" />
<gc-start id="161" type="scavenge" contextid="160" timestamp="2019-06-17T06:59:25.573">
  <mem-info id="162" free="4907272" total="8388608" percent="58">
    <mem type="nursery" free="0" total="2097152" percent="0">
      <mem type="allocate" free="0" total="1638400" percent="0" />
      <mem type="survivor" free="0" total="458752" percent="0" />
    </mem>
    <mem type="tenure" free="4907272" total="6291456" percent="77">
      <mem type="soa" free="4592904" total="5977088" percent="76" />
      <mem type="loa" free="314368" total="314368" percent="100" />
    </mem>
    <remembered-set count="58" />
  </mem-info>
</gc-start>
<allocation-stats totalBytes="1395880" >
  <allocated-bytes non-tlh="22296" tlh="1373584" />
  <largest-consumer threadName="main" threadId="0000000001467700" bytes="1395880" />
</allocation-stats>
<gc-op id="163" type="scavenge" timems="0.128" contextid="160" timestamp="2019-06-17T06:59:25.574">
  <scavenger-info tenureage="3" tenuremask="ffe8" tiltratio="78" />
  <memory-copied type="nursery" objects="2" bytes="12920" bytesdiscarded="26248" />
  <memory-copied type="tenure" objects="1" bytes="520" bytesdiscarded="0" />
</gc-op>
<gc-end id="164" type="scavenge" contextid="160" durationms="0.294" usertimems="0.000" systemtimems="0.000" timestamp="2019-06-17T06:59:25.574" activeThreads="4">
  <mem-info id="165" free="6572040" total="8388608" percent="78">
    <mem type="nursery" free="1664768" total="2097152" percent="79">
      <mem type="allocate" free="1664768" total="1703936" percent="97" />
      <mem type="survivor" free="0" total="393216" percent="0" />
    </mem>
    <mem type="tenure" free="4907272" total="6291456" percent="77">
      <mem type="soa" free="4592904" total="5977088" percent="76" />
      <mem type="loa" free="314368" total="314368" percent="100" />
    </mem>
    <remembered-set count="56" />
  </mem-info>
</gc-end>
<cycle-end id="166" type="scavenge" contextid="160" timestamp="2019-06-17T06:59:25.574" />
  <attribute name="elasticGC enabled" value="1" />
  <attribute name= "numThreadsSpecified" value="4" />
  <attribute name="heapSize specified" value="0" />
  <attribute name="Current GC Util" value="38" />
  <attribute name= "Current Time Running" value="723" />
  <attribute name ="GC Interval" value="200" />
  <attribute name="ProportionalT" value="18.000000" />
  <attribute name="ProportionalI" value="18.000000" />
  <attribute name="ProportionalH" value="18.000000" />
  <attribute name="Current Error" value="18.000000" />
  <attribute name="IntegralT" value="18.000000" />
  <attribute name="IntegralI" value="18.000000" />
  <attribute name="IntegralH" value="18.000000" />
  <attribute name="DerivativeT" value="-31.000000" />
  <attribute name="DerivativeI" value="-31.000000" />
  <attribute name="DerivativeH" value="-31.000000" />
  <attribute name="Loop Time for DT" value="1.000000" />
  <attribute name="Output H" value="8388608"/>
  <attribute name="Output I" value="200"/>
  <attribute name="Output T" value="4"/>
  <attribute name="Target GC Util Change" value ="20.000000" />
  <attribute name="Current GC Util Change" value="38.000000"/>
  <attribute name="GC Util currently" value="38" />
  <attribute name="CPU Util currently" value="5057604929146" />
<allocation-satisfied id="167" threadId="0000000001467700" bytesRequested="25776" />
<af-end id="168" timestamp="2019-06-17T06:59:25.574" threadId="0000000001468088" success="true" from="nursery"/>
<exclusive-end id="169" timestamp="2019-06-17T06:59:25.574" durationms="0.708" />

<exclusive-start id="170" timestamp="2019-06-17T06:59:25.574" intervalms="0.915">
  <response-info timems="0.024" idlems="0.024" threads="0" lastid="0000000001467700" lastname="main" />
</exclusive-start>
<af-start id="171" threadId="0000000001468088" totalBytesRequested="29232" timestamp="2019-06-17T06:59:25.574" intervalms="0.916" type="nursery" />
<cycle-start id="172" type="scavenge" contextid="0" timestamp="2019-06-17T06:59:25.574" intervalms="0.910" />
<gc-start id="173" type="scavenge" contextid="172" timestamp="2019-06-17T06:59:25.574">
  <mem-info id="174" free="4907272" total="8388608" percent="58">
    <mem type="nursery" free="0" total="2097152" percent="0">
      <mem type="allocate" free="0" total="1703936" percent="0" />
      <mem type="survivor" free="0" total="393216" percent="0" />
    </mem>
    <mem type="tenure" free="4907272" total="6291456" percent="77">
      <mem type="soa" free="4592904" total="5977088" percent="76" />
      <mem type="loa" free="314368" total="314368" percent="100" />
    </mem>
    <remembered-set count="56" />
  </mem-info>
</gc-start>
<allocation-stats totalBytes="1484976" >
  <allocated-bytes non-tlh="25776" tlh="1459200" />
  <largest-consumer threadName="main" threadId="0000000001467700" bytes="1484976" />
</allocation-stats>
<gc-op id="175" type="scavenge" timems="0.134" contextid="172" timestamp="2019-06-17T06:59:25.575">
  <scavenger-info tenureage="3" tenuremask="ffe8" tiltratio="81" />
  <memory-copied type="nursery" objects="2" bytes="14648" bytesdiscarded="24520" />
</gc-op>
<gc-end id="176" type="scavenge" contextid="172" durationms="0.302" usertimems="0.000" systemtimems="0.000" timestamp="2019-06-17T06:59:25.575" activeThreads="4">
  <mem-info id="177" free="6637576" total="8388608" percent="79">
    <mem type="nursery" free="1730304" total="2097152" percent="82">
      <mem type="allocate" free="1730304" total="1769472" percent="97" />
      <mem type="survivor" free="0" total="327680" percent="0" />
    </mem>
    <mem type="tenure" free="4907272" total="6291456" percent="77">
      <mem type="soa" free="4592904" total="5977088" percent="76" />
      <mem type="loa" free="314368" total="314368" percent="100" />
    </mem>
    <remembered-set count="56" />
  </mem-info>
</gc-end>
<cycle-end id="178" type="scavenge" contextid="172" timestamp="2019-06-17T06:59:25.575" />
  <attribute name="elasticGC enabled" value="1" />
  <attribute name= "numThreadsSpecified" value="4" />
  <attribute name="heapSize specified" value="0" />
  <attribute name="Current GC Util" value="36" />
  <attribute name= "Current Time Running" value="724" />
  <attribute name ="GC Interval" value="200" />
  <attribute name="ProportionalT" value="16.000000" />
  <attribute name="ProportionalI" value="16.000000" />
  <attribute name="ProportionalH" value="16.000000" />
  <attribute name="Current Error" value="16.000000" />
  <attribute name="IntegralT" value="16.000000" />
  <attribute name="IntegralI" value="16.000000" />
  <attribute name="IntegralH" value="16.000000" />
  <attribute name="DerivativeT" value="-2.000000" />
  <attribute name="DerivativeI" value="-2.000000" />
  <attribute name="DerivativeH" value="-2.000000" />
  <attribute name="Loop Time for DT" value="1.000000" />
  <attribute name="Output H" value="8388608"/>
  <attribute name="Output I" value="200"/>
  <attribute name="Output T" value="4"/>
  <attribute name="Target GC Util Change" value ="20.000000" />
  <attribute name="Current GC Util Change" value="36.000000"/>
  <attribute name="GC Util currently" value="36" />
  <attribute name="CPU Util currently" value="5017856404399" />
<allocation-satisfied id="179" threadId="0000000001467700" bytesRequested="29232" />
<af-end id="180" timestamp="2019-06-17T06:59:25.575" threadId="0000000001468088" success="true" from="nursery"/>
<exclusive-end id="181" timestamp="2019-06-17T06:59:25.575" durationms="0.717" />

<exclusive-start id="182" timestamp="2019-06-17T06:59:25.575" intervalms="0.929">
  <response-info timems="0.028" idlems="0.028" threads="0" lastid="0000000001467700" lastname="main" />
</exclusive-start>
<af-start id="183" threadId="0000000001468088" totalBytesRequested="32040" timestamp="2019-06-17T06:59:25.575" intervalms="0.933" type="nursery" />
<cycle-start id="184" type="scavenge" contextid="0" timestamp="2019-06-17T06:59:25.575" intervalms="0.934" />
<gc-start id="185" type="scavenge" contextid="184" timestamp="2019-06-17T06:59:25.575">
  <mem-info id="186" free="4907272" total="8388608" percent="58">
    <mem type="nursery" free="0" total="2097152" percent="0">
      <mem type="allocate" free="0" total="1769472" percent="0" />
      <mem type="survivor" free="0" total="327680" percent="0" />
    </mem>
    <mem type="tenure" free="4907272" total="6291456" percent="77">
      <mem type="soa" free="4592904" total="5977088" percent="76" />
      <mem type="loa" free="314368" total="314368" percent="100" />
    </mem>
    <remembered-set count="56" />
  </mem-info>
</gc-start>
<allocation-stats totalBytes="1532544" >
  <allocated-bytes non-tlh="29232" tlh="1503312" />
  <largest-consumer threadName="main" threadId="0000000001467700" bytes="1532544" />
</allocation-stats>
<gc-op id="187" type="scavenge" timems="0.140" contextid="184" timestamp="2019-06-17T06:59:25.576">
  <scavenger-info tenureage="3" tenuremask="fff8" tiltratio="84" />
  <memory-copied type="nursery" objects="2" bytes="16048" bytesdiscarded="23120" />
</gc-op>
<gc-end id="188" type="scavenge" contextid="184" durationms="0.306" usertimems="0.000" systemtimems="0.000" timestamp="2019-06-17T06:59:25.576" activeThreads="4">
  <mem-info id="189" free="6703112" total="8388608" percent="79">
    <mem type="nursery" free="1795840" total="2097152" percent="85">
      <mem type="allocate" free="1795840" total="1835008" percent="97" />
      <mem type="survivor" free="0" total="262144" percent="0" />
    </mem>
    <mem type="tenure" free="4907272" total="6291456" percent="77">
      <mem type="soa" free="4592904" total="5977088" percent="76" />
      <mem type="loa" free="314368" total="314368" percent="100" />
    </mem>
    <remembered-set count="56" />
  </mem-info>
</gc-end>
<cycle-end id="190" type="scavenge" contextid="184" timestamp="2019-06-17T06:59:25.576" />
  <attribute name="elasticGC enabled" value="1" />
  <attribute name= "numThreadsSpecified" value="4" />
  <attribute name="heapSize specified" value="0" />
  <attribute name="Current GC Util" value="37" />
  <attribute name= "Current Time Running" value="725" />
  <attribute name ="GC Interval" value="200" />
  <attribute name="ProportionalT" value="17.000000" />
  <attribute name="ProportionalI" value="17.000000" />
  <attribute name="ProportionalH" value="17.000000" />
  <attribute name="Current Error" value="17.000000" />
  <attribute name="IntegralT" value="17.000000" />
  <attribute name="IntegralI" value="17.000000" />
  <attribute name="IntegralH" value="17.000000" />
  <attribute name="DerivativeT" value="1.000000" />
  <attribute name="DerivativeI" value="1.000000" />
  <attribute name="DerivativeH" value="1.000000" />
  <attribute name="Loop Time for DT" value="1.000000" />
  <attribute name="Output H" value="8388608"/>
  <attribute name="Output I" value="200"/>
  <attribute name="Output T" value="4"/>
  <attribute name="Target GC Util Change" value ="20.000000" />
  <attribute name="Current GC Util Change" value="37.000000"/>
  <attribute name="GC Util currently" value="37" />
  <attribute name="CPU Util currently" value="4962702960861" />
<allocation-satisfied id="191" threadId="0000000001467700" bytesRequested="32040" />
<af-end id="192" timestamp="2019-06-17T06:59:25.576" threadId="0000000001468088" success="true" from="nursery"/>
<exclusive-end id="193" timestamp="2019-06-17T06:59:25.576" durationms="0.721" />

<exclusive-start id="194" timestamp="2019-06-17T06:59:25.576" intervalms="0.927">
  <response-info timems="0.022" idlems="0.022" threads="0" lastid="0000000001467700" lastname="main" />
</exclusive-start>
<af-start id="195" threadId="0000000001468088" totalBytesRequested="34944" timestamp="2019-06-17T06:59:25.576" intervalms="0.928" type="nursery" />
<cycle-start id="196" type="scavenge" contextid="0" timestamp="2019-06-17T06:59:25.576" intervalms="0.928" />
<gc-start id="197" type="scavenge" contextid="196" timestamp="2019-06-17T06:59:25.576">
  <mem-info id="198" free="4907272" total="8388608" percent="58">
    <mem type="nursery" free="0" total="2097152" percent="0">
      <mem type="allocate" free="0" total="1835008" percent="0" />
      <mem type="survivor" free="0" total="262144" percent="0" />
    </mem>
    <mem type="tenure" free="4907272" total="6291456" percent="77">
      <mem type="soa" free="4592904" total="5977088" percent="76" />
      <mem type="loa" free="314368" total="314368" percent="100" />
    </mem>
    <remembered-set count="56" />
  </mem-info>
</gc-start>
<allocation-stats totalBytes="1543696" >
  <allocated-bytes non-tlh="32040" tlh="1511656" />
  <largest-consumer threadName="main" threadId="0000000001467700" bytes="1543696" />
</allocation-stats>
<gc-op id="199" type="scavenge" timems="0.132" contextid="196" timestamp="2019-06-17T06:59:25.576">
  <scavenger-info tenureage="3" tenuremask="fff8" tiltratio="87" />
  <memory-copied type="nursery" objects="2" bytes="17504" bytesdiscarded="21664" />
</gc-op>
<gc-end id="200" type="scavenge" contextid="196" durationms="0.299" usertimems="4.000" systemtimems="0.000" timestamp="2019-06-17T06:59:25.577" activeThreads="4">
  <mem-info id="201" free="6703112" total="8388608" percent="79">
    <mem type="nursery" free="1795840" total="2097152" percent="85">
      <mem type="allocate" free="1795840" total="1835008" percent="97" />
      <mem type="survivor" free="0" total="262144" percent="0" />
    </mem>
    <mem type="tenure" free="4907272" total="6291456" percent="77">
      <mem type="soa" free="4592904" total="5977088" percent="76" />
      <mem type="loa" free="314368" total="314368" percent="100" />
    </mem>
    <remembered-set count="56" />
  </mem-info>
</gc-end>
<cycle-end id="202" type="scavenge" contextid="196" timestamp="2019-06-17T06:59:25.577" />
  <attribute name="elasticGC enabled" value="1" />
  <attribute name= "numThreadsSpecified" value="4" />
  <attribute name="heapSize specified" value="0" />
  <attribute name="Current GC Util" value="36" />
  <attribute name= "Current Time Running" value="726" />
  <attribute name ="GC Interval" value="200" />
  <attribute name="ProportionalT" value="16.000000" />
  <attribute name="ProportionalI" value="16.000000" />
  <attribute name="ProportionalH" value="16.000000" />
  <attribute name="Current Error" value="16.000000" />
  <attribute name="IntegralT" value="16.000000" />
  <attribute name="IntegralI" value="16.000000" />
  <attribute name="IntegralH" value="16.000000" />
  <attribute name="DerivativeT" value="-1.000000" />
  <attribute name="DerivativeI" value="-1.000000" />
  <attribute name="DerivativeH" value="-1.000000" />
  <attribute name="Loop Time for DT" value="1.000000" />
  <attribute name="Output H" value="8388608"/>
  <attribute name="Output I" value="200"/>
  <attribute name="Output T" value="4"/>
  <attribute name="Target GC Util Change" value ="20.000000" />
  <attribute name="Current GC Util Change" value="36.000000"/>
  <attribute name="GC Util currently" value="36" />
  <attribute name="CPU Util currently" value="4950211157977" />
<allocation-satisfied id="203" threadId="0000000001467700" bytesRequested="34944" />
<af-end id="204" timestamp="2019-06-17T06:59:25.577" threadId="0000000001468088" success="true" from="nursery"/>
<exclusive-end id="205" timestamp="2019-06-17T06:59:25.577" durationms="0.708" />

<exclusive-start id="206" timestamp="2019-06-17T06:59:25.577" intervalms="0.910">
  <response-info timems="0.022" idlems="0.022" threads="0" lastid="0000000001467700" lastname="main" />
</exclusive-start>
<af-start id="207" threadId="0000000001468088" totalBytesRequested="18704" timestamp="2019-06-17T06:59:25.577" intervalms="0.905" type="nursery" />
<cycle-start id="208" type="scavenge" contextid="0" timestamp="2019-06-17T06:59:25.577" intervalms="0.904" />
<gc-start id="209" type="scavenge" contextid="208" timestamp="2019-06-17T06:59:25.577">
  <mem-info id="210" free="4907272" total="8388608" percent="58">
    <mem type="nursery" free="0" total="2097152" percent="0">
      <mem type="allocate" free="0" total="1835008" percent="0" />
      <mem type="survivor" free="0" total="262144" percent="0" />
    </mem>
    <mem type="tenure" free="4907272" total="6291456" percent="77">
      <mem type="soa" free="4592904" total="5977088" percent="76" />
      <mem type="loa" free="314368" total="314368" percent="100" />
    </mem>
    <remembered-set count="56" />
  </mem-info>
</gc-start>
<allocation-stats totalBytes="1554184" >
  <allocated-bytes non-tlh="69896" tlh="1484288" />
  <largest-consumer threadName="main" threadId="0000000001467700" bytes="1554184" />
</allocation-stats>
<gc-op id="211" type="scavenge" timems="0.132" contextid="208" timestamp="2019-06-17T06:59:25.577">
  <scavenger-info tenureage="3" tenuremask="fff8" tiltratio="87" />
  <memory-copied type="nursery" objects="1" bytes="37216" bytesdiscarded="0" />
</gc-op>
<gc-end id="212" type="scavenge" contextid="208" durationms="0.300" usertimems="0.000" systemtimems="0.000" timestamp="2019-06-17T06:59:25.577" activeThreads="4">
  <mem-info id="213" free="6705064" total="8388608" percent="79">
    <mem type="nursery" free="1797792" total="2097152" percent="85">
      <mem type="allocate" free="1797792" total="1835008" percent="97" />
      <mem type="survivor" free="0" total="262144" percent="0" />
    </mem>
    <mem type="tenure" free="4907272" total="6291456" percent="77">
      <mem type="soa" free="4592904" total="5977088" percent="76" />
      <mem type="loa" free="314368" total="314368" percent="100" />
    </mem>
    <remembered-set count="56" />
  </mem-info>
</gc-end>
<cycle-end id="214" type="scavenge" contextid="208" timestamp="2019-06-17T06:59:25.578" />
  <attribute name="elasticGC enabled" value="1" />
  <attribute name= "numThreadsSpecified" value="4" />
  <attribute name="heapSize specified" value="0" />
  <attribute name="Current GC Util" value="37" />
  <attribute name= "Current Time Running" value="727" />
  <attribute name ="GC Interval" value="200" />
  <attribute name="ProportionalT" value="17.000000" />
  <attribute name="ProportionalI" value="17.000000" />
  <attribute name="ProportionalH" value="17.000000" />
  <attribute name="Current Error" value="17.000000" />
  <attribute name="IntegralT" value="17.000000" />
  <attribute name="IntegralI" value="17.000000" />
  <attribute name="IntegralH" value="17.000000" />
  <attribute name="DerivativeT" value="1.000000" />
  <attribute name="DerivativeI" value="1.000000" />
  <attribute name="DerivativeH" value="1.000000" />
  <attribute name="Loop Time for DT" value="1.000000" />
  <attribute name="Output H" value="8388608"/>
  <attribute name="Output I" value="200"/>
  <attribute name="Output T" value="4"/>
  <attribute name="Target GC Util Change" value ="20.000000" />
  <attribute name="Current GC Util Change" value="37.000000"/>
  <attribute name="GC Util currently" value="37" />
  <attribute name="CPU Util currently" value="5095571697232" />
<allocation-satisfied id="215" threadId="0000000001467700" bytesRequested="18704" />
<af-end id="216" timestamp="2019-06-17T06:59:25.578" threadId="0000000001468088" success="true" from="nursery"/>
<exclusive-end id="217" timestamp="2019-06-17T06:59:25.578" durationms="0.710" />

<exclusive-start id="218" timestamp="2019-06-17T06:59:25.578" intervalms="0.913">
  <response-info timems="0.022" idlems="0.022" threads="0" lastid="0000000001467700" lastname="main" />
</exclusive-start>
<af-start id="219" threadId="0000000001468088" totalBytesRequested="19928" timestamp="2019-06-17T06:59:25.578" intervalms="0.913" type="nursery" />
<cycle-start id="220" type="scavenge" contextid="0" timestamp="2019-06-17T06:59:25.578" intervalms="0.914" />
<gc-start id="221" type="scavenge" contextid="220" timestamp="2019-06-17T06:59:25.578">
  <mem-info id="222" free="4907272" total="8388608" percent="58">
    <mem type="nursery" free="0" total="2097152" percent="0">
      <mem type="allocate" free="0" total="1835008" percent="0" />
      <mem type="survivor" free="0" total="262144" percent="0" />
    </mem>
    <mem type="tenure" free="4907272" total="6291456" percent="77">
      <mem type="soa" free="4592904" total="5977088" percent="76" />
      <mem type="loa" free="314368" total="314368" percent="100" />
    </mem>
    <remembered-set count="56" />
  </mem-info>
</gc-start>
<allocation-stats totalBytes="1541720" >
  <allocated-bytes non-tlh="56112" tlh="1485608" />
  <largest-consumer threadName="main" threadId="0000000001467700" bytes="1541720" />
</allocation-stats>
<gc-op id="223" type="scavenge" timems="0.132" contextid="220" timestamp="2019-06-17T06:59:25.578">
  <scavenger-info tenureage="3" tenuremask="fff8" tiltratio="87" />
  <memory-copied type="nursery" objects="1" bytes="39640" bytesdiscarded="0" />
</gc-op>
<gc-end id="224" type="scavenge" contextid="220" durationms="0.296" usertimems="0.000" systemtimems="0.000" timestamp="2019-06-17T06:59:25.578" activeThreads="4">
  <mem-info id="225" free="6702640" total="8388608" percent="79">
    <mem type="nursery" free="1795368" total="2097152" percent="85">
      <mem type="allocate" free="1795368" total="1835008" percent="97" />
      <mem type="survivor" free="0" total="262144" percent="0" />
    </mem>
    <mem type="tenure" free="4907272" total="6291456" percent="77">
      <mem type="soa" free="4592904" total="5977088" percent="76" />
      <mem type="loa" free="314368" total="314368" percent="100" />
    </mem>
    <remembered-set count="56" />
  </mem-info>
</gc-end>
<cycle-end id="226" type="scavenge" contextid="220" timestamp="2019-06-17T06:59:25.578" />
  <attribute name="elasticGC enabled" value="1" />
  <attribute name= "numThreadsSpecified" value="4" />
  <attribute name="heapSize specified" value="0" />
  <attribute name="Current GC Util" value="36" />
  <attribute name= "Current Time Running" value="728" />
  <attribute name ="GC Interval" value="200" />
  <attribute name="ProportionalT" value="16.000000" />
  <attribute name="ProportionalI" value="16.000000" />
  <attribute name="ProportionalH" value="16.000000" />
  <attribute name="Current Error" value="16.000000" />
  <attribute name="IntegralT" value="16.000000" />
  <attribute name="IntegralI" value="16.000000" />
  <attribute name="IntegralH" value="16.000000" />
  <attribute name="DerivativeT" value="-1.000000" />
  <attribute name="DerivativeI" value="-1.000000" />
  <attribute name="DerivativeH" value="-1.000000" />
  <attribute name="Loop Time for DT" value="1.000000" />
  <attribute name="Output H" value="8388608"/>
  <attribute name="Output I" value="200"/>
  <attribute name="Output T" value="4"/>
  <attribute name="Target GC Util Change" value ="20.000000" />
  <attribute name="Current GC Util Change" value="36.000000"/>
  <attribute name="GC Util currently" value="36" />
  <attribute name="CPU Util currently" value="5053088453379" />
<allocation-satisfied id="227" threadId="0000000001467700" bytesRequested="19928" />
<af-end id="228" timestamp="2019-06-17T06:59:25.579" threadId="0000000001468088" success="true" from="nursery"/>
<exclusive-end id="229" timestamp="2019-06-17T06:59:25.579" durationms="0.706" />

<exclusive-start id="230" timestamp="2019-06-17T06:59:25.579" intervalms="0.935">
  <response-info timems="0.030" idlems="0.030" threads="0" lastid="0000000001467700" lastname="main" />
</exclusive-start>
<af-start id="231" threadId="0000000001468088" totalBytesRequested="20936" timestamp="2019-06-17T06:59:25.579" intervalms="0.941" type="nursery" />
<cycle-start id="232" type="scavenge" contextid="0" timestamp="2019-06-17T06:59:25.579" intervalms="0.938" />
<gc-start id="233" type="scavenge" contextid="232" timestamp="2019-06-17T06:59:25.579">
  <mem-info id="234" free="4907272" total="8388608" percent="58">
    <mem type="nursery" free="0" total="2097152" percent="0">
      <mem type="allocate" free="0" total="1835008" percent="0" />
      <mem type="survivor" free="0" total="262144" percent="0" />
    </mem>
    <mem type="tenure" free="4907272" total="6291456" percent="77">
      <mem type="soa" free="4592904" total="5977088" percent="76" />
      <mem type="loa" free="314368" total="314368" percent="100" />
    </mem>
    <remembered-set count="56" />
  </mem-info>
</gc-start>
<allocation-stats totalBytes="1552432" >
  <allocated-bytes non-tlh="59784" tlh="1492648" />
  <largest-consumer threadName="main" threadId="0000000001467700" bytes="1552432" />
</allocation-stats>
<gc-op id="235" type="scavenge" timems="0.132" contextid="232" timestamp="2019-06-17T06:59:25.579">
  <scavenger-info tenureage="3" tenuremask="fff8" tiltratio="87" />
  <memory-copied type="nursery" objects="1" bytes="41856" bytesdiscarded="0" />
</gc-op>
<gc-end id="236" type="scavenge" contextid="232" durationms="0.299" usertimems="0.000" systemtimems="0.000" timestamp="2019-06-17T06:59:25.579" activeThreads="4">
  <mem-info id="237" free="6700424" total="8388608" percent="79">
    <mem type="nursery" free="1793152" total="2097152" percent="85">
      <mem type="allocate" free="1793152" total="1835008" percent="97" />
      <mem type="survivor" free="0" total="262144" percent="0" />
    </mem>
    <mem type="tenure" free="4907272" total="6291456" percent="77">
      <mem type="soa" free="4592904" total="5977088" percent="76" />
      <mem type="loa" free="314368" total="314368" percent="100" />
    </mem>
    <remembered-set count="56" />
  </mem-info>
</gc-end>
<cycle-end id="238" type="scavenge" contextid="232" timestamp="2019-06-17T06:59:25.579" />
  <attribute name="elasticGC enabled" value="1" />
  <attribute name= "numThreadsSpecified" value="4" />
  <attribute name="heapSize specified" value="0" />
  <attribute name="Current GC Util" value="35" />
  <attribute name= "Current Time Running" value="728" />
  <attribute name ="GC Interval" value="200" />
  <attribute name="ProportionalT" value="15.000000" />
  <attribute name="ProportionalI" value="15.000000" />
  <attribute name="ProportionalH" value="15.000000" />
  <attribute name="Current Error" value="15.000000" />
  <attribute name="IntegralT" value="0.000000" />
  <attribute name="IntegralI" value="0.000000" />
  <attribute name="IntegralH" value="0.000000" />
  <attribute name="DerivativeT" value="-inf" />
  <attribute name="DerivativeI" value="-inf" />
  <attribute name="DerivativeH" value="-inf" />
  <attribute name="Loop Time for DT" value="0.000000" />
  <attribute name="Output H" value="2092630016"/>
  <attribute name="Output I" value="200"/>
  <attribute name="Output T" value="4"/>
  <attribute name="Target GC Util Change" value ="20.000000" />
  <attribute name="Current GC Util Change" value="35.000000"/>
  <attribute name="GC Util currently" value="35" />
  <attribute name="CPU Util currently" value="4910750737624" />
<allocation-satisfied id="239" threadId="0000000001467700" bytesRequested="20936" />
<af-end id="240" timestamp="2019-06-17T06:59:25.579" threadId="0000000001468088" success="true" from="nursery"/>
<exclusive-end id="241" timestamp="2019-06-17T06:59:25.580" durationms="0.707" />

<exclusive-start id="242" timestamp="2019-06-17T06:59:25.580" intervalms="0.911">
  <response-info timems="0.022" idlems="0.022" threads="0" lastid="0000000001467700" lastname="main" />
</exclusive-start>
<af-start id="243" threadId="0000000001468088" totalBytesRequested="43848" timestamp="2019-06-17T06:59:25.580" intervalms="0.910" type="nursery" />
<cycle-start id="244" type="scavenge" contextid="0" timestamp="2019-06-17T06:59:25.580" intervalms="0.913" />
<gc-start id="245" type="scavenge" contextid="244" timestamp="2019-06-17T06:59:25.580">
  <mem-info id="246" free="4907272" total="8388608" percent="58">
    <mem type="nursery" free="0" total="2097152" percent="0">
      <mem type="allocate" free="0" total="1835008" percent="0" />
      <mem type="survivor" free="0" total="262144" percent="0" />
    </mem>
    <mem type="tenure" free="4907272" total="6291456" percent="77">
      <mem type="soa" free="4592904" total="5977088" percent="76" />
      <mem type="loa" free="314368" total="314368" percent="100" />
    </mem>
    <remembered-set count="56" />
  </mem-info>
</gc-start>
<allocation-stats totalBytes="1500448" >
  <allocated-bytes non-tlh="63016" tlh="1437432" />
  <largest-consumer threadName="main" threadId="0000000001467700" bytes="1500448" />
</allocation-stats>
<gc-op id="247" type="scavenge" timems="0.133" contextid="244" timestamp="2019-06-17T06:59:25.580">
  <scavenger-info tenureage="3" tenuremask="fff8" tiltratio="87" />
  <memory-copied type="nursery" objects="2" bytes="21952" bytesdiscarded="17216" />
</gc-op>
<gc-end id="248" type="scavenge" contextid="244" durationms="0.299" usertimems="0.000" systemtimems="0.000" timestamp="2019-06-17T06:59:25.580" activeThreads="4">
  <mem-info id="249" free="6703112" total="8388608" percent="79">
    <mem type="nursery" free="1795840" total="2097152" percent="85">
      <mem type="allocate" free="1795840" total="1835008" percent="97" />
      <mem type="survivor" free="0" total="262144" percent="0" />
    </mem>
    <mem type="tenure" free="4907272" total="6291456" percent="77">
      <mem type="soa" free="4592904" total="5977088" percent="76" />
      <mem type="loa" free="314368" total="314368" percent="100" />
    </mem>
    <remembered-set count="56" />
  </mem-info>
</gc-end>
<cycle-end id="250" type="scavenge" contextid="244" timestamp="2019-06-17T06:59:25.580" />
  <attribute name="elasticGC enabled" value="1" />
  <attribute name= "numThreadsSpecified" value="4" />
  <attribute name="heapSize specified" value="0" />
  <attribute name="Current GC Util" value="36" />
  <attribute name= "Current Time Running" value="729" />
  <attribute name ="GC Interval" value="200" />
  <attribute name="ProportionalT" value="16.000000" />
  <attribute name="ProportionalI" value="16.000000" />
  <attribute name="ProportionalH" value="16.000000" />
  <attribute name="Current Error" value="16.000000" />
  <attribute name="IntegralT" value="16.000000" />
  <attribute name="IntegralI" value="16.000000" />
  <attribute name="IntegralH" value="16.000000" />
  <attribute name="DerivativeT" value="1.000000" />
  <attribute name="DerivativeI" value="1.000000" />
  <attribute name="DerivativeH" value="1.000000" />
  <attribute name="Loop Time for DT" value="1.000000" />
  <attribute name="Output H" value="8388608"/>
  <attribute name="Output I" value="200"/>
  <attribute name="Output T" value="4"/>
  <attribute name="Target GC Util Change" value ="20.000000" />
  <attribute name="Current GC Util Change" value="36.000000"/>
  <attribute name="GC Util currently" value="36" />
  <attribute name="CPU Util currently" value="5055581215126" />
<allocation-satisfied id="251" threadId="0000000001467700" bytesRequested="43848" />
<af-end id="252" timestamp="2019-06-17T06:59:25.580" threadId="0000000001468088" success="true" from="nursery"/>
<exclusive-end id="253" timestamp="2019-06-17T06:59:25.580" durationms="0.709" />

<exclusive-start id="254" timestamp="2019-06-17T06:59:25.581" intervalms="0.899">
  <response-info timems="0.022" idlems="0.022" threads="0" lastid="0000000001467700" lastname="main" />
</exclusive-start>
<af-start id="255" threadId="0000000001468088" totalBytesRequested="45704" timestamp="2019-06-17T06:59:25.581" intervalms="0.899" type="nursery" />
<cycle-start id="256" type="scavenge" contextid="0" timestamp="2019-06-17T06:59:25.581" intervalms="0.898" />
<gc-start id="257" type="scavenge" contextid="256" timestamp="2019-06-17T06:59:25.581">
  <mem-info id="258" free="4907272" total="8388608" percent="58">
    <mem type="nursery" free="0" total="2097152" percent="0">
      <mem type="allocate" free="0" total="1835008" percent="0" />
      <mem type="survivor" free="0" total="262144" percent="0" />
    </mem>
    <mem type="tenure" free="4907272" total="6291456" percent="77">
      <mem type="soa" free="4592904" total="5977088" percent="76" />
      <mem type="loa" free="314368" total="314368" percent="100" />
    </mem>
    <remembered-set count="56" />
  </mem-info>
</gc-start>
<allocation-stats totalBytes="1431520" >
  <allocated-bytes non-tlh="131776" tlh="1299744" />
  <largest-consumer threadName="main" threadId="0000000001467700" bytes="1431520" />
</allocation-stats>
<gc-op id="259" type="scavenge" timems="0.131" contextid="256" timestamp="2019-06-17T06:59:25.581">
  <scavenger-info tenureage="3" tenuremask="fff8" tiltratio="87" />
  <memory-copied type="nursery" objects="2" bytes="22880" bytesdiscarded="16288" />
</gc-op>
<gc-end id="260" type="scavenge" contextid="256" durationms="0.298" usertimems="0.000" systemtimems="4.000" timestamp="2019-06-17T06:59:25.581" activeThreads="4">
  <mem-info id="261" free="6703112" total="8388608" percent="79">
    <mem type="nursery" free="1795840" total="2097152" percent="85">
      <mem type="allocate" free="1795840" total="1835008" percent="97" />
      <mem type="survivor" free="0" total="262144" percent="0" />
    </mem>
    <mem type="tenure" free="4907272" total="6291456" percent="77">
      <mem type="soa" free="4592904" total="5977088" percent="76" />
      <mem type="loa" free="314368" total="314368" percent="100" />
    </mem>
    <remembered-set count="56" />
  </mem-info>
</gc-end>
<cycle-end id="262" type="scavenge" contextid="256" timestamp="2019-06-17T06:59:25.581" />
  <attribute name="elasticGC enabled" value="1" />
  <attribute name= "numThreadsSpecified" value="4" />
  <attribute name="heapSize specified" value="0" />
  <attribute name="Current GC Util" value="37" />
  <attribute name= "Current Time Running" value="730" />
  <attribute name ="GC Interval" value="200" />
  <attribute name="ProportionalT" value="17.000000" />
  <attribute name="ProportionalI" value="17.000000" />
  <attribute name="ProportionalH" value="17.000000" />
  <attribute name="Current Error" value="17.000000" />
  <attribute name="IntegralT" value="17.000000" />
  <attribute name="IntegralI" value="17.000000" />
  <attribute name="IntegralH" value="17.000000" />
  <attribute name="DerivativeT" value="1.000000" />
  <attribute name="DerivativeI" value="1.000000" />
  <attribute name="DerivativeH" value="1.000000" />
  <attribute name="Loop Time for DT" value="1.000000" />
  <attribute name="Output H" value="8388608"/>
  <attribute name="Output I" value="200"/>
  <attribute name="Output T" value="4"/>
  <attribute name="Target GC Util Change" value ="20.000000" />
  <attribute name="Current GC Util Change" value="37.000000"/>
  <attribute name="GC Util currently" value="37" />
  <attribute name="CPU Util currently" value="5130366022567" />
<allocation-satisfied id="263" threadId="0000000001467700" bytesRequested="45704" />
<af-end id="264" timestamp="2019-06-17T06:59:25.581" threadId="0000000001468088" success="true" from="nursery"/>
<exclusive-end id="265" timestamp="2019-06-17T06:59:25.581" durationms="0.710" />

<exclusive-start id="266" timestamp="2019-06-17T06:59:25.582" intervalms="0.909">
  <response-info timems="0.023" idlems="0.023" threads="0" lastid="0000000001467700" lastname="main" />
</exclusive-start>
<af-start id="267" threadId="0000000001468088" totalBytesRequested="23744" timestamp="2019-06-17T06:59:25.582" intervalms="0.909" type="nursery" />
<cycle-start id="268" type="scavenge" contextid="0" timestamp="2019-06-17T06:59:25.582" intervalms="0.909" />
<gc-start id="269" type="scavenge" contextid="268" timestamp="2019-06-17T06:59:25.582">
  <mem-info id="270" free="4907272" total="8388608" percent="58">
    <mem type="nursery" free="0" total="2097152" percent="0">
      <mem type="allocate" free="0" total="1835008" percent="0" />
      <mem type="survivor" free="0" total="262144" percent="0" />
    </mem>
    <mem type="tenure" free="4907272" total="6291456" percent="77">
      <mem type="soa" free="4592904" total="5977088" percent="76" />
      <mem type="loa" free="314368" total="314368" percent="100" />
    </mem>
    <remembered-set count="56" />
  </mem-info>
</gc-start>
<allocation-stats totalBytes="1560816" >
  <allocated-bytes non-tlh="183456" tlh="1377360" />
  <largest-consumer threadName="main" threadId="0000000001467700" bytes="1560816" />
</allocation-stats>
<gc-op id="271" type="scavenge" timems="0.132" contextid="268" timestamp="2019-06-17T06:59:25.582">
  <scavenger-info tenureage="3" tenuremask="fff8" tiltratio="87" />
  <memory-copied type="nursery" objects="4" bytes="23824" bytesdiscarded="15344" />
</gc-op>
<gc-end id="272" type="scavenge" contextid="268" durationms="0.300" usertimems="0.000" systemtimems="0.000" timestamp="2019-06-17T06:59:25.582" activeThreads="4">
  <mem-info id="273" free="6703112" total="8388608" percent="79">
    <mem type="nursery" free="1795840" total="2097152" percent="85">
      <mem type="allocate" free="1795840" total="1835008" percent="97" />
      <mem type="survivor" free="0" total="262144" percent="0" />
    </mem>
    <mem type="tenure" free="4907272" total="6291456" percent="77">
      <mem type="soa" free="4592904" total="5977088" percent="76" />
      <mem type="loa" free="314368" total="314368" percent="100" />
    </mem>
    <remembered-set count="56" />
  </mem-info>
</gc-end>
<cycle-end id="274" type="scavenge" contextid="268" timestamp="2019-06-17T06:59:25.582" />
  <attribute name="elasticGC enabled" value="1" />
  <attribute name= "numThreadsSpecified" value="4" />
  <attribute name="heapSize specified" value="0" />
  <attribute name="Current GC Util" value="36" />
  <attribute name= "Current Time Running" value="731" />
  <attribute name ="GC Interval" value="200" />
  <attribute name="ProportionalT" value="16.000000" />
  <attribute name="ProportionalI" value="16.000000" />
  <attribute name="ProportionalH" value="16.000000" />
  <attribute name="Current Error" value="16.000000" />
  <attribute name="IntegralT" value="16.000000" />
  <attribute name="IntegralI" value="16.000000" />
  <attribute name="IntegralH" value="16.000000" />
  <attribute name="DerivativeT" value="-1.000000" />
  <attribute name="DerivativeI" value="-1.000000" />
  <attribute name="DerivativeH" value="-1.000000" />
  <attribute name="Loop Time for DT" value="1.000000" />
  <attribute name="Output H" value="8388608"/>
  <attribute name="Output I" value="200"/>
  <attribute name="Output T" value="4"/>
  <attribute name="Target GC Util Change" value ="20.000000" />
  <attribute name="Current GC Util Change" value="36.000000"/>
  <attribute name="GC Util currently" value="36" />
  <attribute name="CPU Util currently" value="5073752673668" />
<allocation-satisfied id="275" threadId="0000000001467700" bytesRequested="23744" />
<af-end id="276" timestamp="2019-06-17T06:59:25.582" threadId="0000000001468088" success="true" from="nursery"/>
<exclusive-end id="277" timestamp="2019-06-17T06:59:25.582" durationms="0.709" />

<exclusive-start id="278" timestamp="2019-06-17T06:59:25.582" intervalms="0.907">
  <response-info timems="0.022" idlems="0.022" threads="0" lastid="0000000001467700" lastname="main" />
</exclusive-start>
<af-start id="279" threadId="0000000001468088" totalBytesRequested="24696" timestamp="2019-06-17T06:59:25.583" intervalms="0.904" type="nursery" />
<cycle-start id="280" type="scavenge" contextid="0" timestamp="2019-06-17T06:59:25.583" intervalms="0.903" />
<gc-start id="281" type="scavenge" contextid="280" timestamp="2019-06-17T06:59:25.583">
  <mem-info id="282" free="4907272" total="8388608" percent="58">
    <mem type="nursery" free="0" total="2097152" percent="0">
      <mem type="allocate" free="0" total="1835008" percent="0" />
      <mem type="survivor" free="0" total="262144" percent="0" />
    </mem>
    <mem type="tenure" free="4907272" total="6291456" percent="77">
      <mem type="soa" free="4592904" total="5977088" percent="76" />
      <mem type="loa" free="314368" total="314368" percent="100" />
    </mem>
    <remembered-set count="56" />
  </mem-info>
</gc-start>
<allocation-stats totalBytes="1551464" >
  <allocated-bytes non-tlh="214560" tlh="1336904" />
  <largest-consumer threadName="main" threadId="0000000001467700" bytes="1551464" />
</allocation-stats>
<gc-op id="283" type="scavenge" timems="0.139" contextid="280" timestamp="2019-06-17T06:59:25.583">
  <scavenger-info tenureage="3" tenuremask="fff8" tiltratio="87" />
  <memory-copied type="nursery" objects="4" bytes="24776" bytesdiscarded="14392" />
</gc-op>
<gc-end id="284" type="scavenge" contextid="280" durationms="0.300" usertimems="0.000" systemtimems="0.000" timestamp="2019-06-17T06:59:25.583" activeThreads="4">
  <mem-info id="285" free="6703112" total="8388608" percent="79">
    <mem type="nursery" free="1795840" total="2097152" percent="85">
      <mem type="allocate" free="1795840" total="1835008" percent="97" />
      <mem type="survivor" free="0" total="262144" percent="0" />
    </mem>
    <mem type="tenure" free="4907272" total="6291456" percent="77">
      <mem type="soa" free="4592904" total="5977088" percent="76" />
      <mem type="loa" free="314368" total="314368" percent="100" />
    </mem>
    <remembered-set count="56" />
  </mem-info>
</gc-end>
<cycle-end id="286" type="scavenge" contextid="280" timestamp="2019-06-17T06:59:25.583" />
  <attribute name="elasticGC enabled" value="1" />
  <attribute name= "numThreadsSpecified" value="4" />
  <attribute name="heapSize specified" value="0" />
  <attribute name="Current GC Util" value="37" />
  <attribute name= "Current Time Running" value="732" />
  <attribute name ="GC Interval" value="200" />
  <attribute name="ProportionalT" value="17.000000" />
  <attribute name="ProportionalI" value="17.000000" />
  <attribute name="ProportionalH" value="17.000000" />
  <attribute name="Current Error" value="17.000000" />
  <attribute name="IntegralT" value="17.000000" />
  <attribute name="IntegralI" value="17.000000" />
  <attribute name="IntegralH" value="17.000000" />
  <attribute name="DerivativeT" value="1.000000" />
  <attribute name="DerivativeI" value="1.000000" />
  <attribute name="DerivativeH" value="1.000000" />
  <attribute name="Loop Time for DT" value="1.000000" />
  <attribute name="Output H" value="8388608"/>
  <attribute name="Output I" value="200"/>
  <attribute name="Output T" value="4"/>
  <attribute name="Target GC Util Change" value ="20.000000" />
  <attribute name="Current GC Util Change" value="37.000000"/>
  <attribute name="GC Util currently" value="37" />
  <attribute name="CPU Util currently" value="5135170426073" />
<allocation-satisfied id="287" threadId="0000000001467700" bytesRequested="24696" />
<af-end id="288" timestamp="2019-06-17T06:59:25.583" threadId="0000000001468088" success="true" from="nursery"/>
<exclusive-end id="289" timestamp="2019-06-17T06:59:25.583" durationms="0.703" />

<exclusive-start id="290" timestamp="2019-06-17T06:59:25.583" intervalms="0.905">
  <response-info timems="0.022" idlems="0.022" threads="0" lastid="0000000001467700" lastname="main" />
</exclusive-start>
<af-start id="291" threadId="0000000001468088" totalBytesRequested="25728" timestamp="2019-06-17T06:59:25.583" intervalms="0.907" type="nursery" />
<cycle-start id="292" type="scavenge" contextid="0" timestamp="2019-06-17T06:59:25.583" intervalms="0.908" />
<gc-start id="293" type="scavenge" contextid="292" timestamp="2019-06-17T06:59:25.584">
  <mem-info id="294" free="4907272" total="8388608" percent="58">
    <mem type="nursery" free="0" total="2097152" percent="0">
      <mem type="allocate" free="0" total="1835008" percent="0" />
      <mem type="survivor" free="0" total="262144" percent="0" />
    </mem>
    <mem type="tenure" free="4907272" total="6291456" percent="77">
      <mem type="soa" free="4592904" total="5977088" percent="76" />
      <mem type="loa" free="314368" total="314368" percent="100" />
    </mem>
    <remembered-set count="56" />
  </mem-info>
</gc-start>
<allocation-stats totalBytes="1590312" >
  <allocated-bytes non-tlh="223336" tlh="1366976" />
  <largest-consumer threadName="main" threadId="0000000001467700" bytes="1590312" />
</allocation-stats>
<gc-op id="295" type="scavenge" timems="0.136" contextid="292" timestamp="2019-06-17T06:59:25.584">
  <scavenger-info tenureage="14" tenuremask="4000" tiltratio="87" />
  <memory-copied type="nursery" objects="1" bytes="51448" bytesdiscarded="0" />
</gc-op>
<gc-end id="296" type="scavenge" contextid="292" durationms="0.303" usertimems="0.000" systemtimems="0.000" timestamp="2019-06-17T06:59:25.584" activeThreads="4">
  <mem-info id="297" free="6690832" total="8388608" percent="79">
    <mem type="nursery" free="1783560" total="2097152" percent="85">
      <mem type="allocate" free="1783560" total="1835008" percent="97" />
      <mem type="survivor" free="0" total="262144" percent="0" />
    </mem>
    <mem type="tenure" free="4907272" total="6291456" percent="77">
      <mem type="soa" free="4592904" total="5977088" percent="76" />
      <mem type="loa" free="314368" total="314368" percent="100" />
    </mem>
    <remembered-set count="56" />
  </mem-info>
</gc-end>
<cycle-end id="298" type="scavenge" contextid="292" timestamp="2019-06-17T06:59:25.584" />
  <attribute name="elasticGC enabled" value="1" />
  <attribute name= "numThreadsSpecified" value="4" />
  <attribute name="heapSize specified" value="0" />
  <attribute name="Current GC Util" value="36" />
  <attribute name= "Current Time Running" value="733" />
  <attribute name ="GC Interval" value="200" />
  <attribute name="ProportionalT" value="16.000000" />
  <attribute name="ProportionalI" value="16.000000" />
  <attribute name="ProportionalH" value="16.000000" />
  <attribute name="Current Error" value="16.000000" />
  <attribute name="IntegralT" value="16.000000" />
  <attribute name="IntegralI" value="16.000000" />
  <attribute name="IntegralH" value="16.000000" />
  <attribute name="DerivativeT" value="-1.000000" />
  <attribute name="DerivativeI" value="-1.000000" />
  <attribute name="DerivativeH" value="-1.000000" />
  <attribute name="Loop Time for DT" value="1.000000" />
  <attribute name="Output H" value="8388608"/>
  <attribute name="Output I" value="200"/>
  <attribute name="Output T" value="4"/>
  <attribute name="Target GC Util Change" value ="20.000000" />
  <attribute name="Current GC Util Change" value="36.000000"/>
  <attribute name="GC Util currently" value="36" />
  <attribute name="CPU Util currently" value="4967920708128" />
<allocation-satisfied id="299" threadId="0000000001467700" bytesRequested="25728" />
<af-end id="300" timestamp="2019-06-17T06:59:25.584" threadId="0000000001468088" success="true" from="nursery"/>
<exclusive-end id="301" timestamp="2019-06-17T06:59:25.584" durationms="0.734" />

<exclusive-start id="302" timestamp="2019-06-17T06:59:25.584" intervalms="0.928">
  <response-info timems="0.023" idlems="0.023" threads="0" lastid="0000000001467700" lastname="main" />
</exclusive-start>
<af-start id="303" threadId="0000000001468088" totalBytesRequested="26616" timestamp="2019-06-17T06:59:25.584" intervalms="0.925" type="nursery" />
<cycle-start id="304" type="scavenge" contextid="0" timestamp="2019-06-17T06:59:25.584" intervalms="0.926" />
<gc-start id="305" type="scavenge" contextid="304" timestamp="2019-06-17T06:59:25.584">
  <mem-info id="306" free="4907272" total="8388608" percent="58">
    <mem type="nursery" free="0" total="2097152" percent="0">
      <mem type="allocate" free="0" total="1835008" percent="0" />
      <mem type="survivor" free="0" total="262144" percent="0" />
    </mem>
    <mem type="tenure" free="4907272" total="6291456" percent="77">
      <mem type="soa" free="4592904" total="5977088" percent="76" />
      <mem type="loa" free="314368" total="314368" percent="100" />
    </mem>
    <remembered-set count="56" />
  </mem-info>
</gc-start>
<allocation-stats totalBytes="1569744" >
  <allocated-bytes non-tlh="232832" tlh="1336912" />
  <largest-consumer threadName="main" threadId="0000000001467700" bytes="1569744" />
</allocation-stats>
<gc-op id="307" type="scavenge" timems="0.135" contextid="304" timestamp="2019-06-17T06:59:25.585">
  <scavenger-info tenureage="14" tenuremask="4000" tiltratio="87" />
  <memory-copied type="nursery" objects="1" bytes="53016" bytesdiscarded="0" />
</gc-op>
<gc-end id="308" type="scavenge" contextid="304" durationms="0.301" usertimems="0.000" systemtimems="0.000" timestamp="2019-06-17T06:59:25.585" activeThreads="4">
  <mem-info id="309" free="6689264" total="8388608" percent="79">
    <mem type="nursery" free="1781992" total="2097152" percent="84">
      <mem type="allocate" free="1781992" total="1835008" percent="97" />
      <mem type="survivor" free="0" total="262144" percent="0" />
    </mem>
    <mem type="tenure" free="4907272" total="6291456" percent="77">
      <mem type="soa" free="4592904" total="5977088" percent="76" />
      <mem type="loa" free="314368" total="314368" percent="100" />
    </mem>
    <remembered-set count="56" />
  </mem-info>
</gc-end>
<cycle-end id="310" type="scavenge" contextid="304" timestamp="2019-06-17T06:59:25.585" />
  <attribute name="elasticGC enabled" value="1" />
  <attribute name= "numThreadsSpecified" value="4" />
  <attribute name="heapSize specified" value="0" />
  <attribute name="Current GC Util" value="38" />
  <attribute name= "Current Time Running" value="734" />
  <attribute name ="GC Interval" value="200" />
  <attribute name="ProportionalT" value="18.000000" />
  <attribute name="ProportionalI" value="18.000000" />
  <attribute name="ProportionalH" value="18.000000" />
  <attribute name="Current Error" value="18.000000" />
  <attribute name="IntegralT" value="18.000000" />
  <attribute name="IntegralI" value="18.000000" />
  <attribute name="IntegralH" value="18.000000" />
  <attribute name="DerivativeT" value="2.000000" />
  <attribute name="DerivativeI" value="2.000000" />
  <attribute name="DerivativeH" value="2.000000" />
  <attribute name="Loop Time for DT" value="1.000000" />
  <attribute name="Output H" value="8388608"/>
  <attribute name="Output I" value="200"/>
  <attribute name="Output T" value="4"/>
  <attribute name="Target GC Util Change" value ="20.000000" />
  <attribute name="Current GC Util Change" value="38.000000"/>
  <attribute name="GC Util currently" value="38" />
  <attribute name="CPU Util currently" value="5073021521825" />
<allocation-satisfied id="311" threadId="0000000001467700" bytesRequested="26616" />
<af-end id="312" timestamp="2019-06-17T06:59:25.585" threadId="0000000001468088" success="true" from="nursery"/>
<exclusive-end id="313" timestamp="2019-06-17T06:59:25.585" durationms="0.709" />

<exclusive-start id="314" timestamp="2019-06-17T06:59:25.585" intervalms="0.901">
  <response-info timems="0.022" idlems="0.022" threads="0" lastid="0000000001467700" lastname="main" />
</exclusive-start>
<af-start id="315" threadId="0000000001468088" totalBytesRequested="55040" timestamp="2019-06-17T06:59:25.585" intervalms="0.905" type="nursery" />
<cycle-start id="316" type="scavenge" contextid="0" timestamp="2019-06-17T06:59:25.585" intervalms="0.904" />
<gc-start id="317" type="scavenge" contextid="316" timestamp="2019-06-17T06:59:25.585">
  <mem-info id="318" free="4907272" total="8388608" percent="58">
    <mem type="nursery" free="0" total="2097152" percent="0">
      <mem type="allocate" free="0" total="1835008" percent="0" />
      <mem type="survivor" free="0" total="262144" percent="0" />
    </mem>
    <mem type="tenure" free="4907272" total="6291456" percent="77">
      <mem type="soa" free="4592904" total="5977088" percent="76" />
      <mem type="loa" free="314368" total="314368" percent="100" />
    </mem>
    <remembered-set count="56" />
  </mem-info>
</gc-start>
<allocation-stats totalBytes="1568776" >
  <allocated-bytes non-tlh="267704" tlh="1301072" />
  <largest-consumer threadName="main" threadId="0000000001467700" bytes="1568776" />
</allocation-stats>
<gc-op id="319" type="scavenge" timems="0.134" contextid="316" timestamp="2019-06-17T06:59:25.586">
  <scavenger-info tenureage="14" tenuremask="4000" tiltratio="87" />
  <memory-copied type="nursery" objects="2" bytes="27552" bytesdiscarded="11616" />
</gc-op>
<gc-end id="320" type="scavenge" contextid="316" durationms="0.302" usertimems="0.000" systemtimems="0.000" timestamp="2019-06-17T06:59:25.586" activeThreads="4">
  <mem-info id="321" free="6703112" total="8388608" percent="79">
    <mem type="nursery" free="1795840" total="2097152" percent="85">
      <mem type="allocate" free="1795840" total="1835008" percent="97" />
      <mem type="survivor" free="0" total="262144" percent="0" />
    </mem>
    <mem type="tenure" free="4907272" total="6291456" percent="77">
      <mem type="soa" free="4592904" total="5977088" percent="76" />
      <mem type="loa" free="314368" total="314368" percent="100" />
    </mem>
    <remembered-set count="56" />
  </mem-info>
</gc-end>
<cycle-end id="322" type="scavenge" contextid="316" timestamp="2019-06-17T06:59:25.586" />
  <attribute name="elasticGC enabled" value="1" />
  <attribute name= "numThreadsSpecified" value="4" />
  <attribute name="heapSize specified" value="0" />
  <attribute name="Current GC Util" value="37" />
  <attribute name= "Current Time Running" value="735" />
  <attribute name ="GC Interval" value="200" />
  <attribute name="ProportionalT" value="17.000000" />
  <attribute name="ProportionalI" value="17.000000" />
  <attribute name="ProportionalH" value="17.000000" />
  <attribute name="Current Error" value="17.000000" />
  <attribute name="IntegralT" value="17.000000" />
  <attribute name="IntegralI" value="17.000000" />
  <attribute name="IntegralH" value="17.000000" />
  <attribute name="DerivativeT" value="-1.000000" />
  <attribute name="DerivativeI" value="-1.000000" />
  <attribute name="DerivativeH" value="-1.000000" />
  <attribute name="Loop Time for DT" value="1.000000" />
  <attribute name="Output H" value="8388608"/>
  <attribute name="Output I" value="200"/>
  <attribute name="Output T" value="4"/>
  <attribute name="Target GC Util Change" value ="20.000000" />
  <attribute name="Current GC Util Change" value="37.000000"/>
  <attribute name="GC Util currently" value="37" />
  <attribute name="CPU Util currently" value="5098061474562" />
<allocation-satisfied id="323" threadId="0000000001467700" bytesRequested="55040" />
<af-end id="324" timestamp="2019-06-17T06:59:25.586" threadId="0000000001468088" success="true" from="nursery"/>
<exclusive-end id="325" timestamp="2019-06-17T06:59:25.586" durationms="0.721" />

<exclusive-start id="326" timestamp="2019-06-17T06:59:25.586" intervalms="0.911">
  <response-info timems="0.023" idlems="0.023" threads="0" lastid="0000000001467700" lastname="main" />
</exclusive-start>
<af-start id="327" threadId="0000000001468088" totalBytesRequested="56792" timestamp="2019-06-17T06:59:25.586" intervalms="0.911" type="nursery" />
<cycle-start id="328" type="scavenge" contextid="0" timestamp="2019-06-17T06:59:25.586" intervalms="0.909" />
<gc-start id="329" type="scavenge" contextid="328" timestamp="2019-06-17T06:59:25.586">
  <mem-info id="330" free="4907272" total="8388608" percent="58">
    <mem type="nursery" free="0" total="2097152" percent="0">
      <mem type="allocate" free="0" total="1835008" percent="0" />
      <mem type="survivor" free="0" total="262144" percent="0" />
    </mem>
    <mem type="tenure" free="4907272" total="6291456" percent="77">
      <mem type="soa" free="4592904" total="5977088" percent="76" />
      <mem type="loa" free="314368" total="314368" percent="100" />
    </mem>
    <remembered-set count="56" />
  </mem-info>
</gc-start>
<allocation-stats totalBytes="1566104" >
  <allocated-bytes non-tlh="332168" tlh="1233936" />
  <largest-consumer threadName="main" threadId="0000000001467700" bytes="1566104" />
</allocation-stats>
<gc-op id="331" type="scavenge" timems="0.134" contextid="328" timestamp="2019-06-17T06:59:25.587">
  <scavenger-info tenureage="14" tenuremask="4000" tiltratio="87" />
  <memory-copied type="nursery" objects="2" bytes="28424" bytesdiscarded="10744" />
</gc-op>
<gc-end id="332" type="scavenge" contextid="328" durationms="0.298" usertimems="0.000" systemtimems="0.000" timestamp="2019-06-17T06:59:25.587" activeThreads="4">
  <mem-info id="333" free="6703112" total="8388608" percent="79">
    <mem type="nursery" free="1795840" total="2097152" percent="85">
      <mem type="allocate" free="1795840" total="1835008" percent="97" />
      <mem type="survivor" free="0" total="262144" percent="0" />
    </mem>
    <mem type="tenure" free="4907272" total="6291456" percent="77">
      <mem type="soa" free="4592904" total="5977088" percent="76" />
      <mem type="loa" free="314368" total="314368" percent="100" />
    </mem>
    <remembered-set count="56" />
  </mem-info>
</gc-end>
<cycle-end id="334" type="scavenge" contextid="328" timestamp="2019-06-17T06:59:25.587" />
  <attribute name="elasticGC enabled" value="1" />
  <attribute name= "numThreadsSpecified" value="4" />
  <attribute name="heapSize specified" value="0" />
  <attribute name="Current GC Util" value="37" />
  <attribute name= "Current Time Running" value="736" />
  <attribute name ="GC Interval" value="200" />
  <attribute name="ProportionalT" value="17.000000" />
  <attribute name="ProportionalI" value="17.000000" />
  <attribute name="ProportionalH" value="17.000000" />
  <attribute name="Current Error" value="17.000000" />
  <attribute name="IntegralT" value="17.000000" />
  <attribute name="IntegralI" value="17.000000" />
  <attribute name="IntegralH" value="17.000000" />
  <attribute name="DerivativeT" value="0.000000" />
  <attribute name="DerivativeI" value="0.000000" />
  <attribute name="DerivativeH" value="0.000000" />
  <attribute name="Loop Time for DT" value="1.000000" />
  <attribute name="Output H" value="8388608"/>
  <attribute name="Output I" value="200"/>
  <attribute name="Output T" value="4"/>
  <attribute name="Target GC Util Change" value ="20.000000" />
  <attribute name="Current GC Util Change" value="37.000000"/>
  <attribute name="GC Util currently" value="37" />
  <attribute name="CPU Util currently" value="5074539874090" />
<allocation-satisfied id="335" threadId="0000000001467700" bytesRequested="56792" />
<af-end id="336" timestamp="2019-06-17T06:59:25.587" threadId="0000000001468088" success="true" from="nursery"/>
<exclusive-end id="337" timestamp="2019-06-17T06:59:25.587" durationms="0.714" />

<exclusive-start id="338" timestamp="2019-06-17T06:59:25.587" intervalms="0.916">
  <response-info timems="0.031" idlems="0.031" threads="0" lastid="0000000001467700" lastname="main" />
</exclusive-start>
<af-start id="339" threadId="0000000001468088" totalBytesRequested="29352" timestamp="2019-06-17T06:59:25.587" intervalms="0.910" type="nursery" />
<cycle-start id="340" type="scavenge" contextid="0" timestamp="2019-06-17T06:59:25.587" intervalms="0.911" />
<gc-start id="341" type="scavenge" contextid="340" timestamp="2019-06-17T06:59:25.587">
  <mem-info id="342" free="4907272" total="8388608" percent="58">
    <mem type="nursery" free="0" total="2097152" percent="0">
      <mem type="allocate" free="0" total="1835008" percent="0" />
      <mem type="survivor" free="0" total="262144" percent="0" />
    </mem>
    <mem type="tenure" free="4907272" total="6291456" percent="77">
      <mem type="soa" free="4592904" total="5977088" percent="76" />
      <mem type="loa" free="314368" total="314368" percent="100" />
    </mem>
    <remembered-set count="56" />
  </mem-info>
</gc-start>
<allocation-stats totalBytes="1586440" >
  <allocated-bytes non-tlh="342552" tlh="1243888" />
  <largest-consumer threadName="main" threadId="0000000001467700" bytes="1586440" />
</allocation-stats>
<gc-op id="343" type="scavenge" timems="0.135" contextid="340" timestamp="2019-06-17T06:59:25.587">
  <scavenger-info tenureage="14" tenuremask="4000" tiltratio="87" />
  <memory-copied type="nursery" objects="4" bytes="29432" bytesdiscarded="9736" />
</gc-op>
<gc-end id="344" type="scavenge" contextid="340" durationms="0.296" usertimems="0.000" systemtimems="0.000" timestamp="2019-06-17T06:59:25.587" activeThreads="4">
  <mem-info id="345" free="6703112" total="8388608" percent="79">
    <mem type="nursery" free="1795840" total="2097152" percent="85">
      <mem type="allocate" free="1795840" total="1835008" percent="97" />
      <mem type="survivor" free="0" total="262144" percent="0" />
    </mem>
    <mem type="tenure" free="4907272" total="6291456" percent="77">
      <mem type="soa" free="4592904" total="5977088" percent="76" />
      <mem type="loa" free="314368" total="314368" percent="100" />
    </mem>
    <remembered-set count="56" />
  </mem-info>
</gc-end>
<cycle-end id="346" type="scavenge" contextid="340" timestamp="2019-06-17T06:59:25.588" />
  <attribute name="elasticGC enabled" value="1" />
  <attribute name= "numThreadsSpecified" value="4" />
  <attribute name="heapSize specified" value="0" />
  <attribute name="Current GC Util" value="37" />
  <attribute name= "Current Time Running" value="737" />
  <attribute name ="GC Interval" value="200" />
  <attribute name="ProportionalT" value="17.000000" />
  <attribute name="ProportionalI" value="17.000000" />
  <attribute name="ProportionalH" value="17.000000" />
  <attribute name="Current Error" value="17.000000" />
  <attribute name="IntegralT" value="17.000000" />
  <attribute name="IntegralI" value="17.000000" />
  <attribute name="IntegralH" value="17.000000" />
  <attribute name="DerivativeT" value="0.000000" />
  <attribute name="DerivativeI" value="0.000000" />
  <attribute name="DerivativeH" value="0.000000" />
  <attribute name="Loop Time for DT" value="1.000000" />
  <attribute name="Output H" value="8388608"/>
  <attribute name="Output I" value="200"/>
  <attribute name="Output T" value="4"/>
  <attribute name="Target GC Util Change" value ="20.000000" />
  <attribute name="Current GC Util Change" value="37.000000"/>
  <attribute name="GC Util currently" value="37" />
  <attribute name="CPU Util currently" value="5076791163257" />
<allocation-satisfied id="347" threadId="0000000001467700" bytesRequested="29352" />
<af-end id="348" timestamp="2019-06-17T06:59:25.588" threadId="0000000001468088" success="true" from="nursery"/>
<exclusive-end id="349" timestamp="2019-06-17T06:59:25.588" durationms="0.719" />

<exclusive-start id="350" timestamp="2019-06-17T06:59:25.588" intervalms="0.912">
  <response-info timems="0.023" idlems="0.023" threads="0" lastid="0000000001467700" lastname="main" />
</exclusive-start>
<af-start id="351" threadId="0000000001468088" totalBytesRequested="60112" timestamp="2019-06-17T06:59:25.588" intervalms="0.918" type="nursery" />
<cycle-start id="352" type="scavenge" contextid="0" timestamp="2019-06-17T06:59:25.588" intervalms="0.919" />
<gc-start id="353" type="scavenge" contextid="352" timestamp="2019-06-17T06:59:25.588">
  <mem-info id="354" free="4907272" total="8388608" percent="58">
    <mem type="nursery" free="0" total="2097152" percent="0">
      <mem type="allocate" free="0" total="1835008" percent="0" />
      <mem type="survivor" free="0" total="262144" percent="0" />
    </mem>
    <mem type="tenure" free="4907272" total="6291456" percent="77">
      <mem type="soa" free="4592904" total="5977088" percent="76" />
      <mem type="loa" free="314368" total="314368" percent="100" />
    </mem>
    <remembered-set count="56" />
  </mem-info>
</gc-start>
<allocation-stats totalBytes="1574288" >
  <allocated-bytes non-tlh="383016" tlh="1191272" />
  <largest-consumer threadName="main" threadId="0000000001467700" bytes="1574288" />
</allocation-stats>
<gc-op id="355" type="scavenge" timems="0.134" contextid="352" timestamp="2019-06-17T06:59:25.588">
  <scavenger-info tenureage="14" tenuremask="4000" tiltratio="87" />
  <memory-copied type="nursery" objects="2" bytes="30080" bytesdiscarded="9088" />
</gc-op>
<gc-end id="356" type="scavenge" contextid="352" durationms="0.300" usertimems="0.000" systemtimems="0.000" timestamp="2019-06-17T06:59:25.588" activeThreads="4">
  <mem-info id="357" free="6703112" total="8388608" percent="79">
    <mem type="nursery" free="1795840" total="2097152" percent="85">
      <mem type="allocate" free="1795840" total="1835008" percent="97" />
      <mem type="survivor" free="0" total="262144" percent="0" />
    </mem>
    <mem type="tenure" free="4907272" total="6291456" percent="77">
      <mem type="soa" free="4592904" total="5977088" percent="76" />
      <mem type="loa" free="314368" total="314368" percent="100" />
    </mem>
    <remembered-set count="56" />
  </mem-info>
</gc-end>
<cycle-end id="358" type="scavenge" contextid="352" timestamp="2019-06-17T06:59:25.588" />
  <attribute name="elasticGC enabled" value="1" />
  <attribute name= "numThreadsSpecified" value="4" />
  <attribute name="heapSize specified" value="0" />
  <attribute name="Current GC Util" value="38" />
  <attribute name= "Current Time Running" value="738" />
  <attribute name ="GC Interval" value="200" />
  <attribute name="ProportionalT" value="18.000000" />
  <attribute name="ProportionalI" value="18.000000" />
  <attribute name="ProportionalH" value="18.000000" />
  <attribute name="Current Error" value="18.000000" />
  <attribute name="IntegralT" value="18.000000" />
  <attribute name="IntegralI" value="18.000000" />
  <attribute name="IntegralH" value="18.000000" />
  <attribute name="DerivativeT" value="1.000000" />
  <attribute name="DerivativeI" value="1.000000" />
  <attribute name="DerivativeH" value="1.000000" />
  <attribute name="Loop Time for DT" value="1.000000" />
  <attribute name="Output H" value="8388608"/>
  <attribute name="Output I" value="200"/>
  <attribute name="Output T" value="4"/>
  <attribute name="Target GC Util Change" value ="20.000000" />
  <attribute name="Current GC Util Change" value="38.000000"/>
  <attribute name="GC Util currently" value="38" />
  <attribute name="CPU Util currently" value="5008183940160" />
<allocation-satisfied id="359" threadId="0000000001467700" bytesRequested="60112" />
<af-end id="360" timestamp="2019-06-17T06:59:25.589" threadId="0000000001468088" success="true" from="nursery"/>
<exclusive-end id="361" timestamp="2019-06-17T06:59:25.589" durationms="0.714" />

<exclusive-start id="362" timestamp="2019-06-17T06:59:25.589" intervalms="0.904">
  <response-info timems="0.023" idlems="0.023" threads="0" lastid="0000000001467700" lastname="main" />
</exclusive-start>
<af-start id="363" threadId="0000000001468088" totalBytesRequested="61808" timestamp="2019-06-17T06:59:25.589" intervalms="0.900" type="nursery" />
<cycle-start id="364" type="scavenge" contextid="0" timestamp="2019-06-17T06:59:25.589" intervalms="0.899" />
<gc-start id="365" type="scavenge" contextid="364" timestamp="2019-06-17T06:59:25.589">
  <mem-info id="366" free="4907272" total="8388608" percent="58">
    <mem type="nursery" free="0" total="2097152" percent="0">
      <mem type="allocate" free="0" total="1835008" percent="0" />
      <mem type="survivor" free="0" total="262144" percent="0" />
    </mem>
    <mem type="tenure" free="4907272" total="6291456" percent="77">
      <mem type="soa" free="4592904" total="5977088" percent="76" />
      <mem type="loa" free="314368" total="314368" percent="100" />
    </mem>
    <remembered-set count="56" />
  </mem-info>
</gc-start>
<allocation-stats totalBytes="1585776" >
  <allocated-bytes non-tlh="454624" tlh="1131152" />
  <largest-consumer threadName="main" threadId="0000000001467700" bytes="1585776" />
</allocation-stats>
<gc-op id="367" type="scavenge" timems="0.134" contextid="364" timestamp="2019-06-17T06:59:25.589">
  <scavenger-info tenureage="14" tenuremask="4000" tiltratio="87" />
  <memory-copied type="nursery" objects="2" bytes="30936" bytesdiscarded="8232" />
</gc-op>
<gc-end id="368" type="scavenge" contextid="364" durationms="0.300" usertimems="0.000" systemtimems="0.000" timestamp="2019-06-17T06:59:25.589" activeThreads="4">
  <mem-info id="369" free="6703112" total="8388608" percent="79">
    <mem type="nursery" free="1795840" total="2097152" percent="85">
      <mem type="allocate" free="1795840" total="1835008" percent="97" />
      <mem type="survivor" free="0" total="262144" percent="0" />
    </mem>
    <mem type="tenure" free="4907272" total="6291456" percent="77">
      <mem type="soa" free="4592904" total="5977088" percent="76" />
      <mem type="loa" free="314368" total="314368" percent="100" />
    </mem>
    <remembered-set count="56" />
  </mem-info>
</gc-end>
<cycle-end id="370" type="scavenge" contextid="364" timestamp="2019-06-17T06:59:25.589" />
  <attribute name="elasticGC enabled" value="1" />
  <attribute name= "numThreadsSpecified" value="4" />
  <attribute name="heapSize specified" value="0" />
  <attribute name="Current GC Util" value="37" />
  <attribute name= "Current Time Running" value="738" />
  <attribute name ="GC Interval" value="200" />
  <attribute name="ProportionalT" value="17.000000" />
  <attribute name="ProportionalI" value="17.000000" />
  <attribute name="ProportionalH" value="17.000000" />
  <attribute name="Current Error" value="17.000000" />
  <attribute name="IntegralT" value="0.000000" />
  <attribute name="IntegralI" value="0.000000" />
  <attribute name="IntegralH" value="0.000000" />
  <attribute name="DerivativeT" value="-inf" />
  <attribute name="DerivativeI" value="-inf" />
  <attribute name="DerivativeH" value="-inf" />
  <attribute name="Loop Time for DT" value="0.000000" />
  <attribute name="Output H" value="2092630016"/>
  <attribute name="Output I" value="200"/>
  <attribute name="Output T" value="4"/>
  <attribute name="Target GC Util Change" value ="20.000000" />
  <attribute name="Current GC Util Change" value="37.000000"/>
  <attribute name="GC Util currently" value="37" />
  <attribute name="CPU Util currently" value="5151035490737" />
<allocation-satisfied id="371" threadId="0000000001467700" bytesRequested="61808" />
<af-end id="372" timestamp="2019-06-17T06:59:25.589" threadId="0000000001468088" success="true" from="nursery"/>
<exclusive-end id="373" timestamp="2019-06-17T06:59:25.590" durationms="0.706" />

<exclusive-start id="374" timestamp="2019-06-17T06:59:25.590" intervalms="0.897">
  <response-info timems="0.022" idlems="0.022" threads="0" lastid="0000000001467700" lastname="main" />
</exclusive-start>
<af-start id="375" threadId="0000000001468088" totalBytesRequested="31664" timestamp="2019-06-17T06:59:25.590" intervalms="0.898" type="nursery" />
<cycle-start id="376" type="scavenge" contextid="0" timestamp="2019-06-17T06:59:25.590" intervalms="0.899" />
<gc-start id="377" type="scavenge" contextid="376" timestamp="2019-06-17T06:59:25.590">
  <mem-info id="378" free="4907272" total="8388608" percent="58">
    <mem type="nursery" free="0" total="2097152" percent="0">
      <mem type="allocate" free="0" total="1835008" percent="0" />
      <mem type="survivor" free="0" total="262144" percent="0" />
    </mem>
    <mem type="tenure" free="4907272" total="6291456" percent="77">
      <mem type="soa" free="4592904" total="5977088" percent="76" />
      <mem type="loa" free="314368" total="314368" percent="100" />
    </mem>
    <remembered-set count="56" />
  </mem-info>
</gc-start>
<allocation-stats totalBytes="1596144" >
  <allocated-bytes non-tlh="434864" tlh="1161280" />
  <largest-consumer threadName="main" threadId="0000000001467700" bytes="1596144" />
</allocation-stats>
<gc-op id="379" type="scavenge" timems="0.135" contextid="376" timestamp="2019-06-17T06:59:25.590">
  <scavenger-info tenureage="14" tenuremask="4000" tiltratio="87" />
  <memory-copied type="nursery" objects="4" bytes="31744" bytesdiscarded="7424" />
</gc-op>
<gc-end id="380" type="scavenge" contextid="376" durationms="0.300" usertimems="0.000" systemtimems="0.000" timestamp="2019-06-17T06:59:25.590" activeThreads="4">
  <mem-info id="381" free="6703112" total="8388608" percent="79">
    <mem type="nursery" free="1795840" total="2097152" percent="85">
      <mem type="allocate" free="1795840" total="1835008" percent="97" />
      <mem type="survivor" free="0" total="262144" percent="0" />
    </mem>
    <mem type="tenure" free="4907272" total="6291456" percent="77">
      <mem type="soa" free="4592904" total="5977088" percent="76" />
      <mem type="loa" free="314368" total="314368" percent="100" />
    </mem>
    <remembered-set count="56" />
  </mem-info>
</gc-end>
<cycle-end id="382" type="scavenge" contextid="376" timestamp="2019-06-17T06:59:25.590" />
  <attribute name="elasticGC enabled" value="1" />
  <attribute name= "numThreadsSpecified" value="4" />
  <attribute name="heapSize specified" value="0" />
  <attribute name="Current GC Util" value="37" />
  <attribute name= "Current Time Running" value="739" />
  <attribute name ="GC Interval" value="200" />
  <attribute name="ProportionalT" value="17.000000" />
  <attribute name="ProportionalI" value="17.000000" />
  <attribute name="ProportionalH" value="17.000000" />
  <attribute name="Current Error" value="17.000000" />
  <attribute name="IntegralT" value="17.000000" />
  <attribute name="IntegralI" value="17.000000" />
  <attribute name="IntegralH" value="17.000000" />
  <attribute name="DerivativeT" value="0.000000" />
  <attribute name="DerivativeI" value="0.000000" />
  <attribute name="DerivativeH" value="0.000000" />
  <attribute name="Loop Time for DT" value="1.000000" />
  <attribute name="Output H" value="8388608"/>
  <attribute name="Output I" value="200"/>
  <attribute name="Output T" value="4"/>
  <attribute name="Target GC Util Change" value ="20.000000" />
  <attribute name="Current GC Util Change" value="37.000000"/>
  <attribute name="GC Util currently" value="37" />
  <attribute name="CPU Util currently" value="5112716939523" />
<allocation-satisfied id="383" threadId="0000000001467700" bytesRequested="31664" />
<af-end id="384" timestamp="2019-06-17T06:59:25.590" threadId="0000000001468088" success="true" from="nursery"/>
<exclusive-end id="385" timestamp="2019-06-17T06:59:25.590" durationms="0.711" />

<exclusive-start id="386" timestamp="2019-06-17T06:59:25.591" intervalms="0.909">
  <response-info timems="0.029" idlems="0.029" threads="0" lastid="0000000001467700" lastname="main" />
</exclusive-start>
<af-start id="387" threadId="0000000001468088" totalBytesRequested="32448" timestamp="2019-06-17T06:59:25.591" intervalms="0.906" type="nursery" />
<cycle-start id="388" type="scavenge" contextid="0" timestamp="2019-06-17T06:59:25.591" intervalms="0.907" />
<gc-start id="389" type="scavenge" contextid="388" timestamp="2019-06-17T06:59:25.591">
  <mem-info id="390" free="4907272" total="8388608" percent="58">
    <mem type="nursery" free="0" total="2097152" percent="0">
      <mem type="allocate" free="0" total="1835008" percent="0" />
      <mem type="survivor" free="0" total="262144" percent="0" />
    </mem>
    <mem type="tenure" free="4907272" total="6291456" percent="77">
      <mem type="soa" free="4592904" total="5977088" percent="76" />
      <mem type="loa" free="314368" total="314368" percent="100" />
    </mem>
    <remembered-set count="56" />
  </mem-info>
</gc-start>
<allocation-stats totalBytes="1540096" >
  <allocated-bytes non-tlh="542848" tlh="997248" />
  <largest-consumer threadName="main" threadId="0000000001467700" bytes="1540096" />
</allocation-stats>
<gc-op id="391" type="scavenge" timems="0.104" contextid="388" timestamp="2019-06-17T06:59:25.591">
  <scavenger-info tenureage="14" tenuremask="4000" tiltratio="87" />
  <memory-copied type="nursery" objects="4" bytes="32528" bytesdiscarded="6640" />
</gc-op>
<gc-end id="392" type="scavenge" contextid="388" durationms="0.270" usertimems="0.000" systemtimems="0.000" timestamp="2019-06-17T06:59:25.591" activeThreads="4">
  <mem-info id="393" free="6703112" total="8388608" percent="79">
    <mem type="nursery" free="1795840" total="2097152" percent="85">
      <mem type="allocate" free="1795840" total="1835008" percent="97" />
      <mem type="survivor" free="0" total="262144" percent="0" />
    </mem>
    <mem type="tenure" free="4907272" total="6291456" percent="77">
      <mem type="soa" free="4592904" total="5977088" percent="76" />
      <mem type="loa" free="314368" total="314368" percent="100" />
    </mem>
    <remembered-set count="56" />
  </mem-info>
</gc-end>
<cycle-end id="394" type="scavenge" contextid="388" timestamp="2019-06-17T06:59:25.591" />
  <attribute name="elasticGC enabled" value="1" />
  <attribute name= "numThreadsSpecified" value="4" />
  <attribute name="heapSize specified" value="0" />
  <attribute name="Current GC Util" value="36" />
  <attribute name= "Current Time Running" value="740" />
  <attribute name ="GC Interval" value="200" />
  <attribute name="ProportionalT" value="16.000000" />
  <attribute name="ProportionalI" value="16.000000" />
  <attribute name="ProportionalH" value="16.000000" />
  <attribute name="Current Error" value="16.000000" />
  <attribute name="IntegralT" value="16.000000" />
  <attribute name="IntegralI" value="16.000000" />
  <attribute name="IntegralH" value="16.000000" />
  <attribute name="DerivativeT" value="-1.000000" />
  <attribute name="DerivativeI" value="-1.000000" />
  <attribute name="DerivativeH" value="-1.000000" />
  <attribute name="Loop Time for DT" value="1.000000" />
  <attribute name="Output H" value="8388608"/>
  <attribute name="Output I" value="200"/>
  <attribute name="Output T" value="4"/>
  <attribute name="Target GC Util Change" value ="20.000000" />
  <attribute name="Current GC Util Change" value="36.000000"/>
  <attribute name="GC Util currently" value="36" />
  <attribute name="CPU Util currently" value="5063174336338" />
<allocation-satisfied id="395" threadId="0000000001467700" bytesRequested="32448" />
<af-end id="396" timestamp="2019-06-17T06:59:25.591" threadId="0000000001468088" success="true" from="nursery"/>
<exclusive-end id="397" timestamp="2019-06-17T06:59:25.591" durationms="0.680" />

<exclusive-start id="398" timestamp="2019-06-17T06:59:25.592" intervalms="0.869">
  <response-info timems="0.023" idlems="0.023" threads="0" lastid="0000000001467700" lastname="main" />
</exclusive-start>
<af-start id="399" threadId="0000000001468088" totalBytesRequested="33208" timestamp="2019-06-17T06:59:25.592" intervalms="0.891" type="nursery" />
<cycle-start id="400" type="scavenge" contextid="0" timestamp="2019-06-17T06:59:25.592" intervalms="0.891" />
<gc-start id="401" type="scavenge" contextid="400" timestamp="2019-06-17T06:59:25.592">
  <mem-info id="402" free="4907272" total="8388608" percent="58">
    <mem type="nursery" free="0" total="2097152" percent="0">
      <mem type="allocate" free="0" total="1835008" percent="0" />
      <mem type="survivor" free="0" total="262144" percent="0" />
    </mem>
    <mem type="tenure" free="4907272" total="6291456" percent="77">
      <mem type="soa" free="4592904" total="5977088" percent="76" />
      <mem type="loa" free="314368" total="314368" percent="100" />
    </mem>
    <remembered-set count="56" />
  </mem-info>
</gc-start>
<allocation-stats totalBytes="1577712" >
  <allocated-bytes non-tlh="622632" tlh="955080" />
  <largest-consumer threadName="main" threadId="0000000001467700" bytes="1577712" />
</allocation-stats>
<gc-op id="403" type="scavenge" timems="0.136" contextid="400" timestamp="2019-06-17T06:59:25.592">
  <scavenger-info tenureage="14" tenuremask="4000" tiltratio="87" />
  <memory-copied type="nursery" objects="4" bytes="33288" bytesdiscarded="5880" />
</gc-op>
<gc-end id="404" type="scavenge" contextid="400" durationms="0.305" usertimems="0.000" systemtimems="0.000" timestamp="2019-06-17T06:59:25.592" activeThreads="4">
  <mem-info id="405" free="6703112" total="8388608" percent="79">
    <mem type="nursery" free="1795840" total="2097152" percent="85">
      <mem type="allocate" free="1795840" total="1835008" percent="97" />
      <mem type="survivor" free="0" total="262144" percent="0" />
    </mem>
    <mem type="tenure" free="4907272" total="6291456" percent="77">
      <mem type="soa" free="4592904" total="5977088" percent="76" />
      <mem type="loa" free="314368" total="314368" percent="100" />
    </mem>
    <remembered-set count="56" />
  </mem-info>
</gc-end>
<cycle-end id="406" type="scavenge" contextid="400" timestamp="2019-06-17T06:59:25.592" />
  <attribute name="elasticGC enabled" value="1" />
  <attribute name= "numThreadsSpecified" value="4" />
  <attribute name="heapSize specified" value="0" />
  <attribute name="Current GC Util" value="37" />
  <attribute name= "Current Time Running" value="741" />
  <attribute name ="GC Interval" value="200" />
  <attribute name="ProportionalT" value="17.000000" />
  <attribute name="ProportionalI" value="17.000000" />
  <attribute name="ProportionalH" value="17.000000" />
  <attribute name="Current Error" value="17.000000" />
  <attribute name="IntegralT" value="17.000000" />
  <attribute name="IntegralI" value="17.000000" />
  <attribute name="IntegralH" value="17.000000" />
  <attribute name="DerivativeT" value="1.000000" />
  <attribute name="DerivativeI" value="1.000000" />
  <attribute name="DerivativeH" value="1.000000" />
  <attribute name="Loop Time for DT" value="1.000000" />
  <attribute name="Output H" value="8388608"/>
  <attribute name="Output I" value="200"/>
  <attribute name="Output T" value="4"/>
  <attribute name="Target GC Util Change" value ="20.000000" />
  <attribute name="Current GC Util Change" value="37.000000"/>
  <attribute name="GC Util currently" value="37" />
  <attribute name="CPU Util currently" value="5170028405235" />
<allocation-satisfied id="407" threadId="0000000001467700" bytesRequested="33208" />
<af-end id="408" timestamp="2019-06-17T06:59:25.592" threadId="0000000001468088" success="true" from="nursery"/>
<exclusive-end id="409" timestamp="2019-06-17T06:59:25.592" durationms="0.738" />

<exclusive-start id="410" timestamp="2019-06-17T06:59:25.592" intervalms="0.931">
  <response-info timems="0.023" idlems="0.023" threads="0" lastid="0000000001467700" lastname="main" />
</exclusive-start>
<af-start id="411" threadId="0000000001468088" totalBytesRequested="33960" timestamp="2019-06-17T06:59:25.593" intervalms="0.911" type="nursery" />
<cycle-start id="412" type="scavenge" contextid="0" timestamp="2019-06-17T06:59:25.593" intervalms="0.907" />
<gc-start id="413" type="scavenge" contextid="412" timestamp="2019-06-17T06:59:25.593">
  <mem-info id="414" free="4907272" total="8388608" percent="58">
    <mem type="nursery" free="0" total="2097152" percent="0">
      <mem type="allocate" free="0" total="1835008" percent="0" />
      <mem type="survivor" free="0" total="262144" percent="0" />
    </mem>
    <mem type="tenure" free="4907272" total="6291456" percent="77">
      <mem type="soa" free="4592904" total="5977088" percent="76" />
      <mem type="loa" free="314368" total="314368" percent="100" />
    </mem>
    <remembered-set count="56" />
  </mem-info>
</gc-start>
<allocation-stats totalBytes="1579264" >
  <allocated-bytes non-tlh="636520" tlh="942744" />
  <largest-consumer threadName="main" threadId="0000000001467700" bytes="1579264" />
</allocation-stats>
<gc-op id="415" type="scavenge" timems="0.137" contextid="412" timestamp="2019-06-17T06:59:25.593">
  <scavenger-info tenureage="14" tenuremask="4000" tiltratio="87" />
  <memory-copied type="nursery" objects="1" bytes="67912" bytesdiscarded="0" />
</gc-op>
<gc-end id="416" type="scavenge" contextid="412" durationms="0.301" usertimems="0.000" systemtimems="0.000" timestamp="2019-06-17T06:59:25.593" activeThreads="4">
  <mem-info id="417" free="6674368" total="8388608" percent="79">
    <mem type="nursery" free="1767096" total="2097152" percent="84">
      <mem type="allocate" free="1767096" total="1835008" percent="96" />
      <mem type="survivor" free="0" total="262144" percent="0" />
    </mem>
    <mem type="tenure" free="4907272" total="6291456" percent="77">
      <mem type="soa" free="4592904" total="5977088" percent="76" />
      <mem type="loa" free="314368" total="314368" percent="100" />
    </mem>
    <remembered-set count="56" />
  </mem-info>
</gc-end>
<cycle-end id="418" type="scavenge" contextid="412" timestamp="2019-06-17T06:59:25.593" />
  <attribute name="elasticGC enabled" value="1" />
  <attribute name= "numThreadsSpecified" value="4" />
  <attribute name="heapSize specified" value="0" />
  <attribute name="Current GC Util" value="37" />
  <attribute name= "Current Time Running" value="742" />
  <attribute name ="GC Interval" value="200" />
  <attribute name="ProportionalT" value="17.000000" />
  <attribute name="ProportionalI" value="17.000000" />
  <attribute name="ProportionalH" value="17.000000" />
  <attribute name="Current Error" value="17.000000" />
  <attribute name="IntegralT" value="17.000000" />
  <attribute name="IntegralI" value="17.000000" />
  <attribute name="IntegralH" value="17.000000" />
  <attribute name="DerivativeT" value="0.000000" />
  <attribute name="DerivativeI" value="0.000000" />
  <attribute name="DerivativeH" value="0.000000" />
  <attribute name="Loop Time for DT" value="1.000000" />
  <attribute name="Output H" value="8388608"/>
  <attribute name="Output I" value="200"/>
  <attribute name="Output T" value="4"/>
  <attribute name="Target GC Util Change" value ="20.000000" />
  <attribute name="Current GC Util Change" value="37.000000"/>
  <attribute name="GC Util currently" value="37" />
  <attribute name="CPU Util currently" value="5110920757132" />
<allocation-satisfied id="419" threadId="0000000001467700" bytesRequested="33960" />
<af-end id="420" timestamp="2019-06-17T06:59:25.593" threadId="0000000001468088" success="true" from="nursery"/>
<exclusive-end id="421" timestamp="2019-06-17T06:59:25.593" durationms="0.704" />

<exclusive-start id="422" timestamp="2019-06-17T06:59:25.593" intervalms="0.893">
  <response-info timems="0.023" idlems="0.023" threads="0" lastid="0000000001467700" lastname="main" />
</exclusive-start>
<af-start id="423" threadId="0000000001468088" totalBytesRequested="34736" timestamp="2019-06-17T06:59:25.593" intervalms="0.891" type="nursery" />
<cycle-start id="424" type="scavenge" contextid="0" timestamp="2019-06-17T06:59:25.593" intervalms="0.895" />
<gc-start id="425" type="scavenge" contextid="424" timestamp="2019-06-17T06:59:25.594">
  <mem-info id="426" free="4907272" total="8388608" percent="58">
    <mem type="nursery" free="0" total="2097152" percent="0">
      <mem type="allocate" free="0" total="1835008" percent="0" />
      <mem type="survivor" free="0" total="262144" percent="0" />
    </mem>
    <mem type="tenure" free="4907272" total="6291456" percent="77">
      <mem type="soa" free="4592904" total="5977088" percent="76" />
      <mem type="loa" free="314368" total="314368" percent="100" />
    </mem>
    <remembered-set count="56" />
  </mem-info>
</gc-start>
<allocation-stats totalBytes="1546016" >
  <allocated-bytes non-tlh="582120" tlh="963896" />
  <largest-consumer threadName="main" threadId="0000000001467700" bytes="1546016" />
</allocation-stats>
<gc-op id="427" type="scavenge" timems="0.127" contextid="424" timestamp="2019-06-17T06:59:25.594">
  <scavenger-info tenureage="14" tenuremask="4000" tiltratio="87" />
  <memory-copied type="nursery" objects="4" bytes="34816" bytesdiscarded="4352" />
</gc-op>
<gc-end id="428" type="scavenge" contextid="424" durationms="0.292" usertimems="0.000" systemtimems="0.000" timestamp="2019-06-17T06:59:25.594" activeThreads="4">
  <mem-info id="429" free="6703112" total="8388608" percent="79">
    <mem type="nursery" free="1795840" total="2097152" percent="85">
      <mem type="allocate" free="1795840" total="1835008" percent="97" />
      <mem type="survivor" free="0" total="262144" percent="0" />
    </mem>
    <mem type="tenure" free="4907272" total="6291456" percent="77">
      <mem type="soa" free="4592904" total="5977088" percent="76" />
      <mem type="loa" free="314368" total="314368" percent="100" />
    </mem>
    <remembered-set count="56" />
  </mem-info>
</gc-end>
<cycle-end id="430" type="scavenge" contextid="424" timestamp="2019-06-17T06:59:25.594" />
  <attribute name="elasticGC enabled" value="1" />
  <attribute name= "numThreadsSpecified" value="4" />
  <attribute name="heapSize specified" value="0" />
  <attribute name="Current GC Util" value="37" />
  <attribute name= "Current Time Running" value="743" />
  <attribute name ="GC Interval" value="200" />
  <attribute name="ProportionalT" value="17.000000" />
  <attribute name="ProportionalI" value="17.000000" />
  <attribute name="ProportionalH" value="17.000000" />
  <attribute name="Current Error" value="17.000000" />
  <attribute name="IntegralT" value="17.000000" />
  <attribute name="IntegralI" value="17.000000" />
  <attribute name="IntegralH" value="17.000000" />
  <attribute name="DerivativeT" value="0.000000" />
  <attribute name="DerivativeI" value="0.000000" />
  <attribute name="DerivativeH" value="0.000000" />
  <attribute name="Loop Time for DT" value="1.000000" />
  <attribute name="Output H" value="8388608"/>
  <attribute name="Output I" value="200"/>
  <attribute name="Output T" value="4"/>
  <attribute name="Target GC Util Change" value ="20.000000" />
  <attribute name="Current GC Util Change" value="37.000000"/>
  <attribute name="GC Util currently" value="37" />
  <attribute name="CPU Util currently" value="5138884141660" />
<allocation-satisfied id="431" threadId="0000000001467700" bytesRequested="34736" />
<af-end id="432" timestamp="2019-06-17T06:59:25.594" threadId="0000000001468088" success="true" from="nursery"/>
<exclusive-end id="433" timestamp="2019-06-17T06:59:25.594" durationms="0.698" />

<exclusive-start id="434" timestamp="2019-06-17T06:59:25.594" intervalms="0.897">
  <response-info timems="0.028" idlems="0.028" threads="0" lastid="0000000001467700" lastname="main" />
</exclusive-start>
<af-start id="435" threadId="0000000001468088" totalBytesRequested="70736" timestamp="2019-06-17T06:59:25.594" intervalms="0.899" type="nursery" />
<cycle-start id="436" type="scavenge" contextid="0" timestamp="2019-06-17T06:59:25.594" intervalms="0.896" />
<gc-start id="437" type="scavenge" contextid="436" timestamp="2019-06-17T06:59:25.594">
  <mem-info id="438" free="4907272" total="8388608" percent="58">
    <mem type="nursery" free="0" total="2097152" percent="0">
      <mem type="allocate" free="0" total="1835008" percent="0" />
      <mem type="survivor" free="0" total="262144" percent="0" />
    </mem>
    <mem type="tenure" free="4907272" total="6291456" percent="77">
      <mem type="soa" free="4592904" total="5977088" percent="76" />
      <mem type="loa" free="314368" total="314368" percent="100" />
    </mem>
    <remembered-set count="56" />
  </mem-info>
</gc-start>
<allocation-stats totalBytes="1599240" >
  <allocated-bytes non-tlh="593824" tlh="1005416" />
  <largest-consumer threadName="main" threadId="0000000001467700" bytes="1599240" />
</allocation-stats>
<gc-op id="439" type="scavenge" timems="0.137" contextid="436" timestamp="2019-06-17T06:59:25.595">
  <scavenger-info tenureage="14" tenuremask="4000" tiltratio="87" />
  <memory-copied type="nursery" objects="2" bytes="35400" bytesdiscarded="3768" />
</gc-op>
<gc-end id="440" type="scavenge" contextid="436" durationms="0.305" usertimems="0.000" systemtimems="0.000" timestamp="2019-06-17T06:59:25.595" activeThreads="4">
  <mem-info id="441" free="6703112" total="8388608" percent="79">
    <mem type="nursery" free="1795840" total="2097152" percent="85">
      <mem type="allocate" free="1795840" total="1835008" percent="97" />
      <mem type="survivor" free="0" total="262144" percent="0" />
    </mem>
    <mem type="tenure" free="4907272" total="6291456" percent="77">
      <mem type="soa" free="4592904" total="5977088" percent="76" />
      <mem type="loa" free="314368" total="314368" percent="100" />
    </mem>
    <remembered-set count="56" />
  </mem-info>
</gc-end>
<cycle-end id="442" type="scavenge" contextid="436" timestamp="2019-06-17T06:59:25.595" />
  <attribute name="elasticGC enabled" value="1" />
  <attribute name= "numThreadsSpecified" value="4" />
  <attribute name="heapSize specified" value="0" />
  <attribute name="Current GC Util" value="37" />
  <attribute name= "Current Time Running" value="744" />
  <attribute name ="GC Interval" value="200" />
  <attribute name="ProportionalT" value="17.000000" />
  <attribute name="ProportionalI" value="17.000000" />
  <attribute name="ProportionalH" value="17.000000" />
  <attribute name="Current Error" value="17.000000" />
  <attribute name="IntegralT" value="17.000000" />
  <attribute name="IntegralI" value="17.000000" />
  <attribute name="IntegralH" value="17.000000" />
  <attribute name="DerivativeT" value="0.000000" />
  <attribute name="DerivativeI" value="0.000000" />
  <attribute name="DerivativeH" value="0.000000" />
  <attribute name="Loop Time for DT" value="1.000000" />
  <attribute name="Output H" value="8388608"/>
  <attribute name="Output I" value="200"/>
  <attribute name="Output T" value="4"/>
  <attribute name="Target GC Util Change" value ="20.000000" />
  <attribute name="Current GC Util Change" value="37.000000"/>
  <attribute name="GC Util currently" value="37" />
  <attribute name="CPU Util currently" value="5147149083906" />
<allocation-satisfied id="443" threadId="0000000001467700" bytesRequested="70736" />
<af-end id="444" timestamp="2019-06-17T06:59:25.595" threadId="0000000001468088" success="true" from="nursery"/>
<exclusive-end id="445" timestamp="2019-06-17T06:59:25.595" durationms="0.765" />

<exclusive-start id="446" timestamp="2019-06-17T06:59:25.595" intervalms="0.995">
  <response-info timems="0.035" idlems="0.035" threads="0" lastid="0000000001467700" lastname="main" />
</exclusive-start>
<af-start id="447" threadId="0000000001468088" totalBytesRequested="72192" timestamp="2019-06-17T06:59:25.595" intervalms="1.005" type="nursery" />
<cycle-start id="448" type="scavenge" contextid="0" timestamp="2019-06-17T06:59:25.595" intervalms="1.050" />
<gc-start id="449" type="scavenge" contextid="448" timestamp="2019-06-17T06:59:25.595">
  <mem-info id="450" free="4907272" total="8388608" percent="58">
    <mem type="nursery" free="0" total="2097152" percent="0">
      <mem type="allocate" free="0" total="1835008" percent="0" />
      <mem type="survivor" free="0" total="262144" percent="0" />
    </mem>
    <mem type="tenure" free="4907272" total="6291456" percent="77">
      <mem type="soa" free="4592904" total="5977088" percent="76" />
      <mem type="loa" free="314368" total="314368" percent="100" />
    </mem>
    <remembered-set count="56" />
  </mem-info>
</gc-start>
<allocation-stats totalBytes="1611728" >
  <allocated-bytes non-tlh="677624" tlh="934104" />
  <largest-consumer threadName="main" threadId="0000000001467700" bytes="1611728" />
</allocation-stats>
<gc-op id="451" type="scavenge" timems="0.137" contextid="448" timestamp="2019-06-17T06:59:25.596">
  <scavenger-info tenureage="14" tenuremask="4000" tiltratio="87" />
  <memory-copied type="nursery" objects="2" bytes="36120" bytesdiscarded="3048" />
</gc-op>
<gc-end id="452" type="scavenge" contextid="448" durationms="0.326" usertimems="0.000" systemtimems="0.000" timestamp="2019-06-17T06:59:25.596" activeThreads="4">
  <mem-info id="453" free="6703112" total="8388608" percent="79">
    <mem type="nursery" free="1795840" total="2097152" percent="85">
      <mem type="allocate" free="1795840" total="1835008" percent="97" />
      <mem type="survivor" free="0" total="262144" percent="0" />
    </mem>
    <mem type="tenure" free="4907272" total="6291456" percent="77">
      <mem type="soa" free="4592904" total="5977088" percent="76" />
      <mem type="loa" free="314368" total="314368" percent="100" />
    </mem>
    <remembered-set count="56" />
  </mem-info>
</gc-end>
<cycle-end id="454" type="scavenge" contextid="448" timestamp="2019-06-17T06:59:25.596" />
  <attribute name="elasticGC enabled" value="1" />
  <attribute name= "numThreadsSpecified" value="4" />
  <attribute name="heapSize specified" value="0" />
  <attribute name="Current GC Util" value="32" />
  <attribute name= "Current Time Running" value="745" />
  <attribute name ="GC Interval" value="200" />
  <attribute name="ProportionalT" value="12.000000" />
  <attribute name="ProportionalI" value="12.000000" />
  <attribute name="ProportionalH" value="12.000000" />
  <attribute name="Current Error" value="12.000000" />
  <attribute name="IntegralT" value="12.000000" />
  <attribute name="IntegralI" value="12.000000" />
  <attribute name="IntegralH" value="12.000000" />
  <attribute name="DerivativeT" value="-5.000000" />
  <attribute name="DerivativeI" value="-5.000000" />
  <attribute name="DerivativeH" value="-5.000000" />
  <attribute name="Loop Time for DT" value="1.000000" />
  <attribute name="Output H" value="8388608"/>
  <attribute name="Output I" value="200"/>
  <attribute name="Output T" value="4"/>
  <attribute name="Target GC Util Change" value ="20.000000" />
  <attribute name="Current GC Util Change" value="32.000000"/>
  <attribute name="GC Util currently" value="32" />
  <attribute name="CPU Util currently" value="4340994616263" />
<allocation-satisfied id="455" threadId="0000000001467700" bytesRequested="72192" />
<af-end id="456" timestamp="2019-06-17T06:59:25.596" threadId="0000000001468088" success="true" from="nursery"/>
<exclusive-end id="457" timestamp="2019-06-17T06:59:25.596" durationms="0.822" />

<exclusive-start id="458" timestamp="2019-06-17T06:59:25.596" intervalms="1.053">
  <response-info timems="0.035" idlems="0.035" threads="0" lastid="0000000001467700" lastname="main" />
</exclusive-start>
<af-start id="459" threadId="0000000001468088" totalBytesRequested="73384" timestamp="2019-06-17T06:59:25.596" intervalms="1.049" type="nursery" />
<cycle-start id="460" type="scavenge" contextid="0" timestamp="2019-06-17T06:59:25.596" intervalms="1.013" />
<gc-start id="461" type="scavenge" contextid="460" timestamp="2019-06-17T06:59:25.596">
  <mem-info id="462" free="4907272" total="8388608" percent="58">
    <mem type="nursery" free="0" total="2097152" percent="0">
      <mem type="allocate" free="0" total="1835008" percent="0" />
      <mem type="survivor" free="0" total="262144" percent="0" />
    </mem>
    <mem type="tenure" free="4907272" total="6291456" percent="77">
      <mem type="soa" free="4592904" total="5977088" percent="76" />
      <mem type="loa" free="314368" total="314368" percent="100" />
    </mem>
    <remembered-set count="56" />
  </mem-info>
</gc-start>
<allocation-stats totalBytes="1620800" >
  <allocated-bytes non-tlh="616760" tlh="1004040" />
  <largest-consumer threadName="main" threadId="0000000001467700" bytes="1620800" />
</allocation-stats>
<gc-op id="463" type="scavenge" timems="0.123" contextid="460" timestamp="2019-06-17T06:59:25.597">
  <scavenger-info tenureage="14" tenuremask="4000" tiltratio="87" />
  <memory-copied type="nursery" objects="2" bytes="36720" bytesdiscarded="2448" />
</gc-op>
<gc-end id="464" type="scavenge" contextid="460" durationms="0.311" usertimems="0.000" systemtimems="0.000" timestamp="2019-06-17T06:59:25.597" activeThreads="4">
  <mem-info id="465" free="6703112" total="8388608" percent="79">
    <mem type="nursery" free="1795840" total="2097152" percent="85">
      <mem type="allocate" free="1795840" total="1835008" percent="97" />
      <mem type="survivor" free="0" total="262144" percent="0" />
    </mem>
    <mem type="tenure" free="4907272" total="6291456" percent="77">
      <mem type="soa" free="4592904" total="5977088" percent="76" />
      <mem type="loa" free="314368" total="314368" percent="100" />
    </mem>
    <remembered-set count="56" />
  </mem-info>
</gc-end>
<cycle-end id="466" type="scavenge" contextid="460" timestamp="2019-06-17T06:59:25.597" />
  <attribute name="elasticGC enabled" value="1" />
  <attribute name= "numThreadsSpecified" value="4" />
  <attribute name="heapSize specified" value="0" />
  <attribute name="Current GC Util" value="34" />
  <attribute name= "Current Time Running" value="746" />
  <attribute name ="GC Interval" value="200" />
  <attribute name="ProportionalT" value="14.000000" />
  <attribute name="ProportionalI" value="14.000000" />
  <attribute name="ProportionalH" value="14.000000" />
  <attribute name="Current Error" value="14.000000" />
  <attribute name="IntegralT" value="14.000000" />
  <attribute name="IntegralI" value="14.000000" />
  <attribute name="IntegralH" value="14.000000" />
  <attribute name="DerivativeT" value="2.000000" />
  <attribute name="DerivativeI" value="2.000000" />
  <attribute name="DerivativeH" value="2.000000" />
  <attribute name="Loop Time for DT" value="1.000000" />
  <attribute name="Output H" value="8388608"/>
  <attribute name="Output I" value="200"/>
  <attribute name="Output T" value="4"/>
  <attribute name="Target GC Util Change" value ="20.000000" />
  <attribute name="Current GC Util Change" value="34.000000"/>
  <attribute name="GC Util currently" value="34" />
  <attribute name="CPU Util currently" value="4548430987794" />
<allocation-satisfied id="467" threadId="0000000001467700" bytesRequested="73384" />
<af-end id="468" timestamp="2019-06-17T06:59:25.597" threadId="0000000001468088" success="true" from="nursery"/>
<exclusive-end id="469" timestamp="2019-06-17T06:59:25.597" durationms="0.765" />

<exclusive-start id="470" timestamp="2019-06-17T06:59:25.597" intervalms="1.001">
  <response-info timems="0.035" idlems="0.035" threads="0" lastid="0000000001467700" lastname="main" />
</exclusive-start>
<af-start id="471" threadId="0000000001468088" totalBytesRequested="37408" timestamp="2019-06-17T06:59:25.597" intervalms="1.004" type="nursery" />
<cycle-start id="472" type="scavenge" contextid="0" timestamp="2019-06-17T06:59:25.597" intervalms="1.001" />
<gc-start id="473" type="scavenge" contextid="472" timestamp="2019-06-17T06:59:25.597">
  <mem-info id="474" free="4907272" total="8388608" percent="58">
    <mem type="nursery" free="0" total="2097152" percent="0">
      <mem type="allocate" free="0" total="1835008" percent="0" />
      <mem type="survivor" free="0" total="262144" percent="0" />
    </mem>
    <mem type="tenure" free="4907272" total="6291456" percent="77">
      <mem type="soa" free="4592904" total="5977088" percent="76" />
      <mem type="loa" free="314368" total="314368" percent="100" />
    </mem>
    <remembered-set count="56" />
  </mem-info>
</gc-start>
<allocation-stats totalBytes="1592328" >
  <allocated-bytes non-tlh="701664" tlh="890664" />
  <largest-consumer threadName="main" threadId="0000000001467700" bytes="1592328" />
</allocation-stats>
<gc-op id="475" type="scavenge" timems="0.122" contextid="472" timestamp="2019-06-17T06:59:25.598">
  <scavenger-info tenureage="14" tenuremask="4000" tiltratio="87" />
  <memory-copied type="nursery" objects="4" bytes="37488" bytesdiscarded="1680" />
</gc-op>
<gc-end id="476" type="scavenge" contextid="472" durationms="0.310" usertimems="0.000" systemtimems="0.000" timestamp="2019-06-17T06:59:25.598" activeThreads="4">
  <mem-info id="477" free="6703112" total="8388608" percent="79">
    <mem type="nursery" free="1795840" total="2097152" percent="85">
      <mem type="allocate" free="1795840" total="1835008" percent="97" />
      <mem type="survivor" free="0" total="262144" percent="0" />
    </mem>
    <mem type="tenure" free="4907272" total="6291456" percent="77">
      <mem type="soa" free="4592904" total="5977088" percent="76" />
      <mem type="loa" free="314368" total="314368" percent="100" />
    </mem>
    <remembered-set count="56" />
  </mem-info>
</gc-end>
<cycle-end id="478" type="scavenge" contextid="472" timestamp="2019-06-17T06:59:25.598" />
  <attribute name="elasticGC enabled" value="1" />
  <attribute name= "numThreadsSpecified" value="4" />
  <attribute name="heapSize specified" value="0" />
  <attribute name="Current GC Util" value="35" />
  <attribute name= "Current Time Running" value="747" />
  <attribute name ="GC Interval" value="200" />
  <attribute name="ProportionalT" value="15.000000" />
  <attribute name="ProportionalI" value="15.000000" />
  <attribute name="ProportionalH" value="15.000000" />
  <attribute name="Current Error" value="15.000000" />
  <attribute name="IntegralT" value="15.000000" />
  <attribute name="IntegralI" value="15.000000" />
  <attribute name="IntegralH" value="15.000000" />
  <attribute name="DerivativeT" value="1.000000" />
  <attribute name="DerivativeI" value="1.000000" />
  <attribute name="DerivativeH" value="1.000000" />
  <attribute name="Loop Time for DT" value="1.000000" />
  <attribute name="Output H" value="8388608"/>
  <attribute name="Output I" value="200"/>
  <attribute name="Output T" value="4"/>
  <attribute name="Target GC Util Change" value ="20.000000" />
  <attribute name="Current GC Util Change" value="35.000000"/>
  <attribute name="GC Util currently" value="35" />
  <attribute name="CPU Util currently" value="4599570748181" />
<allocation-satisfied id="479" threadId="0000000001467700" bytesRequested="37408" />
<af-end id="480" timestamp="2019-06-17T06:59:25.598" threadId="0000000001468088" success="true" from="nursery"/>
<exclusive-end id="481" timestamp="2019-06-17T06:59:25.598" durationms="0.763" />

<exclusive-start id="482" timestamp="2019-06-17T06:59:25.598" intervalms="0.995">
  <response-info timems="0.035" idlems="0.035" threads="0" lastid="0000000001467700" lastname="main" />
</exclusive-start>
<af-start id="483" threadId="0000000001468088" totalBytesRequested="38072" timestamp="2019-06-17T06:59:25.598" intervalms="0.996" type="nursery" />
<cycle-start id="484" type="scavenge" contextid="0" timestamp="2019-06-17T06:59:25.598" intervalms="0.998" />
<gc-start id="485" type="scavenge" contextid="484" timestamp="2019-06-17T06:59:25.598">
  <mem-info id="486" free="4907272" total="8388608" percent="58">
    <mem type="nursery" free="0" total="2097152" percent="0">
      <mem type="allocate" free="0" total="1835008" percent="0" />
      <mem type="survivor" free="0" total="262144" percent="0" />
    </mem>
    <mem type="tenure" free="4907272" total="6291456" percent="77">
      <mem type="soa" free="4592904" total="5977088" percent="76" />
      <mem type="loa" free="314368" total="314368" percent="100" />
    </mem>
    <remembered-set count="56" />
  </mem-info>
</gc-start>
<allocation-stats totalBytes="1622696" >
  <allocated-bytes non-tlh="752664" tlh="870032" />
  <largest-consumer threadName="main" threadId="0000000001467700" bytes="1622696" />
</allocation-stats>
<gc-op id="487" type="scavenge" timems="0.122" contextid="484" timestamp="2019-06-17T06:59:25.599">
  <scavenger-info tenureage="14" tenuremask="4000" tiltratio="87" />
  <memory-copied type="nursery" objects="1" bytes="76136" bytesdiscarded="0" />
</gc-op>
<gc-end id="488" type="scavenge" contextid="484" durationms="0.324" usertimems="0.000" systemtimems="0.000" timestamp="2019-06-17T06:59:25.599" activeThreads="4">
  <mem-info id="489" free="6666144" total="8388608" percent="79">
    <mem type="nursery" free="1758872" total="2097152" percent="83">
      <mem type="allocate" free="1758872" total="1835008" percent="95" />
      <mem type="survivor" free="0" total="262144" percent="0" />
    </mem>
    <mem type="tenure" free="4907272" total="6291456" percent="77">
      <mem type="soa" free="4592904" total="5977088" percent="76" />
      <mem type="loa" free="314368" total="314368" percent="100" />
    </mem>
    <remembered-set count="56" />
  </mem-info>
</gc-end>
<cycle-end id="490" type="scavenge" contextid="484" timestamp="2019-06-17T06:59:25.599" />
  <attribute name="elasticGC enabled" value="1" />
  <attribute name= "numThreadsSpecified" value="4" />
  <attribute name="heapSize specified" value="0" />
  <attribute name="Current GC Util" value="34" />
  <attribute name= "Current Time Running" value="748" />
  <attribute name ="GC Interval" value="200" />
  <attribute name="ProportionalT" value="14.000000" />
  <attribute name="ProportionalI" value="14.000000" />
  <attribute name="ProportionalH" value="14.000000" />
  <attribute name="Current Error" value="14.000000" />
  <attribute name="IntegralT" value="14.000000" />
  <attribute name="IntegralI" value="14.000000" />
  <attribute name="IntegralH" value="14.000000" />
  <attribute name="DerivativeT" value="-1.000000" />
  <attribute name="DerivativeI" value="-1.000000" />
  <attribute name="DerivativeH" value="-1.000000" />
  <attribute name="Loop Time for DT" value="1.000000" />
  <attribute name="Output H" value="8388608"/>
  <attribute name="Output I" value="200"/>
  <attribute name="Output T" value="4"/>
  <attribute name="Target GC Util Change" value ="20.000000" />
  <attribute name="Current GC Util Change" value="34.000000"/>
  <attribute name="GC Util currently" value="34" />
  <attribute name="CPU Util currently" value="4611100407772" />
<allocation-satisfied id="491" threadId="0000000001467700" bytesRequested="38072" />
<af-end id="492" timestamp="2019-06-17T06:59:25.599" threadId="0000000001468088" success="true" from="nursery"/>
<exclusive-end id="493" timestamp="2019-06-17T06:59:25.599" durationms="0.897" />

<exclusive-start id="494" timestamp="2019-06-17T06:59:25.599" intervalms="1.088">
  <response-info timems="0.022" idlems="0.022" threads="0" lastid="0000000001467700" lastname="main" />
</exclusive-start>
<af-start id="495" threadId="0000000001468088" totalBytesRequested="38680" timestamp="2019-06-17T06:59:25.599" intervalms="1.082" type="nursery" />
<cycle-start id="496" type="scavenge" contextid="0" timestamp="2019-06-17T06:59:25.600" intervalms="1.113" />
<gc-start id="497" type="scavenge" contextid="496" timestamp="2019-06-17T06:59:25.600">
  <mem-info id="498" free="4907272" total="8388608" percent="58">
    <mem type="nursery" free="0" total="2097152" percent="0">
      <mem type="allocate" free="0" total="1835008" percent="0" />
      <mem type="survivor" free="0" total="262144" percent="0" />
    </mem>
    <mem type="tenure" free="4907272" total="6291456" percent="77">
      <mem type="soa" free="4592904" total="5977088" percent="76" />
      <mem type="loa" free="314368" total="314368" percent="100" />
    </mem>
    <remembered-set count="56" />
  </mem-info>
</gc-start>
<allocation-stats totalBytes="1575096" >
  <allocated-bytes non-tlh="689944" tlh="885152" />
  <largest-consumer threadName="main" threadId="0000000001467700" bytes="1575096" />
</allocation-stats>
<gc-op id="499" type="scavenge" timems="0.107" contextid="496" timestamp="2019-06-17T06:59:25.600">
  <scavenger-info tenureage="14" tenuremask="4000" tiltratio="87" />
  <memory-copied type="nursery" objects="4" bytes="38760" bytesdiscarded="408" />
</gc-op>
<gc-end id="500" type="scavenge" contextid="496" durationms="0.275" usertimems="0.000" systemtimems="0.000" timestamp="2019-06-17T06:59:25.600" activeThreads="4">
  <mem-info id="501" free="6703112" total="8388608" percent="79">
    <mem type="nursery" free="1795840" total="2097152" percent="85">
      <mem type="allocate" free="1795840" total="1835008" percent="97" />
      <mem type="survivor" free="0" total="262144" percent="0" />
    </mem>
    <mem type="tenure" free="4907272" total="6291456" percent="77">
      <mem type="soa" free="4592904" total="5977088" percent="76" />
      <mem type="loa" free="314368" total="314368" percent="100" />
    </mem>
    <remembered-set count="56" />
  </mem-info>
</gc-end>
<cycle-end id="502" type="scavenge" contextid="496" timestamp="2019-06-17T06:59:25.600" />
  <attribute name="elasticGC enabled" value="1" />
  <attribute name= "numThreadsSpecified" value="4" />
  <attribute name="heapSize specified" value="0" />
  <attribute name="Current GC Util" value="32" />
  <attribute name= "Current Time Running" value="749" />
  <attribute name ="GC Interval" value="200" />
  <attribute name="ProportionalT" value="12.000000" />
  <attribute name="ProportionalI" value="12.000000" />
  <attribute name="ProportionalH" value="12.000000" />
  <attribute name="Current Error" value="12.000000" />
  <attribute name="IntegralT" value="12.000000" />
  <attribute name="IntegralI" value="12.000000" />
  <attribute name="IntegralH" value="12.000000" />
  <attribute name="DerivativeT" value="-2.000000" />
  <attribute name="DerivativeI" value="-2.000000" />
  <attribute name="DerivativeH" value="-2.000000" />
  <attribute name="Loop Time for DT" value="1.000000" />
  <attribute name="Output H" value="8388608"/>
  <attribute name="Output I" value="200"/>
  <attribute name="Output T" value="4"/>
  <attribute name="Target GC Util Change" value ="20.000000" />
  <attribute name="Current GC Util Change" value="32.000000"/>
  <attribute name="GC Util currently" value="32" />
  <attribute name="CPU Util currently" value="4170497434874" />
<allocation-satisfied id="503" threadId="0000000001467700" bytesRequested="38680" />
<af-end id="504" timestamp="2019-06-17T06:59:25.600" threadId="0000000001468088" success="true" from="nursery"/>
<exclusive-end id="505" timestamp="2019-06-17T06:59:25.600" durationms="0.735" />

<exclusive-start id="506" timestamp="2019-06-17T06:59:25.600" intervalms="0.926">
  <response-info timems="0.023" idlems="0.023" threads="0" lastid="0000000001467700" lastname="main" />
</exclusive-start>
<af-start id="507" threadId="0000000001468088" totalBytesRequested="78616" timestamp="2019-06-17T06:59:25.600" intervalms="0.926" type="nursery" />
<cycle-start id="508" type="scavenge" contextid="0" timestamp="2019-06-17T06:59:25.600" intervalms="0.889" />
<gc-start id="509" type="scavenge" contextid="508" timestamp="2019-06-17T06:59:25.600">
  <mem-info id="510" free="4907272" total="8388608" percent="58">
    <mem type="nursery" free="0" total="2097152" percent="0">
      <mem type="allocate" free="0" total="1835008" percent="0" />
      <mem type="survivor" free="0" total="262144" percent="0" />
    </mem>
    <mem type="tenure" free="4907272" total="6291456" percent="77">
      <mem type="soa" free="4592904" total="5977088" percent="76" />
      <mem type="loa" free="314368" total="314368" percent="100" />
    </mem>
    <remembered-set count="56" />
  </mem-info>
</gc-start>
<allocation-stats totalBytes="1613752" >
  <allocated-bytes non-tlh="700376" tlh="913376" />
  <largest-consumer threadName="main" threadId="0000000001467700" bytes="1613752" />
</allocation-stats>
<gc-op id="511" type="scavenge" timems="0.137" contextid="508" timestamp="2019-06-17T06:59:25.601">
  <scavenger-info tenureage="14" tenuremask="4000" tiltratio="87" />
  <memory-copied type="nursery" objects="2" bytes="39336" bytesdiscarded="39144" />
</gc-op>
<gc-end id="512" type="scavenge" contextid="508" durationms="0.307" usertimems="0.000" systemtimems="0.000" timestamp="2019-06-17T06:59:25.601" activeThreads="4">
  <mem-info id="513" free="6663800" total="8388608" percent="79">
    <mem type="nursery" free="1756528" total="2097152" percent="83">
      <mem type="allocate" free="1756528" total="1835008" percent="95" />
      <mem type="survivor" free="0" total="262144" percent="0" />
    </mem>
    <mem type="tenure" free="4907272" total="6291456" percent="77">
      <mem type="soa" free="4592904" total="5977088" percent="76" />
      <mem type="loa" free="314368" total="314368" percent="100" />
    </mem>
    <remembered-set count="56" />
  </mem-info>
</gc-end>
<cycle-end id="514" type="scavenge" contextid="508" timestamp="2019-06-17T06:59:25.601" />
  <attribute name="elasticGC enabled" value="1" />
  <attribute name= "numThreadsSpecified" value="4" />
  <attribute name="heapSize specified" value="0" />
  <attribute name="Current GC Util" value="37" />
  <attribute name= "Current Time Running" value="750" />
  <attribute name ="GC Interval" value="200" />
  <attribute name="ProportionalT" value="17.000000" />
  <attribute name="ProportionalI" value="17.000000" />
  <attribute name="ProportionalH" value="17.000000" />
  <attribute name="Current Error" value="17.000000" />
  <attribute name="IntegralT" value="17.000000" />
  <attribute name="IntegralI" value="17.000000" />
  <attribute name="IntegralH" value="17.000000" />
  <attribute name="DerivativeT" value="5.000000" />
  <attribute name="DerivativeI" value="5.000000" />
  <attribute name="DerivativeH" value="5.000000" />
  <attribute name="Loop Time for DT" value="1.000000" />
  <attribute name="Output H" value="8388608"/>
  <attribute name="Output I" value="200"/>
  <attribute name="Output T" value="4"/>
  <attribute name="Target GC Util Change" value ="20.000000" />
  <attribute name="Current GC Util Change" value="37.000000"/>
  <attribute name="GC Util currently" value="37" />
  <attribute name="CPU Util currently" value="5241535080448" />
<allocation-satisfied id="515" threadId="0000000001467700" bytesRequested="78616" />
<af-end id="516" timestamp="2019-06-17T06:59:25.601" threadId="0000000001468088" success="true" from="nursery"/>
<exclusive-end id="517" timestamp="2019-06-17T06:59:25.601" durationms="0.713" />

<exclusive-start id="518" timestamp="2019-06-17T06:59:25.601" intervalms="0.899">
  <response-info timems="0.023" idlems="0.023" threads="0" lastid="0000000001467700" lastname="main" />
</exclusive-start>
<af-start id="519" threadId="0000000001468088" totalBytesRequested="79920" timestamp="2019-06-17T06:59:25.601" intervalms="0.898" type="nursery" />
<cycle-start id="520" type="scavenge" contextid="0" timestamp="2019-06-17T06:59:25.601" intervalms="0.898" />
<gc-start id="521" type="scavenge" contextid="520" timestamp="2019-06-17T06:59:25.601">
  <mem-info id="522" free="4907272" total="8388608" percent="58">
    <mem type="nursery" free="0" total="2097152" percent="0">
      <mem type="allocate" free="0" total="1835008" percent="0" />
      <mem type="survivor" free="0" total="262144" percent="0" />
    </mem>
    <mem type="tenure" free="4907272" total="6291456" percent="77">
      <mem type="soa" free="4592904" total="5977088" percent="76" />
      <mem type="loa" free="314368" total="314368" percent="100" />
    </mem>
    <remembered-set count="56" />
  </mem-info>
</gc-start>
<allocation-stats totalBytes="1609952" >
  <allocated-bytes non-tlh="711960" tlh="897992" />
  <largest-consumer threadName="main" threadId="0000000001467700" bytes="1609952" />
</allocation-stats>
<gc-op id="523" type="scavenge" timems="0.136" contextid="520" timestamp="2019-06-17T06:59:25.602">
  <scavenger-info tenureage="14" tenuremask="4000" tiltratio="87" />
  <memory-copied type="nursery" objects="2" bytes="39984" bytesdiscarded="39144" />
</gc-op>
<gc-end id="524" type="scavenge" contextid="520" durationms="0.304" usertimems="0.000" systemtimems="0.000" timestamp="2019-06-17T06:59:25.602" activeThreads="4">
  <mem-info id="525" free="6663152" total="8388608" percent="79">
    <mem type="nursery" free="1755880" total="2097152" percent="83">
      <mem type="allocate" free="1755880" total="1835008" percent="95" />
      <mem type="survivor" free="0" total="262144" percent="0" />
    </mem>
    <mem type="tenure" free="4907272" total="6291456" percent="77">
      <mem type="soa" free="4592904" total="5977088" percent="76" />
      <mem type="loa" free="314368" total="314368" percent="100" />
    </mem>
    <remembered-set count="56" />
  </mem-info>
</gc-end>
<cycle-end id="526" type="scavenge" contextid="520" timestamp="2019-06-17T06:59:25.602" />
  <attribute name="elasticGC enabled" value="1" />
  <attribute name= "numThreadsSpecified" value="4" />
  <attribute name="heapSize specified" value="0" />
  <attribute name="Current GC Util" value="38" />
  <attribute name= "Current Time Running" value="751" />
  <attribute name ="GC Interval" value="200" />
  <attribute name="ProportionalT" value="18.000000" />
  <attribute name="ProportionalI" value="18.000000" />
  <attribute name="ProportionalH" value="18.000000" />
  <attribute name="Current Error" value="18.000000" />
  <attribute name="IntegralT" value="18.000000" />
  <attribute name="IntegralI" value="18.000000" />
  <attribute name="IntegralH" value="18.000000" />
  <attribute name="DerivativeT" value="1.000000" />
  <attribute name="DerivativeI" value="1.000000" />
  <attribute name="DerivativeH" value="1.000000" />
  <attribute name="Loop Time for DT" value="1.000000" />
  <attribute name="Output H" value="8388608"/>
  <attribute name="Output I" value="200"/>
  <attribute name="Output T" value="4"/>
  <attribute name="Target GC Util Change" value ="20.000000" />
  <attribute name="Current GC Util Change" value="38.000000"/>
  <attribute name="GC Util currently" value="38" />
  <attribute name="CPU Util currently" value="5147769595392" />
<allocation-satisfied id="527" threadId="0000000001467700" bytesRequested="79920" />
<af-end id="528" timestamp="2019-06-17T06:59:25.602" threadId="0000000001468088" success="true" from="nursery"/>
<exclusive-end id="529" timestamp="2019-06-17T06:59:25.602" durationms="0.713" />

<exclusive-start id="530" timestamp="2019-06-17T06:59:25.602" intervalms="0.900">
  <response-info timems="0.023" idlems="0.023" threads="0" lastid="0000000001467700" lastname="main" />
</exclusive-start>
<af-start id="531" threadId="0000000001468088" totalBytesRequested="40592" timestamp="2019-06-17T06:59:25.602" intervalms="0.901" type="nursery" />
<cycle-start id="532" type="scavenge" contextid="0" timestamp="2019-06-17T06:59:25.602" intervalms="0.899" />
<gc-start id="533" type="scavenge" contextid="532" timestamp="2019-06-17T06:59:25.602">
  <mem-info id="534" free="4907272" total="8388608" percent="58">
    <mem type="nursery" free="0" total="2097152" percent="0">
      <mem type="allocate" free="0" total="1835008" percent="0" />
      <mem type="survivor" free="0" total="262144" percent="0" />
    </mem>
    <mem type="tenure" free="4907272" total="6291456" percent="77">
      <mem type="soa" free="4592904" total="5977088" percent="76" />
      <mem type="loa" free="314368" total="314368" percent="100" />
    </mem>
    <remembered-set count="56" />
  </mem-info>
</gc-start>
<allocation-stats totalBytes="1572368" >
  <allocated-bytes non-tlh="845256" tlh="727112" />
  <largest-consumer threadName="main" threadId="0000000001467700" bytes="1572368" />
</allocation-stats>
<gc-op id="535" type="scavenge" timems="0.135" contextid="532" timestamp="2019-06-17T06:59:25.603">
  <scavenger-info tenureage="14" tenuremask="4000" tiltratio="87" />
  <memory-copied type="nursery" objects="4" bytes="40672" bytesdiscarded="39088" />
</gc-op>
<gc-end id="536" type="scavenge" contextid="532" durationms="0.302" usertimems="0.000" systemtimems="0.000" timestamp="2019-06-17T06:59:25.603" activeThreads="4">
  <mem-info id="537" free="6662520" total="8388608" percent="79">
    <mem type="nursery" free="1755248" total="2097152" percent="83">
      <mem type="allocate" free="1755248" total="1835008" percent="95" />
      <mem type="survivor" free="0" total="262144" percent="0" />
    </mem>
    <mem type="tenure" free="4907272" total="6291456" percent="77">
      <mem type="soa" free="4592904" total="5977088" percent="76" />
      <mem type="loa" free="314368" total="314368" percent="100" />
    </mem>
    <remembered-set count="56" />
  </mem-info>
</gc-end>
<cycle-end id="538" type="scavenge" contextid="532" timestamp="2019-06-17T06:59:25.603" />
  <attribute name="elasticGC enabled" value="1" />
  <attribute name= "numThreadsSpecified" value="4" />
  <attribute name="heapSize specified" value="0" />
  <attribute name="Current GC Util" value="37" />
  <attribute name= "Current Time Running" value="752" />
  <attribute name ="GC Interval" value="200" />
  <attribute name="ProportionalT" value="17.000000" />
  <attribute name="ProportionalI" value="17.000000" />
  <attribute name="ProportionalH" value="17.000000" />
  <attribute name="Current Error" value="17.000000" />
  <attribute name="IntegralT" value="17.000000" />
  <attribute name="IntegralI" value="17.000000" />
  <attribute name="IntegralH" value="17.000000" />
  <attribute name="DerivativeT" value="-1.000000" />
  <attribute name="DerivativeI" value="-1.000000" />
  <attribute name="DerivativeH" value="-1.000000" />
  <attribute name="Loop Time for DT" value="1.000000" />
  <attribute name="Output H" value="8388608"/>
  <attribute name="Output I" value="200"/>
  <attribute name="Output T" value="4"/>
  <attribute name="Target GC Util Change" value ="20.000000" />
  <attribute name="Current GC Util Change" value="37.000000"/>
  <attribute name="GC Util currently" value="37" />
  <attribute name="CPU Util currently" value="5131325041825" />
<allocation-satisfied id="539" threadId="0000000001467700" bytesRequested="40592" />
<af-end id="540" timestamp="2019-06-17T06:59:25.603" threadId="0000000001468088" success="true" from="nursery"/>
<exclusive-end id="541" timestamp="2019-06-17T06:59:25.603" durationms="0.759" />

<exclusive-start id="542" timestamp="2019-06-17T06:59:25.603" intervalms="0.948">
  <response-info timems="0.023" idlems="0.023" threads="0" lastid="0000000001467700" lastname="main" />
</exclusive-start>
<af-start id="543" threadId="0000000001468088" totalBytesRequested="82160" timestamp="2019-06-17T06:59:25.603" intervalms="0.982" type="nursery" />
<cycle-start id="544" type="scavenge" contextid="0" timestamp="2019-06-17T06:59:25.603" intervalms="1.022" />
<gc-start id="545" type="scavenge" contextid="544" timestamp="2019-06-17T06:59:25.603">
  <mem-info id="546" free="4907272" total="8388608" percent="58">
    <mem type="nursery" free="0" total="2097152" percent="0">
      <mem type="allocate" free="0" total="1835008" percent="0" />
      <mem type="survivor" free="0" total="262144" percent="0" />
    </mem>
    <mem type="tenure" free="4907272" total="6291456" percent="77">
      <mem type="soa" free="4592904" total="5977088" percent="76" />
      <mem type="loa" free="314368" total="314368" percent="100" />
    </mem>
    <remembered-set count="56" />
  </mem-info>
</gc-start>
<allocation-stats totalBytes="1590456" >
  <allocated-bytes non-tlh="815648" tlh="774808" />
  <largest-consumer threadName="main" threadId="0000000001467700" bytes="1590456" />
</allocation-stats>
<gc-op id="547" type="scavenge" timems="0.149" contextid="544" timestamp="2019-06-17T06:59:25.604">
  <scavenger-info tenureage="14" tenuremask="4000" tiltratio="87" />
  <memory-copied type="nursery" objects="2" bytes="41112" bytesdiscarded="39144" />
</gc-op>
<gc-end id="548" type="scavenge" contextid="544" durationms="0.399" usertimems="0.000" systemtimems="0.000" timestamp="2019-06-17T06:59:25.604" activeThreads="4">
  <mem-info id="549" free="6662024" total="8388608" percent="79">
    <mem type="nursery" free="1754752" total="2097152" percent="83">
      <mem type="allocate" free="1754752" total="1835008" percent="95" />
      <mem type="survivor" free="0" total="262144" percent="0" />
    </mem>
    <mem type="tenure" free="4907272" total="6291456" percent="77">
      <mem type="soa" free="4592904" total="5977088" percent="76" />
      <mem type="loa" free="314368" total="314368" percent="100" />
    </mem>
    <remembered-set count="56" />
  </mem-info>
</gc-end>
<cycle-end id="550" type="scavenge" contextid="544" timestamp="2019-06-17T06:59:25.604" />
  <attribute name="elasticGC enabled" value="1" />
  <attribute name= "numThreadsSpecified" value="4" />
  <attribute name="heapSize specified" value="0" />
  <attribute name="Current GC Util" value="30" />
  <attribute name= "Current Time Running" value="753" />
  <attribute name ="GC Interval" value="200" />
  <attribute name="ProportionalT" value="10.000000" />
  <attribute name="ProportionalI" value="10.000000" />
  <attribute name="ProportionalH" value="10.000000" />
  <attribute name="Current Error" value="10.000000" />
  <attribute name="IntegralT" value="10.000000" />
  <attribute name="IntegralI" value="10.000000" />
  <attribute name="IntegralH" value="10.000000" />
  <attribute name="DerivativeT" value="-7.000000" />
  <attribute name="DerivativeI" value="-7.000000" />
  <attribute name="DerivativeH" value="-7.000000" />
  <attribute name="Loop Time for DT" value="1.000000" />
  <attribute name="Output H" value="8388608"/>
  <attribute name="Output I" value="200"/>
  <attribute name="Output T" value="4"/>
  <attribute name="Target GC Util Change" value ="20.000000" />
  <attribute name="Current GC Util Change" value="30.000000"/>
  <attribute name="GC Util currently" value="30" />
  <attribute name="CPU Util currently" value="4185353367416" />
<allocation-satisfied id="551" threadId="0000000001467700" bytesRequested="82160" />
<af-end id="552" timestamp="2019-06-17T06:59:25.604" threadId="0000000001468088" success="true" from="nursery"/>
<exclusive-end id="553" timestamp="2019-06-17T06:59:25.604" durationms="0.976" />

<exclusive-start id="554" timestamp="2019-06-17T06:59:25.604" intervalms="1.164">
  <response-info timems="0.023" idlems="0.023" threads="0" lastid="0000000001467700" lastname="main" />
</exclusive-start>
<af-start id="555" threadId="0000000001468088" totalBytesRequested="41712" timestamp="2019-06-17T06:59:25.604" intervalms="1.128" type="nursery" />
<cycle-start id="556" type="scavenge" contextid="0" timestamp="2019-06-17T06:59:25.604" intervalms="1.096" />
<gc-start id="557" type="scavenge" contextid="556" timestamp="2019-06-17T06:59:25.604">
  <mem-info id="558" free="4907272" total="8388608" percent="58">
    <mem type="nursery" free="0" total="2097152" percent="0">
      <mem type="allocate" free="0" total="1835008" percent="0" />
      <mem type="survivor" free="0" total="262144" percent="0" />
    </mem>
    <mem type="tenure" free="4907272" total="6291456" percent="77">
      <mem type="soa" free="4592904" total="5977088" percent="76" />
      <mem type="loa" free="314368" total="314368" percent="100" />
    </mem>
    <remembered-set count="56" />
  </mem-info>
</gc-start>
<allocation-stats totalBytes="1571168" >
  <allocated-bytes non-tlh="949728" tlh="621440" />
  <largest-consumer threadName="main" threadId="0000000001467700" bytes="1571168" />
</allocation-stats>
<gc-op id="559" type="scavenge" timems="0.138" contextid="556" timestamp="2019-06-17T06:59:25.605">
  <scavenger-info tenureage="14" tenuremask="4000" tiltratio="87" />
  <memory-copied type="nursery" objects="1" bytes="83152" bytesdiscarded="0" />
</gc-op>
<gc-end id="560" type="scavenge" contextid="556" durationms="0.299" usertimems="0.000" systemtimems="0.000" timestamp="2019-06-17T06:59:25.605" activeThreads="4">
  <mem-info id="561" free="6659128" total="8388608" percent="79">
    <mem type="nursery" free="1751856" total="2097152" percent="83">
      <mem type="allocate" free="1751856" total="1835008" percent="95" />
      <mem type="survivor" free="0" total="262144" percent="0" />
    </mem>
    <mem type="tenure" free="4907272" total="6291456" percent="77">
      <mem type="soa" free="4592904" total="5977088" percent="76" />
      <mem type="loa" free="314368" total="314368" percent="100" />
    </mem>
    <remembered-set count="56" />
  </mem-info>
</gc-end>
<cycle-end id="562" type="scavenge" contextid="556" timestamp="2019-06-17T06:59:25.605" />
  <attribute name="elasticGC enabled" value="1" />
  <attribute name= "numThreadsSpecified" value="4" />
  <attribute name="heapSize specified" value="0" />
  <attribute name="Current GC Util" value="35" />
  <attribute name= "Current Time Running" value="754" />
  <attribute name ="GC Interval" value="200" />
  <attribute name="ProportionalT" value="15.000000" />
  <attribute name="ProportionalI" value="15.000000" />
  <attribute name="ProportionalH" value="15.000000" />
  <attribute name="Current Error" value="15.000000" />
  <attribute name="IntegralT" value="15.000000" />
  <attribute name="IntegralI" value="15.000000" />
  <attribute name="IntegralH" value="15.000000" />
  <attribute name="DerivativeT" value="5.000000" />
  <attribute name="DerivativeI" value="5.000000" />
  <attribute name="DerivativeH" value="5.000000" />
  <attribute name="Loop Time for DT" value="1.000000" />
  <attribute name="Output H" value="8388608"/>
  <attribute name="Output I" value="200"/>
  <attribute name="Output T" value="4"/>
  <attribute name="Target GC Util Change" value ="20.000000" />
  <attribute name="Current GC Util Change" value="35.000000"/>
  <attribute name="GC Util currently" value="35" />
  <attribute name="CPU Util currently" value="4574645116216" />
<allocation-satisfied id="563" threadId="0000000001467700" bytesRequested="41712" />
<af-end id="564" timestamp="2019-06-17T06:59:25.605" threadId="0000000001468088" success="true" from="nursery"/>
<exclusive-end id="565" timestamp="2019-06-17T06:59:25.605" durationms="0.717" />

<exclusive-start id="566" timestamp="2019-06-17T06:59:25.605" intervalms="0.909">
  <response-info timems="0.023" idlems="0.023" threads="0" lastid="0000000001467700" lastname="main" />
</exclusive-start>
<af-start id="567" threadId="0000000001468088" totalBytesRequested="84560" timestamp="2019-06-17T06:59:25.605" intervalms="0.907" type="nursery" />
<cycle-start id="568" type="scavenge" contextid="0" timestamp="2019-06-17T06:59:25.605" intervalms="0.901" />
<gc-start id="569" type="scavenge" contextid="568" timestamp="2019-06-17T06:59:25.605">
  <mem-info id="570" free="4907272" total="8388608" percent="58">
    <mem type="nursery" free="0" total="2097152" percent="0">
      <mem type="allocate" free="0" total="1835008" percent="0" />
      <mem type="survivor" free="0" total="262144" percent="0" />
    </mem>
    <mem type="tenure" free="4907272" total="6291456" percent="77">
      <mem type="soa" free="4592904" total="5977088" percent="76" />
      <mem type="loa" free="314368" total="314368" percent="100" />
    </mem>
    <remembered-set count="56" />
  </mem-info>
</gc-start>
<allocation-stats totalBytes="1631624" >
  <allocated-bytes non-tlh="795752" tlh="835872" />
  <largest-consumer threadName="main" threadId="0000000001467700" bytes="1631624" />
</allocation-stats>
<gc-op id="571" type="scavenge" timems="0.135" contextid="568" timestamp="2019-06-17T06:59:25.606">
  <scavenger-info tenureage="14" tenuremask="4000" tiltratio="87" />
  <memory-copied type="nursery" objects="2" bytes="42304" bytesdiscarded="39144" />
</gc-op>
<gc-end id="572" type="scavenge" contextid="568" durationms="0.298" usertimems="0.000" systemtimems="0.000" timestamp="2019-06-17T06:59:25.606" activeThreads="4">
  <mem-info id="573" free="6660832" total="8388608" percent="79">
    <mem type="nursery" free="1753560" total="2097152" percent="83">
      <mem type="allocate" free="1753560" total="1835008" percent="95" />
      <mem type="survivor" free="0" total="262144" percent="0" />
    </mem>
    <mem type="tenure" free="4907272" total="6291456" percent="77">
      <mem type="soa" free="4592904" total="5977088" percent="76" />
      <mem type="loa" free="314368" total="314368" percent="100" />
    </mem>
    <remembered-set count="56" />
  </mem-info>
</gc-end>
<cycle-end id="574" type="scavenge" contextid="568" timestamp="2019-06-17T06:59:25.606" />
  <attribute name="elasticGC enabled" value="1" />
  <attribute name= "numThreadsSpecified" value="4" />
  <attribute name="heapSize specified" value="0" />
  <attribute name="Current GC Util" value="37" />
  <attribute name= "Current Time Running" value="755" />
  <attribute name ="GC Interval" value="200" />
  <attribute name="ProportionalT" value="17.000000" />
  <attribute name="ProportionalI" value="17.000000" />
  <attribute name="ProportionalH" value="17.000000" />
  <attribute name="Current Error" value="17.000000" />
  <attribute name="IntegralT" value="17.000000" />
  <attribute name="IntegralI" value="17.000000" />
  <attribute name="IntegralH" value="17.000000" />
  <attribute name="DerivativeT" value="2.000000" />
  <attribute name="DerivativeI" value="2.000000" />
  <attribute name="DerivativeH" value="2.000000" />
  <attribute name="Loop Time for DT" value="1.000000" />
  <attribute name="Output H" value="8388608"/>
  <attribute name="Output I" value="200"/>
  <attribute name="Output T" value="4"/>
  <attribute name="Target GC Util Change" value ="20.000000" />
  <attribute name="Current GC Util Change" value="37.000000"/>
  <attribute name="GC Util currently" value="37" />
  <attribute name="CPU Util currently" value="5074874926918" />
<allocation-satisfied id="575" threadId="0000000001467700" bytesRequested="84560" />
<af-end id="576" timestamp="2019-06-17T06:59:25.606" threadId="0000000001468088" success="true" from="nursery"/>
<exclusive-end id="577" timestamp="2019-06-17T06:59:25.606" durationms="0.710" />

<exclusive-start id="578" timestamp="2019-06-17T06:59:25.606" intervalms="0.896">
  <response-info timems="0.023" idlems="0.023" threads="0" lastid="0000000001467700" lastname="main" />
</exclusive-start>
<af-start id="579" threadId="0000000001468088" totalBytesRequested="86096" timestamp="2019-06-17T06:59:25.606" intervalms="0.900" type="nursery" />
<cycle-start id="580" type="scavenge" contextid="0" timestamp="2019-06-17T06:59:25.606" intervalms="0.899" />
<gc-start id="581" type="scavenge" contextid="580" timestamp="2019-06-17T06:59:25.606">
  <mem-info id="582" free="4959112" total="8388608" percent="59">
    <mem type="nursery" free="51840" total="2097152" percent="2">
      <mem type="allocate" free="51840" total="1835008" percent="2" />
      <mem type="survivor" free="0" total="262144" percent="0" />
    </mem>
    <mem type="tenure" free="4907272" total="6291456" percent="77">
      <mem type="soa" free="4592904" total="5977088" percent="76" />
      <mem type="loa" free="314368" total="314368" percent="100" />
    </mem>
    <remembered-set count="56" />
  </mem-info>
</gc-start>
<allocation-stats totalBytes="1567760" >
  <allocated-bytes non-tlh="937608" tlh="630152" />
  <largest-consumer threadName="main" threadId="0000000001467700" bytes="1567760" />
</allocation-stats>
<gc-op id="583" type="scavenge" timems="0.135" contextid="580" timestamp="2019-06-17T06:59:25.606">
  <scavenger-info tenureage="14" tenuremask="4000" tiltratio="87" />
  <memory-copied type="nursery" objects="2" bytes="43072" bytesdiscarded="39144" />
</gc-op>
<gc-end id="584" type="scavenge" contextid="580" durationms="0.300" usertimems="0.000" systemtimems="0.000" timestamp="2019-06-17T06:59:25.606" activeThreads="4">
  <mem-info id="585" free="6660064" total="8388608" percent="79">
    <mem type="nursery" free="1752792" total="2097152" percent="83">
      <mem type="allocate" free="1752792" total="1835008" percent="95" />
      <mem type="survivor" free="0" total="262144" percent="0" />
    </mem>
    <mem type="tenure" free="4907272" total="6291456" percent="77">
      <mem type="soa" free="4592904" total="5977088" percent="76" />
      <mem type="loa" free="314368" total="314368" percent="100" />
    </mem>
    <remembered-set count="56" />
  </mem-info>
</gc-end>
<cycle-end id="586" type="scavenge" contextid="580" timestamp="2019-06-17T06:59:25.607" />
  <attribute name="elasticGC enabled" value="1" />
  <attribute name= "numThreadsSpecified" value="4" />
  <attribute name="heapSize specified" value="0" />
  <attribute name="Current GC Util" value="37" />
  <attribute name= "Current Time Running" value="756" />
  <attribute name ="GC Interval" value="200" />
  <attribute name="ProportionalT" value="17.000000" />
  <attribute name="ProportionalI" value="17.000000" />
  <attribute name="ProportionalH" value="17.000000" />
  <attribute name="Current Error" value="17.000000" />
  <attribute name="IntegralT" value="17.000000" />
  <attribute name="IntegralI" value="17.000000" />
  <attribute name="IntegralH" value="17.000000" />
  <attribute name="DerivativeT" value="0.000000" />
  <attribute name="DerivativeI" value="0.000000" />
  <attribute name="DerivativeH" value="0.000000" />
  <attribute name="Loop Time for DT" value="1.000000" />
  <attribute name="Output H" value="8388608"/>
  <attribute name="Output I" value="200"/>
  <attribute name="Output T" value="4"/>
  <attribute name="Target GC Util Change" value ="20.000000" />
  <attribute name="Current GC Util Change" value="37.000000"/>
  <attribute name="GC Util currently" value="37" />
  <attribute name="CPU Util currently" value="5126220108395" />
<allocation-satisfied id="587" threadId="0000000001467700" bytesRequested="86096" />
<af-end id="588" timestamp="2019-06-17T06:59:25.607" threadId="0000000001468088" success="true" from="nursery"/>
<exclusive-end id="589" timestamp="2019-06-17T06:59:25.607" durationms="0.716" />

<exclusive-start id="590" timestamp="2019-06-17T06:59:25.607" intervalms="0.905">
  <response-info timems="0.023" idlems="0.023" threads="0" lastid="0000000001467700" lastname="main" />
</exclusive-start>
<af-start id="591" threadId="0000000001468088" totalBytesRequested="87248" timestamp="2019-06-17T06:59:25.607" intervalms="0.906" type="nursery" />
<cycle-start id="592" type="scavenge" contextid="0" timestamp="2019-06-17T06:59:25.607" intervalms="0.945" />
<gc-start id="593" type="scavenge" contextid="592" timestamp="2019-06-17T06:59:25.607">
  <mem-info id="594" free="4907272" total="8388608" percent="58">
    <mem type="nursery" free="0" total="2097152" percent="0">
      <mem type="allocate" free="0" total="1835008" percent="0" />
      <mem type="survivor" free="0" total="262144" percent="0" />
    </mem>
    <mem type="tenure" free="4907272" total="6291456" percent="77">
      <mem type="soa" free="4592904" total="5977088" percent="76" />
      <mem type="loa" free="314368" total="314368" percent="100" />
    </mem>
    <remembered-set count="56" />
  </mem-info>
</gc-start>
<allocation-stats totalBytes="1628016" >
  <allocated-bytes non-tlh="908992" tlh="719024" />
  <largest-consumer threadName="main" threadId="0000000001467700" bytes="1628016" />
</allocation-stats>
<gc-op id="595" type="scavenge" timems="0.136" contextid="592" timestamp="2019-06-17T06:59:25.607">
  <scavenger-info tenureage="14" tenuremask="4000" tiltratio="87" />
  <memory-copied type="nursery" objects="2" bytes="43648" bytesdiscarded="39144" />
</gc-op>
<gc-end id="596" type="scavenge" contextid="592" durationms="0.299" usertimems="0.000" systemtimems="0.000" timestamp="2019-06-17T06:59:25.607" activeThreads="4">
  <mem-info id="597" free="6659488" total="8388608" percent="79">
    <mem type="nursery" free="1752216" total="2097152" percent="83">
      <mem type="allocate" free="1752216" total="1835008" percent="95" />
      <mem type="survivor" free="0" total="262144" percent="0" />
    </mem>
    <mem type="tenure" free="4907272" total="6291456" percent="77">
      <mem type="soa" free="4592904" total="5977088" percent="76" />
      <mem type="loa" free="314368" total="314368" percent="100" />
    </mem>
    <remembered-set count="56" />
  </mem-info>
</gc-end>
<cycle-end id="598" type="scavenge" contextid="592" timestamp="2019-06-17T06:59:25.608" />
  <attribute name="elasticGC enabled" value="1" />
  <attribute name= "numThreadsSpecified" value="4" />
  <attribute name="heapSize specified" value="0" />
  <attribute name="Current GC Util" value="35" />
  <attribute name= "Current Time Running" value="757" />
  <attribute name ="GC Interval" value="200" />
  <attribute name="ProportionalT" value="15.000000" />
  <attribute name="ProportionalI" value="15.000000" />
  <attribute name="ProportionalH" value="15.000000" />
  <attribute name="Current Error" value="15.000000" />
  <attribute name="IntegralT" value="15.000000" />
  <attribute name="IntegralI" value="15.000000" />
  <attribute name="IntegralH" value="15.000000" />
  <attribute name="DerivativeT" value="-2.000000" />
  <attribute name="DerivativeI" value="-2.000000" />
  <attribute name="DerivativeH" value="-2.000000" />
  <attribute name="Loop Time for DT" value="1.000000" />
  <attribute name="Output H" value="8388608"/>
  <attribute name="Output I" value="200"/>
  <attribute name="Output T" value="4"/>
  <attribute name="Target GC Util Change" value ="20.000000" />
  <attribute name="Current GC Util Change" value="35.000000"/>
  <attribute name="GC Util currently" value="35" />
  <attribute name="CPU Util currently" value="4893097861667" />
<allocation-satisfied id="599" threadId="0000000001467700" bytesRequested="87248" />
<af-end id="600" timestamp="2019-06-17T06:59:25.608" threadId="0000000001468088" success="true" from="nursery"/>
<exclusive-end id="601" timestamp="2019-06-17T06:59:25.608" durationms="0.829" />

<exclusive-start id="602" timestamp="2019-06-17T06:59:25.608" intervalms="1.029">
  <response-info timems="0.023" idlems="0.023" threads="0" lastid="0000000001467700" lastname="main" />
</exclusive-start>
<af-start id="603" threadId="0000000001468088" totalBytesRequested="88616" timestamp="2019-06-17T06:59:25.608" intervalms="1.029" type="nursery" />
<cycle-start id="604" type="scavenge" contextid="0" timestamp="2019-06-17T06:59:25.608" intervalms="0.991" />
<gc-start id="605" type="scavenge" contextid="604" timestamp="2019-06-17T06:59:25.608">
  <mem-info id="606" free="4907272" total="8388608" percent="58">
    <mem type="nursery" free="0" total="2097152" percent="0">
      <mem type="allocate" free="0" total="1835008" percent="0" />
      <mem type="survivor" free="0" total="262144" percent="0" />
    </mem>
    <mem type="tenure" free="4907272" total="6291456" percent="77">
      <mem type="soa" free="4592904" total="5977088" percent="76" />
      <mem type="loa" free="314368" total="314368" percent="100" />
    </mem>
    <remembered-set count="56" />
  </mem-info>
</gc-start>
<allocation-stats totalBytes="1586128" >
  <allocated-bytes non-tlh="966400" tlh="619728" />
  <largest-consumer threadName="main" threadId="0000000001467700" bytes="1586128" />
</allocation-stats>
<gc-op id="607" type="scavenge" timems="0.135" contextid="604" timestamp="2019-06-17T06:59:25.608">
  <scavenger-info tenureage="14" tenuremask="4000" tiltratio="87" />
  <memory-copied type="nursery" objects="2" bytes="44336" bytesdiscarded="39144" />
</gc-op>
<gc-end id="608" type="scavenge" contextid="604" durationms="0.301" usertimems="0.000" systemtimems="0.000" timestamp="2019-06-17T06:59:25.608" activeThreads="4">
  <mem-info id="609" free="6658800" total="8388608" percent="79">
    <mem type="nursery" free="1751528" total="2097152" percent="83">
      <mem type="allocate" free="1751528" total="1835008" percent="95" />
      <mem type="survivor" free="0" total="262144" percent="0" />
    </mem>
    <mem type="tenure" free="4907272" total="6291456" percent="77">
      <mem type="soa" free="4592904" total="5977088" percent="76" />
      <mem type="loa" free="314368" total="314368" percent="100" />
    </mem>
    <remembered-set count="56" />
  </mem-info>
</gc-end>
<cycle-end id="610" type="scavenge" contextid="604" timestamp="2019-06-17T06:59:25.608" />
  <attribute name="elasticGC enabled" value="1" />
  <attribute name= "numThreadsSpecified" value="4" />
  <attribute name="heapSize specified" value="0" />
  <attribute name="Current GC Util" value="34" />
  <attribute name= "Current Time Running" value="758" />
  <attribute name ="GC Interval" value="200" />
  <attribute name="ProportionalT" value="14.000000" />
  <attribute name="ProportionalI" value="14.000000" />
  <attribute name="ProportionalH" value="14.000000" />
  <attribute name="Current Error" value="14.000000" />
  <attribute name="IntegralT" value="14.000000" />
  <attribute name="IntegralI" value="14.000000" />
  <attribute name="IntegralH" value="14.000000" />
  <attribute name="DerivativeT" value="-1.000000" />
  <attribute name="DerivativeI" value="-1.000000" />
  <attribute name="DerivativeH" value="-1.000000" />
  <attribute name="Loop Time for DT" value="1.000000" />
  <attribute name="Output H" value="8388608"/>
  <attribute name="Output I" value="200"/>
  <attribute name="Output T" value="4"/>
  <attribute name="Target GC Util Change" value ="20.000000" />
  <attribute name="Current GC Util Change" value="34.000000"/>
  <attribute name="GC Util currently" value="34" />
  <attribute name="CPU Util currently" value="4641283482204" />
<allocation-satisfied id="611" threadId="0000000001467700" bytesRequested="88616" />
<af-end id="612" timestamp="2019-06-17T06:59:25.609" threadId="0000000001468088" success="true" from="nursery"/>
<exclusive-end id="613" timestamp="2019-06-17T06:59:25.609" durationms="0.720" />

<exclusive-start id="614" timestamp="2019-06-17T06:59:25.609" intervalms="0.903">
  <response-info timems="0.023" idlems="0.023" threads="0" lastid="0000000001467700" lastname="main" />
</exclusive-start>
<af-start id="615" threadId="0000000001468088" totalBytesRequested="44896" timestamp="2019-06-17T06:59:25.609" intervalms="0.898" type="nursery" />
<cycle-start id="616" type="scavenge" contextid="0" timestamp="2019-06-17T06:59:25.609" intervalms="0.898" />
<gc-start id="617" type="scavenge" contextid="616" timestamp="2019-06-17T06:59:25.609">
  <mem-info id="618" free="4907272" total="8388608" percent="58">
    <mem type="nursery" free="0" total="2097152" percent="0">
      <mem type="allocate" free="0" total="1835008" percent="0" />
      <mem type="survivor" free="0" total="262144" percent="0" />
    </mem>
    <mem type="tenure" free="4907272" total="6291456" percent="77">
      <mem type="soa" free="4592904" total="5977088" percent="76" />
      <mem type="loa" free="314368" total="314368" percent="100" />
    </mem>
    <remembered-set count="56" />
  </mem-info>
</gc-start>
<allocation-stats totalBytes="1561472" >
  <allocated-bytes non-tlh="935448" tlh="626024" />
  <largest-consumer threadName="main" threadId="0000000001467700" bytes="1561472" />
</allocation-stats>
<gc-op id="619" type="scavenge" timems="0.092" contextid="616" timestamp="2019-06-17T06:59:25.609">
  <scavenger-info tenureage="14" tenuremask="4000" tiltratio="87" />
  <memory-copied type="nursery" objects="4" bytes="44976" bytesdiscarded="39088" />
</gc-op>
<gc-end id="620" type="scavenge" contextid="616" durationms="0.257" usertimems="0.000" systemtimems="0.000" timestamp="2019-06-17T06:59:25.609" activeThreads="1">
  <mem-info id="621" free="6658216" total="8388608" percent="79">
    <mem type="nursery" free="1750944" total="2097152" percent="83">
      <mem type="allocate" free="1750944" total="1835008" percent="95" />
      <mem type="survivor" free="0" total="262144" percent="0" />
    </mem>
    <mem type="tenure" free="4907272" total="6291456" percent="77">
      <mem type="soa" free="4592904" total="5977088" percent="76" />
      <mem type="loa" free="314368" total="314368" percent="100" />
    </mem>
    <remembered-set count="56" />
  </mem-info>
</gc-end>
<cycle-end id="622" type="scavenge" contextid="616" timestamp="2019-06-17T06:59:25.609" />
  <attribute name="elasticGC enabled" value="1" />
  <attribute name= "numThreadsSpecified" value="1" />
  <attribute name="heapSize specified" value="0" />
  <attribute name="Current GC Util" value="37" />
  <attribute name= "Current Time Running" value="758" />
  <attribute name ="GC Interval" value="200" />
  <attribute name="ProportionalT" value="17.000000" />
  <attribute name="ProportionalI" value="17.000000" />
  <attribute name="ProportionalH" value="17.000000" />
  <attribute name="Current Error" value="17.000000" />
  <attribute name="IntegralT" value="0.000000" />
  <attribute name="IntegralI" value="0.000000" />
  <attribute name="IntegralH" value="0.000000" />
  <attribute name="DerivativeT" value="inf" />
  <attribute name="DerivativeI" value="inf" />
  <attribute name="DerivativeH" value="inf" />
  <attribute name="Loop Time for DT" value="0.000000" />
  <attribute name="Output H" value="8388608"/>
  <attribute name="Output I" value="200"/>
  <attribute name="Output T" value="1"/>
  <attribute name="Target GC Util Change" value ="20.000000" />
  <attribute name="Current GC Util Change" value="37.000000"/>
  <attribute name="GC Util currently" value="37" />
  <attribute name="CPU Util currently" value="5153787115135" />
<allocation-satisfied id="623" threadId="0000000001467700" bytesRequested="44896" />
<af-end id="624" timestamp="2019-06-17T06:59:25.609" threadId="0000000001468088" success="true" from="nursery"/>
<exclusive-end id="625" timestamp="2019-06-17T06:59:25.610" durationms="0.665" />

<exclusive-start id="626" timestamp="2019-06-17T06:59:25.610" intervalms="0.846">
  <response-info timems="0.023" idlems="0.023" threads="0" lastid="0000000001467700" lastname="main" />
</exclusive-start>
<af-start id="627" threadId="0000000001468088" totalBytesRequested="90952" timestamp="2019-06-17T06:59:25.610" intervalms="0.851" type="nursery" />
<cycle-start id="628" type="scavenge" contextid="0" timestamp="2019-06-17T06:59:25.610" intervalms="0.848" />
<gc-start id="629" type="scavenge" contextid="628" timestamp="2019-06-17T06:59:25.610">
  <mem-info id="630" free="4908800" total="8388608" percent="58">
    <mem type="nursery" free="1528" total="2097152" percent="0">
      <mem type="allocate" free="1528" total="1835008" percent="0" />
      <mem type="survivor" free="0" total="262144" percent="0" />
    </mem>
    <mem type="tenure" free="4907272" total="6291456" percent="77">
      <mem type="soa" free="4592904" total="5977088" percent="76" />
      <mem type="loa" free="314368" total="314368" percent="100" />
    </mem>
    <remembered-set count="56" />
  </mem-info>
</gc-start>
<allocation-stats totalBytes="1577928" >
  <allocated-bytes non-tlh="948256" tlh="629672" />
  <largest-consumer threadName="main" threadId="0000000001467700" bytes="1577928" />
</allocation-stats>
<gc-op id="631" type="scavenge" timems="0.135" contextid="628" timestamp="2019-06-17T06:59:25.610">
  <scavenger-info tenureage="14" tenuremask="4000" tiltratio="87" />
  <memory-copied type="nursery" objects="2" bytes="45504" bytesdiscarded="39144" />
</gc-op>
<gc-end id="632" type="scavenge" contextid="628" durationms="0.303" usertimems="0.000" systemtimems="0.000" timestamp="2019-06-17T06:59:25.610" activeThreads="4">
  <mem-info id="633" free="6657632" total="8388608" percent="79">
    <mem type="nursery" free="1750360" total="2097152" percent="83">
      <mem type="allocate" free="1750360" total="1835008" percent="95" />
      <mem type="survivor" free="0" total="262144" percent="0" />
    </mem>
    <mem type="tenure" free="4907272" total="6291456" percent="77">
      <mem type="soa" free="4592904" total="5977088" percent="76" />
      <mem type="loa" free="314368" total="314368" percent="100" />
    </mem>
    <remembered-set count="56" />
  </mem-info>
</gc-end>
<cycle-end id="634" type="scavenge" contextid="628" timestamp="2019-06-17T06:59:25.610" />
  <attribute name="elasticGC enabled" value="1" />
  <attribute name= "numThreadsSpecified" value="4" />
  <attribute name="heapSize specified" value="0" />
  <attribute name="Current GC Util" value="33" />
  <attribute name= "Current Time Running" value="759" />
  <attribute name ="GC Interval" value="200" />
  <attribute name="ProportionalT" value="13.000000" />
  <attribute name="ProportionalI" value="13.000000" />
  <attribute name="ProportionalH" value="13.000000" />
  <attribute name="Current Error" value="13.000000" />
  <attribute name="IntegralT" value="13.000000" />
  <attribute name="IntegralI" value="13.000000" />
  <attribute name="IntegralH" value="13.000000" />
  <attribute name="DerivativeT" value="-4.000000" />
  <attribute name="DerivativeI" value="-4.000000" />
  <attribute name="DerivativeH" value="-4.000000" />
  <attribute name="Loop Time for DT" value="1.000000" />
  <attribute name="Output H" value="8388608"/>
  <attribute name="Output I" value="200"/>
  <attribute name="Output T" value="4"/>
  <attribute name="Target GC Util Change" value ="20.000000" />
  <attribute name="Current GC Util Change" value="33.000000"/>
  <attribute name="GC Util currently" value="33" />
  <attribute name="CPU Util currently" value="5414963338980" />
<allocation-satisfied id="635" threadId="0000000001467700" bytesRequested="90952" />
<af-end id="636" timestamp="2019-06-17T06:59:25.610" threadId="0000000001468088" success="true" from="nursery"/>
<exclusive-end id="637" timestamp="2019-06-17T06:59:25.610" durationms="0.719" />

<exclusive-start id="638" timestamp="2019-06-17T06:59:25.611" intervalms="0.897">
  <response-info timems="0.023" idlems="0.023" threads="0" lastid="0000000001467700" lastname="main" />
</exclusive-start>
<af-start id="639" threadId="0000000001468088" totalBytesRequested="92112" timestamp="2019-06-17T06:59:25.611" intervalms="0.896" type="nursery" />
<cycle-start id="640" type="scavenge" contextid="0" timestamp="2019-06-17T06:59:25.611" intervalms="0.899" />
<gc-start id="641" type="scavenge" contextid="640" timestamp="2019-06-17T06:59:25.611">
  <mem-info id="642" free="4989168" total="8388608" percent="59">
    <mem type="nursery" free="81896" total="2097152" percent="3">
      <mem type="allocate" free="81896" total="1835008" percent="4" />
      <mem type="survivor" free="0" total="262144" percent="0" />
    </mem>
    <mem type="tenure" free="4907272" total="6291456" percent="77">
      <mem type="soa" free="4592904" total="5977088" percent="76" />
      <mem type="loa" free="314368" total="314368" percent="100" />
    </mem>
    <remembered-set count="56" />
  </mem-info>
</gc-start>
<allocation-stats totalBytes="1551256" >
  <allocated-bytes non-tlh="914800" tlh="636456" />
  <largest-consumer threadName="main" threadId="0000000001467700" bytes="1551256" />
</allocation-stats>
<gc-op id="643" type="scavenge" timems="0.114" contextid="640" timestamp="2019-06-17T06:59:25.611">
  <scavenger-info tenureage="14" tenuremask="4000" tiltratio="87" />
  <memory-copied type="nursery" objects="2" bytes="46088" bytesdiscarded="39144" />
</gc-op>
<gc-end id="644" type="scavenge" contextid="640" durationms="0.282" usertimems="0.000" systemtimems="0.000" timestamp="2019-06-17T06:59:25.611" activeThreads="4">
  <mem-info id="645" free="6657048" total="8388608" percent="79">
    <mem type="nursery" free="1749776" total="2097152" percent="83">
      <mem type="allocate" free="1749776" total="1835008" percent="95" />
      <mem type="survivor" free="0" total="262144" percent="0" />
    </mem>
    <mem type="tenure" free="4907272" total="6291456" percent="77">
      <mem type="soa" free="4592904" total="5977088" percent="76" />
      <mem type="loa" free="314368" total="314368" percent="100" />
    </mem>
    <remembered-set count="56" />
  </mem-info>
</gc-end>
<cycle-end id="646" type="scavenge" contextid="640" timestamp="2019-06-17T06:59:25.611" />
  <attribute name="elasticGC enabled" value="1" />
  <attribute name= "numThreadsSpecified" value="4" />
  <attribute name="heapSize specified" value="0" />
  <attribute name="Current GC Util" value="38" />
  <attribute name= "Current Time Running" value="760" />
  <attribute name ="GC Interval" value="200" />
  <attribute name="ProportionalT" value="18.000000" />
  <attribute name="ProportionalI" value="18.000000" />
  <attribute name="ProportionalH" value="18.000000" />
  <attribute name="Current Error" value="18.000000" />
  <attribute name="IntegralT" value="18.000000" />
  <attribute name="IntegralI" value="18.000000" />
  <attribute name="IntegralH" value="18.000000" />
  <attribute name="DerivativeT" value="5.000000" />
  <attribute name="DerivativeI" value="5.000000" />
  <attribute name="DerivativeH" value="5.000000" />
  <attribute name="Loop Time for DT" value="1.000000" />
  <attribute name="Output H" value="8388608"/>
  <attribute name="Output I" value="200"/>
  <attribute name="Output T" value="4"/>
  <attribute name="Target GC Util Change" value ="20.000000" />
  <attribute name="Current GC Util Change" value="38.000000"/>
  <attribute name="GC Util currently" value="38" />
  <attribute name="CPU Util currently" value="5109029614241" />
<allocation-satisfied id="647" threadId="0000000001467700" bytesRequested="92112" />
<af-end id="648" timestamp="2019-06-17T06:59:25.611" threadId="0000000001468088" success="true" from="nursery"/>
<exclusive-end id="649" timestamp="2019-06-17T06:59:25.611" durationms="0.771" />

<exclusive-start id="650" timestamp="2019-06-17T06:59:25.612" intervalms="0.964">
  <response-info timems="0.029" idlems="0.029" threads="0" lastid="0000000001467700" lastname="main" />
</exclusive-start>
<af-start id="651" threadId="0000000001468088" totalBytesRequested="46760" timestamp="2019-06-17T06:59:25.612" intervalms="0.955" type="nursery" />
<cycle-start id="652" type="scavenge" contextid="0" timestamp="2019-06-17T06:59:25.612" intervalms="0.955" />
<gc-start id="653" type="scavenge" contextid="652" timestamp="2019-06-17T06:59:25.612">
  <mem-info id="654" free="4907272" total="8388608" percent="58">
    <mem type="nursery" free="0" total="2097152" percent="0">
      <mem type="allocate" free="0" total="1835008" percent="0" />
      <mem type="survivor" free="0" total="262144" percent="0" />
    </mem>
    <mem type="tenure" free="4907272" total="6291456" percent="77">
      <mem type="soa" free="4592904" total="5977088" percent="76" />
      <mem type="loa" free="314368" total="314368" percent="100" />
    </mem>
    <remembered-set count="56" />
  </mem-info>
</gc-start>
<allocation-stats totalBytes="1577872" >
  <allocated-bytes non-tlh="1066240" tlh="511632" />
  <largest-consumer threadName="main" threadId="0000000001467700" bytes="1577872" />
</allocation-stats>
<gc-op id="655" type="scavenge" timems="0.139" contextid="652" timestamp="2019-06-17T06:59:25.612">
  <scavenger-info tenureage="14" tenuremask="4000" tiltratio="87" />
  <memory-copied type="nursery" objects="1" bytes="93216" bytesdiscarded="0" />
</gc-op>
<gc-end id="656" type="scavenge" contextid="652" durationms="0.305" usertimems="0.000" systemtimems="0.000" timestamp="2019-06-17T06:59:25.612" activeThreads="4">
  <mem-info id="657" free="6649064" total="8388608" percent="79">
    <mem type="nursery" free="1741792" total="2097152" percent="83">
      <mem type="allocate" free="1741792" total="1835008" percent="94" />
      <mem type="survivor" free="0" total="262144" percent="0" />
    </mem>
    <mem type="tenure" free="4907272" total="6291456" percent="77">
      <mem type="soa" free="4592904" total="5977088" percent="76" />
      <mem type="loa" free="314368" total="314368" percent="100" />
    </mem>
    <remembered-set count="56" />
  </mem-info>
</gc-end>
<cycle-end id="658" type="scavenge" contextid="652" timestamp="2019-06-17T06:59:25.612" />
  <attribute name="elasticGC enabled" value="1" />
  <attribute name= "numThreadsSpecified" value="4" />
  <attribute name="heapSize specified" value="0" />
  <attribute name="Current GC Util" value="35" />
  <attribute name= "Current Time Running" value="761" />
  <attribute name ="GC Interval" value="200" />
  <attribute name="ProportionalT" value="15.000000" />
  <attribute name="ProportionalI" value="15.000000" />
  <attribute name="ProportionalH" value="15.000000" />
  <attribute name="Current Error" value="15.000000" />
  <attribute name="IntegralT" value="15.000000" />
  <attribute name="IntegralI" value="15.000000" />
  <attribute name="IntegralH" value="15.000000" />
  <attribute name="DerivativeT" value="-3.000000" />
  <attribute name="DerivativeI" value="-3.000000" />
  <attribute name="DerivativeH" value="-3.000000" />
  <attribute name="Loop Time for DT" value="1.000000" />
  <attribute name="Output H" value="8388608"/>
  <attribute name="Output I" value="200"/>
  <attribute name="Output T" value="4"/>
  <attribute name="Target GC Util Change" value ="20.000000" />
  <attribute name="Current GC Util Change" value="35.000000"/>
  <attribute name="GC Util currently" value="35" />
  <attribute name="CPU Util currently" value="4855111602954" />
<allocation-satisfied id="659" threadId="0000000001467700" bytesRequested="46760" />
<af-end id="660" timestamp="2019-06-17T06:59:25.612" threadId="0000000001468088" success="true" from="nursery"/>
<exclusive-end id="661" timestamp="2019-06-17T06:59:25.612" durationms="0.712" />

<exclusive-start id="662" timestamp="2019-06-17T06:59:25.612" intervalms="0.899">
  <response-info timems="0.023" idlems="0.023" threads="0" lastid="0000000001467700" lastname="main" />
</exclusive-start>
<af-start id="663" threadId="0000000001468088" totalBytesRequested="94632" timestamp="2019-06-17T06:59:25.613" intervalms="0.905" type="nursery" />
<cycle-start id="664" type="scavenge" contextid="0" timestamp="2019-06-17T06:59:25.613" intervalms="0.904" />
<gc-start id="665" type="scavenge" contextid="664" timestamp="2019-06-17T06:59:25.613">
  <mem-info id="666" free="4907272" total="8388608" percent="58">
    <mem type="nursery" free="0" total="2097152" percent="0">
      <mem type="allocate" free="0" total="1835008" percent="0" />
      <mem type="survivor" free="0" total="262144" percent="0" />
    </mem>
    <mem type="tenure" free="4907272" total="6291456" percent="77">
      <mem type="soa" free="4592904" total="5977088" percent="76" />
      <mem type="loa" free="314368" total="314368" percent="100" />
    </mem>
    <remembered-set count="56" />
  </mem-info>
</gc-start>
<allocation-stats totalBytes="1620872" >
  <allocated-bytes non-tlh="985480" tlh="635392" />
  <largest-consumer threadName="main" threadId="0000000001467700" bytes="1620872" />
</allocation-stats>
<gc-op id="667" type="scavenge" timems="0.135" contextid="664" timestamp="2019-06-17T06:59:25.613">
  <scavenger-info tenureage="14" tenuremask="4000" tiltratio="87" />
  <memory-copied type="nursery" objects="2" bytes="47344" bytesdiscarded="39144" />
</gc-op>
<gc-end id="668" type="scavenge" contextid="664" durationms="0.299" usertimems="0.000" systemtimems="0.000" timestamp="2019-06-17T06:59:25.613" activeThreads="4">
  <mem-info id="669" free="6655792" total="8388608" percent="79">
    <mem type="nursery" free="1748520" total="2097152" percent="83">
      <mem type="allocate" free="1748520" total="1835008" percent="95" />
      <mem type="survivor" free="0" total="262144" percent="0" />
    </mem>
    <mem type="tenure" free="4907272" total="6291456" percent="77">
      <mem type="soa" free="4592904" total="5977088" percent="76" />
      <mem type="loa" free="314368" total="314368" percent="100" />
    </mem>
    <remembered-set count="56" />
  </mem-info>
</gc-end>
<cycle-end id="670" type="scavenge" contextid="664" timestamp="2019-06-17T06:59:25.613" />
  <attribute name="elasticGC enabled" value="1" />
  <attribute name= "numThreadsSpecified" value="4" />
  <attribute name="heapSize specified" value="0" />
  <attribute name="Current GC Util" value="37" />
  <attribute name= "Current Time Running" value="762" />
  <attribute name ="GC Interval" value="200" />
  <attribute name="ProportionalT" value="17.000000" />
  <attribute name="ProportionalI" value="17.000000" />
  <attribute name="ProportionalH" value="17.000000" />
  <attribute name="Current Error" value="17.000000" />
  <attribute name="IntegralT" value="17.000000" />
  <attribute name="IntegralI" value="17.000000" />
  <attribute name="IntegralH" value="17.000000" />
  <attribute name="DerivativeT" value="2.000000" />
  <attribute name="DerivativeI" value="2.000000" />
  <attribute name="DerivativeH" value="2.000000" />
  <attribute name="Loop Time for DT" value="1.000000" />
  <attribute name="Output H" value="8388608"/>
  <attribute name="Output I" value="200"/>
  <attribute name="Output T" value="4"/>
  <attribute name="Target GC Util Change" value ="20.000000" />
  <attribute name="Current GC Util Change" value="37.000000"/>
  <attribute name="GC Util currently" value="37" />
  <attribute name="CPU Util currently" value="5106302945953" />
<allocation-satisfied id="671" threadId="0000000001467700" bytesRequested="94632" />
<af-end id="672" timestamp="2019-06-17T06:59:25.613" threadId="0000000001468088" success="true" from="nursery"/>
<exclusive-end id="673" timestamp="2019-06-17T06:59:25.613" durationms="0.709" />

<exclusive-start id="674" timestamp="2019-06-17T06:59:25.613" intervalms="0.894">
  <response-info timems="0.023" idlems="0.023" threads="0" lastid="0000000001467700" lastname="main" />
</exclusive-start>
<af-start id="675" threadId="0000000001468088" totalBytesRequested="95760" timestamp="2019-06-17T06:59:25.613" intervalms="0.896" type="nursery" />
<cycle-start id="676" type="scavenge" contextid="0" timestamp="2019-06-17T06:59:25.613" intervalms="0.897" />
<gc-start id="677" type="scavenge" contextid="676" timestamp="2019-06-17T06:59:25.614">
  <mem-info id="678" free="4907272" total="8388608" percent="58">
    <mem type="nursery" free="0" total="2097152" percent="0">
      <mem type="allocate" free="0" total="1835008" percent="0" />
      <mem type="survivor" free="0" total="262144" percent="0" />
    </mem>
    <mem type="tenure" free="4907272" total="6291456" percent="77">
      <mem type="soa" free="4592904" total="5977088" percent="76" />
      <mem type="loa" free="314368" total="314368" percent="100" />
    </mem>
    <remembered-set count="56" />
  </mem-info>
</gc-start>
<allocation-stats totalBytes="1602720" >
  <allocated-bytes non-tlh="1045544" tlh="557176" />
  <largest-consumer threadName="main" threadId="0000000001467700" bytes="1602720" />
</allocation-stats>
<gc-op id="679" type="scavenge" timems="0.134" contextid="676" timestamp="2019-06-17T06:59:25.614">
  <scavenger-info tenureage="14" tenuremask="4000" tiltratio="87" />
  <memory-copied type="nursery" objects="2" bytes="47904" bytesdiscarded="39144" />
</gc-op>
<gc-end id="680" type="scavenge" contextid="676" durationms="0.299" usertimems="0.000" systemtimems="0.000" timestamp="2019-06-17T06:59:25.614" activeThreads="4">
  <mem-info id="681" free="6655232" total="8388608" percent="79">
    <mem type="nursery" free="1747960" total="2097152" percent="83">
      <mem type="allocate" free="1747960" total="1835008" percent="95" />
      <mem type="survivor" free="0" total="262144" percent="0" />
    </mem>
    <mem type="tenure" free="4907272" total="6291456" percent="77">
      <mem type="soa" free="4592904" total="5977088" percent="76" />
      <mem type="loa" free="314368" total="314368" percent="100" />
    </mem>
    <remembered-set count="56" />
  </mem-info>
</gc-end>
<cycle-end id="682" type="scavenge" contextid="676" timestamp="2019-06-17T06:59:25.614" />
  <attribute name="elasticGC enabled" value="1" />
  <attribute name= "numThreadsSpecified" value="4" />
  <attribute name="heapSize specified" value="0" />
  <attribute name="Current GC Util" value="37" />
  <attribute name= "Current Time Running" value="763" />
  <attribute name ="GC Interval" value="200" />
  <attribute name="ProportionalT" value="17.000000" />
  <attribute name="ProportionalI" value="17.000000" />
  <attribute name="ProportionalH" value="17.000000" />
  <attribute name="Current Error" value="17.000000" />
  <attribute name="IntegralT" value="17.000000" />
  <attribute name="IntegralI" value="17.000000" />
  <attribute name="IntegralH" value="17.000000" />
  <attribute name="DerivativeT" value="0.000000" />
  <attribute name="DerivativeI" value="0.000000" />
  <attribute name="DerivativeH" value="0.000000" />
  <attribute name="Loop Time for DT" value="1.000000" />
  <attribute name="Output H" value="8388608"/>
  <attribute name="Output I" value="200"/>
  <attribute name="Output T" value="4"/>
  <attribute name="Target GC Util Change" value ="20.000000" />
  <attribute name="Current GC Util Change" value="37.000000"/>
  <attribute name="GC Util currently" value="37" />
  <attribute name="CPU Util currently" value="5157764314148" />
<allocation-satisfied id="683" threadId="0000000001467700" bytesRequested="95760" />
<af-end id="684" timestamp="2019-06-17T06:59:25.614" threadId="0000000001468088" success="true" from="nursery"/>
<exclusive-end id="685" timestamp="2019-06-17T06:59:25.614" durationms="0.711" />

<exclusive-start id="686" timestamp="2019-06-17T06:59:25.614" intervalms="0.896">
  <response-info timems="0.027" idlems="0.027" threads="0" lastid="0000000001467700" lastname="main" />
</exclusive-start>
<af-start id="687" threadId="0000000001468088" totalBytesRequested="96968" timestamp="2019-06-17T06:59:25.614" intervalms="0.894" type="nursery" />
<cycle-start id="688" type="scavenge" contextid="0" timestamp="2019-06-17T06:59:25.614" intervalms="0.894" />
<gc-start id="689" type="scavenge" contextid="688" timestamp="2019-06-17T06:59:25.614">
  <mem-info id="690" free="4986328" total="8388608" percent="59">
    <mem type="nursery" free="79056" total="2097152" percent="3">
      <mem type="allocate" free="79056" total="1835008" percent="4" />
      <mem type="survivor" free="0" total="262144" percent="0" />
    </mem>
    <mem type="tenure" free="4907272" total="6291456" percent="77">
      <mem type="soa" free="4592904" total="5977088" percent="76" />
      <mem type="loa" free="314368" total="314368" percent="100" />
    </mem>
    <remembered-set count="56" />
  </mem-info>
</gc-start>
<allocation-stats totalBytes="1574872" >
  <allocated-bytes non-tlh="1009448" tlh="565424" />
  <largest-consumer threadName="main" threadId="0000000001467700" bytes="1574872" />
</allocation-stats>
<gc-op id="691" type="scavenge" timems="0.134" contextid="688" timestamp="2019-06-17T06:59:25.615">
  <scavenger-info tenureage="14" tenuremask="4000" tiltratio="87" />
  <memory-copied type="nursery" objects="2" bytes="48512" bytesdiscarded="39144" />
</gc-op>
<gc-end id="692" type="scavenge" contextid="688" durationms="0.303" usertimems="4.000" systemtimems="0.000" timestamp="2019-06-17T06:59:25.615" activeThreads="4">
  <mem-info id="693" free="6654624" total="8388608" percent="79">
    <mem type="nursery" free="1747352" total="2097152" percent="83">
      <mem type="allocate" free="1747352" total="1835008" percent="95" />
      <mem type="survivor" free="0" total="262144" percent="0" />
    </mem>
    <mem type="tenure" free="4907272" total="6291456" percent="77">
      <mem type="soa" free="4592904" total="5977088" percent="76" />
      <mem type="loa" free="314368" total="314368" percent="100" />
    </mem>
    <remembered-set count="56" />
  </mem-info>
</gc-end>
<cycle-end id="694" type="scavenge" contextid="688" timestamp="2019-06-17T06:59:25.615" />
  <attribute name="elasticGC enabled" value="1" />
  <attribute name= "numThreadsSpecified" value="4" />
  <attribute name="heapSize specified" value="0" />
  <attribute name="Current GC Util" value="37" />
  <attribute name= "Current Time Running" value="764" />
  <attribute name ="GC Interval" value="200" />
  <attribute name="ProportionalT" value="17.000000" />
  <attribute name="ProportionalI" value="17.000000" />
  <attribute name="ProportionalH" value="17.000000" />
  <attribute name="Current Error" value="17.000000" />
  <attribute name="IntegralT" value="17.000000" />
  <attribute name="IntegralI" value="17.000000" />
  <attribute name="IntegralH" value="17.000000" />
  <attribute name="DerivativeT" value="0.000000" />
  <attribute name="DerivativeI" value="0.000000" />
  <attribute name="DerivativeH" value="0.000000" />
  <attribute name="Loop Time for DT" value="1.000000" />
  <attribute name="Output H" value="8388608"/>
  <attribute name="Output I" value="200"/>
  <attribute name="Output T" value="4"/>
  <attribute name="Target GC Util Change" value ="20.000000" />
  <attribute name="Current GC Util Change" value="37.000000"/>
  <attribute name="GC Util currently" value="37" />
  <attribute name="CPU Util currently" value="5119010690913" />
<allocation-satisfied id="695" threadId="0000000001467700" bytesRequested="96968" />
<af-end id="696" timestamp="2019-06-17T06:59:25.615" threadId="0000000001468088" success="true" from="nursery"/>
<exclusive-end id="697" timestamp="2019-06-17T06:59:25.615" durationms="0.717" />

<exclusive-start id="698" timestamp="2019-06-17T06:59:25.615" intervalms="0.911">
  <response-info timems="0.030" idlems="0.030" threads="0" lastid="0000000001467700" lastname="main" />
</exclusive-start>
<af-start id="699" threadId="0000000001468088" totalBytesRequested="98032" timestamp="2019-06-17T06:59:25.615" intervalms="0.914" type="nursery" />
<cycle-start id="700" type="scavenge" contextid="0" timestamp="2019-06-17T06:59:25.615" intervalms="0.914" />
<gc-start id="701" type="scavenge" contextid="700" timestamp="2019-06-17T06:59:25.615">
  <mem-info id="702" free="4907272" total="8388608" percent="58">
    <mem type="nursery" free="0" total="2097152" percent="0">
      <mem type="allocate" free="0" total="1835008" percent="0" />
      <mem type="survivor" free="0" total="262144" percent="0" />
    </mem>
    <mem type="tenure" free="4907272" total="6291456" percent="77">
      <mem type="soa" free="4592904" total="5977088" percent="76" />
      <mem type="loa" free="314368" total="314368" percent="100" />
    </mem>
    <remembered-set count="56" />
  </mem-info>
</gc-start>
<allocation-stats totalBytes="1636400" >
  <allocated-bytes non-tlh="1071152" tlh="565248" />
  <largest-consumer threadName="main" threadId="0000000001467700" bytes="1636400" />
</allocation-stats>
<gc-op id="703" type="scavenge" timems="0.149" contextid="700" timestamp="2019-06-17T06:59:25.616">
  <scavenger-info tenureage="14" tenuremask="4000" tiltratio="87" />
  <memory-copied type="nursery" objects="2" bytes="49048" bytesdiscarded="39144" />
</gc-op>
<gc-end id="704" type="scavenge" contextid="700" durationms="0.314" usertimems="0.000" systemtimems="0.000" timestamp="2019-06-17T06:59:25.616" activeThreads="4">
  <mem-info id="705" free="6654088" total="8388608" percent="79">
    <mem type="nursery" free="1746816" total="2097152" percent="83">
      <mem type="allocate" free="1746816" total="1835008" percent="95" />
      <mem type="survivor" free="0" total="262144" percent="0" />
    </mem>
    <mem type="tenure" free="4907272" total="6291456" percent="77">
      <mem type="soa" free="4592904" total="5977088" percent="76" />
      <mem type="loa" free="314368" total="314368" percent="100" />
    </mem>
    <remembered-set count="56" />
  </mem-info>
</gc-end>
<cycle-end id="706" type="scavenge" contextid="700" timestamp="2019-06-17T06:59:25.616" />
  <attribute name="elasticGC enabled" value="1" />
  <attribute name= "numThreadsSpecified" value="4" />
  <attribute name="heapSize specified" value="0" />
  <attribute name="Current GC Util" value="37" />
  <attribute name= "Current Time Running" value="765" />
  <attribute name ="GC Interval" value="200" />
  <attribute name="ProportionalT" value="17.000000" />
  <attribute name="ProportionalI" value="17.000000" />
  <attribute name="ProportionalH" value="17.000000" />
  <attribute name="Current Error" value="17.000000" />
  <attribute name="IntegralT" value="17.000000" />
  <attribute name="IntegralI" value="17.000000" />
  <attribute name="IntegralH" value="17.000000" />
  <attribute name="DerivativeT" value="0.000000" />
  <attribute name="DerivativeI" value="0.000000" />
  <attribute name="DerivativeH" value="0.000000" />
  <attribute name="Loop Time for DT" value="1.000000" />
  <attribute name="Output H" value="8388608"/>
  <attribute name="Output I" value="200"/>
  <attribute name="Output T" value="4"/>
  <attribute name="Target GC Util Change" value ="20.000000" />
  <attribute name="Current GC Util Change" value="37.000000"/>
  <attribute name="GC Util currently" value="37" />
  <attribute name="CPU Util currently" value="5053548044160" />
<allocation-satisfied id="707" threadId="0000000001467700" bytesRequested="98032" />
<af-end id="708" timestamp="2019-06-17T06:59:25.616" threadId="0000000001468088" success="true" from="nursery"/>
<exclusive-end id="709" timestamp="2019-06-17T06:59:25.616" durationms="0.729" />

<exclusive-start id="710" timestamp="2019-06-17T06:59:25.616" intervalms="0.916">
  <response-info timems="0.027" idlems="0.027" threads="0" lastid="0000000001467700" lastname="main" />
</exclusive-start>
<af-start id="711" threadId="0000000001468088" totalBytesRequested="99136" timestamp="2019-06-17T06:59:25.616" intervalms="0.908" type="nursery" />
<cycle-start id="712" type="scavenge" contextid="0" timestamp="2019-06-17T06:59:25.616" intervalms="0.905" />
<gc-start id="713" type="scavenge" contextid="712" timestamp="2019-06-17T06:59:25.616">
  <mem-info id="714" free="4961464" total="8388608" percent="59">
    <mem type="nursery" free="54192" total="2097152" percent="2">
      <mem type="allocate" free="54192" total="1835008" percent="2" />
      <mem type="survivor" free="0" total="262144" percent="0" />
    </mem>
    <mem type="tenure" free="4907272" total="6291456" percent="77">
      <mem type="soa" free="4592904" total="5977088" percent="76" />
      <mem type="loa" free="314368" total="314368" percent="100" />
    </mem>
    <remembered-set count="56" />
  </mem-info>
</gc-start>
<allocation-stats totalBytes="1608720" >
  <allocated-bytes non-tlh="1033168" tlh="575552" />
  <largest-consumer threadName="main" threadId="0000000001467700" bytes="1608720" />
</allocation-stats>
<gc-op id="715" type="scavenge" timems="0.134" contextid="712" timestamp="2019-06-17T06:59:25.616">
  <scavenger-info tenureage="14" tenuremask="4000" tiltratio="87" />
  <memory-copied type="nursery" objects="2" bytes="49592" bytesdiscarded="39144" />
</gc-op>
<gc-end id="716" type="scavenge" contextid="712" durationms="0.300" usertimems="0.000" systemtimems="0.000" timestamp="2019-06-17T06:59:25.617" activeThreads="4">
  <mem-info id="717" free="6653544" total="8388608" percent="79">
    <mem type="nursery" free="1746272" total="2097152" percent="83">
      <mem type="allocate" free="1746272" total="1835008" percent="95" />
      <mem type="survivor" free="0" total="262144" percent="0" />
    </mem>
    <mem type="tenure" free="4907272" total="6291456" percent="77">
      <mem type="soa" free="4592904" total="5977088" percent="76" />
      <mem type="loa" free="314368" total="314368" percent="100" />
    </mem>
    <remembered-set count="56" />
  </mem-info>
</gc-end>
<cycle-end id="718" type="scavenge" contextid="712" timestamp="2019-06-17T06:59:25.617" />
  <attribute name="elasticGC enabled" value="1" />
  <attribute name= "numThreadsSpecified" value="4" />
  <attribute name="heapSize specified" value="0" />
  <attribute name="Current GC Util" value="37" />
  <attribute name= "Current Time Running" value="766" />
  <attribute name ="GC Interval" value="200" />
  <attribute name="ProportionalT" value="17.000000" />
  <attribute name="ProportionalI" value="17.000000" />
  <attribute name="ProportionalH" value="17.000000" />
  <attribute name="Current Error" value="17.000000" />
  <attribute name="IntegralT" value="17.000000" />
  <attribute name="IntegralI" value="17.000000" />
  <attribute name="IntegralH" value="17.000000" />
  <attribute name="DerivativeT" value="0.000000" />
  <attribute name="DerivativeI" value="0.000000" />
  <attribute name="DerivativeH" value="0.000000" />
  <attribute name="Loop Time for DT" value="1.000000" />
  <attribute name="Output H" value="8388608"/>
  <attribute name="Output I" value="200"/>
  <attribute name="Output T" value="4"/>
  <attribute name="Target GC Util Change" value ="20.000000" />
  <attribute name="Current GC Util Change" value="37.000000"/>
  <attribute name="GC Util currently" value="37" />
  <attribute name="CPU Util currently" value="5099662525060" />
<allocation-satisfied id="719" threadId="0000000001467700" bytesRequested="99136" />
<af-end id="720" timestamp="2019-06-17T06:59:25.617" threadId="0000000001468088" success="true" from="nursery"/>
<exclusive-end id="721" timestamp="2019-06-17T06:59:25.617" durationms="0.707" />

<exclusive-start id="722" timestamp="2019-06-17T06:59:25.617" intervalms="0.894">
  <response-info timems="0.023" idlems="0.023" threads="0" lastid="0000000001467700" lastname="main" />
</exclusive-start>
<af-start id="723" threadId="0000000001468088" totalBytesRequested="100296" timestamp="2019-06-17T06:59:25.617" intervalms="0.901" type="nursery" />
<cycle-start id="724" type="scavenge" contextid="0" timestamp="2019-06-17T06:59:25.617" intervalms="0.905" />
<gc-start id="725" type="scavenge" contextid="724" timestamp="2019-06-17T06:59:25.617">
  <mem-info id="726" free="4907272" total="8388608" percent="58">
    <mem type="nursery" free="0" total="2097152" percent="0">
      <mem type="allocate" free="0" total="1835008" percent="0" />
      <mem type="survivor" free="0" total="262144" percent="0" />
    </mem>
    <mem type="tenure" free="4907272" total="6291456" percent="77">
      <mem type="soa" free="4592904" total="5977088" percent="76" />
      <mem type="loa" free="314368" total="314368" percent="100" />
    </mem>
    <remembered-set count="56" />
  </mem-info>
</gc-start>
<allocation-stats totalBytes="1618136" >
  <allocated-bytes non-tlh="1044904" tlh="573232" />
  <largest-consumer threadName="main" threadId="0000000001467700" bytes="1618136" />
</allocation-stats>
<gc-op id="727" type="scavenge" timems="0.134" contextid="724" timestamp="2019-06-17T06:59:25.617">
  <scavenger-info tenureage="14" tenuremask="4000" tiltratio="87" />
  <memory-copied type="nursery" objects="2" bytes="50176" bytesdiscarded="39144" />
</gc-op>
<gc-end id="728" type="scavenge" contextid="724" durationms="0.300" usertimems="0.000" systemtimems="0.000" timestamp="2019-06-17T06:59:25.617" activeThreads="4">
  <mem-info id="729" free="6652960" total="8388608" percent="79">
    <mem type="nursery" free="1745688" total="2097152" percent="83">
      <mem type="allocate" free="1745688" total="1835008" percent="95" />
      <mem type="survivor" free="0" total="262144" percent="0" />
    </mem>
    <mem type="tenure" free="4907272" total="6291456" percent="77">
      <mem type="soa" free="4592904" total="5977088" percent="76" />
      <mem type="loa" free="314368" total="314368" percent="100" />
    </mem>
    <remembered-set count="56" />
  </mem-info>
</gc-end>
<cycle-end id="730" type="scavenge" contextid="724" timestamp="2019-06-17T06:59:25.618" />
  <attribute name="elasticGC enabled" value="1" />
  <attribute name= "numThreadsSpecified" value="4" />
  <attribute name="heapSize specified" value="0" />
  <attribute name="Current GC Util" value="37" />
  <attribute name= "Current Time Running" value="767" />
  <attribute name ="GC Interval" value="200" />
  <attribute name="ProportionalT" value="17.000000" />
  <attribute name="ProportionalI" value="17.000000" />
  <attribute name="ProportionalH" value="17.000000" />
  <attribute name="Current Error" value="17.000000" />
  <attribute name="IntegralT" value="17.000000" />
  <attribute name="IntegralI" value="17.000000" />
  <attribute name="IntegralH" value="17.000000" />
  <attribute name="DerivativeT" value="0.000000" />
  <attribute name="DerivativeI" value="0.000000" />
  <attribute name="DerivativeH" value="0.000000" />
  <attribute name="Loop Time for DT" value="1.000000" />
  <attribute name="Output H" value="8388608"/>
  <attribute name="Output I" value="200"/>
  <attribute name="Output T" value="4"/>
  <attribute name="Target GC Util Change" value ="20.000000" />
  <attribute name="Current GC Util Change" value="37.000000"/>
  <attribute name="GC Util currently" value="37" />
  <attribute name="CPU Util currently" value="5099391854299" />
<allocation-satisfied id="731" threadId="0000000001467700" bytesRequested="100296" />
<af-end id="732" timestamp="2019-06-17T06:59:25.618" threadId="0000000001468088" success="true" from="nursery"/>
<exclusive-end id="733" timestamp="2019-06-17T06:59:25.618" durationms="0.709" />

<exclusive-start id="734" timestamp="2019-06-17T06:59:25.618" intervalms="0.898">
  <response-info timems="0.027" idlems="0.027" threads="0" lastid="0000000001467700" lastname="main" />
</exclusive-start>
<af-start id="735" threadId="0000000001468088" totalBytesRequested="101488" timestamp="2019-06-17T06:59:25.618" intervalms="0.896" type="nursery" />
<cycle-start id="736" type="scavenge" contextid="0" timestamp="2019-06-17T06:59:25.618" intervalms="0.895" />
<gc-start id="737" type="scavenge" contextid="736" timestamp="2019-06-17T06:59:25.618">
  <mem-info id="738" free="4936648" total="8388608" percent="58">
    <mem type="nursery" free="29376" total="2097152" percent="1">
      <mem type="allocate" free="29376" total="1835008" percent="1" />
      <mem type="survivor" free="0" total="262144" percent="0" />
    </mem>
    <mem type="tenure" free="4907272" total="6291456" percent="77">
      <mem type="soa" free="4592904" total="5977088" percent="76" />
      <mem type="loa" free="314368" total="314368" percent="100" />
    </mem>
    <remembered-set count="56" />
  </mem-info>
</gc-start>
<allocation-stats totalBytes="1642608" >
  <allocated-bytes non-tlh="1056856" tlh="585752" />
  <largest-consumer threadName="main" threadId="0000000001467700" bytes="1642608" />
</allocation-stats>
<gc-op id="739" type="scavenge" timems="0.136" contextid="736" timestamp="2019-06-17T06:59:25.618">
  <scavenger-info tenureage="14" tenuremask="4000" tiltratio="87" />
  <memory-copied type="nursery" objects="2" bytes="50768" bytesdiscarded="39144" />
</gc-op>
<gc-end id="740" type="scavenge" contextid="736" durationms="0.302" usertimems="0.000" systemtimems="0.000" timestamp="2019-06-17T06:59:25.618" activeThreads="4">
  <mem-info id="741" free="6652368" total="8388608" percent="79">
    <mem type="nursery" free="1745096" total="2097152" percent="83">
      <mem type="allocate" free="1745096" total="1835008" percent="95" />
      <mem type="survivor" free="0" total="262144" percent="0" />
    </mem>
    <mem type="tenure" free="4907272" total="6291456" percent="77">
      <mem type="soa" free="4592904" total="5977088" percent="76" />
      <mem type="loa" free="314368" total="314368" percent="100" />
    </mem>
    <remembered-set count="56" />
  </mem-info>
</gc-end>
<cycle-end id="742" type="scavenge" contextid="736" timestamp="2019-06-17T06:59:25.618" />
  <attribute name="elasticGC enabled" value="1" />
  <attribute name= "numThreadsSpecified" value="4" />
  <attribute name="heapSize specified" value="0" />
  <attribute name="Current GC Util" value="37" />
  <attribute name= "Current Time Running" value="767" />
  <attribute name ="GC Interval" value="200" />
  <attribute name="ProportionalT" value="17.000000" />
  <attribute name="ProportionalI" value="17.000000" />
  <attribute name="ProportionalH" value="17.000000" />
  <attribute name="Current Error" value="17.000000" />
  <attribute name="IntegralT" value="0.000000" />
  <attribute name="IntegralI" value="0.000000" />
  <attribute name="IntegralH" value="0.000000" />
  <attribute name="DerivativeT" value="-nan" />
  <attribute name="DerivativeI" value="-nan" />
  <attribute name="DerivativeH" value="-nan" />
  <attribute name="Loop Time for DT" value="0.000000" />
  <attribute name="Output H" value="2092630016"/>
  <attribute name="Output I" value="200"/>
  <attribute name="Output T" value="4"/>
  <attribute name="Target GC Util Change" value ="20.000000" />
  <attribute name="Current GC Util Change" value="37.000000"/>
  <attribute name="GC Util currently" value="37" />
  <attribute name="CPU Util currently" value="5149557274687" />
<allocation-satisfied id="743" threadId="0000000001467700" bytesRequested="101488" />
<af-end id="744" timestamp="2019-06-17T06:59:25.619" threadId="0000000001468088" success="true" from="nursery"/>
<exclusive-end id="745" timestamp="2019-06-17T06:59:25.619" durationms="0.710" />

<exclusive-start id="746" timestamp="2019-06-17T06:59:25.619" intervalms="0.900">
  <response-info timems="0.027" idlems="0.027" threads="0" lastid="0000000001467700" lastname="main" />
</exclusive-start>
<af-start id="747" threadId="0000000001468088" totalBytesRequested="102680" timestamp="2019-06-17T06:59:25.619" intervalms="0.907" type="nursery" />
<cycle-start id="748" type="scavenge" contextid="0" timestamp="2019-06-17T06:59:25.619" intervalms="0.913" />
<gc-start id="749" type="scavenge" contextid="748" timestamp="2019-06-17T06:59:25.619">
  <mem-info id="750" free="4907272" total="8388608" percent="58">
    <mem type="nursery" free="0" total="2097152" percent="0">
      <mem type="allocate" free="0" total="1835008" percent="0" />
      <mem type="survivor" free="0" total="262144" percent="0" />
    </mem>
    <mem type="tenure" free="4907272" total="6291456" percent="77">
      <mem type="soa" free="4592904" total="5977088" percent="76" />
      <mem type="loa" free="314368" total="314368" percent="100" />
    </mem>
    <remembered-set count="56" />
  </mem-info>
</gc-start>
<allocation-stats totalBytes="1651400" >
  <allocated-bytes non-tlh="1069864" tlh="581536" />
  <largest-consumer threadName="main" threadId="0000000001467700" bytes="1651400" />
</allocation-stats>
<gc-op id="751" type="scavenge" timems="0.126" contextid="748" timestamp="2019-06-17T06:59:25.619">
  <scavenger-info tenureage="14" tenuremask="4000" tiltratio="87" />
  <memory-copied type="nursery" objects="2" bytes="51368" bytesdiscarded="39144" />
</gc-op>
<gc-end id="752" type="scavenge" contextid="748" durationms="0.316" usertimems="0.000" systemtimems="4.000" timestamp="2019-06-17T06:59:25.619" activeThreads="4">
  <mem-info id="753" free="6651768" total="8388608" percent="79">
    <mem type="nursery" free="1744496" total="2097152" percent="83">
      <mem type="allocate" free="1744496" total="1835008" percent="95" />
      <mem type="survivor" free="0" total="262144" percent="0" />
    </mem>
    <mem type="tenure" free="4907272" total="6291456" percent="77">
      <mem type="soa" free="4592904" total="5977088" percent="76" />
      <mem type="loa" free="314368" total="314368" percent="100" />
    </mem>
    <remembered-set count="56" />
  </mem-info>
</gc-end>
<cycle-end id="754" type="scavenge" contextid="748" timestamp="2019-06-17T06:59:25.619" />
  <attribute name="elasticGC enabled" value="1" />
  <attribute name= "numThreadsSpecified" value="4" />
  <attribute name="heapSize specified" value="0" />
  <attribute name="Current GC Util" value="36" />
  <attribute name= "Current Time Running" value="768" />
  <attribute name ="GC Interval" value="200" />
  <attribute name="ProportionalT" value="16.000000" />
  <attribute name="ProportionalI" value="16.000000" />
  <attribute name="ProportionalH" value="16.000000" />
  <attribute name="Current Error" value="16.000000" />
  <attribute name="IntegralT" value="16.000000" />
  <attribute name="IntegralI" value="16.000000" />
  <attribute name="IntegralH" value="16.000000" />
  <attribute name="DerivativeT" value="-1.000000" />
  <attribute name="DerivativeI" value="-1.000000" />
  <attribute name="DerivativeH" value="-1.000000" />
  <attribute name="Loop Time for DT" value="1.000000" />
  <attribute name="Output H" value="8388608"/>
  <attribute name="Output I" value="200"/>
  <attribute name="Output T" value="4"/>
  <attribute name="Target GC Util Change" value ="20.000000" />
  <attribute name="Current GC Util Change" value="36.000000"/>
  <attribute name="GC Util currently" value="36" />
  <attribute name="CPU Util currently" value="4935974613467" />
<allocation-satisfied id="755" threadId="0000000001467700" bytesRequested="102680" />
<af-end id="756" timestamp="2019-06-17T06:59:25.619" threadId="0000000001468088" success="true" from="nursery"/>
<exclusive-end id="757" timestamp="2019-06-17T06:59:25.620" durationms="0.777" />

<exclusive-start id="758" timestamp="2019-06-17T06:59:25.620" intervalms="1.014">
  <response-info timems="0.046" idlems="0.046" threads="0" lastid="0000000001467700" lastname="main" />
</exclusive-start>
<af-start id="759" threadId="0000000001468088" totalBytesRequested="103816" timestamp="2019-06-17T06:59:25.620" intervalms="1.015" type="nursery" />
<cycle-start id="760" type="scavenge" contextid="0" timestamp="2019-06-17T06:59:25.620" intervalms="1.015" />
<gc-start id="761" type="scavenge" contextid="760" timestamp="2019-06-17T06:59:25.620">
  <mem-info id="762" free="4907272" total="8388608" percent="58">
    <mem type="nursery" free="0" total="2097152" percent="0">
      <mem type="allocate" free="0" total="1835008" percent="0" />
      <mem type="survivor" free="0" total="262144" percent="0" />
    </mem>
    <mem type="tenure" free="4907272" total="6291456" percent="77">
      <mem type="soa" free="4592904" total="5977088" percent="76" />
      <mem type="loa" free="314368" total="314368" percent="100" />
    </mem>
    <remembered-set count="56" />
  </mem-info>
</gc-start>
<allocation-stats totalBytes="1665472" >
  <allocated-bytes non-tlh="1133608" tlh="531864" />
  <largest-consumer threadName="main" threadId="0000000001467700" bytes="1665472" />
</allocation-stats>
<gc-op id="763" type="scavenge" timems="0.123" contextid="760" timestamp="2019-06-17T06:59:25.620">
  <scavenger-info tenureage="14" tenuremask="4000" tiltratio="87" />
  <memory-copied type="nursery" objects="2" bytes="51936" bytesdiscarded="39144" />
</gc-op>
<gc-end id="764" type="scavenge" contextid="760" durationms="0.314" usertimems="0.000" systemtimems="0.000" timestamp="2019-06-17T06:59:25.620" activeThreads="4">
  <mem-info id="765" free="6651200" total="8388608" percent="79">
    <mem type="nursery" free="1743928" total="2097152" percent="83">
      <mem type="allocate" free="1743928" total="1835008" percent="95" />
      <mem type="survivor" free="0" total="262144" percent="0" />
    </mem>
    <mem type="tenure" free="4907272" total="6291456" percent="77">
      <mem type="soa" free="4592904" total="5977088" percent="76" />
      <mem type="loa" free="314368" total="314368" percent="100" />
    </mem>
    <remembered-set count="56" />
  </mem-info>
</gc-end>
<cycle-end id="766" type="scavenge" contextid="760" timestamp="2019-06-17T06:59:25.620" />
  <attribute name="elasticGC enabled" value="1" />
  <attribute name= "numThreadsSpecified" value="4" />
  <attribute name="heapSize specified" value="0" />
  <attribute name="Current GC Util" value="34" />
  <attribute name= "Current Time Running" value="769" />
  <attribute name ="GC Interval" value="200" />
  <attribute name="ProportionalT" value="14.000000" />
  <attribute name="ProportionalI" value="14.000000" />
  <attribute name="ProportionalH" value="14.000000" />
  <attribute name="Current Error" value="14.000000" />
  <attribute name="IntegralT" value="14.000000" />
  <attribute name="IntegralI" value="14.000000" />
  <attribute name="IntegralH" value="14.000000" />
  <attribute name="DerivativeT" value="-2.000000" />
  <attribute name="DerivativeI" value="-2.000000" />
  <attribute name="DerivativeH" value="-2.000000" />
  <attribute name="Loop Time for DT" value="1.000000" />
  <attribute name="Output H" value="8388608"/>
  <attribute name="Output I" value="200"/>
  <attribute name="Output T" value="4"/>
  <attribute name="Target GC Util Change" value ="20.000000" />
  <attribute name="Current GC Util Change" value="34.000000"/>
  <attribute name="GC Util currently" value="34" />
  <attribute name="CPU Util currently" value="4557564933740" />
<allocation-satisfied id="767" threadId="0000000001467700" bytesRequested="103816" />
<af-end id="768" timestamp="2019-06-17T06:59:25.620" threadId="0000000001468088" success="true" from="nursery"/>
<exclusive-end id="769" timestamp="2019-06-17T06:59:25.621" durationms="0.775" />

<exclusive-start id="770" timestamp="2019-06-17T06:59:25.621" intervalms="1.027">
  <response-info timems="0.051" idlems="0.051" threads="0" lastid="0000000001467700" lastname="main" />
</exclusive-start>
<af-start id="771" threadId="0000000001468088" totalBytesRequested="105184" timestamp="2019-06-17T06:59:25.621" intervalms="1.026" type="nursery" />
<cycle-start id="772" type="scavenge" contextid="0" timestamp="2019-06-17T06:59:25.621" intervalms="1.027" />
<gc-start id="773" type="scavenge" contextid="772" timestamp="2019-06-17T06:59:25.621">
  <mem-info id="774" free="4907272" total="8388608" percent="58">
    <mem type="nursery" free="0" total="2097152" percent="0">
      <mem type="allocate" free="0" total="1835008" percent="0" />
      <mem type="survivor" free="0" total="262144" percent="0" />
    </mem>
    <mem type="tenure" free="4907272" total="6291456" percent="77">
      <mem type="soa" free="4592904" total="5977088" percent="76" />
      <mem type="loa" free="314368" total="314368" percent="100" />
    </mem>
    <remembered-set count="56" />
  </mem-info>
</gc-start>
<allocation-stats totalBytes="1685000" >
  <allocated-bytes non-tlh="1147136" tlh="537864" />
  <largest-consumer threadName="main" threadId="0000000001467700" bytes="1685000" />
</allocation-stats>
<gc-op id="775" type="scavenge" timems="0.123" contextid="772" timestamp="2019-06-17T06:59:25.621">
  <scavenger-info tenureage="14" tenuremask="4000" tiltratio="87" />
  <memory-copied type="nursery" objects="2" bytes="52624" bytesdiscarded="39144" />
</gc-op>
<gc-end id="776" type="scavenge" contextid="772" durationms="0.314" usertimems="0.000" systemtimems="0.000" timestamp="2019-06-17T06:59:25.621" activeThreads="4">
  <mem-info id="777" free="6650512" total="8388608" percent="79">
    <mem type="nursery" free="1743240" total="2097152" percent="83">
      <mem type="allocate" free="1743240" total="1835008" percent="94" />
      <mem type="survivor" free="0" total="262144" percent="0" />
    </mem>
    <mem type="tenure" free="4907272" total="6291456" percent="77">
      <mem type="soa" free="4592904" total="5977088" percent="76" />
      <mem type="loa" free="314368" total="314368" percent="100" />
    </mem>
    <remembered-set count="56" />
  </mem-info>
</gc-end>
<cycle-end id="778" type="scavenge" contextid="772" timestamp="2019-06-17T06:59:25.621" />
  <attribute name="elasticGC enabled" value="1" />
  <attribute name= "numThreadsSpecified" value="4" />
  <attribute name="heapSize specified" value="0" />
  <attribute name="Current GC Util" value="33" />
  <attribute name= "Current Time Running" value="770" />
  <attribute name ="GC Interval" value="200" />
  <attribute name="ProportionalT" value="13.000000" />
  <attribute name="ProportionalI" value="13.000000" />
  <attribute name="ProportionalH" value="13.000000" />
  <attribute name="Current Error" value="13.000000" />
  <attribute name="IntegralT" value="13.000000" />
  <attribute name="IntegralI" value="13.000000" />
  <attribute name="IntegralH" value="13.000000" />
  <attribute name="DerivativeT" value="-1.000000" />
  <attribute name="DerivativeI" value="-1.000000" />
  <attribute name="DerivativeH" value="-1.000000" />
  <attribute name="Loop Time for DT" value="1.000000" />
  <attribute name="Output H" value="8388608"/>
  <attribute name="Output I" value="200"/>
  <attribute name="Output T" value="4"/>
  <attribute name="Target GC Util Change" value ="20.000000" />
  <attribute name="Current GC Util Change" value="33.000000"/>
  <attribute name="GC Util currently" value="33" />
  <attribute name="CPU Util currently" value="4480923701852" />
<allocation-satisfied id="779" threadId="0000000001467700" bytesRequested="105184" />
<af-end id="780" timestamp="2019-06-17T06:59:25.622" threadId="0000000001468088" success="true" from="nursery"/>
<exclusive-end id="781" timestamp="2019-06-17T06:59:25.622" durationms="0.775" />

<exclusive-start id="782" timestamp="2019-06-17T06:59:25.622" intervalms="1.014">
  <response-info timems="0.046" idlems="0.046" threads="0" lastid="0000000001467700" lastname="main" />
</exclusive-start>
<af-start id="783" threadId="0000000001468088" totalBytesRequested="53232" timestamp="2019-06-17T06:59:25.622" intervalms="1.015" type="nursery" />
<cycle-start id="784" type="scavenge" contextid="0" timestamp="2019-06-17T06:59:25.622" intervalms="1.018" />
<gc-start id="785" type="scavenge" contextid="784" timestamp="2019-06-17T06:59:25.622">
  <mem-info id="786" free="4907272" total="8388608" percent="58">
    <mem type="nursery" free="0" total="2097152" percent="0">
      <mem type="allocate" free="0" total="1835008" percent="0" />
      <mem type="survivor" free="0" total="262144" percent="0" />
    </mem>
    <mem type="tenure" free="4907272" total="6291456" percent="77">
      <mem type="soa" free="4592904" total="5977088" percent="76" />
      <mem type="loa" free="314368" total="314368" percent="100" />
    </mem>
    <remembered-set count="56" />
  </mem-info>
</gc-start>
<allocation-stats totalBytes="1640208" >
  <allocated-bytes non-tlh="1162408" tlh="477800" />
  <largest-consumer threadName="main" threadId="0000000001467700" bytes="1640208" />
</allocation-stats>
<gc-op id="787" type="scavenge" timems="0.122" contextid="784" timestamp="2019-06-17T06:59:25.622">
  <scavenger-info tenureage="14" tenuremask="4000" tiltratio="87" />
  <memory-copied type="nursery" objects="4" bytes="53312" bytesdiscarded="39088" />
</gc-op>
<gc-end id="788" type="scavenge" contextid="784" durationms="0.314" usertimems="0.000" systemtimems="0.000" timestamp="2019-06-17T06:59:25.622" activeThreads="4">
  <mem-info id="789" free="6649880" total="8388608" percent="79">
    <mem type="nursery" free="1742608" total="2097152" percent="83">
      <mem type="allocate" free="1742608" total="1835008" percent="94" />
      <mem type="survivor" free="0" total="262144" percent="0" />
    </mem>
    <mem type="tenure" free="4907272" total="6291456" percent="77">
      <mem type="soa" free="4592904" total="5977088" percent="76" />
      <mem type="loa" free="314368" total="314368" percent="100" />
    </mem>
    <remembered-set count="56" />
  </mem-info>
</gc-end>
<cycle-end id="790" type="scavenge" contextid="784" timestamp="2019-06-17T06:59:25.622" />
  <attribute name="elasticGC enabled" value="1" />
  <attribute name= "numThreadsSpecified" value="4" />
  <attribute name="heapSize specified" value="0" />
  <attribute name="Current GC Util" value="33" />
  <attribute name= "Current Time Running" value="771" />
  <attribute name ="GC Interval" value="200" />
  <attribute name="ProportionalT" value="13.000000" />
  <attribute name="ProportionalI" value="13.000000" />
  <attribute name="ProportionalH" value="13.000000" />
  <attribute name="Current Error" value="13.000000" />
  <attribute name="IntegralT" value="13.000000" />
  <attribute name="IntegralI" value="13.000000" />
  <attribute name="IntegralH" value="13.000000" />
  <attribute name="DerivativeT" value="0.000000" />
  <attribute name="DerivativeI" value="0.000000" />
  <attribute name="DerivativeH" value="0.000000" />
  <attribute name="Loop Time for DT" value="1.000000" />
  <attribute name="Output H" value="8388608"/>
  <attribute name="Output I" value="200"/>
  <attribute name="Output T" value="4"/>
  <attribute name="Target GC Util Change" value ="20.000000" />
  <attribute name="Current GC Util Change" value="33.000000"/>
  <attribute name="GC Util currently" value="33" />
  <attribute name="CPU Util currently" value="4516248650822" />
<allocation-satisfied id="791" threadId="0000000001467700" bytesRequested="53232" />
<af-end id="792" timestamp="2019-06-17T06:59:25.623" threadId="0000000001468088" success="true" from="nursery"/>
<exclusive-end id="793" timestamp="2019-06-17T06:59:25.623" durationms="0.771" />

<exclusive-start id="794" timestamp="2019-06-17T06:59:25.623" intervalms="1.033">
  <response-info timems="0.031" idlems="0.031" threads="0" lastid="0000000001467700" lastname="main" />
</exclusive-start>
<af-start id="795" threadId="0000000001468088" totalBytesRequested="53856" timestamp="2019-06-17T06:59:25.623" intervalms="1.026" type="nursery" />
<cycle-start id="796" type="scavenge" contextid="0" timestamp="2019-06-17T06:59:25.623" intervalms="1.054" />
<gc-start id="797" type="scavenge" contextid="796" timestamp="2019-06-17T06:59:25.623">
  <mem-info id="798" free="4907272" total="8388608" percent="58">
    <mem type="nursery" free="0" total="2097152" percent="0">
      <mem type="allocate" free="0" total="1835008" percent="0" />
      <mem type="survivor" free="0" total="262144" percent="0" />
    </mem>
    <mem type="tenure" free="4907272" total="6291456" percent="77">
      <mem type="soa" free="4592904" total="5977088" percent="76" />
      <mem type="loa" free="314368" total="314368" percent="100" />
    </mem>
    <remembered-set count="56" />
  </mem-info>
</gc-start>
<allocation-stats totalBytes="1658216" >
  <allocated-bytes non-tlh="1282632" tlh="375584" />
  <largest-consumer threadName="main" threadId="0000000001467700" bytes="1658216" />
</allocation-stats>
<gc-op id="799" type="scavenge" timems="0.120" contextid="796" timestamp="2019-06-17T06:59:25.623">
  <scavenger-info tenureage="14" tenuremask="4000" tiltratio="87" />
  <memory-copied type="nursery" objects="1" bytes="107440" bytesdiscarded="0" />
</gc-op>
<gc-end id="800" type="scavenge" contextid="796" durationms="0.282" usertimems="0.000" systemtimems="0.000" timestamp="2019-06-17T06:59:25.623" activeThreads="4">
  <mem-info id="801" free="6634840" total="8388608" percent="79">
    <mem type="nursery" free="1727568" total="2097152" percent="82">
      <mem type="allocate" free="1727568" total="1835008" percent="94" />
      <mem type="survivor" free="0" total="262144" percent="0" />
    </mem>
    <mem type="tenure" free="4907272" total="6291456" percent="77">
      <mem type="soa" free="4592904" total="5977088" percent="76" />
      <mem type="loa" free="314368" total="314368" percent="100" />
    </mem>
    <remembered-set count="56" />
  </mem-info>
</gc-end>
<cycle-end id="802" type="scavenge" contextid="796" timestamp="2019-06-17T06:59:25.623" />
  <attribute name="elasticGC enabled" value="1" />
  <attribute name= "numThreadsSpecified" value="4" />
  <attribute name="heapSize specified" value="0" />
  <attribute name="Current GC Util" value="33" />
  <attribute name= "Current Time Running" value="773" />
  <attribute name ="GC Interval" value="200" />
  <attribute name="ProportionalT" value="13.000000" />
  <attribute name="ProportionalI" value="13.000000" />
  <attribute name="ProportionalH" value="13.000000" />
  <attribute name="Current Error" value="13.000000" />
  <attribute name="IntegralT" value="26.000000" />
  <attribute name="IntegralI" value="26.000000" />
  <attribute name="IntegralH" value="26.000000" />
  <attribute name="DerivativeT" value="0.000000" />
  <attribute name="DerivativeI" value="0.000000" />
  <attribute name="DerivativeH" value="0.000000" />
  <attribute name="Loop Time for DT" value="2.000000" />
  <attribute name="Output H" value="8388608"/>
  <attribute name="Output I" value="200"/>
  <attribute name="Output T" value="4"/>
  <attribute name="Target GC Util Change" value ="20.000000" />
  <attribute name="Current GC Util Change" value="33.000000"/>
  <attribute name="GC Util currently" value="33" />
  <attribute name="CPU Util currently" value="4519067724293" />
<allocation-satisfied id="803" threadId="0000000001467700" bytesRequested="53856" />
<af-end id="804" timestamp="2019-06-17T06:59:25.624" threadId="0000000001468088" success="true" from="nursery"/>
<exclusive-end id="805" timestamp="2019-06-17T06:59:25.624" durationms="0.796" />

<exclusive-start id="806" timestamp="2019-06-17T06:59:25.624" intervalms="0.993">
  <response-info timems="0.030" idlems="0.030" threads="0" lastid="0000000001467700" lastname="main" />
</exclusive-start>
<af-start id="807" threadId="0000000001468088" totalBytesRequested="108656" timestamp="2019-06-17T06:59:25.624" intervalms="0.990" type="nursery" />
<cycle-start id="808" type="scavenge" contextid="0" timestamp="2019-06-17T06:59:25.624" intervalms="0.952" />
<gc-start id="809" type="scavenge" contextid="808" timestamp="2019-06-17T06:59:25.624">
  <mem-info id="810" free="4947432" total="8388608" percent="58">
    <mem type="nursery" free="40160" total="2097152" percent="1">
      <mem type="allocate" free="40160" total="1835008" percent="2" />
      <mem type="survivor" free="0" total="262144" percent="0" />
    </mem>
    <mem type="tenure" free="4907272" total="6291456" percent="77">
      <mem type="soa" free="4592904" total="5977088" percent="76" />
      <mem type="loa" free="314368" total="314368" percent="100" />
    </mem>
    <remembered-set count="56" />
  </mem-info>
</gc-start>
<allocation-stats totalBytes="1645296" >
  <allocated-bytes non-tlh="1134448" tlh="510848" />
  <largest-consumer threadName="main" threadId="0000000001467700" bytes="1645296" />
</allocation-stats>
<gc-op id="811" type="scavenge" timems="0.092" contextid="808" timestamp="2019-06-17T06:59:25.624">
  <scavenger-info tenureage="14" tenuremask="4000" tiltratio="87" />
  <memory-copied type="nursery" objects="2" bytes="54360" bytesdiscarded="39144" />
</gc-op>
<gc-end id="812" type="scavenge" contextid="808" durationms="0.258" usertimems="0.000" systemtimems="0.000" timestamp="2019-06-17T06:59:25.624" activeThreads="1">
  <mem-info id="813" free="6648776" total="8388608" percent="79">
    <mem type="nursery" free="1741504" total="2097152" percent="83">
      <mem type="allocate" free="1741504" total="1835008" percent="94" />
      <mem type="survivor" free="0" total="262144" percent="0" />
    </mem>
    <mem type="tenure" free="4907272" total="6291456" percent="77">
      <mem type="soa" free="4592904" total="5977088" percent="76" />
      <mem type="loa" free="314368" total="314368" percent="100" />
    </mem>
    <remembered-set count="56" />
  </mem-info>
</gc-end>
<cycle-end id="814" type="scavenge" contextid="808" timestamp="2019-06-17T06:59:25.624" />
  <attribute name="elasticGC enabled" value="1" />
  <attribute name= "numThreadsSpecified" value="1" />
  <attribute name="heapSize specified" value="0" />
  <attribute name="Current GC Util" value="35" />
  <attribute name= "Current Time Running" value="773" />
  <attribute name ="GC Interval" value="200" />
  <attribute name="ProportionalT" value="15.000000" />
  <attribute name="ProportionalI" value="15.000000" />
  <attribute name="ProportionalH" value="15.000000" />
  <attribute name="Current Error" value="15.000000" />
  <attribute name="IntegralT" value="0.000000" />
  <attribute name="IntegralI" value="0.000000" />
  <attribute name="IntegralH" value="0.000000" />
  <attribute name="DerivativeT" value="inf" />
  <attribute name="DerivativeI" value="inf" />
  <attribute name="DerivativeH" value="inf" />
  <attribute name="Loop Time for DT" value="0.000000" />
  <attribute name="Output H" value="8388608"/>
  <attribute name="Output I" value="200"/>
  <attribute name="Output T" value="1"/>
  <attribute name="Target GC Util Change" value ="20.000000" />
  <attribute name="Current GC Util Change" value="35.000000"/>
  <attribute name="GC Util currently" value="35" />
  <attribute name="CPU Util currently" value="4784775262412" />
<allocation-satisfied id="815" threadId="0000000001467700" bytesRequested="108656" />
<af-end id="816" timestamp="2019-06-17T06:59:25.624" threadId="0000000001468088" success="true" from="nursery"/>
<exclusive-end id="817" timestamp="2019-06-17T06:59:25.625" durationms="0.664" />

<exclusive-start id="818" timestamp="2019-06-17T06:59:25.625" intervalms="0.858">
  <response-info timems="0.027" idlems="0.027" threads="0" lastid="0000000001467700" lastname="main" />
</exclusive-start>
<af-start id="819" threadId="0000000001468088" totalBytesRequested="54976" timestamp="2019-06-17T06:59:25.625" intervalms="0.856" type="nursery" />
<cycle-start id="820" type="scavenge" contextid="0" timestamp="2019-06-17T06:59:25.625" intervalms="0.853" />
<gc-start id="821" type="scavenge" contextid="820" timestamp="2019-06-17T06:59:25.625">
  <mem-info id="822" free="4907272" total="8388608" percent="58">
    <mem type="nursery" free="0" total="2097152" percent="0">
      <mem type="allocate" free="0" total="1835008" percent="0" />
      <mem type="survivor" free="0" total="262144" percent="0" />
    </mem>
    <mem type="tenure" free="4907272" total="6291456" percent="77">
      <mem type="soa" free="4592904" total="5977088" percent="76" />
      <mem type="loa" free="314368" total="314368" percent="100" />
    </mem>
    <remembered-set count="56" />
  </mem-info>
</gc-start>
<allocation-stats totalBytes="1695976" >
  <allocated-bytes non-tlh="1256584" tlh="439392" />
  <largest-consumer threadName="main" threadId="0000000001467700" bytes="1695976" />
</allocation-stats>
<gc-op id="823" type="scavenge" timems="0.112" contextid="820" timestamp="2019-06-17T06:59:25.625">
  <scavenger-info tenureage="14" tenuremask="4000" tiltratio="87" />
  <memory-copied type="nursery" objects="4" bytes="55056" bytesdiscarded="39088" />
</gc-op>
<gc-end id="824" type="scavenge" contextid="820" durationms="0.273" usertimems="0.000" systemtimems="0.000" timestamp="2019-06-17T06:59:25.625" activeThreads="4">
  <mem-info id="825" free="6648136" total="8388608" percent="79">
    <mem type="nursery" free="1740864" total="2097152" percent="83">
      <mem type="allocate" free="1740864" total="1835008" percent="94" />
      <mem type="survivor" free="0" total="262144" percent="0" />
    </mem>
    <mem type="tenure" free="4907272" total="6291456" percent="77">
      <mem type="soa" free="4592904" total="5977088" percent="76" />
      <mem type="loa" free="314368" total="314368" percent="100" />
    </mem>
    <remembered-set count="56" />
  </mem-info>
</gc-end>
<cycle-end id="826" type="scavenge" contextid="820" timestamp="2019-06-17T06:59:25.625" />
  <attribute name="elasticGC enabled" value="1" />
  <attribute name= "numThreadsSpecified" value="4" />
  <attribute name="heapSize specified" value="0" />
  <attribute name="Current GC Util" value="34" />
  <attribute name= "Current Time Running" value="774" />
  <attribute name ="GC Interval" value="200" />
  <attribute name="ProportionalT" value="14.000000" />
  <attribute name="ProportionalI" value="14.000000" />
  <attribute name="ProportionalH" value="14.000000" />
  <attribute name="Current Error" value="14.000000" />
  <attribute name="IntegralT" value="14.000000" />
  <attribute name="IntegralI" value="14.000000" />
  <attribute name="IntegralH" value="14.000000" />
  <attribute name="DerivativeT" value="-1.000000" />
  <attribute name="DerivativeI" value="-1.000000" />
  <attribute name="DerivativeH" value="-1.000000" />
  <attribute name="Loop Time for DT" value="1.000000" />
  <attribute name="Output H" value="8388608"/>
  <attribute name="Output I" value="200"/>
  <attribute name="Output T" value="4"/>
  <attribute name="Target GC Util Change" value ="20.000000" />
  <attribute name="Current GC Util Change" value="34.000000"/>
  <attribute name="GC Util currently" value="34" />
  <attribute name="CPU Util currently" value="5423311734986" />
<allocation-satisfied id="827" threadId="0000000001467700" bytesRequested="54976" />
<af-end id="828" timestamp="2019-06-17T06:59:25.625" threadId="0000000001468088" success="true" from="nursery"/>
<exclusive-end id="829" timestamp="2019-06-17T06:59:25.625" durationms="0.665" />

<exclusive-start id="830" timestamp="2019-06-17T06:59:25.626" intervalms="0.854">
  <response-info timems="0.028" idlems="0.028" threads="0" lastid="0000000001467700" lastname="main" />
</exclusive-start>
<af-start id="831" threadId="0000000001468088" totalBytesRequested="111104" timestamp="2019-06-17T06:59:25.626" intervalms="0.857" type="nursery" />
<cycle-start id="832" type="scavenge" contextid="0" timestamp="2019-06-17T06:59:25.626" intervalms="0.859" />
<gc-start id="833" type="scavenge" contextid="832" timestamp="2019-06-17T06:59:25.626">
  <mem-info id="834" free="4927720" total="8388608" percent="58">
    <mem type="nursery" free="20448" total="2097152" percent="0">
      <mem type="allocate" free="20448" total="1835008" percent="1" />
      <mem type="survivor" free="0" total="262144" percent="0" />
    </mem>
    <mem type="tenure" free="4907272" total="6291456" percent="77">
      <mem type="soa" free="4592904" total="5977088" percent="76" />
      <mem type="loa" free="314368" total="314368" percent="100" />
    </mem>
    <remembered-set count="56" />
  </mem-info>
</gc-start>
<allocation-stats totalBytes="1622840" >
  <allocated-bytes non-tlh="1159264" tlh="463576" />
  <largest-consumer threadName="main" threadId="0000000001467700" bytes="1622840" />
</allocation-stats>
<gc-op id="835" type="scavenge" timems="0.138" contextid="832" timestamp="2019-06-17T06:59:25.626">
  <scavenger-info tenureage="14" tenuremask="4000" tiltratio="87" />
  <memory-copied type="nursery" objects="2" bytes="55576" bytesdiscarded="39144" />
</gc-op>
<gc-end id="836" type="scavenge" contextid="832" durationms="0.302" usertimems="0.000" systemtimems="0.000" timestamp="2019-06-17T06:59:25.626" activeThreads="4">
  <mem-info id="837" free="6647560" total="8388608" percent="79">
    <mem type="nursery" free="1740288" total="2097152" percent="82">
      <mem type="allocate" free="1740288" total="1835008" percent="94" />
      <mem type="survivor" free="0" total="262144" percent="0" />
    </mem>
    <mem type="tenure" free="4907272" total="6291456" percent="77">
      <mem type="soa" free="4592904" total="5977088" percent="76" />
      <mem type="loa" free="314368" total="314368" percent="100" />
    </mem>
    <remembered-set count="56" />
  </mem-info>
</gc-end>
<cycle-end id="838" type="scavenge" contextid="832" timestamp="2019-06-17T06:59:25.626" />
  <attribute name="elasticGC enabled" value="1" />
  <attribute name= "numThreadsSpecified" value="4" />
  <attribute name="heapSize specified" value="0" />
  <attribute name="Current GC Util" value="38" />
  <attribute name= "Current Time Running" value="775" />
  <attribute name ="GC Interval" value="200" />
  <attribute name="ProportionalT" value="18.000000" />
  <attribute name="ProportionalI" value="18.000000" />
  <attribute name="ProportionalH" value="18.000000" />
  <attribute name="Current Error" value="18.000000" />
  <attribute name="IntegralT" value="18.000000" />
  <attribute name="IntegralI" value="18.000000" />
  <attribute name="IntegralH" value="18.000000" />
  <attribute name="DerivativeT" value="4.000000" />
  <attribute name="DerivativeI" value="4.000000" />
  <attribute name="DerivativeH" value="4.000000" />
  <attribute name="Loop Time for DT" value="1.000000" />
  <attribute name="Output H" value="8388608"/>
  <attribute name="Output I" value="200"/>
  <attribute name="Output T" value="4"/>
  <attribute name="Target GC Util Change" value ="20.000000" />
  <attribute name="Current GC Util Change" value="38.000000"/>
  <attribute name="GC Util currently" value="38" />
  <attribute name="CPU Util currently" value="5371194388605" />
<allocation-satisfied id="839" threadId="0000000001467700" bytesRequested="111104" />
<af-end id="840" timestamp="2019-06-17T06:59:25.626" threadId="0000000001468088" success="true" from="nursery"/>
<exclusive-end id="841" timestamp="2019-06-17T06:59:25.626" durationms="0.709" />

<exclusive-start id="842" timestamp="2019-06-17T06:59:25.626" intervalms="0.890">
  <response-info timems="0.023" idlems="0.023" threads="0" lastid="0000000001467700" lastname="main" />
</exclusive-start>
<af-start id="843" threadId="0000000001468088" totalBytesRequested="112024" timestamp="2019-06-17T06:59:25.627" intervalms="0.894" type="nursery" />
<cycle-start id="844" type="scavenge" contextid="0" timestamp="2019-06-17T06:59:25.627" intervalms="0.895" />
<gc-start id="845" type="scavenge" contextid="844" timestamp="2019-06-17T06:59:25.627">
  <mem-info id="846" free="4943624" total="8388608" percent="58">
    <mem type="nursery" free="36352" total="2097152" percent="1">
      <mem type="allocate" free="36352" total="1835008" percent="1" />
      <mem type="survivor" free="0" total="262144" percent="0" />
    </mem>
    <mem type="tenure" free="4907272" total="6291456" percent="77">
      <mem type="soa" free="4592904" total="5977088" percent="76" />
      <mem type="loa" free="314368" total="314368" percent="100" />
    </mem>
    <remembered-set count="56" />
  </mem-info>
</gc-start>
<allocation-stats totalBytes="1637512" >
  <allocated-bytes non-tlh="1170544" tlh="466968" />
  <largest-consumer threadName="main" threadId="0000000001467700" bytes="1637512" />
</allocation-stats>
<gc-op id="847" type="scavenge" timems="0.130" contextid="844" timestamp="2019-06-17T06:59:25.627">
  <scavenger-info tenureage="14" tenuremask="4000" tiltratio="87" />
  <memory-copied type="nursery" objects="2" bytes="56040" bytesdiscarded="39144" />
</gc-op>
<gc-end id="848" type="scavenge" contextid="844" durationms="0.295" usertimems="0.000" systemtimems="0.000" timestamp="2019-06-17T06:59:25.627" activeThreads="4">
  <mem-info id="849" free="6647096" total="8388608" percent="79">
    <mem type="nursery" free="1739824" total="2097152" percent="82">
      <mem type="allocate" free="1739824" total="1835008" percent="94" />
      <mem type="survivor" free="0" total="262144" percent="0" />
    </mem>
    <mem type="tenure" free="4907272" total="6291456" percent="77">
      <mem type="soa" free="4592904" total="5977088" percent="76" />
      <mem type="loa" free="314368" total="314368" percent="100" />
    </mem>
    <remembered-set count="56" />
  </mem-info>
</gc-end>
<cycle-end id="850" type="scavenge" contextid="844" timestamp="2019-06-17T06:59:25.627" />
  <attribute name="elasticGC enabled" value="1" />
  <attribute name= "numThreadsSpecified" value="4" />
  <attribute name="heapSize specified" value="0" />
  <attribute name="Current GC Util" value="38" />
  <attribute name= "Current Time Running" value="776" />
  <attribute name ="GC Interval" value="200" />
  <attribute name="ProportionalT" value="18.000000" />
  <attribute name="ProportionalI" value="18.000000" />
  <attribute name="ProportionalH" value="18.000000" />
  <attribute name="Current Error" value="18.000000" />
  <attribute name="IntegralT" value="18.000000" />
  <attribute name="IntegralI" value="18.000000" />
  <attribute name="IntegralH" value="18.000000" />
  <attribute name="DerivativeT" value="0.000000" />
  <attribute name="DerivativeI" value="0.000000" />
  <attribute name="DerivativeH" value="0.000000" />
  <attribute name="Loop Time for DT" value="1.000000" />
  <attribute name="Output H" value="8388608"/>
  <attribute name="Output I" value="200"/>
  <attribute name="Output T" value="4"/>
  <attribute name="Target GC Util Change" value ="20.000000" />
  <attribute name="Current GC Util Change" value="38.000000"/>
  <attribute name="GC Util currently" value="38" />
  <attribute name="CPU Util currently" value="5137596035437" />
<allocation-satisfied id="851" threadId="0000000001467700" bytesRequested="112024" />
<af-end id="852" timestamp="2019-06-17T06:59:25.627" threadId="0000000001468088" success="true" from="nursery"/>
<exclusive-end id="853" timestamp="2019-06-17T06:59:25.627" durationms="0.914" />

<exclusive-start id="854" timestamp="2019-06-17T06:59:25.628" intervalms="1.169">
  <response-info timems="0.022" idlems="0.022" threads="0" lastid="0000000001467700" lastname="main" />
</exclusive-start>
<af-start id="855" threadId="0000000001468088" totalBytesRequested="56592" timestamp="2019-06-17T06:59:25.628" intervalms="1.167" type="nursery" />
<cycle-start id="856" type="scavenge" contextid="0" timestamp="2019-06-17T06:59:25.628" intervalms="1.167" />
<gc-start id="857" type="scavenge" contextid="856" timestamp="2019-06-17T06:59:25.628">
  <mem-info id="858" free="4907272" total="8388608" percent="58">
    <mem type="nursery" free="0" total="2097152" percent="0">
      <mem type="allocate" free="0" total="1835008" percent="0" />
      <mem type="survivor" free="0" total="262144" percent="0" />
    </mem>
    <mem type="tenure" free="4907272" total="6291456" percent="77">
      <mem type="soa" free="4592904" total="5977088" percent="76" />
      <mem type="loa" free="314368" total="314368" percent="100" />
    </mem>
    <remembered-set count="56" />
  </mem-info>
</gc-start>
<allocation-stats totalBytes="1690336" >
  <allocated-bytes non-tlh="1294656" tlh="395680" />
  <largest-consumer threadName="main" threadId="0000000001467700" bytes="1690336" />
</allocation-stats>
<gc-op id="859" type="scavenge" timems="0.117" contextid="856" timestamp="2019-06-17T06:59:25.628">
  <scavenger-info tenureage="14" tenuremask="4000" tiltratio="87" />
  <memory-copied type="nursery" objects="1" bytes="113176" bytesdiscarded="0" />
</gc-op>
<gc-end id="860" type="scavenge" contextid="856" durationms="0.284" usertimems="0.000" systemtimems="0.000" timestamp="2019-06-17T06:59:25.628" activeThreads="4">
  <mem-info id="861" free="6629104" total="8388608" percent="79">
    <mem type="nursery" free="1721832" total="2097152" percent="82">
      <mem type="allocate" free="1721832" total="1835008" percent="93" />
      <mem type="survivor" free="0" total="262144" percent="0" />
    </mem>
    <mem type="tenure" free="4907272" total="6291456" percent="77">
      <mem type="soa" free="4592904" total="5977088" percent="76" />
      <mem type="loa" free="314368" total="314368" percent="100" />
    </mem>
    <remembered-set count="56" />
  </mem-info>
</gc-end>
<cycle-end id="862" type="scavenge" contextid="856" timestamp="2019-06-17T06:59:25.628" />
  <attribute name="elasticGC enabled" value="1" />
  <attribute name= "numThreadsSpecified" value="4" />
  <attribute name="heapSize specified" value="0" />
  <attribute name="Current GC Util" value="29" />
  <attribute name= "Current Time Running" value="777" />
  <attribute name ="GC Interval" value="200" />
  <attribute name="ProportionalT" value="9.000000" />
  <attribute name="ProportionalI" value="9.000000" />
  <attribute name="ProportionalH" value="9.000000" />
  <attribute name="Current Error" value="9.000000" />
  <attribute name="IntegralT" value="9.000000" />
  <attribute name="IntegralI" value="9.000000" />
  <attribute name="IntegralH" value="9.000000" />
  <attribute name="DerivativeT" value="-9.000000" />
  <attribute name="DerivativeI" value="-9.000000" />
  <attribute name="DerivativeH" value="-9.000000" />
  <attribute name="Loop Time for DT" value="1.000000" />
  <attribute name="Output H" value="8388608"/>
  <attribute name="Output I" value="200"/>
  <attribute name="Output T" value="4"/>
  <attribute name="Target GC Util Change" value ="20.000000" />
  <attribute name="Current GC Util Change" value="29.000000"/>
  <attribute name="GC Util currently" value="29" />
  <attribute name="CPU Util currently" value="3946573869806" />
<allocation-satisfied id="863" threadId="0000000001467700" bytesRequested="56592" />
<af-end id="864" timestamp="2019-06-17T06:59:25.628" threadId="0000000001468088" success="true" from="nursery"/>
<exclusive-end id="865" timestamp="2019-06-17T06:59:25.628" durationms="0.696" />

<exclusive-start id="866" timestamp="2019-06-17T06:59:25.628" intervalms="0.885">
  <response-info timems="0.023" idlems="0.023" threads="0" lastid="0000000001467700" lastname="main" />
</exclusive-start>
<af-start id="867" threadId="0000000001468088" totalBytesRequested="57128" timestamp="2019-06-17T06:59:25.629" intervalms="0.887" type="nursery" />
<cycle-start id="868" type="scavenge" contextid="0" timestamp="2019-06-17T06:59:25.629" intervalms="0.887" />
<gc-start id="869" type="scavenge" contextid="868" timestamp="2019-06-17T06:59:25.629">
  <mem-info id="870" free="4907272" total="8388608" percent="58">
    <mem type="nursery" free="0" total="2097152" percent="0">
      <mem type="allocate" free="0" total="1835008" percent="0" />
      <mem type="survivor" free="0" total="262144" percent="0" />
    </mem>
    <mem type="tenure" free="4907272" total="6291456" percent="77">
      <mem type="soa" free="4592904" total="5977088" percent="76" />
      <mem type="loa" free="314368" total="314368" percent="100" />
    </mem>
    <remembered-set count="56" />
  </mem-info>
</gc-start>
<allocation-stats totalBytes="1683888" >
  <allocated-bytes non-tlh="1249704" tlh="434184" />
  <largest-consumer threadName="main" threadId="0000000001467700" bytes="1683888" />
</allocation-stats>
<gc-op id="871" type="scavenge" timems="0.138" contextid="868" timestamp="2019-06-17T06:59:25.629">
  <scavenger-info tenureage="14" tenuremask="4000" tiltratio="87" />
  <memory-copied type="nursery" objects="4" bytes="57208" bytesdiscarded="39088" />
</gc-op>
<gc-end id="872" type="scavenge" contextid="868" durationms="0.303" usertimems="0.000" systemtimems="0.000" timestamp="2019-06-17T06:59:25.629" activeThreads="4">
  <mem-info id="873" free="6645984" total="8388608" percent="79">
    <mem type="nursery" free="1738712" total="2097152" percent="82">
      <mem type="allocate" free="1738712" total="1835008" percent="94" />
      <mem type="survivor" free="0" total="262144" percent="0" />
    </mem>
    <mem type="tenure" free="4907272" total="6291456" percent="77">
      <mem type="soa" free="4592904" total="5977088" percent="76" />
      <mem type="loa" free="314368" total="314368" percent="100" />
    </mem>
    <remembered-set count="56" />
  </mem-info>
</gc-end>
<cycle-end id="874" type="scavenge" contextid="868" timestamp="2019-06-17T06:59:25.629" />
  <attribute name="elasticGC enabled" value="1" />
  <attribute name= "numThreadsSpecified" value="4" />
  <attribute name="heapSize specified" value="0" />
  <attribute name="Current GC Util" value="37" />
  <attribute name= "Current Time Running" value="778" />
  <attribute name ="GC Interval" value="200" />
  <attribute name="ProportionalT" value="17.000000" />
  <attribute name="ProportionalI" value="17.000000" />
  <attribute name="ProportionalH" value="17.000000" />
  <attribute name="Current Error" value="17.000000" />
  <attribute name="IntegralT" value="17.000000" />
  <attribute name="IntegralI" value="17.000000" />
  <attribute name="IntegralH" value="17.000000" />
  <attribute name="DerivativeT" value="8.000000" />
  <attribute name="DerivativeI" value="8.000000" />
  <attribute name="DerivativeH" value="8.000000" />
  <attribute name="Loop Time for DT" value="1.000000" />
  <attribute name="Output H" value="8388608"/>
  <attribute name="Output I" value="200"/>
  <attribute name="Output T" value="4"/>
  <attribute name="Target GC Util Change" value ="20.000000" />
  <attribute name="Current GC Util Change" value="37.000000"/>
  <attribute name="GC Util currently" value="37" />
  <attribute name="CPU Util currently" value="5214963415030" />
<allocation-satisfied id="875" threadId="0000000001467700" bytesRequested="57128" />
<af-end id="876" timestamp="2019-06-17T06:59:25.629" threadId="0000000001468088" success="true" from="nursery"/>
<exclusive-end id="877" timestamp="2019-06-17T06:59:25.629" durationms="0.721" />

<exclusive-start id="878" timestamp="2019-06-17T06:59:25.629" intervalms="0.915">
  <response-info timems="0.027" idlems="0.027" threads="0" lastid="0000000001467700" lastname="main" />
</exclusive-start>
<af-start id="879" threadId="0000000001468088" totalBytesRequested="115072" timestamp="2019-06-17T06:59:25.629" intervalms="0.912" type="nursery" />
<cycle-start id="880" type="scavenge" contextid="0" timestamp="2019-06-17T06:59:25.630" intervalms="0.909" />
<gc-start id="881" type="scavenge" contextid="880" timestamp="2019-06-17T06:59:25.630">
  <mem-info id="882" free="4935120" total="8388608" percent="58">
    <mem type="nursery" free="27848" total="2097152" percent="1">
      <mem type="allocate" free="27848" total="1835008" percent="1" />
      <mem type="survivor" free="0" total="262144" percent="0" />
    </mem>
    <mem type="tenure" free="4907272" total="6291456" percent="77">
      <mem type="soa" free="4592904" total="5977088" percent="76" />
      <mem type="loa" free="314368" total="314368" percent="100" />
    </mem>
    <remembered-set count="56" />
  </mem-info>
</gc-start>
<allocation-stats totalBytes="1678840" >
  <allocated-bytes non-tlh="1260304" tlh="418536" />
  <largest-consumer threadName="main" threadId="0000000001467700" bytes="1678840" />
</allocation-stats>
<gc-op id="883" type="scavenge" timems="0.113" contextid="880" timestamp="2019-06-17T06:59:25.630">
  <scavenger-info tenureage="14" tenuremask="4000" tiltratio="87" />
  <memory-copied type="nursery" objects="2" bytes="57568" bytesdiscarded="39144" />
</gc-op>
<gc-end id="884" type="scavenge" contextid="880" durationms="0.279" usertimems="0.000" systemtimems="0.000" timestamp="2019-06-17T06:59:25.630" activeThreads="4">
  <mem-info id="885" free="6645568" total="8388608" percent="79">
    <mem type="nursery" free="1738296" total="2097152" percent="82">
      <mem type="allocate" free="1738296" total="1835008" percent="94" />
      <mem type="survivor" free="0" total="262144" percent="0" />
    </mem>
    <mem type="tenure" free="4907272" total="6291456" percent="77">
      <mem type="soa" free="4592904" total="5977088" percent="76" />
      <mem type="loa" free="314368" total="314368" percent="100" />
    </mem>
    <remembered-set count="56" />
  </mem-info>
</gc-end>
<cycle-end id="886" type="scavenge" contextid="880" timestamp="2019-06-17T06:59:25.630" />
  <attribute name="elasticGC enabled" value="1" />
  <attribute name= "numThreadsSpecified" value="4" />
  <attribute name="heapSize specified" value="0" />
  <attribute name="Current GC Util" value="37" />
  <attribute name= "Current Time Running" value="779" />
  <attribute name ="GC Interval" value="200" />
  <attribute name="ProportionalT" value="17.000000" />
  <attribute name="ProportionalI" value="17.000000" />
  <attribute name="ProportionalH" value="17.000000" />
  <attribute name="Current Error" value="17.000000" />
  <attribute name="IntegralT" value="17.000000" />
  <attribute name="IntegralI" value="17.000000" />
  <attribute name="IntegralH" value="17.000000" />
  <attribute name="DerivativeT" value="0.000000" />
  <attribute name="DerivativeI" value="0.000000" />
  <attribute name="DerivativeH" value="0.000000" />
  <attribute name="Loop Time for DT" value="1.000000" />
  <attribute name="Output H" value="8388608"/>
  <attribute name="Output I" value="200"/>
  <attribute name="Output T" value="4"/>
  <attribute name="Target GC Util Change" value ="20.000000" />
  <attribute name="Current GC Util Change" value="37.000000"/>
  <attribute name="GC Util currently" value="37" />
  <attribute name="CPU Util currently" value="5104353071337" />
<allocation-satisfied id="887" threadId="0000000001467700" bytesRequested="115072" />
<af-end id="888" timestamp="2019-06-17T06:59:25.630" threadId="0000000001468088" success="true" from="nursery"/>
<exclusive-end id="889" timestamp="2019-06-17T06:59:25.630" durationms="0.687" />

<exclusive-start id="890" timestamp="2019-06-17T06:59:25.630" intervalms="0.875">
  <response-info timems="0.027" idlems="0.027" threads="0" lastid="0000000001467700" lastname="main" />
</exclusive-start>
<af-start id="891" threadId="0000000001468088" totalBytesRequested="116040" timestamp="2019-06-17T06:59:25.630" intervalms="0.873" type="nursery" />
<cycle-start id="892" type="scavenge" contextid="0" timestamp="2019-06-17T06:59:25.630" intervalms="0.873" />
<gc-start id="893" type="scavenge" contextid="892" timestamp="2019-06-17T06:59:25.630">
  <mem-info id="894" free="4956848" total="8388608" percent="59">
    <mem type="nursery" free="49576" total="2097152" percent="2">
      <mem type="allocate" free="49576" total="1835008" percent="2" />
      <mem type="survivor" free="0" total="262144" percent="0" />
    </mem>
    <mem type="tenure" free="4907272" total="6291456" percent="77">
      <mem type="soa" free="4592904" total="5977088" percent="76" />
      <mem type="loa" free="314368" total="314368" percent="100" />
    </mem>
    <remembered-set count="56" />
  </mem-info>
</gc-start>
<allocation-stats totalBytes="1663376" >
  <allocated-bytes non-tlh="1270984" tlh="392392" />
  <largest-consumer threadName="main" threadId="0000000001467700" bytes="1663376" />
</allocation-stats>
<gc-op id="895" type="scavenge" timems="0.138" contextid="892" timestamp="2019-06-17T06:59:25.631">
  <scavenger-info tenureage="14" tenuremask="4000" tiltratio="87" />
  <memory-copied type="nursery" objects="2" bytes="58048" bytesdiscarded="39144" />
</gc-op>
<gc-end id="896" type="scavenge" contextid="892" durationms="0.307" usertimems="0.000" systemtimems="0.000" timestamp="2019-06-17T06:59:25.631" activeThreads="4">
  <mem-info id="897" free="6645088" total="8388608" percent="79">
    <mem type="nursery" free="1737816" total="2097152" percent="82">
      <mem type="allocate" free="1737816" total="1835008" percent="94" />
      <mem type="survivor" free="0" total="262144" percent="0" />
    </mem>
    <mem type="tenure" free="4907272" total="6291456" percent="77">
      <mem type="soa" free="4592904" total="5977088" percent="76" />
      <mem type="loa" free="314368" total="314368" percent="100" />
    </mem>
    <remembered-set count="56" />
  </mem-info>
</gc-end>
<cycle-end id="898" type="scavenge" contextid="892" timestamp="2019-06-17T06:59:25.631" />
  <attribute name="elasticGC enabled" value="1" />
  <attribute name= "numThreadsSpecified" value="4" />
  <attribute name="heapSize specified" value="0" />
  <attribute name="Current GC Util" value="38" />
  <attribute name= "Current Time Running" value="780" />
  <attribute name ="GC Interval" value="200" />
  <attribute name="ProportionalT" value="18.000000" />
  <attribute name="ProportionalI" value="18.000000" />
  <attribute name="ProportionalH" value="18.000000" />
  <attribute name="Current Error" value="18.000000" />
  <attribute name="IntegralT" value="18.000000" />
  <attribute name="IntegralI" value="18.000000" />
  <attribute name="IntegralH" value="18.000000" />
  <attribute name="DerivativeT" value="1.000000" />
  <attribute name="DerivativeI" value="1.000000" />
  <attribute name="DerivativeH" value="1.000000" />
  <attribute name="Loop Time for DT" value="1.000000" />
  <attribute name="Output H" value="8388608"/>
  <attribute name="Output I" value="200"/>
  <attribute name="Output T" value="4"/>
  <attribute name="Target GC Util Change" value ="20.000000" />
  <attribute name="Current GC Util Change" value="38.000000"/>
  <attribute name="GC Util currently" value="38" />
  <attribute name="CPU Util currently" value="5280177625311" />
<allocation-satisfied id="899" threadId="0000000001467700" bytesRequested="116040" />
<af-end id="900" timestamp="2019-06-17T06:59:25.631" threadId="0000000001468088" success="true" from="nursery"/>
<exclusive-end id="901" timestamp="2019-06-17T06:59:25.631" durationms="0.782" />

<exclusive-start id="902" timestamp="2019-06-17T06:59:25.631" intervalms="0.971">
  <response-info timems="0.024" idlems="0.024" threads="0" lastid="0000000001467700" lastname="main" />
</exclusive-start>
<af-start id="903" threadId="0000000001468088" totalBytesRequested="116736" timestamp="2019-06-17T06:59:25.631" intervalms="0.977" type="nursery" />
<cycle-start id="904" type="scavenge" contextid="0" timestamp="2019-06-17T06:59:25.631" intervalms="1.018" />
<gc-start id="905" type="scavenge" contextid="904" timestamp="2019-06-17T06:59:25.631">
  <mem-info id="906" free="4918944" total="8388608" percent="58">
    <mem type="nursery" free="11672" total="2097152" percent="0">
      <mem type="allocate" free="11672" total="1835008" percent="0" />
      <mem type="survivor" free="0" total="262144" percent="0" />
    </mem>
    <mem type="tenure" free="4907272" total="6291456" percent="77">
      <mem type="soa" free="4592904" total="5977088" percent="76" />
      <mem type="loa" free="314368" total="314368" percent="100" />
    </mem>
    <remembered-set count="56" />
  </mem-info>
</gc-start>
<allocation-stats totalBytes="1702712" >
  <allocated-bytes non-tlh="1279680" tlh="423032" />
  <largest-consumer threadName="main" threadId="0000000001467700" bytes="1702712" />
</allocation-stats>
<gc-op id="907" type="scavenge" timems="0.124" contextid="904" timestamp="2019-06-17T06:59:25.632">
  <scavenger-info tenureage="14" tenuremask="4000" tiltratio="87" />
  <memory-copied type="nursery" objects="2" bytes="58400" bytesdiscarded="39144" />
</gc-op>
<gc-end id="908" type="scavenge" contextid="904" durationms="0.277" usertimems="0.000" systemtimems="0.000" timestamp="2019-06-17T06:59:25.632" activeThreads="4">
  <mem-info id="909" free="6644736" total="8388608" percent="79">
    <mem type="nursery" free="1737464" total="2097152" percent="82">
      <mem type="allocate" free="1737464" total="1835008" percent="94" />
      <mem type="survivor" free="0" total="262144" percent="0" />
    </mem>
    <mem type="tenure" free="4907272" total="6291456" percent="77">
      <mem type="soa" free="4592904" total="5977088" percent="76" />
      <mem type="loa" free="314368" total="314368" percent="100" />
    </mem>
    <remembered-set count="56" />
  </mem-info>
</gc-end>
<cycle-end id="910" type="scavenge" contextid="904" timestamp="2019-06-17T06:59:25.632" />
  <attribute name="elasticGC enabled" value="1" />
  <attribute name= "numThreadsSpecified" value="4" />
  <attribute name="heapSize specified" value="0" />
  <attribute name="Current GC Util" value="34" />
  <attribute name= "Current Time Running" value="781" />
  <attribute name ="GC Interval" value="200" />
  <attribute name="ProportionalT" value="14.000000" />
  <attribute name="ProportionalI" value="14.000000" />
  <attribute name="ProportionalH" value="14.000000" />
  <attribute name="Current Error" value="14.000000" />
  <attribute name="IntegralT" value="14.000000" />
  <attribute name="IntegralI" value="14.000000" />
  <attribute name="IntegralH" value="14.000000" />
  <attribute name="DerivativeT" value="-4.000000" />
  <attribute name="DerivativeI" value="-4.000000" />
  <attribute name="DerivativeH" value="-4.000000" />
  <attribute name="Loop Time for DT" value="1.000000" />
  <attribute name="Output H" value="8388608"/>
  <attribute name="Output I" value="200"/>
  <attribute name="Output T" value="4"/>
  <attribute name="Target GC Util Change" value ="20.000000" />
  <attribute name="Current GC Util Change" value="34.000000"/>
  <attribute name="GC Util currently" value="34" />
  <attribute name="CPU Util currently" value="4557155099309" />
<allocation-satisfied id="911" threadId="0000000001467700" bytesRequested="116736" />
<af-end id="912" timestamp="2019-06-17T06:59:25.632" threadId="0000000001468088" success="true" from="nursery"/>
<exclusive-end id="913" timestamp="2019-06-17T06:59:25.632" durationms="0.729" />

<exclusive-start id="914" timestamp="2019-06-17T06:59:25.632" intervalms="0.916">
  <response-info timems="0.027" idlems="0.027" threads="0" lastid="0000000001467700" lastname="main" />
</exclusive-start>
<af-start id="915" threadId="0000000001468088" totalBytesRequested="117608" timestamp="2019-06-17T06:59:25.632" intervalms="0.911" type="nursery" />
<cycle-start id="916" type="scavenge" contextid="0" timestamp="2019-06-17T06:59:25.632" intervalms="0.870" />
<gc-start id="917" type="scavenge" contextid="916" timestamp="2019-06-17T06:59:25.632">
  <mem-info id="918" free="4954520" total="8388608" percent="59">
    <mem type="nursery" free="47248" total="2097152" percent="2">
      <mem type="allocate" free="47248" total="1835008" percent="2" />
      <mem type="survivor" free="0" total="262144" percent="0" />
    </mem>
    <mem type="tenure" free="4907272" total="6291456" percent="77">
      <mem type="soa" free="4592904" total="5977088" percent="76" />
      <mem type="loa" free="314368" total="314368" percent="100" />
    </mem>
    <remembered-set count="56" />
  </mem-info>
</gc-start>
<allocation-stats totalBytes="1668696" >
  <allocated-bytes non-tlh="1287968" tlh="380728" />
  <largest-consumer threadName="main" threadId="0000000001467700" bytes="1668696" />
</allocation-stats>
<gc-op id="919" type="scavenge" timems="0.139" contextid="916" timestamp="2019-06-17T06:59:25.633">
  <scavenger-info tenureage="14" tenuremask="4000" tiltratio="87" />
  <memory-copied type="nursery" objects="2" bytes="58832" bytesdiscarded="39144" />
</gc-op>
<gc-end id="920" type="scavenge" contextid="916" durationms="0.311" usertimems="0.000" systemtimems="0.000" timestamp="2019-06-17T06:59:25.633" activeThreads="4">
  <mem-info id="921" free="6644304" total="8388608" percent="79">
    <mem type="nursery" free="1737032" total="2097152" percent="82">
      <mem type="allocate" free="1737032" total="1835008" percent="94" />
      <mem type="survivor" free="0" total="262144" percent="0" />
    </mem>
    <mem type="tenure" free="4907272" total="6291456" percent="77">
      <mem type="soa" free="4592904" total="5977088" percent="76" />
      <mem type="loa" free="314368" total="314368" percent="100" />
    </mem>
    <remembered-set count="56" />
  </mem-info>
</gc-end>
<cycle-end id="922" type="scavenge" contextid="916" timestamp="2019-06-17T06:59:25.633" />
  <attribute name="elasticGC enabled" value="1" />
  <attribute name= "numThreadsSpecified" value="4" />
  <attribute name="heapSize specified" value="0" />
  <attribute name="Current GC Util" value="41" />
  <attribute name= "Current Time Running" value="782" />
  <attribute name ="GC Interval" value="200" />
  <attribute name="ProportionalT" value="21.000000" />
  <attribute name="ProportionalI" value="21.000000" />
  <attribute name="ProportionalH" value="21.000000" />
  <attribute name="Current Error" value="21.000000" />
  <attribute name="IntegralT" value="21.000000" />
  <attribute name="IntegralI" value="21.000000" />
  <attribute name="IntegralH" value="21.000000" />
  <attribute name="DerivativeT" value="7.000000" />
  <attribute name="DerivativeI" value="7.000000" />
  <attribute name="DerivativeH" value="7.000000" />
  <attribute name="Loop Time for DT" value="1.000000" />
  <attribute name="Output H" value="8388608"/>
  <attribute name="Output I" value="200"/>
  <attribute name="Output T" value="4"/>
  <attribute name="Target GC Util Change" value ="20.000000" />
  <attribute name="Current GC Util Change" value="41.000000"/>
  <attribute name="GC Util currently" value="41" />
  <attribute name="CPU Util currently" value="5248036708281" />
<allocation-satisfied id="923" threadId="0000000001467700" bytesRequested="117608" />
<af-end id="924" timestamp="2019-06-17T06:59:25.633" threadId="0000000001468088" success="true" from="nursery"/>
<exclusive-end id="925" timestamp="2019-06-17T06:59:25.633" durationms="0.717" />

<exclusive-start id="926" timestamp="2019-06-17T06:59:25.633" intervalms="0.903">
  <response-info timems="0.023" idlems="0.023" threads="0" lastid="0000000001467700" lastname="main" />
</exclusive-start>
<af-start id="927" threadId="0000000001468088" totalBytesRequested="118328" timestamp="2019-06-17T06:59:25.633" intervalms="0.908" type="nursery" />
<cycle-start id="928" type="scavenge" contextid="0" timestamp="2019-06-17T06:59:25.633" intervalms="0.912" />
<gc-start id="929" type="scavenge" contextid="928" timestamp="2019-06-17T06:59:25.633">
  <mem-info id="930" free="4907272" total="8388608" percent="58">
    <mem type="nursery" free="0" total="2097152" percent="0">
      <mem type="allocate" free="0" total="1835008" percent="0" />
      <mem type="survivor" free="0" total="262144" percent="0" />
    </mem>
    <mem type="tenure" free="4907272" total="6291456" percent="77">
      <mem type="soa" free="4592904" total="5977088" percent="76" />
      <mem type="loa" free="314368" total="314368" percent="100" />
    </mem>
    <remembered-set count="56" />
  </mem-info>
</gc-start>
<allocation-stats totalBytes="1717568" >
  <allocated-bytes non-tlh="1297160" tlh="420408" />
  <largest-consumer threadName="main" threadId="0000000001467700" bytes="1717568" />
</allocation-stats>
<gc-op id="931" type="scavenge" timems="0.136" contextid="928" timestamp="2019-06-17T06:59:25.633">
  <scavenger-info tenureage="14" tenuremask="4000" tiltratio="87" />
  <memory-copied type="nursery" objects="2" bytes="59192" bytesdiscarded="39144" />
</gc-op>
<gc-end id="932" type="scavenge" contextid="928" durationms="0.300" usertimems="0.000" systemtimems="0.000" timestamp="2019-06-17T06:59:25.634" activeThreads="4">
  <mem-info id="933" free="6643944" total="8388608" percent="79">
    <mem type="nursery" free="1736672" total="2097152" percent="82">
      <mem type="allocate" free="1736672" total="1835008" percent="94" />
      <mem type="survivor" free="0" total="262144" percent="0" />
    </mem>
    <mem type="tenure" free="4907272" total="6291456" percent="77">
      <mem type="soa" free="4592904" total="5977088" percent="76" />
      <mem type="loa" free="314368" total="314368" percent="100" />
    </mem>
    <remembered-set count="56" />
  </mem-info>
</gc-end>
<cycle-end id="934" type="scavenge" contextid="928" timestamp="2019-06-17T06:59:25.634" />
  <attribute name="elasticGC enabled" value="1" />
  <attribute name= "numThreadsSpecified" value="4" />
  <attribute name="heapSize specified" value="0" />
  <attribute name="Current GC Util" value="37" />
  <attribute name= "Current Time Running" value="783" />
  <attribute name ="GC Interval" value="200" />
  <attribute name="ProportionalT" value="17.000000" />
  <attribute name="ProportionalI" value="17.000000" />
  <attribute name="ProportionalH" value="17.000000" />
  <attribute name="Current Error" value="17.000000" />
  <attribute name="IntegralT" value="17.000000" />
  <attribute name="IntegralI" value="17.000000" />
  <attribute name="IntegralH" value="17.000000" />
  <attribute name="DerivativeT" value="-4.000000" />
  <attribute name="DerivativeI" value="-4.000000" />
  <attribute name="DerivativeH" value="-4.000000" />
  <attribute name="Loop Time for DT" value="1.000000" />
  <attribute name="Output H" value="8388608"/>
  <attribute name="Output I" value="200"/>
  <attribute name="Output T" value="4"/>
  <attribute name="Target GC Util Change" value ="20.000000" />
  <attribute name="Current GC Util Change" value="37.000000"/>
  <attribute name="GC Util currently" value="37" />
  <attribute name="CPU Util currently" value="5076970010821" />
<allocation-satisfied id="935" threadId="0000000001467700" bytesRequested="118328" />
<af-end id="936" timestamp="2019-06-17T06:59:25.634" threadId="0000000001468088" success="true" from="nursery"/>
<exclusive-end id="937" timestamp="2019-06-17T06:59:25.634" durationms="0.715" />

<exclusive-start id="938" timestamp="2019-06-17T06:59:25.634" intervalms="0.898">
  <response-info timems="0.024" idlems="0.024" threads="0" lastid="0000000001467700" lastname="main" />
</exclusive-start>
<af-start id="939" threadId="0000000001468088" totalBytesRequested="119344" timestamp="2019-06-17T06:59:25.634" intervalms="0.895" type="nursery" />
<cycle-start id="940" type="scavenge" contextid="0" timestamp="2019-06-17T06:59:25.634" intervalms="0.894" />
<gc-start id="941" type="scavenge" contextid="940" timestamp="2019-06-17T06:59:25.634">
  <mem-info id="942" free="4907272" total="8388608" percent="58">
    <mem type="nursery" free="0" total="2097152" percent="0">
      <mem type="allocate" free="0" total="1835008" percent="0" />
      <mem type="survivor" free="0" total="262144" percent="0" />
    </mem>
    <mem type="tenure" free="4907272" total="6291456" percent="77">
      <mem type="soa" free="4592904" total="5977088" percent="76" />
      <mem type="loa" free="314368" total="314368" percent="100" />
    </mem>
    <remembered-set count="56" />
  </mem-info>
</gc-start>
<allocation-stats totalBytes="1708152" >
  <allocated-bytes non-tlh="1425120" tlh="283032" />
  <largest-consumer threadName="main" threadId="0000000001467700" bytes="1708152" />
</allocation-stats>
<gc-op id="943" type="scavenge" timems="0.137" contextid="940" timestamp="2019-06-17T06:59:25.634">
  <scavenger-info tenureage="14" tenuremask="4000" tiltratio="87" />
  <memory-copied type="nursery" objects="2" bytes="59696" bytesdiscarded="39144" />
</gc-op>
<gc-end id="944" type="scavenge" contextid="940" durationms="0.302" usertimems="0.000" systemtimems="0.000" timestamp="2019-06-17T06:59:25.634" activeThreads="4">
  <mem-info id="945" free="6643440" total="8388608" percent="79">
    <mem type="nursery" free="1736168" total="2097152" percent="82">
      <mem type="allocate" free="1736168" total="1835008" percent="94" />
      <mem type="survivor" free="0" total="262144" percent="0" />
    </mem>
    <mem type="tenure" free="4907272" total="6291456" percent="77">
      <mem type="soa" free="4592904" total="5977088" percent="76" />
      <mem type="loa" free="314368" total="314368" percent="100" />
    </mem>
    <remembered-set count="56" />
  </mem-info>
</gc-end>
<cycle-end id="946" type="scavenge" contextid="940" timestamp="2019-06-17T06:59:25.635" />
  <attribute name="elasticGC enabled" value="1" />
  <attribute name= "numThreadsSpecified" value="4" />
  <attribute name="heapSize specified" value="0" />
  <attribute name="Current GC Util" value="37" />
  <attribute name= "Current Time Running" value="784" />
  <attribute name ="GC Interval" value="200" />
  <attribute name="ProportionalT" value="17.000000" />
  <attribute name="ProportionalI" value="17.000000" />
  <attribute name="ProportionalH" value="17.000000" />
  <attribute name="Current Error" value="17.000000" />
  <attribute name="IntegralT" value="17.000000" />
  <attribute name="IntegralI" value="17.000000" />
  <attribute name="IntegralH" value="17.000000" />
  <attribute name="DerivativeT" value="0.000000" />
  <attribute name="DerivativeI" value="0.000000" />
  <attribute name="DerivativeH" value="0.000000" />
  <attribute name="Loop Time for DT" value="1.000000" />
  <attribute name="Output H" value="8388608"/>
  <attribute name="Output I" value="200"/>
  <attribute name="Output T" value="4"/>
  <attribute name="Target GC Util Change" value ="20.000000" />
  <attribute name="Current GC Util Change" value="37.000000"/>
  <attribute name="GC Util currently" value="37" />
  <attribute name="CPU Util currently" value="5129863821543" />
<allocation-satisfied id="947" threadId="0000000001467700" bytesRequested="119344" />
<af-end id="948" timestamp="2019-06-17T06:59:25.635" threadId="0000000001468088" success="true" from="nursery"/>
<exclusive-end id="949" timestamp="2019-06-17T06:59:25.635" durationms="0.714" />

<exclusive-start id="950" timestamp="2019-06-17T06:59:25.635" intervalms="0.916">
  <response-info timems="0.029" idlems="0.029" threads="0" lastid="0000000001467700" lastname="main" />
</exclusive-start>
<af-start id="951" threadId="0000000001468088" totalBytesRequested="120208" timestamp="2019-06-17T06:59:25.635" intervalms="0.919" type="nursery" />
<cycle-start id="952" type="scavenge" contextid="0" timestamp="2019-06-17T06:59:25.635" intervalms="0.955" />
<gc-start id="953" type="scavenge" contextid="952" timestamp="2019-06-17T06:59:25.635">
  <mem-info id="954" free="4938944" total="8388608" percent="58">
    <mem type="nursery" free="31672" total="2097152" percent="1">
      <mem type="allocate" free="31672" total="1835008" percent="1" />
      <mem type="survivor" free="0" total="262144" percent="0" />
    </mem>
    <mem type="tenure" free="4907272" total="6291456" percent="77">
      <mem type="soa" free="4592904" total="5977088" percent="76" />
      <mem type="loa" free="314368" total="314368" percent="100" />
    </mem>
    <remembered-set count="56" />
  </mem-info>
</gc-start>
<allocation-stats totalBytes="1688256" >
  <allocated-bytes non-tlh="1376816" tlh="311440" />
  <largest-consumer threadName="main" threadId="0000000001467700" bytes="1688256" />
</allocation-stats>
<gc-op id="955" type="scavenge" timems="0.137" contextid="952" timestamp="2019-06-17T06:59:25.635">
  <scavenger-info tenureage="14" tenuremask="4000" tiltratio="87" />
  <memory-copied type="nursery" objects="2" bytes="60136" bytesdiscarded="39144" />
</gc-op>
<gc-end id="956" type="scavenge" contextid="952" durationms="0.311" usertimems="0.000" systemtimems="0.000" timestamp="2019-06-17T06:59:25.635" activeThreads="4">
  <mem-info id="957" free="6643000" total="8388608" percent="79">
    <mem type="nursery" free="1735728" total="2097152" percent="82">
      <mem type="allocate" free="1735728" total="1835008" percent="94" />
      <mem type="survivor" free="0" total="262144" percent="0" />
    </mem>
    <mem type="tenure" free="4907272" total="6291456" percent="77">
      <mem type="soa" free="4592904" total="5977088" percent="76" />
      <mem type="loa" free="314368" total="314368" percent="100" />
    </mem>
    <remembered-set count="56" />
  </mem-info>
</gc-end>
<cycle-end id="958" type="scavenge" contextid="952" timestamp="2019-06-17T06:59:25.636" />
  <attribute name="elasticGC enabled" value="1" />
  <attribute name= "numThreadsSpecified" value="4" />
  <attribute name="heapSize specified" value="0" />
  <attribute name="Current GC Util" value="35" />
  <attribute name= "Current Time Running" value="785" />
  <attribute name ="GC Interval" value="200" />
  <attribute name="ProportionalT" value="15.000000" />
  <attribute name="ProportionalI" value="15.000000" />
  <attribute name="ProportionalH" value="15.000000" />
  <attribute name="Current Error" value="15.000000" />
  <attribute name="IntegralT" value="15.000000" />
  <attribute name="IntegralI" value="15.000000" />
  <attribute name="IntegralH" value="15.000000" />
  <attribute name="DerivativeT" value="-2.000000" />
  <attribute name="DerivativeI" value="-2.000000" />
  <attribute name="DerivativeH" value="-2.000000" />
  <attribute name="Loop Time for DT" value="1.000000" />
  <attribute name="Output H" value="8388608"/>
  <attribute name="Output I" value="200"/>
  <attribute name="Output T" value="4"/>
  <attribute name="Target GC Util Change" value ="20.000000" />
  <attribute name="Current GC Util Change" value="35.000000"/>
  <attribute name="GC Util currently" value="35" />
  <attribute name="CPU Util currently" value="4806633456939" />
<allocation-satisfied id="959" threadId="0000000001467700" bytesRequested="120208" />
<af-end id="960" timestamp="2019-06-17T06:59:25.636" threadId="0000000001468088" success="true" from="nursery"/>
<exclusive-end id="961" timestamp="2019-06-17T06:59:25.636" durationms="0.833" />

<exclusive-start id="962" timestamp="2019-06-17T06:59:25.636" intervalms="1.023">
  <response-info timems="0.027" idlems="0.027" threads="0" lastid="0000000001467700" lastname="main" />
</exclusive-start>
<af-start id="963" threadId="0000000001468088" totalBytesRequested="60720" timestamp="2019-06-17T06:59:25.636" intervalms="1.019" type="nursery" />
<cycle-start id="964" type="scavenge" contextid="0" timestamp="2019-06-17T06:59:25.636" intervalms="0.982" />
<gc-start id="965" type="scavenge" contextid="964" timestamp="2019-06-17T06:59:25.636">
  <mem-info id="966" free="4907272" total="8388608" percent="58">
    <mem type="nursery" free="0" total="2097152" percent="0">
      <mem type="allocate" free="0" total="1835008" percent="0" />
      <mem type="survivor" free="0" total="262144" percent="0" />
    </mem>
    <mem type="tenure" free="4907272" total="6291456" percent="77">
      <mem type="soa" free="4592904" total="5977088" percent="76" />
      <mem type="loa" free="314368" total="314368" percent="100" />
    </mem>
    <remembered-set count="56" />
  </mem-info>
</gc-start>
<allocation-stats totalBytes="1631120" >
  <allocated-bytes non-tlh="1388480" tlh="242640" />
  <largest-consumer threadName="main" threadId="0000000001467700" bytes="1631120" />
</allocation-stats>
<gc-op id="967" type="scavenge" timems="0.117" contextid="964" timestamp="2019-06-17T06:59:25.636">
  <scavenger-info tenureage="14" tenuremask="4000" tiltratio="87" />
  <memory-copied type="nursery" objects="4" bytes="60800" bytesdiscarded="39088" />
</gc-op>
<gc-end id="968" type="scavenge" contextid="964" durationms="0.284" usertimems="0.000" systemtimems="0.000" timestamp="2019-06-17T06:59:25.636" activeThreads="4">
  <mem-info id="969" free="6642392" total="8388608" percent="79">
    <mem type="nursery" free="1735120" total="2097152" percent="82">
      <mem type="allocate" free="1735120" total="1835008" percent="94" />
      <mem type="survivor" free="0" total="262144" percent="0" />
    </mem>
    <mem type="tenure" free="4907272" total="6291456" percent="77">
      <mem type="soa" free="4592904" total="5977088" percent="76" />
      <mem type="loa" free="314368" total="314368" percent="100" />
    </mem>
    <remembered-set count="56" />
  </mem-info>
</gc-end>
<cycle-end id="970" type="scavenge" contextid="964" timestamp="2019-06-17T06:59:25.636" />
  <attribute name="elasticGC enabled" value="1" />
  <attribute name= "numThreadsSpecified" value="4" />
  <attribute name="heapSize specified" value="0" />
  <attribute name="Current GC Util" value="35" />
  <attribute name= "Current Time Running" value="786" />
  <attribute name ="GC Interval" value="200" />
  <attribute name="ProportionalT" value="15.000000" />
  <attribute name="ProportionalI" value="15.000000" />
  <attribute name="ProportionalH" value="15.000000" />
  <attribute name="Current Error" value="15.000000" />
  <attribute name="IntegralT" value="15.000000" />
  <attribute name="IntegralI" value="15.000000" />
  <attribute name="IntegralH" value="15.000000" />
  <attribute name="DerivativeT" value="0.000000" />
  <attribute name="DerivativeI" value="0.000000" />
  <attribute name="DerivativeH" value="0.000000" />
  <attribute name="Loop Time for DT" value="1.000000" />
  <attribute name="Output H" value="8388608"/>
  <attribute name="Output I" value="200"/>
  <attribute name="Output T" value="4"/>
  <attribute name="Target GC Util Change" value ="20.000000" />
  <attribute name="Current GC Util Change" value="35.000000"/>
  <attribute name="GC Util currently" value="35" />
  <attribute name="CPU Util currently" value="4718416600947" />
<allocation-satisfied id="971" threadId="0000000001467700" bytesRequested="60720" />
<af-end id="972" timestamp="2019-06-17T06:59:25.637" threadId="0000000001468088" success="true" from="nursery"/>
<exclusive-end id="973" timestamp="2019-06-17T06:59:25.637" durationms="0.691" />

<exclusive-start id="974" timestamp="2019-06-17T06:59:25.637" intervalms="0.881">
  <response-info timems="0.028" idlems="0.028" threads="0" lastid="0000000001467700" lastname="main" />
</exclusive-start>
<af-start id="975" threadId="0000000001468088" totalBytesRequested="61112" timestamp="2019-06-17T06:59:25.637" intervalms="0.881" type="nursery" />
<cycle-start id="976" type="scavenge" contextid="0" timestamp="2019-06-17T06:59:25.637" intervalms="0.882" />
<gc-start id="977" type="scavenge" contextid="976" timestamp="2019-06-17T06:59:25.637">
  <mem-info id="978" free="4907272" total="8388608" percent="58">
    <mem type="nursery" free="0" total="2097152" percent="0">
      <mem type="allocate" free="0" total="1835008" percent="0" />
      <mem type="survivor" free="0" total="262144" percent="0" />
    </mem>
    <mem type="tenure" free="4907272" total="6291456" percent="77">
      <mem type="soa" free="4592904" total="5977088" percent="76" />
      <mem type="loa" free="314368" total="314368" percent="100" />
    </mem>
    <remembered-set count="56" />
  </mem-info>
</gc-start>
<allocation-stats totalBytes="1706040" >
  <allocated-bytes non-tlh="1400416" tlh="305624" />
  <largest-consumer threadName="main" threadId="0000000001467700" bytes="1706040" />
</allocation-stats>
<gc-op id="979" type="scavenge" timems="0.093" contextid="976" timestamp="2019-06-17T06:59:25.637">
  <scavenger-info tenureage="14" tenuremask="4000" tiltratio="87" />
  <memory-copied type="nursery" objects="4" bytes="61192" bytesdiscarded="39088" />
</gc-op>
<gc-end id="980" type="scavenge" contextid="976" durationms="0.256" usertimems="0.000" systemtimems="0.000" timestamp="2019-06-17T06:59:25.637" activeThreads="1">
  <mem-info id="981" free="6642000" total="8388608" percent="79">
    <mem type="nursery" free="1734728" total="2097152" percent="82">
      <mem type="allocate" free="1734728" total="1835008" percent="94" />
      <mem type="survivor" free="0" total="262144" percent="0" />
    </mem>
    <mem type="tenure" free="4907272" total="6291456" percent="77">
      <mem type="soa" free="4592904" total="5977088" percent="76" />
      <mem type="loa" free="314368" total="314368" percent="100" />
    </mem>
    <remembered-set count="56" />
  </mem-info>
</gc-end>
<cycle-end id="982" type="scavenge" contextid="976" timestamp="2019-06-17T06:59:25.637" />
  <attribute name="elasticGC enabled" value="1" />
  <attribute name= "numThreadsSpecified" value="1" />
  <attribute name="heapSize specified" value="0" />
  <attribute name="Current GC Util" value="38" />
  <attribute name= "Current Time Running" value="786" />
  <attribute name ="GC Interval" value="200" />
  <attribute name="ProportionalT" value="18.000000" />
  <attribute name="ProportionalI" value="18.000000" />
  <attribute name="ProportionalH" value="18.000000" />
  <attribute name="Current Error" value="18.000000" />
  <attribute name="IntegralT" value="0.000000" />
  <attribute name="IntegralI" value="0.000000" />
  <attribute name="IntegralH" value="0.000000" />
  <attribute name="DerivativeT" value="inf" />
  <attribute name="DerivativeI" value="inf" />
  <attribute name="DerivativeH" value="inf" />
  <attribute name="Loop Time for DT" value="0.000000" />
  <attribute name="Output H" value="8388608"/>
  <attribute name="Output I" value="200"/>
  <attribute name="Output T" value="1"/>
  <attribute name="Target GC Util Change" value ="20.000000" />
  <attribute name="Current GC Util Change" value="38.000000"/>
  <attribute name="GC Util currently" value="38" />
  <attribute name="CPU Util currently" value="5229801484421" />
<allocation-satisfied id="983" threadId="0000000001467700" bytesRequested="61112" />
<af-end id="984" timestamp="2019-06-17T06:59:25.637" threadId="0000000001468088" success="true" from="nursery"/>
<exclusive-end id="985" timestamp="2019-06-17T06:59:25.637" durationms="0.669" />

<exclusive-start id="986" timestamp="2019-06-17T06:59:25.638" intervalms="0.854">
  <response-info timems="0.027" idlems="0.027" threads="0" lastid="0000000001467700" lastname="main" />
</exclusive-start>
<af-start id="987" threadId="0000000001468088" totalBytesRequested="61616" timestamp="2019-06-17T06:59:25.638" intervalms="0.852" type="nursery" />
<cycle-start id="988" type="scavenge" contextid="0" timestamp="2019-06-17T06:59:25.638" intervalms="0.849" />
<gc-start id="989" type="scavenge" contextid="988" timestamp="2019-06-17T06:59:25.638">
  <mem-info id="990" free="4907272" total="8388608" percent="58">
    <mem type="nursery" free="0" total="2097152" percent="0">
      <mem type="allocate" free="0" total="1835008" percent="0" />
      <mem type="survivor" free="0" total="262144" percent="0" />
    </mem>
    <mem type="tenure" free="4907272" total="6291456" percent="77">
      <mem type="soa" free="4592904" total="5977088" percent="76" />
      <mem type="loa" free="314368" total="314368" percent="100" />
    </mem>
    <remembered-set count="56" />
  </mem-info>
</gc-start>
<allocation-stats totalBytes="1694936" >
  <allocated-bytes non-tlh="1471360" tlh="223576" />
  <largest-consumer threadName="main" threadId="0000000001467700" bytes="1694936" />
</allocation-stats>
<gc-op id="991" type="scavenge" timems="0.142" contextid="988" timestamp="2019-06-17T06:59:25.638">
  <scavenger-info tenureage="14" tenuremask="4000" tiltratio="87" />
  <memory-copied type="nursery" objects="1" bytes="122960" bytesdiscarded="0" />
</gc-op>
<gc-end id="992" type="scavenge" contextid="988" durationms="0.304" usertimems="0.000" systemtimems="0.000" timestamp="2019-06-17T06:59:25.638" activeThreads="4">
  <mem-info id="993" free="6619320" total="8388608" percent="78">
    <mem type="nursery" free="1712048" total="2097152" percent="81">
      <mem type="allocate" free="1712048" total="1835008" percent="93" />
      <mem type="survivor" free="0" total="262144" percent="0" />
    </mem>
    <mem type="tenure" free="4907272" total="6291456" percent="77">
      <mem type="soa" free="4592904" total="5977088" percent="76" />
      <mem type="loa" free="314368" total="314368" percent="100" />
    </mem>
    <remembered-set count="56" />
  </mem-info>
</gc-end>
<cycle-end id="994" type="scavenge" contextid="988" timestamp="2019-06-17T06:59:25.638" />
  <attribute name="elasticGC enabled" value="1" />
  <attribute name= "numThreadsSpecified" value="4" />
  <attribute name="heapSize specified" value="0" />
  <attribute name="Current GC Util" value="34" />
  <attribute name= "Current Time Running" value="787" />
  <attribute name ="GC Interval" value="200" />
  <attribute name="ProportionalT" value="14.000000" />
  <attribute name="ProportionalI" value="14.000000" />
  <attribute name="ProportionalH" value="14.000000" />
  <attribute name="Current Error" value="14.000000" />
  <attribute name="IntegralT" value="14.000000" />
  <attribute name="IntegralI" value="14.000000" />
  <attribute name="IntegralH" value="14.000000" />
  <attribute name="DerivativeT" value="-4.000000" />
  <attribute name="DerivativeI" value="-4.000000" />
  <attribute name="DerivativeH" value="-4.000000" />
  <attribute name="Loop Time for DT" value="1.000000" />
  <attribute name="Output H" value="8388608"/>
  <attribute name="Output I" value="200"/>
  <attribute name="Output T" value="4"/>
  <attribute name="Target GC Util Change" value ="20.000000" />
  <attribute name="Current GC Util Change" value="34.000000"/>
  <attribute name="GC Util currently" value="34" />
  <attribute name="CPU Util currently" value="5468261902957" />
<allocation-satisfied id="995" threadId="0000000001467700" bytesRequested="61616" />
<af-end id="996" timestamp="2019-06-17T06:59:25.638" threadId="0000000001468088" success="true" from="nursery"/>
<exclusive-end id="997" timestamp="2019-06-17T06:59:25.638" durationms="0.701" />

<exclusive-start id="998" timestamp="2019-06-17T06:59:25.639" intervalms="0.885">
  <response-info timems="0.027" idlems="0.027" threads="0" lastid="0000000001467700" lastname="main" />
</exclusive-start>
<af-start id="999" threadId="0000000001468088" totalBytesRequested="124000" timestamp="2019-06-17T06:59:25.639" intervalms="0.884" type="nursery" />
<cycle-start id="1000" type="scavenge" contextid="0" timestamp="2019-06-17T06:59:25.639" intervalms="0.884" />
<gc-start id="1001" type="scavenge" contextid="1000" timestamp="2019-06-17T06:59:25.639">
  <mem-info id="1002" free="4937240" total="8388608" percent="58">
    <mem type="nursery" free="29968" total="2097152" percent="1">
      <mem type="allocate" free="29968" total="1835008" percent="1" />
      <mem type="survivor" free="0" total="262144" percent="0" />
    </mem>
    <mem type="tenure" free="4907272" total="6291456" percent="77">
      <mem type="soa" free="4592904" total="5977088" percent="76" />
      <mem type="loa" free="314368" total="314368" percent="100" />
    </mem>
    <remembered-set count="56" />
  </mem-info>
</gc-start>
<allocation-stats totalBytes="1675632" >
  <allocated-bytes non-tlh="1358496" tlh="317136" />
  <largest-consumer threadName="main" threadId="0000000001467700" bytes="1675632" />
</allocation-stats>
<gc-op id="1003" type="scavenge" timems="0.112" contextid="1000" timestamp="2019-06-17T06:59:25.639">
  <scavenger-info tenureage="14" tenuremask="4000" tiltratio="87" />
  <memory-copied type="nursery" objects="2" bytes="62032" bytesdiscarded="39144" />
</gc-op>
<gc-end id="1004" type="scavenge" contextid="1000" durationms="0.281" usertimems="0.000" systemtimems="0.000" timestamp="2019-06-17T06:59:25.639" activeThreads="4">
  <mem-info id="1005" free="6641104" total="8388608" percent="79">
    <mem type="nursery" free="1733832" total="2097152" percent="82">
      <mem type="allocate" free="1733832" total="1835008" percent="94" />
      <mem type="survivor" free="0" total="262144" percent="0" />
    </mem>
    <mem type="tenure" free="4907272" total="6291456" percent="77">
      <mem type="soa" free="4592904" total="5977088" percent="76" />
      <mem type="loa" free="314368" total="314368" percent="100" />
    </mem>
    <remembered-set count="56" />
  </mem-info>
</gc-end>
<cycle-end id="1006" type="scavenge" contextid="1000" timestamp="2019-06-17T06:59:25.639" />
  <attribute name="elasticGC enabled" value="1" />
  <attribute name= "numThreadsSpecified" value="4" />
  <attribute name="heapSize specified" value="0" />
  <attribute name="Current GC Util" value="39" />
  <attribute name= "Current Time Running" value="788" />
  <attribute name ="GC Interval" value="200" />
  <attribute name="ProportionalT" value="19.000000" />
  <attribute name="ProportionalI" value="19.000000" />
  <attribute name="ProportionalH" value="19.000000" />
  <attribute name="Current Error" value="19.000000" />
  <attribute name="IntegralT" value="19.000000" />
  <attribute name="IntegralI" value="19.000000" />
  <attribute name="IntegralH" value="19.000000" />
  <attribute name="DerivativeT" value="5.000000" />
  <attribute name="DerivativeI" value="5.000000" />
  <attribute name="DerivativeH" value="5.000000" />
  <attribute name="Loop Time for DT" value="1.000000" />
  <attribute name="Output H" value="8388608"/>
  <attribute name="Output I" value="200"/>
  <attribute name="Output T" value="4"/>
  <attribute name="Target GC Util Change" value ="20.000000" />
  <attribute name="Current GC Util Change" value="39.000000"/>
  <attribute name="GC Util currently" value="39" />
  <attribute name="CPU Util currently" value="5165470997310" />
<allocation-satisfied id="1007" threadId="0000000001467700" bytesRequested="124000" />
<af-end id="1008" timestamp="2019-06-17T06:59:25.639" threadId="0000000001468088" success="true" from="nursery"/>
<exclusive-end id="1009" timestamp="2019-06-17T06:59:25.639" durationms="0.759" />

<exclusive-start id="1010" timestamp="2019-06-17T06:59:25.639" intervalms="0.946">
  <response-info timems="0.028" idlems="0.028" threads="0" lastid="0000000001467700" lastname="main" />
</exclusive-start>
<af-start id="1011" threadId="0000000001468088" totalBytesRequested="62440" timestamp="2019-06-17T06:59:25.640" intervalms="0.947" type="nursery" />
<cycle-start id="1012" type="scavenge" contextid="0" timestamp="2019-06-17T06:59:25.640" intervalms="0.946" />
<gc-start id="1013" type="scavenge" contextid="1012" timestamp="2019-06-17T06:59:25.640">
  <mem-info id="1014" free="4907272" total="8388608" percent="58">
    <mem type="nursery" free="0" total="2097152" percent="0">
      <mem type="allocate" free="0" total="1835008" percent="0" />
      <mem type="survivor" free="0" total="262144" percent="0" />
    </mem>
    <mem type="tenure" free="4907272" total="6291456" percent="77">
      <mem type="soa" free="4592904" total="5977088" percent="76" />
      <mem type="loa" free="314368" total="314368" percent="100" />
    </mem>
    <remembered-set count="56" />
  </mem-info>
</gc-start>
<allocation-stats totalBytes="1680392" >
  <allocated-bytes non-tlh="1430504" tlh="249888" />
  <largest-consumer threadName="main" threadId="0000000001467700" bytes="1680392" />
</allocation-stats>
<gc-op id="1015" type="scavenge" timems="0.140" contextid="1012" timestamp="2019-06-17T06:59:25.640">
  <scavenger-info tenureage="14" tenuremask="4000" tiltratio="87" />
  <memory-copied type="nursery" objects="4" bytes="62520" bytesdiscarded="39088" />
</gc-op>
<gc-end id="1016" type="scavenge" contextid="1012" durationms="0.309" usertimems="0.000" systemtimems="0.000" timestamp="2019-06-17T06:59:25.640" activeThreads="4">
  <mem-info id="1017" free="6640672" total="8388608" percent="79">
    <mem type="nursery" free="1733400" total="2097152" percent="82">
      <mem type="allocate" free="1733400" total="1835008" percent="94" />
      <mem type="survivor" free="0" total="262144" percent="0" />
    </mem>
    <mem type="tenure" free="4907272" total="6291456" percent="77">
      <mem type="soa" free="4592904" total="5977088" percent="76" />
      <mem type="loa" free="314368" total="314368" percent="100" />
    </mem>
    <remembered-set count="56" />
  </mem-info>
</gc-end>
<cycle-end id="1018" type="scavenge" contextid="1012" timestamp="2019-06-17T06:59:25.640" />
  <attribute name="elasticGC enabled" value="1" />
  <attribute name= "numThreadsSpecified" value="4" />
  <attribute name="heapSize specified" value="0" />
  <attribute name="Current GC Util" value="35" />
  <attribute name= "Current Time Running" value="789" />
  <attribute name ="GC Interval" value="200" />
  <attribute name="ProportionalT" value="15.000000" />
  <attribute name="ProportionalI" value="15.000000" />
  <attribute name="ProportionalH" value="15.000000" />
  <attribute name="Current Error" value="15.000000" />
  <attribute name="IntegralT" value="15.000000" />
  <attribute name="IntegralI" value="15.000000" />
  <attribute name="IntegralH" value="15.000000" />
  <attribute name="DerivativeT" value="-4.000000" />
  <attribute name="DerivativeI" value="-4.000000" />
  <attribute name="DerivativeH" value="-4.000000" />
  <attribute name="Loop Time for DT" value="1.000000" />
  <attribute name="Output H" value="8388608"/>
  <attribute name="Output I" value="200"/>
  <attribute name="Output T" value="4"/>
  <attribute name="Target GC Util Change" value ="20.000000" />
  <attribute name="Current GC Util Change" value="35.000000"/>
  <attribute name="GC Util currently" value="35" />
  <attribute name="CPU Util currently" value="4881000077423" />
<allocation-satisfied id="1019" threadId="0000000001467700" bytesRequested="62440" />
<af-end id="1020" timestamp="2019-06-17T06:59:25.640" threadId="0000000001468088" success="true" from="nursery"/>
<exclusive-end id="1021" timestamp="2019-06-17T06:59:25.640" durationms="0.710" />

<exclusive-start id="1022" timestamp="2019-06-17T06:59:25.640" intervalms="0.898">
  <response-info timems="0.027" idlems="0.027" threads="0" lastid="0000000001467700" lastname="main" />
</exclusive-start>
<af-start id="1023" threadId="0000000001468088" totalBytesRequested="62968" timestamp="2019-06-17T06:59:25.640" intervalms="0.898" type="nursery" />
<cycle-start id="1024" type="scavenge" contextid="0" timestamp="2019-06-17T06:59:25.640" intervalms="0.901" />
<gc-start id="1025" type="scavenge" contextid="1024" timestamp="2019-06-17T06:59:25.641">
  <mem-info id="1026" free="4907272" total="8388608" percent="58">
    <mem type="nursery" free="0" total="2097152" percent="0">
      <mem type="allocate" free="0" total="1835008" percent="0" />
      <mem type="survivor" free="0" total="262144" percent="0" />
    </mem>
    <mem type="tenure" free="4907272" total="6291456" percent="77">
      <mem type="soa" free="4592904" total="5977088" percent="76" />
      <mem type="loa" free="314368" total="314368" percent="100" />
    </mem>
    <remembered-set count="56" />
  </mem-info>
</gc-start>
<allocation-stats totalBytes="1692696" >
  <allocated-bytes non-tlh="1503968" tlh="188728" />
  <largest-consumer threadName="main" threadId="0000000001467700" bytes="1692696" />
</allocation-stats>
<gc-op id="1027" type="scavenge" timems="0.140" contextid="1024" timestamp="2019-06-17T06:59:25.641">
  <scavenger-info tenureage="14" tenuremask="4000" tiltratio="87" />
  <memory-copied type="nursery" objects="1" bytes="125672" bytesdiscarded="0" />
</gc-op>
<gc-end id="1028" type="scavenge" contextid="1024" durationms="0.307" usertimems="0.000" systemtimems="0.000" timestamp="2019-06-17T06:59:25.641" activeThreads="4">
  <mem-info id="1029" free="6616608" total="8388608" percent="78">
    <mem type="nursery" free="1709336" total="2097152" percent="81">
      <mem type="allocate" free="1709336" total="1835008" percent="93" />
      <mem type="survivor" free="0" total="262144" percent="0" />
    </mem>
    <mem type="tenure" free="4907272" total="6291456" percent="77">
      <mem type="soa" free="4592904" total="5977088" percent="76" />
      <mem type="loa" free="314368" total="314368" percent="100" />
    </mem>
    <remembered-set count="56" />
  </mem-info>
</gc-end>
<cycle-end id="1030" type="scavenge" contextid="1024" timestamp="2019-06-17T06:59:25.641" />
  <attribute name="elasticGC enabled" value="1" />
  <attribute name= "numThreadsSpecified" value="4" />
  <attribute name="heapSize specified" value="0" />
  <attribute name="Current GC Util" value="38" />
  <attribute name= "Current Time Running" value="790" />
  <attribute name ="GC Interval" value="200" />
  <attribute name="ProportionalT" value="18.000000" />
  <attribute name="ProportionalI" value="18.000000" />
  <attribute name="ProportionalH" value="18.000000" />
  <attribute name="Current Error" value="18.000000" />
  <attribute name="IntegralT" value="18.000000" />
  <attribute name="IntegralI" value="18.000000" />
  <attribute name="IntegralH" value="18.000000" />
  <attribute name="DerivativeT" value="3.000000" />
  <attribute name="DerivativeI" value="3.000000" />
  <attribute name="DerivativeH" value="3.000000" />
  <attribute name="Loop Time for DT" value="1.000000" />
  <attribute name="Output H" value="8388608"/>
  <attribute name="Output I" value="200"/>
  <attribute name="Output T" value="4"/>
  <attribute name="Target GC Util Change" value ="20.000000" />
  <attribute name="Current GC Util Change" value="38.000000"/>
  <attribute name="GC Util currently" value="38" />
  <attribute name="CPU Util currently" value="5121802145420" />
<allocation-satisfied id="1031" threadId="0000000001467700" bytesRequested="62968" />
<af-end id="1032" timestamp="2019-06-17T06:59:25.641" threadId="0000000001468088" success="true" from="nursery"/>
<exclusive-end id="1033" timestamp="2019-06-17T06:59:25.641" durationms="0.713" />

<exclusive-start id="1034" timestamp="2019-06-17T06:59:25.641" intervalms="0.903">
  <response-info timems="0.029" idlems="0.029" threads="0" lastid="0000000001467700" lastname="main" />
</exclusive-start>
<af-start id="1035" threadId="0000000001468088" totalBytesRequested="126720" timestamp="2019-06-17T06:59:25.641" intervalms="0.904" type="nursery" />
<cycle-start id="1036" type="scavenge" contextid="0" timestamp="2019-06-17T06:59:25.641" intervalms="0.905" />
<gc-start id="1037" type="scavenge" contextid="1036" timestamp="2019-06-17T06:59:25.641">
  <mem-info id="1038" free="4917296" total="8388608" percent="58">
    <mem type="nursery" free="10024" total="2097152" percent="0">
      <mem type="allocate" free="10024" total="1835008" percent="0" />
      <mem type="survivor" free="0" total="262144" percent="0" />
    </mem>
    <mem type="tenure" free="4907272" total="6291456" percent="77">
      <mem type="soa" free="4592904" total="5977088" percent="76" />
      <mem type="loa" free="314368" total="314368" percent="100" />
    </mem>
    <remembered-set count="56" />
  </mem-info>
</gc-start>
<allocation-stats totalBytes="1696920" >
  <allocated-bytes non-tlh="1388120" tlh="308800" />
  <largest-consumer threadName="main" threadId="0000000001467700" bytes="1696920" />
</allocation-stats>
<gc-op id="1039" type="scavenge" timems="0.136" contextid="1036" timestamp="2019-06-17T06:59:25.642">
  <scavenger-info tenureage="14" tenuremask="4000" tiltratio="87" />
  <memory-copied type="nursery" objects="2" bytes="63384" bytesdiscarded="39144" />
</gc-op>
<gc-end id="1040" type="scavenge" contextid="1036" durationms="0.303" usertimems="0.000" systemtimems="0.000" timestamp="2019-06-17T06:59:25.642" activeThreads="4">
  <mem-info id="1041" free="6639752" total="8388608" percent="79">
    <mem type="nursery" free="1732480" total="2097152" percent="82">
      <mem type="allocate" free="1732480" total="1835008" percent="94" />
      <mem type="survivor" free="0" total="262144" percent="0" />
    </mem>
    <mem type="tenure" free="4907272" total="6291456" percent="77">
      <mem type="soa" free="4592904" total="5977088" percent="76" />
      <mem type="loa" free="314368" total="314368" percent="100" />
    </mem>
    <remembered-set count="56" />
  </mem-info>
</gc-end>
<cycle-end id="1042" type="scavenge" contextid="1036" timestamp="2019-06-17T06:59:25.642" />
  <attribute name="elasticGC enabled" value="1" />
  <attribute name= "numThreadsSpecified" value="4" />
  <attribute name="heapSize specified" value="0" />
  <attribute name="Current GC Util" value="37" />
  <attribute name= "Current Time Running" value="791" />
  <attribute name ="GC Interval" value="200" />
  <attribute name="ProportionalT" value="17.000000" />
  <attribute name="ProportionalI" value="17.000000" />
  <attribute name="ProportionalH" value="17.000000" />
  <attribute name="Current Error" value="17.000000" />
  <attribute name="IntegralT" value="17.000000" />
  <attribute name="IntegralI" value="17.000000" />
  <attribute name="IntegralH" value="17.000000" />
  <attribute name="DerivativeT" value="-1.000000" />
  <attribute name="DerivativeI" value="-1.000000" />
  <attribute name="DerivativeH" value="-1.000000" />
  <attribute name="Loop Time for DT" value="1.000000" />
  <attribute name="Output H" value="8388608"/>
  <attribute name="Output I" value="200"/>
  <attribute name="Output T" value="4"/>
  <attribute name="Target GC Util Change" value ="20.000000" />
  <attribute name="Current GC Util Change" value="37.000000"/>
  <attribute name="GC Util currently" value="37" />
  <attribute name="CPU Util currently" value="5094732930471" />
<allocation-satisfied id="1043" threadId="0000000001467700" bytesRequested="126720" />
<af-end id="1044" timestamp="2019-06-17T06:59:25.642" threadId="0000000001468088" success="true" from="nursery"/>
<exclusive-end id="1045" timestamp="2019-06-17T06:59:25.642" durationms="0.715" />

<exclusive-start id="1046" timestamp="2019-06-17T06:59:25.642" intervalms="0.900">
  <response-info timems="0.023" idlems="0.023" threads="0" lastid="0000000001467700" lastname="main" />
</exclusive-start>
<af-start id="1047" threadId="0000000001468088" totalBytesRequested="63752" timestamp="2019-06-17T06:59:25.642" intervalms="0.900" type="nursery" />
<cycle-start id="1048" type="scavenge" contextid="0" timestamp="2019-06-17T06:59:25.642" intervalms="0.900" />
<gc-start id="1049" type="scavenge" contextid="1048" timestamp="2019-06-17T06:59:25.642">
  <mem-info id="1050" free="4907272" total="8388608" percent="58">
    <mem type="nursery" free="0" total="2097152" percent="0">
      <mem type="allocate" free="0" total="1835008" percent="0" />
      <mem type="survivor" free="0" total="262144" percent="0" />
    </mem>
    <mem type="tenure" free="4907272" total="6291456" percent="77">
      <mem type="soa" free="4592904" total="5977088" percent="76" />
      <mem type="loa" free="314368" total="314368" percent="100" />
    </mem>
    <remembered-set count="56" />
  </mem-info>
</gc-start>
<allocation-stats totalBytes="1716320" >
  <allocated-bytes non-tlh="1524896" tlh="191424" />
  <largest-consumer threadName="main" threadId="0000000001467700" bytes="1716320" />
</allocation-stats>
<gc-op id="1051" type="scavenge" timems="0.136" contextid="1048" timestamp="2019-06-17T06:59:25.643">
  <scavenger-info tenureage="14" tenuremask="4000" tiltratio="87" />
  <memory-copied type="nursery" objects="4" bytes="63832" bytesdiscarded="39088" />
</gc-op>
<gc-end id="1052" type="scavenge" contextid="1048" durationms="0.303" usertimems="0.000" systemtimems="0.000" timestamp="2019-06-17T06:59:25.643" activeThreads="4">
  <mem-info id="1053" free="6639360" total="8388608" percent="79">
    <mem type="nursery" free="1732088" total="2097152" percent="82">
      <mem type="allocate" free="1732088" total="1835008" percent="94" />
      <mem type="survivor" free="0" total="262144" percent="0" />
    </mem>
    <mem type="tenure" free="4907272" total="6291456" percent="77">
      <mem type="soa" free="4592904" total="5977088" percent="76" />
      <mem type="loa" free="314368" total="314368" percent="100" />
    </mem>
    <remembered-set count="56" />
  </mem-info>
</gc-end>
<cycle-end id="1054" type="scavenge" contextid="1048" timestamp="2019-06-17T06:59:25.643" />
  <attribute name="elasticGC enabled" value="1" />
  <attribute name= "numThreadsSpecified" value="4" />
  <attribute name="heapSize specified" value="0" />
  <attribute name="Current GC Util" value="37" />
  <attribute name= "Current Time Running" value="792" />
  <attribute name ="GC Interval" value="200" />
  <attribute name="ProportionalT" value="17.000000" />
  <attribute name="ProportionalI" value="17.000000" />
  <attribute name="ProportionalH" value="17.000000" />
  <attribute name="Current Error" value="17.000000" />
  <attribute name="IntegralT" value="17.000000" />
  <attribute name="IntegralI" value="17.000000" />
  <attribute name="IntegralH" value="17.000000" />
  <attribute name="DerivativeT" value="0.000000" />
  <attribute name="DerivativeI" value="0.000000" />
  <attribute name="DerivativeH" value="0.000000" />
  <attribute name="Loop Time for DT" value="1.000000" />
  <attribute name="Output H" value="8388608"/>
  <attribute name="Output I" value="200"/>
  <attribute name="Output T" value="4"/>
  <attribute name="Target GC Util Change" value ="20.000000" />
  <attribute name="Current GC Util Change" value="37.000000"/>
  <attribute name="GC Util currently" value="37" />
  <attribute name="CPU Util currently" value="5124528312530" />
<allocation-satisfied id="1055" threadId="0000000001467700" bytesRequested="63752" />
<af-end id="1056" timestamp="2019-06-17T06:59:25.643" threadId="0000000001468088" success="true" from="nursery"/>
<exclusive-end id="1057" timestamp="2019-06-17T06:59:25.643" durationms="0.778" />

<exclusive-start id="1058" timestamp="2019-06-17T06:59:25.643" intervalms="1.015">
  <response-info timems="0.047" idlems="0.047" threads="0" lastid="0000000001467700" lastname="main" />
</exclusive-start>
<af-start id="1059" threadId="0000000001468088" totalBytesRequested="128248" timestamp="2019-06-17T06:59:25.643" intervalms="1.023" type="nursery" />
<cycle-start id="1060" type="scavenge" contextid="0" timestamp="2019-06-17T06:59:25.643" intervalms="1.075" />
<gc-start id="1061" type="scavenge" contextid="1060" timestamp="2019-06-17T06:59:25.643">
  <mem-info id="1062" free="4935424" total="8388608" percent="58">
    <mem type="nursery" free="28152" total="2097152" percent="1">
      <mem type="allocate" free="28152" total="1835008" percent="1" />
      <mem type="survivor" free="0" total="262144" percent="0" />
    </mem>
    <mem type="tenure" free="4907272" total="6291456" percent="77">
      <mem type="soa" free="4592904" total="5977088" percent="76" />
      <mem type="loa" free="314368" total="314368" percent="100" />
    </mem>
    <remembered-set count="56" />
  </mem-info>
</gc-start>
<allocation-stats totalBytes="1666512" >
  <allocated-bytes non-tlh="1406952" tlh="259560" />
  <largest-consumer threadName="main" threadId="0000000001467700" bytes="1666512" />
</allocation-stats>
<gc-op id="1063" type="scavenge" timems="0.124" contextid="1060" timestamp="2019-06-17T06:59:25.644">
  <scavenger-info tenureage="14" tenuremask="4000" tiltratio="87" />
  <memory-copied type="nursery" objects="2" bytes="64152" bytesdiscarded="39144" />
</gc-op>
<gc-end id="1064" type="scavenge" contextid="1060" durationms="0.317" usertimems="0.000" systemtimems="0.000" timestamp="2019-06-17T06:59:25.644" activeThreads="4">
  <mem-info id="1065" free="6638984" total="8388608" percent="79">
    <mem type="nursery" free="1731712" total="2097152" percent="82">
      <mem type="allocate" free="1731712" total="1835008" percent="94" />
      <mem type="survivor" free="0" total="262144" percent="0" />
    </mem>
    <mem type="tenure" free="4907272" total="6291456" percent="77">
      <mem type="soa" free="4592904" total="5977088" percent="76" />
      <mem type="loa" free="314368" total="314368" percent="100" />
    </mem>
    <remembered-set count="56" />
  </mem-info>
</gc-end>
<cycle-end id="1066" type="scavenge" contextid="1060" timestamp="2019-06-17T06:59:25.644" />
  <attribute name="elasticGC enabled" value="1" />
  <attribute name= "numThreadsSpecified" value="4" />
  <attribute name="heapSize specified" value="0" />
  <attribute name="Current GC Util" value="31" />
  <attribute name= "Current Time Running" value="793" />
  <attribute name ="GC Interval" value="200" />
  <attribute name="ProportionalT" value="11.000000" />
  <attribute name="ProportionalI" value="11.000000" />
  <attribute name="ProportionalH" value="11.000000" />
  <attribute name="Current Error" value="11.000000" />
  <attribute name="IntegralT" value="11.000000" />
  <attribute name="IntegralI" value="11.000000" />
  <attribute name="IntegralH" value="11.000000" />
  <attribute name="DerivativeT" value="-6.000000" />
  <attribute name="DerivativeI" value="-6.000000" />
  <attribute name="DerivativeH" value="-6.000000" />
  <attribute name="Loop Time for DT" value="1.000000" />
  <attribute name="Output H" value="8388608"/>
  <attribute name="Output I" value="200"/>
  <attribute name="Output T" value="4"/>
  <attribute name="Target GC Util Change" value ="20.000000" />
  <attribute name="Current GC Util Change" value="31.000000"/>
  <attribute name="GC Util currently" value="31" />
  <attribute name="CPU Util currently" value="4219843965969" />
<allocation-satisfied id="1067" threadId="0000000001467700" bytesRequested="128248" />
<af-end id="1068" timestamp="2019-06-17T06:59:25.644" threadId="0000000001468088" success="true" from="nursery"/>
<exclusive-end id="1069" timestamp="2019-06-17T06:59:25.644" durationms="0.823" />

<exclusive-start id="1070" timestamp="2019-06-17T06:59:25.644" intervalms="1.114">
  <response-info timems="0.116" idlems="0.067" threads="1" lastid="000000000146B300" lastname="JIT Compilation Thread-0" />
</exclusive-start>
<af-start id="1071" threadId="0000000001468088" totalBytesRequested="129072" timestamp="2019-06-17T06:59:25.644" intervalms="1.110" type="nursery" />
<cycle-start id="1072" type="scavenge" contextid="0" timestamp="2019-06-17T06:59:25.644" intervalms="1.065" />
<gc-start id="1073" type="scavenge" contextid="1072" timestamp="2019-06-17T06:59:25.645">
  <mem-info id="1074" free="5021936" total="8388608" percent="59">
    <mem type="nursery" free="114664" total="2097152" percent="5">
      <mem type="allocate" free="114664" total="1835008" percent="6" />
      <mem type="survivor" free="0" total="262144" percent="0" />
    </mem>
    <mem type="tenure" free="4907272" total="6291456" percent="77">
      <mem type="soa" free="4592904" total="5977088" percent="76" />
      <mem type="loa" free="314368" total="314368" percent="100" />
    </mem>
    <remembered-set count="56" />
  </mem-info>
</gc-start>
<allocation-stats totalBytes="1612176" >
  <allocated-bytes non-tlh="1416344" tlh="195832" />
  <largest-consumer threadName="main" threadId="0000000001467700" bytes="1612176" />
</allocation-stats>
<gc-op id="1075" type="scavenge" timems="0.124" contextid="1072" timestamp="2019-06-17T06:59:25.645">
  <scavenger-info tenureage="14" tenuremask="4000" tiltratio="87" />
  <memory-copied type="nursery" objects="2" bytes="64568" bytesdiscarded="39144" />
</gc-op>
<gc-end id="1076" type="scavenge" contextid="1072" durationms="0.315" usertimems="0.000" systemtimems="0.000" timestamp="2019-06-17T06:59:25.645" activeThreads="4">
  <mem-info id="1077" free="6638568" total="8388608" percent="79">
    <mem type="nursery" free="1731296" total="2097152" percent="82">
      <mem type="allocate" free="1731296" total="1835008" percent="94" />
      <mem type="survivor" free="0" total="262144" percent="0" />
    </mem>
    <mem type="tenure" free="4907272" total="6291456" percent="77">
      <mem type="soa" free="4592904" total="5977088" percent="76" />
      <mem type="loa" free="314368" total="314368" percent="100" />
    </mem>
    <remembered-set count="56" />
  </mem-info>
</gc-end>
<cycle-end id="1078" type="scavenge" contextid="1072" timestamp="2019-06-17T06:59:25.645" />
  <attribute name="elasticGC enabled" value="1" />
  <attribute name= "numThreadsSpecified" value="4" />
  <attribute name="heapSize specified" value="0" />
  <attribute name="Current GC Util" value="33" />
  <attribute name= "Current Time Running" value="794" />
  <attribute name ="GC Interval" value="200" />
  <attribute name="ProportionalT" value="13.000000" />
  <attribute name="ProportionalI" value="13.000000" />
  <attribute name="ProportionalH" value="13.000000" />
  <attribute name="Current Error" value="13.000000" />
  <attribute name="IntegralT" value="13.000000" />
  <attribute name="IntegralI" value="13.000000" />
  <attribute name="IntegralH" value="13.000000" />
  <attribute name="DerivativeT" value="2.000000" />
  <attribute name="DerivativeI" value="2.000000" />
  <attribute name="DerivativeH" value="2.000000" />
  <attribute name="Loop Time for DT" value="1.000000" />
  <attribute name="Output H" value="8388608"/>
  <attribute name="Output I" value="200"/>
  <attribute name="Output T" value="4"/>
  <attribute name="Target GC Util Change" value ="20.000000" />
  <attribute name="Current GC Util Change" value="33.000000"/>
  <attribute name="GC Util currently" value="33" />
  <attribute name="CPU Util currently" value="4317193012924" />
<allocation-satisfied id="1079" threadId="0000000001467700" bytesRequested="129072" />
<af-end id="1080" timestamp="2019-06-17T06:59:25.645" threadId="0000000001468088" success="true" from="nursery"/>
<exclusive-end id="1081" timestamp="2019-06-17T06:59:25.645" durationms="0.777" />

<exclusive-start id="1082" timestamp="2019-06-17T06:59:25.645" intervalms="0.996">
  <response-info timems="0.037" idlems="0.037" threads="0" lastid="0000000001467700" lastname="main" />
</exclusive-start>
<af-start id="1083" threadId="0000000001468088" totalBytesRequested="64952" timestamp="2019-06-17T06:59:25.645" intervalms="0.998" type="nursery" />
<cycle-start id="1084" type="scavenge" contextid="0" timestamp="2019-06-17T06:59:25.645" intervalms="0.998" />
<gc-start id="1085" type="scavenge" contextid="1084" timestamp="2019-06-17T06:59:25.646">
  <mem-info id="1086" free="4907272" total="8388608" percent="58">
    <mem type="nursery" free="0" total="2097152" percent="0">
      <mem type="allocate" free="0" total="1835008" percent="0" />
      <mem type="survivor" free="0" total="262144" percent="0" />
    </mem>
    <mem type="tenure" free="4907272" total="6291456" percent="77">
      <mem type="soa" free="4592904" total="5977088" percent="76" />
      <mem type="loa" free="314368" total="314368" percent="100" />
    </mem>
    <remembered-set count="56" />
  </mem-info>
</gc-start>
<allocation-stats totalBytes="1683456" >
  <allocated-bytes non-tlh="1553480" tlh="129976" />
  <largest-consumer threadName="main" threadId="0000000001467700" bytes="1683456" />
</allocation-stats>
<gc-op id="1087" type="scavenge" timems="0.122" contextid="1084" timestamp="2019-06-17T06:59:25.646">
  <scavenger-info tenureage="14" tenuremask="4000" tiltratio="87" />
  <memory-copied type="nursery" objects="1" bytes="129696" bytesdiscarded="0" />
</gc-op>
<gc-end id="1088" type="scavenge" contextid="1084" durationms="0.315" usertimems="0.000" systemtimems="0.000" timestamp="2019-06-17T06:59:25.646" activeThreads="4">
  <mem-info id="1089" free="6612584" total="8388608" percent="78">
    <mem type="nursery" free="1705312" total="2097152" percent="81">
      <mem type="allocate" free="1705312" total="1835008" percent="92" />
      <mem type="survivor" free="0" total="262144" percent="0" />
    </mem>
    <mem type="tenure" free="4907272" total="6291456" percent="77">
      <mem type="soa" free="4592904" total="5977088" percent="76" />
      <mem type="loa" free="314368" total="314368" percent="100" />
    </mem>
    <remembered-set count="56" />
  </mem-info>
</gc-end>
<cycle-end id="1090" type="scavenge" contextid="1084" timestamp="2019-06-17T06:59:25.646" />
  <attribute name="elasticGC enabled" value="1" />
  <attribute name= "numThreadsSpecified" value="4" />
  <attribute name="heapSize specified" value="0" />
  <attribute name="Current GC Util" value="34" />
  <attribute name= "Current Time Running" value="795" />
  <attribute name ="GC Interval" value="200" />
  <attribute name="ProportionalT" value="14.000000" />
  <attribute name="ProportionalI" value="14.000000" />
  <attribute name="ProportionalH" value="14.000000" />
  <attribute name="Current Error" value="14.000000" />
  <attribute name="IntegralT" value="14.000000" />
  <attribute name="IntegralI" value="14.000000" />
  <attribute name="IntegralH" value="14.000000" />
  <attribute name="DerivativeT" value="1.000000" />
  <attribute name="DerivativeI" value="1.000000" />
  <attribute name="DerivativeH" value="1.000000" />
  <attribute name="Loop Time for DT" value="1.000000" />
  <attribute name="Output H" value="8388608"/>
  <attribute name="Output I" value="200"/>
  <attribute name="Output T" value="4"/>
  <attribute name="Target GC Util Change" value ="20.000000" />
  <attribute name="Current GC Util Change" value="34.000000"/>
  <attribute name="GC Util currently" value="34" />
  <attribute name="CPU Util currently" value="4627553899420" />
<allocation-satisfied id="1091" threadId="0000000001467700" bytesRequested="64952" />
<af-end id="1092" timestamp="2019-06-17T06:59:25.646" threadId="0000000001468088" success="true" from="nursery"/>
<exclusive-end id="1093" timestamp="2019-06-17T06:59:25.646" durationms="0.771" />

<exclusive-start id="1094" timestamp="2019-06-17T06:59:25.646" intervalms="0.992">
  <response-info timems="0.036" idlems="0.036" threads="0" lastid="0000000001467700" lastname="main" />
</exclusive-start>
<af-start id="1095" threadId="0000000001468088" totalBytesRequested="130704" timestamp="2019-06-17T06:59:25.646" intervalms="0.995" type="nursery" />
<cycle-start id="1096" type="scavenge" contextid="0" timestamp="2019-06-17T06:59:25.646" intervalms="0.995" />
<gc-start id="1097" type="scavenge" contextid="1096" timestamp="2019-06-17T06:59:25.646">
  <mem-info id="1098" free="4919088" total="8388608" percent="58">
    <mem type="nursery" free="11816" total="2097152" percent="0">
      <mem type="allocate" free="11816" total="1835008" percent="0" />
      <mem type="survivor" free="0" total="262144" percent="0" />
    </mem>
    <mem type="tenure" free="4907272" total="6291456" percent="77">
      <mem type="soa" free="4592904" total="5977088" percent="76" />
      <mem type="loa" free="314368" total="314368" percent="100" />
    </mem>
    <remembered-set count="56" />
  </mem-info>
</gc-start>
<allocation-stats totalBytes="1693392" >
  <allocated-bytes non-tlh="1496888" tlh="196504" />
  <largest-consumer threadName="main" threadId="0000000001467700" bytes="1693392" />
</allocation-stats>
<gc-op id="1099" type="scavenge" timems="0.122" contextid="1096" timestamp="2019-06-17T06:59:25.647">
  <scavenger-info tenureage="14" tenuremask="4000" tiltratio="87" />
  <memory-copied type="nursery" objects="2" bytes="65376" bytesdiscarded="39144" />
</gc-op>
<gc-end id="1100" type="scavenge" contextid="1096" durationms="0.309" usertimems="0.000" systemtimems="4.000" timestamp="2019-06-17T06:59:25.647" activeThreads="4">
  <mem-info id="1101" free="6637760" total="8388608" percent="79">
    <mem type="nursery" free="1730488" total="2097152" percent="82">
      <mem type="allocate" free="1730488" total="1835008" percent="94" />
      <mem type="survivor" free="0" total="262144" percent="0" />
    </mem>
    <mem type="tenure" free="4907272" total="6291456" percent="77">
      <mem type="soa" free="4592904" total="5977088" percent="76" />
      <mem type="loa" free="314368" total="314368" percent="100" />
    </mem>
    <remembered-set count="56" />
  </mem-info>
</gc-end>
<cycle-end id="1102" type="scavenge" contextid="1096" timestamp="2019-06-17T06:59:25.647" />
  <attribute name="elasticGC enabled" value="1" />
  <attribute name= "numThreadsSpecified" value="4" />
  <attribute name="heapSize specified" value="0" />
  <attribute name="Current GC Util" value="34" />
  <attribute name= "Current Time Running" value="796" />
  <attribute name ="GC Interval" value="200" />
  <attribute name="ProportionalT" value="14.000000" />
  <attribute name="ProportionalI" value="14.000000" />
  <attribute name="ProportionalH" value="14.000000" />
  <attribute name="Current Error" value="14.000000" />
  <attribute name="IntegralT" value="14.000000" />
  <attribute name="IntegralI" value="14.000000" />
  <attribute name="IntegralH" value="14.000000" />
  <attribute name="DerivativeT" value="0.000000" />
  <attribute name="DerivativeI" value="0.000000" />
  <attribute name="DerivativeH" value="0.000000" />
  <attribute name="Loop Time for DT" value="1.000000" />
  <attribute name="Output H" value="8388608"/>
  <attribute name="Output I" value="200"/>
  <attribute name="Output T" value="4"/>
  <attribute name="Target GC Util Change" value ="20.000000" />
  <attribute name="Current GC Util Change" value="34.000000"/>
  <attribute name="GC Util currently" value="34" />
  <attribute name="CPU Util currently" value="4632118290872" />
<allocation-satisfied id="1103" threadId="0000000001467700" bytesRequested="130704" />
<af-end id="1104" timestamp="2019-06-17T06:59:25.647" threadId="0000000001468088" success="true" from="nursery"/>
<exclusive-end id="1105" timestamp="2019-06-17T06:59:25.647" durationms="0.791" />

<exclusive-start id="1106" timestamp="2019-06-17T06:59:25.647" intervalms="0.972">
  <response-info timems="0.025" idlems="0.025" threads="0" lastid="0000000001467700" lastname="main" />
</exclusive-start>
<af-start id="1107" threadId="0000000001468088" totalBytesRequested="131704" timestamp="2019-06-17T06:59:25.647" intervalms="0.963" type="nursery" />
<cycle-start id="1108" type="scavenge" contextid="0" timestamp="2019-06-17T06:59:25.647" intervalms="0.968" />
<gc-start id="1109" type="scavenge" contextid="1108" timestamp="2019-06-17T06:59:25.647">
  <mem-info id="1110" free="5059664" total="8388608" percent="60">
    <mem type="nursery" free="152392" total="2097152" percent="7">
      <mem type="allocate" free="152392" total="1835008" percent="8" />
      <mem type="survivor" free="0" total="262144" percent="0" />
    </mem>
    <mem type="tenure" free="4907272" total="6291456" percent="77">
      <mem type="soa" free="4592904" total="5977088" percent="76" />
      <mem type="loa" free="314368" total="314368" percent="100" />
    </mem>
    <remembered-set count="56" />
  </mem-info>
</gc-start>
<allocation-stats totalBytes="1578096" >
  <allocated-bytes non-tlh="1508464" tlh="69632" />
  <largest-consumer threadName="main" threadId="0000000001467700" bytes="1578096" />
</allocation-stats>
<gc-op id="1111" type="scavenge" timems="0.140" contextid="1108" timestamp="2019-06-17T06:59:25.648">
  <scavenger-info tenureage="14" tenuremask="4000" tiltratio="87" />
  <memory-copied type="nursery" objects="2" bytes="65880" bytesdiscarded="39144" />
</gc-op>
<gc-end id="1112" type="scavenge" contextid="1108" durationms="0.308" usertimems="0.000" systemtimems="0.000" timestamp="2019-06-17T06:59:25.648" activeThreads="4">
  <mem-info id="1113" free="6637256" total="8388608" percent="79">
    <mem type="nursery" free="1729984" total="2097152" percent="82">
      <mem type="allocate" free="1729984" total="1835008" percent="94" />
      <mem type="survivor" free="0" total="262144" percent="0" />
    </mem>
    <mem type="tenure" free="4907272" total="6291456" percent="77">
      <mem type="soa" free="4592904" total="5977088" percent="76" />
      <mem type="loa" free="314368" total="314368" percent="100" />
    </mem>
    <remembered-set count="56" />
  </mem-info>
</gc-end>
<cycle-end id="1114" type="scavenge" contextid="1108" timestamp="2019-06-17T06:59:25.648" />
  <attribute name="elasticGC enabled" value="1" />
  <attribute name= "numThreadsSpecified" value="4" />
  <attribute name="heapSize specified" value="0" />
  <attribute name="Current GC Util" value="37" />
  <attribute name= "Current Time Running" value="797" />
  <attribute name ="GC Interval" value="200" />
  <attribute name="ProportionalT" value="17.000000" />
  <attribute name="ProportionalI" value="17.000000" />
  <attribute name="ProportionalH" value="17.000000" />
  <attribute name="Current Error" value="17.000000" />
  <attribute name="IntegralT" value="17.000000" />
  <attribute name="IntegralI" value="17.000000" />
  <attribute name="IntegralH" value="17.000000" />
  <attribute name="DerivativeT" value="3.000000" />
  <attribute name="DerivativeI" value="3.000000" />
  <attribute name="DerivativeH" value="3.000000" />
  <attribute name="Loop Time for DT" value="1.000000" />
  <attribute name="Output H" value="8388608"/>
  <attribute name="Output I" value="200"/>
  <attribute name="Output T" value="4"/>
  <attribute name="Target GC Util Change" value ="20.000000" />
  <attribute name="Current GC Util Change" value="37.000000"/>
  <attribute name="GC Util currently" value="37" />
  <attribute name="CPU Util currently" value="4878062368858" />
<allocation-satisfied id="1115" threadId="0000000001467700" bytesRequested="131704" />
<af-end id="1116" timestamp="2019-06-17T06:59:25.648" threadId="0000000001468088" success="true" from="nursery"/>
<exclusive-end id="1117" timestamp="2019-06-17T06:59:25.648" durationms="0.732" />

<exclusive-start id="1118" timestamp="2019-06-17T06:59:25.648" intervalms="0.910">
  <response-info timems="0.023" idlems="0.023" threads="0" lastid="0000000001467700" lastname="main" />
</exclusive-start>
<af-start id="1119" threadId="0000000001468088" totalBytesRequested="132632" timestamp="2019-06-17T06:59:25.648" intervalms="0.913" type="nursery" />
<cycle-start id="1120" type="scavenge" contextid="0" timestamp="2019-06-17T06:59:25.648" intervalms="0.901" />
<gc-start id="1121" type="scavenge" contextid="1120" timestamp="2019-06-17T06:59:25.648">
  <mem-info id="1122" free="4986320" total="8388608" percent="59">
    <mem type="nursery" free="79048" total="2097152" percent="3">
      <mem type="allocate" free="79048" total="1835008" percent="4" />
      <mem type="survivor" free="0" total="262144" percent="0" />
    </mem>
    <mem type="tenure" free="4907272" total="6291456" percent="77">
      <mem type="soa" free="4592904" total="5977088" percent="76" />
      <mem type="loa" free="314368" total="314368" percent="100" />
    </mem>
    <remembered-set count="56" />
  </mem-info>
</gc-start>
<allocation-stats totalBytes="1650936" >
  <allocated-bytes non-tlh="1585400" tlh="65536" />
  <largest-consumer threadName="main" threadId="0000000001467700" bytes="1650936" />
</allocation-stats>
<gc-op id="1123" type="scavenge" timems="0.139" contextid="1120" timestamp="2019-06-17T06:59:25.649">
  <scavenger-info tenureage="14" tenuremask="4000" tiltratio="87" />
  <memory-copied type="nursery" objects="2" bytes="66344" bytesdiscarded="39144" />
</gc-op>
<gc-end id="1124" type="scavenge" contextid="1120" durationms="0.306" usertimems="0.000" systemtimems="0.000" timestamp="2019-06-17T06:59:25.649" activeThreads="4">
  <mem-info id="1125" free="6636792" total="8388608" percent="79">
    <mem type="nursery" free="1729520" total="2097152" percent="82">
      <mem type="allocate" free="1729520" total="1835008" percent="94" />
      <mem type="survivor" free="0" total="262144" percent="0" />
    </mem>
    <mem type="tenure" free="4907272" total="6291456" percent="77">
      <mem type="soa" free="4592904" total="5977088" percent="76" />
      <mem type="loa" free="314368" total="314368" percent="100" />
    </mem>
    <remembered-set count="56" />
  </mem-info>
</gc-end>
<cycle-end id="1126" type="scavenge" contextid="1120" timestamp="2019-06-17T06:59:25.649" />
  <attribute name="elasticGC enabled" value="1" />
  <attribute name= "numThreadsSpecified" value="4" />
  <attribute name="heapSize specified" value="0" />
  <attribute name="Current GC Util" value="39" />
  <attribute name= "Current Time Running" value="798" />
  <attribute name ="GC Interval" value="200" />
  <attribute name="ProportionalT" value="19.000000" />
  <attribute name="ProportionalI" value="19.000000" />
  <attribute name="ProportionalH" value="19.000000" />
  <attribute name="Current Error" value="19.000000" />
  <attribute name="IntegralT" value="19.000000" />
  <attribute name="IntegralI" value="19.000000" />
  <attribute name="IntegralH" value="19.000000" />
  <attribute name="DerivativeT" value="2.000000" />
  <attribute name="DerivativeI" value="2.000000" />
  <attribute name="DerivativeH" value="2.000000" />
  <attribute name="Loop Time for DT" value="1.000000" />
  <attribute name="Output H" value="8388608"/>
  <attribute name="Output I" value="200"/>
  <attribute name="Output T" value="4"/>
  <attribute name="Target GC Util Change" value ="20.000000" />
  <attribute name="Current GC Util Change" value="39.000000"/>
  <attribute name="GC Util currently" value="39" />
  <attribute name="CPU Util currently" value="5105053724135" />
<allocation-satisfied id="1127" threadId="0000000001467700" bytesRequested="132632" />
<af-end id="1128" timestamp="2019-06-17T06:59:25.649" threadId="0000000001468088" success="true" from="nursery"/>
<exclusive-end id="1129" timestamp="2019-06-17T06:59:25.649" durationms="0.719" />

<exclusive-start id="1130" timestamp="2019-06-17T06:59:25.649" intervalms="0.897">
  <response-info timems="0.023" idlems="0.023" threads="0" lastid="0000000001467700" lastname="main" />
</exclusive-start>
<af-start id="1131" threadId="0000000001468088" totalBytesRequested="133376" timestamp="2019-06-17T06:59:25.649" intervalms="0.898" type="nursery" />
<cycle-start id="1132" type="scavenge" contextid="0" timestamp="2019-06-17T06:59:25.649" intervalms="0.898" />
<gc-start id="1133" type="scavenge" contextid="1132" timestamp="2019-06-17T06:59:25.649">
  <mem-info id="1134" free="4979576" total="8388608" percent="59">
    <mem type="nursery" free="72304" total="2097152" percent="3">
      <mem type="allocate" free="72304" total="1835008" percent="3" />
      <mem type="survivor" free="0" total="262144" percent="0" />
    </mem>
    <mem type="tenure" free="4907272" total="6291456" percent="77">
      <mem type="soa" free="4592904" total="5977088" percent="76" />
      <mem type="loa" free="314368" total="314368" percent="100" />
    </mem>
    <remembered-set count="56" />
  </mem-info>
</gc-start>
<allocation-stats totalBytes="1657216" >
  <allocated-bytes non-tlh="1595776" tlh="61440" />
  <largest-consumer threadName="main" threadId="0000000001467700" bytes="1657216" />
</allocation-stats>
<gc-op id="1135" type="scavenge" timems="0.137" contextid="1132" timestamp="2019-06-17T06:59:25.649">
  <scavenger-info tenureage="14" tenuremask="4000" tiltratio="87" />
  <memory-copied type="nursery" objects="2" bytes="66720" bytesdiscarded="39144" />
</gc-op>
<gc-end id="1136" type="scavenge" contextid="1132" durationms="0.304" usertimems="0.000" systemtimems="0.000" timestamp="2019-06-17T06:59:25.650" activeThreads="4">
  <mem-info id="1137" free="6636416" total="8388608" percent="79">
    <mem type="nursery" free="1729144" total="2097152" percent="82">
      <mem type="allocate" free="1729144" total="1835008" percent="94" />
      <mem type="survivor" free="0" total="262144" percent="0" />
    </mem>
    <mem type="tenure" free="4907272" total="6291456" percent="77">
      <mem type="soa" free="4592904" total="5977088" percent="76" />
      <mem type="loa" free="314368" total="314368" percent="100" />
    </mem>
    <remembered-set count="56" />
  </mem-info>
</gc-end>
<cycle-end id="1138" type="scavenge" contextid="1132" timestamp="2019-06-17T06:59:25.650" />
  <attribute name="elasticGC enabled" value="1" />
  <attribute name= "numThreadsSpecified" value="4" />
  <attribute name="heapSize specified" value="0" />
  <attribute name="Current GC Util" value="38" />
  <attribute name= "Current Time Running" value="799" />
  <attribute name ="GC Interval" value="200" />
  <attribute name="ProportionalT" value="18.000000" />
  <attribute name="ProportionalI" value="18.000000" />
  <attribute name="ProportionalH" value="18.000000" />
  <attribute name="Current Error" value="18.000000" />
  <attribute name="IntegralT" value="18.000000" />
  <attribute name="IntegralI" value="18.000000" />
  <attribute name="IntegralH" value="18.000000" />
  <attribute name="DerivativeT" value="-1.000000" />
  <attribute name="DerivativeI" value="-1.000000" />
  <attribute name="DerivativeH" value="-1.000000" />
  <attribute name="Loop Time for DT" value="1.000000" />
  <attribute name="Output H" value="8388608"/>
  <attribute name="Output I" value="200"/>
  <attribute name="Output T" value="4"/>
  <attribute name="Target GC Util Change" value ="20.000000" />
  <attribute name="Current GC Util Change" value="38.000000"/>
  <attribute name="GC Util currently" value="38" />
  <attribute name="CPU Util currently" value="5140826107481" />
<allocation-satisfied id="1139" threadId="0000000001467700" bytesRequested="133376" />
<af-end id="1140" timestamp="2019-06-17T06:59:25.650" threadId="0000000001468088" success="true" from="nursery"/>
<exclusive-end id="1141" timestamp="2019-06-17T06:59:25.650" durationms="0.712" />

<exclusive-start id="1142" timestamp="2019-06-17T06:59:25.650" intervalms="0.890">
  <response-info timems="0.024" idlems="0.024" threads="0" lastid="0000000001467700" lastname="main" />
</exclusive-start>
<af-start id="1143" threadId="0000000001468088" totalBytesRequested="134072" timestamp="2019-06-17T06:59:25.650" intervalms="0.886" type="nursery" />
<cycle-start id="1144" type="scavenge" contextid="0" timestamp="2019-06-17T06:59:25.650" intervalms="0.885" />
<gc-start id="1145" type="scavenge" contextid="1144" timestamp="2019-06-17T06:59:25.650">
  <mem-info id="1146" free="4970912" total="8388608" percent="59">
    <mem type="nursery" free="63640" total="2097152" percent="3">
      <mem type="allocate" free="63640" total="1835008" percent="3" />
      <mem type="survivor" free="0" total="262144" percent="0" />
    </mem>
    <mem type="tenure" free="4907272" total="6291456" percent="77">
      <mem type="soa" free="4592904" total="5977088" percent="76" />
      <mem type="loa" free="314368" total="314368" percent="100" />
    </mem>
    <remembered-set count="56" />
  </mem-info>
</gc-start>
<allocation-stats totalBytes="1665504" >
  <allocated-bytes non-tlh="1604064" tlh="61440" />
  <largest-consumer threadName="main" threadId="0000000001467700" bytes="1665504" />
</allocation-stats>
<gc-op id="1147" type="scavenge" timems="0.137" contextid="1144" timestamp="2019-06-17T06:59:25.650">
  <scavenger-info tenureage="14" tenuremask="4000" tiltratio="87" />
  <memory-copied type="nursery" objects="2" bytes="67064" bytesdiscarded="39144" />
</gc-op>
<gc-end id="1148" type="scavenge" contextid="1144" durationms="0.304" usertimems="0.000" systemtimems="0.000" timestamp="2019-06-17T06:59:25.650" activeThreads="4">
  <mem-info id="1149" free="6636072" total="8388608" percent="79">
    <mem type="nursery" free="1728800" total="2097152" percent="82">
      <mem type="allocate" free="1728800" total="1835008" percent="94" />
      <mem type="survivor" free="0" total="262144" percent="0" />
    </mem>
    <mem type="tenure" free="4907272" total="6291456" percent="77">
      <mem type="soa" free="4592904" total="5977088" percent="76" />
      <mem type="loa" free="314368" total="314368" percent="100" />
    </mem>
    <remembered-set count="56" />
  </mem-info>
</gc-end>
<cycle-end id="1150" type="scavenge" contextid="1144" timestamp="2019-06-17T06:59:25.651" />
  <attribute name="elasticGC enabled" value="1" />
  <attribute name= "numThreadsSpecified" value="4" />
  <attribute name="heapSize specified" value="0" />
  <attribute name="Current GC Util" value="38" />
  <attribute name= "Current Time Running" value="800" />
  <attribute name ="GC Interval" value="200" />
  <attribute name="ProportionalT" value="18.000000" />
  <attribute name="ProportionalI" value="18.000000" />
  <attribute name="ProportionalH" value="18.000000" />
  <attribute name="Current Error" value="18.000000" />
  <attribute name="IntegralT" value="18.000000" />
  <attribute name="IntegralI" value="18.000000" />
  <attribute name="IntegralH" value="18.000000" />
  <attribute name="DerivativeT" value="0.000000" />
  <attribute name="DerivativeI" value="0.000000" />
  <attribute name="DerivativeH" value="0.000000" />
  <attribute name="Loop Time for DT" value="1.000000" />
  <attribute name="Output H" value="8388608"/>
  <attribute name="Output I" value="200"/>
  <attribute name="Output T" value="4"/>
  <attribute name="Target GC Util Change" value ="20.000000" />
  <attribute name="Current GC Util Change" value="38.000000"/>
  <attribute name="GC Util currently" value="38" />
  <attribute name="CPU Util currently" value="5205427487088" />
<allocation-satisfied id="1151" threadId="0000000001467700" bytesRequested="134072" />
<af-end id="1152" timestamp="2019-06-17T06:59:25.651" threadId="0000000001468088" success="true" from="nursery"/>
<exclusive-end id="1153" timestamp="2019-06-17T06:59:25.651" durationms="0.712" />

<exclusive-start id="1154" timestamp="2019-06-17T06:59:25.651" intervalms="0.897">
  <response-info timems="0.023" idlems="0.023" threads="0" lastid="0000000001467700" lastname="main" />
</exclusive-start>
<af-start id="1155" threadId="0000000001468088" totalBytesRequested="134840" timestamp="2019-06-17T06:59:25.651" intervalms="0.902" type="nursery" />
<cycle-start id="1156" type="scavenge" contextid="0" timestamp="2019-06-17T06:59:25.651" intervalms="0.939" />
<gc-start id="1157" type="scavenge" contextid="1156" timestamp="2019-06-17T06:59:25.651">
  <mem-info id="1158" free="4962072" total="8388608" percent="59">
    <mem type="nursery" free="54800" total="2097152" percent="2">
      <mem type="allocate" free="54800" total="1835008" percent="2" />
      <mem type="survivor" free="0" total="262144" percent="0" />
    </mem>
    <mem type="tenure" free="4907272" total="6291456" percent="77">
      <mem type="soa" free="4592904" total="5977088" percent="76" />
      <mem type="loa" free="314368" total="314368" percent="100" />
    </mem>
    <remembered-set count="56" />
  </mem-info>
</gc-start>
<allocation-stats totalBytes="1674000" >
  <allocated-bytes non-tlh="1612560" tlh="61440" />
  <largest-consumer threadName="main" threadId="0000000001467700" bytes="1674000" />
</allocation-stats>
<gc-op id="1159" type="scavenge" timems="0.138" contextid="1156" timestamp="2019-06-17T06:59:25.651">
  <scavenger-info tenureage="14" tenuremask="4000" tiltratio="87" />
  <memory-copied type="nursery" objects="2" bytes="67448" bytesdiscarded="39144" />
</gc-op>
<gc-end id="1160" type="scavenge" contextid="1156" durationms="0.305" usertimems="4.000" systemtimems="0.000" timestamp="2019-06-17T06:59:25.651" activeThreads="4">
  <mem-info id="1161" free="6635688" total="8388608" percent="79">
    <mem type="nursery" free="1728416" total="2097152" percent="82">
      <mem type="allocate" free="1728416" total="1835008" percent="94" />
      <mem type="survivor" free="0" total="262144" percent="0" />
    </mem>
    <mem type="tenure" free="4907272" total="6291456" percent="77">
      <mem type="soa" free="4592904" total="5977088" percent="76" />
      <mem type="loa" free="314368" total="314368" percent="100" />
    </mem>
    <remembered-set count="56" />
  </mem-info>
</gc-end>
<cycle-end id="1162" type="scavenge" contextid="1156" timestamp="2019-06-17T06:59:25.651" />
  <attribute name="elasticGC enabled" value="1" />
  <attribute name= "numThreadsSpecified" value="4" />
  <attribute name="heapSize specified" value="0" />
  <attribute name="Current GC Util" value="36" />
  <attribute name= "Current Time Running" value="801" />
  <attribute name ="GC Interval" value="200" />
  <attribute name="ProportionalT" value="16.000000" />
  <attribute name="ProportionalI" value="16.000000" />
  <attribute name="ProportionalH" value="16.000000" />
  <attribute name="Current Error" value="16.000000" />
  <attribute name="IntegralT" value="16.000000" />
  <attribute name="IntegralI" value="16.000000" />
  <attribute name="IntegralH" value="16.000000" />
  <attribute name="DerivativeT" value="-2.000000" />
  <attribute name="DerivativeI" value="-2.000000" />
  <attribute name="DerivativeH" value="-2.000000" />
  <attribute name="Loop Time for DT" value="1.000000" />
  <attribute name="Output H" value="8388608"/>
  <attribute name="Output I" value="200"/>
  <attribute name="Output T" value="4"/>
  <attribute name="Target GC Util Change" value ="20.000000" />
  <attribute name="Current GC Util Change" value="36.000000"/>
  <attribute name="GC Util currently" value="36" />
  <attribute name="CPU Util currently" value="4927862609965" />
<allocation-satisfied id="1163" threadId="0000000001467700" bytesRequested="134840" />
<af-end id="1164" timestamp="2019-06-17T06:59:25.652" threadId="0000000001468088" success="true" from="nursery"/>
<exclusive-end id="1165" timestamp="2019-06-17T06:59:25.652" durationms="0.843" />

<exclusive-start id="1166" timestamp="2019-06-17T06:59:25.652" intervalms="1.020">
  <response-info timems="0.023" idlems="0.023" threads="0" lastid="0000000001467700" lastname="main" />
</exclusive-start>
<af-start id="1167" threadId="0000000001468088" totalBytesRequested="135640" timestamp="2019-06-17T06:59:25.652" intervalms="1.020" type="nursery" />
<cycle-start id="1168" type="scavenge" contextid="0" timestamp="2019-06-17T06:59:25.652" intervalms="0.985" />
<gc-start id="1169" type="scavenge" contextid="1168" timestamp="2019-06-17T06:59:25.652">
  <mem-info id="1170" free="4951984" total="8388608" percent="59">
    <mem type="nursery" free="44712" total="2097152" percent="2">
      <mem type="allocate" free="44712" total="1835008" percent="2" />
      <mem type="survivor" free="0" total="262144" percent="0" />
    </mem>
    <mem type="tenure" free="4907272" total="6291456" percent="77">
      <mem type="soa" free="4592904" total="5977088" percent="76" />
      <mem type="loa" free="314368" total="314368" percent="100" />
    </mem>
    <remembered-set count="56" />
  </mem-info>
</gc-start>
<allocation-stats totalBytes="1683704" >
  <allocated-bytes non-tlh="1622264" tlh="61440" />
  <largest-consumer threadName="main" threadId="0000000001467700" bytes="1683704" />
</allocation-stats>
<gc-op id="1171" type="scavenge" timems="0.138" contextid="1168" timestamp="2019-06-17T06:59:25.652">
  <scavenger-info tenureage="14" tenuremask="4000" tiltratio="87" />
  <memory-copied type="nursery" objects="2" bytes="67848" bytesdiscarded="39144" />
</gc-op>
<gc-end id="1172" type="scavenge" contextid="1168" durationms="0.306" usertimems="0.000" systemtimems="0.000" timestamp="2019-06-17T06:59:25.652" activeThreads="4">
  <mem-info id="1173" free="6635288" total="8388608" percent="79">
    <mem type="nursery" free="1728016" total="2097152" percent="82">
      <mem type="allocate" free="1728016" total="1835008" percent="94" />
      <mem type="survivor" free="0" total="262144" percent="0" />
    </mem>
    <mem type="tenure" free="4907272" total="6291456" percent="77">
      <mem type="soa" free="4592904" total="5977088" percent="76" />
      <mem type="loa" free="314368" total="314368" percent="100" />
    </mem>
    <remembered-set count="56" />
  </mem-info>
</gc-end>
<cycle-end id="1174" type="scavenge" contextid="1168" timestamp="2019-06-17T06:59:25.652" />
  <attribute name="elasticGC enabled" value="1" />
  <attribute name= "numThreadsSpecified" value="4" />
  <attribute name="heapSize specified" value="0" />
  <attribute name="Current GC Util" value="34" />
  <attribute name= "Current Time Running" value="802" />
  <attribute name ="GC Interval" value="200" />
  <attribute name="ProportionalT" value="14.000000" />
  <attribute name="ProportionalI" value="14.000000" />
  <attribute name="ProportionalH" value="14.000000" />
  <attribute name="Current Error" value="14.000000" />
  <attribute name="IntegralT" value="14.000000" />
  <attribute name="IntegralI" value="14.000000" />
  <attribute name="IntegralH" value="14.000000" />
  <attribute name="DerivativeT" value="-2.000000" />
  <attribute name="DerivativeI" value="-2.000000" />
  <attribute name="DerivativeH" value="-2.000000" />
  <attribute name="Loop Time for DT" value="1.000000" />
  <attribute name="Output H" value="8388608"/>
  <attribute name="Output I" value="200"/>
  <attribute name="Output T" value="4"/>
  <attribute name="Target GC Util Change" value ="20.000000" />
  <attribute name="Current GC Util Change" value="34.000000"/>
  <attribute name="GC Util currently" value="34" />
  <attribute name="CPU Util currently" value="4657229060017" />
<allocation-satisfied id="1175" threadId="0000000001467700" bytesRequested="135640" />
<af-end id="1176" timestamp="2019-06-17T06:59:25.653" threadId="0000000001468088" success="true" from="nursery"/>
<exclusive-end id="1177" timestamp="2019-06-17T06:59:25.653" durationms="0.722" />

<exclusive-start id="1178" timestamp="2019-06-17T06:59:25.653" intervalms="0.909">
  <response-info timems="0.022" idlems="0.022" threads="0" lastid="0000000001467700" lastname="main" />
</exclusive-start>
<af-start id="1179" threadId="0000000001468088" totalBytesRequested="136376" timestamp="2019-06-17T06:59:25.653" intervalms="0.905" type="nursery" />
<cycle-start id="1180" type="scavenge" contextid="0" timestamp="2019-06-17T06:59:25.653" intervalms="0.904" />
<gc-start id="1181" type="scavenge" contextid="1180" timestamp="2019-06-17T06:59:25.653">
  <mem-info id="1182" free="4942280" total="8388608" percent="58">
    <mem type="nursery" free="35008" total="2097152" percent="1">
      <mem type="allocate" free="35008" total="1835008" percent="1" />
      <mem type="survivor" free="0" total="262144" percent="0" />
    </mem>
    <mem type="tenure" free="4907272" total="6291456" percent="77">
      <mem type="soa" free="4592904" total="5977088" percent="76" />
      <mem type="loa" free="314368" total="314368" percent="100" />
    </mem>
    <remembered-set count="56" />
  </mem-info>
</gc-start>
<allocation-stats totalBytes="1693008" >
  <allocated-bytes non-tlh="1631568" tlh="61440" />
  <largest-consumer threadName="main" threadId="0000000001467700" bytes="1693008" />
</allocation-stats>
<gc-op id="1183" type="scavenge" timems="0.093" contextid="1180" timestamp="2019-06-17T06:59:25.653">
  <scavenger-info tenureage="14" tenuremask="4000" tiltratio="87" />
  <memory-copied type="nursery" objects="2" bytes="68216" bytesdiscarded="39144" />
</gc-op>
<gc-end id="1184" type="scavenge" contextid="1180" durationms="0.257" usertimems="0.000" systemtimems="0.000" timestamp="2019-06-17T06:59:25.653" activeThreads="1">
  <mem-info id="1185" free="6634920" total="8388608" percent="79">
    <mem type="nursery" free="1727648" total="2097152" percent="82">
      <mem type="allocate" free="1727648" total="1835008" percent="94" />
      <mem type="survivor" free="0" total="262144" percent="0" />
    </mem>
    <mem type="tenure" free="4907272" total="6291456" percent="77">
      <mem type="soa" free="4592904" total="5977088" percent="76" />
      <mem type="loa" free="314368" total="314368" percent="100" />
    </mem>
    <remembered-set count="56" />
  </mem-info>
</gc-end>
<cycle-end id="1186" type="scavenge" contextid="1180" timestamp="2019-06-17T06:59:25.653" />
  <attribute name="elasticGC enabled" value="1" />
  <attribute name= "numThreadsSpecified" value="1" />
  <attribute name="heapSize specified" value="0" />
  <attribute name="Current GC Util" value="38" />
  <attribute name= "Current Time Running" value="802" />
  <attribute name ="GC Interval" value="200" />
  <attribute name="ProportionalT" value="18.000000" />
  <attribute name="ProportionalI" value="18.000000" />
  <attribute name="ProportionalH" value="18.000000" />
  <attribute name="Current Error" value="18.000000" />
  <attribute name="IntegralT" value="0.000000" />
  <attribute name="IntegralI" value="0.000000" />
  <attribute name="IntegralH" value="0.000000" />
  <attribute name="DerivativeT" value="inf" />
  <attribute name="DerivativeI" value="inf" />
  <attribute name="DerivativeH" value="inf" />
  <attribute name="Loop Time for DT" value="0.000000" />
  <attribute name="Output H" value="8388608"/>
  <attribute name="Output I" value="200"/>
  <attribute name="Output T" value="1"/>
  <attribute name="Target GC Util Change" value ="20.000000" />
  <attribute name="Current GC Util Change" value="38.000000"/>
  <attribute name="GC Util currently" value="38" />
  <attribute name="CPU Util currently" value="5110558273451" />
<allocation-satisfied id="1187" threadId="0000000001467700" bytesRequested="136376" />
<af-end id="1188" timestamp="2019-06-17T06:59:25.653" threadId="0000000001468088" success="true" from="nursery"/>
<exclusive-end id="1189" timestamp="2019-06-17T06:59:25.653" durationms="0.669" />

<exclusive-start id="1190" timestamp="2019-06-17T06:59:25.654" intervalms="0.854">
  <response-info timems="0.024" idlems="0.024" threads="0" lastid="0000000001467700" lastname="main" />
</exclusive-start>
<af-start id="1191" threadId="0000000001468088" totalBytesRequested="137216" timestamp="2019-06-17T06:59:25.654" intervalms="0.854" type="nursery" />
<cycle-start id="1192" type="scavenge" contextid="0" timestamp="2019-06-17T06:59:25.654" intervalms="0.854" />
<gc-start id="1193" type="scavenge" contextid="1192" timestamp="2019-06-17T06:59:25.654">
  <mem-info id="1194" free="4932496" total="8388608" percent="58">
    <mem type="nursery" free="25224" total="2097152" percent="1">
      <mem type="allocate" free="25224" total="1835008" percent="1" />
      <mem type="survivor" free="0" total="262144" percent="0" />
    </mem>
    <mem type="tenure" free="4907272" total="6291456" percent="77">
      <mem type="soa" free="4592904" total="5977088" percent="76" />
      <mem type="loa" free="314368" total="314368" percent="100" />
    </mem>
    <remembered-set count="56" />
  </mem-info>
</gc-start>
<allocation-stats totalBytes="1702424" >
  <allocated-bytes non-tlh="1640984" tlh="61440" />
  <largest-consumer threadName="main" threadId="0000000001467700" bytes="1702424" />
</allocation-stats>
<gc-op id="1195" type="scavenge" timems="0.137" contextid="1192" timestamp="2019-06-17T06:59:25.654">
  <scavenger-info tenureage="14" tenuremask="4000" tiltratio="87" />
  <memory-copied type="nursery" objects="2" bytes="68632" bytesdiscarded="39144" />
</gc-op>
<gc-end id="1196" type="scavenge" contextid="1192" durationms="0.304" usertimems="0.000" systemtimems="0.000" timestamp="2019-06-17T06:59:25.654" activeThreads="4">
  <mem-info id="1197" free="6634504" total="8388608" percent="79">
    <mem type="nursery" free="1727232" total="2097152" percent="82">
      <mem type="allocate" free="1727232" total="1835008" percent="94" />
      <mem type="survivor" free="0" total="262144" percent="0" />
    </mem>
    <mem type="tenure" free="4907272" total="6291456" percent="77">
      <mem type="soa" free="4592904" total="5977088" percent="76" />
      <mem type="loa" free="314368" total="314368" percent="100" />
    </mem>
    <remembered-set count="56" />
  </mem-info>
</gc-end>
<cycle-end id="1198" type="scavenge" contextid="1192" timestamp="2019-06-17T06:59:25.654" />
  <attribute name="elasticGC enabled" value="1" />
  <attribute name= "numThreadsSpecified" value="4" />
  <attribute name="heapSize specified" value="0" />
  <attribute name="Current GC Util" value="34" />
  <attribute name= "Current Time Running" value="803" />
  <attribute name ="GC Interval" value="200" />
  <attribute name="ProportionalT" value="14.000000" />
  <attribute name="ProportionalI" value="14.000000" />
  <attribute name="ProportionalH" value="14.000000" />
  <attribute name="Current Error" value="14.000000" />
  <attribute name="IntegralT" value="14.000000" />
  <attribute name="IntegralI" value="14.000000" />
  <attribute name="IntegralH" value="14.000000" />
  <attribute name="DerivativeT" value="-4.000000" />
  <attribute name="DerivativeI" value="-4.000000" />
  <attribute name="DerivativeH" value="-4.000000" />
  <attribute name="Loop Time for DT" value="1.000000" />
  <attribute name="Output H" value="8388608"/>
  <attribute name="Output I" value="200"/>
  <attribute name="Output T" value="4"/>
  <attribute name="Target GC Util Change" value ="20.000000" />
  <attribute name="Current GC Util Change" value="34.000000"/>
  <attribute name="GC Util currently" value="34" />
  <attribute name="CPU Util currently" value="5406551865778" />
<allocation-satisfied id="1199" threadId="0000000001467700" bytesRequested="137216" />
<af-end id="1200" timestamp="2019-06-17T06:59:25.654" threadId="0000000001468088" success="true" from="nursery"/>
<exclusive-end id="1201" timestamp="2019-06-17T06:59:25.654" durationms="0.714" />

<exclusive-start id="1202" timestamp="2019-06-17T06:59:25.655" intervalms="0.891">
  <response-info timems="0.024" idlems="0.024" threads="0" lastid="0000000001467700" lastname="main" />
</exclusive-start>
<af-start id="1203" threadId="0000000001468088" totalBytesRequested="69000" timestamp="2019-06-17T06:59:25.655" intervalms="0.893" type="nursery" />
<cycle-start id="1204" type="scavenge" contextid="0" timestamp="2019-06-17T06:59:25.655" intervalms="0.894" />
<gc-start id="1205" type="scavenge" contextid="1204" timestamp="2019-06-17T06:59:25.655">
  <mem-info id="1206" free="4991368" total="8388608" percent="59">
    <mem type="nursery" free="84096" total="2097152" percent="4">
      <mem type="allocate" free="84096" total="1835008" percent="4" />
      <mem type="survivor" free="0" total="262144" percent="0" />
    </mem>
    <mem type="tenure" free="4907272" total="6291456" percent="77">
      <mem type="soa" free="4592904" total="5977088" percent="76" />
      <mem type="loa" free="314368" total="314368" percent="100" />
    </mem>
    <remembered-set count="56" />
  </mem-info>
</gc-start>
<allocation-stats totalBytes="1643136" >
  <allocated-bytes non-tlh="1581696" tlh="61440" />
  <largest-consumer threadName="main" threadId="0000000001467700" bytes="1643136" />
</allocation-stats>
<gc-op id="1207" type="scavenge" timems="0.114" contextid="1204" timestamp="2019-06-17T06:59:25.655">
  <scavenger-info tenureage="14" tenuremask="4000" tiltratio="87" />
  <memory-copied type="nursery" objects="4" bytes="69080" bytesdiscarded="39088" />
</gc-op>
<gc-end id="1208" type="scavenge" contextid="1204" durationms="0.284" usertimems="0.000" systemtimems="0.000" timestamp="2019-06-17T06:59:25.655" activeThreads="4">
  <mem-info id="1209" free="6634112" total="8388608" percent="79">
    <mem type="nursery" free="1726840" total="2097152" percent="82">
      <mem type="allocate" free="1726840" total="1835008" percent="94" />
      <mem type="survivor" free="0" total="262144" percent="0" />
    </mem>
    <mem type="tenure" free="4907272" total="6291456" percent="77">
      <mem type="soa" free="4592904" total="5977088" percent="76" />
      <mem type="loa" free="314368" total="314368" percent="100" />
    </mem>
    <remembered-set count="56" />
  </mem-info>
</gc-end>
<cycle-end id="1210" type="scavenge" contextid="1204" timestamp="2019-06-17T06:59:25.655" />
  <attribute name="elasticGC enabled" value="1" />
  <attribute name= "numThreadsSpecified" value="4" />
  <attribute name="heapSize specified" value="0" />
  <attribute name="Current GC Util" value="39" />
  <attribute name= "Current Time Running" value="804" />
  <attribute name ="GC Interval" value="200" />
  <attribute name="ProportionalT" value="19.000000" />
  <attribute name="ProportionalI" value="19.000000" />
  <attribute name="ProportionalH" value="19.000000" />
  <attribute name="Current Error" value="19.000000" />
  <attribute name="IntegralT" value="19.000000" />
  <attribute name="IntegralI" value="19.000000" />
  <attribute name="IntegralH" value="19.000000" />
  <attribute name="DerivativeT" value="5.000000" />
  <attribute name="DerivativeI" value="5.000000" />
  <attribute name="DerivativeH" value="5.000000" />
  <attribute name="Loop Time for DT" value="1.000000" />
  <attribute name="Output H" value="8388608"/>
  <attribute name="Output I" value="200"/>
  <attribute name="Output T" value="4"/>
  <attribute name="Target GC Util Change" value ="20.000000" />
  <attribute name="Current GC Util Change" value="39.000000"/>
  <attribute name="GC Util currently" value="39" />
  <attribute name="CPU Util currently" value="5139645858541" />
<allocation-satisfied id="1211" threadId="0000000001467700" bytesRequested="69000" />
<af-end id="1212" timestamp="2019-06-17T06:59:25.655" threadId="0000000001468088" success="true" from="nursery"/>
<exclusive-end id="1213" timestamp="2019-06-17T06:59:25.655" durationms="0.774" />

<exclusive-start id="1214" timestamp="2019-06-17T06:59:25.655" intervalms="0.957">
  <response-info timems="0.025" idlems="0.025" threads="0" lastid="0000000001467700" lastname="main" />
</exclusive-start>
<af-start id="1215" threadId="0000000001468088" totalBytesRequested="69360" timestamp="2019-06-17T06:59:25.656" intervalms="0.958" type="nursery" />
<cycle-start id="1216" type="scavenge" contextid="0" timestamp="2019-06-17T06:59:25.656" intervalms="0.953" />
<gc-start id="1217" type="scavenge" contextid="1216" timestamp="2019-06-17T06:59:25.656">
  <mem-info id="1218" free="4913408" total="8388608" percent="58">
    <mem type="nursery" free="6136" total="2097152" percent="0">
      <mem type="allocate" free="6136" total="1835008" percent="0" />
      <mem type="survivor" free="0" total="262144" percent="0" />
    </mem>
    <mem type="tenure" free="4907272" total="6291456" percent="77">
      <mem type="soa" free="4592904" total="5977088" percent="76" />
      <mem type="loa" free="314368" total="314368" percent="100" />
    </mem>
    <remembered-set count="56" />
  </mem-info>
</gc-start>
<allocation-stats totalBytes="1720704" >
  <allocated-bytes non-tlh="1659264" tlh="61440" />
  <largest-consumer threadName="main" threadId="0000000001467700" bytes="1720704" />
</allocation-stats>
<gc-op id="1219" type="scavenge" timems="0.138" contextid="1216" timestamp="2019-06-17T06:59:25.656">
  <scavenger-info tenureage="14" tenuremask="4000" tiltratio="87" />
  <memory-copied type="nursery" objects="4" bytes="69440" bytesdiscarded="39088" />
</gc-op>
<gc-end id="1220" type="scavenge" contextid="1216" durationms="0.306" usertimems="0.000" systemtimems="0.000" timestamp="2019-06-17T06:59:25.656" activeThreads="4">
  <mem-info id="1221" free="6633752" total="8388608" percent="79">
    <mem type="nursery" free="1726480" total="2097152" percent="82">
      <mem type="allocate" free="1726480" total="1835008" percent="94" />
      <mem type="survivor" free="0" total="262144" percent="0" />
    </mem>
    <mem type="tenure" free="4907272" total="6291456" percent="77">
      <mem type="soa" free="4592904" total="5977088" percent="76" />
      <mem type="loa" free="314368" total="314368" percent="100" />
    </mem>
    <remembered-set count="56" />
  </mem-info>
</gc-end>
<cycle-end id="1222" type="scavenge" contextid="1216" timestamp="2019-06-17T06:59:25.656" />
  <attribute name="elasticGC enabled" value="1" />
  <attribute name= "numThreadsSpecified" value="4" />
  <attribute name="heapSize specified" value="0" />
  <attribute name="Current GC Util" value="36" />
  <attribute name= "Current Time Running" value="805" />
  <attribute name ="GC Interval" value="200" />
  <attribute name="ProportionalT" value="16.000000" />
  <attribute name="ProportionalI" value="16.000000" />
  <attribute name="ProportionalH" value="16.000000" />
  <attribute name="Current Error" value="16.000000" />
  <attribute name="IntegralT" value="16.000000" />
  <attribute name="IntegralI" value="16.000000" />
  <attribute name="IntegralH" value="16.000000" />
  <attribute name="DerivativeT" value="-3.000000" />
  <attribute name="DerivativeI" value="-3.000000" />
  <attribute name="DerivativeH" value="-3.000000" />
  <attribute name="Loop Time for DT" value="1.000000" />
  <attribute name="Output H" value="8388608"/>
  <attribute name="Output I" value="200"/>
  <attribute name="Output T" value="4"/>
  <attribute name="Target GC Util Change" value ="20.000000" />
  <attribute name="Current GC Util Change" value="36.000000"/>
  <attribute name="GC Util currently" value="36" />
  <attribute name="CPU Util currently" value="4855893770624" />
<allocation-satisfied id="1223" threadId="0000000001467700" bytesRequested="69360" />
<af-end id="1224" timestamp="2019-06-17T06:59:25.656" threadId="0000000001468088" success="true" from="nursery"/>
<exclusive-end id="1225" timestamp="2019-06-17T06:59:25.656" durationms="0.720" />

<exclusive-start id="1226" timestamp="2019-06-17T06:59:25.656" intervalms="0.903">
  <response-info timems="0.028" idlems="0.028" threads="0" lastid="0000000001467700" lastname="main" />
</exclusive-start>
<af-start id="1227" threadId="0000000001468088" totalBytesRequested="69736" timestamp="2019-06-17T06:59:25.656" intervalms="0.899" type="nursery" />
<cycle-start id="1228" type="scavenge" contextid="0" timestamp="2019-06-17T06:59:25.657" intervalms="0.903" />
<gc-start id="1229" type="scavenge" contextid="1228" timestamp="2019-06-17T06:59:25.657">
  <mem-info id="1230" free="4973888" total="8388608" percent="59">
    <mem type="nursery" free="66616" total="2097152" percent="3">
      <mem type="allocate" free="66616" total="1835008" percent="3" />
      <mem type="survivor" free="0" total="262144" percent="0" />
    </mem>
    <mem type="tenure" free="4907272" total="6291456" percent="77">
      <mem type="soa" free="4592904" total="5977088" percent="76" />
      <mem type="loa" free="314368" total="314368" percent="100" />
    </mem>
    <remembered-set count="56" />
  </mem-info>
</gc-start>
<allocation-stats totalBytes="1659864" >
  <allocated-bytes non-tlh="1598424" tlh="61440" />
  <largest-consumer threadName="main" threadId="0000000001467700" bytes="1659864" />
</allocation-stats>
<gc-op id="1231" type="scavenge" timems="0.140" contextid="1228" timestamp="2019-06-17T06:59:25.657">
  <scavenger-info tenureage="14" tenuremask="4000" tiltratio="87" />
  <memory-copied type="nursery" objects="1" bytes="139216" bytesdiscarded="0" />
</gc-op>
<gc-end id="1232" type="scavenge" contextid="1228" durationms="0.308" usertimems="0.000" systemtimems="0.000" timestamp="2019-06-17T06:59:25.657" activeThreads="4">
  <mem-info id="1233" free="6603064" total="8388608" percent="78">
    <mem type="nursery" free="1695792" total="2097152" percent="80">
      <mem type="allocate" free="1695792" total="1835008" percent="92" />
      <mem type="survivor" free="0" total="262144" percent="0" />
    </mem>
    <mem type="tenure" free="4907272" total="6291456" percent="77">
      <mem type="soa" free="4592904" total="5977088" percent="76" />
      <mem type="loa" free="314368" total="314368" percent="100" />
    </mem>
    <remembered-set count="56" />
  </mem-info>
</gc-end>
<cycle-end id="1234" type="scavenge" contextid="1228" timestamp="2019-06-17T06:59:25.657" />
  <attribute name="elasticGC enabled" value="1" />
  <attribute name= "numThreadsSpecified" value="4" />
  <attribute name="heapSize specified" value="0" />
  <attribute name="Current GC Util" value="37" />
  <attribute name= "Current Time Running" value="806" />
  <attribute name ="GC Interval" value="200" />
  <attribute name="ProportionalT" value="17.000000" />
  <attribute name="ProportionalI" value="17.000000" />
  <attribute name="ProportionalH" value="17.000000" />
  <attribute name="Current Error" value="17.000000" />
  <attribute name="IntegralT" value="17.000000" />
  <attribute name="IntegralI" value="17.000000" />
  <attribute name="IntegralH" value="17.000000" />
  <attribute name="DerivativeT" value="1.000000" />
  <attribute name="DerivativeI" value="1.000000" />
  <attribute name="DerivativeH" value="1.000000" />
  <attribute name="Loop Time for DT" value="1.000000" />
  <attribute name="Output H" value="8388608"/>
  <attribute name="Output I" value="200"/>
  <attribute name="Output T" value="4"/>
  <attribute name="Target GC Util Change" value ="20.000000" />
  <attribute name="Current GC Util Change" value="37.000000"/>
  <attribute name="GC Util currently" value="37" />
  <attribute name="CPU Util currently" value="5105421078673" />
<allocation-satisfied id="1235" threadId="0000000001467700" bytesRequested="69736" />
<af-end id="1236" timestamp="2019-06-17T06:59:25.657" threadId="0000000001468088" success="true" from="nursery"/>
<exclusive-end id="1237" timestamp="2019-06-17T06:59:25.657" durationms="0.725" />

<exclusive-start id="1238" timestamp="2019-06-17T06:59:25.657" intervalms="0.909">
  <response-info timems="0.028" idlems="0.028" threads="0" lastid="0000000001467700" lastname="main" />
</exclusive-start>
<af-start id="1239" threadId="0000000001468088" totalBytesRequested="139936" timestamp="2019-06-17T06:59:25.657" intervalms="0.910" type="nursery" />
<cycle-start id="1240" type="scavenge" contextid="0" timestamp="2019-06-17T06:59:25.657" intervalms="0.908" />
<gc-start id="1241" type="scavenge" contextid="1240" timestamp="2019-06-17T06:59:25.657">
  <mem-info id="1242" free="5009208" total="8388608" percent="59">
    <mem type="nursery" free="101936" total="2097152" percent="4">
      <mem type="allocate" free="101936" total="1835008" percent="5" />
      <mem type="survivor" free="0" total="262144" percent="0" />
    </mem>
    <mem type="tenure" free="4907272" total="6291456" percent="77">
      <mem type="soa" free="4592904" total="5977088" percent="76" />
      <mem type="loa" free="314368" total="314368" percent="100" />
    </mem>
    <remembered-set count="56" />
  </mem-info>
</gc-start>
<allocation-stats totalBytes="1593856" >
  <allocated-bytes non-tlh="1536512" tlh="57344" />
  <largest-consumer threadName="main" threadId="0000000001467700" bytes="1593856" />
</allocation-stats>
<gc-op id="1243" type="scavenge" timems="0.139" contextid="1240" timestamp="2019-06-17T06:59:25.658">
  <scavenger-info tenureage="14" tenuremask="4000" tiltratio="87" />
  <memory-copied type="nursery" objects="2" bytes="70000" bytesdiscarded="39144" />
</gc-op>
<gc-end id="1244" type="scavenge" contextid="1240" durationms="0.306" usertimems="0.000" systemtimems="0.000" timestamp="2019-06-17T06:59:25.658" activeThreads="4">
  <mem-info id="1245" free="6633136" total="8388608" percent="79">
    <mem type="nursery" free="1725864" total="2097152" percent="82">
      <mem type="allocate" free="1725864" total="1835008" percent="94" />
      <mem type="survivor" free="0" total="262144" percent="0" />
    </mem>
    <mem type="tenure" free="4907272" total="6291456" percent="77">
      <mem type="soa" free="4592904" total="5977088" percent="76" />
      <mem type="loa" free="314368" total="314368" percent="100" />
    </mem>
    <remembered-set count="56" />
  </mem-info>
</gc-end>
<cycle-end id="1246" type="scavenge" contextid="1240" timestamp="2019-06-17T06:59:25.658" />
  <attribute name="elasticGC enabled" value="1" />
  <attribute name= "numThreadsSpecified" value="4" />
  <attribute name="heapSize specified" value="0" />
  <attribute name="Current GC Util" value="38" />
  <attribute name= "Current Time Running" value="807" />
  <attribute name ="GC Interval" value="200" />
  <attribute name="ProportionalT" value="18.000000" />
  <attribute name="ProportionalI" value="18.000000" />
  <attribute name="ProportionalH" value="18.000000" />
  <attribute name="Current Error" value="18.000000" />
  <attribute name="IntegralT" value="18.000000" />
  <attribute name="IntegralI" value="18.000000" />
  <attribute name="IntegralH" value="18.000000" />
  <attribute name="DerivativeT" value="1.000000" />
  <attribute name="DerivativeI" value="1.000000" />
  <attribute name="DerivativeH" value="1.000000" />
  <attribute name="Loop Time for DT" value="1.000000" />
  <attribute name="Output H" value="8388608"/>
  <attribute name="Output I" value="200"/>
  <attribute name="Output T" value="4"/>
  <attribute name="Target GC Util Change" value ="20.000000" />
  <attribute name="Current GC Util Change" value="38.000000"/>
  <attribute name="GC Util currently" value="38" />
  <attribute name="CPU Util currently" value="5084980772335" />
<allocation-satisfied id="1247" threadId="0000000001467700" bytesRequested="139936" />
<af-end id="1248" timestamp="2019-06-17T06:59:25.658" threadId="0000000001468088" success="true" from="nursery"/>
<exclusive-end id="1249" timestamp="2019-06-17T06:59:25.658" durationms="0.717" />

<exclusive-start id="1250" timestamp="2019-06-17T06:59:25.658" intervalms="0.901">
  <response-info timems="0.027" idlems="0.027" threads="0" lastid="0000000001467700" lastname="main" />
</exclusive-start>
<af-start id="1251" threadId="0000000001468088" totalBytesRequested="70312" timestamp="2019-06-17T06:59:25.658" intervalms="0.900" type="nursery" />
<cycle-start id="1252" type="scavenge" contextid="0" timestamp="2019-06-17T06:59:25.658" intervalms="0.899" />
<gc-start id="1253" type="scavenge" contextid="1252" timestamp="2019-06-17T06:59:25.658">
  <mem-info id="1254" free="4962040" total="8388608" percent="59">
    <mem type="nursery" free="54768" total="2097152" percent="2">
      <mem type="allocate" free="54768" total="1835008" percent="2" />
      <mem type="survivor" free="0" total="262144" percent="0" />
    </mem>
    <mem type="tenure" free="4907272" total="6291456" percent="77">
      <mem type="soa" free="4592904" total="5977088" percent="76" />
      <mem type="loa" free="314368" total="314368" percent="100" />
    </mem>
    <remembered-set count="56" />
  </mem-info>
</gc-start>
<allocation-stats totalBytes="1671096" >
  <allocated-bytes non-tlh="1613752" tlh="57344" />
  <largest-consumer threadName="main" threadId="0000000001467700" bytes="1671096" />
</allocation-stats>
<gc-op id="1255" type="scavenge" timems="0.116" contextid="1252" timestamp="2019-06-17T06:59:25.659">
  <scavenger-info tenureage="14" tenuremask="4000" tiltratio="87" />
  <memory-copied type="nursery" objects="4" bytes="70392" bytesdiscarded="39088" />
</gc-op>
<gc-end id="1256" type="scavenge" contextid="1252" durationms="0.280" usertimems="0.000" systemtimems="0.000" timestamp="2019-06-17T06:59:25.659" activeThreads="4">
  <mem-info id="1257" free="6632800" total="8388608" percent="79">
    <mem type="nursery" free="1725528" total="2097152" percent="82">
      <mem type="allocate" free="1725528" total="1835008" percent="94" />
      <mem type="survivor" free="0" total="262144" percent="0" />
    </mem>
    <mem type="tenure" free="4907272" total="6291456" percent="77">
      <mem type="soa" free="4592904" total="5977088" percent="76" />
      <mem type="loa" free="314368" total="314368" percent="100" />
    </mem>
    <remembered-set count="56" />
  </mem-info>
</gc-end>
<cycle-end id="1258" type="scavenge" contextid="1252" timestamp="2019-06-17T06:59:25.659" />
  <attribute name="elasticGC enabled" value="1" />
  <attribute name= "numThreadsSpecified" value="4" />
  <attribute name="heapSize specified" value="0" />
  <attribute name="Current GC Util" value="38" />
  <attribute name= "Current Time Running" value="808" />
  <attribute name ="GC Interval" value="200" />
  <attribute name="ProportionalT" value="18.000000" />
  <attribute name="ProportionalI" value="18.000000" />
  <attribute name="ProportionalH" value="18.000000" />
  <attribute name="Current Error" value="18.000000" />
  <attribute name="IntegralT" value="18.000000" />
  <attribute name="IntegralI" value="18.000000" />
  <attribute name="IntegralH" value="18.000000" />
  <attribute name="DerivativeT" value="0.000000" />
  <attribute name="DerivativeI" value="0.000000" />
  <attribute name="DerivativeH" value="0.000000" />
  <attribute name="Loop Time for DT" value="1.000000" />
  <attribute name="Output H" value="8388608"/>
  <attribute name="Output I" value="200"/>
  <attribute name="Output T" value="4"/>
  <attribute name="Target GC Util Change" value ="20.000000" />
  <attribute name="Current GC Util Change" value="38.000000"/>
  <attribute name="GC Util currently" value="38" />
  <attribute name="CPU Util currently" value="5162597076172" />
<allocation-satisfied id="1259" threadId="0000000001467700" bytesRequested="70312" />
<af-end id="1260" timestamp="2019-06-17T06:59:25.659" threadId="0000000001468088" success="true" from="nursery"/>
<exclusive-end id="1261" timestamp="2019-06-17T06:59:25.659" durationms="0.731" />

<exclusive-start id="1262" timestamp="2019-06-17T06:59:25.659" intervalms="0.910">
  <response-info timems="0.023" idlems="0.023" threads="0" lastid="0000000001467700" lastname="main" />
</exclusive-start>
<af-start id="1263" threadId="0000000001468088" totalBytesRequested="70696" timestamp="2019-06-17T06:59:25.659" intervalms="0.913" type="nursery" />
<cycle-start id="1264" type="scavenge" contextid="0" timestamp="2019-06-17T06:59:25.659" intervalms="0.957" />
<gc-start id="1265" type="scavenge" contextid="1264" timestamp="2019-06-17T06:59:25.659">
  <mem-info id="1266" free="4949760" total="8388608" percent="59">
    <mem type="nursery" free="42488" total="2097152" percent="2">
      <mem type="allocate" free="42488" total="1835008" percent="2" />
      <mem type="survivor" free="0" total="262144" percent="0" />
    </mem>
    <mem type="tenure" free="4907272" total="6291456" percent="77">
      <mem type="soa" free="4592904" total="5977088" percent="76" />
      <mem type="loa" free="314368" total="314368" percent="100" />
    </mem>
    <remembered-set count="56" />
  </mem-info>
</gc-start>
<allocation-stats totalBytes="1683040" >
  <allocated-bytes non-tlh="1621600" tlh="61440" />
  <largest-consumer threadName="main" threadId="0000000001467700" bytes="1683040" />
</allocation-stats>
<gc-op id="1267" type="scavenge" timems="0.146" contextid="1264" timestamp="2019-06-17T06:59:25.660">
  <scavenger-info tenureage="14" tenuremask="4000" tiltratio="87" />
  <memory-copied type="nursery" objects="1" bytes="141376" bytesdiscarded="0" />
</gc-op>
<gc-end id="1268" type="scavenge" contextid="1264" durationms="0.321" usertimems="0.000" systemtimems="0.000" timestamp="2019-06-17T06:59:25.660" activeThreads="4">
  <mem-info id="1269" free="6600904" total="8388608" percent="78">
    <mem type="nursery" free="1693632" total="2097152" percent="80">
      <mem type="allocate" free="1693632" total="1835008" percent="92" />
      <mem type="survivor" free="0" total="262144" percent="0" />
    </mem>
    <mem type="tenure" free="4907272" total="6291456" percent="77">
      <mem type="soa" free="4592904" total="5977088" percent="76" />
      <mem type="loa" free="314368" total="314368" percent="100" />
    </mem>
    <remembered-set count="56" />
  </mem-info>
</gc-end>
<cycle-end id="1270" type="scavenge" contextid="1264" timestamp="2019-06-17T06:59:25.660" />
  <attribute name="elasticGC enabled" value="1" />
  <attribute name= "numThreadsSpecified" value="4" />
  <attribute name="heapSize specified" value="0" />
  <attribute name="Current GC Util" value="35" />
  <attribute name= "Current Time Running" value="809" />
  <attribute name ="GC Interval" value="200" />
  <attribute name="ProportionalT" value="15.000000" />
  <attribute name="ProportionalI" value="15.000000" />
  <attribute name="ProportionalH" value="15.000000" />
  <attribute name="Current Error" value="15.000000" />
  <attribute name="IntegralT" value="15.000000" />
  <attribute name="IntegralI" value="15.000000" />
  <attribute name="IntegralH" value="15.000000" />
  <attribute name="DerivativeT" value="-3.000000" />
  <attribute name="DerivativeI" value="-3.000000" />
  <attribute name="DerivativeH" value="-3.000000" />
  <attribute name="Loop Time for DT" value="1.000000" />
  <attribute name="Output H" value="8388608"/>
  <attribute name="Output I" value="200"/>
  <attribute name="Output T" value="4"/>
  <attribute name="Target GC Util Change" value ="20.000000" />
  <attribute name="Current GC Util Change" value="35.000000"/>
  <attribute name="GC Util currently" value="35" />
  <attribute name="CPU Util currently" value="4775010475267" />
<allocation-satisfied id="1271" threadId="0000000001467700" bytesRequested="70696" />
<af-end id="1272" timestamp="2019-06-17T06:59:25.660" threadId="0000000001468088" success="true" from="nursery"/>
<exclusive-end id="1273" timestamp="2019-06-17T06:59:25.660" durationms="0.775" />

<exclusive-start id="1274" timestamp="2019-06-17T06:59:25.660" intervalms="0.952">
  <response-info timems="0.023" idlems="0.023" threads="0" lastid="0000000001467700" lastname="main" />
</exclusive-start>
<af-start id="1275" threadId="0000000001468088" totalBytesRequested="142256" timestamp="2019-06-17T06:59:25.660" intervalms="0.952" type="nursery" />
<cycle-start id="1276" type="scavenge" contextid="0" timestamp="2019-06-17T06:59:25.660" intervalms="0.911" />
<gc-start id="1277" type="scavenge" contextid="1276" timestamp="2019-06-17T06:59:25.660">
  <mem-info id="1278" free="4983912" total="8388608" percent="59">
    <mem type="nursery" free="76640" total="2097152" percent="3">
      <mem type="allocate" free="76640" total="1835008" percent="4" />
      <mem type="survivor" free="0" total="262144" percent="0" />
    </mem>
    <mem type="tenure" free="4907272" total="6291456" percent="77">
      <mem type="soa" free="4592904" total="5977088" percent="76" />
      <mem type="loa" free="314368" total="314368" percent="100" />
    </mem>
    <remembered-set count="56" />
  </mem-info>
</gc-start>
<allocation-stats totalBytes="1616992" >
  <allocated-bytes non-tlh="1559648" tlh="57344" />
  <largest-consumer threadName="main" threadId="0000000001467700" bytes="1616992" />
</allocation-stats>
<gc-op id="1279" type="scavenge" timems="0.139" contextid="1276" timestamp="2019-06-17T06:59:25.660">
  <scavenger-info tenureage="14" tenuremask="4000" tiltratio="87" />
  <memory-copied type="nursery" objects="2" bytes="71160" bytesdiscarded="39144" />
</gc-op>
<gc-end id="1280" type="scavenge" contextid="1276" durationms="0.303" usertimems="0.000" systemtimems="4.000" timestamp="2019-06-17T06:59:25.661" activeThreads="4">
  <mem-info id="1281" free="6631976" total="8388608" percent="79">
    <mem type="nursery" free="1724704" total="2097152" percent="82">
      <mem type="allocate" free="1724704" total="1835008" percent="93" />
      <mem type="survivor" free="0" total="262144" percent="0" />
    </mem>
    <mem type="tenure" free="4907272" total="6291456" percent="77">
      <mem type="soa" free="4592904" total="5977088" percent="76" />
      <mem type="loa" free="314368" total="314368" percent="100" />
    </mem>
    <remembered-set count="56" />
  </mem-info>
</gc-end>
<cycle-end id="1282" type="scavenge" contextid="1276" timestamp="2019-06-17T06:59:25.661" />
  <attribute name="elasticGC enabled" value="1" />
  <attribute name= "numThreadsSpecified" value="4" />
  <attribute name="heapSize specified" value="0" />
  <attribute name="Current GC Util" value="40" />
  <attribute name= "Current Time Running" value="810" />
  <attribute name ="GC Interval" value="200" />
  <attribute name="ProportionalT" value="20.000000" />
  <attribute name="ProportionalI" value="20.000000" />
  <attribute name="ProportionalH" value="20.000000" />
  <attribute name="Current Error" value="20.000000" />
  <attribute name="IntegralT" value="20.000000" />
  <attribute name="IntegralI" value="20.000000" />
  <attribute name="IntegralH" value="20.000000" />
  <attribute name="DerivativeT" value="5.000000" />
  <attribute name="DerivativeI" value="5.000000" />
  <attribute name="DerivativeH" value="5.000000" />
  <attribute name="Loop Time for DT" value="1.000000" />
  <attribute name="Output H" value="8388608"/>
  <attribute name="Output I" value="200"/>
  <attribute name="Output T" value="4"/>
  <attribute name="Target GC Util Change" value ="20.000000" />
  <attribute name="Current GC Util Change" value="40.000000"/>
  <attribute name="GC Util currently" value="40" />
  <attribute name="CPU Util currently" value="5073685688649" />
<allocation-satisfied id="1283" threadId="0000000001467700" bytesRequested="142256" />
<af-end id="1284" timestamp="2019-06-17T06:59:25.661" threadId="0000000001468088" success="true" from="nursery"/>
<exclusive-end id="1285" timestamp="2019-06-17T06:59:25.661" durationms="0.714" />

<exclusive-start id="1286" timestamp="2019-06-17T06:59:25.661" intervalms="0.892">
  <response-info timems="0.022" idlems="0.022" threads="0" lastid="0000000001467700" lastname="main" />
</exclusive-start>
<af-start id="1287" threadId="0000000001468088" totalBytesRequested="71616" timestamp="2019-06-17T06:59:25.661" intervalms="0.893" type="nursery" />
<cycle-start id="1288" type="scavenge" contextid="0" timestamp="2019-06-17T06:59:25.661" intervalms="0.894" />
<gc-start id="1289" type="scavenge" contextid="1288" timestamp="2019-06-17T06:59:25.661">
  <mem-info id="1290" free="4934368" total="8388608" percent="58">
    <mem type="nursery" free="27096" total="2097152" percent="1">
      <mem type="allocate" free="27096" total="1835008" percent="1" />
      <mem type="survivor" free="0" total="262144" percent="0" />
    </mem>
    <mem type="tenure" free="4907272" total="6291456" percent="77">
      <mem type="soa" free="4592904" total="5977088" percent="76" />
      <mem type="loa" free="314368" total="314368" percent="100" />
    </mem>
    <remembered-set count="56" />
  </mem-info>
</gc-start>
<allocation-stats totalBytes="1697608" >
  <allocated-bytes non-tlh="1640264" tlh="57344" />
  <largest-consumer threadName="main" threadId="0000000001467700" bytes="1697608" />
</allocation-stats>
<gc-op id="1291" type="scavenge" timems="0.139" contextid="1288" timestamp="2019-06-17T06:59:25.661">
  <scavenger-info tenureage="14" tenuremask="4000" tiltratio="87" />
  <memory-copied type="nursery" objects="4" bytes="71696" bytesdiscarded="39088" />
</gc-op>
<gc-end id="1292" type="scavenge" contextid="1288" durationms="0.301" usertimems="0.000" systemtimems="0.000" timestamp="2019-06-17T06:59:25.661" activeThreads="4">
  <mem-info id="1293" free="6631496" total="8388608" percent="79">
    <mem type="nursery" free="1724224" total="2097152" percent="82">
      <mem type="allocate" free="1724224" total="1835008" percent="93" />
      <mem type="survivor" free="0" total="262144" percent="0" />
    </mem>
    <mem type="tenure" free="4907272" total="6291456" percent="77">
      <mem type="soa" free="4592904" total="5977088" percent="76" />
      <mem type="loa" free="314368" total="314368" percent="100" />
    </mem>
    <remembered-set count="56" />
  </mem-info>
</gc-end>
<cycle-end id="1294" type="scavenge" contextid="1288" timestamp="2019-06-17T06:59:25.662" />
  <attribute name="elasticGC enabled" value="1" />
  <attribute name= "numThreadsSpecified" value="4" />
  <attribute name="heapSize specified" value="0" />
  <attribute name="Current GC Util" value="38" />
  <attribute name= "Current Time Running" value="811" />
  <attribute name ="GC Interval" value="200" />
  <attribute name="ProportionalT" value="18.000000" />
  <attribute name="ProportionalI" value="18.000000" />
  <attribute name="ProportionalH" value="18.000000" />
  <attribute name="Current Error" value="18.000000" />
  <attribute name="IntegralT" value="18.000000" />
  <attribute name="IntegralI" value="18.000000" />
  <attribute name="IntegralH" value="18.000000" />
  <attribute name="DerivativeT" value="-2.000000" />
  <attribute name="DerivativeI" value="-2.000000" />
  <attribute name="DerivativeH" value="-2.000000" />
  <attribute name="Loop Time for DT" value="1.000000" />
  <attribute name="Output H" value="8388608"/>
  <attribute name="Output I" value="200"/>
  <attribute name="Output T" value="4"/>
  <attribute name="Target GC Util Change" value ="20.000000" />
  <attribute name="Current GC Util Change" value="38.000000"/>
  <attribute name="GC Util currently" value="38" />
  <attribute name="CPU Util currently" value="5177004561006" />
<allocation-satisfied id="1295" threadId="0000000001467700" bytesRequested="71616" />
<af-end id="1296" timestamp="2019-06-17T06:59:25.662" threadId="0000000001468088" success="true" from="nursery"/>
<exclusive-end id="1297" timestamp="2019-06-17T06:59:25.662" durationms="0.715" />

<exclusive-start id="1298" timestamp="2019-06-17T06:59:25.662" intervalms="0.897">
  <response-info timems="0.022" idlems="0.022" threads="0" lastid="0000000001467700" lastname="main" />
</exclusive-start>
<af-start id="1299" threadId="0000000001468088" totalBytesRequested="72040" timestamp="2019-06-17T06:59:25.662" intervalms="0.892" type="nursery" />
<cycle-start id="1300" type="scavenge" contextid="0" timestamp="2019-06-17T06:59:25.662" intervalms="0.891" />
<gc-start id="1301" type="scavenge" contextid="1300" timestamp="2019-06-17T06:59:25.662">
  <mem-info id="1302" free="4919368" total="8388608" percent="58">
    <mem type="nursery" free="12096" total="2097152" percent="0">
      <mem type="allocate" free="12096" total="1835008" percent="0" />
      <mem type="survivor" free="0" total="262144" percent="0" />
    </mem>
    <mem type="tenure" free="4907272" total="6291456" percent="77">
      <mem type="soa" free="4592904" total="5977088" percent="76" />
      <mem type="loa" free="314368" total="314368" percent="100" />
    </mem>
    <remembered-set count="56" />
  </mem-info>
</gc-start>
<allocation-stats totalBytes="1712128" >
  <allocated-bytes non-tlh="1650688" tlh="61440" />
  <largest-consumer threadName="main" threadId="0000000001467700" bytes="1712128" />
</allocation-stats>
<gc-op id="1303" type="scavenge" timems="0.141" contextid="1300" timestamp="2019-06-17T06:59:25.662">
  <scavenger-info tenureage="14" tenuremask="4000" tiltratio="87" />
  <memory-copied type="nursery" objects="1" bytes="143816" bytesdiscarded="0" />
</gc-op>
<gc-end id="1304" type="scavenge" contextid="1300" durationms="0.305" usertimems="0.000" systemtimems="0.000" timestamp="2019-06-17T06:59:25.662" activeThreads="4">
  <mem-info id="1305" free="6598464" total="8388608" percent="78">
    <mem type="nursery" free="1691192" total="2097152" percent="80">
      <mem type="allocate" free="1691192" total="1835008" percent="92" />
      <mem type="survivor" free="0" total="262144" percent="0" />
    </mem>
    <mem type="tenure" free="4907272" total="6291456" percent="77">
      <mem type="soa" free="4592904" total="5977088" percent="76" />
      <mem type="loa" free="314368" total="314368" percent="100" />
    </mem>
    <remembered-set count="56" />
  </mem-info>
</gc-end>
<cycle-end id="1306" type="scavenge" contextid="1300" timestamp="2019-06-17T06:59:25.662" />
  <attribute name="elasticGC enabled" value="1" />
  <attribute name= "numThreadsSpecified" value="4" />
  <attribute name="heapSize specified" value="0" />
  <attribute name="Current GC Util" value="38" />
  <attribute name= "Current Time Running" value="811" />
  <attribute name ="GC Interval" value="200" />
  <attribute name="ProportionalT" value="18.000000" />
  <attribute name="ProportionalI" value="18.000000" />
  <attribute name="ProportionalH" value="18.000000" />
  <attribute name="Current Error" value="18.000000" />
  <attribute name="IntegralT" value="0.000000" />
  <attribute name="IntegralI" value="0.000000" />
  <attribute name="IntegralH" value="0.000000" />
  <attribute name="DerivativeT" value="-nan" />
  <attribute name="DerivativeI" value="-nan" />
  <attribute name="DerivativeH" value="-nan" />
  <attribute name="Loop Time for DT" value="0.000000" />
  <attribute name="Output H" value="2092630016"/>
  <attribute name="Output I" value="200"/>
  <attribute name="Output T" value="4"/>
  <attribute name="Target GC Util Change" value ="20.000000" />
  <attribute name="Current GC Util Change" value="38.000000"/>
  <attribute name="GC Util currently" value="38" />
  <attribute name="CPU Util currently" value="5173955256538" />
<allocation-satisfied id="1307" threadId="0000000001467700" bytesRequested="72040" />
<af-end id="1308" timestamp="2019-06-17T06:59:25.663" threadId="0000000001468088" success="true" from="nursery"/>
<exclusive-end id="1309" timestamp="2019-06-17T06:59:25.663" durationms="0.716" />

<exclusive-start id="1310" timestamp="2019-06-17T06:59:25.663" intervalms="0.904">
  <response-info timems="0.033" idlems="0.033" threads="0" lastid="0000000001467700" lastname="main" />
</exclusive-start>
<af-start id="1311" threadId="0000000001468088" totalBytesRequested="144640" timestamp="2019-06-17T06:59:25.663" intervalms="0.906" type="nursery" />
<cycle-start id="1312" type="scavenge" contextid="0" timestamp="2019-06-17T06:59:25.663" intervalms="0.902" />
<gc-start id="1313" type="scavenge" contextid="1312" timestamp="2019-06-17T06:59:25.663">
  <mem-info id="1314" free="4953512" total="8388608" percent="59">
    <mem type="nursery" free="46240" total="2097152" percent="2">
      <mem type="allocate" free="46240" total="1835008" percent="2" />
      <mem type="survivor" free="0" total="262144" percent="0" />
    </mem>
    <mem type="tenure" free="4907272" total="6291456" percent="77">
      <mem type="soa" free="4592904" total="5977088" percent="76" />
      <mem type="loa" free="314368" total="314368" percent="100" />
    </mem>
    <remembered-set count="56" />
  </mem-info>
</gc-start>
<allocation-stats totalBytes="1644952" >
  <allocated-bytes non-tlh="1587608" tlh="57344" />
  <largest-consumer threadName="main" threadId="0000000001467700" bytes="1644952" />
</allocation-stats>
<gc-op id="1315" type="scavenge" timems="0.115" contextid="1312" timestamp="2019-06-17T06:59:25.663">
  <scavenger-info tenureage="14" tenuremask="4000" tiltratio="87" />
  <memory-copied type="nursery" objects="2" bytes="72344" bytesdiscarded="39144" />
</gc-op>
<gc-end id="1316" type="scavenge" contextid="1312" durationms="0.280" usertimems="0.000" systemtimems="0.000" timestamp="2019-06-17T06:59:25.663" activeThreads="4">
  <mem-info id="1317" free="6630792" total="8388608" percent="79">
    <mem type="nursery" free="1723520" total="2097152" percent="82">
      <mem type="allocate" free="1723520" total="1835008" percent="93" />
      <mem type="survivor" free="0" total="262144" percent="0" />
    </mem>
    <mem type="tenure" free="4907272" total="6291456" percent="77">
      <mem type="soa" free="4592904" total="5977088" percent="76" />
      <mem type="loa" free="314368" total="314368" percent="100" />
    </mem>
    <remembered-set count="56" />
  </mem-info>
</gc-end>
<cycle-end id="1318" type="scavenge" contextid="1312" timestamp="2019-06-17T06:59:25.663" />
  <attribute name="elasticGC enabled" value="1" />
  <attribute name= "numThreadsSpecified" value="4" />
  <attribute name="heapSize specified" value="0" />
  <attribute name="Current GC Util" value="38" />
  <attribute name= "Current Time Running" value="812" />
  <attribute name ="GC Interval" value="200" />
  <attribute name="ProportionalT" value="18.000000" />
  <attribute name="ProportionalI" value="18.000000" />
  <attribute name="ProportionalH" value="18.000000" />
  <attribute name="Current Error" value="18.000000" />
  <attribute name="IntegralT" value="18.000000" />
  <attribute name="IntegralI" value="18.000000" />
  <attribute name="IntegralH" value="18.000000" />
  <attribute name="DerivativeT" value="0.000000" />
  <attribute name="DerivativeI" value="0.000000" />
  <attribute name="DerivativeH" value="0.000000" />
  <attribute name="Loop Time for DT" value="1.000000" />
  <attribute name="Output H" value="8388608"/>
  <attribute name="Output I" value="200"/>
  <attribute name="Output T" value="4"/>
  <attribute name="Target GC Util Change" value ="20.000000" />
  <attribute name="Current GC Util Change" value="38.000000"/>
  <attribute name="GC Util currently" value="38" />
  <attribute name="CPU Util currently" value="5111079358939" />
<allocation-satisfied id="1319" threadId="0000000001467700" bytesRequested="144640" />
<af-end id="1320" timestamp="2019-06-17T06:59:25.663" threadId="0000000001468088" success="true" from="nursery"/>
<exclusive-end id="1321" timestamp="2019-06-17T06:59:25.663" durationms="0.688" />

<exclusive-start id="1322" timestamp="2019-06-17T06:59:25.664" intervalms="0.884">
  <response-info timems="0.023" idlems="0.023" threads="0" lastid="0000000001467700" lastname="main" />
</exclusive-start>
<af-start id="1323" threadId="0000000001468088" totalBytesRequested="72776" timestamp="2019-06-17T06:59:25.664" intervalms="0.883" type="nursery" />
<cycle-start id="1324" type="scavenge" contextid="0" timestamp="2019-06-17T06:59:25.664" intervalms="0.888" />
<gc-start id="1325" type="scavenge" contextid="1324" timestamp="2019-06-17T06:59:25.664">
  <mem-info id="1326" free="4976848" total="8388608" percent="59">
    <mem type="nursery" free="69576" total="2097152" percent="3">
      <mem type="allocate" free="69576" total="1835008" percent="3" />
      <mem type="survivor" free="0" total="262144" percent="0" />
    </mem>
    <mem type="tenure" free="4907272" total="6291456" percent="77">
      <mem type="soa" free="4592904" total="5977088" percent="76" />
      <mem type="loa" free="314368" total="314368" percent="100" />
    </mem>
    <remembered-set count="56" />
  </mem-info>
</gc-start>
<allocation-stats totalBytes="1653944" >
  <allocated-bytes non-tlh="1596600" tlh="57344" />
  <largest-consumer threadName="main" threadId="0000000001467700" bytes="1653944" />
</allocation-stats>
<gc-op id="1327" type="scavenge" timems="0.143" contextid="1324" timestamp="2019-06-17T06:59:25.664">
  <scavenger-info tenureage="14" tenuremask="4000" tiltratio="87" />
  <memory-copied type="nursery" objects="1" bytes="145536" bytesdiscarded="0" />
</gc-op>
<gc-end id="1328" type="scavenge" contextid="1324" durationms="0.309" usertimems="0.000" systemtimems="0.000" timestamp="2019-06-17T06:59:25.664" activeThreads="4">
  <mem-info id="1329" free="6596744" total="8388608" percent="78">
    <mem type="nursery" free="1689472" total="2097152" percent="80">
      <mem type="allocate" free="1689472" total="1835008" percent="92" />
      <mem type="survivor" free="0" total="262144" percent="0" />
    </mem>
    <mem type="tenure" free="4907272" total="6291456" percent="77">
      <mem type="soa" free="4592904" total="5977088" percent="76" />
      <mem type="loa" free="314368" total="314368" percent="100" />
    </mem>
    <remembered-set count="56" />
  </mem-info>
</gc-end>
<cycle-end id="1330" type="scavenge" contextid="1324" timestamp="2019-06-17T06:59:25.664" />
  <attribute name="elasticGC enabled" value="1" />
  <attribute name= "numThreadsSpecified" value="4" />
  <attribute name="heapSize specified" value="0" />
  <attribute name="Current GC Util" value="38" />
  <attribute name= "Current Time Running" value="813" />
  <attribute name ="GC Interval" value="200" />
  <attribute name="ProportionalT" value="18.000000" />
  <attribute name="ProportionalI" value="18.000000" />
  <attribute name="ProportionalH" value="18.000000" />
  <attribute name="Current Error" value="18.000000" />
  <attribute name="IntegralT" value="18.000000" />
  <attribute name="IntegralI" value="18.000000" />
  <attribute name="IntegralH" value="18.000000" />
  <attribute name="DerivativeT" value="0.000000" />
  <attribute name="DerivativeI" value="0.000000" />
  <attribute name="DerivativeH" value="0.000000" />
  <attribute name="Loop Time for DT" value="1.000000" />
  <attribute name="Output H" value="8388608"/>
  <attribute name="Output I" value="200"/>
  <attribute name="Output T" value="4"/>
  <attribute name="Target GC Util Change" value ="20.000000" />
  <attribute name="Current GC Util Change" value="38.000000"/>
  <attribute name="GC Util currently" value="38" />
  <attribute name="CPU Util currently" value="5173647621864" />
<allocation-satisfied id="1331" threadId="0000000001467700" bytesRequested="72776" />
<af-end id="1332" timestamp="2019-06-17T06:59:25.664" threadId="0000000001468088" success="true" from="nursery"/>
<exclusive-end id="1333" timestamp="2019-06-17T06:59:25.664" durationms="0.719" />

<exclusive-start id="1334" timestamp="2019-06-17T06:59:25.665" intervalms="0.902">
  <response-info timems="0.028" idlems="0.028" threads="0" lastid="0000000001467700" lastname="main" />
</exclusive-start>
<af-start id="1335" threadId="0000000001468088" totalBytesRequested="146320" timestamp="2019-06-17T06:59:25.665" intervalms="0.903" type="nursery" />
<cycle-start id="1336" type="scavenge" contextid="0" timestamp="2019-06-17T06:59:25.665" intervalms="0.899" />
<gc-start id="1337" type="scavenge" contextid="1336" timestamp="2019-06-17T06:59:25.665">
  <mem-info id="1338" free="4938304" total="8388608" percent="58">
    <mem type="nursery" free="31032" total="2097152" percent="1">
      <mem type="allocate" free="31032" total="1835008" percent="1" />
      <mem type="survivor" free="0" total="262144" percent="0" />
    </mem>
    <mem type="tenure" free="4907272" total="6291456" percent="77">
      <mem type="soa" free="4592904" total="5977088" percent="76" />
      <mem type="loa" free="314368" total="314368" percent="100" />
    </mem>
    <remembered-set count="56" />
  </mem-info>
</gc-start>
<allocation-stats totalBytes="1658440" >
  <allocated-bytes non-tlh="1605192" tlh="53248" />
  <largest-consumer threadName="main" threadId="0000000001467700" bytes="1658440" />
</allocation-stats>
<gc-op id="1339" type="scavenge" timems="0.137" contextid="1336" timestamp="2019-06-17T06:59:25.665">
  <scavenger-info tenureage="14" tenuremask="4000" tiltratio="87" />
  <memory-copied type="nursery" objects="2" bytes="73184" bytesdiscarded="39144" />
</gc-op>
<gc-end id="1340" type="scavenge" contextid="1336" durationms="0.303" usertimems="4.000" systemtimems="0.000" timestamp="2019-06-17T06:59:25.665" activeThreads="4">
  <mem-info id="1341" free="6629952" total="8388608" percent="79">
    <mem type="nursery" free="1722680" total="2097152" percent="82">
      <mem type="allocate" free="1722680" total="1835008" percent="93" />
      <mem type="survivor" free="0" total="262144" percent="0" />
    </mem>
    <mem type="tenure" free="4907272" total="6291456" percent="77">
      <mem type="soa" free="4592904" total="5977088" percent="76" />
      <mem type="loa" free="314368" total="314368" percent="100" />
    </mem>
    <remembered-set count="56" />
  </mem-info>
</gc-end>
<cycle-end id="1342" type="scavenge" contextid="1336" timestamp="2019-06-17T06:59:25.665" />
  <attribute name="elasticGC enabled" value="1" />
  <attribute name= "numThreadsSpecified" value="4" />
  <attribute name="heapSize specified" value="0" />
  <attribute name="Current GC Util" value="38" />
  <attribute name= "Current Time Running" value="814" />
  <attribute name ="GC Interval" value="200" />
  <attribute name="ProportionalT" value="18.000000" />
  <attribute name="ProportionalI" value="18.000000" />
  <attribute name="ProportionalH" value="18.000000" />
  <attribute name="Current Error" value="18.000000" />
  <attribute name="IntegralT" value="18.000000" />
  <attribute name="IntegralI" value="18.000000" />
  <attribute name="IntegralH" value="18.000000" />
  <attribute name="DerivativeT" value="0.000000" />
  <attribute name="DerivativeI" value="0.000000" />
  <attribute name="DerivativeH" value="0.000000" />
  <attribute name="Loop Time for DT" value="1.000000" />
  <attribute name="Output H" value="8388608"/>
  <attribute name="Output I" value="200"/>
  <attribute name="Output T" value="4"/>
  <attribute name="Target GC Util Change" value ="20.000000" />
  <attribute name="Current GC Util Change" value="38.000000"/>
  <attribute name="GC Util currently" value="38" />
  <attribute name="CPU Util currently" value="5167884784764" />
<allocation-satisfied id="1343" threadId="0000000001467700" bytesRequested="146320" />
<af-end id="1344" timestamp="2019-06-17T06:59:25.665" threadId="0000000001468088" success="true" from="nursery"/>
<exclusive-end id="1345" timestamp="2019-06-17T06:59:25.665" durationms="0.711" />

<exclusive-start id="1346" timestamp="2019-06-17T06:59:25.666" intervalms="1.005">
  <response-info timems="0.026" idlems="0.026" threads="0" lastid="0000000001467700" lastname="main" />
</exclusive-start>
<sys-start reason="explicit" id="1347" timestamp="2019-06-17T06:59:25.666" intervalms="928.262" />
<cycle-start id="1348" type="global" contextid="0" timestamp="2019-06-17T06:59:25.666" intervalms="928.484" />
<gc-start id="1349" type="global" contextid="1348" timestamp="2019-06-17T06:59:25.666">
  <mem-info id="1350" free="5474096" total="8388608" percent="65">
    <mem type="nursery" free="566824" total="2097152" percent="27">
      <mem type="allocate" free="566824" total="1835008" percent="30" />
      <mem type="survivor" free="0" total="262144" percent="0" />
    </mem>
    <mem type="tenure" free="4907272" total="6291456" percent="77">
      <mem type="soa" free="4592904" total="5977088" percent="76" />
      <mem type="loa" free="314368" total="314368" percent="100" />
    </mem>
    <remembered-set count="56" />
  </mem-info>
</gc-start>
<allocation-stats totalBytes="1155856" >
  <allocated-bytes non-tlh="1098512" tlh="57344" />
  <largest-consumer threadName="main" threadId="0000000001467700" bytes="1155856" />
</allocation-stats>
<gc-op id="1351" type="mark" timems="1.608" contextid="1348" timestamp="2019-06-17T06:59:25.668">
  <trace-info objectcount="18972" scancount="15687" scanbytes="514644" />
  <finalization candidates="45" enqueued="0" />
  <ownableSynchronizers candidates="1" cleared="0" />
  <references type="soft" candidates="66" cleared="0" enqueued="0" dynamicThreshold="32" maxThreshold="32" />
  <references type="weak" candidates="396" cleared="28" enqueued="14" />
  <references type="phantom" candidates="51" cleared="0" enqueued="0" />
  <stringconstants candidates="2485" cleared="0"  />
</gc-op>
<gc-op id="1352" type="classunload" timems="0.080" contextid="1348" timestamp="2019-06-17T06:59:25.668">
  <classunload-info classloadercandidates="6" classloadersunloaded="0" classesunloaded="0" anonymousclassesunloaded="0" quiescems="0.000" setupms="0.080" scanms="0.000" postms="0.000" />
</gc-op>
<gc-op id="1353" type="sweep" timems="0.419" contextid="1348" timestamp="2019-06-17T06:59:25.668" />
<mem-info id="1354" free="6866960" total="8388608" percent="81">
  <mem type="nursery" free="1756752" total="2097152" percent="83">
    <mem type="allocate" free="1756752" total="1835008" percent="95" />
    <mem type="survivor" free="0" total="262144" percent="0" />
  </mem>
  <mem type="tenure" free="5110208" total="6291456" percent="81" micro-fragmented="515" macro-fragmented="0">
    <mem type="soa" free="4795840" total="5977088" percent="80" />
    <mem type="loa" free="314368" total="314368" percent="100" />
  </mem>
  <pending-finalizers system="0" default="0" reference="14" classloader="0" />
  <remembered-set count="54" />
</mem-info>
<gc-op id="1355" type="compact" timems="4.116" contextid="1348" timestamp="2019-06-17T06:59:25.673">
  <compact-info movecount="14549" movebytes="1068800" reason="compact to aid heap contraction" />
</gc-op>
<gc-end id="1356" type="global" contextid="1348" durationms="7.289" usertimems="8.000" systemtimems="0.000" timestamp="2019-06-17T06:59:25.673" activeThreads="4">
  <mem-info id="1357" free="6873856" total="8388608" percent="81">
    <mem type="nursery" free="1759840" total="2097152" percent="83">
      <mem type="allocate" free="1759840" total="1835008" percent="95" />
      <mem type="survivor" free="0" total="262144" percent="0" />
    </mem>
    <mem type="tenure" free="5114016" total="6291456" percent="81">
      <mem type="soa" free="4799648" total="5977088" percent="80" />
      <mem type="loa" free="314368" total="314368" percent="100" />
    </mem>
    <pending-finalizers system="0" default="0" reference="14" classloader="0" />
    <remembered-set count="54" />
  </mem-info>
</gc-end>
<cycle-end id="1358" type="global" contextid="1348" timestamp="2019-06-17T06:59:25.673" />
  <attribute name="elasticGC enabled" value="1" />
  <attribute name= "numThreadsSpecified" value="4" />
  <attribute name="heapSize specified" value="8388608" />
  <attribute name="Current GC Util" value="24" />
  <attribute name= "Current Time Running" value="822" />
  <attribute name ="GC Interval" value="200" />
  <attribute name="ProportionalT" value="4.000000" />
  <attribute name="ProportionalI" value="4.000000" />
  <attribute name="ProportionalH" value="4.000000" />
  <attribute name="Current Error" value="4.000000" />
  <attribute name="IntegralT" value="16.000000" />
  <attribute name="IntegralI" value="16.000000" />
  <attribute name="IntegralH" value="16.000000" />
  <attribute name="DerivativeT" value="1.000000" />
  <attribute name="DerivativeI" value="1.000000" />
  <attribute name="DerivativeH" value="1.000000" />
  <attribute name="Loop Time for DT" value="4.000000" />
  <attribute name="Output H" value="8388608"/>
  <attribute name="Output I" value="200"/>
  <attribute name="Output T" value="4"/>
  <attribute name="Target GC Util Change" value ="20.000000" />
  <attribute name="Current GC Util Change" value="24.000000"/>
  <attribute name="GC Util currently" value="24" />
  <attribute name="CPU Util currently" value="1105026612032" />
<sys-end id="1359" timestamp="2019-06-17T06:59:25.673" />
<exclusive-end id="1360" timestamp="2019-06-17T06:59:25.674" durationms="7.989" />

<exclusive-start id="1361" timestamp="2019-06-17T06:59:26.143" intervalms="477.148">
  <response-info timems="0.047" idlems="0.047" threads="0" lastid="0000000001467700" lastname="main" />
</exclusive-start>
<af-start id="1362" threadId="0000000001468088" totalBytesRequested="72" timestamp="2019-06-17T06:59:26.143" intervalms="478.241" type="nursery" />
<cycle-start id="1363" type="scavenge" contextid="0" timestamp="2019-06-17T06:59:26.143" intervalms="478.345" />
<gc-start id="1364" type="scavenge" contextid="1363" timestamp="2019-06-17T06:59:26.143">
  <mem-info id="1365" free="5091800" total="8388608" percent="60">
    <mem type="nursery" free="0" total="2097152" percent="0">
      <mem type="allocate" free="0" total="1835008" percent="0" />
      <mem type="survivor" free="0" total="262144" percent="0" />
    </mem>
    <mem type="tenure" free="5091800" total="6291456" percent="80">
      <mem type="soa" free="4777432" total="5977088" percent="79" />
      <mem type="loa" free="314368" total="314368" percent="100" />
    </mem>
    <remembered-set count="397" />
  </mem-info>
</gc-start>
<allocation-stats totalBytes="1780688" >
  <allocated-bytes non-tlh="22216" tlh="1758472" />
  <largest-consumer threadName="main" threadId="0000000001467700" bytes="1776592" />
</allocation-stats>
<gc-op id="1366" type="scavenge" timems="0.449" contextid="1363" timestamp="2019-06-17T06:59:26.144">
  <scavenger-info tenureage="14" tenuremask="4000" tiltratio="87" />
  <memory-copied type="nursery" objects="3386" bytes="232304" bytesdiscarded="29768" />
  <memory-copied type="tenure" objects="80" bytes="10616" bytesdiscarded="0" />
  <copy-failed type="nursery" objects="80" bytes="10616" />
  <ownableSynchronizers candidates="2" cleared="2" />
  <references type="soft" candidates="2" cleared="0" enqueued="0" dynamicThreshold="26" maxThreshold="32" />
  <references type="weak" candidates="47" cleared="43" enqueued="43" />
  <references type="phantom" candidates="7" cleared="2" enqueued="2" />
</gc-op>
<gc-end id="1367" type="scavenge" contextid="1363" durationms="0.818" usertimems="0.000" systemtimems="0.000" timestamp="2019-06-17T06:59:26.144" activeThreads="4">
  <mem-info id="1368" free="6398168" total="8388608" percent="76">
    <mem type="nursery" free="1376256" total="2097152" percent="65">
      <mem type="allocate" free="1376256" total="1638400" percent="84" />
      <mem type="survivor" free="0" total="458752" percent="0" />
    </mem>
    <mem type="tenure" free="5021912" total="6291456" percent="79">
      <mem type="soa" free="4707544" total="5977088" percent="78" />
      <mem type="loa" free="314368" total="314368" percent="100" />
    </mem>
    <pending-finalizers system="0" default="0" reference="45" classloader="0" />
    <remembered-set count="395" />
  </mem-info>
</gc-end>
<cycle-end id="1369" type="scavenge" contextid="1363" timestamp="2019-06-17T06:59:26.144" />
  <attribute name="elasticGC enabled" value="1" />
  <attribute name= "numThreadsSpecified" value="4" />
  <attribute name="heapSize specified" value="8388608" />
  <attribute name="Current GC Util" value="1" />
  <attribute name= "Current Time Running" value="1293" />
  <attribute name ="GC Interval" value="200" />
  <attribute name="ProportionalT" value="-19.000000" />
  <attribute name="ProportionalI" value="-19.000000" />
  <attribute name="ProportionalH" value="-19.000000" />
  <attribute name="Current Error" value="-19.000000" />
  <attribute name="IntegralT" value="-8949.000000" />
  <attribute name="IntegralI" value="-8949.000000" />
  <attribute name="IntegralH" value="-8949.000000" />
  <attribute name="DerivativeT" value="-0.048832" />
  <attribute name="DerivativeI" value="-0.048832" />
  <attribute name="DerivativeH" value="-0.048832" />
  <attribute name="Loop Time for DT" value="471.000000" />
  <attribute name="Output H" value="2092630016"/>
  <attribute name="Output I" value="200"/>
  <attribute name="Output T" value="4"/>
  <attribute name="Target GC Util Change" value ="20.000000" />
  <attribute name="Current GC Util Change" value="1.000000"/>
  <attribute name="GC Util currently" value="1" />
  <attribute name="CPU Util currently" value="0" />
<allocation-satisfied id="1370" threadId="0000000001467700" bytesRequested="72" />
<af-end id="1371" timestamp="2019-06-17T06:59:26.144" threadId="0000000001468088" success="true" from="nursery"/>
<exclusive-end id="1372" timestamp="2019-06-17T06:59:26.144" durationms="1.661" />

<exclusive-start id="1373" timestamp="2019-06-17T06:59:26.173" intervalms="30.714">
  <response-info timems="0.072" idlems="0.072" threads="0" lastid="0000000001467700" lastname="main" />
</exclusive-start>
<af-start id="1374" threadId="0000000001468088" totalBytesRequested="4048" timestamp="2019-06-17T06:59:26.174" intervalms="30.685" type="nursery" />
<cycle-start id="1375" type="scavenge" contextid="0" timestamp="2019-06-17T06:59:26.174" intervalms="30.621" />
<gc-start id="1376" type="scavenge" contextid="1375" timestamp="2019-06-17T06:59:26.174">
  <mem-info id="1377" free="4997760" total="8388608" percent="59">
    <mem type="nursery" free="0" total="2097152" percent="0">
      <mem type="allocate" free="0" total="1638400" percent="0" />
      <mem type="survivor" free="0" total="458752" percent="0" />
    </mem>
    <mem type="tenure" free="4997760" total="6291456" percent="79">
      <mem type="soa" free="4683392" total="5977088" percent="78" />
      <mem type="loa" free="314368" total="314368" percent="100" />
    </mem>
    <remembered-set count="630" />
  </mem-info>
</gc-start>
<allocation-stats totalBytes="1380992" >
  <allocated-bytes non-tlh="24224" tlh="1356768" />
  <largest-consumer threadName="main" threadId="0000000001467700" bytes="1376896" />
</allocation-stats>
<gc-op id="1378" type="scavenge" timems="0.389" contextid="1375" timestamp="2019-06-17T06:59:26.174">
  <scavenger-info tenureage="14" tenuremask="4000" tiltratio="78" />
  <memory-copied type="nursery" objects="3404" bytes="227440" bytesdiscarded="33248" />
  <references type="soft" candidates="2" cleared="0" enqueued="0" dynamicThreshold="26" maxThreshold="32" />
  <references type="weak" candidates="8" cleared="4" enqueued="4" />
  <references type="phantom" candidates="5" cleared="0" enqueued="0" />
</gc-op>
<gc-end id="1379" type="scavenge" contextid="1375" durationms="0.607" usertimems="0.000" systemtimems="4.000" timestamp="2019-06-17T06:59:26.174" activeThreads="4">
  <mem-info id="1380" free="6375392" total="8388608" percent="76">
    <mem type="nursery" free="1377632" total="2097152" percent="65">
      <mem type="allocate" free="1377632" total="1638400" percent="84" />
      <mem type="survivor" free="0" total="458752" percent="0" />
    </mem>
    <mem type="tenure" free="4997760" total="6291456" percent="79">
      <mem type="soa" free="4683392" total="5977088" percent="78" />
      <mem type="loa" free="314368" total="314368" percent="100" />
    </mem>
    <pending-finalizers system="0" default="0" reference="4" classloader="0" />
    <remembered-set count="623" />
  </mem-info>
</gc-end>
<cycle-end id="1381" type="scavenge" contextid="1375" timestamp="2019-06-17T06:59:26.174" />
  <attribute name="elasticGC enabled" value="1" />
  <attribute name= "numThreadsSpecified" value="4" />
  <attribute name="heapSize specified" value="8388608" />
  <attribute name="Current GC Util" value="3" />
  <attribute name= "Current Time Running" value="1323" />
  <attribute name ="GC Interval" value="200" />
  <attribute name="ProportionalT" value="-17.000000" />
  <attribute name="ProportionalI" value="-17.000000" />
  <attribute name="ProportionalH" value="-17.000000" />
  <attribute name="Current Error" value="-17.000000" />
  <attribute name="IntegralT" value="-510.000000" />
  <attribute name="IntegralI" value="-510.000000" />
  <attribute name="IntegralH" value="-510.000000" />
  <attribute name="DerivativeT" value="-0.566667" />
  <attribute name="DerivativeI" value="-0.566667" />
  <attribute name="DerivativeH" value="-0.566667" />
  <attribute name="Loop Time for DT" value="30.000000" />
  <attribute name="Output H" value="2092630016"/>
  <attribute name="Output I" value="200"/>
  <attribute name="Output T" value="4"/>
  <attribute name="Target GC Util Change" value ="20.000000" />
  <attribute name="Current GC Util Change" value="3.000000"/>
  <attribute name="GC Util currently" value="3" />
  <attribute name="CPU Util currently" value="151478819612" />
<allocation-satisfied id="1382" threadId="0000000001467700" bytesRequested="4048" />
<af-end id="1383" timestamp="2019-06-17T06:59:26.175" threadId="0000000001468088" success="true" from="nursery"/>
<exclusive-end id="1384" timestamp="2019-06-17T06:59:26.175" durationms="1.178" />

<exclusive-start id="1385" timestamp="2019-06-17T06:59:26.217" intervalms="43.104">
  <response-info timems="0.035" idlems="0.035" threads="0" lastid="0000000001467700" lastname="main" />
</exclusive-start>
<af-start id="1386" threadId="0000000001468088" totalBytesRequested="64" timestamp="2019-06-17T06:59:26.217" intervalms="43.066" type="nursery" />
<cycle-start id="1387" type="scavenge" contextid="0" timestamp="2019-06-17T06:59:26.217" intervalms="43.035" />
<gc-start id="1388" type="scavenge" contextid="1387" timestamp="2019-06-17T06:59:26.217">
  <mem-info id="1389" free="4969808" total="8388608" percent="59">
    <mem type="nursery" free="0" total="2097152" percent="0">
      <mem type="allocate" free="0" total="1638400" percent="0" />
      <mem type="survivor" free="0" total="458752" percent="0" />
    </mem>
    <mem type="tenure" free="4969808" total="6291456" percent="78">
      <mem type="soa" free="4655440" total="5977088" percent="77" />
      <mem type="loa" free="314368" total="314368" percent="100" />
    </mem>
    <remembered-set count="930" />
  </mem-info>
</gc-start>
<allocation-stats totalBytes="1403624" >
  <allocated-bytes non-tlh="97544" tlh="1306080" />
  <largest-consumer threadName="main" threadId="0000000001467700" bytes="1403624" />
</allocation-stats>
<gc-op id="1390" type="scavenge" timems="0.403" contextid="1387" timestamp="2019-06-17T06:59:26.217">
  <scavenger-info tenureage="14" tenuremask="4000" tiltratio="78" />
  <memory-copied type="nursery" objects="3885" bytes="315592" bytesdiscarded="102720" />
  <references type="soft" candidates="2" cleared="0" enqueued="0" dynamicThreshold="26" maxThreshold="32" />
  <references type="weak" candidates="17" cleared="13" enqueued="13" />
  <references type="phantom" candidates="5" cleared="0" enqueued="0" />
</gc-op>
<gc-end id="1391" type="scavenge" contextid="1387" durationms="0.594" usertimems="0.000" systemtimems="0.000" timestamp="2019-06-17T06:59:26.217" activeThreads="4">
  <mem-info id="1392" free="6189736" total="8388608" percent="73">
    <mem type="nursery" free="1219928" total="2097152" percent="58">
      <mem type="allocate" free="1219928" total="1638400" percent="74" />
      <mem type="survivor" free="0" total="458752" percent="0" />
    </mem>
    <mem type="tenure" free="4969808" total="6291456" percent="78">
      <mem type="soa" free="4655440" total="5977088" percent="77" />
      <mem type="loa" free="314368" total="314368" percent="100" />
    </mem>
    <pending-finalizers system="0" default="0" reference="13" classloader="0" />
    <remembered-set count="679" />
  </mem-info>
</gc-end>
<cycle-end id="1393" type="scavenge" contextid="1387" timestamp="2019-06-17T06:59:26.217" />
  <attribute name="elasticGC enabled" value="1" />
  <attribute name= "numThreadsSpecified" value="4" />
  <attribute name="heapSize specified" value="8388608" />
  <attribute name="Current GC Util" value="1" />
  <attribute name= "Current Time Running" value="1366" />
  <attribute name ="GC Interval" value="200" />
  <attribute name="ProportionalT" value="-19.000000" />
  <attribute name="ProportionalI" value="-19.000000" />
  <attribute name="ProportionalH" value="-19.000000" />
  <attribute name="Current Error" value="-19.000000" />
  <attribute name="IntegralT" value="-817.000000" />
  <attribute name="IntegralI" value="-817.000000" />
  <attribute name="IntegralH" value="-817.000000" />
  <attribute name="DerivativeT" value="-0.441860" />
  <attribute name="DerivativeI" value="-0.441860" />
  <attribute name="DerivativeH" value="-0.441860" />
  <attribute name="Loop Time for DT" value="43.000000" />
  <attribute name="Output H" value="2092630016"/>
  <attribute name="Output I" value="200"/>
  <attribute name="Output T" value="4"/>
  <attribute name="Target GC Util Change" value ="20.000000" />
  <attribute name="Current GC Util Change" value="1.000000"/>
  <attribute name="GC Util currently" value="1" />
  <attribute name="CPU Util currently" value="107278065904" />
<allocation-satisfied id="1394" threadId="0000000001467700" bytesRequested="64" />
<af-end id="1395" timestamp="2019-06-17T06:59:26.218" threadId="0000000001468088" success="true" from="nursery"/>
<exclusive-end id="1396" timestamp="2019-06-17T06:59:26.218" durationms="1.054" />

<exclusive-start id="1397" timestamp="2019-06-17T06:59:26.266" intervalms="49.474">
  <response-info timems="0.035" idlems="0.035" threads="0" lastid="0000000001467700" lastname="main" />
</exclusive-start>
<af-start id="1398" threadId="0000000001468088" totalBytesRequested="984" timestamp="2019-06-17T06:59:26.266" intervalms="49.480" type="nursery" />
<cycle-start id="1399" type="scavenge" contextid="0" timestamp="2019-06-17T06:59:26.266" intervalms="49.477" />
<gc-start id="1400" type="scavenge" contextid="1399" timestamp="2019-06-17T06:59:26.266">
  <mem-info id="1401" free="4940080" total="8388608" percent="58">
    <mem type="nursery" free="0" total="2097152" percent="0">
      <mem type="allocate" free="0" total="1638400" percent="0" />
      <mem type="survivor" free="0" total="458752" percent="0" />
    </mem>
    <mem type="tenure" free="4940080" total="6291456" percent="78">
      <mem type="soa" free="4625712" total="5977088" percent="77" />
      <mem type="loa" free="314368" total="314368" percent="100" />
    </mem>
    <remembered-set count="1023" />
  </mem-info>
</gc-start>
<allocation-stats totalBytes="1247512" >
  <allocated-bytes non-tlh="29792" tlh="1217720" />
  <largest-consumer threadName="main" threadId="0000000001467700" bytes="1247512" />
</allocation-stats>
<gc-op id="1402" type="scavenge" timems="0.566" contextid="1399" timestamp="2019-06-17T06:59:26.267">
  <scavenger-info tenureage="3" tenuremask="4008" tiltratio="78" />
  <memory-copied type="nursery" objects="3120" bytes="249104" bytesdiscarded="128736" />
  <memory-copied type="tenure" objects="3184" bytes="217896" bytesdiscarded="88" />
  <references type="weak" candidates="2" cleared="2" enqueued="2" />
</gc-op>
<gc-end id="1403" type="scavenge" contextid="1399" durationms="0.765" usertimems="0.000" systemtimems="0.000" timestamp="2019-06-17T06:59:26.267" activeThreads="4">
  <mem-info id="1404" free="5987400" total="8388608" percent="71">
    <mem type="nursery" free="1260472" total="2097152" percent="60">
      <mem type="allocate" free="1260472" total="1638400" percent="76" />
      <mem type="survivor" free="0" total="458752" percent="0" />
    </mem>
    <mem type="tenure" free="4726928" total="6291456" percent="75">
      <mem type="soa" free="4412560" total="5977088" percent="73" />
      <mem type="loa" free="314368" total="314368" percent="100" />
    </mem>
    <pending-finalizers system="0" default="0" reference="2" classloader="0" />
    <remembered-set count="790" />
  </mem-info>
</gc-end>
<cycle-end id="1405" type="scavenge" contextid="1399" timestamp="2019-06-17T06:59:26.267" />
  <attribute name="elasticGC enabled" value="1" />
  <attribute name= "numThreadsSpecified" value="4" />
  <attribute name="heapSize specified" value="8388608" />
  <attribute name="Current GC Util" value="1" />
  <attribute name= "Current Time Running" value="1416" />
  <attribute name ="GC Interval" value="200" />
  <attribute name="ProportionalT" value="-19.000000" />
  <attribute name="ProportionalI" value="-19.000000" />
  <attribute name="ProportionalH" value="-19.000000" />
  <attribute name="Current Error" value="-19.000000" />
  <attribute name="IntegralT" value="-950.000000" />
  <attribute name="IntegralI" value="-950.000000" />
  <attribute name="IntegralH" value="-950.000000" />
  <attribute name="DerivativeT" value="-0.380000" />
  <attribute name="DerivativeI" value="-0.380000" />
  <attribute name="DerivativeH" value="-0.380000" />
  <attribute name="Loop Time for DT" value="50.000000" />
  <attribute name="Output H" value="2092630016"/>
  <attribute name="Output I" value="200"/>
  <attribute name="Output T" value="4"/>
  <attribute name="Target GC Util Change" value ="20.000000" />
  <attribute name="Current GC Util Change" value="1.000000"/>
  <attribute name="GC Util currently" value="1" />
  <attribute name="CPU Util currently" value="93213926319" />
<allocation-satisfied id="1406" threadId="0000000001467700" bytesRequested="984" />
<af-end id="1407" timestamp="2019-06-17T06:59:26.267" threadId="0000000001468088" success="true" from="nursery"/>
<exclusive-end id="1408" timestamp="2019-06-17T06:59:26.267" durationms="1.262" />

<exclusive-start id="1409" timestamp="2019-06-17T06:59:26.511" intervalms="245.022">
  <response-info timems="0.025" idlems="0.025" threads="0" lastid="0000000001467700" lastname="main" />
</exclusive-start>
<af-start id="1410" threadId="0000000001468088" totalBytesRequested="136" timestamp="2019-06-17T06:59:26.511" intervalms="245.019" type="nursery" />
<cycle-start id="1411" type="scavenge" contextid="0" timestamp="2019-06-17T06:59:26.511" intervalms="245.020" />
<gc-start id="1412" type="scavenge" contextid="1411" timestamp="2019-06-17T06:59:26.511">
  <mem-info id="1413" free="4704328" total="8388608" percent="56">
    <mem type="nursery" free="0" total="2097152" percent="0">
      <mem type="allocate" free="0" total="1638400" percent="0" />
      <mem type="survivor" free="0" total="458752" percent="0" />
    </mem>
    <mem type="tenure" free="4704328" total="6291456" percent="74">
      <mem type="soa" free="4389960" total="5977088" percent="73" />
      <mem type="loa" free="314368" total="314368" percent="100" />
    </mem>
    <remembered-set count="1115" />
  </mem-info>
</gc-start>
<allocation-stats totalBytes="1281296" >
  <allocated-bytes non-tlh="23584" tlh="1257712" />
  <largest-consumer threadName="main" threadId="0000000001467700" bytes="1281296" />
</allocation-stats>
<gc-op id="1414" type="scavenge" timems="0.589" contextid="1411" timestamp="2019-06-17T06:59:26.512">
  <scavenger-info tenureage="14" tenuremask="4000" tiltratio="78" />
  <memory-copied type="nursery" objects="2835" bytes="234824" bytesdiscarded="65640" />
  <finalization candidates="5" enqueued="0" />
  <references type="soft" candidates="1" cleared="0" enqueued="0" dynamicThreshold="26" maxThreshold="32" />
  <references type="weak" candidates="105" cleared="35" enqueued="24" />
  <references type="phantom" candidates="2" cleared="1" enqueued="1" />
</gc-op>
<gc-end id="1415" type="scavenge" contextid="1411" durationms="0.786" usertimems="0.000" systemtimems="0.000" timestamp="2019-06-17T06:59:26.512" activeThreads="4">
  <mem-info id="1416" free="6107712" total="8388608" percent="72">
    <mem type="nursery" free="1403384" total="2097152" percent="66">
      <mem type="allocate" free="1403384" total="1703936" percent="82" />
      <mem type="survivor" free="0" total="393216" percent="0" />
    </mem>
    <mem type="tenure" free="4704328" total="6291456" percent="74">
      <mem type="soa" free="4389960" total="5977088" percent="73" />
      <mem type="loa" free="314368" total="314368" percent="100" />
    </mem>
    <pending-finalizers system="0" default="0" reference="25" classloader="0" />
    <remembered-set count="875" />
  </mem-info>
</gc-end>
<cycle-end id="1417" type="scavenge" contextid="1411" timestamp="2019-06-17T06:59:26.512" />
  <attribute name="elasticGC enabled" value="1" />
  <attribute name= "numThreadsSpecified" value="4" />
  <attribute name="heapSize specified" value="8388608" />
  <attribute name="Current GC Util" value="0" />
  <attribute name= "Current Time Running" value="1661" />
  <attribute name ="GC Interval" value="200" />
  <attribute name="ProportionalT" value="-20.000000" />
  <attribute name="ProportionalI" value="-20.000000" />
  <attribute name="ProportionalH" value="-20.000000" />
  <attribute name="Current Error" value="-20.000000" />
  <attribute name="IntegralT" value="-4900.000000" />
  <attribute name="IntegralI" value="-4900.000000" />
  <attribute name="IntegralH" value="-4900.000000" />
  <attribute name="DerivativeT" value="-0.081633" />
  <attribute name="DerivativeI" value="-0.081633" />
  <attribute name="DerivativeH" value="-0.081633" />
  <attribute name="Loop Time for DT" value="245.000000" />
  <attribute name="Output H" value="2092630016"/>
  <attribute name="Output I" value="200"/>
  <attribute name="Output T" value="4"/>
  <attribute name="Target GC Util Change" value ="20.000000" />
  <attribute name="Current GC Util Change" value="0.000000"/>
  <attribute name="GC Util currently" value="0" />
  <attribute name="CPU Util currently" value="18821732918" />
<allocation-satisfied id="1418" threadId="0000000001467700" bytesRequested="136" />
<af-end id="1419" timestamp="2019-06-17T06:59:26.512" threadId="0000000001468088" success="true" from="nursery"/>
<exclusive-end id="1420" timestamp="2019-06-17T06:59:26.512" durationms="1.302" />

<exclusive-start id="1421" timestamp="2019-06-17T06:59:27.315" intervalms="804.101">
  <response-info timems="0.020" idlems="0.020" threads="0" lastid="0000000001467700" lastname="main" />
</exclusive-start>
<af-start id="1422" threadId="0000000001468088" totalBytesRequested="16" timestamp="2019-06-17T06:59:27.315" intervalms="804.189" type="nursery" />
<cycle-start id="1423" type="scavenge" contextid="0" timestamp="2019-06-17T06:59:27.315" intervalms="804.239" />
<gc-start id="1424" type="scavenge" contextid="1423" timestamp="2019-06-17T06:59:27.316">
  <mem-info id="1425" free="4704328" total="8388608" percent="56">
    <mem type="nursery" free="0" total="2097152" percent="0">
      <mem type="allocate" free="0" total="1703936" percent="0" />
      <mem type="survivor" free="0" total="393216" percent="0" />
    </mem>
    <mem type="tenure" free="4704328" total="6291456" percent="74">
      <mem type="soa" free="4389960" total="5977088" percent="73" />
      <mem type="loa" free="314368" total="314368" percent="100" />
    </mem>
    <remembered-set count="881" />
  </mem-info>
</gc-start>
<allocation-stats totalBytes="1402288" >
  <allocated-bytes non-tlh="136" tlh="1402152" />
  <largest-consumer threadName="main" threadId="0000000001467700" bytes="1390456" />
</allocation-stats>
<gc-op id="1426" type="scavenge" timems="0.650" contextid="1423" timestamp="2019-06-17T06:59:27.316">
  <scavenger-info tenureage="3" tenuremask="4008" tiltratio="81" />
  <memory-copied type="nursery" objects="4789" bytes="330008" bytesdiscarded="47616" />
  <memory-copied type="tenure" objects="162" bytes="70040" bytesdiscarded="0" />
  <finalization candidates="5" enqueued="0" />
  <references type="soft" candidates="1" cleared="0" enqueued="0" dynamicThreshold="26" maxThreshold="32" />
  <references type="weak" candidates="70" cleared="0" enqueued="0" />
  <references type="phantom" candidates="2" cleared="0" enqueued="0" />
</gc-op>
<gc-end id="1427" type="scavenge" contextid="1423" durationms="1.034" usertimems="0.000" systemtimems="0.000" timestamp="2019-06-17T06:59:27.317" activeThreads="4">
  <mem-info id="1428" free="5798920" total="8388608" percent="69">
    <mem type="nursery" free="1260744" total="2097152" percent="60">
      <mem type="allocate" free="1260744" total="1638400" percent="76" />
      <mem type="survivor" free="0" total="458752" percent="0" />
    </mem>
    <mem type="tenure" free="4538176" total="6291456" percent="72">
      <mem type="soa" free="4223808" total="5977088" percent="70" />
      <mem type="loa" free="314368" total="314368" percent="100" />
    </mem>
    <remembered-set count="554" />
  </mem-info>
</gc-end>
<cycle-end id="1429" type="scavenge" contextid="1423" timestamp="2019-06-17T06:59:27.317" />
  <attribute name="elasticGC enabled" value="1" />
  <attribute name= "numThreadsSpecified" value="4" />
  <attribute name="heapSize specified" value="8388608" />
  <attribute name="Current GC Util" value="0" />
  <attribute name= "Current Time Running" value="2465" />
  <attribute name ="GC Interval" value="200" />
  <attribute name="ProportionalT" value="-20.000000" />
  <attribute name="ProportionalI" value="-20.000000" />
  <attribute name="ProportionalH" value="-20.000000" />
  <attribute name="Current Error" value="-20.000000" />
  <attribute name="IntegralT" value="-16080.000000" />
  <attribute name="IntegralI" value="-16080.000000" />
  <attribute name="IntegralH" value="-16080.000000" />
  <attribute name="DerivativeT" value="-0.024876" />
  <attribute name="DerivativeI" value="-0.024876" />
  <attribute name="DerivativeH" value="-0.024876" />
  <attribute name="Loop Time for DT" value="804.000000" />
  <attribute name="Output H" value="2092630016"/>
  <attribute name="Output I" value="200"/>
  <attribute name="Output T" value="4"/>
  <attribute name="Target GC Util Change" value ="20.000000" />
  <attribute name="Current GC Util Change" value="0.000000"/>
  <attribute name="GC Util currently" value="0" />
  <attribute name="CPU Util currently" value="3" />
<allocation-satisfied id="1430" threadId="0000000001467700" bytesRequested="16" />
<af-end id="1431" timestamp="2019-06-17T06:59:27.317" threadId="0000000001468088" success="true" from="nursery"/>
<exclusive-end id="1432" timestamp="2019-06-17T06:59:27.317" durationms="1.960" />

<exclusive-start id="1433" timestamp="2019-06-17T06:59:27.365" intervalms="50.325">
  <response-info timems="0.077" idlems="0.077" threads="0" lastid="0000000001777C00" lastname="PmdThread 1" />
</exclusive-start>
<af-start id="1434" threadId="0000000001778588" totalBytesRequested="40" timestamp="2019-06-17T06:59:27.366" intervalms="50.277" type="nursery" />
<cycle-start id="1435" type="scavenge" contextid="0" timestamp="2019-06-17T06:59:27.366" intervalms="50.204" />
<gc-start id="1436" type="scavenge" contextid="1435" timestamp="2019-06-17T06:59:27.366">
  <mem-info id="1437" free="4535304" total="8388608" percent="54">
    <mem type="nursery" free="0" total="2097152" percent="0">
      <mem type="allocate" free="0" total="1638400" percent="0" />
      <mem type="survivor" free="0" total="458752" percent="0" />
    </mem>
    <mem type="tenure" free="4535304" total="6291456" percent="72">
      <mem type="soa" free="4220936" total="5977088" percent="70" />
      <mem type="loa" free="314368" total="314368" percent="100" />
    </mem>
    <remembered-set count="617" />
  </mem-info>
</gc-start>
<allocation-stats totalBytes="1236488" >
  <allocated-bytes non-tlh="2888" tlh="1233600" />
  <largest-consumer threadName="main" threadId="0000000001467700" bytes="546736" />
</allocation-stats>
<gc-op id="1438" type="scavenge" timems="5.139" contextid="1435" timestamp="2019-06-17T06:59:27.371">
  <scavenger-info tenureage="14" tenuremask="4000" tiltratio="78" />
  <memory-copied type="nursery" objects="6576" bytes="457840" bytesdiscarded="784" />
  <memory-copied type="tenure" objects="800" bytes="56928" bytesdiscarded="0" />
  <copy-failed type="nursery" objects="800" bytes="56928" />
  <finalization candidates="6" enqueued="0" />
  <ownableSynchronizers candidates="7" cleared="0" />
  <references type="soft" candidates="1" cleared="0" enqueued="0" dynamicThreshold="26" maxThreshold="32" />
  <references type="weak" candidates="411" cleared="188" enqueued="126" />
  <references type="phantom" candidates="4" cleared="0" enqueued="0" />
</gc-op>
<heap-resize id="1439" type="expand" space="nursery" amount="131072" count="1" timems="0.322" reason="excessive time being spent scavenging" timestamp="2019-06-17T06:59:27.372" />
<gc-end id="1440" type="scavenge" contextid="1435" durationms="6.022" usertimems="4.000" systemtimems="0.000" timestamp="2019-06-17T06:59:27.372" activeThreads="4">
  <mem-info id="1441" free="5452808" total="8519680" percent="64">
    <mem type="nursery" free="917504" total="2228224" percent="41">
      <mem type="allocate" free="917504" total="1376256" percent="66" />
      <mem type="survivor" free="0" total="851968" percent="0" />
    </mem>
    <mem type="tenure" free="4535304" total="6291456" percent="72">
      <mem type="soa" free="4220936" total="5977088" percent="70" />
      <mem type="loa" free="314368" total="314368" percent="100" />
    </mem>
    <pending-finalizers system="0" default="0" reference="126" classloader="0" />
    <remembered-set count="432" />
  </mem-info>
</gc-end>
<cycle-end id="1442" type="scavenge" contextid="1435" timestamp="2019-06-17T06:59:27.372" />
  <attribute name="elasticGC enabled" value="1" />
  <attribute name= "numThreadsSpecified" value="4" />
  <attribute name="heapSize specified" value="8388608" />
  <attribute name="Current GC Util" value="2" />
  <attribute name= "Current Time Running" value="2515" />
  <attribute name ="GC Interval" value="200" />
  <attribute name="ProportionalT" value="-18.000000" />
  <attribute name="ProportionalI" value="-18.000000" />
  <attribute name="ProportionalH" value="-18.000000" />
  <attribute name="Current Error" value="-18.000000" />
  <attribute name="IntegralT" value="-900.000000" />
  <attribute name="IntegralI" value="-900.000000" />
  <attribute name="IntegralH" value="-900.000000" />
  <attribute name="DerivativeT" value="-0.360000" />
  <attribute name="DerivativeI" value="-0.360000" />
  <attribute name="DerivativeH" value="-0.360000" />
  <attribute name="Loop Time for DT" value="50.000000" />
  <attribute name="Output H" value="2092630016"/>
  <attribute name="Output I" value="200"/>
  <attribute name="Output T" value="4"/>
  <attribute name="Target GC Util Change" value ="20.000000" />
  <attribute name="Current GC Util Change" value="2.000000"/>
  <attribute name="GC Util currently" value="2" />
  <attribute name="CPU Util currently" value="23" />
<allocation-satisfied id="1443" threadId="0000000001777C00" bytesRequested="40" />
<af-end id="1444" timestamp="2019-06-17T06:59:27.372" threadId="0000000001778588" success="true" from="nursery"/>
<exclusive-end id="1445" timestamp="2019-06-17T06:59:27.372" durationms="6.948" />

<exclusive-start id="1446" timestamp="2019-06-17T06:59:27.394" intervalms="28.618">
  <response-info timems="0.066" idlems="0.035" threads="1" lastid="0000000001777C00" lastname="PmdThread 1" />
</exclusive-start>
<af-start id="1447" threadId="0000000001787988" totalBytesRequested="32" timestamp="2019-06-17T06:59:27.394" intervalms="28.573" type="nursery" />
<cycle-start id="1448" type="scavenge" contextid="0" timestamp="2019-06-17T06:59:27.394" intervalms="28.604" />
<gc-start id="1449" type="scavenge" contextid="1448" timestamp="2019-06-17T06:59:27.394">
  <mem-info id="1450" free="4532608" total="8519680" percent="53">
    <mem type="nursery" free="0" total="2228224" percent="0">
      <mem type="allocate" free="0" total="1376256" percent="0" />
      <mem type="survivor" free="0" total="851968" percent="0" />
    </mem>
    <mem type="tenure" free="4532608" total="6291456" percent="72">
      <mem type="soa" free="4218240" total="5977088" percent="70" />
      <mem type="loa" free="314368" total="314368" percent="100" />
    </mem>
    <remembered-set count="469" />
  </mem-info>
</gc-start>
<allocation-stats totalBytes="918440" >
  <allocated-bytes non-tlh="19152" tlh="899288" />
  <largest-consumer threadName="PmdThread 4" threadId="0000000001787000" bytes="310624" />
</allocation-stats>
<gc-op id="1451" type="scavenge" timems="5.556" contextid="1448" timestamp="2019-06-17T06:59:27.400">
  <scavenger-info tenureage="3" tenuremask="6008" tiltratio="61" />
  <memory-copied type="nursery" objects="13138" bytes="850656" bytesdiscarded="1240" />
  <memory-copied type="tenure" objects="1905" bytes="130456" bytesdiscarded="216" />
  <copy-failed type="nursery" objects="684" bytes="62688" />
  <finalization candidates="6" enqueued="0" />
  <ownableSynchronizers candidates="7" cleared="0" />
  <references type="weak" candidates="153" cleared="0" enqueued="0" />
  <references type="phantom" candidates="2" cleared="0" enqueued="0" />
</gc-op>
<heap-resize id="1452" type="expand" space="nursery" amount="262144" count="1" timems="0.013" reason="excessive time being spent scavenging" timestamp="2019-06-17T06:59:27.400" />
<gc-end id="1453" type="scavenge" contextid="1448" durationms="5.987" usertimems="4.000" systemtimems="4.000" timestamp="2019-06-17T06:59:27.400" activeThreads="4">
  <mem-info id="1454" free="4816768" total="8781824" percent="54">
    <mem type="nursery" free="393216" total="2490368" percent="15">
      <mem type="allocate" free="393216" total="1245184" percent="31" />
      <mem type="survivor" free="0" total="1245184" percent="0" />
    </mem>
    <mem type="tenure" free="4423552" total="6291456" percent="70">
      <mem type="soa" free="4109184" total="5977088" percent="68" />
      <mem type="loa" free="314368" total="314368" percent="100" />
    </mem>
    <remembered-set count="381" />
  </mem-info>
</gc-end>
<cycle-end id="1455" type="scavenge" contextid="1448" timestamp="2019-06-17T06:59:27.400" />
  <attribute name="elasticGC enabled" value="1" />
  <attribute name= "numThreadsSpecified" value="4" />
  <attribute name="heapSize specified" value="8388608" />
  <attribute name="Current GC Util" value="19" />
  <attribute name= "Current Time Running" value="2544" />
  <attribute name ="GC Interval" value="200" />
  <attribute name="ProportionalT" value="-1.000000" />
  <attribute name="ProportionalI" value="-1.000000" />
  <attribute name="ProportionalH" value="-1.000000" />
  <attribute name="Current Error" value="-1.000000" />
  <attribute name="IntegralT" value="-29.000000" />
  <attribute name="IntegralI" value="-29.000000" />
  <attribute name="IntegralH" value="-29.000000" />
  <attribute name="DerivativeT" value="-0.034483" />
  <attribute name="DerivativeI" value="-0.034483" />
  <attribute name="DerivativeH" value="-0.034483" />
  <attribute name="Loop Time for DT" value="29.000000" />
  <attribute name="Output H" value="2092630016"/>
  <attribute name="Output I" value="200"/>
  <attribute name="Output T" value="4"/>
  <attribute name="Target GC Util Change" value ="20.000000" />
  <attribute name="Current GC Util Change" value="19.000000"/>
  <attribute name="GC Util currently" value="19" />
  <attribute name="CPU Util currently" value="161310092868" />
<allocation-satisfied id="1456" threadId="0000000001787000" bytesRequested="32" />
<af-end id="1457" timestamp="2019-06-17T06:59:27.401" threadId="0000000001787988" success="true" from="nursery"/>
<exclusive-end id="1458" timestamp="2019-06-17T06:59:27.401" durationms="6.816" />

<exclusive-start id="1459" timestamp="2019-06-17T06:59:27.404" intervalms="10.324">
  <response-info timems="0.304" idlems="0.196" threads="2" lastid="000000000177B800" lastname="PmdThread 2" />
</exclusive-start>
<af-start id="1460" threadId="0000000001778588" totalBytesRequested="130056" timestamp="2019-06-17T06:59:27.404" intervalms="10.312" type="nursery" />
<cycle-start id="1461" type="scavenge" contextid="0" timestamp="2019-06-17T06:59:27.404" intervalms="10.277" />
<gc-start id="1462" type="scavenge" contextid="1461" timestamp="2019-06-17T06:59:27.405">
  <mem-info id="1463" free="4505520" total="8781824" percent="51">
    <mem type="nursery" free="83920" total="2490368" percent="3">
      <mem type="allocate" free="83920" total="1245184" percent="6" />
      <mem type="survivor" free="0" total="1245184" percent="0" />
    </mem>
    <mem type="tenure" free="4421600" total="6291456" percent="70">
      <mem type="soa" free="4107232" total="5977088" percent="68" />
      <mem type="loa" free="314368" total="314368" percent="100" />
    </mem>
    <remembered-set count="402" />
  </mem-info>
</gc-start>
<allocation-stats totalBytes="302888" >
  <allocated-bytes non-tlh="98256" tlh="204632" />
  <largest-consumer threadName="PmdThread 1" threadId="0000000001777C00" bytes="188168" />
</allocation-stats>
<gc-op id="1464" type="scavenge" timems="5.333" contextid="1461" timestamp="2019-06-17T06:59:27.410">
  <scavenger-info tenureage="5" tenuremask="7020" tiltratio="50" />
  <memory-copied type="nursery" objects="13003" bytes="911176" bytesdiscarded="48128" />
  <memory-copied type="tenure" objects="400" bytes="24368" bytesdiscarded="0" />
  <finalization candidates="1" enqueued="0" />
  <ownableSynchronizers candidates="7" cleared="0" />
  <references type="weak" candidates="154" cleared="0" enqueued="0" />
  <references type="phantom" candidates="3" cleared="0" enqueued="0" />
</gc-op>
<heap-resize id="1465" type="expand" space="nursery" amount="524288" count="1" timems="0.013" reason="excessive time being spent scavenging" timestamp="2019-06-17T06:59:27.410" />
<gc-end id="1466" type="scavenge" contextid="1461" durationms="5.777" usertimems="0.000" systemtimems="4.000" timestamp="2019-06-17T06:59:27.410" activeThreads="4">
  <mem-info id="1467" free="4969512" total="9306112" percent="53">
    <mem type="nursery" free="547912" total="3014656" percent="18">
      <mem type="allocate" free="547912" total="1507328" percent="36" />
      <mem type="survivor" free="0" total="1507328" percent="0" />
    </mem>
    <mem type="tenure" free="4421600" total="6291456" percent="70">
      <mem type="soa" free="4107232" total="5977088" percent="68" />
      <mem type="loa" free="314368" total="314368" percent="100" />
    </mem>
    <remembered-set count="243" />
  </mem-info>
</gc-end>
<cycle-end id="1468" type="scavenge" contextid="1461" timestamp="2019-06-17T06:59:27.410" />
  <attribute name="elasticGC enabled" value="1" />
  <attribute name= "numThreadsSpecified" value="4" />
  <attribute name="heapSize specified" value="8388608" />
  <attribute name="Current GC Util" value="57" />
  <attribute name= "Current Time Running" value="2554" />
  <attribute name ="GC Interval" value="416" />
  <attribute name="ProportionalT" value="37.000000" />
  <attribute name="ProportionalI" value="37.000000" />
  <attribute name="ProportionalH" value="37.000000" />
  <attribute name="Current Error" value="37.000000" />
  <attribute name="IntegralT" value="370.000000" />
  <attribute name="IntegralI" value="370.000000" />
  <attribute name="IntegralH" value="370.000000" />
  <attribute name="DerivativeT" value="3.700000" />
  <attribute name="DerivativeI" value="3.700000" />
  <attribute name="DerivativeH" value="3.700000" />
  <attribute name="Loop Time for DT" value="10.000000" />
  <attribute name="Output H" value="8388608"/>
  <attribute name="Output I" value="416"/>
  <attribute name="Output T" value="4"/>
  <attribute name="Target GC Util Change" value ="20.000000" />
  <attribute name="Current GC Util Change" value="57.000000"/>
  <attribute name="GC Util currently" value="57" />
  <attribute name="CPU Util currently" value="450804427593" />
<allocation-satisfied id="1469" threadId="0000000001777C00" bytesRequested="130056" />
<af-end id="1470" timestamp="2019-06-17T06:59:27.411" threadId="0000000001778588" success="true" from="nursery"/>
<exclusive-end id="1471" timestamp="2019-06-17T06:59:27.411" durationms="6.545" />

<exclusive-start id="1472" timestamp="2019-06-17T06:59:27.420" intervalms="15.151">
  <response-info timems="0.246" idlems="0.222" threads="1" lastid="000000000146EF00" lastname="JIT Compilation Thread-1" />
</exclusive-start>
<af-start id="1473" threadId="000000000177C188" totalBytesRequested="464" timestamp="2019-06-17T06:59:27.420" intervalms="15.177" type="nursery" />
<cycle-start id="1474" type="scavenge" contextid="0" timestamp="2019-06-17T06:59:27.420" intervalms="15.216" />
<gc-start id="1475" type="scavenge" contextid="1474" timestamp="2019-06-17T06:59:27.420">
  <mem-info id="1476" free="4420112" total="9306112" percent="47">
    <mem type="nursery" free="0" total="3014656" percent="0">
      <mem type="allocate" free="0" total="1507328" percent="0" />
      <mem type="survivor" free="0" total="1507328" percent="0" />
    </mem>
    <mem type="tenure" free="4420112" total="6291456" percent="70">
      <mem type="soa" free="4105744" total="5977088" percent="68" />
      <mem type="loa" free="314368" total="314368" percent="100" />
    </mem>
    <remembered-set count="258" />
  </mem-info>
</gc-start>
<allocation-stats totalBytes="547320" >
  <allocated-bytes non-tlh="278944" tlh="268376" />
  <largest-consumer threadName="PmdThread 1" threadId="0000000001777C00" bytes="454408" />
</allocation-stats>
<gc-op id="1477" type="scavenge" timems="0.942" contextid="1474" timestamp="2019-06-17T06:59:27.421">
  <scavenger-info tenureage="2" tenuremask="780c" tiltratio="50" />
  <memory-copied type="nursery" objects="2602" bytes="191080" bytesdiscarded="97552" />
  <memory-copied type="tenure" objects="11095" bytes="728152" bytesdiscarded="136" />
  <finalization candidates="1" enqueued="0" />
  <ownableSynchronizers candidates="7" cleared="0" />
</gc-op>
<heap-resize id="1478" type="expand" space="nursery" amount="131072" count="1" timems="0.025" reason="excessive time being spent scavenging" timestamp="2019-06-17T06:59:27.421" />
<gc-end id="1479" type="scavenge" contextid="1474" durationms="1.255" usertimems="0.000" systemtimems="4.000" timestamp="2019-06-17T06:59:27.421" activeThreads="4">
  <mem-info id="1480" free="5049136" total="9437184" percent="53">
    <mem type="nursery" free="1480784" total="3145728" percent="47">
      <mem type="allocate" free="1480784" total="1769472" percent="83" />
      <mem type="survivor" free="0" total="1376256" percent="0" />
    </mem>
    <mem type="tenure" free="3568352" total="6291456" percent="56">
      <mem type="soa" free="3253984" total="5977088" percent="54" />
      <mem type="loa" free="314368" total="314368" percent="100" />
    </mem>
    <remembered-set count="321" />
  </mem-info>
</gc-end>
<cycle-end id="1481" type="scavenge" contextid="1474" timestamp="2019-06-17T06:59:27.421" />
  <attribute name="elasticGC enabled" value="1" />
  <attribute name= "numThreadsSpecified" value="4" />
  <attribute name="heapSize specified" value="8388608" />
  <attribute name="Current GC Util" value="36" />
  <attribute name= "Current Time Running" value="2569" />
  <attribute name ="GC Interval" value="256" />
  <attribute name="ProportionalT" value="16.000000" />
  <attribute name="ProportionalI" value="16.000000" />
  <attribute name="ProportionalH" value="16.000000" />
  <attribute name="Current Error" value="16.000000" />
  <attribute name="IntegralT" value="240.000000" />
  <attribute name="IntegralI" value="240.000000" />
  <attribute name="IntegralH" value="240.000000" />
  <attribute name="DerivativeT" value="-1.400000" />
  <attribute name="DerivativeI" value="-1.400000" />
  <attribute name="DerivativeH" value="-1.400000" />
  <attribute name="Loop Time for DT" value="15.000000" />
  <attribute name="Output H" value="8388608"/>
  <attribute name="Output I" value="256"/>
  <attribute name="Output T" value="4"/>
  <attribute name="Target GC Util Change" value ="20.000000" />
  <attribute name="Current GC Util Change" value="36.000000"/>
  <attribute name="GC Util currently" value="36" />
  <attribute name="CPU Util currently" value="301343252363" />
<allocation-satisfied id="1482" threadId="000000000177B800" bytesRequested="464" />
<af-end id="1483" timestamp="2019-06-17T06:59:27.421" threadId="000000000177C188" success="true" from="nursery"/>
<exclusive-end id="1484" timestamp="2019-06-17T06:59:27.421" durationms="1.765" />

<exclusive-start id="1485" timestamp="2019-06-17T06:59:27.448" intervalms="28.429">
  <response-info timems="0.061" idlems="0.061" threads="0" lastid="0000000001783400" lastname="PmdThread 3" />
</exclusive-start>
<af-start id="1486" threadId="0000000001783D88" totalBytesRequested="1968" timestamp="2019-06-17T06:59:27.448" intervalms="28.451" type="nursery" />
<cycle-start id="1487" type="scavenge" contextid="0" timestamp="2019-06-17T06:59:27.448" intervalms="28.441" />
<gc-start id="1488" type="scavenge" contextid="1487" timestamp="2019-06-17T06:59:27.448">
  <mem-info id="1489" free="3561176" total="9437184" percent="37">
    <mem type="nursery" free="0" total="3145728" percent="0">
      <mem type="allocate" free="0" total="1769472" percent="0" />
      <mem type="survivor" free="0" total="1376256" percent="0" />
    </mem>
    <mem type="tenure" free="3561176" total="6291456" percent="56">
      <mem type="soa" free="3246808" total="5977088" percent="54" />
      <mem type="loa" free="314368" total="314368" percent="100" />
    </mem>
    <remembered-set count="479" />
  </mem-info>
</gc-start>
<allocation-stats totalBytes="1479896" >
  <allocated-bytes non-tlh="111536" tlh="1368360" />
  <largest-consumer threadName="PmdThread 3" threadId="0000000001783400" bytes="624136" />
</allocation-stats>
<gc-op id="1490" type="scavenge" timems="0.647" contextid="1487" timestamp="2019-06-17T06:59:27.449">
  <scavenger-info tenureage="11" tenuremask="7800" tiltratio="56" />
  <memory-copied type="nursery" objects="7245" bytes="678472" bytesdiscarded="59424" />
  <references type="weak" candidates="3" cleared="1" enqueued="1" />
  <references type="phantom" candidates="3" cleared="0" enqueued="0" />
</gc-op>
<gc-end id="1491" type="scavenge" contextid="1487" durationms="0.853" usertimems="0.000" systemtimems="0.000" timestamp="2019-06-17T06:59:27.449" activeThreads="4">
  <mem-info id="1492" free="4658208" total="9437184" percent="49">
    <mem type="nursery" free="1097032" total="3145728" percent="34">
      <mem type="allocate" free="1097032" total="1835008" percent="59" />
      <mem type="survivor" free="0" total="1310720" percent="0" />
    </mem>
    <mem type="tenure" free="3561176" total="6291456" percent="56">
      <mem type="soa" free="3246808" total="5977088" percent="54" />
      <mem type="loa" free="314368" total="314368" percent="100" />
    </mem>
    <pending-finalizers system="0" default="0" reference="1" classloader="0" />
    <remembered-set count="461" />
  </mem-info>
</gc-end>
<cycle-end id="1493" type="scavenge" contextid="1487" timestamp="2019-06-17T06:59:27.449" />
  <attribute name="elasticGC enabled" value="1" />
  <attribute name= "numThreadsSpecified" value="4" />
  <attribute name="heapSize specified" value="8388608" />
  <attribute name="Current GC Util" value="6" />
  <attribute name= "Current Time Running" value="2598" />
  <attribute name ="GC Interval" value="200" />
  <attribute name="ProportionalT" value="-14.000000" />
  <attribute name="ProportionalI" value="-14.000000" />
  <attribute name="ProportionalH" value="-14.000000" />
  <attribute name="Current Error" value="-14.000000" />
  <attribute name="IntegralT" value="-406.000000" />
  <attribute name="IntegralI" value="-406.000000" />
  <attribute name="IntegralH" value="-406.000000" />
  <attribute name="DerivativeT" value="-1.034483" />
  <attribute name="DerivativeI" value="-1.034483" />
  <attribute name="DerivativeH" value="-1.034483" />
  <attribute name="Loop Time for DT" value="29.000000" />
  <attribute name="Output H" value="2092630016"/>
  <attribute name="Output I" value="200"/>
  <attribute name="Output T" value="4"/>
  <attribute name="Target GC Util Change" value ="20.000000" />
  <attribute name="Current GC Util Change" value="6.000000"/>
  <attribute name="GC Util currently" value="6" />
  <attribute name="CPU Util currently" value="15" />
<allocation-satisfied id="1494" threadId="0000000001783400" bytesRequested="1968" />
<af-end id="1495" timestamp="2019-06-17T06:59:27.449" threadId="0000000001783D88" success="true" from="nursery"/>
<exclusive-end id="1496" timestamp="2019-06-17T06:59:27.449" durationms="1.395" />

<exclusive-start id="1497" timestamp="2019-06-17T06:59:27.493" intervalms="44.724">
  <response-info timems="0.058" idlems="0.058" threads="0" lastid="0000000001787000" lastname="PmdThread 4" />
</exclusive-start>
<af-start id="1498" threadId="0000000001787988" totalBytesRequested="40" timestamp="2019-06-17T06:59:27.493" intervalms="44.700" type="nursery" />
<cycle-start id="1499" type="scavenge" contextid="0" timestamp="2019-06-17T06:59:27.493" intervalms="44.707" />
<gc-start id="1500" type="scavenge" contextid="1499" timestamp="2019-06-17T06:59:27.493">
  <mem-info id="1501" free="3552432" total="9437184" percent="37">
    <mem type="nursery" free="0" total="3145728" percent="0">
      <mem type="allocate" free="0" total="1835008" percent="0" />
      <mem type="survivor" free="0" total="1310720" percent="0" />
    </mem>
    <mem type="tenure" free="3552432" total="6291456" percent="56">
      <mem type="soa" free="3238064" total="5977088" percent="54" />
      <mem type="loa" free="314368" total="314368" percent="100" />
    </mem>
    <remembered-set count="583" />
  </mem-info>
</gc-start>
<allocation-stats totalBytes="1066688" >
  <allocated-bytes non-tlh="10712" tlh="1055976" />
  <largest-consumer threadName="PmdThread 3" threadId="0000000001783400" bytes="480744" />
</allocation-stats>
<gc-op id="1502" type="scavenge" timems="5.479" contextid="1499" timestamp="2019-06-17T06:59:27.498">
  <scavenger-info tenureage="10" tenuremask="7c00" tiltratio="58" />
  <memory-copied type="nursery" objects="11851" bytes="849248" bytesdiscarded="51400" />
  <memory-copied type="tenure" objects="111" bytes="3760" bytesdiscarded="0" />
  <finalization candidates="1" enqueued="0" />
  <references type="soft" candidates="2" cleared="0" enqueued="0" dynamicThreshold="26" maxThreshold="32" />
  <references type="weak" candidates="14" cleared="4" enqueued="4" />
  <references type="phantom" candidates="7" cleared="2" enqueued="2" />
</gc-op>
<heap-resize id="1503" type="expand" space="nursery" amount="262144" count="1" timems="0.014" reason="excessive time being spent scavenging" timestamp="2019-06-17T06:59:27.499" />
<gc-end id="1504" type="scavenge" contextid="1499" durationms="5.993" usertimems="4.000" systemtimems="0.000" timestamp="2019-06-17T06:59:27.499" activeThreads="4">
  <mem-info id="1505" free="4709680" total="9699328" percent="48">
    <mem type="nursery" free="1196416" total="3407872" percent="35">
      <mem type="allocate" free="1196416" total="2097152" percent="57" />
      <mem type="survivor" free="0" total="1310720" percent="0" />
    </mem>
    <mem type="tenure" free="3513264" total="6291456" percent="55">
      <mem type="soa" free="3198896" total="5977088" percent="53" />
      <mem type="loa" free="314368" total="314368" percent="100" />
    </mem>
    <pending-finalizers system="0" default="0" reference="6" classloader="0" />
    <remembered-set count="500" />
  </mem-info>
</gc-end>
<cycle-end id="1506" type="scavenge" contextid="1499" timestamp="2019-06-17T06:59:27.499" />
  <attribute name="elasticGC enabled" value="1" />
  <attribute name= "numThreadsSpecified" value="4" />
  <attribute name="heapSize specified" value="8388608" />
  <attribute name="Current GC Util" value="2" />
  <attribute name= "Current Time Running" value="2642" />
  <attribute name ="GC Interval" value="200" />
  <attribute name="ProportionalT" value="-18.000000" />
  <attribute name="ProportionalI" value="-18.000000" />
  <attribute name="ProportionalH" value="-18.000000" />
  <attribute name="Current Error" value="-18.000000" />
  <attribute name="IntegralT" value="-792.000000" />
  <attribute name="IntegralI" value="-792.000000" />
  <attribute name="IntegralH" value="-792.000000" />
  <attribute name="DerivativeT" value="-0.409091" />
  <attribute name="DerivativeI" value="-0.409091" />
  <attribute name="DerivativeH" value="-0.409091" />
  <attribute name="Loop Time for DT" value="44.000000" />
  <attribute name="Output H" value="2092630016"/>
  <attribute name="Output I" value="200"/>
  <attribute name="Output T" value="4"/>
  <attribute name="Target GC Util Change" value ="20.000000" />
  <attribute name="Current GC Util Change" value="2.000000"/>
  <attribute name="GC Util currently" value="2" />
  <attribute name="CPU Util currently" value="20" />
<allocation-satisfied id="1507" threadId="0000000001787000" bytesRequested="40" />
<af-end id="1508" timestamp="2019-06-17T06:59:27.499" threadId="0000000001787988" success="true" from="nursery"/>
<exclusive-end id="1509" timestamp="2019-06-17T06:59:27.499" durationms="6.713" />

<exclusive-start id="1510" timestamp="2019-06-17T06:59:27.540" intervalms="47.359">
  <response-info timems="0.047" idlems="0.047" threads="0" lastid="000000000177B800" lastname="PmdThread 2" />
</exclusive-start>
<af-start id="1511" threadId="000000000177C188" totalBytesRequested="40" timestamp="2019-06-17T06:59:27.540" intervalms="47.369" type="nursery" />
<cycle-start id="1512" type="scavenge" contextid="0" timestamp="2019-06-17T06:59:27.540" intervalms="47.372" />
<gc-start id="1513" type="scavenge" contextid="1512" timestamp="2019-06-17T06:59:27.540">
  <mem-info id="1514" free="3506512" total="9699328" percent="36">
    <mem type="nursery" free="0" total="3407872" percent="0">
      <mem type="allocate" free="0" total="2097152" percent="0" />
      <mem type="survivor" free="0" total="1310720" percent="0" />
    </mem>
    <mem type="tenure" free="3506512" total="6291456" percent="55">
      <mem type="soa" free="3192144" total="5977088" percent="53" />
      <mem type="loa" free="314368" total="314368" percent="100" />
    </mem>
    <remembered-set count="588" />
  </mem-info>
</gc-start>
<allocation-stats totalBytes="1201720" >
  <allocated-bytes non-tlh="6792" tlh="1194928" />
  <largest-consumer threadName="PmdThread 2" threadId="000000000177B800" bytes="470792" />
</allocation-stats>
<gc-op id="1515" type="scavenge" timems="6.129" contextid="1512" timestamp="2019-06-17T06:59:27.547">
  <scavenger-info tenureage="3" tenuremask="7e08" tiltratio="61" />
  <memory-copied type="nursery" objects="17137" bytes="971488" bytesdiscarded="47480" />
  <memory-copied type="tenure" objects="1113" bytes="104528" bytesdiscarded="0" />
  <finalization candidates="1" enqueued="0" />
  <references type="soft" candidates="3" cleared="0" enqueued="0" dynamicThreshold="26" maxThreshold="32" />
  <references type="weak" candidates="17" cleared="5" enqueued="5" />
  <references type="phantom" candidates="5" cleared="1" enqueued="1" />
</gc-op>
<heap-resize id="1516" type="expand" space="nursery" amount="262144" count="1" timems="0.015" reason="excessive time being spent scavenging" timestamp="2019-06-17T06:59:27.547" />
<gc-end id="1517" type="scavenge" contextid="1512" durationms="6.628" usertimems="8.000" systemtimems="0.000" timestamp="2019-06-17T06:59:27.547" activeThreads="4">
  <mem-info id="1518" free="4743960" total="9961472" percent="47">
    <mem type="nursery" free="1340128" total="3670016" percent="36">
      <mem type="allocate" free="1340128" total="2359296" percent="56" />
      <mem type="survivor" free="0" total="1310720" percent="0" />
    </mem>
    <mem type="tenure" free="3403832" total="6291456" percent="54">
      <mem type="soa" free="3089464" total="5977088" percent="51" />
      <mem type="loa" free="314368" total="314368" percent="100" />
    </mem>
    <pending-finalizers system="0" default="0" reference="6" classloader="0" />
    <remembered-set count="509" />
  </mem-info>
</gc-end>
<cycle-end id="1519" type="scavenge" contextid="1512" timestamp="2019-06-17T06:59:27.547" />
  <attribute name="elasticGC enabled" value="1" />
  <attribute name= "numThreadsSpecified" value="4" />
  <attribute name="heapSize specified" value="8388608" />
  <attribute name="Current GC Util" value="12" />
  <attribute name= "Current Time Running" value="2690" />
  <attribute name ="GC Interval" value="200" />
  <attribute name="ProportionalT" value="-8.000000" />
  <attribute name="ProportionalI" value="-8.000000" />
  <attribute name="ProportionalH" value="-8.000000" />
  <attribute name="Current Error" value="-8.000000" />
  <attribute name="IntegralT" value="-384.000000" />
  <attribute name="IntegralI" value="-384.000000" />
  <attribute name="IntegralH" value="-384.000000" />
  <attribute name="DerivativeT" value="-0.166667" />
  <attribute name="DerivativeI" value="-0.166667" />
  <attribute name="DerivativeH" value="-0.166667" />
  <attribute name="Loop Time for DT" value="48.000000" />
  <attribute name="Output H" value="2092630016"/>
  <attribute name="Output I" value="200"/>
  <attribute name="Output T" value="4"/>
  <attribute name="Target GC Util Change" value ="20.000000" />
  <attribute name="Current GC Util Change" value="12.000000"/>
  <attribute name="GC Util currently" value="12" />
  <attribute name="CPU Util currently" value="42" />
<allocation-satisfied id="1520" threadId="000000000177B800" bytesRequested="40" />
<af-end id="1521" timestamp="2019-06-17T06:59:27.547" threadId="000000000177C188" success="true" from="nursery"/>
<exclusive-end id="1522" timestamp="2019-06-17T06:59:27.548" durationms="7.488" />

<exclusive-start id="1523" timestamp="2019-06-17T06:59:27.602" intervalms="62.287">
  <response-info timems="0.930" idlems="0.472" threads="1" lastid="0000000001787000" lastname="PmdThread 4" />
</exclusive-start>
<af-start id="1524" threadId="000000000177C188" totalBytesRequested="56" timestamp="2019-06-17T06:59:27.602" intervalms="62.339" type="nursery" />
<cycle-start id="1525" type="scavenge" contextid="0" timestamp="2019-06-17T06:59:27.603" intervalms="62.330" />
<gc-start id="1526" type="scavenge" contextid="1525" timestamp="2019-06-17T06:59:27.603">
  <mem-info id="1527" free="3369032" total="9961472" percent="33">
    <mem type="nursery" free="0" total="3670016" percent="0">
      <mem type="allocate" free="0" total="2359296" percent="0" />
      <mem type="survivor" free="0" total="1310720" percent="0" />
    </mem>
    <mem type="tenure" free="3369032" total="6291456" percent="53">
      <mem type="soa" free="3054664" total="5977088" percent="51" />
      <mem type="loa" free="314368" total="314368" percent="100" />
    </mem>
    <remembered-set count="1033" />
  </mem-info>
</gc-start>
<allocation-stats totalBytes="1371584" >
  <allocated-bytes non-tlh="34840" tlh="1336744" />
  <largest-consumer threadName="PmdThread 4" threadId="0000000001787000" bytes="437336" />
</allocation-stats>
<gc-op id="1528" type="scavenge" timems="1.400" contextid="1525" timestamp="2019-06-17T06:59:27.604">
  <scavenger-info tenureage="8" tenuremask="7f00" tiltratio="64" />
  <memory-copied type="nursery" objects="22327" bytes="1108896" bytesdiscarded="72656" />
  <memory-copied type="tenure" objects="718" bytes="47600" bytesdiscarded="0" />
  <finalization candidates="6" enqueued="0" />
  <references type="soft" candidates="27" cleared="0" enqueued="0" dynamicThreshold="26" maxThreshold="32" />
  <references type="weak" candidates="118" cleared="36" enqueued="26" />
  <references type="phantom" candidates="6" cleared="1" enqueued="1" />
</gc-op>
<gc-end id="1529" type="scavenge" contextid="1525" durationms="1.595" usertimems="4.000" systemtimems="0.000" timestamp="2019-06-17T06:59:27.604" activeThreads="4">
  <mem-info id="1530" free="4480912" total="9961472" percent="44">
    <mem type="nursery" free="1111880" total="3670016" percent="30">
      <mem type="allocate" free="1111880" total="2293760" percent="48" />
      <mem type="survivor" free="0" total="1376256" percent="0" />
    </mem>
    <mem type="tenure" free="3369032" total="6291456" percent="53">
      <mem type="soa" free="3054664" total="5977088" percent="51" />
      <mem type="loa" free="314368" total="314368" percent="100" />
    </mem>
    <pending-finalizers system="0" default="0" reference="27" classloader="0" />
    <remembered-set count="865" />
  </mem-info>
</gc-end>
<cycle-end id="1531" type="scavenge" contextid="1525" timestamp="2019-06-17T06:59:27.604" />
  <attribute name="elasticGC enabled" value="1" />
  <attribute name= "numThreadsSpecified" value="4" />
  <attribute name="heapSize specified" value="8388608" />
  <attribute name="Current GC Util" value="10" />
  <attribute name= "Current Time Running" value="2752" />
  <attribute name ="GC Interval" value="200" />
  <attribute name="ProportionalT" value="-10.000000" />
  <attribute name="ProportionalI" value="-10.000000" />
  <attribute name="ProportionalH" value="-10.000000" />
  <attribute name="Current Error" value="-10.000000" />
  <attribute name="IntegralT" value="-620.000000" />
  <attribute name="IntegralI" value="-620.000000" />
  <attribute name="IntegralH" value="-620.000000" />
  <attribute name="DerivativeT" value="-0.161290" />
  <attribute name="DerivativeI" value="-0.161290" />
  <attribute name="DerivativeH" value="-0.161290" />
  <attribute name="Loop Time for DT" value="62.000000" />
  <attribute name="Output H" value="2092630016"/>
  <attribute name="Output I" value="200"/>
  <attribute name="Output T" value="4"/>
  <attribute name="Target GC Util Change" value ="20.000000" />
  <attribute name="Current GC Util Change" value="10.000000"/>
  <attribute name="GC Util currently" value="10" />
  <attribute name="CPU Util currently" value="29" />
<allocation-satisfied id="1532" threadId="000000000177B800" bytesRequested="56" />
<af-end id="1533" timestamp="2019-06-17T06:59:27.604" threadId="000000000177C188" success="true" from="nursery"/>
<exclusive-end id="1534" timestamp="2019-06-17T06:59:27.604" durationms="2.116" />

<exclusive-start id="1535" timestamp="2019-06-17T06:59:27.631" intervalms="28.613">
  <response-info timems="0.068" idlems="0.037" threads="1" lastid="000000000146EF00" lastname="JIT Compilation Thread-1" />
</exclusive-start>
<af-start id="1536" threadId="0000000001787988" totalBytesRequested="40" timestamp="2019-06-17T06:59:27.631" intervalms="28.560" type="nursery" />
<cycle-start id="1537" type="scavenge" contextid="0" timestamp="2019-06-17T06:59:27.631" intervalms="28.560" />
<gc-start id="1538" type="scavenge" contextid="1537" timestamp="2019-06-17T06:59:27.631">
  <mem-info id="1539" free="3338680" total="9961472" percent="33">
    <mem type="nursery" free="0" total="3670016" percent="0">
      <mem type="allocate" free="0" total="2293760" percent="0" />
      <mem type="survivor" free="0" total="1376256" percent="0" />
    </mem>
    <mem type="tenure" free="3338680" total="6291456" percent="53">
      <mem type="soa" free="3024312" total="5977088" percent="50" />
      <mem type="loa" free="314368" total="314368" percent="100" />
    </mem>
    <remembered-set count="1411" />
  </mem-info>
</gc-start>
<allocation-stats totalBytes="1124560" >
  <allocated-bytes non-tlh="30408" tlh="1094152" />
  <largest-consumer threadName="PmdThread 4" threadId="0000000001787000" bytes="372664" />
</allocation-stats>
<gc-op id="1540" type="scavenge" timems="6.425" contextid="1537" timestamp="2019-06-17T06:59:27.638">
  <scavenger-info tenureage="7" tenuremask="7f80" tiltratio="62" />
  <memory-copied type="nursery" objects="27098" bytes="1281704" bytesdiscarded="50672" />
  <finalization candidates="6" enqueued="0" />
  <references type="soft" candidates="32" cleared="0" enqueued="0" dynamicThreshold="26" maxThreshold="32" />
  <references type="weak" candidates="107" cleared="10" enqueued="7" />
  <references type="phantom" candidates="5" cleared="0" enqueued="0" />
</gc-op>
<heap-resize id="1541" type="expand" space="nursery" amount="393216" count="1" timems="0.015" reason="excessive time being spent scavenging" timestamp="2019-06-17T06:59:27.638" />
<gc-end id="1542" type="scavenge" contextid="1537" durationms="6.951" usertimems="8.000" systemtimems="0.000" timestamp="2019-06-17T06:59:27.638" activeThreads="4">
  <mem-info id="1543" free="4299616" total="10354688" percent="41">
    <mem type="nursery" free="960936" total="4063232" percent="23">
      <mem type="allocate" free="960936" total="2293760" percent="41" />
      <mem type="survivor" free="0" total="1769472" percent="0" />
    </mem>
    <mem type="tenure" free="3338680" total="6291456" percent="53">
      <mem type="soa" free="3024312" total="5977088" percent="50" />
      <mem type="loa" free="314368" total="314368" percent="100" />
    </mem>
    <pending-finalizers system="0" default="0" reference="7" classloader="0" />
    <remembered-set count="1334" />
  </mem-info>
</gc-end>
<cycle-end id="1544" type="scavenge" contextid="1537" timestamp="2019-06-17T06:59:27.638" />
  <attribute name="elasticGC enabled" value="1" />
  <attribute name= "numThreadsSpecified" value="4" />
  <attribute name="heapSize specified" value="8388608" />
  <attribute name="Current GC Util" value="9" />
  <attribute name= "Current Time Running" value="2781" />
  <attribute name ="GC Interval" value="200" />
  <attribute name="ProportionalT" value="-11.000000" />
  <attribute name="ProportionalI" value="-11.000000" />
  <attribute name="ProportionalH" value="-11.000000" />
  <attribute name="Current Error" value="-11.000000" />
  <attribute name="IntegralT" value="-319.000000" />
  <attribute name="IntegralI" value="-319.000000" />
  <attribute name="IntegralH" value="-319.000000" />
  <attribute name="DerivativeT" value="-0.379310" />
  <attribute name="DerivativeI" value="-0.379310" />
  <attribute name="DerivativeH" value="-0.379310" />
  <attribute name="Loop Time for DT" value="29.000000" />
  <attribute name="Output H" value="2092630016"/>
  <attribute name="Output I" value="200"/>
  <attribute name="Output T" value="4"/>
  <attribute name="Target GC Util Change" value ="20.000000" />
  <attribute name="Current GC Util Change" value="9.000000"/>
  <attribute name="GC Util currently" value="9" />
  <attribute name="CPU Util currently" value="161581830475" />
<allocation-satisfied id="1545" threadId="0000000001787000" bytesRequested="40" />
<af-end id="1546" timestamp="2019-06-17T06:59:27.639" threadId="0000000001787988" success="true" from="nursery"/>
<exclusive-end id="1547" timestamp="2019-06-17T06:59:27.639" durationms="7.813" />

<exclusive-start id="1548" timestamp="2019-06-17T06:59:27.676" intervalms="44.906">
  <response-info timems="0.164" idlems="0.164" threads="0" lastid="000000000177B800" lastname="PmdThread 2" />
</exclusive-start>
<af-start id="1549" threadId="000000000177C188" totalBytesRequested="16" timestamp="2019-06-17T06:59:27.676" intervalms="44.939" type="nursery" />
<cycle-start id="1550" type="scavenge" contextid="0" timestamp="2019-06-17T06:59:27.676" intervalms="44.976" />
<gc-start id="1551" type="scavenge" contextid="1550" timestamp="2019-06-17T06:59:27.676">
  <mem-info id="1552" free="3333792" total="10354688" percent="32">
    <mem type="nursery" free="0" total="4063232" percent="0">
      <mem type="allocate" free="0" total="2293760" percent="0" />
      <mem type="survivor" free="0" total="1769472" percent="0" />
    </mem>
    <mem type="tenure" free="3333792" total="6291456" percent="52">
      <mem type="soa" free="3019424" total="5977088" percent="50" />
      <mem type="loa" free="314368" total="314368" percent="100" />
    </mem>
    <remembered-set count="1395" />
  </mem-info>
</gc-start>
<allocation-stats totalBytes="965544" >
  <allocated-bytes non-tlh="4928" tlh="960616" />
  <largest-consumer threadName="PmdThread 4" threadId="0000000001787000" bytes="606064" />
</allocation-stats>
<gc-op id="1553" type="scavenge" timems="1.738" contextid="1550" timestamp="2019-06-17T06:59:27.678">
  <scavenger-info tenureage="3" tenuremask="7fd8" tiltratio="56" />
  <memory-copied type="nursery" objects="21207" bytes="1047040" bytesdiscarded="73200" />
  <memory-copied type="tenure" objects="8908" bytes="325240" bytesdiscarded="80" />
  <finalization candidates="6" enqueued="0" />
  <references type="soft" candidates="29" cleared="0" enqueued="0" dynamicThreshold="26" maxThreshold="32" />
  <references type="weak" candidates="85" cleared="0" enqueued="0" />
</gc-op>
<gc-end id="1554" type="scavenge" contextid="1550" durationms="1.968" usertimems="4.000" systemtimems="4.000" timestamp="2019-06-17T06:59:27.678" activeThreads="4">
  <mem-info id="1555" free="4397448" total="10354688" percent="42">
    <mem type="nursery" free="1435368" total="4063232" percent="35">
      <mem type="allocate" free="1435368" total="2555904" percent="56" />
      <mem type="survivor" free="0" total="1507328" percent="0" />
    </mem>
    <mem type="tenure" free="2962080" total="6291456" percent="47">
      <mem type="soa" free="2647712" total="5977088" percent="44" />
      <mem type="loa" free="314368" total="314368" percent="100" />
    </mem>
    <remembered-set count="3600" />
  </mem-info>
</gc-end>
<cycle-end id="1556" type="scavenge" contextid="1550" timestamp="2019-06-17T06:59:27.678" />
  <attribute name="elasticGC enabled" value="1" />
  <attribute name= "numThreadsSpecified" value="4" />
  <attribute name="heapSize specified" value="8388608" />
  <attribute name="Current GC Util" value="14" />
  <attribute name= "Current Time Running" value="2826" />
  <attribute name ="GC Interval" value="200" />
  <attribute name="ProportionalT" value="-6.000000" />
  <attribute name="ProportionalI" value="-6.000000" />
  <attribute name="ProportionalH" value="-6.000000" />
  <attribute name="Current Error" value="-6.000000" />
  <attribute name="IntegralT" value="-270.000000" />
  <attribute name="IntegralI" value="-270.000000" />
  <attribute name="IntegralH" value="-270.000000" />
  <attribute name="DerivativeT" value="-0.133333" />
  <attribute name="DerivativeI" value="-0.133333" />
  <attribute name="DerivativeH" value="-0.133333" />
  <attribute name="Loop Time for DT" value="45.000000" />
  <attribute name="Output H" value="2092630016"/>
  <attribute name="Output I" value="200"/>
  <attribute name="Output T" value="4"/>
  <attribute name="Target GC Util Change" value ="20.000000" />
  <attribute name="Current GC Util Change" value="14.000000"/>
  <attribute name="GC Util currently" value="14" />
  <attribute name="CPU Util currently" value="24" />
<allocation-satisfied id="1557" threadId="000000000177B800" bytesRequested="16" />
<af-end id="1558" timestamp="2019-06-17T06:59:27.678" threadId="000000000177C188" success="true" from="nursery"/>
<exclusive-end id="1559" timestamp="2019-06-17T06:59:27.679" durationms="2.782" />

<exclusive-start id="1560" timestamp="2019-06-17T06:59:27.711" intervalms="35.283">
  <response-info timems="0.059" idlems="0.059" threads="0" lastid="0000000001787000" lastname="PmdThread 4" />
</exclusive-start>
<af-start id="1561" threadId="0000000001787988" totalBytesRequested="1192" timestamp="2019-06-17T06:59:27.711" intervalms="35.224" type="nursery" />
<cycle-start id="1562" type="scavenge" contextid="0" timestamp="2019-06-17T06:59:27.711" intervalms="35.290" />
<gc-start id="1563" type="scavenge" contextid="1562" timestamp="2019-06-17T06:59:27.711">
  <mem-info id="1564" free="2951048" total="10354688" percent="28">
    <mem type="nursery" free="0" total="4063232" percent="0">
      <mem type="allocate" free="0" total="2555904" percent="0" />
      <mem type="survivor" free="0" total="1507328" percent="0" />
    </mem>
    <mem type="tenure" free="2951048" total="6291456" percent="46">
      <mem type="soa" free="2636680" total="5977088" percent="44" />
      <mem type="loa" free="314368" total="314368" percent="100" />
    </mem>
    <remembered-set count="3758" />
  </mem-info>
</gc-start>
<allocation-stats totalBytes="1444696" >
  <allocated-bytes non-tlh="11048" tlh="1433648" />
  <largest-consumer threadName="PmdThread 4" threadId="0000000001787000" bytes="501200" />
</allocation-stats>
<gc-op id="1565" type="scavenge" timems="6.548" contextid="1562" timestamp="2019-06-17T06:59:27.718">
  <scavenger-info tenureage="5" tenuremask="7fe0" tiltratio="62" />
  <memory-copied type="nursery" objects="19967" bytes="759160" bytesdiscarded="36832" />
  <memory-copied type="tenure" objects="4068" bytes="392776" bytesdiscarded="944" />
  <finalization candidates="5" enqueued="0" />
  <references type="soft" candidates="29" cleared="0" enqueued="0" dynamicThreshold="26" maxThreshold="32" />
  <references type="weak" candidates="101" cleared="16" enqueued="16" />
  <references type="phantom" candidates="1" cleared="1" enqueued="1" />
</gc-op>
<heap-resize id="1566" type="expand" space="nursery" amount="393216" count="1" timems="0.015" reason="excessive time being spent scavenging" timestamp="2019-06-17T06:59:27.718" />
<gc-end id="1567" type="scavenge" contextid="1562" durationms="7.027" usertimems="4.000" systemtimems="4.000" timestamp="2019-06-17T06:59:27.718" activeThreads="4">
  <mem-info id="1568" free="4547088" total="10747904" percent="42">
    <mem type="nursery" free="2021632" total="4456448" percent="45">
      <mem type="allocate" free="2021632" total="2818048" percent="71" />
      <mem type="survivor" free="0" total="1638400" percent="0" />
    </mem>
    <mem type="tenure" free="2525456" total="6291456" percent="40">
      <mem type="soa" free="2211088" total="5977088" percent="36" />
      <mem type="loa" free="314368" total="314368" percent="100" />
    </mem>
    <pending-finalizers system="0" default="0" reference="17" classloader="0" />
    <remembered-set count="1034" />
  </mem-info>
</gc-end>
<cycle-end id="1569" type="scavenge" contextid="1562" timestamp="2019-06-17T06:59:27.719" />
  <attribute name="elasticGC enabled" value="1" />
  <attribute name= "numThreadsSpecified" value="4" />
  <attribute name="heapSize specified" value="8388608" />
  <attribute name="Current GC Util" value="8" />
  <attribute name= "Current Time Running" value="2861" />
  <attribute name ="GC Interval" value="200" />
  <attribute name="ProportionalT" value="-12.000000" />
  <attribute name="ProportionalI" value="-12.000000" />
  <attribute name="ProportionalH" value="-12.000000" />
  <attribute name="Current Error" value="-12.000000" />
  <attribute name="IntegralT" value="-420.000000" />
  <attribute name="IntegralI" value="-420.000000" />
  <attribute name="IntegralH" value="-420.000000" />
  <attribute name="DerivativeT" value="-0.342857" />
  <attribute name="DerivativeI" value="-0.342857" />
  <attribute name="DerivativeH" value="-0.342857" />
  <attribute name="Loop Time for DT" value="35.000000" />
  <attribute name="Output H" value="2092630016"/>
  <attribute name="Output I" value="200"/>
  <attribute name="Output T" value="4"/>
  <attribute name="Target GC Util Change" value ="20.000000" />
  <attribute name="Current GC Util Change" value="8.000000"/>
  <attribute name="GC Util currently" value="8" />
  <attribute name="CPU Util currently" value="7" />
<allocation-satisfied id="1570" threadId="0000000001787000" bytesRequested="1192" />
<af-end id="1571" timestamp="2019-06-17T06:59:27.719" threadId="0000000001787988" success="true" from="nursery"/>
<exclusive-end id="1572" timestamp="2019-06-17T06:59:27.719" durationms="7.906" />

<exclusive-start id="1573" timestamp="2019-06-17T06:59:27.743" intervalms="31.411">
  <response-info timems="0.286" idlems="0.175" threads="2" lastid="000000000146B300" lastname="JIT Compilation Thread-0" />
</exclusive-start>
<af-start id="1574" threadId="0000000001778588" totalBytesRequested="40" timestamp="2019-06-17T06:59:27.743" intervalms="31.463" type="nursery" />
<cycle-start id="1575" type="scavenge" contextid="0" timestamp="2019-06-17T06:59:27.743" intervalms="31.373" />
<gc-start id="1576" type="scavenge" contextid="1575" timestamp="2019-06-17T06:59:27.743">
  <mem-info id="1577" free="2524384" total="10747904" percent="23">
    <mem type="nursery" free="0" total="4456448" percent="0">
      <mem type="allocate" free="0" total="2818048" percent="0" />
      <mem type="survivor" free="0" total="1638400" percent="0" />
    </mem>
    <mem type="tenure" free="2524384" total="6291456" percent="40">
      <mem type="soa" free="2210016" total="5977088" percent="36" />
      <mem type="loa" free="314368" total="314368" percent="100" />
    </mem>
    <remembered-set count="1101" />
  </mem-info>
</gc-start>
<allocation-stats totalBytes="2018312" >
  <allocated-bytes non-tlh="113896" tlh="1904416" />
  <largest-consumer threadName="PmdThread 2" threadId="000000000177B800" bytes="934408" />
</allocation-stats>
<gc-op id="1578" type="scavenge" timems="2.768" contextid="1575" timestamp="2019-06-17T06:59:27.746">
  <scavenger-info tenureage="3" tenuremask="7ff8" tiltratio="63" />
  <memory-copied type="nursery" objects="9885" bytes="327464" bytesdiscarded="94424" />
  <memory-copied type="tenure" objects="13530" bytes="536960" bytesdiscarded="152" />
  <finalization candidates="5" enqueued="0" />
  <references type="soft" candidates="1" cleared="0" enqueued="0" dynamicThreshold="26" maxThreshold="32" />
  <references type="weak" candidates="51" cleared="48" enqueued="48" />
  <references type="phantom" candidates="1" cleared="1" enqueued="1" />
</gc-op>
<gc-end id="1579" type="scavenge" contextid="1575" durationms="2.945" usertimems="4.000" systemtimems="0.000" timestamp="2019-06-17T06:59:27.746" activeThreads="4">
  <mem-info id="1580" free="4776128" total="10747904" percent="44">
    <mem type="nursery" free="2723328" total="4456448" percent="61">
      <mem type="allocate" free="2723328" total="3145728" percent="86" />
      <mem type="survivor" free="0" total="1310720" percent="0" />
    </mem>
    <mem type="tenure" free="2052800" total="6291456" percent="32">
      <mem type="soa" free="1738432" total="5977088" percent="29" />
      <mem type="loa" free="314368" total="314368" percent="100" />
    </mem>
    <pending-finalizers system="0" default="0" reference="49" classloader="0" />
    <remembered-set count="1569" />
  </mem-info>
</gc-end>
<cycle-end id="1581" type="scavenge" contextid="1575" timestamp="2019-06-17T06:59:27.746" />
  <attribute name="elasticGC enabled" value="1" />
  <attribute name= "numThreadsSpecified" value="4" />
  <attribute name="heapSize specified" value="8388608" />
  <attribute name="Current GC Util" value="21" />
  <attribute name= "Current Time Running" value="2892" />
  <attribute name ="GC Interval" value="200" />
  <attribute name="ProportionalT" value="1.000000" />
  <attribute name="ProportionalI" value="1.000000" />
  <attribute name="ProportionalH" value="1.000000" />
  <attribute name="Current Error" value="1.000000" />
  <attribute name="IntegralT" value="31.000000" />
  <attribute name="IntegralI" value="31.000000" />
  <attribute name="IntegralH" value="31.000000" />
  <attribute name="DerivativeT" value="0.032258" />
  <attribute name="DerivativeI" value="0.032258" />
  <attribute name="DerivativeH" value="0.032258" />
  <attribute name="Loop Time for DT" value="31.000000" />
  <attribute name="Output H" value="8388608"/>
  <attribute name="Output I" value="200"/>
  <attribute name="Output T" value="4"/>
  <attribute name="Target GC Util Change" value ="20.000000" />
  <attribute name="Current GC Util Change" value="21.000000"/>
  <attribute name="GC Util currently" value="21" />
  <attribute name="CPU Util currently" value="147061228880" />
<allocation-satisfied id="1582" threadId="0000000001777C00" bytesRequested="40" />
<af-end id="1583" timestamp="2019-06-17T06:59:27.746" threadId="0000000001778588" success="true" from="nursery"/>
<exclusive-end id="1584" timestamp="2019-06-17T06:59:27.746" durationms="3.744" />

<exclusive-start id="1585" timestamp="2019-06-17T06:59:27.767" intervalms="24.444">
  <response-info timems="0.107" idlems="0.056" threads="1" lastid="0000000001783400" lastname="PmdThread 3" />
</exclusive-start>
<af-start id="1586" threadId="000000000177C188" totalBytesRequested="840" timestamp="2019-06-17T06:59:27.767" intervalms="24.489" type="nursery" />
<cycle-start id="1587" type="scavenge" contextid="0" timestamp="2019-06-17T06:59:27.767" intervalms="24.496" />
<gc-start id="1588" type="scavenge" contextid="1587" timestamp="2019-06-17T06:59:27.767">
  <mem-info id="1589" free="2052768" total="10747904" percent="19">
    <mem type="nursery" free="0" total="4456448" percent="0">
      <mem type="allocate" free="0" total="3145728" percent="0" />
      <mem type="survivor" free="0" total="1310720" percent="0" />
    </mem>
    <mem type="tenure" free="2052768" total="6291456" percent="32">
      <mem type="soa" free="1738400" total="5977088" percent="29" />
      <mem type="loa" free="314368" total="314368" percent="100" />
    </mem>
    <remembered-set count="1633" />
  </mem-info>
</gc-start>
<allocation-stats totalBytes="2720472" >
  <allocated-bytes non-tlh="72" tlh="2720400" />
  <largest-consumer threadName="PmdThread 2" threadId="000000000177B800" bytes="1509048" />
</allocation-stats>
<gc-op id="1590" type="scavenge" timems="1.405" contextid="1587" timestamp="2019-06-17T06:59:27.769">
  <scavenger-info tenureage="3" tenuremask="7fe8" tiltratio="70" />
  <memory-copied type="nursery" objects="13499" bytes="363224" bytesdiscarded="66664" />
  <memory-copied type="tenure" objects="3343" bytes="109256" bytesdiscarded="32" />
  <references type="soft" candidates="1" cleared="0" enqueued="0" dynamicThreshold="26" maxThreshold="32" />
  <references type="weak" candidates="145" cleared="141" enqueued="141" />
</gc-op>
<gc-end id="1591" type="scavenge" contextid="1587" durationms="1.736" usertimems="0.000" systemtimems="0.000" timestamp="2019-06-17T06:59:27.769" activeThreads="4">
  <mem-info id="1592" free="4820384" total="10747904" percent="44">
    <mem type="nursery" free="2845952" total="4456448" percent="63">
      <mem type="allocate" free="2845952" total="3276800" percent="86" />
      <mem type="survivor" free="0" total="1179648" percent="0" />
    </mem>
    <mem type="tenure" free="1974432" total="6291456" percent="31">
      <mem type="soa" free="1660064" total="5977088" percent="27" />
      <mem type="loa" free="314368" total="314368" percent="100" />
    </mem>
    <pending-finalizers system="0" default="0" reference="141" classloader="0" />
    <remembered-set count="771" />
  </mem-info>
</gc-end>
<cycle-end id="1593" type="scavenge" contextid="1587" timestamp="2019-06-17T06:59:27.769" />
  <attribute name="elasticGC enabled" value="1" />
  <attribute name= "numThreadsSpecified" value="4" />
  <attribute name="heapSize specified" value="8388608" />
  <attribute name="Current GC Util" value="19" />
  <attribute name= "Current Time Running" value="2917" />
  <attribute name ="GC Interval" value="200" />
  <attribute name="ProportionalT" value="-1.000000" />
  <attribute name="ProportionalI" value="-1.000000" />
  <attribute name="ProportionalH" value="-1.000000" />
  <attribute name="Current Error" value="-1.000000" />
  <attribute name="IntegralT" value="-25.000000" />
  <attribute name="IntegralI" value="-25.000000" />
  <attribute name="IntegralH" value="-25.000000" />
  <attribute name="DerivativeT" value="-0.080000" />
  <attribute name="DerivativeI" value="-0.080000" />
  <attribute name="DerivativeH" value="-0.080000" />
  <attribute name="Loop Time for DT" value="25.000000" />
  <attribute name="Output H" value="2092630016"/>
  <attribute name="Output I" value="200"/>
  <attribute name="Output T" value="4"/>
  <attribute name="Target GC Util Change" value ="20.000000" />
  <attribute name="Current GC Util Change" value="19.000000"/>
  <attribute name="GC Util currently" value="19" />
  <attribute name="CPU Util currently" value="186618102355" />
<allocation-satisfied id="1594" threadId="000000000177B800" bytesRequested="840" />
<af-end id="1595" timestamp="2019-06-17T06:59:27.770" threadId="000000000177C188" success="true" from="nursery"/>
<exclusive-end id="1596" timestamp="2019-06-17T06:59:27.770" durationms="2.646" />

<exclusive-start id="1597" timestamp="2019-06-17T06:59:27.793" intervalms="26.482">
  <response-info timems="0.163" idlems="0.080" threads="2" lastid="0000000001777C00" lastname="PmdThread 1" />
</exclusive-start>
<af-start id="1598" threadId="0000000001787988" totalBytesRequested="16" timestamp="2019-06-17T06:59:27.794" intervalms="26.416" type="nursery" />
<cycle-start id="1599" type="scavenge" contextid="0" timestamp="2019-06-17T06:59:27.794" intervalms="26.440" />
<gc-start id="1600" type="scavenge" contextid="1599" timestamp="2019-06-17T06:59:27.794">
  <mem-info id="1601" free="1956960" total="10747904" percent="18">
    <mem type="nursery" free="0" total="4456448" percent="0">
      <mem type="allocate" free="0" total="3276800" percent="0" />
      <mem type="survivor" free="0" total="1179648" percent="0" />
    </mem>
    <mem type="tenure" free="1956960" total="6291456" percent="31">
      <mem type="soa" free="1642592" total="5977088" percent="27" />
      <mem type="loa" free="314368" total="314368" percent="100" />
    </mem>
    <remembered-set count="1089" />
  </mem-info>
</gc-start>
<allocation-stats totalBytes="2857944" >
  <allocated-bytes non-tlh="18312" tlh="2839632" />
  <largest-consumer threadName="PmdThread 2" threadId="000000000177B800" bytes="1217816" />
</allocation-stats>
<gc-op id="1602" type="scavenge" timems="2.048" contextid="1599" timestamp="2019-06-17T06:59:27.796">
  <scavenger-info tenureage="3" tenuremask="7fe8" tiltratio="73" />
  <memory-copied type="nursery" objects="16590" bytes="447072" bytesdiscarded="101672" />
  <memory-copied type="tenure" objects="2927" bytes="97088" bytesdiscarded="16" />
  <references type="soft" candidates="100" cleared="0" enqueued="0" dynamicThreshold="26" maxThreshold="32" />
  <references type="weak" candidates="118" cleared="115" enqueued="115" />
</gc-op>
<heap-resize id="1603" type="expand" space="nursery" amount="262144" count="1" timems="0.014" reason="excessive time being spent scavenging" timestamp="2019-06-17T06:59:27.796" />
<gc-end id="1604" type="scavenge" contextid="1599" durationms="2.541" usertimems="4.000" systemtimems="0.000" timestamp="2019-06-17T06:59:27.796" activeThreads="4">
  <mem-info id="1605" free="4894160" total="11010048" percent="44">
    <mem type="nursery" free="3054704" total="4718592" percent="64">
      <mem type="allocate" free="3054704" total="3604480" percent="84" />
      <mem type="survivor" free="0" total="1114112" percent="0" />
    </mem>
    <mem type="tenure" free="1839456" total="6291456" percent="29">
      <mem type="soa" free="1525088" total="5977088" percent="25" />
      <mem type="loa" free="314368" total="314368" percent="100" />
    </mem>
    <pending-finalizers system="0" default="0" reference="115" classloader="0" />
    <remembered-set count="564" />
  </mem-info>
</gc-end>
<cycle-end id="1606" type="scavenge" contextid="1599" timestamp="2019-06-17T06:59:27.796" />
  <attribute name="elasticGC enabled" value="1" />
  <attribute name= "numThreadsSpecified" value="4" />
  <attribute name="heapSize specified" value="8388608" />
  <attribute name="Current GC Util" value="7" />
  <attribute name= "Current Time Running" value="2943" />
  <attribute name ="GC Interval" value="200" />
  <attribute name="ProportionalT" value="-13.000000" />
  <attribute name="ProportionalI" value="-13.000000" />
  <attribute name="ProportionalH" value="-13.000000" />
  <attribute name="Current Error" value="-13.000000" />
  <attribute name="IntegralT" value="-338.000000" />
  <attribute name="IntegralI" value="-338.000000" />
  <attribute name="IntegralH" value="-338.000000" />
  <attribute name="DerivativeT" value="-0.500000" />
  <attribute name="DerivativeI" value="-0.500000" />
  <attribute name="DerivativeH" value="-0.500000" />
  <attribute name="Loop Time for DT" value="26.000000" />
  <attribute name="Output H" value="2092630016"/>
  <attribute name="Output I" value="200"/>
  <attribute name="Output T" value="4"/>
  <attribute name="Target GC Util Change" value ="20.000000" />
  <attribute name="Current GC Util Change" value="7.000000"/>
  <attribute name="GC Util currently" value="7" />
  <attribute name="CPU Util currently" value="175315668261" />
<allocation-satisfied id="1607" threadId="0000000001787000" bytesRequested="16" />
<af-end id="1608" timestamp="2019-06-17T06:59:27.797" threadId="0000000001787988" success="true" from="nursery"/>
<exclusive-end id="1609" timestamp="2019-06-17T06:59:27.797" durationms="3.273" />

<exclusive-start id="1610" timestamp="2019-06-17T06:59:27.818" intervalms="24.257">
  <response-info timems="0.066" idlems="0.066" threads="0" lastid="000000000177B800" lastname="PmdThread 2" />
</exclusive-start>
<af-start id="1611" threadId="000000000177C188" totalBytesRequested="48" timestamp="2019-06-17T06:59:27.818" intervalms="24.286" type="nursery" />
<cycle-start id="1612" type="scavenge" contextid="0" timestamp="2019-06-17T06:59:27.818" intervalms="24.268" />
<gc-start id="1613" type="scavenge" contextid="1612" timestamp="2019-06-17T06:59:27.818">
  <mem-info id="1614" free="1836288" total="11010048" percent="16">
    <mem type="nursery" free="0" total="4718592" percent="0">
      <mem type="allocate" free="0" total="3604480" percent="0" />
      <mem type="survivor" free="0" total="1114112" percent="0" />
    </mem>
    <mem type="tenure" free="1836288" total="6291456" percent="29">
      <mem type="soa" free="1521920" total="5977088" percent="25" />
      <mem type="loa" free="314368" total="314368" percent="100" />
    </mem>
    <remembered-set count="626" />
  </mem-info>
</gc-start>
<allocation-stats totalBytes="3055928" >
  <allocated-bytes non-tlh="3184" tlh="3052744" />
  <largest-consumer threadName="PmdThread 2" threadId="000000000177B800" bytes="1968016" />
</allocation-stats>
<gc-op id="1615" type="scavenge" timems="1.215" contextid="1612" timestamp="2019-06-17T06:59:27.819">
  <scavenger-info tenureage="5" tenuremask="7fe0" tiltratio="76" />
  <memory-copied type="nursery" objects="19191" bytes="613536" bytesdiscarded="59760" />
  <references type="soft" candidates="110" cleared="0" enqueued="0" dynamicThreshold="26" maxThreshold="32" />
  <references type="weak" candidates="188" cleared="185" enqueued="185" />
  <references type="phantom" candidates="1" cleared="0" enqueued="0" />
</gc-op>
<gc-end id="1616" type="scavenge" contextid="1612" durationms="1.551" usertimems="4.000" systemtimems="0.000" timestamp="2019-06-17T06:59:27.820" activeThreads="4">
  <mem-info id="1617" free="4897440" total="11010048" percent="44">
    <mem type="nursery" free="3061152" total="4718592" percent="64">
      <mem type="allocate" free="3061152" total="3735552" percent="81" />
      <mem type="survivor" free="0" total="983040" percent="0" />
    </mem>
    <mem type="tenure" free="1836288" total="6291456" percent="29">
      <mem type="soa" free="1521920" total="5977088" percent="25" />
      <mem type="loa" free="314368" total="314368" percent="100" />
    </mem>
    <pending-finalizers system="0" default="0" reference="185" classloader="0" />
    <remembered-set count="612" />
  </mem-info>
</gc-end>
<cycle-end id="1618" type="scavenge" contextid="1612" timestamp="2019-06-17T06:59:27.820" />
  <attribute name="elasticGC enabled" value="1" />
  <attribute name= "numThreadsSpecified" value="4" />
  <attribute name="heapSize specified" value="8388608" />
  <attribute name="Current GC Util" value="14" />
  <attribute name= "Current Time Running" value="2968" />
  <attribute name ="GC Interval" value="200" />
  <attribute name="ProportionalT" value="-6.000000" />
  <attribute name="ProportionalI" value="-6.000000" />
  <attribute name="ProportionalH" value="-6.000000" />
  <attribute name="Current Error" value="-6.000000" />
  <attribute name="IntegralT" value="-150.000000" />
  <attribute name="IntegralI" value="-150.000000" />
  <attribute name="IntegralH" value="-150.000000" />
  <attribute name="DerivativeT" value="-0.240000" />
  <attribute name="DerivativeI" value="-0.240000" />
  <attribute name="DerivativeH" value="-0.240000" />
  <attribute name="Loop Time for DT" value="25.000000" />
  <attribute name="Output H" value="2092630016"/>
  <attribute name="Output I" value="200"/>
  <attribute name="Output T" value="4"/>
  <attribute name="Target GC Util Change" value ="20.000000" />
  <attribute name="Current GC Util Change" value="14.000000"/>
  <attribute name="GC Util currently" value="14" />
  <attribute name="CPU Util currently" value="189641575924" />
<allocation-satisfied id="1619" threadId="000000000177B800" bytesRequested="48" />
<af-end id="1620" timestamp="2019-06-17T06:59:27.820" threadId="000000000177C188" success="true" from="nursery"/>
<exclusive-end id="1621" timestamp="2019-06-17T06:59:27.820" durationms="2.359" />

<exclusive-start id="1622" timestamp="2019-06-17T06:59:27.849" intervalms="30.968">
  <response-info timems="0.058" idlems="0.058" threads="0" lastid="0000000001777C00" lastname="PmdThread 1" />
</exclusive-start>
<af-start id="1623" threadId="0000000001778588" totalBytesRequested="72" timestamp="2019-06-17T06:59:27.849" intervalms="30.941" type="nursery" />
<cycle-start id="1624" type="scavenge" contextid="0" timestamp="2019-06-17T06:59:27.849" intervalms="30.898" />
<gc-start id="1625" type="scavenge" contextid="1624" timestamp="2019-06-17T06:59:27.849">
  <mem-info id="1626" free="1834344" total="11010048" percent="16">
    <mem type="nursery" free="0" total="4718592" percent="0">
      <mem type="allocate" free="0" total="3735552" percent="0" />
      <mem type="survivor" free="0" total="983040" percent="0" />
    </mem>
    <mem type="tenure" free="1834344" total="6291456" percent="29">
      <mem type="soa" free="1519976" total="5977088" percent="25" />
      <mem type="loa" free="314368" total="314368" percent="100" />
    </mem>
    <remembered-set count="711" />
  </mem-info>
</gc-start>
<allocation-stats totalBytes="3060848" >
  <allocated-bytes non-tlh="1992" tlh="3058856" />
  <largest-consumer threadName="PmdThread 4" threadId="0000000001787000" bytes="1019520" />
</allocation-stats>
<gc-op id="1627" type="scavenge" timems="1.214" contextid="1624" timestamp="2019-06-17T06:59:27.850">
  <scavenger-info tenureage="3" tenuremask="7ff8" tiltratio="79" />
  <memory-copied type="nursery" objects="18739" bytes="891352" bytesdiscarded="90840" />
  <memory-copied type="tenure" objects="12117" bytes="340592" bytesdiscarded="392" />
  <copy-failed type="nursery" objects="2222" bytes="96232" />
  <references type="soft" candidates="100" cleared="0" enqueued="0" dynamicThreshold="26" maxThreshold="32" />
  <references type="weak" candidates="66" cleared="65" enqueued="65" />
  <references type="phantom" candidates="9" cleared="5" enqueued="5" />
</gc-op>
<gc-end id="1628" type="scavenge" contextid="1624" durationms="1.402" usertimems="4.000" systemtimems="0.000" timestamp="2019-06-17T06:59:27.850" activeThreads="4">
  <mem-info id="1629" free="3558104" total="11010048" percent="32">
    <mem type="nursery" free="2228224" total="4718592" percent="47">
      <mem type="allocate" free="2228224" total="3211264" percent="69" />
      <mem type="survivor" free="0" total="1507328" percent="0" />
    </mem>
    <mem type="tenure" free="1329880" total="6291456" percent="21">
      <mem type="soa" free="1015512" total="5977088" percent="16" />
      <mem type="loa" free="314368" total="314368" percent="100" />
    </mem>
    <pending-finalizers system="0" default="0" reference="70" classloader="0" />
    <remembered-set count="1062" />
  </mem-info>
</gc-end>
<cycle-end id="1630" type="scavenge" contextid="1624" timestamp="2019-06-17T06:59:27.850" />
  <attribute name="elasticGC enabled" value="1" />
  <attribute name= "numThreadsSpecified" value="4" />
  <attribute name="heapSize specified" value="8388608" />
  <attribute name="Current GC Util" value="7" />
  <attribute name= "Current Time Running" value="2998" />
  <attribute name ="GC Interval" value="200" />
  <attribute name="ProportionalT" value="-13.000000" />
  <attribute name="ProportionalI" value="-13.000000" />
  <attribute name="ProportionalH" value="-13.000000" />
  <attribute name="Current Error" value="-13.000000" />
  <attribute name="IntegralT" value="-390.000000" />
  <attribute name="IntegralI" value="-390.000000" />
  <attribute name="IntegralH" value="-390.000000" />
  <attribute name="DerivativeT" value="-0.433333" />
  <attribute name="DerivativeI" value="-0.433333" />
  <attribute name="DerivativeH" value="-0.433333" />
  <attribute name="Loop Time for DT" value="30.000000" />
  <attribute name="Output H" value="2092630016"/>
  <attribute name="Output I" value="200"/>
  <attribute name="Output T" value="4"/>
  <attribute name="Target GC Util Change" value ="20.000000" />
  <attribute name="Current GC Util Change" value="7.000000"/>
  <attribute name="GC Util currently" value="7" />
  <attribute name="CPU Util currently" value="149630658301" />
<allocation-satisfied id="1631" threadId="0000000001777C00" bytesRequested="72" />
<af-end id="1632" timestamp="2019-06-17T06:59:27.851" threadId="0000000001778588" success="true" from="nursery"/>
<exclusive-end id="1633" timestamp="2019-06-17T06:59:27.851" durationms="1.994" />

<exclusive-start id="1634" timestamp="2019-06-17T06:59:27.866" intervalms="17.247">
  <response-info timems="0.154" idlems="0.097" threads="1" lastid="000000000177B800" lastname="PmdThread 2" />
</exclusive-start>
<af-start id="1635" threadId="0000000001778588" totalBytesRequested="8200" timestamp="2019-06-17T06:59:27.866" intervalms="17.219" type="nursery" />
<cycle-start id="1636" type="scavenge" contextid="0" timestamp="2019-06-17T06:59:27.866" intervalms="17.221" />
<gc-start id="1637" type="scavenge" contextid="1636" timestamp="2019-06-17T06:59:27.866">
  <mem-info id="1638" free="1329432" total="11010048" percent="12">
    <mem type="nursery" free="0" total="4718592" percent="0">
      <mem type="allocate" free="0" total="3211264" percent="0" />
      <mem type="survivor" free="0" total="1507328" percent="0" />
    </mem>
    <mem type="tenure" free="1329432" total="6291456" percent="21">
      <mem type="soa" free="1015064" total="5977088" percent="16" />
      <mem type="loa" free="314368" total="314368" percent="100" />
    </mem>
    <remembered-set count="1113" />
  </mem-info>
</gc-start>
<allocation-stats totalBytes="2221544" >
  <allocated-bytes non-tlh="520" tlh="2221024" />
  <largest-consumer threadName="PmdThread 3" threadId="0000000001783400" bytes="871264" />
</allocation-stats>
<gc-op id="1639" type="scavenge" timems="0.970" contextid="1636" timestamp="2019-06-17T06:59:27.867">
  <scavenger-info tenureage="3" tenuremask="7fe8" tiltratio="68" />
  <memory-copied type="nursery" objects="14890" bytes="754784" bytesdiscarded="106800" />
  <memory-copied type="tenure" objects="6123" bytes="180280" bytesdiscarded="8" />
  <references type="soft" candidates="24" cleared="0" enqueued="0" dynamicThreshold="26" maxThreshold="32" />
  <references type="weak" candidates="81" cleared="80" enqueued="80" />
  <references type="phantom" candidates="8" cleared="3" enqueued="3" />
</gc-op>
<gc-end id="1640" type="scavenge" contextid="1636" durationms="1.138" usertimems="0.000" systemtimems="0.000" timestamp="2019-06-17T06:59:27.867" activeThreads="4">
  <mem-info id="1641" free="3633440" total="11010048" percent="33">
    <mem type="nursery" free="2413064" total="4718592" percent="51">
      <mem type="allocate" free="2413064" total="3276800" percent="73" />
      <mem type="survivor" free="0" total="1441792" percent="0" />
    </mem>
    <mem type="tenure" free="1220376" total="6291456" percent="19">
      <mem type="soa" free="906008" total="5977088" percent="15" />
      <mem type="loa" free="314368" total="314368" percent="100" />
    </mem>
    <pending-finalizers system="0" default="0" reference="83" classloader="0" />
    <remembered-set count="980" />
  </mem-info>
</gc-end>
<cycle-end id="1642" type="scavenge" contextid="1636" timestamp="2019-06-17T06:59:27.867" />
  <attribute name="elasticGC enabled" value="1" />
  <attribute name= "numThreadsSpecified" value="4" />
  <attribute name="heapSize specified" value="8388608" />
  <attribute name="Current GC Util" value="19" />
  <attribute name= "Current Time Running" value="3016" />
  <attribute name ="GC Interval" value="200" />
  <attribute name="ProportionalT" value="-1.000000" />
  <attribute name="ProportionalI" value="-1.000000" />
  <attribute name="ProportionalH" value="-1.000000" />
  <attribute name="Current Error" value="-1.000000" />
  <attribute name="IntegralT" value="-18.000000" />
  <attribute name="IntegralI" value="-18.000000" />
  <attribute name="IntegralH" value="-18.000000" />
  <attribute name="DerivativeT" value="-0.055556" />
  <attribute name="DerivativeI" value="-0.055556" />
  <attribute name="DerivativeH" value="-0.055556" />
  <attribute name="Loop Time for DT" value="18.000000" />
  <attribute name="Output H" value="2092630016"/>
  <attribute name="Output I" value="200"/>
  <attribute name="Output T" value="4"/>
  <attribute name="Target GC Util Change" value ="20.000000" />
  <attribute name="Current GC Util Change" value="19.000000"/>
  <attribute name="GC Util currently" value="19" />
  <attribute name="CPU Util currently" value="268803650577" />
<allocation-satisfied id="1643" threadId="0000000001777C00" bytesRequested="8200" />
<af-end id="1644" timestamp="2019-06-17T06:59:27.867" threadId="0000000001778588" success="true" from="nursery"/>
<exclusive-end id="1645" timestamp="2019-06-17T06:59:27.867" durationms="1.513" />

<exclusive-start id="1646" timestamp="2019-06-17T06:59:27.886" intervalms="20.087">
  <response-info timems="1.913" idlems="1.275" threads="2" lastid="0000000001777C00" lastname="PmdThread 1" />
</exclusive-start>
<af-start id="1647" threadId="0000000001787988" totalBytesRequested="40" timestamp="2019-06-17T06:59:27.886" intervalms="20.113" type="nursery" />
<cycle-start id="1648" type="scavenge" contextid="0" timestamp="2019-06-17T06:59:27.886" intervalms="20.157" />
<gc-start id="1649" type="scavenge" contextid="1648" timestamp="2019-06-17T06:59:27.886">
  <mem-info id="1650" free="1220376" total="11010048" percent="11">
    <mem type="nursery" free="0" total="4718592" percent="0">
      <mem type="allocate" free="0" total="3276800" percent="0" />
      <mem type="survivor" free="0" total="1441792" percent="0" />
    </mem>
    <mem type="tenure" free="1220376" total="6291456" percent="19">
      <mem type="soa" free="906008" total="5977088" percent="15" />
      <mem type="loa" free="314368" total="314368" percent="100" />
    </mem>
    <remembered-set count="996" />
  </mem-info>
</gc-start>
<allocation-stats totalBytes="2412312" >
  <allocated-bytes non-tlh="40984" tlh="2371328" />
  <largest-consumer threadName="PmdThread 4" threadId="0000000001787000" bytes="1146928" />
</allocation-stats>
<gc-op id="1651" type="scavenge" timems="2.013" contextid="1648" timestamp="2019-06-17T06:59:27.888">
  <scavenger-info tenureage="3" tenuremask="7fe8" tiltratio="69" />
  <memory-copied type="nursery" objects="23011" bytes="1122976" bytesdiscarded="135856" />
  <memory-copied type="tenure" objects="1361" bytes="114120" bytesdiscarded="48" />
  <references type="soft" candidates="14" cleared="0" enqueued="0" dynamicThreshold="26" maxThreshold="32" />
  <references type="weak" candidates="11" cleared="10" enqueued="10" />
  <references type="phantom" candidates="7" cleared="2" enqueued="2" />
</gc-op>
<heap-resize id="1652" type="expand" space="nursery" amount="262144" count="1" timems="0.057" reason="excessive time being spent scavenging" timestamp="2019-06-17T06:59:27.889" />
<gc-end id="1653" type="scavenge" contextid="1648" durationms="2.519" usertimems="0.000" systemtimems="8.000" timestamp="2019-06-17T06:59:27.889" activeThreads="4">
  <mem-info id="1654" free="3197368" total="11272192" percent="28">
    <mem type="nursery" free="2016160" total="4980736" percent="40">
      <mem type="allocate" free="2016160" total="3276800" percent="61" />
      <mem type="survivor" free="0" total="1703936" percent="0" />
    </mem>
    <mem type="tenure" free="1181208" total="6291456" percent="18">
      <mem type="soa" free="866840" total="5977088" percent="14" />
      <mem type="loa" free="314368" total="314368" percent="100" />
    </mem>
    <pending-finalizers system="0" default="0" reference="12" classloader="0" />
    <remembered-set count="463" />
  </mem-info>
</gc-end>
<cycle-end id="1655" type="scavenge" contextid="1648" timestamp="2019-06-17T06:59:27.889" />
  <attribute name="elasticGC enabled" value="1" />
  <attribute name= "numThreadsSpecified" value="4" />
  <attribute name="heapSize specified" value="8388608" />
  <attribute name="Current GC Util" value="12" />
  <attribute name= "Current Time Running" value="3036" />
  <attribute name ="GC Interval" value="200" />
  <attribute name="ProportionalT" value="-8.000000" />
  <attribute name="ProportionalI" value="-8.000000" />
  <attribute name="ProportionalH" value="-8.000000" />
  <attribute name="Current Error" value="-8.000000" />
  <attribute name="IntegralT" value="-160.000000" />
  <attribute name="IntegralI" value="-160.000000" />
  <attribute name="IntegralH" value="-160.000000" />
  <attribute name="DerivativeT" value="-0.400000" />
  <attribute name="DerivativeI" value="-0.400000" />
  <attribute name="DerivativeH" value="-0.400000" />
  <attribute name="Loop Time for DT" value="20.000000" />
  <attribute name="Output H" value="2092630016"/>
  <attribute name="Output I" value="200"/>
  <attribute name="Output T" value="4"/>
  <attribute name="Target GC Util Change" value ="20.000000" />
  <attribute name="Current GC Util Change" value="12.000000"/>
  <attribute name="GC Util currently" value="12" />
  <attribute name="CPU Util currently" value="228398979406" />
<allocation-satisfied id="1656" threadId="0000000001787000" bytesRequested="40" />
<af-end id="1657" timestamp="2019-06-17T06:59:27.889" threadId="0000000001787988" success="true" from="nursery"/>
<exclusive-end id="1658" timestamp="2019-06-17T06:59:27.889" durationms="3.090" />

<exclusive-start id="1659" timestamp="2019-06-17T06:59:27.904" intervalms="17.861">
  <response-info timems="0.050" idlems="0.031" threads="1" lastid="000000000177B800" lastname="PmdThread 2" />
</exclusive-start>
<af-start id="1660" threadId="0000000001787988" totalBytesRequested="32" timestamp="2019-06-17T06:59:27.904" intervalms="17.876" type="nursery" />
<cycle-start id="1661" type="scavenge" contextid="0" timestamp="2019-06-17T06:59:27.904" intervalms="17.871" />
<gc-start id="1662" type="scavenge" contextid="1661" timestamp="2019-06-17T06:59:27.904">
  <mem-info id="1663" free="1180344" total="11272192" percent="10">
    <mem type="nursery" free="0" total="4980736" percent="0">
      <mem type="allocate" free="0" total="3276800" percent="0" />
      <mem type="survivor" free="0" total="1703936" percent="0" />
    </mem>
    <mem type="tenure" free="1180344" total="6291456" percent="18">
      <mem type="soa" free="865976" total="5977088" percent="14" />
      <mem type="loa" free="314368" total="314368" percent="100" />
    </mem>
    <remembered-set count="496" />
  </mem-info>
</gc-start>
<allocation-stats totalBytes="2015216" >
  <allocated-bytes non-tlh="904" tlh="2014312" />
  <largest-consumer threadName="PmdThread 1" threadId="0000000001777C00" bytes="761704" />
</allocation-stats>
<gc-op id="1664" type="scavenge" timems="3.379" contextid="1661" timestamp="2019-06-17T06:59:27.908">
  <scavenger-info tenureage="3" tenuremask="7ff8" tiltratio="65" />
  <memory-copied type="nursery" objects="19696" bytes="906208" bytesdiscarded="81424" />
  <memory-copied type="tenure" objects="9425" bytes="436448" bytesdiscarded="168" />
  <references type="soft" candidates="10" cleared="0" enqueued="0" dynamicThreshold="26" maxThreshold="32" />
  <references type="weak" candidates="36" cleared="36" enqueued="36" />
  <references type="phantom" candidates="5" cleared="4" enqueued="4" />
</gc-op>
<heap-resize id="1665" type="expand" space="nursery" amount="393216" count="1" timems="0.014" reason="excessive time being spent scavenging" timestamp="2019-06-17T06:59:27.908" />
<gc-end id="1666" type="scavenge" contextid="1661" durationms="3.910" usertimems="4.000" systemtimems="0.000" timestamp="2019-06-17T06:59:27.908" activeThreads="4">
  <mem-info id="1667" free="3449896" total="11665408" percent="29">
    <mem type="nursery" free="2747016" total="5373952" percent="51">
      <mem type="allocate" free="2747016" total="3735552" percent="73" />
      <mem type="survivor" free="0" total="1638400" percent="0" />
    </mem>
    <mem type="tenure" free="702880" total="6291456" percent="11">
      <mem type="soa" free="388512" total="5977088" percent="6" />
      <mem type="loa" free="314368" total="314368" percent="100" />
    </mem>
    <pending-finalizers system="0" default="0" reference="40" classloader="0" />
    <remembered-set count="237" />
  </mem-info>
</gc-end>
<cycle-end id="1668" type="scavenge" contextid="1661" timestamp="2019-06-17T06:59:27.908" />
  <attribute name="elasticGC enabled" value="1" />
  <attribute name= "numThreadsSpecified" value="4" />
  <attribute name="heapSize specified" value="8388608" />
  <attribute name="Current GC Util" value="25" />
  <attribute name= "Current Time Running" value="3054" />
  <attribute name ="GC Interval" value="200" />
  <attribute name="ProportionalT" value="5.000000" />
  <attribute name="ProportionalI" value="5.000000" />
  <attribute name="ProportionalH" value="5.000000" />
  <attribute name="Current Error" value="5.000000" />
  <attribute name="IntegralT" value="90.000000" />
  <attribute name="IntegralI" value="90.000000" />
  <attribute name="IntegralH" value="90.000000" />
  <attribute name="DerivativeT" value="0.277778" />
  <attribute name="DerivativeI" value="0.277778" />
  <attribute name="DerivativeH" value="0.277778" />
  <attribute name="Loop Time for DT" value="18.000000" />
  <attribute name="Output H" value="8388608"/>
  <attribute name="Output I" value="200"/>
  <attribute name="Output T" value="4"/>
  <attribute name="Target GC Util Change" value ="20.000000" />
  <attribute name="Current GC Util Change" value="25.000000"/>
  <attribute name="GC Util currently" value="25" />
  <attribute name="CPU Util currently" value="257953012254" />
<allocation-satisfied id="1669" threadId="0000000001787000" bytesRequested="32" />
<af-end id="1670" timestamp="2019-06-17T06:59:27.908" threadId="0000000001787988" success="true" from="nursery"/>
<exclusive-end id="1671" timestamp="2019-06-17T06:59:27.909" durationms="4.633" />

<concurrent-kickoff id="1672" timestamp="2019-06-17T06:59:27.927">
  <kickoff reason="threshold reached" targetBytes="1867303" thresholdFreeBytes="258886"  remainingFree="178824" tenureFreeBytes="702832" nurseryFreeBytes="178824" />
</concurrent-kickoff>
<exclusive-start id="1673" timestamp="2019-06-17T06:59:27.928" intervalms="23.779">
  <response-info timems="0.182" idlems="0.101" threads="2" lastid="000000000177B800" lastname="PmdThread 2" />
</exclusive-start>
<cycle-start id="1674" type="global" contextid="0" timestamp="2019-06-17T06:59:27.928" intervalms="2261.903" />
<exclusive-end id="1675" timestamp="2019-06-17T06:59:27.928" durationms="0.130" />

<exclusive-start id="1676" timestamp="2019-06-17T06:59:27.931" intervalms="3.695">
  <response-info timems="0.139" idlems="0.139" threads="0" lastid="000000000177B800" lastname="PmdThread 2" />
</exclusive-start>
<af-start id="1677" threadId="000000000177C188" totalBytesRequested="40" timestamp="2019-06-17T06:59:27.931" intervalms="27.423" type="nursery" />
<cycle-start id="1678" type="scavenge" contextid="0" timestamp="2019-06-17T06:59:27.932" intervalms="27.412" />
<gc-start id="1679" type="scavenge" contextid="1678" timestamp="2019-06-17T06:59:27.932">
  <mem-info id="1680" free="702832" total="11665408" percent="6">
    <mem type="nursery" free="0" total="5373952" percent="0">
      <mem type="allocate" free="0" total="3735552" percent="0" />
      <mem type="survivor" free="0" total="1638400" percent="0" />
    </mem>
    <mem type="tenure" free="702832" total="6291456" percent="11">
      <mem type="soa" free="388464" total="5977088" percent="6" />
      <mem type="loa" free="314368" total="314368" percent="100" />
    </mem>
    <remembered-set count="255" />
  </mem-info>
</gc-start>
<allocation-stats totalBytes="2746240" >
  <allocated-bytes non-tlh="80" tlh="2746160" />
  <largest-consumer threadName="PmdThread 1" threadId="0000000001777C00" bytes="1214888" />
</allocation-stats>
<gc-op id="1681" type="scavenge" timems="1.490" contextid="1678" timestamp="2019-06-17T06:59:27.933">
  <scavenger-info tenureage="4" tenuremask="7ff0" tiltratio="69" />
  <memory-copied type="nursery" objects="28491" bytes="1328784" bytesdiscarded="171520" />
  <references type="soft" candidates="10" cleared="0" enqueued="0" dynamicThreshold="26" maxThreshold="32" />
  <references type="weak" candidates="27" cleared="27" enqueued="27" />
  <references type="phantom" candidates="3" cleared="3" enqueued="3" />
</gc-op>
<gc-end id="1682" type="scavenge" contextid="1678" durationms="1.673" usertimems="0.000" systemtimems="0.000" timestamp="2019-06-17T06:59:27.933" activeThreads="4">
  <mem-info id="1683" free="2739976" total="11665408" percent="23">
    <mem type="nursery" free="2037144" total="5373952" percent="37">
      <mem type="allocate" free="2037144" total="3538944" percent="57" />
      <mem type="survivor" free="0" total="1835008" percent="0" />
    </mem>
    <mem type="tenure" free="702832" total="6291456" percent="11">
      <mem type="soa" free="388464" total="5977088" percent="6" />
      <mem type="loa" free="314368" total="314368" percent="100" />
    </mem>
    <pending-finalizers system="0" default="0" reference="30" classloader="0" />
    <remembered-set count="247" />
  </mem-info>
</gc-end>
<cycle-end id="1684" type="scavenge" contextid="1678" timestamp="2019-06-17T06:59:27.933" />
  <attribute name="elasticGC enabled" value="1" />
  <attribute name= "numThreadsSpecified" value="4" />
  <attribute name="heapSize specified" value="8388608" />
  <attribute name="Current GC Util" value="22" />
  <attribute name= "Current Time Running" value="3081" />
  <attribute name ="GC Interval" value="200" />
  <attribute name="ProportionalT" value="2.000000" />
  <attribute name="ProportionalI" value="2.000000" />
  <attribute name="ProportionalH" value="2.000000" />
  <attribute name="Current Error" value="2.000000" />
  <attribute name="IntegralT" value="54.000000" />
  <attribute name="IntegralI" value="54.000000" />
  <attribute name="IntegralH" value="54.000000" />
  <attribute name="DerivativeT" value="-0.111111" />
  <attribute name="DerivativeI" value="-0.111111" />
  <attribute name="DerivativeH" value="-0.111111" />
  <attribute name="Loop Time for DT" value="27.000000" />
  <attribute name="Output H" value="8388608"/>
  <attribute name="Output I" value="200"/>
  <attribute name="Output T" value="4"/>
  <attribute name="Target GC Util Change" value ="20.000000" />
  <attribute name="Current GC Util Change" value="22.000000"/>
  <attribute name="GC Util currently" value="22" />
  <attribute name="CPU Util currently" value="168320379153" />
<allocation-satisfied id="1685" threadId="000000000177B800" bytesRequested="40" />
<af-end id="1686" timestamp="2019-06-17T06:59:27.934" threadId="000000000177C188" success="true" from="nursery"/>
<exclusive-end id="1687" timestamp="2019-06-17T06:59:27.934" durationms="2.242" />

<exclusive-start id="1688" timestamp="2019-06-17T06:59:27.952" intervalms="20.371">
  <response-info timems="0.089" idlems="0.089" threads="0" lastid="0000000001783400" lastname="PmdThread 3" />
</exclusive-start>
<af-start id="1689" threadId="0000000001783D88" totalBytesRequested="16392" timestamp="2019-06-17T06:59:27.952" intervalms="20.423" type="nursery" />
<cycle-start id="1690" type="scavenge" contextid="0" timestamp="2019-06-17T06:59:27.952" intervalms="20.412" />
<gc-start id="1691" type="scavenge" contextid="1690" timestamp="2019-06-17T06:59:27.952">
  <mem-info id="1692" free="702832" total="11665408" percent="6">
    <mem type="nursery" free="0" total="5373952" percent="0">
      <mem type="allocate" free="0" total="3538944" percent="0" />
      <mem type="survivor" free="0" total="1835008" percent="0" />
    </mem>
    <mem type="tenure" free="702832" total="6291456" percent="11">
      <mem type="soa" free="388464" total="5977088" percent="6" />
      <mem type="loa" free="314368" total="314368" percent="100" />
    </mem>
    <remembered-set count="273" />
  </mem-info>
</gc-start>
<allocation-stats totalBytes="2036680" >
  <allocated-bytes non-tlh="40" tlh="2036640" />
  <largest-consumer threadName="PmdThread 3" threadId="0000000001783400" bytes="705600" />
</allocation-stats>
<gc-op id="1693" type="scavenge" timems="2.653" contextid="1690" timestamp="2019-06-17T06:59:27.955">
  <scavenger-info tenureage="3" tenuremask="7ff8" tiltratio="65" />
  <memory-copied type="nursery" objects="17503" bytes="856712" bytesdiscarded="54816" />
  <memory-copied type="tenure" objects="6754" bytes="297480" bytesdiscarded="88" />
  <references type="weak" candidates="20" cleared="20" enqueued="20" />
  <references type="phantom" candidates="3" cleared="2" enqueued="2" />
</gc-op>
<heap-resize id="1694" type="expand" space="nursery" amount="393216" count="1" timems="0.014" reason="excessive time being spent scavenging" timestamp="2019-06-17T06:59:27.955" />
<gc-end id="1695" type="scavenge" contextid="1690" durationms="3.168" usertimems="4.000" systemtimems="0.000" timestamp="2019-06-17T06:59:27.955" activeThreads="4">
  <mem-info id="1696" free="3366920" total="12058624" percent="27">
    <mem type="nursery" free="2954160" total="5767168" percent="51">
      <mem type="allocate" free="2954160" total="3866624" percent="76" />
      <mem type="survivor" free="0" total="1900544" percent="0" />
    </mem>
    <mem type="tenure" free="412760" total="6291456" percent="6">
      <mem type="soa" free="98392" total="5977088" percent="1" />
      <mem type="loa" free="314368" total="314368" percent="100" />
    </mem>
    <pending-finalizers system="0" default="0" reference="22" classloader="0" />
    <remembered-set count="515" />
  </mem-info>
</gc-end>
<cycle-end id="1697" type="scavenge" contextid="1690" timestamp="2019-06-17T06:59:27.955" />
  <attribute name="elasticGC enabled" value="1" />
  <attribute name= "numThreadsSpecified" value="4" />
  <attribute name="heapSize specified" value="8388608" />
  <attribute name="Current GC Util" value="14" />
  <attribute name= "Current Time Running" value="3101" />
  <attribute name ="GC Interval" value="200" />
  <attribute name="ProportionalT" value="-6.000000" />
  <attribute name="ProportionalI" value="-6.000000" />
  <attribute name="ProportionalH" value="-6.000000" />
  <attribute name="Current Error" value="-6.000000" />
  <attribute name="IntegralT" value="-120.000000" />
  <attribute name="IntegralI" value="-120.000000" />
  <attribute name="IntegralH" value="-120.000000" />
  <attribute name="DerivativeT" value="-0.400000" />
  <attribute name="DerivativeI" value="-0.400000" />
  <attribute name="DerivativeH" value="-0.400000" />
  <attribute name="Loop Time for DT" value="20.000000" />
  <attribute name="Output H" value="2092630016"/>
  <attribute name="Output I" value="200"/>
  <attribute name="Output T" value="4"/>
  <attribute name="Target GC Util Change" value ="20.000000" />
  <attribute name="Current GC Util Change" value="14.000000"/>
  <attribute name="GC Util currently" value="14" />
  <attribute name="CPU Util currently" value="226118793824" />
<allocation-satisfied id="1698" threadId="0000000001783400" bytesRequested="16392" />
<af-end id="1699" timestamp="2019-06-17T06:59:27.956" threadId="0000000001783D88" success="true" from="nursery"/>
<exclusive-end id="1700" timestamp="2019-06-17T06:59:27.956" durationms="3.923" />

<exclusive-start id="1701" timestamp="2019-06-17T06:59:27.974" intervalms="21.795">
  <response-info timems="0.151" idlems="0.049" threads="3" lastid="000000000146B300" lastname="JIT Compilation Thread-0" />
</exclusive-start>
<af-start id="1702" threadId="0000000001783D88" totalBytesRequested="8200" timestamp="2019-06-17T06:59:27.974" intervalms="21.758" type="nursery" />
<cycle-start id="1703" type="scavenge" contextid="0" timestamp="2019-06-17T06:59:27.974" intervalms="21.733" />
<gc-start id="1704" type="scavenge" contextid="1703" timestamp="2019-06-17T06:59:27.974">
  <mem-info id="1705" free="412672" total="12058624" percent="3">
    <mem type="nursery" free="0" total="5767168" percent="0">
      <mem type="allocate" free="0" total="3866624" percent="0" />
      <mem type="survivor" free="0" total="1900544" percent="0" />
    </mem>
    <mem type="tenure" free="412672" total="6291456" percent="6">
      <mem type="soa" free="98304" total="5977088" percent="1" />
      <mem type="loa" free="314368" total="314368" percent="100" />
    </mem>
    <remembered-set count="533" />
  </mem-info>
</gc-start>
<allocation-stats totalBytes="2947688" >
  <allocated-bytes non-tlh="16480" tlh="2931208" />
  <largest-consumer threadName="PmdThread 4" threadId="0000000001787000" bytes="978288" />
</allocation-stats>
<gc-op id="1706" type="scavenge" timems="3.389" contextid="1703" timestamp="2019-06-17T06:59:27.977">
  <scavenger-info tenureage="3" tenuremask="7ff8" tiltratio="67" />
  <memory-copied type="nursery" objects="16904" bytes="901848" bytesdiscarded="107240" />
  <memory-copied type="tenure" objects="5839" bytes="228728" bytesdiscarded="152" />
  <references type="weak" candidates="23" cleared="22" enqueued="21" />
  <references type="phantom" candidates="10" cleared="7" enqueued="7" />
  <heap-resize type="expand" space="tenure" amount="131072" count="2" timems="0.024" reason="continue current collection" />
</gc-op>
<heap-resize id="1707" type="expand" space="nursery" amount="393216" count="1" timems="0.011" reason="excessive time being spent scavenging" timestamp="2019-06-17T06:59:27.978" />
<gc-end id="1708" type="scavenge" contextid="1703" durationms="3.900" usertimems="4.000" systemtimems="0.000" timestamp="2019-06-17T06:59:27.978" activeThreads="4">
  <mem-info id="1709" free="3702240" total="12582912" percent="29">
    <mem type="nursery" free="3381728" total="6160384" percent="54">
      <mem type="allocate" free="3381728" total="4390912" percent="77" />
      <mem type="survivor" free="0" total="1769472" percent="0" />
    </mem>
    <mem type="tenure" free="320512" total="6422528" percent="4">
      <mem type="soa" free="0" total="6102016" percent="0" />
      <mem type="loa" free="320512" total="320512" percent="100" />
    </mem>
    <pending-finalizers system="0" default="0" reference="28" classloader="0" />
    <remembered-set count="893" />
  </mem-info>
</gc-end>
<cycle-end id="1710" type="scavenge" contextid="1703" timestamp="2019-06-17T06:59:27.978" />
  <attribute name="elasticGC enabled" value="1" />
  <attribute name= "numThreadsSpecified" value="4" />
  <attribute name="heapSize specified" value="8388608" />
  <attribute name="Current GC Util" value="19" />
  <attribute name= "Current Time Running" value="3123" />
  <attribute name ="GC Interval" value="200" />
  <attribute name="ProportionalT" value="-1.000000" />
  <attribute name="ProportionalI" value="-1.000000" />
  <attribute name="ProportionalH" value="-1.000000" />
  <attribute name="Current Error" value="-1.000000" />
  <attribute name="IntegralT" value="-22.000000" />
  <attribute name="IntegralI" value="-22.000000" />
  <attribute name="IntegralH" value="-22.000000" />
  <attribute name="DerivativeT" value="-0.045455" />
  <attribute name="DerivativeI" value="-0.045455" />
  <attribute name="DerivativeH" value="-0.045455" />
  <attribute name="Loop Time for DT" value="22.000000" />
  <attribute name="Output H" value="2092630016"/>
  <attribute name="Output I" value="200"/>
  <attribute name="Output T" value="4"/>
  <attribute name="Target GC Util Change" value ="20.000000" />
  <attribute name="Current GC Util Change" value="19.000000"/>
  <attribute name="GC Util currently" value="19" />
  <attribute name="CPU Util currently" value="212006646030" />
<allocation-satisfied id="1711" threadId="0000000001783400" bytesRequested="8200" />
<af-end id="1712" timestamp="2019-06-17T06:59:27.978" threadId="0000000001783D88" success="true" from="nursery"/>
<exclusive-end id="1713" timestamp="2019-06-17T06:59:27.978" durationms="4.862" />

<exclusive-start id="1714" timestamp="2019-06-17T06:59:27.979" intervalms="5.873">
  <response-info timems="0.558" idlems="0.362" threads="1" lastid="0000000001783400" lastname="PmdThread 3" />
</exclusive-start>
<af-start id="1715" threadId="0000000001787988" totalBytesRequested="16" timestamp="2019-06-17T06:59:27.980" intervalms="5.925" type="tenure" />
<gc-start id="1716" type="global" contextid="1674" timestamp="2019-06-17T06:59:27.980">
  <mem-info id="1717" free="3640792" total="12582912" percent="28">
    <mem type="nursery" free="3320280" total="6160384" percent="53">
      <mem type="allocate" free="3320280" total="4390912" percent="75" />
      <mem type="survivor" free="0" total="1769472" percent="0" />
    </mem>
    <mem type="tenure" free="320512" total="6422528" percent="4">
      <mem type="soa" free="0" total="6102016" percent="0" />
      <mem type="loa" free="320512" total="320512" percent="100" />
    </mem>
    <pending-finalizers system="0" default="0" reference="27" classloader="0" />
    <remembered-set count="894" />
  </mem-info>
</gc-start>
<allocation-stats totalBytes="61448" >
  <allocated-bytes non-tlh="8200" tlh="53248" />
  <largest-consumer threadName="PmdThread 3" threadId="0000000001783400" bytes="53256" />
</allocation-stats>
<concurrent-halted id="1718" timestamp="2019-06-17T06:59:27.980">
  <halted state="Complete" status="clean trace" />
  <traced bytesTarget="1888222" bytesTotal="1872276" bytesByMutator="726852" bytesByHelper="1145424" percent="99" />
  <cards cleaned="0" thresholdBytes="101985" />
</concurrent-halted>
<gc-op id="1719" type="rs-scan" timems="0.645" contextid="1674" timestamp="2019-06-17T06:59:27.980">
  <scan objectsFound="70" bytesTraced="4864" workStackOverflowCount="0" />
</gc-op>
<gc-op id="1720" type="card-cleaning" timems="1.026" contextid="1674" timestamp="2019-06-17T06:59:27.981">
  <card-cleaning cardsCleaned="145" bytesTraced="537084" workStackOverflowCount="0" />
</gc-op>
<gc-op id="1721" type="mark" timems="1.719" contextid="1674" timestamp="2019-06-17T06:59:27.983">
  <trace-info objectcount="22067" scancount="20311" scanbytes="707272" />
  <finalization candidates="57" enqueued="0" />
  <ownableSynchronizers candidates="8" cleared="0" />
  <references type="soft" candidates="225" cleared="0" enqueued="0" dynamicThreshold="26" maxThreshold="32" />
  <references type="weak" candidates="696" cleared="40" enqueued="20" />
  <references type="phantom" candidates="66" cleared="2" enqueued="2" />
  <stringconstants candidates="4910" cleared="6"  />
</gc-op>
<gc-op id="1722" type="classunload" timems="0.294" contextid="1674" timestamp="2019-06-17T06:59:27.984">
  <classunload-info classloadercandidates="12" classloadersunloaded="2" classesunloaded="2" anonymousclassesunloaded="0" quiescems="0.000" setupms="0.279" scanms="0.013" postms="0.002" />
</gc-op>
<gc-op id="1723" type="sweep" timems="0.506" contextid="1674" timestamp="2019-06-17T06:59:27.984" />
<mem-info id="1724" free="5272384" total="12582912" percent="41">
  <mem type="nursery" free="3438152" total="6160384" percent="55">
    <mem type="allocate" free="3438152" total="4390912" percent="78" />
    <mem type="survivor" free="0" total="1769472" percent="0" />
  </mem>
  <mem type="tenure" free="1834232" total="6422528" percent="28" micro-fragmented="60424" macro-fragmented="0">
    <mem type="soa" free="1513720" total="6102016" percent="24" />
    <mem type="loa" free="320512" total="320512" percent="100" />
  </mem>
  <pending-finalizers system="0" default="0" reference="49" classloader="0" />
  <remembered-set count="894" />
</mem-info>
<gc-op id="1725" type="compact" timems="19.500" contextid="1674" timestamp="2019-06-17T06:59:28.004">
  <compact-info movecount="106668" movebytes="5152352" reason="compact to aid heap contraction" />
</gc-op>
<heap-resize id="1726" type="contract" space="tenure" amount="262144" count="1" timems="0.214" reason="heap reconfiguration" timestamp="2019-06-17T06:59:28.005" />
<gc-end id="1727" type="global" contextid="1674" durationms="25.240" usertimems="36.000" systemtimems="0.000" timestamp="2019-06-17T06:59:28.005" activeThreads="4">
  <mem-info id="1728" free="5085792" total="12320768" percent="41">
    <mem type="nursery" free="3439112" total="6160384" percent="55">
      <mem type="allocate" free="3439112" total="4390912" percent="78" />
      <mem type="survivor" free="0" total="1769472" percent="0" />
    </mem>
    <mem type="tenure" free="1646680" total="6160384" percent="26">
      <mem type="soa" free="1397848" total="5853184" percent="23" />
      <mem type="loa" free="248832" total="307200" percent="81" />
    </mem>
    <pending-finalizers system="0" default="0" reference="49" classloader="0" />
    <remembered-set count="894" />
  </mem-info>
</gc-end>
<cycle-end id="1729" type="global" contextid="1674" timestamp="2019-06-17T06:59:28.005" />
  <attribute name="elasticGC enabled" value="1" />
  <attribute name= "numThreadsSpecified" value="4" />
  <attribute name="heapSize specified" value="12582912" />
  <attribute name="Current GC Util" value="115" />
  <attribute name= "Current Time Running" value="3154" />
  <attribute name ="GC Interval" value="200" />
  <attribute name="ProportionalT" value="95.000000" />
  <attribute name="ProportionalI" value="95.000000" />
  <attribute name="ProportionalH" value="95.000000" />
  <attribute name="Current Error" value="95.000000" />
  <attribute name="IntegralT" value="1900.000000" />
  <attribute name="IntegralI" value="1900.000000" />
  <attribute name="IntegralH" value="1900.000000" />
  <attribute name="DerivativeT" value="0.100000" />
  <attribute name="DerivativeI" value="0.100000" />
  <attribute name="DerivativeH" value="0.100000" />
  <attribute name="Loop Time for DT" value="20.000000" />
  <attribute name="Output H" value="8388608"/>
  <attribute name="Output I" value="2000"/>
  <attribute name="Output T" value="4"/>
  <attribute name="Target GC Util Change" value ="20.000000" />
  <attribute name="Current GC Util Change" value="115.000000"/>
  <attribute name="GC Util currently" value="115" />
  <attribute name="CPU Util currently" value="233964301056" />
<allocation-satisfied id="1730" threadId="0000000001787000" bytesRequested="16" />
<af-end id="1731" timestamp="2019-06-17T06:59:28.005" threadId="0000000001787988" success="true" from="tenure-soa"/>
<exclusive-end id="1732" timestamp="2019-06-17T06:59:28.005" durationms="25.968" />

<exclusive-start id="1733" timestamp="2019-06-17T06:59:28.022" intervalms="42.768">
  <response-info timems="0.063" idlems="0.063" threads="0" lastid="0000000001783400" lastname="PmdThread 3" />
</exclusive-start>
<af-start id="1734" threadId="0000000001783D88" totalBytesRequested="88" timestamp="2019-06-17T06:59:28.022" intervalms="42.719" type="nursery" />
<cycle-start id="1735" type="scavenge" contextid="0" timestamp="2019-06-17T06:59:28.022" intervalms="48.683" />
<gc-start id="1736" type="scavenge" contextid="1735" timestamp="2019-06-17T06:59:28.022">
  <mem-info id="1737" free="1644376" total="12320768" percent="13">
    <mem type="nursery" free="0" total="6160384" percent="0">
      <mem type="allocate" free="0" total="4390912" percent="0" />
      <mem type="survivor" free="0" total="1769472" percent="0" />
    </mem>
    <mem type="tenure" free="1644376" total="6160384" percent="26">
      <mem type="soa" free="1395544" total="5853184" percent="23" />
      <mem type="loa" free="248832" total="307200" percent="81" />
    </mem>
    <remembered-set count="1256" />
  </mem-info>
</gc-start>
<allocation-stats totalBytes="3436912" >
  <allocated-bytes non-tlh="2320" tlh="3434592" />
  <largest-consumer threadName="PmdThread 3" threadId="0000000001783400" bytes="1719744" />
</allocation-stats>
<gc-op id="1738" type="scavenge" timems="2.703" contextid="1735" timestamp="2019-06-17T06:59:28.025">
  <scavenger-info tenureage="3" tenuremask="7ff8" tiltratio="71" />
  <memory-copied type="nursery" objects="19189" bytes="966408" bytesdiscarded="241936" />
  <memory-copied type="tenure" objects="8241" bytes="348080" bytesdiscarded="152" />
  <ownableSynchronizers candidates="16" cleared="16" />
  <references type="weak" candidates="77" cleared="76" enqueued="76" />
  <references type="phantom" candidates="4" cleared="2" enqueued="2" />
</gc-op>
<gc-end id="1739" type="scavenge" contextid="1735" durationms="2.950" usertimems="4.000" systemtimems="4.000" timestamp="2019-06-17T06:59:28.025" activeThreads="4">
  <mem-info id="1740" free="4658656" total="12320768" percent="37">
    <mem type="nursery" free="3444632" total="6160384" percent="55">
      <mem type="allocate" free="3444632" total="4653056" percent="74" />
      <mem type="survivor" free="0" total="1507328" percent="0" />
    </mem>
    <mem type="tenure" free="1214024" total="6160384" percent="19">
      <mem type="soa" free="965192" total="5853184" percent="16" />
      <mem type="loa" free="248832" total="307200" percent="81" />
    </mem>
    <pending-finalizers system="0" default="0" reference="78" classloader="0" />
    <remembered-set count="560" />
  </mem-info>
</gc-end>
<cycle-end id="1741" type="scavenge" contextid="1735" timestamp="2019-06-17T06:59:28.025" />
  <attribute name="elasticGC enabled" value="1" />
  <attribute name= "numThreadsSpecified" value="4" />
  <attribute name="heapSize specified" value="12582912" />
  <attribute name="Current GC Util" value="22" />
  <attribute name= "Current Time Running" value="3172" />
  <attribute name ="GC Interval" value="200" />
  <attribute name="ProportionalT" value="2.000000" />
  <attribute name="ProportionalI" value="2.000000" />
  <attribute name="ProportionalH" value="2.000000" />
  <attribute name="Current Error" value="2.000000" />
  <attribute name="IntegralT" value="36.000000" />
  <attribute name="IntegralI" value="36.000000" />
  <attribute name="IntegralH" value="36.000000" />
  <attribute name="DerivativeT" value="-5.166667" />
  <attribute name="DerivativeI" value="-5.166667" />
  <attribute name="DerivativeH" value="-5.166667" />
  <attribute name="Loop Time for DT" value="18.000000" />
  <attribute name="Output H" value="8388608"/>
  <attribute name="Output I" value="200"/>
  <attribute name="Output T" value="4"/>
  <attribute name="Target GC Util Change" value ="20.000000" />
  <attribute name="Current GC Util Change" value="22.000000"/>
  <attribute name="GC Util currently" value="22" />
  <attribute name="CPU Util currently" value="250402602536" />
<allocation-satisfied id="1742" threadId="0000000001783400" bytesRequested="88" />
<af-end id="1743" timestamp="2019-06-17T06:59:28.026" threadId="0000000001783D88" success="true" from="nursery"/>
<exclusive-end id="1744" timestamp="2019-06-17T06:59:28.026" durationms="3.447" />

<exclusive-start id="1745" timestamp="2019-06-17T06:59:28.051" intervalms="29.134">
  <response-info timems="0.087" idlems="0.087" threads="0" lastid="0000000001787000" lastname="PmdThread 4" />
</exclusive-start>
<af-start id="1746" threadId="0000000001787988" totalBytesRequested="56" timestamp="2019-06-17T06:59:28.051" intervalms="29.135" type="nursery" />
<cycle-start id="1747" type="scavenge" contextid="0" timestamp="2019-06-17T06:59:28.052" intervalms="29.159" />
<gc-start id="1748" type="scavenge" contextid="1747" timestamp="2019-06-17T06:59:28.052">
  <mem-info id="1749" free="1213280" total="12320768" percent="9">
    <mem type="nursery" free="0" total="6160384" percent="0">
      <mem type="allocate" free="0" total="4653056" percent="0" />
      <mem type="survivor" free="0" total="1507328" percent="0" />
    </mem>
    <mem type="tenure" free="1213280" total="6160384" percent="19">
      <mem type="soa" free="964448" total="5853184" percent="16" />
      <mem type="loa" free="248832" total="307200" percent="81" />
    </mem>
    <remembered-set count="820" />
  </mem-info>
</gc-start>
<allocation-stats totalBytes="3435864" >
  <allocated-bytes non-tlh="832" tlh="3435032" />
  <largest-consumer threadName="PmdThread 4" threadId="0000000001787000" bytes="1256208" />
</allocation-stats>
<gc-op id="1750" type="scavenge" timems="2.091" contextid="1747" timestamp="2019-06-17T06:59:28.054">
  <scavenger-info tenureage="3" tenuremask="7ff8" tiltratio="75" />
  <memory-copied type="nursery" objects="12589" bytes="850544" bytesdiscarded="128504" />
  <memory-copied type="tenure" objects="2812" bytes="156408" bytesdiscarded="56" />
  <references type="weak" candidates="91" cleared="90" enqueued="89" />
  <references type="phantom" candidates="7" cleared="3" enqueued="3" />
</gc-op>
<gc-end id="1751" type="scavenge" contextid="1747" durationms="2.334" usertimems="4.000" systemtimems="0.000" timestamp="2019-06-17T06:59:28.054" activeThreads="4">
  <mem-info id="1752" free="4784104" total="12320768" percent="38">
    <mem type="nursery" free="3737512" total="6160384" percent="60">
      <mem type="allocate" free="3737512" total="4718592" percent="79" />
      <mem type="survivor" free="0" total="1441792" percent="0" />
    </mem>
    <mem type="tenure" free="1046592" total="6160384" percent="16">
      <mem type="soa" free="797760" total="5853184" percent="13" />
      <mem type="loa" free="248832" total="307200" percent="81" />
    </mem>
    <pending-finalizers system="0" default="0" reference="92" classloader="0" />
    <remembered-set count="256" />
  </mem-info>
</gc-end>
<cycle-end id="1753" type="scavenge" contextid="1747" timestamp="2019-06-17T06:59:28.054" />
  <attribute name="elasticGC enabled" value="1" />
  <attribute name= "numThreadsSpecified" value="4" />
  <attribute name="heapSize specified" value="12582912" />
  <attribute name="Current GC Util" value="23" />
  <attribute name= "Current Time Running" value="3201" />
  <attribute name ="GC Interval" value="200" />
  <attribute name="ProportionalT" value="3.000000" />
  <attribute name="ProportionalI" value="3.000000" />
  <attribute name="ProportionalH" value="3.000000" />
  <attribute name="Current Error" value="3.000000" />
  <attribute name="IntegralT" value="87.000000" />
  <attribute name="IntegralI" value="87.000000" />
  <attribute name="IntegralH" value="87.000000" />
  <attribute name="DerivativeT" value="0.034483" />
  <attribute name="DerivativeI" value="0.034483" />
  <attribute name="DerivativeH" value="0.034483" />
  <attribute name="Loop Time for DT" value="29.000000" />
  <attribute name="Output H" value="8388608"/>
  <attribute name="Output I" value="200"/>
  <attribute name="Output T" value="4"/>
  <attribute name="Target GC Util Change" value ="20.000000" />
  <attribute name="Current GC Util Change" value="23.000000"/>
  <attribute name="GC Util currently" value="23" />
  <attribute name="CPU Util currently" value="158098826626" />
<allocation-satisfied id="1754" threadId="0000000001787000" bytesRequested="56" />
<af-end id="1755" timestamp="2019-06-17T06:59:28.054" threadId="0000000001787988" success="true" from="nursery"/>
<exclusive-end id="1756" timestamp="2019-06-17T06:59:28.054" durationms="2.992" />

<exclusive-start id="1757" timestamp="2019-06-17T06:59:28.065" intervalms="13.537">
  <response-info timems="0.041" idlems="0.023" threads="1" lastid="0000000001783400" lastname="PmdThread 3" />
</exclusive-start>
<af-start id="1758" threadId="000000000177C188" totalBytesRequested="72" timestamp="2019-06-17T06:59:28.065" intervalms="13.636" type="nursery" />
<cycle-start id="1759" type="scavenge" contextid="0" timestamp="2019-06-17T06:59:28.065" intervalms="13.645" />
<gc-start id="1760" type="scavenge" contextid="1759" timestamp="2019-06-17T06:59:28.065">
  <mem-info id="1761" free="1046376" total="12320768" percent="8">
    <mem type="nursery" free="0" total="6160384" percent="0">
      <mem type="allocate" free="0" total="4718592" percent="0" />
      <mem type="survivor" free="0" total="1441792" percent="0" />
    </mem>
    <mem type="tenure" free="1046376" total="6160384" percent="16">
      <mem type="soa" free="797544" total="5853184" percent="13" />
      <mem type="loa" free="248832" total="307200" percent="81" />
    </mem>
    <remembered-set count="284" />
  </mem-info>
</gc-start>
<allocation-stats totalBytes="3736528" >
  <allocated-bytes non-tlh="272" tlh="3736256" />
  <largest-consumer threadName="PmdThread 1" threadId="0000000001777C00" bytes="1695560" />
</allocation-stats>
<gc-op id="1762" type="scavenge" timems="2.525" contextid="1759" timestamp="2019-06-17T06:59:28.068">
  <scavenger-info tenureage="3" tenuremask="7ff8" tiltratio="76" />
  <memory-copied type="nursery" objects="9844" bytes="669440" bytesdiscarded="171560" />
  <memory-copied type="tenure" objects="4563" bytes="229600" bytesdiscarded="576" />
  <references type="soft" candidates="5" cleared="0" enqueued="0" dynamicThreshold="8" maxThreshold="32" />
  <references type="weak" candidates="20" cleared="20" enqueued="19" />
  <references type="phantom" candidates="1" cleared="1" enqueued="1" />
</gc-op>
<heap-resize id="1763" type="expand" space="nursery" amount="524288" count="1" timems="0.016" reason="excessive time being spent scavenging" timestamp="2019-06-17T06:59:28.068" />
<gc-end id="1764" type="scavenge" contextid="1759" durationms="2.781" usertimems="4.000" systemtimems="0.000" timestamp="2019-06-17T06:59:28.068" activeThreads="4">
  <mem-info id="1765" free="5180384" total="12845056" percent="40">
    <mem type="nursery" free="4401808" total="6684672" percent="65">
      <mem type="allocate" free="4401808" total="5242880" percent="83" />
      <mem type="survivor" free="0" total="1441792" percent="0" />
    </mem>
    <mem type="tenure" free="778576" total="6160384" percent="12">
      <mem type="soa" free="529744" total="5853184" percent="9" />
      <mem type="loa" free="248832" total="307200" percent="81" />
    </mem>
    <pending-finalizers system="0" default="0" reference="20" classloader="0" />
    <remembered-set count="202" />
  </mem-info>
</gc-end>
<cycle-end id="1766" type="scavenge" contextid="1759" timestamp="2019-06-17T06:59:28.068" />
  <attribute name="elasticGC enabled" value="1" />
  <attribute name= "numThreadsSpecified" value="4" />
  <attribute name="heapSize specified" value="12582912" />
  <attribute name="Current GC Util" value="31" />
  <attribute name= "Current Time Running" value="3215" />
  <attribute name ="GC Interval" value="200" />
  <attribute name="ProportionalT" value="11.000000" />
  <attribute name="ProportionalI" value="11.000000" />
  <attribute name="ProportionalH" value="11.000000" />
  <attribute name="Current Error" value="11.000000" />
  <attribute name="IntegralT" value="154.000000" />
  <attribute name="IntegralI" value="154.000000" />
  <attribute name="IntegralH" value="154.000000" />
  <attribute name="DerivativeT" value="0.571429" />
  <attribute name="DerivativeI" value="0.571429" />
  <attribute name="DerivativeH" value="0.571429" />
  <attribute name="Loop Time for DT" value="14.000000" />
  <attribute name="Output H" value="8388608"/>
  <attribute name="Output I" value="200"/>
  <attribute name="Output T" value="4"/>
  <attribute name="Target GC Util Change" value ="20.000000" />
  <attribute name="Current GC Util Change" value="31.000000"/>
  <attribute name="GC Util currently" value="31" />
  <attribute name="CPU Util currently" value="339210889260" />
<allocation-satisfied id="1767" threadId="000000000177B800" bytesRequested="72" />
<af-end id="1768" timestamp="2019-06-17T06:59:28.068" threadId="000000000177C188" success="true" from="nursery"/>
<exclusive-end id="1769" timestamp="2019-06-17T06:59:28.068" durationms="3.584" />

<exclusive-start id="1770" timestamp="2019-06-17T06:59:28.108" intervalms="42.745">
  <response-info timems="0.067" idlems="0.036" threads="1" lastid="000000000146EF00" lastname="JIT Compilation Thread-1" />
</exclusive-start>
<af-start id="1771" threadId="0000000001787988" totalBytesRequested="16392" timestamp="2019-06-17T06:59:28.108" intervalms="42.649" type="nursery" />
<cycle-start id="1772" type="scavenge" contextid="0" timestamp="2019-06-17T06:59:28.108" intervalms="42.574" />
<gc-start id="1773" type="scavenge" contextid="1772" timestamp="2019-06-17T06:59:28.108">
  <mem-info id="1774" free="778384" total="12845056" percent="6">
    <mem type="nursery" free="0" total="6684672" percent="0">
      <mem type="allocate" free="0" total="5242880" percent="0" />
      <mem type="survivor" free="0" total="1441792" percent="0" />
    </mem>
    <mem type="tenure" free="778384" total="6160384" percent="12">
      <mem type="soa" free="529552" total="5853184" percent="9" />
      <mem type="loa" free="248832" total="307200" percent="81" />
    </mem>
    <remembered-set count="276" />
  </mem-info>
</gc-start>
<allocation-stats totalBytes="4397192" >
  <allocated-bytes non-tlh="264" tlh="4396928" />
  <largest-consumer threadName="PmdThread 3" threadId="0000000001783400" bytes="1689768" />
</allocation-stats>
<gc-op id="1775" type="scavenge" timems="2.097" contextid="1772" timestamp="2019-06-17T06:59:28.110">
  <scavenger-info tenureage="3" tenuremask="7ff8" tiltratio="78" />
  <memory-copied type="nursery" objects="13405" bytes="962504" bytesdiscarded="125952" />
  <memory-copied type="tenure" objects="298" bytes="10024" bytesdiscarded="0" />
  <references type="soft" candidates="5" cleared="0" enqueued="0" dynamicThreshold="8" maxThreshold="32" />
  <references type="weak" candidates="59" cleared="59" enqueued="59" />
  <references type="phantom" candidates="12" cleared="9" enqueued="9" />
</gc-op>
<gc-end id="1776" type="scavenge" contextid="1772" durationms="2.318" usertimems="4.000" systemtimems="0.000" timestamp="2019-06-17T06:59:28.110" activeThreads="4">
  <mem-info id="1777" free="4995072" total="12845056" percent="38">
    <mem type="nursery" free="4216688" total="6684672" percent="63">
      <mem type="allocate" free="4216688" total="5308416" percent="79" />
      <mem type="survivor" free="0" total="1376256" percent="0" />
    </mem>
    <mem type="tenure" free="778384" total="6160384" percent="12">
      <mem type="soa" free="529552" total="5853184" percent="9" />
      <mem type="loa" free="248832" total="307200" percent="81" />
    </mem>
    <pending-finalizers system="0" default="0" reference="68" classloader="0" />
    <remembered-set count="231" />
  </mem-info>
</gc-end>
<cycle-end id="1778" type="scavenge" contextid="1772" timestamp="2019-06-17T06:59:28.110" />
  <attribute name="elasticGC enabled" value="1" />
  <attribute name= "numThreadsSpecified" value="4" />
  <attribute name="heapSize specified" value="12582912" />
  <attribute name="Current GC Util" value="10" />
  <attribute name= "Current Time Running" value="3257" />
  <attribute name ="GC Interval" value="200" />
  <attribute name="ProportionalT" value="-10.000000" />
  <attribute name="ProportionalI" value="-10.000000" />
  <attribute name="ProportionalH" value="-10.000000" />
  <attribute name="Current Error" value="-10.000000" />
  <attribute name="IntegralT" value="-420.000000" />
  <attribute name="IntegralI" value="-420.000000" />
  <attribute name="IntegralH" value="-420.000000" />
  <attribute name="DerivativeT" value="-0.500000" />
  <attribute name="DerivativeI" value="-0.500000" />
  <attribute name="DerivativeH" value="-0.500000" />
  <attribute name="Loop Time for DT" value="42.000000" />
  <attribute name="Output H" value="2092630016"/>
  <attribute name="Output I" value="200"/>
  <attribute name="Output T" value="4"/>
  <attribute name="Target GC Util Change" value ="20.000000" />
  <attribute name="Current GC Util Change" value="10.000000"/>
  <attribute name="GC Util currently" value="10" />
  <attribute name="CPU Util currently" value="108339681546" />
<allocation-satisfied id="1779" threadId="0000000001787000" bytesRequested="16392" />
<af-end id="1780" timestamp="2019-06-17T06:59:28.110" threadId="0000000001787988" success="true" from="nursery"/>
<exclusive-end id="1781" timestamp="2019-06-17T06:59:28.111" durationms="2.958" />

<exclusive-start id="1782" timestamp="2019-06-17T06:59:28.145" intervalms="37.631">
  <response-info timems="0.041" idlems="0.022" threads="1" lastid="0000000001787000" lastname="PmdThread 4" />
</exclusive-start>
<af-start id="1783" threadId="0000000001783D88" totalBytesRequested="56" timestamp="2019-06-17T06:59:28.145" intervalms="37.623" type="nursery" />
<cycle-start id="1784" type="scavenge" contextid="0" timestamp="2019-06-17T06:59:28.145" intervalms="37.653" />
<gc-start id="1785" type="scavenge" contextid="1784" timestamp="2019-06-17T06:59:28.145">
  <mem-info id="1786" free="777408" total="12845056" percent="6">
    <mem type="nursery" free="0" total="6684672" percent="0">
      <mem type="allocate" free="0" total="5308416" percent="0" />
      <mem type="survivor" free="0" total="1376256" percent="0" />
    </mem>
    <mem type="tenure" free="777408" total="6160384" percent="12">
      <mem type="soa" free="528576" total="5853184" percent="9" />
      <mem type="loa" free="248832" total="307200" percent="81" />
    </mem>
    <remembered-set count="290" />
  </mem-info>
</gc-start>
<allocation-stats totalBytes="4215024" >
  <allocated-bytes non-tlh="17368" tlh="4197656" />
  <largest-consumer threadName="PmdThread 4" threadId="0000000001787000" bytes="1372112" />
</allocation-stats>
<gc-op id="1787" type="scavenge" timems="2.708" contextid="1784" timestamp="2019-06-17T06:59:28.148">
  <scavenger-info tenureage="3" tenuremask="7ff8" tiltratio="79" />
  <memory-copied type="nursery" objects="15879" bytes="1113920" bytesdiscarded="146296" />
  <memory-copied type="tenure" objects="295" bytes="17064" bytesdiscarded="40" />
  <references type="soft" candidates="5" cleared="0" enqueued="0" dynamicThreshold="8" maxThreshold="32" />
  <references type="weak" candidates="50" cleared="49" enqueued="49" />
  <references type="phantom" candidates="18" cleared="12" enqueued="12" />
</gc-op>
<gc-end id="1788" type="scavenge" contextid="1784" durationms="2.889" usertimems="0.000" systemtimems="4.000" timestamp="2019-06-17T06:59:28.148" activeThreads="4">
  <mem-info id="1789" free="4782632" total="12845056" percent="37">
    <mem type="nursery" free="4047432" total="6684672" percent="60">
      <mem type="allocate" free="4047432" total="5308416" percent="76" />
      <mem type="survivor" free="0" total="1376256" percent="0" />
    </mem>
    <mem type="tenure" free="735200" total="6160384" percent="11">
      <mem type="soa" free="486368" total="5853184" percent="8" />
      <mem type="loa" free="248832" total="307200" percent="81" />
    </mem>
    <pending-finalizers system="0" default="0" reference="61" classloader="0" />
    <remembered-set count="257" />
  </mem-info>
</gc-end>
<cycle-end id="1790" type="scavenge" contextid="1784" timestamp="2019-06-17T06:59:28.148" />
  <attribute name="elasticGC enabled" value="1" />
  <attribute name= "numThreadsSpecified" value="4" />
  <attribute name="heapSize specified" value="12582912" />
  <attribute name="Current GC Util" value="11" />
  <attribute name= "Current Time Running" value="3295" />
  <attribute name ="GC Interval" value="200" />
  <attribute name="ProportionalT" value="-9.000000" />
  <attribute name="ProportionalI" value="-9.000000" />
  <attribute name="ProportionalH" value="-9.000000" />
  <attribute name="Current Error" value="-9.000000" />
  <attribute name="IntegralT" value="-342.000000" />
  <attribute name="IntegralI" value="-342.000000" />
  <attribute name="IntegralH" value="-342.000000" />
  <attribute name="DerivativeT" value="-0.236842" />
  <attribute name="DerivativeI" value="-0.236842" />
  <attribute name="DerivativeH" value="-0.236842" />
  <attribute name="Loop Time for DT" value="38.000000" />
  <attribute name="Output H" value="2092630016"/>
  <attribute name="Output I" value="200"/>
  <attribute name="Output T" value="4"/>
  <attribute name="Target GC Util Change" value ="20.000000" />
  <attribute name="Current GC Util Change" value="11.000000"/>
  <attribute name="GC Util currently" value="11" />
  <attribute name="CPU Util currently" value="122486590128" />
<allocation-satisfied id="1791" threadId="0000000001783400" bytesRequested="56" />
<af-end id="1792" timestamp="2019-06-17T06:59:28.149" threadId="0000000001783D88" success="true" from="nursery"/>
<exclusive-end id="1793" timestamp="2019-06-17T06:59:28.149" durationms="3.483" />

<exclusive-start id="1794" timestamp="2019-06-17T06:59:28.182" intervalms="36.735">
  <response-info timems="0.067" idlems="0.035" threads="2" lastid="0000000001777C00" lastname="PmdThread 1" />
</exclusive-start>
<af-start id="1795" threadId="0000000001787988" totalBytesRequested="24" timestamp="2019-06-17T06:59:28.182" intervalms="36.732" type="nursery" />
<cycle-start id="1796" type="scavenge" contextid="0" timestamp="2019-06-17T06:59:28.182" intervalms="36.725" />
<gc-start id="1797" type="scavenge" contextid="1796" timestamp="2019-06-17T06:59:28.182">
  <mem-info id="1798" free="731128" total="12845056" percent="5">
    <mem type="nursery" free="0" total="6684672" percent="0">
      <mem type="allocate" free="0" total="5308416" percent="0" />
      <mem type="survivor" free="0" total="1376256" percent="0" />
    </mem>
    <mem type="tenure" free="731128" total="6160384" percent="11">
      <mem type="soa" free="482296" total="5853184" percent="8" />
      <mem type="loa" free="248832" total="307200" percent="81" />
    </mem>
    <remembered-set count="385" />
  </mem-info>
</gc-start>
<allocation-stats totalBytes="4049312" >
  <allocated-bytes non-tlh="4128" tlh="4045184" />
  <largest-consumer threadName="PmdThread 4" threadId="0000000001787000" bytes="1669944" />
</allocation-stats>
<gc-op id="1799" type="scavenge" timems="2.998" contextid="1796" timestamp="2019-06-17T06:59:28.185">
  <scavenger-info tenureage="3" tenuremask="7ff8" tiltratio="79" />
  <memory-copied type="nursery" objects="19174" bytes="1238576" bytesdiscarded="132496" />
  <memory-copied type="tenure" objects="233" bytes="9568" bytesdiscarded="0" />
  <references type="weak" candidates="73" cleared="73" enqueued="73" />
  <references type="phantom" candidates="28" cleared="17" enqueued="17" />
</gc-op>
<heap-resize id="1800" type="expand" space="nursery" amount="393216" count="1" timems="0.015" reason="excessive time being spent scavenging" timestamp="2019-06-17T06:59:28.185" />
<gc-end id="1801" type="scavenge" contextid="1796" durationms="3.288" usertimems="4.000" systemtimems="4.000" timestamp="2019-06-17T06:59:28.185" activeThreads="4">
  <mem-info id="1802" free="4757272" total="13238272" percent="35">
    <mem type="nursery" free="4065312" total="7077888" percent="57">
      <mem type="allocate" free="4065312" total="5439488" percent="74" />
      <mem type="survivor" free="0" total="1638400" percent="0" />
    </mem>
    <mem type="tenure" free="691960" total="6160384" percent="11">
      <mem type="soa" free="443128" total="5853184" percent="7" />
      <mem type="loa" free="248832" total="307200" percent="81" />
    </mem>
    <pending-finalizers system="0" default="0" reference="90" classloader="0" />
    <remembered-set count="347" />
  </mem-info>
</gc-end>
<cycle-end id="1803" type="scavenge" contextid="1796" timestamp="2019-06-17T06:59:28.186" />
  <attribute name="elasticGC enabled" value="1" />
  <attribute name= "numThreadsSpecified" value="4" />
  <attribute name="heapSize specified" value="12582912" />
  <attribute name="Current GC Util" value="16" />
  <attribute name= "Current Time Running" value="3332" />
  <attribute name ="GC Interval" value="200" />
  <attribute name="ProportionalT" value="-4.000000" />
  <attribute name="ProportionalI" value="-4.000000" />
  <attribute name="ProportionalH" value="-4.000000" />
  <attribute name="Current Error" value="-4.000000" />
  <attribute name="IntegralT" value="-148.000000" />
  <attribute name="IntegralI" value="-148.000000" />
  <attribute name="IntegralH" value="-148.000000" />
  <attribute name="DerivativeT" value="-0.108108" />
  <attribute name="DerivativeI" value="-0.108108" />
  <attribute name="DerivativeH" value="-0.108108" />
  <attribute name="Loop Time for DT" value="37.000000" />
  <attribute name="Output H" value="2092630016"/>
  <attribute name="Output I" value="200"/>
  <attribute name="Output T" value="4"/>
  <attribute name="Target GC Util Change" value ="20.000000" />
  <attribute name="Current GC Util Change" value="16.000000"/>
  <attribute name="GC Util currently" value="16" />
  <attribute name="CPU Util currently" value="125528575808" />
<allocation-satisfied id="1804" threadId="0000000001787000" bytesRequested="24" />
<af-end id="1805" timestamp="2019-06-17T06:59:28.186" threadId="0000000001787988" success="true" from="nursery"/>
<exclusive-end id="1806" timestamp="2019-06-17T06:59:28.186" durationms="3.744" />

<exclusive-start id="1807" timestamp="2019-06-17T06:59:28.220" intervalms="37.999">
  <response-info timems="0.434" idlems="0.387" threads="2" lastid="000000000177B800" lastname="PmdThread 2" />
</exclusive-start>
<af-start id="1808" threadId="0000000001778588" totalBytesRequested="8200" timestamp="2019-06-17T06:59:28.220" intervalms="37.996" type="nursery" />
<cycle-start id="1809" type="scavenge" contextid="0" timestamp="2019-06-17T06:59:28.220" intervalms="37.995" />
<gc-start id="1810" type="scavenge" contextid="1809" timestamp="2019-06-17T06:59:28.220">
  <mem-info id="1811" free="693632" total="13238272" percent="5">
    <mem type="nursery" free="2080" total="7077888" percent="0">
      <mem type="allocate" free="2080" total="5439488" percent="0" />
      <mem type="survivor" free="0" total="1638400" percent="0" />
    </mem>
    <mem type="tenure" free="691552" total="6160384" percent="11">
      <mem type="soa" free="442720" total="5853184" percent="7" />
      <mem type="loa" free="248832" total="307200" percent="81" />
    </mem>
    <remembered-set count="395" />
  </mem-info>
</gc-start>
<allocation-stats totalBytes="4058472" >
  <allocated-bytes non-tlh="432" tlh="4058040" />
  <largest-consumer threadName="PmdThread 4" threadId="0000000001787000" bytes="1629352" />
</allocation-stats>
<gc-op id="1812" type="scavenge" timems="1.144" contextid="1809" timestamp="2019-06-17T06:59:28.221">
  <scavenger-info tenureage="3" tenuremask="7ff8" tiltratio="76" />
  <memory-copied type="nursery" objects="20565" bytes="1332328" bytesdiscarded="70480" />
  <memory-copied type="tenure" objects="294" bytes="10288" bytesdiscarded="0" />
  <references type="weak" candidates="136" cleared="135" enqueued="135" />
  <references type="phantom" candidates="20" cleared="11" enqueued="11" />
</gc-op>
<gc-end id="1813" type="scavenge" contextid="1809" durationms="1.368" usertimems="0.000" systemtimems="0.000" timestamp="2019-06-17T06:59:28.222" activeThreads="4">
  <mem-info id="1814" free="4754088" total="13238272" percent="35">
    <mem type="nursery" free="4101704" total="7077888" percent="57">
      <mem type="allocate" free="4101704" total="5505024" percent="74" />
      <mem type="survivor" free="0" total="1572864" percent="0" />
    </mem>
    <mem type="tenure" free="652384" total="6160384" percent="10">
      <mem type="soa" free="403552" total="5853184" percent="6" />
      <mem type="loa" free="248832" total="307200" percent="81" />
    </mem>
    <pending-finalizers system="0" default="0" reference="146" classloader="0" />
    <remembered-set count="327" />
  </mem-info>
</gc-end>
<cycle-end id="1815" type="scavenge" contextid="1809" timestamp="2019-06-17T06:59:28.222" />
  <attribute name="elasticGC enabled" value="1" />
  <attribute name= "numThreadsSpecified" value="4" />
  <attribute name="heapSize specified" value="12582912" />
  <attribute name="Current GC Util" value="15" />
  <attribute name= "Current Time Running" value="3370" />
  <attribute name ="GC Interval" value="200" />
  <attribute name="ProportionalT" value="-5.000000" />
  <attribute name="ProportionalI" value="-5.000000" />
  <attribute name="ProportionalH" value="-5.000000" />
  <attribute name="Current Error" value="-5.000000" />
  <attribute name="IntegralT" value="-190.000000" />
  <attribute name="IntegralI" value="-190.000000" />
  <attribute name="IntegralH" value="-190.000000" />
  <attribute name="DerivativeT" value="-0.131579" />
  <attribute name="DerivativeI" value="-0.131579" />
  <attribute name="DerivativeH" value="-0.131579" />
  <attribute name="Loop Time for DT" value="38.000000" />
  <attribute name="Output H" value="2092630016"/>
  <attribute name="Output I" value="200"/>
  <attribute name="Output T" value="4"/>
  <attribute name="Target GC Util Change" value ="20.000000" />
  <attribute name="Current GC Util Change" value="15.000000"/>
  <attribute name="GC Util currently" value="15" />
  <attribute name="CPU Util currently" value="121389138344" />
<allocation-satisfied id="1816" threadId="0000000001777C00" bytesRequested="8200" />
<af-end id="1817" timestamp="2019-06-17T06:59:28.222" threadId="0000000001778588" success="true" from="nursery"/>
<exclusive-end id="1818" timestamp="2019-06-17T06:59:28.222" durationms="1.880" />

<exclusive-start id="1819" timestamp="2019-06-17T06:59:28.234" intervalms="14.407">
  <response-info timems="0.069" idlems="0.069" threads="0" lastid="0000000001777C00" lastname="PmdThread 1" />
</exclusive-start>
<af-start id="1820" threadId="0000000001778588" totalBytesRequested="16392" timestamp="2019-06-17T06:59:28.234" intervalms="14.388" type="nursery" />
<cycle-start id="1821" type="scavenge" contextid="0" timestamp="2019-06-17T06:59:28.234" intervalms="14.392" />
<gc-start id="1822" type="scavenge" contextid="1821" timestamp="2019-06-17T06:59:28.235">
  <mem-info id="1823" free="652056" total="13238272" percent="4">
    <mem type="nursery" free="0" total="7077888" percent="0">
      <mem type="allocate" free="0" total="5505024" percent="0" />
      <mem type="survivor" free="0" total="1572864" percent="0" />
    </mem>
    <mem type="tenure" free="652056" total="6160384" percent="10">
      <mem type="soa" free="403224" total="5853184" percent="6" />
      <mem type="loa" free="248832" total="307200" percent="81" />
    </mem>
    <remembered-set count="372" />
  </mem-info>
</gc-start>
<allocation-stats totalBytes="4095880" >
  <allocated-bytes non-tlh="8528" tlh="4087352" />
  <largest-consumer threadName="PmdThread 2" threadId="000000000177B800" bytes="1669928" />
</allocation-stats>
<gc-op id="1824" type="scavenge" timems="1.054" contextid="1821" timestamp="2019-06-17T06:59:28.236">
  <scavenger-info tenureage="3" tenuremask="7ff8" tiltratio="77" />
  <memory-copied type="nursery" objects="11815" bytes="814512" bytesdiscarded="237368" />
  <memory-copied type="tenure" objects="9796" bytes="542800" bytesdiscarded="272" />
  <references type="soft" candidates="11" cleared="0" enqueued="0" dynamicThreshold="8" maxThreshold="32" />
  <references type="weak" candidates="121" cleared="121" enqueued="121" />
  <references type="phantom" candidates="14" cleared="8" enqueued="8" />
  <heap-resize type="expand" space="tenure" amount="131072" count="2" timems="0.026" reason="continue current collection" />
</gc-op>
<gc-end id="1825" type="scavenge" contextid="1821" durationms="1.257" usertimems="4.000" systemtimems="0.000" timestamp="2019-06-17T06:59:28.236" activeThreads="4">
  <mem-info id="1826" free="4772656" total="13369344" percent="35">
    <mem type="nursery" free="4516656" total="7077888" percent="63">
      <mem type="allocate" free="4516656" total="5570560" percent="81" />
      <mem type="survivor" free="0" total="1507328" percent="0" />
    </mem>
    <mem type="tenure" free="256000" total="6291456" percent="4">
      <mem type="soa" free="0" total="5977088" percent="0" />
      <mem type="loa" free="256000" total="314368" percent="81" />
    </mem>
    <pending-finalizers system="0" default="0" reference="129" classloader="0" />
    <remembered-set count="631" />
  </mem-info>
</gc-end>
<cycle-end id="1827" type="scavenge" contextid="1821" timestamp="2019-06-17T06:59:28.236" />
  <attribute name="elasticGC enabled" value="1" />
  <attribute name= "numThreadsSpecified" value="4" />
  <attribute name="heapSize specified" value="12582912" />
  <attribute name="Current GC Util" value="18" />
  <attribute name= "Current Time Running" value="3384" />
  <attribute name ="GC Interval" value="200" />
  <attribute name="ProportionalT" value="-2.000000" />
  <attribute name="ProportionalI" value="-2.000000" />
  <attribute name="ProportionalH" value="-2.000000" />
  <attribute name="Current Error" value="-2.000000" />
  <attribute name="IntegralT" value="-28.000000" />
  <attribute name="IntegralI" value="-28.000000" />
  <attribute name="IntegralH" value="-28.000000" />
  <attribute name="DerivativeT" value="-0.142857" />
  <attribute name="DerivativeI" value="-0.142857" />
  <attribute name="DerivativeH" value="-0.142857" />
  <attribute name="Loop Time for DT" value="14.000000" />
  <attribute name="Output H" value="2092630016"/>
  <attribute name="Output I" value="200"/>
  <attribute name="Output T" value="4"/>
  <attribute name="Target GC Util Change" value ="20.000000" />
  <attribute name="Current GC Util Change" value="18.000000"/>
  <attribute name="GC Util currently" value="18" />
  <attribute name="CPU Util currently" value="320444924400" />
<allocation-satisfied id="1828" threadId="0000000001777C00" bytesRequested="16392" />
<af-end id="1829" timestamp="2019-06-17T06:59:28.236" threadId="0000000001778588" success="true" from="nursery"/>
<exclusive-end id="1830" timestamp="2019-06-17T06:59:28.236" durationms="1.687" />

<concurrent-kickoff id="1831" timestamp="2019-06-17T06:59:28.254">
  <kickoff reason="threshold reached" targetBytes="1986256" thresholdFreeBytes="275622"  remainingFree="183088" tenureFreeBytes="256000" nurseryFreeBytes="183088" />
</concurrent-kickoff>
<exclusive-start id="1832" timestamp="2019-06-17T06:59:28.254" intervalms="19.866">
  <response-info timems="0.071" idlems="0.071" threads="0" lastid="000000000177B800" lastname="PmdThread 2" />
</exclusive-start>
<cycle-start id="1833" type="global" contextid="0" timestamp="2019-06-17T06:59:28.254" intervalms="326.529" />
<exclusive-end id="1834" timestamp="2019-06-17T06:59:28.254" durationms="0.088" />

<exclusive-start id="1835" timestamp="2019-06-17T06:59:28.256" intervalms="1.451">
  <response-info timems="0.160" idlems="0.088" threads="1" lastid="0000000001787000" lastname="PmdThread 4" />
</exclusive-start>
<af-start id="1836" threadId="0000000001778588" totalBytesRequested="16" timestamp="2019-06-17T06:59:28.256" intervalms="21.332" type="nursery" />
<cycle-start id="1837" type="scavenge" contextid="0" timestamp="2019-06-17T06:59:28.256" intervalms="21.324" />
<gc-start id="1838" type="scavenge" contextid="1837" timestamp="2019-06-17T06:59:28.256">
  <mem-info id="1839" free="256000" total="13369344" percent="1">
    <mem type="nursery" free="0" total="7077888" percent="0">
      <mem type="allocate" free="0" total="5570560" percent="0" />
      <mem type="survivor" free="0" total="1507328" percent="0" />
    </mem>
    <mem type="tenure" free="256000" total="6291456" percent="4">
      <mem type="soa" free="0" total="5977088" percent="0" />
      <mem type="loa" free="256000" total="314368" percent="81" />
    </mem>
    <remembered-set count="686" />
  </mem-info>
</gc-start>
<allocation-stats totalBytes="4514216" >
  <allocated-bytes non-tlh="16392" tlh="4497824" />
  <largest-consumer threadName="PmdThread 4" threadId="0000000001787000" bytes="1658360" />
</allocation-stats>
<gc-op id="1840" type="scavenge" timems="0.804" contextid="1837" timestamp="2019-06-17T06:59:28.257">
  <scavenger-info tenureage="3" tenuremask="7ff8" tiltratio="78" />
  <memory-copied type="nursery" objects="7965" bytes="660760" bytesdiscarded="134256" />
  <memory-copied type="tenure" objects="5674" bytes="256472" bytesdiscarded="904" />
  <references type="soft" candidates="11" cleared="0" enqueued="0" dynamicThreshold="8" maxThreshold="32" />
  <references type="weak" candidates="114" cleared="114" enqueued="114" />
  <references type="phantom" candidates="21" cleared="18" enqueued="18" />
  <heap-resize type="expand" space="tenure" amount="393216" count="6" timems="0.057" reason="continue current collection" />
</gc-op>
<gc-end id="1841" type="scavenge" contextid="1837" durationms="1.000" usertimems="0.000" systemtimems="4.000" timestamp="2019-06-17T06:59:28.257" activeThreads="4">
  <mem-info id="1842" free="5174408" total="13762560" percent="37">
    <mem type="nursery" free="4840584" total="7077888" percent="68">
      <mem type="allocate" free="4840584" total="5636096" percent="85" />
      <mem type="survivor" free="0" total="1441792" percent="0" />
    </mem>
    <mem type="tenure" free="333824" total="6684672" percent="4">
      <mem type="soa" free="0" total="6350848" percent="0" />
      <mem type="loa" free="333824" total="333824" percent="100" />
    </mem>
    <pending-finalizers system="0" default="0" reference="132" classloader="0" />
    <remembered-set count="338" />
  </mem-info>
</gc-end>
<cycle-end id="1843" type="scavenge" contextid="1837" timestamp="2019-06-17T06:59:28.257" />
  <attribute name="elasticGC enabled" value="1" />
  <attribute name= "numThreadsSpecified" value="4" />
  <attribute name="heapSize specified" value="12582912" />
  <attribute name="Current GC Util" value="14" />
  <attribute name= "Current Time Running" value="3405" />
  <attribute name ="GC Interval" value="200" />
  <attribute name="ProportionalT" value="-6.000000" />
  <attribute name="ProportionalI" value="-6.000000" />
  <attribute name="ProportionalH" value="-6.000000" />
  <attribute name="Current Error" value="-6.000000" />
  <attribute name="IntegralT" value="-126.000000" />
  <attribute name="IntegralI" value="-126.000000" />
  <attribute name="IntegralH" value="-126.000000" />
  <attribute name="DerivativeT" value="-0.285714" />
  <attribute name="DerivativeI" value="-0.285714" />
  <attribute name="DerivativeH" value="-0.285714" />
  <attribute name="Loop Time for DT" value="21.000000" />
  <attribute name="Output H" value="2092630016"/>
  <attribute name="Output I" value="200"/>
  <attribute name="Output T" value="4"/>
  <attribute name="Target GC Util Change" value ="20.000000" />
  <attribute name="Current GC Util Change" value="14.000000"/>
  <attribute name="GC Util currently" value="14" />
  <attribute name="CPU Util currently" value="216218414124" />
<allocation-satisfied id="1844" threadId="0000000001777C00" bytesRequested="16" />
<af-end id="1845" timestamp="2019-06-17T06:59:28.257" threadId="0000000001778588" success="true" from="nursery"/>
<exclusive-end id="1846" timestamp="2019-06-17T06:59:28.257" durationms="1.444" />

<exclusive-start id="1847" timestamp="2019-06-17T06:59:28.259" intervalms="3.614">
  <response-info timems="0.037" idlems="0.037" threads="0" lastid="0000000001777C00" lastname="PmdThread 1" />
</exclusive-start>
<af-start id="1848" threadId="0000000001778588" totalBytesRequested="88" timestamp="2019-06-17T06:59:28.259" intervalms="3.593" type="tenure" />
<gc-start id="1849" type="global" contextid="1833" timestamp="2019-06-17T06:59:28.259">
  <mem-info id="1850" free="4674680" total="13762560" percent="33">
    <mem type="nursery" free="4340856" total="7077888" percent="61">
      <mem type="allocate" free="4340856" total="5636096" percent="77" />
      <mem type="survivor" free="0" total="1441792" percent="0" />
    </mem>
    <mem type="tenure" free="333824" total="6684672" percent="4">
      <mem type="soa" free="0" total="6350848" percent="0" />
      <mem type="loa" free="333824" total="333824" percent="100" />
    </mem>
    <remembered-set count="343" />
  </mem-info>
</gc-start>
<allocation-stats totalBytes="499608" >
  <allocated-bytes non-tlh="16" tlh="499592" />
  <largest-consumer threadName="PmdThread 2" threadId="000000000177B800" bytes="184280" />
</allocation-stats>
<concurrent-halted id="1851" timestamp="2019-06-17T06:59:28.260">
  <halted state="Complete" status="trace only" />
  <traced bytesTarget="2090488" bytesTotal="861996" bytesByMutator="349540" bytesByHelper="512456" percent="41" />
  <cards cleaned="0" thresholdBytes="108578" />
</concurrent-halted>
<gc-op id="1852" type="rs-scan" timems="0.176" contextid="1833" timestamp="2019-06-17T06:59:28.260">
  <scan objectsFound="64" bytesTraced="4656" workStackOverflowCount="0" />
</gc-op>
<gc-op id="1853" type="card-cleaning" timems="1.020" contextid="1833" timestamp="2019-06-17T06:59:28.261">
  <card-cleaning cardsCleaned="51" bytesTraced="1345972" workStackOverflowCount="0" />
</gc-op>
<gc-op id="1854" type="mark" timems="0.529" contextid="1833" timestamp="2019-06-17T06:59:28.261">
  <trace-info objectcount="3052" scancount="2654" scanbytes="91112" />
  <finalization candidates="57" enqueued="0" />
  <ownableSynchronizers candidates="8" cleared="0" />
  <references type="soft" candidates="241" cleared="0" enqueued="0" dynamicThreshold="8" maxThreshold="32" />
  <references type="weak" candidates="657" cleared="1" enqueued="1" />
  <references type="phantom" candidates="76" cleared="1" enqueued="1" />
  <stringconstants candidates="5029" cleared="0"  />
</gc-op>
<gc-op id="1855" type="sweep" timems="0.254" contextid="1833" timestamp="2019-06-17T06:59:28.262" />
<mem-info id="1856" free="7579232" total="13762560" percent="55">
  <mem type="nursery" free="4811456" total="7077888" percent="67">
    <mem type="allocate" free="4811456" total="5636096" percent="85" />
    <mem type="survivor" free="0" total="1441792" percent="0" />
  </mem>
  <mem type="tenure" free="2767776" total="6684672" percent="41" micro-fragmented="50256" macro-fragmented="0">
    <mem type="soa" free="2433952" total="6350848" percent="38" />
    <mem type="loa" free="333824" total="333824" percent="100" />
  </mem>
  <pending-finalizers system="0" default="0" reference="2" classloader="0" />
  <remembered-set count="331" />
</mem-info>
<gc-op id="1857" type="compact" timems="13.707" contextid="1833" timestamp="2019-06-17T06:59:28.276">
  <compact-info movecount="73260" movebytes="3889488" reason="compact to aid heap contraction" />
</gc-op>
<heap-resize id="1858" type="contract" space="tenure" amount="327680" count="1" timems="0.011" reason="heap reconfiguration" timestamp="2019-06-17T06:59:28.276" />
<gc-end id="1859" type="global" contextid="1833" durationms="16.754" usertimems="12.000" systemtimems="8.000" timestamp="2019-06-17T06:59:28.276" activeThreads="4">
  <mem-info id="1860" free="7397952" total="13434880" percent="55">
    <mem type="nursery" free="4893448" total="7077888" percent="69">
      <mem type="allocate" free="4893448" total="5636096" percent="86" />
      <mem type="survivor" free="0" total="1441792" percent="0" />
    </mem>
    <mem type="tenure" free="2504504" total="6356992" percent="39">
      <mem type="soa" free="2193208" total="6039552" percent="36" />
      <mem type="loa" free="311296" total="317440" percent="98" />
    </mem>
    <pending-finalizers system="0" default="0" reference="2" classloader="0" />
    <remembered-set count="331" />
  </mem-info>
</gc-end>
<cycle-end id="1861" type="global" contextid="1833" timestamp="2019-06-17T06:59:28.276" />
  <attribute name="elasticGC enabled" value="1" />
  <attribute name= "numThreadsSpecified" value="4" />
  <attribute name="heapSize specified" value="13762560" />
  <attribute name="Current GC Util" value="28" />
  <attribute name= "Current Time Running" value="3425" />
  <attribute name ="GC Interval" value="200" />
  <attribute name="ProportionalT" value="8.000000" />
  <attribute name="ProportionalI" value="8.000000" />
  <attribute name="ProportionalH" value="8.000000" />
  <attribute name="Current Error" value="8.000000" />
  <attribute name="IntegralT" value="112.000000" />
  <attribute name="IntegralI" value="112.000000" />
  <attribute name="IntegralH" value="112.000000" />
  <attribute name="DerivativeT" value="0.500000" />
  <attribute name="DerivativeI" value="0.500000" />
  <attribute name="DerivativeH" value="0.500000" />
  <attribute name="Loop Time for DT" value="14.000000" />
  <attribute name="Output H" value="8388608"/>
  <attribute name="Output I" value="200"/>
  <attribute name="Output T" value="4"/>
  <attribute name="Target GC Util Change" value ="20.000000" />
  <attribute name="Current GC Util Change" value="28.000000"/>
  <attribute name="GC Util currently" value="28" />
  <attribute name="CPU Util currently" value="332333479481" />
<allocation-satisfied id="1862" threadId="0000000001777C00" bytesRequested="88" />
<af-end id="1863" timestamp="2019-06-17T06:59:28.277" threadId="0000000001778588" success="true" from="tenure-soa"/>
<exclusive-end id="1864" timestamp="2019-06-17T06:59:28.277" durationms="17.505" />

<exclusive-start id="1865" timestamp="2019-06-17T06:59:28.305" intervalms="45.404">
  <response-info timems="0.142" idlems="0.142" threads="0" lastid="000000000177B800" lastname="PmdThread 2" />
</exclusive-start>
<af-start id="1866" threadId="000000000177C188" totalBytesRequested="1968" timestamp="2019-06-17T06:59:28.305" intervalms="45.452" type="nursery" />
<cycle-start id="1867" type="scavenge" contextid="0" timestamp="2019-06-17T06:59:28.305" intervalms="49.053" />
<gc-start id="1868" type="scavenge" contextid="1867" timestamp="2019-06-17T06:59:28.305">
  <mem-info id="1869" free="2503536" total="13434880" percent="18">
    <mem type="nursery" free="0" total="7077888" percent="0">
      <mem type="allocate" free="0" total="5636096" percent="0" />
      <mem type="survivor" free="0" total="1441792" percent="0" />
    </mem>
    <mem type="tenure" free="2503536" total="6356992" percent="39">
      <mem type="soa" free="2192240" total="6039552" percent="36" />
      <mem type="loa" free="311296" total="317440" percent="98" />
    </mem>
    <remembered-set count="397" />
  </mem-info>
</gc-start>
<allocation-stats totalBytes="4865312" >
  <allocated-bytes non-tlh="1056" tlh="4864256" />
  <largest-consumer threadName="PmdThread 4" threadId="0000000001787000" bytes="1339520" />
</allocation-stats>
<gc-op id="1870" type="scavenge" timems="1.816" contextid="1867" timestamp="2019-06-17T06:59:28.307">
  <scavenger-info tenureage="3" tenuremask="7ff8" tiltratio="79" />
  <memory-copied type="nursery" objects="10453" bytes="911784" bytesdiscarded="94200" />
  <memory-copied type="tenure" objects="726" bytes="28472" bytesdiscarded="0" />
  <ownableSynchronizers candidates="16" cleared="16" />
  <references type="soft" candidates="13" cleared="0" enqueued="0" dynamicThreshold="12" maxThreshold="32" />
  <references type="weak" candidates="98" cleared="97" enqueued="97" />
  <references type="phantom" candidates="14" cleared="12" enqueued="12" />
</gc-op>
<gc-end id="1871" type="scavenge" contextid="1867" durationms="2.054" usertimems="4.000" systemtimems="0.000" timestamp="2019-06-17T06:59:28.307" activeThreads="4">
  <mem-info id="1872" free="7118512" total="13434880" percent="52">
    <mem type="nursery" free="4693312" total="7077888" percent="66">
      <mem type="allocate" free="4693312" total="5701632" percent="82" />
      <mem type="survivor" free="0" total="1376256" percent="0" />
    </mem>
    <mem type="tenure" free="2425200" total="6356992" percent="38">
      <mem type="soa" free="2113904" total="6039552" percent="35" />
      <mem type="loa" free="311296" total="317440" percent="98" />
    </mem>
    <pending-finalizers system="0" default="0" reference="109" classloader="0" />
    <remembered-set count="271" />
  </mem-info>
</gc-end>
<cycle-end id="1873" type="scavenge" contextid="1867" timestamp="2019-06-17T06:59:28.307" />
  <attribute name="elasticGC enabled" value="1" />
  <attribute name= "numThreadsSpecified" value="4" />
  <attribute name="heapSize specified" value="13762560" />
  <attribute name="Current GC Util" value="52" />
  <attribute name= "Current Time Running" value="3454" />
  <attribute name ="GC Interval" value="960" />
  <attribute name="ProportionalT" value="32.000000" />
  <attribute name="ProportionalI" value="32.000000" />
  <attribute name="ProportionalH" value="32.000000" />
  <attribute name="Current Error" value="32.000000" />
  <attribute name="IntegralT" value="928.000000" />
  <attribute name="IntegralI" value="928.000000" />
  <attribute name="IntegralH" value="928.000000" />
  <attribute name="DerivativeT" value="0.827586" />
  <attribute name="DerivativeI" value="0.827586" />
  <attribute name="DerivativeH" value="0.827586" />
  <attribute name="Loop Time for DT" value="29.000000" />
  <attribute name="Output H" value="8388608"/>
  <attribute name="Output I" value="960"/>
  <attribute name="Output T" value="4"/>
  <attribute name="Target GC Util Change" value ="20.000000" />
  <attribute name="Current GC Util Change" value="52.000000"/>
  <attribute name="GC Util currently" value="52" />
  <attribute name="CPU Util currently" value="157974108374" />
<allocation-satisfied id="1874" threadId="000000000177B800" bytesRequested="1968" />
<af-end id="1875" timestamp="2019-06-17T06:59:28.307" threadId="000000000177C188" success="true" from="nursery"/>
<exclusive-end id="1876" timestamp="2019-06-17T06:59:28.307" durationms="2.655" />

<exclusive-start id="1877" timestamp="2019-06-17T06:59:28.336" intervalms="31.034">
  <response-info timems="0.066" idlems="0.025" threads="2" lastid="0000000001777C00" lastname="PmdThread 1" />
</exclusive-start>
<af-start id="1878" threadId="0000000001783D88" totalBytesRequested="80" timestamp="2019-06-17T06:59:28.336" intervalms="31.021" type="nursery" />
<cycle-start id="1879" type="scavenge" contextid="0" timestamp="2019-06-17T06:59:28.336" intervalms="31.046" />
<gc-start id="1880" type="scavenge" contextid="1879" timestamp="2019-06-17T06:59:28.336">
  <mem-info id="1881" free="2423928" total="13434880" percent="18">
    <mem type="nursery" free="0" total="7077888" percent="0">
      <mem type="allocate" free="0" total="5701632" percent="0" />
      <mem type="survivor" free="0" total="1376256" percent="0" />
    </mem>
    <mem type="tenure" free="2423928" total="6356992" percent="38">
      <mem type="soa" free="2112632" total="6039552" percent="34" />
      <mem type="loa" free="311296" total="317440" percent="98" />
    </mem>
    <remembered-set count="385" />
  </mem-info>
</gc-start>
<allocation-stats totalBytes="4682440" >
  <allocated-bytes non-tlh="3240" tlh="4679200" />
  <largest-consumer threadName="PmdThread 2" threadId="000000000177B800" bytes="1745120" />
</allocation-stats>
<gc-op id="1882" type="scavenge" timems="1.390" contextid="1879" timestamp="2019-06-17T06:59:28.337">
  <scavenger-info tenureage="3" tenuremask="7ff8" tiltratio="80" />
  <memory-copied type="nursery" objects="12024" bytes="978624" bytesdiscarded="136536" />
  <memory-copied type="tenure" objects="327" bytes="12992" bytesdiscarded="0" />
  <finalization candidates="1" enqueued="0" />
  <references type="soft" candidates="2" cleared="0" enqueued="0" dynamicThreshold="12" maxThreshold="32" />
  <references type="weak" candidates="475" cleared="295" enqueued="233" />
  <references type="phantom" candidates="21" cleared="19" enqueued="19" />
</gc-op>
<gc-end id="1883" type="scavenge" contextid="1879" durationms="1.564" usertimems="0.000" systemtimems="0.000" timestamp="2019-06-17T06:59:28.338" activeThreads="4">
  <mem-info id="1884" free="6996696" total="13434880" percent="52">
    <mem type="nursery" free="4651104" total="7077888" percent="65">
      <mem type="allocate" free="4651104" total="5767168" percent="80" />
      <mem type="survivor" free="0" total="1310720" percent="0" />
    </mem>
    <mem type="tenure" free="2345592" total="6356992" percent="36">
      <mem type="soa" free="2034296" total="6039552" percent="33" />
      <mem type="loa" free="311296" total="317440" percent="98" />
    </mem>
    <pending-finalizers system="0" default="0" reference="252" classloader="0" />
    <remembered-set count="343" />
  </mem-info>
</gc-end>
<cycle-end id="1885" type="scavenge" contextid="1879" timestamp="2019-06-17T06:59:28.338" />
  <attribute name="elasticGC enabled" value="1" />
  <attribute name= "numThreadsSpecified" value="4" />
  <attribute name="heapSize specified" value="13762560" />
  <attribute name="Current GC Util" value="12" />
  <attribute name= "Current Time Running" value="3485" />
  <attribute name ="GC Interval" value="200" />
  <attribute name="ProportionalT" value="-8.000000" />
  <attribute name="ProportionalI" value="-8.000000" />
  <attribute name="ProportionalH" value="-8.000000" />
  <attribute name="Current Error" value="-8.000000" />
  <attribute name="IntegralT" value="-248.000000" />
  <attribute name="IntegralI" value="-248.000000" />
  <attribute name="IntegralH" value="-248.000000" />
  <attribute name="DerivativeT" value="-1.290323" />
  <attribute name="DerivativeI" value="-1.290323" />
  <attribute name="DerivativeH" value="-1.290323" />
  <attribute name="Loop Time for DT" value="31.000000" />
  <attribute name="Output H" value="2092630016"/>
  <attribute name="Output I" value="200"/>
  <attribute name="Output T" value="4"/>
  <attribute name="Target GC Util Change" value ="20.000000" />
  <attribute name="Current GC Util Change" value="12.000000"/>
  <attribute name="GC Util currently" value="12" />
  <attribute name="CPU Util currently" value="148725962351" />
<allocation-satisfied id="1886" threadId="0000000001783400" bytesRequested="80" />
<af-end id="1887" timestamp="2019-06-17T06:59:28.338" threadId="0000000001783D88" success="true" from="nursery"/>
<exclusive-end id="1888" timestamp="2019-06-17T06:59:28.338" durationms="2.043" />

<exclusive-start id="1889" timestamp="2019-06-17T06:59:28.371" intervalms="35.728">
  <response-info timems="0.076" idlems="0.076" threads="0" lastid="0000000001777C00" lastname="PmdThread 1" />
</exclusive-start>
<af-start id="1890" threadId="0000000001778588" totalBytesRequested="8200" timestamp="2019-06-17T06:59:28.372" intervalms="35.733" type="nursery" />
<cycle-start id="1891" type="scavenge" contextid="0" timestamp="2019-06-17T06:59:28.372" intervalms="35.687" />
<gc-start id="1892" type="scavenge" contextid="1891" timestamp="2019-06-17T06:59:28.372">
  <mem-info id="1893" free="2345592" total="13434880" percent="17">
    <mem type="nursery" free="0" total="7077888" percent="0">
      <mem type="allocate" free="0" total="5767168" percent="0" />
      <mem type="survivor" free="0" total="1310720" percent="0" />
    </mem>
    <mem type="tenure" free="2345592" total="6356992" percent="36">
      <mem type="soa" free="2034296" total="6039552" percent="33" />
      <mem type="loa" free="311296" total="317440" percent="98" />
    </mem>
    <remembered-set count="420" />
  </mem-info>
</gc-start>
<allocation-stats totalBytes="4626320" >
  <allocated-bytes non-tlh="80" tlh="4626240" />
  <largest-consumer threadName="PmdThread 1" threadId="0000000001777C00" bytes="1421328" />
</allocation-stats>
<gc-op id="1894" type="scavenge" timems="1.991" contextid="1891" timestamp="2019-06-17T06:59:28.374">
  <scavenger-info tenureage="3" tenuremask="7ff8" tiltratio="81" />
  <memory-copied type="nursery" objects="10075" bytes="922504" bytesdiscarded="119232" />
  <memory-copied type="tenure" objects="655" bytes="82480" bytesdiscarded="528" />
  <finalization candidates="1" enqueued="0" />
  <references type="soft" candidates="2" cleared="0" enqueued="0" dynamicThreshold="12" maxThreshold="32" />
  <references type="weak" candidates="273" cleared="92" enqueued="92" />
  <references type="phantom" candidates="23" cleared="18" enqueued="18" />
</gc-op>
<gc-end id="1895" type="scavenge" contextid="1891" durationms="2.221" usertimems="0.000" systemtimems="4.000" timestamp="2019-06-17T06:59:28.374" activeThreads="4">
  <mem-info id="1896" free="6935992" total="13434880" percent="51">
    <mem type="nursery" free="4724304" total="7077888" percent="66">
      <mem type="allocate" free="4724304" total="5767168" percent="81" />
      <mem type="survivor" free="0" total="1310720" percent="0" />
    </mem>
    <mem type="tenure" free="2211688" total="6356992" percent="34">
      <mem type="soa" free="1900392" total="6039552" percent="31" />
      <mem type="loa" free="311296" total="317440" percent="98" />
    </mem>
    <pending-finalizers system="0" default="0" reference="110" classloader="0" />
    <remembered-set count="405" />
  </mem-info>
</gc-end>
<cycle-end id="1897" type="scavenge" contextid="1891" timestamp="2019-06-17T06:59:28.374" />
  <attribute name="elasticGC enabled" value="1" />
  <attribute name= "numThreadsSpecified" value="4" />
  <attribute name="heapSize specified" value="13762560" />
  <attribute name="Current GC Util" value="8" />
  <attribute name= "Current Time Running" value="3521" />
  <attribute name ="GC Interval" value="200" />
  <attribute name="ProportionalT" value="-12.000000" />
  <attribute name="ProportionalI" value="-12.000000" />
  <attribute name="ProportionalH" value="-12.000000" />
  <attribute name="Current Error" value="-12.000000" />
  <attribute name="IntegralT" value="-432.000000" />
  <attribute name="IntegralI" value="-432.000000" />
  <attribute name="IntegralH" value="-432.000000" />
  <attribute name="DerivativeT" value="-0.333333" />
  <attribute name="DerivativeI" value="-0.333333" />
  <attribute name="DerivativeH" value="-0.333333" />
  <attribute name="Loop Time for DT" value="36.000000" />
  <attribute name="Output H" value="2092630016"/>
  <attribute name="Output I" value="200"/>
  <attribute name="Output T" value="4"/>
  <attribute name="Target GC Util Change" value ="20.000000" />
  <attribute name="Current GC Util Change" value="8.000000"/>
  <attribute name="GC Util currently" value="8" />
  <attribute name="CPU Util currently" value="128979694849" />
<allocation-satisfied id="1898" threadId="0000000001777C00" bytesRequested="8200" />
<af-end id="1899" timestamp="2019-06-17T06:59:28.374" threadId="0000000001778588" success="true" from="nursery"/>
<exclusive-end id="1900" timestamp="2019-06-17T06:59:28.374" durationms="2.782" />

<exclusive-start id="1901" timestamp="2019-06-17T06:59:28.407" intervalms="35.910">
  <response-info timems="0.034" idlems="0.034" threads="0" lastid="0000000001783400" lastname="PmdThread 3" />
</exclusive-start>
<af-start id="1902" threadId="0000000001783D88" totalBytesRequested="40" timestamp="2019-06-17T06:59:28.408" intervalms="35.988" type="nursery" />
<cycle-start id="1903" type="scavenge" contextid="0" timestamp="2019-06-17T06:59:28.408" intervalms="36.013" />
<gc-start id="1904" type="scavenge" contextid="1903" timestamp="2019-06-17T06:59:28.408">
  <mem-info id="1905" free="2211688" total="13434880" percent="16">
    <mem type="nursery" free="0" total="7077888" percent="0">
      <mem type="allocate" free="0" total="5767168" percent="0" />
      <mem type="survivor" free="0" total="1310720" percent="0" />
    </mem>
    <mem type="tenure" free="2211688" total="6356992" percent="34">
      <mem type="soa" free="1900392" total="6039552" percent="31" />
      <mem type="loa" free="311296" total="317440" percent="98" />
    </mem>
    <remembered-set count="473" />
  </mem-info>
</gc-start>
<allocation-stats totalBytes="4710296" >
  <allocated-bytes non-tlh="8200" tlh="4702096" />
  <largest-consumer threadName="PmdThread 1" threadId="0000000001777C00" bytes="1449992" />
</allocation-stats>
<gc-op id="1906" type="scavenge" timems="2.652" contextid="1903" timestamp="2019-06-17T06:59:28.410">
  <scavenger-info tenureage="3" tenuremask="7ff8" tiltratio="81" />
  <memory-copied type="nursery" objects="8893" bytes="831616" bytesdiscarded="82008" />
  <memory-copied type="tenure" objects="3630" bytes="190992" bytesdiscarded="16" />
  <finalization candidates="1" enqueued="0" />
  <references type="weak" candidates="296" cleared="116" enqueued="116" />
  <references type="phantom" candidates="24" cleared="20" enqueued="20" />
</gc-op>
<heap-resize id="1907" type="expand" space="nursery" amount="393216" count="1" timems="0.016" reason="excessive time being spent scavenging" timestamp="2019-06-17T06:59:28.411" />
<gc-end id="1908" type="scavenge" contextid="1903" durationms="3.051" usertimems="4.000" systemtimems="0.000" timestamp="2019-06-17T06:59:28.411" activeThreads="4">
  <mem-info id="1909" free="7225192" total="13828096" percent="52">
    <mem type="nursery" free="5180192" total="7471104" percent="69">
      <mem type="allocate" free="5180192" total="6094848" percent="84" />
      <mem type="survivor" free="0" total="1376256" percent="0" />
    </mem>
    <mem type="tenure" free="2045000" total="6356992" percent="32">
      <mem type="soa" free="1733704" total="6039552" percent="28" />
      <mem type="loa" free="311296" total="317440" percent="98" />
    </mem>
    <pending-finalizers system="0" default="0" reference="136" classloader="0" />
    <remembered-set count="346" />
  </mem-info>
</gc-end>
<cycle-end id="1910" type="scavenge" contextid="1903" timestamp="2019-06-17T06:59:28.411" />
  <attribute name="elasticGC enabled" value="1" />
  <attribute name= "numThreadsSpecified" value="4" />
  <attribute name="heapSize specified" value="13762560" />
  <attribute name="Current GC Util" value="13" />
  <attribute name= "Current Time Running" value="3557" />
  <attribute name ="GC Interval" value="200" />
  <attribute name="ProportionalT" value="-7.000000" />
  <attribute name="ProportionalI" value="-7.000000" />
  <attribute name="ProportionalH" value="-7.000000" />
  <attribute name="Current Error" value="-7.000000" />
  <attribute name="IntegralT" value="-252.000000" />
  <attribute name="IntegralI" value="-252.000000" />
  <attribute name="IntegralH" value="-252.000000" />
  <attribute name="DerivativeT" value="-0.194444" />
  <attribute name="DerivativeI" value="-0.194444" />
  <attribute name="DerivativeH" value="-0.194444" />
  <attribute name="Loop Time for DT" value="36.000000" />
  <attribute name="Output H" value="2092630016"/>
  <attribute name="Output I" value="200"/>
  <attribute name="Output T" value="4"/>
  <attribute name="Target GC Util Change" value ="20.000000" />
  <attribute name="Current GC Util Change" value="13.000000"/>
  <attribute name="GC Util currently" value="13" />
  <attribute name="CPU Util currently" value="128165425320" />
<allocation-satisfied id="1911" threadId="0000000001783400" bytesRequested="40" />
<af-end id="1912" timestamp="2019-06-17T06:59:28.411" threadId="0000000001783D88" success="true" from="nursery"/>
<exclusive-end id="1913" timestamp="2019-06-17T06:59:28.411" durationms="3.787" />

<exclusive-start id="1914" timestamp="2019-06-17T06:59:28.435" intervalms="28.073">
  <response-info timems="0.052" idlems="0.052" threads="0" lastid="0000000001777C00" lastname="PmdThread 1" />
</exclusive-start>
<af-start id="1915" threadId="0000000001778588" totalBytesRequested="16" timestamp="2019-06-17T06:59:28.436" intervalms="28.069" type="nursery" />
<cycle-start id="1916" type="scavenge" contextid="0" timestamp="2019-06-17T06:59:28.436" intervalms="28.115" />
<gc-start id="1917" type="scavenge" contextid="1916" timestamp="2019-06-17T06:59:28.436">
  <mem-info id="1918" free="2045000" total="13828096" percent="14">
    <mem type="nursery" free="0" total="7471104" percent="0">
      <mem type="allocate" free="0" total="6094848" percent="0" />
      <mem type="survivor" free="0" total="1376256" percent="0" />
    </mem>
    <mem type="tenure" free="2045000" total="6356992" percent="32">
      <mem type="soa" free="1733704" total="6039552" percent="28" />
      <mem type="loa" free="311296" total="317440" percent="98" />
    </mem>
    <remembered-set count="362" />
  </mem-info>
</gc-start>
<allocation-stats totalBytes="5179232" >
  <allocated-bytes non-tlh="40" tlh="5179192" />
  <largest-consumer threadName="PmdThread 2" threadId="000000000177B800" bytes="1924680" />
</allocation-stats>
<gc-op id="1919" type="scavenge" timems="2.133" contextid="1916" timestamp="2019-06-17T06:59:28.438">
  <scavenger-info tenureage="3" tenuremask="7ff8" tiltratio="81" />
  <memory-copied type="nursery" objects="23466" bytes="1372328" bytesdiscarded="360" />
  <memory-copied type="tenure" objects="12667" bytes="554648" bytesdiscarded="344" />
  <copy-failed type="nursery" objects="11569" bytes="507080" />
  <finalization candidates="1" enqueued="0" />
  <references type="weak" candidates="17" cleared="17" enqueued="17" />
  <references type="phantom" candidates="8" cleared="3" enqueued="3" />
</gc-op>
<gc-end id="1920" type="scavenge" contextid="1916" durationms="2.356" usertimems="8.000" systemtimems="0.000" timestamp="2019-06-17T06:59:28.438" activeThreads="4">
  <mem-info id="1921" free="4375856" total="13828096" percent="31">
    <mem type="nursery" free="2883584" total="7471104" percent="38">
      <mem type="allocate" free="2883584" total="4259840" percent="67" />
      <mem type="survivor" free="0" total="3211264" percent="0" />
    </mem>
    <mem type="tenure" free="1492272" total="6356992" percent="23">
      <mem type="soa" free="1180976" total="6039552" percent="19" />
      <mem type="loa" free="311296" total="317440" percent="98" />
    </mem>
    <pending-finalizers system="0" default="0" reference="20" classloader="0" />
    <remembered-set count="5015" />
  </mem-info>
</gc-end>
<cycle-end id="1922" type="scavenge" contextid="1916" timestamp="2019-06-17T06:59:28.438" />
  <attribute name="elasticGC enabled" value="1" />
  <attribute name= "numThreadsSpecified" value="4" />
  <attribute name="heapSize specified" value="13762560" />
  <attribute name="Current GC Util" value="15" />
  <attribute name= "Current Time Running" value="3585" />
  <attribute name ="GC Interval" value="200" />
  <attribute name="ProportionalT" value="-5.000000" />
  <attribute name="ProportionalI" value="-5.000000" />
  <attribute name="ProportionalH" value="-5.000000" />
  <attribute name="Current Error" value="-5.000000" />
  <attribute name="IntegralT" value="-140.000000" />
  <attribute name="IntegralI" value="-140.000000" />
  <attribute name="IntegralH" value="-140.000000" />
  <attribute name="DerivativeT" value="-0.178571" />
  <attribute name="DerivativeI" value="-0.178571" />
  <attribute name="DerivativeH" value="-0.178571" />
  <attribute name="Loop Time for DT" value="28.000000" />
  <attribute name="Output H" value="2092630016"/>
  <attribute name="Output I" value="200"/>
  <attribute name="Output T" value="4"/>
  <attribute name="Target GC Util Change" value ="20.000000" />
  <attribute name="Current GC Util Change" value="15.000000"/>
  <attribute name="GC Util currently" value="15" />
  <attribute name="CPU Util currently" value="163821804222" />
<allocation-satisfied id="1923" threadId="0000000001777C00" bytesRequested="16" />
<af-end id="1924" timestamp="2019-06-17T06:59:28.438" threadId="0000000001778588" success="true" from="nursery"/>
<exclusive-end id="1925" timestamp="2019-06-17T06:59:28.439" durationms="3.074" />

<exclusive-start id="1926" timestamp="2019-06-17T06:59:28.445" intervalms="9.997">
  <response-info timems="0.041" idlems="0.041" threads="0" lastid="0000000001787000" lastname="PmdThread 4" />
</exclusive-start>
<af-start id="1927" threadId="0000000001787988" totalBytesRequested="40" timestamp="2019-06-17T06:59:28.446" intervalms="9.989" type="nursery" />
<cycle-start id="1928" type="scavenge" contextid="0" timestamp="2019-06-17T06:59:28.446" intervalms="9.961" />
<gc-start id="1929" type="scavenge" contextid="1928" timestamp="2019-06-17T06:59:28.446">
  <mem-info id="1930" free="1492272" total="13828096" percent="10">
    <mem type="nursery" free="0" total="7471104" percent="0">
      <mem type="allocate" free="0" total="4259840" percent="0" />
      <mem type="survivor" free="0" total="3211264" percent="0" />
    </mem>
    <mem type="tenure" free="1492272" total="6356992" percent="23">
      <mem type="soa" free="1180976" total="6039552" percent="19" />
      <mem type="loa" free="311296" total="317440" percent="98" />
    </mem>
    <remembered-set count="5020" />
  </mem-info>
</gc-start>
<allocation-stats totalBytes="2882888" >
  <allocated-bytes non-tlh="16" tlh="2882872" />
  <largest-consumer threadName="PmdThread 1" threadId="0000000001777C00" bytes="1408704" />
</allocation-stats>
<gc-op id="1931" type="scavenge" timems="1.730" contextid="1928" timestamp="2019-06-17T06:59:28.448">
  <scavenger-info tenureage="2" tenuremask="7ffc" tiltratio="57" />
  <memory-copied type="nursery" objects="34691" bytes="1573112" bytesdiscarded="158456" />
  <memory-copied type="tenure" objects="3473" bytes="345056" bytesdiscarded="152" />
  <references type="weak" candidates="1" cleared="0" enqueued="0" />
  <references type="phantom" candidates="3" cleared="0" enqueued="0" />
</gc-op>
<heap-resize id="1932" type="expand" space="nursery" amount="917504" count="1" timems="0.016" reason="excessive time being spent scavenging" timestamp="2019-06-17T06:59:28.448" />
<gc-end id="1933" type="scavenge" contextid="1928" durationms="2.127" usertimems="0.000" systemtimems="4.000" timestamp="2019-06-17T06:59:28.448" activeThreads="4">
  <mem-info id="1934" free="4431064" total="14745600" percent="30">
    <mem type="nursery" free="3314640" total="8388608" percent="39">
      <mem type="allocate" free="3314640" total="5046272" percent="65" />
      <mem type="survivor" free="0" total="3342336" percent="0" />
    </mem>
    <mem type="tenure" free="1116424" total="6356992" percent="17">
      <mem type="soa" free="805128" total="6039552" percent="13" />
      <mem type="loa" free="311296" total="317440" percent="98" />
    </mem>
    <remembered-set count="4491" />
  </mem-info>
</gc-end>
<cycle-end id="1935" type="scavenge" contextid="1928" timestamp="2019-06-17T06:59:28.448" />
  <attribute name="elasticGC enabled" value="1" />
  <attribute name= "numThreadsSpecified" value="4" />
  <attribute name="heapSize specified" value="13762560" />
  <attribute name="Current GC Util" value="55" />
  <attribute name= "Current Time Running" value="3595" />
  <attribute name ="GC Interval" value="392" />
  <attribute name="ProportionalT" value="35.000000" />
  <attribute name="ProportionalI" value="35.000000" />
  <attribute name="ProportionalH" value="35.000000" />
  <attribute name="Current Error" value="35.000000" />
  <attribute name="IntegralT" value="350.000000" />
  <attribute name="IntegralI" value="350.000000" />
  <attribute name="IntegralH" value="350.000000" />
  <attribute name="DerivativeT" value="3.500000" />
  <attribute name="DerivativeI" value="3.500000" />
  <attribute name="DerivativeH" value="3.500000" />
  <attribute name="Loop Time for DT" value="10.000000" />
  <attribute name="Output H" value="8388608"/>
  <attribute name="Output I" value="392"/>
  <attribute name="Output T" value="4"/>
  <attribute name="Target GC Util Change" value ="20.000000" />
  <attribute name="Current GC Util Change" value="55.000000"/>
  <attribute name="GC Util currently" value="55" />
  <attribute name="CPU Util currently" value="456719197112" />
<allocation-satisfied id="1936" threadId="0000000001787000" bytesRequested="40" />
<af-end id="1937" timestamp="2019-06-17T06:59:28.448" threadId="0000000001787988" success="true" from="nursery"/>
<exclusive-end id="1938" timestamp="2019-06-17T06:59:28.448" durationms="2.839" />

<exclusive-start id="1939" timestamp="2019-06-17T06:59:28.462" intervalms="16.642">
  <response-info timems="0.096" idlems="0.053" threads="1" lastid="0000000001783400" lastname="PmdThread 3" />
</exclusive-start>
<af-start id="1940" threadId="0000000001787988" totalBytesRequested="16" timestamp="2019-06-17T06:59:28.462" intervalms="16.630" type="nursery" />
<cycle-start id="1941" type="scavenge" contextid="0" timestamp="2019-06-17T06:59:28.462" intervalms="16.618" />
<gc-start id="1942" type="scavenge" contextid="1941" timestamp="2019-06-17T06:59:28.462">
  <mem-info id="1943" free="1116424" total="14745600" percent="7">
    <mem type="nursery" free="0" total="8388608" percent="0">
      <mem type="allocate" free="0" total="5046272" percent="0" />
      <mem type="survivor" free="0" total="3342336" percent="0" />
    </mem>
    <mem type="tenure" free="1116424" total="6356992" percent="17">
      <mem type="soa" free="805128" total="6039552" percent="13" />
      <mem type="loa" free="311296" total="317440" percent="98" />
    </mem>
    <remembered-set count="4545" />
  </mem-info>
</gc-start>
<allocation-stats totalBytes="3312864" >
  <allocated-bytes non-tlh="40" tlh="3312824" />
  <largest-consumer threadName="PmdThread 1" threadId="0000000001777C00" bytes="1474216" />
</allocation-stats>
<gc-op id="1944" type="scavenge" timems="2.018" contextid="1941" timestamp="2019-06-17T06:59:28.465">
  <scavenger-info tenureage="1" tenuremask="7ffe" tiltratio="60" />
  <memory-copied type="nursery" objects="31911" bytes="1272192" bytesdiscarded="47232" />
  <memory-copied type="tenure" objects="19280" bytes="915440" bytesdiscarded="104" />
  <copy-failed type="tenure" objects="14963" bytes="635512" />
  <references type="weak" candidates="19" cleared="19" enqueued="19" />
  <references type="phantom" candidates="1" cleared="1" enqueued="1" />
</gc-op>
<heap-resize id="1945" type="expand" space="nursery" amount="524288" count="1" timems="0.015" reason="excessive time being spent scavenging" timestamp="2019-06-17T06:59:28.465" />
<gc-end id="1946" type="scavenge" contextid="1941" durationms="2.366" usertimems="4.000" systemtimems="0.000" timestamp="2019-06-17T06:59:28.465" activeThreads="4">
  <mem-info id="1947" free="4955632" total="15269888" percent="32">
    <mem type="nursery" free="4644336" total="8912896" percent="52">
      <mem type="allocate" free="4644336" total="5963776" percent="77" />
      <mem type="survivor" free="0" total="2949120" percent="0" />
    </mem>
    <mem type="tenure" free="311296" total="6356992" percent="4">
      <mem type="soa" free="0" total="6039552" percent="0" />
      <mem type="loa" free="311296" total="317440" percent="98" />
    </mem>
    <pending-finalizers system="0" default="0" reference="20" classloader="0" />
    <remembered-set count="831" />
  </mem-info>
</gc-end>
<cycle-end id="1948" type="scavenge" contextid="1941" timestamp="2019-06-17T06:59:28.465" />
  <attribute name="elasticGC enabled" value="1" />
  <attribute name= "numThreadsSpecified" value="4" />
  <attribute name="heapSize specified" value="13762560" />
  <attribute name="Current GC Util" value="28" />
  <attribute name= "Current Time Running" value="3612" />
  <attribute name ="GC Interval" value="200" />
  <attribute name="ProportionalT" value="8.000000" />
  <attribute name="ProportionalI" value="8.000000" />
  <attribute name="ProportionalH" value="8.000000" />
  <attribute name="Current Error" value="8.000000" />
  <attribute name="IntegralT" value="136.000000" />
  <attribute name="IntegralI" value="136.000000" />
  <attribute name="IntegralH" value="136.000000" />
  <attribute name="DerivativeT" value="-1.588235" />
  <attribute name="DerivativeI" value="-1.588235" />
  <attribute name="DerivativeH" value="-1.588235" />
  <attribute name="Loop Time for DT" value="17.000000" />
  <attribute name="Output H" value="8388608"/>
  <attribute name="Output I" value="200"/>
  <attribute name="Output T" value="4"/>
  <attribute name="Target GC Util Change" value ="20.000000" />
  <attribute name="Current GC Util Change" value="28.000000"/>
  <attribute name="GC Util currently" value="28" />
  <attribute name="CPU Util currently" value="279043867957" />
<allocation-satisfied id="1949" threadId="0000000001787000" bytesRequested="16" />
<af-end id="1950" timestamp="2019-06-17T06:59:28.465" threadId="0000000001787988" success="true" from="nursery"/>
<exclusive-end id="1951" timestamp="2019-06-17T06:59:28.465" durationms="3.065" />

<concurrent-kickoff id="1952" timestamp="2019-06-17T06:59:28.485">
  <kickoff reason="next scavenge will percolate" targetBytes="2207972" thresholdFreeBytes="302947"  remainingFree="224752" tenureFreeBytes="311296" nurseryFreeBytes="224752" />
</concurrent-kickoff>
<exclusive-start id="1953" timestamp="2019-06-17T06:59:28.486" intervalms="23.614">
  <response-info timems="0.086" idlems="0.086" threads="0" lastid="0000000001783400" lastname="PmdThread 3" />
</exclusive-start>
<cycle-start id="1954" type="global" contextid="0" timestamp="2019-06-17T06:59:28.486" intervalms="231.519" />
<exclusive-end id="1955" timestamp="2019-06-17T06:59:28.486" durationms="0.179" />

<exclusive-start id="1956" timestamp="2019-06-17T06:59:28.487" intervalms="1.670">
  <response-info timems="0.075" idlems="0.075" threads="0" lastid="0000000001783400" lastname="PmdThread 3" />
</exclusive-start>
<af-start id="1957" threadId="0000000001783D88" totalBytesRequested="40" timestamp="2019-06-17T06:59:28.487" intervalms="25.201" type="nursery" />
<percolate-collect id="1958" from="nursery" to="global" reason="failed tenure threshold reached" timestamp="2019-06-17T06:59:28.487"/>
<concurrent-aborted id="1959" timestamp="2019-06-17T06:59:28.488">
  <reason value="insufficient progress made" />
</concurrent-aborted>
<cycle-end id="1960" type="global" contextid="1954" timestamp="2019-06-17T06:59:28.488" />
  <attribute name="elasticGC enabled" value="1" />
  <attribute name= "numThreadsSpecified" value="4" />
  <attribute name="heapSize specified" value="13762560" />
  <attribute name="Current GC Util" value="28" />
  <attribute name= "Current Time Running" value="3612" />
  <attribute name ="GC Interval" value="200" />
  <attribute name="ProportionalT" value="8.000000" />
  <attribute name="ProportionalI" value="8.000000" />
  <attribute name="ProportionalH" value="8.000000" />
  <attribute name="Current Error" value="8.000000" />
  <attribute name="IntegralT" value="136.000000" />
  <attribute name="IntegralI" value="136.000000" />
  <attribute name="IntegralH" value="136.000000" />
  <attribute name="DerivativeT" value="-1.588235" />
  <attribute name="DerivativeI" value="-1.588235" />
  <attribute name="DerivativeH" value="-1.588235" />
  <attribute name="Loop Time for DT" value="17.000000" />
  <attribute name="Output H" value="8388608"/>
  <attribute name="Output I" value="200"/>
  <attribute name="Output T" value="4"/>
  <attribute name="Target GC Util Change" value ="20.000000" />
  <attribute name="Current GC Util Change" value="28.000000"/>
  <attribute name="GC Util currently" value="28" />
  <attribute name="CPU Util currently" value="279043867957" />
<cycle-start id="1961" type="global" contextid="0" timestamp="2019-06-17T06:59:28.488" intervalms="1.823" />
<gc-start id="1962" type="global" contextid="1961" timestamp="2019-06-17T06:59:28.488">
  <mem-info id="1963" free="311296" total="15269888" percent="2">
    <mem type="nursery" free="0" total="8912896" percent="0">
      <mem type="allocate" free="0" total="5963776" percent="0" />
      <mem type="survivor" free="0" total="2949120" percent="0" />
    </mem>
    <mem type="tenure" free="311296" total="6356992" percent="4">
      <mem type="soa" free="0" total="6039552" percent="0" />
      <mem type="loa" free="311296" total="317440" percent="98" />
    </mem>
    <remembered-set count="928" />
  </mem-info>
</gc-start>
<allocation-stats totalBytes="4643032" >
  <allocated-bytes non-tlh="16" tlh="4643016" />
  <largest-consumer threadName="PmdThread 3" threadId="0000000001783400" bytes="1436624" />
</allocation-stats>
<gc-op id="1964" type="mark" timems="2.871" contextid="1961" timestamp="2019-06-17T06:59:28.491">
  <trace-info objectcount="155586" scancount="137207" scanbytes="4564900" />
  <finalization candidates="58" enqueued="0" />
  <ownableSynchronizers candidates="8" cleared="0" />
  <references type="soft" candidates="243" cleared="0" enqueued="0" dynamicThreshold="12" maxThreshold="32" />
  <references type="weak" candidates="842" cleared="26" enqueued="16" />
  <references type="phantom" candidates="81" cleared="2" enqueued="2" />
  <stringconstants candidates="5045" cleared="0"  />
</gc-op>
<gc-op id="1965" type="sweep" timems="0.331" contextid="1961" timestamp="2019-06-17T06:59:28.491" />
<mem-info id="1966" free="3895032" total="15269888" percent="25">
  <mem type="nursery" free="2341352" total="8912896" percent="26">
    <mem type="allocate" free="2341352" total="5963776" percent="39" />
    <mem type="survivor" free="0" total="2949120" percent="0" />
  </mem>
  <mem type="tenure" free="1553680" total="6356992" percent="24" micro-fragmented="120308" macro-fragmented="0">
    <mem type="soa" free="1236240" total="6039552" percent="20" />
    <mem type="loa" free="317440" total="317440" percent="100" />
  </mem>
  <pending-finalizers system="0" default="0" reference="18" classloader="0" />
  <remembered-set count="927" />
</mem-info>
<gc-op id="1967" type="compact" timems="19.863" contextid="1961" timestamp="2019-06-17T06:59:28.511">
  <compact-info movecount="149656" movebytes="6845256" reason="compact to aid heap contraction" />
</gc-op>
<heap-resize id="1968" type="contract" space="tenure" amount="262144" count="1" timems="0.092" reason="heap reconfiguration" timestamp="2019-06-17T06:59:28.512" />
<gc-end id="1969" type="global" contextid="1961" durationms="23.992" usertimems="36.000" systemtimems="8.000" timestamp="2019-06-17T06:59:28.512" activeThreads="4">
  <mem-info id="1970" free="4909096" total="15007744" percent="32">
    <mem type="nursery" free="3578296" total="8912896" percent="40">
      <mem type="allocate" free="3578296" total="5963776" percent="60" />
      <mem type="survivor" free="0" total="2949120" percent="0" />
    </mem>
    <mem type="tenure" free="1330800" total="6094848" percent="21">
      <mem type="soa" free="1081968" total="5790720" percent="18" />
      <mem type="loa" free="248832" total="304128" percent="81" />
    </mem>
    <pending-finalizers system="0" default="0" reference="18" classloader="0" />
    <remembered-set count="927" />
  </mem-info>
</gc-end>
<cycle-end id="1971" type="global" contextid="1961" timestamp="2019-06-17T06:59:28.512" />
  <attribute name="elasticGC enabled" value="1" />
  <attribute name= "numThreadsSpecified" value="4" />
  <attribute name="heapSize specified" value="15269888" />
  <attribute name="Current GC Util" value="150" />
  <attribute name= "Current Time Running" value="3661" />
  <attribute name ="GC Interval" value="200" />
  <attribute name="ProportionalT" value="130.000000" />
  <attribute name="ProportionalI" value="130.000000" />
  <attribute name="ProportionalH" value="130.000000" />
  <attribute name="Current Error" value="130.000000" />
  <attribute name="IntegralT" value="2600.000000" />
  <attribute name="IntegralI" value="2600.000000" />
  <attribute name="IntegralH" value="2600.000000" />
  <attribute name="DerivativeT" value="5.500000" />
  <attribute name="DerivativeI" value="5.500000" />
  <attribute name="DerivativeH" value="5.500000" />
  <attribute name="Loop Time for DT" value="20.000000" />
  <attribute name="Output H" value="8388608"/>
  <attribute name="Output I" value="2736"/>
  <attribute name="Output T" value="4"/>
  <attribute name="Target GC Util Change" value ="20.000000" />
  <attribute name="Current GC Util Change" value="150.000000"/>
  <attribute name="GC Util currently" value="150" />
  <attribute name="CPU Util currently" value="230426826835" />
<allocation-satisfied id="1972" threadId="0000000001783400" bytesRequested="40" />
<af-end id="1973" timestamp="2019-06-17T06:59:28.512" threadId="0000000001783D88" success="true" from="nursery"/>
<exclusive-end id="1974" timestamp="2019-06-17T06:59:28.512" durationms="24.808" />

<exclusive-start id="1975" timestamp="2019-06-17T06:59:28.525" intervalms="38.042">
  <response-info timems="0.156" idlems="0.081" threads="1" lastid="0000000001777C00" lastname="PmdThread 1" />
</exclusive-start>
<af-start id="1976" threadId="000000000177C188" totalBytesRequested="112" timestamp="2019-06-17T06:59:28.526" intervalms="38.119" type="nursery" />
<cycle-start id="1977" type="scavenge" contextid="0" timestamp="2019-06-17T06:59:28.526" intervalms="63.392" />
<gc-start id="1978" type="scavenge" contextid="1977" timestamp="2019-06-17T06:59:28.526">
  <mem-info id="1979" free="1330800" total="15007744" percent="8">
    <mem type="nursery" free="0" total="8912896" percent="0">
      <mem type="allocate" free="0" total="5963776" percent="0" />
      <mem type="survivor" free="0" total="2949120" percent="0" />
    </mem>
    <mem type="tenure" free="1330800" total="6094848" percent="21">
      <mem type="soa" free="1081968" total="5790720" percent="18" />
      <mem type="loa" free="248832" total="304128" percent="81" />
    </mem>
    <remembered-set count="941" />
  </mem-info>
</gc-start>
<allocation-stats totalBytes="3576672" >
  <allocated-bytes non-tlh="40" tlh="3576632" />
  <largest-consumer threadName="PmdThread 2" threadId="000000000177B800" bytes="1066160" />
</allocation-stats>
<gc-op id="1980" type="scavenge" timems="2.358" contextid="1977" timestamp="2019-06-17T06:59:28.528">
  <scavenger-info tenureage="1" tenuremask="7ffe" tiltratio="66" />
  <memory-copied type="nursery" objects="52917" bytes="2081632" bytesdiscarded="27296" />
  <memory-copied type="tenure" objects="23406" bytes="950304" bytesdiscarded="512" />
  <copy-failed type="tenure" objects="8018" bytes="300176" />
  <ownableSynchronizers candidates="16" cleared="16" />
  <references type="weak" candidates="150" cleared="150" enqueued="150" />
  <references type="phantom" candidates="1" cleared="0" enqueued="0" />
</gc-op>
<gc-end id="1981" type="scavenge" contextid="1977" durationms="2.667" usertimems="8.000" systemtimems="0.000" timestamp="2019-06-17T06:59:28.529" activeThreads="4">
  <mem-info id="1982" free="3972584" total="15007744" percent="26">
    <mem type="nursery" free="3723752" total="8912896" percent="41">
      <mem type="allocate" free="3723752" total="5832704" percent="63" />
      <mem type="survivor" free="0" total="3080192" percent="0" />
    </mem>
    <mem type="tenure" free="248832" total="6094848" percent="4">
      <mem type="soa" free="0" total="5790720" percent="0" />
      <mem type="loa" free="248832" total="304128" percent="81" />
    </mem>
    <pending-finalizers system="0" default="0" reference="150" classloader="0" />
    <remembered-set count="302" />
  </mem-info>
</gc-end>
<cycle-end id="1983" type="scavenge" contextid="1977" timestamp="2019-06-17T06:59:28.529" />
  <attribute name="elasticGC enabled" value="1" />
  <attribute name= "numThreadsSpecified" value="4" />
  <attribute name="heapSize specified" value="15269888" />
  <attribute name="Current GC Util" value="53" />
  <attribute name= "Current Time Running" value="3675" />
  <attribute name ="GC Interval" value="488" />
  <attribute name="ProportionalT" value="33.000000" />
  <attribute name="ProportionalI" value="33.000000" />
  <attribute name="ProportionalH" value="33.000000" />
  <attribute name="Current Error" value="33.000000" />
  <attribute name="IntegralT" value="462.000000" />
  <attribute name="IntegralI" value="462.000000" />
  <attribute name="IntegralH" value="462.000000" />
  <attribute name="DerivativeT" value="-6.928571" />
  <attribute name="DerivativeI" value="-6.928571" />
  <attribute name="DerivativeH" value="-6.928571" />
  <attribute name="Loop Time for DT" value="14.000000" />
  <attribute name="Output H" value="8388608"/>
  <attribute name="Output I" value="488"/>
  <attribute name="Output T" value="4"/>
  <attribute name="Target GC Util Change" value ="20.000000" />
  <attribute name="Current GC Util Change" value="53.000000"/>
  <attribute name="GC Util currently" value="53" />
  <attribute name="CPU Util currently" value="312935159205" />
<allocation-satisfied id="1984" threadId="000000000177B800" bytesRequested="112" />
<af-end id="1985" timestamp="2019-06-17T06:59:28.529" threadId="000000000177C188" success="true" from="nursery"/>
<exclusive-end id="1986" timestamp="2019-06-17T06:59:28.529" durationms="3.488" />

<concurrent-kickoff id="1987" timestamp="2019-06-17T06:59:28.542">
  <kickoff reason="next scavenge will percolate" targetBytes="2116921" thresholdFreeBytes="290554"  remainingFree="184696" tenureFreeBytes="248832" nurseryFreeBytes="184696" />
</concurrent-kickoff>
<exclusive-start id="1988" timestamp="2019-06-17T06:59:28.543" intervalms="17.469">
  <response-info timems="0.112" idlems="0.112" threads="0" lastid="0000000001787000" lastname="PmdThread 4" />
</exclusive-start>
<cycle-start id="1989" type="global" contextid="0" timestamp="2019-06-17T06:59:28.543" intervalms="55.364" />
<exclusive-end id="1990" timestamp="2019-06-17T06:59:28.543" durationms="0.184" />

<exclusive-start id="1991" timestamp="2019-06-17T06:59:28.544" intervalms="1.293">
  <response-info timems="0.064" idlems="0.040" threads="1" lastid="0000000001777C00" lastname="PmdThread 1" />
</exclusive-start>
<af-start id="1992" threadId="0000000001783D88" totalBytesRequested="24" timestamp="2019-06-17T06:59:28.544" intervalms="18.703" type="nursery" />
<percolate-collect id="1993" from="nursery" to="global" reason="failed tenure threshold reached" timestamp="2019-06-17T06:59:28.544"/>
<concurrent-aborted id="1994" timestamp="2019-06-17T06:59:28.544">
  <reason value="insufficient progress made" />
</concurrent-aborted>
<cycle-end id="1995" type="global" contextid="1989" timestamp="2019-06-17T06:59:28.545" />
  <attribute name="elasticGC enabled" value="1" />
  <attribute name= "numThreadsSpecified" value="4" />
  <attribute name="heapSize specified" value="15269888" />
  <attribute name="Current GC Util" value="53" />
  <attribute name= "Current Time Running" value="3675" />
  <attribute name ="GC Interval" value="488" />
  <attribute name="ProportionalT" value="33.000000" />
  <attribute name="ProportionalI" value="33.000000" />
  <attribute name="ProportionalH" value="33.000000" />
  <attribute name="Current Error" value="33.000000" />
  <attribute name="IntegralT" value="462.000000" />
  <attribute name="IntegralI" value="462.000000" />
  <attribute name="IntegralH" value="462.000000" />
  <attribute name="DerivativeT" value="-6.928571" />
  <attribute name="DerivativeI" value="-6.928571" />
  <attribute name="DerivativeH" value="-6.928571" />
  <attribute name="Loop Time for DT" value="14.000000" />
  <attribute name="Output H" value="8388608"/>
  <attribute name="Output I" value="488"/>
  <attribute name="Output T" value="4"/>
  <attribute name="Target GC Util Change" value ="20.000000" />
  <attribute name="Current GC Util Change" value="53.000000"/>
  <attribute name="GC Util currently" value="53" />
  <attribute name="CPU Util currently" value="312935159205" />
<cycle-start id="1996" type="global" contextid="0" timestamp="2019-06-17T06:59:28.545" intervalms="1.653" />
<gc-start id="1997" type="global" contextid="1996" timestamp="2019-06-17T06:59:28.545">
  <mem-info id="1998" free="248832" total="15007744" percent="1">
    <mem type="nursery" free="0" total="8912896" percent="0">
      <mem type="allocate" free="0" total="5832704" percent="0" />
      <mem type="survivor" free="0" total="3080192" percent="0" />
    </mem>
    <mem type="tenure" free="248832" total="6094848" percent="4">
      <mem type="soa" free="0" total="5790720" percent="0" />
      <mem type="loa" free="248832" total="304128" percent="81" />
    </mem>
    <remembered-set count="333" />
  </mem-info>
</gc-start>
<allocation-stats totalBytes="3722536" >
  <allocated-bytes non-tlh="112" tlh="3722424" />
  <largest-consumer threadName="PmdThread 1" threadId="0000000001777C00" bytes="1343112" />
</allocation-stats>
<heap-resize id="1999" type="loa contract" space="tenure" amount="243712" count="1" timems="0.092" reason="contract on aggressive gc" timestamp="2019-06-17T06:59:28.545" />
<gc-op id="2000" type="mark" timems="3.854" contextid="1996" timestamp="2019-06-17T06:59:28.551">
  <trace-info objectcount="184994" scancount="165346" scanbytes="5592536" />
  <finalization candidates="58" enqueued="0" />
  <ownableSynchronizers candidates="8" cleared="0" />
  <references type="soft" candidates="243" cleared="145" enqueued="132" dynamicThreshold="6" maxThreshold="32" />
  <references type="weak" candidates="888" cleared="72" enqueued="72" />
  <references type="phantom" candidates="78" cleared="0" enqueued="0" />
  <stringconstants candidates="5045" cleared="1"  />
</gc-op>
<gc-op id="2001" type="classunload" timems="0.002" contextid="1996" timestamp="2019-06-17T06:59:28.551">
  <classunload-info classloadercandidates="10" classloadersunloaded="0" classesunloaded="0" anonymousclassesunloaded="0" quiescems="2.030" setupms="0.001" scanms="0.001" postms="0.000" />
</gc-op>
<gc-op id="2002" type="sweep" timems="0.345" contextid="1996" timestamp="2019-06-17T06:59:28.551" />
<mem-info id="2003" free="2639416" total="15007744" percent="17">
  <mem type="nursery" free="1920944" total="8912896" percent="21">
    <mem type="allocate" free="1920944" total="5832704" percent="32" />
    <mem type="survivor" free="0" total="3080192" percent="0" />
  </mem>
  <mem type="tenure" free="718472" total="6094848" percent="11" micro-fragmented="35667" macro-fragmented="0">
    <mem type="soa" free="718472" total="6094848" percent="11" />
    <mem type="loa" free="0" total="0" percent="0" />
  </mem>
  <pending-finalizers system="0" default="0" reference="204" classloader="0" />
  <remembered-set count="323" />
</mem-info>
<gc-op id="2004" type="compact" timems="22.454" contextid="1996" timestamp="2019-06-17T06:59:28.574">
  <compact-info movecount="177124" movebytes="7763776" reason="compact to aid heap contraction" />
</gc-op>
<heap-resize id="2005" type="contract" space="tenure" amount="720896" count="1" timems="0.105" reason="heap reconfiguration" timestamp="2019-06-17T06:59:28.575" />
<gc-end id="2006" type="global" contextid="1996" durationms="30.096" usertimems="48.000" systemtimems="4.000" timestamp="2019-06-17T06:59:28.575" activeThreads="4">
  <mem-info id="2007" free="3128472" total="14286848" percent="21">
    <mem type="nursery" free="3086568" total="8912896" percent="34">
      <mem type="allocate" free="3086568" total="5832704" percent="52" />
      <mem type="survivor" free="0" total="3080192" percent="0" />
    </mem>
    <mem type="tenure" free="41904" total="5373952" percent="0">
      <mem type="soa" free="41904" total="5373952" percent="0" />
      <mem type="loa" free="0" total="0" percent="0" />
    </mem>
    <pending-finalizers system="0" default="0" reference="204" classloader="0" />
    <remembered-set count="323" />
  </mem-info>
</gc-end>
<cycle-end id="2008" type="global" contextid="1996" timestamp="2019-06-17T06:59:28.575" />
  <attribute name="elasticGC enabled" value="1" />
  <attribute name= "numThreadsSpecified" value="4" />
  <attribute name="heapSize specified" value="15007744" />
  <attribute name="Current GC Util" value="156" />
  <attribute name= "Current Time Running" value="3724" />
  <attribute name ="GC Interval" value="488" />
  <attribute name="ProportionalT" value="136.000000" />
  <attribute name="ProportionalI" value="136.000000" />
  <attribute name="ProportionalH" value="136.000000" />
  <attribute name="Current Error" value="136.000000" />
  <attribute name="IntegralT" value="3128.000000" />
  <attribute name="IntegralI" value="3128.000000" />
  <attribute name="IntegralH" value="3128.000000" />
  <attribute name="DerivativeT" value="5.086957" />
  <attribute name="DerivativeI" value="5.086957" />
  <attribute name="DerivativeH" value="5.086957" />
  <attribute name="Loop Time for DT" value="23.000000" />
  <attribute name="Output H" value="8388608"/>
  <attribute name="Output I" value="3272"/>
  <attribute name="Output T" value="4"/>
  <attribute name="Target GC Util Change" value ="20.000000" />
  <attribute name="Current GC Util Change" value="156.000000"/>
  <attribute name="GC Util currently" value="156" />
  <attribute name="CPU Util currently" value="203342899576" />
<allocation-satisfied id="2009" threadId="0000000001783400" bytesRequested="24" />
<af-end id="2010" timestamp="2019-06-17T06:59:28.575" threadId="0000000001783D88" success="true" from="nursery"/>
<exclusive-end id="2011" timestamp="2019-06-17T06:59:28.575" durationms="31.179" />

<concurrent-kickoff id="2012" timestamp="2019-06-17T06:59:28.586">
  <kickoff reason="threshold reached" targetBytes="1866533" thresholdFreeBytes="256470"  remainingFree="239480" tenureFreeBytes="41904" nurseryFreeBytes="239480" />
</concurrent-kickoff>
<exclusive-start id="2013" timestamp="2019-06-17T06:59:28.587" intervalms="42.332">
  <response-info timems="0.082" idlems="0.043" threads="1" lastid="000000000177B800" lastname="PmdThread 2" />
</exclusive-start>
<cycle-start id="2014" type="global" contextid="0" timestamp="2019-06-17T06:59:28.587" intervalms="41.931" />
<exclusive-end id="2015" timestamp="2019-06-17T06:59:28.587" durationms="0.106" />

<exclusive-start id="2016" timestamp="2019-06-17T06:59:28.588" intervalms="1.574">
  <response-info timems="0.076" idlems="0.076" threads="0" lastid="0000000001783400" lastname="PmdThread 3" />
</exclusive-start>
<af-start id="2017" threadId="0000000001783D88" totalBytesRequested="32" timestamp="2019-06-17T06:59:28.588" intervalms="43.876" type="nursery" />
<cycle-start id="2018" type="scavenge" contextid="0" timestamp="2019-06-17T06:59:28.588" intervalms="62.470" />
<gc-start id="2019" type="scavenge" contextid="2018" timestamp="2019-06-17T06:59:28.588">
  <mem-info id="2020" free="41904" total="14286848" percent="0">
    <mem type="nursery" free="0" total="8912896" percent="0">
      <mem type="allocate" free="0" total="5832704" percent="0" />
      <mem type="survivor" free="0" total="3080192" percent="0" />
    </mem>
    <mem type="tenure" free="41904" total="5373952" percent="0">
      <mem type="soa" free="41904" total="5373952" percent="0" />
      <mem type="loa" free="0" total="0" percent="0" />
    </mem>
    <remembered-set count="508" />
  </mem-info>
</gc-start>
<allocation-stats totalBytes="3083776" >
  <allocated-bytes non-tlh="49520" tlh="3034256" />
  <largest-consumer threadName="PmdThread 3" threadId="0000000001783400" bytes="2129648" />
</allocation-stats>
<gc-op id="2021" type="scavenge" timems="2.827" contextid="2018" timestamp="2019-06-17T06:59:28.591">
  <scavenger-info tenureage="1" tenuremask="7ffe" tiltratio="65" />
  <memory-copied type="nursery" objects="74925" bytes="2976064" bytesdiscarded="104080" />
  <memory-copied type="tenure" objects="825" bytes="41888" bytesdiscarded="16" />
  <copy-failed type="tenure" objects="50562" bytes="1994752" />
  <ownableSynchronizers candidates="16" cleared="16" />
  <references type="soft" candidates="4" cleared="4" enqueued="0" dynamicThreshold="0" maxThreshold="32" />
  <references type="weak" candidates="175" cleared="175" enqueued="175" />
  <references type="phantom" candidates="1" cleared="1" enqueued="1" />
</gc-op>
<gc-end id="2022" type="scavenge" contextid="2018" durationms="3.031" usertimems="4.000" systemtimems="4.000" timestamp="2019-06-17T06:59:28.591" activeThreads="4">
  <mem-info id="2023" free="1835008" total="14286848" percent="12">
    <mem type="nursery" free="1835008" total="8912896" percent="20">
      <mem type="allocate" free="1835008" total="4915200" percent="37" />
      <mem type="survivor" free="0" total="3997696" percent="0" />
    </mem>
    <mem type="tenure" free="0" total="5373952" percent="0">
      <mem type="soa" free="0" total="5373952" percent="0" />
      <mem type="loa" free="0" total="0" percent="0" />
    </mem>
    <pending-finalizers system="0" default="0" reference="176" classloader="0" />
    <remembered-set count="844" />
  </mem-info>
</gc-end>
<cycle-end id="2024" type="scavenge" contextid="2018" timestamp="2019-06-17T06:59:28.591" />
  <attribute name="elasticGC enabled" value="1" />
  <attribute name= "numThreadsSpecified" value="4" />
  <attribute name="heapSize specified" value="15007744" />
  <attribute name="Current GC Util" value="54" />
  <attribute name= "Current Time Running" value="3738" />
  <attribute name ="GC Interval" value="504" />
  <attribute name="ProportionalT" value="34.000000" />
  <attribute name="ProportionalI" value="34.000000" />
  <attribute name="ProportionalH" value="34.000000" />
  <attribute name="Current Error" value="34.000000" />
  <attribute name="IntegralT" value="476.000000" />
  <attribute name="IntegralI" value="476.000000" />
  <attribute name="IntegralH" value="476.000000" />
  <attribute name="DerivativeT" value="-7.285714" />
  <attribute name="DerivativeI" value="-7.285714" />
  <attribute name="DerivativeH" value="-7.285714" />
  <attribute name="Loop Time for DT" value="14.000000" />
  <attribute name="Output H" value="8388608"/>
  <attribute name="Output I" value="504"/>
  <attribute name="Output T" value="4"/>
  <attribute name="Target GC Util Change" value ="20.000000" />
  <attribute name="Current GC Util Change" value="54.000000"/>
  <attribute name="GC Util currently" value="54" />
  <attribute name="CPU Util currently" value="329671269871" />
<allocation-satisfied id="2025" threadId="0000000001783400" bytesRequested="32" />
<af-end id="2026" timestamp="2019-06-17T06:59:28.592" threadId="0000000001783D88" success="true" from="nursery"/>
<exclusive-end id="2027" timestamp="2019-06-17T06:59:28.592" durationms="3.605" />

<exclusive-start id="2028" timestamp="2019-06-17T06:59:28.598" intervalms="10.088">
  <response-info timems="0.066" idlems="0.026" threads="2" lastid="0000000001787000" lastname="PmdThread 4" />
</exclusive-start>
<af-start id="2029" threadId="0000000001778588" totalBytesRequested="40" timestamp="2019-06-17T06:59:28.598" intervalms="10.192" type="nursery" />
<percolate-collect id="2030" from="nursery" to="global" reason="failed tenure threshold reached" timestamp="2019-06-17T06:59:28.598"/>
<gc-start id="2031" type="global" contextid="2014" timestamp="2019-06-17T06:59:28.598">
  <mem-info id="2032" free="0" total="14286848" percent="0">
    <mem type="nursery" free="0" total="8912896" percent="0">
      <mem type="allocate" free="0" total="4915200" percent="0" />
      <mem type="survivor" free="0" total="3997696" percent="0" />
    </mem>
    <mem type="tenure" free="0" total="5373952" percent="0">
      <mem type="soa" free="0" total="5373952" percent="0" />
      <mem type="loa" free="0" total="0" percent="0" />
    </mem>
    <remembered-set count="898" />
  </mem-info>
</gc-start>
<allocation-stats totalBytes="1833880" >
  <allocated-bytes non-tlh="32" tlh="1833848" />
  <largest-consumer threadName="PmdThread 3" threadId="0000000001783400" bytes="1625016" />
</allocation-stats>
<concurrent-halted id="2033" timestamp="2019-06-17T06:59:28.599">
  <halted state="Tracing incomplete" status="clean trace" />
  <traced bytesTarget="1866533" bytesTotal="2311168" bytesByMutator="1205976" bytesByHelper="1105192" percent="123" />
  <cards cleaned="50" thresholdBytes="101033" />
</concurrent-halted>
<gc-op id="2034" type="tracing" timems="2.412" contextid="2014" timestamp="2019-06-17T06:59:28.601">
  <trace bytesTraced="920016" workStackOverflowCount="0" />
</gc-op>
<gc-op id="2035" type="rs-scan" timems="1.030" contextid="2014" timestamp="2019-06-17T06:59:28.602">
  <scan objectsFound="654" bytesTraced="765892" workStackOverflowCount="0" />
</gc-op>
<gc-op id="2036" type="card-cleaning" timems="1.447" contextid="2014" timestamp="2019-06-17T06:59:28.604">
  <card-cleaning cardsCleaned="20" bytesTraced="1831400" workStackOverflowCount="0" />
</gc-op>
<gc-op id="2037" type="mark" timems="1.364" contextid="2014" timestamp="2019-06-17T06:59:28.605">
  <trace-info objectcount="1171" scancount="1006" scanbytes="33304" />
  <finalization candidates="58" enqueued="0" />
  <ownableSynchronizers candidates="8" cleared="0" />
  <references type="soft" candidates="102" cleared="4" enqueued="0" dynamicThreshold="0" maxThreshold="32" />
  <references type="weak" candidates="867" cleared="51" enqueued="51" />
  <references type="phantom" candidates="79" cleared="1" enqueued="1" />
  <stringconstants candidates="5044" cleared="53"  />
</gc-op>
<gc-op id="2038" type="classunload" timems="0.002" contextid="2014" timestamp="2019-06-17T06:59:28.605">
  <classunload-info classloadercandidates="10" classloadersunloaded="0" classesunloaded="0" anonymousclassesunloaded="0" quiescems="0.000" setupms="0.002" scanms="0.000" postms="0.000" />
</gc-op>
<gc-op id="2039" type="sweep" timems="0.267" contextid="2014" timestamp="2019-06-17T06:59:28.606" />
<mem-info id="2040" free="1849248" total="14286848" percent="12">
  <mem type="nursery" free="1848096" total="8912896" percent="20">
    <mem type="allocate" free="1848096" total="4915200" percent="37" />
    <mem type="survivor" free="0" total="3997696" percent="0" />
  </mem>
  <mem type="tenure" free="1152" total="5373952" percent="0" micro-fragmented="5139" macro-fragmented="0">
    <mem type="soa" free="1152" total="5373952" percent="0" />
    <mem type="loa" free="0" total="0" percent="0" />
  </mem>
  <pending-finalizers system="0" default="0" reference="52" classloader="0" />
  <remembered-set count="770" />
</mem-info>
<gc-op id="2041" type="compact" timems="24.283" contextid="2014" timestamp="2019-06-17T06:59:28.630">
  <compact-info movecount="184749" movebytes="8121224" reason="compact to aid heap contraction" />
</gc-op>
<gc-end id="2042" type="global" contextid="2014" durationms="31.970" usertimems="52.000" systemtimems="0.000" timestamp="2019-06-17T06:59:28.630" activeThreads="4">
  <mem-info id="2043" free="1925624" total="14286848" percent="13">
    <mem type="nursery" free="1902624" total="8912896" percent="21">
      <mem type="allocate" free="1902624" total="4915200" percent="38" />
      <mem type="survivor" free="0" total="3997696" percent="0" />
    </mem>
    <mem type="tenure" free="23000" total="5373952" percent="0">
      <mem type="soa" free="23000" total="5373952" percent="0" />
      <mem type="loa" free="0" total="0" percent="0" />
    </mem>
    <pending-finalizers system="0" default="0" reference="52" classloader="0" />
    <remembered-set count="770" />
  </mem-info>
</gc-end>
<cycle-end id="2044" type="global" contextid="2014" timestamp="2019-06-17T06:59:28.631" />
  <attribute name="elasticGC enabled" value="1" />
  <attribute name= "numThreadsSpecified" value="4" />
  <attribute name="heapSize specified" value="14286848" />
  <attribute name="Current GC Util" value="81" />
  <attribute name= "Current Time Running" value="3780" />
  <attribute name ="GC Interval" value="504" />
  <attribute name="ProportionalT" value="61.000000" />
  <attribute name="ProportionalI" value="61.000000" />
  <attribute name="ProportionalH" value="61.000000" />
  <attribute name="Current Error" value="61.000000" />
  <attribute name="IntegralT" value="1525.000000" />
  <attribute name="IntegralI" value="1525.000000" />
  <attribute name="IntegralH" value="1525.000000" />
  <attribute name="DerivativeT" value="1.720000" />
  <attribute name="DerivativeI" value="1.720000" />
  <attribute name="DerivativeH" value="1.720000" />
  <attribute name="Loop Time for DT" value="25.000000" />
  <attribute name="Output H" value="8388608"/>
  <attribute name="Output I" value="1592"/>
  <attribute name="Output T" value="4"/>
  <attribute name="Target GC Util Change" value ="20.000000" />
  <attribute name="Current GC Util Change" value="81.000000"/>
  <attribute name="GC Util currently" value="81" />
  <attribute name="CPU Util currently" value="188878656013" />
<allocation-satisfied id="2045" threadId="0000000001777C00" bytesRequested="40" />
<af-end id="2046" timestamp="2019-06-17T06:59:28.631" threadId="0000000001778588" success="true" from="nursery"/>
<exclusive-end id="2047" timestamp="2019-06-17T06:59:28.631" durationms="32.534" />

<concurrent-kickoff id="2048" timestamp="2019-06-17T06:59:28.635">
  <kickoff reason="threshold reached" targetBytes="5062584" thresholdFreeBytes="699496"  remainingFree="653304" tenureFreeBytes="23000" nurseryFreeBytes="653304" />
</concurrent-kickoff>
<exclusive-start id="2049" timestamp="2019-06-17T06:59:28.635" intervalms="36.918">
  <response-info timems="0.292" idlems="0.292" threads="0" lastid="000000000177B800" lastname="PmdThread 2" />
</exclusive-start>
<cycle-start id="2050" type="global" contextid="0" timestamp="2019-06-17T06:59:28.635" intervalms="48.575" />
<exclusive-end id="2051" timestamp="2019-06-17T06:59:28.635" durationms="0.113" />

<exclusive-start id="2052" timestamp="2019-06-17T06:59:28.639" intervalms="3.658">
  <response-info timems="0.053" idlems="0.053" threads="0" lastid="0000000001777C00" lastname="PmdThread 1" />
</exclusive-start>
<af-start id="2053" threadId="0000000001778588" totalBytesRequested="16" timestamp="2019-06-17T06:59:28.639" intervalms="40.507" type="nursery" />
<percolate-collect id="2054" from="nursery" to="global" reason="concurrent mark exhausted" timestamp="2019-06-17T06:59:28.639"/>
<gc-start id="2055" type="global" contextid="2050" timestamp="2019-06-17T06:59:28.639">
  <mem-info id="2056" free="23000" total="14286848" percent="0">
    <mem type="nursery" free="0" total="8912896" percent="0">
      <mem type="allocate" free="0" total="4915200" percent="0" />
      <mem type="survivor" free="0" total="3997696" percent="0" />
    </mem>
    <mem type="tenure" free="23000" total="5373952" percent="0">
      <mem type="soa" free="23000" total="5373952" percent="0" />
      <mem type="loa" free="0" total="0" percent="0" />
    </mem>
    <remembered-set count="799" />
  </mem-info>
</gc-start>
<allocation-stats totalBytes="1880336" >
  <allocated-bytes non-tlh="40" tlh="1880296" />
  <largest-consumer threadName="PmdThread 4" threadId="0000000001787000" bytes="716504" />
</allocation-stats>
<concurrent-halted id="2057" timestamp="2019-06-17T06:59:28.639">
  <halted state="Complete" status="exhausted" />
  <traced bytesTarget="5062584" bytesTotal="3155680" bytesByMutator="1758912" bytesByHelper="1396768" percent="62" />
  <cards cleaned="41" thresholdBytes="275558" />
</concurrent-halted>
<gc-op id="2058" type="rs-scan" timems="2.553" contextid="2050" timestamp="2019-06-17T06:59:28.642">
  <scan objectsFound="317" bytesTraced="1735340" workStackOverflowCount="0" />
</gc-op>
<gc-op id="2059" type="card-cleaning" timems="0.860" contextid="2050" timestamp="2019-06-17T06:59:28.643">
  <card-cleaning cardsCleaned="6" bytesTraced="927084" workStackOverflowCount="0" />
</gc-op>
<gc-op id="2060" type="mark" timems="0.623" contextid="2050" timestamp="2019-06-17T06:59:28.643">
  <trace-info objectcount="423" scancount="347" scanbytes="11484" />
  <finalization candidates="58" enqueued="0" />
  <ownableSynchronizers candidates="8" cleared="0" />
  <references type="soft" candidates="98" cleared="0" enqueued="0" dynamicThreshold="0" maxThreshold="32" />
  <references type="weak" candidates="833" cleared="17" enqueued="17" />
  <references type="phantom" candidates="81" cleared="1" enqueued="1" />
  <stringconstants candidates="4991" cleared="0"  />
</gc-op>
<gc-op id="2061" type="sweep" timems="0.296" contextid="2050" timestamp="2019-06-17T06:59:28.644" />
<mem-info id="2062" free="1562232" total="14286848" percent="10">
  <mem type="nursery" free="1403992" total="8912896" percent="15">
    <mem type="allocate" free="1403992" total="4915200" percent="28" />
    <mem type="survivor" free="0" total="3997696" percent="0" />
  </mem>
  <mem type="tenure" free="158240" total="5373952" percent="2" micro-fragmented="4366" macro-fragmented="0">
    <mem type="soa" free="158240" total="5373952" percent="2" />
    <mem type="loa" free="0" total="0" percent="0" />
  </mem>
  <pending-finalizers system="0" default="0" reference="18" classloader="0" />
  <remembered-set count="468" />
</mem-info>
<gc-op id="2063" type="compact" timems="18.632" contextid="2050" timestamp="2019-06-17T06:59:28.662">
  <compact-info movecount="160366" movebytes="6423320" reason="compact to aid heap contraction" />
</gc-op>
<heap-resize id="2064" type="contract" space="tenure" amount="131072" count="1" timems="0.093" reason="heap reconfiguration" timestamp="2019-06-17T06:59:28.663" />
<gc-end id="2065" type="global" contextid="2050" durationms="24.007" usertimems="44.000" systemtimems="0.000" timestamp="2019-06-17T06:59:28.663" activeThreads="4">
  <mem-info id="2066" free="1792720" total="14155776" percent="12">
    <mem type="nursery" free="1760792" total="8912896" percent="19">
      <mem type="allocate" free="1760792" total="4915200" percent="35" />
      <mem type="survivor" free="0" total="3997696" percent="0" />
    </mem>
    <mem type="tenure" free="31928" total="5242880" percent="0">
      <mem type="soa" free="31928" total="5242880" percent="0" />
      <mem type="loa" free="0" total="0" percent="0" />
    </mem>
    <pending-finalizers system="0" default="0" reference="18" classloader="0" />
    <remembered-set count="468" />
  </mem-info>
</gc-end>
<cycle-end id="2067" type="global" contextid="2050" timestamp="2019-06-17T06:59:28.663" />
  <attribute name="elasticGC enabled" value="1" />
  <attribute name= "numThreadsSpecified" value="4" />
  <attribute name="heapSize specified" value="14286848" />
  <attribute name="Current GC Util" value="92" />
  <attribute name= "Current Time Running" value="3812" />
  <attribute name ="GC Interval" value="504" />
  <attribute name="ProportionalT" value="72.000000" />
  <attribute name="ProportionalI" value="72.000000" />
  <attribute name="ProportionalH" value="72.000000" />
  <attribute name="Current Error" value="72.000000" />
  <attribute name="IntegralT" value="1368.000000" />
  <attribute name="IntegralI" value="1368.000000" />
  <attribute name="IntegralH" value="1368.000000" />
  <attribute name="DerivativeT" value="2.315789" />
  <attribute name="DerivativeI" value="2.315789" />
  <attribute name="DerivativeH" value="2.315789" />
  <attribute name="Loop Time for DT" value="19.000000" />
  <attribute name="Output H" value="8388608"/>
  <attribute name="Output I" value="1448"/>
  <attribute name="Output T" value="4"/>
  <attribute name="Target GC Util Change" value ="20.000000" />
  <attribute name="Current GC Util Change" value="92.000000"/>
  <attribute name="GC Util currently" value="92" />
  <attribute name="CPU Util currently" value="245843499003" />
<allocation-satisfied id="2068" threadId="0000000001777C00" bytesRequested="16" />
<af-end id="2069" timestamp="2019-06-17T06:59:28.663" threadId="0000000001778588" success="true" from="nursery"/>
<exclusive-end id="2070" timestamp="2019-06-17T06:59:28.663" durationms="24.468" />

<concurrent-kickoff id="2071" timestamp="2019-06-17T06:59:28.670">
  <kickoff reason="threshold reached" targetBytes="2406443" thresholdFreeBytes="328237"  remainingFree="327176" tenureFreeBytes="31928" nurseryFreeBytes="327176" />
</concurrent-kickoff>
<exclusive-start id="2072" timestamp="2019-06-17T06:59:28.670" intervalms="31.174">
  <response-info timems="0.084" idlems="0.042" threads="3" lastid="000000000177B800" lastname="PmdThread 2" />
</exclusive-start>
<cycle-start id="2073" type="global" contextid="0" timestamp="2019-06-17T06:59:28.670" intervalms="34.842" />
<exclusive-end id="2074" timestamp="2019-06-17T06:59:28.670" durationms="0.132" />

<exclusive-start id="2075" timestamp="2019-06-17T06:59:28.671" intervalms="1.383">
  <response-info timems="0.124" idlems="0.124" threads="0" lastid="000000000177B800" lastname="PmdThread 2" />
</exclusive-start>
<af-start id="2076" threadId="000000000177C188" totalBytesRequested="72" timestamp="2019-06-17T06:59:28.671" intervalms="32.638" type="nursery" />
<cycle-start id="2077" type="scavenge" contextid="0" timestamp="2019-06-17T06:59:28.672" intervalms="83.377" />
<gc-start id="2078" type="scavenge" contextid="2077" timestamp="2019-06-17T06:59:28.672">
  <mem-info id="2079" free="31928" total="14155776" percent="0">
    <mem type="nursery" free="0" total="8912896" percent="0">
      <mem type="allocate" free="0" total="4915200" percent="0" />
      <mem type="survivor" free="0" total="3997696" percent="0" />
    </mem>
    <mem type="tenure" free="31928" total="5242880" percent="0">
      <mem type="soa" free="31928" total="5242880" percent="0" />
      <mem type="loa" free="0" total="0" percent="0" />
    </mem>
    <remembered-set count="477" />
  </mem-info>
</gc-start>
<allocation-stats totalBytes="1759656" >
  <allocated-bytes non-tlh="16" tlh="1759640" />
  <largest-consumer threadName="PmdThread 3" threadId="0000000001783400" bytes="1006472" />
</allocation-stats>
<gc-op id="2080" type="scavenge" timems="4.012" contextid="2077" timestamp="2019-06-17T06:59:28.676">
  <scavenger-info tenureage="1" tenuremask="7ffe" tiltratio="55" />
  <memory-copied type="nursery" objects="85898" bytes="3552992" bytesdiscarded="134056" />
  <memory-copied type="tenure" objects="678" bytes="31928" bytesdiscarded="0" />
  <copy-failed type="tenure" objects="68167" bytes="2665888" />
  <ownableSynchronizers candidates="16" cleared="16" />
  <references type="soft" candidates="5" cleared="5" enqueued="0" dynamicThreshold="0" maxThreshold="32" />
  <references type="weak" candidates="53" cleared="53" enqueued="53" />
  <references type="phantom" candidates="3" cleared="3" enqueued="3" />
</gc-op>
<gc-end id="2081" type="scavenge" contextid="2077" durationms="4.232" usertimems="8.000" systemtimems="0.000" timestamp="2019-06-17T06:59:28.676" activeThreads="4">
  <mem-info id="2082" free="834760" total="14155776" percent="5">
    <mem type="nursery" free="834760" total="8912896" percent="9">
      <mem type="allocate" free="834760" total="4521984" percent="18" />
      <mem type="survivor" free="0" total="4390912" percent="0" />
    </mem>
    <mem type="tenure" free="0" total="5242880" percent="0">
      <mem type="soa" free="0" total="5242880" percent="0" />
      <mem type="loa" free="0" total="0" percent="0" />
    </mem>
    <pending-finalizers system="0" default="0" reference="56" classloader="0" />
    <remembered-set count="577" />
  </mem-info>
</gc-end>
<cycle-end id="2083" type="scavenge" contextid="2077" timestamp="2019-06-17T06:59:28.676" />
  <attribute name="elasticGC enabled" value="1" />
  <attribute name= "numThreadsSpecified" value="4" />
  <attribute name="heapSize specified" value="14286848" />
  <attribute name="Current GC Util" value="486" />
  <attribute name= "Current Time Running" value="3821" />
  <attribute name ="GC Interval" value="4000" />
  <attribute name="ProportionalT" value="466.000000" />
  <attribute name="ProportionalI" value="466.000000" />
  <attribute name="ProportionalH" value="466.000000" />
  <attribute name="Current Error" value="466.000000" />
  <attribute name="IntegralT" value="4194.000000" />
  <attribute name="IntegralI" value="4194.000000" />
  <attribute name="IntegralH" value="4194.000000" />
  <attribute name="DerivativeT" value="43.777778" />
  <attribute name="DerivativeI" value="43.777778" />
  <attribute name="DerivativeH" value="43.777778" />
  <attribute name="Loop Time for DT" value="9.000000" />
  <attribute name="Output H" value="8388608"/>
  <attribute name="Output I" value="4000"/>
  <attribute name="Output T" value="4"/>
  <attribute name="Target GC Util Change" value ="20.000000" />
  <attribute name="Current GC Util Change" value="486.000000"/>
  <attribute name="GC Util currently" value="486" />
  <attribute name="CPU Util currently" value="500228817725" />
<allocation-satisfied id="2084" threadId="000000000177B800" bytesRequested="72" />
<af-end id="2085" timestamp="2019-06-17T06:59:28.677" threadId="000000000177C188" success="true" from="nursery"/>
<exclusive-end id="2086" timestamp="2019-06-17T06:59:28.677" durationms="5.761" />

<exclusive-start id="2087" timestamp="2019-06-17T06:59:28.684" intervalms="12.334">
  <response-info timems="3.314" idlems="3.314" threads="0" lastid="0000000001783400" lastname="PmdThread 3" />
</exclusive-start>
<concurrent-collection-start id="2088" timestamp="2019-06-17T06:59:28.684" intervalms="3946.350" >
  <concurrent-trace-info reason="card cleaning threshold reached" tracedByMutators="1939584" tracedByHelpers="400768" cardsCleaned="24" workStackOverflowCount="0" />
</concurrent-collection-start>
<gc-start id="2089" type="global" contextid="2073" timestamp="2019-06-17T06:59:28.685">
  <mem-info id="2090" free="0" total="14155776" percent="0">
    <mem type="nursery" free="0" total="8912896" percent="0">
      <mem type="allocate" free="0" total="4521984" percent="0" />
      <mem type="survivor" free="0" total="4390912" percent="0" />
    </mem>
    <mem type="tenure" free="0" total="5242880" percent="0">
      <mem type="soa" free="0" total="5242880" percent="0" />
      <mem type="loa" free="0" total="0" percent="0" />
    </mem>
    <remembered-set count="584" />
  </mem-info>
</gc-start>
<allocation-stats totalBytes="834520" >
  <allocated-bytes non-tlh="72" tlh="834448" />
  <largest-consumer threadName="PmdThread 3" threadId="0000000001783400" bytes="487384" />
</allocation-stats>
<gc-op id="2091" type="rs-scan" timems="1.453" contextid="2073" timestamp="2019-06-17T06:59:28.687">
  <scan objectsFound="183" bytesTraced="1253596" workStackOverflowCount="0" />
</gc-op>
<gc-op id="2092" type="card-cleaning" timems="0.450" contextid="2073" timestamp="2019-06-17T06:59:28.687">
  <card-cleaning cardsCleaned="22" bytesTraced="286432" workStackOverflowCount="0" />
</gc-op>
<gc-op id="2093" type="mark" timems="1.555" contextid="2073" timestamp="2019-06-17T06:59:28.689">
  <trace-info objectcount="57559" scancount="52291" scanbytes="1880188" />
  <finalization candidates="58" enqueued="0" />
  <ownableSynchronizers candidates="8" cleared="0" />
  <references type="soft" candidates="98" cleared="0" enqueued="0" dynamicThreshold="0" maxThreshold="32" />
  <references type="weak" candidates="832" cleared="16" enqueued="16" />
  <references type="phantom" candidates="78" cleared="0" enqueued="0" />
  <stringconstants candidates="4991" cleared="0"  />
</gc-op>
<gc-op id="2094" type="sweep" timems="0.298" contextid="2073" timestamp="2019-06-17T06:59:28.690" />
<mem-info id="2095" free="1317808" total="14155776" percent="9">
  <mem type="nursery" free="1297848" total="8912896" percent="14">
    <mem type="allocate" free="1297848" total="4521984" percent="28" />
    <mem type="survivor" free="0" total="4390912" percent="0" />
  </mem>
  <mem type="tenure" free="19960" total="5242880" percent="0" micro-fragmented="4624" macro-fragmented="0">
    <mem type="soa" free="19960" total="5242880" percent="0" />
    <mem type="loa" free="0" total="0" percent="0" />
  </mem>
  <pending-finalizers system="0" default="0" reference="16" classloader="0" />
  <remembered-set count="433" />
</mem-info>
<gc-op id="2096" type="compact" timems="19.147" contextid="2073" timestamp="2019-06-17T06:59:28.709">
  <compact-info movecount="159072" movebytes="6358384" reason="compact to aid heap contraction" />
</gc-op>
<gc-end id="2097" type="global" contextid="2073" durationms="23.947" usertimems="44.000" systemtimems="0.000" timestamp="2019-06-17T06:59:28.709" activeThreads="4">
  <mem-info id="2098" free="1467976" total="14155776" percent="10">
    <mem type="nursery" free="1446736" total="8912896" percent="16">
      <mem type="allocate" free="1446736" total="4521984" percent="31" />
      <mem type="survivor" free="0" total="4390912" percent="0" />
    </mem>
    <mem type="tenure" free="21240" total="5242880" percent="0">
      <mem type="soa" free="21240" total="5242880" percent="0" />
      <mem type="loa" free="0" total="0" percent="0" />
    </mem>
    <pending-finalizers system="0" default="0" reference="16" classloader="0" />
    <remembered-set count="433" />
  </mem-info>
</gc-end>
<cycle-end id="2099" type="global" contextid="2073" timestamp="2019-06-17T06:59:28.709" />
  <attribute name="elasticGC enabled" value="1" />
  <attribute name= "numThreadsSpecified" value="4" />
  <attribute name="heapSize specified" value="14155776" />
  <attribute name="Current GC Util" value="91" />
  <attribute name= "Current Time Running" value="3858" />
  <attribute name ="GC Interval" value="4000" />
  <attribute name="ProportionalT" value="71.000000" />
  <attribute name="ProportionalI" value="71.000000" />
  <attribute name="ProportionalH" value="71.000000" />
  <attribute name="Current Error" value="71.000000" />
  <attribute name="IntegralT" value="1349.000000" />
  <attribute name="IntegralI" value="1349.000000" />
  <attribute name="IntegralH" value="1349.000000" />
  <attribute name="DerivativeT" value="3.052632" />
  <attribute name="DerivativeI" value="3.052632" />
  <attribute name="DerivativeH" value="3.052632" />
  <attribute name="Loop Time for DT" value="19.000000" />
  <attribute name="Output H" value="8388608"/>
  <attribute name="Output I" value="1424"/>
  <attribute name="Output T" value="4"/>
  <attribute name="Target GC Util Change" value ="20.000000" />
  <attribute name="Current GC Util Change" value="91.000000"/>
  <attribute name="GC Util currently" value="91" />
  <attribute name="CPU Util currently" value="238919905141" />
<concurrent-collection-end id="2100" timestamp="2019-06-17T06:59:28.709" />
<exclusive-end id="2101" timestamp="2019-06-17T06:59:28.710" durationms="26.328" />

<exclusive-start id="2102" timestamp="2019-06-17T06:59:28.728" intervalms="44.003">
  <response-info timems="17.353" idlems="17.353" threads="0" lastid="0000000001787000" lastname="PmdThread 4" />
</exclusive-start>
<af-start id="2103" threadId="0000000001787988" totalBytesRequested="40" timestamp="2019-06-17T06:59:28.728" intervalms="56.278" type="nursery" />
<cycle-start id="2104" type="scavenge" contextid="0" timestamp="2019-06-17T06:59:28.728" intervalms="56.276" />
<gc-start id="2105" type="scavenge" contextid="2104" timestamp="2019-06-17T06:59:28.728">
  <mem-info id="2106" free="1234504" total="14155776" percent="8">
    <mem type="nursery" free="1213264" total="8912896" percent="13">
      <mem type="allocate" free="1213264" total="4521984" percent="26" />
      <mem type="survivor" free="0" total="4390912" percent="0" />
    </mem>
    <mem type="tenure" free="21240" total="5242880" percent="0">
      <mem type="soa" free="21240" total="5242880" percent="0" />
      <mem type="loa" free="0" total="0" percent="0" />
    </mem>
    <remembered-set count="439" />
  </mem-info>
</gc-start>
<allocation-stats totalBytes="233256" >
  <allocated-bytes non-tlh="0" tlh="233256" />
  <largest-consumer threadName="PmdThread 3" threadId="0000000001783400" bytes="212912" />
</allocation-stats>
<gc-op id="2107" type="scavenge" timems="2.591" contextid="2104" timestamp="2019-06-17T06:59:28.731">
  <scavenger-info tenureage="1" tenuremask="7ffe" tiltratio="50" />
  <memory-copied type="nursery" objects="73051" bytes="2965032" bytesdiscarded="64696" />
  <memory-copied type="tenure" objects="448" bytes="21232" bytesdiscarded="8" />
  <copy-failed type="tenure" objects="69479" bytes="2775704" />
  <ownableSynchronizers candidates="16" cleared="16" />
  <references type="soft" candidates="4" cleared="4" enqueued="0" dynamicThreshold="0" maxThreshold="32" />
  <references type="weak" candidates="9" cleared="9" enqueued="9" />
  <references type="phantom" candidates="1" cleared="1" enqueued="1" />
</gc-op>
<gc-end id="2108" type="scavenge" contextid="2104" durationms="2.755" usertimems="8.000" systemtimems="0.000" timestamp="2019-06-17T06:59:28.731" activeThreads="4">
  <mem-info id="2109" free="1623168" total="14155776" percent="11">
    <mem type="nursery" free="1623168" total="8912896" percent="18">
      <mem type="allocate" free="1623168" total="4653056" percent="34" />
      <mem type="survivor" free="0" total="4259840" percent="0" />
    </mem>
    <mem type="tenure" free="0" total="5242880" percent="0">
      <mem type="soa" free="0" total="5242880" percent="0" />
      <mem type="loa" free="0" total="0" percent="0" />
    </mem>
    <pending-finalizers system="0" default="0" reference="10" classloader="0" />
    <remembered-set count="465" />
  </mem-info>
</gc-end>
<cycle-end id="2110" type="scavenge" contextid="2104" timestamp="2019-06-17T06:59:28.731" />
  <attribute name="elasticGC enabled" value="1" />
  <attribute name= "numThreadsSpecified" value="4" />
  <attribute name="heapSize specified" value="14155776" />
  <attribute name="Current GC Util" value="119" />
  <attribute name= "Current Time Running" value="3877" />
  <attribute name ="GC Interval" value="1984" />
  <attribute name="ProportionalT" value="99.000000" />
  <attribute name="ProportionalI" value="99.000000" />
  <attribute name="ProportionalH" value="99.000000" />
  <attribute name="Current Error" value="99.000000" />
  <attribute name="IntegralT" value="1881.000000" />
  <attribute name="IntegralI" value="1881.000000" />
  <attribute name="IntegralH" value="1881.000000" />
  <attribute name="DerivativeT" value="1.473684" />
  <attribute name="DerivativeI" value="1.473684" />
  <attribute name="DerivativeH" value="1.473684" />
  <attribute name="Loop Time for DT" value="19.000000" />
  <attribute name="Output H" value="8388608"/>
  <attribute name="Output I" value="1984"/>
  <attribute name="Output T" value="4"/>
  <attribute name="Target GC Util Change" value ="20.000000" />
  <attribute name="Current GC Util Change" value="119.000000"/>
  <attribute name="GC Util currently" value="119" />
  <attribute name="CPU Util currently" value="244640421432" />
<allocation-satisfied id="2111" threadId="0000000001787000" bytesRequested="40" />
<af-end id="2112" timestamp="2019-06-17T06:59:28.731" threadId="0000000001787988" success="true" from="nursery"/>
<exclusive-end id="2113" timestamp="2019-06-17T06:59:28.731" durationms="3.393" />

<concurrent-kickoff id="2114" timestamp="2019-06-17T06:59:28.735">
  <kickoff reason="next scavenge will percolate" targetBytes="2373978" thresholdFreeBytes="321791"  remainingFree="287872" tenureFreeBytes="0" nurseryFreeBytes="287872" />
</concurrent-kickoff>
<exclusive-start id="2115" timestamp="2019-06-17T06:59:28.735" intervalms="7.759">
  <response-info timems="0.057" idlems="0.057" threads="0" lastid="0000000001787000" lastname="PmdThread 4" />
</exclusive-start>
<cycle-start id="2116" type="global" contextid="0" timestamp="2019-06-17T06:59:28.735" intervalms="65.491" />
<exclusive-end id="2117" timestamp="2019-06-17T06:59:28.736" durationms="0.148" />

<exclusive-start id="2118" timestamp="2019-06-17T06:59:28.738" intervalms="2.602">
  <response-info timems="0.059" idlems="0.033" threads="1" lastid="0000000001777C00" lastname="PmdThread 1" />
</exclusive-start>
<af-start id="2119" threadId="0000000001783D88" totalBytesRequested="48" timestamp="2019-06-17T06:59:28.738" intervalms="10.396" type="nursery" />
<percolate-collect id="2120" from="nursery" to="global" reason="failed tenure threshold reached" timestamp="2019-06-17T06:59:28.738"/>
<gc-start id="2121" type="global" contextid="2116" timestamp="2019-06-17T06:59:28.738">
  <mem-info id="2122" free="0" total="14155776" percent="0">
    <mem type="nursery" free="0" total="8912896" percent="0">
      <mem type="allocate" free="0" total="4653056" percent="0" />
      <mem type="survivor" free="0" total="4259840" percent="0" />
    </mem>
    <mem type="tenure" free="0" total="5242880" percent="0">
      <mem type="soa" free="0" total="5242880" percent="0" />
      <mem type="loa" free="0" total="0" percent="0" />
    </mem>
    <remembered-set count="812" />
  </mem-info>
</gc-start>
<allocation-stats totalBytes="1622432" >
  <allocated-bytes non-tlh="40" tlh="1622392" />
  <largest-consumer threadName="PmdThread 4" threadId="0000000001787000" bytes="906176" />
</allocation-stats>
<concurrent-halted id="2123" timestamp="2019-06-17T06:59:28.738">
  <halted state="Class scanning incomplete" status="clean trace" />
  <traced bytesTarget="2373978" bytesTotal="520008" bytesByMutator="0" bytesByHelper="520008" percent="21" />
  <cards cleaned="0" thresholdBytes="126765" />
</concurrent-halted>
<gc-op id="2124" type="tracing" timems="1.037" contextid="2116" timestamp="2019-06-17T06:59:28.739">
  <trace bytesTraced="1669424" workStackOverflowCount="0" />
</gc-op>
<gc-op id="2125" type="rs-scan" timems="0.177" contextid="2116" timestamp="2019-06-17T06:59:28.740">
  <scan objectsFound="244" bytesTraced="23732" workStackOverflowCount="0" />
</gc-op>
<gc-op id="2126" type="card-cleaning" timems="1.593" contextid="2116" timestamp="2019-06-17T06:59:28.741">
  <card-cleaning cardsCleaned="183" bytesTraced="3386372" workStackOverflowCount="0" />
</gc-op>
<gc-op id="2127" type="mark" timems="0.896" contextid="2116" timestamp="2019-06-17T06:59:28.742">
  <trace-info objectcount="15330" scancount="12710" scanbytes="384372" />
  <finalization candidates="58" enqueued="0" />
  <ownableSynchronizers candidates="8" cleared="0" />
  <references type="soft" candidates="102" cleared="4" enqueued="0" dynamicThreshold="0" maxThreshold="32" />
  <references type="weak" candidates="825" cleared="9" enqueued="9" />
  <references type="phantom" candidates="78" cleared="1" enqueued="1" />
  <stringconstants candidates="4991" cleared="0"  />
</gc-op>
<gc-op id="2128" type="sweep" timems="0.329" contextid="2116" timestamp="2019-06-17T06:59:28.743" />
<mem-info id="2129" free="839008" total="14155776" percent="5">
  <mem type="nursery" free="829776" total="8912896" percent="9">
    <mem type="allocate" free="829776" total="4653056" percent="17" />
    <mem type="survivor" free="0" total="4259840" percent="0" />
  </mem>
  <mem type="tenure" free="9232" total="5242880" percent="0" micro-fragmented="15387" macro-fragmented="0">
    <mem type="soa" free="9232" total="5242880" percent="0" />
    <mem type="loa" free="0" total="0" percent="0" />
  </mem>
  <pending-finalizers system="0" default="0" reference="10" classloader="0" />
  <remembered-set count="800" />
</mem-info>
<gc-op id="2130" type="compact" timems="19.329" contextid="2116" timestamp="2019-06-17T06:59:28.762">
  <compact-info movecount="166019" movebytes="6612280" reason="compact to aid heap contraction" />
</gc-op>
<gc-end id="2131" type="global" contextid="2116" durationms="24.290" usertimems="48.000" systemtimems="4.000" timestamp="2019-06-17T06:59:28.763" activeThreads="4">
  <mem-info id="2132" free="1345168" total="14155776" percent="9">
    <mem type="nursery" free="1330336" total="8912896" percent="14">
      <mem type="allocate" free="1330336" total="4653056" percent="28" />
      <mem type="survivor" free="0" total="4259840" percent="0" />
    </mem>
    <mem type="tenure" free="14832" total="5242880" percent="0">
      <mem type="soa" free="14832" total="5242880" percent="0" />
      <mem type="loa" free="0" total="0" percent="0" />
    </mem>
    <pending-finalizers system="0" default="0" reference="10" classloader="0" />
    <remembered-set count="800" />
  </mem-info>
</gc-end>
<cycle-end id="2133" type="global" contextid="2116" timestamp="2019-06-17T06:59:28.763" />
  <attribute name="elasticGC enabled" value="1" />
  <attribute name= "numThreadsSpecified" value="4" />
  <attribute name="heapSize specified" value="14155776" />
  <attribute name="Current GC Util" value="102" />
  <attribute name= "Current Time Running" value="3912" />
  <attribute name ="GC Interval" value="1984" />
  <attribute name="ProportionalT" value="82.000000" />
  <attribute name="ProportionalI" value="82.000000" />
  <attribute name="ProportionalH" value="82.000000" />
  <attribute name="Current Error" value="82.000000" />
  <attribute name="IntegralT" value="1640.000000" />
  <attribute name="IntegralI" value="1640.000000" />
  <attribute name="IntegralH" value="1640.000000" />
  <attribute name="DerivativeT" value="3.250000" />
  <attribute name="DerivativeI" value="3.250000" />
  <attribute name="DerivativeH" value="3.250000" />
  <attribute name="Loop Time for DT" value="20.000000" />
  <attribute name="Output H" value="8388608"/>
  <attribute name="Output I" value="1728"/>
  <attribute name="Output T" value="4"/>
  <attribute name="Target GC Util Change" value ="20.000000" />
  <attribute name="Current GC Util Change" value="102.000000"/>
  <attribute name="GC Util currently" value="102" />
  <attribute name="CPU Util currently" value="237119844762" />
<allocation-satisfied id="2134" threadId="0000000001783400" bytesRequested="48" />
<af-end id="2135" timestamp="2019-06-17T06:59:28.763" threadId="0000000001783D88" success="true" from="nursery"/>
<exclusive-end id="2136" timestamp="2019-06-17T06:59:28.763" durationms="24.985" />

<concurrent-kickoff id="2137" timestamp="2019-06-17T06:59:28.765">
  <kickoff reason="threshold reached" targetBytes="5575804" thresholdFreeBytes="756510"  remainingFree="736368" tenureFreeBytes="14832" nurseryFreeBytes="736368" />
</concurrent-kickoff>
<exclusive-start id="2138" timestamp="2019-06-17T06:59:28.768" intervalms="29.526">
  <response-info timems="1.234" idlems="1.234" threads="0" lastid="0000000001777C00" lastname="PmdThread 1" />
</exclusive-start>
<cycle-start id="2139" type="global" contextid="0" timestamp="2019-06-17T06:59:28.768" intervalms="32.130" />
<exclusive-end id="2140" timestamp="2019-06-17T06:59:28.768" durationms="0.135" />

<exclusive-start id="2141" timestamp="2019-06-17T06:59:28.774" intervalms="6.403">
  <response-info timems="0.075" idlems="0.040" threads="1" lastid="0000000001787000" lastname="PmdThread 4" />
</exclusive-start>
<af-start id="2142" threadId="0000000001783D88" totalBytesRequested="16392" timestamp="2019-06-17T06:59:28.774" intervalms="35.929" type="nursery" />
<cycle-start id="2143" type="scavenge" contextid="0" timestamp="2019-06-17T06:59:28.774" intervalms="46.379" />
<gc-start id="2144" type="scavenge" contextid="2143" timestamp="2019-06-17T06:59:28.774">
  <mem-info id="2145" free="14832" total="14155776" percent="0">
    <mem type="nursery" free="0" total="8912896" percent="0">
      <mem type="allocate" free="0" total="4653056" percent="0" />
      <mem type="survivor" free="0" total="4259840" percent="0" />
    </mem>
    <mem type="tenure" free="14832" total="5242880" percent="0">
      <mem type="soa" free="14832" total="5242880" percent="0" />
      <mem type="loa" free="0" total="0" percent="0" />
    </mem>
    <remembered-set count="1095" />
  </mem-info>
</gc-start>
<allocation-stats totalBytes="1322752" >
  <allocated-bytes non-tlh="8248" tlh="1314504" />
  <largest-consumer threadName="PmdThread 4" threadId="0000000001787000" bytes="475000" />
</allocation-stats>
<gc-op id="2146" type="scavenge" timems="4.252" contextid="2143" timestamp="2019-06-17T06:59:28.779">
  <scavenger-info tenureage="1" tenuremask="7ffe" tiltratio="52" />
  <memory-copied type="nursery" objects="86697" bytes="3550280" bytesdiscarded="74632" />
  <memory-copied type="tenure" objects="175" bytes="14824" bytesdiscarded="8" />
  <copy-failed type="tenure" objects="71907" bytes="2925624" />
  <ownableSynchronizers candidates="16" cleared="16" />
  <references type="weak" candidates="2" cleared="2" enqueued="2" />
  <references type="phantom" candidates="2" cleared="0" enqueued="0" />
</gc-op>
<heap-resize id="2147" type="expand" space="nursery" amount="524288" count="1" timems="0.017" reason="excessive time being spent scavenging" timestamp="2019-06-17T06:59:28.779" />
<gc-end id="2148" type="scavenge" contextid="2143" durationms="4.834" usertimems="12.000" systemtimems="0.000" timestamp="2019-06-17T06:59:28.779" activeThreads="4">
  <mem-info id="2149" free="1092480" total="14680064" percent="7">
    <mem type="nursery" free="1092480" total="9437184" percent="11">
      <mem type="allocate" free="1092480" total="4718592" percent="23" />
      <mem type="survivor" free="0" total="4718592" percent="0" />
    </mem>
    <mem type="tenure" free="0" total="5242880" percent="0">
      <mem type="soa" free="0" total="5242880" percent="0" />
      <mem type="loa" free="0" total="0" percent="0" />
    </mem>
    <pending-finalizers system="0" default="0" reference="2" classloader="0" />
    <remembered-set count="1071" />
  </mem-info>
</gc-end>
<cycle-end id="2150" type="scavenge" contextid="2143" timestamp="2019-06-17T06:59:28.779" />
  <attribute name="elasticGC enabled" value="1" />
  <attribute name= "numThreadsSpecified" value="4" />
  <attribute name="heapSize specified" value="14155776" />
  <attribute name="Current GC Util" value="381" />
  <attribute name= "Current Time Running" value="3924" />
  <attribute name ="GC Interval" value="4000" />
  <attribute name="ProportionalT" value="361.000000" />
  <attribute name="ProportionalI" value="361.000000" />
  <attribute name="ProportionalH" value="361.000000" />
  <attribute name="Current Error" value="361.000000" />
  <attribute name="IntegralT" value="4332.000000" />
  <attribute name="IntegralI" value="4332.000000" />
  <attribute name="IntegralH" value="4332.000000" />
  <attribute name="DerivativeT" value="23.250000" />
  <attribute name="DerivativeI" value="23.250000" />
  <attribute name="DerivativeH" value="23.250000" />
  <attribute name="Loop Time for DT" value="12.000000" />
  <attribute name="Output H" value="8388608"/>
  <attribute name="Output I" value="4000"/>
  <attribute name="Output T" value="4"/>
  <attribute name="Target GC Util Change" value ="20.000000" />
  <attribute name="Current GC Util Change" value="381.000000"/>
  <attribute name="GC Util currently" value="381" />
  <attribute name="CPU Util currently" value="382694936880" />
<allocation-satisfied id="2151" threadId="0000000001783400" bytesRequested="16392" />
<af-end id="2152" timestamp="2019-06-17T06:59:28.780" threadId="0000000001783D88" success="true" from="nursery"/>
<exclusive-end id="2153" timestamp="2019-06-17T06:59:28.780" durationms="5.903" />

<exclusive-start id="2154" timestamp="2019-06-17T06:59:28.782" intervalms="8.049">
  <response-info timems="1.477" idlems="0.968" threads="1" lastid="0000000001783400" lastname="PmdThread 3" />
</exclusive-start>
<concurrent-collection-start id="2155" timestamp="2019-06-17T06:59:28.782" intervalms="98.366" >
  <concurrent-trace-info reason="card cleaning threshold reached" tracedByMutators="1893368" tracedByHelpers="664216" cardsCleaned="173" workStackOverflowCount="0" />
</concurrent-collection-start>
<gc-start id="2156" type="global" contextid="2139" timestamp="2019-06-17T06:59:28.782">
  <mem-info id="2157" free="908144" total="14680064" percent="6">
    <mem type="nursery" free="908144" total="9437184" percent="9">
      <mem type="allocate" free="908144" total="4718592" percent="19" />
      <mem type="survivor" free="0" total="4718592" percent="0" />
    </mem>
    <mem type="tenure" free="0" total="5242880" percent="0">
      <mem type="soa" free="0" total="5242880" percent="0" />
      <mem type="loa" free="0" total="0" percent="0" />
    </mem>
    <remembered-set count="1098" />
  </mem-info>
</gc-start>
<allocation-stats totalBytes="184312" >
  <allocated-bytes non-tlh="32784" tlh="151528" />
  <largest-consumer threadName="PmdThread 4" threadId="0000000001787000" bytes="85992" />
</allocation-stats>
<gc-op id="2158" type="rs-scan" timems="3.678" contextid="2139" timestamp="2019-06-17T06:59:28.786">
  <scan objectsFound="358" bytesTraced="3112956" workStackOverflowCount="0" />
</gc-op>
<gc-op id="2159" type="card-cleaning" timems="0.640" contextid="2139" timestamp="2019-06-17T06:59:28.787">
  <card-cleaning cardsCleaned="206" bytesTraced="578148" workStackOverflowCount="0" />
</gc-op>
<gc-op id="2160" type="mark" timems="1.280" contextid="2139" timestamp="2019-06-17T06:59:28.788">
  <trace-info objectcount="242" scancount="206" scanbytes="6856" />
  <finalization candidates="58" enqueued="0" />
  <ownableSynchronizers candidates="8" cleared="0" />
  <references type="soft" candidates="98" cleared="0" enqueued="0" dynamicThreshold="0" maxThreshold="32" />
  <references type="weak" candidates="816" cleared="0" enqueued="0" />
  <references type="phantom" candidates="79" cleared="0" enqueued="0" />
  <stringconstants candidates="4991" cleared="0"  />
</gc-op>
<gc-op id="2161" type="sweep" timems="0.422" contextid="2139" timestamp="2019-06-17T06:59:28.789" />
<mem-info id="2162" free="1157664" total="14680064" percent="7">
  <mem type="nursery" free="1157664" total="9437184" percent="12">
    <mem type="allocate" free="1157664" total="4718592" percent="24" />
    <mem type="survivor" free="0" total="4718592" percent="0" />
  </mem>
  <mem type="tenure" free="0" total="5242880" percent="0" micro-fragmented="7957" macro-fragmented="0">
    <mem type="soa" free="0" total="5242880" percent="0" />
    <mem type="loa" free="0" total="0" percent="0" />
  </mem>
  <remembered-set count="1095" />
</mem-info>
<gc-op id="2163" type="compact" timems="21.558" contextid="2139" timestamp="2019-06-17T06:59:28.810">
  <compact-info movecount="170565" movebytes="6827064" reason="compact to aid heap contraction" />
</gc-op>
<gc-end id="2164" type="global" contextid="2139" durationms="28.484" usertimems="52.000" systemtimems="4.000" timestamp="2019-06-17T06:59:28.811" activeThreads="4">
  <mem-info id="2165" free="1177808" total="14680064" percent="8">
    <mem type="nursery" free="1166840" total="9437184" percent="12">
      <mem type="allocate" free="1166840" total="4718592" percent="24" />
      <mem type="survivor" free="0" total="4718592" percent="0" />
    </mem>
    <mem type="tenure" free="10968" total="5242880" percent="0">
      <mem type="soa" free="10968" total="5242880" percent="0" />
      <mem type="loa" free="0" total="0" percent="0" />
    </mem>
    <remembered-set count="1095" />
  </mem-info>
</gc-end>
<cycle-end id="2166" type="global" contextid="2139" timestamp="2019-06-17T06:59:28.811" />
  <attribute name="elasticGC enabled" value="1" />
  <attribute name= "numThreadsSpecified" value="4" />
  <attribute name="heapSize specified" value="14680064" />
  <attribute name="Current GC Util" value="104" />
  <attribute name= "Current Time Running" value="3960" />
  <attribute name ="GC Interval" value="4000" />
  <attribute name="ProportionalT" value="84.000000" />
  <attribute name="ProportionalI" value="84.000000" />
  <attribute name="ProportionalH" value="84.000000" />
  <attribute name="Current Error" value="84.000000" />
  <attribute name="IntegralT" value="1848.000000" />
  <attribute name="IntegralI" value="1848.000000" />
  <attribute name="IntegralH" value="1848.000000" />
  <attribute name="DerivativeT" value="1.090909" />
  <attribute name="DerivativeI" value="1.090909" />
  <attribute name="DerivativeH" value="1.090909" />
  <attribute name="Loop Time for DT" value="22.000000" />
  <attribute name="Output H" value="8388608"/>
  <attribute name="Output I" value="1936"/>
  <attribute name="Output T" value="4"/>
  <attribute name="Target GC Util Change" value ="20.000000" />
  <attribute name="Current GC Util Change" value="104.000000"/>
  <attribute name="GC Util currently" value="104" />
  <attribute name="CPU Util currently" value="212565416669" />
<concurrent-collection-end id="2167" timestamp="2019-06-17T06:59:28.811" />
<exclusive-end id="2168" timestamp="2019-06-17T06:59:28.811" durationms="29.204" />

<concurrent-kickoff id="2169" timestamp="2019-06-17T06:59:28.814">
  <kickoff reason="threshold reached" targetBytes="2629153" thresholdFreeBytes="348184"  remainingFree="286200" tenureFreeBytes="10968" nurseryFreeBytes="286200" />
</concurrent-kickoff>
<exclusive-start id="2170" timestamp="2019-06-17T06:59:28.820" intervalms="38.012">
  <response-info timems="5.898" idlems="2.958" threads="1" lastid="000000000146EF00" lastname="JIT Compilation Thread-1" />
</exclusive-start>
<cycle-start id="2171" type="global" contextid="0" timestamp="2019-06-17T06:59:28.820" intervalms="52.500" />
<exclusive-end id="2172" timestamp="2019-06-17T06:59:28.820" durationms="0.162" />

<exclusive-start id="2173" timestamp="2019-06-17T06:59:28.823" intervalms="2.546">
  <response-info timems="0.509" idlems="0.451" threads="1" lastid="0000000001787000" lastname="PmdThread 4" />
</exclusive-start>
<af-start id="2174" threadId="0000000001783D88" totalBytesRequested="16" timestamp="2019-06-17T06:59:28.823" intervalms="48.539" type="nursery" />
<cycle-start id="2175" type="scavenge" contextid="0" timestamp="2019-06-17T06:59:28.823" intervalms="48.473" />
<gc-start id="2176" type="scavenge" contextid="2175" timestamp="2019-06-17T06:59:28.823">
  <mem-info id="2177" free="10968" total="14680064" percent="0">
    <mem type="nursery" free="0" total="9437184" percent="0">
      <mem type="allocate" free="0" total="4718592" percent="0" />
      <mem type="survivor" free="0" total="4718592" percent="0" />
    </mem>
    <mem type="tenure" free="10968" total="5242880" percent="0">
      <mem type="soa" free="10968" total="5242880" percent="0" />
      <mem type="loa" free="0" total="0" percent="0" />
    </mem>
    <remembered-set count="1410" />
  </mem-info>
</gc-start>
<allocation-stats totalBytes="1166256" >
  <allocated-bytes non-tlh="0" tlh="1166256" />
  <largest-consumer threadName="PmdThread 1" threadId="0000000001777C00" bytes="736568" />
</allocation-stats>
<gc-op id="2178" type="scavenge" timems="3.586" contextid="2175" timestamp="2019-06-17T06:59:28.826">
  <scavenger-info tenureage="1" tenuremask="7ffe" tiltratio="50" />
  <memory-copied type="nursery" objects="89603" bytes="3617712" bytesdiscarded="80720" />
  <memory-copied type="tenure" objects="53" bytes="10968" bytesdiscarded="0" />
  <copy-failed type="tenure" objects="86055" bytes="3454744" />
  <ownableSynchronizers candidates="16" cleared="16" />
  <references type="soft" candidates="4" cleared="4" enqueued="0" dynamicThreshold="0" maxThreshold="32" />
  <references type="weak" candidates="23" cleared="23" enqueued="23" />
  <references type="phantom" candidates="2" cleared="1" enqueued="1" />
</gc-op>
<gc-end id="2179" type="scavenge" contextid="2175" durationms="3.997" usertimems="8.000" systemtimems="0.000" timestamp="2019-06-17T06:59:28.827" activeThreads="4">
  <mem-info id="2180" free="1609904" total="14680064" percent="10">
    <mem type="nursery" free="1609904" total="9437184" percent="17">
      <mem type="allocate" free="1609904" total="5308416" percent="30" />
      <mem type="survivor" free="0" total="4128768" percent="0" />
    </mem>
    <mem type="tenure" free="0" total="5242880" percent="0">
      <mem type="soa" free="0" total="5242880" percent="0" />
      <mem type="loa" free="0" total="0" percent="0" />
    </mem>
    <pending-finalizers system="0" default="0" reference="24" classloader="0" />
    <remembered-set count="1398" />
  </mem-info>
</gc-end>
<cycle-end id="2181" type="scavenge" contextid="2175" timestamp="2019-06-17T06:59:28.827" />
  <attribute name="elasticGC enabled" value="1" />
  <attribute name= "numThreadsSpecified" value="4" />
  <attribute name="heapSize specified" value="14680064" />
  <attribute name="Current GC Util" value="204" />
  <attribute name= "Current Time Running" value="3972" />
  <attribute name ="GC Interval" value="2400" />
  <attribute name="ProportionalT" value="184.000000" />
  <attribute name="ProportionalI" value="184.000000" />
  <attribute name="ProportionalH" value="184.000000" />
  <attribute name="Current Error" value="184.000000" />
  <attribute name="IntegralT" value="2208.000000" />
  <attribute name="IntegralI" value="2208.000000" />
  <attribute name="IntegralH" value="2208.000000" />
  <attribute name="DerivativeT" value="8.333333" />
  <attribute name="DerivativeI" value="8.333333" />
  <attribute name="DerivativeH" value="8.333333" />
  <attribute name="Loop Time for DT" value="12.000000" />
  <attribute name="Output H" value="8388608"/>
  <attribute name="Output I" value="2400"/>
  <attribute name="Output T" value="4"/>
  <attribute name="Target GC Util Change" value ="20.000000" />
  <attribute name="Current GC Util Change" value="204.000000"/>
  <attribute name="GC Util currently" value="204" />
  <attribute name="CPU Util currently" value="373142041625" />
<allocation-satisfied id="2182" threadId="0000000001783400" bytesRequested="16" />
<af-end id="2183" timestamp="2019-06-17T06:59:28.827" threadId="0000000001783D88" success="true" from="nursery"/>
<exclusive-end id="2184" timestamp="2019-06-17T06:59:28.827" durationms="4.746" />

<exclusive-start id="2185" timestamp="2019-06-17T06:59:28.830" intervalms="7.053">
  <response-info timems="0.105" idlems="0.054" threads="1" lastid="0000000001787000" lastname="PmdThread 4" />
</exclusive-start>
<concurrent-collection-start id="2186" timestamp="2019-06-17T06:59:28.830" intervalms="47.602" >
  <concurrent-trace-info reason="card cleaning threshold reached" tracedByMutators="1289884" tracedByHelpers="1185972" cardsCleaned="26" workStackOverflowCount="0" />
</concurrent-collection-start>
<gc-start id="2187" type="global" contextid="2171" timestamp="2019-06-17T06:59:28.830">
  <mem-info id="2188" free="1233056" total="14680064" percent="8">
    <mem type="nursery" free="1233056" total="9437184" percent="13">
      <mem type="allocate" free="1233056" total="5308416" percent="23" />
      <mem type="survivor" free="0" total="4128768" percent="0" />
    </mem>
    <mem type="tenure" free="0" total="5242880" percent="0">
      <mem type="soa" free="0" total="5242880" percent="0" />
      <mem type="loa" free="0" total="0" percent="0" />
    </mem>
    <remembered-set count="1400" />
  </mem-info>
</gc-start>
<allocation-stats totalBytes="376408" >
  <allocated-bytes non-tlh="16" tlh="376392" />
  <largest-consumer threadName="PmdThread 3" threadId="0000000001783400" bytes="183936" />
</allocation-stats>
<gc-op id="2189" type="rs-scan" timems="3.997" contextid="2171" timestamp="2019-06-17T06:59:28.834">
  <scan objectsFound="846" bytesTraced="3360796" workStackOverflowCount="0" />
</gc-op>
<gc-op id="2190" type="card-cleaning" timems="0.484" contextid="2171" timestamp="2019-06-17T06:59:28.834">
  <card-cleaning cardsCleaned="9" bytesTraced="340464" workStackOverflowCount="0" />
</gc-op>
<gc-op id="2191" type="mark" timems="1.953" contextid="2171" timestamp="2019-06-17T06:59:28.836">
  <trace-info objectcount="2194" scancount="1866" scanbytes="62320" />
  <finalization candidates="58" enqueued="0" />
  <ownableSynchronizers candidates="8" cleared="0" />
  <references type="soft" candidates="98" cleared="0" enqueued="0" dynamicThreshold="0" maxThreshold="32" />
  <references type="weak" candidates="840" cleared="24" enqueued="24" />
  <references type="phantom" candidates="77" cleared="0" enqueued="0" />
  <stringconstants candidates="4991" cleared="0"  />
</gc-op>
<gc-op id="2192" type="sweep" timems="0.676" contextid="2171" timestamp="2019-06-17T06:59:28.837" />
<mem-info id="2193" free="1746752" total="14680064" percent="11">
  <mem type="nursery" free="1726072" total="9437184" percent="18">
    <mem type="allocate" free="1726072" total="5308416" percent="32" />
    <mem type="survivor" free="0" total="4128768" percent="0" />
  </mem>
  <mem type="tenure" free="20680" total="5242880" percent="0" micro-fragmented="6659" macro-fragmented="0">
    <mem type="soa" free="20680" total="5242880" percent="0" />
    <mem type="loa" free="0" total="0" percent="0" />
  </mem>
  <pending-finalizers system="0" default="0" reference="24" classloader="0" />
  <remembered-set count="1387" />
</mem-info>
<gc-op id="2194" type="compact" timems="25.260" contextid="2171" timestamp="2019-06-17T06:59:28.863">
  <compact-info movecount="171578" movebytes="6801016" reason="compact to aid heap contraction" />
</gc-op>
<gc-end id="2195" type="global" contextid="2171" durationms="33.655" usertimems="60.000" systemtimems="0.000" timestamp="2019-06-17T06:59:28.863" activeThreads="4">
  <mem-info id="2196" free="1804024" total="14680064" percent="12">
    <mem type="nursery" free="1768840" total="9437184" percent="18">
      <mem type="allocate" free="1768840" total="5308416" percent="33" />
      <mem type="survivor" free="0" total="4128768" percent="0" />
    </mem>
    <mem type="tenure" free="35184" total="5242880" percent="0">
      <mem type="soa" free="35184" total="5242880" percent="0" />
      <mem type="loa" free="0" total="0" percent="0" />
    </mem>
    <pending-finalizers system="0" default="0" reference="24" classloader="0" />
    <remembered-set count="1387" />
  </mem-info>
</gc-end>
<cycle-end id="2197" type="global" contextid="2171" timestamp="2019-06-17T06:59:28.864" />
  <attribute name="elasticGC enabled" value="1" />
  <attribute name= "numThreadsSpecified" value="4" />
  <attribute name="heapSize specified" value="14680064" />
  <attribute name="Current GC Util" value="97" />
  <attribute name= "Current Time Running" value="4013" />
  <attribute name ="GC Interval" value="2400" />
  <attribute name="ProportionalT" value="77.000000" />
  <attribute name="ProportionalI" value="77.000000" />
  <attribute name="ProportionalH" value="77.000000" />
  <attribute name="Current Error" value="77.000000" />
  <attribute name="IntegralT" value="2002.000000" />
  <attribute name="IntegralI" value="2002.000000" />
  <attribute name="IntegralH" value="2002.000000" />
  <attribute name="DerivativeT" value="1.538462" />
  <attribute name="DerivativeI" value="1.538462" />
  <attribute name="DerivativeH" value="1.538462" />
  <attribute name="Loop Time for DT" value="26.000000" />
  <attribute name="Output H" value="8388608"/>
  <attribute name="Output I" value="2080"/>
  <attribute name="Output T" value="4"/>
  <attribute name="Target GC Util Change" value ="20.000000" />
  <attribute name="Current GC Util Change" value="97.000000"/>
  <attribute name="GC Util currently" value="97" />
  <attribute name="CPU Util currently" value="181002921011" />
<concurrent-collection-end id="2198" timestamp="2019-06-17T06:59:28.864" />
<exclusive-end id="2199" timestamp="2019-06-17T06:59:28.864" durationms="34.295" />

<concurrent-kickoff id="2200" timestamp="2019-06-17T06:59:28.869">
  <kickoff reason="threshold reached" targetBytes="2590694" thresholdFreeBytes="339291"  remainingFree="335240" tenureFreeBytes="35184" nurseryFreeBytes="335240" />
</concurrent-kickoff>
<exclusive-start id="2201" timestamp="2019-06-17T06:59:28.896" intervalms="66.775">
  <response-info timems="26.976" idlems="26.976" threads="0" lastid="0000000001787000" lastname="PmdThread 4" />
</exclusive-start>
<cycle-start id="2202" type="global" contextid="0" timestamp="2019-06-17T06:59:28.897" intervalms="76.480" />
<exclusive-end id="2203" timestamp="2019-06-17T06:59:28.897" durationms="0.337" />

<exclusive-start id="2204" timestamp="2019-06-17T06:59:28.901" intervalms="4.529">
  <response-info timems="0.031" idlems="0.031" threads="0" lastid="0000000001787000" lastname="PmdThread 4" />
</exclusive-start>
<concurrent-collection-start id="2205" timestamp="2019-06-17T06:59:28.901" intervalms="71.375" >
  <concurrent-trace-info reason="card cleaning threshold reached" tracedByMutators="658216" tracedByHelpers="1247848" cardsCleaned="12" workStackOverflowCount="0" />
</concurrent-collection-start>
<gc-start id="2206" type="global" contextid="2202" timestamp="2019-06-17T06:59:28.901">
  <mem-info id="2207" free="35184" total="14680064" percent="0">
    <mem type="nursery" free="0" total="9437184" percent="0">
      <mem type="allocate" free="0" total="5308416" percent="0" />
      <mem type="survivor" free="0" total="4128768" percent="0" />
    </mem>
    <mem type="tenure" free="35184" total="5242880" percent="0">
      <mem type="soa" free="35184" total="5242880" percent="0" />
      <mem type="loa" free="0" total="0" percent="0" />
    </mem>
    <remembered-set count="1404" />
  </mem-info>
</gc-start>
<allocation-stats totalBytes="1768264" >
  <allocated-bytes non-tlh="0" tlh="1768264" />
  <largest-consumer threadName="PmdThread 4" threadId="0000000001787000" bytes="1469408" />
</allocation-stats>
<gc-op id="2208" type="rs-scan" timems="2.408" contextid="2202" timestamp="2019-06-17T06:59:28.904">
  <scan objectsFound="730" bytesTraced="2023768" workStackOverflowCount="0" />
</gc-op>
<gc-op id="2209" type="card-cleaning" timems="1.701" contextid="2202" timestamp="2019-06-17T06:59:28.905">
  <card-cleaning cardsCleaned="5" bytesTraced="2470748" workStackOverflowCount="0" />
</gc-op>
<gc-op id="2210" type="mark" timems="1.068" contextid="2202" timestamp="2019-06-17T06:59:28.907">
  <trace-info objectcount="7763" scancount="6647" scanbytes="193160" />
  <finalization candidates="58" enqueued="0" />
  <ownableSynchronizers candidates="8" cleared="0" />
  <references type="soft" candidates="98" cleared="0" enqueued="0" dynamicThreshold="0" maxThreshold="32" />
  <references type="weak" candidates="816" cleared="0" enqueued="0" />
  <references type="phantom" candidates="77" cleared="0" enqueued="0" />
  <stringconstants candidates="4991" cleared="0"  />
</gc-op>
<gc-op id="2211" type="sweep" timems="0.343" contextid="2202" timestamp="2019-06-17T06:59:28.907" />
<mem-info id="2212" free="787256" total="14680064" percent="5">
  <mem type="nursery" free="752072" total="9437184" percent="7">
    <mem type="allocate" free="752072" total="5308416" percent="14" />
    <mem type="survivor" free="0" total="4128768" percent="0" />
  </mem>
  <mem type="tenure" free="35184" total="5242880" percent="0" micro-fragmented="2048" macro-fragmented="0">
    <mem type="soa" free="35184" total="5242880" percent="0" />
    <mem type="loa" free="0" total="0" percent="0" />
  </mem>
  <remembered-set count="1403" />
</mem-info>
<gc-op id="2213" type="compact" timems="42.280" contextid="2202" timestamp="2019-06-17T06:59:28.950">
  <compact-info movecount="180028" movebytes="7122072" reason="compact to aid heap contraction" />
</gc-op>
<heap-resize id="2214" type="expand" space="tenure" amount="2077949952" count="1" timems="0.022" reason="satisfy allocation request" timestamp="2019-06-17T06:59:28.950" />
<gc-end id="2215" type="global" contextid="2202" durationms="49.049" usertimems="68.000" systemtimems="0.000" timestamp="2019-06-17T06:59:28.950" activeThreads="4">
  <mem-info id="2216" free="2079351640" total="2092630016" percent="99">
    <mem type="nursery" free="1362864" total="9437184" percent="14">
      <mem type="allocate" free="1362864" total="5308416" percent="25" />
      <mem type="survivor" free="0" total="4128768" percent="0" />
    </mem>
    <mem type="tenure" free="2077988776" total="2083192832" percent="99">
      <mem type="soa" free="2077988776" total="2083192832" percent="99" />
      <mem type="loa" free="0" total="0" percent="0" />
    </mem>
    <remembered-set count="1403" />
  </mem-info>
</gc-end>
<cycle-end id="2217" type="global" contextid="2202" timestamp="2019-06-17T06:59:28.950" />
  <attribute name="elasticGC enabled" value="1" />
  <attribute name= "numThreadsSpecified" value="4" />
  <attribute name="heapSize specified" value="14680064" />
  <attribute name="Current GC Util" value="0" />
  <attribute name= "Current Time Running" value="4099" />
  <attribute name ="GC Interval" value="2400" />
  <attribute name="ProportionalT" value="-20.000000" />
  <attribute name="ProportionalI" value="-20.000000" />
  <attribute name="ProportionalH" value="-20.000000" />
  <attribute name="Current Error" value="-20.000000" />
  <attribute name="IntegralT" value="-840.000000" />
  <attribute name="IntegralI" value="-840.000000" />
  <attribute name="IntegralH" value="-840.000000" />
  <attribute name="DerivativeT" value="-0.857143" />
  <attribute name="DerivativeI" value="-0.857143" />
  <attribute name="DerivativeH" value="-0.857143" />
  <attribute name="Loop Time for DT" value="42.000000" />
  <attribute name="Output H" value="2092630016"/>
  <attribute name="Output I" value="200"/>
  <attribute name="Output T" value="4"/>
  <attribute name="Target GC Util Change" value ="20.000000" />
  <attribute name="Current GC Util Change" value="0.000000"/>
  <attribute name="GC Util currently" value="0" />
  <attribute name="CPU Util currently" value="108533316397" />
<concurrent-collection-end id="2218" timestamp="2019-06-17T06:59:28.950" />
<exclusive-end id="2219" timestamp="2019-06-17T06:59:28.951" durationms="49.701" />

<exclusive-start id="2220" timestamp="2019-06-17T06:59:28.955" intervalms="53.871">
  <response-info timems="0.046" idlems="0.025" threads="1" lastid="000000000177B800" lastname="PmdThread 2" />
</exclusive-start>
<af-start id="2221" threadId="0000000001787988" totalBytesRequested="40" timestamp="2019-06-17T06:59:28.955" intervalms="132.240" type="nursery" />
<cycle-start id="2222" type="scavenge" contextid="0" timestamp="2019-06-17T06:59:28.955" intervalms="132.243" />
<gc-start id="2223" type="scavenge" contextid="2222" timestamp="2019-06-17T06:59:28.955">
  <mem-info id="2224" free="2077988776" total="2092630016" percent="99">
    <mem type="nursery" free="0" total="9437184" percent="0">
      <mem type="allocate" free="0" total="5308416" percent="0" />
      <mem type="survivor" free="0" total="4128768" percent="0" />
    </mem>
    <mem type="tenure" free="2077988776" total="2083192832" percent="99">
      <mem type="soa" free="2077988776" total="2083192832" percent="99" />
      <mem type="loa" free="0" total="0" percent="0" />
    </mem>
    <remembered-set count="1412" />
  </mem-info>
</gc-start>
<allocation-stats totalBytes="1361184" >
  <allocated-bytes non-tlh="0" tlh="1361184" />
  <largest-consumer threadName="PmdThread 4" threadId="0000000001787000" bytes="855808" />
</allocation-stats>
<gc-op id="2225" type="scavenge" timems="3.490" contextid="2222" timestamp="2019-06-17T06:59:28.959">
  <scavenger-info tenureage="1" tenuremask="7ffe" tiltratio="56" />
  <memory-copied type="nursery" objects="18390" bytes="754440" bytesdiscarded="186624" />
  <memory-copied type="tenure" objects="88255" bytes="3521464" bytesdiscarded="944" />
  <ownableSynchronizers candidates="16" cleared="16" />
  <references type="soft" candidates="4" cleared="0" enqueued="0" dynamicThreshold="31" maxThreshold="32" />
  <references type="weak" candidates="23" cleared="23" enqueued="23" />
  <references type="phantom" candidates="2" cleared="1" enqueued="1" />
</gc-op>
<gc-end id="2226" type="scavenge" contextid="2222" durationms="3.910" usertimems="8.000" systemtimems="4.000" timestamp="2019-06-17T06:59:28.959" activeThreads="4">
  <mem-info id="2227" free="2078800712" total="2092630016" percent="99">
    <mem type="nursery" free="4432864" total="9437184" percent="46">
      <mem type="allocate" free="4432864" total="5373952" percent="82" />
      <mem type="survivor" free="0" total="4063232" percent="0" />
    </mem>
    <mem type="tenure" free="2074367848" total="2083192832" percent="99">
      <mem type="soa" free="2074367848" total="2083192832" percent="99" />
      <mem type="loa" free="0" total="0" percent="0" />
    </mem>
    <pending-finalizers system="0" default="0" reference="24" classloader="0" />
    <remembered-set count="329" />
  </mem-info>
</gc-end>
<cycle-end id="2228" type="scavenge" contextid="2222" timestamp="2019-06-17T06:59:28.959" />
  <attribute name="elasticGC enabled" value="1" />
  <attribute name= "numThreadsSpecified" value="4" />
  <attribute name="heapSize specified" value="14680064" />
  <attribute name="Current GC Util" value="913" />
  <attribute name= "Current Time Running" value="4104" />
  <attribute name ="GC Interval" value="4000" />
  <attribute name="ProportionalT" value="893.000000" />
  <attribute name="ProportionalI" value="893.000000" />
  <attribute name="ProportionalH" value="893.000000" />
  <attribute name="Current Error" value="893.000000" />
  <attribute name="IntegralT" value="4465.000000" />
  <attribute name="IntegralI" value="4465.000000" />
  <attribute name="IntegralH" value="4465.000000" />
  <attribute name="DerivativeT" value="178.600000" />
  <attribute name="DerivativeI" value="178.600000" />
  <attribute name="DerivativeH" value="178.600000" />
  <attribute name="Loop Time for DT" value="5.000000" />
  <attribute name="Output H" value="8388608"/>
  <attribute name="Output I" value="4000"/>
  <attribute name="Output T" value="4"/>
  <attribute name="Target GC Util Change" value ="20.000000" />
  <attribute name="Current GC Util Change" value="913.000000"/>
  <attribute name="GC Util currently" value="913" />
  <attribute name="CPU Util currently" value="883776273124" />
<allocation-satisfied id="2229" threadId="0000000001787000" bytesRequested="40" />
<af-end id="2230" timestamp="2019-06-17T06:59:28.959" threadId="0000000001787988" success="true" from="nursery"/>
<exclusive-end id="2231" timestamp="2019-06-17T06:59:28.959" durationms="4.493" />

<exclusive-start id="2232" timestamp="2019-06-17T06:59:28.973" intervalms="18.363">
  <response-info timems="0.126" idlems="0.072" threads="1" lastid="0000000001777C00" lastname="PmdThread 1" />
</exclusive-start>
<af-start id="2233" threadId="0000000001787988" totalBytesRequested="40" timestamp="2019-06-17T06:59:28.973" intervalms="18.393" type="nursery" />
<cycle-start id="2234" type="scavenge" contextid="0" timestamp="2019-06-17T06:59:28.973" intervalms="18.394" />
<gc-start id="2235" type="scavenge" contextid="2234" timestamp="2019-06-17T06:59:28.973">
  <mem-info id="2236" free="2074367848" total="2092630016" percent="99">
    <mem type="nursery" free="0" total="9437184" percent="0">
      <mem type="allocate" free="0" total="5373952" percent="0" />
      <mem type="survivor" free="0" total="4063232" percent="0" />
    </mem>
    <mem type="tenure" free="2074367848" total="2083192832" percent="99">
      <mem type="soa" free="2074367848" total="2083192832" percent="99" />
      <mem type="loa" free="0" total="0" percent="0" />
    </mem>
    <remembered-set count="402" />
  </mem-info>
</gc-start>
<allocation-stats totalBytes="4431680" >
  <allocated-bytes non-tlh="32824" tlh="4398856" />
  <largest-consumer threadName="PmdThread 4" threadId="0000000001787000" bytes="2724336" />
</allocation-stats>
<gc-op id="2237" type="scavenge" timems="1.943" contextid="2234" timestamp="2019-06-17T06:59:28.975">
  <scavenger-info tenureage="1" tenuremask="7ffe" tiltratio="56" />
  <memory-copied type="nursery" objects="27908" bytes="1183728" bytesdiscarded="112872" />
  <memory-copied type="tenure" objects="17726" bytes="726416" bytesdiscarded="904" />
  <references type="soft" candidates="1" cleared="0" enqueued="0" dynamicThreshold="31" maxThreshold="32" />
  <references type="weak" candidates="9" cleared="9" enqueued="9" />
  <references type="phantom" candidates="3" cleared="3" enqueued="3" />
</gc-op>
<gc-end id="2238" type="scavenge" contextid="2234" durationms="2.342" usertimems="4.000" systemtimems="0.000" timestamp="2019-06-17T06:59:28.976" activeThreads="4">
  <mem-info id="2239" free="2078216504" total="2092630016" percent="99">
    <mem type="nursery" free="4536032" total="9437184" percent="48">
      <mem type="allocate" free="4536032" total="5832704" percent="77" />
      <mem type="survivor" free="0" total="3604480" percent="0" />
    </mem>
    <mem type="tenure" free="2073680472" total="2083192832" percent="99">
      <mem type="soa" free="2073680472" total="2083192832" percent="99" />
      <mem type="loa" free="0" total="0" percent="0" />
    </mem>
    <pending-finalizers system="0" default="0" reference="12" classloader="0" />
    <remembered-set count="330" />
  </mem-info>
</gc-end>
<cycle-end id="2240" type="scavenge" contextid="2234" timestamp="2019-06-17T06:59:28.976" />
  <attribute name="elasticGC enabled" value="1" />
  <attribute name= "numThreadsSpecified" value="4" />
  <attribute name="heapSize specified" value="14680064" />
  <attribute name="Current GC Util" value="50" />
  <attribute name= "Current Time Running" value="4123" />
  <attribute name ="GC Interval" value="560" />
  <attribute name="ProportionalT" value="30.000000" />
  <attribute name="ProportionalI" value="30.000000" />
  <attribute name="ProportionalH" value="30.000000" />
  <attribute name="Current Error" value="30.000000" />
  <attribute name="IntegralT" value="570.000000" />
  <attribute name="IntegralI" value="570.000000" />
  <attribute name="IntegralH" value="570.000000" />
  <attribute name="DerivativeT" value="-45.421053" />
  <attribute name="DerivativeI" value="-45.421053" />
  <attribute name="DerivativeH" value="-45.421053" />
  <attribute name="Loop Time for DT" value="19.000000" />
  <attribute name="Output H" value="8388608"/>
  <attribute name="Output I" value="560"/>
  <attribute name="Output T" value="4"/>
  <attribute name="Target GC Util Change" value ="20.000000" />
  <attribute name="Current GC Util Change" value="50.000000"/>
  <attribute name="GC Util currently" value="50" />
  <attribute name="CPU Util currently" value="249978737819" />
<allocation-satisfied id="2241" threadId="0000000001787000" bytesRequested="40" />
<af-end id="2242" timestamp="2019-06-17T06:59:28.976" threadId="0000000001787988" success="true" from="nursery"/>
<exclusive-end id="2243" timestamp="2019-06-17T06:59:28.976" durationms="2.967" />

<exclusive-start id="2244" timestamp="2019-06-17T06:59:28.983" intervalms="10.249">
  <response-info timems="0.169" idlems="0.101" threads="1" lastid="000000000146EF00" lastname="JIT Compilation Thread-1" />
</exclusive-start>
<af-start id="2245" threadId="0000000001783D88" totalBytesRequested="16" timestamp="2019-06-17T06:59:28.983" intervalms="10.239" type="nursery" />
<cycle-start id="2246" type="scavenge" contextid="0" timestamp="2019-06-17T06:59:28.984" intervalms="10.220" />
<gc-start id="2247" type="scavenge" contextid="2246" timestamp="2019-06-17T06:59:28.984">
  <mem-info id="2248" free="2073680472" total="2092630016" percent="99">
    <mem type="nursery" free="0" total="9437184" percent="0">
      <mem type="allocate" free="0" total="5832704" percent="0" />
      <mem type="survivor" free="0" total="3604480" percent="0" />
    </mem>
    <mem type="tenure" free="2073680472" total="2083192832" percent="99">
      <mem type="soa" free="2073680472" total="2083192832" percent="99" />
      <mem type="loa" free="0" total="0" percent="0" />
    </mem>
    <remembered-set count="563" />
  </mem-info>
</gc-start>
<allocation-stats totalBytes="4523704" >
  <allocated-bytes non-tlh="40" tlh="4523664" />
  <largest-consumer threadName="PmdThread 4" threadId="0000000001787000" bytes="2633400" />
</allocation-stats>
<gc-op id="2249" type="scavenge" timems="6.052" contextid="2246" timestamp="2019-06-17T06:59:28.990">
  <scavenger-info tenureage="1" tenuremask="7ffe" tiltratio="61" />
  <memory-copied type="nursery" objects="22605" bytes="982680" bytesdiscarded="81168" />
  <memory-copied type="tenure" objects="26618" bytes="1057072" bytesdiscarded="856" />
  <references type="soft" candidates="1" cleared="0" enqueued="0" dynamicThreshold="31" maxThreshold="32" />
  <references type="weak" candidates="36" cleared="35" enqueued="35" />
  <references type="phantom" candidates="2" cleared="1" enqueued="1" />
</gc-op>
<gc-end id="2250" type="scavenge" contextid="2246" durationms="6.298" usertimems="12.000" systemtimems="0.000" timestamp="2019-06-17T06:59:28.990" activeThreads="4">
  <mem-info id="2251" free="2077816352" total="2092630016" percent="99">
    <mem type="nursery" free="5227576" total="9437184" percent="55">
      <mem type="allocate" free="5227576" total="6291456" percent="83" />
      <mem type="survivor" free="0" total="3145728" percent="0" />
    </mem>
    <mem type="tenure" free="2072588776" total="2083192832" percent="99">
      <mem type="soa" free="2072588776" total="2083192832" percent="99" />
      <mem type="loa" free="0" total="0" percent="0" />
    </mem>
    <pending-finalizers system="0" default="0" reference="36" classloader="0" />
    <remembered-set count="380" />
  </mem-info>
</gc-end>
<cycle-end id="2252" type="scavenge" contextid="2246" timestamp="2019-06-17T06:59:28.990" />
  <attribute name="elasticGC enabled" value="1" />
  <attribute name= "numThreadsSpecified" value="4" />
  <attribute name="heapSize specified" value="14680064" />
  <attribute name="Current GC Util" value="44" />
  <attribute name= "Current Time Running" value="4133" />
  <attribute name ="GC Interval" value="264" />
  <attribute name="ProportionalT" value="24.000000" />
  <attribute name="ProportionalI" value="24.000000" />
  <attribute name="ProportionalH" value="24.000000" />
  <attribute name="Current Error" value="24.000000" />
  <attribute name="IntegralT" value="240.000000" />
  <attribute name="IntegralI" value="240.000000" />
  <attribute name="IntegralH" value="240.000000" />
  <attribute name="DerivativeT" value="-0.600000" />
  <attribute name="DerivativeI" value="-0.600000" />
  <attribute name="DerivativeH" value="-0.600000" />
  <attribute name="Loop Time for DT" value="10.000000" />
  <attribute name="Output H" value="8388608"/>
  <attribute name="Output I" value="264"/>
  <attribute name="Output T" value="4"/>
  <attribute name="Target GC Util Change" value ="20.000000" />
  <attribute name="Current GC Util Change" value="44.000000"/>
  <attribute name="GC Util currently" value="44" />
  <attribute name="CPU Util currently" value="449145207154" />
<allocation-satisfied id="2253" threadId="0000000001783400" bytesRequested="16" />
<af-end id="2254" timestamp="2019-06-17T06:59:28.990" threadId="0000000001783D88" success="true" from="nursery"/>
<exclusive-end id="2255" timestamp="2019-06-17T06:59:28.990" durationms="7.092" />

<exclusive-start id="2256" timestamp="2019-06-17T06:59:29.001" intervalms="17.661">
  <response-info timems="0.091" idlems="0.091" threads="0" lastid="000000000177B800" lastname="PmdThread 2" />
</exclusive-start>
<af-start id="2257" threadId="000000000177C188" totalBytesRequested="80" timestamp="2019-06-17T06:59:29.001" intervalms="17.692" type="nursery" />
<cycle-start id="2258" type="scavenge" contextid="0" timestamp="2019-06-17T06:59:29.001" intervalms="17.760" />
<gc-start id="2259" type="scavenge" contextid="2258" timestamp="2019-06-17T06:59:29.001">
  <mem-info id="2260" free="2072588520" total="2092630016" percent="99">
    <mem type="nursery" free="0" total="9437184" percent="0">
      <mem type="allocate" free="0" total="6291456" percent="0" />
      <mem type="survivor" free="0" total="3145728" percent="0" />
    </mem>
    <mem type="tenure" free="2072588520" total="2083192832" percent="99">
      <mem type="soa" free="2072588520" total="2083192832" percent="99" />
      <mem type="loa" free="0" total="0" percent="0" />
    </mem>
    <remembered-set count="569" />
  </mem-info>
</gc-start>
<allocation-stats totalBytes="5226496" >
  <allocated-bytes non-tlh="73416" tlh="5153080" />
  <largest-consumer threadName="PmdThread 4" threadId="0000000001787000" bytes="3505720" />
</allocation-stats>
<gc-op id="2261" type="scavenge" timems="1.971" contextid="2258" timestamp="2019-06-17T06:59:29.004">
  <scavenger-info tenureage="1" tenuremask="7ffe" tiltratio="66" />
  <memory-copied type="nursery" objects="24931" bytes="954672" bytesdiscarded="135792" />
  <memory-copied type="tenure" objects="22398" bytes="937496" bytesdiscarded="320" />
  <references type="weak" candidates="43" cleared="43" enqueued="43" />
  <references type="phantom" candidates="2" cleared="2" enqueued="2" />
</gc-op>
<gc-end id="2262" type="scavenge" contextid="2258" durationms="2.223" usertimems="4.000" systemtimems="0.000" timestamp="2019-06-17T06:59:29.004" activeThreads="4">
  <mem-info id="2263" free="2077199176" total="2092630016" percent="99">
    <mem type="nursery" free="5594208" total="9437184" percent="59">
      <mem type="allocate" free="5594208" total="6684672" percent="83" />
      <mem type="survivor" free="0" total="2752512" percent="0" />
    </mem>
    <mem type="tenure" free="2071604968" total="2083192832" percent="99">
      <mem type="soa" free="2071604968" total="2083192832" percent="99" />
      <mem type="loa" free="0" total="0" percent="0" />
    </mem>
    <pending-finalizers system="0" default="0" reference="45" classloader="0" />
    <remembered-set count="169" />
  </mem-info>
</gc-end>
<cycle-end id="2264" type="scavenge" contextid="2258" timestamp="2019-06-17T06:59:29.004" />
  <attribute name="elasticGC enabled" value="1" />
  <attribute name= "numThreadsSpecified" value="4" />
  <attribute name="heapSize specified" value="14680064" />
  <attribute name="Current GC Util" value="45" />
  <attribute name= "Current Time Running" value="4151" />
  <attribute name ="GC Interval" value="480" />
  <attribute name="ProportionalT" value="25.000000" />
  <attribute name="ProportionalI" value="25.000000" />
  <attribute name="ProportionalH" value="25.000000" />
  <attribute name="Current Error" value="25.000000" />
  <attribute name="IntegralT" value="450.000000" />
  <attribute name="IntegralI" value="450.000000" />
  <attribute name="IntegralH" value="450.000000" />
  <attribute name="DerivativeT" value="0.055556" />
  <attribute name="DerivativeI" value="0.055556" />
  <attribute name="DerivativeH" value="0.055556" />
  <attribute name="Loop Time for DT" value="18.000000" />
  <attribute name="Output H" value="8388608"/>
  <attribute name="Output I" value="480"/>
  <attribute name="Output T" value="4"/>
  <attribute name="Target GC Util Change" value ="20.000000" />
  <attribute name="Current GC Util Change" value="45.000000"/>
  <attribute name="GC Util currently" value="45" />
  <attribute name="CPU Util currently" value="259380327779" />
<allocation-satisfied id="2265" threadId="000000000177B800" bytesRequested="80" />
<af-end id="2266" timestamp="2019-06-17T06:59:29.004" threadId="000000000177C188" success="true" from="nursery"/>
<exclusive-end id="2267" timestamp="2019-06-17T06:59:29.004" durationms="2.887" />

<exclusive-start id="2268" timestamp="2019-06-17T06:59:29.029" intervalms="28.407">
  <response-info timems="0.047" idlems="0.047" threads="0" lastid="0000000001783400" lastname="PmdThread 3" />
</exclusive-start>
<af-start id="2269" threadId="0000000001783D88" totalBytesRequested="16392" timestamp="2019-06-17T06:59:29.030" intervalms="28.366" type="nursery" />
<cycle-start id="2270" type="scavenge" contextid="0" timestamp="2019-06-17T06:59:29.030" intervalms="28.315" />
<gc-start id="2271" type="scavenge" contextid="2270" timestamp="2019-06-17T06:59:29.030">
  <mem-info id="2272" free="2071603432" total="2092630016" percent="98">
    <mem type="nursery" free="0" total="9437184" percent="0">
      <mem type="allocate" free="0" total="6684672" percent="0" />
      <mem type="survivor" free="0" total="2752512" percent="0" />
    </mem>
    <mem type="tenure" free="2071603432" total="2083192832" percent="99">
      <mem type="soa" free="2071603432" total="2083192832" percent="99" />
      <mem type="loa" free="0" total="0" percent="0" />
    </mem>
    <remembered-set count="1675" />
  </mem-info>
</gc-start>
<allocation-stats totalBytes="5582448" >
  <allocated-bytes non-tlh="1616" tlh="5580832" />
  <largest-consumer threadName="PmdThread 4" threadId="0000000001787000" bytes="3983616" />
</allocation-stats>
<gc-op id="2273" type="scavenge" timems="6.222" contextid="2270" timestamp="2019-06-17T06:59:29.036">
  <scavenger-info tenureage="1" tenuremask="7ffe" tiltratio="70" />
  <memory-copied type="nursery" objects="33422" bytes="1471952" bytesdiscarded="31376" />
  <memory-copied type="tenure" objects="24671" bytes="942632" bytesdiscarded="328" />
  <references type="soft" candidates="1" cleared="0" enqueued="0" dynamicThreshold="31" maxThreshold="32" />
  <references type="weak" candidates="31" cleared="29" enqueued="29" />
  <references type="phantom" candidates="6" cleared="4" enqueued="4" />
</gc-op>
<gc-end id="2274" type="scavenge" contextid="2270" durationms="6.471" usertimems="12.000" systemtimems="0.000" timestamp="2019-06-17T06:59:29.036" activeThreads="4">
  <mem-info id="2275" free="2075973328" total="2092630016" percent="99">
    <mem type="nursery" free="5312232" total="9437184" percent="56">
      <mem type="allocate" free="5312232" total="6815744" percent="77" />
      <mem type="survivor" free="0" total="2621440" percent="0" />
    </mem>
    <mem type="tenure" free="2070661096" total="2083192832" percent="99">
      <mem type="soa" free="2070661096" total="2083192832" percent="99" />
      <mem type="loa" free="0" total="0" percent="0" />
    </mem>
    <pending-finalizers system="0" default="0" reference="33" classloader="0" />
    <remembered-set count="290" />
  </mem-info>
</gc-end>
<cycle-end id="2276" type="scavenge" contextid="2270" timestamp="2019-06-17T06:59:29.036" />
  <attribute name="elasticGC enabled" value="1" />
  <attribute name= "numThreadsSpecified" value="4" />
  <attribute name="heapSize specified" value="14680064" />
  <attribute name="Current GC Util" value="17" />
  <attribute name= "Current Time Running" value="4179" />
  <attribute name ="GC Interval" value="200" />
  <attribute name="ProportionalT" value="-3.000000" />
  <attribute name="ProportionalI" value="-3.000000" />
  <attribute name="ProportionalH" value="-3.000000" />
  <attribute name="Current Error" value="-3.000000" />
  <attribute name="IntegralT" value="-84.000000" />
  <attribute name="IntegralI" value="-84.000000" />
  <attribute name="IntegralH" value="-84.000000" />
  <attribute name="DerivativeT" value="-1.000000" />
  <attribute name="DerivativeI" value="-1.000000" />
  <attribute name="DerivativeH" value="-1.000000" />
  <attribute name="Loop Time for DT" value="28.000000" />
  <attribute name="Output H" value="2092630016"/>
  <attribute name="Output I" value="200"/>
  <attribute name="Output T" value="4"/>
  <attribute name="Target GC Util Change" value ="20.000000" />
  <attribute name="Current GC Util Change" value="17.000000"/>
  <attribute name="GC Util currently" value="17" />
  <attribute name="CPU Util currently" value="163361037124" />
<allocation-satisfied id="2277" threadId="0000000001783400" bytesRequested="16392" />
<af-end id="2278" timestamp="2019-06-17T06:59:29.036" threadId="0000000001783D88" success="true" from="nursery"/>
<exclusive-end id="2279" timestamp="2019-06-17T06:59:29.037" durationms="7.124" />

<exclusive-start id="2280" timestamp="2019-06-17T06:59:29.060" intervalms="30.128">
  <response-info timems="0.197" idlems="0.094" threads="3" lastid="000000000146EF00" lastname="JIT Compilation Thread-1" />
</exclusive-start>
<af-start id="2281" threadId="0000000001778588" totalBytesRequested="48" timestamp="2019-06-17T06:59:29.060" intervalms="30.142" type="nursery" />
<cycle-start id="2282" type="scavenge" contextid="0" timestamp="2019-06-17T06:59:29.060" intervalms="30.220" />
<gc-start id="2283" type="scavenge" contextid="2282" timestamp="2019-06-17T06:59:29.060">
  <mem-info id="2284" free="2070660160" total="2092630016" percent="98">
    <mem type="nursery" free="0" total="9437184" percent="0">
      <mem type="allocate" free="0" total="6815744" percent="0" />
      <mem type="survivor" free="0" total="2621440" percent="0" />
    </mem>
    <mem type="tenure" free="2070660160" total="2083192832" percent="99">
      <mem type="soa" free="2070660160" total="2083192832" percent="99" />
      <mem type="loa" free="0" total="0" percent="0" />
    </mem>
    <remembered-set count="3263" />
  </mem-info>
</gc-start>
<allocation-stats totalBytes="5311104" >
  <allocated-bytes non-tlh="17328" tlh="5293776" />
  <largest-consumer threadName="PmdThread 1" threadId="0000000001777C00" bytes="2800328" />
</allocation-stats>
<gc-op id="2285" type="scavenge" timems="2.245" contextid="2282" timestamp="2019-06-17T06:59:29.062">
  <scavenger-info tenureage="1" tenuremask="7ffe" tiltratio="72" />
  <memory-copied type="nursery" objects="15071" bytes="804592" bytesdiscarded="226936" />
  <memory-copied type="tenure" objects="28812" bytes="1119544" bytesdiscarded="448" />
  <references type="weak" candidates="69" cleared="69" enqueued="69" />
  <references type="phantom" candidates="5" cleared="4" enqueued="4" />
</gc-op>
<gc-end id="2286" type="scavenge" contextid="2282" durationms="2.486" usertimems="4.000" systemtimems="0.000" timestamp="2019-06-17T06:59:29.062" activeThreads="4">
  <mem-info id="2287" free="2075507488" total="2092630016" percent="99">
    <mem type="nursery" free="5980128" total="9437184" percent="63">
      <mem type="allocate" free="5980128" total="7012352" percent="85" />
      <mem type="survivor" free="0" total="2424832" percent="0" />
    </mem>
    <mem type="tenure" free="2069527360" total="2083192832" percent="99">
      <mem type="soa" free="2069527360" total="2083192832" percent="99" />
      <mem type="loa" free="0" total="0" percent="0" />
    </mem>
    <pending-finalizers system="0" default="0" reference="73" classloader="0" />
    <remembered-set count="2878" />
  </mem-info>
</gc-end>
<cycle-end id="2288" type="scavenge" contextid="2282" timestamp="2019-06-17T06:59:29.062" />
  <attribute name="elasticGC enabled" value="1" />
  <attribute name= "numThreadsSpecified" value="4" />
  <attribute name="heapSize specified" value="14680064" />
  <attribute name="Current GC Util" value="22" />
  <attribute name= "Current Time Running" value="4209" />
  <attribute name ="GC Interval" value="200" />
  <attribute name="ProportionalT" value="2.000000" />
  <attribute name="ProportionalI" value="2.000000" />
  <attribute name="ProportionalH" value="2.000000" />
  <attribute name="Current Error" value="2.000000" />
  <attribute name="IntegralT" value="60.000000" />
  <attribute name="IntegralI" value="60.000000" />
  <attribute name="IntegralH" value="60.000000" />
  <attribute name="DerivativeT" value="0.066667" />
  <attribute name="DerivativeI" value="0.066667" />
  <attribute name="DerivativeH" value="0.066667" />
  <attribute name="Loop Time for DT" value="30.000000" />
  <attribute name="Output H" value="8388608"/>
  <attribute name="Output I" value="200"/>
  <attribute name="Output T" value="4"/>
  <attribute name="Target GC Util Change" value ="20.000000" />
  <attribute name="Current GC Util Change" value="22.000000"/>
  <attribute name="GC Util currently" value="22" />
  <attribute name="CPU Util currently" value="152166703399" />
<allocation-satisfied id="2289" threadId="0000000001777C00" bytesRequested="48" />
<af-end id="2290" timestamp="2019-06-17T06:59:29.063" threadId="0000000001778588" success="true" from="nursery"/>
<exclusive-end id="2291" timestamp="2019-06-17T06:59:29.063" durationms="3.268" />

<exclusive-start id="2292" timestamp="2019-06-17T06:59:29.076" intervalms="16.160">
  <response-info timems="0.112" idlems="0.042" threads="4" lastid="0000000001472B00" lastname="JIT Compilation Thread-2" />
</exclusive-start>
<af-start id="2293" threadId="0000000001778588" totalBytesRequested="24" timestamp="2019-06-17T06:59:29.076" intervalms="16.156" type="nursery" />
<cycle-start id="2294" type="scavenge" contextid="0" timestamp="2019-06-17T06:59:29.076" intervalms="16.078" />
<gc-start id="2295" type="scavenge" contextid="2294" timestamp="2019-06-17T06:59:29.076">
  <mem-info id="2296" free="2069525504" total="2092630016" percent="98">
    <mem type="nursery" free="0" total="9437184" percent="0">
      <mem type="allocate" free="0" total="7012352" percent="0" />
      <mem type="survivor" free="0" total="2424832" percent="0" />
    </mem>
    <mem type="tenure" free="2069525504" total="2083192832" percent="99">
      <mem type="soa" free="2069525504" total="2083192832" percent="99" />
      <mem type="loa" free="0" total="0" percent="0" />
    </mem>
    <remembered-set count="6505" />
  </mem-info>
</gc-start>
<allocation-stats totalBytes="5975984" >
  <allocated-bytes non-tlh="1904" tlh="5974080" />
  <largest-consumer threadName="PmdThread 1" threadId="0000000001777C00" bytes="2207600" />
</allocation-stats>
<gc-op id="2297" type="scavenge" timems="1.305" contextid="2294" timestamp="2019-06-17T06:59:29.077">
  <scavenger-info tenureage="1" tenuremask="7ffe" tiltratio="74" />
  <memory-copied type="nursery" objects="15087" bytes="590920" bytesdiscarded="148104" />
  <memory-copied type="tenure" objects="13497" bytes="660816" bytesdiscarded="128" />
  <references type="weak" candidates="54" cleared="54" enqueued="54" />
  <references type="phantom" candidates="4" cleared="4" enqueued="4" />
</gc-op>
<gc-end id="2298" type="scavenge" contextid="2294" durationms="1.564" usertimems="0.000" systemtimems="4.000" timestamp="2019-06-17T06:59:29.078" activeThreads="4">
  <mem-info id="2299" free="2075355608" total="2092630016" percent="99">
    <mem type="nursery" free="6600912" total="9437184" percent="69">
      <mem type="allocate" free="6600912" total="7340032" percent="89" />
      <mem type="survivor" free="0" total="2097152" percent="0" />
    </mem>
    <mem type="tenure" free="2068754696" total="2083192832" percent="99">
      <mem type="soa" free="2068754696" total="2083192832" percent="99" />
      <mem type="loa" free="0" total="0" percent="0" />
    </mem>
    <pending-finalizers system="0" default="0" reference="58" classloader="0" />
    <remembered-set count="4029" />
  </mem-info>
</gc-end>
<cycle-end id="2300" type="scavenge" contextid="2294" timestamp="2019-06-17T06:59:29.078" />
  <attribute name="elasticGC enabled" value="1" />
  <attribute name= "numThreadsSpecified" value="4" />
  <attribute name="heapSize specified" value="14680064" />
  <attribute name="Current GC Util" value="28" />
  <attribute name= "Current Time Running" value="4225" />
  <attribute name ="GC Interval" value="200" />
  <attribute name="ProportionalT" value="8.000000" />
  <attribute name="ProportionalI" value="8.000000" />
  <attribute name="ProportionalH" value="8.000000" />
  <attribute name="Current Error" value="8.000000" />
  <attribute name="IntegralT" value="128.000000" />
  <attribute name="IntegralI" value="128.000000" />
  <attribute name="IntegralH" value="128.000000" />
  <attribute name="DerivativeT" value="0.375000" />
  <attribute name="DerivativeI" value="0.375000" />
  <attribute name="DerivativeH" value="0.375000" />
  <attribute name="Loop Time for DT" value="16.000000" />
  <attribute name="Output H" value="8388608"/>
  <attribute name="Output I" value="200"/>
  <attribute name="Output T" value="4"/>
  <attribute name="Target GC Util Change" value ="20.000000" />
  <attribute name="Current GC Util Change" value="28.000000"/>
  <attribute name="GC Util currently" value="28" />
  <attribute name="CPU Util currently" value="288292934404" />
<allocation-satisfied id="2301" threadId="0000000001777C00" bytesRequested="24" />
<af-end id="2302" timestamp="2019-06-17T06:59:29.078" threadId="0000000001778588" success="true" from="nursery"/>
<exclusive-end id="2303" timestamp="2019-06-17T06:59:29.078" durationms="2.206" />

<exclusive-start id="2304" timestamp="2019-06-17T06:59:29.095" intervalms="19.017">
  <response-info timems="0.035" idlems="0.035" threads="0" lastid="0000000001787000" lastname="PmdThread 4" />
</exclusive-start>
<af-start id="2305" threadId="0000000001787988" totalBytesRequested="72" timestamp="2019-06-17T06:59:29.095" intervalms="18.999" type="nursery" />
<cycle-start id="2306" type="scavenge" contextid="0" timestamp="2019-06-17T06:59:29.095" intervalms="19.009" />
<gc-start id="2307" type="scavenge" contextid="2306" timestamp="2019-06-17T06:59:29.095">
  <mem-info id="2308" free="2068752496" total="2092630016" percent="98">
    <mem type="nursery" free="0" total="9437184" percent="0">
      <mem type="allocate" free="0" total="7340032" percent="0" />
      <mem type="survivor" free="0" total="2097152" percent="0" />
    </mem>
    <mem type="tenure" free="2068752496" total="2083192832" percent="99">
      <mem type="soa" free="2068752496" total="2083192832" percent="99" />
      <mem type="loa" free="0" total="0" percent="0" />
    </mem>
    <remembered-set count="5570" />
  </mem-info>
</gc-start>
<allocation-stats totalBytes="6599328" >
  <allocated-bytes non-tlh="2224" tlh="6597104" />
  <largest-consumer threadName="PmdThread 4" threadId="0000000001787000" bytes="2780680" />
</allocation-stats>
<gc-op id="2309" type="scavenge" timems="1.185" contextid="2306" timestamp="2019-06-17T06:59:29.096">
  <scavenger-info tenureage="2" tenuremask="7ffc" tiltratio="77" />
  <memory-copied type="nursery" objects="22099" bytes="972920" bytesdiscarded="100144" />
  <references type="weak" candidates="113" cleared="113" enqueued="113" />
  <references type="phantom" candidates="4" cleared="4" enqueued="4" />
</gc-op>
<gc-end id="2310" type="scavenge" contextid="2306" durationms="1.547" usertimems="0.000" systemtimems="4.000" timestamp="2019-06-17T06:59:29.097" activeThreads="4">
  <mem-info id="2311" free="2075148608" total="2092630016" percent="99">
    <mem type="nursery" free="6396112" total="9437184" percent="67">
      <mem type="allocate" free="6396112" total="7471104" percent="85" />
      <mem type="survivor" free="0" total="1966080" percent="0" />
    </mem>
    <mem type="tenure" free="2068752496" total="2083192832" percent="99">
      <mem type="soa" free="2068752496" total="2083192832" percent="99" />
      <mem type="loa" free="0" total="0" percent="0" />
    </mem>
    <pending-finalizers system="0" default="0" reference="117" classloader="0" />
    <remembered-set count="5535" />
  </mem-info>
</gc-end>
<cycle-end id="2312" type="scavenge" contextid="2306" timestamp="2019-06-17T06:59:29.097" />
  <attribute name="elasticGC enabled" value="1" />
  <attribute name= "numThreadsSpecified" value="4" />
  <attribute name="heapSize specified" value="14680064" />
  <attribute name="Current GC Util" value="19" />
  <attribute name= "Current Time Running" value="4245" />
  <attribute name ="GC Interval" value="200" />
  <attribute name="ProportionalT" value="-1.000000" />
  <attribute name="ProportionalI" value="-1.000000" />
  <attribute name="ProportionalH" value="-1.000000" />
  <attribute name="Current Error" value="-1.000000" />
  <attribute name="IntegralT" value="-20.000000" />
  <attribute name="IntegralI" value="-20.000000" />
  <attribute name="IntegralH" value="-20.000000" />
  <attribute name="DerivativeT" value="-0.450000" />
  <attribute name="DerivativeI" value="-0.450000" />
  <attribute name="DerivativeH" value="-0.450000" />
  <attribute name="Loop Time for DT" value="20.000000" />
  <attribute name="Output H" value="2092630016"/>
  <attribute name="Output I" value="200"/>
  <attribute name="Output T" value="4"/>
  <attribute name="Target GC Util Change" value ="20.000000" />
  <attribute name="Current GC Util Change" value="19.000000"/>
  <attribute name="GC Util currently" value="19" />
  <attribute name="CPU Util currently" value="241840335052" />
<allocation-satisfied id="2313" threadId="0000000001787000" bytesRequested="72" />
<af-end id="2314" timestamp="2019-06-17T06:59:29.097" threadId="0000000001787988" success="true" from="nursery"/>
<exclusive-end id="2315" timestamp="2019-06-17T06:59:29.097" durationms="2.105" />

<exclusive-start id="2316" timestamp="2019-06-17T06:59:29.110" intervalms="14.772">
  <response-info timems="0.464" idlems="0.138" threads="3" lastid="0000000001777C00" lastname="PmdThread 1" />
</exclusive-start>
<af-start id="2317" threadId="0000000001787988" totalBytesRequested="32" timestamp="2019-06-17T06:59:29.110" intervalms="14.779" type="nursery" />
<cycle-start id="2318" type="scavenge" contextid="0" timestamp="2019-06-17T06:59:29.110" intervalms="14.776" />
<gc-start id="2319" type="scavenge" contextid="2318" timestamp="2019-06-17T06:59:29.110">
  <mem-info id="2320" free="2068750352" total="2092630016" percent="98">
    <mem type="nursery" free="0" total="9437184" percent="0">
      <mem type="allocate" free="0" total="7471104" percent="0" />
      <mem type="survivor" free="0" total="1966080" percent="0" />
    </mem>
    <mem type="tenure" free="2068750352" total="2083192832" percent="99">
      <mem type="soa" free="2068750352" total="2083192832" percent="99" />
      <mem type="loa" free="0" total="0" percent="0" />
    </mem>
    <remembered-set count="6579" />
  </mem-info>
</gc-start>
<allocation-stats totalBytes="6396912" >
  <allocated-bytes non-tlh="2216" tlh="6394696" />
  <largest-consumer threadName="PmdThread 2" threadId="000000000177B800" bytes="2177080" />
</allocation-stats>
<gc-op id="2321" type="scavenge" timems="2.577" contextid="2318" timestamp="2019-06-17T06:59:29.112">
  <scavenger-info tenureage="2" tenuremask="7ffc" tiltratio="79" />
  <memory-copied type="nursery" objects="24917" bytes="1102536" bytesdiscarded="84880" />
  <memory-copied type="tenure" objects="10221" bytes="289784" bytesdiscarded="48" />
  <references type="weak" candidates="44" cleared="44" enqueued="44" />
  <references type="phantom" candidates="3" cleared="3" enqueued="3" />
</gc-op>
<gc-end id="2322" type="scavenge" contextid="2318" durationms="2.995" usertimems="4.000" systemtimems="0.000" timestamp="2019-06-17T06:59:29.113" activeThreads="4">
  <mem-info id="2323" free="2074872568" total="2092630016" percent="99">
    <mem type="nursery" free="6348776" total="9437184" percent="67">
      <mem type="allocate" free="6348776" total="7536640" percent="84" />
      <mem type="survivor" free="0" total="1900544" percent="0" />
    </mem>
    <mem type="tenure" free="2068523792" total="2083192832" percent="99">
      <mem type="soa" free="2068523792" total="2083192832" percent="99" />
      <mem type="loa" free="0" total="0" percent="0" />
    </mem>
    <pending-finalizers system="0" default="0" reference="47" classloader="0" />
    <remembered-set count="2188" />
  </mem-info>
</gc-end>
<cycle-end id="2324" type="scavenge" contextid="2318" timestamp="2019-06-17T06:59:29.113" />
  <attribute name="elasticGC enabled" value="1" />
  <attribute name= "numThreadsSpecified" value="4" />
  <attribute name="heapSize specified" value="14680064" />
  <attribute name="Current GC Util" value="22" />
  <attribute name= "Current Time Running" value="4259" />
  <attribute name ="GC Interval" value="200" />
  <attribute name="ProportionalT" value="2.000000" />
  <attribute name="ProportionalI" value="2.000000" />
  <attribute name="ProportionalH" value="2.000000" />
  <attribute name="Current Error" value="2.000000" />
  <attribute name="IntegralT" value="28.000000" />
  <attribute name="IntegralI" value="28.000000" />
  <attribute name="IntegralH" value="28.000000" />
  <attribute name="DerivativeT" value="0.142857" />
  <attribute name="DerivativeI" value="0.142857" />
  <attribute name="DerivativeH" value="0.142857" />
  <attribute name="Loop Time for DT" value="14.000000" />
  <attribute name="Output H" value="8388608"/>
  <attribute name="Output I" value="200"/>
  <attribute name="Output T" value="4"/>
  <attribute name="Target GC Util Change" value ="20.000000" />
  <attribute name="Current GC Util Change" value="22.000000"/>
  <attribute name="GC Util currently" value="22" />
  <attribute name="CPU Util currently" value="313493865803" />
<allocation-satisfied id="2325" threadId="0000000001787000" bytesRequested="32" />
<af-end id="2326" timestamp="2019-06-17T06:59:29.113" threadId="0000000001787988" success="true" from="nursery"/>
<exclusive-end id="2327" timestamp="2019-06-17T06:59:29.113" durationms="3.625" />

<exclusive-start id="2328" timestamp="2019-06-17T06:59:29.134" intervalms="24.588">
  <response-info timems="0.061" idlems="0.045" threads="1" lastid="000000000146EF00" lastname="JIT Compilation Thread-1" />
</exclusive-start>
<af-start id="2329" threadId="000000000177C188" totalBytesRequested="24" timestamp="2019-06-17T06:59:29.134" intervalms="24.631" type="nursery" />
<cycle-start id="2330" type="scavenge" contextid="0" timestamp="2019-06-17T06:59:29.134" intervalms="24.678" />
<gc-start id="2331" type="scavenge" contextid="2330" timestamp="2019-06-17T06:59:29.135">
  <mem-info id="2332" free="2068522072" total="2092630016" percent="98">
    <mem type="nursery" free="0" total="9437184" percent="0">
      <mem type="allocate" free="0" total="7536640" percent="0" />
      <mem type="survivor" free="0" total="1900544" percent="0" />
    </mem>
    <mem type="tenure" free="2068522072" total="2083192832" percent="99">
      <mem type="soa" free="2068522072" total="2083192832" percent="99" />
      <mem type="loa" free="0" total="0" percent="0" />
    </mem>
    <remembered-set count="3975" />
  </mem-info>
</gc-start>
<allocation-stats totalBytes="6349064" >
  <allocated-bytes non-tlh="1752" tlh="6347312" />
  <largest-consumer threadName="PmdThread 4" threadId="0000000001787000" bytes="2612776" />
</allocation-stats>
<gc-op id="2333" type="scavenge" timems="2.167" contextid="2330" timestamp="2019-06-17T06:59:29.137">
  <scavenger-info tenureage="2" tenuremask="7ffc" tiltratio="79" />
  <memory-copied type="nursery" objects="31263" bytes="1349344" bytesdiscarded="151600" />
  <memory-copied type="tenure" objects="4132" bytes="169600" bytesdiscarded="368" />
  <references type="weak" candidates="39" cleared="39" enqueued="39" />
  <references type="phantom" candidates="15" cleared="15" enqueued="15" />
</gc-op>
<gc-end id="2334" type="scavenge" contextid="2330" durationms="2.430" usertimems="0.000" systemtimems="4.000" timestamp="2019-06-17T06:59:29.137" activeThreads="4">
  <mem-info id="2335" free="2074484232" total="2092630016" percent="99">
    <mem type="nursery" free="6165944" total="9437184" percent="65">
      <mem type="allocate" free="6165944" total="7667712" percent="80" />
      <mem type="survivor" free="0" total="1769472" percent="0" />
    </mem>
    <mem type="tenure" free="2068318288" total="2083192832" percent="99">
      <mem type="soa" free="2068318288" total="2083192832" percent="99" />
      <mem type="loa" free="0" total="0" percent="0" />
    </mem>
    <pending-finalizers system="0" default="0" reference="54" classloader="0" />
    <remembered-set count="2765" />
  </mem-info>
</gc-end>
<cycle-end id="2336" type="scavenge" contextid="2330" timestamp="2019-06-17T06:59:29.137" />
  <attribute name="elasticGC enabled" value="1" />
  <attribute name= "numThreadsSpecified" value="4" />
  <attribute name="heapSize specified" value="14680064" />
  <attribute name="Current GC Util" value="24" />
  <attribute name= "Current Time Running" value="4284" />
  <attribute name ="GC Interval" value="200" />
  <attribute name="ProportionalT" value="4.000000" />
  <attribute name="ProportionalI" value="4.000000" />
  <attribute name="ProportionalH" value="4.000000" />
  <attribute name="Current Error" value="4.000000" />
  <attribute name="IntegralT" value="100.000000" />
  <attribute name="IntegralI" value="100.000000" />
  <attribute name="IntegralH" value="100.000000" />
  <attribute name="DerivativeT" value="0.080000" />
  <attribute name="DerivativeI" value="0.080000" />
  <attribute name="DerivativeH" value="0.080000" />
  <attribute name="Loop Time for DT" value="25.000000" />
  <attribute name="Output H" value="8388608"/>
  <attribute name="Output I" value="200"/>
  <attribute name="Output T" value="4"/>
  <attribute name="Target GC Util Change" value ="20.000000" />
  <attribute name="Current GC Util Change" value="24.000000"/>
  <attribute name="GC Util currently" value="24" />
  <attribute name="CPU Util currently" value="185884174749" />
<allocation-satisfied id="2337" threadId="000000000177B800" bytesRequested="24" />
<af-end id="2338" timestamp="2019-06-17T06:59:29.137" threadId="000000000177C188" success="true" from="nursery"/>
<exclusive-end id="2339" timestamp="2019-06-17T06:59:29.137" durationms="3.085" />

<exclusive-start id="2340" timestamp="2019-06-17T06:59:29.156" intervalms="21.516">
  <response-info timems="0.318" idlems="0.173" threads="1" lastid="0000000001777C00" lastname="PmdThread 1" />
</exclusive-start>
<af-start id="2341" threadId="0000000001787988" totalBytesRequested="88" timestamp="2019-06-17T06:59:29.156" intervalms="21.461" type="nursery" />
<cycle-start id="2342" type="scavenge" contextid="0" timestamp="2019-06-17T06:59:29.156" intervalms="21.415" />
<gc-start id="2343" type="scavenge" contextid="2342" timestamp="2019-06-17T06:59:29.156">
  <mem-info id="2344" free="2068318288" total="2092630016" percent="98">
    <mem type="nursery" free="0" total="9437184" percent="0">
      <mem type="allocate" free="0" total="7667712" percent="0" />
      <mem type="survivor" free="0" total="1769472" percent="0" />
    </mem>
    <mem type="tenure" free="2068318288" total="2083192832" percent="99">
      <mem type="soa" free="2068318288" total="2083192832" percent="99" />
      <mem type="loa" free="0" total="0" percent="0" />
    </mem>
    <remembered-set count="4082" />
  </mem-info>
</gc-start>
<allocation-stats totalBytes="6163904" >
  <allocated-bytes non-tlh="443224" tlh="5720680" />
  <largest-consumer threadName="PmdThread 4" threadId="0000000001787000" bytes="4254808" />
</allocation-stats>
<gc-op id="2345" type="scavenge" timems="2.523" contextid="2342" timestamp="2019-06-17T06:59:29.158">
  <scavenger-info tenureage="2" tenuremask="7ffc" tiltratio="81" />
  <memory-copied type="nursery" objects="19071" bytes="926440" bytesdiscarded="108736" />
  <memory-copied type="tenure" objects="18534" bytes="736480" bytesdiscarded="232" />
  <references type="soft" candidates="1" cleared="0" enqueued="0" dynamicThreshold="31" maxThreshold="32" />
  <references type="weak" candidates="46" cleared="45" enqueued="45" />
  <references type="phantom" candidates="16" cleared="15" enqueued="15" />
</gc-op>
<gc-end id="2346" type="scavenge" contextid="2342" durationms="2.884" usertimems="8.000" systemtimems="0.000" timestamp="2019-06-17T06:59:29.159" activeThreads="4">
  <mem-info id="2347" free="2074231056" total="2092630016" percent="99">
    <mem type="nursery" free="6697176" total="9437184" percent="70">
      <mem type="allocate" free="6697176" total="7733248" percent="86" />
      <mem type="survivor" free="0" total="1703936" percent="0" />
    </mem>
    <mem type="tenure" free="2067533880" total="2083192832" percent="99">
      <mem type="soa" free="2067533880" total="2083192832" percent="99" />
      <mem type="loa" free="0" total="0" percent="0" />
    </mem>
    <pending-finalizers system="0" default="0" reference="60" classloader="0" />
    <remembered-set count="4257" />
  </mem-info>
</gc-end>
<cycle-end id="2348" type="scavenge" contextid="2342" timestamp="2019-06-17T06:59:29.159" />
  <attribute name="elasticGC enabled" value="1" />
  <attribute name= "numThreadsSpecified" value="4" />
  <attribute name="heapSize specified" value="14680064" />
  <attribute name="Current GC Util" value="19" />
  <attribute name= "Current Time Running" value="4305" />
  <attribute name ="GC Interval" value="200" />
  <attribute name="ProportionalT" value="-1.000000" />
  <attribute name="ProportionalI" value="-1.000000" />
  <attribute name="ProportionalH" value="-1.000000" />
  <attribute name="Current Error" value="-1.000000" />
  <attribute name="IntegralT" value="-21.000000" />
  <attribute name="IntegralI" value="-21.000000" />
  <attribute name="IntegralH" value="-21.000000" />
  <attribute name="DerivativeT" value="-0.238095" />
  <attribute name="DerivativeI" value="-0.238095" />
  <attribute name="DerivativeH" value="-0.238095" />
  <attribute name="Loop Time for DT" value="21.000000" />
  <attribute name="Output H" value="2092630016"/>
  <attribute name="Output I" value="200"/>
  <attribute name="Output T" value="4"/>
  <attribute name="Target GC Util Change" value ="20.000000" />
  <attribute name="Current GC Util Change" value="19.000000"/>
  <attribute name="GC Util currently" value="19" />
  <attribute name="CPU Util currently" value="216712510422" />
<allocation-satisfied id="2349" threadId="0000000001787000" bytesRequested="88" />
<af-end id="2350" timestamp="2019-06-17T06:59:29.159" threadId="0000000001787988" success="true" from="nursery"/>
<exclusive-end id="2351" timestamp="2019-06-17T06:59:29.159" durationms="3.589" />

<exclusive-start id="2352" timestamp="2019-06-17T06:59:29.183" intervalms="27.711">
  <response-info timems="0.963" idlems="0.368" threads="2" lastid="0000000001777C00" lastname="PmdThread 1" />
</exclusive-start>
<af-start id="2353" threadId="0000000001783D88" totalBytesRequested="40" timestamp="2019-06-17T06:59:29.183" intervalms="27.706" type="nursery" />
<cycle-start id="2354" type="scavenge" contextid="0" timestamp="2019-06-17T06:59:29.183" intervalms="27.684" />
<gc-start id="2355" type="scavenge" contextid="2354" timestamp="2019-06-17T06:59:29.184">
  <mem-info id="2356" free="2067528696" total="2092630016" percent="98">
    <mem type="nursery" free="0" total="9437184" percent="0">
      <mem type="allocate" free="0" total="7733248" percent="0" />
      <mem type="survivor" free="0" total="1703936" percent="0" />
    </mem>
    <mem type="tenure" free="2067528696" total="2083192832" percent="99">
      <mem type="soa" free="2067528696" total="2083192832" percent="99" />
      <mem type="loa" free="0" total="0" percent="0" />
    </mem>
    <remembered-set count="4809" />
  </mem-info>
</gc-start>
<allocation-stats totalBytes="6696504" >
  <allocated-bytes non-tlh="5272" tlh="6691232" />
  <largest-consumer threadName="PmdThread 4" threadId="0000000001787000" bytes="3109888" />
</allocation-stats>
<gc-op id="2357" type="scavenge" timems="2.249" contextid="2354" timestamp="2019-06-17T06:59:29.186">
  <scavenger-info tenureage="2" tenuremask="7ffc" tiltratio="81" />
  <memory-copied type="nursery" objects="10789" bytes="510080" bytesdiscarded="82688" />
  <memory-copied type="tenure" objects="7849" bytes="224928" bytesdiscarded="56" />
  <references type="soft" candidates="1" cleared="0" enqueued="0" dynamicThreshold="31" maxThreshold="32" />
  <references type="weak" candidates="271" cleared="271" enqueued="271" />
  <references type="phantom" candidates="18" cleared="17" enqueued="17" />
</gc-op>
<gc-end id="2358" type="scavenge" contextid="2354" durationms="2.501" usertimems="4.000" systemtimems="0.000" timestamp="2019-06-17T06:59:29.186" activeThreads="4">
  <mem-info id="2359" free="2074488600" total="2092630016" percent="99">
    <mem type="nursery" free="7270176" total="9437184" percent="77">
      <mem type="allocate" free="7270176" total="7864320" percent="92" />
      <mem type="survivor" free="0" total="1572864" percent="0" />
    </mem>
    <mem type="tenure" free="2067218424" total="2083192832" percent="99">
      <mem type="soa" free="2067218424" total="2083192832" percent="99" />
      <mem type="loa" free="0" total="0" percent="0" />
    </mem>
    <pending-finalizers system="0" default="0" reference="288" classloader="0" />
    <remembered-set count="1649" />
  </mem-info>
</gc-end>
<cycle-end id="2360" type="scavenge" contextid="2354" timestamp="2019-06-17T06:59:29.186" />
  <attribute name="elasticGC enabled" value="1" />
  <attribute name= "numThreadsSpecified" value="4" />
  <attribute name="heapSize specified" value="14680064" />
  <attribute name="Current GC Util" value="24" />
  <attribute name= "Current Time Running" value="4333" />
  <attribute name ="GC Interval" value="200" />
  <attribute name="ProportionalT" value="4.000000" />
  <attribute name="ProportionalI" value="4.000000" />
  <attribute name="ProportionalH" value="4.000000" />
  <attribute name="Current Error" value="4.000000" />
  <attribute name="IntegralT" value="112.000000" />
  <attribute name="IntegralI" value="112.000000" />
  <attribute name="IntegralH" value="112.000000" />
  <attribute name="DerivativeT" value="0.142857" />
  <attribute name="DerivativeI" value="0.142857" />
  <attribute name="DerivativeH" value="0.142857" />
  <attribute name="Loop Time for DT" value="28.000000" />
  <attribute name="Output H" value="8388608"/>
  <attribute name="Output I" value="200"/>
  <attribute name="Output T" value="4"/>
  <attribute name="Target GC Util Change" value ="20.000000" />
  <attribute name="Current GC Util Change" value="24.000000"/>
  <attribute name="GC Util currently" value="24" />
  <attribute name="CPU Util currently" value="166377104295" />
<allocation-satisfied id="2361" threadId="0000000001783400" bytesRequested="40" />
<af-end id="2362" timestamp="2019-06-17T06:59:29.186" threadId="0000000001783D88" success="true" from="nursery"/>
<exclusive-end id="2363" timestamp="2019-06-17T06:59:29.186" durationms="3.045" />

<exclusive-start id="2364" timestamp="2019-06-17T06:59:29.225" intervalms="41.448">
  <response-info timems="0.082" idlems="0.042" threads="2" lastid="000000000177B800" lastname="PmdThread 2" />
</exclusive-start>
<af-start id="2365" threadId="0000000001778588" totalBytesRequested="24" timestamp="2019-06-17T06:59:29.225" intervalms="41.461" type="nursery" />
<cycle-start id="2366" type="scavenge" contextid="0" timestamp="2019-06-17T06:59:29.225" intervalms="41.474" />
<gc-start id="2367" type="scavenge" contextid="2366" timestamp="2019-06-17T06:59:29.225">
  <mem-info id="2368" free="2067214768" total="2092630016" percent="98">
    <mem type="nursery" free="0" total="9437184" percent="0">
      <mem type="allocate" free="0" total="7864320" percent="0" />
      <mem type="survivor" free="0" total="1572864" percent="0" />
    </mem>
    <mem type="tenure" free="2067214768" total="2083192832" percent="99">
      <mem type="soa" free="2067214768" total="2083192832" percent="99" />
      <mem type="loa" free="0" total="0" percent="0" />
    </mem>
    <remembered-set count="2364" />
  </mem-info>
</gc-start>
<allocation-stats totalBytes="7266752" >
  <allocated-bytes non-tlh="3696" tlh="7263056" />
  <largest-consumer threadName="PmdThread 2" threadId="000000000177B800" bytes="2190904" />
</allocation-stats>
<gc-op id="2369" type="scavenge" timems="2.052" contextid="2366" timestamp="2019-06-17T06:59:29.227">
  <scavenger-info tenureage="3" tenuremask="7ff8" tiltratio="83" />
  <memory-copied type="nursery" objects="9227" bytes="557400" bytesdiscarded="112472" />
  <references type="soft" candidates="1" cleared="0" enqueued="0" dynamicThreshold="31" maxThreshold="32" />
  <references type="weak" candidates="338" cleared="338" enqueued="338" />
  <references type="phantom" candidates="8" cleared="8" enqueued="8" />
</gc-op>
<gc-end id="2370" type="scavenge" contextid="2366" durationms="2.249" usertimems="4.000" systemtimems="0.000" timestamp="2019-06-17T06:59:29.227" activeThreads="4">
  <mem-info id="2371" free="2074604880" total="2092630016" percent="99">
    <mem type="nursery" free="7390112" total="9437184" percent="78">
      <mem type="allocate" free="7390112" total="8060928" percent="91" />
      <mem type="survivor" free="0" total="1376256" percent="0" />
    </mem>
    <mem type="tenure" free="2067214768" total="2083192832" percent="99">
      <mem type="soa" free="2067214768" total="2083192832" percent="99" />
      <mem type="loa" free="0" total="0" percent="0" />
    </mem>
    <pending-finalizers system="0" default="0" reference="346" classloader="0" />
    <remembered-set count="1708" />
  </mem-info>
</gc-end>
<cycle-end id="2372" type="scavenge" contextid="2366" timestamp="2019-06-17T06:59:29.227" />
  <attribute name="elasticGC enabled" value="1" />
  <attribute name= "numThreadsSpecified" value="4" />
  <attribute name="heapSize specified" value="14680064" />
  <attribute name="Current GC Util" value="12" />
  <attribute name= "Current Time Running" value="4374" />
  <attribute name ="GC Interval" value="200" />
  <attribute name="ProportionalT" value="-8.000000" />
  <attribute name="ProportionalI" value="-8.000000" />
  <attribute name="ProportionalH" value="-8.000000" />
  <attribute name="Current Error" value="-8.000000" />
  <attribute name="IntegralT" value="-328.000000" />
  <attribute name="IntegralI" value="-328.000000" />
  <attribute name="IntegralH" value="-328.000000" />
  <attribute name="DerivativeT" value="-0.292683" />
  <attribute name="DerivativeI" value="-0.292683" />
  <attribute name="DerivativeH" value="-0.292683" />
  <attribute name="Loop Time for DT" value="41.000000" />
  <attribute name="Output H" value="2092630016"/>
  <attribute name="Output I" value="200"/>
  <attribute name="Output T" value="4"/>
  <attribute name="Target GC Util Change" value ="20.000000" />
  <attribute name="Current GC Util Change" value="12.000000"/>
  <attribute name="GC Util currently" value="12" />
  <attribute name="CPU Util currently" value="111259770444" />
<allocation-satisfied id="2373" threadId="0000000001777C00" bytesRequested="24" />
<af-end id="2374" timestamp="2019-06-17T06:59:29.227" threadId="0000000001778588" success="true" from="nursery"/>
<exclusive-end id="2375" timestamp="2019-06-17T06:59:29.228" durationms="2.725" />

<exclusive-start id="2376" timestamp="2019-06-17T06:59:29.254" intervalms="29.334">
  <response-info timems="0.125" idlems="0.066" threads="2" lastid="0000000001787000" lastname="PmdThread 4" />
</exclusive-start>
<af-start id="2377" threadId="0000000001778588" totalBytesRequested="16" timestamp="2019-06-17T06:59:29.255" intervalms="30.170" type="nursery" />
<cycle-start id="2378" type="scavenge" contextid="0" timestamp="2019-06-17T06:59:29.255" intervalms="30.230" />
<gc-start id="2379" type="scavenge" contextid="2378" timestamp="2019-06-17T06:59:29.255">
  <mem-info id="2380" free="2067214440" total="2092630016" percent="98">
    <mem type="nursery" free="0" total="9437184" percent="0">
      <mem type="allocate" free="0" total="8060928" percent="0" />
      <mem type="survivor" free="0" total="1376256" percent="0" />
    </mem>
    <mem type="tenure" free="2067214440" total="2083192832" percent="99">
      <mem type="soa" free="2067214440" total="2083192832" percent="99" />
      <mem type="loa" free="0" total="0" percent="0" />
    </mem>
    <remembered-set count="2913" />
  </mem-info>
</gc-start>
<allocation-stats totalBytes="7383144" >
  <allocated-bytes non-tlh="352" tlh="7382792" />
  <largest-consumer threadName="PmdThread 4" threadId="0000000001787000" bytes="4838760" />
</allocation-stats>
<gc-op id="2381" type="scavenge" timems="1.781" contextid="2378" timestamp="2019-06-17T06:59:29.257">
  <scavenger-info tenureage="4" tenuremask="7ff0" tiltratio="85" />
  <memory-copied type="nursery" objects="10538" bytes="614784" bytesdiscarded="163144" />
  <references type="soft" candidates="1" cleared="0" enqueued="0" dynamicThreshold="31" maxThreshold="32" />
  <references type="weak" candidates="425" cleared="425" enqueued="425" />
  <references type="phantom" candidates="6" cleared="5" enqueued="5" />
</gc-op>
<gc-end id="2382" type="scavenge" contextid="2378" durationms="2.051" usertimems="0.000" systemtimems="8.000" timestamp="2019-06-17T06:59:29.257" activeThreads="4">
  <mem-info id="2383" free="2074627064" total="2092630016" percent="99">
    <mem type="nursery" free="7412624" total="9437184" percent="78">
      <mem type="allocate" free="7412624" total="8192000" percent="90" />
      <mem type="survivor" free="0" total="1245184" percent="0" />
    </mem>
    <mem type="tenure" free="2067214440" total="2083192832" percent="99">
      <mem type="soa" free="2067214440" total="2083192832" percent="99" />
      <mem type="loa" free="0" total="0" percent="0" />
    </mem>
    <pending-finalizers system="0" default="0" reference="430" classloader="0" />
    <remembered-set count="1691" />
  </mem-info>
</gc-end>
<cycle-end id="2384" type="scavenge" contextid="2378" timestamp="2019-06-17T06:59:29.257" />
  <attribute name="elasticGC enabled" value="1" />
  <attribute name= "numThreadsSpecified" value="4" />
  <attribute name="heapSize specified" value="14680064" />
  <attribute name="Current GC Util" value="15" />
  <attribute name= "Current Time Running" value="4405" />
  <attribute name ="GC Interval" value="200" />
  <attribute name="ProportionalT" value="-5.000000" />
  <attribute name="ProportionalI" value="-5.000000" />
  <attribute name="ProportionalH" value="-5.000000" />
  <attribute name="Current Error" value="-5.000000" />
  <attribute name="IntegralT" value="-155.000000" />
  <attribute name="IntegralI" value="-155.000000" />
  <attribute name="IntegralH" value="-155.000000" />
  <attribute name="DerivativeT" value="-0.161290" />
  <attribute name="DerivativeI" value="-0.161290" />
  <attribute name="DerivativeH" value="-0.161290" />
  <attribute name="Loop Time for DT" value="31.000000" />
  <attribute name="Output H" value="2092630016"/>
  <attribute name="Output I" value="200"/>
  <attribute name="Output T" value="4"/>
  <attribute name="Target GC Util Change" value ="20.000000" />
  <attribute name="Current GC Util Change" value="15.000000"/>
  <attribute name="GC Util currently" value="15" />
  <attribute name="CPU Util currently" value="152268117286" />
<allocation-satisfied id="2385" threadId="0000000001777C00" bytesRequested="16" />
<af-end id="2386" timestamp="2019-06-17T06:59:29.258" threadId="0000000001778588" success="true" from="nursery"/>
<exclusive-end id="2387" timestamp="2019-06-17T06:59:29.258" durationms="3.526" />

<exclusive-start id="2388" timestamp="2019-06-17T06:59:29.290" intervalms="36.206">
  <response-info timems="0.031" idlems="0.031" threads="0" lastid="0000000001787000" lastname="PmdThread 4" />
</exclusive-start>
<af-start id="2389" threadId="0000000001787988" totalBytesRequested="1120" timestamp="2019-06-17T06:59:29.291" intervalms="35.929" type="nursery" />
<cycle-start id="2390" type="scavenge" contextid="0" timestamp="2019-06-17T06:59:29.291" intervalms="35.948" />
<gc-start id="2391" type="scavenge" contextid="2390" timestamp="2019-06-17T06:59:29.291">
  <mem-info id="2392" free="2067214440" total="2092630016" percent="98">
    <mem type="nursery" free="0" total="9437184" percent="0">
      <mem type="allocate" free="0" total="8192000" percent="0" />
      <mem type="survivor" free="0" total="1245184" percent="0" />
    </mem>
    <mem type="tenure" free="2067214440" total="2083192832" percent="99">
      <mem type="soa" free="2067214440" total="2083192832" percent="99" />
      <mem type="loa" free="0" total="0" percent="0" />
    </mem>
    <remembered-set count="2572" />
  </mem-info>
</gc-start>
<allocation-stats totalBytes="7405376" >
  <allocated-bytes non-tlh="16" tlh="7405360" />
  <largest-consumer threadName="PmdThread 4" threadId="0000000001787000" bytes="3523960" />
</allocation-stats>
<gc-op id="2393" type="scavenge" timems="1.201" contextid="2390" timestamp="2019-06-17T06:59:29.293">
  <scavenger-info tenureage="5" tenuremask="7fe0" tiltratio="86" />
  <memory-copied type="nursery" objects="8314" bytes="411752" bytesdiscarded="75520" />
  <references type="soft" candidates="1" cleared="0" enqueued="0" dynamicThreshold="31" maxThreshold="32" />
  <references type="weak" candidates="302" cleared="302" enqueued="302" />
  <references type="phantom" candidates="5" cleared="5" enqueued="5" />
</gc-op>
<gc-end id="2394" type="scavenge" contextid="2390" durationms="1.404" usertimems="4.000" systemtimems="0.000" timestamp="2019-06-17T06:59:29.293" activeThreads="4">
  <mem-info id="2395" free="2074984000" total="2092630016" percent="99">
    <mem type="nursery" free="7769560" total="9437184" percent="82">
      <mem type="allocate" free="7769560" total="8257536" percent="94" />
      <mem type="survivor" free="0" total="1179648" percent="0" />
    </mem>
    <mem type="tenure" free="2067214440" total="2083192832" percent="99">
      <mem type="soa" free="2067214440" total="2083192832" percent="99" />
      <mem type="loa" free="0" total="0" percent="0" />
    </mem>
    <pending-finalizers system="0" default="0" reference="307" classloader="0" />
    <remembered-set count="1700" />
  </mem-info>
</gc-end>
<cycle-end id="2396" type="scavenge" contextid="2390" timestamp="2019-06-17T06:59:29.293" />
  <attribute name="elasticGC enabled" value="1" />
  <attribute name= "numThreadsSpecified" value="4" />
  <attribute name="heapSize specified" value="14680064" />
  <attribute name="Current GC Util" value="11" />
  <attribute name= "Current Time Running" value="4441" />
  <attribute name ="GC Interval" value="200" />
  <attribute name="ProportionalT" value="-9.000000" />
  <attribute name="ProportionalI" value="-9.000000" />
  <attribute name="ProportionalH" value="-9.000000" />
  <attribute name="Current Error" value="-9.000000" />
  <attribute name="IntegralT" value="-324.000000" />
  <attribute name="IntegralI" value="-324.000000" />
  <attribute name="IntegralH" value="-324.000000" />
  <attribute name="DerivativeT" value="-0.250000" />
  <attribute name="DerivativeI" value="-0.250000" />
  <attribute name="DerivativeH" value="-0.250000" />
  <attribute name="Loop Time for DT" value="36.000000" />
  <attribute name="Output H" value="2092630016"/>
  <attribute name="Output I" value="200"/>
  <attribute name="Output T" value="4"/>
  <attribute name="Target GC Util Change" value ="20.000000" />
  <attribute name="Current GC Util Change" value="11.000000"/>
  <attribute name="GC Util currently" value="11" />
  <attribute name="CPU Util currently" value="128481122651" />
<allocation-satisfied id="2397" threadId="0000000001787000" bytesRequested="1120" />
<af-end id="2398" timestamp="2019-06-17T06:59:29.293" threadId="0000000001787988" success="true" from="nursery"/>
<exclusive-end id="2399" timestamp="2019-06-17T06:59:29.293" durationms="2.521" />

<exclusive-start id="2400" timestamp="2019-06-17T06:59:29.309" intervalms="18.381">
  <response-info timems="0.072" idlems="0.039" threads="2" lastid="000000000146B300" lastname="JIT Compilation Thread-0" />
</exclusive-start>
<af-start id="2401" threadId="0000000001783D88" totalBytesRequested="56" timestamp="2019-06-17T06:59:29.309" intervalms="17.864" type="nursery" />
<cycle-start id="2402" type="scavenge" contextid="0" timestamp="2019-06-17T06:59:29.309" intervalms="17.786" />
<gc-start id="2403" type="scavenge" contextid="2402" timestamp="2019-06-17T06:59:29.309">
  <mem-info id="2404" free="2067214440" total="2092630016" percent="98">
    <mem type="nursery" free="0" total="9437184" percent="0">
      <mem type="allocate" free="0" total="8257536" percent="0" />
      <mem type="survivor" free="0" total="1179648" percent="0" />
    </mem>
    <mem type="tenure" free="2067214440" total="2083192832" percent="99">
      <mem type="soa" free="2067214440" total="2083192832" percent="99" />
      <mem type="loa" free="0" total="0" percent="0" />
    </mem>
    <remembered-set count="2133" />
  </mem-info>
</gc-start>
<allocation-stats totalBytes="7766320" >
  <allocated-bytes non-tlh="1120" tlh="7765200" />
  <largest-consumer threadName="PmdThread 3" threadId="0000000001783400" bytes="4769480" />
</allocation-stats>
<gc-op id="2405" type="scavenge" timems="3.239" contextid="2402" timestamp="2019-06-17T06:59:29.312">
  <scavenger-info tenureage="6" tenuremask="7fc0" tiltratio="87" />
  <memory-copied type="nursery" objects="25463" bytes="1179280" bytesdiscarded="296" />
  <memory-copied type="tenure" objects="19376" bytes="766976" bytesdiscarded="312" />
  <copy-failed type="nursery" objects="19376" bytes="768136" />
  <references type="soft" candidates="1" cleared="0" enqueued="0" dynamicThreshold="31" maxThreshold="32" />
  <references type="weak" candidates="15" cleared="15" enqueued="15" />
  <references type="phantom" candidates="1" cleared="0" enqueued="0" />
</gc-op>
<gc-end id="2406" type="scavenge" contextid="2402" durationms="3.538" usertimems="8.000" systemtimems="0.000" timestamp="2019-06-17T06:59:29.313" activeThreads="4">
  <mem-info id="2407" free="2071008600" total="2092630016" percent="98">
    <mem type="nursery" free="4456448" total="9437184" percent="47">
      <mem type="allocate" free="4456448" total="5636096" percent="79" />
      <mem type="survivor" free="0" total="3801088" percent="0" />
    </mem>
    <mem type="tenure" free="2066552152" total="2083192832" percent="99">
      <mem type="soa" free="2066552152" total="2083192832" percent="99" />
      <mem type="loa" free="0" total="0" percent="0" />
    </mem>
    <pending-finalizers system="0" default="0" reference="15" classloader="0" />
    <remembered-set count="10032" />
  </mem-info>
</gc-end>
<cycle-end id="2408" type="scavenge" contextid="2402" timestamp="2019-06-17T06:59:29.313" />
  <attribute name="elasticGC enabled" value="1" />
  <attribute name= "numThreadsSpecified" value="4" />
  <attribute name="heapSize specified" value="14680064" />
  <attribute name="Current GC Util" value="17" />
  <attribute name= "Current Time Running" value="4458" />
  <attribute name ="GC Interval" value="200" />
  <attribute name="ProportionalT" value="-3.000000" />
  <attribute name="ProportionalI" value="-3.000000" />
  <attribute name="ProportionalH" value="-3.000000" />
  <attribute name="Current Error" value="-3.000000" />
  <attribute name="IntegralT" value="-51.000000" />
  <attribute name="IntegralI" value="-51.000000" />
  <attribute name="IntegralH" value="-51.000000" />
  <attribute name="DerivativeT" value="-0.176471" />
  <attribute name="DerivativeI" value="-0.176471" />
  <attribute name="DerivativeH" value="-0.176471" />
  <attribute name="Loop Time for DT" value="17.000000" />
  <attribute name="Output H" value="2092630016"/>
  <attribute name="Output I" value="200"/>
  <attribute name="Output T" value="4"/>
  <attribute name="Target GC Util Change" value ="20.000000" />
  <attribute name="Current GC Util Change" value="17.000000"/>
  <attribute name="GC Util currently" value="17" />
  <attribute name="CPU Util currently" value="259342782071" />
<allocation-satisfied id="2409" threadId="0000000001783400" bytesRequested="56" />
<af-end id="2410" timestamp="2019-06-17T06:59:29.313" threadId="0000000001783D88" success="true" from="nursery"/>
<exclusive-end id="2411" timestamp="2019-06-17T06:59:29.313" durationms="4.244" />

<exclusive-start id="2412" timestamp="2019-06-17T06:59:29.327" intervalms="17.969">
  <response-info timems="0.036" idlems="0.036" threads="0" lastid="0000000001787000" lastname="PmdThread 4" />
</exclusive-start>
<af-start id="2413" threadId="0000000001787988" totalBytesRequested="944" timestamp="2019-06-17T06:59:29.327" intervalms="17.894" type="nursery" />
<cycle-start id="2414" type="scavenge" contextid="0" timestamp="2019-06-17T06:59:29.327" intervalms="17.883" />
<gc-start id="2415" type="scavenge" contextid="2414" timestamp="2019-06-17T06:59:29.327">
  <mem-info id="2416" free="2066551944" total="2092630016" percent="98">
    <mem type="nursery" free="0" total="9437184" percent="0">
      <mem type="allocate" free="0" total="5636096" percent="0" />
      <mem type="survivor" free="0" total="3801088" percent="0" />
    </mem>
    <mem type="tenure" free="2066551944" total="2083192832" percent="99">
      <mem type="soa" free="2066551944" total="2083192832" percent="99" />
      <mem type="loa" free="0" total="0" percent="0" />
    </mem>
    <remembered-set count="10098" />
  </mem-info>
</gc-start>
<allocation-stats totalBytes="4454632" >
  <allocated-bytes non-tlh="264" tlh="4454368" />
  <largest-consumer threadName="PmdThread 1" threadId="0000000001777C00" bytes="2330296" />
</allocation-stats>
<gc-op id="2417" type="scavenge" timems="2.786" contextid="2414" timestamp="2019-06-17T06:59:29.330">
  <scavenger-info tenureage="6" tenuremask="7fc0" tiltratio="59" />
  <memory-copied type="nursery" objects="46732" bytes="2047392" bytesdiscarded="191824" />
  <memory-copied type="tenure" objects="3106" bytes="93896" bytesdiscarded="0" />
  <references type="weak" candidates="25" cleared="24" enqueued="24" />
  <references type="phantom" candidates="6" cleared="3" enqueued="3" />
</gc-op>
<gc-end id="2418" type="scavenge" contextid="2414" durationms="3.004" usertimems="8.000" systemtimems="0.000" timestamp="2019-06-17T06:59:29.330" activeThreads="4">
  <mem-info id="2419" free="2070663704" total="2092630016" percent="98">
    <mem type="nursery" free="4312976" total="9437184" percent="45">
      <mem type="allocate" free="4312976" total="6553600" percent="65" />
      <mem type="survivor" free="0" total="2883584" percent="0" />
    </mem>
    <mem type="tenure" free="2066350728" total="2083192832" percent="99">
      <mem type="soa" free="2066350728" total="2083192832" percent="99" />
      <mem type="loa" free="0" total="0" percent="0" />
    </mem>
    <pending-finalizers system="0" default="0" reference="27" classloader="0" />
    <remembered-set count="8654" />
  </mem-info>
</gc-end>
<cycle-end id="2420" type="scavenge" contextid="2414" timestamp="2019-06-17T06:59:29.330" />
  <attribute name="elasticGC enabled" value="1" />
  <attribute name= "numThreadsSpecified" value="4" />
  <attribute name="heapSize specified" value="14680064" />
  <attribute name="Current GC Util" value="45" />
  <attribute name= "Current Time Running" value="4476" />
  <attribute name ="GC Interval" value="480" />
  <attribute name="ProportionalT" value="25.000000" />
  <attribute name="ProportionalI" value="25.000000" />
  <attribute name="ProportionalH" value="25.000000" />
  <attribute name="Current Error" value="25.000000" />
  <attribute name="IntegralT" value="450.000000" />
  <attribute name="IntegralI" value="450.000000" />
  <attribute name="IntegralH" value="450.000000" />
  <attribute name="DerivativeT" value="1.388889" />
  <attribute name="DerivativeI" value="1.388889" />
  <attribute name="DerivativeH" value="1.388889" />
  <attribute name="Loop Time for DT" value="18.000000" />
  <attribute name="Output H" value="8388608"/>
  <attribute name="Output I" value="480"/>
  <attribute name="Output T" value="4"/>
  <attribute name="Target GC Util Change" value ="20.000000" />
  <attribute name="Current GC Util Change" value="45.000000"/>
  <attribute name="GC Util currently" value="45" />
  <attribute name="CPU Util currently" value="258063638600" />
<allocation-satisfied id="2421" threadId="0000000001787000" bytesRequested="944" />
<af-end id="2422" timestamp="2019-06-17T06:59:29.330" threadId="0000000001787988" success="true" from="nursery"/>
<exclusive-end id="2423" timestamp="2019-06-17T06:59:29.330" durationms="3.614" />

<exclusive-start id="2424" timestamp="2019-06-17T06:59:29.342" intervalms="15.598">
  <response-info timems="0.214" idlems="0.174" threads="2" lastid="000000000146B300" lastname="JIT Compilation Thread-0" />
</exclusive-start>
<af-start id="2425" threadId="0000000001783D88" totalBytesRequested="72" timestamp="2019-06-17T06:59:29.342" intervalms="15.617" type="nursery" />
<cycle-start id="2426" type="scavenge" contextid="0" timestamp="2019-06-17T06:59:29.342" intervalms="15.601" />
<gc-start id="2427" type="scavenge" contextid="2426" timestamp="2019-06-17T06:59:29.342">
  <mem-info id="2428" free="2066350728" total="2092630016" percent="98">
    <mem type="nursery" free="0" total="9437184" percent="0">
      <mem type="allocate" free="0" total="6553600" percent="0" />
      <mem type="survivor" free="0" total="2883584" percent="0" />
    </mem>
    <mem type="tenure" free="2066350728" total="2083192832" percent="99">
      <mem type="soa" free="2066350728" total="2083192832" percent="99" />
      <mem type="loa" free="0" total="0" percent="0" />
    </mem>
    <remembered-set count="9019" />
  </mem-info>
</gc-start>
<allocation-stats totalBytes="4308144" >
  <allocated-bytes non-tlh="944" tlh="4307200" />
  <largest-consumer threadName="PmdThread 4" threadId="0000000001787000" bytes="1594008" />
</allocation-stats>
<gc-op id="2429" type="scavenge" timems="2.418" contextid="2426" timestamp="2019-06-17T06:59:29.345">
  <scavenger-info tenureage="5" tenuremask="7fe0" tiltratio="69" />
  <memory-copied type="nursery" objects="44776" bytes="2020744" bytesdiscarded="77344" />
  <memory-copied type="tenure" objects="1029" bytes="39672" bytesdiscarded="144" />
  <references type="weak" candidates="108" cleared="106" enqueued="106" />
  <references type="phantom" candidates="1" cleared="1" enqueued="1" />
</gc-op>
<gc-end id="2430" type="scavenge" contextid="2426" durationms="2.824" usertimems="8.000" systemtimems="0.000" timestamp="2019-06-17T06:59:29.345" activeThreads="4">
  <mem-info id="2431" free="2071032944" total="2092630016" percent="98">
    <mem type="nursery" free="4782824" total="9437184" percent="50">
      <mem type="allocate" free="4782824" total="6881280" percent="69" />
      <mem type="survivor" free="0" total="2555904" percent="0" />
    </mem>
    <mem type="tenure" free="2066250120" total="2083192832" percent="99">
      <mem type="soa" free="2066250120" total="2083192832" percent="99" />
      <mem type="loa" free="0" total="0" percent="0" />
    </mem>
    <pending-finalizers system="0" default="0" reference="107" classloader="0" />
    <remembered-set count="8525" />
  </mem-info>
</gc-end>
<cycle-end id="2432" type="scavenge" contextid="2426" timestamp="2019-06-17T06:59:29.345" />
  <attribute name="elasticGC enabled" value="1" />
  <attribute name= "numThreadsSpecified" value="4" />
  <attribute name="heapSize specified" value="14680064" />
  <attribute name="Current GC Util" value="44" />
  <attribute name= "Current Time Running" value="4492" />
  <attribute name ="GC Interval" value="408" />
  <attribute name="ProportionalT" value="24.000000" />
  <attribute name="ProportionalI" value="24.000000" />
  <attribute name="ProportionalH" value="24.000000" />
  <attribute name="Current Error" value="24.000000" />
  <attribute name="IntegralT" value="384.000000" />
  <attribute name="IntegralI" value="384.000000" />
  <attribute name="IntegralH" value="384.000000" />
  <attribute name="DerivativeT" value="-0.062500" />
  <attribute name="DerivativeI" value="-0.062500" />
  <attribute name="DerivativeH" value="-0.062500" />
  <attribute name="Loop Time for DT" value="16.000000" />
  <attribute name="Output H" value="8388608"/>
  <attribute name="Output I" value="408"/>
  <attribute name="Output T" value="4"/>
  <attribute name="Target GC Util Change" value ="20.000000" />
  <attribute name="Current GC Util Change" value="44.000000"/>
  <attribute name="GC Util currently" value="44" />
  <attribute name="CPU Util currently" value="295217055355" />
<allocation-satisfied id="2433" threadId="0000000001783400" bytesRequested="72" />
<af-end id="2434" timestamp="2019-06-17T06:59:29.346" threadId="0000000001783D88" success="true" from="nursery"/>
<exclusive-end id="2435" timestamp="2019-06-17T06:59:29.346" durationms="3.572" />

<exclusive-start id="2436" timestamp="2019-06-17T06:59:29.355" intervalms="12.378">
  <response-info timems="0.058" idlems="0.023" threads="2" lastid="0000000001777C00" lastname="PmdThread 1" />
</exclusive-start>
<af-start id="2437" threadId="000000000177C188" totalBytesRequested="24" timestamp="2019-06-17T06:59:29.355" intervalms="12.383" type="nursery" />
<cycle-start id="2438" type="scavenge" contextid="0" timestamp="2019-06-17T06:59:29.355" intervalms="12.406" />
<gc-start id="2439" type="scavenge" contextid="2438" timestamp="2019-06-17T06:59:29.355">
  <mem-info id="2440" free="2066249784" total="2092630016" percent="98">
    <mem type="nursery" free="0" total="9437184" percent="0">
      <mem type="allocate" free="0" total="6881280" percent="0" />
      <mem type="survivor" free="0" total="2555904" percent="0" />
    </mem>
    <mem type="tenure" free="2066249784" total="2083192832" percent="99">
      <mem type="soa" free="2066249784" total="2083192832" percent="99" />
      <mem type="loa" free="0" total="0" percent="0" />
    </mem>
    <remembered-set count="8663" />
  </mem-info>
</gc-start>
<allocation-stats totalBytes="4779392" >
  <allocated-bytes non-tlh="408" tlh="4778984" />
  <largest-consumer threadName="PmdThread 3" threadId="0000000001783400" bytes="2161368" />
</allocation-stats>
<gc-op id="2441" type="scavenge" timems="2.520" contextid="2438" timestamp="2019-06-17T06:59:29.358">
  <scavenger-info tenureage="5" tenuremask="7fe0" tiltratio="72" />
  <memory-copied type="nursery" objects="47855" bytes="2180120" bytesdiscarded="167944" />
  <memory-copied type="tenure" objects="328" bytes="13624" bytesdiscarded="0" />
  <references type="weak" candidates="89" cleared="89" enqueued="89" />
  <references type="phantom" candidates="4" cleared="4" enqueued="4" />
</gc-op>
<gc-end id="2442" type="scavenge" contextid="2438" durationms="2.746" usertimems="8.000" systemtimems="0.000" timestamp="2019-06-17T06:59:29.358" activeThreads="4">
  <mem-info id="2443" free="2070779832" total="2092630016" percent="98">
    <mem type="nursery" free="4530048" total="9437184" percent="48">
      <mem type="allocate" free="4530048" total="6881280" percent="65" />
      <mem type="survivor" free="0" total="2555904" percent="0" />
    </mem>
    <mem type="tenure" free="2066249784" total="2083192832" percent="99">
      <mem type="soa" free="2066249784" total="2083192832" percent="99" />
      <mem type="loa" free="0" total="0" percent="0" />
    </mem>
    <pending-finalizers system="0" default="0" reference="93" classloader="0" />
    <remembered-set count="8532" />
  </mem-info>
</gc-end>
<cycle-end id="2444" type="scavenge" contextid="2438" timestamp="2019-06-17T06:59:29.358" />
  <attribute name="elasticGC enabled" value="1" />
  <attribute name= "numThreadsSpecified" value="4" />
  <attribute name="heapSize specified" value="14680064" />
  <attribute name="Current GC Util" value="52" />
  <attribute name= "Current Time Running" value="4504" />
  <attribute name ="GC Interval" value="416" />
  <attribute name="ProportionalT" value="32.000000" />
  <attribute name="ProportionalI" value="32.000000" />
  <attribute name="ProportionalH" value="32.000000" />
  <attribute name="Current Error" value="32.000000" />
  <attribute name="IntegralT" value="384.000000" />
  <attribute name="IntegralI" value="384.000000" />
  <attribute name="IntegralH" value="384.000000" />
  <attribute name="DerivativeT" value="0.666667" />
  <attribute name="DerivativeI" value="0.666667" />
  <attribute name="DerivativeH" value="0.666667" />
  <attribute name="Loop Time for DT" value="12.000000" />
  <attribute name="Output H" value="8388608"/>
  <attribute name="Output I" value="416"/>
  <attribute name="Output T" value="4"/>
  <attribute name="Target GC Util Change" value ="20.000000" />
  <attribute name="Current GC Util Change" value="52.000000"/>
  <attribute name="GC Util currently" value="52" />
  <attribute name="CPU Util currently" value="371602000984" />
<allocation-satisfied id="2445" threadId="000000000177B800" bytesRequested="24" />
<af-end id="2446" timestamp="2019-06-17T06:59:29.358" threadId="000000000177C188" success="true" from="nursery"/>
<exclusive-end id="2447" timestamp="2019-06-17T06:59:29.358" durationms="3.238" />

<exclusive-start id="2448" timestamp="2019-06-17T06:59:29.362" intervalms="7.396">
  <response-info timems="0.048" idlems="0.048" threads="0" lastid="0000000001783400" lastname="PmdThread 3" />
</exclusive-start>
<af-start id="2449" threadId="0000000001783D88" totalBytesRequested="24" timestamp="2019-06-17T06:59:29.362" intervalms="7.387" type="nursery" />
<cycle-start id="2450" type="scavenge" contextid="0" timestamp="2019-06-17T06:59:29.362" intervalms="7.407" />
<gc-start id="2451" type="scavenge" contextid="2450" timestamp="2019-06-17T06:59:29.362">
  <mem-info id="2452" free="2066249784" total="2092630016" percent="98">
    <mem type="nursery" free="0" total="9437184" percent="0">
      <mem type="allocate" free="0" total="6881280" percent="0" />
      <mem type="survivor" free="0" total="2555904" percent="0" />
    </mem>
    <mem type="tenure" free="2066249784" total="2083192832" percent="99">
      <mem type="soa" free="2066249784" total="2083192832" percent="99" />
      <mem type="loa" free="0" total="0" percent="0" />
    </mem>
    <remembered-set count="8700" />
  </mem-info>
</gc-start>
<allocation-stats totalBytes="4527368" >
  <allocated-bytes non-tlh="24" tlh="4527344" />
  <largest-consumer threadName="PmdThread 3" threadId="0000000001783400" bytes="2555528" />
</allocation-stats>
<gc-op id="2453" type="scavenge" timems="2.323" contextid="2450" timestamp="2019-06-17T06:59:29.365">
  <scavenger-info tenureage="4" tenuremask="7ff0" tiltratio="72" />
  <memory-copied type="nursery" objects="34350" bytes="1517232" bytesdiscarded="190464" />
  <memory-copied type="tenure" objects="14278" bytes="661832" bytesdiscarded="40" />
  <references type="weak" candidates="51" cleared="51" enqueued="51" />
</gc-op>
<gc-end id="2454" type="scavenge" contextid="2450" durationms="2.725" usertimems="8.000" systemtimems="0.000" timestamp="2019-06-17T06:59:29.365" activeThreads="4">
  <mem-info id="2455" free="2070854680" total="2092630016" percent="98">
    <mem type="nursery" free="5171192" total="9437184" percent="54">
      <mem type="allocate" free="5171192" total="6881280" percent="75" />
      <mem type="survivor" free="0" total="2555904" percent="0" />
    </mem>
    <mem type="tenure" free="2065683488" total="2083192832" percent="99">
      <mem type="soa" free="2065683488" total="2083192832" percent="99" />
      <mem type="loa" free="0" total="0" percent="0" />
    </mem>
    <pending-finalizers system="0" default="0" reference="51" classloader="0" />
    <remembered-set count="1575" />
  </mem-info>
</gc-end>
<cycle-end id="2456" type="scavenge" contextid="2450" timestamp="2019-06-17T06:59:29.365" />
  <attribute name="elasticGC enabled" value="1" />
  <attribute name= "numThreadsSpecified" value="4" />
  <attribute name="heapSize specified" value="14680064" />
  <attribute name="Current GC Util" value="93" />
  <attribute name= "Current Time Running" value="4512" />
  <attribute name ="GC Interval" value="664" />
  <attribute name="ProportionalT" value="73.000000" />
  <attribute name="ProportionalI" value="73.000000" />
  <attribute name="ProportionalH" value="73.000000" />
  <attribute name="Current Error" value="73.000000" />
  <attribute name="IntegralT" value="584.000000" />
  <attribute name="IntegralI" value="584.000000" />
  <attribute name="IntegralH" value="584.000000" />
  <attribute name="DerivativeT" value="5.125000" />
  <attribute name="DerivativeI" value="5.125000" />
  <attribute name="DerivativeH" value="5.125000" />
  <attribute name="Loop Time for DT" value="8.000000" />
  <attribute name="Output H" value="8388608"/>
  <attribute name="Output I" value="664"/>
  <attribute name="Output T" value="4"/>
  <attribute name="Target GC Util Change" value ="20.000000" />
  <attribute name="Current GC Util Change" value="93.000000"/>
  <attribute name="GC Util currently" value="93" />
  <attribute name="CPU Util currently" value="620690703401" />
<allocation-satisfied id="2457" threadId="0000000001783400" bytesRequested="24" />
<af-end id="2458" timestamp="2019-06-17T06:59:29.365" threadId="0000000001783D88" success="true" from="nursery"/>
<exclusive-end id="2459" timestamp="2019-06-17T06:59:29.365" durationms="3.196" />

<exclusive-start id="2460" timestamp="2019-06-17T06:59:29.378" intervalms="15.566">
  <response-info timems="0.040" idlems="0.040" threads="0" lastid="0000000001783400" lastname="PmdThread 3" />
</exclusive-start>
<af-start id="2461" threadId="0000000001783D88" totalBytesRequested="72" timestamp="2019-06-17T06:59:29.378" intervalms="15.577" type="nursery" />
<cycle-start id="2462" type="scavenge" contextid="0" timestamp="2019-06-17T06:59:29.378" intervalms="15.562" />
<gc-start id="2463" type="scavenge" contextid="2462" timestamp="2019-06-17T06:59:29.378">
  <mem-info id="2464" free="2065681824" total="2092630016" percent="98">
    <mem type="nursery" free="0" total="9437184" percent="0">
      <mem type="allocate" free="0" total="6881280" percent="0" />
      <mem type="survivor" free="0" total="2555904" percent="0" />
    </mem>
    <mem type="tenure" free="2065681824" total="2083192832" percent="99">
      <mem type="soa" free="2065681824" total="2083192832" percent="99" />
      <mem type="loa" free="0" total="0" percent="0" />
    </mem>
    <remembered-set count="2076" />
  </mem-info>
</gc-start>
<allocation-stats totalBytes="5168904" >
  <allocated-bytes non-tlh="1688" tlh="5167216" />
  <largest-consumer threadName="PmdThread 3" threadId="0000000001783400" bytes="2078544" />
</allocation-stats>
<gc-op id="2465" type="scavenge" timems="2.457" contextid="2462" timestamp="2019-06-17T06:59:29.380">
  <scavenger-info tenureage="4" tenuremask="7ff0" tiltratio="72" />
  <memory-copied type="nursery" objects="11867" bytes="501976" bytesdiscarded="118664" />
  <memory-copied type="tenure" objects="15667" bytes="658280" bytesdiscarded="232" />
  <references type="weak" candidates="145" cleared="145" enqueued="145" />
  <references type="phantom" candidates="2" cleared="2" enqueued="2" />
</gc-op>
<gc-end id="2466" type="scavenge" contextid="2462" durationms="2.860" usertimems="4.000" systemtimems="0.000" timestamp="2019-06-17T06:59:29.381" activeThreads="4">
  <mem-info id="2467" free="2071490352" total="2092630016" percent="98">
    <mem type="nursery" free="6454416" total="9437184" percent="68">
      <mem type="allocate" free="6454416" total="7077888" percent="91" />
      <mem type="survivor" free="0" total="2359296" percent="0" />
    </mem>
    <mem type="tenure" free="2065035936" total="2083192832" percent="99">
      <mem type="soa" free="2065035936" total="2083192832" percent="99" />
      <mem type="loa" free="0" total="0" percent="0" />
    </mem>
    <pending-finalizers system="0" default="0" reference="147" classloader="0" />
    <remembered-set count="2355" />
  </mem-info>
</gc-end>
<cycle-end id="2468" type="scavenge" contextid="2462" timestamp="2019-06-17T06:59:29.381" />
  <attribute name="elasticGC enabled" value="1" />
  <attribute name= "numThreadsSpecified" value="4" />
  <attribute name="heapSize specified" value="14680064" />
  <attribute name="Current GC Util" value="42" />
  <attribute name= "Current Time Running" value="4527" />
  <attribute name ="GC Interval" value="352" />
  <attribute name="ProportionalT" value="22.000000" />
  <attribute name="ProportionalI" value="22.000000" />
  <attribute name="ProportionalH" value="22.000000" />
  <attribute name="Current Error" value="22.000000" />
  <attribute name="IntegralT" value="330.000000" />
  <attribute name="IntegralI" value="330.000000" />
  <attribute name="IntegralH" value="330.000000" />
  <attribute name="DerivativeT" value="-3.400000" />
  <attribute name="DerivativeI" value="-3.400000" />
  <attribute name="DerivativeH" value="-3.400000" />
  <attribute name="Loop Time for DT" value="15.000000" />
  <attribute name="Output H" value="8388608"/>
  <attribute name="Output I" value="352"/>
  <attribute name="Output T" value="4"/>
  <attribute name="Target GC Util Change" value ="20.000000" />
  <attribute name="Current GC Util Change" value="42.000000"/>
  <attribute name="GC Util currently" value="42" />
  <attribute name="CPU Util currently" value="296325201350" />
<allocation-satisfied id="2469" threadId="0000000001783400" bytesRequested="72" />
<af-end id="2470" timestamp="2019-06-17T06:59:29.381" threadId="0000000001783D88" success="true" from="nursery"/>
<exclusive-end id="2471" timestamp="2019-06-17T06:59:29.381" durationms="3.482" />

<exclusive-start id="2472" timestamp="2019-06-17T06:59:29.399" intervalms="21.502">
  <response-info timems="0.078" idlems="0.038" threads="2" lastid="000000000177B800" lastname="PmdThread 2" />
</exclusive-start>
<af-start id="2473" threadId="0000000001778588" totalBytesRequested="24" timestamp="2019-06-17T06:59:29.399" intervalms="21.503" type="nursery" />
<cycle-start id="2474" type="scavenge" contextid="0" timestamp="2019-06-17T06:59:29.399" intervalms="21.501" />
<gc-start id="2475" type="scavenge" contextid="2474" timestamp="2019-06-17T06:59:29.399">
  <mem-info id="2476" free="2065034608" total="2092630016" percent="98">
    <mem type="nursery" free="0" total="9437184" percent="0">
      <mem type="allocate" free="0" total="7077888" percent="0" />
      <mem type="survivor" free="0" total="2359296" percent="0" />
    </mem>
    <mem type="tenure" free="2065034608" total="2083192832" percent="99">
      <mem type="soa" free="2065034608" total="2083192832" percent="99" />
      <mem type="loa" free="0" total="0" percent="0" />
    </mem>
    <remembered-set count="3159" />
  </mem-info>
</gc-start>
<allocation-stats totalBytes="6448456" >
  <allocated-bytes non-tlh="1400" tlh="6447056" />
  <largest-consumer threadName="PmdThread 4" threadId="0000000001787000" bytes="3778432" />
</allocation-stats>
<gc-op id="2477" type="scavenge" timems="1.763" contextid="2474" timestamp="2019-06-17T06:59:29.401">
  <scavenger-info tenureage="4" tenuremask="7ff0" tiltratio="75" />
  <memory-copied type="nursery" objects="12849" bytes="742320" bytesdiscarded="112784" />
  <memory-copied type="tenure" objects="7181" bytes="241048" bytesdiscarded="48" />
  <references type="weak" candidates="186" cleared="186" enqueued="186" />
  <references type="phantom" candidates="4" cleared="4" enqueued="4" />
</gc-op>
<gc-end id="2478" type="scavenge" contextid="2474" durationms="1.965" usertimems="4.000" systemtimems="0.000" timestamp="2019-06-17T06:59:29.401" activeThreads="4">
  <mem-info id="2479" free="2071309592" total="2092630016" percent="98">
    <mem type="nursery" free="6484648" total="9437184" percent="68">
      <mem type="allocate" free="6484648" total="7340032" percent="88" />
      <mem type="survivor" free="0" total="2097152" percent="0" />
    </mem>
    <mem type="tenure" free="2064824944" total="2083192832" percent="99">
      <mem type="soa" free="2064824944" total="2083192832" percent="99" />
      <mem type="loa" free="0" total="0" percent="0" />
    </mem>
    <pending-finalizers system="0" default="0" reference="190" classloader="0" />
    <remembered-set count="464" />
  </mem-info>
</gc-end>
<cycle-end id="2480" type="scavenge" contextid="2474" timestamp="2019-06-17T06:59:29.401" />
  <attribute name="elasticGC enabled" value="1" />
  <attribute name= "numThreadsSpecified" value="4" />
  <attribute name="heapSize specified" value="14680064" />
  <attribute name="Current GC Util" value="29" />
  <attribute name= "Current Time Running" value="4549" />
  <attribute name ="GC Interval" value="208" />
  <attribute name="ProportionalT" value="9.000000" />
  <attribute name="ProportionalI" value="9.000000" />
  <attribute name="ProportionalH" value="9.000000" />
  <attribute name="Current Error" value="9.000000" />
  <attribute name="IntegralT" value="198.000000" />
  <attribute name="IntegralI" value="198.000000" />
  <attribute name="IntegralH" value="198.000000" />
  <attribute name="DerivativeT" value="-0.590909" />
  <attribute name="DerivativeI" value="-0.590909" />
  <attribute name="DerivativeH" value="-0.590909" />
  <attribute name="Loop Time for DT" value="22.000000" />
  <attribute name="Output H" value="8388608"/>
  <attribute name="Output I" value="208"/>
  <attribute name="Output T" value="4"/>
  <attribute name="Target GC Util Change" value ="20.000000" />
  <attribute name="Current GC Util Change" value="29.000000"/>
  <attribute name="GC Util currently" value="29" />
  <attribute name="CPU Util currently" value="214983555823" />
<allocation-satisfied id="2481" threadId="0000000001777C00" bytesRequested="24" />
<af-end id="2482" timestamp="2019-06-17T06:59:29.402" threadId="0000000001778588" success="true" from="nursery"/>
<exclusive-end id="2483" timestamp="2019-06-17T06:59:29.402" durationms="2.542" />

<exclusive-start id="2484" timestamp="2019-06-17T06:59:29.414" intervalms="14.416">
  <response-info timems="0.041" idlems="0.041" threads="0" lastid="0000000001787000" lastname="PmdThread 4" />
</exclusive-start>
<af-start id="2485" threadId="0000000001787988" totalBytesRequested="16" timestamp="2019-06-17T06:59:29.414" intervalms="14.427" type="nursery" />
<cycle-start id="2486" type="scavenge" contextid="0" timestamp="2019-06-17T06:59:29.414" intervalms="14.429" />
<gc-start id="2487" type="scavenge" contextid="2486" timestamp="2019-06-17T06:59:29.414">
  <mem-info id="2488" free="2064824448" total="2092630016" percent="98">
    <mem type="nursery" free="0" total="9437184" percent="0">
      <mem type="allocate" free="0" total="7340032" percent="0" />
      <mem type="survivor" free="0" total="2097152" percent="0" />
    </mem>
    <mem type="tenure" free="2064824448" total="2083192832" percent="99">
      <mem type="soa" free="2064824448" total="2083192832" percent="99" />
      <mem type="loa" free="0" total="0" percent="0" />
    </mem>
    <remembered-set count="1259" />
  </mem-info>
</gc-start>
<allocation-stats totalBytes="6474928" >
  <allocated-bytes non-tlh="520" tlh="6474408" />
  <largest-consumer threadName="PmdThread 4" threadId="0000000001787000" bytes="3159280" />
</allocation-stats>
<gc-op id="2489" type="scavenge" timems="2.707" contextid="2486" timestamp="2019-06-17T06:59:29.417">
  <scavenger-info tenureage="3" tenuremask="7fe8" tiltratio="77" />
  <memory-copied type="nursery" objects="16437" bytes="986976" bytesdiscarded="123456" />
  <memory-copied type="tenure" objects="2988" bytes="176384" bytesdiscarded="16" />
  <references type="weak" candidates="203" cleared="202" enqueued="202" />
  <references type="phantom" candidates="3" cleared="1" enqueued="1" />
</gc-op>
<gc-end id="2490" type="scavenge" contextid="2486" durationms="2.896" usertimems="8.000" systemtimems="0.000" timestamp="2019-06-17T06:59:29.417" activeThreads="4">
  <mem-info id="2491" free="2071114192" total="2092630016" percent="98">
    <mem type="nursery" free="6356624" total="9437184" percent="67">
      <mem type="allocate" free="6356624" total="7471104" percent="85" />
      <mem type="survivor" free="0" total="1966080" percent="0" />
    </mem>
    <mem type="tenure" free="2064757568" total="2083192832" percent="99">
      <mem type="soa" free="2064757568" total="2083192832" percent="99" />
      <mem type="loa" free="0" total="0" percent="0" />
    </mem>
    <pending-finalizers system="0" default="0" reference="203" classloader="0" />
    <remembered-set count="488" />
  </mem-info>
</gc-end>
<cycle-end id="2492" type="scavenge" contextid="2486" timestamp="2019-06-17T06:59:29.417" />
  <attribute name="elasticGC enabled" value="1" />
  <attribute name= "numThreadsSpecified" value="4" />
  <attribute name="heapSize specified" value="14680064" />
  <attribute name="Current GC Util" value="27" />
  <attribute name= "Current Time Running" value="4563" />
  <attribute name ="GC Interval" value="200" />
  <attribute name="ProportionalT" value="7.000000" />
  <attribute name="ProportionalI" value="7.000000" />
  <attribute name="ProportionalH" value="7.000000" />
  <attribute name="Current Error" value="7.000000" />
  <attribute name="IntegralT" value="98.000000" />
  <attribute name="IntegralI" value="98.000000" />
  <attribute name="IntegralH" value="98.000000" />
  <attribute name="DerivativeT" value="-0.142857" />
  <attribute name="DerivativeI" value="-0.142857" />
  <attribute name="DerivativeH" value="-0.142857" />
  <attribute name="Loop Time for DT" value="14.000000" />
  <attribute name="Output H" value="8388608"/>
  <attribute name="Output I" value="200"/>
  <attribute name="Output T" value="4"/>
  <attribute name="Target GC Util Change" value ="20.000000" />
  <attribute name="Current GC Util Change" value="27.000000"/>
  <attribute name="GC Util currently" value="27" />
  <attribute name="CPU Util currently" value="320493916385" />
<allocation-satisfied id="2493" threadId="0000000001787000" bytesRequested="16" />
<af-end id="2494" timestamp="2019-06-17T06:59:29.417" threadId="0000000001787988" success="true" from="nursery"/>
<exclusive-end id="2495" timestamp="2019-06-17T06:59:29.417" durationms="3.588" />

<exclusive-start id="2496" timestamp="2019-06-17T06:59:29.427" intervalms="13.796">
  <response-info timems="0.090" idlems="0.053" threads="1" lastid="000000000177B800" lastname="PmdThread 2" />
</exclusive-start>
<af-start id="2497" threadId="0000000001787988" totalBytesRequested="120" timestamp="2019-06-17T06:59:29.427" intervalms="13.773" type="nursery" />
<cycle-start id="2498" type="scavenge" contextid="0" timestamp="2019-06-17T06:59:29.427" intervalms="13.780" />
<gc-start id="2499" type="scavenge" contextid="2498" timestamp="2019-06-17T06:59:29.492">
  <mem-info id="2500" free="2064757272" total="2092630016" percent="98">
    <mem type="nursery" free="0" total="9437184" percent="0">
      <mem type="allocate" free="0" total="7471104" percent="0" />
      <mem type="survivor" free="0" total="1966080" percent="0" />
    </mem>
    <mem type="tenure" free="2064757272" total="2083192832" percent="99">
      <mem type="soa" free="2064757272" total="2083192832" percent="99" />
      <mem type="loa" free="0" total="0" percent="0" />
    </mem>
    <remembered-set count="1370" />
  </mem-info>
</gc-start>
<allocation-stats totalBytes="6350024" >
  <allocated-bytes non-tlh="312" tlh="6349712" />
  <largest-consumer threadName="PmdThread 4" threadId="0000000001787000" bytes="4036168" />
</allocation-stats>
<gc-op id="2501" type="scavenge" timems="2.793" contextid="2498" timestamp="2019-06-17T06:59:29.495">
  <scavenger-info tenureage="5" tenuremask="7fe0" tiltratio="79" />
  <memory-copied type="nursery" objects="11886" bytes="722256" bytesdiscarded="85400" />
  <memory-copied type="tenure" objects="1038" bytes="52576" bytesdiscarded="24" />
  <references type="weak" candidates="362" cleared="362" enqueued="362" />
  <references type="phantom" candidates="5" cleared="5" enqueued="5" />
</gc-op>
<gc-end id="2502" type="scavenge" contextid="2498" durationms="58.193" usertimems="48.000" systemtimems="12.000" timestamp="2019-06-17T06:59:29.550" activeThreads="4">
  <mem-info id="2503" free="2071577224" total="2092630016" percent="98">
    <mem type="nursery" free="6859120" total="9437184" percent="72">
      <mem type="allocate" free="6859120" total="7667712" percent="89" />
      <mem type="survivor" free="0" total="1769472" percent="0" />
    </mem>
    <mem type="tenure" free="2064718104" total="2083192832" percent="99">
      <mem type="soa" free="2064718104" total="2083192832" percent="99" />
      <mem type="loa" free="0" total="0" percent="0" />
    </mem>
    <pending-finalizers system="0" default="0" reference="367" classloader="0" />
    <remembered-set count="234" />
  </mem-info>
</gc-end>
<cycle-end id="2504" type="scavenge" contextid="2498" timestamp="2019-06-17T06:59:29.551" />
  <attribute name="elasticGC enabled" value="1" />
  <attribute name= "numThreadsSpecified" value="4" />
  <attribute name="heapSize specified" value="14680064" />
  <attribute name="Current GC Util" value="7" />
  <attribute name= "Current Time Running" value="4642" />
  <attribute name ="GC Interval" value="200" />
  <attribute name="ProportionalT" value="-13.000000" />
  <attribute name="ProportionalI" value="-13.000000" />
  <attribute name="ProportionalH" value="-13.000000" />
  <attribute name="Current Error" value="-13.000000" />
  <attribute name="IntegralT" value="-1027.000000" />
  <attribute name="IntegralI" value="-1027.000000" />
  <attribute name="IntegralH" value="-1027.000000" />
  <attribute name="DerivativeT" value="-0.253165" />
  <attribute name="DerivativeI" value="-0.253165" />
  <attribute name="DerivativeH" value="-0.253165" />
  <attribute name="Loop Time for DT" value="79.000000" />
  <attribute name="Output H" value="2092630016"/>
  <attribute name="Output I" value="200"/>
  <attribute name="Output T" value="4"/>
  <attribute name="Target GC Util Change" value ="20.000000" />
  <attribute name="Current GC Util Change" value="7.000000"/>
  <attribute name="GC Util currently" value="7" />
  <attribute name="CPU Util currently" value="58567406134" />
<allocation-satisfied id="2505" threadId="0000000001787000" bytesRequested="120" />
<af-end id="2506" timestamp="2019-06-17T06:59:29.551" threadId="0000000001787988" success="true" from="nursery"/>
<exclusive-end id="2507" timestamp="2019-06-17T06:59:29.551" durationms="123.753" />

<exclusive-start id="2508" timestamp="2019-06-17T06:59:29.563" intervalms="135.565">
  <response-info timems="0.044" idlems="0.044" threads="0" lastid="0000000001787000" lastname="PmdThread 4" />
</exclusive-start>
<af-start id="2509" threadId="0000000001787988" totalBytesRequested="752" timestamp="2019-06-17T06:59:29.563" intervalms="135.548" type="nursery" />
<cycle-start id="2510" type="scavenge" contextid="0" timestamp="2019-06-17T06:59:29.563" intervalms="135.529" />
<gc-start id="2511" type="scavenge" contextid="2510" timestamp="2019-06-17T06:59:29.563">
  <mem-info id="2512" free="2064718032" total="2092630016" percent="98">
    <mem type="nursery" free="0" total="9437184" percent="0">
      <mem type="allocate" free="0" total="7667712" percent="0" />
      <mem type="survivor" free="0" total="1769472" percent="0" />
    </mem>
    <mem type="tenure" free="2064718032" total="2083192832" percent="99">
      <mem type="soa" free="2064718032" total="2083192832" percent="99" />
      <mem type="loa" free="0" total="0" percent="0" />
    </mem>
    <remembered-set count="999" />
  </mem-info>
</gc-start>
<allocation-stats totalBytes="6850576" >
  <allocated-bytes non-tlh="192" tlh="6850384" />
  <largest-consumer threadName="PmdThread 4" threadId="0000000001787000" bytes="4336896" />
</allocation-stats>
<gc-op id="2513" type="scavenge" timems="1.776" contextid="2510" timestamp="2019-06-17T06:59:29.565">
  <scavenger-info tenureage="6" tenuremask="7fc0" tiltratio="81" />
  <memory-copied type="nursery" objects="12550" bytes="756904" bytesdiscarded="158696" />
  <references type="weak" candidates="240" cleared="240" enqueued="240" />
  <references type="phantom" candidates="5" cleared="5" enqueued="5" />
</gc-op>
<gc-end id="2514" type="scavenge" contextid="2510" durationms="1.988" usertimems="4.000" systemtimems="0.000" timestamp="2019-06-17T06:59:29.565" activeThreads="4">
  <mem-info id="2515" free="2071664760" total="2092630016" percent="98">
    <mem type="nursery" free="6946728" total="9437184" percent="73">
      <mem type="allocate" free="6946728" total="7864320" percent="88" />
      <mem type="survivor" free="0" total="1572864" percent="0" />
    </mem>
    <mem type="tenure" free="2064718032" total="2083192832" percent="99">
      <mem type="soa" free="2064718032" total="2083192832" percent="99" />
      <mem type="loa" free="0" total="0" percent="0" />
    </mem>
    <pending-finalizers system="0" default="0" reference="245" classloader="0" />
    <remembered-set count="233" />
  </mem-info>
</gc-end>
<cycle-end id="2516" type="scavenge" contextid="2510" timestamp="2019-06-17T06:59:29.565" />
  <attribute name="elasticGC enabled" value="1" />
  <attribute name= "numThreadsSpecified" value="4" />
  <attribute name="heapSize specified" value="14680064" />
  <attribute name="Current GC Util" value="177" />
  <attribute name= "Current Time Running" value="4713" />
  <attribute name ="GC Interval" value="4000" />
  <attribute name="ProportionalT" value="157.000000" />
  <attribute name="ProportionalI" value="157.000000" />
  <attribute name="ProportionalH" value="157.000000" />
  <attribute name="Current Error" value="157.000000" />
  <attribute name="IntegralT" value="11147.000000" />
  <attribute name="IntegralI" value="11147.000000" />
  <attribute name="IntegralH" value="11147.000000" />
  <attribute name="DerivativeT" value="2.211268" />
  <attribute name="DerivativeI" value="2.211268" />
  <attribute name="DerivativeH" value="2.211268" />
  <attribute name="Loop Time for DT" value="71.000000" />
  <attribute name="Output H" value="8388608"/>
  <attribute name="Output I" value="4000"/>
  <attribute name="Output T" value="4"/>
  <attribute name="Target GC Util Change" value ="20.000000" />
  <attribute name="Current GC Util Change" value="177.000000"/>
  <attribute name="GC Util currently" value="177" />
  <attribute name="CPU Util currently" value="65308432456" />
<allocation-satisfied id="2517" threadId="0000000001787000" bytesRequested="752" />
<af-end id="2518" timestamp="2019-06-17T06:59:29.565" threadId="0000000001787988" success="true" from="nursery"/>
<exclusive-end id="2519" timestamp="2019-06-17T06:59:29.565" durationms="2.492" />

<exclusive-start id="2520" timestamp="2019-06-17T06:59:29.578" intervalms="15.196">
  <response-info timems="0.062" idlems="0.062" threads="0" lastid="0000000001787000" lastname="PmdThread 4" />
</exclusive-start>
<af-start id="2521" threadId="0000000001787988" totalBytesRequested="760" timestamp="2019-06-17T06:59:29.578" intervalms="15.241" type="nursery" />
<cycle-start id="2522" type="scavenge" contextid="0" timestamp="2019-06-17T06:59:29.578" intervalms="15.279" />
<gc-start id="2523" type="scavenge" contextid="2522" timestamp="2019-06-17T06:59:29.578">
  <mem-info id="2524" free="2064717168" total="2092630016" percent="98">
    <mem type="nursery" free="0" total="9437184" percent="0">
      <mem type="allocate" free="0" total="7864320" percent="0" />
      <mem type="survivor" free="0" total="1572864" percent="0" />
    </mem>
    <mem type="tenure" free="2064717168" total="2083192832" percent="99">
      <mem type="soa" free="2064717168" total="2083192832" percent="99" />
      <mem type="loa" free="0" total="0" percent="0" />
    </mem>
    <remembered-set count="961" />
  </mem-info>
</gc-start>
<allocation-stats totalBytes="6934176" >
  <allocated-bytes non-tlh="1616" tlh="6932560" />
  <largest-consumer threadName="PmdThread 4" threadId="0000000001787000" bytes="3331240" />
</allocation-stats>
<gc-op id="2525" type="scavenge" timems="2.991" contextid="2522" timestamp="2019-06-17T06:59:29.581">
  <scavenger-info tenureage="4" tenuremask="7f90" tiltratio="83" />
  <memory-copied type="nursery" objects="31422" bytes="1445968" bytesdiscarded="125536" />
  <memory-copied type="tenure" objects="3220" bytes="165312" bytesdiscarded="672" />
  <copy-failed type="nursery" objects="3000" bytes="157584" />
  <references type="weak" candidates="302" cleared="300" enqueued="300" />
  <references type="phantom" candidates="5" cleared="2" enqueued="2" />
</gc-op>
<gc-end id="2526" type="scavenge" contextid="2522" durationms="3.252" usertimems="4.000" systemtimems="4.000" timestamp="2019-06-17T06:59:29.582" activeThreads="4">
  <mem-info id="2527" free="2069752416" total="2092630016" percent="98">
    <mem type="nursery" free="5177344" total="9437184" percent="54">
      <mem type="allocate" free="5177344" total="6750208" percent="76" />
      <mem type="survivor" free="0" total="2686976" percent="0" />
    </mem>
    <mem type="tenure" free="2064575072" total="2083192832" percent="99">
      <mem type="soa" free="2064575072" total="2083192832" percent="99" />
      <mem type="loa" free="0" total="0" percent="0" />
    </mem>
    <pending-finalizers system="0" default="0" reference="302" classloader="0" />
    <remembered-set count="1307" />
  </mem-info>
</gc-end>
<cycle-end id="2528" type="scavenge" contextid="2522" timestamp="2019-06-17T06:59:29.582" />
  <attribute name="elasticGC enabled" value="1" />
  <attribute name= "numThreadsSpecified" value="4" />
  <attribute name="heapSize specified" value="14680064" />
  <attribute name="Current GC Util" value="26" />
  <attribute name= "Current Time Running" value="4728" />
  <attribute name ="GC Interval" value="200" />
  <attribute name="ProportionalT" value="6.000000" />
  <attribute name="ProportionalI" value="6.000000" />
  <attribute name="ProportionalH" value="6.000000" />
  <attribute name="Current Error" value="6.000000" />
  <attribute name="IntegralT" value="90.000000" />
  <attribute name="IntegralI" value="90.000000" />
  <attribute name="IntegralH" value="90.000000" />
  <attribute name="DerivativeT" value="-10.066667" />
  <attribute name="DerivativeI" value="-10.066667" />
  <attribute name="DerivativeH" value="-10.066667" />
  <attribute name="Loop Time for DT" value="15.000000" />
  <attribute name="Output H" value="8388608"/>
  <attribute name="Output I" value="200"/>
  <attribute name="Output T" value="4"/>
  <attribute name="Target GC Util Change" value ="20.000000" />
  <attribute name="Current GC Util Change" value="26.000000"/>
  <attribute name="GC Util currently" value="26" />
  <attribute name="CPU Util currently" value="302717745752" />
<allocation-satisfied id="2529" threadId="0000000001787000" bytesRequested="760" />
<af-end id="2530" timestamp="2019-06-17T06:59:29.582" threadId="0000000001787988" success="true" from="nursery"/>
<exclusive-end id="2531" timestamp="2019-06-17T06:59:29.582" durationms="3.992" />

<exclusive-start id="2532" timestamp="2019-06-17T06:59:29.596" intervalms="17.621">
  <response-info timems="0.154" idlems="0.086" threads="1" lastid="000000000177B800" lastname="PmdThread 2" />
</exclusive-start>
<af-start id="2533" threadId="0000000001787988" totalBytesRequested="64" timestamp="2019-06-17T06:59:29.596" intervalms="17.655" type="nursery" />
<cycle-start id="2534" type="scavenge" contextid="0" timestamp="2019-06-17T06:59:29.596" intervalms="17.649" />
<gc-start id="2535" type="scavenge" contextid="2534" timestamp="2019-06-17T06:59:29.596">
  <mem-info id="2536" free="2064573176" total="2092630016" percent="98">
    <mem type="nursery" free="0" total="9437184" percent="0">
      <mem type="allocate" free="0" total="6750208" percent="0" />
      <mem type="survivor" free="0" total="2686976" percent="0" />
    </mem>
    <mem type="tenure" free="2064573176" total="2083192832" percent="99">
      <mem type="soa" free="2064573176" total="2083192832" percent="99" />
      <mem type="loa" free="0" total="0" percent="0" />
    </mem>
    <remembered-set count="1759" />
  </mem-info>
</gc-start>
<allocation-stats totalBytes="5169648" >
  <allocated-bytes non-tlh="2656" tlh="5166992" />
  <largest-consumer threadName="PmdThread 4" threadId="0000000001787000" bytes="2327944" />
</allocation-stats>
<gc-op id="2537" type="scavenge" timems="2.379" contextid="2534" timestamp="2019-06-17T06:59:29.599">
  <scavenger-info tenureage="3" tenuremask="7f98" tiltratio="71" />
  <memory-copied type="nursery" objects="22164" bytes="1131392" bytesdiscarded="148368" />
  <memory-copied type="tenure" objects="4837" bytes="296296" bytesdiscarded="784" />
  <references type="weak" candidates="256" cleared="256" enqueued="256" />
  <references type="phantom" candidates="7" cleared="7" enqueued="7" />
</gc-op>
<gc-end id="2538" type="scavenge" contextid="2534" durationms="2.636" usertimems="8.000" systemtimems="0.000" timestamp="2019-06-17T06:59:29.599" activeThreads="4">
  <mem-info id="2539" free="2069844840" total="2092630016" percent="98">
    <mem type="nursery" free="5666728" total="9437184" percent="60">
      <mem type="allocate" free="5666728" total="6946816" percent="81" />
      <mem type="survivor" free="0" total="2490368" percent="0" />
    </mem>
    <mem type="tenure" free="2064178112" total="2083192832" percent="99">
      <mem type="soa" free="2064178112" total="2083192832" percent="99" />
      <mem type="loa" free="0" total="0" percent="0" />
    </mem>
    <pending-finalizers system="0" default="0" reference="263" classloader="0" />
    <remembered-set count="1371" />
  </mem-info>
</gc-end>
<cycle-end id="2540" type="scavenge" contextid="2534" timestamp="2019-06-17T06:59:29.599" />
  <attribute name="elasticGC enabled" value="1" />
  <attribute name= "numThreadsSpecified" value="4" />
  <attribute name="heapSize specified" value="14680064" />
  <attribute name="Current GC Util" value="31" />
  <attribute name= "Current Time Running" value="4746" />
  <attribute name ="GC Interval" value="216" />
  <attribute name="ProportionalT" value="11.000000" />
  <attribute name="ProportionalI" value="11.000000" />
  <attribute name="ProportionalH" value="11.000000" />
  <attribute name="Current Error" value="11.000000" />
  <attribute name="IntegralT" value="198.000000" />
  <attribute name="IntegralI" value="198.000000" />
  <attribute name="IntegralH" value="198.000000" />
  <attribute name="DerivativeT" value="0.277778" />
  <attribute name="DerivativeI" value="0.277778" />
  <attribute name="DerivativeH" value="0.277778" />
  <attribute name="Loop Time for DT" value="18.000000" />
  <attribute name="Output H" value="8388608"/>
  <attribute name="Output I" value="216"/>
  <attribute name="Output T" value="4"/>
  <attribute name="Target GC Util Change" value ="20.000000" />
  <attribute name="Current GC Util Change" value="31.000000"/>
  <attribute name="GC Util currently" value="31" />
  <attribute name="CPU Util currently" value="259933509078" />
<allocation-satisfied id="2541" threadId="0000000001787000" bytesRequested="64" />
<af-end id="2542" timestamp="2019-06-17T06:59:29.599" threadId="0000000001787988" success="true" from="nursery"/>
<exclusive-end id="2543" timestamp="2019-06-17T06:59:29.599" durationms="3.480" />

<exclusive-start id="2544" timestamp="2019-06-17T06:59:29.607" intervalms="11.055">
  <response-info timems="0.048" idlems="0.048" threads="0" lastid="0000000001777C00" lastname="PmdThread 1" />
</exclusive-start>
<af-start id="2545" threadId="0000000001778588" totalBytesRequested="832" timestamp="2019-06-17T06:59:29.607" intervalms="11.065" type="nursery" />
<cycle-start id="2546" type="scavenge" contextid="0" timestamp="2019-06-17T06:59:29.607" intervalms="11.062" />
<gc-start id="2547" type="scavenge" contextid="2546" timestamp="2019-06-17T06:59:29.607">
  <mem-info id="2548" free="2064178112" total="2092630016" percent="98">
    <mem type="nursery" free="0" total="9437184" percent="0">
      <mem type="allocate" free="0" total="6946816" percent="0" />
      <mem type="survivor" free="0" total="2490368" percent="0" />
    </mem>
    <mem type="tenure" free="2064178112" total="2083192832" percent="99">
      <mem type="soa" free="2064178112" total="2083192832" percent="99" />
      <mem type="loa" free="0" total="0" percent="0" />
    </mem>
    <remembered-set count="2631" />
  </mem-info>
</gc-start>
<allocation-stats totalBytes="5658520" >
  <allocated-bytes non-tlh="64" tlh="5658456" />
  <largest-consumer threadName="PmdThread 4" threadId="0000000001787000" bytes="3006328" />
</allocation-stats>
<gc-op id="2549" type="scavenge" timems="1.237" contextid="2546" timestamp="2019-06-17T06:59:29.608">
  <scavenger-info tenureage="7" tenuremask="7f80" tiltratio="73" />
  <memory-copied type="nursery" objects="37301" bytes="1618544" bytesdiscarded="96648" />
  <memory-copied type="tenure" objects="198" bytes="9688" bytesdiscarded="0" />
  <references type="weak" candidates="115" cleared="115" enqueued="115" />
  <references type="phantom" candidates="2" cleared="1" enqueued="1" />
</gc-op>
<gc-end id="2550" type="scavenge" contextid="2546" durationms="1.491" usertimems="4.000" systemtimems="0.000" timestamp="2019-06-17T06:59:29.609" activeThreads="4">
  <mem-info id="2551" free="2069537232" total="2092630016" percent="98">
    <mem type="nursery" free="5359120" total="9437184" percent="56">
      <mem type="allocate" free="5359120" total="7077888" percent="75" />
      <mem type="survivor" free="0" total="2359296" percent="0" />
    </mem>
    <mem type="tenure" free="2064178112" total="2083192832" percent="99">
      <mem type="soa" free="2064178112" total="2083192832" percent="99" />
      <mem type="loa" free="0" total="0" percent="0" />
    </mem>
    <pending-finalizers system="0" default="0" reference="116" classloader="0" />
    <remembered-set count="1318" />
  </mem-info>
</gc-end>
<cycle-end id="2552" type="scavenge" contextid="2546" timestamp="2019-06-17T06:59:29.609" />
  <attribute name="elasticGC enabled" value="1" />
  <attribute name= "numThreadsSpecified" value="4" />
  <attribute name="heapSize specified" value="14680064" />
  <attribute name="Current GC Util" value="53" />
  <attribute name= "Current Time Running" value="4757" />
  <attribute name ="GC Interval" value="400" />
  <attribute name="ProportionalT" value="33.000000" />
  <attribute name="ProportionalI" value="33.000000" />
  <attribute name="ProportionalH" value="33.000000" />
  <attribute name="Current Error" value="33.000000" />
  <attribute name="IntegralT" value="363.000000" />
  <attribute name="IntegralI" value="363.000000" />
  <attribute name="IntegralH" value="363.000000" />
  <attribute name="DerivativeT" value="2.000000" />
  <attribute name="DerivativeI" value="2.000000" />
  <attribute name="DerivativeH" value="2.000000" />
  <attribute name="Loop Time for DT" value="11.000000" />
  <attribute name="Output H" value="8388608"/>
  <attribute name="Output I" value="400"/>
  <attribute name="Output T" value="4"/>
  <attribute name="Target GC Util Change" value ="20.000000" />
  <attribute name="Current GC Util Change" value="53.000000"/>
  <attribute name="GC Util currently" value="53" />
  <attribute name="CPU Util currently" value="415749129258" />
<allocation-satisfied id="2553" threadId="0000000001777C00" bytesRequested="832" />
<af-end id="2554" timestamp="2019-06-17T06:59:29.609" threadId="0000000001778588" success="true" from="nursery"/>
<exclusive-end id="2555" timestamp="2019-06-17T06:59:29.609" durationms="2.058" />

<exclusive-start id="2556" timestamp="2019-06-17T06:59:29.620" intervalms="12.966">
  <response-info timems="0.043" idlems="0.043" threads="0" lastid="0000000001787000" lastname="PmdThread 4" />
</exclusive-start>
<af-start id="2557" threadId="0000000001787988" totalBytesRequested="80" timestamp="2019-06-17T06:59:29.620" intervalms="12.899" type="nursery" />
<cycle-start id="2558" type="scavenge" contextid="0" timestamp="2019-06-17T06:59:29.620" intervalms="12.877" />
<gc-start id="2559" type="scavenge" contextid="2558" timestamp="2019-06-17T06:59:29.620">
  <mem-info id="2560" free="2064177168" total="2092630016" percent="98">
    <mem type="nursery" free="0" total="9437184" percent="0">
      <mem type="allocate" free="0" total="7077888" percent="0" />
      <mem type="survivor" free="0" total="2359296" percent="0" />
    </mem>
    <mem type="tenure" free="2064177168" total="2083192832" percent="99">
      <mem type="soa" free="2064177168" total="2083192832" percent="99" />
      <mem type="loa" free="0" total="0" percent="0" />
    </mem>
    <remembered-set count="2558" />
  </mem-info>
</gc-start>
<allocation-stats totalBytes="5352840" >
  <allocated-bytes non-tlh="1776" tlh="5351064" />
  <largest-consumer threadName="PmdThread 4" threadId="0000000001787000" bytes="2060096" />
</allocation-stats>
<gc-op id="2561" type="scavenge" timems="3.180" contextid="2558" timestamp="2019-06-17T06:59:29.623">
  <scavenger-info tenureage="7" tenuremask="7f80" tiltratio="75" />
  <memory-copied type="nursery" objects="33537" bytes="1650336" bytesdiscarded="124112" />
  <references type="weak" candidates="171" cleared="171" enqueued="171" />
  <references type="phantom" candidates="4" cleared="4" enqueued="4" />
</gc-op>
<gc-end id="2562" type="scavenge" contextid="2558" durationms="3.457" usertimems="4.000" systemtimems="4.000" timestamp="2019-06-17T06:59:29.623" activeThreads="4">
  <mem-info id="2563" free="2069873152" total="2092630016" percent="98">
    <mem type="nursery" free="5695984" total="9437184" percent="60">
      <mem type="allocate" free="5695984" total="7471104" percent="76" />
      <mem type="survivor" free="0" total="1966080" percent="0" />
    </mem>
    <mem type="tenure" free="2064177168" total="2083192832" percent="99">
      <mem type="soa" free="2064177168" total="2083192832" percent="99" />
      <mem type="loa" free="0" total="0" percent="0" />
    </mem>
    <pending-finalizers system="0" default="0" reference="175" classloader="0" />
    <remembered-set count="1325" />
  </mem-info>
</gc-end>
<cycle-end id="2564" type="scavenge" contextid="2558" timestamp="2019-06-17T06:59:29.624" />
  <attribute name="elasticGC enabled" value="1" />
  <attribute name= "numThreadsSpecified" value="4" />
  <attribute name="heapSize specified" value="14680064" />
  <attribute name="Current GC Util" value="28" />
  <attribute name= "Current Time Running" value="4769" />
  <attribute name ="GC Interval" value="200" />
  <attribute name="ProportionalT" value="8.000000" />
  <attribute name="ProportionalI" value="8.000000" />
  <attribute name="ProportionalH" value="8.000000" />
  <attribute name="Current Error" value="8.000000" />
  <attribute name="IntegralT" value="96.000000" />
  <attribute name="IntegralI" value="96.000000" />
  <attribute name="IntegralH" value="96.000000" />
  <attribute name="DerivativeT" value="-2.083333" />
  <attribute name="DerivativeI" value="-2.083333" />
  <attribute name="DerivativeH" value="-2.083333" />
  <attribute name="Loop Time for DT" value="12.000000" />
  <attribute name="Output H" value="8388608"/>
  <attribute name="Output I" value="200"/>
  <attribute name="Output T" value="4"/>
  <attribute name="Target GC Util Change" value ="20.000000" />
  <attribute name="Current GC Util Change" value="28.000000"/>
  <attribute name="GC Util currently" value="28" />
  <attribute name="CPU Util currently" value="360468681172" />
<allocation-satisfied id="2565" threadId="0000000001787000" bytesRequested="80" />
<af-end id="2566" timestamp="2019-06-17T06:59:29.624" threadId="0000000001787988" success="true" from="nursery"/>
<exclusive-end id="2567" timestamp="2019-06-17T06:59:29.624" durationms="4.289" />

<exclusive-start id="2568" timestamp="2019-06-17T06:59:29.634" intervalms="13.918">
  <response-info timems="0.034" idlems="0.034" threads="0" lastid="0000000001787000" lastname="PmdThread 4" />
</exclusive-start>
<af-start id="2569" threadId="0000000001787988" totalBytesRequested="32" timestamp="2019-06-17T06:59:29.634" intervalms="13.894" type="nursery" />
<cycle-start id="2570" type="scavenge" contextid="0" timestamp="2019-06-17T06:59:29.634" intervalms="13.866" />
<gc-start id="2571" type="scavenge" contextid="2570" timestamp="2019-06-17T06:59:29.634">
  <mem-info id="2572" free="2064176960" total="2092630016" percent="98">
    <mem type="nursery" free="0" total="9437184" percent="0">
      <mem type="allocate" free="0" total="7471104" percent="0" />
      <mem type="survivor" free="0" total="1966080" percent="0" />
    </mem>
    <mem type="tenure" free="2064176960" total="2083192832" percent="99">
      <mem type="soa" free="2064176960" total="2083192832" percent="99" />
      <mem type="loa" free="0" total="0" percent="0" />
    </mem>
    <remembered-set count="2673" />
  </mem-info>
</gc-start>
<allocation-stats totalBytes="5690896" >
  <allocated-bytes non-tlh="288" tlh="5690608" />
  <largest-consumer threadName="PmdThread 4" threadId="0000000001787000" bytes="2323000" />
</allocation-stats>
<gc-op id="2573" type="scavenge" timems="2.718" contextid="2570" timestamp="2019-06-17T06:59:29.637">
  <scavenger-info tenureage="3" tenuremask="7f98" tiltratio="79" />
  <memory-copied type="nursery" objects="15341" bytes="852408" bytesdiscarded="171104" />
  <memory-copied type="tenure" objects="15511" bytes="747120" bytesdiscarded="784" />
  <references type="weak" candidates="221" cleared="221" enqueued="221" />
  <references type="phantom" candidates="4" cleared="4" enqueued="4" />
</gc-op>
<gc-end id="2574" type="scavenge" contextid="2570" durationms="2.940" usertimems="0.000" systemtimems="4.000" timestamp="2019-06-17T06:59:29.637" activeThreads="4">
  <mem-info id="2575" free="2069868872" total="2092630016" percent="98">
    <mem type="nursery" free="6509440" total="9437184" percent="68">
      <mem type="allocate" free="6509440" total="7536640" percent="86" />
      <mem type="survivor" free="0" total="1900544" percent="0" />
    </mem>
    <mem type="tenure" free="2063359432" total="2083192832" percent="99">
      <mem type="soa" free="2063359432" total="2083192832" percent="99" />
      <mem type="loa" free="0" total="0" percent="0" />
    </mem>
    <pending-finalizers system="0" default="0" reference="225" classloader="0" />
    <remembered-set count="357" />
  </mem-info>
</gc-end>
<cycle-end id="2576" type="scavenge" contextid="2570" timestamp="2019-06-17T06:59:29.637" />
  <attribute name="elasticGC enabled" value="1" />
  <attribute name= "numThreadsSpecified" value="4" />
  <attribute name="heapSize specified" value="14680064" />
  <attribute name="Current GC Util" value="48" />
  <attribute name= "Current Time Running" value="4783" />
  <attribute name ="GC Interval" value="424" />
  <attribute name="ProportionalT" value="28.000000" />
  <attribute name="ProportionalI" value="28.000000" />
  <attribute name="ProportionalH" value="28.000000" />
  <attribute name="Current Error" value="28.000000" />
  <attribute name="IntegralT" value="392.000000" />
  <attribute name="IntegralI" value="392.000000" />
  <attribute name="IntegralH" value="392.000000" />
  <attribute name="DerivativeT" value="1.428571" />
  <attribute name="DerivativeI" value="1.428571" />
  <attribute name="DerivativeH" value="1.428571" />
  <attribute name="Loop Time for DT" value="14.000000" />
  <attribute name="Output H" value="8388608"/>
  <attribute name="Output I" value="424"/>
  <attribute name="Output T" value="4"/>
  <attribute name="Target GC Util Change" value ="20.000000" />
  <attribute name="Current GC Util Change" value="48.000000"/>
  <attribute name="GC Util currently" value="48" />
  <attribute name="CPU Util currently" value="333664728988" />
<allocation-satisfied id="2577" threadId="0000000001787000" bytesRequested="32" />
<af-end id="2578" timestamp="2019-06-17T06:59:29.637" threadId="0000000001787988" success="true" from="nursery"/>
<exclusive-end id="2579" timestamp="2019-06-17T06:59:29.637" durationms="3.361" />

<exclusive-start id="2580" timestamp="2019-06-17T06:59:29.648" intervalms="14.663">
  <response-info timems="0.039" idlems="0.039" threads="0" lastid="0000000001777C00" lastname="PmdThread 1" />
</exclusive-start>
<af-start id="2581" threadId="0000000001778588" totalBytesRequested="24" timestamp="2019-06-17T06:59:29.648" intervalms="14.744" type="nursery" />
<cycle-start id="2582" type="scavenge" contextid="0" timestamp="2019-06-17T06:59:29.649" intervalms="14.802" />
<gc-start id="2583" type="scavenge" contextid="2582" timestamp="2019-06-17T06:59:29.649">
  <mem-info id="2584" free="2063359248" total="2092630016" percent="98">
    <mem type="nursery" free="0" total="9437184" percent="0">
      <mem type="allocate" free="0" total="7536640" percent="0" />
      <mem type="survivor" free="0" total="1900544" percent="0" />
    </mem>
    <mem type="tenure" free="2063359248" total="2083192832" percent="99">
      <mem type="soa" free="2063359248" total="2083192832" percent="99" />
      <mem type="loa" free="0" total="0" percent="0" />
    </mem>
    <remembered-set count="2625" />
  </mem-info>
</gc-start>
<allocation-stats totalBytes="6502448" >
  <allocated-bytes non-tlh="216" tlh="6502232" />
  <largest-consumer threadName="PmdThread 4" threadId="0000000001787000" bytes="3260064" />
</allocation-stats>
<gc-op id="2585" type="scavenge" timems="1.222" contextid="2582" timestamp="2019-06-17T06:59:29.650">
  <scavenger-info tenureage="3" tenuremask="7fc8" tiltratio="79" />
  <memory-copied type="nursery" objects="15774" bytes="738432" bytesdiscarded="88504" />
  <memory-copied type="tenure" objects="4976" bytes="260608" bytesdiscarded="0" />
  <references type="weak" candidates="352" cleared="352" enqueued="352" />
  <references type="phantom" candidates="1" cleared="1" enqueued="1" />
</gc-op>
<gc-end id="2586" type="scavenge" contextid="2582" durationms="1.447" usertimems="4.000" systemtimems="0.000" timestamp="2019-06-17T06:59:29.650" activeThreads="4">
  <mem-info id="2587" free="2070070464" total="2092630016" percent="98">
    <mem type="nursery" free="6904400" total="9437184" percent="73">
      <mem type="allocate" free="6904400" total="7733248" percent="89" />
      <mem type="survivor" free="0" total="1703936" percent="0" />
    </mem>
    <mem type="tenure" free="2063166064" total="2083192832" percent="99">
      <mem type="soa" free="2063166064" total="2083192832" percent="99" />
      <mem type="loa" free="0" total="0" percent="0" />
    </mem>
    <pending-finalizers system="0" default="0" reference="353" classloader="0" />
    <remembered-set count="544" />
  </mem-info>
</gc-end>
<cycle-end id="2588" type="scavenge" contextid="2582" timestamp="2019-06-17T06:59:29.650" />
  <attribute name="elasticGC enabled" value="1" />
  <attribute name= "numThreadsSpecified" value="4" />
  <attribute name="heapSize specified" value="14680064" />
  <attribute name="Current GC Util" value="39" />
  <attribute name= "Current Time Running" value="4798" />
  <attribute name ="GC Interval" value="304" />
  <attribute name="ProportionalT" value="19.000000" />
  <attribute name="ProportionalI" value="19.000000" />
  <attribute name="ProportionalH" value="19.000000" />
  <attribute name="Current Error" value="19.000000" />
  <attribute name="IntegralT" value="285.000000" />
  <attribute name="IntegralI" value="285.000000" />
  <attribute name="IntegralH" value="285.000000" />
  <attribute name="DerivativeT" value="-0.600000" />
  <attribute name="DerivativeI" value="-0.600000" />
  <attribute name="DerivativeH" value="-0.600000" />
  <attribute name="Loop Time for DT" value="15.000000" />
  <attribute name="Output H" value="8388608"/>
  <attribute name="Output I" value="304"/>
  <attribute name="Output T" value="4"/>
  <attribute name="Target GC Util Change" value ="20.000000" />
  <attribute name="Current GC Util Change" value="39.000000"/>
  <attribute name="GC Util currently" value="39" />
  <attribute name="CPU Util currently" value="309159797119" />
<allocation-satisfied id="2589" threadId="0000000001777C00" bytesRequested="24" />
<af-end id="2590" timestamp="2019-06-17T06:59:29.650" threadId="0000000001778588" success="true" from="nursery"/>
<exclusive-end id="2591" timestamp="2019-06-17T06:59:29.650" durationms="2.155" />

<exclusive-start id="2592" timestamp="2019-06-17T06:59:29.664" intervalms="15.228">
  <response-info timems="0.063" idlems="0.063" threads="0" lastid="0000000001777C00" lastname="PmdThread 1" />
</exclusive-start>
<af-start id="2593" threadId="0000000001778588" totalBytesRequested="16392" timestamp="2019-06-17T06:59:29.664" intervalms="15.158" type="nursery" />
<cycle-start id="2594" type="scavenge" contextid="0" timestamp="2019-06-17T06:59:29.664" intervalms="15.109" />
<gc-start id="2595" type="scavenge" contextid="2594" timestamp="2019-06-17T06:59:29.664">
  <mem-info id="2596" free="2063166008" total="2092630016" percent="98">
    <mem type="nursery" free="0" total="9437184" percent="0">
      <mem type="allocate" free="0" total="7733248" percent="0" />
      <mem type="survivor" free="0" total="1703936" percent="0" />
    </mem>
    <mem type="tenure" free="2063166008" total="2083192832" percent="99">
      <mem type="soa" free="2063166008" total="2083192832" percent="99" />
      <mem type="loa" free="0" total="0" percent="0" />
    </mem>
    <remembered-set count="644" />
  </mem-info>
</gc-start>
<allocation-stats totalBytes="6890424" >
  <allocated-bytes non-tlh="80" tlh="6890344" />
  <largest-consumer threadName="PmdThread 4" threadId="0000000001787000" bytes="2449144" />
</allocation-stats>
<gc-op id="2597" type="scavenge" timems="0.835" contextid="2594" timestamp="2019-06-17T06:59:29.665">
  <scavenger-info tenureage="8" tenuremask="7f00" tiltratio="81" />
  <memory-copied type="nursery" objects="17735" bytes="962000" bytesdiscarded="209248" />
  <references type="weak" candidates="88" cleared="88" enqueued="88" />
  <references type="phantom" candidates="4" cleared="3" enqueued="3" />
</gc-op>
<gc-end id="2598" type="scavenge" contextid="2594" durationms="1.064" usertimems="0.000" systemtimems="4.000" timestamp="2019-06-17T06:59:29.665" activeThreads="4">
  <mem-info id="2599" free="2069789528" total="2092630016" percent="98">
    <mem type="nursery" free="6623520" total="9437184" percent="70">
      <mem type="allocate" free="6623520" total="7798784" percent="84" />
      <mem type="survivor" free="0" total="1638400" percent="0" />
    </mem>
    <mem type="tenure" free="2063166008" total="2083192832" percent="99">
      <mem type="soa" free="2063166008" total="2083192832" percent="99" />
      <mem type="loa" free="0" total="0" percent="0" />
    </mem>
    <pending-finalizers system="0" default="0" reference="91" classloader="0" />
    <remembered-set count="572" />
  </mem-info>
</gc-end>
<cycle-end id="2600" type="scavenge" contextid="2594" timestamp="2019-06-17T06:59:29.665" />
  <attribute name="elasticGC enabled" value="1" />
  <attribute name= "numThreadsSpecified" value="4" />
  <attribute name="heapSize specified" value="14680064" />
  <attribute name="Current GC Util" value="18" />
  <attribute name= "Current Time Running" value="4813" />
  <attribute name ="GC Interval" value="200" />
  <attribute name="ProportionalT" value="-2.000000" />
  <attribute name="ProportionalI" value="-2.000000" />
  <attribute name="ProportionalH" value="-2.000000" />
  <attribute name="Current Error" value="-2.000000" />
  <attribute name="IntegralT" value="-30.000000" />
  <attribute name="IntegralI" value="-30.000000" />
  <attribute name="IntegralH" value="-30.000000" />
  <attribute name="DerivativeT" value="-1.400000" />
  <attribute name="DerivativeI" value="-1.400000" />
  <attribute name="DerivativeH" value="-1.400000" />
  <attribute name="Loop Time for DT" value="15.000000" />
  <attribute name="Output H" value="2092630016"/>
  <attribute name="Output I" value="200"/>
  <attribute name="Output T" value="4"/>
  <attribute name="Target GC Util Change" value ="20.000000" />
  <attribute name="Current GC Util Change" value="18.000000"/>
  <attribute name="GC Util currently" value="18" />
  <attribute name="CPU Util currently" value="305608435201" />
<allocation-satisfied id="2601" threadId="0000000001777C00" bytesRequested="16392" />
<af-end id="2602" timestamp="2019-06-17T06:59:29.665" threadId="0000000001778588" success="true" from="nursery"/>
<exclusive-end id="2603" timestamp="2019-06-17T06:59:29.665" durationms="1.447" />

<exclusive-start id="2604" timestamp="2019-06-17T06:59:29.675" intervalms="11.888">
  <response-info timems="0.085" idlems="0.085" threads="0" lastid="0000000001783400" lastname="PmdThread 3" />
</exclusive-start>
<af-start id="2605" threadId="0000000001783D88" totalBytesRequested="672" timestamp="2019-06-17T06:59:29.676" intervalms="11.950" type="nursery" />
<cycle-start id="2606" type="scavenge" contextid="0" timestamp="2019-06-17T06:59:29.676" intervalms="11.985" />
<gc-start id="2607" type="scavenge" contextid="2606" timestamp="2019-06-17T06:59:29.676">
  <mem-info id="2608" free="2063165008" total="2092630016" percent="98">
    <mem type="nursery" free="0" total="9437184" percent="0">
      <mem type="allocate" free="0" total="7798784" percent="0" />
      <mem type="survivor" free="0" total="1638400" percent="0" />
    </mem>
    <mem type="tenure" free="2063165008" total="2083192832" percent="99">
      <mem type="soa" free="2063165008" total="2083192832" percent="99" />
      <mem type="loa" free="0" total="0" percent="0" />
    </mem>
    <remembered-set count="623" />
  </mem-info>
</gc-start>
<allocation-stats totalBytes="6622424" >
  <allocated-bytes non-tlh="17392" tlh="6605032" />
  <largest-consumer threadName="PmdThread 4" threadId="0000000001787000" bytes="2326064" />
</allocation-stats>
<gc-op id="2609" type="scavenge" timems="2.764" contextid="2606" timestamp="2019-06-17T06:59:29.679">
  <scavenger-info tenureage="8" tenuremask="7f00" tiltratio="82" />
  <memory-copied type="nursery" objects="17631" bytes="1001368" bytesdiscarded="156160" />
  <references type="weak" candidates="28" cleared="27" enqueued="27" />
  <references type="phantom" candidates="7" cleared="6" enqueued="6" />
</gc-op>
<gc-end id="2610" type="scavenge" contextid="2606" durationms="3.296" usertimems="8.000" systemtimems="0.000" timestamp="2019-06-17T06:59:29.679" activeThreads="4">
  <mem-info id="2611" free="2069867936" total="2092630016" percent="98">
    <mem type="nursery" free="6702928" total="9437184" percent="71">
      <mem type="allocate" free="6702928" total="7864320" percent="85" />
      <mem type="survivor" free="0" total="1572864" percent="0" />
    </mem>
    <mem type="tenure" free="2063165008" total="2083192832" percent="99">
      <mem type="soa" free="2063165008" total="2083192832" percent="99" />
      <mem type="loa" free="0" total="0" percent="0" />
    </mem>
    <pending-finalizers system="0" default="0" reference="33" classloader="0" />
    <remembered-set count="603" />
  </mem-info>
</gc-end>
<cycle-end id="2612" type="scavenge" contextid="2606" timestamp="2019-06-17T06:59:29.679" />
  <attribute name="elasticGC enabled" value="1" />
  <attribute name= "numThreadsSpecified" value="4" />
  <attribute name="heapSize specified" value="14680064" />
  <attribute name="Current GC Util" value="21" />
  <attribute name= "Current Time Running" value="4825" />
  <attribute name ="GC Interval" value="200" />
  <attribute name="ProportionalT" value="1.000000" />
  <attribute name="ProportionalI" value="1.000000" />
  <attribute name="ProportionalH" value="1.000000" />
  <attribute name="Current Error" value="1.000000" />
  <attribute name="IntegralT" value="12.000000" />
  <attribute name="IntegralI" value="12.000000" />
  <attribute name="IntegralH" value="12.000000" />
  <attribute name="DerivativeT" value="0.083333" />
  <attribute name="DerivativeI" value="0.083333" />
  <attribute name="DerivativeH" value="0.083333" />
  <attribute name="Loop Time for DT" value="12.000000" />
  <attribute name="Output H" value="8388608"/>
  <attribute name="Output I" value="200"/>
  <attribute name="Output T" value="4"/>
  <attribute name="Target GC Util Change" value ="20.000000" />
  <attribute name="Current GC Util Change" value="21.000000"/>
  <attribute name="GC Util currently" value="21" />
  <attribute name="CPU Util currently" value="379156451844" />
<allocation-satisfied id="2613" threadId="0000000001783400" bytesRequested="672" />
<af-end id="2614" timestamp="2019-06-17T06:59:29.679" threadId="0000000001783D88" success="true" from="nursery"/>
<exclusive-end id="2615" timestamp="2019-06-17T06:59:29.680" durationms="4.083" />

<exclusive-start id="2616" timestamp="2019-06-17T06:59:29.697" intervalms="21.833">
  <response-info timems="0.043" idlems="0.043" threads="0" lastid="0000000001777C00" lastname="PmdThread 1" />
</exclusive-start>
<af-start id="2617" threadId="0000000001778588" totalBytesRequested="16" timestamp="2019-06-17T06:59:29.697" intervalms="21.785" type="nursery" />
<cycle-start id="2618" type="scavenge" contextid="0" timestamp="2019-06-17T06:59:29.697" intervalms="21.774" />
<gc-start id="2619" type="scavenge" contextid="2618" timestamp="2019-06-17T06:59:29.697">
  <mem-info id="2620" free="2063164584" total="2092630016" percent="98">
    <mem type="nursery" free="0" total="9437184" percent="0">
      <mem type="allocate" free="0" total="7864320" percent="0" />
      <mem type="survivor" free="0" total="1572864" percent="0" />
    </mem>
    <mem type="tenure" free="2063164584" total="2083192832" percent="99">
      <mem type="soa" free="2063164584" total="2083192832" percent="99" />
      <mem type="loa" free="0" total="0" percent="0" />
    </mem>
    <remembered-set count="672" />
  </mem-info>
</gc-start>
<allocation-stats totalBytes="6701800" >
  <allocated-bytes non-tlh="1096" tlh="6700704" />
  <largest-consumer threadName="PmdThread 3" threadId="0000000001783400" bytes="2421376" />
</allocation-stats>
<gc-op id="2621" type="scavenge" timems="0.769" contextid="2618" timestamp="2019-06-17T06:59:29.698">
  <scavenger-info tenureage="8" tenuremask="7f00" tiltratio="83" />
  <memory-copied type="nursery" objects="17255" bytes="1072064" bytesdiscarded="101168" />
  <references type="weak" candidates="57" cleared="56" enqueued="55" />
  <references type="phantom" candidates="15" cleared="13" enqueued="13" />
</gc-op>
<gc-end id="2622" type="scavenge" contextid="2618" durationms="0.957" usertimems="0.000" systemtimems="0.000" timestamp="2019-06-17T06:59:29.698" activeThreads="4">
  <mem-info id="2623" free="2069919952" total="2092630016" percent="98">
    <mem type="nursery" free="6755368" total="9437184" percent="71">
      <mem type="allocate" free="6755368" total="7929856" percent="85" />
      <mem type="survivor" free="0" total="1507328" percent="0" />
    </mem>
    <mem type="tenure" free="2063164584" total="2083192832" percent="99">
      <mem type="soa" free="2063164584" total="2083192832" percent="99" />
      <mem type="loa" free="0" total="0" percent="0" />
    </mem>
    <pending-finalizers system="0" default="0" reference="68" classloader="0" />
    <remembered-set count="644" />
  </mem-info>
</gc-end>
<cycle-end id="2624" type="scavenge" contextid="2618" timestamp="2019-06-17T06:59:29.699" />
  <attribute name="elasticGC enabled" value="1" />
  <attribute name= "numThreadsSpecified" value="4" />
  <attribute name="heapSize specified" value="14680064" />
  <attribute name="Current GC Util" value="27" />
  <attribute name= "Current Time Running" value="4847" />
  <attribute name ="GC Interval" value="200" />
  <attribute name="ProportionalT" value="7.000000" />
  <attribute name="ProportionalI" value="7.000000" />
  <attribute name="ProportionalH" value="7.000000" />
  <attribute name="Current Error" value="7.000000" />
  <attribute name="IntegralT" value="154.000000" />
  <attribute name="IntegralI" value="154.000000" />
  <attribute name="IntegralH" value="154.000000" />
  <attribute name="DerivativeT" value="0.272727" />
  <attribute name="DerivativeI" value="0.272727" />
  <attribute name="DerivativeH" value="0.272727" />
  <attribute name="Loop Time for DT" value="22.000000" />
  <attribute name="Output H" value="8388608"/>
  <attribute name="Output I" value="200"/>
  <attribute name="Output T" value="4"/>
  <attribute name="Target GC Util Change" value ="20.000000" />
  <attribute name="Current GC Util Change" value="27.000000"/>
  <attribute name="GC Util currently" value="27" />
  <attribute name="CPU Util currently" value="214133424300" />
<allocation-satisfied id="2625" threadId="0000000001777C00" bytesRequested="16" />
<af-end id="2626" timestamp="2019-06-17T06:59:29.699" threadId="0000000001778588" success="true" from="nursery"/>
<exclusive-end id="2627" timestamp="2019-06-17T06:59:29.699" durationms="1.444" />

<exclusive-start id="2628" timestamp="2019-06-17T06:59:29.720" intervalms="22.453">
  <response-info timems="0.086" idlems="0.043" threads="2" lastid="0000000001783400" lastname="PmdThread 3" />
</exclusive-start>
<af-start id="2629" threadId="0000000001787988" totalBytesRequested="40" timestamp="2019-06-17T06:59:29.720" intervalms="22.453" type="nursery" />
<cycle-start id="2630" type="scavenge" contextid="0" timestamp="2019-06-17T06:59:29.720" intervalms="22.448" />
<gc-start id="2631" type="scavenge" contextid="2630" timestamp="2019-06-17T06:59:29.720">
  <mem-info id="2632" free="2063162008" total="2092630016" percent="98">
    <mem type="nursery" free="0" total="9437184" percent="0">
      <mem type="allocate" free="0" total="7929856" percent="0" />
      <mem type="survivor" free="0" total="1507328" percent="0" />
    </mem>
    <mem type="tenure" free="2063162008" total="2083192832" percent="99">
      <mem type="soa" free="2063162008" total="2083192832" percent="99" />
      <mem type="loa" free="0" total="0" percent="0" />
    </mem>
    <remembered-set count="727" />
  </mem-info>
</gc-start>
<allocation-stats totalBytes="6737552" >
  <allocated-bytes non-tlh="2592" tlh="6734960" />
  <largest-consumer threadName="PmdThread 3" threadId="0000000001783400" bytes="2209792" />
</allocation-stats>
<gc-op id="2633" type="scavenge" timems="4.334" contextid="2630" timestamp="2019-06-17T06:59:29.724">
  <scavenger-info tenureage="6" tenuremask="7f40" tiltratio="84" />
  <memory-copied type="nursery" objects="15691" bytes="1200360" bytesdiscarded="123560" />
  <memory-copied type="tenure" objects="2976" bytes="96544" bytesdiscarded="40" />
  <references type="weak" candidates="85" cleared="85" enqueued="85" />
  <references type="phantom" candidates="17" cleared="15" enqueued="15" />
</gc-op>
<gc-end id="2634" type="scavenge" contextid="2630" durationms="4.579" usertimems="8.000" systemtimems="0.000" timestamp="2019-06-17T06:59:29.725" activeThreads="4">
  <mem-info id="2635" free="2069789760" total="2092630016" percent="98">
    <mem type="nursery" free="6666920" total="9437184" percent="70">
      <mem type="allocate" free="6666920" total="7995392" percent="83" />
      <mem type="survivor" free="0" total="1441792" percent="0" />
    </mem>
    <mem type="tenure" free="2063122840" total="2083192832" percent="99">
      <mem type="soa" free="2063122840" total="2083192832" percent="99" />
      <mem type="loa" free="0" total="0" percent="0" />
    </mem>
    <pending-finalizers system="0" default="0" reference="100" classloader="0" />
    <remembered-set count="322" />
  </mem-info>
</gc-end>
<cycle-end id="2636" type="scavenge" contextid="2630" timestamp="2019-06-17T06:59:29.725" />
  <attribute name="elasticGC enabled" value="1" />
  <attribute name= "numThreadsSpecified" value="4" />
  <attribute name="heapSize specified" value="14680064" />
  <attribute name="Current GC Util" value="10" />
  <attribute name= "Current Time Running" value="4869" />
  <attribute name ="GC Interval" value="200" />
  <attribute name="ProportionalT" value="-10.000000" />
  <attribute name="ProportionalI" value="-10.000000" />
  <attribute name="ProportionalH" value="-10.000000" />
  <attribute name="Current Error" value="-10.000000" />
  <attribute name="IntegralT" value="-220.000000" />
  <attribute name="IntegralI" value="-220.000000" />
  <attribute name="IntegralH" value="-220.000000" />
  <attribute name="DerivativeT" value="-0.772727" />
  <attribute name="DerivativeI" value="-0.772727" />
  <attribute name="DerivativeH" value="-0.772727" />
  <attribute name="Loop Time for DT" value="22.000000" />
  <attribute name="Output H" value="2092630016"/>
  <attribute name="Output I" value="200"/>
  <attribute name="Output T" value="4"/>
  <attribute name="Target GC Util Change" value ="20.000000" />
  <attribute name="Current GC Util Change" value="10.000000"/>
  <attribute name="GC Util currently" value="10" />
  <attribute name="CPU Util currently" value="205232283929" />
<allocation-satisfied id="2637" threadId="0000000001787000" bytesRequested="40" />
<af-end id="2638" timestamp="2019-06-17T06:59:29.725" threadId="0000000001787988" success="true" from="nursery"/>
<exclusive-end id="2639" timestamp="2019-06-17T06:59:29.725" durationms="5.210" />

<exclusive-start id="2640" timestamp="2019-06-17T06:59:29.741" intervalms="21.245">
  <response-info timems="0.145" idlems="0.072" threads="2" lastid="0000000001783400" lastname="PmdThread 3" />
</exclusive-start>
<af-start id="2641" threadId="0000000001787988" totalBytesRequested="24" timestamp="2019-06-17T06:59:29.741" intervalms="21.228" type="nursery" />
<cycle-start id="2642" type="scavenge" contextid="0" timestamp="2019-06-17T06:59:29.741" intervalms="21.209" />
<gc-start id="2643" type="scavenge" contextid="2642" timestamp="2019-06-17T06:59:29.741">
  <mem-info id="2644" free="2063119800" total="2092630016" percent="98">
    <mem type="nursery" free="0" total="9437184" percent="0">
      <mem type="allocate" free="0" total="7995392" percent="0" />
      <mem type="survivor" free="0" total="1441792" percent="0" />
    </mem>
    <mem type="tenure" free="2063119800" total="2083192832" percent="99">
      <mem type="soa" free="2063119800" total="2083192832" percent="99" />
      <mem type="loa" free="0" total="0" percent="0" />
    </mem>
    <remembered-set count="407" />
  </mem-info>
</gc-start>
<allocation-stats totalBytes="6652664" >
  <allocated-bytes non-tlh="3080" tlh="6649584" />
  <largest-consumer threadName="PmdThread 4" threadId="0000000001787000" bytes="3127592" />
</allocation-stats>
<gc-op id="2645" type="scavenge" timems="2.900" contextid="2642" timestamp="2019-06-17T06:59:29.744">
  <scavenger-info tenureage="8" tenuremask="7f00" tiltratio="84" />
  <memory-copied type="nursery" objects="16273" bytes="1171608" bytesdiscarded="207376" />
  <references type="weak" candidates="51" cleared="51" enqueued="51" />
  <references type="phantom" candidates="17" cleared="15" enqueued="15" />
</gc-op>
<gc-end id="2646" type="scavenge" contextid="2642" durationms="3.104" usertimems="4.000" systemtimems="0.000" timestamp="2019-06-17T06:59:29.744" activeThreads="4">
  <mem-info id="2647" free="2069735776" total="2092630016" percent="98">
    <mem type="nursery" free="6615976" total="9437184" percent="70">
      <mem type="allocate" free="6615976" total="7995392" percent="82" />
      <mem type="survivor" free="0" total="1441792" percent="0" />
    </mem>
    <mem type="tenure" free="2063119800" total="2083192832" percent="99">
      <mem type="soa" free="2063119800" total="2083192832" percent="99" />
      <mem type="loa" free="0" total="0" percent="0" />
    </mem>
    <pending-finalizers system="0" default="0" reference="66" classloader="0" />
    <remembered-set count="386" />
  </mem-info>
</gc-end>
<cycle-end id="2648" type="scavenge" contextid="2642" timestamp="2019-06-17T06:59:29.744" />
  <attribute name="elasticGC enabled" value="1" />
  <attribute name= "numThreadsSpecified" value="4" />
  <attribute name="heapSize specified" value="14680064" />
  <attribute name="Current GC Util" value="39" />
  <attribute name= "Current Time Running" value="4891" />
  <attribute name ="GC Interval" value="440" />
  <attribute name="ProportionalT" value="19.000000" />
  <attribute name="ProportionalI" value="19.000000" />
  <attribute name="ProportionalH" value="19.000000" />
  <attribute name="Current Error" value="19.000000" />
  <attribute name="IntegralT" value="418.000000" />
  <attribute name="IntegralI" value="418.000000" />
  <attribute name="IntegralH" value="418.000000" />
  <attribute name="DerivativeT" value="0.863636" />
  <attribute name="DerivativeI" value="0.863636" />
  <attribute name="DerivativeH" value="0.863636" />
  <attribute name="Loop Time for DT" value="22.000000" />
  <attribute name="Output H" value="8388608"/>
  <attribute name="Output I" value="440"/>
  <attribute name="Output T" value="4"/>
  <attribute name="Target GC Util Change" value ="20.000000" />
  <attribute name="Current GC Util Change" value="39.000000"/>
  <attribute name="GC Util currently" value="39" />
  <attribute name="CPU Util currently" value="218033031859" />
<allocation-satisfied id="2649" threadId="0000000001787000" bytesRequested="24" />
<af-end id="2650" timestamp="2019-06-17T06:59:29.744" threadId="0000000001787988" success="true" from="nursery"/>
<exclusive-end id="2651" timestamp="2019-06-17T06:59:29.744" durationms="3.533" />

<exclusive-start id="2652" timestamp="2019-06-17T06:59:29.751" intervalms="9.630">
  <response-info timems="0.067" idlems="0.060" threads="1" lastid="0000000001777C00" lastname="PmdThread 1" />
</exclusive-start>
<af-start id="2653" threadId="0000000001783D88" totalBytesRequested="56" timestamp="2019-06-17T06:59:29.751" intervalms="9.648" type="nursery" />
<cycle-start id="2654" type="scavenge" contextid="0" timestamp="2019-06-17T06:59:29.751" intervalms="9.676" />
<gc-start id="2655" type="scavenge" contextid="2654" timestamp="2019-06-17T06:59:29.751">
  <mem-info id="2656" free="2063119800" total="2092630016" percent="98">
    <mem type="nursery" free="0" total="9437184" percent="0">
      <mem type="allocate" free="0" total="7995392" percent="0" />
      <mem type="survivor" free="0" total="1441792" percent="0" />
    </mem>
    <mem type="tenure" free="2063119800" total="2083192832" percent="99">
      <mem type="soa" free="2063119800" total="2083192832" percent="99" />
      <mem type="loa" free="0" total="0" percent="0" />
    </mem>
    <remembered-set count="404" />
  </mem-info>
</gc-start>
<allocation-stats totalBytes="6615160" >
  <allocated-bytes non-tlh="24" tlh="6615136" />
  <largest-consumer threadName="PmdThread 4" threadId="0000000001787000" bytes="2850640" />
</allocation-stats>
<gc-op id="2657" type="scavenge" timems="3.671" contextid="2654" timestamp="2019-06-17T06:59:29.755">
  <scavenger-info tenureage="3" tenuremask="7f08" tiltratio="84" />
  <memory-copied type="nursery" objects="37065" bytes="1439208" bytesdiscarded="184" />
  <memory-copied type="tenure" objects="31392" bytes="1392232" bytesdiscarded="512" />
  <copy-failed type="nursery" objects="25332" bytes="1042008" />
  <references type="weak" candidates="4" cleared="3" enqueued="3" />
  <references type="phantom" candidates="6" cleared="3" enqueued="3" />
</gc-op>
<gc-end id="2658" type="scavenge" contextid="2654" durationms="4.041" usertimems="12.000" systemtimems="0.000" timestamp="2019-06-17T06:59:29.755" activeThreads="4">
  <mem-info id="2659" free="2065592392" total="2092630016" percent="98">
    <mem type="nursery" free="3866624" total="9437184" percent="40">
      <mem type="allocate" free="3866624" total="5308416" percent="72" />
      <mem type="survivor" free="0" total="4128768" percent="0" />
    </mem>
    <mem type="tenure" free="2061725768" total="2083192832" percent="98">
      <mem type="soa" free="2061725768" total="2083192832" percent="98" />
      <mem type="loa" free="0" total="0" percent="0" />
    </mem>
    <pending-finalizers system="0" default="0" reference="6" classloader="0" />
    <remembered-set count="2904" />
  </mem-info>
</gc-end>
<cycle-end id="2660" type="scavenge" contextid="2654" timestamp="2019-06-17T06:59:29.755" />
  <attribute name="elasticGC enabled" value="1" />
  <attribute name= "numThreadsSpecified" value="4" />
  <attribute name="heapSize specified" value="14680064" />
  <attribute name="Current GC Util" value="52" />
  <attribute name= "Current Time Running" value="4900" />
  <attribute name ="GC Interval" value="328" />
  <attribute name="ProportionalT" value="32.000000" />
  <attribute name="ProportionalI" value="32.000000" />
  <attribute name="ProportionalH" value="32.000000" />
  <attribute name="Current Error" value="32.000000" />
  <attribute name="IntegralT" value="288.000000" />
  <attribute name="IntegralI" value="288.000000" />
  <attribute name="IntegralH" value="288.000000" />
  <attribute name="DerivativeT" value="1.444444" />
  <attribute name="DerivativeI" value="1.444444" />
  <attribute name="DerivativeH" value="1.444444" />
  <attribute name="Loop Time for DT" value="9.000000" />
  <attribute name="Output H" value="8388608"/>
  <attribute name="Output I" value="328"/>
  <attribute name="Output T" value="4"/>
  <attribute name="Target GC Util Change" value ="20.000000" />
  <attribute name="Current GC Util Change" value="52.000000"/>
  <attribute name="GC Util currently" value="52" />
  <attribute name="CPU Util currently" value="474821668718" />
<allocation-satisfied id="2661" threadId="0000000001783400" bytesRequested="56" />
<af-end id="2662" timestamp="2019-06-17T06:59:29.755" threadId="0000000001783D88" success="true" from="nursery"/>
<exclusive-end id="2663" timestamp="2019-06-17T06:59:29.755" durationms="4.727" />

<exclusive-start id="2664" timestamp="2019-06-17T06:59:29.758" intervalms="7.453">
  <response-info timems="0.056" idlems="0.056" threads="0" lastid="0000000001777C00" lastname="PmdThread 1" />
</exclusive-start>
<af-start id="2665" threadId="0000000001778588" totalBytesRequested="40" timestamp="2019-06-17T06:59:29.758" intervalms="7.414" type="nursery" />
<cycle-start id="2666" type="scavenge" contextid="0" timestamp="2019-06-17T06:59:29.758" intervalms="7.396" />
<gc-start id="2667" type="scavenge" contextid="2666" timestamp="2019-06-17T06:59:29.758">
  <mem-info id="2668" free="2061725560" total="2092630016" percent="98">
    <mem type="nursery" free="0" total="9437184" percent="0">
      <mem type="allocate" free="0" total="5308416" percent="0" />
      <mem type="survivor" free="0" total="4128768" percent="0" />
    </mem>
    <mem type="tenure" free="2061725560" total="2083192832" percent="98">
      <mem type="soa" free="2061725560" total="2083192832" percent="98" />
      <mem type="loa" free="0" total="0" percent="0" />
    </mem>
    <remembered-set count="2916" />
  </mem-info>
</gc-start>
<allocation-stats totalBytes="3865896" >
  <allocated-bytes non-tlh="264" tlh="3865632" />
  <largest-consumer threadName="PmdThread 4" threadId="0000000001787000" bytes="1290128" />
</allocation-stats>
<gc-op id="2669" type="scavenge" timems="2.228" contextid="2666" timestamp="2019-06-17T06:59:29.760">
  <scavenger-info tenureage="6" tenuremask="7f40" tiltratio="56" />
  <memory-copied type="nursery" objects="83289" bytes="2736968" bytesdiscarded="150200" />
  <memory-copied type="tenure" objects="69" bytes="67000" bytesdiscarded="736" />
  <references type="weak" candidates="5" cleared="5" enqueued="5" />
  <references type="phantom" candidates="3" cleared="1" enqueued="1" />
</gc-op>
<gc-end id="2670" type="scavenge" contextid="2666" durationms="2.438" usertimems="8.000" systemtimems="0.000" timestamp="2019-06-17T06:59:29.761" activeThreads="4">
  <mem-info id="2671" free="2064675808" total="2092630016" percent="98">
    <mem type="nursery" free="3140808" total="9437184" percent="33">
      <mem type="allocate" free="3140808" total="6029312" percent="52" />
      <mem type="survivor" free="0" total="3407872" percent="0" />
    </mem>
    <mem type="tenure" free="2061535000" total="2083192832" percent="98">
      <mem type="soa" free="2061535000" total="2083192832" percent="98" />
      <mem type="loa" free="0" total="0" percent="0" />
    </mem>
    <pending-finalizers system="0" default="0" reference="6" classloader="0" />
    <remembered-set count="2431" />
  </mem-info>
</gc-end>
<cycle-end id="2672" type="scavenge" contextid="2666" timestamp="2019-06-17T06:59:29.761" />
  <attribute name="elasticGC enabled" value="1" />
  <attribute name= "numThreadsSpecified" value="4" />
  <attribute name="heapSize specified" value="14680064" />
  <attribute name="Current GC Util" value="137" />
  <attribute name= "Current Time Running" value="4908" />
  <attribute name ="GC Interval" value="1064" />
  <attribute name="ProportionalT" value="117.000000" />
  <attribute name="ProportionalI" value="117.000000" />
  <attribute name="ProportionalH" value="117.000000" />
  <attribute name="Current Error" value="117.000000" />
  <attribute name="IntegralT" value="936.000000" />
  <attribute name="IntegralI" value="936.000000" />
  <attribute name="IntegralH" value="936.000000" />
  <attribute name="DerivativeT" value="10.625000" />
  <attribute name="DerivativeI" value="10.625000" />
  <attribute name="DerivativeH" value="10.625000" />
  <attribute name="Loop Time for DT" value="8.000000" />
  <attribute name="Output H" value="8388608"/>
  <attribute name="Output I" value="1064"/>
  <attribute name="Output T" value="4"/>
  <attribute name="Target GC Util Change" value ="20.000000" />
  <attribute name="Current GC Util Change" value="137.000000"/>
  <attribute name="GC Util currently" value="137" />
  <attribute name="CPU Util currently" value="628928220723" />
<allocation-satisfied id="2673" threadId="0000000001777C00" bytesRequested="40" />
<af-end id="2674" timestamp="2019-06-17T06:59:29.761" threadId="0000000001778588" success="true" from="nursery"/>
<exclusive-end id="2675" timestamp="2019-06-17T06:59:29.761" durationms="2.854" />

<exclusive-start id="2676" timestamp="2019-06-17T06:59:29.763" intervalms="4.652">
  <response-info timems="0.076" idlems="0.076" threads="0" lastid="0000000001777C00" lastname="PmdThread 1" />
</exclusive-start>
<af-start id="2677" threadId="0000000001778588" totalBytesRequested="40" timestamp="2019-06-17T06:59:29.763" intervalms="4.681" type="nursery" />
<cycle-start id="2678" type="scavenge" contextid="0" timestamp="2019-06-17T06:59:29.763" intervalms="4.680" />
<gc-start id="2679" type="scavenge" contextid="2678" timestamp="2019-06-17T06:59:29.763">
  <mem-info id="2680" free="2061535000" total="2092630016" percent="98">
    <mem type="nursery" free="0" total="9437184" percent="0">
      <mem type="allocate" free="0" total="6029312" percent="0" />
      <mem type="survivor" free="0" total="3407872" percent="0" />
    </mem>
    <mem type="tenure" free="2061535000" total="2083192832" percent="98">
      <mem type="soa" free="2061535000" total="2083192832" percent="98" />
      <mem type="loa" free="0" total="0" percent="0" />
    </mem>
    <remembered-set count="2440" />
  </mem-info>
</gc-start>
<allocation-stats totalBytes="3140320" >
  <allocated-bytes non-tlh="40" tlh="3140280" />
  <largest-consumer threadName="PmdThread 4" threadId="0000000001787000" bytes="1547280" />
</allocation-stats>
<gc-op id="2681" type="scavenge" timems="2.386" contextid="2678" timestamp="2019-06-17T06:59:29.765">
  <scavenger-info tenureage="7" tenuremask="7f80" tiltratio="63" />
  <memory-copied type="nursery" objects="102701" bytes="3406616" bytesdiscarded="1208" />
  <memory-copied type="tenure" objects="9059" bytes="250648" bytesdiscarded="88" />
  <copy-failed type="nursery" objects="9047" bytes="250248" />
  <references type="weak" candidates="3" cleared="3" enqueued="3" />
  <references type="phantom" candidates="3" cleared="1" enqueued="1" />
</gc-op>
<gc-end id="2682" type="scavenge" contextid="2678" durationms="2.594" usertimems="8.000" systemtimems="0.000" timestamp="2019-06-17T06:59:29.765" activeThreads="4">
  <mem-info id="2683" free="2062649880" total="2092630016" percent="98">
    <mem type="nursery" free="1310720" total="9437184" percent="13">
      <mem type="allocate" free="1310720" total="4718592" percent="27" />
      <mem type="survivor" free="0" total="4718592" percent="0" />
    </mem>
    <mem type="tenure" free="2061339160" total="2083192832" percent="98">
      <mem type="soa" free="2061339160" total="2083192832" percent="98" />
      <mem type="loa" free="0" total="0" percent="0" />
    </mem>
    <pending-finalizers system="0" default="0" reference="4" classloader="0" />
    <remembered-set count="3246" />
  </mem-info>
</gc-end>
<cycle-end id="2684" type="scavenge" contextid="2678" timestamp="2019-06-17T06:59:29.766" />
  <attribute name="elasticGC enabled" value="1" />
  <attribute name= "numThreadsSpecified" value="4" />
  <attribute name="heapSize specified" value="14680064" />
  <attribute name="Current GC Util" value="148" />
  <attribute name= "Current Time Running" value="4912" />
  <attribute name ="GC Interval" value="648" />
  <attribute name="ProportionalT" value="128.000000" />
  <attribute name="ProportionalI" value="128.000000" />
  <attribute name="ProportionalH" value="128.000000" />
  <attribute name="Current Error" value="128.000000" />
  <attribute name="IntegralT" value="512.000000" />
  <attribute name="IntegralI" value="512.000000" />
  <attribute name="IntegralH" value="512.000000" />
  <attribute name="DerivativeT" value="2.750000" />
  <attribute name="DerivativeI" value="2.750000" />
  <attribute name="DerivativeH" value="2.750000" />
  <attribute name="Loop Time for DT" value="4.000000" />
  <attribute name="Output H" value="8388608"/>
  <attribute name="Output I" value="648"/>
  <attribute name="Output T" value="4"/>
  <attribute name="Target GC Util Change" value ="20.000000" />
  <attribute name="Current GC Util Change" value="148.000000"/>
  <attribute name="GC Util currently" value="148" />
  <attribute name="CPU Util currently" value="972601844761" />
<allocation-satisfied id="2685" threadId="0000000001777C00" bytesRequested="40" />
<af-end id="2686" timestamp="2019-06-17T06:59:29.766" threadId="0000000001778588" success="true" from="nursery"/>
<exclusive-end id="2687" timestamp="2019-06-17T06:59:29.766" durationms="3.156" />

<exclusive-start id="2688" timestamp="2019-06-17T06:59:29.767" intervalms="4.071">
  <response-info timems="0.072" idlems="0.072" threads="0" lastid="0000000001787000" lastname="PmdThread 4" />
</exclusive-start>
<af-start id="2689" threadId="0000000001787988" totalBytesRequested="16" timestamp="2019-06-17T06:59:29.767" intervalms="4.036" type="nursery" />
<cycle-start id="2690" type="scavenge" contextid="0" timestamp="2019-06-17T06:59:29.767" intervalms="4.017" />
<gc-start id="2691" type="scavenge" contextid="2690" timestamp="2019-06-17T06:59:29.767">
  <mem-info id="2692" free="2061339160" total="2092630016" percent="98">
    <mem type="nursery" free="0" total="9437184" percent="0">
      <mem type="allocate" free="0" total="4718592" percent="0" />
      <mem type="survivor" free="0" total="4718592" percent="0" />
    </mem>
    <mem type="tenure" free="2061339160" total="2083192832" percent="98">
      <mem type="soa" free="2061339160" total="2083192832" percent="98" />
      <mem type="loa" free="0" total="0" percent="0" />
    </mem>
    <remembered-set count="3251" />
  </mem-info>
</gc-start>
<allocation-stats totalBytes="1310384" >
  <allocated-bytes non-tlh="40" tlh="1310344" />
  <largest-consumer threadName="PmdThread 4" threadId="0000000001787000" bytes="638904" />
</allocation-stats>
<gc-op id="2693" type="scavenge" timems="3.831" contextid="2690" timestamp="2019-06-17T06:59:29.771">
  <scavenger-info tenureage="2" tenuremask="7fcc" tiltratio="50" />
  <memory-copied type="nursery" objects="33509" bytes="1098136" bytesdiscarded="295984" />
  <memory-copied type="tenure" objects="81398" bytes="2663896" bytesdiscarded="864" />
</gc-op>
<gc-end id="2694" type="scavenge" contextid="2690" durationms="4.092" usertimems="8.000" systemtimems="0.000" timestamp="2019-06-17T06:59:29.771" activeThreads="4">
  <mem-info id="2695" free="2061925608" total="2092630016" percent="98">
    <mem type="nursery" free="3323904" total="9437184" percent="35">
      <mem type="allocate" free="3323904" total="4718592" percent="70" />
      <mem type="survivor" free="0" total="4718592" percent="0" />
    </mem>
    <mem type="tenure" free="2058601704" total="2083192832" percent="98">
      <mem type="soa" free="2058601704" total="2083192832" percent="98" />
      <mem type="loa" free="0" total="0" percent="0" />
    </mem>
    <remembered-set count="473" />
  </mem-info>
</gc-end>
<cycle-end id="2696" type="scavenge" contextid="2690" timestamp="2019-06-17T06:59:29.771" />
  <attribute name="elasticGC enabled" value="1" />
  <attribute name= "numThreadsSpecified" value="4" />
  <attribute name="heapSize specified" value="14680064" />
  <attribute name="Current GC Util" value="192" />
  <attribute name= "Current Time Running" value="4916" />
  <attribute name ="GC Interval" value="872" />
  <attribute name="ProportionalT" value="172.000000" />
  <attribute name="ProportionalI" value="172.000000" />
  <attribute name="ProportionalH" value="172.000000" />
  <attribute name="Current Error" value="172.000000" />
  <attribute name="IntegralT" value="688.000000" />
  <attribute name="IntegralI" value="688.000000" />
  <attribute name="IntegralH" value="688.000000" />
  <attribute name="DerivativeT" value="11.000000" />
  <attribute name="DerivativeI" value="11.000000" />
  <attribute name="DerivativeH" value="11.000000" />
  <attribute name="Loop Time for DT" value="4.000000" />
  <attribute name="Output H" value="8388608"/>
  <attribute name="Output I" value="872"/>
  <attribute name="Output T" value="4"/>
  <attribute name="Target GC Util Change" value ="20.000000" />
  <attribute name="Current GC Util Change" value="192.000000"/>
  <attribute name="GC Util currently" value="192" />
  <attribute name="CPU Util currently" value="1132126873829" />
<allocation-satisfied id="2697" threadId="0000000001787000" bytesRequested="16" />
<af-end id="2698" timestamp="2019-06-17T06:59:29.771" threadId="0000000001787988" success="true" from="nursery"/>
<exclusive-end id="2699" timestamp="2019-06-17T06:59:29.771" durationms="4.476" />

<exclusive-start id="2700" timestamp="2019-06-17T06:59:29.774" intervalms="6.918">
  <response-info timems="0.037" idlems="0.037" threads="0" lastid="0000000001787000" lastname="PmdThread 4" />
</exclusive-start>
<af-start id="2701" threadId="0000000001787988" totalBytesRequested="16" timestamp="2019-06-17T06:59:29.774" intervalms="6.960" type="nursery" />
<cycle-start id="2702" type="scavenge" contextid="0" timestamp="2019-06-17T06:59:29.774" intervalms="6.985" />
<gc-start id="2703" type="scavenge" contextid="2702" timestamp="2019-06-17T06:59:29.774">
  <mem-info id="2704" free="2058601704" total="2092630016" percent="98">
    <mem type="nursery" free="0" total="9437184" percent="0">
      <mem type="allocate" free="0" total="4718592" percent="0" />
      <mem type="survivor" free="0" total="4718592" percent="0" />
    </mem>
    <mem type="tenure" free="2058601704" total="2083192832" percent="98">
      <mem type="soa" free="2058601704" total="2083192832" percent="98" />
      <mem type="loa" free="0" total="0" percent="0" />
    </mem>
    <remembered-set count="1295" />
  </mem-info>
</gc-start>
<allocation-stats totalBytes="3315456" >
  <allocated-bytes non-tlh="16408" tlh="3299048" />
  <largest-consumer threadName="PmdThread 4" threadId="0000000001787000" bytes="1892040" />
</allocation-stats>
<gc-op id="2705" type="scavenge" timems="3.658" contextid="2702" timestamp="2019-06-17T06:59:29.778">
  <scavenger-info tenureage="2" tenuremask="7fc4" tiltratio="50" />
  <memory-copied type="nursery" objects="38269" bytes="1177832" bytesdiscarded="108072" />
  <memory-copied type="tenure" objects="21148" bytes="735224" bytesdiscarded="288" />
  <references type="phantom" candidates="1" cleared="0" enqueued="0" />
</gc-op>
<gc-end id="2706" type="scavenge" contextid="2702" durationms="3.846" usertimems="4.000" systemtimems="0.000" timestamp="2019-06-17T06:59:29.778" activeThreads="4">
  <mem-info id="2707" free="2061958344" total="2092630016" percent="98">
    <mem type="nursery" free="4022496" total="9437184" percent="42">
      <mem type="allocate" free="4022496" total="5308416" percent="75" />
      <mem type="survivor" free="0" total="4128768" percent="0" />
    </mem>
    <mem type="tenure" free="2057935848" total="2083192832" percent="98">
      <mem type="soa" free="2057935848" total="2083192832" percent="98" />
      <mem type="loa" free="0" total="0" percent="0" />
    </mem>
    <remembered-set count="1282" />
  </mem-info>
</gc-end>
<cycle-end id="2708" type="scavenge" contextid="2702" timestamp="2019-06-17T06:59:29.778" />
  <attribute name="elasticGC enabled" value="1" />
  <attribute name= "numThreadsSpecified" value="4" />
  <attribute name="heapSize specified" value="14680064" />
  <attribute name="Current GC Util" value="138" />
  <attribute name= "Current Time Running" value="4923" />
  <attribute name ="GC Interval" value="936" />
  <attribute name="ProportionalT" value="118.000000" />
  <attribute name="ProportionalI" value="118.000000" />
  <attribute name="ProportionalH" value="118.000000" />
  <attribute name="Current Error" value="118.000000" />
  <attribute name="IntegralT" value="826.000000" />
  <attribute name="IntegralI" value="826.000000" />
  <attribute name="IntegralH" value="826.000000" />
  <attribute name="DerivativeT" value="-7.714286" />
  <attribute name="DerivativeI" value="-7.714286" />
  <attribute name="DerivativeH" value="-7.714286" />
  <attribute name="Loop Time for DT" value="7.000000" />
  <attribute name="Output H" value="8388608"/>
  <attribute name="Output I" value="936"/>
  <attribute name="Output T" value="4"/>
  <attribute name="Target GC Util Change" value ="20.000000" />
  <attribute name="Current GC Util Change" value="138.000000"/>
  <attribute name="GC Util currently" value="138" />
  <attribute name="CPU Util currently" value="668158388244" />
<allocation-satisfied id="2709" threadId="0000000001787000" bytesRequested="16" />
<af-end id="2710" timestamp="2019-06-17T06:59:29.778" threadId="0000000001787988" success="true" from="nursery"/>
<exclusive-end id="2711" timestamp="2019-06-17T06:59:29.778" durationms="4.208" />

<exclusive-start id="2712" timestamp="2019-06-17T06:59:29.784" intervalms="10.564">
  <response-info timems="0.220" idlems="0.146" threads="2" lastid="0000000001777C00" lastname="PmdThread 1" />
</exclusive-start>
<af-start id="2713" threadId="0000000001787988" totalBytesRequested="24" timestamp="2019-06-17T06:59:29.784" intervalms="10.569" type="nursery" />
<cycle-start id="2714" type="scavenge" contextid="0" timestamp="2019-06-17T06:59:29.784" intervalms="10.554" />
<gc-start id="2715" type="scavenge" contextid="2714" timestamp="2019-06-17T06:59:29.784">
  <mem-info id="2716" free="2057935848" total="2092630016" percent="98">
    <mem type="nursery" free="0" total="9437184" percent="0">
      <mem type="allocate" free="0" total="5308416" percent="0" />
      <mem type="survivor" free="0" total="4128768" percent="0" />
    </mem>
    <mem type="tenure" free="2057935848" total="2083192832" percent="98">
      <mem type="soa" free="2057935848" total="2083192832" percent="98" />
      <mem type="loa" free="0" total="0" percent="0" />
    </mem>
    <remembered-set count="2142" />
  </mem-info>
</gc-start>
<allocation-stats totalBytes="4018192" >
  <allocated-bytes non-tlh="16" tlh="4018176" />
  <largest-consumer threadName="PmdThread 1" threadId="0000000001777C00" bytes="1880224" />
</allocation-stats>
<gc-op id="2717" type="scavenge" timems="2.911" contextid="2714" timestamp="2019-06-17T06:59:29.787">
  <scavenger-info tenureage="2" tenuremask="7fc4" tiltratio="56" />
  <memory-copied type="nursery" objects="36680" bytes="1189648" bytesdiscarded="79592" />
  <memory-copied type="tenure" objects="12256" bytes="360608" bytesdiscarded="176" />
  <references type="weak" candidates="1" cleared="0" enqueued="0" />
  <references type="phantom" candidates="2" cleared="0" enqueued="0" />
</gc-op>
<gc-end id="2718" type="scavenge" contextid="2714" durationms="3.146" usertimems="0.000" systemtimems="4.000" timestamp="2019-06-17T06:59:29.788" activeThreads="4">
  <mem-info id="2719" free="2062251472" total="2092630016" percent="98">
    <mem type="nursery" free="4628968" total="9437184" percent="49">
      <mem type="allocate" free="4628968" total="5898240" percent="78" />
      <mem type="survivor" free="0" total="3538944" percent="0" />
    </mem>
    <mem type="tenure" free="2057622504" total="2083192832" percent="98">
      <mem type="soa" free="2057622504" total="2083192832" percent="98" />
      <mem type="loa" free="0" total="0" percent="0" />
    </mem>
    <remembered-set count="2158" />
  </mem-info>
</gc-end>
<cycle-end id="2720" type="scavenge" contextid="2714" timestamp="2019-06-17T06:59:29.788" />
  <attribute name="elasticGC enabled" value="1" />
  <attribute name= "numThreadsSpecified" value="4" />
  <attribute name="heapSize specified" value="14680064" />
  <attribute name="Current GC Util" value="49" />
  <attribute name= "Current Time Running" value="4934" />
  <attribute name ="GC Interval" value="344" />
  <attribute name="ProportionalT" value="29.000000" />
  <attribute name="ProportionalI" value="29.000000" />
  <attribute name="ProportionalH" value="29.000000" />
  <attribute name="Current Error" value="29.000000" />
  <attribute name="IntegralT" value="319.000000" />
  <attribute name="IntegralI" value="319.000000" />
  <attribute name="IntegralH" value="319.000000" />
  <attribute name="DerivativeT" value="-8.090909" />
  <attribute name="DerivativeI" value="-8.090909" />
  <attribute name="DerivativeH" value="-8.090909" />
  <attribute name="Loop Time for DT" value="11.000000" />
  <attribute name="Output H" value="8388608"/>
  <attribute name="Output I" value="344"/>
  <attribute name="Output T" value="4"/>
  <attribute name="Target GC Util Change" value ="20.000000" />
  <attribute name="Current GC Util Change" value="49.000000"/>
  <attribute name="GC Util currently" value="49" />
  <attribute name="CPU Util currently" value="434490286991" />
<allocation-satisfied id="2721" threadId="0000000001787000" bytesRequested="24" />
<af-end id="2722" timestamp="2019-06-17T06:59:29.788" threadId="0000000001787988" success="true" from="nursery"/>
<exclusive-end id="2723" timestamp="2019-06-17T06:59:29.788" durationms="3.696" />

<exclusive-start id="2724" timestamp="2019-06-17T06:59:29.795" intervalms="10.963">
  <response-info timems="0.282" idlems="0.198" threads="1" lastid="000000000177B800" lastname="PmdThread 2" />
</exclusive-start>
<af-start id="2725" threadId="0000000001783D88" totalBytesRequested="56" timestamp="2019-06-17T06:59:29.795" intervalms="11.088" type="nursery" />
<cycle-start id="2726" type="scavenge" contextid="0" timestamp="2019-06-17T06:59:29.795" intervalms="11.089" />
<gc-start id="2727" type="scavenge" contextid="2726" timestamp="2019-06-17T06:59:29.796">
  <mem-info id="2728" free="2057622216" total="2092630016" percent="98">
    <mem type="nursery" free="0" total="9437184" percent="0">
      <mem type="allocate" free="0" total="5898240" percent="0" />
      <mem type="survivor" free="0" total="3538944" percent="0" />
    </mem>
    <mem type="tenure" free="2057622216" total="2083192832" percent="98">
      <mem type="soa" free="2057622216" total="2083192832" percent="98" />
      <mem type="loa" free="0" total="0" percent="0" />
    </mem>
    <remembered-set count="2610" />
  </mem-info>
</gc-start>
<allocation-stats totalBytes="4625784" >
  <allocated-bytes non-tlh="312" tlh="4625472" />
  <largest-consumer threadName="PmdThread 1" threadId="0000000001777C00" bytes="2193928" />
</allocation-stats>
<gc-op id="2729" type="scavenge" timems="2.224" contextid="2726" timestamp="2019-06-17T06:59:29.798">
  <scavenger-info tenureage="6" tenuremask="7fc0" tiltratio="62" />
  <memory-copied type="nursery" objects="55690" bytes="1830792" bytesdiscarded="126800" />
  <references type="weak" candidates="148" cleared="148" enqueued="148" />
  <references type="phantom" candidates="5" cleared="5" enqueued="5" />
</gc-op>
<gc-end id="2730" type="scavenge" contextid="2726" durationms="2.647" usertimems="4.000" systemtimems="4.000" timestamp="2019-06-17T06:59:29.798" activeThreads="4">
  <mem-info id="2731" free="2061693344" total="2092630016" percent="98">
    <mem type="nursery" free="4071128" total="9437184" percent="43">
      <mem type="allocate" free="4071128" total="6029312" percent="67" />
      <mem type="survivor" free="0" total="3407872" percent="0" />
    </mem>
    <mem type="tenure" free="2057622216" total="2083192832" percent="98">
      <mem type="soa" free="2057622216" total="2083192832" percent="98" />
      <mem type="loa" free="0" total="0" percent="0" />
    </mem>
    <pending-finalizers system="0" default="0" reference="153" classloader="0" />
    <remembered-set count="2197" />
  </mem-info>
</gc-end>
<cycle-end id="2732" type="scavenge" contextid="2726" timestamp="2019-06-17T06:59:29.798" />
  <attribute name="elasticGC enabled" value="1" />
  <attribute name= "numThreadsSpecified" value="4" />
  <attribute name="heapSize specified" value="14680064" />
  <attribute name="Current GC Util" value="34" />
  <attribute name= "Current Time Running" value="4945" />
  <attribute name ="GC Interval" value="200" />
  <attribute name="ProportionalT" value="14.000000" />
  <attribute name="ProportionalI" value="14.000000" />
  <attribute name="ProportionalH" value="14.000000" />
  <attribute name="Current Error" value="14.000000" />
  <attribute name="IntegralT" value="154.000000" />
  <attribute name="IntegralI" value="154.000000" />
  <attribute name="IntegralH" value="154.000000" />
  <attribute name="DerivativeT" value="-1.363636" />
  <attribute name="DerivativeI" value="-1.363636" />
  <attribute name="DerivativeH" value="-1.363636" />
  <attribute name="Loop Time for DT" value="11.000000" />
  <attribute name="Output H" value="8388608"/>
  <attribute name="Output I" value="200"/>
  <attribute name="Output T" value="4"/>
  <attribute name="Target GC Util Change" value ="20.000000" />
  <attribute name="Current GC Util Change" value="34.000000"/>
  <attribute name="GC Util currently" value="34" />
  <attribute name="CPU Util currently" value="416458226666" />
<allocation-satisfied id="2733" threadId="0000000001783400" bytesRequested="56" />
<af-end id="2734" timestamp="2019-06-17T06:59:29.799" threadId="0000000001783D88" success="true" from="nursery"/>
<exclusive-end id="2735" timestamp="2019-06-17T06:59:29.799" durationms="3.488" />

<exclusive-start id="2736" timestamp="2019-06-17T06:59:29.803" intervalms="8.115">
  <response-info timems="0.509" idlems="0.331" threads="2" lastid="000000000177B800" lastname="PmdThread 2" />
</exclusive-start>
<af-start id="2737" threadId="0000000001787988" totalBytesRequested="72" timestamp="2019-06-17T06:59:29.803" intervalms="7.972" type="nursery" />
<cycle-start id="2738" type="scavenge" contextid="0" timestamp="2019-06-17T06:59:29.803" intervalms="7.966" />
<gc-start id="2739" type="scavenge" contextid="2738" timestamp="2019-06-17T06:59:29.803">
  <mem-info id="2740" free="2057622088" total="2092630016" percent="98">
    <mem type="nursery" free="0" total="9437184" percent="0">
      <mem type="allocate" free="0" total="6029312" percent="0" />
      <mem type="survivor" free="0" total="3407872" percent="0" />
    </mem>
    <mem type="tenure" free="2057622088" total="2083192832" percent="98">
      <mem type="soa" free="2057622088" total="2083192832" percent="98" />
      <mem type="loa" free="0" total="0" percent="0" />
    </mem>
    <remembered-set count="2214" />
  </mem-info>
</gc-start>
<allocation-stats totalBytes="4070688" >
  <allocated-bytes non-tlh="184" tlh="4070504" />
  <largest-consumer threadName="PmdThread 4" threadId="0000000001787000" bytes="3046736" />
</allocation-stats>
<gc-op id="2741" type="scavenge" timems="2.632" contextid="2738" timestamp="2019-06-17T06:59:29.806">
  <scavenger-info tenureage="3" tenuremask="7fe8" tiltratio="63" />
  <memory-copied type="nursery" objects="47810" bytes="1510424" bytesdiscarded="116688" />
  <memory-copied type="tenure" objects="25467" bytes="793840" bytesdiscarded="216" />
  <references type="weak" candidates="5" cleared="5" enqueued="5" />
  <references type="phantom" candidates="1" cleared="1" enqueued="1" />
</gc-op>
<gc-end id="2742" type="scavenge" contextid="2738" durationms="2.903" usertimems="0.000" systemtimems="4.000" timestamp="2019-06-17T06:59:29.806" activeThreads="4">
  <mem-info id="2743" free="2061508120" total="2092630016" percent="98">
    <mem type="nursery" free="4729832" total="9437184" percent="50">
      <mem type="allocate" free="4729832" total="6356992" percent="74" />
      <mem type="survivor" free="0" total="3080192" percent="0" />
    </mem>
    <mem type="tenure" free="2056778288" total="2083192832" percent="98">
      <mem type="soa" free="2056778288" total="2083192832" percent="98" />
      <mem type="loa" free="0" total="0" percent="0" />
    </mem>
    <pending-finalizers system="0" default="0" reference="6" classloader="0" />
    <remembered-set count="990" />
  </mem-info>
</gc-end>
<cycle-end id="2744" type="scavenge" contextid="2738" timestamp="2019-06-17T06:59:29.806" />
  <attribute name="elasticGC enabled" value="1" />
  <attribute name= "numThreadsSpecified" value="4" />
  <attribute name="heapSize specified" value="14680064" />
  <attribute name="Current GC Util" value="62" />
  <attribute name= "Current Time Running" value="4953" />
  <attribute name ="GC Interval" value="384" />
  <attribute name="ProportionalT" value="42.000000" />
  <attribute name="ProportionalI" value="42.000000" />
  <attribute name="ProportionalH" value="42.000000" />
  <attribute name="Current Error" value="42.000000" />
  <attribute name="IntegralT" value="336.000000" />
  <attribute name="IntegralI" value="336.000000" />
  <attribute name="IntegralH" value="336.000000" />
  <attribute name="DerivativeT" value="3.500000" />
  <attribute name="DerivativeI" value="3.500000" />
  <attribute name="DerivativeH" value="3.500000" />
  <attribute name="Loop Time for DT" value="8.000000" />
  <attribute name="Output H" value="8388608"/>
  <attribute name="Output I" value="384"/>
  <attribute name="Output T" value="4"/>
  <attribute name="Target GC Util Change" value ="20.000000" />
  <attribute name="Current GC Util Change" value="62.000000"/>
  <attribute name="GC Util currently" value="62" />
  <attribute name="CPU Util currently" value="580441342739" />
<allocation-satisfied id="2745" threadId="0000000001787000" bytesRequested="72" />
<af-end id="2746" timestamp="2019-06-17T06:59:29.807" threadId="0000000001787988" success="true" from="nursery"/>
<exclusive-end id="2747" timestamp="2019-06-17T06:59:29.807" durationms="3.337" />

<exclusive-start id="2748" timestamp="2019-06-17T06:59:29.816" intervalms="12.620">
  <response-info timems="0.080" idlems="0.080" threads="0" lastid="0000000001783400" lastname="PmdThread 3" />
</exclusive-start>
<af-start id="2749" threadId="0000000001783D88" totalBytesRequested="56" timestamp="2019-06-17T06:59:29.816" intervalms="12.645" type="nursery" />
<cycle-start id="2750" type="scavenge" contextid="0" timestamp="2019-06-17T06:59:29.816" intervalms="12.657" />
<gc-start id="2751" type="scavenge" contextid="2750" timestamp="2019-06-17T06:59:29.816">
  <mem-info id="2752" free="2056778288" total="2092630016" percent="98">
    <mem type="nursery" free="0" total="9437184" percent="0">
      <mem type="allocate" free="0" total="6356992" percent="0" />
      <mem type="survivor" free="0" total="3080192" percent="0" />
    </mem>
    <mem type="tenure" free="2056778288" total="2083192832" percent="98">
      <mem type="soa" free="2056778288" total="2083192832" percent="98" />
      <mem type="loa" free="0" total="0" percent="0" />
    </mem>
    <remembered-set count="1436" />
  </mem-info>
</gc-start>
<allocation-stats totalBytes="4720712" >
  <allocated-bytes non-tlh="72" tlh="4720640" />
  <largest-consumer threadName="PmdThread 4" threadId="0000000001787000" bytes="1588032" />
</allocation-stats>
<gc-op id="2753" type="scavenge" timems="4.725" contextid="2750" timestamp="2019-06-17T06:59:29.821">
  <scavenger-info tenureage="5" tenuremask="7fe0" tiltratio="67" />
  <memory-copied type="nursery" objects="71406" bytes="2257704" bytesdiscarded="147288" />
  <references type="weak" candidates="196" cleared="195" enqueued="195" />
  <references type="phantom" candidates="2" cleared="0" enqueued="0" />
</gc-op>
<gc-end id="2754" type="scavenge" contextid="2750" durationms="5.488" usertimems="0.000" systemtimems="4.000" timestamp="2019-06-17T06:59:29.822" activeThreads="4">
  <mem-info id="2755" free="2060597248" total="2092630016" percent="98">
    <mem type="nursery" free="3818960" total="9437184" percent="40">
      <mem type="allocate" free="3818960" total="6225920" percent="61" />
      <mem type="survivor" free="0" total="3211264" percent="0" />
    </mem>
    <mem type="tenure" free="2056778288" total="2083192832" percent="98">
      <mem type="soa" free="2056778288" total="2083192832" percent="98" />
      <mem type="loa" free="0" total="0" percent="0" />
    </mem>
    <pending-finalizers system="0" default="0" reference="195" classloader="0" />
    <remembered-set count="991" />
  </mem-info>
</gc-end>
<cycle-end id="2756" type="scavenge" contextid="2750" timestamp="2019-06-17T06:59:29.822" />
  <attribute name="elasticGC enabled" value="1" />
  <attribute name= "numThreadsSpecified" value="4" />
  <attribute name="heapSize specified" value="14680064" />
  <attribute name="Current GC Util" value="40" />
  <attribute name= "Current Time Running" value="4966" />
  <attribute name ="GC Interval" value="280" />
  <attribute name="ProportionalT" value="20.000000" />
  <attribute name="ProportionalI" value="20.000000" />
  <attribute name="ProportionalH" value="20.000000" />
  <attribute name="Current Error" value="20.000000" />
  <attribute name="IntegralT" value="260.000000" />
  <attribute name="IntegralI" value="260.000000" />
  <attribute name="IntegralH" value="260.000000" />
  <attribute name="DerivativeT" value="-1.692308" />
  <attribute name="DerivativeI" value="-1.692308" />
  <attribute name="DerivativeH" value="-1.692308" />
  <attribute name="Loop Time for DT" value="13.000000" />
  <attribute name="Output H" value="8388608"/>
  <attribute name="Output I" value="280"/>
  <attribute name="Output T" value="4"/>
  <attribute name="Target GC Util Change" value ="20.000000" />
  <attribute name="Current GC Util Change" value="40.000000"/>
  <attribute name="GC Util currently" value="40" />
  <attribute name="CPU Util currently" value="351959210602" />
<allocation-satisfied id="2757" threadId="0000000001783400" bytesRequested="56" />
<af-end id="2758" timestamp="2019-06-17T06:59:29.822" threadId="0000000001783D88" success="true" from="nursery"/>
<exclusive-end id="2759" timestamp="2019-06-17T06:59:29.822" durationms="6.205" />

<exclusive-start id="2760" timestamp="2019-06-17T06:59:29.827" intervalms="11.427">
  <response-info timems="0.051" idlems="0.028" threads="1" lastid="0000000001777C00" lastname="PmdThread 1" />
</exclusive-start>
<af-start id="2761" threadId="0000000001787988" totalBytesRequested="40" timestamp="2019-06-17T06:59:29.827" intervalms="11.444" type="nursery" />
<cycle-start id="2762" type="scavenge" contextid="0" timestamp="2019-06-17T06:59:29.828" intervalms="11.480" />
<gc-start id="2763" type="scavenge" contextid="2762" timestamp="2019-06-17T06:59:29.828">
  <mem-info id="2764" free="2056777848" total="2092630016" percent="98">
    <mem type="nursery" free="0" total="9437184" percent="0">
      <mem type="allocate" free="0" total="6225920" percent="0" />
      <mem type="survivor" free="0" total="3211264" percent="0" />
    </mem>
    <mem type="tenure" free="2056777848" total="2083192832" percent="98">
      <mem type="soa" free="2056777848" total="2083192832" percent="98" />
      <mem type="loa" free="0" total="0" percent="0" />
    </mem>
    <remembered-set count="1556" />
  </mem-info>
</gc-start>
<allocation-stats totalBytes="3818144" >
  <allocated-bytes non-tlh="496" tlh="3817648" />
  <largest-consumer threadName="PmdThread 1" threadId="0000000001777C00" bytes="1531416" />
</allocation-stats>
<gc-op id="2765" type="scavenge" timems="3.905" contextid="2762" timestamp="2019-06-17T06:59:29.832">
  <scavenger-info tenureage="3" tenuremask="7ff8" tiltratio="65" />
  <memory-copied type="nursery" objects="66521" bytes="1974784" bytesdiscarded="154096" />
  <memory-copied type="tenure" objects="29760" bytes="980480" bytesdiscarded="1000" />
  <references type="weak" candidates="139" cleared="139" enqueued="139" />
</gc-op>
<gc-end id="2766" type="scavenge" contextid="2762" durationms="4.100" usertimems="4.000" systemtimems="4.000" timestamp="2019-06-17T06:59:29.832" activeThreads="4">
  <mem-info id="2767" free="2060080744" total="2092630016" percent="98">
    <mem type="nursery" free="4228096" total="9437184" percent="44">
      <mem type="allocate" free="4228096" total="6356992" percent="66" />
      <mem type="survivor" free="0" total="3080192" percent="0" />
    </mem>
    <mem type="tenure" free="2055852648" total="2083192832" percent="98">
      <mem type="soa" free="2055852648" total="2083192832" percent="98" />
      <mem type="loa" free="0" total="0" percent="0" />
    </mem>
    <pending-finalizers system="0" default="0" reference="139" classloader="0" />
    <remembered-set count="160" />
  </mem-info>
</gc-end>
<cycle-end id="2768" type="scavenge" contextid="2762" timestamp="2019-06-17T06:59:29.832" />
  <attribute name="elasticGC enabled" value="1" />
  <attribute name= "numThreadsSpecified" value="4" />
  <attribute name="heapSize specified" value="14680064" />
  <attribute name="Current GC Util" value="56" />
  <attribute name= "Current Time Running" value="4977" />
  <attribute name ="GC Interval" value="440" />
  <attribute name="ProportionalT" value="36.000000" />
  <attribute name="ProportionalI" value="36.000000" />
  <attribute name="ProportionalH" value="36.000000" />
  <attribute name="Current Error" value="36.000000" />
  <attribute name="IntegralT" value="396.000000" />
  <attribute name="IntegralI" value="396.000000" />
  <attribute name="IntegralH" value="396.000000" />
  <attribute name="DerivativeT" value="1.454545" />
  <attribute name="DerivativeI" value="1.454545" />
  <attribute name="DerivativeH" value="1.454545" />
  <attribute name="Loop Time for DT" value="11.000000" />
  <attribute name="Output H" value="8388608"/>
  <attribute name="Output I" value="440"/>
  <attribute name="Output T" value="4"/>
  <attribute name="Target GC Util Change" value ="20.000000" />
  <attribute name="Current GC Util Change" value="56.000000"/>
  <attribute name="GC Util currently" value="56" />
  <attribute name="CPU Util currently" value="418054208447" />
<allocation-satisfied id="2769" threadId="0000000001787000" bytesRequested="40" />
<af-end id="2770" timestamp="2019-06-17T06:59:29.832" threadId="0000000001787988" success="true" from="nursery"/>
<exclusive-end id="2771" timestamp="2019-06-17T06:59:29.832" durationms="4.601" />

<exclusive-start id="2772" timestamp="2019-06-17T06:59:29.842" intervalms="14.900">
  <response-info timems="0.091" idlems="0.047" threads="3" lastid="000000000177B800" lastname="PmdThread 2" />
</exclusive-start>
<af-start id="2773" threadId="0000000001778588" totalBytesRequested="16" timestamp="2019-06-17T06:59:29.842" intervalms="14.879" type="nursery" />
<cycle-start id="2774" type="scavenge" contextid="0" timestamp="2019-06-17T06:59:29.842" intervalms="14.856" />
<gc-start id="2775" type="scavenge" contextid="2774" timestamp="2019-06-17T06:59:29.842">
  <mem-info id="2776" free="2055852648" total="2092630016" percent="98">
    <mem type="nursery" free="0" total="9437184" percent="0">
      <mem type="allocate" free="0" total="6356992" percent="0" />
      <mem type="survivor" free="0" total="3080192" percent="0" />
    </mem>
    <mem type="tenure" free="2055852648" total="2083192832" percent="98">
      <mem type="soa" free="2055852648" total="2083192832" percent="98" />
      <mem type="loa" free="0" total="0" percent="0" />
    </mem>
    <remembered-set count="1100" />
  </mem-info>
</gc-start>
<allocation-stats totalBytes="4224632" >
  <allocated-bytes non-tlh="40" tlh="4224592" />
  <largest-consumer threadName="PmdThread 1" threadId="0000000001777C00" bytes="1784328" />
</allocation-stats>
<gc-op id="2777" type="scavenge" timems="5.648" contextid="2774" timestamp="2019-06-17T06:59:29.848">
  <scavenger-info tenureage="3" tenuremask="7ff8" tiltratio="67" />
  <memory-copied type="nursery" objects="77410" bytes="2294344" bytesdiscarded="127256" />
  <memory-copied type="tenure" objects="17926" bytes="521856" bytesdiscarded="224" />
  <references type="weak" candidates="153" cleared="153" enqueued="153" />
  <references type="phantom" candidates="2" cleared="2" enqueued="2" />
</gc-op>
<gc-end id="2778" type="scavenge" contextid="2774" durationms="5.901" usertimems="8.000" systemtimems="0.000" timestamp="2019-06-17T06:59:29.848" activeThreads="4">
  <mem-info id="2779" free="2059475024" total="2092630016" percent="98">
    <mem type="nursery" free="4131560" total="9437184" percent="43">
      <mem type="allocate" free="4131560" total="6553600" percent="63" />
      <mem type="survivor" free="0" total="2883584" percent="0" />
    </mem>
    <mem type="tenure" free="2055343464" total="2083192832" percent="98">
      <mem type="soa" free="2055343464" total="2083192832" percent="98" />
      <mem type="loa" free="0" total="0" percent="0" />
    </mem>
    <pending-finalizers system="0" default="0" reference="155" classloader="0" />
    <remembered-set count="186" />
  </mem-info>
</gc-end>
<cycle-end id="2780" type="scavenge" contextid="2774" timestamp="2019-06-17T06:59:29.848" />
  <attribute name="elasticGC enabled" value="1" />
  <attribute name= "numThreadsSpecified" value="4" />
  <attribute name="heapSize specified" value="14680064" />
  <attribute name="Current GC Util" value="43" />
  <attribute name= "Current Time Running" value="4992" />
  <attribute name ="GC Interval" value="368" />
  <attribute name="ProportionalT" value="23.000000" />
  <attribute name="ProportionalI" value="23.000000" />
  <attribute name="ProportionalH" value="23.000000" />
  <attribute name="Current Error" value="23.000000" />
  <attribute name="IntegralT" value="345.000000" />
  <attribute name="IntegralI" value="345.000000" />
  <attribute name="IntegralH" value="345.000000" />
  <attribute name="DerivativeT" value="-0.866667" />
  <attribute name="DerivativeI" value="-0.866667" />
  <attribute name="DerivativeH" value="-0.866667" />
  <attribute name="Loop Time for DT" value="15.000000" />
  <attribute name="Output H" value="8388608"/>
  <attribute name="Output I" value="368"/>
  <attribute name="Output T" value="4"/>
  <attribute name="Target GC Util Change" value ="20.000000" />
  <attribute name="Current GC Util Change" value="43.000000"/>
  <attribute name="GC Util currently" value="43" />
  <attribute name="CPU Util currently" value="309986151731" />
<allocation-satisfied id="2781" threadId="0000000001777C00" bytesRequested="16" />
<af-end id="2782" timestamp="2019-06-17T06:59:29.849" threadId="0000000001778588" success="true" from="nursery"/>
<exclusive-end id="2783" timestamp="2019-06-17T06:59:29.849" durationms="6.383" />

<exclusive-start id="2784" timestamp="2019-06-17T06:59:29.852" intervalms="10.140">
  <response-info timems="0.551" idlems="0.551" threads="0" lastid="0000000001787000" lastname="PmdThread 4" />
</exclusive-start>
<af-start id="2785" threadId="0000000001787988" totalBytesRequested="16" timestamp="2019-06-17T06:59:29.852" intervalms="10.133" type="nursery" />
<cycle-start id="2786" type="scavenge" contextid="0" timestamp="2019-06-17T06:59:29.853" intervalms="10.126" />
<gc-start id="2787" type="scavenge" contextid="2786" timestamp="2019-06-17T06:59:29.853">
  <mem-info id="2788" free="2055343464" total="2092630016" percent="98">
    <mem type="nursery" free="0" total="9437184" percent="0">
      <mem type="allocate" free="0" total="6553600" percent="0" />
      <mem type="survivor" free="0" total="2883584" percent="0" />
    </mem>
    <mem type="tenure" free="2055343464" total="2083192832" percent="98">
      <mem type="soa" free="2055343464" total="2083192832" percent="98" />
      <mem type="loa" free="0" total="0" percent="0" />
    </mem>
    <remembered-set count="227" />
  </mem-info>
</gc-start>
<allocation-stats totalBytes="4130960" >
  <allocated-bytes non-tlh="16408" tlh="4114552" />
  <largest-consumer threadName="PmdThread 4" threadId="0000000001787000" bytes="1974072" />
</allocation-stats>
<gc-op id="2789" type="scavenge" timems="4.207" contextid="2786" timestamp="2019-06-17T06:59:29.857">
  <scavenger-info tenureage="2" tenuremask="7ffc" tiltratio="69" />
  <memory-copied type="nursery" objects="63247" bytes="2019280" bytesdiscarded="96288" />
  <memory-copied type="tenure" objects="48214" bytes="1439632" bytesdiscarded="384" />
  <references type="weak" candidates="5" cleared="5" enqueued="5" />
  <references type="phantom" candidates="1" cleared="1" enqueued="1" />
</gc-op>
<gc-end id="2790" type="scavenge" contextid="2786" durationms="4.539" usertimems="4.000" systemtimems="0.000" timestamp="2019-06-17T06:59:29.857" activeThreads="4">
  <mem-info id="2791" free="2058306864" total="2092630016" percent="98">
    <mem type="nursery" free="4503512" total="9437184" percent="47">
      <mem type="allocate" free="4503512" total="6619136" percent="68" />
      <mem type="survivor" free="0" total="2818048" percent="0" />
    </mem>
    <mem type="tenure" free="2053803352" total="2083192832" percent="98">
      <mem type="soa" free="2053803352" total="2083192832" percent="98" />
      <mem type="loa" free="0" total="0" percent="0" />
    </mem>
    <pending-finalizers system="0" default="0" reference="6" classloader="0" />
    <remembered-set count="188" />
  </mem-info>
</gc-end>
<cycle-end id="2792" type="scavenge" contextid="2786" timestamp="2019-06-17T06:59:29.857" />
  <attribute name="elasticGC enabled" value="1" />
  <attribute name= "numThreadsSpecified" value="4" />
  <attribute name="heapSize specified" value="14680064" />
  <attribute name="Current GC Util" value="59" />
  <attribute name= "Current Time Running" value="5002" />
  <attribute name ="GC Interval" value="432" />
  <attribute name="ProportionalT" value="39.000000" />
  <attribute name="ProportionalI" value="39.000000" />
  <attribute name="ProportionalH" value="39.000000" />
  <attribute name="Current Error" value="39.000000" />
  <attribute name="IntegralT" value="390.000000" />
  <attribute name="IntegralI" value="390.000000" />
  <attribute name="IntegralH" value="390.000000" />
  <attribute name="DerivativeT" value="1.600000" />
  <attribute name="DerivativeI" value="1.600000" />
  <attribute name="DerivativeH" value="1.600000" />
  <attribute name="Loop Time for DT" value="10.000000" />
  <attribute name="Output H" value="8388608"/>
  <attribute name="Output I" value="432"/>
  <attribute name="Output T" value="4"/>
  <attribute name="Target GC Util Change" value ="20.000000" />
  <attribute name="Current GC Util Change" value="59.000000"/>
  <attribute name="GC Util currently" value="59" />
  <attribute name="CPU Util currently" value="456576715425" />
<allocation-satisfied id="2793" threadId="0000000001787000" bytesRequested="16" />
<af-end id="2794" timestamp="2019-06-17T06:59:29.858" threadId="0000000001787988" success="true" from="nursery"/>
<exclusive-end id="2795" timestamp="2019-06-17T06:59:29.858" durationms="5.303" />

<exclusive-start id="2796" timestamp="2019-06-17T06:59:29.875" intervalms="22.790">
  <response-info timems="0.048" idlems="0.026" threads="1" lastid="0000000001787000" lastname="PmdThread 4" />
</exclusive-start>
<af-start id="2797" threadId="0000000001778588" totalBytesRequested="24" timestamp="2019-06-17T06:59:29.875" intervalms="22.800" type="nursery" />
<cycle-start id="2798" type="scavenge" contextid="0" timestamp="2019-06-17T06:59:29.875" intervalms="22.810" />
<gc-start id="2799" type="scavenge" contextid="2798" timestamp="2019-06-17T06:59:29.875">
  <mem-info id="2800" free="2053803088" total="2092630016" percent="98">
    <mem type="nursery" free="0" total="9437184" percent="0">
      <mem type="allocate" free="0" total="6619136" percent="0" />
      <mem type="survivor" free="0" total="2818048" percent="0" />
    </mem>
    <mem type="tenure" free="2053803088" total="2083192832" percent="98">
      <mem type="soa" free="2053803088" total="2083192832" percent="98" />
      <mem type="loa" free="0" total="0" percent="0" />
    </mem>
    <remembered-set count="2306" />
  </mem-info>
</gc-start>
<allocation-stats totalBytes="4502928" >
  <allocated-bytes non-tlh="280" tlh="4502648" />
  <largest-consumer threadName="PmdThread 3" threadId="0000000001783400" bytes="1863376" />
</allocation-stats>
<gc-op id="2801" type="scavenge" timems="4.759" contextid="2798" timestamp="2019-06-17T06:59:29.880">
  <scavenger-info tenureage="1" tenuremask="7ffe" tiltratio="70" />
  <memory-copied type="nursery" objects="9862" bytes="364528" bytesdiscarded="98968" />
  <memory-copied type="tenure" objects="62742" bytes="1944288" bytesdiscarded="1424" />
  <references type="weak" candidates="37" cleared="37" enqueued="37" />
  <references type="phantom" candidates="2" cleared="2" enqueued="2" />
</gc-op>
<gc-end id="2802" type="scavenge" contextid="2798" durationms="4.999" usertimems="8.000" systemtimems="0.000" timestamp="2019-06-17T06:59:29.880" activeThreads="4">
  <mem-info id="2803" free="2058152944" total="2092630016" percent="98">
    <mem type="nursery" free="6286568" total="9437184" percent="66">
      <mem type="allocate" free="6286568" total="6750208" percent="93" />
      <mem type="survivor" free="0" total="2686976" percent="0" />
    </mem>
    <mem type="tenure" free="2051866376" total="2083192832" percent="98">
      <mem type="soa" free="2051866376" total="2083192832" percent="98" />
      <mem type="loa" free="0" total="0" percent="0" />
    </mem>
    <pending-finalizers system="0" default="0" reference="39" classloader="0" />
    <remembered-set count="2698" />
  </mem-info>
</gc-end>
<cycle-end id="2804" type="scavenge" contextid="2798" timestamp="2019-06-17T06:59:29.880" />
  <attribute name="elasticGC enabled" value="1" />
  <attribute name= "numThreadsSpecified" value="4" />
  <attribute name="heapSize specified" value="14680064" />
  <attribute name="Current GC Util" value="32" />
  <attribute name= "Current Time Running" value="5025" />
  <attribute name ="GC Interval" value="288" />
  <attribute name="ProportionalT" value="12.000000" />
  <attribute name="ProportionalI" value="12.000000" />
  <attribute name="ProportionalH" value="12.000000" />
  <attribute name="Current Error" value="12.000000" />
  <attribute name="IntegralT" value="276.000000" />
  <attribute name="IntegralI" value="276.000000" />
  <attribute name="IntegralH" value="276.000000" />
  <attribute name="DerivativeT" value="-1.173913" />
  <attribute name="DerivativeI" value="-1.173913" />
  <attribute name="DerivativeH" value="-1.173913" />
  <attribute name="Loop Time for DT" value="23.000000" />
  <attribute name="Output H" value="8388608"/>
  <attribute name="Output I" value="288"/>
  <attribute name="Output T" value="4"/>
  <attribute name="Target GC Util Change" value ="20.000000" />
  <attribute name="Current GC Util Change" value="32.000000"/>
  <attribute name="GC Util currently" value="32" />
  <attribute name="CPU Util currently" value="201966283030" />
<allocation-satisfied id="2805" threadId="0000000001777C00" bytesRequested="24" />
<af-end id="2806" timestamp="2019-06-17T06:59:29.881" threadId="0000000001778588" success="true" from="nursery"/>
<exclusive-end id="2807" timestamp="2019-06-17T06:59:29.881" durationms="5.536" />

<exclusive-start id="2808" timestamp="2019-06-17T06:59:29.902" intervalms="27.052">
  <response-info timems="0.035" idlems="0.035" threads="1" lastid="000000000177B800" lastname="PmdThread 2" />
</exclusive-start>
<af-start id="2809" threadId="0000000001778588" totalBytesRequested="24" timestamp="2019-06-17T06:59:29.902" intervalms="27.067" type="nursery" />
<cycle-start id="2810" type="scavenge" contextid="0" timestamp="2019-06-17T06:59:29.902" intervalms="27.069" />
<gc-start id="2811" type="scavenge" contextid="2810" timestamp="2019-06-17T06:59:29.903">
  <mem-info id="2812" free="2051866296" total="2092630016" percent="98">
    <mem type="nursery" free="0" total="9437184" percent="0">
      <mem type="allocate" free="0" total="6750208" percent="0" />
      <mem type="survivor" free="0" total="2686976" percent="0" />
    </mem>
    <mem type="tenure" free="2051866296" total="2083192832" percent="98">
      <mem type="soa" free="2051866296" total="2083192832" percent="98" />
      <mem type="loa" free="0" total="0" percent="0" />
    </mem>
    <remembered-set count="4147" />
  </mem-info>
</gc-start>
<allocation-stats totalBytes="6284936" >
  <allocated-bytes non-tlh="104" tlh="6284832" />
  <largest-consumer threadName="PmdThread 3" threadId="0000000001783400" bytes="2719232" />
</allocation-stats>
<gc-op id="2813" type="scavenge" timems="1.874" contextid="2810" timestamp="2019-06-17T06:59:29.905">
  <scavenger-info tenureage="2" tenuremask="7ffc" tiltratio="71" />
  <memory-copied type="nursery" objects="15503" bytes="693032" bytesdiscarded="25216" />
  <references type="weak" candidates="8" cleared="8" enqueued="8" />
  <references type="phantom" candidates="5" cleared="4" enqueued="4" />
</gc-op>
<gc-end id="2814" type="scavenge" contextid="2810" durationms="2.304" usertimems="0.000" systemtimems="0.000" timestamp="2019-06-17T06:59:29.905" activeThreads="1">
  <mem-info id="2815" free="2058225616" total="2092630016" percent="98">
    <mem type="nursery" free="6359320" total="9437184" percent="67">
      <mem type="allocate" free="6359320" total="7077888" percent="89" />
      <mem type="survivor" free="0" total="2359296" percent="0" />
    </mem>
    <mem type="tenure" free="2051866296" total="2083192832" percent="98">
      <mem type="soa" free="2051866296" total="2083192832" percent="98" />
      <mem type="loa" free="0" total="0" percent="0" />
    </mem>
    <pending-finalizers system="0" default="0" reference="12" classloader="0" />
    <remembered-set count="4129" />
  </mem-info>
</gc-end>
<cycle-end id="2816" type="scavenge" contextid="2810" timestamp="2019-06-17T06:59:29.905" />
  <attribute name="elasticGC enabled" value="1" />
  <attribute name= "numThreadsSpecified" value="1" />
  <attribute name="heapSize specified" value="14680064" />
  <attribute name="Current GC Util" value="20" />
  <attribute name= "Current Time Running" value="5052" />
  <attribute name ="GC Interval" value="200" />
  <attribute name="ProportionalT" value="0.000000" />
  <attribute name="ProportionalI" value="0.000000" />
  <attribute name="ProportionalH" value="0.000000" />
  <attribute name="Current Error" value="0.000000" />
  <attribute name="IntegralT" value="0.000000" />
  <attribute name="IntegralI" value="0.000000" />
  <attribute name="IntegralH" value="0.000000" />
  <attribute name="DerivativeT" value="-0.444444" />
  <attribute name="DerivativeI" value="-0.444444" />
  <attribute name="DerivativeH" value="-0.444444" />
  <attribute name="Loop Time for DT" value="27.000000" />
  <attribute name="Output H" value="8388608"/>
  <attribute name="Output I" value="200"/>
  <attribute name="Output T" value="1"/>
  <attribute name="Target GC Util Change" value ="20.000000" />
  <attribute name="Current GC Util Change" value="20.000000"/>
  <attribute name="GC Util currently" value="20" />
  <attribute name="CPU Util currently" value="169966721887" />
<allocation-satisfied id="2817" threadId="0000000001777C00" bytesRequested="24" />
<af-end id="2818" timestamp="2019-06-17T06:59:29.905" threadId="0000000001778588" success="true" from="nursery"/>
<exclusive-end id="2819" timestamp="2019-06-17T06:59:29.905" durationms="3.053" />

<exclusive-start id="2820" timestamp="2019-06-17T06:59:29.933" intervalms="31.235">
  <response-info timems="0.100" idlems="0.100" threads="0" lastid="0000000001783400" lastname="PmdThread 3" />
</exclusive-start>
<af-start id="2821" threadId="0000000001783D88" totalBytesRequested="24" timestamp="2019-06-17T06:59:29.934" intervalms="31.196" type="nursery" />
<cycle-start id="2822" type="scavenge" contextid="0" timestamp="2019-06-17T06:59:29.934" intervalms="31.208" />
<gc-start id="2823" type="scavenge" contextid="2822" timestamp="2019-06-17T06:59:29.934">
  <mem-info id="2824" free="2051865080" total="2092630016" percent="98">
    <mem type="nursery" free="0" total="9437184" percent="0">
      <mem type="allocate" free="0" total="7077888" percent="0" />
      <mem type="survivor" free="0" total="2359296" percent="0" />
    </mem>
    <mem type="tenure" free="2051865080" total="2083192832" percent="98">
      <mem type="soa" free="2051865080" total="2083192832" percent="98" />
      <mem type="loa" free="0" total="0" percent="0" />
    </mem>
    <remembered-set count="7135" />
  </mem-info>
</gc-start>
<allocation-stats totalBytes="6358568" >
  <allocated-bytes non-tlh="1240" tlh="6357328" />
  <largest-consumer threadName="PmdThread 3" threadId="0000000001783400" bytes="2111400" />
</allocation-stats>
<gc-op id="2825" type="scavenge" timems="1.740" contextid="2822" timestamp="2019-06-17T06:59:29.936">
  <scavenger-info tenureage="3" tenuremask="7ff8" tiltratio="75" />
  <memory-copied type="nursery" objects="13336" bytes="679592" bytesdiscarded="154880" />
  <finalization candidates="1" enqueued="0" />
  <references type="weak" candidates="36" cleared="30" enqueued="30" />
  <references type="phantom" candidates="6" cleared="4" enqueued="4" />
</gc-op>
<gc-end id="2826" type="scavenge" contextid="2822" durationms="1.960" usertimems="0.000" systemtimems="4.000" timestamp="2019-06-17T06:59:29.936" activeThreads="4">
  <mem-info id="2827" free="2058370016" total="2092630016" percent="98">
    <mem type="nursery" free="6504936" total="9437184" percent="68">
      <mem type="allocate" free="6504936" total="7340032" percent="88" />
      <mem type="survivor" free="0" total="2097152" percent="0" />
    </mem>
    <mem type="tenure" free="2051865080" total="2083192832" percent="98">
      <mem type="soa" free="2051865080" total="2083192832" percent="98" />
      <mem type="loa" free="0" total="0" percent="0" />
    </mem>
    <pending-finalizers system="0" default="0" reference="34" classloader="0" />
    <remembered-set count="4197" />
  </mem-info>
</gc-end>
<cycle-end id="2828" type="scavenge" contextid="2822" timestamp="2019-06-17T06:59:29.936" />
  <attribute name="elasticGC enabled" value="1" />
  <attribute name= "numThreadsSpecified" value="4" />
  <attribute name="heapSize specified" value="14680064" />
  <attribute name="Current GC Util" value="6" />
  <attribute name= "Current Time Running" value="5083" />
  <attribute name ="GC Interval" value="200" />
  <attribute name="ProportionalT" value="-14.000000" />
  <attribute name="ProportionalI" value="-14.000000" />
  <attribute name="ProportionalH" value="-14.000000" />
  <attribute name="Current Error" value="-14.000000" />
  <attribute name="IntegralT" value="-434.000000" />
  <attribute name="IntegralI" value="-434.000000" />
  <attribute name="IntegralH" value="-434.000000" />
  <attribute name="DerivativeT" value="-0.451613" />
  <attribute name="DerivativeI" value="-0.451613" />
  <attribute name="DerivativeH" value="-0.451613" />
  <attribute name="Loop Time for DT" value="31.000000" />
  <attribute name="Output H" value="2092630016"/>
  <attribute name="Output I" value="200"/>
  <attribute name="Output T" value="4"/>
  <attribute name="Target GC Util Change" value ="20.000000" />
  <attribute name="Current GC Util Change" value="6.000000"/>
  <attribute name="GC Util currently" value="6" />
  <attribute name="CPU Util currently" value="147916882165" />
<allocation-satisfied id="2829" threadId="0000000001783400" bytesRequested="24" />
<af-end id="2830" timestamp="2019-06-17T06:59:29.936" threadId="0000000001783D88" success="true" from="nursery"/>
<exclusive-end id="2831" timestamp="2019-06-17T06:59:29.936" durationms="2.460" />

<exclusive-start id="2832" timestamp="2019-06-17T06:59:29.945" intervalms="11.947">
  <response-info timems="0.033" idlems="0.033" threads="0" lastid="0000000001783400" lastname="PmdThread 3" />
</exclusive-start>
<af-start id="2833" threadId="0000000001783D88" totalBytesRequested="24" timestamp="2019-06-17T06:59:29.946" intervalms="11.965" type="nursery" />
<cycle-start id="2834" type="scavenge" contextid="0" timestamp="2019-06-17T06:59:29.946" intervalms="11.949" />
<gc-start id="2835" type="scavenge" contextid="2834" timestamp="2019-06-17T06:59:29.946">
  <mem-info id="2836" free="2051864664" total="2092630016" percent="98">
    <mem type="nursery" free="0" total="9437184" percent="0">
      <mem type="allocate" free="0" total="7340032" percent="0" />
      <mem type="survivor" free="0" total="2097152" percent="0" />
    </mem>
    <mem type="tenure" free="2051864664" total="2083192832" percent="98">
      <mem type="soa" free="2051864664" total="2083192832" percent="98" />
      <mem type="loa" free="0" total="0" percent="0" />
    </mem>
    <remembered-set count="4208" />
  </mem-info>
</gc-start>
<allocation-stats totalBytes="6504696" >
  <allocated-bytes non-tlh="16832" tlh="6487864" />
  <largest-consumer threadName="PmdThread 3" threadId="0000000001783400" bytes="5812216" />
</allocation-stats>
<gc-op id="2837" type="scavenge" timems="1.541" contextid="2834" timestamp="2019-06-17T06:59:29.947">
  <scavenger-info tenureage="4" tenuremask="7ff0" tiltratio="77" />
  <memory-copied type="nursery" objects="15699" bytes="739440" bytesdiscarded="65736" />
  <finalization candidates="1" enqueued="0" />
  <references type="weak" candidates="13" cleared="6" enqueued="6" />
  <references type="phantom" candidates="3" cleared="2" enqueued="2" />
</gc-op>
<gc-end id="2838" type="scavenge" contextid="2834" durationms="1.745" usertimems="0.000" systemtimems="4.000" timestamp="2019-06-17T06:59:29.947" activeThreads="4">
  <mem-info id="2839" free="2058661144" total="2092630016" percent="98">
    <mem type="nursery" free="6796480" total="9437184" percent="72">
      <mem type="allocate" free="6796480" total="7602176" percent="89" />
      <mem type="survivor" free="0" total="1835008" percent="0" />
    </mem>
    <mem type="tenure" free="2051864664" total="2083192832" percent="98">
      <mem type="soa" free="2051864664" total="2083192832" percent="98" />
      <mem type="loa" free="0" total="0" percent="0" />
    </mem>
    <pending-finalizers system="0" default="0" reference="8" classloader="0" />
    <remembered-set count="4185" />
  </mem-info>
</gc-end>
<cycle-end id="2840" type="scavenge" contextid="2834" timestamp="2019-06-17T06:59:29.947" />
  <attribute name="elasticGC enabled" value="1" />
  <attribute name= "numThreadsSpecified" value="4" />
  <attribute name="heapSize specified" value="14680064" />
  <attribute name="Current GC Util" value="37" />
  <attribute name= "Current Time Running" value="5095" />
  <attribute name ="GC Interval" value="224" />
  <attribute name="ProportionalT" value="17.000000" />
  <attribute name="ProportionalI" value="17.000000" />
  <attribute name="ProportionalH" value="17.000000" />
  <attribute name="Current Error" value="17.000000" />
  <attribute name="IntegralT" value="204.000000" />
  <attribute name="IntegralI" value="204.000000" />
  <attribute name="IntegralH" value="204.000000" />
  <attribute name="DerivativeT" value="1.416667" />
  <attribute name="DerivativeI" value="1.416667" />
  <attribute name="DerivativeH" value="1.416667" />
  <attribute name="Loop Time for DT" value="12.000000" />
  <attribute name="Output H" value="8388608"/>
  <attribute name="Output I" value="224"/>
  <attribute name="Output T" value="4"/>
  <attribute name="Target GC Util Change" value ="20.000000" />
  <attribute name="Current GC Util Change" value="37.000000"/>
  <attribute name="GC Util currently" value="37" />
  <attribute name="CPU Util currently" value="386937632153" />
<allocation-satisfied id="2841" threadId="0000000001783400" bytesRequested="24" />
<af-end id="2842" timestamp="2019-06-17T06:59:29.948" threadId="0000000001783D88" success="true" from="nursery"/>
<exclusive-end id="2843" timestamp="2019-06-17T06:59:29.948" durationms="2.217" />

<exclusive-start id="2844" timestamp="2019-06-17T06:59:29.969" intervalms="23.297">
  <response-info timems="0.047" idlems="0.047" threads="0" lastid="0000000001777C00" lastname="PmdThread 1" />
</exclusive-start>
<af-start id="2845" threadId="0000000001778588" totalBytesRequested="8200" timestamp="2019-06-17T06:59:29.969" intervalms="23.288" type="nursery" />
<cycle-start id="2846" type="scavenge" contextid="0" timestamp="2019-06-17T06:59:29.969" intervalms="23.277" />
<gc-start id="2847" type="scavenge" contextid="2846" timestamp="2019-06-17T06:59:29.969">
  <mem-info id="2848" free="2051863456" total="2092630016" percent="98">
    <mem type="nursery" free="0" total="9437184" percent="0">
      <mem type="allocate" free="0" total="7602176" percent="0" />
      <mem type="survivor" free="0" total="1835008" percent="0" />
    </mem>
    <mem type="tenure" free="2051863456" total="2083192832" percent="98">
      <mem type="soa" free="2051863456" total="2083192832" percent="98" />
      <mem type="loa" free="0" total="0" percent="0" />
    </mem>
    <remembered-set count="4270" />
  </mem-info>
</gc-start>
<allocation-stats totalBytes="6789624" >
  <allocated-bytes non-tlh="1232" tlh="6788392" />
  <largest-consumer threadName="PmdThread 3" threadId="0000000001783400" bytes="2122712" />
</allocation-stats>
<gc-op id="2849" type="scavenge" timems="1.228" contextid="2846" timestamp="2019-06-17T06:59:29.970">
  <scavenger-info tenureage="4" tenuremask="7ff0" tiltratio="80" />
  <memory-copied type="nursery" objects="13577" bytes="935080" bytesdiscarded="224640" />
  <memory-copied type="tenure" objects="8133" bytes="241384" bytesdiscarded="16" />
  <finalization candidates="1" enqueued="0" />
  <references type="weak" candidates="74" cleared="68" enqueued="68" />
  <references type="phantom" candidates="14" cleared="12" enqueued="12" />
</gc-op>
<gc-end id="2850" type="scavenge" contextid="2846" durationms="1.471" usertimems="4.000" systemtimems="0.000" timestamp="2019-06-17T06:59:29.970" activeThreads="4">
  <mem-info id="2851" free="2058155240" total="2092630016" percent="98">
    <mem type="nursery" free="6571336" total="9437184" percent="69">
      <mem type="allocate" free="6571336" total="7733248" percent="84" />
      <mem type="survivor" free="0" total="1703936" percent="0" />
    </mem>
    <mem type="tenure" free="2051583904" total="2083192832" percent="98">
      <mem type="soa" free="2051583904" total="2083192832" percent="98" />
      <mem type="loa" free="0" total="0" percent="0" />
    </mem>
    <pending-finalizers system="0" default="0" reference="80" classloader="0" />
    <remembered-set count="1334" />
  </mem-info>
</gc-end>
<cycle-end id="2852" type="scavenge" contextid="2846" timestamp="2019-06-17T06:59:29.970" />
  <attribute name="elasticGC enabled" value="1" />
  <attribute name= "numThreadsSpecified" value="4" />
  <attribute name="heapSize specified" value="14680064" />
  <attribute name="Current GC Util" value="17" />
  <attribute name= "Current Time Running" value="5118" />
  <attribute name ="GC Interval" value="200" />
  <attribute name="ProportionalT" value="-3.000000" />
  <attribute name="ProportionalI" value="-3.000000" />
  <attribute name="ProportionalH" value="-3.000000" />
  <attribute name="Current Error" value="-3.000000" />
  <attribute name="IntegralT" value="-69.000000" />
  <attribute name="IntegralI" value="-69.000000" />
  <attribute name="IntegralH" value="-69.000000" />
  <attribute name="DerivativeT" value="-0.869565" />
  <attribute name="DerivativeI" value="-0.869565" />
  <attribute name="DerivativeH" value="-0.869565" />
  <attribute name="Loop Time for DT" value="23.000000" />
  <attribute name="Output H" value="2092630016"/>
  <attribute name="Output I" value="200"/>
  <attribute name="Output T" value="4"/>
  <attribute name="Target GC Util Change" value ="20.000000" />
  <attribute name="Current GC Util Change" value="17.000000"/>
  <attribute name="GC Util currently" value="17" />
  <attribute name="CPU Util currently" value="198244564500" />
<allocation-satisfied id="2853" threadId="0000000001777C00" bytesRequested="8200" />
<af-end id="2854" timestamp="2019-06-17T06:59:29.971" threadId="0000000001778588" success="true" from="nursery"/>
<exclusive-end id="2855" timestamp="2019-06-17T06:59:29.971" durationms="1.922" />

<exclusive-start id="2856" timestamp="2019-06-17T06:59:29.987" intervalms="18.613">
  <response-info timems="0.054" idlems="0.054" threads="0" lastid="0000000001783400" lastname="PmdThread 3" />
</exclusive-start>
<af-start id="2857" threadId="0000000001783D88" totalBytesRequested="56" timestamp="2019-06-17T06:59:29.987" intervalms="18.628" type="nursery" />
<cycle-start id="2858" type="scavenge" contextid="0" timestamp="2019-06-17T06:59:29.987" intervalms="18.643" />
<gc-start id="2859" type="scavenge" contextid="2858" timestamp="2019-06-17T06:59:29.988">
  <mem-info id="2860" free="2051582832" total="2092630016" percent="98">
    <mem type="nursery" free="0" total="9437184" percent="0">
      <mem type="allocate" free="0" total="7733248" percent="0" />
      <mem type="survivor" free="0" total="1703936" percent="0" />
    </mem>
    <mem type="tenure" free="2051582832" total="2083192832" percent="98">
      <mem type="soa" free="2051582832" total="2083192832" percent="98" />
      <mem type="loa" free="0" total="0" percent="0" />
    </mem>
    <remembered-set count="1404" />
  </mem-info>
</gc-start>
<allocation-stats totalBytes="6567464" >
  <allocated-bytes non-tlh="9272" tlh="6558192" />
  <largest-consumer threadName="PmdThread 3" threadId="0000000001783400" bytes="2200144" />
</allocation-stats>
<gc-op id="2861" type="scavenge" timems="2.973" contextid="2858" timestamp="2019-06-17T06:59:29.991">
  <scavenger-info tenureage="5" tenuremask="7fe0" tiltratio="81" />
  <memory-copied type="nursery" objects="22076" bytes="1345848" bytesdiscarded="213864" />
  <finalization candidates="1" enqueued="0" />
  <references type="weak" candidates="97" cleared="91" enqueued="91" />
  <references type="phantom" candidates="19" cleared="16" enqueued="16" />
</gc-op>
<gc-end id="2862" type="scavenge" contextid="2858" durationms="3.171" usertimems="0.000" systemtimems="4.000" timestamp="2019-06-17T06:59:29.991" activeThreads="4">
  <mem-info id="2863" free="2057557536" total="2092630016" percent="98">
    <mem type="nursery" free="5974704" total="9437184" percent="63">
      <mem type="allocate" free="5974704" total="7536640" percent="79" />
      <mem type="survivor" free="0" total="1900544" percent="0" />
    </mem>
    <mem type="tenure" free="2051582832" total="2083192832" percent="98">
      <mem type="soa" free="2051582832" total="2083192832" percent="98" />
      <mem type="loa" free="0" total="0" percent="0" />
    </mem>
    <pending-finalizers system="0" default="0" reference="107" classloader="0" />
    <remembered-set count="1381" />
  </mem-info>
</gc-end>
<cycle-end id="2864" type="scavenge" contextid="2858" timestamp="2019-06-17T06:59:29.991" />
  <attribute name="elasticGC enabled" value="1" />
  <attribute name= "numThreadsSpecified" value="4" />
  <attribute name="heapSize specified" value="14680064" />
  <attribute name="Current GC Util" value="17" />
  <attribute name= "Current Time Running" value="5137" />
  <attribute name ="GC Interval" value="200" />
  <attribute name="ProportionalT" value="-3.000000" />
  <attribute name="ProportionalI" value="-3.000000" />
  <attribute name="ProportionalH" value="-3.000000" />
  <attribute name="Current Error" value="-3.000000" />
  <attribute name="IntegralT" value="-57.000000" />
  <attribute name="IntegralI" value="-57.000000" />
  <attribute name="IntegralH" value="-57.000000" />
  <attribute name="DerivativeT" value="-0.157895" />
  <attribute name="DerivativeI" value="-0.157895" />
  <attribute name="DerivativeH" value="-0.157895" />
  <attribute name="Loop Time for DT" value="19.000000" />
  <attribute name="Output H" value="2092630016"/>
  <attribute name="Output I" value="200"/>
  <attribute name="Output T" value="4"/>
  <attribute name="Target GC Util Change" value ="20.000000" />
  <attribute name="Current GC Util Change" value="17.000000"/>
  <attribute name="GC Util currently" value="17" />
  <attribute name="CPU Util currently" value="247262156615" />
<allocation-satisfied id="2865" threadId="0000000001783400" bytesRequested="56" />
<af-end id="2866" timestamp="2019-06-17T06:59:29.991" threadId="0000000001783D88" success="true" from="nursery"/>
<exclusive-end id="2867" timestamp="2019-06-17T06:59:29.991" durationms="3.672" />

<exclusive-start id="2868" timestamp="2019-06-17T06:59:30.005" intervalms="18.140">
  <response-info timems="0.036" idlems="0.036" threads="0" lastid="0000000001783400" lastname="PmdThread 3" />
</exclusive-start>
<af-start id="2869" threadId="0000000001783D88" totalBytesRequested="80" timestamp="2019-06-17T06:59:30.006" intervalms="18.150" type="nursery" />
<cycle-start id="2870" type="scavenge" contextid="0" timestamp="2019-06-17T06:59:30.006" intervalms="18.157" />
<gc-start id="2871" type="scavenge" contextid="2870" timestamp="2019-06-17T06:59:30.006">
  <mem-info id="2872" free="2051582224" total="2092630016" percent="98">
    <mem type="nursery" free="0" total="9437184" percent="0">
      <mem type="allocate" free="0" total="7536640" percent="0" />
      <mem type="survivor" free="0" total="1900544" percent="0" />
    </mem>
    <mem type="tenure" free="2051582224" total="2083192832" percent="98">
      <mem type="soa" free="2051582224" total="2083192832" percent="98" />
      <mem type="loa" free="0" total="0" percent="0" />
    </mem>
    <remembered-set count="1417" />
  </mem-info>
</gc-start>
<allocation-stats totalBytes="5973064" >
  <allocated-bytes non-tlh="664" tlh="5972400" />
  <largest-consumer threadName="PmdThread 1" threadId="0000000001777C00" bytes="2587592" />
</allocation-stats>
<gc-op id="2873" type="scavenge" timems="2.606" contextid="2870" timestamp="2019-06-17T06:59:30.008">
  <scavenger-info tenureage="5" tenuremask="7fe0" tiltratio="79" />
  <memory-copied type="nursery" objects="15212" bytes="990952" bytesdiscarded="122336" />
  <memory-copied type="tenure" objects="2599" bytes="77176" bytesdiscarded="24" />
  <finalization candidates="1" enqueued="0" />
  <references type="weak" candidates="81" cleared="75" enqueued="73" />
  <references type="phantom" candidates="13" cleared="13" enqueued="13" />
</gc-op>
<gc-end id="2874" type="scavenge" contextid="2870" durationms="2.848" usertimems="8.000" systemtimems="0.000" timestamp="2019-06-17T06:59:30.009" activeThreads="4">
  <mem-info id="2875" free="2057990424" total="2092630016" percent="98">
    <mem type="nursery" free="6486536" total="9437184" percent="68">
      <mem type="allocate" free="6486536" total="7602176" percent="85" />
      <mem type="survivor" free="0" total="1835008" percent="0" />
    </mem>
    <mem type="tenure" free="2051503888" total="2083192832" percent="98">
      <mem type="soa" free="2051503888" total="2083192832" percent="98" />
      <mem type="loa" free="0" total="0" percent="0" />
    </mem>
    <pending-finalizers system="0" default="0" reference="86" classloader="0" />
    <remembered-set count="301" />
  </mem-info>
</gc-end>
<cycle-end id="2876" type="scavenge" contextid="2870" timestamp="2019-06-17T06:59:30.009" />
  <attribute name="elasticGC enabled" value="1" />
  <attribute name= "numThreadsSpecified" value="4" />
  <attribute name="heapSize specified" value="14680064" />
  <attribute name="Current GC Util" value="31" />
  <attribute name= "Current Time Running" value="5155" />
  <attribute name ="GC Interval" value="216" />
  <attribute name="ProportionalT" value="11.000000" />
  <attribute name="ProportionalI" value="11.000000" />
  <attribute name="ProportionalH" value="11.000000" />
  <attribute name="Current Error" value="11.000000" />
  <attribute name="IntegralT" value="198.000000" />
  <attribute name="IntegralI" value="198.000000" />
  <attribute name="IntegralH" value="198.000000" />
  <attribute name="DerivativeT" value="0.611111" />
  <attribute name="DerivativeI" value="0.611111" />
  <attribute name="DerivativeH" value="0.611111" />
  <attribute name="Loop Time for DT" value="18.000000" />
  <attribute name="Output H" value="8388608"/>
  <attribute name="Output I" value="216"/>
  <attribute name="Output T" value="4"/>
  <attribute name="Target GC Util Change" value ="20.000000" />
  <attribute name="Current GC Util Change" value="31.000000"/>
  <attribute name="GC Util currently" value="31" />
  <attribute name="CPU Util currently" value="253563462858" />
<allocation-satisfied id="2877" threadId="0000000001783400" bytesRequested="80" />
<af-end id="2878" timestamp="2019-06-17T06:59:30.009" threadId="0000000001783D88" success="true" from="nursery"/>
<exclusive-end id="2879" timestamp="2019-06-17T06:59:30.009" durationms="3.380" />

<exclusive-start id="2880" timestamp="2019-06-17T06:59:30.031" intervalms="25.400">
  <response-info timems="0.052" idlems="0.020" threads="2" lastid="0000000001783400" lastname="PmdThread 3" />
</exclusive-start>
<af-start id="2881" threadId="0000000001778588" totalBytesRequested="24" timestamp="2019-06-17T06:59:30.031" intervalms="25.389" type="nursery" />
<cycle-start id="2882" type="scavenge" contextid="0" timestamp="2019-06-17T06:59:30.031" intervalms="25.380" />
<gc-start id="2883" type="scavenge" contextid="2882" timestamp="2019-06-17T06:59:30.031">
  <mem-info id="2884" free="2051499800" total="2092630016" percent="98">
    <mem type="nursery" free="0" total="9437184" percent="0">
      <mem type="allocate" free="0" total="7602176" percent="0" />
      <mem type="survivor" free="0" total="1835008" percent="0" />
    </mem>
    <mem type="tenure" free="2051499800" total="2083192832" percent="98">
      <mem type="soa" free="2051499800" total="2083192832" percent="98" />
      <mem type="loa" free="0" total="0" percent="0" />
    </mem>
    <remembered-set count="403" />
  </mem-info>
</gc-start>
<allocation-stats totalBytes="6485336" >
  <allocated-bytes non-tlh="4168" tlh="6481168" />
  <largest-consumer threadName="PmdThread 3" threadId="0000000001783400" bytes="1715864" />
</allocation-stats>
<gc-op id="2885" type="scavenge" timems="2.841" contextid="2882" timestamp="2019-06-17T06:59:30.034">
  <scavenger-info tenureage="5" tenuremask="7fe0" tiltratio="80" />
  <memory-copied type="nursery" objects="17346" bytes="1065472" bytesdiscarded="93584" />
  <memory-copied type="tenure" objects="232" bytes="13944" bytesdiscarded="0" />
  <finalization candidates="1" enqueued="0" />
  <references type="soft" candidates="1" cleared="0" enqueued="0" dynamicThreshold="31" maxThreshold="32" />
  <references type="weak" candidates="117" cleared="116" enqueued="115" />
  <references type="phantom" candidates="15" cleared="15" enqueued="15" />
</gc-op>
<gc-end id="2886" type="scavenge" contextid="2882" durationms="3.084" usertimems="8.000" systemtimems="4.000" timestamp="2019-06-17T06:59:30.034" activeThreads="4">
  <mem-info id="2887" free="2058072528" total="2092630016" percent="98">
    <mem type="nursery" free="6572728" total="9437184" percent="69">
      <mem type="allocate" free="6572728" total="7733248" percent="84" />
      <mem type="survivor" free="0" total="1703936" percent="0" />
    </mem>
    <mem type="tenure" free="2051499800" total="2083192832" percent="98">
      <mem type="soa" free="2051499800" total="2083192832" percent="98" />
      <mem type="loa" free="0" total="0" percent="0" />
    </mem>
    <pending-finalizers system="0" default="0" reference="130" classloader="0" />
    <remembered-set count="315" />
  </mem-info>
</gc-end>
<cycle-end id="2888" type="scavenge" contextid="2882" timestamp="2019-06-17T06:59:30.034" />
  <attribute name="elasticGC enabled" value="1" />
  <attribute name= "numThreadsSpecified" value="4" />
  <attribute name="heapSize specified" value="14680064" />
  <attribute name="Current GC Util" value="19" />
  <attribute name= "Current Time Running" value="5181" />
  <attribute name ="GC Interval" value="200" />
  <attribute name="ProportionalT" value="-1.000000" />
  <attribute name="ProportionalI" value="-1.000000" />
  <attribute name="ProportionalH" value="-1.000000" />
  <attribute name="Current Error" value="-1.000000" />
  <attribute name="IntegralT" value="-26.000000" />
  <attribute name="IntegralI" value="-26.000000" />
  <attribute name="IntegralH" value="-26.000000" />
  <attribute name="DerivativeT" value="-0.461538" />
  <attribute name="DerivativeI" value="-0.461538" />
  <attribute name="DerivativeH" value="-0.461538" />
  <attribute name="Loop Time for DT" value="26.000000" />
  <attribute name="Output H" value="2092630016"/>
  <attribute name="Output I" value="200"/>
  <attribute name="Output T" value="4"/>
  <attribute name="Target GC Util Change" value ="20.000000" />
  <attribute name="Current GC Util Change" value="19.000000"/>
  <attribute name="GC Util currently" value="19" />
  <attribute name="CPU Util currently" value="181853592398" />
<allocation-satisfied id="2889" threadId="0000000001777C00" bytesRequested="24" />
<af-end id="2890" timestamp="2019-06-17T06:59:30.034" threadId="0000000001778588" success="true" from="nursery"/>
<exclusive-end id="2891" timestamp="2019-06-17T06:59:30.034" durationms="3.619" />

<exclusive-start id="2892" timestamp="2019-06-17T06:59:30.051" intervalms="20.292">
  <response-info timems="0.062" idlems="0.024" threads="2" lastid="0000000001777C00" lastname="PmdThread 1" />
</exclusive-start>
<af-start id="2893" threadId="0000000001787988" totalBytesRequested="8200" timestamp="2019-06-17T06:59:30.051" intervalms="20.293" type="nursery" />
<cycle-start id="2894" type="scavenge" contextid="0" timestamp="2019-06-17T06:59:30.051" intervalms="20.293" />
<gc-start id="2895" type="scavenge" contextid="2894" timestamp="2019-06-17T06:59:30.051">
  <mem-info id="2896" free="2051498968" total="2092630016" percent="98">
    <mem type="nursery" free="0" total="9437184" percent="0">
      <mem type="allocate" free="0" total="7733248" percent="0" />
      <mem type="survivor" free="0" total="1703936" percent="0" />
    </mem>
    <mem type="tenure" free="2051498968" total="2083192832" percent="98">
      <mem type="soa" free="2051498968" total="2083192832" percent="98" />
      <mem type="loa" free="0" total="0" percent="0" />
    </mem>
    <remembered-set count="359" />
  </mem-info>
</gc-start>
<allocation-stats totalBytes="6566728" >
  <allocated-bytes non-tlh="856" tlh="6565872" />
  <largest-consumer threadName="PmdThread 3" threadId="0000000001783400" bytes="2296888" />
</allocation-stats>
<gc-op id="2897" type="scavenge" timems="3.634" contextid="2894" timestamp="2019-06-17T06:59:30.055">
  <scavenger-info tenureage="5" tenuremask="7fe0" tiltratio="81" />
  <memory-copied type="nursery" objects="29357" bytes="1611968" bytesdiscarded="87888" />
  <memory-copied type="tenure" objects="8602" bytes="395792" bytesdiscarded="64" />
  <copy-failed type="nursery" objects="8578" bytes="396256" />
  <references type="soft" candidates="1" cleared="0" enqueued="0" dynamicThreshold="31" maxThreshold="32" />
  <references type="weak" candidates="68" cleared="67" enqueued="67" />
  <references type="phantom" candidates="5" cleared="4" enqueued="4" />
</gc-op>
<gc-end id="2898" type="scavenge" contextid="2894" durationms="3.845" usertimems="4.000" systemtimems="4.000" timestamp="2019-06-17T06:59:30.055" activeThreads="4">
  <mem-info id="2899" free="2055568824" total="2092630016" percent="98">
    <mem type="nursery" free="4521984" total="9437184" percent="47">
      <mem type="allocate" free="4521984" total="6225920" percent="72" />
      <mem type="survivor" free="0" total="3211264" percent="0" />
    </mem>
    <mem type="tenure" free="2051046840" total="2083192832" percent="98">
      <mem type="soa" free="2051046840" total="2083192832" percent="98" />
      <mem type="loa" free="0" total="0" percent="0" />
    </mem>
    <pending-finalizers system="0" default="0" reference="71" classloader="0" />
    <remembered-set count="3321" />
  </mem-info>
</gc-end>
<cycle-end id="2900" type="scavenge" contextid="2894" timestamp="2019-06-17T06:59:30.055" />
  <attribute name="elasticGC enabled" value="1" />
  <attribute name= "numThreadsSpecified" value="4" />
  <attribute name="heapSize specified" value="14680064" />
  <attribute name="Current GC Util" value="29" />
  <attribute name= "Current Time Running" value="5201" />
  <attribute name ="GC Interval" value="200" />
  <attribute name="ProportionalT" value="9.000000" />
  <attribute name="ProportionalI" value="9.000000" />
  <attribute name="ProportionalH" value="9.000000" />
  <attribute name="Current Error" value="9.000000" />
  <attribute name="IntegralT" value="180.000000" />
  <attribute name="IntegralI" value="180.000000" />
  <attribute name="IntegralH" value="180.000000" />
  <attribute name="DerivativeT" value="0.450000" />
  <attribute name="DerivativeI" value="0.450000" />
  <attribute name="DerivativeH" value="0.450000" />
  <attribute name="Loop Time for DT" value="20.000000" />
  <attribute name="Output H" value="8388608"/>
  <attribute name="Output I" value="200"/>
  <attribute name="Output T" value="4"/>
  <attribute name="Target GC Util Change" value ="20.000000" />
  <attribute name="Current GC Util Change" value="29.000000"/>
  <attribute name="GC Util currently" value="29" />
  <attribute name="CPU Util currently" value="227294775762" />
<allocation-satisfied id="2901" threadId="0000000001787000" bytesRequested="8200" />
<af-end id="2902" timestamp="2019-06-17T06:59:30.056" threadId="0000000001787988" success="true" from="nursery"/>
<exclusive-end id="2903" timestamp="2019-06-17T06:59:30.056" durationms="4.525" />

<exclusive-start id="2904" timestamp="2019-06-17T06:59:30.067" intervalms="15.357">
  <response-info timems="0.056" idlems="0.030" threads="1" lastid="0000000001783400" lastname="PmdThread 3" />
</exclusive-start>
<af-start id="2905" threadId="0000000001778588" totalBytesRequested="800" timestamp="2019-06-17T06:59:30.067" intervalms="15.354" type="nursery" />
<cycle-start id="2906" type="scavenge" contextid="0" timestamp="2019-06-17T06:59:30.067" intervalms="15.356" />
<gc-start id="2907" type="scavenge" contextid="2906" timestamp="2019-06-17T06:59:30.067">
  <mem-info id="2908" free="2051046400" total="2092630016" percent="98">
    <mem type="nursery" free="0" total="9437184" percent="0">
      <mem type="allocate" free="0" total="6225920" percent="0" />
      <mem type="survivor" free="0" total="3211264" percent="0" />
    </mem>
    <mem type="tenure" free="2051046400" total="2083192832" percent="98">
      <mem type="soa" free="2051046400" total="2083192832" percent="98" />
      <mem type="loa" free="0" total="0" percent="0" />
    </mem>
    <remembered-set count="3352" />
  </mem-info>
</gc-start>
<allocation-stats totalBytes="4520944" >
  <allocated-bytes non-tlh="8640" tlh="4512304" />
  <largest-consumer threadName="PmdThread 2" threadId="000000000177B800" bytes="1847104" />
</allocation-stats>
<gc-op id="2909" type="scavenge" timems="3.311" contextid="2906" timestamp="2019-06-17T06:59:30.070">
  <scavenger-info tenureage="5" tenuremask="7fe0" tiltratio="65" />
  <memory-copied type="nursery" objects="37544" bytes="1980264" bytesdiscarded="97936" />
  <memory-copied type="tenure" objects="433" bytes="14144" bytesdiscarded="0" />
  <references type="soft" candidates="1" cleared="0" enqueued="0" dynamicThreshold="31" maxThreshold="32" />
  <references type="weak" candidates="13" cleared="10" enqueued="10" />
  <references type="phantom" candidates="4" cleared="2" enqueued="2" />
</gc-op>
<gc-end id="2910" type="scavenge" contextid="2906" durationms="3.557" usertimems="4.000" systemtimems="0.000" timestamp="2019-06-17T06:59:30.070" activeThreads="4">
  <mem-info id="2911" free="2055386016" total="2092630016" percent="98">
    <mem type="nursery" free="4339616" total="9437184" percent="45">
      <mem type="allocate" free="4339616" total="6422528" percent="67" />
      <mem type="survivor" free="0" total="3014656" percent="0" />
    </mem>
    <mem type="tenure" free="2051046400" total="2083192832" percent="98">
      <mem type="soa" free="2051046400" total="2083192832" percent="98" />
      <mem type="loa" free="0" total="0" percent="0" />
    </mem>
    <pending-finalizers system="0" default="0" reference="12" classloader="0" />
    <remembered-set count="3275" />
  </mem-info>
</gc-end>
<cycle-end id="2912" type="scavenge" contextid="2906" timestamp="2019-06-17T06:59:30.070" />
  <attribute name="elasticGC enabled" value="1" />
  <attribute name= "numThreadsSpecified" value="4" />
  <attribute name="heapSize specified" value="14680064" />
  <attribute name="Current GC Util" value="48" />
  <attribute name= "Current Time Running" value="5216" />
  <attribute name ="GC Interval" value="456" />
  <attribute name="ProportionalT" value="28.000000" />
  <attribute name="ProportionalI" value="28.000000" />
  <attribute name="ProportionalH" value="28.000000" />
  <attribute name="Current Error" value="28.000000" />
  <attribute name="IntegralT" value="420.000000" />
  <attribute name="IntegralI" value="420.000000" />
  <attribute name="IntegralH" value="420.000000" />
  <attribute name="DerivativeT" value="1.266667" />
  <attribute name="DerivativeI" value="1.266667" />
  <attribute name="DerivativeH" value="1.266667" />
  <attribute name="Loop Time for DT" value="15.000000" />
  <attribute name="Output H" value="8388608"/>
  <attribute name="Output I" value="456"/>
  <attribute name="Output T" value="4"/>
  <attribute name="Target GC Util Change" value ="20.000000" />
  <attribute name="Current GC Util Change" value="48.000000"/>
  <attribute name="GC Util currently" value="48" />
  <attribute name="CPU Util currently" value="300202428257" />
<allocation-satisfied id="2913" threadId="0000000001777C00" bytesRequested="800" />
<af-end id="2914" timestamp="2019-06-17T06:59:30.071" threadId="0000000001778588" success="true" from="nursery"/>
<exclusive-end id="2915" timestamp="2019-06-17T06:59:30.071" durationms="4.151" />

<exclusive-start id="2916" timestamp="2019-06-17T06:59:30.084" intervalms="17.840">
  <response-info timems="0.211" idlems="0.114" threads="1" lastid="0000000001783400" lastname="PmdThread 3" />
</exclusive-start>
<af-start id="2917" threadId="000000000177C188" totalBytesRequested="40" timestamp="2019-06-17T06:59:30.084" intervalms="17.834" type="nursery" />
<cycle-start id="2918" type="scavenge" contextid="0" timestamp="2019-06-17T06:59:30.085" intervalms="17.817" />
<gc-start id="2919" type="scavenge" contextid="2918" timestamp="2019-06-17T06:59:30.085">
  <mem-info id="2920" free="2051044568" total="2092630016" percent="98">
    <mem type="nursery" free="0" total="9437184" percent="0">
      <mem type="allocate" free="0" total="6422528" percent="0" />
      <mem type="survivor" free="0" total="3014656" percent="0" />
    </mem>
    <mem type="tenure" free="2051044568" total="2083192832" percent="98">
      <mem type="soa" free="2051044568" total="2083192832" percent="98" />
      <mem type="loa" free="0" total="0" percent="0" />
    </mem>
    <remembered-set count="3336" />
  </mem-info>
</gc-start>
<allocation-stats totalBytes="4335280" >
  <allocated-bytes non-tlh="2632" tlh="4332648" />
  <largest-consumer threadName="PmdThread 2" threadId="000000000177B800" bytes="1756576" />
</allocation-stats>
<gc-op id="2921" type="scavenge" timems="3.820" contextid="2918" timestamp="2019-06-17T06:59:30.088">
  <scavenger-info tenureage="4" tenuremask="7ff0" tiltratio="68" />
  <memory-copied type="nursery" objects="21555" bytes="1448104" bytesdiscarded="96984" />
  <memory-copied type="tenure" objects="1447" bytes="102544" bytesdiscarded="8" />
  <references type="soft" candidates="1" cleared="0" enqueued="0" dynamicThreshold="31" maxThreshold="32" />
  <references type="weak" candidates="56" cleared="55" enqueued="54" />
  <references type="phantom" candidates="18" cleared="17" enqueued="17" />
</gc-op>
<gc-end id="2922" type="scavenge" contextid="2918" durationms="4.008" usertimems="0.000" systemtimems="4.000" timestamp="2019-06-17T06:59:30.089" activeThreads="4">
  <mem-info id="2923" free="2055934888" total="2092630016" percent="98">
    <mem type="nursery" free="5070832" total="9437184" percent="53">
      <mem type="allocate" free="5070832" total="6619136" percent="76" />
      <mem type="survivor" free="0" total="2818048" percent="0" />
    </mem>
    <mem type="tenure" free="2050864056" total="2083192832" percent="98">
      <mem type="soa" free="2050864056" total="2083192832" percent="98" />
      <mem type="loa" free="0" total="0" percent="0" />
    </mem>
    <pending-finalizers system="0" default="0" reference="71" classloader="0" />
    <remembered-set count="2025" />
  </mem-info>
</gc-end>
<cycle-end id="2924" type="scavenge" contextid="2918" timestamp="2019-06-17T06:59:30.089" />
  <attribute name="elasticGC enabled" value="1" />
  <attribute name= "numThreadsSpecified" value="4" />
  <attribute name="heapSize specified" value="14680064" />
  <attribute name="Current GC Util" value="41" />
  <attribute name= "Current Time Running" value="5234" />
  <attribute name ="GC Interval" value="400" />
  <attribute name="ProportionalT" value="21.000000" />
  <attribute name="ProportionalI" value="21.000000" />
  <attribute name="ProportionalH" value="21.000000" />
  <attribute name="Current Error" value="21.000000" />
  <attribute name="IntegralT" value="378.000000" />
  <attribute name="IntegralI" value="378.000000" />
  <attribute name="IntegralH" value="378.000000" />
  <attribute name="DerivativeT" value="-0.388889" />
  <attribute name="DerivativeI" value="-0.388889" />
  <attribute name="DerivativeH" value="-0.388889" />
  <attribute name="Loop Time for DT" value="18.000000" />
  <attribute name="Output H" value="8388608"/>
  <attribute name="Output I" value="400"/>
  <attribute name="Output T" value="4"/>
  <attribute name="Target GC Util Change" value ="20.000000" />
  <attribute name="Current GC Util Change" value="41.000000"/>
  <attribute name="GC Util currently" value="41" />
  <attribute name="CPU Util currently" value="259475202562" />
<allocation-satisfied id="2925" threadId="000000000177B800" bytesRequested="40" />
<af-end id="2926" timestamp="2019-06-17T06:59:30.089" threadId="000000000177C188" success="true" from="nursery"/>
<exclusive-end id="2927" timestamp="2019-06-17T06:59:30.089" durationms="4.400" />

<exclusive-start id="2928" timestamp="2019-06-17T06:59:30.106" intervalms="21.515">
  <response-info timems="0.095" idlems="0.094" threads="1" lastid="000000000177B800" lastname="PmdThread 2" />
</exclusive-start>
<af-start id="2929" threadId="0000000001778588" totalBytesRequested="16" timestamp="2019-06-17T06:59:30.106" intervalms="21.526" type="nursery" />
<cycle-start id="2930" type="scavenge" contextid="0" timestamp="2019-06-17T06:59:30.106" intervalms="21.543" />
<gc-start id="2931" type="scavenge" contextid="2930" timestamp="2019-06-17T06:59:30.106">
  <mem-info id="2932" free="2050862568" total="2092630016" percent="98">
    <mem type="nursery" free="0" total="9437184" percent="0">
      <mem type="allocate" free="0" total="6619136" percent="0" />
      <mem type="survivor" free="0" total="2818048" percent="0" />
    </mem>
    <mem type="tenure" free="2050862568" total="2083192832" percent="98">
      <mem type="soa" free="2050862568" total="2083192832" percent="98" />
      <mem type="loa" free="0" total="0" percent="0" />
    </mem>
    <remembered-set count="2079" />
  </mem-info>
</gc-start>
<allocation-stats totalBytes="5070336" >
  <allocated-bytes non-tlh="1528" tlh="5068808" />
  <largest-consumer threadName="PmdThread 3" threadId="0000000001783400" bytes="2117224" />
</allocation-stats>
<gc-op id="2933" type="scavenge" timems="3.475" contextid="2930" timestamp="2019-06-17T06:59:30.110">
  <scavenger-info tenureage="4" tenuremask="7ff0" tiltratio="70" />
  <memory-copied type="nursery" objects="19795" bytes="1227064" bytesdiscarded="97120" />
  <memory-copied type="tenure" objects="5738" bytes="343992" bytesdiscarded="72" />
  <references type="weak" candidates="38" cleared="37" enqueued="37" />
  <references type="phantom" candidates="9" cleared="7" enqueued="7" />
</gc-op>
<gc-end id="2934" type="scavenge" contextid="2930" durationms="3.729" usertimems="8.000" systemtimems="0.000" timestamp="2019-06-17T06:59:30.110" activeThreads="4">
  <mem-info id="2935" free="2056140536" total="2092630016" percent="98">
    <mem type="nursery" free="5485640" total="9437184" percent="58">
      <mem type="allocate" free="5485640" total="6815744" percent="80" />
      <mem type="survivor" free="0" total="2621440" percent="0" />
    </mem>
    <mem type="tenure" free="2050654896" total="2083192832" percent="98">
      <mem type="soa" free="2050654896" total="2083192832" percent="98" />
      <mem type="loa" free="0" total="0" percent="0" />
    </mem>
    <pending-finalizers system="0" default="0" reference="44" classloader="0" />
    <remembered-set count="1208" />
  </mem-info>
</gc-end>
<cycle-end id="2936" type="scavenge" contextid="2930" timestamp="2019-06-17T06:59:30.110" />
  <attribute name="elasticGC enabled" value="1" />
  <attribute name= "numThreadsSpecified" value="4" />
  <attribute name="heapSize specified" value="14680064" />
  <attribute name="Current GC Util" value="34" />
  <attribute name= "Current Time Running" value="5256" />
  <attribute name ="GC Interval" value="328" />
  <attribute name="ProportionalT" value="14.000000" />
  <attribute name="ProportionalI" value="14.000000" />
  <attribute name="ProportionalH" value="14.000000" />
  <attribute name="Current Error" value="14.000000" />
  <attribute name="IntegralT" value="308.000000" />
  <attribute name="IntegralI" value="308.000000" />
  <attribute name="IntegralH" value="308.000000" />
  <attribute name="DerivativeT" value="-0.318182" />
  <attribute name="DerivativeI" value="-0.318182" />
  <attribute name="DerivativeH" value="-0.318182" />
  <attribute name="Loop Time for DT" value="22.000000" />
  <attribute name="Output H" value="8388608"/>
  <attribute name="Output I" value="328"/>
  <attribute name="Output T" value="4"/>
  <attribute name="Target GC Util Change" value ="20.000000" />
  <attribute name="Current GC Util Change" value="34.000000"/>
  <attribute name="GC Util currently" value="34" />
  <attribute name="CPU Util currently" value="213634970767" />
<allocation-satisfied id="2937" threadId="0000000001777C00" bytesRequested="16" />
<af-end id="2938" timestamp="2019-06-17T06:59:30.110" threadId="0000000001778588" success="true" from="nursery"/>
<exclusive-end id="2939" timestamp="2019-06-17T06:59:30.110" durationms="4.544" />

<exclusive-start id="2940" timestamp="2019-06-17T06:59:30.123" intervalms="17.255">
  <response-info timems="0.086" idlems="0.086" threads="0" lastid="0000000001783400" lastname="PmdThread 3" />
</exclusive-start>
<af-start id="2941" threadId="0000000001783D88" totalBytesRequested="56" timestamp="2019-06-17T06:59:30.123" intervalms="17.243" type="nursery" />
<cycle-start id="2942" type="scavenge" contextid="0" timestamp="2019-06-17T06:59:30.123" intervalms="17.240" />
<gc-start id="2943" type="scavenge" contextid="2942" timestamp="2019-06-17T06:59:30.123">
  <mem-info id="2944" free="2050653648" total="2092630016" percent="97">
    <mem type="nursery" free="0" total="9437184" percent="0">
      <mem type="allocate" free="0" total="6815744" percent="0" />
      <mem type="survivor" free="0" total="2621440" percent="0" />
    </mem>
    <mem type="tenure" free="2050653648" total="2083192832" percent="98">
      <mem type="soa" free="2050653648" total="2083192832" percent="98" />
      <mem type="loa" free="0" total="0" percent="0" />
    </mem>
    <remembered-set count="1276" />
  </mem-info>
</gc-start>
<allocation-stats totalBytes="5484232" >
  <allocated-bytes non-tlh="1264" tlh="5482968" />
  <largest-consumer threadName="PmdThread 3" threadId="0000000001783400" bytes="1958560" />
</allocation-stats>
<gc-op id="2945" type="scavenge" timems="2.355" contextid="2942" timestamp="2019-06-17T06:59:30.126">
  <scavenger-info tenureage="4" tenuremask="7ff0" tiltratio="72" />
  <memory-copied type="nursery" objects="17569" bytes="1066808" bytesdiscarded="113992" />
  <memory-copied type="tenure" objects="385" bytes="32632" bytesdiscarded="0" />
  <references type="weak" candidates="49" cleared="47" enqueued="45" />
  <references type="phantom" candidates="11" cleared="9" enqueued="9" />
</gc-op>
<gc-end id="2946" type="scavenge" contextid="2942" durationms="2.769" usertimems="4.000" systemtimems="4.000" timestamp="2019-06-17T06:59:30.126" activeThreads="4">
  <mem-info id="2947" free="2056547944" total="2092630016" percent="98">
    <mem type="nursery" free="5894296" total="9437184" percent="62">
      <mem type="allocate" free="5894296" total="7077888" percent="83" />
      <mem type="survivor" free="0" total="2359296" percent="0" />
    </mem>
    <mem type="tenure" free="2050653648" total="2083192832" percent="98">
      <mem type="soa" free="2050653648" total="2083192832" percent="98" />
      <mem type="loa" free="0" total="0" percent="0" />
    </mem>
    <pending-finalizers system="0" default="0" reference="54" classloader="0" />
    <remembered-set count="269" />
  </mem-info>
</gc-end>
<cycle-end id="2948" type="scavenge" contextid="2942" timestamp="2019-06-17T06:59:30.126" />
  <attribute name="elasticGC enabled" value="1" />
  <attribute name= "numThreadsSpecified" value="4" />
  <attribute name="heapSize specified" value="14680064" />
  <attribute name="Current GC Util" value="39" />
  <attribute name= "Current Time Running" value="5273" />
  <attribute name ="GC Interval" value="344" />
  <attribute name="ProportionalT" value="19.000000" />
  <attribute name="ProportionalI" value="19.000000" />
  <attribute name="ProportionalH" value="19.000000" />
  <attribute name="Current Error" value="19.000000" />
  <attribute name="IntegralT" value="323.000000" />
  <attribute name="IntegralI" value="323.000000" />
  <attribute name="IntegralH" value="323.000000" />
  <attribute name="DerivativeT" value="0.294118" />
  <attribute name="DerivativeI" value="0.294118" />
  <attribute name="DerivativeH" value="0.294118" />
  <attribute name="Loop Time for DT" value="17.000000" />
  <attribute name="Output H" value="8388608"/>
  <attribute name="Output I" value="344"/>
  <attribute name="Output T" value="4"/>
  <attribute name="Target GC Util Change" value ="20.000000" />
  <attribute name="Current GC Util Change" value="39.000000"/>
  <attribute name="GC Util currently" value="39" />
  <attribute name="CPU Util currently" value="267320451523" />
<allocation-satisfied id="2949" threadId="0000000001783400" bytesRequested="56" />
<af-end id="2950" timestamp="2019-06-17T06:59:30.126" threadId="0000000001783D88" success="true" from="nursery"/>
<exclusive-end id="2951" timestamp="2019-06-17T06:59:30.126" durationms="3.295" />

<exclusive-start id="2952" timestamp="2019-06-17T06:59:30.134" intervalms="10.981">
  <response-info timems="0.038" idlems="0.038" threads="0" lastid="0000000001777C00" lastname="PmdThread 1" />
</exclusive-start>
<af-start id="2953" threadId="0000000001778588" totalBytesRequested="16392" timestamp="2019-06-17T06:59:30.134" intervalms="10.987" type="nursery" />
<cycle-start id="2954" type="scavenge" contextid="0" timestamp="2019-06-17T06:59:30.134" intervalms="10.986" />
<gc-start id="2955" type="scavenge" contextid="2954" timestamp="2019-06-17T06:59:30.134">
  <mem-info id="2956" free="2050653432" total="2092630016" percent="97">
    <mem type="nursery" free="0" total="9437184" percent="0">
      <mem type="allocate" free="0" total="7077888" percent="0" />
      <mem type="survivor" free="0" total="2359296" percent="0" />
    </mem>
    <mem type="tenure" free="2050653432" total="2083192832" percent="98">
      <mem type="soa" free="2050653432" total="2083192832" percent="98" />
      <mem type="loa" free="0" total="0" percent="0" />
    </mem>
    <remembered-set count="298" />
  </mem-info>
</gc-start>
<allocation-stats totalBytes="5881104" >
  <allocated-bytes non-tlh="272" tlh="5880832" />
  <largest-consumer threadName="PmdThread 3" threadId="0000000001783400" bytes="2194496" />
</allocation-stats>
<gc-op id="2957" type="scavenge" timems="2.117" contextid="2954" timestamp="2019-06-17T06:59:30.137">
  <scavenger-info tenureage="4" tenuremask="7ff0" tiltratio="75" />
  <memory-copied type="nursery" objects="20072" bytes="1200880" bytesdiscarded="145064" />
  <memory-copied type="tenure" objects="100" bytes="3392" bytesdiscarded="0" />
  <references type="weak" candidates="63" cleared="62" enqueued="61" />
  <references type="phantom" candidates="7" cleared="5" enqueued="5" />
</gc-op>
<gc-end id="2958" type="scavenge" contextid="2954" durationms="2.330" usertimems="8.000" systemtimems="0.000" timestamp="2019-06-17T06:59:30.137" activeThreads="4">
  <mem-info id="2959" free="2056574072" total="2092630016" percent="98">
    <mem type="nursery" free="5920640" total="9437184" percent="62">
      <mem type="allocate" free="5920640" total="7274496" percent="81" />
      <mem type="survivor" free="0" total="2162688" percent="0" />
    </mem>
    <mem type="tenure" free="2050653432" total="2083192832" percent="98">
      <mem type="soa" free="2050653432" total="2083192832" percent="98" />
      <mem type="loa" free="0" total="0" percent="0" />
    </mem>
    <pending-finalizers system="0" default="0" reference="66" classloader="0" />
    <remembered-set count="249" />
  </mem-info>
</gc-end>
<cycle-end id="2960" type="scavenge" contextid="2954" timestamp="2019-06-17T06:59:30.137" />
  <attribute name="elasticGC enabled" value="1" />
  <attribute name= "numThreadsSpecified" value="4" />
  <attribute name="heapSize specified" value="14680064" />
  <attribute name="Current GC Util" value="42" />
  <attribute name= "Current Time Running" value="5284" />
  <attribute name ="GC Interval" value="264" />
  <attribute name="ProportionalT" value="22.000000" />
  <attribute name="ProportionalI" value="22.000000" />
  <attribute name="ProportionalH" value="22.000000" />
  <attribute name="Current Error" value="22.000000" />
  <attribute name="IntegralT" value="242.000000" />
  <attribute name="IntegralI" value="242.000000" />
  <attribute name="IntegralH" value="242.000000" />
  <attribute name="DerivativeT" value="0.272727" />
  <attribute name="DerivativeI" value="0.272727" />
  <attribute name="DerivativeH" value="0.272727" />
  <attribute name="Loop Time for DT" value="11.000000" />
  <attribute name="Output H" value="8388608"/>
  <attribute name="Output I" value="264"/>
  <attribute name="Output T" value="4"/>
  <attribute name="Target GC Util Change" value ="20.000000" />
  <attribute name="Current GC Util Change" value="42.000000"/>
  <attribute name="GC Util currently" value="42" />
  <attribute name="CPU Util currently" value="419996088110" />
<allocation-satisfied id="2961" threadId="0000000001777C00" bytesRequested="16392" />
<af-end id="2962" timestamp="2019-06-17T06:59:30.137" threadId="0000000001778588" success="true" from="nursery"/>
<exclusive-end id="2963" timestamp="2019-06-17T06:59:30.137" durationms="2.826" />

<exclusive-start id="2964" timestamp="2019-06-17T06:59:30.151" intervalms="17.168">
  <response-info timems="0.056" idlems="0.030" threads="1" lastid="0000000001787000" lastname="PmdThread 4" />
</exclusive-start>
<af-start id="2965" threadId="0000000001778588" totalBytesRequested="80" timestamp="2019-06-17T06:59:30.151" intervalms="17.165" type="nursery" />
<cycle-start id="2966" type="scavenge" contextid="0" timestamp="2019-06-17T06:59:30.151" intervalms="17.171" />
<gc-start id="2967" type="scavenge" contextid="2966" timestamp="2019-06-17T06:59:30.152">
  <mem-info id="2968" free="2050652328" total="2092630016" percent="97">
    <mem type="nursery" free="0" total="9437184" percent="0">
      <mem type="allocate" free="0" total="7274496" percent="0" />
      <mem type="survivor" free="0" total="2162688" percent="0" />
    </mem>
    <mem type="tenure" free="2050652328" total="2083192832" percent="98">
      <mem type="soa" free="2050652328" total="2083192832" percent="98" />
      <mem type="loa" free="0" total="0" percent="0" />
    </mem>
    <remembered-set count="309" />
  </mem-info>
</gc-start>
<allocation-stats totalBytes="5919912" >
  <allocated-bytes non-tlh="17496" tlh="5902416" />
  <largest-consumer threadName="PmdThread 3" threadId="0000000001783400" bytes="2123608" />
</allocation-stats>
<gc-op id="2969" type="scavenge" timems="2.391" contextid="2966" timestamp="2019-06-17T06:59:30.154">
  <scavenger-info tenureage="4" tenuremask="7ff0" tiltratio="77" />
  <memory-copied type="nursery" objects="13343" bytes="937280" bytesdiscarded="92720" />
  <memory-copied type="tenure" objects="173" bytes="6528" bytesdiscarded="0" />
  <references type="weak" candidates="65" cleared="63" enqueued="63" />
  <references type="phantom" candidates="11" cleared="8" enqueued="8" />
</gc-op>
<gc-end id="2970" type="scavenge" contextid="2966" durationms="2.614" usertimems="8.000" systemtimems="0.000" timestamp="2019-06-17T06:59:30.154" activeThreads="4">
  <mem-info id="2971" free="2057023312" total="2092630016" percent="98">
    <mem type="nursery" free="6370984" total="9437184" percent="67">
      <mem type="allocate" free="6370984" total="7405568" percent="86" />
      <mem type="survivor" free="0" total="2031616" percent="0" />
    </mem>
    <mem type="tenure" free="2050652328" total="2083192832" percent="98">
      <mem type="soa" free="2050652328" total="2083192832" percent="98" />
      <mem type="loa" free="0" total="0" percent="0" />
    </mem>
    <pending-finalizers system="0" default="0" reference="71" classloader="0" />
    <remembered-set count="246" />
  </mem-info>
</gc-end>
<cycle-end id="2972" type="scavenge" contextid="2966" timestamp="2019-06-17T06:59:30.154" />
  <attribute name="elasticGC enabled" value="1" />
  <attribute name= "numThreadsSpecified" value="4" />
  <attribute name="heapSize specified" value="14680064" />
  <attribute name="Current GC Util" value="32" />
  <attribute name= "Current Time Running" value="5301" />
  <attribute name ="GC Interval" value="216" />
  <attribute name="ProportionalT" value="12.000000" />
  <attribute name="ProportionalI" value="12.000000" />
  <attribute name="ProportionalH" value="12.000000" />
  <attribute name="Current Error" value="12.000000" />
  <attribute name="IntegralT" value="204.000000" />
  <attribute name="IntegralI" value="204.000000" />
  <attribute name="IntegralH" value="204.000000" />
  <attribute name="DerivativeT" value="-0.588235" />
  <attribute name="DerivativeI" value="-0.588235" />
  <attribute name="DerivativeH" value="-0.588235" />
  <attribute name="Loop Time for DT" value="17.000000" />
  <attribute name="Output H" value="8388608"/>
  <attribute name="Output I" value="216"/>
  <attribute name="Output T" value="4"/>
  <attribute name="Target GC Util Change" value ="20.000000" />
  <attribute name="Current GC Util Change" value="32.000000"/>
  <attribute name="GC Util currently" value="32" />
  <attribute name="CPU Util currently" value="268506069358" />
<allocation-satisfied id="2973" threadId="0000000001777C00" bytesRequested="80" />
<af-end id="2974" timestamp="2019-06-17T06:59:30.154" threadId="0000000001778588" success="true" from="nursery"/>
<exclusive-end id="2975" timestamp="2019-06-17T06:59:30.154" durationms="3.106" />

<exclusive-start id="2976" timestamp="2019-06-17T06:59:30.172" intervalms="20.585">
  <response-info timems="0.058" idlems="0.058" threads="0" lastid="0000000001777C00" lastname="PmdThread 1" />
</exclusive-start>
<af-start id="2977" threadId="0000000001778588" totalBytesRequested="16" timestamp="2019-06-17T06:59:30.172" intervalms="20.593" type="nursery" />
<cycle-start id="2978" type="scavenge" contextid="0" timestamp="2019-06-17T06:59:30.172" intervalms="20.589" />
<gc-start id="2979" type="scavenge" contextid="2978" timestamp="2019-06-17T06:59:30.172">
  <mem-info id="2980" free="2050649840" total="2092630016" percent="97">
    <mem type="nursery" free="0" total="9437184" percent="0">
      <mem type="allocate" free="0" total="7405568" percent="0" />
      <mem type="survivor" free="0" total="2031616" percent="0" />
    </mem>
    <mem type="tenure" free="2050649840" total="2083192832" percent="98">
      <mem type="soa" free="2050649840" total="2083192832" percent="98" />
      <mem type="loa" free="0" total="0" percent="0" />
    </mem>
    <remembered-set count="330" />
  </mem-info>
</gc-start>
<allocation-stats totalBytes="6363344" >
  <allocated-bytes non-tlh="2568" tlh="6360776" />
  <largest-consumer threadName="PmdThread 4" threadId="0000000001787000" bytes="2215664" />
</allocation-stats>
<gc-op id="2981" type="scavenge" timems="2.356" contextid="2978" timestamp="2019-06-17T06:59:30.175">
  <scavenger-info tenureage="4" tenuremask="7ff0" tiltratio="78" />
  <memory-copied type="nursery" objects="15734" bytes="1194664" bytesdiscarded="76960" />
  <memory-copied type="tenure" objects="176" bytes="5840" bytesdiscarded="0" />
  <references type="weak" candidates="95" cleared="94" enqueued="93" />
  <references type="phantom" candidates="14" cleared="12" enqueued="12" />
</gc-op>
<gc-end id="2982" type="scavenge" contextid="2978" durationms="2.580" usertimems="4.000" systemtimems="4.000" timestamp="2019-06-17T06:59:30.175" activeThreads="4">
  <mem-info id="2983" free="2056911776" total="2092630016" percent="98">
    <mem type="nursery" free="6261936" total="9437184" percent="66">
      <mem type="allocate" free="6261936" total="7536640" percent="83" />
      <mem type="survivor" free="0" total="1900544" percent="0" />
    </mem>
    <mem type="tenure" free="2050649840" total="2083192832" percent="98">
      <mem type="soa" free="2050649840" total="2083192832" percent="98" />
      <mem type="loa" free="0" total="0" percent="0" />
    </mem>
    <pending-finalizers system="0" default="0" reference="105" classloader="0" />
    <remembered-set count="286" />
  </mem-info>
</gc-end>
<cycle-end id="2984" type="scavenge" contextid="2978" timestamp="2019-06-17T06:59:30.175" />
  <attribute name="elasticGC enabled" value="1" />
  <attribute name= "numThreadsSpecified" value="4" />
  <attribute name="heapSize specified" value="14680064" />
  <attribute name="Current GC Util" value="25" />
  <attribute name= "Current Time Running" value="5322" />
  <attribute name ="GC Interval" value="200" />
  <attribute name="ProportionalT" value="5.000000" />
  <attribute name="ProportionalI" value="5.000000" />
  <attribute name="ProportionalH" value="5.000000" />
  <attribute name="Current Error" value="5.000000" />
  <attribute name="IntegralT" value="105.000000" />
  <attribute name="IntegralI" value="105.000000" />
  <attribute name="IntegralH" value="105.000000" />
  <attribute name="DerivativeT" value="-0.333333" />
  <attribute name="DerivativeI" value="-0.333333" />
  <attribute name="DerivativeH" value="-0.333333" />
  <attribute name="Loop Time for DT" value="21.000000" />
  <attribute name="Output H" value="8388608"/>
  <attribute name="Output I" value="200"/>
  <attribute name="Output T" value="4"/>
  <attribute name="Target GC Util Change" value ="20.000000" />
  <attribute name="Current GC Util Change" value="25.000000"/>
  <attribute name="GC Util currently" value="25" />
  <attribute name="CPU Util currently" value="223968787687" />
<allocation-satisfied id="2985" threadId="0000000001777C00" bytesRequested="16" />
<af-end id="2986" timestamp="2019-06-17T06:59:30.175" threadId="0000000001778588" success="true" from="nursery"/>
<exclusive-end id="2987" timestamp="2019-06-17T06:59:30.175" durationms="3.066" />

<exclusive-start id="2988" timestamp="2019-06-17T06:59:30.196" intervalms="24.136">
  <response-info timems="0.095" idlems="0.095" threads="0" lastid="0000000001787000" lastname="PmdThread 4" />
</exclusive-start>
<af-start id="2989" threadId="0000000001787988" totalBytesRequested="40" timestamp="2019-06-17T06:59:30.196" intervalms="24.136" type="nursery" />
<cycle-start id="2990" type="scavenge" contextid="0" timestamp="2019-06-17T06:59:30.196" intervalms="24.137" />
<gc-start id="2991" type="scavenge" contextid="2990" timestamp="2019-06-17T06:59:30.196">
  <mem-info id="2992" free="2050648320" total="2092630016" percent="97">
    <mem type="nursery" free="0" total="9437184" percent="0">
      <mem type="allocate" free="0" total="7536640" percent="0" />
      <mem type="survivor" free="0" total="1900544" percent="0" />
    </mem>
    <mem type="tenure" free="2050648320" total="2083192832" percent="98">
      <mem type="soa" free="2050648320" total="2083192832" percent="98" />
      <mem type="loa" free="0" total="0" percent="0" />
    </mem>
    <remembered-set count="353" />
  </mem-info>
</gc-start>
<allocation-stats totalBytes="6260496" >
  <allocated-bytes non-tlh="1536" tlh="6258960" />
  <largest-consumer threadName="PmdThread 1" threadId="0000000001777C00" bytes="2239352" />
</allocation-stats>
<gc-op id="2993" type="scavenge" timems="3.553" contextid="2990" timestamp="2019-06-17T06:59:30.200">
  <scavenger-info tenureage="4" tenuremask="7ff0" tiltratio="79" />
  <memory-copied type="nursery" objects="24340" bytes="1422816" bytesdiscarded="195712" />
  <memory-copied type="tenure" objects="255" bytes="8648" bytesdiscarded="0" />
  <references type="weak" candidates="81" cleared="81" enqueued="80" />
  <references type="phantom" candidates="10" cleared="10" enqueued="10" />
</gc-op>
<gc-end id="2994" type="scavenge" contextid="2990" durationms="3.856" usertimems="4.000" systemtimems="4.000" timestamp="2019-06-17T06:59:30.200" activeThreads="4">
  <mem-info id="2995" free="2056628512" total="2092630016" percent="98">
    <mem type="nursery" free="5980192" total="9437184" percent="63">
      <mem type="allocate" free="5980192" total="7602176" percent="78" />
      <mem type="survivor" free="0" total="1835008" percent="0" />
    </mem>
    <mem type="tenure" free="2050648320" total="2083192832" percent="98">
      <mem type="soa" free="2050648320" total="2083192832" percent="98" />
      <mem type="loa" free="0" total="0" percent="0" />
    </mem>
    <pending-finalizers system="0" default="0" reference="90" classloader="0" />
    <remembered-set count="290" />
  </mem-info>
</gc-end>
<cycle-end id="2996" type="scavenge" contextid="2990" timestamp="2019-06-17T06:59:30.200" />
  <attribute name="elasticGC enabled" value="1" />
  <attribute name= "numThreadsSpecified" value="4" />
  <attribute name="heapSize specified" value="14680064" />
  <attribute name="Current GC Util" value="21" />
  <attribute name= "Current Time Running" value="5346" />
  <attribute name ="GC Interval" value="200" />
  <attribute name="ProportionalT" value="1.000000" />
  <attribute name="ProportionalI" value="1.000000" />
  <attribute name="ProportionalH" value="1.000000" />
  <attribute name="Current Error" value="1.000000" />
  <attribute name="IntegralT" value="24.000000" />
  <attribute name="IntegralI" value="24.000000" />
  <attribute name="IntegralH" value="24.000000" />
  <attribute name="DerivativeT" value="-0.166667" />
  <attribute name="DerivativeI" value="-0.166667" />
  <attribute name="DerivativeH" value="-0.166667" />
  <attribute name="Loop Time for DT" value="24.000000" />
  <attribute name="Output H" value="8388608"/>
  <attribute name="Output I" value="200"/>
  <attribute name="Output T" value="4"/>
  <attribute name="Target GC Util Change" value ="20.000000" />
  <attribute name="Current GC Util Change" value="21.000000"/>
  <attribute name="GC Util currently" value="21" />
  <attribute name="CPU Util currently" value="190742738237" />
<allocation-satisfied id="2997" threadId="0000000001787000" bytesRequested="40" />
<af-end id="2998" timestamp="2019-06-17T06:59:30.200" threadId="0000000001787988" success="true" from="nursery"/>
<exclusive-end id="2999" timestamp="2019-06-17T06:59:30.201" durationms="4.505" />

<exclusive-start id="3000" timestamp="2019-06-17T06:59:30.214" intervalms="18.441">
  <response-info timems="0.076" idlems="0.076" threads="0" lastid="0000000001783400" lastname="PmdThread 3" />
</exclusive-start>
<af-start id="3001" threadId="0000000001783D88" totalBytesRequested="40" timestamp="2019-06-17T06:59:30.215" intervalms="18.429" type="nursery" />
<cycle-start id="3002" type="scavenge" contextid="0" timestamp="2019-06-17T06:59:30.215" intervalms="18.428" />
<gc-start id="3003" type="scavenge" contextid="3002" timestamp="2019-06-17T06:59:30.215">
  <mem-info id="3004" free="2050646464" total="2092630016" percent="97">
    <mem type="nursery" free="0" total="9437184" percent="0">
      <mem type="allocate" free="0" total="7602176" percent="0" />
      <mem type="survivor" free="0" total="1835008" percent="0" />
    </mem>
    <mem type="tenure" free="2050646464" total="2083192832" percent="98">
      <mem type="soa" free="2050646464" total="2083192832" percent="98" />
      <mem type="loa" free="0" total="0" percent="0" />
    </mem>
    <remembered-set count="353" />
  </mem-info>
</gc-start>
<allocation-stats totalBytes="5980432" >
  <allocated-bytes non-tlh="1896" tlh="5978536" />
  <largest-consumer threadName="PmdThread 2" threadId="000000000177B800" bytes="1880216" />
</allocation-stats>
<gc-op id="3005" type="scavenge" timems="1.189" contextid="3002" timestamp="2019-06-17T06:59:30.216">
  <scavenger-info tenureage="4" tenuremask="7ff0" tiltratio="80" />
  <memory-copied type="nursery" objects="18171" bytes="1209080" bytesdiscarded="112248" />
  <memory-copied type="tenure" objects="134" bytes="4568" bytesdiscarded="0" />
  <references type="weak" candidates="83" cleared="81" enqueued="80" />
  <references type="phantom" candidates="10" cleared="8" enqueued="8" />
</gc-op>
<gc-end id="3006" type="scavenge" contextid="3002" durationms="1.390" usertimems="0.000" systemtimems="0.000" timestamp="2019-06-17T06:59:30.216" activeThreads="4">
  <mem-info id="3007" free="2056855640" total="2092630016" percent="98">
    <mem type="nursery" free="6340504" total="9437184" percent="67">
      <mem type="allocate" free="6340504" total="7667712" percent="82" />
      <mem type="survivor" free="0" total="1769472" percent="0" />
    </mem>
    <mem type="tenure" free="2050515136" total="2083192832" percent="98">
      <mem type="soa" free="2050515136" total="2083192832" percent="98" />
      <mem type="loa" free="0" total="0" percent="0" />
    </mem>
    <pending-finalizers system="0" default="0" reference="88" classloader="0" />
    <remembered-set count="295" />
  </mem-info>
</gc-end>
<cycle-end id="3008" type="scavenge" contextid="3002" timestamp="2019-06-17T06:59:30.216" />
  <attribute name="elasticGC enabled" value="1" />
  <attribute name= "numThreadsSpecified" value="4" />
  <attribute name="heapSize specified" value="14680064" />
  <attribute name="Current GC Util" value="34" />
  <attribute name= "Current Time Running" value="5364" />
  <attribute name ="GC Interval" value="272" />
  <attribute name="ProportionalT" value="14.000000" />
  <attribute name="ProportionalI" value="14.000000" />
  <attribute name="ProportionalH" value="14.000000" />
  <attribute name="Current Error" value="14.000000" />
  <attribute name="IntegralT" value="252.000000" />
  <attribute name="IntegralI" value="252.000000" />
  <attribute name="IntegralH" value="252.000000" />
  <attribute name="DerivativeT" value="0.722222" />
  <attribute name="DerivativeI" value="0.722222" />
  <attribute name="DerivativeH" value="0.722222" />
  <attribute name="Loop Time for DT" value="18.000000" />
  <attribute name="Output H" value="8388608"/>
  <attribute name="Output I" value="272"/>
  <attribute name="Output T" value="4"/>
  <attribute name="Target GC Util Change" value ="20.000000" />
  <attribute name="Current GC Util Change" value="34.000000"/>
  <attribute name="GC Util currently" value="34" />
  <attribute name="CPU Util currently" value="251451669911" />
<allocation-satisfied id="3009" threadId="0000000001783400" bytesRequested="40" />
<af-end id="3010" timestamp="2019-06-17T06:59:30.216" threadId="0000000001783D88" success="true" from="nursery"/>
<exclusive-end id="3011" timestamp="2019-06-17T06:59:30.216" durationms="1.846" />

<exclusive-start id="3012" timestamp="2019-06-17T06:59:30.238" intervalms="24.019">
  <response-info timems="0.085" idlems="0.085" threads="0" lastid="0000000001777C00" lastname="PmdThread 1" />
</exclusive-start>
<af-start id="3013" threadId="0000000001778588" totalBytesRequested="5144" timestamp="2019-06-17T06:59:30.239" intervalms="24.037" type="nursery" />
<cycle-start id="3014" type="scavenge" contextid="0" timestamp="2019-06-17T06:59:30.239" intervalms="24.038" />
<gc-start id="3015" type="scavenge" contextid="3014" timestamp="2019-06-17T06:59:30.239">
  <mem-info id="3016" free="2050512824" total="2092630016" percent="97">
    <mem type="nursery" free="0" total="9437184" percent="0">
      <mem type="allocate" free="0" total="7667712" percent="0" />
      <mem type="survivor" free="0" total="1769472" percent="0" />
    </mem>
    <mem type="tenure" free="2050512824" total="2083192832" percent="98">
      <mem type="soa" free="2050512824" total="2083192832" percent="98" />
      <mem type="loa" free="0" total="0" percent="0" />
    </mem>
    <remembered-set count="380" />
  </mem-info>
</gc-start>
<allocation-stats totalBytes="6324576" >
  <allocated-bytes non-tlh="2352" tlh="6322224" />
  <largest-consumer threadName="PmdThread 2" threadId="000000000177B800" bytes="2256824" />
</allocation-stats>
<gc-op id="3017" type="scavenge" timems="3.683" contextid="3014" timestamp="2019-06-17T06:59:30.243">
  <scavenger-info tenureage="4" tenuremask="7ff0" tiltratio="81" />
  <memory-copied type="nursery" objects="19893" bytes="1268800" bytesdiscarded="144152" />
  <memory-copied type="tenure" objects="212" bytes="7072" bytesdiscarded="0" />
  <references type="weak" candidates="89" cleared="87" enqueued="87" />
  <references type="phantom" candidates="12" cleared="10" enqueued="10" />
</gc-op>
<gc-end id="3018" type="scavenge" contextid="3014" durationms="3.930" usertimems="8.000" systemtimems="0.000" timestamp="2019-06-17T06:59:30.243" activeThreads="4">
  <mem-info id="3019" free="2056826624" total="2092630016" percent="98">
    <mem type="nursery" free="6313800" total="9437184" percent="66">
      <mem type="allocate" free="6313800" total="7733248" percent="81" />
      <mem type="survivor" free="0" total="1703936" percent="0" />
    </mem>
    <mem type="tenure" free="2050512824" total="2083192832" percent="98">
      <mem type="soa" free="2050512824" total="2083192832" percent="98" />
      <mem type="loa" free="0" total="0" percent="0" />
    </mem>
    <pending-finalizers system="0" default="0" reference="97" classloader="0" />
    <remembered-set count="316" />
  </mem-info>
</gc-end>
<cycle-end id="3020" type="scavenge" contextid="3014" timestamp="2019-06-17T06:59:30.243" />
  <attribute name="elasticGC enabled" value="1" />
  <attribute name= "numThreadsSpecified" value="4" />
  <attribute name="heapSize specified" value="14680064" />
  <attribute name="Current GC Util" value="10" />
  <attribute name= "Current Time Running" value="5388" />
  <attribute name ="GC Interval" value="200" />
  <attribute name="ProportionalT" value="-10.000000" />
  <attribute name="ProportionalI" value="-10.000000" />
  <attribute name="ProportionalH" value="-10.000000" />
  <attribute name="Current Error" value="-10.000000" />
  <attribute name="IntegralT" value="-240.000000" />
  <attribute name="IntegralI" value="-240.000000" />
  <attribute name="IntegralH" value="-240.000000" />
  <attribute name="DerivativeT" value="-1.000000" />
  <attribute name="DerivativeI" value="-1.000000" />
  <attribute name="DerivativeH" value="-1.000000" />
  <attribute name="Loop Time for DT" value="24.000000" />
  <attribute name="Output H" value="2092630016"/>
  <attribute name="Output I" value="200"/>
  <attribute name="Output T" value="4"/>
  <attribute name="Target GC Util Change" value ="20.000000" />
  <attribute name="Current GC Util Change" value="10.000000"/>
  <attribute name="GC Util currently" value="10" />
  <attribute name="CPU Util currently" value="191562834920" />
<allocation-satisfied id="3021" threadId="0000000001777C00" bytesRequested="5144" />
<af-end id="3022" timestamp="2019-06-17T06:59:30.243" threadId="0000000001778588" success="true" from="nursery"/>
<exclusive-end id="3023" timestamp="2019-06-17T06:59:30.243" durationms="4.650" />

<exclusive-start id="3024" timestamp="2019-06-17T06:59:30.261" intervalms="22.363">
  <response-info timems="0.033" idlems="0.033" threads="0" lastid="0000000001777C00" lastname="PmdThread 1" />
</exclusive-start>
<af-start id="3025" threadId="0000000001778588" totalBytesRequested="16" timestamp="2019-06-17T06:59:30.261" intervalms="22.373" type="nursery" />
<cycle-start id="3026" type="scavenge" contextid="0" timestamp="2019-06-17T06:59:30.261" intervalms="22.383" />
<gc-start id="3027" type="scavenge" contextid="3026" timestamp="2019-06-17T06:59:30.261">
  <mem-info id="3028" free="2050509600" total="2092630016" percent="97">
    <mem type="nursery" free="0" total="9437184" percent="0">
      <mem type="allocate" free="0" total="7733248" percent="0" />
      <mem type="survivor" free="0" total="1703936" percent="0" />
    </mem>
    <mem type="tenure" free="2050509600" total="2083192832" percent="98">
      <mem type="soa" free="2050509600" total="2083192832" percent="98" />
      <mem type="loa" free="0" total="0" percent="0" />
    </mem>
    <remembered-set count="402" />
  </mem-info>
</gc-start>
<allocation-stats totalBytes="6314904" >
  <allocated-bytes non-tlh="8368" tlh="6306536" />
  <largest-consumer threadName="PmdThread 2" threadId="000000000177B800" bytes="2068344" />
</allocation-stats>
<gc-op id="3029" type="scavenge" timems="2.452" contextid="3026" timestamp="2019-06-17T06:59:30.264">
  <scavenger-info tenureage="4" tenuremask="7ff0" tiltratio="81" />
  <memory-copied type="nursery" objects="28160" bytes="1486160" bytesdiscarded="98360" />
  <memory-copied type="tenure" objects="206" bytes="6840" bytesdiscarded="0" />
  <references type="weak" candidates="83" cleared="83" enqueued="81" />
  <references type="phantom" candidates="15" cleared="13" enqueued="13" />
</gc-op>
<gc-end id="3030" type="scavenge" contextid="3026" durationms="2.723" usertimems="4.000" systemtimems="0.000" timestamp="2019-06-17T06:59:30.264" activeThreads="4">
  <mem-info id="3031" free="2056524120" total="2092630016" percent="98">
    <mem type="nursery" free="6014520" total="9437184" percent="63">
      <mem type="allocate" free="6014520" total="7602176" percent="79" />
      <mem type="survivor" free="0" total="1835008" percent="0" />
    </mem>
    <mem type="tenure" free="2050509600" total="2083192832" percent="98">
      <mem type="soa" free="2050509600" total="2083192832" percent="98" />
      <mem type="loa" free="0" total="0" percent="0" />
    </mem>
    <pending-finalizers system="0" default="0" reference="94" classloader="0" />
    <remembered-set count="325" />
  </mem-info>
</gc-end>
<cycle-end id="3032" type="scavenge" contextid="3026" timestamp="2019-06-17T06:59:30.264" />
  <attribute name="elasticGC enabled" value="1" />
  <attribute name= "numThreadsSpecified" value="4" />
  <attribute name="heapSize specified" value="14680064" />
  <attribute name="Current GC Util" value="32" />
  <attribute name= "Current Time Running" value="5411" />
  <attribute name ="GC Interval" value="288" />
  <attribute name="ProportionalT" value="12.000000" />
  <attribute name="ProportionalI" value="12.000000" />
  <attribute name="ProportionalH" value="12.000000" />
  <attribute name="Current Error" value="12.000000" />
  <attribute name="IntegralT" value="276.000000" />
  <attribute name="IntegralI" value="276.000000" />
  <attribute name="IntegralH" value="276.000000" />
  <attribute name="DerivativeT" value="0.521739" />
  <attribute name="DerivativeI" value="0.521739" />
  <attribute name="DerivativeH" value="0.521739" />
  <attribute name="Loop Time for DT" value="23.000000" />
  <attribute name="Output H" value="8388608"/>
  <attribute name="Output I" value="288"/>
  <attribute name="Output T" value="4"/>
  <attribute name="Target GC Util Change" value ="20.000000" />
  <attribute name="Current GC Util Change" value="32.000000"/>
  <attribute name="GC Util currently" value="32" />
  <attribute name="CPU Util currently" value="205658756279" />
<allocation-satisfied id="3033" threadId="0000000001777C00" bytesRequested="16" />
<af-end id="3034" timestamp="2019-06-17T06:59:30.264" threadId="0000000001778588" success="true" from="nursery"/>
<exclusive-end id="3035" timestamp="2019-06-17T06:59:30.264" durationms="3.556" />

<exclusive-start id="3036" timestamp="2019-06-17T06:59:30.277" intervalms="16.452">
  <response-info timems="0.068" idlems="0.068" threads="0" lastid="0000000001777C00" lastname="PmdThread 1" />
</exclusive-start>
<af-start id="3037" threadId="0000000001778588" totalBytesRequested="48" timestamp="2019-06-17T06:59:30.277" intervalms="16.430" type="nursery" />
<cycle-start id="3038" type="scavenge" contextid="0" timestamp="2019-06-17T06:59:30.277" intervalms="16.431" />
<gc-start id="3039" type="scavenge" contextid="3038" timestamp="2019-06-17T06:59:30.278">
  <mem-info id="3040" free="2050508392" total="2092630016" percent="97">
    <mem type="nursery" free="0" total="9437184" percent="0">
      <mem type="allocate" free="0" total="7602176" percent="0" />
      <mem type="survivor" free="0" total="1835008" percent="0" />
    </mem>
    <mem type="tenure" free="2050508392" total="2083192832" percent="98">
      <mem type="soa" free="2050508392" total="2083192832" percent="98" />
      <mem type="loa" free="0" total="0" percent="0" />
    </mem>
    <remembered-set count="389" />
  </mem-info>
</gc-start>
<allocation-stats totalBytes="6012984" >
  <allocated-bytes non-tlh="1224" tlh="6011760" />
  <largest-consumer threadName="PmdThread 1" threadId="0000000001777C00" bytes="2110936" />
</allocation-stats>
<gc-op id="3041" type="scavenge" timems="2.821" contextid="3038" timestamp="2019-06-17T06:59:30.280">
  <scavenger-info tenureage="4" tenuremask="7ff0" tiltratio="80" />
  <memory-copied type="nursery" objects="30636" bytes="1753584" bytesdiscarded="77264" />
  <memory-copied type="tenure" objects="192" bytes="6600" bytesdiscarded="0" />
  <references type="weak" candidates="76" cleared="76" enqueued="75" />
  <references type="phantom" candidates="8" cleared="7" enqueued="7" />
</gc-op>
<gc-end id="3042" type="scavenge" contextid="3038" durationms="3.039" usertimems="8.000" systemtimems="0.000" timestamp="2019-06-17T06:59:30.281" activeThreads="4">
  <mem-info id="3043" free="2055947880" total="2092630016" percent="98">
    <mem type="nursery" free="5439488" total="9437184" percent="57">
      <mem type="allocate" free="5439488" total="7274496" percent="74" />
      <mem type="survivor" free="0" total="2162688" percent="0" />
    </mem>
    <mem type="tenure" free="2050508392" total="2083192832" percent="98">
      <mem type="soa" free="2050508392" total="2083192832" percent="98" />
      <mem type="loa" free="0" total="0" percent="0" />
    </mem>
    <pending-finalizers system="0" default="0" reference="82" classloader="0" />
    <remembered-set count="318" />
  </mem-info>
</gc-end>
<cycle-end id="3044" type="scavenge" contextid="3038" timestamp="2019-06-17T06:59:30.281" />
  <attribute name="elasticGC enabled" value="1" />
  <attribute name= "numThreadsSpecified" value="4" />
  <attribute name="heapSize specified" value="14680064" />
  <attribute name="Current GC Util" value="28" />
  <attribute name= "Current Time Running" value="5427" />
  <attribute name ="GC Interval" value="200" />
  <attribute name="ProportionalT" value="8.000000" />
  <attribute name="ProportionalI" value="8.000000" />
  <attribute name="ProportionalH" value="8.000000" />
  <attribute name="Current Error" value="8.000000" />
  <attribute name="IntegralT" value="128.000000" />
  <attribute name="IntegralI" value="128.000000" />
  <attribute name="IntegralH" value="128.000000" />
  <attribute name="DerivativeT" value="-0.250000" />
  <attribute name="DerivativeI" value="-0.250000" />
  <attribute name="DerivativeH" value="-0.250000" />
  <attribute name="Loop Time for DT" value="16.000000" />
  <attribute name="Output H" value="8388608"/>
  <attribute name="Output I" value="200"/>
  <attribute name="Output T" value="4"/>
  <attribute name="Target GC Util Change" value ="20.000000" />
  <attribute name="Current GC Util Change" value="28.000000"/>
  <attribute name="GC Util currently" value="28" />
  <attribute name="CPU Util currently" value="281207841018" />
<allocation-satisfied id="3045" threadId="0000000001777C00" bytesRequested="48" />
<af-end id="3046" timestamp="2019-06-17T06:59:30.281" threadId="0000000001778588" success="true" from="nursery"/>
<exclusive-end id="3047" timestamp="2019-06-17T06:59:30.281" durationms="3.614" />

<exclusive-start id="3048" timestamp="2019-06-17T06:59:30.296" intervalms="18.881">
  <response-info timems="0.066" idlems="0.036" threads="1" lastid="000000000177B800" lastname="PmdThread 2" />
</exclusive-start>
<af-start id="3049" threadId="0000000001787988" totalBytesRequested="24" timestamp="2019-06-17T06:59:30.296" intervalms="18.878" type="nursery" />
<cycle-start id="3050" type="scavenge" contextid="0" timestamp="2019-06-17T06:59:30.296" intervalms="18.851" />
<gc-start id="3051" type="scavenge" contextid="3050" timestamp="2019-06-17T06:59:30.296">
  <mem-info id="3052" free="2050506456" total="2092630016" percent="97">
    <mem type="nursery" free="0" total="9437184" percent="0">
      <mem type="allocate" free="0" total="7274496" percent="0" />
      <mem type="survivor" free="0" total="2162688" percent="0" />
    </mem>
    <mem type="tenure" free="2050506456" total="2083192832" percent="98">
      <mem type="soa" free="2050506456" total="2083192832" percent="98" />
      <mem type="loa" free="0" total="0" percent="0" />
    </mem>
    <remembered-set count="389" />
  </mem-info>
</gc-start>
<allocation-stats totalBytes="5425896" >
  <allocated-bytes non-tlh="1984" tlh="5423912" />
  <largest-consumer threadName="PmdThread 4" threadId="0000000001787000" bytes="2035464" />
</allocation-stats>
<gc-op id="3053" type="scavenge" timems="2.029" contextid="3050" timestamp="2019-06-17T06:59:30.298">
  <scavenger-info tenureage="4" tenuremask="7ff0" tiltratio="77" />
  <memory-copied type="nursery" objects="10274" bytes="813016" bytesdiscarded="103096" />
  <memory-copied type="tenure" objects="246" bytes="8240" bytesdiscarded="0" />
  <references type="weak" candidates="74" cleared="74" enqueued="73" />
  <references type="phantom" candidates="12" cleared="11" enqueued="11" />
</gc-op>
<gc-end id="3054" type="scavenge" contextid="3050" durationms="2.203" usertimems="4.000" systemtimems="0.000" timestamp="2019-06-17T06:59:30.299" activeThreads="4">
  <mem-info id="3055" free="2056927888" total="2092630016" percent="98">
    <mem type="nursery" free="6421432" total="9437184" percent="68">
      <mem type="allocate" free="6421432" total="7340032" percent="87" />
      <mem type="survivor" free="0" total="2097152" percent="0" />
    </mem>
    <mem type="tenure" free="2050506456" total="2083192832" percent="98">
      <mem type="soa" free="2050506456" total="2083192832" percent="98" />
      <mem type="loa" free="0" total="0" percent="0" />
    </mem>
    <pending-finalizers system="0" default="0" reference="84" classloader="0" />
    <remembered-set count="313" />
  </mem-info>
</gc-end>
<cycle-end id="3056" type="scavenge" contextid="3050" timestamp="2019-06-17T06:59:30.299" />
  <attribute name="elasticGC enabled" value="1" />
  <attribute name= "numThreadsSpecified" value="4" />
  <attribute name="heapSize specified" value="14680064" />
  <attribute name="Current GC Util" value="36" />
  <attribute name= "Current Time Running" value="5446" />
  <attribute name ="GC Interval" value="320" />
  <attribute name="ProportionalT" value="16.000000" />
  <attribute name="ProportionalI" value="16.000000" />
  <attribute name="ProportionalH" value="16.000000" />
  <attribute name="Current Error" value="16.000000" />
  <attribute name="IntegralT" value="304.000000" />
  <attribute name="IntegralI" value="304.000000" />
  <attribute name="IntegralH" value="304.000000" />
  <attribute name="DerivativeT" value="0.421053" />
  <attribute name="DerivativeI" value="0.421053" />
  <attribute name="DerivativeH" value="0.421053" />
  <attribute name="Loop Time for DT" value="19.000000" />
  <attribute name="Output H" value="8388608"/>
  <attribute name="Output I" value="320"/>
  <attribute name="Output T" value="4"/>
  <attribute name="Target GC Util Change" value ="20.000000" />
  <attribute name="Current GC Util Change" value="36.000000"/>
  <attribute name="GC Util currently" value="36" />
  <attribute name="CPU Util currently" value="245389546308" />
<allocation-satisfied id="3057" threadId="0000000001787000" bytesRequested="24" />
<af-end id="3058" timestamp="2019-06-17T06:59:30.299" threadId="0000000001787988" success="true" from="nursery"/>
<exclusive-end id="3059" timestamp="2019-06-17T06:59:30.299" durationms="2.612" />

<exclusive-start id="3060" timestamp="2019-06-17T06:59:30.317" intervalms="20.972">
  <response-info timems="0.091" idlems="0.048" threads="1" lastid="000000000177B800" lastname="PmdThread 2" />
</exclusive-start>
<af-start id="3061" threadId="0000000001787988" totalBytesRequested="104" timestamp="2019-06-17T06:59:30.317" intervalms="21.011" type="nursery" />
<cycle-start id="3062" type="scavenge" contextid="0" timestamp="2019-06-17T06:59:30.317" intervalms="21.018" />
<gc-start id="3063" type="scavenge" contextid="3062" timestamp="2019-06-17T06:59:30.317">
  <mem-info id="3064" free="2050505696" total="2092630016" percent="97">
    <mem type="nursery" free="0" total="9437184" percent="0">
      <mem type="allocate" free="0" total="7340032" percent="0" />
      <mem type="survivor" free="0" total="2097152" percent="0" />
    </mem>
    <mem type="tenure" free="2050505696" total="2083192832" percent="98">
      <mem type="soa" free="2050505696" total="2083192832" percent="98" />
      <mem type="loa" free="0" total="0" percent="0" />
    </mem>
    <remembered-set count="422" />
  </mem-info>
</gc-start>
<allocation-stats totalBytes="6416688" >
  <allocated-bytes non-tlh="784" tlh="6415904" />
  <largest-consumer threadName="PmdThread 3" threadId="0000000001783400" bytes="2166968" />
</allocation-stats>
<gc-op id="3065" type="scavenge" timems="2.257" contextid="3062" timestamp="2019-06-17T06:59:30.320">
  <scavenger-info tenureage="4" tenuremask="7ff0" tiltratio="77" />
  <memory-copied type="nursery" objects="11683" bytes="924936" bytesdiscarded="136352" />
  <memory-copied type="tenure" objects="235" bytes="9352" bytesdiscarded="0" />
  <references type="weak" candidates="132" cleared="132" enqueued="132" />
  <references type="phantom" candidates="27" cleared="23" enqueued="23" />
</gc-op>
<gc-end id="3066" type="scavenge" contextid="3062" durationms="2.436" usertimems="0.000" systemtimems="8.000" timestamp="2019-06-17T06:59:30.320" activeThreads="4">
  <mem-info id="3067" free="2056980312" total="2092630016" percent="98">
    <mem type="nursery" free="6474616" total="9437184" percent="68">
      <mem type="allocate" free="6474616" total="7536640" percent="85" />
      <mem type="survivor" free="0" total="1900544" percent="0" />
    </mem>
    <mem type="tenure" free="2050505696" total="2083192832" percent="98">
      <mem type="soa" free="2050505696" total="2083192832" percent="98" />
      <mem type="loa" free="0" total="0" percent="0" />
    </mem>
    <pending-finalizers system="0" default="0" reference="155" classloader="0" />
    <remembered-set count="350" />
  </mem-info>
</gc-end>
<cycle-end id="3068" type="scavenge" contextid="3062" timestamp="2019-06-17T06:59:30.320" />
  <attribute name="elasticGC enabled" value="1" />
  <attribute name= "numThreadsSpecified" value="4" />
  <attribute name="heapSize specified" value="14680064" />
  <attribute name="Current GC Util" value="19" />
  <attribute name= "Current Time Running" value="5467" />
  <attribute name ="GC Interval" value="200" />
  <attribute name="ProportionalT" value="-1.000000" />
  <attribute name="ProportionalI" value="-1.000000" />
  <attribute name="ProportionalH" value="-1.000000" />
  <attribute name="Current Error" value="-1.000000" />
  <attribute name="IntegralT" value="-21.000000" />
  <attribute name="IntegralI" value="-21.000000" />
  <attribute name="IntegralH" value="-21.000000" />
  <attribute name="DerivativeT" value="-0.809524" />
  <attribute name="DerivativeI" value="-0.809524" />
  <attribute name="DerivativeH" value="-0.809524" />
  <attribute name="Loop Time for DT" value="21.000000" />
  <attribute name="Output H" value="2092630016"/>
  <attribute name="Output I" value="200"/>
  <attribute name="Output T" value="4"/>
  <attribute name="Target GC Util Change" value ="20.000000" />
  <attribute name="Current GC Util Change" value="19.000000"/>
  <attribute name="GC Util currently" value="19" />
  <attribute name="CPU Util currently" value="219148547358" />
<allocation-satisfied id="3069" threadId="0000000001787000" bytesRequested="104" />
<af-end id="3070" timestamp="2019-06-17T06:59:30.320" threadId="0000000001787988" success="true" from="nursery"/>
<exclusive-end id="3071" timestamp="2019-06-17T06:59:30.320" durationms="2.907" />

<exclusive-start id="3072" timestamp="2019-06-17T06:59:30.332" intervalms="14.957">
  <response-info timems="0.074" idlems="0.074" threads="0" lastid="0000000001777C00" lastname="PmdThread 1" />
</exclusive-start>
<af-start id="3073" threadId="0000000001778588" totalBytesRequested="40" timestamp="2019-06-17T06:59:30.332" intervalms="14.924" type="nursery" />
<cycle-start id="3074" type="scavenge" contextid="0" timestamp="2019-06-17T06:59:30.332" intervalms="14.938" />
<gc-start id="3075" type="scavenge" contextid="3074" timestamp="2019-06-17T06:59:30.332">
  <mem-info id="3076" free="2050505696" total="2092630016" percent="97">
    <mem type="nursery" free="0" total="9437184" percent="0">
      <mem type="allocate" free="0" total="7536640" percent="0" />
      <mem type="survivor" free="0" total="1900544" percent="0" />
    </mem>
    <mem type="tenure" free="2050505696" total="2083192832" percent="98">
      <mem type="soa" free="2050505696" total="2083192832" percent="98" />
      <mem type="loa" free="0" total="0" percent="0" />
    </mem>
    <remembered-set count="397" />
  </mem-info>
</gc-start>
<allocation-stats totalBytes="6472904" >
  <allocated-bytes non-tlh="104" tlh="6472800" />
  <largest-consumer threadName="PmdThread 3" threadId="0000000001783400" bytes="2383472" />
</allocation-stats>
<gc-op id="3077" type="scavenge" timems="2.382" contextid="3074" timestamp="2019-06-17T06:59:30.335">
  <scavenger-info tenureage="4" tenuremask="7ff0" tiltratio="79" />
  <memory-copied type="nursery" objects="17810" bytes="1089904" bytesdiscarded="116000" />
  <memory-copied type="tenure" objects="269" bytes="9232" bytesdiscarded="24" />
  <references type="weak" candidates="65" cleared="65" enqueued="65" />
  <references type="phantom" candidates="12" cleared="7" enqueued="7" />
</gc-op>
<gc-end id="3078" type="scavenge" contextid="3074" durationms="2.641" usertimems="8.000" systemtimems="0.000" timestamp="2019-06-17T06:59:30.335" activeThreads="4">
  <mem-info id="3079" free="2056854856" total="2092630016" percent="98">
    <mem type="nursery" free="6388328" total="9437184" percent="67">
      <mem type="allocate" free="6388328" total="7602176" percent="84" />
      <mem type="survivor" free="0" total="1835008" percent="0" />
    </mem>
    <mem type="tenure" free="2050466528" total="2083192832" percent="98">
      <mem type="soa" free="2050466528" total="2083192832" percent="98" />
      <mem type="loa" free="0" total="0" percent="0" />
    </mem>
    <pending-finalizers system="0" default="0" reference="72" classloader="0" />
    <remembered-set count="315" />
  </mem-info>
</gc-end>
<cycle-end id="3080" type="scavenge" contextid="3074" timestamp="2019-06-17T06:59:30.335" />
  <attribute name="elasticGC enabled" value="1" />
  <attribute name= "numThreadsSpecified" value="4" />
  <attribute name="heapSize specified" value="14680064" />
  <attribute name="Current GC Util" value="36" />
  <attribute name= "Current Time Running" value="5482" />
  <attribute name ="GC Interval" value="264" />
  <attribute name="ProportionalT" value="16.000000" />
  <attribute name="ProportionalI" value="16.000000" />
  <attribute name="ProportionalH" value="16.000000" />
  <attribute name="Current Error" value="16.000000" />
  <attribute name="IntegralT" value="240.000000" />
  <attribute name="IntegralI" value="240.000000" />
  <attribute name="IntegralH" value="240.000000" />
  <attribute name="DerivativeT" value="1.066667" />
  <attribute name="DerivativeI" value="1.066667" />
  <attribute name="DerivativeH" value="1.066667" />
  <attribute name="Loop Time for DT" value="15.000000" />
  <attribute name="Output H" value="8388608"/>
  <attribute name="Output I" value="264"/>
  <attribute name="Output T" value="4"/>
  <attribute name="Target GC Util Change" value ="20.000000" />
  <attribute name="Current GC Util Change" value="36.000000"/>
  <attribute name="GC Util currently" value="36" />
  <attribute name="CPU Util currently" value="308199341391" />
<allocation-satisfied id="3081" threadId="0000000001777C00" bytesRequested="40" />
<af-end id="3082" timestamp="2019-06-17T06:59:30.335" threadId="0000000001778588" success="true" from="nursery"/>
<exclusive-end id="3083" timestamp="2019-06-17T06:59:30.335" durationms="3.250" />

<exclusive-start id="3084" timestamp="2019-06-17T06:59:30.349" intervalms="16.812">
  <response-info timems="0.045" idlems="0.045" threads="0" lastid="000000000177B800" lastname="PmdThread 2" />
</exclusive-start>
<af-start id="3085" threadId="000000000177C188" totalBytesRequested="24" timestamp="2019-06-17T06:59:30.349" intervalms="16.799" type="nursery" />
<cycle-start id="3086" type="scavenge" contextid="0" timestamp="2019-06-17T06:59:30.349" intervalms="16.780" />
<gc-start id="3087" type="scavenge" contextid="3086" timestamp="2019-06-17T06:59:30.349">
  <mem-info id="3088" free="2050466336" total="2092630016" percent="97">
    <mem type="nursery" free="0" total="9437184" percent="0">
      <mem type="allocate" free="0" total="7602176" percent="0" />
      <mem type="survivor" free="0" total="1835008" percent="0" />
    </mem>
    <mem type="tenure" free="2050466336" total="2083192832" percent="98">
      <mem type="soa" free="2050466336" total="2083192832" percent="98" />
      <mem type="loa" free="0" total="0" percent="0" />
    </mem>
    <remembered-set count="365" />
  </mem-info>
</gc-start>
<allocation-stats totalBytes="6381296" >
  <allocated-bytes non-tlh="232" tlh="6381064" />
  <largest-consumer threadName="PmdThread 1" threadId="0000000001777C00" bytes="3205696" />
</allocation-stats>
<gc-op id="3089" type="scavenge" timems="1.991" contextid="3086" timestamp="2019-06-17T06:59:30.351">
  <scavenger-info tenureage="4" tenuremask="7ff0" tiltratio="80" />
  <memory-copied type="nursery" objects="18597" bytes="1183840" bytesdiscarded="119512" />
  <memory-copied type="tenure" objects="148" bytes="5280" bytesdiscarded="0" />
  <references type="weak" candidates="165" cleared="164" enqueued="164" />
  <references type="phantom" candidates="18" cleared="12" enqueued="12" />
</gc-op>
<gc-end id="3090" type="scavenge" contextid="3086" durationms="2.169" usertimems="4.000" systemtimems="0.000" timestamp="2019-06-17T06:59:30.351" activeThreads="4">
  <mem-info id="3091" free="2056892576" total="2092630016" percent="98">
    <mem type="nursery" free="6426240" total="9437184" percent="68">
      <mem type="allocate" free="6426240" total="7733248" percent="83" />
      <mem type="survivor" free="0" total="1703936" percent="0" />
    </mem>
    <mem type="tenure" free="2050466336" total="2083192832" percent="98">
      <mem type="soa" free="2050466336" total="2083192832" percent="98" />
      <mem type="loa" free="0" total="0" percent="0" />
    </mem>
    <pending-finalizers system="0" default="0" reference="176" classloader="0" />
    <remembered-set count="290" />
  </mem-info>
</gc-end>
<cycle-end id="3092" type="scavenge" contextid="3086" timestamp="2019-06-17T06:59:30.351" />
  <attribute name="elasticGC enabled" value="1" />
  <attribute name= "numThreadsSpecified" value="4" />
  <attribute name="heapSize specified" value="14680064" />
  <attribute name="Current GC Util" value="31" />
  <attribute name= "Current Time Running" value="5499" />
  <attribute name ="GC Interval" value="200" />
  <attribute name="ProportionalT" value="11.000000" />
  <attribute name="ProportionalI" value="11.000000" />
  <attribute name="ProportionalH" value="11.000000" />
  <attribute name="Current Error" value="11.000000" />
  <attribute name="IntegralT" value="187.000000" />
  <attribute name="IntegralI" value="187.000000" />
  <attribute name="IntegralH" value="187.000000" />
  <attribute name="DerivativeT" value="-0.294118" />
  <attribute name="DerivativeI" value="-0.294118" />
  <attribute name="DerivativeH" value="-0.294118" />
  <attribute name="Loop Time for DT" value="17.000000" />
  <attribute name="Output H" value="8388608"/>
  <attribute name="Output I" value="200"/>
  <attribute name="Output T" value="4"/>
  <attribute name="Target GC Util Change" value ="20.000000" />
  <attribute name="Current GC Util Change" value="31.000000"/>
  <attribute name="GC Util currently" value="31" />
  <attribute name="CPU Util currently" value="275610480266" />
<allocation-satisfied id="3093" threadId="000000000177B800" bytesRequested="24" />
<af-end id="3094" timestamp="2019-06-17T06:59:30.351" threadId="000000000177C188" success="true" from="nursery"/>
<exclusive-end id="3095" timestamp="2019-06-17T06:59:30.351" durationms="2.579" />

<exclusive-start id="3096" timestamp="2019-06-17T06:59:30.359" intervalms="10.392">
  <response-info timems="0.088" idlems="0.088" threads="0" lastid="0000000001783400" lastname="PmdThread 3" />
</exclusive-start>
<af-start id="3097" threadId="0000000001783D88" totalBytesRequested="1128" timestamp="2019-06-17T06:59:30.359" intervalms="10.408" type="nursery" />
<cycle-start id="3098" type="scavenge" contextid="0" timestamp="2019-06-17T06:59:30.359" intervalms="10.423" />
<gc-start id="3099" type="scavenge" contextid="3098" timestamp="2019-06-17T06:59:30.360">
  <mem-info id="3100" free="2050465968" total="2092630016" percent="97">
    <mem type="nursery" free="0" total="9437184" percent="0">
      <mem type="allocate" free="0" total="7733248" percent="0" />
      <mem type="survivor" free="0" total="1703936" percent="0" />
    </mem>
    <mem type="tenure" free="2050465968" total="2083192832" percent="98">
      <mem type="soa" free="2050465968" total="2083192832" percent="98" />
      <mem type="loa" free="0" total="0" percent="0" />
    </mem>
    <remembered-set count="344" />
  </mem-info>
</gc-start>
<allocation-stats totalBytes="6422624" >
  <allocated-bytes non-tlh="392" tlh="6422232" />
  <largest-consumer threadName="PmdThread 3" threadId="0000000001783400" bytes="2864504" />
</allocation-stats>
<gc-op id="3101" type="scavenge" timems="3.547" contextid="3098" timestamp="2019-06-17T06:59:30.363">
  <scavenger-info tenureage="4" tenuremask="7ff0" tiltratio="81" />
  <memory-copied type="nursery" objects="28573" bytes="1540352" bytesdiscarded="68360" />
  <memory-copied type="tenure" objects="197" bytes="6688" bytesdiscarded="0" />
  <references type="weak" candidates="106" cleared="106" enqueued="106" />
  <references type="phantom" candidates="14" cleared="10" enqueued="10" />
</gc-op>
<gc-end id="3102" type="scavenge" contextid="3098" durationms="3.781" usertimems="4.000" systemtimems="4.000" timestamp="2019-06-17T06:59:30.363" activeThreads="4">
  <mem-info id="3103" free="2056259056" total="2092630016" percent="98">
    <mem type="nursery" free="5793088" total="9437184" percent="61">
      <mem type="allocate" free="5793088" total="7405568" percent="78" />
      <mem type="survivor" free="0" total="2031616" percent="0" />
    </mem>
    <mem type="tenure" free="2050465968" total="2083192832" percent="98">
      <mem type="soa" free="2050465968" total="2083192832" percent="98" />
      <mem type="loa" free="0" total="0" percent="0" />
    </mem>
    <pending-finalizers system="0" default="0" reference="116" classloader="0" />
    <remembered-set count="280" />
  </mem-info>
</gc-end>
<cycle-end id="3104" type="scavenge" contextid="3098" timestamp="2019-06-17T06:59:30.363" />
  <attribute name="elasticGC enabled" value="1" />
  <attribute name= "numThreadsSpecified" value="4" />
  <attribute name="heapSize specified" value="14680064" />
  <attribute name="Current GC Util" value="48" />
  <attribute name= "Current Time Running" value="5509" />
  <attribute name ="GC Interval" value="312" />
  <attribute name="ProportionalT" value="28.000000" />
  <attribute name="ProportionalI" value="28.000000" />
  <attribute name="ProportionalH" value="28.000000" />
  <attribute name="Current Error" value="28.000000" />
  <attribute name="IntegralT" value="280.000000" />
  <attribute name="IntegralI" value="280.000000" />
  <attribute name="IntegralH" value="280.000000" />
  <attribute name="DerivativeT" value="1.700000" />
  <attribute name="DerivativeI" value="1.700000" />
  <attribute name="DerivativeH" value="1.700000" />
  <attribute name="Loop Time for DT" value="10.000000" />
  <attribute name="Output H" value="8388608"/>
  <attribute name="Output I" value="312"/>
  <attribute name="Output T" value="4"/>
  <attribute name="Target GC Util Change" value ="20.000000" />
  <attribute name="Current GC Util Change" value="48.000000"/>
  <attribute name="GC Util currently" value="48" />
  <attribute name="CPU Util currently" value="441140552713" />
<allocation-satisfied id="3105" threadId="0000000001783400" bytesRequested="1128" />
<af-end id="3106" timestamp="2019-06-17T06:59:30.364" threadId="0000000001783D88" success="true" from="nursery"/>
<exclusive-end id="3107" timestamp="2019-06-17T06:59:30.364" durationms="4.345" />

<exclusive-start id="3108" timestamp="2019-06-17T06:59:30.372" intervalms="13.166">
  <response-info timems="0.109" idlems="0.109" threads="0" lastid="0000000001777C00" lastname="PmdThread 1" />
</exclusive-start>
<af-start id="3109" threadId="0000000001778588" totalBytesRequested="8200" timestamp="2019-06-17T06:59:30.373" intervalms="13.130" type="nursery" />
<cycle-start id="3110" type="scavenge" contextid="0" timestamp="2019-06-17T06:59:30.373" intervalms="13.108" />
<gc-start id="3111" type="scavenge" contextid="3110" timestamp="2019-06-17T06:59:30.373">
  <mem-info id="3112" free="2050463208" total="2092630016" percent="97">
    <mem type="nursery" free="0" total="9437184" percent="0">
      <mem type="allocate" free="0" total="7405568" percent="0" />
      <mem type="survivor" free="0" total="2031616" percent="0" />
    </mem>
    <mem type="tenure" free="2050463208" total="2083192832" percent="98">
      <mem type="soa" free="2050463208" total="2083192832" percent="98" />
      <mem type="loa" free="0" total="0" percent="0" />
    </mem>
    <remembered-set count="382" />
  </mem-info>
</gc-start>
<allocation-stats totalBytes="5786048" >
  <allocated-bytes non-tlh="20280" tlh="5765768" />
  <largest-consumer threadName="PmdThread 3" threadId="0000000001783400" bytes="2327384" />
</allocation-stats>
<gc-op id="3113" type="scavenge" timems="0.842" contextid="3110" timestamp="2019-06-17T06:59:30.374">
  <scavenger-info tenureage="4" tenuremask="7ff0" tiltratio="78" />
  <memory-copied type="nursery" objects="24956" bytes="1390352" bytesdiscarded="400152" />
  <memory-copied type="tenure" objects="567" bytes="29544" bytesdiscarded="0" />
  <references type="soft" candidates="41" cleared="0" enqueued="0" dynamicThreshold="31" maxThreshold="32" />
  <references type="weak" candidates="86" cleared="86" enqueued="86" />
  <references type="phantom" candidates="7" cleared="5" enqueued="5" />
</gc-op>
<gc-end id="3114" type="scavenge" contextid="3110" durationms="1.032" usertimems="4.000" systemtimems="0.000" timestamp="2019-06-17T06:59:30.374" activeThreads="4">
  <mem-info id="3115" free="2056134056" total="2092630016" percent="98">
    <mem type="nursery" free="5670848" total="9437184" percent="60">
      <mem type="allocate" free="5670848" total="7471104" percent="75" />
      <mem type="survivor" free="0" total="1966080" percent="0" />
    </mem>
    <mem type="tenure" free="2050463208" total="2083192832" percent="98">
      <mem type="soa" free="2050463208" total="2083192832" percent="98" />
      <mem type="loa" free="0" total="0" percent="0" />
    </mem>
    <pending-finalizers system="0" default="0" reference="91" classloader="0" />
    <remembered-set count="301" />
  </mem-info>
</gc-end>
<cycle-end id="3116" type="scavenge" contextid="3110" timestamp="2019-06-17T06:59:30.374" />
  <attribute name="elasticGC enabled" value="1" />
  <attribute name= "numThreadsSpecified" value="4" />
  <attribute name="heapSize specified" value="14680064" />
  <attribute name="Current GC Util" value="53" />
  <attribute name= "Current Time Running" value="5522" />
  <attribute name ="GC Interval" value="464" />
  <attribute name="ProportionalT" value="33.000000" />
  <attribute name="ProportionalI" value="33.000000" />
  <attribute name="ProportionalH" value="33.000000" />
  <attribute name="Current Error" value="33.000000" />
  <attribute name="IntegralT" value="429.000000" />
  <attribute name="IntegralI" value="429.000000" />
  <attribute name="IntegralH" value="429.000000" />
  <attribute name="DerivativeT" value="0.384615" />
  <attribute name="DerivativeI" value="0.384615" />
  <attribute name="DerivativeH" value="0.384615" />
  <attribute name="Loop Time for DT" value="13.000000" />
  <attribute name="Output H" value="8388608"/>
  <attribute name="Output I" value="464"/>
  <attribute name="Output T" value="4"/>
  <attribute name="Target GC Util Change" value ="20.000000" />
  <attribute name="Current GC Util Change" value="53.000000"/>
  <attribute name="GC Util currently" value="53" />
  <attribute name="CPU Util currently" value="352910565190" />
<allocation-satisfied id="3117" threadId="0000000001777C00" bytesRequested="8200" />
<af-end id="3118" timestamp="2019-06-17T06:59:30.374" threadId="0000000001778588" success="true" from="nursery"/>
<exclusive-end id="3119" timestamp="2019-06-17T06:59:30.374" durationms="1.431" />

<exclusive-start id="3120" timestamp="2019-06-17T06:59:30.385" intervalms="12.998">
  <response-info timems="0.087" idlems="0.087" threads="0" lastid="000000000177B800" lastname="PmdThread 2" />
</exclusive-start>
<af-start id="3121" threadId="000000000177C188" totalBytesRequested="72" timestamp="2019-06-17T06:59:30.386" intervalms="13.027" type="nursery" />
<cycle-start id="3122" type="scavenge" contextid="0" timestamp="2019-06-17T06:59:30.386" intervalms="13.034" />
<gc-start id="3123" type="scavenge" contextid="3122" timestamp="2019-06-17T06:59:30.386">
  <mem-info id="3124" free="2050462728" total="2092630016" percent="97">
    <mem type="nursery" free="0" total="9437184" percent="0">
      <mem type="allocate" free="0" total="7471104" percent="0" />
      <mem type="survivor" free="0" total="1966080" percent="0" />
    </mem>
    <mem type="tenure" free="2050462728" total="2083192832" percent="98">
      <mem type="soa" free="2050462728" total="2083192832" percent="98" />
      <mem type="loa" free="0" total="0" percent="0" />
    </mem>
    <remembered-set count="356" />
  </mem-info>
</gc-start>
<allocation-stats totalBytes="5661344" >
  <allocated-bytes non-tlh="8680" tlh="5652664" />
  <largest-consumer threadName="PmdThread 1" threadId="0000000001777C00" bytes="1592800" />
</allocation-stats>
<gc-op id="3125" type="scavenge" timems="3.265" contextid="3122" timestamp="2019-06-17T06:59:30.389">
  <scavenger-info tenureage="4" tenuremask="7ff0" tiltratio="79" />
  <memory-copied type="nursery" objects="28407" bytes="1686280" bytesdiscarded="174880" />
  <memory-copied type="tenure" objects="169" bytes="5328" bytesdiscarded="0" />
  <references type="soft" candidates="41" cleared="0" enqueued="0" dynamicThreshold="31" maxThreshold="32" />
  <references type="weak" candidates="78" cleared="78" enqueued="77" />
  <references type="phantom" candidates="14" cleared="13" enqueued="13" />
</gc-op>
<gc-end id="3126" type="scavenge" contextid="3122" durationms="3.486" usertimems="0.000" systemtimems="8.000" timestamp="2019-06-17T06:59:30.389" activeThreads="4">
  <mem-info id="3127" free="2055940848" total="2092630016" percent="98">
    <mem type="nursery" free="5478120" total="9437184" percent="58">
      <mem type="allocate" free="5478120" total="7340032" percent="74" />
      <mem type="survivor" free="0" total="2097152" percent="0" />
    </mem>
    <mem type="tenure" free="2050462728" total="2083192832" percent="98">
      <mem type="soa" free="2050462728" total="2083192832" percent="98" />
      <mem type="loa" free="0" total="0" percent="0" />
    </mem>
    <pending-finalizers system="0" default="0" reference="90" classloader="0" />
    <remembered-set count="302" />
  </mem-info>
</gc-end>
<cycle-end id="3128" type="scavenge" contextid="3122" timestamp="2019-06-17T06:59:30.389" />
  <attribute name="elasticGC enabled" value="1" />
  <attribute name= "numThreadsSpecified" value="4" />
  <attribute name="heapSize specified" value="14680064" />
  <attribute name="Current GC Util" value="22" />
  <attribute name= "Current Time Running" value="5535" />
  <attribute name ="GC Interval" value="200" />
  <attribute name="ProportionalT" value="2.000000" />
  <attribute name="ProportionalI" value="2.000000" />
  <attribute name="ProportionalH" value="2.000000" />
  <attribute name="Current Error" value="2.000000" />
  <attribute name="IntegralT" value="26.000000" />
  <attribute name="IntegralI" value="26.000000" />
  <attribute name="IntegralH" value="26.000000" />
  <attribute name="DerivativeT" value="-2.384615" />
  <attribute name="DerivativeI" value="-2.384615" />
  <attribute name="DerivativeH" value="-2.384615" />
  <attribute name="Loop Time for DT" value="13.000000" />
  <attribute name="Output H" value="8388608"/>
  <attribute name="Output I" value="200"/>
  <attribute name="Output T" value="4"/>
  <attribute name="Target GC Util Change" value ="20.000000" />
  <attribute name="Current GC Util Change" value="22.000000"/>
  <attribute name="GC Util currently" value="22" />
  <attribute name="CPU Util currently" value="353516388724" />
<allocation-satisfied id="3129" threadId="000000000177B800" bytesRequested="72" />
<af-end id="3130" timestamp="2019-06-17T06:59:30.389" threadId="000000000177C188" success="true" from="nursery"/>
<exclusive-end id="3131" timestamp="2019-06-17T06:59:30.389" durationms="4.008" />

<exclusive-start id="3132" timestamp="2019-06-17T06:59:30.400" intervalms="14.054">
  <response-info timems="0.062" idlems="0.062" threads="0" lastid="0000000001787000" lastname="PmdThread 4" />
</exclusive-start>
<af-start id="3133" threadId="0000000001787988" totalBytesRequested="16" timestamp="2019-06-17T06:59:30.400" intervalms="14.057" type="nursery" />
<cycle-start id="3134" type="scavenge" contextid="0" timestamp="2019-06-17T06:59:30.400" intervalms="14.056" />
<gc-start id="3135" type="scavenge" contextid="3134" timestamp="2019-06-17T06:59:30.400">
  <mem-info id="3136" free="2050461784" total="2092630016" percent="97">
    <mem type="nursery" free="0" total="9437184" percent="0">
      <mem type="allocate" free="0" total="7340032" percent="0" />
      <mem type="survivor" free="0" total="2097152" percent="0" />
    </mem>
    <mem type="tenure" free="2050461784" total="2083192832" percent="98">
      <mem type="soa" free="2050461784" total="2083192832" percent="98" />
      <mem type="loa" free="0" total="0" percent="0" />
    </mem>
    <remembered-set count="379" />
  </mem-info>
</gc-start>
<allocation-stats totalBytes="5476024" >
  <allocated-bytes non-tlh="1016" tlh="5475008" />
  <largest-consumer threadName="PmdThread 4" threadId="0000000001787000" bytes="1757544" />
</allocation-stats>
<gc-op id="3137" type="scavenge" timems="1.926" contextid="3134" timestamp="2019-06-17T06:59:30.402">
  <scavenger-info tenureage="4" tenuremask="7ff0" tiltratio="77" />
  <memory-copied type="nursery" objects="27119" bytes="1430880" bytesdiscarded="198616" />
  <memory-copied type="tenure" objects="172" bytes="5872" bytesdiscarded="0" />
  <references type="soft" candidates="41" cleared="0" enqueued="0" dynamicThreshold="31" maxThreshold="32" />
  <references type="weak" candidates="130" cleared="130" enqueued="130" />
  <references type="phantom" candidates="10" cleared="10" enqueued="10" />
</gc-op>
<gc-end id="3138" type="scavenge" contextid="3134" durationms="2.106" usertimems="4.000" systemtimems="0.000" timestamp="2019-06-17T06:59:30.402" activeThreads="4">
  <mem-info id="3139" free="2056171216" total="2092630016" percent="98">
    <mem type="nursery" free="5709432" total="9437184" percent="60">
      <mem type="allocate" free="5709432" total="7340032" percent="77" />
      <mem type="survivor" free="0" total="2097152" percent="0" />
    </mem>
    <mem type="tenure" free="2050461784" total="2083192832" percent="98">
      <mem type="soa" free="2050461784" total="2083192832" percent="98" />
      <mem type="loa" free="0" total="0" percent="0" />
    </mem>
    <pending-finalizers system="0" default="0" reference="140" classloader="0" />
    <remembered-set count="291" />
  </mem-info>
</gc-end>
<cycle-end id="3140" type="scavenge" contextid="3134" timestamp="2019-06-17T06:59:30.402" />
  <attribute name="elasticGC enabled" value="1" />
  <attribute name= "numThreadsSpecified" value="4" />
  <attribute name="heapSize specified" value="14680064" />
  <attribute name="Current GC Util" value="48" />
  <attribute name= "Current Time Running" value="5549" />
  <attribute name ="GC Interval" value="424" />
  <attribute name="ProportionalT" value="28.000000" />
  <attribute name="ProportionalI" value="28.000000" />
  <attribute name="ProportionalH" value="28.000000" />
  <attribute name="Current Error" value="28.000000" />
  <attribute name="IntegralT" value="392.000000" />
  <attribute name="IntegralI" value="392.000000" />
  <attribute name="IntegralH" value="392.000000" />
  <attribute name="DerivativeT" value="1.857143" />
  <attribute name="DerivativeI" value="1.857143" />
  <attribute name="DerivativeH" value="1.857143" />
  <attribute name="Loop Time for DT" value="14.000000" />
  <attribute name="Output H" value="8388608"/>
  <attribute name="Output I" value="424"/>
  <attribute name="Output T" value="4"/>
  <attribute name="Target GC Util Change" value ="20.000000" />
  <attribute name="Current GC Util Change" value="48.000000"/>
  <attribute name="GC Util currently" value="48" />
  <attribute name="CPU Util currently" value="328176534598" />
<allocation-satisfied id="3141" threadId="0000000001787000" bytesRequested="16" />
<af-end id="3142" timestamp="2019-06-17T06:59:30.402" threadId="0000000001787988" success="true" from="nursery"/>
<exclusive-end id="3143" timestamp="2019-06-17T06:59:30.402" durationms="2.495" />

<exclusive-start id="3144" timestamp="2019-06-17T06:59:30.409" intervalms="9.247">
  <response-info timems="0.046" idlems="0.046" threads="0" lastid="0000000001783400" lastname="PmdThread 3" />
</exclusive-start>
<af-start id="3145" threadId="0000000001783D88" totalBytesRequested="40" timestamp="2019-06-17T06:59:30.409" intervalms="9.277" type="nursery" />
<cycle-start id="3146" type="scavenge" contextid="0" timestamp="2019-06-17T06:59:30.409" intervalms="9.294" />
<gc-start id="3147" type="scavenge" contextid="3146" timestamp="2019-06-17T06:59:30.409">
  <mem-info id="3148" free="2050460680" total="2092630016" percent="97">
    <mem type="nursery" free="0" total="9437184" percent="0">
      <mem type="allocate" free="0" total="7340032" percent="0" />
      <mem type="survivor" free="0" total="2097152" percent="0" />
    </mem>
    <mem type="tenure" free="2050460680" total="2083192832" percent="98">
      <mem type="soa" free="2050460680" total="2083192832" percent="98" />
      <mem type="loa" free="0" total="0" percent="0" />
    </mem>
    <remembered-set count="328" />
  </mem-info>
</gc-start>
<allocation-stats totalBytes="5708192" >
  <allocated-bytes non-tlh="1120" tlh="5707072" />
  <largest-consumer threadName="PmdThread 4" threadId="0000000001787000" bytes="1699368" />
</allocation-stats>
<gc-op id="3149" type="scavenge" timems="2.434" contextid="3146" timestamp="2019-06-17T06:59:30.412">
  <scavenger-info tenureage="4" tenuremask="7ff0" tiltratio="77" />
  <memory-copied type="nursery" objects="32567" bytes="1596976" bytesdiscarded="99000" />
  <memory-copied type="tenure" objects="205" bytes="6960" bytesdiscarded="0" />
  <references type="soft" candidates="41" cleared="0" enqueued="0" dynamicThreshold="31" maxThreshold="32" />
  <references type="weak" candidates="58" cleared="58" enqueued="58" />
  <references type="phantom" candidates="3" cleared="3" enqueued="3" />
</gc-op>
<gc-end id="3150" type="scavenge" contextid="3146" durationms="2.724" usertimems="4.000" systemtimems="0.000" timestamp="2019-06-17T06:59:30.412" activeThreads="4">
  <mem-info id="3151" free="2056160720" total="2092630016" percent="98">
    <mem type="nursery" free="5700040" total="9437184" percent="60">
      <mem type="allocate" free="5700040" total="7405568" percent="76" />
      <mem type="survivor" free="0" total="2031616" percent="0" />
    </mem>
    <mem type="tenure" free="2050460680" total="2083192832" percent="98">
      <mem type="soa" free="2050460680" total="2083192832" percent="98" />
      <mem type="loa" free="0" total="0" percent="0" />
    </mem>
    <pending-finalizers system="0" default="0" reference="61" classloader="0" />
    <remembered-set count="264" />
  </mem-info>
</gc-end>
<cycle-end id="3152" type="scavenge" contextid="3146" timestamp="2019-06-17T06:59:30.412" />
  <attribute name="elasticGC enabled" value="1" />
  <attribute name= "numThreadsSpecified" value="4" />
  <attribute name="heapSize specified" value="14680064" />
  <attribute name="Current GC Util" value="41" />
  <attribute name= "Current Time Running" value="5559" />
  <attribute name ="GC Interval" value="232" />
  <attribute name="ProportionalT" value="21.000000" />
  <attribute name="ProportionalI" value="21.000000" />
  <attribute name="ProportionalH" value="21.000000" />
  <attribute name="Current Error" value="21.000000" />
  <attribute name="IntegralT" value="210.000000" />
  <attribute name="IntegralI" value="210.000000" />
  <attribute name="IntegralH" value="210.000000" />
  <attribute name="DerivativeT" value="-0.700000" />
  <attribute name="DerivativeI" value="-0.700000" />
  <attribute name="DerivativeH" value="-0.700000" />
  <attribute name="Loop Time for DT" value="10.000000" />
  <attribute name="Output H" value="8388608"/>
  <attribute name="Output I" value="232"/>
  <attribute name="Output T" value="4"/>
  <attribute name="Target GC Util Change" value ="20.000000" />
  <attribute name="Current GC Util Change" value="41.000000"/>
  <attribute name="GC Util currently" value="41" />
  <attribute name="CPU Util currently" value="492276642433" />
<allocation-satisfied id="3153" threadId="0000000001783400" bytesRequested="40" />
<af-end id="3154" timestamp="2019-06-17T06:59:30.412" threadId="0000000001783D88" success="true" from="nursery"/>
<exclusive-end id="3155" timestamp="2019-06-17T06:59:30.412" durationms="3.552" />

<exclusive-start id="3156" timestamp="2019-06-17T06:59:30.422" intervalms="13.729">
  <response-info timems="0.034" idlems="0.034" threads="0" lastid="000000000177B800" lastname="PmdThread 2" />
</exclusive-start>
<af-start id="3157" threadId="000000000177C188" totalBytesRequested="32" timestamp="2019-06-17T06:59:30.423" intervalms="13.827" type="nursery" />
<cycle-start id="3158" type="scavenge" contextid="0" timestamp="2019-06-17T06:59:30.423" intervalms="13.826" />
<gc-start id="3159" type="scavenge" contextid="3158" timestamp="2019-06-17T06:59:30.423">
  <mem-info id="3160" free="2050458704" total="2092630016" percent="97">
    <mem type="nursery" free="0" total="9437184" percent="0">
      <mem type="allocate" free="0" total="7405568" percent="0" />
      <mem type="survivor" free="0" total="2031616" percent="0" />
    </mem>
    <mem type="tenure" free="2050458704" total="2083192832" percent="98">
      <mem type="soa" free="2050458704" total="2083192832" percent="98" />
      <mem type="loa" free="0" total="0" percent="0" />
    </mem>
    <remembered-set count="327" />
  </mem-info>
</gc-start>
<allocation-stats totalBytes="5685064" >
  <allocated-bytes non-tlh="2016" tlh="5683048" />
  <largest-consumer threadName="PmdThread 2" threadId="000000000177B800" bytes="2664608" />
</allocation-stats>
<gc-op id="3161" type="scavenge" timems="2.348" contextid="3158" timestamp="2019-06-17T06:59:30.425">
  <scavenger-info tenureage="4" tenuremask="7ff0" tiltratio="78" />
  <memory-copied type="nursery" objects="38697" bytes="2022088" bytesdiscarded="9008" />
  <memory-copied type="tenure" objects="6700" bytes="242104" bytesdiscarded="144" />
  <copy-failed type="nursery" objects="6150" bytes="222616" />
  <references type="weak" candidates="116" cleared="115" enqueued="115" />
  <references type="phantom" candidates="10" cleared="9" enqueued="9" />
</gc-op>
<gc-end id="3162" type="scavenge" contextid="3158" durationms="2.634" usertimems="8.000" systemtimems="0.000" timestamp="2019-06-17T06:59:30.425" activeThreads="4">
  <mem-info id="3163" free="2054352208" total="2092630016" percent="98">
    <mem type="nursery" free="4259840" total="9437184" percent="45">
      <mem type="allocate" free="4259840" total="6291456" percent="67" />
      <mem type="survivor" free="0" total="3145728" percent="0" />
    </mem>
    <mem type="tenure" free="2050092368" total="2083192832" percent="98">
      <mem type="soa" free="2050092368" total="2083192832" percent="98" />
      <mem type="loa" free="0" total="0" percent="0" />
    </mem>
    <pending-finalizers system="0" default="0" reference="124" classloader="0" />
    <remembered-set count="2867" />
  </mem-info>
</gc-end>
<cycle-end id="3164" type="scavenge" contextid="3158" timestamp="2019-06-17T06:59:30.426" />
  <attribute name="elasticGC enabled" value="1" />
  <attribute name= "numThreadsSpecified" value="4" />
  <attribute name="heapSize specified" value="14680064" />
  <attribute name="Current GC Util" value="32" />
  <attribute name= "Current Time Running" value="5572" />
  <attribute name ="GC Interval" value="200" />
  <attribute name="ProportionalT" value="12.000000" />
  <attribute name="ProportionalI" value="12.000000" />
  <attribute name="ProportionalH" value="12.000000" />
  <attribute name="Current Error" value="12.000000" />
  <attribute name="IntegralT" value="156.000000" />
  <attribute name="IntegralI" value="156.000000" />
  <attribute name="IntegralH" value="156.000000" />
  <attribute name="DerivativeT" value="-0.692308" />
  <attribute name="DerivativeI" value="-0.692308" />
  <attribute name="DerivativeH" value="-0.692308" />
  <attribute name="Loop Time for DT" value="13.000000" />
  <attribute name="Output H" value="8388608"/>
  <attribute name="Output I" value="200"/>
  <attribute name="Output T" value="4"/>
  <attribute name="Target GC Util Change" value ="20.000000" />
  <attribute name="Current GC Util Change" value="32.000000"/>
  <attribute name="GC Util currently" value="32" />
  <attribute name="CPU Util currently" value="334040742293" />
<allocation-satisfied id="3165" threadId="000000000177B800" bytesRequested="32" />
<af-end id="3166" timestamp="2019-06-17T06:59:30.426" threadId="000000000177C188" success="true" from="nursery"/>
<exclusive-end id="3167" timestamp="2019-06-17T06:59:30.426" durationms="3.271" />

<exclusive-start id="3168" timestamp="2019-06-17T06:59:30.432" intervalms="9.510">
  <response-info timems="0.032" idlems="0.032" threads="0" lastid="0000000001777C00" lastname="PmdThread 1" />
</exclusive-start>
<af-start id="3169" threadId="0000000001778588" totalBytesRequested="16392" timestamp="2019-06-17T06:59:30.432" intervalms="9.375" type="nursery" />
<cycle-start id="3170" type="scavenge" contextid="0" timestamp="2019-06-17T06:59:30.432" intervalms="9.371" />
<gc-start id="3171" type="scavenge" contextid="3170" timestamp="2019-06-17T06:59:30.432">
  <mem-info id="3172" free="2050091952" total="2092630016" percent="97">
    <mem type="nursery" free="0" total="9437184" percent="0">
      <mem type="allocate" free="0" total="6291456" percent="0" />
      <mem type="survivor" free="0" total="3145728" percent="0" />
    </mem>
    <mem type="tenure" free="2050091952" total="2083192832" percent="98">
      <mem type="soa" free="2050091952" total="2083192832" percent="98" />
      <mem type="loa" free="0" total="0" percent="0" />
    </mem>
    <remembered-set count="2940" />
  </mem-info>
</gc-start>
<allocation-stats totalBytes="4256344" >
  <allocated-bytes non-tlh="448" tlh="4255896" />
  <largest-consumer threadName="PmdThread 4" threadId="0000000001787000" bytes="1417008" />
</allocation-stats>
<gc-op id="3173" type="scavenge" timems="1.902" contextid="3170" timestamp="2019-06-17T06:59:30.434">
  <scavenger-info tenureage="3" tenuremask="7ff8" tiltratio="66" />
  <memory-copied type="nursery" objects="28881" bytes="1482584" bytesdiscarded="131696" />
  <memory-copied type="tenure" objects="9521" bytes="407376" bytesdiscarded="104" />
  <references type="weak" candidates="91" cleared="90" enqueued="90" />
  <references type="phantom" candidates="10" cleared="8" enqueued="8" />
</gc-op>
<gc-end id="3174" type="scavenge" contextid="3170" durationms="2.182" usertimems="4.000" systemtimems="0.000" timestamp="2019-06-17T06:59:30.434" activeThreads="4">
  <mem-info id="3175" free="2054331232" total="2092630016" percent="98">
    <mem type="nursery" free="4805584" total="9437184" percent="50">
      <mem type="allocate" free="4805584" total="6422528" percent="74" />
      <mem type="survivor" free="0" total="3014656" percent="0" />
    </mem>
    <mem type="tenure" free="2049525648" total="2083192832" percent="98">
      <mem type="soa" free="2049525648" total="2083192832" percent="98" />
      <mem type="loa" free="0" total="0" percent="0" />
    </mem>
    <pending-finalizers system="0" default="0" reference="98" classloader="0" />
    <remembered-set count="2840" />
  </mem-info>
</gc-end>
<cycle-end id="3176" type="scavenge" contextid="3170" timestamp="2019-06-17T06:59:30.435" />
  <attribute name="elasticGC enabled" value="1" />
  <attribute name= "numThreadsSpecified" value="4" />
  <attribute name="heapSize specified" value="14680064" />
  <attribute name="Current GC Util" value="51" />
  <attribute name= "Current Time Running" value="5582" />
  <attribute name ="GC Interval" value="344" />
  <attribute name="ProportionalT" value="31.000000" />
  <attribute name="ProportionalI" value="31.000000" />
  <attribute name="ProportionalH" value="31.000000" />
  <attribute name="Current Error" value="31.000000" />
  <attribute name="IntegralT" value="310.000000" />
  <attribute name="IntegralI" value="310.000000" />
  <attribute name="IntegralH" value="310.000000" />
  <attribute name="DerivativeT" value="1.900000" />
  <attribute name="DerivativeI" value="1.900000" />
  <attribute name="DerivativeH" value="1.900000" />
  <attribute name="Loop Time for DT" value="10.000000" />
  <attribute name="Output H" value="8388608"/>
  <attribute name="Output I" value="344"/>
  <attribute name="Output T" value="4"/>
  <attribute name="Target GC Util Change" value ="20.000000" />
  <attribute name="Current GC Util Change" value="51.000000"/>
  <attribute name="GC Util currently" value="51" />
  <attribute name="CPU Util currently" value="492599763789" />
<allocation-satisfied id="3177" threadId="0000000001777C00" bytesRequested="16392" />
<af-end id="3178" timestamp="2019-06-17T06:59:30.435" threadId="0000000001778588" success="true" from="nursery"/>
<exclusive-end id="3179" timestamp="2019-06-17T06:59:30.435" durationms="2.795" />

<exclusive-start id="3180" timestamp="2019-06-17T06:59:30.446" intervalms="13.576">
  <response-info timems="0.334" idlems="0.229" threads="2" lastid="0000000001777C00" lastname="PmdThread 1" />
</exclusive-start>
<af-start id="3181" threadId="0000000001783D88" totalBytesRequested="40" timestamp="2019-06-17T06:59:30.446" intervalms="13.587" type="nursery" />
<cycle-start id="3182" type="scavenge" contextid="0" timestamp="2019-06-17T06:59:30.446" intervalms="13.590" />
<gc-start id="3183" type="scavenge" contextid="3182" timestamp="2019-06-17T06:59:30.446">
  <mem-info id="3184" free="2049521376" total="2092630016" percent="97">
    <mem type="nursery" free="0" total="9437184" percent="0">
      <mem type="allocate" free="0" total="6422528" percent="0" />
      <mem type="survivor" free="0" total="3014656" percent="0" />
    </mem>
    <mem type="tenure" free="2049521376" total="2083192832" percent="98">
      <mem type="soa" free="2049521376" total="2083192832" percent="98" />
      <mem type="loa" free="0" total="0" percent="0" />
    </mem>
    <remembered-set count="2932" />
  </mem-info>
</gc-start>
<allocation-stats totalBytes="4806752" >
  <allocated-bytes non-tlh="20664" tlh="4786088" />
  <largest-consumer threadName="PmdThread 2" threadId="000000000177B800" bytes="1474024" />
</allocation-stats>
<gc-op id="3185" type="scavenge" timems="5.268" contextid="3182" timestamp="2019-06-17T06:59:30.451">
  <scavenger-info tenureage="3" tenuremask="7ff8" tiltratio="68" />
  <memory-copied type="nursery" objects="33758" bytes="1690352" bytesdiscarded="136648" />
  <memory-copied type="tenure" objects="3283" bytes="181128" bytesdiscarded="16" />
  <references type="weak" candidates="114" cleared="114" enqueued="114" />
  <references type="phantom" candidates="27" cleared="24" enqueued="24" />
</gc-op>
<gc-end id="3186" type="scavenge" contextid="3182" durationms="5.613" usertimems="12.000" systemtimems="0.000" timestamp="2019-06-17T06:59:30.451" activeThreads="4">
  <mem-info id="3187" free="2054265000" total="2092630016" percent="98">
    <mem type="nursery" free="4790992" total="9437184" percent="50">
      <mem type="allocate" free="4790992" total="6619136" percent="72" />
      <mem type="survivor" free="0" total="2818048" percent="0" />
    </mem>
    <mem type="tenure" free="2049474008" total="2083192832" percent="98">
      <mem type="soa" free="2049474008" total="2083192832" percent="98" />
      <mem type="loa" free="0" total="0" percent="0" />
    </mem>
    <pending-finalizers system="0" default="0" reference="138" classloader="0" />
    <remembered-set count="987" />
  </mem-info>
</gc-end>
<cycle-end id="3188" type="scavenge" contextid="3182" timestamp="2019-06-17T06:59:30.452" />
  <attribute name="elasticGC enabled" value="1" />
  <attribute name= "numThreadsSpecified" value="4" />
  <attribute name="heapSize specified" value="14680064" />
  <attribute name="Current GC Util" value="29" />
  <attribute name= "Current Time Running" value="5595" />
  <attribute name ="GC Interval" value="200" />
  <attribute name="ProportionalT" value="9.000000" />
  <attribute name="ProportionalI" value="9.000000" />
  <attribute name="ProportionalH" value="9.000000" />
  <attribute name="Current Error" value="9.000000" />
  <attribute name="IntegralT" value="117.000000" />
  <attribute name="IntegralI" value="117.000000" />
  <attribute name="IntegralH" value="117.000000" />
  <attribute name="DerivativeT" value="-1.692308" />
  <attribute name="DerivativeI" value="-1.692308" />
  <attribute name="DerivativeH" value="-1.692308" />
  <attribute name="Loop Time for DT" value="13.000000" />
  <attribute name="Output H" value="8388608"/>
  <attribute name="Output I" value="200"/>
  <attribute name="Output T" value="4"/>
  <attribute name="Target GC Util Change" value ="20.000000" />
  <attribute name="Current GC Util Change" value="29.000000"/>
  <attribute name="GC Util currently" value="29" />
  <attribute name="CPU Util currently" value="337684822853" />
<allocation-satisfied id="3189" threadId="0000000001783400" bytesRequested="40" />
<af-end id="3190" timestamp="2019-06-17T06:59:30.452" threadId="0000000001783D88" success="true" from="nursery"/>
<exclusive-end id="3191" timestamp="2019-06-17T06:59:30.452" durationms="6.341" />

<exclusive-start id="3192" timestamp="2019-06-17T06:59:30.467" intervalms="21.287">
  <response-info timems="0.051" idlems="0.028" threads="1" lastid="0000000001777C00" lastname="PmdThread 1" />
</exclusive-start>
<af-start id="3193" threadId="000000000177C188" totalBytesRequested="56" timestamp="2019-06-17T06:59:30.467" intervalms="21.278" type="nursery" />
<cycle-start id="3194" type="scavenge" contextid="0" timestamp="2019-06-17T06:59:30.467" intervalms="21.278" />
<gc-start id="3195" type="scavenge" contextid="3194" timestamp="2019-06-17T06:59:30.467">
  <mem-info id="3196" free="2049467656" total="2092630016" percent="97">
    <mem type="nursery" free="0" total="9437184" percent="0">
      <mem type="allocate" free="0" total="6619136" percent="0" />
      <mem type="survivor" free="0" total="2818048" percent="0" />
    </mem>
    <mem type="tenure" free="2049467656" total="2083192832" percent="98">
      <mem type="soa" free="2049467656" total="2083192832" percent="98" />
      <mem type="loa" free="0" total="0" percent="0" />
    </mem>
    <remembered-set count="1091" />
  </mem-info>
</gc-start>
<allocation-stats totalBytes="4794752" >
  <allocated-bytes non-tlh="6392" tlh="4788360" />
  <largest-consumer threadName="PmdThread 1" threadId="0000000001777C00" bytes="1789272" />
</allocation-stats>
<gc-op id="3197" type="scavenge" timems="1.896" contextid="3194" timestamp="2019-06-17T06:59:30.469">
  <scavenger-info tenureage="3" tenuremask="7ff8" tiltratio="70" />
  <memory-copied type="nursery" objects="13957" bytes="765840" bytesdiscarded="265080" />
  <memory-copied type="tenure" objects="17653" bytes="714904" bytesdiscarded="288" />
  <references type="weak" candidates="260" cleared="260" enqueued="260" />
  <references type="phantom" candidates="7" cleared="6" enqueued="6" />
</gc-op>
<gc-end id="3198" type="scavenge" contextid="3194" durationms="2.151" usertimems="4.000" systemtimems="0.000" timestamp="2019-06-17T06:59:30.469" activeThreads="4">
  <mem-info id="3199" free="2054643408" total="2092630016" percent="98">
    <mem type="nursery" free="5782472" total="9437184" percent="61">
      <mem type="allocate" free="5782472" total="6815744" percent="84" />
      <mem type="survivor" free="0" total="2621440" percent="0" />
    </mem>
    <mem type="tenure" free="2048860936" total="2083192832" percent="98">
      <mem type="soa" free="2048860936" total="2083192832" percent="98" />
      <mem type="loa" free="0" total="0" percent="0" />
    </mem>
    <pending-finalizers system="0" default="0" reference="266" classloader="0" />
    <remembered-set count="729" />
  </mem-info>
</gc-end>
<cycle-end id="3200" type="scavenge" contextid="3194" timestamp="2019-06-17T06:59:30.469" />
  <attribute name="elasticGC enabled" value="1" />
  <attribute name= "numThreadsSpecified" value="4" />
  <attribute name="heapSize specified" value="14680064" />
  <attribute name="Current GC Util" value="40" />
  <attribute name= "Current Time Running" value="5617" />
  <attribute name ="GC Interval" value="464" />
  <attribute name="ProportionalT" value="20.000000" />
  <attribute name="ProportionalI" value="20.000000" />
  <attribute name="ProportionalH" value="20.000000" />
  <attribute name="Current Error" value="20.000000" />
  <attribute name="IntegralT" value="440.000000" />
  <attribute name="IntegralI" value="440.000000" />
  <attribute name="IntegralH" value="440.000000" />
  <attribute name="DerivativeT" value="0.500000" />
  <attribute name="DerivativeI" value="0.500000" />
  <attribute name="DerivativeH" value="0.500000" />
  <attribute name="Loop Time for DT" value="22.000000" />
  <attribute name="Output H" value="8388608"/>
  <attribute name="Output I" value="464"/>
  <attribute name="Output T" value="4"/>
  <attribute name="Target GC Util Change" value ="20.000000" />
  <attribute name="Current GC Util Change" value="40.000000"/>
  <attribute name="GC Util currently" value="40" />
  <attribute name="CPU Util currently" value="217426024107" />
<allocation-satisfied id="3201" threadId="000000000177B800" bytesRequested="56" />
<af-end id="3202" timestamp="2019-06-17T06:59:30.470" threadId="000000000177C188" success="true" from="nursery"/>
<exclusive-end id="3203" timestamp="2019-06-17T06:59:30.470" durationms="2.731" />

<exclusive-start id="3204" timestamp="2019-06-17T06:59:30.483" intervalms="15.726">
  <response-info timems="0.033" idlems="0.033" threads="0" lastid="000000000177B800" lastname="PmdThread 2" />
</exclusive-start>
<af-start id="3205" threadId="000000000177C188" totalBytesRequested="16" timestamp="2019-06-17T06:59:30.483" intervalms="15.731" type="nursery" />
<cycle-start id="3206" type="scavenge" contextid="0" timestamp="2019-06-17T06:59:30.483" intervalms="15.728" />
<gc-start id="3207" type="scavenge" contextid="3206" timestamp="2019-06-17T06:59:30.483">
  <mem-info id="3208" free="2048859384" total="2092630016" percent="97">
    <mem type="nursery" free="0" total="9437184" percent="0">
      <mem type="allocate" free="0" total="6815744" percent="0" />
      <mem type="survivor" free="0" total="2621440" percent="0" />
    </mem>
    <mem type="tenure" free="2048859384" total="2083192832" percent="98">
      <mem type="soa" free="2048859384" total="2083192832" percent="98" />
      <mem type="loa" free="0" total="0" percent="0" />
    </mem>
    <remembered-set count="1358" />
  </mem-info>
</gc-start>
<allocation-stats totalBytes="5778176" >
  <allocated-bytes non-tlh="1608" tlh="5776568" />
  <largest-consumer threadName="PmdThread 2" threadId="000000000177B800" bytes="2430320" />
</allocation-stats>
<gc-op id="3209" type="scavenge" timems="1.065" contextid="3206" timestamp="2019-06-17T06:59:30.484">
  <scavenger-info tenureage="3" tenuremask="7ff8" tiltratio="72" />
  <memory-copied type="nursery" objects="7928" bytes="643520" bytesdiscarded="121928" />
  <memory-copied type="tenure" objects="1662" bytes="46000" bytesdiscarded="0" />
  <references type="weak" candidates="248" cleared="248" enqueued="248" />
  <references type="phantom" candidates="10" cleared="9" enqueued="9" />
</gc-op>
<gc-end id="3210" type="scavenge" contextid="3206" durationms="1.268" usertimems="4.000" systemtimems="0.000" timestamp="2019-06-17T06:59:30.484" activeThreads="4">
  <mem-info id="3211" free="2055235440" total="2092630016" percent="98">
    <mem type="nursery" free="6376056" total="9437184" percent="67">
      <mem type="allocate" free="6376056" total="7143424" percent="89" />
      <mem type="survivor" free="0" total="2293760" percent="0" />
    </mem>
    <mem type="tenure" free="2048859384" total="2083192832" percent="98">
      <mem type="soa" free="2048859384" total="2083192832" percent="98" />
      <mem type="loa" free="0" total="0" percent="0" />
    </mem>
    <pending-finalizers system="0" default="0" reference="257" classloader="0" />
    <remembered-set count="369" />
  </mem-info>
</gc-end>
<cycle-end id="3212" type="scavenge" contextid="3206" timestamp="2019-06-17T06:59:30.484" />
  <attribute name="elasticGC enabled" value="1" />
  <attribute name= "numThreadsSpecified" value="4" />
  <attribute name="heapSize specified" value="14680064" />
  <attribute name="Current GC Util" value="25" />
  <attribute name= "Current Time Running" value="5632" />
  <attribute name ="GC Interval" value="200" />
  <attribute name="ProportionalT" value="5.000000" />
  <attribute name="ProportionalI" value="5.000000" />
  <attribute name="ProportionalH" value="5.000000" />
  <attribute name="Current Error" value="5.000000" />
  <attribute name="IntegralT" value="75.000000" />
  <attribute name="IntegralI" value="75.000000" />
  <attribute name="IntegralH" value="75.000000" />
  <attribute name="DerivativeT" value="-1.000000" />
  <attribute name="DerivativeI" value="-1.000000" />
  <attribute name="DerivativeH" value="-1.000000" />
  <attribute name="Loop Time for DT" value="15.000000" />
  <attribute name="Output H" value="8388608"/>
  <attribute name="Output I" value="200"/>
  <attribute name="Output T" value="4"/>
  <attribute name="Target GC Util Change" value ="20.000000" />
  <attribute name="Current GC Util Change" value="25.000000"/>
  <attribute name="GC Util currently" value="25" />
  <attribute name="CPU Util currently" value="293249858515" />
<allocation-satisfied id="3213" threadId="000000000177B800" bytesRequested="16" />
<af-end id="3214" timestamp="2019-06-17T06:59:30.484" threadId="000000000177C188" success="true" from="nursery"/>
<exclusive-end id="3215" timestamp="2019-06-17T06:59:30.484" durationms="1.738" />

</verbosegc>

