<?xml version="1.0" ?>

<verbosegc xmlns="http://www.ibm.com/j9/verbosegc" version="10b4217_CMPRSS">

<initialized id="1" timestamp="2019-06-15T18:48:09.789">
  <attribute name="gcPolicy" value="-Xgcpolicy:optthruput" />
  <attribute name="elasticGC enabled" value="1" />
  <attribute name= "numThreadsSpecified" value="0" />
  <attribute name="heapSize specified" value="0" />
  <attribute name="Current GC Util" value="0" />
  <attribute name= "Current Time Running" value="0" />
  <attribute name ="GC Interval" value="0" />
  <attribute name="ProportionalT" value="0.000000" />
  <attribute name="ProportionalI" value="0.000000" />
  <attribute name="ProportionalH" value="0.000000" />
  <attribute name="IntegralT" value="0.000000" />
  <attribute name="IntegralI" value="0.000000" />
  <attribute name="IntegralH" value="0.000000" />
  <attribute name="DerivativeT" value="0.000000" />
  <attribute name="DerivativeI" value="0.000000" />
  <attribute name="DerivativeH" value="0.000000" />
  <attribute name="Target GC Util Change" value ="0.000000" />
  <attribute name="Current GC Util Change" value="0.000000"/>
  <attribute name="Current Error" value="0.000000" />
  <attribute name="Loop Time for DT" value="0.000000" />
  <attribute name="Output H" value="0"/>
  <attribute name="Output I" value="0"/>
  <attribute name="Output T" value="0"/>
  <attribute name="GC Util currently" value="0" />
  <attribute name="CPU Util currently" value="0" />
  <attribute name="maxHeapSize" value="0x7cbc0000" />
  <attribute name="initialHeapSize" value="0x800000" />
  <attribute name="compressedRefs" value="true" />
  <attribute name="compressedRefsDisplacement" value="0x0" />
  <attribute name="compressedRefsShift" value="0x0" />
  <attribute name="pageSize" value="0x1000" />
  <attribute name="pageType" value="not used" />
  <attribute name="requestedPageSize" value="0x1000" />
  <attribute name="requestedPageType" value="not used" />
  <attribute name="gcthreads" value="4" />
  <attribute name="packetListSplit" value="4" />
  <attribute name="cacheListSplit" value="4" />
  <attribute name="splitFreeListSplitAmount" value="1" />
  <attribute name="numaNodes" value="0" />
  <system>
    <attribute name="physicalMemory" value="8370962432" />
    <attribute name="numCPUs" value="4" />
    <attribute name="architecture" value="amd64" />
    <attribute name="os" value="Linux" />
    <attribute name="osVersion" value="4.4.0-148-generic" />
  </system>
  <vmargs>
    <vmarg name="-Xoptionsfile=/vagrant/jdk/lib/options.default" />
    <vmarg name="-Xlockword:mode=default,noLockword=java/lang/String,noLockword=java/util/MapEntry,noLockword=java/util/HashMap$Entry,noLockword..." />
    <vmarg name="-Xjcl:jclse29" />
    <vmarg name="-Dcom.ibm.oti.vm.bootstrap.library.path=/vagrant/jdk/lib/compressedrefs:/vagrant/jdk/lib" />
    <vmarg name="-Dsun.boot.library.path=/vagrant/jdk/lib/compressedrefs:/vagrant/jdk/lib" />
    <vmarg name="-Djava.library.path=/vagrant/jdk/lib/compressedrefs:/vagrant/jdk/lib:/usr/lib64:/usr/lib" />
    <vmarg name="-Djava.home=/vagrant/jdk" />
    <vmarg name="-Duser.dir=/vagrant" />
    <vmarg name="-Xgcpolicy:optthruput" />
    <vmarg name="-Xgcelastic" />
    <vmarg name="-Xcheck:gc:::elasticGC" />
    <vmarg name="-verbose:gc" />
    <vmarg name="-Xloggc:small-OPTTHRUPUT-jdk-1.5-1-0.5-verbose16xalan.txt" />
    <vmarg name="-Djava.class.path=dacapo-9.12-MR1-bach.jar" />
    <vmarg name="-Dsun.java.command=dacapo-9.12-MR1-bach.jar xalan --size=small" />
    <vmarg name="-Dsun.java.launcher=SUN_STANDARD" />
    <vmarg name="-Dsun.java.launcher.pid=3726" />
  </vmargs>
</initialized>

<exclusive-start id="2" timestamp="2019-06-15T18:48:10.348" intervalms="558.828">
  <response-info timems="0.020" idlems="0.020" threads="0" lastid="00000000018A3700" lastname="main" />
</exclusive-start>
<af-start id="3" threadId="00000000018A4088" totalBytesRequested="88" timestamp="2019-06-15T18:48:10.348" intervalms="559.046" />
<cycle-start id="4" type="global" contextid="0" timestamp="2019-06-15T18:48:10.348" intervalms="559.268" />
<gc-start id="5" type="global" contextid="4" timestamp="2019-06-15T18:48:10.348">
  <mem-info id="6" free="418816" total="8388608" percent="4">
    <mem type="tenure" free="418816" total="8388608" percent="4">
      <mem type="soa" free="0" total="7969792" percent="0" />
      <mem type="loa" free="418816" total="418816" percent="100" />
    </mem>
  </mem-info>
</gc-start>
<allocation-stats totalBytes="7883056" >
  <allocated-bytes non-tlh="758040" tlh="7125016" />
  <largest-consumer threadName="main" threadId="00000000018A3700" bytes="7810632" />
</allocation-stats>
<gc-op id="7" type="mark" timems="2.221" contextid="4" timestamp="2019-06-15T18:48:10.351">
  <trace-info objectcount="21466" scancount="17490" scanbytes="560488" />
  <finalization candidates="15" enqueued="1" />
  <references type="soft" candidates="74" cleared="0" enqueued="0" dynamicThreshold="32" maxThreshold="32" />
  <references type="weak" candidates="575" cleared="432" enqueued="393" />
  <references type="phantom" candidates="127" cleared="44" enqueued="44" />
  <stringconstants candidates="2930" cleared="0"  />
</gc-op>
<gc-op id="8" type="classunload" timems="0.040" contextid="4" timestamp="2019-06-15T18:48:10.351">
  <classunload-info classloadercandidates="6" classloadersunloaded="0" classesunloaded="0" anonymousclassesunloaded="0" quiescems="0.000" setupms="0.040" scanms="0.000" postms="0.000" />
</gc-op>
<gc-op id="9" type="sweep" timems="0.492" contextid="4" timestamp="2019-06-15T18:48:10.351" />
<mem-info id="10" free="6521096" total="8388608" percent="77">
  <mem type="tenure" free="6521096" total="8388608" percent="77" micro-fragmented="287530" macro-fragmented="0">
    <mem type="soa" free="6102280" total="7969792" percent="76" />
    <mem type="loa" free="418816" total="418816" percent="100" />
  </mem>
  <pending-finalizers system="1" default="0" reference="437" classloader="0" />
</mem-info>
<gc-op id="11" type="compact" timems="4.535" contextid="4" timestamp="2019-06-15T18:48:10.356">
  <compact-info movecount="21465" movebytes="1537080" reason="compact to aid heap contraction" />
</gc-op>
<heap-resize id="12" type="expand" space="tenure" amount="2084241408" count="1" timems="0.096" reason="satisfy allocation request" timestamp="2019-06-15T18:48:10.357" />
<gc-end id="13" type="global" contextid="4" durationms="8.567" usertimems="8.000" systemtimems="0.000" timestamp="2019-06-15T18:48:10.357" activeThreads="4">
  <mem-info id="14" free="2091092760" total="2092630016" percent="99">
    <mem type="tenure" free="2091092760" total="2092630016" percent="99">
      <mem type="soa" free="1986461464" total="1987998720" percent="99" />
      <mem type="loa" free="104631296" total="104631296" percent="100" />
    </mem>
    <pending-finalizers system="1" default="0" reference="437" classloader="0" />
  </mem-info>
</gc-end>
<cycle-end id="15" type="global" contextid="4" timestamp="2019-06-15T18:48:10.357" />
  <attribute name="elasticGC enabled" value="1" />
  <attribute name= "numThreadsSpecified" value="4" />
  <attribute name="heapSize specified" value="8388608" />
  <attribute name="Current GC Util" value="31" />
  <attribute name= "Current Time Running" value="456" />
  <attribute name ="GC Interval" value="0" />
  <attribute name="ProportionalT" value="16.500000" />
  <attribute name="ProportionalI" value="16.500000" />
  <attribute name="ProportionalH" value="16.500000" />
  <attribute name="Current Error" value="11.000000" />
  <attribute name="IntegralT" value="-8781.000000" />
  <attribute name="IntegralI" value="-8781.000000" />
  <attribute name="IntegralH" value="-8781.000000" />
  <attribute name="DerivativeT" value="1.100000" />
  <attribute name="DerivativeI" value="1.100000" />
  <attribute name="DerivativeH" value="1.100000" />
  <attribute name="Loop Time for DT" value="5.000000" />
  <attribute name="Output H" value="2092630016"/>
  <attribute name="Output I" value="200"/>
  <attribute name="Output T" value="4"/>
  <attribute name="Target GC Util Change" value ="20.000000" />
  <attribute name="Current GC Util Change" value="31.000000"/>
  <attribute name="GC Util currently" value="31" />
  <attribute name="CPU Util currently" value="995861670824" />
<allocation-satisfied id="16" threadId="00000000018A3700" bytesRequested="88" />
<af-end id="17" timestamp="2019-06-15T18:48:10.357" threadId="00000000018A4088" success="true" />
<exclusive-end id="18" timestamp="2019-06-15T18:48:10.357" durationms="9.524" />

<exclusive-start id="19" timestamp="2019-06-15T18:48:10.557" intervalms="209.618">
  <response-info timems="0.078" idlems="0.078" threads="0" lastid="00000000018A3700" lastname="main" />
</exclusive-start>
<sys-start reason="explicit" id="20" timestamp="2019-06-15T18:48:10.557" intervalms="768.630" />
<cycle-start id="21" type="global" contextid="0" timestamp="2019-06-15T18:48:10.557" intervalms="209.486" />
<gc-start id="22" type="global" contextid="21" timestamp="2019-06-15T18:48:10.558">
  <mem-info id="23" free="2084971272" total="2092630016" percent="99">
    <mem type="tenure" free="2084971272" total="2092630016" percent="99">
      <mem type="soa" free="1980339976" total="1987998720" percent="99" />
      <mem type="loa" free="104631296" total="104631296" percent="100" />
    </mem>
  </mem-info>
</gc-start>
<allocation-stats totalBytes="6061224" >
  <allocated-bytes non-tlh="71784" tlh="5989440" />
  <largest-consumer threadName="main" threadId="00000000018A3700" bytes="6032816" />
</allocation-stats>
<gc-op id="24" type="mark" timems="7.943" contextid="21" timestamp="2019-06-15T18:48:10.566">
  <trace-info objectcount="29514" scancount="23882" scanbytes="871072" />
  <finalization candidates="15" enqueued="0" />
  <references type="soft" candidates="133" cleared="0" enqueued="0" dynamicThreshold="31" maxThreshold="32" />
  <references type="weak" candidates="178" cleared="33" enqueued="33" />
  <references type="phantom" candidates="85" cleared="2" enqueued="2" />
  <stringconstants candidates="3535" cleared="22"  />
</gc-op>
<gc-op id="25" type="classunload" timems="0.002" contextid="21" timestamp="2019-06-15T18:48:10.566">
  <classunload-info classloadercandidates="19" classloadersunloaded="0" classesunloaded="0" anonymousclassesunloaded="0" quiescems="0.000" setupms="0.002" scanms="0.000" postms="0.000" />
</gc-op>
<gc-op id="26" type="sweep" timems="1.463" contextid="21" timestamp="2019-06-15T18:48:10.567" />
<mem-info id="27" free="2090305272" total="2092630016" percent="99">
  <mem type="tenure" free="2090305272" total="2092630016" percent="99" micro-fragmented="255333" macro-fragmented="0">
    <mem type="soa" free="1985673976" total="1987998720" percent="99" />
    <mem type="loa" free="104631296" total="104631296" percent="100" />
  </mem>
  <pending-finalizers system="0" default="0" reference="35" classloader="0" />
</mem-info>
<gc-op id="28" type="compact" timems="13.501" contextid="21" timestamp="2019-06-15T18:48:10.581">
  <compact-info movecount="28764" movebytes="1934224" reason="compact to aid heap contraction" />
</gc-op>
<gc-end id="29" type="global" contextid="21" durationms="23.979" usertimems="36.000" systemtimems="4.000" timestamp="2019-06-15T18:48:10.582" activeThreads="4">
  <mem-info id="30" free="2090674872" total="2092630016" percent="99">
    <mem type="tenure" free="2090674872" total="2092630016" percent="99">
      <mem type="soa" free="1986043576" total="1987998720" percent="99" />
      <mem type="loa" free="104631296" total="104631296" percent="100" />
    </mem>
    <pending-finalizers system="0" default="0" reference="35" classloader="0" />
  </mem-info>
</gc-end>
<cycle-end id="31" type="global" contextid="21" timestamp="2019-06-15T18:48:10.582" />
  <attribute name="elasticGC enabled" value="1" />
  <attribute name= "numThreadsSpecified" value="4" />
  <attribute name="heapSize specified" value="2092630016" />
  <attribute name="Current GC Util" value="121" />
  <attribute name= "Current Time Running" value="681" />
  <attribute name ="GC Interval" value="0" />
  <attribute name="ProportionalT" value="151.500000" />
  <attribute name="ProportionalI" value="151.500000" />
  <attribute name="ProportionalH" value="151.500000" />
  <attribute name="Current Error" value="101.000000" />
  <attribute name="IntegralT" value="1414.000000" />
  <attribute name="IntegralI" value="1414.000000" />
  <attribute name="IntegralH" value="1414.000000" />
  <attribute name="DerivativeT" value="-0.607143" />
  <attribute name="DerivativeI" value="-0.607143" />
  <attribute name="DerivativeH" value="-0.607143" />
  <attribute name="Loop Time for DT" value="14.000000" />
  <attribute name="Output H" value="8388608"/>
  <attribute name="Output I" value="1568"/>
  <attribute name="Output T" value="4"/>
  <attribute name="Target GC Util Change" value ="20.000000" />
  <attribute name="Current GC Util Change" value="121.000000"/>
  <attribute name="GC Util currently" value="121" />
  <attribute name="CPU Util currently" value="336655589398" />
<sys-end id="32" timestamp="2019-06-15T18:48:10.582" />
<exclusive-end id="33" timestamp="2019-06-15T18:48:10.582" durationms="24.885" />

</verbosegc>

