<?xml version="1.0" ?>

<verbosegc xmlns="http://www.ibm.com/j9/verbosegc" version="10b4217_CMPRSS">

<initialized id="1" timestamp="2019-06-17T03:28:31.608">
  <attribute name="gcPolicy" value="-Xgcpolicy:balanced" />
  <attribute name="elasticGC enabled" value="1" />
  <attribute name= "numThreadsSpecified" value="0" />
  <attribute name="heapSize specified" value="0" />
  <attribute name="Current GC Util" value="0" />
  <attribute name= "Current Time Running" value="0" />
  <attribute name ="GC Interval" value="0" />
  <attribute name="ProportionalT" value="0.000000" />
  <attribute name="ProportionalI" value="0.000000" />
  <attribute name="ProportionalH" value="0.000000" />
  <attribute name="IntegralT" value="0.000000" />
  <attribute name="IntegralI" value="0.000000" />
  <attribute name="IntegralH" value="0.000000" />
  <attribute name="DerivativeT" value="0.000000" />
  <attribute name="DerivativeI" value="0.000000" />
  <attribute name="DerivativeH" value="0.000000" />
  <attribute name="Target GC Util Change" value ="0.000000" />
  <attribute name="Current GC Util Change" value="0.000000"/>
  <attribute name="Current Error" value="0.000000" />
  <attribute name="Loop Time for DT" value="0.000000" />
  <attribute name="Output H" value="0"/>
  <attribute name="Output I" value="0"/>
  <attribute name="Output T" value="0"/>
  <attribute name="GC Util currently" value="0" />
  <attribute name="CPU Util currently" value="0" />
  <attribute name="maxHeapSize" value="0x7cb00000" />
  <attribute name="initialHeapSize" value="0x800000" />
  <attribute name="compressedRefs" value="true" />
  <attribute name="compressedRefsDisplacement" value="0x0" />
  <attribute name="compressedRefsShift" value="0x0" />
  <attribute name="pageSize" value="0x1000" />
  <attribute name="pageType" value="not used" />
  <attribute name="requestedPageSize" value="0x1000" />
  <attribute name="requestedPageType" value="not used" />
  <attribute name="gcthreads" value="4" />
  <attribute name="packetListSplit" value="4" />
  <attribute name="cacheListSplit" value="4" />
  <attribute name="splitFreeListSplitAmount" value="1" />
  <attribute name="numaNodes" value="0" />
  <region>
    <attribute name="regionSize" value="1048576" />
    <attribute name="regionCount" value="1995" />
    <attribute name="arrayletLeafSize" value="1048576" />
  </region>
  <system>
    <attribute name="physicalMemory" value="8370958336" />
    <attribute name="numCPUs" value="4" />
    <attribute name="architecture" value="amd64" />
    <attribute name="os" value="Linux" />
    <attribute name="osVersion" value="4.4.0-150-generic" />
  </system>
  <vmargs>
    <vmarg name="-Xoptionsfile=/vagrant/jdk/lib/options.default" />
    <vmarg name="-Xlockword:mode=default,noLockword=java/lang/String,noLockword=java/util/MapEntry,noLockword=java/util/HashMap$Entry,noLockword..." />
    <vmarg name="-Xjcl:jclse29" />
    <vmarg name="-Dcom.ibm.oti.vm.bootstrap.library.path=/vagrant/jdk/lib/compressedrefs:/vagrant/jdk/lib" />
    <vmarg name="-Dsun.boot.library.path=/vagrant/jdk/lib/compressedrefs:/vagrant/jdk/lib" />
    <vmarg name="-Djava.library.path=/vagrant/jdk/lib/compressedrefs:/vagrant/jdk/lib:/usr/lib64:/usr/lib" />
    <vmarg name="-Djava.home=/vagrant/jdk" />
    <vmarg name="-Duser.dir=/vagrant" />
    <vmarg name="-Xgcpolicy:balanced" />
    <vmarg name="-Xgcelastic" />
    <vmarg name="-Xcheck:gc:::elasticGC" />
    <vmarg name="-verbose:gc" />
    <vmarg name="-Xloggc:jdk1.5-1-1.5-default-BAL-4CORE-elasticverbose8sunflow.txt" />
    <vmarg name="-Djava.class.path=dacapo-9.12-MR1-bach.jar" />
    <vmarg name="-Dsun.java.command=dacapo-9.12-MR1-bach.jar sunflow --size=default" />
    <vmarg name="-Dsun.java.launcher=SUN_STANDARD" />
    <vmarg name="-Dsun.java.launcher.pid=4880" />
  </vmargs>
</initialized>

<exclusive-start id="2" timestamp="2019-06-17T03:28:32.283" intervalms="675.311">
  <response-info timems="0.031" idlems="0.031" threads="0" lastid="0000000000D0B700" lastname="main" />
</exclusive-start>
<sys-start reason="explicit" id="3" timestamp="2019-06-17T03:28:32.283" intervalms="675.537" />
<cycle-start id="4" type="global garbage collect" contextid="0" timestamp="2019-06-17T03:28:32.284" intervalms="675.848" />
<gc-start id="5" type="global garbage collect" contextid="4" timestamp="2019-06-17T03:28:32.284">
  <mem-info id="6" free="2228216" total="8388608" percent="26">
    <mem type="eden" free="131096" total="6291456" percent="2" />
    <remembered-set count="0" freebytes="334848" totalbytes="334848" percent="100" regionsoverflowed="0" regionsstable="0" regionsrebuilding="0"/>
  </mem-info>
</gc-start>
<allocation-stats totalBytes="6155272" >
  <allocated-bytes non-tlh="1222920" tlh="4932352" arrayletleaf="0"/>
  <largest-consumer threadName="main" threadId="0000000000D0B700" bytes="6076760" />
</allocation-stats>
<gc-op id="7" type="global mark" timems="4.096" contextid="4" timestamp="2019-06-17T03:28:32.289">
  <trace-info objectcount="30318" scancount="23648" scanbytes="765792" />
  <finalization candidates="125" enqueued="1" />
  <ownableSynchronizers candidates="3" cleared="0" />
  <references type="soft" candidates="132" cleared="0" enqueued="0" dynamicThreshold="32" maxThreshold="32" />
  <references type="weak" candidates="1326" cleared="569" enqueued="479" />
  <references type="phantom" candidates="107" cleared="42" enqueued="42" />
  <stringconstants candidates="3958" cleared="0"  />
</gc-op>
<gc-op id="8" type="classunload" timems="0.044" contextid="4" timestamp="2019-06-17T03:28:32.289">
  <classunload-info classloadercandidates="7" classloadersunloaded="0" classesunloaded="0" anonymousclassesunloaded="0" quiescems="0.000" setupms="0.044" scanms="0.000" postms="0.000" />
</gc-op>
<gc-op id="9" type="sweep" timems="0.608" contextid="4" timestamp="2019-06-17T03:28:32.290" />
<gc-op id="10" type="compact" timems="6.228" contextid="4" timestamp="2019-06-17T03:28:32.296">
  <compact-info movecount="30318" movebytes="1862392" />
  <remembered-set-cleared processed="3543" cleared="3543" durationms="0.129" />
</gc-op>
<gc-end id="11" type="global garbage collect" contextid="4" durationms="12.937" usertimems="8.000" systemtimems="4.000" timestamp="2019-06-17T03:28:32.297" activeThreads="4">
  <mem-info id="12" free="6291456" total="8388608" percent="75">
    <pending-finalizers system="1" default="0" reference="521" classloader="0" />
    <remembered-set count="1536" freebytes="328704" totalbytes="334848" percent="98" regionsoverflowed="0" regionsstable="0" regionsrebuilding="0"/>
  </mem-info>
</gc-end>
<cycle-end id="13" type="global garbage collect" contextid="4" timestamp="2019-06-17T03:28:32.297" />
  <attribute name="elasticGC enabled" value="1" />
  <attribute name= "numThreadsSpecified" value="4" />
  <attribute name="heapSize specified" value="0" />
  <attribute name="Current GC Util" value="33" />
  <attribute name= "Current Time Running" value="566" />
  <attribute name ="GC Interval" value="0" />
  <attribute name="ProportionalT" value="19.500000" />
  <attribute name="ProportionalI" value="19.500000" />
  <attribute name="ProportionalH" value="19.500000" />
  <attribute name="Current Error" value="13.000000" />
  <attribute name="IntegralT" value="-10857.000000" />
  <attribute name="IntegralI" value="-10857.000000" />
  <attribute name="IntegralH" value="-10857.000000" />
  <attribute name="DerivativeT" value="-79.500000" />
  <attribute name="DerivativeI" value="-79.500000" />
  <attribute name="DerivativeH" value="-79.500000" />
  <attribute name="Loop Time for DT" value="1.000000" />
  <attribute name="Output H" value="2091843584"/>
  <attribute name="Output I" value="200"/>
  <attribute name="Output T" value="4"/>
  <attribute name="Target GC Util Change" value ="20.000000" />
  <attribute name="Current GC Util Change" value="33.000000"/>
  <attribute name="GC Util currently" value="33" />
  <attribute name="CPU Util currently" value="5359110432055" />
<sys-end id="14" timestamp="2019-06-17T03:28:32.297" />
<exclusive-end id="15" timestamp="2019-06-17T03:28:32.298" durationms="14.361" />

<exclusive-start id="16" timestamp="2019-06-17T03:28:32.547" intervalms="263.614">
  <response-info timems="0.080" idlems="0.080" threads="0" lastid="0000000001064500" lastname="Thread-5" />
</exclusive-start>
<allocation-taxation id="17" taxation-threshold="6291456" timestamp="2019-06-17T03:28:32.547" intervalms="939.086" />
<cycle-start id="18" type="partial gc" contextid="0" timestamp="2019-06-17T03:28:32.547" intervalms="939.308" />
<gc-start id="19" type="partial gc" contextid="18" timestamp="2019-06-17T03:28:32.547">
  <mem-info id="20" free="0" total="8388608" percent="0">
    <mem type="eden" free="7960" total="6291456" percent="0" />
    <remembered-set count="1312" freebytes="329600" totalbytes="334848" percent="98" regionsoverflowed="0" regionsstable="0" regionsrebuilding="0"/>
  </mem-info>
</gc-start>
<allocation-stats totalBytes="6224152" >
  <allocated-bytes non-tlh="1210248" tlh="5013904" arrayletleaf="0"/>
  <largest-consumer threadName="main" threadId="0000000000D0B700" bytes="2982240" />
</allocation-stats>
<gc-op id="21" type="mark" timems="2.487" contextid="18" timestamp="2019-06-17T03:28:32.551">
  <trace-info objectcount="14751" scancount="11870" scanbytes="447664" />
  <cardclean-info objects="1277" bytes="46828" />
  <remembered-set-cleared processed="715" cleared="56" durationms="0.071" />
  <references type="soft" candidates="17" cleared="0" enqueued="0" dynamicThreshold="24" maxThreshold="32" />
  <references type="weak" candidates="45" cleared="29" enqueued="28" />
  <references type="phantom" candidates="2" cleared="0" enqueued="0" />
  <stringconstants candidates="4534" cleared="1"  />
  <warning details="Mark invoked due to insufficient free space for Copy-Forward" />
</gc-op>
<gc-op id="22" type="classunload" timems="0.002" contextid="18" timestamp="2019-06-17T03:28:32.551">
  <classunload-info classloadercandidates="8" classloadersunloaded="0" classesunloaded="0" anonymousclassesunloaded="0" quiescems="0.000" setupms="0.002" scanms="0.000" postms="0.000" />
</gc-op>
<gc-op id="23" type="sweep" timems="0.380" contextid="18" timestamp="2019-06-17T03:28:32.551" />
<gc-op id="24" type="compact" timems="3.758" contextid="18" timestamp="2019-06-17T03:28:32.555">
  <compact-info movecount="14750" movebytes="1416568" />
  <remembered-set-cleared processed="2837" cleared="1503" durationms="0.071" />
</gc-op>
<heap-resize id="25" type="expand" space="default" amount="1048576" count="1" timems="0.058" reason="insufficient free space following gc" timestamp="2019-06-17T03:28:32.556" />
<gc-end id="26" type="partial gc" contextid="18" durationms="8.312" usertimems="8.000" systemtimems="0.000" timestamp="2019-06-17T03:28:32.556" activeThreads="4">
  <mem-info id="27" free="5242880" total="9437184" percent="55">
    <mem type="eden" free="555232" total="2097152" percent="26" />
    <pending-finalizers system="0" default="0" reference="28" classloader="0" />
    <remembered-set count="2304" freebytes="367488" totalbytes="376704" percent="97" regionsoverflowed="0" regionsstable="0" regionsrebuilding="0"/>
  </mem-info>
</gc-end>
<cycle-end id="28" type="partial gc" contextid="18" timestamp="2019-06-17T03:28:32.556" />
  <attribute name="elasticGC enabled" value="1" />
  <attribute name= "numThreadsSpecified" value="4" />
  <attribute name="heapSize specified" value="0" />
  <attribute name="Current GC Util" value="15" />
  <attribute name= "Current Time Running" value="827" />
  <attribute name ="GC Interval" value="0" />
  <attribute name="ProportionalT" value="-7.500000" />
  <attribute name="ProportionalI" value="-7.500000" />
  <attribute name="ProportionalH" value="-7.500000" />
  <attribute name="Current Error" value="-5.000000" />
  <attribute name="IntegralT" value="0.000000" />
  <attribute name="IntegralI" value="0.000000" />
  <attribute name="IntegralH" value="0.000000" />
  <attribute name="DerivativeT" value="-inf" />
  <attribute name="DerivativeI" value="-inf" />
  <attribute name="DerivativeH" value="-inf" />
  <attribute name="Loop Time for DT" value="0.000000" />
  <attribute name="Output H" value="2091843584"/>
  <attribute name="Output I" value="200"/>
  <attribute name="Output T" value="4"/>
  <attribute name="Target GC Util Change" value ="20.000000" />
  <attribute name="Current GC Util Change" value="15.000000"/>
  <attribute name="GC Util currently" value="15" />
  <attribute name="CPU Util currently" value="6645578657475" />
<exclusive-end id="29" timestamp="2019-06-17T03:28:32.556" durationms="9.234" />

<exclusive-start id="30" timestamp="2019-06-17T03:28:32.592" intervalms="45.393">
  <response-info timems="0.060" idlems="0.060" threads="0" lastid="0000000001064500" lastname="Thread-5" />
</exclusive-start>
<allocation-taxation id="31" taxation-threshold="2097152" timestamp="2019-06-17T03:28:32.592" intervalms="45.322" />
<cycle-start id="32" type="global mark phase" contextid="0" timestamp="2019-06-17T03:28:32.592" intervalms="984.496" />
<gc-start id="33" type="global mark phase" contextid="32" timestamp="2019-06-17T03:28:32.592">
  <mem-info id="34" free="3145728" total="9437184" percent="33">
    <remembered-set count="1856" freebytes="369280" totalbytes="376704" percent="98" regionsoverflowed="0" regionsstable="0" regionsrebuilding="0"/>
  </mem-info>
</gc-start>
<gc-op id="35" type="mark increment" timems="0.983" contextid="32" timestamp="2019-06-17T03:28:32.594">
  <trace-info objectcount="168" scancount="0" scanbytes="0" />
</gc-op>
<gc-end id="36" type="global mark phase" contextid="32" durationms="1.198" usertimems="0.000" systemtimems="0.000" timestamp="2019-06-17T03:28:32.594" activeThreads="4">
  <mem-info id="37" free="3145728" total="9437184" percent="33">
    <remembered-set count="1856" freebytes="369280" totalbytes="376704" percent="98" regionsoverflowed="0" regionsstable="0" regionsrebuilding="0"/>
  </mem-info>
</gc-end>
<concurrent-start id="38" type="GMP work packet processing" contextid="32" timestamp="2019-06-17T03:28:32.594">
  <concurrent-mark-start scanTarget="18446744073709551615" />
</concurrent-start>
<exclusive-end id="39" timestamp="2019-06-17T03:28:32.594" durationms="1.615" />

<concurrent-end id="40" type="GMP work packet processing" contextid="32" timestamp="2019-06-17T03:28:32.597">
  <concurrent-mark-end bytesScanned="1188004" reasonForTermination="Completed all work in GC phase" />
</concurrent-end>

<exclusive-start id="41" timestamp="2019-06-17T03:28:32.598" intervalms="6.056">
  <response-info timems="0.021" idlems="0.021" threads="0" lastid="0000000001064500" lastname="Thread-5" />
</exclusive-start>
<allocation-taxation id="42" taxation-threshold="2097152" timestamp="2019-06-17T03:28:32.598" intervalms="6.036" />
<cycle-start id="43" type="partial gc" contextid="0" timestamp="2019-06-17T03:28:32.598" intervalms="51.216" />
<gc-start id="44" type="partial gc" contextid="43" timestamp="2019-06-17T03:28:32.599">
  <mem-info id="45" free="1048576" total="9437184" percent="11">
    <mem type="eden" free="0" total="4194304" percent="0" />
    <remembered-set count="1856" freebytes="369280" totalbytes="376704" percent="98" regionsoverflowed="0" regionsstable="0" regionsrebuilding="0"/>
  </mem-info>
</gc-start>
<allocation-stats totalBytes="4167872" >
  <allocated-bytes non-tlh="49208" tlh="4118664" arrayletleaf="0"/>
  <largest-consumer threadName="Thread-5" threadId="0000000001064500" bytes="2091440" />
</allocation-stats>
<gc-op id="46" type="copy forward" timems="4.396" contextid="43" timestamp="2019-06-17T03:28:32.604">
  <memory-copied type="eden" objects="18" bytes="127224" bytesdiscarded="0" />
  <memory-copied type="other" objects="14636" bytes="1221344" bytesdiscarded="56" />
  <memory-cardclean objects="136" bytes="9984" />
  <regions eden="4" other="2" />
  <remembered-set-cleared processed="1323" cleared="646" durationms="0.064" />
  <references type="soft" candidates="17" cleared="0" enqueued="0" dynamicThreshold="10" maxThreshold="32" />
  <references type="weak" candidates="16" cleared="0" enqueued="0" />
  <references type="phantom" candidates="2" cleared="0" enqueued="0" />
  <stringconstants candidates="4533" cleared="0"  />
  <heap-resize type="expand" space="default" amount="2097152" count="2" timems="0.139" reason="continue current collection" />
</gc-op>
<gc-op id="47" type="classunload" timems="0.002" contextid="43" timestamp="2019-06-17T03:28:32.604">
  <classunload-info classloadercandidates="8" classloadersunloaded="0" classesunloaded="0" anonymousclassesunloaded="0" quiescems="0.000" setupms="0.002" scanms="0.000" postms="0.000" />
</gc-op>
<gc-op id="48" type="compact" timems="3.129" contextid="43" timestamp="2019-06-17T03:28:32.607">
  <compact-info movecount="0" movebytes="0" />
  <remembered-set-cleared processed="2513" cleared="646" durationms="0.064" />
</gc-op>
<gc-end id="49" type="partial gc" contextid="43" durationms="9.066" usertimems="12.000" systemtimems="0.000" timestamp="2019-06-17T03:28:32.608" activeThreads="4">
  <mem-info id="50" free="6291456" total="11534336" percent="54">
    <mem type="eden" free="921352" total="1048576" percent="87" />
    <remembered-set count="2368" freebytes="450944" totalbytes="460416" percent="97" regionsoverflowed="0" regionsstable="0" regionsrebuilding="0"/>
  </mem-info>
</gc-end>
<cycle-end id="51" type="partial gc" contextid="43" timestamp="2019-06-17T03:28:32.608" />
  <attribute name="elasticGC enabled" value="1" />
  <attribute name= "numThreadsSpecified" value="4" />
  <attribute name="heapSize specified" value="0" />
  <attribute name="Current GC Util" value="0" />
  <attribute name= "Current Time Running" value="880" />
  <attribute name ="GC Interval" value="0" />
  <attribute name="ProportionalT" value="-30.000000" />
  <attribute name="ProportionalI" value="-30.000000" />
  <attribute name="ProportionalH" value="-30.000000" />
  <attribute name="Current Error" value="-20.000000" />
  <attribute name="IntegralT" value="-100.000000" />
  <attribute name="IntegralI" value="-100.000000" />
  <attribute name="IntegralH" value="-100.000000" />
  <attribute name="DerivativeT" value="-50.100000" />
  <attribute name="DerivativeI" value="-50.100000" />
  <attribute name="DerivativeH" value="-50.100000" />
  <attribute name="Loop Time for DT" value="5.000000" />
  <attribute name="Output H" value="2091843584"/>
  <attribute name="Output I" value="200"/>
  <attribute name="Output T" value="4"/>
  <attribute name="Target GC Util Change" value ="20.000000" />
  <attribute name="Current GC Util Change" value="0.000000"/>
  <attribute name="GC Util currently" value="0" />
  <attribute name="CPU Util currently" value="995446583365" />
<exclusive-end id="52" timestamp="2019-06-17T03:28:32.608" durationms="9.629" />

<exclusive-start id="53" timestamp="2019-06-17T03:28:32.634" intervalms="35.495">
  <response-info timems="0.323" idlems="0.184" threads="1" lastid="000000000105CD00" lastname="Thread-9" />
</exclusive-start>
<allocation-taxation id="54" taxation-threshold="3145728" timestamp="2019-06-17T03:28:32.634" intervalms="35.517" />
<gc-start id="55" type="global mark phase" contextid="32" timestamp="2019-06-17T03:28:32.634">
  <mem-info id="56" free="3145728" total="11534336" percent="27">
    <remembered-set count="1472" freebytes="454528" totalbytes="460416" percent="98" regionsoverflowed="0" regionsstable="1" regionsrebuilding="0"/>
  </mem-info>
</gc-start>
<gc-op id="57" type="mark increment" timems="2.118" contextid="32" timestamp="2019-06-17T03:28:32.636">
  <trace-info objectcount="20532" scancount="20447" scanbytes="1045948" />
  <cardclean-info objects="721" bytes="30732" />
  <finalization candidates="124" enqueued="0" />
  <ownableSynchronizers candidates="3" cleared="0" />
  <references type="soft" candidates="149" cleared="0" enqueued="0" dynamicThreshold="17" maxThreshold="32" />
  <references type="weak" candidates="773" cleared="0" enqueued="0" />
  <references type="phantom" candidates="66" cleared="2" enqueued="2" />
  <stringconstants candidates="4596" cleared="0"  />
</gc-op>
<gc-op id="58" type="classunload" timems="0.004" contextid="32" timestamp="2019-06-17T03:28:32.636">
  <classunload-info classloadercandidates="8" classloadersunloaded="0" classesunloaded="0" anonymousclassesunloaded="0" quiescems="0.000" setupms="0.004" scanms="0.000" postms="0.000" />
</gc-op>
<gc-end id="59" type="global mark phase" contextid="32" durationms="2.415" usertimems="0.000" systemtimems="0.000" timestamp="2019-06-17T03:28:32.636" activeThreads="4">
  <mem-info id="60" free="3145728" total="11534336" percent="27">
    <pending-finalizers system="0" default="0" reference="2" classloader="0" />
    <remembered-set count="1472" freebytes="454528" totalbytes="460416" percent="98" regionsoverflowed="0" regionsstable="1" regionsrebuilding="0"/>
  </mem-info>
</gc-end>
<cycle-end id="61" type="global mark phase" contextid="32" timestamp="2019-06-17T03:28:32.636" />
  <attribute name="elasticGC enabled" value="1" />
  <attribute name= "numThreadsSpecified" value="4" />
  <attribute name="heapSize specified" value="0" />
  <attribute name="Current GC Util" value="0" />
  <attribute name= "Current Time Running" value="911" />
  <attribute name ="GC Interval" value="0" />
  <attribute name="ProportionalT" value="-30.000000" />
  <attribute name="ProportionalI" value="-30.000000" />
  <attribute name="ProportionalH" value="-30.000000" />
  <attribute name="Current Error" value="-20.000000" />
  <attribute name="IntegralT" value="-20.000000" />
  <attribute name="IntegralI" value="-20.000000" />
  <attribute name="IntegralH" value="-20.000000" />
  <attribute name="DerivativeT" value="-97.500000" />
  <attribute name="DerivativeI" value="-97.500000" />
  <attribute name="DerivativeH" value="-97.500000" />
  <attribute name="Loop Time for DT" value="1.000000" />
  <attribute name="Output H" value="2091843584"/>
  <attribute name="Output I" value="200"/>
  <attribute name="Output T" value="4"/>
  <attribute name="Target GC Util Change" value ="20.000000" />
  <attribute name="Current GC Util Change" value="0.000000"/>
  <attribute name="GC Util currently" value="0" />
  <attribute name="CPU Util currently" value="5939228256902" />
<exclusive-end id="62" timestamp="2019-06-17T03:28:32.636" durationms="2.775" />

<exclusive-start id="63" timestamp="2019-06-17T03:28:32.651" intervalms="17.342">
  <response-info timems="0.198" idlems="0.198" threads="0" lastid="0000000001068100" lastname="Thread-8" />
</exclusive-start>
<allocation-taxation id="64" taxation-threshold="3145728" timestamp="2019-06-17T03:28:32.651" intervalms="17.318" />
<cycle-start id="65" type="partial gc" contextid="0" timestamp="2019-06-17T03:28:32.651" intervalms="52.826" />
<gc-start id="66" type="partial gc" contextid="65" timestamp="2019-06-17T03:28:32.651">
  <mem-info id="67" free="0" total="11534336" percent="0">
    <mem type="eden" free="0" total="6291456" percent="0" />
    <remembered-set count="1472" freebytes="454528" totalbytes="460416" percent="98" regionsoverflowed="0" regionsstable="1" regionsrebuilding="0"/>
  </mem-info>
</gc-start>
<allocation-stats totalBytes="6284864" >
  <allocated-bytes non-tlh="536032" tlh="5748832" arrayletleaf="0"/>
  <largest-consumer threadName="Thread-10" threadId="0000000001064500" bytes="1035984" />
</allocation-stats>
<gc-op id="68" type="sweep" timems="0.358" contextid="65" timestamp="2019-06-17T03:28:32.652" />
<gc-op id="69" type="copy forward" timems="2.716" contextid="65" timestamp="2019-06-17T03:28:32.655">
  <memory-copied type="eden" objects="510" bytes="12240" bytesdiscarded="0" />
  <memory-copied type="other" objects="20316" bytes="1363056" bytesdiscarded="24" />
  <memory-cardclean objects="272" bytes="12456" />
  <memory-traced type="eden" objects="450" bytes="12112" />
  <memory-traced type="other" objects="0" bytes="0" />
  <regions eden="3" other="3" evacuated="5" marked="1" />
  <remembered-set-cleared processed="353" cleared="30" durationms="0.053" />
  <stringconstants candidates="4596" cleared="0"  />
  <heap-resize type="expand" space="default" amount="1048576" count="1" timems="0.060" reason="continue current collection" />
</gc-op>
<gc-op id="70" type="classunload" timems="0.002" contextid="65" timestamp="2019-06-17T03:28:32.655">
  <classunload-info classloadercandidates="8" classloadersunloaded="0" classesunloaded="0" anonymousclassesunloaded="0" quiescems="0.000" setupms="0.002" scanms="0.000" postms="0.000" />
</gc-op>
<gc-op id="71" type="compact" timems="1.097" contextid="65" timestamp="2019-06-17T03:28:32.656">
  <compact-info movecount="450" movebytes="12112" />
  <remembered-set-cleared processed="960" cleared="59" durationms="0.055" />
</gc-op>
<heap-resize id="72" type="expand" space="default" amount="3145728" count="1" timems="0.066" reason="excessive time being spent in gc" timestamp="2019-06-17T03:28:32.657" />
<gc-end id="73" type="partial gc" contextid="65" durationms="5.588" usertimems="4.000" systemtimems="0.000" timestamp="2019-06-17T03:28:32.657" activeThreads="4">
  <mem-info id="74" free="8388608" total="15728640" percent="53">
    <mem type="eden" free="1758256" total="3145728" percent="55" />
    <remembered-set count="2272" freebytes="618752" totalbytes="627840" percent="98" regionsoverflowed="0" regionsstable="1" regionsrebuilding="0"/>
  </mem-info>
</gc-end>
<cycle-end id="75" type="partial gc" contextid="65" timestamp="2019-06-17T03:28:32.657" />
  <attribute name="elasticGC enabled" value="1" />
  <attribute name= "numThreadsSpecified" value="4" />
  <attribute name="heapSize specified" value="0" />
  <attribute name="Current GC Util" value="0" />
  <attribute name= "Current Time Running" value="931" />
  <attribute name ="GC Interval" value="0" />
  <attribute name="ProportionalT" value="-30.000000" />
  <attribute name="ProportionalI" value="-30.000000" />
  <attribute name="ProportionalH" value="-30.000000" />
  <attribute name="Current Error" value="-20.000000" />
  <attribute name="IntegralT" value="-60.000000" />
  <attribute name="IntegralI" value="-60.000000" />
  <attribute name="IntegralH" value="-60.000000" />
  <attribute name="DerivativeT" value="-22.500000" />
  <attribute name="DerivativeI" value="-22.500000" />
  <attribute name="DerivativeH" value="-22.500000" />
  <attribute name="Loop Time for DT" value="3.000000" />
  <attribute name="Output H" value="2091843584"/>
  <attribute name="Output I" value="200"/>
  <attribute name="Output T" value="4"/>
  <attribute name="Target GC Util Change" value ="20.000000" />
  <attribute name="Current GC Util Change" value="0.000000"/>
  <attribute name="GC Util currently" value="0" />
  <attribute name="CPU Util currently" value="1517348374226" />
<exclusive-end id="76" timestamp="2019-06-17T03:28:32.657" durationms="6.135" />

<exclusive-start id="77" timestamp="2019-06-17T03:28:32.676" intervalms="24.503">
  <response-info timems="0.030" idlems="0.030" threads="0" lastid="0000000001068100" lastname="Thread-8" />
</exclusive-start>
<allocation-taxation id="78" taxation-threshold="8388608" timestamp="2019-06-17T03:28:32.676" intervalms="24.515" />
<cycle-start id="79" type="partial gc" contextid="0" timestamp="2019-06-17T03:28:32.676" intervalms="24.521" />
<gc-start id="80" type="partial gc" contextid="79" timestamp="2019-06-17T03:28:32.676">
  <mem-info id="81" free="0" total="15728640" percent="0">
    <mem type="eden" free="1036464" total="9437184" percent="10" />
    <remembered-set count="1824" freebytes="620544" totalbytes="627840" percent="98" regionsoverflowed="0" regionsstable="1" regionsrebuilding="0"/>
  </mem-info>
</gc-start>
<allocation-stats totalBytes="8387040" >
  <allocated-bytes non-tlh="0" tlh="8387040" arrayletleaf="0"/>
  <largest-consumer threadName="Thread-10" threadId="0000000001064500" bytes="2743888" />
</allocation-stats>
<gc-op id="82" type="mark" timems="1.517" contextid="79" timestamp="2019-06-17T03:28:32.678">
  <trace-info objectcount="23649" scancount="23564" scanbytes="1120460" />
  <cardclean-info objects="34" bytes="2404" />
  <remembered-set-cleared processed="451" cleared="112" durationms="0.054" />
  <stringconstants candidates="4596" cleared="0"  />
  <warning details="Mark invoked due to insufficient free space for Copy-Forward" />
</gc-op>
<gc-op id="83" type="classunload" timems="0.002" contextid="79" timestamp="2019-06-17T03:28:32.678">
  <classunload-info classloadercandidates="8" classloadersunloaded="0" classesunloaded="0" anonymousclassesunloaded="0" quiescems="0.000" setupms="0.002" scanms="0.000" postms="0.000" />
</gc-op>
<gc-op id="84" type="sweep" timems="0.460" contextid="79" timestamp="2019-06-17T03:28:32.679" />
<gc-op id="85" type="compact" timems="2.750" contextid="79" timestamp="2019-06-17T03:28:32.682">
  <compact-info movecount="23479" movebytes="1439912" />
  <remembered-set-cleared processed="1027" cleared="349" durationms="0.054" />
</gc-op>
<heap-resize id="86" type="expand" space="default" amount="3145728" count="1" timems="0.069" reason="excessive time being spent in gc" timestamp="2019-06-17T03:28:32.682" />
<gc-end id="87" type="partial gc" contextid="79" durationms="6.001" usertimems="8.000" systemtimems="0.000" timestamp="2019-06-17T03:28:32.682" activeThreads="1">
  <mem-info id="88" free="11534336" total="18874368" percent="61">
    <mem type="eden" free="984912" total="2097152" percent="46" />
    <remembered-set count="2400" freebytes="743808" totalbytes="753408" percent="98" regionsoverflowed="0" regionsstable="1" regionsrebuilding="0"/>
  </mem-info>
</gc-end>
<cycle-end id="89" type="partial gc" contextid="79" timestamp="2019-06-17T03:28:32.682" />
  <attribute name="elasticGC enabled" value="1" />
  <attribute name= "numThreadsSpecified" value="1" />
  <attribute name="heapSize specified" value="0" />
  <attribute name="Current GC Util" value="30" />
  <attribute name= "Current Time Running" value="954" />
  <attribute name ="GC Interval" value="0" />
  <attribute name="ProportionalT" value="15.000000" />
  <attribute name="ProportionalI" value="15.000000" />
  <attribute name="ProportionalH" value="15.000000" />
  <attribute name="Current Error" value="10.000000" />
  <attribute name="IntegralT" value="0.000000" />
  <attribute name="IntegralI" value="0.000000" />
  <attribute name="IntegralH" value="0.000000" />
  <attribute name="DerivativeT" value="inf" />
  <attribute name="DerivativeI" value="inf" />
  <attribute name="DerivativeH" value="inf" />
  <attribute name="Loop Time for DT" value="0.000000" />
  <attribute name="Output H" value="8388608"/>
  <attribute name="Output I" value="200"/>
  <attribute name="Output T" value="1"/>
  <attribute name="Target GC Util Change" value ="20.000000" />
  <attribute name="Current GC Util Change" value="30.000000"/>
  <attribute name="GC Util currently" value="30" />
  <attribute name="CPU Util currently" value="6732938776711" />
<exclusive-end id="90" timestamp="2019-06-17T03:28:32.682" durationms="6.686" />

<exclusive-start id="91" timestamp="2019-06-17T03:28:32.700" intervalms="24.086">
  <response-info timems="0.023" idlems="0.023" threads="0" lastid="0000000001064500" lastname="Thread-10" />
</exclusive-start>
<allocation-taxation id="92" taxation-threshold="11534336" timestamp="2019-06-17T03:28:32.700" intervalms="24.149" />
<cycle-start id="93" type="partial gc" contextid="0" timestamp="2019-06-17T03:28:32.700" intervalms="24.205" />
<gc-start id="94" type="partial gc" contextid="93" timestamp="2019-06-17T03:28:32.700">
  <mem-info id="95" free="0" total="18874368" percent="0">
    <mem type="eden" free="0" total="11534336" percent="0" />
    <remembered-set count="2208" freebytes="744576" totalbytes="753408" percent="98" regionsoverflowed="0" regionsstable="1" regionsrebuilding="0"/>
  </mem-info>
</gc-start>
<allocation-stats totalBytes="11532576" >
  <allocated-bytes non-tlh="0" tlh="11532576" arrayletleaf="0"/>
  <largest-consumer threadName="Thread-10" threadId="0000000001064500" bytes="3513936" />
</allocation-stats>
<gc-op id="96" type="mark" timems="1.049" contextid="93" timestamp="2019-06-17T03:28:32.702">
  <trace-info objectcount="5756" scancount="5756" scanbytes="139480" />
  <cardclean-info objects="7681" bytes="369400" />
  <remembered-set-cleared processed="732" cleared="259" durationms="0.067" />
  <stringconstants candidates="4596" cleared="0"  />
  <warning details="Mark invoked due to insufficient free space for Copy-Forward" />
</gc-op>
<gc-op id="97" type="classunload" timems="0.002" contextid="93" timestamp="2019-06-17T03:28:32.702">
  <classunload-info classloadercandidates="8" classloadersunloaded="0" classesunloaded="0" anonymousclassesunloaded="0" quiescems="0.000" setupms="0.002" scanms="0.000" postms="0.000" />
</gc-op>
<gc-op id="98" type="sweep" timems="0.451" contextid="93" timestamp="2019-06-17T03:28:32.702" />
<gc-op id="99" type="compact" timems="1.513" contextid="93" timestamp="2019-06-17T03:28:32.704">
  <compact-info movecount="4120" movebytes="100216" />
  <remembered-set-cleared processed="1587" cleared="635" durationms="0.067" />
</gc-op>
<heap-resize id="100" type="expand" space="default" amount="2097152" count="1" timems="0.061" reason="excessive time being spent in gc" timestamp="2019-06-17T03:28:32.704" />
<gc-end id="101" type="partial gc" contextid="93" durationms="4.349" usertimems="4.000" systemtimems="0.000" timestamp="2019-06-17T03:28:32.704" activeThreads="1">
  <mem-info id="102" free="12582912" total="20971520" percent="60">
    <mem type="eden" free="967776" total="1048576" percent="92" />
    <remembered-set count="3104" freebytes="824704" totalbytes="837120" percent="98" regionsoverflowed="0" regionsstable="1" regionsrebuilding="0"/>
  </mem-info>
</gc-end>
<cycle-end id="103" type="partial gc" contextid="93" timestamp="2019-06-17T03:28:32.705" />
  <attribute name="elasticGC enabled" value="1" />
  <attribute name= "numThreadsSpecified" value="1" />
  <attribute name="heapSize specified" value="0" />
  <attribute name="Current GC Util" value="29" />
  <attribute name= "Current Time Running" value="978" />
  <attribute name ="GC Interval" value="0" />
  <attribute name="ProportionalT" value="13.500000" />
  <attribute name="ProportionalI" value="13.500000" />
  <attribute name="ProportionalH" value="13.500000" />
  <attribute name="Current Error" value="9.000000" />
  <attribute name="IntegralT" value="0.000000" />
  <attribute name="IntegralI" value="0.000000" />
  <attribute name="IntegralH" value="0.000000" />
  <attribute name="DerivativeT" value="inf" />
  <attribute name="DerivativeI" value="inf" />
  <attribute name="DerivativeH" value="inf" />
  <attribute name="Loop Time for DT" value="0.000000" />
  <attribute name="Output H" value="8388608"/>
  <attribute name="Output I" value="200"/>
  <attribute name="Output T" value="1"/>
  <attribute name="Target GC Util Change" value ="20.000000" />
  <attribute name="Current GC Util Change" value="29.000000"/>
  <attribute name="GC Util currently" value="29" />
  <attribute name="CPU Util currently" value="6667031967395" />
<exclusive-end id="104" timestamp="2019-06-17T03:28:32.705" durationms="5.133" />

<exclusive-start id="105" timestamp="2019-06-17T03:28:32.719" intervalms="19.104">
  <response-info timems="0.192" idlems="0.101" threads="2" lastid="000000000105CD00" lastname="Thread-9" />
</exclusive-start>
<allocation-taxation id="106" taxation-threshold="11534336" timestamp="2019-06-17T03:28:32.719" intervalms="19.049" />
<cycle-start id="107" type="partial gc" contextid="0" timestamp="2019-06-17T03:28:32.719" intervalms="18.990" />
<gc-start id="108" type="partial gc" contextid="107" timestamp="2019-06-17T03:28:32.719">
  <mem-info id="109" free="1048576" total="20971520" percent="5">
    <mem type="eden" free="0" total="11534336" percent="0" />
    <remembered-set count="2912" freebytes="825472" totalbytes="837120" percent="98" regionsoverflowed="0" regionsstable="1" regionsrebuilding="0"/>
  </mem-info>
</gc-start>
<allocation-stats totalBytes="11532896" >
  <allocated-bytes non-tlh="0" tlh="11532896" arrayletleaf="0"/>
  <largest-consumer threadName="Thread-10" threadId="0000000001064500" bytes="3730992" />
</allocation-stats>
<gc-op id="110" type="copy forward" timems="1.365" contextid="107" timestamp="2019-06-17T03:28:32.721">
  <memory-copied type="eden" objects="2383" bytes="58256" bytesdiscarded="0" />
  <memory-copied type="other" objects="3040" bytes="72960" bytesdiscarded="0" />
  <memory-cardclean objects="7481" bytes="360088" />
  <regions eden="11" other="1" />
  <remembered-set-cleared processed="1275" cleared="420" durationms="0.069" />
  <stringconstants candidates="4596" cleared="0"  />
  <heap-resize type="expand" space="default" amount="1048576" count="1" timems="0.053" reason="continue current collection" />
</gc-op>
<gc-op id="111" type="classunload" timems="0.008" contextid="107" timestamp="2019-06-17T03:28:32.721">
  <classunload-info classloadercandidates="8" classloadersunloaded="0" classesunloaded="0" anonymousclassesunloaded="0" quiescems="0.000" setupms="0.007" scanms="0.000" postms="0.000" />
</gc-op>
<heap-resize id="112" type="expand" space="default" amount="2097152" count="1" timems="0.063" reason="excessive time being spent in gc" timestamp="2019-06-17T03:28:32.721" />
<gc-end id="113" type="partial gc" contextid="107" durationms="2.317" usertimems="4.000" systemtimems="0.000" timestamp="2019-06-17T03:28:32.721" activeThreads="1">
  <mem-info id="114" free="14680064" total="24117248" percent="60">
    <mem type="eden" free="990320" total="1048576" percent="94" />
    <remembered-set count="3488" freebytes="948736" totalbytes="962688" percent="98" regionsoverflowed="0" regionsstable="1" regionsrebuilding="0"/>
  </mem-info>
</gc-end>
<cycle-end id="115" type="partial gc" contextid="107" timestamp="2019-06-17T03:28:32.722" />
  <attribute name="elasticGC enabled" value="1" />
  <attribute name= "numThreadsSpecified" value="1" />
  <attribute name="heapSize specified" value="0" />
  <attribute name="Current GC Util" value="60" />
  <attribute name= "Current Time Running" value="995" />
  <attribute name ="GC Interval" value="0" />
  <attribute name="ProportionalT" value="60.000000" />
  <attribute name="ProportionalI" value="60.000000" />
  <attribute name="ProportionalH" value="60.000000" />
  <attribute name="Current Error" value="40.000000" />
  <attribute name="IntegralT" value="0.000000" />
  <attribute name="IntegralI" value="0.000000" />
  <attribute name="IntegralH" value="0.000000" />
  <attribute name="DerivativeT" value="inf" />
  <attribute name="DerivativeI" value="inf" />
  <attribute name="DerivativeH" value="inf" />
  <attribute name="Loop Time for DT" value="0.000000" />
  <attribute name="Output H" value="8388608"/>
  <attribute name="Output I" value="200"/>
  <attribute name="Output T" value="1"/>
  <attribute name="Target GC Util Change" value ="20.000000" />
  <attribute name="Current GC Util Change" value="60.000000"/>
  <attribute name="GC Util currently" value="60" />
  <attribute name="CPU Util currently" value="22667862809916" />
<exclusive-end id="116" timestamp="2019-06-17T03:28:32.722" durationms="2.968" />

<exclusive-start id="117" timestamp="2019-06-17T03:28:32.735" intervalms="16.432">
  <response-info timems="0.026" idlems="0.026" threads="0" lastid="0000000001060900" lastname="Thread-7" />
</exclusive-start>
<allocation-taxation id="118" taxation-threshold="12582912" timestamp="2019-06-17T03:28:32.735" intervalms="16.466" />
<cycle-start id="119" type="partial gc" contextid="0" timestamp="2019-06-17T03:28:32.736" intervalms="16.667" />
<gc-start id="120" type="partial gc" contextid="119" timestamp="2019-06-17T03:28:32.736">
  <mem-info id="121" free="2097152" total="24117248" percent="8">
    <mem type="eden" free="0" total="12582912" percent="0" />
    <remembered-set count="3488" freebytes="948736" totalbytes="962688" percent="98" regionsoverflowed="0" regionsstable="1" regionsrebuilding="0"/>
  </mem-info>
</gc-start>
<allocation-stats totalBytes="12580712" >
  <allocated-bytes non-tlh="256" tlh="12580456" arrayletleaf="0"/>
  <largest-consumer threadName="Thread-7" threadId="0000000001060900" bytes="4230648" />
</allocation-stats>
<gc-op id="122" type="copy forward" timems="1.412" contextid="119" timestamp="2019-06-17T03:28:32.738">
  <memory-copied type="eden" objects="2832" bytes="75472" bytesdiscarded="0" />
  <memory-copied type="other" objects="2174" bytes="52176" bytesdiscarded="0" />
  <memory-cardclean objects="6532" bytes="317304" />
  <regions eden="12" other="1" />
  <remembered-set-cleared processed="1915" cleared="619" durationms="0.078" />
  <stringconstants candidates="4597" cleared="0"  />
</gc-op>
<gc-op id="123" type="classunload" timems="0.002" contextid="119" timestamp="2019-06-17T03:28:32.738">
  <classunload-info classloadercandidates="8" classloadersunloaded="0" classesunloaded="0" anonymousclassesunloaded="0" quiescems="0.000" setupms="0.002" scanms="0.000" postms="0.000" />
</gc-op>
<heap-resize id="124" type="expand" space="default" amount="2097152" count="1" timems="0.060" reason="excessive time being spent in gc" timestamp="2019-06-17T03:28:32.738" />
<gc-end id="125" type="partial gc" contextid="119" durationms="2.443" usertimems="4.000" systemtimems="0.000" timestamp="2019-06-17T03:28:32.738" activeThreads="1">
  <mem-info id="126" free="15728640" total="26214400" percent="60">
    <mem type="eden" free="973104" total="1048576" percent="92" />
    <remembered-set count="4448" freebytes="1028608" totalbytes="1046400" percent="98" regionsoverflowed="0" regionsstable="1" regionsrebuilding="0"/>
  </mem-info>
</gc-end>
<cycle-end id="127" type="partial gc" contextid="119" timestamp="2019-06-17T03:28:32.738" />
  <attribute name="elasticGC enabled" value="1" />
  <attribute name= "numThreadsSpecified" value="1" />
  <attribute name="heapSize specified" value="0" />
  <attribute name="Current GC Util" value="58" />
  <attribute name= "Current Time Running" value="1012" />
  <attribute name ="GC Interval" value="0" />
  <attribute name="ProportionalT" value="57.000000" />
  <attribute name="ProportionalI" value="57.000000" />
  <attribute name="ProportionalH" value="57.000000" />
  <attribute name="Current Error" value="38.000000" />
  <attribute name="IntegralT" value="0.000000" />
  <attribute name="IntegralI" value="0.000000" />
  <attribute name="IntegralH" value="0.000000" />
  <attribute name="DerivativeT" value="inf" />
  <attribute name="DerivativeI" value="inf" />
  <attribute name="DerivativeH" value="inf" />
  <attribute name="Loop Time for DT" value="0.000000" />
  <attribute name="Output H" value="8388608"/>
  <attribute name="Output I" value="200"/>
  <attribute name="Output T" value="1"/>
  <attribute name="Target GC Util Change" value ="20.000000" />
  <attribute name="Current GC Util Change" value="58.000000"/>
  <attribute name="GC Util currently" value="58" />
  <attribute name="CPU Util currently" value="22799766732258" />
<exclusive-end id="128" timestamp="2019-06-17T03:28:32.738" durationms="3.273" />

<exclusive-start id="129" timestamp="2019-06-17T03:28:32.753" intervalms="18.208">
  <response-info timems="0.023" idlems="0.023" threads="0" lastid="0000000001060900" lastname="Thread-7" />
</exclusive-start>
<allocation-taxation id="130" taxation-threshold="13631488" timestamp="2019-06-17T03:28:32.753" intervalms="18.187" />
<cycle-start id="131" type="partial gc" contextid="0" timestamp="2019-06-17T03:28:32.754" intervalms="17.990" />
<gc-start id="132" type="partial gc" contextid="131" timestamp="2019-06-17T03:28:32.754">
  <mem-info id="133" free="2097152" total="26214400" percent="8">
    <mem type="eden" free="0" total="13631488" percent="0" />
    <remembered-set count="4000" freebytes="1030400" totalbytes="1046400" percent="98" regionsoverflowed="0" regionsstable="1" regionsrebuilding="0"/>
  </mem-info>
</gc-start>
<allocation-stats totalBytes="13629680" >
  <allocated-bytes non-tlh="0" tlh="13629680" arrayletleaf="0"/>
  <largest-consumer threadName="Thread-7" threadId="0000000001060900" bytes="4693432" />
</allocation-stats>
<gc-op id="134" type="copy forward" timems="1.675" contextid="131" timestamp="2019-06-17T03:28:32.756">
  <memory-copied type="eden" objects="6234" bytes="302880" bytesdiscarded="0" />
  <memory-copied type="other" objects="2646" bytes="70088" bytesdiscarded="0" />
  <memory-cardclean objects="5287" bytes="259328" />
  <regions eden="13" other="1" />
  <remembered-set-cleared processed="2446" cleared="680" durationms="0.081" />
  <stringconstants candidates="4597" cleared="0"  />
</gc-op>
<gc-op id="135" type="classunload" timems="0.002" contextid="131" timestamp="2019-06-17T03:28:32.756">
  <classunload-info classloadercandidates="8" classloadersunloaded="0" classesunloaded="0" anonymousclassesunloaded="0" quiescems="0.000" setupms="0.002" scanms="0.000" postms="0.000" />
</gc-op>
<heap-resize id="136" type="expand" space="default" amount="3145728" count="1" timems="0.066" reason="excessive time being spent in gc" timestamp="2019-06-17T03:28:32.756" />
<gc-end id="137" type="partial gc" contextid="131" durationms="2.653" usertimems="0.000" systemtimems="0.000" timestamp="2019-06-17T03:28:32.756" activeThreads="1">
  <mem-info id="138" free="17825792" total="29360128" percent="60">
    <mem type="eden" free="745696" total="1048576" percent="71" />
    <remembered-set count="4448" freebytes="1154176" totalbytes="1171968" percent="98" regionsoverflowed="0" regionsstable="1" regionsrebuilding="0"/>
  </mem-info>
</gc-end>
<cycle-end id="139" type="partial gc" contextid="131" timestamp="2019-06-17T03:28:32.757" />
  <attribute name="elasticGC enabled" value="1" />
  <attribute name= "numThreadsSpecified" value="1" />
  <attribute name="heapSize specified" value="0" />
  <attribute name="Current GC Util" value="54" />
  <attribute name= "Current Time Running" value="1030" />
  <attribute name ="GC Interval" value="0" />
  <attribute name="ProportionalT" value="51.000000" />
  <attribute name="ProportionalI" value="51.000000" />
  <attribute name="ProportionalH" value="51.000000" />
  <attribute name="Current Error" value="34.000000" />
  <attribute name="IntegralT" value="0.000000" />
  <attribute name="IntegralI" value="0.000000" />
  <attribute name="IntegralH" value="0.000000" />
  <attribute name="DerivativeT" value="inf" />
  <attribute name="DerivativeI" value="inf" />
  <attribute name="DerivativeH" value="inf" />
  <attribute name="Loop Time for DT" value="0.000000" />
  <attribute name="Output H" value="8388608"/>
  <attribute name="Output I" value="200"/>
  <attribute name="Output T" value="1"/>
  <attribute name="Target GC Util Change" value ="20.000000" />
  <attribute name="Current GC Util Change" value="54.000000"/>
  <attribute name="GC Util currently" value="54" />
  <attribute name="CPU Util currently" value="20653440237125" />
<exclusive-end id="140" timestamp="2019-06-17T03:28:32.757" durationms="3.232" />

<exclusive-start id="141" timestamp="2019-06-17T03:28:32.769" intervalms="15.478">
  <response-info timems="0.026" idlems="0.026" threads="0" lastid="0000000001060900" lastname="Thread-7" />
</exclusive-start>
<allocation-taxation id="142" taxation-threshold="13631488" timestamp="2019-06-17T03:28:32.769" intervalms="15.455" />
<cycle-start id="143" type="partial gc" contextid="0" timestamp="2019-06-17T03:28:32.769" intervalms="15.448" />
<gc-start id="144" type="partial gc" contextid="143" timestamp="2019-06-17T03:28:32.769">
  <mem-info id="145" free="4194304" total="29360128" percent="14">
    <mem type="eden" free="0" total="13631488" percent="0" />
    <remembered-set count="4416" freebytes="1154304" totalbytes="1171968" percent="98" regionsoverflowed="0" regionsstable="1" regionsrebuilding="0"/>
  </mem-info>
</gc-start>
<allocation-stats totalBytes="13629400" >
  <allocated-bytes non-tlh="0" tlh="13629400" arrayletleaf="0"/>
  <largest-consumer threadName="Thread-10" threadId="0000000001064500" bytes="3538400" />
</allocation-stats>
<gc-op id="146" type="copy forward" timems="1.399" contextid="143" timestamp="2019-06-17T03:28:32.771">
  <memory-copied type="eden" objects="1986" bytes="48744" bytesdiscarded="0" />
  <memory-copied type="other" objects="6038" bytes="297208" bytesdiscarded="0" />
  <memory-cardclean objects="3935" bytes="189496" />
  <regions eden="13" other="1" />
  <remembered-set-cleared processed="2948" cleared="490" durationms="0.084" />
  <stringconstants candidates="4597" cleared="0"  />
</gc-op>
<gc-op id="147" type="classunload" timems="0.001" contextid="143" timestamp="2019-06-17T03:28:32.771">
  <classunload-info classloadercandidates="8" classloadersunloaded="0" classesunloaded="0" anonymousclassesunloaded="0" quiescems="0.000" setupms="0.001" scanms="0.000" postms="0.000" />
</gc-op>
<heap-resize id="148" type="expand" space="default" amount="2097152" count="1" timems="0.060" reason="excessive time being spent in gc" timestamp="2019-06-17T03:28:32.771" />
<gc-end id="149" type="partial gc" contextid="143" durationms="2.382" usertimems="4.000" systemtimems="0.000" timestamp="2019-06-17T03:28:32.772" activeThreads="1">
  <mem-info id="150" free="18874368" total="31457280" percent="60">
    <mem type="eden" free="999832" total="1048576" percent="95" />
    <remembered-set count="5120" freebytes="1235200" totalbytes="1255680" percent="98" regionsoverflowed="0" regionsstable="1" regionsrebuilding="0"/>
  </mem-info>
</gc-end>
<cycle-end id="151" type="partial gc" contextid="143" timestamp="2019-06-17T03:28:32.772" />
  <attribute name="elasticGC enabled" value="1" />
  <attribute name= "numThreadsSpecified" value="1" />
  <attribute name="heapSize specified" value="0" />
  <attribute name="Current GC Util" value="66" />
  <attribute name= "Current Time Running" value="1045" />
  <attribute name ="GC Interval" value="0" />
  <attribute name="ProportionalT" value="69.000000" />
  <attribute name="ProportionalI" value="69.000000" />
  <attribute name="ProportionalH" value="69.000000" />
  <attribute name="Current Error" value="46.000000" />
  <attribute name="IntegralT" value="0.000000" />
  <attribute name="IntegralI" value="0.000000" />
  <attribute name="IntegralH" value="0.000000" />
  <attribute name="DerivativeT" value="inf" />
  <attribute name="DerivativeI" value="inf" />
  <attribute name="DerivativeH" value="inf" />
  <attribute name="Loop Time for DT" value="0.000000" />
  <attribute name="Output H" value="8388608"/>
  <attribute name="Output I" value="200"/>
  <attribute name="Output T" value="1"/>
  <attribute name="Target GC Util Change" value ="20.000000" />
  <attribute name="Current GC Util Change" value="66.000000"/>
  <attribute name="GC Util currently" value="66" />
  <attribute name="CPU Util currently" value="21658937818084" />
<exclusive-end id="152" timestamp="2019-06-17T03:28:32.772" durationms="2.889" />

<exclusive-start id="153" timestamp="2019-06-17T03:28:32.792" intervalms="23.040">
  <response-info timems="0.030" idlems="0.030" threads="0" lastid="0000000001060900" lastname="Thread-7" />
</exclusive-start>
<allocation-taxation id="154" taxation-threshold="14680064" timestamp="2019-06-17T03:28:32.792" intervalms="23.065" />
<cycle-start id="155" type="partial gc" contextid="0" timestamp="2019-06-17T03:28:32.792" intervalms="23.072" />
<gc-start id="156" type="partial gc" contextid="155" timestamp="2019-06-17T03:28:32.792">
  <mem-info id="157" free="4194304" total="31457280" percent="13">
    <mem type="eden" free="0" total="14680064" percent="0" />
    <remembered-set count="4960" freebytes="1235840" totalbytes="1255680" percent="98" regionsoverflowed="0" regionsstable="1" regionsrebuilding="0"/>
  </mem-info>
</gc-start>
<allocation-stats totalBytes="14678312" >
  <allocated-bytes non-tlh="0" tlh="14678312" arrayletleaf="0"/>
  <largest-consumer threadName="Thread-7" threadId="0000000001060900" bytes="4726248" />
</allocation-stats>
<gc-op id="158" type="copy forward" timems="1.596" contextid="155" timestamp="2019-06-17T03:28:32.794">
  <memory-copied type="eden" objects="2335" bytes="56816" bytesdiscarded="0" />
  <memory-copied type="other" objects="4222" bytes="101328" bytesdiscarded="0" />
  <memory-cardclean objects="9882" bytes="498208" />
  <regions eden="14" other="2" />
  <remembered-set-cleared processed="2939" cleared="1047" durationms="0.091" />
  <stringconstants candidates="4597" cleared="0"  />
</gc-op>
<gc-op id="159" type="classunload" timems="0.003" contextid="155" timestamp="2019-06-17T03:28:32.794">
  <classunload-info classloadercandidates="8" classloadersunloaded="0" classesunloaded="0" anonymousclassesunloaded="0" quiescems="0.000" setupms="0.002" scanms="0.000" postms="0.000" />
</gc-op>
<heap-resize id="160" type="expand" space="default" amount="3145728" count="1" timems="0.067" reason="excessive time being spent in gc" timestamp="2019-06-17T03:28:32.795" />
<gc-end id="161" type="partial gc" contextid="155" durationms="2.614" usertimems="4.000" systemtimems="0.000" timestamp="2019-06-17T03:28:32.795" activeThreads="1">
  <mem-info id="162" free="20971520" total="34603008" percent="60">
    <mem type="eden" free="991760" total="1048576" percent="94" />
    <remembered-set count="5600" freebytes="1358848" totalbytes="1381248" percent="98" regionsoverflowed="0" regionsstable="1" regionsrebuilding="0"/>
  </mem-info>
</gc-end>
<cycle-end id="163" type="partial gc" contextid="155" timestamp="2019-06-17T03:28:32.795" />
  <attribute name="elasticGC enabled" value="1" />
  <attribute name= "numThreadsSpecified" value="1" />
  <attribute name="heapSize specified" value="0" />
  <attribute name="Current GC Util" value="64" />
  <attribute name= "Current Time Running" value="1068" />
  <attribute name ="GC Interval" value="0" />
  <attribute name="ProportionalT" value="66.000000" />
  <attribute name="ProportionalI" value="66.000000" />
  <attribute name="ProportionalH" value="66.000000" />
  <attribute name="Current Error" value="44.000000" />
  <attribute name="IntegralT" value="0.000000" />
  <attribute name="IntegralI" value="0.000000" />
  <attribute name="IntegralH" value="0.000000" />
  <attribute name="DerivativeT" value="inf" />
  <attribute name="DerivativeI" value="inf" />
  <attribute name="DerivativeH" value="inf" />
  <attribute name="Loop Time for DT" value="0.000000" />
  <attribute name="Output H" value="8388608"/>
  <attribute name="Output I" value="200"/>
  <attribute name="Output T" value="1"/>
  <attribute name="Target GC Util Change" value ="20.000000" />
  <attribute name="Current GC Util Change" value="64.000000"/>
  <attribute name="GC Util currently" value="64" />
  <attribute name="CPU Util currently" value="20650758187789" />
<exclusive-end id="164" timestamp="2019-06-17T03:28:32.795" durationms="3.208" />

<exclusive-start id="165" timestamp="2019-06-17T03:28:32.811" intervalms="18.924">
  <response-info timems="0.050" idlems="0.050" threads="0" lastid="0000000001060900" lastname="Thread-7" />
</exclusive-start>
<allocation-taxation id="166" taxation-threshold="15728640" timestamp="2019-06-17T03:28:32.811" intervalms="18.960" />
<cycle-start id="167" type="partial gc" contextid="0" timestamp="2019-06-17T03:28:32.811" intervalms="18.959" />
<gc-start id="168" type="partial gc" contextid="167" timestamp="2019-06-17T03:28:32.811">
  <mem-info id="169" free="5242880" total="34603008" percent="15">
    <mem type="eden" free="0" total="15728640" percent="0" />
    <remembered-set count="5472" freebytes="1359360" totalbytes="1381248" percent="98" regionsoverflowed="0" regionsstable="1" regionsrebuilding="0"/>
  </mem-info>
</gc-start>
<allocation-stats totalBytes="15726712" >
  <allocated-bytes non-tlh="0" tlh="15726712" arrayletleaf="0"/>
  <largest-consumer threadName="Thread-7" threadId="0000000001060900" bytes="5361080" />
</allocation-stats>
<gc-op id="170" type="copy forward" timems="1.960" contextid="167" timestamp="2019-06-17T03:28:32.814">
  <memory-copied type="eden" objects="2727" bytes="66080" bytesdiscarded="0" />
  <memory-copied type="other" objects="6499" bytes="384944" bytesdiscarded="0" />
  <memory-cardclean objects="8111" bytes="445808" />
  <regions eden="15" other="2" />
  <remembered-set-cleared processed="3718" cleared="1223" durationms="0.101" />
  <stringconstants candidates="4597" cleared="0"  />
</gc-op>
<gc-op id="171" type="classunload" timems="0.002" contextid="167" timestamp="2019-06-17T03:28:32.814">
  <classunload-info classloadercandidates="8" classloadersunloaded="0" classesunloaded="0" anonymousclassesunloaded="0" quiescems="0.000" setupms="0.002" scanms="0.000" postms="0.000" />
</gc-op>
<heap-resize id="172" type="expand" space="default" amount="2097152" count="1" timems="0.060" reason="excessive time being spent in gc" timestamp="2019-06-17T03:28:32.814" />
<gc-end id="173" type="partial gc" contextid="167" durationms="2.966" usertimems="4.000" systemtimems="0.000" timestamp="2019-06-17T03:28:32.814" activeThreads="1">
  <mem-info id="174" free="22020096" total="36700160" percent="60">
    <mem type="eden" free="982496" total="1048576" percent="93" />
    <remembered-set count="6272" freebytes="1439872" totalbytes="1464960" percent="98" regionsoverflowed="0" regionsstable="1" regionsrebuilding="0"/>
  </mem-info>
</gc-end>
<cycle-end id="175" type="partial gc" contextid="167" timestamp="2019-06-17T03:28:32.814" />
  <attribute name="elasticGC enabled" value="1" />
  <attribute name= "numThreadsSpecified" value="1" />
  <attribute name="heapSize specified" value="0" />
  <attribute name="Current GC Util" value="64" />
  <attribute name= "Current Time Running" value="1087" />
  <attribute name ="GC Interval" value="0" />
  <attribute name="ProportionalT" value="66.000000" />
  <attribute name="ProportionalI" value="66.000000" />
  <attribute name="ProportionalH" value="66.000000" />
  <attribute name="Current Error" value="44.000000" />
  <attribute name="IntegralT" value="0.000000" />
  <attribute name="IntegralI" value="0.000000" />
  <attribute name="IntegralH" value="0.000000" />
  <attribute name="DerivativeT" value="inf" />
  <attribute name="DerivativeI" value="inf" />
  <attribute name="DerivativeH" value="inf" />
  <attribute name="Loop Time for DT" value="0.000000" />
  <attribute name="Output H" value="8388608"/>
  <attribute name="Output I" value="200"/>
  <attribute name="Output T" value="1"/>
  <attribute name="Target GC Util Change" value ="20.000000" />
  <attribute name="Current GC Util Change" value="64.000000"/>
  <attribute name="GC Util currently" value="64" />
  <attribute name="CPU Util currently" value="20920178627097" />
<exclusive-end id="176" timestamp="2019-06-17T03:28:32.814" durationms="3.591" />

<exclusive-start id="177" timestamp="2019-06-17T03:28:32.828" intervalms="17.388">
  <response-info timems="0.025" idlems="0.025" threads="0" lastid="0000000001064500" lastname="Thread-10" />
</exclusive-start>
<allocation-taxation id="178" taxation-threshold="15728640" timestamp="2019-06-17T03:28:32.828" intervalms="17.405" />
<cycle-start id="179" type="partial gc" contextid="0" timestamp="2019-06-17T03:28:32.828" intervalms="17.418" />
<gc-start id="180" type="partial gc" contextid="179" timestamp="2019-06-17T03:28:32.829">
  <mem-info id="181" free="6291456" total="36700160" percent="17">
    <mem type="eden" free="0" total="15728640" percent="0" />
    <remembered-set count="6112" freebytes="1440512" totalbytes="1464960" percent="98" regionsoverflowed="0" regionsstable="1" regionsrebuilding="0"/>
  </mem-info>
</gc-start>
<allocation-stats totalBytes="15726544" >
  <allocated-bytes non-tlh="0" tlh="15726544" arrayletleaf="0"/>
  <largest-consumer threadName="Thread-9" threadId="000000000105CD00" bytes="4685168" />
</allocation-stats>
<gc-op id="182" type="copy forward" timems="2.084" contextid="179" timestamp="2019-06-17T03:28:32.831">
  <memory-copied type="eden" objects="9115" bytes="356552" bytesdiscarded="0" />
  <memory-copied type="other" objects="6076" bytes="236296" bytesdiscarded="0" />
  <memory-cardclean objects="8701" bytes="389960" />
  <regions eden="15" other="2" />
  <remembered-set-cleared processed="4366" cleared="845" durationms="0.105" />
  <references type="soft" candidates="2" cleared="0" enqueued="0" dynamicThreshold="19" maxThreshold="32" />
  <references type="weak" candidates="3" cleared="0" enqueued="0" />
  <stringconstants candidates="4597" cleared="0"  />
</gc-op>
<gc-op id="183" type="classunload" timems="0.002" contextid="179" timestamp="2019-06-17T03:28:32.831">
  <classunload-info classloadercandidates="8" classloadersunloaded="0" classesunloaded="0" anonymousclassesunloaded="0" quiescems="0.000" setupms="0.002" scanms="0.000" postms="0.000" />
</gc-op>
<heap-resize id="184" type="expand" space="default" amount="3145728" count="1" timems="0.065" reason="excessive time being spent in gc" timestamp="2019-06-17T03:28:32.832" />
<gc-end id="185" type="partial gc" contextid="179" durationms="3.075" usertimems="4.000" systemtimems="0.000" timestamp="2019-06-17T03:28:32.832" activeThreads="1">
  <mem-info id="186" free="24117248" total="39845888" percent="60">
    <mem type="eden" free="692024" total="1048576" percent="65" />
    <remembered-set count="6720" freebytes="1563648" totalbytes="1590528" percent="98" regionsoverflowed="0" regionsstable="1" regionsrebuilding="0"/>
  </mem-info>
</gc-end>
<cycle-end id="187" type="partial gc" contextid="179" timestamp="2019-06-17T03:28:32.832" />
  <attribute name="elasticGC enabled" value="1" />
  <attribute name= "numThreadsSpecified" value="1" />
  <attribute name="heapSize specified" value="0" />
  <attribute name="Current GC Util" value="61" />
  <attribute name= "Current Time Running" value="1105" />
  <attribute name ="GC Interval" value="0" />
  <attribute name="ProportionalT" value="61.500000" />
  <attribute name="ProportionalI" value="61.500000" />
  <attribute name="ProportionalH" value="61.500000" />
  <attribute name="Current Error" value="41.000000" />
  <attribute name="IntegralT" value="0.000000" />
  <attribute name="IntegralI" value="0.000000" />
  <attribute name="IntegralH" value="0.000000" />
  <attribute name="DerivativeT" value="inf" />
  <attribute name="DerivativeI" value="inf" />
  <attribute name="DerivativeH" value="inf" />
  <attribute name="Loop Time for DT" value="0.000000" />
  <attribute name="Output H" value="8388608"/>
  <attribute name="Output I" value="200"/>
  <attribute name="Output T" value="1"/>
  <attribute name="Target GC Util Change" value ="20.000000" />
  <attribute name="Current GC Util Change" value="61.000000"/>
  <attribute name="GC Util currently" value="61" />
  <attribute name="CPU Util currently" value="18773936227938" />
<exclusive-end id="188" timestamp="2019-06-17T03:28:32.832" durationms="3.756" />

<exclusive-start id="189" timestamp="2019-06-17T03:28:32.845" intervalms="16.936">
  <response-info timems="0.037" idlems="0.037" threads="0" lastid="0000000001068100" lastname="Thread-8" />
</exclusive-start>
<allocation-taxation id="190" taxation-threshold="16777216" timestamp="2019-06-17T03:28:32.845" intervalms="16.861" />
<cycle-start id="191" type="partial gc" contextid="0" timestamp="2019-06-17T03:28:32.845" intervalms="16.857" />
<gc-start id="192" type="partial gc" contextid="191" timestamp="2019-06-17T03:28:32.846">
  <mem-info id="193" free="7340032" total="39845888" percent="18">
    <mem type="eden" free="0" total="16777216" percent="0" />
    <remembered-set count="6688" freebytes="1563776" totalbytes="1590528" percent="98" regionsoverflowed="0" regionsstable="1" regionsrebuilding="0"/>
  </mem-info>
</gc-start>
<allocation-stats totalBytes="16774760" >
  <allocated-bytes non-tlh="0" tlh="16774760" arrayletleaf="0"/>
  <largest-consumer threadName="Thread-9" threadId="000000000105CD00" bytes="4508992" />
</allocation-stats>
<gc-op id="194" type="copy forward" timems="1.617" contextid="191" timestamp="2019-06-17T03:28:32.848">
  <memory-copied type="eden" objects="7216" bytes="311600" bytesdiscarded="40128" />
  <memory-copied type="other" objects="9065" bytes="354936" bytesdiscarded="22040" />
  <memory-cardclean objects="5455" bytes="270888" />
  <regions eden="16" other="1" />
  <remembered-set-cleared processed="5017" cleared="740" durationms="0.084" />
  <stringconstants candidates="4597" cleared="0"  />
</gc-op>
<gc-op id="195" type="classunload" timems="0.003" contextid="191" timestamp="2019-06-17T03:28:32.848">
  <classunload-info classloadercandidates="8" classloadersunloaded="0" classesunloaded="0" anonymousclassesunloaded="0" quiescems="0.000" setupms="0.003" scanms="0.000" postms="0.000" />
</gc-op>
<heap-resize id="196" type="expand" space="default" amount="2097152" count="1" timems="0.062" reason="excessive time being spent in gc" timestamp="2019-06-17T03:28:32.848" />
<gc-end id="197" type="partial gc" contextid="191" durationms="2.604" usertimems="4.000" systemtimems="0.000" timestamp="2019-06-17T03:28:32.848" activeThreads="4">
  <mem-info id="198" free="25165824" total="41943040" percent="60">
    <mem type="eden" free="696848" total="1048576" percent="66" />
    <remembered-set count="7648" freebytes="1643648" totalbytes="1674240" percent="98" regionsoverflowed="0" regionsstable="1" regionsrebuilding="0"/>
  </mem-info>
</gc-end>
<cycle-end id="199" type="partial gc" contextid="191" timestamp="2019-06-17T03:28:32.848" />
  <attribute name="elasticGC enabled" value="1" />
  <attribute name= "numThreadsSpecified" value="4" />
  <attribute name="heapSize specified" value="0" />
  <attribute name="Current GC Util" value="57" />
  <attribute name= "Current Time Running" value="1122" />
  <attribute name ="GC Interval" value="0" />
  <attribute name="ProportionalT" value="55.500000" />
  <attribute name="ProportionalI" value="55.500000" />
  <attribute name="ProportionalH" value="55.500000" />
  <attribute name="Current Error" value="37.000000" />
  <attribute name="IntegralT" value="37.000000" />
  <attribute name="IntegralI" value="37.000000" />
  <attribute name="IntegralH" value="37.000000" />
  <attribute name="DerivativeT" value="55.500000" />
  <attribute name="DerivativeI" value="55.500000" />
  <attribute name="DerivativeH" value="55.500000" />
  <attribute name="Loop Time for DT" value="1.000000" />
  <attribute name="Output H" value="8388608"/>
  <attribute name="Output I" value="200"/>
  <attribute name="Output T" value="4"/>
  <attribute name="Target GC Util Change" value ="20.000000" />
  <attribute name="Current GC Util Change" value="57.000000"/>
  <attribute name="GC Util currently" value="57" />
  <attribute name="CPU Util currently" value="23065926509927" />
<exclusive-end id="200" timestamp="2019-06-17T03:28:32.848" durationms="3.255" />

<exclusive-start id="201" timestamp="2019-06-17T03:28:32.864" intervalms="18.472">
  <response-info timems="0.034" idlems="0.034" threads="0" lastid="0000000001060900" lastname="Thread-7" />
</exclusive-start>
<allocation-taxation id="202" taxation-threshold="16777216" timestamp="2019-06-17T03:28:32.864" intervalms="18.479" />
<cycle-start id="203" type="partial gc" contextid="0" timestamp="2019-06-17T03:28:32.864" intervalms="18.466" />
<gc-start id="204" type="partial gc" contextid="203" timestamp="2019-06-17T03:28:32.864">
  <mem-info id="205" free="8388608" total="41943040" percent="20">
    <mem type="eden" free="0" total="16777216" percent="0" />
    <remembered-set count="7520" freebytes="1644160" totalbytes="1674240" percent="98" regionsoverflowed="0" regionsstable="1" regionsrebuilding="0"/>
  </mem-info>
</gc-start>
<allocation-stats totalBytes="16774944" >
  <allocated-bytes non-tlh="0" tlh="16774944" arrayletleaf="0"/>
  <largest-consumer threadName="Thread-9" threadId="000000000105CD00" bytes="5295632" />
</allocation-stats>
<gc-op id="206" type="copy forward" timems="1.810" contextid="203" timestamp="2019-06-17T03:28:32.866">
  <memory-copied type="eden" objects="3609" bytes="87392" bytesdiscarded="0" />
  <memory-copied type="other" objects="7018" bytes="305808" bytesdiscarded="0" />
  <memory-cardclean objects="6410" bytes="331200" />
  <regions eden="16" other="1" />
  <remembered-set-cleared processed="5642" cleared="562" durationms="0.114" />
  <stringconstants candidates="4597" cleared="0"  />
</gc-op>
<gc-op id="207" type="classunload" timems="0.002" contextid="203" timestamp="2019-06-17T03:28:32.866">
  <classunload-info classloadercandidates="8" classloadersunloaded="0" classesunloaded="0" anonymousclassesunloaded="0" quiescems="0.000" setupms="0.002" scanms="0.000" postms="0.000" />
</gc-op>
<heap-resize id="208" type="expand" space="default" amount="3145728" count="1" timems="0.067" reason="excessive time being spent in gc" timestamp="2019-06-17T03:28:32.867" />
<gc-end id="209" type="partial gc" contextid="203" durationms="2.795" usertimems="4.000" systemtimems="0.000" timestamp="2019-06-17T03:28:32.867" activeThreads="1">
  <mem-info id="210" free="27262976" total="45088768" percent="60">
    <mem type="eden" free="961184" total="1048576" percent="91" />
    <remembered-set count="8480" freebytes="1765888" totalbytes="1799808" percent="98" regionsoverflowed="0" regionsstable="1" regionsrebuilding="0"/>
  </mem-info>
</gc-end>
<cycle-end id="211" type="partial gc" contextid="203" timestamp="2019-06-17T03:28:32.867" />
  <attribute name="elasticGC enabled" value="1" />
  <attribute name= "numThreadsSpecified" value="1" />
  <attribute name="heapSize specified" value="0" />
  <attribute name="Current GC Util" value="49" />
  <attribute name= "Current Time Running" value="1140" />
  <attribute name ="GC Interval" value="0" />
  <attribute name="ProportionalT" value="43.500000" />
  <attribute name="ProportionalI" value="43.500000" />
  <attribute name="ProportionalH" value="43.500000" />
  <attribute name="Current Error" value="29.000000" />
  <attribute name="IntegralT" value="0.000000" />
  <attribute name="IntegralI" value="0.000000" />
  <attribute name="IntegralH" value="0.000000" />
  <attribute name="DerivativeT" value="inf" />
  <attribute name="DerivativeI" value="inf" />
  <attribute name="DerivativeH" value="inf" />
  <attribute name="Loop Time for DT" value="0.000000" />
  <attribute name="Output H" value="8388608"/>
  <attribute name="Output I" value="200"/>
  <attribute name="Output T" value="1"/>
  <attribute name="Target GC Util Change" value ="20.000000" />
  <attribute name="Current GC Util Change" value="49.000000"/>
  <attribute name="GC Util currently" value="49" />
  <attribute name="CPU Util currently" value="22844491421127" />
<exclusive-end id="212" timestamp="2019-06-17T03:28:32.867" durationms="3.329" />

<exclusive-start id="213" timestamp="2019-06-17T03:28:32.885" intervalms="21.845">
  <response-info timems="0.214" idlems="0.214" threads="0" lastid="0000000001064500" lastname="Thread-10" />
</exclusive-start>
<allocation-taxation id="214" taxation-threshold="17825792" timestamp="2019-06-17T03:28:32.886" intervalms="21.900" />
<cycle-start id="215" type="partial gc" contextid="0" timestamp="2019-06-17T03:28:32.886" intervalms="21.925" />
<gc-start id="216" type="partial gc" contextid="215" timestamp="2019-06-17T03:28:32.886">
  <mem-info id="217" free="9437184" total="45088768" percent="20">
    <mem type="eden" free="0" total="17825792" percent="0" />
    <remembered-set count="8160" freebytes="1767168" totalbytes="1799808" percent="98" regionsoverflowed="0" regionsstable="1" regionsrebuilding="0"/>
  </mem-info>
</gc-start>
<allocation-stats totalBytes="17823624" >
  <allocated-bytes non-tlh="0" tlh="17823624" arrayletleaf="0"/>
  <largest-consumer threadName="Thread-9" threadId="000000000105CD00" bytes="6409512" />
</allocation-stats>
<gc-op id="218" type="copy forward" timems="2.468" contextid="215" timestamp="2019-06-17T03:28:32.889">
  <memory-copied type="eden" objects="14833" bytes="631632" bytesdiscarded="0" />
  <memory-copied type="other" objects="3456" bytes="82944" bytesdiscarded="0" />
  <memory-cardclean objects="9120" bytes="465416" />
  <regions eden="17" other="1" />
  <remembered-set-cleared processed="6151" cleared="720" durationms="0.121" />
  <stringconstants candidates="4597" cleared="0"  />
</gc-op>
<gc-op id="219" type="classunload" timems="0.002" contextid="215" timestamp="2019-06-17T03:28:32.889">
  <classunload-info classloadercandidates="8" classloadersunloaded="0" classesunloaded="0" anonymousclassesunloaded="0" quiescems="0.000" setupms="0.002" scanms="0.000" postms="0.000" />
</gc-op>
<heap-resize id="220" type="expand" space="default" amount="2097152" count="1" timems="0.063" reason="excessive time being spent in gc" timestamp="2019-06-17T03:28:32.889" />
<gc-end id="221" type="partial gc" contextid="215" durationms="3.381" usertimems="8.000" systemtimems="0.000" timestamp="2019-06-17T03:28:32.889" activeThreads="1">
  <mem-info id="222" free="28311552" total="47185920" percent="60">
    <mem type="eden" free="416944" total="1048576" percent="39" />
    <remembered-set count="8864" freebytes="1848064" totalbytes="1883520" percent="98" regionsoverflowed="0" regionsstable="1" regionsrebuilding="0"/>
  </mem-info>
</gc-end>
<cycle-end id="223" type="partial gc" contextid="215" timestamp="2019-06-17T03:28:32.889" />
  <attribute name="elasticGC enabled" value="1" />
  <attribute name= "numThreadsSpecified" value="1" />
  <attribute name="heapSize specified" value="0" />
  <attribute name="Current GC Util" value="58" />
  <attribute name= "Current Time Running" value="1162" />
  <attribute name ="GC Interval" value="0" />
  <attribute name="ProportionalT" value="57.000000" />
  <attribute name="ProportionalI" value="57.000000" />
  <attribute name="ProportionalH" value="57.000000" />
  <attribute name="Current Error" value="38.000000" />
  <attribute name="IntegralT" value="0.000000" />
  <attribute name="IntegralI" value="0.000000" />
  <attribute name="IntegralH" value="0.000000" />
  <attribute name="DerivativeT" value="inf" />
  <attribute name="DerivativeI" value="inf" />
  <attribute name="DerivativeH" value="inf" />
  <attribute name="Loop Time for DT" value="0.000000" />
  <attribute name="Output H" value="8388608"/>
  <attribute name="Output I" value="200"/>
  <attribute name="Output T" value="1"/>
  <attribute name="Target GC Util Change" value ="20.000000" />
  <attribute name="Current GC Util Change" value="58.000000"/>
  <attribute name="GC Util currently" value="58" />
  <attribute name="CPU Util currently" value="22856153127756" />
<exclusive-end id="224" timestamp="2019-06-17T03:28:32.890" durationms="4.027" />

<exclusive-start id="225" timestamp="2019-06-17T03:28:32.904" intervalms="18.713">
  <response-info timems="0.022" idlems="0.022" threads="0" lastid="0000000001064500" lastname="Thread-10" />
</exclusive-start>
<allocation-taxation id="226" taxation-threshold="18874368" timestamp="2019-06-17T03:28:32.904" intervalms="18.656" />
<cycle-start id="227" type="partial gc" contextid="0" timestamp="2019-06-17T03:28:32.904" intervalms="18.642" />
<gc-start id="228" type="partial gc" contextid="227" timestamp="2019-06-17T03:28:32.904">
  <mem-info id="229" free="9437184" total="47185920" percent="20">
    <mem type="eden" free="0" total="18874368" percent="0" />
    <remembered-set count="8832" freebytes="1848192" totalbytes="1883520" percent="98" regionsoverflowed="0" regionsstable="1" regionsrebuilding="0"/>
  </mem-info>
</gc-start>
<allocation-stats totalBytes="18872000" >
  <allocated-bytes non-tlh="0" tlh="18872000" arrayletleaf="0"/>
  <largest-consumer threadName="Thread-9" threadId="000000000105CD00" bytes="5115376" />
</allocation-stats>
<gc-op id="230" type="copy forward" timems="1.671" contextid="227" timestamp="2019-06-17T03:28:32.907">
  <memory-copied type="eden" objects="3022" bytes="73544" bytesdiscarded="44856" />
  <memory-copied type="other" objects="14681" bytes="627096" bytesdiscarded="60416" />
  <memory-cardclean objects="6324" bytes="312656" />
  <regions eden="18" other="1" />
  <remembered-set-cleared processed="6882" cleared="572" durationms="0.092" />
  <stringconstants candidates="4597" cleared="0"  />
</gc-op>
<gc-op id="231" type="classunload" timems="0.002" contextid="227" timestamp="2019-06-17T03:28:32.907">
  <classunload-info classloadercandidates="8" classloadersunloaded="0" classesunloaded="0" anonymousclassesunloaded="0" quiescems="0.000" setupms="0.002" scanms="0.000" postms="0.000" />
</gc-op>
<heap-resize id="232" type="expand" space="default" amount="5242880" count="1" timems="0.076" reason="excessive time being spent in gc" timestamp="2019-06-17T03:28:32.907" />
<gc-end id="233" type="partial gc" contextid="227" durationms="2.550" usertimems="4.000" systemtimems="0.000" timestamp="2019-06-17T03:28:32.907" activeThreads="4">
  <mem-info id="234" free="31457280" total="52428800" percent="60">
    <mem type="eden" free="1978752" total="2097152" percent="94" />
    <remembered-set count="10016" freebytes="2052736" totalbytes="2092800" percent="98" regionsoverflowed="0" regionsstable="1" regionsrebuilding="0"/>
  </mem-info>
</gc-end>
<cycle-end id="235" type="partial gc" contextid="227" timestamp="2019-06-17T03:28:32.907" />
  <attribute name="elasticGC enabled" value="1" />
  <attribute name= "numThreadsSpecified" value="4" />
  <attribute name="heapSize specified" value="0" />
  <attribute name="Current GC Util" value="58" />
  <attribute name= "Current Time Running" value="1181" />
  <attribute name ="GC Interval" value="0" />
  <attribute name="ProportionalT" value="57.000000" />
  <attribute name="ProportionalI" value="57.000000" />
  <attribute name="ProportionalH" value="57.000000" />
  <attribute name="Current Error" value="38.000000" />
  <attribute name="IntegralT" value="38.000000" />
  <attribute name="IntegralI" value="38.000000" />
  <attribute name="IntegralH" value="38.000000" />
  <attribute name="DerivativeT" value="57.000000" />
  <attribute name="DerivativeI" value="57.000000" />
  <attribute name="DerivativeH" value="57.000000" />
  <attribute name="Loop Time for DT" value="1.000000" />
  <attribute name="Output H" value="8388608"/>
  <attribute name="Output I" value="200"/>
  <attribute name="Output T" value="4"/>
  <attribute name="Target GC Util Change" value ="20.000000" />
  <attribute name="Current GC Util Change" value="58.000000"/>
  <attribute name="GC Util currently" value="58" />
  <attribute name="CPU Util currently" value="22890414440504" />
<exclusive-end id="236" timestamp="2019-06-17T03:28:32.907" durationms="3.127" />

<exclusive-start id="237" timestamp="2019-06-17T03:28:32.923" intervalms="18.450">
  <response-info timems="0.023" idlems="0.023" threads="0" lastid="0000000001060900" lastname="Thread-7" />
</exclusive-start>
<allocation-taxation id="238" taxation-threshold="19922944" timestamp="2019-06-17T03:28:32.923" intervalms="18.482" />
<cycle-start id="239" type="partial gc" contextid="0" timestamp="2019-06-17T03:28:32.923" intervalms="18.473" />
<gc-start id="240" type="partial gc" contextid="239" timestamp="2019-06-17T03:28:32.923">
  <mem-info id="241" free="11534336" total="52428800" percent="22">
    <mem type="eden" free="0" total="19922944" percent="0" />
    <remembered-set count="9536" freebytes="2054656" totalbytes="2092800" percent="98" regionsoverflowed="0" regionsstable="1" regionsrebuilding="0"/>
  </mem-info>
</gc-start>
<allocation-stats totalBytes="19920680" >
  <allocated-bytes non-tlh="0" tlh="19920680" arrayletleaf="0"/>
  <largest-consumer threadName="Thread-9" threadId="000000000105CD00" bytes="5283056" />
</allocation-stats>
<gc-op id="242" type="copy forward" timems="2.599" contextid="239" timestamp="2019-06-17T03:28:32.926">
  <memory-copied type="eden" objects="3290" bytes="80504" bytesdiscarded="0" />
  <memory-copied type="other" objects="17521" bytes="695256" bytesdiscarded="0" />
  <memory-cardclean objects="7657" bytes="376640" />
  <regions eden="19" other="3" />
  <remembered-set-cleared processed="7053" cleared="807" durationms="0.123" />
  <stringconstants candidates="4597" cleared="0"  />
</gc-op>
<gc-op id="243" type="classunload" timems="0.002" contextid="239" timestamp="2019-06-17T03:28:32.926">
  <classunload-info classloadercandidates="8" classloadersunloaded="0" classesunloaded="0" anonymousclassesunloaded="0" quiescems="0.000" setupms="0.002" scanms="0.000" postms="0.000" />
</gc-op>
<gc-end id="244" type="partial gc" contextid="239" durationms="3.372" usertimems="4.000" systemtimems="0.000" timestamp="2019-06-17T03:28:32.926" activeThreads="1">
  <mem-info id="245" free="31457280" total="52428800" percent="60">
    <mem type="eden" free="968072" total="1048576" percent="92" />
    <remembered-set count="10048" freebytes="2052608" totalbytes="2092800" percent="98" regionsoverflowed="0" regionsstable="1" regionsrebuilding="0"/>
  </mem-info>
</gc-end>
<cycle-end id="246" type="partial gc" contextid="239" timestamp="2019-06-17T03:28:32.926" />
  <attribute name="elasticGC enabled" value="1" />
  <attribute name= "numThreadsSpecified" value="1" />
  <attribute name="heapSize specified" value="0" />
  <attribute name="Current GC Util" value="53" />
  <attribute name= "Current Time Running" value="1199" />
  <attribute name ="GC Interval" value="0" />
  <attribute name="ProportionalT" value="49.500000" />
  <attribute name="ProportionalI" value="49.500000" />
  <attribute name="ProportionalH" value="49.500000" />
  <attribute name="Current Error" value="33.000000" />
  <attribute name="IntegralT" value="0.000000" />
  <attribute name="IntegralI" value="0.000000" />
  <attribute name="IntegralH" value="0.000000" />
  <attribute name="DerivativeT" value="inf" />
  <attribute name="DerivativeI" value="inf" />
  <attribute name="DerivativeH" value="inf" />
  <attribute name="Loop Time for DT" value="0.000000" />
  <attribute name="Output H" value="8388608"/>
  <attribute name="Output I" value="200"/>
  <attribute name="Output T" value="1"/>
  <attribute name="Target GC Util Change" value ="20.000000" />
  <attribute name="Current GC Util Change" value="53.000000"/>
  <attribute name="GC Util currently" value="53" />
  <attribute name="CPU Util currently" value="23651733824931" />
<exclusive-end id="247" timestamp="2019-06-17T03:28:32.927" durationms="3.973" />

<exclusive-start id="248" timestamp="2019-06-17T03:28:32.942" intervalms="19.305">
  <response-info timems="0.023" idlems="0.023" threads="0" lastid="0000000001064500" lastname="Thread-10" />
</exclusive-start>
<allocation-taxation id="249" taxation-threshold="19922944" timestamp="2019-06-17T03:28:32.942" intervalms="19.331" />
<cycle-start id="250" type="partial gc" contextid="0" timestamp="2019-06-17T03:28:32.942" intervalms="19.383" />
<gc-start id="251" type="partial gc" contextid="250" timestamp="2019-06-17T03:28:32.942">
  <mem-info id="252" free="11534336" total="52428800" percent="22">
    <mem type="eden" free="0" total="19922944" percent="0" />
    <remembered-set count="10048" freebytes="2052608" totalbytes="2092800" percent="98" regionsoverflowed="0" regionsstable="1" regionsrebuilding="0"/>
  </mem-info>
</gc-start>
<allocation-stats totalBytes="19920576" >
  <allocated-bytes non-tlh="0" tlh="19920576" arrayletleaf="0"/>
  <largest-consumer threadName="Thread-10" threadId="0000000001064500" bytes="5471656" />
</allocation-stats>
<gc-op id="253" type="copy forward" timems="1.765" contextid="250" timestamp="2019-06-17T03:28:32.945">
  <memory-copied type="eden" objects="9145" bytes="357888" bytesdiscarded="10104" />
  <memory-copied type="other" objects="2969" bytes="71256" bytesdiscarded="1512" />
  <memory-cardclean objects="8361" bytes="444152" />
  <regions eden="19" other="1" />
  <remembered-set-cleared processed="8218" cleared="669" durationms="0.092" />
  <stringconstants candidates="4597" cleared="0"  />
</gc-op>
<gc-op id="254" type="classunload" timems="0.002" contextid="250" timestamp="2019-06-17T03:28:32.945">
  <classunload-info classloadercandidates="8" classloadersunloaded="0" classesunloaded="0" anonymousclassesunloaded="0" quiescems="0.000" setupms="0.002" scanms="0.000" postms="0.000" />
</gc-op>
<heap-resize id="255" type="expand" space="default" amount="3145728" count="1" timems="0.068" reason="excessive time being spent in gc" timestamp="2019-06-17T03:28:32.945" />
<gc-end id="256" type="partial gc" contextid="250" durationms="2.654" usertimems="4.000" systemtimems="0.000" timestamp="2019-06-17T03:28:32.945" activeThreads="4">
  <mem-info id="257" free="33554432" total="55574528" percent="60">
    <mem type="eden" free="680584" total="1048576" percent="64" />
    <remembered-set count="11296" freebytes="2173184" totalbytes="2218368" percent="97" regionsoverflowed="0" regionsstable="1" regionsrebuilding="0"/>
  </mem-info>
</gc-end>
<cycle-end id="258" type="partial gc" contextid="250" timestamp="2019-06-17T03:28:32.945" />
  <attribute name="elasticGC enabled" value="1" />
  <attribute name= "numThreadsSpecified" value="4" />
  <attribute name="heapSize specified" value="0" />
  <attribute name="Current GC Util" value="67" />
  <attribute name= "Current Time Running" value="1219" />
  <attribute name ="GC Interval" value="0" />
  <attribute name="ProportionalT" value="70.500000" />
  <attribute name="ProportionalI" value="70.500000" />
  <attribute name="ProportionalH" value="70.500000" />
  <attribute name="Current Error" value="47.000000" />
  <attribute name="IntegralT" value="47.000000" />
  <attribute name="IntegralI" value="47.000000" />
  <attribute name="IntegralH" value="47.000000" />
  <attribute name="DerivativeT" value="70.500000" />
  <attribute name="DerivativeI" value="70.500000" />
  <attribute name="DerivativeH" value="70.500000" />
  <attribute name="Loop Time for DT" value="1.000000" />
  <attribute name="Output H" value="8388608"/>
  <attribute name="Output I" value="200"/>
  <attribute name="Output T" value="4"/>
  <attribute name="Target GC Util Change" value ="20.000000" />
  <attribute name="Current GC Util Change" value="67.000000"/>
  <attribute name="GC Util currently" value="67" />
  <attribute name="CPU Util currently" value="21346148758810" />
<exclusive-end id="259" timestamp="2019-06-17T03:28:32.945" durationms="3.271" />

<exclusive-start id="260" timestamp="2019-06-17T03:28:32.962" intervalms="20.270">
  <response-info timems="0.023" idlems="0.023" threads="0" lastid="0000000001068100" lastname="Thread-8" />
</exclusive-start>
<allocation-taxation id="261" taxation-threshold="20971520" timestamp="2019-06-17T03:28:32.962" intervalms="20.201" />
<cycle-start id="262" type="partial gc" contextid="0" timestamp="2019-06-17T03:28:32.962" intervalms="20.152" />
<gc-start id="263" type="partial gc" contextid="262" timestamp="2019-06-17T03:28:32.963">
  <mem-info id="264" free="12582912" total="55574528" percent="22">
    <mem type="eden" free="0" total="20971520" percent="0" />
    <remembered-set count="10944" freebytes="2174592" totalbytes="2218368" percent="98" regionsoverflowed="0" regionsstable="1" regionsrebuilding="0"/>
  </mem-info>
</gc-start>
<allocation-stats totalBytes="20968960" >
  <allocated-bytes non-tlh="0" tlh="20968960" arrayletleaf="0"/>
  <largest-consumer threadName="Thread-8" threadId="0000000001068100" bytes="5692760" />
</allocation-stats>
<gc-op id="265" type="copy forward" timems="1.943" contextid="262" timestamp="2019-06-17T03:28:32.965">
  <memory-copied type="eden" objects="9811" bytes="374320" bytesdiscarded="46696" />
  <memory-copied type="other" objects="8957" bytes="352344" bytesdiscarded="27712" />
  <memory-cardclean objects="7742" bytes="380072" />
  <regions eden="20" other="1" />
  <remembered-set-cleared processed="8939" cleared="770" durationms="0.092" />
  <stringconstants candidates="4597" cleared="0"  />
</gc-op>
<gc-op id="266" type="classunload" timems="0.002" contextid="262" timestamp="2019-06-17T03:28:32.965">
  <classunload-info classloadercandidates="8" classloadersunloaded="0" classesunloaded="0" anonymousclassesunloaded="0" quiescems="0.000" setupms="0.002" scanms="0.000" postms="0.000" />
</gc-op>
<heap-resize id="267" type="expand" space="default" amount="2097152" count="1" timems="0.059" reason="excessive time being spent in gc" timestamp="2019-06-17T03:28:32.965" />
<gc-end id="268" type="partial gc" contextid="262" durationms="2.796" usertimems="4.000" systemtimems="0.000" timestamp="2019-06-17T03:28:32.965" activeThreads="4">
  <mem-info id="269" free="34603008" total="57671680" percent="60">
    <mem type="eden" free="627560" total="1048576" percent="59" />
    <remembered-set count="12640" freebytes="2251520" totalbytes="2302080" percent="97" regionsoverflowed="0" regionsstable="1" regionsrebuilding="0"/>
  </mem-info>
</gc-end>
<cycle-end id="270" type="partial gc" contextid="262" timestamp="2019-06-17T03:28:32.965" />
  <attribute name="elasticGC enabled" value="1" />
  <attribute name= "numThreadsSpecified" value="4" />
  <attribute name="heapSize specified" value="0" />
  <attribute name="Current GC Util" value="0" />
  <attribute name= "Current Time Running" value="1239" />
  <attribute name ="GC Interval" value="0" />
  <attribute name="ProportionalT" value="-30.000000" />
  <attribute name="ProportionalI" value="-30.000000" />
  <attribute name="ProportionalH" value="-30.000000" />
  <attribute name="Current Error" value="-20.000000" />
  <attribute name="IntegralT" value="0.000000" />
  <attribute name="IntegralI" value="0.000000" />
  <attribute name="IntegralH" value="0.000000" />
  <attribute name="DerivativeT" value="-inf" />
  <attribute name="DerivativeI" value="-inf" />
  <attribute name="DerivativeH" value="-inf" />
  <attribute name="Loop Time for DT" value="0.000000" />
  <attribute name="Output H" value="2091843584"/>
  <attribute name="Output I" value="200"/>
  <attribute name="Output T" value="4"/>
  <attribute name="Target GC Util Change" value ="20.000000" />
  <attribute name="Current GC Util Change" value="0.000000"/>
  <attribute name="GC Util currently" value="0" />
  <attribute name="CPU Util currently" value="34006725237601" />
<exclusive-end id="271" timestamp="2019-06-17T03:28:32.966" durationms="3.329" />

<exclusive-start id="272" timestamp="2019-06-17T03:28:32.983" intervalms="20.720">
  <response-info timems="0.025" idlems="0.025" threads="0" lastid="0000000001068100" lastname="Thread-8" />
</exclusive-start>
<allocation-taxation id="273" taxation-threshold="20971520" timestamp="2019-06-17T03:28:32.983" intervalms="20.714" />
<cycle-start id="274" type="partial gc" contextid="0" timestamp="2019-06-17T03:28:32.983" intervalms="20.714" />
<gc-start id="275" type="partial gc" contextid="274" timestamp="2019-06-17T03:28:32.983">
  <mem-info id="276" free="13631488" total="57671680" percent="23">
    <mem type="eden" free="0" total="20971520" percent="0" />
    <remembered-set count="12224" freebytes="2253184" totalbytes="2302080" percent="97" regionsoverflowed="0" regionsstable="1" regionsrebuilding="0"/>
  </mem-info>
</gc-start>
<allocation-stats totalBytes="20968952" >
  <allocated-bytes non-tlh="0" tlh="20968952" arrayletleaf="0"/>
  <largest-consumer threadName="Thread-8" threadId="0000000001068100" bytes="5934136" />
</allocation-stats>
<gc-op id="277" type="copy forward" timems="1.751" contextid="274" timestamp="2019-06-17T03:28:32.986">
  <memory-copied type="eden" objects="9262" bytes="360800" bytesdiscarded="11968" />
  <memory-copied type="other" objects="9498" bytes="365328" bytesdiscarded="22376" />
  <memory-cardclean objects="8099" bytes="416048" />
  <regions eden="20" other="1" />
  <remembered-set-cleared processed="9590" cleared="619" durationms="0.094" />
  <stringconstants candidates="4597" cleared="0"  />
</gc-op>
<gc-op id="278" type="classunload" timems="0.002" contextid="274" timestamp="2019-06-17T03:28:32.986">
  <classunload-info classloadercandidates="8" classloadersunloaded="0" classesunloaded="0" anonymousclassesunloaded="0" quiescems="0.000" setupms="0.002" scanms="0.000" postms="0.000" />
</gc-op>
<heap-resize id="279" type="expand" space="default" amount="3145728" count="1" timems="0.066" reason="excessive time being spent in gc" timestamp="2019-06-17T03:28:32.986" />
<gc-end id="280" type="partial gc" contextid="274" durationms="2.742" usertimems="4.000" systemtimems="4.000" timestamp="2019-06-17T03:28:32.986" activeThreads="4">
  <mem-info id="281" free="36700160" total="60817408" percent="60">
    <mem type="eden" free="675808" total="1048576" percent="64" />
    <remembered-set count="13088" freebytes="2375296" totalbytes="2427648" percent="97" regionsoverflowed="0" regionsstable="1" regionsrebuilding="0"/>
  </mem-info>
</gc-end>
<cycle-end id="282" type="partial gc" contextid="274" timestamp="2019-06-17T03:28:32.986" />
  <attribute name="elasticGC enabled" value="1" />
  <attribute name= "numThreadsSpecified" value="4" />
  <attribute name="heapSize specified" value="0" />
  <attribute name="Current GC Util" value="47" />
  <attribute name= "Current Time Running" value="1260" />
  <attribute name ="GC Interval" value="0" />
  <attribute name="ProportionalT" value="40.500000" />
  <attribute name="ProportionalI" value="40.500000" />
  <attribute name="ProportionalH" value="40.500000" />
  <attribute name="Current Error" value="27.000000" />
  <attribute name="IntegralT" value="27.000000" />
  <attribute name="IntegralI" value="27.000000" />
  <attribute name="IntegralH" value="27.000000" />
  <attribute name="DerivativeT" value="39.000000" />
  <attribute name="DerivativeI" value="39.000000" />
  <attribute name="DerivativeH" value="39.000000" />
  <attribute name="Loop Time for DT" value="1.000000" />
  <attribute name="Output H" value="8388608"/>
  <attribute name="Output I" value="200"/>
  <attribute name="Output T" value="4"/>
  <attribute name="Target GC Util Change" value ="20.000000" />
  <attribute name="Current GC Util Change" value="47.000000"/>
  <attribute name="GC Util currently" value="47" />
  <attribute name="CPU Util currently" value="19668722452876" />
<exclusive-end id="283" timestamp="2019-06-17T03:28:32.986" durationms="3.263" />

<exclusive-start id="284" timestamp="2019-06-17T03:28:33.004" intervalms="20.990">
  <response-info timems="0.025" idlems="0.025" threads="0" lastid="000000000105CD00" lastname="Thread-9" />
</exclusive-start>
<allocation-taxation id="285" taxation-threshold="22020096" timestamp="2019-06-17T03:28:33.004" intervalms="21.062" />
<cycle-start id="286" type="partial gc" contextid="0" timestamp="2019-06-17T03:28:33.004" intervalms="21.146" />
<gc-start id="287" type="partial gc" contextid="286" timestamp="2019-06-17T03:28:33.004">
  <mem-info id="288" free="14680064" total="60817408" percent="24">
    <mem type="eden" free="0" total="22020096" percent="0" />
    <remembered-set count="13088" freebytes="2375296" totalbytes="2427648" percent="97" regionsoverflowed="0" regionsstable="1" regionsrebuilding="0"/>
  </mem-info>
</gc-start>
<allocation-stats totalBytes="22017208" >
  <allocated-bytes non-tlh="0" tlh="22017208" arrayletleaf="0"/>
  <largest-consumer threadName="Thread-10" threadId="0000000001064500" bytes="6032496" />
</allocation-stats>
<gc-op id="289" type="copy forward" timems="2.206" contextid="286" timestamp="2019-06-17T03:28:33.007">
  <memory-copied type="eden" objects="4326" bytes="105392" bytesdiscarded="0" />
  <memory-copied type="other" objects="9039" bytes="354312" bytesdiscarded="0" />
  <memory-cardclean objects="8664" bytes="439928" />
  <regions eden="21" other="1" />
  <remembered-set-cleared processed="10383" cleared="600" durationms="0.165" />
  <stringconstants candidates="4597" cleared="0"  />
</gc-op>
<gc-op id="290" type="classunload" timems="0.003" contextid="286" timestamp="2019-06-17T03:28:33.007">
  <classunload-info classloadercandidates="8" classloadersunloaded="0" classesunloaded="0" anonymousclassesunloaded="0" quiescems="0.000" setupms="0.002" scanms="0.000" postms="0.000" />
</gc-op>
<heap-resize id="291" type="expand" space="default" amount="2097152" count="1" timems="0.070" reason="excessive time being spent in gc" timestamp="2019-06-17T03:28:33.008" />
<gc-end id="292" type="partial gc" contextid="286" durationms="3.400" usertimems="4.000" systemtimems="0.000" timestamp="2019-06-17T03:28:33.008" activeThreads="1">
  <mem-info id="293" free="37748736" total="62914560" percent="60">
    <mem type="eden" free="943184" total="1048576" percent="89" />
    <remembered-set count="13952" freebytes="2455552" totalbytes="2511360" percent="97" regionsoverflowed="0" regionsstable="1" regionsrebuilding="0"/>
  </mem-info>
</gc-end>
<cycle-end id="294" type="partial gc" contextid="286" timestamp="2019-06-17T03:28:33.008" />
  <attribute name="elasticGC enabled" value="1" />
  <attribute name= "numThreadsSpecified" value="1" />
  <attribute name="heapSize specified" value="0" />
  <attribute name="Current GC Util" value="47" />
  <attribute name= "Current Time Running" value="1281" />
  <attribute name ="GC Interval" value="0" />
  <attribute name="ProportionalT" value="40.500000" />
  <attribute name="ProportionalI" value="40.500000" />
  <attribute name="ProportionalH" value="40.500000" />
  <attribute name="Current Error" value="27.000000" />
  <attribute name="IntegralT" value="0.000000" />
  <attribute name="IntegralI" value="0.000000" />
  <attribute name="IntegralH" value="0.000000" />
  <attribute name="DerivativeT" value="inf" />
  <attribute name="DerivativeI" value="inf" />
  <attribute name="DerivativeH" value="inf" />
  <attribute name="Loop Time for DT" value="0.000000" />
  <attribute name="Output H" value="8388608"/>
  <attribute name="Output I" value="200"/>
  <attribute name="Output T" value="1"/>
  <attribute name="Target GC Util Change" value ="20.000000" />
  <attribute name="Current GC Util Change" value="47.000000"/>
  <attribute name="GC Util currently" value="47" />
  <attribute name="CPU Util currently" value="17021248541046" />
<exclusive-end id="295" timestamp="2019-06-17T03:28:33.008" durationms="4.318" />

<exclusive-start id="296" timestamp="2019-06-17T03:28:33.027" intervalms="23.090">
  <response-info timems="0.026" idlems="0.026" threads="0" lastid="0000000001068100" lastname="Thread-8" />
</exclusive-start>
<allocation-taxation id="297" taxation-threshold="22020096" timestamp="2019-06-17T03:28:33.027" intervalms="23.038" />
<cycle-start id="298" type="partial gc" contextid="0" timestamp="2019-06-17T03:28:33.027" intervalms="22.958" />
<gc-start id="299" type="partial gc" contextid="298" timestamp="2019-06-17T03:28:33.027">
  <mem-info id="300" free="15728640" total="62914560" percent="25">
    <mem type="eden" free="0" total="22020096" percent="0" />
    <remembered-set count="13888" freebytes="2455808" totalbytes="2511360" percent="97" regionsoverflowed="0" regionsstable="1" regionsrebuilding="0"/>
  </mem-info>
</gc-start>
<allocation-stats totalBytes="22017328" >
  <allocated-bytes non-tlh="0" tlh="22017328" arrayletleaf="0"/>
  <largest-consumer threadName="Thread-10" threadId="0000000001064500" bytes="6081856" />
</allocation-stats>
<gc-op id="301" type="copy forward" timems="1.895" contextid="298" timestamp="2019-06-17T03:28:33.030">
  <memory-copied type="eden" objects="9370" bytes="363704" bytesdiscarded="31880" />
  <memory-copied type="other" objects="4010" bytes="96240" bytesdiscarded="4896" />
  <memory-cardclean objects="8880" bytes="449240" />
  <regions eden="21" other="1" />
  <remembered-set-cleared processed="11129" cleared="662" durationms="0.103" />
  <stringconstants candidates="4597" cleared="0"  />
</gc-op>
<gc-op id="302" type="classunload" timems="0.002" contextid="298" timestamp="2019-06-17T03:28:33.030">
  <classunload-info classloadercandidates="8" classloadersunloaded="0" classesunloaded="0" anonymousclassesunloaded="0" quiescems="0.000" setupms="0.002" scanms="0.000" postms="0.000" />
</gc-op>
<heap-resize id="303" type="expand" space="default" amount="3145728" count="1" timems="0.078" reason="excessive time being spent in gc" timestamp="2019-06-17T03:28:33.030" />
<gc-end id="304" type="partial gc" contextid="298" durationms="2.911" usertimems="4.000" systemtimems="0.000" timestamp="2019-06-17T03:28:33.030" activeThreads="4">
  <mem-info id="305" free="39845888" total="66060288" percent="60">
    <mem type="eden" free="652992" total="1048576" percent="62" />
    <remembered-set count="15200" freebytes="2576128" totalbytes="2636928" percent="97" regionsoverflowed="0" regionsstable="1" regionsrebuilding="0"/>
  </mem-info>
</gc-end>
<cycle-end id="306" type="partial gc" contextid="298" timestamp="2019-06-17T03:28:33.030" />
  <attribute name="elasticGC enabled" value="1" />
  <attribute name= "numThreadsSpecified" value="4" />
  <attribute name="heapSize specified" value="0" />
  <attribute name="Current GC Util" value="64" />
  <attribute name= "Current Time Running" value="1304" />
  <attribute name ="GC Interval" value="0" />
  <attribute name="ProportionalT" value="66.000000" />
  <attribute name="ProportionalI" value="66.000000" />
  <attribute name="ProportionalH" value="66.000000" />
  <attribute name="Current Error" value="44.000000" />
  <attribute name="IntegralT" value="44.000000" />
  <attribute name="IntegralI" value="44.000000" />
  <attribute name="IntegralH" value="44.000000" />
  <attribute name="DerivativeT" value="66.000000" />
  <attribute name="DerivativeI" value="66.000000" />
  <attribute name="DerivativeH" value="66.000000" />
  <attribute name="Loop Time for DT" value="1.000000" />
  <attribute name="Output H" value="8388608"/>
  <attribute name="Output I" value="200"/>
  <attribute name="Output T" value="4"/>
  <attribute name="Target GC Util Change" value ="20.000000" />
  <attribute name="Current GC Util Change" value="64.000000"/>
  <attribute name="GC Util currently" value="64" />
  <attribute name="CPU Util currently" value="19294950068540" />
<exclusive-end id="307" timestamp="2019-06-17T03:28:33.031" durationms="3.555" />

<exclusive-start id="308" timestamp="2019-06-17T03:28:33.050" intervalms="22.879">
  <response-info timems="0.033" idlems="0.033" threads="0" lastid="0000000001060900" lastname="Thread-7" />
</exclusive-start>
<allocation-taxation id="309" taxation-threshold="23068672" timestamp="2019-06-17T03:28:33.050" intervalms="22.929" />
<cycle-start id="310" type="partial gc" contextid="0" timestamp="2019-06-17T03:28:33.050" intervalms="22.954" />
<gc-start id="311" type="partial gc" contextid="310" timestamp="2019-06-17T03:28:33.050">
  <mem-info id="312" free="16777216" total="66060288" percent="25">
    <mem type="eden" free="0" total="23068672" percent="0" />
    <remembered-set count="14752" freebytes="2577920" totalbytes="2636928" percent="97" regionsoverflowed="0" regionsstable="1" regionsrebuilding="0"/>
  </mem-info>
</gc-start>
<allocation-stats totalBytes="23065744" >
  <allocated-bytes non-tlh="0" tlh="23065744" arrayletleaf="0"/>
  <largest-consumer threadName="Thread-9" threadId="000000000105CD00" bytes="6491192" />
</allocation-stats>
<gc-op id="313" type="copy forward" timems="1.819" contextid="310" timestamp="2019-06-17T03:28:33.053">
  <memory-copied type="eden" objects="10341" bytes="387112" bytesdiscarded="24600" />
  <memory-copied type="other" objects="9075" bytes="355176" bytesdiscarded="16736" />
  <memory-cardclean objects="6208" bytes="306752" />
  <regions eden="22" other="1" />
  <remembered-set-cleared processed="11970" cleared="760" durationms="0.110" />
  <stringconstants candidates="4597" cleared="0"  />
</gc-op>
<gc-op id="314" type="classunload" timems="0.003" contextid="310" timestamp="2019-06-17T03:28:33.053">
  <classunload-info classloadercandidates="8" classloadersunloaded="0" classesunloaded="0" anonymousclassesunloaded="0" quiescems="0.000" setupms="0.003" scanms="0.000" postms="0.000" />
</gc-op>
<heap-resize id="315" type="expand" space="default" amount="2097152" count="1" timems="0.083" reason="excessive time being spent in gc" timestamp="2019-06-17T03:28:33.053" />
<gc-end id="316" type="partial gc" contextid="310" durationms="2.854" usertimems="4.000" systemtimems="0.000" timestamp="2019-06-17T03:28:33.053" activeThreads="4">
  <mem-info id="317" free="40894464" total="68157440" percent="60">
    <mem type="eden" free="636864" total="1048576" percent="60" />
    <remembered-set count="15520" freebytes="2658560" totalbytes="2720640" percent="97" regionsoverflowed="0" regionsstable="1" regionsrebuilding="0"/>
  </mem-info>
</gc-end>
<cycle-end id="318" type="partial gc" contextid="310" timestamp="2019-06-17T03:28:33.053" />
  <attribute name="elasticGC enabled" value="1" />
  <attribute name= "numThreadsSpecified" value="4" />
  <attribute name="heapSize specified" value="0" />
  <attribute name="Current GC Util" value="43" />
  <attribute name= "Current Time Running" value="1327" />
  <attribute name ="GC Interval" value="0" />
  <attribute name="ProportionalT" value="34.500000" />
  <attribute name="ProportionalI" value="34.500000" />
  <attribute name="ProportionalH" value="34.500000" />
  <attribute name="Current Error" value="23.000000" />
  <attribute name="IntegralT" value="23.000000" />
  <attribute name="IntegralI" value="23.000000" />
  <attribute name="IntegralH" value="23.000000" />
  <attribute name="DerivativeT" value="34.500000" />
  <attribute name="DerivativeI" value="34.500000" />
  <attribute name="DerivativeH" value="34.500000" />
  <attribute name="Loop Time for DT" value="1.000000" />
  <attribute name="Output H" value="8388608"/>
  <attribute name="Output I" value="200"/>
  <attribute name="Output T" value="4"/>
  <attribute name="Target GC Util Change" value ="20.000000" />
  <attribute name="Current GC Util Change" value="43.000000"/>
  <attribute name="GC Util currently" value="43" />
  <attribute name="CPU Util currently" value="17296330527057" />
<exclusive-end id="319" timestamp="2019-06-17T03:28:33.053" durationms="3.547" />

<exclusive-start id="320" timestamp="2019-06-17T03:28:33.072" intervalms="22.253">
  <response-info timems="0.023" idlems="0.023" threads="0" lastid="0000000001068100" lastname="Thread-8" />
</exclusive-start>
<allocation-taxation id="321" taxation-threshold="24117248" timestamp="2019-06-17T03:28:33.072" intervalms="22.194" />
<cycle-start id="322" type="partial gc" contextid="0" timestamp="2019-06-17T03:28:33.072" intervalms="22.165" />
<gc-start id="323" type="partial gc" contextid="322" timestamp="2019-06-17T03:28:33.072">
  <mem-info id="324" free="16777216" total="68157440" percent="24">
    <mem type="eden" free="0" total="24117248" percent="0" />
    <remembered-set count="15104" freebytes="2660224" totalbytes="2720640" percent="97" regionsoverflowed="0" regionsstable="1" regionsrebuilding="0"/>
  </mem-info>
</gc-start>
<allocation-stats totalBytes="24114408" >
  <allocated-bytes non-tlh="0" tlh="24114408" arrayletleaf="0"/>
  <largest-consumer threadName="Thread-8" threadId="0000000001068100" bytes="6700232" />
</allocation-stats>
<gc-op id="325" type="copy forward" timems="1.658" contextid="322" timestamp="2019-06-17T03:28:33.075">
  <memory-copied type="eden" objects="2797" bytes="68432" bytesdiscarded="24072" />
  <memory-copied type="other" objects="10010" bytes="377616" bytesdiscarded="20528" />
  <memory-cardclean objects="6217" bytes="322328" />
  <regions eden="23" other="1" />
  <remembered-set-cleared processed="12706" cleared="584" durationms="0.108" />
  <stringconstants candidates="4597" cleared="0"  />
</gc-op>
<gc-op id="326" type="classunload" timems="0.002" contextid="322" timestamp="2019-06-17T03:28:33.075">
  <classunload-info classloadercandidates="8" classloadersunloaded="0" classesunloaded="0" anonymousclassesunloaded="0" quiescems="0.000" setupms="0.002" scanms="0.000" postms="0.000" />
</gc-op>
<heap-resize id="327" type="expand" space="default" amount="3145728" count="1" timems="0.064" reason="excessive time being spent in gc" timestamp="2019-06-17T03:28:33.075" />
<gc-end id="328" type="partial gc" contextid="322" durationms="2.535" usertimems="4.000" systemtimems="0.000" timestamp="2019-06-17T03:28:33.075" activeThreads="4">
  <mem-info id="329" free="42991616" total="71303168" percent="60">
    <mem type="eden" free="956072" total="1048576" percent="91" />
    <remembered-set count="16544" freebytes="2780032" totalbytes="2846208" percent="97" regionsoverflowed="0" regionsstable="1" regionsrebuilding="0"/>
  </mem-info>
</gc-end>
<cycle-end id="330" type="partial gc" contextid="322" timestamp="2019-06-17T03:28:33.075" />
  <attribute name="elasticGC enabled" value="1" />
  <attribute name= "numThreadsSpecified" value="4" />
  <attribute name="heapSize specified" value="0" />
  <attribute name="Current GC Util" value="60" />
  <attribute name= "Current Time Running" value="1349" />
  <attribute name ="GC Interval" value="0" />
  <attribute name="ProportionalT" value="60.000000" />
  <attribute name="ProportionalI" value="60.000000" />
  <attribute name="ProportionalH" value="60.000000" />
  <attribute name="Current Error" value="40.000000" />
  <attribute name="IntegralT" value="40.000000" />
  <attribute name="IntegralI" value="40.000000" />
  <attribute name="IntegralH" value="40.000000" />
  <attribute name="DerivativeT" value="57.000000" />
  <attribute name="DerivativeI" value="57.000000" />
  <attribute name="DerivativeH" value="57.000000" />
  <attribute name="Loop Time for DT" value="1.000000" />
  <attribute name="Output H" value="8388608"/>
  <attribute name="Output I" value="200"/>
  <attribute name="Output T" value="4"/>
  <attribute name="Target GC Util Change" value ="20.000000" />
  <attribute name="Current GC Util Change" value="60.000000"/>
  <attribute name="GC Util currently" value="60" />
  <attribute name="CPU Util currently" value="21508325089049" />
<exclusive-end id="331" timestamp="2019-06-17T03:28:33.075" durationms="3.060" />

<exclusive-start id="332" timestamp="2019-06-17T03:28:33.094" intervalms="21.848">
  <response-info timems="0.033" idlems="0.033" threads="0" lastid="0000000001060900" lastname="Thread-7" />
</exclusive-start>
<allocation-taxation id="333" taxation-threshold="24117248" timestamp="2019-06-17T03:28:33.094" intervalms="21.875" />
<cycle-start id="334" type="partial gc" contextid="0" timestamp="2019-06-17T03:28:33.094" intervalms="21.902" />
<gc-start id="335" type="partial gc" contextid="334" timestamp="2019-06-17T03:28:33.094">
  <mem-info id="336" free="18874368" total="71303168" percent="26">
    <mem type="eden" free="0" total="24117248" percent="0" />
    <remembered-set count="13216" freebytes="2793344" totalbytes="2846208" percent="98" regionsoverflowed="0" regionsstable="2" regionsrebuilding="0"/>
  </mem-info>
</gc-start>
<allocation-stats totalBytes="24114360" >
  <allocated-bytes non-tlh="0" tlh="24114360" arrayletleaf="0"/>
  <largest-consumer threadName="Thread-8" threadId="0000000001068100" bytes="7019544" />
</allocation-stats>
<gc-op id="337" type="copy forward" timems="1.455" contextid="334" timestamp="2019-06-17T03:28:33.096">
  <memory-copied type="eden" objects="2630" bytes="64560" bytesdiscarded="0" />
  <memory-copied type="other" objects="2496" bytes="59904" bytesdiscarded="0" />
  <memory-cardclean objects="7276" bytes="368936" />
  <regions eden="23" other="1" />
  <remembered-set-cleared processed="10199" cleared="223" durationms="0.150" />
  <stringconstants candidates="4597" cleared="0"  />
</gc-op>
<gc-op id="338" type="classunload" timems="0.002" contextid="334" timestamp="2019-06-17T03:28:33.096">
  <classunload-info classloadercandidates="8" classloadersunloaded="0" classesunloaded="0" anonymousclassesunloaded="0" quiescems="0.000" setupms="0.002" scanms="0.000" postms="0.000" />
</gc-op>
<heap-resize id="339" type="expand" space="default" amount="2097152" count="1" timems="0.060" reason="excessive time being spent in gc" timestamp="2019-06-17T03:28:33.097" />
<gc-end id="340" type="partial gc" contextid="334" durationms="2.398" usertimems="4.000" systemtimems="0.000" timestamp="2019-06-17T03:28:33.097" activeThreads="1">
  <mem-info id="341" free="44040192" total="73400320" percent="60">
    <mem type="eden" free="984016" total="1048576" percent="93" />
    <remembered-set count="13824" freebytes="2874624" totalbytes="2929920" percent="98" regionsoverflowed="0" regionsstable="2" regionsrebuilding="0"/>
  </mem-info>
</gc-end>
<cycle-end id="342" type="partial gc" contextid="334" timestamp="2019-06-17T03:28:33.097" />
  <attribute name="elasticGC enabled" value="1" />
  <attribute name= "numThreadsSpecified" value="1" />
  <attribute name="heapSize specified" value="0" />
  <attribute name="Current GC Util" value="51" />
  <attribute name= "Current Time Running" value="1370" />
  <attribute name ="GC Interval" value="0" />
  <attribute name="ProportionalT" value="46.500000" />
  <attribute name="ProportionalI" value="46.500000" />
  <attribute name="ProportionalH" value="46.500000" />
  <attribute name="Current Error" value="31.000000" />
  <attribute name="IntegralT" value="0.000000" />
  <attribute name="IntegralI" value="0.000000" />
  <attribute name="IntegralH" value="0.000000" />
  <attribute name="DerivativeT" value="inf" />
  <attribute name="DerivativeI" value="inf" />
  <attribute name="DerivativeH" value="inf" />
  <attribute name="Loop Time for DT" value="0.000000" />
  <attribute name="Output H" value="8388608"/>
  <attribute name="Output I" value="200"/>
  <attribute name="Output T" value="1"/>
  <attribute name="Target GC Util Change" value ="20.000000" />
  <attribute name="Current GC Util Change" value="51.000000"/>
  <attribute name="GC Util currently" value="51" />
  <attribute name="CPU Util currently" value="22768023932433" />
<exclusive-end id="343" timestamp="2019-06-17T03:28:33.097" durationms="2.950" />

<exclusive-start id="344" timestamp="2019-06-17T03:28:33.118" intervalms="24.469">
  <response-info timems="0.231" idlems="0.231" threads="0" lastid="000000000105CD00" lastname="Thread-9" />
</exclusive-start>
<allocation-taxation id="345" taxation-threshold="25165824" timestamp="2019-06-17T03:28:33.119" intervalms="24.492" />
<cycle-start id="346" type="partial gc" contextid="0" timestamp="2019-06-17T03:28:33.119" intervalms="24.477" />
<gc-start id="347" type="partial gc" contextid="346" timestamp="2019-06-17T03:28:33.119">
  <mem-info id="348" free="18874368" total="73400320" percent="25">
    <mem type="eden" free="0" total="25165824" percent="0" />
    <remembered-set count="13536" freebytes="2875776" totalbytes="2929920" percent="98" regionsoverflowed="0" regionsstable="2" regionsrebuilding="0"/>
  </mem-info>
</gc-start>
<allocation-stats totalBytes="25162656" >
  <allocated-bytes non-tlh="0" tlh="25162656" arrayletleaf="0"/>
  <largest-consumer threadName="Thread-8" threadId="0000000001068100" bytes="7089232" />
</allocation-stats>
<gc-op id="349" type="copy forward" timems="1.887" contextid="346" timestamp="2019-06-17T03:28:33.122">
  <memory-copied type="eden" objects="9705" bytes="371504" bytesdiscarded="8776" />
  <memory-copied type="other" objects="2345" bytes="56280" bytesdiscarded="1576" />
  <memory-cardclean objects="8499" bytes="412280" />
  <regions eden="24" other="1" />
  <remembered-set-cleared processed="10703" cleared="330" durationms="0.097" />
  <stringconstants candidates="4597" cleared="0"  />
</gc-op>
<gc-op id="350" type="classunload" timems="0.002" contextid="346" timestamp="2019-06-17T03:28:33.122">
  <classunload-info classloadercandidates="8" classloadersunloaded="0" classesunloaded="0" anonymousclassesunloaded="0" quiescems="0.000" setupms="0.002" scanms="0.000" postms="0.000" />
</gc-op>
<heap-resize id="351" type="expand" space="default" amount="3145728" count="1" timems="0.067" reason="excessive time being spent in gc" timestamp="2019-06-17T03:28:33.122" />
<gc-end id="352" type="partial gc" contextid="346" durationms="3.385" usertimems="4.000" systemtimems="0.000" timestamp="2019-06-17T03:28:33.122" activeThreads="4">
  <mem-info id="353" free="46137344" total="76546048" percent="60">
    <mem type="eden" free="668296" total="1048576" percent="63" />
    <remembered-set count="14240" freebytes="2998528" totalbytes="3055488" percent="98" regionsoverflowed="0" regionsstable="2" regionsrebuilding="0"/>
  </mem-info>
</gc-end>
<cycle-end id="354" type="partial gc" contextid="346" timestamp="2019-06-17T03:28:33.122" />
  <attribute name="elasticGC enabled" value="1" />
  <attribute name= "numThreadsSpecified" value="4" />
  <attribute name="heapSize specified" value="0" />
  <attribute name="Current GC Util" value="14" />
  <attribute name= "Current Time Running" value="1396" />
  <attribute name ="GC Interval" value="0" />
  <attribute name="ProportionalT" value="-9.000000" />
  <attribute name="ProportionalI" value="-9.000000" />
  <attribute name="ProportionalH" value="-9.000000" />
  <attribute name="Current Error" value="-6.000000" />
  <attribute name="IntegralT" value="-6.000000" />
  <attribute name="IntegralI" value="-6.000000" />
  <attribute name="IntegralH" value="-6.000000" />
  <attribute name="DerivativeT" value="-9.000000" />
  <attribute name="DerivativeI" value="-9.000000" />
  <attribute name="DerivativeH" value="-9.000000" />
  <attribute name="Loop Time for DT" value="1.000000" />
  <attribute name="Output H" value="2091843584"/>
  <attribute name="Output I" value="200"/>
  <attribute name="Output T" value="4"/>
  <attribute name="Target GC Util Change" value ="20.000000" />
  <attribute name="Current GC Util Change" value="14.000000"/>
  <attribute name="GC Util currently" value="14" />
  <attribute name="CPU Util currently" value="5646987821755" />
<exclusive-end id="355" timestamp="2019-06-17T03:28:33.122" durationms="3.981" />

<exclusive-start id="356" timestamp="2019-06-17T03:28:33.151" intervalms="32.457">
  <response-info timems="0.197" idlems="0.197" threads="0" lastid="0000000001060900" lastname="Thread-7" />
</exclusive-start>
<allocation-taxation id="357" taxation-threshold="26214400" timestamp="2019-06-17T03:28:33.151" intervalms="32.430" />
<cycle-start id="358" type="partial gc" contextid="0" timestamp="2019-06-17T03:28:33.151" intervalms="32.418" />
<gc-start id="359" type="partial gc" contextid="358" timestamp="2019-06-17T03:28:33.151">
  <mem-info id="360" free="19922944" total="76546048" percent="26">
    <mem type="eden" free="0" total="26214400" percent="0" />
    <remembered-set count="14016" freebytes="2999424" totalbytes="3055488" percent="98" regionsoverflowed="0" regionsstable="3" regionsrebuilding="0"/>
  </mem-info>
</gc-start>
<allocation-stats totalBytes="26211136" >
  <allocated-bytes non-tlh="0" tlh="26211136" arrayletleaf="0"/>
  <largest-consumer threadName="Thread-9" threadId="000000000105CD00" bytes="9517904" />
</allocation-stats>
<gc-op id="361" type="copy forward" timems="1.816" contextid="358" timestamp="2019-06-17T03:28:33.154">
  <memory-copied type="eden" objects="13059" bytes="451968" bytesdiscarded="40040" />
  <memory-copied type="other" objects="9461" bytes="364440" bytesdiscarded="32464" />
  <memory-cardclean objects="7503" bytes="369248" />
  <regions eden="25" other="1" />
  <remembered-set-cleared processed="11169" cleared="417" durationms="0.105" />
  <stringconstants candidates="4597" cleared="0"  />
</gc-op>
<gc-op id="362" type="classunload" timems="0.003" contextid="358" timestamp="2019-06-17T03:28:33.154">
  <classunload-info classloadercandidates="8" classloadersunloaded="0" classesunloaded="0" anonymousclassesunloaded="0" quiescems="0.000" setupms="0.002" scanms="0.000" postms="0.000" />
</gc-op>
<gc-end id="363" type="partial gc" contextid="358" durationms="2.751" usertimems="4.000" systemtimems="0.000" timestamp="2019-06-17T03:28:33.154" activeThreads="4">
  <mem-info id="364" free="44040192" total="76546048" percent="57">
    <mem type="eden" free="1605144" total="2097152" percent="76" />
    <remembered-set count="14688" freebytes="2996736" totalbytes="3055488" percent="98" regionsoverflowed="0" regionsstable="3" regionsrebuilding="0"/>
  </mem-info>
</gc-end>
<cycle-end id="365" type="partial gc" contextid="358" timestamp="2019-06-17T03:28:33.154" />
  <attribute name="elasticGC enabled" value="1" />
  <attribute name= "numThreadsSpecified" value="4" />
  <attribute name="heapSize specified" value="0" />
  <attribute name="Current GC Util" value="35" />
  <attribute name= "Current Time Running" value="1428" />
  <attribute name ="GC Interval" value="0" />
  <attribute name="ProportionalT" value="22.500000" />
  <attribute name="ProportionalI" value="22.500000" />
  <attribute name="ProportionalH" value="22.500000" />
  <attribute name="Current Error" value="15.000000" />
  <attribute name="IntegralT" value="15.000000" />
  <attribute name="IntegralI" value="15.000000" />
  <attribute name="IntegralH" value="15.000000" />
  <attribute name="DerivativeT" value="22.500000" />
  <attribute name="DerivativeI" value="22.500000" />
  <attribute name="DerivativeH" value="22.500000" />
  <attribute name="Loop Time for DT" value="1.000000" />
  <attribute name="Output H" value="8388608"/>
  <attribute name="Output I" value="200"/>
  <attribute name="Output T" value="4"/>
  <attribute name="Target GC Util Change" value ="20.000000" />
  <attribute name="Current GC Util Change" value="35.000000"/>
  <attribute name="GC Util currently" value="35" />
  <attribute name="CPU Util currently" value="13373873395907" />
<exclusive-end id="366" timestamp="2019-06-17T03:28:33.154" durationms="3.354" />

<exclusive-start id="367" timestamp="2019-06-17T03:28:33.178" intervalms="27.415">
  <response-info timems="1.183" idlems="0.771" threads="2" lastid="0000000001068100" lastname="Thread-8" />
</exclusive-start>
<allocation-taxation id="368" taxation-threshold="26214400" timestamp="2019-06-17T03:28:33.178" intervalms="27.453" />
<cycle-start id="369" type="partial gc" contextid="0" timestamp="2019-06-17T03:28:33.179" intervalms="27.455" />
<gc-start id="370" type="partial gc" contextid="369" timestamp="2019-06-17T03:28:33.179">
  <mem-info id="371" free="17825792" total="76546048" percent="23">
    <mem type="eden" free="0" total="26214400" percent="0" />
    <remembered-set count="14592" freebytes="2997120" totalbytes="3055488" percent="98" regionsoverflowed="0" regionsstable="3" regionsrebuilding="0"/>
  </mem-info>
</gc-start>
<allocation-stats totalBytes="26211312" >
  <allocated-bytes non-tlh="0" tlh="26211312" arrayletleaf="0"/>
  <largest-consumer threadName="Thread-10" threadId="0000000001064500" bytes="7564456" />
</allocation-stats>
<gc-op id="372" type="copy forward" timems="3.428" contextid="369" timestamp="2019-06-17T03:28:33.183">
  <memory-copied type="eden" objects="27197" bytes="1203368" bytesdiscarded="0" />
  <memory-copied type="other" objects="5234" bytes="125616" bytesdiscarded="0" />
  <memory-cardclean objects="8089" bytes="424376" />
  <regions eden="25" other="2" />
  <remembered-set-cleared processed="11769" cleared="332" durationms="0.177" />
  <stringconstants candidates="4597" cleared="0"  />
</gc-op>
<gc-op id="373" type="classunload" timems="0.003" contextid="369" timestamp="2019-06-17T03:28:33.183">
  <classunload-info classloadercandidates="8" classloadersunloaded="0" classesunloaded="0" anonymousclassesunloaded="0" quiescems="0.000" setupms="0.003" scanms="0.000" postms="0.000" />
</gc-op>
<gc-end id="374" type="partial gc" contextid="369" durationms="4.212" usertimems="8.000" systemtimems="0.000" timestamp="2019-06-17T03:28:33.183" activeThreads="1">
  <mem-info id="375" free="42991616" total="76546048" percent="56">
    <mem type="eden" free="893784" total="2097152" percent="42" />
    <remembered-set count="15328" freebytes="2994176" totalbytes="3055488" percent="97" regionsoverflowed="0" regionsstable="3" regionsrebuilding="0"/>
  </mem-info>
</gc-end>
<cycle-end id="376" type="partial gc" contextid="369" timestamp="2019-06-17T03:28:33.183" />
  <attribute name="elasticGC enabled" value="1" />
  <attribute name= "numThreadsSpecified" value="1" />
  <attribute name="heapSize specified" value="0" />
  <attribute name="Current GC Util" value="62" />
  <attribute name= "Current Time Running" value="1455" />
  <attribute name ="GC Interval" value="0" />
  <attribute name="ProportionalT" value="63.000000" />
  <attribute name="ProportionalI" value="63.000000" />
  <attribute name="ProportionalH" value="63.000000" />
  <attribute name="Current Error" value="42.000000" />
  <attribute name="IntegralT" value="0.000000" />
  <attribute name="IntegralI" value="0.000000" />
  <attribute name="IntegralH" value="0.000000" />
  <attribute name="DerivativeT" value="inf" />
  <attribute name="DerivativeI" value="inf" />
  <attribute name="DerivativeH" value="inf" />
  <attribute name="Loop Time for DT" value="0.000000" />
  <attribute name="Output H" value="8388608"/>
  <attribute name="Output I" value="200"/>
  <attribute name="Output T" value="1"/>
  <attribute name="Target GC Util Change" value ="20.000000" />
  <attribute name="Current GC Util Change" value="62.000000"/>
  <attribute name="GC Util currently" value="62" />
  <attribute name="CPU Util currently" value="20846887966265" />
<exclusive-end id="377" timestamp="2019-06-17T03:28:33.183" durationms="4.897" />

<exclusive-start id="378" timestamp="2019-06-17T03:28:33.211" intervalms="32.763">
  <response-info timems="0.204" idlems="0.204" threads="0" lastid="0000000001068100" lastname="Thread-8" />
</exclusive-start>
<allocation-taxation id="379" taxation-threshold="26214400" timestamp="2019-06-17T03:28:33.211" intervalms="32.872" />
<cycle-start id="380" type="partial gc" contextid="0" timestamp="2019-06-17T03:28:33.213" intervalms="34.457" />
<gc-start id="381" type="partial gc" contextid="380" timestamp="2019-06-17T03:28:33.213">
  <mem-info id="382" free="16777216" total="76546048" percent="21">
    <mem type="eden" free="0" total="26214400" percent="0" />
    <remembered-set count="15104" freebytes="2995072" totalbytes="3055488" percent="98" regionsoverflowed="0" regionsstable="3" regionsrebuilding="0"/>
  </mem-info>
</gc-start>
<allocation-stats totalBytes="26211256" >
  <allocated-bytes non-tlh="0" tlh="26211256" arrayletleaf="0"/>
  <largest-consumer threadName="Thread-9" threadId="000000000105CD00" bytes="10132296" />
</allocation-stats>
<gc-op id="383" type="copy forward" timems="3.082" contextid="380" timestamp="2019-06-17T03:28:33.217">
  <memory-copied type="eden" objects="3229" bytes="79080" bytesdiscarded="0" />
  <memory-copied type="other" objects="26958" bytes="1196496" bytesdiscarded="16" />
  <memory-cardclean objects="2702" bytes="142856" />
  <regions eden="25" other="2" />
  <remembered-set-cleared processed="12440" cleared="155" durationms="0.184" />
  <stringconstants candidates="4597" cleared="0"  />
</gc-op>
<gc-op id="384" type="classunload" timems="0.003" contextid="380" timestamp="2019-06-17T03:28:33.217">
  <classunload-info classloadercandidates="8" classloadersunloaded="0" classesunloaded="0" anonymousclassesunloaded="0" quiescems="0.000" setupms="0.003" scanms="0.000" postms="0.000" />
</gc-op>
<gc-end id="385" type="partial gc" contextid="380" durationms="3.841" usertimems="4.000" systemtimems="4.000" timestamp="2019-06-17T03:28:33.217" activeThreads="1">
  <mem-info id="386" free="41943040" total="76546048" percent="54">
    <mem type="eden" free="969496" total="1048576" percent="92" />
    <remembered-set count="15648" freebytes="2992896" totalbytes="3055488" percent="97" regionsoverflowed="0" regionsstable="3" regionsrebuilding="0"/>
  </mem-info>
</gc-end>
<cycle-end id="387" type="partial gc" contextid="380" timestamp="2019-06-17T03:28:33.217" />
  <attribute name="elasticGC enabled" value="1" />
  <attribute name= "numThreadsSpecified" value="1" />
  <attribute name="heapSize specified" value="0" />
  <attribute name="Current GC Util" value="67" />
  <attribute name= "Current Time Running" value="1489" />
  <attribute name ="GC Interval" value="0" />
  <attribute name="ProportionalT" value="70.500000" />
  <attribute name="ProportionalI" value="70.500000" />
  <attribute name="ProportionalH" value="70.500000" />
  <attribute name="Current Error" value="47.000000" />
  <attribute name="IntegralT" value="0.000000" />
  <attribute name="IntegralI" value="0.000000" />
  <attribute name="IntegralH" value="0.000000" />
  <attribute name="DerivativeT" value="inf" />
  <attribute name="DerivativeI" value="inf" />
  <attribute name="DerivativeH" value="inf" />
  <attribute name="Loop Time for DT" value="0.000000" />
  <attribute name="Output H" value="8388608"/>
  <attribute name="Output I" value="200"/>
  <attribute name="Output T" value="1"/>
  <attribute name="Target GC Util Change" value ="20.000000" />
  <attribute name="Current GC Util Change" value="67.000000"/>
  <attribute name="GC Util currently" value="67" />
  <attribute name="CPU Util currently" value="21739187483190" />
<exclusive-end id="388" timestamp="2019-06-17T03:28:33.217" durationms="6.335" />

<exclusive-start id="389" timestamp="2019-06-17T03:28:33.248" intervalms="36.638">
  <response-info timems="0.203" idlems="0.203" threads="0" lastid="0000000001068100" lastname="Thread-8" />
</exclusive-start>
<allocation-taxation id="390" taxation-threshold="26214400" timestamp="2019-06-17T03:28:33.250" intervalms="38.739" />
<cycle-start id="391" type="partial gc" contextid="0" timestamp="2019-06-17T03:28:33.250" intervalms="37.201" />
<gc-start id="392" type="partial gc" contextid="391" timestamp="2019-06-17T03:28:33.250">
  <mem-info id="393" free="15728640" total="76546048" percent="20">
    <mem type="eden" free="0" total="26214400" percent="0" />
    <remembered-set count="15584" freebytes="2993152" totalbytes="3055488" percent="97" regionsoverflowed="0" regionsstable="3" regionsrebuilding="0"/>
  </mem-info>
</gc-start>
<allocation-stats totalBytes="26210896" >
  <allocated-bytes non-tlh="0" tlh="26210896" arrayletleaf="0"/>
  <largest-consumer threadName="Thread-9" threadId="000000000105CD00" bytes="10828304" />
</allocation-stats>
<gc-op id="394" type="copy forward" timems="1.775" contextid="391" timestamp="2019-06-17T03:28:33.253">
  <memory-copied type="eden" objects="1836" bytes="45624" bytesdiscarded="3400" />
  <memory-copied type="other" objects="2891" bytes="69384" bytesdiscarded="1008" />
  <memory-cardclean objects="6202" bytes="374720" />
  <regions eden="25" other="1" />
  <remembered-set-cleared processed="12719" cleared="5" durationms="0.113" />
  <stringconstants candidates="4597" cleared="0"  />
</gc-op>
<gc-op id="395" type="classunload" timems="0.004" contextid="391" timestamp="2019-06-17T03:28:33.253">
  <classunload-info classloadercandidates="8" classloadersunloaded="0" classesunloaded="0" anonymousclassesunloaded="0" quiescems="0.000" setupms="0.002" scanms="0.000" postms="0.000" />
</gc-op>
<heap-resize id="396" type="expand" space="default" amount="12582912" count="1" timems="0.133" reason="excessive time being spent in gc" timestamp="2019-06-17T03:28:33.253" />
<gc-end id="397" type="partial gc" contextid="391" durationms="2.821" usertimems="0.000" systemtimems="4.000" timestamp="2019-06-17T03:28:33.253" activeThreads="4">
  <mem-info id="398" free="53477376" total="89128960" percent="60">
    <mem type="eden" free="999552" total="1048576" percent="95" />
    <remembered-set count="16160" freebytes="3493120" totalbytes="3557760" percent="98" regionsoverflowed="0" regionsstable="3" regionsrebuilding="0"/>
  </mem-info>
</gc-end>
<cycle-end id="399" type="partial gc" contextid="391" timestamp="2019-06-17T03:28:33.253" />
  <attribute name="elasticGC enabled" value="1" />
  <attribute name= "numThreadsSpecified" value="4" />
  <attribute name="heapSize specified" value="0" />
  <attribute name="Current GC Util" value="52" />
  <attribute name= "Current Time Running" value="1527" />
  <attribute name ="GC Interval" value="0" />
  <attribute name="ProportionalT" value="48.000000" />
  <attribute name="ProportionalI" value="48.000000" />
  <attribute name="ProportionalH" value="48.000000" />
  <attribute name="Current Error" value="32.000000" />
  <attribute name="IntegralT" value="32.000000" />
  <attribute name="IntegralI" value="32.000000" />
  <attribute name="IntegralH" value="32.000000" />
  <attribute name="DerivativeT" value="48.000000" />
  <attribute name="DerivativeI" value="48.000000" />
  <attribute name="DerivativeH" value="48.000000" />
  <attribute name="Loop Time for DT" value="1.000000" />
  <attribute name="Output H" value="8388608"/>
  <attribute name="Output I" value="200"/>
  <attribute name="Output T" value="4"/>
  <attribute name="Target GC Util Change" value ="20.000000" />
  <attribute name="Current GC Util Change" value="52.000000"/>
  <attribute name="GC Util currently" value="52" />
  <attribute name="CPU Util currently" value="18116373866248" />
<exclusive-end id="400" timestamp="2019-06-17T03:28:33.254" durationms="5.880" />

<exclusive-start id="401" timestamp="2019-06-17T03:28:33.294" intervalms="46.361">
  <response-info timems="4.669" idlems="3.155" threads="2" lastid="0000000001068100" lastname="Thread-8" />
</exclusive-start>
<allocation-taxation id="402" taxation-threshold="28311552" timestamp="2019-06-17T03:28:33.294" intervalms="44.191" />
<cycle-start id="403" type="partial gc" contextid="0" timestamp="2019-06-17T03:28:33.294" intervalms="44.246" />
<gc-start id="404" type="partial gc" contextid="403" timestamp="2019-06-17T03:28:33.295">
  <mem-info id="405" free="25165824" total="89128960" percent="28">
    <mem type="eden" free="0" total="28311552" percent="0" />
    <remembered-set count="16000" freebytes="3493760" totalbytes="3557760" percent="98" regionsoverflowed="0" regionsstable="3" regionsrebuilding="0"/>
  </mem-info>
</gc-start>
<allocation-stats totalBytes="28308392" >
  <allocated-bytes non-tlh="0" tlh="28308392" arrayletleaf="0"/>
  <largest-consumer threadName="Thread-9" threadId="000000000105CD00" bytes="11713288" />
</allocation-stats>
<gc-op id="406" type="copy forward" timems="1.607" contextid="403" timestamp="2019-06-17T03:28:33.297">
  <memory-copied type="eden" objects="2199" bytes="54280" bytesdiscarded="0" />
  <memory-copied type="other" objects="1505" bytes="36120" bytesdiscarded="0" />
  <memory-cardclean objects="5958" bytes="286832" />
  <regions eden="27" other="1" />
  <remembered-set-cleared processed="13206" cleared="214" durationms="0.210" />
  <stringconstants candidates="4597" cleared="0"  />
</gc-op>
<gc-op id="407" type="classunload" timems="0.003" contextid="403" timestamp="2019-06-17T03:28:33.297">
  <classunload-info classloadercandidates="8" classloadersunloaded="0" classesunloaded="0" anonymousclassesunloaded="0" quiescems="0.000" setupms="0.003" scanms="0.000" postms="0.000" />
</gc-op>
<gc-end id="408" type="partial gc" contextid="403" durationms="2.615" usertimems="4.000" systemtimems="4.000" timestamp="2019-06-17T03:28:33.297" activeThreads="1">
  <mem-info id="409" free="52428800" total="89128960" percent="58">
    <mem type="eden" free="994296" total="1048576" percent="94" />
    <remembered-set count="16928" freebytes="3490048" totalbytes="3557760" percent="98" regionsoverflowed="0" regionsstable="3" regionsrebuilding="0"/>
  </mem-info>
</gc-end>
<cycle-end id="410" type="partial gc" contextid="403" timestamp="2019-06-17T03:28:33.298" />
  <attribute name="elasticGC enabled" value="1" />
  <attribute name= "numThreadsSpecified" value="1" />
  <attribute name="heapSize specified" value="0" />
  <attribute name="Current GC Util" value="46" />
  <attribute name= "Current Time Running" value="1571" />
  <attribute name ="GC Interval" value="0" />
  <attribute name="ProportionalT" value="39.000000" />
  <attribute name="ProportionalI" value="39.000000" />
  <attribute name="ProportionalH" value="39.000000" />
  <attribute name="Current Error" value="26.000000" />
  <attribute name="IntegralT" value="0.000000" />
  <attribute name="IntegralI" value="0.000000" />
  <attribute name="IntegralH" value="0.000000" />
  <attribute name="DerivativeT" value="inf" />
  <attribute name="DerivativeI" value="inf" />
  <attribute name="DerivativeH" value="inf" />
  <attribute name="Loop Time for DT" value="0.000000" />
  <attribute name="Output H" value="8388608"/>
  <attribute name="Output I" value="200"/>
  <attribute name="Output T" value="1"/>
  <attribute name="Target GC Util Change" value ="20.000000" />
  <attribute name="Current GC Util Change" value="46.000000"/>
  <attribute name="GC Util currently" value="46" />
  <attribute name="CPU Util currently" value="17369226711384" />
<exclusive-end id="411" timestamp="2019-06-17T03:28:33.298" durationms="3.597" />

<exclusive-start id="412" timestamp="2019-06-17T03:28:33.350" intervalms="55.509">
  <response-info timems="0.081" idlems="0.043" threads="1" lastid="0000000001064500" lastname="Thread-10" />
</exclusive-start>
<allocation-taxation id="413" taxation-threshold="28311552" timestamp="2019-06-17T03:28:33.350" intervalms="55.487" />
<cycle-start id="414" type="partial gc" contextid="0" timestamp="2019-06-17T03:28:33.350" intervalms="55.442" />
<gc-start id="415" type="partial gc" contextid="414" timestamp="2019-06-17T03:28:33.350">
  <mem-info id="416" free="24117248" total="89128960" percent="27">
    <mem type="eden" free="0" total="28311552" percent="0" />
    <remembered-set count="16448" freebytes="3491968" totalbytes="3557760" percent="98" regionsoverflowed="0" regionsstable="3" regionsrebuilding="0"/>
  </mem-info>
</gc-start>
<allocation-stats totalBytes="28308040" >
  <allocated-bytes non-tlh="0" tlh="28308040" arrayletleaf="0"/>
  <largest-consumer threadName="Thread-9" threadId="000000000105CD00" bytes="9325520" />
</allocation-stats>
<gc-op id="417" type="copy forward" timems="1.494" contextid="414" timestamp="2019-06-17T03:28:33.352">
  <memory-copied type="eden" objects="1934" bytes="47632" bytesdiscarded="0" />
  <memory-copied type="other" objects="1890" bytes="45360" bytesdiscarded="0" />
  <memory-cardclean objects="6260" bytes="301328" />
  <regions eden="27" other="1" />
  <remembered-set-cleared processed="13585" cleared="333" durationms="0.199" />
  <stringconstants candidates="4597" cleared="0"  />
</gc-op>
<gc-op id="418" type="classunload" timems="0.003" contextid="414" timestamp="2019-06-17T03:28:33.352">
  <classunload-info classloadercandidates="8" classloadersunloaded="0" classesunloaded="0" anonymousclassesunloaded="0" quiescems="0.000" setupms="0.003" scanms="0.000" postms="0.000" />
</gc-op>
<gc-end id="419" type="partial gc" contextid="414" durationms="2.444" usertimems="4.000" systemtimems="0.000" timestamp="2019-06-17T03:28:33.353" activeThreads="1">
  <mem-info id="420" free="51380224" total="89128960" percent="57">
    <mem type="eden" free="1000944" total="1048576" percent="95" />
    <remembered-set count="17216" freebytes="3488896" totalbytes="3557760" percent="98" regionsoverflowed="0" regionsstable="3" regionsrebuilding="0"/>
  </mem-info>
</gc-end>
<cycle-end id="421" type="partial gc" contextid="414" timestamp="2019-06-17T03:28:33.353" />
  <attribute name="elasticGC enabled" value="1" />
  <attribute name= "numThreadsSpecified" value="1" />
  <attribute name="heapSize specified" value="0" />
  <attribute name="Current GC Util" value="63" />
  <attribute name= "Current Time Running" value="1626" />
  <attribute name ="GC Interval" value="0" />
  <attribute name="ProportionalT" value="64.500000" />
  <attribute name="ProportionalI" value="64.500000" />
  <attribute name="ProportionalH" value="64.500000" />
  <attribute name="Current Error" value="43.000000" />
  <attribute name="IntegralT" value="0.000000" />
  <attribute name="IntegralI" value="0.000000" />
  <attribute name="IntegralH" value="0.000000" />
  <attribute name="DerivativeT" value="inf" />
  <attribute name="DerivativeI" value="inf" />
  <attribute name="DerivativeH" value="inf" />
  <attribute name="Loop Time for DT" value="0.000000" />
  <attribute name="Output H" value="8388608"/>
  <attribute name="Output I" value="200"/>
  <attribute name="Output T" value="1"/>
  <attribute name="Target GC Util Change" value ="20.000000" />
  <attribute name="Current GC Util Change" value="63.000000"/>
  <attribute name="GC Util currently" value="63" />
  <attribute name="CPU Util currently" value="20926918763544" />
<exclusive-end id="422" timestamp="2019-06-17T03:28:33.353" durationms="3.380" />

<exclusive-start id="423" timestamp="2019-06-17T03:28:33.391" intervalms="41.723">
  <response-info timems="1.040" idlems="0.530" threads="1" lastid="0000000001068100" lastname="Thread-8" />
</exclusive-start>
<allocation-taxation id="424" taxation-threshold="28311552" timestamp="2019-06-17T03:28:33.391" intervalms="41.677" />
<cycle-start id="425" type="partial gc" contextid="0" timestamp="2019-06-17T03:28:33.392" intervalms="41.622" />
<gc-start id="426" type="partial gc" contextid="425" timestamp="2019-06-17T03:28:33.392">
  <mem-info id="427" free="23068672" total="89128960" percent="25">
    <mem type="eden" free="0" total="28311552" percent="0" />
    <remembered-set count="16896" freebytes="3490176" totalbytes="3557760" percent="98" regionsoverflowed="0" regionsstable="3" regionsrebuilding="0"/>
  </mem-info>
</gc-start>
<allocation-stats totalBytes="28308376" >
  <allocated-bytes non-tlh="0" tlh="28308376" arrayletleaf="0"/>
  <largest-consumer threadName="Thread-10" threadId="0000000001064500" bytes="10005528" />
</allocation-stats>
<gc-op id="428" type="copy forward" timems="1.539" contextid="425" timestamp="2019-06-17T03:28:33.394">
  <memory-copied type="eden" objects="2228" bytes="54880" bytesdiscarded="0" />
  <memory-copied type="other" objects="1687" bytes="40488" bytesdiscarded="0" />
  <memory-cardclean objects="6390" bytes="307712" />
  <regions eden="27" other="1" />
  <remembered-set-cleared processed="14026" cleared="363" durationms="0.203" />
  <stringconstants candidates="4597" cleared="0"  />
</gc-op>
<gc-op id="429" type="classunload" timems="0.003" contextid="425" timestamp="2019-06-17T03:28:33.394">
  <classunload-info classloadercandidates="8" classloadersunloaded="0" classesunloaded="0" anonymousclassesunloaded="0" quiescems="0.000" setupms="0.002" scanms="0.000" postms="0.000" />
</gc-op>
<gc-end id="430" type="partial gc" contextid="425" durationms="2.363" usertimems="4.000" systemtimems="0.000" timestamp="2019-06-17T03:28:33.394" activeThreads="1">
  <mem-info id="431" free="50331648" total="89128960" percent="56">
    <mem type="eden" free="993696" total="1048576" percent="94" />
    <remembered-set count="17632" freebytes="3487232" totalbytes="3557760" percent="98" regionsoverflowed="0" regionsstable="3" regionsrebuilding="0"/>
  </mem-info>
</gc-end>
<cycle-end id="432" type="partial gc" contextid="425" timestamp="2019-06-17T03:28:33.394" />
  <attribute name="elasticGC enabled" value="1" />
  <attribute name= "numThreadsSpecified" value="1" />
  <attribute name="heapSize specified" value="0" />
  <attribute name="Current GC Util" value="69" />
  <attribute name= "Current Time Running" value="1668" />
  <attribute name ="GC Interval" value="0" />
  <attribute name="ProportionalT" value="73.500000" />
  <attribute name="ProportionalI" value="73.500000" />
  <attribute name="ProportionalH" value="73.500000" />
  <attribute name="Current Error" value="49.000000" />
  <attribute name="IntegralT" value="0.000000" />
  <attribute name="IntegralI" value="0.000000" />
  <attribute name="IntegralH" value="0.000000" />
  <attribute name="DerivativeT" value="inf" />
  <attribute name="DerivativeI" value="inf" />
  <attribute name="DerivativeH" value="inf" />
  <attribute name="Loop Time for DT" value="0.000000" />
  <attribute name="Output H" value="8388608"/>
  <attribute name="Output I" value="200"/>
  <attribute name="Output T" value="1"/>
  <attribute name="Target GC Util Change" value ="20.000000" />
  <attribute name="Current GC Util Change" value="69.000000"/>
  <attribute name="GC Util currently" value="69" />
  <attribute name="CPU Util currently" value="21303845369267" />
<exclusive-end id="433" timestamp="2019-06-17T03:28:33.394" durationms="3.019" />

<exclusive-start id="434" timestamp="2019-06-17T03:28:33.420" intervalms="29.147">
  <response-info timems="0.284" idlems="0.284" threads="0" lastid="0000000001060900" lastname="Thread-7" />
</exclusive-start>
<allocation-taxation id="435" taxation-threshold="28311552" timestamp="2019-06-17T03:28:33.421" intervalms="29.136" />
<cycle-start id="436" type="partial gc" contextid="0" timestamp="2019-06-17T03:28:33.421" intervalms="29.197" />
<gc-start id="437" type="partial gc" contextid="436" timestamp="2019-06-17T03:28:33.421">
  <mem-info id="438" free="22020096" total="89128960" percent="24">
    <mem type="eden" free="0" total="28311552" percent="0" />
    <remembered-set count="17344" freebytes="3488384" totalbytes="3557760" percent="98" regionsoverflowed="0" regionsstable="3" regionsrebuilding="0"/>
  </mem-info>
</gc-start>
<allocation-stats totalBytes="28307984" >
  <allocated-bytes non-tlh="0" tlh="28307984" arrayletleaf="0"/>
  <largest-consumer threadName="Thread-9" threadId="000000000105CD00" bytes="10537856" />
</allocation-stats>
<gc-op id="439" type="copy forward" timems="1.981" contextid="436" timestamp="2019-06-17T03:28:33.424">
  <memory-copied type="eden" objects="8812" bytes="349592" bytesdiscarded="0" />
  <memory-copied type="other" objects="1946" bytes="46704" bytesdiscarded="0" />
  <memory-cardclean objects="5855" bytes="285680" />
  <regions eden="27" other="1" />
  <remembered-set-cleared processed="14445" cleared="382" durationms="0.208" />
  <stringconstants candidates="4597" cleared="0"  />
</gc-op>
<gc-op id="440" type="classunload" timems="0.003" contextid="436" timestamp="2019-06-17T03:28:33.424">
  <classunload-info classloadercandidates="8" classloadersunloaded="0" classesunloaded="0" anonymousclassesunloaded="0" quiescems="0.000" setupms="0.003" scanms="0.000" postms="0.000" />
</gc-op>
<gc-end id="441" type="partial gc" contextid="436" durationms="2.988" usertimems="4.000" systemtimems="0.000" timestamp="2019-06-17T03:28:33.424" activeThreads="1">
  <mem-info id="442" free="49283072" total="89128960" percent="55">
    <mem type="eden" free="698984" total="1048576" percent="66" />
    <remembered-set count="18048" freebytes="3485568" totalbytes="3557760" percent="97" regionsoverflowed="0" regionsstable="3" regionsrebuilding="0"/>
  </mem-info>
</gc-end>
<cycle-end id="443" type="partial gc" contextid="436" timestamp="2019-06-17T03:28:33.424" />
  <attribute name="elasticGC enabled" value="1" />
  <attribute name= "numThreadsSpecified" value="1" />
  <attribute name="heapSize specified" value="0" />
  <attribute name="Current GC Util" value="62" />
  <attribute name= "Current Time Running" value="1697" />
  <attribute name ="GC Interval" value="0" />
  <attribute name="ProportionalT" value="63.000000" />
  <attribute name="ProportionalI" value="63.000000" />
  <attribute name="ProportionalH" value="63.000000" />
  <attribute name="Current Error" value="42.000000" />
  <attribute name="IntegralT" value="0.000000" />
  <attribute name="IntegralI" value="0.000000" />
  <attribute name="IntegralH" value="0.000000" />
  <attribute name="DerivativeT" value="inf" />
  <attribute name="DerivativeI" value="inf" />
  <attribute name="DerivativeH" value="inf" />
  <attribute name="Loop Time for DT" value="0.000000" />
  <attribute name="Output H" value="8388608"/>
  <attribute name="Output I" value="200"/>
  <attribute name="Output T" value="1"/>
  <attribute name="Target GC Util Change" value ="20.000000" />
  <attribute name="Current GC Util Change" value="62.000000"/>
  <attribute name="GC Util currently" value="62" />
  <attribute name="CPU Util currently" value="21960409593867" />
<exclusive-end id="444" timestamp="2019-06-17T03:28:33.424" durationms="3.772" />

<exclusive-start id="445" timestamp="2019-06-17T03:28:33.454" intervalms="33.078">
  <response-info timems="0.029" idlems="0.029" threads="0" lastid="000000000105CD00" lastname="Thread-9" />
</exclusive-start>
<allocation-taxation id="446" taxation-threshold="28311552" timestamp="2019-06-17T03:28:33.454" intervalms="33.098" />
<cycle-start id="447" type="partial gc" contextid="0" timestamp="2019-06-17T03:28:33.454" intervalms="33.036" />
<gc-start id="448" type="partial gc" contextid="447" timestamp="2019-06-17T03:28:33.454">
  <mem-info id="449" free="20971520" total="89128960" percent="23">
    <mem type="eden" free="0" total="28311552" percent="0" />
    <remembered-set count="17728" freebytes="3486848" totalbytes="3557760" percent="98" regionsoverflowed="0" regionsstable="3" regionsrebuilding="0"/>
  </mem-info>
</gc-start>
<allocation-stats totalBytes="28308408" >
  <allocated-bytes non-tlh="0" tlh="28308408" arrayletleaf="0"/>
  <largest-consumer threadName="Thread-9" threadId="000000000105CD00" bytes="11893504" />
</allocation-stats>
<gc-op id="450" type="copy forward" timems="2.023" contextid="447" timestamp="2019-06-17T03:28:33.457">
  <memory-copied type="eden" objects="2533" bytes="62056" bytesdiscarded="0" />
  <memory-copied type="other" objects="8696" bytes="346080" bytesdiscarded="0" />
  <memory-cardclean objects="4622" bytes="226904" />
  <regions eden="27" other="1" />
  <remembered-set-cleared processed="14895" cleared="346" durationms="0.211" />
  <stringconstants candidates="4597" cleared="0"  />
</gc-op>
<gc-op id="451" type="classunload" timems="0.002" contextid="447" timestamp="2019-06-17T03:28:33.457">
  <classunload-info classloadercandidates="8" classloadersunloaded="0" classesunloaded="0" anonymousclassesunloaded="0" quiescems="0.000" setupms="0.002" scanms="0.000" postms="0.000" />
</gc-op>
<gc-end id="452" type="partial gc" contextid="447" durationms="2.797" usertimems="4.000" systemtimems="0.000" timestamp="2019-06-17T03:28:33.457" activeThreads="1">
  <mem-info id="453" free="48234496" total="89128960" percent="54">
    <mem type="eden" free="986520" total="1048576" percent="94" />
    <remembered-set count="18528" freebytes="3483648" totalbytes="3557760" percent="97" regionsoverflowed="0" regionsstable="3" regionsrebuilding="0"/>
  </mem-info>
</gc-end>
<cycle-end id="454" type="partial gc" contextid="447" timestamp="2019-06-17T03:28:33.457" />
  <attribute name="elasticGC enabled" value="1" />
  <attribute name= "numThreadsSpecified" value="1" />
  <attribute name="heapSize specified" value="0" />
  <attribute name="Current GC Util" value="60" />
  <attribute name= "Current Time Running" value="1730" />
  <attribute name ="GC Interval" value="0" />
  <attribute name="ProportionalT" value="60.000000" />
  <attribute name="ProportionalI" value="60.000000" />
  <attribute name="ProportionalH" value="60.000000" />
  <attribute name="Current Error" value="40.000000" />
  <attribute name="IntegralT" value="0.000000" />
  <attribute name="IntegralI" value="0.000000" />
  <attribute name="IntegralH" value="0.000000" />
  <attribute name="DerivativeT" value="inf" />
  <attribute name="DerivativeI" value="inf" />
  <attribute name="DerivativeH" value="inf" />
  <attribute name="Loop Time for DT" value="0.000000" />
  <attribute name="Output H" value="8388608"/>
  <attribute name="Output I" value="200"/>
  <attribute name="Output T" value="1"/>
  <attribute name="Target GC Util Change" value ="20.000000" />
  <attribute name="Current GC Util Change" value="60.000000"/>
  <attribute name="GC Util currently" value="60" />
  <attribute name="CPU Util currently" value="21542787274489" />
<exclusive-end id="455" timestamp="2019-06-17T03:28:33.457" durationms="3.420" />

<exclusive-start id="456" timestamp="2019-06-17T03:28:33.486" intervalms="32.143">
  <response-info timems="0.038" idlems="0.038" threads="0" lastid="0000000001064500" lastname="Thread-10" />
</exclusive-start>
<allocation-taxation id="457" taxation-threshold="28311552" timestamp="2019-06-17T03:28:33.486" intervalms="32.167" />
<cycle-start id="458" type="partial gc" contextid="0" timestamp="2019-06-17T03:28:33.486" intervalms="32.222" />
<gc-start id="459" type="partial gc" contextid="458" timestamp="2019-06-17T03:28:33.486">
  <mem-info id="460" free="19922944" total="89128960" percent="22">
    <mem type="eden" free="0" total="28311552" percent="0" />
    <remembered-set count="18208" freebytes="3484928" totalbytes="3557760" percent="97" regionsoverflowed="0" regionsstable="3" regionsrebuilding="0"/>
  </mem-info>
</gc-start>
<allocation-stats totalBytes="28307952" >
  <allocated-bytes non-tlh="0" tlh="28307952" arrayletleaf="0"/>
  <largest-consumer threadName="Thread-9" threadId="000000000105CD00" bytes="10120112" />
</allocation-stats>
<gc-op id="461" type="copy forward" timems="1.745" contextid="458" timestamp="2019-06-17T03:28:33.489">
  <memory-copied type="eden" objects="8770" bytes="349456" bytesdiscarded="8720" />
  <memory-copied type="other" objects="2298" bytes="55152" bytesdiscarded="720" />
  <memory-cardclean objects="6016" bytes="312368" />
  <regions eden="27" other="1" />
  <remembered-set-cleared processed="15253" cleared="289" durationms="0.128" />
  <stringconstants candidates="4597" cleared="0"  />
</gc-op>
<gc-op id="462" type="classunload" timems="0.002" contextid="458" timestamp="2019-06-17T03:28:33.489">
  <classunload-info classloadercandidates="8" classloadersunloaded="0" classesunloaded="0" anonymousclassesunloaded="0" quiescems="0.000" setupms="0.002" scanms="0.000" postms="0.000" />
</gc-op>
<gc-end id="463" type="partial gc" contextid="458" durationms="2.636" usertimems="4.000" systemtimems="0.000" timestamp="2019-06-17T03:28:33.489" activeThreads="4">
  <mem-info id="464" free="47185920" total="89128960" percent="52">
    <mem type="eden" free="690400" total="1048576" percent="65" />
    <remembered-set count="18528" freebytes="3483648" totalbytes="3557760" percent="97" regionsoverflowed="0" regionsstable="3" regionsrebuilding="0"/>
  </mem-info>
</gc-end>
<cycle-end id="465" type="partial gc" contextid="458" timestamp="2019-06-17T03:28:33.489" />
  <attribute name="elasticGC enabled" value="1" />
  <attribute name= "numThreadsSpecified" value="4" />
  <attribute name="heapSize specified" value="0" />
  <attribute name="Current GC Util" value="59" />
  <attribute name= "Current Time Running" value="1763" />
  <attribute name ="GC Interval" value="0" />
  <attribute name="ProportionalT" value="58.500000" />
  <attribute name="ProportionalI" value="58.500000" />
  <attribute name="ProportionalH" value="58.500000" />
  <attribute name="Current Error" value="39.000000" />
  <attribute name="IntegralT" value="39.000000" />
  <attribute name="IntegralI" value="39.000000" />
  <attribute name="IntegralH" value="39.000000" />
  <attribute name="DerivativeT" value="58.500000" />
  <attribute name="DerivativeI" value="58.500000" />
  <attribute name="DerivativeH" value="58.500000" />
  <attribute name="Loop Time for DT" value="1.000000" />
  <attribute name="Output H" value="8388608"/>
  <attribute name="Output I" value="200"/>
  <attribute name="Output T" value="4"/>
  <attribute name="Target GC Util Change" value ="20.000000" />
  <attribute name="Current GC Util Change" value="59.000000"/>
  <attribute name="GC Util currently" value="59" />
  <attribute name="CPU Util currently" value="19926054331847" />
<exclusive-end id="466" timestamp="2019-06-17T03:28:33.489" durationms="3.370" />

<exclusive-start id="467" timestamp="2019-06-17T03:28:33.508" intervalms="22.658">
  <response-info timems="0.073" idlems="0.073" threads="0" lastid="0000000001064500" lastname="Thread-10" />
</exclusive-start>
<allocation-taxation id="468" taxation-threshold="28311552" timestamp="2019-06-17T03:28:33.509" intervalms="22.667" />
<cycle-start id="469" type="partial gc" contextid="0" timestamp="2019-06-17T03:28:33.509" intervalms="22.668" />
<gc-start id="470" type="partial gc" contextid="469" timestamp="2019-06-17T03:28:33.509">
  <mem-info id="471" free="18874368" total="89128960" percent="21">
    <mem type="eden" free="0" total="28311552" percent="0" />
    <remembered-set count="18368" freebytes="3484288" totalbytes="3557760" percent="97" regionsoverflowed="0" regionsstable="3" regionsrebuilding="0"/>
  </mem-info>
</gc-start>
<allocation-stats totalBytes="28307744" >
  <allocated-bytes non-tlh="0" tlh="28307744" arrayletleaf="0"/>
  <largest-consumer threadName="Thread-10" threadId="0000000001064500" bytes="11463104" />
</allocation-stats>
<gc-op id="472" type="copy forward" timems="2.147" contextid="469" timestamp="2019-06-17T03:28:33.512">
  <memory-copied type="eden" objects="4834" bytes="117520" bytesdiscarded="0" />
  <memory-copied type="other" objects="8448" bytes="340128" bytesdiscarded="0" />
  <memory-cardclean objects="4861" bytes="238376" />
  <regions eden="27" other="1" />
  <remembered-set-cleared processed="15719" cleared="309" durationms="0.217" />
  <stringconstants candidates="4597" cleared="0"  />
</gc-op>
<gc-op id="473" type="classunload" timems="0.002" contextid="469" timestamp="2019-06-17T03:28:33.512">
  <classunload-info classloadercandidates="8" classloadersunloaded="0" classesunloaded="0" anonymousclassesunloaded="0" quiescems="0.000" setupms="0.002" scanms="0.000" postms="0.000" />
</gc-op>
<gc-end id="474" type="partial gc" contextid="469" durationms="3.094" usertimems="4.000" systemtimems="0.000" timestamp="2019-06-17T03:28:33.512" activeThreads="1">
  <mem-info id="475" free="46137344" total="89128960" percent="51">
    <mem type="eden" free="931056" total="1048576" percent="88" />
    <remembered-set count="19136" freebytes="3481216" totalbytes="3557760" percent="97" regionsoverflowed="0" regionsstable="3" regionsrebuilding="0"/>
  </mem-info>
</gc-end>
<cycle-end id="476" type="partial gc" contextid="469" timestamp="2019-06-17T03:28:33.512" />
  <attribute name="elasticGC enabled" value="1" />
  <attribute name= "numThreadsSpecified" value="1" />
  <attribute name="heapSize specified" value="0" />
  <attribute name="Current GC Util" value="55" />
  <attribute name= "Current Time Running" value="1785" />
  <attribute name ="GC Interval" value="0" />
  <attribute name="ProportionalT" value="52.500000" />
  <attribute name="ProportionalI" value="52.500000" />
  <attribute name="ProportionalH" value="52.500000" />
  <attribute name="Current Error" value="35.000000" />
  <attribute name="IntegralT" value="0.000000" />
  <attribute name="IntegralI" value="0.000000" />
  <attribute name="IntegralH" value="0.000000" />
  <attribute name="DerivativeT" value="inf" />
  <attribute name="DerivativeI" value="inf" />
  <attribute name="DerivativeH" value="inf" />
  <attribute name="Loop Time for DT" value="0.000000" />
  <attribute name="Output H" value="8388608"/>
  <attribute name="Output I" value="200"/>
  <attribute name="Output T" value="1"/>
  <attribute name="Target GC Util Change" value ="20.000000" />
  <attribute name="Current GC Util Change" value="55.000000"/>
  <attribute name="GC Util currently" value="55" />
  <attribute name="CPU Util currently" value="22528668434047" />
<exclusive-end id="477" timestamp="2019-06-17T03:28:33.512" durationms="4.011" />

<exclusive-start id="478" timestamp="2019-06-17T03:28:33.530" intervalms="21.983">
  <response-info timems="0.046" idlems="0.046" threads="0" lastid="0000000001064500" lastname="Thread-10" />
</exclusive-start>
<allocation-taxation id="479" taxation-threshold="28311552" timestamp="2019-06-17T03:28:33.530" intervalms="21.975" />
<cycle-start id="480" type="partial gc" contextid="0" timestamp="2019-06-17T03:28:33.531" intervalms="21.965" />
<gc-start id="481" type="partial gc" contextid="480" timestamp="2019-06-17T03:28:33.531">
  <mem-info id="482" free="17825792" total="89128960" percent="20">
    <mem type="eden" free="0" total="28311552" percent="0" />
    <remembered-set count="19040" freebytes="3481600" totalbytes="3557760" percent="97" regionsoverflowed="0" regionsstable="3" regionsrebuilding="0"/>
  </mem-info>
</gc-start>
<allocation-stats totalBytes="28308208" >
  <allocated-bytes non-tlh="0" tlh="28308208" arrayletleaf="0"/>
  <largest-consumer threadName="Thread-10" threadId="0000000001064500" bytes="11885256" />
</allocation-stats>
<gc-op id="483" type="copy forward" timems="2.221" contextid="480" timestamp="2019-06-17T03:28:33.534">
  <memory-copied type="eden" objects="9394" bytes="363440" bytesdiscarded="0" />
  <memory-copied type="other" objects="4566" bytes="109584" bytesdiscarded="0" />
  <memory-cardclean objects="8666" bytes="439640" />
  <regions eden="27" other="1" />
  <remembered-set-cleared processed="16082" cleared="281" durationms="0.218" />
  <stringconstants candidates="4597" cleared="0"  />
</gc-op>
<gc-op id="484" type="classunload" timems="0.002" contextid="480" timestamp="2019-06-17T03:28:33.534">
  <classunload-info classloadercandidates="8" classloadersunloaded="0" classesunloaded="0" anonymousclassesunloaded="0" quiescems="0.000" setupms="0.002" scanms="0.000" postms="0.000" />
</gc-op>
<heap-resize id="485" type="expand" space="default" amount="15728640" count="1" timems="0.135" reason="excessive time being spent in gc" timestamp="2019-06-17T03:28:33.534" />
<gc-end id="486" type="partial gc" contextid="480" durationms="3.396" usertimems="4.000" systemtimems="0.000" timestamp="2019-06-17T03:28:33.534" activeThreads="1">
  <mem-info id="487" free="60817408" total="104857600" percent="58">
    <mem type="eden" free="685136" total="1048576" percent="65" />
    <remembered-set count="19552" freebytes="4107392" totalbytes="4185600" percent="98" regionsoverflowed="0" regionsstable="3" regionsrebuilding="0"/>
  </mem-info>
</gc-end>
<cycle-end id="488" type="partial gc" contextid="480" timestamp="2019-06-17T03:28:33.534" />
  <attribute name="elasticGC enabled" value="1" />
  <attribute name= "numThreadsSpecified" value="1" />
  <attribute name="heapSize specified" value="0" />
  <attribute name="Current GC Util" value="54" />
  <attribute name= "Current Time Running" value="1807" />
  <attribute name ="GC Interval" value="0" />
  <attribute name="ProportionalT" value="51.000000" />
  <attribute name="ProportionalI" value="51.000000" />
  <attribute name="ProportionalH" value="51.000000" />
  <attribute name="Current Error" value="34.000000" />
  <attribute name="IntegralT" value="0.000000" />
  <attribute name="IntegralI" value="0.000000" />
  <attribute name="IntegralH" value="0.000000" />
  <attribute name="DerivativeT" value="inf" />
  <attribute name="DerivativeI" value="inf" />
  <attribute name="DerivativeH" value="inf" />
  <attribute name="Loop Time for DT" value="0.000000" />
  <attribute name="Output H" value="8388608"/>
  <attribute name="Output I" value="200"/>
  <attribute name="Output T" value="1"/>
  <attribute name="Target GC Util Change" value ="20.000000" />
  <attribute name="Current GC Util Change" value="54.000000"/>
  <attribute name="GC Util currently" value="54" />
  <attribute name="CPU Util currently" value="18090718713228" />
<exclusive-end id="489" timestamp="2019-06-17T03:28:33.534" durationms="4.153" />

<exclusive-start id="490" timestamp="2019-06-17T03:28:33.551" intervalms="21.085">
  <response-info timems="0.023" idlems="0.023" threads="0" lastid="000000000105CD00" lastname="Thread-9" />
</exclusive-start>
<allocation-taxation id="491" taxation-threshold="32505856" timestamp="2019-06-17T03:28:33.552" intervalms="21.039" />
<cycle-start id="492" type="partial gc" contextid="0" timestamp="2019-06-17T03:28:33.552" intervalms="20.987" />
<gc-start id="493" type="partial gc" contextid="492" timestamp="2019-06-17T03:28:33.552">
  <mem-info id="494" free="28311552" total="104857600" percent="27">
    <mem type="eden" free="0" total="32505856" percent="0" />
    <remembered-set count="19488" freebytes="4107648" totalbytes="4185600" percent="98" regionsoverflowed="0" regionsstable="3" regionsrebuilding="0"/>
  </mem-info>
</gc-start>
<allocation-stats totalBytes="32501704" >
  <allocated-bytes non-tlh="0" tlh="32501704" arrayletleaf="0"/>
  <largest-consumer threadName="Thread-10" threadId="0000000001064500" bytes="10627776" />
</allocation-stats>
<gc-op id="495" type="copy forward" timems="3.099" contextid="492" timestamp="2019-06-17T03:28:33.556">
  <memory-copied type="eden" objects="15453" bytes="647192" bytesdiscarded="0" />
  <memory-copied type="other" objects="9290" bytes="360336" bytesdiscarded="0" />
  <memory-cardclean objects="5457" bytes="274328" />
  <regions eden="31" other="1" />
  <remembered-set-cleared processed="16775" cleared="415" durationms="0.230" />
  <stringconstants candidates="4597" cleared="0"  />
</gc-op>
<gc-op id="496" type="classunload" timems="0.002" contextid="492" timestamp="2019-06-17T03:28:33.556">
  <classunload-info classloadercandidates="8" classloadersunloaded="0" classesunloaded="0" anonymousclassesunloaded="0" quiescems="0.000" setupms="0.002" scanms="0.000" postms="0.000" />
</gc-op>
<heap-resize id="497" type="expand" space="default" amount="8388608" count="1" timems="0.094" reason="excessive time being spent in gc" timestamp="2019-06-17T03:28:33.556" />
<gc-end id="498" type="partial gc" contextid="492" durationms="4.299" usertimems="4.000" systemtimems="0.000" timestamp="2019-06-17T03:28:33.556" activeThreads="1">
  <mem-info id="499" free="68157440" total="113246208" percent="60">
    <mem type="eden" free="401384" total="1048576" percent="38" />
    <remembered-set count="20192" freebytes="4439680" totalbytes="4520448" percent="98" regionsoverflowed="0" regionsstable="3" regionsrebuilding="0"/>
  </mem-info>
</gc-end>
<cycle-end id="500" type="partial gc" contextid="492" timestamp="2019-06-17T03:28:33.556" />
  <attribute name="elasticGC enabled" value="1" />
  <attribute name= "numThreadsSpecified" value="1" />
  <attribute name="heapSize specified" value="0" />
  <attribute name="Current GC Util" value="56" />
  <attribute name= "Current Time Running" value="1828" />
  <attribute name ="GC Interval" value="0" />
  <attribute name="ProportionalT" value="54.000000" />
  <attribute name="ProportionalI" value="54.000000" />
  <attribute name="ProportionalH" value="54.000000" />
  <attribute name="Current Error" value="36.000000" />
  <attribute name="IntegralT" value="0.000000" />
  <attribute name="IntegralI" value="0.000000" />
  <attribute name="IntegralH" value="0.000000" />
  <attribute name="DerivativeT" value="inf" />
  <attribute name="DerivativeI" value="inf" />
  <attribute name="DerivativeH" value="inf" />
  <attribute name="Loop Time for DT" value="0.000000" />
  <attribute name="Output H" value="8388608"/>
  <attribute name="Output I" value="200"/>
  <attribute name="Output T" value="1"/>
  <attribute name="Target GC Util Change" value ="20.000000" />
  <attribute name="Current GC Util Change" value="56.000000"/>
  <attribute name="GC Util currently" value="56" />
  <attribute name="CPU Util currently" value="22931048099274" />
<exclusive-end id="501" timestamp="2019-06-17T03:28:33.556" durationms="4.899" />

<exclusive-start id="502" timestamp="2019-06-17T03:28:33.578" intervalms="26.285">
  <response-info timems="0.059" idlems="0.059" threads="0" lastid="0000000001064500" lastname="Thread-10" />
</exclusive-start>
<allocation-taxation id="503" taxation-threshold="34603008" timestamp="2019-06-17T03:28:33.578" intervalms="26.355" />
<cycle-start id="504" type="partial gc" contextid="0" timestamp="2019-06-17T03:28:33.578" intervalms="26.413" />
<gc-start id="505" type="partial gc" contextid="504" timestamp="2019-06-17T03:28:33.578">
  <mem-info id="506" free="33554432" total="113246208" percent="29">
    <mem type="eden" free="0" total="34603008" percent="0" />
    <remembered-set count="20064" freebytes="4440192" totalbytes="4520448" percent="98" regionsoverflowed="0" regionsstable="3" regionsrebuilding="0"/>
  </mem-info>
</gc-start>
<allocation-stats totalBytes="34598648" >
  <allocated-bytes non-tlh="0" tlh="34598648" arrayletleaf="0"/>
  <largest-consumer threadName="Thread-10" threadId="0000000001064500" bytes="13363632" />
</allocation-stats>
<gc-op id="507" type="copy forward" timems="3.410" contextid="504" timestamp="2019-06-17T03:28:33.582">
  <memory-copied type="eden" objects="15063" bytes="637808" bytesdiscarded="0" />
  <memory-copied type="other" objects="13243" bytes="592584" bytesdiscarded="0" />
  <memory-cardclean objects="4392" bytes="238832" />
  <regions eden="33" other="2" />
  <remembered-set-cleared processed="17198" cleared="3481" durationms="0.233" />
  <stringconstants candidates="4597" cleared="0"  />
</gc-op>
<gc-op id="508" type="classunload" timems="0.002" contextid="504" timestamp="2019-06-17T03:28:33.582">
  <classunload-info classloadercandidates="8" classloadersunloaded="0" classesunloaded="0" anonymousclassesunloaded="0" quiescems="0.000" setupms="0.002" scanms="0.000" postms="0.000" />
</gc-op>
<gc-end id="509" type="partial gc" contextid="504" durationms="4.295" usertimems="8.000" systemtimems="0.000" timestamp="2019-06-17T03:28:33.583" activeThreads="1">
  <mem-info id="510" free="68157440" total="113246208" percent="60">
    <mem type="eden" free="410768" total="1048576" percent="39" />
    <remembered-set count="17024" freebytes="4452352" totalbytes="4520448" percent="98" regionsoverflowed="0" regionsstable="3" regionsrebuilding="0"/>
  </mem-info>
</gc-end>
<cycle-end id="511" type="partial gc" contextid="504" timestamp="2019-06-17T03:28:33.583" />
  <attribute name="elasticGC enabled" value="1" />
  <attribute name= "numThreadsSpecified" value="1" />
  <attribute name="heapSize specified" value="0" />
  <attribute name="Current GC Util" value="65" />
  <attribute name= "Current Time Running" value="1854" />
  <attribute name ="GC Interval" value="0" />
  <attribute name="ProportionalT" value="67.500000" />
  <attribute name="ProportionalI" value="67.500000" />
  <attribute name="ProportionalH" value="67.500000" />
  <attribute name="Current Error" value="45.000000" />
  <attribute name="IntegralT" value="0.000000" />
  <attribute name="IntegralI" value="0.000000" />
  <attribute name="IntegralH" value="0.000000" />
  <attribute name="DerivativeT" value="inf" />
  <attribute name="DerivativeI" value="inf" />
  <attribute name="DerivativeH" value="inf" />
  <attribute name="Loop Time for DT" value="0.000000" />
  <attribute name="Output H" value="8388608"/>
  <attribute name="Output I" value="200"/>
  <attribute name="Output T" value="1"/>
  <attribute name="Target GC Util Change" value ="20.000000" />
  <attribute name="Current GC Util Change" value="65.000000"/>
  <attribute name="GC Util currently" value="65" />
  <attribute name="CPU Util currently" value="20210294340948" />
<exclusive-end id="512" timestamp="2019-06-17T03:28:33.583" durationms="5.138" />

<exclusive-start id="513" timestamp="2019-06-17T03:28:33.602" intervalms="23.824">
  <response-info timems="0.028" idlems="0.028" threads="0" lastid="000000000105CD00" lastname="Thread-9" />
</exclusive-start>
<allocation-taxation id="514" taxation-threshold="34603008" timestamp="2019-06-17T03:28:33.602" intervalms="23.753" />
<cycle-start id="515" type="partial gc" contextid="0" timestamp="2019-06-17T03:28:33.602" intervalms="23.698" />
<gc-start id="516" type="partial gc" contextid="515" timestamp="2019-06-17T03:28:33.602">
  <mem-info id="517" free="33554432" total="113246208" percent="29">
    <mem type="eden" free="0" total="34603008" percent="0" />
    <remembered-set count="16832" freebytes="4453120" totalbytes="4520448" percent="98" regionsoverflowed="0" regionsstable="3" regionsrebuilding="0"/>
  </mem-info>
</gc-start>
<allocation-stats totalBytes="34599112" >
  <allocated-bytes non-tlh="0" tlh="34599112" arrayletleaf="0"/>
  <largest-consumer threadName="Thread-9" threadId="000000000105CD00" bytes="11315936" />
</allocation-stats>
<gc-op id="518" type="copy forward" timems="3.280" contextid="515" timestamp="2019-06-17T03:28:33.606">
  <memory-copied type="eden" objects="8882" bytes="352296" bytesdiscarded="0" />
  <memory-copied type="other" objects="22090" bytes="942288" bytesdiscarded="0" />
  <memory-cardclean objects="4143" bytes="207968" />
  <regions eden="33" other="2" />
  <remembered-set-cleared processed="13823" cleared="106" durationms="0.212" />
  <stringconstants candidates="4597" cleared="0"  />
</gc-op>
<gc-op id="519" type="classunload" timems="0.002" contextid="515" timestamp="2019-06-17T03:28:33.606">
  <classunload-info classloadercandidates="8" classloadersunloaded="0" classesunloaded="0" anonymousclassesunloaded="0" quiescems="0.000" setupms="0.002" scanms="0.000" postms="0.000" />
</gc-op>
<heap-resize id="520" type="expand" space="default" amount="2097152" count="1" timems="0.067" reason="excessive time being spent in gc" timestamp="2019-06-17T03:28:33.606" />
<gc-end id="521" type="partial gc" contextid="515" durationms="4.324" usertimems="4.000" systemtimems="0.000" timestamp="2019-06-17T03:28:33.606" activeThreads="1">
  <mem-info id="522" free="69206016" total="115343360" percent="60">
    <mem type="eden" free="696280" total="1048576" percent="66" />
    <remembered-set count="17536" freebytes="4534016" totalbytes="4604160" percent="98" regionsoverflowed="0" regionsstable="3" regionsrebuilding="0"/>
  </mem-info>
</gc-end>
<cycle-end id="523" type="partial gc" contextid="515" timestamp="2019-06-17T03:28:33.606" />
  <attribute name="elasticGC enabled" value="1" />
  <attribute name= "numThreadsSpecified" value="1" />
  <attribute name="heapSize specified" value="0" />
  <attribute name="Current GC Util" value="59" />
  <attribute name= "Current Time Running" value="1878" />
  <attribute name ="GC Interval" value="0" />
  <attribute name="ProportionalT" value="58.500000" />
  <attribute name="ProportionalI" value="58.500000" />
  <attribute name="ProportionalH" value="58.500000" />
  <attribute name="Current Error" value="39.000000" />
  <attribute name="IntegralT" value="0.000000" />
  <attribute name="IntegralI" value="0.000000" />
  <attribute name="IntegralH" value="0.000000" />
  <attribute name="DerivativeT" value="inf" />
  <attribute name="DerivativeI" value="inf" />
  <attribute name="DerivativeH" value="inf" />
  <attribute name="Loop Time for DT" value="0.000000" />
  <attribute name="Output H" value="8388608"/>
  <attribute name="Output I" value="200"/>
  <attribute name="Output T" value="1"/>
  <attribute name="Target GC Util Change" value ="20.000000" />
  <attribute name="Current GC Util Change" value="59.000000"/>
  <attribute name="GC Util currently" value="59" />
  <attribute name="CPU Util currently" value="21733040590012" />
<exclusive-end id="524" timestamp="2019-06-17T03:28:33.606" durationms="4.907" />

<exclusive-start id="525" timestamp="2019-06-17T03:28:33.631" intervalms="29.075">
  <response-info timems="0.041" idlems="0.041" threads="0" lastid="0000000001068100" lastname="Thread-8" />
</exclusive-start>
<allocation-taxation id="526" taxation-threshold="35651584" timestamp="2019-06-17T03:28:33.631" intervalms="29.143" />
<cycle-start id="527" type="partial gc" contextid="0" timestamp="2019-06-17T03:28:33.631" intervalms="29.210" />
<gc-start id="528" type="partial gc" contextid="527" timestamp="2019-06-17T03:28:33.631">
  <mem-info id="529" free="33554432" total="115343360" percent="29">
    <mem type="eden" free="0" total="35651584" percent="0" />
    <remembered-set count="17408" freebytes="4534528" totalbytes="4604160" percent="98" regionsoverflowed="0" regionsstable="3" regionsrebuilding="0"/>
  </mem-info>
</gc-start>
<allocation-stats totalBytes="35647816" >
  <allocated-bytes non-tlh="0" tlh="35647816" arrayletleaf="0"/>
  <largest-consumer threadName="Thread-9" threadId="000000000105CD00" bytes="13548016" />
</allocation-stats>
<gc-op id="530" type="copy forward" timems="2.417" contextid="527" timestamp="2019-06-17T03:28:33.634">
  <memory-copied type="eden" objects="7459" bytes="318016" bytesdiscarded="0" />
  <memory-copied type="other" objects="8681" bytes="345720" bytesdiscarded="0" />
  <memory-cardclean objects="5658" bytes="314552" />
  <regions eden="34" other="2" />
  <remembered-set-cleared processed="14197" cleared="68" durationms="0.216" />
  <stringconstants candidates="4597" cleared="0"  />
</gc-op>
<gc-op id="531" type="classunload" timems="0.002" contextid="527" timestamp="2019-06-17T03:28:33.634">
  <classunload-info classloadercandidates="8" classloadersunloaded="0" classesunloaded="0" anonymousclassesunloaded="0" quiescems="0.000" setupms="0.002" scanms="0.000" postms="0.000" />
</gc-op>
<heap-resize id="532" type="expand" space="default" amount="3145728" count="1" timems="0.070" reason="excessive time being spent in gc" timestamp="2019-06-17T03:28:33.634" />
<gc-end id="533" type="partial gc" contextid="527" durationms="3.485" usertimems="4.000" systemtimems="0.000" timestamp="2019-06-17T03:28:33.635" activeThreads="1">
  <mem-info id="534" free="71303168" total="118489088" percent="60">
    <mem type="eden" free="730560" total="1048576" percent="69" />
    <remembered-set count="17920" freebytes="4658048" totalbytes="4729728" percent="98" regionsoverflowed="0" regionsstable="3" regionsrebuilding="0"/>
  </mem-info>
</gc-end>
<cycle-end id="535" type="partial gc" contextid="527" timestamp="2019-06-17T03:28:33.635" />
  <attribute name="elasticGC enabled" value="1" />
  <attribute name= "numThreadsSpecified" value="1" />
  <attribute name="heapSize specified" value="0" />
  <attribute name="Current GC Util" value="61" />
  <attribute name= "Current Time Running" value="1907" />
  <attribute name ="GC Interval" value="0" />
  <attribute name="ProportionalT" value="61.500000" />
  <attribute name="ProportionalI" value="61.500000" />
  <attribute name="ProportionalH" value="61.500000" />
  <attribute name="Current Error" value="41.000000" />
  <attribute name="IntegralT" value="0.000000" />
  <attribute name="IntegralI" value="0.000000" />
  <attribute name="IntegralH" value="0.000000" />
  <attribute name="DerivativeT" value="inf" />
  <attribute name="DerivativeI" value="inf" />
  <attribute name="DerivativeH" value="inf" />
  <attribute name="Loop Time for DT" value="0.000000" />
  <attribute name="Output H" value="8388608"/>
  <attribute name="Output I" value="200"/>
  <attribute name="Output T" value="1"/>
  <attribute name="Target GC Util Change" value ="20.000000" />
  <attribute name="Current GC Util Change" value="61.000000"/>
  <attribute name="GC Util currently" value="61" />
  <attribute name="CPU Util currently" value="20263042097316" />
<exclusive-end id="536" timestamp="2019-06-17T03:28:33.635" durationms="4.382" />

<exclusive-start id="537" timestamp="2019-06-17T03:28:33.657" intervalms="26.751">
  <response-info timems="0.024" idlems="0.024" threads="0" lastid="0000000001060900" lastname="Thread-7" />
</exclusive-start>
<allocation-taxation id="538" taxation-threshold="35651584" timestamp="2019-06-17T03:28:33.657" intervalms="26.663" />
<cycle-start id="539" type="partial gc" contextid="0" timestamp="2019-06-17T03:28:33.658" intervalms="26.592" />
<gc-start id="540" type="partial gc" contextid="539" timestamp="2019-06-17T03:28:33.658">
  <mem-info id="541" free="35651584" total="118489088" percent="30">
    <mem type="eden" free="0" total="35651584" percent="0" />
    <remembered-set count="17504" freebytes="4659712" totalbytes="4729728" percent="98" regionsoverflowed="0" regionsstable="3" regionsrebuilding="0"/>
  </mem-info>
</gc-start>
<allocation-stats totalBytes="35647064" >
  <allocated-bytes non-tlh="0" tlh="35647064" arrayletleaf="0"/>
  <largest-consumer threadName="Thread-9" threadId="000000000105CD00" bytes="10414856" />
</allocation-stats>
<gc-op id="542" type="copy forward" timems="2.325" contextid="539" timestamp="2019-06-17T03:28:33.661">
  <memory-copied type="eden" objects="2976" bytes="72848" bytesdiscarded="0" />
  <memory-copied type="other" objects="12945" bytes="585432" bytesdiscarded="0" />
  <memory-cardclean objects="5288" bytes="254504" />
  <regions eden="34" other="2" />
  <remembered-set-cleared processed="14570" cleared="133" durationms="0.215" />
  <stringconstants candidates="4597" cleared="0"  />
</gc-op>
<gc-op id="543" type="classunload" timems="0.002" contextid="539" timestamp="2019-06-17T03:28:33.661">
  <classunload-info classloadercandidates="8" classloadersunloaded="0" classesunloaded="0" anonymousclassesunloaded="0" quiescems="0.000" setupms="0.002" scanms="0.000" postms="0.000" />
</gc-op>
<heap-resize id="544" type="expand" space="default" amount="2097152" count="1" timems="0.059" reason="excessive time being spent in gc" timestamp="2019-06-17T03:28:33.661" />
<gc-end id="545" type="partial gc" contextid="539" durationms="3.361" usertimems="4.000" systemtimems="0.000" timestamp="2019-06-17T03:28:33.661" activeThreads="1">
  <mem-info id="546" free="72351744" total="120586240" percent="60">
    <mem type="eden" free="975728" total="1048576" percent="93" />
    <remembered-set count="18240" freebytes="4740480" totalbytes="4813440" percent="98" regionsoverflowed="0" regionsstable="3" regionsrebuilding="0"/>
  </mem-info>
</gc-end>
<cycle-end id="547" type="partial gc" contextid="539" timestamp="2019-06-17T03:28:33.661" />
  <attribute name="elasticGC enabled" value="1" />
  <attribute name= "numThreadsSpecified" value="1" />
  <attribute name="heapSize specified" value="0" />
  <attribute name="Current GC Util" value="62" />
  <attribute name= "Current Time Running" value="1934" />
  <attribute name ="GC Interval" value="0" />
  <attribute name="ProportionalT" value="63.000000" />
  <attribute name="ProportionalI" value="63.000000" />
  <attribute name="ProportionalH" value="63.000000" />
  <attribute name="Current Error" value="42.000000" />
  <attribute name="IntegralT" value="0.000000" />
  <attribute name="IntegralI" value="0.000000" />
  <attribute name="IntegralH" value="0.000000" />
  <attribute name="DerivativeT" value="inf" />
  <attribute name="DerivativeI" value="inf" />
  <attribute name="DerivativeH" value="inf" />
  <attribute name="Loop Time for DT" value="0.000000" />
  <attribute name="Output H" value="8388608"/>
  <attribute name="Output I" value="200"/>
  <attribute name="Output T" value="1"/>
  <attribute name="Target GC Util Change" value ="20.000000" />
  <attribute name="Current GC Util Change" value="62.000000"/>
  <attribute name="GC Util currently" value="62" />
  <attribute name="CPU Util currently" value="23870998870980" />
<exclusive-end id="548" timestamp="2019-06-17T03:28:33.661" durationms="3.909" />

<exclusive-start id="549" timestamp="2019-06-17T03:28:33.684" intervalms="26.324">
  <response-info timems="0.026" idlems="0.026" threads="0" lastid="0000000001068100" lastname="Thread-8" />
</exclusive-start>
<allocation-taxation id="550" taxation-threshold="36700160" timestamp="2019-06-17T03:28:33.684" intervalms="26.373" />
<cycle-start id="551" type="partial gc" contextid="0" timestamp="2019-06-17T03:28:33.684" intervalms="26.422" />
<gc-start id="552" type="partial gc" contextid="551" timestamp="2019-06-17T03:28:33.684">
  <mem-info id="553" free="35651584" total="120586240" percent="29">
    <mem type="eden" free="0" total="36700160" percent="0" />
    <remembered-set count="18048" freebytes="4741248" totalbytes="4813440" percent="98" regionsoverflowed="0" regionsstable="3" regionsrebuilding="0"/>
  </mem-info>
</gc-start>
<allocation-stats totalBytes="36695392" >
  <allocated-bytes non-tlh="0" tlh="36695392" arrayletleaf="0"/>
  <largest-consumer threadName="Thread-7" threadId="0000000001060900" bytes="11459096" />
</allocation-stats>
<gc-op id="554" type="copy forward" timems="2.260" contextid="551" timestamp="2019-06-17T03:28:33.687">
  <memory-copied type="eden" objects="3246" bytes="79560" bytesdiscarded="0" />
  <memory-copied type="other" objects="9838" bytes="373488" bytesdiscarded="0" />
  <memory-cardclean objects="7782" bytes="393536" />
  <regions eden="35" other="2" />
  <remembered-set-cleared processed="14799" cleared="172" durationms="0.212" />
  <stringconstants candidates="4597" cleared="0"  />
</gc-op>
<gc-op id="555" type="classunload" timems="0.002" contextid="551" timestamp="2019-06-17T03:28:33.687">
  <classunload-info classloadercandidates="8" classloadersunloaded="0" classesunloaded="0" anonymousclassesunloaded="0" quiescems="0.000" setupms="0.002" scanms="0.000" postms="0.000" />
</gc-op>
<heap-resize id="556" type="expand" space="default" amount="3145728" count="1" timems="0.064" reason="excessive time being spent in gc" timestamp="2019-06-17T03:28:33.687" />
<gc-end id="557" type="partial gc" contextid="551" durationms="3.261" usertimems="0.000" systemtimems="0.000" timestamp="2019-06-17T03:28:33.687" activeThreads="1">
  <mem-info id="558" free="74448896" total="123731968" percent="60">
    <mem type="eden" free="969016" total="1048576" percent="92" />
    <remembered-set count="18976" freebytes="4863104" totalbytes="4939008" percent="98" regionsoverflowed="0" regionsstable="3" regionsrebuilding="0"/>
  </mem-info>
</gc-end>
<cycle-end id="559" type="partial gc" contextid="551" timestamp="2019-06-17T03:28:33.687" />
  <attribute name="elasticGC enabled" value="1" />
  <attribute name= "numThreadsSpecified" value="1" />
  <attribute name="heapSize specified" value="0" />
  <attribute name="Current GC Util" value="58" />
  <attribute name= "Current Time Running" value="1960" />
  <attribute name ="GC Interval" value="0" />
  <attribute name="ProportionalT" value="57.000000" />
  <attribute name="ProportionalI" value="57.000000" />
  <attribute name="ProportionalH" value="57.000000" />
  <attribute name="Current Error" value="38.000000" />
  <attribute name="IntegralT" value="0.000000" />
  <attribute name="IntegralI" value="0.000000" />
  <attribute name="IntegralH" value="0.000000" />
  <attribute name="DerivativeT" value="inf" />
  <attribute name="DerivativeI" value="inf" />
  <attribute name="DerivativeH" value="inf" />
  <attribute name="Loop Time for DT" value="0.000000" />
  <attribute name="Output H" value="8388608"/>
  <attribute name="Output I" value="200"/>
  <attribute name="Output T" value="1"/>
  <attribute name="Target GC Util Change" value ="20.000000" />
  <attribute name="Current GC Util Change" value="58.000000"/>
  <attribute name="GC Util currently" value="58" />
  <attribute name="CPU Util currently" value="23552803412627" />
<exclusive-end id="560" timestamp="2019-06-17T03:28:33.688" durationms="4.007" />

<exclusive-start id="561" timestamp="2019-06-17T03:28:33.710" intervalms="26.363">
  <response-info timems="0.022" idlems="0.022" threads="0" lastid="000000000105CD00" lastname="Thread-9" />
</exclusive-start>
<allocation-taxation id="562" taxation-threshold="37748736" timestamp="2019-06-17T03:28:33.710" intervalms="26.318" />
<cycle-start id="563" type="partial gc" contextid="0" timestamp="2019-06-17T03:28:33.710" intervalms="26.269" />
<gc-start id="564" type="partial gc" contextid="563" timestamp="2019-06-17T03:28:33.710">
  <mem-info id="565" free="36700160" total="123731968" percent="29">
    <mem type="eden" free="0" total="37748736" percent="0" />
    <remembered-set count="18624" freebytes="4864512" totalbytes="4939008" percent="98" regionsoverflowed="0" regionsstable="3" regionsrebuilding="0"/>
  </mem-info>
</gc-start>
<allocation-stats totalBytes="37744600" >
  <allocated-bytes non-tlh="0" tlh="37744600" arrayletleaf="0"/>
  <largest-consumer threadName="Thread-7" threadId="0000000001060900" bytes="12876368" />
</allocation-stats>
<gc-op id="566" type="copy forward" timems="1.940" contextid="563" timestamp="2019-06-17T03:28:33.713">
  <memory-copied type="eden" objects="2623" bytes="64248" bytesdiscarded="0" />
  <memory-copied type="other" objects="5611" bytes="134664" bytesdiscarded="0" />
  <memory-cardclean objects="10504" bytes="523352" />
  <regions eden="36" other="2" />
  <remembered-set-cleared processed="15203" cleared="200" durationms="0.216" />
  <stringconstants candidates="4597" cleared="0"  />
</gc-op>
<gc-op id="567" type="classunload" timems="0.002" contextid="563" timestamp="2019-06-17T03:28:33.713">
  <classunload-info classloadercandidates="8" classloadersunloaded="0" classesunloaded="0" anonymousclassesunloaded="0" quiescems="0.000" setupms="0.002" scanms="0.000" postms="0.000" />
</gc-op>
<heap-resize id="568" type="expand" space="default" amount="2097152" count="1" timems="0.072" reason="excessive time being spent in gc" timestamp="2019-06-17T03:28:33.713" />
<gc-end id="569" type="partial gc" contextid="563" durationms="2.956" usertimems="0.000" systemtimems="0.000" timestamp="2019-06-17T03:28:33.713" activeThreads="1">
  <mem-info id="570" free="75497472" total="125829120" percent="60">
    <mem type="eden" free="984328" total="1048576" percent="93" />
    <remembered-set count="19328" freebytes="4945408" totalbytes="5022720" percent="98" regionsoverflowed="0" regionsstable="3" regionsrebuilding="0"/>
  </mem-info>
</gc-end>
<cycle-end id="571" type="partial gc" contextid="563" timestamp="2019-06-17T03:28:33.713" />
  <attribute name="elasticGC enabled" value="1" />
  <attribute name= "numThreadsSpecified" value="1" />
  <attribute name="heapSize specified" value="0" />
  <attribute name="Current GC Util" value="58" />
  <attribute name= "Current Time Running" value="1986" />
  <attribute name ="GC Interval" value="0" />
  <attribute name="ProportionalT" value="57.000000" />
  <attribute name="ProportionalI" value="57.000000" />
  <attribute name="ProportionalH" value="57.000000" />
  <attribute name="Current Error" value="38.000000" />
  <attribute name="IntegralT" value="0.000000" />
  <attribute name="IntegralI" value="0.000000" />
  <attribute name="IntegralH" value="0.000000" />
  <attribute name="DerivativeT" value="inf" />
  <attribute name="DerivativeI" value="inf" />
  <attribute name="DerivativeH" value="inf" />
  <attribute name="Loop Time for DT" value="0.000000" />
  <attribute name="Output H" value="8388608"/>
  <attribute name="Output I" value="200"/>
  <attribute name="Output T" value="1"/>
  <attribute name="Target GC Util Change" value ="20.000000" />
  <attribute name="Current GC Util Change" value="58.000000"/>
  <attribute name="GC Util currently" value="58" />
  <attribute name="CPU Util currently" value="23098043212700" />
<exclusive-end id="572" timestamp="2019-06-17T03:28:33.714" durationms="3.471" />

<exclusive-start id="573" timestamp="2019-06-17T03:28:33.735" intervalms="25.281">
  <response-info timems="0.025" idlems="0.025" threads="0" lastid="0000000001068100" lastname="Thread-8" />
</exclusive-start>
<allocation-taxation id="574" taxation-threshold="37748736" timestamp="2019-06-17T03:28:33.735" intervalms="25.355" />
<cycle-start id="575" type="partial gc" contextid="0" timestamp="2019-06-17T03:28:33.736" intervalms="25.369" />
<gc-start id="576" type="partial gc" contextid="575" timestamp="2019-06-17T03:28:33.736">
  <mem-info id="577" free="37748736" total="125829120" percent="30">
    <mem type="eden" free="0" total="37748736" percent="0" />
    <remembered-set count="19104" freebytes="4946304" totalbytes="5022720" percent="98" regionsoverflowed="0" regionsstable="3" regionsrebuilding="0"/>
  </mem-info>
</gc-start>
<allocation-stats totalBytes="37744336" >
  <allocated-bytes non-tlh="0" tlh="37744336" arrayletleaf="0"/>
  <largest-consumer threadName="Thread-7" threadId="0000000001060900" bytes="14477776" />
</allocation-stats>
<gc-op id="578" type="copy forward" timems="1.977" contextid="575" timestamp="2019-06-17T03:28:33.738">
  <memory-copied type="eden" objects="2879" bytes="70576" bytesdiscarded="0" />
  <memory-copied type="other" objects="5255" bytes="126120" bytesdiscarded="0" />
  <memory-cardclean objects="10602" bytes="509864" />
  <regions eden="36" other="2" />
  <remembered-set-cleared processed="15722" cleared="304" durationms="0.223" />
  <stringconstants candidates="4597" cleared="0"  />
</gc-op>
<gc-op id="579" type="classunload" timems="0.003" contextid="575" timestamp="2019-06-17T03:28:33.738">
  <classunload-info classloadercandidates="8" classloadersunloaded="0" classesunloaded="0" anonymousclassesunloaded="0" quiescems="0.000" setupms="0.002" scanms="0.000" postms="0.000" />
</gc-op>
<heap-resize id="580" type="expand" space="default" amount="3145728" count="1" timems="0.066" reason="excessive time being spent in gc" timestamp="2019-06-17T03:28:33.739" />
<gc-end id="581" type="partial gc" contextid="575" durationms="2.995" usertimems="4.000" systemtimems="0.000" timestamp="2019-06-17T03:28:33.739" activeThreads="1">
  <mem-info id="582" free="77594624" total="128974848" percent="60">
    <mem type="eden" free="978000" total="1048576" percent="93" />
    <remembered-set count="19776" freebytes="5069184" totalbytes="5148288" percent="98" regionsoverflowed="0" regionsstable="3" regionsrebuilding="0"/>
  </mem-info>
</gc-end>
<cycle-end id="583" type="partial gc" contextid="575" timestamp="2019-06-17T03:28:33.739" />
  <attribute name="elasticGC enabled" value="1" />
  <attribute name= "numThreadsSpecified" value="1" />
  <attribute name="heapSize specified" value="0" />
  <attribute name="Current GC Util" value="65" />
  <attribute name= "Current Time Running" value="2012" />
  <attribute name ="GC Interval" value="0" />
  <attribute name="ProportionalT" value="67.500000" />
  <attribute name="ProportionalI" value="67.500000" />
  <attribute name="ProportionalH" value="67.500000" />
  <attribute name="Current Error" value="45.000000" />
  <attribute name="IntegralT" value="0.000000" />
  <attribute name="IntegralI" value="0.000000" />
  <attribute name="IntegralH" value="0.000000" />
  <attribute name="DerivativeT" value="inf" />
  <attribute name="DerivativeI" value="inf" />
  <attribute name="DerivativeH" value="inf" />
  <attribute name="Loop Time for DT" value="0.000000" />
  <attribute name="Output H" value="8388608"/>
  <attribute name="Output I" value="200"/>
  <attribute name="Output T" value="1"/>
  <attribute name="Target GC Util Change" value ="20.000000" />
  <attribute name="Current GC Util Change" value="65.000000"/>
  <attribute name="GC Util currently" value="65" />
  <attribute name="CPU Util currently" value="21340814604760" />
<exclusive-end id="584" timestamp="2019-06-17T03:28:33.739" durationms="3.672" />

<exclusive-start id="585" timestamp="2019-06-17T03:28:33.761" intervalms="26.064">
  <response-info timems="0.044" idlems="0.044" threads="0" lastid="0000000001064500" lastname="Thread-10" />
</exclusive-start>
<allocation-taxation id="586" taxation-threshold="38797312" timestamp="2019-06-17T03:28:33.762" intervalms="26.044" />
<cycle-start id="587" type="partial gc" contextid="0" timestamp="2019-06-17T03:28:33.762" intervalms="26.088" />
<gc-start id="588" type="partial gc" contextid="587" timestamp="2019-06-17T03:28:33.762">
  <mem-info id="589" free="38797312" total="128974848" percent="30">
    <mem type="eden" free="0" total="38797312" percent="0" />
    <remembered-set count="19616" freebytes="5069824" totalbytes="5148288" percent="98" regionsoverflowed="0" regionsstable="3" regionsrebuilding="0"/>
  </mem-info>
</gc-start>
<allocation-stats totalBytes="38792984" >
  <allocated-bytes non-tlh="0" tlh="38792984" arrayletleaf="0"/>
  <largest-consumer threadName="Thread-7" threadId="0000000001060900" bytes="13163016" />
</allocation-stats>
<gc-op id="590" type="copy forward" timems="2.861" contextid="587" timestamp="2019-06-17T03:28:33.765">
  <memory-copied type="eden" objects="14663" bytes="627800" bytesdiscarded="0" />
  <memory-copied type="other" objects="4924" bytes="118176" bytesdiscarded="0" />
  <memory-cardclean objects="9855" bytes="481896" />
  <regions eden="37" other="2" />
  <remembered-set-cleared processed="16262" cleared="442" durationms="0.248" />
  <stringconstants candidates="4597" cleared="0"  />
</gc-op>
<gc-op id="591" type="classunload" timems="0.002" contextid="587" timestamp="2019-06-17T03:28:33.765">
  <classunload-info classloadercandidates="8" classloadersunloaded="0" classesunloaded="0" anonymousclassesunloaded="0" quiescems="0.000" setupms="0.002" scanms="0.000" postms="0.000" />
</gc-op>
<heap-resize id="592" type="expand" space="default" amount="2097152" count="1" timems="0.068" reason="excessive time being spent in gc" timestamp="2019-06-17T03:28:33.766" />
<gc-end id="593" type="partial gc" contextid="587" durationms="4.063" usertimems="4.000" systemtimems="0.000" timestamp="2019-06-17T03:28:33.766" activeThreads="1">
  <mem-info id="594" free="78643200" total="131072000" percent="60">
    <mem type="eden" free="420776" total="1048576" percent="40" />
    <remembered-set count="20224" freebytes="5151104" totalbytes="5232000" percent="98" regionsoverflowed="0" regionsstable="3" regionsrebuilding="0"/>
  </mem-info>
</gc-end>
<cycle-end id="595" type="partial gc" contextid="587" timestamp="2019-06-17T03:28:33.766" />
  <attribute name="elasticGC enabled" value="1" />
  <attribute name= "numThreadsSpecified" value="1" />
  <attribute name="heapSize specified" value="0" />
  <attribute name="Current GC Util" value="55" />
  <attribute name= "Current Time Running" value="2038" />
  <attribute name ="GC Interval" value="0" />
  <attribute name="ProportionalT" value="52.500000" />
  <attribute name="ProportionalI" value="52.500000" />
  <attribute name="ProportionalH" value="52.500000" />
  <attribute name="Current Error" value="35.000000" />
  <attribute name="IntegralT" value="0.000000" />
  <attribute name="IntegralI" value="0.000000" />
  <attribute name="IntegralH" value="0.000000" />
  <attribute name="DerivativeT" value="inf" />
  <attribute name="DerivativeI" value="inf" />
  <attribute name="DerivativeH" value="inf" />
  <attribute name="Loop Time for DT" value="0.000000" />
  <attribute name="Output H" value="8388608"/>
  <attribute name="Output I" value="200"/>
  <attribute name="Output T" value="1"/>
  <attribute name="Target GC Util Change" value ="20.000000" />
  <attribute name="Current GC Util Change" value="55.000000"/>
  <attribute name="GC Util currently" value="55" />
  <attribute name="CPU Util currently" value="21164037106455" />
<exclusive-end id="596" timestamp="2019-06-17T03:28:33.766" durationms="4.776" />

<exclusive-start id="597" timestamp="2019-06-17T03:28:33.789" intervalms="27.254">
  <response-info timems="0.034" idlems="0.034" threads="0" lastid="000000000105CD00" lastname="Thread-9" />
</exclusive-start>
<allocation-taxation id="598" taxation-threshold="38797312" timestamp="2019-06-17T03:28:33.789" intervalms="27.200" />
<cycle-start id="599" type="partial gc" contextid="0" timestamp="2019-06-17T03:28:33.789" intervalms="27.142" />
<gc-start id="600" type="partial gc" contextid="599" timestamp="2019-06-17T03:28:33.789">
  <mem-info id="601" free="39845888" total="131072000" percent="30">
    <mem type="eden" free="0" total="38797312" percent="0" />
    <remembered-set count="20096" freebytes="5151616" totalbytes="5232000" percent="98" regionsoverflowed="0" regionsstable="3" regionsrebuilding="0"/>
  </mem-info>
</gc-start>
<allocation-stats totalBytes="38792664" >
  <allocated-bytes non-tlh="0" tlh="38792664" arrayletleaf="0"/>
  <largest-consumer threadName="Thread-9" threadId="000000000105CD00" bytes="11119344" />
</allocation-stats>
<gc-op id="602" type="copy forward" timems="3.279" contextid="599" timestamp="2019-06-17T03:28:33.793">
  <memory-copied type="eden" objects="11298" bytes="409536" bytesdiscarded="0" />
  <memory-copied type="other" objects="17045" bytes="683856" bytesdiscarded="0" />
  <memory-cardclean objects="7954" bytes="394528" />
  <regions eden="37" other="2" />
  <remembered-set-cleared processed="16747" cleared="483" durationms="0.233" />
  <stringconstants candidates="4597" cleared="0"  />
</gc-op>
<gc-op id="603" type="classunload" timems="0.002" contextid="599" timestamp="2019-06-17T03:28:33.793">
  <classunload-info classloadercandidates="8" classloadersunloaded="0" classesunloaded="0" anonymousclassesunloaded="0" quiescems="0.000" setupms="0.002" scanms="0.000" postms="0.000" />
</gc-op>
<heap-resize id="604" type="expand" space="default" amount="3145728" count="1" timems="0.066" reason="excessive time being spent in gc" timestamp="2019-06-17T03:28:33.793" />
<gc-end id="605" type="partial gc" contextid="599" durationms="4.266" usertimems="4.000" systemtimems="0.000" timestamp="2019-06-17T03:28:33.793" activeThreads="1">
  <mem-info id="606" free="80740352" total="134217728" percent="60">
    <mem type="eden" free="639040" total="1048576" percent="60" />
    <remembered-set count="21184" freebytes="5272832" totalbytes="5357568" percent="98" regionsoverflowed="0" regionsstable="3" regionsrebuilding="0"/>
  </mem-info>
</gc-end>
<cycle-end id="607" type="partial gc" contextid="599" timestamp="2019-06-17T03:28:33.793" />
  <attribute name="elasticGC enabled" value="1" />
  <attribute name= "numThreadsSpecified" value="1" />
  <attribute name="heapSize specified" value="0" />
  <attribute name="Current GC Util" value="55" />
  <attribute name= "Current Time Running" value="2065" />
  <attribute name ="GC Interval" value="0" />
  <attribute name="ProportionalT" value="52.500000" />
  <attribute name="ProportionalI" value="52.500000" />
  <attribute name="ProportionalH" value="52.500000" />
  <attribute name="Current Error" value="35.000000" />
  <attribute name="IntegralT" value="0.000000" />
  <attribute name="IntegralI" value="0.000000" />
  <attribute name="IntegralH" value="0.000000" />
  <attribute name="DerivativeT" value="inf" />
  <attribute name="DerivativeI" value="inf" />
  <attribute name="DerivativeH" value="inf" />
  <attribute name="Loop Time for DT" value="0.000000" />
  <attribute name="Output H" value="8388608"/>
  <attribute name="Output I" value="200"/>
  <attribute name="Output T" value="1"/>
  <attribute name="Target GC Util Change" value ="20.000000" />
  <attribute name="Current GC Util Change" value="55.000000"/>
  <attribute name="GC Util currently" value="55" />
  <attribute name="CPU Util currently" value="22267488862946" />
<exclusive-end id="608" timestamp="2019-06-17T03:28:33.793" durationms="4.796" />

<exclusive-start id="609" timestamp="2019-06-17T03:28:33.818" intervalms="29.040">
  <response-info timems="0.030" idlems="0.030" threads="0" lastid="000000000105CD00" lastname="Thread-9" />
</exclusive-start>
<allocation-taxation id="610" taxation-threshold="39845888" timestamp="2019-06-17T03:28:33.818" intervalms="29.053" />
<cycle-start id="611" type="partial gc" contextid="0" timestamp="2019-06-17T03:28:33.818" intervalms="29.053" />
<gc-start id="612" type="partial gc" contextid="611" timestamp="2019-06-17T03:28:33.818">
  <mem-info id="613" free="40894464" total="134217728" percent="30">
    <mem type="eden" free="0" total="39845888" percent="0" />
    <remembered-set count="20768" freebytes="5274496" totalbytes="5357568" percent="98" regionsoverflowed="0" regionsstable="3" regionsrebuilding="0"/>
  </mem-info>
</gc-start>
<allocation-stats totalBytes="39841432" >
  <allocated-bytes non-tlh="0" tlh="39841432" arrayletleaf="0"/>
  <largest-consumer threadName="Thread-7" threadId="0000000001060900" bytes="11369176" />
</allocation-stats>
<gc-op id="614" type="copy forward" timems="3.633" contextid="611" timestamp="2019-06-17T03:28:33.822">
  <memory-copied type="eden" objects="4485" bytes="108600" bytesdiscarded="0" />
  <memory-copied type="other" objects="25619" bytes="1027008" bytesdiscarded="0" />
  <memory-cardclean objects="5847" bytes="293800" />
  <regions eden="38" other="2" />
  <remembered-set-cleared processed="17263" cleared="491" durationms="0.251" />
  <stringconstants candidates="4597" cleared="0"  />
</gc-op>
<gc-op id="615" type="classunload" timems="0.003" contextid="611" timestamp="2019-06-17T03:28:33.822">
  <classunload-info classloadercandidates="8" classloadersunloaded="0" classesunloaded="0" anonymousclassesunloaded="0" quiescems="0.000" setupms="0.003" scanms="0.000" postms="0.000" />
</gc-op>
<heap-resize id="616" type="expand" space="default" amount="2097152" count="1" timems="0.063" reason="excessive time being spent in gc" timestamp="2019-06-17T03:28:33.823" />
<gc-end id="617" type="partial gc" contextid="611" durationms="4.674" usertimems="4.000" systemtimems="0.000" timestamp="2019-06-17T03:28:33.823" activeThreads="1">
  <mem-info id="618" free="81788928" total="136314880" percent="60">
    <mem type="eden" free="939976" total="1048576" percent="89" />
    <remembered-set count="21664" freebytes="5354624" totalbytes="5441280" percent="98" regionsoverflowed="0" regionsstable="3" regionsrebuilding="0"/>
  </mem-info>
</gc-end>
<cycle-end id="619" type="partial gc" contextid="611" timestamp="2019-06-17T03:28:33.823" />
  <attribute name="elasticGC enabled" value="1" />
  <attribute name= "numThreadsSpecified" value="1" />
  <attribute name="heapSize specified" value="0" />
  <attribute name="Current GC Util" value="64" />
  <attribute name= "Current Time Running" value="2094" />
  <attribute name ="GC Interval" value="0" />
  <attribute name="ProportionalT" value="66.000000" />
  <attribute name="ProportionalI" value="66.000000" />
  <attribute name="ProportionalH" value="66.000000" />
  <attribute name="Current Error" value="44.000000" />
  <attribute name="IntegralT" value="0.000000" />
  <attribute name="IntegralI" value="0.000000" />
  <attribute name="IntegralH" value="0.000000" />
  <attribute name="DerivativeT" value="inf" />
  <attribute name="DerivativeI" value="inf" />
  <attribute name="DerivativeH" value="inf" />
  <attribute name="Loop Time for DT" value="0.000000" />
  <attribute name="Output H" value="8388608"/>
  <attribute name="Output I" value="200"/>
  <attribute name="Output T" value="1"/>
  <attribute name="Target GC Util Change" value ="20.000000" />
  <attribute name="Current GC Util Change" value="64.000000"/>
  <attribute name="GC Util currently" value="64" />
  <attribute name="CPU Util currently" value="20353186308609" />
<exclusive-end id="620" timestamp="2019-06-17T03:28:33.823" durationms="5.238" />

<exclusive-start id="621" timestamp="2019-06-17T03:28:33.855" intervalms="37.422">
  <response-info timems="0.024" idlems="0.024" threads="0" lastid="0000000001064500" lastname="Thread-10" />
</exclusive-start>
<allocation-taxation id="622" taxation-threshold="40894464" timestamp="2019-06-17T03:28:33.855" intervalms="37.491" />
<cycle-start id="623" type="partial gc" contextid="0" timestamp="2019-06-17T03:28:33.855" intervalms="37.562" />
<gc-start id="624" type="partial gc" contextid="623" timestamp="2019-06-17T03:28:33.856">
  <mem-info id="625" free="40894464" total="136314880" percent="30">
    <mem type="eden" free="0" total="40894464" percent="0" />
    <remembered-set count="21472" freebytes="5355392" totalbytes="5441280" percent="98" regionsoverflowed="0" regionsstable="3" regionsrebuilding="0"/>
  </mem-info>
</gc-start>
<allocation-stats totalBytes="40889384" >
  <allocated-bytes non-tlh="0" tlh="40889384" arrayletleaf="0"/>
  <largest-consumer threadName="Thread-9" threadId="000000000105CD00" bytes="13244696" />
</allocation-stats>
<gc-op id="626" type="copy forward" timems="3.587" contextid="623" timestamp="2019-06-17T03:28:33.860">
  <memory-copied type="eden" objects="10382" bytes="388040" bytesdiscarded="0" />
  <memory-copied type="other" objects="15491" bytes="509160" bytesdiscarded="0" />
  <memory-cardclean objects="11062" bytes="577736" />
  <regions eden="39" other="2" />
  <remembered-set-cleared processed="17735" cleared="218" durationms="0.269" />
  <stringconstants candidates="4597" cleared="0"  />
</gc-op>
<gc-op id="627" type="classunload" timems="0.002" contextid="623" timestamp="2019-06-17T03:28:33.860">
  <classunload-info classloadercandidates="8" classloadersunloaded="0" classesunloaded="0" anonymousclassesunloaded="0" quiescems="0.000" setupms="0.002" scanms="0.000" postms="0.000" />
</gc-op>
<heap-resize id="628" type="expand" space="default" amount="3145728" count="1" timems="0.079" reason="excessive time being spent in gc" timestamp="2019-06-17T03:28:33.860" />
<gc-end id="629" type="partial gc" contextid="623" durationms="4.889" usertimems="4.000" systemtimems="0.000" timestamp="2019-06-17T03:28:33.861" activeThreads="1">
  <mem-info id="630" free="83886080" total="139460608" percent="60">
    <mem type="eden" free="660536" total="1048576" percent="62" />
    <remembered-set count="22464" freebytes="5476992" totalbytes="5566848" percent="98" regionsoverflowed="0" regionsstable="3" regionsrebuilding="0"/>
  </mem-info>
</gc-end>
<cycle-end id="631" type="partial gc" contextid="623" timestamp="2019-06-17T03:28:33.861" />
  <attribute name="elasticGC enabled" value="1" />
  <attribute name= "numThreadsSpecified" value="1" />
  <attribute name="heapSize specified" value="0" />
  <attribute name="Current GC Util" value="61" />
  <attribute name= "Current Time Running" value="2132" />
  <attribute name ="GC Interval" value="0" />
  <attribute name="ProportionalT" value="61.500000" />
  <attribute name="ProportionalI" value="61.500000" />
  <attribute name="ProportionalH" value="61.500000" />
  <attribute name="Current Error" value="41.000000" />
  <attribute name="IntegralT" value="0.000000" />
  <attribute name="IntegralI" value="0.000000" />
  <attribute name="IntegralH" value="0.000000" />
  <attribute name="DerivativeT" value="inf" />
  <attribute name="DerivativeI" value="inf" />
  <attribute name="DerivativeH" value="inf" />
  <attribute name="Loop Time for DT" value="0.000000" />
  <attribute name="Output H" value="8388608"/>
  <attribute name="Output I" value="200"/>
  <attribute name="Output T" value="1"/>
  <attribute name="Target GC Util Change" value ="20.000000" />
  <attribute name="Current GC Util Change" value="61.000000"/>
  <attribute name="GC Util currently" value="61" />
  <attribute name="CPU Util currently" value="18083412136342" />
<exclusive-end id="632" timestamp="2019-06-17T03:28:33.861" durationms="5.839" />

<exclusive-start id="633" timestamp="2019-06-17T03:28:33.894" intervalms="39.049">
  <response-info timems="0.026" idlems="0.026" threads="0" lastid="0000000001064500" lastname="Thread-10" />
</exclusive-start>
<allocation-taxation id="634" taxation-threshold="40894464" timestamp="2019-06-17T03:28:33.894" intervalms="39.041" />
<cycle-start id="635" type="partial gc" contextid="0" timestamp="2019-06-17T03:28:33.895" intervalms="39.090" />
<gc-start id="636" type="partial gc" contextid="635" timestamp="2019-06-17T03:28:33.895">
  <mem-info id="637" free="42991616" total="139460608" percent="30">
    <mem type="eden" free="0" total="40894464" percent="0" />
    <remembered-set count="22112" freebytes="5478400" totalbytes="5566848" percent="98" regionsoverflowed="0" regionsstable="3" regionsrebuilding="0"/>
  </mem-info>
</gc-start>
<allocation-stats totalBytes="40889408" >
  <allocated-bytes non-tlh="0" tlh="40889408" arrayletleaf="0"/>
  <largest-consumer threadName="Thread-10" threadId="0000000001064500" bytes="10980064" />
</allocation-stats>
<gc-op id="638" type="copy forward" timems="3.825" contextid="635" timestamp="2019-06-17T03:28:33.899">
  <memory-copied type="eden" objects="17047" bytes="685400" bytesdiscarded="0" />
  <memory-copied type="other" objects="14436" bytes="483840" bytesdiscarded="0" />
  <memory-cardclean objects="11988" bytes="607160" />
  <regions eden="39" other="2" />
  <remembered-set-cleared processed="18342" cleared="343" durationms="0.276" />
  <stringconstants candidates="4597" cleared="0"  />
</gc-op>
<gc-op id="639" type="classunload" timems="0.002" contextid="635" timestamp="2019-06-17T03:28:33.899">
  <classunload-info classloadercandidates="8" classloadersunloaded="0" classesunloaded="0" anonymousclassesunloaded="0" quiescems="0.000" setupms="0.002" scanms="0.000" postms="0.000" />
</gc-op>
<heap-resize id="640" type="expand" space="default" amount="2097152" count="1" timems="0.073" reason="excessive time being spent in gc" timestamp="2019-06-17T03:28:33.900" />
<gc-end id="641" type="partial gc" contextid="635" durationms="5.119" usertimems="8.000" systemtimems="0.000" timestamp="2019-06-17T03:28:33.900" activeThreads="1">
  <mem-info id="642" free="84934656" total="141557760" percent="60">
    <mem type="eden" free="363176" total="1048576" percent="34" />
    <remembered-set count="22976" freebytes="5558656" totalbytes="5650560" percent="98" regionsoverflowed="0" regionsstable="3" regionsrebuilding="0"/>
  </mem-info>
</gc-end>
<cycle-end id="643" type="partial gc" contextid="635" timestamp="2019-06-17T03:28:33.900" />
  <attribute name="elasticGC enabled" value="1" />
  <attribute name= "numThreadsSpecified" value="1" />
  <attribute name="heapSize specified" value="0" />
  <attribute name="Current GC Util" value="60" />
  <attribute name= "Current Time Running" value="2171" />
  <attribute name ="GC Interval" value="0" />
  <attribute name="ProportionalT" value="60.000000" />
  <attribute name="ProportionalI" value="60.000000" />
  <attribute name="ProportionalH" value="60.000000" />
  <attribute name="Current Error" value="40.000000" />
  <attribute name="IntegralT" value="0.000000" />
  <attribute name="IntegralI" value="0.000000" />
  <attribute name="IntegralH" value="0.000000" />
  <attribute name="DerivativeT" value="inf" />
  <attribute name="DerivativeI" value="inf" />
  <attribute name="DerivativeH" value="inf" />
  <attribute name="Loop Time for DT" value="0.000000" />
  <attribute name="Output H" value="8388608"/>
  <attribute name="Output I" value="200"/>
  <attribute name="Output T" value="1"/>
  <attribute name="Target GC Util Change" value ="20.000000" />
  <attribute name="Current GC Util Change" value="60.000000"/>
  <attribute name="GC Util currently" value="60" />
  <attribute name="CPU Util currently" value="16016580349261" />
<exclusive-end id="644" timestamp="2019-06-17T03:28:33.900" durationms="6.067" />

<exclusive-start id="645" timestamp="2019-06-17T03:28:33.928" intervalms="33.764">
  <response-info timems="0.033" idlems="0.033" threads="0" lastid="000000000105CD00" lastname="Thread-9" />
</exclusive-start>
<allocation-taxation id="646" taxation-threshold="41943040" timestamp="2019-06-17T03:28:33.928" intervalms="33.699" />
<cycle-start id="647" type="partial gc" contextid="0" timestamp="2019-06-17T03:28:33.928" intervalms="33.582" />
<gc-start id="648" type="partial gc" contextid="647" timestamp="2019-06-17T03:28:33.928">
  <mem-info id="649" free="42991616" total="141557760" percent="30">
    <mem type="eden" free="0" total="41943040" percent="0" />
    <remembered-set count="22528" freebytes="5560448" totalbytes="5650560" percent="98" regionsoverflowed="0" regionsstable="3" regionsrebuilding="0"/>
  </mem-info>
</gc-start>
<allocation-stats totalBytes="41937952" >
  <allocated-bytes non-tlh="0" tlh="41937952" arrayletleaf="0"/>
  <largest-consumer threadName="Thread-7" threadId="0000000001060900" bytes="11254496" />
</allocation-stats>
<gc-op id="650" type="copy forward" timems="4.115" contextid="647" timestamp="2019-06-17T03:28:33.933">
  <memory-copied type="eden" objects="10020" bytes="379408" bytesdiscarded="0" />
  <memory-copied type="other" objects="26860" bytes="1056768" bytesdiscarded="0" />
  <memory-cardclean objects="8120" bytes="406976" />
  <regions eden="40" other="2" />
  <remembered-set-cleared processed="19024" cleared="413" durationms="0.274" />
  <stringconstants candidates="4597" cleared="0"  />
</gc-op>
<gc-op id="651" type="classunload" timems="0.002" contextid="647" timestamp="2019-06-17T03:28:33.933">
  <classunload-info classloadercandidates="8" classloadersunloaded="0" classesunloaded="0" anonymousclassesunloaded="0" quiescems="0.000" setupms="0.002" scanms="0.000" postms="0.000" />
</gc-op>
<heap-resize id="652" type="expand" space="default" amount="3145728" count="1" timems="0.067" reason="excessive time being spent in gc" timestamp="2019-06-17T03:28:33.933" />
<gc-end id="653" type="partial gc" contextid="647" durationms="5.166" usertimems="4.000" systemtimems="0.000" timestamp="2019-06-17T03:28:33.933" activeThreads="1">
  <mem-info id="654" free="87031808" total="144703488" percent="60">
    <mem type="eden" free="669168" total="1048576" percent="63" />
    <remembered-set count="23616" freebytes="5681664" totalbytes="5776128" percent="98" regionsoverflowed="0" regionsstable="3" regionsrebuilding="0"/>
  </mem-info>
</gc-end>
<cycle-end id="655" type="partial gc" contextid="647" timestamp="2019-06-17T03:28:33.934" />
  <attribute name="elasticGC enabled" value="1" />
  <attribute name= "numThreadsSpecified" value="1" />
  <attribute name="heapSize specified" value="0" />
  <attribute name="Current GC Util" value="62" />
  <attribute name= "Current Time Running" value="2204" />
  <attribute name ="GC Interval" value="0" />
  <attribute name="ProportionalT" value="63.000000" />
  <attribute name="ProportionalI" value="63.000000" />
  <attribute name="ProportionalH" value="63.000000" />
  <attribute name="Current Error" value="42.000000" />
  <attribute name="IntegralT" value="0.000000" />
  <attribute name="IntegralI" value="0.000000" />
  <attribute name="IntegralH" value="0.000000" />
  <attribute name="DerivativeT" value="inf" />
  <attribute name="DerivativeI" value="inf" />
  <attribute name="DerivativeH" value="inf" />
  <attribute name="Loop Time for DT" value="0.000000" />
  <attribute name="Output H" value="8388608"/>
  <attribute name="Output I" value="200"/>
  <attribute name="Output T" value="1"/>
  <attribute name="Target GC Util Change" value ="20.000000" />
  <attribute name="Current GC Util Change" value="62.000000"/>
  <attribute name="GC Util currently" value="62" />
  <attribute name="CPU Util currently" value="21989204973166" />
<exclusive-end id="656" timestamp="2019-06-17T03:28:33.934" durationms="5.719" />

<exclusive-start id="657" timestamp="2019-06-17T03:28:33.965" intervalms="36.815">
  <response-info timems="0.053" idlems="0.053" threads="0" lastid="0000000001060900" lastname="Thread-7" />
</exclusive-start>
<allocation-taxation id="658" taxation-threshold="42991616" timestamp="2019-06-17T03:28:33.965" intervalms="36.851" />
<cycle-start id="659" type="partial gc" contextid="0" timestamp="2019-06-17T03:28:33.965" intervalms="36.863" />
<gc-start id="660" type="partial gc" contextid="659" timestamp="2019-06-17T03:28:33.965">
  <mem-info id="661" free="44040192" total="144703488" percent="30">
    <mem type="eden" free="0" total="42991616" percent="0" />
    <remembered-set count="23168" freebytes="5683456" totalbytes="5776128" percent="98" regionsoverflowed="0" regionsstable="3" regionsrebuilding="0"/>
  </mem-info>
</gc-start>
<allocation-stats totalBytes="42986784" >
  <allocated-bytes non-tlh="0" tlh="42986784" arrayletleaf="0"/>
  <largest-consumer threadName="Thread-9" threadId="000000000105CD00" bytes="12053408" />
</allocation-stats>
<gc-op id="662" type="copy forward" timems="3.505" contextid="659" timestamp="2019-06-17T03:28:33.969">
  <memory-copied type="eden" objects="9371" bytes="363896" bytesdiscarded="0" />
  <memory-copied type="other" objects="19313" bytes="738264" bytesdiscarded="0" />
  <memory-cardclean objects="7351" bytes="384896" />
  <regions eden="41" other="2" />
  <remembered-set-cleared processed="19678" cleared="257" durationms="0.273" />
  <stringconstants candidates="4597" cleared="0"  />
</gc-op>
<gc-op id="663" type="classunload" timems="0.002" contextid="659" timestamp="2019-06-17T03:28:33.969">
  <classunload-info classloadercandidates="8" classloadersunloaded="0" classesunloaded="0" anonymousclassesunloaded="0" quiescems="0.000" setupms="0.002" scanms="0.000" postms="0.000" />
</gc-op>
<heap-resize id="664" type="expand" space="default" amount="2097152" count="1" timems="0.065" reason="excessive time being spent in gc" timestamp="2019-06-17T03:28:33.970" />
<gc-end id="665" type="partial gc" contextid="659" durationms="4.576" usertimems="4.000" systemtimems="0.000" timestamp="2019-06-17T03:28:33.970" activeThreads="1">
  <mem-info id="666" free="88080384" total="146800640" percent="60">
    <mem type="eden" free="684680" total="1048576" percent="65" />
    <remembered-set count="24352" freebytes="5762432" totalbytes="5859840" percent="98" regionsoverflowed="0" regionsstable="3" regionsrebuilding="0"/>
  </mem-info>
</gc-end>
<cycle-end id="667" type="partial gc" contextid="659" timestamp="2019-06-17T03:28:33.970" />
  <attribute name="elasticGC enabled" value="1" />
  <attribute name= "numThreadsSpecified" value="1" />
  <attribute name="heapSize specified" value="0" />
  <attribute name="Current GC Util" value="63" />
  <attribute name= "Current Time Running" value="2241" />
  <attribute name ="GC Interval" value="0" />
  <attribute name="ProportionalT" value="64.500000" />
  <attribute name="ProportionalI" value="64.500000" />
  <attribute name="ProportionalH" value="64.500000" />
  <attribute name="Current Error" value="43.000000" />
  <attribute name="IntegralT" value="0.000000" />
  <attribute name="IntegralI" value="0.000000" />
  <attribute name="IntegralH" value="0.000000" />
  <attribute name="DerivativeT" value="inf" />
  <attribute name="DerivativeI" value="inf" />
  <attribute name="DerivativeH" value="inf" />
  <attribute name="Loop Time for DT" value="0.000000" />
  <attribute name="Output H" value="8388608"/>
  <attribute name="Output I" value="200"/>
  <attribute name="Output T" value="1"/>
  <attribute name="Target GC Util Change" value ="20.000000" />
  <attribute name="Current GC Util Change" value="63.000000"/>
  <attribute name="GC Util currently" value="63" />
  <attribute name="CPU Util currently" value="19980875686697" />
<exclusive-end id="668" timestamp="2019-06-17T03:28:33.970" durationms="5.394" />

<exclusive-start id="669" timestamp="2019-06-17T03:28:34.001" intervalms="36.327">
  <response-info timems="0.033" idlems="0.033" threads="0" lastid="0000000001060900" lastname="Thread-7" />
</exclusive-start>
<allocation-taxation id="670" taxation-threshold="42991616" timestamp="2019-06-17T03:28:34.001" intervalms="36.310" />
<cycle-start id="671" type="partial gc" contextid="0" timestamp="2019-06-17T03:28:34.001" intervalms="36.309" />
<gc-start id="672" type="partial gc" contextid="671" timestamp="2019-06-17T03:28:34.002">
  <mem-info id="673" free="45088768" total="146800640" percent="30">
    <mem type="eden" free="0" total="42991616" percent="0" />
    <remembered-set count="23968" freebytes="5763968" totalbytes="5859840" percent="98" regionsoverflowed="0" regionsstable="3" regionsrebuilding="0"/>
  </mem-info>
</gc-start>
<allocation-stats totalBytes="42986776" >
  <allocated-bytes non-tlh="0" tlh="42986776" arrayletleaf="0"/>
  <largest-consumer threadName="Thread-9" threadId="000000000105CD00" bytes="13675024" />
</allocation-stats>
<gc-op id="674" type="copy forward" timems="3.516" contextid="671" timestamp="2019-06-17T03:28:34.006">
  <memory-copied type="eden" objects="11711" bytes="419872" bytesdiscarded="0" />
  <memory-copied type="other" objects="17205" bytes="687672" bytesdiscarded="0" />
  <memory-cardclean objects="7476" bytes="386744" />
  <regions eden="41" other="2" />
  <remembered-set-cleared processed="20089" cleared="200" durationms="0.280" />
  <stringconstants candidates="4597" cleared="0"  />
</gc-op>
<gc-op id="675" type="classunload" timems="0.003" contextid="671" timestamp="2019-06-17T03:28:34.006">
  <classunload-info classloadercandidates="8" classloadersunloaded="0" classesunloaded="0" anonymousclassesunloaded="0" quiescems="0.000" setupms="0.002" scanms="0.000" postms="0.000" />
</gc-op>
<heap-resize id="676" type="expand" space="default" amount="3145728" count="1" timems="0.071" reason="excessive time being spent in gc" timestamp="2019-06-17T03:28:34.006" />
<gc-end id="677" type="partial gc" contextid="671" durationms="4.649" usertimems="4.000" systemtimems="0.000" timestamp="2019-06-17T03:28:34.006" activeThreads="1">
  <mem-info id="678" free="90177536" total="149946368" percent="60">
    <mem type="eden" free="628704" total="1048576" percent="59" />
    <remembered-set count="25248" freebytes="5884416" totalbytes="5985408" percent="98" regionsoverflowed="0" regionsstable="3" regionsrebuilding="0"/>
  </mem-info>
</gc-end>
<cycle-end id="679" type="partial gc" contextid="671" timestamp="2019-06-17T03:28:34.006" />
  <attribute name="elasticGC enabled" value="1" />
  <attribute name= "numThreadsSpecified" value="1" />
  <attribute name="heapSize specified" value="0" />
  <attribute name="Current GC Util" value="66" />
  <attribute name= "Current Time Running" value="2278" />
  <attribute name ="GC Interval" value="0" />
  <attribute name="ProportionalT" value="69.000000" />
  <attribute name="ProportionalI" value="69.000000" />
  <attribute name="ProportionalH" value="69.000000" />
  <attribute name="Current Error" value="46.000000" />
  <attribute name="IntegralT" value="0.000000" />
  <attribute name="IntegralI" value="0.000000" />
  <attribute name="IntegralH" value="0.000000" />
  <attribute name="DerivativeT" value="inf" />
  <attribute name="DerivativeI" value="inf" />
  <attribute name="DerivativeH" value="inf" />
  <attribute name="Loop Time for DT" value="0.000000" />
  <attribute name="Output H" value="8388608"/>
  <attribute name="Output I" value="200"/>
  <attribute name="Output T" value="1"/>
  <attribute name="Target GC Util Change" value ="20.000000" />
  <attribute name="Current GC Util Change" value="66.000000"/>
  <attribute name="GC Util currently" value="66" />
  <attribute name="CPU Util currently" value="19945099722563" />
<exclusive-end id="680" timestamp="2019-06-17T03:28:34.007" durationms="5.478" />

<exclusive-start id="681" timestamp="2019-06-17T03:28:34.039" intervalms="37.844">
  <response-info timems="0.034" idlems="0.034" threads="0" lastid="0000000001060900" lastname="Thread-7" />
</exclusive-start>
<allocation-taxation id="682" taxation-threshold="44040192" timestamp="2019-06-17T03:28:34.039" intervalms="37.872" />
<cycle-start id="683" type="partial gc" contextid="0" timestamp="2019-06-17T03:28:34.039" intervalms="37.907" />
<gc-start id="684" type="partial gc" contextid="683" timestamp="2019-06-17T03:28:34.040">
  <mem-info id="685" free="46137344" total="149946368" percent="30">
    <mem type="eden" free="0" total="44040192" percent="0" />
    <remembered-set count="25120" freebytes="5884928" totalbytes="5985408" percent="98" regionsoverflowed="0" regionsstable="3" regionsrebuilding="0"/>
  </mem-info>
</gc-start>
<allocation-stats totalBytes="44035264" >
  <allocated-bytes non-tlh="0" tlh="44035264" arrayletleaf="0"/>
  <largest-consumer threadName="Thread-9" threadId="000000000105CD00" bytes="16980200" />
</allocation-stats>
<gc-op id="686" type="copy forward" timems="4.184" contextid="683" timestamp="2019-06-17T03:28:34.044">
  <memory-copied type="eden" objects="12960" bytes="450208" bytesdiscarded="0" />
  <memory-copied type="other" objects="20507" bytes="766920" bytesdiscarded="0" />
  <memory-cardclean objects="10199" bytes="517568" />
  <regions eden="42" other="2" />
  <remembered-set-cleared processed="20485" cleared="176" durationms="0.297" />
  <stringconstants candidates="4597" cleared="0"  />
</gc-op>
<gc-op id="687" type="classunload" timems="0.002" contextid="683" timestamp="2019-06-17T03:28:34.045">
  <classunload-info classloadercandidates="8" classloadersunloaded="0" classesunloaded="0" anonymousclassesunloaded="0" quiescems="0.000" setupms="0.002" scanms="0.000" postms="0.000" />
</gc-op>
<heap-resize id="688" type="expand" space="default" amount="2097152" count="1" timems="0.074" reason="excessive time being spent in gc" timestamp="2019-06-17T03:28:34.045" />
<gc-end id="689" type="partial gc" contextid="683" durationms="5.472" usertimems="4.000" systemtimems="0.000" timestamp="2019-06-17T03:28:34.045" activeThreads="1">
  <mem-info id="690" free="91226112" total="152043520" percent="60">
    <mem type="eden" free="598368" total="1048576" percent="57" />
    <remembered-set count="26176" freebytes="5964416" totalbytes="6069120" percent="98" regionsoverflowed="0" regionsstable="3" regionsrebuilding="0"/>
  </mem-info>
</gc-end>
<cycle-end id="691" type="partial gc" contextid="683" timestamp="2019-06-17T03:28:34.045" />
  <attribute name="elasticGC enabled" value="1" />
  <attribute name= "numThreadsSpecified" value="1" />
  <attribute name="heapSize specified" value="0" />
  <attribute name="Current GC Util" value="59" />
  <attribute name= "Current Time Running" value="2316" />
  <attribute name ="GC Interval" value="0" />
  <attribute name="ProportionalT" value="58.500000" />
  <attribute name="ProportionalI" value="58.500000" />
  <attribute name="ProportionalH" value="58.500000" />
  <attribute name="Current Error" value="39.000000" />
  <attribute name="IntegralT" value="0.000000" />
  <attribute name="IntegralI" value="0.000000" />
  <attribute name="IntegralH" value="0.000000" />
  <attribute name="DerivativeT" value="inf" />
  <attribute name="DerivativeI" value="inf" />
  <attribute name="DerivativeH" value="inf" />
  <attribute name="Loop Time for DT" value="0.000000" />
  <attribute name="Output H" value="8388608"/>
  <attribute name="Output I" value="200"/>
  <attribute name="Output T" value="1"/>
  <attribute name="Target GC Util Change" value ="20.000000" />
  <attribute name="Current GC Util Change" value="59.000000"/>
  <attribute name="GC Util currently" value="59" />
  <attribute name="CPU Util currently" value="16923866818721" />
<exclusive-end id="692" timestamp="2019-06-17T03:28:34.045" durationms="6.365" />

<exclusive-start id="693" timestamp="2019-06-17T03:28:34.069" intervalms="30.577">
  <response-info timems="0.219" idlems="0.219" threads="0" lastid="0000000001064500" lastname="Thread-10" />
</exclusive-start>
<allocation-taxation id="694" taxation-threshold="44040192" timestamp="2019-06-17T03:28:34.070" intervalms="30.586" />
<cycle-start id="695" type="partial gc" contextid="0" timestamp="2019-06-17T03:28:34.070" intervalms="30.627" />
<gc-start id="696" type="partial gc" contextid="695" timestamp="2019-06-17T03:28:34.070">
  <mem-info id="697" free="47185920" total="152043520" percent="31">
    <mem type="eden" free="0" total="44040192" percent="0" />
    <remembered-set count="25888" freebytes="5965568" totalbytes="6069120" percent="98" regionsoverflowed="0" regionsstable="3" regionsrebuilding="0"/>
  </mem-info>
</gc-start>
<allocation-stats totalBytes="44034232" >
  <allocated-bytes non-tlh="0" tlh="44034232" arrayletleaf="0"/>
  <largest-consumer threadName="Thread-9" threadId="000000000105CD00" bytes="13179472" />
</allocation-stats>
<gc-op id="698" type="copy forward" timems="3.589" contextid="695" timestamp="2019-06-17T03:28:34.074">
  <memory-copied type="eden" objects="14484" bytes="624632" bytesdiscarded="0" />
  <memory-copied type="other" objects="15110" bytes="500016" bytesdiscarded="0" />
  <memory-cardclean objects="10526" bytes="536720" />
  <regions eden="42" other="2" />
  <remembered-set-cleared processed="21084" cleared="278" durationms="0.302" />
  <stringconstants candidates="4597" cleared="0"  />
</gc-op>
<gc-op id="699" type="classunload" timems="0.003" contextid="695" timestamp="2019-06-17T03:28:34.074">
  <classunload-info classloadercandidates="8" classloadersunloaded="0" classesunloaded="0" anonymousclassesunloaded="0" quiescems="0.000" setupms="0.003" scanms="0.000" postms="0.000" />
</gc-op>
<heap-resize id="700" type="expand" space="default" amount="3145728" count="1" timems="0.069" reason="excessive time being spent in gc" timestamp="2019-06-17T03:28:34.075" />
<gc-end id="701" type="partial gc" contextid="695" durationms="4.840" usertimems="4.000" systemtimems="0.000" timestamp="2019-06-17T03:28:34.075" activeThreads="1">
  <mem-info id="702" free="93323264" total="155189248" percent="60">
    <mem type="eden" free="423944" total="1048576" percent="40" />
    <remembered-set count="26176" freebytes="6089984" totalbytes="6194688" percent="98" regionsoverflowed="0" regionsstable="3" regionsrebuilding="0"/>
  </mem-info>
</gc-end>
<cycle-end id="703" type="partial gc" contextid="695" timestamp="2019-06-17T03:28:34.075" />
  <attribute name="elasticGC enabled" value="1" />
  <attribute name= "numThreadsSpecified" value="1" />
  <attribute name="heapSize specified" value="0" />
  <attribute name="Current GC Util" value="52" />
  <attribute name= "Current Time Running" value="2346" />
  <attribute name ="GC Interval" value="0" />
  <attribute name="ProportionalT" value="48.000000" />
  <attribute name="ProportionalI" value="48.000000" />
  <attribute name="ProportionalH" value="48.000000" />
  <attribute name="Current Error" value="32.000000" />
  <attribute name="IntegralT" value="0.000000" />
  <attribute name="IntegralI" value="0.000000" />
  <attribute name="IntegralH" value="0.000000" />
  <attribute name="DerivativeT" value="inf" />
  <attribute name="DerivativeI" value="inf" />
  <attribute name="DerivativeH" value="inf" />
  <attribute name="Loop Time for DT" value="0.000000" />
  <attribute name="Output H" value="8388608"/>
  <attribute name="Output I" value="200"/>
  <attribute name="Output T" value="1"/>
  <attribute name="Target GC Util Change" value ="20.000000" />
  <attribute name="Current GC Util Change" value="52.000000"/>
  <attribute name="GC Util currently" value="52" />
  <attribute name="CPU Util currently" value="17165446464116" />
<exclusive-end id="704" timestamp="2019-06-17T03:28:34.075" durationms="5.664" />

<exclusive-start id="705" timestamp="2019-06-17T03:28:34.100" intervalms="30.146">
  <response-info timems="0.024" idlems="0.024" threads="0" lastid="0000000001060900" lastname="Thread-7" />
</exclusive-start>
<allocation-taxation id="706" taxation-threshold="45088768" timestamp="2019-06-17T03:28:34.100" intervalms="30.078" />
<cycle-start id="707" type="partial gc" contextid="0" timestamp="2019-06-17T03:28:34.100" intervalms="29.994" />
<gc-start id="708" type="partial gc" contextid="707" timestamp="2019-06-17T03:28:34.100">
  <mem-info id="709" free="48234496" total="155189248" percent="31">
    <mem type="eden" free="0" total="45088768" percent="0" />
    <remembered-set count="25920" freebytes="6091008" totalbytes="6194688" percent="98" regionsoverflowed="0" regionsstable="3" regionsrebuilding="0"/>
  </mem-info>
</gc-start>
<allocation-stats totalBytes="45083984" >
  <allocated-bytes non-tlh="0" tlh="45083984" arrayletleaf="0"/>
  <largest-consumer threadName="Thread-9" threadId="000000000105CD00" bytes="14125600" />
</allocation-stats>
<gc-op id="710" type="copy forward" timems="3.910" contextid="707" timestamp="2019-06-17T03:28:34.105">
  <memory-copied type="eden" objects="9794" bytes="374128" bytesdiscarded="0" />
  <memory-copied type="other" objects="23497" bytes="976056" bytesdiscarded="0" />
  <memory-cardclean objects="6523" bytes="325808" />
  <regions eden="43" other="2" />
  <remembered-set-cleared processed="21795" cleared="326" durationms="0.295" />
  <stringconstants candidates="4597" cleared="0"  />
</gc-op>
<gc-op id="711" type="classunload" timems="0.002" contextid="707" timestamp="2019-06-17T03:28:34.105">
  <classunload-info classloadercandidates="8" classloadersunloaded="0" classesunloaded="0" anonymousclassesunloaded="0" quiescems="0.000" setupms="0.002" scanms="0.000" postms="0.000" />
</gc-op>
<heap-resize id="712" type="expand" space="default" amount="2097152" count="1" timems="0.071" reason="excessive time being spent in gc" timestamp="2019-06-17T03:28:34.105" />
<gc-end id="713" type="partial gc" contextid="707" durationms="5.112" usertimems="4.000" systemtimems="0.000" timestamp="2019-06-17T03:28:34.105" activeThreads="1">
  <mem-info id="714" free="94371840" total="157286400" percent="60">
    <mem type="eden" free="674448" total="1048576" percent="64" />
    <remembered-set count="26848" freebytes="6171008" totalbytes="6278400" percent="98" regionsoverflowed="0" regionsstable="3" regionsrebuilding="0"/>
  </mem-info>
</gc-end>
<cycle-end id="715" type="partial gc" contextid="707" timestamp="2019-06-17T03:28:34.105" />
  <attribute name="elasticGC enabled" value="1" />
  <attribute name= "numThreadsSpecified" value="1" />
  <attribute name="heapSize specified" value="0" />
  <attribute name="Current GC Util" value="48" />
  <attribute name= "Current Time Running" value="2376" />
  <attribute name ="GC Interval" value="0" />
  <attribute name="ProportionalT" value="42.000000" />
  <attribute name="ProportionalI" value="42.000000" />
  <attribute name="ProportionalH" value="42.000000" />
  <attribute name="Current Error" value="28.000000" />
  <attribute name="IntegralT" value="0.000000" />
  <attribute name="IntegralI" value="0.000000" />
  <attribute name="IntegralH" value="0.000000" />
  <attribute name="DerivativeT" value="inf" />
  <attribute name="DerivativeI" value="inf" />
  <attribute name="DerivativeH" value="inf" />
  <attribute name="Loop Time for DT" value="0.000000" />
  <attribute name="Output H" value="8388608"/>
  <attribute name="Output I" value="200"/>
  <attribute name="Output T" value="1"/>
  <attribute name="Target GC Util Change" value ="20.000000" />
  <attribute name="Current GC Util Change" value="48.000000"/>
  <attribute name="GC Util currently" value="48" />
  <attribute name="CPU Util currently" value="18107126779633" />
<exclusive-end id="716" timestamp="2019-06-17T03:28:34.105" durationms="5.688" />

<exclusive-start id="717" timestamp="2019-06-17T03:28:34.128" intervalms="28.253">
  <response-info timems="0.035" idlems="0.020" threads="1" lastid="0000000001064500" lastname="Thread-10" />
</exclusive-start>
<allocation-taxation id="718" taxation-threshold="46137344" timestamp="2019-06-17T03:28:34.128" intervalms="28.300" />
<cycle-start id="719" type="partial gc" contextid="0" timestamp="2019-06-17T03:28:34.128" intervalms="28.339" />
<gc-start id="720" type="partial gc" contextid="719" timestamp="2019-06-17T03:28:34.128">
  <mem-info id="721" free="48234496" total="157286400" percent="30">
    <mem type="eden" free="0" total="46137344" percent="0" />
    <remembered-set count="26528" freebytes="6172288" totalbytes="6278400" percent="98" regionsoverflowed="0" regionsstable="3" regionsrebuilding="0"/>
  </mem-info>
</gc-start>
<allocation-stats totalBytes="46132168" >
  <allocated-bytes non-tlh="0" tlh="46132168" arrayletleaf="0"/>
  <largest-consumer threadName="Thread-9" threadId="000000000105CD00" bytes="13474296" />
</allocation-stats>
<gc-op id="722" type="copy forward" timems="3.429" contextid="719" timestamp="2019-06-17T03:28:34.132">
  <memory-copied type="eden" objects="3456" bytes="84944" bytesdiscarded="0" />
  <memory-copied type="other" objects="23579" bytes="978024" bytesdiscarded="0" />
  <memory-cardclean objects="6346" bytes="332720" />
  <regions eden="44" other="2" />
  <remembered-set-cleared processed="22149" cleared="221" durationms="0.293" />
  <stringconstants candidates="4597" cleared="0"  />
</gc-op>
<gc-op id="723" type="classunload" timems="0.002" contextid="719" timestamp="2019-06-17T03:28:34.132">
  <classunload-info classloadercandidates="8" classloadersunloaded="0" classesunloaded="0" anonymousclassesunloaded="0" quiescems="0.000" setupms="0.002" scanms="0.000" postms="0.000" />
</gc-op>
<heap-resize id="724" type="expand" space="default" amount="3145728" count="1" timems="0.070" reason="excessive time being spent in gc" timestamp="2019-06-17T03:28:34.133" />
<gc-end id="725" type="partial gc" contextid="719" durationms="4.464" usertimems="4.000" systemtimems="0.000" timestamp="2019-06-17T03:28:34.133" activeThreads="1">
  <mem-info id="726" free="96468992" total="160432128" percent="60">
    <mem type="eden" free="963632" total="1048576" percent="91" />
    <remembered-set count="27296" freebytes="6294784" totalbytes="6403968" percent="98" regionsoverflowed="0" regionsstable="3" regionsrebuilding="0"/>
  </mem-info>
</gc-end>
<cycle-end id="727" type="partial gc" contextid="719" timestamp="2019-06-17T03:28:34.133" />
  <attribute name="elasticGC enabled" value="1" />
  <attribute name= "numThreadsSpecified" value="1" />
  <attribute name="heapSize specified" value="0" />
  <attribute name="Current GC Util" value="60" />
  <attribute name= "Current Time Running" value="2404" />
  <attribute name ="GC Interval" value="0" />
  <attribute name="ProportionalT" value="60.000000" />
  <attribute name="ProportionalI" value="60.000000" />
  <attribute name="ProportionalH" value="60.000000" />
  <attribute name="Current Error" value="40.000000" />
  <attribute name="IntegralT" value="0.000000" />
  <attribute name="IntegralI" value="0.000000" />
  <attribute name="IntegralH" value="0.000000" />
  <attribute name="DerivativeT" value="inf" />
  <attribute name="DerivativeI" value="inf" />
  <attribute name="DerivativeH" value="inf" />
  <attribute name="Loop Time for DT" value="0.000000" />
  <attribute name="Output H" value="8388608"/>
  <attribute name="Output I" value="200"/>
  <attribute name="Output T" value="1"/>
  <attribute name="Target GC Util Change" value ="20.000000" />
  <attribute name="Current GC Util Change" value="60.000000"/>
  <attribute name="GC Util currently" value="60" />
  <attribute name="CPU Util currently" value="22501846878717" />
<exclusive-end id="728" timestamp="2019-06-17T03:28:34.133" durationms="5.140" />

<exclusive-start id="729" timestamp="2019-06-17T03:28:34.156" intervalms="27.888">
  <response-info timems="0.035" idlems="0.035" threads="0" lastid="0000000001068100" lastname="Thread-8" />
</exclusive-start>
<allocation-taxation id="730" taxation-threshold="46137344" timestamp="2019-06-17T03:28:34.156" intervalms="27.916" />
<cycle-start id="731" type="partial gc" contextid="0" timestamp="2019-06-17T03:28:34.156" intervalms="27.951" />
<gc-start id="732" type="partial gc" contextid="731" timestamp="2019-06-17T03:28:34.156">
  <mem-info id="733" free="50331648" total="160432128" percent="31">
    <mem type="eden" free="0" total="46137344" percent="0" />
    <remembered-set count="27104" freebytes="6295552" totalbytes="6403968" percent="98" regionsoverflowed="0" regionsstable="3" regionsrebuilding="0"/>
  </mem-info>
</gc-start>
<allocation-stats totalBytes="46132184" >
  <allocated-bytes non-tlh="0" tlh="46132184" arrayletleaf="0"/>
  <largest-consumer threadName="Thread-9" threadId="000000000105CD00" bytes="14223912" />
</allocation-stats>
<gc-op id="734" type="copy forward" timems="2.290" contextid="731" timestamp="2019-06-17T03:28:34.159">
  <memory-copied type="eden" objects="3298" bytes="80512" bytesdiscarded="3928" />
  <memory-copied type="other" objects="12575" bytes="439176" bytesdiscarded="16768" />
  <memory-cardclean objects="10299" bytes="537392" />
  <regions eden="44" other="2" />
  <remembered-set-cleared processed="22590" cleared="187" durationms="0.170" />
  <stringconstants candidates="4597" cleared="0"  />
</gc-op>
<gc-op id="735" type="classunload" timems="0.002" contextid="731" timestamp="2019-06-17T03:28:34.160">
  <classunload-info classloadercandidates="8" classloadersunloaded="0" classesunloaded="0" anonymousclassesunloaded="0" quiescems="0.000" setupms="0.002" scanms="0.000" postms="0.000" />
</gc-op>
<heap-resize id="736" type="expand" space="default" amount="2097152" count="1" timems="0.076" reason="excessive time being spent in gc" timestamp="2019-06-17T03:28:34.160" />
<gc-end id="737" type="partial gc" contextid="731" durationms="3.626" usertimems="0.000" systemtimems="4.000" timestamp="2019-06-17T03:28:34.160" activeThreads="4">
  <mem-info id="738" free="97517568" total="162529280" percent="60">
    <mem type="eden" free="964136" total="1048576" percent="91" />
    <remembered-set count="27360" freebytes="6378240" totalbytes="6487680" percent="98" regionsoverflowed="0" regionsstable="3" regionsrebuilding="0"/>
  </mem-info>
</gc-end>
<cycle-end id="739" type="partial gc" contextid="731" timestamp="2019-06-17T03:28:34.160" />
  <attribute name="elasticGC enabled" value="1" />
  <attribute name= "numThreadsSpecified" value="4" />
  <attribute name="heapSize specified" value="0" />
  <attribute name="Current GC Util" value="49" />
  <attribute name= "Current Time Running" value="2433" />
  <attribute name ="GC Interval" value="0" />
  <attribute name="ProportionalT" value="43.500000" />
  <attribute name="ProportionalI" value="43.500000" />
  <attribute name="ProportionalH" value="43.500000" />
  <attribute name="Current Error" value="29.000000" />
  <attribute name="IntegralT" value="29.000000" />
  <attribute name="IntegralI" value="29.000000" />
  <attribute name="IntegralH" value="29.000000" />
  <attribute name="DerivativeT" value="43.500000" />
  <attribute name="DerivativeI" value="43.500000" />
  <attribute name="DerivativeH" value="43.500000" />
  <attribute name="Loop Time for DT" value="1.000000" />
  <attribute name="Output H" value="8388608"/>
  <attribute name="Output I" value="200"/>
  <attribute name="Output T" value="4"/>
  <attribute name="Target GC Util Change" value ="20.000000" />
  <attribute name="Current GC Util Change" value="49.000000"/>
  <attribute name="GC Util currently" value="49" />
  <attribute name="CPU Util currently" value="14994963443680" />
<exclusive-end id="740" timestamp="2019-06-17T03:28:34.160" durationms="4.524" />

<exclusive-start id="741" timestamp="2019-06-17T03:28:34.182" intervalms="25.775">
  <response-info timems="0.043" idlems="0.043" threads="0" lastid="000000000105CD00" lastname="Thread-9" />
</exclusive-start>
<allocation-taxation id="742" taxation-threshold="47185920" timestamp="2019-06-17T03:28:34.182" intervalms="25.741" />
<cycle-start id="743" type="partial gc" contextid="0" timestamp="2019-06-17T03:28:34.182" intervalms="25.667" />
<gc-start id="744" type="partial gc" contextid="743" timestamp="2019-06-17T03:28:34.182">
  <mem-info id="745" free="50331648" total="162529280" percent="30">
    <mem type="eden" free="0" total="47185920" percent="0" />
    <remembered-set count="27360" freebytes="6378240" totalbytes="6487680" percent="98" regionsoverflowed="0" regionsstable="3" regionsrebuilding="0"/>
  </mem-info>
</gc-start>
<allocation-stats totalBytes="47180320" >
  <allocated-bytes non-tlh="0" tlh="47180320" arrayletleaf="0"/>
  <largest-consumer threadName="Thread-8" threadId="0000000001068100" bytes="14039352" />
</allocation-stats>
<gc-op id="746" type="copy forward" timems="2.956" contextid="743" timestamp="2019-06-17T03:28:34.185">
  <memory-copied type="eden" objects="10913" bytes="401336" bytesdiscarded="0" />
  <memory-copied type="other" objects="6143" bytes="147432" bytesdiscarded="0" />
  <memory-cardclean objects="12291" bytes="613280" />
  <regions eden="45" other="2" />
  <remembered-set-cleared processed="23185" cleared="223" durationms="0.302" />
  <stringconstants candidates="4597" cleared="0"  />
</gc-op>
<gc-op id="747" type="classunload" timems="0.002" contextid="743" timestamp="2019-06-17T03:28:34.186">
  <classunload-info classloadercandidates="8" classloadersunloaded="0" classesunloaded="0" anonymousclassesunloaded="0" quiescems="0.000" setupms="0.002" scanms="0.000" postms="0.000" />
</gc-op>
<heap-resize id="748" type="expand" space="default" amount="3145728" count="1" timems="0.071" reason="excessive time being spent in gc" timestamp="2019-06-17T03:28:34.186" />
<gc-end id="749" type="partial gc" contextid="743" durationms="4.018" usertimems="4.000" systemtimems="0.000" timestamp="2019-06-17T03:28:34.186" activeThreads="1">
  <mem-info id="750" free="99614720" total="165675008" percent="60">
    <mem type="eden" free="647240" total="1048576" percent="61" />
    <remembered-set count="27936" freebytes="6501504" totalbytes="6613248" percent="98" regionsoverflowed="0" regionsstable="3" regionsrebuilding="0"/>
  </mem-info>
</gc-end>
<cycle-end id="751" type="partial gc" contextid="743" timestamp="2019-06-17T03:28:34.186" />
  <attribute name="elasticGC enabled" value="1" />
  <attribute name= "numThreadsSpecified" value="1" />
  <attribute name="heapSize specified" value="0" />
  <attribute name="Current GC Util" value="48" />
  <attribute name= "Current Time Running" value="2458" />
  <attribute name ="GC Interval" value="0" />
  <attribute name="ProportionalT" value="42.000000" />
  <attribute name="ProportionalI" value="42.000000" />
  <attribute name="ProportionalH" value="42.000000" />
  <attribute name="Current Error" value="28.000000" />
  <attribute name="IntegralT" value="0.000000" />
  <attribute name="IntegralI" value="0.000000" />
  <attribute name="IntegralH" value="0.000000" />
  <attribute name="DerivativeT" value="inf" />
  <attribute name="DerivativeI" value="inf" />
  <attribute name="DerivativeH" value="inf" />
  <attribute name="Loop Time for DT" value="0.000000" />
  <attribute name="Output H" value="8388608"/>
  <attribute name="Output I" value="200"/>
  <attribute name="Output T" value="1"/>
  <attribute name="Target GC Util Change" value ="20.000000" />
  <attribute name="Current GC Util Change" value="48.000000"/>
  <attribute name="GC Util currently" value="48" />
  <attribute name="CPU Util currently" value="20901878722782" />
<exclusive-end id="752" timestamp="2019-06-17T03:28:34.186" durationms="4.694" />

<exclusive-start id="753" timestamp="2019-06-17T03:28:34.209" intervalms="27.181">
  <response-info timems="0.036" idlems="0.036" threads="0" lastid="000000000105CD00" lastname="Thread-9" />
</exclusive-start>
<allocation-taxation id="754" taxation-threshold="47185920" timestamp="2019-06-17T03:28:34.209" intervalms="27.221" />
<cycle-start id="755" type="partial gc" contextid="0" timestamp="2019-06-17T03:28:34.209" intervalms="27.222" />
<gc-start id="756" type="partial gc" contextid="755" timestamp="2019-06-17T03:28:34.209">
  <mem-info id="757" free="52428800" total="165675008" percent="31">
    <mem type="eden" free="0" total="47185920" percent="0" />
    <remembered-set count="27904" freebytes="6501632" totalbytes="6613248" percent="98" regionsoverflowed="0" regionsstable="3" regionsrebuilding="0"/>
  </mem-info>
</gc-start>
<allocation-stats totalBytes="47180064" >
  <allocated-bytes non-tlh="0" tlh="47180064" arrayletleaf="0"/>
  <largest-consumer threadName="Thread-9" threadId="000000000105CD00" bytes="14567760" />
</allocation-stats>
<gc-op id="758" type="copy forward" timems="3.857" contextid="755" timestamp="2019-06-17T03:28:34.214">
  <memory-copied type="eden" objects="18313" bytes="766520" bytesdiscarded="0" />
  <memory-copied type="other" objects="13607" bytes="463944" bytesdiscarded="0" />
  <memory-cardclean objects="12367" bytes="610208" />
  <regions eden="45" other="2" />
  <remembered-set-cleared processed="23746" cleared="348" durationms="0.310" />
  <stringconstants candidates="4597" cleared="0"  />
</gc-op>
<gc-op id="759" type="classunload" timems="0.003" contextid="755" timestamp="2019-06-17T03:28:34.214">
  <classunload-info classloadercandidates="8" classloadersunloaded="0" classesunloaded="0" anonymousclassesunloaded="0" quiescems="0.000" setupms="0.003" scanms="0.000" postms="0.000" />
</gc-op>
<heap-resize id="760" type="expand" space="default" amount="2097152" count="1" timems="0.065" reason="excessive time being spent in gc" timestamp="2019-06-17T03:28:34.214" />
<gc-end id="761" type="partial gc" contextid="755" durationms="4.932" usertimems="4.000" systemtimems="0.000" timestamp="2019-06-17T03:28:34.214" activeThreads="1">
  <mem-info id="762" free="100663296" total="167772160" percent="60">
    <mem type="eden" free="282056" total="1048576" percent="26" />
    <remembered-set count="28928" freebytes="6581248" totalbytes="6696960" percent="98" regionsoverflowed="0" regionsstable="3" regionsrebuilding="0"/>
  </mem-info>
</gc-end>
<cycle-end id="763" type="partial gc" contextid="755" timestamp="2019-06-17T03:28:34.214" />
  <attribute name="elasticGC enabled" value="1" />
  <attribute name= "numThreadsSpecified" value="1" />
  <attribute name="heapSize specified" value="0" />
  <attribute name="Current GC Util" value="62" />
  <attribute name= "Current Time Running" value="2485" />
  <attribute name ="GC Interval" value="0" />
  <attribute name="ProportionalT" value="63.000000" />
  <attribute name="ProportionalI" value="63.000000" />
  <attribute name="ProportionalH" value="63.000000" />
  <attribute name="Current Error" value="42.000000" />
  <attribute name="IntegralT" value="0.000000" />
  <attribute name="IntegralI" value="0.000000" />
  <attribute name="IntegralH" value="0.000000" />
  <attribute name="DerivativeT" value="inf" />
  <attribute name="DerivativeI" value="inf" />
  <attribute name="DerivativeH" value="inf" />
  <attribute name="Loop Time for DT" value="0.000000" />
  <attribute name="Output H" value="8388608"/>
  <attribute name="Output I" value="200"/>
  <attribute name="Output T" value="1"/>
  <attribute name="Target GC Util Change" value ="20.000000" />
  <attribute name="Current GC Util Change" value="62.000000"/>
  <attribute name="GC Util currently" value="62" />
  <attribute name="CPU Util currently" value="20153768215445" />
<exclusive-end id="764" timestamp="2019-06-17T03:28:34.214" durationms="5.678" />

<exclusive-start id="765" timestamp="2019-06-17T03:28:34.241" intervalms="32.595">
  <response-info timems="0.043" idlems="0.043" threads="0" lastid="0000000001060900" lastname="Thread-7" />
</exclusive-start>
<allocation-taxation id="766" taxation-threshold="48234496" timestamp="2019-06-17T03:28:34.241" intervalms="32.529" />
<cycle-start id="767" type="partial gc" contextid="0" timestamp="2019-06-17T03:28:34.242" intervalms="32.532" />
<gc-start id="768" type="partial gc" contextid="767" timestamp="2019-06-17T03:28:34.242">
  <mem-info id="769" free="52428800" total="167772160" percent="31">
    <mem type="eden" free="0" total="48234496" percent="0" />
    <remembered-set count="28576" freebytes="6582656" totalbytes="6696960" percent="98" regionsoverflowed="0" regionsstable="3" regionsrebuilding="0"/>
  </mem-info>
</gc-start>
<allocation-stats totalBytes="48228744" >
  <allocated-bytes non-tlh="0" tlh="48228744" arrayletleaf="0"/>
  <largest-consumer threadName="Thread-7" threadId="0000000001060900" bytes="13711736" />
</allocation-stats>
<gc-op id="770" type="copy forward" timems="4.239" contextid="767" timestamp="2019-06-17T03:28:34.247">
  <memory-copied type="eden" objects="7959" bytes="279416" bytesdiscarded="0" />
  <memory-copied type="other" objects="28633" bytes="1149984" bytesdiscarded="0" />
  <memory-cardclean objects="8970" bytes="447776" />
  <regions eden="46" other="2" />
  <remembered-set-cleared processed="24303" cleared="356" durationms="0.318" />
  <stringconstants candidates="4597" cleared="0"  />
</gc-op>
<gc-op id="771" type="classunload" timems="0.002" contextid="767" timestamp="2019-06-17T03:28:34.247">
  <classunload-info classloadercandidates="8" classloadersunloaded="0" classesunloaded="0" anonymousclassesunloaded="0" quiescems="0.000" setupms="0.002" scanms="0.000" postms="0.000" />
</gc-op>
<heap-resize id="772" type="expand" space="default" amount="3145728" count="1" timems="0.069" reason="excessive time being spent in gc" timestamp="2019-06-17T03:28:34.247" />
<gc-end id="773" type="partial gc" contextid="767" durationms="5.315" usertimems="4.000" systemtimems="0.000" timestamp="2019-06-17T03:28:34.247" activeThreads="1">
  <mem-info id="774" free="102760448" total="170917888" percent="60">
    <mem type="eden" free="769160" total="1048576" percent="73" />
    <remembered-set count="29472" freebytes="6704640" totalbytes="6822528" percent="98" regionsoverflowed="0" regionsstable="3" regionsrebuilding="0"/>
  </mem-info>
</gc-end>
<cycle-end id="775" type="partial gc" contextid="767" timestamp="2019-06-17T03:28:34.247" />
  <attribute name="elasticGC enabled" value="1" />
  <attribute name= "numThreadsSpecified" value="1" />
  <attribute name="heapSize specified" value="0" />
  <attribute name="Current GC Util" value="63" />
  <attribute name= "Current Time Running" value="2518" />
  <attribute name ="GC Interval" value="0" />
  <attribute name="ProportionalT" value="64.500000" />
  <attribute name="ProportionalI" value="64.500000" />
  <attribute name="ProportionalH" value="64.500000" />
  <attribute name="Current Error" value="43.000000" />
  <attribute name="IntegralT" value="0.000000" />
  <attribute name="IntegralI" value="0.000000" />
  <attribute name="IntegralH" value="0.000000" />
  <attribute name="DerivativeT" value="inf" />
  <attribute name="DerivativeI" value="inf" />
  <attribute name="DerivativeH" value="inf" />
  <attribute name="Loop Time for DT" value="0.000000" />
  <attribute name="Output H" value="8388608"/>
  <attribute name="Output I" value="200"/>
  <attribute name="Output T" value="1"/>
  <attribute name="Target GC Util Change" value ="20.000000" />
  <attribute name="Current GC Util Change" value="63.000000"/>
  <attribute name="GC Util currently" value="63" />
  <attribute name="CPU Util currently" value="19730066492002" />
<exclusive-end id="776" timestamp="2019-06-17T03:28:34.247" durationms="6.075" />

<exclusive-start id="777" timestamp="2019-06-17T03:28:34.274" intervalms="32.798">
  <response-info timems="0.023" idlems="0.023" threads="0" lastid="0000000001064500" lastname="Thread-10" />
</exclusive-start>
<allocation-taxation id="778" taxation-threshold="49283072" timestamp="2019-06-17T03:28:34.274" intervalms="32.849" />
<cycle-start id="779" type="partial gc" contextid="0" timestamp="2019-06-17T03:28:34.274" intervalms="32.923" />
<gc-start id="780" type="partial gc" contextid="779" timestamp="2019-06-17T03:28:34.275">
  <mem-info id="781" free="53477376" total="170917888" percent="31">
    <mem type="eden" free="0" total="49283072" percent="0" />
    <remembered-set count="29056" freebytes="6706304" totalbytes="6822528" percent="98" regionsoverflowed="0" regionsstable="3" regionsrebuilding="0"/>
  </mem-info>
</gc-start>
<allocation-stats totalBytes="49277592" >
  <allocated-bytes non-tlh="0" tlh="49277592" arrayletleaf="0"/>
  <largest-consumer threadName="Thread-9" threadId="000000000105CD00" bytes="12552792" />
</allocation-stats>
<gc-op id="782" type="copy forward" timems="3.551" contextid="779" timestamp="2019-06-17T03:28:34.279">
  <memory-copied type="eden" objects="9832" bytes="374936" bytesdiscarded="0" />
  <memory-copied type="other" objects="18988" bytes="730464" bytesdiscarded="0" />
  <memory-cardclean objects="7460" bytes="390248" />
  <regions eden="47" other="2" />
  <remembered-set-cleared processed="24915" cleared="278" durationms="0.318" />
  <stringconstants candidates="4597" cleared="0"  />
</gc-op>
<gc-op id="783" type="classunload" timems="0.002" contextid="779" timestamp="2019-06-17T03:28:34.279">
  <classunload-info classloadercandidates="8" classloadersunloaded="0" classesunloaded="0" anonymousclassesunloaded="0" quiescems="0.000" setupms="0.002" scanms="0.000" postms="0.000" />
</gc-op>
<heap-resize id="784" type="expand" space="default" amount="2097152" count="1" timems="0.061" reason="excessive time being spent in gc" timestamp="2019-06-17T03:28:34.279" />
<gc-end id="785" type="partial gc" contextid="779" durationms="4.588" usertimems="4.000" systemtimems="0.000" timestamp="2019-06-17T03:28:34.279" activeThreads="1">
  <mem-info id="786" free="103809024" total="173015040" percent="60">
    <mem type="eden" free="673640" total="1048576" percent="64" />
    <remembered-set count="29696" freebytes="6787456" totalbytes="6906240" percent="98" regionsoverflowed="0" regionsstable="3" regionsrebuilding="0"/>
  </mem-info>
</gc-end>
<cycle-end id="787" type="partial gc" contextid="779" timestamp="2019-06-17T03:28:34.279" />
  <attribute name="elasticGC enabled" value="1" />
  <attribute name= "numThreadsSpecified" value="1" />
  <attribute name="heapSize specified" value="0" />
  <attribute name="Current GC Util" value="60" />
  <attribute name= "Current Time Running" value="2551" />
  <attribute name ="GC Interval" value="0" />
  <attribute name="ProportionalT" value="60.000000" />
  <attribute name="ProportionalI" value="60.000000" />
  <attribute name="ProportionalH" value="60.000000" />
  <attribute name="Current Error" value="40.000000" />
  <attribute name="IntegralT" value="0.000000" />
  <attribute name="IntegralI" value="0.000000" />
  <attribute name="IntegralH" value="0.000000" />
  <attribute name="DerivativeT" value="inf" />
  <attribute name="DerivativeI" value="inf" />
  <attribute name="DerivativeH" value="inf" />
  <attribute name="Loop Time for DT" value="0.000000" />
  <attribute name="Output H" value="8388608"/>
  <attribute name="Output I" value="200"/>
  <attribute name="Output T" value="1"/>
  <attribute name="Target GC Util Change" value ="20.000000" />
  <attribute name="Current GC Util Change" value="60.000000"/>
  <attribute name="GC Util currently" value="60" />
  <attribute name="CPU Util currently" value="22188528787101" />
<exclusive-end id="788" timestamp="2019-06-17T03:28:34.279" durationms="5.310" />

<exclusive-start id="789" timestamp="2019-06-17T03:28:34.306" intervalms="31.925">
  <response-info timems="0.035" idlems="0.035" threads="0" lastid="0000000001060900" lastname="Thread-7" />
</exclusive-start>
<allocation-taxation id="790" taxation-threshold="49283072" timestamp="2019-06-17T03:28:34.306" intervalms="31.902" />
<cycle-start id="791" type="partial gc" contextid="0" timestamp="2019-06-17T03:28:34.306" intervalms="31.830" />
<gc-start id="792" type="partial gc" contextid="791" timestamp="2019-06-17T03:28:34.306">
  <mem-info id="793" free="54525952" total="173015040" percent="31">
    <mem type="eden" free="0" total="49283072" percent="0" />
    <remembered-set count="29408" freebytes="6788608" totalbytes="6906240" percent="98" regionsoverflowed="0" regionsstable="3" regionsrebuilding="0"/>
  </mem-info>
</gc-start>
<allocation-stats totalBytes="49277048" >
  <allocated-bytes non-tlh="0" tlh="49277048" arrayletleaf="0"/>
  <largest-consumer threadName="Thread-7" threadId="0000000001060900" bytes="14285184" />
</allocation-stats>
<gc-op id="794" type="copy forward" timems="2.264" contextid="791" timestamp="2019-06-17T03:28:34.309">
  <memory-copied type="eden" objects="16867" bytes="681608" bytesdiscarded="31872" />
  <memory-copied type="other" objects="4053" bytes="97272" bytesdiscarded="1032" />
  <memory-cardclean objects="8573" bytes="454520" />
  <regions eden="47" other="2" />
  <remembered-set-cleared processed="25570" cleared="71" durationms="0.169" />
  <stringconstants candidates="4597" cleared="0"  />
</gc-op>
<gc-op id="795" type="classunload" timems="0.003" contextid="791" timestamp="2019-06-17T03:28:34.309">
  <classunload-info classloadercandidates="8" classloadersunloaded="0" classesunloaded="0" anonymousclassesunloaded="0" quiescems="0.000" setupms="0.002" scanms="0.000" postms="0.000" />
</gc-op>
<heap-resize id="796" type="expand" space="default" amount="3145728" count="1" timems="0.071" reason="excessive time being spent in gc" timestamp="2019-06-17T03:28:34.310" />
<gc-end id="797" type="partial gc" contextid="791" durationms="3.234" usertimems="0.000" systemtimems="4.000" timestamp="2019-06-17T03:28:34.310" activeThreads="4">
  <mem-info id="798" free="105906176" total="176160768" percent="60">
    <mem type="eden" free="335096" total="1048576" percent="31" />
    <remembered-set count="29600" freebytes="6913408" totalbytes="7031808" percent="98" regionsoverflowed="0" regionsstable="3" regionsrebuilding="0"/>
  </mem-info>
</gc-end>
<cycle-end id="799" type="partial gc" contextid="791" timestamp="2019-06-17T03:28:34.310" />
  <attribute name="elasticGC enabled" value="1" />
  <attribute name= "numThreadsSpecified" value="4" />
  <attribute name="heapSize specified" value="0" />
  <attribute name="Current GC Util" value="60" />
  <attribute name= "Current Time Running" value="2583" />
  <attribute name ="GC Interval" value="0" />
  <attribute name="ProportionalT" value="60.000000" />
  <attribute name="ProportionalI" value="60.000000" />
  <attribute name="ProportionalH" value="60.000000" />
  <attribute name="Current Error" value="40.000000" />
  <attribute name="IntegralT" value="40.000000" />
  <attribute name="IntegralI" value="40.000000" />
  <attribute name="IntegralH" value="40.000000" />
  <attribute name="DerivativeT" value="60.000000" />
  <attribute name="DerivativeI" value="60.000000" />
  <attribute name="DerivativeH" value="60.000000" />
  <attribute name="Loop Time for DT" value="1.000000" />
  <attribute name="Output H" value="8388608"/>
  <attribute name="Output I" value="200"/>
  <attribute name="Output T" value="4"/>
  <attribute name="Target GC Util Change" value ="20.000000" />
  <attribute name="Current GC Util Change" value="60.000000"/>
  <attribute name="GC Util currently" value="60" />
  <attribute name="CPU Util currently" value="19985811411256" />
<exclusive-end id="800" timestamp="2019-06-17T03:28:34.310" durationms="3.897" />

<exclusive-start id="801" timestamp="2019-06-17T03:28:34.345" intervalms="39.087">
  <response-info timems="0.076" idlems="0.041" threads="1" lastid="0000000001064500" lastname="Thread-10" />
</exclusive-start>
<allocation-taxation id="802" taxation-threshold="50331648" timestamp="2019-06-17T03:28:34.345" intervalms="39.124" />
<cycle-start id="803" type="partial gc" contextid="0" timestamp="2019-06-17T03:28:34.345" intervalms="39.135" />
<gc-start id="804" type="partial gc" contextid="803" timestamp="2019-06-17T03:28:34.346">
  <mem-info id="805" free="55574528" total="176160768" percent="31">
    <mem type="eden" free="0" total="50331648" percent="0" />
    <remembered-set count="29600" freebytes="6913408" totalbytes="7031808" percent="98" regionsoverflowed="0" regionsstable="3" regionsrebuilding="0"/>
  </mem-info>
</gc-start>
<allocation-stats totalBytes="50326368" >
  <allocated-bytes non-tlh="0" tlh="50326368" arrayletleaf="0"/>
  <largest-consumer threadName="Thread-7" threadId="0000000001060900" bytes="18045072" />
</allocation-stats>
<gc-op id="806" type="copy forward" timems="2.712" contextid="803" timestamp="2019-06-17T03:28:34.349">
  <memory-copied type="eden" objects="12768" bytes="582984" bytesdiscarded="0" />
  <memory-copied type="other" objects="6031" bytes="144744" bytesdiscarded="0" />
  <memory-cardclean objects="7928" bytes="385544" />
  <regions eden="48" other="2" />
  <remembered-set-cleared processed="25963" cleared="203" durationms="0.330" />
  <stringconstants candidates="4597" cleared="0"  />
</gc-op>
<gc-op id="807" type="classunload" timems="0.003" contextid="803" timestamp="2019-06-17T03:28:34.349">
  <classunload-info classloadercandidates="8" classloadersunloaded="0" classesunloaded="0" anonymousclassesunloaded="0" quiescems="0.000" setupms="0.003" scanms="0.000" postms="0.000" />
</gc-op>
<heap-resize id="808" type="expand" space="default" amount="2097152" count="1" timems="0.072" reason="excessive time being spent in gc" timestamp="2019-06-17T03:28:34.349" />
<gc-end id="809" type="partial gc" contextid="803" durationms="3.782" usertimems="4.000" systemtimems="0.000" timestamp="2019-06-17T03:28:34.349" activeThreads="1">
  <mem-info id="810" free="106954752" total="178257920" percent="60">
    <mem type="eden" free="465592" total="1048576" percent="44" />
    <remembered-set count="29984" freebytes="6995584" totalbytes="7115520" percent="98" regionsoverflowed="0" regionsstable="3" regionsrebuilding="0"/>
  </mem-info>
</gc-end>
<cycle-end id="811" type="partial gc" contextid="803" timestamp="2019-06-17T03:28:34.350" />
  <attribute name="elasticGC enabled" value="1" />
  <attribute name= "numThreadsSpecified" value="1" />
  <attribute name="heapSize specified" value="0" />
  <attribute name="Current GC Util" value="50" />
  <attribute name= "Current Time Running" value="2622" />
  <attribute name ="GC Interval" value="0" />
  <attribute name="ProportionalT" value="45.000000" />
  <attribute name="ProportionalI" value="45.000000" />
  <attribute name="ProportionalH" value="45.000000" />
  <attribute name="Current Error" value="30.000000" />
  <attribute name="IntegralT" value="0.000000" />
  <attribute name="IntegralI" value="0.000000" />
  <attribute name="IntegralH" value="0.000000" />
  <attribute name="DerivativeT" value="inf" />
  <attribute name="DerivativeI" value="inf" />
  <attribute name="DerivativeH" value="inf" />
  <attribute name="Loop Time for DT" value="0.000000" />
  <attribute name="Output H" value="8388608"/>
  <attribute name="Output I" value="200"/>
  <attribute name="Output T" value="1"/>
  <attribute name="Target GC Util Change" value ="20.000000" />
  <attribute name="Current GC Util Change" value="50.000000"/>
  <attribute name="GC Util currently" value="50" />
  <attribute name="CPU Util currently" value="19703007824422" />
<exclusive-end id="812" timestamp="2019-06-17T03:28:34.350" durationms="4.620" />

<exclusive-start id="813" timestamp="2019-06-17T03:28:34.393" intervalms="47.494">
  <response-info timems="0.071" idlems="0.071" threads="0" lastid="0000000001060900" lastname="Thread-7" />
</exclusive-start>
<allocation-taxation id="814" taxation-threshold="50331648" timestamp="2019-06-17T03:28:34.393" intervalms="47.479" />
<cycle-start id="815" type="partial gc" contextid="0" timestamp="2019-06-17T03:28:34.393" intervalms="47.473" />
<gc-start id="816" type="partial gc" contextid="815" timestamp="2019-06-17T03:28:34.393">
  <mem-info id="817" free="56623104" total="178257920" percent="31">
    <mem type="eden" free="0" total="50331648" percent="0" />
    <remembered-set count="29856" freebytes="6996096" totalbytes="7115520" percent="98" regionsoverflowed="0" regionsstable="3" regionsrebuilding="0"/>
  </mem-info>
</gc-start>
<allocation-stats totalBytes="50326096" >
  <allocated-bytes non-tlh="0" tlh="50326096" arrayletleaf="0"/>
  <largest-consumer threadName="Thread-9" threadId="000000000105CD00" bytes="20191104" />
</allocation-stats>
<gc-op id="818" type="copy forward" timems="3.449" contextid="815" timestamp="2019-06-17T03:28:34.397">
  <memory-copied type="eden" objects="18407" bytes="717992" bytesdiscarded="0" />
  <memory-copied type="other" objects="10012" bytes="377664" bytesdiscarded="0" />
  <memory-cardclean objects="8571" bytes="420032" />
  <regions eden="48" other="2" />
  <remembered-set-cleared processed="26349" cleared="270" durationms="0.337" />
  <stringconstants candidates="4597" cleared="0"  />
</gc-op>
<gc-op id="819" type="classunload" timems="0.003" contextid="815" timestamp="2019-06-17T03:28:34.397">
  <classunload-info classloadercandidates="8" classloadersunloaded="0" classesunloaded="0" anonymousclassesunloaded="0" quiescems="0.000" setupms="0.002" scanms="0.000" postms="0.000" />
</gc-op>
<gc-end id="820" type="partial gc" contextid="815" durationms="4.463" usertimems="4.000" systemtimems="0.000" timestamp="2019-06-17T03:28:34.398" activeThreads="1">
  <mem-info id="821" free="105906176" total="178257920" percent="59">
    <mem type="eden" free="330584" total="1048576" percent="31" />
    <remembered-set count="30816" freebytes="6992256" totalbytes="7115520" percent="98" regionsoverflowed="0" regionsstable="3" regionsrebuilding="0"/>
  </mem-info>
</gc-end>
<cycle-end id="822" type="partial gc" contextid="815" timestamp="2019-06-17T03:28:34.398" />
  <attribute name="elasticGC enabled" value="1" />
  <attribute name= "numThreadsSpecified" value="1" />
  <attribute name="heapSize specified" value="0" />
  <attribute name="Current GC Util" value="60" />
  <attribute name= "Current Time Running" value="2669" />
  <attribute name ="GC Interval" value="0" />
  <attribute name="ProportionalT" value="60.000000" />
  <attribute name="ProportionalI" value="60.000000" />
  <attribute name="ProportionalH" value="60.000000" />
  <attribute name="Current Error" value="40.000000" />
  <attribute name="IntegralT" value="0.000000" />
  <attribute name="IntegralI" value="0.000000" />
  <attribute name="IntegralH" value="0.000000" />
  <attribute name="DerivativeT" value="inf" />
  <attribute name="DerivativeI" value="inf" />
  <attribute name="DerivativeH" value="inf" />
  <attribute name="Loop Time for DT" value="0.000000" />
  <attribute name="Output H" value="8388608"/>
  <attribute name="Output I" value="200"/>
  <attribute name="Output T" value="1"/>
  <attribute name="Target GC Util Change" value ="20.000000" />
  <attribute name="Current GC Util Change" value="60.000000"/>
  <attribute name="GC Util currently" value="60" />
  <attribute name="CPU Util currently" value="16062995511269" />
<exclusive-end id="823" timestamp="2019-06-17T03:28:34.398" durationms="5.346" />

<exclusive-start id="824" timestamp="2019-06-17T03:28:34.434" intervalms="41.374">
  <response-info timems="0.032" idlems="0.032" threads="0" lastid="000000000105CD00" lastname="Thread-9" />
</exclusive-start>
<allocation-taxation id="825" taxation-threshold="50331648" timestamp="2019-06-17T03:28:34.434" intervalms="41.379" />
<cycle-start id="826" type="partial gc" contextid="0" timestamp="2019-06-17T03:28:34.434" intervalms="41.416" />
<gc-start id="827" type="partial gc" contextid="826" timestamp="2019-06-17T03:28:34.434">
  <mem-info id="828" free="55574528" total="178257920" percent="31">
    <mem type="eden" free="0" total="50331648" percent="0" />
    <remembered-set count="30336" freebytes="6994176" totalbytes="7115520" percent="98" regionsoverflowed="0" regionsstable="3" regionsrebuilding="0"/>
  </mem-info>
</gc-start>
<allocation-stats totalBytes="50325880" >
  <allocated-bytes non-tlh="0" tlh="50325880" arrayletleaf="0"/>
  <largest-consumer threadName="Thread-9" threadId="000000000105CD00" bytes="20059872" />
</allocation-stats>
<gc-op id="829" type="copy forward" timems="2.201" contextid="826" timestamp="2019-06-17T03:28:34.437">
  <memory-copied type="eden" objects="10377" bytes="387496" bytesdiscarded="4560" />
  <memory-copied type="other" objects="15363" bytes="643464" bytesdiscarded="6224" />
  <memory-cardclean objects="5498" bytes="268952" />
  <regions eden="48" other="2" />
  <remembered-set-cleared processed="26837" cleared="184" durationms="0.167" />
  <stringconstants candidates="4597" cleared="0"  />
</gc-op>
<gc-op id="830" type="classunload" timems="0.003" contextid="826" timestamp="2019-06-17T03:28:34.437">
  <classunload-info classloadercandidates="8" classloadersunloaded="0" classesunloaded="0" anonymousclassesunloaded="0" quiescems="0.000" setupms="0.003" scanms="0.000" postms="0.000" />
</gc-op>
<gc-end id="831" type="partial gc" contextid="826" durationms="3.027" usertimems="4.000" systemtimems="4.000" timestamp="2019-06-17T03:28:34.437" activeThreads="4">
  <mem-info id="832" free="104857600" total="178257920" percent="58">
    <mem type="eden" free="656520" total="1048576" percent="62" />
    <remembered-set count="31872" freebytes="6988032" totalbytes="7115520" percent="98" regionsoverflowed="0" regionsstable="3" regionsrebuilding="0"/>
  </mem-info>
</gc-end>
<cycle-end id="833" type="partial gc" contextid="826" timestamp="2019-06-17T03:28:34.438" />
  <attribute name="elasticGC enabled" value="1" />
  <attribute name= "numThreadsSpecified" value="4" />
  <attribute name="heapSize specified" value="0" />
  <attribute name="Current GC Util" value="66" />
  <attribute name= "Current Time Running" value="2711" />
  <attribute name ="GC Interval" value="0" />
  <attribute name="ProportionalT" value="69.000000" />
  <attribute name="ProportionalI" value="69.000000" />
  <attribute name="ProportionalH" value="69.000000" />
  <attribute name="Current Error" value="46.000000" />
  <attribute name="IntegralT" value="46.000000" />
  <attribute name="IntegralI" value="46.000000" />
  <attribute name="IntegralH" value="46.000000" />
  <attribute name="DerivativeT" value="69.000000" />
  <attribute name="DerivativeI" value="69.000000" />
  <attribute name="DerivativeH" value="69.000000" />
  <attribute name="Loop Time for DT" value="1.000000" />
  <attribute name="Output H" value="8388608"/>
  <attribute name="Output I" value="200"/>
  <attribute name="Output T" value="4"/>
  <attribute name="Target GC Util Change" value ="20.000000" />
  <attribute name="Current GC Util Change" value="66.000000"/>
  <attribute name="GC Util currently" value="66" />
  <attribute name="CPU Util currently" value="21862859579739" />
<exclusive-end id="834" timestamp="2019-06-17T03:28:34.438" durationms="3.699" />

<exclusive-start id="835" timestamp="2019-06-17T03:28:34.469" intervalms="35.115">
  <response-info timems="1.216" idlems="0.618" threads="1" lastid="0000000001060900" lastname="Thread-7" />
</exclusive-start>
<allocation-taxation id="836" taxation-threshold="50331648" timestamp="2019-06-17T03:28:34.469" intervalms="35.106" />
<cycle-start id="837" type="partial gc" contextid="0" timestamp="2019-06-17T03:28:34.469" intervalms="35.176" />
<gc-start id="838" type="partial gc" contextid="837" timestamp="2019-06-17T03:28:34.470">
  <mem-info id="839" free="54525952" total="178257920" percent="30">
    <mem type="eden" free="0" total="50331648" percent="0" />
    <remembered-set count="31616" freebytes="6989056" totalbytes="7115520" percent="98" regionsoverflowed="0" regionsstable="3" regionsrebuilding="0"/>
  </mem-info>
</gc-start>
<allocation-stats totalBytes="50325416" >
  <allocated-bytes non-tlh="0" tlh="50325416" arrayletleaf="0"/>
  <largest-consumer threadName="Thread-9" threadId="000000000105CD00" bytes="16365520" />
</allocation-stats>
<gc-op id="840" type="copy forward" timems="4.154" contextid="837" timestamp="2019-06-17T03:28:34.475">
  <memory-copied type="eden" objects="19641" bytes="747192" bytesdiscarded="0" />
  <memory-copied type="other" objects="17385" bytes="691992" bytesdiscarded="0" />
  <memory-cardclean objects="6203" bytes="306560" />
  <regions eden="48" other="3" />
  <remembered-set-cleared processed="26839" cleared="237" durationms="0.357" />
  <stringconstants candidates="4597" cleared="0"  />
</gc-op>
<gc-op id="841" type="classunload" timems="0.003" contextid="837" timestamp="2019-06-17T03:28:34.475">
  <classunload-info classloadercandidates="8" classloadersunloaded="0" classesunloaded="0" anonymousclassesunloaded="0" quiescems="0.000" setupms="0.002" scanms="0.000" postms="0.000" />
</gc-op>
<gc-end id="842" type="partial gc" contextid="837" durationms="5.275" usertimems="8.000" systemtimems="0.000" timestamp="2019-06-17T03:28:34.475" activeThreads="1">
  <mem-info id="843" free="103809024" total="178257920" percent="58">
    <mem type="eden" free="301384" total="1048576" percent="28" />
    <remembered-set count="32384" freebytes="6985984" totalbytes="7115520" percent="98" regionsoverflowed="0" regionsstable="3" regionsrebuilding="0"/>
  </mem-info>
</gc-end>
<cycle-end id="844" type="partial gc" contextid="837" timestamp="2019-06-17T03:28:34.475" />
  <attribute name="elasticGC enabled" value="1" />
  <attribute name= "numThreadsSpecified" value="1" />
  <attribute name="heapSize specified" value="0" />
  <attribute name="Current GC Util" value="47" />
  <attribute name= "Current Time Running" value="2746" />
  <attribute name ="GC Interval" value="0" />
  <attribute name="ProportionalT" value="40.500000" />
  <attribute name="ProportionalI" value="40.500000" />
  <attribute name="ProportionalH" value="40.500000" />
  <attribute name="Current Error" value="27.000000" />
  <attribute name="IntegralT" value="0.000000" />
  <attribute name="IntegralI" value="0.000000" />
  <attribute name="IntegralH" value="0.000000" />
  <attribute name="DerivativeT" value="inf" />
  <attribute name="DerivativeI" value="inf" />
  <attribute name="DerivativeH" value="inf" />
  <attribute name="Loop Time for DT" value="0.000000" />
  <attribute name="Output H" value="8388608"/>
  <attribute name="Output I" value="200"/>
  <attribute name="Output T" value="1"/>
  <attribute name="Target GC Util Change" value ="20.000000" />
  <attribute name="Current GC Util Change" value="47.000000"/>
  <attribute name="GC Util currently" value="47" />
  <attribute name="CPU Util currently" value="17898338939048" />
<exclusive-end id="845" timestamp="2019-06-17T03:28:34.475" durationms="6.302" />

<exclusive-start id="846" timestamp="2019-06-17T03:28:34.510" intervalms="41.320">
  <response-info timems="0.053" idlems="0.053" threads="0" lastid="0000000001060900" lastname="Thread-7" />
</exclusive-start>
<allocation-taxation id="847" taxation-threshold="50331648" timestamp="2019-06-17T03:28:34.511" intervalms="41.335" />
<cycle-start id="848" type="partial gc" contextid="0" timestamp="2019-06-17T03:28:34.511" intervalms="41.236" />
<gc-start id="849" type="partial gc" contextid="848" timestamp="2019-06-17T03:28:34.511">
  <mem-info id="850" free="53477376" total="178257920" percent="30">
    <mem type="eden" free="0" total="50331648" percent="0" />
    <remembered-set count="32352" freebytes="6986112" totalbytes="7115520" percent="98" regionsoverflowed="0" regionsstable="3" regionsrebuilding="0"/>
  </mem-info>
</gc-start>
<allocation-stats totalBytes="50324784" >
  <allocated-bytes non-tlh="0" tlh="50324784" arrayletleaf="0"/>
  <largest-consumer threadName="Thread-9" threadId="000000000105CD00" bytes="17082400" />
</allocation-stats>
<gc-op id="851" type="copy forward" timems="3.734" contextid="848" timestamp="2019-06-17T03:28:34.515">
  <memory-copied type="eden" objects="21092" bytes="919904" bytesdiscarded="0" />
  <memory-copied type="other" objects="13608" bytes="463968" bytesdiscarded="0" />
  <memory-cardclean objects="6526" bytes="340976" />
  <regions eden="48" other="2" />
  <remembered-set-cleared processed="27580" cleared="243" durationms="0.351" />
  <stringconstants candidates="4597" cleared="0"  />
</gc-op>
<gc-op id="852" type="classunload" timems="0.003" contextid="848" timestamp="2019-06-17T03:28:34.516">
  <classunload-info classloadercandidates="8" classloadersunloaded="0" classesunloaded="0" anonymousclassesunloaded="0" quiescems="0.000" setupms="0.003" scanms="0.000" postms="0.000" />
</gc-op>
<gc-end id="853" type="partial gc" contextid="848" durationms="4.759" usertimems="4.000" systemtimems="0.000" timestamp="2019-06-17T03:28:34.516" activeThreads="1">
  <mem-info id="854" free="102760448" total="178257920" percent="57">
    <mem type="eden" free="128672" total="1048576" percent="12" />
    <remembered-set count="32640" freebytes="6984960" totalbytes="7115520" percent="98" regionsoverflowed="0" regionsstable="3" regionsrebuilding="0"/>
  </mem-info>
</gc-end>
<cycle-end id="855" type="partial gc" contextid="848" timestamp="2019-06-17T03:28:34.516" />
  <attribute name="elasticGC enabled" value="1" />
  <attribute name= "numThreadsSpecified" value="1" />
  <attribute name="heapSize specified" value="0" />
  <attribute name="Current GC Util" value="62" />
  <attribute name= "Current Time Running" value="2787" />
  <attribute name ="GC Interval" value="0" />
  <attribute name="ProportionalT" value="63.000000" />
  <attribute name="ProportionalI" value="63.000000" />
  <attribute name="ProportionalH" value="63.000000" />
  <attribute name="Current Error" value="42.000000" />
  <attribute name="IntegralT" value="0.000000" />
  <attribute name="IntegralI" value="0.000000" />
  <attribute name="IntegralH" value="0.000000" />
  <attribute name="DerivativeT" value="inf" />
  <attribute name="DerivativeI" value="inf" />
  <attribute name="DerivativeH" value="inf" />
  <attribute name="Loop Time for DT" value="0.000000" />
  <attribute name="Output H" value="8388608"/>
  <attribute name="Output I" value="200"/>
  <attribute name="Output T" value="1"/>
  <attribute name="Target GC Util Change" value ="20.000000" />
  <attribute name="Current GC Util Change" value="62.000000"/>
  <attribute name="GC Util currently" value="62" />
  <attribute name="CPU Util currently" value="19091028058526" />
<exclusive-end id="856" timestamp="2019-06-17T03:28:34.516" durationms="5.710" />

<exclusive-start id="857" timestamp="2019-06-17T03:28:34.543" intervalms="32.183">
  <response-info timems="0.037" idlems="0.037" threads="0" lastid="000000000105CD00" lastname="Thread-9" />
</exclusive-start>
<allocation-taxation id="858" taxation-threshold="50331648" timestamp="2019-06-17T03:28:34.543" intervalms="32.175" />
<cycle-start id="859" type="partial gc" contextid="0" timestamp="2019-06-17T03:28:34.543" intervalms="32.167" />
<gc-start id="860" type="partial gc" contextid="859" timestamp="2019-06-17T03:28:34.543">
  <mem-info id="861" free="52428800" total="178257920" percent="29">
    <mem type="eden" free="0" total="50331648" percent="0" />
    <remembered-set count="32576" freebytes="6985216" totalbytes="7115520" percent="98" regionsoverflowed="0" regionsstable="3" regionsrebuilding="0"/>
  </mem-info>
</gc-start>
<allocation-stats totalBytes="50324968" >
  <allocated-bytes non-tlh="0" tlh="50324968" arrayletleaf="0"/>
  <largest-consumer threadName="Thread-7" threadId="0000000001060900" bytes="16979840" />
</allocation-stats>
<gc-op id="862" type="copy forward" timems="3.566" contextid="859" timestamp="2019-06-17T03:28:34.547">
  <memory-copied type="eden" objects="8513" bytes="343016" bytesdiscarded="0" />
  <memory-copied type="other" objects="21123" bytes="781704" bytesdiscarded="0" />
  <memory-cardclean objects="8900" bytes="455312" />
  <regions eden="48" other="2" />
  <remembered-set-cleared processed="27853" cleared="255" durationms="0.355" />
  <stringconstants candidates="4597" cleared="0"  />
</gc-op>
<gc-op id="863" type="classunload" timems="0.003" contextid="859" timestamp="2019-06-17T03:28:34.547">
  <classunload-info classloadercandidates="8" classloadersunloaded="0" classesunloaded="0" anonymousclassesunloaded="0" quiescems="0.000" setupms="0.003" scanms="0.000" postms="0.000" />
</gc-op>
<heap-resize id="864" type="expand" space="default" amount="13631488" count="1" timems="0.127" reason="excessive time being spent in gc" timestamp="2019-06-17T03:28:34.548" />
<gc-end id="865" type="partial gc" contextid="859" durationms="4.756" usertimems="8.000" systemtimems="0.000" timestamp="2019-06-17T03:28:34.548" activeThreads="1">
  <mem-info id="866" free="115343360" total="191889408" percent="60">
    <mem type="eden" free="705560" total="1048576" percent="67" />
    <remembered-set count="33632" freebytes="7525120" totalbytes="7659648" percent="98" regionsoverflowed="0" regionsstable="3" regionsrebuilding="0"/>
  </mem-info>
</gc-end>
<cycle-end id="867" type="partial gc" contextid="859" timestamp="2019-06-17T03:28:34.548" />
  <attribute name="elasticGC enabled" value="1" />
  <attribute name= "numThreadsSpecified" value="1" />
  <attribute name="heapSize specified" value="0" />
  <attribute name="Current GC Util" value="64" />
  <attribute name= "Current Time Running" value="2819" />
  <attribute name ="GC Interval" value="0" />
  <attribute name="ProportionalT" value="66.000000" />
  <attribute name="ProportionalI" value="66.000000" />
  <attribute name="ProportionalH" value="66.000000" />
  <attribute name="Current Error" value="44.000000" />
  <attribute name="IntegralT" value="0.000000" />
  <attribute name="IntegralI" value="0.000000" />
  <attribute name="IntegralH" value="0.000000" />
  <attribute name="DerivativeT" value="inf" />
  <attribute name="DerivativeI" value="inf" />
  <attribute name="DerivativeH" value="inf" />
  <attribute name="Loop Time for DT" value="0.000000" />
  <attribute name="Output H" value="8388608"/>
  <attribute name="Output I" value="200"/>
  <attribute name="Output T" value="1"/>
  <attribute name="Target GC Util Change" value ="20.000000" />
  <attribute name="Current GC Util Change" value="64.000000"/>
  <attribute name="GC Util currently" value="64" />
  <attribute name="CPU Util currently" value="18820903606821" />
<exclusive-end id="868" timestamp="2019-06-17T03:28:34.548" durationms="5.503" />

<exclusive-start id="869" timestamp="2019-06-17T03:28:34.581" intervalms="38.250">
  <response-info timems="0.062" idlems="0.062" threads="0" lastid="000000000105CD00" lastname="Thread-9" />
</exclusive-start>
<allocation-taxation id="870" taxation-threshold="54525952" timestamp="2019-06-17T03:28:34.581" intervalms="38.252" />
<cycle-start id="871" type="partial gc" contextid="0" timestamp="2019-06-17T03:28:34.581" intervalms="38.253" />
<gc-start id="872" type="partial gc" contextid="871" timestamp="2019-06-17T03:28:34.581">
  <mem-info id="873" free="60817408" total="191889408" percent="31">
    <mem type="eden" free="0" total="54525952" percent="0" />
    <remembered-set count="33344" freebytes="7526272" totalbytes="7659648" percent="98" regionsoverflowed="0" regionsstable="3" regionsrebuilding="0"/>
  </mem-info>
</gc-start>
<allocation-stats totalBytes="54518976" >
  <allocated-bytes non-tlh="0" tlh="54518976" arrayletleaf="0"/>
  <largest-consumer threadName="Thread-9" threadId="000000000105CD00" bytes="21370344" />
</allocation-stats>
<gc-op id="874" type="copy forward" timems="2.190" contextid="871" timestamp="2019-06-17T03:28:34.584">
  <memory-copied type="eden" objects="5142" bytes="124192" bytesdiscarded="13376" />
  <memory-copied type="other" objects="20777" bytes="773400" bytesdiscarded="29584" />
  <memory-cardclean objects="9309" bytes="459824" />
  <regions eden="52" other="3" />
  <remembered-set-cleared processed="27858" cleared="260" durationms="0.171" />
  <stringconstants candidates="4597" cleared="0"  />
</gc-op>
<gc-op id="875" type="classunload" timems="0.003" contextid="871" timestamp="2019-06-17T03:28:34.584">
  <classunload-info classloadercandidates="8" classloadersunloaded="0" classesunloaded="0" anonymousclassesunloaded="0" quiescems="0.000" setupms="0.003" scanms="0.000" postms="0.000" />
</gc-op>
<heap-resize id="876" type="expand" space="default" amount="2097152" count="1" timems="0.069" reason="excessive time being spent in gc" timestamp="2019-06-17T03:28:34.584" />
<gc-end id="877" type="partial gc" contextid="871" durationms="3.185" usertimems="4.000" systemtimems="0.000" timestamp="2019-06-17T03:28:34.585" activeThreads="4">
  <mem-info id="878" free="116391936" total="193986560" percent="60">
    <mem type="eden" free="911008" total="1048576" percent="86" />
    <remembered-set count="32864" freebytes="7611904" totalbytes="7743360" percent="98" regionsoverflowed="0" regionsstable="3" regionsrebuilding="0"/>
  </mem-info>
</gc-end>
<cycle-end id="879" type="partial gc" contextid="871" timestamp="2019-06-17T03:28:34.585" />
  <attribute name="elasticGC enabled" value="1" />
  <attribute name= "numThreadsSpecified" value="4" />
  <attribute name="heapSize specified" value="0" />
  <attribute name="Current GC Util" value="65" />
  <attribute name= "Current Time Running" value="2858" />
  <attribute name ="GC Interval" value="0" />
  <attribute name="ProportionalT" value="67.500000" />
  <attribute name="ProportionalI" value="67.500000" />
  <attribute name="ProportionalH" value="67.500000" />
  <attribute name="Current Error" value="45.000000" />
  <attribute name="IntegralT" value="45.000000" />
  <attribute name="IntegralI" value="45.000000" />
  <attribute name="IntegralH" value="45.000000" />
  <attribute name="DerivativeT" value="67.500000" />
  <attribute name="DerivativeI" value="67.500000" />
  <attribute name="DerivativeH" value="67.500000" />
  <attribute name="Loop Time for DT" value="1.000000" />
  <attribute name="Output H" value="8388608"/>
  <attribute name="Output I" value="200"/>
  <attribute name="Output T" value="4"/>
  <attribute name="Target GC Util Change" value ="20.000000" />
  <attribute name="Current GC Util Change" value="65.000000"/>
  <attribute name="GC Util currently" value="65" />
  <attribute name="CPU Util currently" value="19291721441784" />
<exclusive-end id="880" timestamp="2019-06-17T03:28:34.585" durationms="3.876" />

</verbosegc>

