<?xml version="1.0" ?>

<verbosegc xmlns="http://www.ibm.com/j9/verbosegc" version="10b4217_CMPRSS">

<initialized id="1" timestamp="2019-06-17T03:28:51.954">
  <attribute name="gcPolicy" value="-Xgcpolicy:balanced" />
  <attribute name="elasticGC enabled" value="1" />
  <attribute name= "numThreadsSpecified" value="0" />
  <attribute name="heapSize specified" value="0" />
  <attribute name="Current GC Util" value="0" />
  <attribute name= "Current Time Running" value="0" />
  <attribute name ="GC Interval" value="0" />
  <attribute name="ProportionalT" value="0.000000" />
  <attribute name="ProportionalI" value="0.000000" />
  <attribute name="ProportionalH" value="0.000000" />
  <attribute name="IntegralT" value="0.000000" />
  <attribute name="IntegralI" value="0.000000" />
  <attribute name="IntegralH" value="0.000000" />
  <attribute name="DerivativeT" value="0.000000" />
  <attribute name="DerivativeI" value="0.000000" />
  <attribute name="DerivativeH" value="0.000000" />
  <attribute name="Target GC Util Change" value ="0.000000" />
  <attribute name="Current GC Util Change" value="0.000000"/>
  <attribute name="Current Error" value="0.000000" />
  <attribute name="Loop Time for DT" value="0.000000" />
  <attribute name="Output H" value="0"/>
  <attribute name="Output I" value="0"/>
  <attribute name="Output T" value="0"/>
  <attribute name="GC Util currently" value="0" />
  <attribute name="CPU Util currently" value="0" />
  <attribute name="maxHeapSize" value="0x7cb00000" />
  <attribute name="initialHeapSize" value="0x800000" />
  <attribute name="compressedRefs" value="true" />
  <attribute name="compressedRefsDisplacement" value="0x0" />
  <attribute name="compressedRefsShift" value="0x0" />
  <attribute name="pageSize" value="0x1000" />
  <attribute name="pageType" value="not used" />
  <attribute name="requestedPageSize" value="0x1000" />
  <attribute name="requestedPageType" value="not used" />
  <attribute name="gcthreads" value="4" />
  <attribute name="packetListSplit" value="4" />
  <attribute name="cacheListSplit" value="4" />
  <attribute name="splitFreeListSplitAmount" value="1" />
  <attribute name="numaNodes" value="0" />
  <region>
    <attribute name="regionSize" value="1048576" />
    <attribute name="regionCount" value="1995" />
    <attribute name="arrayletLeafSize" value="1048576" />
  </region>
  <system>
    <attribute name="physicalMemory" value="8370958336" />
    <attribute name="numCPUs" value="4" />
    <attribute name="architecture" value="amd64" />
    <attribute name="os" value="Linux" />
    <attribute name="osVersion" value="4.4.0-150-generic" />
  </system>
  <vmargs>
    <vmarg name="-Xoptionsfile=/vagrant/jdk/lib/options.default" />
    <vmarg name="-Xlockword:mode=default,noLockword=java/lang/String,noLockword=java/util/MapEntry,noLockword=java/util/HashMap$Entry,noLockword..." />
    <vmarg name="-Xjcl:jclse29" />
    <vmarg name="-Dcom.ibm.oti.vm.bootstrap.library.path=/vagrant/jdk/lib/compressedrefs:/vagrant/jdk/lib" />
    <vmarg name="-Dsun.boot.library.path=/vagrant/jdk/lib/compressedrefs:/vagrant/jdk/lib" />
    <vmarg name="-Djava.library.path=/vagrant/jdk/lib/compressedrefs:/vagrant/jdk/lib:/usr/lib64:/usr/lib" />
    <vmarg name="-Djava.home=/vagrant/jdk" />
    <vmarg name="-Duser.dir=/vagrant" />
    <vmarg name="-Xgcpolicy:balanced" />
    <vmarg name="-Xgcelastic" />
    <vmarg name="-Xcheck:gc:::elasticGC" />
    <vmarg name="-verbose:gc" />
    <vmarg name="-Xloggc:jdk1.5-1-1.5-default-BAL-4CORE-elasticverbose14sunflow.txt" />
    <vmarg name="-Djava.class.path=dacapo-9.12-MR1-bach.jar" />
    <vmarg name="-Dsun.java.command=dacapo-9.12-MR1-bach.jar sunflow --size=default" />
    <vmarg name="-Dsun.java.launcher=SUN_STANDARD" />
    <vmarg name="-Dsun.java.launcher.pid=5084" />
  </vmargs>
</initialized>

<exclusive-start id="2" timestamp="2019-06-17T03:28:52.563" intervalms="609.058">
  <response-info timems="0.031" idlems="0.031" threads="0" lastid="0000000000EAF700" lastname="main" />
</exclusive-start>
<sys-start reason="explicit" id="3" timestamp="2019-06-17T03:28:52.564" intervalms="609.312" />
<cycle-start id="4" type="global garbage collect" contextid="0" timestamp="2019-06-17T03:28:52.564" intervalms="609.619" />
<gc-start id="5" type="global garbage collect" contextid="4" timestamp="2019-06-17T03:28:52.564">
  <mem-info id="6" free="2228216" total="8388608" percent="26">
    <mem type="eden" free="131144" total="6291456" percent="2" />
    <remembered-set count="0" freebytes="334848" totalbytes="334848" percent="100" regionsoverflowed="0" regionsstable="0" regionsrebuilding="0"/>
  </mem-info>
</gc-start>
<allocation-stats totalBytes="6155600" >
  <allocated-bytes non-tlh="1222832" tlh="4932768" arrayletleaf="0"/>
  <largest-consumer threadName="main" threadId="0000000000EAF700" bytes="6082016" />
</allocation-stats>
<gc-op id="7" type="global mark" timems="4.448" contextid="4" timestamp="2019-06-17T03:28:52.569">
  <trace-info objectcount="30296" scancount="23628" scanbytes="765092" />
  <finalization candidates="125" enqueued="1" />
  <ownableSynchronizers candidates="3" cleared="0" />
  <references type="soft" candidates="131" cleared="0" enqueued="0" dynamicThreshold="32" maxThreshold="32" />
  <references type="weak" candidates="1322" cleared="569" enqueued="479" />
  <references type="phantom" candidates="106" cleared="42" enqueued="42" />
  <stringconstants candidates="3958" cleared="0"  />
</gc-op>
<gc-op id="8" type="classunload" timems="0.040" contextid="4" timestamp="2019-06-17T03:28:52.569">
  <classunload-info classloadercandidates="7" classloadersunloaded="0" classesunloaded="0" anonymousclassesunloaded="0" quiescems="0.000" setupms="0.040" scanms="0.000" postms="0.000" />
</gc-op>
<gc-op id="9" type="sweep" timems="0.672" contextid="4" timestamp="2019-06-17T03:28:52.570" />
<gc-op id="10" type="compact" timems="4.578" contextid="4" timestamp="2019-06-17T03:28:52.575">
  <compact-info movecount="30296" movebytes="1861632" />
  <remembered-set-cleared processed="3478" cleared="3478" durationms="0.141" />
</gc-op>
<gc-end id="11" type="global garbage collect" contextid="4" durationms="11.424" usertimems="12.000" systemtimems="0.000" timestamp="2019-06-17T03:28:52.576" activeThreads="4">
  <mem-info id="12" free="6291456" total="8388608" percent="75">
    <pending-finalizers system="1" default="0" reference="521" classloader="0" />
    <remembered-set count="2560" freebytes="324608" totalbytes="334848" percent="96" regionsoverflowed="0" regionsstable="0" regionsrebuilding="0"/>
  </mem-info>
</gc-end>
<cycle-end id="13" type="global garbage collect" contextid="4" timestamp="2019-06-17T03:28:52.576" />
  <attribute name="elasticGC enabled" value="1" />
  <attribute name= "numThreadsSpecified" value="4" />
  <attribute name="heapSize specified" value="0" />
  <attribute name="Current GC Util" value="46" />
  <attribute name= "Current Time Running" value="500" />
  <attribute name ="GC Interval" value="0" />
  <attribute name="ProportionalT" value="39.000000" />
  <attribute name="ProportionalI" value="39.000000" />
  <attribute name="ProportionalH" value="39.000000" />
  <attribute name="Current Error" value="26.000000" />
  <attribute name="IntegralT" value="-9509.000000" />
  <attribute name="IntegralI" value="-9509.000000" />
  <attribute name="IntegralH" value="-9509.000000" />
  <attribute name="DerivativeT" value="-64.500000" />
  <attribute name="DerivativeI" value="-64.500000" />
  <attribute name="DerivativeH" value="-64.500000" />
  <attribute name="Loop Time for DT" value="1.000000" />
  <attribute name="Output H" value="2091843584"/>
  <attribute name="Output I" value="200"/>
  <attribute name="Output T" value="4"/>
  <attribute name="Target GC Util Change" value ="20.000000" />
  <attribute name="Current GC Util Change" value="46.000000"/>
  <attribute name="GC Util currently" value="46" />
  <attribute name="CPU Util currently" value="5207937584404" />
<sys-end id="14" timestamp="2019-06-17T03:28:52.576" />
<exclusive-end id="15" timestamp="2019-06-17T03:28:52.576" durationms="12.693" />

<exclusive-start id="16" timestamp="2019-06-17T03:28:52.803" intervalms="239.941">
  <response-info timems="0.090" idlems="0.090" threads="0" lastid="0000000001208500" lastname="Thread-5" />
</exclusive-start>
<allocation-taxation id="17" taxation-threshold="6291456" timestamp="2019-06-17T03:28:52.804" intervalms="849.361" />
<cycle-start id="18" type="partial gc" contextid="0" timestamp="2019-06-17T03:28:52.804" intervalms="849.523" />
<gc-start id="19" type="partial gc" contextid="18" timestamp="2019-06-17T03:28:52.804">
  <mem-info id="20" free="0" total="8388608" percent="0">
    <mem type="eden" free="0" total="6291456" percent="0" />
    <remembered-set count="2208" freebytes="326016" totalbytes="334848" percent="97" regionsoverflowed="0" regionsstable="0" regionsrebuilding="0"/>
  </mem-info>
</gc-start>
<allocation-stats totalBytes="6200728" >
  <allocated-bytes non-tlh="1259320" tlh="4941408" arrayletleaf="0"/>
  <largest-consumer threadName="main" threadId="0000000000EAF700" bytes="2982240" />
</allocation-stats>
<gc-op id="21" type="mark" timems="2.196" contextid="18" timestamp="2019-06-17T03:28:52.807">
  <trace-info objectcount="14751" scancount="11870" scanbytes="447664" />
  <cardclean-info objects="1394" bytes="51364" />
  <remembered-set-cleared processed="1198" cleared="119" durationms="0.065" />
  <references type="soft" candidates="17" cleared="0" enqueued="0" dynamicThreshold="24" maxThreshold="32" />
  <references type="weak" candidates="45" cleared="29" enqueued="28" />
  <references type="phantom" candidates="2" cleared="0" enqueued="0" />
  <stringconstants candidates="4534" cleared="1"  />
  <warning details="Mark invoked due to insufficient free space for Copy-Forward" />
</gc-op>
<gc-op id="22" type="classunload" timems="0.003" contextid="18" timestamp="2019-06-17T03:28:52.807">
  <classunload-info classloadercandidates="8" classloadersunloaded="0" classesunloaded="0" anonymousclassesunloaded="0" quiescems="0.000" setupms="0.003" scanms="0.000" postms="0.000" />
</gc-op>
<gc-op id="23" type="sweep" timems="0.449" contextid="18" timestamp="2019-06-17T03:28:52.808" />
<gc-op id="24" type="compact" timems="2.531" contextid="18" timestamp="2019-06-17T03:28:52.810">
  <compact-info movecount="14751" movebytes="1470856" />
  <remembered-set-cleared processed="3925" cleared="1693" durationms="0.065" />
</gc-op>
<heap-resize id="25" type="expand" space="default" amount="1048576" count="1" timems="0.061" reason="insufficient free space following gc" timestamp="2019-06-17T03:28:52.811" />
<gc-end id="26" type="partial gc" contextid="18" durationms="6.899" usertimems="4.000" systemtimems="4.000" timestamp="2019-06-17T03:28:52.811" activeThreads="1">
  <mem-info id="27" free="5242880" total="9437184" percent="55">
    <mem type="eden" free="599424" total="2097152" percent="28" />
    <pending-finalizers system="0" default="0" reference="28" classloader="0" />
    <remembered-set count="3200" freebytes="363904" totalbytes="376704" percent="96" regionsoverflowed="0" regionsstable="0" regionsrebuilding="0"/>
  </mem-info>
</gc-end>
<cycle-end id="28" type="partial gc" contextid="18" timestamp="2019-06-17T03:28:52.811" />
  <attribute name="elasticGC enabled" value="1" />
  <attribute name= "numThreadsSpecified" value="1" />
  <attribute name="heapSize specified" value="0" />
  <attribute name="Current GC Util" value="25" />
  <attribute name= "Current Time Running" value="737" />
  <attribute name ="GC Interval" value="0" />
  <attribute name="ProportionalT" value="7.500000" />
  <attribute name="ProportionalI" value="7.500000" />
  <attribute name="ProportionalH" value="7.500000" />
  <attribute name="Current Error" value="5.000000" />
  <attribute name="IntegralT" value="0.000000" />
  <attribute name="IntegralI" value="0.000000" />
  <attribute name="IntegralH" value="0.000000" />
  <attribute name="DerivativeT" value="inf" />
  <attribute name="DerivativeI" value="inf" />
  <attribute name="DerivativeH" value="inf" />
  <attribute name="Loop Time for DT" value="0.000000" />
  <attribute name="Output H" value="8388608"/>
  <attribute name="Output I" value="200"/>
  <attribute name="Output T" value="1"/>
  <attribute name="Target GC Util Change" value ="20.000000" />
  <attribute name="Current GC Util Change" value="25.000000"/>
  <attribute name="GC Util currently" value="25" />
  <attribute name="CPU Util currently" value="6563621820499" />
<exclusive-end id="29" timestamp="2019-06-17T03:28:52.811" durationms="7.944" />

<exclusive-start id="30" timestamp="2019-06-17T03:28:52.854" intervalms="51.127">
  <response-info timems="0.095" idlems="0.095" threads="0" lastid="0000000001208500" lastname="Thread-5" />
</exclusive-start>
<allocation-taxation id="31" taxation-threshold="2097152" timestamp="2019-06-17T03:28:52.855" intervalms="50.972" />
<cycle-start id="32" type="global mark phase" contextid="0" timestamp="2019-06-17T03:28:52.855" intervalms="900.536" />
<gc-start id="33" type="global mark phase" contextid="32" timestamp="2019-06-17T03:28:52.855">
  <mem-info id="34" free="3145728" total="9437184" percent="33">
    <remembered-set count="2944" freebytes="364928" totalbytes="376704" percent="96" regionsoverflowed="0" regionsstable="0" regionsrebuilding="0"/>
  </mem-info>
</gc-start>
<gc-op id="35" type="mark increment" timems="0.858" contextid="32" timestamp="2019-06-17T03:28:52.856">
  <trace-info objectcount="167" scancount="0" scanbytes="0" />
</gc-op>
<gc-end id="36" type="global mark phase" contextid="32" durationms="1.094" usertimems="0.000" systemtimems="4.000" timestamp="2019-06-17T03:28:52.856" activeThreads="1">
  <mem-info id="37" free="3145728" total="9437184" percent="33">
    <remembered-set count="2944" freebytes="364928" totalbytes="376704" percent="96" regionsoverflowed="0" regionsstable="0" regionsrebuilding="0"/>
  </mem-info>
</gc-end>
<concurrent-start id="38" type="GMP work packet processing" contextid="32" timestamp="2019-06-17T03:28:52.856">
  <concurrent-mark-start scanTarget="18446744073709551615" />
</concurrent-start>
<exclusive-end id="39" timestamp="2019-06-17T03:28:52.856" durationms="1.833" />

<concurrent-end id="40" type="GMP work packet processing" contextid="32" timestamp="2019-06-17T03:28:52.859">
  <concurrent-mark-end bytesScanned="1187232" reasonForTermination="Completed all work in GC phase" />
</concurrent-end>

<exclusive-start id="41" timestamp="2019-06-17T03:28:52.862" intervalms="7.928">
  <response-info timems="0.067" idlems="0.067" threads="0" lastid="0000000001208500" lastname="Thread-5" />
</exclusive-start>
<allocation-taxation id="42" taxation-threshold="2097152" timestamp="2019-06-17T03:28:52.862" intervalms="7.833" />
<cycle-start id="43" type="partial gc" contextid="0" timestamp="2019-06-17T03:28:52.863" intervalms="58.820" />
<gc-start id="44" type="partial gc" contextid="43" timestamp="2019-06-17T03:28:52.863">
  <mem-info id="45" free="1048576" total="9437184" percent="11">
    <mem type="eden" free="0" total="5242880" percent="0" />
    <remembered-set count="2944" freebytes="364928" totalbytes="376704" percent="96" regionsoverflowed="0" regionsstable="0" regionsrebuilding="0"/>
  </mem-info>
</gc-start>
<allocation-stats totalBytes="4155944" >
  <allocated-bytes non-tlh="57568" tlh="4098376" arrayletleaf="0"/>
  <largest-consumer threadName="Thread-5" threadId="0000000001208500" bytes="2064520" />
</allocation-stats>
<gc-op id="46" type="copy forward" timems="4.117" contextid="43" timestamp="2019-06-17T03:28:52.868">
  <memory-copied type="eden" objects="18" bytes="133640" bytesdiscarded="0" />
  <memory-copied type="other" objects="14636" bytes="1221352" bytesdiscarded="0" />
  <memory-cardclean objects="142" bytes="10784" />
  <regions eden="4" other="2" />
  <remembered-set-cleared processed="1828" cleared="674" durationms="0.067" />
  <references type="soft" candidates="17" cleared="0" enqueued="0" dynamicThreshold="10" maxThreshold="32" />
  <references type="weak" candidates="16" cleared="0" enqueued="0" />
  <references type="phantom" candidates="2" cleared="0" enqueued="0" />
  <stringconstants candidates="4533" cleared="0"  />
  <heap-resize type="expand" space="default" amount="2097152" count="2" timems="0.138" reason="continue current collection" />
</gc-op>
<gc-op id="47" type="classunload" timems="0.004" contextid="43" timestamp="2019-06-17T03:28:52.868">
  <classunload-info classloadercandidates="8" classloadersunloaded="0" classesunloaded="0" anonymousclassesunloaded="0" quiescems="0.000" setupms="0.004" scanms="0.000" postms="0.000" />
</gc-op>
<gc-op id="48" type="compact" timems="2.212" contextid="43" timestamp="2019-06-17T03:28:52.870">
  <compact-info movecount="0" movebytes="0" />
  <remembered-set-cleared processed="3534" cleared="674" durationms="0.067" />
</gc-op>
<gc-end id="49" type="partial gc" contextid="43" durationms="7.706" usertimems="0.000" systemtimems="8.000" timestamp="2019-06-17T03:28:52.871" activeThreads="4">
  <mem-info id="50" free="6291456" total="11534336" percent="54">
    <mem type="eden" free="914936" total="1048576" percent="87" />
    <remembered-set count="3456" freebytes="446592" totalbytes="460416" percent="96" regionsoverflowed="0" regionsstable="0" regionsrebuilding="0"/>
  </mem-info>
</gc-end>
<cycle-end id="51" type="partial gc" contextid="43" timestamp="2019-06-17T03:28:52.871" />
  <attribute name="elasticGC enabled" value="1" />
  <attribute name= "numThreadsSpecified" value="4" />
  <attribute name="heapSize specified" value="0" />
  <attribute name="Current GC Util" value="0" />
  <attribute name= "Current Time Running" value="798" />
  <attribute name ="GC Interval" value="0" />
  <attribute name="ProportionalT" value="-30.000000" />
  <attribute name="ProportionalI" value="-30.000000" />
  <attribute name="ProportionalH" value="-30.000000" />
  <attribute name="Current Error" value="-20.000000" />
  <attribute name="IntegralT" value="-100.000000" />
  <attribute name="IntegralI" value="-100.000000" />
  <attribute name="IntegralH" value="-100.000000" />
  <attribute name="DerivativeT" value="-29.100000" />
  <attribute name="DerivativeI" value="-29.100000" />
  <attribute name="DerivativeH" value="-29.100000" />
  <attribute name="Loop Time for DT" value="5.000000" />
  <attribute name="Output H" value="2091843584"/>
  <attribute name="Output I" value="200"/>
  <attribute name="Output T" value="4"/>
  <attribute name="Target GC Util Change" value ="20.000000" />
  <attribute name="Current GC Util Change" value="0.000000"/>
  <attribute name="GC Util currently" value="0" />
  <attribute name="CPU Util currently" value="1066067394715" />
<exclusive-end id="52" timestamp="2019-06-17T03:28:52.871" durationms="8.525" />

<exclusive-start id="53" timestamp="2019-06-17T03:28:52.904" intervalms="41.955">
  <response-info timems="0.174" idlems="0.174" threads="0" lastid="0000000001200D00" lastname="Thread-7" />
</exclusive-start>
<allocation-taxation id="54" taxation-threshold="3145728" timestamp="2019-06-17T03:28:52.904" intervalms="41.984" />
<gc-start id="55" type="global mark phase" contextid="32" timestamp="2019-06-17T03:28:52.905">
  <mem-info id="56" free="3145728" total="11534336" percent="27">
    <remembered-set count="3456" freebytes="446592" totalbytes="460416" percent="96" regionsoverflowed="0" regionsstable="0" regionsrebuilding="0"/>
  </mem-info>
</gc-start>
<gc-op id="57" type="mark increment" timems="1.920" contextid="32" timestamp="2019-06-17T03:28:52.906">
  <trace-info objectcount="20509" scancount="20424" scanbytes="1045524" />
  <cardclean-info objects="698" bytes="30996" />
  <finalization candidates="124" enqueued="0" />
  <ownableSynchronizers candidates="3" cleared="0" />
  <references type="soft" candidates="148" cleared="0" enqueued="0" dynamicThreshold="17" maxThreshold="32" />
  <references type="weak" candidates="769" cleared="0" enqueued="0" />
  <references type="phantom" candidates="65" cleared="2" enqueued="2" />
  <stringconstants candidates="4596" cleared="0"  />
</gc-op>
<gc-op id="58" type="classunload" timems="0.005" contextid="32" timestamp="2019-06-17T03:28:52.907">
  <classunload-info classloadercandidates="8" classloadersunloaded="0" classesunloaded="0" anonymousclassesunloaded="0" quiescems="0.000" setupms="0.004" scanms="0.000" postms="0.000" />
</gc-op>
<gc-end id="59" type="global mark phase" contextid="32" durationms="2.166" usertimems="0.000" systemtimems="4.000" timestamp="2019-06-17T03:28:52.907" activeThreads="4">
  <mem-info id="60" free="3145728" total="11534336" percent="27">
    <pending-finalizers system="0" default="0" reference="2" classloader="0" />
    <remembered-set count="3456" freebytes="446592" totalbytes="460416" percent="96" regionsoverflowed="0" regionsstable="0" regionsrebuilding="0"/>
  </mem-info>
</gc-end>
<cycle-end id="61" type="global mark phase" contextid="32" timestamp="2019-06-17T03:28:52.907" />
  <attribute name="elasticGC enabled" value="1" />
  <attribute name= "numThreadsSpecified" value="4" />
  <attribute name="heapSize specified" value="0" />
  <attribute name="Current GC Util" value="0" />
  <attribute name= "Current Time Running" value="835" />
  <attribute name ="GC Interval" value="0" />
  <attribute name="ProportionalT" value="-30.000000" />
  <attribute name="ProportionalI" value="-30.000000" />
  <attribute name="ProportionalH" value="-30.000000" />
  <attribute name="Current Error" value="-20.000000" />
  <attribute name="IntegralT" value="-20.000000" />
  <attribute name="IntegralI" value="-20.000000" />
  <attribute name="IntegralH" value="-20.000000" />
  <attribute name="DerivativeT" value="-180.000000" />
  <attribute name="DerivativeI" value="-180.000000" />
  <attribute name="DerivativeH" value="-180.000000" />
  <attribute name="Loop Time for DT" value="1.000000" />
  <attribute name="Output H" value="2091843584"/>
  <attribute name="Output I" value="200"/>
  <attribute name="Output T" value="4"/>
  <attribute name="Target GC Util Change" value ="20.000000" />
  <attribute name="Current GC Util Change" value="0.000000"/>
  <attribute name="GC Util currently" value="0" />
  <attribute name="CPU Util currently" value="5474136171396" />
<exclusive-end id="62" timestamp="2019-06-17T03:28:52.907" durationms="2.585" />

<exclusive-start id="63" timestamp="2019-06-17T03:28:53.001" intervalms="96.578">
  <response-info timems="0.039" idlems="0.039" threads="0" lastid="0000000001200D00" lastname="Thread-7" />
</exclusive-start>
<allocation-taxation id="64" taxation-threshold="3145728" timestamp="2019-06-17T03:28:53.001" intervalms="96.611" />
<cycle-start id="65" type="partial gc" contextid="0" timestamp="2019-06-17T03:28:53.001" intervalms="138.551" />
<gc-start id="66" type="partial gc" contextid="65" timestamp="2019-06-17T03:28:53.001">
  <mem-info id="67" free="0" total="11534336" percent="0">
    <mem type="eden" free="0" total="6291456" percent="0" />
    <remembered-set count="3456" freebytes="446592" totalbytes="460416" percent="96" regionsoverflowed="0" regionsstable="0" regionsrebuilding="0"/>
  </mem-info>
</gc-start>
<allocation-stats totalBytes="6242296" >
  <allocated-bytes non-tlh="467072" tlh="5775224" arrayletleaf="0"/>
  <largest-consumer threadName="Thread-9" threadId="0000000001208500" bytes="1539848" />
</allocation-stats>
<gc-op id="68" type="sweep" timems="0.535" contextid="65" timestamp="2019-06-17T03:28:53.002" />
<gc-op id="69" type="copy forward" timems="2.537" contextid="65" timestamp="2019-06-17T03:28:53.005">
  <memory-copied type="eden" objects="829" bytes="20784" bytesdiscarded="0" />
  <memory-copied type="other" objects="20268" bytes="1361944" bytesdiscarded="0" />
  <memory-cardclean objects="297" bytes="14056" />
  <regions eden="3" other="2" />
  <remembered-set-cleared processed="1716" cleared="47" durationms="0.062" />
  <stringconstants candidates="4596" cleared="0"  />
</gc-op>
<gc-op id="70" type="classunload" timems="0.003" contextid="65" timestamp="2019-06-17T03:28:53.005">
  <classunload-info classloadercandidates="8" classloadersunloaded="0" classesunloaded="0" anonymousclassesunloaded="0" quiescems="0.000" setupms="0.003" scanms="0.000" postms="0.000" />
</gc-op>
<gc-end id="71" type="partial gc" contextid="65" durationms="4.059" usertimems="8.000" systemtimems="0.000" timestamp="2019-06-17T03:28:53.006" activeThreads="1">
  <mem-info id="72" free="5242880" total="11534336" percent="45">
    <mem type="eden" free="714384" total="2097152" percent="34" />
    <remembered-set count="3808" freebytes="445184" totalbytes="460416" percent="96" regionsoverflowed="0" regionsstable="0" regionsrebuilding="0"/>
  </mem-info>
</gc-end>
<cycle-end id="73" type="partial gc" contextid="65" timestamp="2019-06-17T03:28:53.006" />
  <attribute name="elasticGC enabled" value="1" />
  <attribute name= "numThreadsSpecified" value="1" />
  <attribute name="heapSize specified" value="0" />
  <attribute name="Current GC Util" value="46" />
  <attribute name= "Current Time Running" value="932" />
  <attribute name ="GC Interval" value="0" />
  <attribute name="ProportionalT" value="39.000000" />
  <attribute name="ProportionalI" value="39.000000" />
  <attribute name="ProportionalH" value="39.000000" />
  <attribute name="Current Error" value="26.000000" />
  <attribute name="IntegralT" value="0.000000" />
  <attribute name="IntegralI" value="0.000000" />
  <attribute name="IntegralH" value="0.000000" />
  <attribute name="DerivativeT" value="inf" />
  <attribute name="DerivativeI" value="inf" />
  <attribute name="DerivativeH" value="inf" />
  <attribute name="Loop Time for DT" value="0.000000" />
  <attribute name="Output H" value="8388608"/>
  <attribute name="Output I" value="200"/>
  <attribute name="Output T" value="1"/>
  <attribute name="Target GC Util Change" value ="20.000000" />
  <attribute name="Current GC Util Change" value="46.000000"/>
  <attribute name="GC Util currently" value="46" />
  <attribute name="CPU Util currently" value="22255238529093" />
<exclusive-end id="74" timestamp="2019-06-17T03:28:53.006" durationms="4.916" />

<exclusive-start id="75" timestamp="2019-06-17T03:28:53.030" intervalms="29.144">
  <response-info timems="0.216" idlems="0.216" threads="0" lastid="000000000120C100" lastname="Thread-10" />
</exclusive-start>
<allocation-taxation id="76" taxation-threshold="5242880" timestamp="2019-06-17T03:28:53.030" intervalms="29.106" />
<cycle-start id="77" type="partial gc" contextid="0" timestamp="2019-06-17T03:28:53.030" intervalms="29.219" />
<gc-start id="78" type="partial gc" contextid="77" timestamp="2019-06-17T03:28:53.031">
  <mem-info id="79" free="0" total="11534336" percent="0">
    <mem type="eden" free="0" total="5242880" percent="0" />
    <remembered-set count="3680" freebytes="445696" totalbytes="460416" percent="96" regionsoverflowed="0" regionsstable="0" regionsrebuilding="0"/>
  </mem-info>
</gc-start>
<allocation-stats totalBytes="5241944" >
  <allocated-bytes non-tlh="0" tlh="5241944" arrayletleaf="0"/>
  <largest-consumer threadName="Thread-7" threadId="0000000001200D00" bytes="1728224" />
</allocation-stats>
<gc-op id="80" type="mark" timems="1.427" contextid="77" timestamp="2019-06-17T03:28:53.032">
  <trace-info objectcount="22961" scancount="22876" scanbytes="1104212" />
  <cardclean-info objects="47" bytes="3196" />
  <remembered-set-cleared processed="1805" cleared="112" durationms="0.073" />
  <stringconstants candidates="4596" cleared="0"  />
  <warning details="Mark invoked due to insufficient free space for Copy-Forward" />
</gc-op>
<gc-op id="81" type="classunload" timems="0.003" contextid="77" timestamp="2019-06-17T03:28:53.033">
  <classunload-info classloadercandidates="8" classloadersunloaded="0" classesunloaded="0" anonymousclassesunloaded="0" quiescems="0.000" setupms="0.003" scanms="0.000" postms="0.000" />
</gc-op>
<gc-op id="82" type="sweep" timems="0.341" contextid="77" timestamp="2019-06-17T03:28:53.033" />
<gc-op id="83" type="compact" timems="2.500" contextid="77" timestamp="2019-06-17T03:28:53.036">
  <compact-info movecount="22950" movebytes="1318264" />
  <remembered-set-cleared processed="3716" cleared="330" durationms="0.073" />
</gc-op>
<heap-resize id="84" type="expand" space="default" amount="1048576" count="1" timems="0.061" reason="insufficient free space following gc" timestamp="2019-06-17T03:28:53.036" />
<gc-end id="85" type="partial gc" contextid="77" durationms="5.463" usertimems="16.000" systemtimems="0.000" timestamp="2019-06-17T03:28:53.036" activeThreads="4">
  <mem-info id="86" free="5242880" total="12582912" percent="41">
    <mem type="eden" free="998760" total="1048576" percent="95" />
    <remembered-set count="4480" freebytes="484352" totalbytes="502272" percent="96" regionsoverflowed="0" regionsstable="0" regionsrebuilding="0"/>
  </mem-info>
</gc-end>
<cycle-end id="87" type="partial gc" contextid="77" timestamp="2019-06-17T03:28:53.036" />
  <attribute name="elasticGC enabled" value="1" />
  <attribute name= "numThreadsSpecified" value="4" />
  <attribute name="heapSize specified" value="0" />
  <attribute name="Current GC Util" value="30" />
  <attribute name= "Current Time Running" value="963" />
  <attribute name ="GC Interval" value="0" />
  <attribute name="ProportionalT" value="15.000000" />
  <attribute name="ProportionalI" value="15.000000" />
  <attribute name="ProportionalH" value="15.000000" />
  <attribute name="Current Error" value="10.000000" />
  <attribute name="IntegralT" value="10.000000" />
  <attribute name="IntegralI" value="10.000000" />
  <attribute name="IntegralH" value="10.000000" />
  <attribute name="DerivativeT" value="-178.500000" />
  <attribute name="DerivativeI" value="-178.500000" />
  <attribute name="DerivativeH" value="-178.500000" />
  <attribute name="Loop Time for DT" value="1.000000" />
  <attribute name="Output H" value="2091843584"/>
  <attribute name="Output I" value="200"/>
  <attribute name="Output T" value="4"/>
  <attribute name="Target GC Util Change" value ="20.000000" />
  <attribute name="Current GC Util Change" value="30.000000"/>
  <attribute name="GC Util currently" value="30" />
  <attribute name="CPU Util currently" value="7875657944591" />
<exclusive-end id="88" timestamp="2019-06-17T03:28:53.036" durationms="6.358" />

<exclusive-start id="89" timestamp="2019-06-17T03:28:53.045" intervalms="15.224">
  <response-info timems="0.995" idlems="0.995" threads="0" lastid="0000000001200D00" lastname="Thread-7" />
</exclusive-start>
<allocation-taxation id="90" taxation-threshold="2097152" timestamp="2019-06-17T03:28:53.045" intervalms="15.253" />
<cycle-start id="91" type="global mark phase" contextid="0" timestamp="2019-06-17T03:28:53.045" intervalms="190.702" />
<gc-start id="92" type="global mark phase" contextid="91" timestamp="2019-06-17T03:28:53.046">
  <mem-info id="93" free="3145728" total="12582912" percent="25">
    <remembered-set count="4000" freebytes="486272" totalbytes="502272" percent="96" regionsoverflowed="0" regionsstable="0" regionsrebuilding="0"/>
  </mem-info>
</gc-start>
<gc-op id="94" type="mark increment" timems="0.698" contextid="91" timestamp="2019-06-17T03:28:53.046">
  <trace-info objectcount="182" scancount="0" scanbytes="0" />
</gc-op>
<gc-end id="95" type="global mark phase" contextid="91" durationms="0.839" usertimems="4.000" systemtimems="0.000" timestamp="2019-06-17T03:28:53.046" activeThreads="1">
  <mem-info id="96" free="3145728" total="12582912" percent="25">
    <remembered-set count="4000" freebytes="486272" totalbytes="502272" percent="96" regionsoverflowed="0" regionsstable="0" regionsrebuilding="0"/>
  </mem-info>
</gc-end>
<concurrent-start id="97" type="GMP work packet processing" contextid="91" timestamp="2019-06-17T03:28:53.046">
  <concurrent-mark-start scanTarget="18446744073709551615" />
</concurrent-start>
<exclusive-end id="98" timestamp="2019-06-17T03:28:53.048" durationms="2.554" />

<concurrent-end id="99" type="GMP work packet processing" contextid="91" timestamp="2019-06-17T03:28:53.048">
  <concurrent-mark-end bytesScanned="2282656" reasonForTermination="Completed all work in GC phase" />
</concurrent-end>

<exclusive-start id="100" timestamp="2019-06-17T03:28:53.054" intervalms="8.895">
  <response-info timems="0.180" idlems="0.180" threads="0" lastid="0000000001204900" lastname="Thread-8" />
</exclusive-start>
<allocation-taxation id="101" taxation-threshold="2097152" timestamp="2019-06-17T03:28:53.054" intervalms="8.819" />
<cycle-start id="102" type="partial gc" contextid="0" timestamp="2019-06-17T03:28:53.054" intervalms="23.937" />
<gc-start id="103" type="partial gc" contextid="102" timestamp="2019-06-17T03:28:53.055">
  <mem-info id="104" free="1048576" total="12582912" percent="8">
    <mem type="eden" free="0" total="4194304" percent="0" />
    <remembered-set count="4000" freebytes="486272" totalbytes="502272" percent="96" regionsoverflowed="0" regionsstable="0" regionsrebuilding="0"/>
  </mem-info>
</gc-start>
<allocation-stats totalBytes="4193640" >
  <allocated-bytes non-tlh="0" tlh="4193640" arrayletleaf="0"/>
  <largest-consumer threadName="Thread-8" threadId="0000000001204900" bytes="991088" />
</allocation-stats>
<gc-op id="105" type="copy forward" timems="1.573" contextid="102" timestamp="2019-06-17T03:28:53.057">
  <memory-copied type="eden" objects="1241" bytes="30560" bytesdiscarded="3056" />
  <memory-copied type="other" objects="1814" bytes="43536" bytesdiscarded="464" />
  <memory-cardclean objects="4055" bytes="237112" />
  <regions eden="4" other="1" />
  <remembered-set-cleared processed="2046" cleared="205" durationms="0.062" />
  <stringconstants candidates="4596" cleared="0"  />
  <heap-resize type="expand" space="default" amount="1048576" count="1" timems="0.063" reason="continue current collection" />
</gc-op>
<gc-op id="106" type="classunload" timems="0.002" contextid="102" timestamp="2019-06-17T03:28:53.057">
  <classunload-info classloadercandidates="8" classloadersunloaded="0" classesunloaded="0" anonymousclassesunloaded="0" quiescems="0.000" setupms="0.002" scanms="0.000" postms="0.000" />
</gc-op>
<gc-op id="107" type="compact" timems="0.810" contextid="102" timestamp="2019-06-17T03:28:53.058">
  <compact-info movecount="0" movebytes="0" />
  <remembered-set-cleared processed="4764" cleared="205" durationms="0.062" />
</gc-op>
<heap-resize id="108" type="expand" space="default" amount="3145728" count="1" timems="0.064" reason="excessive time being spent in gc" timestamp="2019-06-17T03:28:53.058" />
<gc-end id="109" type="partial gc" contextid="102" durationms="3.372" usertimems="4.000" systemtimems="0.000" timestamp="2019-06-17T03:28:53.058" activeThreads="4">
  <mem-info id="110" free="8388608" total="16777216" percent="50">
    <mem type="eden" free="1014960" total="1048576" percent="96" />
    <remembered-set count="3168" freebytes="657024" totalbytes="669696" percent="98" regionsoverflowed="0" regionsstable="0" regionsrebuilding="0"/>
  </mem-info>
</gc-end>
<cycle-end id="111" type="partial gc" contextid="102" timestamp="2019-06-17T03:28:53.058" />
  <attribute name="elasticGC enabled" value="1" />
  <attribute name= "numThreadsSpecified" value="4" />
  <attribute name="heapSize specified" value="0" />
  <attribute name="Current GC Util" value="104" />
  <attribute name= "Current Time Running" value="986" />
  <attribute name ="GC Interval" value="0" />
  <attribute name="ProportionalT" value="126.000000" />
  <attribute name="ProportionalI" value="126.000000" />
  <attribute name="ProportionalH" value="126.000000" />
  <attribute name="Current Error" value="84.000000" />
  <attribute name="IntegralT" value="84.000000" />
  <attribute name="IntegralI" value="84.000000" />
  <attribute name="IntegralH" value="84.000000" />
  <attribute name="DerivativeT" value="52.500000" />
  <attribute name="DerivativeI" value="52.500000" />
  <attribute name="DerivativeH" value="52.500000" />
  <attribute name="Loop Time for DT" value="1.000000" />
  <attribute name="Output H" value="8388608"/>
  <attribute name="Output I" value="264"/>
  <attribute name="Output T" value="4"/>
  <attribute name="Target GC Util Change" value ="20.000000" />
  <attribute name="Current GC Util Change" value="104.000000"/>
  <attribute name="GC Util currently" value="104" />
  <attribute name="CPU Util currently" value="2554388877941" />
<exclusive-end id="112" timestamp="2019-06-17T03:28:53.058" durationms="4.138" />

<exclusive-start id="113" timestamp="2019-06-17T03:28:53.068" intervalms="13.848">
  <response-info timems="0.217" idlems="0.217" threads="0" lastid="0000000001208500" lastname="Thread-9" />
</exclusive-start>
<allocation-taxation id="114" taxation-threshold="4194304" timestamp="2019-06-17T03:28:53.068" intervalms="13.859" />
<gc-start id="115" type="global mark phase" contextid="91" timestamp="2019-06-17T03:28:53.068">
  <mem-info id="116" free="4194304" total="16777216" percent="25">
    <remembered-set count="3168" freebytes="657024" totalbytes="669696" percent="98" regionsoverflowed="0" regionsstable="0" regionsrebuilding="0"/>
  </mem-info>
</gc-start>
<gc-op id="117" type="mark increment" timems="1.345" contextid="91" timestamp="2019-06-17T03:28:53.070">
  <trace-info objectcount="2584" scancount="2584" scanbytes="65660" />
  <cardclean-info objects="6776" bytes="346536" />
  <finalization candidates="124" enqueued="0" />
  <ownableSynchronizers candidates="3" cleared="0" />
  <references type="soft" candidates="148" cleared="0" enqueued="0" dynamicThreshold="16" maxThreshold="32" />
  <references type="weak" candidates="769" cleared="0" enqueued="0" />
  <references type="phantom" candidates="63" cleared="0" enqueued="0" />
  <stringconstants candidates="4596" cleared="0"  />
</gc-op>
<gc-op id="118" type="classunload" timems="0.005" contextid="91" timestamp="2019-06-17T03:28:53.070">
  <classunload-info classloadercandidates="8" classloadersunloaded="0" classesunloaded="0" anonymousclassesunloaded="0" quiescems="0.000" setupms="0.005" scanms="0.000" postms="0.000" />
</gc-op>
<gc-end id="119" type="global mark phase" contextid="91" durationms="1.557" usertimems="4.000" systemtimems="0.000" timestamp="2019-06-17T03:28:53.070" activeThreads="4">
  <mem-info id="120" free="4194304" total="16777216" percent="25">
    <remembered-set count="3168" freebytes="657024" totalbytes="669696" percent="98" regionsoverflowed="0" regionsstable="0" regionsrebuilding="0"/>
  </mem-info>
</gc-end>
<cycle-end id="121" type="global mark phase" contextid="91" timestamp="2019-06-17T03:28:53.070" />
  <attribute name="elasticGC enabled" value="1" />
  <attribute name= "numThreadsSpecified" value="4" />
  <attribute name="heapSize specified" value="0" />
  <attribute name="Current GC Util" value="0" />
  <attribute name= "Current Time Running" value="998" />
  <attribute name ="GC Interval" value="0" />
  <attribute name="ProportionalT" value="-30.000000" />
  <attribute name="ProportionalI" value="-30.000000" />
  <attribute name="ProportionalH" value="-30.000000" />
  <attribute name="Current Error" value="-20.000000" />
  <attribute name="IntegralT" value="0.000000" />
  <attribute name="IntegralI" value="0.000000" />
  <attribute name="IntegralH" value="0.000000" />
  <attribute name="DerivativeT" value="-inf" />
  <attribute name="DerivativeI" value="-inf" />
  <attribute name="DerivativeH" value="-inf" />
  <attribute name="Loop Time for DT" value="0.000000" />
  <attribute name="Output H" value="2091843584"/>
  <attribute name="Output I" value="200"/>
  <attribute name="Output T" value="4"/>
  <attribute name="Target GC Util Change" value ="20.000000" />
  <attribute name="Current GC Util Change" value="0.000000"/>
  <attribute name="GC Util currently" value="0" />
  <attribute name="CPU Util currently" value="24429667311003" />
<exclusive-end id="122" timestamp="2019-06-17T03:28:53.070" durationms="1.927" />

<exclusive-start id="123" timestamp="2019-06-17T03:28:53.078" intervalms="10.374">
  <response-info timems="0.081" idlems="0.081" threads="0" lastid="000000000120C100" lastname="Thread-10" />
</exclusive-start>
<allocation-taxation id="124" taxation-threshold="4194304" timestamp="2019-06-17T03:28:53.078" intervalms="10.402" />
<cycle-start id="125" type="partial gc" contextid="0" timestamp="2019-06-17T03:28:53.079" intervalms="24.225" />
<gc-start id="126" type="partial gc" contextid="125" timestamp="2019-06-17T03:28:53.079">
  <mem-info id="127" free="0" total="16777216" percent="0">
    <mem type="eden" free="0" total="8388608" percent="0" />
    <remembered-set count="3168" freebytes="657024" totalbytes="669696" percent="98" regionsoverflowed="0" regionsstable="0" regionsrebuilding="0"/>
  </mem-info>
</gc-start>
<allocation-stats totalBytes="8387208" >
  <allocated-bytes non-tlh="0" tlh="8387208" arrayletleaf="0"/>
  <largest-consumer threadName="Thread-10" threadId="000000000120C100" bytes="2084456" />
</allocation-stats>
<gc-op id="128" type="sweep" timems="0.469" contextid="125" timestamp="2019-06-17T03:28:53.079" />
<gc-op id="129" type="mark" timems="0.950" contextid="125" timestamp="2019-06-17T03:28:53.081">
  <trace-info objectcount="3378" scancount="3378" scanbytes="84700" />
  <cardclean-info objects="5432" bytes="281120" />
  <remembered-set-cleared processed="2477" cleared="338" durationms="0.081" />
  <stringconstants candidates="4596" cleared="0"  />
  <warning details="Mark invoked due to insufficient free space for Copy-Forward" />
</gc-op>
<gc-op id="130" type="classunload" timems="0.003" contextid="125" timestamp="2019-06-17T03:28:53.081">
  <classunload-info classloadercandidates="8" classloadersunloaded="0" classesunloaded="0" anonymousclassesunloaded="0" quiescems="0.000" setupms="0.003" scanms="0.000" postms="0.000" />
</gc-op>
<gc-op id="131" type="sweep" timems="0.360" contextid="125" timestamp="2019-06-17T03:28:53.081" />
<gc-op id="132" type="compact" timems="1.221" contextid="125" timestamp="2019-06-17T03:28:53.083">
  <compact-info movecount="3378" movebytes="82040" />
  <remembered-set-cleared processed="4936" cleared="922" durationms="0.081" />
</gc-op>
<heap-resize id="133" type="expand" space="default" amount="3145728" count="1" timems="0.223" reason="excessive time being spent in gc" timestamp="2019-06-17T03:28:53.083" />
<gc-end id="134" type="partial gc" contextid="125" durationms="4.398" usertimems="8.000" systemtimems="4.000" timestamp="2019-06-17T03:28:53.083" activeThreads="4">
  <mem-info id="135" free="10485760" total="19922944" percent="52">
    <mem type="eden" free="992672" total="1048576" percent="94" />
    <remembered-set count="4288" freebytes="778112" totalbytes="795264" percent="97" regionsoverflowed="0" regionsstable="0" regionsrebuilding="0"/>
  </mem-info>
</gc-end>
<cycle-end id="136" type="partial gc" contextid="125" timestamp="2019-06-17T03:28:53.083" />
  <attribute name="elasticGC enabled" value="1" />
  <attribute name= "numThreadsSpecified" value="4" />
  <attribute name="heapSize specified" value="0" />
  <attribute name="Current GC Util" value="35" />
  <attribute name= "Current Time Running" value="1011" />
  <attribute name ="GC Interval" value="0" />
  <attribute name="ProportionalT" value="22.500000" />
  <attribute name="ProportionalI" value="22.500000" />
  <attribute name="ProportionalH" value="22.500000" />
  <attribute name="Current Error" value="15.000000" />
  <attribute name="IntegralT" value="15.000000" />
  <attribute name="IntegralI" value="15.000000" />
  <attribute name="IntegralH" value="15.000000" />
  <attribute name="DerivativeT" value="22.500000" />
  <attribute name="DerivativeI" value="22.500000" />
  <attribute name="DerivativeH" value="22.500000" />
  <attribute name="Loop Time for DT" value="1.000000" />
  <attribute name="Output H" value="8388608"/>
  <attribute name="Output I" value="200"/>
  <attribute name="Output T" value="4"/>
  <attribute name="Target GC Util Change" value ="20.000000" />
  <attribute name="Current GC Util Change" value="35.000000"/>
  <attribute name="GC Util currently" value="35" />
  <attribute name="CPU Util currently" value="8558290187278" />
<exclusive-end id="137" timestamp="2019-06-17T03:28:53.083" durationms="5.027" />

<exclusive-start id="138" timestamp="2019-06-17T03:28:53.100" intervalms="21.833">
  <response-info timems="0.101" idlems="0.101" threads="0" lastid="000000000120C100" lastname="Thread-10" />
</exclusive-start>
<allocation-taxation id="139" taxation-threshold="10485760" timestamp="2019-06-17T03:28:53.100" intervalms="21.862" />
<cycle-start id="140" type="partial gc" contextid="0" timestamp="2019-06-17T03:28:53.100" intervalms="21.856" />
<gc-start id="141" type="partial gc" contextid="140" timestamp="2019-06-17T03:28:53.101">
  <mem-info id="142" free="0" total="19922944" percent="0">
    <mem type="eden" free="0" total="10485760" percent="0" />
    <remembered-set count="4288" freebytes="778112" totalbytes="795264" percent="97" regionsoverflowed="0" regionsstable="0" regionsrebuilding="0"/>
  </mem-info>
</gc-start>
<allocation-stats totalBytes="10484400" >
  <allocated-bytes non-tlh="0" tlh="10484400" arrayletleaf="0"/>
  <largest-consumer threadName="Thread-7" threadId="0000000001200D00" bytes="3210848" />
</allocation-stats>
<gc-op id="143" type="mark" timems="1.069" contextid="140" timestamp="2019-06-17T03:28:53.102">
  <trace-info objectcount="4634" scancount="4634" scanbytes="115052" />
  <cardclean-info objects="6805" bytes="347704" />
  <remembered-set-cleared processed="2815" cleared="461" durationms="0.081" />
  <stringconstants candidates="4596" cleared="0"  />
  <warning details="Mark invoked due to insufficient free space for Copy-Forward" />
</gc-op>
<gc-op id="144" type="classunload" timems="0.002" contextid="140" timestamp="2019-06-17T03:28:53.102">
  <classunload-info classloadercandidates="8" classloadersunloaded="0" classesunloaded="0" anonymousclassesunloaded="0" quiescems="0.000" setupms="0.002" scanms="0.000" postms="0.000" />
</gc-op>
<gc-op id="145" type="sweep" timems="0.287" contextid="140" timestamp="2019-06-17T03:28:53.103" />
<gc-op id="146" type="compact" timems="1.749" contextid="140" timestamp="2019-06-17T03:28:53.105">
  <compact-info movecount="4478" movebytes="108648" />
  <remembered-set-cleared processed="5619" cleared="1170" durationms="0.081" />
</gc-op>
<heap-resize id="147" type="expand" space="default" amount="4194304" count="1" timems="0.073" reason="excessive time being spent in gc" timestamp="2019-06-17T03:28:53.105" />
<gc-end id="148" type="partial gc" contextid="140" durationms="4.356" usertimems="12.000" systemtimems="0.000" timestamp="2019-06-17T03:28:53.105" activeThreads="1">
  <mem-info id="149" free="13631488" total="24117248" percent="56">
    <mem type="eden" free="986248" total="1048576" percent="94" />
    <remembered-set count="5152" freebytes="942080" totalbytes="962688" percent="97" regionsoverflowed="0" regionsstable="0" regionsrebuilding="0"/>
  </mem-info>
</gc-end>
<cycle-end id="150" type="partial gc" contextid="140" timestamp="2019-06-17T03:28:53.105" />
  <attribute name="elasticGC enabled" value="1" />
  <attribute name= "numThreadsSpecified" value="1" />
  <attribute name="heapSize specified" value="0" />
  <attribute name="Current GC Util" value="36" />
  <attribute name= "Current Time Running" value="1032" />
  <attribute name ="GC Interval" value="0" />
  <attribute name="ProportionalT" value="24.000000" />
  <attribute name="ProportionalI" value="24.000000" />
  <attribute name="ProportionalH" value="24.000000" />
  <attribute name="Current Error" value="16.000000" />
  <attribute name="IntegralT" value="0.000000" />
  <attribute name="IntegralI" value="0.000000" />
  <attribute name="IntegralH" value="0.000000" />
  <attribute name="DerivativeT" value="inf" />
  <attribute name="DerivativeI" value="inf" />
  <attribute name="DerivativeH" value="inf" />
  <attribute name="Loop Time for DT" value="0.000000" />
  <attribute name="Output H" value="8388608"/>
  <attribute name="Output I" value="200"/>
  <attribute name="Output T" value="1"/>
  <attribute name="Target GC Util Change" value ="20.000000" />
  <attribute name="Current GC Util Change" value="36.000000"/>
  <attribute name="GC Util currently" value="36" />
  <attribute name="CPU Util currently" value="9386356731823" />
<exclusive-end id="151" timestamp="2019-06-17T03:28:53.105" durationms="5.058" />

<exclusive-start id="152" timestamp="2019-06-17T03:28:53.122" intervalms="21.353">
  <response-info timems="0.051" idlems="0.051" threads="0" lastid="0000000001200D00" lastname="Thread-7" />
</exclusive-start>
<allocation-taxation id="153" taxation-threshold="12582912" timestamp="2019-06-17T03:28:53.122" intervalms="21.363" />
<cycle-start id="154" type="partial gc" contextid="0" timestamp="2019-06-17T03:28:53.122" intervalms="21.414" />
<gc-start id="155" type="partial gc" contextid="154" timestamp="2019-06-17T03:28:53.122">
  <mem-info id="156" free="1048576" total="24117248" percent="4">
    <mem type="eden" free="0" total="12582912" percent="0" />
    <remembered-set count="4864" freebytes="943232" totalbytes="962688" percent="97" regionsoverflowed="0" regionsstable="0" regionsrebuilding="0"/>
  </mem-info>
</gc-start>
<allocation-stats totalBytes="12581432" >
  <allocated-bytes non-tlh="0" tlh="12581432" arrayletleaf="0"/>
  <largest-consumer threadName="Thread-9" threadId="0000000001208500" bytes="4505016" />
</allocation-stats>
<gc-op id="157" type="copy forward" timems="1.335" contextid="154" timestamp="2019-06-17T03:28:53.124">
  <memory-copied type="eden" objects="1836" bytes="45336" bytesdiscarded="0" />
  <memory-copied type="other" objects="2305" bytes="55320" bytesdiscarded="0" />
  <memory-cardclean objects="6541" bytes="337696" />
  <regions eden="12" other="1" />
  <remembered-set-cleared processed="3330" cleared="508" durationms="0.086" />
  <stringconstants candidates="4596" cleared="0"  />
  <heap-resize type="expand" space="default" amount="1048576" count="1" timems="0.052" reason="continue current collection" />
</gc-op>
<gc-op id="158" type="classunload" timems="0.002" contextid="154" timestamp="2019-06-17T03:28:53.124">
  <classunload-info classloadercandidates="8" classloadersunloaded="0" classesunloaded="0" anonymousclassesunloaded="0" quiescems="0.000" setupms="0.002" scanms="0.000" postms="0.000" />
</gc-op>
<heap-resize id="159" type="expand" space="default" amount="4194304" count="1" timems="0.069" reason="excessive time being spent in gc" timestamp="2019-06-17T03:28:53.124" />
<gc-end id="160" type="partial gc" contextid="154" durationms="2.327" usertimems="8.000" systemtimems="0.000" timestamp="2019-06-17T03:28:53.124" activeThreads="1">
  <mem-info id="161" free="17825792" total="29360128" percent="60">
    <mem type="eden" free="1003240" total="1048576" percent="95" />
    <remembered-set count="5408" freebytes="1150336" totalbytes="1171968" percent="98" regionsoverflowed="0" regionsstable="0" regionsrebuilding="0"/>
  </mem-info>
</gc-end>
<cycle-end id="162" type="partial gc" contextid="154" timestamp="2019-06-17T03:28:53.125" />
  <attribute name="elasticGC enabled" value="1" />
  <attribute name= "numThreadsSpecified" value="1" />
  <attribute name="heapSize specified" value="0" />
  <attribute name="Current GC Util" value="73" />
  <attribute name= "Current Time Running" value="1052" />
  <attribute name ="GC Interval" value="0" />
  <attribute name="ProportionalT" value="79.500000" />
  <attribute name="ProportionalI" value="79.500000" />
  <attribute name="ProportionalH" value="79.500000" />
  <attribute name="Current Error" value="53.000000" />
  <attribute name="IntegralT" value="0.000000" />
  <attribute name="IntegralI" value="0.000000" />
  <attribute name="IntegralH" value="0.000000" />
  <attribute name="DerivativeT" value="inf" />
  <attribute name="DerivativeI" value="inf" />
  <attribute name="DerivativeH" value="inf" />
  <attribute name="Loop Time for DT" value="0.000000" />
  <attribute name="Output H" value="8388608"/>
  <attribute name="Output I" value="200"/>
  <attribute name="Output T" value="1"/>
  <attribute name="Target GC Util Change" value ="20.000000" />
  <attribute name="Current GC Util Change" value="73.000000"/>
  <attribute name="GC Util currently" value="73" />
  <attribute name="CPU Util currently" value="25653399733306" />
<exclusive-end id="163" timestamp="2019-06-17T03:28:53.125" durationms="3.154" />

<exclusive-start id="164" timestamp="2019-06-17T03:28:53.146" intervalms="24.107">
  <response-info timems="0.048" idlems="0.048" threads="0" lastid="0000000001200D00" lastname="Thread-7" />
</exclusive-start>
<allocation-taxation id="165" taxation-threshold="13631488" timestamp="2019-06-17T03:28:53.146" intervalms="24.095" />
<cycle-start id="166" type="partial gc" contextid="0" timestamp="2019-06-17T03:28:53.146" intervalms="24.105" />
<gc-start id="167" type="partial gc" contextid="166" timestamp="2019-06-17T03:28:53.146">
  <mem-info id="168" free="4194304" total="29360128" percent="14">
    <mem type="eden" free="0" total="13631488" percent="0" />
    <remembered-set count="5408" freebytes="1150336" totalbytes="1171968" percent="98" regionsoverflowed="0" regionsstable="0" regionsrebuilding="0"/>
  </mem-info>
</gc-start>
<allocation-stats totalBytes="13626800" >
  <allocated-bytes non-tlh="256" tlh="13626544" arrayletleaf="0"/>
  <largest-consumer threadName="Thread-7" threadId="0000000001200D00" bytes="6351688" />
</allocation-stats>
<gc-op id="169" type="copy forward" timems="1.464" contextid="166" timestamp="2019-06-17T03:28:53.148">
  <memory-copied type="eden" objects="2637" bytes="70512" bytesdiscarded="0" />
  <memory-copied type="other" objects="1586" bytes="38064" bytesdiscarded="0" />
  <memory-cardclean objects="5593" bytes="295144" />
  <regions eden="13" other="1" />
  <remembered-set-cleared processed="3880" cleared="657" durationms="0.095" />
  <stringconstants candidates="4597" cleared="0"  />
</gc-op>
<gc-op id="170" type="classunload" timems="0.003" contextid="166" timestamp="2019-06-17T03:28:53.148">
  <classunload-info classloadercandidates="8" classloadersunloaded="0" classesunloaded="0" anonymousclassesunloaded="0" quiescems="0.000" setupms="0.002" scanms="0.000" postms="0.000" />
</gc-op>
<heap-resize id="171" type="expand" space="default" amount="2097152" count="1" timems="0.062" reason="excessive time being spent in gc" timestamp="2019-06-17T03:28:53.149" />
<gc-end id="172" type="partial gc" contextid="166" durationms="2.465" usertimems="8.000" systemtimems="0.000" timestamp="2019-06-17T03:28:53.149" activeThreads="1">
  <mem-info id="173" free="18874368" total="31457280" percent="60">
    <mem type="eden" free="978064" total="1048576" percent="93" />
    <remembered-set count="6336" freebytes="1230336" totalbytes="1255680" percent="97" regionsoverflowed="0" regionsstable="0" regionsrebuilding="0"/>
  </mem-info>
</gc-end>
<cycle-end id="174" type="partial gc" contextid="166" timestamp="2019-06-17T03:28:53.149" />
  <attribute name="elasticGC enabled" value="1" />
  <attribute name= "numThreadsSpecified" value="1" />
  <attribute name="heapSize specified" value="0" />
  <attribute name="Current GC Util" value="73" />
  <attribute name= "Current Time Running" value="1076" />
  <attribute name ="GC Interval" value="0" />
  <attribute name="ProportionalT" value="79.500000" />
  <attribute name="ProportionalI" value="79.500000" />
  <attribute name="ProportionalH" value="79.500000" />
  <attribute name="Current Error" value="53.000000" />
  <attribute name="IntegralT" value="0.000000" />
  <attribute name="IntegralI" value="0.000000" />
  <attribute name="IntegralH" value="0.000000" />
  <attribute name="DerivativeT" value="inf" />
  <attribute name="DerivativeI" value="inf" />
  <attribute name="DerivativeH" value="inf" />
  <attribute name="Loop Time for DT" value="0.000000" />
  <attribute name="Output H" value="8388608"/>
  <attribute name="Output I" value="200"/>
  <attribute name="Output T" value="1"/>
  <attribute name="Target GC Util Change" value ="20.000000" />
  <attribute name="Current GC Util Change" value="73.000000"/>
  <attribute name="GC Util currently" value="73" />
  <attribute name="CPU Util currently" value="25756414502065" />
<exclusive-end id="175" timestamp="2019-06-17T03:28:53.149" durationms="3.283" />

<exclusive-start id="176" timestamp="2019-06-17T03:28:53.172" intervalms="26.131">
  <response-info timems="0.080" idlems="0.055" threads="1" lastid="0000000001208500" lastname="Thread-9" />
</exclusive-start>
<allocation-taxation id="177" taxation-threshold="14680064" timestamp="2019-06-17T03:28:53.172" intervalms="26.131" />
<cycle-start id="178" type="partial gc" contextid="0" timestamp="2019-06-17T03:28:53.172" intervalms="26.158" />
<gc-start id="179" type="partial gc" contextid="178" timestamp="2019-06-17T03:28:53.172">
  <mem-info id="180" free="4194304" total="31457280" percent="13">
    <mem type="eden" free="0" total="14680064" percent="0" />
    <remembered-set count="5888" freebytes="1232128" totalbytes="1255680" percent="98" regionsoverflowed="0" regionsstable="0" regionsrebuilding="0"/>
  </mem-info>
</gc-start>
<allocation-stats totalBytes="14677448" >
  <allocated-bytes non-tlh="0" tlh="14677448" arrayletleaf="0"/>
  <largest-consumer threadName="Thread-7" threadId="0000000001200D00" bytes="6257832" />
</allocation-stats>
<gc-op id="181" type="copy forward" timems="1.597" contextid="178" timestamp="2019-06-17T03:28:53.175">
  <memory-copied type="eden" objects="1313" bytes="41192" bytesdiscarded="5352" />
  <memory-copied type="other" objects="4341" bytes="110760" bytesdiscarded="2472" />
  <memory-cardclean objects="8073" bytes="433776" />
  <regions eden="14" other="2" />
  <remembered-set-cleared processed="3991" cleared="1087" durationms="0.093" />
  <stringconstants candidates="4597" cleared="0"  />
</gc-op>
<gc-op id="182" type="classunload" timems="0.003" contextid="178" timestamp="2019-06-17T03:28:53.175">
  <classunload-info classloadercandidates="8" classloadersunloaded="0" classesunloaded="0" anonymousclassesunloaded="0" quiescems="0.000" setupms="0.003" scanms="0.000" postms="0.000" />
</gc-op>
<heap-resize id="183" type="expand" space="default" amount="5242880" count="1" timems="0.077" reason="excessive time being spent in gc" timestamp="2019-06-17T03:28:53.175" />
<gc-end id="184" type="partial gc" contextid="178" durationms="2.786" usertimems="4.000" systemtimems="0.000" timestamp="2019-06-17T03:28:53.175" activeThreads="4">
  <mem-info id="185" free="22020096" total="36700160" percent="60">
    <mem type="eden" free="2050608" total="2097152" percent="97" />
    <remembered-set count="6464" freebytes="1439104" totalbytes="1464960" percent="98" regionsoverflowed="0" regionsstable="0" regionsrebuilding="0"/>
  </mem-info>
</gc-end>
<cycle-end id="186" type="partial gc" contextid="178" timestamp="2019-06-17T03:28:53.175" />
  <attribute name="elasticGC enabled" value="1" />
  <attribute name= "numThreadsSpecified" value="4" />
  <attribute name="heapSize specified" value="0" />
  <attribute name="Current GC Util" value="59" />
  <attribute name= "Current Time Running" value="1103" />
  <attribute name ="GC Interval" value="0" />
  <attribute name="ProportionalT" value="58.500000" />
  <attribute name="ProportionalI" value="58.500000" />
  <attribute name="ProportionalH" value="58.500000" />
  <attribute name="Current Error" value="39.000000" />
  <attribute name="IntegralT" value="39.000000" />
  <attribute name="IntegralI" value="39.000000" />
  <attribute name="IntegralH" value="39.000000" />
  <attribute name="DerivativeT" value="58.500000" />
  <attribute name="DerivativeI" value="58.500000" />
  <attribute name="DerivativeH" value="58.500000" />
  <attribute name="Loop Time for DT" value="1.000000" />
  <attribute name="Output H" value="8388608"/>
  <attribute name="Output I" value="200"/>
  <attribute name="Output T" value="4"/>
  <attribute name="Target GC Util Change" value ="20.000000" />
  <attribute name="Current GC Util Change" value="59.000000"/>
  <attribute name="GC Util currently" value="59" />
  <attribute name="CPU Util currently" value="18753704704720" />
<exclusive-end id="187" timestamp="2019-06-17T03:28:53.175" durationms="3.725" />

<exclusive-start id="188" timestamp="2019-06-17T03:28:53.202" intervalms="29.957">
  <response-info timems="0.046" idlems="0.025" threads="1" lastid="000000000120C100" lastname="Thread-10" />
</exclusive-start>
<allocation-taxation id="189" taxation-threshold="15728640" timestamp="2019-06-17T03:28:53.202" intervalms="29.956" />
<cycle-start id="190" type="partial gc" contextid="0" timestamp="2019-06-17T03:28:53.202" intervalms="29.939" />
<gc-start id="191" type="partial gc" contextid="190" timestamp="2019-06-17T03:28:53.202">
  <mem-info id="192" free="6291456" total="36700160" percent="17">
    <mem type="eden" free="0" total="15728640" percent="0" />
    <remembered-set count="5984" freebytes="1441024" totalbytes="1464960" percent="98" regionsoverflowed="0" regionsstable="0" regionsrebuilding="0"/>
  </mem-info>
</gc-start>
<allocation-stats totalBytes="15726472" >
  <allocated-bytes non-tlh="0" tlh="15726472" arrayletleaf="0"/>
  <largest-consumer threadName="Thread-7" threadId="0000000001200D00" bytes="5938440" />
</allocation-stats>
<gc-op id="193" type="copy forward" timems="2.062" contextid="190" timestamp="2019-06-17T03:28:53.205">
  <memory-copied type="eden" objects="6660" bytes="304360" bytesdiscarded="0" />
  <memory-copied type="other" objects="7921" bytes="363584" bytesdiscarded="0" />
  <memory-cardclean objects="2912" bytes="205752" />
  <regions eden="15" other="3" />
  <remembered-set-cleared processed="4780" cleared="1599" durationms="0.107" />
  <stringconstants candidates="4597" cleared="0"  />
</gc-op>
<gc-op id="194" type="classunload" timems="0.002" contextid="190" timestamp="2019-06-17T03:28:53.205">
  <classunload-info classloadercandidates="8" classloadersunloaded="0" classesunloaded="0" anonymousclassesunloaded="0" quiescems="0.000" setupms="0.002" scanms="0.000" postms="0.000" />
</gc-op>
<gc-end id="195" type="partial gc" contextid="190" durationms="2.938" usertimems="0.000" systemtimems="0.000" timestamp="2019-06-17T03:28:53.205" activeThreads="1">
  <mem-info id="196" free="22020096" total="36700160" percent="60">
    <mem type="eden" free="744216" total="1048576" percent="70" />
    <remembered-set count="6432" freebytes="1439232" totalbytes="1464960" percent="98" regionsoverflowed="0" regionsstable="0" regionsrebuilding="0"/>
  </mem-info>
</gc-end>
<cycle-end id="197" type="partial gc" contextid="190" timestamp="2019-06-17T03:28:53.205" />
  <attribute name="elasticGC enabled" value="1" />
  <attribute name= "numThreadsSpecified" value="1" />
  <attribute name="heapSize specified" value="0" />
  <attribute name="Current GC Util" value="51" />
  <attribute name= "Current Time Running" value="1132" />
  <attribute name ="GC Interval" value="0" />
  <attribute name="ProportionalT" value="46.500000" />
  <attribute name="ProportionalI" value="46.500000" />
  <attribute name="ProportionalH" value="46.500000" />
  <attribute name="Current Error" value="31.000000" />
  <attribute name="IntegralT" value="0.000000" />
  <attribute name="IntegralI" value="0.000000" />
  <attribute name="IntegralH" value="0.000000" />
  <attribute name="DerivativeT" value="inf" />
  <attribute name="DerivativeI" value="inf" />
  <attribute name="DerivativeH" value="inf" />
  <attribute name="Loop Time for DT" value="0.000000" />
  <attribute name="Output H" value="8388608"/>
  <attribute name="Output I" value="200"/>
  <attribute name="Output T" value="1"/>
  <attribute name="Target GC Util Change" value ="20.000000" />
  <attribute name="Current GC Util Change" value="51.000000"/>
  <attribute name="GC Util currently" value="51" />
  <attribute name="CPU Util currently" value="19384406580814" />
<exclusive-end id="198" timestamp="2019-06-17T03:28:53.205" durationms="3.733" />

<exclusive-start id="199" timestamp="2019-06-17T03:28:53.224" intervalms="22.565">
  <response-info timems="0.045" idlems="0.026" threads="1" lastid="000000000120C100" lastname="Thread-10" />
</exclusive-start>
<allocation-taxation id="200" taxation-threshold="15728640" timestamp="2019-06-17T03:28:53.224" intervalms="22.571" />
<cycle-start id="201" type="partial gc" contextid="0" timestamp="2019-06-17T03:28:53.225" intervalms="22.574" />
<gc-start id="202" type="partial gc" contextid="201" timestamp="2019-06-17T03:28:53.225">
  <mem-info id="203" free="6291456" total="36700160" percent="17">
    <mem type="eden" free="0" total="15728640" percent="0" />
    <remembered-set count="6176" freebytes="1440256" totalbytes="1464960" percent="98" regionsoverflowed="0" regionsstable="0" regionsrebuilding="0"/>
  </mem-info>
</gc-start>
<allocation-stats totalBytes="15727072" >
  <allocated-bytes non-tlh="0" tlh="15727072" arrayletleaf="0"/>
  <largest-consumer threadName="Thread-8" threadId="0000000001204900" bytes="5909792" />
</allocation-stats>
<gc-op id="204" type="copy forward" timems="3.136" contextid="201" timestamp="2019-06-17T03:28:53.229">
  <memory-copied type="eden" objects="2697" bytes="65536" bytesdiscarded="0" />
  <memory-copied type="other" objects="17238" bytes="1109648" bytesdiscarded="456" />
  <memory-cardclean objects="8462" bytes="471256" />
  <regions eden="15" other="2" />
  <remembered-set-cleared processed="4392" cleared="1826" durationms="0.113" />
  <references type="soft" candidates="15" cleared="0" enqueued="0" dynamicThreshold="19" maxThreshold="32" />
  <references type="weak" candidates="13" cleared="0" enqueued="0" />
  <references type="phantom" candidates="2" cleared="0" enqueued="0" />
  <stringconstants candidates="4597" cleared="0"  />
</gc-op>
<gc-op id="205" type="classunload" timems="0.003" contextid="201" timestamp="2019-06-17T03:28:53.229">
  <classunload-info classloadercandidates="8" classloadersunloaded="0" classesunloaded="0" anonymousclassesunloaded="0" quiescems="0.000" setupms="0.003" scanms="0.000" postms="0.000" />
</gc-op>
<gc-end id="206" type="partial gc" contextid="201" durationms="4.060" usertimems="8.000" systemtimems="0.000" timestamp="2019-06-17T03:28:53.229" activeThreads="1">
  <mem-info id="207" free="22020096" total="36700160" percent="60">
    <mem type="eden" free="983040" total="1048576" percent="93" />
    <remembered-set count="7616" freebytes="1434496" totalbytes="1464960" percent="97" regionsoverflowed="0" regionsstable="0" regionsrebuilding="0"/>
  </mem-info>
</gc-end>
<cycle-end id="208" type="partial gc" contextid="201" timestamp="2019-06-17T03:28:53.229" />
  <attribute name="elasticGC enabled" value="1" />
  <attribute name= "numThreadsSpecified" value="1" />
  <attribute name="heapSize specified" value="0" />
  <attribute name="Current GC Util" value="75" />
  <attribute name= "Current Time Running" value="1155" />
  <attribute name ="GC Interval" value="0" />
  <attribute name="ProportionalT" value="82.500000" />
  <attribute name="ProportionalI" value="82.500000" />
  <attribute name="ProportionalH" value="82.500000" />
  <attribute name="Current Error" value="55.000000" />
  <attribute name="IntegralT" value="0.000000" />
  <attribute name="IntegralI" value="0.000000" />
  <attribute name="IntegralH" value="0.000000" />
  <attribute name="DerivativeT" value="inf" />
  <attribute name="DerivativeI" value="inf" />
  <attribute name="DerivativeH" value="inf" />
  <attribute name="Loop Time for DT" value="0.000000" />
  <attribute name="Output H" value="8388608"/>
  <attribute name="Output I" value="200"/>
  <attribute name="Output T" value="1"/>
  <attribute name="Target GC Util Change" value ="20.000000" />
  <attribute name="Current GC Util Change" value="75.000000"/>
  <attribute name="GC Util currently" value="75" />
  <attribute name="CPU Util currently" value="19110885561401" />
<exclusive-end id="209" timestamp="2019-06-17T03:28:53.229" durationms="4.899" />

<exclusive-start id="210" timestamp="2019-06-17T03:28:53.249" intervalms="24.589">
  <response-info timems="0.113" idlems="0.113" threads="0" lastid="0000000001200D00" lastname="Thread-7" />
</exclusive-start>
<allocation-taxation id="211" taxation-threshold="15728640" timestamp="2019-06-17T03:28:53.249" intervalms="24.636" />
<cycle-start id="212" type="partial gc" contextid="0" timestamp="2019-06-17T03:28:53.249" intervalms="24.642" />
<gc-start id="213" type="partial gc" contextid="212" timestamp="2019-06-17T03:28:53.249">
  <mem-info id="214" free="6291456" total="36700160" percent="17">
    <mem type="eden" free="0" total="15728640" percent="0" />
    <remembered-set count="7520" freebytes="1434880" totalbytes="1464960" percent="97" regionsoverflowed="0" regionsstable="0" regionsrebuilding="0"/>
  </mem-info>
</gc-start>
<allocation-stats totalBytes="15726896" >
  <allocated-bytes non-tlh="0" tlh="15726896" arrayletleaf="0"/>
  <largest-consumer threadName="Thread-8" threadId="0000000001204900" bytes="6745456" />
</allocation-stats>
<gc-op id="215" type="copy forward" timems="2.154" contextid="212" timestamp="2019-06-17T03:28:53.252">
  <memory-copied type="eden" objects="14519" bytes="623608" bytesdiscarded="0" />
  <memory-copied type="other" objects="2572" bytes="61880" bytesdiscarded="0" />
  <memory-cardclean objects="6950" bytes="360720" />
  <regions eden="15" other="1" />
  <remembered-set-cleared processed="5408" cleared="683" durationms="0.112" />
  <stringconstants candidates="4597" cleared="0"  />
</gc-op>
<gc-op id="216" type="classunload" timems="0.002" contextid="212" timestamp="2019-06-17T03:28:53.252">
  <classunload-info classloadercandidates="8" classloadersunloaded="0" classesunloaded="0" anonymousclassesunloaded="0" quiescems="0.000" setupms="0.002" scanms="0.000" postms="0.000" />
</gc-op>
<heap-resize id="217" type="expand" space="default" amount="3145728" count="1" timems="0.068" reason="excessive time being spent in gc" timestamp="2019-06-17T03:28:53.253" />
<gc-end id="218" type="partial gc" contextid="212" durationms="3.195" usertimems="8.000" systemtimems="0.000" timestamp="2019-06-17T03:28:53.253" activeThreads="1">
  <mem-info id="219" free="24117248" total="39845888" percent="60">
    <mem type="eden" free="424968" total="1048576" percent="40" />
    <remembered-set count="8320" freebytes="1557248" totalbytes="1590528" percent="97" regionsoverflowed="0" regionsstable="0" regionsrebuilding="0"/>
  </mem-info>
</gc-end>
<cycle-end id="220" type="partial gc" contextid="212" timestamp="2019-06-17T03:28:53.253" />
  <attribute name="elasticGC enabled" value="1" />
  <attribute name= "numThreadsSpecified" value="1" />
  <attribute name="heapSize specified" value="0" />
  <attribute name="Current GC Util" value="67" />
  <attribute name= "Current Time Running" value="1179" />
  <attribute name ="GC Interval" value="0" />
  <attribute name="ProportionalT" value="70.500000" />
  <attribute name="ProportionalI" value="70.500000" />
  <attribute name="ProportionalH" value="70.500000" />
  <attribute name="Current Error" value="47.000000" />
  <attribute name="IntegralT" value="0.000000" />
  <attribute name="IntegralI" value="0.000000" />
  <attribute name="IntegralH" value="0.000000" />
  <attribute name="DerivativeT" value="inf" />
  <attribute name="DerivativeI" value="inf" />
  <attribute name="DerivativeH" value="inf" />
  <attribute name="Loop Time for DT" value="0.000000" />
  <attribute name="Output H" value="8388608"/>
  <attribute name="Output I" value="200"/>
  <attribute name="Output T" value="1"/>
  <attribute name="Target GC Util Change" value ="20.000000" />
  <attribute name="Current GC Util Change" value="67.000000"/>
  <attribute name="GC Util currently" value="67" />
  <attribute name="CPU Util currently" value="20935849027531" />
<exclusive-end id="221" timestamp="2019-06-17T03:28:53.253" durationms="4.099" />

<exclusive-start id="222" timestamp="2019-06-17T03:28:53.270" intervalms="21.162">
  <response-info timems="0.063" idlems="0.063" threads="0" lastid="0000000001208500" lastname="Thread-9" />
</exclusive-start>
<allocation-taxation id="223" taxation-threshold="16777216" timestamp="2019-06-17T03:28:53.270" intervalms="21.148" />
<cycle-start id="224" type="partial gc" contextid="0" timestamp="2019-06-17T03:28:53.270" intervalms="21.119" />
<gc-start id="225" type="partial gc" contextid="224" timestamp="2019-06-17T03:28:53.271">
  <mem-info id="226" free="7340032" total="39845888" percent="18">
    <mem type="eden" free="0" total="16777216" percent="0" />
    <remembered-set count="8032" freebytes="1558400" totalbytes="1590528" percent="97" regionsoverflowed="0" regionsstable="0" regionsrebuilding="0"/>
  </mem-info>
</gc-start>
<allocation-stats totalBytes="16774888" >
  <allocated-bytes non-tlh="0" tlh="16774888" arrayletleaf="0"/>
  <largest-consumer threadName="Thread-7" threadId="0000000001200D00" bytes="5999976" />
</allocation-stats>
<gc-op id="227" type="copy forward" timems="1.819" contextid="224" timestamp="2019-06-17T03:28:53.273">
  <memory-copied type="eden" objects="2986" bytes="72944" bytesdiscarded="36992" />
  <memory-copied type="other" objects="14470" bytes="622032" bytesdiscarded="90928" />
  <memory-cardclean objects="4967" bytes="265808" />
  <regions eden="16" other="1" />
  <remembered-set-cleared processed="6022" cleared="775" durationms="0.083" />
  <stringconstants candidates="4597" cleared="0"  />
</gc-op>
<gc-op id="228" type="classunload" timems="0.003" contextid="224" timestamp="2019-06-17T03:28:53.273">
  <classunload-info classloadercandidates="8" classloadersunloaded="0" classesunloaded="0" anonymousclassesunloaded="0" quiescems="0.000" setupms="0.003" scanms="0.000" postms="0.000" />
</gc-op>
<heap-resize id="229" type="expand" space="default" amount="2097152" count="1" timems="0.071" reason="excessive time being spent in gc" timestamp="2019-06-17T03:28:53.273" />
<gc-end id="230" type="partial gc" contextid="224" durationms="2.949" usertimems="4.000" systemtimems="0.000" timestamp="2019-06-17T03:28:53.273" activeThreads="4">
  <mem-info id="231" free="25165824" total="41943040" percent="60">
    <mem type="eden" free="938640" total="1048576" percent="89" />
    <remembered-set count="8800" freebytes="1639040" totalbytes="1674240" percent="97" regionsoverflowed="0" regionsstable="0" regionsrebuilding="0"/>
  </mem-info>
</gc-end>
<cycle-end id="232" type="partial gc" contextid="224" timestamp="2019-06-17T03:28:53.274" />
  <attribute name="elasticGC enabled" value="1" />
  <attribute name= "numThreadsSpecified" value="4" />
  <attribute name="heapSize specified" value="0" />
  <attribute name="Current GC Util" value="71" />
  <attribute name= "Current Time Running" value="1201" />
  <attribute name ="GC Interval" value="0" />
  <attribute name="ProportionalT" value="76.500000" />
  <attribute name="ProportionalI" value="76.500000" />
  <attribute name="ProportionalH" value="76.500000" />
  <attribute name="Current Error" value="51.000000" />
  <attribute name="IntegralT" value="51.000000" />
  <attribute name="IntegralI" value="51.000000" />
  <attribute name="IntegralH" value="51.000000" />
  <attribute name="DerivativeT" value="76.500000" />
  <attribute name="DerivativeI" value="76.500000" />
  <attribute name="DerivativeH" value="76.500000" />
  <attribute name="Loop Time for DT" value="1.000000" />
  <attribute name="Output H" value="8388608"/>
  <attribute name="Output I" value="208"/>
  <attribute name="Output T" value="4"/>
  <attribute name="Target GC Util Change" value ="20.000000" />
  <attribute name="Current GC Util Change" value="71.000000"/>
  <attribute name="GC Util currently" value="71" />
  <attribute name="CPU Util currently" value="22790752690424" />
<exclusive-end id="233" timestamp="2019-06-17T03:28:53.274" durationms="3.678" />

<exclusive-start id="234" timestamp="2019-06-17T03:28:53.290" intervalms="19.553">
  <response-info timems="0.370" idlems="0.370" threads="0" lastid="0000000001200D00" lastname="Thread-7" />
</exclusive-start>
<allocation-taxation id="235" taxation-threshold="16777216" timestamp="2019-06-17T03:28:53.290" intervalms="19.491" />
<cycle-start id="236" type="partial gc" contextid="0" timestamp="2019-06-17T03:28:53.290" intervalms="19.539" />
<gc-start id="237" type="partial gc" contextid="236" timestamp="2019-06-17T03:28:53.290">
  <mem-info id="238" free="8388608" total="41943040" percent="20">
    <mem type="eden" free="0" total="16777216" percent="0" />
    <remembered-set count="8768" freebytes="1639168" totalbytes="1674240" percent="97" regionsoverflowed="0" regionsstable="0" regionsrebuilding="0"/>
  </mem-info>
</gc-start>
<allocation-stats totalBytes="16775168" >
  <allocated-bytes non-tlh="0" tlh="16775168" arrayletleaf="0"/>
  <largest-consumer threadName="Thread-9" threadId="0000000001208500" bytes="6135040" />
</allocation-stats>
<gc-op id="239" type="copy forward" timems="2.509" contextid="236" timestamp="2019-06-17T03:28:53.293">
  <memory-copied type="eden" objects="3771" bytes="91416" bytesdiscarded="0" />
  <memory-copied type="other" objects="17285" bytes="689960" bytesdiscarded="0" />
  <memory-cardclean objects="5504" bytes="272944" />
  <regions eden="16" other="2" />
  <remembered-set-cleared processed="6201" cleared="952" durationms="0.108" />
  <stringconstants candidates="4597" cleared="0"  />
</gc-op>
<gc-op id="240" type="classunload" timems="0.002" contextid="236" timestamp="2019-06-17T03:28:53.293">
  <classunload-info classloadercandidates="8" classloadersunloaded="0" classesunloaded="0" anonymousclassesunloaded="0" quiescems="0.000" setupms="0.002" scanms="0.000" postms="0.000" />
</gc-op>
<heap-resize id="241" type="expand" space="default" amount="3145728" count="1" timems="0.065" reason="excessive time being spent in gc" timestamp="2019-06-17T03:28:53.293" />
<gc-end id="242" type="partial gc" contextid="236" durationms="3.486" usertimems="8.000" systemtimems="0.000" timestamp="2019-06-17T03:28:53.294" activeThreads="1">
  <mem-info id="243" free="27262976" total="45088768" percent="60">
    <mem type="eden" free="957160" total="1048576" percent="91" />
    <remembered-set count="9600" freebytes="1761408" totalbytes="1799808" percent="97" regionsoverflowed="0" regionsstable="0" regionsrebuilding="0"/>
  </mem-info>
</gc-end>
<cycle-end id="244" type="partial gc" contextid="236" timestamp="2019-06-17T03:28:53.294" />
  <attribute name="elasticGC enabled" value="1" />
  <attribute name= "numThreadsSpecified" value="1" />
  <attribute name="heapSize specified" value="0" />
  <attribute name="Current GC Util" value="53" />
  <attribute name= "Current Time Running" value="1220" />
  <attribute name ="GC Interval" value="0" />
  <attribute name="ProportionalT" value="49.500000" />
  <attribute name="ProportionalI" value="49.500000" />
  <attribute name="ProportionalH" value="49.500000" />
  <attribute name="Current Error" value="33.000000" />
  <attribute name="IntegralT" value="0.000000" />
  <attribute name="IntegralI" value="0.000000" />
  <attribute name="IntegralH" value="0.000000" />
  <attribute name="DerivativeT" value="inf" />
  <attribute name="DerivativeI" value="inf" />
  <attribute name="DerivativeH" value="inf" />
  <attribute name="Loop Time for DT" value="0.000000" />
  <attribute name="Output H" value="8388608"/>
  <attribute name="Output I" value="200"/>
  <attribute name="Output T" value="1"/>
  <attribute name="Target GC Util Change" value ="20.000000" />
  <attribute name="Current GC Util Change" value="53.000000"/>
  <attribute name="GC Util currently" value="53" />
  <attribute name="CPU Util currently" value="21011012014441" />
<exclusive-end id="245" timestamp="2019-06-17T03:28:53.294" durationms="4.262" />

<exclusive-start id="246" timestamp="2019-06-17T03:28:53.310" intervalms="20.242">
  <response-info timems="0.034" idlems="0.034" threads="0" lastid="000000000120C100" lastname="Thread-10" />
</exclusive-start>
<allocation-taxation id="247" taxation-threshold="17825792" timestamp="2019-06-17T03:28:53.310" intervalms="20.249" />
<cycle-start id="248" type="partial gc" contextid="0" timestamp="2019-06-17T03:28:53.310" intervalms="20.175" />
<gc-start id="249" type="partial gc" contextid="248" timestamp="2019-06-17T03:28:53.310">
  <mem-info id="250" free="9437184" total="45088768" percent="20">
    <mem type="eden" free="0" total="17825792" percent="0" />
    <remembered-set count="9120" freebytes="1763328" totalbytes="1799808" percent="97" regionsoverflowed="0" regionsstable="0" regionsrebuilding="0"/>
  </mem-info>
</gc-start>
<allocation-stats totalBytes="17823280" >
  <allocated-bytes non-tlh="0" tlh="17823280" arrayletleaf="0"/>
  <largest-consumer threadName="Thread-7" threadId="0000000001200D00" bytes="6187992" />
</allocation-stats>
<gc-op id="251" type="copy forward" timems="1.868" contextid="248" timestamp="2019-06-17T03:28:53.313">
  <memory-copied type="eden" objects="8156" bytes="334152" bytesdiscarded="0" />
  <memory-copied type="other" objects="3597" bytes="86328" bytesdiscarded="0" />
  <memory-cardclean objects="7812" bytes="439912" />
  <regions eden="17" other="1" />
  <remembered-set-cleared processed="7247" cleared="660" durationms="0.128" />
  <stringconstants candidates="4597" cleared="0"  />
</gc-op>
<gc-op id="252" type="classunload" timems="0.002" contextid="248" timestamp="2019-06-17T03:28:53.313">
  <classunload-info classloadercandidates="8" classloadersunloaded="0" classesunloaded="0" anonymousclassesunloaded="0" quiescems="0.000" setupms="0.002" scanms="0.000" postms="0.000" />
</gc-op>
<heap-resize id="253" type="expand" space="default" amount="2097152" count="1" timems="0.063" reason="excessive time being spent in gc" timestamp="2019-06-17T03:28:53.313" />
<gc-end id="254" type="partial gc" contextid="248" durationms="2.784" usertimems="4.000" systemtimems="0.000" timestamp="2019-06-17T03:28:53.313" activeThreads="1">
  <mem-info id="255" free="28311552" total="47185920" percent="60">
    <mem type="eden" free="714424" total="1048576" percent="68" />
    <remembered-set count="9888" freebytes="1843968" totalbytes="1883520" percent="97" regionsoverflowed="0" regionsstable="0" regionsrebuilding="0"/>
  </mem-info>
</gc-end>
<cycle-end id="256" type="partial gc" contextid="248" timestamp="2019-06-17T03:28:53.313" />
  <attribute name="elasticGC enabled" value="1" />
  <attribute name= "numThreadsSpecified" value="1" />
  <attribute name="heapSize specified" value="0" />
  <attribute name="Current GC Util" value="72" />
  <attribute name= "Current Time Running" value="1240" />
  <attribute name ="GC Interval" value="0" />
  <attribute name="ProportionalT" value="78.000000" />
  <attribute name="ProportionalI" value="78.000000" />
  <attribute name="ProportionalH" value="78.000000" />
  <attribute name="Current Error" value="52.000000" />
  <attribute name="IntegralT" value="0.000000" />
  <attribute name="IntegralI" value="0.000000" />
  <attribute name="IntegralH" value="0.000000" />
  <attribute name="DerivativeT" value="inf" />
  <attribute name="DerivativeI" value="inf" />
  <attribute name="DerivativeH" value="inf" />
  <attribute name="Loop Time for DT" value="0.000000" />
  <attribute name="Output H" value="8388608"/>
  <attribute name="Output I" value="200"/>
  <attribute name="Output T" value="1"/>
  <attribute name="Target GC Util Change" value ="20.000000" />
  <attribute name="Current GC Util Change" value="72.000000"/>
  <attribute name="GC Util currently" value="72" />
  <attribute name="CPU Util currently" value="22569020862343" />
<exclusive-end id="257" timestamp="2019-06-17T03:28:53.313" durationms="3.467" />

<exclusive-start id="258" timestamp="2019-06-17T03:28:53.331" intervalms="20.997">
  <response-info timems="0.029" idlems="0.029" threads="0" lastid="000000000120C100" lastname="Thread-10" />
</exclusive-start>
<allocation-taxation id="259" taxation-threshold="18874368" timestamp="2019-06-17T03:28:53.331" intervalms="20.975" />
<cycle-start id="260" type="partial gc" contextid="0" timestamp="2019-06-17T03:28:53.331" intervalms="20.986" />
<gc-start id="261" type="partial gc" contextid="260" timestamp="2019-06-17T03:28:53.331">
  <mem-info id="262" free="9437184" total="47185920" percent="20">
    <mem type="eden" free="0" total="18874368" percent="0" />
    <remembered-set count="9696" freebytes="1844736" totalbytes="1883520" percent="97" regionsoverflowed="0" regionsstable="0" regionsrebuilding="0"/>
  </mem-info>
</gc-start>
<allocation-stats totalBytes="18871784" >
  <allocated-bytes non-tlh="0" tlh="18871784" arrayletleaf="0"/>
  <largest-consumer threadName="Thread-10" threadId="000000000120C100" bytes="6315160" />
</allocation-stats>
<gc-op id="263" type="copy forward" timems="2.315" contextid="260" timestamp="2019-06-17T03:28:53.334">
  <memory-copied type="eden" objects="8894" bytes="352112" bytesdiscarded="0" />
  <memory-copied type="other" objects="7967" bytes="328584" bytesdiscarded="0" />
  <memory-cardclean objects="5992" bytes="318960" />
  <regions eden="18" other="1" />
  <remembered-set-cleared processed="7942" cleared="753" durationms="0.134" />
  <stringconstants candidates="4597" cleared="0"  />
</gc-op>
<gc-op id="264" type="classunload" timems="0.003" contextid="260" timestamp="2019-06-17T03:28:53.334">
  <classunload-info classloadercandidates="8" classloadersunloaded="0" classesunloaded="0" anonymousclassesunloaded="0" quiescems="0.000" setupms="0.001" scanms="0.000" postms="0.000" />
</gc-op>
<heap-resize id="265" type="expand" space="default" amount="3145728" count="1" timems="0.065" reason="excessive time being spent in gc" timestamp="2019-06-17T03:28:53.334" />
<gc-end id="266" type="partial gc" contextid="260" durationms="3.274" usertimems="8.000" systemtimems="0.000" timestamp="2019-06-17T03:28:53.334" activeThreads="1">
  <mem-info id="267" free="30408704" total="50331648" percent="60">
    <mem type="eden" free="696464" total="1048576" percent="66" />
    <remembered-set count="10496" freebytes="1967104" totalbytes="2009088" percent="97" regionsoverflowed="0" regionsstable="0" regionsrebuilding="0"/>
  </mem-info>
</gc-end>
<cycle-end id="268" type="partial gc" contextid="260" timestamp="2019-06-17T03:28:53.335" />
  <attribute name="elasticGC enabled" value="1" />
  <attribute name= "numThreadsSpecified" value="1" />
  <attribute name="heapSize specified" value="0" />
  <attribute name="Current GC Util" value="77" />
  <attribute name= "Current Time Running" value="1261" />
  <attribute name ="GC Interval" value="0" />
  <attribute name="ProportionalT" value="85.500000" />
  <attribute name="ProportionalI" value="85.500000" />
  <attribute name="ProportionalH" value="85.500000" />
  <attribute name="Current Error" value="57.000000" />
  <attribute name="IntegralT" value="0.000000" />
  <attribute name="IntegralI" value="0.000000" />
  <attribute name="IntegralH" value="0.000000" />
  <attribute name="DerivativeT" value="inf" />
  <attribute name="DerivativeI" value="inf" />
  <attribute name="DerivativeH" value="inf" />
  <attribute name="Loop Time for DT" value="0.000000" />
  <attribute name="Output H" value="8388608"/>
  <attribute name="Output I" value="200"/>
  <attribute name="Output T" value="1"/>
  <attribute name="Target GC Util Change" value ="20.000000" />
  <attribute name="Current GC Util Change" value="77.000000"/>
  <attribute name="GC Util currently" value="77" />
  <attribute name="CPU Util currently" value="26938047710670" />
<exclusive-end id="269" timestamp="2019-06-17T03:28:53.335" durationms="3.874" />

<exclusive-start id="270" timestamp="2019-06-17T03:28:53.353" intervalms="21.859">
  <response-info timems="0.029" idlems="0.029" threads="0" lastid="000000000120C100" lastname="Thread-10" />
</exclusive-start>
<allocation-taxation id="271" taxation-threshold="18874368" timestamp="2019-06-17T03:28:53.353" intervalms="21.859" />
<cycle-start id="272" type="partial gc" contextid="0" timestamp="2019-06-17T03:28:53.353" intervalms="21.856" />
<gc-start id="273" type="partial gc" contextid="272" timestamp="2019-06-17T03:28:53.353">
  <mem-info id="274" free="11534336" total="50331648" percent="22">
    <mem type="eden" free="0" total="18874368" percent="0" />
    <remembered-set count="10336" freebytes="1967744" totalbytes="2009088" percent="97" regionsoverflowed="0" regionsstable="0" regionsrebuilding="0"/>
  </mem-info>
</gc-start>
<allocation-stats totalBytes="18872168" >
  <allocated-bytes non-tlh="0" tlh="18872168" arrayletleaf="0"/>
  <largest-consumer threadName="Thread-10" threadId="000000000120C100" bytes="6417712" />
</allocation-stats>
<gc-op id="275" type="copy forward" timems="1.983" contextid="272" timestamp="2019-06-17T03:28:53.356">
  <memory-copied type="eden" objects="3941" bytes="95896" bytesdiscarded="0" />
  <memory-copied type="other" objects="8644" bytes="344832" bytesdiscarded="0" />
  <memory-cardclean objects="7082" bytes="386600" />
  <regions eden="18" other="1" />
  <remembered-set-cleared processed="8482" cleared="728" durationms="0.143" />
  <stringconstants candidates="4597" cleared="0"  />
</gc-op>
<gc-op id="276" type="classunload" timems="0.002" contextid="272" timestamp="2019-06-17T03:28:53.356">
  <classunload-info classloadercandidates="8" classloadersunloaded="0" classesunloaded="0" anonymousclassesunloaded="0" quiescems="0.000" setupms="0.002" scanms="0.000" postms="0.000" />
</gc-op>
<heap-resize id="277" type="expand" space="default" amount="2097152" count="1" timems="0.061" reason="excessive time being spent in gc" timestamp="2019-06-17T03:28:53.356" />
<gc-end id="278" type="partial gc" contextid="272" durationms="2.986" usertimems="4.000" systemtimems="0.000" timestamp="2019-06-17T03:28:53.356" activeThreads="1">
  <mem-info id="279" free="31457280" total="52428800" percent="60">
    <mem type="eden" free="952680" total="1048576" percent="90" />
    <remembered-set count="11168" freebytes="2048128" totalbytes="2092800" percent="97" regionsoverflowed="0" regionsstable="0" regionsrebuilding="0"/>
  </mem-info>
</gc-end>
<cycle-end id="280" type="partial gc" contextid="272" timestamp="2019-06-17T03:28:53.356" />
  <attribute name="elasticGC enabled" value="1" />
  <attribute name= "numThreadsSpecified" value="1" />
  <attribute name="heapSize specified" value="0" />
  <attribute name="Current GC Util" value="63" />
  <attribute name= "Current Time Running" value="1283" />
  <attribute name ="GC Interval" value="0" />
  <attribute name="ProportionalT" value="64.500000" />
  <attribute name="ProportionalI" value="64.500000" />
  <attribute name="ProportionalH" value="64.500000" />
  <attribute name="Current Error" value="43.000000" />
  <attribute name="IntegralT" value="0.000000" />
  <attribute name="IntegralI" value="0.000000" />
  <attribute name="IntegralH" value="0.000000" />
  <attribute name="DerivativeT" value="inf" />
  <attribute name="DerivativeI" value="inf" />
  <attribute name="DerivativeH" value="inf" />
  <attribute name="Loop Time for DT" value="0.000000" />
  <attribute name="Output H" value="8388608"/>
  <attribute name="Output I" value="200"/>
  <attribute name="Output T" value="1"/>
  <attribute name="Target GC Util Change" value ="20.000000" />
  <attribute name="Current GC Util Change" value="63.000000"/>
  <attribute name="GC Util currently" value="63" />
  <attribute name="CPU Util currently" value="20940602268533" />
<exclusive-end id="281" timestamp="2019-06-17T03:28:53.356" durationms="3.589" />

<exclusive-start id="282" timestamp="2019-06-17T03:28:53.375" intervalms="22.778">
  <response-info timems="0.048" idlems="0.048" threads="0" lastid="000000000120C100" lastname="Thread-10" />
</exclusive-start>
<allocation-taxation id="283" taxation-threshold="19922944" timestamp="2019-06-17T03:28:53.376" intervalms="22.790" />
<cycle-start id="284" type="partial gc" contextid="0" timestamp="2019-06-17T03:28:53.376" intervalms="22.790" />
<gc-start id="285" type="partial gc" contextid="284" timestamp="2019-06-17T03:28:53.376">
  <mem-info id="286" free="11534336" total="52428800" percent="22">
    <mem type="eden" free="0" total="19922944" percent="0" />
    <remembered-set count="11136" freebytes="2048256" totalbytes="2092800" percent="97" regionsoverflowed="0" regionsstable="0" regionsrebuilding="0"/>
  </mem-info>
</gc-start>
<allocation-stats totalBytes="19920552" >
  <allocated-bytes non-tlh="0" tlh="19920552" arrayletleaf="0"/>
  <largest-consumer threadName="Thread-9" threadId="0000000001208500" bytes="6851784" />
</allocation-stats>
<gc-op id="287" type="copy forward" timems="2.149" contextid="284" timestamp="2019-06-17T03:28:53.379">
  <memory-copied type="eden" objects="9504" bytes="366592" bytesdiscarded="0" />
  <memory-copied type="other" objects="3693" bytes="88632" bytesdiscarded="0" />
  <memory-cardclean objects="8637" bytes="460472" />
  <regions eden="19" other="1" />
  <remembered-set-cleared processed="9110" cleared="635" durationms="0.144" />
  <stringconstants candidates="4597" cleared="0"  />
</gc-op>
<gc-op id="288" type="classunload" timems="0.002" contextid="284" timestamp="2019-06-17T03:28:53.379">
  <classunload-info classloadercandidates="8" classloadersunloaded="0" classesunloaded="0" anonymousclassesunloaded="0" quiescems="0.000" setupms="0.002" scanms="0.000" postms="0.000" />
</gc-op>
<heap-resize id="289" type="expand" space="default" amount="3145728" count="1" timems="0.067" reason="excessive time being spent in gc" timestamp="2019-06-17T03:28:53.379" />
<gc-end id="290" type="partial gc" contextid="284" durationms="3.180" usertimems="4.000" systemtimems="0.000" timestamp="2019-06-17T03:28:53.379" activeThreads="1">
  <mem-info id="291" free="33554432" total="55574528" percent="60">
    <mem type="eden" free="681984" total="1048576" percent="65" />
    <remembered-set count="11872" freebytes="2170880" totalbytes="2218368" percent="97" regionsoverflowed="0" regionsstable="0" regionsrebuilding="0"/>
  </mem-info>
</gc-end>
<cycle-end id="292" type="partial gc" contextid="284" timestamp="2019-06-17T03:28:53.379" />
  <attribute name="elasticGC enabled" value="1" />
  <attribute name= "numThreadsSpecified" value="1" />
  <attribute name="heapSize specified" value="0" />
  <attribute name="Current GC Util" value="56" />
  <attribute name= "Current Time Running" value="1306" />
  <attribute name ="GC Interval" value="0" />
  <attribute name="ProportionalT" value="54.000000" />
  <attribute name="ProportionalI" value="54.000000" />
  <attribute name="ProportionalH" value="54.000000" />
  <attribute name="Current Error" value="36.000000" />
  <attribute name="IntegralT" value="0.000000" />
  <attribute name="IntegralI" value="0.000000" />
  <attribute name="IntegralH" value="0.000000" />
  <attribute name="DerivativeT" value="inf" />
  <attribute name="DerivativeI" value="inf" />
  <attribute name="DerivativeH" value="inf" />
  <attribute name="Loop Time for DT" value="0.000000" />
  <attribute name="Output H" value="8388608"/>
  <attribute name="Output I" value="200"/>
  <attribute name="Output T" value="1"/>
  <attribute name="Target GC Util Change" value ="20.000000" />
  <attribute name="Current GC Util Change" value="56.000000"/>
  <attribute name="GC Util currently" value="56" />
  <attribute name="CPU Util currently" value="20515986456912" />
<exclusive-end id="293" timestamp="2019-06-17T03:28:53.379" durationms="3.864" />

<exclusive-start id="294" timestamp="2019-06-17T03:28:53.400" intervalms="24.833">
  <response-info timems="0.035" idlems="0.035" threads="0" lastid="0000000001200D00" lastname="Thread-7" />
</exclusive-start>
<allocation-taxation id="295" taxation-threshold="20971520" timestamp="2019-06-17T03:28:53.400" intervalms="24.850" />
<cycle-start id="296" type="partial gc" contextid="0" timestamp="2019-06-17T03:28:53.401" intervalms="24.892" />
<gc-start id="297" type="partial gc" contextid="296" timestamp="2019-06-17T03:28:53.401">
  <mem-info id="298" free="12582912" total="55574528" percent="22">
    <mem type="eden" free="0" total="20971520" percent="0" />
    <remembered-set count="11808" freebytes="2171136" totalbytes="2218368" percent="97" regionsoverflowed="0" regionsstable="0" regionsrebuilding="0"/>
  </mem-info>
</gc-start>
<allocation-stats totalBytes="20968752" >
  <allocated-bytes non-tlh="0" tlh="20968752" arrayletleaf="0"/>
  <largest-consumer threadName="Thread-9" threadId="0000000001208500" bytes="7048168" />
</allocation-stats>
<gc-op id="299" type="copy forward" timems="2.078" contextid="296" timestamp="2019-06-17T03:28:53.403">
  <memory-copied type="eden" objects="4088" bytes="99304" bytesdiscarded="0" />
  <memory-copied type="other" objects="9284" bytes="360192" bytesdiscarded="0" />
  <memory-cardclean objects="7439" bytes="384472" />
  <regions eden="20" other="1" />
  <remembered-set-cleared processed="9885" cleared="732" durationms="0.149" />
  <stringconstants candidates="4597" cleared="0"  />
</gc-op>
<gc-op id="300" type="classunload" timems="0.002" contextid="296" timestamp="2019-06-17T03:28:53.404">
  <classunload-info classloadercandidates="8" classloadersunloaded="0" classesunloaded="0" anonymousclassesunloaded="0" quiescems="0.000" setupms="0.002" scanms="0.000" postms="0.000" />
</gc-op>
<heap-resize id="301" type="expand" space="default" amount="2097152" count="1" timems="0.059" reason="excessive time being spent in gc" timestamp="2019-06-17T03:28:53.404" />
<gc-end id="302" type="partial gc" contextid="296" durationms="3.087" usertimems="4.000" systemtimems="0.000" timestamp="2019-06-17T03:28:53.404" activeThreads="1">
  <mem-info id="303" free="34603008" total="57671680" percent="60">
    <mem type="eden" free="949272" total="1048576" percent="90" />
    <remembered-set count="13088" freebytes="2249728" totalbytes="2302080" percent="97" regionsoverflowed="0" regionsstable="0" regionsrebuilding="0"/>
  </mem-info>
</gc-end>
<cycle-end id="304" type="partial gc" contextid="296" timestamp="2019-06-17T03:28:53.404" />
  <attribute name="elasticGC enabled" value="1" />
  <attribute name= "numThreadsSpecified" value="1" />
  <attribute name="heapSize specified" value="0" />
  <attribute name="Current GC Util" value="63" />
  <attribute name= "Current Time Running" value="1331" />
  <attribute name ="GC Interval" value="0" />
  <attribute name="ProportionalT" value="64.500000" />
  <attribute name="ProportionalI" value="64.500000" />
  <attribute name="ProportionalH" value="64.500000" />
  <attribute name="Current Error" value="43.000000" />
  <attribute name="IntegralT" value="0.000000" />
  <attribute name="IntegralI" value="0.000000" />
  <attribute name="IntegralH" value="0.000000" />
  <attribute name="DerivativeT" value="inf" />
  <attribute name="DerivativeI" value="inf" />
  <attribute name="DerivativeH" value="inf" />
  <attribute name="Loop Time for DT" value="0.000000" />
  <attribute name="Output H" value="8388608"/>
  <attribute name="Output I" value="200"/>
  <attribute name="Output T" value="1"/>
  <attribute name="Target GC Util Change" value ="20.000000" />
  <attribute name="Current GC Util Change" value="63.000000"/>
  <attribute name="GC Util currently" value="63" />
  <attribute name="CPU Util currently" value="19534586093944" />
<exclusive-end id="305" timestamp="2019-06-17T03:28:53.404" durationms="3.851" />

<exclusive-start id="306" timestamp="2019-06-17T03:28:53.424" intervalms="24.150">
  <response-info timems="0.048" idlems="0.048" threads="0" lastid="0000000001200D00" lastname="Thread-7" />
</exclusive-start>
<allocation-taxation id="307" taxation-threshold="20971520" timestamp="2019-06-17T03:28:53.425" intervalms="24.183" />
<cycle-start id="308" type="partial gc" contextid="0" timestamp="2019-06-17T03:28:53.425" intervalms="24.163" />
<gc-start id="309" type="partial gc" contextid="308" timestamp="2019-06-17T03:28:53.425">
  <mem-info id="310" free="13631488" total="57671680" percent="23">
    <mem type="eden" free="0" total="20971520" percent="0" />
    <remembered-set count="12608" freebytes="2251648" totalbytes="2302080" percent="97" regionsoverflowed="0" regionsstable="0" regionsrebuilding="0"/>
  </mem-info>
</gc-start>
<allocation-stats totalBytes="20968720" >
  <allocated-bytes non-tlh="0" tlh="20968720" arrayletleaf="0"/>
  <largest-consumer threadName="Thread-7" threadId="0000000001200D00" bytes="7552024" />
</allocation-stats>
<gc-op id="311" type="copy forward" timems="2.187" contextid="308" timestamp="2019-06-17T03:28:53.428">
  <memory-copied type="eden" objects="10063" bytes="380168" bytesdiscarded="0" />
  <memory-copied type="other" objects="3855" bytes="92520" bytesdiscarded="0" />
  <memory-cardclean objects="10105" bytes="531208" />
  <regions eden="20" other="1" />
  <remembered-set-cleared processed="10540" cleared="626" durationms="0.154" />
  <stringconstants candidates="4597" cleared="0"  />
</gc-op>
<gc-op id="312" type="classunload" timems="0.002" contextid="308" timestamp="2019-06-17T03:28:53.428">
  <classunload-info classloadercandidates="8" classloadersunloaded="0" classesunloaded="0" anonymousclassesunloaded="0" quiescems="0.000" setupms="0.002" scanms="0.000" postms="0.000" />
</gc-op>
<heap-resize id="313" type="expand" space="default" amount="3145728" count="1" timems="0.068" reason="excessive time being spent in gc" timestamp="2019-06-17T03:28:53.428" />
<gc-end id="314" type="partial gc" contextid="308" durationms="3.308" usertimems="8.000" systemtimems="0.000" timestamp="2019-06-17T03:28:53.428" activeThreads="1">
  <mem-info id="315" free="36700160" total="60817408" percent="60">
    <mem type="eden" free="668408" total="1048576" percent="63" />
    <remembered-set count="13888" freebytes="2372096" totalbytes="2427648" percent="97" regionsoverflowed="0" regionsstable="0" regionsrebuilding="0"/>
  </mem-info>
</gc-end>
<cycle-end id="316" type="partial gc" contextid="308" timestamp="2019-06-17T03:28:53.428" />
  <attribute name="elasticGC enabled" value="1" />
  <attribute name= "numThreadsSpecified" value="1" />
  <attribute name="heapSize specified" value="0" />
  <attribute name="Current GC Util" value="51" />
  <attribute name= "Current Time Running" value="1355" />
  <attribute name ="GC Interval" value="0" />
  <attribute name="ProportionalT" value="46.500000" />
  <attribute name="ProportionalI" value="46.500000" />
  <attribute name="ProportionalH" value="46.500000" />
  <attribute name="Current Error" value="31.000000" />
  <attribute name="IntegralT" value="0.000000" />
  <attribute name="IntegralI" value="0.000000" />
  <attribute name="IntegralH" value="0.000000" />
  <attribute name="DerivativeT" value="inf" />
  <attribute name="DerivativeI" value="inf" />
  <attribute name="DerivativeH" value="inf" />
  <attribute name="Loop Time for DT" value="0.000000" />
  <attribute name="Output H" value="8388608"/>
  <attribute name="Output I" value="200"/>
  <attribute name="Output T" value="1"/>
  <attribute name="Target GC Util Change" value ="20.000000" />
  <attribute name="Current GC Util Change" value="51.000000"/>
  <attribute name="GC Util currently" value="51" />
  <attribute name="CPU Util currently" value="17388415538873" />
<exclusive-end id="317" timestamp="2019-06-17T03:28:53.429" durationms="4.173" />

<exclusive-start id="318" timestamp="2019-06-17T03:28:53.450" intervalms="25.307">
  <response-info timems="0.045" idlems="0.045" threads="0" lastid="0000000001204900" lastname="Thread-8" />
</exclusive-start>
<allocation-taxation id="319" taxation-threshold="22020096" timestamp="2019-06-17T03:28:53.450" intervalms="25.282" />
<cycle-start id="320" type="partial gc" contextid="0" timestamp="2019-06-17T03:28:53.450" intervalms="25.308" />
<gc-start id="321" type="partial gc" contextid="320" timestamp="2019-06-17T03:28:53.450">
  <mem-info id="322" free="14680064" total="60817408" percent="24">
    <mem type="eden" free="0" total="22020096" percent="0" />
    <remembered-set count="13408" freebytes="2374016" totalbytes="2427648" percent="97" regionsoverflowed="0" regionsstable="0" regionsrebuilding="0"/>
  </mem-info>
</gc-start>
<allocation-stats totalBytes="22017384" >
  <allocated-bytes non-tlh="0" tlh="22017384" arrayletleaf="0"/>
  <largest-consumer threadName="Thread-7" threadId="0000000001200D00" bytes="7826504" />
</allocation-stats>
<gc-op id="323" type="copy forward" timems="3.011" contextid="320" timestamp="2019-06-17T03:28:53.454">
  <memory-copied type="eden" objects="14912" bytes="633544" bytesdiscarded="0" />
  <memory-copied type="other" objects="9817" bytes="372984" bytesdiscarded="0" />
  <memory-cardclean objects="7883" bytes="413536" />
  <regions eden="21" other="1" />
  <remembered-set-cleared processed="11333" cleared="755" durationms="0.159" />
  <stringconstants candidates="4597" cleared="0"  />
</gc-op>
<gc-op id="324" type="classunload" timems="0.002" contextid="320" timestamp="2019-06-17T03:28:53.454">
  <classunload-info classloadercandidates="8" classloadersunloaded="0" classesunloaded="0" anonymousclassesunloaded="0" quiescems="0.000" setupms="0.002" scanms="0.000" postms="0.000" />
</gc-op>
<heap-resize id="325" type="expand" space="default" amount="2097152" count="1" timems="0.060" reason="excessive time being spent in gc" timestamp="2019-06-17T03:28:53.454" />
<gc-end id="326" type="partial gc" contextid="320" durationms="3.936" usertimems="8.000" systemtimems="0.000" timestamp="2019-06-17T03:28:53.454" activeThreads="1">
  <mem-info id="327" free="37748736" total="62914560" percent="60">
    <mem type="eden" free="415032" total="1048576" percent="39" />
    <remembered-set count="14528" freebytes="2453248" totalbytes="2511360" percent="97" regionsoverflowed="0" regionsstable="0" regionsrebuilding="0"/>
  </mem-info>
</gc-end>
<cycle-end id="328" type="partial gc" contextid="320" timestamp="2019-06-17T03:28:53.454" />
  <attribute name="elasticGC enabled" value="1" />
  <attribute name= "numThreadsSpecified" value="1" />
  <attribute name="heapSize specified" value="0" />
  <attribute name="Current GC Util" value="62" />
  <attribute name= "Current Time Running" value="1380" />
  <attribute name ="GC Interval" value="0" />
  <attribute name="ProportionalT" value="63.000000" />
  <attribute name="ProportionalI" value="63.000000" />
  <attribute name="ProportionalH" value="63.000000" />
  <attribute name="Current Error" value="42.000000" />
  <attribute name="IntegralT" value="0.000000" />
  <attribute name="IntegralI" value="0.000000" />
  <attribute name="IntegralH" value="0.000000" />
  <attribute name="DerivativeT" value="inf" />
  <attribute name="DerivativeI" value="inf" />
  <attribute name="DerivativeH" value="inf" />
  <attribute name="Loop Time for DT" value="0.000000" />
  <attribute name="Output H" value="8388608"/>
  <attribute name="Output I" value="200"/>
  <attribute name="Output T" value="1"/>
  <attribute name="Target GC Util Change" value ="20.000000" />
  <attribute name="Current GC Util Change" value="62.000000"/>
  <attribute name="GC Util currently" value="62" />
  <attribute name="CPU Util currently" value="20820816886571" />
<exclusive-end id="329" timestamp="2019-06-17T03:28:53.454" durationms="4.721" />

<exclusive-start id="330" timestamp="2019-06-17T03:28:53.477" intervalms="27.174">
  <response-info timems="0.037" idlems="0.037" threads="0" lastid="0000000001204900" lastname="Thread-8" />
</exclusive-start>
<allocation-taxation id="331" taxation-threshold="22020096" timestamp="2019-06-17T03:28:53.477" intervalms="27.191" />
<cycle-start id="332" type="partial gc" contextid="0" timestamp="2019-06-17T03:28:53.477" intervalms="27.172" />
<gc-start id="333" type="partial gc" contextid="332" timestamp="2019-06-17T03:28:53.477">
  <mem-info id="334" free="15728640" total="62914560" percent="25">
    <mem type="eden" free="0" total="22020096" percent="0" />
    <remembered-set count="14080" freebytes="2455040" totalbytes="2511360" percent="97" regionsoverflowed="0" regionsstable="0" regionsrebuilding="0"/>
  </mem-info>
</gc-start>
<allocation-stats totalBytes="22017384" >
  <allocated-bytes non-tlh="0" tlh="22017384" arrayletleaf="0"/>
  <largest-consumer threadName="Thread-8" threadId="0000000001204900" bytes="7556192" />
</allocation-stats>
<gc-op id="335" type="copy forward" timems="2.889" contextid="332" timestamp="2019-06-17T03:28:53.481">
  <memory-copied type="eden" objects="10120" bytes="381744" bytesdiscarded="0" />
  <memory-copied type="other" objects="14728" bytes="628224" bytesdiscarded="0" />
  <memory-cardclean objects="5129" bytes="300928" />
  <regions eden="21" other="1" />
  <remembered-set-cleared processed="12169" cleared="687" durationms="0.168" />
  <stringconstants candidates="4597" cleared="0"  />
</gc-op>
<gc-op id="336" type="classunload" timems="0.003" contextid="332" timestamp="2019-06-17T03:28:53.481">
  <classunload-info classloadercandidates="8" classloadersunloaded="0" classesunloaded="0" anonymousclassesunloaded="0" quiescems="0.000" setupms="0.003" scanms="0.000" postms="0.000" />
</gc-op>
<heap-resize id="337" type="expand" space="default" amount="3145728" count="1" timems="0.075" reason="excessive time being spent in gc" timestamp="2019-06-17T03:28:53.481" />
<gc-end id="338" type="partial gc" contextid="332" durationms="3.972" usertimems="8.000" systemtimems="0.000" timestamp="2019-06-17T03:28:53.481" activeThreads="1">
  <mem-info id="339" free="39845888" total="66060288" percent="60">
    <mem type="eden" free="666832" total="1048576" percent="63" />
    <remembered-set count="14944" freebytes="2577152" totalbytes="2636928" percent="97" regionsoverflowed="0" regionsstable="0" regionsrebuilding="0"/>
  </mem-info>
</gc-end>
<cycle-end id="340" type="partial gc" contextid="332" timestamp="2019-06-17T03:28:53.482" />
  <attribute name="elasticGC enabled" value="1" />
  <attribute name= "numThreadsSpecified" value="1" />
  <attribute name="heapSize specified" value="0" />
  <attribute name="Current GC Util" value="52" />
  <attribute name= "Current Time Running" value="1407" />
  <attribute name ="GC Interval" value="0" />
  <attribute name="ProportionalT" value="48.000000" />
  <attribute name="ProportionalI" value="48.000000" />
  <attribute name="ProportionalH" value="48.000000" />
  <attribute name="Current Error" value="32.000000" />
  <attribute name="IntegralT" value="0.000000" />
  <attribute name="IntegralI" value="0.000000" />
  <attribute name="IntegralH" value="0.000000" />
  <attribute name="DerivativeT" value="inf" />
  <attribute name="DerivativeI" value="inf" />
  <attribute name="DerivativeH" value="inf" />
  <attribute name="Loop Time for DT" value="0.000000" />
  <attribute name="Output H" value="8388608"/>
  <attribute name="Output I" value="200"/>
  <attribute name="Output T" value="1"/>
  <attribute name="Target GC Util Change" value ="20.000000" />
  <attribute name="Current GC Util Change" value="52.000000"/>
  <attribute name="GC Util currently" value="52" />
  <attribute name="CPU Util currently" value="18618706434116" />
<exclusive-end id="341" timestamp="2019-06-17T03:28:53.482" durationms="4.791" />

<exclusive-start id="342" timestamp="2019-06-17T03:28:53.504" intervalms="26.852">
  <response-info timems="0.053" idlems="0.053" threads="0" lastid="000000000120C100" lastname="Thread-10" />
</exclusive-start>
<allocation-taxation id="343" taxation-threshold="23068672" timestamp="2019-06-17T03:28:53.504" intervalms="26.849" />
<cycle-start id="344" type="partial gc" contextid="0" timestamp="2019-06-17T03:28:53.504" intervalms="26.831" />
<gc-start id="345" type="partial gc" contextid="344" timestamp="2019-06-17T03:28:53.504">
  <mem-info id="346" free="16777216" total="66060288" percent="25">
    <mem type="eden" free="0" total="23068672" percent="0" />
    <remembered-set count="14912" freebytes="2577280" totalbytes="2636928" percent="97" regionsoverflowed="0" regionsstable="0" regionsrebuilding="0"/>
  </mem-info>
</gc-start>
<allocation-stats totalBytes="23065552" >
  <allocated-bytes non-tlh="0" tlh="23065552" arrayletleaf="0"/>
  <largest-consumer threadName="Thread-8" threadId="0000000001204900" bytes="8477584" />
</allocation-stats>
<gc-op id="347" type="copy forward" timems="2.262" contextid="344" timestamp="2019-06-17T03:28:53.507">
  <memory-copied type="eden" objects="3580" bytes="87136" bytesdiscarded="0" />
  <memory-copied type="other" objects="9816" bytes="372960" bytesdiscarded="0" />
  <memory-cardclean objects="7577" bytes="433288" />
  <regions eden="22" other="1" />
  <remembered-set-cleared processed="12859" cleared="528" durationms="0.168" />
  <stringconstants candidates="4597" cleared="0"  />
</gc-op>
<gc-op id="348" type="classunload" timems="0.003" contextid="344" timestamp="2019-06-17T03:28:53.507">
  <classunload-info classloadercandidates="8" classloadersunloaded="0" classesunloaded="0" anonymousclassesunloaded="0" quiescems="0.000" setupms="0.003" scanms="0.000" postms="0.000" />
</gc-op>
<heap-resize id="349" type="expand" space="default" amount="2097152" count="1" timems="0.064" reason="excessive time being spent in gc" timestamp="2019-06-17T03:28:53.508" />
<gc-end id="350" type="partial gc" contextid="344" durationms="3.334" usertimems="8.000" systemtimems="0.000" timestamp="2019-06-17T03:28:53.508" activeThreads="1">
  <mem-info id="351" free="40894464" total="68157440" percent="60">
    <mem type="eden" free="961440" total="1048576" percent="91" />
    <remembered-set count="15840" freebytes="2657280" totalbytes="2720640" percent="97" regionsoverflowed="0" regionsstable="0" regionsrebuilding="0"/>
  </mem-info>
</gc-end>
<cycle-end id="352" type="partial gc" contextid="344" timestamp="2019-06-17T03:28:53.508" />
  <attribute name="elasticGC enabled" value="1" />
  <attribute name= "numThreadsSpecified" value="1" />
  <attribute name="heapSize specified" value="0" />
  <attribute name="Current GC Util" value="62" />
  <attribute name= "Current Time Running" value="1434" />
  <attribute name ="GC Interval" value="0" />
  <attribute name="ProportionalT" value="63.000000" />
  <attribute name="ProportionalI" value="63.000000" />
  <attribute name="ProportionalH" value="63.000000" />
  <attribute name="Current Error" value="42.000000" />
  <attribute name="IntegralT" value="0.000000" />
  <attribute name="IntegralI" value="0.000000" />
  <attribute name="IntegralH" value="0.000000" />
  <attribute name="DerivativeT" value="inf" />
  <attribute name="DerivativeI" value="inf" />
  <attribute name="DerivativeH" value="inf" />
  <attribute name="Loop Time for DT" value="0.000000" />
  <attribute name="Output H" value="8388608"/>
  <attribute name="Output I" value="200"/>
  <attribute name="Output T" value="1"/>
  <attribute name="Target GC Util Change" value ="20.000000" />
  <attribute name="Current GC Util Change" value="62.000000"/>
  <attribute name="GC Util currently" value="62" />
  <attribute name="CPU Util currently" value="19949241104084" />
<exclusive-end id="353" timestamp="2019-06-17T03:28:53.508" durationms="4.128" />

<exclusive-start id="354" timestamp="2019-06-17T03:28:53.531" intervalms="27.576">
  <response-info timems="0.033" idlems="0.033" threads="0" lastid="0000000001200D00" lastname="Thread-7" />
</exclusive-start>
<allocation-taxation id="355" taxation-threshold="24117248" timestamp="2019-06-17T03:28:53.532" intervalms="27.577" />
<cycle-start id="356" type="partial gc" contextid="0" timestamp="2019-06-17T03:28:53.532" intervalms="27.609" />
<gc-start id="357" type="partial gc" contextid="356" timestamp="2019-06-17T03:28:53.532">
  <mem-info id="358" free="16777216" total="68157440" percent="24">
    <mem type="eden" free="0" total="24117248" percent="0" />
    <remembered-set count="15776" freebytes="2657536" totalbytes="2720640" percent="97" regionsoverflowed="0" regionsstable="0" regionsrebuilding="0"/>
  </mem-info>
</gc-start>
<allocation-stats totalBytes="24114272" >
  <allocated-bytes non-tlh="0" tlh="24114272" arrayletleaf="0"/>
  <largest-consumer threadName="Thread-8" threadId="0000000001204900" bytes="8514632" />
</allocation-stats>
<gc-op id="359" type="copy forward" timems="1.780" contextid="356" timestamp="2019-06-17T03:28:53.534">
  <memory-copied type="eden" objects="3007" bytes="73536" bytesdiscarded="0" />
  <memory-copied type="other" objects="3318" bytes="79632" bytesdiscarded="0" />
  <memory-cardclean objects="8487" bytes="449920" />
  <regions eden="23" other="1" />
  <remembered-set-cleared processed="13680" cleared="578" durationms="0.183" />
  <stringconstants candidates="4597" cleared="0"  />
</gc-op>
<gc-op id="360" type="classunload" timems="0.002" contextid="356" timestamp="2019-06-17T03:28:53.534">
  <classunload-info classloadercandidates="8" classloadersunloaded="0" classesunloaded="0" anonymousclassesunloaded="0" quiescems="0.000" setupms="0.002" scanms="0.000" postms="0.000" />
</gc-op>
<heap-resize id="361" type="expand" space="default" amount="3145728" count="1" timems="0.066" reason="excessive time being spent in gc" timestamp="2019-06-17T03:28:53.535" />
<gc-end id="362" type="partial gc" contextid="356" durationms="2.829" usertimems="8.000" systemtimems="0.000" timestamp="2019-06-17T03:28:53.535" activeThreads="1">
  <mem-info id="363" free="42991616" total="71303168" percent="60">
    <mem type="eden" free="975040" total="1048576" percent="92" />
    <remembered-set count="16640" freebytes="2779648" totalbytes="2846208" percent="97" regionsoverflowed="0" regionsstable="0" regionsrebuilding="0"/>
  </mem-info>
</gc-end>
<cycle-end id="364" type="partial gc" contextid="356" timestamp="2019-06-17T03:28:53.535" />
  <attribute name="elasticGC enabled" value="1" />
  <attribute name= "numThreadsSpecified" value="1" />
  <attribute name="heapSize specified" value="0" />
  <attribute name="Current GC Util" value="59" />
  <attribute name= "Current Time Running" value="1462" />
  <attribute name ="GC Interval" value="0" />
  <attribute name="ProportionalT" value="58.500000" />
  <attribute name="ProportionalI" value="58.500000" />
  <attribute name="ProportionalH" value="58.500000" />
  <attribute name="Current Error" value="39.000000" />
  <attribute name="IntegralT" value="0.000000" />
  <attribute name="IntegralI" value="0.000000" />
  <attribute name="IntegralH" value="0.000000" />
  <attribute name="DerivativeT" value="inf" />
  <attribute name="DerivativeI" value="inf" />
  <attribute name="DerivativeH" value="inf" />
  <attribute name="Loop Time for DT" value="0.000000" />
  <attribute name="Output H" value="8388608"/>
  <attribute name="Output I" value="200"/>
  <attribute name="Output T" value="1"/>
  <attribute name="Target GC Util Change" value ="20.000000" />
  <attribute name="Current GC Util Change" value="59.000000"/>
  <attribute name="GC Util currently" value="59" />
  <attribute name="CPU Util currently" value="19842719029939" />
<exclusive-end id="365" timestamp="2019-06-17T03:28:53.535" durationms="3.720" />

<exclusive-start id="366" timestamp="2019-06-17T03:28:53.559" intervalms="27.400">
  <response-info timems="0.032" idlems="0.032" threads="0" lastid="0000000001200D00" lastname="Thread-7" />
</exclusive-start>
<allocation-taxation id="367" taxation-threshold="24117248" timestamp="2019-06-17T03:28:53.559" intervalms="27.382" />
<cycle-start id="368" type="partial gc" contextid="0" timestamp="2019-06-17T03:28:53.559" intervalms="27.391" />
<gc-start id="369" type="partial gc" contextid="368" timestamp="2019-06-17T03:28:53.559">
  <mem-info id="370" free="18874368" total="71303168" percent="26">
    <mem type="eden" free="0" total="24117248" percent="0" />
    <remembered-set count="16512" freebytes="2780160" totalbytes="2846208" percent="97" regionsoverflowed="0" regionsstable="0" regionsrebuilding="0"/>
  </mem-info>
</gc-start>
<allocation-stats totalBytes="24114320" >
  <allocated-bytes non-tlh="0" tlh="24114320" arrayletleaf="0"/>
  <largest-consumer threadName="Thread-7" threadId="0000000001200D00" bytes="9804640" />
</allocation-stats>
<gc-op id="371" type="copy forward" timems="1.651" contextid="368" timestamp="2019-06-17T03:28:53.562">
  <memory-copied type="eden" objects="2988" bytes="73016" bytesdiscarded="0" />
  <memory-copied type="other" objects="2703" bytes="64872" bytesdiscarded="0" />
  <memory-cardclean objects="8072" bytes="410992" />
  <regions eden="23" other="1" />
  <remembered-set-cleared processed="14466" cleared="650" durationms="0.187" />
  <stringconstants candidates="4597" cleared="0"  />
</gc-op>
<gc-op id="372" type="classunload" timems="0.002" contextid="368" timestamp="2019-06-17T03:28:53.562">
  <classunload-info classloadercandidates="8" classloadersunloaded="0" classesunloaded="0" anonymousclassesunloaded="0" quiescems="0.000" setupms="0.002" scanms="0.000" postms="0.000" />
</gc-op>
<heap-resize id="373" type="expand" space="default" amount="2097152" count="1" timems="0.063" reason="excessive time being spent in gc" timestamp="2019-06-17T03:28:53.562" />
<gc-end id="374" type="partial gc" contextid="368" durationms="2.792" usertimems="4.000" systemtimems="0.000" timestamp="2019-06-17T03:28:53.562" activeThreads="1">
  <mem-info id="375" free="44040192" total="73400320" percent="60">
    <mem type="eden" free="975560" total="1048576" percent="93" />
    <remembered-set count="17344" freebytes="2860544" totalbytes="2929920" percent="97" regionsoverflowed="0" regionsstable="0" regionsrebuilding="0"/>
  </mem-info>
</gc-end>
<cycle-end id="376" type="partial gc" contextid="368" timestamp="2019-06-17T03:28:53.562" />
  <attribute name="elasticGC enabled" value="1" />
  <attribute name= "numThreadsSpecified" value="1" />
  <attribute name="heapSize specified" value="0" />
  <attribute name="Current GC Util" value="53" />
  <attribute name= "Current Time Running" value="1489" />
  <attribute name ="GC Interval" value="0" />
  <attribute name="ProportionalT" value="49.500000" />
  <attribute name="ProportionalI" value="49.500000" />
  <attribute name="ProportionalH" value="49.500000" />
  <attribute name="Current Error" value="33.000000" />
  <attribute name="IntegralT" value="0.000000" />
  <attribute name="IntegralI" value="0.000000" />
  <attribute name="IntegralH" value="0.000000" />
  <attribute name="DerivativeT" value="inf" />
  <attribute name="DerivativeI" value="inf" />
  <attribute name="DerivativeH" value="inf" />
  <attribute name="Loop Time for DT" value="0.000000" />
  <attribute name="Output H" value="8388608"/>
  <attribute name="Output I" value="200"/>
  <attribute name="Output T" value="1"/>
  <attribute name="Target GC Util Change" value ="20.000000" />
  <attribute name="Current GC Util Change" value="53.000000"/>
  <attribute name="GC Util currently" value="53" />
  <attribute name="CPU Util currently" value="17977250194371" />
<exclusive-end id="377" timestamp="2019-06-17T03:28:53.562" durationms="3.660" />

<exclusive-start id="378" timestamp="2019-06-17T03:28:53.587" intervalms="28.477">
  <response-info timems="0.238" idlems="0.238" threads="0" lastid="0000000001200D00" lastname="Thread-7" />
</exclusive-start>
<allocation-taxation id="379" taxation-threshold="25165824" timestamp="2019-06-17T03:28:53.587" intervalms="28.489" />
<cycle-start id="380" type="partial gc" contextid="0" timestamp="2019-06-17T03:28:53.588" intervalms="28.502" />
<gc-start id="381" type="partial gc" contextid="380" timestamp="2019-06-17T03:28:53.588">
  <mem-info id="382" free="18874368" total="73400320" percent="25">
    <mem type="eden" free="0" total="25165824" percent="0" />
    <remembered-set count="17056" freebytes="2861696" totalbytes="2929920" percent="97" regionsoverflowed="0" regionsstable="1" regionsrebuilding="0"/>
  </mem-info>
</gc-start>
<allocation-stats totalBytes="25162920" >
  <allocated-bytes non-tlh="0" tlh="25162920" arrayletleaf="0"/>
  <largest-consumer threadName="Thread-10" threadId="000000000120C100" bytes="8092840" />
</allocation-stats>
<gc-op id="383" type="copy forward" timems="2.753" contextid="380" timestamp="2019-06-17T03:28:53.591">
  <memory-copied type="eden" objects="16685" bytes="676728" bytesdiscarded="0" />
  <memory-copied type="other" objects="2717" bytes="65208" bytesdiscarded="0" />
  <memory-cardclean objects="8054" bytes="417784" />
  <regions eden="24" other="1" />
  <remembered-set-cleared processed="15048" cleared="780" durationms="0.192" />
  <stringconstants candidates="4597" cleared="0"  />
</gc-op>
<gc-op id="384" type="classunload" timems="0.002" contextid="380" timestamp="2019-06-17T03:28:53.591">
  <classunload-info classloadercandidates="8" classloadersunloaded="0" classesunloaded="0" anonymousclassesunloaded="0" quiescems="0.000" setupms="0.002" scanms="0.000" postms="0.000" />
</gc-op>
<heap-resize id="385" type="expand" space="default" amount="3145728" count="1" timems="0.067" reason="excessive time being spent in gc" timestamp="2019-06-17T03:28:53.592" />
<gc-end id="386" type="partial gc" contextid="380" durationms="3.931" usertimems="4.000" systemtimems="0.000" timestamp="2019-06-17T03:28:53.592" activeThreads="1">
  <mem-info id="387" free="46137344" total="76546048" percent="60">
    <mem type="eden" free="371848" total="1048576" percent="35" />
    <remembered-set count="18272" freebytes="2982400" totalbytes="3055488" percent="97" regionsoverflowed="0" regionsstable="1" regionsrebuilding="0"/>
  </mem-info>
</gc-end>
<cycle-end id="388" type="partial gc" contextid="380" timestamp="2019-06-17T03:28:53.592" />
  <attribute name="elasticGC enabled" value="1" />
  <attribute name= "numThreadsSpecified" value="1" />
  <attribute name="heapSize specified" value="0" />
  <attribute name="Current GC Util" value="60" />
  <attribute name= "Current Time Running" value="1518" />
  <attribute name ="GC Interval" value="0" />
  <attribute name="ProportionalT" value="60.000000" />
  <attribute name="ProportionalI" value="60.000000" />
  <attribute name="ProportionalH" value="60.000000" />
  <attribute name="Current Error" value="40.000000" />
  <attribute name="IntegralT" value="0.000000" />
  <attribute name="IntegralI" value="0.000000" />
  <attribute name="IntegralH" value="0.000000" />
  <attribute name="DerivativeT" value="inf" />
  <attribute name="DerivativeI" value="inf" />
  <attribute name="DerivativeH" value="inf" />
  <attribute name="Loop Time for DT" value="0.000000" />
  <attribute name="Output H" value="8388608"/>
  <attribute name="Output I" value="200"/>
  <attribute name="Output T" value="1"/>
  <attribute name="Target GC Util Change" value ="20.000000" />
  <attribute name="Current GC Util Change" value="60.000000"/>
  <attribute name="GC Util currently" value="60" />
  <attribute name="CPU Util currently" value="16345555581298" />
<exclusive-end id="389" timestamp="2019-06-17T03:28:53.592" durationms="4.874" />

<exclusive-start id="390" timestamp="2019-06-17T03:28:53.615" intervalms="28.130">
  <response-info timems="0.042" idlems="0.042" threads="0" lastid="0000000001208500" lastname="Thread-9" />
</exclusive-start>
<allocation-taxation id="391" taxation-threshold="26214400" timestamp="2019-06-17T03:28:53.616" intervalms="28.147" />
<cycle-start id="392" type="partial gc" contextid="0" timestamp="2019-06-17T03:28:53.616" intervalms="28.154" />
<gc-start id="393" type="partial gc" contextid="392" timestamp="2019-06-17T03:28:53.616">
  <mem-info id="394" free="19922944" total="76546048" percent="26">
    <mem type="eden" free="0" total="26214400" percent="0" />
    <remembered-set count="17792" freebytes="2984320" totalbytes="3055488" percent="97" regionsoverflowed="0" regionsstable="1" regionsrebuilding="0"/>
  </mem-info>
</gc-start>
<allocation-stats totalBytes="26211200" >
  <allocated-bytes non-tlh="0" tlh="26211200" arrayletleaf="0"/>
  <largest-consumer threadName="Thread-10" threadId="000000000120C100" bytes="9407312" />
</allocation-stats>
<gc-op id="395" type="copy forward" timems="3.024" contextid="392" timestamp="2019-06-17T03:28:53.620">
  <memory-copied type="eden" objects="15050" bytes="637136" bytesdiscarded="0" />
  <memory-copied type="other" objects="9648" bytes="368928" bytesdiscarded="0" />
  <memory-cardclean objects="5642" bytes="306208" />
  <regions eden="25" other="1" />
  <remembered-set-cleared processed="15794" cleared="831" durationms="0.197" />
  <stringconstants candidates="4597" cleared="0"  />
</gc-op>
<gc-op id="396" type="classunload" timems="0.002" contextid="392" timestamp="2019-06-17T03:28:53.620">
  <classunload-info classloadercandidates="8" classloadersunloaded="0" classesunloaded="0" anonymousclassesunloaded="0" quiescems="0.000" setupms="0.002" scanms="0.000" postms="0.000" />
</gc-op>
<heap-resize id="397" type="expand" space="default" amount="2097152" count="1" timems="0.060" reason="excessive time being spent in gc" timestamp="2019-06-17T03:28:53.620" />
<gc-end id="398" type="partial gc" contextid="392" durationms="4.199" usertimems="8.000" systemtimems="0.000" timestamp="2019-06-17T03:28:53.620" activeThreads="1">
  <mem-info id="399" free="47185920" total="78643200" percent="60">
    <mem type="eden" free="411440" total="1048576" percent="39" />
    <remembered-set count="18496" freebytes="3065216" totalbytes="3139200" percent="97" regionsoverflowed="0" regionsstable="1" regionsrebuilding="0"/>
  </mem-info>
</gc-end>
<cycle-end id="400" type="partial gc" contextid="392" timestamp="2019-06-17T03:28:53.620" />
  <attribute name="elasticGC enabled" value="1" />
  <attribute name= "numThreadsSpecified" value="1" />
  <attribute name="heapSize specified" value="0" />
  <attribute name="Current GC Util" value="58" />
  <attribute name= "Current Time Running" value="1546" />
  <attribute name ="GC Interval" value="0" />
  <attribute name="ProportionalT" value="57.000000" />
  <attribute name="ProportionalI" value="57.000000" />
  <attribute name="ProportionalH" value="57.000000" />
  <attribute name="Current Error" value="38.000000" />
  <attribute name="IntegralT" value="0.000000" />
  <attribute name="IntegralI" value="0.000000" />
  <attribute name="IntegralH" value="0.000000" />
  <attribute name="DerivativeT" value="inf" />
  <attribute name="DerivativeI" value="inf" />
  <attribute name="DerivativeH" value="inf" />
  <attribute name="Loop Time for DT" value="0.000000" />
  <attribute name="Output H" value="8388608"/>
  <attribute name="Output I" value="200"/>
  <attribute name="Output T" value="1"/>
  <attribute name="Target GC Util Change" value ="20.000000" />
  <attribute name="Current GC Util Change" value="58.000000"/>
  <attribute name="GC Util currently" value="58" />
  <attribute name="CPU Util currently" value="16826303707519" />
<exclusive-end id="401" timestamp="2019-06-17T03:28:53.620" durationms="5.133" />

<exclusive-start id="402" timestamp="2019-06-17T03:28:53.646" intervalms="31.136">
  <response-info timems="0.032" idlems="0.032" threads="0" lastid="000000000120C100" lastname="Thread-10" />
</exclusive-start>
<allocation-taxation id="403" taxation-threshold="26214400" timestamp="2019-06-17T03:28:53.647" intervalms="31.101" />
<cycle-start id="404" type="partial gc" contextid="0" timestamp="2019-06-17T03:28:53.647" intervalms="31.036" />
<gc-start id="405" type="partial gc" contextid="404" timestamp="2019-06-17T03:28:53.647">
  <mem-info id="406" free="20971520" total="78643200" percent="26">
    <mem type="eden" free="0" total="26214400" percent="0" />
    <remembered-set count="18400" freebytes="3065600" totalbytes="3139200" percent="97" regionsoverflowed="0" regionsstable="1" regionsrebuilding="0"/>
  </mem-info>
</gc-start>
<allocation-stats totalBytes="26211208" >
  <allocated-bytes non-tlh="0" tlh="26211208" arrayletleaf="0"/>
  <largest-consumer threadName="Thread-10" threadId="000000000120C100" bytes="8821576" />
</allocation-stats>
<gc-op id="407" type="copy forward" timems="5.246" contextid="404" timestamp="2019-06-17T03:28:53.653">
  <memory-copied type="eden" objects="3778" bytes="92224" bytesdiscarded="0" />
  <memory-copied type="other" objects="29028" bytes="1464904" bytesdiscarded="784" />
  <memory-cardclean objects="11865" bytes="647176" />
  <regions eden="25" other="3" />
  <remembered-set-cleared processed="15441" cleared="1718" durationms="0.204" />
  <finalization candidates="10" enqueued="0" />
  <references type="soft" candidates="53" cleared="0" enqueued="0" dynamicThreshold="19" maxThreshold="32" />
  <references type="weak" candidates="120" cleared="0" enqueued="0" />
  <references type="phantom" candidates="12" cleared="0" enqueued="0" />
  <stringconstants candidates="4597" cleared="0"  />
</gc-op>
<gc-op id="408" type="classunload" timems="0.003" contextid="404" timestamp="2019-06-17T03:28:53.653">
  <classunload-info classloadercandidates="8" classloadersunloaded="0" classesunloaded="0" anonymousclassesunloaded="0" quiescems="0.000" setupms="0.003" scanms="0.000" postms="0.000" />
</gc-op>
<gc-end id="409" type="partial gc" contextid="404" durationms="6.184" usertimems="12.000" systemtimems="0.000" timestamp="2019-06-17T03:28:53.653" activeThreads="1">
  <mem-info id="410" free="48234496" total="78643200" percent="61">
    <mem type="eden" free="956352" total="1048576" percent="91" />
    <remembered-set count="19936" freebytes="3059456" totalbytes="3139200" percent="97" regionsoverflowed="0" regionsstable="1" regionsrebuilding="0"/>
  </mem-info>
</gc-end>
<cycle-end id="411" type="partial gc" contextid="404" timestamp="2019-06-17T03:28:53.653" />
  <attribute name="elasticGC enabled" value="1" />
  <attribute name= "numThreadsSpecified" value="1" />
  <attribute name="heapSize specified" value="0" />
  <attribute name="Current GC Util" value="67" />
  <attribute name= "Current Time Running" value="1577" />
  <attribute name ="GC Interval" value="0" />
  <attribute name="ProportionalT" value="70.500000" />
  <attribute name="ProportionalI" value="70.500000" />
  <attribute name="ProportionalH" value="70.500000" />
  <attribute name="Current Error" value="47.000000" />
  <attribute name="IntegralT" value="0.000000" />
  <attribute name="IntegralI" value="0.000000" />
  <attribute name="IntegralH" value="0.000000" />
  <attribute name="DerivativeT" value="inf" />
  <attribute name="DerivativeI" value="inf" />
  <attribute name="DerivativeH" value="inf" />
  <attribute name="Loop Time for DT" value="0.000000" />
  <attribute name="Output H" value="8388608"/>
  <attribute name="Output I" value="200"/>
  <attribute name="Output T" value="1"/>
  <attribute name="Target GC Util Change" value ="20.000000" />
  <attribute name="Current GC Util Change" value="67.000000"/>
  <attribute name="GC Util currently" value="67" />
  <attribute name="CPU Util currently" value="19943460914021" />
<exclusive-end id="412" timestamp="2019-06-17T03:28:53.653" durationms="6.931" />

<exclusive-start id="413" timestamp="2019-06-17T03:28:53.679" intervalms="32.863">
  <response-info timems="0.032" idlems="0.032" threads="0" lastid="000000000120C100" lastname="Thread-10" />
</exclusive-start>
<allocation-taxation id="414" taxation-threshold="26214400" timestamp="2019-06-17T03:28:53.679" intervalms="32.873" />
<cycle-start id="415" type="partial gc" contextid="0" timestamp="2019-06-17T03:28:53.680" intervalms="32.869" />
<gc-start id="416" type="partial gc" contextid="415" timestamp="2019-06-17T03:28:53.680">
  <mem-info id="417" free="22020096" total="78643200" percent="28">
    <mem type="eden" free="0" total="26214400" percent="0" />
    <remembered-set count="18336" freebytes="3065856" totalbytes="3139200" percent="97" regionsoverflowed="0" regionsstable="2" regionsrebuilding="0"/>
  </mem-info>
</gc-start>
<allocation-stats totalBytes="26211296" >
  <allocated-bytes non-tlh="0" tlh="26211296" arrayletleaf="0"/>
  <largest-consumer threadName="Thread-10" threadId="000000000120C100" bytes="8617024" />
</allocation-stats>
<gc-op id="418" type="copy forward" timems="2.540" contextid="415" timestamp="2019-06-17T03:28:53.683">
  <memory-copied type="eden" objects="15579" bytes="650048" bytesdiscarded="0" />
  <memory-copied type="other" objects="3450" bytes="82800" bytesdiscarded="0" />
  <memory-cardclean objects="8256" bytes="465208" />
  <regions eden="25" other="1" />
  <remembered-set-cleared processed="16063" cleared="666" durationms="0.202" />
  <stringconstants candidates="4597" cleared="0"  />
</gc-op>
<gc-op id="419" type="classunload" timems="0.003" contextid="415" timestamp="2019-06-17T03:28:53.683">
  <classunload-info classloadercandidates="8" classloadersunloaded="0" classesunloaded="0" anonymousclassesunloaded="0" quiescems="0.000" setupms="0.002" scanms="0.000" postms="0.000" />
</gc-op>
<gc-end id="420" type="partial gc" contextid="415" durationms="3.414" usertimems="4.000" systemtimems="0.000" timestamp="2019-06-17T03:28:53.683" activeThreads="1">
  <mem-info id="421" free="47185920" total="78643200" percent="60">
    <mem type="eden" free="398528" total="1048576" percent="38" />
    <remembered-set count="19136" freebytes="3062656" totalbytes="3139200" percent="97" regionsoverflowed="0" regionsstable="2" regionsrebuilding="0"/>
  </mem-info>
</gc-end>
<cycle-end id="422" type="partial gc" contextid="415" timestamp="2019-06-17T03:28:53.683" />
  <attribute name="elasticGC enabled" value="1" />
  <attribute name= "numThreadsSpecified" value="1" />
  <attribute name="heapSize specified" value="0" />
  <attribute name="Current GC Util" value="60" />
  <attribute name= "Current Time Running" value="1610" />
  <attribute name ="GC Interval" value="0" />
  <attribute name="ProportionalT" value="60.000000" />
  <attribute name="ProportionalI" value="60.000000" />
  <attribute name="ProportionalH" value="60.000000" />
  <attribute name="Current Error" value="40.000000" />
  <attribute name="IntegralT" value="0.000000" />
  <attribute name="IntegralI" value="0.000000" />
  <attribute name="IntegralH" value="0.000000" />
  <attribute name="DerivativeT" value="inf" />
  <attribute name="DerivativeI" value="inf" />
  <attribute name="DerivativeH" value="inf" />
  <attribute name="Loop Time for DT" value="0.000000" />
  <attribute name="Output H" value="8388608"/>
  <attribute name="Output I" value="200"/>
  <attribute name="Output T" value="1"/>
  <attribute name="Target GC Util Change" value ="20.000000" />
  <attribute name="Current GC Util Change" value="60.000000"/>
  <attribute name="GC Util currently" value="60" />
  <attribute name="CPU Util currently" value="21471273533777" />
<exclusive-end id="423" timestamp="2019-06-17T03:28:53.684" durationms="4.202" />

<exclusive-start id="424" timestamp="2019-06-17T03:28:53.705" intervalms="25.268">
  <response-info timems="0.033" idlems="0.033" threads="0" lastid="0000000001208500" lastname="Thread-9" />
</exclusive-start>
<allocation-taxation id="425" taxation-threshold="26214400" timestamp="2019-06-17T03:28:53.705" intervalms="25.283" />
<cycle-start id="426" type="partial gc" contextid="0" timestamp="2019-06-17T03:28:53.705" intervalms="25.331" />
<gc-start id="427" type="partial gc" contextid="426" timestamp="2019-06-17T03:28:53.705">
  <mem-info id="428" free="20971520" total="78643200" percent="26">
    <mem type="eden" free="0" total="26214400" percent="0" />
    <remembered-set count="19040" freebytes="3063040" totalbytes="3139200" percent="97" regionsoverflowed="0" regionsstable="2" regionsrebuilding="0"/>
  </mem-info>
</gc-start>
<allocation-stats totalBytes="26210992" >
  <allocated-bytes non-tlh="0" tlh="26210992" arrayletleaf="0"/>
  <largest-consumer threadName="Thread-9" threadId="0000000001208500" bytes="7678968" />
</allocation-stats>
<gc-op id="429" type="copy forward" timems="2.323" contextid="426" timestamp="2019-06-17T03:28:53.708">
  <memory-copied type="eden" objects="2677" bytes="65544" bytesdiscarded="0" />
  <memory-copied type="other" objects="15293" bytes="641784" bytesdiscarded="0" />
  <memory-cardclean objects="5705" bytes="305536" />
  <regions eden="25" other="1" />
  <remembered-set-cleared processed="16844" cleared="767" durationms="0.204" />
  <stringconstants candidates="4597" cleared="0"  />
</gc-op>
<gc-op id="430" type="classunload" timems="0.003" contextid="426" timestamp="2019-06-17T03:28:53.708">
  <classunload-info classloadercandidates="8" classloadersunloaded="0" classesunloaded="0" anonymousclassesunloaded="0" quiescems="0.000" setupms="0.002" scanms="0.000" postms="0.000" />
</gc-op>
<heap-resize id="431" type="expand" space="default" amount="3145728" count="1" timems="0.068" reason="excessive time being spent in gc" timestamp="2019-06-17T03:28:53.708" />
<gc-end id="432" type="partial gc" contextid="426" durationms="3.405" usertimems="4.000" systemtimems="0.000" timestamp="2019-06-17T03:28:53.709" activeThreads="1">
  <mem-info id="433" free="49283072" total="81788928" percent="60">
    <mem type="eden" free="983032" total="1048576" percent="93" />
    <remembered-set count="19808" freebytes="3185536" totalbytes="3264768" percent="97" regionsoverflowed="0" regionsstable="2" regionsrebuilding="0"/>
  </mem-info>
</gc-end>
<cycle-end id="434" type="partial gc" contextid="426" timestamp="2019-06-17T03:28:53.709" />
  <attribute name="elasticGC enabled" value="1" />
  <attribute name= "numThreadsSpecified" value="1" />
  <attribute name="heapSize specified" value="0" />
  <attribute name="Current GC Util" value="61" />
  <attribute name= "Current Time Running" value="1635" />
  <attribute name ="GC Interval" value="0" />
  <attribute name="ProportionalT" value="61.500000" />
  <attribute name="ProportionalI" value="61.500000" />
  <attribute name="ProportionalH" value="61.500000" />
  <attribute name="Current Error" value="41.000000" />
  <attribute name="IntegralT" value="0.000000" />
  <attribute name="IntegralI" value="0.000000" />
  <attribute name="IntegralH" value="0.000000" />
  <attribute name="DerivativeT" value="inf" />
  <attribute name="DerivativeI" value="inf" />
  <attribute name="DerivativeH" value="inf" />
  <attribute name="Loop Time for DT" value="0.000000" />
  <attribute name="Output H" value="8388608"/>
  <attribute name="Output I" value="200"/>
  <attribute name="Output T" value="1"/>
  <attribute name="Target GC Util Change" value ="20.000000" />
  <attribute name="Current GC Util Change" value="61.000000"/>
  <attribute name="GC Util currently" value="61" />
  <attribute name="CPU Util currently" value="18225342596491" />
<exclusive-end id="435" timestamp="2019-06-17T03:28:53.709" durationms="4.298" />

<exclusive-start id="436" timestamp="2019-06-17T03:28:53.727" intervalms="22.212">
  <response-info timems="0.023" idlems="0.023" threads="0" lastid="000000000120C100" lastname="Thread-10" />
</exclusive-start>
<allocation-taxation id="437" taxation-threshold="27262976" timestamp="2019-06-17T03:28:53.727" intervalms="22.147" />
<cycle-start id="438" type="partial gc" contextid="0" timestamp="2019-06-17T03:28:53.727" intervalms="22.098" />
<gc-start id="439" type="partial gc" contextid="438" timestamp="2019-06-17T03:28:53.727">
  <mem-info id="440" free="22020096" total="81788928" percent="26">
    <mem type="eden" free="0" total="27262976" percent="0" />
    <remembered-set count="19776" freebytes="3185664" totalbytes="3264768" percent="97" regionsoverflowed="0" regionsstable="2" regionsrebuilding="0"/>
  </mem-info>
</gc-start>
<allocation-stats totalBytes="27259744" >
  <allocated-bytes non-tlh="0" tlh="27259744" arrayletleaf="0"/>
  <largest-consumer threadName="Thread-8" threadId="0000000001204900" bytes="7740688" />
</allocation-stats>
<gc-op id="441" type="copy forward" timems="1.525" contextid="438" timestamp="2019-06-17T03:28:53.729">
  <memory-copied type="eden" objects="2388" bytes="58416" bytesdiscarded="0" />
  <memory-copied type="other" objects="2402" bytes="57648" bytesdiscarded="0" />
  <memory-cardclean objects="6745" bytes="385024" />
  <regions eden="26" other="1" />
  <remembered-set-cleared processed="17539" cleared="549" durationms="0.197" />
  <stringconstants candidates="4597" cleared="0"  />
</gc-op>
<gc-op id="442" type="classunload" timems="0.002" contextid="438" timestamp="2019-06-17T03:28:53.729">
  <classunload-info classloadercandidates="8" classloadersunloaded="0" classesunloaded="0" anonymousclassesunloaded="0" quiescems="0.000" setupms="0.002" scanms="0.000" postms="0.000" />
</gc-op>
<heap-resize id="443" type="expand" space="default" amount="2097152" count="1" timems="0.058" reason="excessive time being spent in gc" timestamp="2019-06-17T03:28:53.730" />
<gc-end id="444" type="partial gc" contextid="438" durationms="2.493" usertimems="4.000" systemtimems="0.000" timestamp="2019-06-17T03:28:53.730" activeThreads="1">
  <mem-info id="445" free="50331648" total="83886080" percent="60">
    <mem type="eden" free="990160" total="1048576" percent="94" />
    <remembered-set count="20736" freebytes="3265536" totalbytes="3348480" percent="97" regionsoverflowed="0" regionsstable="2" regionsrebuilding="0"/>
  </mem-info>
</gc-end>
<cycle-end id="446" type="partial gc" contextid="438" timestamp="2019-06-17T03:28:53.730" />
  <attribute name="elasticGC enabled" value="1" />
  <attribute name= "numThreadsSpecified" value="1" />
  <attribute name="heapSize specified" value="0" />
  <attribute name="Current GC Util" value="63" />
  <attribute name= "Current Time Running" value="1657" />
  <attribute name ="GC Interval" value="0" />
  <attribute name="ProportionalT" value="64.500000" />
  <attribute name="ProportionalI" value="64.500000" />
  <attribute name="ProportionalH" value="64.500000" />
  <attribute name="Current Error" value="43.000000" />
  <attribute name="IntegralT" value="0.000000" />
  <attribute name="IntegralI" value="0.000000" />
  <attribute name="IntegralH" value="0.000000" />
  <attribute name="DerivativeT" value="inf" />
  <attribute name="DerivativeI" value="inf" />
  <attribute name="DerivativeH" value="inf" />
  <attribute name="Loop Time for DT" value="0.000000" />
  <attribute name="Output H" value="8388608"/>
  <attribute name="Output I" value="200"/>
  <attribute name="Output T" value="1"/>
  <attribute name="Target GC Util Change" value ="20.000000" />
  <attribute name="Current GC Util Change" value="63.000000"/>
  <attribute name="GC Util currently" value="63" />
  <attribute name="CPU Util currently" value="23446826757752" />
<exclusive-end id="447" timestamp="2019-06-17T03:28:53.730" durationms="3.045" />

<exclusive-start id="448" timestamp="2019-06-17T03:28:53.748" intervalms="21.156">
  <response-info timems="0.033" idlems="0.033" threads="0" lastid="0000000001208500" lastname="Thread-9" />
</exclusive-start>
<allocation-taxation id="449" taxation-threshold="27262976" timestamp="2019-06-17T03:28:53.748" intervalms="21.191" />
<cycle-start id="450" type="partial gc" contextid="0" timestamp="2019-06-17T03:28:53.748" intervalms="21.211" />
<gc-start id="451" type="partial gc" contextid="450" timestamp="2019-06-17T03:28:53.748">
  <mem-info id="452" free="23068672" total="83886080" percent="27">
    <mem type="eden" free="0" total="27262976" percent="0" />
    <remembered-set count="20448" freebytes="3266688" totalbytes="3348480" percent="97" regionsoverflowed="0" regionsstable="2" regionsrebuilding="0"/>
  </mem-info>
</gc-start>
<allocation-stats totalBytes="27259520" >
  <allocated-bytes non-tlh="0" tlh="27259520" arrayletleaf="0"/>
  <largest-consumer threadName="Thread-8" threadId="0000000001204900" bytes="7973920" />
</allocation-stats>
<gc-op id="453" type="copy forward" timems="1.431" contextid="450" timestamp="2019-06-17T03:28:53.750">
  <memory-copied type="eden" objects="2020" bytes="50064" bytesdiscarded="0" />
  <memory-copied type="other" objects="2160" bytes="51840" bytesdiscarded="0" />
  <memory-cardclean objects="6525" bytes="336376" />
  <regions eden="26" other="1" />
  <remembered-set-cleared processed="18230" cleared="708" durationms="0.216" />
  <stringconstants candidates="4597" cleared="0"  />
</gc-op>
<gc-op id="454" type="classunload" timems="0.002" contextid="450" timestamp="2019-06-17T03:28:53.750">
  <classunload-info classloadercandidates="8" classloadersunloaded="0" classesunloaded="0" anonymousclassesunloaded="0" quiescems="0.000" setupms="0.002" scanms="0.000" postms="0.000" />
</gc-op>
<heap-resize id="455" type="expand" space="default" amount="3145728" count="1" timems="0.064" reason="excessive time being spent in gc" timestamp="2019-06-17T03:28:53.751" />
<gc-end id="456" type="partial gc" contextid="450" durationms="2.338" usertimems="4.000" systemtimems="0.000" timestamp="2019-06-17T03:28:53.751" activeThreads="1">
  <mem-info id="457" free="52428800" total="87031808" percent="60">
    <mem type="eden" free="998512" total="1048576" percent="95" />
    <remembered-set count="21248" freebytes="3389056" totalbytes="3474048" percent="97" regionsoverflowed="0" regionsstable="2" regionsrebuilding="0"/>
  </mem-info>
</gc-end>
<cycle-end id="458" type="partial gc" contextid="450" timestamp="2019-06-17T03:28:53.751" />
  <attribute name="elasticGC enabled" value="1" />
  <attribute name= "numThreadsSpecified" value="1" />
  <attribute name="heapSize specified" value="0" />
  <attribute name="Current GC Util" value="64" />
  <attribute name= "Current Time Running" value="1678" />
  <attribute name ="GC Interval" value="0" />
  <attribute name="ProportionalT" value="66.000000" />
  <attribute name="ProportionalI" value="66.000000" />
  <attribute name="ProportionalH" value="66.000000" />
  <attribute name="Current Error" value="44.000000" />
  <attribute name="IntegralT" value="0.000000" />
  <attribute name="IntegralI" value="0.000000" />
  <attribute name="IntegralH" value="0.000000" />
  <attribute name="DerivativeT" value="inf" />
  <attribute name="DerivativeI" value="inf" />
  <attribute name="DerivativeH" value="inf" />
  <attribute name="Loop Time for DT" value="0.000000" />
  <attribute name="Output H" value="8388608"/>
  <attribute name="Output I" value="200"/>
  <attribute name="Output T" value="1"/>
  <attribute name="Target GC Util Change" value ="20.000000" />
  <attribute name="Current GC Util Change" value="64.000000"/>
  <attribute name="GC Util currently" value="64" />
  <attribute name="CPU Util currently" value="23327748933639" />
<exclusive-end id="459" timestamp="2019-06-17T03:28:53.751" durationms="3.007" />

<exclusive-start id="460" timestamp="2019-06-17T03:28:53.771" intervalms="23.364">
  <response-info timems="0.081" idlems="0.051" threads="1" lastid="0000000001204900" lastname="Thread-8" />
</exclusive-start>
<allocation-taxation id="461" taxation-threshold="28311552" timestamp="2019-06-17T03:28:53.771" intervalms="23.330" />
<cycle-start id="462" type="partial gc" contextid="0" timestamp="2019-06-17T03:28:53.772" intervalms="23.305" />
<gc-start id="463" type="partial gc" contextid="462" timestamp="2019-06-17T03:28:53.772">
  <mem-info id="464" free="24117248" total="87031808" percent="27">
    <mem type="eden" free="0" total="28311552" percent="0" />
    <remembered-set count="21056" freebytes="3389824" totalbytes="3474048" percent="97" regionsoverflowed="0" regionsstable="2" regionsrebuilding="0"/>
  </mem-info>
</gc-start>
<allocation-stats totalBytes="28308128" >
  <allocated-bytes non-tlh="0" tlh="28308128" arrayletleaf="0"/>
  <largest-consumer threadName="Thread-9" threadId="0000000001208500" bytes="7109832" />
</allocation-stats>
<gc-op id="465" type="copy forward" timems="1.536" contextid="462" timestamp="2019-06-17T03:28:53.774">
  <memory-copied type="eden" objects="1822" bytes="45160" bytesdiscarded="1496" />
  <memory-copied type="other" objects="1688" bytes="40512" bytesdiscarded="1024" />
  <memory-cardclean objects="5983" bytes="310408" />
  <regions eden="27" other="1" />
  <remembered-set-cleared processed="18867" cleared="722" durationms="0.126" />
  <stringconstants candidates="4597" cleared="0"  />
</gc-op>
<gc-op id="466" type="classunload" timems="0.002" contextid="462" timestamp="2019-06-17T03:28:53.774">
  <classunload-info classloadercandidates="8" classloadersunloaded="0" classesunloaded="0" anonymousclassesunloaded="0" quiescems="0.000" setupms="0.002" scanms="0.000" postms="0.000" />
</gc-op>
<heap-resize id="467" type="expand" space="default" amount="5242880" count="1" timems="0.074" reason="excessive time being spent in gc" timestamp="2019-06-17T03:28:53.774" />
<gc-end id="468" type="partial gc" contextid="462" durationms="2.542" usertimems="0.000" systemtimems="4.000" timestamp="2019-06-17T03:28:53.774" activeThreads="4">
  <mem-info id="469" free="55574528" total="92274688" percent="60">
    <mem type="eden" free="2050496" total="2097152" percent="97" />
    <remembered-set count="21408" freebytes="3597696" totalbytes="3683328" percent="97" regionsoverflowed="0" regionsstable="2" regionsrebuilding="0"/>
  </mem-info>
</gc-end>
<cycle-end id="470" type="partial gc" contextid="462" timestamp="2019-06-17T03:28:53.774" />
  <attribute name="elasticGC enabled" value="1" />
  <attribute name= "numThreadsSpecified" value="4" />
  <attribute name="heapSize specified" value="0" />
  <attribute name="Current GC Util" value="64" />
  <attribute name= "Current Time Running" value="1702" />
  <attribute name ="GC Interval" value="0" />
  <attribute name="ProportionalT" value="66.000000" />
  <attribute name="ProportionalI" value="66.000000" />
  <attribute name="ProportionalH" value="66.000000" />
  <attribute name="Current Error" value="44.000000" />
  <attribute name="IntegralT" value="44.000000" />
  <attribute name="IntegralI" value="44.000000" />
  <attribute name="IntegralH" value="44.000000" />
  <attribute name="DerivativeT" value="66.000000" />
  <attribute name="DerivativeI" value="66.000000" />
  <attribute name="DerivativeH" value="66.000000" />
  <attribute name="Loop Time for DT" value="1.000000" />
  <attribute name="Output H" value="8388608"/>
  <attribute name="Output I" value="200"/>
  <attribute name="Output T" value="4"/>
  <attribute name="Target GC Util Change" value ="20.000000" />
  <attribute name="Current GC Util Change" value="64.000000"/>
  <attribute name="GC Util currently" value="64" />
  <attribute name="CPU Util currently" value="22076891476840" />
<exclusive-end id="471" timestamp="2019-06-17T03:28:53.774" durationms="3.108" />

<exclusive-start id="472" timestamp="2019-06-17T03:28:53.797" intervalms="25.455">
  <response-info timems="0.047" idlems="0.047" threads="0" lastid="000000000120C100" lastname="Thread-10" />
</exclusive-start>
<allocation-taxation id="473" taxation-threshold="29360128" timestamp="2019-06-17T03:28:53.797" intervalms="25.485" />
<cycle-start id="474" type="partial gc" contextid="0" timestamp="2019-06-17T03:28:53.797" intervalms="25.507" />
<gc-start id="475" type="partial gc" contextid="474" timestamp="2019-06-17T03:28:53.797">
  <mem-info id="476" free="26214400" total="92274688" percent="28">
    <mem type="eden" free="0" total="29360128" percent="0" />
    <remembered-set count="21248" freebytes="3598336" totalbytes="3683328" percent="97" regionsoverflowed="0" regionsstable="2" regionsrebuilding="0"/>
  </mem-info>
</gc-start>
<allocation-stats totalBytes="29356424" >
  <allocated-bytes non-tlh="0" tlh="29356424" arrayletleaf="0"/>
  <largest-consumer threadName="Thread-10" threadId="000000000120C100" bytes="11123320" />
</allocation-stats>
<gc-op id="477" type="copy forward" timems="2.017" contextid="474" timestamp="2019-06-17T03:28:53.800">
  <memory-copied type="eden" objects="8958" bytes="353776" bytesdiscarded="0" />
  <memory-copied type="other" objects="1552" bytes="37248" bytesdiscarded="0" />
  <memory-cardclean objects="5702" bytes="301096" />
  <regions eden="28" other="2" />
  <remembered-set-cleared processed="19447" cleared="762" durationms="0.222" />
  <stringconstants candidates="4597" cleared="0"  />
</gc-op>
<gc-op id="478" type="classunload" timems="0.002" contextid="474" timestamp="2019-06-17T03:28:53.800">
  <classunload-info classloadercandidates="8" classloadersunloaded="0" classesunloaded="0" anonymousclassesunloaded="0" quiescems="0.000" setupms="0.002" scanms="0.000" postms="0.000" />
</gc-op>
<gc-end id="479" type="partial gc" contextid="474" durationms="2.864" usertimems="4.000" systemtimems="0.000" timestamp="2019-06-17T03:28:53.800" activeThreads="1">
  <mem-info id="480" free="55574528" total="92274688" percent="60">
    <mem type="eden" free="694800" total="1048576" percent="66" />
    <remembered-set count="22176" freebytes="3594624" totalbytes="3683328" percent="97" regionsoverflowed="0" regionsstable="2" regionsrebuilding="0"/>
  </mem-info>
</gc-end>
<cycle-end id="481" type="partial gc" contextid="474" timestamp="2019-06-17T03:28:53.800" />
  <attribute name="elasticGC enabled" value="1" />
  <attribute name= "numThreadsSpecified" value="1" />
  <attribute name="heapSize specified" value="0" />
  <attribute name="Current GC Util" value="55" />
  <attribute name= "Current Time Running" value="1727" />
  <attribute name ="GC Interval" value="0" />
  <attribute name="ProportionalT" value="52.500000" />
  <attribute name="ProportionalI" value="52.500000" />
  <attribute name="ProportionalH" value="52.500000" />
  <attribute name="Current Error" value="35.000000" />
  <attribute name="IntegralT" value="0.000000" />
  <attribute name="IntegralI" value="0.000000" />
  <attribute name="IntegralH" value="0.000000" />
  <attribute name="DerivativeT" value="inf" />
  <attribute name="DerivativeI" value="inf" />
  <attribute name="DerivativeH" value="inf" />
  <attribute name="Loop Time for DT" value="0.000000" />
  <attribute name="Output H" value="8388608"/>
  <attribute name="Output I" value="200"/>
  <attribute name="Output T" value="1"/>
  <attribute name="Target GC Util Change" value ="20.000000" />
  <attribute name="Current GC Util Change" value="55.000000"/>
  <attribute name="GC Util currently" value="55" />
  <attribute name="CPU Util currently" value="21508826655067" />
<exclusive-end id="482" timestamp="2019-06-17T03:28:53.800" durationms="3.583" />

<exclusive-start id="483" timestamp="2019-06-17T03:28:53.823" intervalms="26.095">
  <response-info timems="0.459" idlems="0.243" threads="1" lastid="0000000001204900" lastname="Thread-8" />
</exclusive-start>
<allocation-taxation id="484" taxation-threshold="29360128" timestamp="2019-06-17T03:28:53.823" intervalms="26.112" />
<cycle-start id="485" type="partial gc" contextid="0" timestamp="2019-06-17T03:28:53.823" intervalms="26.096" />
<gc-start id="486" type="partial gc" contextid="485" timestamp="2019-06-17T03:28:53.823">
  <mem-info id="487" free="26214400" total="92274688" percent="28">
    <mem type="eden" free="0" total="29360128" percent="0" />
    <remembered-set count="21952" freebytes="3595520" totalbytes="3683328" percent="97" regionsoverflowed="0" regionsstable="2" regionsrebuilding="0"/>
  </mem-info>
</gc-start>
<allocation-stats totalBytes="29356752" >
  <allocated-bytes non-tlh="0" tlh="29356752" arrayletleaf="0"/>
  <largest-consumer threadName="Thread-10" threadId="000000000120C100" bytes="11713248" />
</allocation-stats>
<gc-op id="488" type="copy forward" timems="2.023" contextid="485" timestamp="2019-06-17T03:28:53.826">
  <memory-copied type="eden" objects="3136" bytes="76568" bytesdiscarded="0" />
  <memory-copied type="other" objects="8698" bytes="346128" bytesdiscarded="0" />
  <memory-cardclean objects="5178" bytes="276184" />
  <regions eden="28" other="1" />
  <remembered-set-cleared processed="20081" cleared="849" durationms="0.233" />
  <stringconstants candidates="4597" cleared="0"  />
</gc-op>
<gc-op id="489" type="classunload" timems="0.002" contextid="485" timestamp="2019-06-17T03:28:53.826">
  <classunload-info classloadercandidates="8" classloadersunloaded="0" classesunloaded="0" anonymousclassesunloaded="0" quiescems="0.000" setupms="0.002" scanms="0.000" postms="0.000" />
</gc-op>
<gc-end id="490" type="partial gc" contextid="485" durationms="2.922" usertimems="0.000" systemtimems="0.000" timestamp="2019-06-17T03:28:53.826" activeThreads="1">
  <mem-info id="491" free="54525952" total="92274688" percent="59">
    <mem type="eden" free="972008" total="1048576" percent="92" />
    <remembered-set count="23168" freebytes="3590656" totalbytes="3683328" percent="97" regionsoverflowed="0" regionsstable="2" regionsrebuilding="0"/>
  </mem-info>
</gc-end>
<cycle-end id="492" type="partial gc" contextid="485" timestamp="2019-06-17T03:28:53.826" />
  <attribute name="elasticGC enabled" value="1" />
  <attribute name= "numThreadsSpecified" value="1" />
  <attribute name="heapSize specified" value="0" />
  <attribute name="Current GC Util" value="72" />
  <attribute name= "Current Time Running" value="1753" />
  <attribute name ="GC Interval" value="0" />
  <attribute name="ProportionalT" value="78.000000" />
  <attribute name="ProportionalI" value="78.000000" />
  <attribute name="ProportionalH" value="78.000000" />
  <attribute name="Current Error" value="52.000000" />
  <attribute name="IntegralT" value="0.000000" />
  <attribute name="IntegralI" value="0.000000" />
  <attribute name="IntegralH" value="0.000000" />
  <attribute name="DerivativeT" value="inf" />
  <attribute name="DerivativeI" value="inf" />
  <attribute name="DerivativeH" value="inf" />
  <attribute name="Loop Time for DT" value="0.000000" />
  <attribute name="Output H" value="8388608"/>
  <attribute name="Output I" value="200"/>
  <attribute name="Output T" value="1"/>
  <attribute name="Target GC Util Change" value ="20.000000" />
  <attribute name="Current GC Util Change" value="72.000000"/>
  <attribute name="GC Util currently" value="72" />
  <attribute name="CPU Util currently" value="18859233205512" />
<exclusive-end id="493" timestamp="2019-06-17T03:28:53.827" durationms="3.665" />

<exclusive-start id="494" timestamp="2019-06-17T03:28:53.847" intervalms="23.806">
  <response-info timems="0.028" idlems="0.028" threads="0" lastid="0000000001200D00" lastname="Thread-7" />
</exclusive-start>
<allocation-taxation id="495" taxation-threshold="29360128" timestamp="2019-06-17T03:28:53.847" intervalms="23.795" />
<cycle-start id="496" type="partial gc" contextid="0" timestamp="2019-06-17T03:28:53.847" intervalms="23.829" />
<gc-start id="497" type="partial gc" contextid="496" timestamp="2019-06-17T03:28:53.847">
  <mem-info id="498" free="25165824" total="92274688" percent="27">
    <mem type="eden" free="0" total="29360128" percent="0" />
    <remembered-set count="23104" freebytes="3590912" totalbytes="3683328" percent="97" regionsoverflowed="0" regionsstable="2" regionsrebuilding="0"/>
  </mem-info>
</gc-start>
<allocation-stats totalBytes="29356520" >
  <allocated-bytes non-tlh="0" tlh="29356520" arrayletleaf="0"/>
  <largest-consumer threadName="Thread-10" threadId="000000000120C100" bytes="8911880" />
</allocation-stats>
<gc-op id="499" type="copy forward" timems="1.664" contextid="496" timestamp="2019-06-17T03:28:53.849">
  <memory-copied type="eden" objects="2574" bytes="62808" bytesdiscarded="0" />
  <memory-copied type="other" objects="2881" bytes="69144" bytesdiscarded="0" />
  <memory-cardclean objects="7703" bytes="416392" />
  <regions eden="28" other="1" />
  <remembered-set-cleared processed="20694" cleared="782" durationms="0.235" />
  <stringconstants candidates="4597" cleared="0"  />
</gc-op>
<gc-op id="500" type="classunload" timems="0.002" contextid="496" timestamp="2019-06-17T03:28:53.849">
  <classunload-info classloadercandidates="8" classloadersunloaded="0" classesunloaded="0" anonymousclassesunloaded="0" quiescems="0.000" setupms="0.002" scanms="0.000" postms="0.000" />
</gc-op>
<heap-resize id="501" type="expand" space="default" amount="5242880" count="1" timems="0.081" reason="excessive time being spent in gc" timestamp="2019-06-17T03:28:53.850" />
<gc-end id="502" type="partial gc" contextid="496" durationms="2.633" usertimems="0.000" systemtimems="0.000" timestamp="2019-06-17T03:28:53.850" activeThreads="1">
  <mem-info id="503" free="58720256" total="97517568" percent="60">
    <mem type="eden" free="985768" total="1048576" percent="94" />
    <remembered-set count="23808" freebytes="3797376" totalbytes="3892608" percent="97" regionsoverflowed="0" regionsstable="2" regionsrebuilding="0"/>
  </mem-info>
</gc-end>
<cycle-end id="504" type="partial gc" contextid="496" timestamp="2019-06-17T03:28:53.850" />
  <attribute name="elasticGC enabled" value="1" />
  <attribute name= "numThreadsSpecified" value="1" />
  <attribute name="heapSize specified" value="0" />
  <attribute name="Current GC Util" value="68" />
  <attribute name= "Current Time Running" value="1777" />
  <attribute name ="GC Interval" value="0" />
  <attribute name="ProportionalT" value="72.000000" />
  <attribute name="ProportionalI" value="72.000000" />
  <attribute name="ProportionalH" value="72.000000" />
  <attribute name="Current Error" value="48.000000" />
  <attribute name="IntegralT" value="0.000000" />
  <attribute name="IntegralI" value="0.000000" />
  <attribute name="IntegralH" value="0.000000" />
  <attribute name="DerivativeT" value="inf" />
  <attribute name="DerivativeI" value="inf" />
  <attribute name="DerivativeH" value="inf" />
  <attribute name="Loop Time for DT" value="0.000000" />
  <attribute name="Output H" value="8388608"/>
  <attribute name="Output I" value="200"/>
  <attribute name="Output T" value="1"/>
  <attribute name="Target GC Util Change" value ="20.000000" />
  <attribute name="Current GC Util Change" value="68.000000"/>
  <attribute name="GC Util currently" value="68" />
  <attribute name="CPU Util currently" value="19809732920389" />
<exclusive-end id="505" timestamp="2019-06-17T03:28:53.850" durationms="3.367" />

<exclusive-start id="506" timestamp="2019-06-17T03:28:53.870" intervalms="23.219">
  <response-info timems="0.025" idlems="0.025" threads="0" lastid="0000000001200D00" lastname="Thread-7" />
</exclusive-start>
<allocation-taxation id="507" taxation-threshold="30408704" timestamp="2019-06-17T03:28:53.870" intervalms="23.216" />
<cycle-start id="508" type="partial gc" contextid="0" timestamp="2019-06-17T03:28:53.870" intervalms="23.237" />
<gc-start id="509" type="partial gc" contextid="508" timestamp="2019-06-17T03:28:53.870">
  <mem-info id="510" free="28311552" total="97517568" percent="29">
    <mem type="eden" free="0" total="30408704" percent="0" />
    <remembered-set count="23808" freebytes="3797376" totalbytes="3892608" percent="97" regionsoverflowed="0" regionsstable="2" regionsrebuilding="0"/>
  </mem-info>
</gc-start>
<allocation-stats totalBytes="30404752" >
  <allocated-bytes non-tlh="0" tlh="30404752" arrayletleaf="0"/>
  <largest-consumer threadName="Thread-7" threadId="0000000001200D00" bytes="11258440" />
</allocation-stats>
<gc-op id="511" type="copy forward" timems="2.824" contextid="508" timestamp="2019-06-17T03:28:53.874">
  <memory-copied type="eden" objects="16493" bytes="671536" bytesdiscarded="0" />
  <memory-copied type="other" objects="2364" bytes="56736" bytesdiscarded="0" />
  <memory-cardclean objects="6573" bytes="346744" />
  <regions eden="29" other="1" />
  <remembered-set-cleared processed="21376" cleared="1006" durationms="0.262" />
  <stringconstants candidates="4597" cleared="0"  />
</gc-op>
<gc-op id="512" type="classunload" timems="0.003" contextid="508" timestamp="2019-06-17T03:28:53.874">
  <classunload-info classloadercandidates="8" classloadersunloaded="0" classesunloaded="0" anonymousclassesunloaded="0" quiescems="0.000" setupms="0.002" scanms="0.000" postms="0.000" />
</gc-op>
<heap-resize id="513" type="expand" space="default" amount="2097152" count="1" timems="0.070" reason="excessive time being spent in gc" timestamp="2019-06-17T03:28:53.874" />
<gc-end id="514" type="partial gc" contextid="508" durationms="3.908" usertimems="4.000" systemtimems="0.000" timestamp="2019-06-17T03:28:53.874" activeThreads="1">
  <mem-info id="515" free="59768832" total="99614720" percent="60">
    <mem type="eden" free="377040" total="1048576" percent="35" />
    <remembered-set count="24800" freebytes="3877120" totalbytes="3976320" percent="97" regionsoverflowed="0" regionsstable="2" regionsrebuilding="0"/>
  </mem-info>
</gc-end>
<cycle-end id="516" type="partial gc" contextid="508" timestamp="2019-06-17T03:28:53.874" />
  <attribute name="elasticGC enabled" value="1" />
  <attribute name= "numThreadsSpecified" value="1" />
  <attribute name="heapSize specified" value="0" />
  <attribute name="Current GC Util" value="55" />
  <attribute name= "Current Time Running" value="1800" />
  <attribute name ="GC Interval" value="0" />
  <attribute name="ProportionalT" value="52.500000" />
  <attribute name="ProportionalI" value="52.500000" />
  <attribute name="ProportionalH" value="52.500000" />
  <attribute name="Current Error" value="35.000000" />
  <attribute name="IntegralT" value="0.000000" />
  <attribute name="IntegralI" value="0.000000" />
  <attribute name="IntegralH" value="0.000000" />
  <attribute name="DerivativeT" value="inf" />
  <attribute name="DerivativeI" value="inf" />
  <attribute name="DerivativeH" value="inf" />
  <attribute name="Loop Time for DT" value="0.000000" />
  <attribute name="Output H" value="8388608"/>
  <attribute name="Output I" value="200"/>
  <attribute name="Output T" value="1"/>
  <attribute name="Target GC Util Change" value ="20.000000" />
  <attribute name="Current GC Util Change" value="55.000000"/>
  <attribute name="GC Util currently" value="55" />
  <attribute name="CPU Util currently" value="19825232094242" />
<exclusive-end id="517" timestamp="2019-06-17T03:28:53.875" durationms="4.737" />

<exclusive-start id="518" timestamp="2019-06-17T03:28:53.891" intervalms="21.141">
  <response-info timems="0.537" idlems="0.297" threads="1" lastid="0000000001204900" lastname="Thread-8" />
</exclusive-start>
<allocation-taxation id="519" taxation-threshold="31457280" timestamp="2019-06-17T03:28:53.891" intervalms="21.149" />
<cycle-start id="520" type="partial gc" contextid="0" timestamp="2019-06-17T03:28:53.891" intervalms="21.175" />
<gc-start id="521" type="partial gc" contextid="520" timestamp="2019-06-17T03:28:53.892">
  <mem-info id="522" free="28311552" total="99614720" percent="28">
    <mem type="eden" free="0" total="31457280" percent="0" />
    <remembered-set count="24448" freebytes="3878528" totalbytes="3976320" percent="97" regionsoverflowed="0" regionsstable="2" regionsrebuilding="0"/>
  </mem-info>
</gc-start>
<allocation-stats totalBytes="31453784" >
  <allocated-bytes non-tlh="0" tlh="31453784" arrayletleaf="0"/>
  <largest-consumer threadName="Thread-9" threadId="0000000001208500" bytes="9542656" />
</allocation-stats>
<gc-op id="523" type="copy forward" timems="2.417" contextid="520" timestamp="2019-06-17T03:28:53.895">
  <memory-copied type="eden" objects="7477" bytes="317920" bytesdiscarded="0" />
  <memory-copied type="other" objects="8423" bytes="339528" bytesdiscarded="0" />
  <memory-cardclean objects="4941" bytes="268576" />
  <regions eden="30" other="1" />
  <remembered-set-cleared processed="22087" cleared="1022" durationms="0.258" />
  <stringconstants candidates="4597" cleared="0"  />
</gc-op>
<gc-op id="524" type="classunload" timems="0.002" contextid="520" timestamp="2019-06-17T03:28:53.895">
  <classunload-info classloadercandidates="8" classloadersunloaded="0" classesunloaded="0" anonymousclassesunloaded="0" quiescems="0.000" setupms="0.002" scanms="0.000" postms="0.000" />
</gc-op>
<heap-resize id="525" type="expand" space="default" amount="3145728" count="1" timems="0.064" reason="excessive time being spent in gc" timestamp="2019-06-17T03:28:53.895" />
<gc-end id="526" type="partial gc" contextid="520" durationms="3.580" usertimems="4.000" systemtimems="0.000" timestamp="2019-06-17T03:28:53.895" activeThreads="1">
  <mem-info id="527" free="61865984" total="102760448" percent="60">
    <mem type="eden" free="730656" total="1048576" percent="69" />
    <remembered-set count="25024" freebytes="4001792" totalbytes="4101888" percent="97" regionsoverflowed="0" regionsstable="2" regionsrebuilding="0"/>
  </mem-info>
</gc-end>
<cycle-end id="528" type="partial gc" contextid="520" timestamp="2019-06-17T03:28:53.895" />
  <attribute name="elasticGC enabled" value="1" />
  <attribute name= "numThreadsSpecified" value="1" />
  <attribute name="heapSize specified" value="0" />
  <attribute name="Current GC Util" value="44" />
  <attribute name= "Current Time Running" value="1822" />
  <attribute name ="GC Interval" value="0" />
  <attribute name="ProportionalT" value="36.000000" />
  <attribute name="ProportionalI" value="36.000000" />
  <attribute name="ProportionalH" value="36.000000" />
  <attribute name="Current Error" value="24.000000" />
  <attribute name="IntegralT" value="0.000000" />
  <attribute name="IntegralI" value="0.000000" />
  <attribute name="IntegralH" value="0.000000" />
  <attribute name="DerivativeT" value="inf" />
  <attribute name="DerivativeI" value="inf" />
  <attribute name="DerivativeH" value="inf" />
  <attribute name="Loop Time for DT" value="0.000000" />
  <attribute name="Output H" value="8388608"/>
  <attribute name="Output I" value="200"/>
  <attribute name="Output T" value="1"/>
  <attribute name="Target GC Util Change" value ="20.000000" />
  <attribute name="Current GC Util Change" value="44.000000"/>
  <attribute name="GC Util currently" value="44" />
  <attribute name="CPU Util currently" value="15723604448619" />
<exclusive-end id="529" timestamp="2019-06-17T03:28:53.896" durationms="4.454" />

<exclusive-start id="530" timestamp="2019-06-17T03:28:53.916" intervalms="24.902">
  <response-info timems="0.030" idlems="0.030" threads="0" lastid="0000000001208500" lastname="Thread-9" />
</exclusive-start>
<allocation-taxation id="531" taxation-threshold="32505856" timestamp="2019-06-17T03:28:53.916" intervalms="24.912" />
<cycle-start id="532" type="partial gc" contextid="0" timestamp="2019-06-17T03:28:53.916" intervalms="24.874" />
<gc-start id="533" type="partial gc" contextid="532" timestamp="2019-06-17T03:28:53.916">
  <mem-info id="534" free="29360128" total="102760448" percent="28">
    <mem type="eden" free="0" total="32505856" percent="0" />
    <remembered-set count="24928" freebytes="4002176" totalbytes="4101888" percent="97" regionsoverflowed="0" regionsstable="2" regionsrebuilding="0"/>
  </mem-info>
</gc-start>
<allocation-stats totalBytes="32501912" >
  <allocated-bytes non-tlh="0" tlh="32501912" arrayletleaf="0"/>
  <largest-consumer threadName="Thread-9" threadId="0000000001208500" bytes="12155464" />
</allocation-stats>
<gc-op id="535" type="copy forward" timems="2.188" contextid="532" timestamp="2019-06-17T03:28:53.919">
  <memory-copied type="eden" objects="3628" bytes="88360" bytesdiscarded="0" />
  <memory-copied type="other" objects="7253" bytes="311448" bytesdiscarded="0" />
  <memory-cardclean objects="6872" bytes="371968" />
  <regions eden="31" other="1" />
  <remembered-set-cleared processed="22516" cleared="512" durationms="0.267" />
  <stringconstants candidates="4597" cleared="0"  />
</gc-op>
<gc-op id="536" type="classunload" timems="0.002" contextid="532" timestamp="2019-06-17T03:28:53.919">
  <classunload-info classloadercandidates="8" classloadersunloaded="0" classesunloaded="0" anonymousclassesunloaded="0" quiescems="0.000" setupms="0.002" scanms="0.000" postms="0.000" />
</gc-op>
<heap-resize id="537" type="expand" space="default" amount="2097152" count="1" timems="0.063" reason="excessive time being spent in gc" timestamp="2019-06-17T03:28:53.919" />
<gc-end id="538" type="partial gc" contextid="532" durationms="3.085" usertimems="0.000" systemtimems="0.000" timestamp="2019-06-17T03:28:53.920" activeThreads="1">
  <mem-info id="539" free="62914560" total="104857600" percent="60">
    <mem type="eden" free="960216" total="1048576" percent="91" />
    <remembered-set count="25984" freebytes="4081664" totalbytes="4185600" percent="97" regionsoverflowed="0" regionsstable="2" regionsrebuilding="0"/>
  </mem-info>
</gc-end>
<cycle-end id="540" type="partial gc" contextid="532" timestamp="2019-06-17T03:28:53.920" />
  <attribute name="elasticGC enabled" value="1" />
  <attribute name= "numThreadsSpecified" value="1" />
  <attribute name="heapSize specified" value="0" />
  <attribute name="Current GC Util" value="64" />
  <attribute name= "Current Time Running" value="1846" />
  <attribute name ="GC Interval" value="0" />
  <attribute name="ProportionalT" value="66.000000" />
  <attribute name="ProportionalI" value="66.000000" />
  <attribute name="ProportionalH" value="66.000000" />
  <attribute name="Current Error" value="44.000000" />
  <attribute name="IntegralT" value="0.000000" />
  <attribute name="IntegralI" value="0.000000" />
  <attribute name="IntegralH" value="0.000000" />
  <attribute name="DerivativeT" value="inf" />
  <attribute name="DerivativeI" value="inf" />
  <attribute name="DerivativeH" value="inf" />
  <attribute name="Loop Time for DT" value="0.000000" />
  <attribute name="Output H" value="8388608"/>
  <attribute name="Output I" value="200"/>
  <attribute name="Output T" value="1"/>
  <attribute name="Target GC Util Change" value ="20.000000" />
  <attribute name="Current GC Util Change" value="64.000000"/>
  <attribute name="GC Util currently" value="64" />
  <attribute name="CPU Util currently" value="18937917894016" />
<exclusive-end id="541" timestamp="2019-06-17T03:28:53.920" durationms="3.843" />

<exclusive-start id="542" timestamp="2019-06-17T03:28:53.936" intervalms="19.569">
  <response-info timems="0.039" idlems="0.039" threads="0" lastid="0000000001204900" lastname="Thread-8" />
</exclusive-start>
<allocation-taxation id="543" taxation-threshold="32505856" timestamp="2019-06-17T03:28:53.936" intervalms="19.601" />
<cycle-start id="544" type="partial gc" contextid="0" timestamp="2019-06-17T03:28:53.936" intervalms="19.635" />
<gc-start id="545" type="partial gc" contextid="544" timestamp="2019-06-17T03:28:53.936">
  <mem-info id="546" free="30408704" total="104857600" percent="29">
    <mem type="eden" free="0" total="32505856" percent="0" />
    <remembered-set count="25728" freebytes="4082688" totalbytes="4185600" percent="97" regionsoverflowed="0" regionsstable="2" regionsrebuilding="0"/>
  </mem-info>
</gc-start>
<allocation-stats totalBytes="32501888" >
  <allocated-bytes non-tlh="0" tlh="32501888" arrayletleaf="0"/>
  <largest-consumer threadName="Thread-10" threadId="000000000120C100" bytes="10255088" />
</allocation-stats>
<gc-op id="547" type="copy forward" timems="3.253" contextid="544" timestamp="2019-06-17T03:28:53.940">
  <memory-copied type="eden" objects="21653" bytes="933224" bytesdiscarded="0" />
  <memory-copied type="other" objects="3380" bytes="81120" bytesdiscarded="0" />
  <memory-cardclean objects="6850" bytes="383128" />
  <regions eden="31" other="1" />
  <remembered-set-cleared processed="23170" cleared="761" durationms="0.394" />
  <stringconstants candidates="4597" cleared="0"  />
</gc-op>
<gc-op id="548" type="classunload" timems="0.002" contextid="544" timestamp="2019-06-17T03:28:53.940">
  <classunload-info classloadercandidates="8" classloadersunloaded="0" classesunloaded="0" anonymousclassesunloaded="0" quiescems="0.000" setupms="0.002" scanms="0.000" postms="0.000" />
</gc-op>
<heap-resize id="549" type="expand" space="default" amount="3145728" count="1" timems="0.070" reason="excessive time being spent in gc" timestamp="2019-06-17T03:28:53.940" />
<gc-end id="550" type="partial gc" contextid="544" durationms="4.276" usertimems="4.000" systemtimems="0.000" timestamp="2019-06-17T03:28:53.940" activeThreads="1">
  <mem-info id="551" free="65011712" total="108003328" percent="60">
    <mem type="eden" free="115352" total="1048576" percent="11" />
    <remembered-set count="26368" freebytes="4205696" totalbytes="4311168" percent="97" regionsoverflowed="0" regionsstable="2" regionsrebuilding="0"/>
  </mem-info>
</gc-end>
<cycle-end id="552" type="partial gc" contextid="544" timestamp="2019-06-17T03:28:53.941" />
  <attribute name="elasticGC enabled" value="1" />
  <attribute name= "numThreadsSpecified" value="1" />
  <attribute name="heapSize specified" value="0" />
  <attribute name="Current GC Util" value="47" />
  <attribute name= "Current Time Running" value="1866" />
  <attribute name ="GC Interval" value="0" />
  <attribute name="ProportionalT" value="40.500000" />
  <attribute name="ProportionalI" value="40.500000" />
  <attribute name="ProportionalH" value="40.500000" />
  <attribute name="Current Error" value="27.000000" />
  <attribute name="IntegralT" value="0.000000" />
  <attribute name="IntegralI" value="0.000000" />
  <attribute name="IntegralH" value="0.000000" />
  <attribute name="DerivativeT" value="inf" />
  <attribute name="DerivativeI" value="inf" />
  <attribute name="DerivativeH" value="inf" />
  <attribute name="Loop Time for DT" value="0.000000" />
  <attribute name="Output H" value="8388608"/>
  <attribute name="Output I" value="200"/>
  <attribute name="Output T" value="1"/>
  <attribute name="Target GC Util Change" value ="20.000000" />
  <attribute name="Current GC Util Change" value="47.000000"/>
  <attribute name="GC Util currently" value="47" />
  <attribute name="CPU Util currently" value="15403504481737" />
<exclusive-end id="553" timestamp="2019-06-17T03:28:53.941" durationms="5.286" />

<exclusive-start id="554" timestamp="2019-06-17T03:28:53.959" intervalms="23.068">
  <response-info timems="0.039" idlems="0.039" threads="0" lastid="000000000120C100" lastname="Thread-10" />
</exclusive-start>
<allocation-taxation id="555" taxation-threshold="33554432" timestamp="2019-06-17T03:28:53.959" intervalms="23.082" />
<cycle-start id="556" type="partial gc" contextid="0" timestamp="2019-06-17T03:28:53.959" intervalms="22.977" />
<gc-start id="557" type="partial gc" contextid="556" timestamp="2019-06-17T03:28:53.959">
  <mem-info id="558" free="31457280" total="108003328" percent="29">
    <mem type="eden" free="0" total="33554432" percent="0" />
    <remembered-set count="26336" freebytes="4205824" totalbytes="4311168" percent="97" regionsoverflowed="0" regionsstable="2" regionsrebuilding="0"/>
  </mem-info>
</gc-start>
<allocation-stats totalBytes="33550296" >
  <allocated-bytes non-tlh="0" tlh="33550296" arrayletleaf="0"/>
  <largest-consumer threadName="Thread-10" threadId="000000000120C100" bytes="10689320" />
</allocation-stats>
<gc-op id="559" type="copy forward" timems="3.497" contextid="556" timestamp="2019-06-17T03:28:53.963">
  <memory-copied type="eden" objects="6683" bytes="161800" bytesdiscarded="0" />
  <memory-copied type="other" objects="21386" bytes="925392" bytesdiscarded="0" />
  <memory-cardclean objects="3589" bytes="208024" />
  <regions eden="32" other="1" />
  <remembered-set-cleared processed="24016" cleared="726" durationms="0.280" />
  <stringconstants candidates="4597" cleared="0"  />
</gc-op>
<gc-op id="560" type="classunload" timems="0.004" contextid="556" timestamp="2019-06-17T03:28:53.963">
  <classunload-info classloadercandidates="8" classloadersunloaded="0" classesunloaded="0" anonymousclassesunloaded="0" quiescems="0.000" setupms="0.003" scanms="0.000" postms="0.000" />
</gc-op>
<heap-resize id="561" type="expand" space="default" amount="2097152" count="1" timems="0.066" reason="excessive time being spent in gc" timestamp="2019-06-17T03:28:53.964" />
<gc-end id="562" type="partial gc" contextid="556" durationms="4.458" usertimems="4.000" systemtimems="0.000" timestamp="2019-06-17T03:28:53.964" activeThreads="1">
  <mem-info id="563" free="66060288" total="110100480" percent="60">
    <mem type="eden" free="886776" total="1048576" percent="84" />
    <remembered-set count="27808" freebytes="4283648" totalbytes="4394880" percent="97" regionsoverflowed="0" regionsstable="2" regionsrebuilding="0"/>
  </mem-info>
</gc-end>
<cycle-end id="564" type="partial gc" contextid="556" timestamp="2019-06-17T03:28:53.964" />
  <attribute name="elasticGC enabled" value="1" />
  <attribute name= "numThreadsSpecified" value="1" />
  <attribute name="heapSize specified" value="0" />
  <attribute name="Current GC Util" value="60" />
  <attribute name= "Current Time Running" value="1889" />
  <attribute name ="GC Interval" value="0" />
  <attribute name="ProportionalT" value="60.000000" />
  <attribute name="ProportionalI" value="60.000000" />
  <attribute name="ProportionalH" value="60.000000" />
  <attribute name="Current Error" value="40.000000" />
  <attribute name="IntegralT" value="0.000000" />
  <attribute name="IntegralI" value="0.000000" />
  <attribute name="IntegralH" value="0.000000" />
  <attribute name="DerivativeT" value="inf" />
  <attribute name="DerivativeI" value="inf" />
  <attribute name="DerivativeH" value="inf" />
  <attribute name="Loop Time for DT" value="0.000000" />
  <attribute name="Output H" value="8388608"/>
  <attribute name="Output I" value="200"/>
  <attribute name="Output T" value="1"/>
  <attribute name="Target GC Util Change" value ="20.000000" />
  <attribute name="Current GC Util Change" value="60.000000"/>
  <attribute name="GC Util currently" value="60" />
  <attribute name="CPU Util currently" value="17895977452639" />
<exclusive-end id="565" timestamp="2019-06-17T03:28:53.964" durationms="5.241" />

<exclusive-start id="566" timestamp="2019-06-17T03:28:53.983" intervalms="24.729">
  <response-info timems="0.042" idlems="0.042" threads="0" lastid="0000000001204900" lastname="Thread-8" />
</exclusive-start>
<allocation-taxation id="567" taxation-threshold="33554432" timestamp="2019-06-17T03:28:53.983" intervalms="24.677" />
<cycle-start id="568" type="partial gc" contextid="0" timestamp="2019-06-17T03:28:53.984" intervalms="24.700" />
<gc-start id="569" type="partial gc" contextid="568" timestamp="2019-06-17T03:28:53.984">
  <mem-info id="570" free="32505856" total="110100480" percent="29">
    <mem type="eden" free="0" total="33554432" percent="0" />
    <remembered-set count="27488" freebytes="4284928" totalbytes="4394880" percent="97" regionsoverflowed="0" regionsstable="2" regionsrebuilding="0"/>
  </mem-info>
</gc-start>
<allocation-stats totalBytes="33550424" >
  <allocated-bytes non-tlh="0" tlh="33550424" arrayletleaf="0"/>
  <largest-consumer threadName="Thread-10" threadId="000000000120C100" bytes="11287368" />
</allocation-stats>
<gc-op id="571" type="copy forward" timems="3.112" contextid="568" timestamp="2019-06-17T03:28:53.988">
  <memory-copied type="eden" objects="15875" bytes="657192" bytesdiscarded="0" />
  <memory-copied type="other" objects="6403" bytes="153672" bytesdiscarded="0" />
  <memory-cardclean objects="11985" bytes="663016" />
  <regions eden="32" other="1" />
  <remembered-set-cleared processed="24576" cleared="550" durationms="0.271" />
  <stringconstants candidates="4597" cleared="0"  />
</gc-op>
<gc-op id="572" type="classunload" timems="0.003" contextid="568" timestamp="2019-06-17T03:28:53.988">
  <classunload-info classloadercandidates="8" classloadersunloaded="0" classesunloaded="0" anonymousclassesunloaded="0" quiescems="0.000" setupms="0.003" scanms="0.000" postms="0.000" />
</gc-op>
<heap-resize id="573" type="expand" space="default" amount="3145728" count="1" timems="0.069" reason="excessive time being spent in gc" timestamp="2019-06-17T03:28:53.988" />
<gc-end id="574" type="partial gc" contextid="568" durationms="4.047" usertimems="4.000" systemtimems="0.000" timestamp="2019-06-17T03:28:53.988" activeThreads="1">
  <mem-info id="575" free="68157440" total="113246208" percent="60">
    <mem type="eden" free="391384" total="1048576" percent="37" />
    <remembered-set count="28576" freebytes="4406144" totalbytes="4520448" percent="97" regionsoverflowed="0" regionsstable="2" regionsrebuilding="0"/>
  </mem-info>
</gc-end>
<cycle-end id="576" type="partial gc" contextid="568" timestamp="2019-06-17T03:28:53.988" />
  <attribute name="elasticGC enabled" value="1" />
  <attribute name= "numThreadsSpecified" value="1" />
  <attribute name="heapSize specified" value="0" />
  <attribute name="Current GC Util" value="62" />
  <attribute name= "Current Time Running" value="1914" />
  <attribute name ="GC Interval" value="0" />
  <attribute name="ProportionalT" value="63.000000" />
  <attribute name="ProportionalI" value="63.000000" />
  <attribute name="ProportionalH" value="63.000000" />
  <attribute name="Current Error" value="42.000000" />
  <attribute name="IntegralT" value="0.000000" />
  <attribute name="IntegralI" value="0.000000" />
  <attribute name="IntegralH" value="0.000000" />
  <attribute name="DerivativeT" value="inf" />
  <attribute name="DerivativeI" value="inf" />
  <attribute name="DerivativeH" value="inf" />
  <attribute name="Loop Time for DT" value="0.000000" />
  <attribute name="Output H" value="8388608"/>
  <attribute name="Output I" value="200"/>
  <attribute name="Output T" value="1"/>
  <attribute name="Target GC Util Change" value ="20.000000" />
  <attribute name="Current GC Util Change" value="62.000000"/>
  <attribute name="GC Util currently" value="62" />
  <attribute name="CPU Util currently" value="18033206561372" />
<exclusive-end id="577" timestamp="2019-06-17T03:28:53.988" durationms="4.738" />

<exclusive-start id="578" timestamp="2019-06-17T03:28:54.009" intervalms="25.747">
  <response-info timems="0.046" idlems="0.046" threads="0" lastid="0000000001200D00" lastname="Thread-7" />
</exclusive-start>
<allocation-taxation id="579" taxation-threshold="34603008" timestamp="2019-06-17T03:28:54.009" intervalms="25.776" />
<cycle-start id="580" type="partial gc" contextid="0" timestamp="2019-06-17T03:28:54.009" intervalms="25.813" />
<gc-start id="581" type="partial gc" contextid="580" timestamp="2019-06-17T03:28:54.010">
  <mem-info id="582" free="33554432" total="113246208" percent="29">
    <mem type="eden" free="0" total="34603008" percent="0" />
    <remembered-set count="28384" freebytes="4406912" totalbytes="4520448" percent="97" regionsoverflowed="0" regionsstable="2" regionsrebuilding="0"/>
  </mem-info>
</gc-start>
<allocation-stats totalBytes="34599160" >
  <allocated-bytes non-tlh="0" tlh="34599160" arrayletleaf="0"/>
  <largest-consumer threadName="Thread-10" threadId="000000000120C100" bytes="10218328" />
</allocation-stats>
<gc-op id="583" type="copy forward" timems="2.748" contextid="580" timestamp="2019-06-17T03:28:54.013">
  <memory-copied type="eden" objects="2674" bytes="65256" bytesdiscarded="26184" />
  <memory-copied type="other" objects="22008" bytes="802944" bytesdiscarded="30856" />
  <memory-cardclean objects="12877" bytes="649264" />
  <regions eden="33" other="2" />
  <remembered-set-cleared processed="24863" cleared="837" durationms="0.141" />
  <stringconstants candidates="4597" cleared="0"  />
</gc-op>
<gc-op id="584" type="classunload" timems="0.003" contextid="580" timestamp="2019-06-17T03:28:54.013">
  <classunload-info classloadercandidates="8" classloadersunloaded="0" classesunloaded="0" anonymousclassesunloaded="0" quiescems="0.000" setupms="0.002" scanms="0.000" postms="0.000" />
</gc-op>
<heap-resize id="585" type="expand" space="default" amount="2097152" count="1" timems="0.071" reason="excessive time being spent in gc" timestamp="2019-06-17T03:28:54.013" />
<gc-end id="586" type="partial gc" contextid="580" durationms="3.699" usertimems="4.000" systemtimems="0.000" timestamp="2019-06-17T03:28:54.013" activeThreads="4">
  <mem-info id="587" free="69206016" total="115343360" percent="60">
    <mem type="eden" free="957136" total="1048576" percent="91" />
    <remembered-set count="29536" freebytes="4486016" totalbytes="4604160" percent="97" regionsoverflowed="0" regionsstable="2" regionsrebuilding="0"/>
  </mem-info>
</gc-end>
<cycle-end id="588" type="partial gc" contextid="580" timestamp="2019-06-17T03:28:54.013" />
  <attribute name="elasticGC enabled" value="1" />
  <attribute name= "numThreadsSpecified" value="4" />
  <attribute name="heapSize specified" value="0" />
  <attribute name="Current GC Util" value="67" />
  <attribute name= "Current Time Running" value="1940" />
  <attribute name ="GC Interval" value="0" />
  <attribute name="ProportionalT" value="70.500000" />
  <attribute name="ProportionalI" value="70.500000" />
  <attribute name="ProportionalH" value="70.500000" />
  <attribute name="Current Error" value="47.000000" />
  <attribute name="IntegralT" value="47.000000" />
  <attribute name="IntegralI" value="47.000000" />
  <attribute name="IntegralH" value="47.000000" />
  <attribute name="DerivativeT" value="70.500000" />
  <attribute name="DerivativeI" value="70.500000" />
  <attribute name="DerivativeH" value="70.500000" />
  <attribute name="Loop Time for DT" value="1.000000" />
  <attribute name="Output H" value="8388608"/>
  <attribute name="Output I" value="200"/>
  <attribute name="Output T" value="4"/>
  <attribute name="Target GC Util Change" value ="20.000000" />
  <attribute name="Current GC Util Change" value="67.000000"/>
  <attribute name="GC Util currently" value="67" />
  <attribute name="CPU Util currently" value="19142854826719" />
<exclusive-end id="589" timestamp="2019-06-17T03:28:54.014" durationms="4.499" />

<exclusive-start id="590" timestamp="2019-06-17T03:28:54.034" intervalms="25.230">
  <response-info timems="0.022" idlems="0.022" threads="0" lastid="0000000001208500" lastname="Thread-9" />
</exclusive-start>
<allocation-taxation id="591" taxation-threshold="35651584" timestamp="2019-06-17T03:28:54.034" intervalms="25.174" />
<cycle-start id="592" type="partial gc" contextid="0" timestamp="2019-06-17T03:28:54.035" intervalms="25.241" />
<gc-start id="593" type="partial gc" contextid="592" timestamp="2019-06-17T03:28:54.035">
  <mem-info id="594" free="33554432" total="115343360" percent="29">
    <mem type="eden" free="0" total="35651584" percent="0" />
    <remembered-set count="29184" freebytes="4487424" totalbytes="4604160" percent="97" regionsoverflowed="0" regionsstable="2" regionsrebuilding="0"/>
  </mem-info>
</gc-start>
<allocation-stats totalBytes="35647752" >
  <allocated-bytes non-tlh="0" tlh="35647752" arrayletleaf="0"/>
  <largest-consumer threadName="Thread-7" threadId="0000000001200D00" bytes="11971376" />
</allocation-stats>
<gc-op id="595" type="copy forward" timems="3.439" contextid="592" timestamp="2019-06-17T03:28:54.039">
  <memory-copied type="eden" objects="2979" bytes="73144" bytesdiscarded="0" />
  <memory-copied type="other" objects="24786" bytes="1006992" bytesdiscarded="0" />
  <memory-cardclean objects="5397" bytes="294808" />
  <regions eden="34" other="4" />
  <remembered-set-cleared processed="24772" cleared="1482" durationms="0.266" />
  <stringconstants candidates="4597" cleared="0"  />
</gc-op>
<gc-op id="596" type="classunload" timems="0.002" contextid="592" timestamp="2019-06-17T03:28:54.039">
  <classunload-info classloadercandidates="8" classloadersunloaded="0" classesunloaded="0" anonymousclassesunloaded="0" quiescems="0.000" setupms="0.002" scanms="0.000" postms="0.000" />
</gc-op>
<heap-resize id="597" type="expand" space="default" amount="3145728" count="1" timems="0.064" reason="excessive time being spent in gc" timestamp="2019-06-17T03:28:54.039" />
<gc-end id="598" type="partial gc" contextid="592" durationms="4.539" usertimems="4.000" systemtimems="0.000" timestamp="2019-06-17T03:28:54.039" activeThreads="1">
  <mem-info id="599" free="71303168" total="118489088" percent="60">
    <mem type="eden" free="975432" total="1048576" percent="93" />
    <remembered-set count="29376" freebytes="4612224" totalbytes="4729728" percent="97" regionsoverflowed="0" regionsstable="2" regionsrebuilding="0"/>
  </mem-info>
</gc-end>
<cycle-end id="600" type="partial gc" contextid="592" timestamp="2019-06-17T03:28:54.039" />
  <attribute name="elasticGC enabled" value="1" />
  <attribute name= "numThreadsSpecified" value="1" />
  <attribute name="heapSize specified" value="0" />
  <attribute name="Current GC Util" value="43" />
  <attribute name= "Current Time Running" value="1965" />
  <attribute name ="GC Interval" value="0" />
  <attribute name="ProportionalT" value="34.500000" />
  <attribute name="ProportionalI" value="34.500000" />
  <attribute name="ProportionalH" value="34.500000" />
  <attribute name="Current Error" value="23.000000" />
  <attribute name="IntegralT" value="0.000000" />
  <attribute name="IntegralI" value="0.000000" />
  <attribute name="IntegralH" value="0.000000" />
  <attribute name="DerivativeT" value="inf" />
  <attribute name="DerivativeI" value="inf" />
  <attribute name="DerivativeH" value="inf" />
  <attribute name="Loop Time for DT" value="0.000000" />
  <attribute name="Output H" value="8388608"/>
  <attribute name="Output I" value="200"/>
  <attribute name="Output T" value="1"/>
  <attribute name="Target GC Util Change" value ="20.000000" />
  <attribute name="Current GC Util Change" value="43.000000"/>
  <attribute name="GC Util currently" value="43" />
  <attribute name="CPU Util currently" value="17849776139952" />
<exclusive-end id="601" timestamp="2019-06-17T03:28:54.040" durationms="5.365" />

<exclusive-start id="602" timestamp="2019-06-17T03:28:54.060" intervalms="26.104">
  <response-info timems="0.023" idlems="0.023" threads="0" lastid="0000000001200D00" lastname="Thread-7" />
</exclusive-start>
<allocation-taxation id="603" taxation-threshold="35651584" timestamp="2019-06-17T03:28:54.061" intervalms="26.079" />
<cycle-start id="604" type="partial gc" contextid="0" timestamp="2019-06-17T03:28:54.061" intervalms="26.010" />
<gc-start id="605" type="partial gc" contextid="604" timestamp="2019-06-17T03:28:54.061">
  <mem-info id="606" free="35651584" total="118489088" percent="30">
    <mem type="eden" free="0" total="35651584" percent="0" />
    <remembered-set count="29088" freebytes="4613376" totalbytes="4729728" percent="97" regionsoverflowed="0" regionsstable="2" regionsrebuilding="0"/>
  </mem-info>
</gc-start>
<allocation-stats totalBytes="35647624" >
  <allocated-bytes non-tlh="0" tlh="35647624" arrayletleaf="0"/>
  <largest-consumer threadName="Thread-7" threadId="0000000001200D00" bytes="13089520" />
</allocation-stats>
<gc-op id="607" type="copy forward" timems="2.000" contextid="604" timestamp="2019-06-17T03:28:54.063">
  <memory-copied type="eden" objects="2839" bytes="69424" bytesdiscarded="0" />
  <memory-copied type="other" objects="5151" bytes="123624" bytesdiscarded="0" />
  <memory-cardclean objects="10144" bytes="571264" />
  <regions eden="34" other="2" />
  <remembered-set-cleared processed="25459" cleared="799" durationms="0.279" />
  <stringconstants candidates="4597" cleared="0"  />
</gc-op>
<gc-op id="608" type="classunload" timems="0.002" contextid="604" timestamp="2019-06-17T03:28:54.063">
  <classunload-info classloadercandidates="8" classloadersunloaded="0" classesunloaded="0" anonymousclassesunloaded="0" quiescems="0.000" setupms="0.002" scanms="0.000" postms="0.000" />
</gc-op>
<heap-resize id="609" type="expand" space="default" amount="2097152" count="1" timems="0.060" reason="excessive time being spent in gc" timestamp="2019-06-17T03:28:54.064" />
<gc-end id="610" type="partial gc" contextid="604" durationms="2.927" usertimems="0.000" systemtimems="0.000" timestamp="2019-06-17T03:28:54.064" activeThreads="1">
  <mem-info id="611" free="72351744" total="120586240" percent="60">
    <mem type="eden" free="979152" total="1048576" percent="93" />
    <remembered-set count="30336" freebytes="4692096" totalbytes="4813440" percent="97" regionsoverflowed="0" regionsstable="2" regionsrebuilding="0"/>
  </mem-info>
</gc-end>
<cycle-end id="612" type="partial gc" contextid="604" timestamp="2019-06-17T03:28:54.064" />
  <attribute name="elasticGC enabled" value="1" />
  <attribute name= "numThreadsSpecified" value="1" />
  <attribute name="heapSize specified" value="0" />
  <attribute name="Current GC Util" value="62" />
  <attribute name= "Current Time Running" value="1991" />
  <attribute name ="GC Interval" value="0" />
  <attribute name="ProportionalT" value="63.000000" />
  <attribute name="ProportionalI" value="63.000000" />
  <attribute name="ProportionalH" value="63.000000" />
  <attribute name="Current Error" value="42.000000" />
  <attribute name="IntegralT" value="0.000000" />
  <attribute name="IntegralI" value="0.000000" />
  <attribute name="IntegralH" value="0.000000" />
  <attribute name="DerivativeT" value="inf" />
  <attribute name="DerivativeI" value="inf" />
  <attribute name="DerivativeH" value="inf" />
  <attribute name="Loop Time for DT" value="0.000000" />
  <attribute name="Output H" value="8388608"/>
  <attribute name="Output I" value="200"/>
  <attribute name="Output T" value="1"/>
  <attribute name="Target GC Util Change" value ="20.000000" />
  <attribute name="Current GC Util Change" value="62.000000"/>
  <attribute name="GC Util currently" value="62" />
  <attribute name="CPU Util currently" value="21381084025364" />
<exclusive-end id="613" timestamp="2019-06-17T03:28:54.064" durationms="3.624" />

<exclusive-start id="614" timestamp="2019-06-17T03:28:54.086" intervalms="25.224">
  <response-info timems="0.034" idlems="0.034" threads="0" lastid="0000000001204900" lastname="Thread-8" />
</exclusive-start>
<allocation-taxation id="615" taxation-threshold="36700160" timestamp="2019-06-17T03:28:54.086" intervalms="25.242" />
<cycle-start id="616" type="partial gc" contextid="0" timestamp="2019-06-17T03:28:54.086" intervalms="25.223" />
<gc-start id="617" type="partial gc" contextid="616" timestamp="2019-06-17T03:28:54.086">
  <mem-info id="618" free="35651584" total="120586240" percent="29">
    <mem type="eden" free="0" total="36700160" percent="0" />
    <remembered-set count="29856" freebytes="4694016" totalbytes="4813440" percent="97" regionsoverflowed="0" regionsstable="2" regionsrebuilding="0"/>
  </mem-info>
</gc-start>
<allocation-stats totalBytes="36695872" >
  <allocated-bytes non-tlh="0" tlh="36695872" arrayletleaf="0"/>
  <largest-consumer threadName="Thread-7" threadId="0000000001200D00" bytes="13683216" />
</allocation-stats>
<gc-op id="619" type="copy forward" timems="2.332" contextid="616" timestamp="2019-06-17T03:28:54.089">
  <memory-copied type="eden" objects="8226" bytes="336120" bytesdiscarded="0" />
  <memory-copied type="other" objects="5245" bytes="125880" bytesdiscarded="0" />
  <memory-cardclean objects="10011" bytes="507952" />
  <regions eden="35" other="2" />
  <remembered-set-cleared processed="26175" cleared="1031" durationms="0.273" />
  <stringconstants candidates="4597" cleared="0"  />
</gc-op>
<gc-op id="620" type="classunload" timems="0.002" contextid="616" timestamp="2019-06-17T03:28:54.089">
  <classunload-info classloadercandidates="8" classloadersunloaded="0" classesunloaded="0" anonymousclassesunloaded="0" quiescems="0.000" setupms="0.002" scanms="0.000" postms="0.000" />
</gc-op>
<heap-resize id="621" type="expand" space="default" amount="3145728" count="1" timems="0.078" reason="excessive time being spent in gc" timestamp="2019-06-17T03:28:54.089" />
<gc-end id="622" type="partial gc" contextid="616" durationms="3.210" usertimems="4.000" systemtimems="0.000" timestamp="2019-06-17T03:28:54.089" activeThreads="1">
  <mem-info id="623" free="74448896" total="123731968" percent="60">
    <mem type="eden" free="712456" total="1048576" percent="67" />
    <remembered-set count="30816" freebytes="4815744" totalbytes="4939008" percent="97" regionsoverflowed="0" regionsstable="2" regionsrebuilding="0"/>
  </mem-info>
</gc-end>
<cycle-end id="624" type="partial gc" contextid="616" timestamp="2019-06-17T03:28:54.089" />
  <attribute name="elasticGC enabled" value="1" />
  <attribute name= "numThreadsSpecified" value="1" />
  <attribute name="heapSize specified" value="0" />
  <attribute name="Current GC Util" value="63" />
  <attribute name= "Current Time Running" value="2016" />
  <attribute name ="GC Interval" value="0" />
  <attribute name="ProportionalT" value="64.500000" />
  <attribute name="ProportionalI" value="64.500000" />
  <attribute name="ProportionalH" value="64.500000" />
  <attribute name="Current Error" value="43.000000" />
  <attribute name="IntegralT" value="0.000000" />
  <attribute name="IntegralI" value="0.000000" />
  <attribute name="IntegralH" value="0.000000" />
  <attribute name="DerivativeT" value="inf" />
  <attribute name="DerivativeI" value="inf" />
  <attribute name="DerivativeH" value="inf" />
  <attribute name="Loop Time for DT" value="0.000000" />
  <attribute name="Output H" value="8388608"/>
  <attribute name="Output I" value="200"/>
  <attribute name="Output T" value="1"/>
  <attribute name="Target GC Util Change" value ="20.000000" />
  <attribute name="Current GC Util Change" value="63.000000"/>
  <attribute name="GC Util currently" value="63" />
  <attribute name="CPU Util currently" value="23805813582961" />
<exclusive-end id="625" timestamp="2019-06-17T03:28:54.090" durationms="3.906" />

<exclusive-start id="626" timestamp="2019-06-17T03:28:54.114" intervalms="28.405">
  <response-info timems="0.024" idlems="0.024" threads="0" lastid="000000000120C100" lastname="Thread-10" />
</exclusive-start>
<allocation-taxation id="627" taxation-threshold="37748736" timestamp="2019-06-17T03:28:54.114" intervalms="28.396" />
<cycle-start id="628" type="partial gc" contextid="0" timestamp="2019-06-17T03:28:54.114" intervalms="28.377" />
<gc-start id="629" type="partial gc" contextid="628" timestamp="2019-06-17T03:28:54.114">
  <mem-info id="630" free="36700160" total="123731968" percent="29">
    <mem type="eden" free="0" total="37748736" percent="0" />
    <remembered-set count="30496" freebytes="4817024" totalbytes="4939008" percent="97" regionsoverflowed="0" regionsstable="2" regionsrebuilding="0"/>
  </mem-info>
</gc-start>
<allocation-stats totalBytes="37744064" >
  <allocated-bytes non-tlh="0" tlh="37744064" arrayletleaf="0"/>
  <largest-consumer threadName="Thread-7" threadId="0000000001200D00" bytes="12184248" />
</allocation-stats>
<gc-op id="631" type="copy forward" timems="2.547" contextid="628" timestamp="2019-06-17T03:28:54.117">
  <memory-copied type="eden" objects="4167" bytes="101408" bytesdiscarded="0" />
  <memory-copied type="other" objects="10578" bytes="391248" bytesdiscarded="0" />
  <memory-cardclean objects="9325" bytes="475144" />
  <regions eden="36" other="2" />
  <remembered-set-cleared processed="26869" cleared="1079" durationms="0.280" />
  <stringconstants candidates="4597" cleared="0"  />
</gc-op>
<gc-op id="632" type="classunload" timems="0.002" contextid="628" timestamp="2019-06-17T03:28:54.118">
  <classunload-info classloadercandidates="8" classloadersunloaded="0" classesunloaded="0" anonymousclassesunloaded="0" quiescems="0.000" setupms="0.002" scanms="0.000" postms="0.000" />
</gc-op>
<heap-resize id="633" type="expand" space="default" amount="2097152" count="1" timems="0.060" reason="excessive time being spent in gc" timestamp="2019-06-17T03:28:54.118" />
<gc-end id="634" type="partial gc" contextid="628" durationms="3.505" usertimems="4.000" systemtimems="0.000" timestamp="2019-06-17T03:28:54.118" activeThreads="1">
  <mem-info id="635" free="75497472" total="125829120" percent="60">
    <mem type="eden" free="947168" total="1048576" percent="90" />
    <remembered-set count="31456" freebytes="4896896" totalbytes="5022720" percent="97" regionsoverflowed="0" regionsstable="2" regionsrebuilding="0"/>
  </mem-info>
</gc-end>
<cycle-end id="636" type="partial gc" contextid="628" timestamp="2019-06-17T03:28:54.118" />
  <attribute name="elasticGC enabled" value="1" />
  <attribute name= "numThreadsSpecified" value="1" />
  <attribute name="heapSize specified" value="0" />
  <attribute name="Current GC Util" value="61" />
  <attribute name= "Current Time Running" value="2044" />
  <attribute name ="GC Interval" value="0" />
  <attribute name="ProportionalT" value="61.500000" />
  <attribute name="ProportionalI" value="61.500000" />
  <attribute name="ProportionalH" value="61.500000" />
  <attribute name="Current Error" value="41.000000" />
  <attribute name="IntegralT" value="0.000000" />
  <attribute name="IntegralI" value="0.000000" />
  <attribute name="IntegralH" value="0.000000" />
  <attribute name="DerivativeT" value="inf" />
  <attribute name="DerivativeI" value="inf" />
  <attribute name="DerivativeH" value="inf" />
  <attribute name="Loop Time for DT" value="0.000000" />
  <attribute name="Output H" value="8388608"/>
  <attribute name="Output I" value="200"/>
  <attribute name="Output T" value="1"/>
  <attribute name="Target GC Util Change" value ="20.000000" />
  <attribute name="Current GC Util Change" value="61.000000"/>
  <attribute name="GC Util currently" value="61" />
  <attribute name="CPU Util currently" value="21375038878248" />
<exclusive-end id="637" timestamp="2019-06-17T03:28:54.118" durationms="4.060" />

<exclusive-start id="638" timestamp="2019-06-17T03:28:54.144" intervalms="30.008">
  <response-info timems="0.034" idlems="0.034" threads="0" lastid="000000000120C100" lastname="Thread-10" />
</exclusive-start>
<allocation-taxation id="639" taxation-threshold="37748736" timestamp="2019-06-17T03:28:54.144" intervalms="29.985" />
<cycle-start id="640" type="partial gc" contextid="0" timestamp="2019-06-17T03:28:54.144" intervalms="29.995" />
<gc-start id="641" type="partial gc" contextid="640" timestamp="2019-06-17T03:28:54.144">
  <mem-info id="642" free="37748736" total="125829120" percent="30">
    <mem type="eden" free="0" total="37748736" percent="0" />
    <remembered-set count="31424" freebytes="4897024" totalbytes="5022720" percent="97" regionsoverflowed="0" regionsstable="2" regionsrebuilding="0"/>
  </mem-info>
</gc-start>
<allocation-stats totalBytes="37744312" >
  <allocated-bytes non-tlh="0" tlh="37744312" arrayletleaf="0"/>
  <largest-consumer threadName="Thread-7" threadId="0000000001200D00" bytes="12192488" />
</allocation-stats>
<gc-op id="643" type="copy forward" timems="3.318" contextid="640" timestamp="2019-06-17T03:28:54.148">
  <memory-copied type="eden" objects="15041" bytes="637024" bytesdiscarded="0" />
  <memory-copied type="other" objects="11897" bytes="422904" bytesdiscarded="0" />
  <memory-cardclean objects="8040" bytes="421576" />
  <regions eden="36" other="2" />
  <remembered-set-cleared processed="27657" cleared="1304" durationms="0.304" />
  <stringconstants candidates="4597" cleared="0"  />
</gc-op>
<gc-op id="644" type="classunload" timems="0.002" contextid="640" timestamp="2019-06-17T03:28:54.148">
  <classunload-info classloadercandidates="8" classloadersunloaded="0" classesunloaded="0" anonymousclassesunloaded="0" quiescems="0.000" setupms="0.002" scanms="0.000" postms="0.000" />
</gc-op>
<heap-resize id="645" type="expand" space="default" amount="3145728" count="1" timems="0.066" reason="excessive time being spent in gc" timestamp="2019-06-17T03:28:54.149" />
<gc-end id="646" type="partial gc" contextid="640" durationms="4.302" usertimems="4.000" systemtimems="0.000" timestamp="2019-06-17T03:28:54.149" activeThreads="1">
  <mem-info id="647" free="77594624" total="128974848" percent="60">
    <mem type="eden" free="411552" total="1048576" percent="39" />
    <remembered-set count="33088" freebytes="5015936" totalbytes="5148288" percent="97" regionsoverflowed="0" regionsstable="2" regionsrebuilding="0"/>
  </mem-info>
</gc-end>
<cycle-end id="648" type="partial gc" contextid="640" timestamp="2019-06-17T03:28:54.149" />
  <attribute name="elasticGC enabled" value="1" />
  <attribute name= "numThreadsSpecified" value="1" />
  <attribute name="heapSize specified" value="0" />
  <attribute name="Current GC Util" value="70" />
  <attribute name= "Current Time Running" value="2074" />
  <attribute name ="GC Interval" value="0" />
  <attribute name="ProportionalT" value="75.000000" />
  <attribute name="ProportionalI" value="75.000000" />
  <attribute name="ProportionalH" value="75.000000" />
  <attribute name="Current Error" value="50.000000" />
  <attribute name="IntegralT" value="0.000000" />
  <attribute name="IntegralI" value="0.000000" />
  <attribute name="IntegralH" value="0.000000" />
  <attribute name="DerivativeT" value="inf" />
  <attribute name="DerivativeI" value="inf" />
  <attribute name="DerivativeH" value="inf" />
  <attribute name="Loop Time for DT" value="0.000000" />
  <attribute name="Output H" value="8388608"/>
  <attribute name="Output I" value="200"/>
  <attribute name="Output T" value="1"/>
  <attribute name="Target GC Util Change" value ="20.000000" />
  <attribute name="Current GC Util Change" value="70.000000"/>
  <attribute name="GC Util currently" value="70" />
  <attribute name="CPU Util currently" value="18597232860028" />
<exclusive-end id="649" timestamp="2019-06-17T03:28:54.149" durationms="4.921" />

<exclusive-start id="650" timestamp="2019-06-17T03:28:54.177" intervalms="33.305">
  <response-info timems="0.210" idlems="0.210" threads="0" lastid="000000000120C100" lastname="Thread-10" />
</exclusive-start>
<allocation-taxation id="651" taxation-threshold="38797312" timestamp="2019-06-17T03:28:54.177" intervalms="33.322" />
<cycle-start id="652" type="partial gc" contextid="0" timestamp="2019-06-17T03:28:54.178" intervalms="33.319" />
<gc-start id="653" type="partial gc" contextid="652" timestamp="2019-06-17T03:28:54.178">
  <mem-info id="654" free="38797312" total="128974848" percent="30">
    <mem type="eden" free="0" total="38797312" percent="0" />
    <remembered-set count="32640" freebytes="5017728" totalbytes="5148288" percent="97" regionsoverflowed="0" regionsstable="2" regionsrebuilding="0"/>
  </mem-info>
</gc-start>
<allocation-stats totalBytes="38792352" >
  <allocated-bytes non-tlh="0" tlh="38792352" arrayletleaf="0"/>
  <largest-consumer threadName="Thread-10" threadId="000000000120C100" bytes="12789992" />
</allocation-stats>
<gc-op id="655" type="copy forward" timems="3.226" contextid="652" timestamp="2019-06-17T03:28:54.182">
  <memory-copied type="eden" objects="3796" bytes="92312" bytesdiscarded="0" />
  <memory-copied type="other" objects="18743" bytes="724584" bytesdiscarded="0" />
  <memory-cardclean objects="9682" bytes="515440" />
  <regions eden="37" other="2" />
  <remembered-set-cleared processed="28390" cleared="1194" durationms="0.305" />
  <stringconstants candidates="4597" cleared="0"  />
</gc-op>
<gc-op id="656" type="classunload" timems="0.002" contextid="652" timestamp="2019-06-17T03:28:54.182">
  <classunload-info classloadercandidates="8" classloadersunloaded="0" classesunloaded="0" anonymousclassesunloaded="0" quiescems="0.000" setupms="0.002" scanms="0.000" postms="0.000" />
</gc-op>
<heap-resize id="657" type="expand" space="default" amount="2097152" count="1" timems="0.061" reason="excessive time being spent in gc" timestamp="2019-06-17T03:28:54.182" />
<gc-end id="658" type="partial gc" contextid="652" durationms="4.273" usertimems="8.000" systemtimems="0.000" timestamp="2019-06-17T03:28:54.182" activeThreads="1">
  <mem-info id="659" free="78643200" total="131072000" percent="60">
    <mem type="eden" free="956264" total="1048576" percent="91" />
    <remembered-set count="33952" freebytes="5096192" totalbytes="5232000" percent="97" regionsoverflowed="0" regionsstable="2" regionsrebuilding="0"/>
  </mem-info>
</gc-end>
<cycle-end id="660" type="partial gc" contextid="652" timestamp="2019-06-17T03:28:54.182" />
  <attribute name="elasticGC enabled" value="1" />
  <attribute name= "numThreadsSpecified" value="1" />
  <attribute name="heapSize specified" value="0" />
  <attribute name="Current GC Util" value="65" />
  <attribute name= "Current Time Running" value="2108" />
  <attribute name ="GC Interval" value="0" />
  <attribute name="ProportionalT" value="67.500000" />
  <attribute name="ProportionalI" value="67.500000" />
  <attribute name="ProportionalH" value="67.500000" />
  <attribute name="Current Error" value="45.000000" />
  <attribute name="IntegralT" value="0.000000" />
  <attribute name="IntegralI" value="0.000000" />
  <attribute name="IntegralH" value="0.000000" />
  <attribute name="DerivativeT" value="inf" />
  <attribute name="DerivativeI" value="inf" />
  <attribute name="DerivativeH" value="inf" />
  <attribute name="Loop Time for DT" value="0.000000" />
  <attribute name="Output H" value="8388608"/>
  <attribute name="Output I" value="200"/>
  <attribute name="Output T" value="1"/>
  <attribute name="Target GC Util Change" value ="20.000000" />
  <attribute name="Current GC Util Change" value="65.000000"/>
  <attribute name="GC Util currently" value="65" />
  <attribute name="CPU Util currently" value="20136871991256" />
<exclusive-end id="661" timestamp="2019-06-17T03:28:54.182" durationms="4.934" />

<exclusive-start id="662" timestamp="2019-06-17T03:28:54.209" intervalms="31.592">
  <response-info timems="0.258" idlems="0.258" threads="0" lastid="0000000001200D00" lastname="Thread-7" />
</exclusive-start>
<allocation-taxation id="663" taxation-threshold="38797312" timestamp="2019-06-17T03:28:54.209" intervalms="31.629" />
<cycle-start id="664" type="partial gc" contextid="0" timestamp="2019-06-17T03:28:54.209" intervalms="31.668" />
<gc-start id="665" type="partial gc" contextid="664" timestamp="2019-06-17T03:28:54.209">
  <mem-info id="666" free="39845888" total="131072000" percent="30">
    <mem type="eden" free="0" total="38797312" percent="0" />
    <remembered-set count="33568" freebytes="5097728" totalbytes="5232000" percent="97" regionsoverflowed="0" regionsstable="2" regionsrebuilding="0"/>
  </mem-info>
</gc-start>
<allocation-stats totalBytes="38792528" >
  <allocated-bytes non-tlh="0" tlh="38792528" arrayletleaf="0"/>
  <largest-consumer threadName="Thread-10" threadId="000000000120C100" bytes="12458336" />
</allocation-stats>
<gc-op id="667" type="copy forward" timems="3.096" contextid="664" timestamp="2019-06-17T03:28:54.213">
  <memory-copied type="eden" objects="4882" bytes="117920" bytesdiscarded="0" />
  <memory-copied type="other" objects="18432" bytes="717120" bytesdiscarded="0" />
  <memory-cardclean objects="7430" bytes="388336" />
  <regions eden="37" other="2" />
  <remembered-set-cleared processed="29342" cleared="1361" durationms="0.316" />
  <stringconstants candidates="4597" cleared="0"  />
</gc-op>
<gc-op id="668" type="classunload" timems="0.002" contextid="664" timestamp="2019-06-17T03:28:54.213">
  <classunload-info classloadercandidates="8" classloadersunloaded="0" classesunloaded="0" anonymousclassesunloaded="0" quiescems="0.000" setupms="0.002" scanms="0.000" postms="0.000" />
</gc-op>
<heap-resize id="669" type="expand" space="default" amount="3145728" count="1" timems="0.066" reason="excessive time being spent in gc" timestamp="2019-06-17T03:28:54.213" />
<gc-end id="670" type="partial gc" contextid="664" durationms="4.138" usertimems="4.000" systemtimems="0.000" timestamp="2019-06-17T03:28:54.214" activeThreads="1">
  <mem-info id="671" free="80740352" total="134217728" percent="60">
    <mem type="eden" free="930656" total="1048576" percent="88" />
    <remembered-set count="34688" freebytes="5218816" totalbytes="5357568" percent="97" regionsoverflowed="0" regionsstable="2" regionsrebuilding="0"/>
  </mem-info>
</gc-end>
<cycle-end id="672" type="partial gc" contextid="664" timestamp="2019-06-17T03:28:54.214" />
  <attribute name="elasticGC enabled" value="1" />
  <attribute name= "numThreadsSpecified" value="1" />
  <attribute name="heapSize specified" value="0" />
  <attribute name="Current GC Util" value="59" />
  <attribute name= "Current Time Running" value="2139" />
  <attribute name ="GC Interval" value="0" />
  <attribute name="ProportionalT" value="58.500000" />
  <attribute name="ProportionalI" value="58.500000" />
  <attribute name="ProportionalH" value="58.500000" />
  <attribute name="Current Error" value="39.000000" />
  <attribute name="IntegralT" value="0.000000" />
  <attribute name="IntegralI" value="0.000000" />
  <attribute name="IntegralH" value="0.000000" />
  <attribute name="DerivativeT" value="inf" />
  <attribute name="DerivativeI" value="inf" />
  <attribute name="DerivativeH" value="inf" />
  <attribute name="Loop Time for DT" value="0.000000" />
  <attribute name="Output H" value="8388608"/>
  <attribute name="Output I" value="200"/>
  <attribute name="Output T" value="1"/>
  <attribute name="Target GC Util Change" value ="20.000000" />
  <attribute name="Current GC Util Change" value="59.000000"/>
  <attribute name="GC Util currently" value="59" />
  <attribute name="CPU Util currently" value="19893906376290" />
<exclusive-end id="673" timestamp="2019-06-17T03:28:54.214" durationms="4.856" />

<exclusive-start id="674" timestamp="2019-06-17T03:28:54.245" intervalms="36.360">
  <response-info timems="0.124" idlems="0.093" threads="1" lastid="0000000001204900" lastname="Thread-8" />
</exclusive-start>
<allocation-taxation id="675" taxation-threshold="39845888" timestamp="2019-06-17T03:28:54.245" intervalms="36.392" />
<cycle-start id="676" type="partial gc" contextid="0" timestamp="2019-06-17T03:28:54.246" intervalms="36.414" />
<gc-start id="677" type="partial gc" contextid="676" timestamp="2019-06-17T03:28:54.246">
  <mem-info id="678" free="40894464" total="134217728" percent="30">
    <mem type="eden" free="0" total="39845888" percent="0" />
    <remembered-set count="34656" freebytes="5218944" totalbytes="5357568" percent="97" regionsoverflowed="0" regionsstable="2" regionsrebuilding="0"/>
  </mem-info>
</gc-start>
<allocation-stats totalBytes="39840896" >
  <allocated-bytes non-tlh="0" tlh="39840896" arrayletleaf="0"/>
  <largest-consumer threadName="Thread-9" threadId="0000000001208500" bytes="11500248" />
</allocation-stats>
<gc-op id="679" type="copy forward" timems="3.959" contextid="676" timestamp="2019-06-17T03:28:54.250">
  <memory-copied type="eden" objects="22730" bytes="958608" bytesdiscarded="0" />
  <memory-copied type="other" objects="8353" bytes="200472" bytesdiscarded="0" />
  <memory-cardclean objects="12587" bytes="677728" />
  <regions eden="38" other="2" />
  <remembered-set-cleared processed="30143" cleared="1200" durationms="0.342" />
  <stringconstants candidates="4597" cleared="0"  />
</gc-op>
<gc-op id="680" type="classunload" timems="0.003" contextid="676" timestamp="2019-06-17T03:28:54.251">
  <classunload-info classloadercandidates="8" classloadersunloaded="0" classesunloaded="0" anonymousclassesunloaded="0" quiescems="0.000" setupms="0.002" scanms="0.000" postms="0.000" />
</gc-op>
<heap-resize id="681" type="expand" space="default" amount="2097152" count="1" timems="0.075" reason="excessive time being spent in gc" timestamp="2019-06-17T03:28:54.251" />
<gc-end id="682" type="partial gc" contextid="676" durationms="5.126" usertimems="8.000" systemtimems="0.000" timestamp="2019-06-17T03:28:54.251" activeThreads="1">
  <mem-info id="683" free="81788928" total="136314880" percent="60">
    <mem type="eden" free="89968" total="1048576" percent="8" />
    <remembered-set count="35680" freebytes="5298560" totalbytes="5441280" percent="97" regionsoverflowed="0" regionsstable="2" regionsrebuilding="0"/>
  </mem-info>
</gc-end>
<cycle-end id="684" type="partial gc" contextid="676" timestamp="2019-06-17T03:28:54.251" />
  <attribute name="elasticGC enabled" value="1" />
  <attribute name= "numThreadsSpecified" value="1" />
  <attribute name="heapSize specified" value="0" />
  <attribute name="Current GC Util" value="45" />
  <attribute name= "Current Time Running" value="2176" />
  <attribute name ="GC Interval" value="0" />
  <attribute name="ProportionalT" value="37.500000" />
  <attribute name="ProportionalI" value="37.500000" />
  <attribute name="ProportionalH" value="37.500000" />
  <attribute name="Current Error" value="25.000000" />
  <attribute name="IntegralT" value="0.000000" />
  <attribute name="IntegralI" value="0.000000" />
  <attribute name="IntegralH" value="0.000000" />
  <attribute name="DerivativeT" value="inf" />
  <attribute name="DerivativeI" value="inf" />
  <attribute name="DerivativeH" value="inf" />
  <attribute name="Loop Time for DT" value="0.000000" />
  <attribute name="Output H" value="8388608"/>
  <attribute name="Output I" value="200"/>
  <attribute name="Output T" value="1"/>
  <attribute name="Target GC Util Change" value ="20.000000" />
  <attribute name="Current GC Util Change" value="45.000000"/>
  <attribute name="GC Util currently" value="45" />
  <attribute name="CPU Util currently" value="14830909090529" />
<exclusive-end id="685" timestamp="2019-06-17T03:28:54.251" durationms="6.009" />

<exclusive-start id="686" timestamp="2019-06-17T03:28:54.311" intervalms="65.675">
  <response-info timems="0.042" idlems="0.042" threads="0" lastid="0000000001204900" lastname="Thread-8" />
</exclusive-start>
<allocation-taxation id="687" taxation-threshold="40894464" timestamp="2019-06-17T03:28:54.311" intervalms="65.680" />
<cycle-start id="688" type="partial gc" contextid="0" timestamp="2019-06-17T03:28:54.311" intervalms="65.623" />
<gc-start id="689" type="partial gc" contextid="688" timestamp="2019-06-17T03:28:54.312">
  <mem-info id="690" free="40894464" total="136314880" percent="30">
    <mem type="eden" free="0" total="40894464" percent="0" />
    <remembered-set count="35488" freebytes="5299328" totalbytes="5441280" percent="97" regionsoverflowed="0" regionsstable="2" regionsrebuilding="0"/>
  </mem-info>
</gc-start>
<allocation-stats totalBytes="40889512" >
  <allocated-bytes non-tlh="0" tlh="40889512" arrayletleaf="0"/>
  <largest-consumer threadName="Thread-10" threadId="000000000120C100" bytes="11401712" />
</allocation-stats>
<gc-op id="691" type="copy forward" timems="2.430" contextid="688" timestamp="2019-06-17T03:28:54.315">
  <memory-copied type="eden" objects="4930" bytes="119872" bytesdiscarded="38072" />
  <memory-copied type="other" objects="27324" bytes="1067904" bytesdiscarded="59112" />
  <memory-cardclean objects="10472" bytes="538408" />
  <regions eden="39" other="2" />
  <remembered-set-cleared processed="31130" cleared="1520" durationms="0.163" />
  <stringconstants candidates="4597" cleared="0"  />
</gc-op>
<gc-op id="692" type="classunload" timems="0.003" contextid="688" timestamp="2019-06-17T03:28:54.315">
  <classunload-info classloadercandidates="8" classloadersunloaded="0" classesunloaded="0" anonymousclassesunloaded="0" quiescems="0.000" setupms="0.003" scanms="0.000" postms="0.000" />
</gc-op>
<gc-end id="693" type="partial gc" contextid="688" durationms="3.382" usertimems="8.000" systemtimems="4.000" timestamp="2019-06-17T03:28:54.315" activeThreads="4">
  <mem-info id="694" free="80740352" total="136314880" percent="59">
    <mem type="eden" free="890632" total="1048576" percent="84" />
    <remembered-set count="34720" freebytes="5302400" totalbytes="5441280" percent="97" regionsoverflowed="0" regionsstable="2" regionsrebuilding="0"/>
  </mem-info>
</gc-end>
<cycle-end id="695" type="partial gc" contextid="688" timestamp="2019-06-17T03:28:54.315" />
  <attribute name="elasticGC enabled" value="1" />
  <attribute name= "numThreadsSpecified" value="4" />
  <attribute name="heapSize specified" value="0" />
  <attribute name="Current GC Util" value="62" />
  <attribute name= "Current Time Running" value="2242" />
  <attribute name ="GC Interval" value="0" />
  <attribute name="ProportionalT" value="63.000000" />
  <attribute name="ProportionalI" value="63.000000" />
  <attribute name="ProportionalH" value="63.000000" />
  <attribute name="Current Error" value="42.000000" />
  <attribute name="IntegralT" value="42.000000" />
  <attribute name="IntegralI" value="42.000000" />
  <attribute name="IntegralH" value="42.000000" />
  <attribute name="DerivativeT" value="63.000000" />
  <attribute name="DerivativeI" value="63.000000" />
  <attribute name="DerivativeH" value="63.000000" />
  <attribute name="Loop Time for DT" value="1.000000" />
  <attribute name="Output H" value="8388608"/>
  <attribute name="Output I" value="200"/>
  <attribute name="Output T" value="4"/>
  <attribute name="Target GC Util Change" value ="20.000000" />
  <attribute name="Current GC Util Change" value="62.000000"/>
  <attribute name="GC Util currently" value="62" />
  <attribute name="CPU Util currently" value="19930187787301" />
<exclusive-end id="696" timestamp="2019-06-17T03:28:54.315" durationms="4.235" />

<exclusive-start id="697" timestamp="2019-06-17T03:28:54.371" intervalms="60.012">
  <response-info timems="0.050" idlems="0.050" threads="0" lastid="0000000001204900" lastname="Thread-8" />
</exclusive-start>
<allocation-taxation id="698" taxation-threshold="40894464" timestamp="2019-06-17T03:28:54.371" intervalms="60.018" />
<cycle-start id="699" type="partial gc" contextid="0" timestamp="2019-06-17T03:28:54.371" intervalms="60.022" />
<gc-start id="700" type="partial gc" contextid="699" timestamp="2019-06-17T03:28:54.372">
  <mem-info id="701" free="39845888" total="136314880" percent="29">
    <mem type="eden" free="0" total="40894464" percent="0" />
    <remembered-set count="34592" freebytes="5302912" totalbytes="5441280" percent="97" regionsoverflowed="0" regionsstable="2" regionsrebuilding="0"/>
  </mem-info>
</gc-start>
<allocation-stats totalBytes="40889472" >
  <allocated-bytes non-tlh="0" tlh="40889472" arrayletleaf="0"/>
  <largest-consumer threadName="Thread-8" threadId="0000000001204900" bytes="15681800" />
</allocation-stats>
<gc-op id="702" type="copy forward" timems="2.815" contextid="699" timestamp="2019-06-17T03:28:54.375">
  <memory-copied type="eden" objects="10697" bytes="395344" bytesdiscarded="13088" />
  <memory-copied type="other" objects="31939" bytes="1178664" bytesdiscarded="92232" />
  <memory-cardclean objects="10511" bytes="543904" />
  <regions eden="39" other="3" />
  <remembered-set-cleared processed="31416" cleared="1812" durationms="0.166" />
  <stringconstants candidates="4597" cleared="0"  />
</gc-op>
<gc-op id="703" type="classunload" timems="0.003" contextid="699" timestamp="2019-06-17T03:28:54.375">
  <classunload-info classloadercandidates="8" classloadersunloaded="0" classesunloaded="0" anonymousclassesunloaded="0" quiescems="0.000" setupms="0.003" scanms="0.000" postms="0.000" />
</gc-op>
<gc-end id="704" type="partial gc" contextid="699" durationms="3.811" usertimems="8.000" systemtimems="0.000" timestamp="2019-06-17T03:28:54.375" activeThreads="4">
  <mem-info id="705" free="79691776" total="136314880" percent="58">
    <mem type="eden" free="640144" total="1048576" percent="61" />
    <remembered-set count="36768" freebytes="5294208" totalbytes="5441280" percent="97" regionsoverflowed="0" regionsstable="2" regionsrebuilding="0"/>
  </mem-info>
</gc-end>
<cycle-end id="706" type="partial gc" contextid="699" timestamp="2019-06-17T03:28:54.375" />
  <attribute name="elasticGC enabled" value="1" />
  <attribute name= "numThreadsSpecified" value="4" />
  <attribute name="heapSize specified" value="0" />
  <attribute name="Current GC Util" value="51" />
  <attribute name= "Current Time Running" value="2302" />
  <attribute name ="GC Interval" value="0" />
  <attribute name="ProportionalT" value="46.500000" />
  <attribute name="ProportionalI" value="46.500000" />
  <attribute name="ProportionalH" value="46.500000" />
  <attribute name="Current Error" value="31.000000" />
  <attribute name="IntegralT" value="31.000000" />
  <attribute name="IntegralI" value="31.000000" />
  <attribute name="IntegralH" value="31.000000" />
  <attribute name="DerivativeT" value="46.500000" />
  <attribute name="DerivativeI" value="46.500000" />
  <attribute name="DerivativeH" value="46.500000" />
  <attribute name="Loop Time for DT" value="1.000000" />
  <attribute name="Output H" value="8388608"/>
  <attribute name="Output I" value="200"/>
  <attribute name="Output T" value="4"/>
  <attribute name="Target GC Util Change" value ="20.000000" />
  <attribute name="Current GC Util Change" value="51.000000"/>
  <attribute name="GC Util currently" value="51" />
  <attribute name="CPU Util currently" value="17949052715565" />
<exclusive-end id="707" timestamp="2019-06-17T03:28:54.376" durationms="4.627" />

<exclusive-start id="708" timestamp="2019-06-17T03:28:54.425" intervalms="54.135">
  <response-info timems="0.068" idlems="0.068" threads="0" lastid="000000000120C100" lastname="Thread-10" />
</exclusive-start>
<allocation-taxation id="709" taxation-threshold="40894464" timestamp="2019-06-17T03:28:54.425" intervalms="54.154" />
<cycle-start id="710" type="partial gc" contextid="0" timestamp="2019-06-17T03:28:54.425" intervalms="54.179" />
<gc-start id="711" type="partial gc" contextid="710" timestamp="2019-06-17T03:28:54.426">
  <mem-info id="712" free="38797312" total="136314880" percent="28">
    <mem type="eden" free="0" total="40894464" percent="0" />
    <remembered-set count="36416" freebytes="5295616" totalbytes="5441280" percent="97" regionsoverflowed="0" regionsstable="2" regionsrebuilding="0"/>
  </mem-info>
</gc-start>
<allocation-stats totalBytes="40889392" >
  <allocated-bytes non-tlh="0" tlh="40889392" arrayletleaf="0"/>
  <largest-consumer threadName="Thread-9" threadId="0000000001208500" bytes="16046216" />
</allocation-stats>
<gc-op id="713" type="copy forward" timems="2.140" contextid="710" timestamp="2019-06-17T03:28:54.428">
  <memory-copied type="eden" objects="17541" bytes="834280" bytesdiscarded="24752" />
  <memory-copied type="other" objects="14592" bytes="487584" bytesdiscarded="61936" />
  <memory-cardclean objects="5732" bytes="314944" />
  <regions eden="39" other="3" />
  <remembered-set-cleared processed="32463" cleared="1749" durationms="0.166" />
  <stringconstants candidates="4597" cleared="0"  />
</gc-op>
<gc-op id="714" type="classunload" timems="0.003" contextid="710" timestamp="2019-06-17T03:28:54.429">
  <classunload-info classloadercandidates="8" classloadersunloaded="0" classesunloaded="0" anonymousclassesunloaded="0" quiescems="0.000" setupms="0.003" scanms="0.000" postms="0.000" />
</gc-op>
<gc-end id="715" type="partial gc" contextid="710" durationms="3.014" usertimems="8.000" systemtimems="0.000" timestamp="2019-06-17T03:28:54.429" activeThreads="4">
  <mem-info id="716" free="78643200" total="136314880" percent="57">
    <mem type="eden" free="189544" total="1048576" percent="18" />
    <remembered-set count="35424" freebytes="5299584" totalbytes="5441280" percent="97" regionsoverflowed="0" regionsstable="2" regionsrebuilding="0"/>
  </mem-info>
</gc-end>
<cycle-end id="717" type="partial gc" contextid="710" timestamp="2019-06-17T03:28:54.429" />
  <attribute name="elasticGC enabled" value="1" />
  <attribute name= "numThreadsSpecified" value="4" />
  <attribute name="heapSize specified" value="0" />
  <attribute name="Current GC Util" value="55" />
  <attribute name= "Current Time Running" value="2356" />
  <attribute name ="GC Interval" value="0" />
  <attribute name="ProportionalT" value="52.500000" />
  <attribute name="ProportionalI" value="52.500000" />
  <attribute name="ProportionalH" value="52.500000" />
  <attribute name="Current Error" value="35.000000" />
  <attribute name="IntegralT" value="35.000000" />
  <attribute name="IntegralI" value="35.000000" />
  <attribute name="IntegralH" value="35.000000" />
  <attribute name="DerivativeT" value="52.500000" />
  <attribute name="DerivativeI" value="52.500000" />
  <attribute name="DerivativeH" value="52.500000" />
  <attribute name="Loop Time for DT" value="1.000000" />
  <attribute name="Output H" value="8388608"/>
  <attribute name="Output I" value="200"/>
  <attribute name="Output T" value="4"/>
  <attribute name="Target GC Util Change" value ="20.000000" />
  <attribute name="Current GC Util Change" value="55.000000"/>
  <attribute name="GC Util currently" value="55" />
  <attribute name="CPU Util currently" value="18135823490610" />
<exclusive-end id="718" timestamp="2019-06-17T03:28:54.429" durationms="3.899" />

<exclusive-start id="719" timestamp="2019-06-17T03:28:54.469" intervalms="44.050">
  <response-info timems="0.079" idlems="0.079" threads="0" lastid="0000000001200D00" lastname="Thread-7" />
</exclusive-start>
<allocation-taxation id="720" taxation-threshold="40894464" timestamp="2019-06-17T03:28:54.469" intervalms="44.024" />
<cycle-start id="721" type="partial gc" contextid="0" timestamp="2019-06-17T03:28:54.469" intervalms="44.003" />
<gc-start id="722" type="partial gc" contextid="721" timestamp="2019-06-17T03:28:54.470">
  <mem-info id="723" free="37748736" total="136314880" percent="27">
    <mem type="eden" free="0" total="40894464" percent="0" />
    <remembered-set count="35328" freebytes="5299968" totalbytes="5441280" percent="97" regionsoverflowed="0" regionsstable="2" regionsrebuilding="0"/>
  </mem-info>
</gc-start>
<allocation-stats totalBytes="40889624" >
  <allocated-bytes non-tlh="0" tlh="40889624" arrayletleaf="0"/>
  <largest-consumer threadName="Thread-9" threadId="0000000001208500" bytes="11443040" />
</allocation-stats>
<gc-op id="724" type="copy forward" timems="3.985" contextid="721" timestamp="2019-06-17T03:28:54.474">
  <memory-copied type="eden" objects="11835" bytes="422584" bytesdiscarded="0" />
  <memory-copied type="other" objects="23398" bytes="973680" bytesdiscarded="0" />
  <memory-cardclean objects="4583" bytes="259792" />
  <regions eden="39" other="3" />
  <remembered-set-cleared processed="32359" cleared="1389" durationms="0.342" />
  <stringconstants candidates="4597" cleared="0"  />
</gc-op>
<gc-op id="725" type="classunload" timems="0.004" contextid="721" timestamp="2019-06-17T03:28:54.474">
  <classunload-info classloadercandidates="8" classloadersunloaded="0" classesunloaded="0" anonymousclassesunloaded="0" quiescems="0.000" setupms="0.004" scanms="0.000" postms="0.000" />
</gc-op>
<gc-end id="726" type="partial gc" contextid="721" durationms="4.953" usertimems="4.000" systemtimems="0.000" timestamp="2019-06-17T03:28:54.475" activeThreads="1">
  <mem-info id="727" free="77594624" total="136314880" percent="56">
    <mem type="eden" free="625992" total="1048576" percent="59" />
    <remembered-set count="36448" freebytes="5295488" totalbytes="5441280" percent="97" regionsoverflowed="0" regionsstable="2" regionsrebuilding="0"/>
  </mem-info>
</gc-end>
<cycle-end id="728" type="partial gc" contextid="721" timestamp="2019-06-17T03:28:54.475" />
  <attribute name="elasticGC enabled" value="1" />
  <attribute name= "numThreadsSpecified" value="1" />
  <attribute name="heapSize specified" value="0" />
  <attribute name="Current GC Util" value="66" />
  <attribute name= "Current Time Running" value="2400" />
  <attribute name ="GC Interval" value="0" />
  <attribute name="ProportionalT" value="69.000000" />
  <attribute name="ProportionalI" value="69.000000" />
  <attribute name="ProportionalH" value="69.000000" />
  <attribute name="Current Error" value="46.000000" />
  <attribute name="IntegralT" value="0.000000" />
  <attribute name="IntegralI" value="0.000000" />
  <attribute name="IntegralH" value="0.000000" />
  <attribute name="DerivativeT" value="inf" />
  <attribute name="DerivativeI" value="inf" />
  <attribute name="DerivativeH" value="inf" />
  <attribute name="Loop Time for DT" value="0.000000" />
  <attribute name="Output H" value="8388608"/>
  <attribute name="Output I" value="200"/>
  <attribute name="Output T" value="1"/>
  <attribute name="Target GC Util Change" value ="20.000000" />
  <attribute name="Current GC Util Change" value="66.000000"/>
  <attribute name="GC Util currently" value="66" />
  <attribute name="CPU Util currently" value="18423162400073" />
<exclusive-end id="729" timestamp="2019-06-17T03:28:54.475" durationms="5.808" />

<exclusive-start id="730" timestamp="2019-06-17T03:28:54.501" intervalms="31.443">
  <response-info timems="0.048" idlems="0.048" threads="0" lastid="0000000001204900" lastname="Thread-8" />
</exclusive-start>
<allocation-taxation id="731" taxation-threshold="40894464" timestamp="2019-06-17T03:28:54.501" intervalms="31.438" />
<cycle-start id="732" type="partial gc" contextid="0" timestamp="2019-06-17T03:28:54.501" intervalms="31.455" />
<gc-start id="733" type="partial gc" contextid="732" timestamp="2019-06-17T03:28:54.501">
  <mem-info id="734" free="36700160" total="136314880" percent="26">
    <mem type="eden" free="0" total="40894464" percent="0" />
    <remembered-set count="36224" freebytes="5296384" totalbytes="5441280" percent="97" regionsoverflowed="0" regionsstable="2" regionsrebuilding="0"/>
  </mem-info>
</gc-start>
<allocation-stats totalBytes="40889728" >
  <allocated-bytes non-tlh="0" tlh="40889728" arrayletleaf="0"/>
  <largest-consumer threadName="Thread-7" threadId="0000000001200D00" bytes="12548840" />
</allocation-stats>
<gc-op id="735" type="copy forward" timems="3.541" contextid="732" timestamp="2019-06-17T03:28:54.505">
  <memory-copied type="eden" objects="9738" bytes="372112" bytesdiscarded="0" />
  <memory-copied type="other" objects="22539" bytes="953064" bytesdiscarded="0" />
  <memory-cardclean objects="2958" bytes="188440" />
  <regions eden="39" other="2" />
  <remembered-set-cleared processed="33315" cleared="678" durationms="0.347" />
  <stringconstants candidates="4597" cleared="0"  />
</gc-op>
<gc-op id="736" type="classunload" timems="0.002" contextid="732" timestamp="2019-06-17T03:28:54.505">
  <classunload-info classloadercandidates="8" classloadersunloaded="0" classesunloaded="0" anonymousclassesunloaded="0" quiescems="0.000" setupms="0.002" scanms="0.000" postms="0.000" />
</gc-op>
<gc-end id="737" type="partial gc" contextid="732" durationms="4.397" usertimems="4.000" systemtimems="0.000" timestamp="2019-06-17T03:28:54.506" activeThreads="1">
  <mem-info id="738" free="76546048" total="136314880" percent="56">
    <mem type="eden" free="676464" total="1048576" percent="64" />
    <remembered-set count="37184" freebytes="5292544" totalbytes="5441280" percent="97" regionsoverflowed="0" regionsstable="2" regionsrebuilding="0"/>
  </mem-info>
</gc-end>
<cycle-end id="739" type="partial gc" contextid="732" timestamp="2019-06-17T03:28:54.506" />
  <attribute name="elasticGC enabled" value="1" />
  <attribute name= "numThreadsSpecified" value="1" />
  <attribute name="heapSize specified" value="0" />
  <attribute name="Current GC Util" value="65" />
  <attribute name= "Current Time Running" value="2431" />
  <attribute name ="GC Interval" value="0" />
  <attribute name="ProportionalT" value="67.500000" />
  <attribute name="ProportionalI" value="67.500000" />
  <attribute name="ProportionalH" value="67.500000" />
  <attribute name="Current Error" value="45.000000" />
  <attribute name="IntegralT" value="0.000000" />
  <attribute name="IntegralI" value="0.000000" />
  <attribute name="IntegralH" value="0.000000" />
  <attribute name="DerivativeT" value="inf" />
  <attribute name="DerivativeI" value="inf" />
  <attribute name="DerivativeH" value="inf" />
  <attribute name="Loop Time for DT" value="0.000000" />
  <attribute name="Output H" value="8388608"/>
  <attribute name="Output I" value="200"/>
  <attribute name="Output T" value="1"/>
  <attribute name="Target GC Util Change" value ="20.000000" />
  <attribute name="Current GC Util Change" value="65.000000"/>
  <attribute name="GC Util currently" value="65" />
  <attribute name="CPU Util currently" value="18618480915390" />
<exclusive-end id="740" timestamp="2019-06-17T03:28:54.506" durationms="5.269" />

<exclusive-start id="741" timestamp="2019-06-17T03:28:54.534" intervalms="33.063">
  <response-info timems="0.034" idlems="0.034" threads="0" lastid="0000000001200D00" lastname="Thread-7" />
</exclusive-start>
<allocation-taxation id="742" taxation-threshold="40894464" timestamp="2019-06-17T03:28:54.534" intervalms="33.068" />
<cycle-start id="743" type="partial gc" contextid="0" timestamp="2019-06-17T03:28:54.534" intervalms="33.045" />
<gc-start id="744" type="partial gc" contextid="743" timestamp="2019-06-17T03:28:54.534">
  <mem-info id="745" free="35651584" total="136314880" percent="26">
    <mem type="eden" free="0" total="40894464" percent="0" />
    <remembered-set count="37056" freebytes="5293056" totalbytes="5441280" percent="97" regionsoverflowed="0" regionsstable="2" regionsrebuilding="0"/>
  </mem-info>
</gc-start>
<allocation-stats totalBytes="40889768" >
  <allocated-bytes non-tlh="0" tlh="40889768" arrayletleaf="0"/>
  <largest-consumer threadName="Thread-7" threadId="0000000001200D00" bytes="14715200" />
</allocation-stats>
<gc-op id="746" type="copy forward" timems="3.919" contextid="743" timestamp="2019-06-17T03:28:54.539">
  <memory-copied type="eden" objects="9790" bytes="373968" bytesdiscarded="0" />
  <memory-copied type="other" objects="21149" bytes="782328" bytesdiscarded="0" />
  <memory-cardclean objects="10888" bytes="592072" />
  <regions eden="39" other="2" />
  <remembered-set-cleared processed="33772" cleared="922" durationms="0.353" />
  <stringconstants candidates="4597" cleared="0"  />
</gc-op>
<gc-op id="747" type="classunload" timems="0.003" contextid="743" timestamp="2019-06-17T03:28:54.539">
  <classunload-info classloadercandidates="8" classloadersunloaded="0" classesunloaded="0" anonymousclassesunloaded="0" quiescems="0.000" setupms="0.003" scanms="0.000" postms="0.000" />
</gc-op>
<heap-resize id="748" type="expand" space="default" amount="15728640" count="1" timems="0.143" reason="excessive time being spent in gc" timestamp="2019-06-17T03:28:54.539" />
<gc-end id="749" type="partial gc" contextid="743" durationms="5.183" usertimems="4.000" systemtimems="0.000" timestamp="2019-06-17T03:28:54.539" activeThreads="1">
  <mem-info id="750" free="91226112" total="152043520" percent="60">
    <mem type="eden" free="674608" total="1048576" percent="64" />
    <remembered-set count="37920" freebytes="5917440" totalbytes="6069120" percent="97" regionsoverflowed="0" regionsstable="2" regionsrebuilding="0"/>
  </mem-info>
</gc-end>
<cycle-end id="751" type="partial gc" contextid="743" timestamp="2019-06-17T03:28:54.540" />
  <attribute name="elasticGC enabled" value="1" />
  <attribute name= "numThreadsSpecified" value="1" />
  <attribute name="heapSize specified" value="0" />
  <attribute name="Current GC Util" value="64" />
  <attribute name= "Current Time Running" value="2464" />
  <attribute name ="GC Interval" value="0" />
  <attribute name="ProportionalT" value="66.000000" />
  <attribute name="ProportionalI" value="66.000000" />
  <attribute name="ProportionalH" value="66.000000" />
  <attribute name="Current Error" value="44.000000" />
  <attribute name="IntegralT" value="0.000000" />
  <attribute name="IntegralI" value="0.000000" />
  <attribute name="IntegralH" value="0.000000" />
  <attribute name="DerivativeT" value="inf" />
  <attribute name="DerivativeI" value="inf" />
  <attribute name="DerivativeH" value="inf" />
  <attribute name="Loop Time for DT" value="0.000000" />
  <attribute name="Output H" value="8388608"/>
  <attribute name="Output I" value="200"/>
  <attribute name="Output T" value="1"/>
  <attribute name="Target GC Util Change" value ="20.000000" />
  <attribute name="Current GC Util Change" value="64.000000"/>
  <attribute name="GC Util currently" value="64" />
  <attribute name="CPU Util currently" value="17687796092235" />
<exclusive-end id="752" timestamp="2019-06-17T03:28:54.540" durationms="6.035" />

<exclusive-start id="753" timestamp="2019-06-17T03:28:54.566" intervalms="31.836">
  <response-info timems="0.052" idlems="0.052" threads="0" lastid="0000000001204900" lastname="Thread-8" />
</exclusive-start>
<allocation-taxation id="754" taxation-threshold="44040192" timestamp="2019-06-17T03:28:54.566" intervalms="31.854" />
<cycle-start id="755" type="partial gc" contextid="0" timestamp="2019-06-17T03:28:54.566" intervalms="31.900" />
<gc-start id="756" type="partial gc" contextid="755" timestamp="2019-06-17T03:28:54.566">
  <mem-info id="757" free="47185920" total="152043520" percent="31">
    <mem type="eden" free="0" total="44040192" percent="0" />
    <remembered-set count="37920" freebytes="5917440" totalbytes="6069120" percent="97" regionsoverflowed="0" regionsstable="2" regionsrebuilding="0"/>
  </mem-info>
</gc-start>
<allocation-stats totalBytes="44035200" >
  <allocated-bytes non-tlh="0" tlh="44035200" arrayletleaf="0"/>
  <largest-consumer threadName="Thread-7" threadId="0000000001200D00" bytes="14015040" />
</allocation-stats>
<gc-op id="758" type="copy forward" timems="3.806" contextid="755" timestamp="2019-06-17T03:28:54.571">
  <memory-copied type="eden" objects="9478" bytes="366704" bytesdiscarded="0" />
  <memory-copied type="other" objects="19037" bytes="731640" bytesdiscarded="0" />
  <memory-cardclean objects="8810" bytes="477352" />
  <regions eden="42" other="2" />
  <remembered-set-cleared processed="34811" cleared="1130" durationms="0.370" />
  <stringconstants candidates="4597" cleared="0"  />
</gc-op>
<gc-op id="759" type="classunload" timems="0.003" contextid="755" timestamp="2019-06-17T03:28:54.571">
  <classunload-info classloadercandidates="8" classloadersunloaded="0" classesunloaded="0" anonymousclassesunloaded="0" quiescems="0.000" setupms="0.003" scanms="0.000" postms="0.000" />
</gc-op>
<heap-resize id="760" type="expand" space="default" amount="3145728" count="1" timems="0.068" reason="excessive time being spent in gc" timestamp="2019-06-17T03:28:54.571" />
<gc-end id="761" type="partial gc" contextid="755" durationms="4.818" usertimems="4.000" systemtimems="0.000" timestamp="2019-06-17T03:28:54.571" activeThreads="1">
  <mem-info id="762" free="93323264" total="155189248" percent="60">
    <mem type="eden" free="681872" total="1048576" percent="65" />
    <remembered-set count="39808" freebytes="6035456" totalbytes="6194688" percent="97" regionsoverflowed="0" regionsstable="2" regionsrebuilding="0"/>
  </mem-info>
</gc-end>
<cycle-end id="763" type="partial gc" contextid="755" timestamp="2019-06-17T03:28:54.571" />
  <attribute name="elasticGC enabled" value="1" />
  <attribute name= "numThreadsSpecified" value="1" />
  <attribute name="heapSize specified" value="0" />
  <attribute name="Current GC Util" value="76" />
  <attribute name= "Current Time Running" value="2496" />
  <attribute name ="GC Interval" value="0" />
  <attribute name="ProportionalT" value="84.000000" />
  <attribute name="ProportionalI" value="84.000000" />
  <attribute name="ProportionalH" value="84.000000" />
  <attribute name="Current Error" value="56.000000" />
  <attribute name="IntegralT" value="0.000000" />
  <attribute name="IntegralI" value="0.000000" />
  <attribute name="IntegralH" value="0.000000" />
  <attribute name="DerivativeT" value="inf" />
  <attribute name="DerivativeI" value="inf" />
  <attribute name="DerivativeH" value="inf" />
  <attribute name="Loop Time for DT" value="0.000000" />
  <attribute name="Output H" value="8388608"/>
  <attribute name="Output I" value="200"/>
  <attribute name="Output T" value="1"/>
  <attribute name="Target GC Util Change" value ="20.000000" />
  <attribute name="Current GC Util Change" value="76.000000"/>
  <attribute name="GC Util currently" value="76" />
  <attribute name="CPU Util currently" value="18460626437506" />
<exclusive-end id="764" timestamp="2019-06-17T03:28:54.571" durationms="5.745" />

<exclusive-start id="765" timestamp="2019-06-17T03:28:54.596" intervalms="30.732">
  <response-info timems="0.041" idlems="0.041" threads="0" lastid="0000000001200D00" lastname="Thread-7" />
</exclusive-start>
<allocation-taxation id="766" taxation-threshold="45088768" timestamp="2019-06-17T03:28:54.596" intervalms="30.719" />
<cycle-start id="767" type="partial gc" contextid="0" timestamp="2019-06-17T03:28:54.597" intervalms="30.677" />
<gc-start id="768" type="partial gc" contextid="767" timestamp="2019-06-17T03:28:54.597">
  <mem-info id="769" free="48234496" total="155189248" percent="31">
    <mem type="eden" free="0" total="45088768" percent="0" />
    <remembered-set count="39328" freebytes="6037376" totalbytes="6194688" percent="97" regionsoverflowed="0" regionsstable="2" regionsrebuilding="0"/>
  </mem-info>
</gc-start>
<allocation-stats totalBytes="45083112" >
  <allocated-bytes non-tlh="0" tlh="45083112" arrayletleaf="0"/>
  <largest-consumer threadName="Thread-7" threadId="0000000001200D00" bytes="14195144" />
</allocation-stats>
<gc-op id="770" type="copy forward" timems="3.341" contextid="767" timestamp="2019-06-17T03:28:54.601">
  <memory-copied type="eden" objects="3295" bytes="80976" bytesdiscarded="0" />
  <memory-copied type="other" objects="18675" bytes="722952" bytesdiscarded="0" />
  <memory-cardclean objects="8371" bytes="452368" />
  <regions eden="43" other="2" />
  <remembered-set-cleared processed="35633" cleared="1092" durationms="0.377" />
  <stringconstants candidates="4597" cleared="0"  />
</gc-op>
<gc-op id="771" type="classunload" timems="0.003" contextid="767" timestamp="2019-06-17T03:28:54.601">
  <classunload-info classloadercandidates="8" classloadersunloaded="0" classesunloaded="0" anonymousclassesunloaded="0" quiescems="0.000" setupms="0.003" scanms="0.000" postms="0.000" />
</gc-op>
<heap-resize id="772" type="expand" space="default" amount="2097152" count="1" timems="0.067" reason="excessive time being spent in gc" timestamp="2019-06-17T03:28:54.601" />
<gc-end id="773" type="partial gc" contextid="767" durationms="4.570" usertimems="0.000" systemtimems="4.000" timestamp="2019-06-17T03:28:54.601" activeThreads="1">
  <mem-info id="774" free="94371840" total="157286400" percent="60">
    <mem type="eden" free="967600" total="1048576" percent="92" />
    <remembered-set count="40736" freebytes="6115456" totalbytes="6278400" percent="97" regionsoverflowed="0" regionsstable="2" regionsrebuilding="0"/>
  </mem-info>
</gc-end>
<cycle-end id="775" type="partial gc" contextid="767" timestamp="2019-06-17T03:28:54.602" />
  <attribute name="elasticGC enabled" value="1" />
  <attribute name= "numThreadsSpecified" value="1" />
  <attribute name="heapSize specified" value="0" />
  <attribute name="Current GC Util" value="56" />
  <attribute name= "Current Time Running" value="2527" />
  <attribute name ="GC Interval" value="0" />
  <attribute name="ProportionalT" value="54.000000" />
  <attribute name="ProportionalI" value="54.000000" />
  <attribute name="ProportionalH" value="54.000000" />
  <attribute name="Current Error" value="36.000000" />
  <attribute name="IntegralT" value="0.000000" />
  <attribute name="IntegralI" value="0.000000" />
  <attribute name="IntegralH" value="0.000000" />
  <attribute name="DerivativeT" value="inf" />
  <attribute name="DerivativeI" value="inf" />
  <attribute name="DerivativeH" value="inf" />
  <attribute name="Loop Time for DT" value="0.000000" />
  <attribute name="Output H" value="8388608"/>
  <attribute name="Output I" value="200"/>
  <attribute name="Output T" value="1"/>
  <attribute name="Target GC Util Change" value ="20.000000" />
  <attribute name="Current GC Util Change" value="56.000000"/>
  <attribute name="GC Util currently" value="56" />
  <attribute name="CPU Util currently" value="18325211245943" />
<exclusive-end id="776" timestamp="2019-06-17T03:28:54.602" durationms="5.411" />

<exclusive-start id="777" timestamp="2019-06-17T03:28:54.624" intervalms="27.999">
  <response-info timems="0.046" idlems="0.046" threads="0" lastid="0000000001204900" lastname="Thread-8" />
</exclusive-start>
<allocation-taxation id="778" taxation-threshold="46137344" timestamp="2019-06-17T03:28:54.624" intervalms="28.006" />
<cycle-start id="779" type="partial gc" contextid="0" timestamp="2019-06-17T03:28:54.625" intervalms="28.070" />
<gc-start id="780" type="partial gc" contextid="779" timestamp="2019-06-17T03:28:54.625">
  <mem-info id="781" free="48234496" total="157286400" percent="30">
    <mem type="eden" free="0" total="46137344" percent="0" />
    <remembered-set count="40736" freebytes="6115456" totalbytes="6278400" percent="97" regionsoverflowed="0" regionsstable="2" regionsrebuilding="0"/>
  </mem-info>
</gc-start>
<allocation-stats totalBytes="46131776" >
  <allocated-bytes non-tlh="0" tlh="46131776" arrayletleaf="0"/>
  <largest-consumer threadName="Thread-7" threadId="0000000001200D00" bytes="13388240" />
</allocation-stats>
<gc-op id="782" type="copy forward" timems="3.382" contextid="779" timestamp="2019-06-17T03:28:54.629">
  <memory-copied type="eden" objects="9552" bytes="368376" bytesdiscarded="0" />
  <memory-copied type="other" objects="12164" bytes="429312" bytesdiscarded="0" />
  <memory-cardclean objects="9922" bytes="526696" />
  <regions eden="44" other="2" />
  <remembered-set-cleared processed="36409" cleared="1099" durationms="0.383" />
  <stringconstants candidates="4597" cleared="0"  />
</gc-op>
<gc-op id="783" type="classunload" timems="0.003" contextid="779" timestamp="2019-06-17T03:28:54.629">
  <classunload-info classloadercandidates="8" classloadersunloaded="0" classesunloaded="0" anonymousclassesunloaded="0" quiescems="0.000" setupms="0.003" scanms="0.000" postms="0.000" />
</gc-op>
<heap-resize id="784" type="expand" space="default" amount="3145728" count="1" timems="0.106" reason="excessive time being spent in gc" timestamp="2019-06-17T03:28:54.629" />
<gc-end id="785" type="partial gc" contextid="779" durationms="4.592" usertimems="0.000" systemtimems="4.000" timestamp="2019-06-17T03:28:54.629" activeThreads="1">
  <mem-info id="786" free="96468992" total="160432128" percent="60">
    <mem type="eden" free="680200" total="1048576" percent="64" />
    <remembered-set count="42048" freebytes="6235776" totalbytes="6403968" percent="97" regionsoverflowed="0" regionsstable="2" regionsrebuilding="0"/>
  </mem-info>
</gc-end>
<cycle-end id="787" type="partial gc" contextid="779" timestamp="2019-06-17T03:28:54.630" />
  <attribute name="elasticGC enabled" value="1" />
  <attribute name= "numThreadsSpecified" value="1" />
  <attribute name="heapSize specified" value="0" />
  <attribute name="Current GC Util" value="60" />
  <attribute name= "Current Time Running" value="2555" />
  <attribute name ="GC Interval" value="0" />
  <attribute name="ProportionalT" value="60.000000" />
  <attribute name="ProportionalI" value="60.000000" />
  <attribute name="ProportionalH" value="60.000000" />
  <attribute name="Current Error" value="40.000000" />
  <attribute name="IntegralT" value="0.000000" />
  <attribute name="IntegralI" value="0.000000" />
  <attribute name="IntegralH" value="0.000000" />
  <attribute name="DerivativeT" value="inf" />
  <attribute name="DerivativeI" value="inf" />
  <attribute name="DerivativeH" value="inf" />
  <attribute name="Loop Time for DT" value="0.000000" />
  <attribute name="Output H" value="8388608"/>
  <attribute name="Output I" value="200"/>
  <attribute name="Output T" value="1"/>
  <attribute name="Target GC Util Change" value ="20.000000" />
  <attribute name="Current GC Util Change" value="60.000000"/>
  <attribute name="GC Util currently" value="60" />
  <attribute name="CPU Util currently" value="17268481046679" />
<exclusive-end id="788" timestamp="2019-06-17T03:28:54.630" durationms="5.575" />

<exclusive-start id="789" timestamp="2019-06-17T03:28:54.651" intervalms="27.165">
  <response-info timems="0.042" idlems="0.042" threads="0" lastid="0000000001204900" lastname="Thread-8" />
</exclusive-start>
<allocation-taxation id="790" taxation-threshold="46137344" timestamp="2019-06-17T03:28:54.652" intervalms="27.178" />
<cycle-start id="791" type="partial gc" contextid="0" timestamp="2019-06-17T03:28:54.652" intervalms="27.158" />
<gc-start id="792" type="partial gc" contextid="791" timestamp="2019-06-17T03:28:54.652">
  <mem-info id="793" free="50331648" total="160432128" percent="31">
    <mem type="eden" free="0" total="46137344" percent="0" />
    <remembered-set count="41600" freebytes="6237568" totalbytes="6403968" percent="97" regionsoverflowed="0" regionsstable="2" regionsrebuilding="0"/>
  </mem-info>
</gc-start>
<allocation-stats totalBytes="46132056" >
  <allocated-bytes non-tlh="0" tlh="46132056" arrayletleaf="0"/>
  <largest-consumer threadName="Thread-10" threadId="000000000120C100" bytes="13044120" />
</allocation-stats>
<gc-op id="794" type="copy forward" timems="3.618" contextid="791" timestamp="2019-06-17T03:28:54.656">
  <memory-copied type="eden" objects="11215" bytes="408648" bytesdiscarded="0" />
  <memory-copied type="other" objects="12255" bytes="431496" bytesdiscarded="0" />
  <memory-cardclean objects="12608" bytes="655504" />
  <regions eden="44" other="2" />
  <remembered-set-cleared processed="37272" cleared="1106" durationms="0.397" />
  <stringconstants candidates="4597" cleared="0"  />
</gc-op>
<gc-op id="795" type="classunload" timems="0.003" contextid="791" timestamp="2019-06-17T03:28:54.656">
  <classunload-info classloadercandidates="8" classloadersunloaded="0" classesunloaded="0" anonymousclassesunloaded="0" quiescems="0.000" setupms="0.003" scanms="0.000" postms="0.000" />
</gc-op>
<heap-resize id="796" type="expand" space="default" amount="2097152" count="1" timems="0.069" reason="excessive time being spent in gc" timestamp="2019-06-17T03:28:54.657" />
<gc-end id="797" type="partial gc" contextid="791" durationms="4.774" usertimems="12.000" systemtimems="0.000" timestamp="2019-06-17T03:28:54.657" activeThreads="1">
  <mem-info id="798" free="97517568" total="162529280" percent="60">
    <mem type="eden" free="639928" total="1048576" percent="61" />
    <remembered-set count="42944" freebytes="6315904" totalbytes="6487680" percent="97" regionsoverflowed="0" regionsstable="2" regionsrebuilding="0"/>
  </mem-info>
</gc-end>
<cycle-end id="799" type="partial gc" contextid="791" timestamp="2019-06-17T03:28:54.657" />
  <attribute name="elasticGC enabled" value="1" />
  <attribute name= "numThreadsSpecified" value="1" />
  <attribute name="heapSize specified" value="0" />
  <attribute name="Current GC Util" value="63" />
  <attribute name= "Current Time Running" value="2582" />
  <attribute name ="GC Interval" value="0" />
  <attribute name="ProportionalT" value="64.500000" />
  <attribute name="ProportionalI" value="64.500000" />
  <attribute name="ProportionalH" value="64.500000" />
  <attribute name="Current Error" value="43.000000" />
  <attribute name="IntegralT" value="0.000000" />
  <attribute name="IntegralI" value="0.000000" />
  <attribute name="IntegralH" value="0.000000" />
  <attribute name="DerivativeT" value="inf" />
  <attribute name="DerivativeI" value="inf" />
  <attribute name="DerivativeH" value="inf" />
  <attribute name="Loop Time for DT" value="0.000000" />
  <attribute name="Output H" value="8388608"/>
  <attribute name="Output I" value="200"/>
  <attribute name="Output T" value="1"/>
  <attribute name="Target GC Util Change" value ="20.000000" />
  <attribute name="Current GC Util Change" value="63.000000"/>
  <attribute name="GC Util currently" value="63" />
  <attribute name="CPU Util currently" value="19238765544931" />
<exclusive-end id="800" timestamp="2019-06-17T03:28:54.657" durationms="5.737" />

<exclusive-start id="801" timestamp="2019-06-17T03:28:54.690" intervalms="38.665">
  <response-info timems="0.044" idlems="0.044" threads="0" lastid="0000000001200D00" lastname="Thread-7" />
</exclusive-start>
<allocation-taxation id="802" taxation-threshold="47185920" timestamp="2019-06-17T03:28:54.690" intervalms="38.648" />
<cycle-start id="803" type="partial gc" contextid="0" timestamp="2019-06-17T03:28:54.690" intervalms="38.561" />
<gc-start id="804" type="partial gc" contextid="803" timestamp="2019-06-17T03:28:54.691">
  <mem-info id="805" free="50331648" total="162529280" percent="30">
    <mem type="eden" free="0" total="47185920" percent="0" />
    <remembered-set count="42720" freebytes="6316800" totalbytes="6487680" percent="97" regionsoverflowed="0" regionsstable="2" regionsrebuilding="0"/>
  </mem-info>
</gc-start>
<allocation-stats totalBytes="47180392" >
  <allocated-bytes non-tlh="0" tlh="47180392" arrayletleaf="0"/>
  <largest-consumer threadName="Thread-7" threadId="0000000001200D00" bytes="15899016" />
</allocation-stats>
<gc-op id="806" type="copy forward" timems="2.582" contextid="803" timestamp="2019-06-17T03:28:54.694">
  <memory-copied type="eden" objects="16854" bytes="681280" bytesdiscarded="37608" />
  <memory-copied type="other" objects="20123" bytes="757704" bytesdiscarded="48816" />
  <memory-cardclean objects="11145" bytes="574408" />
  <regions eden="45" other="2" />
  <remembered-set-cleared processed="38166" cleared="1381" durationms="0.178" />
  <stringconstants candidates="4597" cleared="0"  />
</gc-op>
<gc-op id="807" type="classunload" timems="0.002" contextid="803" timestamp="2019-06-17T03:28:54.694">
  <classunload-info classloadercandidates="8" classloadersunloaded="0" classesunloaded="0" anonymousclassesunloaded="0" quiescems="0.000" setupms="0.001" scanms="0.000" postms="0.000" />
</gc-op>
<heap-resize id="808" type="expand" space="default" amount="5242880" count="1" timems="0.082" reason="excessive time being spent in gc" timestamp="2019-06-17T03:28:54.694" />
<gc-end id="809" type="partial gc" contextid="803" durationms="3.693" usertimems="8.000" systemtimems="0.000" timestamp="2019-06-17T03:28:54.694" activeThreads="4">
  <mem-info id="810" free="100663296" total="167772160" percent="60">
    <mem type="eden" free="1378264" total="2097152" percent="65" />
    <remembered-set count="42720" freebytes="6526080" totalbytes="6696960" percent="97" regionsoverflowed="0" regionsstable="2" regionsrebuilding="0"/>
  </mem-info>
</gc-end>
<cycle-end id="811" type="partial gc" contextid="803" timestamp="2019-06-17T03:28:54.694" />
  <attribute name="elasticGC enabled" value="1" />
  <attribute name= "numThreadsSpecified" value="4" />
  <attribute name="heapSize specified" value="0" />
  <attribute name="Current GC Util" value="64" />
  <attribute name= "Current Time Running" value="2621" />
  <attribute name ="GC Interval" value="0" />
  <attribute name="ProportionalT" value="66.000000" />
  <attribute name="ProportionalI" value="66.000000" />
  <attribute name="ProportionalH" value="66.000000" />
  <attribute name="Current Error" value="44.000000" />
  <attribute name="IntegralT" value="44.000000" />
  <attribute name="IntegralI" value="44.000000" />
  <attribute name="IntegralH" value="44.000000" />
  <attribute name="DerivativeT" value="66.000000" />
  <attribute name="DerivativeI" value="66.000000" />
  <attribute name="DerivativeH" value="66.000000" />
  <attribute name="Loop Time for DT" value="1.000000" />
  <attribute name="Output H" value="8388608"/>
  <attribute name="Output I" value="200"/>
  <attribute name="Output T" value="4"/>
  <attribute name="Target GC Util Change" value ="20.000000" />
  <attribute name="Current GC Util Change" value="64.000000"/>
  <attribute name="GC Util currently" value="64" />
  <attribute name="CPU Util currently" value="19474943142642" />
<exclusive-end id="812" timestamp="2019-06-17T03:28:54.694" durationms="4.418" />

<exclusive-start id="813" timestamp="2019-06-17T03:28:54.731" intervalms="41.417">
  <response-info timems="0.035" idlems="0.035" threads="0" lastid="0000000001204900" lastname="Thread-8" />
</exclusive-start>
<allocation-taxation id="814" taxation-threshold="48234496" timestamp="2019-06-17T03:28:54.732" intervalms="41.415" />
<cycle-start id="815" type="partial gc" contextid="0" timestamp="2019-06-17T03:28:54.732" intervalms="41.470" />
<gc-start id="816" type="partial gc" contextid="815" timestamp="2019-06-17T03:28:54.732">
  <mem-info id="817" free="52428800" total="167772160" percent="31">
    <mem type="eden" free="0" total="48234496" percent="0" />
    <remembered-set count="42624" freebytes="6526464" totalbytes="6696960" percent="97" regionsoverflowed="0" regionsstable="2" regionsrebuilding="0"/>
  </mem-info>
</gc-start>
<allocation-stats totalBytes="48228416" >
  <allocated-bytes non-tlh="0" tlh="48228416" arrayletleaf="0"/>
  <largest-consumer threadName="Thread-7" threadId="0000000001200D00" bytes="15861808" />
</allocation-stats>
<gc-op id="818" type="copy forward" timems="3.818" contextid="815" timestamp="2019-06-17T03:28:54.737">
  <memory-copied type="eden" objects="8804" bytes="350176" bytesdiscarded="0" />
  <memory-copied type="other" objects="20880" bytes="775872" bytesdiscarded="0" />
  <memory-cardclean objects="9704" bytes="520144" />
  <regions eden="46" other="3" />
  <remembered-set-cleared processed="39059" cleared="1275" durationms="0.420" />
  <stringconstants candidates="4597" cleared="0"  />
</gc-op>
<gc-op id="819" type="classunload" timems="0.002" contextid="815" timestamp="2019-06-17T03:28:54.737">
  <classunload-info classloadercandidates="8" classloadersunloaded="0" classesunloaded="0" anonymousclassesunloaded="0" quiescems="0.000" setupms="0.002" scanms="0.000" postms="0.000" />
</gc-op>
<gc-end id="820" type="partial gc" contextid="815" durationms="4.741" usertimems="12.000" systemtimems="0.000" timestamp="2019-06-17T03:28:54.737" activeThreads="1">
  <mem-info id="821" free="100663296" total="167772160" percent="60">
    <mem type="eden" free="698400" total="1048576" percent="66" />
    <remembered-set count="43744" freebytes="6521984" totalbytes="6696960" percent="97" regionsoverflowed="0" regionsstable="2" regionsrebuilding="0"/>
  </mem-info>
</gc-end>
<cycle-end id="822" type="partial gc" contextid="815" timestamp="2019-06-17T03:28:54.737" />
  <attribute name="elasticGC enabled" value="1" />
  <attribute name= "numThreadsSpecified" value="1" />
  <attribute name="heapSize specified" value="0" />
  <attribute name="Current GC Util" value="58" />
  <attribute name= "Current Time Running" value="2662" />
  <attribute name ="GC Interval" value="0" />
  <attribute name="ProportionalT" value="57.000000" />
  <attribute name="ProportionalI" value="57.000000" />
  <attribute name="ProportionalH" value="57.000000" />
  <attribute name="Current Error" value="38.000000" />
  <attribute name="IntegralT" value="0.000000" />
  <attribute name="IntegralI" value="0.000000" />
  <attribute name="IntegralH" value="0.000000" />
  <attribute name="DerivativeT" value="inf" />
  <attribute name="DerivativeI" value="inf" />
  <attribute name="DerivativeH" value="inf" />
  <attribute name="Loop Time for DT" value="0.000000" />
  <attribute name="Output H" value="8388608"/>
  <attribute name="Output I" value="200"/>
  <attribute name="Output T" value="1"/>
  <attribute name="Target GC Util Change" value ="20.000000" />
  <attribute name="Current GC Util Change" value="58.000000"/>
  <attribute name="GC Util currently" value="58" />
  <attribute name="CPU Util currently" value="20111931526445" />
<exclusive-end id="823" timestamp="2019-06-17T03:28:54.737" durationms="5.526" />

<exclusive-start id="824" timestamp="2019-06-17T03:28:54.778" intervalms="46.147">
  <response-info timems="0.036" idlems="0.033" threads="1" lastid="0000000001200D00" lastname="Thread-7" />
</exclusive-start>
<allocation-taxation id="825" taxation-threshold="48234496" timestamp="2019-06-17T03:28:54.778" intervalms="46.153" />
<cycle-start id="826" type="partial gc" contextid="0" timestamp="2019-06-17T03:28:54.778" intervalms="46.183" />
<gc-start id="827" type="partial gc" contextid="826" timestamp="2019-06-17T03:28:54.778">
  <mem-info id="828" free="52428800" total="167772160" percent="31">
    <mem type="eden" free="0" total="48234496" percent="0" />
    <remembered-set count="43712" freebytes="6522112" totalbytes="6696960" percent="97" regionsoverflowed="0" regionsstable="2" regionsrebuilding="0"/>
  </mem-info>
</gc-start>
<allocation-stats totalBytes="48228472" >
  <allocated-bytes non-tlh="0" tlh="48228472" arrayletleaf="0"/>
  <largest-consumer threadName="Thread-7" threadId="0000000001200D00" bytes="15800656" />
</allocation-stats>
<gc-op id="829" type="copy forward" timems="3.774" contextid="826" timestamp="2019-06-17T03:28:54.783">
  <memory-copied type="eden" objects="8896" bytes="352928" bytesdiscarded="0" />
  <memory-copied type="other" objects="21204" bytes="783648" bytesdiscarded="0" />
  <memory-cardclean objects="9985" bytes="534040" />
  <regions eden="46" other="3" />
  <remembered-set-cleared processed="39353" cleared="2069" durationms="0.399" />
  <stringconstants candidates="4597" cleared="0"  />
</gc-op>
<gc-op id="830" type="classunload" timems="0.002" contextid="826" timestamp="2019-06-17T03:28:54.783">
  <classunload-info classloadercandidates="8" classloadersunloaded="0" classesunloaded="0" anonymousclassesunloaded="0" quiescems="0.000" setupms="0.002" scanms="0.000" postms="0.000" />
</gc-op>
<gc-end id="831" type="partial gc" contextid="826" durationms="4.682" usertimems="4.000" systemtimems="0.000" timestamp="2019-06-17T03:28:54.783" activeThreads="1">
  <mem-info id="832" free="99614720" total="167772160" percent="59">
    <mem type="eden" free="695648" total="1048576" percent="66" />
    <remembered-set count="44736" freebytes="6518016" totalbytes="6696960" percent="97" regionsoverflowed="0" regionsstable="2" regionsrebuilding="0"/>
  </mem-info>
</gc-end>
<cycle-end id="833" type="partial gc" contextid="826" timestamp="2019-06-17T03:28:54.783" />
  <attribute name="elasticGC enabled" value="1" />
  <attribute name= "numThreadsSpecified" value="1" />
  <attribute name="heapSize specified" value="0" />
  <attribute name="Current GC Util" value="83" />
  <attribute name= "Current Time Running" value="2708" />
  <attribute name ="GC Interval" value="0" />
  <attribute name="ProportionalT" value="94.500000" />
  <attribute name="ProportionalI" value="94.500000" />
  <attribute name="ProportionalH" value="94.500000" />
  <attribute name="Current Error" value="63.000000" />
  <attribute name="IntegralT" value="0.000000" />
  <attribute name="IntegralI" value="0.000000" />
  <attribute name="IntegralH" value="0.000000" />
  <attribute name="DerivativeT" value="inf" />
  <attribute name="DerivativeI" value="inf" />
  <attribute name="DerivativeH" value="inf" />
  <attribute name="Loop Time for DT" value="0.000000" />
  <attribute name="Output H" value="8388608"/>
  <attribute name="Output I" value="200"/>
  <attribute name="Output T" value="1"/>
  <attribute name="Target GC Util Change" value ="20.000000" />
  <attribute name="Current GC Util Change" value="83.000000"/>
  <attribute name="GC Util currently" value="83" />
  <attribute name="CPU Util currently" value="23402089741970" />
<exclusive-end id="834" timestamp="2019-06-17T03:28:54.783" durationms="5.681" />

<exclusive-start id="835" timestamp="2019-06-17T03:28:54.819" intervalms="41.254">
  <response-info timems="0.043" idlems="0.043" threads="0" lastid="0000000001204900" lastname="Thread-8" />
</exclusive-start>
<allocation-taxation id="836" taxation-threshold="48234496" timestamp="2019-06-17T03:28:54.819" intervalms="41.248" />
<cycle-start id="837" type="partial gc" contextid="0" timestamp="2019-06-17T03:28:54.819" intervalms="41.286" />
<gc-start id="838" type="partial gc" contextid="837" timestamp="2019-06-17T03:28:54.820">
  <mem-info id="839" free="51380224" total="167772160" percent="30">
    <mem type="eden" free="0" total="48234496" percent="0" />
    <remembered-set count="44736" freebytes="6518016" totalbytes="6696960" percent="97" regionsoverflowed="0" regionsstable="2" regionsrebuilding="0"/>
  </mem-info>
</gc-start>
<allocation-stats totalBytes="48228928" >
  <allocated-bytes non-tlh="0" tlh="48228928" arrayletleaf="0"/>
  <largest-consumer threadName="Thread-7" threadId="0000000001200D00" bytes="15432072" />
</allocation-stats>
<gc-op id="840" type="copy forward" timems="1.813" contextid="837" timestamp="2019-06-17T03:28:54.822">
  <memory-copied type="eden" objects="9204" bytes="360424" bytesdiscarded="27448" />
  <memory-copied type="other" objects="3807" bytes="91368" bytesdiscarded="4304" />
  <memory-cardclean objects="7529" bytes="422968" />
  <regions eden="46" other="2" />
  <remembered-set-cleared processed="40584" cleared="672" durationms="0.216" />
  <stringconstants candidates="4597" cleared="0"  />
</gc-op>
<gc-op id="841" type="classunload" timems="0.003" contextid="837" timestamp="2019-06-17T03:28:54.822">
  <classunload-info classloadercandidates="8" classloadersunloaded="0" classesunloaded="0" anonymousclassesunloaded="0" quiescems="0.000" setupms="0.002" scanms="0.000" postms="0.000" />
</gc-op>
<gc-end id="842" type="partial gc" contextid="837" durationms="2.781" usertimems="8.000" systemtimems="0.000" timestamp="2019-06-17T03:28:54.822" activeThreads="4">
  <mem-info id="843" free="98566144" total="167772160" percent="58">
    <mem type="eden" free="660704" total="1048576" percent="63" />
    <remembered-set count="44864" freebytes="6517504" totalbytes="6696960" percent="97" regionsoverflowed="0" regionsstable="2" regionsrebuilding="0"/>
  </mem-info>
</gc-end>
<cycle-end id="844" type="partial gc" contextid="837" timestamp="2019-06-17T03:28:54.822" />
  <attribute name="elasticGC enabled" value="1" />
  <attribute name= "numThreadsSpecified" value="4" />
  <attribute name="heapSize specified" value="0" />
  <attribute name="Current GC Util" value="60" />
  <attribute name= "Current Time Running" value="2750" />
  <attribute name ="GC Interval" value="0" />
  <attribute name="ProportionalT" value="60.000000" />
  <attribute name="ProportionalI" value="60.000000" />
  <attribute name="ProportionalH" value="60.000000" />
  <attribute name="Current Error" value="40.000000" />
  <attribute name="IntegralT" value="40.000000" />
  <attribute name="IntegralI" value="40.000000" />
  <attribute name="IntegralH" value="40.000000" />
  <attribute name="DerivativeT" value="60.000000" />
  <attribute name="DerivativeI" value="60.000000" />
  <attribute name="DerivativeH" value="60.000000" />
  <attribute name="Loop Time for DT" value="1.000000" />
  <attribute name="Output H" value="8388608"/>
  <attribute name="Output I" value="200"/>
  <attribute name="Output T" value="4"/>
  <attribute name="Target GC Util Change" value ="20.000000" />
  <attribute name="Current GC Util Change" value="60.000000"/>
  <attribute name="GC Util currently" value="60" />
  <attribute name="CPU Util currently" value="19402348511691" />
<exclusive-end id="845" timestamp="2019-06-17T03:28:54.823" durationms="3.659" />

<exclusive-start id="846" timestamp="2019-06-17T03:28:54.858" intervalms="38.870">
  <response-info timems="0.052" idlems="0.052" threads="0" lastid="0000000001200D00" lastname="Thread-7" />
</exclusive-start>
<allocation-taxation id="847" taxation-threshold="48234496" timestamp="2019-06-17T03:28:54.858" intervalms="38.837" />
<cycle-start id="848" type="partial gc" contextid="0" timestamp="2019-06-17T03:28:54.858" intervalms="38.753" />
<gc-start id="849" type="partial gc" contextid="848" timestamp="2019-06-17T03:28:54.858">
  <mem-info id="850" free="50331648" total="167772160" percent="30">
    <mem type="eden" free="0" total="48234496" percent="0" />
    <remembered-set count="44544" freebytes="6518784" totalbytes="6696960" percent="97" regionsoverflowed="0" regionsstable="2" regionsrebuilding="0"/>
  </mem-info>
</gc-start>
<allocation-stats totalBytes="48228704" >
  <allocated-bytes non-tlh="0" tlh="48228704" arrayletleaf="0"/>
  <largest-consumer threadName="Thread-7" threadId="0000000001200D00" bytes="14735840" />
</allocation-stats>
<gc-op id="851" type="copy forward" timems="3.118" contextid="848" timestamp="2019-06-17T03:28:54.862">
  <memory-copied type="eden" objects="17592" bytes="698216" bytesdiscarded="0" />
  <memory-copied type="other" objects="3852" bytes="92448" bytesdiscarded="0" />
  <memory-cardclean objects="9386" bytes="496816" />
  <regions eden="46" other="2" />
  <remembered-set-cleared processed="41190" cleared="951" durationms="0.415" />
  <stringconstants candidates="4597" cleared="0"  />
</gc-op>
<gc-op id="852" type="classunload" timems="0.003" contextid="848" timestamp="2019-06-17T03:28:54.862">
  <classunload-info classloadercandidates="8" classloadersunloaded="0" classesunloaded="0" anonymousclassesunloaded="0" quiescems="0.000" setupms="0.003" scanms="0.000" postms="0.000" />
</gc-op>
<gc-end id="853" type="partial gc" contextid="848" durationms="4.064" usertimems="8.000" systemtimems="0.000" timestamp="2019-06-17T03:28:54.862" activeThreads="1">
  <mem-info id="854" free="97517568" total="167772160" percent="58">
    <mem type="eden" free="350360" total="1048576" percent="33" />
    <remembered-set count="45664" freebytes="6514304" totalbytes="6696960" percent="97" regionsoverflowed="0" regionsstable="2" regionsrebuilding="0"/>
  </mem-info>
</gc-end>
<cycle-end id="855" type="partial gc" contextid="848" timestamp="2019-06-17T03:28:54.862" />
  <attribute name="elasticGC enabled" value="1" />
  <attribute name= "numThreadsSpecified" value="1" />
  <attribute name="heapSize specified" value="0" />
  <attribute name="Current GC Util" value="49" />
  <attribute name= "Current Time Running" value="2788" />
  <attribute name ="GC Interval" value="0" />
  <attribute name="ProportionalT" value="43.500000" />
  <attribute name="ProportionalI" value="43.500000" />
  <attribute name="ProportionalH" value="43.500000" />
  <attribute name="Current Error" value="29.000000" />
  <attribute name="IntegralT" value="0.000000" />
  <attribute name="IntegralI" value="0.000000" />
  <attribute name="IntegralH" value="0.000000" />
  <attribute name="DerivativeT" value="inf" />
  <attribute name="DerivativeI" value="inf" />
  <attribute name="DerivativeH" value="inf" />
  <attribute name="Loop Time for DT" value="0.000000" />
  <attribute name="Output H" value="8388608"/>
  <attribute name="Output I" value="200"/>
  <attribute name="Output T" value="1"/>
  <attribute name="Target GC Util Change" value ="20.000000" />
  <attribute name="Current GC Util Change" value="49.000000"/>
  <attribute name="GC Util currently" value="49" />
  <attribute name="CPU Util currently" value="18157316418581" />
<exclusive-end id="856" timestamp="2019-06-17T03:28:54.863" durationms="4.800" />

<exclusive-start id="857" timestamp="2019-06-17T03:28:54.896" intervalms="38.656">
  <response-info timems="0.036" idlems="0.036" threads="0" lastid="000000000120C100" lastname="Thread-10" />
</exclusive-start>
<allocation-taxation id="858" taxation-threshold="48234496" timestamp="2019-06-17T03:28:54.897" intervalms="38.670" />
<cycle-start id="859" type="partial gc" contextid="0" timestamp="2019-06-17T03:28:54.897" intervalms="38.686" />
<gc-start id="860" type="partial gc" contextid="859" timestamp="2019-06-17T03:28:54.897">
  <mem-info id="861" free="49283072" total="167772160" percent="29">
    <mem type="eden" free="0" total="48234496" percent="0" />
    <remembered-set count="45536" freebytes="6514816" totalbytes="6696960" percent="97" regionsoverflowed="0" regionsstable="2" regionsrebuilding="0"/>
  </mem-info>
</gc-start>
<allocation-stats totalBytes="48228952" >
  <allocated-bytes non-tlh="0" tlh="48228952" arrayletleaf="0"/>
  <largest-consumer threadName="Thread-8" threadId="0000000001204900" bytes="13846744" />
</allocation-stats>
<gc-op id="862" type="copy forward" timems="4.087" contextid="859" timestamp="2019-06-17T03:28:54.902">
  <memory-copied type="eden" objects="29568" bytes="1259952" bytesdiscarded="16" />
  <memory-copied type="other" objects="6516" bytes="156384" bytesdiscarded="0" />
  <memory-cardclean objects="9490" bytes="490648" />
  <regions eden="46" other="2" />
  <remembered-set-cleared processed="41732" cleared="1060" durationms="0.419" />
  <stringconstants candidates="4597" cleared="0"  />
</gc-op>
<gc-op id="863" type="classunload" timems="0.002" contextid="859" timestamp="2019-06-17T03:28:54.902">
  <classunload-info classloadercandidates="8" classloadersunloaded="0" classesunloaded="0" anonymousclassesunloaded="0" quiescems="0.000" setupms="0.002" scanms="0.000" postms="0.000" />
</gc-op>
<gc-end id="864" type="partial gc" contextid="859" durationms="5.034" usertimems="8.000" systemtimems="0.000" timestamp="2019-06-17T03:28:54.902" activeThreads="1">
  <mem-info id="865" free="95420416" total="167772160" percent="56">
    <mem type="eden" free="837184" total="2097152" percent="39" />
    <remembered-set count="47040" freebytes="6508800" totalbytes="6696960" percent="97" regionsoverflowed="0" regionsstable="2" regionsrebuilding="0"/>
  </mem-info>
</gc-end>
<cycle-end id="866" type="partial gc" contextid="859" timestamp="2019-06-17T03:28:54.902" />
  <attribute name="elasticGC enabled" value="1" />
  <attribute name= "numThreadsSpecified" value="1" />
  <attribute name="heapSize specified" value="0" />
  <attribute name="Current GC Util" value="55" />
  <attribute name= "Current Time Running" value="2827" />
  <attribute name ="GC Interval" value="0" />
  <attribute name="ProportionalT" value="52.500000" />
  <attribute name="ProportionalI" value="52.500000" />
  <attribute name="ProportionalH" value="52.500000" />
  <attribute name="Current Error" value="35.000000" />
  <attribute name="IntegralT" value="0.000000" />
  <attribute name="IntegralI" value="0.000000" />
  <attribute name="IntegralH" value="0.000000" />
  <attribute name="DerivativeT" value="inf" />
  <attribute name="DerivativeI" value="inf" />
  <attribute name="DerivativeH" value="inf" />
  <attribute name="Loop Time for DT" value="0.000000" />
  <attribute name="Output H" value="8388608"/>
  <attribute name="Output I" value="200"/>
  <attribute name="Output T" value="1"/>
  <attribute name="Target GC Util Change" value ="20.000000" />
  <attribute name="Current GC Util Change" value="55.000000"/>
  <attribute name="GC Util currently" value="55" />
  <attribute name="CPU Util currently" value="19803693092581" />
<exclusive-end id="867" timestamp="2019-06-17T03:28:54.902" durationms="5.832" />

<exclusive-start id="868" timestamp="2019-06-17T03:28:54.935" intervalms="38.152">
  <response-info timems="0.034" idlems="0.034" threads="0" lastid="0000000001200D00" lastname="Thread-7" />
</exclusive-start>
<allocation-taxation id="869" taxation-threshold="48234496" timestamp="2019-06-17T03:28:54.935" intervalms="38.146" />
<cycle-start id="870" type="partial gc" contextid="0" timestamp="2019-06-17T03:28:54.935" intervalms="38.125" />
<gc-start id="871" type="partial gc" contextid="870" timestamp="2019-06-17T03:28:54.935">
  <mem-info id="872" free="47185920" total="167772160" percent="28">
    <mem type="eden" free="0" total="48234496" percent="0" />
    <remembered-set count="46720" freebytes="6510080" totalbytes="6696960" percent="97" regionsoverflowed="0" regionsstable="2" regionsrebuilding="0"/>
  </mem-info>
</gc-start>
<allocation-stats totalBytes="48228384" >
  <allocated-bytes non-tlh="0" tlh="48228384" arrayletleaf="0"/>
  <largest-consumer threadName="Thread-7" threadId="0000000001200D00" bytes="15136656" />
</allocation-stats>
<gc-op id="873" type="copy forward" timems="4.030" contextid="870" timestamp="2019-06-17T03:28:54.940">
  <memory-copied type="eden" objects="17111" bytes="686216" bytesdiscarded="0" />
  <memory-copied type="other" objects="18750" bytes="724752" bytesdiscarded="0" />
  <memory-cardclean objects="7277" bytes="385048" />
  <regions eden="46" other="3" />
  <remembered-set-cleared processed="42310" cleared="1143" durationms="0.423" />
  <stringconstants candidates="4597" cleared="0"  />
</gc-op>
<gc-op id="874" type="classunload" timems="0.003" contextid="870" timestamp="2019-06-17T03:28:54.940">
  <classunload-info classloadercandidates="8" classloadersunloaded="0" classesunloaded="0" anonymousclassesunloaded="0" quiescems="0.000" setupms="0.002" scanms="0.000" postms="0.000" />
</gc-op>
<gc-end id="875" type="partial gc" contextid="870" durationms="4.939" usertimems="4.000" systemtimems="0.000" timestamp="2019-06-17T03:28:54.940" activeThreads="1">
  <mem-info id="876" free="95420416" total="167772160" percent="56">
    <mem type="eden" free="362360" total="1048576" percent="34" />
    <remembered-set count="47584" freebytes="6506624" totalbytes="6696960" percent="97" regionsoverflowed="0" regionsstable="2" regionsrebuilding="0"/>
  </mem-info>
</gc-end>
<cycle-end id="877" type="partial gc" contextid="870" timestamp="2019-06-17T03:28:54.940" />
  <attribute name="elasticGC enabled" value="1" />
  <attribute name= "numThreadsSpecified" value="1" />
  <attribute name="heapSize specified" value="0" />
  <attribute name="Current GC Util" value="62" />
  <attribute name= "Current Time Running" value="2865" />
  <attribute name ="GC Interval" value="0" />
  <attribute name="ProportionalT" value="63.000000" />
  <attribute name="ProportionalI" value="63.000000" />
  <attribute name="ProportionalH" value="63.000000" />
  <attribute name="Current Error" value="42.000000" />
  <attribute name="IntegralT" value="0.000000" />
  <attribute name="IntegralI" value="0.000000" />
  <attribute name="IntegralH" value="0.000000" />
  <attribute name="DerivativeT" value="inf" />
  <attribute name="DerivativeI" value="inf" />
  <attribute name="DerivativeH" value="inf" />
  <attribute name="Loop Time for DT" value="0.000000" />
  <attribute name="Output H" value="8388608"/>
  <attribute name="Output I" value="200"/>
  <attribute name="Output T" value="1"/>
  <attribute name="Target GC Util Change" value ="20.000000" />
  <attribute name="Current GC Util Change" value="62.000000"/>
  <attribute name="GC Util currently" value="62" />
  <attribute name="CPU Util currently" value="21304239011499" />
<exclusive-end id="878" timestamp="2019-06-17T03:28:54.940" durationms="5.696" />

<exclusive-start id="879" timestamp="2019-06-17T03:28:54.978" intervalms="43.544">
  <response-info timems="0.035" idlems="0.035" threads="0" lastid="0000000001200D00" lastname="Thread-7" />
</exclusive-start>
<allocation-taxation id="880" taxation-threshold="48234496" timestamp="2019-06-17T03:28:54.978" intervalms="43.550" />
<cycle-start id="881" type="partial gc" contextid="0" timestamp="2019-06-17T03:28:54.978" intervalms="43.553" />
<gc-start id="882" type="partial gc" contextid="881" timestamp="2019-06-17T03:28:54.979">
  <mem-info id="883" free="47185920" total="167772160" percent="28">
    <mem type="eden" free="0" total="48234496" percent="0" />
    <remembered-set count="47136" freebytes="6508416" totalbytes="6696960" percent="97" regionsoverflowed="0" regionsstable="2" regionsrebuilding="0"/>
  </mem-info>
</gc-start>
<allocation-stats totalBytes="48228704" >
  <allocated-bytes non-tlh="0" tlh="48228704" arrayletleaf="0"/>
  <largest-consumer threadName="Thread-7" threadId="0000000001200D00" bytes="18687824" />
</allocation-stats>
<gc-op id="884" type="copy forward" timems="2.550" contextid="881" timestamp="2019-06-17T03:28:54.982">
  <memory-copied type="eden" objects="15829" bytes="655544" bytesdiscarded="34984" />
  <memory-copied type="other" objects="20216" bytes="759936" bytesdiscarded="27280" />
  <memory-cardclean objects="7277" bytes="385048" />
  <regions eden="46" other="3" />
  <remembered-set-cleared processed="42519" cleared="1352" durationms="0.208" />
  <stringconstants candidates="4597" cleared="0"  />
</gc-op>
<gc-op id="885" type="classunload" timems="0.002" contextid="881" timestamp="2019-06-17T03:28:54.982">
  <classunload-info classloadercandidates="8" classloadersunloaded="0" classesunloaded="0" anonymousclassesunloaded="0" quiescems="0.000" setupms="0.002" scanms="0.000" postms="0.000" />
</gc-op>
<heap-resize id="886" type="expand" space="default" amount="15728640" count="1" timems="0.135" reason="excessive time being spent in gc" timestamp="2019-06-17T03:28:54.982" />
<gc-end id="887" type="partial gc" contextid="881" durationms="3.713" usertimems="4.000" systemtimems="0.000" timestamp="2019-06-17T03:28:54.982" activeThreads="4">
  <mem-info id="888" free="110100480" total="183500800" percent="60">
    <mem type="eden" free="358048" total="1048576" percent="34" />
    <remembered-set count="46784" freebytes="7137664" totalbytes="7324800" percent="97" regionsoverflowed="0" regionsstable="2" regionsrebuilding="0"/>
  </mem-info>
</gc-end>
<cycle-end id="889" type="partial gc" contextid="881" timestamp="2019-06-17T03:28:54.982" />
  <attribute name="elasticGC enabled" value="1" />
  <attribute name= "numThreadsSpecified" value="4" />
  <attribute name="heapSize specified" value="0" />
  <attribute name="Current GC Util" value="72" />
  <attribute name= "Current Time Running" value="2909" />
  <attribute name ="GC Interval" value="0" />
  <attribute name="ProportionalT" value="78.000000" />
  <attribute name="ProportionalI" value="78.000000" />
  <attribute name="ProportionalH" value="78.000000" />
  <attribute name="Current Error" value="52.000000" />
  <attribute name="IntegralT" value="52.000000" />
  <attribute name="IntegralI" value="52.000000" />
  <attribute name="IntegralH" value="52.000000" />
  <attribute name="DerivativeT" value="78.000000" />
  <attribute name="DerivativeI" value="78.000000" />
  <attribute name="DerivativeH" value="78.000000" />
  <attribute name="Loop Time for DT" value="1.000000" />
  <attribute name="Output H" value="8388608"/>
  <attribute name="Output I" value="208"/>
  <attribute name="Output T" value="4"/>
  <attribute name="Target GC Util Change" value ="20.000000" />
  <attribute name="Current GC Util Change" value="72.000000"/>
  <attribute name="GC Util currently" value="72" />
  <attribute name="CPU Util currently" value="19128959243304" />
<exclusive-end id="890" timestamp="2019-06-17T03:28:54.983" durationms="4.466" />

<exclusive-start id="891" timestamp="2019-06-17T03:28:55.020" intervalms="42.086">
  <response-info timems="0.057" idlems="0.057" threads="0" lastid="000000000120C100" lastname="Thread-10" />
</exclusive-start>
<allocation-taxation id="892" taxation-threshold="52428800" timestamp="2019-06-17T03:28:55.020" intervalms="42.093" />
<cycle-start id="893" type="partial gc" contextid="0" timestamp="2019-06-17T03:28:55.021" intervalms="42.151" />
<gc-start id="894" type="partial gc" contextid="893" timestamp="2019-06-17T03:28:55.021">
  <mem-info id="895" free="57671680" total="183500800" percent="31">
    <mem type="eden" free="0" total="52428800" percent="0" />
    <remembered-set count="46400" freebytes="7139200" totalbytes="7324800" percent="97" regionsoverflowed="0" regionsstable="2" regionsrebuilding="0"/>
  </mem-info>
</gc-start>
<allocation-stats totalBytes="52422808" >
  <allocated-bytes non-tlh="0" tlh="52422808" arrayletleaf="0"/>
  <largest-consumer threadName="Thread-7" threadId="0000000001200D00" bytes="18831120" />
</allocation-stats>
<gc-op id="896" type="copy forward" timems="4.080" contextid="893" timestamp="2019-06-17T03:28:55.026">
  <memory-copied type="eden" objects="16706" bytes="676400" bytesdiscarded="0" />
  <memory-copied type="other" objects="17267" bytes="689160" bytesdiscarded="0" />
  <memory-cardclean objects="3084" bytes="179728" />
  <regions eden="50" other="3" />
  <remembered-set-cleared processed="43042" cleared="964" durationms="0.431" />
  <stringconstants candidates="4597" cleared="0"  />
</gc-op>
<gc-op id="897" type="classunload" timems="0.002" contextid="893" timestamp="2019-06-17T03:28:55.026">
  <classunload-info classloadercandidates="8" classloadersunloaded="0" classesunloaded="0" anonymousclassesunloaded="0" quiescems="0.000" setupms="0.002" scanms="0.000" postms="0.000" />
</gc-op>
<gc-end id="898" type="partial gc" contextid="893" durationms="5.040" usertimems="12.000" systemtimems="0.000" timestamp="2019-06-17T03:28:55.026" activeThreads="1">
  <mem-info id="899" free="109051904" total="183500800" percent="59">
    <mem type="eden" free="372176" total="1048576" percent="35" />
    <remembered-set count="47584" freebytes="7134464" totalbytes="7324800" percent="97" regionsoverflowed="0" regionsstable="2" regionsrebuilding="0"/>
  </mem-info>
</gc-end>
<cycle-end id="900" type="partial gc" contextid="893" timestamp="2019-06-17T03:28:55.026" />
  <attribute name="elasticGC enabled" value="1" />
  <attribute name= "numThreadsSpecified" value="1" />
  <attribute name="heapSize specified" value="0" />
  <attribute name="Current GC Util" value="58" />
  <attribute name= "Current Time Running" value="2951" />
  <attribute name ="GC Interval" value="0" />
  <attribute name="ProportionalT" value="57.000000" />
  <attribute name="ProportionalI" value="57.000000" />
  <attribute name="ProportionalH" value="57.000000" />
  <attribute name="Current Error" value="38.000000" />
  <attribute name="IntegralT" value="0.000000" />
  <attribute name="IntegralI" value="0.000000" />
  <attribute name="IntegralH" value="0.000000" />
  <attribute name="DerivativeT" value="inf" />
  <attribute name="DerivativeI" value="inf" />
  <attribute name="DerivativeH" value="inf" />
  <attribute name="Loop Time for DT" value="0.000000" />
  <attribute name="Output H" value="8388608"/>
  <attribute name="Output I" value="200"/>
  <attribute name="Output T" value="1"/>
  <attribute name="Target GC Util Change" value ="20.000000" />
  <attribute name="Current GC Util Change" value="58.000000"/>
  <attribute name="GC Util currently" value="58" />
  <attribute name="CPU Util currently" value="18383651349745" />
<exclusive-end id="901" timestamp="2019-06-17T03:28:55.026" durationms="5.917" />

<exclusive-start id="902" timestamp="2019-06-17T03:28:55.059" intervalms="38.409">
  <response-info timems="0.037" idlems="0.037" threads="0" lastid="0000000001208500" lastname="Thread-9" />
</exclusive-start>
<allocation-taxation id="903" taxation-threshold="52428800" timestamp="2019-06-17T03:28:55.059" intervalms="38.432" />
<cycle-start id="904" type="partial gc" contextid="0" timestamp="2019-06-17T03:28:55.059" intervalms="38.462" />
<gc-start id="905" type="partial gc" contextid="904" timestamp="2019-06-17T03:28:55.059">
  <mem-info id="906" free="56623104" total="183500800" percent="30">
    <mem type="eden" free="0" total="52428800" percent="0" />
    <remembered-set count="47104" freebytes="7136384" totalbytes="7324800" percent="97" regionsoverflowed="0" regionsstable="2" regionsrebuilding="0"/>
  </mem-info>
</gc-start>
<allocation-stats totalBytes="52421776" >
  <allocated-bytes non-tlh="0" tlh="52421776" arrayletleaf="0"/>
  <largest-consumer threadName="Thread-9" threadId="0000000001208500" bytes="17454880" />
</allocation-stats>
<gc-op id="907" type="copy forward" timems="2.089" contextid="904" timestamp="2019-06-17T03:28:55.062">
  <memory-copied type="eden" objects="8357" bytes="339008" bytesdiscarded="36768" />
  <memory-copied type="other" objects="14095" bytes="613032" bytesdiscarded="28344" />
  <memory-cardclean objects="18" bytes="24448" />
  <regions eden="50" other="3" />
  <remembered-set-cleared processed="43453" cleared="594" durationms="0.225" />
  <stringconstants candidates="4597" cleared="0"  />
</gc-op>
<gc-op id="908" type="classunload" timems="0.002" contextid="904" timestamp="2019-06-17T03:28:55.062">
  <classunload-info classloadercandidates="8" classloadersunloaded="0" classesunloaded="0" anonymousclassesunloaded="0" quiescems="0.000" setupms="0.002" scanms="0.000" postms="0.000" />
</gc-op>
<gc-end id="909" type="partial gc" contextid="904" durationms="3.238" usertimems="8.000" systemtimems="0.000" timestamp="2019-06-17T03:28:55.063" activeThreads="4">
  <mem-info id="910" free="108003328" total="183500800" percent="58">
    <mem type="eden" free="672800" total="1048576" percent="64" />
    <remembered-set count="46624" freebytes="7138304" totalbytes="7324800" percent="97" regionsoverflowed="0" regionsstable="2" regionsrebuilding="0"/>
  </mem-info>
</gc-end>
<cycle-end id="911" type="partial gc" contextid="904" timestamp="2019-06-17T03:28:55.063" />
  <attribute name="elasticGC enabled" value="1" />
  <attribute name= "numThreadsSpecified" value="4" />
  <attribute name="heapSize specified" value="0" />
  <attribute name="Current GC Util" value="49" />
  <attribute name= "Current Time Running" value="2990" />
  <attribute name ="GC Interval" value="0" />
  <attribute name="ProportionalT" value="43.500000" />
  <attribute name="ProportionalI" value="43.500000" />
  <attribute name="ProportionalH" value="43.500000" />
  <attribute name="Current Error" value="29.000000" />
  <attribute name="IntegralT" value="29.000000" />
  <attribute name="IntegralI" value="29.000000" />
  <attribute name="IntegralH" value="29.000000" />
  <attribute name="DerivativeT" value="43.500000" />
  <attribute name="DerivativeI" value="43.500000" />
  <attribute name="DerivativeH" value="43.500000" />
  <attribute name="Loop Time for DT" value="1.000000" />
  <attribute name="Output H" value="8388608"/>
  <attribute name="Output I" value="200"/>
  <attribute name="Output T" value="4"/>
  <attribute name="Target GC Util Change" value ="20.000000" />
  <attribute name="Current GC Util Change" value="49.000000"/>
  <attribute name="GC Util currently" value="49" />
  <attribute name="CPU Util currently" value="14916874520599" />
<exclusive-end id="912" timestamp="2019-06-17T03:28:55.063" durationms="4.320" />

</verbosegc>

