<?xml version="1.0" ?>

<verbosegc xmlns="http://www.ibm.com/j9/verbosegc" version="25b0271_CMPRSS">

<initialized id="1" timestamp="2019-07-02T19:17:19.340">
  <attribute name="gcPolicy" value="-Xgcpolicy:balanced" />
  <attribute name="GC Util" value="0" />
  <attribute name="CPU Util" value="0" />
  <attribute name="Time Running"value="0"/>
  <attribute name="Number of cores"value="0"/>
  <attribute name="maxHeapSize" value="0x7cb00000" />
  <attribute name="initialHeapSize" value="0x800000" />
  <attribute name="compressedRefs" value="true" />
  <attribute name="compressedRefsDisplacement" value="0x0" />
  <attribute name="compressedRefsShift" value="0x0" />
  <attribute name="pageSize" value="0x1000" />
  <attribute name="pageType" value="not used" />
  <attribute name="requestedPageSize" value="0x1000" />
  <attribute name="requestedPageType" value="not used" />
  <attribute name="gcthreads" value="4" />
  <attribute name="packetListSplit" value="4" />
  <attribute name="cacheListSplit" value="4" />
  <attribute name="splitFreeListSplitAmount" value="1" />
  <attribute name="numaNodes" value="0" />
  <region>
    <attribute name="regionSize" value="1048576" />
    <attribute name="regionCount" value="1995" />
    <attribute name="arrayletLeafSize" value="1048576" />
  </region>
  <system>
    <attribute name="physicalMemory" value="8370962432" />
    <attribute name="numCPUs" value="4" />
    <attribute name="architecture" value="amd64" />
    <attribute name="os" value="Linux" />
    <attribute name="osVersion" value="4.4.0-148-generic" />
  </system>
  <vmargs>
    <vmarg name="-Xoptionsfile=/vagrant/jdk/lib/options.default" />
    <vmarg name="-Xlockword:mode=default,noLockword=java/lang/String,noLockword=java/util/MapEntry,noLockword=java/util/HashMap$Entry,noLockword..." />
    <vmarg name="-Xjcl:jclse11_29" />
    <vmarg name="-Dcom.ibm.oti.vm.bootstrap.library.path=/vagrant/jdk/lib/compressedrefs:/vagrant/jdk/lib" />
    <vmarg name="-Dsun.boot.library.path=/vagrant/jdk/lib/compressedrefs:/vagrant/jdk/lib" />
    <vmarg name="-Djava.library.path=/vagrant/jdk/lib/compressedrefs:/vagrant/jdk/lib:/usr/lib64:/usr/lib" />
    <vmarg name="-Djava.home=/vagrant/jdk" />
    <vmarg name="-Duser.dir=/vagrant" />
    <vmarg name="-Xgcpolicy:balanced" />
    <vmarg name="-verbose:gc" />
    <vmarg name="-Xloggc:small-Balanced-jdkF-verbose16xalan.txt" />
    <vmarg name="-Djava.class.path=dacapo-9.12-MR1-bach.jar" />
    <vmarg name="-Dsun.java.command=dacapo-9.12-MR1-bach.jar xalan --size=small" />
    <vmarg name="-Dsun.java.launcher=SUN_STANDARD" />
    <vmarg name="-Dsun.java.launcher.pid=11028" />
  </vmargs>
</initialized>

<exclusive-start id="2" timestamp="2019-07-02T19:17:19.851" intervalms="511.192">
  <response-info timems="0.020" idlems="0.020" threads="0" lastid="00000000017C2700" lastname="main" />
</exclusive-start>
<allocation-taxation id="3" taxation-threshold="8388608" timestamp="2019-07-02T19:17:19.851" intervalms="511.474" />
<cycle-start id="4" type="partial gc" contextid="0" timestamp="2019-07-02T19:17:19.851" intervalms="511.725" />
  <attribute name="GC Util" value="0" />
  <attribute name="CPU Util" value="78" />
  <attribute name="Time Running"value="0"/>
  <attribute name="Number of cores"value="4"/>
<gc-start id="5" type="partial gc" contextid="4" timestamp="2019-07-02T19:17:19.852">
  <mem-info id="6" free="0" total="8388608" percent="0">
    <mem type="eden" free="0" total="8388608" percent="0" />
    <remembered-set count="0" freebytes="334848" totalbytes="334848" percent="100" regionsoverflowed="0" regionsstable="0" regionsrebuilding="0"/>
  </mem-info>
</gc-start>
<allocation-stats totalBytes="8302840" >
  <allocated-bytes non-tlh="722376" tlh="7580464" arrayletleaf="0"/>
  <largest-consumer threadName="main" threadId="00000000017C2700" bytes="8227152" />
</allocation-stats>
<gc-op id="7" type="mark" timems="3.325" contextid="4" timestamp="2019-07-02T19:17:19.856">
  <trace-info objectcount="21730" scancount="17019" scanbytes="565728" />
  <remembered-set-cleared processed="0" cleared="0" durationms="0.042" />
  <finalization candidates="20" enqueued="1" />
  <references type="soft" candidates="74" cleared="0" enqueued="0" dynamicThreshold="32" maxThreshold="32" />
  <references type="weak" candidates="602" cleared="437" enqueued="397" />
  <references type="phantom" candidates="127" cleared="44" enqueued="44" />
  <stringconstants candidates="2958" cleared="0"  />
  <warning details="Mark for calibration purposes" />
</gc-op>
<gc-op id="8" type="classunload" timems="0.034" contextid="4" timestamp="2019-07-02T19:17:19.856">
  <classunload-info classloadercandidates="6" classloadersunloaded="0" classesunloaded="0" anonymousclassesunloaded="0" quiescems="0.000" setupms="0.034" scanms="0.000" postms="0.000" />
</gc-op>
<gc-op id="9" type="sweep" timems="0.578" contextid="4" timestamp="2019-07-02T19:17:19.857" />
<gc-op id="10" type="compact" timems="4.985" contextid="4" timestamp="2019-07-02T19:17:19.862">
  <compact-info movecount="21718" movebytes="1529064" />
  <remembered-set-cleared processed="0" cleared="0" durationms="0.042" />
</gc-op>
<gc-end id="11" type="partial gc" contextid="4" durationms="11.077" usertimems="4.000" systemtimems="8.000" timestamp="2019-07-02T19:17:19.863" activeThreads="4">
  <mem-info id="12" free="6291456" total="8388608" percent="75">
    <mem type="eden" free="567024" total="2097152" percent="27" />
    <pending-finalizers system="1" default="0" reference="441" classloader="0" />
    <remembered-set count="2048" freebytes="326656" totalbytes="334848" percent="97" regionsoverflowed="0" regionsstable="0" regionsrebuilding="0"/>
  </mem-info>
</gc-end>
<cycle-end id="13" type="partial gc" contextid="4" timestamp="2019-07-02T19:17:19.863">
  <attribute name="GC Util" value="28" />
  <attribute name="CPU Util" value="20786187955377" />
  <attribute name="Time Running"value="411"/>
  <attribute name="Number of cores"value="4"/>
</cycle-end>
<exclusive-end id="14" timestamp="2019-07-02T19:17:19.863" durationms="12.357" />

<exclusive-start id="15" timestamp="2019-07-02T19:17:20.042" intervalms="191.530">
  <response-info timems="0.057" idlems="0.057" threads="0" lastid="00000000017C2700" lastname="main" />
</exclusive-start>
<sys-start reason="explicit" id="16" timestamp="2019-07-02T19:17:20.042" intervalms="702.897" />
<cycle-start id="17" type="global garbage collect" contextid="0" timestamp="2019-07-02T19:17:20.043" intervalms="703.141" />
  <attribute name="GC Util" value="28" />
  <attribute name="CPU Util" value="20786187955377" />
  <attribute name="Time Running"value="411"/>
  <attribute name="Number of cores"value="4"/>
<gc-start id="18" type="global garbage collect" contextid="17" timestamp="2019-07-02T19:17:20.043">
  <mem-info id="19" free="643512" total="8388608" percent="7">
    <mem type="eden" free="643592" total="7340032" percent="8" />
    <remembered-set count="1664" freebytes="328192" totalbytes="334848" percent="98" regionsoverflowed="0" regionsstable="0" regionsrebuilding="0"/>
  </mem-info>
</gc-start>
<allocation-stats totalBytes="5641096" >
  <allocated-bytes non-tlh="129784" tlh="5511312" arrayletleaf="0"/>
  <largest-consumer threadName="main" threadId="00000000017C2700" bytes="5616784" />
</allocation-stats>
<gc-op id="20" type="global mark" timems="2.811" contextid="17" timestamp="2019-07-02T19:17:20.046">
  <trace-info objectcount="29627" scancount="23197" scanbytes="869860" />
  <finalization candidates="20" enqueued="0" />
  <references type="soft" candidates="133" cleared="0" enqueued="0" dynamicThreshold="24" maxThreshold="32" />
  <references type="weak" candidates="197" cleared="29" enqueued="29" />
  <references type="phantom" candidates="85" cleared="2" enqueued="2" />
  <stringconstants candidates="3521" cleared="22"  />
</gc-op>
<gc-op id="21" type="classunload" timems="0.002" contextid="17" timestamp="2019-07-02T19:17:20.046">
  <classunload-info classloadercandidates="19" classloadersunloaded="0" classesunloaded="0" anonymousclassesunloaded="0" quiescems="0.000" setupms="0.002" scanms="0.000" postms="0.000" />
</gc-op>
<gc-op id="22" type="sweep" timems="0.381" contextid="17" timestamp="2019-07-02T19:17:20.047" />
<gc-op id="23" type="compact" timems="3.539" contextid="17" timestamp="2019-07-02T19:17:20.050">
  <compact-info movecount="29607" movebytes="1958848" />
  <remembered-set-cleared processed="9157" cleared="9157" durationms="0.068" />
</gc-op>
<gc-end id="24" type="global garbage collect" contextid="17" durationms="7.792" usertimems="8.000" systemtimems="0.000" timestamp="2019-07-02T19:17:20.051" activeThreads="4">
  <mem-info id="25" free="5242880" total="8388608" percent="62">
    <pending-finalizers system="0" default="0" reference="31" classloader="0" />
    <remembered-set count="3072" freebytes="322560" totalbytes="334848" percent="96" regionsoverflowed="0" regionsstable="0" regionsrebuilding="0"/>
  </mem-info>
</gc-end>
<cycle-end id="26" type="global garbage collect" contextid="17" timestamp="2019-07-02T19:17:20.051">
  <attribute name="GC Util" value="30" />
  <attribute name="CPU Util" value="33710292631999" />
  <attribute name="Time Running"value="601"/>
  <attribute name="Number of cores"value="4"/>
</cycle-end>
<sys-end id="27" timestamp="2019-07-02T19:17:20.051" />
<exclusive-end id="28" timestamp="2019-07-02T19:17:20.051" durationms="8.938" />

<exclusive-start id="29" timestamp="2019-07-02T19:17:20.177" intervalms="134.502">
  <response-info timems="0.028" idlems="0.028" threads="0" lastid="0000000001AEFD00" lastname="Thread-4" />
</exclusive-start>
<allocation-taxation id="30" taxation-threshold="5242880" timestamp="2019-07-02T19:17:20.177" intervalms="325.829" />
<cycle-start id="31" type="partial gc" contextid="0" timestamp="2019-07-02T19:17:20.177" intervalms="325.653" />
  <attribute name="GC Util" value="30" />
  <attribute name="CPU Util" value="33710292631999" />
  <attribute name="Time Running"value="601"/>
  <attribute name="Number of cores"value="4"/>
<gc-start id="32" type="partial gc" contextid="31" timestamp="2019-07-02T19:17:20.177">
  <mem-info id="33" free="0" total="8388608" percent="0">
    <mem type="eden" free="0" total="5242880" percent="0" />
    <remembered-set count="2912" freebytes="323200" totalbytes="334848" percent="96" regionsoverflowed="0" regionsstable="0" regionsrebuilding="0"/>
  </mem-info>
</gc-start>
<allocation-stats totalBytes="5217424" >
  <allocated-bytes non-tlh="345560" tlh="4871864" arrayletleaf="0"/>
  <largest-consumer threadName="Thread-5" threadId="0000000001AF3900" bytes="1549088" />
</allocation-stats>
<gc-op id="34" type="mark" timems="1.410" contextid="31" timestamp="2019-07-02T19:17:20.179">
  <trace-info objectcount="10583" scancount="8094" scanbytes="666340" />
  <cardclean-info objects="1436" bytes="65148" />
  <remembered-set-cleared processed="2187" cleared="222" durationms="0.066" />
  <finalization candidates="7" enqueued="2" />
  <references type="soft" candidates="31" cleared="0" enqueued="0" dynamicThreshold="20" maxThreshold="32" />
  <references type="weak" candidates="139" cleared="27" enqueued="26" />
  <references type="phantom" candidates="11" cleared="0" enqueued="0" />
  <stringconstants candidates="3926" cleared="0"  />
  <warning details="Mark invoked due to insufficient free space for Copy-Forward" />
</gc-op>
<gc-op id="35" type="classunload" timems="2.323" contextid="31" timestamp="2019-07-02T19:17:20.181">
  <classunload-info classloadercandidates="19" classloadersunloaded="0" classesunloaded="1" anonymousclassesunloaded="1" quiescems="1.987" setupms="0.329" scanms="1.991" postms="0.002" />
</gc-op>
<gc-op id="36" type="sweep" timems="0.342" contextid="31" timestamp="2019-07-02T19:17:20.182" />
<gc-op id="37" type="compact" timems="1.502" contextid="31" timestamp="2019-07-02T19:17:20.184">
  <compact-info movecount="10540" movebytes="1118272" />
  <remembered-set-cleared processed="5608" cleared="1635" durationms="0.066" />
</gc-op>
<heap-resize id="38" type="expand" space="default" amount="3145728" count="1" timems="0.076" reason="insufficient free space following gc" timestamp="2019-07-02T19:17:20.184" />
<gc-end id="39" type="partial gc" contextid="31" durationms="6.744" usertimems="4.000" systemtimems="4.000" timestamp="2019-07-02T19:17:20.184" activeThreads="4">
  <mem-info id="40" free="6291456" total="11534336" percent="54">
    <mem type="eden" free="975936" total="2097152" percent="46" />
    <pending-finalizers system="2" default="0" reference="26" classloader="0" />
    <remembered-set count="4256" freebytes="443392" totalbytes="460416" percent="96" regionsoverflowed="0" regionsstable="0" regionsrebuilding="0"/>
  </mem-info>
</gc-end>
<cycle-end id="41" type="partial gc" contextid="31" timestamp="2019-07-02T19:17:20.184">
  <attribute name="GC Util" value="29" />
  <attribute name="CPU Util" value="33272927780051" />
  <attribute name="Time Running"value="736"/>
  <attribute name="Number of cores"value="4"/>
</cycle-end>
<exclusive-end id="42" timestamp="2019-07-02T19:17:20.184" durationms="7.405" />

<exclusive-start id="43" timestamp="2019-07-02T19:17:20.250" intervalms="73.068">
  <response-info timems="0.030" idlems="0.030" threads="0" lastid="0000000001AF3900" lastname="Thread-5" />
</exclusive-start>
<allocation-taxation id="44" taxation-threshold="3145728" timestamp="2019-07-02T19:17:20.250" intervalms="73.056" />
<cycle-start id="45" type="global mark phase" contextid="0" timestamp="2019-07-02T19:17:20.250" intervalms="910.419" />
  <attribute name="GC Util" value="29" />
  <attribute name="CPU Util" value="33272927780051" />
  <attribute name="Time Running"value="736"/>
  <attribute name="Number of cores"value="4"/>
<gc-start id="46" type="global mark phase" contextid="45" timestamp="2019-07-02T19:17:20.250">
  <mem-info id="47" free="3145728" total="11534336" percent="27">
    <remembered-set count="4096" freebytes="444032" totalbytes="460416" percent="96" regionsoverflowed="0" regionsstable="0" regionsrebuilding="0"/>
  </mem-info>
</gc-start>
<gc-op id="48" type="mark increment" timems="0.549" contextid="45" timestamp="2019-07-02T19:17:20.251">
  <trace-info objectcount="221" scancount="0" scanbytes="0" />
</gc-op>
<gc-end id="49" type="global mark phase" contextid="45" durationms="0.645" usertimems="4.000" systemtimems="0.000" timestamp="2019-07-02T19:17:20.251" activeThreads="4">
  <mem-info id="50" free="3145728" total="11534336" percent="27">
    <remembered-set count="4096" freebytes="444032" totalbytes="460416" percent="96" regionsoverflowed="0" regionsstable="0" regionsrebuilding="0"/>
  </mem-info>
</gc-end>
<concurrent-start id="51" type="GMP work packet processing" contextid="45" timestamp="2019-07-02T19:17:20.251">
  <concurrent-mark-start scanTarget="18446744073709551615" />
</concurrent-start>
<exclusive-end id="52" timestamp="2019-07-02T19:17:20.251" durationms="0.962" />

<concurrent-end id="53" type="GMP work packet processing" contextid="45" timestamp="2019-07-02T19:17:20.252">
  <concurrent-mark-end bytesScanned="1614520" reasonForTermination="Completed all work in GC phase" />
</concurrent-end>

<exclusive-start id="54" timestamp="2019-07-02T19:17:20.306" intervalms="55.883">
  <response-info timems="0.039" idlems="0.039" threads="0" lastid="0000000001AEFD00" lastname="Thread-4" />
</exclusive-start>
<allocation-taxation id="55" taxation-threshold="3145728" timestamp="2019-07-02T19:17:20.306" intervalms="55.898" />
<cycle-start id="56" type="partial gc" contextid="0" timestamp="2019-07-02T19:17:20.306" intervalms="128.957" />
  <attribute name="GC Util" value="211" />
  <attribute name="CPU Util" value="45576324963582" />
  <attribute name="Time Running"value="805"/>
  <attribute name="Number of cores"value="4"/>
<gc-start id="57" type="partial gc" contextid="56" timestamp="2019-07-02T19:17:20.306">
  <mem-info id="58" free="0" total="11534336" percent="0">
    <mem type="eden" free="0" total="7340032" percent="0" />
    <remembered-set count="4096" freebytes="444032" totalbytes="460416" percent="96" regionsoverflowed="0" regionsstable="0" regionsrebuilding="0"/>
  </mem-info>
</gc-start>
<allocation-stats totalBytes="6215840" >
  <allocated-bytes non-tlh="33936" tlh="6181904" arrayletleaf="0"/>
  <largest-consumer threadName="Thread-5" threadId="0000000001AF3900" bytes="1452224" />
</allocation-stats>
<gc-op id="59" type="mark" timems="1.528" contextid="56" timestamp="2019-07-02T19:17:20.308">
  <trace-info objectcount="9911" scancount="7604" scanbytes="688704" />
  <cardclean-info objects="922" bytes="49780" />
  <remembered-set-cleared processed="2825" cleared="907" durationms="0.070" />
  <finalization candidates="5" enqueued="0" />
  <references type="soft" candidates="31" cleared="0" enqueued="0" dynamicThreshold="8" maxThreshold="32" />
  <references type="weak" candidates="112" cleared="1" enqueued="1" />
  <references type="phantom" candidates="11" cleared="0" enqueued="0" />
  <stringconstants candidates="3946" cleared="0"  />
  <warning details="Mark invoked due to insufficient free space for Copy-Forward" />
</gc-op>
<gc-op id="60" type="classunload" timems="0.002" contextid="56" timestamp="2019-07-02T19:17:20.308">
  <classunload-info classloadercandidates="20" classloadersunloaded="0" classesunloaded="0" anonymousclassesunloaded="0" quiescems="0.000" setupms="0.002" scanms="0.000" postms="0.000" />
</gc-op>
<gc-op id="61" type="sweep" timems="0.350" contextid="56" timestamp="2019-07-02T19:17:20.309" />
<gc-op id="62" type="compact" timems="1.672" contextid="56" timestamp="2019-07-02T19:17:20.311">
  <compact-info movecount="9911" movebytes="1266104" />
  <remembered-set-cleared processed="6332" cleared="2490" durationms="0.070" />
</gc-op>
<gc-end id="63" type="partial gc" contextid="56" durationms="4.745" usertimems="4.000" systemtimems="0.000" timestamp="2019-07-02T19:17:20.311" activeThreads="4">
  <mem-info id="64" free="6291456" total="11534336" percent="54">
    <mem type="eden" free="194952" total="1048576" percent="18" />
    <pending-finalizers system="0" default="0" reference="1" classloader="0" />
    <remembered-set count="4672" freebytes="441728" totalbytes="460416" percent="95" regionsoverflowed="0" regionsstable="0" regionsrebuilding="0"/>
  </mem-info>
</gc-end>
<cycle-end id="65" type="partial gc" contextid="56" timestamp="2019-07-02T19:17:20.311">
  <attribute name="GC Util" value="27" />
  <attribute name="CPU Util" value="30662092422422" />
  <attribute name="Time Running"value="863"/>
  <attribute name="Number of cores"value="4"/>
</cycle-end>
<exclusive-end id="66" timestamp="2019-07-02T19:17:20.311" durationms="5.415" />

<exclusive-start id="67" timestamp="2019-07-02T19:17:20.385" intervalms="79.406">
  <response-info timems="0.070" idlems="0.044" threads="1" lastid="00000000017CDB00" lastname="JIT Compilation Thread-2" />
</exclusive-start>
<allocation-taxation id="68" taxation-threshold="3145728" timestamp="2019-07-02T19:17:20.385" intervalms="79.409" />
<gc-start id="69" type="global mark phase" contextid="45" timestamp="2019-07-02T19:17:20.385">
  <mem-info id="70" free="3145728" total="11534336" percent="27">
    <remembered-set count="4672" freebytes="441728" totalbytes="460416" percent="95" regionsoverflowed="0" regionsstable="0" regionsrebuilding="0"/>
  </mem-info>
</gc-start>
<gc-op id="71" type="mark increment" timems="1.727" contextid="45" timestamp="2019-07-02T19:17:20.387">
  <trace-info objectcount="9333" scancount="7126" scanbytes="603428" />
  <cardclean-info objects="1628" bytes="79108" />
  <finalization candidates="25" enqueued="0" />
  <references type="soft" candidates="164" cleared="0" enqueued="0" dynamicThreshold="17" maxThreshold="32" />
  <references type="weak" candidates="280" cleared="0" enqueued="0" />
  <references type="phantom" candidates="95" cleared="2" enqueued="2" />
  <stringconstants candidates="3947" cleared="0"  />
</gc-op>
<gc-op id="72" type="classunload" timems="0.004" contextid="45" timestamp="2019-07-02T19:17:20.387">
  <classunload-info classloadercandidates="20" classloadersunloaded="0" classesunloaded="0" anonymousclassesunloaded="0" quiescems="0.000" setupms="0.004" scanms="0.000" postms="0.000" />
</gc-op>
<gc-end id="73" type="global mark phase" contextid="45" durationms="1.979" usertimems="4.000" systemtimems="0.000" timestamp="2019-07-02T19:17:20.387" activeThreads="4">
  <mem-info id="74" free="3145728" total="11534336" percent="27">
    <pending-finalizers system="0" default="0" reference="2" classloader="0" />
    <remembered-set count="4672" freebytes="441728" totalbytes="460416" percent="95" regionsoverflowed="0" regionsstable="0" regionsrebuilding="0"/>
  </mem-info>
</gc-end>
<cycle-end id="75" type="global mark phase" contextid="45" timestamp="2019-07-02T19:17:20.387">
  <attribute name="GC Util" value="71" />
  <attribute name="CPU Util" value="39869852358260" />
  <attribute name="Time Running"value="941"/>
  <attribute name="Number of cores"value="4"/>
</cycle-end>
<exclusive-end id="76" timestamp="2019-07-02T19:17:20.387" durationms="2.312" />

<exclusive-start id="77" timestamp="2019-07-02T19:17:20.474" intervalms="88.421">
  <response-info timems="0.156" idlems="0.156" threads="0" lastid="0000000001AF7500" lastname="Thread-6" />
</exclusive-start>
<allocation-taxation id="78" taxation-threshold="3145728" timestamp="2019-07-02T19:17:20.474" intervalms="88.452" />
<cycle-start id="79" type="partial gc" contextid="0" timestamp="2019-07-02T19:17:20.474" intervalms="167.896" />
  <attribute name="GC Util" value="71" />
  <attribute name="CPU Util" value="39869852358260" />
  <attribute name="Time Running"value="941"/>
  <attribute name="Number of cores"value="4"/>
<gc-start id="80" type="partial gc" contextid="79" timestamp="2019-07-02T19:17:20.474">
  <mem-info id="81" free="0" total="11534336" percent="0">
    <mem type="eden" free="0" total="6291456" percent="0" />
    <remembered-set count="4672" freebytes="441728" totalbytes="460416" percent="95" regionsoverflowed="0" regionsstable="0" regionsrebuilding="0"/>
  </mem-info>
</gc-start>
<allocation-stats totalBytes="6160640" >
  <allocated-bytes non-tlh="32816" tlh="6127824" arrayletleaf="0"/>
  <largest-consumer threadName="Thread-5" threadId="0000000001AF3900" bytes="911176" />
</allocation-stats>
<gc-op id="82" type="sweep" timems="0.474" contextid="79" timestamp="2019-07-02T19:17:20.475" />
<gc-op id="83" type="mark" timems="1.263" contextid="79" timestamp="2019-07-02T19:17:20.477">
  <trace-info objectcount="2547" scancount="1968" scanbytes="370096" />
  <cardclean-info objects="1125" bytes="57120" />
  <remembered-set-cleared processed="3138" cleared="668" durationms="0.076" />
  <references type="phantom" candidates="2" cleared="0" enqueued="0" />
  <stringconstants candidates="3947" cleared="0"  />
  <warning details="Mark invoked due to insufficient free space for Copy-Forward" />
</gc-op>
<gc-op id="84" type="classunload" timems="0.002" contextid="79" timestamp="2019-07-02T19:17:20.477">
  <classunload-info classloadercandidates="20" classloadersunloaded="0" classesunloaded="0" anonymousclassesunloaded="0" quiescems="0.000" setupms="0.001" scanms="0.000" postms="0.000" />
</gc-op>
<gc-op id="85" type="sweep" timems="0.386" contextid="79" timestamp="2019-07-02T19:17:20.477" />
<gc-op id="86" type="compact" timems="1.158" contextid="79" timestamp="2019-07-02T19:17:20.479">
  <compact-info movecount="2401" movebytes="813288" />
  <remembered-set-cleared processed="6516" cleared="1502" durationms="0.076" />
</gc-op>
<heap-resize id="87" type="contract" space="default" amount="1048576" count="1" timems="0.222" reason="insufficient time being spent in gc" timestamp="2019-07-02T19:17:20.479" />
<gc-end id="88" type="partial gc" contextid="79" durationms="5.350" usertimems="8.000" systemtimems="0.000" timestamp="2019-07-02T19:17:20.479" activeThreads="4">
  <mem-info id="89" free="4194304" total="10485760" percent="40">
    <mem type="eden" free="250168" total="1048576" percent="23" />
    <remembered-set count="4384" freebytes="442880" totalbytes="460416" percent="96" regionsoverflowed="0" regionsstable="0" regionsrebuilding="0"/>
  </mem-info>
</gc-end>
<cycle-end id="90" type="partial gc" contextid="79" timestamp="2019-07-02T19:17:20.480">
  <attribute name="GC Util" value="29" />
  <attribute name="CPU Util" value="30543900026213" />
  <attribute name="Time Running"value="1032"/>
  <attribute name="Number of cores"value="4"/>
</cycle-end>
<exclusive-end id="91" timestamp="2019-07-02T19:17:20.480" durationms="6.238" />

<exclusive-start id="92" timestamp="2019-07-02T19:17:20.563" intervalms="89.901">
  <response-info timems="0.061" idlems="0.061" threads="0" lastid="0000000001AF3900" lastname="Thread-5" />
</exclusive-start>
<allocation-taxation id="93" taxation-threshold="4194304" timestamp="2019-07-02T19:17:20.564" intervalms="89.890" />
<cycle-start id="94" type="partial gc" contextid="0" timestamp="2019-07-02T19:17:20.564" intervalms="89.875" />
  <attribute name="GC Util" value="29" />
  <attribute name="CPU Util" value="30543900026213" />
  <attribute name="Time Running"value="1032"/>
  <attribute name="Number of cores"value="4"/>
<gc-start id="95" type="partial gc" contextid="94" timestamp="2019-07-02T19:17:20.564">
  <mem-info id="96" free="0" total="10485760" percent="0">
    <mem type="eden" free="0" total="4194304" percent="0" />
    <remembered-set count="4064" freebytes="444160" totalbytes="460416" percent="96" regionsoverflowed="0" regionsstable="0" regionsrebuilding="0"/>
  </mem-info>
</gc-start>
<allocation-stats totalBytes="4180392" >
  <allocated-bytes non-tlh="0" tlh="4180392" arrayletleaf="0"/>
  <largest-consumer threadName="Thread-6" threadId="0000000001AF7500" bytes="1223176" />
</allocation-stats>
<gc-op id="97" type="mark" timems="1.268" contextid="94" timestamp="2019-07-02T19:17:20.566">
  <trace-info objectcount="2657" scancount="2112" scanbytes="421412" />
  <cardclean-info objects="3354" bytes="177768" />
  <remembered-set-cleared processed="2346" cleared="816" durationms="0.063" />
  <stringconstants candidates="3947" cleared="0"  />
  <warning details="Mark invoked due to insufficient free space for Copy-Forward" />
</gc-op>
<gc-op id="98" type="classunload" timems="0.002" contextid="94" timestamp="2019-07-02T19:17:20.566">
  <classunload-info classloadercandidates="20" classloadersunloaded="0" classesunloaded="0" anonymousclassesunloaded="0" quiescems="0.000" setupms="0.002" scanms="0.000" postms="0.000" />
</gc-op>
<gc-op id="99" type="sweep" timems="0.424" contextid="94" timestamp="2019-07-02T19:17:20.566" />
<gc-op id="100" type="compact" timems="1.736" contextid="94" timestamp="2019-07-02T19:17:20.568">
  <compact-info movecount="7509" movebytes="1258456" />
  <remembered-set-cleared processed="4833" cleared="2812" durationms="0.072" />
</gc-op>
<heap-resize id="101" type="expand" space="default" amount="3145728" count="1" timems="0.064" reason="insufficient free space following gc" timestamp="2019-07-02T19:17:20.568" />
<gc-end id="102" type="partial gc" contextid="94" durationms="4.840" usertimems="4.000" systemtimems="0.000" timestamp="2019-07-02T19:17:20.569" activeThreads="4">
  <mem-info id="103" free="6291456" total="13631488" percent="46">
    <mem type="eden" free="32056" total="1048576" percent="3" />
    <remembered-set count="4896" freebytes="524544" totalbytes="544128" percent="96" regionsoverflowed="0" regionsstable="0" regionsrebuilding="0"/>
  </mem-info>
</gc-end>
<cycle-end id="104" type="partial gc" contextid="94" timestamp="2019-07-02T19:17:20.569">
  <attribute name="GC Util" value="27" />
  <attribute name="CPU Util" value="28825694976520" />
  <attribute name="Time Running"value="1121"/>
  <attribute name="Number of cores"value="4"/>
</cycle-end>
<exclusive-end id="105" timestamp="2019-07-02T19:17:20.569" durationms="5.699" />

<exclusive-start id="106" timestamp="2019-07-02T19:17:20.614" intervalms="50.378">
  <response-info timems="0.033" idlems="0.033" threads="0" lastid="0000000001AF7500" lastname="Thread-6" />
</exclusive-start>
<allocation-taxation id="107" taxation-threshold="3145728" timestamp="2019-07-02T19:17:20.614" intervalms="50.353" />
<cycle-start id="108" type="global mark phase" contextid="0" timestamp="2019-07-02T19:17:20.614" intervalms="364.018" />
  <attribute name="GC Util" value="27" />
  <attribute name="CPU Util" value="28825694976520" />
  <attribute name="Time Running"value="1121"/>
  <attribute name="Number of cores"value="4"/>
<gc-start id="109" type="global mark phase" contextid="108" timestamp="2019-07-02T19:17:20.614">
  <mem-info id="110" free="3145728" total="13631488" percent="23">
    <remembered-set count="4608" freebytes="525696" totalbytes="544128" percent="96" regionsoverflowed="0" regionsstable="0" regionsrebuilding="0"/>
  </mem-info>
</gc-start>
<gc-op id="111" type="mark increment" timems="0.444" contextid="108" timestamp="2019-07-02T19:17:20.615">
  <trace-info objectcount="213" scancount="0" scanbytes="0" />
</gc-op>
<gc-end id="112" type="global mark phase" contextid="108" durationms="0.557" usertimems="4.000" systemtimems="0.000" timestamp="2019-07-02T19:17:20.615" activeThreads="4">
  <mem-info id="113" free="3145728" total="13631488" percent="23">
    <remembered-set count="4608" freebytes="525696" totalbytes="544128" percent="96" regionsoverflowed="0" regionsstable="0" regionsrebuilding="0"/>
  </mem-info>
</gc-end>
<concurrent-start id="114" type="GMP work packet processing" contextid="108" timestamp="2019-07-02T19:17:20.615">
  <concurrent-mark-start scanTarget="18446744073709551615" />
</concurrent-start>
<exclusive-end id="115" timestamp="2019-07-02T19:17:20.615" durationms="0.918" />

<concurrent-end id="116" type="GMP work packet processing" contextid="108" timestamp="2019-07-02T19:17:20.616">
  <concurrent-mark-end bytesScanned="1556272" reasonForTermination="Completed all work in GC phase" />
</concurrent-end>

<exclusive-start id="117" timestamp="2019-07-02T19:17:20.653" intervalms="38.710">
  <response-info timems="0.028" idlems="0.028" threads="0" lastid="0000000001AEFD00" lastname="Thread-4" />
</exclusive-start>
<allocation-taxation id="118" taxation-threshold="3145728" timestamp="2019-07-02T19:17:20.653" intervalms="38.706" />
<cycle-start id="119" type="partial gc" contextid="0" timestamp="2019-07-02T19:17:20.653" intervalms="89.033" />
  <attribute name="GC Util" value="193" />
  <attribute name="CPU Util" value="53708253222560" />
  <attribute name="Time Running"value="1169"/>
  <attribute name="Number of cores"value="4"/>
<gc-start id="120" type="partial gc" contextid="119" timestamp="2019-07-02T19:17:20.653">
  <mem-info id="121" free="0" total="13631488" percent="0">
    <mem type="eden" free="0" total="6291456" percent="0" />
    <remembered-set count="4608" freebytes="525696" totalbytes="544128" percent="96" regionsoverflowed="0" regionsstable="0" regionsrebuilding="0"/>
  </mem-info>
</gc-start>
<allocation-stats totalBytes="6202216" >
  <allocated-bytes non-tlh="0" tlh="6202216" arrayletleaf="0"/>
  <largest-consumer threadName="Thread-4" threadId="0000000001AEFD00" bytes="1094632" />
</allocation-stats>
<gc-op id="122" type="mark" timems="1.275" contextid="119" timestamp="2019-07-02T19:17:20.655">
  <trace-info objectcount="2236" scancount="1769" scanbytes="338344" />
  <cardclean-info objects="1091" bytes="55604" />
  <remembered-set-cleared processed="3299" cleared="673" durationms="0.062" />
  <references type="weak" candidates="1" cleared="0" enqueued="0" />
  <references type="phantom" candidates="1" cleared="0" enqueued="0" />
  <stringconstants candidates="3947" cleared="0"  />
  <warning details="Mark invoked due to insufficient free space for Copy-Forward" />
</gc-op>
<gc-op id="123" type="classunload" timems="0.002" contextid="119" timestamp="2019-07-02T19:17:20.655">
  <classunload-info classloadercandidates="20" classloadersunloaded="0" classesunloaded="0" anonymousclassesunloaded="0" quiescems="0.000" setupms="0.001" scanms="0.000" postms="0.000" />
</gc-op>
<gc-op id="124" type="sweep" timems="0.350" contextid="119" timestamp="2019-07-02T19:17:20.655" />
<gc-op id="125" type="compact" timems="0.997" contextid="119" timestamp="2019-07-02T19:17:20.656">
  <compact-info movecount="2236" movebytes="804384" />
  <remembered-set-cleared processed="6757" cleared="1359" durationms="0.062" />
</gc-op>
<heap-resize id="126" type="expand" space="default" amount="2097152" count="1" timems="0.061" reason="insufficient free space following gc" timestamp="2019-07-02T19:17:20.657" />
<gc-end id="127" type="partial gc" contextid="119" durationms="3.828" usertimems="4.000" systemtimems="4.000" timestamp="2019-07-02T19:17:20.657" activeThreads="4">
  <mem-info id="128" free="7340032" total="15728640" percent="46">
    <mem type="eden" free="244952" total="1048576" percent="23" />
    <remembered-set count="4800" freebytes="608640" totalbytes="627840" percent="96" regionsoverflowed="0" regionsstable="0" regionsrebuilding="0"/>
  </mem-info>
</gc-end>
<cycle-end id="129" type="partial gc" contextid="119" timestamp="2019-07-02T19:17:20.657">
  <attribute name="GC Util" value="26" />
  <attribute name="CPU Util" value="32986500986149" />
  <attribute name="Time Running"value="1210"/>
  <attribute name="Number of cores"value="4"/>
</cycle-end>
<exclusive-end id="130" timestamp="2019-07-02T19:17:20.657" durationms="4.552" />

<exclusive-start id="131" timestamp="2019-07-02T19:17:20.673" intervalms="20.930">
  <response-info timems="0.068" idlems="0.042" threads="1" lastid="0000000001AF3900" lastname="Thread-5" />
</exclusive-start>
<allocation-taxation id="132" taxation-threshold="3145728" timestamp="2019-07-02T19:17:20.674" intervalms="20.921" />
<gc-start id="133" type="global mark phase" contextid="108" timestamp="2019-07-02T19:17:20.674">
  <mem-info id="134" free="4194304" total="15728640" percent="26">
    <remembered-set count="4544" freebytes="609664" totalbytes="627840" percent="97" regionsoverflowed="0" regionsstable="0" regionsrebuilding="0"/>
  </mem-info>
</gc-start>
<gc-op id="135" type="mark increment" timems="1.110" contextid="108" timestamp="2019-07-02T19:17:20.675">
  <trace-info objectcount="2542" scancount="2032" scanbytes="466524" />
  <cardclean-info objects="1376" bytes="138328" />
  <finalization candidates="25" enqueued="0" />
  <references type="soft" candidates="164" cleared="0" enqueued="0" dynamicThreshold="14" maxThreshold="32" />
  <references type="weak" candidates="279" cleared="0" enqueued="0" />
  <references type="phantom" candidates="93" cleared="0" enqueued="0" />
  <stringconstants candidates="3947" cleared="0"  />
</gc-op>
<gc-op id="136" type="classunload" timems="0.003" contextid="108" timestamp="2019-07-02T19:17:20.675">
  <classunload-info classloadercandidates="20" classloadersunloaded="0" classesunloaded="0" anonymousclassesunloaded="0" quiescems="0.000" setupms="0.003" scanms="0.000" postms="0.000" />
</gc-op>
<gc-end id="137" type="global mark phase" contextid="108" durationms="1.313" usertimems="0.000" systemtimems="0.000" timestamp="2019-07-02T19:17:20.675" activeThreads="4">
  <mem-info id="138" free="4194304" total="15728640" percent="26">
    <remembered-set count="4544" freebytes="609664" totalbytes="627840" percent="97" regionsoverflowed="0" regionsstable="0" regionsrebuilding="0"/>
  </mem-info>
</gc-end>
<cycle-end id="139" type="global mark phase" contextid="108" timestamp="2019-07-02T19:17:20.675">
  <attribute name="GC Util" value="94" />
  <attribute name="CPU Util" value="87529865372529" />
  <attribute name="Time Running"value="1228"/>
  <attribute name="Number of cores"value="4"/>
</cycle-end>
<exclusive-end id="140" timestamp="2019-07-02T19:17:20.675" durationms="1.592" />

<exclusive-start id="141" timestamp="2019-07-02T19:17:20.705" intervalms="31.782">
  <response-info timems="0.033" idlems="0.033" threads="0" lastid="0000000001AEFD00" lastname="Thread-4" />
</exclusive-start>
<allocation-taxation id="142" taxation-threshold="3145728" timestamp="2019-07-02T19:17:20.705" intervalms="31.786" />
<cycle-start id="143" type="partial gc" contextid="0" timestamp="2019-07-02T19:17:20.705" intervalms="52.706" />
  <attribute name="GC Util" value="94" />
  <attribute name="CPU Util" value="87529865372529" />
  <attribute name="Time Running"value="1228"/>
  <attribute name="Number of cores"value="4"/>
<gc-start id="144" type="partial gc" contextid="143" timestamp="2019-07-02T19:17:20.706">
  <mem-info id="145" free="1048576" total="15728640" percent="6">
    <mem type="eden" free="0" total="6291456" percent="0" />
    <remembered-set count="4544" freebytes="609664" totalbytes="627840" percent="97" regionsoverflowed="0" regionsstable="0" regionsrebuilding="0"/>
  </mem-info>
</gc-start>
<allocation-stats totalBytes="6230840" >
  <allocated-bytes non-tlh="32776" tlh="6198064" arrayletleaf="0"/>
  <largest-consumer threadName="Thread-4" threadId="0000000001AEFD00" bytes="1340336" />
</allocation-stats>
<gc-op id="146" type="sweep" timems="0.349" contextid="143" timestamp="2019-07-02T19:17:20.706" />
<gc-op id="147" type="copy forward" timems="3.238" contextid="143" timestamp="2019-07-02T19:17:20.710">
  <memory-copied type="eden" objects="1522" bytes="564208" bytesdiscarded="31802" />
  <memory-copied type="other" objects="1307" bytes="561544" bytesdiscarded="105070" />
  <memory-cardclean objects="1088" bytes="55808" />
  <remembered-set-cleared processed="3329" cleared="657" durationms="0.073" />
  <stringconstants candidates="3947" cleared="0"  />
  <heap-resize type="expand" space="default" amount="3145728" count="3" timems="0.286" reason="continue current collection" />
</gc-op>
<gc-op id="148" type="classunload" timems="0.002" contextid="143" timestamp="2019-07-02T19:17:20.710">
  <classunload-info classloadercandidates="20" classloadersunloaded="0" classesunloaded="0" anonymousclassesunloaded="0" quiescems="0.000" setupms="0.002" scanms="0.000" postms="0.000" />
</gc-op>
<heap-resize id="149" type="expand" space="default" amount="1048576" count="1" timems="0.051" reason="insufficient free space following gc" timestamp="2019-07-02T19:17:20.710" />
<gc-end id="150" type="partial gc" contextid="143" durationms="4.608" usertimems="0.000" systemtimems="4.000" timestamp="2019-07-02T19:17:20.710" activeThreads="4">
  <mem-info id="151" free="8388608" total="19922944" percent="42">
    <mem type="eden" free="1888080" total="3145728" percent="60" />
    <remembered-set count="5216" freebytes="774400" totalbytes="795264" percent="97" regionsoverflowed="0" regionsstable="0" regionsrebuilding="0"/>
  </mem-info>
</gc-end>
<cycle-end id="152" type="partial gc" contextid="143" timestamp="2019-07-02T19:17:20.710">
  <attribute name="GC Util" value="38" />
  <attribute name="CPU Util" value="73575373495227" />
  <attribute name="Time Running"value="1261"/>
  <attribute name="Number of cores"value="4"/>
</cycle-end>
<exclusive-end id="153" timestamp="2019-07-02T19:17:20.710" durationms="5.087" />

<exclusive-start id="154" timestamp="2019-07-02T19:17:20.780" intervalms="74.873">
  <response-info timems="0.036" idlems="0.036" threads="0" lastid="0000000001AF7500" lastname="Thread-6" />
</exclusive-start>
<allocation-taxation id="155" taxation-threshold="8388608" timestamp="2019-07-02T19:17:20.780" intervalms="74.880" />
<cycle-start id="156" type="partial gc" contextid="0" timestamp="2019-07-02T19:17:20.780" intervalms="74.884" />
  <attribute name="GC Util" value="38" />
  <attribute name="CPU Util" value="73575373495227" />
  <attribute name="Time Running"value="1261"/>
  <attribute name="Number of cores"value="4"/>
<gc-start id="157" type="partial gc" contextid="156" timestamp="2019-07-02T19:17:20.780">
  <mem-info id="158" free="0" total="19922944" percent="0">
    <mem type="eden" free="0" total="8388608" percent="0" />
    <remembered-set count="3200" freebytes="782464" totalbytes="795264" percent="98" regionsoverflowed="0" regionsstable="1" regionsrebuilding="0"/>
  </mem-info>
</gc-start>
<allocation-stats totalBytes="8343040" >
  <allocated-bytes non-tlh="32776" tlh="8310264" arrayletleaf="0"/>
  <largest-consumer threadName="Thread-6" threadId="0000000001AF7500" bytes="2827728" />
</allocation-stats>
<gc-op id="159" type="mark" timems="1.304" contextid="156" timestamp="2019-07-02T19:17:20.782">
  <trace-info objectcount="1891" scancount="1551" scanbytes="333492" />
  <cardclean-info objects="1109" bytes="56600" />
  <remembered-set-cleared processed="1713" cleared="438" durationms="0.077" />
  <stringconstants candidates="3947" cleared="0"  />
  <warning details="Mark invoked due to insufficient free space for Copy-Forward" />
</gc-op>
<gc-op id="160" type="classunload" timems="0.002" contextid="156" timestamp="2019-07-02T19:17:20.782">
  <classunload-info classloadercandidates="20" classloadersunloaded="0" classesunloaded="0" anonymousclassesunloaded="0" quiescems="0.000" setupms="0.002" scanms="0.000" postms="0.000" />
</gc-op>
<gc-op id="161" type="sweep" timems="0.320" contextid="156" timestamp="2019-07-02T19:17:20.783" />
<gc-op id="162" type="compact" timems="1.516" contextid="156" timestamp="2019-07-02T19:17:20.784">
  <compact-info movecount="1891" movebytes="750072" />
  <remembered-set-cleared processed="2508" cleared="1048" durationms="0.077" />
</gc-op>
<gc-end id="163" type="partial gc" contextid="156" durationms="4.153" usertimems="8.000" systemtimems="0.000" timestamp="2019-07-02T19:17:20.785" activeThreads="4">
  <mem-info id="164" free="9437184" total="19922944" percent="47">
    <mem type="eden" free="298912" total="1048576" percent="28" />
    <remembered-set count="3296" freebytes="782080" totalbytes="795264" percent="98" regionsoverflowed="0" regionsstable="1" regionsrebuilding="0"/>
  </mem-info>
</gc-end>
<cycle-end id="165" type="partial gc" contextid="156" timestamp="2019-07-02T19:17:20.785">
  <attribute name="GC Util" value="32" />
  <attribute name="CPU Util" value="36572310105577" />
  <attribute name="Time Running"value="1337"/>
  <attribute name="Number of cores"value="4"/>
</cycle-end>
<exclusive-end id="166" timestamp="2019-07-02T19:17:20.785" durationms="4.916" />

<exclusive-start id="167" timestamp="2019-07-02T19:17:20.874" intervalms="93.845">
  <response-info timems="0.031" idlems="0.031" threads="0" lastid="0000000001AF7500" lastname="Thread-6" />
</exclusive-start>
<allocation-taxation id="168" taxation-threshold="9437184" timestamp="2019-07-02T19:17:20.874" intervalms="93.847" />
<cycle-start id="169" type="partial gc" contextid="0" timestamp="2019-07-02T19:17:20.874" intervalms="93.847" />
  <attribute name="GC Util" value="32" />
  <attribute name="CPU Util" value="36572310105577" />
  <attribute name="Time Running"value="1337"/>
  <attribute name="Number of cores"value="4"/>
<gc-start id="170" type="partial gc" contextid="169" timestamp="2019-07-02T19:17:20.874">
  <mem-info id="171" free="0" total="19922944" percent="0">
    <mem type="eden" free="0" total="9437184" percent="0" />
    <remembered-set count="2848" freebytes="783872" totalbytes="795264" percent="98" regionsoverflowed="0" regionsstable="1" regionsrebuilding="0"/>
  </mem-info>
</gc-start>
<allocation-stats totalBytes="9302360" >
  <allocated-bytes non-tlh="0" tlh="9302360" arrayletleaf="0"/>
  <largest-consumer threadName="Thread-6" threadId="0000000001AF7500" bytes="3360128" />
</allocation-stats>
<gc-op id="172" type="mark" timems="0.894" contextid="169" timestamp="2019-07-02T19:17:20.876">
  <trace-info objectcount="1483" scancount="1202" scanbytes="351272" />
  <cardclean-info objects="997" bytes="51756" />
  <remembered-set-cleared processed="1656" cleared="399" durationms="0.059" />
  <stringconstants candidates="3947" cleared="0"  />
  <warning details="Mark invoked due to insufficient free space for Copy-Forward" />
</gc-op>
<gc-op id="173" type="classunload" timems="0.002" contextid="169" timestamp="2019-07-02T19:17:20.876">
  <classunload-info classloadercandidates="20" classloadersunloaded="0" classesunloaded="0" anonymousclassesunloaded="0" quiescems="0.000" setupms="0.002" scanms="0.000" postms="0.000" />
</gc-op>
<gc-op id="174" type="sweep" timems="0.297" contextid="169" timestamp="2019-07-02T19:17:20.876" />
<gc-op id="175" type="compact" timems="1.012" contextid="169" timestamp="2019-07-02T19:17:20.877">
  <compact-info movecount="1483" movebytes="758872" />
  <remembered-set-cleared processed="3378" cleared="748" durationms="0.059" />
</gc-op>
<gc-end id="176" type="partial gc" contextid="169" durationms="3.146" usertimems="4.000" systemtimems="0.000" timestamp="2019-07-02T19:17:20.877" activeThreads="4">
  <mem-info id="177" free="8388608" total="19922944" percent="42">
    <mem type="eden" free="290520" total="1048576" percent="27" />
    <remembered-set count="3520" freebytes="781184" totalbytes="795264" percent="98" regionsoverflowed="0" regionsstable="1" regionsrebuilding="0"/>
  </mem-info>
</gc-end>
<cycle-end id="178" type="partial gc" contextid="169" timestamp="2019-07-02T19:17:20.878">
  <attribute name="GC Util" value="29" />
  <attribute name="CPU Util" value="39156415708299" />
  <attribute name="Time Running"value="1430"/>
  <attribute name="Number of cores"value="4"/>
</cycle-end>
<exclusive-end id="179" timestamp="2019-07-02T19:17:20.878" durationms="3.857" />

<exclusive-start id="180" timestamp="2019-07-02T19:17:20.948" intervalms="74.330">
  <response-info timems="0.030" idlems="0.030" threads="0" lastid="0000000001AF3900" lastname="Thread-5" />
</exclusive-start>
<allocation-taxation id="181" taxation-threshold="8388608" timestamp="2019-07-02T19:17:20.948" intervalms="74.334" />
<cycle-start id="182" type="partial gc" contextid="0" timestamp="2019-07-02T19:17:20.948" intervalms="74.336" />
  <attribute name="GC Util" value="29" />
  <attribute name="CPU Util" value="39156415708299" />
  <attribute name="Time Running"value="1430"/>
  <attribute name="Number of cores"value="4"/>
<gc-start id="183" type="partial gc" contextid="182" timestamp="2019-07-02T19:17:20.949">
  <mem-info id="184" free="0" total="19922944" percent="0">
    <mem type="eden" free="0" total="8388608" percent="0" />
    <remembered-set count="3104" freebytes="782848" totalbytes="795264" percent="98" regionsoverflowed="0" regionsstable="1" regionsrebuilding="0"/>
  </mem-info>
</gc-start>
<allocation-stats totalBytes="8367200" >
  <allocated-bytes non-tlh="16392" tlh="8350808" arrayletleaf="0"/>
  <largest-consumer threadName="Thread-5" threadId="0000000001AF3900" bytes="2562224" />
</allocation-stats>
<gc-op id="185" type="mark" timems="1.141" contextid="182" timestamp="2019-07-02T19:17:20.950">
  <trace-info objectcount="2088" scancount="1660" scanbytes="337000" />
  <cardclean-info objects="1123" bytes="57104" />
  <remembered-set-cleared processed="1663" cleared="382" durationms="0.079" />
  <stringconstants candidates="3947" cleared="0"  />
  <warning details="Mark invoked due to insufficient free space for Copy-Forward" />
</gc-op>
<gc-op id="186" type="classunload" timems="0.002" contextid="182" timestamp="2019-07-02T19:17:20.950">
  <classunload-info classloadercandidates="20" classloadersunloaded="0" classesunloaded="0" anonymousclassesunloaded="0" quiescems="0.000" setupms="0.002" scanms="0.000" postms="0.000" />
</gc-op>
<gc-op id="187" type="sweep" timems="0.320" contextid="182" timestamp="2019-07-02T19:17:20.951" />
<gc-op id="188" type="compact" timems="1.087" contextid="182" timestamp="2019-07-02T19:17:20.952">
  <compact-info movecount="2088" movebytes="839488" />
  <remembered-set-cleared processed="3546" cleared="851" durationms="0.079" />
</gc-op>
<heap-resize id="189" type="expand" space="default" amount="2097152" count="1" timems="0.062" reason="insufficient free space following gc" timestamp="2019-07-02T19:17:20.952" />
<gc-end id="190" type="partial gc" contextid="182" durationms="3.753" usertimems="4.000" systemtimems="0.000" timestamp="2019-07-02T19:17:20.952" activeThreads="4">
  <mem-info id="191" free="9437184" total="22020096" percent="42">
    <mem type="eden" free="210040" total="1048576" percent="20" />
    <remembered-set count="3616" freebytes="864512" totalbytes="878976" percent="98" regionsoverflowed="0" regionsstable="1" regionsrebuilding="0"/>
  </mem-info>
</gc-end>
<cycle-end id="192" type="partial gc" contextid="182" timestamp="2019-07-02T19:17:20.953">
  <attribute name="GC Util" value="32" />
  <attribute name="CPU Util" value="35048866297430" />
  <attribute name="Time Running"value="1505"/>
  <attribute name="Number of cores"value="4"/>
</cycle-end>
<exclusive-end id="193" timestamp="2019-07-02T19:17:20.953" durationms="4.598" />

<exclusive-start id="194" timestamp="2019-07-02T19:17:20.989" intervalms="40.864">
  <response-info timems="0.029" idlems="0.029" threads="0" lastid="0000000001AF7500" lastname="Thread-6" />
</exclusive-start>
<allocation-taxation id="195" taxation-threshold="4194304" timestamp="2019-07-02T19:17:20.989" intervalms="40.853" />
<cycle-start id="196" type="global mark phase" contextid="0" timestamp="2019-07-02T19:17:20.989" intervalms="375.325" />
  <attribute name="GC Util" value="32" />
  <attribute name="CPU Util" value="35048866297430" />
  <attribute name="Time Running"value="1505"/>
  <attribute name="Number of cores"value="4"/>
<gc-start id="197" type="global mark phase" contextid="196" timestamp="2019-07-02T19:17:20.989">
  <mem-info id="198" free="5242880" total="22020096" percent="23">
    <remembered-set count="3200" freebytes="866176" totalbytes="878976" percent="98" regionsoverflowed="0" regionsstable="1" regionsrebuilding="0"/>
  </mem-info>
</gc-start>
<gc-op id="199" type="mark increment" timems="0.439" contextid="196" timestamp="2019-07-02T19:17:20.990">
  <trace-info objectcount="240" scancount="0" scanbytes="0" />
</gc-op>
<gc-end id="200" type="global mark phase" contextid="196" durationms="0.546" usertimems="0.000" systemtimems="4.000" timestamp="2019-07-02T19:17:20.990" activeThreads="4">
  <mem-info id="201" free="5242880" total="22020096" percent="23">
    <remembered-set count="3200" freebytes="866176" totalbytes="878976" percent="98" regionsoverflowed="0" regionsstable="0" regionsrebuilding="1"/>
  </mem-info>
</gc-end>
<concurrent-start id="202" type="GMP work packet processing" contextid="196" timestamp="2019-07-02T19:17:20.990">
  <concurrent-mark-start scanTarget="18446744073709551615" />
</concurrent-start>
<exclusive-end id="203" timestamp="2019-07-02T19:17:20.990" durationms="0.882" />

<concurrent-end id="204" type="GMP work packet processing" contextid="196" timestamp="2019-07-02T19:17:20.993">
  <concurrent-mark-end bytesScanned="1543948" reasonForTermination="Completed all work in GC phase" />
</concurrent-end>

<exclusive-start id="205" timestamp="2019-07-02T19:17:21.024" intervalms="34.557">
  <response-info timems="0.026" idlems="0.026" threads="0" lastid="0000000001AEC100" lastname="Thread-3" />
</exclusive-start>
<allocation-taxation id="206" taxation-threshold="4194304" timestamp="2019-07-02T19:17:21.024" intervalms="34.749" />
<cycle-start id="207" type="partial gc" contextid="0" timestamp="2019-07-02T19:17:21.024" intervalms="75.749" />
  <attribute name="GC Util" value="185" />
  <attribute name="CPU Util" value="52222891152886" />
  <attribute name="Time Running"value="1544"/>
  <attribute name="Number of cores"value="4"/>
<gc-start id="208" type="partial gc" contextid="207" timestamp="2019-07-02T19:17:21.024">
  <mem-info id="209" free="1048576" total="22020096" percent="4">
    <mem type="eden" free="210040" total="9437184" percent="2" />
    <remembered-set count="7584" freebytes="848640" totalbytes="878976" percent="96" regionsoverflowed="0" regionsstable="0" regionsrebuilding="1"/>
  </mem-info>
</gc-start>
<allocation-stats totalBytes="8321776" >
  <allocated-bytes non-tlh="32776" tlh="8289000" arrayletleaf="0"/>
  <largest-consumer threadName="Thread-6" threadId="0000000001AF7500" bytes="1441672" />
</allocation-stats>
<gc-op id="210" type="copy forward" timems="1.895" contextid="207" timestamp="2019-07-02T19:17:21.027">
  <memory-copied type="eden" objects="1930" bytes="820904" bytesdiscarded="168448" />
  <memory-copied type="other" objects="12" bytes="408" bytesdiscarded="0" />
  <memory-cardclean objects="1009" bytes="52840" />
  <remembered-set-cleared processed="6092" cleared="745" durationms="0.082" />
  <stringconstants candidates="3947" cleared="0"  />
  <heap-resize type="expand" space="default" amount="1048576" count="1" timems="0.071" reason="continue current collection" />
</gc-op>
<gc-op id="211" type="classunload" timems="0.002" contextid="207" timestamp="2019-07-02T19:17:21.027">
  <classunload-info classloadercandidates="20" classloadersunloaded="0" classesunloaded="0" anonymousclassesunloaded="0" quiescems="0.000" setupms="0.002" scanms="0.000" postms="0.000" />
</gc-op>
<gc-end id="212" type="partial gc" contextid="207" durationms="2.952" usertimems="4.000" systemtimems="0.000" timestamp="2019-07-02T19:17:21.027" activeThreads="4">
  <mem-info id="213" free="9437184" total="23068672" percent="40">
    <mem type="eden" free="1107328" total="2097152" percent="52" />
    <remembered-set count="8032" freebytes="888704" totalbytes="920832" percent="96" regionsoverflowed="0" regionsstable="0" regionsrebuilding="1"/>
  </mem-info>
</gc-end>
<cycle-end id="214" type="partial gc" contextid="207" timestamp="2019-07-02T19:17:21.028">
  <attribute name="GC Util" value="45" />
  <attribute name="CPU Util" value="58042030679819" />
  <attribute name="Time Running"value="1579"/>
  <attribute name="Number of cores"value="4"/>
</cycle-end>
<exclusive-end id="215" timestamp="2019-07-02T19:17:21.028" durationms="4.393" />

<exclusive-start id="216" timestamp="2019-07-02T19:17:21.062" intervalms="38.308">
  <response-info timems="0.025" idlems="0.025" threads="0" lastid="0000000001AEFD00" lastname="Thread-4" />
</exclusive-start>
<allocation-taxation id="217" taxation-threshold="4194304" timestamp="2019-07-02T19:17:21.062" intervalms="38.153" />
<gc-start id="218" type="global mark phase" contextid="196" timestamp="2019-07-02T19:17:21.062">
  <mem-info id="219" free="5242880" total="23068672" percent="22">
    <remembered-set count="7872" freebytes="889344" totalbytes="920832" percent="96" regionsoverflowed="0" regionsstable="0" regionsrebuilding="1"/>
  </mem-info>
</gc-start>
<gc-op id="220" type="mark increment" timems="1.146" contextid="196" timestamp="2019-07-02T19:17:21.063">
  <trace-info objectcount="2078" scancount="1633" scanbytes="365972" />
  <cardclean-info objects="1614" bytes="147628" />
  <finalization candidates="25" enqueued="0" />
  <references type="soft" candidates="164" cleared="0" enqueued="0" dynamicThreshold="13" maxThreshold="32" />
  <references type="weak" candidates="280" cleared="0" enqueued="0" />
  <references type="phantom" candidates="93" cleared="0" enqueued="0" />
  <stringconstants candidates="3947" cleared="0"  />
</gc-op>
<gc-op id="221" type="classunload" timems="0.003" contextid="196" timestamp="2019-07-02T19:17:21.063">
  <classunload-info classloadercandidates="20" classloadersunloaded="0" classesunloaded="0" anonymousclassesunloaded="0" quiescems="0.000" setupms="0.003" scanms="0.000" postms="0.000" />
</gc-op>
<gc-end id="222" type="global mark phase" contextid="196" durationms="1.350" usertimems="0.000" systemtimems="0.000" timestamp="2019-07-02T19:17:21.064" activeThreads="4">
  <mem-info id="223" free="5242880" total="23068672" percent="22">
    <remembered-set count="8384" freebytes="887296" totalbytes="920832" percent="96" regionsoverflowed="0" regionsstable="0" regionsrebuilding="0"/>
  </mem-info>
</gc-end>
<cycle-end id="224" type="global mark phase" contextid="196" timestamp="2019-07-02T19:17:21.064">
  <attribute name="GC Util" value="89" />
  <attribute name="CPU Util" value="95742689905490" />
  <attribute name="Time Running"value="1617"/>
  <attribute name="Number of cores"value="4"/>
</cycle-end>
<exclusive-end id="225" timestamp="2019-07-02T19:17:21.064" durationms="1.662" />

<exclusive-start id="226" timestamp="2019-07-02T19:17:21.097" intervalms="35.382">
  <response-info timems="0.057" idlems="0.057" threads="0" lastid="0000000001AF3900" lastname="Thread-5" />
</exclusive-start>
<allocation-taxation id="227" taxation-threshold="4194304" timestamp="2019-07-02T19:17:21.097" intervalms="35.344" />
<cycle-start id="228" type="partial gc" contextid="0" timestamp="2019-07-02T19:17:21.098" intervalms="73.343" />
  <attribute name="GC Util" value="89" />
  <attribute name="CPU Util" value="95742689905490" />
  <attribute name="Time Running"value="1617"/>
  <attribute name="Number of cores"value="4"/>
<gc-start id="229" type="partial gc" contextid="228" timestamp="2019-07-02T19:17:21.098">
  <mem-info id="230" free="1048576" total="23068672" percent="4">
    <mem type="eden" free="0" total="8388608" percent="0" />
    <remembered-set count="3488" freebytes="906880" totalbytes="920832" percent="98" regionsoverflowed="0" regionsstable="1" regionsrebuilding="0"/>
  </mem-info>
</gc-start>
<allocation-stats totalBytes="8278576" >
  <allocated-bytes non-tlh="32776" tlh="8245800" arrayletleaf="0"/>
  <largest-consumer threadName="Thread-3" threadId="0000000001AEC100" bytes="1541104" />
</allocation-stats>
<gc-op id="231" type="sweep" timems="0.418" contextid="228" timestamp="2019-07-02T19:17:21.098" />
<gc-op id="232" type="copy forward" timems="1.542" contextid="228" timestamp="2019-07-02T19:17:21.100">
  <memory-copied type="eden" objects="1861" bytes="878672" bytesdiscarded="119739" />
  <memory-copied type="other" objects="22" bytes="3368" bytesdiscarded="253" />
  <memory-cardclean objects="1160" bytes="59184" />
  <remembered-set-cleared processed="1709" cleared="406" durationms="0.072" />
  <references type="phantom" candidates="1" cleared="0" enqueued="0" />
  <stringconstants candidates="3947" cleared="0"  />
  <heap-resize type="expand" space="default" amount="1048576" count="1" timems="0.072" reason="continue current collection" />
</gc-op>
<gc-op id="233" type="classunload" timems="0.002" contextid="228" timestamp="2019-07-02T19:17:21.100">
  <classunload-info classloadercandidates="20" classloadersunloaded="0" classesunloaded="0" anonymousclassesunloaded="0" quiescems="0.000" setupms="0.002" scanms="0.000" postms="0.000" />
</gc-op>
<gc-end id="234" type="partial gc" contextid="228" durationms="2.854" usertimems="4.000" systemtimems="0.000" timestamp="2019-07-02T19:17:21.101" activeThreads="4">
  <mem-info id="235" free="9437184" total="24117248" percent="39">
    <mem type="eden" free="48184" total="1048576" percent="4" />
    <remembered-set count="3776" freebytes="947584" totalbytes="962688" percent="98" regionsoverflowed="0" regionsstable="1" regionsrebuilding="0"/>
  </mem-info>
</gc-end>
<cycle-end id="236" type="partial gc" contextid="228" timestamp="2019-07-02T19:17:21.101">
  <attribute name="GC Util" value="60" />
  <attribute name="CPU Util" value="106253313810212" />
  <attribute name="Time Running"value="1653"/>
  <attribute name="Number of cores"value="4"/>
</cycle-end>
<exclusive-end id="237" timestamp="2019-07-02T19:17:21.101" durationms="3.442" />

<exclusive-start id="238" timestamp="2019-07-02T19:17:21.174" intervalms="76.427">
  <response-info timems="0.041" idlems="0.041" threads="0" lastid="0000000001AF3900" lastname="Thread-5" />
</exclusive-start>
<allocation-taxation id="239" taxation-threshold="9437184" timestamp="2019-07-02T19:17:21.174" intervalms="76.431" />
<cycle-start id="240" type="partial gc" contextid="0" timestamp="2019-07-02T19:17:21.174" intervalms="76.436" />
  <attribute name="GC Util" value="60" />
  <attribute name="CPU Util" value="106253313810212" />
  <attribute name="Time Running"value="1653"/>
  <attribute name="Number of cores"value="4"/>
<gc-start id="241" type="partial gc" contextid="240" timestamp="2019-07-02T19:17:21.174">
  <mem-info id="242" free="0" total="24117248" percent="0">
    <mem type="eden" free="0" total="9437184" percent="0" />
    <remembered-set count="3584" freebytes="948352" totalbytes="962688" percent="98" regionsoverflowed="0" regionsstable="1" regionsrebuilding="0"/>
  </mem-info>
</gc-start>
<allocation-stats totalBytes="9405096" >
  <allocated-bytes non-tlh="65552" tlh="9339544" arrayletleaf="0"/>
  <largest-consumer threadName="Thread-6" threadId="0000000001AF7500" bytes="4091136" />
</allocation-stats>
<gc-op id="243" type="mark" timems="1.003" contextid="240" timestamp="2019-07-02T19:17:21.176">
  <trace-info objectcount="2160" scancount="1699" scanbytes="369976" />
  <cardclean-info objects="1135" bytes="57252" />
  <remembered-set-cleared processed="1704" cleared="378" durationms="0.065" />
  <stringconstants candidates="3947" cleared="0"  />
  <warning details="Mark invoked due to insufficient free space for Copy-Forward" />
</gc-op>
<gc-op id="244" type="classunload" timems="0.002" contextid="240" timestamp="2019-07-02T19:17:21.176">
  <classunload-info classloadercandidates="20" classloadersunloaded="0" classesunloaded="0" anonymousclassesunloaded="0" quiescems="0.000" setupms="0.002" scanms="0.000" postms="0.000" />
</gc-op>
<gc-op id="245" type="sweep" timems="0.546" contextid="240" timestamp="2019-07-02T19:17:21.176" />
<gc-op id="246" type="compact" timems="1.666" contextid="240" timestamp="2019-07-02T19:17:21.178">
  <compact-info movecount="2160" movebytes="909032" />
  <remembered-set-cleared processed="2593" cleared="1065" durationms="0.068" />
</gc-op>
<heap-resize id="247" type="expand" space="default" amount="2097152" count="1" timems="0.059" reason="insufficient free space following gc" timestamp="2019-07-02T19:17:21.179" />
<gc-end id="248" type="partial gc" contextid="240" durationms="4.505" usertimems="4.000" systemtimems="0.000" timestamp="2019-07-02T19:17:21.179" activeThreads="4">
  <mem-info id="249" free="10485760" total="26214400" percent="40">
    <mem type="eden" free="141624" total="1048576" percent="13" />
    <remembered-set count="3968" freebytes="1030528" totalbytes="1046400" percent="98" regionsoverflowed="0" regionsstable="1" regionsrebuilding="0"/>
  </mem-info>
</gc-end>
<cycle-end id="250" type="partial gc" contextid="240" timestamp="2019-07-02T19:17:21.179">
  <attribute name="GC Util" value="25" />
  <attribute name="CPU Util" value="23755077418389" />
  <attribute name="Time Running"value="1731"/>
  <attribute name="Number of cores"value="4"/>
</cycle-end>
<exclusive-end id="251" timestamp="2019-07-02T19:17:21.179" durationms="5.262" />

<exclusive-start id="252" timestamp="2019-07-02T19:17:21.264" intervalms="89.840">
  <response-info timems="0.040" idlems="0.040" threads="0" lastid="0000000001AEFD00" lastname="Thread-4" />
</exclusive-start>
<allocation-taxation id="253" taxation-threshold="10485760" timestamp="2019-07-02T19:17:21.264" intervalms="89.845" />
<cycle-start id="254" type="partial gc" contextid="0" timestamp="2019-07-02T19:17:21.264" intervalms="89.843" />
  <attribute name="GC Util" value="25" />
  <attribute name="CPU Util" value="23755077418389" />
  <attribute name="Time Running"value="1731"/>
  <attribute name="Number of cores"value="4"/>
<gc-start id="255" type="partial gc" contextid="254" timestamp="2019-07-02T19:17:21.264">
  <mem-info id="256" free="0" total="26214400" percent="0">
    <mem type="eden" free="0" total="10485760" percent="0" />
    <remembered-set count="3520" freebytes="1032320" totalbytes="1046400" percent="98" regionsoverflowed="0" regionsstable="1" regionsrebuilding="0"/>
  </mem-info>
</gc-start>
<allocation-stats totalBytes="10444512" >
  <allocated-bytes non-tlh="65552" tlh="10378960" arrayletleaf="0"/>
  <largest-consumer threadName="Thread-6" threadId="0000000001AF7500" bytes="3853112" />
</allocation-stats>
<gc-op id="257" type="mark" timems="1.042" contextid="254" timestamp="2019-07-02T19:17:21.265">
  <trace-info objectcount="2218" scancount="1853" scanbytes="409508" />
  <cardclean-info objects="1135" bytes="56900" />
  <remembered-set-cleared processed="1733" cleared="453" durationms="0.069" />
  <references type="phantom" candidates="1" cleared="0" enqueued="0" />
  <stringconstants candidates="3947" cleared="0"  />
  <warning details="Mark invoked due to insufficient free space for Copy-Forward" />
</gc-op>
<gc-op id="258" type="classunload" timems="0.002" contextid="254" timestamp="2019-07-02T19:17:21.266">
  <classunload-info classloadercandidates="20" classloadersunloaded="0" classesunloaded="0" anonymousclassesunloaded="0" quiescems="0.000" setupms="0.001" scanms="0.000" postms="0.000" />
</gc-op>
<gc-op id="259" type="sweep" timems="0.388" contextid="254" timestamp="2019-07-02T19:17:21.266" />
<gc-op id="260" type="compact" timems="1.156" contextid="254" timestamp="2019-07-02T19:17:21.267">
  <compact-info movecount="2218" movebytes="882312" />
  <remembered-set-cleared processed="3597" cleared="886" durationms="0.074" />
</gc-op>
<heap-resize id="261" type="expand" space="default" amount="1048576" count="1" timems="0.050" reason="insufficient free space following gc" timestamp="2019-07-02T19:17:21.268" />
<gc-end id="262" type="partial gc" contextid="254" durationms="4.008" usertimems="4.000" systemtimems="0.000" timestamp="2019-07-02T19:17:21.268" activeThreads="4">
  <mem-info id="263" free="10485760" total="27262976" percent="38">
    <mem type="eden" free="166408" total="1048576" percent="15" />
    <remembered-set count="4416" freebytes="1070592" totalbytes="1088256" percent="98" regionsoverflowed="0" regionsstable="1" regionsrebuilding="0"/>
  </mem-info>
</gc-end>
<cycle-end id="264" type="partial gc" contextid="254" timestamp="2019-07-02T19:17:21.268">
  <attribute name="GC Util" value="29" />
  <attribute name="CPU Util" value="29373562412241" />
  <attribute name="Time Running"value="1821"/>
  <attribute name="Number of cores"value="4"/>
</cycle-end>
<exclusive-end id="265" timestamp="2019-07-02T19:17:21.268" durationms="4.798" />

</verbosegc>

