<?xml version="1.0" ?>

<verbosegc xmlns="http://www.ibm.com/j9/verbosegc" version="25b0271_CMPRSS">

<initialized id="1" timestamp="2019-07-02T19:17:09.183">
  <attribute name="gcPolicy" value="-Xgcpolicy:balanced" />
  <attribute name="GC Util" value="0" />
  <attribute name="CPU Util" value="0" />
  <attribute name="Time Running"value="0"/>
  <attribute name="Number of cores"value="0"/>
  <attribute name="maxHeapSize" value="0x7cb00000" />
  <attribute name="initialHeapSize" value="0x800000" />
  <attribute name="compressedRefs" value="true" />
  <attribute name="compressedRefsDisplacement" value="0x0" />
  <attribute name="compressedRefsShift" value="0x0" />
  <attribute name="pageSize" value="0x1000" />
  <attribute name="pageType" value="not used" />
  <attribute name="requestedPageSize" value="0x1000" />
  <attribute name="requestedPageType" value="not used" />
  <attribute name="gcthreads" value="4" />
  <attribute name="packetListSplit" value="4" />
  <attribute name="cacheListSplit" value="4" />
  <attribute name="splitFreeListSplitAmount" value="1" />
  <attribute name="numaNodes" value="0" />
  <region>
    <attribute name="regionSize" value="1048576" />
    <attribute name="regionCount" value="1995" />
    <attribute name="arrayletLeafSize" value="1048576" />
  </region>
  <system>
    <attribute name="physicalMemory" value="8370962432" />
    <attribute name="numCPUs" value="4" />
    <attribute name="architecture" value="amd64" />
    <attribute name="os" value="Linux" />
    <attribute name="osVersion" value="4.4.0-148-generic" />
  </system>
  <vmargs>
    <vmarg name="-Xoptionsfile=/vagrant/jdk/lib/options.default" />
    <vmarg name="-Xlockword:mode=default,noLockword=java/lang/String,noLockword=java/util/MapEntry,noLockword=java/util/HashMap$Entry,noLockword..." />
    <vmarg name="-Xjcl:jclse11_29" />
    <vmarg name="-Dcom.ibm.oti.vm.bootstrap.library.path=/vagrant/jdk/lib/compressedrefs:/vagrant/jdk/lib" />
    <vmarg name="-Dsun.boot.library.path=/vagrant/jdk/lib/compressedrefs:/vagrant/jdk/lib" />
    <vmarg name="-Djava.library.path=/vagrant/jdk/lib/compressedrefs:/vagrant/jdk/lib:/usr/lib64:/usr/lib" />
    <vmarg name="-Djava.home=/vagrant/jdk" />
    <vmarg name="-Duser.dir=/vagrant" />
    <vmarg name="-Xgcpolicy:balanced" />
    <vmarg name="-verbose:gc" />
    <vmarg name="-Xloggc:small-Balanced-jdkF-verbose11xalan.txt" />
    <vmarg name="-Djava.class.path=dacapo-9.12-MR1-bach.jar" />
    <vmarg name="-Dsun.java.command=dacapo-9.12-MR1-bach.jar xalan --size=small" />
    <vmarg name="-Dsun.java.launcher=SUN_STANDARD" />
    <vmarg name="-Dsun.java.launcher.pid=10893" />
  </vmargs>
</initialized>

<exclusive-start id="2" timestamp="2019-07-02T19:17:09.672" intervalms="488.709">
  <response-info timems="0.019" idlems="0.019" threads="0" lastid="00000000020F2700" lastname="main" />
</exclusive-start>
<allocation-taxation id="3" taxation-threshold="8388608" timestamp="2019-07-02T19:17:09.672" intervalms="488.974" />
<cycle-start id="4" type="partial gc" contextid="0" timestamp="2019-07-02T19:17:09.673" intervalms="489.462" />
  <attribute name="GC Util" value="0" />
  <attribute name="CPU Util" value="77" />
  <attribute name="Time Running"value="0"/>
  <attribute name="Number of cores"value="4"/>
<gc-start id="5" type="partial gc" contextid="4" timestamp="2019-07-02T19:17:09.673">
  <mem-info id="6" free="0" total="8388608" percent="0">
    <mem type="eden" free="0" total="8388608" percent="0" />
    <remembered-set count="0" freebytes="334848" totalbytes="334848" percent="100" regionsoverflowed="0" regionsstable="0" regionsrebuilding="0"/>
  </mem-info>
</gc-start>
<allocation-stats totalBytes="8303032" >
  <allocated-bytes non-tlh="722376" tlh="7580656" arrayletleaf="0"/>
  <largest-consumer threadName="main" threadId="00000000020F2700" bytes="8227344" />
</allocation-stats>
<gc-op id="7" type="mark" timems="3.224" contextid="4" timestamp="2019-07-02T19:17:09.677">
  <trace-info objectcount="21730" scancount="17019" scanbytes="565728" />
  <remembered-set-cleared processed="0" cleared="0" durationms="0.041" />
  <finalization candidates="20" enqueued="1" />
  <references type="soft" candidates="74" cleared="0" enqueued="0" dynamicThreshold="32" maxThreshold="32" />
  <references type="weak" candidates="602" cleared="437" enqueued="397" />
  <references type="phantom" candidates="127" cleared="44" enqueued="44" />
  <stringconstants candidates="2958" cleared="0"  />
  <warning details="Mark for calibration purposes" />
</gc-op>
<gc-op id="8" type="classunload" timems="0.042" contextid="4" timestamp="2019-07-02T19:17:09.677">
  <classunload-info classloadercandidates="6" classloadersunloaded="0" classesunloaded="0" anonymousclassesunloaded="0" quiescems="0.000" setupms="0.042" scanms="0.000" postms="0.000" />
</gc-op>
<gc-op id="9" type="sweep" timems="0.626" contextid="4" timestamp="2019-07-02T19:17:09.678" />
<gc-op id="10" type="compact" timems="5.005" contextid="4" timestamp="2019-07-02T19:17:09.683">
  <compact-info movecount="21718" movebytes="1529064" />
  <remembered-set-cleared processed="0" cleared="0" durationms="0.047" />
</gc-op>
<gc-end id="11" type="partial gc" contextid="4" durationms="10.877" usertimems="8.000" systemtimems="4.000" timestamp="2019-07-02T19:17:09.684" activeThreads="4">
  <mem-info id="12" free="6291456" total="8388608" percent="75">
    <mem type="eden" free="567184" total="2097152" percent="27" />
    <pending-finalizers system="1" default="0" reference="441" classloader="0" />
    <remembered-set count="2560" freebytes="324608" totalbytes="334848" percent="96" regionsoverflowed="0" regionsstable="0" regionsrebuilding="0"/>
  </mem-info>
</gc-end>
<cycle-end id="13" type="partial gc" contextid="4" timestamp="2019-07-02T19:17:09.684">
  <attribute name="GC Util" value="29" />
  <attribute name="CPU Util" value="18927541482059" />
  <attribute name="Time Running"value="394"/>
  <attribute name="Number of cores"value="4"/>
</cycle-end>
<exclusive-end id="14" timestamp="2019-07-02T19:17:09.684" durationms="12.405" />

<exclusive-start id="15" timestamp="2019-07-02T19:17:09.864" intervalms="192.344">
  <response-info timems="0.076" idlems="0.076" threads="0" lastid="00000000020F2700" lastname="main" />
</exclusive-start>
<sys-start reason="explicit" id="16" timestamp="2019-07-02T19:17:09.864" intervalms="681.134" />
<cycle-start id="17" type="global garbage collect" contextid="0" timestamp="2019-07-02T19:17:09.864" intervalms="681.241" />
  <attribute name="GC Util" value="29" />
  <attribute name="CPU Util" value="18927541482059" />
  <attribute name="Time Running"value="394"/>
  <attribute name="Number of cores"value="4"/>
<gc-start id="18" type="global garbage collect" contextid="17" timestamp="2019-07-02T19:17:09.865">
  <mem-info id="19" free="639416" total="8388608" percent="7">
    <mem type="eden" free="639496" total="7340032" percent="8" />
    <remembered-set count="2080" freebytes="326528" totalbytes="334848" percent="97" regionsoverflowed="0" regionsstable="0" regionsrebuilding="0"/>
  </mem-info>
</gc-start>
<allocation-stats totalBytes="5645072" >
  <allocated-bytes non-tlh="129784" tlh="5515288" arrayletleaf="0"/>
  <largest-consumer threadName="main" threadId="00000000020F2700" bytes="5616664" />
</allocation-stats>
<gc-op id="20" type="global mark" timems="2.615" contextid="17" timestamp="2019-07-02T19:17:09.867">
  <trace-info objectcount="29635" scancount="23204" scanbytes="869324" />
  <finalization candidates="20" enqueued="0" />
  <references type="soft" candidates="133" cleared="0" enqueued="0" dynamicThreshold="24" maxThreshold="32" />
  <references type="weak" candidates="198" cleared="29" enqueued="29" />
  <references type="phantom" candidates="85" cleared="2" enqueued="2" />
  <stringconstants candidates="3521" cleared="22"  />
</gc-op>
<gc-op id="21" type="classunload" timems="0.002" contextid="17" timestamp="2019-07-02T19:17:09.867">
  <classunload-info classloadercandidates="19" classloadersunloaded="0" classesunloaded="0" anonymousclassesunloaded="0" quiescems="0.000" setupms="0.002" scanms="0.000" postms="0.000" />
</gc-op>
<gc-op id="22" type="sweep" timems="0.323" contextid="17" timestamp="2019-07-02T19:17:09.868" />
<gc-op id="23" type="compact" timems="3.886" contextid="17" timestamp="2019-07-02T19:17:09.872">
  <compact-info movecount="22500" movebytes="1691432" />
  <remembered-set-cleared processed="9144" cleared="9144" durationms="0.066" />
</gc-op>
<gc-end id="24" type="global garbage collect" contextid="17" durationms="7.792" usertimems="8.000" systemtimems="0.000" timestamp="2019-07-02T19:17:09.872" activeThreads="4">
  <mem-info id="25" free="5242880" total="8388608" percent="62">
    <pending-finalizers system="0" default="0" reference="31" classloader="0" />
    <remembered-set count="3072" freebytes="322560" totalbytes="334848" percent="96" regionsoverflowed="0" regionsstable="0" regionsrebuilding="0"/>
  </mem-info>
</gc-end>
<cycle-end id="26" type="global garbage collect" contextid="17" timestamp="2019-07-02T19:17:09.873">
  <attribute name="GC Util" value="28" />
  <attribute name="CPU Util" value="37473274649894" />
  <attribute name="Time Running"value="584"/>
  <attribute name="Number of cores"value="4"/>
</cycle-end>
<sys-end id="27" timestamp="2019-07-02T19:17:09.873" />
<exclusive-end id="28" timestamp="2019-07-02T19:17:09.873" durationms="8.594" />

<exclusive-start id="29" timestamp="2019-07-02T19:17:09.968" intervalms="103.598">
  <response-info timems="0.036" idlems="0.036" threads="0" lastid="000000000242BA00" lastname="Thread-5" />
</exclusive-start>
<allocation-taxation id="30" taxation-threshold="5242880" timestamp="2019-07-02T19:17:09.968" intervalms="295.809" />
<cycle-start id="31" type="partial gc" contextid="0" timestamp="2019-07-02T19:17:09.968" intervalms="295.400" />
  <attribute name="GC Util" value="28" />
  <attribute name="CPU Util" value="37473274649894" />
  <attribute name="Time Running"value="584"/>
  <attribute name="Number of cores"value="4"/>
<gc-start id="32" type="partial gc" contextid="31" timestamp="2019-07-02T19:17:09.968">
  <mem-info id="33" free="0" total="8388608" percent="0">
    <mem type="eden" free="24" total="5242880" percent="0" />
    <remembered-set count="2848" freebytes="323456" totalbytes="334848" percent="96" regionsoverflowed="0" regionsstable="0" regionsrebuilding="0"/>
  </mem-info>
</gc-start>
<allocation-stats totalBytes="5229424" >
  <allocated-bytes non-tlh="330056" tlh="4899368" arrayletleaf="0"/>
  <largest-consumer threadName="Thread-3" threadId="0000000002424200" bytes="1618352" />
</allocation-stats>
<gc-op id="34" type="mark" timems="1.677" contextid="31" timestamp="2019-07-02T19:17:09.971">
  <trace-info objectcount="11053" scancount="8498" scanbytes="749732" />
  <cardclean-info objects="1303" bytes="56976" />
  <remembered-set-cleared processed="2284" cleared="203" durationms="0.075" />
  <finalization candidates="8" enqueued="3" />
  <references type="soft" candidates="31" cleared="0" enqueued="0" dynamicThreshold="20" maxThreshold="32" />
  <references type="weak" candidates="138" cleared="25" enqueued="24" />
  <references type="phantom" candidates="14" cleared="0" enqueued="0" />
  <stringconstants candidates="3926" cleared="0"  />
  <warning details="Mark invoked due to insufficient free space for Copy-Forward" />
</gc-op>
<gc-op id="35" type="classunload" timems="0.308" contextid="31" timestamp="2019-07-02T19:17:09.971">
  <classunload-info classloadercandidates="19" classloadersunloaded="0" classesunloaded="4" anonymousclassesunloaded="4" quiescems="0.000" setupms="0.302" scanms="0.003" postms="0.003" />
</gc-op>
<gc-op id="36" type="sweep" timems="0.411" contextid="31" timestamp="2019-07-02T19:17:09.971" />
<gc-op id="37" type="compact" timems="2.323" contextid="31" timestamp="2019-07-02T19:17:09.974">
  <compact-info movecount="11053" movebytes="1309336" />
  <remembered-set-cleared processed="5998" cleared="1793" durationms="0.075" />
</gc-op>
<heap-resize id="38" type="expand" space="default" amount="1048576" count="1" timems="0.063" reason="insufficient free space following gc" timestamp="2019-07-02T19:17:09.974" />
<gc-end id="39" type="partial gc" contextid="31" durationms="6.244" usertimems="8.000" systemtimems="0.000" timestamp="2019-07-02T19:17:09.975" activeThreads="4">
  <mem-info id="40" free="4194304" total="9437184" percent="44">
    <mem type="eden" free="786728" total="2097152" percent="37" />
    <pending-finalizers system="3" default="0" reference="24" classloader="0" />
    <remembered-set count="3840" freebytes="361344" totalbytes="376704" percent="95" regionsoverflowed="0" regionsstable="0" regionsrebuilding="0"/>
  </mem-info>
</gc-end>
<cycle-end id="41" type="partial gc" contextid="31" timestamp="2019-07-02T19:17:09.975">
  <attribute name="GC Util" value="19" />
  <attribute name="CPU Util" value="26411464558203" />
  <attribute name="Time Running"value="688"/>
  <attribute name="Number of cores"value="4"/>
</cycle-end>
<exclusive-end id="42" timestamp="2019-07-02T19:17:09.975" durationms="7.019" />

<exclusive-start id="43" timestamp="2019-07-02T19:17:10.024" intervalms="56.243">
  <response-info timems="0.039" idlems="0.039" threads="0" lastid="000000000242F500" lastname="Thread-6" />
</exclusive-start>
<allocation-taxation id="44" taxation-threshold="2097152" timestamp="2019-07-02T19:17:10.024" intervalms="56.188" />
<cycle-start id="45" type="global mark phase" contextid="0" timestamp="2019-07-02T19:17:10.024" intervalms="841.048" />
  <attribute name="GC Util" value="19" />
  <attribute name="CPU Util" value="26411464558203" />
  <attribute name="Time Running"value="688"/>
  <attribute name="Number of cores"value="4"/>
<gc-start id="46" type="global mark phase" contextid="45" timestamp="2019-07-02T19:17:10.024">
  <mem-info id="47" free="2097152" total="9437184" percent="22">
    <remembered-set count="3680" freebytes="361984" totalbytes="376704" percent="96" regionsoverflowed="0" regionsstable="0" regionsrebuilding="0"/>
  </mem-info>
</gc-start>
<gc-op id="48" type="mark increment" timems="0.572" contextid="45" timestamp="2019-07-02T19:17:10.025">
  <trace-info objectcount="186" scancount="0" scanbytes="0" />
</gc-op>
<gc-end id="49" type="global mark phase" contextid="45" durationms="0.690" usertimems="4.000" systemtimems="0.000" timestamp="2019-07-02T19:17:10.025" activeThreads="4">
  <mem-info id="50" free="2097152" total="9437184" percent="22">
    <remembered-set count="3680" freebytes="361984" totalbytes="376704" percent="96" regionsoverflowed="0" regionsstable="0" regionsrebuilding="0"/>
  </mem-info>
</gc-end>
<concurrent-start id="51" type="GMP work packet processing" contextid="45" timestamp="2019-07-02T19:17:10.025">
  <concurrent-mark-start scanTarget="18446744073709551615" />
</concurrent-start>
<exclusive-end id="52" timestamp="2019-07-02T19:17:10.025" durationms="1.045" />

<concurrent-end id="53" type="GMP work packet processing" contextid="45" timestamp="2019-07-02T19:17:10.027">
  <concurrent-mark-end bytesScanned="1594356" reasonForTermination="Completed all work in GC phase" />
</concurrent-end>

<exclusive-start id="54" timestamp="2019-07-02T19:17:10.071" intervalms="47.118">
  <response-info timems="0.037" idlems="0.037" threads="0" lastid="0000000002427E00" lastname="Thread-4" />
</exclusive-start>
<allocation-taxation id="55" taxation-threshold="2097152" timestamp="2019-07-02T19:17:10.071" intervalms="47.121" />
<cycle-start id="56" type="partial gc" contextid="0" timestamp="2019-07-02T19:17:10.071" intervalms="103.309" />
  <attribute name="GC Util" value="175" />
  <attribute name="CPU Util" value="43624484329081" />
  <attribute name="Time Running"value="741"/>
  <attribute name="Number of cores"value="4"/>
<gc-start id="57" type="partial gc" contextid="56" timestamp="2019-07-02T19:17:10.072">
  <mem-info id="58" free="0" total="9437184" percent="0">
    <mem type="eden" free="0" total="4194304" percent="0" />
    <remembered-set count="3680" freebytes="361984" totalbytes="376704" percent="96" regionsoverflowed="0" regionsstable="0" regionsrebuilding="0"/>
  </mem-info>
</gc-start>
<allocation-stats totalBytes="4064024" >
  <allocated-bytes non-tlh="1088" tlh="4062936" arrayletleaf="0"/>
  <largest-consumer threadName="Thread-4" threadId="0000000002427E00" bytes="786160" />
</allocation-stats>
<gc-op id="59" type="mark" timems="2.113" contextid="56" timestamp="2019-07-02T19:17:10.074">
  <trace-info objectcount="10568" scancount="8117" scanbytes="756224" />
  <cardclean-info objects="988" bytes="53820" />
  <remembered-set-cleared processed="3033" cleared="1015" durationms="0.069" />
  <finalization candidates="5" enqueued="0" />
  <references type="soft" candidates="31" cleared="0" enqueued="0" dynamicThreshold="7" maxThreshold="32" />
  <references type="weak" candidates="114" cleared="1" enqueued="1" />
  <references type="phantom" candidates="14" cleared="0" enqueued="0" />
  <stringconstants candidates="3944" cleared="0"  />
  <warning details="Mark invoked due to insufficient free space for Copy-Forward" />
</gc-op>
<gc-op id="60" type="classunload" timems="0.002" contextid="56" timestamp="2019-07-02T19:17:10.074">
  <classunload-info classloadercandidates="20" classloadersunloaded="0" classesunloaded="0" anonymousclassesunloaded="0" quiescems="0.000" setupms="0.002" scanms="0.000" postms="0.000" />
</gc-op>
<gc-op id="61" type="sweep" timems="0.355" contextid="56" timestamp="2019-07-02T19:17:10.075" />
<gc-op id="62" type="compact" timems="1.980" contextid="56" timestamp="2019-07-02T19:17:10.077">
  <compact-info movecount="10568" movebytes="1413320" />
  <remembered-set-cleared processed="6832" cleared="2792" durationms="0.069" />
</gc-op>
<heap-resize id="63" type="expand" space="default" amount="2097152" count="1" timems="0.069" reason="insufficient free space following gc" timestamp="2019-07-02T19:17:10.077" />
<gc-end id="64" type="partial gc" contextid="56" durationms="5.773" usertimems="4.000" systemtimems="0.000" timestamp="2019-07-02T19:17:10.077" activeThreads="4">
  <mem-info id="65" free="6291456" total="11534336" percent="54">
    <mem type="eden" free="48528" total="1048576" percent="4" />
    <pending-finalizers system="0" default="0" reference="1" classloader="0" />
    <remembered-set count="4800" freebytes="441216" totalbytes="460416" percent="95" regionsoverflowed="0" regionsstable="0" regionsrebuilding="0"/>
  </mem-info>
</gc-end>
<cycle-end id="66" type="partial gc" contextid="56" timestamp="2019-07-02T19:17:10.077">
  <attribute name="GC Util" value="21" />
  <attribute name="CPU Util" value="32000041756023" />
  <attribute name="Time Running"value="791"/>
  <attribute name="Number of cores"value="4"/>
</cycle-end>
<exclusive-end id="67" timestamp="2019-07-02T19:17:10.078" durationms="6.496" />

<exclusive-start id="68" timestamp="2019-07-02T19:17:10.139" intervalms="68.061">
  <response-info timems="0.043" idlems="0.043" threads="0" lastid="000000000242F500" lastname="Thread-6" />
</exclusive-start>
<allocation-taxation id="69" taxation-threshold="3145728" timestamp="2019-07-02T19:17:10.139" intervalms="68.063" />
<gc-start id="70" type="global mark phase" contextid="45" timestamp="2019-07-02T19:17:10.139">
  <mem-info id="71" free="3145728" total="11534336" percent="27">
    <remembered-set count="4384" freebytes="442880" totalbytes="460416" percent="96" regionsoverflowed="0" regionsstable="0" regionsrebuilding="0"/>
  </mem-info>
</gc-start>
<gc-op id="72" type="mark increment" timems="2.187" contextid="45" timestamp="2019-07-02T19:17:10.142">
  <trace-info objectcount="9999" scancount="7639" scanbytes="704596" />
  <cardclean-info objects="1696" bytes="81412" />
  <finalization candidates="25" enqueued="0" />
  <references type="soft" candidates="164" cleared="0" enqueued="0" dynamicThreshold="17" maxThreshold="32" />
  <references type="weak" candidates="282" cleared="0" enqueued="0" />
  <references type="phantom" candidates="97" cleared="2" enqueued="2" />
  <stringconstants candidates="3946" cleared="0"  />
</gc-op>
<gc-op id="73" type="classunload" timems="0.003" contextid="45" timestamp="2019-07-02T19:17:10.142">
  <classunload-info classloadercandidates="20" classloadersunloaded="0" classesunloaded="0" anonymousclassesunloaded="0" quiescems="0.000" setupms="0.003" scanms="0.000" postms="0.000" />
</gc-op>
<gc-end id="74" type="global mark phase" contextid="45" durationms="2.466" usertimems="4.000" systemtimems="0.000" timestamp="2019-07-02T19:17:10.142" activeThreads="4">
  <mem-info id="75" free="3145728" total="11534336" percent="27">
    <pending-finalizers system="0" default="0" reference="2" classloader="0" />
    <remembered-set count="4384" freebytes="442880" totalbytes="460416" percent="96" regionsoverflowed="0" regionsstable="0" regionsrebuilding="0"/>
  </mem-info>
</gc-end>
<cycle-end id="76" type="global mark phase" contextid="45" timestamp="2019-07-02T19:17:10.142">
  <attribute name="GC Util" value="77" />
  <attribute name="CPU Util" value="35424912948822" />
  <attribute name="Time Running"value="857"/>
  <attribute name="Number of cores"value="4"/>
</cycle-end>
<exclusive-end id="77" timestamp="2019-07-02T19:17:10.142" durationms="2.871" />

<exclusive-start id="78" timestamp="2019-07-02T19:17:10.211" intervalms="72.113">
  <response-info timems="0.072" idlems="0.044" threads="1" lastid="00000000020F6300" lastname="JIT Compilation Thread-0" />
</exclusive-start>
<allocation-taxation id="79" taxation-threshold="3145728" timestamp="2019-07-02T19:17:10.211" intervalms="72.132" />
<cycle-start id="80" type="partial gc" contextid="0" timestamp="2019-07-02T19:17:10.212" intervalms="140.214" />
  <attribute name="GC Util" value="77" />
  <attribute name="CPU Util" value="35424912948822" />
  <attribute name="Time Running"value="857"/>
  <attribute name="Number of cores"value="4"/>
<gc-start id="81" type="partial gc" contextid="80" timestamp="2019-07-02T19:17:10.212">
  <mem-info id="82" free="0" total="11534336" percent="0">
    <mem type="eden" free="0" total="6291456" percent="0" />
    <remembered-set count="4384" freebytes="442880" totalbytes="460416" percent="96" regionsoverflowed="0" regionsstable="0" regionsrebuilding="0"/>
  </mem-info>
</gc-start>
<allocation-stats totalBytes="6203512" >
  <allocated-bytes non-tlh="41080" tlh="6162432" arrayletleaf="0"/>
  <largest-consumer threadName="Thread-4" threadId="0000000002427E00" bytes="1316600" />
</allocation-stats>
<gc-op id="83" type="sweep" timems="0.469" contextid="80" timestamp="2019-07-02T19:17:10.212" />
<gc-op id="84" type="mark" timems="1.498" contextid="80" timestamp="2019-07-02T19:17:10.215">
  <trace-info objectcount="3020" scancount="2374" scanbytes="437776" />
  <cardclean-info objects="1252" bytes="59924" />
  <remembered-set-cleared processed="3346" cleared="809" durationms="0.077" />
  <references type="phantom" candidates="1" cleared="0" enqueued="0" />
  <stringconstants candidates="3947" cleared="0"  />
  <warning details="Mark invoked due to insufficient free space for Copy-Forward" />
</gc-op>
<gc-op id="85" type="classunload" timems="0.003" contextid="80" timestamp="2019-07-02T19:17:10.215">
  <classunload-info classloadercandidates="20" classloadersunloaded="0" classesunloaded="0" anonymousclassesunloaded="0" quiescems="0.000" setupms="0.003" scanms="0.000" postms="0.000" />
</gc-op>
<gc-op id="86" type="sweep" timems="0.340" contextid="80" timestamp="2019-07-02T19:17:10.215" />
<gc-op id="87" type="compact" timems="1.518" contextid="80" timestamp="2019-07-02T19:17:10.217">
  <compact-info movecount="2997" movebytes="1029320" />
  <remembered-set-cleared processed="7011" cleared="1844" durationms="0.077" />
</gc-op>
<heap-resize id="88" type="expand" space="default" amount="1048576" count="1" timems="0.052" reason="insufficient free space following gc" timestamp="2019-07-02T19:17:10.217" />
<gc-end id="89" type="partial gc" contextid="80" durationms="5.548" usertimems="0.000" systemtimems="4.000" timestamp="2019-07-02T19:17:10.217" activeThreads="4">
  <mem-info id="90" free="6291456" total="12582912" percent="50">
    <mem type="eden" free="39856" total="1048576" percent="3" />
    <remembered-set count="4448" freebytes="484480" totalbytes="502272" percent="96" regionsoverflowed="0" regionsstable="0" regionsrebuilding="0"/>
  </mem-info>
</gc-end>
<cycle-end id="91" type="partial gc" contextid="80" timestamp="2019-07-02T19:17:10.218">
  <attribute name="GC Util" value="23" />
  <attribute name="CPU Util" value="32574270206949" />
  <attribute name="Time Running"value="932"/>
  <attribute name="Number of cores"value="4"/>
</cycle-end>
<exclusive-end id="92" timestamp="2019-07-02T19:17:10.218" durationms="6.361" />

<exclusive-start id="93" timestamp="2019-07-02T19:17:10.376" intervalms="165.114">
  <response-info timems="0.115" idlems="0.068" threads="1" lastid="000000000242BA00" lastname="Thread-5" />
</exclusive-start>
<allocation-taxation id="94" taxation-threshold="6291456" timestamp="2019-07-02T19:17:10.377" intervalms="165.101" />
<cycle-start id="95" type="partial gc" contextid="0" timestamp="2019-07-02T19:17:10.377" intervalms="165.087" />
  <attribute name="GC Util" value="23" />
  <attribute name="CPU Util" value="32574270206949" />
  <attribute name="Time Running"value="932"/>
  <attribute name="Number of cores"value="4"/>
<gc-start id="96" type="partial gc" contextid="95" timestamp="2019-07-02T19:17:10.377">
  <mem-info id="97" free="0" total="12582912" percent="0">
    <mem type="eden" free="0" total="6291456" percent="0" />
    <remembered-set count="4352" freebytes="484864" totalbytes="502272" percent="96" regionsoverflowed="0" regionsstable="0" regionsrebuilding="0"/>
  </mem-info>
</gc-start>
<allocation-stats totalBytes="6245024" >
  <allocated-bytes non-tlh="32776" tlh="6212248" arrayletleaf="0"/>
  <largest-consumer threadName="Thread-5" threadId="000000000242BA00" bytes="2144832" />
</allocation-stats>
<gc-op id="98" type="mark" timems="1.261" contextid="95" timestamp="2019-07-02T19:17:10.379">
  <trace-info objectcount="2108" scancount="1673" scanbytes="336184" />
  <cardclean-info objects="1128" bytes="56456" />
  <remembered-set-cleared processed="3488" cleared="721" durationms="0.076" />
  <references type="phantom" candidates="1" cleared="0" enqueued="0" />
  <stringconstants candidates="3947" cleared="0"  />
  <warning details="Mark invoked due to insufficient free space for Copy-Forward" />
</gc-op>
<gc-op id="99" type="classunload" timems="0.002" contextid="95" timestamp="2019-07-02T19:17:10.379">
  <classunload-info classloadercandidates="20" classloadersunloaded="0" classesunloaded="0" anonymousclassesunloaded="0" quiescems="0.000" setupms="0.002" scanms="0.000" postms="0.000" />
</gc-op>
<gc-op id="100" type="sweep" timems="0.332" contextid="95" timestamp="2019-07-02T19:17:10.379" />
<gc-op id="101" type="compact" timems="2.581" contextid="95" timestamp="2019-07-02T19:17:10.382">
  <compact-info movecount="8833" movebytes="1083320" />
  <remembered-set-cleared processed="5515" cleared="2352" durationms="0.076" />
</gc-op>
<gc-end id="102" type="partial gc" contextid="95" durationms="5.336" usertimems="8.000" systemtimems="0.000" timestamp="2019-07-02T19:17:10.382" activeThreads="4">
  <mem-info id="103" free="5242880" total="12582912" percent="41">
    <mem type="eden" free="286520" total="1048576" percent="27" />
    <remembered-set count="4704" freebytes="483456" totalbytes="502272" percent="96" regionsoverflowed="0" regionsstable="0" regionsrebuilding="0"/>
  </mem-info>
</gc-end>
<cycle-end id="104" type="partial gc" contextid="95" timestamp="2019-07-02T19:17:10.382">
  <attribute name="GC Util" value="23" />
  <attribute name="CPU Util" value="33309397018868" />
  <attribute name="Time Running"value="1096"/>
  <attribute name="Number of cores"value="4"/>
</cycle-end>
<exclusive-end id="105" timestamp="2019-07-02T19:17:10.383" durationms="6.122" />

<exclusive-start id="106" timestamp="2019-07-02T19:17:10.439" intervalms="62.337">
  <response-info timems="0.045" idlems="0.045" threads="0" lastid="000000000242F500" lastname="Thread-6" />
</exclusive-start>
<allocation-taxation id="107" taxation-threshold="5242880" timestamp="2019-07-02T19:17:10.439" intervalms="62.333" />
<cycle-start id="108" type="partial gc" contextid="0" timestamp="2019-07-02T19:17:10.439" intervalms="62.312" />
  <attribute name="GC Util" value="23" />
  <attribute name="CPU Util" value="33309397018868" />
  <attribute name="Time Running"value="1096"/>
  <attribute name="Number of cores"value="4"/>
<gc-start id="109" type="partial gc" contextid="108" timestamp="2019-07-02T19:17:10.439">
  <mem-info id="110" free="0" total="12582912" percent="0">
    <mem type="eden" free="0" total="5242880" percent="0" />
    <remembered-set count="4544" freebytes="484096" totalbytes="502272" percent="96" regionsoverflowed="0" regionsstable="0" regionsrebuilding="0"/>
  </mem-info>
</gc-start>
<allocation-stats totalBytes="5237360" >
  <allocated-bytes non-tlh="0" tlh="5237360" arrayletleaf="0"/>
  <largest-consumer threadName="Thread-5" threadId="000000000242BA00" bytes="1457376" />
</allocation-stats>
<gc-op id="111" type="mark" timems="1.436" contextid="108" timestamp="2019-07-02T19:17:10.441">
  <trace-info objectcount="2205" scancount="1750" scanbytes="404204" />
  <cardclean-info objects="1150" bytes="58080" />
  <remembered-set-cleared processed="3360" cleared="644" durationms="0.087" />
  <stringconstants candidates="3947" cleared="0"  />
  <warning details="Mark invoked due to insufficient free space for Copy-Forward" />
</gc-op>
<gc-op id="112" type="classunload" timems="0.002" contextid="108" timestamp="2019-07-02T19:17:10.441">
  <classunload-info classloadercandidates="20" classloadersunloaded="0" classesunloaded="0" anonymousclassesunloaded="0" quiescems="0.000" setupms="0.002" scanms="0.000" postms="0.000" />
</gc-op>
<gc-op id="113" type="sweep" timems="0.363" contextid="108" timestamp="2019-07-02T19:17:10.442" />
<gc-op id="114" type="compact" timems="1.391" contextid="108" timestamp="2019-07-02T19:17:10.443">
  <compact-info movecount="2201" movebytes="883592" />
  <remembered-set-cleared processed="6923" cleared="1290" durationms="0.087" />
</gc-op>
<heap-resize id="115" type="expand" space="default" amount="1048576" count="1" timems="0.066" reason="insufficient free space following gc" timestamp="2019-07-02T19:17:10.444" />
<gc-end id="116" type="partial gc" contextid="108" durationms="4.620" usertimems="4.000" systemtimems="0.000" timestamp="2019-07-02T19:17:10.444" activeThreads="4">
  <mem-info id="117" free="5242880" total="13631488" percent="38">
    <mem type="eden" free="168280" total="1048576" percent="16" />
    <remembered-set count="4768" freebytes="525056" totalbytes="544128" percent="96" regionsoverflowed="0" regionsstable="0" regionsrebuilding="0"/>
  </mem-info>
</gc-end>
<cycle-end id="118" type="partial gc" contextid="108" timestamp="2019-07-02T19:17:10.444">
  <attribute name="GC Util" value="21" />
  <attribute name="CPU Util" value="30207385442787" />
  <attribute name="Time Running"value="1158"/>
  <attribute name="Number of cores"value="4"/>
</cycle-end>
<exclusive-end id="119" timestamp="2019-07-02T19:17:10.444" durationms="5.444" />

<exclusive-start id="120" timestamp="2019-07-02T19:17:10.459" intervalms="20.345">
  <response-info timems="0.048" idlems="0.048" threads="0" lastid="000000000242F500" lastname="Thread-6" />
</exclusive-start>
<allocation-taxation id="121" taxation-threshold="2097152" timestamp="2019-07-02T19:17:10.459" intervalms="20.317" />
<cycle-start id="122" type="global mark phase" contextid="0" timestamp="2019-07-02T19:17:10.459" intervalms="435.051" />
  <attribute name="GC Util" value="21" />
  <attribute name="CPU Util" value="30207385442787" />
  <attribute name="Time Running"value="1158"/>
  <attribute name="Number of cores"value="4"/>
<gc-start id="123" type="global mark phase" contextid="122" timestamp="2019-07-02T19:17:10.459">
  <mem-info id="124" free="3145728" total="13631488" percent="23">
    <remembered-set count="4608" freebytes="525696" totalbytes="544128" percent="96" regionsoverflowed="0" regionsstable="0" regionsrebuilding="0"/>
  </mem-info>
</gc-start>
<gc-op id="125" type="mark increment" timems="0.428" contextid="122" timestamp="2019-07-02T19:17:10.460">
  <trace-info objectcount="230" scancount="0" scanbytes="0" />
</gc-op>
<gc-end id="126" type="global mark phase" contextid="122" durationms="0.540" usertimems="0.000" systemtimems="0.000" timestamp="2019-07-02T19:17:10.460" activeThreads="4">
  <mem-info id="127" free="3145728" total="13631488" percent="23">
    <remembered-set count="4608" freebytes="525696" totalbytes="544128" percent="96" regionsoverflowed="0" regionsstable="0" regionsrebuilding="0"/>
  </mem-info>
</gc-end>
<concurrent-start id="128" type="GMP work packet processing" contextid="122" timestamp="2019-07-02T19:17:10.460">
  <concurrent-mark-start scanTarget="18446744073709551615" />
</concurrent-start>
<exclusive-end id="129" timestamp="2019-07-02T19:17:10.460" durationms="0.860" />

<concurrent-end id="130" type="GMP work packet processing" contextid="122" timestamp="2019-07-02T19:17:10.462">
  <concurrent-mark-end bytesScanned="1574528" reasonForTermination="Completed all work in GC phase" />
</concurrent-end>

<exclusive-start id="131" timestamp="2019-07-02T19:17:10.476" intervalms="17.099">
  <response-info timems="0.035" idlems="0.035" threads="0" lastid="0000000002427E00" lastname="Thread-4" />
</exclusive-start>
<allocation-taxation id="132" taxation-threshold="2097152" timestamp="2019-07-02T19:17:10.476" intervalms="17.110" />
<cycle-start id="133" type="partial gc" contextid="0" timestamp="2019-07-02T19:17:10.477" intervalms="37.586" />
  <attribute name="GC Util" value="149" />
  <attribute name="CPU Util" value="49731467560631" />
  <attribute name="Time Running"value="1176"/>
  <attribute name="Number of cores"value="4"/>
<gc-start id="134" type="partial gc" contextid="133" timestamp="2019-07-02T19:17:10.477">
  <mem-info id="135" free="1048576" total="13631488" percent="7">
    <mem type="eden" free="0" total="4194304" percent="0" />
    <remembered-set count="4608" freebytes="525696" totalbytes="544128" percent="96" regionsoverflowed="0" regionsstable="0" regionsrebuilding="0"/>
  </mem-info>
</gc-start>
<allocation-stats totalBytes="4133128" >
  <allocated-bytes non-tlh="32776" tlh="4100352" arrayletleaf="0"/>
  <largest-consumer threadName="Thread-4" threadId="0000000002427E00" bytes="955968" />
</allocation-stats>
<gc-op id="136" type="copy forward" timems="3.009" contextid="133" timestamp="2019-07-02T19:17:10.480">
  <memory-copied type="eden" objects="1404" bytes="545176" bytesdiscarded="175280" />
  <memory-copied type="other" objects="780" bytes="305616" bytesdiscarded="584" />
  <memory-cardclean objects="982" bytes="51208" />
  <remembered-set-cleared processed="3451" cleared="637" durationms="0.071" />
  <references type="weak" candidates="1" cleared="0" enqueued="0" />
  <references type="phantom" candidates="1" cleared="0" enqueued="0" />
  <stringconstants candidates="3947" cleared="0"  />
  <heap-resize type="expand" space="default" amount="1048576" count="1" timems="0.206" reason="continue current collection" />
</gc-op>
<gc-op id="137" type="classunload" timems="0.002" contextid="133" timestamp="2019-07-02T19:17:10.480">
  <classunload-info classloadercandidates="20" classloadersunloaded="0" classesunloaded="0" anonymousclassesunloaded="0" quiescems="0.000" setupms="0.002" scanms="0.000" postms="0.000" />
</gc-op>
<gc-op id="138" type="compact" timems="0.835" contextid="133" timestamp="2019-07-02T19:17:10.481">
  <compact-info movecount="0" movebytes="0" />
  <remembered-set-cleared processed="6852" cleared="637" durationms="0.071" />
</gc-op>
<heap-resize id="139" type="expand" space="default" amount="2097152" count="1" timems="0.057" reason="insufficient free space following gc" timestamp="2019-07-02T19:17:10.481" />
<gc-end id="140" type="partial gc" contextid="133" durationms="4.883" usertimems="8.000" systemtimems="0.000" timestamp="2019-07-02T19:17:10.482" activeThreads="4">
  <mem-info id="141" free="7340032" total="16777216" percent="43">
    <mem type="eden" free="328080" total="1048576" percent="31" />
    <remembered-set count="4672" freebytes="651008" totalbytes="669696" percent="97" regionsoverflowed="0" regionsstable="0" regionsrebuilding="0"/>
  </mem-info>
</gc-end>
<cycle-end id="142" type="partial gc" contextid="133" timestamp="2019-07-02T19:17:10.482">
  <attribute name="GC Util" value="81" />
  <attribute name="CPU Util" value="5767482250497" />
  <attribute name="Time Running"value="1197"/>
  <attribute name="Number of cores"value="4"/>
</cycle-end>
<exclusive-end id="143" timestamp="2019-07-02T19:17:10.482" durationms="5.704" />

<exclusive-start id="144" timestamp="2019-07-02T19:17:10.512" intervalms="35.327">
  <response-info timems="0.035" idlems="0.035" threads="0" lastid="000000000242F500" lastname="Thread-6" />
</exclusive-start>
<allocation-taxation id="145" taxation-threshold="3145728" timestamp="2019-07-02T19:17:10.512" intervalms="35.333" />
<gc-start id="146" type="global mark phase" contextid="122" timestamp="2019-07-02T19:17:10.512">
  <mem-info id="147" free="4194304" total="16777216" percent="25">
    <remembered-set count="2976" freebytes="657792" totalbytes="669696" percent="98" regionsoverflowed="0" regionsstable="1" regionsrebuilding="0"/>
  </mem-info>
</gc-start>
<gc-op id="148" type="mark increment" timems="1.292" contextid="122" timestamp="2019-07-02T19:17:10.513">
  <trace-info objectcount="1931" scancount="1619" scanbytes="471648" />
  <cardclean-info objects="1468" bytes="220368" />
  <finalization candidates="25" enqueued="0" />
  <references type="soft" candidates="164" cleared="0" enqueued="0" dynamicThreshold="14" maxThreshold="32" />
  <references type="weak" candidates="282" cleared="0" enqueued="0" />
  <references type="phantom" candidates="96" cleared="0" enqueued="0" />
  <stringconstants candidates="3947" cleared="0"  />
</gc-op>
<gc-op id="149" type="classunload" timems="0.004" contextid="122" timestamp="2019-07-02T19:17:10.513">
  <classunload-info classloadercandidates="20" classloadersunloaded="0" classesunloaded="0" anonymousclassesunloaded="0" quiescems="0.000" setupms="0.004" scanms="0.000" postms="0.000" />
</gc-op>
<gc-end id="150" type="global mark phase" contextid="122" durationms="1.529" usertimems="0.000" systemtimems="0.000" timestamp="2019-07-02T19:17:10.513" activeThreads="4">
  <mem-info id="151" free="4194304" total="16777216" percent="25">
    <remembered-set count="2976" freebytes="657792" totalbytes="669696" percent="98" regionsoverflowed="0" regionsstable="1" regionsrebuilding="0"/>
  </mem-info>
</gc-end>
<cycle-end id="152" type="global mark phase" contextid="122" timestamp="2019-07-02T19:17:10.513">
  <attribute name="GC Util" value="65" />
  <attribute name="CPU Util" value="88686269552899" />
  <attribute name="Time Running"value="1229"/>
  <attribute name="Number of cores"value="4"/>
</cycle-end>
<exclusive-end id="153" timestamp="2019-07-02T19:17:10.513" durationms="1.890" />

<exclusive-start id="154" timestamp="2019-07-02T19:17:10.535" intervalms="23.110">
  <response-info timems="0.031" idlems="0.031" threads="0" lastid="0000000002424200" lastname="Thread-3" />
</exclusive-start>
<allocation-taxation id="155" taxation-threshold="3145728" timestamp="2019-07-02T19:17:10.535" intervalms="23.111" />
<cycle-start id="156" type="partial gc" contextid="0" timestamp="2019-07-02T19:17:10.535" intervalms="58.293" />
  <attribute name="GC Util" value="65" />
  <attribute name="CPU Util" value="88686269552899" />
  <attribute name="Time Running"value="1229"/>
  <attribute name="Number of cores"value="4"/>
<gc-start id="157" type="partial gc" contextid="156" timestamp="2019-07-02T19:17:10.535">
  <mem-info id="158" free="1048576" total="16777216" percent="6">
    <mem type="eden" free="0" total="6291456" percent="0" />
    <remembered-set count="2976" freebytes="657792" totalbytes="669696" percent="98" regionsoverflowed="0" regionsstable="1" regionsrebuilding="0"/>
  </mem-info>
</gc-start>
<allocation-stats totalBytes="6220368" >
  <allocated-bytes non-tlh="131104" tlh="6089264" arrayletleaf="0"/>
  <largest-consumer threadName="Thread-4" threadId="0000000002427E00" bytes="1313736" />
</allocation-stats>
<gc-op id="159" type="sweep" timems="0.464" contextid="156" timestamp="2019-07-02T19:17:10.536" />
<gc-op id="160" type="copy forward" timems="1.991" contextid="156" timestamp="2019-07-02T19:17:10.538">
  <memory-copied type="eden" objects="2485" bytes="879096" bytesdiscarded="97928" />
  <memory-copied type="other" objects="173" bytes="129064" bytesdiscarded="23208" />
  <memory-cardclean objects="1277" bytes="147056" />
  <remembered-set-cleared processed="2221" cleared="436" durationms="0.071" />
  <stringconstants candidates="3947" cleared="0"  />
  <heap-resize type="expand" space="default" amount="2097152" count="2" timems="0.129" reason="continue current collection" />
</gc-op>
<gc-op id="161" type="classunload" timems="0.002" contextid="156" timestamp="2019-07-02T19:17:10.538">
  <classunload-info classloadercandidates="20" classloadersunloaded="0" classesunloaded="0" anonymousclassesunloaded="0" quiescems="0.000" setupms="0.002" scanms="0.000" postms="0.000" />
</gc-op>
<gc-op id="162" type="compact" timems="0.945" contextid="156" timestamp="2019-07-02T19:17:10.539">
  <compact-info movecount="0" movebytes="0" />
  <remembered-set-cleared processed="4603" cleared="436" durationms="0.071" />
</gc-op>
<gc-end id="163" type="partial gc" contextid="156" durationms="4.633" usertimems="4.000" systemtimems="0.000" timestamp="2019-07-02T19:17:10.540" activeThreads="4">
  <mem-info id="164" free="7340032" total="18874368" percent="38">
    <mem type="eden" free="977104" total="2097152" percent="46" />
    <remembered-set count="3488" freebytes="739456" totalbytes="753408" percent="98" regionsoverflowed="0" regionsstable="1" regionsrebuilding="0"/>
  </mem-info>
</gc-end>
<cycle-end id="165" type="partial gc" contextid="156" timestamp="2019-07-02T19:17:10.540">
  <attribute name="GC Util" value="64" />
  <attribute name="CPU Util" value="8069858403310" />
  <attribute name="Time Running"value="1255"/>
  <attribute name="Number of cores"value="4"/>
</cycle-end>
<exclusive-end id="166" timestamp="2019-07-02T19:17:10.540" durationms="5.341" />

<exclusive-start id="167" timestamp="2019-07-02T19:17:10.561" intervalms="26.184">
  <response-info timems="0.036" idlems="0.036" threads="0" lastid="0000000002424200" lastname="Thread-3" />
</exclusive-start>
<allocation-taxation id="168" taxation-threshold="3145728" timestamp="2019-07-02T19:17:10.561" intervalms="26.188" />
<cycle-start id="169" type="global mark phase" contextid="0" timestamp="2019-07-02T19:17:10.561" intervalms="101.758" />
  <attribute name="GC Util" value="64" />
  <attribute name="CPU Util" value="8069858403310" />
  <attribute name="Time Running"value="1255"/>
  <attribute name="Number of cores"value="4"/>
<gc-start id="170" type="global mark phase" contextid="169" timestamp="2019-07-02T19:17:10.561">
  <mem-info id="171" free="4194304" total="18874368" percent="22">
    <remembered-set count="3040" freebytes="741248" totalbytes="753408" percent="98" regionsoverflowed="0" regionsstable="1" regionsrebuilding="0"/>
  </mem-info>
</gc-start>
<gc-op id="172" type="mark increment" timems="0.453" contextid="169" timestamp="2019-07-02T19:17:10.562">
  <trace-info objectcount="201" scancount="0" scanbytes="0" />
</gc-op>
<gc-end id="173" type="global mark phase" contextid="169" durationms="0.561" usertimems="0.000" systemtimems="0.000" timestamp="2019-07-02T19:17:10.562" activeThreads="4">
  <mem-info id="174" free="4194304" total="18874368" percent="22">
    <remembered-set count="3040" freebytes="741248" totalbytes="753408" percent="98" regionsoverflowed="0" regionsstable="0" regionsrebuilding="1"/>
  </mem-info>
</gc-end>
<concurrent-start id="175" type="GMP work packet processing" contextid="169" timestamp="2019-07-02T19:17:10.562">
  <concurrent-mark-start scanTarget="18446744073709551615" />
</concurrent-start>
<exclusive-end id="176" timestamp="2019-07-02T19:17:10.562" durationms="0.928" />

<concurrent-end id="177" type="GMP work packet processing" contextid="169" timestamp="2019-07-02T19:17:10.564">
  <concurrent-mark-end bytesScanned="1613716" reasonForTermination="Completed all work in GC phase" />
</concurrent-end>

<exclusive-start id="178" timestamp="2019-07-02T19:17:10.589" intervalms="28.517">
  <response-info timems="0.046" idlems="0.046" threads="0" lastid="000000000242F500" lastname="Thread-6" />
</exclusive-start>
<allocation-taxation id="179" taxation-threshold="3145728" timestamp="2019-07-02T19:17:10.589" intervalms="28.515" />
<cycle-start id="180" type="partial gc" contextid="0" timestamp="2019-07-02T19:17:10.590" intervalms="54.706" />
  <attribute name="GC Util" value="162" />
  <attribute name="CPU Util" value="49960712482114" />
  <attribute name="Time Running"value="1278"/>
  <attribute name="Number of cores"value="4"/>
<gc-start id="181" type="partial gc" contextid="180" timestamp="2019-07-02T19:17:10.590">
  <mem-info id="182" free="1048576" total="18874368" percent="5">
    <mem type="eden" free="0" total="6291456" percent="0" />
    <remembered-set count="5504" freebytes="731392" totalbytes="753408" percent="97" regionsoverflowed="0" regionsstable="0" regionsrebuilding="1"/>
  </mem-info>
</gc-start>
<allocation-stats totalBytes="6137640" >
  <allocated-bytes non-tlh="147496" tlh="5990144" arrayletleaf="0"/>
  <largest-consumer threadName="Thread-4" threadId="0000000002427E00" bytes="1398584" />
</allocation-stats>
<gc-op id="183" type="copy forward" timems="2.053" contextid="180" timestamp="2019-07-02T19:17:10.592">
  <memory-copied type="eden" objects="2483" bytes="1017288" bytesdiscarded="141992" />
  <memory-copied type="other" objects="90" bytes="41232" bytesdiscarded="22344" />
  <memory-cardclean objects="1156" bytes="108160" />
  <remembered-set-cleared processed="4704" cleared="737" durationms="0.076" />
  <references type="phantom" candidates="1" cleared="0" enqueued="0" />
  <stringconstants candidates="3947" cleared="0"  />
  <heap-resize type="expand" space="default" amount="2097152" count="2" timems="0.112" reason="continue current collection" />
</gc-op>
<gc-op id="184" type="classunload" timems="0.003" contextid="180" timestamp="2019-07-02T19:17:10.592">
  <classunload-info classloadercandidates="20" classloadersunloaded="0" classesunloaded="0" anonymousclassesunloaded="0" quiescems="0.000" setupms="0.002" scanms="0.000" postms="0.000" />
</gc-op>
<gc-op id="185" type="compact" timems="1.981" contextid="180" timestamp="2019-07-02T19:17:10.595">
  <compact-info movecount="0" movebytes="0" />
  <remembered-set-cleared processed="7794" cleared="2927" durationms="0.077" />
</gc-op>
<gc-end id="186" type="partial gc" contextid="180" durationms="5.150" usertimems="8.000" systemtimems="0.000" timestamp="2019-07-02T19:17:10.595" activeThreads="4">
  <mem-info id="187" free="8388608" total="20971520" percent="40">
    <mem type="eden" free="937792" total="2097152" percent="44" />
    <remembered-set count="5728" freebytes="814208" totalbytes="837120" percent="97" regionsoverflowed="0" regionsstable="0" regionsrebuilding="1"/>
  </mem-info>
</gc-end>
<cycle-end id="188" type="partial gc" contextid="180" timestamp="2019-07-02T19:17:10.595">
  <attribute name="GC Util" value="67" />
  <attribute name="CPU Util" value="7787461479400" />
  <attribute name="Time Running"value="1309"/>
  <attribute name="Number of cores"value="4"/>
</cycle-end>
<exclusive-end id="189" timestamp="2019-07-02T19:17:10.595" durationms="5.790" />

<exclusive-start id="190" timestamp="2019-07-02T19:17:10.632" intervalms="42.503">
  <response-info timems="0.035" idlems="0.035" threads="0" lastid="0000000002427E00" lastname="Thread-4" />
</exclusive-start>
<allocation-taxation id="191" taxation-threshold="4194304" timestamp="2019-07-02T19:17:10.632" intervalms="42.492" />
<gc-start id="192" type="global mark phase" contextid="169" timestamp="2019-07-02T19:17:10.632">
  <mem-info id="193" free="4194304" total="20971520" percent="20">
    <remembered-set count="5472" freebytes="815232" totalbytes="837120" percent="97" regionsoverflowed="0" regionsstable="0" regionsrebuilding="1"/>
  </mem-info>
</gc-start>
<gc-op id="194" type="mark increment" timems="2.227" contextid="169" timestamp="2019-07-02T19:17:10.634">
  <trace-info objectcount="8614" scancount="6124" scanbytes="575476" />
  <cardclean-info objects="16211" bytes="779552" />
  <finalization candidates="25" enqueued="0" />
  <references type="soft" candidates="164" cleared="0" enqueued="0" dynamicThreshold="12" maxThreshold="32" />
  <references type="weak" candidates="282" cleared="0" enqueued="0" />
  <references type="phantom" candidates="95" cleared="0" enqueued="0" />
  <stringconstants candidates="3947" cleared="0"  />
</gc-op>
<gc-op id="195" type="classunload" timems="0.003" contextid="169" timestamp="2019-07-02T19:17:10.634">
  <classunload-info classloadercandidates="20" classloadersunloaded="0" classesunloaded="0" anonymousclassesunloaded="0" quiescems="0.000" setupms="0.003" scanms="0.000" postms="0.000" />
</gc-op>
<gc-end id="196" type="global mark phase" contextid="169" durationms="2.448" usertimems="4.000" systemtimems="0.000" timestamp="2019-07-02T19:17:10.634" activeThreads="4">
  <mem-info id="197" free="4194304" total="20971520" percent="20">
    <remembered-set count="7520" freebytes="807040" totalbytes="837120" percent="96" regionsoverflowed="0" regionsstable="0" regionsrebuilding="0"/>
  </mem-info>
</gc-end>
<cycle-end id="198" type="global mark phase" contextid="169" timestamp="2019-07-02T19:17:10.635">
  <attribute name="GC Util" value="81" />
  <attribute name="CPU Util" value="43254189749966" />
  <attribute name="Time Running"value="1350"/>
  <attribute name="Number of cores"value="4"/>
</cycle-end>
<exclusive-end id="199" timestamp="2019-07-02T19:17:10.635" durationms="2.733" />

<exclusive-start id="200" timestamp="2019-07-02T19:17:10.665" intervalms="33.587">
  <response-info timems="0.044" idlems="0.044" threads="0" lastid="000000000242F500" lastname="Thread-6" />
</exclusive-start>
<allocation-taxation id="201" taxation-threshold="4194304" timestamp="2019-07-02T19:17:10.666" intervalms="33.594" />
<cycle-start id="202" type="partial gc" contextid="0" timestamp="2019-07-02T19:17:10.666" intervalms="76.084" />
  <attribute name="GC Util" value="81" />
  <attribute name="CPU Util" value="43254189749966" />
  <attribute name="Time Running"value="1350"/>
  <attribute name="Number of cores"value="4"/>
<gc-start id="203" type="partial gc" contextid="202" timestamp="2019-07-02T19:17:10.666">
  <mem-info id="204" free="0" total="20971520" percent="0">
    <mem type="eden" free="0" total="8388608" percent="0" />
    <remembered-set count="4384" freebytes="819584" totalbytes="837120" percent="97" regionsoverflowed="0" regionsstable="1" regionsrebuilding="0"/>
  </mem-info>
</gc-start>
<allocation-stats totalBytes="8329664" >
  <allocated-bytes non-tlh="131104" tlh="8198560" arrayletleaf="0"/>
  <largest-consumer threadName="Thread-6" threadId="000000000242F500" bytes="1466144" />
</allocation-stats>
<gc-op id="205" type="sweep" timems="0.397" contextid="202" timestamp="2019-07-02T19:17:10.666" />
<gc-op id="206" type="mark" timems="1.169" contextid="202" timestamp="2019-07-02T19:17:10.668">
  <trace-info objectcount="2509" scancount="2035" scanbytes="419176" />
  <cardclean-info objects="1153" bytes="58708" />
  <remembered-set-cleared processed="2300" cleared="494" durationms="0.073" />
  <stringconstants candidates="3947" cleared="0"  />
  <warning details="Mark invoked due to insufficient free space for Copy-Forward" />
</gc-op>
<gc-op id="207" type="classunload" timems="0.002" contextid="202" timestamp="2019-07-02T19:17:10.668">
  <classunload-info classloadercandidates="20" classloadersunloaded="0" classesunloaded="0" anonymousclassesunloaded="0" quiescems="0.000" setupms="0.002" scanms="0.000" postms="0.000" />
</gc-op>
<gc-op id="208" type="sweep" timems="0.344" contextid="202" timestamp="2019-07-02T19:17:10.669" />
<gc-op id="209" type="compact" timems="1.240" contextid="202" timestamp="2019-07-02T19:17:10.670">
  <compact-info movecount="2509" movebytes="1020040" />
  <remembered-set-cleared processed="4937" cleared="1169" durationms="0.209" />
</gc-op>
<gc-end id="210" type="partial gc" contextid="202" durationms="4.533" usertimems="8.000" systemtimems="0.000" timestamp="2019-07-02T19:17:10.670" activeThreads="4">
  <mem-info id="211" free="8388608" total="20971520" percent="40">
    <mem type="eden" free="29456" total="1048576" percent="2" />
    <remembered-set count="4128" freebytes="820608" totalbytes="837120" percent="98" regionsoverflowed="0" regionsstable="1" regionsrebuilding="0"/>
  </mem-info>
</gc-end>
<cycle-end id="212" type="partial gc" contextid="202" timestamp="2019-07-02T19:17:10.671">
  <attribute name="GC Util" value="18" />
  <attribute name="CPU Util" value="30947849231219" />
  <attribute name="Time Running"value="1385"/>
  <attribute name="Number of cores"value="4"/>
</cycle-end>
<exclusive-end id="213" timestamp="2019-07-02T19:17:10.671" durationms="5.154" />

<exclusive-start id="214" timestamp="2019-07-02T19:17:10.735" intervalms="69.098">
  <response-info timems="0.062" idlems="0.062" threads="0" lastid="000000000242BA00" lastname="Thread-5" />
</exclusive-start>
<allocation-taxation id="215" taxation-threshold="8388608" timestamp="2019-07-02T19:17:10.735" intervalms="69.099" />
<cycle-start id="216" type="partial gc" contextid="0" timestamp="2019-07-02T19:17:10.735" intervalms="69.090" />
  <attribute name="GC Util" value="18" />
  <attribute name="CPU Util" value="30947849231219" />
  <attribute name="Time Running"value="1385"/>
  <attribute name="Number of cores"value="4"/>
<gc-start id="217" type="partial gc" contextid="216" timestamp="2019-07-02T19:17:10.735">
  <mem-info id="218" free="0" total="20971520" percent="0">
    <mem type="eden" free="0" total="8388608" percent="0" />
    <remembered-set count="3968" freebytes="821248" totalbytes="837120" percent="98" regionsoverflowed="0" regionsstable="1" regionsrebuilding="0"/>
  </mem-info>
</gc-start>
<allocation-stats totalBytes="8374360" >
  <allocated-bytes non-tlh="16392" tlh="8357968" arrayletleaf="0"/>
  <largest-consumer threadName="Thread-4" threadId="0000000002427E00" bytes="2391016" />
</allocation-stats>
<gc-op id="219" type="mark" timems="1.209" contextid="216" timestamp="2019-07-02T19:17:10.737">
  <trace-info objectcount="2590" scancount="2083" scanbytes="419888" />
  <cardclean-info objects="1158" bytes="58872" />
  <remembered-set-cleared processed="2467" cleared="630" durationms="0.069" />
  <stringconstants candidates="3947" cleared="0"  />
  <warning details="Mark invoked due to insufficient free space for Copy-Forward" />
</gc-op>
<gc-op id="220" type="classunload" timems="0.002" contextid="216" timestamp="2019-07-02T19:17:10.737">
  <classunload-info classloadercandidates="20" classloadersunloaded="0" classesunloaded="0" anonymousclassesunloaded="0" quiescems="0.000" setupms="0.002" scanms="0.000" postms="0.000" />
</gc-op>
<gc-op id="221" type="sweep" timems="0.329" contextid="216" timestamp="2019-07-02T19:17:10.737" />
<gc-op id="222" type="compact" timems="2.019" contextid="216" timestamp="2019-07-02T19:17:10.739">
  <compact-info movecount="2581" movebytes="937080" />
  <remembered-set-cleared processed="3495" cleared="1395" durationms="0.069" />
</gc-op>
<gc-end id="223" type="partial gc" contextid="216" durationms="4.717" usertimems="8.000" systemtimems="0.000" timestamp="2019-07-02T19:17:10.740" activeThreads="4">
  <mem-info id="224" free="7340032" total="20971520" percent="35">
    <mem type="eden" free="29904" total="1048576" percent="2" />
    <remembered-set count="4544" freebytes="818944" totalbytes="837120" percent="97" regionsoverflowed="0" regionsstable="1" regionsrebuilding="0"/>
  </mem-info>
</gc-end>
<cycle-end id="225" type="partial gc" contextid="216" timestamp="2019-07-02T19:17:10.740">
  <attribute name="GC Util" value="18" />
  <attribute name="CPU Util" value="31643784311427" />
  <attribute name="Time Running"value="1454"/>
  <attribute name="Number of cores"value="4"/>
</cycle-end>
<exclusive-end id="226" timestamp="2019-07-02T19:17:10.740" durationms="5.395" />

<exclusive-start id="227" timestamp="2019-07-02T19:17:10.767" intervalms="32.325">
  <response-info timems="0.033" idlems="0.033" threads="0" lastid="0000000002424200" lastname="Thread-3" />
</exclusive-start>
<allocation-taxation id="228" taxation-threshold="3145728" timestamp="2019-07-02T19:17:10.767" intervalms="32.325" />
<cycle-start id="229" type="global mark phase" contextid="0" timestamp="2019-07-02T19:17:10.767" intervalms="206.018" />
  <attribute name="GC Util" value="18" />
  <attribute name="CPU Util" value="31643784311427" />
  <attribute name="Time Running"value="1454"/>
  <attribute name="Number of cores"value="4"/>
<gc-start id="230" type="global mark phase" contextid="229" timestamp="2019-07-02T19:17:10.767">
  <mem-info id="231" free="4194304" total="20971520" percent="20">
    <remembered-set count="4224" freebytes="820224" totalbytes="837120" percent="97" regionsoverflowed="0" regionsstable="1" regionsrebuilding="0"/>
  </mem-info>
</gc-start>
<gc-op id="232" type="mark increment" timems="0.438" contextid="229" timestamp="2019-07-02T19:17:10.768">
  <trace-info objectcount="232" scancount="0" scanbytes="0" />
</gc-op>
<gc-end id="233" type="global mark phase" contextid="229" durationms="0.546" usertimems="0.000" systemtimems="0.000" timestamp="2019-07-02T19:17:10.768" activeThreads="4">
  <mem-info id="234" free="4194304" total="20971520" percent="20">
    <remembered-set count="4224" freebytes="820224" totalbytes="837120" percent="97" regionsoverflowed="0" regionsstable="0" regionsrebuilding="1"/>
  </mem-info>
</gc-end>
<concurrent-start id="235" type="GMP work packet processing" contextid="229" timestamp="2019-07-02T19:17:10.768">
  <concurrent-mark-start scanTarget="18446744073709551615" />
</concurrent-start>
<exclusive-end id="236" timestamp="2019-07-02T19:17:10.768" durationms="0.896" />

<concurrent-end id="237" type="GMP work packet processing" contextid="229" timestamp="2019-07-02T19:17:10.770">
  <concurrent-mark-end bytesScanned="1542832" reasonForTermination="Completed all work in GC phase" />
</concurrent-end>

<exclusive-start id="238" timestamp="2019-07-02T19:17:10.791" intervalms="24.576">
  <response-info timems="0.039" idlems="0.039" threads="0" lastid="0000000002427E00" lastname="Thread-4" />
</exclusive-start>
<allocation-taxation id="239" taxation-threshold="3145728" timestamp="2019-07-02T19:17:10.792" intervalms="24.578" />
<cycle-start id="240" type="partial gc" contextid="0" timestamp="2019-07-02T19:17:10.792" intervalms="56.909" />
  <attribute name="GC Util" value="156" />
  <attribute name="CPU Util" value="48914785913716" />
  <attribute name="Time Running"value="1484"/>
  <attribute name="Number of cores"value="4"/>
<gc-start id="241" type="partial gc" contextid="240" timestamp="2019-07-02T19:17:10.792">
  <mem-info id="242" free="1048576" total="20971520" percent="5">
    <mem type="eden" free="0" total="6291456" percent="0" />
    <remembered-set count="5920" freebytes="813440" totalbytes="837120" percent="97" regionsoverflowed="0" regionsstable="0" regionsrebuilding="1"/>
  </mem-info>
</gc-start>
<allocation-stats totalBytes="6252784" >
  <allocated-bytes non-tlh="0" tlh="6252784" arrayletleaf="0"/>
  <largest-consumer threadName="Thread-3" threadId="0000000002424200" bytes="1112848" />
</allocation-stats>
<gc-op id="243" type="copy forward" timems="1.634" contextid="240" timestamp="2019-07-02T19:17:10.794">
  <memory-copied type="eden" objects="2701" bytes="978656" bytesdiscarded="159776" />
  <memory-copied type="other" objects="1" bytes="104" bytesdiscarded="0" />
  <memory-cardclean objects="1157" bytes="58848" />
  <remembered-set-cleared processed="4765" cleared="853" durationms="0.085" />
  <stringconstants candidates="3947" cleared="0"  />
  <heap-resize type="expand" space="default" amount="2097152" count="2" timems="0.112" reason="continue current collection" />
</gc-op>
<gc-op id="244" type="classunload" timems="0.002" contextid="240" timestamp="2019-07-02T19:17:10.794">
  <classunload-info classloadercandidates="20" classloadersunloaded="0" classesunloaded="0" anonymousclassesunloaded="0" quiescems="0.000" setupms="0.002" scanms="0.000" postms="0.000" />
</gc-op>
<heap-resize id="245" type="expand" space="default" amount="3145728" count="1" timems="0.060" reason="insufficient free space following gc" timestamp="2019-07-02T19:17:10.794" />
<gc-end id="246" type="partial gc" contextid="240" durationms="2.472" usertimems="0.000" systemtimems="4.000" timestamp="2019-07-02T19:17:10.794" activeThreads="4">
  <mem-info id="247" free="10485760" total="26214400" percent="40">
    <mem type="eden" free="958656" total="2097152" percent="45" />
    <remembered-set count="6816" freebytes="1019136" totalbytes="1046400" percent="97" regionsoverflowed="0" regionsstable="0" regionsrebuilding="1"/>
  </mem-info>
</gc-end>
<cycle-end id="248" type="partial gc" contextid="240" timestamp="2019-07-02T19:17:10.794">
  <attribute name="GC Util" value="42" />
  <attribute name="CPU Util" value="93683472048045" />
  <attribute name="Time Running"value="1509"/>
  <attribute name="Number of cores"value="4"/>
</cycle-end>
<exclusive-end id="249" timestamp="2019-07-02T19:17:10.795" durationms="3.054" />

<exclusive-start id="250" timestamp="2019-07-02T19:17:10.835" intervalms="43.593">
  <response-info timems="0.059" idlems="0.059" threads="0" lastid="0000000002424200" lastname="Thread-3" />
</exclusive-start>
<allocation-taxation id="251" taxation-threshold="5242880" timestamp="2019-07-02T19:17:10.835" intervalms="43.594" />
<gc-start id="252" type="global mark phase" contextid="229" timestamp="2019-07-02T19:17:10.835">
  <mem-info id="253" free="5242880" total="26214400" percent="20">
    <remembered-set count="6656" freebytes="1019776" totalbytes="1046400" percent="97" regionsoverflowed="0" regionsstable="0" regionsrebuilding="1"/>
  </mem-info>
</gc-start>
<gc-op id="254" type="mark increment" timems="1.252" contextid="229" timestamp="2019-07-02T19:17:10.837">
  <trace-info objectcount="2142" scancount="1703" scanbytes="422904" />
  <cardclean-info objects="1507" bytes="157536" />
  <finalization candidates="25" enqueued="0" />
  <references type="soft" candidates="164" cleared="0" enqueued="0" dynamicThreshold="12" maxThreshold="32" />
  <references type="weak" candidates="282" cleared="0" enqueued="0" />
  <references type="phantom" candidates="95" cleared="0" enqueued="0" />
  <stringconstants candidates="3947" cleared="0"  />
</gc-op>
<gc-op id="255" type="classunload" timems="0.003" contextid="229" timestamp="2019-07-02T19:17:10.837">
  <classunload-info classloadercandidates="20" classloadersunloaded="0" classesunloaded="0" anonymousclassesunloaded="0" quiescems="0.000" setupms="0.003" scanms="0.000" postms="0.000" />
</gc-op>
<gc-end id="256" type="global mark phase" contextid="229" durationms="1.465" usertimems="4.000" systemtimems="0.000" timestamp="2019-07-02T19:17:10.837" activeThreads="4">
  <mem-info id="257" free="5242880" total="26214400" percent="20">
    <remembered-set count="7168" freebytes="1017728" totalbytes="1046400" percent="97" regionsoverflowed="0" regionsstable="0" regionsrebuilding="0"/>
  </mem-info>
</gc-end>
<cycle-end id="258" type="global mark phase" contextid="229" timestamp="2019-07-02T19:17:10.837">
  <attribute name="GC Util" value="47" />
  <attribute name="CPU Util" value="73065961346418" />
  <attribute name="Time Running"value="1552"/>
  <attribute name="Number of cores"value="4"/>
</cycle-end>
<exclusive-end id="259" timestamp="2019-07-02T19:17:10.837" durationms="1.780" />

<exclusive-start id="260" timestamp="2019-07-02T19:17:10.881" intervalms="46.339">
  <response-info timems="0.025" idlems="0.025" threads="0" lastid="0000000002427E00" lastname="Thread-4" />
</exclusive-start>
<allocation-taxation id="261" taxation-threshold="5242880" timestamp="2019-07-02T19:17:10.882" intervalms="46.411" />
<cycle-start id="262" type="partial gc" contextid="0" timestamp="2019-07-02T19:17:10.882" intervalms="90.006" />
  <attribute name="GC Util" value="47" />
  <attribute name="CPU Util" value="73065961346418" />
  <attribute name="Time Running"value="1552"/>
  <attribute name="Number of cores"value="4"/>
<gc-start id="263" type="partial gc" contextid="262" timestamp="2019-07-02T19:17:10.882">
  <mem-info id="264" free="0" total="26214400" percent="0">
    <mem type="eden" free="0" total="10485760" percent="0" />
    <remembered-set count="4288" freebytes="1029248" totalbytes="1046400" percent="98" regionsoverflowed="0" regionsstable="1" regionsrebuilding="0"/>
  </mem-info>
</gc-start>
<allocation-stats totalBytes="10403368" >
  <allocated-bytes non-tlh="0" tlh="10403368" arrayletleaf="0"/>
  <largest-consumer threadName="Thread-6" threadId="000000000242F500" bytes="1703080" />
</allocation-stats>
<gc-op id="265" type="sweep" timems="0.409" contextid="262" timestamp="2019-07-02T19:17:10.882" />
<gc-op id="266" type="mark" timems="1.429" contextid="262" timestamp="2019-07-02T19:17:10.884">
  <trace-info objectcount="1729" scancount="1422" scanbytes="325456" />
  <cardclean-info objects="1157" bytes="58888" />
  <remembered-set-cleared processed="2280" cleared="505" durationms="0.093" />
  <references type="phantom" candidates="2" cleared="0" enqueued="0" />
  <stringconstants candidates="3947" cleared="0"  />
  <warning details="Mark invoked due to insufficient free space for Copy-Forward" />
</gc-op>
<gc-op id="267" type="classunload" timems="0.002" contextid="262" timestamp="2019-07-02T19:17:10.884">
  <classunload-info classloadercandidates="20" classloadersunloaded="0" classesunloaded="0" anonymousclassesunloaded="0" quiescems="0.000" setupms="0.002" scanms="0.000" postms="0.000" />
</gc-op>
<gc-op id="268" type="sweep" timems="0.367" contextid="262" timestamp="2019-07-02T19:17:10.885" />
<gc-op id="269" type="compact" timems="1.365" contextid="262" timestamp="2019-07-02T19:17:10.887">
  <compact-info movecount="1729" movebytes="735096" />
  <remembered-set-cleared processed="4646" cleared="909" durationms="0.093" />
</gc-op>
<gc-end id="270" type="partial gc" contextid="262" durationms="5.047" usertimems="4.000" systemtimems="4.000" timestamp="2019-07-02T19:17:10.887" activeThreads="4">
  <mem-info id="271" free="10485760" total="26214400" percent="40">
    <mem type="eden" free="313880" total="1048576" percent="29" />
    <remembered-set count="3936" freebytes="1030656" totalbytes="1046400" percent="98" regionsoverflowed="0" regionsstable="1" regionsrebuilding="0"/>
  </mem-info>
</gc-end>
<cycle-end id="272" type="partial gc" contextid="262" timestamp="2019-07-02T19:17:10.887">
  <attribute name="GC Util" value="19" />
  <attribute name="CPU Util" value="29504688095531" />
  <attribute name="Time Running"value="1601"/>
  <attribute name="Number of cores"value="4"/>
</cycle-end>
<exclusive-end id="273" timestamp="2019-07-02T19:17:10.887" durationms="5.741" />

<exclusive-start id="274" timestamp="2019-07-02T19:17:10.930" intervalms="48.567">
  <response-info timems="0.040" idlems="0.040" threads="0" lastid="0000000002424200" lastname="Thread-3" />
</exclusive-start>
<allocation-taxation id="275" taxation-threshold="5242880" timestamp="2019-07-02T19:17:10.930" intervalms="48.500" />
<cycle-start id="276" type="global mark phase" contextid="0" timestamp="2019-07-02T19:17:10.930" intervalms="163.079" />
  <attribute name="GC Util" value="19" />
  <attribute name="CPU Util" value="29504688095531" />
  <attribute name="Time Running"value="1601"/>
  <attribute name="Number of cores"value="4"/>
<gc-start id="277" type="global mark phase" contextid="276" timestamp="2019-07-02T19:17:10.930">
  <mem-info id="278" free="5242880" total="26214400" percent="20">
    <remembered-set count="3680" freebytes="1031680" totalbytes="1046400" percent="98" regionsoverflowed="0" regionsstable="1" regionsrebuilding="0"/>
  </mem-info>
</gc-start>
<gc-op id="279" type="mark increment" timems="0.529" contextid="276" timestamp="2019-07-02T19:17:10.931">
  <trace-info objectcount="265" scancount="0" scanbytes="0" />
</gc-op>
<gc-end id="280" type="global mark phase" contextid="276" durationms="0.638" usertimems="4.000" systemtimems="0.000" timestamp="2019-07-02T19:17:10.931" activeThreads="4">
  <mem-info id="281" free="5242880" total="26214400" percent="20">
    <remembered-set count="3680" freebytes="1031680" totalbytes="1046400" percent="98" regionsoverflowed="0" regionsstable="0" regionsrebuilding="1"/>
  </mem-info>
</gc-end>
<concurrent-start id="282" type="GMP work packet processing" contextid="276" timestamp="2019-07-02T19:17:10.931">
  <concurrent-mark-start scanTarget="18446744073709551615" />
</concurrent-start>
<concurrent-end id="283" type="GMP work packet processing" contextid="276" timestamp="2019-07-02T19:17:10.933">
  <concurrent-mark-end bytesScanned="1610464" reasonForTermination="Completed all work in GC phase" />
</concurrent-end>

<exclusive-end id="284" timestamp="2019-07-02T19:17:10.933" durationms="2.693" />

<exclusive-start id="285" timestamp="2019-07-02T19:17:10.972" intervalms="41.568">
  <response-info timems="0.022" idlems="0.022" threads="0" lastid="0000000002424200" lastname="Thread-3" />
</exclusive-start>
<allocation-taxation id="286" taxation-threshold="5242880" timestamp="2019-07-02T19:17:10.972" intervalms="41.563" />
<cycle-start id="287" type="partial gc" contextid="0" timestamp="2019-07-02T19:17:10.972" intervalms="90.061" />
  <attribute name="GC Util" value="139" />
  <attribute name="CPU Util" value="32412977428879" />
  <attribute name="Time Running"value="1647"/>
  <attribute name="Number of cores"value="4"/>
<gc-start id="288" type="partial gc" contextid="287" timestamp="2019-07-02T19:17:10.972">
  <mem-info id="289" free="0" total="26214400" percent="0">
    <mem type="eden" free="0" total="10485760" percent="0" />
    <remembered-set count="6112" freebytes="1021952" totalbytes="1046400" percent="97" regionsoverflowed="0" regionsstable="0" regionsrebuilding="1"/>
  </mem-info>
</gc-start>
<allocation-stats totalBytes="10445880" >
  <allocated-bytes non-tlh="16392" tlh="10429488" arrayletleaf="0"/>
  <largest-consumer threadName="Thread-4" threadId="0000000002427E00" bytes="2190608" />
</allocation-stats>
<gc-op id="290" type="mark" timems="1.668" contextid="287" timestamp="2019-07-02T19:17:10.974">
  <trace-info objectcount="2162" scancount="1707" scanbytes="354004" />
  <cardclean-info objects="1171" bytes="59288" />
  <remembered-set-cleared processed="4654" cleared="723" durationms="0.095" />
  <stringconstants candidates="3947" cleared="0"  />
  <warning details="Mark invoked due to insufficient free space for Copy-Forward" />
</gc-op>
<gc-op id="291" type="classunload" timems="0.002" contextid="287" timestamp="2019-07-02T19:17:10.974">
  <classunload-info classloadercandidates="20" classloadersunloaded="0" classesunloaded="0" anonymousclassesunloaded="0" quiescems="0.000" setupms="0.002" scanms="0.000" postms="0.000" />
</gc-op>
<gc-op id="292" type="sweep" timems="0.373" contextid="287" timestamp="2019-07-02T19:17:10.975" />
<gc-op id="293" type="compact" timems="2.256" contextid="287" timestamp="2019-07-02T19:17:10.977">
  <compact-info movecount="2157" movebytes="875720" />
  <remembered-set-cleared processed="7829" cleared="3176" durationms="0.095" />
</gc-op>
<heap-resize id="294" type="expand" space="default" amount="1048576" count="1" timems="0.064" reason="insufficient free space following gc" timestamp="2019-07-02T19:17:10.977" />
<gc-end id="295" type="partial gc" contextid="287" durationms="5.722" usertimems="4.000" systemtimems="0.000" timestamp="2019-07-02T19:17:10.978" activeThreads="4">
  <mem-info id="296" free="10485760" total="27262976" percent="38">
    <mem type="eden" free="173000" total="1048576" percent="16" />
    <remembered-set count="5632" freebytes="1065728" totalbytes="1088256" percent="97" regionsoverflowed="0" regionsstable="0" regionsrebuilding="1"/>
  </mem-info>
</gc-end>
<cycle-end id="297" type="partial gc" contextid="287" timestamp="2019-07-02T19:17:10.978">
  <attribute name="GC Util" value="22" />
  <attribute name="CPU Util" value="31166358150546" />
  <attribute name="Time Running"value="1691"/>
  <attribute name="Number of cores"value="4"/>
</cycle-end>
<exclusive-end id="298" timestamp="2019-07-02T19:17:10.978" durationms="6.509" />

<exclusive-start id="299" timestamp="2019-07-02T19:17:11.019" intervalms="47.874">
  <response-info timems="0.033" idlems="0.033" threads="0" lastid="000000000242BA00" lastname="Thread-5" />
</exclusive-start>
<allocation-taxation id="300" taxation-threshold="5242880" timestamp="2019-07-02T19:17:11.020" intervalms="47.896" />
<gc-start id="301" type="global mark phase" contextid="276" timestamp="2019-07-02T19:17:11.020">
  <mem-info id="302" free="5242880" total="27262976" percent="19">
    <remembered-set count="5280" freebytes="1067136" totalbytes="1088256" percent="98" regionsoverflowed="0" regionsstable="0" regionsrebuilding="1"/>
  </mem-info>
</gc-start>
<gc-op id="303" type="mark increment" timems="2.467" contextid="276" timestamp="2019-07-02T19:17:11.022">
  <trace-info objectcount="9063" scancount="6523" scanbytes="540712" />
  <cardclean-info objects="15987" bytes="689904" />
  <finalization candidates="25" enqueued="0" />
  <references type="soft" candidates="164" cleared="3" enqueued="2" dynamicThreshold="12" maxThreshold="32" />
  <references type="weak" candidates="282" cleared="0" enqueued="0" />
  <references type="phantom" candidates="95" cleared="0" enqueued="0" />
  <stringconstants candidates="3947" cleared="0"  />
</gc-op>
<gc-op id="304" type="classunload" timems="0.003" contextid="276" timestamp="2019-07-02T19:17:11.022">
  <classunload-info classloadercandidates="20" classloadersunloaded="0" classesunloaded="0" anonymousclassesunloaded="0" quiescems="0.000" setupms="0.003" scanms="0.000" postms="0.000" />
</gc-op>
<gc-end id="305" type="global mark phase" contextid="276" durationms="2.724" usertimems="4.000" systemtimems="0.000" timestamp="2019-07-02T19:17:11.022" activeThreads="4">
  <mem-info id="306" free="5242880" total="27262976" percent="19">
    <pending-finalizers system="0" default="0" reference="2" classloader="0" />
    <remembered-set count="7328" freebytes="1058944" totalbytes="1088256" percent="97" regionsoverflowed="0" regionsstable="0" regionsrebuilding="0"/>
  </mem-info>
</gc-end>
<cycle-end id="307" type="global mark phase" contextid="276" timestamp="2019-07-02T19:17:11.022">
  <attribute name="GC Util" value="78" />
  <attribute name="CPU Util" value="39603644739675" />
  <attribute name="Time Running"value="1738"/>
  <attribute name="Number of cores"value="4"/>
</cycle-end>
<exclusive-end id="308" timestamp="2019-07-02T19:17:11.023" durationms="3.081" />

<exclusive-start id="309" timestamp="2019-07-02T19:17:11.059" intervalms="39.552">
  <response-info timems="0.037" idlems="0.037" threads="0" lastid="0000000002424200" lastname="Thread-3" />
</exclusive-start>
<allocation-taxation id="310" taxation-threshold="5242880" timestamp="2019-07-02T19:17:11.059" intervalms="39.516" />
<cycle-start id="311" type="partial gc" contextid="0" timestamp="2019-07-02T19:17:11.059" intervalms="87.404" />
  <attribute name="GC Util" value="78" />
  <attribute name="CPU Util" value="39603644739675" />
  <attribute name="Time Running"value="1738"/>
  <attribute name="Number of cores"value="4"/>
<gc-start id="312" type="partial gc" contextid="311" timestamp="2019-07-02T19:17:11.059">
  <mem-info id="313" free="0" total="27262976" percent="0">
    <mem type="eden" free="0" total="10485760" percent="0" />
    <remembered-set count="4160" freebytes="1071616" totalbytes="1088256" percent="98" regionsoverflowed="0" regionsstable="1" regionsrebuilding="0"/>
  </mem-info>
</gc-start>
<allocation-stats totalBytes="10433496" >
  <allocated-bytes non-tlh="0" tlh="10433496" arrayletleaf="0"/>
  <largest-consumer threadName="Thread-6" threadId="000000000242F500" bytes="2436216" />
</allocation-stats>
<gc-op id="314" type="sweep" timems="0.510" contextid="311" timestamp="2019-07-02T19:17:11.060" />
<gc-op id="315" type="mark" timems="1.457" contextid="311" timestamp="2019-07-02T19:17:11.062">
  <trace-info objectcount="1980" scancount="1618" scanbytes="401472" />
  <cardclean-info objects="1172" bytes="59616" />
  <remembered-set-cleared processed="2369" cleared="597" durationms="0.103" />
  <references type="phantom" candidates="1" cleared="0" enqueued="0" />
  <stringconstants candidates="3947" cleared="0"  />
  <warning details="Mark invoked due to insufficient free space for Copy-Forward" />
</gc-op>
<gc-op id="316" type="classunload" timems="0.002" contextid="311" timestamp="2019-07-02T19:17:11.062">
  <classunload-info classloadercandidates="20" classloadersunloaded="0" classesunloaded="0" anonymousclassesunloaded="0" quiescems="0.000" setupms="0.002" scanms="0.000" postms="0.000" />
</gc-op>
<gc-op id="317" type="sweep" timems="0.365" contextid="311" timestamp="2019-07-02T19:17:11.063" />
<gc-op id="318" type="compact" timems="1.535" contextid="311" timestamp="2019-07-02T19:17:11.064">
  <compact-info movecount="1980" movebytes="864144" />
  <remembered-set-cleared processed="4822" cleared="1094" durationms="0.103" />
</gc-op>
<heap-resize id="319" type="expand" space="default" amount="2097152" count="1" timems="0.071" reason="insufficient free space following gc" timestamp="2019-07-02T19:17:11.065" />
<gc-end id="320" type="partial gc" contextid="311" durationms="5.603" usertimems="4.000" systemtimems="0.000" timestamp="2019-07-02T19:17:11.065" activeThreads="4">
  <mem-info id="321" free="11534336" total="29360128" percent="39">
    <mem type="eden" free="184480" total="1048576" percent="17" />
    <remembered-set count="4064" freebytes="1155712" totalbytes="1171968" percent="98" regionsoverflowed="0" regionsstable="1" regionsrebuilding="0"/>
  </mem-info>
</gc-end>
<cycle-end id="322" type="partial gc" contextid="311" timestamp="2019-07-02T19:17:11.065">
  <attribute name="GC Util" value="21" />
  <attribute name="CPU Util" value="30713399334784" />
  <attribute name="Time Running"value="1779"/>
  <attribute name="Number of cores"value="4"/>
</cycle-end>
<exclusive-end id="323" timestamp="2019-07-02T19:17:11.065" durationms="6.368" />

</verbosegc>

