
<?xml version="1.0" ?>

<verbosegc xmlns="http://www.ibm.com/j9/verbosegc" version="6fe7bac_CMPRSS">

<gc check installed>
<initialized id="1" timestamp="2019-08-09T18:50:59.958">
  <attribute name="gcPolicy" value="-Xgcpolicy:optthruput" />
  <attribute name="elasticGC enabled" value="1" />
  <attribute name= "numThreadsSpecified" value="0" />
  <attribute name="heapSize specified" value="0" />
  <attribute name="Current GC Util" value="0" />
  <attribute name= "Current Time Running" value="0" />
  <attribute name ="GC Interval" value="0" />
  <attribute name="Target GC Util Change" value ="0.000000" />
  <attribute name="Current GC Util Change" value="0.000000"/>
  <attribute name="Current Error" value="0.000000" />
  <attribute name="Output H" value="0"/>
  <attribute name="Output I" value="0"/>
  <attribute name="Output T" value="0"/>
  <attribute name= "Current Time Running" value="0" />
  <attribute name="GC Util currently" value="0" />
  <attribute name="CPU Util currently" value="0" />
  <attribute name="maxHeapSize" value="0xfa900000" />
  <attribute name="initialHeapSize" value="0x800000" />
  <attribute name="compressedRefs" value="true" />
  <attribute name="compressedRefsDisplacement" value="0x0" />
  <attribute name="compressedRefsShift" value="0x3" />
  <attribute name="pageSize" value="0x1000" />
  <attribute name="pageType" value="not used" />
  <attribute name="requestedPageSize" value="0x1000" />
  <attribute name="requestedPageType" value="not used" />
  <attribute name="gcthreads" value="16" />
  <attribute name="packetListSplit" value="16" />
  <attribute name="cacheListSplit" value="16" />
  <attribute name="splitFreeListSplitAmount" value="2" />
  <attribute name="numaNodes" value="0" />
  <system>
    <attribute name="physicalMemory" value="16815001600" />
    <attribute name="numCPUs" value="16" />
    <attribute name="architecture" value="amd64" />
    <attribute name="os" value="Linux" />
    <attribute name="osVersion" value="4.15.0" />
  </system>
  <vmargs>
    <vmarg name="-Xoptionsfile=/jdk/lib/options.default" />
    <vmarg name="-Xlockword:mode=default,noLockword=java/lang/String,noLockword=java/util/MapEntry,noLockword=java/util/HashMap$Entry,noLockword..." />
    <vmarg name="-Xjcl:jclse29" />
    <vmarg name="-Dcom.ibm.oti.vm.bootstrap.library.path=/jdk/lib/compressedrefs:/jdk/lib" />
    <vmarg name="-Dsun.boot.library.path=/jdk/lib/compressedrefs:/jdk/lib" />
    <vmarg name="-Djava.library.path=/jdk/lib/compressedrefs:/jdk/lib:/usr/lib64:/usr/lib" />
    <vmarg name="-Djava.home=/jdk" />
    <vmarg name="-Duser.dir=/" />
    <vmarg name="-Xgcelastic" />
    <vmarg name="-Xcheck:gc:::elasticGC" />
    <vmarg name="-Xgcpolicy:optthruput" />
    <vmarg name="-verbose:gc" />
    <vmarg name="-Djava.class.path=dacapo-9.12-MR1-bach.jar" />
    <vmarg name="-Dsun.java.command=dacapo-9.12-MR1-bach.jar avrora jython pmd sunflow xalan --size=large" />
    <vmarg name="-Dsun.java.launcher=SUN_STANDARD" />
    <vmarg name="-Dsun.java.launcher.pid=1" />
  </vmargs>
</initialized>

<exclusive-start id="2" timestamp="2019-08-09T18:51:00.253" intervalms="294.264">
  <response-info timems="0.017" idlems="0.017" threads="0" lastid="00000000023ECF00" lastname="main" />
</exclusive-start>
<sys-start reason="explicit" id="3" timestamp="2019-08-09T18:51:00.253" intervalms="294.405" />
<cycle-start id="4" type="global" contextid="0" timestamp="2019-08-09T18:51:00.253" intervalms="294.441" />
<gc-start id="5" type="global" contextid="4" timestamp="2019-08-09T18:51:00.253">
  <mem-info id="6" free="2321544" total="8388608" percent="27">
    <mem type="tenure" free="2321544" total="8388608" percent="27">
      <mem type="soa" free="1902728" total="7969792" percent="23" />
      <mem type="loa" free="418816" total="418816" percent="100" />
    </mem>
  </mem-info>
</gc-start>
<allocation-stats totalBytes="6057176" >
  <allocated-bytes non-tlh="455544" tlh="5601632" />
  <largest-consumer threadName="main" threadId="00000000023ECF00" bytes="5976752" />
</allocation-stats>
<gc-op id="7" type="mark" timems="4.095" contextid="4" timestamp="2019-08-09T18:51:00.257">
  <trace-info objectcount="17930" scancount="14845" scanbytes="467556" />
  <finalization candidates="14" enqueued="1" />
  <references type="soft" candidates="66" cleared="0" enqueued="0" dynamicThreshold="32" maxThreshold="32" />
  <references type="weak" candidates="553" cleared="411" enqueued="372" />
  <references type="phantom" candidates="99" cleared="41" enqueued="41" />
  <stringconstants candidates="2455" cleared="0"  />
</gc-op>
<gc-op id="8" type="classunload" timems="0.002" contextid="4" timestamp="2019-08-09T18:51:00.257">
  <classunload-info classloadercandidates="6" classloadersunloaded="0" classesunloaded="0" anonymousclassesunloaded="0" quiescems="0.000" setupms="0.002" scanms="0.000" postms="0.000" />
</gc-op>
<gc-op id="9" type="sweep" timems="0.758" contextid="4" timestamp="2019-08-09T18:51:00.258" />
<mem-info id="10" free="7122744" total="8388608" percent="84">
  <mem type="tenure" free="7122744" total="8388608" percent="84" micro-fragmented="242320" macro-fragmented="0">
    <mem type="soa" free="6703928" total="7969792" percent="84" />
    <mem type="loa" free="418816" total="418816" percent="100" />
  </mem>
  <pending-finalizers system="1" default="0" reference="413" classloader="0" />
</mem-info>
<gc-op id="11" type="compact" timems="8.466" contextid="4" timestamp="2019-08-09T18:51:00.266">
  <compact-info movecount="17929" movebytes="1026600" reason="compact to aid heap contraction" />
</gc-op>
<heap-resize id="12" type="expand" space="tenure" amount="131072" count="1" timems="0.017" reason="satisfy allocation request" timestamp="2019-08-09T18:51:00.267" />
<gc-end id="13" type="global" contextid="4" durationms="14.229" usertimems="10.958" systemtimems="8.103" timestamp="2019-08-09T18:51:00.267" activeThreads="16">
  <mem-info id="14" free="7492992" total="8519680" percent="87">
    <mem type="tenure" free="7492992" total="8519680" percent="87">
      <mem type="soa" free="7067008" total="8093696" percent="87" />
      <mem type="loa" free="425984" total="425984" percent="100" />
    </mem>
    <pending-finalizers system="1" default="0" reference="413" classloader="0" />
  </mem-info>
</gc-end>
<cycle-end id="15" type="global" contextid="4" timestamp="2019-08-09T18:51:00.267" />
  <attribute name="elasticGC enabled" value="1" />
  <attribute name= "numThreadsSpecified" value="16" />
  <attribute name="heapSize specified" value="8388608" />
  <attribute name="Current GC Util" value="51" />
  <attribute name= "Current Time Running" value="210" />
  <attribute name ="GC Interval" value="0" />
  <attribute name="Target GC Util Change" value ="80.000000" />
  <attribute name="Current GC Util Change" value="51.000000"/>
  <attribute name="Current Error" value="30.000000" />
  <attribute name="Output H" value="8464328"/>
  <attribute name="Output I" value="2048"/>
  <attribute name="Output T" value="16"/>
  <attribute name= "Current Time Running" value="210" />
  <attribute name="GC Util currently" value="51" />
  <attribute name="CPU Util currently" value="13" />
<sys-end id="16" timestamp="2019-08-09T18:51:00.267" />
<exclusive-end id="17" timestamp="2019-08-09T18:51:00.267" durationms="14.485" />

===== DaCapo 9.12-MR1 avrora starting =====
<exclusive-start id="18" timestamp="2019-08-09T18:51:00.618" intervalms="365.124">
  <response-info timems="0.016" idlems="0.016" threads="0" lastid="00000000023ECF00" lastname="main" />
</exclusive-start>
<af-start id="19" threadId="00000000023ED888" totalBytesRequested="88" timestamp="2019-08-09T18:51:00.618" intervalms="659.433" />
<cycle-start id="20" type="global" contextid="0" timestamp="2019-08-09T18:51:00.618" intervalms="365.017" />
<gc-start id="21" type="global" contextid="20" timestamp="2019-08-09T18:51:00.618">
  <mem-info id="22" free="425984" total="8519680" percent="5">
    <mem type="tenure" free="425984" total="8519680" percent="5">
      <mem type="soa" free="0" total="8093696" percent="0" />
      <mem type="loa" free="425984" total="425984" percent="100" />
    </mem>
  </mem-info>
</gc-start>
<allocation-stats totalBytes="6991312" >
  <allocated-bytes non-tlh="139776" tlh="6851536" />
  <largest-consumer threadName="main" threadId="00000000023ECF00" bytes="6975240" />
</allocation-stats>
<gc-op id="23" type="mark" timems="5.877" contextid="20" timestamp="2019-08-09T18:51:00.624">
  <trace-info objectcount="95624" scancount="89249" scanbytes="2710648" />
  <finalization candidates="13" enqueued="0" />
  <references type="soft" candidates="66" cleared="0" enqueued="0" dynamicThreshold="28" maxThreshold="32" />
  <references type="weak" candidates="185" cleared="42" enqueued="42" />
  <references type="phantom" candidates="70" cleared="13" enqueued="13" />
  <stringconstants candidates="3584" cleared="0"  />
</gc-op>
<gc-op id="24" type="sweep" timems="2.989" contextid="20" timestamp="2019-08-09T18:51:00.627" />
<mem-info id="25" free="4297216" total="8519680" percent="50">
  <mem type="tenure" free="4297216" total="8519680" percent="50" micro-fragmented="505542" macro-fragmented="0">
    <mem type="soa" free="3871232" total="8093696" percent="47" />
    <mem type="loa" free="425984" total="425984" percent="100" />
  </mem>
  <pending-finalizers system="0" default="0" reference="55" classloader="0" />
</mem-info>
<gc-op id="26" type="compact" timems="27.741" contextid="20" timestamp="2019-08-09T18:51:00.655">
  <compact-info movecount="83344" movebytes="3139680" reason="compact to aid heap contraction" />
</gc-op>
<heap-resize id="27" type="expand" space="tenure" amount="131072" count="1" timems="0.015" reason="satisfy allocation request" timestamp="2019-08-09T18:51:00.655" />
<gc-end id="28" type="global" contextid="20" durationms="37.471" usertimems="37.500" systemtimems="3.331" timestamp="2019-08-09T18:51:00.655" activeThreads="16">
  <mem-info id="29" free="5006248" total="8650752" percent="57">
    <mem type="tenure" free="5006248" total="8650752" percent="57">
      <mem type="soa" free="4574120" total="8218624" percent="55" />
      <mem type="loa" free="432128" total="432128" percent="100" />
    </mem>
    <pending-finalizers system="0" default="0" reference="55" classloader="0" />
  </mem-info>
</gc-end>
<cycle-end id="30" type="global" contextid="20" timestamp="2019-08-09T18:51:00.655" />
  <attribute name="elasticGC enabled" value="1" />
  <attribute name= "numThreadsSpecified" value="16" />
  <attribute name="heapSize specified" value="8519680" />
  <attribute name="Current GC Util" value="0" />
  <attribute name= "Current Time Running" value="599" />
  <attribute name ="GC Interval" value="0" />
  <attribute name="Target GC Util Change" value ="80.000000" />
  <attribute name="Current GC Util Change" value="0.000000"/>
  <attribute name="Current Error" value="55.000000" />
  <attribute name="Output H" value="8595424"/>
  <attribute name="Output I" value="2072"/>
  <attribute name="Output T" value="16"/>
  <attribute name= "Current Time Running" value="599" />
  <attribute name="GC Util currently" value="0" />
  <attribute name="CPU Util currently" value="11" />
<allocation-satisfied id="31" threadId="00000000023ECF00" bytesRequested="88" />
<af-end id="32" timestamp="2019-08-09T18:51:00.655" threadId="00000000023ED888" success="true" />
<exclusive-end id="33" timestamp="2019-08-09T18:51:00.656" durationms="37.665" />

<exclusive-start id="34" timestamp="2019-08-09T18:51:00.758" intervalms="140.635">
  <response-info timems="0.012" idlems="0.012" threads="0" lastid="00000000023ECF00" lastname="main" />
</exclusive-start>
<af-start id="35" threadId="00000000023ED888" totalBytesRequested="16" timestamp="2019-08-09T18:51:00.759" intervalms="140.639" />
<cycle-start id="36" type="global" contextid="0" timestamp="2019-08-09T18:51:00.759" intervalms="140.663" />
<gc-start id="37" type="global" contextid="36" timestamp="2019-08-09T18:51:00.759">
  <mem-info id="38" free="432128" total="8650752" percent="4">
    <mem type="tenure" free="432128" total="8650752" percent="4">
      <mem type="soa" free="0" total="8218624" percent="0" />
      <mem type="loa" free="432128" total="432128" percent="100" />
    </mem>
  </mem-info>
</gc-start>
<allocation-stats totalBytes="4570328" >
  <allocated-bytes non-tlh="32032" tlh="4538296" />
  <largest-consumer threadName="main" threadId="00000000023ECF00" bytes="4570328" />
</allocation-stats>
<gc-op id="39" type="mark" timems="4.966" contextid="36" timestamp="2019-08-09T18:51:00.764">
  <trace-info objectcount="138069" scancount="128881" scanbytes="4938784" />
  <finalization candidates="13" enqueued="0" />
  <references type="soft" candidates="66" cleared="0" enqueued="0" dynamicThreshold="18" maxThreshold="32" />
  <references type="weak" candidates="143" cleared="0" enqueued="0" />
  <references type="phantom" candidates="57" cleared="0" enqueued="0" />
  <stringconstants candidates="3823" cleared="0"  />
</gc-op>
<gc-op id="40" type="sweep" timems="1.266" contextid="36" timestamp="2019-08-09T18:51:00.765" />
<mem-info id="41" free="1749536" total="8650752" percent="20">
  <mem type="tenure" free="1749536" total="8650752" percent="20" micro-fragmented="456395" macro-fragmented="0">
    <mem type="soa" free="1317408" total="8218624" percent="16" />
    <mem type="loa" free="432128" total="432128" percent="100" />
  </mem>
</mem-info>
<gc-op id="42" type="compact" timems="60.229" contextid="36" timestamp="2019-08-09T18:51:00.825">
  <compact-info movecount="121464" movebytes="5686024" reason="compact to aid heap contraction" />
</gc-op>
<heap-resize id="43" type="expand" space="tenure" amount="131072" count="1" timems="0.015" reason="satisfy allocation request" timestamp="2019-08-09T18:51:00.826" />
<gc-end id="44" type="global" contextid="36" durationms="67.368" usertimems="80.002" systemtimems="6.309" timestamp="2019-08-09T18:51:00.826" activeThreads="16">
  <mem-info id="45" free="2301976" total="8781824" percent="26">
    <mem type="tenure" free="2301976" total="8781824" percent="26">
      <mem type="soa" free="1863704" total="8343552" percent="22" />
      <mem type="loa" free="438272" total="438272" percent="100" />
    </mem>
  </mem-info>
</gc-end>
<cycle-end id="46" type="global" contextid="36" timestamp="2019-08-09T18:51:00.826" />
  <attribute name="elasticGC enabled" value="1" />
  <attribute name= "numThreadsSpecified" value="16" />
  <attribute name="heapSize specified" value="8650752" />
  <attribute name="Current GC Util" value="8" />
  <attribute name= "Current Time Running" value="769" />
  <attribute name ="GC Interval" value="0" />
  <attribute name="Target GC Util Change" value ="80.000000" />
  <attribute name="Current GC Util Change" value="8.000000"/>
  <attribute name="Current Error" value="72.000000" />
  <attribute name="Output H" value="8726520"/>
  <attribute name="Output I" value="2096"/>
  <attribute name="Output T" value="16"/>
  <attribute name= "Current Time Running" value="769" />
  <attribute name="GC Util currently" value="8" />
  <attribute name="CPU Util currently" value="2" />
<allocation-satisfied id="47" threadId="00000000023ECF00" bytesRequested="16" />
<af-end id="48" timestamp="2019-08-09T18:51:00.826" threadId="00000000023ED888" success="true" />
<exclusive-end id="49" timestamp="2019-08-09T18:51:00.826" durationms="67.566" />

<exclusive-start id="50" timestamp="2019-08-09T18:51:03.878" intervalms="3119.454">
  <response-info timems="0.285" idlems="0.285" threads="0" lastid="000000000271AE00" lastname="node-2" />
</exclusive-start>
<af-start id="51" threadId="000000000271B788" totalBytesRequested="16" timestamp="2019-08-09T18:51:03.878" intervalms="3119.468" />
<cycle-start id="52" type="global" contextid="0" timestamp="2019-08-09T18:51:03.878" intervalms="3119.454" />
<gc-start id="53" type="global" contextid="52" timestamp="2019-08-09T18:51:03.878">
  <mem-info id="54" free="438272" total="8781824" percent="4">
    <mem type="tenure" free="438272" total="8781824" percent="4">
      <mem type="soa" free="0" total="8343552" percent="0" />
      <mem type="loa" free="438272" total="438272" percent="100" />
    </mem>
  </mem-info>
</gc-start>
<allocation-stats totalBytes="1923744" >
  <allocated-bytes non-tlh="106920" tlh="1816824" />
  <largest-consumer threadName="main" threadId="00000000023ECF00" bytes="506984" />
</allocation-stats>
<gc-op id="55" type="mark" timems="5.155" contextid="52" timestamp="2019-08-09T18:51:03.883">
  <trace-info objectcount="145914" scancount="136388" scanbytes="5332344" />
  <finalization candidates="13" enqueued="0" />
  <references type="soft" candidates="66" cleared="0" enqueued="0" dynamicThreshold="8" maxThreshold="32" />
  <references type="weak" candidates="145" cleared="2" enqueued="2" />
  <references type="phantom" candidates="57" cleared="0" enqueued="0" />
  <stringconstants candidates="3837" cleared="0"  />
</gc-op>
<gc-op id="56" type="sweep" timems="4.368" contextid="52" timestamp="2019-08-09T18:51:03.888" />
<mem-info id="57" free="1813264" total="8781824" percent="20">
  <mem type="tenure" free="1813264" total="8781824" percent="20" micro-fragmented="51924" macro-fragmented="0">
    <mem type="soa" free="1374992" total="8343552" percent="16" />
    <mem type="loa" free="438272" total="438272" percent="100" />
  </mem>
  <pending-finalizers system="0" default="0" reference="2" classloader="0" />
</mem-info>
<gc-op id="58" type="compact" timems="85.078" contextid="52" timestamp="2019-08-09T18:51:03.973">
  <compact-info movecount="145167" movebytes="6878776" reason="compact to aid heap contraction" />
</gc-op>
<heap-resize id="59" type="expand" space="tenure" amount="131072" count="1" timems="0.020" reason="satisfy allocation request" timestamp="2019-08-09T18:51:03.974" />
<gc-end id="60" type="global" contextid="52" durationms="95.949" usertimems="130.366" systemtimems="7.350" timestamp="2019-08-09T18:51:03.974" activeThreads="16">
  <mem-info id="61" free="1992824" total="8912896" percent="22">
    <mem type="tenure" free="1992824" total="8912896" percent="22">
      <mem type="soa" free="1547384" total="8467456" percent="18" />
      <mem type="loa" free="445440" total="445440" percent="100" />
    </mem>
    <pending-finalizers system="0" default="0" reference="2" classloader="0" />
  </mem-info>
</gc-end>
<cycle-end id="62" type="global" contextid="52" timestamp="2019-08-09T18:51:03.974" />
  <attribute name="elasticGC enabled" value="1" />
  <attribute name= "numThreadsSpecified" value="16" />
  <attribute name="heapSize specified" value="8781824" />
  <attribute name="Current GC Util" value="17" />
  <attribute name= "Current Time Running" value="3917" />
  <attribute name ="GC Interval" value="0" />
  <attribute name="Target GC Util Change" value ="80.000000" />
  <attribute name="Current GC Util Change" value="17.000000"/>
  <attribute name="Current Error" value="-143.000000" />
  <attribute name="Output H" value="8857344"/>
  <attribute name="Output I" value="1848"/>
  <attribute name="Output T" value="16"/>
  <attribute name= "Current Time Running" value="3917" />
  <attribute name="GC Util currently" value="17" />
  <attribute name="CPU Util currently" value="6" />
<allocation-satisfied id="63" threadId="000000000271AE00" bytesRequested="16" />
<af-end id="64" timestamp="2019-08-09T18:51:03.974" threadId="000000000271B788" success="true" />
<exclusive-end id="65" timestamp="2019-08-09T18:51:03.974" durationms="96.229" />

<exclusive-start id="66" timestamp="2019-08-09T18:51:06.485" intervalms="2607.374">
  <response-info timems="0.048" idlems="0.048" threads="0" lastid="00000000026FCA00" lastname="node-10" />
</exclusive-start>
<af-start id="67" threadId="00000000026FD388" totalBytesRequested="32" timestamp="2019-08-09T18:51:06.485" intervalms="2607.370" />
<cycle-start id="68" type="global" contextid="0" timestamp="2019-08-09T18:51:06.485" intervalms="2607.361" />
<gc-start id="69" type="global" contextid="68" timestamp="2019-08-09T18:51:06.485">
  <mem-info id="70" free="445440" total="8912896" percent="4">
    <mem type="tenure" free="445440" total="8912896" percent="4">
      <mem type="soa" free="0" total="8467456" percent="0" />
      <mem type="loa" free="445440" total="445440" percent="100" />
    </mem>
  </mem-info>
</gc-start>
<allocation-stats totalBytes="1565520" >
  <allocated-bytes non-tlh="0" tlh="1565520" />
  <largest-consumer threadName="node-0" threadId="00000000026DAF00" bytes="208800" />
</allocation-stats>
<gc-op id="71" type="mark" timems="4.541" contextid="68" timestamp="2019-08-09T18:51:06.490">
  <trace-info objectcount="145828" scancount="136293" scanbytes="5330184" />
  <finalization candidates="13" enqueued="0" />
  <references type="soft" candidates="66" cleared="0" enqueued="0" dynamicThreshold="7" maxThreshold="32" />
  <references type="weak" candidates="143" cleared="0" enqueued="0" />
  <references type="phantom" candidates="57" cleared="0" enqueued="0" />
  <stringconstants candidates="3837" cleared="0"  />
</gc-op>
<gc-op id="72" type="sweep" timems="3.829" contextid="68" timestamp="2019-08-09T18:51:06.494" />
<mem-info id="73" free="2013280" total="8912896" percent="22">
  <mem type="tenure" free="2013280" total="8912896" percent="22" micro-fragmented="0" macro-fragmented="0">
    <mem type="soa" free="1567840" total="8467456" percent="18" />
    <mem type="loa" free="445440" total="445440" percent="100" />
  </mem>
</mem-info>
<gc-op id="74" type="compact" timems="35.623" contextid="68" timestamp="2019-08-09T18:51:06.530">
  <compact-info movecount="36933" movebytes="2474808" reason="compact to aid heap contraction" />
</gc-op>
<heap-resize id="75" type="expand" space="tenure" amount="131072" count="1" timems="0.017" reason="satisfy allocation request" timestamp="2019-08-09T18:51:06.530" />
<gc-end id="76" type="global" contextid="68" durationms="44.856" usertimems="54.736" systemtimems="12.953" timestamp="2019-08-09T18:51:06.530" activeThreads="16">
  <mem-info id="77" free="2143976" total="9043968" percent="23">
    <mem type="tenure" free="2143976" total="9043968" percent="23">
      <mem type="soa" free="1692392" total="8592384" percent="19" />
      <mem type="loa" free="451584" total="451584" percent="100" />
    </mem>
  </mem-info>
</gc-end>
<cycle-end id="78" type="global" contextid="68" timestamp="2019-08-09T18:51:06.530" />
  <attribute name="elasticGC enabled" value="1" />
  <attribute name= "numThreadsSpecified" value="16" />
  <attribute name="heapSize specified" value="8912896" />
  <attribute name="Current GC Util" value="52" />
  <attribute name= "Current Time Running" value="6474" />
  <attribute name ="GC Interval" value="0" />
  <attribute name="Target GC Util Change" value ="80.000000" />
  <attribute name="Current GC Util Change" value="52.000000"/>
  <attribute name="Current Error" value="-150.000000" />
  <attribute name="Output H" value="8988408"/>
  <attribute name="Output I" value="1840"/>
  <attribute name="Output T" value="16"/>
  <attribute name= "Current Time Running" value="6474" />
  <attribute name="GC Util currently" value="52" />
  <attribute name="CPU Util currently" value="32344677569" />
<allocation-satisfied id="79" threadId="00000000026FCA00" bytesRequested="32" />
<af-end id="80" timestamp="2019-08-09T18:51:06.530" threadId="00000000026FD388" success="true" />
<exclusive-end id="81" timestamp="2019-08-09T18:51:06.530" durationms="45.102" />

<exclusive-start id="82" timestamp="2019-08-09T18:51:08.309" intervalms="1823.322">
  <response-info timems="0.169" idlems="0.169" threads="0" lastid="000000000271AE00" lastname="node-2" />
</exclusive-start>
<af-start id="83" threadId="000000000271B788" totalBytesRequested="24" timestamp="2019-08-09T18:51:08.309" intervalms="1823.372" />
<cycle-start id="84" type="global" contextid="0" timestamp="2019-08-09T18:51:08.309" intervalms="1823.376" />
<gc-start id="85" type="global" contextid="84" timestamp="2019-08-09T18:51:08.309">
  <mem-info id="86" free="451584" total="9043968" percent="4">
    <mem type="tenure" free="451584" total="9043968" percent="4">
      <mem type="soa" free="0" total="8592384" percent="0" />
      <mem type="loa" free="451584" total="451584" percent="100" />
    </mem>
  </mem-info>
</gc-start>
<allocation-stats totalBytes="1693864" >
  <allocated-bytes non-tlh="0" tlh="1693864" />
  <largest-consumer threadName="node-9" threadId="0000000002731500" bytes="171392" />
</allocation-stats>
<gc-op id="87" type="mark" timems="10.858" contextid="84" timestamp="2019-08-09T18:51:08.320">
  <trace-info objectcount="145806" scancount="136256" scanbytes="5329208" />
  <finalization candidates="13" enqueued="0" />
  <references type="soft" candidates="66" cleared="0" enqueued="0" dynamicThreshold="7" maxThreshold="32" />
  <references type="weak" candidates="143" cleared="0" enqueued="0" />
  <references type="phantom" candidates="57" cleared="0" enqueued="0" />
  <stringconstants candidates="3837" cleared="0"  />
</gc-op>
<gc-op id="88" type="sweep" timems="4.936" contextid="84" timestamp="2019-08-09T18:51:08.325" />
<mem-info id="89" free="2137712" total="9043968" percent="23">
  <mem type="tenure" free="2137712" total="9043968" percent="23" micro-fragmented="0" macro-fragmented="0">
    <mem type="soa" free="1686128" total="8592384" percent="19" />
    <mem type="loa" free="451584" total="451584" percent="100" />
  </mem>
</mem-info>
<gc-op id="90" type="compact" timems="15.844" contextid="84" timestamp="2019-08-09T18:51:08.341">
  <compact-info movecount="2470" movebytes="64504" reason="compact to aid heap contraction" />
</gc-op>
<heap-resize id="91" type="expand" space="tenure" amount="131072" count="1" timems="0.016" reason="satisfy allocation request" timestamp="2019-08-09T18:51:08.342" />
<gc-end id="92" type="global" contextid="84" durationms="33.615" usertimems="35.236" systemtimems="17.149" timestamp="2019-08-09T18:51:08.342" activeThreads="16">
  <mem-info id="93" free="2258664" total="9175040" percent="24">
    <mem type="tenure" free="2258664" total="9175040" percent="24">
      <mem type="soa" free="1799912" total="8716288" percent="20" />
      <mem type="loa" free="458752" total="458752" percent="100" />
    </mem>
  </mem-info>
</gc-end>
<cycle-end id="94" type="global" contextid="84" timestamp="2019-08-09T18:51:08.343" />
  <attribute name="elasticGC enabled" value="1" />
  <attribute name= "numThreadsSpecified" value="16" />
  <attribute name="heapSize specified" value="9043968" />
  <attribute name="Current GC Util" value="91" />
  <attribute name= "Current Time Running" value="8285" />
  <attribute name ="GC Interval" value="0" />
  <attribute name="Target GC Util Change" value ="80.000000" />
  <attribute name="Current GC Util Change" value="91.000000"/>
  <attribute name="Current Error" value="-11.000000" />
  <attribute name="Output H" value="9119640"/>
  <attribute name="Output I" value="2000"/>
  <attribute name="Output T" value="16"/>
  <attribute name= "Current Time Running" value="8285" />
  <attribute name="GC Util currently" value="91" />
  <attribute name="CPU Util currently" value="72497868945" />
<allocation-satisfied id="95" threadId="000000000271AE00" bytesRequested="24" />
<af-end id="96" timestamp="2019-08-09T18:51:08.343" threadId="000000000271B788" success="true" />
<exclusive-end id="97" timestamp="2019-08-09T18:51:08.343" durationms="33.906" />

<exclusive-start id="98" timestamp="2019-08-09T18:51:09.647" intervalms="1338.137">
  <response-info timems="0.029" idlems="0.029" threads="0" lastid="000000000272D900" lastname="node-4" />
</exclusive-start>
<af-start id="99" threadId="000000000272E288" totalBytesRequested="24" timestamp="2019-08-09T18:51:09.647" intervalms="1338.147" />
<cycle-start id="100" type="global" contextid="0" timestamp="2019-08-09T18:51:09.647" intervalms="1338.155" />
<gc-start id="101" type="global" contextid="100" timestamp="2019-08-09T18:51:09.647">
  <mem-info id="102" free="458752" total="9175040" percent="5">
    <mem type="tenure" free="458752" total="9175040" percent="5">
      <mem type="soa" free="0" total="8716288" percent="0" />
      <mem type="loa" free="458752" total="458752" percent="100" />
    </mem>
  </mem-info>
</gc-start>
<allocation-stats totalBytes="1817736" >
  <allocated-bytes non-tlh="0" tlh="1817736" />
  <largest-consumer threadName="node-8" threadId="0000000002700600" bytes="143328" />
</allocation-stats>
<gc-op id="103" type="mark" timems="16.304" contextid="100" timestamp="2019-08-09T18:51:09.663">
  <trace-info objectcount="145735" scancount="136200" scanbytes="5327192" />
  <finalization candidates="13" enqueued="0" />
  <references type="soft" candidates="66" cleared="0" enqueued="0" dynamicThreshold="7" maxThreshold="32" />
  <references type="weak" candidates="143" cleared="0" enqueued="0" />
  <references type="phantom" candidates="57" cleared="0" enqueued="0" />
  <stringconstants candidates="3837" cleared="0"  />
</gc-op>
<gc-op id="104" type="sweep" timems="4.195" contextid="100" timestamp="2019-08-09T18:51:09.668" />
<mem-info id="105" free="2266488" total="9175040" percent="24">
  <mem type="tenure" free="2266488" total="9175040" percent="24" micro-fragmented="0" macro-fragmented="0">
    <mem type="soa" free="1807736" total="8716288" percent="20" />
    <mem type="loa" free="458752" total="458752" percent="100" />
  </mem>
</mem-info>
<gc-op id="106" type="compact" timems="38.269" contextid="100" timestamp="2019-08-09T18:51:09.706">
  <compact-info movecount="2399" movebytes="61648" reason="compact to aid heap contraction" />
</gc-op>
<heap-resize id="107" type="expand" space="tenure" amount="131072" count="1" timems="0.022" reason="satisfy allocation request" timestamp="2019-08-09T18:51:09.707" />
<gc-end id="108" type="global" contextid="100" durationms="60.473" usertimems="46.614" systemtimems="27.849" timestamp="2019-08-09T18:51:09.707" activeThreads="16">
  <mem-info id="109" free="2392592" total="9306112" percent="25">
    <mem type="tenure" free="2392592" total="9306112" percent="25">
      <mem type="soa" free="1927696" total="8841216" percent="21" />
      <mem type="loa" free="464896" total="464896" percent="100" />
    </mem>
  </mem-info>
</gc-end>
<cycle-end id="110" type="global" contextid="100" timestamp="2019-08-09T18:51:09.708" />
  <attribute name="elasticGC enabled" value="1" />
  <attribute name= "numThreadsSpecified" value="16" />
  <attribute name="heapSize specified" value="9175040" />
  <attribute name="Current GC Util" value="70" />
  <attribute name= "Current Time Running" value="9650" />
  <attribute name ="GC Interval" value="0" />
  <attribute name="Target GC Util Change" value ="80.000000" />
  <attribute name="Current GC Util Change" value="70.000000"/>
  <attribute name="Current Error" value="63.000000" />
  <attribute name="Output H" value="9250792"/>
  <attribute name="Output I" value="2080"/>
  <attribute name="Output T" value="16"/>
  <attribute name= "Current Time Running" value="9650" />
  <attribute name="GC Util currently" value="70" />
  <attribute name="CPU Util currently" value="30065262034" />
<allocation-satisfied id="111" threadId="000000000272D900" bytesRequested="24" />
<af-end id="112" timestamp="2019-08-09T18:51:09.708" threadId="000000000272E288" success="true" />
<exclusive-end id="113" timestamp="2019-08-09T18:51:09.708" durationms="60.899" />

<exclusive-start id="114" timestamp="2019-08-09T18:51:11.502" intervalms="1854.742">
  <response-info timems="0.212" idlems="0.212" threads="0" lastid="00000000026E2700" lastname="node-11" />
</exclusive-start>
<af-start id="115" threadId="00000000026E3088" totalBytesRequested="376" timestamp="2019-08-09T18:51:11.502" intervalms="1854.689" />
<cycle-start id="116" type="global" contextid="0" timestamp="2019-08-09T18:51:11.502" intervalms="1854.744" />
<gc-start id="117" type="global" contextid="116" timestamp="2019-08-09T18:51:11.502">
  <mem-info id="118" free="464896" total="9306112" percent="4">
    <mem type="tenure" free="464896" total="9306112" percent="4">
      <mem type="soa" free="0" total="8841216" percent="0" />
      <mem type="loa" free="464896" total="464896" percent="100" />
    </mem>
  </mem-info>
</gc-start>
<allocation-stats totalBytes="1945240" >
  <allocated-bytes non-tlh="0" tlh="1945240" />
  <largest-consumer threadName="node-9" threadId="0000000002731500" bytes="143320" />
</allocation-stats>
<gc-op id="119" type="mark" timems="9.970" contextid="116" timestamp="2019-08-09T18:51:11.512">
  <trace-info objectcount="145715" scancount="136197" scanbytes="5326376" />
  <finalization candidates="13" enqueued="0" />
  <references type="soft" candidates="66" cleared="0" enqueued="0" dynamicThreshold="8" maxThreshold="32" />
  <references type="weak" candidates="143" cleared="0" enqueued="0" />
  <references type="phantom" candidates="57" cleared="0" enqueued="0" />
  <stringconstants candidates="3837" cleared="0"  />
</gc-op>
<gc-op id="120" type="sweep" timems="2.647" contextid="116" timestamp="2019-08-09T18:51:11.515" />
<mem-info id="121" free="2399488" total="9306112" percent="25">
  <mem type="tenure" free="2399488" total="9306112" percent="25" micro-fragmented="0" macro-fragmented="0">
    <mem type="soa" free="1934592" total="8841216" percent="21" />
    <mem type="loa" free="464896" total="464896" percent="100" />
  </mem>
</mem-info>
<gc-op id="122" type="compact" timems="23.745" contextid="116" timestamp="2019-08-09T18:51:11.538">
  <compact-info movecount="2379" movebytes="66216" reason="compact to aid heap contraction" />
</gc-op>
<heap-resize id="123" type="expand" space="tenure" amount="131072" count="1" timems="0.021" reason="satisfy allocation request" timestamp="2019-08-09T18:51:11.540" />
<gc-end id="124" type="global" contextid="116" durationms="37.998" usertimems="32.640" systemtimems="32.657" timestamp="2019-08-09T18:51:11.540" activeThreads="16">
  <mem-info id="125" free="2519096" total="9437184" percent="26">
    <mem type="tenure" free="2519096" total="9437184" percent="26">
      <mem type="soa" free="2048056" total="8966144" percent="22" />
      <mem type="loa" free="471040" total="471040" percent="100" />
    </mem>
  </mem-info>
</gc-end>
<cycle-end id="126" type="global" contextid="116" timestamp="2019-08-09T18:51:11.540" />
  <attribute name="elasticGC enabled" value="1" />
  <attribute name= "numThreadsSpecified" value="16" />
  <attribute name="heapSize specified" value="9306112" />
  <attribute name="Current GC Util" value="100" />
  <attribute name= "Current Time Running" value="11482" />
  <attribute name ="GC Interval" value="0" />
  <attribute name="Target GC Util Change" value ="80.000000" />
  <attribute name="Current GC Util Change" value="100.000000"/>
  <attribute name="Current Error" value="-156.000000" />
  <attribute name="Output H" value="9381616"/>
  <attribute name="Output I" value="1832"/>
  <attribute name="Output T" value="16"/>
  <attribute name= "Current Time Running" value="11482" />
  <attribute name="GC Util currently" value="100" />
  <attribute name="CPU Util currently" value="48494500835" />
<allocation-satisfied id="127" threadId="00000000026E2700" bytesRequested="376" />
<af-end id="128" timestamp="2019-08-09T18:51:11.540" threadId="00000000026E3088" success="true" />
<exclusive-end id="129" timestamp="2019-08-09T18:51:11.540" durationms="38.408" />

<exclusive-start id="130" timestamp="2019-08-09T18:51:13.474" intervalms="1971.998">
  <response-info timems="0.057" idlems="0.057" threads="0" lastid="00000000026E6300" lastname="node-12" />
</exclusive-start>
<af-start id="131" threadId="00000000026E6C88" totalBytesRequested="32" timestamp="2019-08-09T18:51:13.474" intervalms="1972.181" />
<cycle-start id="132" type="global" contextid="0" timestamp="2019-08-09T18:51:13.474" intervalms="1972.188" />
<gc-start id="133" type="global" contextid="132" timestamp="2019-08-09T18:51:13.474">
  <mem-info id="134" free="471040" total="9437184" percent="4">
    <mem type="tenure" free="471040" total="9437184" percent="4">
      <mem type="soa" free="0" total="8966144" percent="0" />
      <mem type="loa" free="471040" total="471040" percent="100" />
    </mem>
  </mem-info>
</gc-start>
<allocation-stats totalBytes="2064488" >
  <allocated-bytes non-tlh="0" tlh="2064488" />
  <largest-consumer threadName="node-7" threadId="00000000026DEB00" bytes="143344" />
</allocation-stats>
<gc-op id="135" type="mark" timems="5.420" contextid="132" timestamp="2019-08-09T18:51:13.479">
  <trace-info objectcount="145579" scancount="136096" scanbytes="5323140" />
  <finalization candidates="13" enqueued="0" />
  <references type="soft" candidates="66" cleared="20" enqueued="16" dynamicThreshold="8" maxThreshold="32" />
  <references type="weak" candidates="143" cleared="0" enqueued="0" />
  <references type="phantom" candidates="57" cleared="0" enqueued="0" />
  <stringconstants candidates="3837" cleared="0"  />
</gc-op>
<gc-op id="136" type="sweep" timems="2.357" contextid="132" timestamp="2019-08-09T18:51:13.482" />
<mem-info id="137" free="2540560" total="9437184" percent="26">
  <mem type="tenure" free="2540560" total="9437184" percent="26" micro-fragmented="0" macro-fragmented="0">
    <mem type="soa" free="2069520" total="8966144" percent="23" />
    <mem type="loa" free="471040" total="471040" percent="100" />
  </mem>
  <pending-finalizers system="0" default="0" reference="16" classloader="0" />
</mem-info>
<gc-op id="138" type="compact" timems="83.592" contextid="132" timestamp="2019-08-09T18:51:13.566">
  <compact-info movecount="138130" movebytes="6558016" reason="compact to aid heap contraction" />
</gc-op>
<heap-resize id="139" type="expand" space="tenure" amount="131072" count="1" timems="0.020" reason="satisfy allocation request" timestamp="2019-08-09T18:51:13.567" />
<gc-end id="140" type="global" contextid="132" durationms="93.304" usertimems="103.772" systemtimems="6.194" timestamp="2019-08-09T18:51:13.567" activeThreads="16">
  <mem-info id="141" free="2662136" total="9568256" percent="27">
    <mem type="tenure" free="2662136" total="9568256" percent="27">
      <mem type="soa" free="2183928" total="9090048" percent="24" />
      <mem type="loa" free="478208" total="478208" percent="100" />
    </mem>
    <pending-finalizers system="0" default="0" reference="16" classloader="0" />
  </mem-info>
</gc-end>
<cycle-end id="142" type="global" contextid="132" timestamp="2019-08-09T18:51:13.569" />
  <attribute name="elasticGC enabled" value="1" />
  <attribute name= "numThreadsSpecified" value="16" />
  <attribute name="heapSize specified" value="9437184" />
  <attribute name="Current GC Util" value="14" />
  <attribute name= "Current Time Running" value="13509" />
  <attribute name ="GC Interval" value="0" />
  <attribute name="Target GC Util Change" value ="80.000000" />
  <attribute name="Current GC Util Change" value="14.000000"/>
  <attribute name="Current Error" value="66.000000" />
  <attribute name="Output H" value="9512944"/>
  <attribute name="Output I" value="2088"/>
  <attribute name="Output T" value="16"/>
  <attribute name= "Current Time Running" value="13509" />
  <attribute name="GC Util currently" value="14" />
  <attribute name="CPU Util currently" value="13784841453" />
<allocation-satisfied id="143" threadId="00000000026E6300" bytesRequested="32" />
<af-end id="144" timestamp="2019-08-09T18:51:13.569" threadId="00000000026E6C88" success="true" />
<exclusive-end id="145" timestamp="2019-08-09T18:51:13.569" durationms="95.144" />

<exclusive-start id="146" timestamp="2019-08-09T18:51:15.476" intervalms="2002.250">
  <response-info timems="0.464" idlems="0.464" threads="0" lastid="000000000270FA00" lastname="node-19" />
</exclusive-start>
<af-start id="147" threadId="0000000002710388" totalBytesRequested="32" timestamp="2019-08-09T18:51:15.476" intervalms="2002.113" />
<cycle-start id="148" type="global" contextid="0" timestamp="2019-08-09T18:51:15.476" intervalms="2002.067" />
<gc-start id="149" type="global" contextid="148" timestamp="2019-08-09T18:51:15.476">
  <mem-info id="150" free="478208" total="9568256" percent="4">
    <mem type="tenure" free="478208" total="9568256" percent="4">
      <mem type="soa" free="0" total="9090048" percent="0" />
      <mem type="loa" free="478208" total="478208" percent="100" />
    </mem>
  </mem-info>
</gc-start>
<allocation-stats totalBytes="2203280" >
  <allocated-bytes non-tlh="0" tlh="2203280" />
  <largest-consumer threadName="node-7" threadId="00000000026DEB00" bytes="143320" />
</allocation-stats>
<gc-op id="151" type="mark" timems="11.579" contextid="148" timestamp="2019-08-09T18:51:15.488">
  <trace-info objectcount="145463" scancount="135958" scanbytes="5319504" />
  <finalization candidates="13" enqueued="0" />
  <references type="soft" candidates="46" cleared="0" enqueued="0" dynamicThreshold="8" maxThreshold="32" />
  <references type="weak" candidates="143" cleared="0" enqueued="0" />
  <references type="phantom" candidates="57" cleared="0" enqueued="0" />
  <stringconstants candidates="3837" cleared="0"  />
</gc-op>
<gc-op id="152" type="sweep" timems="5.918" contextid="148" timestamp="2019-08-09T18:51:15.494" />
<mem-info id="153" free="2676304" total="9568256" percent="27">
  <mem type="tenure" free="2676304" total="9568256" percent="27" micro-fragmented="0" macro-fragmented="0">
    <mem type="soa" free="2198096" total="9090048" percent="24" />
    <mem type="loa" free="478208" total="478208" percent="100" />
  </mem>
</mem-info>
<gc-op id="154" type="compact" timems="83.118" contextid="148" timestamp="2019-08-09T18:51:15.577">
  <compact-info movecount="133018" movebytes="6367616" reason="compact to aid heap contraction" />
</gc-op>
<heap-resize id="155" type="expand" space="tenure" amount="131072" count="1" timems="0.020" reason="satisfy allocation request" timestamp="2019-08-09T18:51:15.578" />
<gc-end id="156" type="global" contextid="148" durationms="101.828" usertimems="94.561" systemtimems="34.356" timestamp="2019-08-09T18:51:15.578" activeThreads="1">
  <mem-info id="157" free="2801136" total="9699328" percent="28">
    <mem type="tenure" free="2801136" total="9699328" percent="28">
      <mem type="soa" free="2316784" total="9214976" percent="25" />
      <mem type="loa" free="484352" total="484352" percent="100" />
    </mem>
  </mem-info>
</gc-end>
<cycle-end id="158" type="global" contextid="148" timestamp="2019-08-09T18:51:15.579" />
  <attribute name="elasticGC enabled" value="1" />
  <attribute name= "numThreadsSpecified" value="1" />
  <attribute name="heapSize specified" value="9568256" />
  <attribute name="Current GC Util" value="104" />
  <attribute name= "Current Time Running" value="15521" />
  <attribute name ="GC Interval" value="0" />
  <attribute name="Target GC Util Change" value ="80.000000" />
  <attribute name="Current GC Util Change" value="104.000000"/>
  <attribute name="Current Error" value="-27.000000" />
  <attribute name="Output H" value="9643912"/>
  <attribute name="Output I" value="1984"/>
  <attribute name="Output T" value="1"/>
  <attribute name= "Current Time Running" value="15521" />
  <attribute name="GC Util currently" value="104" />
  <attribute name="CPU Util currently" value="13865631119" />
<allocation-satisfied id="159" threadId="000000000270FA00" bytesRequested="32" />
<af-end id="160" timestamp="2019-08-09T18:51:15.579" threadId="0000000002710388" success="true" />
<exclusive-end id="161" timestamp="2019-08-09T18:51:15.579" durationms="102.797" />

<exclusive-start id="162" timestamp="2019-08-09T18:51:17.275" intervalms="1798.781">
  <response-info timems="0.661" idlems="0.446" threads="2" lastid="0000000002704200" lastname="node-21" />
</exclusive-start>
<af-start id="163" threadId="00000000026DF488" totalBytesRequested="128" timestamp="2019-08-09T18:51:17.275" intervalms="1798.726" />
<cycle-start id="164" type="global" contextid="0" timestamp="2019-08-09T18:51:17.275" intervalms="1798.720" />
<gc-start id="165" type="global" contextid="164" timestamp="2019-08-09T18:51:17.275">
  <mem-info id="166" free="484352" total="9699328" percent="4">
    <mem type="tenure" free="484352" total="9699328" percent="4">
      <mem type="soa" free="0" total="9214976" percent="0" />
      <mem type="loa" free="484352" total="484352" percent="100" />
    </mem>
  </mem-info>
</gc-start>
<allocation-stats totalBytes="2330064" >
  <allocated-bytes non-tlh="0" tlh="2330064" />
  <largest-consumer threadName="node-9" threadId="0000000002731500" bytes="141120" />
</allocation-stats>
<gc-op id="167" type="mark" timems="7.387" contextid="164" timestamp="2019-08-09T18:51:17.282">
  <trace-info objectcount="145453" scancount="135934" scanbytes="5318696" />
  <finalization candidates="13" enqueued="0" />
  <references type="soft" candidates="46" cleared="0" enqueued="0" dynamicThreshold="9" maxThreshold="32" />
  <references type="weak" candidates="143" cleared="0" enqueued="0" />
  <references type="phantom" candidates="57" cleared="0" enqueued="0" />
  <stringconstants candidates="3837" cleared="0"  />
</gc-op>
<gc-op id="168" type="sweep" timems="6.336" contextid="164" timestamp="2019-08-09T18:51:17.288" />
<mem-info id="169" free="2805008" total="9699328" percent="28">
  <mem type="tenure" free="2805008" total="9699328" percent="28" micro-fragmented="513" macro-fragmented="0">
    <mem type="soa" free="2320656" total="9214976" percent="25" />
    <mem type="loa" free="484352" total="484352" percent="100" />
  </mem>
</mem-info>
<gc-op id="170" type="compact" timems="16.689" contextid="164" timestamp="2019-08-09T18:51:17.306">
  <compact-info movecount="5976" movebytes="333016" reason="compact to aid heap contraction" />
</gc-op>
<heap-resize id="171" type="expand" space="tenure" amount="131072" count="1" timems="0.026" reason="satisfy allocation request" timestamp="2019-08-09T18:51:17.307" />
<gc-end id="172" type="global" contextid="164" durationms="31.936" usertimems="34.891" systemtimems="12.620" timestamp="2019-08-09T18:51:17.307" activeThreads="16">
  <mem-info id="173" free="2926344" total="9830400" percent="29">
    <mem type="tenure" free="2926344" total="9830400" percent="29">
      <mem type="soa" free="2434824" total="9338880" percent="26" />
      <mem type="loa" free="491520" total="491520" percent="100" />
    </mem>
  </mem-info>
</gc-end>
<cycle-end id="174" type="global" contextid="164" timestamp="2019-08-09T18:51:17.307" />
  <attribute name="elasticGC enabled" value="1" />
  <attribute name= "numThreadsSpecified" value="16" />
  <attribute name="heapSize specified" value="9699328" />
  <attribute name="Current GC Util" value="61" />
  <attribute name= "Current Time Running" value="17250" />
  <attribute name ="GC Interval" value="0" />
  <attribute name="Target GC Util Change" value ="80.000000" />
  <attribute name="Current GC Util Change" value="61.000000"/>
  <attribute name="Current Error" value="-124.000000" />
  <attribute name="Output H" value="9774872"/>
  <attribute name="Output I" value="1872"/>
  <attribute name="Output T" value="16"/>
  <attribute name= "Current Time Running" value="17250" />
  <attribute name="GC Util currently" value="61" />
  <attribute name="CPU Util currently" value="69039485185" />
<allocation-satisfied id="175" threadId="00000000026DEB00" bytesRequested="128" />
<af-end id="176" timestamp="2019-08-09T18:51:17.307" threadId="00000000026DF488" success="true" />
<exclusive-end id="177" timestamp="2019-08-09T18:51:17.307" durationms="32.508" />

<exclusive-start id="178" timestamp="2019-08-09T18:51:18.825" intervalms="1550.138">
  <response-info timems="0.027" idlems="0.027" threads="0" lastid="00000000026E6300" lastname="node-12" />
</exclusive-start>
<af-start id="179" threadId="00000000026E6C88" totalBytesRequested="832" timestamp="2019-08-09T18:51:18.825" intervalms="1550.131" />
<cycle-start id="180" type="global" contextid="0" timestamp="2019-08-09T18:51:18.825" intervalms="1550.111" />
<gc-start id="181" type="global" contextid="180" timestamp="2019-08-09T18:51:18.825">
  <mem-info id="182" free="491520" total="9830400" percent="5">
    <mem type="tenure" free="491520" total="9830400" percent="5">
      <mem type="soa" free="0" total="9338880" percent="0" />
      <mem type="loa" free="491520" total="491520" percent="100" />
    </mem>
  </mem-info>
</gc-start>
<allocation-stats totalBytes="2453232" >
  <allocated-bytes non-tlh="0" tlh="2453232" />
  <largest-consumer threadName="node-9" threadId="0000000002731500" bytes="143352" />
</allocation-stats>
<gc-op id="183" type="mark" timems="8.105" contextid="180" timestamp="2019-08-09T18:51:18.833">
  <trace-info objectcount="145410" scancount="135905" scanbytes="5318104" />
  <finalization candidates="13" enqueued="0" />
  <references type="soft" candidates="46" cleared="0" enqueued="0" dynamicThreshold="9" maxThreshold="32" />
  <references type="weak" candidates="143" cleared="0" enqueued="0" />
  <references type="phantom" candidates="57" cleared="0" enqueued="0" />
  <stringconstants candidates="3837" cleared="0"  />
</gc-op>
<gc-op id="184" type="sweep" timems="2.589" contextid="180" timestamp="2019-08-09T18:51:18.836" />
<mem-info id="185" free="2945784" total="9830400" percent="29">
  <mem type="tenure" free="2945784" total="9830400" percent="29" micro-fragmented="0" macro-fragmented="0">
    <mem type="soa" free="2454264" total="9338880" percent="26" />
    <mem type="loa" free="491520" total="491520" percent="100" />
  </mem>
</mem-info>
<gc-op id="186" type="compact" timems="17.653" contextid="180" timestamp="2019-08-09T18:51:18.854">
  <compact-info movecount="2316" movebytes="63696" reason="compact to aid heap contraction" />
</gc-op>
<heap-resize id="187" type="expand" space="tenure" amount="131072" count="1" timems="0.023" reason="satisfy allocation request" timestamp="2019-08-09T18:51:18.855" />
<gc-end id="188" type="global" contextid="180" durationms="29.778" usertimems="25.582" systemtimems="23.764" timestamp="2019-08-09T18:51:18.855" activeThreads="16">
  <mem-info id="189" free="3060280" total="9961472" percent="30">
    <mem type="tenure" free="3060280" total="9961472" percent="30">
      <mem type="soa" free="2562616" total="9463808" percent="27" />
      <mem type="loa" free="497664" total="497664" percent="100" />
    </mem>
  </mem-info>
</gc-end>
<cycle-end id="190" type="global" contextid="180" timestamp="2019-08-09T18:51:18.855" />
  <attribute name="elasticGC enabled" value="1" />
  <attribute name= "numThreadsSpecified" value="16" />
  <attribute name="heapSize specified" value="9830400" />
  <attribute name="Current GC Util" value="75" />
  <attribute name= "Current Time Running" value="18797" />
  <attribute name ="GC Interval" value="0" />
  <attribute name="Target GC Util Change" value ="80.000000" />
  <attribute name="Current GC Util Change" value="75.000000"/>
  <attribute name="Current Error" value="5.000000" />
  <attribute name="Output H" value="9906088"/>
  <attribute name="Output I" value="2016"/>
  <attribute name="Output T" value="16"/>
  <attribute name= "Current Time Running" value="18797" />
  <attribute name="GC Util currently" value="75" />
  <attribute name="CPU Util currently" value="65123058463" />
<allocation-satisfied id="191" threadId="00000000026E6300" bytesRequested="832" />
<af-end id="192" timestamp="2019-08-09T18:51:18.855" threadId="00000000026E6C88" success="true" />
<exclusive-end id="193" timestamp="2019-08-09T18:51:18.855" durationms="30.180" />

<exclusive-start id="194" timestamp="2019-08-09T18:51:20.324" intervalms="1499.632">
  <response-info timems="0.037" idlems="0.037" threads="0" lastid="00000000026F8E00" lastname="node-15" />
</exclusive-start>
<af-start id="195" threadId="00000000026F9788" totalBytesRequested="32" timestamp="2019-08-09T18:51:20.325" intervalms="1499.871" />
<cycle-start id="196" type="global" contextid="0" timestamp="2019-08-09T18:51:20.325" intervalms="1499.889" />
<gc-start id="197" type="global" contextid="196" timestamp="2019-08-09T18:51:20.325">
  <mem-info id="198" free="497664" total="9961472" percent="4">
    <mem type="tenure" free="497664" total="9961472" percent="4">
      <mem type="soa" free="0" total="9463808" percent="0" />
      <mem type="loa" free="497664" total="497664" percent="100" />
    </mem>
  </mem-info>
</gc-start>
<allocation-stats totalBytes="2579608" >
  <allocated-bytes non-tlh="0" tlh="2579608" />
  <largest-consumer threadName="node-11" threadId="00000000026E2700" bytes="143344" />
</allocation-stats>
<gc-op id="199" type="mark" timems="11.873" contextid="196" timestamp="2019-08-09T18:51:20.337">
  <trace-info objectcount="145393" scancount="135861" scanbytes="5317232" />
  <finalization candidates="13" enqueued="0" />
  <references type="soft" candidates="46" cleared="1" enqueued="0" dynamicThreshold="9" maxThreshold="32" />
  <references type="weak" candidates="143" cleared="0" enqueued="0" />
  <references type="phantom" candidates="57" cleared="0" enqueued="0" />
  <stringconstants candidates="3837" cleared="0"  />
</gc-op>
<gc-op id="200" type="sweep" timems="5.572" contextid="196" timestamp="2019-08-09T18:51:20.342" />
<mem-info id="201" free="3071360" total="9961472" percent="30">
  <mem type="tenure" free="3071360" total="9961472" percent="30" micro-fragmented="0" macro-fragmented="0">
    <mem type="soa" free="2573696" total="9463808" percent="27" />
    <mem type="loa" free="497664" total="497664" percent="100" />
  </mem>
</mem-info>
<gc-op id="202" type="compact" timems="83.294" contextid="196" timestamp="2019-08-09T18:51:20.426">
  <compact-info movecount="128771" movebytes="6076824" reason="compact to aid heap contraction" />
</gc-op>
<heap-resize id="203" type="expand" space="tenure" amount="131072" count="1" timems="0.021" reason="satisfy allocation request" timestamp="2019-08-09T18:51:20.427" />
<gc-end id="204" type="global" contextid="196" durationms="102.672" usertimems="103.408" systemtimems="28.301" timestamp="2019-08-09T18:51:20.427" activeThreads="16">
  <mem-info id="205" free="3190000" total="10092544" percent="31">
    <mem type="tenure" free="3190000" total="10092544" percent="31">
      <mem type="soa" free="2686192" total="9588736" percent="28" />
      <mem type="loa" free="503808" total="503808" percent="100" />
    </mem>
  </mem-info>
</gc-end>
<cycle-end id="206" type="global" contextid="196" timestamp="2019-08-09T18:51:20.427" />
  <attribute name="elasticGC enabled" value="1" />
  <attribute name= "numThreadsSpecified" value="16" />
  <attribute name="heapSize specified" value="9961472" />
  <attribute name="Current GC Util" value="17" />
  <attribute name= "Current Time Running" value="20370" />
  <attribute name ="GC Interval" value="0" />
  <attribute name="Target GC Util Change" value ="80.000000" />
  <attribute name="Current GC Util Change" value="17.000000"/>
  <attribute name="Current Error" value="-56.000000" />
  <attribute name="Output H" value="10037088"/>
  <attribute name="Output I" value="1944"/>
  <attribute name="Output T" value="16"/>
  <attribute name= "Current Time Running" value="20370" />
  <attribute name="GC Util currently" value="17" />
  <attribute name="CPU Util currently" value="13822564177" />
<allocation-satisfied id="207" threadId="00000000026F8E00" bytesRequested="32" />
<af-end id="208" timestamp="2019-08-09T18:51:20.428" threadId="00000000026F9788" success="true" />
<exclusive-end id="209" timestamp="2019-08-09T18:51:20.428" durationms="103.221" />

<exclusive-start id="210" timestamp="2019-08-09T18:51:21.616" intervalms="1291.542">
  <response-info timems="0.095" idlems="0.050" threads="1" lastid="00000000026E9F00" lastname="node-25" />
</exclusive-start>
<af-start id="211" threadId="0000000002710388" totalBytesRequested="16" timestamp="2019-08-09T18:51:21.616" intervalms="1291.315" />
<cycle-start id="212" type="global" contextid="0" timestamp="2019-08-09T18:51:21.616" intervalms="1291.404" />
<gc-start id="213" type="global" contextid="212" timestamp="2019-08-09T18:51:21.616">
  <mem-info id="214" free="503808" total="10092544" percent="4">
    <mem type="tenure" free="503808" total="10092544" percent="4">
      <mem type="soa" free="0" total="9588736" percent="0" />
      <mem type="loa" free="503808" total="503808" percent="100" />
    </mem>
  </mem-info>
</gc-start>
<allocation-stats totalBytes="2703328" >
  <allocated-bytes non-tlh="0" tlh="2703328" />
  <largest-consumer threadName="node-11" threadId="00000000026E2700" bytes="143352" />
</allocation-stats>
<gc-op id="215" type="mark" timems="7.510" contextid="212" timestamp="2019-08-09T18:51:21.624">
  <trace-info objectcount="145404" scancount="135860" scanbytes="5317056" />
  <finalization candidates="13" enqueued="0" />
  <references type="soft" candidates="45" cleared="0" enqueued="0" dynamicThreshold="10" maxThreshold="32" />
  <references type="weak" candidates="143" cleared="0" enqueued="0" />
  <references type="phantom" candidates="57" cleared="0" enqueued="0" />
  <stringconstants candidates="3837" cleared="0"  />
</gc-op>
<gc-op id="216" type="sweep" timems="2.228" contextid="212" timestamp="2019-08-09T18:51:21.626" />
<mem-info id="217" free="3183328" total="10092544" percent="31">
  <mem type="tenure" free="3183328" total="10092544" percent="31" micro-fragmented="0" macro-fragmented="8208">
    <mem type="soa" free="2679520" total="9588736" percent="27" />
    <mem type="loa" free="503808" total="503808" percent="100" />
  </mem>
</mem-info>
<gc-op id="218" type="compact" timems="16.940" contextid="212" timestamp="2019-08-09T18:51:21.643">
  <compact-info movecount="2104" movebytes="66520" reason="compact to aid heap contraction" />
</gc-op>
<heap-resize id="219" type="expand" space="tenure" amount="131072" count="1" timems="0.023" reason="satisfy allocation request" timestamp="2019-08-09T18:51:21.644" />
<gc-end id="220" type="global" contextid="212" durationms="27.574" usertimems="23.451" systemtimems="22.563" timestamp="2019-08-09T18:51:21.644" activeThreads="16">
  <mem-info id="221" free="3306808" total="10223616" percent="32">
    <mem type="tenure" free="3306808" total="10223616" percent="32">
      <mem type="soa" free="2795832" total="9712640" percent="28" />
      <mem type="loa" free="510976" total="510976" percent="100" />
    </mem>
  </mem-info>
</gc-end>
<cycle-end id="222" type="global" contextid="212" timestamp="2019-08-09T18:51:21.644" />
  <attribute name="elasticGC enabled" value="1" />
  <attribute name= "numThreadsSpecified" value="16" />
  <attribute name="heapSize specified" value="10092544" />
  <attribute name="Current GC Util" value="60" />
  <attribute name= "Current Time Running" value="21587" />
  <attribute name ="GC Interval" value="0" />
  <attribute name="Target GC Util Change" value ="80.000000" />
  <attribute name="Current GC Util Change" value="60.000000"/>
  <attribute name="Current Error" value="-185.000000" />
  <attribute name="Output H" value="10168016"/>
  <attribute name="Output I" value="1800"/>
  <attribute name="Output T" value="16"/>
  <attribute name= "Current Time Running" value="21587" />
  <attribute name="GC Util currently" value="60" />
  <attribute name="CPU Util currently" value="67894922044" />
<allocation-satisfied id="223" threadId="000000000270FA00" bytesRequested="16" />
<af-end id="224" timestamp="2019-08-09T18:51:21.644" threadId="0000000002710388" success="true" />
<exclusive-end id="225" timestamp="2019-08-09T18:51:21.644" durationms="28.051" />

<exclusive-start id="226" timestamp="2019-08-09T18:51:23.445" intervalms="1829.446">
  <response-info timems="0.559" idlems="0.559" threads="0" lastid="0000000002704200" lastname="node-21" />
</exclusive-start>
<af-start id="227" threadId="0000000002704B88" totalBytesRequested="32" timestamp="2019-08-09T18:51:23.445" intervalms="1829.464" />
<cycle-start id="228" type="global" contextid="0" timestamp="2019-08-09T18:51:23.445" intervalms="1829.364" />
<gc-start id="229" type="global" contextid="228" timestamp="2019-08-09T18:51:23.445">
  <mem-info id="230" free="510976" total="10223616" percent="4">
    <mem type="tenure" free="510976" total="10223616" percent="4">
      <mem type="soa" free="0" total="9712640" percent="0" />
      <mem type="loa" free="510976" total="510976" percent="100" />
    </mem>
  </mem-info>
</gc-start>
<allocation-stats totalBytes="2812480" >
  <allocated-bytes non-tlh="0" tlh="2812480" />
  <largest-consumer threadName="node-11" threadId="00000000026E2700" bytes="143352" />
</allocation-stats>
<gc-op id="231" type="mark" timems="11.770" contextid="228" timestamp="2019-08-09T18:51:23.457">
  <trace-info objectcount="145341" scancount="135810" scanbytes="5315936" />
  <finalization candidates="13" enqueued="0" />
  <references type="soft" candidates="45" cleared="0" enqueued="0" dynamicThreshold="10" maxThreshold="32" />
  <references type="weak" candidates="143" cleared="0" enqueued="0" />
  <references type="phantom" candidates="57" cleared="0" enqueued="0" />
  <stringconstants candidates="3837" cleared="0"  />
</gc-op>
<gc-op id="232" type="sweep" timems="5.036" contextid="228" timestamp="2019-08-09T18:51:23.462" />
<mem-info id="233" free="3321240" total="10223616" percent="32">
  <mem type="tenure" free="3321240" total="10223616" percent="32" micro-fragmented="0" macro-fragmented="0">
    <mem type="soa" free="2810264" total="9712640" percent="28" />
    <mem type="loa" free="510976" total="510976" percent="100" />
  </mem>
</mem-info>
<gc-op id="234" type="compact" timems="20.111" contextid="228" timestamp="2019-08-09T18:51:23.483">
  <compact-info movecount="2041" movebytes="50960" reason="compact to aid heap contraction" />
</gc-op>
<heap-resize id="235" type="expand" space="tenure" amount="131072" count="1" timems="0.028" reason="satisfy allocation request" timestamp="2019-08-09T18:51:23.484" />
<gc-end id="236" type="global" contextid="228" durationms="38.942" usertimems="46.660" systemtimems="9.532" timestamp="2019-08-09T18:51:23.484" activeThreads="16">
  <mem-info id="237" free="3453440" total="10354688" percent="33">
    <mem type="tenure" free="3453440" total="10354688" percent="33">
      <mem type="soa" free="2936320" total="9837568" percent="29" />
      <mem type="loa" free="517120" total="517120" percent="100" />
    </mem>
  </mem-info>
</gc-end>
<cycle-end id="238" type="global" contextid="228" timestamp="2019-08-09T18:51:23.485" />
  <attribute name="elasticGC enabled" value="1" />
  <attribute name= "numThreadsSpecified" value="16" />
  <attribute name="heapSize specified" value="10223616" />
  <attribute name="Current GC Util" value="40" />
  <attribute name= "Current Time Running" value="23427" />
  <attribute name ="GC Interval" value="0" />
  <attribute name="Target GC Util Change" value ="80.000000" />
  <attribute name="Current GC Util Change" value="40.000000"/>
  <attribute name="Current Error" value="40.000000" />
  <attribute name="Output H" value="10299344"/>
  <attribute name="Output I" value="2056"/>
  <attribute name="Output T" value="16"/>
  <attribute name= "Current Time Running" value="23427" />
  <attribute name="GC Util currently" value="40" />
  <attribute name="CPU Util currently" value="56535075869" />
<allocation-satisfied id="239" threadId="0000000002704200" bytesRequested="32" />
<af-end id="240" timestamp="2019-08-09T18:51:23.485" threadId="0000000002704B88" success="true" />
<exclusive-end id="241" timestamp="2019-08-09T18:51:23.485" durationms="39.824" />

<exclusive-start id="242" timestamp="2019-08-09T18:51:24.930" intervalms="1485.163">
  <response-info timems="0.022" idlems="0.022" threads="0" lastid="00000000026D7300" lastname="node-23" />
</exclusive-start>
<af-start id="243" threadId="00000000026D7C88" totalBytesRequested="24" timestamp="2019-08-09T18:51:24.931" intervalms="1485.223" />
<cycle-start id="244" type="global" contextid="0" timestamp="2019-08-09T18:51:24.931" intervalms="1485.295" />
<gc-start id="245" type="global" contextid="244" timestamp="2019-08-09T18:51:24.931">
  <mem-info id="246" free="517120" total="10354688" percent="4">
    <mem type="tenure" free="517120" total="10354688" percent="4">
      <mem type="soa" free="0" total="9837568" percent="0" />
      <mem type="loa" free="517120" total="517120" percent="100" />
    </mem>
  </mem-info>
</gc-start>
<allocation-stats totalBytes="2952456" >
  <allocated-bytes non-tlh="0" tlh="2952456" />
  <largest-consumer threadName="node-20" threadId="0000000002722500" bytes="143312" />
</allocation-stats>
<heap-resize id="247" type="loa contract" space="tenure" amount="103424" count="1" timems="0.000" reason="contract underutilized loa" timestamp="2019-08-09T18:51:24.931" />
<gc-op id="248" type="mark" timems="8.569" contextid="244" timestamp="2019-08-09T18:51:24.940">
  <trace-info objectcount="145325" scancount="135806" scanbytes="5315552" />
  <finalization candidates="13" enqueued="0" />
  <references type="soft" candidates="45" cleared="0" enqueued="0" dynamicThreshold="10" maxThreshold="32" />
  <references type="weak" candidates="143" cleared="0" enqueued="0" />
  <references type="phantom" candidates="57" cleared="0" enqueued="0" />
  <stringconstants candidates="3837" cleared="0"  />
</gc-op>
<gc-op id="249" type="sweep" timems="3.900" contextid="244" timestamp="2019-08-09T18:51:24.944" />
<mem-info id="250" free="3467728" total="10354688" percent="33">
  <mem type="tenure" free="3467728" total="10354688" percent="33" micro-fragmented="0" macro-fragmented="0">
    <mem type="soa" free="3054032" total="9940992" percent="30" />
    <mem type="loa" free="413696" total="413696" percent="100" />
  </mem>
</mem-info>
<gc-op id="251" type="compact" timems="15.054" contextid="244" timestamp="2019-08-09T18:51:24.959">
  <compact-info movecount="2025" movebytes="50576" reason="compact to aid heap contraction" />
</gc-op>
<heap-resize id="252" type="expand" space="tenure" amount="131072" count="1" timems="0.016" reason="satisfy allocation request" timestamp="2019-08-09T18:51:24.959" />
<gc-end id="253" type="global" contextid="244" durationms="28.523" usertimems="26.944" systemtimems="21.411" timestamp="2019-08-09T18:51:24.959" activeThreads="16">
  <mem-info id="254" free="3584896" total="10485760" percent="34">
    <mem type="tenure" free="3584896" total="10485760" percent="34">
      <mem type="soa" free="3166080" total="10066944" percent="31" />
      <mem type="loa" free="418816" total="418816" percent="100" />
    </mem>
  </mem-info>
</gc-end>
<cycle-end id="255" type="global" contextid="244" timestamp="2019-08-09T18:51:24.960" />
  <attribute name="elasticGC enabled" value="1" />
  <attribute name= "numThreadsSpecified" value="16" />
  <attribute name="heapSize specified" value="10354688" />
  <attribute name="Current GC Util" value="102" />
  <attribute name= "Current Time Running" value="24903" />
  <attribute name ="GC Interval" value="0" />
  <attribute name="Target GC Util Change" value ="80.000000" />
  <attribute name="Current GC Util Change" value="102.000000"/>
  <attribute name="Current Error" value="-127.000000" />
  <attribute name="Output H" value="10430224"/>
  <attribute name="Output I" value="1864"/>
  <attribute name="Output T" value="16"/>
  <attribute name= "Current Time Running" value="24903" />
  <attribute name="GC Util currently" value="102" />
  <attribute name="CPU Util currently" value="76210685387" />
<allocation-satisfied id="256" threadId="00000000026D7300" bytesRequested="24" />
<af-end id="257" timestamp="2019-08-09T18:51:24.960" threadId="00000000026D7C88" success="true" />
<exclusive-end id="258" timestamp="2019-08-09T18:51:24.960" durationms="29.253" />

<exclusive-start id="259" timestamp="2019-08-09T18:51:26.850" intervalms="1919.576">
  <response-info timems="0.022" idlems="0.022" threads="0" lastid="0000000002722500" lastname="node-20" />
</exclusive-start>
<af-start id="260" threadId="0000000002722E88" totalBytesRequested="376" timestamp="2019-08-09T18:51:26.850" intervalms="1919.505" />
<cycle-start id="261" type="global" contextid="0" timestamp="2019-08-09T18:51:26.850" intervalms="1919.425" />
<gc-start id="262" type="global" contextid="261" timestamp="2019-08-09T18:51:26.850">
  <mem-info id="263" free="418816" total="10485760" percent="3">
    <mem type="tenure" free="418816" total="10485760" percent="3">
      <mem type="soa" free="0" total="10066944" percent="0" />
      <mem type="loa" free="418816" total="418816" percent="100" />
    </mem>
  </mem-info>
</gc-start>
<allocation-stats totalBytes="3179880" >
  <allocated-bytes non-tlh="0" tlh="3179880" />
  <largest-consumer threadName="node-2" threadId="000000000271AE00" bytes="143352" />
</allocation-stats>
<heap-resize id="264" type="loa contract" space="tenure" amount="104448" count="1" timems="0.000" reason="contract underutilized loa" timestamp="2019-08-09T18:51:26.850" />
<gc-op id="265" type="mark" timems="9.366" contextid="261" timestamp="2019-08-09T18:51:26.860">
  <trace-info objectcount="145323" scancount="135772" scanbytes="5315120" />
  <finalization candidates="13" enqueued="0" />
  <references type="soft" candidates="45" cleared="0" enqueued="0" dynamicThreshold="10" maxThreshold="32" />
  <references type="weak" candidates="143" cleared="0" enqueued="0" />
  <references type="phantom" candidates="57" cleared="0" enqueued="0" />
  <stringconstants candidates="3837" cleared="0"  />
</gc-op>
<gc-op id="266" type="sweep" timems="3.093" contextid="261" timestamp="2019-08-09T18:51:26.863" />
<mem-info id="267" free="3585680" total="10485760" percent="34">
  <mem type="tenure" free="3585680" total="10485760" percent="34" micro-fragmented="0" macro-fragmented="0">
    <mem type="soa" free="3271312" total="10171392" percent="32" />
    <mem type="loa" free="314368" total="314368" percent="100" />
  </mem>
</mem-info>
<gc-op id="268" type="compact" timems="16.760" contextid="261" timestamp="2019-08-09T18:51:26.880">
  <compact-info movecount="2023" movebytes="63416" reason="compact to aid heap contraction" />
</gc-op>
<heap-resize id="269" type="expand" space="tenure" amount="131072" count="1" timems="0.103" reason="satisfy allocation request" timestamp="2019-08-09T18:51:26.881" />
<gc-end id="270" type="global" contextid="261" durationms="31.286" usertimems="15.989" systemtimems="31.381" timestamp="2019-08-09T18:51:26.881" activeThreads="16">
  <mem-info id="271" free="3703128" total="10616832" percent="34">
    <mem type="tenure" free="3703128" total="10616832" percent="34">
      <mem type="soa" free="3384664" total="10298368" percent="32" />
      <mem type="loa" free="318464" total="318464" percent="100" />
    </mem>
  </mem-info>
</gc-end>
<cycle-end id="272" type="global" contextid="261" timestamp="2019-08-09T18:51:26.881" />
  <attribute name="elasticGC enabled" value="1" />
  <attribute name= "numThreadsSpecified" value="16" />
  <attribute name="heapSize specified" value="10485760" />
  <attribute name="Current GC Util" value="58" />
  <attribute name= "Current Time Running" value="26824" />
  <attribute name ="GC Interval" value="0" />
  <attribute name="Target GC Util Change" value ="80.000000" />
  <attribute name="Current GC Util Change" value="58.000000"/>
  <attribute name="Current Error" value="-100.000000" />
  <attribute name="Output H" value="10561328"/>
  <attribute name="Output I" value="1896"/>
  <attribute name="Output T" value="16"/>
  <attribute name= "Current Time Running" value="26824" />
  <attribute name="GC Util currently" value="58" />
  <attribute name="CPU Util currently" value="68646305536" />
<allocation-satisfied id="273" threadId="0000000002722500" bytesRequested="376" />
<af-end id="274" timestamp="2019-08-09T18:51:26.882" threadId="0000000002722E88" success="true" />
<exclusive-end id="275" timestamp="2019-08-09T18:51:26.882" durationms="31.546" />

<exclusive-start id="276" timestamp="2019-08-09T18:51:29.044" intervalms="2194.062">
  <response-info timems="0.087" idlems="0.087" threads="0" lastid="000000000270FA00" lastname="node-19" />
</exclusive-start>
<af-start id="277" threadId="0000000002710388" totalBytesRequested="32" timestamp="2019-08-09T18:51:29.044" intervalms="2194.095" />
<cycle-start id="278" type="global" contextid="0" timestamp="2019-08-09T18:51:29.044" intervalms="2194.101" />
<gc-start id="279" type="global" contextid="278" timestamp="2019-08-09T18:51:29.044">
  <mem-info id="280" free="318464" total="10616832" percent="2">
    <mem type="tenure" free="318464" total="10616832" percent="2">
      <mem type="soa" free="0" total="10298368" percent="0" />
      <mem type="loa" free="318464" total="318464" percent="100" />
    </mem>
  </mem-info>
</gc-start>
<allocation-stats totalBytes="3401672" >
  <allocated-bytes non-tlh="0" tlh="3401672" />
  <largest-consumer threadName="node-8" threadId="0000000002700600" bytes="184096" />
</allocation-stats>
<heap-resize id="281" type="loa contract" space="tenure" amount="106496" count="1" timems="0.000" reason="contract underutilized loa" timestamp="2019-08-09T18:51:29.044" />
<gc-op id="282" type="mark" timems="7.280" contextid="278" timestamp="2019-08-09T18:51:29.052">
  <trace-info objectcount="145235" scancount="135794" scanbytes="5313888" />
  <finalization candidates="13" enqueued="0" />
  <references type="soft" candidates="45" cleared="0" enqueued="0" dynamicThreshold="11" maxThreshold="32" />
  <references type="weak" candidates="143" cleared="0" enqueued="0" />
  <references type="phantom" candidates="57" cleared="0" enqueued="0" />
  <stringconstants candidates="3837" cleared="0"  />
</gc-op>
<gc-op id="283" type="sweep" timems="5.746" contextid="278" timestamp="2019-08-09T18:51:29.057" />
<mem-info id="284" free="3732720" total="10616832" percent="35">
  <mem type="tenure" free="3732720" total="10616832" percent="35" micro-fragmented="0" macro-fragmented="0">
    <mem type="soa" free="3520752" total="10404864" percent="33" />
    <mem type="loa" free="211968" total="211968" percent="100" />
  </mem>
</mem-info>
<gc-op id="285" type="compact" timems="25.031" contextid="278" timestamp="2019-08-09T18:51:29.083">
  <compact-info movecount="1935" movebytes="45784" reason="compact to aid heap contraction" />
</gc-op>
<heap-resize id="286" type="expand" space="tenure" amount="131072" count="1" timems="0.023" reason="satisfy allocation request" timestamp="2019-08-09T18:51:29.084" />
<gc-end id="287" type="global" contextid="278" durationms="39.788" usertimems="33.829" systemtimems="44.718" timestamp="2019-08-09T18:51:29.084" activeThreads="16">
  <mem-info id="288" free="3851832" total="10747904" percent="35">
    <mem type="tenure" free="3851832" total="10747904" percent="35">
      <mem type="soa" free="3637816" total="10533888" percent="34" />
      <mem type="loa" free="214016" total="214016" percent="100" />
    </mem>
  </mem-info>
</gc-end>
<cycle-end id="289" type="global" contextid="278" timestamp="2019-08-09T18:51:29.084" />
  <attribute name="elasticGC enabled" value="1" />
  <attribute name= "numThreadsSpecified" value="16" />
  <attribute name="heapSize specified" value="10616832" />
  <attribute name="Current GC Util" value="146" />
  <attribute name= "Current Time Running" value="29027" />
  <attribute name ="GC Interval" value="0" />
  <attribute name="Target GC Util Change" value ="80.000000" />
  <attribute name="Current GC Util Change" value="146.000000"/>
  <attribute name="Current Error" value="-66.000000" />
  <attribute name="Output H" value="10692440"/>
  <attribute name="Output I" value="1936"/>
  <attribute name="Output T" value="16"/>
  <attribute name= "Current Time Running" value="29027" />
  <attribute name="GC Util currently" value="146" />
  <attribute name="CPU Util currently" value="45955374547" />
<allocation-satisfied id="290" threadId="000000000270FA00" bytesRequested="32" />
<af-end id="291" timestamp="2019-08-09T18:51:29.084" threadId="0000000002710388" success="true" />
<exclusive-end id="292" timestamp="2019-08-09T18:51:29.084" durationms="40.029" />

<exclusive-start id="293" timestamp="2019-08-09T18:51:31.427" intervalms="2382.649">
  <response-info timems="0.030" idlems="0.030" threads="0" lastid="0000000002704200" lastname="node-21" />
</exclusive-start>
<af-start id="294" threadId="0000000002704B88" totalBytesRequested="16" timestamp="2019-08-09T18:51:31.427" intervalms="2382.673" />
<cycle-start id="295" type="global" contextid="0" timestamp="2019-08-09T18:51:31.427" intervalms="2382.702" />
<gc-start id="296" type="global" contextid="295" timestamp="2019-08-09T18:51:31.427">
  <mem-info id="297" free="214016" total="10747904" percent="1">
    <mem type="tenure" free="214016" total="10747904" percent="1">
      <mem type="soa" free="0" total="10533888" percent="0" />
      <mem type="loa" free="214016" total="214016" percent="100" />
    </mem>
  </mem-info>
</gc-start>
<allocation-stats totalBytes="3655616" >
  <allocated-bytes non-tlh="0" tlh="3655616" />
  <largest-consumer threadName="node-19" threadId="000000000270FA00" bytes="184304" />
</allocation-stats>
<heap-resize id="298" type="loa contract" space="tenure" amount="107520" count="1" timems="0.000" reason="contract underutilized loa" timestamp="2019-08-09T18:51:31.427" />
<gc-op id="299" type="mark" timems="9.138" contextid="295" timestamp="2019-08-09T18:51:31.436">
  <trace-info objectcount="145251" scancount="135707" scanbytes="5313472" />
  <finalization candidates="13" enqueued="0" />
  <references type="soft" candidates="45" cleared="0" enqueued="0" dynamicThreshold="11" maxThreshold="32" />
  <references type="weak" candidates="143" cleared="0" enqueued="0" />
  <references type="phantom" candidates="57" cleared="0" enqueued="0" />
  <stringconstants candidates="3837" cleared="0"  />
</gc-op>
<gc-op id="300" type="sweep" timems="4.335" contextid="295" timestamp="2019-08-09T18:51:31.441" />
<mem-info id="301" free="3847880" total="10747904" percent="35">
  <mem type="tenure" free="3847880" total="10747904" percent="35" micro-fragmented="0" macro-fragmented="0">
    <mem type="soa" free="3741384" total="10641408" percent="35" />
    <mem type="loa" free="106496" total="106496" percent="100" />
  </mem>
</mem-info>
<gc-op id="302" type="compact" timems="17.087" contextid="295" timestamp="2019-08-09T18:51:31.458">
  <compact-info movecount="1951" movebytes="56904" reason="compact to aid heap contraction" />
</gc-op>
<heap-resize id="303" type="expand" space="tenure" amount="131072" count="1" timems="0.020" reason="satisfy allocation request" timestamp="2019-08-09T18:51:31.459" />
<gc-end id="304" type="global" contextid="295" durationms="31.802" usertimems="28.845" systemtimems="28.240" timestamp="2019-08-09T18:51:31.459" activeThreads="16">
  <mem-info id="305" free="3971784" total="10878976" percent="36">
    <mem type="tenure" free="3971784" total="10878976" percent="36">
      <mem type="soa" free="3863240" total="10770432" percent="35" />
      <mem type="loa" free="108544" total="108544" percent="100" />
    </mem>
  </mem-info>
</gc-end>
<cycle-end id="306" type="global" contextid="295" timestamp="2019-08-09T18:51:31.459" />
  <attribute name="elasticGC enabled" value="1" />
  <attribute name= "numThreadsSpecified" value="16" />
  <attribute name="heapSize specified" value="10747904" />
  <attribute name="Current GC Util" value="83" />
  <attribute name= "Current Time Running" value="31402" />
  <attribute name ="GC Interval" value="0" />
  <attribute name="Target GC Util Change" value ="80.000000" />
  <attribute name="Current GC Util Change" value="83.000000"/>
  <attribute name="Current Error" value="-187.000000" />
  <attribute name="Output H" value="10823376"/>
  <attribute name="Output I" value="1800"/>
  <attribute name="Output T" value="16"/>
  <attribute name= "Current Time Running" value="31402" />
  <attribute name="GC Util currently" value="83" />
  <attribute name="CPU Util currently" value="67274855864" />
<allocation-satisfied id="307" threadId="0000000002704200" bytesRequested="16" />
<af-end id="308" timestamp="2019-08-09T18:51:31.459" threadId="0000000002704B88" success="true" />
<exclusive-end id="309" timestamp="2019-08-09T18:51:31.459" durationms="32.110" />

<exclusive-start id="310" timestamp="2019-08-09T18:51:33.830" intervalms="2403.440">
  <response-info timems="0.043" idlems="0.043" threads="0" lastid="000000000271EA00" lastname="node-3" />
</exclusive-start>
<af-start id="311" threadId="000000000271F388" totalBytesRequested="24" timestamp="2019-08-09T18:51:33.830" intervalms="2403.370" />
<cycle-start id="312" type="global" contextid="0" timestamp="2019-08-09T18:51:33.830" intervalms="2403.335" />
<gc-start id="313" type="global" contextid="312" timestamp="2019-08-09T18:51:33.830">
  <mem-info id="314" free="108544" total="10878976" percent="0">
    <mem type="tenure" free="108544" total="10878976" percent="0">
      <mem type="soa" free="0" total="10770432" percent="0" />
      <mem type="loa" free="108544" total="108544" percent="100" />
    </mem>
  </mem-info>
</gc-start>
<allocation-stats totalBytes="3879680" >
  <allocated-bytes non-tlh="0" tlh="3879680" />
  <largest-consumer threadName="node-4" threadId="000000000272D900" bytes="184304" />
</allocation-stats>
<gc-op id="315" type="mark" timems="12.740" contextid="312" timestamp="2019-08-09T18:51:33.843">
  <trace-info objectcount="145192" scancount="135661" scanbytes="5312360" />
  <finalization candidates="13" enqueued="0" />
  <references type="soft" candidates="45" cleared="0" enqueued="0" dynamicThreshold="11" maxThreshold="32" />
  <references type="weak" candidates="143" cleared="0" enqueued="0" />
  <references type="phantom" candidates="57" cleared="0" enqueued="0" />
  <stringconstants candidates="3837" cleared="0"  />
</gc-op>
<gc-op id="316" type="sweep" timems="4.805" contextid="312" timestamp="2019-08-09T18:51:33.848" />
<mem-info id="317" free="3995096" total="10878976" percent="36">
  <mem type="tenure" free="3995096" total="10878976" percent="36" micro-fragmented="0" macro-fragmented="0">
    <mem type="soa" free="3886552" total="10770432" percent="36" />
    <mem type="loa" free="108544" total="108544" percent="100" />
  </mem>
</mem-info>
<gc-op id="318" type="compact" timems="22.302" contextid="312" timestamp="2019-08-09T18:51:33.871">
  <compact-info movecount="1892" movebytes="47384" reason="compact to aid heap contraction" />
</gc-op>
<heap-resize id="319" type="expand" space="tenure" amount="131072" count="1" timems="0.028" reason="satisfy allocation request" timestamp="2019-08-09T18:51:33.873" />
<gc-end id="320" type="global" contextid="312" durationms="42.678" usertimems="27.151" systemtimems="40.094" timestamp="2019-08-09T18:51:33.873" activeThreads="16">
  <mem-info id="321" free="4112376" total="11010048" percent="37">
    <mem type="tenure" free="4112376" total="11010048" percent="37">
      <mem type="soa" free="4002808" total="10900480" percent="36" />
      <mem type="loa" free="109568" total="109568" percent="100" />
    </mem>
  </mem-info>
</gc-end>
<cycle-end id="322" type="global" contextid="312" timestamp="2019-08-09T18:51:33.873" />
  <attribute name="elasticGC enabled" value="1" />
  <attribute name= "numThreadsSpecified" value="16" />
  <attribute name="heapSize specified" value="10878976" />
  <attribute name="Current GC Util" value="92" />
  <attribute name= "Current Time Running" value="33815" />
  <attribute name ="GC Interval" value="0" />
  <attribute name="Target GC Util Change" value ="80.000000" />
  <attribute name="Current GC Util Change" value="92.000000"/>
  <attribute name="Current Error" value="-121.000000" />
  <attribute name="Output H" value="10954520"/>
  <attribute name="Output I" value="1872"/>
  <attribute name="Output T" value="16"/>
  <attribute name= "Current Time Running" value="33815" />
  <attribute name="GC Util currently" value="92" />
  <attribute name="CPU Util currently" value="51954788793" />
<allocation-satisfied id="323" threadId="000000000271EA00" bytesRequested="24" />
<af-end id="324" timestamp="2019-08-09T18:51:33.873" threadId="000000000271F388" success="true" />
<exclusive-end id="325" timestamp="2019-08-09T18:51:33.873" durationms="43.150" />

<exclusive-start id="326" timestamp="2019-08-09T18:51:36.509" intervalms="2679.284">
  <response-info timems="0.603" idlems="0.360" threads="1" lastid="000000000272D900" lastname="node-4" />
</exclusive-start>
<af-start id="327" threadId="0000000002713F88" totalBytesRequested="24" timestamp="2019-08-09T18:51:36.510" intervalms="2679.293" />
<cycle-start id="328" type="global" contextid="0" timestamp="2019-08-09T18:51:36.510" intervalms="2679.315" />
<gc-start id="329" type="global" contextid="328" timestamp="2019-08-09T18:51:36.510">
  <mem-info id="330" free="109568" total="11010048" percent="0">
    <mem type="tenure" free="109568" total="11010048" percent="0">
      <mem type="soa" free="0" total="10900480" percent="0" />
      <mem type="loa" free="109568" total="109568" percent="100" />
    </mem>
  </mem-info>
</gc-start>
<allocation-stats totalBytes="4019856" >
  <allocated-bytes non-tlh="0" tlh="4019856" />
  <largest-consumer threadName="node-8" threadId="0000000002700600" bytes="208864" />
</allocation-stats>
<gc-op id="331" type="mark" timems="24.723" contextid="328" timestamp="2019-08-09T18:51:36.534">
  <trace-info objectcount="145162" scancount="135650" scanbytes="5311552" />
  <finalization candidates="13" enqueued="0" />
  <references type="soft" candidates="45" cleared="0" enqueued="0" dynamicThreshold="11" maxThreshold="32" />
  <references type="weak" candidates="143" cleared="0" enqueued="0" />
  <references type="phantom" candidates="57" cleared="0" enqueued="0" />
  <stringconstants candidates="3837" cleared="0"  />
</gc-op>
<gc-op id="332" type="sweep" timems="7.767" contextid="328" timestamp="2019-08-09T18:51:36.542" />
<mem-info id="333" free="4129304" total="11010048" percent="37">
  <mem type="tenure" free="4129304" total="11010048" percent="37" micro-fragmented="0" macro-fragmented="2160235">
    <mem type="soa" free="4019736" total="10900480" percent="36" />
    <mem type="loa" free="109568" total="109568" percent="100" />
  </mem>
</mem-info>
<gc-op id="334" type="compact" timems="22.000" contextid="328" timestamp="2019-08-09T18:51:36.564">
  <compact-info movecount="1862" movebytes="49184" reason="compact to aid heap contraction" />
</gc-op>
<heap-resize id="335" type="expand" space="tenure" amount="131072" count="1" timems="0.023" reason="satisfy allocation request" timestamp="2019-08-09T18:51:36.569" />
<gc-end id="336" type="global" contextid="328" durationms="59.729" usertimems="36.251" systemtimems="51.596" timestamp="2019-08-09T18:51:36.569" activeThreads="16">
  <mem-info id="337" free="4237552" total="11141120" percent="38">
    <mem type="tenure" free="4237552" total="11141120" percent="38">
      <mem type="soa" free="4126960" total="11030528" percent="37" />
      <mem type="loa" free="110592" total="110592" percent="100" />
    </mem>
  </mem-info>
</gc-end>
<cycle-end id="338" type="global" contextid="328" timestamp="2019-08-09T18:51:36.569" />
  <attribute name="elasticGC enabled" value="1" />
  <attribute name= "numThreadsSpecified" value="16" />
  <attribute name="heapSize specified" value="11010048" />
  <attribute name="Current GC Util" value="65" />
  <attribute name= "Current Time Running" value="36508" />
  <attribute name ="GC Interval" value="0" />
  <attribute name="Target GC Util Change" value ="80.000000" />
  <attribute name="Current GC Util Change" value="65.000000"/>
  <attribute name="Current Error" value="15.000000" />
  <attribute name="Output H" value="11085752"/>
  <attribute name="Output I" value="2032"/>
  <attribute name="Output T" value="16"/>
  <attribute name= "Current Time Running" value="36508" />
  <attribute name="GC Util currently" value="65" />
  <attribute name="CPU Util currently" value="52278722878" />
<allocation-satisfied id="339" threadId="0000000002713600" bytesRequested="24" />
<af-end id="340" timestamp="2019-08-09T18:51:36.569" threadId="0000000002713F88" success="true" />
<exclusive-end id="341" timestamp="2019-08-09T18:51:36.569" durationms="59.939" />

<exclusive-start id="342" timestamp="2019-08-09T18:51:39.056" intervalms="2546.204">
  <response-info timems="1.065" idlems="1.065" threads="0" lastid="000000000271AE00" lastname="node-2" />
</exclusive-start>
<af-start id="343" threadId="000000000271B788" totalBytesRequested="24" timestamp="2019-08-09T18:51:39.056" intervalms="2546.212" />
<cycle-start id="344" type="global" contextid="0" timestamp="2019-08-09T18:51:39.056" intervalms="2546.192" />
<gc-start id="345" type="global" contextid="344" timestamp="2019-08-09T18:51:39.056">
  <mem-info id="346" free="110592" total="11141120" percent="0">
    <mem type="tenure" free="110592" total="11141120" percent="0">
      <mem type="soa" free="0" total="11030528" percent="0" />
      <mem type="loa" free="110592" total="110592" percent="100" />
    </mem>
  </mem-info>
</gc-start>
<allocation-stats totalBytes="4147096" >
  <allocated-bytes non-tlh="0" tlh="4147096" />
  <largest-consumer threadName="node-21" threadId="0000000002704200" bytes="208880" />
</allocation-stats>
<gc-op id="347" type="mark" timems="14.350" contextid="344" timestamp="2019-08-09T18:51:39.070">
  <trace-info objectcount="145124" scancount="135605" scanbytes="5310760" />
  <finalization candidates="13" enqueued="0" />
  <references type="soft" candidates="45" cleared="0" enqueued="0" dynamicThreshold="12" maxThreshold="32" />
  <references type="weak" candidates="143" cleared="0" enqueued="0" />
  <references type="phantom" candidates="57" cleared="0" enqueued="0" />
  <stringconstants candidates="3837" cleared="0"  />
</gc-op>
<gc-op id="348" type="sweep" timems="2.401" contextid="344" timestamp="2019-08-09T18:51:39.073" />
<mem-info id="349" free="4245264" total="11141120" percent="38">
  <mem type="tenure" free="4245264" total="11141120" percent="38" micro-fragmented="0" macro-fragmented="0">
    <mem type="soa" free="4134672" total="11030528" percent="37" />
    <mem type="loa" free="110592" total="110592" percent="100" />
  </mem>
</mem-info>
<gc-op id="350" type="compact" timems="19.416" contextid="344" timestamp="2019-08-09T18:51:39.092">
  <compact-info movecount="1824" movebytes="45808" reason="compact to aid heap contraction" />
</gc-op>
<heap-resize id="351" type="expand" space="tenure" amount="131072" count="1" timems="0.022" reason="satisfy allocation request" timestamp="2019-08-09T18:51:39.094" />
<gc-end id="352" type="global" contextid="344" durationms="38.515" usertimems="31.071" systemtimems="28.315" timestamp="2019-08-09T18:51:39.094" activeThreads="16">
  <mem-info id="353" free="4372000" total="11272192" percent="38">
    <mem type="tenure" free="4372000" total="11272192" percent="38">
      <mem type="soa" free="4259360" total="11159552" percent="38" />
      <mem type="loa" free="112640" total="112640" percent="100" />
    </mem>
  </mem-info>
</gc-end>
<cycle-end id="354" type="global" contextid="344" timestamp="2019-08-09T18:51:39.094" />
  <attribute name="elasticGC enabled" value="1" />
  <attribute name= "numThreadsSpecified" value="16" />
  <attribute name="heapSize specified" value="11141120" />
  <attribute name="Current GC Util" value="76" />
  <attribute name= "Current Time Running" value="39036" />
  <attribute name ="GC Interval" value="0" />
  <attribute name="Target GC Util Change" value ="80.000000" />
  <attribute name="Current GC Util Change" value="76.000000"/>
  <attribute name="Current Error" value="9.000000" />
  <attribute name="Output H" value="11216816"/>
  <attribute name="Output I" value="2024"/>
  <attribute name="Output T" value="16"/>
  <attribute name= "Current Time Running" value="39036" />
  <attribute name="GC Util currently" value="76" />
  <attribute name="CPU Util currently" value="59232647904" />
<allocation-satisfied id="355" threadId="000000000271AE00" bytesRequested="24" />
<af-end id="356" timestamp="2019-08-09T18:51:39.094" threadId="000000000271B788" success="true" />
<exclusive-end id="357" timestamp="2019-08-09T18:51:39.094" durationms="38.805" />

<exclusive-start id="358" timestamp="2019-08-09T18:51:41.421" intervalms="2365.669">
  <response-info timems="1.074" idlems="1.074" threads="0" lastid="0000000002729D00" lastname="node-14" />
</exclusive-start>
<af-start id="359" threadId="000000000272A688" totalBytesRequested="24" timestamp="2019-08-09T18:51:41.421" intervalms="2365.647" />
<cycle-start id="360" type="global" contextid="0" timestamp="2019-08-09T18:51:41.421" intervalms="2365.645" />
<gc-start id="361" type="global" contextid="360" timestamp="2019-08-09T18:51:41.421">
  <mem-info id="362" free="112640" total="11272192" percent="0">
    <mem type="tenure" free="112640" total="11272192" percent="0">
      <mem type="soa" free="0" total="11159552" percent="0" />
      <mem type="loa" free="112640" total="112640" percent="100" />
    </mem>
  </mem-info>
</gc-start>
<allocation-stats totalBytes="4277608" >
  <allocated-bytes non-tlh="0" tlh="4277608" />
  <largest-consumer threadName="node-7" threadId="00000000026DEB00" bytes="208880" />
</allocation-stats>
<gc-op id="363" type="mark" timems="12.599" contextid="360" timestamp="2019-08-09T18:51:41.434">
  <trace-info objectcount="145081" scancount="135550" scanbytes="5309696" />
  <finalization candidates="13" enqueued="0" />
  <references type="soft" candidates="45" cleared="0" enqueued="0" dynamicThreshold="12" maxThreshold="32" />
  <references type="weak" candidates="143" cleared="0" enqueued="0" />
  <references type="phantom" candidates="57" cleared="0" enqueued="0" />
  <stringconstants candidates="3837" cleared="0"  />
</gc-op>
<gc-op id="364" type="sweep" timems="4.934" contextid="360" timestamp="2019-08-09T18:51:41.439" />
<mem-info id="365" free="4391976" total="11272192" percent="38">
  <mem type="tenure" free="4391976" total="11272192" percent="38" micro-fragmented="0" macro-fragmented="0">
    <mem type="soa" free="4279336" total="11159552" percent="38" />
    <mem type="loa" free="112640" total="112640" percent="100" />
  </mem>
</mem-info>
<gc-op id="366" type="compact" timems="21.390" contextid="360" timestamp="2019-08-09T18:51:41.461">
  <compact-info movecount="1781" movebytes="44720" reason="compact to aid heap contraction" />
</gc-op>
<heap-resize id="367" type="expand" space="tenure" amount="131072" count="1" timems="0.022" reason="satisfy allocation request" timestamp="2019-08-09T18:51:41.461" />
<gc-end id="368" type="global" contextid="360" durationms="39.918" usertimems="34.769" systemtimems="31.192" timestamp="2019-08-09T18:51:41.461" activeThreads="16">
  <mem-info id="369" free="4504160" total="11403264" percent="39">
    <mem type="tenure" free="4504160" total="11403264" percent="39">
      <mem type="soa" free="4390496" total="11289600" percent="38" />
      <mem type="loa" free="113664" total="113664" percent="100" />
    </mem>
  </mem-info>
</gc-end>
<cycle-end id="370" type="global" contextid="360" timestamp="2019-08-09T18:51:41.461" />
  <attribute name="elasticGC enabled" value="1" />
  <attribute name= "numThreadsSpecified" value="16" />
  <attribute name="heapSize specified" value="11272192" />
  <attribute name="Current GC Util" value="66" />
  <attribute name= "Current Time Running" value="41405" />
  <attribute name ="GC Interval" value="0" />
  <attribute name="Target GC Util Change" value ="80.000000" />
  <attribute name="Current GC Util Change" value="66.000000"/>
  <attribute name="Current Error" value="-107.000000" />
  <attribute name="Output H" value="11347752"/>
  <attribute name="Output I" value="1888"/>
  <attribute name="Output T" value="16"/>
  <attribute name= "Current Time Running" value="41405" />
  <attribute name="GC Util currently" value="66" />
  <attribute name="CPU Util currently" value="53762633112" />
<allocation-satisfied id="371" threadId="0000000002729D00" bytesRequested="24" />
<af-end id="372" timestamp="2019-08-09T18:51:41.462" threadId="000000000272A688" success="true" />
<exclusive-end id="373" timestamp="2019-08-09T18:51:41.462" durationms="40.203" />

<exclusive-start id="374" timestamp="2019-08-09T18:51:43.966" intervalms="2544.544">
  <response-info timems="0.022" idlems="0.022" threads="0" lastid="0000000002707E00" lastname="node-1" />
</exclusive-start>
<af-start id="375" threadId="0000000002708788" totalBytesRequested="24" timestamp="2019-08-09T18:51:43.966" intervalms="2544.570" />
<cycle-start id="376" type="global" contextid="0" timestamp="2019-08-09T18:51:43.966" intervalms="2544.579" />
<gc-start id="377" type="global" contextid="376" timestamp="2019-08-09T18:51:43.966">
  <mem-info id="378" free="113664" total="11403264" percent="0">
    <mem type="tenure" free="113664" total="11403264" percent="0">
      <mem type="soa" free="0" total="11289600" percent="0" />
      <mem type="loa" free="113664" total="113664" percent="100" />
    </mem>
  </mem-info>
</gc-start>
<allocation-stats totalBytes="4402424" >
  <allocated-bytes non-tlh="0" tlh="4402424" />
  <largest-consumer threadName="node-9" threadId="0000000002731500" bytes="208688" />
</allocation-stats>
<gc-op id="379" type="mark" timems="9.454" contextid="376" timestamp="2019-08-09T18:51:43.976">
  <trace-info objectcount="145051" scancount="135524" scanbytes="5308976" />
  <finalization candidates="13" enqueued="0" />
  <references type="soft" candidates="45" cleared="0" enqueued="0" dynamicThreshold="12" maxThreshold="32" />
  <references type="weak" candidates="143" cleared="0" enqueued="0" />
  <references type="phantom" candidates="57" cleared="0" enqueued="0" />
  <stringconstants candidates="3837" cleared="0"  />
</gc-op>
<gc-op id="380" type="sweep" timems="1.480" contextid="376" timestamp="2019-08-09T18:51:43.977" />
<mem-info id="381" free="4513928" total="11403264" percent="39">
  <mem type="tenure" free="4513928" total="11403264" percent="39" micro-fragmented="0" macro-fragmented="0">
    <mem type="soa" free="4400264" total="11289600" percent="38" />
    <mem type="loa" free="113664" total="113664" percent="100" />
  </mem>
</mem-info>
<gc-op id="382" type="compact" timems="10.370" contextid="376" timestamp="2019-08-09T18:51:43.988">
  <compact-info movecount="1751" movebytes="44000" reason="compact to aid heap contraction" />
</gc-op>
<heap-resize id="383" type="expand" space="tenure" amount="131072" count="1" timems="0.020" reason="satisfy allocation request" timestamp="2019-08-09T18:51:43.990" />
<gc-end id="384" type="global" contextid="376" durationms="23.550" usertimems="23.389" systemtimems="0.687" timestamp="2019-08-09T18:51:43.990" activeThreads="16">
  <mem-info id="385" free="4635952" total="11534336" percent="40">
    <mem type="tenure" free="4635952" total="11534336" percent="40">
      <mem type="soa" free="4521264" total="11419648" percent="39" />
      <mem type="loa" free="114688" total="114688" percent="100" />
    </mem>
  </mem-info>
</gc-end>
<cycle-end id="386" type="global" contextid="376" timestamp="2019-08-09T18:51:43.990" />
  <attribute name="elasticGC enabled" value="1" />
  <attribute name= "numThreadsSpecified" value="16" />
  <attribute name="heapSize specified" value="11403264" />
  <attribute name="Current GC Util" value="0" />
  <attribute name= "Current Time Running" value="43932" />
  <attribute name ="GC Interval" value="0" />
  <attribute name="Target GC Util Change" value ="80.000000" />
  <attribute name="Current GC Util Change" value="0.000000"/>
  <attribute name="Current Error" value="80.000000" />
  <attribute name="Output H" value="11479040"/>
  <attribute name="Output I" value="2104"/>
  <attribute name="Output T" value="16"/>
  <attribute name= "Current Time Running" value="43932" />
  <attribute name="GC Util currently" value="0" />
  <attribute name="CPU Util currently" value="110607140700" />
<allocation-satisfied id="387" threadId="0000000002707E00" bytesRequested="24" />
<af-end id="388" timestamp="2019-08-09T18:51:43.990" threadId="0000000002708788" success="true" />
<exclusive-end id="389" timestamp="2019-08-09T18:51:43.990" durationms="24.132" />

<exclusive-start id="390" timestamp="2019-08-09T18:51:46.518" intervalms="2551.649">
  <response-info timems="0.391" idlems="0.391" threads="0" lastid="00000000026F1600" lastname="node-5" />
</exclusive-start>
<af-start id="391" threadId="00000000026F1F88" totalBytesRequested="32" timestamp="2019-08-09T18:51:46.518" intervalms="2551.693" />
<cycle-start id="392" type="global" contextid="0" timestamp="2019-08-09T18:51:46.518" intervalms="2551.683" />
<gc-start id="393" type="global" contextid="392" timestamp="2019-08-09T18:51:46.518">
  <mem-info id="394" free="114688" total="11534336" percent="0">
    <mem type="tenure" free="114688" total="11534336" percent="0">
      <mem type="soa" free="0" total="11419648" percent="0" />
      <mem type="loa" free="114688" total="114688" percent="100" />
    </mem>
  </mem-info>
</gc-start>
<allocation-stats totalBytes="4540296" >
  <allocated-bytes non-tlh="0" tlh="4540296" />
  <largest-consumer threadName="node-4" threadId="000000000272D900" bytes="208880" />
</allocation-stats>
<gc-op id="395" type="mark" timems="12.916" contextid="392" timestamp="2019-08-09T18:51:46.531">
  <trace-info objectcount="145005" scancount="135475" scanbytes="5307872" />
  <finalization candidates="13" enqueued="0" />
  <references type="soft" candidates="45" cleared="0" enqueued="0" dynamicThreshold="12" maxThreshold="32" />
  <references type="weak" candidates="143" cleared="0" enqueued="0" />
  <references type="phantom" candidates="57" cleared="0" enqueued="0" />
  <stringconstants candidates="3837" cleared="0"  />
</gc-op>
<gc-op id="396" type="sweep" timems="10.558" contextid="392" timestamp="2019-08-09T18:51:46.541" />
<mem-info id="397" free="4648336" total="11534336" percent="40">
  <mem type="tenure" free="4648336" total="11534336" percent="40" micro-fragmented="0" macro-fragmented="0">
    <mem type="soa" free="4533648" total="11419648" percent="39" />
    <mem type="loa" free="114688" total="114688" percent="100" />
  </mem>
</mem-info>
<gc-op id="398" type="compact" timems="19.195" contextid="392" timestamp="2019-08-09T18:51:46.561">
  <compact-info movecount="1704" movebytes="42864" reason="compact to aid heap contraction" />
</gc-op>
<heap-resize id="399" type="expand" space="tenure" amount="131072" count="1" timems="0.032" reason="satisfy allocation request" timestamp="2019-08-09T18:51:46.562" />
<gc-end id="400" type="global" contextid="392" durationms="44.552" usertimems="35.698" systemtimems="26.488" timestamp="2019-08-09T18:51:46.562" activeThreads="16">
  <mem-info id="401" free="4768128" total="11665408" percent="40">
    <mem type="tenure" free="4768128" total="11665408" percent="40">
      <mem type="soa" free="4652416" total="11549696" percent="40" />
      <mem type="loa" free="115712" total="115712" percent="100" />
    </mem>
  </mem-info>
</gc-end>
<cycle-end id="402" type="global" contextid="392" timestamp="2019-08-09T18:51:46.562" />
  <attribute name="elasticGC enabled" value="1" />
  <attribute name= "numThreadsSpecified" value="16" />
  <attribute name="heapSize specified" value="11534336" />
  <attribute name="Current GC Util" value="64" />
  <attribute name= "Current Time Running" value="46505" />
  <attribute name ="GC Interval" value="0" />
  <attribute name="Target GC Util Change" value ="80.000000" />
  <attribute name="Current GC Util Change" value="64.000000"/>
  <attribute name="Current Error" value="114.000000" />
  <attribute name="Output H" value="11610152"/>
  <attribute name="Output I" value="2144"/>
  <attribute name="Output T" value="16"/>
  <attribute name= "Current Time Running" value="46505" />
  <attribute name="GC Util currently" value="64" />
  <attribute name="CPU Util currently" value="59305810096" />
<allocation-satisfied id="403" threadId="00000000026F1600" bytesRequested="32" />
<af-end id="404" timestamp="2019-08-09T18:51:46.562" threadId="00000000026F1F88" success="true" />
<exclusive-end id="405" timestamp="2019-08-09T18:51:46.562" durationms="44.821" />

<exclusive-start id="406" timestamp="2019-08-09T18:51:49.601" intervalms="3083.095">
  <response-info timems="0.633" idlems="0.633" threads="0" lastid="00000000026CFB00" lastname="node-24" />
</exclusive-start>
<af-start id="407" threadId="00000000026D0488" totalBytesRequested="24" timestamp="2019-08-09T18:51:49.601" intervalms="3083.068" />
<cycle-start id="408" type="global" contextid="0" timestamp="2019-08-09T18:51:49.601" intervalms="3083.074" />
<gc-start id="409" type="global" contextid="408" timestamp="2019-08-09T18:51:49.601">
  <mem-info id="410" free="115712" total="11665408" percent="0">
    <mem type="tenure" free="115712" total="11665408" percent="0">
      <mem type="soa" free="0" total="11549696" percent="0" />
      <mem type="loa" free="115712" total="115712" percent="100" />
    </mem>
  </mem-info>
</gc-start>
<allocation-stats totalBytes="4666336" >
  <allocated-bytes non-tlh="0" tlh="4666336" />
  <largest-consumer threadName="node-9" threadId="0000000002731500" bytes="208880" />
</allocation-stats>
<gc-op id="411" type="mark" timems="10.680" contextid="408" timestamp="2019-08-09T18:51:49.611">
  <trace-info objectcount="144965" scancount="135430" scanbytes="5306912" />
  <finalization candidates="13" enqueued="0" />
  <references type="soft" candidates="45" cleared="0" enqueued="0" dynamicThreshold="13" maxThreshold="32" />
  <references type="weak" candidates="143" cleared="0" enqueued="0" />
  <references type="phantom" candidates="57" cleared="0" enqueued="0" />
  <stringconstants candidates="3837" cleared="0"  />
</gc-op>
<gc-op id="412" type="sweep" timems="3.125" contextid="408" timestamp="2019-08-09T18:51:49.615" />
<mem-info id="413" free="4786120" total="11665408" percent="41">
  <mem type="tenure" free="4786120" total="11665408" percent="41" micro-fragmented="0" macro-fragmented="0">
    <mem type="soa" free="4670408" total="11549696" percent="40" />
    <mem type="loa" free="115712" total="115712" percent="100" />
  </mem>
</mem-info>
<gc-op id="414" type="compact" timems="17.050" contextid="408" timestamp="2019-08-09T18:51:49.632">
  <compact-info movecount="1664" movebytes="41904" reason="compact to aid heap contraction" />
</gc-op>
<heap-resize id="415" type="expand" space="tenure" amount="131072" count="1" timems="0.019" reason="satisfy allocation request" timestamp="2019-08-09T18:51:49.634" />
<gc-end id="416" type="global" contextid="408" durationms="33.050" usertimems="20.793" systemtimems="31.802" timestamp="2019-08-09T18:51:49.634" activeThreads="16">
  <mem-info id="417" free="4900160" total="11796480" percent="41">
    <mem type="tenure" free="4900160" total="11796480" percent="41">
      <mem type="soa" free="4782400" total="11678720" percent="40" />
      <mem type="loa" free="117760" total="117760" percent="100" />
    </mem>
  </mem-info>
</gc-end>
<cycle-end id="418" type="global" contextid="408" timestamp="2019-08-09T18:51:49.634" />
  <attribute name="elasticGC enabled" value="1" />
  <attribute name= "numThreadsSpecified" value="16" />
  <attribute name="heapSize specified" value="11665408" />
  <attribute name="Current GC Util" value="76" />
  <attribute name= "Current Time Running" value="49576" />
  <attribute name ="GC Interval" value="0" />
  <attribute name="Target GC Util Change" value ="80.000000" />
  <attribute name="Current GC Util Change" value="76.000000"/>
  <attribute name="Current Error" value="-121.000000" />
  <attribute name="Output H" value="11740952"/>
  <attribute name="Output I" value="1872"/>
  <attribute name="Output T" value="16"/>
  <attribute name= "Current Time Running" value="49576" />
  <attribute name="GC Util currently" value="76" />
  <attribute name="CPU Util currently" value="67525524929" />
<allocation-satisfied id="419" threadId="00000000026CFB00" bytesRequested="24" />
<af-end id="420" timestamp="2019-08-09T18:51:49.634" threadId="00000000026D0488" success="true" />
<exclusive-end id="421" timestamp="2019-08-09T18:51:49.634" durationms="33.329" />

<exclusive-start id="422" timestamp="2019-08-09T18:51:52.254" intervalms="2653.208">
  <response-info timems="0.197" idlems="0.197" threads="0" lastid="0000000002731500" lastname="node-9" />
</exclusive-start>
<af-start id="423" threadId="0000000002731E88" totalBytesRequested="32" timestamp="2019-08-09T18:51:52.254" intervalms="2653.189" />
<cycle-start id="424" type="global" contextid="0" timestamp="2019-08-09T18:51:52.254" intervalms="2653.195" />
<gc-start id="425" type="global" contextid="424" timestamp="2019-08-09T18:51:52.254">
  <mem-info id="426" free="117760" total="11796480" percent="0">
    <mem type="tenure" free="117760" total="11796480" percent="0">
      <mem type="soa" free="0" total="11678720" percent="0" />
      <mem type="loa" free="117760" total="117760" percent="100" />
    </mem>
  </mem-info>
</gc-start>
<allocation-stats totalBytes="4805024" >
  <allocated-bytes non-tlh="0" tlh="4805024" />
  <largest-consumer threadName="node-8" threadId="0000000002700600" bytes="211176" />
</allocation-stats>
<gc-op id="427" type="mark" timems="14.537" contextid="424" timestamp="2019-08-09T18:51:52.269">
  <trace-info objectcount="144896" scancount="135395" scanbytes="5305752" />
  <finalization candidates="13" enqueued="0" />
  <references type="soft" candidates="45" cleared="0" enqueued="0" dynamicThreshold="13" maxThreshold="32" />
  <references type="weak" candidates="143" cleared="0" enqueued="0" />
  <references type="phantom" candidates="57" cleared="0" enqueued="0" />
  <stringconstants candidates="3837" cleared="0"  />
</gc-op>
<gc-op id="428" type="sweep" timems="5.204" contextid="424" timestamp="2019-08-09T18:51:52.274" />
<mem-info id="429" free="4927176" total="11796480" percent="41">
  <mem type="tenure" free="4927176" total="11796480" percent="41" micro-fragmented="0" macro-fragmented="0">
    <mem type="soa" free="4809416" total="11678720" percent="41" />
    <mem type="loa" free="117760" total="117760" percent="100" />
  </mem>
</mem-info>
<gc-op id="430" type="compact" timems="17.564" contextid="424" timestamp="2019-08-09T18:51:52.291">
  <compact-info movecount="1595" movebytes="37616" reason="compact to aid heap contraction" />
</gc-op>
<heap-resize id="431" type="expand" space="tenure" amount="131072" count="1" timems="0.041" reason="satisfy allocation request" timestamp="2019-08-09T18:51:52.292" />
<gc-end id="432" type="global" contextid="424" durationms="38.500" usertimems="22.188" systemtimems="32.503" timestamp="2019-08-09T18:51:52.292" activeThreads="16">
  <mem-info id="433" free="5035520" total="11927552" percent="42">
    <mem type="tenure" free="5035520" total="11927552" percent="42">
      <mem type="soa" free="4916736" total="11808768" percent="41" />
      <mem type="loa" free="118784" total="118784" percent="100" />
    </mem>
  </mem-info>
</gc-end>
<cycle-end id="434" type="global" contextid="424" timestamp="2019-08-09T18:51:52.293" />
  <attribute name="elasticGC enabled" value="1" />
  <attribute name= "numThreadsSpecified" value="16" />
  <attribute name="heapSize specified" value="11796480" />
  <attribute name="Current GC Util" value="63" />
  <attribute name= "Current Time Running" value="52235" />
  <attribute name ="GC Interval" value="0" />
  <attribute name="Target GC Util Change" value ="80.000000" />
  <attribute name="Current GC Util Change" value="63.000000"/>
  <attribute name="Current Error" value="17.000000" />
  <attribute name="Output H" value="11872184"/>
  <attribute name="Output I" value="2032"/>
  <attribute name="Output T" value="16"/>
  <attribute name= "Current Time Running" value="52235" />
  <attribute name="GC Util currently" value="63" />
  <attribute name="CPU Util currently" value="65222949758" />
<allocation-satisfied id="435" threadId="0000000002731500" bytesRequested="32" />
<af-end id="436" timestamp="2019-08-09T18:51:52.293" threadId="0000000002731E88" success="true" />
<exclusive-end id="437" timestamp="2019-08-09T18:51:52.293" durationms="38.788" />

<exclusive-start id="438" timestamp="2019-08-09T18:51:55.745" intervalms="3491.636">
  <response-info timems="0.022" idlems="0.022" threads="0" lastid="00000000026EDB00" lastname="node-13" />
</exclusive-start>
<af-start id="439" threadId="00000000026EE488" totalBytesRequested="720" timestamp="2019-08-09T18:51:55.746" intervalms="3491.630" />
<cycle-start id="440" type="global" contextid="0" timestamp="2019-08-09T18:51:55.746" intervalms="3491.620" />
<gc-start id="441" type="global" contextid="440" timestamp="2019-08-09T18:51:55.746">
  <mem-info id="442" free="118784" total="11927552" percent="0">
    <mem type="tenure" free="118784" total="11927552" percent="0">
      <mem type="soa" free="0" total="11808768" percent="0" />
      <mem type="loa" free="118784" total="118784" percent="100" />
    </mem>
  </mem-info>
</gc-start>
<allocation-stats totalBytes="4933736" >
  <allocated-bytes non-tlh="0" tlh="4933736" />
  <largest-consumer threadName="node-9" threadId="0000000002731500" bytes="257976" />
</allocation-stats>
<gc-op id="443" type="mark" timems="9.356" contextid="440" timestamp="2019-08-09T18:51:55.755">
  <trace-info objectcount="144880" scancount="135344" scanbytes="5304736" />
  <finalization candidates="13" enqueued="0" />
  <references type="soft" candidates="45" cleared="0" enqueued="0" dynamicThreshold="13" maxThreshold="32" />
  <references type="weak" candidates="143" cleared="0" enqueued="0" />
  <references type="phantom" candidates="57" cleared="0" enqueued="0" />
  <stringconstants candidates="3837" cleared="0"  />
</gc-op>
<gc-op id="444" type="sweep" timems="4.276" contextid="440" timestamp="2019-08-09T18:51:55.759" />
<mem-info id="445" free="5038176" total="11927552" percent="42">
  <mem type="tenure" free="5038176" total="11927552" percent="42" micro-fragmented="0" macro-fragmented="0">
    <mem type="soa" free="4919392" total="11808768" percent="41" />
    <mem type="loa" free="118784" total="118784" percent="100" />
  </mem>
</mem-info>
<gc-op id="446" type="compact" timems="13.125" contextid="440" timestamp="2019-08-09T18:51:55.772">
  <compact-info movecount="1579" movebytes="41936" reason="compact to aid heap contraction" />
</gc-op>
<heap-resize id="447" type="expand" space="tenure" amount="131072" count="1" timems="0.022" reason="satisfy allocation request" timestamp="2019-08-09T18:51:55.774" />
<gc-end id="448" type="global" contextid="440" durationms="28.104" usertimems="22.628" systemtimems="26.156" timestamp="2019-08-09T18:51:55.774" activeThreads="16">
  <mem-info id="449" free="5162272" total="12058624" percent="42">
    <mem type="tenure" free="5162272" total="12058624" percent="42">
      <mem type="soa" free="5042464" total="11938816" percent="42" />
      <mem type="loa" free="119808" total="119808" percent="100" />
    </mem>
  </mem-info>
</gc-end>
<cycle-end id="450" type="global" contextid="440" timestamp="2019-08-09T18:51:55.774" />
  <attribute name="elasticGC enabled" value="1" />
  <attribute name= "numThreadsSpecified" value="16" />
  <attribute name="heapSize specified" value="11927552" />
  <attribute name="Current GC Util" value="61" />
  <attribute name= "Current Time Running" value="55716" />
  <attribute name ="GC Interval" value="0" />
  <attribute name="Target GC Util Change" value ="80.000000" />
  <attribute name="Current GC Util Change" value="61.000000"/>
  <attribute name="Current Error" value="-48.000000" />
  <attribute name="Output H" value="12003184"/>
  <attribute name="Output I" value="1960"/>
  <attribute name="Output T" value="16"/>
  <attribute name= "Current Time Running" value="55716" />
  <attribute name="GC Util currently" value="61" />
  <attribute name="CPU Util currently" value="87305597856" />
<allocation-satisfied id="451" threadId="00000000026EDB00" bytesRequested="720" />
<af-end id="452" timestamp="2019-08-09T18:51:55.774" threadId="00000000026EE488" success="true" />
<exclusive-end id="453" timestamp="2019-08-09T18:51:55.774" durationms="28.650" />

<exclusive-start id="454" timestamp="2019-08-09T18:51:59.095" intervalms="3349.503">
  <response-info timems="0.575" idlems="0.300" threads="1" lastid="00000000026D7300" lastname="node-23" />
</exclusive-start>
<af-start id="455" threadId="0000000002713F88" totalBytesRequested="16" timestamp="2019-08-09T18:51:59.095" intervalms="3349.492" />
<cycle-start id="456" type="global" contextid="0" timestamp="2019-08-09T18:51:59.095" intervalms="3349.493" />
<gc-start id="457" type="global" contextid="456" timestamp="2019-08-09T18:51:59.095">
  <mem-info id="458" free="119808" total="12058624" percent="0">
    <mem type="tenure" free="119808" total="12058624" percent="0">
      <mem type="soa" free="0" total="11938816" percent="0" />
      <mem type="loa" free="119808" total="119808" percent="100" />
    </mem>
  </mem-info>
</gc-start>
<allocation-stats totalBytes="5062368" >
  <allocated-bytes non-tlh="0" tlh="5062368" />
  <largest-consumer threadName="node-25" threadId="00000000026E9F00" bytes="258024" />
</allocation-stats>
<gc-op id="459" type="mark" timems="6.652" contextid="456" timestamp="2019-08-09T18:51:59.102">
  <trace-info objectcount="144856" scancount="135309" scanbytes="5303896" />
  <finalization candidates="13" enqueued="0" />
  <references type="soft" candidates="45" cleared="0" enqueued="0" dynamicThreshold="13" maxThreshold="32" />
  <references type="weak" candidates="143" cleared="0" enqueued="0" />
  <references type="phantom" candidates="57" cleared="0" enqueued="0" />
  <stringconstants candidates="3837" cleared="0"  />
</gc-op>
<gc-op id="460" type="sweep" timems="2.486" contextid="456" timestamp="2019-08-09T18:51:59.104" />
<mem-info id="461" free="5164216" total="12058624" percent="42">
  <mem type="tenure" free="5164216" total="12058624" percent="42" micro-fragmented="0" macro-fragmented="0">
    <mem type="soa" free="5044408" total="11938816" percent="42" />
    <mem type="loa" free="119808" total="119808" percent="100" />
  </mem>
</mem-info>
<gc-op id="462" type="compact" timems="14.171" contextid="456" timestamp="2019-08-09T18:51:59.119">
  <compact-info movecount="1555" movebytes="49008" reason="compact to aid heap contraction" />
</gc-op>
<heap-resize id="463" type="expand" space="tenure" amount="131072" count="1" timems="0.021" reason="satisfy allocation request" timestamp="2019-08-09T18:51:59.120" />
<gc-end id="464" type="global" contextid="456" durationms="24.524" usertimems="33.325" systemtimems="14.355" timestamp="2019-08-09T18:51:59.120" activeThreads="16">
  <mem-info id="465" free="5286272" total="12189696" percent="43">
    <mem type="tenure" free="5286272" total="12189696" percent="43">
      <mem type="soa" free="5164416" total="12067840" percent="42" />
      <mem type="loa" free="121856" total="121856" percent="100" />
    </mem>
  </mem-info>
</gc-end>
<cycle-end id="466" type="global" contextid="456" timestamp="2019-08-09T18:51:59.120" />
  <attribute name="elasticGC enabled" value="1" />
  <attribute name= "numThreadsSpecified" value="16" />
  <attribute name="heapSize specified" value="12058624" />
  <attribute name="Current GC Util" value="62" />
  <attribute name= "Current Time Running" value="59063" />
  <attribute name ="GC Interval" value="0" />
  <attribute name="Target GC Util Change" value ="80.000000" />
  <attribute name="Current GC Util Change" value="62.000000"/>
  <attribute name="Current Error" value="-293.000000" />
  <attribute name="Output H" value="12133968"/>
  <attribute name="Output I" value="1672"/>
  <attribute name="Output T" value="16"/>
  <attribute name= "Current Time Running" value="59063" />
  <attribute name="GC Util currently" value="62" />
  <attribute name="CPU Util currently" value="80414112270" />
<allocation-satisfied id="467" threadId="0000000002713600" bytesRequested="16" />
<af-end id="468" timestamp="2019-08-09T18:51:59.120" threadId="0000000002713F88" success="true" />
<exclusive-end id="469" timestamp="2019-08-09T18:51:59.120" durationms="24.841" />

<exclusive-start id="470" timestamp="2019-08-09T18:52:02.534" intervalms="3438.971">
  <response-info timems="0.280" idlems="0.157" threads="1" lastid="0000000002700600" lastname="node-8" />
</exclusive-start>
<af-start id="471" threadId="00000000026EE488" totalBytesRequested="24" timestamp="2019-08-09T18:52:02.534" intervalms="3438.965" />
<cycle-start id="472" type="global" contextid="0" timestamp="2019-08-09T18:52:02.534" intervalms="3438.971" />
<gc-start id="473" type="global" contextid="472" timestamp="2019-08-09T18:52:02.534">
  <mem-info id="474" free="121856" total="12189696" percent="0">
    <mem type="tenure" free="121856" total="12189696" percent="0">
      <mem type="soa" free="0" total="12067840" percent="0" />
      <mem type="loa" free="121856" total="121856" percent="100" />
    </mem>
  </mem-info>
</gc-start>
<allocation-stats totalBytes="5182480" >
  <allocated-bytes non-tlh="0" tlh="5182480" />
  <largest-consumer threadName="node-0" threadId="00000000026DAF00" bytes="257712" />
</allocation-stats>
<gc-op id="475" type="mark" timems="10.566" contextid="472" timestamp="2019-08-09T18:52:02.545">
  <trace-info objectcount="144780" scancount="135246" scanbytes="5302472" />
  <finalization candidates="13" enqueued="0" />
  <references type="soft" candidates="45" cleared="0" enqueued="0" dynamicThreshold="13" maxThreshold="32" />
  <references type="weak" candidates="143" cleared="0" enqueued="0" />
  <references type="phantom" candidates="57" cleared="0" enqueued="0" />
  <stringconstants candidates="3837" cleared="0"  />
</gc-op>
<gc-op id="476" type="sweep" timems="3.163" contextid="472" timestamp="2019-08-09T18:52:02.548" />
<mem-info id="477" free="5307016" total="12189696" percent="43">
  <mem type="tenure" free="5307016" total="12189696" percent="43" micro-fragmented="0" macro-fragmented="0">
    <mem type="soa" free="5185160" total="12067840" percent="42" />
    <mem type="loa" free="121856" total="121856" percent="100" />
  </mem>
</mem-info>
<gc-op id="478" type="compact" timems="14.835" contextid="472" timestamp="2019-08-09T18:52:02.563">
  <compact-info movecount="1479" movebytes="37464" reason="compact to aid heap contraction" />
</gc-op>
<heap-resize id="479" type="expand" space="tenure" amount="131072" count="1" timems="0.025" reason="satisfy allocation request" timestamp="2019-08-09T18:52:02.565" />
<gc-end id="480" type="global" contextid="472" durationms="30.999" usertimems="32.479" systemtimems="29.720" timestamp="2019-08-09T18:52:02.565" activeThreads="16">
  <mem-info id="481" free="5428888" total="12320768" percent="44">
    <mem type="tenure" free="5428888" total="12320768" percent="44">
      <mem type="soa" free="5306008" total="12197888" percent="43" />
      <mem type="loa" free="122880" total="122880" percent="100" />
    </mem>
  </mem-info>
</gc-end>
<cycle-end id="482" type="global" contextid="472" timestamp="2019-08-09T18:52:02.565" />
  <attribute name="elasticGC enabled" value="1" />
  <attribute name= "numThreadsSpecified" value="16" />
  <attribute name="heapSize specified" value="12189696" />
  <attribute name="Current GC Util" value="79" />
  <attribute name= "Current Time Running" value="62507" />
  <attribute name ="GC Interval" value="0" />
  <attribute name="Target GC Util Change" value ="80.000000" />
  <attribute name="Current GC Util Change" value="79.000000"/>
  <attribute name="Current Error" value="1.000000" />
  <attribute name="Output H" value="12265384"/>
  <attribute name="Output I" value="2016"/>
  <attribute name="Output T" value="16"/>
  <attribute name= "Current Time Running" value="62507" />
  <attribute name="GC Util currently" value="79" />
  <attribute name="CPU Util currently" value="77293736727" />
<allocation-satisfied id="483" threadId="00000000026EDB00" bytesRequested="24" />
<af-end id="484" timestamp="2019-08-09T18:52:02.565" threadId="00000000026EE488" success="true" />
<exclusive-end id="485" timestamp="2019-08-09T18:52:02.565" durationms="31.500" />

<exclusive-start id="486" timestamp="2019-08-09T18:52:06.194" intervalms="3659.688">
  <response-info timems="0.103" idlems="0.103" threads="0" lastid="00000000026F1600" lastname="node-5" />
</exclusive-start>
<af-start id="487" threadId="00000000026F1F88" totalBytesRequested="16" timestamp="2019-08-09T18:52:06.194" intervalms="3659.711" />
<cycle-start id="488" type="global" contextid="0" timestamp="2019-08-09T18:52:06.194" intervalms="3659.703" />
<gc-start id="489" type="global" contextid="488" timestamp="2019-08-09T18:52:06.194">
  <mem-info id="490" free="122880" total="12320768" percent="0">
    <mem type="tenure" free="122880" total="12320768" percent="0">
      <mem type="soa" free="0" total="12197888" percent="0" />
      <mem type="loa" free="122880" total="122880" percent="100" />
    </mem>
  </mem-info>
</gc-start>
<allocation-stats totalBytes="5323344" >
  <allocated-bytes non-tlh="0" tlh="5323344" />
  <largest-consumer threadName="node-12" threadId="00000000026E6300" bytes="257752" />
</allocation-stats>
<gc-op id="491" type="mark" timems="9.362" contextid="488" timestamp="2019-08-09T18:52:06.203">
  <trace-info objectcount="144712" scancount="135211" scanbytes="5301296" />
  <finalization candidates="13" enqueued="0" />
  <references type="soft" candidates="45" cleared="0" enqueued="0" dynamicThreshold="14" maxThreshold="32" />
  <references type="weak" candidates="143" cleared="0" enqueued="0" />
  <references type="phantom" candidates="57" cleared="0" enqueued="0" />
  <stringconstants candidates="3837" cleared="0"  />
</gc-op>
<gc-op id="492" type="sweep" timems="3.944" contextid="488" timestamp="2019-08-09T18:52:06.207" />
<mem-info id="493" free="5454648" total="12320768" percent="44">
  <mem type="tenure" free="5454648" total="12320768" percent="44" micro-fragmented="0" macro-fragmented="0">
    <mem type="soa" free="5331768" total="12197888" percent="43" />
    <mem type="loa" free="122880" total="122880" percent="100" />
  </mem>
</mem-info>
<gc-op id="494" type="compact" timems="19.968" contextid="488" timestamp="2019-08-09T18:52:06.227">
  <compact-info movecount="1411" movebytes="33816" reason="compact to aid heap contraction" />
</gc-op>
<heap-resize id="495" type="expand" space="tenure" amount="131072" count="1" timems="0.139" reason="satisfy allocation request" timestamp="2019-08-09T18:52:06.230" />
<gc-end id="496" type="global" contextid="488" durationms="36.405" usertimems="32.523" systemtimems="26.272" timestamp="2019-08-09T18:52:06.230" activeThreads="16">
  <mem-info id="497" free="5563608" total="12451840" percent="44">
    <mem type="tenure" free="5563608" total="12451840" percent="44">
      <mem type="soa" free="5439704" total="12327936" percent="44" />
      <mem type="loa" free="123904" total="123904" percent="100" />
    </mem>
  </mem-info>
</gc-end>
<cycle-end id="498" type="global" contextid="488" timestamp="2019-08-09T18:52:06.230" />
  <attribute name="elasticGC enabled" value="1" />
  <attribute name= "numThreadsSpecified" value="16" />
  <attribute name="heapSize specified" value="12320768" />
  <attribute name="Current GC Util" value="69" />
  <attribute name= "Current Time Running" value="66171" />
  <attribute name ="GC Interval" value="0" />
  <attribute name="Target GC Util Change" value ="80.000000" />
  <attribute name="Current GC Util Change" value="69.000000"/>
  <attribute name="Current Error" value="-113.000000" />
  <attribute name="Output H" value="12396320"/>
  <attribute name="Output I" value="1880"/>
  <attribute name="Output T" value="16"/>
  <attribute name= "Current Time Running" value="66171" />
  <attribute name="GC Util currently" value="69" />
  <attribute name="CPU Util currently" value="57360077282" />
<allocation-satisfied id="499" threadId="00000000026F1600" bytesRequested="16" />
<af-end id="500" timestamp="2019-08-09T18:52:06.230" threadId="00000000026F1F88" success="true" />
<exclusive-end id="501" timestamp="2019-08-09T18:52:06.230" durationms="36.815" />

<exclusive-start id="502" timestamp="2019-08-09T18:52:10.442" intervalms="4248.693">
  <response-info timems="0.104" idlems="0.104" threads="0" lastid="00000000026DEB00" lastname="node-7" />
</exclusive-start>
<af-start id="503" threadId="00000000026DF488" totalBytesRequested="16" timestamp="2019-08-09T18:52:10.442" intervalms="4248.730" />
<cycle-start id="504" type="global" contextid="0" timestamp="2019-08-09T18:52:10.442" intervalms="4248.741" />
<gc-start id="505" type="global" contextid="504" timestamp="2019-08-09T18:52:10.443">
  <mem-info id="506" free="123904" total="12451840" percent="0">
    <mem type="tenure" free="123904" total="12451840" percent="0">
      <mem type="soa" free="0" total="12327936" percent="0" />
      <mem type="loa" free="123904" total="123904" percent="100" />
    </mem>
  </mem-info>
</gc-start>
<allocation-stats totalBytes="5459520" >
  <allocated-bytes non-tlh="0" tlh="5459520" />
  <largest-consumer threadName="node-4" threadId="000000000272D900" bytes="257992" />
</allocation-stats>
<gc-op id="507" type="mark" timems="9.433" contextid="504" timestamp="2019-08-09T18:52:10.452">
  <trace-info objectcount="144679" scancount="135142" scanbytes="5299944" />
  <finalization candidates="13" enqueued="0" />
  <references type="soft" candidates="45" cleared="0" enqueued="0" dynamicThreshold="14" maxThreshold="32" />
  <references type="weak" candidates="143" cleared="0" enqueued="0" />
  <references type="phantom" candidates="57" cleared="0" enqueued="0" />
  <stringconstants candidates="3837" cleared="0"  />
</gc-op>
<gc-op id="508" type="sweep" timems="4.515" contextid="504" timestamp="2019-08-09T18:52:10.457" />
<mem-info id="509" free="5573152" total="12451840" percent="44">
  <mem type="tenure" free="5573152" total="12451840" percent="44" micro-fragmented="0" macro-fragmented="0">
    <mem type="soa" free="5449248" total="12327936" percent="44" />
    <mem type="loa" free="123904" total="123904" percent="100" />
  </mem>
</mem-info>
<gc-op id="510" type="compact" timems="18.789" contextid="504" timestamp="2019-08-09T18:52:10.475">
  <compact-info movecount="1378" movebytes="36416" reason="compact to aid heap contraction" />
</gc-op>
<heap-resize id="511" type="expand" space="tenure" amount="131072" count="1" timems="0.024" reason="satisfy allocation request" timestamp="2019-08-09T18:52:10.478" />
<gc-end id="512" type="global" contextid="504" durationms="35.185" usertimems="27.358" systemtimems="36.411" timestamp="2019-08-09T18:52:10.478" activeThreads="16">
  <mem-info id="513" free="5687984" total="12582912" percent="45">
    <mem type="tenure" free="5687984" total="12582912" percent="45">
      <mem type="soa" free="5563056" total="12457984" percent="44" />
      <mem type="loa" free="124928" total="124928" percent="100" />
    </mem>
  </mem-info>
</gc-end>
<cycle-end id="514" type="global" contextid="504" timestamp="2019-08-09T18:52:10.478" />
  <attribute name="elasticGC enabled" value="1" />
  <attribute name= "numThreadsSpecified" value="16" />
  <attribute name="heapSize specified" value="12451840" />
  <attribute name="Current GC Util" value="91" />
  <attribute name= "Current Time Running" value="70419" />
  <attribute name ="GC Interval" value="0" />
  <attribute name="Target GC Util Change" value ="80.000000" />
  <attribute name="Current GC Util Change" value="91.000000"/>
  <attribute name="Current Error" value="-196.000000" />
  <attribute name="Output H" value="12527296"/>
  <attribute name="Output I" value="1784"/>
  <attribute name="Output T" value="16"/>
  <attribute name= "Current Time Running" value="70419" />
  <attribute name="GC Util currently" value="91" />
  <attribute name="CPU Util currently" value="61183895718" />
<allocation-satisfied id="515" threadId="00000000026DEB00" bytesRequested="16" />
<af-end id="516" timestamp="2019-08-09T18:52:10.478" threadId="00000000026DF488" success="true" />
<exclusive-end id="517" timestamp="2019-08-09T18:52:10.478" durationms="35.451" />

<exclusive-start id="518" timestamp="2019-08-09T18:52:14.053" intervalms="3610.934">
  <response-info timems="0.570" idlems="0.570" threads="0" lastid="00000000026FCA00" lastname="node-10" />
</exclusive-start>
<af-start id="519" threadId="00000000026FD388" totalBytesRequested="32" timestamp="2019-08-09T18:52:14.053" intervalms="3610.902" />
<cycle-start id="520" type="global" contextid="0" timestamp="2019-08-09T18:52:14.053" intervalms="3610.933" />
<gc-start id="521" type="global" contextid="520" timestamp="2019-08-09T18:52:14.053">
  <mem-info id="522" free="124928" total="12582912" percent="0">
    <mem type="tenure" free="124928" total="12582912" percent="0">
      <mem type="soa" free="0" total="12457984" percent="0" />
      <mem type="loa" free="124928" total="124928" percent="100" />
    </mem>
  </mem-info>
</gc-start>
<allocation-stats totalBytes="5588840" >
  <allocated-bytes non-tlh="0" tlh="5588840" />
  <largest-consumer threadName="node-9" threadId="0000000002731500" bytes="286696" />
</allocation-stats>
<gc-op id="523" type="mark" timems="9.972" contextid="520" timestamp="2019-08-09T18:52:14.063">
  <trace-info objectcount="144597" scancount="135101" scanbytes="5298576" />
  <finalization candidates="13" enqueued="0" />
  <references type="soft" candidates="45" cleared="0" enqueued="0" dynamicThreshold="14" maxThreshold="32" />
  <references type="weak" candidates="143" cleared="0" enqueued="0" />
  <references type="phantom" candidates="57" cleared="0" enqueued="0" />
  <stringconstants candidates="3837" cleared="0"  />
</gc-op>
<gc-op id="524" type="sweep" timems="1.974" contextid="520" timestamp="2019-08-09T18:52:14.065" />
<mem-info id="525" free="5719200" total="12582912" percent="45">
  <mem type="tenure" free="5719200" total="12582912" percent="45" micro-fragmented="0" macro-fragmented="0">
    <mem type="soa" free="5594272" total="12457984" percent="44" />
    <mem type="loa" free="124928" total="124928" percent="100" />
  </mem>
</mem-info>
<gc-op id="526" type="compact" timems="17.980" contextid="520" timestamp="2019-08-09T18:52:14.084">
  <compact-info movecount="1296" movebytes="30440" reason="compact to aid heap contraction" />
</gc-op>
<heap-resize id="527" type="expand" space="tenure" amount="131072" count="1" timems="0.020" reason="satisfy allocation request" timestamp="2019-08-09T18:52:14.085" />
<gc-end id="528" type="global" contextid="520" durationms="31.343" usertimems="43.614" systemtimems="18.498" timestamp="2019-08-09T18:52:14.085" activeThreads="16">
  <mem-info id="529" free="5825032" total="12713984" percent="45">
    <mem type="tenure" free="5825032" total="12713984" percent="45">
      <mem type="soa" free="5698056" total="12587008" percent="45" />
      <mem type="loa" free="126976" total="126976" percent="100" />
    </mem>
  </mem-info>
</gc-end>
<cycle-end id="530" type="global" contextid="520" timestamp="2019-08-09T18:52:14.085" />
  <attribute name="elasticGC enabled" value="1" />
  <attribute name= "numThreadsSpecified" value="16" />
  <attribute name="heapSize specified" value="12582912" />
  <attribute name="Current GC Util" value="93" />
  <attribute name= "Current Time Running" value="74027" />
  <attribute name ="GC Interval" value="0" />
  <attribute name="Target GC Util Change" value ="80.000000" />
  <attribute name="Current GC Util Change" value="93.000000"/>
  <attribute name="Current Error" value="-13.000000" />
  <attribute name="Output H" value="12658584"/>
  <attribute name="Output I" value="2000"/>
  <attribute name="Output T" value="16"/>
  <attribute name= "Current Time Running" value="74027" />
  <attribute name="GC Util currently" value="93" />
  <attribute name="CPU Util currently" value="64016049180" />
<allocation-satisfied id="531" threadId="00000000026FCA00" bytesRequested="32" />
<af-end id="532" timestamp="2019-08-09T18:52:14.085" threadId="00000000026FD388" success="true" />
<exclusive-end id="533" timestamp="2019-08-09T18:52:14.085" durationms="31.652" />

<exclusive-start id="534" timestamp="2019-08-09T18:52:18.344" intervalms="4290.329">
  <response-info timems="0.049" idlems="0.049" threads="0" lastid="0000000002713600" lastname="node-16" />
</exclusive-start>
<af-start id="535" threadId="0000000002713F88" totalBytesRequested="32" timestamp="2019-08-09T18:52:18.344" intervalms="4290.320" />
<cycle-start id="536" type="global" contextid="0" timestamp="2019-08-09T18:52:18.344" intervalms="4290.289" />
<gc-start id="537" type="global" contextid="536" timestamp="2019-08-09T18:52:18.344">
  <mem-info id="538" free="126976" total="12713984" percent="0">
    <mem type="tenure" free="126976" total="12713984" percent="0">
      <mem type="soa" free="0" total="12587008" percent="0" />
      <mem type="loa" free="126976" total="126976" percent="100" />
    </mem>
  </mem-info>
</gc-start>
<allocation-stats totalBytes="5722736" >
  <allocated-bytes non-tlh="0" tlh="5722736" />
  <largest-consumer threadName="node-7" threadId="00000000026DEB00" bytes="286696" />
</allocation-stats>
<gc-op id="539" type="mark" timems="8.665" contextid="536" timestamp="2019-08-09T18:52:18.352">
  <trace-info objectcount="144572" scancount="135042" scanbytes="5297480" />
  <finalization candidates="13" enqueued="0" />
  <references type="soft" candidates="45" cleared="0" enqueued="0" dynamicThreshold="14" maxThreshold="32" />
  <references type="weak" candidates="143" cleared="0" enqueued="0" />
  <references type="phantom" candidates="57" cleared="0" enqueued="0" />
  <stringconstants candidates="3837" cleared="0"  />
</gc-op>
<gc-op id="540" type="sweep" timems="3.155" contextid="536" timestamp="2019-08-09T18:52:18.356" />
<mem-info id="541" free="5841720" total="12713984" percent="45">
  <mem type="tenure" free="5841720" total="12713984" percent="45" micro-fragmented="0" macro-fragmented="0">
    <mem type="soa" free="5714744" total="12587008" percent="45" />
    <mem type="loa" free="126976" total="126976" percent="100" />
  </mem>
</mem-info>
<gc-op id="542" type="compact" timems="23.650" contextid="536" timestamp="2019-08-09T18:52:18.379">
  <compact-info movecount="1271" movebytes="32472" reason="compact to aid heap contraction" />
</gc-op>
<heap-resize id="543" type="expand" space="tenure" amount="131072" count="1" timems="0.018" reason="satisfy allocation request" timestamp="2019-08-09T18:52:18.382" />
<gc-end id="544" type="global" contextid="536" durationms="38.139" usertimems="35.408" systemtimems="17.614" timestamp="2019-08-09T18:52:18.382" activeThreads="16">
  <mem-info id="545" free="5954072" total="12845056" percent="46">
    <mem type="tenure" free="5954072" total="12845056" percent="46">
      <mem type="soa" free="5826072" total="12717056" percent="45" />
      <mem type="loa" free="128000" total="128000" percent="100" />
    </mem>
  </mem-info>
</gc-end>
<cycle-end id="546" type="global" contextid="536" timestamp="2019-08-09T18:52:18.382" />
  <attribute name="elasticGC enabled" value="1" />
  <attribute name= "numThreadsSpecified" value="16" />
  <attribute name="heapSize specified" value="12713984" />
  <attribute name="Current GC Util" value="44" />
  <attribute name= "Current Time Running" value="78323" />
  <attribute name ="GC Interval" value="0" />
  <attribute name="Target GC Util Change" value ="80.000000" />
  <attribute name="Current GC Util Change" value="44.000000"/>
  <attribute name="Current Error" value="-117.000000" />
  <attribute name="Output H" value="12789536"/>
  <attribute name="Output I" value="1880"/>
  <attribute name="Output T" value="16"/>
  <attribute name= "Current Time Running" value="78323" />
  <attribute name="GC Util currently" value="44" />
  <attribute name="CPU Util currently" value="48678589931" />
<allocation-satisfied id="547" threadId="0000000002713600" bytesRequested="32" />
<af-end id="548" timestamp="2019-08-09T18:52:18.382" threadId="0000000002713F88" success="true" />
<exclusive-end id="549" timestamp="2019-08-09T18:52:18.382" durationms="38.380" />

<exclusive-start id="550" timestamp="2019-08-09T18:52:22.242" intervalms="3898.553">
  <response-info timems="0.437" idlems="0.205" threads="2" lastid="0000000002722500" lastname="node-20" />
</exclusive-start>
<af-start id="551" threadId="00000000026F9788" totalBytesRequested="16" timestamp="2019-08-09T18:52:22.242" intervalms="3898.546" />
<cycle-start id="552" type="global" contextid="0" timestamp="2019-08-09T18:52:22.242" intervalms="3898.541" />
<gc-start id="553" type="global" contextid="552" timestamp="2019-08-09T18:52:22.242">
  <mem-info id="554" free="128000" total="12845056" percent="0">
    <mem type="tenure" free="128000" total="12845056" percent="0">
      <mem type="soa" free="0" total="12717056" percent="0" />
      <mem type="loa" free="128000" total="128000" percent="100" />
    </mem>
  </mem-info>
</gc-start>
<allocation-stats totalBytes="5847288" >
  <allocated-bytes non-tlh="0" tlh="5847288" />
  <largest-consumer threadName="node-8" threadId="0000000002700600" bytes="286600" />
</allocation-stats>
<gc-op id="555" type="mark" timems="6.997" contextid="552" timestamp="2019-08-09T18:52:22.249">
  <trace-info objectcount="144545" scancount="135043" scanbytes="5296456" />
  <finalization candidates="13" enqueued="0" />
  <references type="soft" candidates="45" cleared="0" enqueued="0" dynamicThreshold="14" maxThreshold="32" />
  <references type="weak" candidates="143" cleared="0" enqueued="0" />
  <references type="phantom" candidates="57" cleared="0" enqueued="0" />
  <stringconstants candidates="3837" cleared="0"  />
</gc-op>
<gc-op id="556" type="sweep" timems="3.736" contextid="552" timestamp="2019-08-09T18:52:22.253" />
<mem-info id="557" free="5963136" total="12845056" percent="46">
  <mem type="tenure" free="5963136" total="12845056" percent="46" micro-fragmented="0" macro-fragmented="0">
    <mem type="soa" free="5835136" total="12717056" percent="45" />
    <mem type="loa" free="128000" total="128000" percent="100" />
  </mem>
</mem-info>
<gc-op id="558" type="compact" timems="26.991" contextid="552" timestamp="2019-08-09T18:52:22.280">
  <compact-info movecount="1244" movebytes="40376" reason="compact to aid heap contraction" />
</gc-op>
<heap-resize id="559" type="expand" space="tenure" amount="131072" count="1" timems="0.023" reason="satisfy allocation request" timestamp="2019-08-09T18:52:22.281" />
<gc-end id="560" type="global" contextid="552" durationms="39.059" usertimems="26.653" systemtimems="28.149" timestamp="2019-08-09T18:52:22.281" activeThreads="16">
  <mem-info id="561" free="6077240" total="12976128" percent="46">
    <mem type="tenure" free="6077240" total="12976128" percent="46">
      <mem type="soa" free="5948216" total="12847104" percent="46" />
      <mem type="loa" free="129024" total="129024" percent="100" />
    </mem>
  </mem-info>
</gc-end>
<cycle-end id="562" type="global" contextid="552" timestamp="2019-08-09T18:52:22.281" />
  <attribute name="elasticGC enabled" value="1" />
  <attribute name= "numThreadsSpecified" value="16" />
  <attribute name="heapSize specified" value="12845056" />
  <attribute name="Current GC Util" value="68" />
  <attribute name= "Current Time Running" value="82224" />
  <attribute name ="GC Interval" value="0" />
  <attribute name="Target GC Util Change" value ="80.000000" />
  <attribute name="Current GC Util Change" value="68.000000"/>
  <attribute name="Current Error" value="-178.000000" />
  <attribute name="Output H" value="12920536"/>
  <attribute name="Output I" value="1808"/>
  <attribute name="Output T" value="16"/>
  <attribute name= "Current Time Running" value="82224" />
  <attribute name="GC Util currently" value="68" />
  <attribute name="CPU Util currently" value="42664589536" />
<allocation-satisfied id="563" threadId="00000000026F8E00" bytesRequested="16" />
<af-end id="564" timestamp="2019-08-09T18:52:22.281" threadId="00000000026F9788" success="true" />
<exclusive-end id="565" timestamp="2019-08-09T18:52:22.281" durationms="39.307" />

<exclusive-start id="566" timestamp="2019-08-09T18:52:25.771" intervalms="3528.657">
  <response-info timems="0.217" idlems="0.111" threads="1" lastid="00000000026DEB00" lastname="node-7" />
</exclusive-start>
<af-start id="567" threadId="0000000002708788" totalBytesRequested="16" timestamp="2019-08-09T18:52:25.771" intervalms="3528.703" />
<cycle-start id="568" type="global" contextid="0" timestamp="2019-08-09T18:52:25.771" intervalms="3528.725" />
<gc-start id="569" type="global" contextid="568" timestamp="2019-08-09T18:52:25.771">
  <mem-info id="570" free="129024" total="12976128" percent="0">
    <mem type="tenure" free="129024" total="12976128" percent="0">
      <mem type="soa" free="0" total="12847104" percent="0" />
      <mem type="loa" free="129024" total="129024" percent="100" />
    </mem>
  </mem-info>
</gc-start>
<allocation-stats totalBytes="5972176" >
  <allocated-bytes non-tlh="0" tlh="5972176" />
  <largest-consumer threadName="node-19" threadId="000000000270FA00" bytes="286680" />
</allocation-stats>
<gc-op id="571" type="mark" timems="16.780" contextid="568" timestamp="2019-08-09T18:52:25.788">
  <trace-info objectcount="144486" scancount="134954" scanbytes="5295112" />
  <finalization candidates="13" enqueued="0" />
  <references type="soft" candidates="45" cleared="0" enqueued="0" dynamicThreshold="14" maxThreshold="32" />
  <references type="weak" candidates="143" cleared="0" enqueued="0" />
  <references type="phantom" candidates="57" cleared="0" enqueued="0" />
  <stringconstants candidates="3837" cleared="0"  />
</gc-op>
<gc-op id="572" type="sweep" timems="4.305" contextid="568" timestamp="2019-08-09T18:52:25.792" />
<mem-info id="573" free="6099760" total="12976128" percent="47">
  <mem type="tenure" free="6099760" total="12976128" percent="47" micro-fragmented="0" macro-fragmented="0">
    <mem type="soa" free="5970736" total="12847104" percent="46" />
    <mem type="loa" free="129024" total="129024" percent="100" />
  </mem>
</mem-info>
<gc-op id="574" type="compact" timems="17.532" contextid="568" timestamp="2019-08-09T18:52:25.810">
  <compact-info movecount="1185" movebytes="38456" reason="compact to aid heap contraction" />
</gc-op>
<heap-resize id="575" type="expand" space="tenure" amount="131072" count="1" timems="0.021" reason="satisfy allocation request" timestamp="2019-08-09T18:52:25.810" />
<gc-end id="576" type="global" contextid="568" durationms="39.493" usertimems="40.108" systemtimems="20.998" timestamp="2019-08-09T18:52:25.810" activeThreads="16">
  <mem-info id="577" free="6210232" total="13107200" percent="47">
    <mem type="tenure" free="6210232" total="13107200" percent="47">
      <mem type="soa" free="6079160" total="12976128" percent="46" />
      <mem type="loa" free="131072" total="131072" percent="100" />
    </mem>
  </mem-info>
</gc-end>
<cycle-end id="578" type="global" contextid="568" timestamp="2019-08-09T18:52:25.811" />
  <attribute name="elasticGC enabled" value="1" />
  <attribute name= "numThreadsSpecified" value="16" />
  <attribute name="heapSize specified" value="12976128" />
  <attribute name="Current GC Util" value="60" />
  <attribute name= "Current Time Running" value="85754" />
  <attribute name ="GC Interval" value="0" />
  <attribute name="Target GC Util Change" value ="80.000000" />
  <attribute name="Current GC Util Change" value="60.000000"/>
  <attribute name="Current Error" value="20.000000" />
  <attribute name="Output H" value="13051832"/>
  <attribute name="Output I" value="2032"/>
  <attribute name="Output T" value="16"/>
  <attribute name= "Current Time Running" value="85754" />
  <attribute name="GC Util currently" value="60" />
  <attribute name="CPU Util currently" value="65590717384" />
<allocation-satisfied id="579" threadId="0000000002707E00" bytesRequested="16" />
<af-end id="580" timestamp="2019-08-09T18:52:25.811" threadId="0000000002708788" success="true" />
<exclusive-end id="581" timestamp="2019-08-09T18:52:25.811" durationms="40.004" />

<exclusive-start id="582" timestamp="2019-08-09T18:52:29.969" intervalms="4198.509">
  <response-info timems="0.068" idlems="0.037" threads="1" lastid="00000000026CFB00" lastname="node-24" />
</exclusive-start>
<af-start id="583" threadId="0000000002713F88" totalBytesRequested="24" timestamp="2019-08-09T18:52:29.969" intervalms="4198.500" />
<cycle-start id="584" type="global" contextid="0" timestamp="2019-08-09T18:52:29.969" intervalms="4198.473" />
<gc-start id="585" type="global" contextid="584" timestamp="2019-08-09T18:52:29.969">
  <mem-info id="586" free="131072" total="13107200" percent="1">
    <mem type="tenure" free="131072" total="13107200" percent="1">
      <mem type="soa" free="0" total="12976128" percent="0" />
      <mem type="loa" free="131072" total="131072" percent="100" />
    </mem>
  </mem-info>
</gc-start>
<allocation-stats totalBytes="6102344" >
  <allocated-bytes non-tlh="0" tlh="6102344" />
  <largest-consumer threadName="node-9" threadId="0000000002731500" bytes="286672" />
</allocation-stats>
<gc-op id="587" type="mark" timems="9.216" contextid="584" timestamp="2019-08-09T18:52:29.979">
  <trace-info objectcount="144410" scancount="134888" scanbytes="5293592" />
  <finalization candidates="13" enqueued="0" />
  <references type="soft" candidates="45" cleared="0" enqueued="0" dynamicThreshold="15" maxThreshold="32" />
  <references type="weak" candidates="143" cleared="0" enqueued="0" />
  <references type="phantom" candidates="57" cleared="0" enqueued="0" />
  <stringconstants candidates="3837" cleared="0"  />
</gc-op>
<gc-op id="588" type="sweep" timems="1.442" contextid="584" timestamp="2019-08-09T18:52:29.980" />
<mem-info id="589" free="6243024" total="13107200" percent="47">
  <mem type="tenure" free="6243024" total="13107200" percent="47" micro-fragmented="0" macro-fragmented="0">
    <mem type="soa" free="6111952" total="12976128" percent="47" />
    <mem type="loa" free="131072" total="131072" percent="100" />
  </mem>
</mem-info>
<gc-op id="590" type="compact" timems="15.716" contextid="584" timestamp="2019-08-09T18:52:29.996">
  <compact-info movecount="1109" movebytes="28584" reason="compact to aid heap contraction" />
</gc-op>
<heap-resize id="591" type="expand" space="tenure" amount="131072" count="1" timems="0.021" reason="satisfy allocation request" timestamp="2019-08-09T18:52:29.997" />
<gc-end id="592" type="global" contextid="584" durationms="27.762" usertimems="34.088" systemtimems="13.371" timestamp="2019-08-09T18:52:29.997" activeThreads="16">
  <mem-info id="593" free="6351176" total="13238272" percent="47">
    <mem type="tenure" free="6351176" total="13238272" percent="47">
      <mem type="soa" free="6219080" total="13106176" percent="47" />
      <mem type="loa" free="132096" total="132096" percent="100" />
    </mem>
  </mem-info>
</gc-end>
<cycle-end id="594" type="global" contextid="584" timestamp="2019-08-09T18:52:29.997" />
  <attribute name="elasticGC enabled" value="1" />
  <attribute name= "numThreadsSpecified" value="16" />
  <attribute name="heapSize specified" value="13107200" />
  <attribute name="Current GC Util" value="63" />
  <attribute name= "Current Time Running" value="89940" />
  <attribute name ="GC Interval" value="0" />
  <attribute name="Target GC Util Change" value ="80.000000" />
  <attribute name="Current GC Util Change" value="63.000000"/>
  <attribute name="Current Error" value="13.000000" />
  <attribute name="Output H" value="13182896"/>
  <attribute name="Output I" value="2024"/>
  <attribute name="Output T" value="16"/>
  <attribute name= "Current Time Running" value="89940" />
  <attribute name="GC Util currently" value="63" />
  <attribute name="CPU Util currently" value="73055568753" />
<allocation-satisfied id="595" threadId="0000000002713600" bytesRequested="24" />
<af-end id="596" timestamp="2019-08-09T18:52:29.997" threadId="0000000002713F88" success="true" />
<exclusive-end id="597" timestamp="2019-08-09T18:52:29.997" durationms="27.976" />

<exclusive-start id="598" timestamp="2019-08-09T18:52:33.819" intervalms="3849.595">
  <response-info timems="0.023" idlems="0.023" threads="0" lastid="000000000270FA00" lastname="node-19" />
</exclusive-start>
<af-start id="599" threadId="0000000002710388" totalBytesRequested="376" timestamp="2019-08-09T18:52:33.819" intervalms="3849.578" />
<cycle-start id="600" type="global" contextid="0" timestamp="2019-08-09T18:52:33.819" intervalms="3849.663" />
<gc-start id="601" type="global" contextid="600" timestamp="2019-08-09T18:52:33.819">
  <mem-info id="602" free="132096" total="13238272" percent="0">
    <mem type="tenure" free="132096" total="13238272" percent="0">
      <mem type="soa" free="0" total="13106176" percent="0" />
      <mem type="loa" free="132096" total="132096" percent="100" />
    </mem>
  </mem-info>
</gc-start>
<allocation-stats totalBytes="6243808" >
  <allocated-bytes non-tlh="0" tlh="6243808" />
  <largest-consumer threadName="node-5" threadId="00000000026F1600" bytes="286688" />
</allocation-stats>
<gc-op id="603" type="mark" timems="9.104" contextid="600" timestamp="2019-08-09T18:52:33.828">
  <trace-info objectcount="144347" scancount="134826" scanbytes="5292408" />
  <finalization candidates="13" enqueued="0" />
  <references type="soft" candidates="45" cleared="0" enqueued="0" dynamicThreshold="15" maxThreshold="32" />
  <references type="weak" candidates="143" cleared="0" enqueued="0" />
  <references type="phantom" candidates="57" cleared="0" enqueued="0" />
  <stringconstants candidates="3837" cleared="0"  />
</gc-op>
<gc-op id="604" type="sweep" timems="6.125" contextid="600" timestamp="2019-08-09T18:52:33.835" />
<mem-info id="605" free="6376288" total="13238272" percent="48">
  <mem type="tenure" free="6376288" total="13238272" percent="48" micro-fragmented="0" macro-fragmented="0">
    <mem type="soa" free="6244192" total="13106176" percent="47" />
    <mem type="loa" free="132096" total="132096" percent="100" />
  </mem>
</mem-info>
<gc-op id="606" type="compact" timems="17.477" contextid="600" timestamp="2019-08-09T18:52:33.852">
  <compact-info movecount="1046" movebytes="27832" reason="compact to aid heap contraction" />
</gc-op>
<heap-resize id="607" type="expand" space="tenure" amount="131072" count="1" timems="0.019" reason="satisfy allocation request" timestamp="2019-08-09T18:52:33.853" />
<gc-end id="608" type="global" contextid="600" durationms="33.730" usertimems="25.839" systemtimems="25.213" timestamp="2019-08-09T18:52:33.853" activeThreads="16">
  <mem-info id="609" free="6483000" total="13369344" percent="48">
    <mem type="tenure" free="6483000" total="13369344" percent="48">
      <mem type="soa" free="6349880" total="13236224" percent="47" />
      <mem type="loa" free="133120" total="133120" percent="100" />
    </mem>
  </mem-info>
</gc-end>
<cycle-end id="610" type="global" contextid="600" timestamp="2019-08-09T18:52:33.853" />
  <attribute name="elasticGC enabled" value="1" />
  <attribute name= "numThreadsSpecified" value="16" />
  <attribute name="heapSize specified" value="13238272" />
  <attribute name="Current GC Util" value="69" />
  <attribute name= "Current Time Running" value="93796" />
  <attribute name ="GC Interval" value="0" />
  <attribute name="Target GC Util Change" value ="80.000000" />
  <attribute name="Current GC Util Change" value="69.000000"/>
  <attribute name="Current Error" value="-111.000000" />
  <attribute name="Output H" value="13313824"/>
  <attribute name="Output I" value="1880"/>
  <attribute name="Output T" value="16"/>
  <attribute name= "Current Time Running" value="93796" />
  <attribute name="GC Util currently" value="69" />
  <attribute name="CPU Util currently" value="65919823121" />
<allocation-satisfied id="611" threadId="000000000270FA00" bytesRequested="376" />
<af-end id="612" timestamp="2019-08-09T18:52:33.853" threadId="0000000002710388" success="true" />
<exclusive-end id="613" timestamp="2019-08-09T18:52:33.853" durationms="34.167" />

<exclusive-start id="614" timestamp="2019-08-09T18:52:38.030" intervalms="4211.010">
  <response-info timems="0.907" idlems="0.567" threads="1" lastid="00000000026E6300" lastname="node-12" />
</exclusive-start>
<af-start id="615" threadId="00000000026DB888" totalBytesRequested="16" timestamp="2019-08-09T18:52:38.030" intervalms="4211.000" />
<cycle-start id="616" type="global" contextid="0" timestamp="2019-08-09T18:52:38.030" intervalms="4210.915" />
<gc-start id="617" type="global" contextid="616" timestamp="2019-08-09T18:52:38.030">
  <mem-info id="618" free="133120" total="13369344" percent="0">
    <mem type="tenure" free="133120" total="13369344" percent="0">
      <mem type="soa" free="0" total="13236224" percent="0" />
      <mem type="loa" free="133120" total="133120" percent="100" />
    </mem>
  </mem-info>
</gc-start>
<allocation-stats totalBytes="6375920" >
  <allocated-bytes non-tlh="0" tlh="6375920" />
  <largest-consumer threadName="node-12" threadId="00000000026E6300" bytes="286712" />
</allocation-stats>
<gc-op id="619" type="mark" timems="15.288" contextid="616" timestamp="2019-08-09T18:52:38.045">
  <trace-info objectcount="144338" scancount="134802" scanbytes="5291416" />
  <finalization candidates="13" enqueued="0" />
  <references type="soft" candidates="45" cleared="0" enqueued="0" dynamicThreshold="15" maxThreshold="32" />
  <references type="weak" candidates="143" cleared="0" enqueued="0" />
  <references type="phantom" candidates="57" cleared="0" enqueued="0" />
  <stringconstants candidates="3837" cleared="0"  />
</gc-op>
<gc-op id="620" type="sweep" timems="6.514" contextid="616" timestamp="2019-08-09T18:52:38.052" />
<mem-info id="621" free="6483848" total="13369344" percent="48">
  <mem type="tenure" free="6483848" total="13369344" percent="48" micro-fragmented="0" macro-fragmented="0">
    <mem type="soa" free="6350728" total="13236224" percent="47" />
    <mem type="loa" free="133120" total="133120" percent="100" />
  </mem>
</mem-info>
<gc-op id="622" type="compact" timems="18.114" contextid="616" timestamp="2019-08-09T18:52:38.070">
  <compact-info movecount="1037" movebytes="39136" reason="compact to aid heap contraction" />
</gc-op>
<heap-resize id="623" type="expand" space="tenure" amount="131072" count="1" timems="0.070" reason="satisfy allocation request" timestamp="2019-08-09T18:52:38.071" />
<gc-end id="624" type="global" contextid="616" durationms="40.664" usertimems="51.242" systemtimems="26.627" timestamp="2019-08-09T18:52:38.071" activeThreads="16">
  <mem-info id="625" free="6602768" total="13500416" percent="48">
    <mem type="tenure" free="6602768" total="13500416" percent="48">
      <mem type="soa" free="6468624" total="13366272" percent="48" />
      <mem type="loa" free="134144" total="134144" percent="100" />
    </mem>
  </mem-info>
</gc-end>
<cycle-end id="626" type="global" contextid="616" timestamp="2019-08-09T18:52:38.071" />
  <attribute name="elasticGC enabled" value="1" />
  <attribute name= "numThreadsSpecified" value="16" />
  <attribute name="heapSize specified" value="13369344" />
  <attribute name="Current GC Util" value="80" />
  <attribute name= "Current Time Running" value="98014" />
  <attribute name ="GC Interval" value="0" />
  <attribute name="Target GC Util Change" value ="80.000000" />
  <attribute name="Current GC Util Change" value="80.000000"/>
  <attribute name="Current Error" value="0.000000" />
  <attribute name="Output H" value="13445024"/>
  <attribute name="Output I" value="2008"/>
  <attribute name="Output T" value="16"/>
  <attribute name= "Current Time Running" value="98014" />
  <attribute name="GC Util currently" value="80" />
  <attribute name="CPU Util currently" value="63575805776" />
<allocation-satisfied id="627" threadId="00000000026DAF00" bytesRequested="16" />
<af-end id="628" timestamp="2019-08-09T18:52:38.071" threadId="00000000026DB888" success="true" />
<exclusive-end id="629" timestamp="2019-08-09T18:52:38.071" durationms="41.084" />

<exclusive-start id="630" timestamp="2019-08-09T18:52:42.722" intervalms="4692.554">
  <response-info timems="0.021" idlems="0.021" threads="0" lastid="0000000002707E00" lastname="node-1" />
</exclusive-start>
<af-start id="631" threadId="0000000002708788" totalBytesRequested="24" timestamp="2019-08-09T18:52:42.723" intervalms="4692.584" />
<cycle-start id="632" type="global" contextid="0" timestamp="2019-08-09T18:52:42.723" intervalms="4692.643" />
<gc-start id="633" type="global" contextid="632" timestamp="2019-08-09T18:52:42.723">
  <mem-info id="634" free="134144" total="13500416" percent="0">
    <mem type="tenure" free="134144" total="13500416" percent="0">
      <mem type="soa" free="0" total="13366272" percent="0" />
      <mem type="loa" free="134144" total="134144" percent="100" />
    </mem>
  </mem-info>
</gc-start>
<allocation-stats totalBytes="6490184" >
  <allocated-bytes non-tlh="0" tlh="6490184" />
  <largest-consumer threadName="node-5" threadId="00000000026F1600" bytes="286704" />
</allocation-stats>
<gc-op id="635" type="mark" timems="10.669" contextid="632" timestamp="2019-08-09T18:52:42.733">
  <trace-info objectcount="144296" scancount="134762" scanbytes="5290880" />
  <finalization candidates="13" enqueued="0" />
  <references type="soft" candidates="45" cleared="0" enqueued="0" dynamicThreshold="15" maxThreshold="32" />
  <references type="weak" candidates="143" cleared="0" enqueued="0" />
  <references type="phantom" candidates="57" cleared="0" enqueued="0" />
  <stringconstants candidates="3837" cleared="0"  />
</gc-op>
<gc-op id="636" type="sweep" timems="1.516" contextid="632" timestamp="2019-08-09T18:52:42.735" />
<mem-info id="637" free="6631368" total="13500416" percent="49">
  <mem type="tenure" free="6631368" total="13500416" percent="49" micro-fragmented="12800" macro-fragmented="0">
    <mem type="soa" free="6497224" total="13366272" percent="48" />
    <mem type="loa" free="134144" total="134144" percent="100" />
  </mem>
</mem-info>
<gc-op id="638" type="compact" timems="17.119" contextid="632" timestamp="2019-08-09T18:52:42.752">
  <compact-info movecount="995" movebytes="25736" reason="compact to aid heap contraction" />
</gc-op>
<heap-resize id="639" type="expand" space="tenure" amount="131072" count="1" timems="0.020" reason="satisfy allocation request" timestamp="2019-08-09T18:52:42.754" />
<gc-end id="640" type="global" contextid="632" durationms="31.519" usertimems="33.972" systemtimems="11.946" timestamp="2019-08-09T18:52:42.754" activeThreads="16">
  <mem-info id="641" free="6747240" total="13631488" percent="49">
    <mem type="tenure" free="6747240" total="13631488" percent="49">
      <mem type="soa" free="6611048" total="13495296" percent="48" />
      <mem type="loa" free="136192" total="136192" percent="100" />
    </mem>
  </mem-info>
</gc-end>
<cycle-end id="642" type="global" contextid="632" timestamp="2019-08-09T18:52:42.754" />
  <attribute name="elasticGC enabled" value="1" />
  <attribute name= "numThreadsSpecified" value="16" />
  <attribute name="heapSize specified" value="13500416" />
  <attribute name="Current GC Util" value="55" />
  <attribute name= "Current Time Running" value="102696" />
  <attribute name ="GC Interval" value="0" />
  <attribute name="Target GC Util Change" value ="80.000000" />
  <attribute name="Current GC Util Change" value="55.000000"/>
  <attribute name="Current Error" value="79.000000" />
  <attribute name="Output H" value="13576192"/>
  <attribute name="Output I" value="2104"/>
  <attribute name="Output T" value="16"/>
  <attribute name= "Current Time Running" value="102696" />
  <attribute name="GC Util currently" value="55" />
  <attribute name="CPU Util currently" value="67972937811" />
<allocation-satisfied id="643" threadId="0000000002707E00" bytesRequested="24" />
<af-end id="644" timestamp="2019-08-09T18:52:42.754" threadId="0000000002708788" success="true" />
<exclusive-end id="645" timestamp="2019-08-09T18:52:42.754" durationms="31.845" />

<exclusive-start id="646" timestamp="2019-08-09T18:52:47.487" intervalms="4764.488">
  <response-info timems="0.105" idlems="0.065" threads="1" lastid="00000000026F8E00" lastname="node-15" />
</exclusive-start>
<af-start id="647" threadId="00000000026DF488" totalBytesRequested="16" timestamp="2019-08-09T18:52:47.487" intervalms="4764.443" />
<cycle-start id="648" type="global" contextid="0" timestamp="2019-08-09T18:52:47.487" intervalms="4764.383" />
<gc-start id="649" type="global" contextid="648" timestamp="2019-08-09T18:52:47.487">
  <mem-info id="650" free="136192" total="13631488" percent="0">
    <mem type="tenure" free="136192" total="13631488" percent="0">
      <mem type="soa" free="0" total="13495296" percent="0" />
      <mem type="loa" free="136192" total="136192" percent="100" />
    </mem>
  </mem-info>
</gc-start>
<allocation-stats totalBytes="6634736" >
  <allocated-bytes non-tlh="0" tlh="6634736" />
  <largest-consumer threadName="node-9" threadId="0000000002731500" bytes="331176" />
</allocation-stats>
<gc-op id="651" type="mark" timems="12.188" contextid="648" timestamp="2019-08-09T18:52:47.499">
  <trace-info objectcount="144213" scancount="134683" scanbytes="5288536" />
  <finalization candidates="13" enqueued="0" />
  <references type="soft" candidates="45" cleared="0" enqueued="0" dynamicThreshold="15" maxThreshold="32" />
  <references type="weak" candidates="143" cleared="0" enqueued="0" />
  <references type="phantom" candidates="57" cleared="0" enqueued="0" />
  <stringconstants candidates="3837" cleared="0"  />
</gc-op>
<gc-op id="652" type="sweep" timems="3.609" contextid="648" timestamp="2019-08-09T18:52:47.503" />
<mem-info id="653" free="6755416" total="13631488" percent="49">
  <mem type="tenure" free="6755416" total="13631488" percent="49" micro-fragmented="0" macro-fragmented="0">
    <mem type="soa" free="6619224" total="13495296" percent="49" />
    <mem type="loa" free="136192" total="136192" percent="100" />
  </mem>
</mem-info>
<gc-op id="654" type="compact" timems="22.778" contextid="648" timestamp="2019-08-09T18:52:47.526">
  <compact-info movecount="912" movebytes="32656" reason="compact to aid heap contraction" />
</gc-op>
<heap-resize id="655" type="expand" space="tenure" amount="131072" count="1" timems="0.026" reason="satisfy allocation request" timestamp="2019-08-09T18:52:47.527" />
<gc-end id="656" type="global" contextid="648" durationms="39.948" usertimems="26.276" systemtimems="33.197" timestamp="2019-08-09T18:52:47.527" activeThreads="16">
  <mem-info id="657" free="6871392" total="13762560" percent="49">
    <mem type="tenure" free="6871392" total="13762560" percent="49">
      <mem type="soa" free="6734176" total="13625344" percent="49" />
      <mem type="loa" free="137216" total="137216" percent="100" />
    </mem>
  </mem-info>
</gc-end>
<cycle-end id="658" type="global" contextid="648" timestamp="2019-08-09T18:52:47.527" />
  <attribute name="elasticGC enabled" value="1" />
  <attribute name= "numThreadsSpecified" value="16" />
  <attribute name="heapSize specified" value="13631488" />
  <attribute name="Current GC Util" value="40" />
  <attribute name= "Current Time Running" value="107470" />
  <attribute name ="GC Interval" value="0" />
  <attribute name="Target GC Util Change" value ="80.000000" />
  <attribute name="Current GC Util Change" value="40.000000"/>
  <attribute name="Current Error" value="-160.000000" />
  <attribute name="Output H" value="13706984"/>
  <attribute name="Output I" value="1824"/>
  <attribute name="Output T" value="16"/>
  <attribute name= "Current Time Running" value="107470" />
  <attribute name="GC Util currently" value="40" />
  <attribute name="CPU Util currently" value="50480660236" />
<allocation-satisfied id="659" threadId="00000000026DEB00" bytesRequested="16" />
<af-end id="660" timestamp="2019-08-09T18:52:47.527" threadId="00000000026DF488" success="true" />
<exclusive-end id="661" timestamp="2019-08-09T18:52:47.527" durationms="40.363" />

<exclusive-start id="662" timestamp="2019-08-09T18:52:52.169" intervalms="4682.327">
  <response-info timems="0.023" idlems="0.023" threads="0" lastid="00000000026E6300" lastname="node-12" />
</exclusive-start>
<af-start id="663" threadId="00000000026E6C88" totalBytesRequested="32" timestamp="2019-08-09T18:52:52.169" intervalms="4682.338" />
<cycle-start id="664" type="global" contextid="0" timestamp="2019-08-09T18:52:52.169" intervalms="4682.339" />
<gc-start id="665" type="global" contextid="664" timestamp="2019-08-09T18:52:52.169">
  <mem-info id="666" free="137216" total="13762560" percent="0">
    <mem type="tenure" free="137216" total="13762560" percent="0">
      <mem type="soa" free="0" total="13625344" percent="0" />
      <mem type="loa" free="137216" total="137216" percent="100" />
    </mem>
  </mem-info>
</gc-start>
<allocation-stats totalBytes="6757896" >
  <allocated-bytes non-tlh="0" tlh="6757896" />
  <largest-consumer threadName="node-8" threadId="0000000002700600" bytes="344048" />
</allocation-stats>
<gc-op id="667" type="mark" timems="4.814" contextid="664" timestamp="2019-08-09T18:52:52.174">
  <trace-info objectcount="144130" scancount="134596" scanbytes="5286928" />
  <finalization candidates="13" enqueued="0" />
  <references type="soft" candidates="45" cleared="0" enqueued="0" dynamicThreshold="15" maxThreshold="32" />
  <references type="weak" candidates="143" cleared="0" enqueued="0" />
  <references type="phantom" candidates="57" cleared="0" enqueued="0" />
  <stringconstants candidates="3837" cleared="0"  />
</gc-op>
<gc-op id="668" type="sweep" timems="1.426" contextid="664" timestamp="2019-08-09T18:52:52.176" />
<mem-info id="669" free="6910056" total="13762560" percent="50">
  <mem type="tenure" free="6910056" total="13762560" percent="50" micro-fragmented="0" macro-fragmented="0">
    <mem type="soa" free="6772840" total="13625344" percent="49" />
    <mem type="loa" free="137216" total="137216" percent="100" />
  </mem>
</mem-info>
<gc-op id="670" type="compact" timems="23.344" contextid="664" timestamp="2019-08-09T18:52:52.199">
  <compact-info movecount="829" movebytes="21920" reason="compact to aid heap contraction" />
</gc-op>
<heap-resize id="671" type="expand" space="tenure" amount="131072" count="1" timems="0.025" reason="satisfy allocation request" timestamp="2019-08-09T18:52:52.200" />
<gc-end id="672" type="global" contextid="664" durationms="30.596" usertimems="33.367" systemtimems="12.508" timestamp="2019-08-09T18:52:52.200" activeThreads="1">
  <mem-info id="673" free="7013200" total="13893632" percent="50">
    <mem type="tenure" free="7013200" total="13893632" percent="50">
      <mem type="soa" free="6874960" total="13755392" percent="49" />
      <mem type="loa" free="138240" total="138240" percent="100" />
    </mem>
  </mem-info>
</gc-end>
<cycle-end id="674" type="global" contextid="664" timestamp="2019-08-09T18:52:52.200" />
  <attribute name="elasticGC enabled" value="1" />
  <attribute name= "numThreadsSpecified" value="1" />
  <attribute name="heapSize specified" value="13762560" />
  <attribute name="Current GC Util" value="104" />
  <attribute name= "Current Time Running" value="112143" />
  <attribute name ="GC Interval" value="0" />
  <attribute name="Target GC Util Change" value ="80.000000" />
  <attribute name="Current GC Util Change" value="104.000000"/>
  <attribute name="Current Error" value="-24.000000" />
  <attribute name="Output H" value="13838216"/>
  <attribute name="Output I" value="1984"/>
  <attribute name="Output T" value="1"/>
  <attribute name= "Current Time Running" value="112143" />
  <attribute name="GC Util currently" value="104" />
  <attribute name="CPU Util currently" value="49346592021" />
<allocation-satisfied id="675" threadId="00000000026E6300" bytesRequested="32" />
<af-end id="676" timestamp="2019-08-09T18:52:52.200" threadId="00000000026E6C88" success="true" />
<exclusive-end id="677" timestamp="2019-08-09T18:52:52.200" durationms="30.810" />

<exclusive-start id="678" timestamp="2019-08-09T18:52:56.652" intervalms="4482.937">
  <response-info timems="0.034" idlems="0.034" threads="0" lastid="00000000026D7300" lastname="node-23" />
</exclusive-start>
<af-start id="679" threadId="00000000026D7C88" totalBytesRequested="32" timestamp="2019-08-09T18:52:56.652" intervalms="4482.962" />
<cycle-start id="680" type="global" contextid="0" timestamp="2019-08-09T18:52:56.652" intervalms="4482.980" />
<gc-start id="681" type="global" contextid="680" timestamp="2019-08-09T18:52:56.652">
  <mem-info id="682" free="138240" total="13893632" percent="0">
    <mem type="tenure" free="138240" total="13893632" percent="0">
      <mem type="soa" free="0" total="13755392" percent="0" />
      <mem type="loa" free="138240" total="138240" percent="100" />
    </mem>
  </mem-info>
</gc-start>
<allocation-stats totalBytes="6897168" >
  <allocated-bytes non-tlh="0" tlh="6897168" />
  <largest-consumer threadName="node-21" threadId="0000000002704200" bytes="343984" />
</allocation-stats>
<gc-op id="683" type="mark" timems="8.784" contextid="680" timestamp="2019-08-09T18:52:56.661">
  <trace-info objectcount="144039" scancount="134529" scanbytes="5285184" />
  <finalization candidates="13" enqueued="0" />
  <references type="soft" candidates="45" cleared="0" enqueued="0" dynamicThreshold="16" maxThreshold="32" />
  <references type="weak" candidates="143" cleared="0" enqueued="0" />
  <references type="phantom" candidates="57" cleared="0" enqueued="0" />
  <stringconstants candidates="3837" cleared="0"  />
</gc-op>
<gc-op id="684" type="sweep" timems="1.712" contextid="680" timestamp="2019-08-09T18:52:56.663" />
<mem-info id="685" free="7042000" total="13893632" percent="50">
  <mem type="tenure" free="7042000" total="13893632" percent="50" micro-fragmented="0" macro-fragmented="0">
    <mem type="soa" free="6903760" total="13755392" percent="50" />
    <mem type="loa" free="138240" total="138240" percent="100" />
  </mem>
</mem-info>
<gc-op id="686" type="compact" timems="13.945" contextid="680" timestamp="2019-08-09T18:52:56.677">
  <compact-info movecount="738" movebytes="17048" reason="compact to aid heap contraction" />
</gc-op>
<heap-resize id="687" type="expand" space="tenure" amount="131072" count="1" timems="0.028" reason="satisfy allocation request" timestamp="2019-08-09T18:52:56.678" />
<gc-end id="688" type="global" contextid="680" durationms="25.484" usertimems="25.181" systemtimems="15.179" timestamp="2019-08-09T18:52:56.678" activeThreads="16">
  <mem-info id="689" free="7149144" total="14024704" percent="50">
    <mem type="tenure" free="7149144" total="14024704" percent="50">
      <mem type="soa" free="7009880" total="13885440" percent="50" />
      <mem type="loa" free="139264" total="139264" percent="100" />
    </mem>
  </mem-info>
</gc-end>
<cycle-end id="690" type="global" contextid="680" timestamp="2019-08-09T18:52:56.678" />
  <attribute name="elasticGC enabled" value="1" />
  <attribute name= "numThreadsSpecified" value="16" />
  <attribute name="heapSize specified" value="13893632" />
  <attribute name="Current GC Util" value="44" />
  <attribute name= "Current Time Running" value="116621" />
  <attribute name ="GC Interval" value="0" />
  <attribute name="Target GC Util Change" value ="80.000000" />
  <attribute name="Current GC Util Change" value="44.000000"/>
  <attribute name="Current Error" value="-46.000000" />
  <attribute name="Output H" value="13969264"/>
  <attribute name="Output I" value="1960"/>
  <attribute name="Output T" value="16"/>
  <attribute name= "Current Time Running" value="116621" />
  <attribute name="GC Util currently" value="44" />
  <attribute name="CPU Util currently" value="82271936788" />
<allocation-satisfied id="691" threadId="00000000026D7300" bytesRequested="32" />
<af-end id="692" timestamp="2019-08-09T18:52:56.678" threadId="00000000026D7C88" success="true" />
<exclusive-end id="693" timestamp="2019-08-09T18:52:56.678" durationms="25.947" />

<exclusive-start id="694" timestamp="2019-08-09T18:53:00.507" intervalms="3854.669">
  <response-info timems="0.141" idlems="0.141" threads="0" lastid="00000000026D7300" lastname="node-23" />
</exclusive-start>
<af-start id="695" threadId="00000000026D7C88" totalBytesRequested="16" timestamp="2019-08-09T18:53:00.507" intervalms="3854.629" />
<cycle-start id="696" type="global" contextid="0" timestamp="2019-08-09T18:53:00.507" intervalms="3854.616" />
<gc-start id="697" type="global" contextid="696" timestamp="2019-08-09T18:53:00.507">
  <mem-info id="698" free="139264" total="14024704" percent="0">
    <mem type="tenure" free="139264" total="14024704" percent="0">
      <mem type="soa" free="0" total="13885440" percent="0" />
      <mem type="loa" free="139264" total="139264" percent="100" />
    </mem>
  </mem-info>
</gc-start>
<allocation-stats totalBytes="7032496" >
  <allocated-bytes non-tlh="0" tlh="7032496" />
  <largest-consumer threadName="node-13" threadId="00000000026EDB00" bytes="344000" />
</allocation-stats>
<gc-op id="699" type="mark" timems="6.157" contextid="696" timestamp="2019-08-09T18:53:00.513">
  <trace-info objectcount="144040" scancount="134491" scanbytes="5284240" />
  <finalization candidates="13" enqueued="0" />
  <references type="soft" candidates="45" cleared="0" enqueued="0" dynamicThreshold="16" maxThreshold="32" />
  <references type="weak" candidates="143" cleared="0" enqueued="0" />
  <references type="phantom" candidates="57" cleared="0" enqueued="0" />
  <stringconstants candidates="3837" cleared="0"  />
</gc-op>
<gc-op id="700" type="sweep" timems="1.775" contextid="696" timestamp="2019-08-09T18:53:00.515" />
<mem-info id="701" free="7146592" total="14024704" percent="50">
  <mem type="tenure" free="7146592" total="14024704" percent="50" micro-fragmented="0" macro-fragmented="0">
    <mem type="soa" free="7007328" total="13885440" percent="50" />
    <mem type="loa" free="139264" total="139264" percent="100" />
  </mem>
</mem-info>
<gc-op id="702" type="compact" timems="11.144" contextid="696" timestamp="2019-08-09T18:53:00.526">
  <compact-info movecount="739" movebytes="32680" reason="compact to aid heap contraction" />
</gc-op>
<heap-resize id="703" type="expand" space="tenure" amount="131072" count="1" timems="0.019" reason="satisfy allocation request" timestamp="2019-08-09T18:53:00.527" />
<gc-end id="704" type="global" contextid="696" durationms="20.461" usertimems="31.394" systemtimems="13.190" timestamp="2019-08-09T18:53:00.527" activeThreads="16">
  <mem-info id="705" free="7264584" total="14155776" percent="51">
    <mem type="tenure" free="7264584" total="14155776" percent="51">
      <mem type="soa" free="7123272" total="14014464" percent="50" />
      <mem type="loa" free="141312" total="141312" percent="100" />
    </mem>
  </mem-info>
</gc-end>
<cycle-end id="706" type="global" contextid="696" timestamp="2019-08-09T18:53:00.528" />
  <attribute name="elasticGC enabled" value="1" />
  <attribute name= "numThreadsSpecified" value="16" />
  <attribute name="heapSize specified" value="14024704" />
  <attribute name="Current GC Util" value="67" />
  <attribute name= "Current Time Running" value="120470" />
  <attribute name ="GC Interval" value="0" />
  <attribute name="Target GC Util Change" value ="80.000000" />
  <attribute name="Current GC Util Change" value="67.000000"/>
  <attribute name="Current Error" value="-326.000000" />
  <attribute name="Output H" value="14100008"/>
  <attribute name="Output I" value="1632"/>
  <attribute name="Output T" value="16"/>
  <attribute name= "Current Time Running" value="120470" />
  <attribute name="GC Util currently" value="67" />
  <attribute name="CPU Util currently" value="103136768938" />
<allocation-satisfied id="707" threadId="00000000026D7300" bytesRequested="16" />
<af-end id="708" timestamp="2019-08-09T18:53:00.528" threadId="00000000026D7C88" success="true" />
<exclusive-end id="709" timestamp="2019-08-09T18:53:00.528" durationms="20.678" />

<exclusive-start id="710" timestamp="2019-08-09T18:53:03.268" intervalms="2760.701">
  <response-info timems="0.031" idlems="0.031" threads="0" lastid="00000000026DAF00" lastname="node-0" />
</exclusive-start>
<af-start id="711" threadId="00000000026DB888" totalBytesRequested="24" timestamp="2019-08-09T18:53:03.268" intervalms="2760.703" />
<cycle-start id="712" type="global" contextid="0" timestamp="2019-08-09T18:53:03.268" intervalms="2760.704" />
<gc-start id="713" type="global" contextid="712" timestamp="2019-08-09T18:53:03.268">
  <mem-info id="714" free="141312" total="14155776" percent="0">
    <mem type="tenure" free="141312" total="14155776" percent="0">
      <mem type="soa" free="0" total="14014464" percent="0" />
      <mem type="loa" free="141312" total="141312" percent="100" />
    </mem>
  </mem-info>
</gc-start>
<allocation-stats totalBytes="7144464" >
  <allocated-bytes non-tlh="0" tlh="7144464" />
  <largest-consumer threadName="node-11" threadId="00000000026E2700" bytes="344016" />
</allocation-stats>
<gc-op id="715" type="mark" timems="7.109" contextid="712" timestamp="2019-08-09T18:53:03.275">
  <trace-info objectcount="143951" scancount="134416" scanbytes="5282576" />
  <finalization candidates="13" enqueued="0" />
  <references type="soft" candidates="45" cleared="0" enqueued="0" dynamicThreshold="16" maxThreshold="32" />
  <references type="weak" candidates="143" cleared="0" enqueued="0" />
  <references type="phantom" candidates="57" cleared="0" enqueued="0" />
  <stringconstants candidates="3837" cleared="0"  />
</gc-op>
<gc-op id="716" type="sweep" timems="3.297" contextid="712" timestamp="2019-08-09T18:53:03.278" />
<mem-info id="717" free="7293848" total="14155776" percent="51">
  <mem type="tenure" free="7293848" total="14155776" percent="51" micro-fragmented="0" macro-fragmented="0">
    <mem type="soa" free="7152536" total="14014464" percent="51" />
    <mem type="loa" free="141312" total="141312" percent="100" />
  </mem>
</mem-info>
<gc-op id="718" type="compact" timems="14.678" contextid="712" timestamp="2019-08-09T18:53:03.293">
  <compact-info movecount="650" movebytes="17568" reason="compact to aid heap contraction" />
</gc-op>
<heap-resize id="719" type="expand" space="tenure" amount="131072" count="1" timems="0.028" reason="satisfy allocation request" timestamp="2019-08-09T18:53:03.293" />
<gc-end id="720" type="global" contextid="712" durationms="25.806" usertimems="33.486" systemtimems="15.140" timestamp="2019-08-09T18:53:03.294" activeThreads="16">
  <mem-info id="721" free="7410768" total="14286848" percent="51">
    <mem type="tenure" free="7410768" total="14286848" percent="51">
      <mem type="soa" free="7268432" total="14144512" percent="51" />
      <mem type="loa" free="142336" total="142336" percent="100" />
    </mem>
  </mem-info>
</gc-end>
<cycle-end id="722" type="global" contextid="712" timestamp="2019-08-09T18:53:03.294" />
  <attribute name="elasticGC enabled" value="1" />
  <attribute name= "numThreadsSpecified" value="16" />
  <attribute name="heapSize specified" value="14155776" />
  <attribute name="Current GC Util" value="77" />
  <attribute name= "Current Time Running" value="123237" />
  <attribute name ="GC Interval" value="0" />
  <attribute name="Target GC Util Change" value ="80.000000" />
  <attribute name="Current GC Util Change" value="77.000000"/>
  <attribute name="Current Error" value="3.000000" />
  <attribute name="Output H" value="14231464"/>
  <attribute name="Output I" value="2016"/>
  <attribute name="Output T" value="16"/>
  <attribute name= "Current Time Running" value="123237" />
  <attribute name="GC Util currently" value="77" />
  <attribute name="CPU Util currently" value="78337898226" />
<allocation-satisfied id="723" threadId="00000000026DAF00" bytesRequested="24" />
<af-end id="724" timestamp="2019-08-09T18:53:03.294" threadId="00000000026DB888" success="true" />
<exclusive-end id="725" timestamp="2019-08-09T18:53:03.294" durationms="26.062" />

<exclusive-start id="726" timestamp="2019-08-09T18:53:06.591" intervalms="3323.771">
  <response-info timems="0.049" idlems="0.049" threads="0" lastid="000000000271EA00" lastname="node-3" />
</exclusive-start>
<af-start id="727" threadId="000000000271F388" totalBytesRequested="32" timestamp="2019-08-09T18:53:06.591" intervalms="3323.794" />
<cycle-start id="728" type="global" contextid="0" timestamp="2019-08-09T18:53:06.591" intervalms="3323.808" />
<gc-start id="729" type="global" contextid="728" timestamp="2019-08-09T18:53:06.592">
  <mem-info id="730" free="142336" total="14286848" percent="0">
    <mem type="tenure" free="142336" total="14286848" percent="0">
      <mem type="soa" free="0" total="14144512" percent="0" />
      <mem type="loa" free="142336" total="142336" percent="100" />
    </mem>
  </mem-info>
</gc-start>
<allocation-stats totalBytes="7292080" >
  <allocated-bytes non-tlh="0" tlh="7292080" />
  <largest-consumer threadName="node-0" threadId="00000000026DAF00" bytes="344008" />
</allocation-stats>
<gc-op id="731" type="mark" timems="12.257" contextid="728" timestamp="2019-08-09T18:53:06.604">
  <trace-info objectcount="143848" scancount="134336" scanbytes="5280600" />
  <finalization candidates="13" enqueued="0" />
  <references type="soft" candidates="45" cleared="0" enqueued="0" dynamicThreshold="16" maxThreshold="32" />
  <references type="weak" candidates="143" cleared="0" enqueued="0" />
  <references type="phantom" candidates="57" cleared="0" enqueued="0" />
  <stringconstants candidates="3837" cleared="0"  />
</gc-op>
<gc-op id="732" type="sweep" timems="2.955" contextid="728" timestamp="2019-08-09T18:53:06.607" />
<mem-info id="733" free="7442096" total="14286848" percent="52">
  <mem type="tenure" free="7442096" total="14286848" percent="52" micro-fragmented="0" macro-fragmented="0">
    <mem type="soa" free="7299760" total="14144512" percent="51" />
    <mem type="loa" free="142336" total="142336" percent="100" />
  </mem>
</mem-info>
<gc-op id="734" type="compact" timems="16.937" contextid="728" timestamp="2019-08-09T18:53:06.624">
  <compact-info movecount="547" movebytes="12464" reason="compact to aid heap contraction" />
</gc-op>
<heap-resize id="735" type="expand" space="tenure" amount="131072" count="1" timems="0.029" reason="satisfy allocation request" timestamp="2019-08-09T18:53:06.625" />
<gc-end id="736" type="global" contextid="728" durationms="33.547" usertimems="35.823" systemtimems="4.525" timestamp="2019-08-09T18:53:06.625" activeThreads="16">
  <mem-info id="737" free="7546944" total="14417920" percent="52">
    <mem type="tenure" free="7546944" total="14417920" percent="52">
      <mem type="soa" free="7403584" total="14274560" percent="51" />
      <mem type="loa" free="143360" total="143360" percent="100" />
    </mem>
  </mem-info>
</gc-end>
<cycle-end id="738" type="global" contextid="728" timestamp="2019-08-09T18:53:06.625" />
  <attribute name="elasticGC enabled" value="1" />
  <attribute name= "numThreadsSpecified" value="16" />
  <attribute name="heapSize specified" value="14286848" />
  <attribute name="Current GC Util" value="29" />
  <attribute name= "Current Time Running" value="126568" />
  <attribute name ="GC Interval" value="0" />
  <attribute name="Target GC Util Change" value ="80.000000" />
  <attribute name="Current GC Util Change" value="29.000000"/>
  <attribute name="Current Error" value="110.000000" />
  <attribute name="Output H" value="14362656"/>
  <attribute name="Output I" value="2136"/>
  <attribute name="Output T" value="16"/>
  <attribute name= "Current Time Running" value="126568" />
  <attribute name="GC Util currently" value="29" />
  <attribute name="CPU Util currently" value="67849111883" />
<allocation-satisfied id="739" threadId="000000000271EA00" bytesRequested="32" />
<af-end id="740" timestamp="2019-08-09T18:53:06.625" threadId="000000000271F388" success="true" />
<exclusive-end id="741" timestamp="2019-08-09T18:53:06.625" durationms="33.870" />

<exclusive-start id="742" timestamp="2019-08-09T18:53:10.144" intervalms="3552.318">
  <response-info timems="0.084" idlems="0.084" threads="0" lastid="0000000002707E00" lastname="node-1" />
</exclusive-start>
<af-start id="743" threadId="0000000002708788" totalBytesRequested="720" timestamp="2019-08-09T18:53:10.144" intervalms="3552.300" />
<cycle-start id="744" type="global" contextid="0" timestamp="2019-08-09T18:53:10.144" intervalms="3552.339" />
<gc-start id="745" type="global" contextid="744" timestamp="2019-08-09T18:53:10.144">
  <mem-info id="746" free="143360" total="14417920" percent="0">
    <mem type="tenure" free="143360" total="14417920" percent="0">
      <mem type="soa" free="0" total="14274560" percent="0" />
      <mem type="loa" free="143360" total="143360" percent="100" />
    </mem>
  </mem-info>
</gc-start>
<allocation-stats totalBytes="7421944" >
  <allocated-bytes non-tlh="0" tlh="7421944" />
  <largest-consumer threadName="node-7" threadId="00000000026DEB00" bytes="376440" />
</allocation-stats>
<gc-op id="747" type="mark" timems="3.761" contextid="744" timestamp="2019-08-09T18:53:10.148">
  <trace-info objectcount="143844" scancount="134294" scanbytes="5279640" />
  <finalization candidates="13" enqueued="0" />
  <references type="soft" candidates="45" cleared="0" enqueued="0" dynamicThreshold="16" maxThreshold="32" />
  <references type="weak" candidates="143" cleared="0" enqueued="0" />
  <references type="phantom" candidates="57" cleared="0" enqueued="0" />
  <stringconstants candidates="3837" cleared="0"  />
</gc-op>
<gc-op id="748" type="sweep" timems="2.089" contextid="744" timestamp="2019-08-09T18:53:10.150" />
<mem-info id="749" free="7557664" total="14417920" percent="52">
  <mem type="tenure" free="7557664" total="14417920" percent="52" micro-fragmented="0" macro-fragmented="0">
    <mem type="soa" free="7414304" total="14274560" percent="51" />
    <mem type="loa" free="143360" total="143360" percent="100" />
  </mem>
</mem-info>
<gc-op id="750" type="compact" timems="14.040" contextid="744" timestamp="2019-08-09T18:53:10.164">
  <compact-info movecount="543" movebytes="27232" reason="compact to aid heap contraction" />
</gc-op>
<heap-resize id="751" type="expand" space="tenure" amount="131072" count="1" timems="0.020" reason="satisfy allocation request" timestamp="2019-08-09T18:53:10.164" />
<gc-end id="752" type="global" contextid="744" durationms="20.587" usertimems="31.316" systemtimems="6.382" timestamp="2019-08-09T18:53:10.164" activeThreads="16">
  <mem-info id="753" free="7663248" total="14548992" percent="52">
    <mem type="tenure" free="7663248" total="14548992" percent="52">
      <mem type="soa" free="7517840" total="14403584" percent="52" />
      <mem type="loa" free="145408" total="145408" percent="100" />
    </mem>
  </mem-info>
</gc-end>
<cycle-end id="754" type="global" contextid="744" timestamp="2019-08-09T18:53:10.164" />
  <attribute name="elasticGC enabled" value="1" />
  <attribute name= "numThreadsSpecified" value="16" />
  <attribute name="heapSize specified" value="14417920" />
  <attribute name="Current GC Util" value="30" />
  <attribute name= "Current Time Running" value="130108" />
  <attribute name ="GC Interval" value="0" />
  <attribute name="Target GC Util Change" value ="80.000000" />
  <attribute name="Current GC Util Change" value="30.000000"/>
  <attribute name="Current Error" value="-355.000000" />
  <attribute name="Output H" value="14493192"/>
  <attribute name="Output I" value="1600"/>
  <attribute name="Output T" value="16"/>
  <attribute name= "Current Time Running" value="130108" />
  <attribute name="GC Util currently" value="30" />
  <attribute name="CPU Util currently" value="81952741048" />
<allocation-satisfied id="755" threadId="0000000002707E00" bytesRequested="720" />
<af-end id="756" timestamp="2019-08-09T18:53:10.165" threadId="0000000002708788" success="true" />
<exclusive-end id="757" timestamp="2019-08-09T18:53:10.165" durationms="20.848" />

<exclusive-start id="758" timestamp="2019-08-09T18:53:13.207" intervalms="3063.576">
  <response-info timems="0.186" idlems="0.186" threads="0" lastid="00000000026F8E00" lastname="node-15" />
</exclusive-start>
<af-start id="759" threadId="00000000026F9788" totalBytesRequested="16" timestamp="2019-08-09T18:53:13.207" intervalms="3063.625" />
<cycle-start id="760" type="global" contextid="0" timestamp="2019-08-09T18:53:13.207" intervalms="3063.609" />
<gc-start id="761" type="global" contextid="760" timestamp="2019-08-09T18:53:13.207">
  <mem-info id="762" free="145408" total="14548992" percent="0">
    <mem type="tenure" free="145408" total="14548992" percent="0">
      <mem type="soa" free="0" total="14403584" percent="0" />
      <mem type="loa" free="145408" total="145408" percent="100" />
    </mem>
  </mem-info>
</gc-start>
<allocation-stats totalBytes="7540024" >
  <allocated-bytes non-tlh="0" tlh="7540024" />
  <largest-consumer threadName="node-21" threadId="0000000002704200" bytes="376520" />
</allocation-stats>
<gc-op id="763" type="mark" timems="9.451" contextid="760" timestamp="2019-08-09T18:53:13.217">
  <trace-info objectcount="143746" scancount="134208" scanbytes="5277448" />
  <finalization candidates="13" enqueued="0" />
  <references type="soft" candidates="45" cleared="0" enqueued="0" dynamicThreshold="16" maxThreshold="32" />
  <references type="weak" candidates="143" cleared="0" enqueued="0" />
  <references type="phantom" candidates="57" cleared="0" enqueued="0" />
  <stringconstants candidates="3837" cleared="0"  />
</gc-op>
<gc-op id="764" type="sweep" timems="4.054" contextid="760" timestamp="2019-08-09T18:53:13.221" />
<mem-info id="765" free="7691536" total="14548992" percent="52">
  <mem type="tenure" free="7691536" total="14548992" percent="52" micro-fragmented="0" macro-fragmented="0">
    <mem type="soa" free="7546128" total="14403584" percent="52" />
    <mem type="loa" free="145408" total="145408" percent="100" />
  </mem>
</mem-info>
<gc-op id="766" type="compact" timems="14.180" contextid="760" timestamp="2019-08-09T18:53:13.235">
  <compact-info movecount="445" movebytes="19816" reason="compact to aid heap contraction" />
</gc-op>
<heap-resize id="767" type="expand" space="tenure" amount="131072" count="1" timems="0.026" reason="satisfy allocation request" timestamp="2019-08-09T18:53:13.236" />
<gc-end id="768" type="global" contextid="760" durationms="28.360" usertimems="44.412" systemtimems="11.874" timestamp="2019-08-09T18:53:13.236" activeThreads="1">
  <mem-info id="769" free="7797640" total="14680064" percent="53">
    <mem type="tenure" free="7797640" total="14680064" percent="53">
      <mem type="soa" free="7651208" total="14533632" percent="52" />
      <mem type="loa" free="146432" total="146432" percent="100" />
    </mem>
  </mem-info>
</gc-end>
<cycle-end id="770" type="global" contextid="760" timestamp="2019-08-09T18:53:13.236" />
  <attribute name="elasticGC enabled" value="1" />
  <attribute name= "numThreadsSpecified" value="1" />
  <attribute name="heapSize specified" value="14548992" />
  <attribute name="Current GC Util" value="104" />
  <attribute name= "Current Time Running" value="133179" />
  <attribute name ="GC Interval" value="0" />
  <attribute name="Target GC Util Change" value ="80.000000" />
  <attribute name="Current GC Util Change" value="104.000000"/>
  <attribute name="Current Error" value="-24.000000" />
  <attribute name="Output H" value="14624648"/>
  <attribute name="Output I" value="1984"/>
  <attribute name="Output T" value="1"/>
  <attribute name= "Current Time Running" value="133179" />
  <attribute name="GC Util currently" value="104" />
  <attribute name="CPU Util currently" value="80962814329" />
<allocation-satisfied id="771" threadId="00000000026F8E00" bytesRequested="16" />
<af-end id="772" timestamp="2019-08-09T18:53:13.236" threadId="00000000026F9788" success="true" />
<exclusive-end id="773" timestamp="2019-08-09T18:53:13.236" durationms="28.727" />

<exclusive-start id="774" timestamp="2019-08-09T18:53:17.682" intervalms="4474.855">
  <response-info timems="1.827" idlems="1.827" threads="0" lastid="00000000026EDB00" lastname="node-13" />
</exclusive-start>
<af-start id="775" threadId="00000000026EE488" totalBytesRequested="16" timestamp="2019-08-09T18:53:17.682" intervalms="4474.823" />
<cycle-start id="776" type="global" contextid="0" timestamp="2019-08-09T18:53:17.682" intervalms="4474.787" />
<gc-start id="777" type="global" contextid="776" timestamp="2019-08-09T18:53:17.682">
  <mem-info id="778" free="146432" total="14680064" percent="0">
    <mem type="tenure" free="146432" total="14680064" percent="0">
      <mem type="soa" free="0" total="14533632" percent="0" />
      <mem type="loa" free="146432" total="146432" percent="100" />
    </mem>
  </mem-info>
</gc-start>
<allocation-stats totalBytes="7678632" >
  <allocated-bytes non-tlh="0" tlh="7678632" />
  <largest-consumer threadName="node-7" threadId="00000000026DEB00" bytes="376800" />
</allocation-stats>
<gc-op id="779" type="mark" timems="12.764" contextid="776" timestamp="2019-08-09T18:53:17.695">
  <trace-info objectcount="143689" scancount="134143" scanbytes="5275896" />
  <finalization candidates="13" enqueued="0" />
  <references type="soft" candidates="45" cleared="0" enqueued="0" dynamicThreshold="16" maxThreshold="32" />
  <references type="weak" candidates="143" cleared="0" enqueued="0" />
  <references type="phantom" candidates="57" cleared="0" enqueued="0" />
  <stringconstants candidates="3837" cleared="0"  />
</gc-op>
<gc-op id="780" type="sweep" timems="2.096" contextid="776" timestamp="2019-08-09T18:53:17.697" />
<mem-info id="781" free="7817400" total="14680064" percent="53">
  <mem type="tenure" free="7817400" total="14680064" percent="53" micro-fragmented="0" macro-fragmented="0">
    <mem type="soa" free="7670968" total="14533632" percent="52" />
    <mem type="loa" free="146432" total="146432" percent="100" />
  </mem>
</mem-info>
<gc-op id="782" type="compact" timems="14.919" contextid="776" timestamp="2019-08-09T18:53:17.712">
  <compact-info movecount="388" movebytes="21592" reason="compact to aid heap contraction" />
</gc-op>
<heap-resize id="783" type="expand" space="tenure" amount="131072" count="1" timems="0.022" reason="satisfy allocation request" timestamp="2019-08-09T18:53:17.713" />
<gc-end id="784" type="global" contextid="776" durationms="30.704" usertimems="29.456" systemtimems="18.298" timestamp="2019-08-09T18:53:17.713" activeThreads="16">
  <mem-info id="785" free="7926936" total="14811136" percent="53">
    <mem type="tenure" free="7926936" total="14811136" percent="53">
      <mem type="soa" free="7779480" total="14663680" percent="53" />
      <mem type="loa" free="147456" total="147456" percent="100" />
    </mem>
  </mem-info>
</gc-end>
<cycle-end id="786" type="global" contextid="776" timestamp="2019-08-09T18:53:17.713" />
  <attribute name="elasticGC enabled" value="1" />
  <attribute name= "numThreadsSpecified" value="16" />
  <attribute name="heapSize specified" value="14680064" />
  <attribute name="Current GC Util" value="55" />
  <attribute name= "Current Time Running" value="137656" />
  <attribute name ="GC Interval" value="0" />
  <attribute name="Target GC Util Change" value ="80.000000" />
  <attribute name="Current GC Util Change" value="55.000000"/>
  <attribute name="Current Error" value="25.000000" />
  <attribute name="Output H" value="14755776"/>
  <attribute name="Output I" value="2040"/>
  <attribute name="Output T" value="16"/>
  <attribute name= "Current Time Running" value="137656" />
  <attribute name="GC Util currently" value="55" />
  <attribute name="CPU Util currently" value="77073183304" />
<allocation-satisfied id="787" threadId="00000000026EDB00" bytesRequested="16" />
<af-end id="788" timestamp="2019-08-09T18:53:17.713" threadId="00000000026EE488" success="true" />
<exclusive-end id="789" timestamp="2019-08-09T18:53:17.713" durationms="30.954" />

<exclusive-start id="790" timestamp="2019-08-09T18:53:21.332" intervalms="3650.126">
  <response-info timems="0.034" idlems="0.034" threads="0" lastid="0000000002704200" lastname="node-21" />
</exclusive-start>
<af-start id="791" threadId="0000000002704B88" totalBytesRequested="32" timestamp="2019-08-09T18:53:21.332" intervalms="3650.152" />
<cycle-start id="792" type="global" contextid="0" timestamp="2019-08-09T18:53:21.332" intervalms="3650.157" />
<gc-start id="793" type="global" contextid="792" timestamp="2019-08-09T18:53:21.332">
  <mem-info id="794" free="147456" total="14811136" percent="0">
    <mem type="tenure" free="147456" total="14811136" percent="0">
      <mem type="soa" free="0" total="14663680" percent="0" />
      <mem type="loa" free="147456" total="147456" percent="100" />
    </mem>
  </mem-info>
</gc-start>
<allocation-stats totalBytes="7805400" >
  <allocated-bytes non-tlh="0" tlh="7805400" />
  <largest-consumer threadName="node-20" threadId="0000000002722500" bytes="376776" />
</allocation-stats>
<gc-op id="795" type="mark" timems="13.709" contextid="792" timestamp="2019-08-09T18:53:21.346">
  <trace-info objectcount="143568" scancount="134072" scanbytes="5273880" />
  <finalization candidates="13" enqueued="0" />
  <references type="soft" candidates="45" cleared="0" enqueued="0" dynamicThreshold="17" maxThreshold="32" />
  <references type="weak" candidates="143" cleared="0" enqueued="0" />
  <references type="phantom" candidates="57" cleared="0" enqueued="0" />
  <stringconstants candidates="3837" cleared="0"  />
</gc-op>
<gc-op id="796" type="sweep" timems="5.435" contextid="792" timestamp="2019-08-09T18:53:21.352" />
<mem-info id="797" free="7971968" total="14811136" percent="53">
  <mem type="tenure" free="7971968" total="14811136" percent="53" micro-fragmented="0" macro-fragmented="0">
    <mem type="soa" free="7824512" total="14663680" percent="53" />
    <mem type="loa" free="147456" total="147456" percent="100" />
  </mem>
</mem-info>
<gc-op id="798" type="compact" timems="11.493" contextid="792" timestamp="2019-08-09T18:53:21.363">
  <compact-info movecount="267" movebytes="5744" reason="compact to aid heap contraction" />
</gc-op>
<heap-resize id="799" type="expand" space="tenure" amount="131072" count="1" timems="0.018" reason="satisfy allocation request" timestamp="2019-08-09T18:53:21.364" />
<gc-end id="800" type="global" contextid="792" durationms="31.387" usertimems="32.240" systemtimems="29.033" timestamp="2019-08-09T18:53:21.364" activeThreads="16">
  <mem-info id="801" free="8073856" total="14942208" percent="54">
    <mem type="tenure" free="8073856" total="14942208" percent="54">
      <mem type="soa" free="7925376" total="14793728" percent="53" />
      <mem type="loa" free="148480" total="148480" percent="100" />
    </mem>
  </mem-info>
</gc-end>
<cycle-end id="802" type="global" contextid="792" timestamp="2019-08-09T18:53:21.364" />
  <attribute name="elasticGC enabled" value="1" />
  <attribute name= "numThreadsSpecified" value="16" />
  <attribute name="heapSize specified" value="14811136" />
  <attribute name="Current GC Util" value="65" />
  <attribute name= "Current Time Running" value="141307" />
  <attribute name ="GC Interval" value="0" />
  <attribute name="Target GC Util Change" value ="80.000000" />
  <attribute name="Current GC Util Change" value="65.000000"/>
  <attribute name="Current Error" value="-184.000000" />
  <attribute name="Output H" value="14886608"/>
  <attribute name="Output I" value="1800"/>
  <attribute name="Output T" value="16"/>
  <attribute name= "Current Time Running" value="141307" />
  <attribute name="GC Util currently" value="65" />
  <attribute name="CPU Util currently" value="99917459457" />
<allocation-satisfied id="803" threadId="0000000002704200" bytesRequested="32" />
<af-end id="804" timestamp="2019-08-09T18:53:21.364" threadId="0000000002704B88" success="true" />
<exclusive-end id="805" timestamp="2019-08-09T18:53:21.364" durationms="31.635" />

<exclusive-start id="806" timestamp="2019-08-09T18:53:24.847" intervalms="3514.492">
  <response-info timems="0.027" idlems="0.027" threads="0" lastid="00000000026EDB00" lastname="node-13" />
</exclusive-start>
<af-start id="807" threadId="00000000026EE488" totalBytesRequested="24" timestamp="2019-08-09T18:53:24.847" intervalms="3514.480" />
<cycle-start id="808" type="global" contextid="0" timestamp="2019-08-09T18:53:24.847" intervalms="3514.471" />
<gc-start id="809" type="global" contextid="808" timestamp="2019-08-09T18:53:24.847">
  <mem-info id="810" free="148480" total="14942208" percent="0">
    <mem type="tenure" free="148480" total="14942208" percent="0">
      <mem type="soa" free="0" total="14793728" percent="0" />
      <mem type="loa" free="148480" total="148480" percent="100" />
    </mem>
  </mem-info>
</gc-start>
<allocation-stats totalBytes="7951744" >
  <allocated-bytes non-tlh="0" tlh="7951744" />
  <largest-consumer threadName="node-21" threadId="0000000002704200" bytes="376792" />
</allocation-stats>
<gc-op id="811" type="mark" timems="6.506" contextid="808" timestamp="2019-08-09T18:53:24.853">
  <trace-info objectcount="143516" scancount="133985" scanbytes="5272136" />
  <finalization candidates="13" enqueued="0" />
  <references type="soft" candidates="45" cleared="0" enqueued="0" dynamicThreshold="17" maxThreshold="32" />
  <references type="weak" candidates="143" cleared="0" enqueued="0" />
  <references type="phantom" candidates="57" cleared="0" enqueued="0" />
  <stringconstants candidates="3837" cleared="0"  />
</gc-op>
<gc-op id="812" type="sweep" timems="2.370" contextid="808" timestamp="2019-08-09T18:53:24.856" />
<mem-info id="813" free="8087576" total="14942208" percent="54">
  <mem type="tenure" free="8087576" total="14942208" percent="54" micro-fragmented="0" macro-fragmented="0">
    <mem type="soa" free="7939096" total="14793728" percent="53" />
    <mem type="loa" free="148480" total="148480" percent="100" />
  </mem>
</mem-info>
<gc-op id="814" type="compact" timems="10.965" contextid="808" timestamp="2019-08-09T18:53:24.867">
  <compact-info movecount="215" movebytes="7128" reason="compact to aid heap contraction" />
</gc-op>
<heap-resize id="815" type="expand" space="tenure" amount="131072" count="1" timems="0.020" reason="satisfy allocation request" timestamp="2019-08-09T18:53:24.867" />
<gc-end id="816" type="global" contextid="808" durationms="20.644" usertimems="22.906" systemtimems="19.979" timestamp="2019-08-09T18:53:24.868" activeThreads="16">
  <mem-info id="817" free="8203544" total="15073280" percent="54">
    <mem type="tenure" free="8203544" total="15073280" percent="54">
      <mem type="soa" free="8053016" total="14922752" percent="53" />
      <mem type="loa" free="150528" total="150528" percent="100" />
    </mem>
  </mem-info>
</gc-end>
<cycle-end id="818" type="global" contextid="808" timestamp="2019-08-09T18:53:24.868" />
  <attribute name="elasticGC enabled" value="1" />
  <attribute name= "numThreadsSpecified" value="16" />
  <attribute name="heapSize specified" value="14942208" />
  <attribute name="Current GC Util" value="68" />
  <attribute name= "Current Time Running" value="144811" />
  <attribute name ="GC Interval" value="0" />
  <attribute name="Target GC Util Change" value ="80.000000" />
  <attribute name="Current GC Util Change" value="68.000000"/>
  <attribute name="Current Error" value="12.000000" />
  <attribute name="Output H" value="15017904"/>
  <attribute name="Output I" value="2024"/>
  <attribute name="Output T" value="16"/>
  <attribute name= "Current Time Running" value="144811" />
  <attribute name="GC Util currently" value="68" />
  <attribute name="CPU Util currently" value="104752430423" />
<allocation-satisfied id="819" threadId="00000000026EDB00" bytesRequested="24" />
<af-end id="820" timestamp="2019-08-09T18:53:24.868" threadId="00000000026EE488" success="true" />
<exclusive-end id="821" timestamp="2019-08-09T18:53:24.868" durationms="20.884" />

===== DaCapo 9.12-MR1 avrora PASSED in 146678 msec =====
<exclusive-start id="822" timestamp="2019-08-09T18:53:27.151" intervalms="2304.195">
  <response-info timems="0.018" idlems="0.018" threads="0" lastid="00000000023ECF00" lastname="main" />
</exclusive-start>
<af-start id="823" threadId="00000000023ED888" totalBytesRequested="2056" timestamp="2019-08-09T18:53:27.151" intervalms="2304.190" />
<cycle-start id="824" type="global" contextid="0" timestamp="2019-08-09T18:53:27.151" intervalms="2304.196" />
<gc-start id="825" type="global" contextid="824" timestamp="2019-08-09T18:53:27.151">
  <mem-info id="826" free="150528" total="15073280" percent="0">
    <mem type="tenure" free="150528" total="15073280" percent="0">
      <mem type="soa" free="0" total="14922752" percent="0" />
      <mem type="loa" free="150528" total="150528" percent="100" />
    </mem>
  </mem-info>
</gc-start>
<allocation-stats totalBytes="8050912" >
  <allocated-bytes non-tlh="68776" tlh="7982136" />
  <largest-consumer threadName="main" threadId="00000000023ECF00" bytes="2331040" />
</allocation-stats>
<gc-op id="827" type="mark" timems="4.802" contextid="824" timestamp="2019-08-09T18:53:27.156">
  <trace-info objectcount="24368" scancount="19164" scanbytes="597272" />
  <finalization candidates="14" enqueued="1" />
  <references type="soft" candidates="56" cleared="2" enqueued="2" dynamicThreshold="17" maxThreshold="32" />
  <references type="weak" candidates="160" cleared="16" enqueued="16" />
  <references type="phantom" candidates="71" cleared="12" enqueued="12" />
  <stringconstants candidates="3849" cleared="0"  />
</gc-op>
<gc-op id="828" type="sweep" timems="1.310" contextid="824" timestamp="2019-08-09T18:53:27.157" />
<mem-info id="829" free="13550296" total="15073280" percent="89">
  <mem type="tenure" free="13550296" total="15073280" percent="89" micro-fragmented="40460" macro-fragmented="0">
    <mem type="soa" free="13399768" total="14922752" percent="89" />
    <mem type="loa" free="150528" total="150528" percent="100" />
  </mem>
  <pending-finalizers system="1" default="0" reference="30" classloader="0" />
</mem-info>
<gc-op id="830" type="compact" timems="11.130" contextid="824" timestamp="2019-08-09T18:53:27.169">
  <compact-info movecount="20930" movebytes="1298680" reason="compact to aid heap contraction" />
</gc-op>
<heap-resize id="831" type="expand" space="tenure" amount="131072" count="1" timems="0.016" reason="satisfy allocation request" timestamp="2019-08-09T18:53:27.169" />
<gc-end id="832" type="global" contextid="824" durationms="18.184" usertimems="21.824" systemtimems="15.590" timestamp="2019-08-09T18:53:27.169" activeThreads="16">
  <mem-info id="833" free="13666096" total="15204352" percent="89">
    <mem type="tenure" free="13666096" total="15204352" percent="89">
      <mem type="soa" free="13514544" total="15052800" percent="89" />
      <mem type="loa" free="151552" total="151552" percent="100" />
    </mem>
    <pending-finalizers system="1" default="0" reference="30" classloader="0" />
  </mem-info>
</gc-end>
<cycle-end id="834" type="global" contextid="824" timestamp="2019-08-09T18:53:27.170" />
  <attribute name="elasticGC enabled" value="1" />
  <attribute name= "numThreadsSpecified" value="16" />
  <attribute name="heapSize specified" value="15073280" />
  <attribute name="Current GC Util" value="183" />
  <attribute name= "Current Time Running" value="147113" />
  <attribute name ="GC Interval" value="0" />
  <attribute name="Target GC Util Change" value ="80.000000" />
  <attribute name="Current GC Util Change" value="183.000000"/>
  <attribute name="Current Error" value="-241.000000" />
  <attribute name="Output H" value="15148688"/>
  <attribute name="Output I" value="1736"/>
  <attribute name="Output T" value="16"/>
  <attribute name= "Current Time Running" value="147113" />
  <attribute name="GC Util currently" value="183" />
  <attribute name="CPU Util currently" value="103075505649" />
<allocation-satisfied id="835" threadId="00000000023ECF00" bytesRequested="2056" />
<af-end id="836" timestamp="2019-08-09T18:53:27.170" threadId="00000000023ED888" success="true" />
<exclusive-end id="837" timestamp="2019-08-09T18:53:27.170" durationms="18.639" />

WARNING: An illegal reflective access operation has occurred
WARNING: Illegal reflective access by com.google.common.base.internal.Finalizer (file:/./scratch/jar/guava-r07.jar) to field java.lang.Thread.inheritableThreadLocals
WARNING: Please consider reporting this to the maintainers of com.google.common.base.internal.Finalizer
WARNING: Use --illegal-access=warn to enable warnings of further illegal reflective access operations
WARNING: All illegal access operations will be denied in a future release
<exclusive-start id="838" timestamp="2019-08-09T18:53:27.637" intervalms="486.170">
  <response-info timems="0.017" idlems="0.017" threads="0" lastid="00000000023ECF00" lastname="main" />
</exclusive-start>
<af-start id="839" threadId="00000000023ED888" totalBytesRequested="16" timestamp="2019-08-09T18:53:27.637" intervalms="486.138" />
<cycle-start id="840" type="global" contextid="0" timestamp="2019-08-09T18:53:27.637" intervalms="486.141" />
<gc-start id="841" type="global" contextid="840" timestamp="2019-08-09T18:53:27.637">
  <mem-info id="842" free="151552" total="15204352" percent="0">
    <mem type="tenure" free="151552" total="15204352" percent="0">
      <mem type="soa" free="0" total="15052800" percent="0" />
      <mem type="loa" free="151552" total="151552" percent="100" />
    </mem>
  </mem-info>
</gc-start>
<allocation-stats totalBytes="13562872" >
  <allocated-bytes non-tlh="656800" tlh="12906072" />
  <largest-consumer threadName="main" threadId="00000000023ECF00" bytes="13562872" />
</allocation-stats>
<gc-op id="843" type="mark" timems="23.074" contextid="840" timestamp="2019-08-09T18:53:27.660">
  <trace-info objectcount="26318" scancount="21452" scanbytes="697964" />
  <finalization candidates="52" enqueued="1" />
  <ownableSynchronizers candidates="17" cleared="0" />
  <references type="soft" candidates="62" cleared="0" enqueued="0" dynamicThreshold="28" maxThreshold="32" />
  <references type="weak" candidates="1317" cleared="439" enqueued="325" />
  <references type="phantom" candidates="91" cleared="4" enqueued="4" />
  <stringconstants candidates="4582" cleared="1408"  />
</gc-op>
<gc-op id="844" type="classunload" timems="6.439" contextid="840" timestamp="2019-08-09T18:53:27.667">
  <classunload-info classloadercandidates="8" classloadersunloaded="1" classesunloaded="508" anonymousclassesunloaded="0" quiescems="0.000" setupms="1.935" scanms="4.500" postms="0.004" />
</gc-op>
<gc-op id="845" type="sweep" timems="2.678" contextid="840" timestamp="2019-08-09T18:53:27.670" />
<mem-info id="846" free="13025288" total="15204352" percent="85">
  <mem type="tenure" free="13025288" total="15204352" percent="85" micro-fragmented="108534" macro-fragmented="0">
    <mem type="soa" free="12873736" total="15052800" percent="85" />
    <mem type="loa" free="151552" total="151552" percent="100" />
  </mem>
  <pending-finalizers system="1" default="0" reference="329" classloader="0" />
</mem-info>
<gc-op id="847" type="compact" timems="16.619" contextid="840" timestamp="2019-08-09T18:53:27.686">
  <compact-info movecount="25653" movebytes="2002352" reason="compact to aid heap contraction" />
</gc-op>
<heap-resize id="848" type="expand" space="tenure" amount="131072" count="1" timems="0.018" reason="satisfy allocation request" timestamp="2019-08-09T18:53:27.688" />
<gc-end id="849" type="global" contextid="840" durationms="50.978" usertimems="45.761" systemtimems="19.982" timestamp="2019-08-09T18:53:27.688" activeThreads="16">
  <mem-info id="850" free="13314664" total="15335424" percent="86">
    <mem type="tenure" free="13314664" total="15335424" percent="86">
      <mem type="soa" free="13162088" total="15182848" percent="86" />
      <mem type="loa" free="152576" total="152576" percent="100" />
    </mem>
    <pending-finalizers system="1" default="0" reference="329" classloader="0" />
  </mem-info>
</gc-end>
<cycle-end id="851" type="global" contextid="840" timestamp="2019-08-09T18:53:27.689" />
  <attribute name="elasticGC enabled" value="1" />
  <attribute name= "numThreadsSpecified" value="16" />
  <attribute name="heapSize specified" value="15204352" />
  <attribute name="Current GC Util" value="50" />
  <attribute name= "Current Time Running" value="147630" />
  <attribute name ="GC Interval" value="0" />
  <attribute name="Target GC Util Change" value ="80.000000" />
  <attribute name="Current GC Util Change" value="50.000000"/>
  <attribute name="Current Error" value="-99.000000" />
  <attribute name="Output H" value="15279920"/>
  <attribute name="Output I" value="1896"/>
  <attribute name="Output T" value="16"/>
  <attribute name= "Current Time Running" value="147630" />
  <attribute name="GC Util currently" value="50" />
  <attribute name="CPU Util currently" value="69386315112" />
<allocation-satisfied id="852" threadId="00000000023ECF00" bytesRequested="16" />
<af-end id="853" timestamp="2019-08-09T18:53:27.689" threadId="00000000023ED888" success="true" />
<exclusive-end id="854" timestamp="2019-08-09T18:53:27.689" durationms="51.929" />

<exclusive-start id="855" timestamp="2019-08-09T18:53:28.773" intervalms="1135.828">
  <response-info timems="0.019" idlems="0.019" threads="0" lastid="00000000023ECF00" lastname="main" />
</exclusive-start>
<af-start id="856" threadId="00000000023ED888" totalBytesRequested="88" timestamp="2019-08-09T18:53:28.773" intervalms="1135.823" />
<cycle-start id="857" type="global" contextid="0" timestamp="2019-08-09T18:53:28.773" intervalms="1135.814" />
<gc-start id="858" type="global" contextid="857" timestamp="2019-08-09T18:53:28.773">
  <mem-info id="859" free="152576" total="15335424" percent="0">
    <mem type="tenure" free="152576" total="15335424" percent="0">
      <mem type="soa" free="0" total="15182848" percent="0" />
      <mem type="loa" free="152576" total="152576" percent="100" />
    </mem>
  </mem-info>
</gc-start>
<allocation-stats totalBytes="13088240" >
  <allocated-bytes non-tlh="613176" tlh="12475064" />
  <largest-consumer threadName="main" threadId="00000000023ECF00" bytes="13006632" />
</allocation-stats>
<gc-op id="860" type="mark" timems="6.030" contextid="857" timestamp="2019-08-09T18:53:28.779">
  <trace-info objectcount="54219" scancount="44575" scanbytes="1498696" />
  <finalization candidates="80" enqueued="0" />
  <ownableSynchronizers candidates="21" cleared="0" />
  <references type="soft" candidates="956" cleared="0" enqueued="0" dynamicThreshold="27" maxThreshold="32" />
  <references type="weak" candidates="3513" cleared="555" enqueued="400" />
  <references type="phantom" candidates="104" cleared="9" enqueued="9" />
  <stringconstants candidates="6237" cleared="0"  />
</gc-op>
<gc-op id="861" type="classunload" timems="0.004" contextid="857" timestamp="2019-08-09T18:53:28.779">
  <classunload-info classloadercandidates="11" classloadersunloaded="0" classesunloaded="0" anonymousclassesunloaded="0" quiescems="0.000" setupms="0.003" scanms="0.001" postms="0.000" />
</gc-op>
<gc-op id="862" type="sweep" timems="1.340" contextid="857" timestamp="2019-08-09T18:53:28.780" />
<mem-info id="863" free="11592592" total="15335424" percent="75">
  <mem type="tenure" free="11592592" total="15335424" percent="75" micro-fragmented="410927" macro-fragmented="0">
    <mem type="soa" free="11440016" total="15182848" percent="75" />
    <mem type="loa" free="152576" total="152576" percent="100" />
  </mem>
  <pending-finalizers system="0" default="0" reference="409" classloader="0" />
</mem-info>
<gc-op id="864" type="compact" timems="16.379" contextid="857" timestamp="2019-08-09T18:53:28.797">
  <compact-info movecount="53546" movebytes="3223784" reason="compact to aid heap contraction" />
</gc-op>
<heap-resize id="865" type="expand" space="tenure" amount="131072" count="1" timems="0.018" reason="satisfy allocation request" timestamp="2019-08-09T18:53:28.798" />
<gc-end id="866" type="global" contextid="857" durationms="24.864" usertimems="44.549" systemtimems="0.000" timestamp="2019-08-09T18:53:28.798" activeThreads="16">
  <mem-info id="867" free="12224104" total="15466496" percent="79">
    <mem type="tenure" free="12224104" total="15466496" percent="79">
      <mem type="soa" free="12069480" total="15311872" percent="78" />
      <mem type="loa" free="154624" total="154624" percent="100" />
    </mem>
    <pending-finalizers system="0" default="0" reference="409" classloader="0" />
  </mem-info>
</gc-end>
<cycle-end id="868" type="global" contextid="857" timestamp="2019-08-09T18:53:28.798" />
  <attribute name="elasticGC enabled" value="1" />
  <attribute name= "numThreadsSpecified" value="16" />
  <attribute name="heapSize specified" value="15335424" />
  <attribute name="Current GC Util" value="81" />
  <attribute name= "Current Time Running" value="148741" />
  <attribute name ="GC Interval" value="0" />
  <attribute name="Target GC Util Change" value ="80.000000" />
  <attribute name="Current GC Util Change" value="81.000000"/>
  <attribute name="Current Error" value="-1.000000" />
  <attribute name="Output H" value="15411104"/>
  <attribute name="Output I" value="2008"/>
  <attribute name="Output T" value="16"/>
  <attribute name= "Current Time Running" value="148741" />
  <attribute name="GC Util currently" value="81" />
  <attribute name="CPU Util currently" value="70268332712" />
<allocation-satisfied id="869" threadId="00000000023ECF00" bytesRequested="88" />
<af-end id="870" timestamp="2019-08-09T18:53:28.798" threadId="00000000023ED888" success="true" />
<exclusive-end id="871" timestamp="2019-08-09T18:53:28.798" durationms="25.153" />

<exclusive-start id="872" timestamp="2019-08-09T18:53:29.078" intervalms="305.176">
  <response-info timems="0.020" idlems="0.020" threads="0" lastid="00000000023ECF00" lastname="main" />
</exclusive-start>
<af-start id="873" threadId="00000000023ED888" totalBytesRequested="24" timestamp="2019-08-09T18:53:29.078" intervalms="305.175" />
<cycle-start id="874" type="global" contextid="0" timestamp="2019-08-09T18:53:29.078" intervalms="305.175" />
<gc-start id="875" type="global" contextid="874" timestamp="2019-08-09T18:53:29.078">
  <mem-info id="876" free="154624" total="15466496" percent="0">
    <mem type="tenure" free="154624" total="15466496" percent="0">
      <mem type="soa" free="0" total="15311872" percent="0" />
      <mem type="loa" free="154624" total="154624" percent="100" />
    </mem>
  </mem-info>
</gc-start>
<allocation-stats totalBytes="12061856" >
  <allocated-bytes non-tlh="1369656" tlh="10692200" />
  <largest-consumer threadName="main" threadId="00000000023ECF00" bytes="12053664" />
</allocation-stats>
<gc-op id="877" type="mark" timems="6.832" contextid="874" timestamp="2019-08-09T18:53:29.085">
  <trace-info objectcount="69216" scancount="57251" scanbytes="1993976" />
  <finalization candidates="80" enqueued="0" />
  <ownableSynchronizers candidates="21" cleared="0" />
  <references type="soft" candidates="1012" cleared="0" enqueued="0" dynamicThreshold="25" maxThreshold="32" />
  <references type="weak" candidates="3578" cleared="6" enqueued="6" />
  <references type="phantom" candidates="95" cleared="0" enqueued="0" />
  <stringconstants candidates="7413" cleared="0"  />
</gc-op>
<gc-op id="878" type="sweep" timems="6.956" contextid="874" timestamp="2019-08-09T18:53:29.092" />
<mem-info id="879" free="10806992" total="15466496" percent="69">
  <mem type="tenure" free="10806992" total="15466496" percent="69" micro-fragmented="152762" macro-fragmented="0">
    <mem type="soa" free="10652368" total="15311872" percent="69" />
    <mem type="loa" free="154624" total="154624" percent="100" />
  </mem>
  <pending-finalizers system="0" default="0" reference="6" classloader="0" />
</mem-info>
<gc-op id="880" type="compact" timems="15.446" contextid="874" timestamp="2019-08-09T18:53:29.108">
  <compact-info movecount="48479" movebytes="2784928" reason="compact to aid heap contraction" />
</gc-op>
<heap-resize id="881" type="expand" space="tenure" amount="131072" count="1" timems="0.021" reason="satisfy allocation request" timestamp="2019-08-09T18:53:29.108" />
<gc-end id="882" type="global" contextid="874" durationms="30.071" usertimems="60.799" systemtimems="0.000" timestamp="2019-08-09T18:53:29.108" activeThreads="16">
  <mem-info id="883" free="11133968" total="15597568" percent="71">
    <mem type="tenure" free="11133968" total="15597568" percent="71">
      <mem type="soa" free="10978320" total="15441920" percent="71" />
      <mem type="loa" free="155648" total="155648" percent="100" />
    </mem>
    <pending-finalizers system="0" default="0" reference="6" classloader="0" />
  </mem-info>
</gc-end>
<cycle-end id="884" type="global" contextid="874" timestamp="2019-08-09T18:53:29.108" />
  <attribute name="elasticGC enabled" value="1" />
  <attribute name= "numThreadsSpecified" value="16" />
  <attribute name="heapSize specified" value="15466496" />
  <attribute name="Current GC Util" value="59" />
  <attribute name= "Current Time Running" value="149052" />
  <attribute name ="GC Interval" value="0" />
  <attribute name="Target GC Util Change" value ="80.000000" />
  <attribute name="Current GC Util Change" value="59.000000"/>
  <attribute name="Current Error" value="-246.000000" />
  <attribute name="Output H" value="15541896"/>
  <attribute name="Output I" value="1728"/>
  <attribute name="Output T" value="16"/>
  <attribute name= "Current Time Running" value="149052" />
  <attribute name="GC Util currently" value="59" />
  <attribute name="CPU Util currently" value="74442632386" />
<allocation-satisfied id="885" threadId="00000000023ECF00" bytesRequested="24" />
<af-end id="886" timestamp="2019-08-09T18:53:29.108" threadId="00000000023ED888" success="true" />
<exclusive-end id="887" timestamp="2019-08-09T18:53:29.108" durationms="30.250" />

<exclusive-start id="888" timestamp="2019-08-09T18:53:29.327" intervalms="249.278">
  <response-info timems="0.020" idlems="0.020" threads="0" lastid="00000000023ECF00" lastname="main" />
</exclusive-start>
<af-start id="889" threadId="00000000023ED888" totalBytesRequested="32" timestamp="2019-08-09T18:53:29.327" intervalms="249.285" />
<cycle-start id="890" type="global" contextid="0" timestamp="2019-08-09T18:53:29.327" intervalms="249.291" />
<gc-start id="891" type="global" contextid="890" timestamp="2019-08-09T18:53:29.328">
  <mem-info id="892" free="155648" total="15597568" percent="0">
    <mem type="tenure" free="155648" total="15597568" percent="0">
      <mem type="soa" free="0" total="15441920" percent="0" />
      <mem type="loa" free="155648" total="155648" percent="100" />
    </mem>
  </mem-info>
</gc-start>
<allocation-stats totalBytes="11041040" >
  <allocated-bytes non-tlh="325648" tlh="10715392" />
  <largest-consumer threadName="main" threadId="00000000023ECF00" bytes="11041040" />
</allocation-stats>
<gc-op id="893" type="mark" timems="5.706" contextid="890" timestamp="2019-08-09T18:53:29.333">
  <trace-info objectcount="71144" scancount="58916" scanbytes="2077740" />
  <finalization candidates="80" enqueued="0" />
  <ownableSynchronizers candidates="21" cleared="0" />
  <references type="soft" candidates="1085" cleared="0" enqueued="0" dynamicThreshold="22" maxThreshold="32" />
  <references type="weak" candidates="3819" cleared="5" enqueued="5" />
  <references type="phantom" candidates="95" cleared="0" enqueued="0" />
  <stringconstants candidates="7844" cleared="0"  />
</gc-op>
<gc-op id="894" type="sweep" timems="1.869" contextid="890" timestamp="2019-08-09T18:53:29.335" />
<mem-info id="895" free="10845864" total="15597568" percent="69">
  <mem type="tenure" free="10845864" total="15597568" percent="69" micro-fragmented="129923" macro-fragmented="0">
    <mem type="soa" free="10690216" total="15441920" percent="69" />
    <mem type="loa" free="155648" total="155648" percent="100" />
  </mem>
  <pending-finalizers system="0" default="0" reference="5" classloader="0" />
</mem-info>
<gc-op id="896" type="compact" timems="16.605" contextid="890" timestamp="2019-08-09T18:53:29.352">
  <compact-info movecount="50297" movebytes="2938032" reason="compact to aid heap contraction" />
</gc-op>
<heap-resize id="897" type="expand" space="tenure" amount="131072" count="1" timems="0.021" reason="satisfy allocation request" timestamp="2019-08-09T18:53:29.352" />
<gc-end id="898" type="global" contextid="890" durationms="24.935" usertimems="47.856" systemtimems="0.000" timestamp="2019-08-09T18:53:29.352" activeThreads="16">
  <mem-info id="899" free="11107368" total="15728640" percent="70">
    <mem type="tenure" free="11107368" total="15728640" percent="70">
      <mem type="soa" free="10950696" total="15571968" percent="70" />
      <mem type="loa" free="156672" total="156672" percent="100" />
    </mem>
    <pending-finalizers system="0" default="0" reference="5" classloader="0" />
  </mem-info>
</gc-end>
<cycle-end id="900" type="global" contextid="890" timestamp="2019-08-09T18:53:29.352" />
  <attribute name="elasticGC enabled" value="1" />
  <attribute name= "numThreadsSpecified" value="16" />
  <attribute name="heapSize specified" value="15597568" />
  <attribute name="Current GC Util" value="71" />
  <attribute name= "Current Time Running" value="149296" />
  <attribute name ="GC Interval" value="0" />
  <attribute name="Target GC Util Change" value ="80.000000" />
  <attribute name="Current GC Util Change" value="71.000000"/>
  <attribute name="Current Error" value="-199.000000" />
  <attribute name="Output H" value="15673024"/>
  <attribute name="Output I" value="1784"/>
  <attribute name="Output T" value="16"/>
  <attribute name= "Current Time Running" value="149296" />
  <attribute name="GC Util currently" value="71" />
  <attribute name="CPU Util currently" value="69294546381" />
<allocation-satisfied id="901" threadId="00000000023ECF00" bytesRequested="32" />
<af-end id="902" timestamp="2019-08-09T18:53:29.353" threadId="00000000023ED888" success="true" />
<exclusive-end id="903" timestamp="2019-08-09T18:53:29.353" durationms="25.139" />

<exclusive-start id="904" timestamp="2019-08-09T18:53:29.543" intervalms="215.986">
  <response-info timems="0.021" idlems="0.021" threads="0" lastid="00000000023ECF00" lastname="main" />
</exclusive-start>
<af-start id="905" threadId="00000000023ED888" totalBytesRequested="16" timestamp="2019-08-09T18:53:29.543" intervalms="215.980" />
<cycle-start id="906" type="global" contextid="0" timestamp="2019-08-09T18:53:29.543" intervalms="215.975" />
<gc-start id="907" type="global" contextid="906" timestamp="2019-08-09T18:53:29.543">
  <mem-info id="908" free="156672" total="15728640" percent="0">
    <mem type="tenure" free="156672" total="15728640" percent="0">
      <mem type="soa" free="0" total="15571968" percent="0" />
      <mem type="loa" free="156672" total="156672" percent="100" />
    </mem>
  </mem-info>
</gc-start>
<allocation-stats totalBytes="11013712" >
  <allocated-bytes non-tlh="40496" tlh="10973216" />
  <largest-consumer threadName="main" threadId="00000000023ECF00" bytes="11013712" />
</allocation-stats>
<gc-op id="909" type="mark" timems="4.621" contextid="906" timestamp="2019-08-09T18:53:29.548">
  <trace-info objectcount="66376" scancount="54511" scanbytes="1823192" />
  <finalization candidates="80" enqueued="0" />
  <ownableSynchronizers candidates="21" cleared="0" />
  <references type="soft" candidates="1155" cleared="0" enqueued="0" dynamicThreshold="22" maxThreshold="32" />
  <references type="weak" candidates="3908" cleared="1" enqueued="1" />
  <references type="phantom" candidates="94" cleared="0" enqueued="0" />
  <stringconstants candidates="8081" cleared="12"  />
</gc-op>
<gc-op id="910" type="sweep" timems="1.225" contextid="906" timestamp="2019-08-09T18:53:29.549" />
<mem-info id="911" free="11694760" total="15728640" percent="74">
  <mem type="tenure" free="11694760" total="15728640" percent="74" micro-fragmented="20533" macro-fragmented="0">
    <mem type="soa" free="11538088" total="15571968" percent="74" />
    <mem type="loa" free="156672" total="156672" percent="100" />
  </mem>
  <pending-finalizers system="0" default="0" reference="1" classloader="0" />
</mem-info>
<gc-op id="912" type="compact" timems="21.582" contextid="906" timestamp="2019-08-09T18:53:29.571">
  <compact-info movecount="54522" movebytes="3506904" reason="compact to aid heap contraction" />
</gc-op>
<heap-resize id="913" type="expand" space="tenure" amount="131072" count="1" timems="0.022" reason="satisfy allocation request" timestamp="2019-08-09T18:53:29.572" />
<gc-end id="914" type="global" contextid="906" durationms="28.154" usertimems="49.282" systemtimems="0.000" timestamp="2019-08-09T18:53:29.572" activeThreads="16">
  <mem-info id="915" free="11861720" total="15859712" percent="74">
    <mem type="tenure" free="11861720" total="15859712" percent="74">
      <mem type="soa" free="11704024" total="15702016" percent="74" />
      <mem type="loa" free="157696" total="157696" percent="100" />
    </mem>
    <pending-finalizers system="0" default="0" reference="1" classloader="0" />
  </mem-info>
</gc-end>
<cycle-end id="916" type="global" contextid="906" timestamp="2019-08-09T18:53:29.572" />
  <attribute name="elasticGC enabled" value="1" />
  <attribute name= "numThreadsSpecified" value="16" />
  <attribute name="heapSize specified" value="15728640" />
  <attribute name="Current GC Util" value="56" />
  <attribute name= "Current Time Running" value="149515" />
  <attribute name ="GC Interval" value="0" />
  <attribute name="Target GC Util Change" value ="80.000000" />
  <attribute name="Current GC Util Change" value="56.000000"/>
  <attribute name="Current Error" value="24.000000" />
  <attribute name="Output H" value="15804352"/>
  <attribute name="Output I" value="2040"/>
  <attribute name="Output T" value="16"/>
  <attribute name= "Current Time Running" value="149515" />
  <attribute name="GC Util currently" value="56" />
  <attribute name="CPU Util currently" value="53307716351" />
<allocation-satisfied id="917" threadId="00000000023ECF00" bytesRequested="16" />
<af-end id="918" timestamp="2019-08-09T18:53:29.572" threadId="00000000023ED888" success="true" />
<exclusive-end id="919" timestamp="2019-08-09T18:53:29.572" durationms="28.375" />

<exclusive-start id="920" timestamp="2019-08-09T18:53:29.694" intervalms="150.326">
  <response-info timems="0.021" idlems="0.021" threads="0" lastid="00000000023ECF00" lastname="main" />
</exclusive-start>
<af-start id="921" threadId="00000000023ED888" totalBytesRequested="88" timestamp="2019-08-09T18:53:29.694" intervalms="150.329" />
<cycle-start id="922" type="global" contextid="0" timestamp="2019-08-09T18:53:29.694" intervalms="150.391" />
<gc-start id="923" type="global" contextid="922" timestamp="2019-08-09T18:53:29.694">
  <mem-info id="924" free="157696" total="15859712" percent="0">
    <mem type="tenure" free="157696" total="15859712" percent="0">
      <mem type="soa" free="0" total="15702016" percent="0" />
      <mem type="loa" free="157696" total="157696" percent="100" />
    </mem>
  </mem-info>
</gc-start>
<allocation-stats totalBytes="11701088" >
  <allocated-bytes non-tlh="511744" tlh="11189344" />
  <largest-consumer threadName="main" threadId="00000000023ECF00" bytes="11692840" />
</allocation-stats>
<gc-op id="925" type="mark" timems="10.482" contextid="922" timestamp="2019-08-09T18:53:29.704">
  <trace-info objectcount="71922" scancount="59494" scanbytes="1992936" />
  <finalization candidates="80" enqueued="0" />
  <ownableSynchronizers candidates="21" cleared="0" />
  <references type="soft" candidates="1388" cleared="0" enqueued="0" dynamicThreshold="23" maxThreshold="32" />
  <references type="weak" candidates="4330" cleared="15" enqueued="14" />
  <references type="phantom" candidates="94" cleared="0" enqueued="0" />
  <stringconstants candidates="8572" cleared="12"  />
</gc-op>
<gc-op id="926" type="classunload" timems="0.008" contextid="922" timestamp="2019-08-09T18:53:29.704">
  <classunload-info classloadercandidates="16" classloadersunloaded="0" classesunloaded="0" anonymousclassesunloaded="0" quiescems="0.000" setupms="0.007" scanms="0.001" postms="0.000" />
</gc-op>
<gc-op id="927" type="sweep" timems="3.775" contextid="922" timestamp="2019-08-09T18:53:29.708" />
<mem-info id="928" free="11544136" total="15859712" percent="72">
  <mem type="tenure" free="11544136" total="15859712" percent="72" micro-fragmented="68166" macro-fragmented="0">
    <mem type="soa" free="11386440" total="15702016" percent="72" />
    <mem type="loa" free="157696" total="157696" percent="100" />
  </mem>
  <pending-finalizers system="0" default="0" reference="14" classloader="0" />
</mem-info>
<gc-op id="929" type="compact" timems="22.692" contextid="922" timestamp="2019-08-09T18:53:29.731">
  <compact-info movecount="57596" movebytes="3556272" reason="compact to aid heap contraction" />
</gc-op>
<heap-resize id="930" type="expand" space="tenure" amount="131072" count="1" timems="0.022" reason="satisfy allocation request" timestamp="2019-08-09T18:53:29.732" />
<gc-end id="931" type="global" contextid="922" durationms="38.253" usertimems="65.680" systemtimems="0.000" timestamp="2019-08-09T18:53:29.732" activeThreads="16">
  <mem-info id="932" free="11724368" total="15990784" percent="73">
    <mem type="tenure" free="11724368" total="15990784" percent="73">
      <mem type="soa" free="11564624" total="15831040" percent="73" />
      <mem type="loa" free="159744" total="159744" percent="100" />
    </mem>
    <pending-finalizers system="0" default="0" reference="14" classloader="0" />
  </mem-info>
</gc-end>
<cycle-end id="933" type="global" contextid="922" timestamp="2019-08-09T18:53:29.732" />
  <attribute name="elasticGC enabled" value="1" />
  <attribute name= "numThreadsSpecified" value="16" />
  <attribute name="heapSize specified" value="15859712" />
  <attribute name="Current GC Util" value="51" />
  <attribute name= "Current Time Running" value="149675" />
  <attribute name ="GC Interval" value="0" />
  <attribute name="Target GC Util Change" value ="80.000000" />
  <attribute name="Current GC Util Change" value="51.000000"/>
  <attribute name="Current Error" value="-92.000000" />
  <attribute name="Output H" value="15935288"/>
  <attribute name="Output I" value="1904"/>
  <attribute name="Output T" value="16"/>
  <attribute name= "Current Time Running" value="149675" />
  <attribute name="GC Util currently" value="51" />
  <attribute name="CPU Util currently" value="50778149257" />
<allocation-satisfied id="934" threadId="00000000023ECF00" bytesRequested="88" />
<af-end id="935" timestamp="2019-08-09T18:53:29.732" threadId="00000000023ED888" success="true" />
<exclusive-end id="936" timestamp="2019-08-09T18:53:29.732" durationms="38.512" />

<exclusive-start id="937" timestamp="2019-08-09T18:53:29.773" intervalms="79.116">
  <response-info timems="0.036" idlems="0.036" threads="0" lastid="00000000023ECF00" lastname="main" />
</exclusive-start>
<sys-start reason="explicit" id="938" timestamp="2019-08-09T18:53:29.773" intervalms="149520.004" />
<cycle-start id="939" type="global" contextid="0" timestamp="2019-08-09T18:53:29.773" intervalms="79.053" />
<gc-start id="940" type="global" contextid="939" timestamp="2019-08-09T18:53:29.773">
  <mem-info id="941" free="10337008" total="15990784" percent="64">
    <mem type="tenure" free="10337008" total="15990784" percent="64">
      <mem type="soa" free="10177264" total="15831040" percent="64" />
      <mem type="loa" free="159744" total="159744" percent="100" />
    </mem>
  </mem-info>
</gc-start>
<allocation-stats totalBytes="1452664" >
  <allocated-bytes non-tlh="211808" tlh="1240856" />
  <largest-consumer threadName="main" threadId="00000000023ECF00" bytes="1448568" />
</allocation-stats>
<gc-op id="942" type="mark" timems="16.115" contextid="939" timestamp="2019-08-09T18:53:29.789">
  <trace-info objectcount="75461" scancount="62866" scanbytes="2114380" />
  <finalization candidates="80" enqueued="0" />
  <ownableSynchronizers candidates="21" cleared="0" />
  <references type="soft" candidates="1632" cleared="0" enqueued="0" dynamicThreshold="23" maxThreshold="32" />
  <references type="weak" candidates="4516" cleared="20" enqueued="18" />
  <references type="phantom" candidates="94" cleared="0" enqueued="0" />
  <stringconstants candidates="8699" cleared="15"  />
</gc-op>
<gc-op id="943" type="classunload" timems="0.497" contextid="939" timestamp="2019-08-09T18:53:29.790">
  <classunload-info classloadercandidates="17" classloadersunloaded="1" classesunloaded="1" anonymousclassesunloaded="0" quiescems="0.000" setupms="0.482" scanms="0.012" postms="0.003" />
</gc-op>
<gc-op id="944" type="sweep" timems="1.277" contextid="939" timestamp="2019-08-09T18:53:29.791" />
<mem-info id="945" free="11569808" total="15990784" percent="72">
  <mem type="tenure" free="11569808" total="15990784" percent="72" micro-fragmented="62464" macro-fragmented="5375357">
    <mem type="soa" free="11410064" total="15831040" percent="72" />
    <mem type="loa" free="159744" total="159744" percent="100" />
  </mem>
  <pending-finalizers system="0" default="0" reference="18" classloader="0" />
</mem-info>
<gc-op id="946" type="compact" timems="29.485" contextid="939" timestamp="2019-08-09T18:53:29.821">
  <compact-info movecount="72094" movebytes="4159912" reason="compact to aid heap contraction" />
</gc-op>
<heap-resize id="947" type="expand" space="tenure" amount="131072" count="1" timems="0.024" reason="satisfy allocation request" timestamp="2019-08-09T18:53:29.821" />
<gc-end id="948" type="global" contextid="939" durationms="48.459" usertimems="77.092" systemtimems="0.000" timestamp="2019-08-09T18:53:29.821" activeThreads="16">
  <mem-info id="949" free="11790152" total="16121856" percent="73">
    <mem type="tenure" free="11790152" total="16121856" percent="73">
      <mem type="soa" free="11629384" total="15961088" percent="72" />
      <mem type="loa" free="160768" total="160768" percent="100" />
    </mem>
    <pending-finalizers system="0" default="0" reference="18" classloader="0" />
  </mem-info>
</gc-end>
<cycle-end id="950" type="global" contextid="939" timestamp="2019-08-09T18:53:29.821" />
  <attribute name="elasticGC enabled" value="1" />
  <attribute name= "numThreadsSpecified" value="16" />
  <attribute name="heapSize specified" value="15990784" />
  <attribute name="Current GC Util" value="41" />
  <attribute name= "Current Time Running" value="149764" />
  <attribute name ="GC Interval" value="0" />
  <attribute name="Target GC Util Change" value ="80.000000" />
  <attribute name="Current GC Util Change" value="41.000000"/>
  <attribute name="Current Error" value="-70.000000" />
  <attribute name="Output H" value="16066384"/>
  <attribute name="Output I" value="1928"/>
  <attribute name="Output T" value="16"/>
  <attribute name= "Current Time Running" value="149764" />
  <attribute name="GC Util currently" value="41" />
  <attribute name="CPU Util currently" value="39043384919" />
<sys-end id="951" timestamp="2019-08-09T18:53:29.821" />
<exclusive-end id="952" timestamp="2019-08-09T18:53:29.821" durationms="48.647" />

===== DaCapo 9.12-MR1 jython starting =====
<exclusive-start id="953" timestamp="2019-08-09T18:53:29.905" intervalms="131.961">
  <response-info timems="0.019" idlems="0.019" threads="0" lastid="00000000023ECF00" lastname="main" />
</exclusive-start>
<af-start id="954" threadId="00000000023ED888" totalBytesRequested="32" timestamp="2019-08-09T18:53:29.905" intervalms="211.161" />
<cycle-start id="955" type="global" contextid="0" timestamp="2019-08-09T18:53:29.905" intervalms="132.045" />
<gc-start id="956" type="global" contextid="955" timestamp="2019-08-09T18:53:29.905">
  <mem-info id="957" free="160768" total="16121856" percent="0">
    <mem type="tenure" free="160768" total="16121856" percent="0">
      <mem type="soa" free="0" total="15961088" percent="0" />
      <mem type="loa" free="160768" total="160768" percent="100" />
    </mem>
  </mem-info>
</gc-start>
<allocation-stats totalBytes="11627768" >
  <allocated-bytes non-tlh="528488" tlh="11099280" />
  <largest-consumer threadName="main" threadId="00000000023ECF00" bytes="11623672" />
</allocation-stats>
<gc-op id="958" type="mark" timems="5.983" contextid="955" timestamp="2019-08-09T18:53:29.911">
  <trace-info objectcount="97609" scancount="82709" scanbytes="2955940" />
  <finalization candidates="80" enqueued="0" />
  <ownableSynchronizers candidates="21" cleared="0" />
  <references type="soft" candidates="1632" cleared="0" enqueued="0" dynamicThreshold="23" maxThreshold="32" />
  <references type="weak" candidates="4497" cleared="0" enqueued="0" />
  <references type="phantom" candidates="99" cleared="2" enqueued="2" />
  <stringconstants candidates="8697" cleared="0"  />
</gc-op>
<gc-op id="959" type="sweep" timems="1.505" contextid="955" timestamp="2019-08-09T18:53:29.913" />
<mem-info id="960" free="10028424" total="16121856" percent="62">
  <mem type="tenure" free="10028424" total="16121856" percent="62" micro-fragmented="205299" macro-fragmented="0">
    <mem type="soa" free="9867656" total="15961088" percent="61" />
    <mem type="loa" free="160768" total="160768" percent="100" />
  </mem>
  <pending-finalizers system="0" default="0" reference="2" classloader="0" />
</mem-info>
<gc-op id="961" type="compact" timems="23.801" contextid="955" timestamp="2019-08-09T18:53:29.936">
  <compact-info movecount="66397" movebytes="3588712" reason="compact to aid heap contraction" />
</gc-op>
<heap-resize id="962" type="expand" space="tenure" amount="131072" count="1" timems="0.021" reason="satisfy allocation request" timestamp="2019-08-09T18:53:29.937" />
<gc-end id="963" type="global" contextid="955" durationms="32.184" usertimems="56.931" systemtimems="0.000" timestamp="2019-08-09T18:53:29.937" activeThreads="16">
  <mem-info id="964" free="10618744" total="16252928" percent="65">
    <mem type="tenure" free="10618744" total="16252928" percent="65">
      <mem type="soa" free="10456952" total="16091136" percent="64" />
      <mem type="loa" free="161792" total="161792" percent="100" />
    </mem>
    <pending-finalizers system="0" default="0" reference="2" classloader="0" />
  </mem-info>
</gc-end>
<cycle-end id="965" type="global" contextid="955" timestamp="2019-08-09T18:53:29.937" />
  <attribute name="elasticGC enabled" value="1" />
  <attribute name= "numThreadsSpecified" value="16" />
  <attribute name="heapSize specified" value="16121856" />
  <attribute name="Current GC Util" value="55" />
  <attribute name= "Current Time Running" value="149880" />
  <attribute name ="GC Interval" value="0" />
  <attribute name="Target GC Util Change" value ="80.000000" />
  <attribute name="Current GC Util Change" value="55.000000"/>
  <attribute name="Current Error" value="25.000000" />
  <attribute name="Output H" value="16197568"/>
  <attribute name="Output I" value="2040"/>
  <attribute name="Output T" value="16"/>
  <attribute name= "Current Time Running" value="149880" />
  <attribute name="GC Util currently" value="55" />
  <attribute name="CPU Util currently" value="48391154551" />
<allocation-satisfied id="966" threadId="00000000023ECF00" bytesRequested="32" />
<af-end id="967" timestamp="2019-08-09T18:53:29.937" threadId="00000000023ED888" success="true" />
<exclusive-end id="968" timestamp="2019-08-09T18:53:29.937" durationms="32.571" />

<exclusive-start id="969" timestamp="2019-08-09T18:53:30.201" intervalms="296.001">
  <response-info timems="0.063" idlems="0.063" threads="0" lastid="00000000023ECF00" lastname="main" />
</exclusive-start>
<af-start id="970" threadId="00000000023ED888" totalBytesRequested="16" timestamp="2019-08-09T18:53:30.201" intervalms="295.958" />
<cycle-start id="971" type="global" contextid="0" timestamp="2019-08-09T18:53:30.201" intervalms="295.959" />
<gc-start id="972" type="global" contextid="971" timestamp="2019-08-09T18:53:30.201">
  <mem-info id="973" free="161792" total="16252928" percent="0">
    <mem type="tenure" free="161792" total="16252928" percent="0">
      <mem type="soa" free="0" total="16091136" percent="0" />
      <mem type="loa" free="161792" total="161792" percent="100" />
    </mem>
  </mem-info>
</gc-start>
<allocation-stats totalBytes="10519768" >
  <allocated-bytes non-tlh="340544" tlh="10179224" />
  <largest-consumer threadName="main" threadId="00000000023ECF00" bytes="10519768" />
</allocation-stats>
<gc-op id="974" type="mark" timems="6.127" contextid="971" timestamp="2019-08-09T18:53:30.207">
  <trace-info objectcount="98250" scancount="81281" scanbytes="2719508" />
  <finalization candidates="80" enqueued="0" />
  <ownableSynchronizers candidates="21" cleared="0" />
  <references type="soft" candidates="1689" cleared="0" enqueued="0" dynamicThreshold="20" maxThreshold="32" />
  <references type="weak" candidates="4618" cleared="17" enqueued="14" />
  <references type="phantom" candidates="96" cleared="0" enqueued="0" />
  <stringconstants candidates="10904" cleared="0"  />
</gc-op>
<gc-op id="975" type="sweep" timems="2.259" contextid="971" timestamp="2019-08-09T18:53:30.209" />
<mem-info id="976" free="10521640" total="16252928" percent="64">
  <mem type="tenure" free="10521640" total="16252928" percent="64" micro-fragmented="286045" macro-fragmented="3110739">
    <mem type="soa" free="10359848" total="16091136" percent="64" />
    <mem type="loa" free="161792" total="161792" percent="100" />
  </mem>
  <pending-finalizers system="0" default="0" reference="14" classloader="0" />
</mem-info>
<gc-op id="977" type="compact" timems="23.901" contextid="971" timestamp="2019-08-09T18:53:30.233">
  <compact-info movecount="73237" movebytes="3536240" reason="compact to aid heap contraction" />
</gc-op>
<heap-resize id="978" type="expand" space="tenure" amount="131072" count="1" timems="0.017" reason="satisfy allocation request" timestamp="2019-08-09T18:53:30.234" />
<gc-end id="979" type="global" contextid="971" durationms="33.274" usertimems="62.812" systemtimems="0.000" timestamp="2019-08-09T18:53:30.234" activeThreads="16">
  <mem-info id="980" free="11075352" total="16384000" percent="67">
    <mem type="tenure" free="11075352" total="16384000" percent="67">
      <mem type="soa" free="10911512" total="16220160" percent="67" />
      <mem type="loa" free="163840" total="163840" percent="100" />
    </mem>
    <pending-finalizers system="0" default="0" reference="14" classloader="0" />
  </mem-info>
</gc-end>
<cycle-end id="981" type="global" contextid="971" timestamp="2019-08-09T18:53:30.234" />
  <attribute name="elasticGC enabled" value="1" />
  <attribute name= "numThreadsSpecified" value="16" />
  <attribute name="heapSize specified" value="16252928" />
  <attribute name="Current GC Util" value="54" />
  <attribute name= "Current Time Running" value="150177" />
  <attribute name ="GC Interval" value="0" />
  <attribute name="Target GC Util Change" value ="80.000000" />
  <attribute name="Current GC Util Change" value="54.000000"/>
  <attribute name="Current Error" value="-190.000000" />
  <attribute name="Output H" value="16328392"/>
  <attribute name="Output I" value="1792"/>
  <attribute name="Output T" value="16"/>
  <attribute name= "Current Time Running" value="150177" />
  <attribute name="GC Util currently" value="54" />
  <attribute name="CPU Util currently" value="48179822980" />
<allocation-satisfied id="982" threadId="00000000023ECF00" bytesRequested="16" />
<af-end id="983" timestamp="2019-08-09T18:53:30.234" threadId="00000000023ED888" success="true" />
<exclusive-end id="984" timestamp="2019-08-09T18:53:30.234" durationms="33.586" />

<exclusive-start id="985" timestamp="2019-08-09T18:53:30.312" intervalms="111.517">
  <response-info timems="0.018" idlems="0.018" threads="0" lastid="00000000023ECF00" lastname="main" />
</exclusive-start>
<af-start id="986" threadId="00000000023ED888" totalBytesRequested="32" timestamp="2019-08-09T18:53:30.312" intervalms="111.470" />
<cycle-start id="987" type="global" contextid="0" timestamp="2019-08-09T18:53:30.312" intervalms="111.468" />
<gc-start id="988" type="global" contextid="987" timestamp="2019-08-09T18:53:30.312">
  <mem-info id="989" free="163840" total="16384000" percent="1">
    <mem type="tenure" free="163840" total="16384000" percent="1">
      <mem type="soa" free="0" total="16220160" percent="0" />
      <mem type="loa" free="163840" total="163840" percent="100" />
    </mem>
  </mem-info>
</gc-start>
<allocation-stats totalBytes="10908400" >
  <allocated-bytes non-tlh="437368" tlh="10471032" />
  <largest-consumer threadName="main" threadId="00000000023ECF00" bytes="10908400" />
</allocation-stats>
<gc-op id="990" type="mark" timems="11.103" contextid="987" timestamp="2019-08-09T18:53:30.324">
  <trace-info objectcount="97169" scancount="80046" scanbytes="2743308" />
  <finalization candidates="80" enqueued="0" />
  <ownableSynchronizers candidates="21" cleared="0" />
  <references type="soft" candidates="1722" cleared="0" enqueued="0" dynamicThreshold="21" maxThreshold="32" />
  <references type="weak" candidates="4629" cleared="2" enqueued="2" />
  <references type="phantom" candidates="97" cleared="0" enqueued="0" />
  <stringconstants candidates="11076" cleared="0"  />
</gc-op>
<gc-op id="991" type="classunload" timems="0.006" contextid="987" timestamp="2019-08-09T18:53:30.324">
  <classunload-info classloadercandidates="19" classloadersunloaded="0" classesunloaded="0" anonymousclassesunloaded="0" quiescems="0.000" setupms="0.005" scanms="0.000" postms="0.001" />
</gc-op>
<gc-op id="992" type="sweep" timems="1.774" contextid="987" timestamp="2019-08-09T18:53:30.325" />
<mem-info id="993" free="10649912" total="16384000" percent="65">
  <mem type="tenure" free="10649912" total="16384000" percent="65" micro-fragmented="141171" macro-fragmented="0">
    <mem type="soa" free="10486072" total="16220160" percent="64" />
    <mem type="loa" free="163840" total="163840" percent="100" />
  </mem>
  <pending-finalizers system="0" default="0" reference="2" classloader="0" />
</mem-info>
<gc-op id="994" type="compact" timems="23.181" contextid="987" timestamp="2019-08-09T18:53:30.349">
  <compact-info movecount="75436" movebytes="3906080" reason="compact to aid heap contraction" />
</gc-op>
<heap-resize id="995" type="expand" space="tenure" amount="131072" count="1" timems="0.016" reason="satisfy allocation request" timestamp="2019-08-09T18:53:30.350" />
<gc-end id="996" type="global" contextid="987" durationms="37.179" usertimems="63.821" systemtimems="0.000" timestamp="2019-08-09T18:53:30.350" activeThreads="16">
  <mem-info id="997" free="10880184" total="16515072" percent="65">
    <mem type="tenure" free="10880184" total="16515072" percent="65">
      <mem type="soa" free="10715320" total="16350208" percent="65" />
      <mem type="loa" free="164864" total="164864" percent="100" />
    </mem>
    <pending-finalizers system="0" default="0" reference="2" classloader="0" />
  </mem-info>
</gc-end>
<cycle-end id="998" type="global" contextid="987" timestamp="2019-08-09T18:53:30.350" />
  <attribute name="elasticGC enabled" value="1" />
  <attribute name= "numThreadsSpecified" value="16" />
  <attribute name="heapSize specified" value="16384000" />
  <attribute name="Current GC Util" value="48" />
  <attribute name= "Current Time Running" value="150293" />
  <attribute name ="GC Interval" value="0" />
  <attribute name="Target GC Util Change" value ="80.000000" />
  <attribute name="Current GC Util Change" value="48.000000"/>
  <attribute name="Current Error" value="-159.000000" />
  <attribute name="Output H" value="16459504"/>
  <attribute name="Output I" value="1832"/>
  <attribute name="Output T" value="16"/>
  <attribute name= "Current Time Running" value="150293" />
  <attribute name="GC Util currently" value="48" />
  <attribute name="CPU Util currently" value="49603765944" />
<allocation-satisfied id="999" threadId="00000000023ECF00" bytesRequested="32" />
<af-end id="1000" timestamp="2019-08-09T18:53:30.350" threadId="00000000023ED888" success="true" />
<exclusive-end id="1001" timestamp="2019-08-09T18:53:30.350" durationms="37.373" />

<exclusive-start id="1002" timestamp="2019-08-09T18:53:30.370" intervalms="57.454">
  <response-info timems="0.027" idlems="0.027" threads="0" lastid="00000000023ECF00" lastname="main" />
</exclusive-start>
<af-start id="1003" threadId="00000000023ED888" totalBytesRequested="32" timestamp="2019-08-09T18:53:30.370" intervalms="57.495" />
<cycle-start id="1004" type="global" contextid="0" timestamp="2019-08-09T18:53:30.370" intervalms="57.501" />
<gc-start id="1005" type="global" contextid="1004" timestamp="2019-08-09T18:53:30.370">
  <mem-info id="1006" free="164864" total="16515072" percent="0">
    <mem type="tenure" free="164864" total="16515072" percent="0">
      <mem type="soa" free="0" total="16350208" percent="0" />
      <mem type="loa" free="164864" total="164864" percent="100" />
    </mem>
  </mem-info>
</gc-start>
<allocation-stats totalBytes="10779856" >
  <allocated-bytes non-tlh="0" tlh="10779856" />
  <largest-consumer threadName="main" threadId="00000000023ECF00" bytes="10775760" />
</allocation-stats>
<gc-op id="1007" type="mark" timems="5.591" contextid="1004" timestamp="2019-08-09T18:53:30.376">
  <trace-info objectcount="107210" scancount="89233" scanbytes="3096804" />
  <finalization candidates="80" enqueued="0" />
  <ownableSynchronizers candidates="21" cleared="0" />
  <references type="soft" candidates="1722" cleared="0" enqueued="0" dynamicThreshold="21" maxThreshold="32" />
  <references type="weak" candidates="4625" cleared="0" enqueued="0" />
  <references type="phantom" candidates="97" cleared="0" enqueued="0" />
  <stringconstants candidates="11076" cleared="0"  />
</gc-op>
<gc-op id="1008" type="sweep" timems="1.642" contextid="1004" timestamp="2019-08-09T18:53:30.377" />
<mem-info id="1009" free="10387896" total="16515072" percent="62">
  <mem type="tenure" free="10387896" total="16515072" percent="62" micro-fragmented="93401" macro-fragmented="0">
    <mem type="soa" free="10223032" total="16350208" percent="62" />
    <mem type="loa" free="164864" total="164864" percent="100" />
  </mem>
</mem-info>
<gc-op id="1010" type="compact" timems="12.906" contextid="1004" timestamp="2019-08-09T18:53:30.390">
  <compact-info movecount="18933" movebytes="1130280" reason="compact to aid heap contraction" />
</gc-op>
<heap-resize id="1011" type="expand" space="tenure" amount="131072" count="1" timems="0.018" reason="satisfy allocation request" timestamp="2019-08-09T18:53:30.391" />
<gc-end id="1012" type="global" contextid="1004" durationms="20.977" usertimems="45.771" systemtimems="0.000" timestamp="2019-08-09T18:53:30.391" activeThreads="8">
  <mem-info id="1013" free="10637608" total="16646144" percent="63">
    <mem type="tenure" free="10637608" total="16646144" percent="63">
      <mem type="soa" free="10471720" total="16480256" percent="63" />
      <mem type="loa" free="165888" total="165888" percent="100" />
    </mem>
  </mem-info>
</gc-end>
<cycle-end id="1014" type="global" contextid="1004" timestamp="2019-08-09T18:53:30.391" />
  <attribute name="elasticGC enabled" value="1" />
  <attribute name= "numThreadsSpecified" value="8" />
  <attribute name="heapSize specified" value="16515072" />
  <attribute name="Current GC Util" value="94" />
  <attribute name= "Current Time Running" value="150334" />
  <attribute name ="GC Interval" value="0" />
  <attribute name="Target GC Util Change" value ="80.000000" />
  <attribute name="Current GC Util Change" value="94.000000"/>
  <attribute name="Current Error" value="-14.000000" />
  <attribute name="Output H" value="16590736"/>
  <attribute name="Output I" value="1992"/>
  <attribute name="Output T" value="8"/>
  <attribute name= "Current Time Running" value="150334" />
  <attribute name="GC Util currently" value="94" />
  <attribute name="CPU Util currently" value="89160491926" />
<allocation-satisfied id="1015" threadId="00000000023ECF00" bytesRequested="32" />
<af-end id="1016" timestamp="2019-08-09T18:53:30.391" threadId="00000000023ED888" success="true" />
<exclusive-end id="1017" timestamp="2019-08-09T18:53:30.391" durationms="21.258" />

<exclusive-start id="1018" timestamp="2019-08-09T18:53:30.461" intervalms="90.801">
  <response-info timems="0.200" idlems="0.200" threads="0" lastid="00000000023ECF00" lastname="main" />
</exclusive-start>
<af-start id="1019" threadId="00000000023ED888" totalBytesRequested="24" timestamp="2019-08-09T18:53:30.461" intervalms="90.761" />
<cycle-start id="1020" type="global" contextid="0" timestamp="2019-08-09T18:53:30.461" intervalms="90.761" />
<gc-start id="1021" type="global" contextid="1020" timestamp="2019-08-09T18:53:30.461">
  <mem-info id="1022" free="165888" total="16646144" percent="0">
    <mem type="tenure" free="165888" total="16646144" percent="0">
      <mem type="soa" free="0" total="16480256" percent="0" />
      <mem type="loa" free="165888" total="165888" percent="100" />
    </mem>
  </mem-info>
</gc-start>
<allocation-stats totalBytes="10534448" >
  <allocated-bytes non-tlh="482616" tlh="10051832" />
  <largest-consumer threadName="main" threadId="00000000023ECF00" bytes="10534448" />
</allocation-stats>
<gc-op id="1023" type="mark" timems="10.599" contextid="1020" timestamp="2019-08-09T18:53:30.471">
  <trace-info objectcount="98912" scancount="81666" scanbytes="2808812" />
  <finalization candidates="80" enqueued="0" />
  <ownableSynchronizers candidates="21" cleared="0" />
  <references type="soft" candidates="1733" cleared="0" enqueued="0" dynamicThreshold="20" maxThreshold="32" />
  <references type="weak" candidates="4810" cleared="1" enqueued="1" />
  <references type="phantom" candidates="97" cleared="0" enqueued="0" />
  <stringconstants candidates="11326" cleared="12"  />
</gc-op>
<gc-op id="1024" type="sweep" timems="2.318" contextid="1020" timestamp="2019-08-09T18:53:30.474" />
<mem-info id="1025" free="10912608" total="16646144" percent="65">
  <mem type="tenure" free="10912608" total="16646144" percent="65" micro-fragmented="59809" macro-fragmented="0">
    <mem type="soa" free="10746720" total="16480256" percent="65" />
    <mem type="loa" free="165888" total="165888" percent="100" />
  </mem>
  <pending-finalizers system="0" default="0" reference="1" classloader="0" />
</mem-info>
<gc-op id="1026" type="compact" timems="22.003" contextid="1020" timestamp="2019-08-09T18:53:30.496">
  <compact-info movecount="54579" movebytes="3097240" reason="compact to aid heap contraction" />
</gc-op>
<heap-resize id="1027" type="expand" space="tenure" amount="131072" count="1" timems="0.017" reason="satisfy allocation request" timestamp="2019-08-09T18:53:30.497" />
<gc-end id="1028" type="global" contextid="1020" durationms="35.949" usertimems="58.571" systemtimems="0.000" timestamp="2019-08-09T18:53:30.497" activeThreads="16">
  <mem-info id="1029" free="11060128" total="16777216" percent="65">
    <mem type="tenure" free="11060128" total="16777216" percent="65">
      <mem type="soa" free="10893216" total="16610304" percent="65" />
      <mem type="loa" free="166912" total="166912" percent="100" />
    </mem>
    <pending-finalizers system="0" default="0" reference="1" classloader="0" />
  </mem-info>
</gc-end>
<cycle-end id="1030" type="global" contextid="1020" timestamp="2019-08-09T18:53:30.497" />
  <attribute name="elasticGC enabled" value="1" />
  <attribute name= "numThreadsSpecified" value="16" />
  <attribute name="heapSize specified" value="16646144" />
  <attribute name="Current GC Util" value="43" />
  <attribute name= "Current Time Running" value="150440" />
  <attribute name ="GC Interval" value="0" />
  <attribute name="Target GC Util Change" value ="80.000000" />
  <attribute name="Current GC Util Change" value="43.000000"/>
  <attribute name="Current Error" value="-63.000000" />
  <attribute name="Output H" value="16721752"/>
  <attribute name="Output I" value="1936"/>
  <attribute name="Output T" value="16"/>
  <attribute name= "Current Time Running" value="150440" />
  <attribute name="GC Util currently" value="43" />
  <attribute name="CPU Util currently" value="52332251987" />
<allocation-satisfied id="1031" threadId="00000000023ECF00" bytesRequested="24" />
<af-end id="1032" timestamp="2019-08-09T18:53:30.497" threadId="00000000023ED888" success="true" />
<exclusive-end id="1033" timestamp="2019-08-09T18:53:30.497" durationms="36.404" />

<exclusive-start id="1034" timestamp="2019-08-09T18:53:30.529" intervalms="68.963">
  <response-info timems="0.017" idlems="0.017" threads="0" lastid="00000000023ECF00" lastname="main" />
</exclusive-start>
<af-start id="1035" threadId="00000000023ED888" totalBytesRequested="24" timestamp="2019-08-09T18:53:30.530" intervalms="68.976" />
<cycle-start id="1036" type="global" contextid="0" timestamp="2019-08-09T18:53:30.530" intervalms="68.966" />
<gc-start id="1037" type="global" contextid="1036" timestamp="2019-08-09T18:53:30.530">
  <mem-info id="1038" free="166912" total="16777216" percent="0">
    <mem type="tenure" free="166912" total="16777216" percent="0">
      <mem type="soa" free="0" total="16610304" percent="0" />
      <mem type="loa" free="166912" total="166912" percent="100" />
    </mem>
  </mem-info>
</gc-start>
<allocation-stats totalBytes="10957480" >
  <allocated-bytes non-tlh="576" tlh="10956904" />
  <largest-consumer threadName="main" threadId="00000000023ECF00" bytes="10953384" />
</allocation-stats>
<gc-op id="1039" type="mark" timems="5.577" contextid="1036" timestamp="2019-08-09T18:53:30.535">
  <trace-info objectcount="115121" scancount="96209" scanbytes="3388196" />
  <finalization candidates="80" enqueued="0" />
  <ownableSynchronizers candidates="21" cleared="0" />
  <references type="soft" candidates="1733" cleared="0" enqueued="0" dynamicThreshold="21" maxThreshold="32" />
  <references type="weak" candidates="4810" cleared="0" enqueued="0" />
  <references type="phantom" candidates="97" cleared="0" enqueued="0" />
  <stringconstants candidates="11326" cleared="0"  />
</gc-op>
<gc-op id="1040" type="sweep" timems="1.705" contextid="1036" timestamp="2019-08-09T18:53:30.537" />
<mem-info id="1041" free="10030768" total="16777216" percent="59">
  <mem type="tenure" free="10030768" total="16777216" percent="59" micro-fragmented="313604" macro-fragmented="0">
    <mem type="soa" free="9863856" total="16610304" percent="59" />
    <mem type="loa" free="166912" total="166912" percent="100" />
  </mem>
</mem-info>
<gc-op id="1042" type="compact" timems="14.549" contextid="1036" timestamp="2019-08-09T18:53:30.552">
  <compact-info movecount="39720" movebytes="1938912" reason="compact to aid heap contraction" />
</gc-op>
<heap-resize id="1043" type="expand" space="tenure" amount="131072" count="1" timems="0.020" reason="satisfy allocation request" timestamp="2019-08-09T18:53:30.553" />
<gc-end id="1044" type="global" contextid="1036" durationms="22.934" usertimems="43.674" systemtimems="0.000" timestamp="2019-08-09T18:53:30.553" activeThreads="16">
  <mem-info id="1045" free="10575552" total="16908288" percent="62">
    <mem type="tenure" free="10575552" total="16908288" percent="62">
      <mem type="soa" free="10406592" total="16739328" percent="62" />
      <mem type="loa" free="168960" total="168960" percent="100" />
    </mem>
  </mem-info>
</gc-end>
<cycle-end id="1046" type="global" contextid="1036" timestamp="2019-08-09T18:53:30.553" />
  <attribute name="elasticGC enabled" value="1" />
  <attribute name= "numThreadsSpecified" value="16" />
  <attribute name="heapSize specified" value="16777216" />
  <attribute name="Current GC Util" value="58" />
  <attribute name= "Current Time Running" value="150496" />
  <attribute name ="GC Interval" value="0" />
  <attribute name="Target GC Util Change" value ="80.000000" />
  <attribute name="Current GC Util Change" value="58.000000"/>
  <attribute name="Current Error" value="-196.000000" />
  <attribute name="Output H" value="16852672"/>
  <attribute name="Output I" value="1784"/>
  <attribute name="Output T" value="16"/>
  <attribute name= "Current Time Running" value="150496" />
  <attribute name="GC Util currently" value="58" />
  <attribute name="CPU Util currently" value="78476510061" />
<allocation-satisfied id="1047" threadId="00000000023ECF00" bytesRequested="24" />
<af-end id="1048" timestamp="2019-08-09T18:53:30.553" threadId="00000000023ED888" success="true" />
<exclusive-end id="1049" timestamp="2019-08-09T18:53:30.553" durationms="23.169" />

<exclusive-start id="1050" timestamp="2019-08-09T18:53:30.617" intervalms="87.743">
  <response-info timems="0.043" idlems="0.043" threads="0" lastid="00000000023ECF00" lastname="main" />
</exclusive-start>
<af-start id="1051" threadId="00000000023ED888" totalBytesRequested="16" timestamp="2019-08-09T18:53:30.617" intervalms="87.732" />
<cycle-start id="1052" type="global" contextid="0" timestamp="2019-08-09T18:53:30.617" intervalms="87.732" />
<gc-start id="1053" type="global" contextid="1052" timestamp="2019-08-09T18:53:30.617">
  <mem-info id="1054" free="168960" total="16908288" percent="0">
    <mem type="tenure" free="168960" total="16908288" percent="0">
      <mem type="soa" free="0" total="16739328" percent="0" />
      <mem type="loa" free="168960" total="168960" percent="100" />
    </mem>
  </mem-info>
</gc-start>
<allocation-stats totalBytes="10469440" >
  <allocated-bytes non-tlh="224512" tlh="10244928" />
  <largest-consumer threadName="main" threadId="00000000023ECF00" bytes="10469440" />
</allocation-stats>
<gc-op id="1055" type="mark" timems="7.228" contextid="1052" timestamp="2019-08-09T18:53:30.625">
  <trace-info objectcount="96007" scancount="78894" scanbytes="2615656" />
  <finalization candidates="80" enqueued="0" />
  <ownableSynchronizers candidates="21" cleared="0" />
  <references type="soft" candidates="1757" cleared="0" enqueued="0" dynamicThreshold="20" maxThreshold="32" />
  <references type="weak" candidates="4990" cleared="2" enqueued="2" />
  <references type="phantom" candidates="97" cleared="0" enqueued="0" />
  <stringconstants candidates="11544" cleared="0"  />
</gc-op>
<gc-op id="1056" type="sweep" timems="1.619" contextid="1052" timestamp="2019-08-09T18:53:30.626" />
<mem-info id="1057" free="11420408" total="16908288" percent="67">
  <mem type="tenure" free="11420408" total="16908288" percent="67" micro-fragmented="61600" macro-fragmented="7740515">
    <mem type="soa" free="11251448" total="16739328" percent="67" />
    <mem type="loa" free="168960" total="168960" percent="100" />
  </mem>
  <pending-finalizers system="0" default="0" reference="2" classloader="0" />
</mem-info>
<gc-op id="1058" type="compact" timems="28.731" contextid="1052" timestamp="2019-08-09T18:53:30.655">
  <compact-info movecount="74211" movebytes="3718808" reason="compact to aid heap contraction" />
</gc-op>
<heap-resize id="1059" type="expand" space="tenure" amount="131072" count="1" timems="0.023" reason="satisfy allocation request" timestamp="2019-08-09T18:53:30.656" />
<gc-end id="1060" type="global" contextid="1052" durationms="38.682" usertimems="72.032" systemtimems="0.000" timestamp="2019-08-09T18:53:30.656" activeThreads="16">
  <mem-info id="1061" free="11588928" total="17039360" percent="68">
    <mem type="tenure" free="11588928" total="17039360" percent="68">
      <mem type="soa" free="11418944" total="16869376" percent="67" />
      <mem type="loa" free="169984" total="169984" percent="100" />
    </mem>
    <pending-finalizers system="0" default="0" reference="2" classloader="0" />
  </mem-info>
</gc-end>
<cycle-end id="1062" type="global" contextid="1052" timestamp="2019-08-09T18:53:30.656" />
  <attribute name="elasticGC enabled" value="1" />
  <attribute name= "numThreadsSpecified" value="16" />
  <attribute name="heapSize specified" value="16908288" />
  <attribute name="Current GC Util" value="65" />
  <attribute name= "Current Time Running" value="150599" />
  <attribute name ="GC Interval" value="0" />
  <attribute name="Target GC Util Change" value ="80.000000" />
  <attribute name="Current GC Util Change" value="65.000000"/>
  <attribute name="Current Error" value="15.000000" />
  <attribute name="Output H" value="16983992"/>
  <attribute name="Output I" value="2032"/>
  <attribute name="Output T" value="16"/>
  <attribute name= "Current Time Running" value="150599" />
  <attribute name="GC Util currently" value="65" />
  <attribute name="CPU Util currently" value="40051942577" />
<allocation-satisfied id="1063" threadId="00000000023ECF00" bytesRequested="16" />
<af-end id="1064" timestamp="2019-08-09T18:53:30.656" threadId="00000000023ED888" success="true" />
<exclusive-end id="1065" timestamp="2019-08-09T18:53:30.656" durationms="38.902" />

<exclusive-start id="1066" timestamp="2019-08-09T18:53:30.770" intervalms="153.027">
  <response-info timems="0.020" idlems="0.020" threads="0" lastid="00000000023ECF00" lastname="main" />
</exclusive-start>
<af-start id="1067" threadId="00000000023ED888" totalBytesRequested="32" timestamp="2019-08-09T18:53:30.770" intervalms="153.039" />
<cycle-start id="1068" type="global" contextid="0" timestamp="2019-08-09T18:53:30.770" intervalms="153.052" />
<gc-start id="1069" type="global" contextid="1068" timestamp="2019-08-09T18:53:30.770">
  <mem-info id="1070" free="169984" total="17039360" percent="0">
    <mem type="tenure" free="169984" total="17039360" percent="0">
      <mem type="soa" free="0" total="16869376" percent="0" />
      <mem type="loa" free="169984" total="169984" percent="100" />
    </mem>
  </mem-info>
</gc-start>
<allocation-stats totalBytes="11482240" >
  <allocated-bytes non-tlh="479112" tlh="11003128" />
  <largest-consumer threadName="main" threadId="00000000023ECF00" bytes="11478144" />
</allocation-stats>
<gc-op id="1071" type="mark" timems="18.653" contextid="1068" timestamp="2019-08-09T18:53:30.789">
  <trace-info objectcount="105283" scancount="86970" scanbytes="2955868" />
  <finalization candidates="81" enqueued="1" />
  <ownableSynchronizers candidates="21" cleared="0" />
  <references type="soft" candidates="1758" cleared="0" enqueued="0" dynamicThreshold="21" maxThreshold="32" />
  <references type="weak" candidates="5095" cleared="13" enqueued="13" />
  <references type="phantom" candidates="97" cleared="0" enqueued="0" />
  <stringconstants candidates="11675" cleared="0"  />
</gc-op>
<gc-op id="1072" type="classunload" timems="0.006" contextid="1068" timestamp="2019-08-09T18:53:30.789">
  <classunload-info classloadercandidates="25" classloadersunloaded="0" classesunloaded="0" anonymousclassesunloaded="0" quiescems="0.000" setupms="0.005" scanms="0.000" postms="0.001" />
</gc-op>
<gc-op id="1073" type="sweep" timems="1.543" contextid="1068" timestamp="2019-08-09T18:53:30.791" />
<mem-info id="1074" free="10916344" total="17039360" percent="64">
  <mem type="tenure" free="10916344" total="17039360" percent="64" micro-fragmented="109842" macro-fragmented="0">
    <mem type="soa" free="10746360" total="16869376" percent="63" />
    <mem type="loa" free="169984" total="169984" percent="100" />
  </mem>
  <pending-finalizers system="0" default="1" reference="13" classloader="0" />
</mem-info>
<gc-op id="1075" type="compact" timems="31.098" contextid="1068" timestamp="2019-08-09T18:53:30.822">
  <compact-info movecount="86680" movebytes="4319280" reason="compact to aid heap contraction" />
</gc-op>
<heap-resize id="1076" type="expand" space="tenure" amount="131072" count="1" timems="0.018" reason="satisfy allocation request" timestamp="2019-08-09T18:53:30.822" />
<gc-end id="1077" type="global" contextid="1068" durationms="52.101" usertimems="88.937" systemtimems="0.000" timestamp="2019-08-09T18:53:30.823" activeThreads="16">
  <mem-info id="1078" free="11264816" total="17170432" percent="65">
    <mem type="tenure" free="11264816" total="17170432" percent="65">
      <mem type="soa" free="11093808" total="16999424" percent="65" />
      <mem type="loa" free="171008" total="171008" percent="100" />
    </mem>
    <pending-finalizers system="0" default="1" reference="13" classloader="0" />
  </mem-info>
</gc-end>
<cycle-end id="1079" type="global" contextid="1068" timestamp="2019-08-09T18:53:30.823" />
  <attribute name="elasticGC enabled" value="1" />
  <attribute name= "numThreadsSpecified" value="16" />
  <attribute name="heapSize specified" value="17039360" />
  <attribute name="Current GC Util" value="137" />
  <attribute name= "Current Time Running" value="150766" />
  <attribute name ="GC Interval" value="0" />
  <attribute name="Target GC Util Change" value ="80.000000" />
  <attribute name="Current GC Util Change" value="137.000000"/>
  <attribute name="Current Error" value="-143.000000" />
  <attribute name="Output H" value="17114880"/>
  <attribute name="Output I" value="1848"/>
  <attribute name="Output T" value="16"/>
  <attribute name= "Current Time Running" value="150766" />
  <attribute name="GC Util currently" value="137" />
  <attribute name="CPU Util currently" value="37048945943" />
<allocation-satisfied id="1080" threadId="00000000023ECF00" bytesRequested="32" />
<af-end id="1081" timestamp="2019-08-09T18:53:30.823" threadId="00000000023ED888" success="true" />
<exclusive-end id="1082" timestamp="2019-08-09T18:53:30.823" durationms="52.324" />

<exclusive-start id="1083" timestamp="2019-08-09T18:53:30.886" intervalms="115.742">
  <response-info timems="0.042" idlems="0.042" threads="0" lastid="00000000023ECF00" lastname="main" />
</exclusive-start>
<af-start id="1084" threadId="00000000023ED888" totalBytesRequested="32" timestamp="2019-08-09T18:53:30.886" intervalms="115.729" />
<cycle-start id="1085" type="global" contextid="0" timestamp="2019-08-09T18:53:30.886" intervalms="115.721" />
<gc-start id="1086" type="global" contextid="1085" timestamp="2019-08-09T18:53:30.886">
  <mem-info id="1087" free="171008" total="17170432" percent="0">
    <mem type="tenure" free="171008" total="17170432" percent="0">
      <mem type="soa" free="0" total="16999424" percent="0" />
      <mem type="loa" free="171008" total="171008" percent="100" />
    </mem>
  </mem-info>
</gc-start>
<allocation-stats totalBytes="11156792" >
  <allocated-bytes non-tlh="813608" tlh="10343184" />
  <largest-consumer threadName="main" threadId="00000000023ECF00" bytes="11148480" />
</allocation-stats>
<gc-op id="1088" type="mark" timems="4.940" contextid="1085" timestamp="2019-08-09T18:53:30.891">
  <trace-info objectcount="105819" scancount="87790" scanbytes="3027164" />
  <finalization candidates="80" enqueued="0" />
  <ownableSynchronizers candidates="21" cleared="0" />
  <references type="soft" candidates="1783" cleared="0" enqueued="0" dynamicThreshold="20" maxThreshold="32" />
  <references type="weak" candidates="5091" cleared="2" enqueued="2" />
  <references type="phantom" candidates="98" cleared="0" enqueued="0" />
  <stringconstants candidates="11804" cleared="0"  />
</gc-op>
<gc-op id="1089" type="sweep" timems="1.321" contextid="1085" timestamp="2019-08-09T18:53:30.893" />
<mem-info id="1090" free="10629656" total="17170432" percent="61">
  <mem type="tenure" free="10629656" total="17170432" percent="61" micro-fragmented="216035" macro-fragmented="0">
    <mem type="soa" free="10458648" total="16999424" percent="61" />
    <mem type="loa" free="171008" total="171008" percent="100" />
  </mem>
  <pending-finalizers system="0" default="0" reference="2" classloader="0" />
</mem-info>
<gc-op id="1091" type="compact" timems="33.997" contextid="1085" timestamp="2019-08-09T18:53:30.927">
  <compact-info movecount="88526" movebytes="5437736" reason="compact to aid heap contraction" />
</gc-op>
<heap-resize id="1092" type="expand" space="tenure" amount="131072" count="1" timems="0.018" reason="satisfy allocation request" timestamp="2019-08-09T18:53:30.927" />
<gc-end id="1093" type="global" contextid="1085" durationms="41.116" usertimems="73.299" systemtimems="0.000" timestamp="2019-08-09T18:53:30.927" activeThreads="16">
  <mem-info id="1094" free="10944648" total="17301504" percent="63">
    <mem type="tenure" free="10944648" total="17301504" percent="63">
      <mem type="soa" free="10772616" total="17129472" percent="62" />
      <mem type="loa" free="172032" total="172032" percent="100" />
    </mem>
    <pending-finalizers system="0" default="0" reference="2" classloader="0" />
  </mem-info>
</gc-end>
<cycle-end id="1095" type="global" contextid="1085" timestamp="2019-08-09T18:53:30.927" />
  <attribute name="elasticGC enabled" value="1" />
  <attribute name= "numThreadsSpecified" value="16" />
  <attribute name="heapSize specified" value="17170432" />
  <attribute name="Current GC Util" value="151" />
  <attribute name= "Current Time Running" value="150871" />
  <attribute name ="GC Interval" value="0" />
  <attribute name="Target GC Util Change" value ="80.000000" />
  <attribute name="Current GC Util Change" value="151.000000"/>
  <attribute name="Current Error" value="-332.000000" />
  <attribute name="Output H" value="17245736"/>
  <attribute name="Output I" value="1632"/>
  <attribute name="Output T" value="16"/>
  <attribute name= "Current Time Running" value="150871" />
  <attribute name="GC Util currently" value="151" />
  <attribute name="CPU Util currently" value="33877819400" />
<allocation-satisfied id="1096" threadId="00000000023ECF00" bytesRequested="32" />
<af-end id="1097" timestamp="2019-08-09T18:53:30.927" threadId="00000000023ED888" success="true" />
<exclusive-end id="1098" timestamp="2019-08-09T18:53:30.927" durationms="41.337" />

<exclusive-start id="1099" timestamp="2019-08-09T18:53:31.016" intervalms="130.013">
  <response-info timems="0.022" idlems="0.022" threads="0" lastid="00000000023ECF00" lastname="main" />
</exclusive-start>
<af-start id="1100" threadId="00000000023ED888" totalBytesRequested="48" timestamp="2019-08-09T18:53:31.016" intervalms="130.020" />
<cycle-start id="1101" type="global" contextid="0" timestamp="2019-08-09T18:53:31.016" intervalms="130.032" />
<gc-start id="1102" type="global" contextid="1101" timestamp="2019-08-09T18:53:31.016">
  <mem-info id="1103" free="172032" total="17301504" percent="0">
    <mem type="tenure" free="172032" total="17301504" percent="0">
      <mem type="soa" free="0" total="17129472" percent="0" />
      <mem type="loa" free="172032" total="172032" percent="100" />
    </mem>
  </mem-info>
</gc-start>
<allocation-stats totalBytes="10834960" >
  <allocated-bytes non-tlh="238616" tlh="10596344" />
  <largest-consumer threadName="main" threadId="00000000023ECF00" bytes="10834960" />
</allocation-stats>
<gc-op id="1104" type="mark" timems="18.063" contextid="1101" timestamp="2019-08-09T18:53:31.034">
  <trace-info objectcount="99818" scancount="82389" scanbytes="2741940" />
  <finalization candidates="80" enqueued="0" />
  <ownableSynchronizers candidates="21" cleared="0" />
  <references type="soft" candidates="1873" cleared="0" enqueued="0" dynamicThreshold="20" maxThreshold="32" />
  <references type="weak" candidates="5243" cleared="9" enqueued="9" />
  <references type="phantom" candidates="98" cleared="0" enqueued="0" />
  <stringconstants candidates="11986" cleared="1"  />
</gc-op>
<gc-op id="1105" type="sweep" timems="8.723" contextid="1101" timestamp="2019-08-09T18:53:31.043" />
<mem-info id="1106" free="11393128" total="17301504" percent="65">
  <mem type="tenure" free="11393128" total="17301504" percent="65" micro-fragmented="48773" macro-fragmented="9288619">
    <mem type="soa" free="11221096" total="17129472" percent="65" />
    <mem type="loa" free="172032" total="172032" percent="100" />
  </mem>
  <pending-finalizers system="0" default="0" reference="9" classloader="0" />
</mem-info>
<gc-op id="1107" type="compact" timems="20.752" contextid="1101" timestamp="2019-08-09T18:53:31.064">
  <compact-info movecount="54028" movebytes="3247464" reason="compact to aid heap contraction" />
</gc-op>
<heap-resize id="1108" type="expand" space="tenure" amount="131072" count="1" timems="0.018" reason="satisfy allocation request" timestamp="2019-08-09T18:53:31.065" />
<gc-end id="1109" type="global" contextid="1101" durationms="48.374" usertimems="69.679" systemtimems="0.000" timestamp="2019-08-09T18:53:31.065" activeThreads="16">
  <mem-info id="1110" free="11512288" total="17432576" percent="66">
    <mem type="tenure" free="11512288" total="17432576" percent="66">
      <mem type="soa" free="11338208" total="17258496" percent="65" />
      <mem type="loa" free="174080" total="174080" percent="100" />
    </mem>
    <pending-finalizers system="0" default="0" reference="9" classloader="0" />
  </mem-info>
</gc-end>
<cycle-end id="1111" type="global" contextid="1101" timestamp="2019-08-09T18:53:31.065" />
  <attribute name="elasticGC enabled" value="1" />
  <attribute name= "numThreadsSpecified" value="16" />
  <attribute name="heapSize specified" value="17301504" />
  <attribute name="Current GC Util" value="69" />
  <attribute name= "Current Time Running" value="151008" />
  <attribute name ="GC Interval" value="0" />
  <attribute name="Target GC Util Change" value ="80.000000" />
  <attribute name="Current GC Util Change" value="69.000000"/>
  <attribute name="Current Error" value="11.000000" />
  <attribute name="Output H" value="17377200"/>
  <attribute name="Output I" value="2024"/>
  <attribute name="Output T" value="16"/>
  <attribute name= "Current Time Running" value="151008" />
  <attribute name="GC Util currently" value="69" />
  <attribute name="CPU Util currently" value="55476253466" />
<allocation-satisfied id="1112" threadId="00000000023ECF00" bytesRequested="48" />
<af-end id="1113" timestamp="2019-08-09T18:53:31.065" threadId="00000000023ED888" success="true" />
<exclusive-end id="1114" timestamp="2019-08-09T18:53:31.065" durationms="48.598" />

<exclusive-start id="1115" timestamp="2019-08-09T18:53:31.128" intervalms="111.512">
  <response-info timems="0.019" idlems="0.019" threads="0" lastid="00000000023ECF00" lastname="main" />
</exclusive-start>
<af-start id="1116" threadId="00000000023ED888" totalBytesRequested="48" timestamp="2019-08-09T18:53:31.128" intervalms="111.516" />
<cycle-start id="1117" type="global" contextid="0" timestamp="2019-08-09T18:53:31.128" intervalms="111.615" />
<gc-start id="1118" type="global" contextid="1117" timestamp="2019-08-09T18:53:31.128">
  <mem-info id="1119" free="174080" total="17432576" percent="0">
    <mem type="tenure" free="174080" total="17432576" percent="0">
      <mem type="soa" free="0" total="17258496" percent="0" />
      <mem type="loa" free="174080" total="174080" percent="100" />
    </mem>
  </mem-info>
</gc-start>
<allocation-stats totalBytes="11401040" >
  <allocated-bytes non-tlh="421424" tlh="10979616" />
  <largest-consumer threadName="main" threadId="00000000023ECF00" bytes="11401040" />
</allocation-stats>
<gc-op id="1120" type="mark" timems="19.177" contextid="1117" timestamp="2019-08-09T18:53:31.147">
  <trace-info objectcount="100570" scancount="82736" scanbytes="2710184" />
  <finalization candidates="80" enqueued="0" />
  <ownableSynchronizers candidates="21" cleared="0" />
  <references type="soft" candidates="1875" cleared="0" enqueued="0" dynamicThreshold="21" maxThreshold="32" />
  <references type="weak" candidates="5280" cleared="1" enqueued="1" />
  <references type="phantom" candidates="97" cleared="0" enqueued="0" />
  <stringconstants candidates="12302" cleared="8"  />
</gc-op>
<gc-op id="1121" type="classunload" timems="0.732" contextid="1117" timestamp="2019-08-09T18:53:31.148">
  <classunload-info classloadercandidates="33" classloadersunloaded="2" classesunloaded="2" anonymousclassesunloaded="0" quiescems="0.000" setupms="0.711" scanms="0.018" postms="0.003" />
</gc-op>
<gc-op id="1122" type="sweep" timems="1.435" contextid="1117" timestamp="2019-08-09T18:53:31.149" />
<mem-info id="1123" free="11841544" total="17432576" percent="67">
  <mem type="tenure" free="11841544" total="17432576" percent="67" micro-fragmented="47264" macro-fragmented="0">
    <mem type="soa" free="11667464" total="17258496" percent="67" />
    <mem type="loa" free="174080" total="174080" percent="100" />
  </mem>
  <pending-finalizers system="0" default="0" reference="1" classloader="0" />
</mem-info>
<gc-op id="1124" type="compact" timems="22.050" contextid="1117" timestamp="2019-08-09T18:53:31.172">
  <compact-info movecount="68247" movebytes="3521480" reason="compact to aid heap contraction" />
</gc-op>
<heap-resize id="1125" type="expand" space="tenure" amount="131072" count="1" timems="0.020" reason="satisfy allocation request" timestamp="2019-08-09T18:53:31.172" />
<gc-end id="1126" type="global" contextid="1117" durationms="44.599" usertimems="60.843" systemtimems="0.000" timestamp="2019-08-09T18:53:31.172" activeThreads="16">
  <mem-info id="1127" free="11953024" total="17563648" percent="68">
    <mem type="tenure" free="11953024" total="17563648" percent="68">
      <mem type="soa" free="11777920" total="17388544" percent="67" />
      <mem type="loa" free="175104" total="175104" percent="100" />
    </mem>
    <pending-finalizers system="0" default="0" reference="1" classloader="0" />
  </mem-info>
</gc-end>
<cycle-end id="1128" type="global" contextid="1117" timestamp="2019-08-09T18:53:31.173" />
  <attribute name="elasticGC enabled" value="1" />
  <attribute name= "numThreadsSpecified" value="16" />
  <attribute name="heapSize specified" value="17432576" />
  <attribute name="Current GC Util" value="36" />
  <attribute name= "Current Time Running" value="151116" />
  <attribute name ="GC Interval" value="0" />
  <attribute name="Target GC Util Change" value ="80.000000" />
  <attribute name="Current GC Util Change" value="36.000000"/>
  <attribute name="Current Error" value="29.000000" />
  <attribute name="Output H" value="17508296"/>
  <attribute name="Output I" value="2048"/>
  <attribute name="Output T" value="16"/>
  <attribute name= "Current Time Running" value="151116" />
  <attribute name="GC Util currently" value="36" />
  <attribute name="CPU Util currently" value="52183136239" />
<allocation-satisfied id="1129" threadId="00000000023ECF00" bytesRequested="48" />
<af-end id="1130" timestamp="2019-08-09T18:53:31.173" threadId="00000000023ED888" success="true" />
<exclusive-end id="1131" timestamp="2019-08-09T18:53:31.173" durationms="45.062" />

<exclusive-start id="1132" timestamp="2019-08-09T18:53:31.246" intervalms="118.703">
  <response-info timems="0.012" idlems="0.012" threads="0" lastid="00000000023ECF00" lastname="main" />
</exclusive-start>
<af-start id="1133" threadId="00000000023ED888" totalBytesRequested="40" timestamp="2019-08-09T18:53:31.246" intervalms="118.688" />
<cycle-start id="1134" type="global" contextid="0" timestamp="2019-08-09T18:53:31.246" intervalms="118.575" />
<gc-start id="1135" type="global" contextid="1134" timestamp="2019-08-09T18:53:31.246">
  <mem-info id="1136" free="175104" total="17563648" percent="0">
    <mem type="tenure" free="175104" total="17563648" percent="0">
      <mem type="soa" free="0" total="17388544" percent="0" />
      <mem type="loa" free="175104" total="175104" percent="100" />
    </mem>
  </mem-info>
</gc-start>
<allocation-stats totalBytes="11841808" >
  <allocated-bytes non-tlh="617528" tlh="11224280" />
  <largest-consumer threadName="main" threadId="00000000023ECF00" bytes="11841808" />
</allocation-stats>
<gc-op id="1137" type="mark" timems="5.067" contextid="1134" timestamp="2019-08-09T18:53:31.251">
  <trace-info objectcount="101554" scancount="83741" scanbytes="2746816" />
  <finalization candidates="80" enqueued="0" />
  <ownableSynchronizers candidates="21" cleared="0" />
  <references type="soft" candidates="1878" cleared="0" enqueued="0" dynamicThreshold="21" maxThreshold="32" />
  <references type="weak" candidates="5299" cleared="0" enqueued="0" />
  <references type="phantom" candidates="97" cleared="0" enqueued="0" />
  <stringconstants candidates="12396" cleared="0"  />
</gc-op>
<gc-op id="1138" type="sweep" timems="1.881" contextid="1134" timestamp="2019-08-09T18:53:31.253" />
<mem-info id="1139" free="11922424" total="17563648" percent="67">
  <mem type="tenure" free="11922424" total="17563648" percent="67" micro-fragmented="2049" macro-fragmented="0">
    <mem type="soa" free="11747320" total="17388544" percent="67" />
    <mem type="loa" free="175104" total="175104" percent="100" />
  </mem>
</mem-info>
<gc-op id="1140" type="compact" timems="19.881" contextid="1134" timestamp="2019-08-09T18:53:31.273">
  <compact-info movecount="47240" movebytes="2376496" reason="compact to aid heap contraction" />
</gc-op>
<heap-resize id="1141" type="expand" space="tenure" amount="131072" count="1" timems="0.024" reason="satisfy allocation request" timestamp="2019-08-09T18:53:31.274" />
<gc-end id="1142" type="global" contextid="1134" durationms="27.826" usertimems="45.097" systemtimems="0.000" timestamp="2019-08-09T18:53:31.274" activeThreads="16">
  <mem-info id="1143" free="12023712" total="17694720" percent="67">
    <mem type="tenure" free="12023712" total="17694720" percent="67">
      <mem type="soa" free="11847584" total="17518592" percent="67" />
      <mem type="loa" free="176128" total="176128" percent="100" />
    </mem>
  </mem-info>
</gc-end>
<cycle-end id="1144" type="global" contextid="1134" timestamp="2019-08-09T18:53:31.274" />
  <attribute name="elasticGC enabled" value="1" />
  <attribute name= "numThreadsSpecified" value="16" />
  <attribute name="heapSize specified" value="17563648" />
  <attribute name="Current GC Util" value="48" />
  <attribute name= "Current Time Running" value="151217" />
  <attribute name ="GC Interval" value="0" />
  <attribute name="Target GC Util Change" value ="80.000000" />
  <attribute name="Current GC Util Change" value="48.000000"/>
  <attribute name="Current Error" value="-112.000000" />
  <attribute name="Output H" value="17639200"/>
  <attribute name="Output I" value="1880"/>
  <attribute name="Output T" value="16"/>
  <attribute name= "Current Time Running" value="151217" />
  <attribute name="GC Util currently" value="48" />
  <attribute name="CPU Util currently" value="57732372294" />
<allocation-satisfied id="1145" threadId="00000000023ECF00" bytesRequested="40" />
<af-end id="1146" timestamp="2019-08-09T18:53:31.274" threadId="00000000023ED888" success="true" />
<exclusive-end id="1147" timestamp="2019-08-09T18:53:31.274" durationms="28.019" />

<exclusive-start id="1148" timestamp="2019-08-09T18:53:31.325" intervalms="78.964">
  <response-info timems="0.049" idlems="0.049" threads="0" lastid="00000000023ECF00" lastname="main" />
</exclusive-start>
<af-start id="1149" threadId="00000000023ED888" totalBytesRequested="32" timestamp="2019-08-09T18:53:31.325" intervalms="78.970" />
<cycle-start id="1150" type="global" contextid="0" timestamp="2019-08-09T18:53:31.325" intervalms="78.968" />
<gc-start id="1151" type="global" contextid="1150" timestamp="2019-08-09T18:53:31.325">
  <mem-info id="1152" free="176128" total="17694720" percent="0">
    <mem type="tenure" free="176128" total="17694720" percent="0">
      <mem type="soa" free="0" total="17518592" percent="0" />
      <mem type="loa" free="176128" total="176128" percent="100" />
    </mem>
  </mem-info>
</gc-start>
<allocation-stats totalBytes="11911288" >
  <allocated-bytes non-tlh="406256" tlh="11505032" />
  <largest-consumer threadName="main" threadId="00000000023ECF00" bytes="11911288" />
</allocation-stats>
<gc-op id="1153" type="mark" timems="5.350" contextid="1150" timestamp="2019-08-09T18:53:31.331">
  <trace-info objectcount="116540" scancount="97315" scanbytes="3370100" />
  <finalization candidates="80" enqueued="0" />
  <ownableSynchronizers candidates="21" cleared="0" />
  <references type="soft" candidates="1913" cleared="0" enqueued="0" dynamicThreshold="21" maxThreshold="32" />
  <references type="weak" candidates="5354" cleared="2" enqueued="2" />
  <references type="phantom" candidates="97" cleared="0" enqueued="0" />
  <stringconstants candidates="12479" cleared="0"  />
</gc-op>
<gc-op id="1154" type="sweep" timems="1.533" contextid="1150" timestamp="2019-08-09T18:53:31.332" />
<mem-info id="1155" free="11190816" total="17694720" percent="63">
  <mem type="tenure" free="11190816" total="17694720" percent="63" micro-fragmented="122392" macro-fragmented="2111213">
    <mem type="soa" free="11014688" total="17518592" percent="62" />
    <mem type="loa" free="176128" total="176128" percent="100" />
  </mem>
  <pending-finalizers system="0" default="0" reference="2" classloader="0" />
</mem-info>
<gc-op id="1156" type="compact" timems="28.675" contextid="1150" timestamp="2019-08-09T18:53:31.361">
  <compact-info movecount="82218" movebytes="4189128" reason="compact to aid heap contraction" />
</gc-op>
<heap-resize id="1157" type="expand" space="tenure" amount="131072" count="1" timems="0.047" reason="satisfy allocation request" timestamp="2019-08-09T18:53:31.363" />
<gc-end id="1158" type="global" contextid="1150" durationms="37.525" usertimems="64.801" systemtimems="0.000" timestamp="2019-08-09T18:53:31.363" activeThreads="16">
  <mem-info id="1159" free="11472488" total="17825792" percent="64">
    <mem type="tenure" free="11472488" total="17825792" percent="64">
      <mem type="soa" free="11294312" total="17647616" percent="63" />
      <mem type="loa" free="178176" total="178176" percent="100" />
    </mem>
    <pending-finalizers system="0" default="0" reference="2" classloader="0" />
  </mem-info>
</gc-end>
<cycle-end id="1160" type="global" contextid="1150" timestamp="2019-08-09T18:53:31.363" />
  <attribute name="elasticGC enabled" value="1" />
  <attribute name= "numThreadsSpecified" value="16" />
  <attribute name="heapSize specified" value="17694720" />
  <attribute name="Current GC Util" value="51" />
  <attribute name= "Current Time Running" value="151305" />
  <attribute name ="GC Interval" value="0" />
  <attribute name="Target GC Util Change" value ="80.000000" />
  <attribute name="Current GC Util Change" value="51.000000"/>
  <attribute name="Current Error" value="29.000000" />
  <attribute name="Output H" value="17770440"/>
  <attribute name="Output I" value="2048"/>
  <attribute name="Output T" value="16"/>
  <attribute name= "Current Time Running" value="151305" />
  <attribute name="GC Util currently" value="51" />
  <attribute name="CPU Util currently" value="40140304926" />
<allocation-satisfied id="1161" threadId="00000000023ECF00" bytesRequested="32" />
<af-end id="1162" timestamp="2019-08-09T18:53:31.363" threadId="00000000023ED888" success="true" />
<exclusive-end id="1163" timestamp="2019-08-09T18:53:31.363" durationms="37.760" />

<exclusive-start id="1164" timestamp="2019-08-09T18:53:31.406" intervalms="80.631">
  <response-info timems="0.136" idlems="0.136" threads="0" lastid="00000000023ECF00" lastname="main" />
</exclusive-start>
<af-start id="1165" threadId="00000000023ED888" totalBytesRequested="22776" timestamp="2019-08-09T18:53:31.406" intervalms="80.643" />
<cycle-start id="1166" type="global" contextid="0" timestamp="2019-08-09T18:53:31.406" intervalms="80.656" />
<gc-start id="1167" type="global" contextid="1166" timestamp="2019-08-09T18:53:31.406">
  <mem-info id="1168" free="178176" total="17825792" percent="0">
    <mem type="tenure" free="178176" total="17825792" percent="0">
      <mem type="soa" free="0" total="17647616" percent="0" />
      <mem type="loa" free="178176" total="178176" percent="100" />
    </mem>
  </mem-info>
</gc-start>
<allocation-stats totalBytes="11337856" >
  <allocated-bytes non-tlh="266312" tlh="11071544" />
  <largest-consumer threadName="main" threadId="00000000023ECF00" bytes="11333760" />
</allocation-stats>
<gc-op id="1169" type="mark" timems="9.079" contextid="1166" timestamp="2019-08-09T18:53:31.415">
  <trace-info objectcount="105799" scancount="87537" scanbytes="2923880" />
  <finalization candidates="80" enqueued="0" />
  <ownableSynchronizers candidates="21" cleared="0" />
  <references type="soft" candidates="1914" cleared="3" enqueued="1" dynamicThreshold="20" maxThreshold="32" />
  <references type="weak" candidates="5350" cleared="1" enqueued="1" />
  <references type="phantom" candidates="97" cleared="0" enqueued="0" />
  <stringconstants candidates="12490" cleared="12"  />
</gc-op>
<gc-op id="1170" type="classunload" timems="0.005" contextid="1166" timestamp="2019-08-09T18:53:31.415">
  <classunload-info classloadercandidates="37" classloadersunloaded="0" classesunloaded="0" anonymousclassesunloaded="0" quiescems="0.000" setupms="0.004" scanms="0.000" postms="0.001" />
</gc-op>
<gc-op id="1171" type="sweep" timems="1.794" contextid="1166" timestamp="2019-08-09T18:53:31.417" />
<mem-info id="1172" free="11943952" total="17825792" percent="67">
  <mem type="tenure" free="11943952" total="17825792" percent="67" micro-fragmented="7020" macro-fragmented="9288619">
    <mem type="soa" free="11765776" total="17647616" percent="66" />
    <mem type="loa" free="178176" total="178176" percent="100" />
  </mem>
  <pending-finalizers system="0" default="0" reference="2" classloader="0" />
</mem-info>
<gc-op id="1173" type="compact" timems="29.794" contextid="1166" timestamp="2019-08-09T18:53:31.447">
  <compact-info movecount="88605" movebytes="5017136" reason="compact to aid heap contraction" />
</gc-op>
<heap-resize id="1174" type="expand" space="tenure" amount="131072" count="1" timems="0.020" reason="satisfy allocation request" timestamp="2019-08-09T18:53:31.447" />
<gc-end id="1175" type="global" contextid="1166" durationms="41.464" usertimems="68.863" systemtimems="0.000" timestamp="2019-08-09T18:53:31.448" activeThreads="16">
  <mem-info id="1176" free="12024472" total="17956864" percent="66">
    <mem type="tenure" free="12024472" total="17956864" percent="66">
      <mem type="soa" free="11845272" total="17777664" percent="66" />
      <mem type="loa" free="179200" total="179200" percent="100" />
    </mem>
    <pending-finalizers system="0" default="0" reference="2" classloader="0" />
  </mem-info>
</gc-end>
<cycle-end id="1177" type="global" contextid="1166" timestamp="2019-08-09T18:53:31.448" />
  <attribute name="elasticGC enabled" value="1" />
  <attribute name= "numThreadsSpecified" value="16" />
  <attribute name="heapSize specified" value="17825792" />
  <attribute name="Current GC Util" value="47" />
  <attribute name= "Current Time Running" value="151391" />
  <attribute name ="GC Interval" value="0" />
  <attribute name="Target GC Util Change" value ="80.000000" />
  <attribute name="Current GC Util Change" value="47.000000"/>
  <attribute name="Current Error" value="-182.000000" />
  <attribute name="Output H" value="17901264"/>
  <attribute name="Output I" value="1800"/>
  <attribute name="Output T" value="16"/>
  <attribute name= "Current Time Running" value="151391" />
  <attribute name="GC Util currently" value="47" />
  <attribute name="CPU Util currently" value="38665669179" />
<allocation-satisfied id="1178" threadId="00000000023ECF00" bytesRequested="22776" />
<af-end id="1179" timestamp="2019-08-09T18:53:31.448" threadId="00000000023ED888" success="true" />
<exclusive-end id="1180" timestamp="2019-08-09T18:53:31.448" durationms="41.838" />

<exclusive-start id="1181" timestamp="2019-08-09T18:53:31.489" intervalms="83.242">
  <response-info timems="0.019" idlems="0.019" threads="0" lastid="00000000023ECF00" lastname="main" />
</exclusive-start>
<af-start id="1182" threadId="00000000023ED888" totalBytesRequested="16" timestamp="2019-08-09T18:53:31.489" intervalms="83.236" />
<cycle-start id="1183" type="global" contextid="0" timestamp="2019-08-09T18:53:31.489" intervalms="83.228" />
<gc-start id="1184" type="global" contextid="1183" timestamp="2019-08-09T18:53:31.489">
  <mem-info id="1185" free="179200" total="17956864" percent="0">
    <mem type="tenure" free="179200" total="17956864" percent="0">
      <mem type="soa" free="0" total="17777664" percent="0" />
      <mem type="loa" free="179200" total="179200" percent="100" />
    </mem>
  </mem-info>
</gc-start>
<allocation-stats totalBytes="11909608" >
  <allocated-bytes non-tlh="576" tlh="11909032" />
  <largest-consumer threadName="main" threadId="00000000023ECF00" bytes="11905512" />
</allocation-stats>
<gc-op id="1186" type="mark" timems="6.140" contextid="1183" timestamp="2019-08-09T18:53:31.495">
  <trace-info objectcount="120411" scancount="100919" scanbytes="3384740" />
  <finalization candidates="80" enqueued="0" />
  <ownableSynchronizers candidates="21" cleared="0" />
  <references type="soft" candidates="1911" cleared="0" enqueued="0" dynamicThreshold="21" maxThreshold="32" />
  <references type="weak" candidates="5350" cleared="0" enqueued="0" />
  <references type="phantom" candidates="96" cleared="0" enqueued="0" />
  <stringconstants candidates="12490" cleared="0"  />
</gc-op>
<gc-op id="1187" type="sweep" timems="1.830" contextid="1183" timestamp="2019-08-09T18:53:31.497" />
<mem-info id="1188" free="11109888" total="17956864" percent="61">
  <mem type="tenure" free="11109888" total="17956864" percent="61" micro-fragmented="391938" macro-fragmented="1468084">
    <mem type="soa" free="10930688" total="17777664" percent="61" />
    <mem type="loa" free="179200" total="179200" percent="100" />
  </mem>
</mem-info>
<gc-op id="1189" type="compact" timems="37.284" contextid="1183" timestamp="2019-08-09T18:53:31.535">
  <compact-info movecount="103217" movebytes="5299008" reason="compact to aid heap contraction" />
</gc-op>
<heap-resize id="1190" type="expand" space="tenure" amount="131072" count="1" timems="0.019" reason="satisfy allocation request" timestamp="2019-08-09T18:53:31.535" />
<gc-end id="1191" type="global" contextid="1183" durationms="46.344" usertimems="73.623" systemtimems="0.000" timestamp="2019-08-09T18:53:31.536" activeThreads="16">
  <mem-info id="1192" free="11873672" total="18087936" percent="65">
    <mem type="tenure" free="11873672" total="18087936" percent="65">
      <mem type="soa" free="11693448" total="17907712" percent="65" />
      <mem type="loa" free="180224" total="180224" percent="100" />
    </mem>
  </mem-info>
</gc-end>
<cycle-end id="1193" type="global" contextid="1183" timestamp="2019-08-09T18:53:31.536" />
  <attribute name="elasticGC enabled" value="1" />
  <attribute name= "numThreadsSpecified" value="16" />
  <attribute name="heapSize specified" value="17956864" />
  <attribute name="Current GC Util" value="41" />
  <attribute name= "Current Time Running" value="151479" />
  <attribute name ="GC Interval" value="0" />
  <attribute name="Target GC Util Change" value ="80.000000" />
  <attribute name="Current GC Util Change" value="41.000000"/>
  <attribute name="Current Error" value="-216.000000" />
  <attribute name="Output H" value="18032296"/>
  <attribute name="Output I" value="1760"/>
  <attribute name="Output T" value="16"/>
  <attribute name= "Current Time Running" value="151479" />
  <attribute name="GC Util currently" value="41" />
  <attribute name="CPU Util currently" value="30785723006" />
<allocation-satisfied id="1194" threadId="00000000023ECF00" bytesRequested="16" />
<af-end id="1195" timestamp="2019-08-09T18:53:31.536" threadId="00000000023ED888" success="true" />
<exclusive-end id="1196" timestamp="2019-08-09T18:53:31.536" durationms="46.866" />

<exclusive-start id="1197" timestamp="2019-08-09T18:53:31.578" intervalms="88.559">
  <response-info timems="0.017" idlems="0.017" threads="0" lastid="00000000023ECF00" lastname="main" />
</exclusive-start>
<af-start id="1198" threadId="00000000023ED888" totalBytesRequested="32" timestamp="2019-08-09T18:53:31.578" intervalms="88.565" />
<cycle-start id="1199" type="global" contextid="0" timestamp="2019-08-09T18:53:31.578" intervalms="88.570" />
<gc-start id="1200" type="global" contextid="1199" timestamp="2019-08-09T18:53:31.578">
  <mem-info id="1201" free="180224" total="18087936" percent="0">
    <mem type="tenure" free="180224" total="18087936" percent="0">
      <mem type="soa" free="0" total="17907712" percent="0" />
      <mem type="loa" free="180224" total="180224" percent="100" />
    </mem>
  </mem-info>
</gc-start>
<allocation-stats totalBytes="11757568" >
  <allocated-bytes non-tlh="200384" tlh="11557184" />
  <largest-consumer threadName="main" threadId="00000000023ECF00" bytes="11757568" />
</allocation-stats>
<gc-op id="1202" type="mark" timems="6.948" contextid="1199" timestamp="2019-08-09T18:53:31.585">
  <trace-info objectcount="111344" scancount="92841" scanbytes="3116432" />
  <finalization candidates="80" enqueued="0" />
  <ownableSynchronizers candidates="21" cleared="0" />
  <references type="soft" candidates="1912" cleared="187" enqueued="183" dynamicThreshold="21" maxThreshold="32" />
  <references type="weak" candidates="5364" cleared="0" enqueued="0" />
  <references type="phantom" candidates="97" cleared="0" enqueued="0" />
  <stringconstants candidates="12495" cleared="0"  />
</gc-op>
<gc-op id="1203" type="sweep" timems="2.146" contextid="1199" timestamp="2019-08-09T18:53:31.587" />
<mem-info id="1204" free="11937424" total="18087936" percent="65">
  <mem type="tenure" free="11937424" total="18087936" percent="65" micro-fragmented="114586" macro-fragmented="0">
    <mem type="soa" free="11757200" total="17907712" percent="65" />
    <mem type="loa" free="180224" total="180224" percent="100" />
  </mem>
  <pending-finalizers system="0" default="0" reference="183" classloader="0" />
</mem-info>
<gc-op id="1205" type="compact" timems="30.144" contextid="1199" timestamp="2019-08-09T18:53:31.617">
  <compact-info movecount="94052" movebytes="5146344" reason="compact to aid heap contraction" />
</gc-op>
<heap-resize id="1206" type="expand" space="tenure" amount="131072" count="1" timems="0.020" reason="satisfy allocation request" timestamp="2019-08-09T18:53:31.618" />
<gc-end id="1207" type="global" contextid="1199" durationms="40.420" usertimems="68.563" systemtimems="0.000" timestamp="2019-08-09T18:53:31.618" activeThreads="16">
  <mem-info id="1208" free="12153616" total="18219008" percent="66">
    <mem type="tenure" free="12153616" total="18219008" percent="66">
      <mem type="soa" free="11972368" total="18037760" percent="66" />
      <mem type="loa" free="181248" total="181248" percent="100" />
    </mem>
    <pending-finalizers system="0" default="0" reference="183" classloader="0" />
  </mem-info>
</gc-end>
<cycle-end id="1209" type="global" contextid="1199" timestamp="2019-08-09T18:53:31.618" />
  <attribute name="elasticGC enabled" value="1" />
  <attribute name= "numThreadsSpecified" value="16" />
  <attribute name="heapSize specified" value="18087936" />
  <attribute name="Current GC Util" value="51" />
  <attribute name= "Current Time Running" value="151561" />
  <attribute name ="GC Interval" value="0" />
  <attribute name="Target GC Util Change" value ="80.000000" />
  <attribute name="Current GC Util Change" value="51.000000"/>
  <attribute name="Current Error" value="29.000000" />
  <attribute name="Output H" value="18163656"/>
  <attribute name="Output I" value="2048"/>
  <attribute name="Output T" value="16"/>
  <attribute name= "Current Time Running" value="151561" />
  <attribute name="GC Util currently" value="51" />
  <attribute name="CPU Util currently" value="38202734731" />
<allocation-satisfied id="1210" threadId="00000000023ECF00" bytesRequested="32" />
<af-end id="1211" timestamp="2019-08-09T18:53:31.618" threadId="00000000023ED888" success="true" />
<exclusive-end id="1212" timestamp="2019-08-09T18:53:31.618" durationms="40.685" />

<exclusive-start id="1213" timestamp="2019-08-09T18:53:31.649" intervalms="70.894">
  <response-info timems="0.035" idlems="0.035" threads="0" lastid="00000000023ECF00" lastname="main" />
</exclusive-start>
<af-start id="1214" threadId="00000000023ED888" totalBytesRequested="16" timestamp="2019-08-09T18:53:31.649" intervalms="70.881" />
<cycle-start id="1215" type="global" contextid="0" timestamp="2019-08-09T18:53:31.649" intervalms="71.152" />
<gc-start id="1216" type="global" contextid="1215" timestamp="2019-08-09T18:53:31.649">
  <mem-info id="1217" free="181248" total="18219008" percent="0">
    <mem type="tenure" free="181248" total="18219008" percent="0">
      <mem type="soa" free="0" total="18037760" percent="0" />
      <mem type="loa" free="181248" total="181248" percent="100" />
    </mem>
  </mem-info>
</gc-start>
<allocation-stats totalBytes="12036224" >
  <allocated-bytes non-tlh="202024" tlh="11834200" />
  <largest-consumer threadName="main" threadId="00000000023ECF00" bytes="12036224" />
</allocation-stats>
<gc-op id="1218" type="mark" timems="8.984" contextid="1215" timestamp="2019-08-09T18:53:31.658">
  <trace-info objectcount="112722" scancount="94077" scanbytes="3191896" />
  <finalization candidates="80" enqueued="0" />
  <ownableSynchronizers candidates="21" cleared="0" />
  <references type="soft" candidates="1726" cleared="3" enqueued="2" dynamicThreshold="21" maxThreshold="32" />
  <references type="weak" candidates="5370" cleared="0" enqueued="0" />
  <references type="phantom" candidates="97" cleared="0" enqueued="0" />
  <stringconstants candidates="12508" cleared="22"  />
</gc-op>
<gc-op id="1219" type="sweep" timems="3.630" contextid="1215" timestamp="2019-08-09T18:53:31.662" />
<mem-info id="1220" free="11853048" total="18219008" percent="65">
  <mem type="tenure" free="11853048" total="18219008" percent="65" micro-fragmented="252535" macro-fragmented="0">
    <mem type="soa" free="11671800" total="18037760" percent="64" />
    <mem type="loa" free="181248" total="181248" percent="100" />
  </mem>
  <pending-finalizers system="0" default="0" reference="2" classloader="0" />
</mem-info>
<gc-op id="1221" type="compact" timems="41.089" contextid="1215" timestamp="2019-08-09T18:53:31.703">
  <compact-info movecount="95434" movebytes="5241504" reason="compact to aid heap contraction" />
</gc-op>
<heap-resize id="1222" type="expand" space="tenure" amount="131072" count="1" timems="0.024" reason="satisfy allocation request" timestamp="2019-08-09T18:53:31.704" />
<gc-end id="1223" type="global" contextid="1215" durationms="54.754" usertimems="86.581" systemtimems="0.000" timestamp="2019-08-09T18:53:31.704" activeThreads="16">
  <mem-info id="1224" free="12189608" total="18350080" percent="66">
    <mem type="tenure" free="12189608" total="18350080" percent="66">
      <mem type="soa" free="12006312" total="18166784" percent="66" />
      <mem type="loa" free="183296" total="183296" percent="100" />
    </mem>
    <pending-finalizers system="0" default="0" reference="2" classloader="0" />
  </mem-info>
</gc-end>
<cycle-end id="1225" type="global" contextid="1215" timestamp="2019-08-09T18:53:31.704" />
  <attribute name="elasticGC enabled" value="1" />
  <attribute name= "numThreadsSpecified" value="16" />
  <attribute name="heapSize specified" value="18219008" />
  <attribute name="Current GC Util" value="56" />
  <attribute name= "Current Time Running" value="151647" />
  <attribute name ="GC Interval" value="0" />
  <attribute name="Target GC Util Change" value ="80.000000" />
  <attribute name="Current GC Util Change" value="56.000000"/>
  <attribute name="Current Error" value="-213.000000" />
  <attribute name="Output H" value="18294448"/>
  <attribute name="Output I" value="1768"/>
  <attribute name="Output T" value="16"/>
  <attribute name= "Current Time Running" value="151647" />
  <attribute name="GC Util currently" value="56" />
  <attribute name="CPU Util currently" value="28015932247" />
<allocation-satisfied id="1226" threadId="00000000023ECF00" bytesRequested="16" />
<af-end id="1227" timestamp="2019-08-09T18:53:31.704" threadId="00000000023ED888" success="true" />
<exclusive-end id="1228" timestamp="2019-08-09T18:53:31.704" durationms="55.407" />

<exclusive-start id="1229" timestamp="2019-08-09T18:53:31.734" intervalms="85.752">
  <response-info timems="0.057" idlems="0.057" threads="0" lastid="00000000023ECF00" lastname="main" />
</exclusive-start>
<af-start id="1230" threadId="00000000023ED888" totalBytesRequested="48" timestamp="2019-08-09T18:53:31.734" intervalms="85.750" />
<cycle-start id="1231" type="global" contextid="0" timestamp="2019-08-09T18:53:31.734" intervalms="85.471" />
<gc-start id="1232" type="global" contextid="1231" timestamp="2019-08-09T18:53:31.734">
  <mem-info id="1233" free="183296" total="18350080" percent="0">
    <mem type="tenure" free="183296" total="18350080" percent="0">
      <mem type="soa" free="0" total="18166784" percent="0" />
      <mem type="loa" free="183296" total="183296" percent="100" />
    </mem>
  </mem-info>
</gc-start>
<allocation-stats totalBytes="12070144" >
  <allocated-bytes non-tlh="200440" tlh="11869704" />
  <largest-consumer threadName="main" threadId="00000000023ECF00" bytes="12070144" />
</allocation-stats>
<gc-op id="1234" type="mark" timems="7.248" contextid="1231" timestamp="2019-08-09T18:53:31.742">
  <trace-info objectcount="115944" scancount="96722" scanbytes="3298900" />
  <finalization candidates="80" enqueued="0" />
  <ownableSynchronizers candidates="21" cleared="0" />
  <references type="soft" candidates="1724" cleared="13" enqueued="12" dynamicThreshold="21" maxThreshold="32" />
  <references type="weak" candidates="5376" cleared="0" enqueued="0" />
  <references type="phantom" candidates="97" cleared="0" enqueued="0" />
  <stringconstants candidates="12492" cleared="0"  />
</gc-op>
<gc-op id="1235" type="sweep" timems="1.388" contextid="1231" timestamp="2019-08-09T18:53:31.743" />
<mem-info id="1236" free="11958920" total="18350080" percent="65">
  <mem type="tenure" free="11958920" total="18350080" percent="65" micro-fragmented="68417" macro-fragmented="0">
    <mem type="soa" free="11775624" total="18166784" percent="64" />
    <mem type="loa" free="183296" total="183296" percent="100" />
  </mem>
  <pending-finalizers system="0" default="0" reference="12" classloader="0" />
</mem-info>
<gc-op id="1237" type="compact" timems="25.131" contextid="1231" timestamp="2019-08-09T18:53:31.768">
  <compact-info movecount="76692" movebytes="3892560" reason="compact to aid heap contraction" />
</gc-op>
<heap-resize id="1238" type="expand" space="tenure" amount="131072" count="1" timems="0.019" reason="satisfy allocation request" timestamp="2019-08-09T18:53:31.769" />
<gc-end id="1239" type="global" contextid="1231" durationms="34.923" usertimems="80.240" systemtimems="0.000" timestamp="2019-08-09T18:53:31.769" activeThreads="16">
  <mem-info id="1240" free="12206712" total="18481152" percent="66">
    <mem type="tenure" free="12206712" total="18481152" percent="66">
      <mem type="soa" free="12022392" total="18296832" percent="65" />
      <mem type="loa" free="184320" total="184320" percent="100" />
    </mem>
    <pending-finalizers system="0" default="0" reference="12" classloader="0" />
  </mem-info>
</gc-end>
<cycle-end id="1241" type="global" contextid="1231" timestamp="2019-08-09T18:53:31.769" />
  <attribute name="elasticGC enabled" value="1" />
  <attribute name= "numThreadsSpecified" value="16" />
  <attribute name="heapSize specified" value="18350080" />
  <attribute name="Current GC Util" value="78" />
  <attribute name= "Current Time Running" value="151712" />
  <attribute name ="GC Interval" value="0" />
  <attribute name="Target GC Util Change" value ="80.000000" />
  <attribute name="Current GC Util Change" value="78.000000"/>
  <attribute name="Current Error" value="-306.000000" />
  <attribute name="Output H" value="18425408"/>
  <attribute name="Output I" value="1656"/>
  <attribute name="Output T" value="16"/>
  <attribute name= "Current Time Running" value="151712" />
  <attribute name="GC Util currently" value="78" />
  <attribute name="CPU Util currently" value="45738539138" />
<allocation-satisfied id="1242" threadId="00000000023ECF00" bytesRequested="48" />
<af-end id="1243" timestamp="2019-08-09T18:53:31.769" threadId="00000000023ED888" success="true" />
<exclusive-end id="1244" timestamp="2019-08-09T18:53:31.769" durationms="35.125" />

<exclusive-start id="1245" timestamp="2019-08-09T18:53:31.797" intervalms="63.158">
  <response-info timems="0.158" idlems="0.158" threads="0" lastid="00000000023ECF00" lastname="main" />
</exclusive-start>
<af-start id="1246" threadId="00000000023ED888" totalBytesRequested="312" timestamp="2019-08-09T18:53:31.797" intervalms="63.162" />
<cycle-start id="1247" type="global" contextid="0" timestamp="2019-08-09T18:53:31.798" intervalms="63.160" />
<gc-start id="1248" type="global" contextid="1247" timestamp="2019-08-09T18:53:31.798">
  <mem-info id="1249" free="184320" total="18481152" percent="0">
    <mem type="tenure" free="184320" total="18481152" percent="0">
      <mem type="soa" free="0" total="18296832" percent="0" />
      <mem type="loa" free="184320" total="184320" percent="100" />
    </mem>
  </mem-info>
</gc-start>
<allocation-stats totalBytes="12086112" >
  <allocated-bytes non-tlh="0" tlh="12086112" />
  <largest-consumer threadName="main" threadId="00000000023ECF00" bytes="12086112" />
</allocation-stats>
<gc-op id="1250" type="mark" timems="11.162" contextid="1247" timestamp="2019-08-09T18:53:31.809">
  <trace-info objectcount="120737" scancount="101845" scanbytes="3439140" />
  <finalization candidates="80" enqueued="0" />
  <ownableSynchronizers candidates="21" cleared="0" />
  <references type="soft" candidates="1711" cleared="9" enqueued="8" dynamicThreshold="21" maxThreshold="32" />
  <references type="weak" candidates="5376" cleared="0" enqueued="0" />
  <references type="phantom" candidates="96" cleared="0" enqueued="0" />
  <stringconstants candidates="12492" cleared="0"  />
</gc-op>
<gc-op id="1251" type="sweep" timems="2.333" contextid="1247" timestamp="2019-08-09T18:53:31.811" />
<mem-info id="1252" free="11766832" total="18481152" percent="63">
  <mem type="tenure" free="11766832" total="18481152" percent="63" micro-fragmented="358232" macro-fragmented="408850">
    <mem type="soa" free="11582512" total="18296832" percent="63" />
    <mem type="loa" free="184320" total="184320" percent="100" />
  </mem>
  <pending-finalizers system="0" default="0" reference="8" classloader="0" />
</mem-info>
<gc-op id="1253" type="compact" timems="35.245" contextid="1247" timestamp="2019-08-09T18:53:31.847">
  <compact-info movecount="89270" movebytes="4150808" reason="compact to aid heap contraction" />
</gc-op>
<heap-resize id="1254" type="expand" space="tenure" amount="131072" count="1" timems="0.129" reason="satisfy allocation request" timestamp="2019-08-09T18:53:31.848" />
<gc-end id="1255" type="global" contextid="1247" durationms="50.296" usertimems="80.729" systemtimems="0.000" timestamp="2019-08-09T18:53:31.848" activeThreads="16">
  <mem-info id="1256" free="12406672" total="18612224" percent="66">
    <mem type="tenure" free="12406672" total="18612224" percent="66">
      <mem type="soa" free="12221328" total="18426880" percent="66" />
      <mem type="loa" free="185344" total="185344" percent="100" />
    </mem>
    <pending-finalizers system="0" default="0" reference="8" classloader="0" />
  </mem-info>
</gc-end>
<cycle-end id="1257" type="global" contextid="1247" timestamp="2019-08-09T18:53:31.848" />
  <attribute name="elasticGC enabled" value="1" />
  <attribute name= "numThreadsSpecified" value="16" />
  <attribute name="heapSize specified" value="18481152" />
  <attribute name="Current GC Util" value="37" />
  <attribute name= "Current Time Running" value="151791" />
  <attribute name ="GC Interval" value="0" />
  <attribute name="Target GC Util Change" value ="80.000000" />
  <attribute name="Current GC Util Change" value="37.000000"/>
  <attribute name="Current Error" value="43.000000" />
  <attribute name="Output H" value="18556888"/>
  <attribute name="Output I" value="2064"/>
  <attribute name="Output T" value="16"/>
  <attribute name= "Current Time Running" value="151791" />
  <attribute name="GC Util currently" value="37" />
  <attribute name="CPU Util currently" value="32592181766" />
<allocation-satisfied id="1258" threadId="00000000023ECF00" bytesRequested="312" />
<af-end id="1259" timestamp="2019-08-09T18:53:31.848" threadId="00000000023ED888" success="true" />
<exclusive-end id="1260" timestamp="2019-08-09T18:53:31.848" durationms="50.576" />

<exclusive-start id="1261" timestamp="2019-08-09T18:53:31.887" intervalms="89.467">
  <response-info timems="0.145" idlems="0.145" threads="0" lastid="00000000023ECF00" lastname="main" />
</exclusive-start>
<af-start id="1262" threadId="00000000023ED888" totalBytesRequested="32" timestamp="2019-08-09T18:53:31.887" intervalms="89.479" />
<cycle-start id="1263" type="global" contextid="0" timestamp="2019-08-09T18:53:31.887" intervalms="89.481" />
<gc-start id="1264" type="global" contextid="1263" timestamp="2019-08-09T18:53:31.887">
  <mem-info id="1265" free="185344" total="18612224" percent="0">
    <mem type="tenure" free="185344" total="18612224" percent="0">
      <mem type="soa" free="0" total="18426880" percent="0" />
      <mem type="loa" free="185344" total="185344" percent="100" />
    </mem>
  </mem-info>
</gc-start>
<allocation-stats totalBytes="12285104" >
  <allocated-bytes non-tlh="601688" tlh="11683416" />
  <largest-consumer threadName="main" threadId="00000000023ECF00" bytes="12285104" />
</allocation-stats>
<gc-op id="1266" type="mark" timems="8.442" contextid="1263" timestamp="2019-08-09T18:53:31.896">
  <trace-info objectcount="109586" scancount="91320" scanbytes="3041260" />
  <finalization candidates="80" enqueued="0" />
  <ownableSynchronizers candidates="21" cleared="0" />
  <references type="soft" candidates="1705" cleared="105" enqueued="105" dynamicThreshold="21" maxThreshold="32" />
  <references type="weak" candidates="5383" cleared="0" enqueued="0" />
  <references type="phantom" candidates="97" cleared="0" enqueued="0" />
  <stringconstants candidates="12519" cleared="0"  />
</gc-op>
<gc-op id="1267" type="sweep" timems="1.674" contextid="1263" timestamp="2019-08-09T18:53:31.898" />
<mem-info id="1268" free="12592416" total="18612224" percent="67">
  <mem type="tenure" free="12592416" total="18612224" percent="67" micro-fragmented="49823" macro-fragmented="0">
    <mem type="soa" free="12407072" total="18426880" percent="67" />
    <mem type="loa" free="185344" total="185344" percent="100" />
  </mem>
  <pending-finalizers system="0" default="0" reference="105" classloader="0" />
</mem-info>
<gc-op id="1269" type="compact" timems="24.231" contextid="1263" timestamp="2019-08-09T18:53:31.922">
  <compact-info movecount="66504" movebytes="3404680" reason="compact to aid heap contraction" />
</gc-op>
<heap-resize id="1270" type="expand" space="tenure" amount="131072" count="1" timems="0.022" reason="satisfy allocation request" timestamp="2019-08-09T18:53:31.924" />
<gc-end id="1271" type="global" contextid="1263" durationms="37.021" usertimems="83.242" systemtimems="0.000" timestamp="2019-08-09T18:53:31.924" activeThreads="16">
  <mem-info id="1272" free="12772112" total="18743296" percent="68">
    <mem type="tenure" free="12772112" total="18743296" percent="68">
      <mem type="soa" free="12584720" total="18555904" percent="67" />
      <mem type="loa" free="187392" total="187392" percent="100" />
    </mem>
    <pending-finalizers system="0" default="0" reference="105" classloader="0" />
  </mem-info>
</gc-end>
<cycle-end id="1273" type="global" contextid="1263" timestamp="2019-08-09T18:53:31.924" />
  <attribute name="elasticGC enabled" value="1" />
  <attribute name= "numThreadsSpecified" value="16" />
  <attribute name="heapSize specified" value="18612224" />
  <attribute name="Current GC Util" value="78" />
  <attribute name= "Current Time Running" value="151866" />
  <attribute name ="GC Interval" value="0" />
  <attribute name="Target GC Util Change" value ="80.000000" />
  <attribute name="Current GC Util Change" value="78.000000"/>
  <attribute name="Current Error" value="-243.000000" />
  <attribute name="Output H" value="18687624"/>
  <attribute name="Output I" value="1728"/>
  <attribute name="Output T" value="16"/>
  <attribute name= "Current Time Running" value="151866" />
  <attribute name="GC Util currently" value="78" />
  <attribute name="CPU Util currently" value="47546978960" />
<allocation-satisfied id="1274" threadId="00000000023ECF00" bytesRequested="32" />
<af-end id="1275" timestamp="2019-08-09T18:53:31.924" threadId="00000000023ED888" success="true" />
<exclusive-end id="1276" timestamp="2019-08-09T18:53:31.924" durationms="37.237" />

<exclusive-start id="1277" timestamp="2019-08-09T18:53:31.973" intervalms="85.950">
  <response-info timems="0.133" idlems="0.133" threads="0" lastid="00000000023ECF00" lastname="main" />
</exclusive-start>
<af-start id="1278" threadId="00000000023ED888" totalBytesRequested="32" timestamp="2019-08-09T18:53:31.973" intervalms="85.951" />
<cycle-start id="1279" type="global" contextid="0" timestamp="2019-08-09T18:53:31.973" intervalms="85.958" />
<gc-start id="1280" type="global" contextid="1279" timestamp="2019-08-09T18:53:31.973">
  <mem-info id="1281" free="187392" total="18743296" percent="0">
    <mem type="tenure" free="187392" total="18743296" percent="0">
      <mem type="soa" free="0" total="18555904" percent="0" />
      <mem type="loa" free="187392" total="187392" percent="100" />
    </mem>
  </mem-info>
</gc-start>
<allocation-stats totalBytes="12648904" >
  <allocated-bytes non-tlh="200432" tlh="12448472" />
  <largest-consumer threadName="main" threadId="00000000023ECF00" bytes="12648904" />
</allocation-stats>
<gc-op id="1282" type="mark" timems="9.162" contextid="1279" timestamp="2019-08-09T18:53:31.982">
  <trace-info objectcount="113177" scancount="94636" scanbytes="3195020" />
  <finalization candidates="80" enqueued="0" />
  <ownableSynchronizers candidates="21" cleared="0" />
  <references type="soft" candidates="1601" cleared="63" enqueued="62" dynamicThreshold="21" maxThreshold="32" />
  <references type="weak" candidates="5387" cleared="0" enqueued="0" />
  <references type="phantom" candidates="97" cleared="0" enqueued="0" />
  <stringconstants candidates="12525" cleared="55"  />
</gc-op>
<gc-op id="1283" type="sweep" timems="2.157" contextid="1279" timestamp="2019-08-09T18:53:31.985" />
<mem-info id="1284" free="12525648" total="18743296" percent="66">
  <mem type="tenure" free="12525648" total="18743296" percent="66" micro-fragmented="39428" macro-fragmented="0">
    <mem type="soa" free="12338256" total="18555904" percent="66" />
    <mem type="loa" free="187392" total="187392" percent="100" />
  </mem>
  <pending-finalizers system="0" default="0" reference="62" classloader="0" />
</mem-info>
<gc-op id="1285" type="compact" timems="28.450" contextid="1279" timestamp="2019-08-09T18:53:32.013">
  <compact-info movecount="81655" movebytes="4089960" reason="compact to aid heap contraction" />
</gc-op>
<heap-resize id="1286" type="expand" space="tenure" amount="131072" count="1" timems="0.022" reason="satisfy allocation request" timestamp="2019-08-09T18:53:32.015" />
<gc-end id="1287" type="global" contextid="1279" durationms="42.101" usertimems="76.155" systemtimems="0.000" timestamp="2019-08-09T18:53:32.015" activeThreads="16">
  <mem-info id="1288" free="12727352" total="18874368" percent="67">
    <mem type="tenure" free="12727352" total="18874368" percent="67">
      <mem type="soa" free="12538936" total="18685952" percent="67" />
      <mem type="loa" free="188416" total="188416" percent="100" />
    </mem>
    <pending-finalizers system="0" default="0" reference="62" classloader="0" />
  </mem-info>
</gc-end>
<cycle-end id="1289" type="global" contextid="1279" timestamp="2019-08-09T18:53:32.015" />
  <attribute name="elasticGC enabled" value="1" />
  <attribute name= "numThreadsSpecified" value="16" />
  <attribute name="heapSize specified" value="18743296" />
  <attribute name="Current GC Util" value="44" />
  <attribute name= "Current Time Running" value="151957" />
  <attribute name ="GC Interval" value="0" />
  <attribute name="Target GC Util Change" value ="80.000000" />
  <attribute name="Current GC Util Change" value="44.000000"/>
  <attribute name="Current Error" value="-193.000000" />
  <attribute name="Output H" value="18818760"/>
  <attribute name="Output I" value="1792"/>
  <attribute name="Output T" value="16"/>
  <attribute name= "Current Time Running" value="151957" />
  <attribute name="GC Util currently" value="44" />
  <attribute name="CPU Util currently" value="40461537027" />
<allocation-satisfied id="1290" threadId="00000000023ECF00" bytesRequested="32" />
<af-end id="1291" timestamp="2019-08-09T18:53:32.015" threadId="00000000023ED888" success="true" />
<exclusive-end id="1292" timestamp="2019-08-09T18:53:32.015" durationms="42.349" />

<exclusive-start id="1293" timestamp="2019-08-09T18:53:32.048" intervalms="75.344">
  <response-info timems="0.062" idlems="0.062" threads="0" lastid="00000000023ECF00" lastname="main" />
</exclusive-start>
<af-start id="1294" threadId="00000000023ED888" totalBytesRequested="32" timestamp="2019-08-09T18:53:32.048" intervalms="75.334" />
<cycle-start id="1295" type="global" contextid="0" timestamp="2019-08-09T18:53:32.048" intervalms="75.334" />
<gc-start id="1296" type="global" contextid="1295" timestamp="2019-08-09T18:53:32.048">
  <mem-info id="1297" free="188416" total="18874368" percent="0">
    <mem type="tenure" free="188416" total="18874368" percent="0">
      <mem type="soa" free="0" total="18685952" percent="0" />
      <mem type="loa" free="188416" total="188416" percent="100" />
    </mem>
  </mem-info>
</gc-start>
<allocation-stats totalBytes="12602176" >
  <allocated-bytes non-tlh="200368" tlh="12401808" />
  <largest-consumer threadName="main" threadId="00000000023ECF00" bytes="12602176" />
</allocation-stats>
<gc-op id="1298" type="mark" timems="8.748" contextid="1295" timestamp="2019-08-09T18:53:32.057">
  <trace-info objectcount="111002" scancount="92516" scanbytes="3104812" />
  <finalization candidates="80" enqueued="0" />
  <ownableSynchronizers candidates="21" cleared="0" />
  <references type="soft" candidates="1539" cleared="3" enqueued="2" dynamicThreshold="21" maxThreshold="32" />
  <references type="weak" candidates="5389" cleared="0" enqueued="0" />
  <references type="phantom" candidates="97" cleared="0" enqueued="0" />
  <stringconstants candidates="12475" cleared="8"  />
</gc-op>
<gc-op id="1299" type="sweep" timems="1.442" contextid="1295" timestamp="2019-08-09T18:53:32.059" />
<mem-info id="1300" free="12779048" total="18874368" percent="67">
  <mem type="tenure" free="12779048" total="18874368" percent="67" micro-fragmented="33240" macro-fragmented="0">
    <mem type="soa" free="12590632" total="18685952" percent="67" />
    <mem type="loa" free="188416" total="188416" percent="100" />
  </mem>
  <pending-finalizers system="0" default="0" reference="2" classloader="0" />
</mem-info>
<gc-op id="1301" type="compact" timems="32.262" contextid="1295" timestamp="2019-08-09T18:53:32.091">
  <compact-info movecount="93954" movebytes="5154312" reason="compact to aid heap contraction" />
</gc-op>
<heap-resize id="1302" type="expand" space="tenure" amount="131072" count="1" timems="0.020" reason="satisfy allocation request" timestamp="2019-08-09T18:53:32.092" />
<gc-end id="1303" type="global" contextid="1295" durationms="43.954" usertimems="78.544" systemtimems="0.000" timestamp="2019-08-09T18:53:32.092" activeThreads="16">
  <mem-info id="1304" free="12940976" total="19005440" percent="68">
    <mem type="tenure" free="12940976" total="19005440" percent="68">
      <mem type="soa" free="12751536" total="18816000" percent="67" />
      <mem type="loa" free="189440" total="189440" percent="100" />
    </mem>
    <pending-finalizers system="0" default="0" reference="2" classloader="0" />
  </mem-info>
</gc-end>
<cycle-end id="1305" type="global" contextid="1295" timestamp="2019-08-09T18:53:32.092" />
  <attribute name="elasticGC enabled" value="1" />
  <attribute name= "numThreadsSpecified" value="16" />
  <attribute name="heapSize specified" value="18874368" />
  <attribute name="Current GC Util" value="47" />
  <attribute name= "Current Time Running" value="152035" />
  <attribute name ="GC Interval" value="0" />
  <attribute name="Target GC Util Change" value ="80.000000" />
  <attribute name="Current GC Util Change" value="47.000000"/>
  <attribute name="Current Error" value="33.000000" />
  <attribute name="Output H" value="18950088"/>
  <attribute name="Output I" value="2048"/>
  <attribute name="Output T" value="16"/>
  <attribute name= "Current Time Running" value="152035" />
  <attribute name="GC Util currently" value="47" />
  <attribute name="CPU Util currently" value="35682996622" />
<allocation-satisfied id="1306" threadId="00000000023ECF00" bytesRequested="32" />
<af-end id="1307" timestamp="2019-08-09T18:53:32.092" threadId="00000000023ED888" success="true" />
<exclusive-end id="1308" timestamp="2019-08-09T18:53:32.092" durationms="44.181" />

<exclusive-start id="1309" timestamp="2019-08-09T18:53:32.136" intervalms="88.115">
  <response-info timems="0.078" idlems="0.078" threads="0" lastid="00000000023ECF00" lastname="main" />
</exclusive-start>
<af-start id="1310" threadId="00000000023ED888" totalBytesRequested="48" timestamp="2019-08-09T18:53:32.136" intervalms="88.195" />
<cycle-start id="1311" type="global" contextid="0" timestamp="2019-08-09T18:53:32.136" intervalms="88.200" />
<gc-start id="1312" type="global" contextid="1311" timestamp="2019-08-09T18:53:32.137">
  <mem-info id="1313" free="189440" total="19005440" percent="0">
    <mem type="tenure" free="189440" total="19005440" percent="0">
      <mem type="soa" free="0" total="18816000" percent="0" />
      <mem type="loa" free="189440" total="189440" percent="100" />
    </mem>
  </mem-info>
</gc-start>
<allocation-stats totalBytes="12815280" >
  <allocated-bytes non-tlh="200856" tlh="12614424" />
  <largest-consumer threadName="main" threadId="00000000023ECF00" bytes="12815280" />
</allocation-stats>
<gc-op id="1314" type="mark" timems="12.013" contextid="1311" timestamp="2019-08-09T18:53:32.149">
  <trace-info objectcount="105476" scancount="87062" scanbytes="2880908" />
  <finalization candidates="80" enqueued="0" />
  <ownableSynchronizers candidates="21" cleared="0" />
  <references type="soft" candidates="1537" cleared="32" enqueued="30" dynamicThreshold="21" maxThreshold="32" />
  <references type="weak" candidates="5389" cleared="0" enqueued="0" />
  <references type="phantom" candidates="97" cleared="0" enqueued="0" />
  <stringconstants candidates="12484" cleared="0"  />
</gc-op>
<gc-op id="1315" type="classunload" timems="0.011" contextid="1311" timestamp="2019-08-09T18:53:32.149">
  <classunload-info classloadercandidates="46" classloadersunloaded="0" classesunloaded="0" anonymousclassesunloaded="0" quiescems="0.000" setupms="0.010" scanms="0.001" postms="0.000" />
</gc-op>
<gc-op id="1316" type="sweep" timems="1.823" contextid="1311" timestamp="2019-08-09T18:53:32.151" />
<mem-info id="1317" free="13108168" total="19005440" percent="68">
  <mem type="tenure" free="13108168" total="19005440" percent="68" micro-fragmented="75203" macro-fragmented="7740515">
    <mem type="soa" free="12918728" total="18816000" percent="68" />
    <mem type="loa" free="189440" total="189440" percent="100" />
  </mem>
  <pending-finalizers system="0" default="0" reference="30" classloader="0" />
</mem-info>
<gc-op id="1318" type="compact" timems="26.590" contextid="1311" timestamp="2019-08-09T18:53:32.178">
  <compact-info movecount="79341" movebytes="3948232" reason="compact to aid heap contraction" />
</gc-op>
<heap-resize id="1319" type="expand" space="tenure" amount="131072" count="1" timems="0.026" reason="satisfy allocation request" timestamp="2019-08-09T18:53:32.179" />
<gc-end id="1320" type="global" contextid="1311" durationms="42.321" usertimems="74.422" systemtimems="0.000" timestamp="2019-08-09T18:53:32.179" activeThreads="16">
  <mem-info id="1321" free="13292560" total="19136512" percent="69">
    <mem type="tenure" free="13292560" total="19136512" percent="69">
      <mem type="soa" free="13102096" total="18946048" percent="69" />
      <mem type="loa" free="190464" total="190464" percent="100" />
    </mem>
    <pending-finalizers system="0" default="0" reference="30" classloader="0" />
  </mem-info>
</gc-end>
<cycle-end id="1322" type="global" contextid="1311" timestamp="2019-08-09T18:53:32.179" />
  <attribute name="elasticGC enabled" value="1" />
  <attribute name= "numThreadsSpecified" value="16" />
  <attribute name="heapSize specified" value="19005440" />
  <attribute name="Current GC Util" value="64" />
  <attribute name= "Current Time Running" value="152122" />
  <attribute name ="GC Interval" value="0" />
  <attribute name="Target GC Util Change" value ="80.000000" />
  <attribute name="Current GC Util Change" value="64.000000"/>
  <attribute name="Current Error" value="-94.000000" />
  <attribute name="Output H" value="19081016"/>
  <attribute name="Output I" value="1904"/>
  <attribute name="Output T" value="16"/>
  <attribute name= "Current Time Running" value="152122" />
  <attribute name="GC Util currently" value="64" />
  <attribute name="CPU Util currently" value="43280047479" />
<allocation-satisfied id="1323" threadId="00000000023ECF00" bytesRequested="48" />
<af-end id="1324" timestamp="2019-08-09T18:53:32.179" threadId="00000000023ED888" success="true" />
<exclusive-end id="1325" timestamp="2019-08-09T18:53:32.179" durationms="42.747" />

<exclusive-start id="1326" timestamp="2019-08-09T18:53:32.228" intervalms="91.707">
  <response-info timems="0.062" idlems="0.062" threads="0" lastid="00000000023ECF00" lastname="main" />
</exclusive-start>
<af-start id="1327" threadId="00000000023ED888" totalBytesRequested="32" timestamp="2019-08-09T18:53:32.228" intervalms="91.632" />
<cycle-start id="1328" type="global" contextid="0" timestamp="2019-08-09T18:53:32.228" intervalms="91.620" />
<gc-start id="1329" type="global" contextid="1328" timestamp="2019-08-09T18:53:32.228">
  <mem-info id="1330" free="190464" total="19136512" percent="0">
    <mem type="tenure" free="190464" total="19136512" percent="0">
      <mem type="soa" free="0" total="18946048" percent="0" />
      <mem type="loa" free="190464" total="190464" percent="100" />
    </mem>
  </mem-info>
</gc-start>
<allocation-stats totalBytes="13165816" >
  <allocated-bytes non-tlh="801552" tlh="12364264" />
  <largest-consumer threadName="main" threadId="00000000023ECF00" bytes="13161720" />
</allocation-stats>
<gc-op id="1331" type="mark" timems="12.241" contextid="1328" timestamp="2019-08-09T18:53:32.240">
  <trace-info objectcount="112305" scancount="93600" scanbytes="3151384" />
  <finalization candidates="80" enqueued="0" />
  <ownableSynchronizers candidates="21" cleared="0" />
  <references type="soft" candidates="1509" cleared="0" enqueued="0" dynamicThreshold="22" maxThreshold="32" />
  <references type="weak" candidates="5397" cleared="0" enqueued="0" />
  <references type="phantom" candidates="97" cleared="0" enqueued="0" />
  <stringconstants candidates="12502" cleared="0"  />
</gc-op>
<gc-op id="1332" type="sweep" timems="1.642" contextid="1328" timestamp="2019-08-09T18:53:32.242" />
<mem-info id="1333" free="12840664" total="19136512" percent="67">
  <mem type="tenure" free="12840664" total="19136512" percent="67" micro-fragmented="55945" macro-fragmented="0">
    <mem type="soa" free="12650200" total="18946048" percent="66" />
    <mem type="loa" free="190464" total="190464" percent="100" />
  </mem>
</mem-info>
<gc-op id="1334" type="compact" timems="26.648" contextid="1328" timestamp="2019-08-09T18:53:32.269">
  <compact-info movecount="86174" movebytes="4221584" reason="compact to aid heap contraction" />
</gc-op>
<heap-resize id="1335" type="expand" space="tenure" amount="131072" count="1" timems="0.024" reason="satisfy allocation request" timestamp="2019-08-09T18:53:32.270" />
<gc-end id="1336" type="global" contextid="1328" durationms="41.566" usertimems="78.539" systemtimems="0.000" timestamp="2019-08-09T18:53:32.270" activeThreads="16">
  <mem-info id="1337" free="13150368" total="19267584" percent="68">
    <mem type="tenure" free="13150368" total="19267584" percent="68">
      <mem type="soa" free="12957856" total="19075072" percent="67" />
      <mem type="loa" free="192512" total="192512" percent="100" />
    </mem>
  </mem-info>
</gc-end>
<cycle-end id="1338" type="global" contextid="1328" timestamp="2019-08-09T18:53:32.270" />
  <attribute name="elasticGC enabled" value="1" />
  <attribute name= "numThreadsSpecified" value="16" />
  <attribute name="heapSize specified" value="19136512" />
  <attribute name="Current GC Util" value="56" />
  <attribute name= "Current Time Running" value="152213" />
  <attribute name ="GC Interval" value="0" />
  <attribute name="Target GC Util Change" value ="80.000000" />
  <attribute name="Current GC Util Change" value="56.000000"/>
  <attribute name="Current Error" value="-113.000000" />
  <attribute name="Output H" value="19212064"/>
  <attribute name="Output I" value="1880"/>
  <attribute name="Output T" value="16"/>
  <attribute name= "Current Time Running" value="152213" />
  <attribute name="GC Util currently" value="56" />
  <attribute name="CPU Util currently" value="43130590056" />
<allocation-satisfied id="1339" threadId="00000000023ECF00" bytesRequested="32" />
<af-end id="1340" timestamp="2019-08-09T18:53:32.270" threadId="00000000023ED888" success="true" />
<exclusive-end id="1341" timestamp="2019-08-09T18:53:32.270" durationms="42.044" />

<exclusive-start id="1342" timestamp="2019-08-09T18:53:32.309" intervalms="81.409">
  <response-info timems="0.082" idlems="0.082" threads="0" lastid="00000000023ECF00" lastname="main" />
</exclusive-start>
<af-start id="1343" threadId="00000000023ED888" totalBytesRequested="32" timestamp="2019-08-09T18:53:32.309" intervalms="81.398" />
<cycle-start id="1344" type="global" contextid="0" timestamp="2019-08-09T18:53:32.310" intervalms="81.397" />
<gc-start id="1345" type="global" contextid="1344" timestamp="2019-08-09T18:53:32.310">
  <mem-info id="1346" free="192512" total="19267584" percent="0">
    <mem type="tenure" free="192512" total="19267584" percent="0">
      <mem type="soa" free="0" total="19075072" percent="0" />
      <mem type="loa" free="192512" total="192512" percent="100" />
    </mem>
  </mem-info>
</gc-start>
<allocation-stats totalBytes="13021856" >
  <allocated-bytes non-tlh="201168" tlh="12820688" />
  <largest-consumer threadName="main" threadId="00000000023ECF00" bytes="13021856" />
</allocation-stats>
<gc-op id="1347" type="mark" timems="5.618" contextid="1344" timestamp="2019-08-09T18:53:32.315">
  <trace-info objectcount="111209" scancount="92615" scanbytes="3129084" />
  <finalization candidates="80" enqueued="0" />
  <ownableSynchronizers candidates="21" cleared="0" />
  <references type="soft" candidates="1510" cleared="5" enqueued="5" dynamicThreshold="21" maxThreshold="32" />
  <references type="weak" candidates="5411" cleared="0" enqueued="0" />
  <references type="phantom" candidates="97" cleared="0" enqueued="0" />
  <stringconstants candidates="12525" cleared="0"  />
</gc-op>
<gc-op id="1348" type="sweep" timems="2.729" contextid="1344" timestamp="2019-08-09T18:53:32.318" />
<mem-info id="1349" free="12983624" total="19267584" percent="67">
  <mem type="tenure" free="12983624" total="19267584" percent="67" micro-fragmented="224278" macro-fragmented="3732887">
    <mem type="soa" free="12791112" total="19075072" percent="67" />
    <mem type="loa" free="192512" total="192512" percent="100" />
  </mem>
  <pending-finalizers system="0" default="0" reference="5" classloader="0" />
</mem-info>
<gc-op id="1350" type="compact" timems="23.528" contextid="1344" timestamp="2019-08-09T18:53:32.342">
  <compact-info movecount="68462" movebytes="3588544" reason="compact to aid heap contraction" />
</gc-op>
<heap-resize id="1351" type="expand" space="tenure" amount="131072" count="1" timems="0.018" reason="satisfy allocation request" timestamp="2019-08-09T18:53:32.343" />
<gc-end id="1352" type="global" contextid="1344" durationms="33.120" usertimems="65.124" systemtimems="0.000" timestamp="2019-08-09T18:53:32.343" activeThreads="16">
  <mem-info id="1353" free="13254152" total="19398656" percent="68">
    <mem type="tenure" free="13254152" total="19398656" percent="68">
      <mem type="soa" free="13060616" total="19205120" percent="68" />
      <mem type="loa" free="193536" total="193536" percent="100" />
    </mem>
    <pending-finalizers system="0" default="0" reference="5" classloader="0" />
  </mem-info>
</gc-end>
<cycle-end id="1354" type="global" contextid="1344" timestamp="2019-08-09T18:53:32.343" />
  <attribute name="elasticGC enabled" value="1" />
  <attribute name= "numThreadsSpecified" value="16" />
  <attribute name="heapSize specified" value="19267584" />
  <attribute name="Current GC Util" value="58" />
  <attribute name= "Current Time Running" value="152286" />
  <attribute name ="GC Interval" value="0" />
  <attribute name="Target GC Util Change" value ="80.000000" />
  <attribute name="Current GC Util Change" value="58.000000"/>
  <attribute name="Current Error" value="22.000000" />
  <attribute name="Output H" value="19343296"/>
  <attribute name="Output I" value="2040"/>
  <attribute name="Output T" value="16"/>
  <attribute name= "Current Time Running" value="152286" />
  <attribute name="GC Util currently" value="58" />
  <attribute name="CPU Util currently" value="48949797113" />
<allocation-satisfied id="1355" threadId="00000000023ECF00" bytesRequested="32" />
<af-end id="1356" timestamp="2019-08-09T18:53:32.343" threadId="00000000023ED888" success="true" />
<exclusive-end id="1357" timestamp="2019-08-09T18:53:32.343" durationms="33.310" />

<exclusive-start id="1358" timestamp="2019-08-09T18:53:32.375" intervalms="65.946">
  <response-info timems="0.140" idlems="0.140" threads="0" lastid="00000000023ECF00" lastname="main" />
</exclusive-start>
<af-start id="1359" threadId="00000000023ED888" totalBytesRequested="16" timestamp="2019-08-09T18:53:32.375" intervalms="65.956" />
<cycle-start id="1360" type="global" contextid="0" timestamp="2019-08-09T18:53:32.375" intervalms="65.963" />
<gc-start id="1361" type="global" contextid="1360" timestamp="2019-08-09T18:53:32.376">
  <mem-info id="1362" free="193536" total="19398656" percent="0">
    <mem type="tenure" free="193536" total="19398656" percent="0">
      <mem type="soa" free="0" total="19205120" percent="0" />
      <mem type="loa" free="193536" total="193536" percent="100" />
    </mem>
  </mem-info>
</gc-start>
<allocation-stats totalBytes="13124232" >
  <allocated-bytes non-tlh="0" tlh="13124232" />
  <largest-consumer threadName="main" threadId="00000000023ECF00" bytes="13124232" />
</allocation-stats>
<gc-op id="1363" type="mark" timems="12.547" contextid="1360" timestamp="2019-08-09T18:53:32.388">
  <trace-info objectcount="117718" scancount="98498" scanbytes="3285220" />
  <finalization candidates="80" enqueued="0" />
  <ownableSynchronizers candidates="21" cleared="0" />
  <references type="soft" candidates="1505" cleared="5" enqueued="5" dynamicThreshold="21" maxThreshold="32" />
  <references type="weak" candidates="5411" cleared="0" enqueued="0" />
  <references type="phantom" candidates="96" cleared="0" enqueued="0" />
  <stringconstants candidates="12525" cleared="0"  />
</gc-op>
<gc-op id="1364" type="sweep" timems="1.772" contextid="1360" timestamp="2019-08-09T18:53:32.390" />
<mem-info id="1365" free="12740560" total="19398656" percent="65">
  <mem type="tenure" free="12740560" total="19398656" percent="65" micro-fragmented="381903" macro-fragmented="1347353">
    <mem type="soa" free="12547024" total="19205120" percent="65" />
    <mem type="loa" free="193536" total="193536" percent="100" />
  </mem>
  <pending-finalizers system="0" default="0" reference="5" classloader="0" />
</mem-info>
<gc-op id="1366" type="compact" timems="21.504" contextid="1360" timestamp="2019-08-09T18:53:32.412">
  <compact-info movecount="74971" movebytes="3516416" reason="compact to aid heap contraction" />
</gc-op>
<heap-resize id="1367" type="expand" space="tenure" amount="131072" count="1" timems="0.018" reason="satisfy allocation request" timestamp="2019-08-09T18:53:32.413" />
<gc-end id="1368" type="global" contextid="1360" durationms="37.386" usertimems="85.972" systemtimems="0.000" timestamp="2019-08-09T18:53:32.413" activeThreads="16">
  <mem-info id="1369" free="13457352" total="19529728" percent="68">
    <mem type="tenure" free="13457352" total="19529728" percent="68">
      <mem type="soa" free="13262792" total="19335168" percent="68" />
      <mem type="loa" free="194560" total="194560" percent="100" />
    </mem>
    <pending-finalizers system="0" default="0" reference="5" classloader="0" />
  </mem-info>
</gc-end>
<cycle-end id="1370" type="global" contextid="1360" timestamp="2019-08-09T18:53:32.413" />
  <attribute name="elasticGC enabled" value="1" />
  <attribute name= "numThreadsSpecified" value="16" />
  <attribute name="heapSize specified" value="19398656" />
  <attribute name="Current GC Util" value="67" />
  <attribute name= "Current Time Running" value="152356" />
  <attribute name ="GC Interval" value="0" />
  <attribute name="Target GC Util Change" value ="80.000000" />
  <attribute name="Current GC Util Change" value="67.000000"/>
  <attribute name="Current Error" value="-204.000000" />
  <attribute name="Output H" value="19474104"/>
  <attribute name="Output I" value="1776"/>
  <attribute name="Output T" value="16"/>
  <attribute name= "Current Time Running" value="152356" />
  <attribute name="GC Util currently" value="67" />
  <attribute name="CPU Util currently" value="53384533158" />
<allocation-satisfied id="1371" threadId="00000000023ECF00" bytesRequested="16" />
<af-end id="1372" timestamp="2019-08-09T18:53:32.413" threadId="00000000023ED888" success="true" />
<exclusive-end id="1373" timestamp="2019-08-09T18:53:32.413" durationms="37.594" />

<exclusive-start id="1374" timestamp="2019-08-09T18:53:32.440" intervalms="64.674">
  <response-info timems="0.116" idlems="0.116" threads="0" lastid="00000000023ECF00" lastname="main" />
</exclusive-start>
<af-start id="1375" threadId="00000000023ED888" totalBytesRequested="24" timestamp="2019-08-09T18:53:32.440" intervalms="64.663" />
<cycle-start id="1376" type="global" contextid="0" timestamp="2019-08-09T18:53:32.440" intervalms="64.655" />
<gc-start id="1377" type="global" contextid="1376" timestamp="2019-08-09T18:53:32.440">
  <mem-info id="1378" free="194560" total="19529728" percent="0">
    <mem type="tenure" free="194560" total="19529728" percent="0">
      <mem type="soa" free="0" total="19335168" percent="0" />
      <mem type="loa" free="194560" total="194560" percent="100" />
    </mem>
  </mem-info>
</gc-start>
<allocation-stats totalBytes="13326832" >
  <allocated-bytes non-tlh="200672" tlh="13126160" />
  <largest-consumer threadName="main" threadId="00000000023ECF00" bytes="13326832" />
</allocation-stats>
<gc-op id="1379" type="mark" timems="7.570" contextid="1376" timestamp="2019-08-09T18:53:32.448">
  <trace-info objectcount="116812" scancount="97660" scanbytes="3304200" />
  <finalization candidates="80" enqueued="0" />
  <ownableSynchronizers candidates="21" cleared="0" />
  <references type="soft" candidates="1501" cleared="0" enqueued="0" dynamicThreshold="22" maxThreshold="32" />
  <references type="weak" candidates="5413" cleared="0" enqueued="0" />
  <references type="phantom" candidates="97" cleared="0" enqueued="0" />
  <stringconstants candidates="12535" cleared="0"  />
</gc-op>
<gc-op id="1380" type="sweep" timems="1.800" contextid="1376" timestamp="2019-08-09T18:53:32.450" />
<mem-info id="1381" free="12944160" total="19529728" percent="66">
  <mem type="tenure" free="12944160" total="19529728" percent="66" micro-fragmented="99249" macro-fragmented="0">
    <mem type="soa" free="12749600" total="19335168" percent="65" />
    <mem type="loa" free="194560" total="194560" percent="100" />
  </mem>
</mem-info>
<gc-op id="1382" type="compact" timems="13.568" contextid="1376" timestamp="2019-08-09T18:53:32.463">
  <compact-info movecount="32668" movebytes="1538752" reason="compact to aid heap contraction" />
</gc-op>
<heap-resize id="1383" type="expand" space="tenure" amount="131072" count="1" timems="0.017" reason="satisfy allocation request" timestamp="2019-08-09T18:53:32.464" />
<gc-end id="1384" type="global" contextid="1376" durationms="23.858" usertimems="54.243" systemtimems="0.000" timestamp="2019-08-09T18:53:32.464" activeThreads="16">
  <mem-info id="1385" free="13380848" total="19660800" percent="68">
    <mem type="tenure" free="13380848" total="19660800" percent="68">
      <mem type="soa" free="13184240" total="19464192" percent="67" />
      <mem type="loa" free="196608" total="196608" percent="100" />
    </mem>
  </mem-info>
</gc-end>
<cycle-end id="1386" type="global" contextid="1376" timestamp="2019-08-09T18:53:32.464" />
  <attribute name="elasticGC enabled" value="1" />
  <attribute name= "numThreadsSpecified" value="16" />
  <attribute name="heapSize specified" value="19529728" />
  <attribute name="Current GC Util" value="130" />
  <attribute name= "Current Time Running" value="152407" />
  <attribute name ="GC Interval" value="0" />
  <attribute name="Target GC Util Change" value ="80.000000" />
  <attribute name="Current GC Util Change" value="130.000000"/>
  <attribute name="Current Error" value="-337.000000" />
  <attribute name="Output H" value="19605024"/>
  <attribute name="Output I" value="1624"/>
  <attribute name="Output T" value="16"/>
  <attribute name= "Current Time Running" value="152407" />
  <attribute name="GC Util currently" value="130" />
  <attribute name="CPU Util currently" value="84982845415" />
<allocation-satisfied id="1387" threadId="00000000023ECF00" bytesRequested="24" />
<af-end id="1388" timestamp="2019-08-09T18:53:32.464" threadId="00000000023ED888" success="true" />
<exclusive-end id="1389" timestamp="2019-08-09T18:53:32.464" durationms="24.244" />

<exclusive-start id="1390" timestamp="2019-08-09T18:53:32.546" intervalms="106.062">
  <response-info timems="0.135" idlems="0.135" threads="0" lastid="00000000023ECF00" lastname="main" />
</exclusive-start>
<af-start id="1391" threadId="00000000023ED888" totalBytesRequested="32776" timestamp="2019-08-09T18:53:32.546" intervalms="106.087" />
<cycle-start id="1392" type="global" contextid="0" timestamp="2019-08-09T18:53:32.546" intervalms="106.098" />
<gc-start id="1393" type="global" contextid="1392" timestamp="2019-08-09T18:53:32.546">
  <mem-info id="1394" free="131064" total="19660800" percent="0">
    <mem type="tenure" free="131064" total="19660800" percent="0">
      <mem type="soa" free="0" total="19464192" percent="0" />
      <mem type="loa" free="131064" total="196608" percent="66" />
    </mem>
  </mem-info>
</gc-start>
<allocation-stats totalBytes="13249200" >
  <allocated-bytes non-tlh="698432" tlh="12550768" />
  <largest-consumer threadName="main" threadId="00000000023ECF00" bytes="13249200" />
</allocation-stats>
<gc-op id="1395" type="mark" timems="7.418" contextid="1392" timestamp="2019-08-09T18:53:32.554">
  <trace-info objectcount="107320" scancount="89216" scanbytes="2908000" />
  <finalization candidates="80" enqueued="0" />
  <ownableSynchronizers candidates="21" cleared="0" />
  <references type="soft" candidates="2135" cleared="4" enqueued="4" dynamicThreshold="21" maxThreshold="32" />
  <references type="weak" candidates="5470" cleared="20" enqueued="20" />
  <references type="phantom" candidates="97" cleared="0" enqueued="0" />
  <stringconstants candidates="13047" cleared="12"  />
</gc-op>
<gc-op id="1396" type="sweep" timems="7.331" contextid="1392" timestamp="2019-08-09T18:53:32.561" />
<mem-info id="1397" free="13730192" total="19660800" percent="69">
  <mem type="tenure" free="13730192" total="19660800" percent="69" micro-fragmented="41515" macro-fragmented="0">
    <mem type="soa" free="13599128" total="19464192" percent="69" />
    <mem type="loa" free="131064" total="196608" percent="66" />
  </mem>
  <pending-finalizers system="0" default="0" reference="24" classloader="0" />
</mem-info>
<gc-op id="1398" type="compact" timems="21.061" contextid="1392" timestamp="2019-08-09T18:53:32.583">
  <compact-info movecount="41258" movebytes="2165760" reason="compact to aid heap contraction" />
</gc-op>
<heap-resize id="1399" type="expand" space="tenure" amount="131072" count="1" timems="0.063" reason="satisfy allocation request" timestamp="2019-08-09T18:53:32.585" />
<gc-end id="1400" type="global" contextid="1392" durationms="38.598" usertimems="80.343" systemtimems="0.000" timestamp="2019-08-09T18:53:32.585" activeThreads="16">
  <mem-info id="1401" free="13861960" total="19791872" percent="70">
    <mem type="tenure" free="13861960" total="19791872" percent="70">
      <mem type="soa" free="13664328" total="19594240" percent="69" />
      <mem type="loa" free="197632" total="197632" percent="100" />
    </mem>
    <pending-finalizers system="0" default="0" reference="24" classloader="0" />
  </mem-info>
</gc-end>
<cycle-end id="1402" type="global" contextid="1392" timestamp="2019-08-09T18:53:32.585" />
  <attribute name="elasticGC enabled" value="1" />
  <attribute name= "numThreadsSpecified" value="16" />
  <attribute name="heapSize specified" value="19660800" />
  <attribute name="Current GC Util" value="71" />
  <attribute name= "Current Time Running" value="152527" />
  <attribute name ="GC Interval" value="0" />
  <attribute name="Target GC Util Change" value ="80.000000" />
  <attribute name="Current GC Util Change" value="71.000000"/>
  <attribute name="Current Error" value="9.000000" />
  <attribute name="Output H" value="19736496"/>
  <attribute name="Output I" value="2024"/>
  <attribute name="Output T" value="16"/>
  <attribute name= "Current Time Running" value="152527" />
  <attribute name="GC Util currently" value="71" />
  <attribute name="CPU Util currently" value="54545538800" />
<allocation-satisfied id="1403" threadId="00000000023ECF00" bytesRequested="32776" />
<af-end id="1404" timestamp="2019-08-09T18:53:32.585" threadId="00000000023ED888" success="true" />
<exclusive-end id="1405" timestamp="2019-08-09T18:53:32.585" durationms="38.826" />

<exclusive-start id="1406" timestamp="2019-08-09T18:53:32.630" intervalms="84.251">
  <response-info timems="0.079" idlems="0.079" threads="0" lastid="00000000023ECF00" lastname="main" />
</exclusive-start>
<af-start id="1407" threadId="00000000023ED888" totalBytesRequested="32" timestamp="2019-08-09T18:53:32.630" intervalms="84.269" />
<cycle-start id="1408" type="global" contextid="0" timestamp="2019-08-09T18:53:32.631" intervalms="84.280" />
<gc-start id="1409" type="global" contextid="1408" timestamp="2019-08-09T18:53:32.631">
  <mem-info id="1410" free="197632" total="19791872" percent="0">
    <mem type="tenure" free="197632" total="19791872" percent="0">
      <mem type="soa" free="0" total="19594240" percent="0" />
      <mem type="loa" free="197632" total="197632" percent="100" />
    </mem>
  </mem-info>
</gc-start>
<allocation-stats totalBytes="13725400" >
  <allocated-bytes non-tlh="220088" tlh="13505312" />
  <largest-consumer threadName="main" threadId="00000000023ECF00" bytes="13721304" />
</allocation-stats>
<gc-op id="1411" type="mark" timems="6.023" contextid="1408" timestamp="2019-08-09T18:53:32.637">
  <trace-info objectcount="116967" scancount="97980" scanbytes="3269124" />
  <finalization candidates="80" enqueued="0" />
  <ownableSynchronizers candidates="21" cleared="0" />
  <references type="soft" candidates="2275" cleared="0" enqueued="0" dynamicThreshold="22" maxThreshold="32" />
  <references type="weak" candidates="5482" cleared="1" enqueued="1" />
  <references type="phantom" candidates="97" cleared="0" enqueued="0" />
  <stringconstants candidates="13185" cleared="0"  />
</gc-op>
<gc-op id="1412" type="sweep" timems="2.205" contextid="1408" timestamp="2019-08-09T18:53:32.639" />
<mem-info id="1413" free="13346920" total="19791872" percent="67">
  <mem type="tenure" free="13346920" total="19791872" percent="67" micro-fragmented="92212" macro-fragmented="7740515">
    <mem type="soa" free="13149288" total="19594240" percent="67" />
    <mem type="loa" free="197632" total="197632" percent="100" />
  </mem>
  <pending-finalizers system="0" default="0" reference="1" classloader="0" />
</mem-info>
<gc-op id="1414" type="compact" timems="33.322" contextid="1408" timestamp="2019-08-09T18:53:32.673">
  <compact-info movecount="70900" movebytes="3609496" reason="compact to aid heap contraction" />
</gc-op>
<heap-resize id="1415" type="expand" space="tenure" amount="131072" count="1" timems="0.021" reason="satisfy allocation request" timestamp="2019-08-09T18:53:32.674" />
<gc-end id="1416" type="global" contextid="1408" durationms="43.927" usertimems="71.093" systemtimems="0.000" timestamp="2019-08-09T18:53:32.674" activeThreads="16">
  <mem-info id="1417" free="13633592" total="19922944" percent="68">
    <mem type="tenure" free="13633592" total="19922944" percent="68">
      <mem type="soa" free="13434936" total="19724288" percent="68" />
      <mem type="loa" free="198656" total="198656" percent="100" />
    </mem>
    <pending-finalizers system="0" default="0" reference="1" classloader="0" />
  </mem-info>
</gc-end>
<cycle-end id="1418" type="global" contextid="1408" timestamp="2019-08-09T18:53:32.675" />
  <attribute name="elasticGC enabled" value="1" />
  <attribute name= "numThreadsSpecified" value="16" />
  <attribute name="heapSize specified" value="19791872" />
  <attribute name="Current GC Util" value="111" />
  <attribute name= "Current Time Running" value="152617" />
  <attribute name ="GC Interval" value="0" />
  <attribute name="Target GC Util Change" value ="80.000000" />
  <attribute name="Current GC Util Change" value="111.000000"/>
  <attribute name="Current Error" value="-296.000000" />
  <attribute name="Output H" value="19867216"/>
  <attribute name="Output I" value="1672"/>
  <attribute name="Output T" value="16"/>
  <attribute name= "Current Time Running" value="152617" />
  <attribute name="GC Util currently" value="111" />
  <attribute name="CPU Util currently" value="34497712067" />
<allocation-satisfied id="1419" threadId="00000000023ECF00" bytesRequested="32" />
<af-end id="1420" timestamp="2019-08-09T18:53:32.675" threadId="00000000023ED888" success="true" />
<exclusive-end id="1421" timestamp="2019-08-09T18:53:32.675" durationms="44.212" />

<exclusive-start id="1422" timestamp="2019-08-09T18:53:33.023" intervalms="392.242">
  <response-info timems="0.067" idlems="0.067" threads="0" lastid="00000000023ECF00" lastname="main" />
</exclusive-start>
<af-start id="1423" threadId="00000000023ED888" totalBytesRequested="712" timestamp="2019-08-09T18:53:33.023" intervalms="392.212" />
<cycle-start id="1424" type="global" contextid="0" timestamp="2019-08-09T18:53:33.023" intervalms="392.206" />
<gc-start id="1425" type="global" contextid="1424" timestamp="2019-08-09T18:53:33.023">
  <mem-info id="1426" free="198656" total="19922944" percent="0">
    <mem type="tenure" free="198656" total="19922944" percent="0">
      <mem type="soa" free="0" total="19724288" percent="0" />
      <mem type="loa" free="198656" total="198656" percent="100" />
    </mem>
  </mem-info>
</gc-start>
<allocation-stats totalBytes="13486496" >
  <allocated-bytes non-tlh="2914136" tlh="10572360" />
  <largest-consumer threadName="main" threadId="00000000023ECF00" bytes="13486496" />
</allocation-stats>
<gc-op id="1427" type="mark" timems="30.193" contextid="1424" timestamp="2019-08-09T18:53:33.053">
  <trace-info objectcount="123780" scancount="103379" scanbytes="3275464" />
  <finalization candidates="83" enqueued="2" />
  <ownableSynchronizers candidates="21" cleared="0" />
  <references type="soft" candidates="2274" cleared="6" enqueued="6" dynamicThreshold="21" maxThreshold="32" />
  <references type="weak" candidates="5511" cleared="4" enqueued="4" />
  <references type="phantom" candidates="98" cleared="0" enqueued="0" />
  <stringconstants candidates="13247" cleared="16"  />
</gc-op>
<gc-op id="1428" type="classunload" timems="0.682" contextid="1424" timestamp="2019-08-09T18:53:33.054">
  <classunload-info classloadercandidates="57" classloadersunloaded="2" classesunloaded="2" anonymousclassesunloaded="0" quiescems="0.000" setupms="0.655" scanms="0.023" postms="0.004" />
</gc-op>
<gc-op id="1429" type="sweep" timems="7.755" contextid="1424" timestamp="2019-08-09T18:53:33.062" />
<mem-info id="1430" free="11819800" total="19922944" percent="59">
  <mem type="tenure" free="11819800" total="19922944" percent="59" micro-fragmented="38250" macro-fragmented="0">
    <mem type="soa" free="11621144" total="19724288" percent="58" />
    <mem type="loa" free="198656" total="198656" percent="100" />
  </mem>
  <pending-finalizers system="0" default="2" reference="10" classloader="0" />
</mem-info>
<gc-op id="1431" type="compact" timems="42.950" contextid="1424" timestamp="2019-08-09T18:53:33.105">
  <compact-info movecount="120351" movebytes="7786824" reason="compact to aid heap contraction" />
</gc-op>
<heap-resize id="1432" type="expand" space="tenure" amount="131072" count="1" timems="0.022" reason="satisfy allocation request" timestamp="2019-08-09T18:53:33.106" />
<gc-end id="1433" type="global" contextid="1424" durationms="82.824" usertimems="88.801" systemtimems="0.000" timestamp="2019-08-09T18:53:33.106" activeThreads="16">
  <mem-info id="1434" free="12027640" total="20054016" percent="59">
    <mem type="tenure" free="12027640" total="20054016" percent="59">
      <mem type="soa" free="11827960" total="19854336" percent="59" />
      <mem type="loa" free="199680" total="199680" percent="100" />
    </mem>
    <pending-finalizers system="0" default="2" reference="10" classloader="0" />
  </mem-info>
</gc-end>
<cycle-end id="1435" type="global" contextid="1424" timestamp="2019-08-09T18:53:33.106" />
  <attribute name="elasticGC enabled" value="1" />
  <attribute name= "numThreadsSpecified" value="16" />
  <attribute name="heapSize specified" value="19922944" />
  <attribute name="Current GC Util" value="48" />
  <attribute name= "Current Time Running" value="153049" />
  <attribute name ="GC Interval" value="0" />
  <attribute name="Target GC Util Change" value ="80.000000" />
  <attribute name="Current GC Util Change" value="48.000000"/>
  <attribute name="Current Error" value="54.000000" />
  <attribute name="Output H" value="19998688"/>
  <attribute name="Output I" value="2072"/>
  <attribute name="Output T" value="16"/>
  <attribute name= "Current Time Running" value="153049" />
  <attribute name="GC Util currently" value="48" />
  <attribute name="CPU Util currently" value="26827598044" />
<allocation-satisfied id="1436" threadId="00000000023ECF00" bytesRequested="712" />
<af-end id="1437" timestamp="2019-08-09T18:53:33.106" threadId="00000000023ED888" success="true" />
<exclusive-end id="1438" timestamp="2019-08-09T18:53:33.106" durationms="83.071" />

<exclusive-start id="1439" timestamp="2019-08-09T18:53:33.337" intervalms="314.414">
  <response-info timems="0.235" idlems="0.235" threads="0" lastid="00000000023ECF00" lastname="main" />
</exclusive-start>
<af-start id="1440" threadId="00000000023ED888" totalBytesRequested="16" timestamp="2019-08-09T18:53:33.337" intervalms="314.405" />
<cycle-start id="1441" type="global" contextid="0" timestamp="2019-08-09T18:53:33.337" intervalms="314.390" />
<gc-start id="1442" type="global" contextid="1441" timestamp="2019-08-09T18:53:33.337">
  <mem-info id="1443" free="199680" total="20054016" percent="0">
    <mem type="tenure" free="199680" total="20054016" percent="0">
      <mem type="soa" free="0" total="19854336" percent="0" />
      <mem type="loa" free="199680" total="199680" percent="100" />
    </mem>
  </mem-info>
</gc-start>
<allocation-stats totalBytes="11880824" >
  <allocated-bytes non-tlh="0" tlh="11880824" />
  <largest-consumer threadName="main" threadId="00000000023ECF00" bytes="11872632" />
</allocation-stats>
<gc-op id="1444" type="mark" timems="11.322" contextid="1441" timestamp="2019-08-09T18:53:33.349">
  <trace-info objectcount="146429" scancount="122747" scanbytes="3743860" />
  <finalization candidates="81" enqueued="0" />
  <ownableSynchronizers candidates="21" cleared="0" />
  <references type="soft" candidates="2268" cleared="21" enqueued="21" dynamicThreshold="19" maxThreshold="32" />
  <references type="weak" candidates="5506" cleared="0" enqueued="0" />
  <references type="phantom" candidates="98" cleared="0" enqueued="0" />
  <stringconstants candidates="13231" cleared="0"  />
</gc-op>
<gc-op id="1445" type="sweep" timems="2.196" contextid="1441" timestamp="2019-08-09T18:53:33.351" />
<mem-info id="1446" free="11195872" total="20054016" percent="55">
  <mem type="tenure" free="11195872" total="20054016" percent="55" micro-fragmented="36555" macro-fragmented="0">
    <mem type="soa" free="10996192" total="19854336" percent="55" />
    <mem type="loa" free="199680" total="199680" percent="100" />
  </mem>
  <pending-finalizers system="0" default="0" reference="21" classloader="0" />
</mem-info>
<gc-op id="1447" type="compact" timems="32.078" contextid="1441" timestamp="2019-08-09T18:53:33.383">
  <compact-info movecount="81309" movebytes="4858920" reason="compact to aid heap contraction" />
</gc-op>
<heap-resize id="1448" type="expand" space="tenure" amount="131072" count="1" timems="0.024" reason="satisfy allocation request" timestamp="2019-08-09T18:53:33.384" />
<gc-end id="1449" type="global" contextid="1441" durationms="46.647" usertimems="75.488" systemtimems="0.000" timestamp="2019-08-09T18:53:33.384" activeThreads="16">
  <mem-info id="1450" free="11594536" total="20185088" percent="57">
    <mem type="tenure" free="11594536" total="20185088" percent="57">
      <mem type="soa" free="11392808" total="19983360" percent="57" />
      <mem type="loa" free="201728" total="201728" percent="100" />
    </mem>
    <pending-finalizers system="0" default="0" reference="21" classloader="0" />
  </mem-info>
</gc-end>
<cycle-end id="1451" type="global" contextid="1441" timestamp="2019-08-09T18:53:33.384" />
  <attribute name="elasticGC enabled" value="1" />
  <attribute name= "numThreadsSpecified" value="16" />
  <attribute name="heapSize specified" value="20054016" />
  <attribute name="Current GC Util" value="52" />
  <attribute name= "Current Time Running" value="153327" />
  <attribute name ="GC Interval" value="0" />
  <attribute name="Target GC Util Change" value ="80.000000" />
  <attribute name="Current GC Util Change" value="52.000000"/>
  <attribute name="Current Error" value="28.000000" />
  <attribute name="Output H" value="20129728"/>
  <attribute name="Output I" value="2040"/>
  <attribute name="Output T" value="16"/>
  <attribute name= "Current Time Running" value="153327" />
  <attribute name="GC Util currently" value="52" />
  <attribute name="CPU Util currently" value="35896654763" />
<allocation-satisfied id="1452" threadId="00000000023ECF00" bytesRequested="16" />
<af-end id="1453" timestamp="2019-08-09T18:53:33.384" threadId="00000000023ED888" success="true" />
<exclusive-end id="1454" timestamp="2019-08-09T18:53:33.384" durationms="46.856" />

<exclusive-start id="1455" timestamp="2019-08-09T18:53:33.516" intervalms="179.017">
  <response-info timems="0.605" idlems="0.605" threads="0" lastid="00000000023ECF00" lastname="main" />
</exclusive-start>
<af-start id="1456" threadId="00000000023ED888" totalBytesRequested="704" timestamp="2019-08-09T18:53:33.516" intervalms="179.012" />
<cycle-start id="1457" type="global" contextid="0" timestamp="2019-08-09T18:53:33.516" intervalms="179.011" />
<gc-start id="1458" type="global" contextid="1457" timestamp="2019-08-09T18:53:33.516">
  <mem-info id="1459" free="201728" total="20185088" percent="0">
    <mem type="tenure" free="201728" total="20185088" percent="0">
      <mem type="soa" free="0" total="19983360" percent="0" />
      <mem type="loa" free="201728" total="201728" percent="100" />
    </mem>
  </mem-info>
</gc-start>
<allocation-stats totalBytes="11447528" >
  <allocated-bytes non-tlh="0" tlh="11447528" />
  <largest-consumer threadName="main" threadId="00000000023ECF00" bytes="11447528" />
</allocation-stats>
<gc-op id="1460" type="mark" timems="16.139" contextid="1457" timestamp="2019-08-09T18:53:33.532">
  <trace-info objectcount="170702" scancount="143627" scanbytes="4237976" />
  <finalization candidates="81" enqueued="0" />
  <ownableSynchronizers candidates="21" cleared="0" />
  <references type="soft" candidates="2247" cleared="24" enqueued="24" dynamicThreshold="18" maxThreshold="32" />
  <references type="weak" candidates="5506" cleared="0" enqueued="0" />
  <references type="phantom" candidates="98" cleared="0" enqueued="0" />
  <stringconstants candidates="13231" cleared="0"  />
</gc-op>
<gc-op id="1461" type="sweep" timems="3.940" contextid="1457" timestamp="2019-08-09T18:53:33.537" />
<mem-info id="1462" free="10588232" total="20185088" percent="52">
  <mem type="tenure" free="10588232" total="20185088" percent="52" micro-fragmented="49020" macro-fragmented="0">
    <mem type="soa" free="10386504" total="19983360" percent="51" />
    <mem type="loa" free="201728" total="201728" percent="100" />
  </mem>
  <pending-finalizers system="0" default="0" reference="24" classloader="0" />
</mem-info>
<gc-op id="1463" type="compact" timems="37.238" contextid="1457" timestamp="2019-08-09T18:53:33.574">
  <compact-info movecount="133021" movebytes="6890040" reason="compact to aid heap contraction" />
</gc-op>
<heap-resize id="1464" type="expand" space="tenure" amount="131072" count="1" timems="0.019" reason="satisfy allocation request" timestamp="2019-08-09T18:53:33.575" />
<gc-end id="1465" type="global" contextid="1457" durationms="58.426" usertimems="117.055" systemtimems="0.000" timestamp="2019-08-09T18:53:33.575" activeThreads="16">
  <mem-info id="1466" free="11135488" total="20316160" percent="54">
    <mem type="tenure" free="11135488" total="20316160" percent="54">
      <mem type="soa" free="10932736" total="20113408" percent="54" />
      <mem type="loa" free="202752" total="202752" percent="100" />
    </mem>
    <pending-finalizers system="0" default="0" reference="24" classloader="0" />
  </mem-info>
</gc-end>
<cycle-end id="1467" type="global" contextid="1457" timestamp="2019-08-09T18:53:33.575" />
  <attribute name="elasticGC enabled" value="1" />
  <attribute name= "numThreadsSpecified" value="16" />
  <attribute name="heapSize specified" value="20185088" />
  <attribute name="Current GC Util" value="44" />
  <attribute name= "Current Time Running" value="153518" />
  <attribute name ="GC Interval" value="0" />
  <attribute name="Target GC Util Change" value ="80.000000" />
  <attribute name="Current GC Util Change" value="44.000000"/>
  <attribute name="Current Error" value="-84.000000" />
  <attribute name="Output H" value="20260672"/>
  <attribute name="Output I" value="1912"/>
  <attribute name="Output T" value="16"/>
  <attribute name= "Current Time Running" value="153518" />
  <attribute name="GC Util currently" value="44" />
  <attribute name="CPU Util currently" value="31010456186" />
<allocation-satisfied id="1468" threadId="00000000023ECF00" bytesRequested="704" />
<af-end id="1469" timestamp="2019-08-09T18:53:33.575" threadId="00000000023ED888" success="true" />
<exclusive-end id="1470" timestamp="2019-08-09T18:53:33.575" durationms="58.632" />

<exclusive-start id="1471" timestamp="2019-08-09T18:53:33.669" intervalms="152.656">
  <response-info timems="0.955" idlems="0.955" threads="0" lastid="00000000023ECF00" lastname="main" />
</exclusive-start>
<af-start id="1472" threadId="00000000023ED888" totalBytesRequested="664" timestamp="2019-08-09T18:53:33.669" intervalms="152.716" />
<cycle-start id="1473" type="global" contextid="0" timestamp="2019-08-09T18:53:33.669" intervalms="152.715" />
<gc-start id="1474" type="global" contextid="1473" timestamp="2019-08-09T18:53:33.669">
  <mem-info id="1475" free="202752" total="20316160" percent="0">
    <mem type="tenure" free="202752" total="20316160" percent="0">
      <mem type="soa" free="0" total="20113408" percent="0" />
      <mem type="loa" free="202752" total="202752" percent="100" />
    </mem>
  </mem-info>
</gc-start>
<allocation-stats totalBytes="10984880" >
  <allocated-bytes non-tlh="0" tlh="10984880" />
  <largest-consumer threadName="main" threadId="00000000023ECF00" bytes="10984880" />
</allocation-stats>
<gc-op id="1476" type="mark" timems="13.281" contextid="1473" timestamp="2019-08-09T18:53:33.683">
  <trace-info objectcount="193026" scancount="163014" scanbytes="4724444" />
  <finalization candidates="81" enqueued="0" />
  <ownableSynchronizers candidates="21" cleared="0" />
  <references type="soft" candidates="2223" cleared="1" enqueued="1" dynamicThreshold="17" maxThreshold="32" />
  <references type="weak" candidates="5506" cleared="0" enqueued="0" />
  <references type="phantom" candidates="98" cleared="0" enqueued="0" />
  <stringconstants candidates="13231" cleared="3"  />
</gc-op>
<gc-op id="1477" type="sweep" timems="4.006" contextid="1473" timestamp="2019-08-09T18:53:33.687" />
<mem-info id="1478" free="10162200" total="20316160" percent="50">
  <mem type="tenure" free="10162200" total="20316160" percent="50" micro-fragmented="62476" macro-fragmented="0">
    <mem type="soa" free="9959448" total="20113408" percent="49" />
    <mem type="loa" free="202752" total="202752" percent="100" />
  </mem>
  <pending-finalizers system="0" default="0" reference="1" classloader="0" />
</mem-info>
<gc-op id="1479" type="compact" timems="45.550" contextid="1473" timestamp="2019-08-09T18:53:33.733">
  <compact-info movecount="155345" movebytes="7467616" reason="compact to aid heap contraction" />
</gc-op>
<heap-resize id="1480" type="expand" space="tenure" amount="131072" count="1" timems="0.017" reason="satisfy allocation request" timestamp="2019-08-09T18:53:33.734" />
<gc-end id="1481" type="global" contextid="1473" durationms="64.646" usertimems="99.722" systemtimems="0.000" timestamp="2019-08-09T18:53:33.734" activeThreads="16">
  <mem-info id="1482" free="10688984" total="20447232" percent="52">
    <mem type="tenure" free="10688984" total="20447232" percent="52">
      <mem type="soa" free="10485208" total="20243456" percent="51" />
      <mem type="loa" free="203776" total="203776" percent="100" />
    </mem>
    <pending-finalizers system="0" default="0" reference="1" classloader="0" />
  </mem-info>
</gc-end>
<cycle-end id="1483" type="global" contextid="1473" timestamp="2019-08-09T18:53:33.734" />
  <attribute name="elasticGC enabled" value="1" />
  <attribute name= "numThreadsSpecified" value="16" />
  <attribute name="heapSize specified" value="20316160" />
  <attribute name="Current GC Util" value="31" />
  <attribute name= "Current Time Running" value="153677" />
  <attribute name ="GC Interval" value="0" />
  <attribute name="Target GC Util Change" value ="80.000000" />
  <attribute name="Current GC Util Change" value="31.000000"/>
  <attribute name="Current Error" value="-155.000000" />
  <attribute name="Output H" value="20391664"/>
  <attribute name="Output I" value="1832"/>
  <attribute name="Output T" value="16"/>
  <attribute name= "Current Time Running" value="153677" />
  <attribute name="GC Util currently" value="31" />
  <attribute name="CPU Util currently" value="25300953055" />
<allocation-satisfied id="1484" threadId="00000000023ECF00" bytesRequested="664" />
<af-end id="1485" timestamp="2019-08-09T18:53:33.734" threadId="00000000023ED888" success="true" />
<exclusive-end id="1486" timestamp="2019-08-09T18:53:33.734" durationms="65.474" />

<exclusive-start id="1487" timestamp="2019-08-09T18:53:33.799" intervalms="130.096">
  <response-info timems="0.087" idlems="0.087" threads="0" lastid="00000000023ECF00" lastname="main" />
</exclusive-start>
<af-start id="1488" threadId="00000000023ED888" totalBytesRequested="664" timestamp="2019-08-09T18:53:33.799" intervalms="130.080" />
<cycle-start id="1489" type="global" contextid="0" timestamp="2019-08-09T18:53:33.799" intervalms="130.090" />
<gc-start id="1490" type="global" contextid="1489" timestamp="2019-08-09T18:53:33.799">
  <mem-info id="1491" free="203776" total="20447232" percent="0">
    <mem type="tenure" free="203776" total="20447232" percent="0">
      <mem type="soa" free="0" total="20243456" percent="0" />
      <mem type="loa" free="203776" total="203776" percent="100" />
    </mem>
  </mem-info>
</gc-start>
<allocation-stats totalBytes="10539040" >
  <allocated-bytes non-tlh="0" tlh="10539040" />
  <largest-consumer threadName="main" threadId="00000000023ECF00" bytes="10539040" />
</allocation-stats>
<gc-op id="1492" type="mark" timems="20.820" contextid="1489" timestamp="2019-08-09T18:53:33.820">
  <trace-info objectcount="213994" scancount="181356" scanbytes="5153924" />
  <finalization candidates="81" enqueued="0" />
  <ownableSynchronizers candidates="21" cleared="0" />
  <references type="soft" candidates="2222" cleared="2" enqueued="2" dynamicThreshold="16" maxThreshold="32" />
  <references type="weak" candidates="5506" cleared="0" enqueued="0" />
  <references type="phantom" candidates="98" cleared="0" enqueued="0" />
  <stringconstants candidates="13228" cleared="0"  />
</gc-op>
<gc-op id="1493" type="sweep" timems="3.044" contextid="1489" timestamp="2019-08-09T18:53:33.823" />
<mem-info id="1494" free="9806256" total="20447232" percent="47">
  <mem type="tenure" free="9806256" total="20447232" percent="47" micro-fragmented="41685" macro-fragmented="0">
    <mem type="soa" free="9602480" total="20243456" percent="47" />
    <mem type="loa" free="203776" total="203776" percent="100" />
  </mem>
  <pending-finalizers system="0" default="0" reference="2" classloader="0" />
</mem-info>
<gc-op id="1495" type="compact" timems="35.451" contextid="1489" timestamp="2019-08-09T18:53:33.859">
  <compact-info movecount="117148" movebytes="5050528" reason="compact to aid heap contraction" />
</gc-op>
<heap-resize id="1496" type="expand" space="tenure" amount="131072" count="1" timems="0.020" reason="satisfy allocation request" timestamp="2019-08-09T18:53:33.859" />
<gc-end id="1497" type="global" contextid="1489" durationms="60.510" usertimems="120.373" systemtimems="0.000" timestamp="2019-08-09T18:53:33.859" activeThreads="16">
  <mem-info id="1498" free="10307304" total="20578304" percent="50">
    <mem type="tenure" free="10307304" total="20578304" percent="50">
      <mem type="soa" free="10102504" total="20373504" percent="49" />
      <mem type="loa" free="204800" total="204800" percent="100" />
    </mem>
    <pending-finalizers system="0" default="0" reference="2" classloader="0" />
  </mem-info>
</gc-end>
<cycle-end id="1499" type="global" contextid="1489" timestamp="2019-08-09T18:53:33.860" />
  <attribute name="elasticGC enabled" value="1" />
  <attribute name= "numThreadsSpecified" value="16" />
  <attribute name="heapSize specified" value="20447232" />
  <attribute name="Current GC Util" value="35" />
  <attribute name= "Current Time Running" value="153803" />
  <attribute name ="GC Interval" value="0" />
  <attribute name="Target GC Util Change" value ="80.000000" />
  <attribute name="Current GC Util Change" value="35.000000"/>
  <attribute name="Current Error" value="45.000000" />
  <attribute name="Output H" value="20522968"/>
  <attribute name="Output I" value="2064"/>
  <attribute name="Output T" value="16"/>
  <attribute name= "Current Time Running" value="153803" />
  <attribute name="GC Util currently" value="35" />
  <attribute name="CPU Util currently" value="32474383309" />
<allocation-satisfied id="1500" threadId="00000000023ECF00" bytesRequested="664" />
<af-end id="1501" timestamp="2019-08-09T18:53:33.860" threadId="00000000023ED888" success="true" />
<exclusive-end id="1502" timestamp="2019-08-09T18:53:33.860" durationms="60.822" />

<exclusive-start id="1503" timestamp="2019-08-09T18:53:33.908" intervalms="108.962">
  <response-info timems="0.067" idlems="0.067" threads="0" lastid="00000000023ECF00" lastname="main" />
</exclusive-start>
<af-start id="1504" threadId="00000000023ED888" totalBytesRequested="680" timestamp="2019-08-09T18:53:33.908" intervalms="108.927" />
<cycle-start id="1505" type="global" contextid="0" timestamp="2019-08-09T18:53:33.908" intervalms="108.937" />
<gc-start id="1506" type="global" contextid="1505" timestamp="2019-08-09T18:53:33.908">
  <mem-info id="1507" free="204800" total="20578304" percent="0">
    <mem type="tenure" free="204800" total="20578304" percent="0">
      <mem type="soa" free="0" total="20373504" percent="0" />
      <mem type="loa" free="204800" total="204800" percent="100" />
    </mem>
  </mem-info>
</gc-start>
<allocation-stats totalBytes="10158872" >
  <allocated-bytes non-tlh="0" tlh="10158872" />
  <largest-consumer threadName="main" threadId="00000000023ECF00" bytes="10158872" />
</allocation-stats>
<gc-op id="1508" type="mark" timems="7.108" contextid="1505" timestamp="2019-08-09T18:53:33.915">
  <trace-info objectcount="234977" scancount="199626" scanbytes="5581764" />
  <finalization candidates="81" enqueued="0" />
  <ownableSynchronizers candidates="21" cleared="0" />
  <references type="soft" candidates="2220" cleared="0" enqueued="0" dynamicThreshold="16" maxThreshold="32" />
  <references type="weak" candidates="5506" cleared="0" enqueued="0" />
  <references type="phantom" candidates="98" cleared="0" enqueued="0" />
  <stringconstants candidates="13228" cleared="0"  />
</gc-op>
<gc-op id="1509" type="sweep" timems="2.371" contextid="1505" timestamp="2019-08-09T18:53:33.917" />
<mem-info id="1510" free="9420112" total="20578304" percent="45">
  <mem type="tenure" free="9420112" total="20578304" percent="45" micro-fragmented="52511" macro-fragmented="0">
    <mem type="soa" free="9215312" total="20373504" percent="45" />
    <mem type="loa" free="204800" total="204800" percent="100" />
  </mem>
</mem-info>
<gc-op id="1511" type="compact" timems="39.576" contextid="1505" timestamp="2019-08-09T18:53:33.957">
  <compact-info movecount="137715" movebytes="5548328" reason="compact to aid heap contraction" />
</gc-op>
<heap-resize id="1512" type="expand" space="tenure" amount="131072" count="1" timems="0.017" reason="satisfy allocation request" timestamp="2019-08-09T18:53:33.958" />
<gc-end id="1513" type="global" contextid="1505" durationms="50.134" usertimems="85.209" systemtimems="0.000" timestamp="2019-08-09T18:53:33.958" activeThreads="16">
  <mem-info id="1514" free="9928136" total="20709376" percent="47">
    <mem type="tenure" free="9928136" total="20709376" percent="47">
      <mem type="soa" free="9721288" total="20502528" percent="47" />
      <mem type="loa" free="206848" total="206848" percent="100" />
    </mem>
  </mem-info>
</gc-end>
<cycle-end id="1515" type="global" contextid="1505" timestamp="2019-08-09T18:53:33.958" />
  <attribute name="elasticGC enabled" value="1" />
  <attribute name= "numThreadsSpecified" value="16" />
  <attribute name="heapSize specified" value="20578304" />
  <attribute name="Current GC Util" value="33" />
  <attribute name= "Current Time Running" value="153901" />
  <attribute name ="GC Interval" value="0" />
  <attribute name="Target GC Util Change" value ="80.000000" />
  <attribute name="Current GC Util Change" value="33.000000"/>
  <attribute name="Current Error" value="-237.000000" />
  <attribute name="Output H" value="20653712"/>
  <attribute name="Output I" value="1736"/>
  <attribute name="Output T" value="16"/>
  <attribute name= "Current Time Running" value="153901" />
  <attribute name="GC Util currently" value="33" />
  <attribute name="CPU Util currently" value="29112837539" />
<allocation-satisfied id="1516" threadId="00000000023ECF00" bytesRequested="680" />
<af-end id="1517" timestamp="2019-08-09T18:53:33.958" threadId="00000000023ED888" success="true" />
<exclusive-end id="1518" timestamp="2019-08-09T18:53:33.958" durationms="50.353" />

<exclusive-start id="1519" timestamp="2019-08-09T18:53:33.980" intervalms="72.183">
  <response-info timems="0.014" idlems="0.014" threads="0" lastid="00000000023ECF00" lastname="main" />
</exclusive-start>
<af-start id="1520" threadId="00000000023ED888" totalBytesRequested="16" timestamp="2019-08-09T18:53:33.980" intervalms="72.199" />
<cycle-start id="1521" type="global" contextid="0" timestamp="2019-08-09T18:53:33.980" intervalms="72.180" />
<gc-start id="1522" type="global" contextid="1521" timestamp="2019-08-09T18:53:33.980">
  <mem-info id="1523" free="206848" total="20709376" percent="0">
    <mem type="tenure" free="206848" total="20709376" percent="0">
      <mem type="soa" free="0" total="20502528" percent="0" />
      <mem type="loa" free="206848" total="206848" percent="100" />
    </mem>
  </mem-info>
</gc-start>
<allocation-stats totalBytes="9778376" >
  <allocated-bytes non-tlh="0" tlh="9778376" />
  <largest-consumer threadName="main" threadId="00000000023ECF00" bytes="9778376" />
</allocation-stats>
<gc-op id="1524" type="mark" timems="6.196" contextid="1521" timestamp="2019-08-09T18:53:33.986">
  <trace-info objectcount="255116" scancount="216554" scanbytes="5978300" />
  <finalization candidates="81" enqueued="0" />
  <ownableSynchronizers candidates="21" cleared="0" />
  <references type="soft" candidates="2220" cleared="4" enqueued="4" dynamicThreshold="15" maxThreshold="32" />
  <references type="weak" candidates="5506" cleared="0" enqueued="0" />
  <references type="phantom" candidates="98" cleared="0" enqueued="0" />
  <stringconstants candidates="13228" cleared="0"  />
</gc-op>
<gc-op id="1525" type="sweep" timems="1.968" contextid="1521" timestamp="2019-08-09T18:53:33.989" />
<mem-info id="1526" free="9073144" total="20709376" percent="43">
  <mem type="tenure" free="9073144" total="20709376" percent="43" micro-fragmented="36010" macro-fragmented="0">
    <mem type="soa" free="8866296" total="20502528" percent="43" />
    <mem type="loa" free="206848" total="206848" percent="100" />
  </mem>
  <pending-finalizers system="0" default="0" reference="4" classloader="0" />
</mem-info>
<gc-op id="1527" type="compact" timems="54.467" contextid="1521" timestamp="2019-08-09T18:53:34.043">
  <compact-info movecount="157263" movebytes="6041768" reason="compact to aid heap contraction" />
</gc-op>
<heap-resize id="1528" type="expand" space="tenure" amount="131072" count="1" timems="0.019" reason="satisfy allocation request" timestamp="2019-08-09T18:53:34.044" />
<gc-end id="1529" type="global" contextid="1521" durationms="64.278" usertimems="95.052" systemtimems="0.000" timestamp="2019-08-09T18:53:34.044" activeThreads="16">
  <mem-info id="1530" free="9543768" total="20840448" percent="45">
    <mem type="tenure" free="9543768" total="20840448" percent="45">
      <mem type="soa" free="9335896" total="20632576" percent="45" />
      <mem type="loa" free="207872" total="207872" percent="100" />
    </mem>
    <pending-finalizers system="0" default="0" reference="4" classloader="0" />
  </mem-info>
</gc-end>
<cycle-end id="1531" type="global" contextid="1521" timestamp="2019-08-09T18:53:34.044" />
  <attribute name="elasticGC enabled" value="1" />
  <attribute name= "numThreadsSpecified" value="16" />
  <attribute name="heapSize specified" value="20709376" />
  <attribute name="Current GC Util" value="109" />
  <attribute name= "Current Time Running" value="153987" />
  <attribute name ="GC Interval" value="0" />
  <attribute name="Target GC Util Change" value ="80.000000" />
  <attribute name="Current GC Util Change" value="109.000000"/>
  <attribute name="Current Error" value="-356.000000" />
  <attribute name="Output H" value="20784648"/>
  <attribute name="Output I" value="1600"/>
  <attribute name="Output T" value="16"/>
  <attribute name= "Current Time Running" value="153987" />
  <attribute name="GC Util currently" value="109" />
  <attribute name="CPU Util currently" value="21143769672" />
<allocation-satisfied id="1532" threadId="00000000023ECF00" bytesRequested="16" />
<af-end id="1533" timestamp="2019-08-09T18:53:34.044" threadId="00000000023ED888" success="true" />
<exclusive-end id="1534" timestamp="2019-08-09T18:53:34.044" durationms="64.504" />

<exclusive-start id="1535" timestamp="2019-08-09T18:53:34.077" intervalms="97.127">
  <response-info timems="0.018" idlems="0.018" threads="0" lastid="00000000023ECF00" lastname="main" />
</exclusive-start>
<af-start id="1536" threadId="00000000023ED888" totalBytesRequested="16" timestamp="2019-08-09T18:53:34.077" intervalms="97.120" />
<cycle-start id="1537" type="global" contextid="0" timestamp="2019-08-09T18:53:34.077" intervalms="97.132" />
<gc-start id="1538" type="global" contextid="1537" timestamp="2019-08-09T18:53:34.077">
  <mem-info id="1539" free="207872" total="20840448" percent="0">
    <mem type="tenure" free="207872" total="20840448" percent="0">
      <mem type="soa" free="0" total="20632576" percent="0" />
      <mem type="loa" free="207872" total="207872" percent="100" />
    </mem>
  </mem-info>
</gc-start>
<allocation-stats totalBytes="9392528" >
  <allocated-bytes non-tlh="131088" tlh="9261440" />
  <largest-consumer threadName="main" threadId="00000000023ECF00" bytes="9392528" />
</allocation-stats>
<gc-op id="1540" type="mark" timems="6.523" contextid="1537" timestamp="2019-08-09T18:53:34.084">
  <trace-info objectcount="274393" scancount="232746" scanbytes="6422748" />
  <finalization candidates="81" enqueued="0" />
  <ownableSynchronizers candidates="21" cleared="0" />
  <references type="soft" candidates="2216" cleared="2" enqueued="2" dynamicThreshold="14" maxThreshold="32" />
  <references type="weak" candidates="5506" cleared="0" enqueued="0" />
  <references type="phantom" candidates="98" cleared="0" enqueued="0" />
  <stringconstants candidates="13228" cleared="0"  />
</gc-op>
<gc-op id="1541" type="sweep" timems="1.686" contextid="1537" timestamp="2019-08-09T18:53:34.086" />
<mem-info id="1542" free="8665344" total="20840448" percent="41">
  <mem type="tenure" free="8665344" total="20840448" percent="41" micro-fragmented="56878" macro-fragmented="0">
    <mem type="soa" free="8457472" total="20632576" percent="40" />
    <mem type="loa" free="207872" total="207872" percent="100" />
  </mem>
  <pending-finalizers system="0" default="0" reference="2" classloader="0" />
</mem-info>
<gc-op id="1543" type="compact" timems="47.664" contextid="1537" timestamp="2019-08-09T18:53:34.134">
  <compact-info movecount="176540" movebytes="6573040" reason="compact to aid heap contraction" />
</gc-op>
<heap-resize id="1544" type="expand" space="tenure" amount="131072" count="1" timems="0.019" reason="satisfy allocation request" timestamp="2019-08-09T18:53:34.134" />
<gc-end id="1545" type="global" contextid="1537" durationms="57.089" usertimems="86.532" systemtimems="0.000" timestamp="2019-08-09T18:53:34.134" activeThreads="16">
  <mem-info id="1546" free="9143568" total="20971520" percent="43">
    <mem type="tenure" free="9143568" total="20971520" percent="43">
      <mem type="soa" free="8934672" total="20762624" percent="43" />
      <mem type="loa" free="208896" total="208896" percent="100" />
    </mem>
    <pending-finalizers system="0" default="0" reference="2" classloader="0" />
  </mem-info>
</gc-end>
<cycle-end id="1547" type="global" contextid="1537" timestamp="2019-08-09T18:53:34.134" />
  <attribute name="elasticGC enabled" value="1" />
  <attribute name= "numThreadsSpecified" value="16" />
  <attribute name="heapSize specified" value="20840448" />
  <attribute name="Current GC Util" value="23" />
  <attribute name= "Current Time Running" value="154078" />
  <attribute name ="GC Interval" value="0" />
  <attribute name="Target GC Util Change" value ="80.000000" />
  <attribute name="Current GC Util Change" value="23.000000"/>
  <attribute name="Current Error" value="57.000000" />
  <attribute name="Output H" value="20916200"/>
  <attribute name="Output I" value="2080"/>
  <attribute name="Output T" value="16"/>
  <attribute name= "Current Time Running" value="154078" />
  <attribute name="GC Util currently" value="23" />
  <attribute name="CPU Util currently" value="24135596178" />
<allocation-satisfied id="1548" threadId="00000000023ECF00" bytesRequested="16" />
<af-end id="1549" timestamp="2019-08-09T18:53:34.134" threadId="00000000023ED888" success="true" />
<exclusive-end id="1550" timestamp="2019-08-09T18:53:34.134" durationms="57.330" />

<exclusive-start id="1551" timestamp="2019-08-09T18:53:34.154" intervalms="77.054">
  <response-info timems="0.019" idlems="0.019" threads="0" lastid="00000000023ECF00" lastname="main" />
</exclusive-start>
<af-start id="1552" threadId="00000000023ED888" totalBytesRequested="88" timestamp="2019-08-09T18:53:34.154" intervalms="77.039" />
<cycle-start id="1553" type="global" contextid="0" timestamp="2019-08-09T18:53:34.154" intervalms="77.024" />
<gc-start id="1554" type="global" contextid="1553" timestamp="2019-08-09T18:53:34.154">
  <mem-info id="1555" free="208896" total="20971520" percent="0">
    <mem type="tenure" free="208896" total="20971520" percent="0">
      <mem type="soa" free="0" total="20762624" percent="0" />
      <mem type="loa" free="208896" total="208896" percent="100" />
    </mem>
  </mem-info>
</gc-start>
<allocation-stats totalBytes="8990744" >
  <allocated-bytes non-tlh="0" tlh="8990744" />
  <largest-consumer threadName="main" threadId="00000000023ECF00" bytes="8990744" />
</allocation-stats>
<gc-op id="1556" type="mark" timems="11.199" contextid="1553" timestamp="2019-08-09T18:53:34.165">
  <trace-info objectcount="294134" scancount="249294" scanbytes="6810260" />
  <finalization candidates="81" enqueued="0" />
  <ownableSynchronizers candidates="21" cleared="0" />
  <references type="soft" candidates="2214" cleared="3" enqueued="3" dynamicThreshold="13" maxThreshold="32" />
  <references type="weak" candidates="5506" cleared="0" enqueued="0" />
  <references type="phantom" candidates="98" cleared="0" enqueued="0" />
  <stringconstants candidates="13228" cleared="0"  />
</gc-op>
<gc-op id="1557" type="sweep" timems="2.136" contextid="1553" timestamp="2019-08-09T18:53:34.168" />
<mem-info id="1558" free="8328408" total="20971520" percent="39">
  <mem type="tenure" free="8328408" total="20971520" percent="39" micro-fragmented="33471" macro-fragmented="0">
    <mem type="soa" free="8119512" total="20762624" percent="39" />
    <mem type="loa" free="208896" total="208896" percent="100" />
  </mem>
  <pending-finalizers system="0" default="0" reference="3" classloader="0" />
</mem-info>
<gc-op id="1559" type="compact" timems="52.048" contextid="1553" timestamp="2019-08-09T18:53:34.220">
  <compact-info movecount="195665" movebytes="7035624" reason="compact to aid heap contraction" />
</gc-op>
<heap-resize id="1560" type="expand" space="tenure" amount="131072" count="1" timems="0.023" reason="satisfy allocation request" timestamp="2019-08-09T18:53:34.221" />
<gc-end id="1561" type="global" contextid="1553" durationms="66.726" usertimems="125.542" systemtimems="0.000" timestamp="2019-08-09T18:53:34.221" activeThreads="16">
  <mem-info id="1562" free="8790000" total="21102592" percent="41">
    <mem type="tenure" free="8790000" total="21102592" percent="41">
      <mem type="soa" free="8579056" total="20891648" percent="41" />
      <mem type="loa" free="210944" total="210944" percent="100" />
    </mem>
    <pending-finalizers system="0" default="0" reference="3" classloader="0" />
  </mem-info>
</gc-end>
<cycle-end id="1563" type="global" contextid="1553" timestamp="2019-08-09T18:53:34.221" />
  <attribute name="elasticGC enabled" value="1" />
  <attribute name= "numThreadsSpecified" value="16" />
  <attribute name="heapSize specified" value="20971520" />
  <attribute name="Current GC Util" value="24" />
  <attribute name= "Current Time Running" value="154164" />
  <attribute name ="GC Interval" value="0" />
  <attribute name="Target GC Util Change" value ="80.000000" />
  <attribute name="Current GC Util Change" value="24.000000"/>
  <attribute name="Current Error" value="-488.000000" />
  <attribute name="Output H" value="21046640"/>
  <attribute name="Output I" value="1448"/>
  <attribute name="Output T" value="16"/>
  <attribute name= "Current Time Running" value="154164" />
  <attribute name="GC Util currently" value="24" />
  <attribute name="CPU Util currently" value="22142151671" />
<allocation-satisfied id="1564" threadId="00000000023ECF00" bytesRequested="88" />
<af-end id="1565" timestamp="2019-08-09T18:53:34.221" threadId="00000000023ED888" success="true" />
<exclusive-end id="1566" timestamp="2019-08-09T18:53:34.221" durationms="66.925" />

<exclusive-start id="1567" timestamp="2019-08-09T18:53:34.241" intervalms="87.023">
  <response-info timems="0.023" idlems="0.023" threads="0" lastid="00000000023ECF00" lastname="main" />
</exclusive-start>
<af-start id="1568" threadId="00000000023ED888" totalBytesRequested="24" timestamp="2019-08-09T18:53:34.241" intervalms="87.044" />
<cycle-start id="1569" type="global" contextid="0" timestamp="2019-08-09T18:53:34.241" intervalms="87.045" />
<gc-start id="1570" type="global" contextid="1569" timestamp="2019-08-09T18:53:34.241">
  <mem-info id="1571" free="210944" total="21102592" percent="0">
    <mem type="tenure" free="210944" total="21102592" percent="0">
      <mem type="soa" free="0" total="20891648" percent="0" />
      <mem type="loa" free="210944" total="210944" percent="100" />
    </mem>
  </mem-info>
</gc-start>
<allocation-stats totalBytes="8635552" >
  <allocated-bytes non-tlh="0" tlh="8635552" />
  <largest-consumer threadName="main" threadId="00000000023ECF00" bytes="8635552" />
</allocation-stats>
<gc-op id="1572" type="mark" timems="9.217" contextid="1569" timestamp="2019-08-09T18:53:34.251">
  <trace-info objectcount="311582" scancount="264159" scanbytes="7158260" />
  <finalization candidates="81" enqueued="0" />
  <ownableSynchronizers candidates="21" cleared="0" />
  <references type="soft" candidates="2211" cleared="0" enqueued="0" dynamicThreshold="13" maxThreshold="32" />
  <references type="weak" candidates="5506" cleared="0" enqueued="0" />
  <references type="phantom" candidates="98" cleared="0" enqueued="0" />
  <stringconstants candidates="13228" cleared="0"  />
</gc-op>
<gc-op id="1573" type="sweep" timems="2.709" contextid="1569" timestamp="2019-08-09T18:53:34.253" />
<mem-info id="1574" free="8082312" total="21102592" percent="38">
  <mem type="tenure" free="8082312" total="21102592" percent="38" micro-fragmented="36449" macro-fragmented="0">
    <mem type="soa" free="7871368" total="20891648" percent="37" />
    <mem type="loa" free="210944" total="210944" percent="100" />
  </mem>
</mem-info>
<gc-op id="1575" type="compact" timems="56.360" contextid="1569" timestamp="2019-08-09T18:53:34.310">
  <compact-info movecount="212714" movebytes="7450776" reason="compact to aid heap contraction" />
</gc-op>
<heap-resize id="1576" type="expand" space="tenure" amount="131072" count="1" timems="0.019" reason="satisfy allocation request" timestamp="2019-08-09T18:53:34.311" />
<gc-end id="1577" type="global" contextid="1569" durationms="69.389" usertimems="95.841" systemtimems="0.000" timestamp="2019-08-09T18:53:34.311" activeThreads="16">
  <mem-info id="1578" free="8491064" total="21233664" percent="39">
    <mem type="tenure" free="8491064" total="21233664" percent="39">
      <mem type="soa" free="8279096" total="21021696" percent="39" />
      <mem type="loa" free="211968" total="211968" percent="100" />
    </mem>
  </mem-info>
</gc-end>
<cycle-end id="1579" type="global" contextid="1569" timestamp="2019-08-09T18:53:34.311" />
  <attribute name="elasticGC enabled" value="1" />
  <attribute name= "numThreadsSpecified" value="16" />
  <attribute name="heapSize specified" value="21102592" />
  <attribute name="Current GC Util" value="18" />
  <attribute name= "Current Time Running" value="154254" />
  <attribute name ="GC Interval" value="0" />
  <attribute name="Target GC Util Change" value ="80.000000" />
  <attribute name="Current GC Util Change" value="18.000000"/>
  <attribute name="Current Error" value="-177.000000" />
  <attribute name="Output H" value="21178072"/>
  <attribute name="Output I" value="1808"/>
  <attribute name="Output T" value="16"/>
  <attribute name= "Current Time Running" value="154254" />
  <attribute name="GC Util currently" value="18" />
  <attribute name="CPU Util currently" value="20400470031" />
<allocation-satisfied id="1580" threadId="00000000023ECF00" bytesRequested="24" />
<af-end id="1581" timestamp="2019-08-09T18:53:34.311" threadId="00000000023ED888" success="true" />
<exclusive-end id="1582" timestamp="2019-08-09T18:53:34.311" durationms="69.827" />

<exclusive-start id="1583" timestamp="2019-08-09T18:53:34.329" intervalms="88.307">
  <response-info timems="0.022" idlems="0.022" threads="0" lastid="00000000023ECF00" lastname="main" />
</exclusive-start>
<af-start id="1584" threadId="00000000023ED888" totalBytesRequested="656" timestamp="2019-08-09T18:53:34.330" intervalms="88.336" />
<cycle-start id="1585" type="global" contextid="0" timestamp="2019-08-09T18:53:34.330" intervalms="88.347" />
<gc-start id="1586" type="global" contextid="1585" timestamp="2019-08-09T18:53:34.330">
  <mem-info id="1587" free="211968" total="21233664" percent="0">
    <mem type="tenure" free="211968" total="21233664" percent="0">
      <mem type="soa" free="0" total="21021696" percent="0" />
      <mem type="loa" free="211968" total="211968" percent="100" />
    </mem>
  </mem-info>
</gc-start>
<allocation-stats totalBytes="8337064" >
  <allocated-bytes non-tlh="0" tlh="8337064" />
  <largest-consumer threadName="main" threadId="00000000023ECF00" bytes="8337064" />
</allocation-stats>
<gc-op id="1588" type="mark" timems="7.697" contextid="1585" timestamp="2019-08-09T18:53:34.338">
  <trace-info objectcount="328301" scancount="278494" scanbytes="7491472" />
  <finalization candidates="81" enqueued="0" />
  <ownableSynchronizers candidates="21" cleared="0" />
  <references type="soft" candidates="2211" cleared="25" enqueued="25" dynamicThreshold="12" maxThreshold="32" />
  <references type="weak" candidates="5506" cleared="0" enqueued="0" />
  <references type="phantom" candidates="98" cleared="0" enqueued="0" />
  <stringconstants candidates="13228" cleared="0"  />
</gc-op>
<gc-op id="1589" type="sweep" timems="1.658" contextid="1585" timestamp="2019-08-09T18:53:34.340" />
<mem-info id="1590" free="7826984" total="21233664" percent="36">
  <mem type="tenure" free="7826984" total="21233664" percent="36" micro-fragmented="34982" macro-fragmented="0">
    <mem type="soa" free="7615016" total="21021696" percent="36" />
    <mem type="loa" free="211968" total="211968" percent="100" />
  </mem>
  <pending-finalizers system="0" default="0" reference="25" classloader="0" />
</mem-info>
<gc-op id="1591" type="compact" timems="84.712" contextid="1585" timestamp="2019-08-09T18:53:34.425">
  <compact-info movecount="228714" movebytes="7832976" reason="compact to aid heap contraction" />
</gc-op>
<heap-resize id="1592" type="expand" space="tenure" amount="131072" count="1" timems="0.020" reason="satisfy allocation request" timestamp="2019-08-09T18:53:34.425" />
<gc-end id="1593" type="global" contextid="1585" durationms="95.559" usertimems="133.556" systemtimems="0.000" timestamp="2019-08-09T18:53:34.425" activeThreads="16">
  <mem-info id="1594" free="8215528" total="21364736" percent="38">
    <mem type="tenure" free="8215528" total="21364736" percent="38">
      <mem type="soa" free="8002536" total="21151744" percent="37" />
      <mem type="loa" free="212992" total="212992" percent="100" />
    </mem>
    <pending-finalizers system="0" default="0" reference="25" classloader="0" />
  </mem-info>
</gc-end>
<cycle-end id="1595" type="global" contextid="1585" timestamp="2019-08-09T18:53:34.425" />
  <attribute name="elasticGC enabled" value="1" />
  <attribute name= "numThreadsSpecified" value="16" />
  <attribute name="heapSize specified" value="21233664" />
  <attribute name="Current GC Util" value="29" />
  <attribute name= "Current Time Running" value="154368" />
  <attribute name ="GC Interval" value="0" />
  <attribute name="Target GC Util Change" value ="80.000000" />
  <attribute name="Current GC Util Change" value="29.000000"/>
  <attribute name="Current Error" value="51.000000" />
  <attribute name="Output H" value="21309408"/>
  <attribute name="Output I" value="2072"/>
  <attribute name="Output T" value="16"/>
  <attribute name= "Current Time Running" value="154368" />
  <attribute name="GC Util currently" value="29" />
  <attribute name="CPU Util currently" value="13605817692" />
<allocation-satisfied id="1596" threadId="00000000023ECF00" bytesRequested="656" />
<af-end id="1597" timestamp="2019-08-09T18:53:34.425" threadId="00000000023ED888" success="true" />
<exclusive-end id="1598" timestamp="2019-08-09T18:53:34.425" durationms="95.861" />

<exclusive-start id="1599" timestamp="2019-08-09T18:53:34.442" intervalms="112.243">
  <response-info timems="0.018" idlems="0.018" threads="0" lastid="00000000023ECF00" lastname="main" />
</exclusive-start>
<af-start id="1600" threadId="00000000023ED888" totalBytesRequested="656" timestamp="2019-08-09T18:53:34.442" intervalms="112.194" />
<cycle-start id="1601" type="global" contextid="0" timestamp="2019-08-09T18:53:34.442" intervalms="112.186" />
<gc-start id="1602" type="global" contextid="1601" timestamp="2019-08-09T18:53:34.442">
  <mem-info id="1603" free="212992" total="21364736" percent="0">
    <mem type="tenure" free="212992" total="21364736" percent="0">
      <mem type="soa" free="0" total="21151744" percent="0" />
      <mem type="loa" free="212992" total="212992" percent="100" />
    </mem>
  </mem-info>
</gc-start>
<allocation-stats totalBytes="8061120" >
  <allocated-bytes non-tlh="0" tlh="8061120" />
  <largest-consumer threadName="main" threadId="00000000023ECF00" bytes="8061120" />
</allocation-stats>
<gc-op id="1604" type="mark" timems="17.264" contextid="1601" timestamp="2019-08-09T18:53:34.459">
  <trace-info objectcount="344396" scancount="291940" scanbytes="7790764" />
  <finalization candidates="81" enqueued="0" />
  <ownableSynchronizers candidates="21" cleared="0" />
  <references type="soft" candidates="2186" cleared="348" enqueued="348" dynamicThreshold="12" maxThreshold="32" />
  <references type="weak" candidates="5506" cleared="0" enqueued="0" />
  <references type="phantom" candidates="98" cleared="0" enqueued="0" />
  <stringconstants candidates="13228" cleared="0"  />
</gc-op>
<gc-op id="1605" type="sweep" timems="4.455" contextid="1601" timestamp="2019-08-09T18:53:34.464" />
<mem-info id="1606" free="7570280" total="21364736" percent="35">
  <mem type="tenure" free="7570280" total="21364736" percent="35" micro-fragmented="47780" macro-fragmented="0">
    <mem type="soa" free="7357288" total="21151744" percent="34" />
    <mem type="loa" free="212992" total="212992" percent="100" />
  </mem>
  <pending-finalizers system="0" default="0" reference="348" classloader="0" />
</mem-info>
<gc-op id="1607" type="compact" timems="89.268" contextid="1601" timestamp="2019-08-09T18:53:34.553">
  <compact-info movecount="312494" movebytes="11448616" reason="compact to aid heap contraction" />
</gc-op>
<heap-resize id="1608" type="expand" space="tenure" amount="131072" count="1" timems="0.019" reason="satisfy allocation request" timestamp="2019-08-09T18:53:34.554" />
<gc-end id="1609" type="global" contextid="1601" durationms="112.247" usertimems="147.407" systemtimems="0.000" timestamp="2019-08-09T18:53:34.554" activeThreads="16">
  <mem-info id="1610" free="7969128" total="21495808" percent="37">
    <mem type="tenure" free="7969128" total="21495808" percent="37">
      <mem type="soa" free="7755112" total="21281792" percent="36" />
      <mem type="loa" free="214016" total="214016" percent="100" />
    </mem>
    <pending-finalizers system="0" default="0" reference="348" classloader="0" />
  </mem-info>
</gc-end>
<cycle-end id="1611" type="global" contextid="1601" timestamp="2019-08-09T18:53:34.554" />
  <attribute name="elasticGC enabled" value="1" />
  <attribute name= "numThreadsSpecified" value="16" />
  <attribute name="heapSize specified" value="21364736" />
  <attribute name="Current GC Util" value="22" />
  <attribute name= "Current Time Running" value="154497" />
  <attribute name ="GC Interval" value="0" />
  <attribute name="Target GC Util Change" value ="80.000000" />
  <attribute name="Current GC Util Change" value="22.000000"/>
  <attribute name="Current Error" value="-423.000000" />
  <attribute name="Output H" value="21439928"/>
  <attribute name="Output I" value="1520"/>
  <attribute name="Output T" value="16"/>
  <attribute name= "Current Time Running" value="154497" />
  <attribute name="GC Util currently" value="22" />
  <attribute name="CPU Util currently" value="12910706756" />
<allocation-satisfied id="1612" threadId="00000000023ECF00" bytesRequested="656" />
<af-end id="1613" timestamp="2019-08-09T18:53:34.554" threadId="00000000023ED888" success="true" />
<exclusive-end id="1614" timestamp="2019-08-09T18:53:34.554" durationms="112.447" />

<exclusive-start id="1615" timestamp="2019-08-09T18:53:34.571" intervalms="129.740">
  <response-info timems="0.020" idlems="0.020" threads="0" lastid="00000000023ECF00" lastname="main" />
</exclusive-start>
<af-start id="1616" threadId="00000000023ED888" totalBytesRequested="80" timestamp="2019-08-09T18:53:34.572" intervalms="129.773" />
<cycle-start id="1617" type="global" contextid="0" timestamp="2019-08-09T18:53:34.572" intervalms="129.772" />
<gc-start id="1618" type="global" contextid="1617" timestamp="2019-08-09T18:53:34.572">
  <mem-info id="1619" free="214016" total="21495808" percent="0">
    <mem type="tenure" free="214016" total="21495808" percent="0">
      <mem type="soa" free="0" total="21281792" percent="0" />
      <mem type="loa" free="214016" total="214016" percent="100" />
    </mem>
  </mem-info>
</gc-start>
<allocation-stats totalBytes="7812112" >
  <allocated-bytes non-tlh="0" tlh="7812112" />
  <largest-consumer threadName="main" threadId="00000000023ECF00" bytes="7812112" />
</allocation-stats>
<gc-op id="1620" type="mark" timems="9.662" contextid="1617" timestamp="2019-08-09T18:53:34.581">
  <trace-info objectcount="358987" scancount="304099" scanbytes="8072012" />
  <finalization candidates="81" enqueued="0" />
  <ownableSynchronizers candidates="21" cleared="0" />
  <references type="soft" candidates="1838" cleared="9" enqueued="5" dynamicThreshold="11" maxThreshold="32" />
  <references type="weak" candidates="5506" cleared="0" enqueued="0" />
  <references type="phantom" candidates="98" cleared="0" enqueued="0" />
  <stringconstants candidates="13228" cleared="89"  />
</gc-op>
<gc-op id="1621" type="sweep" timems="2.975" contextid="1617" timestamp="2019-08-09T18:53:34.584" />
<mem-info id="1622" free="7318992" total="21495808" percent="34">
  <mem type="tenure" free="7318992" total="21495808" percent="34" micro-fragmented="54860" macro-fragmented="0">
    <mem type="soa" free="7104976" total="21281792" percent="33" />
    <mem type="loa" free="214016" total="214016" percent="100" />
  </mem>
  <pending-finalizers system="0" default="0" reference="5" classloader="0" />
</mem-info>
<gc-op id="1623" type="compact" timems="117.971" contextid="1617" timestamp="2019-08-09T18:53:34.703">
  <compact-info movecount="341961" movebytes="12979088" reason="compact to aid heap contraction" />
</gc-op>
<heap-resize id="1624" type="expand" space="tenure" amount="131072" count="1" timems="0.019" reason="satisfy allocation request" timestamp="2019-08-09T18:53:34.704" />
<gc-end id="1625" type="global" contextid="1617" durationms="132.125" usertimems="168.725" systemtimems="0.000" timestamp="2019-08-09T18:53:34.704" activeThreads="16">
  <mem-info id="1626" free="7738520" total="21626880" percent="35">
    <mem type="tenure" free="7738520" total="21626880" percent="35">
      <mem type="soa" free="7522456" total="21410816" percent="35" />
      <mem type="loa" free="216064" total="216064" percent="100" />
    </mem>
    <pending-finalizers system="0" default="0" reference="5" classloader="0" />
  </mem-info>
</gc-end>
<cycle-end id="1627" type="global" contextid="1617" timestamp="2019-08-09T18:53:34.704" />
  <attribute name="elasticGC enabled" value="1" />
  <attribute name= "numThreadsSpecified" value="16" />
  <attribute name="heapSize specified" value="21495808" />
  <attribute name="Current GC Util" value="15" />
  <attribute name= "Current Time Running" value="154647" />
  <attribute name ="GC Interval" value="0" />
  <attribute name="Target GC Util Change" value ="80.000000" />
  <attribute name="Current GC Util Change" value="15.000000"/>
  <attribute name="Current Error" value="-173.000000" />
  <attribute name="Output H" value="21571296"/>
  <attribute name="Output I" value="1816"/>
  <attribute name="Output T" value="16"/>
  <attribute name= "Current Time Running" value="154647" />
  <attribute name="GC Util currently" value="15" />
  <attribute name="CPU Util currently" value="9774208670" />
<allocation-satisfied id="1628" threadId="00000000023ECF00" bytesRequested="80" />
<af-end id="1629" timestamp="2019-08-09T18:53:34.704" threadId="00000000023ED888" success="true" />
<exclusive-end id="1630" timestamp="2019-08-09T18:53:34.704" durationms="132.393" />

<exclusive-start id="1631" timestamp="2019-08-09T18:53:34.723" intervalms="151.275">
  <response-info timems="0.019" idlems="0.019" threads="0" lastid="00000000023ECF00" lastname="main" />
</exclusive-start>
<af-start id="1632" threadId="00000000023ED888" totalBytesRequested="32" timestamp="2019-08-09T18:53:34.723" intervalms="151.238" />
<cycle-start id="1633" type="global" contextid="0" timestamp="2019-08-09T18:53:34.723" intervalms="151.235" />
<gc-start id="1634" type="global" contextid="1633" timestamp="2019-08-09T18:53:34.723">
  <mem-info id="1635" free="216064" total="21626880" percent="0">
    <mem type="tenure" free="216064" total="21626880" percent="0">
      <mem type="soa" free="0" total="21410816" percent="0" />
      <mem type="loa" free="216064" total="216064" percent="100" />
    </mem>
  </mem-info>
</gc-start>
<allocation-stats totalBytes="7580768" >
  <allocated-bytes non-tlh="0" tlh="7580768" />
  <largest-consumer threadName="main" threadId="00000000023ECF00" bytes="7580768" />
</allocation-stats>
<gc-op id="1636" type="mark" timems="6.868" contextid="1633" timestamp="2019-08-09T18:53:34.730">
  <trace-info objectcount="373971" scancount="317207" scanbytes="8378840" />
  <finalization candidates="81" enqueued="0" />
  <ownableSynchronizers candidates="21" cleared="0" />
  <references type="soft" candidates="1829" cleared="0" enqueued="0" dynamicThreshold="11" maxThreshold="32" />
  <references type="weak" candidates="5506" cleared="0" enqueued="0" />
  <references type="phantom" candidates="98" cleared="0" enqueued="0" />
  <stringconstants candidates="13139" cleared="0"  />
</gc-op>
<gc-op id="1637" type="sweep" timems="1.558" contextid="1633" timestamp="2019-08-09T18:53:34.731" />
<mem-info id="1638" free="7136256" total="21626880" percent="32">
  <mem type="tenure" free="7136256" total="21626880" percent="32" micro-fragmented="21164" macro-fragmented="0">
    <mem type="soa" free="6920192" total="21410816" percent="32" />
    <mem type="loa" free="216064" total="216064" percent="100" />
  </mem>
</mem-info>
<gc-op id="1639" type="compact" timems="91.537" contextid="1633" timestamp="2019-08-09T18:53:34.823">
  <compact-info movecount="356748" movebytes="13325544" reason="compact to aid heap contraction" />
</gc-op>
<heap-resize id="1640" type="expand" space="tenure" amount="131072" count="1" timems="0.018" reason="satisfy allocation request" timestamp="2019-08-09T18:53:34.824" />
<gc-end id="1641" type="global" contextid="1633" durationms="100.967" usertimems="141.512" systemtimems="0.000" timestamp="2019-08-09T18:53:34.824" activeThreads="16">
  <mem-info id="1642" free="7515576" total="21757952" percent="34">
    <mem type="tenure" free="7515576" total="21757952" percent="34">
      <mem type="soa" free="7298488" total="21540864" percent="33" />
      <mem type="loa" free="217088" total="217088" percent="100" />
    </mem>
  </mem-info>
</gc-end>
<cycle-end id="1643" type="global" contextid="1633" timestamp="2019-08-09T18:53:34.824" />
  <attribute name="elasticGC enabled" value="1" />
  <attribute name= "numThreadsSpecified" value="16" />
  <attribute name="heapSize specified" value="21626880" />
  <attribute name="Current GC Util" value="15" />
  <attribute name= "Current Time Running" value="154767" />
  <attribute name ="GC Interval" value="0" />
  <attribute name="Target GC Util Change" value ="80.000000" />
  <attribute name="Current GC Util Change" value="15.000000"/>
  <attribute name="Current Error" value="65.000000" />
  <attribute name="Output H" value="21702640"/>
  <attribute name="Output I" value="2088"/>
  <attribute name="Output T" value="16"/>
  <attribute name= "Current Time Running" value="154767" />
  <attribute name="GC Util currently" value="15" />
  <attribute name="CPU Util currently" value="12590259915" />
<allocation-satisfied id="1644" threadId="00000000023ECF00" bytesRequested="32" />
<af-end id="1645" timestamp="2019-08-09T18:53:34.824" threadId="00000000023ED888" success="true" />
<exclusive-end id="1646" timestamp="2019-08-09T18:53:34.824" durationms="101.175" />

<exclusive-start id="1647" timestamp="2019-08-09T18:53:34.840" intervalms="117.468">
  <response-info timems="0.018" idlems="0.018" threads="0" lastid="00000000023ECF00" lastname="main" />
</exclusive-start>
<af-start id="1648" threadId="00000000023ED888" totalBytesRequested="16" timestamp="2019-08-09T18:53:34.840" intervalms="117.496" />
<cycle-start id="1649" type="global" contextid="0" timestamp="2019-08-09T18:53:34.840" intervalms="117.502" />
<gc-start id="1650" type="global" contextid="1649" timestamp="2019-08-09T18:53:34.840">
  <mem-info id="1651" free="217088" total="21757952" percent="0">
    <mem type="tenure" free="217088" total="21757952" percent="0">
      <mem type="soa" free="0" total="21540864" percent="0" />
      <mem type="loa" free="217088" total="217088" percent="100" />
    </mem>
  </mem-info>
</gc-start>
<allocation-stats totalBytes="7353856" >
  <allocated-bytes non-tlh="0" tlh="7353856" />
  <largest-consumer threadName="main" threadId="00000000023ECF00" bytes="7353856" />
</allocation-stats>
<gc-op id="1652" type="mark" timems="18.532" contextid="1649" timestamp="2019-08-09T18:53:34.859">
  <trace-info objectcount="388513" scancount="329843" scanbytes="8674816" />
  <finalization candidates="81" enqueued="0" />
  <ownableSynchronizers candidates="21" cleared="0" />
  <references type="soft" candidates="1829" cleared="0" enqueued="0" dynamicThreshold="11" maxThreshold="32" />
  <references type="weak" candidates="5506" cleared="0" enqueued="0" />
  <references type="phantom" candidates="98" cleared="0" enqueued="0" />
  <stringconstants candidates="13139" cleared="0"  />
</gc-op>
<gc-op id="1653" type="sweep" timems="2.908" contextid="1649" timestamp="2019-08-09T18:53:34.862" />
<mem-info id="1654" free="6930464" total="21757952" percent="31">
  <mem type="tenure" free="6930464" total="21757952" percent="31" micro-fragmented="14444" macro-fragmented="0">
    <mem type="soa" free="6713376" total="21540864" percent="31" />
    <mem type="loa" free="217088" total="217088" percent="100" />
  </mem>
</mem-info>
<gc-op id="1655" type="compact" timems="31.625" contextid="1649" timestamp="2019-08-09T18:53:34.894">
  <compact-info movecount="31537" movebytes="749120" reason="compact to aid heap contraction" />
</gc-op>
<heap-resize id="1656" type="expand" space="tenure" amount="131072" count="1" timems="0.022" reason="satisfy allocation request" timestamp="2019-08-09T18:53:34.895" />
<gc-end id="1657" type="global" contextid="1649" durationms="54.400" usertimems="85.344" systemtimems="0.000" timestamp="2019-08-09T18:53:34.895" activeThreads="16">
  <mem-info id="1658" free="7300304" total="21889024" percent="33">
    <mem type="tenure" free="7300304" total="21889024" percent="33">
      <mem type="soa" free="7082192" total="21670912" percent="32" />
      <mem type="loa" free="218112" total="218112" percent="100" />
    </mem>
  </mem-info>
</gc-end>
<cycle-end id="1659" type="global" contextid="1649" timestamp="2019-08-09T18:53:34.895" />
  <attribute name="elasticGC enabled" value="1" />
  <attribute name= "numThreadsSpecified" value="16" />
  <attribute name="heapSize specified" value="21757952" />
  <attribute name="Current GC Util" value="32" />
  <attribute name= "Current Time Running" value="154838" />
  <attribute name ="GC Interval" value="0" />
  <attribute name="Target GC Util Change" value ="80.000000" />
  <attribute name="Current GC Util Change" value="32.000000"/>
  <attribute name="Current Error" value="-478.000000" />
  <attribute name="Output H" value="21833088"/>
  <attribute name="Output I" value="1464"/>
  <attribute name="Output T" value="16"/>
  <attribute name= "Current Time Running" value="154838" />
  <attribute name="GC Util currently" value="32" />
  <attribute name="CPU Util currently" value="36353615219" />
<allocation-satisfied id="1660" threadId="00000000023ECF00" bytesRequested="16" />
<af-end id="1661" timestamp="2019-08-09T18:53:34.895" threadId="00000000023ED888" success="true" />
<exclusive-end id="1662" timestamp="2019-08-09T18:53:34.895" durationms="54.630" />

<exclusive-start id="1663" timestamp="2019-08-09T18:53:34.910" intervalms="69.662">
  <response-info timems="0.020" idlems="0.020" threads="0" lastid="00000000023ECF00" lastname="main" />
</exclusive-start>
<af-start id="1664" threadId="00000000023ED888" totalBytesRequested="16" timestamp="2019-08-09T18:53:34.910" intervalms="69.643" />
<cycle-start id="1665" type="global" contextid="0" timestamp="2019-08-09T18:53:34.910" intervalms="69.648" />
<gc-start id="1666" type="global" contextid="1665" timestamp="2019-08-09T18:53:34.910">
  <mem-info id="1667" free="218112" total="21889024" percent="0">
    <mem type="tenure" free="218112" total="21889024" percent="0">
      <mem type="soa" free="0" total="21670912" percent="0" />
      <mem type="loa" free="218112" total="218112" percent="100" />
    </mem>
  </mem-info>
</gc-start>
<allocation-stats totalBytes="7138320" >
  <allocated-bytes non-tlh="0" tlh="7138320" />
  <largest-consumer threadName="main" threadId="00000000023ECF00" bytes="7138320" />
</allocation-stats>
<gc-op id="1668" type="mark" timems="16.812" contextid="1665" timestamp="2019-08-09T18:53:34.927">
  <trace-info objectcount="403230" scancount="342161" scanbytes="8963228" />
  <finalization candidates="81" enqueued="0" />
  <ownableSynchronizers candidates="21" cleared="0" />
  <references type="soft" candidates="1829" cleared="0" enqueued="0" dynamicThreshold="10" maxThreshold="32" />
  <references type="weak" candidates="5506" cleared="0" enqueued="0" />
  <references type="phantom" candidates="98" cleared="0" enqueued="0" />
  <stringconstants candidates="13139" cleared="0"  />
</gc-op>
<gc-op id="1669" type="sweep" timems="3.908" contextid="1665" timestamp="2019-08-09T18:53:34.931" />
<mem-info id="1670" free="6710920" total="21889024" percent="30">
  <mem type="tenure" free="6710920" total="21889024" percent="30" micro-fragmented="24873" macro-fragmented="0">
    <mem type="soa" free="6492808" total="21670912" percent="29" />
    <mem type="loa" free="218112" total="218112" percent="100" />
  </mem>
</mem-info>
<gc-op id="1671" type="compact" timems="25.478" contextid="1665" timestamp="2019-08-09T18:53:34.957">
  <compact-info movecount="14778" movebytes="367808" reason="compact to aid heap contraction" />
</gc-op>
<heap-resize id="1672" type="expand" space="tenure" amount="131072" count="1" timems="0.019" reason="satisfy allocation request" timestamp="2019-08-09T18:53:34.957" />
<gc-end id="1673" type="global" contextid="1665" durationms="47.478" usertimems="86.016" systemtimems="0.000" timestamp="2019-08-09T18:53:34.957" activeThreads="16">
  <mem-info id="1674" free="7065112" total="22020096" percent="32">
    <mem type="tenure" free="7065112" total="22020096" percent="32">
      <mem type="soa" free="6844952" total="21799936" percent="31" />
      <mem type="loa" free="220160" total="220160" percent="100" />
    </mem>
  </mem-info>
</gc-end>
<cycle-end id="1675" type="global" contextid="1665" timestamp="2019-08-09T18:53:34.958" />
  <attribute name="elasticGC enabled" value="1" />
  <attribute name= "numThreadsSpecified" value="16" />
  <attribute name="heapSize specified" value="21889024" />
  <attribute name="Current GC Util" value="69" />
  <attribute name= "Current Time Running" value="154901" />
  <attribute name ="GC Interval" value="0" />
  <attribute name="Target GC Util Change" value ="80.000000" />
  <attribute name="Current GC Util Change" value="69.000000"/>
  <attribute name="Current Error" value="-150.000000" />
  <attribute name="Output H" value="21964536"/>
  <attribute name="Output I" value="1840"/>
  <attribute name="Output T" value="16"/>
  <attribute name= "Current Time Running" value="154901" />
  <attribute name="GC Util currently" value="69" />
  <attribute name="CPU Util currently" value="45092832666" />
<allocation-satisfied id="1676" threadId="00000000023ECF00" bytesRequested="16" />
<af-end id="1677" timestamp="2019-08-09T18:53:34.958" threadId="00000000023ED888" success="true" />
<exclusive-end id="1678" timestamp="2019-08-09T18:53:34.958" durationms="47.763" />

<exclusive-start id="1679" timestamp="2019-08-09T18:53:34.992" intervalms="82.452">
  <response-info timems="0.695" idlems="0.695" threads="0" lastid="00000000023ECF00" lastname="main" />
</exclusive-start>
<af-start id="1680" threadId="00000000023ED888" totalBytesRequested="48" timestamp="2019-08-09T18:53:34.992" intervalms="82.526" />
<cycle-start id="1681" type="global" contextid="0" timestamp="2019-08-09T18:53:34.992" intervalms="82.536" />
<gc-start id="1682" type="global" contextid="1681" timestamp="2019-08-09T18:53:34.993">
  <mem-info id="1683" free="220160" total="22020096" percent="0">
    <mem type="tenure" free="220160" total="22020096" percent="0">
      <mem type="soa" free="0" total="21799936" percent="0" />
      <mem type="loa" free="220160" total="220160" percent="100" />
    </mem>
  </mem-info>
</gc-start>
<allocation-stats totalBytes="6904944" >
  <allocated-bytes non-tlh="262160" tlh="6642784" />
  <largest-consumer threadName="main" threadId="00000000023ECF00" bytes="6904944" />
</allocation-stats>
<gc-op id="1684" type="mark" timems="15.393" contextid="1681" timestamp="2019-08-09T18:53:35.008">
  <trace-info objectcount="417113" scancount="353386" scanbytes="9357408" />
  <finalization candidates="81" enqueued="0" />
  <ownableSynchronizers candidates="21" cleared="0" />
  <references type="soft" candidates="1829" cleared="0" enqueued="0" dynamicThreshold="10" maxThreshold="32" />
  <references type="weak" candidates="5506" cleared="0" enqueued="0" />
  <references type="phantom" candidates="98" cleared="0" enqueued="0" />
  <stringconstants candidates="13139" cleared="0"  />
</gc-op>
<gc-op id="1685" type="sweep" timems="2.141" contextid="1681" timestamp="2019-08-09T18:53:35.011" />
<mem-info id="1686" free="6317928" total="22020096" percent="28">
  <mem type="tenure" free="6317928" total="22020096" percent="28" micro-fragmented="67034" macro-fragmented="0">
    <mem type="soa" free="6097768" total="21799936" percent="27" />
    <mem type="loa" free="220160" total="220160" percent="100" />
  </mem>
</mem-info>
<gc-op id="1687" type="compact" timems="88.599" contextid="1681" timestamp="2019-08-09T18:53:35.099">
  <compact-info movecount="309284" movebytes="7875680" reason="compact to aid heap contraction" />
</gc-op>
<heap-resize id="1688" type="expand" space="tenure" amount="131072" count="1" timems="0.018" reason="satisfy allocation request" timestamp="2019-08-09T18:53:35.100" />
<gc-end id="1689" type="global" contextid="1681" durationms="107.557" usertimems="175.457" systemtimems="0.000" timestamp="2019-08-09T18:53:35.100" activeThreads="16">
  <mem-info id="1690" free="6695504" total="22151168" percent="30">
    <mem type="tenure" free="6695504" total="22151168" percent="30">
      <mem type="soa" free="6474320" total="21929984" percent="29" />
      <mem type="loa" free="221184" total="221184" percent="100" />
    </mem>
  </mem-info>
</gc-end>
<cycle-end id="1691" type="global" contextid="1681" timestamp="2019-08-09T18:53:35.100" />
  <attribute name="elasticGC enabled" value="1" />
  <attribute name= "numThreadsSpecified" value="16" />
  <attribute name="heapSize specified" value="22020096" />
  <attribute name="Current GC Util" value="10" />
  <attribute name= "Current Time Running" value="155043" />
  <attribute name ="GC Interval" value="0" />
  <attribute name="Target GC Util Change" value ="80.000000" />
  <attribute name="Current GC Util Change" value="10.000000"/>
  <attribute name="Current Error" value="70.000000" />
  <attribute name="Output H" value="22095856"/>
  <attribute name="Output I" value="2088"/>
  <attribute name="Output T" value="16"/>
  <attribute name= "Current Time Running" value="155043" />
  <attribute name="GC Util currently" value="10" />
  <attribute name="CPU Util currently" value="13008126024" />
<allocation-satisfied id="1692" threadId="00000000023ECF00" bytesRequested="48" />
<af-end id="1693" timestamp="2019-08-09T18:53:35.100" threadId="00000000023ED888" success="true" />
<exclusive-end id="1694" timestamp="2019-08-09T18:53:35.100" durationms="107.981" />

<exclusive-start id="1695" timestamp="2019-08-09T18:53:35.121" intervalms="128.744">
  <response-info timems="0.024" idlems="0.024" threads="0" lastid="00000000023ECF00" lastname="main" />
</exclusive-start>
<af-start id="1696" threadId="00000000023ED888" totalBytesRequested="40" timestamp="2019-08-09T18:53:35.121" intervalms="128.681" />
<cycle-start id="1697" type="global" contextid="0" timestamp="2019-08-09T18:53:35.121" intervalms="128.674" />
<gc-start id="1698" type="global" contextid="1697" timestamp="2019-08-09T18:53:35.121">
  <mem-info id="1699" free="221184" total="22151168" percent="0">
    <mem type="tenure" free="221184" total="22151168" percent="0">
      <mem type="soa" free="0" total="21929984" percent="0" />
      <mem type="loa" free="221184" total="221184" percent="100" />
    </mem>
  </mem-info>
</gc-start>
<allocation-stats totalBytes="6532000" >
  <allocated-bytes non-tlh="0" tlh="6532000" />
  <largest-consumer threadName="main" threadId="00000000023ECF00" bytes="6532000" />
</allocation-stats>
<gc-op id="1700" type="mark" timems="11.414" contextid="1697" timestamp="2019-08-09T18:53:35.133">
  <trace-info objectcount="430752" scancount="364694" scanbytes="9622328" />
  <finalization candidates="81" enqueued="0" />
  <ownableSynchronizers candidates="21" cleared="0" />
  <references type="soft" candidates="1829" cleared="0" enqueued="0" dynamicThreshold="9" maxThreshold="32" />
  <references type="weak" candidates="5506" cleared="0" enqueued="0" />
  <references type="phantom" candidates="98" cleared="0" enqueued="0" />
  <stringconstants candidates="13139" cleared="0"  />
</gc-op>
<gc-op id="1701" type="sweep" timems="1.866" contextid="1697" timestamp="2019-08-09T18:53:35.135" />
<mem-info id="1702" free="6182736" total="22151168" percent="27">
  <mem type="tenure" free="6182736" total="22151168" percent="27" micro-fragmented="29787" macro-fragmented="0">
    <mem type="soa" free="5961552" total="21929984" percent="27" />
    <mem type="loa" free="221184" total="221184" percent="100" />
  </mem>
</mem-info>
<gc-op id="1703" type="compact" timems="23.344" contextid="1697" timestamp="2019-08-09T18:53:35.158">
  <compact-info movecount="13719" movebytes="344384" reason="compact to aid heap contraction" />
</gc-op>
<heap-resize id="1704" type="expand" space="tenure" amount="131072" count="1" timems="0.028" reason="satisfy allocation request" timestamp="2019-08-09T18:53:35.161" />
<gc-end id="1705" type="global" contextid="1697" durationms="39.715" usertimems="71.706" systemtimems="0.000" timestamp="2019-08-09T18:53:35.161" activeThreads="16">
  <mem-info id="1706" free="6484936" total="22282240" percent="29">
    <mem type="tenure" free="6484936" total="22282240" percent="29">
      <mem type="soa" free="6262728" total="22060032" percent="28" />
      <mem type="loa" free="222208" total="222208" percent="100" />
    </mem>
  </mem-info>
</gc-end>
<cycle-end id="1707" type="global" contextid="1697" timestamp="2019-08-09T18:53:35.161" />
  <attribute name="elasticGC enabled" value="1" />
  <attribute name= "numThreadsSpecified" value="16" />
  <attribute name="heapSize specified" value="22151168" />
  <attribute name="Current GC Util" value="60" />
  <attribute name= "Current Time Running" value="155102" />
  <attribute name ="GC Interval" value="0" />
  <attribute name="Target GC Util Change" value ="80.000000" />
  <attribute name="Current GC Util Change" value="60.000000"/>
  <attribute name="Current Error" value="-481.000000" />
  <attribute name="Output H" value="22226296"/>
  <attribute name="Output I" value="1456"/>
  <attribute name="Output T" value="16"/>
  <attribute name= "Current Time Running" value="155102" />
  <attribute name="GC Util currently" value="60" />
  <attribute name="CPU Util currently" value="49289979685" />
<allocation-satisfied id="1708" threadId="00000000023ECF00" bytesRequested="40" />
<af-end id="1709" timestamp="2019-08-09T18:53:35.161" threadId="00000000023ED888" success="true" />
<exclusive-end id="1710" timestamp="2019-08-09T18:53:35.161" durationms="39.975" />

<exclusive-start id="1711" timestamp="2019-08-09T18:53:35.183" intervalms="62.197">
  <response-info timems="0.018" idlems="0.018" threads="0" lastid="00000000023ECF00" lastname="main" />
</exclusive-start>
<af-start id="1712" threadId="00000000023ED888" totalBytesRequested="664" timestamp="2019-08-09T18:53:35.183" intervalms="62.183" />
<cycle-start id="1713" type="global" contextid="0" timestamp="2019-08-09T18:53:35.183" intervalms="62.229" />
<gc-start id="1714" type="global" contextid="1713" timestamp="2019-08-09T18:53:35.183">
  <mem-info id="1715" free="222208" total="22282240" percent="0">
    <mem type="tenure" free="222208" total="22282240" percent="0">
      <mem type="soa" free="0" total="22060032" percent="0" />
      <mem type="loa" free="222208" total="222208" percent="100" />
    </mem>
  </mem-info>
</gc-start>
<allocation-stats totalBytes="6322056" >
  <allocated-bytes non-tlh="0" tlh="6322056" />
  <largest-consumer threadName="main" threadId="00000000023ECF00" bytes="6322056" />
</allocation-stats>
<gc-op id="1716" type="mark" timems="11.537" contextid="1713" timestamp="2019-08-09T18:53:35.195">
  <trace-info objectcount="444476" scancount="376642" scanbytes="9902528" />
  <finalization candidates="81" enqueued="0" />
  <ownableSynchronizers candidates="21" cleared="0" />
  <references type="soft" candidates="1829" cleared="0" enqueued="0" dynamicThreshold="9" maxThreshold="32" />
  <references type="weak" candidates="5506" cleared="0" enqueued="0" />
  <references type="phantom" candidates="98" cleared="0" enqueued="0" />
  <stringconstants candidates="13139" cleared="0"  />
</gc-op>
<gc-op id="1717" type="sweep" timems="4.500" contextid="1713" timestamp="2019-08-09T18:53:35.201" />
<mem-info id="1718" free="5904768" total="22282240" percent="26">
  <mem type="tenure" free="5904768" total="22282240" percent="26" micro-fragmented="39116" macro-fragmented="0">
    <mem type="soa" free="5682560" total="22060032" percent="25" />
    <mem type="loa" free="222208" total="222208" percent="100" />
  </mem>
</mem-info>
<gc-op id="1719" type="compact" timems="29.737" contextid="1713" timestamp="2019-08-09T18:53:35.231">
  <compact-info movecount="13785" movebytes="337000" reason="compact to aid heap contraction" />
</gc-op>
<heap-resize id="1720" type="expand" space="tenure" amount="131072" count="1" timems="0.022" reason="satisfy allocation request" timestamp="2019-08-09T18:53:35.232" />
<gc-end id="1721" type="global" contextid="1713" durationms="48.180" usertimems="86.097" systemtimems="0.000" timestamp="2019-08-09T18:53:35.232" activeThreads="16">
  <mem-info id="1722" free="6280488" total="22413312" percent="28">
    <mem type="tenure" free="6280488" total="22413312" percent="28">
      <mem type="soa" free="6057256" total="22190080" percent="27" />
      <mem type="loa" free="223232" total="223232" percent="100" />
    </mem>
  </mem-info>
</gc-end>
<cycle-end id="1723" type="global" contextid="1713" timestamp="2019-08-09T18:53:35.232" />
  <attribute name="elasticGC enabled" value="1" />
  <attribute name= "numThreadsSpecified" value="16" />
  <attribute name="heapSize specified" value="22282240" />
  <attribute name="Current GC Util" value="43" />
  <attribute name= "Current Time Running" value="155175" />
  <attribute name ="GC Interval" value="0" />
  <attribute name="Target GC Util Change" value ="80.000000" />
  <attribute name="Current GC Util Change" value="43.000000"/>
  <attribute name="Current Error" value="-209.000000" />
  <attribute name="Output H" value="22357680"/>
  <attribute name="Output I" value="1768"/>
  <attribute name="Output T" value="16"/>
  <attribute name= "Current Time Running" value="155175" />
  <attribute name="GC Util currently" value="43" />
  <attribute name="CPU Util currently" value="38723371056" />
<allocation-satisfied id="1724" threadId="00000000023ECF00" bytesRequested="664" />
<af-end id="1725" timestamp="2019-08-09T18:53:35.232" threadId="00000000023ED888" success="true" />
<exclusive-end id="1726" timestamp="2019-08-09T18:53:35.232" durationms="48.532" />

<exclusive-start id="1727" timestamp="2019-08-09T18:53:35.254" intervalms="70.579">
  <response-info timems="0.018" idlems="0.018" threads="0" lastid="00000000023ECF00" lastname="main" />
</exclusive-start>
<af-start id="1728" threadId="00000000023ED888" totalBytesRequested="16" timestamp="2019-08-09T18:53:35.254" intervalms="70.621" />
<cycle-start id="1729" type="global" contextid="0" timestamp="2019-08-09T18:53:35.254" intervalms="70.573" />
<gc-start id="1730" type="global" contextid="1729" timestamp="2019-08-09T18:53:35.254">
  <mem-info id="1731" free="223232" total="22413312" percent="0">
    <mem type="tenure" free="223232" total="22413312" percent="0">
      <mem type="soa" free="0" total="22190080" percent="0" />
      <mem type="loa" free="223232" total="223232" percent="100" />
    </mem>
  </mem-info>
</gc-start>
<allocation-stats totalBytes="6116000" >
  <allocated-bytes non-tlh="0" tlh="6116000" />
  <largest-consumer threadName="main" threadId="00000000023ECF00" bytes="6116000" />
</allocation-stats>
<gc-op id="1732" type="mark" timems="25.494" contextid="1729" timestamp="2019-08-09T18:53:35.280">
  <trace-info objectcount="456649" scancount="387252" scanbytes="10151164" />
  <finalization candidates="81" enqueued="0" />
  <ownableSynchronizers candidates="21" cleared="0" />
  <references type="soft" candidates="1829" cleared="0" enqueued="0" dynamicThreshold="8" maxThreshold="32" />
  <references type="weak" candidates="5506" cleared="0" enqueued="0" />
  <references type="phantom" candidates="98" cleared="0" enqueued="0" />
  <stringconstants candidates="13139" cleared="0"  />
</gc-op>
<gc-op id="1733" type="sweep" timems="4.138" contextid="1729" timestamp="2019-08-09T18:53:35.284" />
<mem-info id="1734" free="5788808" total="22413312" percent="25">
  <mem type="tenure" free="5788808" total="22413312" percent="25" micro-fragmented="26048" macro-fragmented="0">
    <mem type="soa" free="5565576" total="22190080" percent="25" />
    <mem type="loa" free="223232" total="223232" percent="100" />
  </mem>
</mem-info>
<gc-op id="1735" type="compact" timems="19.632" contextid="1729" timestamp="2019-08-09T18:53:35.304">
  <compact-info movecount="12242" movebytes="308896" reason="compact to aid heap contraction" />
</gc-op>
<heap-resize id="1736" type="expand" space="tenure" amount="131072" count="1" timems="0.028" reason="satisfy allocation request" timestamp="2019-08-09T18:53:35.305" />
<gc-end id="1737" type="global" contextid="1729" durationms="50.719" usertimems="107.583" systemtimems="0.000" timestamp="2019-08-09T18:53:35.305" activeThreads="16">
  <mem-info id="1738" free="6105120" total="22544384" percent="27">
    <mem type="tenure" free="6105120" total="22544384" percent="27">
      <mem type="soa" free="5879840" total="22319104" percent="26" />
      <mem type="loa" free="225280" total="225280" percent="100" />
    </mem>
  </mem-info>
</gc-end>
<cycle-end id="1739" type="global" contextid="1729" timestamp="2019-08-09T18:53:35.305" />
  <attribute name="elasticGC enabled" value="1" />
  <attribute name= "numThreadsSpecified" value="16" />
  <attribute name="heapSize specified" value="22413312" />
  <attribute name="Current GC Util" value="48" />
  <attribute name= "Current Time Running" value="155248" />
  <attribute name ="GC Interval" value="0" />
  <attribute name="Target GC Util Change" value ="80.000000" />
  <attribute name="Current GC Util Change" value="48.000000"/>
  <attribute name="Current Error" value="32.000000" />
  <attribute name="Output H" value="22489032"/>
  <attribute name="Output I" value="2048"/>
  <attribute name="Output T" value="16"/>
  <attribute name= "Current Time Running" value="155248" />
  <attribute name="GC Util currently" value="48" />
  <attribute name="CPU Util currently" value="58405487316" />
<allocation-satisfied id="1740" threadId="00000000023ECF00" bytesRequested="16" />
<af-end id="1741" timestamp="2019-08-09T18:53:35.305" threadId="00000000023ED888" success="true" />
<exclusive-end id="1742" timestamp="2019-08-09T18:53:35.305" durationms="51.034" />

<exclusive-start id="1743" timestamp="2019-08-09T18:53:35.318" intervalms="64.003">
  <response-info timems="0.013" idlems="0.013" threads="0" lastid="00000000023ECF00" lastname="main" />
</exclusive-start>
<af-start id="1744" threadId="00000000023ED888" totalBytesRequested="32" timestamp="2019-08-09T18:53:35.318" intervalms="63.982" />
<cycle-start id="1745" type="global" contextid="0" timestamp="2019-08-09T18:53:35.318" intervalms="63.980" />
<gc-start id="1746" type="global" contextid="1745" timestamp="2019-08-09T18:53:35.318">
  <mem-info id="1747" free="225280" total="22544384" percent="0">
    <mem type="tenure" free="225280" total="22544384" percent="0">
      <mem type="soa" free="0" total="22319104" percent="0" />
      <mem type="loa" free="225280" total="225280" percent="100" />
    </mem>
  </mem-info>
</gc-start>
<allocation-stats totalBytes="5938760" >
  <allocated-bytes non-tlh="0" tlh="5938760" />
  <largest-consumer threadName="main" threadId="00000000023ECF00" bytes="5938760" />
</allocation-stats>
<gc-op id="1748" type="mark" timems="10.497" contextid="1745" timestamp="2019-08-09T18:53:35.328">
  <trace-info objectcount="468737" scancount="397475" scanbytes="10390328" />
  <finalization candidates="81" enqueued="0" />
  <ownableSynchronizers candidates="21" cleared="0" />
  <references type="soft" candidates="1829" cleared="0" enqueued="0" dynamicThreshold="8" maxThreshold="32" />
  <references type="weak" candidates="5506" cleared="0" enqueued="0" />
  <references type="phantom" candidates="98" cleared="0" enqueued="0" />
  <stringconstants candidates="13139" cleared="0"  />
</gc-op>
<gc-op id="1749" type="sweep" timems="1.749" contextid="1745" timestamp="2019-08-09T18:53:35.330" />
<mem-info id="1750" free="5630432" total="22544384" percent="24">
  <mem type="tenure" free="5630432" total="22544384" percent="24" micro-fragmented="21726" macro-fragmented="0">
    <mem type="soa" free="5405152" total="22319104" percent="24" />
    <mem type="loa" free="225280" total="225280" percent="100" />
  </mem>
</mem-info>
<gc-op id="1751" type="compact" timems="19.532" contextid="1745" timestamp="2019-08-09T18:53:35.350">
  <compact-info movecount="12156" movebytes="304064" reason="compact to aid heap contraction" />
</gc-op>
<heap-resize id="1752" type="expand" space="tenure" amount="131072" count="1" timems="0.017" reason="satisfy allocation request" timestamp="2019-08-09T18:53:35.351" />
<gc-end id="1753" type="global" contextid="1745" durationms="32.577" usertimems="84.421" systemtimems="0.000" timestamp="2019-08-09T18:53:35.351" activeThreads="16">
  <mem-info id="1754" free="5934592" total="22675456" percent="26">
    <mem type="tenure" free="5934592" total="22675456" percent="26">
      <mem type="soa" free="5708288" total="22449152" percent="25" />
      <mem type="loa" free="226304" total="226304" percent="100" />
    </mem>
  </mem-info>
</gc-end>
<cycle-end id="1755" type="global" contextid="1745" timestamp="2019-08-09T18:53:35.351" />
  <attribute name="elasticGC enabled" value="1" />
  <attribute name= "numThreadsSpecified" value="16" />
  <attribute name="heapSize specified" value="22544384" />
  <attribute name="Current GC Util" value="54" />
  <attribute name= "Current Time Running" value="155294" />
  <attribute name ="GC Interval" value="0" />
  <attribute name="Target GC Util Change" value ="80.000000" />
  <attribute name="Current GC Util Change" value="54.000000"/>
  <attribute name="Current Error" value="-531.000000" />
  <attribute name="Output H" value="22619456"/>
  <attribute name="Output I" value="1400"/>
  <attribute name="Output T" value="16"/>
  <attribute name= "Current Time Running" value="155294" />
  <attribute name="GC Util currently" value="54" />
  <attribute name="CPU Util currently" value="58905598254" />
<allocation-satisfied id="1756" threadId="00000000023ECF00" bytesRequested="32" />
<af-end id="1757" timestamp="2019-08-09T18:53:35.351" threadId="00000000023ED888" success="true" />
<exclusive-end id="1758" timestamp="2019-08-09T18:53:35.351" durationms="32.801" />

<exclusive-start id="1759" timestamp="2019-08-09T18:53:35.364" intervalms="46.262">
  <response-info timems="0.015" idlems="0.015" threads="0" lastid="00000000023ECF00" lastname="main" />
</exclusive-start>
<af-start id="1760" threadId="00000000023ED888" totalBytesRequested="664" timestamp="2019-08-09T18:53:35.364" intervalms="46.235" />
<cycle-start id="1761" type="global" contextid="0" timestamp="2019-08-09T18:53:35.364" intervalms="46.225" />
<gc-start id="1762" type="global" contextid="1761" timestamp="2019-08-09T18:53:35.364">
  <mem-info id="1763" free="226304" total="22675456" percent="0">
    <mem type="tenure" free="226304" total="22675456" percent="0">
      <mem type="soa" free="0" total="22449152" percent="0" />
      <mem type="loa" free="226304" total="226304" percent="100" />
    </mem>
  </mem-info>
</gc-start>
<allocation-stats totalBytes="5765656" >
  <allocated-bytes non-tlh="0" tlh="5765656" />
  <largest-consumer threadName="main" threadId="00000000023ECF00" bytes="5765656" />
</allocation-stats>
<gc-op id="1764" type="mark" timems="7.488" contextid="1761" timestamp="2019-08-09T18:53:35.372">
  <trace-info objectcount="480510" scancount="407359" scanbytes="10622024" />
  <finalization candidates="81" enqueued="0" />
  <ownableSynchronizers candidates="21" cleared="0" />
  <references type="soft" candidates="1829" cleared="0" enqueued="0" dynamicThreshold="8" maxThreshold="32" />
  <references type="weak" candidates="5506" cleared="0" enqueued="0" />
  <references type="phantom" candidates="98" cleared="0" enqueued="0" />
  <stringconstants candidates="13139" cleared="0"  />
</gc-op>
<gc-op id="1765" type="sweep" timems="1.863" contextid="1761" timestamp="2019-08-09T18:53:35.374" />
<mem-info id="1766" free="5445576" total="22675456" percent="24">
  <mem type="tenure" free="5445576" total="22675456" percent="24" micro-fragmented="13824" macro-fragmented="0">
    <mem type="soa" free="5219272" total="22449152" percent="23" />
    <mem type="loa" free="226304" total="226304" percent="100" />
  </mem>
</mem-info>
<gc-op id="1767" type="compact" timems="19.519" contextid="1761" timestamp="2019-08-09T18:53:35.393">
  <compact-info movecount="11845" movebytes="303880" reason="compact to aid heap contraction" />
</gc-op>
<heap-resize id="1768" type="expand" space="tenure" amount="131072" count="1" timems="0.024" reason="satisfy allocation request" timestamp="2019-08-09T18:53:35.394" />
<gc-end id="1769" type="global" contextid="1761" durationms="29.920" usertimems="72.233" systemtimems="0.000" timestamp="2019-08-09T18:53:35.394" activeThreads="16">
  <mem-info id="1770" free="5764392" total="22806528" percent="25">
    <mem type="tenure" free="5764392" total="22806528" percent="25">
      <mem type="soa" free="5537064" total="22579200" percent="24" />
      <mem type="loa" free="227328" total="227328" percent="100" />
    </mem>
  </mem-info>
</gc-end>
<cycle-end id="1771" type="global" contextid="1761" timestamp="2019-08-09T18:53:35.394" />
  <attribute name="elasticGC enabled" value="1" />
  <attribute name= "numThreadsSpecified" value="16" />
  <attribute name="heapSize specified" value="22675456" />
  <attribute name="Current GC Util" value="47" />
  <attribute name= "Current Time Running" value="155337" />
  <attribute name ="GC Interval" value="0" />
  <attribute name="Target GC Util Change" value ="80.000000" />
  <attribute name="Current GC Util Change" value="47.000000"/>
  <attribute name="Current Error" value="-437.000000" />
  <attribute name="Output H" value="22750632"/>
  <attribute name="Output I" value="1504"/>
  <attribute name="Output T" value="16"/>
  <attribute name= "Current Time Running" value="155337" />
  <attribute name="GC Util currently" value="47" />
  <attribute name="CPU Util currently" value="58965104532" />
<allocation-satisfied id="1772" threadId="00000000023ECF00" bytesRequested="664" />
<af-end id="1773" timestamp="2019-08-09T18:53:35.394" threadId="00000000023ED888" success="true" />
<exclusive-end id="1774" timestamp="2019-08-09T18:53:35.394" durationms="30.100" />

<exclusive-start id="1775" timestamp="2019-08-09T18:53:35.410" intervalms="46.009">
  <response-info timems="0.018" idlems="0.018" threads="0" lastid="00000000023ECF00" lastname="main" />
</exclusive-start>
<af-start id="1776" threadId="00000000023ED888" totalBytesRequested="16" timestamp="2019-08-09T18:53:35.410" intervalms="46.008" />
<cycle-start id="1777" type="global" contextid="0" timestamp="2019-08-09T18:53:35.410" intervalms="46.010" />
<gc-start id="1778" type="global" contextid="1777" timestamp="2019-08-09T18:53:35.410">
  <mem-info id="1779" free="227328" total="22806528" percent="0">
    <mem type="tenure" free="227328" total="22806528" percent="0">
      <mem type="soa" free="0" total="22579200" percent="0" />
      <mem type="loa" free="227328" total="227328" percent="100" />
    </mem>
  </mem-info>
</gc-start>
<allocation-stats totalBytes="5597312" >
  <allocated-bytes non-tlh="0" tlh="5597312" />
  <largest-consumer threadName="main" threadId="00000000023ECF00" bytes="5597312" />
</allocation-stats>
<gc-op id="1780" type="mark" timems="10.386" contextid="1777" timestamp="2019-08-09T18:53:35.421">
  <trace-info objectcount="492886" scancount="417726" scanbytes="10864876" />
  <finalization candidates="81" enqueued="0" />
  <ownableSynchronizers candidates="21" cleared="0" />
  <references type="soft" candidates="1829" cleared="0" enqueued="0" dynamicThreshold="8" maxThreshold="32" />
  <references type="weak" candidates="5506" cleared="0" enqueued="0" />
  <references type="phantom" candidates="98" cleared="0" enqueued="0" />
  <stringconstants candidates="13139" cleared="0"  />
</gc-op>
<gc-op id="1781" type="sweep" timems="3.853" contextid="1777" timestamp="2019-08-09T18:53:35.425" />
<mem-info id="1782" free="5254960" total="22806528" percent="23">
  <mem type="tenure" free="5254960" total="22806528" percent="23" micro-fragmented="21210" macro-fragmented="0">
    <mem type="soa" free="5027632" total="22579200" percent="22" />
    <mem type="loa" free="227328" total="227328" percent="100" />
  </mem>
</mem-info>
<gc-op id="1783" type="compact" timems="31.968" contextid="1777" timestamp="2019-08-09T18:53:35.457">
  <compact-info movecount="12446" movebytes="316728" reason="compact to aid heap contraction" />
</gc-op>
<heap-resize id="1784" type="expand" space="tenure" amount="131072" count="1" timems="0.019" reason="satisfy allocation request" timestamp="2019-08-09T18:53:35.457" />
<gc-end id="1785" type="global" contextid="1777" durationms="47.253" usertimems="91.303" systemtimems="0.000" timestamp="2019-08-09T18:53:35.457" activeThreads="16">
  <mem-info id="1786" free="5581296" total="22937600" percent="24">
    <mem type="tenure" free="5581296" total="22937600" percent="24">
      <mem type="soa" free="5351920" total="22708224" percent="23" />
      <mem type="loa" free="229376" total="229376" percent="100" />
    </mem>
  </mem-info>
</gc-end>
<cycle-end id="1787" type="global" contextid="1777" timestamp="2019-08-09T18:53:35.457" />
  <attribute name="elasticGC enabled" value="1" />
  <attribute name= "numThreadsSpecified" value="16" />
  <attribute name="heapSize specified" value="22806528" />
  <attribute name="Current GC Util" value="45" />
  <attribute name= "Current Time Running" value="155401" />
  <attribute name ="GC Interval" value="0" />
  <attribute name="Target GC Util Change" value ="80.000000" />
  <attribute name="Current GC Util Change" value="45.000000"/>
  <attribute name="Current Error" value="35.000000" />
  <attribute name="Output H" value="22882248"/>
  <attribute name="Output I" value="2048"/>
  <attribute name="Output T" value="16"/>
  <attribute name= "Current Time Running" value="155401" />
  <attribute name="GC Util currently" value="45" />
  <attribute name="CPU Util currently" value="35965088995" />
<allocation-satisfied id="1788" threadId="00000000023ECF00" bytesRequested="16" />
<af-end id="1789" timestamp="2019-08-09T18:53:35.458" threadId="00000000023ED888" success="true" />
<exclusive-end id="1790" timestamp="2019-08-09T18:53:35.458" durationms="47.433" />

<exclusive-start id="1791" timestamp="2019-08-09T18:53:35.472" intervalms="61.678">
  <response-info timems="0.019" idlems="0.019" threads="0" lastid="00000000023ECF00" lastname="main" />
</exclusive-start>
<af-start id="1792" threadId="00000000023ED888" totalBytesRequested="32" timestamp="2019-08-09T18:53:35.472" intervalms="61.709" />
<cycle-start id="1793" type="global" contextid="0" timestamp="2019-08-09T18:53:35.472" intervalms="61.712" />
<gc-start id="1794" type="global" contextid="1793" timestamp="2019-08-09T18:53:35.472">
  <mem-info id="1795" free="229376" total="22937600" percent="1">
    <mem type="tenure" free="229376" total="22937600" percent="1">
      <mem type="soa" free="0" total="22708224" percent="0" />
      <mem type="loa" free="229376" total="229376" percent="100" />
    </mem>
  </mem-info>
</gc-start>
<allocation-stats totalBytes="5412488" >
  <allocated-bytes non-tlh="0" tlh="5412488" />
  <largest-consumer threadName="main" threadId="00000000023ECF00" bytes="5412488" />
</allocation-stats>
<gc-op id="1796" type="mark" timems="28.331" contextid="1793" timestamp="2019-08-09T18:53:35.500">
  <trace-info objectcount="503943" scancount="427031" scanbytes="11082504" />
  <finalization candidates="81" enqueued="0" />
  <ownableSynchronizers candidates="21" cleared="0" />
  <references type="soft" candidates="1829" cleared="0" enqueued="0" dynamicThreshold="7" maxThreshold="32" />
  <references type="weak" candidates="5506" cleared="0" enqueued="0" />
  <references type="phantom" candidates="98" cleared="0" enqueued="0" />
  <stringconstants candidates="13139" cleared="0"  />
</gc-op>
<gc-op id="1797" type="sweep" timems="2.970" contextid="1793" timestamp="2019-08-09T18:53:35.503" />
<mem-info id="1798" free="5156624" total="22937600" percent="22">
  <mem type="tenure" free="5156624" total="22937600" percent="22" micro-fragmented="15445" macro-fragmented="0">
    <mem type="soa" free="4927248" total="22708224" percent="21" />
    <mem type="loa" free="229376" total="229376" percent="100" />
  </mem>
</mem-info>
<gc-op id="1799" type="compact" timems="20.805" contextid="1793" timestamp="2019-08-09T18:53:35.524">
  <compact-info movecount="11178" movebytes="277120" reason="compact to aid heap contraction" />
</gc-op>
<heap-resize id="1800" type="expand" space="tenure" amount="131072" count="1" timems="0.019" reason="satisfy allocation request" timestamp="2019-08-09T18:53:35.525" />
<gc-end id="1801" type="global" contextid="1793" durationms="53.206" usertimems="174.315" systemtimems="0.000" timestamp="2019-08-09T18:53:35.525" activeThreads="16">
  <mem-info id="1802" free="5438224" total="23068672" percent="23">
    <mem type="tenure" free="5438224" total="23068672" percent="23">
      <mem type="soa" free="5207824" total="22838272" percent="22" />
      <mem type="loa" free="230400" total="230400" percent="100" />
    </mem>
  </mem-info>
</gc-end>
<cycle-end id="1803" type="global" contextid="1793" timestamp="2019-08-09T18:53:35.525" />
  <attribute name="elasticGC enabled" value="1" />
  <attribute name= "numThreadsSpecified" value="16" />
  <attribute name="heapSize specified" value="22937600" />
  <attribute name="Current GC Util" value="48" />
  <attribute name= "Current Time Running" value="155468" />
  <attribute name ="GC Interval" value="0" />
  <attribute name="Target GC Util Change" value ="80.000000" />
  <attribute name="Current GC Util Change" value="48.000000"/>
  <attribute name="Current Error" value="-411.000000" />
  <attribute name="Output H" value="23012808"/>
  <attribute name="Output I" value="1536"/>
  <attribute name="Output T" value="16"/>
  <attribute name= "Current Time Running" value="155468" />
  <attribute name="GC Util currently" value="48" />
  <attribute name="CPU Util currently" value="55328786993" />
<allocation-satisfied id="1804" threadId="00000000023ECF00" bytesRequested="32" />
<af-end id="1805" timestamp="2019-08-09T18:53:35.525" threadId="00000000023ED888" success="true" />
<exclusive-end id="1806" timestamp="2019-08-09T18:53:35.525" durationms="53.434" />

<exclusive-start id="1807" timestamp="2019-08-09T18:53:35.536" intervalms="64.667">
  <response-info timems="0.019" idlems="0.019" threads="0" lastid="00000000023ECF00" lastname="main" />
</exclusive-start>
<af-start id="1808" threadId="00000000023ED888" totalBytesRequested="24" timestamp="2019-08-09T18:53:35.536" intervalms="64.658" />
<cycle-start id="1809" type="global" contextid="0" timestamp="2019-08-09T18:53:35.537" intervalms="64.667" />
<gc-start id="1810" type="global" contextid="1809" timestamp="2019-08-09T18:53:35.537">
  <mem-info id="1811" free="230400" total="23068672" percent="0">
    <mem type="tenure" free="230400" total="23068672" percent="0">
      <mem type="soa" free="0" total="22838272" percent="0" />
      <mem type="loa" free="230400" total="230400" percent="100" />
    </mem>
  </mem-info>
</gc-start>
<allocation-stats totalBytes="5268352" >
  <allocated-bytes non-tlh="1809512" tlh="3458840" />
  <largest-consumer threadName="main" threadId="00000000023ECF00" bytes="5268352" />
</allocation-stats>
<gc-op id="1812" type="mark" timems="19.032" contextid="1809" timestamp="2019-08-09T18:53:35.556">
  <trace-info objectcount="510973" scancount="433064" scanbytes="11224456" />
  <finalization candidates="82" enqueued="1" />
  <ownableSynchronizers candidates="21" cleared="0" />
  <references type="soft" candidates="1829" cleared="0" enqueued="0" dynamicThreshold="7" maxThreshold="32" />
  <references type="weak" candidates="5510" cleared="0" enqueued="0" />
  <references type="phantom" candidates="98" cleared="0" enqueued="0" />
  <stringconstants candidates="13139" cleared="0"  />
</gc-op>
<gc-op id="1813" type="sweep" timems="2.254" contextid="1809" timestamp="2019-08-09T18:53:35.558" />
<mem-info id="1814" free="5863736" total="23068672" percent="25">
  <mem type="tenure" free="5863736" total="23068672" percent="25" micro-fragmented="8195" macro-fragmented="0">
    <mem type="soa" free="5633336" total="22838272" percent="24" />
    <mem type="loa" free="230400" total="230400" percent="100" />
  </mem>
  <pending-finalizers system="0" default="1" reference="0" classloader="0" />
</mem-info>
<gc-op id="1815" type="compact" timems="113.936" contextid="1809" timestamp="2019-08-09T18:53:35.672">
  <compact-info movecount="447581" movebytes="13404552" reason="compact to aid heap contraction" />
</gc-op>
<heap-resize id="1816" type="expand" space="tenure" amount="131072" count="1" timems="0.027" reason="satisfy allocation request" timestamp="2019-08-09T18:53:35.673" />
<gc-end id="1817" type="global" contextid="1809" durationms="136.712" usertimems="235.583" systemtimems="0.000" timestamp="2019-08-09T18:53:35.673" activeThreads="16">
  <mem-info id="1818" free="6119600" total="23199744" percent="26">
    <mem type="tenure" free="6119600" total="23199744" percent="26">
      <mem type="soa" free="5888176" total="22968320" percent="25" />
      <mem type="loa" free="231424" total="231424" percent="100" />
    </mem>
    <pending-finalizers system="0" default="1" reference="0" classloader="0" />
  </mem-info>
</gc-end>
<cycle-end id="1819" type="global" contextid="1809" timestamp="2019-08-09T18:53:35.673" />
  <attribute name="elasticGC enabled" value="1" />
  <attribute name= "numThreadsSpecified" value="16" />
  <attribute name="heapSize specified" value="23068672" />
  <attribute name="Current GC Util" value="10" />
  <attribute name= "Current Time Running" value="155616" />
  <attribute name ="GC Interval" value="0" />
  <attribute name="Target GC Util Change" value ="80.000000" />
  <attribute name="Current GC Util Change" value="10.000000"/>
  <attribute name="Current Error" value="-363.000000" />
  <attribute name="Output H" value="23143936"/>
  <attribute name="Output I" value="1592"/>
  <attribute name="Output T" value="16"/>
  <attribute name= "Current Time Running" value="155616" />
  <attribute name="GC Util currently" value="10" />
  <attribute name="CPU Util currently" value="10116095035" />
<allocation-satisfied id="1820" threadId="00000000023ECF00" bytesRequested="24" />
<af-end id="1821" timestamp="2019-08-09T18:53:35.673" threadId="00000000023ED888" success="true" />
<exclusive-end id="1822" timestamp="2019-08-09T18:53:35.673" durationms="136.991" />

<exclusive-start id="1823" timestamp="2019-08-09T18:53:35.712" intervalms="175.515">
  <response-info timems="0.066" idlems="0.066" threads="0" lastid="00000000023ECF00" lastname="main" />
</exclusive-start>
<af-start id="1824" threadId="00000000023ED888" totalBytesRequested="16" timestamp="2019-08-09T18:53:35.712" intervalms="175.514" />
<cycle-start id="1825" type="global" contextid="0" timestamp="2019-08-09T18:53:35.712" intervalms="175.504" />
<gc-start id="1826" type="global" contextid="1825" timestamp="2019-08-09T18:53:35.712">
  <mem-info id="1827" free="231424" total="23199744" percent="0">
    <mem type="tenure" free="231424" total="23199744" percent="0">
      <mem type="soa" free="0" total="22968320" percent="0" />
      <mem type="loa" free="231424" total="231424" percent="100" />
    </mem>
  </mem-info>
</gc-start>
<allocation-stats totalBytes="5952824" >
  <allocated-bytes non-tlh="0" tlh="5952824" />
  <largest-consumer threadName="main" threadId="00000000023ECF00" bytes="5952824" />
</allocation-stats>
<gc-op id="1828" type="mark" timems="26.258" contextid="1825" timestamp="2019-08-09T18:53:35.738">
  <trace-info objectcount="524992" scancount="447089" scanbytes="11568472" />
  <finalization candidates="81" enqueued="0" />
  <ownableSynchronizers candidates="21" cleared="0" />
  <references type="soft" candidates="1829" cleared="0" enqueued="0" dynamicThreshold="8" maxThreshold="32" />
  <references type="weak" candidates="5510" cleared="0" enqueued="0" />
  <references type="phantom" candidates="98" cleared="0" enqueued="0" />
  <stringconstants candidates="13139" cleared="0"  />
</gc-op>
<gc-op id="1829" type="sweep" timems="2.070" contextid="1825" timestamp="2019-08-09T18:53:35.740" />
<mem-info id="1830" free="5298000" total="23199744" percent="22">
  <mem type="tenure" free="5298000" total="23199744" percent="22" micro-fragmented="43475" macro-fragmented="0">
    <mem type="soa" free="5066576" total="22968320" percent="22" />
    <mem type="loa" free="231424" total="231424" percent="100" />
  </mem>
</mem-info>
<gc-op id="1831" type="compact" timems="39.491" contextid="1825" timestamp="2019-08-09T18:53:35.780">
  <compact-info movecount="15670" movebytes="1588480" reason="compact to aid heap contraction" />
</gc-op>
<heap-resize id="1832" type="expand" space="tenure" amount="131072" count="1" timems="0.019" reason="satisfy allocation request" timestamp="2019-08-09T18:53:35.781" />
<gc-end id="1833" type="global" contextid="1825" durationms="68.822" usertimems="184.002" systemtimems="0.000" timestamp="2019-08-09T18:53:35.781" activeThreads="1">
  <mem-info id="1834" free="5916440" total="23330816" percent="25">
    <mem type="tenure" free="5916440" total="23330816" percent="25">
      <mem type="soa" free="5683992" total="23098368" percent="24" />
      <mem type="loa" free="232448" total="232448" percent="100" />
    </mem>
  </mem-info>
</gc-end>
<cycle-end id="1835" type="global" contextid="1825" timestamp="2019-08-09T18:53:35.781" />
  <attribute name="elasticGC enabled" value="1" />
  <attribute name= "numThreadsSpecified" value="1" />
  <attribute name="heapSize specified" value="23199744" />
  <attribute name="Current GC Util" value="106" />
  <attribute name= "Current Time Running" value="155724" />
  <attribute name ="GC Interval" value="0" />
  <attribute name="Target GC Util Change" value ="80.000000" />
  <attribute name="Current GC Util Change" value="106.000000"/>
  <attribute name="Current Error" value="-26.000000" />
  <attribute name="Output H" value="23275400"/>
  <attribute name="Output I" value="1984"/>
  <attribute name="Output T" value="1"/>
  <attribute name= "Current Time Running" value="155724" />
  <attribute name="GC Util currently" value="106" />
  <attribute name="CPU Util currently" value="29249246115" />
<allocation-satisfied id="1836" threadId="00000000023ECF00" bytesRequested="16" />
<af-end id="1837" timestamp="2019-08-09T18:53:35.781" threadId="00000000023ED888" success="true" />
<exclusive-end id="1838" timestamp="2019-08-09T18:53:35.781" durationms="69.107" />

<exclusive-start id="1839" timestamp="2019-08-09T18:53:35.809" intervalms="97.329">
  <response-info timems="0.166" idlems="0.166" threads="0" lastid="00000000023ECF00" lastname="main" />
</exclusive-start>
<af-start id="1840" threadId="00000000023ED888" totalBytesRequested="32" timestamp="2019-08-09T18:53:35.809" intervalms="97.329" />
<cycle-start id="1841" type="global" contextid="0" timestamp="2019-08-09T18:53:35.809" intervalms="97.339" />
<gc-start id="1842" type="global" contextid="1841" timestamp="2019-08-09T18:53:35.809">
  <mem-info id="1843" free="232448" total="23330816" percent="0">
    <mem type="tenure" free="232448" total="23330816" percent="0">
      <mem type="soa" free="0" total="23098368" percent="0" />
      <mem type="loa" free="232448" total="232448" percent="100" />
    </mem>
  </mem-info>
</gc-start>
<allocation-stats totalBytes="5748640" >
  <allocated-bytes non-tlh="0" tlh="5748640" />
  <largest-consumer threadName="main" threadId="00000000023ECF00" bytes="5748640" />
</allocation-stats>
<gc-op id="1844" type="mark" timems="17.058" contextid="1841" timestamp="2019-08-09T18:53:35.827">
  <trace-info objectcount="539298" scancount="461393" scanbytes="11888936" />
  <finalization candidates="81" enqueued="0" />
  <ownableSynchronizers candidates="21" cleared="0" />
  <references type="soft" candidates="1829" cleared="0" enqueued="0" dynamicThreshold="8" maxThreshold="32" />
  <references type="weak" candidates="5510" cleared="0" enqueued="0" />
  <references type="phantom" candidates="98" cleared="0" enqueued="0" />
  <stringconstants candidates="13139" cleared="0"  />
</gc-op>
<gc-op id="1845" type="sweep" timems="3.490" contextid="1841" timestamp="2019-08-09T18:53:35.830" />
<mem-info id="1846" free="5201664" total="23330816" percent="22">
  <mem type="tenure" free="5201664" total="23330816" percent="22" micro-fragmented="23040" macro-fragmented="0">
    <mem type="soa" free="4969216" total="23098368" percent="21" />
    <mem type="loa" free="232448" total="232448" percent="100" />
  </mem>
</mem-info>
<gc-op id="1847" type="compact" timems="27.084" contextid="1841" timestamp="2019-08-09T18:53:35.857">
  <compact-info movecount="14347" movebytes="321552" reason="compact to aid heap contraction" />
</gc-op>
<heap-resize id="1848" type="expand" space="tenure" amount="131072" count="1" timems="0.022" reason="satisfy allocation request" timestamp="2019-08-09T18:53:35.858" />
<gc-end id="1849" type="global" contextid="1841" durationms="48.748" usertimems="155.589" systemtimems="0.000" timestamp="2019-08-09T18:53:35.858" activeThreads="16">
  <mem-info id="1850" free="5727120" total="23461888" percent="24">
    <mem type="tenure" free="5727120" total="23461888" percent="24">
      <mem type="soa" free="5492624" total="23227392" percent="23" />
      <mem type="loa" free="234496" total="234496" percent="100" />
    </mem>
  </mem-info>
</gc-end>
<cycle-end id="1851" type="global" contextid="1841" timestamp="2019-08-09T18:53:35.858" />
  <attribute name="elasticGC enabled" value="1" />
  <attribute name= "numThreadsSpecified" value="16" />
  <attribute name="heapSize specified" value="23330816" />
  <attribute name="Current GC Util" value="51" />
  <attribute name= "Current Time Running" value="155801" />
  <attribute name ="GC Interval" value="0" />
  <attribute name="Target GC Util Change" value ="80.000000" />
  <attribute name="Current GC Util Change" value="51.000000"/>
  <attribute name="Current Error" value="-675.000000" />
  <attribute name="Output H" value="23405720"/>
  <attribute name="Output I" value="1232"/>
  <attribute name="Output T" value="16"/>
  <attribute name= "Current Time Running" value="155801" />
  <attribute name="GC Util currently" value="51" />
  <attribute name="CPU Util currently" value="42482189047" />
<allocation-satisfied id="1852" threadId="00000000023ECF00" bytesRequested="32" />
<af-end id="1853" timestamp="2019-08-09T18:53:35.858" threadId="00000000023ED888" success="true" />
<exclusive-end id="1854" timestamp="2019-08-09T18:53:35.858" durationms="49.045" />

<exclusive-start id="1855" timestamp="2019-08-09T18:53:35.892" intervalms="82.385">
  <response-info timems="0.028" idlems="0.028" threads="0" lastid="00000000023ECF00" lastname="main" />
</exclusive-start>
<af-start id="1856" threadId="00000000023ED888" totalBytesRequested="24" timestamp="2019-08-09T18:53:35.892" intervalms="82.377" />
<cycle-start id="1857" type="global" contextid="0" timestamp="2019-08-09T18:53:35.892" intervalms="82.378" />
<gc-start id="1858" type="global" contextid="1857" timestamp="2019-08-09T18:53:35.892">
  <mem-info id="1859" free="234496" total="23461888" percent="0">
    <mem type="tenure" free="234496" total="23461888" percent="0">
      <mem type="soa" free="0" total="23227392" percent="0" />
      <mem type="loa" free="234496" total="234496" percent="100" />
    </mem>
  </mem-info>
</gc-start>
<allocation-stats totalBytes="5557528" >
  <allocated-bytes non-tlh="65544" tlh="5491984" />
  <largest-consumer threadName="main" threadId="00000000023ECF00" bytes="5557528" />
</allocation-stats>
<gc-op id="1860" type="mark" timems="26.511" contextid="1857" timestamp="2019-08-09T18:53:35.918">
  <trace-info objectcount="552956" scancount="475047" scanbytes="12227348" />
  <finalization candidates="81" enqueued="0" />
  <ownableSynchronizers candidates="21" cleared="0" />
  <references type="soft" candidates="1829" cleared="0" enqueued="0" dynamicThreshold="7" maxThreshold="32" />
  <references type="weak" candidates="5510" cleared="0" enqueued="0" />
  <references type="phantom" candidates="98" cleared="0" enqueued="0" />
  <stringconstants candidates="13139" cleared="0"  />
</gc-op>
<gc-op id="1861" type="sweep" timems="3.395" contextid="1857" timestamp="2019-08-09T18:53:35.922" />
<mem-info id="1862" free="5011056" total="23461888" percent="21">
  <mem type="tenure" free="5011056" total="23461888" percent="21" micro-fragmented="59414" macro-fragmented="0">
    <mem type="soa" free="4776560" total="23227392" percent="20" />
    <mem type="loa" free="234496" total="234496" percent="100" />
  </mem>
</mem-info>
<gc-op id="1863" type="compact" timems="44.167" contextid="1857" timestamp="2019-08-09T18:53:35.966">
  <compact-info movecount="43504" movebytes="1038160" reason="compact to aid heap contraction" />
</gc-op>
<heap-resize id="1864" type="expand" space="tenure" amount="131072" count="1" timems="0.020" reason="satisfy allocation request" timestamp="2019-08-09T18:53:35.967" />
<gc-end id="1865" type="global" contextid="1857" durationms="75.386" usertimems="121.438" systemtimems="0.000" timestamp="2019-08-09T18:53:35.967" activeThreads="16">
  <mem-info id="1866" free="5519608" total="23592960" percent="23">
    <mem type="tenure" free="5519608" total="23592960" percent="23">
      <mem type="soa" free="5284088" total="23357440" percent="22" />
      <mem type="loa" free="235520" total="235520" percent="100" />
    </mem>
  </mem-info>
</gc-end>
<cycle-end id="1867" type="global" contextid="1857" timestamp="2019-08-09T18:53:35.967" />
  <attribute name="elasticGC enabled" value="1" />
  <attribute name= "numThreadsSpecified" value="16" />
  <attribute name="heapSize specified" value="23461888" />
  <attribute name="Current GC Util" value="31" />
  <attribute name= "Current Time Running" value="155910" />
  <attribute name ="GC Interval" value="0" />
  <attribute name="Target GC Util Change" value ="80.000000" />
  <attribute name="Current GC Util Change" value="31.000000"/>
  <attribute name="Current Error" value="-89.000000" />
  <attribute name="Output H" value="23537472"/>
  <attribute name="Output I" value="1912"/>
  <attribute name="Output T" value="16"/>
  <attribute name= "Current Time Running" value="155910" />
  <attribute name="GC Util currently" value="31" />
  <attribute name="CPU Util currently" value="26067971071" />
<allocation-satisfied id="1868" threadId="00000000023ECF00" bytesRequested="24" />
<af-end id="1869" timestamp="2019-08-09T18:53:35.967" threadId="00000000023ED888" success="true" />
<exclusive-end id="1870" timestamp="2019-08-09T18:53:35.967" durationms="75.660" />

<exclusive-start id="1871" timestamp="2019-08-09T18:53:35.988" intervalms="96.606">
  <response-info timems="0.042" idlems="0.042" threads="0" lastid="00000000023ECF00" lastname="main" />
</exclusive-start>
<af-start id="1872" threadId="00000000023ED888" totalBytesRequested="32" timestamp="2019-08-09T18:53:35.988" intervalms="96.612" />
<cycle-start id="1873" type="global" contextid="0" timestamp="2019-08-09T18:53:35.988" intervalms="96.601" />
<gc-start id="1874" type="global" contextid="1873" timestamp="2019-08-09T18:53:35.988">
  <mem-info id="1875" free="235520" total="23592960" percent="0">
    <mem type="tenure" free="235520" total="23592960" percent="0">
      <mem type="soa" free="0" total="23357440" percent="0" />
      <mem type="loa" free="235520" total="235520" percent="100" />
    </mem>
  </mem-info>
</gc-start>
<allocation-stats totalBytes="5348960" >
  <allocated-bytes non-tlh="0" tlh="5348960" />
  <largest-consumer threadName="main" threadId="00000000023ECF00" bytes="5348960" />
</allocation-stats>
<gc-op id="1876" type="mark" timems="9.036" contextid="1873" timestamp="2019-08-09T18:53:35.997">
  <trace-info objectcount="566488" scancount="488578" scanbytes="12530440" />
  <finalization candidates="81" enqueued="0" />
  <ownableSynchronizers candidates="21" cleared="0" />
  <references type="soft" candidates="1829" cleared="0" enqueued="0" dynamicThreshold="7" maxThreshold="32" />
  <references type="weak" candidates="5510" cleared="0" enqueued="0" />
  <references type="phantom" candidates="98" cleared="0" enqueued="0" />
  <stringconstants candidates="13139" cleared="0"  />
</gc-op>
<gc-op id="1877" type="sweep" timems="1.732" contextid="1873" timestamp="2019-08-09T18:53:35.999" />
<mem-info id="1878" free="4846888" total="23592960" percent="20">
  <mem type="tenure" free="4846888" total="23592960" percent="20" micro-fragmented="51632" macro-fragmented="0">
    <mem type="soa" free="4611368" total="23357440" percent="19" />
    <mem type="loa" free="235520" total="235520" percent="100" />
  </mem>
</mem-info>
<gc-op id="1879" type="compact" timems="24.098" contextid="1873" timestamp="2019-08-09T18:53:36.024">
  <compact-info movecount="13564" movebytes="303912" reason="compact to aid heap contraction" />
</gc-op>
<heap-resize id="1880" type="expand" space="tenure" amount="131072" count="1" timems="0.018" reason="satisfy allocation request" timestamp="2019-08-09T18:53:36.024" />
<gc-end id="1881" type="global" contextid="1873" durationms="35.763" usertimems="99.894" systemtimems="0.000" timestamp="2019-08-09T18:53:36.024" activeThreads="16">
  <mem-info id="1882" free="5347592" total="23724032" percent="22">
    <mem type="tenure" free="5347592" total="23724032" percent="22">
      <mem type="soa" free="5111048" total="23487488" percent="21" />
      <mem type="loa" free="236544" total="236544" percent="100" />
    </mem>
  </mem-info>
</gc-end>
<cycle-end id="1883" type="global" contextid="1873" timestamp="2019-08-09T18:53:36.024" />
  <attribute name="elasticGC enabled" value="1" />
  <attribute name= "numThreadsSpecified" value="16" />
  <attribute name="heapSize specified" value="23592960" />
  <attribute name="Current GC Util" value="52" />
  <attribute name= "Current Time Running" value="155967" />
  <attribute name ="GC Interval" value="0" />
  <attribute name="Target GC Util Change" value ="80.000000" />
  <attribute name="Current GC Util Change" value="52.000000"/>
  <attribute name="Current Error" value="28.000000" />
  <attribute name="Output H" value="23668672"/>
  <attribute name="Output I" value="2040"/>
  <attribute name="Output T" value="16"/>
  <attribute name= "Current Time Running" value="155967" />
  <attribute name="GC Util currently" value="52" />
  <attribute name="CPU Util currently" value="47760772342" />
<allocation-satisfied id="1884" threadId="00000000023ECF00" bytesRequested="32" />
<af-end id="1885" timestamp="2019-08-09T18:53:36.024" threadId="00000000023ED888" success="true" />
<exclusive-end id="1886" timestamp="2019-08-09T18:53:36.024" durationms="35.970" />

<exclusive-start id="1887" timestamp="2019-08-09T18:53:36.051" intervalms="62.654">
  <response-info timems="0.023" idlems="0.023" threads="0" lastid="00000000023ECF00" lastname="main" />
</exclusive-start>
<af-start id="1888" threadId="00000000023ED888" totalBytesRequested="32" timestamp="2019-08-09T18:53:36.051" intervalms="62.637" />
<cycle-start id="1889" type="global" contextid="0" timestamp="2019-08-09T18:53:36.051" intervalms="62.636" />
<gc-start id="1890" type="global" contextid="1889" timestamp="2019-08-09T18:53:36.051">
  <mem-info id="1891" free="236544" total="23724032" percent="0">
    <mem type="tenure" free="236544" total="23724032" percent="0">
      <mem type="soa" free="0" total="23487488" percent="0" />
      <mem type="loa" free="236544" total="236544" percent="100" />
    </mem>
  </mem-info>
</gc-start>
<allocation-stats totalBytes="5175696" >
  <allocated-bytes non-tlh="131080" tlh="5044616" />
  <largest-consumer threadName="main" threadId="00000000023ECF00" bytes="5175696" />
</allocation-stats>
<gc-op id="1892" type="mark" timems="9.388" contextid="1889" timestamp="2019-08-09T18:53:36.060">
  <trace-info objectcount="578876" scancount="500965" scanbytes="12873480" />
  <finalization candidates="81" enqueued="0" />
  <ownableSynchronizers candidates="21" cleared="0" />
  <references type="soft" candidates="1829" cleared="0" enqueued="0" dynamicThreshold="7" maxThreshold="32" />
  <references type="weak" candidates="5510" cleared="0" enqueued="0" />
  <references type="phantom" candidates="98" cleared="0" enqueued="0" />
  <stringconstants candidates="13139" cleared="0"  />
</gc-op>
<gc-op id="1893" type="sweep" timems="1.635" contextid="1889" timestamp="2019-08-09T18:53:36.062" />
<mem-info id="1894" free="4670448" total="23724032" percent="19">
  <mem type="tenure" free="4670448" total="23724032" percent="19" micro-fragmented="58053" macro-fragmented="0">
    <mem type="soa" free="4433904" total="23487488" percent="18" />
    <mem type="loa" free="236544" total="236544" percent="100" />
  </mem>
</mem-info>
<gc-op id="1895" type="compact" timems="40.235" contextid="1889" timestamp="2019-08-09T18:53:36.102">
  <compact-info movecount="57466" movebytes="1418768" reason="compact to aid heap contraction" />
</gc-op>
<heap-resize id="1896" type="expand" space="tenure" amount="131072" count="1" timems="0.020" reason="satisfy allocation request" timestamp="2019-08-09T18:53:36.103" />
<gc-end id="1897" type="global" contextid="1889" durationms="52.242" usertimems="112.092" systemtimems="0.000" timestamp="2019-08-09T18:53:36.103" activeThreads="16">
  <mem-info id="1898" free="5135632" total="23855104" percent="21">
    <mem type="tenure" free="5135632" total="23855104" percent="21">
      <mem type="soa" free="4898064" total="23617536" percent="20" />
      <mem type="loa" free="237568" total="237568" percent="100" />
    </mem>
  </mem-info>
</gc-end>
<cycle-end id="1899" type="global" contextid="1889" timestamp="2019-08-09T18:53:36.103" />
  <attribute name="elasticGC enabled" value="1" />
  <attribute name= "numThreadsSpecified" value="16" />
  <attribute name="heapSize specified" value="23724032" />
  <attribute name="Current GC Util" value="33" />
  <attribute name= "Current Time Running" value="156046" />
  <attribute name ="GC Interval" value="0" />
  <attribute name="Target GC Util Change" value ="80.000000" />
  <attribute name="Current GC Util Change" value="33.000000"/>
  <attribute name="Current Error" value="-482.000000" />
  <attribute name="Output H" value="23799160"/>
  <attribute name="Output I" value="1456"/>
  <attribute name="Output T" value="16"/>
  <attribute name= "Current Time Running" value="156046" />
  <attribute name="GC Util currently" value="33" />
  <attribute name="CPU Util currently" value="28625424936" />
<allocation-satisfied id="1900" threadId="00000000023ECF00" bytesRequested="32" />
<af-end id="1901" timestamp="2019-08-09T18:53:36.103" threadId="00000000023ED888" success="true" />
<exclusive-end id="1902" timestamp="2019-08-09T18:53:36.103" durationms="52.435" />

-------------------------------------------------------------------------------
PYBENCH 2.0
-------------------------------------------------------------------------------
* using Python 2.5.2
* system check interval set to maximum: 2147483647
* using timer: time.time

<exclusive-start id="1903" timestamp="2019-08-09T18:53:36.131" intervalms="80.587">
  <response-info timems="0.050" idlems="0.050" threads="0" lastid="00000000023ECF00" lastname="main" />
</exclusive-start>
<af-start id="1904" threadId="00000000023ED888" totalBytesRequested="16" timestamp="2019-08-09T18:53:36.132" intervalms="80.602" />
<cycle-start id="1905" type="global" contextid="0" timestamp="2019-08-09T18:53:36.132" intervalms="80.609" />
<gc-start id="1906" type="global" contextid="1905" timestamp="2019-08-09T18:53:36.132">
  <mem-info id="1907" free="237568" total="23855104" percent="0">
    <mem type="tenure" free="237568" total="23855104" percent="0">
      <mem type="soa" free="0" total="23617536" percent="0" />
      <mem type="loa" free="237568" total="237568" percent="100" />
    </mem>
  </mem-info>
</gc-start>
<allocation-stats totalBytes="4962384" >
  <allocated-bytes non-tlh="8048" tlh="4954336" />
  <largest-consumer threadName="main" threadId="00000000023ECF00" bytes="4962384" />
</allocation-stats>
<gc-op id="1908" type="mark" timems="11.905" contextid="1905" timestamp="2019-08-09T18:53:36.144">
  <trace-info objectcount="594905" scancount="516050" scanbytes="13228972" />
  <finalization candidates="81" enqueued="1" />
  <ownableSynchronizers candidates="21" cleared="0" />
  <references type="soft" candidates="2374" cleared="0" enqueued="0" dynamicThreshold="6" maxThreshold="32" />
  <references type="weak" candidates="5552" cleared="2" enqueued="1" />
  <references type="phantom" candidates="98" cleared="0" enqueued="0" />
  <stringconstants candidates="13337" cleared="4"  />
</gc-op>
<gc-op id="1909" type="sweep" timems="2.285" contextid="1905" timestamp="2019-08-09T18:53:36.146" />
<mem-info id="1910" free="5577728" total="23855104" percent="23">
  <mem type="tenure" free="5577728" total="23855104" percent="23" micro-fragmented="150400" macro-fragmented="19983">
    <mem type="soa" free="5340160" total="23617536" percent="22" />
    <mem type="loa" free="237568" total="237568" percent="100" />
  </mem>
  <pending-finalizers system="0" default="1" reference="1" classloader="0" />
</mem-info>
<gc-op id="1911" type="compact" timems="179.564" contextid="1905" timestamp="2019-08-09T18:53:36.326">
  <compact-info movecount="581725" movebytes="17274336" reason="compact to aid heap contraction" />
</gc-op>
<heap-resize id="1912" type="expand" space="tenure" amount="131072" count="1" timems="0.017" reason="satisfy allocation request" timestamp="2019-08-09T18:53:36.327" />
<gc-end id="1913" type="global" contextid="1905" durationms="195.016" usertimems="268.723" systemtimems="0.000" timestamp="2019-08-09T18:53:36.327" activeThreads="16">
  <mem-info id="1914" free="6161288" total="23986176" percent="25">
    <mem type="tenure" free="6161288" total="23986176" percent="25">
      <mem type="soa" free="5921672" total="23746560" percent="24" />
      <mem type="loa" free="239616" total="239616" percent="100" />
    </mem>
    <pending-finalizers system="0" default="1" reference="1" classloader="0" />
  </mem-info>
</gc-end>
<cycle-end id="1915" type="global" contextid="1905" timestamp="2019-08-09T18:53:36.327" />
  <attribute name="elasticGC enabled" value="1" />
  <attribute name= "numThreadsSpecified" value="16" />
  <attribute name="heapSize specified" value="23855104" />
  <attribute name="Current GC Util" value="14" />
  <attribute name= "Current Time Running" value="156270" />
  <attribute name ="GC Interval" value="0" />
  <attribute name="Target GC Util Change" value ="80.000000" />
  <attribute name="Current GC Util Change" value="14.000000"/>
  <attribute name="Current Error" value="-371.000000" />
  <attribute name="Output H" value="23930360"/>
  <attribute name="Output I" value="1584"/>
  <attribute name="Output T" value="16"/>
  <attribute name= "Current Time Running" value="156270" />
  <attribute name="GC Util currently" value="14" />
  <attribute name="CPU Util currently" value="6419572172" />
<allocation-satisfied id="1916" threadId="00000000023ECF00" bytesRequested="16" />
<af-end id="1917" timestamp="2019-08-09T18:53:36.327" threadId="00000000023ED888" success="true" />
<exclusive-end id="1918" timestamp="2019-08-09T18:53:36.327" durationms="195.245" />

Calibrating tests. Please wait...

Running 4 round(s) of the suite at warp factor 10:

<exclusive-start id="1919" timestamp="2019-08-09T18:53:36.443" intervalms="311.170">
  <response-info timems="0.057" idlems="0.057" threads="0" lastid="00000000023ECF00" lastname="main" />
</exclusive-start>
<af-start id="1920" threadId="00000000023ED888" totalBytesRequested="24" timestamp="2019-08-09T18:53:36.443" intervalms="311.163" />
<cycle-start id="1921" type="global" contextid="0" timestamp="2019-08-09T18:53:36.443" intervalms="311.168" />
<gc-start id="1922" type="global" contextid="1921" timestamp="2019-08-09T18:53:36.443">
  <mem-info id="1923" free="239616" total="23986176" percent="0">
    <mem type="tenure" free="239616" total="23986176" percent="0">
      <mem type="soa" free="0" total="23746560" percent="0" />
      <mem type="loa" free="239616" total="239616" percent="100" />
    </mem>
  </mem-info>
</gc-start>
<allocation-stats totalBytes="5921248" >
  <allocated-bytes non-tlh="12528" tlh="5908720" />
  <largest-consumer threadName="main" threadId="00000000023ECF00" bytes="5921248" />
</allocation-stats>
<gc-op id="1924" type="mark" timems="27.243" contextid="1921" timestamp="2019-08-09T18:53:36.470">
  <trace-info objectcount="602446" scancount="523278" scanbytes="13438172" />
  <finalization candidates="80" enqueued="0" />
  <ownableSynchronizers candidates="21" cleared="0" />
  <references type="soft" candidates="4181" cleared="0" enqueued="0" dynamicThreshold="8" maxThreshold="32" />
  <references type="weak" candidates="5570" cleared="2" enqueued="2" />
  <references type="phantom" candidates="98" cleared="1" enqueued="1" />
  <stringconstants candidates="13645" cleared="1"  />
</gc-op>
<gc-op id="1925" type="sweep" timems="2.797" contextid="1921" timestamp="2019-08-09T18:53:36.473" />
<mem-info id="1926" free="5733728" total="23986176" percent="23">
  <mem type="tenure" free="5733728" total="23986176" percent="23" micro-fragmented="222808" macro-fragmented="0">
    <mem type="soa" free="5494112" total="23746560" percent="23" />
    <mem type="loa" free="239616" total="239616" percent="100" />
  </mem>
  <pending-finalizers system="0" default="0" reference="3" classloader="0" />
</mem-info>
<gc-op id="1927" type="compact" timems="207.936" contextid="1921" timestamp="2019-08-09T18:53:36.681">
  <compact-info movecount="589254" movebytes="17481808" reason="compact to aid heap contraction" />
</gc-op>
<heap-resize id="1928" type="expand" space="tenure" amount="131072" count="1" timems="0.018" reason="satisfy allocation request" timestamp="2019-08-09T18:53:36.682" />
<gc-end id="1929" type="global" contextid="1921" durationms="239.532" usertimems="365.068" systemtimems="0.000" timestamp="2019-08-09T18:53:36.682" activeThreads="16">
  <mem-info id="1930" free="6019024" total="24117248" percent="24">
    <mem type="tenure" free="6019024" total="24117248" percent="24">
      <mem type="soa" free="5778384" total="23876608" percent="24" />
      <mem type="loa" free="240640" total="240640" percent="100" />
    </mem>
    <pending-finalizers system="0" default="0" reference="3" classloader="0" />
  </mem-info>
</gc-end>
<cycle-end id="1931" type="global" contextid="1921" timestamp="2019-08-09T18:53:36.682" />
  <attribute name="elasticGC enabled" value="1" />
  <attribute name= "numThreadsSpecified" value="16" />
  <attribute name="heapSize specified" value="23986176" />
  <attribute name="Current GC Util" value="9" />
  <attribute name= "Current Time Running" value="156625" />
  <attribute name ="GC Interval" value="0" />
  <attribute name="Target GC Util Change" value ="80.000000" />
  <attribute name="Current GC Util Change" value="9.000000"/>
  <attribute name="Current Error" value="71.000000" />
  <attribute name="Output H" value="24061944"/>
  <attribute name="Output I" value="2096"/>
  <attribute name="Output T" value="16"/>
  <attribute name= "Current Time Running" value="156625" />
  <attribute name="GC Util currently" value="9" />
  <attribute name="CPU Util currently" value="5543508145" />
<allocation-satisfied id="1932" threadId="00000000023ECF00" bytesRequested="24" />
<af-end id="1933" timestamp="2019-08-09T18:53:36.682" threadId="00000000023ED888" success="true" />
<exclusive-end id="1934" timestamp="2019-08-09T18:53:36.682" durationms="239.806" />

<exclusive-start id="1935" timestamp="2019-08-09T18:53:36.716" intervalms="273.363">
  <response-info timems="0.037" idlems="0.037" threads="0" lastid="00000000023ECF00" lastname="main" />
</exclusive-start>
<af-start id="1936" threadId="00000000023ED888" totalBytesRequested="16" timestamp="2019-08-09T18:53:36.716" intervalms="273.352" />
<cycle-start id="1937" type="global" contextid="0" timestamp="2019-08-09T18:53:36.716" intervalms="273.338" />
<gc-start id="1938" type="global" contextid="1937" timestamp="2019-08-09T18:53:36.716">
  <mem-info id="1939" free="240640" total="24117248" percent="0">
    <mem type="tenure" free="240640" total="24117248" percent="0">
      <mem type="soa" free="0" total="23876608" percent="0" />
      <mem type="loa" free="240640" total="240640" percent="100" />
    </mem>
  </mem-info>
</gc-start>
<allocation-stats totalBytes="5843576" >
  <allocated-bytes non-tlh="0" tlh="5843576" />
  <largest-consumer threadName="main" threadId="00000000023ECF00" bytes="5843576" />
</allocation-stats>
<gc-op id="1940" type="mark" timems="11.109" contextid="1937" timestamp="2019-08-09T18:53:36.727">
  <trace-info objectcount="602438" scancount="523274" scanbytes="13437980" />
  <finalization candidates="80" enqueued="0" />
  <ownableSynchronizers candidates="21" cleared="0" />
  <references type="soft" candidates="4181" cleared="0" enqueued="0" dynamicThreshold="7" maxThreshold="32" />
  <references type="weak" candidates="5568" cleared="0" enqueued="0" />
  <references type="phantom" candidates="97" cleared="0" enqueued="0" />
  <stringconstants candidates="13644" cleared="0"  />
</gc-op>
<gc-op id="1941" type="sweep" timems="2.502" contextid="1937" timestamp="2019-08-09T18:53:36.730" />
<mem-info id="1942" free="6084568" total="24117248" percent="25">
  <mem type="tenure" free="6084568" total="24117248" percent="25" micro-fragmented="0" macro-fragmented="3110739">
    <mem type="soa" free="5843928" total="23876608" percent="24" />
    <mem type="loa" free="240640" total="240640" percent="100" />
  </mem>
</mem-info>
<gc-op id="1943" type="compact" timems="122.686" contextid="1937" timestamp="2019-08-09T18:53:36.853">
  <compact-info movecount="495800" movebytes="12495976" reason="compact to aid heap contraction" />
</gc-op>
<heap-resize id="1944" type="expand" space="tenure" amount="131072" count="1" timems="0.022" reason="satisfy allocation request" timestamp="2019-08-09T18:53:36.853" />
<gc-end id="1945" type="global" contextid="1937" durationms="137.378" usertimems="171.959" systemtimems="0.000" timestamp="2019-08-09T18:53:36.854" activeThreads="16">
  <mem-info id="1946" free="6150312" total="24248320" percent="25">
    <mem type="tenure" free="6150312" total="24248320" percent="25">
      <mem type="soa" free="5908648" total="24006656" percent="24" />
      <mem type="loa" free="241664" total="241664" percent="100" />
    </mem>
  </mem-info>
</gc-end>
<cycle-end id="1947" type="global" contextid="1937" timestamp="2019-08-09T18:53:36.854" />
  <attribute name="elasticGC enabled" value="1" />
  <attribute name= "numThreadsSpecified" value="16" />
  <attribute name="heapSize specified" value="24117248" />
  <attribute name="Current GC Util" value="10" />
  <attribute name= "Current Time Running" value="156797" />
  <attribute name ="GC Interval" value="0" />
  <attribute name="Target GC Util Change" value ="80.000000" />
  <attribute name="Current GC Util Change" value="10.000000"/>
  <attribute name="Current Error" value="-618.000000" />
  <attribute name="Output H" value="24192216"/>
  <attribute name="Output I" value="1296"/>
  <attribute name="Output T" value="16"/>
  <attribute name= "Current Time Running" value="156797" />
  <attribute name="GC Util currently" value="10" />
  <attribute name="CPU Util currently" value="9394502814" />
<allocation-satisfied id="1948" threadId="00000000023ECF00" bytesRequested="16" />
<af-end id="1949" timestamp="2019-08-09T18:53:36.854" threadId="00000000023ED888" success="true" />
<exclusive-end id="1950" timestamp="2019-08-09T18:53:36.854" durationms="137.560" />

<exclusive-start id="1951" timestamp="2019-08-09T18:53:36.891" intervalms="174.616">
  <response-info timems="0.080" idlems="0.080" threads="0" lastid="00000000023ECF00" lastname="main" />
</exclusive-start>
<af-start id="1952" threadId="00000000023ED888" totalBytesRequested="16" timestamp="2019-08-09T18:53:36.891" intervalms="174.632" />
<cycle-start id="1953" type="global" contextid="0" timestamp="2019-08-09T18:53:36.891" intervalms="174.638" />
<gc-start id="1954" type="global" contextid="1953" timestamp="2019-08-09T18:53:36.891">
  <mem-info id="1955" free="241664" total="24248320" percent="0">
    <mem type="tenure" free="241664" total="24248320" percent="0">
      <mem type="soa" free="0" total="24006656" percent="0" />
      <mem type="loa" free="241664" total="241664" percent="100" />
    </mem>
  </mem-info>
</gc-start>
<allocation-stats totalBytes="5973744" >
  <allocated-bytes non-tlh="0" tlh="5973744" />
  <largest-consumer threadName="main" threadId="00000000023ECF00" bytes="5973744" />
</allocation-stats>
<gc-op id="1956" type="mark" timems="16.270" contextid="1953" timestamp="2019-08-09T18:53:36.907">
  <trace-info objectcount="602436" scancount="523264" scanbytes="13437936" />
  <finalization candidates="80" enqueued="0" />
  <ownableSynchronizers candidates="21" cleared="0" />
  <references type="soft" candidates="4181" cleared="0" enqueued="0" dynamicThreshold="8" maxThreshold="32" />
  <references type="weak" candidates="5568" cleared="0" enqueued="0" />
  <references type="phantom" candidates="97" cleared="0" enqueued="0" />
  <stringconstants candidates="13644" cleared="0"  />
</gc-op>
<gc-op id="1957" type="sweep" timems="3.194" contextid="1953" timestamp="2019-08-09T18:53:36.910" />
<mem-info id="1958" free="6215896" total="24248320" percent="25">
  <mem type="tenure" free="6215896" total="24248320" percent="25" micro-fragmented="0" macro-fragmented="0">
    <mem type="soa" free="5974232" total="24006656" percent="24" />
    <mem type="loa" free="241664" total="241664" percent="100" />
  </mem>
</mem-info>
<gc-op id="1959" type="compact" timems="37.136" contextid="1953" timestamp="2019-08-09T18:53:36.948">
  <compact-info movecount="1" movebytes="24" reason="compact to aid heap contraction" />
</gc-op>
<heap-resize id="1960" type="expand" space="tenure" amount="131072" count="1" timems="0.019" reason="satisfy allocation request" timestamp="2019-08-09T18:53:36.949" />
<gc-end id="1961" type="global" contextid="1953" durationms="58.099" usertimems="102.351" systemtimems="0.000" timestamp="2019-08-09T18:53:36.949" activeThreads="16">
  <mem-info id="1962" free="6281432" total="24379392" percent="25">
    <mem type="tenure" free="6281432" total="24379392" percent="25">
      <mem type="soa" free="6037720" total="24135680" percent="25" />
      <mem type="loa" free="243712" total="243712" percent="100" />
    </mem>
  </mem-info>
</gc-end>
<cycle-end id="1963" type="global" contextid="1953" timestamp="2019-08-09T18:53:36.949" />
  <attribute name="elasticGC enabled" value="1" />
  <attribute name= "numThreadsSpecified" value="16" />
  <attribute name="heapSize specified" value="24248320" />
  <attribute name="Current GC Util" value="28" />
  <attribute name= "Current Time Running" value="156892" />
  <attribute name ="GC Interval" value="0" />
  <attribute name="Target GC Util Change" value ="80.000000" />
  <attribute name="Current GC Util Change" value="28.000000"/>
  <attribute name="Current Error" value="-187.000000" />
  <attribute name="Output H" value="24323792"/>
  <attribute name="Output I" value="1800"/>
  <attribute name="Output T" value="16"/>
  <attribute name= "Current Time Running" value="156892" />
  <attribute name="GC Util currently" value="28" />
  <attribute name="CPU Util currently" value="31018468231" />
<allocation-satisfied id="1964" threadId="00000000023ECF00" bytesRequested="16" />
<af-end id="1965" timestamp="2019-08-09T18:53:36.949" threadId="00000000023ED888" success="true" />
<exclusive-end id="1966" timestamp="2019-08-09T18:53:36.949" durationms="58.320" />

<exclusive-start id="1967" timestamp="2019-08-09T18:53:37.004" intervalms="113.676">
  <response-info timems="0.040" idlems="0.040" threads="0" lastid="00000000023ECF00" lastname="main" />
</exclusive-start>
<af-start id="1968" threadId="00000000023ED888" totalBytesRequested="32" timestamp="2019-08-09T18:53:37.004" intervalms="113.658" />
<cycle-start id="1969" type="global" contextid="0" timestamp="2019-08-09T18:53:37.004" intervalms="113.662" />
<gc-start id="1970" type="global" contextid="1969" timestamp="2019-08-09T18:53:37.004">
  <mem-info id="1971" free="243712" total="24379392" percent="0">
    <mem type="tenure" free="243712" total="24379392" percent="0">
      <mem type="soa" free="0" total="24135680" percent="0" />
      <mem type="loa" free="243712" total="243712" percent="100" />
    </mem>
  </mem-info>
</gc-start>
<allocation-stats totalBytes="6102968" >
  <allocated-bytes non-tlh="0" tlh="6102968" />
  <largest-consumer threadName="main" threadId="00000000023ECF00" bytes="6102968" />
</allocation-stats>
<gc-op id="1972" type="mark" timems="14.830" contextid="1969" timestamp="2019-08-09T18:53:37.019">
  <trace-info objectcount="602450" scancount="523289" scanbytes="13438304" />
  <finalization candidates="80" enqueued="0" />
  <ownableSynchronizers candidates="21" cleared="0" />
  <references type="soft" candidates="4181" cleared="0" enqueued="0" dynamicThreshold="8" maxThreshold="32" />
  <references type="weak" candidates="5570" cleared="0" enqueued="0" />
  <references type="phantom" candidates="97" cleared="0" enqueued="0" />
  <stringconstants candidates="13644" cleared="0"  />
</gc-op>
<gc-op id="1973" type="sweep" timems="3.366" contextid="1969" timestamp="2019-08-09T18:53:37.023" />
<mem-info id="1974" free="6344784" total="24379392" percent="26">
  <mem type="tenure" free="6344784" total="24379392" percent="26" micro-fragmented="0" macro-fragmented="0">
    <mem type="soa" free="6101072" total="24135680" percent="25" />
    <mem type="loa" free="243712" total="243712" percent="100" />
  </mem>
</mem-info>
<gc-op id="1975" type="compact" timems="27.179" contextid="1969" timestamp="2019-08-09T18:53:37.050">
  <compact-info movecount="1460" movebytes="50952" reason="compact to aid heap contraction" />
</gc-op>
<heap-resize id="1976" type="expand" space="tenure" amount="131072" count="1" timems="0.023" reason="satisfy allocation request" timestamp="2019-08-09T18:53:37.052" />
<gc-end id="1977" type="global" contextid="1969" durationms="47.135" usertimems="93.197" systemtimems="0.000" timestamp="2019-08-09T18:53:37.052" activeThreads="16">
  <mem-info id="1978" free="6412128" total="24510464" percent="26">
    <mem type="tenure" free="6412128" total="24510464" percent="26">
      <mem type="soa" free="6167392" total="24265728" percent="25" />
      <mem type="loa" free="244736" total="244736" percent="100" />
    </mem>
  </mem-info>
</gc-end>
<cycle-end id="1979" type="global" contextid="1969" timestamp="2019-08-09T18:53:37.052" />
  <attribute name="elasticGC enabled" value="1" />
  <attribute name= "numThreadsSpecified" value="16" />
  <attribute name="heapSize specified" value="24379392" />
  <attribute name="Current GC Util" value="36" />
  <attribute name= "Current Time Running" value="156994" />
  <attribute name ="GC Interval" value="0" />
  <attribute name="Target GC Util Change" value ="80.000000" />
  <attribute name="Current GC Util Change" value="36.000000"/>
  <attribute name="Current Error" value="44.000000" />
  <attribute name="Output H" value="24455128"/>
  <attribute name="Output I" value="2064"/>
  <attribute name="Output T" value="16"/>
  <attribute name= "Current Time Running" value="156994" />
  <attribute name="GC Util currently" value="36" />
  <attribute name="CPU Util currently" value="42329885646" />
<allocation-satisfied id="1980" threadId="00000000023ECF00" bytesRequested="32" />
<af-end id="1981" timestamp="2019-08-09T18:53:37.052" threadId="00000000023ED888" success="true" />
<exclusive-end id="1982" timestamp="2019-08-09T18:53:37.052" durationms="47.331" />

<exclusive-start id="1983" timestamp="2019-08-09T18:53:37.131" intervalms="126.598">
  <response-info timems="0.108" idlems="0.108" threads="0" lastid="00000000023ECF00" lastname="main" />
</exclusive-start>
<af-start id="1984" threadId="00000000023ED888" totalBytesRequested="32" timestamp="2019-08-09T18:53:37.131" intervalms="126.614" />
<cycle-start id="1985" type="global" contextid="0" timestamp="2019-08-09T18:53:37.131" intervalms="126.606" />
<gc-start id="1986" type="global" contextid="1985" timestamp="2019-08-09T18:53:37.131">
  <mem-info id="1987" free="244736" total="24510464" percent="0">
    <mem type="tenure" free="244736" total="24510464" percent="0">
      <mem type="soa" free="0" total="24265728" percent="0" />
      <mem type="loa" free="244736" total="244736" percent="100" />
    </mem>
  </mem-info>
</gc-start>
<allocation-stats totalBytes="6232408" >
  <allocated-bytes non-tlh="0" tlh="6232408" />
  <largest-consumer threadName="main" threadId="00000000023ECF00" bytes="6232408" />
</allocation-stats>
<gc-op id="1988" type="mark" timems="13.674" contextid="1985" timestamp="2019-08-09T18:53:37.145">
  <trace-info objectcount="602451" scancount="523284" scanbytes="13438328" />
  <finalization candidates="80" enqueued="0" />
  <ownableSynchronizers candidates="21" cleared="0" />
  <references type="soft" candidates="4181" cleared="0" enqueued="0" dynamicThreshold="8" maxThreshold="32" />
  <references type="weak" candidates="5570" cleared="0" enqueued="0" />
  <references type="phantom" candidates="97" cleared="0" enqueued="0" />
  <stringconstants candidates="13644" cleared="0"  />
</gc-op>
<gc-op id="1989" type="sweep" timems="5.627" contextid="1985" timestamp="2019-08-09T18:53:37.150" />
<mem-info id="1990" free="6477640" total="24510464" percent="26">
  <mem type="tenure" free="6477640" total="24510464" percent="26" micro-fragmented="0" macro-fragmented="0">
    <mem type="soa" free="6232904" total="24265728" percent="25" />
    <mem type="loa" free="244736" total="244736" percent="100" />
  </mem>
</mem-info>
<gc-op id="1991" type="compact" timems="33.579" contextid="1985" timestamp="2019-08-09T18:53:37.184">
  <compact-info movecount="1" movebytes="24" reason="compact to aid heap contraction" />
</gc-op>
<heap-resize id="1992" type="expand" space="tenure" amount="131072" count="1" timems="0.021" reason="satisfy allocation request" timestamp="2019-08-09T18:53:37.185" />
<gc-end id="1993" type="global" contextid="1985" durationms="54.199" usertimems="122.618" systemtimems="0.000" timestamp="2019-08-09T18:53:37.185" activeThreads="16">
  <mem-info id="1994" free="6543176" total="24641536" percent="26">
    <mem type="tenure" free="6543176" total="24641536" percent="26">
      <mem type="soa" free="6297416" total="24395776" percent="25" />
      <mem type="loa" free="245760" total="245760" percent="100" />
    </mem>
  </mem-info>
</gc-end>
<cycle-end id="1995" type="global" contextid="1985" timestamp="2019-08-09T18:53:37.185" />
  <attribute name="elasticGC enabled" value="1" />
  <attribute name= "numThreadsSpecified" value="16" />
  <attribute name="heapSize specified" value="24510464" />
  <attribute name="Current GC Util" value="33" />
  <attribute name= "Current Time Running" value="157128" />
  <attribute name ="GC Interval" value="0" />
  <attribute name="Target GC Util Change" value ="80.000000" />
  <attribute name="Current GC Util Change" value="33.000000"/>
  <attribute name="Current Error" value="-140.000000" />
  <attribute name="Output H" value="24585984"/>
  <attribute name="Output I" value="1848"/>
  <attribute name="Output T" value="16"/>
  <attribute name= "Current Time Running" value="157128" />
  <attribute name="GC Util currently" value="33" />
  <attribute name="CPU Util currently" value="34310419908" />
<allocation-satisfied id="1996" threadId="00000000023ECF00" bytesRequested="32" />
<af-end id="1997" timestamp="2019-08-09T18:53:37.185" threadId="00000000023ED888" success="true" />
<exclusive-end id="1998" timestamp="2019-08-09T18:53:37.185" durationms="54.447" />

<exclusive-start id="1999" timestamp="2019-08-09T18:53:37.251" intervalms="120.000">
  <response-info timems="0.158" idlems="0.158" threads="0" lastid="00000000023ECF00" lastname="main" />
</exclusive-start>
<af-start id="2000" threadId="00000000023ED888" totalBytesRequested="32" timestamp="2019-08-09T18:53:37.251" intervalms="119.997" />
<cycle-start id="2001" type="global" contextid="0" timestamp="2019-08-09T18:53:37.251" intervalms="119.994" />
<gc-start id="2002" type="global" contextid="2001" timestamp="2019-08-09T18:53:37.251">
  <mem-info id="2003" free="245760" total="24641536" percent="0">
    <mem type="tenure" free="245760" total="24641536" percent="0">
      <mem type="soa" free="0" total="24395776" percent="0" />
      <mem type="loa" free="245760" total="245760" percent="100" />
    </mem>
  </mem-info>
</gc-start>
<allocation-stats totalBytes="6362056" >
  <allocated-bytes non-tlh="0" tlh="6362056" />
  <largest-consumer threadName="main" threadId="00000000023ECF00" bytes="6362056" />
</allocation-stats>
<gc-op id="2004" type="mark" timems="12.857" contextid="2001" timestamp="2019-08-09T18:53:37.264">
  <trace-info objectcount="602451" scancount="523286" scanbytes="13438328" />
  <finalization candidates="80" enqueued="0" />
  <ownableSynchronizers candidates="21" cleared="0" />
  <references type="soft" candidates="4181" cleared="0" enqueued="0" dynamicThreshold="8" maxThreshold="32" />
  <references type="weak" candidates="5570" cleared="0" enqueued="0" />
  <references type="phantom" candidates="97" cleared="0" enqueued="0" />
  <stringconstants candidates="13644" cleared="0"  />
</gc-op>
<gc-op id="2005" type="sweep" timems="2.837" contextid="2001" timestamp="2019-08-09T18:53:37.267" />
<mem-info id="2006" free="6608712" total="24641536" percent="26">
  <mem type="tenure" free="6608712" total="24641536" percent="26" micro-fragmented="0" macro-fragmented="0">
    <mem type="soa" free="6362952" total="24395776" percent="26" />
    <mem type="loa" free="245760" total="245760" percent="100" />
  </mem>
</mem-info>
<gc-op id="2007" type="compact" timems="28.613" contextid="2001" timestamp="2019-08-09T18:53:37.296">
  <compact-info movecount="1" movebytes="24" reason="compact to aid heap contraction" />
</gc-op>
<heap-resize id="2008" type="expand" space="tenure" amount="131072" count="1" timems="0.021" reason="satisfy allocation request" timestamp="2019-08-09T18:53:37.296" />
<gc-end id="2009" type="global" contextid="2001" durationms="45.288" usertimems="105.558" systemtimems="0.000" timestamp="2019-08-09T18:53:37.296" activeThreads="16">
  <mem-info id="2010" free="6674248" total="24772608" percent="26">
    <mem type="tenure" free="6674248" total="24772608" percent="26">
      <mem type="soa" free="6427464" total="24525824" percent="26" />
      <mem type="loa" free="246784" total="246784" percent="100" />
    </mem>
  </mem-info>
</gc-end>
<cycle-end id="2011" type="global" contextid="2001" timestamp="2019-08-09T18:53:37.296" />
  <attribute name="elasticGC enabled" value="1" />
  <attribute name= "numThreadsSpecified" value="16" />
  <attribute name="heapSize specified" value="24641536" />
  <attribute name="Current GC Util" value="85" />
  <attribute name= "Current Time Running" value="157240" />
  <attribute name ="GC Interval" value="0" />
  <attribute name="Target GC Util Change" value ="80.000000" />
  <attribute name="Current GC Util Change" value="85.000000"/>
  <attribute name="Current Error" value="-340.000000" />
  <attribute name="Output H" value="24716824"/>
  <attribute name="Output I" value="1616"/>
  <attribute name="Output T" value="16"/>
  <attribute name= "Current Time Running" value="157240" />
  <attribute name="GC Util currently" value="85" />
  <attribute name="CPU Util currently" value="40237089117" />
<allocation-satisfied id="2012" threadId="00000000023ECF00" bytesRequested="32" />
<af-end id="2013" timestamp="2019-08-09T18:53:37.297" threadId="00000000023ED888" success="true" />
<exclusive-end id="2014" timestamp="2019-08-09T18:53:37.297" durationms="45.620" />

<exclusive-start id="2015" timestamp="2019-08-09T18:53:37.351" intervalms="99.728">
  <response-info timems="0.301" idlems="0.301" threads="0" lastid="00000000023ECF00" lastname="main" />
</exclusive-start>
<af-start id="2016" threadId="00000000023ED888" totalBytesRequested="32" timestamp="2019-08-09T18:53:37.351" intervalms="99.726" />
<cycle-start id="2017" type="global" contextid="0" timestamp="2019-08-09T18:53:37.351" intervalms="99.767" />
<gc-start id="2018" type="global" contextid="2017" timestamp="2019-08-09T18:53:37.351">
  <mem-info id="2019" free="246784" total="24772608" percent="0">
    <mem type="tenure" free="246784" total="24772608" percent="0">
      <mem type="soa" free="0" total="24525824" percent="0" />
      <mem type="loa" free="246784" total="246784" percent="100" />
    </mem>
  </mem-info>
</gc-start>
<allocation-stats totalBytes="6492080" >
  <allocated-bytes non-tlh="0" tlh="6492080" />
  <largest-consumer threadName="main" threadId="00000000023ECF00" bytes="6492080" />
</allocation-stats>
<gc-op id="2020" type="mark" timems="15.559" contextid="2017" timestamp="2019-08-09T18:53:37.367">
  <trace-info objectcount="602451" scancount="523284" scanbytes="13438328" />
  <finalization candidates="80" enqueued="0" />
  <ownableSynchronizers candidates="21" cleared="0" />
  <references type="soft" candidates="4181" cleared="0" enqueued="0" dynamicThreshold="8" maxThreshold="32" />
  <references type="weak" candidates="5570" cleared="0" enqueued="0" />
  <references type="phantom" candidates="97" cleared="0" enqueued="0" />
  <stringconstants candidates="13644" cleared="0"  />
</gc-op>
<gc-op id="2021" type="sweep" timems="1.997" contextid="2017" timestamp="2019-08-09T18:53:37.369" />
<mem-info id="2022" free="6739784" total="24772608" percent="27">
  <mem type="tenure" free="6739784" total="24772608" percent="27" micro-fragmented="0" macro-fragmented="5375357">
    <mem type="soa" free="6493000" total="24525824" percent="26" />
    <mem type="loa" free="246784" total="246784" percent="100" />
  </mem>
</mem-info>
<gc-op id="2023" type="compact" timems="27.854" contextid="2017" timestamp="2019-08-09T18:53:37.397">
  <compact-info movecount="1" movebytes="24" reason="compact to aid heap contraction" />
</gc-op>
<heap-resize id="2024" type="expand" space="tenure" amount="131072" count="1" timems="0.025" reason="satisfy allocation request" timestamp="2019-08-09T18:53:37.398" />
<gc-end id="2025" type="global" contextid="2017" durationms="46.909" usertimems="120.914" systemtimems="0.000" timestamp="2019-08-09T18:53:37.398" activeThreads="16">
  <mem-info id="2026" free="6805320" total="24903680" percent="27">
    <mem type="tenure" free="6805320" total="24903680" percent="27">
      <mem type="soa" free="6556488" total="24654848" percent="26" />
      <mem type="loa" free="248832" total="248832" percent="100" />
    </mem>
  </mem-info>
</gc-end>
<cycle-end id="2027" type="global" contextid="2017" timestamp="2019-08-09T18:53:37.398" />
  <attribute name="elasticGC enabled" value="1" />
  <attribute name= "numThreadsSpecified" value="16" />
  <attribute name="heapSize specified" value="24772608" />
  <attribute name="Current GC Util" value="40" />
  <attribute name= "Current Time Running" value="157341" />
  <attribute name ="GC Interval" value="0" />
  <attribute name="Target GC Util Change" value ="80.000000" />
  <attribute name="Current GC Util Change" value="40.000000"/>
  <attribute name="Current Error" value="40.000000" />
  <attribute name="Output H" value="24848336"/>
  <attribute name="Output I" value="2056"/>
  <attribute name="Output T" value="16"/>
  <attribute name= "Current Time Running" value="157341" />
  <attribute name="GC Util currently" value="40" />
  <attribute name="CPU Util currently" value="41359112202" />
<allocation-satisfied id="2028" threadId="00000000023ECF00" bytesRequested="32" />
<af-end id="2029" timestamp="2019-08-09T18:53:37.398" threadId="00000000023ED888" success="true" />
<exclusive-end id="2030" timestamp="2019-08-09T18:53:37.398" durationms="47.392" />

<exclusive-start id="2031" timestamp="2019-08-09T18:53:37.431" intervalms="80.045">
  <response-info timems="0.037" idlems="0.037" threads="0" lastid="00000000023ECF00" lastname="main" />
</exclusive-start>
<af-start id="2032" threadId="00000000023ED888" totalBytesRequested="32" timestamp="2019-08-09T18:53:37.431" intervalms="80.035" />
<cycle-start id="2033" type="global" contextid="0" timestamp="2019-08-09T18:53:37.431" intervalms="79.995" />
<gc-start id="2034" type="global" contextid="2033" timestamp="2019-08-09T18:53:37.431">
  <mem-info id="2035" free="248832" total="24903680" percent="0">
    <mem type="tenure" free="248832" total="24903680" percent="0">
      <mem type="soa" free="0" total="24654848" percent="0" />
      <mem type="loa" free="248832" total="248832" percent="100" />
    </mem>
  </mem-info>
</gc-start>
<allocation-stats totalBytes="6621024" >
  <allocated-bytes non-tlh="0" tlh="6621024" />
  <largest-consumer threadName="main" threadId="00000000023ECF00" bytes="6621024" />
</allocation-stats>
<gc-op id="2036" type="mark" timems="10.300" contextid="2033" timestamp="2019-08-09T18:53:37.441">
  <trace-info objectcount="602267" scancount="523104" scanbytes="13433888" />
  <finalization candidates="80" enqueued="0" />
  <ownableSynchronizers candidates="21" cleared="0" />
  <references type="soft" candidates="4181" cleared="183" enqueued="183" dynamicThreshold="8" maxThreshold="32" />
  <references type="weak" candidates="5570" cleared="0" enqueued="0" />
  <references type="phantom" candidates="97" cleared="0" enqueued="0" />
  <stringconstants candidates="13644" cleared="0"  />
</gc-op>
<gc-op id="2037" type="sweep" timems="2.942" contextid="2033" timestamp="2019-08-09T18:53:37.444" />
<mem-info id="2038" free="6870856" total="24903680" percent="27">
  <mem type="tenure" free="6870856" total="24903680" percent="27" micro-fragmented="5443" macro-fragmented="0">
    <mem type="soa" free="6622024" total="24654848" percent="26" />
    <mem type="loa" free="248832" total="248832" percent="100" />
  </mem>
  <pending-finalizers system="0" default="0" reference="183" classloader="0" />
</mem-info>
<gc-op id="2039" type="compact" timems="145.530" contextid="2033" timestamp="2019-08-09T18:53:37.590">
  <compact-info movecount="573208" movebytes="16119072" reason="compact to aid heap contraction" />
</gc-op>
<heap-resize id="2040" type="expand" space="tenure" amount="131072" count="1" timems="0.021" reason="satisfy allocation request" timestamp="2019-08-09T18:53:37.591" />
<gc-end id="2041" type="global" contextid="2033" durationms="160.150" usertimems="266.586" systemtimems="0.000" timestamp="2019-08-09T18:53:37.591" activeThreads="16">
  <mem-info id="2042" free="6940840" total="25034752" percent="27">
    <mem type="tenure" free="6940840" total="25034752" percent="27">
      <mem type="soa" free="6690984" total="24784896" percent="26" />
      <mem type="loa" free="249856" total="249856" percent="100" />
    </mem>
    <pending-finalizers system="0" default="0" reference="183" classloader="0" />
  </mem-info>
</gc-end>
<cycle-end id="2043" type="global" contextid="2033" timestamp="2019-08-09T18:53:37.591" />
  <attribute name="elasticGC enabled" value="1" />
  <attribute name= "numThreadsSpecified" value="16" />
  <attribute name="heapSize specified" value="24903680" />
  <attribute name="Current GC Util" value="13" />
  <attribute name= "Current Time Running" value="157534" />
  <attribute name ="GC Interval" value="0" />
  <attribute name="Target GC Util Change" value ="80.000000" />
  <attribute name="Current GC Util Change" value="13.000000"/>
  <attribute name="Current Error" value="-267.000000" />
  <attribute name="Output H" value="24979056"/>
  <attribute name="Output I" value="1704"/>
  <attribute name="Output T" value="16"/>
  <attribute name= "Current Time Running" value="157534" />
  <attribute name="GC Util currently" value="13" />
  <attribute name="CPU Util currently" value="7921452446" />
<allocation-satisfied id="2044" threadId="00000000023ECF00" bytesRequested="32" />
<af-end id="2045" timestamp="2019-08-09T18:53:37.591" threadId="00000000023ED888" success="true" />
<exclusive-end id="2046" timestamp="2019-08-09T18:53:37.591" durationms="160.388" />

<exclusive-start id="2047" timestamp="2019-08-09T18:53:38.373" intervalms="941.806">
  <response-info timems="0.157" idlems="0.157" threads="0" lastid="00000000023ECF00" lastname="main" />
</exclusive-start>
<af-start id="2048" threadId="00000000023ED888" totalBytesRequested="24" timestamp="2019-08-09T18:53:38.373" intervalms="941.795" />
<cycle-start id="2049" type="global" contextid="0" timestamp="2019-08-09T18:53:38.373" intervalms="941.792" />
<gc-start id="2050" type="global" contextid="2049" timestamp="2019-08-09T18:53:38.373">
  <mem-info id="2051" free="249856" total="25034752" percent="0">
    <mem type="tenure" free="249856" total="25034752" percent="0">
      <mem type="soa" free="0" total="24784896" percent="0" />
      <mem type="loa" free="249856" total="249856" percent="100" />
    </mem>
  </mem-info>
</gc-start>
<allocation-stats totalBytes="6755568" >
  <allocated-bytes non-tlh="0" tlh="6755568" />
  <largest-consumer threadName="main" threadId="00000000023ECF00" bytes="6751472" />
</allocation-stats>
<gc-op id="2052" type="mark" timems="21.554" contextid="2049" timestamp="2019-08-09T18:53:38.394">
  <trace-info objectcount="601340" scancount="522180" scanbytes="13400260" />
  <finalization candidates="80" enqueued="0" />
  <ownableSynchronizers candidates="21" cleared="0" />
  <references type="soft" candidates="3998" cleared="737" enqueued="737" dynamicThreshold="8" maxThreshold="32" />
  <references type="weak" candidates="5570" cleared="0" enqueued="0" />
  <references type="phantom" candidates="97" cleared="0" enqueued="0" />
  <stringconstants candidates="13644" cleared="0"  />
</gc-op>
<gc-op id="2053" type="sweep" timems="3.049" contextid="2049" timestamp="2019-08-09T18:53:38.398" />
<mem-info id="2054" free="7021400" total="25034752" percent="28">
  <mem type="tenure" free="7021400" total="25034752" percent="28" micro-fragmented="18081" macro-fragmented="0">
    <mem type="soa" free="6771544" total="24784896" percent="27" />
    <mem type="loa" free="249856" total="249856" percent="100" />
  </mem>
  <pending-finalizers system="0" default="0" reference="737" classloader="0" />
</mem-info>
<gc-op id="2055" type="compact" timems="27.507" contextid="2049" timestamp="2019-08-09T18:53:38.425">
  <compact-info movecount="10682" movebytes="290704" reason="compact to aid heap contraction" />
</gc-op>
<heap-resize id="2056" type="expand" space="tenure" amount="131072" count="1" timems="0.028" reason="satisfy allocation request" timestamp="2019-08-09T18:53:38.430" />
<gc-end id="2057" type="global" contextid="2049" durationms="57.738" usertimems="128.825" systemtimems="0.000" timestamp="2019-08-09T18:53:38.430" activeThreads="16">
  <mem-info id="2058" free="7105976" total="25165824" percent="28">
    <mem type="tenure" free="7105976" total="25165824" percent="28">
      <mem type="soa" free="6855096" total="24914944" percent="27" />
      <mem type="loa" free="250880" total="250880" percent="100" />
    </mem>
    <pending-finalizers system="0" default="0" reference="737" classloader="0" />
  </mem-info>
</gc-end>
<cycle-end id="2059" type="global" contextid="2049" timestamp="2019-08-09T18:53:38.430" />
  <attribute name="elasticGC enabled" value="1" />
  <attribute name= "numThreadsSpecified" value="16" />
  <attribute name="heapSize specified" value="25034752" />
  <attribute name="Current GC Util" value="54" />
  <attribute name= "Current Time Running" value="158369" />
  <attribute name ="GC Interval" value="0" />
  <attribute name="Target GC Util Change" value ="80.000000" />
  <attribute name="Current GC Util Change" value="54.000000"/>
  <attribute name="Current Error" value="-241.000000" />
  <attribute name="Output H" value="25110160"/>
  <attribute name="Output I" value="1736"/>
  <attribute name="Output T" value="16"/>
  <attribute name= "Current Time Running" value="158369" />
  <attribute name="GC Util currently" value="54" />
  <attribute name="CPU Util currently" value="41824487400" />
<allocation-satisfied id="2060" threadId="00000000023ECF00" bytesRequested="24" />
<af-end id="2061" timestamp="2019-08-09T18:53:38.430" threadId="00000000023ED888" success="true" />
<exclusive-end id="2062" timestamp="2019-08-09T18:53:38.430" durationms="57.951" />

<exclusive-start id="2063" timestamp="2019-08-09T18:53:39.793" intervalms="1420.065">
  <response-info timems="0.022" idlems="0.022" threads="0" lastid="00000000023ECF00" lastname="main" />
</exclusive-start>
<af-start id="2064" threadId="00000000023ED888" totalBytesRequested="1168" timestamp="2019-08-09T18:53:39.794" intervalms="1421.113" />
<cycle-start id="2065" type="global" contextid="0" timestamp="2019-08-09T18:53:39.794" intervalms="1421.125" />
<gc-start id="2066" type="global" contextid="2065" timestamp="2019-08-09T18:53:39.794">
  <mem-info id="2067" free="250880" total="25165824" percent="0">
    <mem type="tenure" free="250880" total="25165824" percent="0">
      <mem type="soa" free="0" total="24914944" percent="0" />
      <mem type="loa" free="250880" total="250880" percent="100" />
    </mem>
  </mem-info>
</gc-start>
<allocation-stats totalBytes="6900400" >
  <allocated-bytes non-tlh="64" tlh="6900336" />
  <largest-consumer threadName="main" threadId="00000000023ECF00" bytes="6861384" />
</allocation-stats>
<gc-op id="2068" type="mark" timems="10.919" contextid="2065" timestamp="2019-08-09T18:53:39.805">
  <trace-info objectcount="600488" scancount="521373" scanbytes="13382048" />
  <finalization candidates="80" enqueued="0" />
  <ownableSynchronizers candidates="21" cleared="0" />
  <references type="soft" candidates="3261" cleared="0" enqueued="0" dynamicThreshold="9" maxThreshold="32" />
  <references type="weak" candidates="5570" cleared="0" enqueued="0" />
  <references type="phantom" candidates="97" cleared="0" enqueued="0" />
  <stringconstants candidates="13645" cleared="50"  />
</gc-op>
<gc-op id="2069" type="sweep" timems="1.779" contextid="2065" timestamp="2019-08-09T18:53:39.807" />
<mem-info id="2070" free="7186088" total="25165824" percent="28">
  <mem type="tenure" free="7186088" total="25165824" percent="28" micro-fragmented="2061" macro-fragmented="65544">
    <mem type="soa" free="6935208" total="24914944" percent="27" />
    <mem type="loa" free="250880" total="250880" percent="100" />
  </mem>
</mem-info>
<gc-op id="2071" type="compact" timems="135.857" contextid="2065" timestamp="2019-08-09T18:53:39.943">
  <compact-info movecount="493811" movebytes="12433840" reason="compact to aid heap contraction" />
</gc-op>
<heap-resize id="2072" type="expand" space="tenure" amount="131072" count="1" timems="0.018" reason="satisfy allocation request" timestamp="2019-08-09T18:53:39.944" />
<gc-end id="2073" type="global" contextid="2065" durationms="150.390" usertimems="180.693" systemtimems="0.000" timestamp="2019-08-09T18:53:39.944" activeThreads="16">
  <mem-info id="2074" free="7255944" total="25296896" percent="28">
    <mem type="tenure" free="7255944" total="25296896" percent="28">
      <mem type="soa" free="7003016" total="25043968" percent="27" />
      <mem type="loa" free="252928" total="252928" percent="100" />
    </mem>
  </mem-info>
</gc-end>
<cycle-end id="2075" type="global" contextid="2065" timestamp="2019-08-09T18:53:39.944" />
  <attribute name="elasticGC enabled" value="1" />
  <attribute name= "numThreadsSpecified" value="16" />
  <attribute name="heapSize specified" value="25165824" />
  <attribute name="Current GC Util" value="9" />
  <attribute name= "Current Time Running" value="159887" />
  <attribute name ="GC Interval" value="0" />
  <attribute name="Target GC Util Change" value ="80.000000" />
  <attribute name="Current GC Util Change" value="9.000000"/>
  <attribute name="Current Error" value="71.000000" />
  <attribute name="Output H" value="25241592"/>
  <attribute name="Output I" value="2096"/>
  <attribute name="Output T" value="16"/>
  <attribute name= "Current Time Running" value="159887" />
  <attribute name="GC Util currently" value="9" />
  <attribute name="CPU Util currently" value="8485372108" />
<allocation-satisfied id="2076" threadId="00000000023ECF00" bytesRequested="1168" />
<af-end id="2077" timestamp="2019-08-09T18:53:39.944" threadId="00000000023ED888" success="true" />
<exclusive-end id="2078" timestamp="2019-08-09T18:53:39.944" durationms="151.625" />

<exclusive-start id="2079" timestamp="2019-08-09T18:53:39.949" intervalms="156.421">
  <response-info timems="0.050" idlems="0.050" threads="0" lastid="00000000023ECF00" lastname="main" />
</exclusive-start>
<af-start id="2080" threadId="00000000023ED888" totalBytesRequested="1168" timestamp="2019-08-09T18:53:39.949" intervalms="155.387" />
<cycle-start id="2081" type="global" contextid="0" timestamp="2019-08-09T18:53:39.949" intervalms="155.379" />
<gc-start id="2082" type="global" contextid="2081" timestamp="2019-08-09T18:53:39.949">
  <mem-info id="2083" free="252928" total="25296896" percent="0">
    <mem type="tenure" free="252928" total="25296896" percent="0">
      <mem type="soa" free="0" total="25043968" percent="0" />
      <mem type="loa" free="252928" total="252928" percent="100" />
    </mem>
  </mem-info>
</gc-start>
<allocation-stats totalBytes="7039648" >
  <allocated-bytes non-tlh="0" tlh="7039648" />
  <largest-consumer threadName="main" threadId="00000000023ECF00" bytes="7039648" />
</allocation-stats>
<gc-op id="2084" type="mark" timems="22.372" contextid="2081" timestamp="2019-08-09T18:53:39.972">
  <trace-info objectcount="600488" scancount="521373" scanbytes="13382048" />
  <finalization candidates="80" enqueued="0" />
  <ownableSynchronizers candidates="21" cleared="0" />
  <references type="soft" candidates="3261" cleared="0" enqueued="0" dynamicThreshold="9" maxThreshold="32" />
  <references type="weak" candidates="5570" cleared="0" enqueued="0" />
  <references type="phantom" candidates="97" cleared="0" enqueued="0" />
  <stringconstants candidates="13595" cleared="0"  />
</gc-op>
<gc-op id="2085" type="sweep" timems="4.535" contextid="2081" timestamp="2019-08-09T18:53:39.976" />
<mem-info id="2086" free="7321456" total="25296896" percent="28">
  <mem type="tenure" free="7321456" total="25296896" percent="28" micro-fragmented="0" macro-fragmented="0">
    <mem type="soa" free="7068528" total="25043968" percent="28" />
    <mem type="loa" free="252928" total="252928" percent="100" />
  </mem>
</mem-info>
<gc-op id="2087" type="compact" timems="32.978" contextid="2081" timestamp="2019-08-09T18:53:40.009">
  <compact-info movecount="1" movebytes="32" reason="compact to aid heap contraction" />
</gc-op>
<heap-resize id="2088" type="expand" space="tenure" amount="131072" count="1" timems="0.017" reason="satisfy allocation request" timestamp="2019-08-09T18:53:40.011" />
<gc-end id="2089" type="global" contextid="2081" durationms="61.574" usertimems="152.977" systemtimems="0.000" timestamp="2019-08-09T18:53:40.011" activeThreads="16">
  <mem-info id="2090" free="7387016" total="25427968" percent="29">
    <mem type="tenure" free="7387016" total="25427968" percent="29">
      <mem type="soa" free="7133064" total="25174016" percent="28" />
      <mem type="loa" free="253952" total="253952" percent="100" />
    </mem>
  </mem-info>
</gc-end>
<cycle-end id="2091" type="global" contextid="2081" timestamp="2019-08-09T18:53:40.011" />
  <attribute name="elasticGC enabled" value="1" />
  <attribute name= "numThreadsSpecified" value="16" />
  <attribute name="heapSize specified" value="25296896" />
  <attribute name="Current GC Util" value="77" />
  <attribute name= "Current Time Running" value="159953" />
  <attribute name ="GC Interval" value="0" />
  <attribute name="Target GC Util Change" value ="80.000000" />
  <attribute name="Current GC Util Change" value="77.000000"/>
  <attribute name="Current Error" value="-2395.000000" />
  <attribute name="Output H" value="25369816"/>
  <attribute name="Output I" value="200"/>
  <attribute name="Output T" value="16"/>
  <attribute name= "Current Time Running" value="159953" />
  <attribute name="GC Util currently" value="77" />
  <attribute name="CPU Util currently" value="34923385733" />
<allocation-satisfied id="2092" threadId="00000000023ECF00" bytesRequested="1168" />
<af-end id="2093" timestamp="2019-08-09T18:53:40.011" threadId="00000000023ED888" success="true" />
<exclusive-end id="2094" timestamp="2019-08-09T18:53:40.011" durationms="61.769" />

<exclusive-start id="2095" timestamp="2019-08-09T18:53:40.018" intervalms="69.247">
  <response-info timems="0.022" idlems="0.022" threads="0" lastid="00000000023ECF00" lastname="main" />
</exclusive-start>
<af-start id="2096" threadId="00000000023ED888" totalBytesRequested="1168" timestamp="2019-08-09T18:53:40.018" intervalms="69.261" />
<cycle-start id="2097" type="global" contextid="0" timestamp="2019-08-09T18:53:40.018" intervalms="69.262" />
<gc-start id="2098" type="global" contextid="2097" timestamp="2019-08-09T18:53:40.018">
  <mem-info id="2099" free="253952" total="25427968" percent="0">
    <mem type="tenure" free="253952" total="25427968" percent="0">
      <mem type="soa" free="0" total="25174016" percent="0" />
      <mem type="loa" free="253952" total="253952" percent="100" />
    </mem>
  </mem-info>
</gc-start>
<allocation-stats totalBytes="7169008" >
  <allocated-bytes non-tlh="0" tlh="7169008" />
  <largest-consumer threadName="main" threadId="00000000023ECF00" bytes="7169008" />
</allocation-stats>
<gc-op id="2100" type="mark" timems="18.730" contextid="2097" timestamp="2019-08-09T18:53:40.037">
  <trace-info objectcount="600488" scancount="521378" scanbytes="13382048" />
  <finalization candidates="80" enqueued="0" />
  <ownableSynchronizers candidates="21" cleared="0" />
  <references type="soft" candidates="3261" cleared="0" enqueued="0" dynamicThreshold="9" maxThreshold="32" />
  <references type="weak" candidates="5570" cleared="0" enqueued="0" />
  <references type="phantom" candidates="97" cleared="0" enqueued="0" />
  <stringconstants candidates="13595" cleared="0"  />
</gc-op>
<gc-op id="2101" type="sweep" timems="8.351" contextid="2097" timestamp="2019-08-09T18:53:40.046" />
<mem-info id="2102" free="7452320" total="25427968" percent="29">
  <mem type="tenure" free="7452320" total="25427968" percent="29" micro-fragmented="0" macro-fragmented="0">
    <mem type="soa" free="7198368" total="25174016" percent="28" />
    <mem type="loa" free="253952" total="253952" percent="100" />
  </mem>
</mem-info>
<gc-op id="2103" type="compact" timems="38.101" contextid="2097" timestamp="2019-08-09T18:53:40.084">
  <compact-info movecount="1" movebytes="32" reason="compact to aid heap contraction" />
</gc-op>
<heap-resize id="2104" type="expand" space="tenure" amount="131072" count="1" timems="0.020" reason="satisfy allocation request" timestamp="2019-08-09T18:53:40.085" />
<gc-end id="2105" type="global" contextid="2097" durationms="66.993" usertimems="125.187" systemtimems="0.000" timestamp="2019-08-09T18:53:40.085" activeThreads="16">
  <mem-info id="2106" free="7518088" total="25559040" percent="29">
    <mem type="tenure" free="7518088" total="25559040" percent="29">
      <mem type="soa" free="7263112" total="25304064" percent="28" />
      <mem type="loa" free="254976" total="254976" percent="100" />
    </mem>
  </mem-info>
</gc-end>
<cycle-end id="2107" type="global" contextid="2097" timestamp="2019-08-09T18:53:40.085" />
  <attribute name="elasticGC enabled" value="1" />
  <attribute name= "numThreadsSpecified" value="16" />
  <attribute name="heapSize specified" value="25427968" />
  <attribute name="Current GC Util" value="30" />
  <attribute name= "Current Time Running" value="160028" />
  <attribute name ="GC Interval" value="0" />
  <attribute name="Target GC Util Change" value ="80.000000" />
  <attribute name="Current GC Util Change" value="30.000000"/>
  <attribute name="Current Error" value="-203.000000" />
  <attribute name="Output H" value="25503416"/>
  <attribute name="Output I" value="1776"/>
  <attribute name="Output T" value="16"/>
  <attribute name= "Current Time Running" value="160028" />
  <attribute name="GC Util currently" value="30" />
  <attribute name="CPU Util currently" value="30229449737" />
<allocation-satisfied id="2108" threadId="00000000023ECF00" bytesRequested="1168" />
<af-end id="2109" timestamp="2019-08-09T18:53:40.085" threadId="00000000023ED888" success="true" />
<exclusive-end id="2110" timestamp="2019-08-09T18:53:40.085" durationms="67.231" />

<exclusive-start id="2111" timestamp="2019-08-09T18:53:40.092" intervalms="74.039">
  <response-info timems="0.017" idlems="0.017" threads="0" lastid="00000000023ECF00" lastname="main" />
</exclusive-start>
<af-start id="2112" threadId="00000000023ED888" totalBytesRequested="1168" timestamp="2019-08-09T18:53:40.092" intervalms="74.038" />
<cycle-start id="2113" type="global" contextid="0" timestamp="2019-08-09T18:53:40.092" intervalms="74.042" />
<gc-start id="2114" type="global" contextid="2113" timestamp="2019-08-09T18:53:40.092">
  <mem-info id="2115" free="254976" total="25559040" percent="0">
    <mem type="tenure" free="254976" total="25559040" percent="0">
      <mem type="soa" free="0" total="25304064" percent="0" />
      <mem type="loa" free="254976" total="254976" percent="100" />
    </mem>
  </mem-info>
</gc-start>
<allocation-stats totalBytes="7298368" >
  <allocated-bytes non-tlh="0" tlh="7298368" />
  <largest-consumer threadName="main" threadId="00000000023ECF00" bytes="7298368" />
</allocation-stats>
<gc-op id="2116" type="mark" timems="18.318" contextid="2113" timestamp="2019-08-09T18:53:40.111">
  <trace-info objectcount="600488" scancount="521409" scanbytes="13382048" />
  <finalization candidates="80" enqueued="0" />
  <ownableSynchronizers candidates="21" cleared="0" />
  <references type="soft" candidates="3261" cleared="0" enqueued="0" dynamicThreshold="9" maxThreshold="32" />
  <references type="weak" candidates="5570" cleared="0" enqueued="0" />
  <references type="phantom" candidates="97" cleared="0" enqueued="0" />
  <stringconstants candidates="13595" cleared="0"  />
</gc-op>
<gc-op id="2117" type="sweep" timems="9.969" contextid="2113" timestamp="2019-08-09T18:53:40.121" />
<mem-info id="2118" free="7583184" total="25559040" percent="29">
  <mem type="tenure" free="7583184" total="25559040" percent="29" micro-fragmented="0" macro-fragmented="6450429">
    <mem type="soa" free="7328208" total="25304064" percent="28" />
    <mem type="loa" free="254976" total="254976" percent="100" />
  </mem>
</mem-info>
<gc-op id="2119" type="compact" timems="24.302" contextid="2113" timestamp="2019-08-09T18:53:40.145">
  <compact-info movecount="1" movebytes="32" reason="compact to aid heap contraction" />
</gc-op>
<heap-resize id="2120" type="expand" space="tenure" amount="131072" count="1" timems="0.014" reason="satisfy allocation request" timestamp="2019-08-09T18:53:40.146" />
<gc-end id="2121" type="global" contextid="2113" durationms="53.881" usertimems="122.578" systemtimems="0.000" timestamp="2019-08-09T18:53:40.146" activeThreads="16">
  <mem-info id="2122" free="7649160" total="25690112" percent="29">
    <mem type="tenure" free="7649160" total="25690112" percent="29">
      <mem type="soa" free="7393160" total="25434112" percent="29" />
      <mem type="loa" free="256000" total="256000" percent="100" />
    </mem>
  </mem-info>
</gc-end>
<cycle-end id="2123" type="global" contextid="2113" timestamp="2019-08-09T18:53:40.146" />
  <attribute name="elasticGC enabled" value="1" />
  <attribute name= "numThreadsSpecified" value="16" />
  <attribute name="heapSize specified" value="25559040" />
  <attribute name="Current GC Util" value="53" />
  <attribute name= "Current Time Running" value="160089" />
  <attribute name ="GC Interval" value="0" />
  <attribute name="Target GC Util Change" value ="80.000000" />
  <attribute name="Current GC Util Change" value="53.000000"/>
  <attribute name="Current Error" value="27.000000" />
  <attribute name="Output H" value="25634752"/>
  <attribute name="Output I" value="2040"/>
  <attribute name="Output T" value="16"/>
  <attribute name= "Current Time Running" value="160089" />
  <attribute name="GC Util currently" value="53" />
  <attribute name="CPU Util currently" value="47407911401" />
<allocation-satisfied id="2124" threadId="00000000023ECF00" bytesRequested="1168" />
<af-end id="2125" timestamp="2019-08-09T18:53:40.146" threadId="00000000023ED888" success="true" />
<exclusive-end id="2126" timestamp="2019-08-09T18:53:40.146" durationms="54.077" />

<exclusive-start id="2127" timestamp="2019-08-09T18:53:40.153" intervalms="60.933">
  <response-info timems="0.077" idlems="0.077" threads="0" lastid="00000000023ECF00" lastname="main" />
</exclusive-start>
<af-start id="2128" threadId="00000000023ED888" totalBytesRequested="1168" timestamp="2019-08-09T18:53:40.153" intervalms="60.930" />
<cycle-start id="2129" type="global" contextid="0" timestamp="2019-08-09T18:53:40.153" intervalms="60.925" />
<gc-start id="2130" type="global" contextid="2129" timestamp="2019-08-09T18:53:40.153">
  <mem-info id="2131" free="256000" total="25690112" percent="0">
    <mem type="tenure" free="256000" total="25690112" percent="0">
      <mem type="soa" free="0" total="25434112" percent="0" />
      <mem type="loa" free="256000" total="256000" percent="100" />
    </mem>
  </mem-info>
</gc-start>
<allocation-stats totalBytes="7427728" >
  <allocated-bytes non-tlh="0" tlh="7427728" />
  <largest-consumer threadName="main" threadId="00000000023ECF00" bytes="7427728" />
</allocation-stats>
<gc-op id="2132" type="mark" timems="30.609" contextid="2129" timestamp="2019-08-09T18:53:40.184">
  <trace-info objectcount="600488" scancount="521350" scanbytes="13382048" />
  <finalization candidates="80" enqueued="0" />
  <ownableSynchronizers candidates="21" cleared="0" />
  <references type="soft" candidates="3261" cleared="0" enqueued="0" dynamicThreshold="9" maxThreshold="32" />
  <references type="weak" candidates="5570" cleared="0" enqueued="0" />
  <references type="phantom" candidates="97" cleared="0" enqueued="0" />
  <stringconstants candidates="13595" cleared="0"  />
</gc-op>
<gc-op id="2133" type="sweep" timems="2.470" contextid="2129" timestamp="2019-08-09T18:53:40.186" />
<mem-info id="2134" free="7714048" total="25690112" percent="30">
  <mem type="tenure" free="7714048" total="25690112" percent="30" micro-fragmented="0" macro-fragmented="6450429">
    <mem type="soa" free="7458048" total="25434112" percent="29" />
    <mem type="loa" free="256000" total="256000" percent="100" />
  </mem>
</mem-info>
<gc-op id="2135" type="compact" timems="26.252" contextid="2129" timestamp="2019-08-09T18:53:40.213">
  <compact-info movecount="1" movebytes="32" reason="compact to aid heap contraction" />
</gc-op>
<heap-resize id="2136" type="expand" space="tenure" amount="131072" count="1" timems="0.016" reason="satisfy allocation request" timestamp="2019-08-09T18:53:40.214" />
<gc-end id="2137" type="global" contextid="2129" durationms="60.819" usertimems="152.988" systemtimems="0.000" timestamp="2019-08-09T18:53:40.214" activeThreads="16">
  <mem-info id="2138" free="7780232" total="25821184" percent="30">
    <mem type="tenure" free="7780232" total="25821184" percent="30">
      <mem type="soa" free="7522184" total="25563136" percent="29" />
      <mem type="loa" free="258048" total="258048" percent="100" />
    </mem>
  </mem-info>
</gc-end>
<cycle-end id="2139" type="global" contextid="2129" timestamp="2019-08-09T18:53:40.214" />
  <attribute name="elasticGC enabled" value="1" />
  <attribute name= "numThreadsSpecified" value="16" />
  <attribute name="heapSize specified" value="25690112" />
  <attribute name="Current GC Util" value="72" />
  <attribute name= "Current Time Running" value="160157" />
  <attribute name ="GC Interval" value="0" />
  <attribute name="Target GC Util Change" value ="80.000000" />
  <attribute name="Current GC Util Change" value="72.000000"/>
  <attribute name="Current Error" value="-697.000000" />
  <attribute name="Output H" value="25764992"/>
  <attribute name="Output I" value="1208"/>
  <attribute name="Output T" value="16"/>
  <attribute name= "Current Time Running" value="160157" />
  <attribute name="GC Util currently" value="72" />
  <attribute name="CPU Util currently" value="43903636455" />
<allocation-satisfied id="2140" threadId="00000000023ECF00" bytesRequested="1168" />
<af-end id="2141" timestamp="2019-08-09T18:53:40.214" threadId="00000000023ED888" success="true" />
<exclusive-end id="2142" timestamp="2019-08-09T18:53:40.214" durationms="61.029" />

<exclusive-start id="2143" timestamp="2019-08-09T18:53:40.220" intervalms="66.295">
  <response-info timems="0.042" idlems="0.042" threads="0" lastid="00000000023ECF00" lastname="main" />
</exclusive-start>
<af-start id="2144" threadId="00000000023ED888" totalBytesRequested="1168" timestamp="2019-08-09T18:53:40.220" intervalms="66.290" />
<cycle-start id="2145" type="global" contextid="0" timestamp="2019-08-09T18:53:40.220" intervalms="66.459" />
<gc-start id="2146" type="global" contextid="2145" timestamp="2019-08-09T18:53:40.220">
  <mem-info id="2147" free="258048" total="25821184" percent="0">
    <mem type="tenure" free="258048" total="25821184" percent="0">
      <mem type="soa" free="0" total="25563136" percent="0" />
      <mem type="loa" free="258048" total="258048" percent="100" />
    </mem>
  </mem-info>
</gc-start>
<allocation-stats totalBytes="7555856" >
  <allocated-bytes non-tlh="0" tlh="7555856" />
  <largest-consumer threadName="main" threadId="00000000023ECF00" bytes="7555856" />
</allocation-stats>
<gc-op id="2148" type="mark" timems="9.460" contextid="2145" timestamp="2019-08-09T18:53:40.229">
  <trace-info objectcount="600488" scancount="521378" scanbytes="13382048" />
  <finalization candidates="80" enqueued="0" />
  <ownableSynchronizers candidates="21" cleared="0" />
  <references type="soft" candidates="3261" cleared="0" enqueued="0" dynamicThreshold="9" maxThreshold="32" />
  <references type="weak" candidates="5570" cleared="0" enqueued="0" />
  <references type="phantom" candidates="97" cleared="0" enqueued="0" />
  <stringconstants candidates="13595" cleared="0"  />
</gc-op>
<gc-op id="2149" type="sweep" timems="1.779" contextid="2145" timestamp="2019-08-09T18:53:40.231" />
<mem-info id="2150" free="7845768" total="25821184" percent="30">
  <mem type="tenure" free="7845768" total="25821184" percent="30" micro-fragmented="0" macro-fragmented="6450429">
    <mem type="soa" free="7587720" total="25563136" percent="29" />
    <mem type="loa" free="258048" total="258048" percent="100" />
  </mem>
</mem-info>
<gc-op id="2151" type="compact" timems="24.528" contextid="2145" timestamp="2019-08-09T18:53:40.256">
  <compact-info movecount="1" movebytes="32" reason="compact to aid heap contraction" />
</gc-op>
<heap-resize id="2152" type="expand" space="tenure" amount="131072" count="1" timems="0.028" reason="satisfy allocation request" timestamp="2019-08-09T18:53:40.258" />
<gc-end id="2153" type="global" contextid="2145" durationms="38.278" usertimems="94.557" systemtimems="0.000" timestamp="2019-08-09T18:53:40.258" activeThreads="16">
  <mem-info id="2154" free="7911304" total="25952256" percent="30">
    <mem type="tenure" free="7911304" total="25952256" percent="30">
      <mem type="soa" free="7652232" total="25693184" percent="29" />
      <mem type="loa" free="259072" total="259072" percent="100" />
    </mem>
  </mem-info>
</gc-end>
<cycle-end id="2155" type="global" contextid="2145" timestamp="2019-08-09T18:53:40.258" />
  <attribute name="elasticGC enabled" value="1" />
  <attribute name= "numThreadsSpecified" value="16" />
  <attribute name="heapSize specified" value="25821184" />
  <attribute name="Current GC Util" value="68" />
  <attribute name= "Current Time Running" value="160200" />
  <attribute name ="GC Interval" value="0" />
  <attribute name="Target GC Util Change" value ="80.000000" />
  <attribute name="Current GC Util Change" value="68.000000"/>
  <attribute name="Current Error" value="-480.000000" />
  <attribute name="Output H" value="25896312"/>
  <attribute name="Output I" value="1456"/>
  <attribute name="Output T" value="16"/>
  <attribute name= "Current Time Running" value="160200" />
  <attribute name="GC Util currently" value="68" />
  <attribute name="CPU Util currently" value="46910975752" />
<allocation-satisfied id="2156" threadId="00000000023ECF00" bytesRequested="1168" />
<af-end id="2157" timestamp="2019-08-09T18:53:40.258" threadId="00000000023ED888" success="true" />
<exclusive-end id="2158" timestamp="2019-08-09T18:53:40.258" durationms="38.923" />

<exclusive-start id="2159" timestamp="2019-08-09T18:53:40.262" intervalms="42.631">
  <response-info timems="0.076" idlems="0.076" threads="0" lastid="00000000023ECF00" lastname="main" />
</exclusive-start>
<af-start id="2160" threadId="00000000023ED888" totalBytesRequested="1168" timestamp="2019-08-09T18:53:40.262" intervalms="42.628" />
<cycle-start id="2161" type="global" contextid="0" timestamp="2019-08-09T18:53:40.262" intervalms="42.456" />
<gc-start id="2162" type="global" contextid="2161" timestamp="2019-08-09T18:53:40.262">
  <mem-info id="2163" free="259072" total="25952256" percent="0">
    <mem type="tenure" free="259072" total="25952256" percent="0">
      <mem type="soa" free="0" total="25693184" percent="0" />
      <mem type="loa" free="259072" total="259072" percent="100" />
    </mem>
  </mem-info>
</gc-start>
<allocation-stats totalBytes="7686448" >
  <allocated-bytes non-tlh="0" tlh="7686448" />
  <largest-consumer threadName="main" threadId="00000000023ECF00" bytes="7686448" />
</allocation-stats>
<gc-op id="2164" type="mark" timems="30.445" contextid="2161" timestamp="2019-08-09T18:53:40.293">
  <trace-info objectcount="600488" scancount="521376" scanbytes="13382048" />
  <finalization candidates="80" enqueued="0" />
  <ownableSynchronizers candidates="21" cleared="0" />
  <references type="soft" candidates="3261" cleared="0" enqueued="0" dynamicThreshold="9" maxThreshold="32" />
  <references type="weak" candidates="5570" cleared="0" enqueued="0" />
  <references type="phantom" candidates="97" cleared="0" enqueued="0" />
  <stringconstants candidates="13595" cleared="0"  />
</gc-op>
<gc-op id="2165" type="sweep" timems="1.390" contextid="2161" timestamp="2019-08-09T18:53:40.294" />
<mem-info id="2166" free="7976800" total="25952256" percent="30">
  <mem type="tenure" free="7976800" total="25952256" percent="30" micro-fragmented="0" macro-fragmented="0">
    <mem type="soa" free="7717728" total="25693184" percent="30" />
    <mem type="loa" free="259072" total="259072" percent="100" />
  </mem>
</mem-info>
<gc-op id="2167" type="compact" timems="21.966" contextid="2161" timestamp="2019-08-09T18:53:40.316">
  <compact-info movecount="1" movebytes="32" reason="compact to aid heap contraction" />
</gc-op>
<heap-resize id="2168" type="expand" space="tenure" amount="131072" count="1" timems="0.033" reason="satisfy allocation request" timestamp="2019-08-09T18:53:40.317" />
<gc-end id="2169" type="global" contextid="2161" durationms="54.583" usertimems="202.461" systemtimems="0.000" timestamp="2019-08-09T18:53:40.317" activeThreads="16">
  <mem-info id="2170" free="8042376" total="26083328" percent="30">
    <mem type="tenure" free="8042376" total="26083328" percent="30">
      <mem type="soa" free="7782280" total="25823232" percent="30" />
      <mem type="loa" free="260096" total="260096" percent="100" />
    </mem>
  </mem-info>
</gc-end>
<cycle-end id="2171" type="global" contextid="2161" timestamp="2019-08-09T18:53:40.317" />
  <attribute name="elasticGC enabled" value="1" />
  <attribute name= "numThreadsSpecified" value="16" />
  <attribute name="heapSize specified" value="25952256" />
  <attribute name="Current GC Util" value="37" />
  <attribute name= "Current Time Running" value="160260" />
  <attribute name ="GC Interval" value="0" />
  <attribute name="Target GC Util Change" value ="80.000000" />
  <attribute name="Current GC Util Change" value="37.000000"/>
  <attribute name="Current Error" value="43.000000" />
  <attribute name="Output H" value="26027992"/>
  <attribute name="Output I" value="2064"/>
  <attribute name="Output T" value="16"/>
  <attribute name= "Current Time Running" value="160260" />
  <attribute name="GC Util currently" value="37" />
  <attribute name="CPU Util currently" value="52407539753" />
<allocation-satisfied id="2172" threadId="00000000023ECF00" bytesRequested="1168" />
<af-end id="2173" timestamp="2019-08-09T18:53:40.317" threadId="00000000023ED888" success="true" />
<exclusive-end id="2174" timestamp="2019-08-09T18:53:40.317" durationms="54.759" />

<exclusive-start id="2175" timestamp="2019-08-09T18:53:40.320" intervalms="57.804">
  <response-info timems="0.203" idlems="0.118" threads="1" lastid="00000000023F4700" lastname="JIT Compilation Thread-1" />
</exclusive-start>
<af-start id="2176" threadId="00000000023ED888" totalBytesRequested="1168" timestamp="2019-08-09T18:53:40.320" intervalms="57.798" />
<cycle-start id="2177" type="global" contextid="0" timestamp="2019-08-09T18:53:40.320" intervalms="57.799" />
<gc-start id="2178" type="global" contextid="2177" timestamp="2019-08-09T18:53:40.320">
  <mem-info id="2179" free="260096" total="26083328" percent="0">
    <mem type="tenure" free="260096" total="26083328" percent="0">
      <mem type="soa" free="0" total="25823232" percent="0" />
      <mem type="loa" free="260096" total="260096" percent="100" />
    </mem>
  </mem-info>
</gc-start>
<allocation-stats totalBytes="7816336" >
  <allocated-bytes non-tlh="0" tlh="7816336" />
  <largest-consumer threadName="main" threadId="00000000023ECF00" bytes="7816336" />
</allocation-stats>
<gc-op id="2180" type="mark" timems="9.891" contextid="2177" timestamp="2019-08-09T18:53:40.330">
  <trace-info objectcount="600489" scancount="521377" scanbytes="13382072" />
  <finalization candidates="80" enqueued="0" />
  <ownableSynchronizers candidates="21" cleared="0" />
  <references type="soft" candidates="3261" cleared="0" enqueued="0" dynamicThreshold="9" maxThreshold="32" />
  <references type="weak" candidates="5570" cleared="0" enqueued="0" />
  <references type="phantom" candidates="97" cleared="0" enqueued="0" />
  <stringconstants candidates="13595" cleared="0"  />
</gc-op>
<gc-op id="2181" type="sweep" timems="3.688" contextid="2177" timestamp="2019-08-09T18:53:40.334" />
<mem-info id="2182" free="8107640" total="26083328" percent="31">
  <mem type="tenure" free="8107640" total="26083328" percent="31" micro-fragmented="0" macro-fragmented="7740515">
    <mem type="soa" free="7847544" total="25823232" percent="30" />
    <mem type="loa" free="260096" total="260096" percent="100" />
  </mem>
</mem-info>
<gc-op id="2183" type="compact" timems="22.301" contextid="2177" timestamp="2019-08-09T18:53:40.356">
  <compact-info movecount="2" movebytes="56" reason="compact to aid heap contraction" />
</gc-op>
<heap-resize id="2184" type="expand" space="tenure" amount="131072" count="1" timems="0.018" reason="satisfy allocation request" timestamp="2019-08-09T18:53:40.357" />
<gc-end id="2185" type="global" contextid="2177" durationms="36.632" usertimems="93.671" systemtimems="0.000" timestamp="2019-08-09T18:53:40.357" activeThreads="16">
  <mem-info id="2186" free="8173424" total="26214400" percent="31">
    <mem type="tenure" free="8173424" total="26214400" percent="31">
      <mem type="soa" free="7911280" total="25952256" percent="30" />
      <mem type="loa" free="262144" total="262144" percent="100" />
    </mem>
  </mem-info>
</gc-end>
<cycle-end id="2187" type="global" contextid="2177" timestamp="2019-08-09T18:53:40.357" />
  <attribute name="elasticGC enabled" value="1" />
  <attribute name= "numThreadsSpecified" value="16" />
  <attribute name="heapSize specified" value="26083328" />
  <attribute name="Current GC Util" value="118" />
  <attribute name= "Current Time Running" value="160300" />
  <attribute name ="GC Interval" value="0" />
  <attribute name="Target GC Util Change" value ="80.000000" />
  <attribute name="Current GC Util Change" value="118.000000"/>
  <attribute name="Current Error" value="-1109.000000" />
  <attribute name="Output H" value="26157728"/>
  <attribute name="Output I" value="728"/>
  <attribute name="Output T" value="16"/>
  <attribute name= "Current Time Running" value="160300" />
  <attribute name="GC Util currently" value="118" />
  <attribute name="CPU Util currently" value="51630408754" />
<allocation-satisfied id="2188" threadId="00000000023ECF00" bytesRequested="1168" />
<af-end id="2189" timestamp="2019-08-09T18:53:40.357" threadId="00000000023ED888" success="true" />
<exclusive-end id="2190" timestamp="2019-08-09T18:53:40.357" durationms="36.810" />

<exclusive-start id="2191" timestamp="2019-08-09T18:53:40.360" intervalms="39.797">
  <response-info timems="0.028" idlems="0.028" threads="0" lastid="00000000023ECF00" lastname="main" />
</exclusive-start>
<af-start id="2192" threadId="00000000023ED888" totalBytesRequested="1168" timestamp="2019-08-09T18:53:40.360" intervalms="39.789" />
<cycle-start id="2193" type="global" contextid="0" timestamp="2019-08-09T18:53:40.360" intervalms="39.802" />
<gc-start id="2194" type="global" contextid="2193" timestamp="2019-08-09T18:53:40.360">
  <mem-info id="2195" free="262144" total="26214400" percent="1">
    <mem type="tenure" free="262144" total="26214400" percent="1">
      <mem type="soa" free="0" total="25952256" percent="0" />
      <mem type="loa" free="262144" total="262144" percent="100" />
    </mem>
  </mem-info>
</gc-start>
<allocation-stats totalBytes="7947032" >
  <allocated-bytes non-tlh="0" tlh="7947032" />
  <largest-consumer threadName="main" threadId="00000000023ECF00" bytes="7947032" />
</allocation-stats>
<gc-op id="2196" type="mark" timems="8.739" contextid="2193" timestamp="2019-08-09T18:53:40.369">
  <trace-info objectcount="600489" scancount="521371" scanbytes="13382072" />
  <finalization candidates="80" enqueued="0" />
  <ownableSynchronizers candidates="21" cleared="0" />
  <references type="soft" candidates="3261" cleared="0" enqueued="0" dynamicThreshold="9" maxThreshold="32" />
  <references type="weak" candidates="5570" cleared="0" enqueued="0" />
  <references type="phantom" candidates="97" cleared="0" enqueued="0" />
  <stringconstants candidates="13595" cleared="0"  />
</gc-op>
<gc-op id="2197" type="sweep" timems="1.775" contextid="2193" timestamp="2019-08-09T18:53:40.370" />
<mem-info id="2198" free="8238320" total="26214400" percent="31">
  <mem type="tenure" free="8238320" total="26214400" percent="31" micro-fragmented="0" macro-fragmented="7740515">
    <mem type="soa" free="7976176" total="25952256" percent="30" />
    <mem type="loa" free="262144" total="262144" percent="100" />
  </mem>
</mem-info>
<gc-op id="2199" type="compact" timems="31.960" contextid="2193" timestamp="2019-08-09T18:53:40.402">
  <compact-info movecount="2" movebytes="56" reason="compact to aid heap contraction" />
</gc-op>
<heap-resize id="2200" type="expand" space="tenure" amount="131072" count="1" timems="0.022" reason="satisfy allocation request" timestamp="2019-08-09T18:53:40.403" />
<gc-end id="2201" type="global" contextid="2193" durationms="43.247" usertimems="91.341" systemtimems="0.000" timestamp="2019-08-09T18:53:40.403" activeThreads="16">
  <mem-info id="2202" free="8304496" total="26345472" percent="31">
    <mem type="tenure" free="8304496" total="26345472" percent="31">
      <mem type="soa" free="8041328" total="26082304" percent="30" />
      <mem type="loa" free="263168" total="263168" percent="100" />
    </mem>
  </mem-info>
</gc-end>
<cycle-end id="2203" type="global" contextid="2193" timestamp="2019-08-09T18:53:40.403" />
  <attribute name="elasticGC enabled" value="1" />
  <attribute name= "numThreadsSpecified" value="16" />
  <attribute name="heapSize specified" value="26214400" />
  <attribute name="Current GC Util" value="26" />
  <attribute name= "Current Time Running" value="160346" />
  <attribute name ="GC Interval" value="0" />
  <attribute name="Target GC Util Change" value ="80.000000" />
  <attribute name="Current GC Util Change" value="26.000000"/>
  <attribute name="Current Error" value="-508.000000" />
  <attribute name="Output H" value="26289496"/>
  <attribute name="Output I" value="1424"/>
  <attribute name="Output T" value="16"/>
  <attribute name= "Current Time Running" value="160346" />
  <attribute name="GC Util currently" value="26" />
  <attribute name="CPU Util currently" value="36021949458" />
<allocation-satisfied id="2204" threadId="00000000023ECF00" bytesRequested="1168" />
<af-end id="2205" timestamp="2019-08-09T18:53:40.403" threadId="00000000023ED888" success="true" />
<exclusive-end id="2206" timestamp="2019-08-09T18:53:40.403" durationms="43.458" />

<exclusive-start id="2207" timestamp="2019-08-09T18:53:40.408" intervalms="48.024">
  <response-info timems="0.054" idlems="0.054" threads="0" lastid="00000000023ECF00" lastname="main" />
</exclusive-start>
<af-start id="2208" threadId="00000000023ED888" totalBytesRequested="1168" timestamp="2019-08-09T18:53:40.408" intervalms="48.060" />
<cycle-start id="2209" type="global" contextid="0" timestamp="2019-08-09T18:53:40.408" intervalms="48.055" />
<gc-start id="2210" type="global" contextid="2209" timestamp="2019-08-09T18:53:40.408">
  <mem-info id="2211" free="263168" total="26345472" percent="0">
    <mem type="tenure" free="263168" total="26345472" percent="0">
      <mem type="soa" free="0" total="26082304" percent="0" />
      <mem type="loa" free="263168" total="263168" percent="100" />
    </mem>
  </mem-info>
</gc-start>
<allocation-stats totalBytes="8076440" >
  <allocated-bytes non-tlh="0" tlh="8076440" />
  <largest-consumer threadName="main" threadId="00000000023ECF00" bytes="8076440" />
</allocation-stats>
<gc-op id="2212" type="mark" timems="15.136" contextid="2209" timestamp="2019-08-09T18:53:40.423">
  <trace-info objectcount="600489" scancount="521378" scanbytes="13382072" />
  <finalization candidates="80" enqueued="0" />
  <ownableSynchronizers candidates="21" cleared="0" />
  <references type="soft" candidates="3261" cleared="0" enqueued="0" dynamicThreshold="10" maxThreshold="32" />
  <references type="weak" candidates="5570" cleared="0" enqueued="0" />
  <references type="phantom" candidates="97" cleared="0" enqueued="0" />
  <stringconstants candidates="13595" cleared="0"  />
</gc-op>
<gc-op id="2213" type="sweep" timems="2.874" contextid="2209" timestamp="2019-08-09T18:53:40.426" />
<mem-info id="2214" free="8370032" total="26345472" percent="31">
  <mem type="tenure" free="8370032" total="26345472" percent="31" micro-fragmented="0" macro-fragmented="0">
    <mem type="soa" free="8106864" total="26082304" percent="31" />
    <mem type="loa" free="263168" total="263168" percent="100" />
  </mem>
</mem-info>
<gc-op id="2215" type="compact" timems="33.779" contextid="2209" timestamp="2019-08-09T18:53:40.460">
  <compact-info movecount="2" movebytes="56" reason="compact to aid heap contraction" />
</gc-op>
<heap-resize id="2216" type="expand" space="tenure" amount="131072" count="1" timems="0.017" reason="satisfy allocation request" timestamp="2019-08-09T18:53:40.461" />
<gc-end id="2217" type="global" contextid="2209" durationms="52.634" usertimems="104.519" systemtimems="0.000" timestamp="2019-08-09T18:53:40.461" activeThreads="16">
  <mem-info id="2218" free="8435568" total="26476544" percent="31">
    <mem type="tenure" free="8435568" total="26476544" percent="31">
      <mem type="soa" free="8171376" total="26212352" percent="31" />
      <mem type="loa" free="264192" total="264192" percent="100" />
    </mem>
  </mem-info>
</gc-end>
<cycle-end id="2219" type="global" contextid="2209" timestamp="2019-08-09T18:53:40.461" />
  <attribute name="elasticGC enabled" value="1" />
  <attribute name= "numThreadsSpecified" value="16" />
  <attribute name="heapSize specified" value="26345472" />
  <attribute name="Current GC Util" value="33" />
  <attribute name= "Current Time Running" value="160404" />
  <attribute name ="GC Interval" value="0" />
  <attribute name="Target GC Util Change" value ="80.000000" />
  <attribute name="Current GC Util Change" value="33.000000"/>
  <attribute name="Current Error" value="47.000000" />
  <attribute name="Output H" value="26421208"/>
  <attribute name="Output I" value="2064"/>
  <attribute name="Output T" value="16"/>
  <attribute name= "Current Time Running" value="160404" />
  <attribute name="GC Util currently" value="33" />
  <attribute name="CPU Util currently" value="34102499094" />
<allocation-satisfied id="2220" threadId="00000000023ECF00" bytesRequested="1168" />
<af-end id="2221" timestamp="2019-08-09T18:53:40.461" threadId="00000000023ED888" success="true" />
<exclusive-end id="2222" timestamp="2019-08-09T18:53:40.461" durationms="52.883" />

<exclusive-start id="2223" timestamp="2019-08-09T18:53:40.464" intervalms="56.188">
  <response-info timems="0.089" idlems="0.089" threads="0" lastid="00000000023ECF00" lastname="main" />
</exclusive-start>
<af-start id="2224" threadId="00000000023ED888" totalBytesRequested="1168" timestamp="2019-08-09T18:53:40.464" intervalms="56.169" />
<cycle-start id="2225" type="global" contextid="0" timestamp="2019-08-09T18:53:40.464" intervalms="56.168" />
<gc-start id="2226" type="global" contextid="2225" timestamp="2019-08-09T18:53:40.464">
  <mem-info id="2227" free="264192" total="26476544" percent="0">
    <mem type="tenure" free="264192" total="26476544" percent="0">
      <mem type="soa" free="0" total="26212352" percent="0" />
      <mem type="loa" free="264192" total="264192" percent="100" />
    </mem>
  </mem-info>
</gc-start>
<allocation-stats totalBytes="8205848" >
  <allocated-bytes non-tlh="0" tlh="8205848" />
  <largest-consumer threadName="main" threadId="00000000023ECF00" bytes="8205848" />
</allocation-stats>
<gc-op id="2228" type="mark" timems="21.590" contextid="2225" timestamp="2019-08-09T18:53:40.486">
  <trace-info objectcount="600489" scancount="521375" scanbytes="13382072" />
  <finalization candidates="80" enqueued="0" />
  <ownableSynchronizers candidates="21" cleared="0" />
  <references type="soft" candidates="3261" cleared="0" enqueued="0" dynamicThreshold="10" maxThreshold="32" />
  <references type="weak" candidates="5570" cleared="0" enqueued="0" />
  <references type="phantom" candidates="97" cleared="0" enqueued="0" />
  <stringconstants candidates="13595" cleared="0"  />
</gc-op>
<gc-op id="2229" type="sweep" timems="2.244" contextid="2225" timestamp="2019-08-09T18:53:40.488" />
<mem-info id="2230" free="8501104" total="26476544" percent="32">
  <mem type="tenure" free="8501104" total="26476544" percent="32" micro-fragmented="0" macro-fragmented="6450429">
    <mem type="soa" free="8236912" total="26212352" percent="31" />
    <mem type="loa" free="264192" total="264192" percent="100" />
  </mem>
</mem-info>
<gc-op id="2231" type="compact" timems="26.946" contextid="2225" timestamp="2019-08-09T18:53:40.515">
  <compact-info movecount="2" movebytes="56" reason="compact to aid heap contraction" />
</gc-op>
<heap-resize id="2232" type="expand" space="tenure" amount="131072" count="1" timems="0.022" reason="satisfy allocation request" timestamp="2019-08-09T18:53:40.516" />
<gc-end id="2233" type="global" contextid="2225" durationms="52.245" usertimems="118.999" systemtimems="0.000" timestamp="2019-08-09T18:53:40.516" activeThreads="16">
  <mem-info id="2234" free="8566640" total="26607616" percent="32">
    <mem type="tenure" free="8566640" total="26607616" percent="32">
      <mem type="soa" free="8301424" total="26342400" percent="31" />
      <mem type="loa" free="265216" total="265216" percent="100" />
    </mem>
  </mem-info>
</gc-end>
<cycle-end id="2235" type="global" contextid="2225" timestamp="2019-08-09T18:53:40.516" />
  <attribute name="elasticGC enabled" value="1" />
  <attribute name= "numThreadsSpecified" value="16" />
  <attribute name="heapSize specified" value="26476544" />
  <attribute name="Current GC Util" value="46" />
  <attribute name= "Current Time Running" value="160459" />
  <attribute name ="GC Interval" value="0" />
  <attribute name="Target GC Util Change" value ="80.000000" />
  <attribute name="Current GC Util Change" value="46.000000"/>
  <attribute name="Current Error" value="-794.000000" />
  <attribute name="Output H" value="26551312"/>
  <attribute name="Output I" value="1096"/>
  <attribute name="Output T" value="16"/>
  <attribute name= "Current Time Running" value="160459" />
  <attribute name="GC Util currently" value="46" />
  <attribute name="CPU Util currently" value="42720166547" />
<allocation-satisfied id="2236" threadId="00000000023ECF00" bytesRequested="1168" />
<af-end id="2237" timestamp="2019-08-09T18:53:40.516" threadId="00000000023ED888" success="true" />
<exclusive-end id="2238" timestamp="2019-08-09T18:53:40.516" durationms="52.463" />

<exclusive-start id="2239" timestamp="2019-08-09T18:53:40.520" intervalms="56.038">
  <response-info timems="0.033" idlems="0.033" threads="0" lastid="00000000023ECF00" lastname="main" />
</exclusive-start>
<af-start id="2240" threadId="00000000023ED888" totalBytesRequested="1168" timestamp="2019-08-09T18:53:40.520" intervalms="56.029" />
<cycle-start id="2241" type="global" contextid="0" timestamp="2019-08-09T18:53:40.520" intervalms="56.027" />
<gc-start id="2242" type="global" contextid="2241" timestamp="2019-08-09T18:53:40.520">
  <mem-info id="2243" free="265216" total="26607616" percent="0">
    <mem type="tenure" free="265216" total="26607616" percent="0">
      <mem type="soa" free="0" total="26342400" percent="0" />
      <mem type="loa" free="265216" total="265216" percent="100" />
    </mem>
  </mem-info>
</gc-start>
<allocation-stats totalBytes="8336512" >
  <allocated-bytes non-tlh="0" tlh="8336512" />
  <largest-consumer threadName="main" threadId="00000000023ECF00" bytes="8336512" />
</allocation-stats>
<gc-op id="2244" type="mark" timems="9.605" contextid="2241" timestamp="2019-08-09T18:53:40.530">
  <trace-info objectcount="600489" scancount="521371" scanbytes="13382072" />
  <finalization candidates="80" enqueued="0" />
  <ownableSynchronizers candidates="21" cleared="0" />
  <references type="soft" candidates="3261" cleared="0" enqueued="0" dynamicThreshold="10" maxThreshold="32" />
  <references type="weak" candidates="5570" cleared="0" enqueued="0" />
  <references type="phantom" candidates="97" cleared="0" enqueued="0" />
  <stringconstants candidates="13595" cleared="0"  />
</gc-op>
<gc-op id="2245" type="sweep" timems="1.742" contextid="2241" timestamp="2019-08-09T18:53:40.532" />
<mem-info id="2246" free="8632168" total="26607616" percent="32">
  <mem type="tenure" free="8632168" total="26607616" percent="32" micro-fragmented="0" macro-fragmented="15725">
    <mem type="soa" free="8366952" total="26342400" percent="31" />
    <mem type="loa" free="265216" total="265216" percent="100" />
  </mem>
</mem-info>
<gc-op id="2247" type="compact" timems="23.856" contextid="2241" timestamp="2019-08-09T18:53:40.556">
  <compact-info movecount="2" movebytes="56" reason="compact to aid heap contraction" />
</gc-op>
<heap-resize id="2248" type="expand" space="tenure" amount="131072" count="1" timems="0.017" reason="satisfy allocation request" timestamp="2019-08-09T18:53:40.556" />
<gc-end id="2249" type="global" contextid="2241" durationms="35.942" usertimems="73.816" systemtimems="0.000" timestamp="2019-08-09T18:53:40.556" activeThreads="16">
  <mem-info id="2250" free="8697712" total="26738688" percent="32">
    <mem type="tenure" free="8697712" total="26738688" percent="32">
      <mem type="soa" free="8430448" total="26471424" percent="31" />
      <mem type="loa" free="267264" total="267264" percent="100" />
    </mem>
  </mem-info>
</gc-end>
<cycle-end id="2251" type="global" contextid="2241" timestamp="2019-08-09T18:53:40.556" />
  <attribute name="elasticGC enabled" value="1" />
  <attribute name= "numThreadsSpecified" value="16" />
  <attribute name="heapSize specified" value="26607616" />
  <attribute name="Current GC Util" value="47" />
  <attribute name= "Current Time Running" value="160500" />
  <attribute name ="GC Interval" value="0" />
  <attribute name="Target GC Util Change" value ="80.000000" />
  <attribute name="Current GC Util Change" value="47.000000"/>
  <attribute name="Current Error" value="-302.000000" />
  <attribute name="Output H" value="26682952"/>
  <attribute name="Output I" value="1664"/>
  <attribute name="Output T" value="16"/>
  <attribute name= "Current Time Running" value="160500" />
  <attribute name="GC Util currently" value="47" />
  <attribute name="CPU Util currently" value="48264194958" />
<allocation-satisfied id="2252" threadId="00000000023ECF00" bytesRequested="1168" />
<af-end id="2253" timestamp="2019-08-09T18:53:40.556" threadId="00000000023ED888" success="true" />
<exclusive-end id="2254" timestamp="2019-08-09T18:53:40.556" durationms="36.145" />

<exclusive-start id="2255" timestamp="2019-08-09T18:53:40.559" intervalms="39.392">
  <response-info timems="0.038" idlems="0.038" threads="0" lastid="00000000023ECF00" lastname="main" />
</exclusive-start>
<af-start id="2256" threadId="00000000023ED888" totalBytesRequested="1168" timestamp="2019-08-09T18:53:40.559" intervalms="39.390" />
<cycle-start id="2257" type="global" contextid="0" timestamp="2019-08-09T18:53:40.559" intervalms="39.384" />
<gc-start id="2258" type="global" contextid="2257" timestamp="2019-08-09T18:53:40.559">
  <mem-info id="2259" free="267264" total="26738688" percent="0">
    <mem type="tenure" free="267264" total="26738688" percent="0">
      <mem type="soa" free="0" total="26471424" percent="0" />
      <mem type="loa" free="267264" total="267264" percent="100" />
    </mem>
  </mem-info>
</gc-start>
<allocation-stats totalBytes="8464664" >
  <allocated-bytes non-tlh="0" tlh="8464664" />
  <largest-consumer threadName="main" threadId="00000000023ECF00" bytes="8464664" />
</allocation-stats>
<gc-op id="2260" type="mark" timems="8.591" contextid="2257" timestamp="2019-08-09T18:53:40.568">
  <trace-info objectcount="600489" scancount="521380" scanbytes="13382072" />
  <finalization candidates="80" enqueued="0" />
  <ownableSynchronizers candidates="21" cleared="0" />
  <references type="soft" candidates="3261" cleared="0" enqueued="0" dynamicThreshold="10" maxThreshold="32" />
  <references type="weak" candidates="5570" cleared="0" enqueued="0" />
  <references type="phantom" candidates="97" cleared="0" enqueued="0" />
  <stringconstants candidates="13595" cleared="0"  />
</gc-op>
<gc-op id="2261" type="sweep" timems="1.249" contextid="2257" timestamp="2019-08-09T18:53:40.569" />
<mem-info id="2262" free="8762800" total="26738688" percent="32">
  <mem type="tenure" free="8762800" total="26738688" percent="32" micro-fragmented="0" macro-fragmented="7740515">
    <mem type="soa" free="8495536" total="26471424" percent="32" />
    <mem type="loa" free="267264" total="267264" percent="100" />
  </mem>
</mem-info>
<gc-op id="2263" type="compact" timems="26.979" contextid="2257" timestamp="2019-08-09T18:53:40.596">
  <compact-info movecount="2" movebytes="56" reason="compact to aid heap contraction" />
</gc-op>
<heap-resize id="2264" type="expand" space="tenure" amount="131072" count="1" timems="0.018" reason="satisfy allocation request" timestamp="2019-08-09T18:53:40.597" />
<gc-end id="2265" type="global" contextid="2257" durationms="37.902" usertimems="81.503" systemtimems="0.000" timestamp="2019-08-09T18:53:40.597" activeThreads="16">
  <mem-info id="2266" free="8828784" total="26869760" percent="32">
    <mem type="tenure" free="8828784" total="26869760" percent="32">
      <mem type="soa" free="8560496" total="26601472" percent="32" />
      <mem type="loa" free="268288" total="268288" percent="100" />
    </mem>
  </mem-info>
</gc-end>
<cycle-end id="2267" type="global" contextid="2257" timestamp="2019-08-09T18:53:40.597" />
  <attribute name="elasticGC enabled" value="1" />
  <attribute name= "numThreadsSpecified" value="16" />
  <attribute name="heapSize specified" value="26738688" />
  <attribute name="Current GC Util" value="35" />
  <attribute name= "Current Time Running" value="160540" />
  <attribute name ="GC Interval" value="0" />
  <attribute name="Target GC Util Change" value ="80.000000" />
  <attribute name="Current GC Util Change" value="35.000000"/>
  <attribute name="Current Error" value="45.000000" />
  <attribute name="Output H" value="26814424"/>
  <attribute name="Output I" value="2064"/>
  <attribute name="Output T" value="16"/>
  <attribute name= "Current Time Running" value="160540" />
  <attribute name="GC Util currently" value="35" />
  <attribute name="CPU Util currently" value="42693654372" />
<allocation-satisfied id="2268" threadId="00000000023ECF00" bytesRequested="1168" />
<af-end id="2269" timestamp="2019-08-09T18:53:40.597" threadId="00000000023ED888" success="true" />
<exclusive-end id="2270" timestamp="2019-08-09T18:53:40.597" durationms="38.107" />

<exclusive-start id="2271" timestamp="2019-08-09T18:53:40.601" intervalms="41.300">
  <response-info timems="0.030" idlems="0.030" threads="0" lastid="00000000023ECF00" lastname="main" />
</exclusive-start>
<af-start id="2272" threadId="00000000023ED888" totalBytesRequested="1168" timestamp="2019-08-09T18:53:40.601" intervalms="41.293" />
<cycle-start id="2273" type="global" contextid="0" timestamp="2019-08-09T18:53:40.601" intervalms="41.300" />
<gc-start id="2274" type="global" contextid="2273" timestamp="2019-08-09T18:53:40.601">
  <mem-info id="2275" free="268288" total="26869760" percent="0">
    <mem type="tenure" free="268288" total="26869760" percent="0">
      <mem type="soa" free="0" total="26601472" percent="0" />
      <mem type="loa" free="268288" total="268288" percent="100" />
    </mem>
  </mem-info>
</gc-start>
<allocation-stats totalBytes="8594072" >
  <allocated-bytes non-tlh="0" tlh="8594072" />
  <largest-consumer threadName="main" threadId="00000000023ECF00" bytes="8594072" />
</allocation-stats>
<gc-op id="2276" type="mark" timems="8.753" contextid="2273" timestamp="2019-08-09T18:53:40.610">
  <trace-info objectcount="600489" scancount="521377" scanbytes="13382072" />
  <finalization candidates="80" enqueued="0" />
  <ownableSynchronizers candidates="21" cleared="0" />
  <references type="soft" candidates="3261" cleared="0" enqueued="0" dynamicThreshold="10" maxThreshold="32" />
  <references type="weak" candidates="5570" cleared="0" enqueued="0" />
  <references type="phantom" candidates="97" cleared="0" enqueued="0" />
  <stringconstants candidates="13595" cleared="0"  />
</gc-op>
<gc-op id="2277" type="sweep" timems="2.062" contextid="2273" timestamp="2019-08-09T18:53:40.612" />
<mem-info id="2278" free="8893664" total="26869760" percent="33">
  <mem type="tenure" free="8893664" total="26869760" percent="33" micro-fragmented="0" macro-fragmented="6450429">
    <mem type="soa" free="8625376" total="26601472" percent="32" />
    <mem type="loa" free="268288" total="268288" percent="100" />
  </mem>
</mem-info>
<gc-op id="2279" type="compact" timems="23.282" contextid="2273" timestamp="2019-08-09T18:53:40.635">
  <compact-info movecount="2" movebytes="56" reason="compact to aid heap contraction" />
</gc-op>
<heap-resize id="2280" type="expand" space="tenure" amount="131072" count="1" timems="0.018" reason="satisfy allocation request" timestamp="2019-08-09T18:53:40.636" />
<gc-end id="2281" type="global" contextid="2273" durationms="34.928" usertimems="77.324" systemtimems="0.000" timestamp="2019-08-09T18:53:40.636" activeThreads="16">
  <mem-info id="2282" free="8959856" total="27000832" percent="33">
    <mem type="tenure" free="8959856" total="27000832" percent="33">
      <mem type="soa" free="8690544" total="26731520" percent="32" />
      <mem type="loa" free="269312" total="269312" percent="100" />
    </mem>
  </mem-info>
</gc-end>
<cycle-end id="2283" type="global" contextid="2273" timestamp="2019-08-09T18:53:40.636" />
  <attribute name="elasticGC enabled" value="1" />
  <attribute name= "numThreadsSpecified" value="16" />
  <attribute name="heapSize specified" value="26869760" />
  <attribute name="Current GC Util" value="45" />
  <attribute name= "Current Time Running" value="160579" />
  <attribute name ="GC Interval" value="0" />
  <attribute name="Target GC Util Change" value ="80.000000" />
  <attribute name="Current GC Util Change" value="45.000000"/>
  <attribute name="Current Error" value="-912.000000" />
  <attribute name="Output H" value="26944392"/>
  <attribute name="Output I" value="960"/>
  <attribute name="Output T" value="16"/>
  <attribute name= "Current Time Running" value="160579" />
  <attribute name="GC Util currently" value="45" />
  <attribute name="CPU Util currently" value="49412562421" />
<allocation-satisfied id="2284" threadId="00000000023ECF00" bytesRequested="1168" />
<af-end id="2285" timestamp="2019-08-09T18:53:40.636" threadId="00000000023ED888" success="true" />
<exclusive-end id="2286" timestamp="2019-08-09T18:53:40.636" durationms="35.145" />

<exclusive-start id="2287" timestamp="2019-08-09T18:53:40.639" intervalms="38.448">
  <response-info timems="0.038" idlems="0.038" threads="0" lastid="00000000023ECF00" lastname="main" />
</exclusive-start>
<af-start id="2288" threadId="00000000023ED888" totalBytesRequested="1168" timestamp="2019-08-09T18:53:40.639" intervalms="38.477" />
<cycle-start id="2289" type="global" contextid="0" timestamp="2019-08-09T18:53:40.639" intervalms="38.471" />
<gc-start id="2290" type="global" contextid="2289" timestamp="2019-08-09T18:53:40.639">
  <mem-info id="2291" free="269312" total="27000832" percent="0">
    <mem type="tenure" free="269312" total="27000832" percent="0">
      <mem type="soa" free="0" total="26731520" percent="0" />
      <mem type="loa" free="269312" total="269312" percent="100" />
    </mem>
  </mem-info>
</gc-start>
<allocation-stats totalBytes="8723504" >
  <allocated-bytes non-tlh="0" tlh="8723504" />
  <largest-consumer threadName="main" threadId="00000000023ECF00" bytes="8723504" />
</allocation-stats>
<gc-op id="2292" type="mark" timems="12.381" contextid="2289" timestamp="2019-08-09T18:53:40.652">
  <trace-info objectcount="600489" scancount="521381" scanbytes="13382072" />
  <finalization candidates="80" enqueued="0" />
  <ownableSynchronizers candidates="21" cleared="0" />
  <references type="soft" candidates="3261" cleared="0" enqueued="0" dynamicThreshold="10" maxThreshold="32" />
  <references type="weak" candidates="5570" cleared="0" enqueued="0" />
  <references type="phantom" candidates="97" cleared="0" enqueued="0" />
  <stringconstants candidates="13595" cleared="0"  />
</gc-op>
<gc-op id="2293" type="sweep" timems="1.603" contextid="2289" timestamp="2019-08-09T18:53:40.653" />
<mem-info id="2294" free="9025392" total="27000832" percent="33">
  <mem type="tenure" free="9025392" total="27000832" percent="33" micro-fragmented="0" macro-fragmented="0">
    <mem type="soa" free="8756080" total="26731520" percent="32" />
    <mem type="loa" free="269312" total="269312" percent="100" />
  </mem>
</mem-info>
<gc-op id="2295" type="compact" timems="22.536" contextid="2289" timestamp="2019-08-09T18:53:40.676">
  <compact-info movecount="2" movebytes="56" reason="compact to aid heap contraction" />
</gc-op>
<heap-resize id="2296" type="expand" space="tenure" amount="131072" count="1" timems="0.019" reason="satisfy allocation request" timestamp="2019-08-09T18:53:40.677" />
<gc-end id="2297" type="global" contextid="2289" durationms="37.365" usertimems="107.276" systemtimems="0.000" timestamp="2019-08-09T18:53:40.677" activeThreads="16">
  <mem-info id="2298" free="9090928" total="27131904" percent="33">
    <mem type="tenure" free="9090928" total="27131904" percent="33">
      <mem type="soa" free="8820592" total="26861568" percent="32" />
      <mem type="loa" free="270336" total="270336" percent="100" />
    </mem>
  </mem-info>
</gc-end>
<cycle-end id="2299" type="global" contextid="2289" timestamp="2019-08-09T18:53:40.677" />
  <attribute name="elasticGC enabled" value="1" />
  <attribute name= "numThreadsSpecified" value="16" />
  <attribute name="heapSize specified" value="27000832" />
  <attribute name="Current GC Util" value="41" />
  <attribute name= "Current Time Running" value="160620" />
  <attribute name ="GC Interval" value="0" />
  <attribute name="Target GC Util Change" value ="80.000000" />
  <attribute name="Current GC Util Change" value="41.000000"/>
  <attribute name="Current Error" value="-450.000000" />
  <attribute name="Output H" value="27076000"/>
  <attribute name="Output I" value="1496"/>
  <attribute name="Output T" value="16"/>
  <attribute name= "Current Time Running" value="160620" />
  <attribute name="GC Util currently" value="41" />
  <attribute name="CPU Util currently" value="51144972595" />
<allocation-satisfied id="2300" threadId="00000000023ECF00" bytesRequested="1168" />
<af-end id="2301" timestamp="2019-08-09T18:53:40.677" threadId="00000000023ED888" success="true" />
<exclusive-end id="2302" timestamp="2019-08-09T18:53:40.677" durationms="37.686" />

<exclusive-start id="2303" timestamp="2019-08-09T18:53:40.680" intervalms="41.047">
  <response-info timems="0.020" idlems="0.020" threads="0" lastid="00000000023ECF00" lastname="main" />
</exclusive-start>
<af-start id="2304" threadId="00000000023ED888" totalBytesRequested="1168" timestamp="2019-08-09T18:53:40.680" intervalms="41.028" />
<cycle-start id="2305" type="global" contextid="0" timestamp="2019-08-09T18:53:40.680" intervalms="41.027" />
<gc-start id="2306" type="global" contextid="2305" timestamp="2019-08-09T18:53:40.680">
  <mem-info id="2307" free="270336" total="27131904" percent="0">
    <mem type="tenure" free="270336" total="27131904" percent="0">
      <mem type="soa" free="0" total="26861568" percent="0" />
      <mem type="loa" free="270336" total="270336" percent="100" />
    </mem>
  </mem-info>
</gc-start>
<allocation-stats totalBytes="8852912" >
  <allocated-bytes non-tlh="0" tlh="8852912" />
  <largest-consumer threadName="main" threadId="00000000023ECF00" bytes="8852912" />
</allocation-stats>
<gc-op id="2308" type="mark" timems="10.752" contextid="2305" timestamp="2019-08-09T18:53:40.691">
  <trace-info objectcount="600489" scancount="521376" scanbytes="13382072" />
  <finalization candidates="80" enqueued="0" />
  <ownableSynchronizers candidates="21" cleared="0" />
  <references type="soft" candidates="3261" cleared="0" enqueued="0" dynamicThreshold="10" maxThreshold="32" />
  <references type="weak" candidates="5570" cleared="0" enqueued="0" />
  <references type="phantom" candidates="97" cleared="0" enqueued="0" />
  <stringconstants candidates="13595" cleared="0"  />
</gc-op>
<gc-op id="2309" type="sweep" timems="2.431" contextid="2305" timestamp="2019-08-09T18:53:40.694" />
<mem-info id="2310" free="9156464" total="27131904" percent="33">
  <mem type="tenure" free="9156464" total="27131904" percent="33" micro-fragmented="0" macro-fragmented="6450429">
    <mem type="soa" free="8886128" total="26861568" percent="33" />
    <mem type="loa" free="270336" total="270336" percent="100" />
  </mem>
</mem-info>
<gc-op id="2311" type="compact" timems="29.639" contextid="2305" timestamp="2019-08-09T18:53:40.723">
  <compact-info movecount="2" movebytes="56" reason="compact to aid heap contraction" />
</gc-op>
<heap-resize id="2312" type="expand" space="tenure" amount="131072" count="1" timems="0.308" reason="satisfy allocation request" timestamp="2019-08-09T18:53:40.725" />
<gc-end id="2313" type="global" contextid="2305" durationms="44.936" usertimems="94.591" systemtimems="0.000" timestamp="2019-08-09T18:53:40.725" activeThreads="16">
  <mem-info id="2314" free="9222000" total="27262976" percent="33">
    <mem type="tenure" free="9222000" total="27262976" percent="33">
      <mem type="soa" free="8949616" total="26990592" percent="33" />
      <mem type="loa" free="272384" total="272384" percent="100" />
    </mem>
  </mem-info>
</gc-end>
<cycle-end id="2315" type="global" contextid="2305" timestamp="2019-08-09T18:53:40.725" />
  <attribute name="elasticGC enabled" value="1" />
  <attribute name= "numThreadsSpecified" value="16" />
  <attribute name="heapSize specified" value="27131904" />
  <attribute name="Current GC Util" value="43" />
  <attribute name= "Current Time Running" value="160667" />
  <attribute name ="GC Interval" value="0" />
  <attribute name="Target GC Util Change" value ="80.000000" />
  <attribute name="Current GC Util Change" value="43.000000"/>
  <attribute name="Current Error" value="37.000000" />
  <attribute name="Output H" value="27207632"/>
  <attribute name="Output I" value="2056"/>
  <attribute name="Output T" value="16"/>
  <attribute name= "Current Time Running" value="160667" />
  <attribute name="GC Util currently" value="43" />
  <attribute name="CPU Util currently" value="38858100276" />
<allocation-satisfied id="2316" threadId="00000000023ECF00" bytesRequested="1168" />
<af-end id="2317" timestamp="2019-08-09T18:53:40.725" threadId="00000000023ED888" success="true" />
<exclusive-end id="2318" timestamp="2019-08-09T18:53:40.725" durationms="45.106" />

<exclusive-start id="2319" timestamp="2019-08-09T18:53:40.729" intervalms="49.208">
  <response-info timems="0.053" idlems="0.053" threads="0" lastid="00000000023ECF00" lastname="main" />
</exclusive-start>
<af-start id="2320" threadId="00000000023ED888" totalBytesRequested="1168" timestamp="2019-08-09T18:53:40.729" intervalms="49.219" />
<cycle-start id="2321" type="global" contextid="0" timestamp="2019-08-09T18:53:40.729" intervalms="49.228" />
<gc-start id="2322" type="global" contextid="2321" timestamp="2019-08-09T18:53:40.730">
  <mem-info id="2323" free="272384" total="27262976" percent="0">
    <mem type="tenure" free="272384" total="27262976" percent="0">
      <mem type="soa" free="0" total="26990592" percent="0" />
      <mem type="loa" free="272384" total="272384" percent="100" />
    </mem>
  </mem-info>
</gc-start>
<allocation-stats totalBytes="8982296" >
  <allocated-bytes non-tlh="0" tlh="8982296" />
  <largest-consumer threadName="main" threadId="00000000023ECF00" bytes="8982296" />
</allocation-stats>
<gc-op id="2324" type="mark" timems="16.135" contextid="2321" timestamp="2019-08-09T18:53:40.746">
  <trace-info objectcount="600489" scancount="521376" scanbytes="13382072" />
  <finalization candidates="80" enqueued="0" />
  <ownableSynchronizers candidates="21" cleared="0" />
  <references type="soft" candidates="3261" cleared="0" enqueued="0" dynamicThreshold="10" maxThreshold="32" />
  <references type="weak" candidates="5570" cleared="0" enqueued="0" />
  <references type="phantom" candidates="97" cleared="0" enqueued="0" />
  <stringconstants candidates="13595" cleared="0"  />
</gc-op>
<gc-op id="2325" type="sweep" timems="2.982" contextid="2321" timestamp="2019-08-09T18:53:40.749" />
<mem-info id="2326" free="9287280" total="27262976" percent="34">
  <mem type="tenure" free="9287280" total="27262976" percent="34" micro-fragmented="0" macro-fragmented="0">
    <mem type="soa" free="9014896" total="26990592" percent="33" />
    <mem type="loa" free="272384" total="272384" percent="100" />
  </mem>
</mem-info>
<gc-op id="2327" type="compact" timems="29.746" contextid="2321" timestamp="2019-08-09T18:53:40.779">
  <compact-info movecount="2" movebytes="56" reason="compact to aid heap contraction" />
</gc-op>
<heap-resize id="2328" type="expand" space="tenure" amount="131072" count="1" timems="0.019" reason="satisfy allocation request" timestamp="2019-08-09T18:53:40.779" />
<gc-end id="2329" type="global" contextid="2321" durationms="49.711" usertimems="98.546" systemtimems="0.000" timestamp="2019-08-09T18:53:40.779" activeThreads="16">
  <mem-info id="2330" free="9353072" total="27394048" percent="34">
    <mem type="tenure" free="9353072" total="27394048" percent="34">
      <mem type="soa" free="9079664" total="27120640" percent="33" />
      <mem type="loa" free="273408" total="273408" percent="100" />
    </mem>
  </mem-info>
</gc-end>
<cycle-end id="2331" type="global" contextid="2321" timestamp="2019-08-09T18:53:40.779" />
  <attribute name="elasticGC enabled" value="1" />
  <attribute name= "numThreadsSpecified" value="16" />
  <attribute name="heapSize specified" value="27262976" />
  <attribute name="Current GC Util" value="36" />
  <attribute name= "Current Time Running" value="160723" />
  <attribute name ="GC Interval" value="0" />
  <attribute name="Target GC Util Change" value ="80.000000" />
  <attribute name="Current GC Util Change" value="36.000000"/>
  <attribute name="Current Error" value="-572.000000" />
  <attribute name="Output H" value="27338000"/>
  <attribute name="Output I" value="1352"/>
  <attribute name="Output T" value="16"/>
  <attribute name= "Current Time Running" value="160723" />
  <attribute name="GC Util currently" value="36" />
  <attribute name="CPU Util currently" value="38694221907" />
<allocation-satisfied id="2332" threadId="00000000023ECF00" bytesRequested="1168" />
<af-end id="2333" timestamp="2019-08-09T18:53:40.779" threadId="00000000023ED888" success="true" />
<exclusive-end id="2334" timestamp="2019-08-09T18:53:40.779" durationms="49.938" />

<exclusive-start id="2335" timestamp="2019-08-09T18:53:40.784" intervalms="54.182">
  <response-info timems="0.050" idlems="0.050" threads="0" lastid="00000000023ECF00" lastname="main" />
</exclusive-start>
<af-start id="2336" threadId="00000000023ED888" totalBytesRequested="1168" timestamp="2019-08-09T18:53:40.784" intervalms="54.196" />
<cycle-start id="2337" type="global" contextid="0" timestamp="2019-08-09T18:53:40.784" intervalms="54.199" />
<gc-start id="2338" type="global" contextid="2337" timestamp="2019-08-09T18:53:40.784">
  <mem-info id="2339" free="273408" total="27394048" percent="0">
    <mem type="tenure" free="273408" total="27394048" percent="0">
      <mem type="soa" free="0" total="27120640" percent="0" />
      <mem type="loa" free="273408" total="273408" percent="100" />
    </mem>
  </mem-info>
</gc-start>
<allocation-stats totalBytes="9111728" >
  <allocated-bytes non-tlh="0" tlh="9111728" />
  <largest-consumer threadName="main" threadId="00000000023ECF00" bytes="9111728" />
</allocation-stats>
<gc-op id="2340" type="mark" timems="13.098" contextid="2337" timestamp="2019-08-09T18:53:40.797">
  <trace-info objectcount="600489" scancount="521375" scanbytes="13382072" />
  <finalization candidates="80" enqueued="0" />
  <ownableSynchronizers candidates="21" cleared="0" />
  <references type="soft" candidates="3261" cleared="0" enqueued="0" dynamicThreshold="10" maxThreshold="32" />
  <references type="weak" candidates="5570" cleared="0" enqueued="0" />
  <references type="phantom" candidates="97" cleared="0" enqueued="0" />
  <stringconstants candidates="13595" cleared="0"  />
</gc-op>
<gc-op id="2341" type="sweep" timems="5.606" contextid="2337" timestamp="2019-08-09T18:53:40.803" />
<mem-info id="2342" free="9418144" total="27394048" percent="34">
  <mem type="tenure" free="9418144" total="27394048" percent="34" micro-fragmented="0" macro-fragmented="6450429">
    <mem type="soa" free="9144736" total="27120640" percent="33" />
    <mem type="loa" free="273408" total="273408" percent="100" />
  </mem>
</mem-info>
<gc-op id="2343" type="compact" timems="31.308" contextid="2337" timestamp="2019-08-09T18:53:40.834">
  <compact-info movecount="2" movebytes="56" reason="compact to aid heap contraction" />
</gc-op>
<heap-resize id="2344" type="expand" space="tenure" amount="131072" count="1" timems="0.020" reason="satisfy allocation request" timestamp="2019-08-09T18:53:40.835" />
<gc-end id="2345" type="global" contextid="2337" durationms="50.848" usertimems="97.231" systemtimems="0.000" timestamp="2019-08-09T18:53:40.835" activeThreads="16">
  <mem-info id="2346" free="9484144" total="27525120" percent="34">
    <mem type="tenure" free="9484144" total="27525120" percent="34">
      <mem type="soa" free="9209712" total="27250688" percent="33" />
      <mem type="loa" free="274432" total="274432" percent="100" />
    </mem>
  </mem-info>
</gc-end>
<cycle-end id="2347" type="global" contextid="2337" timestamp="2019-08-09T18:53:40.835" />
  <attribute name="elasticGC enabled" value="1" />
  <attribute name= "numThreadsSpecified" value="16" />
  <attribute name="heapSize specified" value="27394048" />
  <attribute name="Current GC Util" value="58" />
  <attribute name= "Current Time Running" value="160778" />
  <attribute name ="GC Interval" value="0" />
  <attribute name="Target GC Util Change" value ="80.000000" />
  <attribute name="Current GC Util Change" value="58.000000"/>
  <attribute name="Current Error" value="-222.000000" />
  <attribute name="Output H" value="27469472"/>
  <attribute name="Output I" value="1752"/>
  <attribute name="Output T" value="16"/>
  <attribute name= "Current Time Running" value="160778" />
  <attribute name="GC Util currently" value="58" />
  <attribute name="CPU Util currently" value="36775569658" />
<allocation-satisfied id="2348" threadId="00000000023ECF00" bytesRequested="1168" />
<af-end id="2349" timestamp="2019-08-09T18:53:40.835" threadId="00000000023ED888" success="true" />
<exclusive-end id="2350" timestamp="2019-08-09T18:53:40.835" durationms="51.095" />

<exclusive-start id="2351" timestamp="2019-08-09T18:53:40.841" intervalms="57.032">
  <response-info timems="0.058" idlems="0.058" threads="0" lastid="00000000023ECF00" lastname="main" />
</exclusive-start>
<af-start id="2352" threadId="00000000023ED888" totalBytesRequested="1168" timestamp="2019-08-09T18:53:40.841" intervalms="57.018" />
<cycle-start id="2353" type="global" contextid="0" timestamp="2019-08-09T18:53:40.841" intervalms="57.014" />
<gc-start id="2354" type="global" contextid="2353" timestamp="2019-08-09T18:53:40.841">
  <mem-info id="2355" free="274432" total="27525120" percent="0">
    <mem type="tenure" free="274432" total="27525120" percent="0">
      <mem type="soa" free="0" total="27250688" percent="0" />
      <mem type="loa" free="274432" total="274432" percent="100" />
    </mem>
  </mem-info>
</gc-start>
<allocation-stats totalBytes="9241136" >
  <allocated-bytes non-tlh="0" tlh="9241136" />
  <largest-consumer threadName="main" threadId="00000000023ECF00" bytes="9241136" />
</allocation-stats>
<gc-op id="2356" type="mark" timems="13.284" contextid="2353" timestamp="2019-08-09T18:53:40.854">
  <trace-info objectcount="600489" scancount="521377" scanbytes="13382072" />
  <finalization candidates="80" enqueued="0" />
  <ownableSynchronizers candidates="21" cleared="0" />
  <references type="soft" candidates="3261" cleared="0" enqueued="0" dynamicThreshold="11" maxThreshold="32" />
  <references type="weak" candidates="5570" cleared="0" enqueued="0" />
  <references type="phantom" candidates="97" cleared="0" enqueued="0" />
  <stringconstants candidates="13595" cleared="0"  />
</gc-op>
<gc-op id="2357" type="sweep" timems="1.947" contextid="2353" timestamp="2019-08-09T18:53:40.856" />
<mem-info id="2358" free="9549008" total="27525120" percent="34">
  <mem type="tenure" free="9549008" total="27525120" percent="34" micro-fragmented="0" macro-fragmented="7740515">
    <mem type="soa" free="9274576" total="27250688" percent="34" />
    <mem type="loa" free="274432" total="274432" percent="100" />
  </mem>
</mem-info>
<gc-op id="2359" type="compact" timems="36.129" contextid="2353" timestamp="2019-08-09T18:53:40.892">
  <compact-info movecount="2" movebytes="56" reason="compact to aid heap contraction" />
</gc-op>
<heap-resize id="2360" type="expand" space="tenure" amount="131072" count="1" timems="0.021" reason="satisfy allocation request" timestamp="2019-08-09T18:53:40.893" />
<gc-end id="2361" type="global" contextid="2353" durationms="52.278" usertimems="124.557" systemtimems="0.000" timestamp="2019-08-09T18:53:40.893" activeThreads="16">
  <mem-info id="2362" free="9615216" total="27656192" percent="34">
    <mem type="tenure" free="9615216" total="27656192" percent="34">
      <mem type="soa" free="9338736" total="27379712" percent="34" />
      <mem type="loa" free="276480" total="276480" percent="100" />
    </mem>
  </mem-info>
</gc-end>
<cycle-end id="2363" type="global" contextid="2353" timestamp="2019-08-09T18:53:40.893" />
  <attribute name="elasticGC enabled" value="1" />
  <attribute name= "numThreadsSpecified" value="16" />
  <attribute name="heapSize specified" value="27525120" />
  <attribute name="Current GC Util" value="114" />
  <attribute name= "Current Time Running" value="160836" />
  <attribute name ="GC Interval" value="0" />
  <attribute name="Target GC Util Change" value ="80.000000" />
  <attribute name="Current GC Util Change" value="114.000000"/>
  <attribute name="Current Error" value="-34.000000" />
  <attribute name="Output H" value="27600768"/>
  <attribute name="Output I" value="1976"/>
  <attribute name="Output T" value="16"/>
  <attribute name= "Current Time Running" value="160836" />
  <attribute name="GC Util currently" value="114" />
  <attribute name="CPU Util currently" value="31878679617" />
<allocation-satisfied id="2364" threadId="00000000023ECF00" bytesRequested="1168" />
<af-end id="2365" timestamp="2019-08-09T18:53:40.893" threadId="00000000023ED888" success="true" />
<exclusive-end id="2366" timestamp="2019-08-09T18:53:40.893" durationms="52.517" />

<exclusive-start id="2367" timestamp="2019-08-09T18:53:40.898" intervalms="57.850">
  <response-info timems="0.045" idlems="0.045" threads="0" lastid="00000000023ECF00" lastname="main" />
</exclusive-start>
<af-start id="2368" threadId="00000000023ED888" totalBytesRequested="1168" timestamp="2019-08-09T18:53:40.898" intervalms="57.846" />
<cycle-start id="2369" type="global" contextid="0" timestamp="2019-08-09T18:53:40.899" intervalms="57.842" />
<gc-start id="2370" type="global" contextid="2369" timestamp="2019-08-09T18:53:40.899">
  <mem-info id="2371" free="276480" total="27656192" percent="0">
    <mem type="tenure" free="276480" total="27656192" percent="0">
      <mem type="soa" free="0" total="27379712" percent="0" />
      <mem type="loa" free="276480" total="276480" percent="100" />
    </mem>
  </mem-info>
</gc-start>
<allocation-stats totalBytes="9370544" >
  <allocated-bytes non-tlh="0" tlh="9370544" />
  <largest-consumer threadName="main" threadId="00000000023ECF00" bytes="9370544" />
</allocation-stats>
<gc-op id="2372" type="mark" timems="26.440" contextid="2369" timestamp="2019-08-09T18:53:40.925">
  <trace-info objectcount="600489" scancount="521388" scanbytes="13382072" />
  <finalization candidates="80" enqueued="0" />
  <ownableSynchronizers candidates="21" cleared="0" />
  <references type="soft" candidates="3261" cleared="0" enqueued="0" dynamicThreshold="11" maxThreshold="32" />
  <references type="weak" candidates="5570" cleared="0" enqueued="0" />
  <references type="phantom" candidates="97" cleared="0" enqueued="0" />
  <stringconstants candidates="13595" cleared="0"  />
</gc-op>
<gc-op id="2373" type="sweep" timems="4.060" contextid="2369" timestamp="2019-08-09T18:53:40.929" />
<mem-info id="2374" free="9680464" total="27656192" percent="35">
  <mem type="tenure" free="9680464" total="27656192" percent="35" micro-fragmented="0" macro-fragmented="7740515">
    <mem type="soa" free="9403984" total="27379712" percent="34" />
    <mem type="loa" free="276480" total="276480" percent="100" />
  </mem>
</mem-info>
<gc-op id="2375" type="compact" timems="25.413" contextid="2369" timestamp="2019-08-09T18:53:40.955">
  <compact-info movecount="2" movebytes="56" reason="compact to aid heap contraction" />
</gc-op>
<heap-resize id="2376" type="expand" space="tenure" amount="131072" count="1" timems="0.022" reason="satisfy allocation request" timestamp="2019-08-09T18:53:40.955" />
<gc-end id="2377" type="global" contextid="2369" durationms="56.919" usertimems="185.268" systemtimems="0.000" timestamp="2019-08-09T18:53:40.955" activeThreads="16">
  <mem-info id="2378" free="9746288" total="27787264" percent="35">
    <mem type="tenure" free="9746288" total="27787264" percent="35">
      <mem type="soa" free="9468784" total="27509760" percent="34" />
      <mem type="loa" free="277504" total="277504" percent="100" />
    </mem>
  </mem-info>
</gc-end>
<cycle-end id="2379" type="global" contextid="2369" timestamp="2019-08-09T18:53:40.956" />
  <attribute name="elasticGC enabled" value="1" />
  <attribute name= "numThreadsSpecified" value="16" />
  <attribute name="heapSize specified" value="27656192" />
  <attribute name="Current GC Util" value="43" />
  <attribute name= "Current Time Running" value="160899" />
  <attribute name ="GC Interval" value="0" />
  <attribute name="Target GC Util Change" value ="80.000000" />
  <attribute name="Current GC Util Change" value="43.000000"/>
  <attribute name="Current Error" value="-520.000000" />
  <attribute name="Output H" value="27731272"/>
  <attribute name="Output I" value="1408"/>
  <attribute name="Output T" value="16"/>
  <attribute name= "Current Time Running" value="160899" />
  <attribute name="GC Util currently" value="43" />
  <attribute name="CPU Util currently" value="45291301653" />
<allocation-satisfied id="2380" threadId="00000000023ECF00" bytesRequested="1168" />
<af-end id="2381" timestamp="2019-08-09T18:53:40.956" threadId="00000000023ED888" success="true" />
<exclusive-end id="2382" timestamp="2019-08-09T18:53:40.956" durationms="57.164" />

<exclusive-start id="2383" timestamp="2019-08-09T18:53:40.961" intervalms="62.806">
  <response-info timems="0.050" idlems="0.050" threads="0" lastid="00000000023ECF00" lastname="main" />
</exclusive-start>
<af-start id="2384" threadId="00000000023ED888" totalBytesRequested="1168" timestamp="2019-08-09T18:53:40.961" intervalms="62.806" />
<cycle-start id="2385" type="global" contextid="0" timestamp="2019-08-09T18:53:40.961" intervalms="62.830" />
<gc-start id="2386" type="global" contextid="2385" timestamp="2019-08-09T18:53:40.961">
  <mem-info id="2387" free="277504" total="27787264" percent="0">
    <mem type="tenure" free="277504" total="27787264" percent="0">
      <mem type="soa" free="0" total="27509760" percent="0" />
      <mem type="loa" free="277504" total="277504" percent="100" />
    </mem>
  </mem-info>
</gc-start>
<allocation-stats totalBytes="9499952" >
  <allocated-bytes non-tlh="0" tlh="9499952" />
  <largest-consumer threadName="main" threadId="00000000023ECF00" bytes="9499952" />
</allocation-stats>
<gc-op id="2388" type="mark" timems="8.853" contextid="2385" timestamp="2019-08-09T18:53:40.970">
  <trace-info objectcount="600489" scancount="521378" scanbytes="13382072" />
  <finalization candidates="80" enqueued="0" />
  <ownableSynchronizers candidates="21" cleared="0" />
  <references type="soft" candidates="3261" cleared="0" enqueued="0" dynamicThreshold="11" maxThreshold="32" />
  <references type="weak" candidates="5570" cleared="0" enqueued="0" />
  <references type="phantom" candidates="97" cleared="0" enqueued="0" />
  <stringconstants candidates="13595" cleared="0"  />
</gc-op>
<gc-op id="2389" type="sweep" timems="1.819" contextid="2385" timestamp="2019-08-09T18:53:40.972" />
<mem-info id="2390" free="9811328" total="27787264" percent="35">
  <mem type="tenure" free="9811328" total="27787264" percent="35" micro-fragmented="0" macro-fragmented="7740515">
    <mem type="soa" free="9533824" total="27509760" percent="34" />
    <mem type="loa" free="277504" total="277504" percent="100" />
  </mem>
</mem-info>
<gc-op id="2391" type="compact" timems="33.589" contextid="2385" timestamp="2019-08-09T18:53:41.006">
  <compact-info movecount="2" movebytes="56" reason="compact to aid heap contraction" />
</gc-op>
<heap-resize id="2392" type="expand" space="tenure" amount="131072" count="1" timems="0.023" reason="satisfy allocation request" timestamp="2019-08-09T18:53:41.007" />
<gc-end id="2393" type="global" contextid="2385" durationms="45.372" usertimems="93.130" systemtimems="0.000" timestamp="2019-08-09T18:53:41.007" activeThreads="16">
  <mem-info id="2394" free="9877360" total="27918336" percent="35">
    <mem type="tenure" free="9877360" total="27918336" percent="35">
      <mem type="soa" free="9598832" total="27639808" percent="34" />
      <mem type="loa" free="278528" total="278528" percent="100" />
    </mem>
  </mem-info>
</gc-end>
<cycle-end id="2395" type="global" contextid="2385" timestamp="2019-08-09T18:53:41.007" />
  <attribute name="elasticGC enabled" value="1" />
  <attribute name= "numThreadsSpecified" value="16" />
  <attribute name="heapSize specified" value="27787264" />
  <attribute name="Current GC Util" value="29" />
  <attribute name= "Current Time Running" value="160950" />
  <attribute name ="GC Interval" value="0" />
  <attribute name="Target GC Util Change" value ="80.000000" />
  <attribute name="Current GC Util Change" value="29.000000"/>
  <attribute name="Current Error" value="-421.000000" />
  <attribute name="Output H" value="27862464"/>
  <attribute name="Output I" value="1528"/>
  <attribute name="Output T" value="16"/>
  <attribute name= "Current Time Running" value="160950" />
  <attribute name="GC Util currently" value="29" />
  <attribute name="CPU Util currently" value="34287661706" />
<allocation-satisfied id="2396" threadId="00000000023ECF00" bytesRequested="1168" />
<af-end id="2397" timestamp="2019-08-09T18:53:41.007" threadId="00000000023ED888" success="true" />
<exclusive-end id="2398" timestamp="2019-08-09T18:53:41.007" durationms="45.620" />

<exclusive-start id="2399" timestamp="2019-08-09T18:53:41.011" intervalms="50.023">
  <response-info timems="0.015" idlems="0.015" threads="0" lastid="00000000023ECF00" lastname="main" />
</exclusive-start>
<af-start id="2400" threadId="00000000023ED888" totalBytesRequested="1168" timestamp="2019-08-09T18:53:41.011" intervalms="50.048" />
<cycle-start id="2401" type="global" contextid="0" timestamp="2019-08-09T18:53:41.011" intervalms="50.023" />
<gc-start id="2402" type="global" contextid="2401" timestamp="2019-08-09T18:53:41.011">
  <mem-info id="2403" free="278528" total="27918336" percent="0">
    <mem type="tenure" free="278528" total="27918336" percent="0">
      <mem type="soa" free="0" total="27639808" percent="0" />
      <mem type="loa" free="278528" total="278528" percent="100" />
    </mem>
  </mem-info>
</gc-start>
<allocation-stats totalBytes="9629384" >
  <allocated-bytes non-tlh="0" tlh="9629384" />
  <largest-consumer threadName="main" threadId="00000000023ECF00" bytes="9629384" />
</allocation-stats>
<gc-op id="2404" type="mark" timems="10.661" contextid="2401" timestamp="2019-08-09T18:53:41.022">
  <trace-info objectcount="600489" scancount="521374" scanbytes="13382072" />
  <finalization candidates="80" enqueued="0" />
  <ownableSynchronizers candidates="21" cleared="0" />
  <references type="soft" candidates="3261" cleared="0" enqueued="0" dynamicThreshold="11" maxThreshold="32" />
  <references type="weak" candidates="5570" cleared="0" enqueued="0" />
  <references type="phantom" candidates="97" cleared="0" enqueued="0" />
  <stringconstants candidates="13595" cleared="0"  />
</gc-op>
<gc-op id="2405" type="sweep" timems="1.868" contextid="2401" timestamp="2019-08-09T18:53:41.024" />
<mem-info id="2406" free="9942192" total="27918336" percent="35">
  <mem type="tenure" free="9942192" total="27918336" percent="35" micro-fragmented="0" macro-fragmented="0">
    <mem type="soa" free="9663664" total="27639808" percent="34" />
    <mem type="loa" free="278528" total="278528" percent="100" />
  </mem>
</mem-info>
<gc-op id="2407" type="compact" timems="24.420" contextid="2401" timestamp="2019-08-09T18:53:41.049">
  <compact-info movecount="2" movebytes="56" reason="compact to aid heap contraction" />
</gc-op>
<heap-resize id="2408" type="expand" space="tenure" amount="131072" count="1" timems="0.023" reason="satisfy allocation request" timestamp="2019-08-09T18:53:41.050" />
<gc-end id="2409" type="global" contextid="2401" durationms="38.173" usertimems="99.884" systemtimems="0.000" timestamp="2019-08-09T18:53:41.050" activeThreads="16">
  <mem-info id="2410" free="10008432" total="28049408" percent="35">
    <mem type="tenure" free="10008432" total="28049408" percent="35">
      <mem type="soa" free="9728880" total="27769856" percent="35" />
      <mem type="loa" free="279552" total="279552" percent="100" />
    </mem>
  </mem-info>
</gc-end>
<cycle-end id="2411" type="global" contextid="2401" timestamp="2019-08-09T18:53:41.050" />
  <attribute name="elasticGC enabled" value="1" />
  <attribute name= "numThreadsSpecified" value="16" />
  <attribute name="heapSize specified" value="27918336" />
  <attribute name="Current GC Util" value="64" />
  <attribute name= "Current Time Running" value="160993" />
  <attribute name ="GC Interval" value="0" />
  <attribute name="Target GC Util Change" value ="80.000000" />
  <attribute name="Current GC Util Change" value="64.000000"/>
  <attribute name="Current Error" value="16.000000" />
  <attribute name="Output H" value="27994040"/>
  <attribute name="Output I" value="2032"/>
  <attribute name="Output T" value="16"/>
  <attribute name= "Current Time Running" value="160993" />
  <attribute name="GC Util currently" value="64" />
  <attribute name="CPU Util currently" value="47114217830" />
<allocation-satisfied id="2412" threadId="00000000023ECF00" bytesRequested="1168" />
<af-end id="2413" timestamp="2019-08-09T18:53:41.050" threadId="00000000023ED888" success="true" />
<exclusive-end id="2414" timestamp="2019-08-09T18:53:41.050" durationms="38.496" />

<exclusive-start id="2415" timestamp="2019-08-09T18:53:41.057" intervalms="46.082">
  <response-info timems="0.053" idlems="0.053" threads="0" lastid="00000000023ECF00" lastname="main" />
</exclusive-start>
<af-start id="2416" threadId="00000000023ED888" totalBytesRequested="1168" timestamp="2019-08-09T18:53:41.057" intervalms="46.065" />
<cycle-start id="2417" type="global" contextid="0" timestamp="2019-08-09T18:53:41.057" intervalms="46.072" />
<gc-start id="2418" type="global" contextid="2417" timestamp="2019-08-09T18:53:41.058">
  <mem-info id="2419" free="279552" total="28049408" percent="0">
    <mem type="tenure" free="279552" total="28049408" percent="0">
      <mem type="soa" free="0" total="27769856" percent="0" />
      <mem type="loa" free="279552" total="279552" percent="100" />
    </mem>
  </mem-info>
</gc-start>
<allocation-stats totalBytes="9758768" >
  <allocated-bytes non-tlh="0" tlh="9758768" />
  <largest-consumer threadName="main" threadId="00000000023ECF00" bytes="9758768" />
</allocation-stats>
<gc-op id="2420" type="mark" timems="12.385" contextid="2417" timestamp="2019-08-09T18:53:41.070">
  <trace-info objectcount="600489" scancount="521378" scanbytes="13382072" />
  <finalization candidates="80" enqueued="0" />
  <ownableSynchronizers candidates="21" cleared="0" />
  <references type="soft" candidates="3261" cleared="0" enqueued="0" dynamicThreshold="11" maxThreshold="32" />
  <references type="weak" candidates="5570" cleared="0" enqueued="0" />
  <references type="phantom" candidates="97" cleared="0" enqueued="0" />
  <stringconstants candidates="13595" cleared="0"  />
</gc-op>
<gc-op id="2421" type="sweep" timems="1.636" contextid="2417" timestamp="2019-08-09T18:53:41.072" />
<mem-info id="2422" free="10073968" total="28049408" percent="35">
  <mem type="tenure" free="10073968" total="28049408" percent="35" micro-fragmented="0" macro-fragmented="0">
    <mem type="soa" free="9794416" total="27769856" percent="35" />
    <mem type="loa" free="279552" total="279552" percent="100" />
  </mem>
</mem-info>
<gc-op id="2423" type="compact" timems="36.565" contextid="2417" timestamp="2019-08-09T18:53:41.108">
  <compact-info movecount="2" movebytes="56" reason="compact to aid heap contraction" />
</gc-op>
<heap-resize id="2424" type="expand" space="tenure" amount="131072" count="1" timems="0.019" reason="satisfy allocation request" timestamp="2019-08-09T18:53:41.109" />
<gc-end id="2425" type="global" contextid="2417" durationms="51.377" usertimems="126.856" systemtimems="0.000" timestamp="2019-08-09T18:53:41.109" activeThreads="16">
  <mem-info id="2426" free="10139504" total="28180480" percent="35">
    <mem type="tenure" free="10139504" total="28180480" percent="35">
      <mem type="soa" free="9857904" total="27898880" percent="35" />
      <mem type="loa" free="281600" total="281600" percent="100" />
    </mem>
  </mem-info>
</gc-end>
<cycle-end id="2427" type="global" contextid="2417" timestamp="2019-08-09T18:53:41.109" />
  <attribute name="elasticGC enabled" value="1" />
  <attribute name= "numThreadsSpecified" value="16" />
  <attribute name="heapSize specified" value="28049408" />
  <attribute name="Current GC Util" value="27" />
  <attribute name= "Current Time Running" value="161052" />
  <attribute name ="GC Interval" value="0" />
  <attribute name="Target GC Util Change" value ="80.000000" />
  <attribute name="Current GC Util Change" value="27.000000"/>
  <attribute name="Current Error" value="-542.000000" />
  <attribute name="Output H" value="28124464"/>
  <attribute name="Output I" value="1384"/>
  <attribute name="Output T" value="16"/>
  <attribute name= "Current Time Running" value="161052" />
  <attribute name="GC Util currently" value="27" />
  <attribute name="CPU Util currently" value="31508161085" />
<allocation-satisfied id="2428" threadId="00000000023ECF00" bytesRequested="1168" />
<af-end id="2429" timestamp="2019-08-09T18:53:41.109" threadId="00000000023ED888" success="true" />
<exclusive-end id="2430" timestamp="2019-08-09T18:53:41.109" durationms="51.612" />

<exclusive-start id="2431" timestamp="2019-08-09T18:53:41.113" intervalms="55.697">
  <response-info timems="0.039" idlems="0.039" threads="0" lastid="00000000023ECF00" lastname="main" />
</exclusive-start>
<af-start id="2432" threadId="00000000023ED888" totalBytesRequested="1168" timestamp="2019-08-09T18:53:41.113" intervalms="55.720" />
<cycle-start id="2433" type="global" contextid="0" timestamp="2019-08-09T18:53:41.113" intervalms="55.711" />
<gc-start id="2434" type="global" contextid="2433" timestamp="2019-08-09T18:53:41.113">
  <mem-info id="2435" free="281600" total="28180480" percent="0">
    <mem type="tenure" free="281600" total="28180480" percent="0">
      <mem type="soa" free="0" total="27898880" percent="0" />
      <mem type="loa" free="281600" total="281600" percent="100" />
    </mem>
  </mem-info>
</gc-start>
<allocation-stats totalBytes="9888200" >
  <allocated-bytes non-tlh="0" tlh="9888200" />
  <largest-consumer threadName="main" threadId="00000000023ECF00" bytes="9888200" />
</allocation-stats>
<gc-op id="2436" type="mark" timems="9.310" contextid="2433" timestamp="2019-08-09T18:53:41.123">
  <trace-info objectcount="600489" scancount="521377" scanbytes="13382072" />
  <finalization candidates="80" enqueued="0" />
  <ownableSynchronizers candidates="21" cleared="0" />
  <references type="soft" candidates="3261" cleared="0" enqueued="0" dynamicThreshold="11" maxThreshold="32" />
  <references type="weak" candidates="5570" cleared="0" enqueued="0" />
  <references type="phantom" candidates="97" cleared="0" enqueued="0" />
  <stringconstants candidates="13595" cleared="0"  />
</gc-op>
<gc-op id="2437" type="sweep" timems="1.739" contextid="2433" timestamp="2019-08-09T18:53:41.124" />
<mem-info id="2438" free="10204944" total="28180480" percent="36">
  <mem type="tenure" free="10204944" total="28180480" percent="36" micro-fragmented="0" macro-fragmented="0">
    <mem type="soa" free="9923344" total="27898880" percent="35" />
    <mem type="loa" free="281600" total="281600" percent="100" />
  </mem>
</mem-info>
<gc-op id="2439" type="compact" timems="27.446" contextid="2433" timestamp="2019-08-09T18:53:41.152">
  <compact-info movecount="2" movebytes="56" reason="compact to aid heap contraction" />
</gc-op>
<heap-resize id="2440" type="expand" space="tenure" amount="131072" count="1" timems="0.019" reason="satisfy allocation request" timestamp="2019-08-09T18:53:41.153" />
<gc-end id="2441" type="global" contextid="2433" durationms="39.441" usertimems="99.560" systemtimems="0.000" timestamp="2019-08-09T18:53:41.153" activeThreads="16">
  <mem-info id="2442" free="10270576" total="28311552" percent="36">
    <mem type="tenure" free="10270576" total="28311552" percent="36">
      <mem type="soa" free="9987952" total="28028928" percent="35" />
      <mem type="loa" free="282624" total="282624" percent="100" />
    </mem>
  </mem-info>
</gc-end>
<cycle-end id="2443" type="global" contextid="2433" timestamp="2019-08-09T18:53:41.153" />
  <attribute name="elasticGC enabled" value="1" />
  <attribute name= "numThreadsSpecified" value="16" />
  <attribute name="heapSize specified" value="28180480" />
  <attribute name="Current GC Util" value="57" />
  <attribute name= "Current Time Running" value="161096" />
  <attribute name ="GC Interval" value="0" />
  <attribute name="Target GC Util Change" value ="80.000000" />
  <attribute name="Current GC Util Change" value="57.000000"/>
  <attribute name="Current Error" value="-498.000000" />
  <attribute name="Output H" value="28255592"/>
  <attribute name="Output I" value="1440"/>
  <attribute name="Output T" value="16"/>
  <attribute name= "Current Time Running" value="161096" />
  <attribute name="GC Util currently" value="57" />
  <attribute name="CPU Util currently" value="41958946823" />
<allocation-satisfied id="2444" threadId="00000000023ECF00" bytesRequested="1168" />
<af-end id="2445" timestamp="2019-08-09T18:53:41.153" threadId="00000000023ED888" success="true" />
<exclusive-end id="2446" timestamp="2019-08-09T18:53:41.153" durationms="39.668" />

<exclusive-start id="2447" timestamp="2019-08-09T18:53:41.164" intervalms="50.752">
  <response-info timems="0.014" idlems="0.014" threads="0" lastid="00000000023ECF00" lastname="main" />
</exclusive-start>
<af-start id="2448" threadId="00000000023ED888" totalBytesRequested="1168" timestamp="2019-08-09T18:53:41.164" intervalms="50.734" />
<cycle-start id="2449" type="global" contextid="0" timestamp="2019-08-09T18:53:41.164" intervalms="50.740" />
<gc-start id="2450" type="global" contextid="2449" timestamp="2019-08-09T18:53:41.164">
  <mem-info id="2451" free="282624" total="28311552" percent="0">
    <mem type="tenure" free="282624" total="28311552" percent="0">
      <mem type="soa" free="0" total="28028928" percent="0" />
      <mem type="loa" free="282624" total="282624" percent="100" />
    </mem>
  </mem-info>
</gc-start>
<allocation-stats totalBytes="10017584" >
  <allocated-bytes non-tlh="0" tlh="10017584" />
  <largest-consumer threadName="main" threadId="00000000023ECF00" bytes="10017584" />
</allocation-stats>
<gc-op id="2452" type="mark" timems="11.329" contextid="2449" timestamp="2019-08-09T18:53:41.175">
  <trace-info objectcount="600489" scancount="521374" scanbytes="13382072" />
  <finalization candidates="80" enqueued="0" />
  <ownableSynchronizers candidates="21" cleared="0" />
  <references type="soft" candidates="3261" cleared="0" enqueued="0" dynamicThreshold="11" maxThreshold="32" />
  <references type="weak" candidates="5570" cleared="0" enqueued="0" />
  <references type="phantom" candidates="97" cleared="0" enqueued="0" />
  <stringconstants candidates="13595" cleared="0"  />
</gc-op>
<gc-op id="2453" type="sweep" timems="2.526" contextid="2449" timestamp="2019-08-09T18:53:41.178" />
<mem-info id="2454" free="10335808" total="28311552" percent="36">
  <mem type="tenure" free="10335808" total="28311552" percent="36" micro-fragmented="0" macro-fragmented="0">
    <mem type="soa" free="10053184" total="28028928" percent="35" />
    <mem type="loa" free="282624" total="282624" percent="100" />
  </mem>
</mem-info>
<gc-op id="2455" type="compact" timems="33.989" contextid="2449" timestamp="2019-08-09T18:53:41.212">
  <compact-info movecount="2" movebytes="56" reason="compact to aid heap contraction" />
</gc-op>
<heap-resize id="2456" type="expand" space="tenure" amount="131072" count="1" timems="0.019" reason="satisfy allocation request" timestamp="2019-08-09T18:53:41.212" />
<gc-end id="2457" type="global" contextid="2449" durationms="48.504" usertimems="100.592" systemtimems="0.000" timestamp="2019-08-09T18:53:41.212" activeThreads="16">
  <mem-info id="2458" free="10401648" total="28442624" percent="36">
    <mem type="tenure" free="10401648" total="28442624" percent="36">
      <mem type="soa" free="10118000" total="28158976" percent="35" />
      <mem type="loa" free="283648" total="283648" percent="100" />
    </mem>
  </mem-info>
</gc-end>
<cycle-end id="2459" type="global" contextid="2449" timestamp="2019-08-09T18:53:41.212" />
  <attribute name="elasticGC enabled" value="1" />
  <attribute name= "numThreadsSpecified" value="16" />
  <attribute name="heapSize specified" value="28311552" />
  <attribute name="Current GC Util" value="40" />
  <attribute name= "Current Time Running" value="161156" />
  <attribute name ="GC Interval" value="0" />
  <attribute name="Target GC Util Change" value ="80.000000" />
  <attribute name="Current GC Util Change" value="40.000000"/>
  <attribute name="Current Error" value="40.000000" />
  <attribute name="Output H" value="28387280"/>
  <attribute name="Output I" value="2056"/>
  <attribute name="Output T" value="16"/>
  <attribute name= "Current Time Running" value="161156" />
  <attribute name="GC Util currently" value="40" />
  <attribute name="CPU Util currently" value="33892289150" />
<allocation-satisfied id="2460" threadId="00000000023ECF00" bytesRequested="1168" />
<af-end id="2461" timestamp="2019-08-09T18:53:41.213" threadId="00000000023ED888" success="true" />
<exclusive-end id="2462" timestamp="2019-08-09T18:53:41.213" durationms="48.726" />

<exclusive-start id="2463" timestamp="2019-08-09T18:53:41.217" intervalms="52.902">
  <response-info timems="0.018" idlems="0.018" threads="0" lastid="00000000023ECF00" lastname="main" />
</exclusive-start>
<af-start id="2464" threadId="00000000023ED888" totalBytesRequested="1168" timestamp="2019-08-09T18:53:41.217" intervalms="52.949" />
<cycle-start id="2465" type="global" contextid="0" timestamp="2019-08-09T18:53:41.217" intervalms="52.944" />
<gc-start id="2466" type="global" contextid="2465" timestamp="2019-08-09T18:53:41.217">
  <mem-info id="2467" free="283648" total="28442624" percent="0">
    <mem type="tenure" free="283648" total="28442624" percent="0">
      <mem type="soa" free="0" total="28158976" percent="0" />
      <mem type="loa" free="283648" total="283648" percent="100" />
    </mem>
  </mem-info>
</gc-start>
<allocation-stats totalBytes="10147016" >
  <allocated-bytes non-tlh="0" tlh="10147016" />
  <largest-consumer threadName="main" threadId="00000000023ECF00" bytes="10147016" />
</allocation-stats>
<gc-op id="2468" type="mark" timems="33.969" contextid="2465" timestamp="2019-08-09T18:53:41.251">
  <trace-info objectcount="600489" scancount="521376" scanbytes="13382072" />
  <finalization candidates="80" enqueued="0" />
  <ownableSynchronizers candidates="21" cleared="0" />
  <references type="soft" candidates="3261" cleared="0" enqueued="0" dynamicThreshold="11" maxThreshold="32" />
  <references type="weak" candidates="5570" cleared="0" enqueued="0" />
  <references type="phantom" candidates="97" cleared="0" enqueued="0" />
  <stringconstants candidates="13595" cleared="0"  />
</gc-op>
<gc-op id="2469" type="sweep" timems="2.494" contextid="2465" timestamp="2019-08-09T18:53:41.253" />
<mem-info id="2470" free="10466672" total="28442624" percent="36">
  <mem type="tenure" free="10466672" total="28442624" percent="36" micro-fragmented="0" macro-fragmented="0">
    <mem type="soa" free="10183024" total="28158976" percent="36" />
    <mem type="loa" free="283648" total="283648" percent="100" />
  </mem>
</mem-info>
<gc-op id="2471" type="compact" timems="24.749" contextid="2465" timestamp="2019-08-09T18:53:41.278">
  <compact-info movecount="2" movebytes="56" reason="compact to aid heap contraction" />
</gc-op>
<heap-resize id="2472" type="expand" space="tenure" amount="131072" count="1" timems="0.017" reason="satisfy allocation request" timestamp="2019-08-09T18:53:41.279" />
<gc-end id="2473" type="global" contextid="2465" durationms="61.926" usertimems="174.172" systemtimems="0.000" timestamp="2019-08-09T18:53:41.279" activeThreads="16">
  <mem-info id="2474" free="10532720" total="28573696" percent="36">
    <mem type="tenure" free="10532720" total="28573696" percent="36">
      <mem type="soa" free="10247024" total="28288000" percent="36" />
      <mem type="loa" free="285696" total="285696" percent="100" />
    </mem>
  </mem-info>
</gc-end>
<cycle-end id="2475" type="global" contextid="2465" timestamp="2019-08-09T18:53:41.279" />
  <attribute name="elasticGC enabled" value="1" />
  <attribute name= "numThreadsSpecified" value="16" />
  <attribute name="heapSize specified" value="28442624" />
  <attribute name="Current GC Util" value="30" />
  <attribute name= "Current Time Running" value="161222" />
  <attribute name ="GC Interval" value="0" />
  <attribute name="Target GC Util Change" value ="80.000000" />
  <attribute name="Current GC Util Change" value="30.000000"/>
  <attribute name="Current Error" value="-705.000000" />
  <attribute name="Output H" value="28517496"/>
  <attribute name="Output I" value="1200"/>
  <attribute name="Output T" value="16"/>
  <attribute name= "Current Time Running" value="161222" />
  <attribute name="GC Util currently" value="30" />
  <attribute name="CPU Util currently" value="46538598931" />
<allocation-satisfied id="2476" threadId="00000000023ECF00" bytesRequested="1168" />
<af-end id="2477" timestamp="2019-08-09T18:53:41.279" threadId="00000000023ED888" success="true" />
<exclusive-end id="2478" timestamp="2019-08-09T18:53:41.279" durationms="62.237" />

<exclusive-start id="2479" timestamp="2019-08-09T18:53:41.282" intervalms="65.382">
  <response-info timems="0.103" idlems="0.103" threads="0" lastid="00000000023ECF00" lastname="main" />
</exclusive-start>
<af-start id="2480" threadId="00000000023ED888" totalBytesRequested="1168" timestamp="2019-08-09T18:53:41.282" intervalms="65.309" />
<cycle-start id="2481" type="global" contextid="0" timestamp="2019-08-09T18:53:41.282" intervalms="65.307" />
<gc-start id="2482" type="global" contextid="2481" timestamp="2019-08-09T18:53:41.282">
  <mem-info id="2483" free="285696" total="28573696" percent="0">
    <mem type="tenure" free="285696" total="28573696" percent="0">
      <mem type="soa" free="0" total="28288000" percent="0" />
      <mem type="loa" free="285696" total="285696" percent="100" />
    </mem>
  </mem-info>
</gc-start>
<allocation-stats totalBytes="10275192" >
  <allocated-bytes non-tlh="0" tlh="10275192" />
  <largest-consumer threadName="main" threadId="00000000023ECF00" bytes="10275192" />
</allocation-stats>
<gc-op id="2484" type="mark" timems="9.610" contextid="2481" timestamp="2019-08-09T18:53:41.292">
  <trace-info objectcount="600489" scancount="521374" scanbytes="13382072" />
  <finalization candidates="80" enqueued="0" />
  <ownableSynchronizers candidates="21" cleared="0" />
  <references type="soft" candidates="3261" cleared="0" enqueued="0" dynamicThreshold="11" maxThreshold="32" />
  <references type="weak" candidates="5570" cleared="0" enqueued="0" />
  <references type="phantom" candidates="97" cleared="0" enqueued="0" />
  <stringconstants candidates="13595" cleared="0"  />
</gc-op>
<gc-op id="2485" type="sweep" timems="2.017" contextid="2481" timestamp="2019-08-09T18:53:41.294" />
<mem-info id="2486" free="10598256" total="28573696" percent="37">
  <mem type="tenure" free="10598256" total="28573696" percent="37" micro-fragmented="0" macro-fragmented="0">
    <mem type="soa" free="10312560" total="28288000" percent="36" />
    <mem type="loa" free="285696" total="285696" percent="100" />
  </mem>
</mem-info>
<gc-op id="2487" type="compact" timems="31.230" contextid="2481" timestamp="2019-08-09T18:53:41.325">
  <compact-info movecount="2" movebytes="56" reason="compact to aid heap contraction" />
</gc-op>
<heap-resize id="2488" type="expand" space="tenure" amount="131072" count="1" timems="0.019" reason="satisfy allocation request" timestamp="2019-08-09T18:53:41.326" />
<gc-end id="2489" type="global" contextid="2481" durationms="43.880" usertimems="93.107" systemtimems="0.000" timestamp="2019-08-09T18:53:41.326" activeThreads="16">
  <mem-info id="2490" free="10663792" total="28704768" percent="37">
    <mem type="tenure" free="10663792" total="28704768" percent="37">
      <mem type="soa" free="10377072" total="28418048" percent="36" />
      <mem type="loa" free="286720" total="286720" percent="100" />
    </mem>
  </mem-info>
</gc-end>
<cycle-end id="2491" type="global" contextid="2481" timestamp="2019-08-09T18:53:41.326" />
  <attribute name="elasticGC enabled" value="1" />
  <attribute name= "numThreadsSpecified" value="16" />
  <attribute name="heapSize specified" value="28573696" />
  <attribute name="Current GC Util" value="34" />
  <attribute name= "Current Time Running" value="161269" />
  <attribute name ="GC Interval" value="0" />
  <attribute name="Target GC Util Change" value ="80.000000" />
  <attribute name="Current GC Util Change" value="34.000000"/>
  <attribute name="Current Error" value="-384.000000" />
  <attribute name="Output H" value="28648936"/>
  <attribute name="Output I" value="1568"/>
  <attribute name="Output T" value="16"/>
  <attribute name= "Current Time Running" value="161269" />
  <attribute name="GC Util currently" value="34" />
  <attribute name="CPU Util currently" value="36868537556" />
<allocation-satisfied id="2492" threadId="00000000023ECF00" bytesRequested="1168" />
<af-end id="2493" timestamp="2019-08-09T18:53:41.326" threadId="00000000023ED888" success="true" />
<exclusive-end id="2494" timestamp="2019-08-09T18:53:41.326" durationms="44.277" />

<exclusive-start id="2495" timestamp="2019-08-09T18:53:41.330" intervalms="47.793">
  <response-info timems="0.033" idlems="0.033" threads="0" lastid="00000000023ECF00" lastname="main" />
</exclusive-start>
<af-start id="2496" threadId="00000000023ED888" totalBytesRequested="1168" timestamp="2019-08-09T18:53:41.330" intervalms="47.798" />
<cycle-start id="2497" type="global" contextid="0" timestamp="2019-08-09T18:53:41.330" intervalms="47.806" />
<gc-start id="2498" type="global" contextid="2497" timestamp="2019-08-09T18:53:41.330">
  <mem-info id="2499" free="286720" total="28704768" percent="0">
    <mem type="tenure" free="286720" total="28704768" percent="0">
      <mem type="soa" free="0" total="28418048" percent="0" />
      <mem type="loa" free="286720" total="286720" percent="100" />
    </mem>
  </mem-info>
</gc-start>
<allocation-stats totalBytes="10404576" >
  <allocated-bytes non-tlh="0" tlh="10404576" />
  <largest-consumer threadName="main" threadId="00000000023ECF00" bytes="10404576" />
</allocation-stats>
<gc-op id="2500" type="mark" timems="8.913" contextid="2497" timestamp="2019-08-09T18:53:41.339">
  <trace-info objectcount="600489" scancount="521375" scanbytes="13382072" />
  <finalization candidates="80" enqueued="0" />
  <ownableSynchronizers candidates="21" cleared="0" />
  <references type="soft" candidates="3261" cleared="0" enqueued="0" dynamicThreshold="11" maxThreshold="32" />
  <references type="weak" candidates="5570" cleared="0" enqueued="0" />
  <references type="phantom" candidates="97" cleared="0" enqueued="0" />
  <stringconstants candidates="13595" cleared="0"  />
</gc-op>
<gc-op id="2501" type="sweep" timems="1.933" contextid="2497" timestamp="2019-08-09T18:53:41.341" />
<mem-info id="2502" free="10729328" total="28704768" percent="37">
  <mem type="tenure" free="10729328" total="28704768" percent="37" micro-fragmented="0" macro-fragmented="0">
    <mem type="soa" free="10442608" total="28418048" percent="36" />
    <mem type="loa" free="286720" total="286720" percent="100" />
  </mem>
</mem-info>
<gc-op id="2503" type="compact" timems="28.280" contextid="2497" timestamp="2019-08-09T18:53:41.369">
  <compact-info movecount="2" movebytes="56" reason="compact to aid heap contraction" />
</gc-op>
<heap-resize id="2504" type="expand" space="tenure" amount="131072" count="1" timems="0.018" reason="satisfy allocation request" timestamp="2019-08-09T18:53:41.370" />
<gc-end id="2505" type="global" contextid="2497" durationms="40.499" usertimems="86.419" systemtimems="0.000" timestamp="2019-08-09T18:53:41.371" activeThreads="16">
  <mem-info id="2506" free="10794864" total="28835840" percent="37">
    <mem type="tenure" free="10794864" total="28835840" percent="37">
      <mem type="soa" free="10507120" total="28548096" percent="36" />
      <mem type="loa" free="287744" total="287744" percent="100" />
    </mem>
  </mem-info>
</gc-end>
<cycle-end id="2507" type="global" contextid="2497" timestamp="2019-08-09T18:53:41.371" />
  <attribute name="elasticGC enabled" value="1" />
  <attribute name= "numThreadsSpecified" value="16" />
  <attribute name="heapSize specified" value="28704768" />
  <attribute name="Current GC Util" value="37" />
  <attribute name= "Current Time Running" value="161313" />
  <attribute name ="GC Interval" value="0" />
  <attribute name="Target GC Util Change" value ="80.000000" />
  <attribute name="Current GC Util Change" value="37.000000"/>
  <attribute name="Current Error" value="43.000000" />
  <attribute name="Output H" value="28780504"/>
  <attribute name="Output I" value="2064"/>
  <attribute name="Output T" value="16"/>
  <attribute name= "Current Time Running" value="161313" />
  <attribute name="GC Util currently" value="37" />
  <attribute name="CPU Util currently" value="40745237722" />
<allocation-satisfied id="2508" threadId="00000000023ECF00" bytesRequested="1168" />
<af-end id="2509" timestamp="2019-08-09T18:53:41.371" threadId="00000000023ED888" success="true" />
<exclusive-end id="2510" timestamp="2019-08-09T18:53:41.371" durationms="40.716" />

<exclusive-start id="2511" timestamp="2019-08-09T18:53:41.374" intervalms="43.787">
  <response-info timems="0.017" idlems="0.017" threads="0" lastid="00000000023ECF00" lastname="main" />
</exclusive-start>
<af-start id="2512" threadId="00000000023ED888" totalBytesRequested="1168" timestamp="2019-08-09T18:53:41.374" intervalms="43.812" />
<cycle-start id="2513" type="global" contextid="0" timestamp="2019-08-09T18:53:41.374" intervalms="43.805" />
<gc-start id="2514" type="global" contextid="2513" timestamp="2019-08-09T18:53:41.374">
  <mem-info id="2515" free="287744" total="28835840" percent="0">
    <mem type="tenure" free="287744" total="28835840" percent="0">
      <mem type="soa" free="0" total="28548096" percent="0" />
      <mem type="loa" free="287744" total="287744" percent="100" />
    </mem>
  </mem-info>
</gc-start>
<allocation-stats totalBytes="10535240" >
  <allocated-bytes non-tlh="0" tlh="10535240" />
  <largest-consumer threadName="main" threadId="00000000023ECF00" bytes="10535240" />
</allocation-stats>
<gc-op id="2516" type="mark" timems="10.579" contextid="2513" timestamp="2019-08-09T18:53:41.384">
  <trace-info objectcount="600489" scancount="521376" scanbytes="13382072" />
  <finalization candidates="80" enqueued="0" />
  <ownableSynchronizers candidates="21" cleared="0" />
  <references type="soft" candidates="3261" cleared="0" enqueued="0" dynamicThreshold="11" maxThreshold="32" />
  <references type="weak" candidates="5570" cleared="0" enqueued="0" />
  <references type="phantom" candidates="97" cleared="0" enqueued="0" />
  <stringconstants candidates="13595" cleared="0"  />
</gc-op>
<gc-op id="2517" type="sweep" timems="2.047" contextid="2513" timestamp="2019-08-09T18:53:41.387" />
<mem-info id="2518" free="10860288" total="28835840" percent="37">
  <mem type="tenure" free="10860288" total="28835840" percent="37" micro-fragmented="0" macro-fragmented="0">
    <mem type="soa" free="10572544" total="28548096" percent="37" />
    <mem type="loa" free="287744" total="287744" percent="100" />
  </mem>
</mem-info>
<gc-op id="2519" type="compact" timems="27.001" contextid="2513" timestamp="2019-08-09T18:53:41.414">
  <compact-info movecount="2" movebytes="56" reason="compact to aid heap contraction" />
</gc-op>
<heap-resize id="2520" type="expand" space="tenure" amount="131072" count="1" timems="0.018" reason="satisfy allocation request" timestamp="2019-08-09T18:53:41.414" />
<gc-end id="2521" type="global" contextid="2513" durationms="40.476" usertimems="97.362" systemtimems="0.000" timestamp="2019-08-09T18:53:41.414" activeThreads="16">
  <mem-info id="2522" free="10925936" total="28966912" percent="37">
    <mem type="tenure" free="10925936" total="28966912" percent="37">
      <mem type="soa" free="10637168" total="28678144" percent="37" />
      <mem type="loa" free="288768" total="288768" percent="100" />
    </mem>
  </mem-info>
</gc-end>
<cycle-end id="2523" type="global" contextid="2513" timestamp="2019-08-09T18:53:41.414" />
  <attribute name="elasticGC enabled" value="1" />
  <attribute name= "numThreadsSpecified" value="16" />
  <attribute name="heapSize specified" value="28835840" />
  <attribute name="Current GC Util" value="42" />
  <attribute name= "Current Time Running" value="161357" />
  <attribute name ="GC Interval" value="0" />
  <attribute name="Target GC Util Change" value ="80.000000" />
  <attribute name="Current GC Util Change" value="42.000000"/>
  <attribute name="Current Error" value="-1013.000000" />
  <attribute name="Output H" value="28910352"/>
  <attribute name="Output I" value="840"/>
  <attribute name="Output T" value="16"/>
  <attribute name= "Current Time Running" value="161357" />
  <attribute name="GC Util currently" value="42" />
  <attribute name="CPU Util currently" value="42658122544" />
<allocation-satisfied id="2524" threadId="00000000023ECF00" bytesRequested="1168" />
<af-end id="2525" timestamp="2019-08-09T18:53:41.414" threadId="00000000023ED888" success="true" />
<exclusive-end id="2526" timestamp="2019-08-09T18:53:41.414" durationms="40.711" />

<exclusive-start id="2527" timestamp="2019-08-09T18:53:41.417" intervalms="43.711">
  <response-info timems="0.055" idlems="0.055" threads="0" lastid="00000000023ECF00" lastname="main" />
</exclusive-start>
<af-start id="2528" threadId="00000000023ED888" totalBytesRequested="1168" timestamp="2019-08-09T18:53:41.417" intervalms="43.682" />
<cycle-start id="2529" type="global" contextid="0" timestamp="2019-08-09T18:53:41.417" intervalms="43.682" />
<gc-start id="2530" type="global" contextid="2529" timestamp="2019-08-09T18:53:41.417">
  <mem-info id="2531" free="288768" total="28966912" percent="0">
    <mem type="tenure" free="288768" total="28966912" percent="0">
      <mem type="soa" free="0" total="28678144" percent="0" />
      <mem type="loa" free="288768" total="288768" percent="100" />
    </mem>
  </mem-info>
</gc-start>
<allocation-stats totalBytes="10664648" >
  <allocated-bytes non-tlh="0" tlh="10664648" />
  <largest-consumer threadName="main" threadId="00000000023ECF00" bytes="10664648" />
</allocation-stats>
<gc-op id="2532" type="mark" timems="14.635" contextid="2529" timestamp="2019-08-09T18:53:41.432">
  <trace-info objectcount="600489" scancount="521378" scanbytes="13382072" />
  <finalization candidates="80" enqueued="0" />
  <ownableSynchronizers candidates="21" cleared="0" />
  <references type="soft" candidates="3261" cleared="0" enqueued="0" dynamicThreshold="12" maxThreshold="32" />
  <references type="weak" candidates="5570" cleared="0" enqueued="0" />
  <references type="phantom" candidates="97" cleared="0" enqueued="0" />
  <stringconstants candidates="13595" cleared="0"  />
</gc-op>
<gc-op id="2533" type="sweep" timems="1.916" contextid="2529" timestamp="2019-08-09T18:53:41.434" />
<mem-info id="2534" free="10991152" total="28966912" percent="37">
  <mem type="tenure" free="10991152" total="28966912" percent="37" micro-fragmented="0" macro-fragmented="0">
    <mem type="soa" free="10702384" total="28678144" percent="37" />
    <mem type="loa" free="288768" total="288768" percent="100" />
  </mem>
</mem-info>
<gc-op id="2535" type="compact" timems="29.983" contextid="2529" timestamp="2019-08-09T18:53:41.464">
  <compact-info movecount="2" movebytes="56" reason="compact to aid heap contraction" />
</gc-op>
<heap-resize id="2536" type="expand" space="tenure" amount="131072" count="1" timems="0.016" reason="satisfy allocation request" timestamp="2019-08-09T18:53:41.465" />
<gc-end id="2537" type="global" contextid="2529" durationms="47.817" usertimems="129.984" systemtimems="0.000" timestamp="2019-08-09T18:53:41.465" activeThreads="16">
  <mem-info id="2538" free="11057008" total="29097984" percent="37">
    <mem type="tenure" free="11057008" total="29097984" percent="37">
      <mem type="soa" free="10766192" total="28807168" percent="37" />
      <mem type="loa" free="290816" total="290816" percent="100" />
    </mem>
  </mem-info>
</gc-end>
<cycle-end id="2539" type="global" contextid="2529" timestamp="2019-08-09T18:53:41.465" />
  <attribute name="elasticGC enabled" value="1" />
  <attribute name= "numThreadsSpecified" value="16" />
  <attribute name="heapSize specified" value="28966912" />
  <attribute name="Current GC Util" value="33" />
  <attribute name= "Current Time Running" value="161408" />
  <attribute name ="GC Interval" value="0" />
  <attribute name="Target GC Util Change" value ="80.000000" />
  <attribute name="Current GC Util Change" value="33.000000"/>
  <attribute name="Current Error" value="-486.000000" />
  <attribute name="Output H" value="29042032"/>
  <attribute name="Output I" value="1448"/>
  <attribute name="Output T" value="16"/>
  <attribute name= "Current Time Running" value="161408" />
  <attribute name="GC Util currently" value="33" />
  <attribute name="CPU Util currently" value="38404106313" />
<allocation-satisfied id="2540" threadId="00000000023ECF00" bytesRequested="1168" />
<af-end id="2541" timestamp="2019-08-09T18:53:41.465" threadId="00000000023ED888" success="true" />
<exclusive-end id="2542" timestamp="2019-08-09T18:53:41.465" durationms="48.006" />

<exclusive-start id="2543" timestamp="2019-08-09T18:53:41.471" intervalms="53.437">
  <response-info timems="0.074" idlems="0.074" threads="0" lastid="00000000023ECF00" lastname="main" />
</exclusive-start>
<af-start id="2544" threadId="00000000023ED888" totalBytesRequested="1168" timestamp="2019-08-09T18:53:41.471" intervalms="53.470" />
<cycle-start id="2545" type="global" contextid="0" timestamp="2019-08-09T18:53:41.471" intervalms="53.470" />
<gc-start id="2546" type="global" contextid="2545" timestamp="2019-08-09T18:53:41.471">
  <mem-info id="2547" free="290816" total="29097984" percent="0">
    <mem type="tenure" free="290816" total="29097984" percent="0">
      <mem type="soa" free="0" total="28807168" percent="0" />
      <mem type="loa" free="290816" total="290816" percent="100" />
    </mem>
  </mem-info>
</gc-start>
<allocation-stats totalBytes="10792848" >
  <allocated-bytes non-tlh="0" tlh="10792848" />
  <largest-consumer threadName="main" threadId="00000000023ECF00" bytes="10792848" />
</allocation-stats>
<gc-op id="2548" type="mark" timems="16.937" contextid="2545" timestamp="2019-08-09T18:53:41.488">
  <trace-info objectcount="600489" scancount="521378" scanbytes="13382072" />
  <finalization candidates="80" enqueued="0" />
  <ownableSynchronizers candidates="21" cleared="0" />
  <references type="soft" candidates="3261" cleared="0" enqueued="0" dynamicThreshold="12" maxThreshold="32" />
  <references type="weak" candidates="5570" cleared="0" enqueued="0" />
  <references type="phantom" candidates="97" cleared="0" enqueued="0" />
  <stringconstants candidates="13595" cleared="0"  />
</gc-op>
<gc-op id="2549" type="sweep" timems="2.060" contextid="2545" timestamp="2019-08-09T18:53:41.490" />
<mem-info id="2550" free="11121808" total="29097984" percent="38">
  <mem type="tenure" free="11121808" total="29097984" percent="38" micro-fragmented="0" macro-fragmented="0">
    <mem type="soa" free="10830992" total="28807168" percent="37" />
    <mem type="loa" free="290816" total="290816" percent="100" />
  </mem>
</mem-info>
<gc-op id="2551" type="compact" timems="25.884" contextid="2545" timestamp="2019-08-09T18:53:41.516">
  <compact-info movecount="2" movebytes="56" reason="compact to aid heap contraction" />
</gc-op>
<heap-resize id="2552" type="expand" space="tenure" amount="131072" count="1" timems="0.022" reason="satisfy allocation request" timestamp="2019-08-09T18:53:41.517" />
<gc-end id="2553" type="global" contextid="2545" durationms="45.725" usertimems="93.088" systemtimems="0.000" timestamp="2019-08-09T18:53:41.517" activeThreads="16">
  <mem-info id="2554" free="11188080" total="29229056" percent="38">
    <mem type="tenure" free="11188080" total="29229056" percent="38">
      <mem type="soa" free="10896240" total="28937216" percent="37" />
      <mem type="loa" free="291840" total="291840" percent="100" />
    </mem>
  </mem-info>
</gc-end>
<cycle-end id="2555" type="global" contextid="2545" timestamp="2019-08-09T18:53:41.517" />
  <attribute name="elasticGC enabled" value="1" />
  <attribute name= "numThreadsSpecified" value="16" />
  <attribute name="heapSize specified" value="29097984" />
  <attribute name="Current GC Util" value="43" />
  <attribute name= "Current Time Running" value="161460" />
  <attribute name ="GC Interval" value="0" />
  <attribute name="Target GC Util Change" value ="80.000000" />
  <attribute name="Current GC Util Change" value="43.000000"/>
  <attribute name="Current Error" value="37.000000" />
  <attribute name="Output H" value="29173712"/>
  <attribute name="Output I" value="2056"/>
  <attribute name="Output T" value="16"/>
  <attribute name= "Current Time Running" value="161460" />
  <attribute name="GC Util currently" value="43" />
  <attribute name="CPU Util currently" value="44480560993" />
<allocation-satisfied id="2556" threadId="00000000023ECF00" bytesRequested="1168" />
<af-end id="2557" timestamp="2019-08-09T18:53:41.517" threadId="00000000023ED888" success="true" />
<exclusive-end id="2558" timestamp="2019-08-09T18:53:41.517" durationms="45.963" />

<exclusive-start id="2559" timestamp="2019-08-09T18:53:41.520" intervalms="49.583">
  <response-info timems="0.018" idlems="0.018" threads="0" lastid="00000000023ECF00" lastname="main" />
</exclusive-start>
<af-start id="2560" threadId="00000000023ED888" totalBytesRequested="1168" timestamp="2019-08-09T18:53:41.520" intervalms="49.557" />
<cycle-start id="2561" type="global" contextid="0" timestamp="2019-08-09T18:53:41.520" intervalms="49.558" />
<gc-start id="2562" type="global" contextid="2561" timestamp="2019-08-09T18:53:41.521">
  <mem-info id="2563" free="291840" total="29229056" percent="0">
    <mem type="tenure" free="291840" total="29229056" percent="0">
      <mem type="soa" free="0" total="28937216" percent="0" />
      <mem type="loa" free="291840" total="291840" percent="100" />
    </mem>
  </mem-info>
</gc-start>
<allocation-stats totalBytes="10922232" >
  <allocated-bytes non-tlh="0" tlh="10922232" />
  <largest-consumer threadName="main" threadId="00000000023ECF00" bytes="10922232" />
</allocation-stats>
<gc-op id="2564" type="mark" timems="18.522" contextid="2561" timestamp="2019-08-09T18:53:41.539">
  <trace-info objectcount="600489" scancount="521383" scanbytes="13382072" />
  <finalization candidates="80" enqueued="0" />
  <ownableSynchronizers candidates="21" cleared="0" />
  <references type="soft" candidates="3261" cleared="0" enqueued="0" dynamicThreshold="12" maxThreshold="32" />
  <references type="weak" candidates="5570" cleared="0" enqueued="0" />
  <references type="phantom" candidates="97" cleared="0" enqueued="0" />
  <stringconstants candidates="13595" cleared="0"  />
</gc-op>
<gc-op id="2565" type="sweep" timems="1.999" contextid="2561" timestamp="2019-08-09T18:53:41.541" />
<mem-info id="2566" free="11253616" total="29229056" percent="38">
  <mem type="tenure" free="11253616" total="29229056" percent="38" micro-fragmented="0" macro-fragmented="0">
    <mem type="soa" free="10961776" total="28937216" percent="37" />
    <mem type="loa" free="291840" total="291840" percent="100" />
  </mem>
</mem-info>
<gc-op id="2567" type="compact" timems="24.986" contextid="2561" timestamp="2019-08-09T18:53:41.566">
  <compact-info movecount="2" movebytes="56" reason="compact to aid heap contraction" />
</gc-op>
<heap-resize id="2568" type="expand" space="tenure" amount="131072" count="1" timems="0.019" reason="satisfy allocation request" timestamp="2019-08-09T18:53:41.567" />
<gc-end id="2569" type="global" contextid="2561" durationms="46.441" usertimems="152.890" systemtimems="0.000" timestamp="2019-08-09T18:53:41.567" activeThreads="16">
  <mem-info id="2570" free="11319152" total="29360128" percent="38">
    <mem type="tenure" free="11319152" total="29360128" percent="38">
      <mem type="soa" free="11026288" total="29067264" percent="37" />
      <mem type="loa" free="292864" total="292864" percent="100" />
    </mem>
  </mem-info>
</gc-end>
<cycle-end id="2571" type="global" contextid="2561" timestamp="2019-08-09T18:53:41.567" />
  <attribute name="elasticGC enabled" value="1" />
  <attribute name= "numThreadsSpecified" value="16" />
  <attribute name="heapSize specified" value="29229056" />
  <attribute name="Current GC Util" value="62" />
  <attribute name= "Current Time Running" value="161510" />
  <attribute name ="GC Interval" value="0" />
  <attribute name="Target GC Util Change" value ="80.000000" />
  <attribute name="Current GC Util Change" value="62.000000"/>
  <attribute name="Current Error" value="-1085.000000" />
  <attribute name="Output H" value="29303488"/>
  <attribute name="Output I" value="760"/>
  <attribute name="Output T" value="16"/>
  <attribute name= "Current Time Running" value="161510" />
  <attribute name="GC Util currently" value="62" />
  <attribute name="CPU Util currently" value="46055737030" />
<allocation-satisfied id="2572" threadId="00000000023ECF00" bytesRequested="1168" />
<af-end id="2573" timestamp="2019-08-09T18:53:41.567" threadId="00000000023ED888" success="true" />
<exclusive-end id="2574" timestamp="2019-08-09T18:53:41.567" durationms="46.687" />

<exclusive-start id="2575" timestamp="2019-08-09T18:53:41.570" intervalms="49.760">
  <response-info timems="0.027" idlems="0.027" threads="0" lastid="00000000023ECF00" lastname="main" />
</exclusive-start>
<af-start id="2576" threadId="00000000023ED888" totalBytesRequested="1168" timestamp="2019-08-09T18:53:41.570" intervalms="49.759" />
<cycle-start id="2577" type="global" contextid="0" timestamp="2019-08-09T18:53:41.570" intervalms="49.758" />
<gc-start id="2578" type="global" contextid="2577" timestamp="2019-08-09T18:53:41.570">
  <mem-info id="2579" free="292864" total="29360128" percent="0">
    <mem type="tenure" free="292864" total="29360128" percent="0">
      <mem type="soa" free="0" total="29067264" percent="0" />
      <mem type="loa" free="292864" total="292864" percent="100" />
    </mem>
  </mem-info>
</gc-start>
<allocation-stats totalBytes="11051640" >
  <allocated-bytes non-tlh="0" tlh="11051640" />
  <largest-consumer threadName="main" threadId="00000000023ECF00" bytes="11051640" />
</allocation-stats>
<gc-op id="2580" type="mark" timems="16.129" contextid="2577" timestamp="2019-08-09T18:53:41.586">
  <trace-info objectcount="600489" scancount="521377" scanbytes="13382072" />
  <finalization candidates="80" enqueued="0" />
  <ownableSynchronizers candidates="21" cleared="0" />
  <references type="soft" candidates="3261" cleared="0" enqueued="0" dynamicThreshold="12" maxThreshold="32" />
  <references type="weak" candidates="5570" cleared="0" enqueued="0" />
  <references type="phantom" candidates="97" cleared="0" enqueued="0" />
  <stringconstants candidates="13595" cleared="0"  />
</gc-op>
<gc-op id="2581" type="sweep" timems="1.964" contextid="2577" timestamp="2019-08-09T18:53:41.588" />
<mem-info id="2582" free="11384688" total="29360128" percent="38">
  <mem type="tenure" free="11384688" total="29360128" percent="38" micro-fragmented="0" macro-fragmented="0">
    <mem type="soa" free="11091824" total="29067264" percent="38" />
    <mem type="loa" free="292864" total="292864" percent="100" />
  </mem>
</mem-info>
<gc-op id="2583" type="compact" timems="24.195" contextid="2577" timestamp="2019-08-09T18:53:41.613">
  <compact-info movecount="2" movebytes="56" reason="compact to aid heap contraction" />
</gc-op>
<heap-resize id="2584" type="expand" space="tenure" amount="131072" count="1" timems="0.020" reason="satisfy allocation request" timestamp="2019-08-09T18:53:41.613" />
<gc-end id="2585" type="global" contextid="2577" durationms="43.108" usertimems="121.912" systemtimems="0.000" timestamp="2019-08-09T18:53:41.613" activeThreads="16">
  <mem-info id="2586" free="11450224" total="29491200" percent="38">
    <mem type="tenure" free="11450224" total="29491200" percent="38">
      <mem type="soa" free="11155312" total="29196288" percent="38" />
      <mem type="loa" free="294912" total="294912" percent="100" />
    </mem>
  </mem-info>
</gc-end>
<cycle-end id="2587" type="global" contextid="2577" timestamp="2019-08-09T18:53:41.613" />
  <attribute name="elasticGC enabled" value="1" />
  <attribute name= "numThreadsSpecified" value="16" />
  <attribute name="heapSize specified" value="29360128" />
  <attribute name="Current GC Util" value="36" />
  <attribute name= "Current Time Running" value="161557" />
  <attribute name ="GC Interval" value="0" />
  <attribute name="Target GC Util Change" value ="80.000000" />
  <attribute name="Current GC Util Change" value="36.000000"/>
  <attribute name="Current Error" value="-424.000000" />
  <attribute name="Output H" value="29435320"/>
  <attribute name="Output I" value="1520"/>
  <attribute name="Output T" value="16"/>
  <attribute name= "Current Time Running" value="161557" />
  <attribute name="GC Util currently" value="36" />
  <attribute name="CPU Util currently" value="47568842278" />
<allocation-satisfied id="2588" threadId="00000000023ECF00" bytesRequested="1168" />
<af-end id="2589" timestamp="2019-08-09T18:53:41.613" threadId="00000000023ED888" success="true" />
<exclusive-end id="2590" timestamp="2019-08-09T18:53:41.613" durationms="43.322" />

<exclusive-start id="2591" timestamp="2019-08-09T18:53:41.617" intervalms="46.674">
  <response-info timems="0.064" idlems="0.064" threads="0" lastid="00000000023ECF00" lastname="main" />
</exclusive-start>
<af-start id="2592" threadId="00000000023ED888" totalBytesRequested="1168" timestamp="2019-08-09T18:53:41.617" intervalms="46.689" />
<cycle-start id="2593" type="global" contextid="0" timestamp="2019-08-09T18:53:41.617" intervalms="46.702" />
<gc-start id="2594" type="global" contextid="2593" timestamp="2019-08-09T18:53:41.617">
  <mem-info id="2595" free="294912" total="29491200" percent="1">
    <mem type="tenure" free="294912" total="29491200" percent="1">
      <mem type="soa" free="0" total="29196288" percent="0" />
      <mem type="loa" free="294912" total="294912" percent="100" />
    </mem>
  </mem-info>
</gc-start>
<allocation-stats totalBytes="11181072" >
  <allocated-bytes non-tlh="0" tlh="11181072" />
  <largest-consumer threadName="main" threadId="00000000023ECF00" bytes="11181072" />
</allocation-stats>
<gc-op id="2596" type="mark" timems="13.106" contextid="2593" timestamp="2019-08-09T18:53:41.630">
  <trace-info objectcount="600489" scancount="521378" scanbytes="13382072" />
  <finalization candidates="80" enqueued="0" />
  <ownableSynchronizers candidates="21" cleared="0" />
  <references type="soft" candidates="3261" cleared="0" enqueued="0" dynamicThreshold="12" maxThreshold="32" />
  <references type="weak" candidates="5570" cleared="0" enqueued="0" />
  <references type="phantom" candidates="97" cleared="0" enqueued="0" />
  <stringconstants candidates="13595" cleared="0"  />
</gc-op>
<gc-op id="2597" type="sweep" timems="5.571" contextid="2593" timestamp="2019-08-09T18:53:41.636" />
<mem-info id="2598" free="11515424" total="29491200" percent="39">
  <mem type="tenure" free="11515424" total="29491200" percent="39" micro-fragmented="0" macro-fragmented="0">
    <mem type="soa" free="11220512" total="29196288" percent="38" />
    <mem type="loa" free="294912" total="294912" percent="100" />
  </mem>
</mem-info>
<gc-op id="2599" type="compact" timems="34.464" contextid="2593" timestamp="2019-08-09T18:53:41.670">
  <compact-info movecount="2" movebytes="56" reason="compact to aid heap contraction" />
</gc-op>
<heap-resize id="2600" type="expand" space="tenure" amount="131072" count="1" timems="0.017" reason="satisfy allocation request" timestamp="2019-08-09T18:53:41.671" />
<gc-end id="2601" type="global" contextid="2593" durationms="54.131" usertimems="108.546" systemtimems="0.000" timestamp="2019-08-09T18:53:41.671" activeThreads="16">
  <mem-info id="2602" free="11581296" total="29622272" percent="39">
    <mem type="tenure" free="11581296" total="29622272" percent="39">
      <mem type="soa" free="11285360" total="29326336" percent="38" />
      <mem type="loa" free="295936" total="295936" percent="100" />
    </mem>
  </mem-info>
</gc-end>
<cycle-end id="2603" type="global" contextid="2593" timestamp="2019-08-09T18:53:41.671" />
  <attribute name="elasticGC enabled" value="1" />
  <attribute name= "numThreadsSpecified" value="16" />
  <attribute name="heapSize specified" value="29491200" />
  <attribute name="Current GC Util" value="39" />
  <attribute name= "Current Time Running" value="161614" />
  <attribute name ="GC Interval" value="0" />
  <attribute name="Target GC Util Change" value ="80.000000" />
  <attribute name="Current GC Util Change" value="39.000000"/>
  <attribute name="Current Error" value="41.000000" />
  <attribute name="Output H" value="29566928"/>
  <attribute name="Output I" value="2056"/>
  <attribute name="Output T" value="16"/>
  <attribute name= "Current Time Running" value="161614" />
  <attribute name="GC Util currently" value="39" />
  <attribute name="CPU Util currently" value="33426235869" />
<allocation-satisfied id="2604" threadId="00000000023ECF00" bytesRequested="1168" />
<af-end id="2605" timestamp="2019-08-09T18:53:41.671" threadId="00000000023ED888" success="true" />
<exclusive-end id="2606" timestamp="2019-08-09T18:53:41.671" durationms="54.393" />

<exclusive-start id="2607" timestamp="2019-08-09T18:53:41.676" intervalms="59.500">
  <response-info timems="0.044" idlems="0.044" threads="0" lastid="00000000023ECF00" lastname="main" />
</exclusive-start>
<af-start id="2608" threadId="00000000023ED888" totalBytesRequested="1168" timestamp="2019-08-09T18:53:41.676" intervalms="59.502" />
<cycle-start id="2609" type="global" contextid="0" timestamp="2019-08-09T18:53:41.676" intervalms="59.498" />
<gc-start id="2610" type="global" contextid="2609" timestamp="2019-08-09T18:53:41.676">
  <mem-info id="2611" free="295936" total="29622272" percent="0">
    <mem type="tenure" free="295936" total="29622272" percent="0">
      <mem type="soa" free="0" total="29326336" percent="0" />
      <mem type="loa" free="295936" total="295936" percent="100" />
    </mem>
  </mem-info>
</gc-start>
<allocation-stats totalBytes="11310456" >
  <allocated-bytes non-tlh="0" tlh="11310456" />
  <largest-consumer threadName="main" threadId="00000000023ECF00" bytes="11310456" />
</allocation-stats>
<gc-op id="2612" type="mark" timems="11.719" contextid="2609" timestamp="2019-08-09T18:53:41.688">
  <trace-info objectcount="600489" scancount="521376" scanbytes="13382072" />
  <finalization candidates="80" enqueued="0" />
  <ownableSynchronizers candidates="21" cleared="0" />
  <references type="soft" candidates="3261" cleared="0" enqueued="0" dynamicThreshold="12" maxThreshold="32" />
  <references type="weak" candidates="5570" cleared="0" enqueued="0" />
  <references type="phantom" candidates="97" cleared="0" enqueued="0" />
  <stringconstants candidates="13595" cleared="0"  />
</gc-op>
<gc-op id="2613" type="sweep" timems="1.636" contextid="2609" timestamp="2019-08-09T18:53:41.690" />
<mem-info id="2614" free="11646288" total="29622272" percent="39">
  <mem type="tenure" free="11646288" total="29622272" percent="39" micro-fragmented="0" macro-fragmented="0">
    <mem type="soa" free="11350352" total="29326336" percent="38" />
    <mem type="loa" free="295936" total="295936" percent="100" />
  </mem>
</mem-info>
<gc-op id="2615" type="compact" timems="29.692" contextid="2609" timestamp="2019-08-09T18:53:41.720">
  <compact-info movecount="2" movebytes="56" reason="compact to aid heap contraction" />
</gc-op>
<heap-resize id="2616" type="expand" space="tenure" amount="131072" count="1" timems="0.018" reason="satisfy allocation request" timestamp="2019-08-09T18:53:41.720" />
<gc-end id="2617" type="global" contextid="2609" durationms="44.030" usertimems="110.418" systemtimems="0.000" timestamp="2019-08-09T18:53:41.721" activeThreads="16">
  <mem-info id="2618" free="11712368" total="29753344" percent="39">
    <mem type="tenure" free="11712368" total="29753344" percent="39">
      <mem type="soa" free="11415408" total="29456384" percent="38" />
      <mem type="loa" free="296960" total="296960" percent="100" />
    </mem>
  </mem-info>
</gc-end>
<cycle-end id="2619" type="global" contextid="2609" timestamp="2019-08-09T18:53:41.721" />
  <attribute name="elasticGC enabled" value="1" />
  <attribute name= "numThreadsSpecified" value="16" />
  <attribute name="heapSize specified" value="29622272" />
  <attribute name="Current GC Util" value="54" />
  <attribute name= "Current Time Running" value="161664" />
  <attribute name ="GC Interval" value="0" />
  <attribute name="Target GC Util Change" value ="80.000000" />
  <attribute name="Current GC Util Change" value="54.000000"/>
  <attribute name="Current Error" value="-948.000000" />
  <attribute name="Output H" value="29696864"/>
  <attribute name="Output I" value="920"/>
  <attribute name="Output T" value="16"/>
  <attribute name= "Current Time Running" value="161664" />
  <attribute name="GC Util currently" value="54" />
  <attribute name="CPU Util currently" value="38781902061" />
<allocation-satisfied id="2620" threadId="00000000023ECF00" bytesRequested="1168" />
<af-end id="2621" timestamp="2019-08-09T18:53:41.721" threadId="00000000023ED888" success="true" />
<exclusive-end id="2622" timestamp="2019-08-09T18:53:41.721" durationms="44.254" />

<exclusive-start id="2623" timestamp="2019-08-09T18:53:41.724" intervalms="47.508">
  <response-info timems="0.016" idlems="0.016" threads="0" lastid="00000000023ECF00" lastname="main" />
</exclusive-start>
<af-start id="2624" threadId="00000000023ED888" totalBytesRequested="1168" timestamp="2019-08-09T18:53:41.724" intervalms="47.510" />
<cycle-start id="2625" type="global" contextid="0" timestamp="2019-08-09T18:53:41.724" intervalms="47.500" />
<gc-start id="2626" type="global" contextid="2625" timestamp="2019-08-09T18:53:41.724">
  <mem-info id="2627" free="296960" total="29753344" percent="0">
    <mem type="tenure" free="296960" total="29753344" percent="0">
      <mem type="soa" free="0" total="29456384" percent="0" />
      <mem type="loa" free="296960" total="296960" percent="100" />
    </mem>
  </mem-info>
</gc-start>
<allocation-stats totalBytes="11439888" >
  <allocated-bytes non-tlh="0" tlh="11439888" />
  <largest-consumer threadName="main" threadId="00000000023ECF00" bytes="11439888" />
</allocation-stats>
<gc-op id="2628" type="mark" timems="9.180" contextid="2625" timestamp="2019-08-09T18:53:41.733">
  <trace-info objectcount="600489" scancount="521376" scanbytes="13382072" />
  <finalization candidates="80" enqueued="0" />
  <ownableSynchronizers candidates="21" cleared="0" />
  <references type="soft" candidates="3261" cleared="0" enqueued="0" dynamicThreshold="12" maxThreshold="32" />
  <references type="weak" candidates="5570" cleared="0" enqueued="0" />
  <references type="phantom" candidates="97" cleared="0" enqueued="0" />
  <stringconstants candidates="13595" cleared="0"  />
</gc-op>
<gc-op id="2629" type="sweep" timems="2.417" contextid="2625" timestamp="2019-08-09T18:53:41.736" />
<mem-info id="2630" free="11777152" total="29753344" percent="39">
  <mem type="tenure" free="11777152" total="29753344" percent="39" micro-fragmented="0" macro-fragmented="0">
    <mem type="soa" free="11480192" total="29456384" percent="38" />
    <mem type="loa" free="296960" total="296960" percent="100" />
  </mem>
</mem-info>
<gc-op id="2631" type="compact" timems="25.519" contextid="2625" timestamp="2019-08-09T18:53:41.761">
  <compact-info movecount="2" movebytes="56" reason="compact to aid heap contraction" />
</gc-op>
<heap-resize id="2632" type="expand" space="tenure" amount="131072" count="1" timems="0.018" reason="satisfy allocation request" timestamp="2019-08-09T18:53:41.762" />
<gc-end id="2633" type="global" contextid="2625" durationms="38.109" usertimems="94.643" systemtimems="0.000" timestamp="2019-08-09T18:53:41.762" activeThreads="16">
  <mem-info id="2634" free="11843440" total="29884416" percent="39">
    <mem type="tenure" free="11843440" total="29884416" percent="39">
      <mem type="soa" free="11545456" total="29586432" percent="39" />
      <mem type="loa" free="297984" total="297984" percent="100" />
    </mem>
  </mem-info>
</gc-end>
<cycle-end id="2635" type="global" contextid="2625" timestamp="2019-08-09T18:53:41.762" />
  <attribute name="elasticGC enabled" value="1" />
  <attribute name= "numThreadsSpecified" value="16" />
  <attribute name="heapSize specified" value="29753344" />
  <attribute name="Current GC Util" value="51" />
  <attribute name= "Current Time Running" value="161705" />
  <attribute name ="GC Interval" value="0" />
  <attribute name="Target GC Util Change" value ="80.000000" />
  <attribute name="Current GC Util Change" value="51.000000"/>
  <attribute name="Current Error" value="-508.000000" />
  <attribute name="Output H" value="29828440"/>
  <attribute name="Output I" value="1424"/>
  <attribute name="Output T" value="16"/>
  <attribute name= "Current Time Running" value="161705" />
  <attribute name="GC Util currently" value="51" />
  <attribute name="CPU Util currently" value="45129417691" />
<allocation-satisfied id="2636" threadId="00000000023ECF00" bytesRequested="1168" />
<af-end id="2637" timestamp="2019-08-09T18:53:41.762" threadId="00000000023ED888" success="true" />
<exclusive-end id="2638" timestamp="2019-08-09T18:53:41.762" durationms="38.304" />

<exclusive-start id="2639" timestamp="2019-08-09T18:53:41.765" intervalms="41.558">
  <response-info timems="0.032" idlems="0.032" threads="0" lastid="00000000023ECF00" lastname="main" />
</exclusive-start>
<af-start id="2640" threadId="00000000023ED888" totalBytesRequested="1168" timestamp="2019-08-09T18:53:41.765" intervalms="41.536" />
<cycle-start id="2641" type="global" contextid="0" timestamp="2019-08-09T18:53:41.765" intervalms="41.537" />
<gc-start id="2642" type="global" contextid="2641" timestamp="2019-08-09T18:53:41.766">
  <mem-info id="2643" free="297984" total="29884416" percent="0">
    <mem type="tenure" free="297984" total="29884416" percent="0">
      <mem type="soa" free="0" total="29586432" percent="0" />
      <mem type="loa" free="297984" total="297984" percent="100" />
    </mem>
  </mem-info>
</gc-start>
<allocation-stats totalBytes="11569272" >
  <allocated-bytes non-tlh="0" tlh="11569272" />
  <largest-consumer threadName="main" threadId="00000000023ECF00" bytes="11569272" />
</allocation-stats>
<gc-op id="2644" type="mark" timems="10.027" contextid="2641" timestamp="2019-08-09T18:53:41.776">
  <trace-info objectcount="600489" scancount="521370" scanbytes="13382072" />
  <finalization candidates="80" enqueued="0" />
  <ownableSynchronizers candidates="21" cleared="0" />
  <references type="soft" candidates="3261" cleared="0" enqueued="0" dynamicThreshold="12" maxThreshold="32" />
  <references type="weak" candidates="5570" cleared="0" enqueued="0" />
  <references type="phantom" candidates="97" cleared="0" enqueued="0" />
  <stringconstants candidates="13595" cleared="0"  />
</gc-op>
<gc-op id="2645" type="sweep" timems="1.596" contextid="2641" timestamp="2019-08-09T18:53:41.777" />
<mem-info id="2646" free="11908976" total="29884416" percent="39">
  <mem type="tenure" free="11908976" total="29884416" percent="39" micro-fragmented="0" macro-fragmented="0">
    <mem type="soa" free="11610992" total="29586432" percent="39" />
    <mem type="loa" free="297984" total="297984" percent="100" />
  </mem>
</mem-info>
<gc-op id="2647" type="compact" timems="33.316" contextid="2641" timestamp="2019-08-09T18:53:41.811">
  <compact-info movecount="2" movebytes="56" reason="compact to aid heap contraction" />
</gc-op>
<heap-resize id="2648" type="expand" space="tenure" amount="131072" count="1" timems="0.023" reason="satisfy allocation request" timestamp="2019-08-09T18:53:41.811" />
<gc-end id="2649" type="global" contextid="2641" durationms="45.796" usertimems="111.299" systemtimems="0.000" timestamp="2019-08-09T18:53:41.811" activeThreads="16">
  <mem-info id="2650" free="11974512" total="30015488" percent="39">
    <mem type="tenure" free="11974512" total="30015488" percent="39">
      <mem type="soa" free="11674480" total="29715456" percent="39" />
      <mem type="loa" free="300032" total="300032" percent="100" />
    </mem>
  </mem-info>
</gc-end>
<cycle-end id="2651" type="global" contextid="2641" timestamp="2019-08-09T18:53:41.811" />
  <attribute name="elasticGC enabled" value="1" />
  <attribute name= "numThreadsSpecified" value="16" />
  <attribute name="heapSize specified" value="29884416" />
  <attribute name="Current GC Util" value="37" />
  <attribute name= "Current Time Running" value="161754" />
  <attribute name ="GC Interval" value="0" />
  <attribute name="Target GC Util Change" value ="80.000000" />
  <attribute name="Current GC Util Change" value="37.000000"/>
  <attribute name="Current Error" value="43.000000" />
  <attribute name="Output H" value="29960152"/>
  <attribute name="Output I" value="2064"/>
  <attribute name="Output T" value="16"/>
  <attribute name= "Current Time Running" value="161754" />
  <attribute name="GC Util currently" value="37" />
  <attribute name="CPU Util currently" value="34556558447" />
<allocation-satisfied id="2652" threadId="00000000023ECF00" bytesRequested="1168" />
<af-end id="2653" timestamp="2019-08-09T18:53:41.811" threadId="00000000023ED888" success="true" />
<exclusive-end id="2654" timestamp="2019-08-09T18:53:41.811" durationms="45.992" />

<exclusive-start id="2655" timestamp="2019-08-09T18:53:41.816" intervalms="50.810">
  <response-info timems="0.055" idlems="0.055" threads="0" lastid="00000000023ECF00" lastname="main" />
</exclusive-start>
<af-start id="2656" threadId="00000000023ED888" totalBytesRequested="1168" timestamp="2019-08-09T18:53:41.816" intervalms="50.814" />
<cycle-start id="2657" type="global" contextid="0" timestamp="2019-08-09T18:53:41.816" intervalms="50.819" />
<gc-start id="2658" type="global" contextid="2657" timestamp="2019-08-09T18:53:41.816">
  <mem-info id="2659" free="300032" total="30015488" percent="0">
    <mem type="tenure" free="300032" total="30015488" percent="0">
      <mem type="soa" free="0" total="29715456" percent="0" />
      <mem type="loa" free="300032" total="300032" percent="100" />
    </mem>
  </mem-info>
</gc-start>
<allocation-stats totalBytes="11698704" >
  <allocated-bytes non-tlh="0" tlh="11698704" />
  <largest-consumer threadName="main" threadId="00000000023ECF00" bytes="11698704" />
</allocation-stats>
<gc-op id="2660" type="mark" timems="9.724" contextid="2657" timestamp="2019-08-09T18:53:41.826">
  <trace-info objectcount="600489" scancount="521371" scanbytes="13382072" />
  <finalization candidates="80" enqueued="0" />
  <ownableSynchronizers candidates="21" cleared="0" />
  <references type="soft" candidates="3261" cleared="0" enqueued="0" dynamicThreshold="12" maxThreshold="32" />
  <references type="weak" candidates="5570" cleared="0" enqueued="0" />
  <references type="phantom" candidates="97" cleared="0" enqueued="0" />
  <stringconstants candidates="13595" cleared="0"  />
</gc-op>
<gc-op id="2661" type="sweep" timems="4.007" contextid="2657" timestamp="2019-08-09T18:53:41.830" />
<mem-info id="2662" free="12039880" total="30015488" percent="40">
  <mem type="tenure" free="12039880" total="30015488" percent="40" micro-fragmented="0" macro-fragmented="0">
    <mem type="soa" free="11739848" total="29715456" percent="39" />
    <mem type="loa" free="300032" total="300032" percent="100" />
  </mem>
</mem-info>
<gc-op id="2663" type="compact" timems="25.073" contextid="2657" timestamp="2019-08-09T18:53:41.855">
  <compact-info movecount="2" movebytes="56" reason="compact to aid heap contraction" />
</gc-op>
<heap-resize id="2664" type="expand" space="tenure" amount="131072" count="1" timems="0.018" reason="satisfy allocation request" timestamp="2019-08-09T18:53:41.856" />
<gc-end id="2665" type="global" contextid="2657" durationms="39.754" usertimems="105.172" systemtimems="0.000" timestamp="2019-08-09T18:53:41.856" activeThreads="16">
  <mem-info id="2666" free="12105584" total="30146560" percent="40">
    <mem type="tenure" free="12105584" total="30146560" percent="40">
      <mem type="soa" free="11804528" total="29845504" percent="39" />
      <mem type="loa" free="301056" total="301056" percent="100" />
    </mem>
  </mem-info>
</gc-end>
<cycle-end id="2667" type="global" contextid="2657" timestamp="2019-08-09T18:53:41.856" />
  <attribute name="elasticGC enabled" value="1" />
  <attribute name= "numThreadsSpecified" value="16" />
  <attribute name="heapSize specified" value="30015488" />
  <attribute name="Current GC Util" value="53" />
  <attribute name= "Current Time Running" value="161799" />
  <attribute name ="GC Interval" value="0" />
  <attribute name="Target GC Util Change" value ="80.000000" />
  <attribute name="Current GC Util Change" value="53.000000"/>
  <attribute name="Current Error" value="-1119.000000" />
  <attribute name="Output H" value="30089880"/>
  <attribute name="Output I" value="720"/>
  <attribute name="Output T" value="16"/>
  <attribute name= "Current Time Running" value="161799" />
  <attribute name="GC Util currently" value="53" />
  <attribute name="CPU Util currently" value="45874505171" />
<allocation-satisfied id="2668" threadId="00000000023ECF00" bytesRequested="1168" />
<af-end id="2669" timestamp="2019-08-09T18:53:41.856" threadId="00000000023ED888" success="true" />
<exclusive-end id="2670" timestamp="2019-08-09T18:53:41.856" durationms="39.957" />

<exclusive-start id="2671" timestamp="2019-08-09T18:53:41.860" intervalms="43.523">
  <response-info timems="0.060" idlems="0.060" threads="0" lastid="00000000023ECF00" lastname="main" />
</exclusive-start>
<af-start id="2672" threadId="00000000023ED888" totalBytesRequested="1168" timestamp="2019-08-09T18:53:41.860" intervalms="43.531" />
<cycle-start id="2673" type="global" contextid="0" timestamp="2019-08-09T18:53:41.860" intervalms="43.531" />
<gc-start id="2674" type="global" contextid="2673" timestamp="2019-08-09T18:53:41.860">
  <mem-info id="2675" free="301056" total="30146560" percent="0">
    <mem type="tenure" free="301056" total="30146560" percent="0">
      <mem type="soa" free="0" total="29845504" percent="0" />
      <mem type="loa" free="301056" total="301056" percent="100" />
    </mem>
  </mem-info>
</gc-start>
<allocation-stats totalBytes="11828112" >
  <allocated-bytes non-tlh="0" tlh="11828112" />
  <largest-consumer threadName="main" threadId="00000000023ECF00" bytes="11828112" />
</allocation-stats>
<gc-op id="2676" type="mark" timems="17.110" contextid="2673" timestamp="2019-08-09T18:53:41.877">
  <trace-info objectcount="600489" scancount="521376" scanbytes="13382072" />
  <finalization candidates="80" enqueued="0" />
  <ownableSynchronizers candidates="21" cleared="0" />
  <references type="soft" candidates="3261" cleared="0" enqueued="0" dynamicThreshold="12" maxThreshold="32" />
  <references type="weak" candidates="5570" cleared="0" enqueued="0" />
  <references type="phantom" candidates="97" cleared="0" enqueued="0" />
  <stringconstants candidates="13595" cleared="0"  />
</gc-op>
<gc-op id="2677" type="sweep" timems="4.353" contextid="2673" timestamp="2019-08-09T18:53:41.881" />
<mem-info id="2678" free="12170744" total="30146560" percent="40">
  <mem type="tenure" free="12170744" total="30146560" percent="40" micro-fragmented="0" macro-fragmented="0">
    <mem type="soa" free="11869688" total="29845504" percent="39" />
    <mem type="loa" free="301056" total="301056" percent="100" />
  </mem>
</mem-info>
<gc-op id="2679" type="compact" timems="31.181" contextid="2673" timestamp="2019-08-09T18:53:41.913">
  <compact-info movecount="2" movebytes="56" reason="compact to aid heap contraction" />
</gc-op>
<heap-resize id="2680" type="expand" space="tenure" amount="131072" count="1" timems="0.014" reason="satisfy allocation request" timestamp="2019-08-09T18:53:41.914" />
<gc-end id="2681" type="global" contextid="2673" durationms="53.869" usertimems="119.254" systemtimems="0.000" timestamp="2019-08-09T18:53:41.914" activeThreads="16">
  <mem-info id="2682" free="12236656" total="30277632" percent="40">
    <mem type="tenure" free="12236656" total="30277632" percent="40">
      <mem type="soa" free="11934576" total="29975552" percent="39" />
      <mem type="loa" free="302080" total="302080" percent="100" />
    </mem>
  </mem-info>
</gc-end>
<cycle-end id="2683" type="global" contextid="2673" timestamp="2019-08-09T18:53:41.914" />
  <attribute name="elasticGC enabled" value="1" />
  <attribute name= "numThreadsSpecified" value="16" />
  <attribute name="heapSize specified" value="30146560" />
  <attribute name="Current GC Util" value="59" />
  <attribute name= "Current Time Running" value="161857" />
  <attribute name ="GC Interval" value="0" />
  <attribute name="Target GC Util Change" value ="80.000000" />
  <attribute name="Current GC Util Change" value="59.000000"/>
  <attribute name="Current Error" value="-307.000000" />
  <attribute name="Output H" value="30221888"/>
  <attribute name="Output I" value="1656"/>
  <attribute name="Output T" value="16"/>
  <attribute name= "Current Time Running" value="161857" />
  <attribute name="GC Util currently" value="59" />
  <attribute name="CPU Util currently" value="36949712605" />
<allocation-satisfied id="2684" threadId="00000000023ECF00" bytesRequested="1168" />
<af-end id="2685" timestamp="2019-08-09T18:53:41.914" threadId="00000000023ED888" success="true" />
<exclusive-end id="2686" timestamp="2019-08-09T18:53:41.914" durationms="54.074" />

<exclusive-start id="2687" timestamp="2019-08-09T18:53:41.917" intervalms="57.507">
  <response-info timems="0.108" idlems="0.108" threads="0" lastid="00000000023ECF00" lastname="main" />
</exclusive-start>
<af-start id="2688" threadId="00000000023ED888" totalBytesRequested="1168" timestamp="2019-08-09T18:53:41.917" intervalms="57.527" />
<cycle-start id="2689" type="global" contextid="0" timestamp="2019-08-09T18:53:41.917" intervalms="57.530" />
<gc-start id="2690" type="global" contextid="2689" timestamp="2019-08-09T18:53:41.917">
  <mem-info id="2691" free="302080" total="30277632" percent="0">
    <mem type="tenure" free="302080" total="30277632" percent="0">
      <mem type="soa" free="0" total="29975552" percent="0" />
      <mem type="loa" free="302080" total="302080" percent="100" />
    </mem>
  </mem-info>
</gc-start>
<allocation-stats totalBytes="11957520" >
  <allocated-bytes non-tlh="0" tlh="11957520" />
  <largest-consumer threadName="main" threadId="00000000023ECF00" bytes="11957520" />
</allocation-stats>
<gc-op id="2692" type="mark" timems="9.695" contextid="2689" timestamp="2019-08-09T18:53:41.927">
  <trace-info objectcount="600489" scancount="521378" scanbytes="13382072" />
  <finalization candidates="80" enqueued="0" />
  <ownableSynchronizers candidates="21" cleared="0" />
  <references type="soft" candidates="3261" cleared="0" enqueued="0" dynamicThreshold="12" maxThreshold="32" />
  <references type="weak" candidates="5570" cleared="0" enqueued="0" />
  <references type="phantom" candidates="97" cleared="0" enqueued="0" />
  <stringconstants candidates="13595" cleared="0"  />
</gc-op>
<gc-op id="2693" type="sweep" timems="1.487" contextid="2689" timestamp="2019-08-09T18:53:41.929" />
<mem-info id="2694" free="12301608" total="30277632" percent="40">
  <mem type="tenure" free="12301608" total="30277632" percent="40" micro-fragmented="0" macro-fragmented="0">
    <mem type="soa" free="11999528" total="29975552" percent="40" />
    <mem type="loa" free="302080" total="302080" percent="100" />
  </mem>
</mem-info>
<gc-op id="2695" type="compact" timems="23.259" contextid="2689" timestamp="2019-08-09T18:53:41.952">
  <compact-info movecount="2" movebytes="56" reason="compact to aid heap contraction" />
</gc-op>
<heap-resize id="2696" type="expand" space="tenure" amount="131072" count="1" timems="0.018" reason="satisfy allocation request" timestamp="2019-08-09T18:53:41.956" />
<gc-end id="2697" type="global" contextid="2689" durationms="38.790" usertimems="97.056" systemtimems="0.000" timestamp="2019-08-09T18:53:41.956" activeThreads="16">
  <mem-info id="2698" free="12367728" total="30408704" percent="40">
    <mem type="tenure" free="12367728" total="30408704" percent="40">
      <mem type="soa" free="12064624" total="30105600" percent="40" />
      <mem type="loa" free="303104" total="303104" percent="100" />
    </mem>
  </mem-info>
</gc-end>
<cycle-end id="2699" type="global" contextid="2689" timestamp="2019-08-09T18:53:41.956" />
  <attribute name="elasticGC enabled" value="1" />
  <attribute name= "numThreadsSpecified" value="16" />
  <attribute name="heapSize specified" value="30277632" />
  <attribute name="Current GC Util" value="43" />
  <attribute name= "Current Time Running" value="161896" />
  <attribute name ="GC Interval" value="0" />
  <attribute name="Target GC Util Change" value ="80.000000" />
  <attribute name="Current GC Util Change" value="43.000000"/>
  <attribute name="Current Error" value="37.000000" />
  <attribute name="Output H" value="30353360"/>
  <attribute name="Output I" value="2056"/>
  <attribute name="Output T" value="16"/>
  <attribute name= "Current Time Running" value="161896" />
  <attribute name="GC Util currently" value="43" />
  <attribute name="CPU Util currently" value="49569575684" />
<allocation-satisfied id="2700" threadId="00000000023ECF00" bytesRequested="1168" />
<af-end id="2701" timestamp="2019-08-09T18:53:41.956" threadId="00000000023ED888" success="true" />
<exclusive-end id="2702" timestamp="2019-08-09T18:53:41.956" durationms="39.004" />

<exclusive-start id="2703" timestamp="2019-08-09T18:53:41.961" intervalms="43.518">
  <response-info timems="0.224" idlems="0.224" threads="0" lastid="00000000023ECF00" lastname="main" />
</exclusive-start>
<af-start id="2704" threadId="00000000023ED888" totalBytesRequested="1168" timestamp="2019-08-09T18:53:41.961" intervalms="43.546" />
<cycle-start id="2705" type="global" contextid="0" timestamp="2019-08-09T18:53:41.961" intervalms="43.549" />
<gc-start id="2706" type="global" contextid="2705" timestamp="2019-08-09T18:53:41.961">
  <mem-info id="2707" free="303104" total="30408704" percent="0">
    <mem type="tenure" free="303104" total="30408704" percent="0">
      <mem type="soa" free="0" total="30105600" percent="0" />
      <mem type="loa" free="303104" total="303104" percent="100" />
    </mem>
  </mem-info>
</gc-start>
<allocation-stats totalBytes="12086928" >
  <allocated-bytes non-tlh="0" tlh="12086928" />
  <largest-consumer threadName="main" threadId="00000000023ECF00" bytes="12086928" />
</allocation-stats>
<gc-op id="2708" type="mark" timems="8.669" contextid="2705" timestamp="2019-08-09T18:53:41.970">
  <trace-info objectcount="600489" scancount="521370" scanbytes="13382072" />
  <finalization candidates="80" enqueued="0" />
  <ownableSynchronizers candidates="21" cleared="0" />
  <references type="soft" candidates="3261" cleared="0" enqueued="0" dynamicThreshold="13" maxThreshold="32" />
  <references type="weak" candidates="5570" cleared="0" enqueued="0" />
  <references type="phantom" candidates="97" cleared="0" enqueued="0" />
  <stringconstants candidates="13595" cleared="0"  />
</gc-op>
<gc-op id="2709" type="sweep" timems="1.881" contextid="2705" timestamp="2019-08-09T18:53:41.972" />
<mem-info id="2710" free="12433264" total="30408704" percent="40">
  <mem type="tenure" free="12433264" total="30408704" percent="40" micro-fragmented="0" macro-fragmented="0">
    <mem type="soa" free="12130160" total="30105600" percent="40" />
    <mem type="loa" free="303104" total="303104" percent="100" />
  </mem>
</mem-info>
<gc-op id="2711" type="compact" timems="37.299" contextid="2705" timestamp="2019-08-09T18:53:42.009">
  <compact-info movecount="2" movebytes="56" reason="compact to aid heap contraction" />
</gc-op>
<heap-resize id="2712" type="expand" space="tenure" amount="131072" count="1" timems="0.022" reason="satisfy allocation request" timestamp="2019-08-09T18:53:42.011" />
<gc-end id="2713" type="global" contextid="2705" durationms="50.331" usertimems="97.712" systemtimems="0.000" timestamp="2019-08-09T18:53:42.011" activeThreads="16">
  <mem-info id="2714" free="12498800" total="30539776" percent="40">
    <mem type="tenure" free="12498800" total="30539776" percent="40">
      <mem type="soa" free="12193648" total="30234624" percent="40" />
      <mem type="loa" free="305152" total="305152" percent="100" />
    </mem>
  </mem-info>
</gc-end>
<cycle-end id="2715" type="global" contextid="2705" timestamp="2019-08-09T18:53:42.011" />
  <attribute name="elasticGC enabled" value="1" />
  <attribute name= "numThreadsSpecified" value="16" />
  <attribute name="heapSize specified" value="30408704" />
  <attribute name="Current GC Util" value="33" />
  <attribute name= "Current Time Running" value="161953" />
  <attribute name ="GC Interval" value="0" />
  <attribute name="Target GC Util Change" value ="80.000000" />
  <attribute name="Current GC Util Change" value="33.000000"/>
  <attribute name="Current Error" value="-630.000000" />
  <attribute name="Output H" value="30483664"/>
  <attribute name="Output I" value="1288"/>
  <attribute name="Output T" value="16"/>
  <attribute name= "Current Time Running" value="161953" />
  <attribute name="GC Util currently" value="33" />
  <attribute name="CPU Util currently" value="30881156267" />
<allocation-satisfied id="2716" threadId="00000000023ECF00" bytesRequested="1168" />
<af-end id="2717" timestamp="2019-08-09T18:53:42.011" threadId="00000000023ED888" success="true" />
<exclusive-end id="2718" timestamp="2019-08-09T18:53:42.011" durationms="50.607" />

<exclusive-start id="2719" timestamp="2019-08-09T18:53:42.016" intervalms="55.096">
  <response-info timems="0.043" idlems="0.043" threads="0" lastid="00000000023ECF00" lastname="main" />
</exclusive-start>
<af-start id="2720" threadId="00000000023ED888" totalBytesRequested="1168" timestamp="2019-08-09T18:53:42.016" intervalms="55.108" />
<cycle-start id="2721" type="global" contextid="0" timestamp="2019-08-09T18:53:42.016" intervalms="55.102" />
<gc-start id="2722" type="global" contextid="2721" timestamp="2019-08-09T18:53:42.016">
  <mem-info id="2723" free="305152" total="30539776" percent="0">
    <mem type="tenure" free="305152" total="30539776" percent="0">
      <mem type="soa" free="0" total="30234624" percent="0" />
      <mem type="loa" free="305152" total="305152" percent="100" />
    </mem>
  </mem-info>
</gc-start>
<allocation-stats totalBytes="12216360" >
  <allocated-bytes non-tlh="0" tlh="12216360" />
  <largest-consumer threadName="main" threadId="00000000023ECF00" bytes="12216360" />
</allocation-stats>
<gc-op id="2724" type="mark" timems="10.278" contextid="2721" timestamp="2019-08-09T18:53:42.026">
  <trace-info objectcount="600489" scancount="521377" scanbytes="13382072" />
  <finalization candidates="80" enqueued="0" />
  <ownableSynchronizers candidates="21" cleared="0" />
  <references type="soft" candidates="3261" cleared="0" enqueued="0" dynamicThreshold="13" maxThreshold="32" />
  <references type="weak" candidates="5570" cleared="0" enqueued="0" />
  <references type="phantom" candidates="97" cleared="0" enqueued="0" />
  <stringconstants candidates="13595" cleared="0"  />
</gc-op>
<gc-op id="2725" type="sweep" timems="2.587" contextid="2721" timestamp="2019-08-09T18:53:42.029" />
<mem-info id="2726" free="12564336" total="30539776" percent="41">
  <mem type="tenure" free="12564336" total="30539776" percent="41" micro-fragmented="0" macro-fragmented="0">
    <mem type="soa" free="12259184" total="30234624" percent="40" />
    <mem type="loa" free="305152" total="305152" percent="100" />
  </mem>
</mem-info>
<gc-op id="2727" type="compact" timems="23.486" contextid="2721" timestamp="2019-08-09T18:53:42.052">
  <compact-info movecount="2" movebytes="56" reason="compact to aid heap contraction" />
</gc-op>
<heap-resize id="2728" type="expand" space="tenure" amount="131072" count="1" timems="0.019" reason="satisfy allocation request" timestamp="2019-08-09T18:53:42.054" />
<gc-end id="2729" type="global" contextid="2721" durationms="38.065" usertimems="81.911" systemtimems="0.000" timestamp="2019-08-09T18:53:42.054" activeThreads="16">
  <mem-info id="2730" free="12629872" total="30670848" percent="41">
    <mem type="tenure" free="12629872" total="30670848" percent="41">
      <mem type="soa" free="12323696" total="30364672" percent="40" />
      <mem type="loa" free="306176" total="306176" percent="100" />
    </mem>
  </mem-info>
</gc-end>
<cycle-end id="2731" type="global" contextid="2721" timestamp="2019-08-09T18:53:42.054" />
  <attribute name="elasticGC enabled" value="1" />
  <attribute name= "numThreadsSpecified" value="16" />
  <attribute name="heapSize specified" value="30539776" />
  <attribute name="Current GC Util" value="41" />
  <attribute name= "Current Time Running" value="161996" />
  <attribute name ="GC Interval" value="0" />
  <attribute name="Target GC Util Change" value ="80.000000" />
  <attribute name="Current GC Util Change" value="41.000000"/>
  <attribute name="Current Error" value="-321.000000" />
  <attribute name="Output H" value="30615088"/>
  <attribute name="Output I" value="1640"/>
  <attribute name="Output T" value="16"/>
  <attribute name= "Current Time Running" value="161996" />
  <attribute name="GC Util currently" value="41" />
  <attribute name="CPU Util currently" value="49043731370" />
<allocation-satisfied id="2732" threadId="00000000023ECF00" bytesRequested="1168" />
<af-end id="2733" timestamp="2019-08-09T18:53:42.054" threadId="00000000023ED888" success="true" />
<exclusive-end id="2734" timestamp="2019-08-09T18:53:42.054" durationms="38.334" />

<exclusive-start id="2735" timestamp="2019-08-09T18:53:42.058" intervalms="42.277">
  <response-info timems="0.090" idlems="0.090" threads="0" lastid="00000000023ECF00" lastname="main" />
</exclusive-start>
<af-start id="2736" threadId="00000000023ED888" totalBytesRequested="1168" timestamp="2019-08-09T18:53:42.058" intervalms="42.211" />
<cycle-start id="2737" type="global" contextid="0" timestamp="2019-08-09T18:53:42.058" intervalms="42.208" />
<gc-start id="2738" type="global" contextid="2737" timestamp="2019-08-09T18:53:42.058">
  <mem-info id="2739" free="306176" total="30670848" percent="0">
    <mem type="tenure" free="306176" total="30670848" percent="0">
      <mem type="soa" free="0" total="30364672" percent="0" />
      <mem type="loa" free="306176" total="306176" percent="100" />
    </mem>
  </mem-info>
</gc-start>
<allocation-stats totalBytes="12345744" >
  <allocated-bytes non-tlh="0" tlh="12345744" />
  <largest-consumer threadName="main" threadId="00000000023ECF00" bytes="12345744" />
</allocation-stats>
<gc-op id="2740" type="mark" timems="22.212" contextid="2737" timestamp="2019-08-09T18:53:42.081">
  <trace-info objectcount="600489" scancount="521377" scanbytes="13382072" />
  <finalization candidates="80" enqueued="0" />
  <ownableSynchronizers candidates="21" cleared="0" />
  <references type="soft" candidates="3261" cleared="0" enqueued="0" dynamicThreshold="13" maxThreshold="32" />
  <references type="weak" candidates="5570" cleared="0" enqueued="0" />
  <references type="phantom" candidates="97" cleared="0" enqueued="0" />
  <stringconstants candidates="13595" cleared="0"  />
</gc-op>
<gc-op id="2741" type="sweep" timems="1.413" contextid="2737" timestamp="2019-08-09T18:53:42.082" />
<mem-info id="2742" free="12695248" total="30670848" percent="41">
  <mem type="tenure" free="12695248" total="30670848" percent="41" micro-fragmented="0" macro-fragmented="0">
    <mem type="soa" free="12389072" total="30364672" percent="40" />
    <mem type="loa" free="306176" total="306176" percent="100" />
  </mem>
</mem-info>
<gc-op id="2743" type="compact" timems="28.042" contextid="2737" timestamp="2019-08-09T18:53:42.110">
  <compact-info movecount="2" movebytes="56" reason="compact to aid heap contraction" />
</gc-op>
<heap-resize id="2744" type="expand" space="tenure" amount="131072" count="1" timems="0.020" reason="satisfy allocation request" timestamp="2019-08-09T18:53:42.111" />
<gc-end id="2745" type="global" contextid="2737" durationms="53.110" usertimems="199.528" systemtimems="0.000" timestamp="2019-08-09T18:53:42.111" activeThreads="16">
  <mem-info id="2746" free="12760944" total="30801920" percent="41">
    <mem type="tenure" free="12760944" total="30801920" percent="41">
      <mem type="soa" free="12453744" total="30494720" percent="40" />
      <mem type="loa" free="307200" total="307200" percent="100" />
    </mem>
  </mem-info>
</gc-end>
<cycle-end id="2747" type="global" contextid="2737" timestamp="2019-08-09T18:53:42.111" />
  <attribute name="elasticGC enabled" value="1" />
  <attribute name= "numThreadsSpecified" value="16" />
  <attribute name="heapSize specified" value="30670848" />
  <attribute name="Current GC Util" value="51" />
  <attribute name= "Current Time Running" value="162054" />
  <attribute name ="GC Interval" value="0" />
  <attribute name="Target GC Util Change" value ="80.000000" />
  <attribute name="Current GC Util Change" value="51.000000"/>
  <attribute name="Current Error" value="29.000000" />
  <attribute name="Output H" value="30746568"/>
  <attribute name="Output I" value="2048"/>
  <attribute name="Output T" value="16"/>
  <attribute name= "Current Time Running" value="162054" />
  <attribute name="GC Util currently" value="51" />
  <attribute name="CPU Util currently" value="41039367355" />
<allocation-satisfied id="2748" threadId="00000000023ECF00" bytesRequested="1168" />
<af-end id="2749" timestamp="2019-08-09T18:53:42.111" threadId="00000000023ED888" success="true" />
<exclusive-end id="2750" timestamp="2019-08-09T18:53:42.111" durationms="53.306" />

<exclusive-start id="2751" timestamp="2019-08-09T18:53:42.115" intervalms="57.169">
  <response-info timems="0.018" idlems="0.018" threads="0" lastid="00000000023ECF00" lastname="main" />
</exclusive-start>
<af-start id="2752" threadId="00000000023ED888" totalBytesRequested="1168" timestamp="2019-08-09T18:53:42.115" intervalms="57.236" />
<cycle-start id="2753" type="global" contextid="0" timestamp="2019-08-09T18:53:42.115" intervalms="57.237" />
<gc-start id="2754" type="global" contextid="2753" timestamp="2019-08-09T18:53:42.115">
  <mem-info id="2755" free="307200" total="30801920" percent="0">
    <mem type="tenure" free="307200" total="30801920" percent="0">
      <mem type="soa" free="0" total="30494720" percent="0" />
      <mem type="loa" free="307200" total="307200" percent="100" />
    </mem>
  </mem-info>
</gc-start>
<allocation-stats totalBytes="12475152" >
  <allocated-bytes non-tlh="0" tlh="12475152" />
  <largest-consumer threadName="main" threadId="00000000023ECF00" bytes="12475152" />
</allocation-stats>
<gc-op id="2756" type="mark" timems="9.602" contextid="2753" timestamp="2019-08-09T18:53:42.125">
  <trace-info objectcount="600489" scancount="521378" scanbytes="13382072" />
  <finalization candidates="80" enqueued="0" />
  <ownableSynchronizers candidates="21" cleared="0" />
  <references type="soft" candidates="3261" cleared="0" enqueued="0" dynamicThreshold="13" maxThreshold="32" />
  <references type="weak" candidates="5570" cleared="0" enqueued="0" />
  <references type="phantom" candidates="97" cleared="0" enqueued="0" />
  <stringconstants candidates="13595" cleared="0"  />
</gc-op>
<gc-op id="2757" type="sweep" timems="1.588" contextid="2753" timestamp="2019-08-09T18:53:42.127" />
<mem-info id="2758" free="12826088" total="30801920" percent="41">
  <mem type="tenure" free="12826088" total="30801920" percent="41" micro-fragmented="0" macro-fragmented="0">
    <mem type="soa" free="12518888" total="30494720" percent="41" />
    <mem type="loa" free="307200" total="307200" percent="100" />
  </mem>
</mem-info>
<gc-op id="2759" type="compact" timems="24.011" contextid="2753" timestamp="2019-08-09T18:53:42.151">
  <compact-info movecount="2" movebytes="56" reason="compact to aid heap contraction" />
</gc-op>
<heap-resize id="2760" type="expand" space="tenure" amount="131072" count="1" timems="0.020" reason="satisfy allocation request" timestamp="2019-08-09T18:53:42.152" />
<gc-end id="2761" type="global" contextid="2753" durationms="36.075" usertimems="83.299" systemtimems="0.000" timestamp="2019-08-09T18:53:42.152" activeThreads="16">
  <mem-info id="2762" free="12892016" total="30932992" percent="41">
    <mem type="tenure" free="12892016" total="30932992" percent="41">
      <mem type="soa" free="12582768" total="30623744" percent="41" />
      <mem type="loa" free="309248" total="309248" percent="100" />
    </mem>
  </mem-info>
</gc-end>
<cycle-end id="2763" type="global" contextid="2753" timestamp="2019-08-09T18:53:42.152" />
  <attribute name="elasticGC enabled" value="1" />
  <attribute name= "numThreadsSpecified" value="16" />
  <attribute name="heapSize specified" value="30801920" />
  <attribute name="Current GC Util" value="47" />
  <attribute name= "Current Time Running" value="162095" />
  <attribute name ="GC Interval" value="0" />
  <attribute name="Target GC Util Change" value ="80.000000" />
  <attribute name="Current GC Util Change" value="47.000000"/>
  <attribute name="Current Error" value="-1016.000000" />
  <attribute name="Output H" value="30876432"/>
  <attribute name="Output I" value="840"/>
  <attribute name="Output T" value="16"/>
  <attribute name= "Current Time Running" value="162095" />
  <attribute name="GC Util currently" value="47" />
  <attribute name="CPU Util currently" value="47931777772" />
<allocation-satisfied id="2764" threadId="00000000023ECF00" bytesRequested="1168" />
<af-end id="2765" timestamp="2019-08-09T18:53:42.152" threadId="00000000023ED888" success="true" />
<exclusive-end id="2766" timestamp="2019-08-09T18:53:42.152" durationms="36.343" />

<exclusive-start id="2767" timestamp="2019-08-09T18:53:42.156" intervalms="40.628">
  <response-info timems="0.018" idlems="0.018" threads="0" lastid="00000000023ECF00" lastname="main" />
</exclusive-start>
<af-start id="2768" threadId="00000000023ED888" totalBytesRequested="1168" timestamp="2019-08-09T18:53:42.156" intervalms="40.570" />
<cycle-start id="2769" type="global" contextid="0" timestamp="2019-08-09T18:53:42.156" intervalms="40.568" />
<gc-start id="2770" type="global" contextid="2769" timestamp="2019-08-09T18:53:42.156">
  <mem-info id="2771" free="309248" total="30932992" percent="0">
    <mem type="tenure" free="309248" total="30932992" percent="0">
      <mem type="soa" free="0" total="30623744" percent="0" />
      <mem type="loa" free="309248" total="309248" percent="100" />
    </mem>
  </mem-info>
</gc-start>
<allocation-stats totalBytes="12603352" >
  <allocated-bytes non-tlh="0" tlh="12603352" />
  <largest-consumer threadName="main" threadId="00000000023ECF00" bytes="12603352" />
</allocation-stats>
<gc-op id="2772" type="mark" timems="10.406" contextid="2769" timestamp="2019-08-09T18:53:42.167">
  <trace-info objectcount="600489" scancount="521378" scanbytes="13382072" />
  <finalization candidates="80" enqueued="0" />
  <ownableSynchronizers candidates="21" cleared="0" />
  <references type="soft" candidates="3261" cleared="0" enqueued="0" dynamicThreshold="13" maxThreshold="32" />
  <references type="weak" candidates="5570" cleared="0" enqueued="0" />
  <references type="phantom" candidates="97" cleared="0" enqueued="0" />
  <stringconstants candidates="13595" cleared="0"  />
</gc-op>
<gc-op id="2773" type="sweep" timems="9.167" contextid="2769" timestamp="2019-08-09T18:53:42.176" />
<mem-info id="2774" free="12957552" total="30932992" percent="41">
  <mem type="tenure" free="12957552" total="30932992" percent="41" micro-fragmented="0" macro-fragmented="0">
    <mem type="soa" free="12648304" total="30623744" percent="41" />
    <mem type="loa" free="309248" total="309248" percent="100" />
  </mem>
</mem-info>
<gc-op id="2775" type="compact" timems="28.679" contextid="2769" timestamp="2019-08-09T18:53:42.204">
  <compact-info movecount="2" movebytes="56" reason="compact to aid heap contraction" />
</gc-op>
<heap-resize id="2776" type="expand" space="tenure" amount="131072" count="1" timems="0.020" reason="satisfy allocation request" timestamp="2019-08-09T18:53:42.206" />
<gc-end id="2777" type="global" contextid="2769" durationms="50.153" usertimems="108.610" systemtimems="0.000" timestamp="2019-08-09T18:53:42.206" activeThreads="16">
  <mem-info id="2778" free="13023088" total="31064064" percent="41">
    <mem type="tenure" free="13023088" total="31064064" percent="41">
      <mem type="soa" free="12712816" total="30753792" percent="41" />
      <mem type="loa" free="310272" total="310272" percent="100" />
    </mem>
  </mem-info>
</gc-end>
<cycle-end id="2779" type="global" contextid="2769" timestamp="2019-08-09T18:53:42.206" />
  <attribute name="elasticGC enabled" value="1" />
  <attribute name= "numThreadsSpecified" value="16" />
  <attribute name="heapSize specified" value="30932992" />
  <attribute name="Current GC Util" value="41" />
  <attribute name= "Current Time Running" value="162148" />
  <attribute name ="GC Interval" value="0" />
  <attribute name="Target GC Util Change" value ="80.000000" />
  <attribute name="Current GC Util Change" value="41.000000"/>
  <attribute name="Current Error" value="-440.000000" />
  <attribute name="Output H" value="31008168"/>
  <attribute name="Output I" value="1504"/>
  <attribute name="Output T" value="16"/>
  <attribute name= "Current Time Running" value="162148" />
  <attribute name="GC Util currently" value="41" />
  <attribute name="CPU Util currently" value="40129075048" />
<allocation-satisfied id="2780" threadId="00000000023ECF00" bytesRequested="1168" />
<af-end id="2781" timestamp="2019-08-09T18:53:42.206" threadId="00000000023ED888" success="true" />
<exclusive-end id="2782" timestamp="2019-08-09T18:53:42.206" durationms="50.353" />

<exclusive-start id="2783" timestamp="2019-08-09T18:53:42.211" intervalms="54.781">
  <response-info timems="0.066" idlems="0.066" threads="0" lastid="00000000023ECF00" lastname="main" />
</exclusive-start>
<af-start id="2784" threadId="00000000023ED888" totalBytesRequested="1168" timestamp="2019-08-09T18:53:42.211" intervalms="54.775" />
<cycle-start id="2785" type="global" contextid="0" timestamp="2019-08-09T18:53:42.211" intervalms="54.868" />
<gc-start id="2786" type="global" contextid="2785" timestamp="2019-08-09T18:53:42.211">
  <mem-info id="2787" free="310272" total="31064064" percent="0">
    <mem type="tenure" free="310272" total="31064064" percent="0">
      <mem type="soa" free="0" total="30753792" percent="0" />
      <mem type="loa" free="310272" total="310272" percent="100" />
    </mem>
  </mem-info>
</gc-start>
<allocation-stats totalBytes="12732760" >
  <allocated-bytes non-tlh="0" tlh="12732760" />
  <largest-consumer threadName="main" threadId="00000000023ECF00" bytes="12732760" />
</allocation-stats>
<gc-op id="2788" type="mark" timems="8.528" contextid="2785" timestamp="2019-08-09T18:53:42.220">
  <trace-info objectcount="600489" scancount="521371" scanbytes="13382072" />
  <finalization candidates="80" enqueued="0" />
  <ownableSynchronizers candidates="21" cleared="0" />
  <references type="soft" candidates="3261" cleared="0" enqueued="0" dynamicThreshold="13" maxThreshold="32" />
  <references type="weak" candidates="5570" cleared="0" enqueued="0" />
  <references type="phantom" candidates="97" cleared="0" enqueued="0" />
  <stringconstants candidates="13595" cleared="0"  />
</gc-op>
<gc-op id="2789" type="sweep" timems="1.818" contextid="2785" timestamp="2019-08-09T18:53:42.221" />
<mem-info id="2790" free="13088624" total="31064064" percent="42">
  <mem type="tenure" free="13088624" total="31064064" percent="42" micro-fragmented="0" macro-fragmented="0">
    <mem type="soa" free="12778352" total="30753792" percent="41" />
    <mem type="loa" free="310272" total="310272" percent="100" />
  </mem>
</mem-info>
<gc-op id="2791" type="compact" timems="34.261" contextid="2785" timestamp="2019-08-09T18:53:42.256">
  <compact-info movecount="2" movebytes="56" reason="compact to aid heap contraction" />
</gc-op>
<heap-resize id="2792" type="expand" space="tenure" amount="131072" count="1" timems="0.024" reason="satisfy allocation request" timestamp="2019-08-09T18:53:42.256" />
<gc-end id="2793" type="global" contextid="2785" durationms="45.364" usertimems="88.274" systemtimems="0.000" timestamp="2019-08-09T18:53:42.256" activeThreads="16">
  <mem-info id="2794" free="13154160" total="31195136" percent="42">
    <mem type="tenure" free="13154160" total="31195136" percent="42">
      <mem type="soa" free="12842864" total="30883840" percent="41" />
      <mem type="loa" free="311296" total="311296" percent="100" />
    </mem>
  </mem-info>
</gc-end>
<cycle-end id="2795" type="global" contextid="2785" timestamp="2019-08-09T18:53:42.256" />
  <attribute name="elasticGC enabled" value="1" />
  <attribute name= "numThreadsSpecified" value="16" />
  <attribute name="heapSize specified" value="31064064" />
  <attribute name="Current GC Util" value="24" />
  <attribute name= "Current Time Running" value="162200" />
  <attribute name ="GC Interval" value="0" />
  <attribute name="Target GC Util Change" value ="80.000000" />
  <attribute name="Current GC Util Change" value="24.000000"/>
  <attribute name="Current Error" value="56.000000" />
  <attribute name="Output H" value="31139808"/>
  <attribute name="Output I" value="2072"/>
  <attribute name="Output T" value="16"/>
  <attribute name= "Current Time Running" value="162200" />
  <attribute name="GC Util currently" value="24" />
  <attribute name="CPU Util currently" value="33630484338" />
<allocation-satisfied id="2796" threadId="00000000023ECF00" bytesRequested="1168" />
<af-end id="2797" timestamp="2019-08-09T18:53:42.256" threadId="00000000023ED888" success="true" />
<exclusive-end id="2798" timestamp="2019-08-09T18:53:42.256" durationms="45.673" />

<exclusive-start id="2799" timestamp="2019-08-09T18:53:42.261" intervalms="50.306">
  <response-info timems="0.050" idlems="0.050" threads="0" lastid="00000000023ECF00" lastname="main" />
</exclusive-start>
<af-start id="2800" threadId="00000000023ED888" totalBytesRequested="1168" timestamp="2019-08-09T18:53:42.261" intervalms="50.307" />
<cycle-start id="2801" type="global" contextid="0" timestamp="2019-08-09T18:53:42.261" intervalms="50.215" />
<gc-start id="2802" type="global" contextid="2801" timestamp="2019-08-09T18:53:42.261">
  <mem-info id="2803" free="311296" total="31195136" percent="0">
    <mem type="tenure" free="311296" total="31195136" percent="0">
      <mem type="soa" free="0" total="30883840" percent="0" />
      <mem type="loa" free="311296" total="311296" percent="100" />
    </mem>
  </mem-info>
</gc-start>
<allocation-stats totalBytes="12863376" >
  <allocated-bytes non-tlh="0" tlh="12863376" />
  <largest-consumer threadName="main" threadId="00000000023ECF00" bytes="12863376" />
</allocation-stats>
<gc-op id="2804" type="mark" timems="20.931" contextid="2801" timestamp="2019-08-09T18:53:42.282">
  <trace-info objectcount="600489" scancount="521375" scanbytes="13382072" />
  <finalization candidates="80" enqueued="0" />
  <ownableSynchronizers candidates="21" cleared="0" />
  <references type="soft" candidates="3261" cleared="0" enqueued="0" dynamicThreshold="13" maxThreshold="32" />
  <references type="weak" candidates="5570" cleared="0" enqueued="0" />
  <references type="phantom" candidates="97" cleared="0" enqueued="0" />
  <stringconstants candidates="13595" cleared="0"  />
</gc-op>
<gc-op id="2805" type="sweep" timems="1.756" contextid="2801" timestamp="2019-08-09T18:53:42.284" />
<mem-info id="2806" free="13219696" total="31195136" percent="42">
  <mem type="tenure" free="13219696" total="31195136" percent="42" micro-fragmented="0" macro-fragmented="0">
    <mem type="soa" free="12908400" total="30883840" percent="41" />
    <mem type="loa" free="311296" total="311296" percent="100" />
  </mem>
</mem-info>
<gc-op id="2807" type="compact" timems="27.190" contextid="2801" timestamp="2019-08-09T18:53:42.311">
  <compact-info movecount="2" movebytes="56" reason="compact to aid heap contraction" />
</gc-op>
<heap-resize id="2808" type="expand" space="tenure" amount="131072" count="1" timems="0.023" reason="satisfy allocation request" timestamp="2019-08-09T18:53:42.312" />
<gc-end id="2809" type="global" contextid="2801" durationms="50.798" usertimems="132.146" systemtimems="0.000" timestamp="2019-08-09T18:53:42.312" activeThreads="16">
  <mem-info id="2810" free="13285232" total="31326208" percent="42">
    <mem type="tenure" free="13285232" total="31326208" percent="42">
      <mem type="soa" free="12972912" total="31013888" percent="41" />
      <mem type="loa" free="312320" total="312320" percent="100" />
    </mem>
  </mem-info>
</gc-end>
<cycle-end id="2811" type="global" contextid="2801" timestamp="2019-08-09T18:53:42.312" />
  <attribute name="elasticGC enabled" value="1" />
  <attribute name= "numThreadsSpecified" value="16" />
  <attribute name="heapSize specified" value="31195136" />
  <attribute name="Current GC Util" value="32" />
  <attribute name= "Current Time Running" value="162255" />
  <attribute name ="GC Interval" value="0" />
  <attribute name="Target GC Util Change" value ="80.000000" />
  <attribute name="Current GC Util Change" value="32.000000"/>
  <attribute name="Current Error" value="-692.000000" />
  <attribute name="Output H" value="31270024"/>
  <attribute name="Output I" value="1216"/>
  <attribute name="Output T" value="16"/>
  <attribute name= "Current Time Running" value="162255" />
  <attribute name="GC Util currently" value="32" />
  <attribute name="CPU Util currently" value="42346934032" />
<allocation-satisfied id="2812" threadId="00000000023ECF00" bytesRequested="1168" />
<af-end id="2813" timestamp="2019-08-09T18:53:42.312" threadId="00000000023ED888" success="true" />
<exclusive-end id="2814" timestamp="2019-08-09T18:53:42.312" durationms="51.030" />

<exclusive-start id="2815" timestamp="2019-08-09T18:53:42.316" intervalms="55.059">
  <response-info timems="0.058" idlems="0.058" threads="0" lastid="00000000023ECF00" lastname="main" />
</exclusive-start>
<af-start id="2816" threadId="00000000023ED888" totalBytesRequested="1168" timestamp="2019-08-09T18:53:42.316" intervalms="55.122" />
<cycle-start id="2817" type="global" contextid="0" timestamp="2019-08-09T18:53:42.316" intervalms="55.134" />
<gc-start id="2818" type="global" contextid="2817" timestamp="2019-08-09T18:53:42.316">
  <mem-info id="2819" free="312320" total="31326208" percent="0">
    <mem type="tenure" free="312320" total="31326208" percent="0">
      <mem type="soa" free="0" total="31013888" percent="0" />
      <mem type="loa" free="312320" total="312320" percent="100" />
    </mem>
  </mem-info>
</gc-start>
<allocation-stats totalBytes="12992808" >
  <allocated-bytes non-tlh="0" tlh="12992808" />
  <largest-consumer threadName="main" threadId="00000000023ECF00" bytes="12992808" />
</allocation-stats>
<gc-op id="2820" type="mark" timems="21.961" contextid="2817" timestamp="2019-08-09T18:53:42.338">
  <trace-info objectcount="600489" scancount="521380" scanbytes="13382072" />
  <finalization candidates="80" enqueued="0" />
  <ownableSynchronizers candidates="21" cleared="0" />
  <references type="soft" candidates="3261" cleared="0" enqueued="0" dynamicThreshold="13" maxThreshold="32" />
  <references type="weak" candidates="5570" cleared="0" enqueued="0" />
  <references type="phantom" candidates="97" cleared="0" enqueued="0" />
  <stringconstants candidates="13595" cleared="0"  />
</gc-op>
<gc-op id="2821" type="sweep" timems="4.642" contextid="2817" timestamp="2019-08-09T18:53:42.343" />
<mem-info id="2822" free="13350568" total="31326208" percent="42">
  <mem type="tenure" free="13350568" total="31326208" percent="42" micro-fragmented="0" macro-fragmented="0">
    <mem type="soa" free="13038248" total="31013888" percent="42" />
    <mem type="loa" free="312320" total="312320" percent="100" />
  </mem>
</mem-info>
<gc-op id="2823" type="compact" timems="28.402" contextid="2817" timestamp="2019-08-09T18:53:42.371">
  <compact-info movecount="2" movebytes="56" reason="compact to aid heap contraction" />
</gc-op>
<heap-resize id="2824" type="expand" space="tenure" amount="131072" count="1" timems="0.020" reason="satisfy allocation request" timestamp="2019-08-09T18:53:42.372" />
<gc-end id="2825" type="global" contextid="2817" durationms="55.948" usertimems="164.487" systemtimems="0.000" timestamp="2019-08-09T18:53:42.372" activeThreads="16">
  <mem-info id="2826" free="13416304" total="31457280" percent="42">
    <mem type="tenure" free="13416304" total="31457280" percent="42">
      <mem type="soa" free="13101936" total="31142912" percent="42" />
      <mem type="loa" free="314368" total="314368" percent="100" />
    </mem>
  </mem-info>
</gc-end>
<cycle-end id="2827" type="global" contextid="2817" timestamp="2019-08-09T18:53:42.372" />
  <attribute name="elasticGC enabled" value="1" />
  <attribute name= "numThreadsSpecified" value="16" />
  <attribute name="heapSize specified" value="31326208" />
  <attribute name="Current GC Util" value="51" />
  <attribute name= "Current Time Running" value="162315" />
  <attribute name ="GC Interval" value="0" />
  <attribute name="Target GC Util Change" value ="80.000000" />
  <attribute name="Current GC Util Change" value="51.000000"/>
  <attribute name="Current Error" value="-239.000000" />
  <attribute name="Output H" value="31401616"/>
  <attribute name="Output I" value="1736"/>
  <attribute name="Output T" value="16"/>
  <attribute name= "Current Time Running" value="162315" />
  <attribute name="GC Util currently" value="51" />
  <attribute name="CPU Util currently" value="40539311798" />
<allocation-satisfied id="2828" threadId="00000000023ECF00" bytesRequested="1168" />
<af-end id="2829" timestamp="2019-08-09T18:53:42.372" threadId="00000000023ED888" success="true" />
<exclusive-end id="2830" timestamp="2019-08-09T18:53:42.372" durationms="56.276" />

<exclusive-start id="2831" timestamp="2019-08-09T18:53:42.379" intervalms="62.478">
  <response-info timems="0.087" idlems="0.087" threads="0" lastid="00000000023ECF00" lastname="main" />
</exclusive-start>
<af-start id="2832" threadId="00000000023ED888" totalBytesRequested="1168" timestamp="2019-08-09T18:53:42.380" intervalms="63.710" />
<cycle-start id="2833" type="global" contextid="0" timestamp="2019-08-09T18:53:42.380" intervalms="63.701" />
<gc-start id="2834" type="global" contextid="2833" timestamp="2019-08-09T18:53:42.380">
  <mem-info id="2835" free="314368" total="31457280" percent="0">
    <mem type="tenure" free="314368" total="31457280" percent="0">
      <mem type="soa" free="0" total="31142912" percent="0" />
      <mem type="loa" free="314368" total="314368" percent="100" />
    </mem>
  </mem-info>
</gc-start>
<allocation-stats totalBytes="13120984" >
  <allocated-bytes non-tlh="0" tlh="13120984" />
  <largest-consumer threadName="main" threadId="00000000023ECF00" bytes="13120984" />
</allocation-stats>
<gc-op id="2836" type="mark" timems="17.873" contextid="2833" timestamp="2019-08-09T18:53:42.398">
  <trace-info objectcount="600489" scancount="521375" scanbytes="13382072" />
  <finalization candidates="80" enqueued="0" />
  <ownableSynchronizers candidates="21" cleared="0" />
  <references type="soft" candidates="3261" cleared="0" enqueued="0" dynamicThreshold="13" maxThreshold="32" />
  <references type="weak" candidates="5570" cleared="0" enqueued="0" />
  <references type="phantom" candidates="97" cleared="0" enqueued="0" />
  <stringconstants candidates="13595" cleared="0"  />
</gc-op>
<gc-op id="2837" type="sweep" timems="2.354" contextid="2833" timestamp="2019-08-09T18:53:42.400" />
<mem-info id="2838" free="13481224" total="31457280" percent="42">
  <mem type="tenure" free="13481224" total="31457280" percent="42" micro-fragmented="0" macro-fragmented="0">
    <mem type="soa" free="13166856" total="31142912" percent="42" />
    <mem type="loa" free="314368" total="314368" percent="100" />
  </mem>
</mem-info>
<gc-op id="2839" type="compact" timems="33.711" contextid="2833" timestamp="2019-08-09T18:53:42.434">
  <compact-info movecount="2" movebytes="56" reason="compact to aid heap contraction" />
</gc-op>
<heap-resize id="2840" type="expand" space="tenure" amount="131072" count="1" timems="0.023" reason="satisfy allocation request" timestamp="2019-08-09T18:53:42.435" />
<gc-end id="2841" type="global" contextid="2833" durationms="54.666" usertimems="117.178" systemtimems="0.000" timestamp="2019-08-09T18:53:42.435" activeThreads="16">
  <mem-info id="2842" free="13547376" total="31588352" percent="42">
    <mem type="tenure" free="13547376" total="31588352" percent="42">
      <mem type="soa" free="13231984" total="31272960" percent="42" />
      <mem type="loa" free="315392" total="315392" percent="100" />
    </mem>
  </mem-info>
</gc-end>
<cycle-end id="2843" type="global" contextid="2833" timestamp="2019-08-09T18:53:42.435" />
  <attribute name="elasticGC enabled" value="1" />
  <attribute name= "numThreadsSpecified" value="16" />
  <attribute name="heapSize specified" value="31457280" />
  <attribute name="Current GC Util" value="33" />
  <attribute name= "Current Time Running" value="162378" />
  <attribute name ="GC Interval" value="0" />
  <attribute name="Target GC Util Change" value ="80.000000" />
  <attribute name="Current GC Util Change" value="33.000000"/>
  <attribute name="Current Error" value="47.000000" />
  <attribute name="Output H" value="31533016"/>
  <attribute name="Output I" value="2064"/>
  <attribute name="Output T" value="16"/>
  <attribute name= "Current Time Running" value="162378" />
  <attribute name="GC Util currently" value="33" />
  <attribute name="CPU Util currently" value="34156108428" />
<allocation-satisfied id="2844" threadId="00000000023ECF00" bytesRequested="1168" />
<af-end id="2845" timestamp="2019-08-09T18:53:42.435" threadId="00000000023ED888" success="true" />
<exclusive-end id="2846" timestamp="2019-08-09T18:53:42.435" durationms="56.300" />

<exclusive-start id="2847" timestamp="2019-08-09T18:53:42.441" intervalms="62.185">
  <response-info timems="0.053" idlems="0.053" threads="0" lastid="00000000023ECF00" lastname="main" />
</exclusive-start>
<af-start id="2848" threadId="00000000023ED888" totalBytesRequested="1168" timestamp="2019-08-09T18:53:42.441" intervalms="60.893" />
<cycle-start id="2849" type="global" contextid="0" timestamp="2019-08-09T18:53:42.441" intervalms="60.990" />
<gc-start id="2850" type="global" contextid="2849" timestamp="2019-08-09T18:53:42.441">
  <mem-info id="2851" free="315392" total="31588352" percent="0">
    <mem type="tenure" free="315392" total="31588352" percent="0">
      <mem type="soa" free="0" total="31272960" percent="0" />
      <mem type="loa" free="315392" total="315392" percent="100" />
    </mem>
  </mem-info>
</gc-start>
<allocation-stats totalBytes="13250392" >
  <allocated-bytes non-tlh="0" tlh="13250392" />
  <largest-consumer threadName="main" threadId="00000000023ECF00" bytes="13250392" />
</allocation-stats>
<gc-op id="2852" type="mark" timems="41.661" contextid="2849" timestamp="2019-08-09T18:53:42.483">
  <trace-info objectcount="600489" scancount="521377" scanbytes="13382072" />
  <finalization candidates="80" enqueued="0" />
  <ownableSynchronizers candidates="21" cleared="0" />
  <references type="soft" candidates="3261" cleared="0" enqueued="0" dynamicThreshold="13" maxThreshold="32" />
  <references type="weak" candidates="5570" cleared="0" enqueued="0" />
  <references type="phantom" candidates="97" cleared="0" enqueued="0" />
  <stringconstants candidates="13595" cleared="0"  />
</gc-op>
<gc-op id="2853" type="sweep" timems="4.591" contextid="2849" timestamp="2019-08-09T18:53:42.487" />
<mem-info id="2854" free="13612912" total="31588352" percent="43">
  <mem type="tenure" free="13612912" total="31588352" percent="43" micro-fragmented="0" macro-fragmented="0">
    <mem type="soa" free="13297520" total="31272960" percent="42" />
    <mem type="loa" free="315392" total="315392" percent="100" />
  </mem>
</mem-info>
<gc-op id="2855" type="compact" timems="26.009" contextid="2849" timestamp="2019-08-09T18:53:42.513">
  <compact-info movecount="2" movebytes="56" reason="compact to aid heap contraction" />
</gc-op>
<heap-resize id="2856" type="expand" space="tenure" amount="131072" count="1" timems="0.022" reason="satisfy allocation request" timestamp="2019-08-09T18:53:42.514" />
<gc-end id="2857" type="global" contextid="2849" durationms="73.219" usertimems="196.428" systemtimems="0.000" timestamp="2019-08-09T18:53:42.514" activeThreads="16">
  <mem-info id="2858" free="13678448" total="31719424" percent="43">
    <mem type="tenure" free="13678448" total="31719424" percent="43">
      <mem type="soa" free="13362032" total="31403008" percent="42" />
      <mem type="loa" free="316416" total="316416" percent="100" />
    </mem>
  </mem-info>
</gc-end>
<cycle-end id="2859" type="global" contextid="2849" timestamp="2019-08-09T18:53:42.514" />
  <attribute name="elasticGC enabled" value="1" />
  <attribute name= "numThreadsSpecified" value="16" />
  <attribute name="heapSize specified" value="31588352" />
  <attribute name="Current GC Util" value="52" />
  <attribute name= "Current Time Running" value="162457" />
  <attribute name ="GC Interval" value="0" />
  <attribute name="Target GC Util Change" value ="80.000000" />
  <attribute name="Current GC Util Change" value="52.000000"/>
  <attribute name="Current Error" value="-687.000000" />
  <attribute name="Output H" value="31663240"/>
  <attribute name="Output I" value="1216"/>
  <attribute name="Output T" value="16"/>
  <attribute name= "Current Time Running" value="162457" />
  <attribute name="GC Util currently" value="52" />
  <attribute name="CPU Util currently" value="44269660328" />
<allocation-satisfied id="2860" threadId="00000000023ECF00" bytesRequested="1168" />
<af-end id="2861" timestamp="2019-08-09T18:53:42.514" threadId="00000000023ED888" success="true" />
<exclusive-end id="2862" timestamp="2019-08-09T18:53:42.514" durationms="73.542" />

<exclusive-start id="2863" timestamp="2019-08-09T18:53:42.519" intervalms="78.207">
  <response-info timems="0.050" idlems="0.050" threads="0" lastid="00000000023ECF00" lastname="main" />
</exclusive-start>
<af-start id="2864" threadId="00000000023ED888" totalBytesRequested="1168" timestamp="2019-08-09T18:53:42.519" intervalms="78.202" />
<cycle-start id="2865" type="global" contextid="0" timestamp="2019-08-09T18:53:42.519" intervalms="78.103" />
<gc-start id="2866" type="global" contextid="2865" timestamp="2019-08-09T18:53:42.519">
  <mem-info id="2867" free="316416" total="31719424" percent="0">
    <mem type="tenure" free="316416" total="31719424" percent="0">
      <mem type="soa" free="0" total="31403008" percent="0" />
      <mem type="loa" free="316416" total="316416" percent="100" />
    </mem>
  </mem-info>
</gc-start>
<allocation-stats totalBytes="13379800" >
  <allocated-bytes non-tlh="0" tlh="13379800" />
  <largest-consumer threadName="main" threadId="00000000023ECF00" bytes="13379800" />
</allocation-stats>
<gc-op id="2868" type="mark" timems="9.556" contextid="2865" timestamp="2019-08-09T18:53:42.529">
  <trace-info objectcount="600489" scancount="521375" scanbytes="13382072" />
  <finalization candidates="80" enqueued="0" />
  <ownableSynchronizers candidates="21" cleared="0" />
  <references type="soft" candidates="3261" cleared="0" enqueued="0" dynamicThreshold="13" maxThreshold="32" />
  <references type="weak" candidates="5570" cleared="0" enqueued="0" />
  <references type="phantom" candidates="97" cleared="0" enqueued="0" />
  <stringconstants candidates="13595" cleared="0"  />
</gc-op>
<gc-op id="2869" type="sweep" timems="8.437" contextid="2865" timestamp="2019-08-09T18:53:42.537" />
<mem-info id="2870" free="13743984" total="31719424" percent="43">
  <mem type="tenure" free="13743984" total="31719424" percent="43" micro-fragmented="0" macro-fragmented="0">
    <mem type="soa" free="13427568" total="31403008" percent="42" />
    <mem type="loa" free="316416" total="316416" percent="100" />
  </mem>
</mem-info>
<gc-op id="2871" type="compact" timems="33.955" contextid="2865" timestamp="2019-08-09T18:53:42.571">
  <compact-info movecount="2" movebytes="56" reason="compact to aid heap contraction" />
</gc-op>
<heap-resize id="2872" type="expand" space="tenure" amount="131072" count="1" timems="0.025" reason="satisfy allocation request" timestamp="2019-08-09T18:53:42.572" />
<gc-end id="2873" type="global" contextid="2865" durationms="52.745" usertimems="100.101" systemtimems="0.000" timestamp="2019-08-09T18:53:42.572" activeThreads="16">
  <mem-info id="2874" free="13809520" total="31850496" percent="43">
    <mem type="tenure" free="13809520" total="31850496" percent="43">
      <mem type="soa" free="13491056" total="31532032" percent="42" />
      <mem type="loa" free="318464" total="318464" percent="100" />
    </mem>
  </mem-info>
</gc-end>
<cycle-end id="2875" type="global" contextid="2865" timestamp="2019-08-09T18:53:42.572" />
  <attribute name="elasticGC enabled" value="1" />
  <attribute name= "numThreadsSpecified" value="16" />
  <attribute name="heapSize specified" value="31719424" />
  <attribute name="Current GC Util" value="35" />
  <attribute name= "Current Time Running" value="162515" />
  <attribute name ="GC Interval" value="0" />
  <attribute name="Target GC Util Change" value ="80.000000" />
  <attribute name="Current GC Util Change" value="35.000000"/>
  <attribute name="Current Error" value="-302.000000" />
  <attribute name="Output H" value="31794760"/>
  <attribute name="Output I" value="1664"/>
  <attribute name="Output T" value="16"/>
  <attribute name= "Current Time Running" value="162515" />
  <attribute name="GC Util currently" value="35" />
  <attribute name="CPU Util currently" value="33922128960" />
<allocation-satisfied id="2876" threadId="00000000023ECF00" bytesRequested="1168" />
<af-end id="2877" timestamp="2019-08-09T18:53:42.572" threadId="00000000023ED888" success="true" />
<exclusive-end id="2878" timestamp="2019-08-09T18:53:42.572" durationms="53.099" />

<exclusive-start id="2879" timestamp="2019-08-09T18:53:42.577" intervalms="57.582">
  <response-info timems="0.064" idlems="0.064" threads="0" lastid="00000000023ECF00" lastname="main" />
</exclusive-start>
<af-start id="2880" threadId="00000000023ED888" totalBytesRequested="1168" timestamp="2019-08-09T18:53:42.577" intervalms="57.577" />
<cycle-start id="2881" type="global" contextid="0" timestamp="2019-08-09T18:53:42.577" intervalms="57.673" />
<gc-start id="2882" type="global" contextid="2881" timestamp="2019-08-09T18:53:42.577">
  <mem-info id="2883" free="318464" total="31850496" percent="0">
    <mem type="tenure" free="318464" total="31850496" percent="0">
      <mem type="soa" free="0" total="31532032" percent="0" />
      <mem type="loa" free="318464" total="318464" percent="100" />
    </mem>
  </mem-info>
</gc-start>
<allocation-stats totalBytes="13509208" >
  <allocated-bytes non-tlh="0" tlh="13509208" />
  <largest-consumer threadName="main" threadId="00000000023ECF00" bytes="13509208" />
</allocation-stats>
<gc-op id="2884" type="mark" timems="37.737" contextid="2881" timestamp="2019-08-09T18:53:42.615">
  <trace-info objectcount="600489" scancount="521373" scanbytes="13382072" />
  <finalization candidates="80" enqueued="0" />
  <ownableSynchronizers candidates="21" cleared="0" />
  <references type="soft" candidates="3261" cleared="0" enqueued="0" dynamicThreshold="13" maxThreshold="32" />
  <references type="weak" candidates="5570" cleared="0" enqueued="0" />
  <references type="phantom" candidates="97" cleared="0" enqueued="0" />
  <stringconstants candidates="13595" cleared="0"  />
</gc-op>
<gc-op id="2885" type="sweep" timems="1.646" contextid="2881" timestamp="2019-08-09T18:53:42.616" />
<mem-info id="2886" free="13874840" total="31850496" percent="43">
  <mem type="tenure" free="13874840" total="31850496" percent="43" micro-fragmented="0" macro-fragmented="0">
    <mem type="soa" free="13556376" total="31532032" percent="42" />
    <mem type="loa" free="318464" total="318464" percent="100" />
  </mem>
</mem-info>
<gc-op id="2887" type="compact" timems="34.832" contextid="2881" timestamp="2019-08-09T18:53:42.651">
  <compact-info movecount="2" movebytes="56" reason="compact to aid heap contraction" />
</gc-op>
<heap-resize id="2888" type="expand" space="tenure" amount="131072" count="1" timems="0.021" reason="satisfy allocation request" timestamp="2019-08-09T18:53:42.652" />
<gc-end id="2889" type="global" contextid="2881" durationms="75.287" usertimems="264.101" systemtimems="0.000" timestamp="2019-08-09T18:53:42.652" activeThreads="8">
  <mem-info id="2890" free="13940592" total="31981568" percent="43">
    <mem type="tenure" free="13940592" total="31981568" percent="43">
      <mem type="soa" free="13621104" total="31662080" percent="43" />
      <mem type="loa" free="319488" total="319488" percent="100" />
    </mem>
  </mem-info>
</gc-end>
<cycle-end id="2891" type="global" contextid="2881" timestamp="2019-08-09T18:53:42.652" />
  <attribute name="elasticGC enabled" value="1" />
  <attribute name= "numThreadsSpecified" value="8" />
  <attribute name="heapSize specified" value="31850496" />
  <attribute name="Current GC Util" value="100" />
  <attribute name= "Current Time Running" value="162595" />
  <attribute name ="GC Interval" value="0" />
  <attribute name="Target GC Util Change" value ="80.000000" />
  <attribute name="Current GC Util Change" value="100.000000"/>
  <attribute name="Current Error" value="-20.000000" />
  <attribute name="Output H" value="31926160"/>
  <attribute name="Output I" value="1992"/>
  <attribute name="Output T" value="8"/>
  <attribute name= "Current Time Running" value="162595" />
  <attribute name="GC Util currently" value="100" />
  <attribute name="CPU Util currently" value="33070151060" />
<allocation-satisfied id="2892" threadId="00000000023ECF00" bytesRequested="1168" />
<af-end id="2893" timestamp="2019-08-09T18:53:42.652" threadId="00000000023ED888" success="true" />
<exclusive-end id="2894" timestamp="2019-08-09T18:53:42.652" durationms="75.604" />

<exclusive-start id="2895" timestamp="2019-08-09T18:53:42.657" intervalms="80.093">
  <response-info timems="0.045" idlems="0.045" threads="0" lastid="00000000023ECF00" lastname="main" />
</exclusive-start>
<af-start id="2896" threadId="00000000023ED888" totalBytesRequested="1168" timestamp="2019-08-09T18:53:42.657" intervalms="80.102" />
<cycle-start id="2897" type="global" contextid="0" timestamp="2019-08-09T18:53:42.657" intervalms="80.012" />
<gc-start id="2898" type="global" contextid="2897" timestamp="2019-08-09T18:53:42.657">
  <mem-info id="2899" free="319488" total="31981568" percent="0">
    <mem type="tenure" free="319488" total="31981568" percent="0">
      <mem type="soa" free="0" total="31662080" percent="0" />
      <mem type="loa" free="319488" total="319488" percent="100" />
    </mem>
  </mem-info>
</gc-start>
<allocation-stats totalBytes="13638640" >
  <allocated-bytes non-tlh="0" tlh="13638640" />
  <largest-consumer threadName="main" threadId="00000000023ECF00" bytes="13638640" />
</allocation-stats>
<gc-op id="2900" type="mark" timems="12.519" contextid="2897" timestamp="2019-08-09T18:53:42.669">
  <trace-info objectcount="600489" scancount="521379" scanbytes="13382072" />
  <finalization candidates="80" enqueued="0" />
  <ownableSynchronizers candidates="21" cleared="0" />
  <references type="soft" candidates="3261" cleared="0" enqueued="0" dynamicThreshold="13" maxThreshold="32" />
  <references type="weak" candidates="5570" cleared="0" enqueued="0" />
  <references type="phantom" candidates="97" cleared="0" enqueued="0" />
  <stringconstants candidates="13595" cleared="0"  />
</gc-op>
<gc-op id="2901" type="sweep" timems="1.783" contextid="2897" timestamp="2019-08-09T18:53:42.671" />
<mem-info id="2902" free="14005728" total="31981568" percent="43">
  <mem type="tenure" free="14005728" total="31981568" percent="43" micro-fragmented="0" macro-fragmented="0">
    <mem type="soa" free="13686240" total="31662080" percent="43" />
    <mem type="loa" free="319488" total="319488" percent="100" />
  </mem>
</mem-info>
<gc-op id="2903" type="compact" timems="30.611" contextid="2897" timestamp="2019-08-09T18:53:42.702">
  <compact-info movecount="2" movebytes="56" reason="compact to aid heap contraction" />
</gc-op>
<heap-resize id="2904" type="expand" space="tenure" amount="131072" count="1" timems="0.021" reason="satisfy allocation request" timestamp="2019-08-09T18:53:42.703" />
<gc-end id="2905" type="global" contextid="2897" durationms="45.834" usertimems="160.228" systemtimems="0.000" timestamp="2019-08-09T18:53:42.703" activeThreads="16">
  <mem-info id="2906" free="14071664" total="32112640" percent="43">
    <mem type="tenure" free="14071664" total="32112640" percent="43">
      <mem type="soa" free="13751152" total="31792128" percent="43" />
      <mem type="loa" free="320512" total="320512" percent="100" />
    </mem>
  </mem-info>
</gc-end>
<cycle-end id="2907" type="global" contextid="2897" timestamp="2019-08-09T18:53:42.703" />
  <attribute name="elasticGC enabled" value="1" />
  <attribute name= "numThreadsSpecified" value="16" />
  <attribute name="heapSize specified" value="31981568" />
  <attribute name="Current GC Util" value="39" />
  <attribute name= "Current Time Running" value="162646" />
  <attribute name ="GC Interval" value="0" />
  <attribute name="Target GC Util Change" value ="80.000000" />
  <attribute name="Current GC Util Change" value="39.000000"/>
  <attribute name="Current Error" value="-636.000000" />
  <attribute name="Output H" value="32056520"/>
  <attribute name="Output I" value="1280"/>
  <attribute name="Output T" value="16"/>
  <attribute name= "Current Time Running" value="162646" />
  <attribute name="GC Util currently" value="39" />
  <attribute name="CPU Util currently" value="37598390306" />
<allocation-satisfied id="2908" threadId="00000000023ECF00" bytesRequested="1168" />
<af-end id="2909" timestamp="2019-08-09T18:53:42.703" threadId="00000000023ED888" success="true" />
<exclusive-end id="2910" timestamp="2019-08-09T18:53:42.703" durationms="46.072" />

<exclusive-start id="2911" timestamp="2019-08-09T18:53:42.709" intervalms="52.245">
  <response-info timems="0.138" idlems="0.138" threads="0" lastid="00000000023ECF00" lastname="main" />
</exclusive-start>
<af-start id="2912" threadId="00000000023ED888" totalBytesRequested="1168" timestamp="2019-08-09T18:53:42.709" intervalms="52.247" />
<cycle-start id="2913" type="global" contextid="0" timestamp="2019-08-09T18:53:42.709" intervalms="52.246" />
<gc-start id="2914" type="global" contextid="2913" timestamp="2019-08-09T18:53:42.709">
  <mem-info id="2915" free="320512" total="32112640" percent="0">
    <mem type="tenure" free="320512" total="32112640" percent="0">
      <mem type="soa" free="0" total="31792128" percent="0" />
      <mem type="loa" free="320512" total="320512" percent="100" />
    </mem>
  </mem-info>
</gc-start>
<allocation-stats totalBytes="13768024" >
  <allocated-bytes non-tlh="0" tlh="13768024" />
  <largest-consumer threadName="main" threadId="00000000023ECF00" bytes="13768024" />
</allocation-stats>
<gc-op id="2916" type="mark" timems="10.185" contextid="2913" timestamp="2019-08-09T18:53:42.719">
  <trace-info objectcount="600489" scancount="521374" scanbytes="13382072" />
  <finalization candidates="80" enqueued="0" />
  <ownableSynchronizers candidates="21" cleared="0" />
  <references type="soft" candidates="3261" cleared="0" enqueued="0" dynamicThreshold="14" maxThreshold="32" />
  <references type="weak" candidates="5570" cleared="0" enqueued="0" />
  <references type="phantom" candidates="97" cleared="0" enqueued="0" />
  <stringconstants candidates="13595" cleared="0"  />
</gc-op>
<gc-op id="2917" type="sweep" timems="2.040" contextid="2913" timestamp="2019-08-09T18:53:42.721" />
<mem-info id="2918" free="14136568" total="32112640" percent="44">
  <mem type="tenure" free="14136568" total="32112640" percent="44" micro-fragmented="0" macro-fragmented="0">
    <mem type="soa" free="13816056" total="31792128" percent="43" />
    <mem type="loa" free="320512" total="320512" percent="100" />
  </mem>
</mem-info>
<gc-op id="2919" type="compact" timems="26.010" contextid="2913" timestamp="2019-08-09T18:53:42.747">
  <compact-info movecount="2" movebytes="56" reason="compact to aid heap contraction" />
</gc-op>
<heap-resize id="2920" type="expand" space="tenure" amount="131072" count="1" timems="0.018" reason="satisfy allocation request" timestamp="2019-08-09T18:53:42.748" />
<gc-end id="2921" type="global" contextid="2913" durationms="39.122" usertimems="113.871" systemtimems="0.000" timestamp="2019-08-09T18:53:42.748" activeThreads="16">
  <mem-info id="2922" free="14202736" total="32243712" percent="44">
    <mem type="tenure" free="14202736" total="32243712" percent="44">
      <mem type="soa" free="13881200" total="31922176" percent="43" />
      <mem type="loa" free="321536" total="321536" percent="100" />
    </mem>
  </mem-info>
</gc-end>
<cycle-end id="2923" type="global" contextid="2913" timestamp="2019-08-09T18:53:42.748" />
  <attribute name="elasticGC enabled" value="1" />
  <attribute name= "numThreadsSpecified" value="16" />
  <attribute name="heapSize specified" value="32112640" />
  <attribute name="Current GC Util" value="69" />
  <attribute name= "Current Time Running" value="162691" />
  <attribute name ="GC Interval" value="0" />
  <attribute name="Target GC Util Change" value ="80.000000" />
  <attribute name="Current GC Util Change" value="69.000000"/>
  <attribute name="Current Error" value="-538.000000" />
  <attribute name="Output H" value="32187704"/>
  <attribute name="Output I" value="1392"/>
  <attribute name="Output T" value="16"/>
  <attribute name= "Current Time Running" value="162691" />
  <attribute name="GC Util currently" value="69" />
  <attribute name="CPU Util currently" value="44259237417" />
<allocation-satisfied id="2924" threadId="00000000023ECF00" bytesRequested="1168" />
<af-end id="2925" timestamp="2019-08-09T18:53:42.748" threadId="00000000023ED888" success="true" />
<exclusive-end id="2926" timestamp="2019-08-09T18:53:42.748" durationms="39.356" />

<exclusive-start id="2927" timestamp="2019-08-09T18:53:42.754" intervalms="45.236">
  <response-info timems="0.022" idlems="0.022" threads="0" lastid="00000000023ECF00" lastname="main" />
</exclusive-start>
<af-start id="2928" threadId="00000000023ED888" totalBytesRequested="1168" timestamp="2019-08-09T18:53:42.754" intervalms="45.233" />
<cycle-start id="2929" type="global" contextid="0" timestamp="2019-08-09T18:53:42.754" intervalms="45.227" />
<gc-start id="2930" type="global" contextid="2929" timestamp="2019-08-09T18:53:42.754">
  <mem-info id="2931" free="321536" total="32243712" percent="0">
    <mem type="tenure" free="321536" total="32243712" percent="0">
      <mem type="soa" free="0" total="31922176" percent="0" />
      <mem type="loa" free="321536" total="321536" percent="100" />
    </mem>
  </mem-info>
</gc-start>
<allocation-stats totalBytes="13897456" >
  <allocated-bytes non-tlh="0" tlh="13897456" />
  <largest-consumer threadName="main" threadId="00000000023ECF00" bytes="13897456" />
</allocation-stats>
<gc-op id="2932" type="mark" timems="13.384" contextid="2929" timestamp="2019-08-09T18:53:42.768">
  <trace-info objectcount="600489" scancount="521371" scanbytes="13382072" />
  <finalization candidates="80" enqueued="0" />
  <ownableSynchronizers candidates="21" cleared="0" />
  <references type="soft" candidates="3261" cleared="0" enqueued="0" dynamicThreshold="14" maxThreshold="32" />
  <references type="weak" candidates="5570" cleared="0" enqueued="0" />
  <references type="phantom" candidates="97" cleared="0" enqueued="0" />
  <stringconstants candidates="13595" cleared="0"  />
</gc-op>
<gc-op id="2933" type="sweep" timems="10.306" contextid="2929" timestamp="2019-08-09T18:53:42.778" />
<mem-info id="2934" free="14268272" total="32243712" percent="44">
  <mem type="tenure" free="14268272" total="32243712" percent="44" micro-fragmented="0" macro-fragmented="0">
    <mem type="soa" free="13946736" total="31922176" percent="43" />
    <mem type="loa" free="321536" total="321536" percent="100" />
  </mem>
</mem-info>
<gc-op id="2935" type="compact" timems="29.990" contextid="2929" timestamp="2019-08-09T18:53:42.808">
  <compact-info movecount="2" movebytes="56" reason="compact to aid heap contraction" />
</gc-op>
<heap-resize id="2936" type="expand" space="tenure" amount="131072" count="1" timems="0.020" reason="satisfy allocation request" timestamp="2019-08-09T18:53:42.809" />
<gc-end id="2937" type="global" contextid="2929" durationms="54.418" usertimems="112.698" systemtimems="0.000" timestamp="2019-08-09T18:53:42.809" activeThreads="16">
  <mem-info id="2938" free="14333808" total="32374784" percent="44">
    <mem type="tenure" free="14333808" total="32374784" percent="44">
      <mem type="soa" free="14010224" total="32051200" percent="43" />
      <mem type="loa" free="323584" total="323584" percent="100" />
    </mem>
  </mem-info>
</gc-end>
<cycle-end id="2939" type="global" contextid="2929" timestamp="2019-08-09T18:53:42.809" />
  <attribute name="elasticGC enabled" value="1" />
  <attribute name= "numThreadsSpecified" value="16" />
  <attribute name="heapSize specified" value="32243712" />
  <attribute name="Current GC Util" value="65" />
  <attribute name= "Current Time Running" value="162752" />
  <attribute name ="GC Interval" value="0" />
  <attribute name="Target GC Util Change" value ="80.000000" />
  <attribute name="Current GC Util Change" value="65.000000"/>
  <attribute name="Current Error" value="15.000000" />
  <attribute name="Output H" value="32319416"/>
  <attribute name="Output I" value="2032"/>
  <attribute name="Output T" value="16"/>
  <attribute name= "Current Time Running" value="162752" />
  <attribute name="GC Util currently" value="65" />
  <attribute name="CPU Util currently" value="38398791147" />
<allocation-satisfied id="2940" threadId="00000000023ECF00" bytesRequested="1168" />
<af-end id="2941" timestamp="2019-08-09T18:53:42.809" threadId="00000000023ED888" success="true" />
<exclusive-end id="2942" timestamp="2019-08-09T18:53:42.809" durationms="54.624" />

<exclusive-start id="2943" timestamp="2019-08-09T18:53:42.813" intervalms="58.768">
  <response-info timems="0.140" idlems="0.140" threads="0" lastid="00000000023ECF00" lastname="main" />
</exclusive-start>
<af-start id="2944" threadId="00000000023ED888" totalBytesRequested="1168" timestamp="2019-08-09T18:53:42.813" intervalms="58.776" />
<cycle-start id="2945" type="global" contextid="0" timestamp="2019-08-09T18:53:42.813" intervalms="58.783" />
<gc-start id="2946" type="global" contextid="2945" timestamp="2019-08-09T18:53:42.813">
  <mem-info id="2947" free="323584" total="32374784" percent="0">
    <mem type="tenure" free="323584" total="32374784" percent="0">
      <mem type="soa" free="0" total="32051200" percent="0" />
      <mem type="loa" free="323584" total="323584" percent="100" />
    </mem>
  </mem-info>
</gc-start>
<allocation-stats totalBytes="14026840" >
  <allocated-bytes non-tlh="0" tlh="14026840" />
  <largest-consumer threadName="main" threadId="00000000023ECF00" bytes="14026840" />
</allocation-stats>
<gc-op id="2948" type="mark" timems="12.296" contextid="2945" timestamp="2019-08-09T18:53:42.825">
  <trace-info objectcount="600489" scancount="521372" scanbytes="13382072" />
  <finalization candidates="80" enqueued="0" />
  <ownableSynchronizers candidates="21" cleared="0" />
  <references type="soft" candidates="3261" cleared="0" enqueued="0" dynamicThreshold="14" maxThreshold="32" />
  <references type="weak" candidates="5570" cleared="0" enqueued="0" />
  <references type="phantom" candidates="97" cleared="0" enqueued="0" />
  <stringconstants candidates="13595" cleared="0"  />
</gc-op>
<gc-op id="2949" type="sweep" timems="1.940" contextid="2945" timestamp="2019-08-09T18:53:42.827" />
<mem-info id="2950" free="14399320" total="32374784" percent="44">
  <mem type="tenure" free="14399320" total="32374784" percent="44" micro-fragmented="0" macro-fragmented="0">
    <mem type="soa" free="14075736" total="32051200" percent="43" />
    <mem type="loa" free="323584" total="323584" percent="100" />
  </mem>
</mem-info>
<gc-op id="2951" type="compact" timems="31.962" contextid="2945" timestamp="2019-08-09T18:53:42.859">
  <compact-info movecount="2" movebytes="56" reason="compact to aid heap contraction" />
</gc-op>
<heap-resize id="2952" type="expand" space="tenure" amount="131072" count="1" timems="0.020" reason="satisfy allocation request" timestamp="2019-08-09T18:53:42.860" />
<gc-end id="2953" type="global" contextid="2945" durationms="47.199" usertimems="100.264" systemtimems="0.000" timestamp="2019-08-09T18:53:42.860" activeThreads="16">
  <mem-info id="2954" free="14464880" total="32505856" percent="44">
    <mem type="tenure" free="14464880" total="32505856" percent="44">
      <mem type="soa" free="14140272" total="32181248" percent="43" />
      <mem type="loa" free="324608" total="324608" percent="100" />
    </mem>
  </mem-info>
</gc-end>
<cycle-end id="2955" type="global" contextid="2945" timestamp="2019-08-09T18:53:42.860" />
  <attribute name="elasticGC enabled" value="1" />
  <attribute name= "numThreadsSpecified" value="16" />
  <attribute name="heapSize specified" value="32374784" />
  <attribute name="Current GC Util" value="37" />
  <attribute name= "Current Time Running" value="162803" />
  <attribute name ="GC Interval" value="0" />
  <attribute name="Target GC Util Change" value ="80.000000" />
  <attribute name="Current GC Util Change" value="37.000000"/>
  <attribute name="Current Error" value="-777.000000" />
  <attribute name="Output H" value="32449568"/>
  <attribute name="Output I" value="1112"/>
  <attribute name="Output T" value="16"/>
  <attribute name= "Current Time Running" value="162803" />
  <attribute name="GC Util currently" value="37" />
  <attribute name="CPU Util currently" value="36027451726" />
<allocation-satisfied id="2956" threadId="00000000023ECF00" bytesRequested="1168" />
<af-end id="2957" timestamp="2019-08-09T18:53:42.860" threadId="00000000023ED888" success="true" />
<exclusive-end id="2958" timestamp="2019-08-09T18:53:42.860" durationms="47.465" />

<exclusive-start id="2959" timestamp="2019-08-09T18:53:42.865" intervalms="52.086">
  <response-info timems="0.126" idlems="0.126" threads="0" lastid="00000000023ECF00" lastname="main" />
</exclusive-start>
<af-start id="2960" threadId="00000000023ED888" totalBytesRequested="1168" timestamp="2019-08-09T18:53:42.865" intervalms="52.070" />
<cycle-start id="2961" type="global" contextid="0" timestamp="2019-08-09T18:53:42.865" intervalms="52.061" />
<gc-start id="2962" type="global" contextid="2961" timestamp="2019-08-09T18:53:42.865">
  <mem-info id="2963" free="324608" total="32505856" percent="0">
    <mem type="tenure" free="324608" total="32505856" percent="0">
      <mem type="soa" free="0" total="32181248" percent="0" />
      <mem type="loa" free="324608" total="324608" percent="100" />
    </mem>
  </mem-info>
</gc-start>
<allocation-stats totalBytes="14156272" >
  <allocated-bytes non-tlh="0" tlh="14156272" />
  <largest-consumer threadName="main" threadId="00000000023ECF00" bytes="14156272" />
</allocation-stats>
<gc-op id="2964" type="mark" timems="9.564" contextid="2961" timestamp="2019-08-09T18:53:42.875">
  <trace-info objectcount="600489" scancount="521376" scanbytes="13382072" />
  <finalization candidates="80" enqueued="0" />
  <ownableSynchronizers candidates="21" cleared="0" />
  <references type="soft" candidates="3261" cleared="0" enqueued="0" dynamicThreshold="14" maxThreshold="32" />
  <references type="weak" candidates="5570" cleared="0" enqueued="0" />
  <references type="phantom" candidates="97" cleared="0" enqueued="0" />
  <stringconstants candidates="13595" cleared="0"  />
</gc-op>
<gc-op id="2965" type="sweep" timems="1.706" contextid="2961" timestamp="2019-08-09T18:53:42.876" />
<mem-info id="2966" free="14530184" total="32505856" percent="44">
  <mem type="tenure" free="14530184" total="32505856" percent="44" micro-fragmented="0" macro-fragmented="0">
    <mem type="soa" free="14205576" total="32181248" percent="44" />
    <mem type="loa" free="324608" total="324608" percent="100" />
  </mem>
</mem-info>
<gc-op id="2967" type="compact" timems="33.527" contextid="2961" timestamp="2019-08-09T18:53:42.910">
  <compact-info movecount="2" movebytes="56" reason="compact to aid heap contraction" />
</gc-op>
<heap-resize id="2968" type="expand" space="tenure" amount="131072" count="1" timems="0.020" reason="satisfy allocation request" timestamp="2019-08-09T18:53:42.911" />
<gc-end id="2969" type="global" contextid="2961" durationms="46.149" usertimems="106.345" systemtimems="0.000" timestamp="2019-08-09T18:53:42.911" activeThreads="16">
  <mem-info id="2970" free="14595952" total="32636928" percent="44">
    <mem type="tenure" free="14595952" total="32636928" percent="44">
      <mem type="soa" free="14270320" total="32311296" percent="44" />
      <mem type="loa" free="325632" total="325632" percent="100" />
    </mem>
  </mem-info>
</gc-end>
<cycle-end id="2971" type="global" contextid="2961" timestamp="2019-08-09T18:53:42.911" />
  <attribute name="elasticGC enabled" value="1" />
  <attribute name= "numThreadsSpecified" value="16" />
  <attribute name="heapSize specified" value="32505856" />
  <attribute name="Current GC Util" value="35" />
  <attribute name= "Current Time Running" value="162854" />
  <attribute name ="GC Interval" value="0" />
  <attribute name="Target GC Util Change" value ="80.000000" />
  <attribute name="Current GC Util Change" value="35.000000"/>
  <attribute name="Current Error" value="-498.000000" />
  <attribute name="Output H" value="32580968"/>
  <attribute name="Output I" value="1440"/>
  <attribute name="Output T" value="16"/>
  <attribute name= "Current Time Running" value="162854" />
  <attribute name="GC Util currently" value="35" />
  <attribute name="CPU Util currently" value="34330276481" />
<allocation-satisfied id="2972" threadId="00000000023ECF00" bytesRequested="1168" />
<af-end id="2973" timestamp="2019-08-09T18:53:42.911" threadId="00000000023ED888" success="true" />
<exclusive-end id="2974" timestamp="2019-08-09T18:53:42.911" durationms="46.352" />

<exclusive-start id="2975" timestamp="2019-08-09T18:53:42.916" intervalms="51.394">
  <response-info timems="0.110" idlems="0.110" threads="0" lastid="00000000023ECF00" lastname="main" />
</exclusive-start>
<af-start id="2976" threadId="00000000023ED888" totalBytesRequested="1168" timestamp="2019-08-09T18:53:42.916" intervalms="51.420" />
<cycle-start id="2977" type="global" contextid="0" timestamp="2019-08-09T18:53:42.916" intervalms="51.425" />
<gc-start id="2978" type="global" contextid="2977" timestamp="2019-08-09T18:53:42.917">
  <mem-info id="2979" free="325632" total="32636928" percent="0">
    <mem type="tenure" free="325632" total="32636928" percent="0">
      <mem type="soa" free="0" total="32311296" percent="0" />
      <mem type="loa" free="325632" total="325632" percent="100" />
    </mem>
  </mem-info>
</gc-start>
<allocation-stats totalBytes="14285680" >
  <allocated-bytes non-tlh="0" tlh="14285680" />
  <largest-consumer threadName="main" threadId="00000000023ECF00" bytes="14285680" />
</allocation-stats>
<gc-op id="2980" type="mark" timems="10.827" contextid="2977" timestamp="2019-08-09T18:53:42.927">
  <trace-info objectcount="600489" scancount="521375" scanbytes="13382072" />
  <finalization candidates="80" enqueued="0" />
  <ownableSynchronizers candidates="21" cleared="0" />
  <references type="soft" candidates="3261" cleared="0" enqueued="0" dynamicThreshold="14" maxThreshold="32" />
  <references type="weak" candidates="5570" cleared="0" enqueued="0" />
  <references type="phantom" candidates="97" cleared="0" enqueued="0" />
  <stringconstants candidates="13595" cleared="0"  />
</gc-op>
<gc-op id="2981" type="sweep" timems="1.608" contextid="2977" timestamp="2019-08-09T18:53:42.929" />
<mem-info id="2982" free="14661048" total="32636928" percent="44">
  <mem type="tenure" free="14661048" total="32636928" percent="44" micro-fragmented="0" macro-fragmented="0">
    <mem type="soa" free="14335416" total="32311296" percent="44" />
    <mem type="loa" free="325632" total="325632" percent="100" />
  </mem>
</mem-info>
<gc-op id="2983" type="compact" timems="23.405" contextid="2977" timestamp="2019-08-09T18:53:42.952">
  <compact-info movecount="2" movebytes="56" reason="compact to aid heap contraction" />
</gc-op>
<heap-resize id="2984" type="expand" space="tenure" amount="131072" count="1" timems="0.017" reason="satisfy allocation request" timestamp="2019-08-09T18:53:42.953" />
<gc-end id="2985" type="global" contextid="2977" durationms="36.575" usertimems="93.337" systemtimems="0.000" timestamp="2019-08-09T18:53:42.953" activeThreads="16">
  <mem-info id="2986" free="14727024" total="32768000" percent="44">
    <mem type="tenure" free="14727024" total="32768000" percent="44">
      <mem type="soa" free="14399344" total="32440320" percent="44" />
      <mem type="loa" free="327680" total="327680" percent="100" />
    </mem>
  </mem-info>
</gc-end>
<cycle-end id="2987" type="global" contextid="2977" timestamp="2019-08-09T18:53:42.953" />
  <attribute name="elasticGC enabled" value="1" />
  <attribute name= "numThreadsSpecified" value="16" />
  <attribute name="heapSize specified" value="32636928" />
  <attribute name="Current GC Util" value="46" />
  <attribute name= "Current Time Running" value="162896" />
  <attribute name ="GC Interval" value="0" />
  <attribute name="Target GC Util Change" value ="80.000000" />
  <attribute name="Current GC Util Change" value="46.000000"/>
  <attribute name="Current Error" value="34.000000" />
  <attribute name="Output H" value="32712648"/>
  <attribute name="Output I" value="2048"/>
  <attribute name="Output T" value="16"/>
  <attribute name= "Current Time Running" value="162896" />
  <attribute name="GC Util currently" value="46" />
  <attribute name="CPU Util currently" value="49197203016" />
<allocation-satisfied id="2988" threadId="00000000023ECF00" bytesRequested="1168" />
<af-end id="2989" timestamp="2019-08-09T18:53:42.953" threadId="00000000023ED888" success="true" />
<exclusive-end id="2990" timestamp="2019-08-09T18:53:42.953" durationms="36.798" />

<exclusive-start id="2991" timestamp="2019-08-09T18:53:42.963" intervalms="46.645">
  <response-info timems="0.049" idlems="0.049" threads="0" lastid="00000000023ECF00" lastname="main" />
</exclusive-start>
<af-start id="2992" threadId="00000000023ED888" totalBytesRequested="1168" timestamp="2019-08-09T18:53:42.963" intervalms="46.643" />
<cycle-start id="2993" type="global" contextid="0" timestamp="2019-08-09T18:53:42.963" intervalms="46.646" />
<gc-start id="2994" type="global" contextid="2993" timestamp="2019-08-09T18:53:42.963">
  <mem-info id="2995" free="327680" total="32768000" percent="1">
    <mem type="tenure" free="327680" total="32768000" percent="1">
      <mem type="soa" free="0" total="32440320" percent="0" />
      <mem type="loa" free="327680" total="327680" percent="100" />
    </mem>
  </mem-info>
</gc-start>
<allocation-stats totalBytes="14383344" >
  <allocated-bytes non-tlh="0" tlh="14383344" />
  <largest-consumer threadName="main" threadId="00000000023ECF00" bytes="14383344" />
</allocation-stats>
<gc-op id="2996" type="mark" timems="10.865" contextid="2993" timestamp="2019-08-09T18:53:42.974">
  <trace-info objectcount="600495" scancount="521383" scanbytes="13382224" />
  <finalization candidates="80" enqueued="0" />
  <ownableSynchronizers candidates="21" cleared="0" />
  <references type="soft" candidates="3261" cleared="0" enqueued="0" dynamicThreshold="14" maxThreshold="32" />
  <references type="weak" candidates="5570" cleared="0" enqueued="0" />
  <references type="phantom" candidates="97" cleared="0" enqueued="0" />
  <stringconstants candidates="13595" cleared="0"  />
</gc-op>
<gc-op id="2997" type="sweep" timems="1.833" contextid="2993" timestamp="2019-08-09T18:53:42.976" />
<mem-info id="2998" free="14791432" total="32768000" percent="45">
  <mem type="tenure" free="14791432" total="32768000" percent="45" micro-fragmented="0" macro-fragmented="0">
    <mem type="soa" free="14463752" total="32440320" percent="44" />
    <mem type="loa" free="327680" total="327680" percent="100" />
  </mem>
</mem-info>
<gc-op id="2999" type="compact" timems="49.968" contextid="2993" timestamp="2019-08-09T18:53:43.026">
  <compact-info movecount="27" movebytes="1936" reason="compact to aid heap contraction" />
</gc-op>
<heap-resize id="3000" type="expand" space="tenure" amount="131072" count="1" timems="0.025" reason="satisfy allocation request" timestamp="2019-08-09T18:53:43.027" />
<gc-end id="3001" type="global" contextid="2993" durationms="64.130" usertimems="169.080" systemtimems="0.000" timestamp="2019-08-09T18:53:43.027" activeThreads="16">
  <mem-info id="3002" free="14857936" total="32899072" percent="45">
    <mem type="tenure" free="14857936" total="32899072" percent="45">
      <mem type="soa" free="14529232" total="32570368" percent="44" />
      <mem type="loa" free="328704" total="328704" percent="100" />
    </mem>
  </mem-info>
</gc-end>
<cycle-end id="3003" type="global" contextid="2993" timestamp="2019-08-09T18:53:43.027" />
  <attribute name="elasticGC enabled" value="1" />
  <attribute name= "numThreadsSpecified" value="16" />
  <attribute name="heapSize specified" value="32768000" />
  <attribute name="Current GC Util" value="23" />
  <attribute name= "Current Time Running" value="162970" />
  <attribute name ="GC Interval" value="0" />
  <attribute name="Target GC Util Change" value ="80.000000" />
  <attribute name="Current GC Util Change" value="23.000000"/>
  <attribute name="Current Error" value="-565.000000" />
  <attribute name="Output H" value="32843032"/>
  <attribute name="Output I" value="1360"/>
  <attribute name="Output T" value="16"/>
  <attribute name= "Current Time Running" value="162970" />
  <attribute name="GC Util currently" value="23" />
  <attribute name="CPU Util currently" value="23033195572" />
<allocation-satisfied id="3004" threadId="00000000023ECF00" bytesRequested="1168" />
<af-end id="3005" timestamp="2019-08-09T18:53:43.027" threadId="00000000023ED888" success="true" />
<exclusive-end id="3006" timestamp="2019-08-09T18:53:43.027" durationms="64.367" />

<exclusive-start id="3007" timestamp="2019-08-09T18:53:43.038" intervalms="75.342">
  <response-info timems="0.039" idlems="0.039" threads="0" lastid="00000000023ECF00" lastname="main" />
</exclusive-start>
<af-start id="3008" threadId="00000000023ED888" totalBytesRequested="1168" timestamp="2019-08-09T18:53:43.038" intervalms="75.321" />
<cycle-start id="3009" type="global" contextid="0" timestamp="2019-08-09T18:53:43.038" intervalms="75.315" />
<gc-start id="3010" type="global" contextid="3009" timestamp="2019-08-09T18:53:43.038">
  <mem-info id="3011" free="328704" total="32899072" percent="0">
    <mem type="tenure" free="328704" total="32899072" percent="0">
      <mem type="soa" free="0" total="32570368" percent="0" />
      <mem type="loa" free="328704" total="328704" percent="100" />
    </mem>
  </mem-info>
</gc-start>
<allocation-stats totalBytes="14498080" >
  <allocated-bytes non-tlh="0" tlh="14498080" />
  <largest-consumer threadName="main" threadId="00000000023ECF00" bytes="14498080" />
</allocation-stats>
<gc-op id="3012" type="mark" timems="11.975" contextid="3009" timestamp="2019-08-09T18:53:43.050">
  <trace-info objectcount="600495" scancount="521386" scanbytes="13382224" />
  <finalization candidates="80" enqueued="0" />
  <ownableSynchronizers candidates="21" cleared="0" />
  <references type="soft" candidates="3261" cleared="0" enqueued="0" dynamicThreshold="14" maxThreshold="32" />
  <references type="weak" candidates="5570" cleared="0" enqueued="0" />
  <references type="phantom" candidates="97" cleared="0" enqueued="0" />
  <stringconstants candidates="13595" cleared="0"  />
</gc-op>
<gc-op id="3013" type="sweep" timems="1.798" contextid="3009" timestamp="2019-08-09T18:53:43.052" />
<mem-info id="3014" free="14923472" total="32899072" percent="45">
  <mem type="tenure" free="14923472" total="32899072" percent="45" micro-fragmented="0" macro-fragmented="0">
    <mem type="soa" free="14594768" total="32570368" percent="44" />
    <mem type="loa" free="328704" total="328704" percent="100" />
  </mem>
</mem-info>
<gc-op id="3015" type="compact" timems="30.557" contextid="3009" timestamp="2019-08-09T18:53:43.083">
  <compact-info movecount="1" movebytes="40" reason="compact to aid heap contraction" />
</gc-op>
<heap-resize id="3016" type="expand" space="tenure" amount="131072" count="1" timems="0.016" reason="satisfy allocation request" timestamp="2019-08-09T18:53:43.084" />
<gc-end id="3017" type="global" contextid="3009" durationms="45.271" usertimems="150.239" systemtimems="0.000" timestamp="2019-08-09T18:53:43.084" activeThreads="16">
  <mem-info id="3018" free="14989008" total="33030144" percent="45">
    <mem type="tenure" free="14989008" total="33030144" percent="45">
      <mem type="soa" free="14659280" total="32700416" percent="44" />
      <mem type="loa" free="329728" total="329728" percent="100" />
    </mem>
  </mem-info>
</gc-end>
<cycle-end id="3019" type="global" contextid="3009" timestamp="2019-08-09T18:53:43.084" />
  <attribute name="elasticGC enabled" value="1" />
  <attribute name= "numThreadsSpecified" value="16" />
  <attribute name="heapSize specified" value="32899072" />
  <attribute name="Current GC Util" value="40" />
  <attribute name= "Current Time Running" value="163027" />
  <attribute name ="GC Interval" value="0" />
  <attribute name="Target GC Util Change" value ="80.000000" />
  <attribute name="Current GC Util Change" value="40.000000"/>
  <attribute name="Current Error" value="-410.000000" />
  <attribute name="Output H" value="32974280"/>
  <attribute name="Output I" value="1536"/>
  <attribute name="Output T" value="16"/>
  <attribute name= "Current Time Running" value="163027" />
  <attribute name="GC Util currently" value="40" />
  <attribute name="CPU Util currently" value="37693793300" />
<allocation-satisfied id="3020" threadId="00000000023ECF00" bytesRequested="1168" />
<af-end id="3021" timestamp="2019-08-09T18:53:43.084" threadId="00000000023ED888" success="true" />
<exclusive-end id="3022" timestamp="2019-08-09T18:53:43.084" durationms="45.573" />

<exclusive-start id="3023" timestamp="2019-08-09T18:53:43.091" intervalms="52.363">
  <response-info timems="0.048" idlems="0.048" threads="0" lastid="00000000023ECF00" lastname="main" />
</exclusive-start>
<af-start id="3024" threadId="00000000023ED888" totalBytesRequested="1168" timestamp="2019-08-09T18:53:43.091" intervalms="52.367" />
<cycle-start id="3025" type="global" contextid="0" timestamp="2019-08-09T18:53:43.091" intervalms="52.367" />
<gc-start id="3026" type="global" contextid="3025" timestamp="2019-08-09T18:53:43.091">
  <mem-info id="3027" free="329728" total="33030144" percent="0">
    <mem type="tenure" free="329728" total="33030144" percent="0">
      <mem type="soa" free="0" total="32700416" percent="0" />
      <mem type="loa" free="329728" total="329728" percent="100" />
    </mem>
  </mem-info>
</gc-start>
<allocation-stats totalBytes="14628280" >
  <allocated-bytes non-tlh="0" tlh="14628280" />
  <largest-consumer threadName="main" threadId="00000000023ECF00" bytes="14628280" />
</allocation-stats>
<gc-op id="3028" type="mark" timems="13.689" contextid="3025" timestamp="2019-08-09T18:53:43.105">
  <trace-info objectcount="600495" scancount="521382" scanbytes="13382224" />
  <finalization candidates="80" enqueued="0" />
  <ownableSynchronizers candidates="21" cleared="0" />
  <references type="soft" candidates="3261" cleared="0" enqueued="0" dynamicThreshold="14" maxThreshold="32" />
  <references type="weak" candidates="5570" cleared="0" enqueued="0" />
  <references type="phantom" candidates="97" cleared="0" enqueued="0" />
  <stringconstants candidates="13595" cleared="0"  />
</gc-op>
<gc-op id="3029" type="sweep" timems="4.603" contextid="3025" timestamp="2019-08-09T18:53:43.109" />
<mem-info id="3030" free="15054432" total="33030144" percent="45">
  <mem type="tenure" free="15054432" total="33030144" percent="45" micro-fragmented="0" macro-fragmented="0">
    <mem type="soa" free="14724704" total="32700416" percent="45" />
    <mem type="loa" free="329728" total="329728" percent="100" />
  </mem>
</mem-info>
<gc-op id="3031" type="compact" timems="29.457" contextid="3025" timestamp="2019-08-09T18:53:43.139">
  <compact-info movecount="1" movebytes="40" reason="compact to aid heap contraction" />
</gc-op>
<heap-resize id="3032" type="expand" space="tenure" amount="131072" count="1" timems="0.022" reason="satisfy allocation request" timestamp="2019-08-09T18:53:43.140" />
<gc-end id="3033" type="global" contextid="3025" durationms="49.337" usertimems="129.674" systemtimems="0.000" timestamp="2019-08-09T18:53:43.140" activeThreads="16">
  <mem-info id="3034" free="15120080" total="33161216" percent="45">
    <mem type="tenure" free="15120080" total="33161216" percent="45">
      <mem type="soa" free="14789328" total="32830464" percent="45" />
      <mem type="loa" free="330752" total="330752" percent="100" />
    </mem>
  </mem-info>
</gc-end>
<cycle-end id="3035" type="global" contextid="3025" timestamp="2019-08-09T18:53:43.140" />
  <attribute name="elasticGC enabled" value="1" />
  <attribute name= "numThreadsSpecified" value="16" />
  <attribute name="heapSize specified" value="33030144" />
  <attribute name="Current GC Util" value="44" />
  <attribute name= "Current Time Running" value="163083" />
  <attribute name ="GC Interval" value="0" />
  <attribute name="Target GC Util Change" value ="80.000000" />
  <attribute name="Current GC Util Change" value="44.000000"/>
  <attribute name="Current Error" value="36.000000" />
  <attribute name="Output H" value="33105872"/>
  <attribute name="Output I" value="2056"/>
  <attribute name="Output T" value="16"/>
  <attribute name= "Current Time Running" value="163083" />
  <attribute name="GC Util currently" value="44" />
  <attribute name="CPU Util currently" value="39075045082" />
<allocation-satisfied id="3036" threadId="00000000023ECF00" bytesRequested="1168" />
<af-end id="3037" timestamp="2019-08-09T18:53:43.140" threadId="00000000023ED888" success="true" />
<exclusive-end id="3038" timestamp="2019-08-09T18:53:43.140" durationms="49.561" />

<exclusive-start id="3039" timestamp="2019-08-09T18:53:43.148" intervalms="57.586">
  <response-info timems="0.080" idlems="0.080" threads="0" lastid="00000000023ECF00" lastname="main" />
</exclusive-start>
<af-start id="3040" threadId="00000000023ED888" totalBytesRequested="1168" timestamp="2019-08-09T18:53:43.148" intervalms="57.608" />
<cycle-start id="3041" type="global" contextid="0" timestamp="2019-08-09T18:53:43.148" intervalms="57.624" />
<gc-start id="3042" type="global" contextid="3041" timestamp="2019-08-09T18:53:43.148">
  <mem-info id="3043" free="330752" total="33161216" percent="0">
    <mem type="tenure" free="330752" total="33161216" percent="0">
      <mem type="soa" free="0" total="32830464" percent="0" />
      <mem type="loa" free="330752" total="330752" percent="100" />
    </mem>
  </mem-info>
</gc-start>
<allocation-stats totalBytes="14757240" >
  <allocated-bytes non-tlh="0" tlh="14757240" />
  <largest-consumer threadName="main" threadId="00000000023ECF00" bytes="14757240" />
</allocation-stats>
<gc-op id="3044" type="mark" timems="9.807" contextid="3041" timestamp="2019-08-09T18:53:43.158">
  <trace-info objectcount="600495" scancount="521379" scanbytes="13382224" />
  <finalization candidates="80" enqueued="0" />
  <ownableSynchronizers candidates="21" cleared="0" />
  <references type="soft" candidates="3261" cleared="0" enqueued="0" dynamicThreshold="14" maxThreshold="32" />
  <references type="weak" candidates="5570" cleared="0" enqueued="0" />
  <references type="phantom" candidates="97" cleared="0" enqueued="0" />
  <stringconstants candidates="13595" cleared="0"  />
</gc-op>
<gc-op id="3045" type="sweep" timems="1.940" contextid="3041" timestamp="2019-08-09T18:53:43.160" />
<mem-info id="3046" free="15185288" total="33161216" percent="45">
  <mem type="tenure" free="15185288" total="33161216" percent="45" micro-fragmented="0" macro-fragmented="0">
    <mem type="soa" free="14854536" total="32830464" percent="45" />
    <mem type="loa" free="330752" total="330752" percent="100" />
  </mem>
</mem-info>
<gc-op id="3047" type="compact" timems="22.405" contextid="3041" timestamp="2019-08-09T18:53:43.183">
  <compact-info movecount="1" movebytes="40" reason="compact to aid heap contraction" />
</gc-op>
<heap-resize id="3048" type="expand" space="tenure" amount="131072" count="1" timems="0.018" reason="satisfy allocation request" timestamp="2019-08-09T18:53:43.184" />
<gc-end id="3049" type="global" contextid="3041" durationms="35.130" usertimems="86.429" systemtimems="0.000" timestamp="2019-08-09T18:53:43.184" activeThreads="16">
  <mem-info id="3050" free="15251152" total="33292288" percent="45">
    <mem type="tenure" free="15251152" total="33292288" percent="45">
      <mem type="soa" free="14918352" total="32959488" percent="45" />
      <mem type="loa" free="332800" total="332800" percent="100" />
    </mem>
  </mem-info>
</gc-end>
<cycle-end id="3051" type="global" contextid="3041" timestamp="2019-08-09T18:53:43.184" />
  <attribute name="elasticGC enabled" value="1" />
  <attribute name= "numThreadsSpecified" value="16" />
  <attribute name="heapSize specified" value="33161216" />
  <attribute name="Current GC Util" value="119" />
  <attribute name= "Current Time Running" value="163127" />
  <attribute name ="GC Interval" value="0" />
  <attribute name="Target GC Util Change" value ="80.000000" />
  <attribute name="Current GC Util Change" value="119.000000"/>
  <attribute name="Current Error" value="-671.000000" />
  <attribute name="Output H" value="33236128"/>
  <attribute name="Output I" value="1240"/>
  <attribute name="Output T" value="16"/>
  <attribute name= "Current Time Running" value="163127" />
  <attribute name="GC Util currently" value="119" />
  <attribute name="CPU Util currently" value="51351280853" />
<allocation-satisfied id="3052" threadId="00000000023ECF00" bytesRequested="1168" />
<af-end id="3053" timestamp="2019-08-09T18:53:43.184" threadId="00000000023ED888" success="true" />
<exclusive-end id="3054" timestamp="2019-08-09T18:53:43.184" durationms="35.398" />

<exclusive-start id="3055" timestamp="2019-08-09T18:53:43.190" intervalms="42.055">
  <response-info timems="0.042" idlems="0.042" threads="0" lastid="00000000023ECF00" lastname="main" />
</exclusive-start>
<af-start id="3056" threadId="00000000023ED888" totalBytesRequested="1168" timestamp="2019-08-09T18:53:43.190" intervalms="42.038" />
<cycle-start id="3057" type="global" contextid="0" timestamp="2019-08-09T18:53:43.190" intervalms="42.032" />
<gc-start id="3058" type="global" contextid="3057" timestamp="2019-08-09T18:53:43.190">
  <mem-info id="3059" free="332800" total="33292288" percent="0">
    <mem type="tenure" free="332800" total="33292288" percent="0">
      <mem type="soa" free="0" total="32959488" percent="0" />
      <mem type="loa" free="332800" total="332800" percent="100" />
    </mem>
  </mem-info>
</gc-start>
<allocation-stats totalBytes="14890264" >
  <allocated-bytes non-tlh="0" tlh="14890264" />
  <largest-consumer threadName="main" threadId="00000000023ECF00" bytes="14890264" />
</allocation-stats>
<gc-op id="3060" type="mark" timems="9.217" contextid="3057" timestamp="2019-08-09T18:53:43.200">
  <trace-info objectcount="600496" scancount="521382" scanbytes="13382248" />
  <finalization candidates="80" enqueued="0" />
  <ownableSynchronizers candidates="21" cleared="0" />
  <references type="soft" candidates="3261" cleared="0" enqueued="0" dynamicThreshold="14" maxThreshold="32" />
  <references type="weak" candidates="5570" cleared="0" enqueued="0" />
  <references type="phantom" candidates="97" cleared="0" enqueued="0" />
  <stringconstants candidates="13595" cleared="0"  />
</gc-op>
<gc-op id="3061" type="sweep" timems="3.292" contextid="3057" timestamp="2019-08-09T18:53:43.203" />
<mem-info id="3062" free="15315928" total="33292288" percent="46">
  <mem type="tenure" free="15315928" total="33292288" percent="46" micro-fragmented="0" macro-fragmented="0">
    <mem type="soa" free="14983128" total="32959488" percent="45" />
    <mem type="loa" free="332800" total="332800" percent="100" />
  </mem>
</mem-info>
<gc-op id="3063" type="compact" timems="53.693" contextid="3057" timestamp="2019-08-09T18:53:43.257">
  <compact-info movecount="2" movebytes="64" reason="compact to aid heap contraction" />
</gc-op>
<heap-resize id="3064" type="expand" space="tenure" amount="131072" count="1" timems="0.019" reason="satisfy allocation request" timestamp="2019-08-09T18:53:43.258" />
<gc-end id="3065" type="global" contextid="3057" durationms="67.190" usertimems="131.418" systemtimems="0.000" timestamp="2019-08-09T18:53:43.258" activeThreads="16">
  <mem-info id="3066" free="15382200" total="33423360" percent="46">
    <mem type="tenure" free="15382200" total="33423360" percent="46">
      <mem type="soa" free="15048376" total="33089536" percent="45" />
      <mem type="loa" free="333824" total="333824" percent="100" />
    </mem>
  </mem-info>
</gc-end>
<cycle-end id="3067" type="global" contextid="3057" timestamp="2019-08-09T18:53:43.258" />
  <attribute name="elasticGC enabled" value="1" />
  <attribute name= "numThreadsSpecified" value="16" />
  <attribute name="heapSize specified" value="33292288" />
  <attribute name="Current GC Util" value="91" />
  <attribute name= "Current Time Running" value="163201" />
  <attribute name ="GC Interval" value="0" />
  <attribute name="Target GC Util Change" value ="80.000000" />
  <attribute name="Current GC Util Change" value="91.000000"/>
  <attribute name="Current Error" value="-399.000000" />
  <attribute name="Output H" value="33367512"/>
  <attribute name="Output I" value="1552"/>
  <attribute name="Output T" value="16"/>
  <attribute name= "Current Time Running" value="163201" />
  <attribute name="GC Util currently" value="91" />
  <attribute name="CPU Util currently" value="21464812021" />
<allocation-satisfied id="3068" threadId="00000000023ECF00" bytesRequested="1168" />
<af-end id="3069" timestamp="2019-08-09T18:53:43.258" threadId="00000000023ED888" success="true" />
<exclusive-end id="3070" timestamp="2019-08-09T18:53:43.258" durationms="67.418" />

<exclusive-start id="3071" timestamp="2019-08-09T18:53:43.265" intervalms="75.118">
  <response-info timems="0.057" idlems="0.057" threads="0" lastid="00000000023ECF00" lastname="main" />
</exclusive-start>
<af-start id="3072" threadId="00000000023ED888" totalBytesRequested="1168" timestamp="2019-08-09T18:53:43.266" intervalms="75.121" />
<cycle-start id="3073" type="global" contextid="0" timestamp="2019-08-09T18:53:43.266" intervalms="75.118" />
<gc-start id="3074" type="global" contextid="3073" timestamp="2019-08-09T18:53:43.266">
  <mem-info id="3075" free="333824" total="33423360" percent="0">
    <mem type="tenure" free="333824" total="33423360" percent="0">
      <mem type="soa" free="0" total="33089536" percent="0" />
      <mem type="loa" free="333824" total="333824" percent="100" />
    </mem>
  </mem-info>
</gc-start>
<allocation-stats totalBytes="15019728" >
  <allocated-bytes non-tlh="0" tlh="15019728" />
  <largest-consumer threadName="main" threadId="00000000023ECF00" bytes="15019728" />
</allocation-stats>
<gc-op id="3076" type="mark" timems="19.987" contextid="3073" timestamp="2019-08-09T18:53:43.286">
  <trace-info objectcount="600496" scancount="521388" scanbytes="13382248" />
  <finalization candidates="80" enqueued="0" />
  <ownableSynchronizers candidates="21" cleared="0" />
  <references type="soft" candidates="3261" cleared="0" enqueued="0" dynamicThreshold="14" maxThreshold="32" />
  <references type="weak" candidates="5570" cleared="0" enqueued="0" />
  <references type="phantom" candidates="97" cleared="0" enqueued="0" />
  <stringconstants candidates="13595" cleared="0"  />
</gc-op>
<gc-op id="3077" type="sweep" timems="8.922" contextid="3073" timestamp="2019-08-09T18:53:43.295" />
<mem-info id="3078" free="15447736" total="33423360" percent="46">
  <mem type="tenure" free="15447736" total="33423360" percent="46" micro-fragmented="0" macro-fragmented="0">
    <mem type="soa" free="15113912" total="33089536" percent="45" />
    <mem type="loa" free="333824" total="333824" percent="100" />
  </mem>
</mem-info>
<gc-op id="3079" type="compact" timems="28.227" contextid="3073" timestamp="2019-08-09T18:53:43.323">
  <compact-info movecount="2" movebytes="64" reason="compact to aid heap contraction" />
</gc-op>
<heap-resize id="3080" type="expand" space="tenure" amount="131072" count="1" timems="0.020" reason="satisfy allocation request" timestamp="2019-08-09T18:53:43.326" />
<gc-end id="3081" type="global" contextid="3073" durationms="60.704" usertimems="131.347" systemtimems="0.000" timestamp="2019-08-09T18:53:43.326" activeThreads="16">
  <mem-info id="3082" free="15513272" total="33554432" percent="46">
    <mem type="tenure" free="15513272" total="33554432" percent="46">
      <mem type="soa" free="15178424" total="33219584" percent="45" />
      <mem type="loa" free="334848" total="334848" percent="100" />
    </mem>
  </mem-info>
</gc-end>
<cycle-end id="3083" type="global" contextid="3073" timestamp="2019-08-09T18:53:43.326" />
  <attribute name="elasticGC enabled" value="1" />
  <attribute name= "numThreadsSpecified" value="16" />
  <attribute name="heapSize specified" value="33423360" />
  <attribute name="Current GC Util" value="55" />
  <attribute name= "Current Time Running" value="163267" />
  <attribute name ="GC Interval" value="0" />
  <attribute name="Target GC Util Change" value ="80.000000" />
  <attribute name="Current GC Util Change" value="55.000000"/>
  <attribute name="Current Error" value="25.000000" />
  <attribute name="Output H" value="33499072"/>
  <attribute name="Output I" value="2040"/>
  <attribute name="Output T" value="16"/>
  <attribute name= "Current Time Running" value="163267" />
  <attribute name="GC Util currently" value="55" />
  <attribute name="CPU Util currently" value="40934767945" />
<allocation-satisfied id="3084" threadId="00000000023ECF00" bytesRequested="1168" />
<af-end id="3085" timestamp="2019-08-09T18:53:43.326" threadId="00000000023ED888" success="true" />
<exclusive-end id="3086" timestamp="2019-08-09T18:53:43.326" durationms="60.916" />

<exclusive-start id="3087" timestamp="2019-08-09T18:53:43.338" intervalms="72.974">
  <response-info timems="2.508" idlems="1.270" threads="1" lastid="00000000023F4700" lastname="JIT Compilation Thread-1" />
</exclusive-start>
<af-start id="3088" threadId="00000000023ED888" totalBytesRequested="1168" timestamp="2019-08-09T18:53:43.338" intervalms="72.973" />
<cycle-start id="3089" type="global" contextid="0" timestamp="2019-08-09T18:53:43.339" intervalms="72.974" />
<gc-start id="3090" type="global" contextid="3089" timestamp="2019-08-09T18:53:43.339">
  <mem-info id="3091" free="334848" total="33554432" percent="0">
    <mem type="tenure" free="334848" total="33554432" percent="0">
      <mem type="soa" free="0" total="33219584" percent="0" />
      <mem type="loa" free="334848" total="334848" percent="100" />
    </mem>
  </mem-info>
</gc-start>
<allocation-stats totalBytes="15148760" >
  <allocated-bytes non-tlh="0" tlh="15148760" />
  <largest-consumer threadName="main" threadId="00000000023ECF00" bytes="15148760" />
</allocation-stats>
<gc-op id="3092" type="mark" timems="9.813" contextid="3089" timestamp="2019-08-09T18:53:43.348">
  <trace-info objectcount="600496" scancount="521377" scanbytes="13382248" />
  <finalization candidates="80" enqueued="0" />
  <ownableSynchronizers candidates="21" cleared="0" />
  <references type="soft" candidates="3261" cleared="0" enqueued="0" dynamicThreshold="14" maxThreshold="32" />
  <references type="weak" candidates="5570" cleared="0" enqueued="0" />
  <references type="phantom" candidates="97" cleared="0" enqueued="0" />
  <stringconstants candidates="13595" cleared="0"  />
</gc-op>
<gc-op id="3093" type="sweep" timems="2.464" contextid="3089" timestamp="2019-08-09T18:53:43.351" />
<mem-info id="3094" free="15578400" total="33554432" percent="46">
  <mem type="tenure" free="15578400" total="33554432" percent="46" micro-fragmented="0" macro-fragmented="0">
    <mem type="soa" free="15243552" total="33219584" percent="45" />
    <mem type="loa" free="334848" total="334848" percent="100" />
  </mem>
</mem-info>
<gc-op id="3095" type="compact" timems="35.567" contextid="3089" timestamp="2019-08-09T18:53:43.387">
  <compact-info movecount="2" movebytes="64" reason="compact to aid heap contraction" />
</gc-op>
<heap-resize id="3096" type="expand" space="tenure" amount="131072" count="1" timems="0.020" reason="satisfy allocation request" timestamp="2019-08-09T18:53:43.387" />
<gc-end id="3097" type="global" contextid="3089" durationms="48.943" usertimems="98.604" systemtimems="0.000" timestamp="2019-08-09T18:53:43.388" activeThreads="16">
  <mem-info id="3098" free="15644344" total="33685504" percent="46">
    <mem type="tenure" free="15644344" total="33685504" percent="46">
      <mem type="soa" free="15308472" total="33349632" percent="45" />
      <mem type="loa" free="335872" total="335872" percent="100" />
    </mem>
  </mem-info>
</gc-end>
<cycle-end id="3099" type="global" contextid="3089" timestamp="2019-08-09T18:53:43.388" />
  <attribute name="elasticGC enabled" value="1" />
  <attribute name= "numThreadsSpecified" value="16" />
  <attribute name="heapSize specified" value="33554432" />
  <attribute name="Current GC Util" value="32" />
  <attribute name= "Current Time Running" value="163330" />
  <attribute name ="GC Interval" value="0" />
  <attribute name="Target GC Util Change" value ="80.000000" />
  <attribute name="Current GC Util Change" value="32.000000"/>
  <attribute name="Current Error" value="-553.000000" />
  <attribute name="Output H" value="33629480"/>
  <attribute name="Output I" value="1376"/>
  <attribute name="Output T" value="16"/>
  <attribute name= "Current Time Running" value="163330" />
  <attribute name="GC Util currently" value="32" />
  <attribute name="CPU Util currently" value="32399324986" />
<allocation-satisfied id="3100" threadId="00000000023ECF00" bytesRequested="1168" />
<af-end id="3101" timestamp="2019-08-09T18:53:43.388" threadId="00000000023ED888" success="true" />
<exclusive-end id="3102" timestamp="2019-08-09T18:53:43.388" durationms="49.176" />

<exclusive-start id="3103" timestamp="2019-08-09T18:53:43.394" intervalms="56.002">
  <response-info timems="0.058" idlems="0.058" threads="0" lastid="00000000023ECF00" lastname="main" />
</exclusive-start>
<af-start id="3104" threadId="00000000023ED888" totalBytesRequested="1168" timestamp="2019-08-09T18:53:43.394" intervalms="56.010" />
<cycle-start id="3105" type="global" contextid="0" timestamp="2019-08-09T18:53:43.395" intervalms="56.014" />
<gc-start id="3106" type="global" contextid="3105" timestamp="2019-08-09T18:53:43.395">
  <mem-info id="3107" free="335872" total="33685504" percent="0">
    <mem type="tenure" free="335872" total="33685504" percent="0">
      <mem type="soa" free="0" total="33349632" percent="0" />
      <mem type="loa" free="335872" total="335872" percent="100" />
    </mem>
  </mem-info>
</gc-start>
<allocation-stats totalBytes="15277744" >
  <allocated-bytes non-tlh="0" tlh="15277744" />
  <largest-consumer threadName="main" threadId="00000000023ECF00" bytes="15277744" />
</allocation-stats>
<gc-op id="3108" type="mark" timems="11.007" contextid="3105" timestamp="2019-08-09T18:53:43.406">
  <trace-info objectcount="600496" scancount="521383" scanbytes="13382248" />
  <finalization candidates="80" enqueued="0" />
  <ownableSynchronizers candidates="21" cleared="0" />
  <references type="soft" candidates="3261" cleared="0" enqueued="0" dynamicThreshold="14" maxThreshold="32" />
  <references type="weak" candidates="5570" cleared="0" enqueued="0" />
  <references type="phantom" candidates="97" cleared="0" enqueued="0" />
  <stringconstants candidates="13595" cleared="0"  />
</gc-op>
<gc-op id="3109" type="sweep" timems="1.744" contextid="3105" timestamp="2019-08-09T18:53:43.407" />
<mem-info id="3110" free="15709232" total="33685504" percent="46">
  <mem type="tenure" free="15709232" total="33685504" percent="46" micro-fragmented="0" macro-fragmented="0">
    <mem type="soa" free="15373360" total="33349632" percent="46" />
    <mem type="loa" free="335872" total="335872" percent="100" />
  </mem>
</mem-info>
<gc-op id="3111" type="compact" timems="30.818" contextid="3105" timestamp="2019-08-09T18:53:43.438">
  <compact-info movecount="2" movebytes="64" reason="compact to aid heap contraction" />
</gc-op>
<heap-resize id="3112" type="expand" space="tenure" amount="131072" count="1" timems="0.022" reason="satisfy allocation request" timestamp="2019-08-09T18:53:43.439" />
<gc-end id="3113" type="global" contextid="3105" durationms="44.389" usertimems="85.490" systemtimems="0.000" timestamp="2019-08-09T18:53:43.439" activeThreads="16">
  <mem-info id="3114" free="15775416" total="33816576" percent="46">
    <mem type="tenure" free="15775416" total="33816576" percent="46">
      <mem type="soa" free="15437496" total="33478656" percent="46" />
      <mem type="loa" free="337920" total="337920" percent="100" />
    </mem>
  </mem-info>
</gc-end>
<cycle-end id="3115" type="global" contextid="3105" timestamp="2019-08-09T18:53:43.439" />
  <attribute name="elasticGC enabled" value="1" />
  <attribute name= "numThreadsSpecified" value="16" />
  <attribute name="heapSize specified" value="33685504" />
  <attribute name="Current GC Util" value="37" />
  <attribute name= "Current Time Running" value="163382" />
  <attribute name ="GC Interval" value="0" />
  <attribute name="Target GC Util Change" value ="80.000000" />
  <attribute name="Current GC Util Change" value="37.000000"/>
  <attribute name="Current Error" value="-315.000000" />
  <attribute name="Output H" value="33760824"/>
  <attribute name="Output I" value="1648"/>
  <attribute name="Output T" value="16"/>
  <attribute name= "Current Time Running" value="163382" />
  <attribute name="GC Util currently" value="37" />
  <attribute name="CPU Util currently" value="37358024751" />
<allocation-satisfied id="3116" threadId="00000000023ECF00" bytesRequested="1168" />
<af-end id="3117" timestamp="2019-08-09T18:53:43.439" threadId="00000000023ED888" success="true" />
<exclusive-end id="3118" timestamp="2019-08-09T18:53:43.439" durationms="44.656" />

<exclusive-start id="3119" timestamp="2019-08-09T18:53:43.446" intervalms="51.347">
  <response-info timems="0.045" idlems="0.045" threads="0" lastid="00000000023ECF00" lastname="main" />
</exclusive-start>
<af-start id="3120" threadId="00000000023ED888" totalBytesRequested="1168" timestamp="2019-08-09T18:53:43.446" intervalms="51.348" />
<cycle-start id="3121" type="global" contextid="0" timestamp="2019-08-09T18:53:43.446" intervalms="51.337" />
<gc-start id="3122" type="global" contextid="3121" timestamp="2019-08-09T18:53:43.446">
  <mem-info id="3123" free="337920" total="33816576" percent="0">
    <mem type="tenure" free="337920" total="33816576" percent="0">
      <mem type="soa" free="0" total="33478656" percent="0" />
      <mem type="loa" free="337920" total="337920" percent="100" />
    </mem>
  </mem-info>
</gc-start>
<allocation-stats totalBytes="15406752" >
  <allocated-bytes non-tlh="0" tlh="15406752" />
  <largest-consumer threadName="main" threadId="00000000023ECF00" bytes="15406752" />
</allocation-stats>
<gc-op id="3124" type="mark" timems="30.668" contextid="3121" timestamp="2019-08-09T18:53:43.477">
  <trace-info objectcount="600496" scancount="521385" scanbytes="13382248" />
  <finalization candidates="80" enqueued="0" />
  <ownableSynchronizers candidates="21" cleared="0" />
  <references type="soft" candidates="3261" cleared="0" enqueued="0" dynamicThreshold="14" maxThreshold="32" />
  <references type="weak" candidates="5570" cleared="0" enqueued="0" />
  <references type="phantom" candidates="97" cleared="0" enqueued="0" />
  <stringconstants candidates="13595" cleared="0"  />
</gc-op>
<gc-op id="3125" type="sweep" timems="11.753" contextid="3121" timestamp="2019-08-09T18:53:43.488" />
<mem-info id="3126" free="15840376" total="33816576" percent="46">
  <mem type="tenure" free="15840376" total="33816576" percent="46" micro-fragmented="0" macro-fragmented="0">
    <mem type="soa" free="15502456" total="33478656" percent="46" />
    <mem type="loa" free="337920" total="337920" percent="100" />
  </mem>
</mem-info>
<gc-op id="3127" type="compact" timems="24.445" contextid="3121" timestamp="2019-08-09T18:53:43.513">
  <compact-info movecount="2" movebytes="64" reason="compact to aid heap contraction" />
</gc-op>
<heap-resize id="3128" type="expand" space="tenure" amount="131072" count="1" timems="0.022" reason="satisfy allocation request" timestamp="2019-08-09T18:53:43.514" />
<gc-end id="3129" type="global" contextid="3121" durationms="67.627" usertimems="204.452" systemtimems="0.000" timestamp="2019-08-09T18:53:43.514" activeThreads="16">
  <mem-info id="3130" free="15906488" total="33947648" percent="46">
    <mem type="tenure" free="15906488" total="33947648" percent="46">
      <mem type="soa" free="15567544" total="33608704" percent="46" />
      <mem type="loa" free="338944" total="338944" percent="100" />
    </mem>
  </mem-info>
</gc-end>
<cycle-end id="3131" type="global" contextid="3121" timestamp="2019-08-09T18:53:43.514" />
  <attribute name="elasticGC enabled" value="1" />
  <attribute name= "numThreadsSpecified" value="16" />
  <attribute name="heapSize specified" value="33816576" />
  <attribute name="Current GC Util" value="109" />
  <attribute name= "Current Time Running" value="163457" />
  <attribute name ="GC Interval" value="0" />
  <attribute name="Target GC Util Change" value ="80.000000" />
  <attribute name="Current GC Util Change" value="109.000000"/>
  <attribute name="Current Error" value="-29.000000" />
  <attribute name="Output H" value="33892224"/>
  <attribute name="Output I" value="1976"/>
  <attribute name="Output T" value="16"/>
  <attribute name= "Current Time Running" value="163457" />
  <attribute name="GC Util currently" value="109" />
  <attribute name="CPU Util currently" value="47104205022" />
<allocation-satisfied id="3132" threadId="00000000023ECF00" bytesRequested="1168" />
<af-end id="3133" timestamp="2019-08-09T18:53:43.514" threadId="00000000023ED888" success="true" />
<exclusive-end id="3134" timestamp="2019-08-09T18:53:43.514" durationms="67.834" />

<exclusive-start id="3135" timestamp="2019-08-09T18:53:43.517" intervalms="71.629">
  <response-info timems="0.045" idlems="0.045" threads="0" lastid="00000000023ECF00" lastname="main" />
</exclusive-start>
<af-start id="3136" threadId="00000000023ED888" totalBytesRequested="1168" timestamp="2019-08-09T18:53:43.517" intervalms="71.612" />
<cycle-start id="3137" type="global" contextid="0" timestamp="2019-08-09T18:53:43.517" intervalms="71.610" />
<gc-start id="3138" type="global" contextid="3137" timestamp="2019-08-09T18:53:43.518">
  <mem-info id="3139" free="338944" total="33947648" percent="0">
    <mem type="tenure" free="338944" total="33947648" percent="0">
      <mem type="soa" free="0" total="33608704" percent="0" />
      <mem type="loa" free="338944" total="338944" percent="100" />
    </mem>
  </mem-info>
</gc-start>
<allocation-stats totalBytes="15535784" >
  <allocated-bytes non-tlh="0" tlh="15535784" />
  <largest-consumer threadName="main" threadId="00000000023ECF00" bytes="15535784" />
</allocation-stats>
<gc-op id="3140" type="mark" timems="20.512" contextid="3137" timestamp="2019-08-09T18:53:43.538">
  <trace-info objectcount="600496" scancount="521388" scanbytes="13382248" />
  <finalization candidates="80" enqueued="0" />
  <ownableSynchronizers candidates="21" cleared="0" />
  <references type="soft" candidates="3261" cleared="0" enqueued="0" dynamicThreshold="14" maxThreshold="32" />
  <references type="weak" candidates="5570" cleared="0" enqueued="0" />
  <references type="phantom" candidates="97" cleared="0" enqueued="0" />
  <stringconstants candidates="13595" cleared="0"  />
</gc-op>
<gc-op id="3141" type="sweep" timems="2.428" contextid="3137" timestamp="2019-08-09T18:53:43.541" />
<mem-info id="3142" free="15972024" total="33947648" percent="47">
  <mem type="tenure" free="15972024" total="33947648" percent="47" micro-fragmented="0" macro-fragmented="0">
    <mem type="soa" free="15633080" total="33608704" percent="46" />
    <mem type="loa" free="338944" total="338944" percent="100" />
  </mem>
</mem-info>
<gc-op id="3143" type="compact" timems="23.770" contextid="3137" timestamp="2019-08-09T18:53:43.564">
  <compact-info movecount="2" movebytes="64" reason="compact to aid heap contraction" />
</gc-op>
<heap-resize id="3144" type="expand" space="tenure" amount="131072" count="1" timems="0.044" reason="satisfy allocation request" timestamp="2019-08-09T18:53:43.571" />
<gc-end id="3145" type="global" contextid="3137" durationms="53.580" usertimems="159.708" systemtimems="10.800" timestamp="2019-08-09T18:53:43.571" activeThreads="16">
  <mem-info id="3146" free="16037560" total="34078720" percent="47">
    <mem type="tenure" free="16037560" total="34078720" percent="47">
      <mem type="soa" free="15697592" total="33738752" percent="46" />
      <mem type="loa" free="339968" total="339968" percent="100" />
    </mem>
  </mem-info>
</gc-end>
<cycle-end id="3147" type="global" contextid="3137" timestamp="2019-08-09T18:53:43.571" />
  <attribute name="elasticGC enabled" value="1" />
  <attribute name= "numThreadsSpecified" value="16" />
  <attribute name="heapSize specified" value="33947648" />
  <attribute name="Current GC Util" value="56" />
  <attribute name= "Current Time Running" value="163508" />
  <attribute name ="GC Interval" value="0" />
  <attribute name="Target GC Util Change" value ="80.000000" />
  <attribute name="Current GC Util Change" value="56.000000"/>
  <attribute name="Current Error" value="-757.000000" />
  <attribute name="Output H" value="34022456"/>
  <attribute name="Output I" value="1136"/>
  <attribute name="Output T" value="16"/>
  <attribute name= "Current Time Running" value="163508" />
  <attribute name="GC Util currently" value="56" />
  <attribute name="CPU Util currently" value="48017169691" />
<allocation-satisfied id="3148" threadId="00000000023ECF00" bytesRequested="1168" />
<af-end id="3149" timestamp="2019-08-09T18:53:43.571" threadId="00000000023ED888" success="true" />
<exclusive-end id="3150" timestamp="2019-08-09T18:53:43.571" durationms="53.775" />

<exclusive-start id="3151" timestamp="2019-08-09T18:53:43.579" intervalms="61.187">
  <response-info timems="0.043" idlems="0.043" threads="0" lastid="00000000023ECF00" lastname="main" />
</exclusive-start>
<af-start id="3152" threadId="00000000023ED888" totalBytesRequested="1168" timestamp="2019-08-09T18:53:43.579" intervalms="61.182" />
<cycle-start id="3153" type="global" contextid="0" timestamp="2019-08-09T18:53:43.579" intervalms="61.182" />
<gc-start id="3154" type="global" contextid="3153" timestamp="2019-08-09T18:53:43.579">
  <mem-info id="3155" free="339968" total="34078720" percent="0">
    <mem type="tenure" free="339968" total="34078720" percent="0">
      <mem type="soa" free="0" total="33738752" percent="0" />
      <mem type="loa" free="339968" total="339968" percent="100" />
    </mem>
  </mem-info>
</gc-start>
<allocation-stats totalBytes="15664768" >
  <allocated-bytes non-tlh="0" tlh="15664768" />
  <largest-consumer threadName="main" threadId="00000000023ECF00" bytes="15664768" />
</allocation-stats>
<gc-op id="3156" type="mark" timems="14.949" contextid="3153" timestamp="2019-08-09T18:53:43.594">
  <trace-info objectcount="600496" scancount="521398" scanbytes="13382248" />
  <finalization candidates="80" enqueued="0" />
  <ownableSynchronizers candidates="21" cleared="0" />
  <references type="soft" candidates="3261" cleared="0" enqueued="0" dynamicThreshold="15" maxThreshold="32" />
  <references type="weak" candidates="5570" cleared="0" enqueued="0" />
  <references type="phantom" candidates="97" cleared="0" enqueued="0" />
  <stringconstants candidates="13595" cleared="0"  />
</gc-op>
<gc-op id="3157" type="sweep" timems="2.566" contextid="3153" timestamp="2019-08-09T18:53:43.596" />
<mem-info id="3158" free="16102824" total="34078720" percent="47">
  <mem type="tenure" free="16102824" total="34078720" percent="47" micro-fragmented="0" macro-fragmented="0">
    <mem type="soa" free="15762856" total="33738752" percent="46" />
    <mem type="loa" free="339968" total="339968" percent="100" />
  </mem>
</mem-info>
<gc-op id="3159" type="compact" timems="27.758" contextid="3153" timestamp="2019-08-09T18:53:43.624">
  <compact-info movecount="2" movebytes="64" reason="compact to aid heap contraction" />
</gc-op>
<heap-resize id="3160" type="expand" space="tenure" amount="131072" count="1" timems="0.021" reason="satisfy allocation request" timestamp="2019-08-09T18:53:43.625" />
<gc-end id="3161" type="global" contextid="3153" durationms="46.674" usertimems="87.839" systemtimems="16.901" timestamp="2019-08-09T18:53:43.625" activeThreads="16">
  <mem-info id="3162" free="16168632" total="34209792" percent="47">
    <mem type="tenure" free="16168632" total="34209792" percent="47">
      <mem type="soa" free="15826616" total="33867776" percent="46" />
      <mem type="loa" free="342016" total="342016" percent="100" />
    </mem>
  </mem-info>
</gc-end>
<cycle-end id="3163" type="global" contextid="3153" timestamp="2019-08-09T18:53:43.625" />
  <attribute name="elasticGC enabled" value="1" />
  <attribute name= "numThreadsSpecified" value="16" />
  <attribute name="heapSize specified" value="34078720" />
  <attribute name="Current GC Util" value="36" />
  <attribute name= "Current Time Running" value="163568" />
  <attribute name ="GC Interval" value="0" />
  <attribute name="Target GC Util Change" value ="80.000000" />
  <attribute name="Current GC Util Change" value="36.000000"/>
  <attribute name="Current Error" value="-422.000000" />
  <attribute name="Output H" value="34153920"/>
  <attribute name="Output I" value="1528"/>
  <attribute name="Output T" value="16"/>
  <attribute name= "Current Time Running" value="163568" />
  <attribute name="GC Util currently" value="36" />
  <attribute name="CPU Util currently" value="41465401242" />
<allocation-satisfied id="3164" threadId="00000000023ECF00" bytesRequested="1168" />
<af-end id="3165" timestamp="2019-08-09T18:53:43.625" threadId="00000000023ED888" success="true" />
<exclusive-end id="3166" timestamp="2019-08-09T18:53:43.625" durationms="46.862" />

<exclusive-start id="3167" timestamp="2019-08-09T18:53:43.629" intervalms="50.098">
  <response-info timems="0.017" idlems="0.017" threads="0" lastid="00000000023ECF00" lastname="main" />
</exclusive-start>
<af-start id="3168" threadId="00000000023ED888" totalBytesRequested="1168" timestamp="2019-08-09T18:53:43.629" intervalms="50.097" />
<cycle-start id="3169" type="global" contextid="0" timestamp="2019-08-09T18:53:43.629" intervalms="50.096" />
<gc-start id="3170" type="global" contextid="3169" timestamp="2019-08-09T18:53:43.629">
  <mem-info id="3171" free="342016" total="34209792" percent="0">
    <mem type="tenure" free="342016" total="34209792" percent="0">
      <mem type="soa" free="0" total="33867776" percent="0" />
      <mem type="loa" free="342016" total="342016" percent="100" />
    </mem>
  </mem-info>
</gc-start>
<allocation-stats totalBytes="15792560" >
  <allocated-bytes non-tlh="0" tlh="15792560" />
  <largest-consumer threadName="main" threadId="00000000023ECF00" bytes="15792560" />
</allocation-stats>
<gc-op id="3172" type="mark" timems="9.695" contextid="3169" timestamp="2019-08-09T18:53:43.639">
  <trace-info objectcount="600496" scancount="521375" scanbytes="13382248" />
  <finalization candidates="80" enqueued="0" />
  <ownableSynchronizers candidates="21" cleared="0" />
  <references type="soft" candidates="3261" cleared="0" enqueued="0" dynamicThreshold="15" maxThreshold="32" />
  <references type="weak" candidates="5570" cleared="0" enqueued="0" />
  <references type="phantom" candidates="97" cleared="0" enqueued="0" />
  <stringconstants candidates="13595" cleared="0"  />
</gc-op>
<gc-op id="3173" type="sweep" timems="2.030" contextid="3169" timestamp="2019-08-09T18:53:43.641" />
<mem-info id="3174" free="16233464" total="34209792" percent="47">
  <mem type="tenure" free="16233464" total="34209792" percent="47" micro-fragmented="0" macro-fragmented="0">
    <mem type="soa" free="15891448" total="33867776" percent="46" />
    <mem type="loa" free="342016" total="342016" percent="100" />
  </mem>
</mem-info>
<gc-op id="3175" type="compact" timems="23.690" contextid="3169" timestamp="2019-08-09T18:53:43.664">
  <compact-info movecount="2" movebytes="64" reason="compact to aid heap contraction" />
</gc-op>
<heap-resize id="3176" type="expand" space="tenure" amount="131072" count="1" timems="0.022" reason="satisfy allocation request" timestamp="2019-08-09T18:53:43.666" />
<gc-end id="3177" type="global" contextid="3169" durationms="36.748" usertimems="90.437" systemtimems="7.144" timestamp="2019-08-09T18:53:43.666" activeThreads="16">
  <mem-info id="3178" free="16299704" total="34340864" percent="47">
    <mem type="tenure" free="16299704" total="34340864" percent="47">
      <mem type="soa" free="15956664" total="33997824" percent="46" />
      <mem type="loa" free="343040" total="343040" percent="100" />
    </mem>
  </mem-info>
</gc-end>
<cycle-end id="3179" type="global" contextid="3169" timestamp="2019-08-09T18:53:43.666" />
  <attribute name="elasticGC enabled" value="1" />
  <attribute name= "numThreadsSpecified" value="16" />
  <attribute name="heapSize specified" value="34209792" />
  <attribute name="Current GC Util" value="52" />
  <attribute name= "Current Time Running" value="163608" />
  <attribute name ="GC Interval" value="0" />
  <attribute name="Target GC Util Change" value ="80.000000" />
  <attribute name="Current GC Util Change" value="52.000000"/>
  <attribute name="Current Error" value="28.000000" />
  <attribute name="Output H" value="34285504"/>
  <attribute name="Output I" value="2040"/>
  <attribute name="Output T" value="16"/>
  <attribute name= "Current Time Running" value="163608" />
  <attribute name="GC Util currently" value="52" />
  <attribute name="CPU Util currently" value="48598763317" />
<allocation-satisfied id="3180" threadId="00000000023ECF00" bytesRequested="1168" />
<af-end id="3181" timestamp="2019-08-09T18:53:43.666" threadId="00000000023ED888" success="true" />
<exclusive-end id="3182" timestamp="2019-08-09T18:53:43.666" durationms="36.974" />

<exclusive-start id="3183" timestamp="2019-08-09T18:53:43.670" intervalms="40.970">
  <response-info timems="0.050" idlems="0.050" threads="0" lastid="00000000023ECF00" lastname="main" />
</exclusive-start>
<af-start id="3184" threadId="00000000023ED888" totalBytesRequested="1168" timestamp="2019-08-09T18:53:43.670" intervalms="40.984" />
<cycle-start id="3185" type="global" contextid="0" timestamp="2019-08-09T18:53:43.670" intervalms="40.993" />
<gc-start id="3186" type="global" contextid="3185" timestamp="2019-08-09T18:53:43.670">
  <mem-info id="3187" free="343040" total="34340864" percent="0">
    <mem type="tenure" free="343040" total="34340864" percent="0">
      <mem type="soa" free="0" total="33997824" percent="0" />
      <mem type="loa" free="343040" total="343040" percent="100" />
    </mem>
  </mem-info>
</gc-start>
<allocation-stats totalBytes="15922808" >
  <allocated-bytes non-tlh="0" tlh="15922808" />
  <largest-consumer threadName="main" threadId="00000000023ECF00" bytes="15922808" />
</allocation-stats>
<gc-op id="3188" type="mark" timems="13.136" contextid="3185" timestamp="2019-08-09T18:53:43.683">
  <trace-info objectcount="600496" scancount="521381" scanbytes="13382248" />
  <finalization candidates="80" enqueued="0" />
  <ownableSynchronizers candidates="21" cleared="0" />
  <references type="soft" candidates="3261" cleared="0" enqueued="0" dynamicThreshold="15" maxThreshold="32" />
  <references type="weak" candidates="5570" cleared="0" enqueued="0" />
  <references type="phantom" candidates="97" cleared="0" enqueued="0" />
  <stringconstants candidates="13595" cleared="0"  />
</gc-op>
<gc-op id="3189" type="sweep" timems="1.686" contextid="3185" timestamp="2019-08-09T18:53:43.685" />
<mem-info id="3190" free="16364848" total="34340864" percent="47">
  <mem type="tenure" free="16364848" total="34340864" percent="47" micro-fragmented="0" macro-fragmented="0">
    <mem type="soa" free="16021808" total="33997824" percent="47" />
    <mem type="loa" free="343040" total="343040" percent="100" />
  </mem>
</mem-info>
<gc-op id="3191" type="compact" timems="25.680" contextid="3185" timestamp="2019-08-09T18:53:43.710">
  <compact-info movecount="2" movebytes="64" reason="compact to aid heap contraction" />
</gc-op>
<heap-resize id="3192" type="expand" space="tenure" amount="131072" count="1" timems="0.018" reason="satisfy allocation request" timestamp="2019-08-09T18:53:43.711" />
<gc-end id="3193" type="global" contextid="3185" durationms="41.487" usertimems="95.204" systemtimems="25.195" timestamp="2019-08-09T18:53:43.711" activeThreads="16">
  <mem-info id="3194" free="16430776" total="34471936" percent="47">
    <mem type="tenure" free="16430776" total="34471936" percent="47">
      <mem type="soa" free="16086712" total="34127872" percent="47" />
      <mem type="loa" free="344064" total="344064" percent="100" />
    </mem>
  </mem-info>
</gc-end>
<cycle-end id="3195" type="global" contextid="3185" timestamp="2019-08-09T18:53:43.711" />
  <attribute name="elasticGC enabled" value="1" />
  <attribute name= "numThreadsSpecified" value="16" />
  <attribute name="heapSize specified" value="34340864" />
  <attribute name="Current GC Util" value="50" />
  <attribute name= "Current Time Running" value="163654" />
  <attribute name ="GC Interval" value="0" />
  <attribute name="Target GC Util Change" value ="80.000000" />
  <attribute name="Current GC Util Change" value="50.000000"/>
  <attribute name="Current Error" value="-959.000000" />
  <attribute name="Output H" value="34415440"/>
  <attribute name="Output I" value="904"/>
  <attribute name="Output T" value="16"/>
  <attribute name= "Current Time Running" value="163654" />
  <attribute name="GC Util currently" value="50" />
  <attribute name="CPU Util currently" value="44868254591" />
<allocation-satisfied id="3196" threadId="00000000023ECF00" bytesRequested="1168" />
<af-end id="3197" timestamp="2019-08-09T18:53:43.711" threadId="00000000023ED888" success="true" />
<exclusive-end id="3198" timestamp="2019-08-09T18:53:43.711" durationms="41.711" />

<exclusive-start id="3199" timestamp="2019-08-09T18:53:43.715" intervalms="45.279">
  <response-info timems="0.018" idlems="0.018" threads="0" lastid="00000000023ECF00" lastname="main" />
</exclusive-start>
<af-start id="3200" threadId="00000000023ED888" totalBytesRequested="1168" timestamp="2019-08-09T18:53:43.715" intervalms="45.292" />
<cycle-start id="3201" type="global" contextid="0" timestamp="2019-08-09T18:53:43.715" intervalms="45.290" />
<gc-start id="3202" type="global" contextid="3201" timestamp="2019-08-09T18:53:43.715">
  <mem-info id="3203" free="344064" total="34471936" percent="0">
    <mem type="tenure" free="344064" total="34471936" percent="0">
      <mem type="soa" free="0" total="34127872" percent="0" />
      <mem type="loa" free="344064" total="344064" percent="100" />
    </mem>
  </mem-info>
</gc-start>
<allocation-stats totalBytes="16050552" >
  <allocated-bytes non-tlh="0" tlh="16050552" />
  <largest-consumer threadName="main" threadId="00000000023ECF00" bytes="16050552" />
</allocation-stats>
<gc-op id="3204" type="mark" timems="12.817" contextid="3201" timestamp="2019-08-09T18:53:43.728">
  <trace-info objectcount="600496" scancount="521385" scanbytes="13382248" />
  <finalization candidates="80" enqueued="0" />
  <ownableSynchronizers candidates="21" cleared="0" />
  <references type="soft" candidates="3261" cleared="0" enqueued="0" dynamicThreshold="15" maxThreshold="32" />
  <references type="weak" candidates="5570" cleared="0" enqueued="0" />
  <references type="phantom" candidates="97" cleared="0" enqueued="0" />
  <stringconstants candidates="13595" cleared="0"  />
</gc-op>
<gc-op id="3205" type="sweep" timems="3.356" contextid="3201" timestamp="2019-08-09T18:53:43.731" />
<mem-info id="3206" free="16496312" total="34471936" percent="47">
  <mem type="tenure" free="16496312" total="34471936" percent="47" micro-fragmented="0" macro-fragmented="0">
    <mem type="soa" free="16152248" total="34127872" percent="47" />
    <mem type="loa" free="344064" total="344064" percent="100" />
  </mem>
</mem-info>
<gc-op id="3207" type="compact" timems="23.360" contextid="3201" timestamp="2019-08-09T18:53:43.755">
  <compact-info movecount="2" movebytes="64" reason="compact to aid heap contraction" />
</gc-op>
<heap-resize id="3208" type="expand" space="tenure" amount="131072" count="1" timems="0.022" reason="satisfy allocation request" timestamp="2019-08-09T18:53:43.755" />
<gc-end id="3209" type="global" contextid="3201" durationms="40.434" usertimems="72.274" systemtimems="25.447" timestamp="2019-08-09T18:53:43.756" activeThreads="16">
  <mem-info id="3210" free="16561848" total="34603008" percent="47">
    <mem type="tenure" free="16561848" total="34603008" percent="47">
      <mem type="soa" free="16216760" total="34257920" percent="47" />
      <mem type="loa" free="345088" total="345088" percent="100" />
    </mem>
  </mem-info>
</gc-end>
<cycle-end id="3211" type="global" contextid="3201" timestamp="2019-08-09T18:53:43.756" />
  <attribute name="elasticGC enabled" value="1" />
  <attribute name= "numThreadsSpecified" value="16" />
  <attribute name="heapSize specified" value="34471936" />
  <attribute name="Current GC Util" value="42" />
  <attribute name= "Current Time Running" value="163699" />
  <attribute name ="GC Interval" value="0" />
  <attribute name="Target GC Util Change" value ="80.000000" />
  <attribute name="Current GC Util Change" value="42.000000"/>
  <attribute name="Current Error" value="-352.000000" />
  <attribute name="Output H" value="34547216"/>
  <attribute name="Output I" value="1608"/>
  <attribute name="Output T" value="16"/>
  <attribute name= "Current Time Running" value="163699" />
  <attribute name="GC Util currently" value="42" />
  <attribute name="CPU Util currently" value="49274811156" />
<allocation-satisfied id="3212" threadId="00000000023ECF00" bytesRequested="1168" />
<af-end id="3213" timestamp="2019-08-09T18:53:43.756" threadId="00000000023ED888" success="true" />
<exclusive-end id="3214" timestamp="2019-08-09T18:53:43.756" durationms="40.671" />

<exclusive-start id="3215" timestamp="2019-08-09T18:53:43.759" intervalms="44.367">
  <response-info timems="0.022" idlems="0.022" threads="0" lastid="00000000023ECF00" lastname="main" />
</exclusive-start>
<af-start id="3216" threadId="00000000023ED888" totalBytesRequested="1168" timestamp="2019-08-09T18:53:43.759" intervalms="44.350" />
<cycle-start id="3217" type="global" contextid="0" timestamp="2019-08-09T18:53:43.759" intervalms="44.419" />
<gc-start id="3218" type="global" contextid="3217" timestamp="2019-08-09T18:53:43.760">
  <mem-info id="3219" free="345088" total="34603008" percent="0">
    <mem type="tenure" free="345088" total="34603008" percent="0">
      <mem type="soa" free="0" total="34257920" percent="0" />
      <mem type="loa" free="345088" total="345088" percent="100" />
    </mem>
  </mem-info>
</gc-start>
<allocation-stats totalBytes="16180824" >
  <allocated-bytes non-tlh="0" tlh="16180824" />
  <largest-consumer threadName="main" threadId="00000000023ECF00" bytes="16180824" />
</allocation-stats>
<gc-op id="3220" type="mark" timems="13.582" contextid="3217" timestamp="2019-08-09T18:53:43.773">
  <trace-info objectcount="600496" scancount="521383" scanbytes="13382248" />
  <finalization candidates="80" enqueued="0" />
  <ownableSynchronizers candidates="21" cleared="0" />
  <references type="soft" candidates="3261" cleared="0" enqueued="0" dynamicThreshold="15" maxThreshold="32" />
  <references type="weak" candidates="5570" cleared="0" enqueued="0" />
  <references type="phantom" candidates="97" cleared="0" enqueued="0" />
  <stringconstants candidates="13595" cleared="0"  />
</gc-op>
<gc-op id="3221" type="sweep" timems="1.714" contextid="3217" timestamp="2019-08-09T18:53:43.775" />
<mem-info id="3222" free="16627272" total="34603008" percent="48">
  <mem type="tenure" free="16627272" total="34603008" percent="48" micro-fragmented="0" macro-fragmented="0">
    <mem type="soa" free="16282184" total="34257920" percent="47" />
    <mem type="loa" free="345088" total="345088" percent="100" />
  </mem>
</mem-info>
<gc-op id="3223" type="compact" timems="23.125" contextid="3217" timestamp="2019-08-09T18:53:43.798">
  <compact-info movecount="2" movebytes="64" reason="compact to aid heap contraction" />
</gc-op>
<heap-resize id="3224" type="expand" space="tenure" amount="131072" count="1" timems="0.019" reason="satisfy allocation request" timestamp="2019-08-09T18:53:43.800" />
<gc-end id="3225" type="global" contextid="3217" durationms="40.457" usertimems="91.021" systemtimems="11.291" timestamp="2019-08-09T18:53:43.800" activeThreads="16">
  <mem-info id="3226" free="16692920" total="34734080" percent="48">
    <mem type="tenure" free="16692920" total="34734080" percent="48">
      <mem type="soa" free="16345784" total="34386944" percent="47" />
      <mem type="loa" free="347136" total="347136" percent="100" />
    </mem>
  </mem-info>
</gc-end>
<cycle-end id="3227" type="global" contextid="3217" timestamp="2019-08-09T18:53:43.800" />
  <attribute name="elasticGC enabled" value="1" />
  <attribute name= "numThreadsSpecified" value="16" />
  <attribute name="heapSize specified" value="34603008" />
  <attribute name="Current GC Util" value="56" />
  <attribute name= "Current Time Running" value="163742" />
  <attribute name ="GC Interval" value="0" />
  <attribute name="Target GC Util Change" value ="80.000000" />
  <attribute name="Current GC Util Change" value="56.000000"/>
  <attribute name="Current Error" value="24.000000" />
  <attribute name="Output H" value="34678720"/>
  <attribute name="Output I" value="2040"/>
  <attribute name="Output T" value="16"/>
  <attribute name= "Current Time Running" value="163742" />
  <attribute name="GC Util currently" value="56" />
  <attribute name="CPU Util currently" value="49779628628" />
<allocation-satisfied id="3228" threadId="00000000023ECF00" bytesRequested="1168" />
<af-end id="3229" timestamp="2019-08-09T18:53:43.800" threadId="00000000023ED888" success="true" />
<exclusive-end id="3230" timestamp="2019-08-09T18:53:43.800" durationms="40.739" />

<exclusive-start id="3231" timestamp="2019-08-09T18:53:43.805" intervalms="45.790">
  <response-info timems="0.062" idlems="0.062" threads="0" lastid="00000000023ECF00" lastname="main" />
</exclusive-start>
<af-start id="3232" threadId="00000000023ED888" totalBytesRequested="1168" timestamp="2019-08-09T18:53:43.805" intervalms="45.782" />
<cycle-start id="3233" type="global" contextid="0" timestamp="2019-08-09T18:53:43.805" intervalms="45.707" />
<gc-start id="3234" type="global" contextid="3233" timestamp="2019-08-09T18:53:43.805">
  <mem-info id="3235" free="347136" total="34734080" percent="0">
    <mem type="tenure" free="347136" total="34734080" percent="0">
      <mem type="soa" free="0" total="34386944" percent="0" />
      <mem type="loa" free="347136" total="347136" percent="100" />
    </mem>
  </mem-info>
</gc-start>
<allocation-stats totalBytes="16308592" >
  <allocated-bytes non-tlh="0" tlh="16308592" />
  <largest-consumer threadName="main" threadId="00000000023ECF00" bytes="16308592" />
</allocation-stats>
<gc-op id="3236" type="mark" timems="22.873" contextid="3233" timestamp="2019-08-09T18:53:43.828">
  <trace-info objectcount="600496" scancount="521381" scanbytes="13382248" />
  <finalization candidates="80" enqueued="0" />
  <ownableSynchronizers candidates="21" cleared="0" />
  <references type="soft" candidates="3261" cleared="0" enqueued="0" dynamicThreshold="15" maxThreshold="32" />
  <references type="weak" candidates="5570" cleared="0" enqueued="0" />
  <references type="phantom" candidates="97" cleared="0" enqueued="0" />
  <stringconstants candidates="13595" cleared="0"  />
</gc-op>
<gc-op id="3237" type="sweep" timems="5.822" contextid="3233" timestamp="2019-08-09T18:53:43.834" />
<mem-info id="3238" free="16757912" total="34734080" percent="48">
  <mem type="tenure" free="16757912" total="34734080" percent="48" micro-fragmented="0" macro-fragmented="0">
    <mem type="soa" free="16410776" total="34386944" percent="47" />
    <mem type="loa" free="347136" total="347136" percent="100" />
  </mem>
</mem-info>
<gc-op id="3239" type="compact" timems="27.589" contextid="3233" timestamp="2019-08-09T18:53:43.862">
  <compact-info movecount="2" movebytes="64" reason="compact to aid heap contraction" />
</gc-op>
<heap-resize id="3240" type="expand" space="tenure" amount="131072" count="1" timems="0.020" reason="satisfy allocation request" timestamp="2019-08-09T18:53:43.863" />
<gc-end id="3241" type="global" contextid="3233" durationms="58.061" usertimems="96.677" systemtimems="28.514" timestamp="2019-08-09T18:53:43.863" activeThreads="16">
  <mem-info id="3242" free="16823992" total="34865152" percent="48">
    <mem type="tenure" free="16823992" total="34865152" percent="48">
      <mem type="soa" free="16475832" total="34516992" percent="47" />
      <mem type="loa" free="348160" total="348160" percent="100" />
    </mem>
  </mem-info>
</gc-end>
<cycle-end id="3243" type="global" contextid="3233" timestamp="2019-08-09T18:53:43.863" />
  <attribute name="elasticGC enabled" value="1" />
  <attribute name= "numThreadsSpecified" value="16" />
  <attribute name="heapSize specified" value="34734080" />
  <attribute name="Current GC Util" value="49" />
  <attribute name= "Current Time Running" value="163805" />
  <attribute name ="GC Interval" value="0" />
  <attribute name="Target GC Util Change" value ="80.000000" />
  <attribute name="Current GC Util Change" value="49.000000"/>
  <attribute name="Current Error" value="-539.000000" />
  <attribute name="Output H" value="34809144"/>
  <attribute name="Output I" value="1392"/>
  <attribute name="Output T" value="16"/>
  <attribute name= "Current Time Running" value="163805" />
  <attribute name="GC Util currently" value="49" />
  <attribute name="CPU Util currently" value="41751490025" />
<allocation-satisfied id="3244" threadId="00000000023ECF00" bytesRequested="1168" />
<af-end id="3245" timestamp="2019-08-09T18:53:43.863" threadId="00000000023ED888" success="true" />
<exclusive-end id="3246" timestamp="2019-08-09T18:53:43.863" durationms="58.280" />

<exclusive-start id="3247" timestamp="2019-08-09T18:53:43.867" intervalms="61.668">
  <response-info timems="0.017" idlems="0.017" threads="0" lastid="00000000023ECF00" lastname="main" />
</exclusive-start>
<af-start id="3248" threadId="00000000023ED888" totalBytesRequested="1168" timestamp="2019-08-09T18:53:43.867" intervalms="61.688" />
<cycle-start id="3249" type="global" contextid="0" timestamp="2019-08-09T18:53:43.867" intervalms="61.694" />
<gc-start id="3250" type="global" contextid="3249" timestamp="2019-08-09T18:53:43.867">
  <mem-info id="3251" free="348160" total="34865152" percent="0">
    <mem type="tenure" free="348160" total="34865152" percent="0">
      <mem type="soa" free="0" total="34516992" percent="0" />
      <mem type="loa" free="348160" total="348160" percent="100" />
    </mem>
  </mem-info>
</gc-start>
<allocation-stats totalBytes="16438840" >
  <allocated-bytes non-tlh="0" tlh="16438840" />
  <largest-consumer threadName="main" threadId="00000000023ECF00" bytes="16438840" />
</allocation-stats>
<gc-op id="3252" type="mark" timems="10.452" contextid="3249" timestamp="2019-08-09T18:53:43.877">
  <trace-info objectcount="600496" scancount="521379" scanbytes="13382248" />
  <finalization candidates="80" enqueued="0" />
  <ownableSynchronizers candidates="21" cleared="0" />
  <references type="soft" candidates="3261" cleared="0" enqueued="0" dynamicThreshold="15" maxThreshold="32" />
  <references type="weak" candidates="5570" cleared="0" enqueued="0" />
  <references type="phantom" candidates="97" cleared="0" enqueued="0" />
  <stringconstants candidates="13595" cleared="0"  />
</gc-op>
<gc-op id="3253" type="sweep" timems="3.002" contextid="3249" timestamp="2019-08-09T18:53:43.880" />
<mem-info id="3254" free="16889272" total="34865152" percent="48">
  <mem type="tenure" free="16889272" total="34865152" percent="48" micro-fragmented="0" macro-fragmented="0">
    <mem type="soa" free="16541112" total="34516992" percent="47" />
    <mem type="loa" free="348160" total="348160" percent="100" />
  </mem>
</mem-info>
<gc-op id="3255" type="compact" timems="35.625" contextid="3249" timestamp="2019-08-09T18:53:43.916">
  <compact-info movecount="2" movebytes="64" reason="compact to aid heap contraction" />
</gc-op>
<heap-resize id="3256" type="expand" space="tenure" amount="131072" count="1" timems="0.021" reason="satisfy allocation request" timestamp="2019-08-09T18:53:43.917" />
<gc-end id="3257" type="global" contextid="3249" durationms="49.929" usertimems="101.396" systemtimems="6.537" timestamp="2019-08-09T18:53:43.917" activeThreads="16">
  <mem-info id="3258" free="16955064" total="34996224" percent="48">
    <mem type="tenure" free="16955064" total="34996224" percent="48">
      <mem type="soa" free="16605880" total="34647040" percent="47" />
      <mem type="loa" free="349184" total="349184" percent="100" />
    </mem>
  </mem-info>
</gc-end>
<cycle-end id="3259" type="global" contextid="3249" timestamp="2019-08-09T18:53:43.917" />
  <attribute name="elasticGC enabled" value="1" />
  <attribute name= "numThreadsSpecified" value="16" />
  <attribute name="heapSize specified" value="34865152" />
  <attribute name="Current GC Util" value="35" />
  <attribute name= "Current Time Running" value="163860" />
  <attribute name ="GC Interval" value="0" />
  <attribute name="Target GC Util Change" value ="80.000000" />
  <attribute name="Current GC Util Change" value="35.000000"/>
  <attribute name="Current Error" value="-406.000000" />
  <attribute name="Output H" value="34940368"/>
  <attribute name="Output I" value="1544"/>
  <attribute name="Output T" value="16"/>
  <attribute name= "Current Time Running" value="163860" />
  <attribute name="GC Util currently" value="35" />
  <attribute name="CPU Util currently" value="32324542202" />
<allocation-satisfied id="3260" threadId="00000000023ECF00" bytesRequested="1168" />
<af-end id="3261" timestamp="2019-08-09T18:53:43.917" threadId="00000000023ED888" success="true" />
<exclusive-end id="3262" timestamp="2019-08-09T18:53:43.917" durationms="50.168" />

<exclusive-start id="3263" timestamp="2019-08-09T18:53:43.921" intervalms="53.754">
  <response-info timems="0.043" idlems="0.043" threads="0" lastid="00000000023ECF00" lastname="main" />
</exclusive-start>
<af-start id="3264" threadId="00000000023ED888" totalBytesRequested="1168" timestamp="2019-08-09T18:53:43.921" intervalms="53.730" />
<cycle-start id="3265" type="global" contextid="0" timestamp="2019-08-09T18:53:43.921" intervalms="53.723" />
<gc-start id="3266" type="global" contextid="3265" timestamp="2019-08-09T18:53:43.921">
  <mem-info id="3267" free="349184" total="34996224" percent="0">
    <mem type="tenure" free="349184" total="34996224" percent="0">
      <mem type="soa" free="0" total="34647040" percent="0" />
      <mem type="loa" free="349184" total="349184" percent="100" />
    </mem>
  </mem-info>
</gc-start>
<allocation-stats totalBytes="16566608" >
  <allocated-bytes non-tlh="0" tlh="16566608" />
  <largest-consumer threadName="main" threadId="00000000023ECF00" bytes="16566608" />
</allocation-stats>
<gc-op id="3268" type="mark" timems="10.179" contextid="3265" timestamp="2019-08-09T18:53:43.931">
  <trace-info objectcount="600496" scancount="521381" scanbytes="13382248" />
  <finalization candidates="80" enqueued="0" />
  <ownableSynchronizers candidates="21" cleared="0" />
  <references type="soft" candidates="3261" cleared="0" enqueued="0" dynamicThreshold="15" maxThreshold="32" />
  <references type="weak" candidates="5570" cleared="0" enqueued="0" />
  <references type="phantom" candidates="97" cleared="0" enqueued="0" />
  <stringconstants candidates="13595" cleared="0"  />
</gc-op>
<gc-op id="3269" type="sweep" timems="2.322" contextid="3265" timestamp="2019-08-09T18:53:43.933" />
<mem-info id="3270" free="17020600" total="34996224" percent="48">
  <mem type="tenure" free="17020600" total="34996224" percent="48" micro-fragmented="0" macro-fragmented="0">
    <mem type="soa" free="16671416" total="34647040" percent="48" />
    <mem type="loa" free="349184" total="349184" percent="100" />
  </mem>
</mem-info>
<gc-op id="3271" type="compact" timems="28.849" contextid="3265" timestamp="2019-08-09T18:53:43.962">
  <compact-info movecount="2" movebytes="64" reason="compact to aid heap contraction" />
</gc-op>
<heap-resize id="3272" type="expand" space="tenure" amount="131072" count="1" timems="0.017" reason="satisfy allocation request" timestamp="2019-08-09T18:53:43.963" />
<gc-end id="3273" type="global" contextid="3265" durationms="42.104" usertimems="87.020" systemtimems="9.133" timestamp="2019-08-09T18:53:43.963" activeThreads="16">
  <mem-info id="3274" free="17086136" total="35127296" percent="48">
    <mem type="tenure" free="17086136" total="35127296" percent="48">
      <mem type="soa" free="16734904" total="34776064" percent="48" />
      <mem type="loa" free="351232" total="351232" percent="100" />
    </mem>
  </mem-info>
</gc-end>
<cycle-end id="3275" type="global" contextid="3265" timestamp="2019-08-09T18:53:43.963" />
  <attribute name="elasticGC enabled" value="1" />
  <attribute name= "numThreadsSpecified" value="16" />
  <attribute name="heapSize specified" value="34996224" />
  <attribute name="Current GC Util" value="37" />
  <attribute name= "Current Time Running" value="163906" />
  <attribute name ="GC Interval" value="0" />
  <attribute name="Target GC Util Change" value ="80.000000" />
  <attribute name="Current GC Util Change" value="37.000000"/>
  <attribute name="Current Error" value="43.000000" />
  <attribute name="Output H" value="35071960"/>
  <attribute name="Output I" value="2064"/>
  <attribute name="Output T" value="16"/>
  <attribute name= "Current Time Running" value="163906" />
  <attribute name="GC Util currently" value="37" />
  <attribute name="CPU Util currently" value="39905428613" />
<allocation-satisfied id="3276" threadId="00000000023ECF00" bytesRequested="1168" />
<af-end id="3277" timestamp="2019-08-09T18:53:43.963" threadId="00000000023ED888" success="true" />
<exclusive-end id="3278" timestamp="2019-08-09T18:53:43.963" durationms="42.327" />

<exclusive-start id="3279" timestamp="2019-08-09T18:53:43.966" intervalms="45.915">
  <response-info timems="0.045" idlems="0.045" threads="0" lastid="00000000023ECF00" lastname="main" />
</exclusive-start>
<af-start id="3280" threadId="00000000023ED888" totalBytesRequested="1168" timestamp="2019-08-09T18:53:43.966" intervalms="45.917" />
<cycle-start id="3281" type="global" contextid="0" timestamp="2019-08-09T18:53:43.967" intervalms="45.917" />
<gc-start id="3282" type="global" contextid="3281" timestamp="2019-08-09T18:53:43.967">
  <mem-info id="3283" free="351232" total="35127296" percent="0">
    <mem type="tenure" free="351232" total="35127296" percent="0">
      <mem type="soa" free="0" total="34776064" percent="0" />
      <mem type="loa" free="351232" total="351232" percent="100" />
    </mem>
  </mem-info>
</gc-start>
<allocation-stats totalBytes="16695640" >
  <allocated-bytes non-tlh="0" tlh="16695640" />
  <largest-consumer threadName="main" threadId="00000000023ECF00" bytes="16695640" />
</allocation-stats>
<gc-op id="3284" type="mark" timems="10.924" contextid="3281" timestamp="2019-08-09T18:53:43.978">
  <trace-info objectcount="600496" scancount="521385" scanbytes="13382248" />
  <finalization candidates="80" enqueued="0" />
  <ownableSynchronizers candidates="21" cleared="0" />
  <references type="soft" candidates="3261" cleared="0" enqueued="0" dynamicThreshold="15" maxThreshold="32" />
  <references type="weak" candidates="5570" cleared="0" enqueued="0" />
  <references type="phantom" candidates="97" cleared="0" enqueued="0" />
  <stringconstants candidates="13595" cleared="0"  />
</gc-op>
<gc-op id="3285" type="sweep" timems="4.599" contextid="3281" timestamp="2019-08-09T18:53:43.982" />
<mem-info id="3286" free="17151504" total="35127296" percent="48">
  <mem type="tenure" free="17151504" total="35127296" percent="48" micro-fragmented="0" macro-fragmented="0">
    <mem type="soa" free="16800272" total="34776064" percent="48" />
    <mem type="loa" free="351232" total="351232" percent="100" />
  </mem>
</mem-info>
<gc-op id="3287" type="compact" timems="32.158" contextid="3281" timestamp="2019-08-09T18:53:44.014">
  <compact-info movecount="2" movebytes="64" reason="compact to aid heap contraction" />
</gc-op>
<heap-resize id="3288" type="expand" space="tenure" amount="131072" count="1" timems="0.020" reason="satisfy allocation request" timestamp="2019-08-09T18:53:44.015" />
<gc-end id="3289" type="global" contextid="3281" durationms="48.490" usertimems="69.736" systemtimems="32.819" timestamp="2019-08-09T18:53:44.015" activeThreads="16">
  <mem-info id="3290" free="17217208" total="35258368" percent="48">
    <mem type="tenure" free="17217208" total="35258368" percent="48">
      <mem type="soa" free="16864952" total="34906112" percent="48" />
      <mem type="loa" free="352256" total="352256" percent="100" />
    </mem>
  </mem-info>
</gc-end>
<cycle-end id="3291" type="global" contextid="3281" timestamp="2019-08-09T18:53:44.015" />
  <attribute name="elasticGC enabled" value="1" />
  <attribute name= "numThreadsSpecified" value="16" />
  <attribute name="heapSize specified" value="35127296" />
  <attribute name="Current GC Util" value="42" />
  <attribute name= "Current Time Running" value="163958" />
  <attribute name ="GC Interval" value="0" />
  <attribute name="Target GC Util Change" value ="80.000000" />
  <attribute name="Current GC Util Change" value="42.000000"/>
  <attribute name="Current Error" value="-938.000000" />
  <attribute name="Output H" value="35201896"/>
  <attribute name="Output I" value="928"/>
  <attribute name="Output T" value="16"/>
  <attribute name= "Current Time Running" value="163958" />
  <attribute name="GC Util currently" value="42" />
  <attribute name="CPU Util currently" value="35809622733" />
<allocation-satisfied id="3292" threadId="00000000023ECF00" bytesRequested="1168" />
<af-end id="3293" timestamp="2019-08-09T18:53:44.015" threadId="00000000023ED888" success="true" />
<exclusive-end id="3294" timestamp="2019-08-09T18:53:44.015" durationms="48.692" />

<exclusive-start id="3295" timestamp="2019-08-09T18:53:44.019" intervalms="52.313">
  <response-info timems="0.043" idlems="0.043" threads="0" lastid="00000000023ECF00" lastname="main" />
</exclusive-start>
<af-start id="3296" threadId="00000000023ED888" totalBytesRequested="1168" timestamp="2019-08-09T18:53:44.019" intervalms="52.328" />
<cycle-start id="3297" type="global" contextid="0" timestamp="2019-08-09T18:53:44.019" intervalms="52.330" />
<gc-start id="3298" type="global" contextid="3297" timestamp="2019-08-09T18:53:44.019">
  <mem-info id="3299" free="352256" total="35258368" percent="0">
    <mem type="tenure" free="352256" total="35258368" percent="0">
      <mem type="soa" free="0" total="34906112" percent="0" />
      <mem type="loa" free="352256" total="352256" percent="100" />
    </mem>
  </mem-info>
</gc-start>
<allocation-stats totalBytes="16824624" >
  <allocated-bytes non-tlh="0" tlh="16824624" />
  <largest-consumer threadName="main" threadId="00000000023ECF00" bytes="16824624" />
</allocation-stats>
<gc-op id="3300" type="mark" timems="11.182" contextid="3297" timestamp="2019-08-09T18:53:44.030">
  <trace-info objectcount="600496" scancount="521386" scanbytes="13382248" />
  <finalization candidates="80" enqueued="0" />
  <ownableSynchronizers candidates="21" cleared="0" />
  <references type="soft" candidates="3261" cleared="0" enqueued="0" dynamicThreshold="15" maxThreshold="32" />
  <references type="weak" candidates="5570" cleared="0" enqueued="0" />
  <references type="phantom" candidates="97" cleared="0" enqueued="0" />
  <stringconstants candidates="13595" cleared="0"  />
</gc-op>
<gc-op id="3301" type="sweep" timems="3.232" contextid="3297" timestamp="2019-08-09T18:53:44.033" />
<mem-info id="3302" free="17282360" total="35258368" percent="49">
  <mem type="tenure" free="17282360" total="35258368" percent="49" micro-fragmented="0" macro-fragmented="0">
    <mem type="soa" free="16930104" total="34906112" percent="48" />
    <mem type="loa" free="352256" total="352256" percent="100" />
  </mem>
</mem-info>
<gc-op id="3303" type="compact" timems="121.542" contextid="3297" timestamp="2019-08-09T18:53:44.155">
  <compact-info movecount="2" movebytes="64" reason="compact to aid heap contraction" />
</gc-op>
<heap-resize id="3304" type="expand" space="tenure" amount="131072" count="1" timems="0.022" reason="satisfy allocation request" timestamp="2019-08-09T18:53:44.159" />
<gc-end id="3305" type="global" contextid="3297" durationms="140.604" usertimems="117.390" systemtimems="110.505" timestamp="2019-08-09T18:53:44.159" activeThreads="16">
  <mem-info id="3306" free="17348280" total="35389440" percent="49">
    <mem type="tenure" free="17348280" total="35389440" percent="49">
      <mem type="soa" free="16995000" total="35036160" percent="48" />
      <mem type="loa" free="353280" total="353280" percent="100" />
    </mem>
  </mem-info>
</gc-end>
<cycle-end id="3307" type="global" contextid="3297" timestamp="2019-08-09T18:53:44.160" />
  <attribute name="elasticGC enabled" value="1" />
  <attribute name= "numThreadsSpecified" value="16" />
  <attribute name="heapSize specified" value="35258368" />
  <attribute name="Current GC Util" value="46" />
  <attribute name= "Current Time Running" value="164099" />
  <attribute name ="GC Interval" value="0" />
  <attribute name="Target GC Util Change" value ="80.000000" />
  <attribute name="Current GC Util Change" value="46.000000"/>
  <attribute name="Current Error" value="-516.000000" />
  <attribute name="Output H" value="35333456"/>
  <attribute name="Output I" value="1416"/>
  <attribute name="Output T" value="16"/>
  <attribute name= "Current Time Running" value="164099" />
  <attribute name="GC Util currently" value="46" />
  <attribute name="CPU Util currently" value="9476890411" />
<allocation-satisfied id="3308" threadId="00000000023ECF00" bytesRequested="1168" />
<af-end id="3309" timestamp="2019-08-09T18:53:44.160" threadId="00000000023ED888" success="true" />
<exclusive-end id="3310" timestamp="2019-08-09T18:53:44.160" durationms="140.866" />

<exclusive-start id="3311" timestamp="2019-08-09T18:53:44.167" intervalms="148.366">
  <response-info timems="0.094" idlems="0.094" threads="0" lastid="00000000023ECF00" lastname="main" />
</exclusive-start>
<af-start id="3312" threadId="00000000023ED888" totalBytesRequested="1168" timestamp="2019-08-09T18:53:44.167" intervalms="148.351" />
<cycle-start id="3313" type="global" contextid="0" timestamp="2019-08-09T18:53:44.167" intervalms="148.349" />
<gc-start id="3314" type="global" contextid="3313" timestamp="2019-08-09T18:53:44.167">
  <mem-info id="3315" free="353280" total="35389440" percent="0">
    <mem type="tenure" free="353280" total="35389440" percent="0">
      <mem type="soa" free="0" total="35036160" percent="0" />
      <mem type="loa" free="353280" total="353280" percent="100" />
    </mem>
  </mem-info>
</gc-start>
<allocation-stats totalBytes="16954872" >
  <allocated-bytes non-tlh="0" tlh="16954872" />
  <largest-consumer threadName="main" threadId="00000000023ECF00" bytes="16954872" />
</allocation-stats>
<gc-op id="3316" type="mark" timems="11.941" contextid="3313" timestamp="2019-08-09T18:53:44.179">
  <trace-info objectcount="600496" scancount="521384" scanbytes="13382248" />
  <finalization candidates="80" enqueued="0" />
  <ownableSynchronizers candidates="21" cleared="0" />
  <references type="soft" candidates="3261" cleared="0" enqueued="0" dynamicThreshold="15" maxThreshold="32" />
  <references type="weak" candidates="5570" cleared="0" enqueued="0" />
  <references type="phantom" candidates="97" cleared="0" enqueued="0" />
  <stringconstants candidates="13595" cleared="0"  />
</gc-op>
<gc-op id="3317" type="sweep" timems="2.336" contextid="3313" timestamp="2019-08-09T18:53:44.182" />
<mem-info id="3318" free="17413720" total="35389440" percent="49">
  <mem type="tenure" free="17413720" total="35389440" percent="49" micro-fragmented="0" macro-fragmented="0">
    <mem type="soa" free="17060440" total="35036160" percent="48" />
    <mem type="loa" free="353280" total="353280" percent="100" />
  </mem>
</mem-info>
<gc-op id="3319" type="compact" timems="31.462" contextid="3313" timestamp="2019-08-09T18:53:44.213">
  <compact-info movecount="2" movebytes="64" reason="compact to aid heap contraction" />
</gc-op>
<heap-resize id="3320" type="expand" space="tenure" amount="131072" count="1" timems="0.020" reason="satisfy allocation request" timestamp="2019-08-09T18:53:44.215" />
<gc-end id="3321" type="global" contextid="3313" durationms="47.653" usertimems="87.512" systemtimems="15.417" timestamp="2019-08-09T18:53:44.215" activeThreads="16">
  <mem-info id="3322" free="17479352" total="35520512" percent="49">
    <mem type="tenure" free="17479352" total="35520512" percent="49">
      <mem type="soa" free="17125048" total="35166208" percent="48" />
      <mem type="loa" free="354304" total="354304" percent="100" />
    </mem>
  </mem-info>
</gc-end>
<cycle-end id="3323" type="global" contextid="3313" timestamp="2019-08-09T18:53:44.215" />
  <attribute name="elasticGC enabled" value="1" />
  <attribute name= "numThreadsSpecified" value="16" />
  <attribute name="heapSize specified" value="35389440" />
  <attribute name="Current GC Util" value="41" />
  <attribute name= "Current Time Running" value="164157" />
  <attribute name ="GC Interval" value="0" />
  <attribute name="Target GC Util Change" value ="80.000000" />
  <attribute name="Current GC Util Change" value="41.000000"/>
  <attribute name="Current Error" value="39.000000" />
  <attribute name="Output H" value="35465168"/>
  <attribute name="Output I" value="2056"/>
  <attribute name="Output T" value="16"/>
  <attribute name= "Current Time Running" value="164157" />
  <attribute name="GC Util currently" value="41" />
  <attribute name="CPU Util currently" value="36625627276" />
<allocation-satisfied id="3324" threadId="00000000023ECF00" bytesRequested="1168" />
<af-end id="3325" timestamp="2019-08-09T18:53:44.215" threadId="00000000023ED888" success="true" />
<exclusive-end id="3326" timestamp="2019-08-09T18:53:44.215" durationms="47.868" />

<exclusive-start id="3327" timestamp="2019-08-09T18:53:44.219" intervalms="52.188">
  <response-info timems="0.081" idlems="0.081" threads="0" lastid="00000000023ECF00" lastname="main" />
</exclusive-start>
<af-start id="3328" threadId="00000000023ED888" totalBytesRequested="1168" timestamp="2019-08-09T18:53:44.219" intervalms="52.199" />
<cycle-start id="3329" type="global" contextid="0" timestamp="2019-08-09T18:53:44.219" intervalms="52.207" />
<gc-start id="3330" type="global" contextid="3329" timestamp="2019-08-09T18:53:44.219">
  <mem-info id="3331" free="354304" total="35520512" percent="0">
    <mem type="tenure" free="354304" total="35520512" percent="0">
      <mem type="soa" free="0" total="35166208" percent="0" />
      <mem type="loa" free="354304" total="354304" percent="100" />
    </mem>
  </mem-info>
</gc-start>
<allocation-stats totalBytes="17083904" >
  <allocated-bytes non-tlh="0" tlh="17083904" />
  <largest-consumer threadName="main" threadId="00000000023ECF00" bytes="17083904" />
</allocation-stats>
<gc-op id="3332" type="mark" timems="12.136" contextid="3329" timestamp="2019-08-09T18:53:44.232">
  <trace-info objectcount="600496" scancount="521377" scanbytes="13382248" />
  <finalization candidates="80" enqueued="0" />
  <ownableSynchronizers candidates="21" cleared="0" />
  <references type="soft" candidates="3261" cleared="0" enqueued="0" dynamicThreshold="15" maxThreshold="32" />
  <references type="weak" candidates="5570" cleared="0" enqueued="0" />
  <references type="phantom" candidates="97" cleared="0" enqueued="0" />
  <stringconstants candidates="13595" cleared="0"  />
</gc-op>
<gc-op id="3333" type="sweep" timems="1.857" contextid="3329" timestamp="2019-08-09T18:53:44.234" />
<mem-info id="3334" free="17544600" total="35520512" percent="49">
  <mem type="tenure" free="17544600" total="35520512" percent="49" micro-fragmented="0" macro-fragmented="0">
    <mem type="soa" free="17190296" total="35166208" percent="48" />
    <mem type="loa" free="354304" total="354304" percent="100" />
  </mem>
</mem-info>
<gc-op id="3335" type="compact" timems="24.079" contextid="3329" timestamp="2019-08-09T18:53:44.258">
  <compact-info movecount="2" movebytes="64" reason="compact to aid heap contraction" />
</gc-op>
<heap-resize id="3336" type="expand" space="tenure" amount="131072" count="1" timems="0.018" reason="satisfy allocation request" timestamp="2019-08-09T18:53:44.258" />
<gc-end id="3337" type="global" contextid="3329" durationms="38.945" usertimems="73.096" systemtimems="11.041" timestamp="2019-08-09T18:53:44.258" activeThreads="16">
  <mem-info id="3338" free="17610424" total="35651584" percent="49">
    <mem type="tenure" free="17610424" total="35651584" percent="49">
      <mem type="soa" free="17254072" total="35295232" percent="48" />
      <mem type="loa" free="356352" total="356352" percent="100" />
    </mem>
  </mem-info>
</gc-end>
<cycle-end id="3339" type="global" contextid="3329" timestamp="2019-08-09T18:53:44.258" />
  <attribute name="elasticGC enabled" value="1" />
  <attribute name= "numThreadsSpecified" value="16" />
  <attribute name="heapSize specified" value="35520512" />
  <attribute name="Current GC Util" value="36" />
  <attribute name= "Current Time Running" value="164202" />
  <attribute name ="GC Interval" value="0" />
  <attribute name="Target GC Util Change" value ="80.000000" />
  <attribute name="Current GC Util Change" value="36.000000"/>
  <attribute name="Current Error" value="-737.000000" />
  <attribute name="Output H" value="35595344"/>
  <attribute name="Output I" value="1160"/>
  <attribute name="Output T" value="16"/>
  <attribute name= "Current Time Running" value="164202" />
  <attribute name="GC Util currently" value="36" />
  <attribute name="CPU Util currently" value="47800808958" />
<allocation-satisfied id="3340" threadId="00000000023ECF00" bytesRequested="1168" />
<af-end id="3341" timestamp="2019-08-09T18:53:44.258" threadId="00000000023ED888" success="true" />
<exclusive-end id="3342" timestamp="2019-08-09T18:53:44.258" durationms="39.158" />

<exclusive-start id="3343" timestamp="2019-08-09T18:53:44.262" intervalms="42.950">
  <response-info timems="0.018" idlems="0.018" threads="0" lastid="00000000023ECF00" lastname="main" />
</exclusive-start>
<af-start id="3344" threadId="00000000023ED888" totalBytesRequested="1168" timestamp="2019-08-09T18:53:44.262" intervalms="42.940" />
<cycle-start id="3345" type="global" contextid="0" timestamp="2019-08-09T18:53:44.262" intervalms="42.930" />
<gc-start id="3346" type="global" contextid="3345" timestamp="2019-08-09T18:53:44.262">
  <mem-info id="3347" free="356352" total="35651584" percent="0">
    <mem type="tenure" free="356352" total="35651584" percent="0">
      <mem type="soa" free="0" total="35295232" percent="0" />
      <mem type="loa" free="356352" total="356352" percent="100" />
    </mem>
  </mem-info>
</gc-start>
<allocation-stats totalBytes="17211648" >
  <allocated-bytes non-tlh="0" tlh="17211648" />
  <largest-consumer threadName="main" threadId="00000000023ECF00" bytes="17211648" />
</allocation-stats>
<gc-op id="3348" type="mark" timems="37.079" contextid="3345" timestamp="2019-08-09T18:53:44.299">
  <trace-info objectcount="600496" scancount="521386" scanbytes="13382248" />
  <finalization candidates="80" enqueued="0" />
  <ownableSynchronizers candidates="21" cleared="0" />
  <references type="soft" candidates="3261" cleared="0" enqueued="0" dynamicThreshold="15" maxThreshold="32" />
  <references type="weak" candidates="5570" cleared="0" enqueued="0" />
  <references type="phantom" candidates="97" cleared="0" enqueued="0" />
  <stringconstants candidates="13595" cleared="0"  />
</gc-op>
<gc-op id="3349" type="sweep" timems="4.652" contextid="3345" timestamp="2019-08-09T18:53:44.304" />
<mem-info id="3350" free="17675952" total="35651584" percent="49">
  <mem type="tenure" free="17675952" total="35651584" percent="49" micro-fragmented="0" macro-fragmented="0">
    <mem type="soa" free="17319600" total="35295232" percent="49" />
    <mem type="loa" free="356352" total="356352" percent="100" />
  </mem>
</mem-info>
<gc-op id="3351" type="compact" timems="27.458" contextid="3345" timestamp="2019-08-09T18:53:44.332">
  <compact-info movecount="2" movebytes="64" reason="compact to aid heap contraction" />
</gc-op>
<heap-resize id="3352" type="expand" space="tenure" amount="131072" count="1" timems="0.018" reason="satisfy allocation request" timestamp="2019-08-09T18:53:44.333" />
<gc-end id="3353" type="global" contextid="3345" durationms="70.233" usertimems="145.089" systemtimems="91.838" timestamp="2019-08-09T18:53:44.333" activeThreads="16">
  <mem-info id="3354" free="17741496" total="35782656" percent="49">
    <mem type="tenure" free="17741496" total="35782656" percent="49">
      <mem type="soa" free="17384120" total="35425280" percent="49" />
      <mem type="loa" free="357376" total="357376" percent="100" />
    </mem>
  </mem-info>
</gc-end>
<cycle-end id="3355" type="global" contextid="3345" timestamp="2019-08-09T18:53:44.333" />
  <attribute name="elasticGC enabled" value="1" />
  <attribute name= "numThreadsSpecified" value="16" />
  <attribute name="heapSize specified" value="35651584" />
  <attribute name="Current GC Util" value="52" />
  <attribute name= "Current Time Running" value="164276" />
  <attribute name ="GC Interval" value="0" />
  <attribute name="Target GC Util Change" value ="80.000000" />
  <attribute name="Current GC Util Change" value="52.000000"/>
  <attribute name="Current Error" value="-445.000000" />
  <attribute name="Output H" value="35726752"/>
  <attribute name="Output I" value="1496"/>
  <attribute name="Output T" value="16"/>
  <attribute name= "Current Time Running" value="164276" />
  <attribute name="GC Util currently" value="52" />
  <attribute name="CPU Util currently" value="41881311125" />
<allocation-satisfied id="3356" threadId="00000000023ECF00" bytesRequested="1168" />
<af-end id="3357" timestamp="2019-08-09T18:53:44.333" threadId="00000000023ED888" success="true" />
<exclusive-end id="3358" timestamp="2019-08-09T18:53:44.333" durationms="70.460" />

<exclusive-start id="3359" timestamp="2019-08-09T18:53:44.384" intervalms="122.025">
  <response-info timems="0.133" idlems="0.133" threads="0" lastid="00000000023ECF00" lastname="main" />
</exclusive-start>
<af-start id="3360" threadId="00000000023ED888" totalBytesRequested="80" timestamp="2019-08-09T18:53:44.384" intervalms="122.023" />
<cycle-start id="3361" type="global" contextid="0" timestamp="2019-08-09T18:53:44.384" intervalms="122.027" />
<gc-start id="3362" type="global" contextid="3361" timestamp="2019-08-09T18:53:44.384">
  <mem-info id="3363" free="357376" total="35782656" percent="0">
    <mem type="tenure" free="357376" total="35782656" percent="0">
      <mem type="soa" free="0" total="35425280" percent="0" />
      <mem type="loa" free="357376" total="357376" percent="100" />
    </mem>
  </mem-info>
</gc-start>
<allocation-stats totalBytes="17442760" >
  <allocated-bytes non-tlh="0" tlh="17442760" />
  <largest-consumer threadName="main" threadId="00000000023ECF00" bytes="17442760" />
</allocation-stats>
<gc-op id="3364" type="mark" timems="14.950" contextid="3361" timestamp="2019-08-09T18:53:44.399">
  <trace-info objectcount="600630" scancount="521540" scanbytes="13386716" />
  <finalization candidates="80" enqueued="0" />
  <ownableSynchronizers candidates="21" cleared="0" />
  <references type="soft" candidates="3261" cleared="0" enqueued="0" dynamicThreshold="15" maxThreshold="32" />
  <references type="weak" candidates="5570" cleared="0" enqueued="0" />
  <references type="phantom" candidates="97" cleared="0" enqueued="0" />
  <stringconstants candidates="13595" cleared="0"  />
</gc-op>
<gc-op id="3365" type="sweep" timems="2.185" contextid="3361" timestamp="2019-08-09T18:53:44.402" />
<mem-info id="3366" free="17800352" total="35782656" percent="49">
  <mem type="tenure" free="17800352" total="35782656" percent="49" micro-fragmented="0" macro-fragmented="0">
    <mem type="soa" free="17442976" total="35425280" percent="49" />
    <mem type="loa" free="357376" total="357376" percent="100" />
  </mem>
</mem-info>
<gc-op id="3367" type="compact" timems="26.777" contextid="3361" timestamp="2019-08-09T18:53:44.428">
  <compact-info movecount="155" movebytes="5104" reason="compact to aid heap contraction" />
</gc-op>
<heap-resize id="3368" type="expand" space="tenure" amount="131072" count="1" timems="0.021" reason="satisfy allocation request" timestamp="2019-08-09T18:53:44.429" />
<gc-end id="3369" type="global" contextid="3361" durationms="45.107" usertimems="148.429" systemtimems="9.620" timestamp="2019-08-09T18:53:44.429" activeThreads="16">
  <mem-info id="3370" free="17869264" total="35913728" percent="49">
    <mem type="tenure" free="17869264" total="35913728" percent="49">
      <mem type="soa" free="17510864" total="35555328" percent="49" />
      <mem type="loa" free="358400" total="358400" percent="100" />
    </mem>
  </mem-info>
</gc-end>
<cycle-end id="3371" type="global" contextid="3361" timestamp="2019-08-09T18:53:44.430" />
  <attribute name="elasticGC enabled" value="1" />
  <attribute name= "numThreadsSpecified" value="16" />
  <attribute name="heapSize specified" value="35782656" />
  <attribute name="Current GC Util" value="50" />
  <attribute name= "Current Time Running" value="164372" />
  <attribute name ="GC Interval" value="0" />
  <attribute name="Target GC Util Change" value ="80.000000" />
  <attribute name="Current GC Util Change" value="50.000000"/>
  <attribute name="Current Error" value="30.000000" />
  <attribute name="Output H" value="35858376"/>
  <attribute name="Output I" value="2048"/>
  <attribute name="Output T" value="16"/>
  <attribute name= "Current Time Running" value="164372" />
  <attribute name="GC Util currently" value="50" />
  <attribute name="CPU Util currently" value="42970548231" />
<allocation-satisfied id="3372" threadId="00000000023ECF00" bytesRequested="80" />
<af-end id="3373" timestamp="2019-08-09T18:53:44.430" threadId="00000000023ED888" success="true" />
<exclusive-end id="3374" timestamp="2019-08-09T18:53:44.430" durationms="45.305" />

<exclusive-start id="3375" timestamp="2019-08-09T18:53:44.504" intervalms="119.872">
  <response-info timems="0.049" idlems="0.049" threads="0" lastid="00000000023ECF00" lastname="main" />
</exclusive-start>
<af-start id="3376" threadId="00000000023ED888" totalBytesRequested="80" timestamp="2019-08-09T18:53:44.504" intervalms="119.879" />
<cycle-start id="3377" type="global" contextid="0" timestamp="2019-08-09T18:53:44.504" intervalms="119.880" />
<gc-start id="3378" type="global" contextid="3377" timestamp="2019-08-09T18:53:44.504">
  <mem-info id="3379" free="358400" total="35913728" percent="0">
    <mem type="tenure" free="358400" total="35913728" percent="0">
      <mem type="soa" free="0" total="35555328" percent="0" />
      <mem type="loa" free="358400" total="358400" percent="100" />
    </mem>
  </mem-info>
</gc-start>
<allocation-stats totalBytes="17573792" >
  <allocated-bytes non-tlh="0" tlh="17573792" />
  <largest-consumer threadName="main" threadId="00000000023ECF00" bytes="17573792" />
</allocation-stats>
<gc-op id="3380" type="mark" timems="11.576" contextid="3377" timestamp="2019-08-09T18:53:44.516">
  <trace-info objectcount="600630" scancount="521516" scanbytes="13386716" />
  <finalization candidates="80" enqueued="0" />
  <ownableSynchronizers candidates="21" cleared="0" />
  <references type="soft" candidates="3261" cleared="0" enqueued="0" dynamicThreshold="15" maxThreshold="32" />
  <references type="weak" candidates="5570" cleared="0" enqueued="0" />
  <references type="phantom" candidates="97" cleared="0" enqueued="0" />
  <stringconstants candidates="13595" cleared="0"  />
</gc-op>
<gc-op id="3381" type="sweep" timems="3.776" contextid="3377" timestamp="2019-08-09T18:53:44.520" />
<mem-info id="3382" free="17932808" total="35913728" percent="49">
  <mem type="tenure" free="17932808" total="35913728" percent="49" micro-fragmented="0" macro-fragmented="0">
    <mem type="soa" free="17574408" total="35555328" percent="49" />
    <mem type="loa" free="358400" total="358400" percent="100" />
  </mem>
</mem-info>
<gc-op id="3383" type="compact" timems="22.652" contextid="3377" timestamp="2019-08-09T18:53:44.542">
  <compact-info movecount="105" movebytes="3424" reason="compact to aid heap contraction" />
</gc-op>
<heap-resize id="3384" type="expand" space="tenure" amount="131072" count="1" timems="0.018" reason="satisfy allocation request" timestamp="2019-08-09T18:53:44.543" />
<gc-end id="3385" type="global" contextid="3377" durationms="38.994" usertimems="82.399" systemtimems="18.730" timestamp="2019-08-09T18:53:44.543" activeThreads="16">
  <mem-info id="3386" free="18000336" total="36044800" percent="49">
    <mem type="tenure" free="18000336" total="36044800" percent="49">
      <mem type="soa" free="17639888" total="35684352" percent="49" />
      <mem type="loa" free="360448" total="360448" percent="100" />
    </mem>
  </mem-info>
</gc-end>
<cycle-end id="3387" type="global" contextid="3377" timestamp="2019-08-09T18:53:44.543" />
  <attribute name="elasticGC enabled" value="1" />
  <attribute name= "numThreadsSpecified" value="16" />
  <attribute name="heapSize specified" value="35913728" />
  <attribute name="Current GC Util" value="40" />
  <attribute name= "Current Time Running" value="164486" />
  <attribute name ="GC Interval" value="0" />
  <attribute name="Target GC Util Change" value ="80.000000" />
  <attribute name="Current GC Util Change" value="40.000000"/>
  <attribute name="Current Error" value="-270.000000" />
  <attribute name="Output H" value="35989104"/>
  <attribute name="Output I" value="1704"/>
  <attribute name="Output T" value="16"/>
  <attribute name= "Current Time Running" value="164486" />
  <attribute name="GC Util currently" value="40" />
  <attribute name="CPU Util currently" value="50848046212" />
<allocation-satisfied id="3388" threadId="00000000023ECF00" bytesRequested="80" />
<af-end id="3389" timestamp="2019-08-09T18:53:44.543" threadId="00000000023ED888" success="true" />
<exclusive-end id="3390" timestamp="2019-08-09T18:53:44.543" durationms="39.186" />

<exclusive-start id="3391" timestamp="2019-08-09T18:53:44.573" intervalms="68.445">
  <response-info timems="0.046" idlems="0.046" threads="0" lastid="00000000023ECF00" lastname="main" />
</exclusive-start>
<af-start id="3392" threadId="00000000023ED888" totalBytesRequested="24" timestamp="2019-08-09T18:53:44.573" intervalms="68.443" />
<cycle-start id="3393" type="global" contextid="0" timestamp="2019-08-09T18:53:44.573" intervalms="68.448" />
<gc-start id="3394" type="global" contextid="3393" timestamp="2019-08-09T18:53:44.573">
  <mem-info id="3395" free="360448" total="36044800" percent="1">
    <mem type="tenure" free="360448" total="36044800" percent="1">
      <mem type="soa" free="0" total="35684352" percent="0" />
      <mem type="loa" free="360448" total="360448" percent="100" />
    </mem>
  </mem-info>
</gc-start>
<allocation-stats totalBytes="17702728" >
  <allocated-bytes non-tlh="0" tlh="17702728" />
  <largest-consumer threadName="main" threadId="00000000023ECF00" bytes="17702728" />
</allocation-stats>
<gc-op id="3396" type="mark" timems="9.982" contextid="3393" timestamp="2019-08-09T18:53:44.583">
  <trace-info objectcount="600636" scancount="521523" scanbytes="13386932" />
  <finalization candidates="80" enqueued="0" />
  <ownableSynchronizers candidates="21" cleared="0" />
  <references type="soft" candidates="3261" cleared="0" enqueued="0" dynamicThreshold="15" maxThreshold="32" />
  <references type="weak" candidates="5570" cleared="0" enqueued="0" />
  <references type="phantom" candidates="97" cleared="0" enqueued="0" />
  <stringconstants candidates="13595" cleared="0"  />
</gc-op>
<gc-op id="3397" type="sweep" timems="1.880" contextid="3393" timestamp="2019-08-09T18:53:44.585" />
<mem-info id="3398" free="18063720" total="36044800" percent="50">
  <mem type="tenure" free="18063720" total="36044800" percent="50" micro-fragmented="0" macro-fragmented="0">
    <mem type="soa" free="17703272" total="35684352" percent="49" />
    <mem type="loa" free="360448" total="360448" percent="100" />
  </mem>
</mem-info>
<gc-op id="3399" type="compact" timems="25.714" contextid="3393" timestamp="2019-08-09T18:53:44.610">
  <compact-info movecount="111" movebytes="3640" reason="compact to aid heap contraction" />
</gc-op>
<heap-resize id="3400" type="expand" space="tenure" amount="131072" count="1" timems="0.017" reason="satisfy allocation request" timestamp="2019-08-09T18:53:44.611" />
<gc-end id="3401" type="global" contextid="3393" durationms="38.677" usertimems="125.227" systemtimems="0.000" timestamp="2019-08-09T18:53:44.611" activeThreads="16">
  <mem-info id="3402" free="18131192" total="36175872" percent="50">
    <mem type="tenure" free="18131192" total="36175872" percent="50">
      <mem type="soa" free="17769720" total="35814400" percent="49" />
      <mem type="loa" free="361472" total="361472" percent="100" />
    </mem>
  </mem-info>
</gc-end>
<cycle-end id="3403" type="global" contextid="3393" timestamp="2019-08-09T18:53:44.611" />
  <attribute name="elasticGC enabled" value="1" />
  <attribute name= "numThreadsSpecified" value="16" />
  <attribute name="heapSize specified" value="36044800" />
  <attribute name="Current GC Util" value="38" />
  <attribute name= "Current Time Running" value="164554" />
  <attribute name ="GC Interval" value="0" />
  <attribute name="Target GC Util Change" value ="80.000000" />
  <attribute name="Current GC Util Change" value="38.000000"/>
  <attribute name="Current Error" value="-449.000000" />
  <attribute name="Output H" value="36119968"/>
  <attribute name="Output I" value="1496"/>
  <attribute name="Output T" value="16"/>
  <attribute name= "Current Time Running" value="164554" />
  <attribute name="GC Util currently" value="38" />
  <attribute name="CPU Util currently" value="44814638566" />
<allocation-satisfied id="3404" threadId="00000000023ECF00" bytesRequested="24" />
<af-end id="3405" timestamp="2019-08-09T18:53:44.611" threadId="00000000023ED888" success="true" />
<exclusive-end id="3406" timestamp="2019-08-09T18:53:44.611" durationms="38.889" />

<exclusive-start id="3407" timestamp="2019-08-09T18:53:44.736" intervalms="163.761">
  <response-info timems="0.073" idlems="0.073" threads="0" lastid="00000000023ECF00" lastname="main" />
</exclusive-start>
<af-start id="3408" threadId="00000000023ED888" totalBytesRequested="24" timestamp="2019-08-09T18:53:44.737" intervalms="163.881" />
<cycle-start id="3409" type="global" contextid="0" timestamp="2019-08-09T18:53:44.737" intervalms="163.886" />
<gc-start id="3410" type="global" contextid="3409" timestamp="2019-08-09T18:53:44.737">
  <mem-info id="3411" free="361472" total="36175872" percent="0">
    <mem type="tenure" free="361472" total="36175872" percent="0">
      <mem type="soa" free="0" total="35814400" percent="0" />
      <mem type="loa" free="361472" total="361472" percent="100" />
    </mem>
  </mem-info>
</gc-start>
<allocation-stats totalBytes="17832760" >
  <allocated-bytes non-tlh="0" tlh="17832760" />
  <largest-consumer threadName="main" threadId="00000000023ECF00" bytes="17832760" />
</allocation-stats>
<gc-op id="3412" type="mark" timems="22.464" contextid="3409" timestamp="2019-08-09T18:53:44.759">
  <trace-info objectcount="600698" scancount="521584" scanbytes="13388804" />
  <finalization candidates="80" enqueued="0" />
  <ownableSynchronizers candidates="21" cleared="0" />
  <references type="soft" candidates="3261" cleared="0" enqueued="0" dynamicThreshold="16" maxThreshold="32" />
  <references type="weak" candidates="5595" cleared="0" enqueued="0" />
  <references type="phantom" candidates="97" cleared="0" enqueued="0" />
  <stringconstants candidates="13595" cleared="0"  />
</gc-op>
<gc-op id="3413" type="sweep" timems="3.517" contextid="3409" timestamp="2019-08-09T18:53:44.763" />
<mem-info id="3414" free="18182432" total="36175872" percent="50">
  <mem type="tenure" free="18182432" total="36175872" percent="50" micro-fragmented="0" macro-fragmented="0">
    <mem type="soa" free="17820960" total="35814400" percent="49" />
    <mem type="loa" free="361472" total="361472" percent="100" />
  </mem>
</mem-info>
<gc-op id="3415" type="compact" timems="143.279" contextid="3409" timestamp="2019-08-09T18:53:44.906">
  <compact-info movecount="556800" movebytes="15441824" reason="compact to aid heap contraction" />
</gc-op>
<heap-resize id="3416" type="expand" space="tenure" amount="131072" count="1" timems="0.020" reason="satisfy allocation request" timestamp="2019-08-09T18:53:44.907" />
<gc-end id="3417" type="global" contextid="3409" durationms="170.464" usertimems="303.208" systemtimems="0.000" timestamp="2019-08-09T18:53:44.907" activeThreads="16">
  <mem-info id="3418" free="18260328" total="36306944" percent="50">
    <mem type="tenure" free="18260328" total="36306944" percent="50">
      <mem type="soa" free="17897832" total="35944448" percent="49" />
      <mem type="loa" free="362496" total="362496" percent="100" />
    </mem>
  </mem-info>
</gc-end>
<cycle-end id="3419" type="global" contextid="3409" timestamp="2019-08-09T18:53:44.907" />
  <attribute name="elasticGC enabled" value="1" />
  <attribute name= "numThreadsSpecified" value="16" />
  <attribute name="heapSize specified" value="36175872" />
  <attribute name="Current GC Util" value="12" />
  <attribute name= "Current Time Running" value="164850" />
  <attribute name ="GC Interval" value="0" />
  <attribute name="Target GC Util Change" value ="80.000000" />
  <attribute name="Current GC Util Change" value="12.000000"/>
  <attribute name="Current Error" value="68.000000" />
  <attribute name="Output H" value="36251632"/>
  <attribute name="Output I" value="2088"/>
  <attribute name="Output T" value="16"/>
  <attribute name= "Current Time Running" value="164850" />
  <attribute name="GC Util currently" value="12" />
  <attribute name="CPU Util currently" value="8044780963" />
<allocation-satisfied id="3420" threadId="00000000023ECF00" bytesRequested="24" />
<af-end id="3421" timestamp="2019-08-09T18:53:44.907" threadId="00000000023ED888" success="true" />
<exclusive-end id="3422" timestamp="2019-08-09T18:53:44.907" durationms="170.846" />

<exclusive-start id="3423" timestamp="2019-08-09T18:53:44.963" intervalms="226.252">
  <response-info timems="3.152" idlems="1.595" threads="1" lastid="00000000023F4700" lastname="JIT Compilation Thread-1" />
</exclusive-start>
<af-start id="3424" threadId="00000000023ED888" totalBytesRequested="24" timestamp="2019-08-09T18:53:44.963" intervalms="226.138" />
<cycle-start id="3425" type="global" contextid="0" timestamp="2019-08-09T18:53:44.963" intervalms="226.128" />
<gc-start id="3426" type="global" contextid="3425" timestamp="2019-08-09T18:53:44.963">
  <mem-info id="3427" free="362496" total="36306944" percent="0">
    <mem type="tenure" free="362496" total="36306944" percent="0">
      <mem type="soa" free="0" total="35944448" percent="0" />
      <mem type="loa" free="362496" total="362496" percent="100" />
    </mem>
  </mem-info>
</gc-start>
<allocation-stats totalBytes="17960968" >
  <allocated-bytes non-tlh="0" tlh="17960968" />
  <largest-consumer threadName="main" threadId="00000000023ECF00" bytes="17960968" />
</allocation-stats>
<gc-op id="3428" type="mark" timems="13.738" contextid="3425" timestamp="2019-08-09T18:53:44.977">
  <trace-info objectcount="600716" scancount="521606" scanbytes="13389352" />
  <finalization candidates="80" enqueued="0" />
  <ownableSynchronizers candidates="21" cleared="0" />
  <references type="soft" candidates="3261" cleared="0" enqueued="0" dynamicThreshold="16" maxThreshold="32" />
  <references type="weak" candidates="5595" cleared="0" enqueued="0" />
  <references type="phantom" candidates="97" cleared="0" enqueued="0" />
  <stringconstants candidates="13595" cleared="0"  />
</gc-op>
<gc-op id="3429" type="sweep" timems="8.706" contextid="3425" timestamp="2019-08-09T18:53:44.986" />
<mem-info id="3430" free="18318928" total="36306944" percent="50">
  <mem type="tenure" free="18318928" total="36306944" percent="50" micro-fragmented="0" macro-fragmented="0">
    <mem type="soa" free="17956432" total="35944448" percent="49" />
    <mem type="loa" free="362496" total="362496" percent="100" />
  </mem>
</mem-info>
<gc-op id="3431" type="compact" timems="37.533" contextid="3425" timestamp="2019-08-09T18:53:45.023">
  <compact-info movecount="132" movebytes="4040" reason="compact to aid heap contraction" />
</gc-op>
<heap-resize id="3432" type="expand" space="tenure" amount="131072" count="1" timems="0.023" reason="satisfy allocation request" timestamp="2019-08-09T18:53:45.025" />
<gc-end id="3433" type="global" contextid="3425" durationms="62.145" usertimems="117.083" systemtimems="0.000" timestamp="2019-08-09T18:53:45.025" activeThreads="16">
  <mem-info id="3434" free="18390848" total="36438016" percent="50">
    <mem type="tenure" free="18390848" total="36438016" percent="50">
      <mem type="soa" free="18027328" total="36074496" percent="49" />
      <mem type="loa" free="363520" total="363520" percent="100" />
    </mem>
  </mem-info>
</gc-end>
<cycle-end id="3435" type="global" contextid="3425" timestamp="2019-08-09T18:53:45.025" />
  <attribute name="elasticGC enabled" value="1" />
  <attribute name= "numThreadsSpecified" value="16" />
  <attribute name="heapSize specified" value="36306944" />
  <attribute name="Current GC Util" value="41" />
  <attribute name= "Current Time Running" value="164967" />
  <attribute name ="GC Interval" value="0" />
  <attribute name="Target GC Util Change" value ="80.000000" />
  <attribute name="Current GC Util Change" value="41.000000"/>
  <attribute name="Current Error" value="-379.000000" />
  <attribute name="Output H" value="36382192"/>
  <attribute name="Output I" value="1576"/>
  <attribute name="Output T" value="16"/>
  <attribute name= "Current Time Running" value="164967" />
  <attribute name="GC Util currently" value="41" />
  <attribute name="CPU Util currently" value="30654777711" />
<allocation-satisfied id="3436" threadId="00000000023ECF00" bytesRequested="24" />
<af-end id="3437" timestamp="2019-08-09T18:53:45.025" threadId="00000000023ED888" success="true" />
<exclusive-end id="3438" timestamp="2019-08-09T18:53:45.025" durationms="62.831" />

<exclusive-start id="3439" timestamp="2019-08-09T18:53:45.050" intervalms="87.297">
  <response-info timems="0.024" idlems="0.024" threads="0" lastid="00000000023ECF00" lastname="main" />
</exclusive-start>
<af-start id="3440" threadId="00000000023ED888" totalBytesRequested="32" timestamp="2019-08-09T18:53:45.050" intervalms="87.307" />
<cycle-start id="3441" type="global" contextid="0" timestamp="2019-08-09T18:53:45.050" intervalms="87.315" />
<gc-start id="3442" type="global" contextid="3441" timestamp="2019-08-09T18:53:45.050">
  <mem-info id="3443" free="363520" total="36438016" percent="0">
    <mem type="tenure" free="363520" total="36438016" percent="0">
      <mem type="soa" free="0" total="36074496" percent="0" />
      <mem type="loa" free="363520" total="363520" percent="100" />
    </mem>
  </mem-info>
</gc-start>
<allocation-stats totalBytes="18090520" >
  <allocated-bytes non-tlh="0" tlh="18090520" />
  <largest-consumer threadName="main" threadId="00000000023ECF00" bytes="18090520" />
</allocation-stats>
<gc-op id="3444" type="mark" timems="9.041" contextid="3441" timestamp="2019-08-09T18:53:45.059">
  <trace-info objectcount="600709" scancount="521598" scanbytes="13389176" />
  <finalization candidates="80" enqueued="0" />
  <ownableSynchronizers candidates="21" cleared="0" />
  <references type="soft" candidates="3261" cleared="0" enqueued="0" dynamicThreshold="16" maxThreshold="32" />
  <references type="weak" candidates="5595" cleared="0" enqueued="0" />
  <references type="phantom" candidates="97" cleared="0" enqueued="0" />
  <stringconstants candidates="13595" cleared="0"  />
</gc-op>
<gc-op id="3445" type="sweep" timems="1.724" contextid="3441" timestamp="2019-08-09T18:53:45.061" />
<mem-info id="3446" free="18450480" total="36438016" percent="50">
  <mem type="tenure" free="18450480" total="36438016" percent="50" micro-fragmented="0" macro-fragmented="0">
    <mem type="soa" free="18086960" total="36074496" percent="50" />
    <mem type="loa" free="363520" total="363520" percent="100" />
  </mem>
</mem-info>
<gc-op id="3447" type="compact" timems="32.383" contextid="3441" timestamp="2019-08-09T18:53:45.093">
  <compact-info movecount="125" movebytes="3864" reason="compact to aid heap contraction" />
</gc-op>
<heap-resize id="3448" type="expand" space="tenure" amount="131072" count="1" timems="0.022" reason="satisfy allocation request" timestamp="2019-08-09T18:53:45.094" />
<gc-end id="3449" type="global" contextid="3441" durationms="43.982" usertimems="94.263" systemtimems="0.000" timestamp="2019-08-09T18:53:45.094" activeThreads="16">
  <mem-info id="3450" free="18522096" total="36569088" percent="50">
    <mem type="tenure" free="18522096" total="36569088" percent="50">
      <mem type="soa" free="18156528" total="36203520" percent="50" />
      <mem type="loa" free="365568" total="365568" percent="100" />
    </mem>
  </mem-info>
</gc-end>
<cycle-end id="3451" type="global" contextid="3441" timestamp="2019-08-09T18:53:45.094" />
  <attribute name="elasticGC enabled" value="1" />
  <attribute name= "numThreadsSpecified" value="16" />
  <attribute name="heapSize specified" value="36438016" />
  <attribute name="Current GC Util" value="41" />
  <attribute name= "Current Time Running" value="165037" />
  <attribute name ="GC Interval" value="0" />
  <attribute name="Target GC Util Change" value ="80.000000" />
  <attribute name="Current GC Util Change" value="41.000000"/>
  <attribute name="Current Error" value="-423.000000" />
  <attribute name="Output H" value="36513208"/>
  <attribute name="Output I" value="1520"/>
  <attribute name="Output T" value="16"/>
  <attribute name= "Current Time Running" value="165037" />
  <attribute name="GC Util currently" value="41" />
  <attribute name="CPU Util currently" value="35560961889" />
<allocation-satisfied id="3452" threadId="00000000023ECF00" bytesRequested="32" />
<af-end id="3453" timestamp="2019-08-09T18:53:45.094" threadId="00000000023ED888" success="true" />
<exclusive-end id="3454" timestamp="2019-08-09T18:53:45.094" durationms="44.200" />

<exclusive-start id="3455" timestamp="2019-08-09T18:53:45.117" intervalms="66.982">
  <response-info timems="0.064" idlems="0.064" threads="0" lastid="00000000023ECF00" lastname="main" />
</exclusive-start>
<af-start id="3456" threadId="00000000023ED888" totalBytesRequested="96" timestamp="2019-08-09T18:53:45.117" intervalms="66.974" />
<cycle-start id="3457" type="global" contextid="0" timestamp="2019-08-09T18:53:45.117" intervalms="66.972" />
<gc-start id="3458" type="global" contextid="3457" timestamp="2019-08-09T18:53:45.117">
  <mem-info id="3459" free="365568" total="36569088" percent="0">
    <mem type="tenure" free="365568" total="36569088" percent="0">
      <mem type="soa" free="0" total="36203520" percent="0" />
      <mem type="loa" free="365568" total="365568" percent="100" />
    </mem>
  </mem-info>
</gc-start>
<allocation-stats totalBytes="18209880" >
  <allocated-bytes non-tlh="0" tlh="18209880" />
  <largest-consumer threadName="main" threadId="00000000023ECF00" bytes="18209880" />
</allocation-stats>
<gc-op id="3460" type="mark" timems="17.435" contextid="3457" timestamp="2019-08-09T18:53:45.134">
  <trace-info objectcount="600544" scancount="521433" scanbytes="13383484" />
  <finalization candidates="80" enqueued="0" />
  <ownableSynchronizers candidates="21" cleared="0" />
  <references type="soft" candidates="3261" cleared="0" enqueued="0" dynamicThreshold="16" maxThreshold="32" />
  <references type="weak" candidates="5595" cleared="7" enqueued="3" />
  <references type="phantom" candidates="97" cleared="0" enqueued="0" />
  <stringconstants candidates="13595" cleared="0"  />
</gc-op>
<gc-op id="3461" type="sweep" timems="1.611" contextid="3457" timestamp="2019-08-09T18:53:45.136" />
<mem-info id="3462" free="18591160" total="36569088" percent="50">
  <mem type="tenure" free="18591160" total="36569088" percent="50" micro-fragmented="0" macro-fragmented="0">
    <mem type="soa" free="18225592" total="36203520" percent="50" />
    <mem type="loa" free="365568" total="365568" percent="100" />
  </mem>
  <pending-finalizers system="0" default="0" reference="3" classloader="0" />
</mem-info>
<gc-op id="3463" type="compact" timems="23.090" contextid="3457" timestamp="2019-08-09T18:53:45.159">
  <compact-info movecount="67" movebytes="2088" reason="compact to aid heap contraction" />
</gc-op>
<heap-resize id="3464" type="expand" space="tenure" amount="131072" count="1" timems="0.019" reason="satisfy allocation request" timestamp="2019-08-09T18:53:45.160" />
<gc-end id="3465" type="global" contextid="3457" durationms="43.403" usertimems="83.403" systemtimems="14.433" timestamp="2019-08-09T18:53:45.160" activeThreads="16">
  <mem-info id="3466" free="18658776" total="36700160" percent="50">
    <mem type="tenure" free="18658776" total="36700160" percent="50">
      <mem type="soa" free="18292184" total="36333568" percent="50" />
      <mem type="loa" free="366592" total="366592" percent="100" />
    </mem>
    <pending-finalizers system="0" default="0" reference="3" classloader="0" />
  </mem-info>
</gc-end>
<cycle-end id="3467" type="global" contextid="3457" timestamp="2019-08-09T18:53:45.160" />
  <attribute name="elasticGC enabled" value="1" />
  <attribute name= "numThreadsSpecified" value="16" />
  <attribute name="heapSize specified" value="36569088" />
  <attribute name="Current GC Util" value="34" />
  <attribute name= "Current Time Running" value="165103" />
  <attribute name ="GC Interval" value="0" />
  <attribute name="Target GC Util Change" value ="80.000000" />
  <attribute name="Current GC Util Change" value="34.000000"/>
  <attribute name="Current Error" value="46.000000" />
  <attribute name="Output H" value="36644824"/>
  <attribute name="Output I" value="2064"/>
  <attribute name="Output T" value="16"/>
  <attribute name= "Current Time Running" value="165103" />
  <attribute name="GC Util currently" value="34" />
  <attribute name="CPU Util currently" value="49880386014" />
<allocation-satisfied id="3468" threadId="00000000023ECF00" bytesRequested="96" />
<af-end id="3469" timestamp="2019-08-09T18:53:45.160" threadId="00000000023ED888" success="true" />
<exclusive-end id="3470" timestamp="2019-08-09T18:53:45.160" durationms="43.606" />

<exclusive-start id="3471" timestamp="2019-08-09T18:53:45.177" intervalms="59.670">
  <response-info timems="0.096" idlems="0.096" threads="0" lastid="00000000023ECF00" lastname="main" />
</exclusive-start>
<af-start id="3472" threadId="00000000023ED888" totalBytesRequested="304" timestamp="2019-08-09T18:53:45.177" intervalms="59.678" />
<cycle-start id="3473" type="global" contextid="0" timestamp="2019-08-09T18:53:45.177" intervalms="59.711" />
<gc-start id="3474" type="global" contextid="3473" timestamp="2019-08-09T18:53:45.177">
  <mem-info id="3475" free="366592" total="36700160" percent="0">
    <mem type="tenure" free="366592" total="36700160" percent="0">
      <mem type="soa" free="0" total="36333568" percent="0" />
      <mem type="loa" free="366592" total="366592" percent="100" />
    </mem>
  </mem-info>
</gc-start>
<allocation-stats totalBytes="18347240" >
  <allocated-bytes non-tlh="0" tlh="18347240" />
  <largest-consumer threadName="main" threadId="00000000023ECF00" bytes="18343144" />
</allocation-stats>
<gc-op id="3476" type="mark" timems="30.415" contextid="3473" timestamp="2019-08-09T18:53:45.207">
  <trace-info objectcount="600545" scancount="521400" scanbytes="13384004" />
  <finalization candidates="80" enqueued="0" />
  <ownableSynchronizers candidates="21" cleared="0" />
  <references type="soft" candidates="3261" cleared="0" enqueued="0" dynamicThreshold="16" maxThreshold="32" />
  <references type="weak" candidates="5588" cleared="0" enqueued="0" />
  <references type="phantom" candidates="97" cleared="0" enqueued="0" />
  <stringconstants candidates="13595" cleared="0"  />
</gc-op>
<gc-op id="3477" type="sweep" timems="3.746" contextid="3473" timestamp="2019-08-09T18:53:45.211" />
<mem-info id="3478" free="18723456" total="36700160" percent="51">
  <mem type="tenure" free="18723456" total="36700160" percent="51" micro-fragmented="0" macro-fragmented="0">
    <mem type="soa" free="18356864" total="36333568" percent="50" />
    <mem type="loa" free="366592" total="366592" percent="100" />
  </mem>
</mem-info>
<gc-op id="3479" type="compact" timems="31.591" contextid="3473" timestamp="2019-08-09T18:53:45.243">
  <compact-info movecount="7" movebytes="936" reason="compact to aid heap contraction" />
</gc-op>
<heap-resize id="3480" type="expand" space="tenure" amount="131072" count="1" timems="0.098" reason="satisfy allocation request" timestamp="2019-08-09T18:53:45.244" />
<gc-end id="3481" type="global" contextid="3473" durationms="67.045" usertimems="138.920" systemtimems="53.731" timestamp="2019-08-09T18:53:45.244" activeThreads="16">
  <mem-info id="3482" free="18789128" total="36831232" percent="51">
    <mem type="tenure" free="18789128" total="36831232" percent="51">
      <mem type="soa" free="18421512" total="36463616" percent="50" />
      <mem type="loa" free="367616" total="367616" percent="100" />
    </mem>
  </mem-info>
</gc-end>
<cycle-end id="3483" type="global" contextid="3473" timestamp="2019-08-09T18:53:45.244" />
  <attribute name="elasticGC enabled" value="1" />
  <attribute name= "numThreadsSpecified" value="16" />
  <attribute name="heapSize specified" value="36700160" />
  <attribute name="Current GC Util" value="65" />
  <attribute name= "Current Time Running" value="165187" />
  <attribute name ="GC Interval" value="0" />
  <attribute name="Target GC Util Change" value ="80.000000" />
  <attribute name="Current GC Util Change" value="65.000000"/>
  <attribute name="Current Error" value="-352.000000" />
  <attribute name="Output H" value="36775440"/>
  <attribute name="Output I" value="1608"/>
  <attribute name="Output T" value="16"/>
  <attribute name= "Current Time Running" value="165187" />
  <attribute name="GC Util currently" value="65" />
  <attribute name="CPU Util currently" value="36398540713" />
<allocation-satisfied id="3484" threadId="00000000023ECF00" bytesRequested="304" />
<af-end id="3485" timestamp="2019-08-09T18:53:45.244" threadId="00000000023ED888" success="true" />
<exclusive-end id="3486" timestamp="2019-08-09T18:53:45.244" durationms="67.537" />

<exclusive-start id="3487" timestamp="2019-08-09T18:53:45.264" intervalms="86.948">
  <response-info timems="0.273" idlems="0.273" threads="0" lastid="00000000023ECF00" lastname="main" />
</exclusive-start>
<af-start id="3488" threadId="00000000023ED888" totalBytesRequested="240" timestamp="2019-08-09T18:53:45.264" intervalms="86.952" />
<cycle-start id="3489" type="global" contextid="0" timestamp="2019-08-09T18:53:45.264" intervalms="86.911" />
<gc-start id="3490" type="global" contextid="3489" timestamp="2019-08-09T18:53:45.264">
  <mem-info id="3491" free="367616" total="36831232" percent="0">
    <mem type="tenure" free="367616" total="36831232" percent="0">
      <mem type="soa" free="0" total="36463616" percent="0" />
      <mem type="loa" free="367616" total="367616" percent="100" />
    </mem>
  </mem-info>
</gc-start>
<allocation-stats totalBytes="18477128" >
  <allocated-bytes non-tlh="0" tlh="18477128" />
  <largest-consumer threadName="main" threadId="00000000023ECF00" bytes="18477128" />
</allocation-stats>
<gc-op id="3492" type="mark" timems="11.096" contextid="3489" timestamp="2019-08-09T18:53:45.275">
  <trace-info objectcount="600545" scancount="521431" scanbytes="13384004" />
  <finalization candidates="80" enqueued="0" />
  <ownableSynchronizers candidates="21" cleared="0" />
  <references type="soft" candidates="3261" cleared="0" enqueued="0" dynamicThreshold="16" maxThreshold="32" />
  <references type="weak" candidates="5588" cleared="0" enqueued="0" />
  <references type="phantom" candidates="97" cleared="0" enqueued="0" />
  <stringconstants candidates="13595" cleared="0"  />
</gc-op>
<gc-op id="3493" type="sweep" timems="1.694" contextid="3489" timestamp="2019-08-09T18:53:45.277" />
<mem-info id="3494" free="18854680" total="36831232" percent="51">
  <mem type="tenure" free="18854680" total="36831232" percent="51" micro-fragmented="0" macro-fragmented="0">
    <mem type="soa" free="18487064" total="36463616" percent="50" />
    <mem type="loa" free="367616" total="367616" percent="100" />
  </mem>
</mem-info>
<gc-op id="3495" type="compact" timems="28.736" contextid="3489" timestamp="2019-08-09T18:53:45.305">
  <compact-info movecount="6" movebytes="360" reason="compact to aid heap contraction" />
</gc-op>
<heap-resize id="3496" type="expand" space="tenure" amount="131072" count="1" timems="0.019" reason="satisfy allocation request" timestamp="2019-08-09T18:53:45.306" />
<gc-end id="3497" type="global" contextid="3489" durationms="42.748" usertimems="90.497" systemtimems="3.972" timestamp="2019-08-09T18:53:45.306" activeThreads="16">
  <mem-info id="3498" free="18920256" total="36962304" percent="51">
    <mem type="tenure" free="18920256" total="36962304" percent="51">
      <mem type="soa" free="18551616" total="36593664" percent="50" />
      <mem type="loa" free="368640" total="368640" percent="100" />
    </mem>
  </mem-info>
</gc-end>
<cycle-end id="3499" type="global" contextid="3489" timestamp="2019-08-09T18:53:45.306" />
  <attribute name="elasticGC enabled" value="1" />
  <attribute name= "numThreadsSpecified" value="16" />
  <attribute name="heapSize specified" value="36831232" />
  <attribute name="Current GC Util" value="42" />
  <attribute name= "Current Time Running" value="165249" />
  <attribute name ="GC Interval" value="0" />
  <attribute name="Target GC Util Change" value ="80.000000" />
  <attribute name="Current GC Util Change" value="42.000000"/>
  <attribute name="Current Error" value="-339.000000" />
  <attribute name="Output H" value="36906528"/>
  <attribute name="Output I" value="1624"/>
  <attribute name="Output T" value="16"/>
  <attribute name= "Current Time Running" value="165249" />
  <attribute name="GC Util currently" value="42" />
  <attribute name="CPU Util currently" value="39968493604" />
<allocation-satisfied id="3500" threadId="00000000023ECF00" bytesRequested="240" />
<af-end id="3501" timestamp="2019-08-09T18:53:45.306" threadId="00000000023ED888" success="true" />
<exclusive-end id="3502" timestamp="2019-08-09T18:53:45.306" durationms="42.948" />

<exclusive-start id="3503" timestamp="2019-08-09T18:53:45.330" intervalms="66.549">
  <response-info timems="0.019" idlems="0.019" threads="0" lastid="00000000023ECF00" lastname="main" />
</exclusive-start>
<af-start id="3504" threadId="00000000023ED888" totalBytesRequested="296" timestamp="2019-08-09T18:53:45.330" intervalms="66.530" />
<cycle-start id="3505" type="global" contextid="0" timestamp="2019-08-09T18:53:45.330" intervalms="66.530" />
<gc-start id="3506" type="global" contextid="3505" timestamp="2019-08-09T18:53:45.330">
  <mem-info id="3507" free="368640" total="36962304" percent="0">
    <mem type="tenure" free="368640" total="36962304" percent="0">
      <mem type="soa" free="0" total="36593664" percent="0" />
      <mem type="loa" free="368640" total="368640" percent="100" />
    </mem>
  </mem-info>
</gc-start>
<allocation-stats totalBytes="18607168" >
  <allocated-bytes non-tlh="0" tlh="18607168" />
  <largest-consumer threadName="main" threadId="00000000023ECF00" bytes="18607168" />
</allocation-stats>
<gc-op id="3508" type="mark" timems="11.911" contextid="3505" timestamp="2019-08-09T18:53:45.342">
  <trace-info objectcount="600545" scancount="521435" scanbytes="13384004" />
  <finalization candidates="80" enqueued="0" />
  <ownableSynchronizers candidates="21" cleared="0" />
  <references type="soft" candidates="3261" cleared="0" enqueued="0" dynamicThreshold="16" maxThreshold="32" />
  <references type="weak" candidates="5588" cleared="0" enqueued="0" />
  <references type="phantom" candidates="97" cleared="0" enqueued="0" />
  <stringconstants candidates="13595" cleared="0"  />
</gc-op>
<gc-op id="3509" type="sweep" timems="2.192" contextid="3505" timestamp="2019-08-09T18:53:45.344" />
<mem-info id="3510" free="18985704" total="36962304" percent="51">
  <mem type="tenure" free="18985704" total="36962304" percent="51" micro-fragmented="0" macro-fragmented="0">
    <mem type="soa" free="18617064" total="36593664" percent="50" />
    <mem type="loa" free="368640" total="368640" percent="100" />
  </mem>
</mem-info>
<gc-op id="3511" type="compact" timems="32.531" contextid="3505" timestamp="2019-08-09T18:53:45.378">
  <compact-info movecount="6" movebytes="408" reason="compact to aid heap contraction" />
</gc-op>
<heap-resize id="3512" type="expand" space="tenure" amount="131072" count="1" timems="0.021" reason="satisfy allocation request" timestamp="2019-08-09T18:53:45.379" />
<gc-end id="3513" type="global" contextid="3505" durationms="48.366" usertimems="86.352" systemtimems="10.387" timestamp="2019-08-09T18:53:45.379" activeThreads="16">
  <mem-info id="3514" free="19051280" total="37093376" percent="51">
    <mem type="tenure" free="19051280" total="37093376" percent="51">
      <mem type="soa" free="18680592" total="36722688" percent="50" />
      <mem type="loa" free="370688" total="370688" percent="100" />
    </mem>
  </mem-info>
</gc-end>
<cycle-end id="3515" type="global" contextid="3505" timestamp="2019-08-09T18:53:45.379" />
  <attribute name="elasticGC enabled" value="1" />
  <attribute name= "numThreadsSpecified" value="16" />
  <attribute name="heapSize specified" value="36962304" />
  <attribute name="Current GC Util" value="35" />
  <attribute name= "Current Time Running" value="165322" />
  <attribute name ="GC Interval" value="0" />
  <attribute name="Target GC Util Change" value ="80.000000" />
  <attribute name="Current GC Util Change" value="35.000000"/>
  <attribute name="Current Error" value="45.000000" />
  <attribute name="Output H" value="37038040"/>
  <attribute name="Output I" value="2064"/>
  <attribute name="Output T" value="16"/>
  <attribute name= "Current Time Running" value="165322" />
  <attribute name="GC Util currently" value="35" />
  <attribute name="CPU Util currently" value="35419715497" />
<allocation-satisfied id="3516" threadId="00000000023ECF00" bytesRequested="296" />
<af-end id="3517" timestamp="2019-08-09T18:53:45.379" threadId="00000000023ED888" success="true" />
<exclusive-end id="3518" timestamp="2019-08-09T18:53:45.379" durationms="48.659" />

<exclusive-start id="3519" timestamp="2019-08-09T18:53:45.396" intervalms="65.791">
  <response-info timems="0.153" idlems="0.153" threads="0" lastid="00000000023ECF00" lastname="main" />
</exclusive-start>
<af-start id="3520" threadId="00000000023ED888" totalBytesRequested="16" timestamp="2019-08-09T18:53:45.396" intervalms="65.794" />
<cycle-start id="3521" type="global" contextid="0" timestamp="2019-08-09T18:53:45.396" intervalms="65.792" />
<gc-start id="3522" type="global" contextid="3521" timestamp="2019-08-09T18:53:45.396">
  <mem-info id="3523" free="370688" total="37093376" percent="0">
    <mem type="tenure" free="370688" total="37093376" percent="0">
      <mem type="soa" free="0" total="36722688" percent="0" />
      <mem type="loa" free="370688" total="370688" percent="100" />
    </mem>
  </mem-info>
</gc-start>
<allocation-stats totalBytes="18735544" >
  <allocated-bytes non-tlh="0" tlh="18735544" />
  <largest-consumer threadName="main" threadId="00000000023ECF00" bytes="18735544" />
</allocation-stats>
<gc-op id="3524" type="mark" timems="19.358" contextid="3521" timestamp="2019-08-09T18:53:45.416">
  <trace-info objectcount="600547" scancount="521433" scanbytes="13384020" />
  <finalization candidates="80" enqueued="0" />
  <ownableSynchronizers candidates="21" cleared="0" />
  <references type="soft" candidates="3261" cleared="0" enqueued="0" dynamicThreshold="16" maxThreshold="32" />
  <references type="weak" candidates="5588" cleared="0" enqueued="0" />
  <references type="phantom" candidates="97" cleared="0" enqueued="0" />
  <stringconstants candidates="13595" cleared="0"  />
</gc-op>
<gc-op id="3525" type="sweep" timems="4.369" contextid="3521" timestamp="2019-08-09T18:53:45.420" />
<mem-info id="3526" free="19116640" total="37093376" percent="51">
  <mem type="tenure" free="19116640" total="37093376" percent="51" micro-fragmented="0" macro-fragmented="0">
    <mem type="soa" free="18745952" total="36722688" percent="51" />
    <mem type="loa" free="370688" total="370688" percent="100" />
  </mem>
</mem-info>
<gc-op id="3527" type="compact" timems="29.978" contextid="3521" timestamp="2019-08-09T18:53:45.450">
  <compact-info movecount="8" movebytes="576" reason="compact to aid heap contraction" />
</gc-op>
<heap-resize id="3528" type="expand" space="tenure" amount="131072" count="1" timems="0.026" reason="satisfy allocation request" timestamp="2019-08-09T18:53:45.457" />
<gc-end id="3529" type="global" contextid="3521" durationms="61.483" usertimems="99.392" systemtimems="30.048" timestamp="2019-08-09T18:53:45.457" activeThreads="16">
  <mem-info id="3530" free="19182184" total="37224448" percent="51">
    <mem type="tenure" free="19182184" total="37224448" percent="51">
      <mem type="soa" free="18810472" total="36852736" percent="51" />
      <mem type="loa" free="371712" total="371712" percent="100" />
    </mem>
  </mem-info>
</gc-end>
<cycle-end id="3531" type="global" contextid="3521" timestamp="2019-08-09T18:53:45.458" />
  <attribute name="elasticGC enabled" value="1" />
  <attribute name= "numThreadsSpecified" value="16" />
  <attribute name="heapSize specified" value="37093376" />
  <attribute name="Current GC Util" value="79" />
  <attribute name= "Current Time Running" value="165394" />
  <attribute name ="GC Interval" value="0" />
  <attribute name="Target GC Util Change" value ="80.000000" />
  <attribute name="Current GC Util Change" value="79.000000"/>
  <attribute name="Current Error" value="-314.000000" />
  <attribute name="Output H" value="37168696"/>
  <attribute name="Output I" value="1648"/>
  <attribute name="Output T" value="16"/>
  <attribute name= "Current Time Running" value="165394" />
  <attribute name="GC Util currently" value="79" />
  <attribute name="CPU Util currently" value="38397040777" />
<allocation-satisfied id="3532" threadId="00000000023ECF00" bytesRequested="16" />
<af-end id="3533" timestamp="2019-08-09T18:53:45.462" threadId="00000000023ED888" success="true" />
<exclusive-end id="3534" timestamp="2019-08-09T18:53:45.462" durationms="65.795" />

<exclusive-start id="3535" timestamp="2019-08-09T18:53:45.482" intervalms="86.039">
  <response-info timems="0.023" idlems="0.023" threads="0" lastid="00000000023ECF00" lastname="main" />
</exclusive-start>
<af-start id="3536" threadId="00000000023ED888" totalBytesRequested="16" timestamp="2019-08-09T18:53:45.482" intervalms="86.046" />
<cycle-start id="3537" type="global" contextid="0" timestamp="2019-08-09T18:53:45.482" intervalms="86.055" />
<gc-start id="3538" type="global" contextid="3537" timestamp="2019-08-09T18:53:45.482">
  <mem-info id="3539" free="371712" total="37224448" percent="0">
    <mem type="tenure" free="371712" total="37224448" percent="0">
      <mem type="soa" free="0" total="36852736" percent="0" />
      <mem type="loa" free="371712" total="371712" percent="100" />
    </mem>
  </mem-info>
</gc-start>
<allocation-stats totalBytes="18866472" >
  <allocated-bytes non-tlh="0" tlh="18866472" />
  <largest-consumer threadName="main" threadId="00000000023ECF00" bytes="18866472" />
</allocation-stats>
<gc-op id="3540" type="mark" timems="15.566" contextid="3537" timestamp="2019-08-09T18:53:45.498">
  <trace-info objectcount="600547" scancount="521434" scanbytes="13384020" />
  <finalization candidates="80" enqueued="0" />
  <ownableSynchronizers candidates="21" cleared="0" />
  <references type="soft" candidates="3261" cleared="0" enqueued="0" dynamicThreshold="16" maxThreshold="32" />
  <references type="weak" candidates="5588" cleared="0" enqueued="0" />
  <references type="phantom" candidates="97" cleared="0" enqueued="0" />
  <stringconstants candidates="13595" cleared="0"  />
</gc-op>
<gc-op id="3541" type="sweep" timems="1.961" contextid="3537" timestamp="2019-08-09T18:53:45.500" />
<mem-info id="3542" free="19247576" total="37224448" percent="51">
  <mem type="tenure" free="19247576" total="37224448" percent="51" micro-fragmented="0" macro-fragmented="0">
    <mem type="soa" free="18875864" total="36852736" percent="51" />
    <mem type="loa" free="371712" total="371712" percent="100" />
  </mem>
</mem-info>
<gc-op id="3543" type="compact" timems="26.947" contextid="3537" timestamp="2019-08-09T18:53:45.527">
  <compact-info movecount="8" movebytes="712" reason="compact to aid heap contraction" />
</gc-op>
<heap-resize id="3544" type="expand" space="tenure" amount="131072" count="1" timems="0.018" reason="satisfy allocation request" timestamp="2019-08-09T18:53:45.528" />
<gc-end id="3545" type="global" contextid="3537" durationms="45.634" usertimems="120.526" systemtimems="27.272" timestamp="2019-08-09T18:53:45.528" activeThreads="16">
  <mem-info id="3546" free="19313120" total="37355520" percent="51">
    <mem type="tenure" free="19313120" total="37355520" percent="51">
      <mem type="soa" free="18940384" total="36982784" percent="51" />
      <mem type="loa" free="372736" total="372736" percent="100" />
    </mem>
  </mem-info>
</gc-end>
<cycle-end id="3547" type="global" contextid="3537" timestamp="2019-08-09T18:53:45.528" />
  <attribute name="elasticGC enabled" value="1" />
  <attribute name= "numThreadsSpecified" value="16" />
  <attribute name="heapSize specified" value="37224448" />
  <attribute name="Current GC Util" value="47" />
  <attribute name= "Current Time Running" value="165471" />
  <attribute name ="GC Interval" value="0" />
  <attribute name="Target GC Util Change" value ="80.000000" />
  <attribute name="Current GC Util Change" value="47.000000"/>
  <attribute name="Current Error" value="-567.000000" />
  <attribute name="Output H" value="37299480"/>
  <attribute name="Output I" value="1360"/>
  <attribute name="Output T" value="16"/>
  <attribute name= "Current Time Running" value="165471" />
  <attribute name="GC Util currently" value="47" />
  <attribute name="CPU Util currently" value="42736942252" />
<allocation-satisfied id="3548" threadId="00000000023ECF00" bytesRequested="16" />
<af-end id="3549" timestamp="2019-08-09T18:53:45.528" threadId="00000000023ED888" success="true" />
<exclusive-end id="3550" timestamp="2019-08-09T18:53:45.528" durationms="46.101" />

<exclusive-start id="3551" timestamp="2019-08-09T18:53:45.548" intervalms="66.171">
  <response-info timems="0.046" idlems="0.046" threads="0" lastid="00000000023ECF00" lastname="main" />
</exclusive-start>
<af-start id="3552" threadId="00000000023ED888" totalBytesRequested="248" timestamp="2019-08-09T18:53:45.548" intervalms="66.165" />
<cycle-start id="3553" type="global" contextid="0" timestamp="2019-08-09T18:53:45.548" intervalms="66.163" />
<gc-start id="3554" type="global" contextid="3553" timestamp="2019-08-09T18:53:45.548">
  <mem-info id="3555" free="372736" total="37355520" percent="0">
    <mem type="tenure" free="372736" total="37355520" percent="0">
      <mem type="soa" free="0" total="36982784" percent="0" />
      <mem type="loa" free="372736" total="372736" percent="100" />
    </mem>
  </mem-info>
</gc-start>
<allocation-stats totalBytes="18995248" >
  <allocated-bytes non-tlh="0" tlh="18995248" />
  <largest-consumer threadName="main" threadId="00000000023ECF00" bytes="18995248" />
</allocation-stats>
<gc-op id="3556" type="mark" timems="25.978" contextid="3553" timestamp="2019-08-09T18:53:45.574">
  <trace-info objectcount="600545" scancount="521433" scanbytes="13384004" />
  <finalization candidates="80" enqueued="0" />
  <ownableSynchronizers candidates="21" cleared="0" />
  <references type="soft" candidates="3261" cleared="0" enqueued="0" dynamicThreshold="16" maxThreshold="32" />
  <references type="weak" candidates="5588" cleared="0" enqueued="0" />
  <references type="phantom" candidates="97" cleared="0" enqueued="0" />
  <stringconstants candidates="13595" cleared="0"  />
</gc-op>
<gc-op id="3557" type="sweep" timems="3.212" contextid="3553" timestamp="2019-08-09T18:53:45.578" />
<mem-info id="3558" free="19378904" total="37355520" percent="51">
  <mem type="tenure" free="19378904" total="37355520" percent="51" micro-fragmented="0" macro-fragmented="0">
    <mem type="soa" free="19006168" total="36982784" percent="51" />
    <mem type="loa" free="372736" total="372736" percent="100" />
  </mem>
</mem-info>
<gc-op id="3559" type="compact" timems="29.748" contextid="3553" timestamp="2019-08-09T18:53:45.607">
  <compact-info movecount="6" movebytes="360" reason="compact to aid heap contraction" />
</gc-op>
<heap-resize id="3560" type="expand" space="tenure" amount="131072" count="1" timems="0.022" reason="satisfy allocation request" timestamp="2019-08-09T18:53:45.608" />
<gc-end id="3561" type="global" contextid="3553" durationms="60.237" usertimems="161.489" systemtimems="34.509" timestamp="2019-08-09T18:53:45.608" activeThreads="16">
  <mem-info id="3562" free="19444544" total="37486592" percent="51">
    <mem type="tenure" free="19444544" total="37486592" percent="51">
      <mem type="soa" free="19069760" total="37111808" percent="51" />
      <mem type="loa" free="374784" total="374784" percent="100" />
    </mem>
  </mem-info>
</gc-end>
<cycle-end id="3563" type="global" contextid="3553" timestamp="2019-08-09T18:53:45.608" />
  <attribute name="elasticGC enabled" value="1" />
  <attribute name= "numThreadsSpecified" value="16" />
  <attribute name="heapSize specified" value="37355520" />
  <attribute name="Current GC Util" value="66" />
  <attribute name= "Current Time Running" value="165551" />
  <attribute name ="GC Interval" value="0" />
  <attribute name="Target GC Util Change" value ="80.000000" />
  <attribute name="Current GC Util Change" value="66.000000"/>
  <attribute name="Current Error" value="14.000000" />
  <attribute name="Output H" value="37431216"/>
  <attribute name="Output I" value="2024"/>
  <attribute name="Output T" value="16"/>
  <attribute name= "Current Time Running" value="165551" />
  <attribute name="GC Util currently" value="66" />
  <attribute name="CPU Util currently" value="38701760144" />
<allocation-satisfied id="3564" threadId="00000000023ECF00" bytesRequested="248" />
<af-end id="3565" timestamp="2019-08-09T18:53:45.609" threadId="00000000023ED888" success="true" />
<exclusive-end id="3566" timestamp="2019-08-09T18:53:45.609" durationms="60.459" />

<exclusive-start id="3567" timestamp="2019-08-09T18:53:45.632" intervalms="83.901">
  <response-info timems="0.071" idlems="0.071" threads="0" lastid="00000000023ECF00" lastname="main" />
</exclusive-start>
<af-start id="3568" threadId="00000000023ED888" totalBytesRequested="32" timestamp="2019-08-09T18:53:45.632" intervalms="83.944" />
<cycle-start id="3569" type="global" contextid="0" timestamp="2019-08-09T18:53:45.632" intervalms="83.951" />
<gc-start id="3570" type="global" contextid="3569" timestamp="2019-08-09T18:53:45.632">
  <mem-info id="3571" free="374784" total="37486592" percent="0">
    <mem type="tenure" free="374784" total="37486592" percent="0">
      <mem type="soa" free="0" total="37111808" percent="0" />
      <mem type="loa" free="374784" total="374784" percent="100" />
    </mem>
  </mem-info>
</gc-start>
<allocation-stats totalBytes="19125456" >
  <allocated-bytes non-tlh="0" tlh="19125456" />
  <largest-consumer threadName="main" threadId="00000000023ECF00" bytes="19125456" />
</allocation-stats>
<gc-op id="3572" type="mark" timems="16.865" contextid="3569" timestamp="2019-08-09T18:53:45.649">
  <trace-info objectcount="600544" scancount="521432" scanbytes="13383972" />
  <finalization candidates="80" enqueued="0" />
  <ownableSynchronizers candidates="21" cleared="0" />
  <references type="soft" candidates="3261" cleared="0" enqueued="0" dynamicThreshold="16" maxThreshold="32" />
  <references type="weak" candidates="5588" cleared="0" enqueued="0" />
  <references type="phantom" candidates="97" cleared="0" enqueued="0" />
  <stringconstants candidates="13595" cleared="0"  />
</gc-op>
<gc-op id="3573" type="sweep" timems="5.053" contextid="3569" timestamp="2019-08-09T18:53:45.654" />
<mem-info id="3574" free="19510312" total="37486592" percent="52">
  <mem type="tenure" free="19510312" total="37486592" percent="52" micro-fragmented="0" macro-fragmented="0">
    <mem type="soa" free="19135528" total="37111808" percent="51" />
    <mem type="loa" free="374784" total="374784" percent="100" />
  </mem>
</mem-info>
<gc-op id="3575" type="compact" timems="25.326" contextid="3569" timestamp="2019-08-09T18:53:45.680">
  <compact-info movecount="5" movebytes="112" reason="compact to aid heap contraction" />
</gc-op>
<heap-resize id="3576" type="expand" space="tenure" amount="131072" count="1" timems="0.034" reason="satisfy allocation request" timestamp="2019-08-09T18:53:45.682" />
<gc-end id="3577" type="global" contextid="3569" durationms="50.392" usertimems="151.579" systemtimems="20.231" timestamp="2019-08-09T18:53:45.683" activeThreads="16">
  <mem-info id="3578" free="19575864" total="37617664" percent="52">
    <mem type="tenure" free="19575864" total="37617664" percent="52">
      <mem type="soa" free="19200056" total="37241856" percent="51" />
      <mem type="loa" free="375808" total="375808" percent="100" />
    </mem>
  </mem-info>
</gc-end>
<cycle-end id="3579" type="global" contextid="3569" timestamp="2019-08-09T18:53:45.683" />
  <attribute name="elasticGC enabled" value="1" />
  <attribute name= "numThreadsSpecified" value="16" />
  <attribute name="heapSize specified" value="37486592" />
  <attribute name="Current GC Util" value="41" />
  <attribute name= "Current Time Running" value="165623" />
  <attribute name ="GC Interval" value="0" />
  <attribute name="Target GC Util Change" value ="80.000000" />
  <attribute name="Current GC Util Change" value="41.000000"/>
  <attribute name="Current Error" value="-384.000000" />
  <attribute name="Output H" value="37561832"/>
  <attribute name="Output I" value="1568"/>
  <attribute name="Output T" value="16"/>
  <attribute name= "Current Time Running" value="165623" />
  <attribute name="GC Util currently" value="41" />
  <attribute name="CPU Util currently" value="45433520126" />
<allocation-satisfied id="3580" threadId="00000000023ECF00" bytesRequested="32" />
<af-end id="3581" timestamp="2019-08-09T18:53:45.683" threadId="00000000023ED888" success="true" />
<exclusive-end id="3582" timestamp="2019-08-09T18:53:45.683" durationms="50.702" />

<exclusive-start id="3583" timestamp="2019-08-09T18:53:45.703" intervalms="70.644">
  <response-info timems="0.042" idlems="0.042" threads="0" lastid="00000000023ECF00" lastname="main" />
</exclusive-start>
<af-start id="3584" threadId="00000000023ED888" totalBytesRequested="288" timestamp="2019-08-09T18:53:45.703" intervalms="70.597" />
<cycle-start id="3585" type="global" contextid="0" timestamp="2019-08-09T18:53:45.703" intervalms="70.588" />
<gc-start id="3586" type="global" contextid="3585" timestamp="2019-08-09T18:53:45.703">
  <mem-info id="3587" free="375808" total="37617664" percent="0">
    <mem type="tenure" free="375808" total="37617664" percent="0">
      <mem type="soa" free="0" total="37241856" percent="0" />
      <mem type="loa" free="375808" total="375808" percent="100" />
    </mem>
  </mem-info>
</gc-start>
<allocation-stats totalBytes="19255040" >
  <allocated-bytes non-tlh="0" tlh="19255040" />
  <largest-consumer threadName="main" threadId="00000000023ECF00" bytes="19255040" />
</allocation-stats>
<gc-op id="3588" type="mark" timems="12.289" contextid="3585" timestamp="2019-08-09T18:53:45.715">
  <trace-info objectcount="600545" scancount="521434" scanbytes="13384004" />
  <finalization candidates="80" enqueued="0" />
  <ownableSynchronizers candidates="21" cleared="0" />
  <references type="soft" candidates="3261" cleared="0" enqueued="0" dynamicThreshold="16" maxThreshold="32" />
  <references type="weak" candidates="5588" cleared="0" enqueued="0" />
  <references type="phantom" candidates="97" cleared="0" enqueued="0" />
  <stringconstants candidates="13595" cleared="0"  />
</gc-op>
<gc-op id="3589" type="sweep" timems="1.993" contextid="3585" timestamp="2019-08-09T18:53:45.717" />
<mem-info id="3590" free="19641080" total="37617664" percent="52">
  <mem type="tenure" free="19641080" total="37617664" percent="52" micro-fragmented="0" macro-fragmented="0">
    <mem type="soa" free="19265272" total="37241856" percent="51" />
    <mem type="loa" free="375808" total="375808" percent="100" />
  </mem>
</mem-info>
<gc-op id="3591" type="compact" timems="29.461" contextid="3585" timestamp="2019-08-09T18:53:45.747">
  <compact-info movecount="6" movebytes="408" reason="compact to aid heap contraction" />
</gc-op>
<heap-resize id="3592" type="expand" space="tenure" amount="131072" count="1" timems="0.018" reason="satisfy allocation request" timestamp="2019-08-09T18:53:45.747" />
<gc-end id="3593" type="global" contextid="3585" durationms="44.536" usertimems="128.317" systemtimems="10.727" timestamp="2019-08-09T18:53:45.747" activeThreads="16">
  <mem-info id="3594" free="19706640" total="37748736" percent="52">
    <mem type="tenure" free="19706640" total="37748736" percent="52">
      <mem type="soa" free="19329808" total="37371904" percent="51" />
      <mem type="loa" free="376832" total="376832" percent="100" />
    </mem>
  </mem-info>
</gc-end>
<cycle-end id="3595" type="global" contextid="3585" timestamp="2019-08-09T18:53:45.747" />
  <attribute name="elasticGC enabled" value="1" />
  <attribute name= "numThreadsSpecified" value="16" />
  <attribute name="heapSize specified" value="37617664" />
  <attribute name="Current GC Util" value="45" />
  <attribute name= "Current Time Running" value="165690" />
  <attribute name ="GC Interval" value="0" />
  <attribute name="Target GC Util Change" value ="80.000000" />
  <attribute name="Current GC Util Change" value="45.000000"/>
  <attribute name="Current Error" value="-425.000000" />
  <attribute name="Output H" value="37692856"/>
  <attribute name="Output I" value="1520"/>
  <attribute name="Output T" value="16"/>
  <attribute name= "Current Time Running" value="165690" />
  <attribute name="GC Util currently" value="45" />
  <attribute name="CPU Util currently" value="39105968107" />
<allocation-satisfied id="3596" threadId="00000000023ECF00" bytesRequested="288" />
<af-end id="3597" timestamp="2019-08-09T18:53:45.747" threadId="00000000023ED888" success="true" />
<exclusive-end id="3598" timestamp="2019-08-09T18:53:45.747" durationms="44.731" />

<exclusive-start id="3599" timestamp="2019-08-09T18:53:45.768" intervalms="64.971">
  <response-info timems="0.057" idlems="0.057" threads="0" lastid="00000000023ECF00" lastname="main" />
</exclusive-start>
<af-start id="3600" threadId="00000000023ED888" totalBytesRequested="144" timestamp="2019-08-09T18:53:45.768" intervalms="64.979" />
<cycle-start id="3601" type="global" contextid="0" timestamp="2019-08-09T18:53:45.768" intervalms="64.977" />
<gc-start id="3602" type="global" contextid="3601" timestamp="2019-08-09T18:53:45.768">
  <mem-info id="3603" free="376832" total="37748736" percent="0">
    <mem type="tenure" free="376832" total="37748736" percent="0">
      <mem type="soa" free="0" total="37371904" percent="0" />
      <mem type="loa" free="376832" total="376832" percent="100" />
    </mem>
  </mem-info>
</gc-start>
<allocation-stats totalBytes="19384832" >
  <allocated-bytes non-tlh="0" tlh="19384832" />
  <largest-consumer threadName="main" threadId="00000000023ECF00" bytes="19384832" />
</allocation-stats>
<gc-op id="3604" type="mark" timems="24.515" contextid="3601" timestamp="2019-08-09T18:53:45.792">
  <trace-info objectcount="600545" scancount="521432" scanbytes="13384004" />
  <finalization candidates="80" enqueued="0" />
  <ownableSynchronizers candidates="21" cleared="0" />
  <references type="soft" candidates="3261" cleared="0" enqueued="0" dynamicThreshold="16" maxThreshold="32" />
  <references type="weak" candidates="5588" cleared="0" enqueued="0" />
  <references type="phantom" candidates="97" cleared="0" enqueued="0" />
  <stringconstants candidates="13595" cleared="0"  />
</gc-op>
<gc-op id="3605" type="sweep" timems="3.642" contextid="3601" timestamp="2019-08-09T18:53:45.796" />
<mem-info id="3606" free="19772208" total="37748736" percent="52">
  <mem type="tenure" free="19772208" total="37748736" percent="52" micro-fragmented="0" macro-fragmented="0">
    <mem type="soa" free="19395376" total="37371904" percent="51" />
    <mem type="loa" free="376832" total="376832" percent="100" />
  </mem>
</mem-info>
<gc-op id="3607" type="compact" timems="32.069" contextid="3601" timestamp="2019-08-09T18:53:45.828">
  <compact-info movecount="6" movebytes="264" reason="compact to aid heap contraction" />
</gc-op>
<heap-resize id="3608" type="expand" space="tenure" amount="131072" count="1" timems="0.024" reason="satisfy allocation request" timestamp="2019-08-09T18:53:45.829" />
<gc-end id="3609" type="global" contextid="3601" durationms="61.665" usertimems="172.585" systemtimems="28.308" timestamp="2019-08-09T18:53:45.829" activeThreads="16">
  <mem-info id="3610" free="19837856" total="37879808" percent="52">
    <mem type="tenure" free="19837856" total="37879808" percent="52">
      <mem type="soa" free="19460000" total="37501952" percent="51" />
      <mem type="loa" free="377856" total="377856" percent="100" />
    </mem>
  </mem-info>
</gc-end>
<cycle-end id="3611" type="global" contextid="3601" timestamp="2019-08-09T18:53:45.829" />
  <attribute name="elasticGC enabled" value="1" />
  <attribute name= "numThreadsSpecified" value="16" />
  <attribute name="heapSize specified" value="37748736" />
  <attribute name="Current GC Util" value="117" />
  <attribute name= "Current Time Running" value="165772" />
  <attribute name ="GC Interval" value="0" />
  <attribute name="Target GC Util Change" value ="80.000000" />
  <attribute name="Current GC Util Change" value="117.000000"/>
  <attribute name="Current Error" value="-37.000000" />
  <attribute name="Output H" value="37824376"/>
  <attribute name="Output I" value="1968"/>
  <attribute name="Output T" value="16"/>
  <attribute name= "Current Time Running" value="165772" />
  <attribute name="GC Util currently" value="117" />
  <attribute name="CPU Util currently" value="35918265527" />
<allocation-satisfied id="3612" threadId="00000000023ECF00" bytesRequested="144" />
<af-end id="3613" timestamp="2019-08-09T18:53:45.830" threadId="00000000023ED888" success="true" />
<exclusive-end id="3614" timestamp="2019-08-09T18:53:45.830" durationms="62.189" />

<exclusive-start id="3615" timestamp="2019-08-09T18:53:45.851" intervalms="83.820">
  <response-info timems="0.063" idlems="0.063" threads="0" lastid="00000000023ECF00" lastname="main" />
</exclusive-start>
<af-start id="3616" threadId="00000000023ED888" totalBytesRequested="144" timestamp="2019-08-09T18:53:45.851" intervalms="83.829" />
<cycle-start id="3617" type="global" contextid="0" timestamp="2019-08-09T18:53:45.852" intervalms="83.970" />
<gc-start id="3618" type="global" contextid="3617" timestamp="2019-08-09T18:53:45.852">
  <mem-info id="3619" free="377856" total="37879808" percent="0">
    <mem type="tenure" free="377856" total="37879808" percent="0">
      <mem type="soa" free="0" total="37501952" percent="0" />
      <mem type="loa" free="377856" total="377856" percent="100" />
    </mem>
  </mem-info>
</gc-start>
<allocation-stats totalBytes="19515072" >
  <allocated-bytes non-tlh="0" tlh="19515072" />
  <largest-consumer threadName="main" threadId="00000000023ECF00" bytes="19515072" />
</allocation-stats>
<gc-op id="3620" type="mark" timems="22.674" contextid="3617" timestamp="2019-08-09T18:53:45.874">
  <trace-info objectcount="600545" scancount="521427" scanbytes="13384004" />
  <finalization candidates="80" enqueued="0" />
  <ownableSynchronizers candidates="21" cleared="0" />
  <references type="soft" candidates="3261" cleared="0" enqueued="0" dynamicThreshold="16" maxThreshold="32" />
  <references type="weak" candidates="5588" cleared="0" enqueued="0" />
  <references type="phantom" candidates="97" cleared="0" enqueued="0" />
  <stringconstants candidates="13595" cleared="0"  />
</gc-op>
<gc-op id="3621" type="sweep" timems="1.753" contextid="3617" timestamp="2019-08-09T18:53:45.876" />
<mem-info id="3622" free="19903360" total="37879808" percent="52">
  <mem type="tenure" free="19903360" total="37879808" percent="52" micro-fragmented="0" macro-fragmented="0">
    <mem type="soa" free="19525504" total="37501952" percent="52" />
    <mem type="loa" free="377856" total="377856" percent="100" />
  </mem>
</mem-info>
<gc-op id="3623" type="compact" timems="21.239" contextid="3617" timestamp="2019-08-09T18:53:45.898">
  <compact-info movecount="6" movebytes="256" reason="compact to aid heap contraction" />
</gc-op>
<heap-resize id="3624" type="expand" space="tenure" amount="131072" count="1" timems="0.020" reason="satisfy allocation request" timestamp="2019-08-09T18:53:45.898" />
<gc-end id="3625" type="global" contextid="3617" durationms="46.772" usertimems="59.775" systemtimems="0.000" timestamp="2019-08-09T18:53:45.898" activeThreads="16">
  <mem-info id="3626" free="19968936" total="38010880" percent="52">
    <mem type="tenure" free="19968936" total="38010880" percent="52">
      <mem type="soa" free="19589032" total="37630976" percent="52" />
      <mem type="loa" free="379904" total="379904" percent="100" />
    </mem>
  </mem-info>
</gc-end>
<cycle-end id="3627" type="global" contextid="3617" timestamp="2019-08-09T18:53:45.899" />
  <attribute name="elasticGC enabled" value="1" />
  <attribute name= "numThreadsSpecified" value="16" />
  <attribute name="heapSize specified" value="37879808" />
  <attribute name="Current GC Util" value="0" />
  <attribute name= "Current Time Running" value="165841" />
  <attribute name ="GC Interval" value="0" />
  <attribute name="Target GC Util Change" value ="80.000000" />
  <attribute name="Current GC Util Change" value="0.000000"/>
  <attribute name="Current Error" value="55.000000" />
  <attribute name="Output H" value="37955552"/>
  <attribute name="Output I" value="2072"/>
  <attribute name="Output T" value="16"/>
  <attribute name= "Current Time Running" value="165841" />
  <attribute name="GC Util currently" value="0" />
  <attribute name="CPU Util currently" value="54185492930" />
<allocation-satisfied id="3628" threadId="00000000023ECF00" bytesRequested="144" />
<af-end id="3629" timestamp="2019-08-09T18:53:45.899" threadId="00000000023ED888" success="true" />
<exclusive-end id="3630" timestamp="2019-08-09T18:53:45.899" durationms="47.150" />

<exclusive-start id="3631" timestamp="2019-08-09T18:53:45.923" intervalms="71.611">
  <response-info timems="0.048" idlems="0.048" threads="0" lastid="00000000023ECF00" lastname="main" />
</exclusive-start>
<af-start id="3632" threadId="00000000023ED888" totalBytesRequested="264" timestamp="2019-08-09T18:53:45.923" intervalms="71.600" />
<cycle-start id="3633" type="global" contextid="0" timestamp="2019-08-09T18:53:45.923" intervalms="71.468" />
<gc-start id="3634" type="global" contextid="3633" timestamp="2019-08-09T18:53:45.923">
  <mem-info id="3635" free="379904" total="38010880" percent="0">
    <mem type="tenure" free="379904" total="38010880" percent="0">
      <mem type="soa" free="0" total="37630976" percent="0" />
      <mem type="loa" free="379904" total="379904" percent="100" />
    </mem>
  </mem-info>
</gc-start>
<allocation-stats totalBytes="19644248" >
  <allocated-bytes non-tlh="0" tlh="19644248" />
  <largest-consumer threadName="main" threadId="00000000023ECF00" bytes="19644248" />
</allocation-stats>
<gc-op id="3636" type="mark" timems="29.223" contextid="3633" timestamp="2019-08-09T18:53:45.952">
  <trace-info objectcount="600545" scancount="521433" scanbytes="13384004" />
  <finalization candidates="80" enqueued="0" />
  <ownableSynchronizers candidates="21" cleared="0" />
  <references type="soft" candidates="3261" cleared="0" enqueued="0" dynamicThreshold="16" maxThreshold="32" />
  <references type="weak" candidates="5588" cleared="0" enqueued="0" />
  <references type="phantom" candidates="97" cleared="0" enqueued="0" />
  <stringconstants candidates="13595" cleared="0"  />
</gc-op>
<gc-op id="3637" type="sweep" timems="1.790" contextid="3633" timestamp="2019-08-09T18:53:45.954" />
<mem-info id="3638" free="20034264" total="38010880" percent="52">
  <mem type="tenure" free="20034264" total="38010880" percent="52" micro-fragmented="0" macro-fragmented="0">
    <mem type="soa" free="19654360" total="37630976" percent="52" />
    <mem type="loa" free="379904" total="379904" percent="100" />
  </mem>
</mem-info>
<gc-op id="3639" type="compact" timems="23.237" contextid="3633" timestamp="2019-08-09T18:53:45.978">
  <compact-info movecount="6" movebytes="376" reason="compact to aid heap contraction" />
</gc-op>
<heap-resize id="3640" type="expand" space="tenure" amount="131072" count="1" timems="0.054" reason="satisfy allocation request" timestamp="2019-08-09T18:53:45.978" />
<gc-end id="3641" type="global" contextid="3633" durationms="55.173" usertimems="219.494" systemtimems="30.519" timestamp="2019-08-09T18:53:45.978" activeThreads="16">
  <mem-info id="3642" free="20099888" total="38141952" percent="52">
    <mem type="tenure" free="20099888" total="38141952" percent="52">
      <mem type="soa" free="19718960" total="37761024" percent="52" />
      <mem type="loa" free="380928" total="380928" percent="100" />
    </mem>
  </mem-info>
</gc-end>
<cycle-end id="3643" type="global" contextid="3633" timestamp="2019-08-09T18:53:45.978" />
  <attribute name="elasticGC enabled" value="1" />
  <attribute name= "numThreadsSpecified" value="16" />
  <attribute name="heapSize specified" value="38010880" />
  <attribute name="Current GC Util" value="45" />
  <attribute name= "Current Time Running" value="165921" />
  <attribute name ="GC Interval" value="0" />
  <attribute name="Target GC Util Change" value ="80.000000" />
  <attribute name="Current GC Util Change" value="45.000000"/>
  <attribute name="Current Error" value="-442.000000" />
  <attribute name="Output H" value="38086056"/>
  <attribute name="Output I" value="1504"/>
  <attribute name="Output T" value="16"/>
  <attribute name= "Current Time Running" value="165921" />
  <attribute name="GC Util currently" value="45" />
  <attribute name="CPU Util currently" value="49499423523" />
<allocation-satisfied id="3644" threadId="00000000023ECF00" bytesRequested="264" />
<af-end id="3645" timestamp="2019-08-09T18:53:45.979" threadId="00000000023ED888" success="true" />
<exclusive-end id="3646" timestamp="2019-08-09T18:53:45.979" durationms="55.519" />

<exclusive-start id="3647" timestamp="2019-08-09T18:53:46.008" intervalms="84.996">
  <response-info timems="0.078" idlems="0.078" threads="0" lastid="00000000023ECF00" lastname="main" />
</exclusive-start>
<af-start id="3648" threadId="00000000023ED888" totalBytesRequested="312" timestamp="2019-08-09T18:53:46.008" intervalms="84.991" />
<cycle-start id="3649" type="global" contextid="0" timestamp="2019-08-09T18:53:46.008" intervalms="84.990" />
<gc-start id="3650" type="global" contextid="3649" timestamp="2019-08-09T18:53:46.008">
  <mem-info id="3651" free="380928" total="38141952" percent="0">
    <mem type="tenure" free="380928" total="38141952" percent="0">
      <mem type="soa" free="0" total="37761024" percent="0" />
      <mem type="loa" free="380928" total="380928" percent="100" />
    </mem>
  </mem-info>
</gc-start>
<allocation-stats totalBytes="19769920" >
  <allocated-bytes non-tlh="0" tlh="19769920" />
  <largest-consumer threadName="main" threadId="00000000023ECF00" bytes="19769920" />
</allocation-stats>
<gc-op id="3652" type="mark" timems="16.593" contextid="3649" timestamp="2019-08-09T18:53:46.025">
  <trace-info objectcount="600552" scancount="521437" scanbytes="13384172" />
  <finalization candidates="80" enqueued="0" />
  <ownableSynchronizers candidates="21" cleared="0" />
  <references type="soft" candidates="3261" cleared="0" enqueued="0" dynamicThreshold="16" maxThreshold="32" />
  <references type="weak" candidates="5588" cleared="0" enqueued="0" />
  <references type="phantom" candidates="97" cleared="0" enqueued="0" />
  <stringconstants candidates="13595" cleared="0"  />
</gc-op>
<gc-op id="3653" type="sweep" timems="2.353" contextid="3649" timestamp="2019-08-09T18:53:46.027" />
<mem-info id="3654" free="20164008" total="38141952" percent="52">
  <mem type="tenure" free="20164008" total="38141952" percent="52" micro-fragmented="0" macro-fragmented="0">
    <mem type="soa" free="19783080" total="37761024" percent="52" />
    <mem type="loa" free="380928" total="380928" percent="100" />
  </mem>
</mem-info>
<gc-op id="3655" type="compact" timems="25.025" contextid="3649" timestamp="2019-08-09T18:53:46.052">
  <compact-info movecount="25" movebytes="1528" reason="compact to aid heap contraction" />
</gc-op>
<heap-resize id="3656" type="expand" space="tenure" amount="131072" count="1" timems="0.018" reason="satisfy allocation request" timestamp="2019-08-09T18:53:46.053" />
<gc-end id="3657" type="global" contextid="3649" durationms="45.013" usertimems="171.390" systemtimems="23.794" timestamp="2019-08-09T18:53:46.053" activeThreads="16">
  <mem-info id="3658" free="20230736" total="38273024" percent="52">
    <mem type="tenure" free="20230736" total="38273024" percent="52">
      <mem type="soa" free="19848784" total="37891072" percent="52" />
      <mem type="loa" free="381952" total="381952" percent="100" />
    </mem>
  </mem-info>
</gc-end>
<cycle-end id="3659" type="global" contextid="3649" timestamp="2019-08-09T18:53:46.053" />
  <attribute name="elasticGC enabled" value="1" />
  <attribute name= "numThreadsSpecified" value="16" />
  <attribute name="heapSize specified" value="38141952" />
  <attribute name="Current GC Util" value="40" />
  <attribute name= "Current Time Running" value="165996" />
  <attribute name ="GC Interval" value="0" />
  <attribute name="Target GC Util Change" value ="80.000000" />
  <attribute name="Current GC Util Change" value="40.000000"/>
  <attribute name="Current Error" value="40.000000" />
  <attribute name="Output H" value="38217680"/>
  <attribute name="Output I" value="2056"/>
  <attribute name="Output T" value="16"/>
  <attribute name= "Current Time Running" value="165996" />
  <attribute name="GC Util currently" value="40" />
  <attribute name="CPU Util currently" value="45998004999" />
<allocation-satisfied id="3660" threadId="00000000023ECF00" bytesRequested="312" />
<af-end id="3661" timestamp="2019-08-09T18:53:46.053" threadId="00000000023ED888" success="true" />
<exclusive-end id="3662" timestamp="2019-08-09T18:53:46.053" durationms="45.219" />

<exclusive-start id="3663" timestamp="2019-08-09T18:53:46.069" intervalms="60.518">
  <response-info timems="0.022" idlems="0.022" threads="0" lastid="00000000023ECF00" lastname="main" />
</exclusive-start>
<af-start id="3664" threadId="00000000023ED888" totalBytesRequested="144" timestamp="2019-08-09T18:53:46.069" intervalms="60.536" />
<cycle-start id="3665" type="global" contextid="0" timestamp="2019-08-09T18:53:46.069" intervalms="60.536" />
<gc-start id="3666" type="global" contextid="3665" timestamp="2019-08-09T18:53:46.069">
  <mem-info id="3667" free="381952" total="38273024" percent="0">
    <mem type="tenure" free="381952" total="38273024" percent="0">
      <mem type="soa" free="0" total="37891072" percent="0" />
      <mem type="loa" free="381952" total="381952" percent="100" />
    </mem>
  </mem-info>
</gc-start>
<allocation-stats totalBytes="19896168" >
  <allocated-bytes non-tlh="0" tlh="19896168" />
  <largest-consumer threadName="main" threadId="00000000023ECF00" bytes="19896168" />
</allocation-stats>
<gc-op id="3668" type="mark" timems="8.631" contextid="3665" timestamp="2019-08-09T18:53:46.077">
  <trace-info objectcount="600552" scancount="521442" scanbytes="13384172" />
  <finalization candidates="80" enqueued="0" />
  <ownableSynchronizers candidates="21" cleared="0" />
  <references type="soft" candidates="3261" cleared="0" enqueued="0" dynamicThreshold="16" maxThreshold="32" />
  <references type="weak" candidates="5588" cleared="0" enqueued="0" />
  <references type="phantom" candidates="97" cleared="0" enqueued="0" />
  <stringconstants candidates="13595" cleared="0"  />
</gc-op>
<gc-op id="3669" type="sweep" timems="1.680" contextid="3665" timestamp="2019-08-09T18:53:46.079" />
<mem-info id="3670" free="20296368" total="38273024" percent="53">
  <mem type="tenure" free="20296368" total="38273024" percent="53" micro-fragmented="0" macro-fragmented="0">
    <mem type="soa" free="19914416" total="37891072" percent="52" />
    <mem type="loa" free="381952" total="381952" percent="100" />
  </mem>
</mem-info>
<gc-op id="3671" type="compact" timems="35.059" contextid="3665" timestamp="2019-08-09T18:53:46.114">
  <compact-info movecount="6" movebytes="272" reason="compact to aid heap contraction" />
</gc-op>
<heap-resize id="3672" type="expand" space="tenure" amount="131072" count="1" timems="0.021" reason="satisfy allocation request" timestamp="2019-08-09T18:53:46.115" />
<gc-end id="3673" type="global" contextid="3665" durationms="46.440" usertimems="90.637" systemtimems="1.812" timestamp="2019-08-09T18:53:46.115" activeThreads="16">
  <mem-info id="3674" free="20361976" total="38404096" percent="53">
    <mem type="tenure" free="20361976" total="38404096" percent="53">
      <mem type="soa" free="19977976" total="38020096" percent="52" />
      <mem type="loa" free="384000" total="384000" percent="100" />
    </mem>
  </mem-info>
</gc-end>
<cycle-end id="3675" type="global" contextid="3665" timestamp="2019-08-09T18:53:46.115" />
  <attribute name="elasticGC enabled" value="1" />
  <attribute name= "numThreadsSpecified" value="16" />
  <attribute name="heapSize specified" value="38273024" />
  <attribute name="Current GC Util" value="26" />
  <attribute name= "Current Time Running" value="166058" />
  <attribute name ="GC Interval" value="0" />
  <attribute name="Target GC Util Change" value ="80.000000" />
  <attribute name="Current GC Util Change" value="26.000000"/>
  <attribute name="Current Error" value="-447.000000" />
  <attribute name="Output H" value="38348192"/>
  <attribute name="Output I" value="1496"/>
  <attribute name="Output T" value="16"/>
  <attribute name= "Current Time Running" value="166058" />
  <attribute name="GC Util currently" value="26" />
  <attribute name="CPU Util currently" value="32791041135" />
<allocation-satisfied id="3676" threadId="00000000023ECF00" bytesRequested="144" />
<af-end id="3677" timestamp="2019-08-09T18:53:46.115" threadId="00000000023ED888" success="true" />
<exclusive-end id="3678" timestamp="2019-08-09T18:53:46.115" durationms="46.946" />

<exclusive-start id="3679" timestamp="2019-08-09T18:53:46.146" intervalms="77.664">
  <response-info timems="0.048" idlems="0.048" threads="0" lastid="00000000023ECF00" lastname="main" />
</exclusive-start>
<af-start id="3680" threadId="00000000023ED888" totalBytesRequested="16" timestamp="2019-08-09T18:53:46.146" intervalms="77.650" />
<cycle-start id="3681" type="global" contextid="0" timestamp="2019-08-09T18:53:46.146" intervalms="77.646" />
<gc-start id="3682" type="global" contextid="3681" timestamp="2019-08-09T18:53:46.146">
  <mem-info id="3683" free="384000" total="38404096" percent="0">
    <mem type="tenure" free="384000" total="38404096" percent="0">
      <mem type="soa" free="0" total="38020096" percent="0" />
      <mem type="loa" free="384000" total="384000" percent="100" />
    </mem>
  </mem-info>
</gc-start>
<allocation-stats totalBytes="20025184" >
  <allocated-bytes non-tlh="0" tlh="20025184" />
  <largest-consumer threadName="main" threadId="00000000023ECF00" bytes="20025184" />
</allocation-stats>
<gc-op id="3684" type="mark" timems="11.452" contextid="3681" timestamp="2019-08-09T18:53:46.158">
  <trace-info objectcount="600554" scancount="521440" scanbytes="13384188" />
  <finalization candidates="80" enqueued="0" />
  <ownableSynchronizers candidates="21" cleared="0" />
  <references type="soft" candidates="3261" cleared="0" enqueued="0" dynamicThreshold="16" maxThreshold="32" />
  <references type="weak" candidates="5588" cleared="0" enqueued="0" />
  <references type="phantom" candidates="97" cleared="0" enqueued="0" />
  <stringconstants candidates="13595" cleared="0"  />
</gc-op>
<gc-op id="3685" type="sweep" timems="2.686" contextid="3681" timestamp="2019-08-09T18:53:46.161" />
<mem-info id="3686" free="20427160" total="38404096" percent="53">
  <mem type="tenure" free="20427160" total="38404096" percent="53" micro-fragmented="0" macro-fragmented="0">
    <mem type="soa" free="20043160" total="38020096" percent="52" />
    <mem type="loa" free="384000" total="384000" percent="100" />
  </mem>
</mem-info>
<gc-op id="3687" type="compact" timems="26.203" contextid="3681" timestamp="2019-08-09T18:53:46.187">
  <compact-info movecount="8" movebytes="624" reason="compact to aid heap contraction" />
</gc-op>
<heap-resize id="3688" type="expand" space="tenure" amount="131072" count="1" timems="0.025" reason="satisfy allocation request" timestamp="2019-08-09T18:53:46.188" />
<gc-end id="3689" type="global" contextid="3681" durationms="41.913" usertimems="106.939" systemtimems="3.463" timestamp="2019-08-09T18:53:46.188" activeThreads="16">
  <mem-info id="3690" free="20492696" total="38535168" percent="53">
    <mem type="tenure" free="20492696" total="38535168" percent="53">
      <mem type="soa" free="20107672" total="38150144" percent="52" />
      <mem type="loa" free="385024" total="385024" percent="100" />
    </mem>
  </mem-info>
</gc-end>
<cycle-end id="3691" type="global" contextid="3681" timestamp="2019-08-09T18:53:46.188" />
  <attribute name="elasticGC enabled" value="1" />
  <attribute name= "numThreadsSpecified" value="16" />
  <attribute name="heapSize specified" value="38404096" />
  <attribute name="Current GC Util" value="51" />
  <attribute name= "Current Time Running" value="166131" />
  <attribute name ="GC Interval" value="0" />
  <attribute name="Target GC Util Change" value ="80.000000" />
  <attribute name="Current GC Util Change" value="51.000000"/>
  <attribute name="Current Error" value="-409.000000" />
  <attribute name="Output H" value="38479304"/>
  <attribute name="Output I" value="1536"/>
  <attribute name="Output T" value="16"/>
  <attribute name= "Current Time Running" value="166131" />
  <attribute name="GC Util currently" value="51" />
  <attribute name="CPU Util currently" value="43894370255" />
<allocation-satisfied id="3692" threadId="00000000023ECF00" bytesRequested="16" />
<af-end id="3693" timestamp="2019-08-09T18:53:46.189" threadId="00000000023ED888" success="true" />
<exclusive-end id="3694" timestamp="2019-08-09T18:53:46.189" durationms="42.332" />

<exclusive-start id="3695" timestamp="2019-08-09T18:53:46.210" intervalms="63.373">
  <response-info timems="0.034" idlems="0.034" threads="0" lastid="00000000023ECF00" lastname="main" />
</exclusive-start>
<af-start id="3696" threadId="00000000023ED888" totalBytesRequested="16" timestamp="2019-08-09T18:53:46.210" intervalms="63.364" />
<cycle-start id="3697" type="global" contextid="0" timestamp="2019-08-09T18:53:46.210" intervalms="63.356" />
<gc-start id="3698" type="global" contextid="3697" timestamp="2019-08-09T18:53:46.210">
  <mem-info id="3699" free="385024" total="38535168" percent="0">
    <mem type="tenure" free="385024" total="38535168" percent="0">
      <mem type="soa" free="0" total="38150144" percent="0" />
      <mem type="loa" free="385024" total="385024" percent="100" />
    </mem>
  </mem-info>
</gc-start>
<allocation-stats totalBytes="20155832" >
  <allocated-bytes non-tlh="0" tlh="20155832" />
  <largest-consumer threadName="main" threadId="00000000023ECF00" bytes="20155832" />
</allocation-stats>
<gc-op id="3700" type="mark" timems="12.858" contextid="3697" timestamp="2019-08-09T18:53:46.223">
  <trace-info objectcount="600554" scancount="521442" scanbytes="13384188" />
  <finalization candidates="80" enqueued="0" />
  <ownableSynchronizers candidates="21" cleared="0" />
  <references type="soft" candidates="3261" cleared="0" enqueued="0" dynamicThreshold="17" maxThreshold="32" />
  <references type="weak" candidates="5588" cleared="0" enqueued="0" />
  <references type="phantom" candidates="97" cleared="0" enqueued="0" />
  <stringconstants candidates="13595" cleared="0"  />
</gc-op>
<gc-op id="3701" type="sweep" timems="2.380" contextid="3697" timestamp="2019-08-09T18:53:46.225" />
<mem-info id="3702" free="20558448" total="38535168" percent="53">
  <mem type="tenure" free="20558448" total="38535168" percent="53" micro-fragmented="0" macro-fragmented="0">
    <mem type="soa" free="20173424" total="38150144" percent="52" />
    <mem type="loa" free="385024" total="385024" percent="100" />
  </mem>
</mem-info>
<gc-op id="3703" type="compact" timems="28.471" contextid="3697" timestamp="2019-08-09T18:53:46.254">
  <compact-info movecount="8" movebytes="400" reason="compact to aid heap contraction" />
</gc-op>
<heap-resize id="3704" type="expand" space="tenure" amount="131072" count="1" timems="0.022" reason="satisfy allocation request" timestamp="2019-08-09T18:53:46.255" />
<gc-end id="3705" type="global" contextid="3697" durationms="45.410" usertimems="92.608" systemtimems="21.940" timestamp="2019-08-09T18:53:46.255" activeThreads="16">
  <mem-info id="3706" free="20623992" total="38666240" percent="53">
    <mem type="tenure" free="20623992" total="38666240" percent="53">
      <mem type="soa" free="20237944" total="38280192" percent="52" />
      <mem type="loa" free="386048" total="386048" percent="100" />
    </mem>
  </mem-info>
</gc-end>
<cycle-end id="3707" type="global" contextid="3697" timestamp="2019-08-09T18:53:46.255" />
  <attribute name="elasticGC enabled" value="1" />
  <attribute name= "numThreadsSpecified" value="16" />
  <attribute name="heapSize specified" value="38535168" />
  <attribute name="Current GC Util" value="51" />
  <attribute name= "Current Time Running" value="166198" />
  <attribute name ="GC Interval" value="0" />
  <attribute name="Target GC Util Change" value ="80.000000" />
  <attribute name="Current GC Util Change" value="51.000000"/>
  <attribute name="Current Error" value="29.000000" />
  <attribute name="Output H" value="38610888"/>
  <attribute name="Output I" value="2048"/>
  <attribute name="Output T" value="16"/>
  <attribute name= "Current Time Running" value="166198" />
  <attribute name="GC Util currently" value="51" />
  <attribute name="CPU Util currently" value="40419472810" />
<allocation-satisfied id="3708" threadId="00000000023ECF00" bytesRequested="16" />
<af-end id="3709" timestamp="2019-08-09T18:53:46.255" threadId="00000000023ED888" success="true" />
<exclusive-end id="3710" timestamp="2019-08-09T18:53:46.255" durationms="45.881" />

<exclusive-start id="3711" timestamp="2019-08-09T18:53:46.289" intervalms="79.430">
  <response-info timems="0.034" idlems="0.034" threads="0" lastid="00000000023ECF00" lastname="main" />
</exclusive-start>
<af-start id="3712" threadId="00000000023ED888" totalBytesRequested="64" timestamp="2019-08-09T18:53:46.289" intervalms="79.435" />
<cycle-start id="3713" type="global" contextid="0" timestamp="2019-08-09T18:53:46.289" intervalms="79.441" />
<gc-start id="3714" type="global" contextid="3713" timestamp="2019-08-09T18:53:46.289">
  <mem-info id="3715" free="386048" total="38666240" percent="0">
    <mem type="tenure" free="386048" total="38666240" percent="0">
      <mem type="soa" free="0" total="38280192" percent="0" />
      <mem type="loa" free="386048" total="386048" percent="100" />
    </mem>
  </mem-info>
</gc-start>
<allocation-stats totalBytes="20288744" >
  <allocated-bytes non-tlh="0" tlh="20288744" />
  <largest-consumer threadName="main" threadId="00000000023ECF00" bytes="20288744" />
</allocation-stats>
<gc-op id="3716" type="mark" timems="31.351" contextid="3713" timestamp="2019-08-09T18:53:46.321">
  <trace-info objectcount="600581" scancount="521469" scanbytes="13385532" />
  <finalization candidates="80" enqueued="0" />
  <ownableSynchronizers candidates="21" cleared="0" />
  <references type="soft" candidates="3261" cleared="0" enqueued="0" dynamicThreshold="17" maxThreshold="32" />
  <references type="weak" candidates="5588" cleared="0" enqueued="0" />
  <references type="phantom" candidates="97" cleared="0" enqueued="0" />
  <stringconstants candidates="13595" cleared="0"  />
</gc-op>
<gc-op id="3717" type="sweep" timems="6.002" contextid="3713" timestamp="2019-08-09T18:53:46.327" />
<mem-info id="3718" free="20687752" total="38666240" percent="53">
  <mem type="tenure" free="20687752" total="38666240" percent="53" micro-fragmented="0" macro-fragmented="0">
    <mem type="soa" free="20301704" total="38280192" percent="53" />
    <mem type="loa" free="386048" total="386048" percent="100" />
  </mem>
</mem-info>
<gc-op id="3719" type="compact" timems="52.662" contextid="3713" timestamp="2019-08-09T18:53:46.379">
  <compact-info movecount="46" movebytes="1912" reason="compact to aid heap contraction" />
</gc-op>
<heap-resize id="3720" type="expand" space="tenure" amount="131072" count="1" timems="0.021" reason="satisfy allocation request" timestamp="2019-08-09T18:53:46.399" />
<gc-end id="3721" type="global" contextid="3713" durationms="110.357" usertimems="107.770" systemtimems="83.990" timestamp="2019-08-09T18:53:46.399" activeThreads="16">
  <mem-info id="3722" free="20753960" total="38797312" percent="53">
    <mem type="tenure" free="20753960" total="38797312" percent="53">
      <mem type="soa" free="20366888" total="38410240" percent="53" />
      <mem type="loa" free="387072" total="387072" percent="100" />
    </mem>
  </mem-info>
</gc-end>
<cycle-end id="3723" type="global" contextid="3713" timestamp="2019-08-09T18:53:46.400" />
  <attribute name="elasticGC enabled" value="1" />
  <attribute name= "numThreadsSpecified" value="16" />
  <attribute name="heapSize specified" value="38666240" />
  <attribute name="Current GC Util" value="64" />
  <attribute name= "Current Time Running" value="166323" />
  <attribute name ="GC Interval" value="0" />
  <attribute name="Target GC Util Change" value ="80.000000" />
  <attribute name="Current GC Util Change" value="64.000000"/>
  <attribute name="Current Error" value="-227.000000" />
  <attribute name="Output H" value="38741664"/>
  <attribute name="Output I" value="1752"/>
  <attribute name="Output T" value="16"/>
  <attribute name= "Current Time Running" value="166323" />
  <attribute name="GC Util currently" value="64" />
  <attribute name="CPU Util currently" value="21852113261" />
<allocation-satisfied id="3724" threadId="00000000023ECF00" bytesRequested="64" />
<af-end id="3725" timestamp="2019-08-09T18:53:46.400" threadId="00000000023ED888" success="true" />
<exclusive-end id="3726" timestamp="2019-08-09T18:53:46.400" durationms="110.574" />

<exclusive-start id="3727" timestamp="2019-08-09T18:53:46.477" intervalms="187.657">
  <response-info timems="0.154" idlems="0.154" threads="0" lastid="00000000023ECF00" lastname="main" />
</exclusive-start>
<af-start id="3728" threadId="00000000023ED888" totalBytesRequested="64" timestamp="2019-08-09T18:53:46.477" intervalms="187.680" />
<cycle-start id="3729" type="global" contextid="0" timestamp="2019-08-09T18:53:46.477" intervalms="187.691" />
<gc-start id="3730" type="global" contextid="3729" timestamp="2019-08-09T18:53:46.477">
  <mem-info id="3731" free="387072" total="38797312" percent="0">
    <mem type="tenure" free="387072" total="38797312" percent="0">
      <mem type="soa" free="0" total="38410240" percent="0" />
      <mem type="loa" free="387072" total="387072" percent="100" />
    </mem>
  </mem-info>
</gc-start>
<allocation-stats totalBytes="20427856" >
  <allocated-bytes non-tlh="0" tlh="20427856" />
  <largest-consumer threadName="main" threadId="00000000023ECF00" bytes="20427856" />
</allocation-stats>
<gc-op id="3732" type="mark" timems="45.801" contextid="3729" timestamp="2019-08-09T18:53:46.523">
  <trace-info objectcount="600573" scancount="521464" scanbytes="13385108" />
  <finalization candidates="80" enqueued="0" />
  <ownableSynchronizers candidates="21" cleared="0" />
  <references type="soft" candidates="3261" cleared="0" enqueued="0" dynamicThreshold="17" maxThreshold="32" />
  <references type="weak" candidates="5588" cleared="0" enqueued="0" />
  <references type="phantom" candidates="97" cleared="0" enqueued="0" />
  <stringconstants candidates="13595" cleared="0"  />
</gc-op>
<gc-op id="3733" type="sweep" timems="7.332" contextid="3729" timestamp="2019-08-09T18:53:46.530" />
<mem-info id="3734" free="20819832" total="38797312" percent="53">
  <mem type="tenure" free="20819832" total="38797312" percent="53" micro-fragmented="0" macro-fragmented="0">
    <mem type="soa" free="20432760" total="38410240" percent="53" />
    <mem type="loa" free="387072" total="387072" percent="100" />
  </mem>
</mem-info>
<gc-op id="3735" type="compact" timems="50.308" contextid="3729" timestamp="2019-08-09T18:53:46.580">
  <compact-info movecount="20" movebytes="904" reason="compact to aid heap contraction" />
</gc-op>
<heap-resize id="3736" type="expand" space="tenure" amount="131072" count="1" timems="0.019" reason="satisfy allocation request" timestamp="2019-08-09T18:53:46.582" />
<gc-end id="3737" type="global" contextid="3729" durationms="104.716" usertimems="237.351" systemtimems="56.427" timestamp="2019-08-09T18:53:46.582" activeThreads="16">
  <mem-info id="3738" free="20885456" total="38928384" percent="53">
    <mem type="tenure" free="20885456" total="38928384" percent="53">
      <mem type="soa" free="20496336" total="38539264" percent="53" />
      <mem type="loa" free="389120" total="389120" percent="100" />
    </mem>
  </mem-info>
</gc-end>
<cycle-end id="3739" type="global" contextid="3729" timestamp="2019-08-09T18:53:46.582" />
  <attribute name="elasticGC enabled" value="1" />
  <attribute name= "numThreadsSpecified" value="16" />
  <attribute name="heapSize specified" value="38797312" />
  <attribute name="Current GC Util" value="28" />
  <attribute name= "Current Time Running" value="166524" />
  <attribute name ="GC Interval" value="0" />
  <attribute name="Target GC Util Change" value ="80.000000" />
  <attribute name="Current GC Util Change" value="28.000000"/>
  <attribute name="Current Error" value="-237.000000" />
  <attribute name="Output H" value="38872720"/>
  <attribute name="Output I" value="1736"/>
  <attribute name="Output T" value="16"/>
  <attribute name= "Current Time Running" value="166524" />
  <attribute name="GC Util currently" value="28" />
  <attribute name="CPU Util currently" value="22900412108" />
<allocation-satisfied id="3740" threadId="00000000023ECF00" bytesRequested="64" />
<af-end id="3741" timestamp="2019-08-09T18:53:46.582" threadId="00000000023ED888" success="true" />
<exclusive-end id="3742" timestamp="2019-08-09T18:53:46.582" durationms="104.990" />

<exclusive-start id="3743" timestamp="2019-08-09T18:53:46.653" intervalms="176.116">
  <response-info timems="0.045" idlems="0.045" threads="0" lastid="00000000023ECF00" lastname="main" />
</exclusive-start>
<af-start id="3744" threadId="00000000023ED888" totalBytesRequested="24" timestamp="2019-08-09T18:53:46.653" intervalms="176.099" />
<cycle-start id="3745" type="global" contextid="0" timestamp="2019-08-09T18:53:46.653" intervalms="176.110" />
<gc-start id="3746" type="global" contextid="3745" timestamp="2019-08-09T18:53:46.653">
  <mem-info id="3747" free="389120" total="38928384" percent="0">
    <mem type="tenure" free="389120" total="38928384" percent="0">
      <mem type="soa" free="0" total="38539264" percent="0" />
      <mem type="loa" free="389120" total="389120" percent="100" />
    </mem>
  </mem-info>
</gc-start>
<allocation-stats totalBytes="20556968" >
  <allocated-bytes non-tlh="0" tlh="20556968" />
  <largest-consumer threadName="main" threadId="00000000023ECF00" bytes="20556968" />
</allocation-stats>
<gc-op id="3748" type="mark" timems="31.926" contextid="3745" timestamp="2019-08-09T18:53:46.685">
  <trace-info objectcount="600573" scancount="521459" scanbytes="13385116" />
  <finalization candidates="80" enqueued="0" />
  <ownableSynchronizers candidates="21" cleared="0" />
  <references type="soft" candidates="3261" cleared="0" enqueued="0" dynamicThreshold="17" maxThreshold="32" />
  <references type="weak" candidates="5588" cleared="0" enqueued="0" />
  <references type="phantom" candidates="97" cleared="0" enqueued="0" />
  <stringconstants candidates="13595" cleared="0"  />
</gc-op>
<gc-op id="3749" type="sweep" timems="1.370" contextid="3745" timestamp="2019-08-09T18:53:46.686" />
<mem-info id="3750" free="20950920" total="38928384" percent="53">
  <mem type="tenure" free="20950920" total="38928384" percent="53" micro-fragmented="0" macro-fragmented="0">
    <mem type="soa" free="20561800" total="38539264" percent="53" />
    <mem type="loa" free="389120" total="389120" percent="100" />
  </mem>
</mem-info>
<gc-op id="3751" type="compact" timems="22.999" contextid="3745" timestamp="2019-08-09T18:53:46.709">
  <compact-info movecount="20" movebytes="912" reason="compact to aid heap contraction" />
</gc-op>
<heap-resize id="3752" type="expand" space="tenure" amount="131072" count="1" timems="0.021" reason="satisfy allocation request" timestamp="2019-08-09T18:53:46.711" />
<gc-end id="3753" type="global" contextid="3745" durationms="57.629" usertimems="141.651" systemtimems="24.169" timestamp="2019-08-09T18:53:46.711" activeThreads="16">
  <mem-info id="3754" free="21016520" total="39059456" percent="53">
    <mem type="tenure" free="21016520" total="39059456" percent="53">
      <mem type="soa" free="20626376" total="38669312" percent="53" />
      <mem type="loa" free="390144" total="390144" percent="100" />
    </mem>
  </mem-info>
</gc-end>
<cycle-end id="3755" type="global" contextid="3745" timestamp="2019-08-09T18:53:46.711" />
  <attribute name="elasticGC enabled" value="1" />
  <attribute name= "numThreadsSpecified" value="16" />
  <attribute name="heapSize specified" value="38928384" />
  <attribute name="Current GC Util" value="40" />
  <attribute name= "Current Time Running" value="166653" />
  <attribute name ="GC Interval" value="0" />
  <attribute name="Target GC Util Change" value ="80.000000" />
  <attribute name="Current GC Util Change" value="40.000000"/>
  <attribute name="Current Error" value="40.000000" />
  <attribute name="Output H" value="39004112"/>
  <attribute name="Output I" value="2056"/>
  <attribute name="Output T" value="16"/>
  <attribute name= "Current Time Running" value="166653" />
  <attribute name="GC Util currently" value="40" />
  <attribute name="CPU Util currently" value="50054199862" />
<allocation-satisfied id="3756" threadId="00000000023ECF00" bytesRequested="24" />
<af-end id="3757" timestamp="2019-08-09T18:53:46.711" threadId="00000000023ED888" success="true" />
<exclusive-end id="3758" timestamp="2019-08-09T18:53:46.711" durationms="57.860" />

<exclusive-start id="3759" timestamp="2019-08-09T18:53:46.771" intervalms="118.535">
  <response-info timems="0.066" idlems="0.066" threads="0" lastid="00000000023ECF00" lastname="main" />
</exclusive-start>
<af-start id="3760" threadId="00000000023ED888" totalBytesRequested="136" timestamp="2019-08-09T18:53:46.771" intervalms="118.539" />
<cycle-start id="3761" type="global" contextid="0" timestamp="2019-08-09T18:53:46.771" intervalms="118.526" />
<gc-start id="3762" type="global" contextid="3761" timestamp="2019-08-09T18:53:46.771">
  <mem-info id="3763" free="390144" total="39059456" percent="0">
    <mem type="tenure" free="390144" total="39059456" percent="0">
      <mem type="soa" free="0" total="38669312" percent="0" />
      <mem type="loa" free="390144" total="390144" percent="100" />
    </mem>
  </mem-info>
</gc-start>
<allocation-stats totalBytes="20687216" >
  <allocated-bytes non-tlh="0" tlh="20687216" />
  <largest-consumer threadName="main" threadId="00000000023ECF00" bytes="20687216" />
</allocation-stats>
<gc-op id="3764" type="mark" timems="36.810" contextid="3761" timestamp="2019-08-09T18:53:46.808">
  <trace-info objectcount="600571" scancount="521459" scanbytes="13384996" />
  <finalization candidates="80" enqueued="0" />
  <ownableSynchronizers candidates="21" cleared="0" />
  <references type="soft" candidates="3261" cleared="0" enqueued="0" dynamicThreshold="17" maxThreshold="32" />
  <references type="weak" candidates="5588" cleared="0" enqueued="0" />
  <references type="phantom" candidates="97" cleared="0" enqueued="0" />
  <stringconstants candidates="13595" cleared="0"  />
</gc-op>
<gc-op id="3765" type="sweep" timems="3.678" contextid="3761" timestamp="2019-08-09T18:53:46.812" />
<mem-info id="3766" free="21082048" total="39059456" percent="53">
  <mem type="tenure" free="21082048" total="39059456" percent="53" micro-fragmented="0" macro-fragmented="0">
    <mem type="soa" free="20691904" total="38669312" percent="53" />
    <mem type="loa" free="390144" total="390144" percent="100" />
  </mem>
</mem-info>
<gc-op id="3767" type="compact" timems="34.998" contextid="3761" timestamp="2019-08-09T18:53:46.847">
  <compact-info movecount="18" movebytes="792" reason="compact to aid heap contraction" />
</gc-op>
<heap-resize id="3768" type="expand" space="tenure" amount="131072" count="1" timems="0.021" reason="satisfy allocation request" timestamp="2019-08-09T18:53:46.848" />
<gc-end id="3769" type="global" contextid="3761" durationms="76.262" usertimems="178.669" systemtimems="31.746" timestamp="2019-08-09T18:53:46.848" activeThreads="16">
  <mem-info id="3770" free="21147712" total="39190528" percent="53">
    <mem type="tenure" free="21147712" total="39190528" percent="53">
      <mem type="soa" free="20756544" total="38799360" percent="53" />
      <mem type="loa" free="391168" total="391168" percent="100" />
    </mem>
  </mem-info>
</gc-end>
<cycle-end id="3771" type="global" contextid="3761" timestamp="2019-08-09T18:53:46.848" />
  <attribute name="elasticGC enabled" value="1" />
  <attribute name= "numThreadsSpecified" value="16" />
  <attribute name="heapSize specified" value="39059456" />
  <attribute name="Current GC Util" value="47" />
  <attribute name= "Current Time Running" value="166791" />
  <attribute name ="GC Interval" value="0" />
  <attribute name="Target GC Util Change" value ="80.000000" />
  <attribute name="Current GC Util Change" value="47.000000"/>
  <attribute name="Current Error" value="-171.000000" />
  <attribute name="Output H" value="39134944"/>
  <attribute name="Output I" value="1816"/>
  <attribute name="Output T" value="16"/>
  <attribute name= "Current Time Running" value="166791" />
  <attribute name="GC Util currently" value="47" />
  <attribute name="CPU Util currently" value="32908965953" />
<allocation-satisfied id="3772" threadId="00000000023ECF00" bytesRequested="136" />
<af-end id="3773" timestamp="2019-08-09T18:53:46.848" threadId="00000000023ED888" success="true" />
<exclusive-end id="3774" timestamp="2019-08-09T18:53:46.848" durationms="76.675" />

<exclusive-start id="3775" timestamp="2019-08-09T18:53:47.971" intervalms="1199.845">
  <response-info timems="0.193" idlems="0.193" threads="0" lastid="00000000023ECF00" lastname="main" />
</exclusive-start>
<af-start id="3776" threadId="00000000023ED888" totalBytesRequested="18824" timestamp="2019-08-09T18:53:47.972" intervalms="1200.314" />
<cycle-start id="3777" type="global" contextid="0" timestamp="2019-08-09T18:53:47.972" intervalms="1200.317" />
<gc-start id="3778" type="global" contextid="3777" timestamp="2019-08-09T18:53:47.972">
  <mem-info id="3779" free="391168" total="39190528" percent="0">
    <mem type="tenure" free="391168" total="39190528" percent="0">
      <mem type="soa" free="0" total="38799360" percent="0" />
      <mem type="loa" free="391168" total="391168" percent="100" />
    </mem>
  </mem-info>
</gc-start>
<allocation-stats totalBytes="20737424" >
  <allocated-bytes non-tlh="0" tlh="20737424" />
  <largest-consumer threadName="main" threadId="00000000023ECF00" bytes="20737424" />
</allocation-stats>
<gc-op id="3780" type="mark" timems="16.864" contextid="3777" timestamp="2019-08-09T18:53:47.989">
  <trace-info objectcount="600615" scancount="521502" scanbytes="13425092" />
  <finalization candidates="80" enqueued="0" />
  <ownableSynchronizers candidates="21" cleared="0" />
  <references type="soft" candidates="3261" cleared="0" enqueued="0" dynamicThreshold="17" maxThreshold="32" />
  <references type="weak" candidates="5588" cleared="0" enqueued="0" />
  <references type="phantom" candidates="97" cleared="0" enqueued="0" />
  <stringconstants candidates="13595" cleared="0"  />
</gc-op>
<gc-op id="3781" type="sweep" timems="2.360" contextid="3777" timestamp="2019-08-09T18:53:47.991" />
<mem-info id="3782" free="21171280" total="39190528" percent="54">
  <mem type="tenure" free="21171280" total="39190528" percent="54" micro-fragmented="0" macro-fragmented="0">
    <mem type="soa" free="20780112" total="38799360" percent="53" />
    <mem type="loa" free="391168" total="391168" percent="100" />
  </mem>
</mem-info>
<gc-op id="3783" type="compact" timems="22.113" contextid="3777" timestamp="2019-08-09T18:53:48.013">
  <compact-info movecount="73" movebytes="41368" reason="compact to aid heap contraction" />
</gc-op>
<heap-resize id="3784" type="expand" space="tenure" amount="131072" count="1" timems="0.024" reason="satisfy allocation request" timestamp="2019-08-09T18:53:48.014" />
<gc-end id="3785" type="global" contextid="3777" durationms="42.379" usertimems="132.886" systemtimems="0.000" timestamp="2019-08-09T18:53:48.014" activeThreads="16">
  <mem-info id="3786" free="21285344" total="39321600" percent="54">
    <mem type="tenure" free="21285344" total="39321600" percent="54">
      <mem type="soa" free="20892128" total="38928384" percent="53" />
      <mem type="loa" free="393216" total="393216" percent="100" />
    </mem>
  </mem-info>
</gc-end>
<cycle-end id="3787" type="global" contextid="3777" timestamp="2019-08-09T18:53:48.014" />
  <attribute name="elasticGC enabled" value="1" />
  <attribute name= "numThreadsSpecified" value="16" />
  <attribute name="heapSize specified" value="39190528" />
  <attribute name="Current GC Util" value="41" />
  <attribute name= "Current Time Running" value="167957" />
  <attribute name ="GC Interval" value="0" />
  <attribute name="Target GC Util Change" value ="80.000000" />
  <attribute name="Current GC Util Change" value="41.000000"/>
  <attribute name="Current Error" value="-479.000000" />
  <attribute name="Output H" value="39265656"/>
  <attribute name="Output I" value="1456"/>
  <attribute name="Output T" value="16"/>
  <attribute name= "Current Time Running" value="167957" />
  <attribute name="GC Util currently" value="41" />
  <attribute name="CPU Util currently" value="52052381113" />
<allocation-satisfied id="3788" threadId="00000000023ECF00" bytesRequested="18824" />
<af-end id="3789" timestamp="2019-08-09T18:53:48.014" threadId="00000000023ED888" success="true" />
<exclusive-end id="3790" timestamp="2019-08-09T18:53:48.014" durationms="43.276" />

<exclusive-start id="3791" timestamp="2019-08-09T18:53:48.030" intervalms="59.312">
  <response-info timems="0.018" idlems="0.018" threads="0" lastid="00000000023ECF00" lastname="main" />
</exclusive-start>
<af-start id="3792" threadId="00000000023ED888" totalBytesRequested="17256" timestamp="2019-08-09T18:53:48.030" intervalms="58.830" />
<cycle-start id="3793" type="global" contextid="0" timestamp="2019-08-09T18:53:48.031" intervalms="58.819" />
<gc-start id="3794" type="global" contextid="3793" timestamp="2019-08-09T18:53:48.031">
  <mem-info id="3795" free="393216" total="39321600" percent="1">
    <mem type="tenure" free="393216" total="39321600" percent="1">
      <mem type="soa" free="0" total="38928384" percent="0" />
      <mem type="loa" free="393216" total="393216" percent="100" />
    </mem>
  </mem-info>
</gc-start>
<allocation-stats totalBytes="19618104" >
  <allocated-bytes non-tlh="18824" tlh="19599280" />
  <largest-consumer threadName="main" threadId="00000000023ECF00" bytes="19618104" />
</allocation-stats>
<gc-op id="3796" type="mark" timems="7.701" contextid="3793" timestamp="2019-08-09T18:53:48.038">
  <trace-info objectcount="600615" scancount="521506" scanbytes="13406296" />
  <finalization candidates="80" enqueued="0" />
  <ownableSynchronizers candidates="21" cleared="0" />
  <references type="soft" candidates="3261" cleared="0" enqueued="0" dynamicThreshold="17" maxThreshold="32" />
  <references type="weak" candidates="5588" cleared="0" enqueued="0" />
  <references type="phantom" candidates="97" cleared="0" enqueued="0" />
  <stringconstants candidates="13595" cleared="0"  />
</gc-op>
<gc-op id="3797" type="sweep" timems="1.897" contextid="3793" timestamp="2019-08-09T18:53:48.041" />
<mem-info id="3798" free="21322312" total="39321600" percent="54">
  <mem type="tenure" free="21322312" total="39321600" percent="54" micro-fragmented="0" macro-fragmented="0">
    <mem type="soa" free="20929096" total="38928384" percent="53" />
    <mem type="loa" free="393216" total="393216" percent="100" />
  </mem>
</mem-info>
<gc-op id="3799" type="compact" timems="22.975" contextid="3793" timestamp="2019-08-09T18:53:48.065">
  <compact-info movecount="12" movebytes="20528" reason="compact to aid heap contraction" />
</gc-op>
<heap-resize id="3800" type="expand" space="tenure" amount="131072" count="1" timems="0.017" reason="satisfy allocation request" timestamp="2019-08-09T18:53:48.065" />
<gc-end id="3801" type="global" contextid="3793" durationms="34.643" usertimems="82.913" systemtimems="0.000" timestamp="2019-08-09T18:53:48.065" activeThreads="16">
  <mem-info id="3802" free="21388496" total="39452672" percent="54">
    <mem type="tenure" free="21388496" total="39452672" percent="54">
      <mem type="soa" free="20994256" total="39058432" percent="53" />
      <mem type="loa" free="394240" total="394240" percent="100" />
    </mem>
  </mem-info>
</gc-end>
<cycle-end id="3803" type="global" contextid="3793" timestamp="2019-08-09T18:53:48.065" />
  <attribute name="elasticGC enabled" value="1" />
  <attribute name= "numThreadsSpecified" value="16" />
  <attribute name="heapSize specified" value="39321600" />
  <attribute name="Current GC Util" value="60" />
  <attribute name= "Current Time Running" value="168008" />
  <attribute name ="GC Interval" value="0" />
  <attribute name="Target GC Util Change" value ="80.000000" />
  <attribute name="Current GC Util Change" value="60.000000"/>
  <attribute name="Current Error" value="20.000000" />
  <attribute name="Output H" value="39397304"/>
  <attribute name="Output I" value="2032"/>
  <attribute name="Output T" value="16"/>
  <attribute name= "Current Time Running" value="168008" />
  <attribute name="GC Util currently" value="60" />
  <attribute name="CPU Util currently" value="50110751355" />
<allocation-satisfied id="3804" threadId="00000000023ECF00" bytesRequested="17256" />
<af-end id="3805" timestamp="2019-08-09T18:53:48.065" threadId="00000000023ED888" success="true" />
<exclusive-end id="3806" timestamp="2019-08-09T18:53:48.065" durationms="34.828" />

<exclusive-start id="3807" timestamp="2019-08-09T18:53:48.085" intervalms="55.011">
  <response-info timems="0.018" idlems="0.018" threads="0" lastid="00000000023ECF00" lastname="main" />
</exclusive-start>
<af-start id="3808" threadId="00000000023ED888" totalBytesRequested="17456" timestamp="2019-08-09T18:53:48.086" intervalms="55.016" />
<cycle-start id="3809" type="global" contextid="0" timestamp="2019-08-09T18:53:48.086" intervalms="55.012" />
<gc-start id="3810" type="global" contextid="3809" timestamp="2019-08-09T18:53:48.086">
  <mem-info id="3811" free="394240" total="39452672" percent="0">
    <mem type="tenure" free="394240" total="39452672" percent="0">
      <mem type="soa" free="0" total="39058432" percent="0" />
      <mem type="loa" free="394240" total="394240" percent="100" />
    </mem>
  </mem-info>
</gc-start>
<allocation-stats totalBytes="19782576" >
  <allocated-bytes non-tlh="0" tlh="19782576" />
  <largest-consumer threadName="main" threadId="00000000023ECF00" bytes="19782576" />
</allocation-stats>
<gc-op id="3812" type="mark" timems="9.101" contextid="3809" timestamp="2019-08-09T18:53:48.095">
  <trace-info objectcount="600615" scancount="521501" scanbytes="13423524" />
  <finalization candidates="80" enqueued="0" />
  <ownableSynchronizers candidates="21" cleared="0" />
  <references type="soft" candidates="3261" cleared="0" enqueued="0" dynamicThreshold="17" maxThreshold="32" />
  <references type="weak" candidates="5588" cleared="0" enqueued="0" />
  <references type="phantom" candidates="97" cleared="0" enqueued="0" />
  <stringconstants candidates="13595" cleared="0"  />
</gc-op>
<gc-op id="3813" type="sweep" timems="1.560" contextid="3809" timestamp="2019-08-09T18:53:48.096" />
<mem-info id="3814" free="21435816" total="39452672" percent="54">
  <mem type="tenure" free="21435816" total="39452672" percent="54" micro-fragmented="0" macro-fragmented="0">
    <mem type="soa" free="21041576" total="39058432" percent="53" />
    <mem type="loa" free="394240" total="394240" percent="100" />
  </mem>
</mem-info>
<gc-op id="3815" type="compact" timems="31.246" contextid="3809" timestamp="2019-08-09T18:53:48.128">
  <compact-info movecount="12" movebytes="37752" reason="compact to aid heap contraction" />
</gc-op>
<heap-resize id="3816" type="expand" space="tenure" amount="131072" count="1" timems="0.021" reason="satisfy allocation request" timestamp="2019-08-09T18:53:48.128" />
<gc-end id="3817" type="global" contextid="3809" durationms="42.755" usertimems="82.190" systemtimems="0.000" timestamp="2019-08-09T18:53:48.128" activeThreads="16">
  <mem-info id="3818" free="21502344" total="39583744" percent="54">
    <mem type="tenure" free="21502344" total="39583744" percent="54">
      <mem type="soa" free="21107080" total="39188480" percent="53" />
      <mem type="loa" free="395264" total="395264" percent="100" />
    </mem>
  </mem-info>
</gc-end>
<cycle-end id="3819" type="global" contextid="3809" timestamp="2019-08-09T18:53:48.128" />
  <attribute name="elasticGC enabled" value="1" />
  <attribute name= "numThreadsSpecified" value="16" />
  <attribute name="heapSize specified" value="39452672" />
  <attribute name="Current GC Util" value="29" />
  <attribute name= "Current Time Running" value="168072" />
  <attribute name ="GC Interval" value="0" />
  <attribute name="Target GC Util Change" value ="80.000000" />
  <attribute name="Current GC Util Change" value="29.000000"/>
  <attribute name="Current Error" value="-454.000000" />
  <attribute name="Output H" value="39527832"/>
  <attribute name="Output I" value="1488"/>
  <attribute name="Output T" value="16"/>
  <attribute name= "Current Time Running" value="168072" />
  <attribute name="GC Util currently" value="29" />
  <attribute name="CPU Util currently" value="36787990794" />
<allocation-satisfied id="3820" threadId="00000000023ECF00" bytesRequested="17456" />
<af-end id="3821" timestamp="2019-08-09T18:53:48.129" threadId="00000000023ED888" success="true" />
<exclusive-end id="3822" timestamp="2019-08-09T18:53:48.129" durationms="43.071" />

<exclusive-start id="3823" timestamp="2019-08-09T18:53:48.151" intervalms="65.889">
  <response-info timems="0.176" idlems="0.176" threads="0" lastid="00000000023ECF00" lastname="main" />
</exclusive-start>
<af-start id="3824" threadId="00000000023ED888" totalBytesRequested="19024" timestamp="2019-08-09T18:53:48.151" intervalms="65.900" />
<cycle-start id="3825" type="global" contextid="0" timestamp="2019-08-09T18:53:48.152" intervalms="65.981" />
<gc-start id="3826" type="global" contextid="3825" timestamp="2019-08-09T18:53:48.152">
  <mem-info id="3827" free="395264" total="39583744" percent="0">
    <mem type="tenure" free="395264" total="39583744" percent="0">
      <mem type="soa" free="0" total="39188480" percent="0" />
      <mem type="loa" free="395264" total="395264" percent="100" />
    </mem>
  </mem-info>
</gc-start>
<allocation-stats totalBytes="19877320" >
  <allocated-bytes non-tlh="0" tlh="19877320" />
  <largest-consumer threadName="main" threadId="00000000023ECF00" bytes="19877320" />
</allocation-stats>
<gc-op id="3828" type="mark" timems="12.468" contextid="3825" timestamp="2019-08-09T18:53:48.164">
  <trace-info objectcount="600615" scancount="521502" scanbytes="13425092" />
  <finalization candidates="80" enqueued="0" />
  <ownableSynchronizers candidates="21" cleared="0" />
  <references type="soft" candidates="3261" cleared="0" enqueued="0" dynamicThreshold="17" maxThreshold="32" />
  <references type="weak" candidates="5588" cleared="0" enqueued="0" />
  <references type="phantom" candidates="97" cleared="0" enqueued="0" />
  <stringconstants candidates="13595" cleared="0"  />
</gc-op>
<gc-op id="3829" type="sweep" timems="1.706" contextid="3825" timestamp="2019-08-09T18:53:48.166" />
<mem-info id="3830" free="21565320" total="39583744" percent="54">
  <mem type="tenure" free="21565320" total="39583744" percent="54" micro-fragmented="0" macro-fragmented="0">
    <mem type="soa" free="21170056" total="39188480" percent="54" />
    <mem type="loa" free="395264" total="395264" percent="100" />
  </mem>
</mem-info>
<gc-op id="3831" type="compact" timems="29.743" contextid="3825" timestamp="2019-08-09T18:53:48.196">
  <compact-info movecount="12" movebytes="39320" reason="compact to aid heap contraction" />
</gc-op>
<heap-resize id="3832" type="expand" space="tenure" amount="131072" count="1" timems="0.023" reason="satisfy allocation request" timestamp="2019-08-09T18:53:48.196" />
<gc-end id="3833" type="global" contextid="3825" durationms="44.909" usertimems="109.081" systemtimems="0.000" timestamp="2019-08-09T18:53:48.196" activeThreads="16">
  <mem-info id="3834" free="21678360" total="39714816" percent="54">
    <mem type="tenure" free="21678360" total="39714816" percent="54">
      <mem type="soa" free="21282072" total="39318528" percent="54" />
      <mem type="loa" free="396288" total="396288" percent="100" />
    </mem>
  </mem-info>
</gc-end>
<cycle-end id="3835" type="global" contextid="3825" timestamp="2019-08-09T18:53:48.197" />
  <attribute name="elasticGC enabled" value="1" />
  <attribute name= "numThreadsSpecified" value="16" />
  <attribute name="heapSize specified" value="39583744" />
  <attribute name="Current GC Util" value="123" />
  <attribute name= "Current Time Running" value="168140" />
  <attribute name ="GC Interval" value="0" />
  <attribute name="Target GC Util Change" value ="80.000000" />
  <attribute name="Current GC Util Change" value="123.000000"/>
  <attribute name="Current Error" value="-496.000000" />
  <attribute name="Output H" value="39658856"/>
  <attribute name="Output I" value="1440"/>
  <attribute name="Output T" value="16"/>
  <attribute name= "Current Time Running" value="168140" />
  <attribute name="GC Util currently" value="123" />
  <attribute name="CPU Util currently" value="38615146850" />
<allocation-satisfied id="3836" threadId="00000000023ECF00" bytesRequested="19024" />
<af-end id="3837" timestamp="2019-08-09T18:53:48.197" threadId="00000000023ED888" success="true" />
<exclusive-end id="3838" timestamp="2019-08-09T18:53:48.197" durationms="45.358" />

<exclusive-start id="3839" timestamp="2019-08-09T18:53:49.058" intervalms="906.540">
  <response-info timems="0.043" idlems="0.043" threads="0" lastid="00000000023ECF00" lastname="main" />
</exclusive-start>
<af-start id="3840" threadId="00000000023ED888" totalBytesRequested="80" timestamp="2019-08-09T18:53:49.058" intervalms="906.520" />
<cycle-start id="3841" type="global" contextid="0" timestamp="2019-08-09T18:53:49.058" intervalms="906.462" />
<gc-start id="3842" type="global" contextid="3841" timestamp="2019-08-09T18:53:49.058">
  <mem-info id="3843" free="396288" total="39714816" percent="0">
    <mem type="tenure" free="396288" total="39714816" percent="0">
      <mem type="soa" free="0" total="39318528" percent="0" />
      <mem type="loa" free="396288" total="396288" percent="100" />
    </mem>
  </mem-info>
</gc-start>
<allocation-stats totalBytes="21299152" >
  <allocated-bytes non-tlh="19024" tlh="21280128" />
  <largest-consumer threadName="main" threadId="00000000023ECF00" bytes="21299152" />
</allocation-stats>
<gc-op id="3844" type="mark" timems="10.404" contextid="3841" timestamp="2019-08-09T18:53:49.068">
  <trace-info objectcount="600633" scancount="521521" scanbytes="13386104" />
  <finalization candidates="80" enqueued="0" />
  <ownableSynchronizers candidates="21" cleared="0" />
  <references type="soft" candidates="3261" cleared="0" enqueued="0" dynamicThreshold="17" maxThreshold="32" />
  <references type="weak" candidates="5588" cleared="0" enqueued="0" />
  <references type="phantom" candidates="97" cleared="0" enqueued="0" />
  <stringconstants candidates="13595" cleared="0"  />
</gc-op>
<gc-op id="3845" type="sweep" timems="2.064" contextid="3841" timestamp="2019-08-09T18:53:49.071" />
<mem-info id="3846" free="21735528" total="39714816" percent="54">
  <mem type="tenure" free="21735528" total="39714816" percent="54" micro-fragmented="0" macro-fragmented="0">
    <mem type="soa" free="21339240" total="39318528" percent="54" />
    <mem type="loa" free="396288" total="396288" percent="100" />
  </mem>
</mem-info>
<gc-op id="3847" type="compact" timems="129.454" contextid="3841" timestamp="2019-08-09T18:53:49.200">
  <compact-info movecount="505427" movebytes="12878488" reason="compact to aid heap contraction" />
</gc-op>
<heap-resize id="3848" type="expand" space="tenure" amount="131072" count="1" timems="0.018" reason="satisfy allocation request" timestamp="2019-08-09T18:53:49.201" />
<gc-end id="3849" type="global" contextid="3841" durationms="143.028" usertimems="226.617" systemtimems="0.000" timestamp="2019-08-09T18:53:49.201" activeThreads="16">
  <mem-info id="3850" free="21801880" total="39845888" percent="54">
    <mem type="tenure" free="21801880" total="39845888" percent="54">
      <mem type="soa" free="21403544" total="39447552" percent="54" />
      <mem type="loa" free="398336" total="398336" percent="100" />
    </mem>
  </mem-info>
</gc-end>
<cycle-end id="3851" type="global" contextid="3841" timestamp="2019-08-09T18:53:49.201" />
  <attribute name="elasticGC enabled" value="1" />
  <attribute name= "numThreadsSpecified" value="16" />
  <attribute name="heapSize specified" value="39714816" />
  <attribute name="Current GC Util" value="9" />
  <attribute name= "Current Time Running" value="169144" />
  <attribute name ="GC Interval" value="0" />
  <attribute name="Target GC Util Change" value ="80.000000" />
  <attribute name="Current GC Util Change" value="9.000000"/>
  <attribute name="Current Error" value="71.000000" />
  <attribute name="Output H" value="39790584"/>
  <attribute name="Output I" value="2096"/>
  <attribute name="Output T" value="16"/>
  <attribute name= "Current Time Running" value="169144" />
  <attribute name="GC Util currently" value="9" />
  <attribute name="CPU Util currently" value="8903528554" />
<allocation-satisfied id="3852" threadId="00000000023ECF00" bytesRequested="80" />
<af-end id="3853" timestamp="2019-08-09T18:53:49.201" threadId="00000000023ED888" success="true" />
<exclusive-end id="3854" timestamp="2019-08-09T18:53:49.201" durationms="143.347" />

<exclusive-start id="3855" timestamp="2019-08-09T18:53:49.308" intervalms="250.399">
  <response-info timems="0.106" idlems="0.106" threads="0" lastid="00000000023ECF00" lastname="main" />
</exclusive-start>
<af-start id="3856" threadId="00000000023ED888" totalBytesRequested="32" timestamp="2019-08-09T18:53:49.308" intervalms="250.392" />
<cycle-start id="3857" type="global" contextid="0" timestamp="2019-08-09T18:53:49.308" intervalms="250.368" />
<gc-start id="3858" type="global" contextid="3857" timestamp="2019-08-09T18:53:49.308">
  <mem-info id="3859" free="398336" total="39845888" percent="0">
    <mem type="tenure" free="398336" total="39845888" percent="0">
      <mem type="soa" free="0" total="39447552" percent="0" />
      <mem type="loa" free="398336" total="398336" percent="100" />
    </mem>
  </mem-info>
</gc-start>
<allocation-stats totalBytes="21466160" >
  <allocated-bytes non-tlh="0" tlh="21466160" />
  <largest-consumer threadName="main" threadId="00000000023ECF00" bytes="21466160" />
</allocation-stats>
<gc-op id="3860" type="mark" timems="15.381" contextid="3857" timestamp="2019-08-09T18:53:49.324">
  <trace-info objectcount="600637" scancount="521530" scanbytes="13386264" />
  <finalization candidates="80" enqueued="0" />
  <ownableSynchronizers candidates="21" cleared="0" />
  <references type="soft" candidates="3261" cleared="0" enqueued="0" dynamicThreshold="17" maxThreshold="32" />
  <references type="weak" candidates="5588" cleared="0" enqueued="0" />
  <references type="phantom" candidates="97" cleared="0" enqueued="0" />
  <stringconstants candidates="13595" cleared="0"  />
</gc-op>
<gc-op id="3861" type="sweep" timems="1.709" contextid="3857" timestamp="2019-08-09T18:53:49.326" />
<mem-info id="3862" free="21867256" total="39845888" percent="54">
  <mem type="tenure" free="21867256" total="39845888" percent="54" micro-fragmented="0" macro-fragmented="0">
    <mem type="soa" free="21468920" total="39447552" percent="54" />
    <mem type="loa" free="398336" total="398336" percent="100" />
  </mem>
</mem-info>
<gc-op id="3863" type="compact" timems="30.785" contextid="3857" timestamp="2019-08-09T18:53:49.356">
  <compact-info movecount="5" movebytes="192" reason="compact to aid heap contraction" />
</gc-op>
<heap-resize id="3864" type="expand" space="tenure" amount="131072" count="1" timems="0.019" reason="satisfy allocation request" timestamp="2019-08-09T18:53:49.357" />
<gc-end id="3865" type="global" contextid="3857" durationms="48.684" usertimems="111.772" systemtimems="0.000" timestamp="2019-08-09T18:53:49.357" activeThreads="16">
  <mem-info id="3866" free="21932792" total="39976960" percent="54">
    <mem type="tenure" free="21932792" total="39976960" percent="54">
      <mem type="soa" free="21533432" total="39577600" percent="54" />
      <mem type="loa" free="399360" total="399360" percent="100" />
    </mem>
  </mem-info>
</gc-end>
<cycle-end id="3867" type="global" contextid="3857" timestamp="2019-08-09T18:53:49.357" />
  <attribute name="elasticGC enabled" value="1" />
  <attribute name= "numThreadsSpecified" value="16" />
  <attribute name="heapSize specified" value="39845888" />
  <attribute name="Current GC Util" value="45" />
  <attribute name= "Current Time Running" value="169300" />
  <attribute name ="GC Interval" value="0" />
  <attribute name="Target GC Util Change" value ="80.000000" />
  <attribute name="Current GC Util Change" value="45.000000"/>
  <attribute name="Current Error" value="-269.000000" />
  <attribute name="Output H" value="39921264"/>
  <attribute name="Output I" value="1704"/>
  <attribute name="Output T" value="16"/>
  <attribute name= "Current Time Running" value="169300" />
  <attribute name="GC Util currently" value="45" />
  <attribute name="CPU Util currently" value="37392223833" />
<allocation-satisfied id="3868" threadId="00000000023ECF00" bytesRequested="32" />
<af-end id="3869" timestamp="2019-08-09T18:53:49.357" threadId="00000000023ED888" success="true" />
<exclusive-end id="3870" timestamp="2019-08-09T18:53:49.357" durationms="48.868" />

<exclusive-start id="3871" timestamp="2019-08-09T18:53:49.467" intervalms="159.016">
  <response-info timems="0.060" idlems="0.060" threads="0" lastid="00000000023ECF00" lastname="main" />
</exclusive-start>
<af-start id="3872" threadId="00000000023ED888" totalBytesRequested="80" timestamp="2019-08-09T18:53:49.467" intervalms="159.028" />
<cycle-start id="3873" type="global" contextid="0" timestamp="2019-08-09T18:53:49.467" intervalms="159.039" />
<gc-start id="3874" type="global" contextid="3873" timestamp="2019-08-09T18:53:49.467">
  <mem-info id="3875" free="399360" total="39976960" percent="0">
    <mem type="tenure" free="399360" total="39976960" percent="0">
      <mem type="soa" free="0" total="39577600" percent="0" />
      <mem type="loa" free="399360" total="399360" percent="100" />
    </mem>
  </mem-info>
</gc-start>
<allocation-stats totalBytes="21596376" >
  <allocated-bytes non-tlh="0" tlh="21596376" />
  <largest-consumer threadName="main" threadId="00000000023ECF00" bytes="21596376" />
</allocation-stats>
<gc-op id="3876" type="mark" timems="12.602" contextid="3873" timestamp="2019-08-09T18:53:49.480">
  <trace-info objectcount="600633" scancount="521522" scanbytes="13386100" />
  <finalization candidates="80" enqueued="0" />
  <ownableSynchronizers candidates="21" cleared="0" />
  <references type="soft" candidates="3261" cleared="0" enqueued="0" dynamicThreshold="17" maxThreshold="32" />
  <references type="weak" candidates="5588" cleared="0" enqueued="0" />
  <references type="phantom" candidates="97" cleared="0" enqueued="0" />
  <stringconstants candidates="13595" cleared="0"  />
</gc-op>
<gc-op id="3877" type="sweep" timems="1.817" contextid="3873" timestamp="2019-08-09T18:53:49.482" />
<mem-info id="3878" free="21998496" total="39976960" percent="55">
  <mem type="tenure" free="21998496" total="39976960" percent="55" micro-fragmented="0" macro-fragmented="0">
    <mem type="soa" free="21599136" total="39577600" percent="54" />
    <mem type="loa" free="399360" total="399360" percent="100" />
  </mem>
</mem-info>
<gc-op id="3879" type="compact" timems="23.152" contextid="3873" timestamp="2019-08-09T18:53:49.505">
  <compact-info movecount="1" movebytes="24" reason="compact to aid heap contraction" />
</gc-op>
<heap-resize id="3880" type="expand" space="tenure" amount="131072" count="1" timems="0.018" reason="satisfy allocation request" timestamp="2019-08-09T18:53:49.507" />
<gc-end id="3881" type="global" contextid="3873" durationms="39.125" usertimems="131.864" systemtimems="0.000" timestamp="2019-08-09T18:53:49.507" activeThreads="16">
  <mem-info id="3882" free="22064032" total="40108032" percent="55">
    <mem type="tenure" free="22064032" total="40108032" percent="55">
      <mem type="soa" free="21663648" total="39707648" percent="54" />
      <mem type="loa" free="400384" total="400384" percent="100" />
    </mem>
  </mem-info>
</gc-end>
<cycle-end id="3883" type="global" contextid="3873" timestamp="2019-08-09T18:53:49.507" />
  <attribute name="elasticGC enabled" value="1" />
  <attribute name= "numThreadsSpecified" value="16" />
  <attribute name="heapSize specified" value="39976960" />
  <attribute name="Current GC Util" value="47" />
  <attribute name= "Current Time Running" value="169449" />
  <attribute name ="GC Interval" value="0" />
  <attribute name="Target GC Util Change" value ="80.000000" />
  <attribute name="Current GC Util Change" value="47.000000"/>
  <attribute name="Current Error" value="-546.000000" />
  <attribute name="Output H" value="40052016"/>
  <attribute name="Output I" value="1384"/>
  <attribute name="Output T" value="16"/>
  <attribute name= "Current Time Running" value="169449" />
  <attribute name="GC Util currently" value="47" />
  <attribute name="CPU Util currently" value="49707949290" />
<allocation-satisfied id="3884" threadId="00000000023ECF00" bytesRequested="80" />
<af-end id="3885" timestamp="2019-08-09T18:53:49.507" threadId="00000000023ED888" success="true" />
<exclusive-end id="3886" timestamp="2019-08-09T18:53:49.507" durationms="39.331" />

<exclusive-start id="3887" timestamp="2019-08-09T18:53:49.661" intervalms="193.552">
  <response-info timems="0.110" idlems="0.110" threads="0" lastid="00000000023ECF00" lastname="main" />
</exclusive-start>
<af-start id="3888" threadId="00000000023ED888" totalBytesRequested="80" timestamp="2019-08-09T18:53:49.661" intervalms="193.549" />
<cycle-start id="3889" type="global" contextid="0" timestamp="2019-08-09T18:53:49.661" intervalms="193.540" />
<gc-start id="3890" type="global" contextid="3889" timestamp="2019-08-09T18:53:49.661">
  <mem-info id="3891" free="400384" total="40108032" percent="0">
    <mem type="tenure" free="400384" total="40108032" percent="0">
      <mem type="soa" free="0" total="39707648" percent="0" />
      <mem type="loa" free="400384" total="400384" percent="100" />
    </mem>
  </mem-info>
</gc-start>
<allocation-stats totalBytes="21725464" >
  <allocated-bytes non-tlh="32" tlh="21725432" />
  <largest-consumer threadName="main" threadId="00000000023ECF00" bytes="21725464" />
</allocation-stats>
<gc-op id="3892" type="mark" timems="14.997" contextid="3889" timestamp="2019-08-09T18:53:49.676">
  <trace-info objectcount="600667" scancount="521550" scanbytes="13387104" />
  <finalization candidates="80" enqueued="0" />
  <ownableSynchronizers candidates="21" cleared="0" />
  <references type="soft" candidates="3261" cleared="0" enqueued="0" dynamicThreshold="17" maxThreshold="32" />
  <references type="weak" candidates="5588" cleared="0" enqueued="0" />
  <references type="phantom" candidates="97" cleared="0" enqueued="0" />
  <stringconstants candidates="13596" cleared="0"  />
</gc-op>
<gc-op id="3893" type="sweep" timems="6.320" contextid="3889" timestamp="2019-08-09T18:53:49.682" />
<mem-info id="3894" free="22126608" total="40108032" percent="55">
  <mem type="tenure" free="22126608" total="40108032" percent="55" micro-fragmented="0" macro-fragmented="0">
    <mem type="soa" free="21726224" total="39707648" percent="54" />
    <mem type="loa" free="400384" total="400384" percent="100" />
  </mem>
</mem-info>
<gc-op id="3895" type="compact" timems="32.311" contextid="3889" timestamp="2019-08-09T18:53:49.715">
  <compact-info movecount="56" movebytes="1904" reason="compact to aid heap contraction" />
</gc-op>
<heap-resize id="3896" type="expand" space="tenure" amount="131072" count="1" timems="0.024" reason="satisfy allocation request" timestamp="2019-08-09T18:53:49.715" />
<gc-end id="3897" type="global" contextid="3889" durationms="54.527" usertimems="172.988" systemtimems="0.000" timestamp="2019-08-09T18:53:49.715" activeThreads="16">
  <mem-info id="3898" free="22194072" total="40239104" percent="55">
    <mem type="tenure" free="22194072" total="40239104" percent="55">
      <mem type="soa" free="21792664" total="39837696" percent="54" />
      <mem type="loa" free="401408" total="401408" percent="100" />
    </mem>
  </mem-info>
</gc-end>
<cycle-end id="3899" type="global" contextid="3889" timestamp="2019-08-09T18:53:49.716" />
  <attribute name="elasticGC enabled" value="1" />
  <attribute name= "numThreadsSpecified" value="16" />
  <attribute name="heapSize specified" value="40108032" />
  <attribute name="Current GC Util" value="30" />
  <attribute name= "Current Time Running" value="169659" />
  <attribute name ="GC Interval" value="0" />
  <attribute name="Target GC Util Change" value ="80.000000" />
  <attribute name="Current GC Util Change" value="30.000000"/>
  <attribute name="Current Error" value="50.000000" />
  <attribute name="Output H" value="40183776"/>
  <attribute name="Output I" value="2072"/>
  <attribute name="Output T" value="16"/>
  <attribute name= "Current Time Running" value="169659" />
  <attribute name="GC Util currently" value="30" />
  <attribute name="CPU Util currently" value="35681784727" />
<allocation-satisfied id="3900" threadId="00000000023ECF00" bytesRequested="80" />
<af-end id="3901" timestamp="2019-08-09T18:53:49.716" threadId="00000000023ED888" success="true" />
<exclusive-end id="3902" timestamp="2019-08-09T18:53:49.716" durationms="54.835" />

<exclusive-start id="3903" timestamp="2019-08-09T18:53:49.838" intervalms="176.716">
  <response-info timems="0.054" idlems="0.054" threads="0" lastid="00000000023ECF00" lastname="main" />
</exclusive-start>
<af-start id="3904" threadId="00000000023ED888" totalBytesRequested="80" timestamp="2019-08-09T18:53:49.838" intervalms="176.718" />
<cycle-start id="3905" type="global" contextid="0" timestamp="2019-08-09T18:53:49.838" intervalms="176.719" />
<gc-start id="3906" type="global" contextid="3905" timestamp="2019-08-09T18:53:49.838">
  <mem-info id="3907" free="401408" total="40239104" percent="0">
    <mem type="tenure" free="401408" total="40239104" percent="0">
      <mem type="soa" free="0" total="39837696" percent="0" />
      <mem type="loa" free="401408" total="401408" percent="100" />
    </mem>
  </mem-info>
</gc-start>
<allocation-stats totalBytes="21853416" >
  <allocated-bytes non-tlh="0" tlh="21853416" />
  <largest-consumer threadName="main" threadId="00000000023ECF00" bytes="21853416" />
</allocation-stats>
<gc-op id="3908" type="mark" timems="30.059" contextid="3905" timestamp="2019-08-09T18:53:49.868">
  <trace-info objectcount="600667" scancount="521550" scanbytes="13387248" />
  <finalization candidates="80" enqueued="0" />
  <ownableSynchronizers candidates="21" cleared="0" />
  <references type="soft" candidates="3261" cleared="0" enqueued="0" dynamicThreshold="17" maxThreshold="32" />
  <references type="weak" candidates="5588" cleared="0" enqueued="0" />
  <references type="phantom" candidates="97" cleared="0" enqueued="0" />
  <stringconstants candidates="13596" cleared="0"  />
</gc-op>
<gc-op id="3909" type="sweep" timems="3.510" contextid="3905" timestamp="2019-08-09T18:53:49.872" />
<mem-info id="3910" free="22258864" total="40239104" percent="55">
  <mem type="tenure" free="22258864" total="40239104" percent="55" micro-fragmented="0" macro-fragmented="0">
    <mem type="soa" free="21857456" total="39837696" percent="54" />
    <mem type="loa" free="401408" total="401408" percent="100" />
  </mem>
</mem-info>
<gc-op id="3911" type="compact" timems="40.551" contextid="3905" timestamp="2019-08-09T18:53:49.912">
  <compact-info movecount="56" movebytes="2088" reason="compact to aid heap contraction" />
</gc-op>
<heap-resize id="3912" type="expand" space="tenure" amount="131072" count="1" timems="0.019" reason="satisfy allocation request" timestamp="2019-08-09T18:53:49.913" />
<gc-end id="3913" type="global" contextid="3905" durationms="75.563" usertimems="256.888" systemtimems="0.000" timestamp="2019-08-09T18:53:49.913" activeThreads="16">
  <mem-info id="3914" free="22324960" total="40370176" percent="55">
    <mem type="tenure" free="22324960" total="40370176" percent="55">
      <mem type="soa" free="21921504" total="39966720" percent="54" />
      <mem type="loa" free="403456" total="403456" percent="100" />
    </mem>
  </mem-info>
</gc-end>
<cycle-end id="3915" type="global" contextid="3905" timestamp="2019-08-09T18:53:49.914" />
  <attribute name="elasticGC enabled" value="1" />
  <attribute name= "numThreadsSpecified" value="16" />
  <attribute name="heapSize specified" value="40239104" />
  <attribute name="Current GC Util" value="24" />
  <attribute name= "Current Time Running" value="169856" />
  <attribute name ="GC Interval" value="0" />
  <attribute name="Target GC Util Change" value ="80.000000" />
  <attribute name="Current GC Util Change" value="24.000000"/>
  <attribute name="Current Error" value="-78.000000" />
  <attribute name="Output H" value="40314696"/>
  <attribute name="Output I" value="1920"/>
  <attribute name="Output T" value="16"/>
  <attribute name= "Current Time Running" value="169856" />
  <attribute name="GC Util currently" value="24" />
  <attribute name="CPU Util currently" value="28645168102" />
<allocation-satisfied id="3916" threadId="00000000023ECF00" bytesRequested="80" />
<af-end id="3917" timestamp="2019-08-09T18:53:49.914" threadId="00000000023ED888" success="true" />
<exclusive-end id="3918" timestamp="2019-08-09T18:53:49.914" durationms="76.065" />

<exclusive-start id="3919" timestamp="2019-08-09T18:53:50.157" intervalms="319.780">
  <response-info timems="0.117" idlems="0.117" threads="0" lastid="00000000023ECF00" lastname="main" />
</exclusive-start>
<af-start id="3920" threadId="00000000023ED888" totalBytesRequested="80" timestamp="2019-08-09T18:53:50.157" intervalms="319.840" />
<cycle-start id="3921" type="global" contextid="0" timestamp="2019-08-09T18:53:50.158" intervalms="319.902" />
<gc-start id="3922" type="global" contextid="3921" timestamp="2019-08-09T18:53:50.158">
  <mem-info id="3923" free="403456" total="40370176" percent="0">
    <mem type="tenure" free="403456" total="40370176" percent="0">
      <mem type="soa" free="0" total="39966720" percent="0" />
      <mem type="loa" free="403456" total="403456" percent="100" />
    </mem>
  </mem-info>
</gc-start>
<allocation-stats totalBytes="21978648" >
  <allocated-bytes non-tlh="0" tlh="21978648" />
  <largest-consumer threadName="main" threadId="00000000023ECF00" bytes="21978648" />
</allocation-stats>
<gc-op id="3924" type="mark" timems="11.245" contextid="3921" timestamp="2019-08-09T18:53:50.169">
  <trace-info objectcount="600657" scancount="521546" scanbytes="13386788" />
  <finalization candidates="80" enqueued="0" />
  <ownableSynchronizers candidates="21" cleared="0" />
  <references type="soft" candidates="3261" cleared="0" enqueued="0" dynamicThreshold="17" maxThreshold="32" />
  <references type="weak" candidates="5588" cleared="0" enqueued="0" />
  <references type="phantom" candidates="97" cleared="0" enqueued="0" />
  <stringconstants candidates="13596" cleared="0"  />
</gc-op>
<gc-op id="3925" type="sweep" timems="1.641" contextid="3921" timestamp="2019-08-09T18:53:50.171" />
<mem-info id="3926" free="22390944" total="40370176" percent="55">
  <mem type="tenure" free="22390944" total="40370176" percent="55" micro-fragmented="0" macro-fragmented="0">
    <mem type="soa" free="21987488" total="39966720" percent="55" />
    <mem type="loa" free="403456" total="403456" percent="100" />
  </mem>
</mem-info>
<gc-op id="3927" type="compact" timems="24.363" contextid="3921" timestamp="2019-08-09T18:53:50.195">
  <compact-info movecount="9" movebytes="408" reason="compact to aid heap contraction" />
</gc-op>
<heap-resize id="3928" type="expand" space="tenure" amount="131072" count="1" timems="0.021" reason="satisfy allocation request" timestamp="2019-08-09T18:53:50.196" />
<gc-end id="3929" type="global" contextid="3921" durationms="38.767" usertimems="82.167" systemtimems="0.000" timestamp="2019-08-09T18:53:50.196" activeThreads="16">
  <mem-info id="3930" free="22456512" total="40501248" percent="55">
    <mem type="tenure" free="22456512" total="40501248" percent="55">
      <mem type="soa" free="22052032" total="40096768" percent="54" />
      <mem type="loa" free="404480" total="404480" percent="100" />
    </mem>
  </mem-info>
</gc-end>
<cycle-end id="3931" type="global" contextid="3921" timestamp="2019-08-09T18:53:50.197" />
  <attribute name="elasticGC enabled" value="1" />
  <attribute name= "numThreadsSpecified" value="16" />
  <attribute name="heapSize specified" value="40370176" />
  <attribute name="Current GC Util" value="40" />
  <attribute name= "Current Time Running" value="170139" />
  <attribute name ="GC Interval" value="0" />
  <attribute name="Target GC Util Change" value ="80.000000" />
  <attribute name="Current GC Util Change" value="40.000000"/>
  <attribute name="Current Error" value="-198.000000" />
  <attribute name="Output H" value="40445632"/>
  <attribute name="Output I" value="1784"/>
  <attribute name="Output T" value="16"/>
  <attribute name= "Current Time Running" value="170139" />
  <attribute name="GC Util currently" value="40" />
  <attribute name="CPU Util currently" value="46998514248" />
<allocation-satisfied id="3932" threadId="00000000023ECF00" bytesRequested="80" />
<af-end id="3933" timestamp="2019-08-09T18:53:50.197" threadId="00000000023ED888" success="true" />
<exclusive-end id="3934" timestamp="2019-08-09T18:53:50.197" durationms="39.342" />

<exclusive-start id="3935" timestamp="2019-08-09T18:53:50.443" intervalms="285.693">
  <response-info timems="0.053" idlems="0.053" threads="0" lastid="00000000023ECF00" lastname="main" />
</exclusive-start>
<af-start id="3936" threadId="00000000023ED888" totalBytesRequested="16" timestamp="2019-08-09T18:53:50.443" intervalms="285.678" />
<cycle-start id="3937" type="global" contextid="0" timestamp="2019-08-09T18:53:50.443" intervalms="285.623" />
<gc-start id="3938" type="global" contextid="3937" timestamp="2019-08-09T18:53:50.443">
  <mem-info id="3939" free="404480" total="40501248" percent="0">
    <mem type="tenure" free="404480" total="40501248" percent="0">
      <mem type="soa" free="0" total="40096768" percent="0" />
      <mem type="loa" free="404480" total="404480" percent="100" />
    </mem>
  </mem-info>
</gc-start>
<allocation-stats totalBytes="22109224" >
  <allocated-bytes non-tlh="0" tlh="22109224" />
  <largest-consumer threadName="main" threadId="00000000023ECF00" bytes="22109224" />
</allocation-stats>
<gc-op id="3940" type="mark" timems="9.169" contextid="3937" timestamp="2019-08-09T18:53:50.453">
  <trace-info objectcount="600663" scancount="521552" scanbytes="13386776" />
  <finalization candidates="80" enqueued="0" />
  <ownableSynchronizers candidates="21" cleared="0" />
  <references type="soft" candidates="3261" cleared="0" enqueued="0" dynamicThreshold="17" maxThreshold="32" />
  <references type="weak" candidates="5588" cleared="0" enqueued="0" />
  <references type="phantom" candidates="97" cleared="0" enqueued="0" />
  <stringconstants candidates="13596" cleared="0"  />
</gc-op>
<gc-op id="3941" type="sweep" timems="1.723" contextid="3937" timestamp="2019-08-09T18:53:50.455" />
<mem-info id="3942" free="22520936" total="40501248" percent="55">
  <mem type="tenure" free="22520936" total="40501248" percent="55" micro-fragmented="0" macro-fragmented="0">
    <mem type="soa" free="22116456" total="40096768" percent="55" />
    <mem type="loa" free="404480" total="404480" percent="100" />
  </mem>
</mem-info>
<gc-op id="3943" type="compact" timems="30.141" contextid="3937" timestamp="2019-08-09T18:53:50.485">
  <compact-info movecount="27" movebytes="880" reason="compact to aid heap contraction" />
</gc-op>
<heap-resize id="3944" type="expand" space="tenure" amount="131072" count="1" timems="0.024" reason="satisfy allocation request" timestamp="2019-08-09T18:53:50.486" />
<gc-end id="3945" type="global" contextid="3937" durationms="42.903" usertimems="107.662" systemtimems="0.000" timestamp="2019-08-09T18:53:50.486" activeThreads="16">
  <mem-info id="3946" free="22587560" total="40632320" percent="55">
    <mem type="tenure" free="22587560" total="40632320" percent="55">
      <mem type="soa" free="22182056" total="40226816" percent="55" />
      <mem type="loa" free="405504" total="405504" percent="100" />
    </mem>
  </mem-info>
</gc-end>
<cycle-end id="3947" type="global" contextid="3937" timestamp="2019-08-09T18:53:50.486" />
  <attribute name="elasticGC enabled" value="1" />
  <attribute name= "numThreadsSpecified" value="16" />
  <attribute name="heapSize specified" value="40501248" />
  <attribute name="Current GC Util" value="54" />
  <attribute name= "Current Time Running" value="170429" />
  <attribute name ="GC Interval" value="0" />
  <attribute name="Target GC Util Change" value ="80.000000" />
  <attribute name="Current GC Util Change" value="54.000000"/>
  <attribute name="Current Error" value="26.000000" />
  <attribute name="Output H" value="40576960"/>
  <attribute name="Output I" value="2040"/>
  <attribute name="Output T" value="16"/>
  <attribute name= "Current Time Running" value="170429" />
  <attribute name="GC Util currently" value="54" />
  <attribute name="CPU Util currently" value="38047847649" />
<allocation-satisfied id="3948" threadId="00000000023ECF00" bytesRequested="16" />
<af-end id="3949" timestamp="2019-08-09T18:53:50.486" threadId="00000000023ED888" success="true" />
<exclusive-end id="3950" timestamp="2019-08-09T18:53:50.487" durationms="43.736" />

<exclusive-start id="3951" timestamp="2019-08-09T18:53:50.670" intervalms="227.104">
  <response-info timems="3.118" idlems="3.118" threads="0" lastid="00000000023ECF00" lastname="main" />
</exclusive-start>
<af-start id="3952" threadId="00000000023ED888" totalBytesRequested="32" timestamp="2019-08-09T18:53:50.670" intervalms="227.123" />
<cycle-start id="3953" type="global" contextid="0" timestamp="2019-08-09T18:53:50.670" intervalms="227.186" />
<gc-start id="3954" type="global" contextid="3953" timestamp="2019-08-09T18:53:50.670">
  <mem-info id="3955" free="405504" total="40632320" percent="0">
    <mem type="tenure" free="405504" total="40632320" percent="0">
      <mem type="soa" free="0" total="40226816" percent="0" />
      <mem type="loa" free="405504" total="405504" percent="100" />
    </mem>
  </mem-info>
</gc-start>
<allocation-stats totalBytes="22245888" >
  <allocated-bytes non-tlh="0" tlh="22245888" />
  <largest-consumer threadName="main" threadId="00000000023ECF00" bytes="22245888" />
</allocation-stats>
<gc-op id="3956" type="mark" timems="20.071" contextid="3953" timestamp="2019-08-09T18:53:50.691">
  <trace-info objectcount="600665" scancount="521546" scanbytes="13386848" />
  <finalization candidates="80" enqueued="0" />
  <ownableSynchronizers candidates="21" cleared="0" />
  <references type="soft" candidates="3261" cleared="0" enqueued="0" dynamicThreshold="17" maxThreshold="32" />
  <references type="weak" candidates="5588" cleared="0" enqueued="0" />
  <references type="phantom" candidates="97" cleared="0" enqueued="0" />
  <stringconstants candidates="13596" cleared="0"  />
</gc-op>
<gc-op id="3957" type="sweep" timems="4.730" contextid="3953" timestamp="2019-08-09T18:53:50.696" />
<mem-info id="3958" free="22653048" total="40632320" percent="55">
  <mem type="tenure" free="22653048" total="40632320" percent="55" micro-fragmented="0" macro-fragmented="0">
    <mem type="soa" free="22247544" total="40226816" percent="55" />
    <mem type="loa" free="405504" total="405504" percent="100" />
  </mem>
</mem-info>
<gc-op id="3959" type="compact" timems="26.660" contextid="3953" timestamp="2019-08-09T18:53:50.722">
  <compact-info movecount="4" movebytes="96" reason="compact to aid heap contraction" />
</gc-op>
<heap-resize id="3960" type="expand" space="tenure" amount="131072" count="1" timems="0.028" reason="satisfy allocation request" timestamp="2019-08-09T18:53:50.724" />
<gc-end id="3961" type="global" contextid="3953" durationms="53.509" usertimems="161.667" systemtimems="0.000" timestamp="2019-08-09T18:53:50.724" activeThreads="16">
  <mem-info id="3962" free="22718600" total="40763392" percent="55">
    <mem type="tenure" free="22718600" total="40763392" percent="55">
      <mem type="soa" free="22311048" total="40355840" percent="55" />
      <mem type="loa" free="407552" total="407552" percent="100" />
    </mem>
  </mem-info>
</gc-end>
<cycle-end id="3963" type="global" contextid="3953" timestamp="2019-08-09T18:53:50.724" />
  <attribute name="elasticGC enabled" value="1" />
  <attribute name= "numThreadsSpecified" value="16" />
  <attribute name="heapSize specified" value="40632320" />
  <attribute name="Current GC Util" value="55" />
  <attribute name= "Current Time Running" value="170666" />
  <attribute name ="GC Interval" value="0" />
  <attribute name="Target GC Util Change" value ="80.000000" />
  <attribute name="Current GC Util Change" value="55.000000"/>
  <attribute name="Current Error" value="-72.000000" />
  <attribute name="Output H" value="40707920"/>
  <attribute name="Output I" value="1928"/>
  <attribute name="Output T" value="16"/>
  <attribute name= "Current Time Running" value="170666" />
  <attribute name="GC Util currently" value="55" />
  <attribute name="CPU Util currently" value="43143103456" />
<allocation-satisfied id="3964" threadId="00000000023ECF00" bytesRequested="32" />
<af-end id="3965" timestamp="2019-08-09T18:53:50.724" threadId="00000000023ED888" success="true" />
<exclusive-end id="3966" timestamp="2019-08-09T18:53:50.724" durationms="54.049" />

<exclusive-start id="3967" timestamp="2019-08-09T18:53:50.781" intervalms="111.182">
  <response-info timems="0.122" idlems="0.122" threads="0" lastid="00000000023ECF00" lastname="main" />
</exclusive-start>
<af-start id="3968" threadId="00000000023ED888" totalBytesRequested="16" timestamp="2019-08-09T18:53:50.781" intervalms="111.233" />
<cycle-start id="3969" type="global" contextid="0" timestamp="2019-08-09T18:53:50.782" intervalms="111.193" />
<gc-start id="3970" type="global" contextid="3969" timestamp="2019-08-09T18:53:50.782">
  <mem-info id="3971" free="407552" total="40763392" percent="0">
    <mem type="tenure" free="407552" total="40763392" percent="0">
      <mem type="soa" free="0" total="40355840" percent="0" />
      <mem type="loa" free="407552" total="407552" percent="100" />
    </mem>
  </mem-info>
</gc-start>
<allocation-stats totalBytes="22373928" >
  <allocated-bytes non-tlh="0" tlh="22373928" />
  <largest-consumer threadName="main" threadId="00000000023ECF00" bytes="22373928" />
</allocation-stats>
<gc-op id="3972" type="mark" timems="10.285" contextid="3969" timestamp="2019-08-09T18:53:50.792">
  <trace-info objectcount="600674" scancount="521563" scanbytes="13387052" />
  <finalization candidates="80" enqueued="0" />
  <ownableSynchronizers candidates="21" cleared="0" />
  <references type="soft" candidates="3261" cleared="0" enqueued="0" dynamicThreshold="17" maxThreshold="32" />
  <references type="weak" candidates="5588" cleared="0" enqueued="0" />
  <references type="phantom" candidates="97" cleared="0" enqueued="0" />
  <stringconstants candidates="13596" cleared="0"  />
</gc-op>
<gc-op id="3973" type="sweep" timems="2.085" contextid="3969" timestamp="2019-08-09T18:53:50.794" />
<mem-info id="3974" free="22783144" total="40763392" percent="55">
  <mem type="tenure" free="22783144" total="40763392" percent="55" micro-fragmented="0" macro-fragmented="0">
    <mem type="soa" free="22375592" total="40355840" percent="55" />
    <mem type="loa" free="407552" total="407552" percent="100" />
  </mem>
</mem-info>
<gc-op id="3975" type="compact" timems="30.459" contextid="3969" timestamp="2019-08-09T18:53:50.825">
  <compact-info movecount="30" movebytes="920" reason="compact to aid heap contraction" />
</gc-op>
<heap-resize id="3976" type="expand" space="tenure" amount="131072" count="1" timems="0.021" reason="satisfy allocation request" timestamp="2019-08-09T18:53:50.826" />
<gc-end id="3977" type="global" contextid="3969" durationms="44.801" usertimems="158.764" systemtimems="0.000" timestamp="2019-08-09T18:53:50.826" activeThreads="16">
  <mem-info id="3978" free="22849456" total="40894464" percent="55">
    <mem type="tenure" free="22849456" total="40894464" percent="55">
      <mem type="soa" free="22440880" total="40485888" percent="55" />
      <mem type="loa" free="408576" total="408576" percent="100" />
    </mem>
  </mem-info>
</gc-end>
<cycle-end id="3979" type="global" contextid="3969" timestamp="2019-08-09T18:53:50.826" />
  <attribute name="elasticGC enabled" value="1" />
  <attribute name= "numThreadsSpecified" value="16" />
  <attribute name="heapSize specified" value="40763392" />
  <attribute name="Current GC Util" value="52" />
  <attribute name= "Current Time Running" value="170769" />
  <attribute name ="GC Interval" value="0" />
  <attribute name="Target GC Util Change" value ="80.000000" />
  <attribute name="Current GC Util Change" value="52.000000"/>
  <attribute name="Current Error" value="-478.000000" />
  <attribute name="Output H" value="40838528"/>
  <attribute name="Output I" value="1464"/>
  <attribute name="Output T" value="16"/>
  <attribute name= "Current Time Running" value="170769" />
  <attribute name="GC Util currently" value="52" />
  <attribute name="CPU Util currently" value="37518709404" />
<allocation-satisfied id="3980" threadId="00000000023ECF00" bytesRequested="16" />
<af-end id="3981" timestamp="2019-08-09T18:53:50.827" threadId="00000000023ED888" success="true" />
<exclusive-end id="3982" timestamp="2019-08-09T18:53:50.827" durationms="45.318" />

<exclusive-start id="3983" timestamp="2019-08-09T18:53:50.905" intervalms="123.546">
  <response-info timems="0.123" idlems="0.123" threads="0" lastid="00000000023ECF00" lastname="main" />
</exclusive-start>
<af-start id="3984" threadId="00000000023ED888" totalBytesRequested="80" timestamp="2019-08-09T18:53:50.905" intervalms="123.477" />
<cycle-start id="3985" type="global" contextid="0" timestamp="2019-08-09T18:53:50.905" intervalms="123.482" />
<gc-start id="3986" type="global" contextid="3985" timestamp="2019-08-09T18:53:50.905">
  <mem-info id="3987" free="408576" total="40894464" percent="0">
    <mem type="tenure" free="408576" total="40894464" percent="0">
      <mem type="soa" free="0" total="40485888" percent="0" />
      <mem type="loa" free="408576" total="408576" percent="100" />
    </mem>
  </mem-info>
</gc-start>
<allocation-stats totalBytes="22502872" >
  <allocated-bytes non-tlh="0" tlh="22502872" />
  <largest-consumer threadName="main" threadId="00000000023ECF00" bytes="22502872" />
</allocation-stats>
<gc-op id="3988" type="mark" timems="11.882" contextid="3985" timestamp="2019-08-09T18:53:50.917">
  <trace-info objectcount="600682" scancount="521570" scanbytes="13387168" />
  <finalization candidates="80" enqueued="0" />
  <ownableSynchronizers candidates="21" cleared="0" />
  <references type="soft" candidates="3261" cleared="0" enqueued="0" dynamicThreshold="17" maxThreshold="32" />
  <references type="weak" candidates="5588" cleared="0" enqueued="0" />
  <references type="phantom" candidates="97" cleared="0" enqueued="0" />
  <stringconstants candidates="13596" cleared="0"  />
</gc-op>
<gc-op id="3989" type="sweep" timems="2.088" contextid="3985" timestamp="2019-08-09T18:53:50.919" />
<mem-info id="3990" free="22913568" total="40894464" percent="56">
  <mem type="tenure" free="22913568" total="40894464" percent="56" micro-fragmented="0" macro-fragmented="0">
    <mem type="soa" free="22504992" total="40485888" percent="55" />
    <mem type="loa" free="408576" total="408576" percent="100" />
  </mem>
</mem-info>
<gc-op id="3991" type="compact" timems="29.073" contextid="3985" timestamp="2019-08-09T18:53:50.949">
  <compact-info movecount="31" movebytes="952" reason="compact to aid heap contraction" />
</gc-op>
<heap-resize id="3992" type="expand" space="tenure" amount="131072" count="1" timems="0.019" reason="satisfy allocation request" timestamp="2019-08-09T18:53:50.950" />
<gc-end id="3993" type="global" contextid="3985" durationms="44.897" usertimems="111.574" systemtimems="0.000" timestamp="2019-08-09T18:53:50.950" activeThreads="16">
  <mem-info id="3994" free="22980336" total="41025536" percent="56">
    <mem type="tenure" free="22980336" total="41025536" percent="56">
      <mem type="soa" free="22570736" total="40615936" percent="55" />
      <mem type="loa" free="409600" total="409600" percent="100" />
    </mem>
  </mem-info>
</gc-end>
<cycle-end id="3995" type="global" contextid="3985" timestamp="2019-08-09T18:53:50.950" />
  <attribute name="elasticGC enabled" value="1" />
  <attribute name= "numThreadsSpecified" value="16" />
  <attribute name="heapSize specified" value="40894464" />
  <attribute name="Current GC Util" value="34" />
  <attribute name= "Current Time Running" value="170893" />
  <attribute name ="GC Interval" value="0" />
  <attribute name="Target GC Util Change" value ="80.000000" />
  <attribute name="Current GC Util Change" value="34.000000"/>
  <attribute name="Current Error" value="46.000000" />
  <attribute name="Output H" value="40970200"/>
  <attribute name="Output I" value="2064"/>
  <attribute name="Output T" value="16"/>
  <attribute name= "Current Time Running" value="170893" />
  <attribute name="GC Util currently" value="34" />
  <attribute name="CPU Util currently" value="39545615945" />
<allocation-satisfied id="3996" threadId="00000000023ECF00" bytesRequested="80" />
<af-end id="3997" timestamp="2019-08-09T18:53:50.950" threadId="00000000023ED888" success="true" />
<exclusive-end id="3998" timestamp="2019-08-09T18:53:50.950" durationms="45.448" />

<exclusive-start id="3999" timestamp="2019-08-09T18:53:51.007" intervalms="102.333">
  <response-info timems="0.275" idlems="0.275" threads="0" lastid="00000000023ECF00" lastname="main" />
</exclusive-start>
<af-start id="4000" threadId="00000000023ED888" totalBytesRequested="24" timestamp="2019-08-09T18:53:51.007" intervalms="102.368" />
<cycle-start id="4001" type="global" contextid="0" timestamp="2019-08-09T18:53:51.007" intervalms="102.401" />
<gc-start id="4002" type="global" contextid="4001" timestamp="2019-08-09T18:53:51.008">
  <mem-info id="4003" free="409600" total="41025536" percent="0">
    <mem type="tenure" free="409600" total="41025536" percent="0">
      <mem type="soa" free="0" total="40615936" percent="0" />
      <mem type="loa" free="409600" total="409600" percent="100" />
    </mem>
  </mem-info>
</gc-start>
<allocation-stats totalBytes="22633464" >
  <allocated-bytes non-tlh="0" tlh="22633464" />
  <largest-consumer threadName="main" threadId="00000000023ECF00" bytes="22633464" />
</allocation-stats>
<gc-op id="4004" type="mark" timems="15.891" contextid="4001" timestamp="2019-08-09T18:53:51.024">
  <trace-info objectcount="600681" scancount="521570" scanbytes="13387168" />
  <finalization candidates="80" enqueued="0" />
  <ownableSynchronizers candidates="21" cleared="0" />
  <references type="soft" candidates="3261" cleared="0" enqueued="0" dynamicThreshold="17" maxThreshold="32" />
  <references type="weak" candidates="5588" cleared="0" enqueued="0" />
  <references type="phantom" candidates="97" cleared="0" enqueued="0" />
  <stringconstants candidates="13596" cleared="0"  />
</gc-op>
<gc-op id="4005" type="sweep" timems="3.046" contextid="4001" timestamp="2019-08-09T18:53:51.027" />
<mem-info id="4006" free="23045792" total="41025536" percent="56">
  <mem type="tenure" free="23045792" total="41025536" percent="56" micro-fragmented="0" macro-fragmented="0">
    <mem type="soa" free="22636192" total="40615936" percent="55" />
    <mem type="loa" free="409600" total="409600" percent="100" />
  </mem>
</mem-info>
<gc-op id="4007" type="compact" timems="25.166" contextid="4001" timestamp="2019-08-09T18:53:51.052">
  <compact-info movecount="6" movebytes="136" reason="compact to aid heap contraction" />
</gc-op>
<heap-resize id="4008" type="expand" space="tenure" amount="131072" count="1" timems="0.023" reason="satisfy allocation request" timestamp="2019-08-09T18:53:51.053" />
<gc-end id="4009" type="global" contextid="4001" durationms="45.662" usertimems="82.355" systemtimems="0.000" timestamp="2019-08-09T18:53:51.053" activeThreads="16">
  <mem-info id="4010" free="23111456" total="41156608" percent="56">
    <mem type="tenure" free="23111456" total="41156608" percent="56">
      <mem type="soa" free="22700832" total="40745984" percent="55" />
      <mem type="loa" free="410624" total="410624" percent="100" />
    </mem>
  </mem-info>
</gc-end>
<cycle-end id="4011" type="global" contextid="4001" timestamp="2019-08-09T18:53:51.053" />
  <attribute name="elasticGC enabled" value="1" />
  <attribute name= "numThreadsSpecified" value="16" />
  <attribute name="heapSize specified" value="41025536" />
  <attribute name="Current GC Util" value="43" />
  <attribute name= "Current Time Running" value="170996" />
  <attribute name ="GC Interval" value="0" />
  <attribute name="Target GC Util Change" value ="80.000000" />
  <attribute name="Current GC Util Change" value="43.000000"/>
  <attribute name="Current Error" value="-88.000000" />
  <attribute name="Output H" value="41101120"/>
  <attribute name="Output I" value="1912"/>
  <attribute name="Output T" value="16"/>
  <attribute name= "Current Time Running" value="170996" />
  <attribute name="GC Util currently" value="43" />
  <attribute name="CPU Util currently" value="45642500586" />
<allocation-satisfied id="4012" threadId="00000000023ECF00" bytesRequested="24" />
<af-end id="4013" timestamp="2019-08-09T18:53:51.054" threadId="00000000023ED888" success="true" />
<exclusive-end id="4014" timestamp="2019-08-09T18:53:51.054" durationms="46.377" />

<exclusive-start id="4015" timestamp="2019-08-09T18:53:51.215" intervalms="207.453">
  <response-info timems="0.098" idlems="0.098" threads="0" lastid="00000000023ECF00" lastname="main" />
</exclusive-start>
<af-start id="4016" threadId="00000000023ED888" totalBytesRequested="32" timestamp="2019-08-09T18:53:51.215" intervalms="207.911" />
<cycle-start id="4017" type="global" contextid="0" timestamp="2019-08-09T18:53:51.215" intervalms="207.867" />
<gc-start id="4018" type="global" contextid="4017" timestamp="2019-08-09T18:53:51.215">
  <mem-info id="4019" free="410624" total="41156608" percent="0">
    <mem type="tenure" free="410624" total="41156608" percent="0">
      <mem type="soa" free="0" total="40745984" percent="0" />
      <mem type="loa" free="410624" total="410624" percent="100" />
    </mem>
  </mem-info>
</gc-start>
<allocation-stats totalBytes="22763880" >
  <allocated-bytes non-tlh="0" tlh="22763880" />
  <largest-consumer threadName="main" threadId="00000000023ECF00" bytes="22763880" />
</allocation-stats>
<gc-op id="4020" type="mark" timems="34.954" contextid="4017" timestamp="2019-08-09T18:53:51.251">
  <trace-info objectcount="600681" scancount="521567" scanbytes="13387168" />
  <finalization candidates="80" enqueued="0" />
  <ownableSynchronizers candidates="21" cleared="0" />
  <references type="soft" candidates="3261" cleared="0" enqueued="0" dynamicThreshold="17" maxThreshold="32" />
  <references type="weak" candidates="5588" cleared="0" enqueued="0" />
  <references type="phantom" candidates="97" cleared="0" enqueued="0" />
  <stringconstants candidates="13596" cleared="0"  />
</gc-op>
<gc-op id="4021" type="sweep" timems="2.589" contextid="4017" timestamp="2019-08-09T18:53:51.253" />
<mem-info id="4022" free="23175824" total="41156608" percent="56">
  <mem type="tenure" free="23175824" total="41156608" percent="56" micro-fragmented="0" macro-fragmented="0">
    <mem type="soa" free="22765200" total="40745984" percent="55" />
    <mem type="loa" free="410624" total="410624" percent="100" />
  </mem>
</mem-info>
<gc-op id="4023" type="compact" timems="35.988" contextid="4017" timestamp="2019-08-09T18:53:51.289">
  <compact-info movecount="23" movebytes="728" reason="compact to aid heap contraction" />
</gc-op>
<heap-resize id="4024" type="expand" space="tenure" amount="131072" count="1" timems="0.020" reason="satisfy allocation request" timestamp="2019-08-09T18:53:51.290" />
<gc-end id="4025" type="global" contextid="4017" durationms="75.065" usertimems="89.160" systemtimems="0.000" timestamp="2019-08-09T18:53:51.290" activeThreads="16">
  <mem-info id="4026" free="23242544" total="41287680" percent="56">
    <mem type="tenure" free="23242544" total="41287680" percent="56">
      <mem type="soa" free="22829872" total="40875008" percent="55" />
      <mem type="loa" free="412672" total="412672" percent="100" />
    </mem>
  </mem-info>
</gc-end>
<cycle-end id="4027" type="global" contextid="4017" timestamp="2019-08-09T18:53:51.291" />
  <attribute name="elasticGC enabled" value="1" />
  <attribute name= "numThreadsSpecified" value="16" />
  <attribute name="heapSize specified" value="41156608" />
  <attribute name="Current GC Util" value="36" />
  <attribute name= "Current Time Running" value="171233" />
  <attribute name ="GC Interval" value="0" />
  <attribute name="Target GC Util Change" value ="80.000000" />
  <attribute name="Current GC Util Change" value="36.000000"/>
  <attribute name="Current Error" value="-91.000000" />
  <attribute name="Output H" value="41232184"/>
  <attribute name="Output I" value="1904"/>
  <attribute name="Output T" value="16"/>
  <attribute name= "Current Time Running" value="171233" />
  <attribute name="GC Util currently" value="36" />
  <attribute name="CPU Util currently" value="31965905591" />
<allocation-satisfied id="4028" threadId="00000000023ECF00" bytesRequested="32" />
<af-end id="4029" timestamp="2019-08-09T18:53:51.291" threadId="00000000023ED888" success="true" />
<exclusive-end id="4030" timestamp="2019-08-09T18:53:51.291" durationms="76.018" />

<exclusive-start id="4031" timestamp="2019-08-09T18:53:51.433" intervalms="218.068">
  <response-info timems="0.124" idlems="0.124" threads="0" lastid="00000000023ECF00" lastname="main" />
</exclusive-start>
<af-start id="4032" threadId="00000000023ED888" totalBytesRequested="32" timestamp="2019-08-09T18:53:51.433" intervalms="217.734" />
<cycle-start id="4033" type="global" contextid="0" timestamp="2019-08-09T18:53:51.433" intervalms="217.770" />
<gc-start id="4034" type="global" contextid="4033" timestamp="2019-08-09T18:53:51.433">
  <mem-info id="4035" free="412672" total="41287680" percent="0">
    <mem type="tenure" free="412672" total="41287680" percent="0">
      <mem type="soa" free="0" total="40875008" percent="0" />
      <mem type="loa" free="412672" total="412672" percent="100" />
    </mem>
  </mem-info>
</gc-start>
<allocation-stats totalBytes="22894512" >
  <allocated-bytes non-tlh="0" tlh="22894512" />
  <largest-consumer threadName="main" threadId="00000000023ECF00" bytes="22894512" />
</allocation-stats>
<gc-op id="4036" type="mark" timems="17.516" contextid="4033" timestamp="2019-08-09T18:53:51.451">
  <trace-info objectcount="600680" scancount="521570" scanbytes="13387136" />
  <finalization candidates="80" enqueued="0" />
  <ownableSynchronizers candidates="21" cleared="0" />
  <references type="soft" candidates="3261" cleared="0" enqueued="0" dynamicThreshold="18" maxThreshold="32" />
  <references type="weak" candidates="5588" cleared="0" enqueued="0" />
  <references type="phantom" candidates="97" cleared="0" enqueued="0" />
  <stringconstants candidates="13596" cleared="0"  />
</gc-op>
<gc-op id="4037" type="sweep" timems="10.750" contextid="4033" timestamp="2019-08-09T18:53:51.462" />
<mem-info id="4038" free="23307816" total="41287680" percent="56">
  <mem type="tenure" free="23307816" total="41287680" percent="56" micro-fragmented="0" macro-fragmented="0">
    <mem type="soa" free="22895144" total="40875008" percent="56" />
    <mem type="loa" free="412672" total="412672" percent="100" />
  </mem>
</mem-info>
<gc-op id="4039" type="compact" timems="24.844" contextid="4033" timestamp="2019-08-09T18:53:51.487">
  <compact-info movecount="4" movebytes="120" reason="compact to aid heap contraction" />
</gc-op>
<heap-resize id="4040" type="expand" space="tenure" amount="131072" count="1" timems="0.017" reason="satisfy allocation request" timestamp="2019-08-09T18:53:51.487" />
<gc-end id="4041" type="global" contextid="4033" durationms="54.096" usertimems="87.024" systemtimems="0.000" timestamp="2019-08-09T18:53:51.487" activeThreads="16">
  <mem-info id="4042" free="23373648" total="41418752" percent="56">
    <mem type="tenure" free="23373648" total="41418752" percent="56">
      <mem type="soa" free="22959952" total="41005056" percent="55" />
      <mem type="loa" free="413696" total="413696" percent="100" />
    </mem>
  </mem-info>
</gc-end>
<cycle-end id="4043" type="global" contextid="4033" timestamp="2019-08-09T18:53:51.487" />
  <attribute name="elasticGC enabled" value="1" />
  <attribute name= "numThreadsSpecified" value="16" />
  <attribute name="heapSize specified" value="41287680" />
  <attribute name="Current GC Util" value="31" />
  <attribute name= "Current Time Running" value="171431" />
  <attribute name ="GC Interval" value="0" />
  <attribute name="Target GC Util Change" value ="80.000000" />
  <attribute name="Current GC Util Change" value="31.000000"/>
  <attribute name="Current Error" value="49.000000" />
  <attribute name="Output H" value="41363416"/>
  <attribute name="Output I" value="2064"/>
  <attribute name="Output T" value="16"/>
  <attribute name= "Current Time Running" value="171431" />
  <attribute name="GC Util currently" value="31" />
  <attribute name="CPU Util currently" value="46159632828" />
<allocation-satisfied id="4044" threadId="00000000023ECF00" bytesRequested="32" />
<af-end id="4045" timestamp="2019-08-09T18:53:51.487" threadId="00000000023ED888" success="true" />
<exclusive-end id="4046" timestamp="2019-08-09T18:53:51.487" durationms="54.724" />

<exclusive-start id="4047" timestamp="2019-08-09T18:53:52.165" intervalms="732.327">
  <response-info timems="0.072" idlems="0.072" threads="0" lastid="00000000023ECF00" lastname="main" />
</exclusive-start>
<af-start id="4048" threadId="00000000023ED888" totalBytesRequested="24" timestamp="2019-08-09T18:53:52.165" intervalms="732.137" />
<cycle-start id="4049" type="global" contextid="0" timestamp="2019-08-09T18:53:52.165" intervalms="732.089" />
<gc-start id="4050" type="global" contextid="4049" timestamp="2019-08-09T18:53:52.165">
  <mem-info id="4051" free="413696" total="41418752" percent="0">
    <mem type="tenure" free="413696" total="41418752" percent="0">
      <mem type="soa" free="0" total="41005056" percent="0" />
      <mem type="loa" free="413696" total="413696" percent="100" />
    </mem>
  </mem-info>
</gc-start>
<allocation-stats totalBytes="23024016" >
  <allocated-bytes non-tlh="0" tlh="23024016" />
  <largest-consumer threadName="main" threadId="00000000023ECF00" bytes="23024016" />
</allocation-stats>
<gc-op id="4052" type="mark" timems="9.172" contextid="4049" timestamp="2019-08-09T18:53:52.174">
  <trace-info objectcount="600692" scancount="521603" scanbytes="13387368" />
  <finalization candidates="80" enqueued="0" />
  <ownableSynchronizers candidates="21" cleared="0" />
  <references type="soft" candidates="3261" cleared="0" enqueued="0" dynamicThreshold="18" maxThreshold="32" />
  <references type="weak" candidates="5588" cleared="0" enqueued="0" />
  <references type="phantom" candidates="97" cleared="0" enqueued="0" />
  <stringconstants candidates="13596" cleared="0"  />
</gc-op>
<gc-op id="4053" type="sweep" timems="2.115" contextid="4049" timestamp="2019-08-09T18:53:52.177" />
<mem-info id="4054" free="23438000" total="41418752" percent="56">
  <mem type="tenure" free="23438000" total="41418752" percent="56" micro-fragmented="0" macro-fragmented="0">
    <mem type="soa" free="23024304" total="41005056" percent="56" />
    <mem type="loa" free="413696" total="413696" percent="100" />
  </mem>
</mem-info>
<gc-op id="4055" type="compact" timems="25.459" contextid="4049" timestamp="2019-08-09T18:53:52.202">
  <compact-info movecount="27" movebytes="784" reason="compact to aid heap contraction" />
</gc-op>
<heap-resize id="4056" type="expand" space="tenure" amount="131072" count="1" timems="0.027" reason="satisfy allocation request" timestamp="2019-08-09T18:53:52.203" />
<gc-end id="4057" type="global" contextid="4049" durationms="37.779" usertimems="117.773" systemtimems="0.000" timestamp="2019-08-09T18:53:52.203" activeThreads="16">
  <mem-info id="4058" free="23504472" total="41549824" percent="56">
    <mem type="tenure" free="23504472" total="41549824" percent="56">
      <mem type="soa" free="23089752" total="41135104" percent="56" />
      <mem type="loa" free="414720" total="414720" percent="100" />
    </mem>
  </mem-info>
</gc-end>
<cycle-end id="4059" type="global" contextid="4049" timestamp="2019-08-09T18:53:52.203" />
  <attribute name="elasticGC enabled" value="1" />
  <attribute name= "numThreadsSpecified" value="16" />
  <attribute name="heapSize specified" value="41418752" />
  <attribute name="Current GC Util" value="54" />
  <attribute name= "Current Time Running" value="172146" />
  <attribute name ="GC Interval" value="0" />
  <attribute name="Target GC Util Change" value ="80.000000" />
  <attribute name="Current GC Util Change" value="54.000000"/>
  <attribute name="Current Error" value="-312.000000" />
  <attribute name="Output H" value="41494072"/>
  <attribute name="Output I" value="1648"/>
  <attribute name="Output T" value="16"/>
  <attribute name= "Current Time Running" value="172146" />
  <attribute name="GC Util currently" value="54" />
  <attribute name="CPU Util currently" value="45222419572" />
<allocation-satisfied id="4060" threadId="00000000023ECF00" bytesRequested="24" />
<af-end id="4061" timestamp="2019-08-09T18:53:52.203" threadId="00000000023ED888" success="true" />
<exclusive-end id="4062" timestamp="2019-08-09T18:53:52.203" durationms="38.033" />

<exclusive-start id="4063" timestamp="2019-08-09T18:53:53.812" intervalms="1647.133">
  <response-info timems="0.078" idlems="0.078" threads="0" lastid="00000000023ECF00" lastname="main" />
</exclusive-start>
<af-start id="4064" threadId="00000000023ED888" totalBytesRequested="24" timestamp="2019-08-09T18:53:53.812" intervalms="1647.131" />
<cycle-start id="4065" type="global" contextid="0" timestamp="2019-08-09T18:53:53.812" intervalms="1647.129" />
<gc-start id="4066" type="global" contextid="4065" timestamp="2019-08-09T18:53:53.812">
  <mem-info id="4067" free="414720" total="41549824" percent="0">
    <mem type="tenure" free="414720" total="41549824" percent="0">
      <mem type="soa" free="0" total="41135104" percent="0" />
      <mem type="loa" free="414720" total="414720" percent="100" />
    </mem>
  </mem-info>
</gc-start>
<allocation-stats totalBytes="23153880" >
  <allocated-bytes non-tlh="0" tlh="23153880" />
  <largest-consumer threadName="main" threadId="00000000023ECF00" bytes="23153880" />
</allocation-stats>
<gc-op id="4068" type="mark" timems="10.875" contextid="4065" timestamp="2019-08-09T18:53:53.823">
  <trace-info objectcount="600726" scancount="521609" scanbytes="13388096" />
  <finalization candidates="80" enqueued="0" />
  <ownableSynchronizers candidates="21" cleared="0" />
  <references type="soft" candidates="3261" cleared="0" enqueued="0" dynamicThreshold="18" maxThreshold="32" />
  <references type="weak" candidates="5590" cleared="0" enqueued="0" />
  <references type="phantom" candidates="97" cleared="0" enqueued="0" />
  <stringconstants candidates="13596" cleared="0"  />
</gc-op>
<gc-op id="4069" type="sweep" timems="1.877" contextid="4065" timestamp="2019-08-09T18:53:53.825" />
<mem-info id="4070" free="23568512" total="41549824" percent="56">
  <mem type="tenure" free="23568512" total="41549824" percent="56" micro-fragmented="0" macro-fragmented="0">
    <mem type="soa" free="23153792" total="41135104" percent="56" />
    <mem type="loa" free="414720" total="414720" percent="100" />
  </mem>
</mem-info>
<gc-op id="4071" type="compact" timems="32.310" contextid="4065" timestamp="2019-08-09T18:53:53.858">
  <compact-info movecount="47" movebytes="1256" reason="compact to aid heap contraction" />
</gc-op>
<heap-resize id="4072" type="expand" space="tenure" amount="131072" count="1" timems="0.018" reason="satisfy allocation request" timestamp="2019-08-09T18:53:53.858" />
<gc-end id="4073" type="global" contextid="4065" durationms="45.969" usertimems="137.550" systemtimems="0.000" timestamp="2019-08-09T18:53:53.858" activeThreads="16">
  <mem-info id="4074" free="23634752" total="41680896" percent="56">
    <mem type="tenure" free="23634752" total="41680896" percent="56">
      <mem type="soa" free="23217984" total="41264128" percent="56" />
      <mem type="loa" free="416768" total="416768" percent="100" />
    </mem>
  </mem-info>
</gc-end>
<cycle-end id="4075" type="global" contextid="4065" timestamp="2019-08-09T18:53:53.858" />
  <attribute name="elasticGC enabled" value="1" />
  <attribute name= "numThreadsSpecified" value="16" />
  <attribute name="heapSize specified" value="41549824" />
  <attribute name="Current GC Util" value="32" />
  <attribute name= "Current Time Running" value="173801" />
  <attribute name ="GC Interval" value="0" />
  <attribute name="Target GC Util Change" value ="80.000000" />
  <attribute name="Current GC Util Change" value="32.000000"/>
  <attribute name="Current Error" value="-421.000000" />
  <attribute name="Output H" value="41625024"/>
  <attribute name="Output I" value="1528"/>
  <attribute name="Output T" value="16"/>
  <attribute name= "Current Time Running" value="173801" />
  <attribute name="GC Util currently" value="32" />
  <attribute name="CPU Util currently" value="35654205679" />
<allocation-satisfied id="4076" threadId="00000000023ECF00" bytesRequested="24" />
<af-end id="4077" timestamp="2019-08-09T18:53:53.858" threadId="00000000023ED888" success="true" />
<exclusive-end id="4078" timestamp="2019-08-09T18:53:53.858" durationms="46.214" />

<exclusive-start id="4079" timestamp="2019-08-09T18:53:53.954" intervalms="141.533">
  <response-info timems="0.054" idlems="0.054" threads="0" lastid="00000000023ECF00" lastname="main" />
</exclusive-start>
<af-start id="4080" threadId="00000000023ED888" totalBytesRequested="24" timestamp="2019-08-09T18:53:53.954" intervalms="141.531" />
<cycle-start id="4081" type="global" contextid="0" timestamp="2019-08-09T18:53:53.954" intervalms="141.528" />
<gc-start id="4082" type="global" contextid="4081" timestamp="2019-08-09T18:53:53.954">
  <mem-info id="4083" free="416768" total="41680896" percent="0">
    <mem type="tenure" free="416768" total="41680896" percent="0">
      <mem type="soa" free="0" total="41264128" percent="0" />
      <mem type="loa" free="416768" total="416768" percent="100" />
    </mem>
  </mem-info>
</gc-start>
<allocation-stats totalBytes="23281744" >
  <allocated-bytes non-tlh="0" tlh="23281744" />
  <largest-consumer threadName="main" threadId="00000000023ECF00" bytes="23281744" />
</allocation-stats>
<gc-op id="4084" type="mark" timems="20.635" contextid="4081" timestamp="2019-08-09T18:53:53.975">
  <trace-info objectcount="600724" scancount="521605" scanbytes="13388072" />
  <finalization candidates="80" enqueued="0" />
  <ownableSynchronizers candidates="21" cleared="0" />
  <references type="soft" candidates="3261" cleared="0" enqueued="0" dynamicThreshold="18" maxThreshold="32" />
  <references type="weak" candidates="5590" cleared="0" enqueued="0" />
  <references type="phantom" candidates="97" cleared="0" enqueued="0" />
  <stringconstants candidates="13596" cleared="0"  />
</gc-op>
<gc-op id="4085" type="sweep" timems="9.618" contextid="4081" timestamp="2019-08-09T18:53:53.984" />
<mem-info id="4086" free="23700192" total="41680896" percent="56">
  <mem type="tenure" free="23700192" total="41680896" percent="56" micro-fragmented="0" macro-fragmented="0">
    <mem type="soa" free="23283424" total="41264128" percent="56" />
    <mem type="loa" free="416768" total="416768" percent="100" />
  </mem>
</mem-info>
<gc-op id="4087" type="compact" timems="27.329" contextid="4081" timestamp="2019-08-09T18:53:54.012">
  <compact-info movecount="4" movebytes="96" reason="compact to aid heap contraction" />
</gc-op>
<heap-resize id="4088" type="expand" space="tenure" amount="131072" count="1" timems="0.020" reason="satisfy allocation request" timestamp="2019-08-09T18:53:54.012" />
<gc-end id="4089" type="global" contextid="4081" durationms="58.311" usertimems="178.780" systemtimems="0.000" timestamp="2019-08-09T18:53:54.012" activeThreads="16">
  <mem-info id="4090" free="23765864" total="41811968" percent="56">
    <mem type="tenure" free="23765864" total="41811968" percent="56">
      <mem type="soa" free="23348072" total="41394176" percent="56" />
      <mem type="loa" free="417792" total="417792" percent="100" />
    </mem>
  </mem-info>
</gc-end>
<cycle-end id="4091" type="global" contextid="4081" timestamp="2019-08-09T18:53:54.012" />
  <attribute name="elasticGC enabled" value="1" />
  <attribute name= "numThreadsSpecified" value="16" />
  <attribute name="heapSize specified" value="41680896" />
  <attribute name="Current GC Util" value="54" />
  <attribute name= "Current Time Running" value="173956" />
  <attribute name ="GC Interval" value="0" />
  <attribute name="Target GC Util Change" value ="80.000000" />
  <attribute name="Current GC Util Change" value="54.000000"/>
  <attribute name="Current Error" value="26.000000" />
  <attribute name="Output H" value="41756608"/>
  <attribute name="Output I" value="2040"/>
  <attribute name="Output T" value="16"/>
  <attribute name= "Current Time Running" value="173956" />
  <attribute name="GC Util currently" value="54" />
  <attribute name="CPU Util currently" value="42123829871" />
<allocation-satisfied id="4092" threadId="00000000023ECF00" bytesRequested="24" />
<af-end id="4093" timestamp="2019-08-09T18:53:54.012" threadId="00000000023ED888" success="true" />
<exclusive-end id="4094" timestamp="2019-08-09T18:53:54.012" durationms="58.560" />

<exclusive-start id="4095" timestamp="2019-08-09T18:53:54.096" intervalms="142.472">
  <response-info timems="0.106" idlems="0.106" threads="0" lastid="00000000023ECF00" lastname="main" />
</exclusive-start>
<af-start id="4096" threadId="00000000023ED888" totalBytesRequested="32" timestamp="2019-08-09T18:53:54.096" intervalms="142.472" />
<cycle-start id="4097" type="global" contextid="0" timestamp="2019-08-09T18:53:54.096" intervalms="142.464" />
<gc-start id="4098" type="global" contextid="4097" timestamp="2019-08-09T18:53:54.096">
  <mem-info id="4099" free="417792" total="41811968" percent="0">
    <mem type="tenure" free="417792" total="41811968" percent="0">
      <mem type="soa" free="0" total="41394176" percent="0" />
      <mem type="loa" free="417792" total="417792" percent="100" />
    </mem>
  </mem-info>
</gc-start>
<allocation-stats totalBytes="23411816" >
  <allocated-bytes non-tlh="0" tlh="23411816" />
  <largest-consumer threadName="main" threadId="00000000023ECF00" bytes="23411816" />
</allocation-stats>
<gc-op id="4100" type="mark" timems="10.352" contextid="4097" timestamp="2019-08-09T18:53:54.107">
  <trace-info objectcount="600739" scancount="521626" scanbytes="13388464" />
  <finalization candidates="80" enqueued="0" />
  <ownableSynchronizers candidates="21" cleared="0" />
  <references type="soft" candidates="3261" cleared="0" enqueued="0" dynamicThreshold="18" maxThreshold="32" />
  <references type="weak" candidates="5590" cleared="0" enqueued="0" />
  <references type="phantom" candidates="97" cleared="0" enqueued="0" />
  <stringconstants candidates="13596" cleared="0"  />
</gc-op>
<gc-op id="4101" type="sweep" timems="2.245" contextid="4097" timestamp="2019-08-09T18:53:54.109" />
<mem-info id="4102" free="23830008" total="41811968" percent="56">
  <mem type="tenure" free="23830008" total="41811968" percent="56" micro-fragmented="0" macro-fragmented="0">
    <mem type="soa" free="23412216" total="41394176" percent="56" />
    <mem type="loa" free="417792" total="417792" percent="100" />
  </mem>
</mem-info>
<gc-op id="4103" type="compact" timems="33.127" contextid="4097" timestamp="2019-08-09T18:53:54.142">
  <compact-info movecount="30" movebytes="904" reason="compact to aid heap contraction" />
</gc-op>
<heap-resize id="4104" type="expand" space="tenure" amount="131072" count="1" timems="0.020" reason="satisfy allocation request" timestamp="2019-08-09T18:53:54.143" />
<gc-end id="4105" type="global" contextid="4097" durationms="46.503" usertimems="140.627" systemtimems="0.000" timestamp="2019-08-09T18:53:54.143" activeThreads="16">
  <mem-info id="4106" free="23896544" total="41943040" percent="56">
    <mem type="tenure" free="23896544" total="41943040" percent="56">
      <mem type="soa" free="23477728" total="41524224" percent="56" />
      <mem type="loa" free="418816" total="418816" percent="100" />
    </mem>
  </mem-info>
</gc-end>
<cycle-end id="4107" type="global" contextid="4097" timestamp="2019-08-09T18:53:54.143" />
  <attribute name="elasticGC enabled" value="1" />
  <attribute name= "numThreadsSpecified" value="16" />
  <attribute name="heapSize specified" value="41811968" />
  <attribute name="Current GC Util" value="29" />
  <attribute name= "Current Time Running" value="174086" />
  <attribute name ="GC Interval" value="0" />
  <attribute name="Target GC Util Change" value ="80.000000" />
  <attribute name="Current GC Util Change" value="29.000000"/>
  <attribute name="Current Error" value="-437.000000" />
  <attribute name="Output H" value="41887144"/>
  <attribute name="Output I" value="1504"/>
  <attribute name="Output T" value="16"/>
  <attribute name= "Current Time Running" value="174086" />
  <attribute name="GC Util currently" value="29" />
  <attribute name="CPU Util currently" value="34765370680" />
<allocation-satisfied id="4108" threadId="00000000023ECF00" bytesRequested="32" />
<af-end id="4109" timestamp="2019-08-09T18:53:54.143" threadId="00000000023ED888" success="true" />
<exclusive-end id="4110" timestamp="2019-08-09T18:53:54.143" durationms="46.701" />

<exclusive-start id="4111" timestamp="2019-08-09T18:53:54.261" intervalms="164.387">
  <response-info timems="0.058" idlems="0.058" threads="0" lastid="00000000023ECF00" lastname="main" />
</exclusive-start>
<af-start id="4112" threadId="00000000023ED888" totalBytesRequested="32" timestamp="2019-08-09T18:53:54.261" intervalms="164.374" />
<cycle-start id="4113" type="global" contextid="0" timestamp="2019-08-09T18:53:54.261" intervalms="164.373" />
<gc-start id="4114" type="global" contextid="4113" timestamp="2019-08-09T18:53:54.261">
  <mem-info id="4115" free="418816" total="41943040" percent="0">
    <mem type="tenure" free="418816" total="41943040" percent="0">
      <mem type="soa" free="0" total="41524224" percent="0" />
      <mem type="loa" free="418816" total="418816" percent="100" />
    </mem>
  </mem-info>
</gc-start>
<allocation-stats totalBytes="23541664" >
  <allocated-bytes non-tlh="0" tlh="23541664" />
  <largest-consumer threadName="main" threadId="00000000023ECF00" bytes="23541664" />
</allocation-stats>
<gc-op id="4116" type="mark" timems="18.228" contextid="4113" timestamp="2019-08-09T18:53:54.279">
  <trace-info objectcount="600740" scancount="521616" scanbytes="13388492" />
  <finalization candidates="80" enqueued="0" />
  <ownableSynchronizers candidates="21" cleared="0" />
  <references type="soft" candidates="3261" cleared="0" enqueued="0" dynamicThreshold="18" maxThreshold="32" />
  <references type="weak" candidates="5590" cleared="0" enqueued="0" />
  <references type="phantom" candidates="97" cleared="0" enqueued="0" />
  <stringconstants candidates="13596" cleared="0"  />
</gc-op>
<gc-op id="4117" type="sweep" timems="1.709" contextid="4113" timestamp="2019-08-09T18:53:54.281" />
<mem-info id="4118" free="23961344" total="41943040" percent="57">
  <mem type="tenure" free="23961344" total="41943040" percent="57" micro-fragmented="0" macro-fragmented="0">
    <mem type="soa" free="23542528" total="41524224" percent="56" />
    <mem type="loa" free="418816" total="418816" percent="100" />
  </mem>
</mem-info>
<gc-op id="4119" type="compact" timems="37.276" contextid="4113" timestamp="2019-08-09T18:53:54.318">
  <compact-info movecount="13" movebytes="352" reason="compact to aid heap contraction" />
</gc-op>
<heap-resize id="4120" type="expand" space="tenure" amount="131072" count="1" timems="0.020" reason="satisfy allocation request" timestamp="2019-08-09T18:53:54.319" />
<gc-end id="4121" type="global" contextid="4113" durationms="58.268" usertimems="231.532" systemtimems="0.000" timestamp="2019-08-09T18:53:54.319" activeThreads="16">
  <mem-info id="4122" free="24027592" total="42074112" percent="57">
    <mem type="tenure" free="24027592" total="42074112" percent="57">
      <mem type="soa" free="23607752" total="41654272" percent="56" />
      <mem type="loa" free="419840" total="419840" percent="100" />
    </mem>
  </mem-info>
</gc-end>
<cycle-end id="4123" type="global" contextid="4113" timestamp="2019-08-09T18:53:54.319" />
  <attribute name="elasticGC enabled" value="1" />
  <attribute name= "numThreadsSpecified" value="16" />
  <attribute name="heapSize specified" value="41943040" />
  <attribute name="Current GC Util" value="26" />
  <attribute name= "Current Time Running" value="174262" />
  <attribute name ="GC Interval" value="0" />
  <attribute name="Target GC Util Change" value ="80.000000" />
  <attribute name="Current GC Util Change" value="26.000000"/>
  <attribute name="Current Error" value="-407.000000" />
  <attribute name="Output H" value="42018256"/>
  <attribute name="Output I" value="1544"/>
  <attribute name="Output T" value="16"/>
  <attribute name= "Current Time Running" value="174262" />
  <attribute name="GC Util currently" value="26" />
  <attribute name="CPU Util currently" value="30893811034" />
<allocation-satisfied id="4124" threadId="00000000023ECF00" bytesRequested="32" />
<af-end id="4125" timestamp="2019-08-09T18:53:54.319" threadId="00000000023ED888" success="true" />
<exclusive-end id="4126" timestamp="2019-08-09T18:53:54.319" durationms="58.487" />

<exclusive-start id="4127" timestamp="2019-08-09T18:53:54.415" intervalms="154.009">
  <response-info timems="0.107" idlems="0.107" threads="0" lastid="00000000023ECF00" lastname="main" />
</exclusive-start>
<af-start id="4128" threadId="00000000023ED888" totalBytesRequested="24" timestamp="2019-08-09T18:53:54.415" intervalms="154.041" />
<cycle-start id="4129" type="global" contextid="0" timestamp="2019-08-09T18:53:54.415" intervalms="154.068" />
<gc-start id="4130" type="global" contextid="4129" timestamp="2019-08-09T18:53:54.415">
  <mem-info id="4131" free="419840" total="42074112" percent="0">
    <mem type="tenure" free="419840" total="42074112" percent="0">
      <mem type="soa" free="0" total="41654272" percent="0" />
      <mem type="loa" free="419840" total="419840" percent="100" />
    </mem>
  </mem-info>
</gc-start>
<allocation-stats totalBytes="23671736" >
  <allocated-bytes non-tlh="0" tlh="23671736" />
  <largest-consumer threadName="main" threadId="00000000023ECF00" bytes="23671736" />
</allocation-stats>
<gc-op id="4132" type="mark" timems="36.752" contextid="4129" timestamp="2019-08-09T18:53:54.452">
  <trace-info objectcount="600744" scancount="521636" scanbytes="13388576" />
  <finalization candidates="80" enqueued="0" />
  <ownableSynchronizers candidates="21" cleared="0" />
  <references type="soft" candidates="3261" cleared="0" enqueued="0" dynamicThreshold="18" maxThreshold="32" />
  <references type="weak" candidates="5590" cleared="0" enqueued="0" />
  <references type="phantom" candidates="97" cleared="0" enqueued="0" />
  <stringconstants candidates="13596" cleared="0"  />
</gc-op>
<gc-op id="4133" type="sweep" timems="3.249" contextid="4129" timestamp="2019-08-09T18:53:54.455" />
<mem-info id="4134" free="24091416" total="42074112" percent="57">
  <mem type="tenure" free="24091416" total="42074112" percent="57" micro-fragmented="0" macro-fragmented="0">
    <mem type="soa" free="23671576" total="41654272" percent="56" />
    <mem type="loa" free="419840" total="419840" percent="100" />
  </mem>
</mem-info>
<gc-op id="4135" type="compact" timems="24.053" contextid="4129" timestamp="2019-08-09T18:53:54.479">
  <compact-info movecount="28" movebytes="856" reason="compact to aid heap contraction" />
</gc-op>
<heap-resize id="4136" type="expand" space="tenure" amount="131072" count="1" timems="0.018" reason="satisfy allocation request" timestamp="2019-08-09T18:53:54.480" />
<gc-end id="4137" type="global" contextid="4129" durationms="64.937" usertimems="246.462" systemtimems="0.000" timestamp="2019-08-09T18:53:54.480" activeThreads="16">
  <mem-info id="4138" free="24158576" total="42205184" percent="57">
    <mem type="tenure" free="24158576" total="42205184" percent="57">
      <mem type="soa" free="23736688" total="41783296" percent="56" />
      <mem type="loa" free="421888" total="421888" percent="100" />
    </mem>
  </mem-info>
</gc-end>
<cycle-end id="4139" type="global" contextid="4129" timestamp="2019-08-09T18:53:54.480" />
  <attribute name="elasticGC enabled" value="1" />
  <attribute name= "numThreadsSpecified" value="16" />
  <attribute name="heapSize specified" value="42074112" />
  <attribute name="Current GC Util" value="67" />
  <attribute name= "Current Time Running" value="174423" />
  <attribute name ="GC Interval" value="0" />
  <attribute name="Target GC Util Change" value ="80.000000" />
  <attribute name="Current GC Util Change" value="67.000000"/>
  <attribute name="Current Error" value="13.000000" />
  <attribute name="Output H" value="42149808"/>
  <attribute name="Output I" value="2024"/>
  <attribute name="Output T" value="16"/>
  <attribute name= "Current Time Running" value="174423" />
  <attribute name="GC Util currently" value="67" />
  <attribute name="CPU Util currently" value="47874596361" />
<allocation-satisfied id="4140" threadId="00000000023ECF00" bytesRequested="24" />
<af-end id="4141" timestamp="2019-08-09T18:53:54.480" threadId="00000000023ED888" success="true" />
<exclusive-end id="4142" timestamp="2019-08-09T18:53:54.480" durationms="65.373" />

<exclusive-start id="4143" timestamp="2019-08-09T18:53:54.663" intervalms="248.601">
  <response-info timems="0.256" idlems="0.256" threads="0" lastid="00000000023ECF00" lastname="main" />
</exclusive-start>
<af-start id="4144" threadId="00000000023ED888" totalBytesRequested="24" timestamp="2019-08-09T18:53:54.663" intervalms="248.580" />
<cycle-start id="4145" type="global" contextid="0" timestamp="2019-08-09T18:53:54.663" intervalms="248.558" />
<gc-start id="4146" type="global" contextid="4145" timestamp="2019-08-09T18:53:54.663">
  <mem-info id="4147" free="421888" total="42205184" percent="0">
    <mem type="tenure" free="421888" total="42205184" percent="0">
      <mem type="soa" free="0" total="41783296" percent="0" />
      <mem type="loa" free="421888" total="421888" percent="100" />
    </mem>
  </mem-info>
</gc-start>
<allocation-stats totalBytes="23800424" >
  <allocated-bytes non-tlh="0" tlh="23800424" />
  <largest-consumer threadName="main" threadId="00000000023ECF00" bytes="23800424" />
</allocation-stats>
<gc-op id="4148" type="mark" timems="9.864" contextid="4145" timestamp="2019-08-09T18:53:54.673">
  <trace-info objectcount="600743" scancount="521634" scanbytes="13388572" />
  <finalization candidates="80" enqueued="0" />
  <ownableSynchronizers candidates="21" cleared="0" />
  <references type="soft" candidates="3261" cleared="0" enqueued="0" dynamicThreshold="18" maxThreshold="32" />
  <references type="weak" candidates="5590" cleared="0" enqueued="0" />
  <references type="phantom" candidates="97" cleared="0" enqueued="0" />
  <stringconstants candidates="13596" cleared="0"  />
</gc-op>
<gc-op id="4149" type="sweep" timems="2.013" contextid="4145" timestamp="2019-08-09T18:53:54.675" />
<mem-info id="4150" free="24223480" total="42205184" percent="57">
  <mem type="tenure" free="24223480" total="42205184" percent="57" micro-fragmented="0" macro-fragmented="0">
    <mem type="soa" free="23801592" total="41783296" percent="56" />
    <mem type="loa" free="421888" total="421888" percent="100" />
  </mem>
</mem-info>
<gc-op id="4151" type="compact" timems="22.677" contextid="4145" timestamp="2019-08-09T18:53:54.698">
  <compact-info movecount="9" movebytes="256" reason="compact to aid heap contraction" />
</gc-op>
<heap-resize id="4152" type="expand" space="tenure" amount="131072" count="1" timems="0.018" reason="satisfy allocation request" timestamp="2019-08-09T18:53:54.699" />
<gc-end id="4153" type="global" contextid="4145" durationms="35.329" usertimems="144.296" systemtimems="0.000" timestamp="2019-08-09T18:53:54.699" activeThreads="16">
  <mem-info id="4154" free="24289656" total="42336256" percent="57">
    <mem type="tenure" free="24289656" total="42336256" percent="57">
      <mem type="soa" free="23866744" total="41913344" percent="56" />
      <mem type="loa" free="422912" total="422912" percent="100" />
    </mem>
  </mem-info>
</gc-end>
<cycle-end id="4155" type="global" contextid="4145" timestamp="2019-08-09T18:53:54.699" />
  <attribute name="elasticGC enabled" value="1" />
  <attribute name= "numThreadsSpecified" value="16" />
  <attribute name="heapSize specified" value="42205184" />
  <attribute name="Current GC Util" value="41" />
  <attribute name= "Current Time Running" value="174642" />
  <attribute name ="GC Interval" value="0" />
  <attribute name="Target GC Util Change" value ="80.000000" />
  <attribute name="Current GC Util Change" value="41.000000"/>
  <attribute name="Current Error" value="-441.000000" />
  <attribute name="Output H" value="42280360"/>
  <attribute name="Output I" value="1504"/>
  <attribute name="Output T" value="16"/>
  <attribute name= "Current Time Running" value="174642" />
  <attribute name="GC Util currently" value="41" />
  <attribute name="CPU Util currently" value="50768411997" />
<allocation-satisfied id="4156" threadId="00000000023ECF00" bytesRequested="24" />
<af-end id="4157" timestamp="2019-08-09T18:53:54.699" threadId="00000000023ED888" success="true" />
<exclusive-end id="4158" timestamp="2019-08-09T18:53:54.699" durationms="35.540" />

<exclusive-start id="4159" timestamp="2019-08-09T18:53:54.847" intervalms="183.447">
  <response-info timems="0.061" idlems="0.061" threads="0" lastid="00000000023ECF00" lastname="main" />
</exclusive-start>
<af-start id="4160" threadId="00000000023ED888" totalBytesRequested="16" timestamp="2019-08-09T18:53:54.847" intervalms="183.447" />
<cycle-start id="4161" type="global" contextid="0" timestamp="2019-08-09T18:53:54.847" intervalms="183.451" />
<gc-start id="4162" type="global" contextid="4161" timestamp="2019-08-09T18:53:54.847">
  <mem-info id="4163" free="422912" total="42336256" percent="0">
    <mem type="tenure" free="422912" total="42336256" percent="0">
      <mem type="soa" free="0" total="41913344" percent="0" />
      <mem type="loa" free="422912" total="422912" percent="100" />
    </mem>
  </mem-info>
</gc-start>
<allocation-stats totalBytes="23930376" >
  <allocated-bytes non-tlh="0" tlh="23930376" />
  <largest-consumer threadName="main" threadId="00000000023ECF00" bytes="23930376" />
</allocation-stats>
<gc-op id="4164" type="mark" timems="15.318" contextid="4161" timestamp="2019-08-09T18:53:54.862">
  <trace-info objectcount="600743" scancount="521625" scanbytes="13388560" />
  <finalization candidates="80" enqueued="0" />
  <ownableSynchronizers candidates="21" cleared="0" />
  <references type="soft" candidates="3261" cleared="0" enqueued="0" dynamicThreshold="18" maxThreshold="32" />
  <references type="weak" candidates="5590" cleared="0" enqueued="0" />
  <references type="phantom" candidates="97" cleared="0" enqueued="0" />
  <stringconstants candidates="13596" cleared="0"  />
</gc-op>
<gc-op id="4165" type="sweep" timems="1.851" contextid="4161" timestamp="2019-08-09T18:53:54.864" />
<mem-info id="4166" free="24354312" total="42336256" percent="57">
  <mem type="tenure" free="24354312" total="42336256" percent="57" micro-fragmented="0" macro-fragmented="0">
    <mem type="soa" free="23931400" total="41913344" percent="57" />
    <mem type="loa" free="422912" total="422912" percent="100" />
  </mem>
</mem-info>
<gc-op id="4167" type="compact" timems="35.721" contextid="4161" timestamp="2019-08-09T18:53:54.900">
  <compact-info movecount="9" movebytes="248" reason="compact to aid heap contraction" />
</gc-op>
<heap-resize id="4168" type="expand" space="tenure" amount="131072" count="1" timems="0.021" reason="satisfy allocation request" timestamp="2019-08-09T18:53:54.901" />
<gc-end id="4169" type="global" contextid="4161" durationms="54.119" usertimems="164.501" systemtimems="0.000" timestamp="2019-08-09T18:53:54.901" activeThreads="16">
  <mem-info id="4170" free="24420736" total="42467328" percent="57">
    <mem type="tenure" free="24420736" total="42467328" percent="57">
      <mem type="soa" free="23996800" total="42043392" percent="57" />
      <mem type="loa" free="423936" total="423936" percent="100" />
    </mem>
  </mem-info>
</gc-end>
<cycle-end id="4171" type="global" contextid="4161" timestamp="2019-08-09T18:53:54.901" />
  <attribute name="elasticGC enabled" value="1" />
  <attribute name= "numThreadsSpecified" value="16" />
  <attribute name="heapSize specified" value="42336256" />
  <attribute name="Current GC Util" value="23" />
  <attribute name= "Current Time Running" value="174844" />
  <attribute name ="GC Interval" value="0" />
  <attribute name="Target GC Util Change" value ="80.000000" />
  <attribute name="Current GC Util Change" value="23.000000"/>
  <attribute name="Current Error" value="-298.000000" />
  <attribute name="Output H" value="42411592"/>
  <attribute name="Output I" value="1664"/>
  <attribute name="Output T" value="16"/>
  <attribute name= "Current Time Running" value="174844" />
  <attribute name="GC Util currently" value="23" />
  <attribute name="CPU Util currently" value="32242230195" />
<allocation-satisfied id="4172" threadId="00000000023ECF00" bytesRequested="16" />
<af-end id="4173" timestamp="2019-08-09T18:53:54.901" threadId="00000000023ED888" success="true" />
<exclusive-end id="4174" timestamp="2019-08-09T18:53:54.901" durationms="54.367" />

<exclusive-start id="4175" timestamp="2019-08-09T18:53:55.802" intervalms="955.733">
  <response-info timems="0.088" idlems="0.088" threads="0" lastid="00000000023ECF00" lastname="main" />
</exclusive-start>
<af-start id="4176" threadId="00000000023ED888" totalBytesRequested="208" timestamp="2019-08-09T18:53:55.802" intervalms="955.738" />
<cycle-start id="4177" type="global" contextid="0" timestamp="2019-08-09T18:53:55.802" intervalms="955.732" />
<gc-start id="4178" type="global" contextid="4177" timestamp="2019-08-09T18:53:55.803">
  <mem-info id="4179" free="423936" total="42467328" percent="0">
    <mem type="tenure" free="423936" total="42467328" percent="0">
      <mem type="soa" free="0" total="42043392" percent="0" />
      <mem type="loa" free="423936" total="423936" percent="100" />
    </mem>
  </mem-info>
</gc-start>
<allocation-stats totalBytes="24055280" >
  <allocated-bytes non-tlh="360" tlh="24054920" />
  <largest-consumer threadName="main" threadId="00000000023ECF00" bytes="24055280" />
</allocation-stats>
<gc-op id="4180" type="mark" timems="8.481" contextid="4177" timestamp="2019-08-09T18:53:55.811">
  <trace-info objectcount="600788" scancount="521668" scanbytes="13389268" />
  <finalization candidates="80" enqueued="0" />
  <ownableSynchronizers candidates="21" cleared="0" />
  <references type="soft" candidates="3261" cleared="0" enqueued="0" dynamicThreshold="18" maxThreshold="32" />
  <references type="weak" candidates="5594" cleared="0" enqueued="0" />
  <references type="phantom" candidates="97" cleared="0" enqueued="0" />
  <stringconstants candidates="13602" cleared="0"  />
</gc-op>
<gc-op id="4181" type="sweep" timems="1.781" contextid="4177" timestamp="2019-08-09T18:53:55.813" />
<mem-info id="4182" free="24482440" total="42467328" percent="57">
  <mem type="tenure" free="24482440" total="42467328" percent="57" micro-fragmented="0" macro-fragmented="0">
    <mem type="soa" free="24058504" total="42043392" percent="57" />
    <mem type="loa" free="423936" total="423936" percent="100" />
  </mem>
</mem-info>
<gc-op id="4183" type="compact" timems="23.476" contextid="4177" timestamp="2019-08-09T18:53:55.836">
  <compact-info movecount="65" movebytes="2560" reason="compact to aid heap contraction" />
</gc-op>
<heap-resize id="4184" type="expand" space="tenure" amount="131072" count="1" timems="0.018" reason="satisfy allocation request" timestamp="2019-08-09T18:53:55.837" />
<gc-end id="4185" type="global" contextid="4177" durationms="34.497" usertimems="92.443" systemtimems="0.000" timestamp="2019-08-09T18:53:55.837" activeThreads="16">
  <mem-info id="4186" free="24549928" total="42598400" percent="57">
    <mem type="tenure" free="24549928" total="42598400" percent="57">
      <mem type="soa" free="24123944" total="42172416" percent="57" />
      <mem type="loa" free="425984" total="425984" percent="100" />
    </mem>
  </mem-info>
</gc-end>
<cycle-end id="4187" type="global" contextid="4177" timestamp="2019-08-09T18:53:55.837" />
  <attribute name="elasticGC enabled" value="1" />
  <attribute name= "numThreadsSpecified" value="16" />
  <attribute name="heapSize specified" value="42467328" />
  <attribute name="Current GC Util" value="44" />
  <attribute name= "Current Time Running" value="175780" />
  <attribute name ="GC Interval" value="0" />
  <attribute name="Target GC Util Change" value ="80.000000" />
  <attribute name="Current GC Util Change" value="44.000000"/>
  <attribute name="Current Error" value="36.000000" />
  <attribute name="Output H" value="42543056"/>
  <attribute name="Output I" value="2056"/>
  <attribute name="Output T" value="16"/>
  <attribute name= "Current Time Running" value="175780" />
  <attribute name="GC Util currently" value="44" />
  <attribute name="CPU Util currently" value="49052640472" />
<allocation-satisfied id="4188" threadId="00000000023ECF00" bytesRequested="208" />
<af-end id="4189" timestamp="2019-08-09T18:53:55.837" threadId="00000000023ED888" success="true" />
<exclusive-end id="4190" timestamp="2019-08-09T18:53:55.837" durationms="34.709" />

<exclusive-start id="4191" timestamp="2019-08-09T18:53:55.916" intervalms="113.650">
  <response-info timems="0.074" idlems="0.074" threads="0" lastid="00000000023ECF00" lastname="main" />
</exclusive-start>
<af-start id="4192" threadId="00000000023ED888" totalBytesRequested="16" timestamp="2019-08-09T18:53:55.916" intervalms="113.646" />
<cycle-start id="4193" type="global" contextid="0" timestamp="2019-08-09T18:53:55.916" intervalms="113.655" />
<gc-start id="4194" type="global" contextid="4193" timestamp="2019-08-09T18:53:55.916">
  <mem-info id="4195" free="425984" total="42598400" percent="1">
    <mem type="tenure" free="425984" total="42598400" percent="1">
      <mem type="soa" free="0" total="42172416" percent="0" />
      <mem type="loa" free="425984" total="425984" percent="100" />
    </mem>
  </mem-info>
</gc-start>
<allocation-stats totalBytes="24178176" >
  <allocated-bytes non-tlh="0" tlh="24178176" />
  <largest-consumer threadName="main" threadId="00000000023ECF00" bytes="24178176" />
</allocation-stats>
<gc-op id="4196" type="mark" timems="9.174" contextid="4193" timestamp="2019-08-09T18:53:55.925">
  <trace-info objectcount="600792" scancount="521667" scanbytes="13389340" />
  <finalization candidates="80" enqueued="0" />
  <ownableSynchronizers candidates="21" cleared="0" />
  <references type="soft" candidates="3261" cleared="0" enqueued="0" dynamicThreshold="18" maxThreshold="32" />
  <references type="weak" candidates="5594" cleared="0" enqueued="0" />
  <references type="phantom" candidates="97" cleared="0" enqueued="0" />
  <stringconstants candidates="13602" cleared="0"  />
</gc-op>
<gc-op id="4197" type="sweep" timems="1.900" contextid="4193" timestamp="2019-08-09T18:53:55.927" />
<mem-info id="4198" free="24615280" total="42598400" percent="57">
  <mem type="tenure" free="24615280" total="42598400" percent="57" micro-fragmented="0" macro-fragmented="0">
    <mem type="soa" free="24189296" total="42172416" percent="57" />
    <mem type="loa" free="425984" total="425984" percent="100" />
  </mem>
</mem-info>
<gc-op id="4199" type="compact" timems="33.590" contextid="4193" timestamp="2019-08-09T18:53:55.961">
  <compact-info movecount="5" movebytes="216" reason="compact to aid heap contraction" />
</gc-op>
<heap-resize id="4200" type="expand" space="tenure" amount="131072" count="1" timems="0.020" reason="satisfy allocation request" timestamp="2019-08-09T18:53:55.962" />
<gc-end id="4201" type="global" contextid="4193" durationms="45.384" usertimems="135.260" systemtimems="0.000" timestamp="2019-08-09T18:53:55.962" activeThreads="16">
  <mem-info id="4202" free="24680816" total="42729472" percent="57">
    <mem type="tenure" free="24680816" total="42729472" percent="57">
      <mem type="soa" free="24253808" total="42302464" percent="57" />
      <mem type="loa" free="427008" total="427008" percent="100" />
    </mem>
  </mem-info>
</gc-end>
<cycle-end id="4203" type="global" contextid="4193" timestamp="2019-08-09T18:53:55.962" />
  <attribute name="elasticGC enabled" value="1" />
  <attribute name= "numThreadsSpecified" value="16" />
  <attribute name="heapSize specified" value="42598400" />
  <attribute name="Current GC Util" value="46" />
  <attribute name= "Current Time Running" value="175905" />
  <attribute name ="GC Interval" value="0" />
  <attribute name="Target GC Util Change" value ="80.000000" />
  <attribute name="Current GC Util Change" value="46.000000"/>
  <attribute name="Current Error" value="-421.000000" />
  <attribute name="Output H" value="42673600"/>
  <attribute name="Output I" value="1528"/>
  <attribute name="Output T" value="16"/>
  <attribute name= "Current Time Running" value="175905" />
  <attribute name="GC Util currently" value="46" />
  <attribute name="CPU Util currently" value="34273838578" />
<allocation-satisfied id="4204" threadId="00000000023ECF00" bytesRequested="16" />
<af-end id="4205" timestamp="2019-08-09T18:53:55.962" threadId="00000000023ED888" success="true" />
<exclusive-end id="4206" timestamp="2019-08-09T18:53:55.962" durationms="45.601" />

<exclusive-start id="4207" timestamp="2019-08-09T18:53:56.019" intervalms="103.453">
  <response-info timems="0.211" idlems="0.211" threads="0" lastid="00000000023ECF00" lastname="main" />
</exclusive-start>
<af-start id="4208" threadId="00000000023ED888" totalBytesRequested="32" timestamp="2019-08-09T18:53:56.020" intervalms="103.452" />
<cycle-start id="4209" type="global" contextid="0" timestamp="2019-08-09T18:53:56.020" intervalms="103.452" />
<gc-start id="4210" type="global" contextid="4209" timestamp="2019-08-09T18:53:56.020">
  <mem-info id="4211" free="427008" total="42729472" percent="0">
    <mem type="tenure" free="427008" total="42729472" percent="0">
      <mem type="soa" free="0" total="42302464" percent="0" />
      <mem type="loa" free="427008" total="427008" percent="100" />
    </mem>
  </mem-info>
</gc-start>
<allocation-stats totalBytes="24306992" >
  <allocated-bytes non-tlh="0" tlh="24306992" />
  <largest-consumer threadName="main" threadId="00000000023ECF00" bytes="24306992" />
</allocation-stats>
<gc-op id="4212" type="mark" timems="10.001" contextid="4209" timestamp="2019-08-09T18:53:56.030">
  <trace-info objectcount="600791" scancount="521667" scanbytes="13389308" />
  <finalization candidates="80" enqueued="0" />
  <ownableSynchronizers candidates="21" cleared="0" />
  <references type="soft" candidates="3261" cleared="0" enqueued="0" dynamicThreshold="18" maxThreshold="32" />
  <references type="weak" candidates="5594" cleared="0" enqueued="0" />
  <references type="phantom" candidates="97" cleared="0" enqueued="0" />
  <stringconstants candidates="13602" cleared="0"  />
</gc-op>
<gc-op id="4213" type="sweep" timems="3.838" contextid="4209" timestamp="2019-08-09T18:53:56.034" />
<mem-info id="4214" free="24746376" total="42729472" percent="57">
  <mem type="tenure" free="24746376" total="42729472" percent="57" micro-fragmented="0" macro-fragmented="0">
    <mem type="soa" free="24319368" total="42302464" percent="57" />
    <mem type="loa" free="427008" total="427008" percent="100" />
  </mem>
</mem-info>
<gc-op id="4215" type="compact" timems="31.424" contextid="4209" timestamp="2019-08-09T18:53:56.065">
  <compact-info movecount="4" movebytes="120" reason="compact to aid heap contraction" />
</gc-op>
<heap-resize id="4216" type="expand" space="tenure" amount="131072" count="1" timems="0.019" reason="satisfy allocation request" timestamp="2019-08-09T18:53:56.066" />
<gc-end id="4217" type="global" contextid="4209" durationms="46.252" usertimems="142.219" systemtimems="0.000" timestamp="2019-08-09T18:53:56.066" activeThreads="16">
  <mem-info id="4218" free="24811984" total="42860544" percent="57">
    <mem type="tenure" free="24811984" total="42860544" percent="57">
      <mem type="soa" free="24383952" total="42432512" percent="57" />
      <mem type="loa" free="428032" total="428032" percent="100" />
    </mem>
  </mem-info>
</gc-end>
<cycle-end id="4219" type="global" contextid="4209" timestamp="2019-08-09T18:53:56.066" />
  <attribute name="elasticGC enabled" value="1" />
  <attribute name= "numThreadsSpecified" value="16" />
  <attribute name="heapSize specified" value="42729472" />
  <attribute name="Current GC Util" value="127" />
  <attribute name= "Current Time Running" value="176009" />
  <attribute name ="GC Interval" value="0" />
  <attribute name="Target GC Util Change" value ="80.000000" />
  <attribute name="Current GC Util Change" value="127.000000"/>
  <attribute name="Current Error" value="-526.000000" />
  <attribute name="Output H" value="42804552"/>
  <attribute name="Output I" value="1408"/>
  <attribute name="Output T" value="16"/>
  <attribute name= "Current Time Running" value="176009" />
  <attribute name="GC Util currently" value="127" />
  <attribute name="CPU Util currently" value="36669828637" />
<allocation-satisfied id="4220" threadId="00000000023ECF00" bytesRequested="32" />
<af-end id="4221" timestamp="2019-08-09T18:53:56.066" threadId="00000000023ED888" success="true" />
<exclusive-end id="4222" timestamp="2019-08-09T18:53:56.066" durationms="46.475" />

<exclusive-start id="4223" timestamp="2019-08-09T18:53:56.114" intervalms="94.794">
  <response-info timems="0.101" idlems="0.101" threads="0" lastid="00000000023ECF00" lastname="main" />
</exclusive-start>
<af-start id="4224" threadId="00000000023ED888" totalBytesRequested="112" timestamp="2019-08-09T18:53:56.114" intervalms="94.794" />
<cycle-start id="4225" type="global" contextid="0" timestamp="2019-08-09T18:53:56.114" intervalms="94.803" />
<gc-start id="4226" type="global" contextid="4225" timestamp="2019-08-09T18:53:56.114">
  <mem-info id="4227" free="428032" total="42860544" percent="0">
    <mem type="tenure" free="428032" total="42860544" percent="0">
      <mem type="soa" free="0" total="42432512" percent="0" />
      <mem type="loa" free="428032" total="428032" percent="100" />
    </mem>
  </mem-info>
</gc-start>
<allocation-stats totalBytes="24437072" >
  <allocated-bytes non-tlh="0" tlh="24437072" />
  <largest-consumer threadName="main" threadId="00000000023ECF00" bytes="24437072" />
</allocation-stats>
<gc-op id="4228" type="mark" timems="16.340" contextid="4225" timestamp="2019-08-09T18:53:56.131">
  <trace-info objectcount="600791" scancount="521665" scanbytes="13389308" />
  <finalization candidates="80" enqueued="0" />
  <ownableSynchronizers candidates="21" cleared="0" />
  <references type="soft" candidates="3261" cleared="0" enqueued="0" dynamicThreshold="18" maxThreshold="32" />
  <references type="weak" candidates="5594" cleared="0" enqueued="0" />
  <references type="phantom" candidates="97" cleared="0" enqueued="0" />
  <stringconstants candidates="13602" cleared="0"  />
</gc-op>
<gc-op id="4229" type="sweep" timems="4.978" contextid="4225" timestamp="2019-08-09T18:53:56.136" />
<mem-info id="4230" free="24877360" total="42860544" percent="58">
  <mem type="tenure" free="24877360" total="42860544" percent="58" micro-fragmented="0" macro-fragmented="0">
    <mem type="soa" free="24449328" total="42432512" percent="57" />
    <mem type="loa" free="428032" total="428032" percent="100" />
  </mem>
</mem-info>
<gc-op id="4231" type="compact" timems="39.424" contextid="4225" timestamp="2019-08-09T18:53:56.175">
  <compact-info movecount="4" movebytes="184" reason="compact to aid heap contraction" />
</gc-op>
<heap-resize id="4232" type="expand" space="tenure" amount="131072" count="1" timems="0.024" reason="satisfy allocation request" timestamp="2019-08-09T18:53:56.176" />
<gc-end id="4233" type="global" contextid="4225" durationms="61.572" usertimems="159.459" systemtimems="0.000" timestamp="2019-08-09T18:53:56.176" activeThreads="16">
  <mem-info id="4234" free="24942992" total="42991616" percent="58">
    <mem type="tenure" free="24942992" total="42991616" percent="58">
      <mem type="soa" free="24513936" total="42562560" percent="57" />
      <mem type="loa" free="429056" total="429056" percent="100" />
    </mem>
  </mem-info>
</gc-end>
<cycle-end id="4235" type="global" contextid="4225" timestamp="2019-08-09T18:53:56.176" />
  <attribute name="elasticGC enabled" value="1" />
  <attribute name= "numThreadsSpecified" value="16" />
  <attribute name="heapSize specified" value="42860544" />
  <attribute name="Current GC Util" value="34" />
  <attribute name= "Current Time Running" value="176119" />
  <attribute name ="GC Interval" value="0" />
  <attribute name="Target GC Util Change" value ="80.000000" />
  <attribute name="Current GC Util Change" value="34.000000"/>
  <attribute name="Current Error" value="46.000000" />
  <attribute name="Output H" value="42936280"/>
  <attribute name="Output I" value="2064"/>
  <attribute name="Output T" value="16"/>
  <attribute name= "Current Time Running" value="176119" />
  <attribute name="GC Util currently" value="34" />
  <attribute name="CPU Util currently" value="29225989770" />
<allocation-satisfied id="4236" threadId="00000000023ECF00" bytesRequested="112" />
<af-end id="4237" timestamp="2019-08-09T18:53:56.176" threadId="00000000023ED888" success="true" />
<exclusive-end id="4238" timestamp="2019-08-09T18:53:56.176" durationms="61.822" />

<exclusive-start id="4239" timestamp="2019-08-09T18:53:56.988" intervalms="873.972">
  <response-info timems="0.362" idlems="0.362" threads="0" lastid="00000000023ECF00" lastname="main" />
</exclusive-start>
<af-start id="4240" threadId="00000000023ED888" totalBytesRequested="32" timestamp="2019-08-09T18:53:56.992" intervalms="877.596" />
<cycle-start id="4241" type="global" contextid="0" timestamp="2019-08-09T18:53:56.998" intervalms="883.639" />
<gc-start id="4242" type="global" contextid="4241" timestamp="2019-08-09T18:53:56.998">
  <mem-info id="4243" free="429056" total="42991616" percent="0">
    <mem type="tenure" free="429056" total="42991616" percent="0">
      <mem type="soa" free="0" total="42562560" percent="0" />
      <mem type="loa" free="429056" total="429056" percent="100" />
    </mem>
  </mem-info>
</gc-start>
<allocation-stats totalBytes="24574544" >
  <allocated-bytes non-tlh="0" tlh="24574544" />
  <largest-consumer threadName="main" threadId="00000000023ECF00" bytes="24574544" />
</allocation-stats>
<gc-op id="4244" type="mark" timems="78.854" contextid="4241" timestamp="2019-08-09T18:53:57.077">
  <trace-info objectcount="600794" scancount="521668" scanbytes="13389548" />
  <finalization candidates="80" enqueued="0" />
  <ownableSynchronizers candidates="21" cleared="0" />
  <references type="soft" candidates="3261" cleared="0" enqueued="0" dynamicThreshold="18" maxThreshold="32" />
  <references type="weak" candidates="5602" cleared="0" enqueued="0" />
  <references type="phantom" candidates="97" cleared="0" enqueued="0" />
  <stringconstants candidates="13602" cleared="0"  />
</gc-op>
<gc-op id="4245" type="sweep" timems="8.902" contextid="4241" timestamp="2019-08-09T18:53:57.086" />
<mem-info id="4246" free="25008192" total="42991616" percent="58">
  <mem type="tenure" free="25008192" total="42991616" percent="58" micro-fragmented="0" macro-fragmented="0">
    <mem type="soa" free="24579136" total="42562560" percent="57" />
    <mem type="loa" free="429056" total="429056" percent="100" />
  </mem>
</mem-info>
<gc-op id="4247" type="compact" timems="325.160" contextid="4241" timestamp="2019-08-09T18:53:57.411">
  <compact-info movecount="535427" movebytes="14302080" reason="compact to aid heap contraction" />
</gc-op>
<heap-resize id="4248" type="expand" space="tenure" amount="131072" count="1" timems="0.021" reason="satisfy allocation request" timestamp="2019-08-09T18:53:57.412" />
<gc-end id="4249" type="global" contextid="4241" durationms="413.648" usertimems="665.716" systemtimems="0.000" timestamp="2019-08-09T18:53:57.412" activeThreads="16">
  <mem-info id="4250" free="25074776" total="43122688" percent="58">
    <mem type="tenure" free="25074776" total="43122688" percent="58">
      <mem type="soa" free="24643672" total="42691584" percent="57" />
      <mem type="loa" free="431104" total="431104" percent="100" />
    </mem>
  </mem-info>
</gc-end>
<cycle-end id="4251" type="global" contextid="4241" timestamp="2019-08-09T18:53:57.412" />
  <attribute name="elasticGC enabled" value="1" />
  <attribute name= "numThreadsSpecified" value="16" />
  <attribute name="heapSize specified" value="42991616" />
  <attribute name="Current GC Util" value="5" />
  <attribute name= "Current Time Running" value="177355" />
  <attribute name ="GC Interval" value="0" />
  <attribute name="Target GC Util Change" value ="80.000000" />
  <attribute name="Current GC Util Change" value="5.000000"/>
  <attribute name="Current Error" value="157.000000" />
  <attribute name="Output H" value="43067480"/>
  <attribute name="Output I" value="2192"/>
  <attribute name="Output T" value="16"/>
  <attribute name= "Current Time Running" value="177355" />
  <attribute name="GC Util currently" value="5" />
  <attribute name="CPU Util currently" value="3545530543" />
<allocation-satisfied id="4252" threadId="00000000023ECF00" bytesRequested="32" />
<af-end id="4253" timestamp="2019-08-09T18:53:57.412" threadId="00000000023ED888" success="true" />
<exclusive-end id="4254" timestamp="2019-08-09T18:53:57.412" durationms="423.568" />

<exclusive-start id="4255" timestamp="2019-08-09T18:53:57.456" intervalms="468.247">
  <response-info timems="0.089" idlems="0.089" threads="0" lastid="00000000023ECF00" lastname="main" />
</exclusive-start>
<af-start id="4256" threadId="00000000023ED888" totalBytesRequested="544" timestamp="2019-08-09T18:53:57.457" intervalms="464.641" />
<cycle-start id="4257" type="global" contextid="0" timestamp="2019-08-09T18:53:57.457" intervalms="458.581" />
<gc-start id="4258" type="global" contextid="4257" timestamp="2019-08-09T18:53:57.457">
  <mem-info id="4259" free="431104" total="43122688" percent="0">
    <mem type="tenure" free="431104" total="43122688" percent="0">
      <mem type="soa" free="0" total="42691584" percent="0" />
      <mem type="loa" free="431104" total="431104" percent="100" />
    </mem>
  </mem-info>
</gc-start>
<allocation-stats totalBytes="24684632" >
  <allocated-bytes non-tlh="0" tlh="24684632" />
  <largest-consumer threadName="main" threadId="00000000023ECF00" bytes="24684632" />
</allocation-stats>
<gc-op id="4260" type="mark" timems="11.073" contextid="4257" timestamp="2019-08-09T18:53:57.468">
  <trace-info objectcount="600800" scancount="521680" scanbytes="13389664" />
  <finalization candidates="80" enqueued="0" />
  <ownableSynchronizers candidates="21" cleared="0" />
  <references type="soft" candidates="3261" cleared="0" enqueued="0" dynamicThreshold="18" maxThreshold="32" />
  <references type="weak" candidates="5602" cleared="0" enqueued="0" />
  <references type="phantom" candidates="97" cleared="0" enqueued="0" />
  <stringconstants candidates="13602" cleared="0"  />
</gc-op>
<gc-op id="4261" type="sweep" timems="1.503" contextid="4257" timestamp="2019-08-09T18:53:57.469" />
<mem-info id="4262" free="25138288" total="43122688" percent="58">
  <mem type="tenure" free="25138288" total="43122688" percent="58" micro-fragmented="0" macro-fragmented="0">
    <mem type="soa" free="24707184" total="42691584" percent="57" />
    <mem type="loa" free="431104" total="431104" percent="100" />
  </mem>
</mem-info>
<gc-op id="4263" type="compact" timems="23.003" contextid="4257" timestamp="2019-08-09T18:53:57.492">
  <compact-info movecount="39" movebytes="1744" reason="compact to aid heap contraction" />
</gc-op>
<heap-resize id="4264" type="expand" space="tenure" amount="131072" count="1" timems="0.021" reason="satisfy allocation request" timestamp="2019-08-09T18:53:57.493" />
<gc-end id="4265" type="global" contextid="4257" durationms="36.606" usertimems="113.099" systemtimems="0.000" timestamp="2019-08-09T18:53:57.493" activeThreads="16">
  <mem-info id="4266" free="25205168" total="43253760" percent="58">
    <mem type="tenure" free="25205168" total="43253760" percent="58">
      <mem type="soa" free="24773040" total="42821632" percent="57" />
      <mem type="loa" free="432128" total="432128" percent="100" />
    </mem>
  </mem-info>
</gc-end>
<cycle-end id="4267" type="global" contextid="4257" timestamp="2019-08-09T18:53:57.493" />
  <attribute name="elasticGC enabled" value="1" />
  <attribute name= "numThreadsSpecified" value="16" />
  <attribute name="heapSize specified" value="43122688" />
  <attribute name="Current GC Util" value="30" />
  <attribute name= "Current Time Running" value="177436" />
  <attribute name ="GC Interval" value="0" />
  <attribute name="Target GC Util Change" value ="80.000000" />
  <attribute name="Current GC Util Change" value="30.000000"/>
  <attribute name="Current Error" value="-356.000000" />
  <attribute name="Output H" value="43197960"/>
  <attribute name="Output I" value="1600"/>
  <attribute name="Output T" value="16"/>
  <attribute name= "Current Time Running" value="177436" />
  <attribute name="GC Util currently" value="30" />
  <attribute name="CPU Util currently" value="50010891530" />
<allocation-satisfied id="4268" threadId="00000000023ECF00" bytesRequested="544" />
<af-end id="4269" timestamp="2019-08-09T18:53:57.493" threadId="00000000023ED888" success="true" />
<exclusive-end id="4270" timestamp="2019-08-09T18:53:57.493" durationms="36.858" />

<exclusive-start id="4271" timestamp="2019-08-09T18:53:57.511" intervalms="54.702">
  <response-info timems="0.099" idlems="0.099" threads="0" lastid="00000000023ECF00" lastname="main" />
</exclusive-start>
<af-start id="4272" threadId="00000000023ED888" totalBytesRequested="16" timestamp="2019-08-09T18:53:57.511" intervalms="54.697" />
<cycle-start id="4273" type="global" contextid="0" timestamp="2019-08-09T18:53:57.511" intervalms="54.707" />
<gc-start id="4274" type="global" contextid="4273" timestamp="2019-08-09T18:53:57.511">
  <mem-info id="4275" free="432128" total="43253760" percent="0">
    <mem type="tenure" free="432128" total="43253760" percent="0">
      <mem type="soa" free="0" total="42821632" percent="0" />
      <mem type="loa" free="432128" total="432128" percent="100" />
    </mem>
  </mem-info>
</gc-start>
<allocation-stats totalBytes="24794720" >
  <allocated-bytes non-tlh="0" tlh="24794720" />
  <largest-consumer threadName="main" threadId="00000000023ECF00" bytes="24794720" />
</allocation-stats>
<gc-op id="4276" type="mark" timems="9.848" contextid="4273" timestamp="2019-08-09T18:53:57.521">
  <trace-info objectcount="600799" scancount="521681" scanbytes="13389648" />
  <finalization candidates="80" enqueued="0" />
  <ownableSynchronizers candidates="21" cleared="0" />
  <references type="soft" candidates="3261" cleared="0" enqueued="0" dynamicThreshold="18" maxThreshold="32" />
  <references type="weak" candidates="5602" cleared="0" enqueued="0" />
  <references type="phantom" candidates="97" cleared="0" enqueued="0" />
  <stringconstants candidates="13602" cleared="0"  />
</gc-op>
<gc-op id="4277" type="sweep" timems="1.680" contextid="4273" timestamp="2019-08-09T18:53:57.523" />
<mem-info id="4278" free="25270688" total="43253760" percent="58">
  <mem type="tenure" free="25270688" total="43253760" percent="58" micro-fragmented="0" macro-fragmented="0">
    <mem type="soa" free="24838560" total="42821632" percent="58" />
    <mem type="loa" free="432128" total="432128" percent="100" />
  </mem>
</mem-info>
<gc-op id="4279" type="compact" timems="35.039" contextid="4273" timestamp="2019-08-09T18:53:57.558">
  <compact-info movecount="2" movebytes="56" reason="compact to aid heap contraction" />
</gc-op>
<heap-resize id="4280" type="expand" space="tenure" amount="131072" count="1" timems="0.021" reason="satisfy allocation request" timestamp="2019-08-09T18:53:57.559" />
<gc-end id="4281" type="global" contextid="4273" durationms="47.363" usertimems="94.735" systemtimems="0.000" timestamp="2019-08-09T18:53:57.559" activeThreads="16">
  <mem-info id="4282" free="25336256" total="43384832" percent="58">
    <mem type="tenure" free="25336256" total="43384832" percent="58">
      <mem type="soa" free="24903104" total="42951680" percent="57" />
      <mem type="loa" free="433152" total="433152" percent="100" />
    </mem>
  </mem-info>
</gc-end>
<cycle-end id="4283" type="global" contextid="4273" timestamp="2019-08-09T18:53:57.559" />
  <attribute name="elasticGC enabled" value="1" />
  <attribute name= "numThreadsSpecified" value="16" />
  <attribute name="heapSize specified" value="43253760" />
  <attribute name="Current GC Util" value="26" />
  <attribute name= "Current Time Running" value="177502" />
  <attribute name ="GC Interval" value="0" />
  <attribute name="Target GC Util Change" value ="80.000000" />
  <attribute name="Current GC Util Change" value="26.000000"/>
  <attribute name="Current Error" value="54.000000" />
  <attribute name="Output H" value="43329504"/>
  <attribute name="Output I" value="2072"/>
  <attribute name="Output T" value="16"/>
  <attribute name= "Current Time Running" value="177502" />
  <attribute name="GC Util currently" value="26" />
  <attribute name="CPU Util currently" value="32865909158" />
<allocation-satisfied id="4284" threadId="00000000023ECF00" bytesRequested="16" />
<af-end id="4285" timestamp="2019-08-09T18:53:57.559" threadId="00000000023ED888" success="true" />
<exclusive-end id="4286" timestamp="2019-08-09T18:53:57.559" durationms="47.640" />

<exclusive-start id="4287" timestamp="2019-08-09T18:53:57.573" intervalms="61.642">
  <response-info timems="0.153" idlems="0.153" threads="0" lastid="00000000023ECF00" lastname="main" />
</exclusive-start>
<af-start id="4288" threadId="00000000023ED888" totalBytesRequested="544" timestamp="2019-08-09T18:53:57.573" intervalms="61.619" />
<cycle-start id="4289" type="global" contextid="0" timestamp="2019-08-09T18:53:57.573" intervalms="61.605" />
<gc-start id="4290" type="global" contextid="4289" timestamp="2019-08-09T18:53:57.573">
  <mem-info id="4291" free="433152" total="43384832" percent="0">
    <mem type="tenure" free="433152" total="43384832" percent="0">
      <mem type="soa" free="0" total="42951680" percent="0" />
      <mem type="loa" free="433152" total="433152" percent="100" />
    </mem>
  </mem-info>
</gc-start>
<allocation-stats totalBytes="24924736" >
  <allocated-bytes non-tlh="0" tlh="24924736" />
  <largest-consumer threadName="main" threadId="00000000023ECF00" bytes="24924736" />
</allocation-stats>
<gc-op id="4292" type="mark" timems="8.317" contextid="4289" timestamp="2019-08-09T18:53:57.581">
  <trace-info objectcount="600800" scancount="521683" scanbytes="13389664" />
  <finalization candidates="80" enqueued="0" />
  <ownableSynchronizers candidates="21" cleared="0" />
  <references type="soft" candidates="3261" cleared="0" enqueued="0" dynamicThreshold="18" maxThreshold="32" />
  <references type="weak" candidates="5602" cleared="0" enqueued="0" />
  <references type="phantom" candidates="97" cleared="0" enqueued="0" />
  <stringconstants candidates="13602" cleared="0"  />
</gc-op>
<gc-op id="4293" type="sweep" timems="2.318" contextid="4289" timestamp="2019-08-09T18:53:57.584" />
<mem-info id="4294" free="25401680" total="43384832" percent="58">
  <mem type="tenure" free="25401680" total="43384832" percent="58" micro-fragmented="0" macro-fragmented="0">
    <mem type="soa" free="24968528" total="42951680" percent="58" />
    <mem type="loa" free="433152" total="433152" percent="100" />
  </mem>
</mem-info>
<gc-op id="4295" type="compact" timems="65.387" contextid="4289" timestamp="2019-08-09T18:53:57.649">
  <compact-info movecount="3" movebytes="72" reason="compact to aid heap contraction" />
</gc-op>
<heap-resize id="4296" type="expand" space="tenure" amount="131072" count="1" timems="0.046" reason="satisfy allocation request" timestamp="2019-08-09T18:53:57.652" />
<gc-end id="4297" type="global" contextid="4289" durationms="79.418" usertimems="219.433" systemtimems="0.000" timestamp="2019-08-09T18:53:57.652" activeThreads="16">
  <mem-info id="4298" free="25467312" total="43515904" percent="58">
    <mem type="tenure" free="25467312" total="43515904" percent="58">
      <mem type="soa" free="25033136" total="43081728" percent="58" />
      <mem type="loa" free="434176" total="434176" percent="100" />
    </mem>
  </mem-info>
</gc-end>
<cycle-end id="4299" type="global" contextid="4289" timestamp="2019-08-09T18:53:57.652" />
  <attribute name="elasticGC enabled" value="1" />
  <attribute name= "numThreadsSpecified" value="16" />
  <attribute name="heapSize specified" value="43384832" />
  <attribute name="Current GC Util" value="18" />
  <attribute name= "Current Time Running" value="177593" />
  <attribute name ="GC Interval" value="0" />
  <attribute name="Target GC Util Change" value ="80.000000" />
  <attribute name="Current GC Util Change" value="18.000000"/>
  <attribute name="Current Error" value="-415.000000" />
  <attribute name="Output H" value="43460040"/>
  <attribute name="Output I" value="1536"/>
  <attribute name="Output T" value="16"/>
  <attribute name= "Current Time Running" value="177593" />
  <attribute name="GC Util currently" value="18" />
  <attribute name="CPU Util currently" value="17621018784" />
<allocation-satisfied id="4300" threadId="00000000023ECF00" bytesRequested="544" />
<af-end id="4301" timestamp="2019-08-09T18:53:57.655" threadId="00000000023ED888" success="true" />
<exclusive-end id="4302" timestamp="2019-08-09T18:53:57.655" durationms="82.192" />

<exclusive-start id="4303" timestamp="2019-08-09T18:53:57.711" intervalms="138.347">
  <response-info timems="21.946" idlems="21.946" threads="0" lastid="00000000023ECF00" lastname="main" />
</exclusive-start>
<af-start id="4304" threadId="00000000023ED888" totalBytesRequested="584" timestamp="2019-08-09T18:53:57.711" intervalms="138.380" />
<cycle-start id="4305" type="global" contextid="0" timestamp="2019-08-09T18:53:57.711" intervalms="138.398" />
<gc-start id="4306" type="global" contextid="4305" timestamp="2019-08-09T18:53:57.711">
  <mem-info id="4307" free="434176" total="43515904" percent="0">
    <mem type="tenure" free="434176" total="43515904" percent="0">
      <mem type="soa" free="0" total="43081728" percent="0" />
      <mem type="loa" free="434176" total="434176" percent="100" />
    </mem>
  </mem-info>
</gc-start>
<allocation-stats totalBytes="25054000" >
  <allocated-bytes non-tlh="0" tlh="25054000" />
  <largest-consumer threadName="main" threadId="00000000023ECF00" bytes="25054000" />
</allocation-stats>
<gc-op id="4308" type="mark" timems="56.546" contextid="4305" timestamp="2019-08-09T18:53:57.768">
  <trace-info objectcount="600800" scancount="521703" scanbytes="13389664" />
  <finalization candidates="80" enqueued="0" />
  <ownableSynchronizers candidates="21" cleared="0" />
  <references type="soft" candidates="3261" cleared="0" enqueued="0" dynamicThreshold="18" maxThreshold="32" />
  <references type="weak" candidates="5602" cleared="0" enqueued="0" />
  <references type="phantom" candidates="97" cleared="0" enqueued="0" />
  <stringconstants candidates="13602" cleared="0"  />
</gc-op>
<gc-op id="4309" type="sweep" timems="21.970" contextid="4305" timestamp="2019-08-09T18:53:57.790" />
<mem-info id="4310" free="25532296" total="43515904" percent="58">
  <mem type="tenure" free="25532296" total="43515904" percent="58" micro-fragmented="0" macro-fragmented="0">
    <mem type="soa" free="25098120" total="43081728" percent="58" />
    <mem type="loa" free="434176" total="434176" percent="100" />
  </mem>
</mem-info>
<gc-op id="4311" type="compact" timems="113.959" contextid="4305" timestamp="2019-08-09T18:53:57.904">
  <compact-info movecount="3" movebytes="72" reason="compact to aid heap contraction" />
</gc-op>
<heap-resize id="4312" type="expand" space="tenure" amount="131072" count="1" timems="0.026" reason="satisfy allocation request" timestamp="2019-08-09T18:53:57.905" />
<gc-end id="4313" type="global" contextid="4305" durationms="193.959" usertimems="325.971" systemtimems="0.000" timestamp="2019-08-09T18:53:57.905" activeThreads="16">
  <mem-info id="4314" free="25598384" total="43646976" percent="58">
    <mem type="tenure" free="25598384" total="43646976" percent="58">
      <mem type="soa" free="25162160" total="43210752" percent="58" />
      <mem type="loa" free="436224" total="436224" percent="100" />
    </mem>
  </mem-info>
</gc-end>
<cycle-end id="4315" type="global" contextid="4305" timestamp="2019-08-09T18:53:57.905" />
  <attribute name="elasticGC enabled" value="1" />
  <attribute name= "numThreadsSpecified" value="16" />
  <attribute name="heapSize specified" value="43515904" />
  <attribute name="Current GC Util" value="42" />
  <attribute name= "Current Time Running" value="177848" />
  <attribute name ="GC Interval" value="0" />
  <attribute name="Target GC Util Change" value ="80.000000" />
  <attribute name="Current GC Util Change" value="42.000000"/>
  <attribute name="Current Error" value="-144.000000" />
  <attribute name="Output H" value="43591424"/>
  <attribute name="Output I" value="1848"/>
  <attribute name="Output T" value="16"/>
  <attribute name= "Current Time Running" value="177848" />
  <attribute name="GC Util currently" value="42" />
  <attribute name="CPU Util currently" value="10118502228" />
<allocation-satisfied id="4316" threadId="00000000023ECF00" bytesRequested="584" />
<af-end id="4317" timestamp="2019-08-09T18:53:57.905" threadId="00000000023ED888" success="true" />
<exclusive-end id="4318" timestamp="2019-08-09T18:53:57.905" durationms="194.234" />

<exclusive-start id="4319" timestamp="2019-08-09T18:53:57.939" intervalms="227.843">
  <response-info timems="3.440" idlems="3.440" threads="0" lastid="00000000023ECF00" lastname="main" />
</exclusive-start>
<af-start id="4320" threadId="00000000023ED888" totalBytesRequested="488" timestamp="2019-08-09T18:53:57.939" intervalms="227.892" />
<cycle-start id="4321" type="global" contextid="0" timestamp="2019-08-09T18:53:57.939" intervalms="227.918" />
<gc-start id="4322" type="global" contextid="4321" timestamp="2019-08-09T18:53:57.939">
  <mem-info id="4323" free="436224" total="43646976" percent="0">
    <mem type="tenure" free="436224" total="43646976" percent="0">
      <mem type="soa" free="0" total="43210752" percent="0" />
      <mem type="loa" free="436224" total="436224" percent="100" />
    </mem>
  </mem-info>
</gc-start>
<allocation-stats totalBytes="25183512" >
  <allocated-bytes non-tlh="0" tlh="25183512" />
  <largest-consumer threadName="main" threadId="00000000023ECF00" bytes="25183512" />
</allocation-stats>
<gc-op id="4324" type="mark" timems="25.003" contextid="4321" timestamp="2019-08-09T18:53:57.964">
  <trace-info objectcount="600800" scancount="521675" scanbytes="13389664" />
  <finalization candidates="80" enqueued="0" />
  <ownableSynchronizers candidates="21" cleared="0" />
  <references type="soft" candidates="3261" cleared="0" enqueued="0" dynamicThreshold="18" maxThreshold="32" />
  <references type="weak" candidates="5602" cleared="0" enqueued="0" />
  <references type="phantom" candidates="97" cleared="0" enqueued="0" />
  <stringconstants candidates="13602" cleared="0"  />
</gc-op>
<gc-op id="4325" type="sweep" timems="6.084" contextid="4321" timestamp="2019-08-09T18:53:57.972" />
<mem-info id="4326" free="25663576" total="43646976" percent="58">
  <mem type="tenure" free="25663576" total="43646976" percent="58" micro-fragmented="0" macro-fragmented="0">
    <mem type="soa" free="25227352" total="43210752" percent="58" />
    <mem type="loa" free="436224" total="436224" percent="100" />
  </mem>
</mem-info>
<gc-op id="4327" type="compact" timems="30.605" contextid="4321" timestamp="2019-08-09T18:53:58.003">
  <compact-info movecount="3" movebytes="72" reason="compact to aid heap contraction" />
</gc-op>
<heap-resize id="4328" type="expand" space="tenure" amount="131072" count="1" timems="0.018" reason="satisfy allocation request" timestamp="2019-08-09T18:53:58.005" />
<gc-end id="4329" type="global" contextid="4321" durationms="65.369" usertimems="141.644" systemtimems="0.000" timestamp="2019-08-09T18:53:58.005" activeThreads="16">
  <mem-info id="4330" free="25729456" total="43778048" percent="58">
    <mem type="tenure" free="25729456" total="43778048" percent="58">
      <mem type="soa" free="25292208" total="43340800" percent="58" />
      <mem type="loa" free="437248" total="437248" percent="100" />
    </mem>
  </mem-info>
</gc-end>
<cycle-end id="4331" type="global" contextid="4321" timestamp="2019-08-09T18:53:58.005" />
  <attribute name="elasticGC enabled" value="1" />
  <attribute name= "numThreadsSpecified" value="16" />
  <attribute name="heapSize specified" value="43646976" />
  <attribute name="Current GC Util" value="53" />
  <attribute name= "Current Time Running" value="177947" />
  <attribute name ="GC Interval" value="0" />
  <attribute name="Target GC Util Change" value ="80.000000" />
  <attribute name="Current GC Util Change" value="53.000000"/>
  <attribute name="Current Error" value="27.000000" />
  <attribute name="Output H" value="43722688"/>
  <attribute name="Output I" value="2040"/>
  <attribute name="Output T" value="16"/>
  <attribute name= "Current Time Running" value="177947" />
  <attribute name="GC Util currently" value="53" />
  <attribute name="CPU Util currently" value="37377604587" />
<allocation-satisfied id="4332" threadId="00000000023ECF00" bytesRequested="488" />
<af-end id="4333" timestamp="2019-08-09T18:53:58.005" threadId="00000000023ED888" success="true" />
<exclusive-end id="4334" timestamp="2019-08-09T18:53:58.005" durationms="65.848" />

<exclusive-start id="4335" timestamp="2019-08-09T18:53:58.017" intervalms="78.241">
  <response-info timems="0.104" idlems="0.104" threads="0" lastid="00000000023ECF00" lastname="main" />
</exclusive-start>
<af-start id="4336" threadId="00000000023ED888" totalBytesRequested="584" timestamp="2019-08-09T18:53:58.017" intervalms="78.159" />
<cycle-start id="4337" type="global" contextid="0" timestamp="2019-08-09T18:53:58.017" intervalms="78.139" />
<gc-start id="4338" type="global" contextid="4337" timestamp="2019-08-09T18:53:58.017">
  <mem-info id="4339" free="437248" total="43778048" percent="0">
    <mem type="tenure" free="437248" total="43778048" percent="0">
      <mem type="soa" free="0" total="43340800" percent="0" />
      <mem type="loa" free="437248" total="437248" percent="100" />
    </mem>
  </mem-info>
</gc-start>
<allocation-stats totalBytes="25313304" >
  <allocated-bytes non-tlh="0" tlh="25313304" />
  <largest-consumer threadName="main" threadId="00000000023ECF00" bytes="25313304" />
</allocation-stats>
<gc-op id="4340" type="mark" timems="9.717" contextid="4337" timestamp="2019-08-09T18:53:58.027">
  <trace-info objectcount="600800" scancount="521684" scanbytes="13389664" />
  <finalization candidates="80" enqueued="0" />
  <ownableSynchronizers candidates="21" cleared="0" />
  <references type="soft" candidates="3261" cleared="0" enqueued="0" dynamicThreshold="18" maxThreshold="32" />
  <references type="weak" candidates="5602" cleared="0" enqueued="0" />
  <references type="phantom" candidates="97" cleared="0" enqueued="0" />
  <stringconstants candidates="13602" cleared="0"  />
</gc-op>
<gc-op id="4341" type="sweep" timems="2.571" contextid="4337" timestamp="2019-08-09T18:53:58.030" />
<mem-info id="4342" free="25794944" total="43778048" percent="58">
  <mem type="tenure" free="25794944" total="43778048" percent="58" micro-fragmented="0" macro-fragmented="0">
    <mem type="soa" free="25357696" total="43340800" percent="58" />
    <mem type="loa" free="437248" total="437248" percent="100" />
  </mem>
</mem-info>
<gc-op id="4343" type="compact" timems="26.069" contextid="4337" timestamp="2019-08-09T18:53:58.056">
  <compact-info movecount="3" movebytes="72" reason="compact to aid heap contraction" />
</gc-op>
<heap-resize id="4344" type="expand" space="tenure" amount="131072" count="1" timems="0.024" reason="satisfy allocation request" timestamp="2019-08-09T18:53:58.056" />
<gc-end id="4345" type="global" contextid="4337" durationms="39.066" usertimems="130.529" systemtimems="0.000" timestamp="2019-08-09T18:53:58.057" activeThreads="16">
  <mem-info id="4346" free="25860528" total="43909120" percent="58">
    <mem type="tenure" free="25860528" total="43909120" percent="58">
      <mem type="soa" free="25422256" total="43470848" percent="58" />
      <mem type="loa" free="438272" total="438272" percent="100" />
    </mem>
  </mem-info>
</gc-end>
<cycle-end id="4347" type="global" contextid="4337" timestamp="2019-08-09T18:53:58.057" />
  <attribute name="elasticGC enabled" value="1" />
  <attribute name= "numThreadsSpecified" value="16" />
  <attribute name="heapSize specified" value="43778048" />
  <attribute name="Current GC Util" value="43" />
  <attribute name= "Current Time Running" value="178000" />
  <attribute name ="GC Interval" value="0" />
  <attribute name="Target GC Util Change" value ="80.000000" />
  <attribute name="Current GC Util Change" value="43.000000"/>
  <attribute name="Current Error" value="-684.000000" />
  <attribute name="Output H" value="43852944"/>
  <attribute name="Output I" value="1224"/>
  <attribute name="Output T" value="16"/>
  <attribute name= "Current Time Running" value="178000" />
  <attribute name="GC Util currently" value="43" />
  <attribute name="CPU Util currently" value="44111431195" />
<allocation-satisfied id="4348" threadId="00000000023ECF00" bytesRequested="584" />
<af-end id="4349" timestamp="2019-08-09T18:53:58.057" threadId="00000000023ED888" success="true" />
<exclusive-end id="4350" timestamp="2019-08-09T18:53:58.057" durationms="39.354" />

<exclusive-start id="4351" timestamp="2019-08-09T18:53:58.106" intervalms="89.013">
  <response-info timems="0.054" idlems="0.054" threads="0" lastid="00000000023ECF00" lastname="main" />
</exclusive-start>
<af-start id="4352" threadId="00000000023ED888" totalBytesRequested="488" timestamp="2019-08-09T18:53:58.106" intervalms="89.014" />
<cycle-start id="4353" type="global" contextid="0" timestamp="2019-08-09T18:53:58.106" intervalms="89.007" />
<gc-start id="4354" type="global" contextid="4353" timestamp="2019-08-09T18:53:58.106">
  <mem-info id="4355" free="438272" total="43909120" percent="0">
    <mem type="tenure" free="438272" total="43909120" percent="0">
      <mem type="soa" free="0" total="43470848" percent="0" />
      <mem type="loa" free="438272" total="438272" percent="100" />
    </mem>
  </mem-info>
</gc-start>
<allocation-stats totalBytes="25443504" >
  <allocated-bytes non-tlh="0" tlh="25443504" />
  <largest-consumer threadName="main" threadId="00000000023ECF00" bytes="25443504" />
</allocation-stats>
<gc-op id="4356" type="mark" timems="228.237" contextid="4353" timestamp="2019-08-09T18:53:58.335">
  <trace-info objectcount="600800" scancount="521701" scanbytes="13389664" />
  <finalization candidates="80" enqueued="0" />
  <ownableSynchronizers candidates="21" cleared="0" />
  <references type="soft" candidates="3261" cleared="0" enqueued="0" dynamicThreshold="18" maxThreshold="32" />
  <references type="weak" candidates="5602" cleared="0" enqueued="0" />
  <references type="phantom" candidates="97" cleared="0" enqueued="0" />
  <stringconstants candidates="13602" cleared="0"  />
</gc-op>
<gc-op id="4357" type="sweep" timems="9.522" contextid="4353" timestamp="2019-08-09T18:53:58.346" />
<mem-info id="4358" free="25925888" total="43909120" percent="59">
  <mem type="tenure" free="25925888" total="43909120" percent="59" micro-fragmented="0" macro-fragmented="0">
    <mem type="soa" free="25487616" total="43470848" percent="58" />
    <mem type="loa" free="438272" total="438272" percent="100" />
  </mem>
</mem-info>
<gc-op id="4359" type="compact" timems="124.956" contextid="4353" timestamp="2019-08-09T18:53:58.471">
  <compact-info movecount="3" movebytes="72" reason="compact to aid heap contraction" />
</gc-op>
<heap-resize id="4360" type="expand" space="tenure" amount="131072" count="1" timems="0.029" reason="satisfy allocation request" timestamp="2019-08-09T18:53:58.478" />
<gc-end id="4361" type="global" contextid="4353" durationms="374.336" usertimems="817.134" systemtimems="0.000" timestamp="2019-08-09T18:53:58.481" activeThreads="16">
  <mem-info id="4362" free="25991600" total="44040192" percent="59">
    <mem type="tenure" free="25991600" total="44040192" percent="59">
      <mem type="soa" free="25551280" total="43599872" percent="58" />
      <mem type="loa" free="440320" total="440320" percent="100" />
    </mem>
  </mem-info>
</gc-end>
<cycle-end id="4363" type="global" contextid="4353" timestamp="2019-08-09T18:53:58.481" />
  <attribute name="elasticGC enabled" value="1" />
  <attribute name= "numThreadsSpecified" value="16" />
  <attribute name="heapSize specified" value="43909120" />
  <attribute name="Current GC Util" value="11" />
  <attribute name= "Current Time Running" value="178415" />
  <attribute name ="GC Interval" value="0" />
  <attribute name="Target GC Util Change" value ="80.000000" />
  <attribute name="Current GC Util Change" value="11.000000"/>
  <attribute name="Current Error" value="118.000000" />
  <attribute name="Output H" value="43984936"/>
  <attribute name="Output I" value="2144"/>
  <attribute name="Output T" value="16"/>
  <attribute name= "Current Time Running" value="178415" />
  <attribute name="GC Util currently" value="11" />
  <attribute name="CPU Util currently" value="9228785186" />
<allocation-satisfied id="4364" threadId="00000000023ECF00" bytesRequested="488" />
<af-end id="4365" timestamp="2019-08-09T18:53:58.481" threadId="00000000023ED888" success="true" />
<exclusive-end id="4366" timestamp="2019-08-09T18:53:58.481" durationms="374.712" />

<exclusive-start id="4367" timestamp="2019-08-09T18:53:58.529" intervalms="423.036">
  <response-info timems="0.181" idlems="0.181" threads="0" lastid="00000000023ECF00" lastname="main" />
</exclusive-start>
<af-start id="4368" threadId="00000000023ED888" totalBytesRequested="32" timestamp="2019-08-09T18:53:58.530" intervalms="423.671" />
<cycle-start id="4369" type="global" contextid="0" timestamp="2019-08-09T18:53:58.530" intervalms="423.670" />
<gc-start id="4370" type="global" contextid="4369" timestamp="2019-08-09T18:53:58.530">
  <mem-info id="4371" free="440320" total="44040192" percent="0">
    <mem type="tenure" free="440320" total="44040192" percent="0">
      <mem type="soa" free="0" total="43599872" percent="0" />
      <mem type="loa" free="440320" total="440320" percent="100" />
    </mem>
  </mem-info>
</gc-start>
<allocation-stats totalBytes="25571976" >
  <allocated-bytes non-tlh="0" tlh="25571976" />
  <largest-consumer threadName="main" threadId="00000000023ECF00" bytes="25571976" />
</allocation-stats>
<gc-op id="4372" type="mark" timems="39.915" contextid="4369" timestamp="2019-08-09T18:53:58.570">
  <trace-info objectcount="600801" scancount="521679" scanbytes="13389664" />
  <finalization candidates="80" enqueued="0" />
  <ownableSynchronizers candidates="21" cleared="0" />
  <references type="soft" candidates="3261" cleared="0" enqueued="0" dynamicThreshold="18" maxThreshold="32" />
  <references type="weak" candidates="5602" cleared="0" enqueued="0" />
  <references type="phantom" candidates="97" cleared="0" enqueued="0" />
  <stringconstants candidates="13602" cleared="0"  />
</gc-op>
<gc-op id="4373" type="sweep" timems="1.469" contextid="4369" timestamp="2019-08-09T18:53:58.572" />
<mem-info id="4374" free="26056568" total="44040192" percent="59">
  <mem type="tenure" free="26056568" total="44040192" percent="59" micro-fragmented="0" macro-fragmented="0">
    <mem type="soa" free="25616248" total="43599872" percent="58" />
    <mem type="loa" free="440320" total="440320" percent="100" />
  </mem>
</mem-info>
<gc-op id="4375" type="compact" timems="23.808" contextid="4369" timestamp="2019-08-09T18:53:58.595">
  <compact-info movecount="4" movebytes="616" reason="compact to aid heap contraction" />
</gc-op>
<heap-resize id="4376" type="expand" space="tenure" amount="131072" count="1" timems="0.019" reason="satisfy allocation request" timestamp="2019-08-09T18:53:58.596" />
<gc-end id="4377" type="global" contextid="4369" durationms="65.877" usertimems="114.289" systemtimems="0.000" timestamp="2019-08-09T18:53:58.596" activeThreads="16">
  <mem-info id="4378" free="26122128" total="44171264" percent="59">
    <mem type="tenure" free="26122128" total="44171264" percent="59">
      <mem type="soa" free="25680784" total="43729920" percent="58" />
      <mem type="loa" free="441344" total="441344" percent="100" />
    </mem>
  </mem-info>
</gc-end>
<cycle-end id="4379" type="global" contextid="4369" timestamp="2019-08-09T18:53:58.596" />
  <attribute name="elasticGC enabled" value="1" />
  <attribute name= "numThreadsSpecified" value="16" />
  <attribute name="heapSize specified" value="44040192" />
  <attribute name="Current GC Util" value="55" />
  <attribute name= "Current Time Running" value="178539" />
  <attribute name ="GC Interval" value="0" />
  <attribute name="Target GC Util Change" value ="80.000000" />
  <attribute name="Current GC Util Change" value="55.000000"/>
  <attribute name="Current Error" value="25.000000" />
  <attribute name="Output H" value="44115904"/>
  <attribute name="Output I" value="2040"/>
  <attribute name="Output T" value="16"/>
  <attribute name= "Current Time Running" value="178539" />
  <attribute name="GC Util currently" value="55" />
  <attribute name="CPU Util currently" value="48312738684" />
<allocation-satisfied id="4380" threadId="00000000023ECF00" bytesRequested="32" />
<af-end id="4381" timestamp="2019-08-09T18:53:58.596" threadId="00000000023ED888" success="true" />
<exclusive-end id="4382" timestamp="2019-08-09T18:53:58.596" durationms="66.745" />

<exclusive-start id="4383" timestamp="2019-08-09T18:53:58.866" intervalms="336.391">
  <response-info timems="0.023" idlems="0.023" threads="0" lastid="00000000023ECF00" lastname="main" />
</exclusive-start>
<af-start id="4384" threadId="00000000023ED888" totalBytesRequested="32" timestamp="2019-08-09T18:53:58.866" intervalms="335.770" />
<cycle-start id="4385" type="global" contextid="0" timestamp="2019-08-09T18:53:58.866" intervalms="335.815" />
<gc-start id="4386" type="global" contextid="4385" timestamp="2019-08-09T18:53:58.866">
  <mem-info id="4387" free="441344" total="44171264" percent="0">
    <mem type="tenure" free="441344" total="44171264" percent="0">
      <mem type="soa" free="0" total="43729920" percent="0" />
      <mem type="loa" free="441344" total="441344" percent="100" />
    </mem>
  </mem-info>
</gc-start>
<allocation-stats totalBytes="25716960" >
  <allocated-bytes non-tlh="0" tlh="25716960" />
  <largest-consumer threadName="main" threadId="00000000023ECF00" bytes="25716960" />
</allocation-stats>
<gc-op id="4388" type="mark" timems="9.646" contextid="4385" timestamp="2019-08-09T18:53:58.876">
  <trace-info objectcount="600820" scancount="521700" scanbytes="13390156" />
  <finalization candidates="80" enqueued="0" />
  <ownableSynchronizers candidates="21" cleared="0" />
  <references type="soft" candidates="3261" cleared="0" enqueued="0" dynamicThreshold="18" maxThreshold="32" />
  <references type="weak" candidates="5602" cleared="0" enqueued="0" />
  <references type="phantom" candidates="97" cleared="0" enqueued="0" />
  <stringconstants candidates="13602" cleared="0"  />
</gc-op>
<gc-op id="4389" type="sweep" timems="2.901" contextid="4385" timestamp="2019-08-09T18:53:58.879" />
<mem-info id="4390" free="26185056" total="44171264" percent="59">
  <mem type="tenure" free="26185056" total="44171264" percent="59" micro-fragmented="2068" macro-fragmented="0">
    <mem type="soa" free="25743712" total="43729920" percent="58" />
    <mem type="loa" free="441344" total="441344" percent="100" />
  </mem>
</mem-info>
<gc-op id="4391" type="compact" timems="37.631" contextid="4385" timestamp="2019-08-09T18:53:58.916">
  <compact-info movecount="380" movebytes="11104" reason="compact to aid heap contraction" />
</gc-op>
<heap-resize id="4392" type="expand" space="tenure" amount="131072" count="1" timems="0.021" reason="satisfy allocation request" timestamp="2019-08-09T18:53:58.917" />
<gc-end id="4393" type="global" contextid="4385" durationms="51.194" usertimems="89.730" systemtimems="0.000" timestamp="2019-08-09T18:53:58.917" activeThreads="16">
  <mem-info id="4394" free="26252904" total="44302336" percent="59">
    <mem type="tenure" free="26252904" total="44302336" percent="59">
      <mem type="soa" free="25810536" total="43859968" percent="58" />
      <mem type="loa" free="442368" total="442368" percent="100" />
    </mem>
  </mem-info>
</gc-end>
<cycle-end id="4395" type="global" contextid="4385" timestamp="2019-08-09T18:53:58.917" />
  <attribute name="elasticGC enabled" value="1" />
  <attribute name= "numThreadsSpecified" value="16" />
  <attribute name="heapSize specified" value="44171264" />
  <attribute name="Current GC Util" value="39" />
  <attribute name= "Current Time Running" value="178860" />
  <attribute name ="GC Interval" value="0" />
  <attribute name="Target GC Util Change" value ="80.000000" />
  <attribute name="Current GC Util Change" value="39.000000"/>
  <attribute name="Current Error" value="-174.000000" />
  <attribute name="Output H" value="44246744"/>
  <attribute name="Output I" value="1808"/>
  <attribute name="Output T" value="16"/>
  <attribute name= "Current Time Running" value="178860" />
  <attribute name="GC Util currently" value="39" />
  <attribute name="CPU Util currently" value="30604530623" />
<allocation-satisfied id="4396" threadId="00000000023ECF00" bytesRequested="32" />
<af-end id="4397" timestamp="2019-08-09T18:53:58.917" threadId="00000000023ED888" success="true" />
<exclusive-end id="4398" timestamp="2019-08-09T18:53:58.917" durationms="51.459" />

<exclusive-start id="4399" timestamp="2019-08-09T18:53:58.990" intervalms="124.798">
  <response-info timems="0.087" idlems="0.087" threads="0" lastid="00000000023ECF00" lastname="main" />
</exclusive-start>
<af-start id="4400" threadId="00000000023ED888" totalBytesRequested="456" timestamp="2019-08-09T18:53:58.991" intervalms="124.789" />
<cycle-start id="4401" type="global" contextid="0" timestamp="2019-08-09T18:53:58.991" intervalms="124.736" />
<gc-start id="4402" type="global" contextid="4401" timestamp="2019-08-09T18:53:58.991">
  <mem-info id="4403" free="442368" total="44302336" percent="0">
    <mem type="tenure" free="442368" total="44302336" percent="0">
      <mem type="soa" free="0" total="43859968" percent="0" />
      <mem type="loa" free="442368" total="442368" percent="100" />
    </mem>
  </mem-info>
</gc-start>
<allocation-stats totalBytes="25847128" >
  <allocated-bytes non-tlh="0" tlh="25847128" />
  <largest-consumer threadName="main" threadId="00000000023ECF00" bytes="25847128" />
</allocation-stats>
<gc-op id="4404" type="mark" timems="8.758" contextid="4401" timestamp="2019-08-09T18:53:59.000">
  <trace-info objectcount="600817" scancount="521698" scanbytes="13390108" />
  <finalization candidates="80" enqueued="0" />
  <ownableSynchronizers candidates="21" cleared="0" />
  <references type="soft" candidates="3261" cleared="0" enqueued="0" dynamicThreshold="18" maxThreshold="32" />
  <references type="weak" candidates="5602" cleared="0" enqueued="0" />
  <references type="phantom" candidates="97" cleared="0" enqueued="0" />
  <stringconstants candidates="13602" cleared="0"  />
</gc-op>
<gc-op id="4405" type="sweep" timems="1.823" contextid="4401" timestamp="2019-08-09T18:53:59.001" />
<mem-info id="4406" free="26318416" total="44302336" percent="59">
  <mem type="tenure" free="26318416" total="44302336" percent="59" micro-fragmented="0" macro-fragmented="0">
    <mem type="soa" free="25876048" total="43859968" percent="58" />
    <mem type="loa" free="442368" total="442368" percent="100" />
  </mem>
</mem-info>
<gc-op id="4407" type="compact" timems="23.826" contextid="4401" timestamp="2019-08-09T18:53:59.025">
  <compact-info movecount="10" movebytes="736" reason="compact to aid heap contraction" />
</gc-op>
<heap-resize id="4408" type="expand" space="tenure" amount="131072" count="1" timems="0.024" reason="satisfy allocation request" timestamp="2019-08-09T18:53:59.026" />
<gc-end id="4409" type="global" contextid="4401" durationms="35.539" usertimems="85.645" systemtimems="0.000" timestamp="2019-08-09T18:53:59.026" activeThreads="16">
  <mem-info id="4410" free="26384488" total="44433408" percent="59">
    <mem type="tenure" free="26384488" total="44433408" percent="59">
      <mem type="soa" free="25941096" total="43990016" percent="58" />
      <mem type="loa" free="443392" total="443392" percent="100" />
    </mem>
  </mem-info>
</gc-end>
<cycle-end id="4411" type="global" contextid="4401" timestamp="2019-08-09T18:53:59.026" />
  <attribute name="elasticGC enabled" value="1" />
  <attribute name= "numThreadsSpecified" value="16" />
  <attribute name="heapSize specified" value="44302336" />
  <attribute name="Current GC Util" value="59" />
  <attribute name= "Current Time Running" value="178969" />
  <attribute name ="GC Interval" value="0" />
  <attribute name="Target GC Util Change" value ="80.000000" />
  <attribute name="Current GC Util Change" value="59.000000"/>
  <attribute name="Current Error" value="-426.000000" />
  <attribute name="Output H" value="44377528"/>
  <attribute name="Output I" value="1520"/>
  <attribute name="Output T" value="16"/>
  <attribute name= "Current Time Running" value="178969" />
  <attribute name="GC Util currently" value="59" />
  <attribute name="CPU Util currently" value="48208702011" />
<allocation-satisfied id="4412" threadId="00000000023ECF00" bytesRequested="456" />
<af-end id="4413" timestamp="2019-08-09T18:53:59.026" threadId="00000000023ED888" success="true" />
<exclusive-end id="4414" timestamp="2019-08-09T18:53:59.026" durationms="35.874" />

<exclusive-start id="4415" timestamp="2019-08-09T18:53:59.088" intervalms="97.624">
  <response-info timems="0.059" idlems="0.059" threads="0" lastid="00000000023ECF00" lastname="main" />
</exclusive-start>
<af-start id="4416" threadId="00000000023ED888" totalBytesRequested="208" timestamp="2019-08-09T18:53:59.088" intervalms="97.638" />
<cycle-start id="4417" type="global" contextid="0" timestamp="2019-08-09T18:53:59.088" intervalms="97.642" />
<gc-start id="4418" type="global" contextid="4417" timestamp="2019-08-09T18:53:59.088">
  <mem-info id="4419" free="443392" total="44433408" percent="0">
    <mem type="tenure" free="443392" total="44433408" percent="0">
      <mem type="soa" free="0" total="43990016" percent="0" />
      <mem type="loa" free="443392" total="443392" percent="100" />
    </mem>
  </mem-info>
</gc-start>
<allocation-stats totalBytes="25984072" >
  <allocated-bytes non-tlh="0" tlh="25984072" />
  <largest-consumer threadName="main" threadId="00000000023ECF00" bytes="25984072" />
</allocation-stats>
<gc-op id="4420" type="mark" timems="57.524" contextid="4417" timestamp="2019-08-09T18:53:59.146">
  <trace-info objectcount="600826" scancount="521708" scanbytes="13390792" />
  <finalization candidates="80" enqueued="0" />
  <ownableSynchronizers candidates="21" cleared="0" />
  <references type="soft" candidates="3261" cleared="0" enqueued="0" dynamicThreshold="19" maxThreshold="32" />
  <references type="weak" candidates="5602" cleared="0" enqueued="0" />
  <references type="phantom" candidates="97" cleared="0" enqueued="0" />
  <stringconstants candidates="13602" cleared="0"  />
</gc-op>
<gc-op id="4421" type="sweep" timems="10.102" contextid="4417" timestamp="2019-08-09T18:53:59.158" />
<mem-info id="4422" free="26448584" total="44433408" percent="59">
  <mem type="tenure" free="26448584" total="44433408" percent="59" micro-fragmented="0" macro-fragmented="0">
    <mem type="soa" free="26005192" total="43990016" percent="59" />
    <mem type="loa" free="443392" total="443392" percent="100" />
  </mem>
</mem-info>
<gc-op id="4423" type="compact" timems="38.163" contextid="4417" timestamp="2019-08-09T18:53:59.196">
  <compact-info movecount="32" movebytes="1440" reason="compact to aid heap contraction" />
</gc-op>
<heap-resize id="4424" type="expand" space="tenure" amount="131072" count="1" timems="0.020" reason="satisfy allocation request" timestamp="2019-08-09T18:53:59.197" />
<gc-end id="4425" type="global" contextid="4417" durationms="108.599" usertimems="219.180" systemtimems="0.000" timestamp="2019-08-09T18:53:59.197" activeThreads="16">
  <mem-info id="4426" free="26515328" total="44564480" percent="59">
    <mem type="tenure" free="26515328" total="44564480" percent="59">
      <mem type="soa" free="26069888" total="44119040" percent="59" />
      <mem type="loa" free="445440" total="445440" percent="100" />
    </mem>
  </mem-info>
</gc-end>
<cycle-end id="4427" type="global" contextid="4417" timestamp="2019-08-09T18:53:59.197" />
  <attribute name="elasticGC enabled" value="1" />
  <attribute name= "numThreadsSpecified" value="16" />
  <attribute name="heapSize specified" value="44433408" />
  <attribute name="Current GC Util" value="43" />
  <attribute name= "Current Time Running" value="179140" />
  <attribute name ="GC Interval" value="0" />
  <attribute name="Target GC Util Change" value ="80.000000" />
  <attribute name="Current GC Util Change" value="43.000000"/>
  <attribute name="Current Error" value="37.000000" />
  <attribute name="Output H" value="44509136"/>
  <attribute name="Output I" value="2056"/>
  <attribute name="Output T" value="16"/>
  <attribute name= "Current Time Running" value="179140" />
  <attribute name="GC Util currently" value="43" />
  <attribute name="CPU Util currently" value="30200696897" />
<allocation-satisfied id="4428" threadId="00000000023ECF00" bytesRequested="208" />
<af-end id="4429" timestamp="2019-08-09T18:53:59.197" threadId="00000000023ED888" success="true" />
<exclusive-end id="4430" timestamp="2019-08-09T18:53:59.197" durationms="108.921" />

<exclusive-start id="4431" timestamp="2019-08-09T18:53:59.227" intervalms="138.505">
  <response-info timems="0.110" idlems="0.110" threads="0" lastid="00000000023ECF00" lastname="main" />
</exclusive-start>
<af-start id="4432" threadId="00000000023ED888" totalBytesRequested="408" timestamp="2019-08-09T18:53:59.227" intervalms="138.496" />
<cycle-start id="4433" type="global" contextid="0" timestamp="2019-08-09T18:53:59.227" intervalms="138.493" />
<gc-start id="4434" type="global" contextid="4433" timestamp="2019-08-09T18:53:59.227">
  <mem-info id="4435" free="445440" total="44564480" percent="0">
    <mem type="tenure" free="445440" total="44564480" percent="0">
      <mem type="soa" free="0" total="44119040" percent="0" />
      <mem type="loa" free="445440" total="445440" percent="100" />
    </mem>
  </mem-info>
</gc-start>
<allocation-stats totalBytes="26116360" >
  <allocated-bytes non-tlh="0" tlh="26116360" />
  <largest-consumer threadName="main" threadId="00000000023ECF00" bytes="26116360" />
</allocation-stats>
<gc-op id="4436" type="mark" timems="9.005" contextid="4433" timestamp="2019-08-09T18:53:59.236">
  <trace-info objectcount="600826" scancount="521708" scanbytes="13390772" />
  <finalization candidates="80" enqueued="0" />
  <ownableSynchronizers candidates="21" cleared="0" />
  <references type="soft" candidates="3261" cleared="0" enqueued="0" dynamicThreshold="19" maxThreshold="32" />
  <references type="weak" candidates="5602" cleared="0" enqueued="0" />
  <references type="phantom" candidates="97" cleared="0" enqueued="0" />
  <stringconstants candidates="13602" cleared="0"  />
</gc-op>
<gc-op id="4437" type="sweep" timems="1.710" contextid="4433" timestamp="2019-08-09T18:53:59.238" />
<mem-info id="4438" free="26580472" total="44564480" percent="59">
  <mem type="tenure" free="26580472" total="44564480" percent="59" micro-fragmented="0" macro-fragmented="0">
    <mem type="soa" free="26135032" total="44119040" percent="59" />
    <mem type="loa" free="445440" total="445440" percent="100" />
  </mem>
</mem-info>
<gc-op id="4439" type="compact" timems="26.974" contextid="4433" timestamp="2019-08-09T18:53:59.265">
  <compact-info movecount="5" movebytes="144" reason="compact to aid heap contraction" />
</gc-op>
<heap-resize id="4440" type="expand" space="tenure" amount="131072" count="1" timems="0.028" reason="satisfy allocation request" timestamp="2019-08-09T18:53:59.267" />
<gc-end id="4441" type="global" contextid="4433" durationms="40.007" usertimems="121.287" systemtimems="0.000" timestamp="2019-08-09T18:53:59.267" activeThreads="16">
  <mem-info id="4442" free="26646416" total="44695552" percent="59">
    <mem type="tenure" free="26646416" total="44695552" percent="59">
      <mem type="soa" free="26199952" total="44249088" percent="59" />
      <mem type="loa" free="446464" total="446464" percent="100" />
    </mem>
  </mem-info>
</gc-end>
<cycle-end id="4443" type="global" contextid="4433" timestamp="2019-08-09T18:53:59.267" />
  <attribute name="elasticGC enabled" value="1" />
  <attribute name= "numThreadsSpecified" value="16" />
  <attribute name="heapSize specified" value="44564480" />
  <attribute name="Current GC Util" value="35" />
  <attribute name= "Current Time Running" value="179209" />
  <attribute name ="GC Interval" value="0" />
  <attribute name="Target GC Util Change" value ="80.000000" />
  <attribute name="Current GC Util Change" value="35.000000"/>
  <attribute name="Current Error" value="-459.000000" />
  <attribute name="Output H" value="44639632"/>
  <attribute name="Output I" value="1480"/>
  <attribute name="Output T" value="16"/>
  <attribute name= "Current Time Running" value="179209" />
  <attribute name="GC Util currently" value="35" />
  <attribute name="CPU Util currently" value="41832005771" />
<allocation-satisfied id="4444" threadId="00000000023ECF00" bytesRequested="408" />
<af-end id="4445" timestamp="2019-08-09T18:53:59.267" threadId="00000000023ED888" success="true" />
<exclusive-end id="4446" timestamp="2019-08-09T18:53:59.267" durationms="40.527" />

<exclusive-start id="4447" timestamp="2019-08-09T18:53:59.294" intervalms="67.298">
  <response-info timems="0.113" idlems="0.113" threads="0" lastid="00000000023ECF00" lastname="main" />
</exclusive-start>
<af-start id="4448" threadId="00000000023ED888" totalBytesRequested="408" timestamp="2019-08-09T18:53:59.294" intervalms="67.316" />
<cycle-start id="4449" type="global" contextid="0" timestamp="2019-08-09T18:53:59.294" intervalms="67.317" />
<gc-start id="4450" type="global" contextid="4449" timestamp="2019-08-09T18:53:59.294">
  <mem-info id="4451" free="446464" total="44695552" percent="0">
    <mem type="tenure" free="446464" total="44695552" percent="0">
      <mem type="soa" free="0" total="44249088" percent="0" />
      <mem type="loa" free="446464" total="446464" percent="100" />
    </mem>
  </mem-info>
</gc-start>
<allocation-stats totalBytes="26245656" >
  <allocated-bytes non-tlh="0" tlh="26245656" />
  <largest-consumer threadName="main" threadId="00000000023ECF00" bytes="26245656" />
</allocation-stats>
<gc-op id="4452" type="mark" timems="43.137" contextid="4449" timestamp="2019-08-09T18:53:59.337">
  <trace-info objectcount="600826" scancount="521710" scanbytes="13391148" />
  <finalization candidates="80" enqueued="0" />
  <ownableSynchronizers candidates="21" cleared="0" />
  <references type="soft" candidates="3261" cleared="0" enqueued="0" dynamicThreshold="19" maxThreshold="32" />
  <references type="weak" candidates="5602" cleared="0" enqueued="0" />
  <references type="phantom" candidates="97" cleared="0" enqueued="0" />
  <stringconstants candidates="13602" cleared="0"  />
</gc-op>
<gc-op id="4453" type="sweep" timems="8.586" contextid="4449" timestamp="2019-08-09T18:53:59.346" />
<mem-info id="4454" free="26711360" total="44695552" percent="59">
  <mem type="tenure" free="26711360" total="44695552" percent="59" micro-fragmented="0" macro-fragmented="0">
    <mem type="soa" free="26264896" total="44249088" percent="59" />
    <mem type="loa" free="446464" total="446464" percent="100" />
  </mem>
</mem-info>
<gc-op id="4455" type="compact" timems="65.144" contextid="4449" timestamp="2019-08-09T18:53:59.411">
  <compact-info movecount="5" movebytes="520" reason="compact to aid heap contraction" />
</gc-op>
<heap-resize id="4456" type="expand" space="tenure" amount="131072" count="1" timems="0.023" reason="satisfy allocation request" timestamp="2019-08-09T18:53:59.412" />
<gc-end id="4457" type="global" contextid="4449" durationms="118.426" usertimems="178.620" systemtimems="0.000" timestamp="2019-08-09T18:53:59.413" activeThreads="16">
  <mem-info id="4458" free="26777112" total="44826624" percent="59">
    <mem type="tenure" free="26777112" total="44826624" percent="59">
      <mem type="soa" free="26329624" total="44379136" percent="59" />
      <mem type="loa" free="447488" total="447488" percent="100" />
    </mem>
  </mem-info>
</gc-end>
<cycle-end id="4459" type="global" contextid="4449" timestamp="2019-08-09T18:53:59.414" />
  <attribute name="elasticGC enabled" value="1" />
  <attribute name= "numThreadsSpecified" value="16" />
  <attribute name="heapSize specified" value="44695552" />
  <attribute name="Current GC Util" value="38" />
  <attribute name= "Current Time Running" value="179355" />
  <attribute name ="GC Interval" value="0" />
  <attribute name="Target GC Util Change" value ="80.000000" />
  <attribute name="Current GC Util Change" value="38.000000"/>
  <attribute name="Current Error" value="-66.000000" />
  <attribute name="Output H" value="44771160"/>
  <attribute name="Output I" value="1936"/>
  <attribute name="Output T" value="16"/>
  <attribute name= "Current Time Running" value="179355" />
  <attribute name="GC Util currently" value="38" />
  <attribute name="CPU Util currently" value="17625184870" />
<allocation-satisfied id="4460" threadId="00000000023ECF00" bytesRequested="408" />
<af-end id="4461" timestamp="2019-08-09T18:53:59.414" threadId="00000000023ED888" success="true" />
<exclusive-end id="4462" timestamp="2019-08-09T18:53:59.414" durationms="119.912" />

<exclusive-start id="4463" timestamp="2019-08-09T18:53:59.668" intervalms="374.077">
  <response-info timems="0.041" idlems="0.041" threads="0" lastid="00000000023ECF00" lastname="main" />
</exclusive-start>
<af-start id="4464" threadId="00000000023ED888" totalBytesRequested="16" timestamp="2019-08-09T18:53:59.668" intervalms="374.048" />
<cycle-start id="4465" type="global" contextid="0" timestamp="2019-08-09T18:53:59.668" intervalms="374.038" />
<gc-start id="4466" type="global" contextid="4465" timestamp="2019-08-09T18:53:59.668">
  <mem-info id="4467" free="447488" total="44826624" percent="0">
    <mem type="tenure" free="447488" total="44826624" percent="0">
      <mem type="soa" free="0" total="44379136" percent="0" />
      <mem type="loa" free="447488" total="447488" percent="100" />
    </mem>
  </mem-info>
</gc-start>
<allocation-stats totalBytes="26362256" >
  <allocated-bytes non-tlh="3776" tlh="26358480" />
  <largest-consumer threadName="main" threadId="00000000023ECF00" bytes="26362256" />
</allocation-stats>
<gc-op id="4468" type="mark" timems="46.104" contextid="4465" timestamp="2019-08-09T18:53:59.714">
  <trace-info objectcount="598926" scancount="519936" scanbytes="13344388" />
  <finalization candidates="80" enqueued="0" />
  <ownableSynchronizers candidates="21" cleared="0" />
  <references type="soft" candidates="3277" cleared="1422" enqueued="711" dynamicThreshold="19" maxThreshold="32" />
  <references type="weak" candidates="5662" cleared="10" enqueued="7" />
  <references type="phantom" candidates="97" cleared="0" enqueued="0" />
  <stringconstants candidates="13639" cleared="389"  />
</gc-op>
<gc-op id="4469" type="sweep" timems="15.374" contextid="4465" timestamp="2019-08-09T18:53:59.736" />
<mem-info id="4470" free="26788848" total="44826624" percent="59">
  <mem type="tenure" free="26788848" total="44826624" percent="59" micro-fragmented="63668" macro-fragmented="0">
    <mem type="soa" free="26341360" total="44379136" percent="59" />
    <mem type="loa" free="447488" total="447488" percent="100" />
  </mem>
  <pending-finalizers system="0" default="0" reference="718" classloader="0" />
</mem-info>
<gc-op id="4471" type="compact" timems="206.107" contextid="4465" timestamp="2019-08-09T18:53:59.942">
  <compact-info movecount="525550" movebytes="13628600" reason="compact to aid heap contraction" />
</gc-op>
<heap-resize id="4472" type="expand" space="tenure" amount="131072" count="1" timems="0.018" reason="satisfy allocation request" timestamp="2019-08-09T18:53:59.942" />
<gc-end id="4473" type="global" contextid="4465" durationms="274.300" usertimems="228.155" systemtimems="0.000" timestamp="2019-08-09T18:53:59.942" activeThreads="16">
  <mem-info id="4474" free="26930080" total="44957696" percent="59">
    <mem type="tenure" free="26930080" total="44957696" percent="59">
      <mem type="soa" free="26480544" total="44508160" percent="59" />
      <mem type="loa" free="449536" total="449536" percent="100" />
    </mem>
    <pending-finalizers system="0" default="0" reference="718" classloader="0" />
  </mem-info>
</gc-end>
<cycle-end id="4475" type="global" contextid="4465" timestamp="2019-08-09T18:53:59.942" />
  <attribute name="elasticGC enabled" value="1" />
  <attribute name= "numThreadsSpecified" value="16" />
  <attribute name="heapSize specified" value="44826624" />
  <attribute name="Current GC Util" value="11" />
  <attribute name= "Current Time Running" value="179886" />
  <attribute name ="GC Interval" value="0" />
  <attribute name="Target GC Util Change" value ="80.000000" />
  <attribute name="Current GC Util Change" value="11.000000"/>
  <attribute name="Current Error" value="69.000000" />
  <attribute name="Output H" value="44902384"/>
  <attribute name="Output I" value="2088"/>
  <attribute name="Output T" value="16"/>
  <attribute name= "Current Time Running" value="179886" />
  <attribute name="GC Util currently" value="11" />
  <attribute name="CPU Util currently" value="5595315762" />
<allocation-satisfied id="4476" threadId="00000000023ECF00" bytesRequested="16" />
<af-end id="4477" timestamp="2019-08-09T18:53:59.942" threadId="00000000023ED888" success="true" />
<exclusive-end id="4478" timestamp="2019-08-09T18:53:59.942" durationms="274.494" />

<exclusive-start id="4479" timestamp="2019-08-09T18:54:00.063" intervalms="394.985">
  <response-info timems="5.847" idlems="5.847" threads="0" lastid="00000000023ECF00" lastname="main" />
</exclusive-start>
<af-start id="4480" threadId="00000000023ED888" totalBytesRequested="16" timestamp="2019-08-09T18:54:00.063" intervalms="394.984" />
<cycle-start id="4481" type="global" contextid="0" timestamp="2019-08-09T18:54:00.063" intervalms="394.994" />
<gc-start id="4482" type="global" contextid="4481" timestamp="2019-08-09T18:54:00.063">
  <mem-info id="4483" free="449536" total="44957696" percent="0">
    <mem type="tenure" free="449536" total="44957696" percent="0">
      <mem type="soa" free="0" total="44508160" percent="0" />
      <mem type="loa" free="449536" total="449536" percent="100" />
    </mem>
  </mem-info>
</gc-start>
<allocation-stats totalBytes="26508104" >
  <allocated-bytes non-tlh="0" tlh="26508104" />
  <largest-consumer threadName="main" threadId="00000000023ECF00" bytes="26468712" />
</allocation-stats>
<gc-op id="4484" type="mark" timems="51.224" contextid="4481" timestamp="2019-08-09T18:54:00.114">
  <trace-info objectcount="598917" scancount="519932" scanbytes="13347196" />
  <finalization candidates="80" enqueued="0" />
  <ownableSynchronizers candidates="21" cleared="0" />
  <references type="soft" candidates="1855" cleared="0" enqueued="0" dynamicThreshold="19" maxThreshold="32" />
  <references type="weak" candidates="5652" cleared="0" enqueued="0" />
  <references type="phantom" candidates="97" cleared="0" enqueued="0" />
  <stringconstants candidates="13250" cleared="0"  />
</gc-op>
<gc-op id="4485" type="sweep" timems="6.625" contextid="4481" timestamp="2019-08-09T18:54:00.121" />
<mem-info id="4486" free="26992568" total="44957696" percent="60">
  <mem type="tenure" free="26992568" total="44957696" percent="60" micro-fragmented="0" macro-fragmented="0">
    <mem type="soa" free="26543032" total="44508160" percent="59" />
    <mem type="loa" free="449536" total="449536" percent="100" />
  </mem>
</mem-info>
<gc-op id="4487" type="compact" timems="54.455" contextid="4481" timestamp="2019-08-09T18:54:00.176">
  <compact-info movecount="829" movebytes="47944" reason="compact to aid heap contraction" />
</gc-op>
<heap-resize id="4488" type="expand" space="tenure" amount="131072" count="1" timems="0.023" reason="satisfy allocation request" timestamp="2019-08-09T18:54:00.178" />
<gc-end id="4489" type="global" contextid="4481" durationms="115.234" usertimems="138.919" systemtimems="0.000" timestamp="2019-08-09T18:54:00.178" activeThreads="16">
  <mem-info id="4490" free="27058456" total="45088768" percent="60">
    <mem type="tenure" free="27058456" total="45088768" percent="60">
      <mem type="soa" free="26607896" total="44638208" percent="59" />
      <mem type="loa" free="450560" total="450560" percent="100" />
    </mem>
  </mem-info>
</gc-end>
<cycle-end id="4491" type="global" contextid="4481" timestamp="2019-08-09T18:54:00.178" />
  <attribute name="elasticGC enabled" value="1" />
  <attribute name= "numThreadsSpecified" value="16" />
  <attribute name="heapSize specified" value="44957696" />
  <attribute name="Current GC Util" value="36" />
  <attribute name= "Current Time Running" value="180120" />
  <attribute name ="GC Interval" value="0" />
  <attribute name="Target GC Util Change" value ="80.000000" />
  <attribute name="Current GC Util Change" value="36.000000"/>
  <attribute name="Current Error" value="63.000000" />
  <attribute name="Output H" value="45033448"/>
  <attribute name="Output I" value="2080"/>
  <attribute name="Output T" value="16"/>
  <attribute name= "Current Time Running" value="180120" />
  <attribute name="GC Util currently" value="36" />
  <attribute name="CPU Util currently" value="21059446963" />
<allocation-satisfied id="4492" threadId="00000000023ECF00" bytesRequested="16" />
<af-end id="4493" timestamp="2019-08-09T18:54:00.179" threadId="00000000023ED888" success="true" />
<exclusive-end id="4494" timestamp="2019-08-09T18:54:00.179" durationms="115.561" />

<exclusive-start id="4495" timestamp="2019-08-09T18:54:00.237" intervalms="174.070">
  <response-info timems="0.081" idlems="0.081" threads="0" lastid="00000000023ECF00" lastname="main" />
</exclusive-start>
<af-start id="4496" threadId="00000000023ED888" totalBytesRequested="2016" timestamp="2019-08-09T18:54:00.237" intervalms="174.135" />
<cycle-start id="4497" type="global" contextid="0" timestamp="2019-08-09T18:54:00.237" intervalms="174.166" />
<gc-start id="4498" type="global" contextid="4497" timestamp="2019-08-09T18:54:00.237">
  <mem-info id="4499" free="450560" total="45088768" percent="0">
    <mem type="tenure" free="450560" total="45088768" percent="0">
      <mem type="soa" free="0" total="44638208" percent="0" />
      <mem type="loa" free="450560" total="450560" percent="100" />
    </mem>
  </mem-info>
</gc-start>
<allocation-stats totalBytes="26631376" >
  <allocated-bytes non-tlh="0" tlh="26631376" />
  <largest-consumer threadName="main" threadId="00000000023ECF00" bytes="26631376" />
</allocation-stats>
<gc-op id="4500" type="mark" timems="11.412" contextid="4497" timestamp="2019-08-09T18:54:00.249">
  <trace-info objectcount="598918" scancount="519928" scanbytes="13347220" />
  <finalization candidates="80" enqueued="0" />
  <ownableSynchronizers candidates="21" cleared="0" />
  <references type="soft" candidates="1855" cleared="0" enqueued="0" dynamicThreshold="19" maxThreshold="32" />
  <references type="weak" candidates="5652" cleared="0" enqueued="0" />
  <references type="phantom" candidates="97" cleared="0" enqueued="0" />
  <stringconstants candidates="13250" cleared="0"  />
</gc-op>
<gc-op id="4501" type="sweep" timems="3.139" contextid="4497" timestamp="2019-08-09T18:54:00.252" />
<mem-info id="4502" free="27123968" total="45088768" percent="60">
  <mem type="tenure" free="27123968" total="45088768" percent="60" micro-fragmented="0" macro-fragmented="0">
    <mem type="soa" free="26673408" total="44638208" percent="59" />
    <mem type="loa" free="450560" total="450560" percent="100" />
  </mem>
</mem-info>
<gc-op id="4503" type="compact" timems="31.200" contextid="4497" timestamp="2019-08-09T18:54:00.283">
  <compact-info movecount="4" movebytes="2112" reason="compact to aid heap contraction" />
</gc-op>
<heap-resize id="4504" type="expand" space="tenure" amount="131072" count="1" timems="0.020" reason="satisfy allocation request" timestamp="2019-08-09T18:54:00.284" />
<gc-end id="4505" type="global" contextid="4497" durationms="46.836" usertimems="102.128" systemtimems="0.000" timestamp="2019-08-09T18:54:00.284" activeThreads="16">
  <mem-info id="4506" free="27189504" total="45219840" percent="60">
    <mem type="tenure" free="27189504" total="45219840" percent="60">
      <mem type="soa" free="26737920" total="44768256" percent="59" />
      <mem type="loa" free="451584" total="451584" percent="100" />
    </mem>
  </mem-info>
</gc-end>
<cycle-end id="4507" type="global" contextid="4497" timestamp="2019-08-09T18:54:00.284" />
  <attribute name="elasticGC enabled" value="1" />
  <attribute name= "numThreadsSpecified" value="16" />
  <attribute name="heapSize specified" value="45088768" />
  <attribute name="Current GC Util" value="64" />
  <attribute name= "Current Time Running" value="180227" />
  <attribute name ="GC Interval" value="0" />
  <attribute name="Target GC Util Change" value ="80.000000" />
  <attribute name="Current GC Util Change" value="64.000000"/>
  <attribute name="Current Error" value="-458.000000" />
  <attribute name="Output H" value="45163920"/>
  <attribute name="Output I" value="1480"/>
  <attribute name="Output T" value="16"/>
  <attribute name= "Current Time Running" value="180227" />
  <attribute name="GC Util currently" value="64" />
  <attribute name="CPU Util currently" value="36909077470" />
<allocation-satisfied id="4508" threadId="00000000023ECF00" bytesRequested="2016" />
<af-end id="4509" timestamp="2019-08-09T18:54:00.284" threadId="00000000023ED888" success="true" />
<exclusive-end id="4510" timestamp="2019-08-09T18:54:00.284" durationms="47.173" />

<exclusive-start id="4511" timestamp="2019-08-09T18:54:01.018" intervalms="781.265">
  <response-info timems="0.080" idlems="0.080" threads="0" lastid="00000000023ECF00" lastname="main" />
</exclusive-start>
<af-start id="4512" threadId="00000000023ED888" totalBytesRequested="80" timestamp="2019-08-09T18:54:01.018" intervalms="781.212" />
<cycle-start id="4513" type="global" contextid="0" timestamp="2019-08-09T18:54:01.019" intervalms="781.293" />
<gc-start id="4514" type="global" contextid="4513" timestamp="2019-08-09T18:54:01.019">
  <mem-info id="4515" free="451584" total="45219840" percent="0">
    <mem type="tenure" free="451584" total="45219840" percent="0">
      <mem type="soa" free="0" total="44768256" percent="0" />
      <mem type="loa" free="451584" total="451584" percent="100" />
    </mem>
  </mem-info>
</gc-start>
<allocation-stats totalBytes="26795672" >
  <allocated-bytes non-tlh="0" tlh="26795672" />
  <largest-consumer threadName="main" threadId="00000000023ECF00" bytes="26795672" />
</allocation-stats>
<gc-op id="4516" type="mark" timems="8.568" contextid="4513" timestamp="2019-08-09T18:54:01.027">
  <trace-info objectcount="598947" scancount="519966" scanbytes="13348348" />
  <finalization candidates="80" enqueued="0" />
  <ownableSynchronizers candidates="21" cleared="0" />
  <references type="soft" candidates="1855" cleared="0" enqueued="0" dynamicThreshold="19" maxThreshold="32" />
  <references type="weak" candidates="5680" cleared="0" enqueued="0" />
  <references type="phantom" candidates="97" cleared="0" enqueued="0" />
  <stringconstants candidates="13250" cleared="0"  />
</gc-op>
<gc-op id="4517" type="sweep" timems="2.384" contextid="4513" timestamp="2019-08-09T18:54:01.030" />
<mem-info id="4518" free="27257488" total="45219840" percent="60">
  <mem type="tenure" free="27257488" total="45219840" percent="60" micro-fragmented="0" macro-fragmented="0">
    <mem type="soa" free="26805904" total="44768256" percent="59" />
    <mem type="loa" free="451584" total="451584" percent="100" />
  </mem>
</mem-info>
<gc-op id="4519" type="compact" timems="248.132" contextid="4513" timestamp="2019-08-09T18:54:01.278">
  <compact-info movecount="555054" movebytes="15421568" reason="compact to aid heap contraction" />
</gc-op>
<heap-resize id="4520" type="expand" space="tenure" amount="131072" count="1" timems="0.021" reason="satisfy allocation request" timestamp="2019-08-09T18:54:01.282" />
<gc-end id="4521" type="global" contextid="4513" durationms="263.351" usertimems="305.111" systemtimems="0.000" timestamp="2019-08-09T18:54:01.282" activeThreads="16">
  <mem-info id="4522" free="27324704" total="45350912" percent="60">
    <mem type="tenure" free="27324704" total="45350912" percent="60">
      <mem type="soa" free="26872096" total="44898304" percent="59" />
      <mem type="loa" free="452608" total="452608" percent="100" />
    </mem>
  </mem-info>
</gc-end>
<cycle-end id="4523" type="global" contextid="4513" timestamp="2019-08-09T18:54:01.282" />
  <attribute name="elasticGC enabled" value="1" />
  <attribute name= "numThreadsSpecified" value="16" />
  <attribute name="heapSize specified" value="45219840" />
  <attribute name="Current GC Util" value="5" />
  <attribute name= "Current Time Running" value="181222" />
  <attribute name ="GC Interval" value="0" />
  <attribute name="Target GC Util Change" value ="80.000000" />
  <attribute name="Current GC Util Change" value="5.000000"/>
  <attribute name="Current Error" value="75.000000" />
  <attribute name="Output H" value="45295608"/>
  <attribute name="Output I" value="2096"/>
  <attribute name="Output T" value="16"/>
  <attribute name= "Current Time Running" value="181222" />
  <attribute name="GC Util currently" value="5" />
  <attribute name="CPU Util currently" value="4646634372" />
<allocation-satisfied id="4524" threadId="00000000023ECF00" bytesRequested="80" />
<af-end id="4525" timestamp="2019-08-09T18:54:01.282" threadId="00000000023ED888" success="true" />
<exclusive-end id="4526" timestamp="2019-08-09T18:54:01.282" durationms="263.693" />

<exclusive-start id="4527" timestamp="2019-08-09T18:54:01.564" intervalms="545.401">
  <response-info timems="0.160" idlems="0.160" threads="0" lastid="00000000023ECF00" lastname="main" />
</exclusive-start>
<af-start id="4528" threadId="00000000023ED888" totalBytesRequested="16" timestamp="2019-08-09T18:54:01.564" intervalms="545.452" />
<cycle-start id="4529" type="global" contextid="0" timestamp="2019-08-09T18:54:01.564" intervalms="545.344" />
<gc-start id="4530" type="global" contextid="4529" timestamp="2019-08-09T18:54:01.564">
  <mem-info id="4531" free="452608" total="45350912" percent="0">
    <mem type="tenure" free="452608" total="45350912" percent="0">
      <mem type="soa" free="0" total="44898304" percent="0" />
      <mem type="loa" free="452608" total="452608" percent="100" />
    </mem>
  </mem-info>
</gc-start>
<allocation-stats totalBytes="26932344" >
  <allocated-bytes non-tlh="0" tlh="26932344" />
  <largest-consumer threadName="main" threadId="00000000023ECF00" bytes="26932344" />
</allocation-stats>
<gc-op id="4532" type="mark" timems="33.093" contextid="4529" timestamp="2019-08-09T18:54:01.597">
  <trace-info objectcount="598945" scancount="519958" scanbytes="13348244" />
  <finalization candidates="80" enqueued="0" />
  <ownableSynchronizers candidates="21" cleared="0" />
  <references type="soft" candidates="1855" cleared="0" enqueued="0" dynamicThreshold="19" maxThreshold="32" />
  <references type="weak" candidates="5680" cleared="0" enqueued="0" />
  <references type="phantom" candidates="97" cleared="0" enqueued="0" />
  <stringconstants candidates="13250" cleared="0"  />
</gc-op>
<gc-op id="4533" type="sweep" timems="4.063" contextid="4529" timestamp="2019-08-09T18:54:01.601" />
<mem-info id="4534" free="27390344" total="45350912" percent="60">
  <mem type="tenure" free="27390344" total="45350912" percent="60" micro-fragmented="0" macro-fragmented="0">
    <mem type="soa" free="26937736" total="44898304" percent="59" />
    <mem type="loa" free="452608" total="452608" percent="100" />
  </mem>
</mem-info>
<gc-op id="4535" type="compact" timems="28.043" contextid="4529" timestamp="2019-08-09T18:54:01.629">
  <compact-info movecount="2" movebytes="104" reason="compact to aid heap contraction" />
</gc-op>
<heap-resize id="4536" type="expand" space="tenure" amount="131072" count="1" timems="0.022" reason="satisfy allocation request" timestamp="2019-08-09T18:54:01.630" />
<gc-end id="4537" type="global" contextid="4529" durationms="65.953" usertimems="171.943" systemtimems="0.000" timestamp="2019-08-09T18:54:01.630" activeThreads="16">
  <mem-info id="4538" free="27455888" total="45481984" percent="60">
    <mem type="tenure" free="27455888" total="45481984" percent="60">
      <mem type="soa" free="27001232" total="45027328" percent="59" />
      <mem type="loa" free="454656" total="454656" percent="100" />
    </mem>
  </mem-info>
</gc-end>
<cycle-end id="4539" type="global" contextid="4529" timestamp="2019-08-09T18:54:01.630" />
  <attribute name="elasticGC enabled" value="1" />
  <attribute name= "numThreadsSpecified" value="16" />
  <attribute name="heapSize specified" value="45350912" />
  <attribute name="Current GC Util" value="51" />
  <attribute name= "Current Time Running" value="181573" />
  <attribute name ="GC Interval" value="0" />
  <attribute name="Target GC Util Change" value ="80.000000" />
  <attribute name="Current GC Util Change" value="51.000000"/>
  <attribute name="Current Error" value="-279.000000" />
  <attribute name="Output H" value="45426272"/>
  <attribute name="Output I" value="1688"/>
  <attribute name="Output T" value="16"/>
  <attribute name= "Current Time Running" value="181573" />
  <attribute name="GC Util currently" value="51" />
  <attribute name="CPU Util currently" value="40969625703" />
<allocation-satisfied id="4540" threadId="00000000023ECF00" bytesRequested="16" />
<af-end id="4541" timestamp="2019-08-09T18:54:01.630" threadId="00000000023ED888" success="true" />
<exclusive-end id="4542" timestamp="2019-08-09T18:54:01.630" durationms="66.240" />

<exclusive-start id="4543" timestamp="2019-08-09T18:54:01.689" intervalms="125.330">
  <response-info timems="0.057" idlems="0.057" threads="0" lastid="00000000023ECF00" lastname="main" />
</exclusive-start>
<af-start id="4544" threadId="00000000023ED888" totalBytesRequested="80" timestamp="2019-08-09T18:54:01.689" intervalms="125.272" />
<cycle-start id="4545" type="global" contextid="0" timestamp="2019-08-09T18:54:01.689" intervalms="125.259" />
<gc-start id="4546" type="global" contextid="4545" timestamp="2019-08-09T18:54:01.689">
  <mem-info id="4547" free="454656" total="45481984" percent="0">
    <mem type="tenure" free="454656" total="45481984" percent="0">
      <mem type="soa" free="0" total="45027328" percent="0" />
      <mem type="loa" free="454656" total="454656" percent="100" />
    </mem>
  </mem-info>
</gc-start>
<allocation-stats totalBytes="27061632" >
  <allocated-bytes non-tlh="0" tlh="27061632" />
  <largest-consumer threadName="main" threadId="00000000023ECF00" bytes="27061632" />
</allocation-stats>
<gc-op id="4548" type="mark" timems="12.826" contextid="4545" timestamp="2019-08-09T18:54:01.702">
  <trace-info objectcount="598948" scancount="519967" scanbytes="13348372" />
  <finalization candidates="80" enqueued="0" />
  <ownableSynchronizers candidates="21" cleared="0" />
  <references type="soft" candidates="1855" cleared="0" enqueued="0" dynamicThreshold="19" maxThreshold="32" />
  <references type="weak" candidates="5680" cleared="0" enqueued="0" />
  <references type="phantom" candidates="97" cleared="0" enqueued="0" />
  <stringconstants candidates="13250" cleared="0"  />
</gc-op>
<gc-op id="4549" type="sweep" timems="2.605" contextid="4545" timestamp="2019-08-09T18:54:01.705" />
<mem-info id="4550" free="27521232" total="45481984" percent="60">
  <mem type="tenure" free="27521232" total="45481984" percent="60" micro-fragmented="0" macro-fragmented="0">
    <mem type="soa" free="27066576" total="45027328" percent="60" />
    <mem type="loa" free="454656" total="454656" percent="100" />
  </mem>
</mem-info>
<gc-op id="4551" type="compact" timems="32.726" contextid="4545" timestamp="2019-08-09T18:54:01.738">
  <compact-info movecount="5" movebytes="240" reason="compact to aid heap contraction" />
</gc-op>
<heap-resize id="4552" type="expand" space="tenure" amount="131072" count="1" timems="0.022" reason="satisfy allocation request" timestamp="2019-08-09T18:54:01.738" />
<gc-end id="4553" type="global" contextid="4545" durationms="49.009" usertimems="146.738" systemtimems="0.000" timestamp="2019-08-09T18:54:01.738" activeThreads="16">
  <mem-info id="4554" free="27586824" total="45613056" percent="60">
    <mem type="tenure" free="27586824" total="45613056" percent="60">
      <mem type="soa" free="27131144" total="45157376" percent="60" />
      <mem type="loa" free="455680" total="455680" percent="100" />
    </mem>
  </mem-info>
</gc-end>
<cycle-end id="4555" type="global" contextid="4545" timestamp="2019-08-09T18:54:01.738" />
  <attribute name="elasticGC enabled" value="1" />
  <attribute name= "numThreadsSpecified" value="16" />
  <attribute name="heapSize specified" value="45481984" />
  <attribute name="Current GC Util" value="22" />
  <attribute name= "Current Time Running" value="181682" />
  <attribute name ="GC Interval" value="0" />
  <attribute name="Target GC Util Change" value ="80.000000" />
  <attribute name="Current GC Util Change" value="22.000000"/>
  <attribute name="Current Error" value="-408.000000" />
  <attribute name="Output H" value="45557200"/>
  <attribute name="Output I" value="1544"/>
  <attribute name="Output T" value="16"/>
  <attribute name= "Current Time Running" value="181682" />
  <attribute name="GC Util currently" value="22" />
  <attribute name="CPU Util currently" value="35095851392" />
<allocation-satisfied id="4556" threadId="00000000023ECF00" bytesRequested="80" />
<af-end id="4557" timestamp="2019-08-09T18:54:01.738" threadId="00000000023ED888" success="true" />
<exclusive-end id="4558" timestamp="2019-08-09T18:54:01.738" durationms="49.331" />

<exclusive-start id="4559" timestamp="2019-08-09T18:54:01.799" intervalms="110.003">
  <response-info timems="0.094" idlems="0.094" threads="0" lastid="00000000023ECF00" lastname="main" />
</exclusive-start>
<af-start id="4560" threadId="00000000023ED888" totalBytesRequested="80" timestamp="2019-08-09T18:54:01.799" intervalms="110.009" />
<cycle-start id="4561" type="global" contextid="0" timestamp="2019-08-09T18:54:01.799" intervalms="110.009" />
<gc-start id="4562" type="global" contextid="4561" timestamp="2019-08-09T18:54:01.799">
  <mem-info id="4563" free="455680" total="45613056" percent="0">
    <mem type="tenure" free="455680" total="45613056" percent="0">
      <mem type="soa" free="0" total="45157376" percent="0" />
      <mem type="loa" free="455680" total="455680" percent="100" />
    </mem>
  </mem-info>
</gc-start>
<allocation-stats totalBytes="27191584" >
  <allocated-bytes non-tlh="0" tlh="27191584" />
  <largest-consumer threadName="main" threadId="00000000023ECF00" bytes="27191584" />
</allocation-stats>
<gc-op id="4564" type="mark" timems="9.082" contextid="4561" timestamp="2019-08-09T18:54:01.808">
  <trace-info objectcount="598944" scancount="519961" scanbytes="13348164" />
  <finalization candidates="80" enqueued="0" />
  <ownableSynchronizers candidates="21" cleared="0" />
  <references type="soft" candidates="1855" cleared="0" enqueued="0" dynamicThreshold="19" maxThreshold="32" />
  <references type="weak" candidates="5680" cleared="0" enqueued="0" />
  <references type="phantom" candidates="97" cleared="0" enqueued="0" />
  <stringconstants candidates="13250" cleared="0"  />
</gc-op>
<gc-op id="4565" type="sweep" timems="1.790" contextid="4561" timestamp="2019-08-09T18:54:01.810" />
<mem-info id="4566" free="27652576" total="45613056" percent="60">
  <mem type="tenure" free="27652576" total="45613056" percent="60" micro-fragmented="0" macro-fragmented="0">
    <mem type="soa" free="27196896" total="45157376" percent="60" />
    <mem type="loa" free="455680" total="455680" percent="100" />
  </mem>
</mem-info>
<gc-op id="4567" type="compact" timems="40.024" contextid="4561" timestamp="2019-08-09T18:54:01.850">
  <compact-info movecount="1" movebytes="24" reason="compact to aid heap contraction" />
</gc-op>
<heap-resize id="4568" type="expand" space="tenure" amount="131072" count="1" timems="0.044" reason="satisfy allocation request" timestamp="2019-08-09T18:54:01.852" />
<gc-end id="4569" type="global" contextid="4561" durationms="52.821" usertimems="127.183" systemtimems="0.000" timestamp="2019-08-09T18:54:01.852" activeThreads="16">
  <mem-info id="4570" free="27718112" total="45744128" percent="60">
    <mem type="tenure" free="27718112" total="45744128" percent="60">
      <mem type="soa" free="27261408" total="45287424" percent="60" />
      <mem type="loa" free="456704" total="456704" percent="100" />
    </mem>
  </mem-info>
</gc-end>
<cycle-end id="4571" type="global" contextid="4561" timestamp="2019-08-09T18:54:01.854" />
  <attribute name="elasticGC enabled" value="1" />
  <attribute name= "numThreadsSpecified" value="16" />
  <attribute name="heapSize specified" value="45613056" />
  <attribute name="Current GC Util" value="28" />
  <attribute name= "Current Time Running" value="181794" />
  <attribute name ="GC Interval" value="0" />
  <attribute name="Target GC Util Change" value ="80.000000" />
  <attribute name="Current GC Util Change" value="28.000000"/>
  <attribute name="Current Error" value="52.000000" />
  <attribute name="Output H" value="45688800"/>
  <attribute name="Output I" value="2072"/>
  <attribute name="Output T" value="16"/>
  <attribute name= "Current Time Running" value="181794" />
  <attribute name="GC Util currently" value="28" />
  <attribute name="CPU Util currently" value="28765176170" />
<allocation-satisfied id="4572" threadId="00000000023ECF00" bytesRequested="80" />
<af-end id="4573" timestamp="2019-08-09T18:54:01.855" threadId="00000000023ED888" success="true" />
<exclusive-end id="4574" timestamp="2019-08-09T18:54:01.855" durationms="56.177" />

<exclusive-start id="4575" timestamp="2019-08-09T18:54:02.032" intervalms="232.459">
  <response-info timems="0.053" idlems="0.053" threads="0" lastid="00000000023ECF00" lastname="main" />
</exclusive-start>
<af-start id="4576" threadId="00000000023ED888" totalBytesRequested="16" timestamp="2019-08-09T18:54:02.032" intervalms="232.486" />
<cycle-start id="4577" type="global" contextid="0" timestamp="2019-08-09T18:54:02.032" intervalms="232.495" />
<gc-start id="4578" type="global" contextid="4577" timestamp="2019-08-09T18:54:02.032">
  <mem-info id="4579" free="456704" total="45744128" percent="0">
    <mem type="tenure" free="456704" total="45744128" percent="0">
      <mem type="soa" free="0" total="45287424" percent="0" />
      <mem type="loa" free="456704" total="456704" percent="100" />
    </mem>
  </mem-info>
</gc-start>
<allocation-stats totalBytes="27321792" >
  <allocated-bytes non-tlh="0" tlh="27321792" />
  <largest-consumer threadName="main" threadId="00000000023ECF00" bytes="27321792" />
</allocation-stats>
<gc-op id="4580" type="mark" timems="12.320" contextid="4577" timestamp="2019-08-09T18:54:02.044">
  <trace-info objectcount="598949" scancount="519966" scanbytes="13348388" />
  <finalization candidates="80" enqueued="0" />
  <ownableSynchronizers candidates="21" cleared="0" />
  <references type="soft" candidates="1855" cleared="0" enqueued="0" dynamicThreshold="19" maxThreshold="32" />
  <references type="weak" candidates="5680" cleared="0" enqueued="0" />
  <references type="phantom" candidates="97" cleared="0" enqueued="0" />
  <stringconstants candidates="13250" cleared="0"  />
</gc-op>
<gc-op id="4581" type="sweep" timems="1.904" contextid="4577" timestamp="2019-08-09T18:54:02.046" />
<mem-info id="4582" free="27783288" total="45744128" percent="60">
  <mem type="tenure" free="27783288" total="45744128" percent="60" micro-fragmented="0" macro-fragmented="0">
    <mem type="soa" free="27326584" total="45287424" percent="60" />
    <mem type="loa" free="456704" total="456704" percent="100" />
  </mem>
</mem-info>
<gc-op id="4583" type="compact" timems="25.580" contextid="4577" timestamp="2019-08-09T18:54:02.072">
  <compact-info movecount="6" movebytes="256" reason="compact to aid heap contraction" />
</gc-op>
<heap-resize id="4584" type="expand" space="tenure" amount="131072" count="1" timems="0.019" reason="satisfy allocation request" timestamp="2019-08-09T18:54:02.072" />
<gc-end id="4585" type="global" contextid="4577" durationms="40.676" usertimems="127.619" systemtimems="0.000" timestamp="2019-08-09T18:54:02.072" activeThreads="16">
  <mem-info id="4586" free="27848952" total="45875200" percent="60">
    <mem type="tenure" free="27848952" total="45875200" percent="60">
      <mem type="soa" free="27390200" total="45416448" percent="60" />
      <mem type="loa" free="458752" total="458752" percent="100" />
    </mem>
  </mem-info>
</gc-end>
<cycle-end id="4587" type="global" contextid="4577" timestamp="2019-08-09T18:54:02.072" />
  <attribute name="elasticGC enabled" value="1" />
  <attribute name= "numThreadsSpecified" value="16" />
  <attribute name="heapSize specified" value="45744128" />
  <attribute name="Current GC Util" value="36" />
  <attribute name= "Current Time Running" value="182016" />
  <attribute name ="GC Interval" value="0" />
  <attribute name="Target GC Util Change" value ="80.000000" />
  <attribute name="Current GC Util Change" value="36.000000"/>
  <attribute name="Current Error" value="-284.000000" />
  <attribute name="Output H" value="45819488"/>
  <attribute name="Output I" value="1688"/>
  <attribute name="Output T" value="16"/>
  <attribute name= "Current Time Running" value="182016" />
  <attribute name="GC Util currently" value="36" />
  <attribute name="CPU Util currently" value="45001443368" />
<allocation-satisfied id="4588" threadId="00000000023ECF00" bytesRequested="16" />
<af-end id="4589" timestamp="2019-08-09T18:54:02.072" threadId="00000000023ED888" success="true" />
<exclusive-end id="4590" timestamp="2019-08-09T18:54:02.072" durationms="40.920" />

<exclusive-start id="4591" timestamp="2019-08-09T18:54:02.128" intervalms="96.099">
  <response-info timems="0.018" idlems="0.018" threads="0" lastid="00000000023ECF00" lastname="main" />
</exclusive-start>
<af-start id="4592" threadId="00000000023ED888" totalBytesRequested="80" timestamp="2019-08-09T18:54:02.128" intervalms="96.068" />
<cycle-start id="4593" type="global" contextid="0" timestamp="2019-08-09T18:54:02.128" intervalms="96.058" />
<gc-start id="4594" type="global" contextid="4593" timestamp="2019-08-09T18:54:02.128">
  <mem-info id="4595" free="458752" total="45875200" percent="1">
    <mem type="tenure" free="458752" total="45875200" percent="1">
      <mem type="soa" free="0" total="45416448" percent="0" />
      <mem type="loa" free="458752" total="458752" percent="100" />
    </mem>
  </mem-info>
</gc-start>
<allocation-stats totalBytes="27450792" >
  <allocated-bytes non-tlh="0" tlh="27450792" />
  <largest-consumer threadName="main" threadId="00000000023ECF00" bytes="27450792" />
</allocation-stats>
<gc-op id="4596" type="mark" timems="17.029" contextid="4593" timestamp="2019-08-09T18:54:02.145">
  <trace-info objectcount="598946" scancount="519964" scanbytes="13348256" />
  <finalization candidates="80" enqueued="0" />
  <ownableSynchronizers candidates="21" cleared="0" />
  <references type="soft" candidates="1855" cleared="0" enqueued="0" dynamicThreshold="19" maxThreshold="32" />
  <references type="weak" candidates="5680" cleared="0" enqueued="0" />
  <references type="phantom" candidates="97" cleared="0" enqueued="0" />
  <stringconstants candidates="13250" cleared="0"  />
</gc-op>
<gc-op id="4597" type="sweep" timems="9.223" contextid="4593" timestamp="2019-08-09T18:54:02.154" />
<mem-info id="4598" free="27914592" total="45875200" percent="60">
  <mem type="tenure" free="27914592" total="45875200" percent="60" micro-fragmented="0" macro-fragmented="0">
    <mem type="soa" free="27455840" total="45416448" percent="60" />
    <mem type="loa" free="458752" total="458752" percent="100" />
  </mem>
</mem-info>
<gc-op id="4599" type="compact" timems="24.965" contextid="4593" timestamp="2019-08-09T18:54:02.179">
  <compact-info movecount="3" movebytes="120" reason="compact to aid heap contraction" />
</gc-op>
<heap-resize id="4600" type="expand" space="tenure" amount="131072" count="1" timems="0.027" reason="satisfy allocation request" timestamp="2019-08-09T18:54:02.180" />
<gc-end id="4601" type="global" contextid="4593" durationms="52.040" usertimems="91.865" systemtimems="0.000" timestamp="2019-08-09T18:54:02.180" activeThreads="16">
  <mem-info id="4602" free="27980160" total="46006272" percent="60">
    <mem type="tenure" free="27980160" total="46006272" percent="60">
      <mem type="soa" free="27520384" total="45546496" percent="60" />
      <mem type="loa" free="459776" total="459776" percent="100" />
    </mem>
  </mem-info>
</gc-end>
<cycle-end id="4603" type="global" contextid="4593" timestamp="2019-08-09T18:54:02.180" />
  <attribute name="elasticGC enabled" value="1" />
  <attribute name= "numThreadsSpecified" value="16" />
  <attribute name="heapSize specified" value="45875200" />
  <attribute name="Current GC Util" value="52" />
  <attribute name= "Current Time Running" value="182123" />
  <attribute name ="GC Interval" value="0" />
  <attribute name="Target GC Util Change" value ="80.000000" />
  <attribute name="Current GC Util Change" value="52.000000"/>
  <attribute name="Current Error" value="-117.000000" />
  <attribute name="Output H" value="45950752"/>
  <attribute name="Output I" value="1880"/>
  <attribute name="Output T" value="16"/>
  <attribute name= "Current Time Running" value="182123" />
  <attribute name="GC Util currently" value="52" />
  <attribute name="CPU Util currently" value="46149883121" />
<allocation-satisfied id="4604" threadId="00000000023ECF00" bytesRequested="80" />
<af-end id="4605" timestamp="2019-08-09T18:54:02.180" threadId="00000000023ED888" success="true" />
<exclusive-end id="4606" timestamp="2019-08-09T18:54:02.180" durationms="52.271" />

<exclusive-start id="4607" timestamp="2019-08-09T18:54:02.237" intervalms="109.114">
  <response-info timems="0.016" idlems="0.016" threads="0" lastid="00000000023ECF00" lastname="main" />
</exclusive-start>
<af-start id="4608" threadId="00000000023ED888" totalBytesRequested="80" timestamp="2019-08-09T18:54:02.237" intervalms="109.108" />
<cycle-start id="4609" type="global" contextid="0" timestamp="2019-08-09T18:54:02.237" intervalms="109.128" />
<gc-start id="4610" type="global" contextid="4609" timestamp="2019-08-09T18:54:02.237">
  <mem-info id="4611" free="459776" total="46006272" percent="0">
    <mem type="tenure" free="459776" total="46006272" percent="0">
      <mem type="soa" free="0" total="45546496" percent="0" />
      <mem type="loa" free="459776" total="459776" percent="100" />
    </mem>
  </mem-info>
</gc-start>
<allocation-stats totalBytes="27580672" >
  <allocated-bytes non-tlh="0" tlh="27580672" />
  <largest-consumer threadName="main" threadId="00000000023ECF00" bytes="27580672" />
</allocation-stats>
<gc-op id="4612" type="mark" timems="8.901" contextid="4609" timestamp="2019-08-09T18:54:02.246">
  <trace-info objectcount="598946" scancount="519960" scanbytes="13348256" />
  <finalization candidates="80" enqueued="0" />
  <ownableSynchronizers candidates="21" cleared="0" />
  <references type="soft" candidates="1855" cleared="0" enqueued="0" dynamicThreshold="19" maxThreshold="32" />
  <references type="weak" candidates="5680" cleared="0" enqueued="0" />
  <references type="phantom" candidates="97" cleared="0" enqueued="0" />
  <stringconstants candidates="13250" cleared="0"  />
</gc-op>
<gc-op id="4613" type="sweep" timems="1.820" contextid="4609" timestamp="2019-08-09T18:54:02.248" />
<mem-info id="4614" free="28045696" total="46006272" percent="60">
  <mem type="tenure" free="28045696" total="46006272" percent="60" micro-fragmented="0" macro-fragmented="0">
    <mem type="soa" free="27585920" total="45546496" percent="60" />
    <mem type="loa" free="459776" total="459776" percent="100" />
  </mem>
</mem-info>
<gc-op id="4615" type="compact" timems="26.022" contextid="4609" timestamp="2019-08-09T18:54:02.274">
  <compact-info movecount="3" movebytes="120" reason="compact to aid heap contraction" />
</gc-op>
<heap-resize id="4616" type="expand" space="tenure" amount="131072" count="1" timems="0.016" reason="satisfy allocation request" timestamp="2019-08-09T18:54:02.275" />
<gc-end id="4617" type="global" contextid="4609" durationms="37.701" usertimems="82.642" systemtimems="0.000" timestamp="2019-08-09T18:54:02.275" activeThreads="16">
  <mem-info id="4618" free="28111232" total="46137344" percent="60">
    <mem type="tenure" free="28111232" total="46137344" percent="60">
      <mem type="soa" free="27650432" total="45676544" percent="60" />
      <mem type="loa" free="460800" total="460800" percent="100" />
    </mem>
  </mem-info>
</gc-end>
<cycle-end id="4619" type="global" contextid="4609" timestamp="2019-08-09T18:54:02.275" />
  <attribute name="elasticGC enabled" value="1" />
  <attribute name= "numThreadsSpecified" value="16" />
  <attribute name="heapSize specified" value="46006272" />
  <attribute name="Current GC Util" value="48" />
  <attribute name= "Current Time Running" value="182218" />
  <attribute name ="GC Interval" value="0" />
  <attribute name="Target GC Util Change" value ="80.000000" />
  <attribute name="Current GC Util Change" value="48.000000"/>
  <attribute name="Current Error" value="32.000000" />
  <attribute name="Output H" value="46081992"/>
  <attribute name="Output I" value="2048"/>
  <attribute name="Output T" value="16"/>
  <attribute name= "Current Time Running" value="182218" />
  <attribute name="GC Util currently" value="48" />
  <attribute name="CPU Util currently" value="44227606790" />
<allocation-satisfied id="4620" threadId="00000000023ECF00" bytesRequested="80" />
<af-end id="4621" timestamp="2019-08-09T18:54:02.275" threadId="00000000023ED888" success="true" />
<exclusive-end id="4622" timestamp="2019-08-09T18:54:02.275" durationms="37.997" />

<exclusive-start id="4623" timestamp="2019-08-09T18:54:02.332" intervalms="95.434">
  <response-info timems="0.022" idlems="0.022" threads="0" lastid="00000000023ECF00" lastname="main" />
</exclusive-start>
<af-start id="4624" threadId="00000000023ED888" totalBytesRequested="80" timestamp="2019-08-09T18:54:02.332" intervalms="95.448" />
<cycle-start id="4625" type="global" contextid="0" timestamp="2019-08-09T18:54:02.332" intervalms="95.428" />
<gc-start id="4626" type="global" contextid="4625" timestamp="2019-08-09T18:54:02.332">
  <mem-info id="4627" free="460800" total="46137344" percent="0">
    <mem type="tenure" free="460800" total="46137344" percent="0">
      <mem type="soa" free="0" total="45676544" percent="0" />
      <mem type="loa" free="460800" total="460800" percent="100" />
    </mem>
  </mem-info>
</gc-start>
<allocation-stats totalBytes="27710480" >
  <allocated-bytes non-tlh="0" tlh="27710480" />
  <largest-consumer threadName="main" threadId="00000000023ECF00" bytes="27710480" />
</allocation-stats>
<gc-op id="4628" type="mark" timems="9.141" contextid="4625" timestamp="2019-08-09T18:54:02.342">
  <trace-info objectcount="598945" scancount="519963" scanbytes="13348176" />
  <finalization candidates="80" enqueued="0" />
  <ownableSynchronizers candidates="21" cleared="0" />
  <references type="soft" candidates="1855" cleared="0" enqueued="0" dynamicThreshold="19" maxThreshold="32" />
  <references type="weak" candidates="5680" cleared="0" enqueued="0" />
  <references type="phantom" candidates="97" cleared="0" enqueued="0" />
  <stringconstants candidates="13250" cleared="0"  />
</gc-op>
<gc-op id="4629" type="sweep" timems="1.522" contextid="4625" timestamp="2019-08-09T18:54:02.343" />
<mem-info id="4630" free="28176824" total="46137344" percent="61">
  <mem type="tenure" free="28176824" total="46137344" percent="61" micro-fragmented="0" macro-fragmented="0">
    <mem type="soa" free="27716024" total="45676544" percent="60" />
    <mem type="loa" free="460800" total="460800" percent="100" />
  </mem>
</mem-info>
<gc-op id="4631" type="compact" timems="23.836" contextid="4625" timestamp="2019-08-09T18:54:02.367">
  <compact-info movecount="2" movebytes="40" reason="compact to aid heap contraction" />
</gc-op>
<heap-resize id="4632" type="expand" space="tenure" amount="131072" count="1" timems="0.021" reason="satisfy allocation request" timestamp="2019-08-09T18:54:02.367" />
<gc-end id="4633" type="global" contextid="4625" durationms="35.207" usertimems="77.501" systemtimems="0.000" timestamp="2019-08-09T18:54:02.368" activeThreads="16">
  <mem-info id="4634" free="28242384" total="46268416" percent="61">
    <mem type="tenure" free="28242384" total="46268416" percent="61">
      <mem type="soa" free="27780560" total="45806592" percent="60" />
      <mem type="loa" free="461824" total="461824" percent="100" />
    </mem>
  </mem-info>
</gc-end>
<cycle-end id="4635" type="global" contextid="4625" timestamp="2019-08-09T18:54:02.368" />
  <attribute name="elasticGC enabled" value="1" />
  <attribute name= "numThreadsSpecified" value="16" />
  <attribute name="heapSize specified" value="46137344" />
  <attribute name="Current GC Util" value="38" />
  <attribute name= "Current Time Running" value="182311" />
  <attribute name ="GC Interval" value="0" />
  <attribute name="Target GC Util Change" value ="80.000000" />
  <attribute name="Current GC Util Change" value="38.000000"/>
  <attribute name="Current Error" value="-258.000000" />
  <attribute name="Output H" value="46212728"/>
  <attribute name="Output I" value="1712"/>
  <attribute name="Output T" value="16"/>
  <attribute name= "Current Time Running" value="182311" />
  <attribute name="GC Util currently" value="38" />
  <attribute name="CPU Util currently" value="48206121406" />
<allocation-satisfied id="4636" threadId="00000000023ECF00" bytesRequested="80" />
<af-end id="4637" timestamp="2019-08-09T18:54:02.368" threadId="00000000023ED888" success="true" />
<exclusive-end id="4638" timestamp="2019-08-09T18:54:02.368" durationms="35.449" />

<exclusive-start id="4639" timestamp="2019-08-09T18:54:02.406" intervalms="73.719">
  <response-info timems="0.018" idlems="0.018" threads="0" lastid="00000000023ECF00" lastname="main" />
</exclusive-start>
<af-start id="4640" threadId="00000000023ED888" totalBytesRequested="488" timestamp="2019-08-09T18:54:02.406" intervalms="73.711" />
<cycle-start id="4641" type="global" contextid="0" timestamp="2019-08-09T18:54:02.406" intervalms="73.711" />
<gc-start id="4642" type="global" contextid="4641" timestamp="2019-08-09T18:54:02.406">
  <mem-info id="4643" free="461824" total="46268416" percent="0">
    <mem type="tenure" free="461824" total="46268416" percent="0">
      <mem type="soa" free="0" total="45806592" percent="0" />
      <mem type="loa" free="461824" total="461824" percent="100" />
    </mem>
  </mem-info>
</gc-start>
<allocation-stats totalBytes="27813736" >
  <allocated-bytes non-tlh="0" tlh="27813736" />
  <largest-consumer threadName="main" threadId="00000000023ECF00" bytes="27813736" />
</allocation-stats>
<gc-op id="4644" type="mark" timems="9.059" contextid="4641" timestamp="2019-08-09T18:54:02.415">
  <trace-info objectcount="598955" scancount="519970" scanbytes="13348360" />
  <finalization candidates="80" enqueued="0" />
  <ownableSynchronizers candidates="21" cleared="0" />
  <references type="soft" candidates="1855" cleared="0" enqueued="0" dynamicThreshold="19" maxThreshold="32" />
  <references type="weak" candidates="5680" cleared="0" enqueued="0" />
  <references type="phantom" candidates="97" cleared="0" enqueued="0" />
  <stringconstants candidates="13250" cleared="0"  />
</gc-op>
<gc-op id="4645" type="sweep" timems="1.752" contextid="4641" timestamp="2019-08-09T18:54:02.417" />
<mem-info id="4646" free="28305616" total="46268416" percent="61">
  <mem type="tenure" free="28305616" total="46268416" percent="61" micro-fragmented="3328" macro-fragmented="0">
    <mem type="soa" free="27843792" total="45806592" percent="60" />
    <mem type="loa" free="461824" total="461824" percent="100" />
  </mem>
</mem-info>
<gc-op id="4647" type="compact" timems="29.674" contextid="4641" timestamp="2019-08-09T18:54:02.447">
  <compact-info movecount="1096" movebytes="54872" reason="compact to aid heap contraction" />
</gc-op>
<heap-resize id="4648" type="expand" space="tenure" amount="131072" count="1" timems="0.022" reason="satisfy allocation request" timestamp="2019-08-09T18:54:02.448" />
<gc-end id="4649" type="global" contextid="4641" durationms="41.687" usertimems="78.874" systemtimems="0.000" timestamp="2019-08-09T18:54:02.448" activeThreads="16">
  <mem-info id="4650" free="28372680" total="46399488" percent="61">
    <mem type="tenure" free="28372680" total="46399488" percent="61">
      <mem type="soa" free="27908808" total="45935616" percent="60" />
      <mem type="loa" free="463872" total="463872" percent="100" />
    </mem>
  </mem-info>
</gc-end>
<cycle-end id="4651" type="global" contextid="4641" timestamp="2019-08-09T18:54:02.448" />
  <attribute name="elasticGC enabled" value="1" />
  <attribute name= "numThreadsSpecified" value="16" />
  <attribute name="heapSize specified" value="46268416" />
  <attribute name="Current GC Util" value="34" />
  <attribute name= "Current Time Running" value="182391" />
  <attribute name ="GC Interval" value="0" />
  <attribute name="Target GC Util Change" value ="80.000000" />
  <attribute name="Current GC Util Change" value="34.000000"/>
  <attribute name="Current Error" value="-276.000000" />
  <attribute name="Output H" value="46343784"/>
  <attribute name="Output I" value="1696"/>
  <attribute name="Output T" value="16"/>
  <attribute name= "Current Time Running" value="182391" />
  <attribute name="GC Util currently" value="34" />
  <attribute name="CPU Util currently" value="38728173915" />
<allocation-satisfied id="4652" threadId="00000000023ECF00" bytesRequested="488" />
<af-end id="4653" timestamp="2019-08-09T18:54:02.448" threadId="00000000023ED888" success="true" />
<exclusive-end id="4654" timestamp="2019-08-09T18:54:02.448" durationms="42.240" />

<exclusive-start id="4655" timestamp="2019-08-09T18:54:02.465" intervalms="59.175">
  <response-info timems="0.038" idlems="0.038" threads="0" lastid="00000000023ECF00" lastname="main" />
</exclusive-start>
<af-start id="4656" threadId="00000000023ED888" totalBytesRequested="584" timestamp="2019-08-09T18:54:02.465" intervalms="59.170" />
<cycle-start id="4657" type="global" contextid="0" timestamp="2019-08-09T18:54:02.465" intervalms="59.272" />
<gc-start id="4658" type="global" contextid="4657" timestamp="2019-08-09T18:54:02.465">
  <mem-info id="4659" free="463872" total="46399488" percent="0">
    <mem type="tenure" free="463872" total="46399488" percent="0">
      <mem type="soa" free="0" total="45935616" percent="0" />
      <mem type="loa" free="463872" total="463872" percent="100" />
    </mem>
  </mem-info>
</gc-start>
<allocation-stats totalBytes="27935096" >
  <allocated-bytes non-tlh="0" tlh="27935096" />
  <largest-consumer threadName="main" threadId="00000000023ECF00" bytes="27935096" />
</allocation-stats>
<gc-op id="4660" type="mark" timems="10.069" contextid="4657" timestamp="2019-08-09T18:54:02.475">
  <trace-info objectcount="598955" scancount="519971" scanbytes="13348360" />
  <finalization candidates="80" enqueued="0" />
  <ownableSynchronizers candidates="21" cleared="0" />
  <references type="soft" candidates="1855" cleared="0" enqueued="0" dynamicThreshold="19" maxThreshold="32" />
  <references type="weak" candidates="5680" cleared="0" enqueued="0" />
  <references type="phantom" candidates="97" cleared="0" enqueued="0" />
  <stringconstants candidates="13250" cleared="0"  />
</gc-op>
<gc-op id="4661" type="sweep" timems="2.148" contextid="4657" timestamp="2019-08-09T18:54:02.478" />
<mem-info id="4662" free="28437984" total="46399488" percent="61">
  <mem type="tenure" free="28437984" total="46399488" percent="61" micro-fragmented="0" macro-fragmented="0">
    <mem type="soa" free="27974112" total="45935616" percent="60" />
    <mem type="loa" free="463872" total="463872" percent="100" />
  </mem>
</mem-info>
<gc-op id="4663" type="compact" timems="33.349" contextid="4657" timestamp="2019-08-09T18:54:02.511">
  <compact-info movecount="4" movebytes="112" reason="compact to aid heap contraction" />
</gc-op>
<heap-resize id="4664" type="expand" space="tenure" amount="131072" count="1" timems="0.023" reason="satisfy allocation request" timestamp="2019-08-09T18:54:02.512" />
<gc-end id="4665" type="global" contextid="4657" durationms="46.562" usertimems="104.814" systemtimems="0.000" timestamp="2019-08-09T18:54:02.512" activeThreads="16">
  <mem-info id="4666" free="28503752" total="46530560" percent="61">
    <mem type="tenure" free="28503752" total="46530560" percent="61">
      <mem type="soa" free="28038856" total="46065664" percent="60" />
      <mem type="loa" free="464896" total="464896" percent="100" />
    </mem>
  </mem-info>
</gc-end>
<cycle-end id="4667" type="global" contextid="4657" timestamp="2019-08-09T18:54:02.512" />
  <attribute name="elasticGC enabled" value="1" />
  <attribute name= "numThreadsSpecified" value="16" />
  <attribute name="heapSize specified" value="46399488" />
  <attribute name="Current GC Util" value="32" />
  <attribute name= "Current Time Running" value="182455" />
  <attribute name ="GC Interval" value="0" />
  <attribute name="Target GC Util Change" value ="80.000000" />
  <attribute name="Current GC Util Change" value="32.000000"/>
  <attribute name="Current Error" value="48.000000" />
  <attribute name="Output H" value="46475224"/>
  <attribute name="Output I" value="2064"/>
  <attribute name="Output T" value="16"/>
  <attribute name= "Current Time Running" value="182455" />
  <attribute name="GC Util currently" value="32" />
  <attribute name="CPU Util currently" value="34519933471" />
<allocation-satisfied id="4668" threadId="00000000023ECF00" bytesRequested="584" />
<af-end id="4669" timestamp="2019-08-09T18:54:02.512" threadId="00000000023ED888" success="true" />
<exclusive-end id="4670" timestamp="2019-08-09T18:54:02.512" durationms="46.906" />

<exclusive-start id="4671" timestamp="2019-08-09T18:54:02.527" intervalms="62.414">
  <response-info timems="0.047" idlems="0.047" threads="0" lastid="00000000023ECF00" lastname="main" />
</exclusive-start>
<af-start id="4672" threadId="00000000023ED888" totalBytesRequested="32" timestamp="2019-08-09T18:54:02.528" intervalms="62.416" />
<cycle-start id="4673" type="global" contextid="0" timestamp="2019-08-09T18:54:02.528" intervalms="62.324" />
<gc-start id="4674" type="global" contextid="4673" timestamp="2019-08-09T18:54:02.528">
  <mem-info id="4675" free="464896" total="46530560" percent="0">
    <mem type="tenure" free="464896" total="46530560" percent="0">
      <mem type="soa" free="0" total="46065664" percent="0" />
      <mem type="loa" free="464896" total="464896" percent="100" />
    </mem>
  </mem-info>
</gc-start>
<allocation-stats totalBytes="28066608" >
  <allocated-bytes non-tlh="0" tlh="28066608" />
  <largest-consumer threadName="main" threadId="00000000023ECF00" bytes="28066608" />
</allocation-stats>
<gc-op id="4676" type="mark" timems="10.853" contextid="4673" timestamp="2019-08-09T18:54:02.539">
  <trace-info objectcount="598952" scancount="519993" scanbytes="13348272" />
  <finalization candidates="80" enqueued="0" />
  <ownableSynchronizers candidates="21" cleared="0" />
  <references type="soft" candidates="1855" cleared="0" enqueued="0" dynamicThreshold="19" maxThreshold="32" />
  <references type="weak" candidates="5680" cleared="0" enqueued="0" />
  <references type="phantom" candidates="97" cleared="0" enqueued="0" />
  <stringconstants candidates="13250" cleared="0"  />
</gc-op>
<gc-op id="4677" type="sweep" timems="2.545" contextid="4673" timestamp="2019-08-09T18:54:02.541" />
<mem-info id="4678" free="28569376" total="46530560" percent="61">
  <mem type="tenure" free="28569376" total="46530560" percent="61" micro-fragmented="0" macro-fragmented="0">
    <mem type="soa" free="28104480" total="46065664" percent="61" />
    <mem type="loa" free="464896" total="464896" percent="100" />
  </mem>
</mem-info>
<gc-op id="4679" type="compact" timems="34.198" contextid="4673" timestamp="2019-08-09T18:54:02.576">
  <compact-info movecount="1" movebytes="24" reason="compact to aid heap contraction" />
</gc-op>
<heap-resize id="4680" type="expand" space="tenure" amount="131072" count="1" timems="0.069" reason="satisfy allocation request" timestamp="2019-08-09T18:54:02.587" />
<gc-end id="4681" type="global" contextid="4673" durationms="58.965" usertimems="116.992" systemtimems="0.000" timestamp="2019-08-09T18:54:02.587" activeThreads="16">
  <mem-info id="4682" free="28634912" total="46661632" percent="61">
    <mem type="tenure" free="28634912" total="46661632" percent="61">
      <mem type="soa" free="28168992" total="46195712" percent="60" />
      <mem type="loa" free="465920" total="465920" percent="100" />
    </mem>
  </mem-info>
</gc-end>
<cycle-end id="4683" type="global" contextid="4673" timestamp="2019-08-09T18:54:02.587" />
  <attribute name="elasticGC enabled" value="1" />
  <attribute name= "numThreadsSpecified" value="16" />
  <attribute name="heapSize specified" value="46530560" />
  <attribute name="Current GC Util" value="103" />
  <attribute name= "Current Time Running" value="182519" />
  <attribute name ="GC Interval" value="0" />
  <attribute name="Target GC Util Change" value ="80.000000" />
  <attribute name="Current GC Util Change" value="103.000000"/>
  <attribute name="Current Error" value="-559.000000" />
  <attribute name="Output H" value="46605600"/>
  <attribute name="Output I" value="1368"/>
  <attribute name="Output T" value="16"/>
  <attribute name= "Current Time Running" value="182519" />
  <attribute name="GC Util currently" value="103" />
  <attribute name="CPU Util currently" value="33640698871" />
<allocation-satisfied id="4684" threadId="00000000023ECF00" bytesRequested="32" />
<af-end id="4685" timestamp="2019-08-09T18:54:02.587" threadId="00000000023ED888" success="true" />
<exclusive-end id="4686" timestamp="2019-08-09T18:54:02.587" durationms="59.214" />

<exclusive-start id="4687" timestamp="2019-08-09T18:54:02.607" intervalms="80.016">
  <response-info timems="0.048" idlems="0.048" threads="0" lastid="00000000023ECF00" lastname="main" />
</exclusive-start>
<af-start id="4688" threadId="00000000023ED888" totalBytesRequested="32" timestamp="2019-08-09T18:54:02.608" intervalms="80.021" />
<cycle-start id="4689" type="global" contextid="0" timestamp="2019-08-09T18:54:02.608" intervalms="80.018" />
<gc-start id="4690" type="global" contextid="4689" timestamp="2019-08-09T18:54:02.608">
  <mem-info id="4691" free="465920" total="46661632" percent="0">
    <mem type="tenure" free="465920" total="46661632" percent="0">
      <mem type="soa" free="0" total="46195712" percent="0" />
      <mem type="loa" free="465920" total="465920" percent="100" />
    </mem>
  </mem-info>
</gc-start>
<allocation-stats totalBytes="28196704" >
  <allocated-bytes non-tlh="0" tlh="28196704" />
  <largest-consumer threadName="main" threadId="00000000023ECF00" bytes="28196704" />
</allocation-stats>
<gc-op id="4692" type="mark" timems="16.170" contextid="4689" timestamp="2019-08-09T18:54:02.624">
  <trace-info objectcount="598952" scancount="519969" scanbytes="13348272" />
  <finalization candidates="80" enqueued="0" />
  <ownableSynchronizers candidates="21" cleared="0" />
  <references type="soft" candidates="1855" cleared="0" enqueued="0" dynamicThreshold="19" maxThreshold="32" />
  <references type="weak" candidates="5680" cleared="0" enqueued="0" />
  <references type="phantom" candidates="97" cleared="0" enqueued="0" />
  <stringconstants candidates="13250" cleared="0"  />
</gc-op>
<gc-op id="4693" type="sweep" timems="7.228" contextid="4689" timestamp="2019-08-09T18:54:02.631" />
<mem-info id="4694" free="28700448" total="46661632" percent="61">
  <mem type="tenure" free="28700448" total="46661632" percent="61" micro-fragmented="0" macro-fragmented="0">
    <mem type="soa" free="28234528" total="46195712" percent="61" />
    <mem type="loa" free="465920" total="465920" percent="100" />
  </mem>
</mem-info>
<gc-op id="4695" type="compact" timems="23.262" contextid="4689" timestamp="2019-08-09T18:54:02.654">
  <compact-info movecount="1" movebytes="24" reason="compact to aid heap contraction" />
</gc-op>
<heap-resize id="4696" type="expand" space="tenure" amount="131072" count="1" timems="0.022" reason="satisfy allocation request" timestamp="2019-08-09T18:54:02.655" />
<gc-end id="4697" type="global" contextid="4689" durationms="47.494" usertimems="77.631" systemtimems="0.000" timestamp="2019-08-09T18:54:02.655" activeThreads="16">
  <mem-info id="4698" free="28765984" total="46792704" percent="61">
    <mem type="tenure" free="28765984" total="46792704" percent="61">
      <mem type="soa" free="28299040" total="46325760" percent="61" />
      <mem type="loa" free="466944" total="466944" percent="100" />
    </mem>
  </mem-info>
</gc-end>
<cycle-end id="4699" type="global" contextid="4689" timestamp="2019-08-09T18:54:02.655" />
  <attribute name="elasticGC enabled" value="1" />
  <attribute name= "numThreadsSpecified" value="16" />
  <attribute name="heapSize specified" value="46661632" />
  <attribute name="Current GC Util" value="43" />
  <attribute name= "Current Time Running" value="182598" />
  <attribute name ="GC Interval" value="0" />
  <attribute name="Target GC Util Change" value ="80.000000" />
  <attribute name="Current GC Util Change" value="43.000000"/>
  <attribute name="Current Error" value="-116.000000" />
  <attribute name="Output H" value="46737184"/>
  <attribute name="Output I" value="1880"/>
  <attribute name="Output T" value="16"/>
  <attribute name= "Current Time Running" value="182598" />
  <attribute name="GC Util currently" value="43" />
  <attribute name="CPU Util currently" value="49522120360" />
<allocation-satisfied id="4700" threadId="00000000023ECF00" bytesRequested="32" />
<af-end id="4701" timestamp="2019-08-09T18:54:02.655" threadId="00000000023ED888" success="true" />
<exclusive-end id="4702" timestamp="2019-08-09T18:54:02.655" durationms="47.721" />

<exclusive-start id="4703" timestamp="2019-08-09T18:54:02.669" intervalms="61.207">
  <response-info timems="0.058" idlems="0.058" threads="0" lastid="00000000023ECF00" lastname="main" />
</exclusive-start>
<af-start id="4704" threadId="00000000023ED888" totalBytesRequested="64" timestamp="2019-08-09T18:54:02.669" intervalms="61.201" />
<cycle-start id="4705" type="global" contextid="0" timestamp="2019-08-09T18:54:02.669" intervalms="61.194" />
<gc-start id="4706" type="global" contextid="4705" timestamp="2019-08-09T18:54:02.669">
  <mem-info id="4707" free="466944" total="46792704" percent="0">
    <mem type="tenure" free="466944" total="46792704" percent="0">
      <mem type="soa" free="0" total="46325760" percent="0" />
      <mem type="loa" free="466944" total="466944" percent="100" />
    </mem>
  </mem-info>
</gc-start>
<allocation-stats totalBytes="28326968" >
  <allocated-bytes non-tlh="0" tlh="28326968" />
  <largest-consumer threadName="main" threadId="00000000023ECF00" bytes="28326968" />
</allocation-stats>
<gc-op id="4708" type="mark" timems="10.531" contextid="4705" timestamp="2019-08-09T18:54:02.679">
  <trace-info objectcount="598955" scancount="519970" scanbytes="13348360" />
  <finalization candidates="80" enqueued="0" />
  <ownableSynchronizers candidates="21" cleared="0" />
  <references type="soft" candidates="1855" cleared="0" enqueued="0" dynamicThreshold="19" maxThreshold="32" />
  <references type="weak" candidates="5680" cleared="0" enqueued="0" />
  <references type="phantom" candidates="97" cleared="0" enqueued="0" />
  <stringconstants candidates="13250" cleared="0"  />
</gc-op>
<gc-op id="4709" type="sweep" timems="1.374" contextid="4705" timestamp="2019-08-09T18:54:02.681" />
<mem-info id="4710" free="28831368" total="46792704" percent="61">
  <mem type="tenure" free="28831368" total="46792704" percent="61" micro-fragmented="0" macro-fragmented="0">
    <mem type="soa" free="28364424" total="46325760" percent="61" />
    <mem type="loa" free="466944" total="466944" percent="100" />
  </mem>
</mem-info>
<gc-op id="4711" type="compact" timems="24.090" contextid="4705" timestamp="2019-08-09T18:54:02.705">
  <compact-info movecount="4" movebytes="112" reason="compact to aid heap contraction" />
</gc-op>
<heap-resize id="4712" type="expand" space="tenure" amount="131072" count="1" timems="0.014" reason="satisfy allocation request" timestamp="2019-08-09T18:54:02.705" />
<gc-end id="4713" type="global" contextid="4705" durationms="36.643" usertimems="103.338" systemtimems="0.000" timestamp="2019-08-09T18:54:02.705" activeThreads="16">
  <mem-info id="4714" free="28896968" total="46923776" percent="61">
    <mem type="tenure" free="28896968" total="46923776" percent="61">
      <mem type="soa" free="28427976" total="46454784" percent="61" />
      <mem type="loa" free="468992" total="468992" percent="100" />
    </mem>
  </mem-info>
</gc-end>
<cycle-end id="4715" type="global" contextid="4705" timestamp="2019-08-09T18:54:02.705" />
  <attribute name="elasticGC enabled" value="1" />
  <attribute name= "numThreadsSpecified" value="16" />
  <attribute name="heapSize specified" value="46792704" />
  <attribute name="Current GC Util" value="40" />
  <attribute name= "Current Time Running" value="182649" />
  <attribute name ="GC Interval" value="0" />
  <attribute name="Target GC Util Change" value ="80.000000" />
  <attribute name="Current GC Util Change" value="40.000000"/>
  <attribute name="Current Error" value="40.000000" />
  <attribute name="Output H" value="46868432"/>
  <attribute name="Output I" value="2056"/>
  <attribute name="Output T" value="16"/>
  <attribute name= "Current Time Running" value="182649" />
  <attribute name="GC Util currently" value="40" />
  <attribute name="CPU Util currently" value="47796497987" />
<allocation-satisfied id="4716" threadId="00000000023ECF00" bytesRequested="64" />
<af-end id="4717" timestamp="2019-08-09T18:54:02.706" threadId="00000000023ED888" success="true" />
<exclusive-end id="4718" timestamp="2019-08-09T18:54:02.706" durationms="36.827" />

<exclusive-start id="4719" timestamp="2019-08-09T18:54:02.722" intervalms="52.948">
  <response-info timems="0.040" idlems="0.040" threads="0" lastid="00000000023ECF00" lastname="main" />
</exclusive-start>
<af-start id="4720" threadId="00000000023ED888" totalBytesRequested="544" timestamp="2019-08-09T18:54:02.722" intervalms="52.946" />
<cycle-start id="4721" type="global" contextid="0" timestamp="2019-08-09T18:54:02.722" intervalms="52.946" />
<gc-start id="4722" type="global" contextid="4721" timestamp="2019-08-09T18:54:02.722">
  <mem-info id="4723" free="468992" total="46923776" percent="0">
    <mem type="tenure" free="468992" total="46923776" percent="0">
      <mem type="soa" free="0" total="46454784" percent="0" />
      <mem type="loa" free="468992" total="468992" percent="100" />
    </mem>
  </mem-info>
</gc-start>
<allocation-stats totalBytes="28453528" >
  <allocated-bytes non-tlh="0" tlh="28453528" />
  <largest-consumer threadName="main" threadId="00000000023ECF00" bytes="28453528" />
</allocation-stats>
<gc-op id="4724" type="mark" timems="22.179" contextid="4721" timestamp="2019-08-09T18:54:02.744">
  <trace-info objectcount="598955" scancount="519971" scanbytes="13348360" />
  <finalization candidates="80" enqueued="0" />
  <ownableSynchronizers candidates="21" cleared="0" />
  <references type="soft" candidates="1855" cleared="0" enqueued="0" dynamicThreshold="19" maxThreshold="32" />
  <references type="weak" candidates="5680" cleared="0" enqueued="0" />
  <references type="phantom" candidates="97" cleared="0" enqueued="0" />
  <stringconstants candidates="13250" cleared="0"  />
</gc-op>
<gc-op id="4725" type="sweep" timems="1.166" contextid="4721" timestamp="2019-08-09T18:54:02.745" />
<mem-info id="4726" free="28962168" total="46923776" percent="61">
  <mem type="tenure" free="28962168" total="46923776" percent="61" micro-fragmented="0" macro-fragmented="0">
    <mem type="soa" free="28493176" total="46454784" percent="61" />
    <mem type="loa" free="468992" total="468992" percent="100" />
  </mem>
</mem-info>
<gc-op id="4727" type="compact" timems="25.728" contextid="4721" timestamp="2019-08-09T18:54:02.771">
  <compact-info movecount="4" movebytes="112" reason="compact to aid heap contraction" />
</gc-op>
<heap-resize id="4728" type="expand" space="tenure" amount="131072" count="1" timems="0.017" reason="satisfy allocation request" timestamp="2019-08-09T18:54:02.771" />
<gc-end id="4729" type="global" contextid="4721" durationms="49.653" usertimems="71.271" systemtimems="0.000" timestamp="2019-08-09T18:54:02.771" activeThreads="16">
  <mem-info id="4730" free="29028040" total="47054848" percent="61">
    <mem type="tenure" free="29028040" total="47054848" percent="61">
      <mem type="soa" free="28558024" total="46584832" percent="61" />
      <mem type="loa" free="470016" total="470016" percent="100" />
    </mem>
  </mem-info>
</gc-end>
<cycle-end id="4731" type="global" contextid="4721" timestamp="2019-08-09T18:54:02.771" />
  <attribute name="elasticGC enabled" value="1" />
  <attribute name= "numThreadsSpecified" value="16" />
  <attribute name="heapSize specified" value="46923776" />
  <attribute name="Current GC Util" value="69" />
  <attribute name= "Current Time Running" value="182715" />
  <attribute name ="GC Interval" value="0" />
  <attribute name="Target GC Util Change" value ="80.000000" />
  <attribute name="Current GC Util Change" value="69.000000"/>
  <attribute name="Current Error" value="-42.000000" />
  <attribute name="Output H" value="46999408"/>
  <attribute name="Output I" value="1960"/>
  <attribute name="Output T" value="16"/>
  <attribute name= "Current Time Running" value="182715" />
  <attribute name="GC Util currently" value="69" />
  <attribute name="CPU Util currently" value="44753188883" />
<allocation-satisfied id="4732" threadId="00000000023ECF00" bytesRequested="544" />
<af-end id="4733" timestamp="2019-08-09T18:54:02.771" threadId="00000000023ED888" success="true" />
<exclusive-end id="4734" timestamp="2019-08-09T18:54:02.771" durationms="49.840" />

* Round 1 done in 26.400 seconds.
<exclusive-start id="4735" timestamp="2019-08-09T18:54:02.790" intervalms="68.384">
  <response-info timems="0.066" idlems="0.066" threads="0" lastid="00000000023ECF00" lastname="main" />
</exclusive-start>
<af-start id="4736" threadId="00000000023ED888" totalBytesRequested="16" timestamp="2019-08-09T18:54:02.790" intervalms="68.384" />
<cycle-start id="4737" type="global" contextid="0" timestamp="2019-08-09T18:54:02.790" intervalms="68.383" />
<gc-start id="4738" type="global" contextid="4737" timestamp="2019-08-09T18:54:02.790">
  <mem-info id="4739" free="470016" total="47054848" percent="0">
    <mem type="tenure" free="470016" total="47054848" percent="0">
      <mem type="soa" free="0" total="46584832" percent="0" />
      <mem type="loa" free="470016" total="470016" percent="100" />
    </mem>
  </mem-info>
</gc-start>
<allocation-stats totalBytes="28595312" >
  <allocated-bytes non-tlh="2800" tlh="28592512" />
  <largest-consumer threadName="main" threadId="00000000023ECF00" bytes="28595312" />
</allocation-stats>
<gc-op id="4740" type="mark" timems="9.955" contextid="4737" timestamp="2019-08-09T18:54:02.800">
  <trace-info objectcount="596681" scancount="517660" scanbytes="13286144" />
  <finalization candidates="80" enqueued="0" />
  <ownableSynchronizers candidates="21" cleared="0" />
  <references type="soft" candidates="1863" cleared="0" enqueued="0" dynamicThreshold="19" maxThreshold="32" />
  <references type="weak" candidates="5696" cleared="4" enqueued="3" />
  <references type="phantom" candidates="97" cleared="0" enqueued="0" />
  <stringconstants candidates="13275" cleared="0"  />
</gc-op>
<gc-op id="4741" type="sweep" timems="2.029" contextid="4737" timestamp="2019-08-09T18:54:02.802" />
<mem-info id="4742" free="29137448" total="47054848" percent="61">
  <mem type="tenure" free="29137448" total="47054848" percent="61" micro-fragmented="15776" macro-fragmented="0">
    <mem type="soa" free="28667432" total="46584832" percent="61" />
    <mem type="loa" free="470016" total="470016" percent="100" />
  </mem>
  <pending-finalizers system="0" default="0" reference="3" classloader="0" />
</mem-info>
<gc-op id="4743" type="compact" timems="127.591" contextid="4737" timestamp="2019-08-09T18:54:02.930">
  <compact-info movecount="523305" movebytes="13567192" reason="compact to aid heap contraction" />
</gc-op>
<heap-resize id="4744" type="expand" space="tenure" amount="131072" count="1" timems="0.018" reason="satisfy allocation request" timestamp="2019-08-09T18:54:02.931" />
<gc-end id="4745" type="global" contextid="4737" durationms="140.735" usertimems="183.905" systemtimems="0.000" timestamp="2019-08-09T18:54:02.931" activeThreads="16">
  <mem-info id="4746" free="29219744" total="47185920" percent="61">
    <mem type="tenure" free="29219744" total="47185920" percent="61">
      <mem type="soa" free="28748704" total="46714880" percent="61" />
      <mem type="loa" free="471040" total="471040" percent="100" />
    </mem>
    <pending-finalizers system="0" default="0" reference="3" classloader="0" />
  </mem-info>
</gc-end>
<cycle-end id="4747" type="global" contextid="4737" timestamp="2019-08-09T18:54:02.931" />
  <attribute name="elasticGC enabled" value="1" />
  <attribute name= "numThreadsSpecified" value="16" />
  <attribute name="heapSize specified" value="47054848" />
  <attribute name="Current GC Util" value="8" />
  <attribute name= "Current Time Running" value="182874" />
  <attribute name ="GC Interval" value="0" />
  <attribute name="Target GC Util Change" value ="80.000000" />
  <attribute name="Current GC Util Change" value="8.000000"/>
  <attribute name="Current Error" value="-319.000000" />
  <attribute name="Output H" value="47130160"/>
  <attribute name="Output I" value="1640"/>
  <attribute name="Output T" value="16"/>
  <attribute name= "Current Time Running" value="182874" />
  <attribute name="GC Util currently" value="8" />
  <attribute name="CPU Util currently" value="9034284887" />
<allocation-satisfied id="4748" threadId="00000000023ECF00" bytesRequested="16" />
<af-end id="4749" timestamp="2019-08-09T18:54:02.931" threadId="00000000023ED888" success="true" />
<exclusive-end id="4750" timestamp="2019-08-09T18:54:02.931" durationms="140.936" />

<exclusive-start id="4751" timestamp="2019-08-09T18:54:02.957" intervalms="166.869">
  <response-info timems="0.016" idlems="0.016" threads="0" lastid="00000000023ECF00" lastname="main" />
</exclusive-start>
<af-start id="4752" threadId="00000000023ED888" totalBytesRequested="32" timestamp="2019-08-09T18:54:02.957" intervalms="166.871" />
<cycle-start id="4753" type="global" contextid="0" timestamp="2019-08-09T18:54:02.957" intervalms="166.872" />
<gc-start id="4754" type="global" contextid="4753" timestamp="2019-08-09T18:54:02.957">
  <mem-info id="4755" free="471040" total="47185920" percent="0">
    <mem type="tenure" free="471040" total="47185920" percent="0">
      <mem type="soa" free="0" total="46714880" percent="0" />
      <mem type="loa" free="471040" total="471040" percent="100" />
    </mem>
  </mem-info>
</gc-start>
<allocation-stats totalBytes="28812040" >
  <allocated-bytes non-tlh="0" tlh="28812040" />
  <largest-consumer threadName="main" threadId="00000000023ECF00" bytes="28812040" />
</allocation-stats>
<gc-op id="4756" type="mark" timems="8.234" contextid="4753" timestamp="2019-08-09T18:54:02.965">
  <trace-info objectcount="596678" scancount="517661" scanbytes="13286136" />
  <finalization candidates="80" enqueued="0" />
  <ownableSynchronizers candidates="21" cleared="0" />
  <references type="soft" candidates="1863" cleared="0" enqueued="0" dynamicThreshold="19" maxThreshold="32" />
  <references type="weak" candidates="5692" cleared="0" enqueued="0" />
  <references type="phantom" candidates="97" cleared="0" enqueued="0" />
  <stringconstants candidates="13275" cleared="0"  />
</gc-op>
<gc-op id="4757" type="sweep" timems="3.738" contextid="4753" timestamp="2019-08-09T18:54:02.969" />
<mem-info id="4758" free="29284080" total="47185920" percent="62">
  <mem type="tenure" free="29284080" total="47185920" percent="62" micro-fragmented="17968" macro-fragmented="0">
    <mem type="soa" free="28813040" total="46714880" percent="61" />
    <mem type="loa" free="471040" total="471040" percent="100" />
  </mem>
</mem-info>
<gc-op id="4759" type="compact" timems="23.595" contextid="4753" timestamp="2019-08-09T18:54:02.993">
  <compact-info movecount="2086" movebytes="88040" reason="compact to aid heap contraction" />
</gc-op>
<heap-resize id="4760" type="expand" space="tenure" amount="131072" count="1" timems="0.020" reason="satisfy allocation request" timestamp="2019-08-09T18:54:02.993" />
<gc-end id="4761" type="global" contextid="4753" durationms="36.338" usertimems="83.015" systemtimems="0.000" timestamp="2019-08-09T18:54:02.993" activeThreads="16">
  <mem-info id="4762" free="29350872" total="47316992" percent="62">
    <mem type="tenure" free="29350872" total="47316992" percent="62">
      <mem type="soa" free="28877784" total="46843904" percent="61" />
      <mem type="loa" free="473088" total="473088" percent="100" />
    </mem>
  </mem-info>
</gc-end>
<cycle-end id="4763" type="global" contextid="4753" timestamp="2019-08-09T18:54:02.993" />
  <attribute name="elasticGC enabled" value="1" />
  <attribute name= "numThreadsSpecified" value="16" />
  <attribute name="heapSize specified" value="47185920" />
  <attribute name="Current GC Util" value="51" />
  <attribute name= "Current Time Running" value="182937" />
  <attribute name ="GC Interval" value="0" />
  <attribute name="Target GC Util Change" value ="80.000000" />
  <attribute name="Current GC Util Change" value="51.000000"/>
  <attribute name="Current Error" value="29.000000" />
  <attribute name="Output H" value="47261640"/>
  <attribute name="Output I" value="2048"/>
  <attribute name="Output T" value="16"/>
  <attribute name= "Current Time Running" value="182937" />
  <attribute name="GC Util currently" value="51" />
  <attribute name="CPU Util currently" value="48858904085" />
<allocation-satisfied id="4764" threadId="00000000023ECF00" bytesRequested="32" />
<af-end id="4765" timestamp="2019-08-09T18:54:02.994" threadId="00000000023ED888" success="true" />
<exclusive-end id="4766" timestamp="2019-08-09T18:54:02.994" durationms="36.640" />

<exclusive-start id="4767" timestamp="2019-08-09T18:54:03.203" intervalms="245.977">
  <response-info timems="0.019" idlems="0.019" threads="0" lastid="00000000023ECF00" lastname="main" />
</exclusive-start>
<af-start id="4768" threadId="00000000023ED888" totalBytesRequested="1168" timestamp="2019-08-09T18:54:03.203" intervalms="245.978" />
<cycle-start id="4769" type="global" contextid="0" timestamp="2019-08-09T18:54:03.203" intervalms="245.980" />
<gc-start id="4770" type="global" contextid="4769" timestamp="2019-08-09T18:54:03.203">
  <mem-info id="4771" free="473088" total="47316992" percent="0">
    <mem type="tenure" free="473088" total="47316992" percent="0">
      <mem type="soa" free="0" total="46843904" percent="0" />
      <mem type="loa" free="473088" total="473088" percent="100" />
    </mem>
  </mem-info>
</gc-start>
<allocation-stats totalBytes="28908984" >
  <allocated-bytes non-tlh="0" tlh="28908984" />
  <largest-consumer threadName="main" threadId="00000000023ECF00" bytes="28908984" />
</allocation-stats>
<gc-op id="4772" type="mark" timems="9.508" contextid="4769" timestamp="2019-08-09T18:54:03.213">
  <trace-info objectcount="596652" scancount="517633" scanbytes="13285224" />
  <finalization candidates="80" enqueued="0" />
  <ownableSynchronizers candidates="21" cleared="0" />
  <references type="soft" candidates="1863" cleared="12" enqueued="12" dynamicThreshold="19" maxThreshold="32" />
  <references type="weak" candidates="5692" cleared="0" enqueued="0" />
  <references type="phantom" candidates="97" cleared="0" enqueued="0" />
  <stringconstants candidates="13275" cleared="0"  />
</gc-op>
<gc-op id="4773" type="sweep" timems="1.414" contextid="4769" timestamp="2019-08-09T18:54:03.214" />
<mem-info id="4774" free="29412064" total="47316992" percent="62">
  <mem type="tenure" free="29412064" total="47316992" percent="62" micro-fragmented="0" macro-fragmented="0">
    <mem type="soa" free="28938976" total="46843904" percent="61" />
    <mem type="loa" free="473088" total="473088" percent="100" />
  </mem>
  <pending-finalizers system="0" default="0" reference="12" classloader="0" />
</mem-info>
<gc-op id="4775" type="compact" timems="28.297" contextid="4769" timestamp="2019-08-09T18:54:03.243">
  <compact-info movecount="2056" movebytes="88168" reason="compact to aid heap contraction" />
</gc-op>
<heap-resize id="4776" type="expand" space="tenure" amount="131072" count="1" timems="0.018" reason="satisfy allocation request" timestamp="2019-08-09T18:54:03.244" />
<gc-end id="4777" type="global" contextid="4769" durationms="41.088" usertimems="77.833" systemtimems="0.000" timestamp="2019-08-09T18:54:03.244" activeThreads="16">
  <mem-info id="4778" free="29481704" total="47448064" percent="62">
    <mem type="tenure" free="29481704" total="47448064" percent="62">
      <mem type="soa" free="29007592" total="46973952" percent="61" />
      <mem type="loa" free="474112" total="474112" percent="100" />
    </mem>
    <pending-finalizers system="0" default="0" reference="12" classloader="0" />
  </mem-info>
</gc-end>
<cycle-end id="4779" type="global" contextid="4769" timestamp="2019-08-09T18:54:03.244" />
  <attribute name="elasticGC enabled" value="1" />
  <attribute name= "numThreadsSpecified" value="16" />
  <attribute name="heapSize specified" value="47316992" />
  <attribute name="Current GC Util" value="37" />
  <attribute name= "Current Time Running" value="183187" />
  <attribute name ="GC Interval" value="0" />
  <attribute name="Target GC Util Change" value ="80.000000" />
  <attribute name="Current GC Util Change" value="37.000000"/>
  <attribute name="Current Error" value="-241.000000" />
  <attribute name="Output H" value="47392400"/>
  <attribute name="Output I" value="1736"/>
  <attribute name="Output T" value="16"/>
  <attribute name= "Current Time Running" value="183187" />
  <attribute name="GC Util currently" value="37" />
  <attribute name="CPU Util currently" value="40397990172" />
<allocation-satisfied id="4780" threadId="00000000023ECF00" bytesRequested="1168" />
<af-end id="4781" timestamp="2019-08-09T18:54:03.244" threadId="00000000023ED888" success="true" />
<exclusive-end id="4782" timestamp="2019-08-09T18:54:03.244" durationms="41.282" />

<exclusive-start id="4783" timestamp="2019-08-09T18:54:03.248" intervalms="44.655">
  <response-info timems="0.021" idlems="0.021" threads="0" lastid="00000000023ECF00" lastname="main" />
</exclusive-start>
<af-start id="4784" threadId="00000000023ED888" totalBytesRequested="1168" timestamp="2019-08-09T18:54:03.248" intervalms="44.660" />
<cycle-start id="4785" type="global" contextid="0" timestamp="2019-08-09T18:54:03.248" intervalms="44.659" />
<gc-start id="4786" type="global" contextid="4785" timestamp="2019-08-09T18:54:03.248">
  <mem-info id="4787" free="474112" total="47448064" percent="0">
    <mem type="tenure" free="474112" total="47448064" percent="0">
      <mem type="soa" free="0" total="46973952" percent="0" />
      <mem type="loa" free="474112" total="474112" percent="100" />
    </mem>
  </mem-info>
</gc-start>
<allocation-stats totalBytes="28963488" >
  <allocated-bytes non-tlh="0" tlh="28963488" />
  <largest-consumer threadName="main" threadId="00000000023ECF00" bytes="28959392" />
</allocation-stats>
<gc-op id="4788" type="mark" timems="13.371" contextid="4785" timestamp="2019-08-09T18:54:03.261">
  <trace-info objectcount="596600" scancount="517585" scanbytes="13284064" />
  <finalization candidates="80" enqueued="0" />
  <ownableSynchronizers candidates="21" cleared="0" />
  <references type="soft" candidates="1851" cleared="0" enqueued="0" dynamicThreshold="19" maxThreshold="32" />
  <references type="weak" candidates="5692" cleared="0" enqueued="0" />
  <references type="phantom" candidates="97" cleared="0" enqueued="0" />
  <stringconstants candidates="13275" cleared="0"  />
</gc-op>
<gc-op id="4789" type="sweep" timems="2.041" contextid="4785" timestamp="2019-08-09T18:54:03.263" />
<mem-info id="4790" free="29546600" total="47448064" percent="62">
  <mem type="tenure" free="29546600" total="47448064" percent="62" micro-fragmented="0" macro-fragmented="0">
    <mem type="soa" free="29072488" total="46973952" percent="61" />
    <mem type="loa" free="474112" total="474112" percent="100" />
  </mem>
</mem-info>
<gc-op id="4791" type="compact" timems="30.103" contextid="4785" timestamp="2019-08-09T18:54:03.293">
  <compact-info movecount="1446" movebytes="68072" reason="compact to aid heap contraction" />
</gc-op>
<heap-resize id="4792" type="expand" space="tenure" amount="131072" count="1" timems="0.019" reason="satisfy allocation request" timestamp="2019-08-09T18:54:03.294" />
<gc-end id="4793" type="global" contextid="4785" durationms="46.825" usertimems="91.480" systemtimems="0.000" timestamp="2019-08-09T18:54:03.294" activeThreads="16">
  <mem-info id="4794" free="29614032" total="47579136" percent="62">
    <mem type="tenure" free="29614032" total="47579136" percent="62">
      <mem type="soa" free="29138896" total="47104000" percent="61" />
      <mem type="loa" free="475136" total="475136" percent="100" />
    </mem>
  </mem-info>
</gc-end>
<cycle-end id="4795" type="global" contextid="4785" timestamp="2019-08-09T18:54:03.295" />
  <attribute name="elasticGC enabled" value="1" />
  <attribute name= "numThreadsSpecified" value="16" />
  <attribute name="heapSize specified" value="47448064" />
  <attribute name="Current GC Util" value="32" />
  <attribute name= "Current Time Running" value="183237" />
  <attribute name ="GC Interval" value="0" />
  <attribute name="Target GC Util Change" value ="80.000000" />
  <attribute name="Current GC Util Change" value="32.000000"/>
  <attribute name="Current Error" value="-246.000000" />
  <attribute name="Output H" value="47523464"/>
  <attribute name="Output I" value="1728"/>
  <attribute name="Output T" value="16"/>
  <attribute name= "Current Time Running" value="183237" />
  <attribute name="GC Util currently" value="32" />
  <attribute name="CPU Util currently" value="38256195816" />
<allocation-satisfied id="4796" threadId="00000000023ECF00" bytesRequested="1168" />
<af-end id="4797" timestamp="2019-08-09T18:54:03.295" threadId="00000000023ED888" success="true" />
<exclusive-end id="4798" timestamp="2019-08-09T18:54:03.295" durationms="47.018" />

<exclusive-start id="4799" timestamp="2019-08-09T18:54:03.298" intervalms="50.718">
  <response-info timems="0.024" idlems="0.024" threads="0" lastid="00000000023ECF00" lastname="main" />
</exclusive-start>
<af-start id="4800" threadId="00000000023ED888" totalBytesRequested="1168" timestamp="2019-08-09T18:54:03.298" intervalms="50.715" />
<cycle-start id="4801" type="global" contextid="0" timestamp="2019-08-09T18:54:03.298" intervalms="50.715" />
<gc-start id="4802" type="global" contextid="4801" timestamp="2019-08-09T18:54:03.298">
  <mem-info id="4803" free="475136" total="47579136" percent="0">
    <mem type="tenure" free="475136" total="47579136" percent="0">
      <mem type="soa" free="0" total="47104000" percent="0" />
      <mem type="loa" free="475136" total="475136" percent="100" />
    </mem>
  </mem-info>
</gc-start>
<allocation-stats totalBytes="29097904" >
  <allocated-bytes non-tlh="0" tlh="29097904" />
  <largest-consumer threadName="main" threadId="00000000023ECF00" bytes="29097904" />
</allocation-stats>
<gc-op id="4804" type="mark" timems="9.054" contextid="4801" timestamp="2019-08-09T18:54:03.307">
  <trace-info objectcount="596601" scancount="517583" scanbytes="13284088" />
  <finalization candidates="80" enqueued="0" />
  <ownableSynchronizers candidates="21" cleared="0" />
  <references type="soft" candidates="1851" cleared="0" enqueued="0" dynamicThreshold="19" maxThreshold="32" />
  <references type="weak" candidates="5692" cleared="0" enqueued="0" />
  <references type="phantom" candidates="97" cleared="0" enqueued="0" />
  <stringconstants candidates="13275" cleared="0"  />
</gc-op>
<gc-op id="4805" type="sweep" timems="1.524" contextid="4801" timestamp="2019-08-09T18:54:03.309" />
<mem-info id="4806" free="29678816" total="47579136" percent="62">
  <mem type="tenure" free="29678816" total="47579136" percent="62" micro-fragmented="0" macro-fragmented="0">
    <mem type="soa" free="29203680" total="47104000" percent="61" />
    <mem type="loa" free="475136" total="475136" percent="100" />
  </mem>
</mem-info>
<gc-op id="4807" type="compact" timems="78.891" contextid="4801" timestamp="2019-08-09T18:54:03.388">
  <compact-info movecount="2" movebytes="56" reason="compact to aid heap contraction" />
</gc-op>
<heap-resize id="4808" type="expand" space="tenure" amount="131072" count="1" timems="0.026" reason="satisfy allocation request" timestamp="2019-08-09T18:54:03.389" />
<gc-end id="4809" type="global" contextid="4801" durationms="90.696" usertimems="113.123" systemtimems="0.000" timestamp="2019-08-09T18:54:03.389" activeThreads="16">
  <mem-info id="4810" free="29745080" total="47710208" percent="62">
    <mem type="tenure" free="29745080" total="47710208" percent="62">
      <mem type="soa" free="29268920" total="47234048" percent="61" />
      <mem type="loa" free="476160" total="476160" percent="100" />
    </mem>
  </mem-info>
</gc-end>
<cycle-end id="4811" type="global" contextid="4801" timestamp="2019-08-09T18:54:03.389" />
  <attribute name="elasticGC enabled" value="1" />
  <attribute name= "numThreadsSpecified" value="16" />
  <attribute name="heapSize specified" value="47579136" />
  <attribute name="Current GC Util" value="76" />
  <attribute name= "Current Time Running" value="183332" />
  <attribute name ="GC Interval" value="0" />
  <attribute name="Target GC Util Change" value ="80.000000" />
  <attribute name="Current GC Util Change" value="76.000000"/>
  <attribute name="Current Error" value="4.000000" />
  <attribute name="Output H" value="47654824"/>
  <attribute name="Output I" value="2016"/>
  <attribute name="Output T" value="16"/>
  <attribute name= "Current Time Running" value="183332" />
  <attribute name="GC Util currently" value="76" />
  <attribute name="CPU Util currently" value="14592549189" />
<allocation-satisfied id="4812" threadId="00000000023ECF00" bytesRequested="1168" />
<af-end id="4813" timestamp="2019-08-09T18:54:03.389" threadId="00000000023ED888" success="true" />
<exclusive-end id="4814" timestamp="2019-08-09T18:54:03.389" durationms="90.912" />

<exclusive-start id="4815" timestamp="2019-08-09T18:54:03.393" intervalms="95.185">
  <response-info timems="0.027" idlems="0.027" threads="0" lastid="00000000023ECF00" lastname="main" />
</exclusive-start>
<af-start id="4816" threadId="00000000023ED888" totalBytesRequested="1168" timestamp="2019-08-09T18:54:03.393" intervalms="95.193" />
<cycle-start id="4817" type="global" contextid="0" timestamp="2019-08-09T18:54:03.394" intervalms="95.198" />
<gc-start id="4818" type="global" contextid="4817" timestamp="2019-08-09T18:54:03.394">
  <mem-info id="4819" free="476160" total="47710208" percent="0">
    <mem type="tenure" free="476160" total="47710208" percent="0">
      <mem type="soa" free="0" total="47234048" percent="0" />
      <mem type="loa" free="476160" total="476160" percent="100" />
    </mem>
  </mem-info>
</gc-start>
<allocation-stats totalBytes="29234416" >
  <allocated-bytes non-tlh="0" tlh="29234416" />
  <largest-consumer threadName="main" threadId="00000000023ECF00" bytes="29234416" />
</allocation-stats>
<gc-op id="4820" type="mark" timems="21.748" contextid="4817" timestamp="2019-08-09T18:54:03.415">
  <trace-info objectcount="596590" scancount="517585" scanbytes="13283976" />
  <finalization candidates="80" enqueued="0" />
  <ownableSynchronizers candidates="21" cleared="0" />
  <references type="soft" candidates="1851" cleared="1" enqueued="0" dynamicThreshold="19" maxThreshold="32" />
  <references type="weak" candidates="5692" cleared="0" enqueued="0" />
  <references type="phantom" candidates="97" cleared="0" enqueued="0" />
  <stringconstants candidates="13275" cleared="0"  />
</gc-op>
<gc-op id="4821" type="sweep" timems="4.446" contextid="4817" timestamp="2019-08-09T18:54:03.420" />
<mem-info id="4822" free="29828816" total="47710208" percent="62">
  <mem type="tenure" free="29828816" total="47710208" percent="62" micro-fragmented="0" macro-fragmented="0">
    <mem type="soa" free="29352656" total="47234048" percent="62" />
    <mem type="loa" free="476160" total="476160" percent="100" />
  </mem>
</mem-info>
<gc-op id="4823" type="compact" timems="68.934" contextid="4817" timestamp="2019-08-09T18:54:03.489">
  <compact-info movecount="726" movebytes="28960" reason="compact to aid heap contraction" />
</gc-op>
<heap-resize id="4824" type="expand" space="tenure" amount="131072" count="1" timems="0.024" reason="satisfy allocation request" timestamp="2019-08-09T18:54:03.494" />
<gc-end id="4825" type="global" contextid="4817" durationms="100.691" usertimems="118.280" systemtimems="0.000" timestamp="2019-08-09T18:54:03.494" activeThreads="16">
  <mem-info id="4826" free="29894352" total="47841280" percent="62">
    <mem type="tenure" free="29894352" total="47841280" percent="62">
      <mem type="soa" free="29416144" total="47363072" percent="62" />
      <mem type="loa" free="478208" total="478208" percent="100" />
    </mem>
  </mem-info>
</gc-end>
<cycle-end id="4827" type="global" contextid="4817" timestamp="2019-08-09T18:54:03.494" />
  <attribute name="elasticGC enabled" value="1" />
  <attribute name= "numThreadsSpecified" value="16" />
  <attribute name="heapSize specified" value="47710208" />
  <attribute name="Current GC Util" value="31" />
  <attribute name= "Current Time Running" value="183433" />
  <attribute name ="GC Interval" value="0" />
  <attribute name="Target GC Util Change" value ="80.000000" />
  <attribute name="Current GC Util Change" value="31.000000"/>
  <attribute name="Current Error" value="-226.000000" />
  <attribute name="Output H" value="47785632"/>
  <attribute name="Output I" value="1752"/>
  <attribute name="Output T" value="16"/>
  <attribute name= "Current Time Running" value="183433" />
  <attribute name="GC Util currently" value="31" />
  <attribute name="CPU Util currently" value="16711744534" />
<allocation-satisfied id="4828" threadId="00000000023ECF00" bytesRequested="1168" />
<af-end id="4829" timestamp="2019-08-09T18:54:03.494" threadId="00000000023ED888" success="true" />
<exclusive-end id="4830" timestamp="2019-08-09T18:54:03.494" durationms="100.950" />

<exclusive-start id="4831" timestamp="2019-08-09T18:54:03.502" intervalms="108.285">
  <response-info timems="0.019" idlems="0.019" threads="0" lastid="00000000023ECF00" lastname="main" />
</exclusive-start>
<af-start id="4832" threadId="00000000023ED888" totalBytesRequested="1168" timestamp="2019-08-09T18:54:03.502" intervalms="108.280" />
<cycle-start id="4833" type="global" contextid="0" timestamp="2019-08-09T18:54:03.502" intervalms="108.333" />
<gc-start id="4834" type="global" contextid="4833" timestamp="2019-08-09T18:54:03.502">
  <mem-info id="4835" free="478208" total="47841280" percent="0">
    <mem type="tenure" free="478208" total="47841280" percent="0">
      <mem type="soa" free="0" total="47363072" percent="0" />
      <mem type="loa" free="478208" total="478208" percent="100" />
    </mem>
  </mem-info>
</gc-start>
<allocation-stats totalBytes="29381096" >
  <allocated-bytes non-tlh="0" tlh="29381096" />
  <largest-consumer threadName="main" threadId="00000000023ECF00" bytes="29381096" />
</allocation-stats>
<gc-op id="4836" type="mark" timems="20.019" contextid="4833" timestamp="2019-08-09T18:54:03.522">
  <trace-info objectcount="596590" scancount="517580" scanbytes="13283976" />
  <finalization candidates="80" enqueued="0" />
  <ownableSynchronizers candidates="21" cleared="0" />
  <references type="soft" candidates="1850" cleared="0" enqueued="0" dynamicThreshold="19" maxThreshold="32" />
  <references type="weak" candidates="5692" cleared="0" enqueued="0" />
  <references type="phantom" candidates="97" cleared="0" enqueued="0" />
  <stringconstants candidates="13275" cleared="0"  />
</gc-op>
<gc-op id="4837" type="sweep" timems="4.106" contextid="4833" timestamp="2019-08-09T18:54:03.528" />
<mem-info id="4838" free="29959888" total="47841280" percent="62">
  <mem type="tenure" free="29959888" total="47841280" percent="62" micro-fragmented="0" macro-fragmented="0">
    <mem type="soa" free="29481680" total="47363072" percent="62" />
    <mem type="loa" free="478208" total="478208" percent="100" />
  </mem>
</mem-info>
<gc-op id="4839" type="compact" timems="22.843" contextid="4833" timestamp="2019-08-09T18:54:03.551">
  <compact-info movecount="2" movebytes="56" reason="compact to aid heap contraction" />
</gc-op>
<heap-resize id="4840" type="expand" space="tenure" amount="131072" count="1" timems="0.018" reason="satisfy allocation request" timestamp="2019-08-09T18:54:03.551" />
<gc-end id="4841" type="global" contextid="4833" durationms="49.373" usertimems="77.508" systemtimems="0.000" timestamp="2019-08-09T18:54:03.551" activeThreads="16">
  <mem-info id="4842" free="30025424" total="47972352" percent="62">
    <mem type="tenure" free="30025424" total="47972352" percent="62">
      <mem type="soa" free="29546192" total="47493120" percent="62" />
      <mem type="loa" free="479232" total="479232" percent="100" />
    </mem>
  </mem-info>
</gc-end>
<cycle-end id="4843" type="global" contextid="4833" timestamp="2019-08-09T18:54:03.551" />
  <attribute name="elasticGC enabled" value="1" />
  <attribute name= "numThreadsSpecified" value="16" />
  <attribute name="heapSize specified" value="47841280" />
  <attribute name="Current GC Util" value="32" />
  <attribute name= "Current Time Running" value="183494" />
  <attribute name ="GC Interval" value="0" />
  <attribute name="Target GC Util Change" value ="80.000000" />
  <attribute name="Current GC Util Change" value="32.000000"/>
  <attribute name="Current Error" value="-126.000000" />
  <attribute name="Output H" value="47916816"/>
  <attribute name="Output I" value="1864"/>
  <attribute name="Output T" value="16"/>
  <attribute name= "Current Time Running" value="183494" />
  <attribute name="GC Util currently" value="32" />
  <attribute name="CPU Util currently" value="50401189340" />
<allocation-satisfied id="4844" threadId="00000000023ECF00" bytesRequested="1168" />
<af-end id="4845" timestamp="2019-08-09T18:54:03.551" threadId="00000000023ED888" success="true" />
<exclusive-end id="4846" timestamp="2019-08-09T18:54:03.551" durationms="49.639" />

<exclusive-start id="4847" timestamp="2019-08-09T18:54:03.555" intervalms="52.841">
  <response-info timems="0.019" idlems="0.019" threads="0" lastid="00000000023ECF00" lastname="main" />
</exclusive-start>
<af-start id="4848" threadId="00000000023ED888" totalBytesRequested="1168" timestamp="2019-08-09T18:54:03.555" intervalms="52.854" />
<cycle-start id="4849" type="global" contextid="0" timestamp="2019-08-09T18:54:03.555" intervalms="52.795" />
<gc-start id="4850" type="global" contextid="4849" timestamp="2019-08-09T18:54:03.555">
  <mem-info id="4851" free="479232" total="47972352" percent="0">
    <mem type="tenure" free="479232" total="47972352" percent="0">
      <mem type="soa" free="0" total="47493120" percent="0" />
      <mem type="loa" free="479232" total="479232" percent="100" />
    </mem>
  </mem-info>
</gc-start>
<allocation-stats totalBytes="29511736" >
  <allocated-bytes non-tlh="0" tlh="29511736" />
  <largest-consumer threadName="main" threadId="00000000023ECF00" bytes="29511736" />
</allocation-stats>
<gc-op id="4852" type="mark" timems="8.640" contextid="4849" timestamp="2019-08-09T18:54:03.563">
  <trace-info objectcount="596590" scancount="517581" scanbytes="13283976" />
  <finalization candidates="80" enqueued="0" />
  <ownableSynchronizers candidates="21" cleared="0" />
  <references type="soft" candidates="1850" cleared="0" enqueued="0" dynamicThreshold="20" maxThreshold="32" />
  <references type="weak" candidates="5692" cleared="0" enqueued="0" />
  <references type="phantom" candidates="97" cleared="0" enqueued="0" />
  <stringconstants candidates="13275" cleared="0"  />
</gc-op>
<gc-op id="4853" type="sweep" timems="3.795" contextid="4849" timestamp="2019-08-09T18:54:03.567" />
<mem-info id="4854" free="30090936" total="47972352" percent="62">
  <mem type="tenure" free="30090936" total="47972352" percent="62" micro-fragmented="0" macro-fragmented="0">
    <mem type="soa" free="29611704" total="47493120" percent="62" />
    <mem type="loa" free="479232" total="479232" percent="100" />
  </mem>
</mem-info>
<gc-op id="4855" type="compact" timems="28.333" contextid="4849" timestamp="2019-08-09T18:54:03.596">
  <compact-info movecount="2" movebytes="56" reason="compact to aid heap contraction" />
</gc-op>
<heap-resize id="4856" type="expand" space="tenure" amount="131072" count="1" timems="0.025" reason="satisfy allocation request" timestamp="2019-08-09T18:54:03.596" />
<gc-end id="4857" type="global" contextid="4849" durationms="41.635" usertimems="83.197" systemtimems="0.000" timestamp="2019-08-09T18:54:03.596" activeThreads="16">
  <mem-info id="4858" free="30156496" total="48103424" percent="62">
    <mem type="tenure" free="30156496" total="48103424" percent="62">
      <mem type="soa" free="29676240" total="47623168" percent="62" />
      <mem type="loa" free="480256" total="480256" percent="100" />
    </mem>
  </mem-info>
</gc-end>
<cycle-end id="4859" type="global" contextid="4849" timestamp="2019-08-09T18:54:03.596" />
  <attribute name="elasticGC enabled" value="1" />
  <attribute name= "numThreadsSpecified" value="16" />
  <attribute name="heapSize specified" value="47972352" />
  <attribute name="Current GC Util" value="35" />
  <attribute name= "Current Time Running" value="183540" />
  <attribute name ="GC Interval" value="0" />
  <attribute name="Target GC Util Change" value ="80.000000" />
  <attribute name="Current GC Util Change" value="35.000000"/>
  <attribute name="Current Error" value="45.000000" />
  <attribute name="Output H" value="48048088"/>
  <attribute name="Output I" value="2064"/>
  <attribute name="Output T" value="16"/>
  <attribute name= "Current Time Running" value="183540" />
  <attribute name="GC Util currently" value="35" />
  <attribute name="CPU Util currently" value="40641281725" />
<allocation-satisfied id="4860" threadId="00000000023ECF00" bytesRequested="1168" />
<af-end id="4861" timestamp="2019-08-09T18:54:03.596" threadId="00000000023ED888" success="true" />
<exclusive-end id="4862" timestamp="2019-08-09T18:54:03.596" durationms="41.886" />

<exclusive-start id="4863" timestamp="2019-08-09T18:54:03.600" intervalms="45.033">
  <response-info timems="0.019" idlems="0.019" threads="0" lastid="00000000023ECF00" lastname="main" />
</exclusive-start>
<af-start id="4864" threadId="00000000023ED888" totalBytesRequested="1168" timestamp="2019-08-09T18:54:03.600" intervalms="45.031" />
<cycle-start id="4865" type="global" contextid="0" timestamp="2019-08-09T18:54:03.600" intervalms="45.034" />
<gc-start id="4866" type="global" contextid="4865" timestamp="2019-08-09T18:54:03.600">
  <mem-info id="4867" free="480256" total="48103424" percent="0">
    <mem type="tenure" free="480256" total="48103424" percent="0">
      <mem type="soa" free="0" total="47623168" percent="0" />
      <mem type="loa" free="480256" total="480256" percent="100" />
    </mem>
  </mem-info>
</gc-start>
<allocation-stats totalBytes="29641144" >
  <allocated-bytes non-tlh="0" tlh="29641144" />
  <largest-consumer threadName="main" threadId="00000000023ECF00" bytes="29641144" />
</allocation-stats>
<gc-op id="4868" type="mark" timems="13.375" contextid="4865" timestamp="2019-08-09T18:54:03.613">
  <trace-info objectcount="596590" scancount="517581" scanbytes="13283976" />
  <finalization candidates="80" enqueued="0" />
  <ownableSynchronizers candidates="21" cleared="0" />
  <references type="soft" candidates="1850" cleared="0" enqueued="0" dynamicThreshold="20" maxThreshold="32" />
  <references type="weak" candidates="5692" cleared="0" enqueued="0" />
  <references type="phantom" candidates="97" cleared="0" enqueued="0" />
  <stringconstants candidates="13275" cleared="0"  />
</gc-op>
<gc-op id="4869" type="sweep" timems="1.786" contextid="4865" timestamp="2019-08-09T18:54:03.615" />
<mem-info id="4870" free="30221800" total="48103424" percent="62">
  <mem type="tenure" free="30221800" total="48103424" percent="62" micro-fragmented="0" macro-fragmented="0">
    <mem type="soa" free="29741544" total="47623168" percent="62" />
    <mem type="loa" free="480256" total="480256" percent="100" />
  </mem>
</mem-info>
<gc-op id="4871" type="compact" timems="24.221" contextid="4865" timestamp="2019-08-09T18:54:03.639">
  <compact-info movecount="2" movebytes="56" reason="compact to aid heap contraction" />
</gc-op>
<heap-resize id="4872" type="expand" space="tenure" amount="131072" count="1" timems="0.019" reason="satisfy allocation request" timestamp="2019-08-09T18:54:03.640" />
<gc-end id="4873" type="global" contextid="4865" durationms="40.733" usertimems="92.193" systemtimems="0.000" timestamp="2019-08-09T18:54:03.640" activeThreads="16">
  <mem-info id="4874" free="30287568" total="48234496" percent="62">
    <mem type="tenure" free="30287568" total="48234496" percent="62">
      <mem type="soa" free="29805264" total="47752192" percent="62" />
      <mem type="loa" free="482304" total="482304" percent="100" />
    </mem>
  </mem-info>
</gc-end>
<cycle-end id="4875" type="global" contextid="4865" timestamp="2019-08-09T18:54:03.641" />
  <attribute name="elasticGC enabled" value="1" />
  <attribute name= "numThreadsSpecified" value="16" />
  <attribute name="heapSize specified" value="48103424" />
  <attribute name="Current GC Util" value="58" />
  <attribute name= "Current Time Running" value="183583" />
  <attribute name ="GC Interval" value="0" />
  <attribute name="Target GC Util Change" value ="80.000000" />
  <attribute name="Current GC Util Change" value="58.000000"/>
  <attribute name="Current Error" value="-872.000000" />
  <attribute name="Output H" value="48178104"/>
  <attribute name="Output I" value="1008"/>
  <attribute name="Output T" value="16"/>
  <attribute name= "Current Time Running" value="183583" />
  <attribute name="GC Util currently" value="58" />
  <attribute name="CPU Util currently" value="47527228533" />
<allocation-satisfied id="4876" threadId="00000000023ECF00" bytesRequested="1168" />
<af-end id="4877" timestamp="2019-08-09T18:54:03.641" threadId="00000000023ED888" success="true" />
<exclusive-end id="4878" timestamp="2019-08-09T18:54:03.641" durationms="40.955" />

<exclusive-start id="4879" timestamp="2019-08-09T18:54:03.643" intervalms="43.859">
  <response-info timems="0.018" idlems="0.018" threads="0" lastid="00000000023ECF00" lastname="main" />
</exclusive-start>
<af-start id="4880" threadId="00000000023ED888" totalBytesRequested="1168" timestamp="2019-08-09T18:54:03.643" intervalms="43.838" />
<cycle-start id="4881" type="global" contextid="0" timestamp="2019-08-09T18:54:03.644" intervalms="43.836" />
<gc-start id="4882" type="global" contextid="4881" timestamp="2019-08-09T18:54:03.644">
  <mem-info id="4883" free="482304" total="48234496" percent="0">
    <mem type="tenure" free="482304" total="48234496" percent="0">
      <mem type="soa" free="0" total="47752192" percent="0" />
      <mem type="loa" free="482304" total="482304" percent="100" />
    </mem>
  </mem-info>
</gc-start>
<allocation-stats totalBytes="29769320" >
  <allocated-bytes non-tlh="0" tlh="29769320" />
  <largest-consumer threadName="main" threadId="00000000023ECF00" bytes="29769320" />
</allocation-stats>
<gc-op id="4884" type="mark" timems="9.090" contextid="4881" timestamp="2019-08-09T18:54:03.653">
  <trace-info objectcount="596590" scancount="517584" scanbytes="13283976" />
  <finalization candidates="80" enqueued="0" />
  <ownableSynchronizers candidates="21" cleared="0" />
  <references type="soft" candidates="1850" cleared="0" enqueued="0" dynamicThreshold="20" maxThreshold="32" />
  <references type="weak" candidates="5692" cleared="0" enqueued="0" />
  <references type="phantom" candidates="97" cleared="0" enqueued="0" />
  <stringconstants candidates="13275" cleared="0"  />
</gc-op>
<gc-op id="4885" type="sweep" timems="3.117" contextid="4881" timestamp="2019-08-09T18:54:03.656" />
<mem-info id="4886" free="30352456" total="48234496" percent="62">
  <mem type="tenure" free="30352456" total="48234496" percent="62" micro-fragmented="0" macro-fragmented="0">
    <mem type="soa" free="29870152" total="47752192" percent="62" />
    <mem type="loa" free="482304" total="482304" percent="100" />
  </mem>
</mem-info>
<gc-op id="4887" type="compact" timems="37.293" contextid="4881" timestamp="2019-08-09T18:54:03.693">
  <compact-info movecount="2" movebytes="56" reason="compact to aid heap contraction" />
</gc-op>
<heap-resize id="4888" type="expand" space="tenure" amount="131072" count="1" timems="0.034" reason="satisfy allocation request" timestamp="2019-08-09T18:54:03.694" />
<gc-end id="4889" type="global" contextid="4881" durationms="50.436" usertimems="105.568" systemtimems="0.000" timestamp="2019-08-09T18:54:03.694" activeThreads="16">
  <mem-info id="4890" free="30418640" total="48365568" percent="62">
    <mem type="tenure" free="30418640" total="48365568" percent="62">
      <mem type="soa" free="29935312" total="47882240" percent="62" />
      <mem type="loa" free="483328" total="483328" percent="100" />
    </mem>
  </mem-info>
</gc-end>
<cycle-end id="4891" type="global" contextid="4881" timestamp="2019-08-09T18:54:03.694" />
  <attribute name="elasticGC enabled" value="1" />
  <attribute name= "numThreadsSpecified" value="16" />
  <attribute name="heapSize specified" value="48234496" />
  <attribute name="Current GC Util" value="40" />
  <attribute name= "Current Time Running" value="183637" />
  <attribute name ="GC Interval" value="0" />
  <attribute name="Target GC Util Change" value ="80.000000" />
  <attribute name="Current GC Util Change" value="40.000000"/>
  <attribute name="Current Error" value="-469.000000" />
  <attribute name="Output H" value="48309640"/>
  <attribute name="Output I" value="1472"/>
  <attribute name="Output T" value="16"/>
  <attribute name= "Current Time Running" value="183637" />
  <attribute name="GC Util currently" value="40" />
  <attribute name="CPU Util currently" value="30873564544" />
<allocation-satisfied id="4892" threadId="00000000023ECF00" bytesRequested="1168" />
<af-end id="4893" timestamp="2019-08-09T18:54:03.694" threadId="00000000023ED888" success="true" />
<exclusive-end id="4894" timestamp="2019-08-09T18:54:03.694" durationms="50.619" />

<exclusive-start id="4895" timestamp="2019-08-09T18:54:03.697" intervalms="53.826">
  <response-info timems="0.017" idlems="0.017" threads="0" lastid="00000000023ECF00" lastname="main" />
</exclusive-start>
<af-start id="4896" threadId="00000000023ED888" totalBytesRequested="1168" timestamp="2019-08-09T18:54:03.697" intervalms="53.838" />
<cycle-start id="4897" type="global" contextid="0" timestamp="2019-08-09T18:54:03.697" intervalms="53.837" />
<gc-start id="4898" type="global" contextid="4897" timestamp="2019-08-09T18:54:03.697">
  <mem-info id="4899" free="483328" total="48365568" percent="0">
    <mem type="tenure" free="483328" total="48365568" percent="0">
      <mem type="soa" free="0" total="47882240" percent="0" />
      <mem type="loa" free="483328" total="483328" percent="100" />
    </mem>
  </mem-info>
</gc-start>
<allocation-stats totalBytes="29898728" >
  <allocated-bytes non-tlh="0" tlh="29898728" />
  <largest-consumer threadName="main" threadId="00000000023ECF00" bytes="29898728" />
</allocation-stats>
<gc-op id="4900" type="mark" timems="11.430" contextid="4897" timestamp="2019-08-09T18:54:03.709">
  <trace-info objectcount="596590" scancount="517582" scanbytes="13283976" />
  <finalization candidates="80" enqueued="0" />
  <ownableSynchronizers candidates="21" cleared="0" />
  <references type="soft" candidates="1850" cleared="0" enqueued="0" dynamicThreshold="20" maxThreshold="32" />
  <references type="weak" candidates="5692" cleared="0" enqueued="0" />
  <references type="phantom" candidates="97" cleared="0" enqueued="0" />
  <stringconstants candidates="13275" cleared="0"  />
</gc-op>
<gc-op id="4901" type="sweep" timems="1.798" contextid="4897" timestamp="2019-08-09T18:54:03.711" />
<mem-info id="4902" free="30484176" total="48365568" percent="63">
  <mem type="tenure" free="30484176" total="48365568" percent="63" micro-fragmented="0" macro-fragmented="0">
    <mem type="soa" free="30000848" total="47882240" percent="62" />
    <mem type="loa" free="483328" total="483328" percent="100" />
  </mem>
</mem-info>
<gc-op id="4903" type="compact" timems="50.160" contextid="4897" timestamp="2019-08-09T18:54:03.761">
  <compact-info movecount="2" movebytes="56" reason="compact to aid heap contraction" />
</gc-op>
<heap-resize id="4904" type="expand" space="tenure" amount="131072" count="1" timems="0.025" reason="satisfy allocation request" timestamp="2019-08-09T18:54:03.766" />
<gc-end id="4905" type="global" contextid="4897" durationms="68.779" usertimems="105.498" systemtimems="0.000" timestamp="2019-08-09T18:54:03.766" activeThreads="16">
  <mem-info id="4906" free="30549712" total="48496640" percent="62">
    <mem type="tenure" free="30549712" total="48496640" percent="62">
      <mem type="soa" free="30065360" total="48012288" percent="62" />
      <mem type="loa" free="484352" total="484352" percent="100" />
    </mem>
  </mem-info>
</gc-end>
<cycle-end id="4907" type="global" contextid="4897" timestamp="2019-08-09T18:54:03.766" />
  <attribute name="elasticGC enabled" value="1" />
  <attribute name= "numThreadsSpecified" value="16" />
  <attribute name="heapSize specified" value="48365568" />
  <attribute name="Current GC Util" value="21" />
  <attribute name= "Current Time Running" value="183705" />
  <attribute name ="GC Interval" value="0" />
  <attribute name="Target GC Util Change" value ="80.000000" />
  <attribute name="Current GC Util Change" value="21.000000"/>
  <attribute name="Current Error" value="59.000000" />
  <attribute name="Output H" value="48441320"/>
  <attribute name="Output I" value="2080"/>
  <attribute name="Output T" value="16"/>
  <attribute name= "Current Time Running" value="183705" />
  <attribute name="GC Util currently" value="21" />
  <attribute name="CPU Util currently" value="22970690093" />
<allocation-satisfied id="4908" threadId="00000000023ECF00" bytesRequested="1168" />
<af-end id="4909" timestamp="2019-08-09T18:54:03.766" threadId="00000000023ED888" success="true" />
<exclusive-end id="4910" timestamp="2019-08-09T18:54:03.766" durationms="69.021" />

<exclusive-start id="4911" timestamp="2019-08-09T18:54:03.773" intervalms="75.311">
  <response-info timems="0.024" idlems="0.024" threads="0" lastid="00000000023ECF00" lastname="main" />
</exclusive-start>
<af-start id="4912" threadId="00000000023ED888" totalBytesRequested="1168" timestamp="2019-08-09T18:54:03.773" intervalms="75.313" />
<cycle-start id="4913" type="global" contextid="0" timestamp="2019-08-09T18:54:03.773" intervalms="75.324" />
<gc-start id="4914" type="global" contextid="4913" timestamp="2019-08-09T18:54:03.773">
  <mem-info id="4915" free="484352" total="48496640" percent="0">
    <mem type="tenure" free="484352" total="48496640" percent="0">
      <mem type="soa" free="0" total="48012288" percent="0" />
      <mem type="loa" free="484352" total="484352" percent="100" />
    </mem>
  </mem-info>
</gc-start>
<allocation-stats totalBytes="30028136" >
  <allocated-bytes non-tlh="0" tlh="30028136" />
  <largest-consumer threadName="main" threadId="00000000023ECF00" bytes="30028136" />
</allocation-stats>
<gc-op id="4916" type="mark" timems="16.865" contextid="4913" timestamp="2019-08-09T18:54:03.790">
  <trace-info objectcount="596590" scancount="517582" scanbytes="13283976" />
  <finalization candidates="80" enqueued="0" />
  <ownableSynchronizers candidates="21" cleared="0" />
  <references type="soft" candidates="1850" cleared="0" enqueued="0" dynamicThreshold="20" maxThreshold="32" />
  <references type="weak" candidates="5692" cleared="0" enqueued="0" />
  <references type="phantom" candidates="97" cleared="0" enqueued="0" />
  <stringconstants candidates="13275" cleared="0"  />
</gc-op>
<gc-op id="4917" type="sweep" timems="2.043" contextid="4913" timestamp="2019-08-09T18:54:03.792" />
<mem-info id="4918" free="30615248" total="48496640" percent="63">
  <mem type="tenure" free="30615248" total="48496640" percent="63" micro-fragmented="0" macro-fragmented="0">
    <mem type="soa" free="30130896" total="48012288" percent="62" />
    <mem type="loa" free="484352" total="484352" percent="100" />
  </mem>
</mem-info>
<gc-op id="4919" type="compact" timems="27.018" contextid="4913" timestamp="2019-08-09T18:54:03.819">
  <compact-info movecount="2" movebytes="56" reason="compact to aid heap contraction" />
</gc-op>
<heap-resize id="4920" type="expand" space="tenure" amount="131072" count="1" timems="0.019" reason="satisfy allocation request" timestamp="2019-08-09T18:54:03.820" />
<gc-end id="4921" type="global" contextid="4913" durationms="47.180" usertimems="94.171" systemtimems="0.000" timestamp="2019-08-09T18:54:03.820" activeThreads="16">
  <mem-info id="4922" free="30680784" total="48627712" percent="63">
    <mem type="tenure" free="30680784" total="48627712" percent="63">
      <mem type="soa" free="30195408" total="48142336" percent="62" />
      <mem type="loa" free="485376" total="485376" percent="100" />
    </mem>
  </mem-info>
</gc-end>
<cycle-end id="4923" type="global" contextid="4913" timestamp="2019-08-09T18:54:03.820" />
  <attribute name="elasticGC enabled" value="1" />
  <attribute name= "numThreadsSpecified" value="16" />
  <attribute name="heapSize specified" value="48496640" />
  <attribute name="Current GC Util" value="35" />
  <attribute name= "Current Time Running" value="183763" />
  <attribute name ="GC Interval" value="0" />
  <attribute name="Target GC Util Change" value ="80.000000" />
  <attribute name="Current GC Util Change" value="35.000000"/>
  <attribute name="Current Error" value="-453.000000" />
  <attribute name="Output H" value="48571800"/>
  <attribute name="Output I" value="1488"/>
  <attribute name="Output T" value="16"/>
  <attribute name= "Current Time Running" value="183763" />
  <attribute name="GC Util currently" value="35" />
  <attribute name="CPU Util currently" value="42604041652" />
<allocation-satisfied id="4924" threadId="00000000023ECF00" bytesRequested="1168" />
<af-end id="4925" timestamp="2019-08-09T18:54:03.820" threadId="00000000023ED888" success="true" />
<exclusive-end id="4926" timestamp="2019-08-09T18:54:03.820" durationms="47.413" />

<exclusive-start id="4927" timestamp="2019-08-09T18:54:03.824" intervalms="51.088">
  <response-info timems="0.025" idlems="0.025" threads="0" lastid="00000000023ECF00" lastname="main" />
</exclusive-start>
<af-start id="4928" threadId="00000000023ED888" totalBytesRequested="1168" timestamp="2019-08-09T18:54:03.824" intervalms="51.094" />
<cycle-start id="4929" type="global" contextid="0" timestamp="2019-08-09T18:54:03.824" intervalms="51.093" />
<gc-start id="4930" type="global" contextid="4929" timestamp="2019-08-09T18:54:03.824">
  <mem-info id="4931" free="485376" total="48627712" percent="0">
    <mem type="tenure" free="485376" total="48627712" percent="0">
      <mem type="soa" free="0" total="48142336" percent="0" />
      <mem type="loa" free="485376" total="485376" percent="100" />
    </mem>
  </mem-info>
</gc-start>
<allocation-stats totalBytes="30158800" >
  <allocated-bytes non-tlh="0" tlh="30158800" />
  <largest-consumer threadName="main" threadId="00000000023ECF00" bytes="30158800" />
</allocation-stats>
<gc-op id="4932" type="mark" timems="8.363" contextid="4929" timestamp="2019-08-09T18:54:03.832">
  <trace-info objectcount="596590" scancount="517583" scanbytes="13283976" />
  <finalization candidates="80" enqueued="0" />
  <ownableSynchronizers candidates="21" cleared="0" />
  <references type="soft" candidates="1850" cleared="0" enqueued="0" dynamicThreshold="20" maxThreshold="32" />
  <references type="weak" candidates="5692" cleared="0" enqueued="0" />
  <references type="phantom" candidates="97" cleared="0" enqueued="0" />
  <stringconstants candidates="13275" cleared="0"  />
</gc-op>
<gc-op id="4933" type="sweep" timems="4.038" contextid="4929" timestamp="2019-08-09T18:54:03.836" />
<mem-info id="4934" free="30746280" total="48627712" percent="63">
  <mem type="tenure" free="30746280" total="48627712" percent="63" micro-fragmented="0" macro-fragmented="0">
    <mem type="soa" free="30260904" total="48142336" percent="62" />
    <mem type="loa" free="485376" total="485376" percent="100" />
  </mem>
</mem-info>
<gc-op id="4935" type="compact" timems="66.546" contextid="4929" timestamp="2019-08-09T18:54:03.903">
  <compact-info movecount="2" movebytes="56" reason="compact to aid heap contraction" />
</gc-op>
<heap-resize id="4936" type="expand" space="tenure" amount="131072" count="1" timems="0.016" reason="satisfy allocation request" timestamp="2019-08-09T18:54:03.904" />
<gc-end id="4937" type="global" contextid="4929" durationms="80.112" usertimems="100.597" systemtimems="0.000" timestamp="2019-08-09T18:54:03.904" activeThreads="16">
  <mem-info id="4938" free="30811856" total="48758784" percent="63">
    <mem type="tenure" free="30811856" total="48758784" percent="63">
      <mem type="soa" free="30324432" total="48271360" percent="62" />
      <mem type="loa" free="487424" total="487424" percent="100" />
    </mem>
  </mem-info>
</gc-end>
<cycle-end id="4939" type="global" contextid="4929" timestamp="2019-08-09T18:54:03.904" />
  <attribute name="elasticGC enabled" value="1" />
  <attribute name= "numThreadsSpecified" value="16" />
  <attribute name="heapSize specified" value="48627712" />
  <attribute name="Current GC Util" value="61" />
  <attribute name= "Current Time Running" value="183847" />
  <attribute name ="GC Interval" value="0" />
  <attribute name="Target GC Util Change" value ="80.000000" />
  <attribute name="Current GC Util Change" value="61.000000"/>
  <attribute name="Current Error" value="-464.000000" />
  <attribute name="Output H" value="48702864"/>
  <attribute name="Output I" value="1480"/>
  <attribute name="Output T" value="16"/>
  <attribute name= "Current Time Running" value="183847" />
  <attribute name="GC Util currently" value="61" />
  <attribute name="CPU Util currently" value="17315702515" />
<allocation-satisfied id="4940" threadId="00000000023ECF00" bytesRequested="1168" />
<af-end id="4941" timestamp="2019-08-09T18:54:03.904" threadId="00000000023ED888" success="true" />
<exclusive-end id="4942" timestamp="2019-08-09T18:54:03.904" durationms="80.385" />

<exclusive-start id="4943" timestamp="2019-08-09T18:54:03.907" intervalms="83.710">
  <response-info timems="0.019" idlems="0.019" threads="0" lastid="00000000023ECF00" lastname="main" />
</exclusive-start>
<af-start id="4944" threadId="00000000023ED888" totalBytesRequested="1168" timestamp="2019-08-09T18:54:03.907" intervalms="83.702" />
<cycle-start id="4945" type="global" contextid="0" timestamp="2019-08-09T18:54:03.907" intervalms="83.701" />
<gc-start id="4946" type="global" contextid="4945" timestamp="2019-08-09T18:54:03.908">
  <mem-info id="4947" free="487424" total="48758784" percent="0">
    <mem type="tenure" free="487424" total="48758784" percent="0">
      <mem type="soa" free="0" total="48271360" percent="0" />
      <mem type="loa" free="487424" total="487424" percent="100" />
    </mem>
  </mem-info>
</gc-start>
<allocation-stats totalBytes="30286952" >
  <allocated-bytes non-tlh="0" tlh="30286952" />
  <largest-consumer threadName="main" threadId="00000000023ECF00" bytes="30286952" />
</allocation-stats>
<gc-op id="4948" type="mark" timems="15.907" contextid="4945" timestamp="2019-08-09T18:54:03.923">
  <trace-info objectcount="596590" scancount="517578" scanbytes="13283976" />
  <finalization candidates="80" enqueued="0" />
  <ownableSynchronizers candidates="21" cleared="0" />
  <references type="soft" candidates="1850" cleared="0" enqueued="0" dynamicThreshold="20" maxThreshold="32" />
  <references type="weak" candidates="5692" cleared="0" enqueued="0" />
  <references type="phantom" candidates="97" cleared="0" enqueued="0" />
  <stringconstants candidates="13275" cleared="0"  />
</gc-op>
<gc-op id="4949" type="sweep" timems="4.323" contextid="4945" timestamp="2019-08-09T18:54:03.928" />
<mem-info id="4950" free="30876912" total="48758784" percent="63">
  <mem type="tenure" free="30876912" total="48758784" percent="63" micro-fragmented="0" macro-fragmented="0">
    <mem type="soa" free="30389488" total="48271360" percent="62" />
    <mem type="loa" free="487424" total="487424" percent="100" />
  </mem>
</mem-info>
<gc-op id="4951" type="compact" timems="76.626" contextid="4945" timestamp="2019-08-09T18:54:04.004">
  <compact-info movecount="2" movebytes="56" reason="compact to aid heap contraction" />
</gc-op>
<heap-resize id="4952" type="expand" space="tenure" amount="131072" count="1" timems="0.024" reason="satisfy allocation request" timestamp="2019-08-09T18:54:04.020" />
<gc-end id="4953" type="global" contextid="4945" durationms="112.726" usertimems="96.486" systemtimems="0.000" timestamp="2019-08-09T18:54:04.020" activeThreads="16">
  <mem-info id="4954" free="30942928" total="48889856" percent="63">
    <mem type="tenure" free="30942928" total="48889856" percent="63">
      <mem type="soa" free="30454480" total="48401408" percent="62" />
      <mem type="loa" free="488448" total="488448" percent="100" />
    </mem>
  </mem-info>
</gc-end>
<cycle-end id="4955" type="global" contextid="4945" timestamp="2019-08-09T18:54:04.020" />
  <attribute name="elasticGC enabled" value="1" />
  <attribute name= "numThreadsSpecified" value="16" />
  <attribute name="heapSize specified" value="48758784" />
  <attribute name="Current GC Util" value="30" />
  <attribute name= "Current Time Running" value="183953" />
  <attribute name ="GC Interval" value="0" />
  <attribute name="Target GC Util Change" value ="80.000000" />
  <attribute name="Current GC Util Change" value="30.000000"/>
  <attribute name="Current Error" value="50.000000" />
  <attribute name="Output H" value="48834528"/>
  <attribute name="Output I" value="2072"/>
  <attribute name="Output T" value="16"/>
  <attribute name= "Current Time Running" value="183953" />
  <attribute name="GC Util currently" value="30" />
  <attribute name="CPU Util currently" value="14106604042" />
<allocation-satisfied id="4956" threadId="00000000023ECF00" bytesRequested="1168" />
<af-end id="4957" timestamp="2019-08-09T18:54:04.020" threadId="00000000023ED888" success="true" />
<exclusive-end id="4958" timestamp="2019-08-09T18:54:04.020" durationms="113.026" />

<exclusive-start id="4959" timestamp="2019-08-09T18:54:04.027" intervalms="120.110">
  <response-info timems="0.025" idlems="0.025" threads="0" lastid="00000000023ECF00" lastname="main" />
</exclusive-start>
<af-start id="4960" threadId="00000000023ED888" totalBytesRequested="1168" timestamp="2019-08-09T18:54:04.028" intervalms="120.109" />
<cycle-start id="4961" type="global" contextid="0" timestamp="2019-08-09T18:54:04.028" intervalms="120.100" />
<gc-start id="4962" type="global" contextid="4961" timestamp="2019-08-09T18:54:04.028">
  <mem-info id="4963" free="488448" total="48889856" percent="0">
    <mem type="tenure" free="488448" total="48889856" percent="0">
      <mem type="soa" free="0" total="48401408" percent="0" />
      <mem type="loa" free="488448" total="488448" percent="100" />
    </mem>
  </mem-info>
</gc-start>
<allocation-stats totalBytes="30416384" >
  <allocated-bytes non-tlh="0" tlh="30416384" />
  <largest-consumer threadName="main" threadId="00000000023ECF00" bytes="30416384" />
</allocation-stats>
<gc-op id="4964" type="mark" timems="13.506" contextid="4961" timestamp="2019-08-09T18:54:04.041">
  <trace-info objectcount="596590" scancount="517581" scanbytes="13283976" />
  <finalization candidates="80" enqueued="0" />
  <ownableSynchronizers candidates="21" cleared="0" />
  <references type="soft" candidates="1850" cleared="0" enqueued="0" dynamicThreshold="20" maxThreshold="32" />
  <references type="weak" candidates="5692" cleared="0" enqueued="0" />
  <references type="phantom" candidates="97" cleared="0" enqueued="0" />
  <stringconstants candidates="13275" cleared="0"  />
</gc-op>
<gc-op id="4965" type="sweep" timems="2.963" contextid="4961" timestamp="2019-08-09T18:54:04.044" />
<mem-info id="4966" free="31007800" total="48889856" percent="63">
  <mem type="tenure" free="31007800" total="48889856" percent="63" micro-fragmented="0" macro-fragmented="0">
    <mem type="soa" free="30519352" total="48401408" percent="63" />
    <mem type="loa" free="488448" total="488448" percent="100" />
  </mem>
</mem-info>
<gc-op id="4967" type="compact" timems="26.344" contextid="4961" timestamp="2019-08-09T18:54:04.071">
  <compact-info movecount="2" movebytes="56" reason="compact to aid heap contraction" />
</gc-op>
<heap-resize id="4968" type="expand" space="tenure" amount="131072" count="1" timems="0.020" reason="satisfy allocation request" timestamp="2019-08-09T18:54:04.071" />
<gc-end id="4969" type="global" contextid="4961" durationms="43.586" usertimems="74.474" systemtimems="0.000" timestamp="2019-08-09T18:54:04.071" activeThreads="16">
  <mem-info id="4970" free="31074000" total="49020928" percent="63">
    <mem type="tenure" free="31074000" total="49020928" percent="63">
      <mem type="soa" free="30584528" total="48531456" percent="63" />
      <mem type="loa" free="489472" total="489472" percent="100" />
    </mem>
  </mem-info>
</gc-end>
<cycle-end id="4971" type="global" contextid="4961" timestamp="2019-08-09T18:54:04.071" />
  <attribute name="elasticGC enabled" value="1" />
  <attribute name= "numThreadsSpecified" value="16" />
  <attribute name="heapSize specified" value="48889856" />
  <attribute name="Current GC Util" value="53" />
  <attribute name= "Current Time Running" value="184014" />
  <attribute name ="GC Interval" value="0" />
  <attribute name="Target GC Util Change" value ="80.000000" />
  <attribute name="Current GC Util Change" value="53.000000"/>
  <attribute name="Current Error" value="-290.000000" />
  <attribute name="Output H" value="48965208"/>
  <attribute name="Output I" value="1680"/>
  <attribute name="Output T" value="16"/>
  <attribute name= "Current Time Running" value="184014" />
  <attribute name="GC Util currently" value="53" />
  <attribute name="CPU Util currently" value="43713874282" />
<allocation-satisfied id="4972" threadId="00000000023ECF00" bytesRequested="1168" />
<af-end id="4973" timestamp="2019-08-09T18:54:04.071" threadId="00000000023ED888" success="true" />
<exclusive-end id="4974" timestamp="2019-08-09T18:54:04.071" durationms="43.786" />

<exclusive-start id="4975" timestamp="2019-08-09T18:54:04.074" intervalms="46.980">
  <response-info timems="0.019" idlems="0.019" threads="0" lastid="00000000023ECF00" lastname="main" />
</exclusive-start>
<af-start id="4976" threadId="00000000023ED888" totalBytesRequested="1168" timestamp="2019-08-09T18:54:04.075" intervalms="46.975" />
<cycle-start id="4977" type="global" contextid="0" timestamp="2019-08-09T18:54:04.075" intervalms="46.976" />
<gc-start id="4978" type="global" contextid="4977" timestamp="2019-08-09T18:54:04.075">
  <mem-info id="4979" free="489472" total="49020928" percent="0">
    <mem type="tenure" free="489472" total="49020928" percent="0">
      <mem type="soa" free="0" total="48531456" percent="0" />
      <mem type="loa" free="489472" total="489472" percent="100" />
    </mem>
  </mem-info>
</gc-start>
<allocation-stats totalBytes="30545768" >
  <allocated-bytes non-tlh="0" tlh="30545768" />
  <largest-consumer threadName="main" threadId="00000000023ECF00" bytes="30545768" />
</allocation-stats>
<gc-op id="4980" type="mark" timems="66.915" contextid="4977" timestamp="2019-08-09T18:54:04.142">
  <trace-info objectcount="596590" scancount="517581" scanbytes="13283976" />
  <finalization candidates="80" enqueued="0" />
  <ownableSynchronizers candidates="21" cleared="0" />
  <references type="soft" candidates="1850" cleared="0" enqueued="0" dynamicThreshold="20" maxThreshold="32" />
  <references type="weak" candidates="5692" cleared="0" enqueued="0" />
  <references type="phantom" candidates="97" cleared="0" enqueued="0" />
  <stringconstants candidates="13275" cleared="0"  />
</gc-op>
<gc-op id="4981" type="sweep" timems="8.587" contextid="4977" timestamp="2019-08-09T18:54:04.150" />
<mem-info id="4982" free="31139536" total="49020928" percent="63">
  <mem type="tenure" free="31139536" total="49020928" percent="63" micro-fragmented="0" macro-fragmented="0">
    <mem type="soa" free="30650064" total="48531456" percent="63" />
    <mem type="loa" free="489472" total="489472" percent="100" />
  </mem>
</mem-info>
<gc-op id="4983" type="compact" timems="26.674" contextid="4977" timestamp="2019-08-09T18:54:04.177">
  <compact-info movecount="2" movebytes="56" reason="compact to aid heap contraction" />
</gc-op>
<heap-resize id="4984" type="expand" space="tenure" amount="131072" count="1" timems="0.021" reason="satisfy allocation request" timestamp="2019-08-09T18:54:04.178" />
<gc-end id="4985" type="global" contextid="4977" durationms="103.458" usertimems="132.453" systemtimems="0.000" timestamp="2019-08-09T18:54:04.178" activeThreads="16">
  <mem-info id="4986" free="31205072" total="49152000" percent="63">
    <mem type="tenure" free="31205072" total="49152000" percent="63">
      <mem type="soa" free="30713552" total="48660480" percent="63" />
      <mem type="loa" free="491520" total="491520" percent="100" />
    </mem>
  </mem-info>
</gc-end>
<cycle-end id="4987" type="global" contextid="4977" timestamp="2019-08-09T18:54:04.178" />
  <attribute name="elasticGC enabled" value="1" />
  <attribute name= "numThreadsSpecified" value="16" />
  <attribute name="heapSize specified" value="49020928" />
  <attribute name="Current GC Util" value="62" />
  <attribute name= "Current Time Running" value="184121" />
  <attribute name ="GC Interval" value="0" />
  <attribute name="Target GC Util Change" value ="80.000000" />
  <attribute name="Current GC Util Change" value="62.000000"/>
  <attribute name="Current Error" value="-54.000000" />
  <attribute name="Output H" value="49096552"/>
  <attribute name="Output I" value="1952"/>
  <attribute name="Output T" value="16"/>
  <attribute name= "Current Time Running" value="184121" />
  <attribute name="GC Util currently" value="62" />
  <attribute name="CPU Util currently" value="43174425268" />
<allocation-satisfied id="4988" threadId="00000000023ECF00" bytesRequested="1168" />
<af-end id="4989" timestamp="2019-08-09T18:54:04.178" threadId="00000000023ED888" success="true" />
<exclusive-end id="4990" timestamp="2019-08-09T18:54:04.178" durationms="103.712" />

<exclusive-start id="4991" timestamp="2019-08-09T18:54:04.181" intervalms="106.833">
  <response-info timems="0.018" idlems="0.018" threads="0" lastid="00000000023ECF00" lastname="main" />
</exclusive-start>
<af-start id="4992" threadId="00000000023ED888" totalBytesRequested="1168" timestamp="2019-08-09T18:54:04.181" intervalms="106.837" />
<cycle-start id="4993" type="global" contextid="0" timestamp="2019-08-09T18:54:04.181" intervalms="106.836" />
<gc-start id="4994" type="global" contextid="4993" timestamp="2019-08-09T18:54:04.181">
  <mem-info id="4995" free="491520" total="49152000" percent="1">
    <mem type="tenure" free="491520" total="49152000" percent="1">
      <mem type="soa" free="0" total="48660480" percent="0" />
      <mem type="loa" free="491520" total="491520" percent="100" />
    </mem>
  </mem-info>
</gc-start>
<allocation-stats totalBytes="30675200" >
  <allocated-bytes non-tlh="0" tlh="30675200" />
  <largest-consumer threadName="main" threadId="00000000023ECF00" bytes="30675200" />
</allocation-stats>
<gc-op id="4996" type="mark" timems="10.674" contextid="4993" timestamp="2019-08-09T18:54:04.192">
  <trace-info objectcount="596590" scancount="517581" scanbytes="13283976" />
  <finalization candidates="80" enqueued="0" />
  <ownableSynchronizers candidates="21" cleared="0" />
  <references type="soft" candidates="1850" cleared="0" enqueued="0" dynamicThreshold="20" maxThreshold="32" />
  <references type="weak" candidates="5692" cleared="0" enqueued="0" />
  <references type="phantom" candidates="97" cleared="0" enqueued="0" />
  <stringconstants candidates="13275" cleared="0"  />
</gc-op>
<gc-op id="4997" type="sweep" timems="6.358" contextid="4993" timestamp="2019-08-09T18:54:04.199" />
<mem-info id="4998" free="31270528" total="49152000" percent="63">
  <mem type="tenure" free="31270528" total="49152000" percent="63" micro-fragmented="0" macro-fragmented="0">
    <mem type="soa" free="30779008" total="48660480" percent="63" />
    <mem type="loa" free="491520" total="491520" percent="100" />
  </mem>
</mem-info>
<gc-op id="4999" type="compact" timems="58.653" contextid="4993" timestamp="2019-08-09T18:54:04.257">
  <compact-info movecount="2" movebytes="56" reason="compact to aid heap contraction" />
</gc-op>
<heap-resize id="5000" type="expand" space="tenure" amount="131072" count="1" timems="0.017" reason="satisfy allocation request" timestamp="2019-08-09T18:54:04.258" />
<gc-end id="5001" type="global" contextid="4993" durationms="76.743" usertimems="101.123" systemtimems="0.000" timestamp="2019-08-09T18:54:04.258" activeThreads="16">
  <mem-info id="5002" free="31336144" total="49283072" percent="63">
    <mem type="tenure" free="31336144" total="49283072" percent="63">
      <mem type="soa" free="30843600" total="48790528" percent="63" />
      <mem type="loa" free="492544" total="492544" percent="100" />
    </mem>
  </mem-info>
</gc-end>
<cycle-end id="5003" type="global" contextid="4993" timestamp="2019-08-09T18:54:04.258" />
  <attribute name="elasticGC enabled" value="1" />
  <attribute name= "numThreadsSpecified" value="16" />
  <attribute name="heapSize specified" value="49152000" />
  <attribute name="Current GC Util" value="21" />
  <attribute name= "Current Time Running" value="184201" />
  <attribute name ="GC Interval" value="0" />
  <attribute name="Target GC Util Change" value ="80.000000" />
  <attribute name="Current GC Util Change" value="21.000000"/>
  <attribute name="Current Error" value="59.000000" />
  <attribute name="Output H" value="49227752"/>
  <attribute name="Output I" value="2080"/>
  <attribute name="Output T" value="16"/>
  <attribute name= "Current Time Running" value="184201" />
  <attribute name="GC Util currently" value="21" />
  <attribute name="CPU Util currently" value="19650883840" />
<allocation-satisfied id="5004" threadId="00000000023ECF00" bytesRequested="1168" />
<af-end id="5005" timestamp="2019-08-09T18:54:04.258" threadId="00000000023ED888" success="true" />
<exclusive-end id="5006" timestamp="2019-08-09T18:54:04.258" durationms="77.028" />

<exclusive-start id="5007" timestamp="2019-08-09T18:54:04.262" intervalms="80.958">
  <response-info timems="0.019" idlems="0.019" threads="0" lastid="00000000023ECF00" lastname="main" />
</exclusive-start>
<af-start id="5008" threadId="00000000023ED888" totalBytesRequested="1168" timestamp="2019-08-09T18:54:04.262" intervalms="80.957" />
<cycle-start id="5009" type="global" contextid="0" timestamp="2019-08-09T18:54:04.262" intervalms="80.959" />
<gc-start id="5010" type="global" contextid="5009" timestamp="2019-08-09T18:54:04.262">
  <mem-info id="5011" free="492544" total="49283072" percent="0">
    <mem type="tenure" free="492544" total="49283072" percent="0">
      <mem type="soa" free="0" total="48790528" percent="0" />
      <mem type="loa" free="492544" total="492544" percent="100" />
    </mem>
  </mem-info>
</gc-start>
<allocation-stats totalBytes="30804608" >
  <allocated-bytes non-tlh="0" tlh="30804608" />
  <largest-consumer threadName="main" threadId="00000000023ECF00" bytes="30804608" />
</allocation-stats>
<gc-op id="5012" type="mark" timems="8.734" contextid="5009" timestamp="2019-08-09T18:54:04.271">
  <trace-info objectcount="596590" scancount="517575" scanbytes="13283976" />
  <finalization candidates="80" enqueued="0" />
  <ownableSynchronizers candidates="21" cleared="0" />
  <references type="soft" candidates="1850" cleared="0" enqueued="0" dynamicThreshold="20" maxThreshold="32" />
  <references type="weak" candidates="5692" cleared="0" enqueued="0" />
  <references type="phantom" candidates="97" cleared="0" enqueued="0" />
  <stringconstants candidates="13275" cleared="0"  />
</gc-op>
<gc-op id="5013" type="sweep" timems="7.344" contextid="5009" timestamp="2019-08-09T18:54:04.279" />
<mem-info id="5014" free="31401392" total="49283072" percent="63">
  <mem type="tenure" free="31401392" total="49283072" percent="63" micro-fragmented="0" macro-fragmented="0">
    <mem type="soa" free="30908848" total="48790528" percent="63" />
    <mem type="loa" free="492544" total="492544" percent="100" />
  </mem>
</mem-info>
<gc-op id="5015" type="compact" timems="27.539" contextid="5009" timestamp="2019-08-09T18:54:04.306">
  <compact-info movecount="2" movebytes="56" reason="compact to aid heap contraction" />
</gc-op>
<heap-resize id="5016" type="expand" space="tenure" amount="131072" count="1" timems="0.021" reason="satisfy allocation request" timestamp="2019-08-09T18:54:04.308" />
<gc-end id="5017" type="global" contextid="5009" durationms="45.187" usertimems="78.445" systemtimems="0.000" timestamp="2019-08-09T18:54:04.308" activeThreads="16">
  <mem-info id="5018" free="31467216" total="49414144" percent="63">
    <mem type="tenure" free="31467216" total="49414144" percent="63">
      <mem type="soa" free="30973648" total="48920576" percent="63" />
      <mem type="loa" free="493568" total="493568" percent="100" />
    </mem>
  </mem-info>
</gc-end>
<cycle-end id="5019" type="global" contextid="5009" timestamp="2019-08-09T18:54:04.308" />
  <attribute name="elasticGC enabled" value="1" />
  <attribute name= "numThreadsSpecified" value="16" />
  <attribute name="heapSize specified" value="49283072" />
  <attribute name="Current GC Util" value="65" />
  <attribute name= "Current Time Running" value="184250" />
  <attribute name ="GC Interval" value="0" />
  <attribute name="Target GC Util Change" value ="80.000000" />
  <attribute name="Current GC Util Change" value="65.000000"/>
  <attribute name="Current Error" value="-845.000000" />
  <attribute name="Output H" value="49357784"/>
  <attribute name="Output I" value="1040"/>
  <attribute name="Output T" value="16"/>
  <attribute name= "Current Time Running" value="184250" />
  <attribute name="GC Util currently" value="65" />
  <attribute name="CPU Util currently" value="41660501571" />
<allocation-satisfied id="5020" threadId="00000000023ECF00" bytesRequested="1168" />
<af-end id="5021" timestamp="2019-08-09T18:54:04.308" threadId="00000000023ED888" success="true" />
<exclusive-end id="5022" timestamp="2019-08-09T18:54:04.308" durationms="45.414" />

<exclusive-start id="5023" timestamp="2019-08-09T18:54:04.317" intervalms="55.023">
  <response-info timems="0.026" idlems="0.026" threads="0" lastid="00000000023ECF00" lastname="main" />
</exclusive-start>
<af-start id="5024" threadId="00000000023ED888" totalBytesRequested="1168" timestamp="2019-08-09T18:54:04.322" intervalms="59.724" />
<cycle-start id="5025" type="global" contextid="0" timestamp="2019-08-09T18:54:04.326" intervalms="63.710" />
<gc-start id="5026" type="global" contextid="5025" timestamp="2019-08-09T18:54:04.326">
  <mem-info id="5027" free="493568" total="49414144" percent="0">
    <mem type="tenure" free="493568" total="49414144" percent="0">
      <mem type="soa" free="0" total="48920576" percent="0" />
      <mem type="loa" free="493568" total="493568" percent="100" />
    </mem>
  </mem-info>
</gc-start>
<allocation-stats totalBytes="30934016" >
  <allocated-bytes non-tlh="0" tlh="30934016" />
  <largest-consumer threadName="main" threadId="00000000023ECF00" bytes="30934016" />
</allocation-stats>
<gc-op id="5028" type="mark" timems="73.046" contextid="5025" timestamp="2019-08-09T18:54:04.399">
  <trace-info objectcount="596590" scancount="517579" scanbytes="13283976" />
  <finalization candidates="80" enqueued="0" />
  <ownableSynchronizers candidates="21" cleared="0" />
  <references type="soft" candidates="1850" cleared="0" enqueued="0" dynamicThreshold="20" maxThreshold="32" />
  <references type="weak" candidates="5692" cleared="0" enqueued="0" />
  <references type="phantom" candidates="97" cleared="0" enqueued="0" />
  <stringconstants candidates="13275" cleared="0"  />
</gc-op>
<gc-op id="5029" type="sweep" timems="1.561" contextid="5025" timestamp="2019-08-09T18:54:04.401" />
<mem-info id="5030" free="31532256" total="49414144" percent="63">
  <mem type="tenure" free="31532256" total="49414144" percent="63" micro-fragmented="0" macro-fragmented="0">
    <mem type="soa" free="31038688" total="48920576" percent="63" />
    <mem type="loa" free="493568" total="493568" percent="100" />
  </mem>
</mem-info>
<gc-op id="5031" type="compact" timems="33.920" contextid="5025" timestamp="2019-08-09T18:54:04.435">
  <compact-info movecount="2" movebytes="56" reason="compact to aid heap contraction" />
</gc-op>
<heap-resize id="5032" type="expand" space="tenure" amount="131072" count="1" timems="0.020" reason="satisfy allocation request" timestamp="2019-08-09T18:54:04.436" />
<gc-end id="5033" type="global" contextid="5025" durationms="109.594" usertimems="126.481" systemtimems="0.000" timestamp="2019-08-09T18:54:04.436" activeThreads="16">
  <mem-info id="5034" free="31598288" total="49545216" percent="63">
    <mem type="tenure" free="31598288" total="49545216" percent="63">
      <mem type="soa" free="31103696" total="49050624" percent="63" />
      <mem type="loa" free="494592" total="494592" percent="100" />
    </mem>
  </mem-info>
</gc-end>
<cycle-end id="5035" type="global" contextid="5025" timestamp="2019-08-09T18:54:04.436" />
  <attribute name="elasticGC enabled" value="1" />
  <attribute name= "numThreadsSpecified" value="16" />
  <attribute name="heapSize specified" value="49414144" />
  <attribute name="Current GC Util" value="128" />
  <attribute name= "Current Time Running" value="184379" />
  <attribute name ="GC Interval" value="0" />
  <attribute name="Target GC Util Change" value ="80.000000" />
  <attribute name="Current GC Util Change" value="128.000000"/>
  <attribute name="Current Error" value="6.000000" />
  <attribute name="Output H" value="49489832"/>
  <attribute name="Output I" value="2016"/>
  <attribute name="Output T" value="16"/>
  <attribute name= "Current Time Running" value="184379" />
  <attribute name="GC Util currently" value="128" />
  <attribute name="CPU Util currently" value="33953456726" />
<allocation-satisfied id="5036" threadId="00000000023ECF00" bytesRequested="1168" />
<af-end id="5037" timestamp="2019-08-09T18:54:04.436" threadId="00000000023ED888" success="true" />
<exclusive-end id="5038" timestamp="2019-08-09T18:54:04.436" durationms="118.690" />

<exclusive-start id="5039" timestamp="2019-08-09T18:54:04.439" intervalms="121.886">
  <response-info timems="0.016" idlems="0.016" threads="0" lastid="00000000023ECF00" lastname="main" />
</exclusive-start>
<af-start id="5040" threadId="00000000023ED888" totalBytesRequested="1168" timestamp="2019-08-09T18:54:04.439" intervalms="117.187" />
<cycle-start id="5041" type="global" contextid="0" timestamp="2019-08-09T18:54:04.439" intervalms="113.198" />
<gc-start id="5042" type="global" contextid="5041" timestamp="2019-08-09T18:54:04.439">
  <mem-info id="5043" free="494592" total="49545216" percent="0">
    <mem type="tenure" free="494592" total="49545216" percent="0">
      <mem type="soa" free="0" total="49050624" percent="0" />
      <mem type="loa" free="494592" total="494592" percent="100" />
    </mem>
  </mem-info>
</gc-start>
<allocation-stats totalBytes="31063424" >
  <allocated-bytes non-tlh="0" tlh="31063424" />
  <largest-consumer threadName="main" threadId="00000000023ECF00" bytes="31063424" />
</allocation-stats>
<gc-op id="5044" type="mark" timems="17.710" contextid="5041" timestamp="2019-08-09T18:54:04.457">
  <trace-info objectcount="596590" scancount="517582" scanbytes="13283976" />
  <finalization candidates="80" enqueued="0" />
  <ownableSynchronizers candidates="21" cleared="0" />
  <references type="soft" candidates="1850" cleared="0" enqueued="0" dynamicThreshold="20" maxThreshold="32" />
  <references type="weak" candidates="5692" cleared="0" enqueued="0" />
  <references type="phantom" candidates="97" cleared="0" enqueued="0" />
  <stringconstants candidates="13275" cleared="0"  />
</gc-op>
<gc-op id="5045" type="sweep" timems="15.943" contextid="5041" timestamp="2019-08-09T18:54:04.478" />
<mem-info id="5046" free="31663120" total="49545216" percent="63">
  <mem type="tenure" free="31663120" total="49545216" percent="63" micro-fragmented="0" macro-fragmented="0">
    <mem type="soa" free="31168528" total="49050624" percent="63" />
    <mem type="loa" free="494592" total="494592" percent="100" />
  </mem>
</mem-info>
<gc-op id="5047" type="compact" timems="61.323" contextid="5041" timestamp="2019-08-09T18:54:04.539">
  <compact-info movecount="2" movebytes="56" reason="compact to aid heap contraction" />
</gc-op>
<heap-resize id="5048" type="expand" space="tenure" amount="131072" count="1" timems="0.024" reason="satisfy allocation request" timestamp="2019-08-09T18:54:04.540" />
<gc-end id="5049" type="global" contextid="5041" durationms="100.678" usertimems="102.175" systemtimems="0.000" timestamp="2019-08-09T18:54:04.540" activeThreads="16">
  <mem-info id="5050" free="31729360" total="49676288" percent="63">
    <mem type="tenure" free="31729360" total="49676288" percent="63">
      <mem type="soa" free="31232720" total="49179648" percent="63" />
      <mem type="loa" free="496640" total="496640" percent="100" />
    </mem>
  </mem-info>
</gc-end>
<cycle-end id="5051" type="global" contextid="5041" timestamp="2019-08-09T18:54:04.540" />
  <attribute name="elasticGC enabled" value="1" />
  <attribute name= "numThreadsSpecified" value="16" />
  <attribute name="heapSize specified" value="49545216" />
  <attribute name="Current GC Util" value="10" />
  <attribute name= "Current Time Running" value="184483" />
  <attribute name ="GC Interval" value="0" />
  <attribute name="Target GC Util Change" value ="80.000000" />
  <attribute name="Current GC Util Change" value="10.000000"/>
  <attribute name="Current Error" value="70.000000" />
  <attribute name="Output H" value="49620976"/>
  <attribute name="Output I" value="2088"/>
  <attribute name="Output T" value="16"/>
  <attribute name= "Current Time Running" value="184483" />
  <attribute name="GC Util currently" value="10" />
  <attribute name="CPU Util currently" value="18816035808" />
<allocation-satisfied id="5052" threadId="00000000023ECF00" bytesRequested="1168" />
<af-end id="5053" timestamp="2019-08-09T18:54:04.540" threadId="00000000023ED888" success="true" />
<exclusive-end id="5054" timestamp="2019-08-09T18:54:04.540" durationms="101.006" />

<exclusive-start id="5055" timestamp="2019-08-09T18:54:04.544" intervalms="104.393">
  <response-info timems="0.028" idlems="0.028" threads="0" lastid="00000000023ECF00" lastname="main" />
</exclusive-start>
<af-start id="5056" threadId="00000000023ED888" totalBytesRequested="1168" timestamp="2019-08-09T18:54:04.544" intervalms="104.397" />
<cycle-start id="5057" type="global" contextid="0" timestamp="2019-08-09T18:54:04.544" intervalms="104.399" />
<gc-start id="5058" type="global" contextid="5057" timestamp="2019-08-09T18:54:04.544">
  <mem-info id="5059" free="496640" total="49676288" percent="0">
    <mem type="tenure" free="496640" total="49676288" percent="0">
      <mem type="soa" free="0" total="49179648" percent="0" />
      <mem type="loa" free="496640" total="496640" percent="100" />
    </mem>
  </mem-info>
</gc-start>
<allocation-stats totalBytes="31191600" >
  <allocated-bytes non-tlh="0" tlh="31191600" />
  <largest-consumer threadName="main" threadId="00000000023ECF00" bytes="31191600" />
</allocation-stats>
<gc-op id="5060" type="mark" timems="8.529" contextid="5057" timestamp="2019-08-09T18:54:04.552">
  <trace-info objectcount="596234" scancount="517197" scanbytes="13272516" />
  <finalization candidates="80" enqueued="0" />
  <ownableSynchronizers candidates="21" cleared="0" />
  <references type="soft" candidates="1850" cleared="7" enqueued="7" dynamicThreshold="20" maxThreshold="32" />
  <references type="weak" candidates="5692" cleared="0" enqueued="0" />
  <references type="phantom" candidates="97" cleared="0" enqueued="0" />
  <stringconstants candidates="13275" cleared="0"  />
</gc-op>
<gc-op id="5061" type="sweep" timems="2.449" contextid="5057" timestamp="2019-08-09T18:54:04.555" />
<mem-info id="5062" free="31806136" total="49676288" percent="64">
  <mem type="tenure" free="31806136" total="49676288" percent="64" micro-fragmented="0" macro-fragmented="0">
    <mem type="soa" free="31309496" total="49179648" percent="63" />
    <mem type="loa" free="496640" total="496640" percent="100" />
  </mem>
  <pending-finalizers system="0" default="0" reference="7" classloader="0" />
</mem-info>
<gc-op id="5063" type="compact" timems="134.485" contextid="5057" timestamp="2019-08-09T18:54:04.690">
  <compact-info movecount="231" movebytes="8848" reason="compact to aid heap contraction" />
</gc-op>
<heap-resize id="5064" type="expand" space="tenure" amount="131072" count="1" timems="0.023" reason="satisfy allocation request" timestamp="2019-08-09T18:54:04.699" />
<gc-end id="5065" type="global" contextid="5057" durationms="155.423" usertimems="127.393" systemtimems="0.000" timestamp="2019-08-09T18:54:04.699" activeThreads="16">
  <mem-info id="5066" free="31872104" total="49807360" percent="63">
    <mem type="tenure" free="31872104" total="49807360" percent="63">
      <mem type="soa" free="31374440" total="49309696" percent="63" />
      <mem type="loa" free="497664" total="497664" percent="100" />
    </mem>
    <pending-finalizers system="0" default="0" reference="7" classloader="0" />
  </mem-info>
</gc-end>
<cycle-end id="5067" type="global" contextid="5057" timestamp="2019-08-09T18:54:04.699" />
  <attribute name="elasticGC enabled" value="1" />
  <attribute name= "numThreadsSpecified" value="16" />
  <attribute name="heapSize specified" value="49676288" />
  <attribute name="Current GC Util" value="8" />
  <attribute name= "Current Time Running" value="184636" />
  <attribute name ="GC Interval" value="0" />
  <attribute name="Target GC Util Change" value ="80.000000" />
  <attribute name="Current GC Util Change" value="8.000000"/>
  <attribute name="Current Error" value="-1191.000000" />
  <attribute name="Output H" value="49750600"/>
  <attribute name="Output I" value="640"/>
  <attribute name="Output T" value="16"/>
  <attribute name= "Current Time Running" value="184636" />
  <attribute name="GC Util currently" value="8" />
  <attribute name="CPU Util currently" value="8380429749" />
<allocation-satisfied id="5068" threadId="00000000023ECF00" bytesRequested="1168" />
<af-end id="5069" timestamp="2019-08-09T18:54:04.699" threadId="00000000023ED888" success="true" />
<exclusive-end id="5070" timestamp="2019-08-09T18:54:04.699" durationms="155.666" />

<exclusive-start id="5071" timestamp="2019-08-09T18:54:04.703" intervalms="159.639">
  <response-info timems="0.020" idlems="0.020" threads="0" lastid="00000000023ECF00" lastname="main" />
</exclusive-start>
<af-start id="5072" threadId="00000000023ED888" totalBytesRequested="1168" timestamp="2019-08-09T18:54:04.703" intervalms="159.630" />
<cycle-start id="5073" type="global" contextid="0" timestamp="2019-08-09T18:54:04.703" intervalms="159.629" />
<gc-start id="5074" type="global" contextid="5073" timestamp="2019-08-09T18:54:04.703">
  <mem-info id="5075" free="497664" total="49807360" percent="0">
    <mem type="tenure" free="497664" total="49807360" percent="0">
      <mem type="soa" free="0" total="49309696" percent="0" />
      <mem type="loa" free="497664" total="497664" percent="100" />
    </mem>
  </mem-info>
</gc-start>
<allocation-stats totalBytes="31333752" >
  <allocated-bytes non-tlh="0" tlh="31333752" />
  <largest-consumer threadName="main" threadId="00000000023ECF00" bytes="31329656" />
</allocation-stats>
<gc-op id="5076" type="mark" timems="11.305" contextid="5073" timestamp="2019-08-09T18:54:04.715">
  <trace-info objectcount="596221" scancount="517215" scanbytes="13272508" />
  <finalization candidates="80" enqueued="0" />
  <ownableSynchronizers candidates="21" cleared="0" />
  <references type="soft" candidates="1843" cleared="0" enqueued="0" dynamicThreshold="20" maxThreshold="32" />
  <references type="weak" candidates="5692" cleared="0" enqueued="0" />
  <references type="phantom" candidates="97" cleared="0" enqueued="0" />
  <stringconstants candidates="13275" cleared="0"  />
</gc-op>
<gc-op id="5077" type="sweep" timems="1.891" contextid="5073" timestamp="2019-08-09T18:54:04.717" />
<mem-info id="5078" free="31936864" total="49807360" percent="64">
  <mem type="tenure" free="31936864" total="49807360" percent="64" micro-fragmented="0" macro-fragmented="0">
    <mem type="soa" free="31439200" total="49309696" percent="63" />
    <mem type="loa" free="497664" total="497664" percent="100" />
  </mem>
</mem-info>
<gc-op id="5079" type="compact" timems="27.199" contextid="5073" timestamp="2019-08-09T18:54:04.744">
  <compact-info movecount="214" movebytes="8736" reason="compact to aid heap contraction" />
</gc-op>
<heap-resize id="5080" type="expand" space="tenure" amount="131072" count="1" timems="0.018" reason="satisfy allocation request" timestamp="2019-08-09T18:54:04.745" />
<gc-end id="5081" type="global" contextid="5073" durationms="41.532" usertimems="96.293" systemtimems="0.000" timestamp="2019-08-09T18:54:04.745" activeThreads="16">
  <mem-info id="5082" free="32003184" total="49938432" percent="64">
    <mem type="tenure" free="32003184" total="49938432" percent="64">
      <mem type="soa" free="31504496" total="49439744" percent="63" />
      <mem type="loa" free="498688" total="498688" percent="100" />
    </mem>
  </mem-info>
</gc-end>
<cycle-end id="5083" type="global" contextid="5073" timestamp="2019-08-09T18:54:04.745" />
  <attribute name="elasticGC enabled" value="1" />
  <attribute name= "numThreadsSpecified" value="16" />
  <attribute name="heapSize specified" value="49807360" />
  <attribute name="Current GC Util" value="58" />
  <attribute name= "Current Time Running" value="184688" />
  <attribute name ="GC Interval" value="0" />
  <attribute name="Target GC Util Change" value ="80.000000" />
  <attribute name="Current GC Util Change" value="58.000000"/>
  <attribute name="Current Error" value="-368.000000" />
  <attribute name="Output H" value="49882616"/>
  <attribute name="Output I" value="1584"/>
  <attribute name="Output T" value="16"/>
  <attribute name= "Current Time Running" value="184688" />
  <attribute name="GC Util currently" value="58" />
  <attribute name="CPU Util currently" value="42337940190" />
<allocation-satisfied id="5084" threadId="00000000023ECF00" bytesRequested="1168" />
<af-end id="5085" timestamp="2019-08-09T18:54:04.745" threadId="00000000023ED888" success="true" />
<exclusive-end id="5086" timestamp="2019-08-09T18:54:04.745" durationms="41.810" />

<exclusive-start id="5087" timestamp="2019-08-09T18:54:04.749" intervalms="45.375">
  <response-info timems="0.021" idlems="0.021" threads="0" lastid="00000000023ECF00" lastname="main" />
</exclusive-start>
<af-start id="5088" threadId="00000000023ED888" totalBytesRequested="1168" timestamp="2019-08-09T18:54:04.749" intervalms="45.380" />
<cycle-start id="5089" type="global" contextid="0" timestamp="2019-08-09T18:54:04.749" intervalms="45.483" />
<gc-start id="5090" type="global" contextid="5089" timestamp="2019-08-09T18:54:04.749">
  <mem-info id="5091" free="498688" total="49938432" percent="0">
    <mem type="tenure" free="498688" total="49938432" percent="0">
      <mem type="soa" free="0" total="49439744" percent="0" />
      <mem type="loa" free="498688" total="498688" percent="100" />
    </mem>
  </mem-info>
</gc-start>
<allocation-stats totalBytes="31462736" >
  <allocated-bytes non-tlh="0" tlh="31462736" />
  <largest-consumer threadName="main" threadId="00000000023ECF00" bytes="31462736" />
</allocation-stats>
<gc-op id="5092" type="mark" timems="14.109" contextid="5089" timestamp="2019-08-09T18:54:04.763">
  <trace-info objectcount="596221" scancount="517214" scanbytes="13272508" />
  <finalization candidates="80" enqueued="0" />
  <ownableSynchronizers candidates="21" cleared="0" />
  <references type="soft" candidates="1843" cleared="0" enqueued="0" dynamicThreshold="20" maxThreshold="32" />
  <references type="weak" candidates="5692" cleared="0" enqueued="0" />
  <references type="phantom" candidates="97" cleared="0" enqueued="0" />
  <stringconstants candidates="13275" cleared="0"  />
</gc-op>
<gc-op id="5093" type="sweep" timems="3.406" contextid="5089" timestamp="2019-08-09T18:54:04.766" />
<mem-info id="5094" free="32068720" total="49938432" percent="64">
  <mem type="tenure" free="32068720" total="49938432" percent="64" micro-fragmented="0" macro-fragmented="0">
    <mem type="soa" free="31570032" total="49439744" percent="63" />
    <mem type="loa" free="498688" total="498688" percent="100" />
  </mem>
</mem-info>
<gc-op id="5095" type="compact" timems="129.067" contextid="5089" timestamp="2019-08-09T18:54:04.896">
  <compact-info movecount="2" movebytes="56" reason="compact to aid heap contraction" />
</gc-op>
<heap-resize id="5096" type="expand" space="tenure" amount="131072" count="1" timems="0.023" reason="satisfy allocation request" timestamp="2019-08-09T18:54:04.898" />
<gc-end id="5097" type="global" contextid="5089" durationms="148.825" usertimems="146.455" systemtimems="0.000" timestamp="2019-08-09T18:54:04.898" activeThreads="16">
  <mem-info id="5098" free="32134256" total="50069504" percent="64">
    <mem type="tenure" free="32134256" total="50069504" percent="64">
      <mem type="soa" free="31634544" total="49569792" percent="63" />
      <mem type="loa" free="499712" total="499712" percent="100" />
    </mem>
  </mem-info>
</gc-end>
<cycle-end id="5099" type="global" contextid="5089" timestamp="2019-08-09T18:54:04.898" />
  <attribute name="elasticGC enabled" value="1" />
  <attribute name= "numThreadsSpecified" value="16" />
  <attribute name="heapSize specified" value="49938432" />
  <attribute name="Current GC Util" value="13" />
  <attribute name= "Current Time Running" value="184841" />
  <attribute name ="GC Interval" value="0" />
  <attribute name="Target GC Util Change" value ="80.000000" />
  <attribute name="Current GC Util Change" value="13.000000"/>
  <attribute name="Current Error" value="67.000000" />
  <attribute name="Output H" value="50014192"/>
  <attribute name="Output I" value="2088"/>
  <attribute name="Output T" value="16"/>
  <attribute name= "Current Time Running" value="184841" />
  <attribute name="GC Util currently" value="13" />
  <attribute name="CPU Util currently" value="8830458070" />
<allocation-satisfied id="5100" threadId="00000000023ECF00" bytesRequested="1168" />
<af-end id="5101" timestamp="2019-08-09T18:54:04.898" threadId="00000000023ED888" success="true" />
<exclusive-end id="5102" timestamp="2019-08-09T18:54:04.898" durationms="149.414" />

<exclusive-start id="5103" timestamp="2019-08-09T18:54:04.908" intervalms="159.261">
  <response-info timems="0.023" idlems="0.023" threads="0" lastid="00000000023ECF00" lastname="main" />
</exclusive-start>
<af-start id="5104" threadId="00000000023ED888" totalBytesRequested="1168" timestamp="2019-08-09T18:54:04.908" intervalms="159.274" />
<cycle-start id="5105" type="global" contextid="0" timestamp="2019-08-09T18:54:04.908" intervalms="159.206" />
<gc-start id="5106" type="global" contextid="5105" timestamp="2019-08-09T18:54:04.908">
  <mem-info id="5107" free="499712" total="50069504" percent="0">
    <mem type="tenure" free="499712" total="50069504" percent="0">
      <mem type="soa" free="0" total="49569792" percent="0" />
      <mem type="loa" free="499712" total="499712" percent="100" />
    </mem>
  </mem-info>
</gc-start>
<allocation-stats totalBytes="31497552" >
  <allocated-bytes non-tlh="0" tlh="31497552" />
  <largest-consumer threadName="main" threadId="00000000023ECF00" bytes="31497552" />
</allocation-stats>
<gc-op id="5108" type="mark" timems="16.278" contextid="5105" timestamp="2019-08-09T18:54:04.924">
  <trace-info objectcount="596221" scancount="517212" scanbytes="13272536" />
  <finalization candidates="80" enqueued="0" />
  <ownableSynchronizers candidates="21" cleared="0" />
  <references type="soft" candidates="1843" cleared="0" enqueued="0" dynamicThreshold="20" maxThreshold="32" />
  <references type="weak" candidates="5692" cleared="0" enqueued="0" />
  <references type="phantom" candidates="97" cleared="0" enqueued="0" />
  <stringconstants candidates="13275" cleared="0"  />
</gc-op>
<gc-op id="5109" type="sweep" timems="1.865" contextid="5105" timestamp="2019-08-09T18:54:04.926" />
<mem-info id="5110" free="32199056" total="50069504" percent="64">
  <mem type="tenure" free="32199056" total="50069504" percent="64" micro-fragmented="0" macro-fragmented="0">
    <mem type="soa" free="31699344" total="49569792" percent="63" />
    <mem type="loa" free="499712" total="499712" percent="100" />
  </mem>
</mem-info>
<gc-op id="5111" type="compact" timems="23.405" contextid="5105" timestamp="2019-08-09T18:54:04.950">
  <compact-info movecount="1602" movebytes="53472" reason="compact to aid heap contraction" />
</gc-op>
<heap-resize id="5112" type="expand" space="tenure" amount="131072" count="1" timems="0.019" reason="satisfy allocation request" timestamp="2019-08-09T18:54:04.950" />
<gc-end id="5113" type="global" contextid="5105" durationms="42.190" usertimems="101.219" systemtimems="0.000" timestamp="2019-08-09T18:54:04.950" activeThreads="16">
  <mem-info id="5114" free="32265304" total="50200576" percent="64">
    <mem type="tenure" free="32265304" total="50200576" percent="64">
      <mem type="soa" free="31763544" total="49698816" percent="63" />
      <mem type="loa" free="501760" total="501760" percent="100" />
    </mem>
  </mem-info>
</gc-end>
<cycle-end id="5115" type="global" contextid="5105" timestamp="2019-08-09T18:54:04.950" />
  <attribute name="elasticGC enabled" value="1" />
  <attribute name= "numThreadsSpecified" value="16" />
  <attribute name="heapSize specified" value="50069504" />
  <attribute name="Current GC Util" value="43" />
  <attribute name= "Current Time Running" value="184894" />
  <attribute name ="GC Interval" value="0" />
  <attribute name="Target GC Util Change" value ="80.000000" />
  <attribute name="Current GC Util Change" value="43.000000"/>
  <attribute name="Current Error" value="-952.000000" />
  <attribute name="Output H" value="50144088"/>
  <attribute name="Output I" value="912"/>
  <attribute name="Output T" value="16"/>
  <attribute name= "Current Time Running" value="184894" />
  <attribute name="GC Util currently" value="43" />
  <attribute name="CPU Util currently" value="49141193619" />
<allocation-satisfied id="5116" threadId="00000000023ECF00" bytesRequested="1168" />
<af-end id="5117" timestamp="2019-08-09T18:54:04.950" threadId="00000000023ED888" success="true" />
<exclusive-end id="5118" timestamp="2019-08-09T18:54:04.950" durationms="42.445" />

<exclusive-start id="5119" timestamp="2019-08-09T18:54:04.954" intervalms="46.464">
  <response-info timems="0.021" idlems="0.021" threads="0" lastid="00000000023ECF00" lastname="main" />
</exclusive-start>
<af-start id="5120" threadId="00000000023ED888" totalBytesRequested="1168" timestamp="2019-08-09T18:54:04.954" intervalms="46.447" />
<cycle-start id="5121" type="global" contextid="0" timestamp="2019-08-09T18:54:04.954" intervalms="46.417" />
<gc-start id="5122" type="global" contextid="5121" timestamp="2019-08-09T18:54:04.954">
  <mem-info id="5123" free="501760" total="50200576" percent="0">
    <mem type="tenure" free="501760" total="50200576" percent="0">
      <mem type="soa" free="0" total="49698816" percent="0" />
      <mem type="loa" free="501760" total="501760" percent="100" />
    </mem>
  </mem-info>
</gc-start>
<allocation-stats totalBytes="31620176" >
  <allocated-bytes non-tlh="0" tlh="31620176" />
  <largest-consumer threadName="main" threadId="00000000023ECF00" bytes="31620176" />
</allocation-stats>
<gc-op id="5124" type="mark" timems="92.581" contextid="5121" timestamp="2019-08-09T18:54:05.047">
  <trace-info objectcount="596222" scancount="517213" scanbytes="13272560" />
  <finalization candidates="80" enqueued="0" />
  <ownableSynchronizers candidates="21" cleared="0" />
  <references type="soft" candidates="1843" cleared="0" enqueued="0" dynamicThreshold="20" maxThreshold="32" />
  <references type="weak" candidates="5692" cleared="0" enqueued="0" />
  <references type="phantom" candidates="97" cleared="0" enqueued="0" />
  <stringconstants candidates="13275" cleared="0"  />
</gc-op>
<gc-op id="5125" type="sweep" timems="22.213" contextid="5121" timestamp="2019-08-09T18:54:05.069" />
<mem-info id="5126" free="32330328" total="50200576" percent="64">
  <mem type="tenure" free="32330328" total="50200576" percent="64" micro-fragmented="0" macro-fragmented="0">
    <mem type="soa" free="31828568" total="49698816" percent="64" />
    <mem type="loa" free="501760" total="501760" percent="100" />
  </mem>
</mem-info>
<gc-op id="5127" type="compact" timems="36.454" contextid="5121" timestamp="2019-08-09T18:54:05.106">
  <compact-info movecount="2" movebytes="64" reason="compact to aid heap contraction" />
</gc-op>
<heap-resize id="5128" type="expand" space="tenure" amount="131072" count="1" timems="0.020" reason="satisfy allocation request" timestamp="2019-08-09T18:54:05.112" />
<gc-end id="5129" type="global" contextid="5121" durationms="157.107" usertimems="153.574" systemtimems="0.000" timestamp="2019-08-09T18:54:05.112" activeThreads="16">
  <mem-info id="5130" free="32396352" total="50331648" percent="64">
    <mem type="tenure" free="32396352" total="50331648" percent="64">
      <mem type="soa" free="31893568" total="49828864" percent="64" />
      <mem type="loa" free="502784" total="502784" percent="100" />
    </mem>
  </mem-info>
</gc-end>
<cycle-end id="5131" type="global" contextid="5121" timestamp="2019-08-09T18:54:05.112" />
  <attribute name="elasticGC enabled" value="1" />
  <attribute name= "numThreadsSpecified" value="16" />
  <attribute name="heapSize specified" value="50200576" />
  <attribute name="Current GC Util" value="29" />
  <attribute name= "Current Time Running" value="185050" />
  <attribute name ="GC Interval" value="0" />
  <attribute name="Target GC Util Change" value ="80.000000" />
  <attribute name="Current GC Util Change" value="29.000000"/>
  <attribute name="Current Error" value="60.000000" />
  <attribute name="Output H" value="50276328"/>
  <attribute name="Output I" value="2080"/>
  <attribute name="Output T" value="16"/>
  <attribute name= "Current Time Running" value="185050" />
  <attribute name="GC Util currently" value="29" />
  <attribute name="CPU Util currently" value="31567862853" />
<allocation-satisfied id="5132" threadId="00000000023ECF00" bytesRequested="1168" />
<af-end id="5133" timestamp="2019-08-09T18:54:05.112" threadId="00000000023ED888" success="true" />
<exclusive-end id="5134" timestamp="2019-08-09T18:54:05.112" durationms="157.611" />

<exclusive-start id="5135" timestamp="2019-08-09T18:54:05.118" intervalms="163.270">
  <response-info timems="0.020" idlems="0.020" threads="0" lastid="00000000023ECF00" lastname="main" />
</exclusive-start>
<af-start id="5136" threadId="00000000023ED888" totalBytesRequested="1168" timestamp="2019-08-09T18:54:05.118" intervalms="163.283" />
<cycle-start id="5137" type="global" contextid="0" timestamp="2019-08-09T18:54:05.118" intervalms="163.285" />
<gc-start id="5138" type="global" contextid="5137" timestamp="2019-08-09T18:54:05.118">
  <mem-info id="5139" free="502784" total="50331648" percent="0">
    <mem type="tenure" free="502784" total="50331648" percent="0">
      <mem type="soa" free="0" total="49828864" percent="0" />
      <mem type="loa" free="502784" total="502784" percent="100" />
    </mem>
  </mem-info>
</gc-start>
<allocation-stats totalBytes="31758768" >
  <allocated-bytes non-tlh="0" tlh="31758768" />
  <largest-consumer threadName="main" threadId="00000000023ECF00" bytes="31758768" />
</allocation-stats>
<gc-op id="5140" type="mark" timems="49.408" contextid="5137" timestamp="2019-08-09T18:54:05.167">
  <trace-info objectcount="596222" scancount="517216" scanbytes="13272560" />
  <finalization candidates="80" enqueued="0" />
  <ownableSynchronizers candidates="21" cleared="0" />
  <references type="soft" candidates="1843" cleared="0" enqueued="0" dynamicThreshold="20" maxThreshold="32" />
  <references type="weak" candidates="5692" cleared="0" enqueued="0" />
  <references type="phantom" candidates="97" cleared="0" enqueued="0" />
  <stringconstants candidates="13275" cleared="0"  />
</gc-op>
<gc-op id="5141" type="sweep" timems="14.679" contextid="5137" timestamp="2019-08-09T18:54:05.182" />
<mem-info id="5142" free="32461528" total="50331648" percent="64">
  <mem type="tenure" free="32461528" total="50331648" percent="64" micro-fragmented="0" macro-fragmented="0">
    <mem type="soa" free="31958744" total="49828864" percent="64" />
    <mem type="loa" free="502784" total="502784" percent="100" />
  </mem>
</mem-info>
<gc-op id="5143" type="compact" timems="81.513" contextid="5137" timestamp="2019-08-09T18:54:05.264">
  <compact-info movecount="2" movebytes="64" reason="compact to aid heap contraction" />
</gc-op>
<heap-resize id="5144" type="expand" space="tenure" amount="131072" count="1" timems="0.021" reason="satisfy allocation request" timestamp="2019-08-09T18:54:05.266" />
<gc-end id="5145" type="global" contextid="5137" durationms="148.016" usertimems="163.524" systemtimems="0.000" timestamp="2019-08-09T18:54:05.266" activeThreads="16">
  <mem-info id="5146" free="32527424" total="50462720" percent="64">
    <mem type="tenure" free="32527424" total="50462720" percent="64">
      <mem type="soa" free="32023616" total="49958912" percent="64" />
      <mem type="loa" free="503808" total="503808" percent="100" />
    </mem>
  </mem-info>
</gc-end>
<cycle-end id="5147" type="global" contextid="5137" timestamp="2019-08-09T18:54:05.266" />
  <attribute name="elasticGC enabled" value="1" />
  <attribute name= "numThreadsSpecified" value="16" />
  <attribute name="heapSize specified" value="50331648" />
  <attribute name="Current GC Util" value="23" />
  <attribute name= "Current Time Running" value="185207" />
  <attribute name ="GC Interval" value="0" />
  <attribute name="Target GC Util Change" value ="80.000000" />
  <attribute name="Current GC Util Change" value="23.000000"/>
  <attribute name="Current Error" value="57.000000" />
  <attribute name="Output H" value="50407400"/>
  <attribute name="Output I" value="2080"/>
  <attribute name="Output T" value="16"/>
  <attribute name= "Current Time Running" value="185207" />
  <attribute name="GC Util currently" value="23" />
  <attribute name="CPU Util currently" value="14139674637" />
<allocation-satisfied id="5148" threadId="00000000023ECF00" bytesRequested="1168" />
<af-end id="5149" timestamp="2019-08-09T18:54:05.266" threadId="00000000023ED888" success="true" />
<exclusive-end id="5150" timestamp="2019-08-09T18:54:05.266" durationms="148.281" />

<exclusive-start id="5151" timestamp="2019-08-09T18:54:05.269" intervalms="151.924">
  <response-info timems="0.019" idlems="0.019" threads="0" lastid="00000000023ECF00" lastname="main" />
</exclusive-start>
<af-start id="5152" threadId="00000000023ED888" totalBytesRequested="1168" timestamp="2019-08-09T18:54:05.270" intervalms="151.910" />
<cycle-start id="5153" type="global" contextid="0" timestamp="2019-08-09T18:54:05.270" intervalms="151.908" />
<gc-start id="5154" type="global" contextid="5153" timestamp="2019-08-09T18:54:05.270">
  <mem-info id="5155" free="503808" total="50462720" percent="0">
    <mem type="tenure" free="503808" total="50462720" percent="0">
      <mem type="soa" free="0" total="49958912" percent="0" />
      <mem type="loa" free="503808" total="503808" percent="100" />
    </mem>
  </mem-info>
</gc-start>
<allocation-stats totalBytes="31887776" >
  <allocated-bytes non-tlh="0" tlh="31887776" />
  <largest-consumer threadName="main" threadId="00000000023ECF00" bytes="31887776" />
</allocation-stats>
<gc-op id="5156" type="mark" timems="10.813" contextid="5153" timestamp="2019-08-09T18:54:05.280">
  <trace-info objectcount="596222" scancount="517213" scanbytes="13272560" />
  <finalization candidates="80" enqueued="0" />
  <ownableSynchronizers candidates="21" cleared="0" />
  <references type="soft" candidates="1843" cleared="0" enqueued="0" dynamicThreshold="20" maxThreshold="32" />
  <references type="weak" candidates="5692" cleared="0" enqueued="0" />
  <references type="phantom" candidates="97" cleared="0" enqueued="0" />
  <stringconstants candidates="13275" cleared="0"  />
</gc-op>
<gc-op id="5157" type="sweep" timems="2.574" contextid="5153" timestamp="2019-08-09T18:54:05.283" />
<mem-info id="5158" free="32592360" total="50462720" percent="64">
  <mem type="tenure" free="32592360" total="50462720" percent="64" micro-fragmented="0" macro-fragmented="0">
    <mem type="soa" free="32088552" total="49958912" percent="64" />
    <mem type="loa" free="503808" total="503808" percent="100" />
  </mem>
</mem-info>
<gc-op id="5159" type="compact" timems="70.840" contextid="5153" timestamp="2019-08-09T18:54:05.354">
  <compact-info movecount="2" movebytes="64" reason="compact to aid heap contraction" />
</gc-op>
<heap-resize id="5160" type="expand" space="tenure" amount="131072" count="1" timems="0.026" reason="satisfy allocation request" timestamp="2019-08-09T18:54:05.371" />
<gc-end id="5161" type="global" contextid="5153" durationms="101.906" usertimems="108.705" systemtimems="0.000" timestamp="2019-08-09T18:54:05.372" activeThreads="16">
  <mem-info id="5162" free="32658496" total="50593792" percent="64">
    <mem type="tenure" free="32658496" total="50593792" percent="64">
      <mem type="soa" free="32152640" total="50087936" percent="64" />
      <mem type="loa" free="505856" total="505856" percent="100" />
    </mem>
  </mem-info>
</gc-end>
<cycle-end id="5163" type="global" contextid="5153" timestamp="2019-08-09T18:54:05.372" />
  <attribute name="elasticGC enabled" value="1" />
  <attribute name= "numThreadsSpecified" value="16" />
  <attribute name="heapSize specified" value="50462720" />
  <attribute name="Current GC Util" value="48" />
  <attribute name= "Current Time Running" value="185298" />
  <attribute name ="GC Interval" value="0" />
  <attribute name="Target GC Util Change" value ="80.000000" />
  <attribute name="Current GC Util Change" value="48.000000"/>
  <attribute name="Current Error" value="-1129.000000" />
  <attribute name="Output H" value="50537104"/>
  <attribute name="Output I" value="712"/>
  <attribute name="Output T" value="16"/>
  <attribute name= "Current Time Running" value="185298" />
  <attribute name="GC Util currently" value="48" />
  <attribute name="CPU Util currently" value="16264663604" />
<allocation-satisfied id="5164" threadId="00000000023ECF00" bytesRequested="1168" />
<af-end id="5165" timestamp="2019-08-09T18:54:05.372" threadId="00000000023ED888" success="true" />
<exclusive-end id="5166" timestamp="2019-08-09T18:54:05.372" durationms="102.305" />

<exclusive-start id="5167" timestamp="2019-08-09T18:54:05.401" intervalms="129.816">
  <response-info timems="0.029" idlems="0.029" threads="0" lastid="00000000023ECF00" lastname="main" />
</exclusive-start>
<af-start id="5168" threadId="00000000023ED888" totalBytesRequested="1168" timestamp="2019-08-09T18:54:05.401" intervalms="131.265" />
<cycle-start id="5169" type="global" contextid="0" timestamp="2019-08-09T18:54:05.401" intervalms="131.269" />
<gc-start id="5170" type="global" contextid="5169" timestamp="2019-08-09T18:54:05.401">
  <mem-info id="5171" free="505856" total="50593792" percent="0">
    <mem type="tenure" free="505856" total="50593792" percent="0">
      <mem type="soa" free="0" total="50087936" percent="0" />
      <mem type="loa" free="505856" total="505856" percent="100" />
    </mem>
  </mem-info>
</gc-start>
<allocation-stats totalBytes="32015544" >
  <allocated-bytes non-tlh="0" tlh="32015544" />
  <largest-consumer threadName="main" threadId="00000000023ECF00" bytes="32015544" />
</allocation-stats>
<gc-op id="5172" type="mark" timems="65.016" contextid="5169" timestamp="2019-08-09T18:54:05.472">
  <trace-info objectcount="596222" scancount="517217" scanbytes="13272560" />
  <finalization candidates="80" enqueued="0" />
  <ownableSynchronizers candidates="21" cleared="0" />
  <references type="soft" candidates="1843" cleared="0" enqueued="0" dynamicThreshold="20" maxThreshold="32" />
  <references type="weak" candidates="5692" cleared="0" enqueued="0" />
  <references type="phantom" candidates="97" cleared="0" enqueued="0" />
  <stringconstants candidates="13275" cleared="0"  />
</gc-op>
<gc-op id="5173" type="sweep" timems="2.696" contextid="5169" timestamp="2019-08-09T18:54:05.475" />
<mem-info id="5174" free="32724032" total="50593792" percent="64">
  <mem type="tenure" free="32724032" total="50593792" percent="64" micro-fragmented="0" macro-fragmented="0">
    <mem type="soa" free="32218176" total="50087936" percent="64" />
    <mem type="loa" free="505856" total="505856" percent="100" />
  </mem>
</mem-info>
<gc-op id="5175" type="compact" timems="27.568" contextid="5169" timestamp="2019-08-09T18:54:05.502">
  <compact-info movecount="2" movebytes="64" reason="compact to aid heap contraction" />
</gc-op>
<heap-resize id="5176" type="expand" space="tenure" amount="131072" count="1" timems="0.021" reason="satisfy allocation request" timestamp="2019-08-09T18:54:05.503" />
<gc-end id="5177" type="global" contextid="5169" durationms="102.512" usertimems="143.463" systemtimems="0.000" timestamp="2019-08-09T18:54:05.503" activeThreads="16">
  <mem-info id="5178" free="32789568" total="50724864" percent="64">
    <mem type="tenure" free="32789568" total="50724864" percent="64">
      <mem type="soa" free="32282688" total="50217984" percent="64" />
      <mem type="loa" free="506880" total="506880" percent="100" />
    </mem>
  </mem-info>
</gc-end>
<cycle-end id="5179" type="global" contextid="5169" timestamp="2019-08-09T18:54:05.503" />
  <attribute name="elasticGC enabled" value="1" />
  <attribute name= "numThreadsSpecified" value="16" />
  <attribute name="heapSize specified" value="50593792" />
  <attribute name="Current GC Util" value="39" />
  <attribute name= "Current Time Running" value="185446" />
  <attribute name ="GC Interval" value="0" />
  <attribute name="Target GC Util Change" value ="80.000000" />
  <attribute name="Current GC Util Change" value="39.000000"/>
  <attribute name="Current Error" value="-67.000000" />
  <attribute name="Output H" value="50669400"/>
  <attribute name="Output I" value="1936"/>
  <attribute name="Output T" value="16"/>
  <attribute name= "Current Time Running" value="185446" />
  <attribute name="GC Util currently" value="39" />
  <attribute name="CPU Util currently" value="41784549473" />
<allocation-satisfied id="5180" threadId="00000000023ECF00" bytesRequested="1168" />
<af-end id="5181" timestamp="2019-08-09T18:54:05.503" threadId="00000000023ED888" success="true" />
<exclusive-end id="5182" timestamp="2019-08-09T18:54:05.503" durationms="104.169" />

<exclusive-start id="5183" timestamp="2019-08-09T18:54:05.507" intervalms="107.823">
  <response-info timems="0.021" idlems="0.021" threads="0" lastid="00000000023ECF00" lastname="main" />
</exclusive-start>
<af-start id="5184" threadId="00000000023ED888" totalBytesRequested="1168" timestamp="2019-08-09T18:54:05.507" intervalms="106.373" />
<cycle-start id="5185" type="global" contextid="0" timestamp="2019-08-09T18:54:05.507" intervalms="106.369" />
<gc-start id="5186" type="global" contextid="5185" timestamp="2019-08-09T18:54:05.507">
  <mem-info id="5187" free="506880" total="50724864" percent="0">
    <mem type="tenure" free="506880" total="50724864" percent="0">
      <mem type="soa" free="0" total="50217984" percent="0" />
      <mem type="loa" free="506880" total="506880" percent="100" />
    </mem>
  </mem-info>
</gc-start>
<allocation-stats totalBytes="32147032" >
  <allocated-bytes non-tlh="0" tlh="32147032" />
  <largest-consumer threadName="main" threadId="00000000023ECF00" bytes="32147032" />
</allocation-stats>
<gc-op id="5188" type="mark" timems="229.260" contextid="5185" timestamp="2019-08-09T18:54:05.737">
  <trace-info objectcount="596222" scancount="517213" scanbytes="13272560" />
  <finalization candidates="80" enqueued="0" />
  <ownableSynchronizers candidates="21" cleared="0" />
  <references type="soft" candidates="1843" cleared="0" enqueued="0" dynamicThreshold="20" maxThreshold="32" />
  <references type="weak" candidates="5692" cleared="0" enqueued="0" />
  <references type="phantom" candidates="97" cleared="0" enqueued="0" />
  <stringconstants candidates="13275" cleared="0"  />
</gc-op>
<gc-op id="5189" type="sweep" timems="3.629" contextid="5185" timestamp="2019-08-09T18:54:05.740" />
<mem-info id="5190" free="32854776" total="50724864" percent="64">
  <mem type="tenure" free="32854776" total="50724864" percent="64" micro-fragmented="0" macro-fragmented="0">
    <mem type="soa" free="32347896" total="50217984" percent="64" />
    <mem type="loa" free="506880" total="506880" percent="100" />
  </mem>
</mem-info>
<gc-op id="5191" type="compact" timems="33.709" contextid="5185" timestamp="2019-08-09T18:54:05.774">
  <compact-info movecount="2" movebytes="64" reason="compact to aid heap contraction" />
</gc-op>
<heap-resize id="5192" type="expand" space="tenure" amount="131072" count="1" timems="0.020" reason="satisfy allocation request" timestamp="2019-08-09T18:54:05.775" />
<gc-end id="5193" type="global" contextid="5185" durationms="267.882" usertimems="321.467" systemtimems="0.000" timestamp="2019-08-09T18:54:05.775" activeThreads="16">
  <mem-info id="5194" free="32920640" total="50855936" percent="64">
    <mem type="tenure" free="32920640" total="50855936" percent="64">
      <mem type="soa" free="32412736" total="50348032" percent="64" />
      <mem type="loa" free="507904" total="507904" percent="100" />
    </mem>
  </mem-info>
</gc-end>
<cycle-end id="5195" type="global" contextid="5185" timestamp="2019-08-09T18:54:05.775" />
  <attribute name="elasticGC enabled" value="1" />
  <attribute name= "numThreadsSpecified" value="16" />
  <attribute name="heapSize specified" value="50724864" />
  <attribute name="Current GC Util" value="63" />
  <attribute name= "Current Time Running" value="185718" />
  <attribute name ="GC Interval" value="0" />
  <attribute name="Target GC Util Change" value ="80.000000" />
  <attribute name="Current GC Util Change" value="63.000000"/>
  <attribute name="Current Error" value="17.000000" />
  <attribute name="Output H" value="50800568"/>
  <attribute name="Output I" value="2032"/>
  <attribute name="Output T" value="16"/>
  <attribute name= "Current Time Running" value="185718" />
  <attribute name="GC Util currently" value="63" />
  <attribute name="CPU Util currently" value="34144658281" />
<allocation-satisfied id="5196" threadId="00000000023ECF00" bytesRequested="1168" />
<af-end id="5197" timestamp="2019-08-09T18:54:05.776" threadId="00000000023ED888" success="true" />
<exclusive-end id="5198" timestamp="2019-08-09T18:54:05.776" durationms="268.391" />

<exclusive-start id="5199" timestamp="2019-08-09T18:54:05.786" intervalms="279.290">
  <response-info timems="0.017" idlems="0.017" threads="0" lastid="00000000023ECF00" lastname="main" />
</exclusive-start>
<af-start id="5200" threadId="00000000023ED888" totalBytesRequested="1168" timestamp="2019-08-09T18:54:05.786" intervalms="279.294" />
<cycle-start id="5201" type="global" contextid="0" timestamp="2019-08-09T18:54:05.787" intervalms="279.296" />
<gc-start id="5202" type="global" contextid="5201" timestamp="2019-08-09T18:54:05.787">
  <mem-info id="5203" free="507904" total="50855936" percent="0">
    <mem type="tenure" free="507904" total="50855936" percent="0">
      <mem type="soa" free="0" total="50348032" percent="0" />
      <mem type="loa" free="507904" total="507904" percent="100" />
    </mem>
  </mem-info>
</gc-start>
<allocation-stats totalBytes="32276064" >
  <allocated-bytes non-tlh="0" tlh="32276064" />
  <largest-consumer threadName="main" threadId="00000000023ECF00" bytes="32276064" />
</allocation-stats>
<gc-op id="5204" type="mark" timems="152.920" contextid="5201" timestamp="2019-08-09T18:54:05.940">
  <trace-info objectcount="596222" scancount="517214" scanbytes="13272560" />
  <finalization candidates="80" enqueued="0" />
  <ownableSynchronizers candidates="21" cleared="0" />
  <references type="soft" candidates="1843" cleared="0" enqueued="0" dynamicThreshold="20" maxThreshold="32" />
  <references type="weak" candidates="5692" cleared="0" enqueued="0" />
  <references type="phantom" candidates="97" cleared="0" enqueued="0" />
  <stringconstants candidates="13275" cleared="0"  />
</gc-op>
<gc-op id="5205" type="sweep" timems="4.585" contextid="5201" timestamp="2019-08-09T18:54:05.944" />
<mem-info id="5206" free="32985656" total="50855936" percent="64">
  <mem type="tenure" free="32985656" total="50855936" percent="64" micro-fragmented="0" macro-fragmented="0">
    <mem type="soa" free="32477752" total="50348032" percent="64" />
    <mem type="loa" free="507904" total="507904" percent="100" />
  </mem>
</mem-info>
<gc-op id="5207" type="compact" timems="34.865" contextid="5201" timestamp="2019-08-09T18:54:05.979">
  <compact-info movecount="2" movebytes="64" reason="compact to aid heap contraction" />
</gc-op>
<heap-resize id="5208" type="expand" space="tenure" amount="131072" count="1" timems="0.021" reason="satisfy allocation request" timestamp="2019-08-09T18:54:05.980" />
<gc-end id="5209" type="global" contextid="5201" durationms="193.305" usertimems="228.176" systemtimems="0.000" timestamp="2019-08-09T18:54:05.980" activeThreads="16">
  <mem-info id="5210" free="33051712" total="50987008" percent="64">
    <mem type="tenure" free="33051712" total="50987008" percent="64">
      <mem type="soa" free="32542784" total="50478080" percent="64" />
      <mem type="loa" free="508928" total="508928" percent="100" />
    </mem>
  </mem-info>
</gc-end>
<cycle-end id="5211" type="global" contextid="5201" timestamp="2019-08-09T18:54:05.980" />
  <attribute name="elasticGC enabled" value="1" />
  <attribute name= "numThreadsSpecified" value="16" />
  <attribute name="heapSize specified" value="50855936" />
  <attribute name="Current GC Util" value="30" />
  <attribute name= "Current Time Running" value="185923" />
  <attribute name ="GC Interval" value="0" />
  <attribute name="Target GC Util Change" value ="80.000000" />
  <attribute name="Current GC Util Change" value="30.000000"/>
  <attribute name="Current Error" value="-132.000000" />
  <attribute name="Output H" value="50931464"/>
  <attribute name="Output I" value="1856"/>
  <attribute name="Output T" value="16"/>
  <attribute name= "Current Time Running" value="185923" />
  <attribute name="GC Util currently" value="30" />
  <attribute name="CPU Util currently" value="33069563568" />
<allocation-satisfied id="5212" threadId="00000000023ECF00" bytesRequested="1168" />
<af-end id="5213" timestamp="2019-08-09T18:54:05.980" threadId="00000000023ED888" success="true" />
<exclusive-end id="5214" timestamp="2019-08-09T18:54:05.980" durationms="193.670" />

<exclusive-start id="5215" timestamp="2019-08-09T18:54:05.984" intervalms="197.948">
  <response-info timems="0.024" idlems="0.024" threads="0" lastid="00000000023ECF00" lastname="main" />
</exclusive-start>
<af-start id="5216" threadId="00000000023ED888" totalBytesRequested="1168" timestamp="2019-08-09T18:54:05.984" intervalms="197.968" />
<cycle-start id="5217" type="global" contextid="0" timestamp="2019-08-09T18:54:05.985" intervalms="198.449" />
<gc-start id="5218" type="global" contextid="5217" timestamp="2019-08-09T18:54:05.985">
  <mem-info id="5219" free="508928" total="50987008" percent="0">
    <mem type="tenure" free="508928" total="50987008" percent="0">
      <mem type="soa" free="0" total="50478080" percent="0" />
      <mem type="loa" free="508928" total="508928" percent="100" />
    </mem>
  </mem-info>
</gc-start>
<allocation-stats totalBytes="32403808" >
  <allocated-bytes non-tlh="0" tlh="32403808" />
  <largest-consumer threadName="main" threadId="00000000023ECF00" bytes="32403808" />
</allocation-stats>
<gc-op id="5220" type="mark" timems="89.747" contextid="5217" timestamp="2019-08-09T18:54:06.075">
  <trace-info objectcount="596222" scancount="517215" scanbytes="13272560" />
  <finalization candidates="80" enqueued="0" />
  <ownableSynchronizers candidates="21" cleared="0" />
  <references type="soft" candidates="1843" cleared="0" enqueued="0" dynamicThreshold="20" maxThreshold="32" />
  <references type="weak" candidates="5692" cleared="0" enqueued="0" />
  <references type="phantom" candidates="97" cleared="0" enqueued="0" />
  <stringconstants candidates="13275" cleared="0"  />
</gc-op>
<gc-op id="5221" type="sweep" timems="28.724" contextid="5217" timestamp="2019-08-09T18:54:06.104" />
<mem-info id="5222" free="33116808" total="50987008" percent="64">
  <mem type="tenure" free="33116808" total="50987008" percent="64" micro-fragmented="0" macro-fragmented="0">
    <mem type="soa" free="32607880" total="50478080" percent="64" />
    <mem type="loa" free="508928" total="508928" percent="100" />
  </mem>
</mem-info>
<gc-op id="5223" type="compact" timems="32.765" contextid="5217" timestamp="2019-08-09T18:54:06.136">
  <compact-info movecount="2" movebytes="64" reason="compact to aid heap contraction" />
</gc-op>
<heap-resize id="5224" type="expand" space="tenure" amount="131072" count="1" timems="0.023" reason="satisfy allocation request" timestamp="2019-08-09T18:54:06.137" />
<gc-end id="5225" type="global" contextid="5217" durationms="152.130" usertimems="97.660" systemtimems="0.000" timestamp="2019-08-09T18:54:06.137" activeThreads="16">
  <mem-info id="5226" free="33182784" total="51118080" percent="64">
    <mem type="tenure" free="33182784" total="51118080" percent="64">
      <mem type="soa" free="32671808" total="50607104" percent="64" />
      <mem type="loa" free="510976" total="510976" percent="100" />
    </mem>
  </mem-info>
</gc-end>
<cycle-end id="5227" type="global" contextid="5217" timestamp="2019-08-09T18:54:06.137" />
  <attribute name="elasticGC enabled" value="1" />
  <attribute name= "numThreadsSpecified" value="16" />
  <attribute name="heapSize specified" value="50987008" />
  <attribute name="Current GC Util" value="32" />
  <attribute name= "Current Time Running" value="186080" />
  <attribute name ="GC Interval" value="0" />
  <attribute name="Target GC Util Change" value ="80.000000" />
  <attribute name="Current GC Util Change" value="32.000000"/>
  <attribute name="Current Error" value="139.000000" />
  <attribute name="Output H" value="51062848"/>
  <attribute name="Output I" value="2168"/>
  <attribute name="Output T" value="16"/>
  <attribute name= "Current Time Running" value="186080" />
  <attribute name="GC Util currently" value="32" />
  <attribute name="CPU Util currently" value="35189618019" />
<allocation-satisfied id="5228" threadId="00000000023ECF00" bytesRequested="1168" />
<af-end id="5229" timestamp="2019-08-09T18:54:06.137" threadId="00000000023ED888" success="true" />
<exclusive-end id="5230" timestamp="2019-08-09T18:54:06.137" durationms="152.906" />

<exclusive-start id="5231" timestamp="2019-08-09T18:54:06.141" intervalms="157.013">
  <response-info timems="0.020" idlems="0.020" threads="0" lastid="00000000023ECF00" lastname="main" />
</exclusive-start>
<af-start id="5232" threadId="00000000023ED888" totalBytesRequested="1168" timestamp="2019-08-09T18:54:06.141" intervalms="156.990" />
<cycle-start id="5233" type="global" contextid="0" timestamp="2019-08-09T18:54:06.141" intervalms="156.509" />
<gc-start id="5234" type="global" contextid="5233" timestamp="2019-08-09T18:54:06.142">
  <mem-info id="5235" free="510976" total="51118080" percent="0">
    <mem type="tenure" free="510976" total="51118080" percent="0">
      <mem type="soa" free="0" total="50607104" percent="0" />
      <mem type="loa" free="510976" total="510976" percent="100" />
    </mem>
  </mem-info>
</gc-start>
<allocation-stats totalBytes="32534080" >
  <allocated-bytes non-tlh="0" tlh="32534080" />
  <largest-consumer threadName="main" threadId="00000000023ECF00" bytes="32534080" />
</allocation-stats>
<gc-op id="5236" type="mark" timems="9.476" contextid="5233" timestamp="2019-08-09T18:54:06.151">
  <trace-info objectcount="596222" scancount="517216" scanbytes="13272560" />
  <finalization candidates="80" enqueued="0" />
  <ownableSynchronizers candidates="21" cleared="0" />
  <references type="soft" candidates="1843" cleared="0" enqueued="0" dynamicThreshold="20" maxThreshold="32" />
  <references type="weak" candidates="5692" cleared="0" enqueued="0" />
  <references type="phantom" candidates="97" cleared="0" enqueued="0" />
  <stringconstants candidates="13275" cleared="0"  />
</gc-op>
<gc-op id="5237" type="sweep" timems="1.821" contextid="5233" timestamp="2019-08-09T18:54:06.153" />
<mem-info id="5238" free="33248320" total="51118080" percent="65">
  <mem type="tenure" free="33248320" total="51118080" percent="65" micro-fragmented="0" macro-fragmented="0">
    <mem type="soa" free="32737344" total="50607104" percent="64" />
    <mem type="loa" free="510976" total="510976" percent="100" />
  </mem>
</mem-info>
<gc-op id="5239" type="compact" timems="228.353" contextid="5233" timestamp="2019-08-09T18:54:06.381">
  <compact-info movecount="2" movebytes="64" reason="compact to aid heap contraction" />
</gc-op>
<heap-resize id="5240" type="expand" space="tenure" amount="131072" count="1" timems="0.028" reason="satisfy allocation request" timestamp="2019-08-09T18:54:06.392" />
<gc-end id="5241" type="global" contextid="5233" durationms="250.118" usertimems="208.233" systemtimems="0.000" timestamp="2019-08-09T18:54:06.392" activeThreads="16">
  <mem-info id="5242" free="33313856" total="51249152" percent="65">
    <mem type="tenure" free="33313856" total="51249152" percent="65">
      <mem type="soa" free="32801856" total="50737152" percent="64" />
      <mem type="loa" free="512000" total="512000" percent="100" />
    </mem>
  </mem-info>
</gc-end>
<cycle-end id="5243" type="global" contextid="5233" timestamp="2019-08-09T18:54:06.392" />
  <attribute name="elasticGC enabled" value="1" />
  <attribute name= "numThreadsSpecified" value="16" />
  <attribute name="heapSize specified" value="51118080" />
  <attribute name="Current GC Util" value="39" />
  <attribute name= "Current Time Running" value="186325" />
  <attribute name ="GC Interval" value="0" />
  <attribute name="Target GC Util Change" value ="80.000000" />
  <attribute name="Current GC Util Change" value="39.000000"/>
  <attribute name="Current Error" value="41.000000" />
  <attribute name="Output H" value="51193808"/>
  <attribute name="Output I" value="2056"/>
  <attribute name="Output T" value="16"/>
  <attribute name= "Current Time Running" value="186325" />
  <attribute name="GC Util currently" value="39" />
  <attribute name="CPU Util currently" value="5047199005" />
<allocation-satisfied id="5244" threadId="00000000023ECF00" bytesRequested="1168" />
<af-end id="5245" timestamp="2019-08-09T18:54:06.392" threadId="00000000023ED888" success="true" />
<exclusive-end id="5246" timestamp="2019-08-09T18:54:06.392" durationms="250.353" />

<exclusive-start id="5247" timestamp="2019-08-09T18:54:06.396" intervalms="254.628">
  <response-info timems="0.020" idlems="0.020" threads="0" lastid="00000000023ECF00" lastname="main" />
</exclusive-start>
<af-start id="5248" threadId="00000000023ED888" totalBytesRequested="1168" timestamp="2019-08-09T18:54:06.396" intervalms="254.641" />
<cycle-start id="5249" type="global" contextid="0" timestamp="2019-08-09T18:54:06.396" intervalms="254.641" />
<gc-start id="5250" type="global" contextid="5249" timestamp="2019-08-09T18:54:06.396">
  <mem-info id="5251" free="512000" total="51249152" percent="0">
    <mem type="tenure" free="512000" total="51249152" percent="0">
      <mem type="soa" free="0" total="50737152" percent="0" />
      <mem type="loa" free="512000" total="512000" percent="100" />
    </mem>
  </mem-info>
</gc-start>
<allocation-stats totalBytes="32660584" >
  <allocated-bytes non-tlh="0" tlh="32660584" />
  <largest-consumer threadName="main" threadId="00000000023ECF00" bytes="32660584" />
</allocation-stats>
<gc-op id="5252" type="mark" timems="23.849" contextid="5249" timestamp="2019-08-09T18:54:06.420">
  <trace-info objectcount="596222" scancount="517214" scanbytes="13272560" />
  <finalization candidates="80" enqueued="0" />
  <ownableSynchronizers candidates="21" cleared="0" />
  <references type="soft" candidates="1843" cleared="0" enqueued="0" dynamicThreshold="20" maxThreshold="32" />
  <references type="weak" candidates="5692" cleared="0" enqueued="0" />
  <references type="phantom" candidates="97" cleared="0" enqueued="0" />
  <stringconstants candidates="13275" cleared="0"  />
</gc-op>
<gc-op id="5253" type="sweep" timems="7.173" contextid="5249" timestamp="2019-08-09T18:54:06.427" />
<mem-info id="5254" free="33379392" total="51249152" percent="65">
  <mem type="tenure" free="33379392" total="51249152" percent="65" micro-fragmented="0" macro-fragmented="0">
    <mem type="soa" free="32867392" total="50737152" percent="64" />
    <mem type="loa" free="512000" total="512000" percent="100" />
  </mem>
</mem-info>
<gc-op id="5255" type="compact" timems="141.679" contextid="5249" timestamp="2019-08-09T18:54:06.569">
  <compact-info movecount="2" movebytes="64" reason="compact to aid heap contraction" />
</gc-op>
<heap-resize id="5256" type="expand" space="tenure" amount="131072" count="1" timems="0.022" reason="satisfy allocation request" timestamp="2019-08-09T18:54:06.571" />
<gc-end id="5257" type="global" contextid="5249" durationms="175.114" usertimems="188.633" systemtimems="0.000" timestamp="2019-08-09T18:54:06.571" activeThreads="16">
  <mem-info id="5258" free="33444928" total="51380224" percent="65">
    <mem type="tenure" free="33444928" total="51380224" percent="65">
      <mem type="soa" free="32931904" total="50867200" percent="64" />
      <mem type="loa" free="513024" total="513024" percent="100" />
    </mem>
  </mem-info>
</gc-end>
<cycle-end id="5259" type="global" contextid="5249" timestamp="2019-08-09T18:54:06.571" />
  <attribute name="elasticGC enabled" value="1" />
  <attribute name= "numThreadsSpecified" value="16" />
  <attribute name="heapSize specified" value="51249152" />
  <attribute name="Current GC Util" value="43" />
  <attribute name= "Current Time Running" value="186513" />
  <attribute name ="GC Interval" value="0" />
  <attribute name="Target GC Util Change" value ="80.000000" />
  <attribute name="Current GC Util Change" value="43.000000"/>
  <attribute name="Current Error" value="-535.000000" />
  <attribute name="Output H" value="51324216"/>
  <attribute name="Output I" value="1392"/>
  <attribute name="Output T" value="16"/>
  <attribute name= "Current Time Running" value="186513" />
  <attribute name="GC Util currently" value="43" />
  <attribute name="CPU Util currently" value="8114884971" />
<allocation-satisfied id="5260" threadId="00000000023ECF00" bytesRequested="1168" />
<af-end id="5261" timestamp="2019-08-09T18:54:06.571" threadId="00000000023ED888" success="true" />
<exclusive-end id="5262" timestamp="2019-08-09T18:54:06.571" durationms="175.417" />

<exclusive-start id="5263" timestamp="2019-08-09T18:54:06.669" intervalms="273.011">
  <response-info timems="0.024" idlems="0.024" threads="0" lastid="00000000023ECF00" lastname="main" />
</exclusive-start>
<af-start id="5264" threadId="00000000023ED888" totalBytesRequested="1168" timestamp="2019-08-09T18:54:06.689" intervalms="292.922" />
<cycle-start id="5265" type="global" contextid="0" timestamp="2019-08-09T18:54:06.694" intervalms="297.423" />
<gc-start id="5266" type="global" contextid="5265" timestamp="2019-08-09T18:54:06.694">
  <mem-info id="5267" free="513024" total="51380224" percent="0">
    <mem type="tenure" free="513024" total="51380224" percent="0">
      <mem type="soa" free="0" total="50867200" percent="0" />
      <mem type="loa" free="513024" total="513024" percent="100" />
    </mem>
  </mem-info>
</gc-start>
<allocation-stats totalBytes="32792096" >
  <allocated-bytes non-tlh="0" tlh="32792096" />
  <largest-consumer threadName="main" threadId="00000000023ECF00" bytes="32792096" />
</allocation-stats>
<gc-op id="5268" type="mark" timems="47.842" contextid="5265" timestamp="2019-08-09T18:54:06.741">
  <trace-info objectcount="596222" scancount="517214" scanbytes="13272560" />
  <finalization candidates="80" enqueued="0" />
  <ownableSynchronizers candidates="21" cleared="0" />
  <references type="soft" candidates="1843" cleared="0" enqueued="0" dynamicThreshold="20" maxThreshold="32" />
  <references type="weak" candidates="5692" cleared="0" enqueued="0" />
  <references type="phantom" candidates="97" cleared="0" enqueued="0" />
  <stringconstants candidates="13275" cleared="0"  />
</gc-op>
<gc-op id="5269" type="sweep" timems="8.651" contextid="5265" timestamp="2019-08-09T18:54:06.750" />
<mem-info id="5270" free="33510104" total="51380224" percent="65">
  <mem type="tenure" free="33510104" total="51380224" percent="65" micro-fragmented="0" macro-fragmented="0">
    <mem type="soa" free="32997080" total="50867200" percent="64" />
    <mem type="loa" free="513024" total="513024" percent="100" />
  </mem>
</mem-info>
<gc-op id="5271" type="compact" timems="34.865" contextid="5265" timestamp="2019-08-09T18:54:06.785">
  <compact-info movecount="2" movebytes="64" reason="compact to aid heap contraction" />
</gc-op>
<heap-resize id="5272" type="expand" space="tenure" amount="131072" count="1" timems="0.019" reason="satisfy allocation request" timestamp="2019-08-09T18:54:06.787" />
<gc-end id="5273" type="global" contextid="5265" durationms="92.989" usertimems="126.403" systemtimems="5.453" timestamp="2019-08-09T18:54:06.787" activeThreads="16">
  <mem-info id="5274" free="33576000" total="51511296" percent="65">
    <mem type="tenure" free="33576000" total="51511296" percent="65">
      <mem type="soa" free="33060928" total="50996224" percent="64" />
      <mem type="loa" free="515072" total="515072" percent="100" />
    </mem>
  </mem-info>
</gc-end>
<cycle-end id="5275" type="global" contextid="5265" timestamp="2019-08-09T18:54:06.787" />
  <attribute name="elasticGC enabled" value="1" />
  <attribute name= "numThreadsSpecified" value="16" />
  <attribute name="heapSize specified" value="51380224" />
  <attribute name="Current GC Util" value="33" />
  <attribute name= "Current Time Running" value="186729" />
  <attribute name ="GC Interval" value="0" />
  <attribute name="Target GC Util Change" value ="80.000000" />
  <attribute name="Current GC Util Change" value="33.000000"/>
  <attribute name="Current Error" value="-47.000000" />
  <attribute name="Output H" value="51455856"/>
  <attribute name="Output I" value="1960"/>
  <attribute name="Output T" value="16"/>
  <attribute name= "Current Time Running" value="186729" />
  <attribute name="GC Util currently" value="33" />
  <attribute name="CPU Util currently" value="33035440704" />
<allocation-satisfied id="5276" threadId="00000000023ECF00" bytesRequested="1168" />
<af-end id="5277" timestamp="2019-08-09T18:54:06.787" threadId="00000000023ED888" success="true" />
<exclusive-end id="5278" timestamp="2019-08-09T18:54:06.787" durationms="117.724" />

<exclusive-start id="5279" timestamp="2019-08-09T18:54:06.815" intervalms="145.724">
  <response-info timems="0.018" idlems="0.018" threads="0" lastid="00000000023ECF00" lastname="main" />
</exclusive-start>
<af-start id="5280" threadId="00000000023ED888" totalBytesRequested="24" timestamp="2019-08-09T18:54:06.815" intervalms="126.031" />
<cycle-start id="5281" type="global" contextid="0" timestamp="2019-08-09T18:54:06.815" intervalms="121.530" />
<gc-start id="5282" type="global" contextid="5281" timestamp="2019-08-09T18:54:06.815">
  <mem-info id="5283" free="515072" total="51511296" percent="0">
    <mem type="tenure" free="515072" total="51511296" percent="0">
      <mem type="soa" free="0" total="50996224" percent="0" />
      <mem type="loa" free="515072" total="515072" percent="100" />
    </mem>
  </mem-info>
</gc-start>
<allocation-stats totalBytes="33117024" >
  <allocated-bytes non-tlh="0" tlh="33117024" />
  <largest-consumer threadName="main" threadId="00000000023ECF00" bytes="33117024" />
</allocation-stats>
<gc-op id="5284" type="mark" timems="138.490" contextid="5281" timestamp="2019-08-09T18:54:06.954">
  <trace-info objectcount="596351" scancount="517344" scanbytes="13276976" />
  <finalization candidates="80" enqueued="0" />
  <ownableSynchronizers candidates="21" cleared="0" />
  <references type="soft" candidates="1843" cleared="0" enqueued="0" dynamicThreshold="20" maxThreshold="32" />
  <references type="weak" candidates="5692" cleared="0" enqueued="0" />
  <references type="phantom" candidates="97" cleared="0" enqueued="0" />
  <stringconstants candidates="13275" cleared="0"  />
</gc-op>
<gc-op id="5285" type="sweep" timems="6.971" contextid="5281" timestamp="2019-08-09T18:54:06.961" />
<mem-info id="5286" free="33634792" total="51511296" percent="65">
  <mem type="tenure" free="33634792" total="51511296" percent="65" micro-fragmented="0" macro-fragmented="0">
    <mem type="soa" free="33119720" total="50996224" percent="64" />
    <mem type="loa" free="515072" total="515072" percent="100" />
  </mem>
</mem-info>
<gc-op id="5287" type="compact" timems="27.177" contextid="5281" timestamp="2019-08-09T18:54:06.988">
  <compact-info movecount="1730" movebytes="56688" reason="compact to aid heap contraction" />
</gc-op>
<heap-resize id="5288" type="expand" space="tenure" amount="131072" count="1" timems="0.019" reason="satisfy allocation request" timestamp="2019-08-09T18:54:06.988" />
<gc-end id="5289" type="global" contextid="5281" durationms="173.298" usertimems="94.573" systemtimems="49.527" timestamp="2019-08-09T18:54:06.988" activeThreads="16">
  <mem-info id="5290" free="33703832" total="51642368" percent="65">
    <mem type="tenure" free="33703832" total="51642368" percent="65">
      <mem type="soa" free="33187736" total="51126272" percent="64" />
      <mem type="loa" free="516096" total="516096" percent="100" />
    </mem>
  </mem-info>
</gc-end>
<cycle-end id="5291" type="global" contextid="5281" timestamp="2019-08-09T18:54:06.988" />
  <attribute name="elasticGC enabled" value="1" />
  <attribute name= "numThreadsSpecified" value="16" />
  <attribute name="heapSize specified" value="51511296" />
  <attribute name="Current GC Util" value="30" />
  <attribute name= "Current Time Running" value="186932" />
  <attribute name ="GC Interval" value="0" />
  <attribute name="Target GC Util Change" value ="80.000000" />
  <attribute name="Current GC Util Change" value="30.000000"/>
  <attribute name="Current Error" value="50.000000" />
  <attribute name="Output H" value="51587040"/>
  <attribute name="Output I" value="2072"/>
  <attribute name="Output T" value="16"/>
  <attribute name= "Current Time Running" value="186932" />
  <attribute name="GC Util currently" value="30" />
  <attribute name="CPU Util currently" value="42381793191" />
<allocation-satisfied id="5292" threadId="00000000023ECF00" bytesRequested="24" />
<af-end id="5293" timestamp="2019-08-09T18:54:06.989" threadId="00000000023ED888" success="true" />
<exclusive-end id="5294" timestamp="2019-08-09T18:54:06.989" durationms="173.830" />

<exclusive-start id="5295" timestamp="2019-08-09T18:54:07.209" intervalms="394.024">
  <response-info timems="0.043" idlems="0.043" threads="0" lastid="00000000023ECF00" lastname="main" />
</exclusive-start>
<af-start id="5296" threadId="00000000023ED888" totalBytesRequested="24" timestamp="2019-08-09T18:54:07.209" intervalms="394.308" />
<cycle-start id="5297" type="global" contextid="0" timestamp="2019-08-09T18:54:07.209" intervalms="394.322" />
<gc-start id="5298" type="global" contextid="5297" timestamp="2019-08-09T18:54:07.209">
  <mem-info id="5299" free="516096" total="51642368" percent="0">
    <mem type="tenure" free="516096" total="51642368" percent="0">
      <mem type="soa" free="0" total="51126272" percent="0" />
      <mem type="loa" free="516096" total="516096" percent="100" />
    </mem>
  </mem-info>
</gc-start>
<allocation-stats totalBytes="33248616" >
  <allocated-bytes non-tlh="0" tlh="33248616" />
  <largest-consumer threadName="main" threadId="00000000023ECF00" bytes="33248616" />
</allocation-stats>
<gc-op id="5300" type="mark" timems="9.872" contextid="5297" timestamp="2019-08-09T18:54:07.219">
  <trace-info objectcount="596418" scancount="517414" scanbytes="13279128" />
  <finalization candidates="80" enqueued="0" />
  <ownableSynchronizers candidates="21" cleared="0" />
  <references type="soft" candidates="1843" cleared="0" enqueued="0" dynamicThreshold="20" maxThreshold="32" />
  <references type="weak" candidates="5717" cleared="0" enqueued="0" />
  <references type="phantom" candidates="97" cleared="0" enqueued="0" />
  <stringconstants candidates="13275" cleared="0"  />
</gc-op>
<gc-op id="5301" type="sweep" timems="1.546" contextid="5297" timestamp="2019-08-09T18:54:07.221" />
<mem-info id="5302" free="33754976" total="51642368" percent="65">
  <mem type="tenure" free="33754976" total="51642368" percent="65" micro-fragmented="0" macro-fragmented="0">
    <mem type="soa" free="33238880" total="51126272" percent="65" />
    <mem type="loa" free="516096" total="516096" percent="100" />
  </mem>
</mem-info>
<gc-op id="5303" type="compact" timems="378.002" contextid="5297" timestamp="2019-08-09T18:54:07.599">
  <compact-info movecount="552395" movebytes="15331312" reason="compact to aid heap contraction" />
</gc-op>
<heap-resize id="5304" type="expand" space="tenure" amount="131072" count="1" timems="0.056" reason="satisfy allocation request" timestamp="2019-08-09T18:54:07.600" />
<gc-end id="5305" type="global" contextid="5297" durationms="390.598" usertimems="280.221" systemtimems="50.857" timestamp="2019-08-09T18:54:07.600" activeThreads="16">
  <mem-info id="5306" free="33832720" total="51773440" percent="65">
    <mem type="tenure" free="33832720" total="51773440" percent="65">
      <mem type="soa" free="33315600" total="51256320" percent="64" />
      <mem type="loa" free="517120" total="517120" percent="100" />
    </mem>
  </mem-info>
</gc-end>
<cycle-end id="5307" type="global" contextid="5297" timestamp="2019-08-09T18:54:07.600" />
  <attribute name="elasticGC enabled" value="1" />
  <attribute name= "numThreadsSpecified" value="16" />
  <attribute name="heapSize specified" value="51642368" />
  <attribute name="Current GC Util" value="71" />
  <attribute name= "Current Time Running" value="187543" />
  <attribute name ="GC Interval" value="0" />
  <attribute name="Target GC Util Change" value ="80.000000" />
  <attribute name="Current GC Util Change" value="71.000000"/>
  <attribute name="Current Error" value="-208.000000" />
  <attribute name="Output H" value="51717808"/>
  <attribute name="Output I" value="1768"/>
  <attribute name="Output T" value="16"/>
  <attribute name= "Current Time Running" value="187543" />
  <attribute name="GC Util currently" value="71" />
  <attribute name="CPU Util currently" value="3049706561" />
<allocation-satisfied id="5308" threadId="00000000023ECF00" bytesRequested="24" />
<af-end id="5309" timestamp="2019-08-09T18:54:07.600" threadId="00000000023ED888" success="true" />
<exclusive-end id="5310" timestamp="2019-08-09T18:54:07.600" durationms="391.357" />

<exclusive-start id="5311" timestamp="2019-08-09T18:54:07.631" intervalms="422.038">
  <response-info timems="0.024" idlems="0.024" threads="0" lastid="00000000023ECF00" lastname="main" />
</exclusive-start>
<af-start id="5312" threadId="00000000023ED888" totalBytesRequested="24" timestamp="2019-08-09T18:54:07.631" intervalms="421.739" />
<cycle-start id="5313" type="global" contextid="0" timestamp="2019-08-09T18:54:07.631" intervalms="421.739" />
<gc-start id="5314" type="global" contextid="5313" timestamp="2019-08-09T18:54:07.631">
  <mem-info id="5315" free="517120" total="51773440" percent="0">
    <mem type="tenure" free="517120" total="51773440" percent="0">
      <mem type="soa" free="0" total="51256320" percent="0" />
      <mem type="loa" free="517120" total="517120" percent="100" />
    </mem>
  </mem-info>
</gc-start>
<allocation-stats totalBytes="33376984" >
  <allocated-bytes non-tlh="0" tlh="33376984" />
  <largest-consumer threadName="main" threadId="00000000023ECF00" bytes="33376984" />
</allocation-stats>
<gc-op id="5316" type="mark" timems="9.399" contextid="5313" timestamp="2019-08-09T18:54:07.641">
  <trace-info objectcount="596412" scancount="517403" scanbytes="13278904" />
  <finalization candidates="80" enqueued="0" />
  <ownableSynchronizers candidates="21" cleared="0" />
  <references type="soft" candidates="1843" cleared="0" enqueued="0" dynamicThreshold="20" maxThreshold="32" />
  <references type="weak" candidates="5717" cleared="0" enqueued="0" />
  <references type="phantom" candidates="97" cleared="0" enqueued="0" />
  <stringconstants candidates="13275" cleared="0"  />
</gc-op>
<gc-op id="5317" type="sweep" timems="2.316" contextid="5313" timestamp="2019-08-09T18:54:07.643" />
<mem-info id="5318" free="33892504" total="51773440" percent="65">
  <mem type="tenure" free="33892504" total="51773440" percent="65" micro-fragmented="0" macro-fragmented="0">
    <mem type="soa" free="33375384" total="51256320" percent="65" />
    <mem type="loa" free="517120" total="517120" percent="100" />
  </mem>
</mem-info>
<gc-op id="5319" type="compact" timems="72.687" contextid="5313" timestamp="2019-08-09T18:54:07.716">
  <compact-info movecount="120" movebytes="3672" reason="compact to aid heap contraction" />
</gc-op>
<heap-resize id="5320" type="expand" space="tenure" amount="131072" count="1" timems="0.029" reason="satisfy allocation request" timestamp="2019-08-09T18:54:07.793" />
<gc-end id="5321" type="global" contextid="5313" durationms="169.267" usertimems="92.988" systemtimems="44.954" timestamp="2019-08-09T18:54:07.801" activeThreads="16">
  <mem-info id="5322" free="33964016" total="51904512" percent="65">
    <mem type="tenure" free="33964016" total="51904512" percent="65">
      <mem type="soa" free="33445872" total="51386368" percent="65" />
      <mem type="loa" free="518144" total="518144" percent="100" />
    </mem>
  </mem-info>
</gc-end>
<cycle-end id="5323" type="global" contextid="5313" timestamp="2019-08-09T18:54:07.801" />
  <attribute name="elasticGC enabled" value="1" />
  <attribute name= "numThreadsSpecified" value="16" />
  <attribute name="heapSize specified" value="51773440" />
  <attribute name="Current GC Util" value="12" />
  <attribute name= "Current Time Running" value="187664" />
  <attribute name ="GC Interval" value="0" />
  <attribute name="Target GC Util Change" value ="80.000000" />
  <attribute name="Current GC Util Change" value="12.000000"/>
  <attribute name="Current Error" value="-248.000000" />
  <attribute name="Output H" value="51848840"/>
  <attribute name="Output I" value="1728"/>
  <attribute name="Output T" value="16"/>
  <attribute name= "Current Time Running" value="187664" />
  <attribute name="GC Util currently" value="12" />
  <attribute name="CPU Util currently" value="14878442151" />
<allocation-satisfied id="5324" threadId="00000000023ECF00" bytesRequested="24" />
<af-end id="5325" timestamp="2019-08-09T18:54:07.801" threadId="00000000023ED888" success="true" />
<exclusive-end id="5326" timestamp="2019-08-09T18:54:07.801" durationms="169.888" />

<exclusive-start id="5327" timestamp="2019-08-09T18:54:07.827" intervalms="196.012">
  <response-info timems="0.023" idlems="0.023" threads="0" lastid="00000000023ECF00" lastname="main" />
</exclusive-start>
<af-start id="5328" threadId="00000000023ED888" totalBytesRequested="32" timestamp="2019-08-09T18:54:07.827" intervalms="195.832" />
<cycle-start id="5329" type="global" contextid="0" timestamp="2019-08-09T18:54:07.827" intervalms="195.816" />
<gc-start id="5330" type="global" contextid="5329" timestamp="2019-08-09T18:54:07.827">
  <mem-info id="5331" free="518144" total="51904512" percent="0">
    <mem type="tenure" free="518144" total="51904512" percent="0">
      <mem type="soa" free="0" total="51386368" percent="0" />
      <mem type="loa" free="518144" total="518144" percent="100" />
    </mem>
  </mem-info>
</gc-start>
<allocation-stats totalBytes="33497776" >
  <allocated-bytes non-tlh="0" tlh="33497776" />
  <largest-consumer threadName="main" threadId="00000000023ECF00" bytes="33497776" />
</allocation-stats>
<gc-op id="5332" type="mark" timems="9.680" contextid="5329" timestamp="2019-08-09T18:54:07.837">
  <trace-info objectcount="596245" scancount="517237" scanbytes="13273248" />
  <finalization candidates="80" enqueued="0" />
  <ownableSynchronizers candidates="21" cleared="0" />
  <references type="soft" candidates="1843" cleared="0" enqueued="0" dynamicThreshold="20" maxThreshold="32" />
  <references type="weak" candidates="5717" cleared="7" enqueued="3" />
  <references type="phantom" candidates="97" cleared="0" enqueued="0" />
  <stringconstants candidates="13275" cleared="0"  />
</gc-op>
<gc-op id="5333" type="sweep" timems="3.339" contextid="5329" timestamp="2019-08-09T18:54:07.840" />
<mem-info id="5334" free="34032824" total="51904512" percent="65">
  <mem type="tenure" free="34032824" total="51904512" percent="65" micro-fragmented="0" macro-fragmented="0">
    <mem type="soa" free="33514680" total="51386368" percent="65" />
    <mem type="loa" free="518144" total="518144" percent="100" />
  </mem>
  <pending-finalizers system="0" default="0" reference="3" classloader="0" />
</mem-info>
<gc-op id="5335" type="compact" timems="22.099" contextid="5329" timestamp="2019-08-09T18:54:07.862">
  <compact-info movecount="1593" movebytes="52328" reason="compact to aid heap contraction" />
</gc-op>
<heap-resize id="5336" type="expand" space="tenure" amount="131072" count="1" timems="0.018" reason="satisfy allocation request" timestamp="2019-08-09T18:54:07.863" />
<gc-end id="5337" type="global" contextid="5329" durationms="35.855" usertimems="80.040" systemtimems="2.062" timestamp="2019-08-09T18:54:07.863" activeThreads="16">
  <mem-info id="5338" free="34100496" total="52035584" percent="65">
    <mem type="tenure" free="34100496" total="52035584" percent="65">
      <mem type="soa" free="33580304" total="51515392" percent="65" />
      <mem type="loa" free="520192" total="520192" percent="100" />
    </mem>
    <pending-finalizers system="0" default="0" reference="3" classloader="0" />
  </mem-info>
</gc-end>
<cycle-end id="5339" type="global" contextid="5329" timestamp="2019-08-09T18:54:07.863" />
  <attribute name="elasticGC enabled" value="1" />
  <attribute name= "numThreadsSpecified" value="16" />
  <attribute name="heapSize specified" value="51904512" />
  <attribute name="Current GC Util" value="34" />
  <attribute name= "Current Time Running" value="187806" />
  <attribute name ="GC Interval" value="0" />
  <attribute name="Target GC Util Change" value ="80.000000" />
  <attribute name="Current GC Util Change" value="34.000000"/>
  <attribute name="Current Error" value="46.000000" />
  <attribute name="Output H" value="51980248"/>
  <attribute name="Output I" value="2064"/>
  <attribute name="Output T" value="16"/>
  <attribute name= "Current Time Running" value="187806" />
  <attribute name="GC Util currently" value="34" />
  <attribute name="CPU Util currently" value="52080389196" />
<allocation-satisfied id="5340" threadId="00000000023ECF00" bytesRequested="32" />
<af-end id="5341" timestamp="2019-08-09T18:54:07.863" threadId="00000000023ED888" success="true" />
<exclusive-end id="5342" timestamp="2019-08-09T18:54:07.863" durationms="36.101" />

<exclusive-start id="5343" timestamp="2019-08-09T18:54:07.870" intervalms="43.545">
  <response-info timems="0.020" idlems="0.020" threads="0" lastid="00000000023ECF00" lastname="main" />
</exclusive-start>
<af-start id="5344" threadId="00000000023ED888" totalBytesRequested="216" timestamp="2019-08-09T18:54:07.870" intervalms="43.505" />
<cycle-start id="5345" type="global" contextid="0" timestamp="2019-08-09T18:54:07.870" intervalms="43.504" />
<gc-start id="5346" type="global" contextid="5345" timestamp="2019-08-09T18:54:07.870">
  <mem-info id="5347" free="520192" total="52035584" percent="0">
    <mem type="tenure" free="520192" total="52035584" percent="0">
      <mem type="soa" free="0" total="51515392" percent="0" />
      <mem type="loa" free="520192" total="520192" percent="100" />
    </mem>
  </mem-info>
</gc-start>
<allocation-stats totalBytes="33628176" >
  <allocated-bytes non-tlh="0" tlh="33628176" />
  <largest-consumer threadName="main" threadId="00000000023ECF00" bytes="33628176" />
</allocation-stats>
<gc-op id="5348" type="mark" timems="183.389" contextid="5345" timestamp="2019-08-09T18:54:08.054">
  <trace-info objectcount="596246" scancount="517232" scanbytes="13273280" />
  <finalization candidates="80" enqueued="0" />
  <ownableSynchronizers candidates="21" cleared="0" />
  <references type="soft" candidates="1843" cleared="0" enqueued="0" dynamicThreshold="20" maxThreshold="32" />
  <references type="weak" candidates="5710" cleared="0" enqueued="0" />
  <references type="phantom" candidates="97" cleared="0" enqueued="0" />
  <stringconstants candidates="13275" cleared="0"  />
</gc-op>
<gc-op id="5349" type="sweep" timems="5.795" contextid="5345" timestamp="2019-08-09T18:54:08.060" />
<mem-info id="5350" free="34165888" total="52035584" percent="65">
  <mem type="tenure" free="34165888" total="52035584" percent="65" micro-fragmented="0" macro-fragmented="0">
    <mem type="soa" free="33645696" total="51515392" percent="65" />
    <mem type="loa" free="520192" total="520192" percent="100" />
  </mem>
</mem-info>
<gc-op id="5351" type="compact" timems="32.430" contextid="5345" timestamp="2019-08-09T18:54:08.092">
  <compact-info movecount="6" movebytes="328" reason="compact to aid heap contraction" />
</gc-op>
<heap-resize id="5352" type="expand" space="tenure" amount="131072" count="1" timems="0.025" reason="satisfy allocation request" timestamp="2019-08-09T18:54:08.093" />
<gc-end id="5353" type="global" contextid="5345" durationms="222.391" usertimems="95.425" systemtimems="83.621" timestamp="2019-08-09T18:54:08.093" activeThreads="16">
  <mem-info id="5354" free="34231600" total="52166656" percent="65">
    <mem type="tenure" free="34231600" total="52166656" percent="65">
      <mem type="soa" free="33710384" total="51645440" percent="65" />
      <mem type="loa" free="521216" total="521216" percent="100" />
    </mem>
  </mem-info>
</gc-end>
<cycle-end id="5355" type="global" contextid="5345" timestamp="2019-08-09T18:54:08.093" />
  <attribute name="elasticGC enabled" value="1" />
  <attribute name= "numThreadsSpecified" value="16" />
  <attribute name="heapSize specified" value="52035584" />
  <attribute name="Current GC Util" value="42" />
  <attribute name= "Current Time Running" value="188036" />
  <attribute name ="GC Interval" value="0" />
  <attribute name="Target GC Util Change" value ="80.000000" />
  <attribute name="Current GC Util Change" value="42.000000"/>
  <attribute name="Current Error" value="-131.000000" />
  <attribute name="Output H" value="52111120"/>
  <attribute name="Output I" value="1864"/>
  <attribute name="Output T" value="16"/>
  <attribute name= "Current Time Running" value="188036" />
  <attribute name="GC Util currently" value="42" />
  <attribute name="CPU Util currently" value="35521982404" />
<allocation-satisfied id="5356" threadId="00000000023ECF00" bytesRequested="216" />
<af-end id="5357" timestamp="2019-08-09T18:54:08.093" threadId="00000000023ED888" success="true" />
<exclusive-end id="5358" timestamp="2019-08-09T18:54:08.093" durationms="222.582" />

<exclusive-start id="5359" timestamp="2019-08-09T18:54:08.099" intervalms="228.719">
  <response-info timems="0.017" idlems="0.017" threads="0" lastid="00000000023ECF00" lastname="main" />
</exclusive-start>
<af-start id="5360" threadId="00000000023ED888" totalBytesRequested="288" timestamp="2019-08-09T18:54:08.099" intervalms="228.728" />
<cycle-start id="5361" type="global" contextid="0" timestamp="2019-08-09T18:54:08.099" intervalms="228.725" />
<gc-start id="5362" type="global" contextid="5361" timestamp="2019-08-09T18:54:08.099">
  <mem-info id="5363" free="521216" total="52166656" percent="0">
    <mem type="tenure" free="521216" total="52166656" percent="0">
      <mem type="soa" free="0" total="51645440" percent="0" />
      <mem type="loa" free="521216" total="521216" percent="100" />
    </mem>
  </mem-info>
</gc-start>
<allocation-stats totalBytes="33758968" >
  <allocated-bytes non-tlh="0" tlh="33758968" />
  <largest-consumer threadName="main" threadId="00000000023ECF00" bytes="33758968" />
</allocation-stats>
<gc-op id="5364" type="mark" timems="120.930" contextid="5361" timestamp="2019-08-09T18:54:08.220">
  <trace-info objectcount="596246" scancount="517241" scanbytes="13273280" />
  <finalization candidates="80" enqueued="0" />
  <ownableSynchronizers candidates="21" cleared="0" />
  <references type="soft" candidates="1843" cleared="0" enqueued="0" dynamicThreshold="20" maxThreshold="32" />
  <references type="weak" candidates="5710" cleared="0" enqueued="0" />
  <references type="phantom" candidates="97" cleared="0" enqueued="0" />
  <stringconstants candidates="13275" cleared="0"  />
</gc-op>
<gc-op id="5365" type="sweep" timems="7.660" contextid="5361" timestamp="2019-08-09T18:54:08.228" />
<mem-info id="5366" free="34296904" total="52166656" percent="65">
  <mem type="tenure" free="34296904" total="52166656" percent="65" micro-fragmented="0" macro-fragmented="0">
    <mem type="soa" free="33775688" total="51645440" percent="65" />
    <mem type="loa" free="521216" total="521216" percent="100" />
  </mem>
</mem-info>
<gc-op id="5367" type="compact" timems="25.711" contextid="5361" timestamp="2019-08-09T18:54:08.254">
  <compact-info movecount="6" movebytes="400" reason="compact to aid heap contraction" />
</gc-op>
<heap-resize id="5368" type="expand" space="tenure" amount="131072" count="1" timems="0.019" reason="satisfy allocation request" timestamp="2019-08-09T18:54:08.256" />
<gc-end id="5369" type="global" contextid="5361" durationms="156.613" usertimems="79.419" systemtimems="45.417" timestamp="2019-08-09T18:54:08.256" activeThreads="16">
  <mem-info id="5370" free="34362600" total="52297728" percent="65">
    <mem type="tenure" free="34362600" total="52297728" percent="65">
      <mem type="soa" free="33840360" total="51775488" percent="65" />
      <mem type="loa" free="522240" total="522240" percent="100" />
    </mem>
  </mem-info>
</gc-end>
<cycle-end id="5371" type="global" contextid="5361" timestamp="2019-08-09T18:54:08.256" />
  <attribute name="elasticGC enabled" value="1" />
  <attribute name= "numThreadsSpecified" value="16" />
  <attribute name="heapSize specified" value="52166656" />
  <attribute name="Current GC Util" value="46" />
  <attribute name= "Current Time Running" value="188198" />
  <attribute name ="GC Interval" value="0" />
  <attribute name="Target GC Util Change" value ="80.000000" />
  <attribute name="Current GC Util Change" value="46.000000"/>
  <attribute name="Current Error" value="106.000000" />
  <attribute name="Output H" value="52242464"/>
  <attribute name="Output I" value="2136"/>
  <attribute name="Output T" value="16"/>
  <attribute name= "Current Time Running" value="188198" />
  <attribute name="GC Util currently" value="46" />
  <attribute name="CPU Util currently" value="44739811745" />
<allocation-satisfied id="5372" threadId="00000000023ECF00" bytesRequested="288" />
<af-end id="5373" timestamp="2019-08-09T18:54:08.256" threadId="00000000023ED888" success="true" />
<exclusive-end id="5374" timestamp="2019-08-09T18:54:08.256" durationms="156.846" />

<exclusive-start id="5375" timestamp="2019-08-09T18:54:08.262" intervalms="163.015">
  <response-info timems="0.016" idlems="0.016" threads="0" lastid="00000000023ECF00" lastname="main" />
</exclusive-start>
<af-start id="5376" threadId="00000000023ED888" totalBytesRequested="256" timestamp="2019-08-09T18:54:08.262" intervalms="163.007" />
<cycle-start id="5377" type="global" contextid="0" timestamp="2019-08-09T18:54:08.262" intervalms="163.005" />
<gc-start id="5378" type="global" contextid="5377" timestamp="2019-08-09T18:54:08.262">
  <mem-info id="5379" free="522240" total="52297728" percent="0">
    <mem type="tenure" free="522240" total="52297728" percent="0">
      <mem type="soa" free="0" total="51775488" percent="0" />
      <mem type="loa" free="522240" total="522240" percent="100" />
    </mem>
  </mem-info>
</gc-start>
<allocation-stats totalBytes="33888568" >
  <allocated-bytes non-tlh="0" tlh="33888568" />
  <largest-consumer threadName="main" threadId="00000000023ECF00" bytes="33888568" />
</allocation-stats>
<gc-op id="5380" type="mark" timems="15.940" contextid="5377" timestamp="2019-08-09T18:54:08.278">
  <trace-info objectcount="596246" scancount="517237" scanbytes="13273280" />
  <finalization candidates="80" enqueued="0" />
  <ownableSynchronizers candidates="21" cleared="0" />
  <references type="soft" candidates="1843" cleared="0" enqueued="0" dynamicThreshold="21" maxThreshold="32" />
  <references type="weak" candidates="5710" cleared="0" enqueued="0" />
  <references type="phantom" candidates="97" cleared="0" enqueued="0" />
  <stringconstants candidates="13275" cleared="0"  />
</gc-op>
<gc-op id="5381" type="sweep" timems="70.966" contextid="5377" timestamp="2019-08-09T18:54:08.349" />
<mem-info id="5382" free="34428152" total="52297728" percent="65">
  <mem type="tenure" free="34428152" total="52297728" percent="65" micro-fragmented="0" macro-fragmented="0">
    <mem type="soa" free="33905912" total="51775488" percent="65" />
    <mem type="loa" free="522240" total="522240" percent="100" />
  </mem>
</mem-info>
<gc-op id="5383" type="compact" timems="35.055" contextid="5377" timestamp="2019-08-09T18:54:08.384">
  <compact-info movecount="6" movebytes="368" reason="compact to aid heap contraction" />
</gc-op>
<heap-resize id="5384" type="expand" space="tenure" amount="131072" count="1" timems="0.023" reason="satisfy allocation request" timestamp="2019-08-09T18:54:08.385" />
<gc-end id="5385" type="global" contextid="5377" durationms="123.173" usertimems="89.467" systemtimems="25.574" timestamp="2019-08-09T18:54:08.385" activeThreads="16">
  <mem-info id="5386" free="34493704" total="52428800" percent="65">
    <mem type="tenure" free="34493704" total="52428800" percent="65">
      <mem type="soa" free="33969416" total="51904512" percent="65" />
      <mem type="loa" free="524288" total="524288" percent="100" />
    </mem>
  </mem-info>
</gc-end>
<cycle-end id="5387" type="global" contextid="5377" timestamp="2019-08-09T18:54:08.385" />
  <attribute name="elasticGC enabled" value="1" />
  <attribute name= "numThreadsSpecified" value="16" />
  <attribute name="heapSize specified" value="52297728" />
  <attribute name="Current GC Util" value="20" />
  <attribute name= "Current Time Running" value="188328" />
  <attribute name ="GC Interval" value="0" />
  <attribute name="Target GC Util Change" value ="80.000000" />
  <attribute name="Current GC Util Change" value="20.000000"/>
  <attribute name="Current Error" value="60.000000" />
  <attribute name="Output H" value="52373480"/>
  <attribute name="Output I" value="2080"/>
  <attribute name="Output T" value="16"/>
  <attribute name= "Current Time Running" value="188328" />
  <attribute name="GC Util currently" value="20" />
  <attribute name="CPU Util currently" value="32849227106" />
<allocation-satisfied id="5388" threadId="00000000023ECF00" bytesRequested="256" />
<af-end id="5389" timestamp="2019-08-09T18:54:08.385" threadId="00000000023ED888" success="true" />
<exclusive-end id="5390" timestamp="2019-08-09T18:54:08.385" durationms="123.379" />

<exclusive-start id="5391" timestamp="2019-08-09T18:54:08.394" intervalms="132.323">
  <response-info timems="0.022" idlems="0.022" threads="0" lastid="00000000023ECF00" lastname="main" />
</exclusive-start>
<af-start id="5392" threadId="00000000023ED888" totalBytesRequested="32" timestamp="2019-08-09T18:54:08.394" intervalms="132.332" />
<cycle-start id="5393" type="global" contextid="0" timestamp="2019-08-09T18:54:08.395" intervalms="132.341" />
<gc-start id="5394" type="global" contextid="5393" timestamp="2019-08-09T18:54:08.395">
  <mem-info id="5395" free="524288" total="52428800" percent="1">
    <mem type="tenure" free="524288" total="52428800" percent="1">
      <mem type="soa" free="0" total="51904512" percent="0" />
      <mem type="loa" free="524288" total="524288" percent="100" />
    </mem>
  </mem-info>
</gc-start>
<allocation-stats totalBytes="34017896" >
  <allocated-bytes non-tlh="0" tlh="34017896" />
  <largest-consumer threadName="main" threadId="00000000023ECF00" bytes="34017896" />
</allocation-stats>
<gc-op id="5396" type="mark" timems="13.773" contextid="5393" timestamp="2019-08-09T18:54:08.408">
  <trace-info objectcount="596245" scancount="517234" scanbytes="13273248" />
  <finalization candidates="80" enqueued="0" />
  <ownableSynchronizers candidates="21" cleared="0" />
  <references type="soft" candidates="1843" cleared="0" enqueued="0" dynamicThreshold="21" maxThreshold="32" />
  <references type="weak" candidates="5710" cleared="0" enqueued="0" />
  <references type="phantom" candidates="97" cleared="0" enqueued="0" />
  <stringconstants candidates="13275" cleared="0"  />
</gc-op>
<gc-op id="5397" type="sweep" timems="2.723" contextid="5393" timestamp="2019-08-09T18:54:08.411" />
<mem-info id="5398" free="34559080" total="52428800" percent="65">
  <mem type="tenure" free="34559080" total="52428800" percent="65" micro-fragmented="0" macro-fragmented="0">
    <mem type="soa" free="34034792" total="51904512" percent="65" />
    <mem type="loa" free="524288" total="524288" percent="100" />
  </mem>
</mem-info>
<gc-op id="5399" type="compact" timems="52.841" contextid="5393" timestamp="2019-08-09T18:54:08.464">
  <compact-info movecount="5" movebytes="136" reason="compact to aid heap contraction" />
</gc-op>
<heap-resize id="5400" type="expand" space="tenure" amount="131072" count="1" timems="0.084" reason="satisfy allocation request" timestamp="2019-08-09T18:54:08.465" />
<gc-end id="5401" type="global" contextid="5393" durationms="70.302" usertimems="85.596" systemtimems="9.323" timestamp="2019-08-09T18:54:08.465" activeThreads="16">
  <mem-info id="5402" free="34625008" total="52559872" percent="65">
    <mem type="tenure" free="34625008" total="52559872" percent="65">
      <mem type="soa" free="34099696" total="52034560" percent="65" />
      <mem type="loa" free="525312" total="525312" percent="100" />
    </mem>
  </mem-info>
</gc-end>
<cycle-end id="5403" type="global" contextid="5393" timestamp="2019-08-09T18:54:08.465" />
  <attribute name="elasticGC enabled" value="1" />
  <attribute name= "numThreadsSpecified" value="16" />
  <attribute name="heapSize specified" value="52428800" />
  <attribute name="Current GC Util" value="16" />
  <attribute name= "Current Time Running" value="188408" />
  <attribute name ="GC Interval" value="0" />
  <attribute name="Target GC Util Change" value ="80.000000" />
  <attribute name="Current GC Util Change" value="16.000000"/>
  <attribute name="Current Error" value="-440.000000" />
  <attribute name="Output H" value="52503976"/>
  <attribute name="Output I" value="1504"/>
  <attribute name="Output T" value="16"/>
  <attribute name= "Current Time Running" value="188408" />
  <attribute name="GC Util currently" value="16" />
  <attribute name="CPU Util currently" value="21802299647" />
<allocation-satisfied id="5404" threadId="00000000023ECF00" bytesRequested="32" />
<af-end id="5405" timestamp="2019-08-09T18:54:08.465" threadId="00000000023ED888" success="true" />
<exclusive-end id="5406" timestamp="2019-08-09T18:54:08.465" durationms="70.536" />

<exclusive-start id="5407" timestamp="2019-08-09T18:54:08.472" intervalms="77.480">
  <response-info timems="0.020" idlems="0.020" threads="0" lastid="00000000023ECF00" lastname="main" />
</exclusive-start>
<af-start id="5408" threadId="00000000023ED888" totalBytesRequested="312" timestamp="2019-08-09T18:54:08.472" intervalms="77.472" />
<cycle-start id="5409" type="global" contextid="0" timestamp="2019-08-09T18:54:08.472" intervalms="77.469" />
<gc-start id="5410" type="global" contextid="5409" timestamp="2019-08-09T18:54:08.472">
  <mem-info id="5411" free="525312" total="52559872" percent="0">
    <mem type="tenure" free="525312" total="52559872" percent="0">
      <mem type="soa" free="0" total="52034560" percent="0" />
      <mem type="loa" free="525312" total="525312" percent="100" />
    </mem>
  </mem-info>
</gc-start>
<allocation-stats totalBytes="34148072" >
  <allocated-bytes non-tlh="0" tlh="34148072" />
  <largest-consumer threadName="main" threadId="00000000023ECF00" bytes="34148072" />
</allocation-stats>
<gc-op id="5412" type="mark" timems="8.588" contextid="5409" timestamp="2019-08-09T18:54:08.481">
  <trace-info objectcount="596246" scancount="517233" scanbytes="13273280" />
  <finalization candidates="80" enqueued="0" />
  <ownableSynchronizers candidates="21" cleared="0" />
  <references type="soft" candidates="1843" cleared="0" enqueued="0" dynamicThreshold="21" maxThreshold="32" />
  <references type="weak" candidates="5710" cleared="0" enqueued="0" />
  <references type="phantom" candidates="97" cleared="0" enqueued="0" />
  <stringconstants candidates="13275" cleared="0"  />
</gc-op>
<gc-op id="5413" type="sweep" timems="1.602" contextid="5409" timestamp="2019-08-09T18:54:08.482" />
<mem-info id="5414" free="34690176" total="52559872" percent="66">
  <mem type="tenure" free="34690176" total="52559872" percent="66" micro-fragmented="0" macro-fragmented="0">
    <mem type="soa" free="34164864" total="52034560" percent="65" />
    <mem type="loa" free="525312" total="525312" percent="100" />
  </mem>
</mem-info>
<gc-op id="5415" type="compact" timems="52.575" contextid="5409" timestamp="2019-08-09T18:54:08.535">
  <compact-info movecount="6" movebytes="424" reason="compact to aid heap contraction" />
</gc-op>
<heap-resize id="5416" type="expand" space="tenure" amount="131072" count="1" timems="0.022" reason="satisfy allocation request" timestamp="2019-08-09T18:54:08.537" />
<gc-end id="5417" type="global" contextid="5409" durationms="64.651" usertimems="73.329" systemtimems="7.566" timestamp="2019-08-09T18:54:08.537" activeThreads="16">
  <mem-info id="5418" free="34755792" total="52690944" percent="65">
    <mem type="tenure" free="34755792" total="52690944" percent="65">
      <mem type="soa" free="34229456" total="52164608" percent="65" />
      <mem type="loa" free="526336" total="526336" percent="100" />
    </mem>
  </mem-info>
</gc-end>
<cycle-end id="5419" type="global" contextid="5409" timestamp="2019-08-09T18:54:08.537" />
  <attribute name="elasticGC enabled" value="1" />
  <attribute name= "numThreadsSpecified" value="16" />
  <attribute name="heapSize specified" value="52559872" />
  <attribute name="Current GC Util" value="15" />
  <attribute name= "Current Time Running" value="188479" />
  <attribute name ="GC Interval" value="0" />
  <attribute name="Target GC Util Change" value ="80.000000" />
  <attribute name="Current GC Util Change" value="15.000000"/>
  <attribute name="Current Error" value="-326.000000" />
  <attribute name="Output H" value="52635176"/>
  <attribute name="Output I" value="1632"/>
  <attribute name="Output T" value="16"/>
  <attribute name= "Current Time Running" value="188479" />
  <attribute name="GC Util currently" value="15" />
  <attribute name="CPU Util currently" value="21898964775" />
<allocation-satisfied id="5420" threadId="00000000023ECF00" bytesRequested="312" />
<af-end id="5421" timestamp="2019-08-09T18:54:08.537" threadId="00000000023ED888" success="true" />
<exclusive-end id="5422" timestamp="2019-08-09T18:54:08.537" durationms="64.978" />

<exclusive-start id="5423" timestamp="2019-08-09T18:54:08.545" intervalms="72.995">
  <response-info timems="0.023" idlems="0.023" threads="0" lastid="00000000023ECF00" lastname="main" />
</exclusive-start>
<af-start id="5424" threadId="00000000023ED888" totalBytesRequested="16" timestamp="2019-08-09T18:54:08.545" intervalms="73.010" />
<cycle-start id="5425" type="global" contextid="0" timestamp="2019-08-09T18:54:08.545" intervalms="73.017" />
<gc-start id="5426" type="global" contextid="5425" timestamp="2019-08-09T18:54:08.545">
  <mem-info id="5427" free="526336" total="52690944" percent="0">
    <mem type="tenure" free="526336" total="52690944" percent="0">
      <mem type="soa" free="0" total="52164608" percent="0" />
      <mem type="loa" free="526336" total="526336" percent="100" />
    </mem>
  </mem-info>
</gc-start>
<allocation-stats totalBytes="34276704" >
  <allocated-bytes non-tlh="0" tlh="34276704" />
  <largest-consumer threadName="main" threadId="00000000023ECF00" bytes="34276704" />
</allocation-stats>
<gc-op id="5428" type="mark" timems="13.396" contextid="5425" timestamp="2019-08-09T18:54:08.558">
  <trace-info objectcount="596248" scancount="517240" scanbytes="13273296" />
  <finalization candidates="80" enqueued="0" />
  <ownableSynchronizers candidates="21" cleared="0" />
  <references type="soft" candidates="1843" cleared="0" enqueued="0" dynamicThreshold="21" maxThreshold="32" />
  <references type="weak" candidates="5710" cleared="0" enqueued="0" />
  <references type="phantom" candidates="97" cleared="0" enqueued="0" />
  <stringconstants candidates="13275" cleared="0"  />
</gc-op>
<gc-op id="5429" type="sweep" timems="2.097" contextid="5425" timestamp="2019-08-09T18:54:08.561" />
<mem-info id="5430" free="34821296" total="52690944" percent="66">
  <mem type="tenure" free="34821296" total="52690944" percent="66" micro-fragmented="0" macro-fragmented="0">
    <mem type="soa" free="34294960" total="52164608" percent="65" />
    <mem type="loa" free="526336" total="526336" percent="100" />
  </mem>
</mem-info>
<gc-op id="5431" type="compact" timems="21.525" contextid="5425" timestamp="2019-08-09T18:54:08.582">
  <compact-info movecount="8" movebytes="448" reason="compact to aid heap contraction" />
</gc-op>
<heap-resize id="5432" type="expand" space="tenure" amount="131072" count="1" timems="0.019" reason="satisfy allocation request" timestamp="2019-08-09T18:54:08.583" />
<gc-end id="5433" type="global" contextid="5425" durationms="37.976" usertimems="76.176" systemtimems="7.591" timestamp="2019-08-09T18:54:08.583" activeThreads="16">
  <mem-info id="5434" free="34886840" total="52822016" percent="66">
    <mem type="tenure" free="34886840" total="52822016" percent="66">
      <mem type="soa" free="34359480" total="52294656" percent="65" />
      <mem type="loa" free="527360" total="527360" percent="100" />
    </mem>
  </mem-info>
</gc-end>
<cycle-end id="5435" type="global" contextid="5425" timestamp="2019-08-09T18:54:08.583" />
  <attribute name="elasticGC enabled" value="1" />
  <attribute name= "numThreadsSpecified" value="16" />
  <attribute name="heapSize specified" value="52690944" />
  <attribute name="Current GC Util" value="36" />
  <attribute name= "Current Time Running" value="188526" />
  <attribute name ="GC Interval" value="0" />
  <attribute name="Target GC Util Change" value ="80.000000" />
  <attribute name="Current GC Util Change" value="36.000000"/>
  <attribute name="Current Error" value="44.000000" />
  <attribute name="Output H" value="52766680"/>
  <attribute name="Output I" value="2064"/>
  <attribute name="Output T" value="16"/>
  <attribute name= "Current Time Running" value="188526" />
  <attribute name="GC Util currently" value="36" />
  <attribute name="CPU Util currently" value="53486268363" />
<allocation-satisfied id="5436" threadId="00000000023ECF00" bytesRequested="16" />
<af-end id="5437" timestamp="2019-08-09T18:54:08.583" threadId="00000000023ED888" success="true" />
<exclusive-end id="5438" timestamp="2019-08-09T18:54:08.583" durationms="38.206" />

<exclusive-start id="5439" timestamp="2019-08-09T18:54:08.590" intervalms="45.019">
  <response-info timems="0.018" idlems="0.018" threads="0" lastid="00000000023ECF00" lastname="main" />
</exclusive-start>
<af-start id="5440" threadId="00000000023ED888" totalBytesRequested="288" timestamp="2019-08-09T18:54:08.590" intervalms="45.013" />
<cycle-start id="5441" type="global" contextid="0" timestamp="2019-08-09T18:54:08.590" intervalms="45.008" />
<gc-start id="5442" type="global" contextid="5441" timestamp="2019-08-09T18:54:08.590">
  <mem-info id="5443" free="527360" total="52822016" percent="0">
    <mem type="tenure" free="527360" total="52822016" percent="0">
      <mem type="soa" free="0" total="52294656" percent="0" />
      <mem type="loa" free="527360" total="527360" percent="100" />
    </mem>
  </mem-info>
</gc-start>
<allocation-stats totalBytes="34399320" >
  <allocated-bytes non-tlh="0" tlh="34399320" />
  <largest-consumer threadName="main" threadId="00000000023ECF00" bytes="34399320" />
</allocation-stats>
<gc-op id="5444" type="mark" timems="63.006" contextid="5441" timestamp="2019-08-09T18:54:08.653">
  <trace-info objectcount="596247" scancount="517243" scanbytes="13273324" />
  <finalization candidates="80" enqueued="0" />
  <ownableSynchronizers candidates="21" cleared="0" />
  <references type="soft" candidates="1843" cleared="0" enqueued="0" dynamicThreshold="21" maxThreshold="32" />
  <references type="weak" candidates="5710" cleared="0" enqueued="0" />
  <references type="phantom" candidates="97" cleared="0" enqueued="0" />
  <stringconstants candidates="13275" cleared="0"  />
</gc-op>
<gc-op id="5445" type="sweep" timems="4.287" contextid="5441" timestamp="2019-08-09T18:54:08.657" />
<mem-info id="5446" free="34951616" total="52822016" percent="66">
  <mem type="tenure" free="34951616" total="52822016" percent="66" micro-fragmented="0" macro-fragmented="0">
    <mem type="soa" free="34424256" total="52294656" percent="65" />
    <mem type="loa" free="527360" total="527360" percent="100" />
  </mem>
</mem-info>
<gc-op id="5447" type="compact" timems="40.374" contextid="5441" timestamp="2019-08-09T18:54:08.698">
  <compact-info movecount="1592" movebytes="51840" reason="compact to aid heap contraction" />
</gc-op>
<heap-resize id="5448" type="expand" space="tenure" amount="131072" count="1" timems="0.024" reason="satisfy allocation request" timestamp="2019-08-09T18:54:08.699" />
<gc-end id="5449" type="global" contextid="5441" durationms="108.634" usertimems="70.498" systemtimems="25.058" timestamp="2019-08-09T18:54:08.699" activeThreads="16">
  <mem-info id="5450" free="35017920" total="52953088" percent="66">
    <mem type="tenure" free="35017920" total="52953088" percent="66">
      <mem type="soa" free="34488512" total="52423680" percent="65" />
      <mem type="loa" free="529408" total="529408" percent="100" />
    </mem>
  </mem-info>
</gc-end>
<cycle-end id="5451" type="global" contextid="5441" timestamp="2019-08-09T18:54:08.699" />
  <attribute name="elasticGC enabled" value="1" />
  <attribute name= "numThreadsSpecified" value="16" />
  <attribute name="heapSize specified" value="52822016" />
  <attribute name="Current GC Util" value="31" />
  <attribute name= "Current Time Running" value="188642" />
  <attribute name ="GC Interval" value="0" />
  <attribute name="Target GC Util Change" value ="80.000000" />
  <attribute name="Current GC Util Change" value="31.000000"/>
  <attribute name="Current Error" value="-115.000000" />
  <attribute name="Output H" value="52897568"/>
  <attribute name="Output I" value="1880"/>
  <attribute name="Output T" value="16"/>
  <attribute name= "Current Time Running" value="188642" />
  <attribute name="GC Util currently" value="31" />
  <attribute name="CPU Util currently" value="28532143898" />
<allocation-satisfied id="5452" threadId="00000000023ECF00" bytesRequested="288" />
<af-end id="5453" timestamp="2019-08-09T18:54:08.699" threadId="00000000023ED888" success="true" />
<exclusive-end id="5454" timestamp="2019-08-09T18:54:08.699" durationms="108.841" />

<exclusive-start id="5455" timestamp="2019-08-09T18:54:08.705" intervalms="115.575">
  <response-info timems="0.017" idlems="0.017" threads="0" lastid="00000000023ECF00" lastname="main" />
</exclusive-start>
<af-start id="5456" threadId="00000000023ED888" totalBytesRequested="272" timestamp="2019-08-09T18:54:08.706" intervalms="115.571" />
<cycle-start id="5457" type="global" contextid="0" timestamp="2019-08-09T18:54:08.706" intervalms="115.563" />
<gc-start id="5458" type="global" contextid="5457" timestamp="2019-08-09T18:54:08.706">
  <mem-info id="5459" free="529408" total="52953088" percent="0">
    <mem type="tenure" free="529408" total="52953088" percent="0">
      <mem type="soa" free="0" total="52423680" percent="0" />
      <mem type="loa" free="529408" total="529408" percent="100" />
    </mem>
  </mem-info>
</gc-start>
<allocation-stats totalBytes="34523544" >
  <allocated-bytes non-tlh="0" tlh="34523544" />
  <largest-consumer threadName="main" threadId="00000000023ECF00" bytes="34523544" />
</allocation-stats>
<gc-op id="5460" type="mark" timems="8.713" contextid="5457" timestamp="2019-08-09T18:54:08.714">
  <trace-info objectcount="596247" scancount="517236" scanbytes="13273324" />
  <finalization candidates="80" enqueued="0" />
  <ownableSynchronizers candidates="21" cleared="0" />
  <references type="soft" candidates="1843" cleared="0" enqueued="0" dynamicThreshold="21" maxThreshold="32" />
  <references type="weak" candidates="5710" cleared="0" enqueued="0" />
  <references type="phantom" candidates="97" cleared="0" enqueued="0" />
  <stringconstants candidates="13275" cleared="0"  />
</gc-op>
<gc-op id="5461" type="sweep" timems="1.852" contextid="5457" timestamp="2019-08-09T18:54:08.716" />
<mem-info id="5462" free="35083208" total="52953088" percent="66">
  <mem type="tenure" free="35083208" total="52953088" percent="66" micro-fragmented="0" macro-fragmented="0">
    <mem type="soa" free="34553800" total="52423680" percent="65" />
    <mem type="loa" free="529408" total="529408" percent="100" />
  </mem>
</mem-info>
<gc-op id="5463" type="compact" timems="93.654" contextid="5457" timestamp="2019-08-09T18:54:08.810">
  <compact-info movecount="6" movebytes="400" reason="compact to aid heap contraction" />
</gc-op>
<heap-resize id="5464" type="expand" space="tenure" amount="131072" count="1" timems="0.022" reason="satisfy allocation request" timestamp="2019-08-09T18:54:08.811" />
<gc-end id="5465" type="global" contextid="5457" durationms="105.762" usertimems="101.977" systemtimems="33.695" timestamp="2019-08-09T18:54:08.811" activeThreads="16">
  <mem-info id="5466" free="35149008" total="53084160" percent="66">
    <mem type="tenure" free="35149008" total="53084160" percent="66">
      <mem type="soa" free="34618576" total="52553728" percent="65" />
      <mem type="loa" free="530432" total="530432" percent="100" />
    </mem>
  </mem-info>
</gc-end>
<cycle-end id="5467" type="global" contextid="5457" timestamp="2019-08-09T18:54:08.811" />
  <attribute name="elasticGC enabled" value="1" />
  <attribute name= "numThreadsSpecified" value="16" />
  <attribute name="heapSize specified" value="52953088" />
  <attribute name="Current GC Util" value="30" />
  <attribute name= "Current Time Running" value="188754" />
  <attribute name ="GC Interval" value="0" />
  <attribute name="Target GC Util Change" value ="80.000000" />
  <attribute name="Current GC Util Change" value="30.000000"/>
  <attribute name="Current Error" value="-434.000000" />
  <attribute name="Output H" value="53028272"/>
  <attribute name="Output I" value="1512"/>
  <attribute name="Output T" value="16"/>
  <attribute name= "Current Time Running" value="188754" />
  <attribute name="GC Util currently" value="30" />
  <attribute name="CPU Util currently" value="12306141353" />
<allocation-satisfied id="5468" threadId="00000000023ECF00" bytesRequested="272" />
<af-end id="5469" timestamp="2019-08-09T18:54:08.811" threadId="00000000023ED888" success="true" />
<exclusive-end id="5470" timestamp="2019-08-09T18:54:08.811" durationms="105.981" />

<exclusive-start id="5471" timestamp="2019-08-09T18:54:08.821" intervalms="115.852">
  <response-info timems="0.021" idlems="0.021" threads="0" lastid="00000000023ECF00" lastname="main" />
</exclusive-start>
<af-start id="5472" threadId="00000000023ED888" totalBytesRequested="136" timestamp="2019-08-09T18:54:08.821" intervalms="115.852" />
<cycle-start id="5473" type="global" contextid="0" timestamp="2019-08-09T18:54:08.821" intervalms="115.858" />
<gc-start id="5474" type="global" contextid="5473" timestamp="2019-08-09T18:54:08.821">
  <mem-info id="5475" free="530432" total="53084160" percent="0">
    <mem type="tenure" free="530432" total="53084160" percent="0">
      <mem type="soa" free="0" total="52553728" percent="0" />
      <mem type="loa" free="530432" total="530432" percent="100" />
    </mem>
  </mem-info>
</gc-start>
<allocation-stats totalBytes="34652776" >
  <allocated-bytes non-tlh="0" tlh="34652776" />
  <largest-consumer threadName="main" threadId="00000000023ECF00" bytes="34652776" />
</allocation-stats>
<gc-op id="5476" type="mark" timems="15.659" contextid="5473" timestamp="2019-08-09T18:54:08.837">
  <trace-info objectcount="596255" scancount="517252" scanbytes="13273792" />
  <finalization candidates="80" enqueued="0" />
  <ownableSynchronizers candidates="21" cleared="0" />
  <references type="soft" candidates="1843" cleared="0" enqueued="0" dynamicThreshold="21" maxThreshold="32" />
  <references type="weak" candidates="5710" cleared="0" enqueued="0" />
  <references type="phantom" candidates="97" cleared="0" enqueued="0" />
  <stringconstants candidates="13275" cleared="0"  />
</gc-op>
<gc-op id="5477" type="sweep" timems="3.113" contextid="5473" timestamp="2019-08-09T18:54:08.840" />
<mem-info id="5478" free="35213616" total="53084160" percent="66">
  <mem type="tenure" free="35213616" total="53084160" percent="66" micro-fragmented="0" macro-fragmented="0">
    <mem type="soa" free="34683184" total="52553728" percent="65" />
    <mem type="loa" free="530432" total="530432" percent="100" />
  </mem>
</mem-info>
<gc-op id="5479" type="compact" timems="61.572" contextid="5473" timestamp="2019-08-09T18:54:08.902">
  <compact-info movecount="1598" movebytes="51976" reason="compact to aid heap contraction" />
</gc-op>
<heap-resize id="5480" type="expand" space="tenure" amount="131072" count="1" timems="0.022" reason="satisfy allocation request" timestamp="2019-08-09T18:54:08.903" />
<gc-end id="5481" type="global" contextid="5473" durationms="81.860" usertimems="82.619" systemtimems="8.746" timestamp="2019-08-09T18:54:08.903" activeThreads="16">
  <mem-info id="5482" free="35279880" total="53215232" percent="66">
    <mem type="tenure" free="35279880" total="53215232" percent="66">
      <mem type="soa" free="34748424" total="52683776" percent="65" />
      <mem type="loa" free="531456" total="531456" percent="100" />
    </mem>
  </mem-info>
</gc-end>
<cycle-end id="5483" type="global" contextid="5473" timestamp="2019-08-09T18:54:08.903" />
  <attribute name="elasticGC enabled" value="1" />
  <attribute name= "numThreadsSpecified" value="16" />
  <attribute name="heapSize specified" value="53084160" />
  <attribute name="Current GC Util" value="23" />
  <attribute name= "Current Time Running" value="188846" />
  <attribute name ="GC Interval" value="0" />
  <attribute name="Target GC Util Change" value ="80.000000" />
  <attribute name="Current GC Util Change" value="23.000000"/>
  <attribute name="Current Error" value="57.000000" />
  <attribute name="Output H" value="53159912"/>
  <attribute name="Output I" value="2080"/>
  <attribute name="Output T" value="16"/>
  <attribute name= "Current Time Running" value="188846" />
  <attribute name="GC Util currently" value="23" />
  <attribute name="CPU Util currently" value="18706607263" />
<allocation-satisfied id="5484" threadId="00000000023ECF00" bytesRequested="136" />
<af-end id="5485" timestamp="2019-08-09T18:54:08.903" threadId="00000000023ED888" success="true" />
<exclusive-end id="5486" timestamp="2019-08-09T18:54:08.903" durationms="82.070" />

<exclusive-start id="5487" timestamp="2019-08-09T18:54:08.916" intervalms="94.618">
  <response-info timems="0.016" idlems="0.016" threads="0" lastid="00000000023ECF00" lastname="main" />
</exclusive-start>
<af-start id="5488" threadId="00000000023ED888" totalBytesRequested="136" timestamp="2019-08-09T18:54:08.916" intervalms="94.614" />
<cycle-start id="5489" type="global" contextid="0" timestamp="2019-08-09T18:54:08.916" intervalms="94.609" />
<gc-start id="5490" type="global" contextid="5489" timestamp="2019-08-09T18:54:08.916">
  <mem-info id="5491" free="531456" total="53215232" percent="0">
    <mem type="tenure" free="531456" total="53215232" percent="0">
      <mem type="soa" free="0" total="52683776" percent="0" />
      <mem type="loa" free="531456" total="531456" percent="100" />
    </mem>
  </mem-info>
</gc-start>
<allocation-stats totalBytes="34806344" >
  <allocated-bytes non-tlh="0" tlh="34806344" />
  <largest-consumer threadName="main" threadId="00000000023ECF00" bytes="34806344" />
</allocation-stats>
<gc-op id="5492" type="mark" timems="16.446" contextid="5489" timestamp="2019-08-09T18:54:08.933">
  <trace-info objectcount="596268" scancount="517259" scanbytes="13274440" />
  <finalization candidates="80" enqueued="0" />
  <ownableSynchronizers candidates="21" cleared="0" />
  <references type="soft" candidates="1843" cleared="0" enqueued="0" dynamicThreshold="21" maxThreshold="32" />
  <references type="weak" candidates="5710" cleared="0" enqueued="0" />
  <references type="phantom" candidates="97" cleared="0" enqueued="0" />
  <stringconstants candidates="13275" cleared="0"  />
</gc-op>
<gc-op id="5493" type="sweep" timems="1.642" contextid="5489" timestamp="2019-08-09T18:54:08.934" />
<mem-info id="5494" free="35344672" total="53215232" percent="66">
  <mem type="tenure" free="35344672" total="53215232" percent="66" micro-fragmented="0" macro-fragmented="0">
    <mem type="soa" free="34813216" total="52683776" percent="66" />
    <mem type="loa" free="531456" total="531456" percent="100" />
  </mem>
</mem-info>
<gc-op id="5495" type="compact" timems="91.364" contextid="5489" timestamp="2019-08-09T18:54:09.026">
  <compact-info movecount="26" movebytes="1208" reason="compact to aid heap contraction" />
</gc-op>
<heap-resize id="5496" type="expand" space="tenure" amount="131072" count="1" timems="0.024" reason="satisfy allocation request" timestamp="2019-08-09T18:54:09.030" />
<gc-end id="5497" type="global" contextid="5489" durationms="113.819" usertimems="131.397" systemtimems="52.850" timestamp="2019-08-09T18:54:09.030" activeThreads="16">
  <mem-info id="5498" free="35410304" total="53346304" percent="66">
    <mem type="tenure" free="35410304" total="53346304" percent="66">
      <mem type="soa" free="34877824" total="52813824" percent="66" />
      <mem type="loa" free="532480" total="532480" percent="100" />
    </mem>
  </mem-info>
</gc-end>
<cycle-end id="5499" type="global" contextid="5489" timestamp="2019-08-09T18:54:09.030" />
  <attribute name="elasticGC enabled" value="1" />
  <attribute name= "numThreadsSpecified" value="16" />
  <attribute name="heapSize specified" value="53215232" />
  <attribute name="Current GC Util" value="16" />
  <attribute name= "Current Time Running" value="188970" />
  <attribute name ="GC Interval" value="0" />
  <attribute name="Target GC Util Change" value ="80.000000" />
  <attribute name="Current GC Util Change" value="16.000000"/>
  <attribute name="Current Error" value="-664.000000" />
  <attribute name="Output H" value="53290152"/>
  <attribute name="Output I" value="1248"/>
  <attribute name="Output T" value="16"/>
  <attribute name= "Current Time Running" value="188970" />
  <attribute name="GC Util currently" value="16" />
  <attribute name="CPU Util currently" value="12600618973" />
<allocation-satisfied id="5500" threadId="00000000023ECF00" bytesRequested="136" />
<af-end id="5501" timestamp="2019-08-09T18:54:09.030" threadId="00000000023ED888" success="true" />
<exclusive-end id="5502" timestamp="2019-08-09T18:54:09.030" durationms="114.035" />

<exclusive-start id="5503" timestamp="2019-08-09T18:54:09.045" intervalms="128.869">
  <response-info timems="0.018" idlems="0.018" threads="0" lastid="00000000023ECF00" lastname="main" />
</exclusive-start>
<af-start id="5504" threadId="00000000023ED888" totalBytesRequested="24" timestamp="2019-08-09T18:54:09.045" intervalms="128.877" />
<cycle-start id="5505" type="global" contextid="0" timestamp="2019-08-09T18:54:09.045" intervalms="128.878" />
<gc-start id="5506" type="global" contextid="5505" timestamp="2019-08-09T18:54:09.045">
  <mem-info id="5507" free="532480" total="53346304" percent="0">
    <mem type="tenure" free="532480" total="53346304" percent="0">
      <mem type="soa" free="0" total="52813824" percent="0" />
      <mem type="loa" free="532480" total="532480" percent="100" />
    </mem>
  </mem-info>
</gc-start>
<allocation-stats totalBytes="34935720" >
  <allocated-bytes non-tlh="0" tlh="34935720" />
  <largest-consumer threadName="main" threadId="00000000023ECF00" bytes="34935720" />
</allocation-stats>
<gc-op id="5508" type="mark" timems="9.838" contextid="5505" timestamp="2019-08-09T18:54:09.055">
  <trace-info objectcount="596265" scancount="517253" scanbytes="13274320" />
  <finalization candidates="80" enqueued="0" />
  <ownableSynchronizers candidates="21" cleared="0" />
  <references type="soft" candidates="1843" cleared="0" enqueued="0" dynamicThreshold="21" maxThreshold="32" />
  <references type="weak" candidates="5710" cleared="0" enqueued="0" />
  <references type="phantom" candidates="97" cleared="0" enqueued="0" />
  <stringconstants candidates="13275" cleared="0"  />
</gc-op>
<gc-op id="5509" type="sweep" timems="2.957" contextid="5505" timestamp="2019-08-09T18:54:09.058" />
<mem-info id="5510" free="35475896" total="53346304" percent="66">
  <mem type="tenure" free="35475896" total="53346304" percent="66" micro-fragmented="0" macro-fragmented="0">
    <mem type="soa" free="34943416" total="52813824" percent="66" />
    <mem type="loa" free="532480" total="532480" percent="100" />
  </mem>
</mem-info>
<gc-op id="5511" type="compact" timems="37.278" contextid="5505" timestamp="2019-08-09T18:54:09.095">
  <compact-info movecount="23" movebytes="1088" reason="compact to aid heap contraction" />
</gc-op>
<heap-resize id="5512" type="expand" space="tenure" amount="131072" count="1" timems="0.029" reason="satisfy allocation request" timestamp="2019-08-09T18:54:09.108" />
<gc-end id="5513" type="global" contextid="5505" durationms="63.287" usertimems="75.666" systemtimems="0.000" timestamp="2019-08-09T18:54:09.108" activeThreads="16">
  <mem-info id="5514" free="35541496" total="53477376" percent="66">
    <mem type="tenure" free="35541496" total="53477376" percent="66">
      <mem type="soa" free="35006968" total="52942848" percent="66" />
      <mem type="loa" free="534528" total="534528" percent="100" />
    </mem>
  </mem-info>
</gc-end>
<cycle-end id="5515" type="global" contextid="5505" timestamp="2019-08-09T18:54:09.108" />
  <attribute name="elasticGC enabled" value="1" />
  <attribute name= "numThreadsSpecified" value="16" />
  <attribute name="heapSize specified" value="53346304" />
  <attribute name="Current GC Util" value="23" />
  <attribute name= "Current Time Running" value="189039" />
  <attribute name ="GC Interval" value="0" />
  <attribute name="Target GC Util Change" value ="80.000000" />
  <attribute name="Current GC Util Change" value="23.000000"/>
  <attribute name="Current Error" value="-192.000000" />
  <attribute name="Output H" value="53421768"/>
  <attribute name="Output I" value="1792"/>
  <attribute name="Output T" value="16"/>
  <attribute name= "Current Time Running" value="189039" />
  <attribute name="GC Util currently" value="23" />
  <attribute name="CPU Util currently" value="30884898456" />
<allocation-satisfied id="5516" threadId="00000000023ECF00" bytesRequested="24" />
<af-end id="5517" timestamp="2019-08-09T18:54:09.108" threadId="00000000023ED888" success="true" />
<exclusive-end id="5518" timestamp="2019-08-09T18:54:09.108" durationms="63.507" />

<exclusive-start id="5519" timestamp="2019-08-09T18:54:09.396" intervalms="351.236">
  <response-info timems="0.022" idlems="0.022" threads="0" lastid="00000000023ECF00" lastname="main" />
</exclusive-start>
<af-start id="5520" threadId="00000000023ED888" totalBytesRequested="18824" timestamp="2019-08-09T18:54:09.396" intervalms="351.236" />
<cycle-start id="5521" type="global" contextid="0" timestamp="2019-08-09T18:54:09.396" intervalms="351.243" />
<gc-start id="5522" type="global" contextid="5521" timestamp="2019-08-09T18:54:09.396">
  <mem-info id="5523" free="534528" total="53477376" percent="0">
    <mem type="tenure" free="534528" total="53477376" percent="0">
      <mem type="soa" free="0" total="52942848" percent="0" />
      <mem type="loa" free="534528" total="534528" percent="100" />
    </mem>
  </mem-info>
</gc-start>
<allocation-stats totalBytes="33737640" >
  <allocated-bytes non-tlh="0" tlh="33737640" />
  <largest-consumer threadName="main" threadId="00000000023ECF00" bytes="33737640" />
</allocation-stats>
<gc-op id="5524" type="mark" timems="88.790" contextid="5521" timestamp="2019-08-09T18:54:09.485">
  <trace-info objectcount="596268" scancount="517264" scanbytes="13313376" />
  <finalization candidates="80" enqueued="0" />
  <ownableSynchronizers candidates="21" cleared="0" />
  <references type="soft" candidates="1843" cleared="0" enqueued="0" dynamicThreshold="21" maxThreshold="32" />
  <references type="weak" candidates="5710" cleared="0" enqueued="0" />
  <references type="phantom" candidates="97" cleared="0" enqueued="0" />
  <stringconstants candidates="13275" cleared="0"  />
</gc-op>
<gc-op id="5525" type="sweep" timems="3.300" contextid="5521" timestamp="2019-08-09T18:54:09.488" />
<mem-info id="5526" free="35565504" total="53477376" percent="66">
  <mem type="tenure" free="35565504" total="53477376" percent="66" micro-fragmented="0" macro-fragmented="0">
    <mem type="soa" free="35030976" total="52942848" percent="66" />
    <mem type="loa" free="534528" total="534528" percent="100" />
  </mem>
</mem-info>
<gc-op id="5527" type="compact" timems="48.103" contextid="5521" timestamp="2019-08-09T18:54:09.537">
  <compact-info movecount="1609" movebytes="91496" reason="compact to aid heap contraction" />
</gc-op>
<heap-resize id="5528" type="expand" space="tenure" amount="131072" count="1" timems="0.015" reason="satisfy allocation request" timestamp="2019-08-09T18:54:09.538" />
<gc-end id="5529" type="global" contextid="5521" durationms="141.470" usertimems="162.598" systemtimems="20.488" timestamp="2019-08-09T18:54:09.538" activeThreads="16">
  <mem-info id="5530" free="35633528" total="53608448" percent="66">
    <mem type="tenure" free="35633528" total="53608448" percent="66">
      <mem type="soa" free="35097976" total="53072896" percent="66" />
      <mem type="loa" free="535552" total="535552" percent="100" />
    </mem>
  </mem-info>
</gc-end>
<cycle-end id="5531" type="global" contextid="5521" timestamp="2019-08-09T18:54:09.538" />
  <attribute name="elasticGC enabled" value="1" />
  <attribute name= "numThreadsSpecified" value="16" />
  <attribute name="heapSize specified" value="53477376" />
  <attribute name="Current GC Util" value="21" />
  <attribute name= "Current Time Running" value="189480" />
  <attribute name ="GC Interval" value="0" />
  <attribute name="Target GC Util Change" value ="80.000000" />
  <attribute name="Current GC Util Change" value="21.000000"/>
  <attribute name="Current Error" value="59.000000" />
  <attribute name="Output H" value="53553128"/>
  <attribute name="Output I" value="2080"/>
  <attribute name="Output T" value="16"/>
  <attribute name= "Current Time Running" value="189480" />
  <attribute name="GC Util currently" value="21" />
  <attribute name="CPU Util currently" value="23955122745" />
<allocation-satisfied id="5532" threadId="00000000023ECF00" bytesRequested="18824" />
<af-end id="5533" timestamp="2019-08-09T18:54:09.538" threadId="00000000023ED888" success="true" />
<exclusive-end id="5534" timestamp="2019-08-09T18:54:09.538" durationms="141.700" />

<exclusive-start id="5535" timestamp="2019-08-09T18:54:09.544" intervalms="147.446">
  <response-info timems="0.100" idlems="0.100" threads="0" lastid="00000000023ECF00" lastname="main" />
</exclusive-start>
<af-start id="5536" threadId="00000000023ED888" totalBytesRequested="10200" timestamp="2019-08-09T18:54:09.544" intervalms="147.449" />
<cycle-start id="5537" type="global" contextid="0" timestamp="2019-08-09T18:54:09.544" intervalms="147.444" />
<gc-start id="5538" type="global" contextid="5537" timestamp="2019-08-09T18:54:09.544">
  <mem-info id="5539" free="535552" total="53608448" percent="0">
    <mem type="tenure" free="535552" total="53608448" percent="0">
      <mem type="soa" free="0" total="53072896" percent="0" />
      <mem type="loa" free="535552" total="535552" percent="100" />
    </mem>
  </mem-info>
</gc-start>
<allocation-stats totalBytes="32966152" >
  <allocated-bytes non-tlh="0" tlh="32966152" />
  <largest-consumer threadName="main" threadId="00000000023ECF00" bytes="32966152" />
</allocation-stats>
<gc-op id="5540" type="mark" timems="131.422" contextid="5537" timestamp="2019-08-09T18:54:09.675">
  <trace-info objectcount="596268" scancount="517259" scanbytes="13298012" />
  <finalization candidates="80" enqueued="0" />
  <ownableSynchronizers candidates="21" cleared="0" />
  <references type="soft" candidates="1843" cleared="0" enqueued="0" dynamicThreshold="21" maxThreshold="32" />
  <references type="weak" candidates="5710" cleared="0" enqueued="0" />
  <references type="phantom" candidates="97" cleared="0" enqueued="0" />
  <stringconstants candidates="13275" cleared="0"  />
</gc-op>
<gc-op id="5541" type="sweep" timems="3.835" contextid="5537" timestamp="2019-08-09T18:54:09.679" />
<mem-info id="5542" free="35713344" total="53608448" percent="66">
  <mem type="tenure" free="35713344" total="53608448" percent="66" micro-fragmented="0" macro-fragmented="0">
    <mem type="soa" free="35177792" total="53072896" percent="66" />
    <mem type="loa" free="535552" total="535552" percent="100" />
  </mem>
</mem-info>
<gc-op id="5543" type="compact" timems="42.464" contextid="5537" timestamp="2019-08-09T18:54:09.722">
  <compact-info movecount="12" movebytes="23952" reason="compact to aid heap contraction" />
</gc-op>
<heap-resize id="5544" type="expand" space="tenure" amount="131072" count="1" timems="0.025" reason="satisfy allocation request" timestamp="2019-08-09T18:54:09.723" />
<gc-end id="5545" type="global" contextid="5537" durationms="179.507" usertimems="97.196" systemtimems="54.594" timestamp="2019-08-09T18:54:09.723" activeThreads="16">
  <mem-info id="5546" free="35779968" total="53739520" percent="66">
    <mem type="tenure" free="35779968" total="53739520" percent="66">
      <mem type="soa" free="35243392" total="53202944" percent="66" />
      <mem type="loa" free="536576" total="536576" percent="100" />
    </mem>
  </mem-info>
</gc-end>
<cycle-end id="5547" type="global" contextid="5537" timestamp="2019-08-09T18:54:09.723" />
  <attribute name="elasticGC enabled" value="1" />
  <attribute name= "numThreadsSpecified" value="16" />
  <attribute name="heapSize specified" value="53608448" />
  <attribute name="Current GC Util" value="32" />
  <attribute name= "Current Time Running" value="189666" />
  <attribute name ="GC Interval" value="0" />
  <attribute name="Target GC Util Change" value ="80.000000" />
  <attribute name="Current GC Util Change" value="32.000000"/>
  <attribute name="Current Error" value="-451.000000" />
  <attribute name="Output H" value="53683608"/>
  <attribute name="Output I" value="1488"/>
  <attribute name="Output T" value="16"/>
  <attribute name= "Current Time Running" value="189666" />
  <attribute name="GC Util currently" value="32" />
  <attribute name="CPU Util currently" value="26930260698" />
<allocation-satisfied id="5548" threadId="00000000023ECF00" bytesRequested="10200" />
<af-end id="5549" timestamp="2019-08-09T18:54:09.723" threadId="00000000023ED888" success="true" />
<exclusive-end id="5550" timestamp="2019-08-09T18:54:09.723" durationms="179.744" />

<exclusive-start id="5551" timestamp="2019-08-09T18:54:10.104" intervalms="560.086">
  <response-info timems="0.023" idlems="0.023" threads="0" lastid="00000000023ECF00" lastname="main" />
</exclusive-start>
<af-start id="5552" threadId="00000000023ED888" totalBytesRequested="32" timestamp="2019-08-09T18:54:10.104" intervalms="560.097" />
<cycle-start id="5553" type="global" contextid="0" timestamp="2019-08-09T18:54:10.104" intervalms="560.096" />
<gc-start id="5554" type="global" contextid="5553" timestamp="2019-08-09T18:54:10.104">
  <mem-info id="5555" free="536576" total="53739520" percent="0">
    <mem type="tenure" free="536576" total="53739520" percent="0">
      <mem type="soa" free="0" total="53202944" percent="0" />
      <mem type="loa" free="536576" total="536576" percent="100" />
    </mem>
  </mem-info>
</gc-start>
<allocation-stats totalBytes="35305792" >
  <allocated-bytes non-tlh="0" tlh="35305792" />
  <largest-consumer threadName="main" threadId="00000000023ECF00" bytes="35305792" />
</allocation-stats>
<gc-op id="5556" type="mark" timems="15.330" contextid="5553" timestamp="2019-08-09T18:54:10.119">
  <trace-info objectcount="596256" scancount="517251" scanbytes="13273636" />
  <finalization candidates="80" enqueued="0" />
  <ownableSynchronizers candidates="21" cleared="0" />
  <references type="soft" candidates="1843" cleared="0" enqueued="0" dynamicThreshold="21" maxThreshold="32" />
  <references type="weak" candidates="5710" cleared="0" enqueued="0" />
  <references type="phantom" candidates="97" cleared="0" enqueued="0" />
  <stringconstants candidates="13275" cleared="0"  />
</gc-op>
<gc-op id="5557" type="sweep" timems="8.361" contextid="5553" timestamp="2019-08-09T18:54:10.128" />
<mem-info id="5558" free="35868552" total="53739520" percent="66">
  <mem type="tenure" free="35868552" total="53739520" percent="66" micro-fragmented="0" macro-fragmented="0">
    <mem type="soa" free="35331976" total="53202944" percent="66" />
    <mem type="loa" free="536576" total="536576" percent="100" />
  </mem>
</mem-info>
<gc-op id="5559" type="compact" timems="30.939" contextid="5553" timestamp="2019-08-09T18:54:10.159">
  <compact-info movecount="1585" movebytes="51448" reason="compact to aid heap contraction" />
</gc-op>
<heap-resize id="5560" type="expand" space="tenure" amount="131072" count="1" timems="0.021" reason="satisfy allocation request" timestamp="2019-08-09T18:54:10.163" />
<gc-end id="5561" type="global" contextid="5553" durationms="60.161" usertimems="82.093" systemtimems="15.781" timestamp="2019-08-09T18:54:10.164" activeThreads="16">
  <mem-info id="5562" free="35935432" total="53870592" percent="66">
    <mem type="tenure" free="35935432" total="53870592" percent="66">
      <mem type="soa" free="35396808" total="53331968" percent="66" />
      <mem type="loa" free="538624" total="538624" percent="100" />
    </mem>
  </mem-info>
</gc-end>
<cycle-end id="5563" type="global" contextid="5553" timestamp="2019-08-09T18:54:10.164" />
  <attribute name="elasticGC enabled" value="1" />
  <attribute name= "numThreadsSpecified" value="16" />
  <attribute name="heapSize specified" value="53739520" />
  <attribute name="Current GC Util" value="54" />
  <attribute name= "Current Time Running" value="190102" />
  <attribute name ="GC Interval" value="0" />
  <attribute name="Target GC Util Change" value ="80.000000" />
  <attribute name="Current GC Util Change" value="54.000000"/>
  <attribute name="Current Error" value="-208.000000" />
  <attribute name="Output H" value="53814960"/>
  <attribute name="Output I" value="1768"/>
  <attribute name="Output T" value="16"/>
  <attribute name= "Current Time Running" value="190102" />
  <attribute name="GC Util currently" value="54" />
  <attribute name="CPU Util currently" value="37220298770" />
<allocation-satisfied id="5564" threadId="00000000023ECF00" bytesRequested="32" />
<af-end id="5565" timestamp="2019-08-09T18:54:10.164" threadId="00000000023ED888" success="true" />
<exclusive-end id="5566" timestamp="2019-08-09T18:54:10.164" durationms="60.499" />

<exclusive-start id="5567" timestamp="2019-08-09T18:54:10.195" intervalms="90.896">
  <response-info timems="0.023" idlems="0.023" threads="0" lastid="00000000023ECF00" lastname="main" />
</exclusive-start>
<af-start id="5568" threadId="00000000023ED888" totalBytesRequested="80" timestamp="2019-08-09T18:54:10.195" intervalms="90.894" />
<cycle-start id="5569" type="global" contextid="0" timestamp="2019-08-09T18:54:10.195" intervalms="90.897" />
<gc-start id="5570" type="global" contextid="5569" timestamp="2019-08-09T18:54:10.195">
  <mem-info id="5571" free="538624" total="53870592" percent="0">
    <mem type="tenure" free="538624" total="53870592" percent="0">
      <mem type="soa" free="0" total="53331968" percent="0" />
      <mem type="loa" free="538624" total="538624" percent="100" />
    </mem>
  </mem-info>
</gc-start>
<allocation-stats totalBytes="35458040" >
  <allocated-bytes non-tlh="0" tlh="35458040" />
  <largest-consumer threadName="main" threadId="00000000023ECF00" bytes="35458040" />
</allocation-stats>
<gc-op id="5572" type="mark" timems="12.940" contextid="5569" timestamp="2019-08-09T18:54:10.208">
  <trace-info objectcount="596253" scancount="517245" scanbytes="13273516" />
  <finalization candidates="80" enqueued="0" />
  <ownableSynchronizers candidates="21" cleared="0" />
  <references type="soft" candidates="1843" cleared="0" enqueued="0" dynamicThreshold="21" maxThreshold="32" />
  <references type="weak" candidates="5710" cleared="0" enqueued="0" />
  <references type="phantom" candidates="97" cleared="0" enqueued="0" />
  <stringconstants candidates="13275" cleared="0"  />
</gc-op>
<gc-op id="5573" type="sweep" timems="1.272" contextid="5569" timestamp="2019-08-09T18:54:10.209" />
<mem-info id="5574" free="36001096" total="53870592" percent="66">
  <mem type="tenure" free="36001096" total="53870592" percent="66" micro-fragmented="0" macro-fragmented="0">
    <mem type="soa" free="35462472" total="53331968" percent="66" />
    <mem type="loa" free="538624" total="538624" percent="100" />
  </mem>
</mem-info>
<gc-op id="5575" type="compact" timems="24.908" contextid="5569" timestamp="2019-08-09T18:54:10.234">
  <compact-info movecount="1" movebytes="24" reason="compact to aid heap contraction" />
</gc-op>
<heap-resize id="5576" type="expand" space="tenure" amount="131072" count="1" timems="0.017" reason="satisfy allocation request" timestamp="2019-08-09T18:54:10.235" />
<gc-end id="5577" type="global" contextid="5569" durationms="40.325" usertimems="64.171" systemtimems="14.839" timestamp="2019-08-09T18:54:10.235" activeThreads="16">
  <mem-info id="5578" free="36066632" total="54001664" percent="66">
    <mem type="tenure" free="36066632" total="54001664" percent="66">
      <mem type="soa" free="35526984" total="53462016" percent="66" />
      <mem type="loa" free="539648" total="539648" percent="100" />
    </mem>
  </mem-info>
</gc-end>
<cycle-end id="5579" type="global" contextid="5569" timestamp="2019-08-09T18:54:10.235" />
  <attribute name="elasticGC enabled" value="1" />
  <attribute name= "numThreadsSpecified" value="16" />
  <attribute name="heapSize specified" value="53870592" />
  <attribute name="Current GC Util" value="63" />
  <attribute name= "Current Time Running" value="190178" />
  <attribute name ="GC Interval" value="0" />
  <attribute name="Target GC Util Change" value ="80.000000" />
  <attribute name="Current GC Util Change" value="63.000000"/>
  <attribute name="Current Error" value="17.000000" />
  <attribute name="Output H" value="53946296"/>
  <attribute name="Output I" value="2032"/>
  <attribute name="Output T" value="16"/>
  <attribute name= "Current Time Running" value="190178" />
  <attribute name="GC Util currently" value="63" />
  <attribute name="CPU Util currently" value="46221272128" />
<allocation-satisfied id="5580" threadId="00000000023ECF00" bytesRequested="80" />
<af-end id="5581" timestamp="2019-08-09T18:54:10.235" threadId="00000000023ED888" success="true" />
<exclusive-end id="5582" timestamp="2019-08-09T18:54:10.235" durationms="40.555" />

<exclusive-start id="5583" timestamp="2019-08-09T18:54:10.283" intervalms="88.099">
  <response-info timems="0.016" idlems="0.016" threads="0" lastid="00000000023ECF00" lastname="main" />
</exclusive-start>
<af-start id="5584" threadId="00000000023ED888" totalBytesRequested="32" timestamp="2019-08-09T18:54:10.283" intervalms="88.081" />
<cycle-start id="5585" type="global" contextid="0" timestamp="2019-08-09T18:54:10.283" intervalms="88.082" />
<gc-start id="5586" type="global" contextid="5585" timestamp="2019-08-09T18:54:10.283">
  <mem-info id="5587" free="539648" total="54001664" percent="0">
    <mem type="tenure" free="539648" total="54001664" percent="0">
      <mem type="soa" free="0" total="53462016" percent="0" />
      <mem type="loa" free="539648" total="539648" percent="100" />
    </mem>
  </mem-info>
</gc-start>
<allocation-stats totalBytes="35586264" >
  <allocated-bytes non-tlh="0" tlh="35586264" />
  <largest-consumer threadName="main" threadId="00000000023ECF00" bytes="35586264" />
</allocation-stats>
<gc-op id="5588" type="mark" timems="11.232" contextid="5585" timestamp="2019-08-09T18:54:10.294">
  <trace-info objectcount="596279" scancount="517268" scanbytes="13274380" />
  <finalization candidates="80" enqueued="0" />
  <ownableSynchronizers candidates="21" cleared="0" />
  <references type="soft" candidates="1843" cleared="0" enqueued="0" dynamicThreshold="21" maxThreshold="32" />
  <references type="weak" candidates="5710" cleared="0" enqueued="0" />
  <references type="phantom" candidates="97" cleared="0" enqueued="0" />
  <stringconstants candidates="13275" cleared="0"  />
</gc-op>
<gc-op id="5589" type="sweep" timems="1.924" contextid="5585" timestamp="2019-08-09T18:54:10.296" />
<mem-info id="5590" free="36129264" total="54001664" percent="66">
  <mem type="tenure" free="36129264" total="54001664" percent="66" micro-fragmented="0" macro-fragmented="0">
    <mem type="soa" free="35589616" total="53462016" percent="66" />
    <mem type="loa" free="539648" total="539648" percent="100" />
  </mem>
</mem-info>
<gc-op id="5591" type="compact" timems="60.228" contextid="5585" timestamp="2019-08-09T18:54:10.356">
  <compact-info movecount="1595" movebytes="51760" reason="compact to aid heap contraction" />
</gc-op>
<heap-resize id="5592" type="expand" space="tenure" amount="131072" count="1" timems="0.030" reason="satisfy allocation request" timestamp="2019-08-09T18:54:10.358" />
<gc-end id="5593" type="global" contextid="5585" durationms="75.291" usertimems="102.767" systemtimems="13.877" timestamp="2019-08-09T18:54:10.358" activeThreads="16">
  <mem-info id="5594" free="36196840" total="54132736" percent="66">
    <mem type="tenure" free="36196840" total="54132736" percent="66">
      <mem type="soa" free="35656168" total="53592064" percent="66" />
      <mem type="loa" free="540672" total="540672" percent="100" />
    </mem>
  </mem-info>
</gc-end>
<cycle-end id="5595" type="global" contextid="5585" timestamp="2019-08-09T18:54:10.358" />
  <attribute name="elasticGC enabled" value="1" />
  <attribute name= "numThreadsSpecified" value="16" />
  <attribute name="heapSize specified" value="54001664" />
  <attribute name="Current GC Util" value="27" />
  <attribute name= "Current Time Running" value="190300" />
  <attribute name ="GC Interval" value="0" />
  <attribute name="Target GC Util Change" value ="80.000000" />
  <attribute name="Current GC Util Change" value="27.000000"/>
  <attribute name="Current Error" value="-374.000000" />
  <attribute name="Output H" value="54076920"/>
  <attribute name="Output I" value="1584"/>
  <attribute name="Output T" value="16"/>
  <attribute name= "Current Time Running" value="190300" />
  <attribute name="GC Util currently" value="27" />
  <attribute name="CPU Util currently" value="19127848154" />
<allocation-satisfied id="5596" threadId="00000000023ECF00" bytesRequested="32" />
<af-end id="5597" timestamp="2019-08-09T18:54:10.358" threadId="00000000023ED888" success="true" />
<exclusive-end id="5598" timestamp="2019-08-09T18:54:10.358" durationms="75.533" />

<exclusive-start id="5599" timestamp="2019-08-09T18:54:10.392" intervalms="109.572">
  <response-info timems="0.013" idlems="0.013" threads="0" lastid="00000000023ECF00" lastname="main" />
</exclusive-start>
<af-start id="5600" threadId="00000000023ED888" totalBytesRequested="80" timestamp="2019-08-09T18:54:10.392" intervalms="109.567" />
<cycle-start id="5601" type="global" contextid="0" timestamp="2019-08-09T18:54:10.392" intervalms="109.561" />
<gc-start id="5602" type="global" contextid="5601" timestamp="2019-08-09T18:54:10.392">
  <mem-info id="5603" free="540672" total="54132736" percent="0">
    <mem type="tenure" free="540672" total="54132736" percent="0">
      <mem type="soa" free="0" total="53592064" percent="0" />
      <mem type="loa" free="540672" total="540672" percent="100" />
    </mem>
  </mem-info>
</gc-start>
<allocation-stats totalBytes="35709056" >
  <allocated-bytes non-tlh="0" tlh="35709056" />
  <largest-consumer threadName="main" threadId="00000000023ECF00" bytes="35709056" />
</allocation-stats>
<gc-op id="5604" type="mark" timems="8.268" contextid="5601" timestamp="2019-08-09T18:54:10.401">
  <trace-info objectcount="596259" scancount="517250" scanbytes="13273756" />
  <finalization candidates="80" enqueued="0" />
  <ownableSynchronizers candidates="21" cleared="0" />
  <references type="soft" candidates="1843" cleared="0" enqueued="0" dynamicThreshold="21" maxThreshold="32" />
  <references type="weak" candidates="5710" cleared="0" enqueued="0" />
  <references type="phantom" candidates="97" cleared="0" enqueued="0" />
  <stringconstants candidates="13275" cleared="0"  />
</gc-op>
<gc-op id="5605" type="sweep" timems="1.572" contextid="5601" timestamp="2019-08-09T18:54:10.402" />
<mem-info id="5606" free="36262304" total="54132736" percent="66">
  <mem type="tenure" free="36262304" total="54132736" percent="66" micro-fragmented="0" macro-fragmented="0">
    <mem type="soa" free="35721632" total="53592064" percent="66" />
    <mem type="loa" free="540672" total="540672" percent="100" />
  </mem>
</mem-info>
<gc-op id="5607" type="compact" timems="63.187" contextid="5601" timestamp="2019-08-09T18:54:10.465">
  <compact-info movecount="1571" movebytes="51056" reason="compact to aid heap contraction" />
</gc-op>
<heap-resize id="5608" type="expand" space="tenure" amount="131072" count="1" timems="0.021" reason="satisfy allocation request" timestamp="2019-08-09T18:54:10.468" />
<gc-end id="5609" type="global" contextid="5601" durationms="75.561" usertimems="96.314" systemtimems="13.907" timestamp="2019-08-09T18:54:10.468" activeThreads="16">
  <mem-info id="5610" free="36328536" total="54263808" percent="66">
    <mem type="tenure" free="36328536" total="54263808" percent="66">
      <mem type="soa" free="35786840" total="53722112" percent="66" />
      <mem type="loa" free="541696" total="541696" percent="100" />
    </mem>
  </mem-info>
</gc-end>
<cycle-end id="5611" type="global" contextid="5601" timestamp="2019-08-09T18:54:10.468" />
  <attribute name="elasticGC enabled" value="1" />
  <attribute name= "numThreadsSpecified" value="16" />
  <attribute name="heapSize specified" value="54132736" />
  <attribute name="Current GC Util" value="35" />
  <attribute name= "Current Time Running" value="190409" />
  <attribute name ="GC Interval" value="0" />
  <attribute name="Target GC Util Change" value ="80.000000" />
  <attribute name="Current GC Util Change" value="35.000000"/>
  <attribute name="Current Error" value="-418.000000" />
  <attribute name="Output H" value="54207936"/>
  <attribute name="Output I" value="1528"/>
  <attribute name="Output T" value="16"/>
  <attribute name= "Current Time Running" value="190409" />
  <attribute name="GC Util currently" value="35" />
  <attribute name="CPU Util currently" value="18231185041" />
<allocation-satisfied id="5612" threadId="00000000023ECF00" bytesRequested="80" />
<af-end id="5613" timestamp="2019-08-09T18:54:10.468" threadId="00000000023ED888" success="true" />
<exclusive-end id="5614" timestamp="2019-08-09T18:54:10.468" durationms="75.759" />

<exclusive-start id="5615" timestamp="2019-08-09T18:54:10.529" intervalms="136.470">
  <response-info timems="0.023" idlems="0.023" threads="0" lastid="00000000023ECF00" lastname="main" />
</exclusive-start>
<af-start id="5616" threadId="00000000023ED888" totalBytesRequested="40" timestamp="2019-08-09T18:54:10.529" intervalms="136.642" />
<cycle-start id="5617" type="global" contextid="0" timestamp="2019-08-09T18:54:10.529" intervalms="136.658" />
<gc-start id="5618" type="global" contextid="5617" timestamp="2019-08-09T18:54:10.529">
  <mem-info id="5619" free="541696" total="54263808" percent="0">
    <mem type="tenure" free="541696" total="54263808" percent="0">
      <mem type="soa" free="0" total="53722112" percent="0" />
      <mem type="loa" free="541696" total="541696" percent="100" />
    </mem>
  </mem-info>
</gc-start>
<allocation-stats totalBytes="35843704" >
  <allocated-bytes non-tlh="0" tlh="35843704" />
  <largest-consumer threadName="main" threadId="00000000023ECF00" bytes="35843704" />
</allocation-stats>
<gc-op id="5620" type="mark" timems="14.199" contextid="5617" timestamp="2019-08-09T18:54:10.543">
  <trace-info objectcount="596266" scancount="517259" scanbytes="13273900" />
  <finalization candidates="80" enqueued="0" />
  <ownableSynchronizers candidates="21" cleared="0" />
  <references type="soft" candidates="1843" cleared="0" enqueued="0" dynamicThreshold="21" maxThreshold="32" />
  <references type="weak" candidates="5710" cleared="0" enqueued="0" />
  <references type="phantom" candidates="97" cleared="0" enqueued="0" />
  <stringconstants candidates="13275" cleared="0"  />
</gc-op>
<gc-op id="5621" type="sweep" timems="2.352" contextid="5617" timestamp="2019-08-09T18:54:10.546" />
<mem-info id="5622" free="36392624" total="54263808" percent="67">
  <mem type="tenure" free="36392624" total="54263808" percent="67" micro-fragmented="0" macro-fragmented="0">
    <mem type="soa" free="35850928" total="53722112" percent="66" />
    <mem type="loa" free="541696" total="541696" percent="100" />
  </mem>
</mem-info>
<gc-op id="5623" type="compact" timems="28.143" contextid="5617" timestamp="2019-08-09T18:54:10.574">
  <compact-info movecount="1576" movebytes="51144" reason="compact to aid heap contraction" />
</gc-op>
<heap-resize id="5624" type="expand" space="tenure" amount="131072" count="1" timems="0.020" reason="satisfy allocation request" timestamp="2019-08-09T18:54:10.575" />
<gc-end id="5625" type="global" contextid="5617" durationms="45.583" usertimems="73.338" systemtimems="7.045" timestamp="2019-08-09T18:54:10.575" activeThreads="16">
  <mem-info id="5626" free="36459472" total="54394880" percent="67">
    <mem type="tenure" free="36459472" total="54394880" percent="67">
      <mem type="soa" free="35915728" total="53851136" percent="66" />
      <mem type="loa" free="543744" total="543744" percent="100" />
    </mem>
  </mem-info>
</gc-end>
<cycle-end id="5627" type="global" contextid="5617" timestamp="2019-08-09T18:54:10.575" />
  <attribute name="elasticGC enabled" value="1" />
  <attribute name= "numThreadsSpecified" value="16" />
  <attribute name="heapSize specified" value="54263808" />
  <attribute name="Current GC Util" value="35" />
  <attribute name= "Current Time Running" value="190518" />
  <attribute name ="GC Interval" value="0" />
  <attribute name="Target GC Util Change" value ="80.000000" />
  <attribute name="Current GC Util Change" value="35.000000"/>
  <attribute name="Current Error" value="45.000000" />
  <attribute name="Output H" value="54339544"/>
  <attribute name="Output I" value="2064"/>
  <attribute name="Output T" value="16"/>
  <attribute name= "Current Time Running" value="190518" />
  <attribute name="GC Util currently" value="35" />
  <attribute name="CPU Util currently" value="41018201406" />
<allocation-satisfied id="5628" threadId="00000000023ECF00" bytesRequested="40" />
<af-end id="5629" timestamp="2019-08-09T18:54:10.575" threadId="00000000023ED888" success="true" />
<exclusive-end id="5630" timestamp="2019-08-09T18:54:10.575" durationms="45.966" />

<exclusive-start id="5631" timestamp="2019-08-09T18:54:10.666" intervalms="137.628">
  <response-info timems="0.021" idlems="0.021" threads="0" lastid="00000000023ECF00" lastname="main" />
</exclusive-start>
<af-start id="5632" threadId="00000000023ED888" totalBytesRequested="40" timestamp="2019-08-09T18:54:10.666" intervalms="137.468" />
<cycle-start id="5633" type="global" contextid="0" timestamp="2019-08-09T18:54:10.666" intervalms="137.453" />
<gc-start id="5634" type="global" contextid="5633" timestamp="2019-08-09T18:54:10.666">
  <mem-info id="5635" free="543744" total="54394880" percent="0">
    <mem type="tenure" free="543744" total="54394880" percent="0">
      <mem type="soa" free="0" total="53851136" percent="0" />
      <mem type="loa" free="543744" total="543744" percent="100" />
    </mem>
  </mem-info>
</gc-start>
<allocation-stats totalBytes="35978080" >
  <allocated-bytes non-tlh="0" tlh="35978080" />
  <largest-consumer threadName="main" threadId="00000000023ECF00" bytes="35978080" />
</allocation-stats>
<gc-op id="5636" type="mark" timems="13.752" contextid="5633" timestamp="2019-08-09T18:54:10.680">
  <trace-info objectcount="596269" scancount="517260" scanbytes="13273972" />
  <finalization candidates="80" enqueued="0" />
  <ownableSynchronizers candidates="21" cleared="0" />
  <references type="soft" candidates="1843" cleared="0" enqueued="0" dynamicThreshold="21" maxThreshold="32" />
  <references type="weak" candidates="5710" cleared="0" enqueued="0" />
  <references type="phantom" candidates="97" cleared="0" enqueued="0" />
  <stringconstants candidates="13275" cleared="0"  />
</gc-op>
<gc-op id="5637" type="sweep" timems="2.375" contextid="5633" timestamp="2019-08-09T18:54:10.683" />
<mem-info id="5638" free="36524016" total="54394880" percent="67">
  <mem type="tenure" free="36524016" total="54394880" percent="67" micro-fragmented="0" macro-fragmented="0">
    <mem type="soa" free="35980272" total="53851136" percent="66" />
    <mem type="loa" free="543744" total="543744" percent="100" />
  </mem>
</mem-info>
<gc-op id="5639" type="compact" timems="47.332" contextid="5633" timestamp="2019-08-09T18:54:10.730">
  <compact-info movecount="1577" movebytes="51168" reason="compact to aid heap contraction" />
</gc-op>
<heap-resize id="5640" type="expand" space="tenure" amount="131072" count="1" timems="0.022" reason="satisfy allocation request" timestamp="2019-08-09T18:54:10.732" />
<gc-end id="5641" type="global" contextid="5633" durationms="65.250" usertimems="81.847" systemtimems="20.730" timestamp="2019-08-09T18:54:10.732" activeThreads="16">
  <mem-info id="5642" free="36590472" total="54525952" percent="67">
    <mem type="tenure" free="36590472" total="54525952" percent="67">
      <mem type="soa" free="36045704" total="53981184" percent="66" />
      <mem type="loa" free="544768" total="544768" percent="100" />
    </mem>
  </mem-info>
</gc-end>
<cycle-end id="5643" type="global" contextid="5633" timestamp="2019-08-09T18:54:10.732" />
  <attribute name="elasticGC enabled" value="1" />
  <attribute name= "numThreadsSpecified" value="16" />
  <attribute name="heapSize specified" value="54394880" />
  <attribute name="Current GC Util" value="30" />
  <attribute name= "Current Time Running" value="190674" />
  <attribute name ="GC Interval" value="0" />
  <attribute name="Target GC Util Change" value ="80.000000" />
  <attribute name="Current GC Util Change" value="30.000000"/>
  <attribute name="Current Error" value="-111.000000" />
  <attribute name="Output H" value="54470432"/>
  <attribute name="Output I" value="1880"/>
  <attribute name="Output T" value="16"/>
  <attribute name= "Current Time Running" value="190674" />
  <attribute name="GC Util currently" value="30" />
  <attribute name="CPU Util currently" value="24327961092" />
<allocation-satisfied id="5644" threadId="00000000023ECF00" bytesRequested="40" />
<af-end id="5645" timestamp="2019-08-09T18:54:10.732" threadId="00000000023ED888" success="true" />
<exclusive-end id="5646" timestamp="2019-08-09T18:54:10.732" durationms="65.453" />

<exclusive-start id="5647" timestamp="2019-08-09T18:54:10.791" intervalms="124.340">
  <response-info timems="0.023" idlems="0.023" threads="0" lastid="00000000023ECF00" lastname="main" />
</exclusive-start>
<af-start id="5648" threadId="00000000023ED888" totalBytesRequested="32" timestamp="2019-08-09T18:54:10.791" intervalms="124.362" />
<cycle-start id="5649" type="global" contextid="0" timestamp="2019-08-09T18:54:10.791" intervalms="124.491" />
<gc-start id="5650" type="global" contextid="5649" timestamp="2019-08-09T18:54:10.791">
  <mem-info id="5651" free="544768" total="54525952" percent="0">
    <mem type="tenure" free="544768" total="54525952" percent="0">
      <mem type="soa" free="0" total="53981184" percent="0" />
      <mem type="loa" free="544768" total="544768" percent="100" />
    </mem>
  </mem-info>
</gc-start>
<allocation-stats totalBytes="36105200" >
  <allocated-bytes non-tlh="0" tlh="36105200" />
  <largest-consumer threadName="main" threadId="00000000023ECF00" bytes="36105200" />
</allocation-stats>
<gc-op id="5652" type="mark" timems="31.733" contextid="5649" timestamp="2019-08-09T18:54:10.823">
  <trace-info objectcount="596270" scancount="517265" scanbytes="13273972" />
  <finalization candidates="80" enqueued="0" />
  <ownableSynchronizers candidates="21" cleared="0" />
  <references type="soft" candidates="1843" cleared="0" enqueued="0" dynamicThreshold="21" maxThreshold="32" />
  <references type="weak" candidates="5710" cleared="0" enqueued="0" />
  <references type="phantom" candidates="97" cleared="0" enqueued="0" />
  <stringconstants candidates="13275" cleared="0"  />
</gc-op>
<gc-op id="5653" type="sweep" timems="4.568" contextid="5649" timestamp="2019-08-09T18:54:10.827" />
<mem-info id="5654" free="36654648" total="54525952" percent="67">
  <mem type="tenure" free="36654648" total="54525952" percent="67" micro-fragmented="0" macro-fragmented="0">
    <mem type="soa" free="36109880" total="53981184" percent="66" />
    <mem type="loa" free="544768" total="544768" percent="100" />
  </mem>
</mem-info>
<gc-op id="5655" type="compact" timems="27.912" contextid="5649" timestamp="2019-08-09T18:54:10.855">
  <compact-info movecount="1576" movebytes="51152" reason="compact to aid heap contraction" />
</gc-op>
<heap-resize id="5656" type="expand" space="tenure" amount="131072" count="1" timems="0.021" reason="satisfy allocation request" timestamp="2019-08-09T18:54:10.856" />
<gc-end id="5657" type="global" contextid="5649" durationms="65.069" usertimems="82.125" systemtimems="21.536" timestamp="2019-08-09T18:54:10.856" activeThreads="16">
  <mem-info id="5658" free="36721512" total="54657024" percent="67">
    <mem type="tenure" free="36721512" total="54657024" percent="67">
      <mem type="soa" free="36175720" total="54111232" percent="66" />
      <mem type="loa" free="545792" total="545792" percent="100" />
    </mem>
  </mem-info>
</gc-end>
<cycle-end id="5659" type="global" contextid="5649" timestamp="2019-08-09T18:54:10.856" />
  <attribute name="elasticGC enabled" value="1" />
  <attribute name= "numThreadsSpecified" value="16" />
  <attribute name="heapSize specified" value="54525952" />
  <attribute name="Current GC Util" value="26" />
  <attribute name= "Current Time Running" value="190799" />
  <attribute name ="GC Interval" value="0" />
  <attribute name="Target GC Util Change" value ="80.000000" />
  <attribute name="Current GC Util Change" value="26.000000"/>
  <attribute name="Current Error" value="-136.000000" />
  <attribute name="Output H" value="54601480"/>
  <attribute name="Output I" value="1856"/>
  <attribute name="Output T" value="16"/>
  <attribute name= "Current Time Running" value="190799" />
  <attribute name="GC Util currently" value="26" />
  <attribute name="CPU Util currently" value="41263878614" />
<allocation-satisfied id="5660" threadId="00000000023ECF00" bytesRequested="32" />
<af-end id="5661" timestamp="2019-08-09T18:54:10.856" threadId="00000000023ED888" success="true" />
<exclusive-end id="5662" timestamp="2019-08-09T18:54:10.856" durationms="65.430" />

<exclusive-start id="5663" timestamp="2019-08-09T18:54:10.933" intervalms="142.201">
  <response-info timems="0.041" idlems="0.041" threads="0" lastid="00000000023ECF00" lastname="main" />
</exclusive-start>
<af-start id="5664" threadId="00000000023ED888" totalBytesRequested="32" timestamp="2019-08-09T18:54:10.933" intervalms="142.177" />
<cycle-start id="5665" type="global" contextid="0" timestamp="2019-08-09T18:54:10.933" intervalms="142.052" />
<gc-start id="5666" type="global" contextid="5665" timestamp="2019-08-09T18:54:10.933">
  <mem-info id="5667" free="545792" total="54657024" percent="0">
    <mem type="tenure" free="545792" total="54657024" percent="0">
      <mem type="soa" free="0" total="54111232" percent="0" />
      <mem type="loa" free="545792" total="545792" percent="100" />
    </mem>
  </mem-info>
</gc-start>
<allocation-stats totalBytes="36238576" >
  <allocated-bytes non-tlh="0" tlh="36238576" />
  <largest-consumer threadName="main" threadId="00000000023ECF00" bytes="36238576" />
</allocation-stats>
<gc-op id="5668" type="mark" timems="9.019" contextid="5665" timestamp="2019-08-09T18:54:10.942">
  <trace-info objectcount="596262" scancount="517254" scanbytes="13273792" />
  <finalization candidates="80" enqueued="0" />
  <ownableSynchronizers candidates="21" cleared="0" />
  <references type="soft" candidates="1843" cleared="0" enqueued="0" dynamicThreshold="21" maxThreshold="32" />
  <references type="weak" candidates="5710" cleared="0" enqueued="0" />
  <references type="phantom" candidates="97" cleared="0" enqueued="0" />
  <stringconstants candidates="13275" cleared="0"  />
</gc-op>
<gc-op id="5669" type="sweep" timems="1.652" contextid="5665" timestamp="2019-08-09T18:54:10.944" />
<mem-info id="5670" free="36786152" total="54657024" percent="67">
  <mem type="tenure" free="36786152" total="54657024" percent="67" micro-fragmented="0" macro-fragmented="0">
    <mem type="soa" free="36240360" total="54111232" percent="66" />
    <mem type="loa" free="545792" total="545792" percent="100" />
  </mem>
</mem-info>
<gc-op id="5671" type="compact" timems="56.388" contextid="5665" timestamp="2019-08-09T18:54:11.000">
  <compact-info movecount="1566" movebytes="50880" reason="compact to aid heap contraction" />
</gc-op>
<heap-resize id="5672" type="expand" space="tenure" amount="131072" count="1" timems="0.070" reason="satisfy allocation request" timestamp="2019-08-09T18:54:11.004" />
<gc-end id="5673" type="global" contextid="5665" durationms="70.972" usertimems="98.510" systemtimems="20.268" timestamp="2019-08-09T18:54:11.004" activeThreads="8">
  <mem-info id="5674" free="36852808" total="54788096" percent="67">
    <mem type="tenure" free="36852808" total="54788096" percent="67">
      <mem type="soa" free="36304968" total="54240256" percent="66" />
      <mem type="loa" free="547840" total="547840" percent="100" />
    </mem>
  </mem-info>
</gc-end>
<cycle-end id="5675" type="global" contextid="5665" timestamp="2019-08-09T18:54:11.004" />
  <attribute name="elasticGC enabled" value="1" />
  <attribute name= "numThreadsSpecified" value="8" />
  <attribute name="heapSize specified" value="54657024" />
  <attribute name="Current GC Util" value="98" />
  <attribute name= "Current Time Running" value="190945" />
  <attribute name ="GC Interval" value="0" />
  <attribute name="Target GC Util Change" value ="80.000000" />
  <attribute name="Current GC Util Change" value="98.000000"/>
  <attribute name="Current Error" value="-18.000000" />
  <attribute name="Output H" value="54732688"/>
  <attribute name="Output I" value="1992"/>
  <attribute name="Output T" value="8"/>
  <attribute name= "Current Time Running" value="190945" />
  <attribute name="GC Util currently" value="98" />
  <attribute name="CPU Util currently" value="19917201832" />
<allocation-satisfied id="5676" threadId="00000000023ECF00" bytesRequested="32" />
<af-end id="5677" timestamp="2019-08-09T18:54:11.004" threadId="00000000023ED888" success="true" />
<exclusive-end id="5678" timestamp="2019-08-09T18:54:11.004" durationms="71.180" />

<exclusive-start id="5679" timestamp="2019-08-09T18:54:11.066" intervalms="133.311">
  <response-info timems="0.026" idlems="0.026" threads="0" lastid="00000000023ECF00" lastname="main" />
</exclusive-start>
<af-start id="5680" threadId="00000000023ED888" totalBytesRequested="24" timestamp="2019-08-09T18:54:11.066" intervalms="133.319" />
<cycle-start id="5681" type="global" contextid="0" timestamp="2019-08-09T18:54:11.066" intervalms="133.323" />
<gc-start id="5682" type="global" contextid="5681" timestamp="2019-08-09T18:54:11.066">
  <mem-info id="5683" free="547840" total="54788096" percent="0">
    <mem type="tenure" free="547840" total="54788096" percent="0">
      <mem type="soa" free="0" total="54240256" percent="0" />
      <mem type="loa" free="547840" total="547840" percent="100" />
    </mem>
  </mem-info>
</gc-start>
<allocation-stats totalBytes="36368568" >
  <allocated-bytes non-tlh="0" tlh="36368568" />
  <largest-consumer threadName="main" threadId="00000000023ECF00" bytes="36368568" />
</allocation-stats>
<gc-op id="5684" type="mark" timems="20.985" contextid="5681" timestamp="2019-08-09T18:54:11.087">
  <trace-info objectcount="596262" scancount="517256" scanbytes="13273776" />
  <finalization candidates="80" enqueued="0" />
  <ownableSynchronizers candidates="21" cleared="0" />
  <references type="soft" candidates="1843" cleared="0" enqueued="0" dynamicThreshold="21" maxThreshold="32" />
  <references type="weak" candidates="5710" cleared="0" enqueued="0" />
  <references type="phantom" candidates="97" cleared="0" enqueued="0" />
  <stringconstants candidates="13275" cleared="0"  />
</gc-op>
<gc-op id="5685" type="sweep" timems="2.766" contextid="5681" timestamp="2019-08-09T18:54:11.090" />
<mem-info id="5686" free="36916816" total="54788096" percent="67">
  <mem type="tenure" free="36916816" total="54788096" percent="67" micro-fragmented="0" macro-fragmented="0">
    <mem type="soa" free="36368976" total="54240256" percent="67" />
    <mem type="loa" free="547840" total="547840" percent="100" />
  </mem>
</mem-info>
<gc-op id="5687" type="compact" timems="29.464" contextid="5681" timestamp="2019-08-09T18:54:11.120">
  <compact-info movecount="1564" movebytes="50808" reason="compact to aid heap contraction" />
</gc-op>
<heap-resize id="5688" type="expand" space="tenure" amount="131072" count="1" timems="0.019" reason="satisfy allocation request" timestamp="2019-08-09T18:54:11.121" />
<gc-end id="5689" type="global" contextid="5681" durationms="54.686" usertimems="66.722" systemtimems="27.610" timestamp="2019-08-09T18:54:11.121" activeThreads="16">
  <mem-info id="5690" free="36983904" total="54919168" percent="67">
    <mem type="tenure" free="36983904" total="54919168" percent="67">
      <mem type="soa" free="36435040" total="54370304" percent="67" />
      <mem type="loa" free="548864" total="548864" percent="100" />
    </mem>
  </mem-info>
</gc-end>
<cycle-end id="5691" type="global" contextid="5681" timestamp="2019-08-09T18:54:11.121" />
  <attribute name="elasticGC enabled" value="1" />
  <attribute name= "numThreadsSpecified" value="16" />
  <attribute name="heapSize specified" value="54788096" />
  <attribute name="Current GC Util" value="45" />
  <attribute name= "Current Time Running" value="191064" />
  <attribute name ="GC Interval" value="0" />
  <attribute name="Target GC Util Change" value ="80.000000" />
  <attribute name="Current GC Util Change" value="45.000000"/>
  <attribute name="Current Error" value="-113.000000" />
  <attribute name="Output H" value="54863648"/>
  <attribute name="Output I" value="1880"/>
  <attribute name="Output T" value="16"/>
  <attribute name= "Current Time Running" value="191064" />
  <attribute name="GC Util currently" value="45" />
  <attribute name="CPU Util currently" value="39077763742" />
<allocation-satisfied id="5692" threadId="00000000023ECF00" bytesRequested="24" />
<af-end id="5693" timestamp="2019-08-09T18:54:11.121" threadId="00000000023ED888" success="true" />
<exclusive-end id="5694" timestamp="2019-08-09T18:54:11.121" durationms="54.937" />

<exclusive-start id="5695" timestamp="2019-08-09T18:54:11.276" intervalms="210.270">
  <response-info timems="0.020" idlems="0.020" threads="0" lastid="00000000023ECF00" lastname="main" />
</exclusive-start>
<af-start id="5696" threadId="00000000023ED888" totalBytesRequested="24" timestamp="2019-08-09T18:54:11.276" intervalms="210.260" />
<cycle-start id="5697" type="global" contextid="0" timestamp="2019-08-09T18:54:11.276" intervalms="210.258" />
<gc-start id="5698" type="global" contextid="5697" timestamp="2019-08-09T18:54:11.277">
  <mem-info id="5699" free="548864" total="54919168" percent="0">
    <mem type="tenure" free="548864" total="54919168" percent="0">
      <mem type="soa" free="0" total="54370304" percent="0" />
      <mem type="loa" free="548864" total="548864" percent="100" />
    </mem>
  </mem-info>
</gc-start>
<allocation-stats totalBytes="36498288" >
  <allocated-bytes non-tlh="0" tlh="36498288" />
  <largest-consumer threadName="main" threadId="00000000023ECF00" bytes="36498288" />
</allocation-stats>
<gc-op id="5700" type="mark" timems="9.433" contextid="5697" timestamp="2019-08-09T18:54:11.286">
  <trace-info objectcount="596271" scancount="517260" scanbytes="13273968" />
  <finalization candidates="80" enqueued="0" />
  <ownableSynchronizers candidates="21" cleared="0" />
  <references type="soft" candidates="1843" cleared="0" enqueued="0" dynamicThreshold="21" maxThreshold="32" />
  <references type="weak" candidates="5710" cleared="0" enqueued="0" />
  <references type="phantom" candidates="97" cleared="0" enqueued="0" />
  <stringconstants candidates="13275" cleared="0"  />
</gc-op>
<gc-op id="5701" type="sweep" timems="1.538" contextid="5697" timestamp="2019-08-09T18:54:11.288" />
<mem-info id="5702" free="37047336" total="54919168" percent="67">
  <mem type="tenure" free="37047336" total="54919168" percent="67" micro-fragmented="0" macro-fragmented="0">
    <mem type="soa" free="36498472" total="54370304" percent="67" />
    <mem type="loa" free="548864" total="548864" percent="100" />
  </mem>
</mem-info>
<gc-op id="5703" type="compact" timems="56.872" contextid="5697" timestamp="2019-08-09T18:54:11.344">
  <compact-info movecount="1569" movebytes="50920" reason="compact to aid heap contraction" />
</gc-op>
<heap-resize id="5704" type="expand" space="tenure" amount="131072" count="1" timems="0.018" reason="satisfy allocation request" timestamp="2019-08-09T18:54:11.345" />
<gc-end id="5705" type="global" contextid="5697" durationms="68.461" usertimems="94.026" systemtimems="4.075" timestamp="2019-08-09T18:54:11.345" activeThreads="16">
  <mem-info id="5706" free="37114768" total="55050240" percent="67">
    <mem type="tenure" free="37114768" total="55050240" percent="67">
      <mem type="soa" free="36564880" total="54500352" percent="67" />
      <mem type="loa" free="549888" total="549888" percent="100" />
    </mem>
  </mem-info>
</gc-end>
<cycle-end id="5707" type="global" contextid="5697" timestamp="2019-08-09T18:54:11.345" />
  <attribute name="elasticGC enabled" value="1" />
  <attribute name= "numThreadsSpecified" value="16" />
  <attribute name="heapSize specified" value="54919168" />
  <attribute name="Current GC Util" value="15" />
  <attribute name= "Current Time Running" value="191288" />
  <attribute name ="GC Interval" value="0" />
  <attribute name="Target GC Util Change" value ="80.000000" />
  <attribute name="Current GC Util Change" value="15.000000"/>
  <attribute name="Current Error" value="-370.000000" />
  <attribute name="Output H" value="54994424"/>
  <attribute name="Output I" value="1584"/>
  <attribute name="Output T" value="16"/>
  <attribute name= "Current Time Running" value="191288" />
  <attribute name="GC Util currently" value="15" />
  <attribute name="CPU Util currently" value="20261049875" />
<allocation-satisfied id="5708" threadId="00000000023ECF00" bytesRequested="24" />
<af-end id="5709" timestamp="2019-08-09T18:54:11.345" threadId="00000000023ED888" success="true" />
<exclusive-end id="5710" timestamp="2019-08-09T18:54:11.345" durationms="68.830" />

<exclusive-start id="5711" timestamp="2019-08-09T18:54:11.368" intervalms="91.138">
  <response-info timems="0.021" idlems="0.021" threads="0" lastid="00000000023ECF00" lastname="main" />
</exclusive-start>
<af-start id="5712" threadId="00000000023ED888" totalBytesRequested="32" timestamp="2019-08-09T18:54:11.368" intervalms="91.144" />
<cycle-start id="5713" type="global" contextid="0" timestamp="2019-08-09T18:54:11.368" intervalms="91.138" />
<gc-start id="5714" type="global" contextid="5713" timestamp="2019-08-09T18:54:11.368">
  <mem-info id="5715" free="549888" total="55050240" percent="0">
    <mem type="tenure" free="549888" total="55050240" percent="0">
      <mem type="soa" free="0" total="54500352" percent="0" />
      <mem type="loa" free="549888" total="549888" percent="100" />
    </mem>
  </mem-info>
</gc-start>
<allocation-stats totalBytes="36627496" >
  <allocated-bytes non-tlh="0" tlh="36627496" />
  <largest-consumer threadName="main" threadId="00000000023ECF00" bytes="36627496" />
</allocation-stats>
<gc-op id="5716" type="mark" timems="13.142" contextid="5713" timestamp="2019-08-09T18:54:11.381">
  <trace-info objectcount="596275" scancount="517262" scanbytes="13274128" />
  <finalization candidates="80" enqueued="0" />
  <ownableSynchronizers candidates="21" cleared="0" />
  <references type="soft" candidates="1843" cleared="0" enqueued="0" dynamicThreshold="21" maxThreshold="32" />
  <references type="weak" candidates="5710" cleared="0" enqueued="0" />
  <references type="phantom" candidates="97" cleared="0" enqueued="0" />
  <stringconstants candidates="13275" cleared="0"  />
</gc-op>
<gc-op id="5717" type="sweep" timems="3.570" contextid="5713" timestamp="2019-08-09T18:54:11.384" />
<mem-info id="5718" free="37179112" total="55050240" percent="67">
  <mem type="tenure" free="37179112" total="55050240" percent="67" micro-fragmented="0" macro-fragmented="0">
    <mem type="soa" free="36629224" total="54500352" percent="67" />
    <mem type="loa" free="549888" total="549888" percent="100" />
  </mem>
</mem-info>
<gc-op id="5719" type="compact" timems="56.068" contextid="5713" timestamp="2019-08-09T18:54:11.441">
  <compact-info movecount="1563" movebytes="50792" reason="compact to aid heap contraction" />
</gc-op>
<heap-resize id="5720" type="expand" space="tenure" amount="131072" count="1" timems="0.028" reason="satisfy allocation request" timestamp="2019-08-09T18:54:11.444" />
<gc-end id="5721" type="global" contextid="5713" durationms="76.461" usertimems="82.895" systemtimems="9.125" timestamp="2019-08-09T18:54:11.444" activeThreads="16">
  <mem-info id="5722" free="37245712" total="55181312" percent="67">
    <mem type="tenure" free="37245712" total="55181312" percent="67">
      <mem type="soa" free="36694800" total="54630400" percent="67" />
      <mem type="loa" free="550912" total="550912" percent="100" />
    </mem>
  </mem-info>
</gc-end>
<cycle-end id="5723" type="global" contextid="5713" timestamp="2019-08-09T18:54:11.444" />
  <attribute name="elasticGC enabled" value="1" />
  <attribute name= "numThreadsSpecified" value="16" />
  <attribute name="heapSize specified" value="55050240" />
  <attribute name="Current GC Util" value="19" />
  <attribute name= "Current Time Running" value="191384" />
  <attribute name ="GC Interval" value="0" />
  <attribute name="Target GC Util Change" value ="80.000000" />
  <attribute name="Current GC Util Change" value="19.000000"/>
  <attribute name="Current Error" value="61.000000" />
  <attribute name="Output H" value="55125992"/>
  <attribute name="Output I" value="2080"/>
  <attribute name="Output T" value="16"/>
  <attribute name= "Current Time Running" value="191384" />
  <attribute name="GC Util currently" value="19" />
  <attribute name="CPU Util currently" value="20559045351" />
<allocation-satisfied id="5724" threadId="00000000023ECF00" bytesRequested="32" />
<af-end id="5725" timestamp="2019-08-09T18:54:11.444" threadId="00000000023ED888" success="true" />
<exclusive-end id="5726" timestamp="2019-08-09T18:54:11.444" durationms="76.685" />

<exclusive-start id="5727" timestamp="2019-08-09T18:54:11.483" intervalms="115.558">
  <response-info timems="0.021" idlems="0.021" threads="0" lastid="00000000023ECF00" lastname="main" />
</exclusive-start>
<af-start id="5728" threadId="00000000023ED888" totalBytesRequested="16" timestamp="2019-08-09T18:54:11.483" intervalms="115.556" />
<cycle-start id="5729" type="global" contextid="0" timestamp="2019-08-09T18:54:11.483" intervalms="115.556" />
<gc-start id="5730" type="global" contextid="5729" timestamp="2019-08-09T18:54:11.483">
  <mem-info id="5731" free="550912" total="55181312" percent="0">
    <mem type="tenure" free="550912" total="55181312" percent="0">
      <mem type="soa" free="0" total="54630400" percent="0" />
      <mem type="loa" free="550912" total="550912" percent="100" />
    </mem>
  </mem-info>
</gc-start>
<allocation-stats totalBytes="36757960" >
  <allocated-bytes non-tlh="0" tlh="36757960" />
  <largest-consumer threadName="main" threadId="00000000023ECF00" bytes="36757960" />
</allocation-stats>
<gc-op id="5732" type="mark" timems="50.655" contextid="5729" timestamp="2019-08-09T18:54:11.534">
  <trace-info objectcount="596279" scancount="517273" scanbytes="13274220" />
  <finalization candidates="80" enqueued="0" />
  <ownableSynchronizers candidates="21" cleared="0" />
  <references type="soft" candidates="1843" cleared="0" enqueued="0" dynamicThreshold="21" maxThreshold="32" />
  <references type="weak" candidates="5710" cleared="0" enqueued="0" />
  <references type="phantom" candidates="97" cleared="0" enqueued="0" />
  <stringconstants candidates="13275" cleared="0"  />
</gc-op>
<gc-op id="5733" type="sweep" timems="2.699" contextid="5729" timestamp="2019-08-09T18:54:11.537" />
<mem-info id="5734" free="37310712" total="55181312" percent="67">
  <mem type="tenure" free="37310712" total="55181312" percent="67" micro-fragmented="0" macro-fragmented="0">
    <mem type="soa" free="36759800" total="54630400" percent="67" />
    <mem type="loa" free="550912" total="550912" percent="100" />
  </mem>
</mem-info>
<gc-op id="5735" type="compact" timems="34.825" contextid="5729" timestamp="2019-08-09T18:54:11.572">
  <compact-info movecount="14" movebytes="360" reason="compact to aid heap contraction" />
</gc-op>
<heap-resize id="5736" type="expand" space="tenure" amount="131072" count="1" timems="0.021" reason="satisfy allocation request" timestamp="2019-08-09T18:54:11.572" />
<gc-end id="5737" type="global" contextid="5729" durationms="88.911" usertimems="133.672" systemtimems="40.104" timestamp="2019-08-09T18:54:11.572" activeThreads="16">
  <mem-info id="5738" free="37376688" total="55312384" percent="67">
    <mem type="tenure" free="37376688" total="55312384" percent="67">
      <mem type="soa" free="36823728" total="54759424" percent="67" />
      <mem type="loa" free="552960" total="552960" percent="100" />
    </mem>
  </mem-info>
</gc-end>
<cycle-end id="5739" type="global" contextid="5729" timestamp="2019-08-09T18:54:11.572" />
  <attribute name="elasticGC enabled" value="1" />
  <attribute name= "numThreadsSpecified" value="16" />
  <attribute name="heapSize specified" value="55181312" />
  <attribute name="Current GC Util" value="59" />
  <attribute name= "Current Time Running" value="191515" />
  <attribute name ="GC Interval" value="0" />
  <attribute name="Target GC Util Change" value ="80.000000" />
  <attribute name="Current GC Util Change" value="59.000000"/>
  <attribute name="Current Error" value="-57.000000" />
  <attribute name="Output H" value="55256928"/>
  <attribute name="Output I" value="1944"/>
  <attribute name="Output T" value="16"/>
  <attribute name= "Current Time Running" value="191515" />
  <attribute name="GC Util currently" value="59" />
  <attribute name="CPU Util currently" value="33067093944" />
<allocation-satisfied id="5740" threadId="00000000023ECF00" bytesRequested="16" />
<af-end id="5741" timestamp="2019-08-09T18:54:11.572" threadId="00000000023ED888" success="true" />
<exclusive-end id="5742" timestamp="2019-08-09T18:54:11.572" durationms="89.243" />

<exclusive-start id="5743" timestamp="2019-08-09T18:54:11.636" intervalms="152.697">
  <response-info timems="0.019" idlems="0.019" threads="0" lastid="00000000023ECF00" lastname="main" />
</exclusive-start>
<af-start id="5744" threadId="00000000023ED888" totalBytesRequested="40" timestamp="2019-08-09T18:54:11.636" intervalms="152.709" />
<cycle-start id="5745" type="global" contextid="0" timestamp="2019-08-09T18:54:11.636" intervalms="152.715" />
<gc-start id="5746" type="global" contextid="5745" timestamp="2019-08-09T18:54:11.636">
  <mem-info id="5747" free="552960" total="55312384" percent="0">
    <mem type="tenure" free="552960" total="55312384" percent="0">
      <mem type="soa" free="0" total="54759424" percent="0" />
      <mem type="loa" free="552960" total="552960" percent="100" />
    </mem>
  </mem-info>
</gc-start>
<allocation-stats totalBytes="36886576" >
  <allocated-bytes non-tlh="0" tlh="36886576" />
  <largest-consumer threadName="main" threadId="00000000023ECF00" bytes="36886576" />
</allocation-stats>
<gc-op id="5748" type="mark" timems="9.992" contextid="5745" timestamp="2019-08-09T18:54:11.646">
  <trace-info objectcount="596279" scancount="517269" scanbytes="13274220" />
  <finalization candidates="80" enqueued="0" />
  <ownableSynchronizers candidates="21" cleared="0" />
  <references type="soft" candidates="1843" cleared="0" enqueued="0" dynamicThreshold="21" maxThreshold="32" />
  <references type="weak" candidates="5710" cleared="0" enqueued="0" />
  <references type="phantom" candidates="97" cleared="0" enqueued="0" />
  <stringconstants candidates="13275" cleared="0"  />
</gc-op>
<gc-op id="5749" type="sweep" timems="1.500" contextid="5745" timestamp="2019-08-09T18:54:11.648" />
<mem-info id="5750" free="37441472" total="55312384" percent="67">
  <mem type="tenure" free="37441472" total="55312384" percent="67" micro-fragmented="0" macro-fragmented="0">
    <mem type="soa" free="36888512" total="54759424" percent="67" />
    <mem type="loa" free="552960" total="552960" percent="100" />
  </mem>
</mem-info>
<gc-op id="5751" type="compact" timems="56.944" contextid="5745" timestamp="2019-08-09T18:54:11.705">
  <compact-info movecount="1565" movebytes="50832" reason="compact to aid heap contraction" />
</gc-op>
<heap-resize id="5752" type="expand" space="tenure" amount="131072" count="1" timems="0.016" reason="satisfy allocation request" timestamp="2019-08-09T18:54:11.706" />
<gc-end id="5753" type="global" contextid="5745" durationms="69.626" usertimems="102.190" systemtimems="10.311" timestamp="2019-08-09T18:54:11.706" activeThreads="16">
  <mem-info id="5754" free="37507768" total="55443456" percent="67">
    <mem type="tenure" free="37507768" total="55443456" percent="67">
      <mem type="soa" free="36953784" total="54889472" percent="67" />
      <mem type="loa" free="553984" total="553984" percent="100" />
    </mem>
  </mem-info>
</gc-end>
<cycle-end id="5755" type="global" contextid="5745" timestamp="2019-08-09T18:54:11.706" />
  <attribute name="elasticGC enabled" value="1" />
  <attribute name= "numThreadsSpecified" value="16" />
  <attribute name="heapSize specified" value="55312384" />
  <attribute name="Current GC Util" value="17" />
  <attribute name= "Current Time Running" value="191648" />
  <attribute name ="GC Interval" value="0" />
  <attribute name="Target GC Util Change" value ="80.000000" />
  <attribute name="Current GC Util Change" value="17.000000"/>
  <attribute name="Current Error" value="-340.000000" />
  <attribute name="Output H" value="55387672"/>
  <attribute name="Output I" value="1616"/>
  <attribute name="Output T" value="16"/>
  <attribute name= "Current Time Running" value="191648" />
  <attribute name="GC Util currently" value="17" />
  <attribute name="CPU Util currently" value="20234358058" />
<allocation-satisfied id="5756" threadId="00000000023ECF00" bytesRequested="40" />
<af-end id="5757" timestamp="2019-08-09T18:54:11.706" threadId="00000000023ED888" success="true" />
<exclusive-end id="5758" timestamp="2019-08-09T18:54:11.706" durationms="69.850" />

<exclusive-start id="5759" timestamp="2019-08-09T18:54:11.807" intervalms="171.690">
  <response-info timems="0.019" idlems="0.019" threads="0" lastid="00000000023ECF00" lastname="main" />
</exclusive-start>
<af-start id="5760" threadId="00000000023ED888" totalBytesRequested="112" timestamp="2019-08-09T18:54:11.808" intervalms="171.669" />
<cycle-start id="5761" type="global" contextid="0" timestamp="2019-08-09T18:54:11.808" intervalms="171.662" />
<gc-start id="5762" type="global" contextid="5761" timestamp="2019-08-09T18:54:11.808">
  <mem-info id="5763" free="553984" total="55443456" percent="0">
    <mem type="tenure" free="553984" total="55443456" percent="0">
      <mem type="soa" free="0" total="54889472" percent="0" />
      <mem type="loa" free="553984" total="553984" percent="100" />
    </mem>
  </mem-info>
</gc-start>
<allocation-stats totalBytes="37010624" >
  <allocated-bytes non-tlh="0" tlh="37010624" />
  <largest-consumer threadName="main" threadId="00000000023ECF00" bytes="37010624" />
</allocation-stats>
<gc-op id="5764" type="mark" timems="8.985" contextid="5761" timestamp="2019-08-09T18:54:11.817">
  <trace-info objectcount="596286" scancount="517275" scanbytes="13274272" />
  <finalization candidates="80" enqueued="0" />
  <ownableSynchronizers candidates="21" cleared="0" />
  <references type="soft" candidates="1843" cleared="0" enqueued="0" dynamicThreshold="21" maxThreshold="32" />
  <references type="weak" candidates="5710" cleared="0" enqueued="0" />
  <references type="phantom" candidates="97" cleared="0" enqueued="0" />
  <stringconstants candidates="13275" cleared="0"  />
</gc-op>
<gc-op id="5765" type="sweep" timems="1.450" contextid="5761" timestamp="2019-08-09T18:54:11.818" />
<mem-info id="5766" free="37571416" total="55443456" percent="67">
  <mem type="tenure" free="37571416" total="55443456" percent="67" micro-fragmented="0" macro-fragmented="0">
    <mem type="soa" free="37017432" total="54889472" percent="67" />
    <mem type="loa" free="553984" total="553984" percent="100" />
  </mem>
</mem-info>
<gc-op id="5767" type="compact" timems="50.754" contextid="5761" timestamp="2019-08-09T18:54:11.869">
  <compact-info movecount="1570" movebytes="51704" reason="compact to aid heap contraction" />
</gc-op>
<heap-resize id="5768" type="expand" space="tenure" amount="131072" count="1" timems="0.016" reason="satisfy allocation request" timestamp="2019-08-09T18:54:11.869" />
<gc-end id="5769" type="global" contextid="5761" durationms="61.784" usertimems="101.460" systemtimems="0.000" timestamp="2019-08-09T18:54:11.869" activeThreads="16">
  <mem-info id="5770" free="37637920" total="55574528" percent="67">
    <mem type="tenure" free="37637920" total="55574528" percent="67">
      <mem type="soa" free="37082912" total="55019520" percent="67" />
      <mem type="loa" free="555008" total="555008" percent="100" />
    </mem>
  </mem-info>
</gc-end>
<cycle-end id="5771" type="global" contextid="5761" timestamp="2019-08-09T18:54:11.869" />
  <attribute name="elasticGC enabled" value="1" />
  <attribute name= "numThreadsSpecified" value="16" />
  <attribute name="heapSize specified" value="55443456" />
  <attribute name="Current GC Util" value="16" />
  <attribute name= "Current Time Running" value="191813" />
  <attribute name ="GC Interval" value="0" />
  <attribute name="Target GC Util Change" value ="80.000000" />
  <attribute name="Current GC Util Change" value="16.000000"/>
  <attribute name="Current Error" value="64.000000" />
  <attribute name="Output H" value="55519216"/>
  <attribute name="Output I" value="2088"/>
  <attribute name="Output T" value="16"/>
  <attribute name= "Current Time Running" value="191813" />
  <attribute name="GC Util currently" value="16" />
  <attribute name="CPU Util currently" value="22700567217" />
<allocation-satisfied id="5772" threadId="00000000023ECF00" bytesRequested="112" />
<af-end id="5773" timestamp="2019-08-09T18:54:11.870" threadId="00000000023ED888" success="true" />
<exclusive-end id="5774" timestamp="2019-08-09T18:54:11.870" durationms="62.089" />

<exclusive-start id="5775" timestamp="2019-08-09T18:54:11.901" intervalms="93.657">
  <response-info timems="0.016" idlems="0.016" threads="0" lastid="00000000023ECF00" lastname="main" />
</exclusive-start>
<af-start id="5776" threadId="00000000023ED888" totalBytesRequested="520" timestamp="2019-08-09T18:54:11.901" intervalms="93.654" />
<cycle-start id="5777" type="global" contextid="0" timestamp="2019-08-09T18:54:11.901" intervalms="93.654" />
<gc-start id="5778" type="global" contextid="5777" timestamp="2019-08-09T18:54:11.901">
  <mem-info id="5779" free="555008" total="55574528" percent="0">
    <mem type="tenure" free="555008" total="55574528" percent="0">
      <mem type="soa" free="0" total="55019520" percent="0" />
      <mem type="loa" free="555008" total="555008" percent="100" />
    </mem>
  </mem-info>
</gc-start>
<allocation-stats totalBytes="37131224" >
  <allocated-bytes non-tlh="0" tlh="37131224" />
  <largest-consumer threadName="main" threadId="00000000023ECF00" bytes="37131224" />
</allocation-stats>
<gc-op id="5780" type="mark" timems="29.938" contextid="5777" timestamp="2019-08-09T18:54:11.931">
  <trace-info objectcount="596287" scancount="517276" scanbytes="13274296" />
  <finalization candidates="80" enqueued="0" />
  <ownableSynchronizers candidates="21" cleared="0" />
  <references type="soft" candidates="1843" cleared="0" enqueued="0" dynamicThreshold="21" maxThreshold="32" />
  <references type="weak" candidates="5710" cleared="0" enqueued="0" />
  <references type="phantom" candidates="97" cleared="0" enqueued="0" />
  <stringconstants candidates="13275" cleared="0"  />
</gc-op>
<gc-op id="5781" type="sweep" timems="10.730" contextid="5777" timestamp="2019-08-09T18:54:11.942" />
<mem-info id="5782" free="37703328" total="55574528" percent="67">
  <mem type="tenure" free="37703328" total="55574528" percent="67" micro-fragmented="0" macro-fragmented="0">
    <mem type="soa" free="37148320" total="55019520" percent="67" />
    <mem type="loa" free="555008" total="555008" percent="100" />
  </mem>
</mem-info>
<gc-op id="5783" type="compact" timems="28.683" contextid="5777" timestamp="2019-08-09T18:54:11.971">
  <compact-info movecount="2" movebytes="56" reason="compact to aid heap contraction" />
</gc-op>
<heap-resize id="5784" type="expand" space="tenure" amount="131072" count="1" timems="0.023" reason="satisfy allocation request" timestamp="2019-08-09T18:54:11.972" />
<gc-end id="5785" type="global" contextid="5777" durationms="71.068" usertimems="72.486" systemtimems="0.000" timestamp="2019-08-09T18:54:11.972" activeThreads="16">
  <mem-info id="5786" free="37768968" total="55705600" percent="67">
    <mem type="tenure" free="37768968" total="55705600" percent="67">
      <mem type="soa" free="37211912" total="55148544" percent="67" />
      <mem type="loa" free="557056" total="557056" percent="100" />
    </mem>
  </mem-info>
</gc-end>
<cycle-end id="5787" type="global" contextid="5777" timestamp="2019-08-09T18:54:11.972" />
  <attribute name="elasticGC enabled" value="1" />
  <attribute name= "numThreadsSpecified" value="16" />
  <attribute name="heapSize specified" value="55574528" />
  <attribute name="Current GC Util" value="28" />
  <attribute name= "Current Time Running" value="191915" />
  <attribute name ="GC Interval" value="0" />
  <attribute name="Target GC Util Change" value ="80.000000" />
  <attribute name="Current GC Util Change" value="28.000000"/>
  <attribute name="Current Error" value="131.000000" />
  <attribute name="Output H" value="55650360"/>
  <attribute name="Output I" value="2160"/>
  <attribute name="Output T" value="16"/>
  <attribute name= "Current Time Running" value="191915" />
  <attribute name="GC Util currently" value="28" />
  <attribute name="CPU Util currently" value="40071797153" />
<allocation-satisfied id="5788" threadId="00000000023ECF00" bytesRequested="520" />
<af-end id="5789" timestamp="2019-08-09T18:54:11.972" threadId="00000000023ED888" success="true" />
<exclusive-end id="5790" timestamp="2019-08-09T18:54:11.972" durationms="71.352" />

<exclusive-start id="5791" timestamp="2019-08-09T18:54:12.039" intervalms="137.859">
  <response-info timems="0.019" idlems="0.019" threads="0" lastid="00000000023ECF00" lastname="main" />
</exclusive-start>
<af-start id="5792" threadId="00000000023ED888" totalBytesRequested="528" timestamp="2019-08-09T18:54:12.039" intervalms="137.900" />
<cycle-start id="5793" type="global" contextid="0" timestamp="2019-08-09T18:54:12.039" intervalms="137.900" />
<gc-start id="5794" type="global" contextid="5793" timestamp="2019-08-09T18:54:12.039">
  <mem-info id="5795" free="557056" total="55705600" percent="1">
    <mem type="tenure" free="557056" total="55705600" percent="1">
      <mem type="soa" free="0" total="55148544" percent="0" />
      <mem type="loa" free="557056" total="557056" percent="100" />
    </mem>
  </mem-info>
</gc-start>
<allocation-stats totalBytes="37259352" >
  <allocated-bytes non-tlh="0" tlh="37259352" />
  <largest-consumer threadName="main" threadId="00000000023ECF00" bytes="37259352" />
</allocation-stats>
<gc-op id="5796" type="mark" timems="19.582" contextid="5793" timestamp="2019-08-09T18:54:12.059">
  <trace-info objectcount="596288" scancount="517294" scanbytes="13274296" />
  <finalization candidates="80" enqueued="0" />
  <ownableSynchronizers candidates="21" cleared="0" />
  <references type="soft" candidates="1843" cleared="0" enqueued="0" dynamicThreshold="21" maxThreshold="32" />
  <references type="weak" candidates="5710" cleared="0" enqueued="0" />
  <references type="phantom" candidates="97" cleared="0" enqueued="0" />
  <stringconstants candidates="13275" cleared="0"  />
</gc-op>
<gc-op id="5797" type="sweep" timems="7.262" contextid="5793" timestamp="2019-08-09T18:54:12.066" />
<mem-info id="5798" free="37833144" total="55705600" percent="67">
  <mem type="tenure" free="37833144" total="55705600" percent="67" micro-fragmented="0" macro-fragmented="0">
    <mem type="soa" free="37276088" total="55148544" percent="67" />
    <mem type="loa" free="557056" total="557056" percent="100" />
  </mem>
</mem-info>
<gc-op id="5799" type="compact" timems="42.901" contextid="5793" timestamp="2019-08-09T18:54:12.109">
  <compact-info movecount="3" movebytes="576" reason="compact to aid heap contraction" />
</gc-op>
<heap-resize id="5800" type="expand" space="tenure" amount="131072" count="1" timems="0.062" reason="satisfy allocation request" timestamp="2019-08-09T18:54:12.113" />
<gc-end id="5801" type="global" contextid="5793" durationms="74.645" usertimems="74.890" systemtimems="6.600" timestamp="2019-08-09T18:54:12.114" activeThreads="16">
  <mem-info id="5802" free="37899520" total="55836672" percent="67">
    <mem type="tenure" free="37899520" total="55836672" percent="67">
      <mem type="soa" free="37341440" total="55278592" percent="67" />
      <mem type="loa" free="558080" total="558080" percent="100" />
    </mem>
  </mem-info>
</gc-end>
<cycle-end id="5803" type="global" contextid="5793" timestamp="2019-08-09T18:54:12.114" />
  <attribute name="elasticGC enabled" value="1" />
  <attribute name= "numThreadsSpecified" value="16" />
  <attribute name="heapSize specified" value="55705600" />
  <attribute name="Current GC Util" value="26" />
  <attribute name= "Current Time Running" value="192053" />
  <attribute name ="GC Interval" value="0" />
  <attribute name="Target GC Util Change" value ="80.000000" />
  <attribute name="Current GC Util Change" value="26.000000"/>
  <attribute name="Current Error" value="11.000000" />
  <attribute name="Output H" value="55781296"/>
  <attribute name="Output I" value="2024"/>
  <attribute name="Output T" value="16"/>
  <attribute name= "Current Time Running" value="192053" />
  <attribute name="GC Util currently" value="26" />
  <attribute name="CPU Util currently" value="26842233160" />
<allocation-satisfied id="5804" threadId="00000000023ECF00" bytesRequested="528" />
<af-end id="5805" timestamp="2019-08-09T18:54:12.114" threadId="00000000023ED888" success="true" />
<exclusive-end id="5806" timestamp="2019-08-09T18:54:12.114" durationms="75.168" />

<exclusive-start id="5807" timestamp="2019-08-09T18:54:12.220" intervalms="181.153">
  <response-info timems="0.021" idlems="0.021" threads="0" lastid="00000000023ECF00" lastname="main" />
</exclusive-start>
<af-start id="5808" threadId="00000000023ED888" totalBytesRequested="584" timestamp="2019-08-09T18:54:12.220" intervalms="181.123" />
<cycle-start id="5809" type="global" contextid="0" timestamp="2019-08-09T18:54:12.220" intervalms="181.122" />
<gc-start id="5810" type="global" contextid="5809" timestamp="2019-08-09T18:54:12.220">
  <mem-info id="5811" free="558080" total="55836672" percent="0">
    <mem type="tenure" free="558080" total="55836672" percent="0">
      <mem type="soa" free="0" total="55278592" percent="0" />
      <mem type="loa" free="558080" total="558080" percent="100" />
    </mem>
  </mem-info>
</gc-start>
<allocation-stats totalBytes="37395800" >
  <allocated-bytes non-tlh="0" tlh="37395800" />
  <largest-consumer threadName="main" threadId="00000000023ECF00" bytes="37395800" />
</allocation-stats>
<gc-op id="5812" type="mark" timems="17.327" contextid="5809" timestamp="2019-08-09T18:54:12.238">
  <trace-info objectcount="596277" scancount="517269" scanbytes="13274140" />
  <finalization candidates="80" enqueued="0" />
  <ownableSynchronizers candidates="21" cleared="0" />
  <references type="soft" candidates="1843" cleared="0" enqueued="0" dynamicThreshold="21" maxThreshold="32" />
  <references type="weak" candidates="5710" cleared="0" enqueued="0" />
  <references type="phantom" candidates="97" cleared="0" enqueued="0" />
  <stringconstants candidates="13275" cleared="0"  />
</gc-op>
<gc-op id="5813" type="sweep" timems="4.655" contextid="5809" timestamp="2019-08-09T18:54:12.242" />
<mem-info id="5814" free="37964696" total="55836672" percent="67">
  <mem type="tenure" free="37964696" total="55836672" percent="67" micro-fragmented="0" macro-fragmented="0">
    <mem type="soa" free="37406616" total="55278592" percent="67" />
    <mem type="loa" free="558080" total="558080" percent="100" />
  </mem>
</mem-info>
<gc-op id="5815" type="compact" timems="37.796" contextid="5809" timestamp="2019-08-09T18:54:12.280">
  <compact-info movecount="1539" movebytes="50640" reason="compact to aid heap contraction" />
</gc-op>
<heap-resize id="5816" type="expand" space="tenure" amount="131072" count="1" timems="0.020" reason="satisfy allocation request" timestamp="2019-08-09T18:54:12.281" />
<gc-end id="5817" type="global" contextid="5809" durationms="60.581" usertimems="100.581" systemtimems="24.859" timestamp="2019-08-09T18:54:12.281" activeThreads="16">
  <mem-info id="5818" free="38031568" total="55967744" percent="67">
    <mem type="tenure" free="38031568" total="55967744" percent="67">
      <mem type="soa" free="37472464" total="55408640" percent="67" />
      <mem type="loa" free="559104" total="559104" percent="100" />
    </mem>
  </mem-info>
</gc-end>
<cycle-end id="5819" type="global" contextid="5809" timestamp="2019-08-09T18:54:12.281" />
  <attribute name="elasticGC enabled" value="1" />
  <attribute name= "numThreadsSpecified" value="16" />
  <attribute name="heapSize specified" value="55836672" />
  <attribute name="Current GC Util" value="36" />
  <attribute name= "Current Time Running" value="192224" />
  <attribute name ="GC Interval" value="0" />
  <attribute name="Target GC Util Change" value ="80.000000" />
  <attribute name="Current GC Util Change" value="36.000000"/>
  <attribute name="Current Error" value="44.000000" />
  <attribute name="Output H" value="55912408"/>
  <attribute name="Output I" value="2064"/>
  <attribute name="Output T" value="16"/>
  <attribute name= "Current Time Running" value="192224" />
  <attribute name="GC Util currently" value="36" />
  <attribute name="CPU Util currently" value="30456868976" />
<allocation-satisfied id="5820" threadId="00000000023ECF00" bytesRequested="584" />
<af-end id="5821" timestamp="2019-08-09T18:54:12.281" threadId="00000000023ED888" success="true" />
<exclusive-end id="5822" timestamp="2019-08-09T18:54:12.281" durationms="60.826" />

<exclusive-start id="5823" timestamp="2019-08-09T18:54:12.288" intervalms="68.000">
  <response-info timems="0.023" idlems="0.023" threads="0" lastid="00000000023ECF00" lastname="main" />
</exclusive-start>
<af-start id="5824" threadId="00000000023ED888" totalBytesRequested="544" timestamp="2019-08-09T18:54:12.288" intervalms="68.016" />
<cycle-start id="5825" type="global" contextid="0" timestamp="2019-08-09T18:54:12.288" intervalms="68.038" />
<gc-start id="5826" type="global" contextid="5825" timestamp="2019-08-09T18:54:12.288">
  <mem-info id="5827" free="559104" total="55967744" percent="0">
    <mem type="tenure" free="559104" total="55967744" percent="0">
      <mem type="soa" free="0" total="55408640" percent="0" />
      <mem type="loa" free="559104" total="559104" percent="100" />
    </mem>
  </mem-info>
</gc-start>
<allocation-stats totalBytes="37471808" >
  <allocated-bytes non-tlh="0" tlh="37471808" />
  <largest-consumer threadName="main" threadId="00000000023ECF00" bytes="37471808" />
</allocation-stats>
<gc-op id="5828" type="mark" timems="39.241" contextid="5825" timestamp="2019-08-09T18:54:12.328">
  <trace-info objectcount="596278" scancount="517274" scanbytes="13274164" />
  <finalization candidates="80" enqueued="0" />
  <ownableSynchronizers candidates="21" cleared="0" />
  <references type="soft" candidates="1843" cleared="0" enqueued="0" dynamicThreshold="21" maxThreshold="32" />
  <references type="weak" candidates="5710" cleared="0" enqueued="0" />
  <references type="phantom" candidates="97" cleared="0" enqueued="0" />
  <stringconstants candidates="13275" cleared="0"  />
</gc-op>
<gc-op id="5829" type="sweep" timems="7.701" contextid="5825" timestamp="2019-08-09T18:54:12.335" />
<mem-info id="5830" free="38097000" total="55967744" percent="68">
  <mem type="tenure" free="38097000" total="55967744" percent="68" micro-fragmented="0" macro-fragmented="0">
    <mem type="soa" free="37537896" total="55408640" percent="67" />
    <mem type="loa" free="559104" total="559104" percent="100" />
  </mem>
</mem-info>
<gc-op id="5831" type="compact" timems="27.947" contextid="5825" timestamp="2019-08-09T18:54:12.363">
  <compact-info movecount="3" movebytes="72" reason="compact to aid heap contraction" />
</gc-op>
<heap-resize id="5832" type="expand" space="tenure" amount="131072" count="1" timems="0.019" reason="satisfy allocation request" timestamp="2019-08-09T18:54:12.364" />
<gc-end id="5833" type="global" contextid="5825" durationms="75.808" usertimems="67.054" systemtimems="55.031" timestamp="2019-08-09T18:54:12.364" activeThreads="16">
  <mem-info id="5834" free="38162616" total="56098816" percent="68">
    <mem type="tenure" free="38162616" total="56098816" percent="68">
      <mem type="soa" free="37602488" total="55538688" percent="67" />
      <mem type="loa" free="560128" total="560128" percent="100" />
    </mem>
  </mem-info>
</gc-end>
<cycle-end id="5835" type="global" contextid="5825" timestamp="2019-08-09T18:54:12.364" />
  <attribute name="elasticGC enabled" value="1" />
  <attribute name= "numThreadsSpecified" value="16" />
  <attribute name="heapSize specified" value="55967744" />
  <attribute name="Current GC Util" value="61" />
  <attribute name= "Current Time Running" value="192307" />
  <attribute name ="GC Interval" value="0" />
  <attribute name="Target GC Util Change" value ="80.000000" />
  <attribute name="Current GC Util Change" value="61.000000"/>
  <attribute name="Current Error" value="-514.000000" />
  <attribute name="Output H" value="56042832"/>
  <attribute name="Output I" value="1416"/>
  <attribute name="Output T" value="16"/>
  <attribute name= "Current Time Running" value="192307" />
  <attribute name="GC Util currently" value="61" />
  <attribute name="CPU Util currently" value="41267917970" />
<allocation-satisfied id="5836" threadId="00000000023ECF00" bytesRequested="544" />
<af-end id="5837" timestamp="2019-08-09T18:54:12.364" threadId="00000000023ED888" success="true" />
<exclusive-end id="5838" timestamp="2019-08-09T18:54:12.364" durationms="76.104" />

<exclusive-start id="5839" timestamp="2019-08-09T18:54:12.369" intervalms="81.015">
  <response-info timems="0.018" idlems="0.018" threads="0" lastid="00000000023ECF00" lastname="main" />
</exclusive-start>
<af-start id="5840" threadId="00000000023ED888" totalBytesRequested="32" timestamp="2019-08-09T18:54:12.369" intervalms="80.992" />
<cycle-start id="5841" type="global" contextid="0" timestamp="2019-08-09T18:54:12.369" intervalms="80.987" />
<gc-start id="5842" type="global" contextid="5841" timestamp="2019-08-09T18:54:12.369">
  <mem-info id="5843" free="560128" total="56098816" percent="0">
    <mem type="tenure" free="560128" total="56098816" percent="0">
      <mem type="soa" free="0" total="55538688" percent="0" />
      <mem type="loa" free="560128" total="560128" percent="100" />
    </mem>
  </mem-info>
</gc-start>
<allocation-stats totalBytes="37601440" >
  <allocated-bytes non-tlh="0" tlh="37601440" />
  <largest-consumer threadName="main" threadId="00000000023ECF00" bytes="37601440" />
</allocation-stats>
<gc-op id="5844" type="mark" timems="30.572" contextid="5841" timestamp="2019-08-09T18:54:12.400">
  <trace-info objectcount="596276" scancount="517265" scanbytes="13274116" />
  <finalization candidates="80" enqueued="0" />
  <ownableSynchronizers candidates="21" cleared="0" />
  <references type="soft" candidates="1843" cleared="0" enqueued="0" dynamicThreshold="21" maxThreshold="32" />
  <references type="weak" candidates="5710" cleared="0" enqueued="0" />
  <references type="phantom" candidates="97" cleared="0" enqueued="0" />
  <stringconstants candidates="13275" cleared="0"  />
</gc-op>
<gc-op id="5845" type="sweep" timems="20.094" contextid="5841" timestamp="2019-08-09T18:54:12.425" />
<mem-info id="5846" free="38228200" total="56098816" percent="68">
  <mem type="tenure" free="38228200" total="56098816" percent="68" micro-fragmented="0" macro-fragmented="0">
    <mem type="soa" free="37668072" total="55538688" percent="67" />
    <mem type="loa" free="560128" total="560128" percent="100" />
  </mem>
</mem-info>
<gc-op id="5847" type="compact" timems="33.774" contextid="5841" timestamp="2019-08-09T18:54:12.459">
  <compact-info movecount="1" movebytes="24" reason="compact to aid heap contraction" />
</gc-op>
<heap-resize id="5848" type="expand" space="tenure" amount="131072" count="1" timems="0.021" reason="satisfy allocation request" timestamp="2019-08-09T18:54:12.460" />
<gc-end id="5849" type="global" contextid="5841" durationms="90.580" usertimems="79.046" systemtimems="46.869" timestamp="2019-08-09T18:54:12.460" activeThreads="16">
  <mem-info id="5850" free="38293736" total="56229888" percent="68">
    <mem type="tenure" free="38293736" total="56229888" percent="68">
      <mem type="soa" free="37731560" total="55667712" percent="67" />
      <mem type="loa" free="562176" total="562176" percent="100" />
    </mem>
  </mem-info>
</gc-end>
<cycle-end id="5851" type="global" contextid="5841" timestamp="2019-08-09T18:54:12.460" />
  <attribute name="elasticGC enabled" value="1" />
  <attribute name= "numThreadsSpecified" value="16" />
  <attribute name="heapSize specified" value="56098816" />
  <attribute name="Current GC Util" value="60" />
  <attribute name= "Current Time Running" value="192403" />
  <attribute name ="GC Interval" value="0" />
  <attribute name="Target GC Util Change" value ="80.000000" />
  <attribute name="Current GC Util Change" value="60.000000"/>
  <attribute name="Current Error" value="11.000000" />
  <attribute name="Output H" value="56174512"/>
  <attribute name="Output I" value="2024"/>
  <attribute name="Output T" value="16"/>
  <attribute name= "Current Time Running" value="192403" />
  <attribute name="GC Util currently" value="60" />
  <attribute name="CPU Util currently" value="34138732607" />
<allocation-satisfied id="5852" threadId="00000000023ECF00" bytesRequested="32" />
<af-end id="5853" timestamp="2019-08-09T18:54:12.460" threadId="00000000023ED888" success="true" />
<exclusive-end id="5854" timestamp="2019-08-09T18:54:12.460" durationms="90.855" />

<exclusive-start id="5855" timestamp="2019-08-09T18:54:12.465" intervalms="95.448">
  <response-info timems="0.024" idlems="0.024" threads="0" lastid="00000000023ECF00" lastname="main" />
</exclusive-start>
<af-start id="5856" threadId="00000000023ED888" totalBytesRequested="544" timestamp="2019-08-09T18:54:12.465" intervalms="95.479" />
<cycle-start id="5857" type="global" contextid="0" timestamp="2019-08-09T18:54:12.465" intervalms="95.514" />
<gc-start id="5858" type="global" contextid="5857" timestamp="2019-08-09T18:54:12.465">
  <mem-info id="5859" free="562176" total="56229888" percent="0">
    <mem type="tenure" free="562176" total="56229888" percent="0">
      <mem type="soa" free="0" total="55667712" percent="0" />
      <mem type="loa" free="562176" total="562176" percent="100" />
    </mem>
  </mem-info>
</gc-start>
<allocation-stats totalBytes="37730888" >
  <allocated-bytes non-tlh="0" tlh="37730888" />
  <largest-consumer threadName="main" threadId="00000000023ECF00" bytes="37730888" />
</allocation-stats>
<gc-op id="5860" type="mark" timems="49.738" contextid="5857" timestamp="2019-08-09T18:54:12.515">
  <trace-info objectcount="596278" scancount="517268" scanbytes="13274164" />
  <finalization candidates="80" enqueued="0" />
  <ownableSynchronizers candidates="21" cleared="0" />
  <references type="soft" candidates="1843" cleared="0" enqueued="0" dynamicThreshold="21" maxThreshold="32" />
  <references type="weak" candidates="5710" cleared="0" enqueued="0" />
  <references type="phantom" candidates="97" cleared="0" enqueued="0" />
  <stringconstants candidates="13275" cleared="0"  />
</gc-op>
<gc-op id="5861" type="sweep" timems="11.056" contextid="5857" timestamp="2019-08-09T18:54:12.526" />
<mem-info id="5862" free="38358960" total="56229888" percent="68">
  <mem type="tenure" free="38358960" total="56229888" percent="68" micro-fragmented="0" macro-fragmented="0">
    <mem type="soa" free="37796784" total="55667712" percent="67" />
    <mem type="loa" free="562176" total="562176" percent="100" />
  </mem>
</mem-info>
<gc-op id="5863" type="compact" timems="28.986" contextid="5857" timestamp="2019-08-09T18:54:12.555">
  <compact-info movecount="3" movebytes="72" reason="compact to aid heap contraction" />
</gc-op>
<heap-resize id="5864" type="expand" space="tenure" amount="131072" count="1" timems="0.019" reason="satisfy allocation request" timestamp="2019-08-09T18:54:12.556" />
<gc-end id="5865" type="global" contextid="5857" durationms="91.060" usertimems="84.814" systemtimems="12.119" timestamp="2019-08-09T18:54:12.556" activeThreads="16">
  <mem-info id="5866" free="38424760" total="56360960" percent="68">
    <mem type="tenure" free="38424760" total="56360960" percent="68">
      <mem type="soa" free="37861560" total="55797760" percent="67" />
      <mem type="loa" free="563200" total="563200" percent="100" />
    </mem>
  </mem-info>
</gc-end>
<cycle-end id="5867" type="global" contextid="5857" timestamp="2019-08-09T18:54:12.556" />
  <attribute name="elasticGC enabled" value="1" />
  <attribute name= "numThreadsSpecified" value="16" />
  <attribute name="heapSize specified" value="56229888" />
  <attribute name="Current GC Util" value="18" />
  <attribute name= "Current Time Running" value="192499" />
  <attribute name ="GC Interval" value="0" />
  <attribute name="Target GC Util Change" value ="80.000000" />
  <attribute name="Current GC Util Change" value="18.000000"/>
  <attribute name="Current Error" value="62.000000" />
  <attribute name="Output H" value="56305640"/>
  <attribute name="Output I" value="2080"/>
  <attribute name="Output T" value="16"/>
  <attribute name= "Current Time Running" value="192499" />
  <attribute name="GC Util currently" value="18" />
  <attribute name="CPU Util currently" value="39756965263" />
<allocation-satisfied id="5868" threadId="00000000023ECF00" bytesRequested="544" />
<af-end id="5869" timestamp="2019-08-09T18:54:12.556" threadId="00000000023ED888" success="true" />
<exclusive-end id="5870" timestamp="2019-08-09T18:54:12.556" durationms="91.436" />

<exclusive-start id="5871" timestamp="2019-08-09T18:54:12.561" intervalms="96.075">
  <response-info timems="0.017" idlems="0.017" threads="0" lastid="00000000023ECF00" lastname="main" />
</exclusive-start>
<af-start id="5872" threadId="00000000023ED888" totalBytesRequested="544" timestamp="2019-08-09T18:54:12.561" intervalms="96.039" />
<cycle-start id="5873" type="global" contextid="0" timestamp="2019-08-09T18:54:12.561" intervalms="95.987" />
<gc-start id="5874" type="global" contextid="5873" timestamp="2019-08-09T18:54:12.561">
  <mem-info id="5875" free="563200" total="56360960" percent="0">
    <mem type="tenure" free="563200" total="56360960" percent="0">
      <mem type="soa" free="0" total="55797760" percent="0" />
      <mem type="loa" free="563200" total="563200" percent="100" />
    </mem>
  </mem-info>
</gc-start>
<allocation-stats totalBytes="37859880" >
  <allocated-bytes non-tlh="0" tlh="37859880" />
  <largest-consumer threadName="main" threadId="00000000023ECF00" bytes="37859880" />
</allocation-stats>
<gc-op id="5876" type="mark" timems="70.116" contextid="5873" timestamp="2019-08-09T18:54:12.631">
  <trace-info objectcount="596278" scancount="517272" scanbytes="13274164" />
  <finalization candidates="80" enqueued="0" />
  <ownableSynchronizers candidates="21" cleared="0" />
  <references type="soft" candidates="1843" cleared="0" enqueued="0" dynamicThreshold="21" maxThreshold="32" />
  <references type="weak" candidates="5710" cleared="0" enqueued="0" />
  <references type="phantom" candidates="97" cleared="0" enqueued="0" />
  <stringconstants candidates="13275" cleared="0"  />
</gc-op>
<gc-op id="5877" type="sweep" timems="6.958" contextid="5873" timestamp="2019-08-09T18:54:12.638" />
<mem-info id="5878" free="38490016" total="56360960" percent="68">
  <mem type="tenure" free="38490016" total="56360960" percent="68" micro-fragmented="0" macro-fragmented="0">
    <mem type="soa" free="37926816" total="55797760" percent="67" />
    <mem type="loa" free="563200" total="563200" percent="100" />
  </mem>
</mem-info>
<gc-op id="5879" type="compact" timems="30.133" contextid="5873" timestamp="2019-08-09T18:54:12.668">
  <compact-info movecount="3" movebytes="72" reason="compact to aid heap contraction" />
</gc-op>
<heap-resize id="5880" type="expand" space="tenure" amount="131072" count="1" timems="0.019" reason="satisfy allocation request" timestamp="2019-08-09T18:54:12.669" />
<gc-end id="5881" type="global" contextid="5873" durationms="107.936" usertimems="79.167" systemtimems="35.420" timestamp="2019-08-09T18:54:12.669" activeThreads="16">
  <mem-info id="5882" free="38555832" total="56492032" percent="68">
    <mem type="tenure" free="38555832" total="56492032" percent="68">
      <mem type="soa" free="37991608" total="55927808" percent="67" />
      <mem type="loa" free="564224" total="564224" percent="100" />
    </mem>
  </mem-info>
</gc-end>
<cycle-end id="5883" type="global" contextid="5873" timestamp="2019-08-09T18:54:12.669" />
  <attribute name="elasticGC enabled" value="1" />
  <attribute name= "numThreadsSpecified" value="16" />
  <attribute name="heapSize specified" value="56360960" />
  <attribute name="Current GC Util" value="36" />
  <attribute name= "Current Time Running" value="192612" />
  <attribute name ="GC Interval" value="0" />
  <attribute name="Target GC Util Change" value ="80.000000" />
  <attribute name="Current GC Util Change" value="36.000000"/>
  <attribute name="Current Error" value="-449.000000" />
  <attribute name="Output H" value="56436128"/>
  <attribute name="Output I" value="1496"/>
  <attribute name="Output T" value="16"/>
  <attribute name= "Current Time Running" value="192612" />
  <attribute name="GC Util currently" value="36" />
  <attribute name="CPU Util currently" value="38261636860" />
<allocation-satisfied id="5884" threadId="00000000023ECF00" bytesRequested="544" />
<af-end id="5885" timestamp="2019-08-09T18:54:12.669" threadId="00000000023ED888" success="true" />
<exclusive-end id="5886" timestamp="2019-08-09T18:54:12.669" durationms="108.221" />

<exclusive-start id="5887" timestamp="2019-08-09T18:54:12.674" intervalms="113.439">
  <response-info timems="0.020" idlems="0.020" threads="0" lastid="00000000023ECF00" lastname="main" />
</exclusive-start>
<af-start id="5888" threadId="00000000023ED888" totalBytesRequested="544" timestamp="2019-08-09T18:54:12.674" intervalms="113.464" />
<cycle-start id="5889" type="global" contextid="0" timestamp="2019-08-09T18:54:12.674" intervalms="113.479" />
<gc-start id="5890" type="global" contextid="5889" timestamp="2019-08-09T18:54:12.674">
  <mem-info id="5891" free="564224" total="56492032" percent="0">
    <mem type="tenure" free="564224" total="56492032" percent="0">
      <mem type="soa" free="0" total="55927808" percent="0" />
      <mem type="loa" free="564224" total="564224" percent="100" />
    </mem>
  </mem-info>
</gc-start>
<allocation-stats totalBytes="37989864" >
  <allocated-bytes non-tlh="0" tlh="37989864" />
  <largest-consumer threadName="main" threadId="00000000023ECF00" bytes="37989864" />
</allocation-stats>
<gc-op id="5892" type="mark" timems="8.841" contextid="5889" timestamp="2019-08-09T18:54:12.683">
  <trace-info objectcount="596278" scancount="517274" scanbytes="13274164" />
  <finalization candidates="80" enqueued="0" />
  <ownableSynchronizers candidates="21" cleared="0" />
  <references type="soft" candidates="1843" cleared="0" enqueued="0" dynamicThreshold="21" maxThreshold="32" />
  <references type="weak" candidates="5710" cleared="0" enqueued="0" />
  <references type="phantom" candidates="97" cleared="0" enqueued="0" />
  <stringconstants candidates="13275" cleared="0"  />
</gc-op>
<gc-op id="5893" type="sweep" timems="1.564" contextid="5889" timestamp="2019-08-09T18:54:12.685" />
<mem-info id="5894" free="38621320" total="56492032" percent="68">
  <mem type="tenure" free="38621320" total="56492032" percent="68" micro-fragmented="0" macro-fragmented="0">
    <mem type="soa" free="38057096" total="55927808" percent="68" />
    <mem type="loa" free="564224" total="564224" percent="100" />
  </mem>
</mem-info>
<gc-op id="5895" type="compact" timems="50.375" contextid="5889" timestamp="2019-08-09T18:54:12.735">
  <compact-info movecount="3" movebytes="72" reason="compact to aid heap contraction" />
</gc-op>
<heap-resize id="5896" type="expand" space="tenure" amount="131072" count="1" timems="0.115" reason="satisfy allocation request" timestamp="2019-08-09T18:54:12.737" />
<gc-end id="5897" type="global" contextid="5889" durationms="62.740" usertimems="83.472" systemtimems="15.736" timestamp="2019-08-09T18:54:12.737" activeThreads="16">
  <mem-info id="5898" free="38686904" total="56623104" percent="68">
    <mem type="tenure" free="38686904" total="56623104" percent="68">
      <mem type="soa" free="38121656" total="56057856" percent="68" />
      <mem type="loa" free="565248" total="565248" percent="100" />
    </mem>
  </mem-info>
</gc-end>
<cycle-end id="5899" type="global" contextid="5889" timestamp="2019-08-09T18:54:12.737" />
  <attribute name="elasticGC enabled" value="1" />
  <attribute name= "numThreadsSpecified" value="16" />
  <attribute name="heapSize specified" value="56492032" />
  <attribute name="Current GC Util" value="22" />
  <attribute name= "Current Time Running" value="192679" />
  <attribute name ="GC Interval" value="0" />
  <attribute name="Target GC Util Change" value ="80.000000" />
  <attribute name="Current GC Util Change" value="22.000000"/>
  <attribute name="Current Error" value="-268.000000" />
  <attribute name="Output H" value="56567408"/>
  <attribute name="Output I" value="1704"/>
  <attribute name="Output T" value="16"/>
  <attribute name= "Current Time Running" value="192679" />
  <attribute name="GC Util currently" value="22" />
  <attribute name="CPU Util currently" value="22816246276" />
<allocation-satisfied id="5900" threadId="00000000023ECF00" bytesRequested="544" />
<af-end id="5901" timestamp="2019-08-09T18:54:12.737" threadId="00000000023ED888" success="true" />
<exclusive-end id="5902" timestamp="2019-08-09T18:54:12.737" durationms="63.149" />

<exclusive-start id="5903" timestamp="2019-08-09T18:54:12.801" intervalms="127.348">
  <response-info timems="0.020" idlems="0.020" threads="0" lastid="00000000023ECF00" lastname="main" />
</exclusive-start>
<af-start id="5904" threadId="00000000023ED888" totalBytesRequested="440" timestamp="2019-08-09T18:54:12.802" intervalms="127.366" />
<cycle-start id="5905" type="global" contextid="0" timestamp="2019-08-09T18:54:12.802" intervalms="127.365" />
<gc-start id="5906" type="global" contextid="5905" timestamp="2019-08-09T18:54:12.802">
  <mem-info id="5907" free="565248" total="56623104" percent="0">
    <mem type="tenure" free="565248" total="56623104" percent="0">
      <mem type="soa" free="0" total="56057856" percent="0" />
      <mem type="loa" free="565248" total="565248" percent="100" />
    </mem>
  </mem-info>
</gc-start>
<allocation-stats totalBytes="38149864" >
  <allocated-bytes non-tlh="0" tlh="38149864" />
  <largest-consumer threadName="main" threadId="00000000023ECF00" bytes="38149864" />
</allocation-stats>
<gc-op id="5908" type="mark" timems="15.964" contextid="5905" timestamp="2019-08-09T18:54:12.818">
  <trace-info objectcount="596279" scancount="517274" scanbytes="13274304" />
  <finalization candidates="80" enqueued="0" />
  <ownableSynchronizers candidates="21" cleared="0" />
  <references type="soft" candidates="1843" cleared="0" enqueued="0" dynamicThreshold="21" maxThreshold="32" />
  <references type="weak" candidates="5710" cleared="0" enqueued="0" />
  <references type="phantom" candidates="97" cleared="0" enqueued="0" />
  <stringconstants candidates="13275" cleared="0"  />
</gc-op>
<gc-op id="5909" type="sweep" timems="14.158" contextid="5905" timestamp="2019-08-09T18:54:12.832" />
<mem-info id="5910" free="38750616" total="56623104" percent="68">
  <mem type="tenure" free="38750616" total="56623104" percent="68" micro-fragmented="0" macro-fragmented="0">
    <mem type="soa" free="38185368" total="56057856" percent="68" />
    <mem type="loa" free="565248" total="565248" percent="100" />
  </mem>
</mem-info>
<gc-op id="5911" type="compact" timems="25.510" contextid="5905" timestamp="2019-08-09T18:54:12.858">
  <compact-info movecount="1527" movebytes="49776" reason="compact to aid heap contraction" />
</gc-op>
<heap-resize id="5912" type="expand" space="tenure" amount="131072" count="1" timems="0.018" reason="satisfy allocation request" timestamp="2019-08-09T18:54:12.858" />
<gc-end id="5913" type="global" contextid="5905" durationms="56.610" usertimems="75.132" systemtimems="19.336" timestamp="2019-08-09T18:54:12.858" activeThreads="16">
  <mem-info id="5914" free="38818448" total="56754176" percent="68">
    <mem type="tenure" free="38818448" total="56754176" percent="68">
      <mem type="soa" free="38251152" total="56186880" percent="68" />
      <mem type="loa" free="567296" total="567296" percent="100" />
    </mem>
  </mem-info>
</gc-end>
<cycle-end id="5915" type="global" contextid="5905" timestamp="2019-08-09T18:54:12.858" />
  <attribute name="elasticGC enabled" value="1" />
  <attribute name= "numThreadsSpecified" value="16" />
  <attribute name="heapSize specified" value="56623104" />
  <attribute name="Current GC Util" value="45" />
  <attribute name= "Current Time Running" value="192802" />
  <attribute name ="GC Interval" value="0" />
  <attribute name="Target GC Util Change" value ="80.000000" />
  <attribute name="Current GC Util Change" value="45.000000"/>
  <attribute name="Current Error" value="35.000000" />
  <attribute name="Output H" value="56698824"/>
  <attribute name="Output I" value="2048"/>
  <attribute name="Output T" value="16"/>
  <attribute name= "Current Time Running" value="192802" />
  <attribute name="GC Util currently" value="45" />
  <attribute name="CPU Util currently" value="45135639434" />
<allocation-satisfied id="5916" threadId="00000000023ECF00" bytesRequested="440" />
<af-end id="5917" timestamp="2019-08-09T18:54:12.858" threadId="00000000023ED888" success="true" />
<exclusive-end id="5918" timestamp="2019-08-09T18:54:12.858" durationms="57.034" />

<exclusive-start id="5919" timestamp="2019-08-09T18:54:12.929" intervalms="127.811">
  <response-info timems="0.018" idlems="0.018" threads="0" lastid="00000000023ECF00" lastname="main" />
</exclusive-start>
<af-start id="5920" threadId="00000000023ED888" totalBytesRequested="32" timestamp="2019-08-09T18:54:12.929" intervalms="127.773" />
<cycle-start id="5921" type="global" contextid="0" timestamp="2019-08-09T18:54:12.929" intervalms="127.779" />
<gc-start id="5922" type="global" contextid="5921" timestamp="2019-08-09T18:54:12.929">
  <mem-info id="5923" free="567296" total="56754176" percent="0">
    <mem type="tenure" free="567296" total="56754176" percent="0">
      <mem type="soa" free="0" total="56186880" percent="0" />
      <mem type="loa" free="567296" total="567296" percent="100" />
    </mem>
  </mem-info>
</gc-start>
<allocation-stats totalBytes="38286032" >
  <allocated-bytes non-tlh="0" tlh="38286032" />
  <largest-consumer threadName="main" threadId="00000000023ECF00" bytes="38286032" />
</allocation-stats>
<gc-op id="5924" type="mark" timems="11.178" contextid="5921" timestamp="2019-08-09T18:54:12.941">
  <trace-info objectcount="596283" scancount="517276" scanbytes="13274952" />
  <finalization candidates="80" enqueued="0" />
  <ownableSynchronizers candidates="21" cleared="0" />
  <references type="soft" candidates="1843" cleared="0" enqueued="0" dynamicThreshold="21" maxThreshold="32" />
  <references type="weak" candidates="5710" cleared="0" enqueued="0" />
  <references type="phantom" candidates="97" cleared="0" enqueued="0" />
  <stringconstants candidates="13275" cleared="0"  />
</gc-op>
<gc-op id="5925" type="sweep" timems="2.752" contextid="5921" timestamp="2019-08-09T18:54:12.943" />
<mem-info id="5926" free="38882592" total="56754176" percent="68">
  <mem type="tenure" free="38882592" total="56754176" percent="68" micro-fragmented="0" macro-fragmented="0">
    <mem type="soa" free="38315296" total="56186880" percent="68" />
    <mem type="loa" free="567296" total="567296" percent="100" />
  </mem>
</mem-info>
<gc-op id="5927" type="compact" timems="26.690" contextid="5921" timestamp="2019-08-09T18:54:12.970">
  <compact-info movecount="1527" movebytes="49888" reason="compact to aid heap contraction" />
</gc-op>
<heap-resize id="5928" type="expand" space="tenure" amount="131072" count="1" timems="0.034" reason="satisfy allocation request" timestamp="2019-08-09T18:54:12.971" />
<gc-end id="5929" type="global" contextid="5921" durationms="41.403" usertimems="75.807" systemtimems="9.415" timestamp="2019-08-09T18:54:12.971" activeThreads="16">
  <mem-info id="5930" free="38949312" total="56885248" percent="68">
    <mem type="tenure" free="38949312" total="56885248" percent="68">
      <mem type="soa" free="38380992" total="56316928" percent="68" />
      <mem type="loa" free="568320" total="568320" percent="100" />
    </mem>
  </mem-info>
</gc-end>
<cycle-end id="5931" type="global" contextid="5921" timestamp="2019-08-09T18:54:12.971" />
  <attribute name="elasticGC enabled" value="1" />
  <attribute name= "numThreadsSpecified" value="16" />
  <attribute name="heapSize specified" value="56754176" />
  <attribute name="Current GC Util" value="39" />
  <attribute name= "Current Time Running" value="192914" />
  <attribute name ="GC Interval" value="0" />
  <attribute name="Target GC Util Change" value ="80.000000" />
  <attribute name="Current GC Util Change" value="39.000000"/>
  <attribute name="Current Error" value="-212.000000" />
  <attribute name="Output H" value="56829616"/>
  <attribute name="Output I" value="1768"/>
  <attribute name="Output T" value="16"/>
  <attribute name= "Current Time Running" value="192914" />
  <attribute name="GC Util currently" value="39" />
  <attribute name="CPU Util currently" value="43180750964" />
<allocation-satisfied id="5932" threadId="00000000023ECF00" bytesRequested="32" />
<af-end id="5933" timestamp="2019-08-09T18:54:12.971" threadId="00000000023ED888" success="true" />
<exclusive-end id="5934" timestamp="2019-08-09T18:54:12.971" durationms="41.785" />

<exclusive-start id="5935" timestamp="2019-08-09T18:54:12.984" intervalms="54.894">
  <response-info timems="0.021" idlems="0.021" threads="0" lastid="00000000023ECF00" lastname="main" />
</exclusive-start>
<af-start id="5936" threadId="00000000023ED888" totalBytesRequested="208" timestamp="2019-08-09T18:54:12.984" intervalms="54.934" />
<cycle-start id="5937" type="global" contextid="0" timestamp="2019-08-09T18:54:12.984" intervalms="54.930" />
<gc-start id="5938" type="global" contextid="5937" timestamp="2019-08-09T18:54:12.984">
  <mem-info id="5939" free="568320" total="56885248" percent="0">
    <mem type="tenure" free="568320" total="56885248" percent="0">
      <mem type="soa" free="0" total="56316928" percent="0" />
      <mem type="loa" free="568320" total="568320" percent="100" />
    </mem>
  </mem-info>
</gc-start>
<allocation-stats totalBytes="38417984" >
  <allocated-bytes non-tlh="0" tlh="38417984" />
  <largest-consumer threadName="main" threadId="00000000023ECF00" bytes="38417984" />
</allocation-stats>
<gc-op id="5940" type="mark" timems="35.969" contextid="5937" timestamp="2019-08-09T18:54:13.020">
  <trace-info objectcount="596282" scancount="517278" scanbytes="13274864" />
  <finalization candidates="80" enqueued="0" />
  <ownableSynchronizers candidates="21" cleared="0" />
  <references type="soft" candidates="1843" cleared="0" enqueued="0" dynamicThreshold="21" maxThreshold="32" />
  <references type="weak" candidates="5710" cleared="0" enqueued="0" />
  <references type="phantom" candidates="97" cleared="0" enqueued="0" />
  <stringconstants candidates="13275" cleared="0"  />
</gc-op>
<gc-op id="5941" type="sweep" timems="2.439" contextid="5937" timestamp="2019-08-09T18:54:13.023" />
<mem-info id="5942" free="39014752" total="56885248" percent="68">
  <mem type="tenure" free="39014752" total="56885248" percent="68" micro-fragmented="0" macro-fragmented="0">
    <mem type="soa" free="38446432" total="56316928" percent="68" />
    <mem type="loa" free="568320" total="568320" percent="100" />
  </mem>
</mem-info>
<gc-op id="5943" type="compact" timems="31.583" contextid="5937" timestamp="2019-08-09T18:54:13.055">
  <compact-info movecount="5" movebytes="160" reason="compact to aid heap contraction" />
</gc-op>
<heap-resize id="5944" type="expand" space="tenure" amount="131072" count="1" timems="0.019" reason="satisfy allocation request" timestamp="2019-08-09T18:54:13.056" />
<gc-end id="5945" type="global" contextid="5937" durationms="71.202" usertimems="125.244" systemtimems="38.272" timestamp="2019-08-09T18:54:13.056" activeThreads="16">
  <mem-info id="5946" free="39080480" total="57016320" percent="68">
    <mem type="tenure" free="39080480" total="57016320" percent="68">
      <mem type="soa" free="38511136" total="56446976" percent="68" />
      <mem type="loa" free="569344" total="569344" percent="100" />
    </mem>
  </mem-info>
</gc-end>
<cycle-end id="5947" type="global" contextid="5937" timestamp="2019-08-09T18:54:13.056" />
  <attribute name="elasticGC enabled" value="1" />
  <attribute name= "numThreadsSpecified" value="16" />
  <attribute name="heapSize specified" value="56885248" />
  <attribute name="Current GC Util" value="25" />
  <attribute name= "Current Time Running" value="192998" />
  <attribute name ="GC Interval" value="0" />
  <attribute name="Target GC Util Change" value ="80.000000" />
  <attribute name="Current GC Util Change" value="25.000000"/>
  <attribute name="Current Error" value="-151.000000" />
  <attribute name="Output H" value="56960760"/>
  <attribute name="Output I" value="1840"/>
  <attribute name="Output T" value="16"/>
  <attribute name= "Current Time Running" value="192998" />
  <attribute name="GC Util currently" value="25" />
  <attribute name="CPU Util currently" value="36491585826" />
<allocation-satisfied id="5948" threadId="00000000023ECF00" bytesRequested="208" />
<af-end id="5949" timestamp="2019-08-09T18:54:13.056" threadId="00000000023ED888" success="true" />
<exclusive-end id="5950" timestamp="2019-08-09T18:54:13.056" durationms="71.477" />

<exclusive-start id="5951" timestamp="2019-08-09T18:54:13.114" intervalms="129.484">
  <response-info timems="0.026" idlems="0.026" threads="0" lastid="00000000023ECF00" lastname="main" />
</exclusive-start>
<af-start id="5952" threadId="00000000023ED888" totalBytesRequested="2016" timestamp="2019-08-09T18:54:13.114" intervalms="129.449" />
<cycle-start id="5953" type="global" contextid="0" timestamp="2019-08-09T18:54:13.114" intervalms="129.451" />
<gc-start id="5954" type="global" contextid="5953" timestamp="2019-08-09T18:54:13.114">
  <mem-info id="5955" free="569344" total="57016320" percent="0">
    <mem type="tenure" free="569344" total="57016320" percent="0">
      <mem type="soa" free="0" total="56446976" percent="0" />
      <mem type="loa" free="569344" total="569344" percent="100" />
    </mem>
  </mem-info>
</gc-start>
<allocation-stats totalBytes="38532928" >
  <allocated-bytes non-tlh="0" tlh="38532928" />
  <largest-consumer threadName="main" threadId="00000000023ECF00" bytes="38532928" />
</allocation-stats>
<gc-op id="5956" type="mark" timems="16.419" contextid="5953" timestamp="2019-08-09T18:54:13.130">
  <trace-info objectcount="596328" scancount="517329" scanbytes="13275496" />
  <finalization candidates="80" enqueued="0" />
  <ownableSynchronizers candidates="21" cleared="0" />
  <references type="soft" candidates="1849" cleared="0" enqueued="0" dynamicThreshold="21" maxThreshold="32" />
  <references type="weak" candidates="5710" cleared="0" enqueued="0" />
  <references type="phantom" candidates="97" cleared="0" enqueued="0" />
  <stringconstants candidates="13275" cleared="0"  />
</gc-op>
<gc-op id="5957" type="sweep" timems="2.439" contextid="5953" timestamp="2019-08-09T18:54:13.133" />
<mem-info id="5958" free="39117608" total="57016320" percent="68">
  <mem type="tenure" free="39117608" total="57016320" percent="68" micro-fragmented="0" macro-fragmented="0">
    <mem type="soa" free="38548264" total="56446976" percent="68" />
    <mem type="loa" free="569344" total="569344" percent="100" />
  </mem>
</mem-info>
<gc-op id="5959" type="compact" timems="23.183" contextid="5953" timestamp="2019-08-09T18:54:13.156">
  <compact-info movecount="1570" movebytes="73744" reason="compact to aid heap contraction" />
</gc-op>
<heap-resize id="5960" type="expand" space="tenure" amount="131072" count="1" timems="0.017" reason="satisfy allocation request" timestamp="2019-08-09T18:54:13.157" />
<gc-end id="5961" type="global" contextid="5953" durationms="42.772" usertimems="68.163" systemtimems="8.450" timestamp="2019-08-09T18:54:13.157" activeThreads="16">
  <mem-info id="5962" free="39187552" total="57147392" percent="68">
    <mem type="tenure" free="39187552" total="57147392" percent="68">
      <mem type="soa" free="38616160" total="56576000" percent="68" />
      <mem type="loa" free="571392" total="571392" percent="100" />
    </mem>
  </mem-info>
</gc-end>
<cycle-end id="5963" type="global" contextid="5953" timestamp="2019-08-09T18:54:13.157" />
  <attribute name="elasticGC enabled" value="1" />
  <attribute name= "numThreadsSpecified" value="16" />
  <attribute name="heapSize specified" value="57016320" />
  <attribute name="Current GC Util" value="34" />
  <attribute name= "Current Time Running" value="193100" />
  <attribute name ="GC Interval" value="0" />
  <attribute name="Target GC Util Change" value ="80.000000" />
  <attribute name="Current GC Util Change" value="34.000000"/>
  <attribute name="Current Error" value="46.000000" />
  <attribute name="Output H" value="57092056"/>
  <attribute name="Output I" value="2064"/>
  <attribute name="Output T" value="16"/>
  <attribute name= "Current Time Running" value="193100" />
  <attribute name="GC Util currently" value="34" />
  <attribute name="CPU Util currently" value="49642305812" />
<allocation-satisfied id="5964" threadId="00000000023ECF00" bytesRequested="2016" />
<af-end id="5965" timestamp="2019-08-09T18:54:13.157" threadId="00000000023ED888" success="true" />
<exclusive-end id="5966" timestamp="2019-08-09T18:54:13.157" durationms="42.997" />

<exclusive-start id="5967" timestamp="2019-08-09T18:54:13.265" intervalms="151.036">
  <response-info timems="0.017" idlems="0.017" threads="0" lastid="00000000023ECF00" lastname="main" />
</exclusive-start>
<af-start id="5968" threadId="00000000023ED888" totalBytesRequested="2016" timestamp="2019-08-09T18:54:13.265" intervalms="151.045" />
<cycle-start id="5969" type="global" contextid="0" timestamp="2019-08-09T18:54:13.265" intervalms="151.153" />
<gc-start id="5970" type="global" contextid="5969" timestamp="2019-08-09T18:54:13.265">
  <mem-info id="5971" free="571392" total="57147392" percent="0">
    <mem type="tenure" free="571392" total="57147392" percent="0">
      <mem type="soa" free="0" total="56576000" percent="0" />
      <mem type="loa" free="571392" total="571392" percent="100" />
    </mem>
  </mem-info>
</gc-start>
<allocation-stats totalBytes="38626432" >
  <allocated-bytes non-tlh="0" tlh="38626432" />
  <largest-consumer threadName="main" threadId="00000000023ECF00" bytes="38626432" />
</allocation-stats>
<gc-op id="5972" type="mark" timems="9.389" contextid="5969" timestamp="2019-08-09T18:54:13.274">
  <trace-info objectcount="596328" scancount="517313" scanbytes="13275496" />
  <finalization candidates="80" enqueued="0" />
  <ownableSynchronizers candidates="21" cleared="0" />
  <references type="soft" candidates="1849" cleared="0" enqueued="0" dynamicThreshold="21" maxThreshold="32" />
  <references type="weak" candidates="5710" cleared="0" enqueued="0" />
  <references type="phantom" candidates="97" cleared="0" enqueued="0" />
  <stringconstants candidates="13275" cleared="0"  />
</gc-op>
<gc-op id="5973" type="sweep" timems="5.375" contextid="5969" timestamp="2019-08-09T18:54:13.280" />
<mem-info id="5974" free="39252648" total="57147392" percent="68">
  <mem type="tenure" free="39252648" total="57147392" percent="68" micro-fragmented="0" macro-fragmented="0">
    <mem type="soa" free="38681256" total="56576000" percent="68" />
    <mem type="loa" free="571392" total="571392" percent="100" />
  </mem>
</mem-info>
<gc-op id="5975" type="compact" timems="50.708" contextid="5969" timestamp="2019-08-09T18:54:13.331">
  <compact-info movecount="3" movebytes="2080" reason="compact to aid heap contraction" />
</gc-op>
<heap-resize id="5976" type="expand" space="tenure" amount="131072" count="1" timems="0.020" reason="satisfy allocation request" timestamp="2019-08-09T18:54:13.332" />
<gc-end id="5977" type="global" contextid="5969" durationms="67.390" usertimems="81.079" systemtimems="12.439" timestamp="2019-08-09T18:54:13.332" activeThreads="16">
  <mem-info id="5978" free="39318632" total="57278464" percent="68">
    <mem type="tenure" free="39318632" total="57278464" percent="68">
      <mem type="soa" free="38746216" total="56706048" percent="68" />
      <mem type="loa" free="572416" total="572416" percent="100" />
    </mem>
  </mem-info>
</gc-end>
<cycle-end id="5979" type="global" contextid="5969" timestamp="2019-08-09T18:54:13.332" />
  <attribute name="elasticGC enabled" value="1" />
  <attribute name= "numThreadsSpecified" value="16" />
  <attribute name="heapSize specified" value="57147392" />
  <attribute name="Current GC Util" value="20" />
  <attribute name= "Current Time Running" value="193275" />
  <attribute name ="GC Interval" value="0" />
  <attribute name="Target GC Util Change" value ="80.000000" />
  <attribute name="Current GC Util Change" value="20.000000"/>
  <attribute name="Current Error" value="-192.000000" />
  <attribute name="Output H" value="57222856"/>
  <attribute name="Output I" value="1792"/>
  <attribute name="Output T" value="16"/>
  <attribute name= "Current Time Running" value="193275" />
  <attribute name="GC Util currently" value="20" />
  <attribute name="CPU Util currently" value="22732740441" />
<allocation-satisfied id="5980" threadId="00000000023ECF00" bytesRequested="2016" />
<af-end id="5981" timestamp="2019-08-09T18:54:13.332" threadId="00000000023ED888" success="true" />
<exclusive-end id="5982" timestamp="2019-08-09T18:54:13.332" durationms="67.734" />

<exclusive-start id="5983" timestamp="2019-08-09T18:54:13.430" intervalms="165.576">
  <response-info timems="0.017" idlems="0.017" threads="0" lastid="00000000023ECF00" lastname="main" />
</exclusive-start>
<af-start id="5984" threadId="00000000023ED888" totalBytesRequested="40" timestamp="2019-08-09T18:54:13.430" intervalms="165.557" />
<cycle-start id="5985" type="global" contextid="0" timestamp="2019-08-09T18:54:13.430" intervalms="165.431" />
<gc-start id="5986" type="global" contextid="5985" timestamp="2019-08-09T18:54:13.430">
  <mem-info id="5987" free="572416" total="57278464" percent="0">
    <mem type="tenure" free="572416" total="57278464" percent="0">
      <mem type="soa" free="0" total="56706048" percent="0" />
      <mem type="loa" free="572416" total="572416" percent="100" />
    </mem>
  </mem-info>
</gc-start>
<allocation-stats totalBytes="38785816" >
  <allocated-bytes non-tlh="0" tlh="38785816" />
  <largest-consumer threadName="main" threadId="00000000023ECF00" bytes="38785816" />
</allocation-stats>
<gc-op id="5988" type="mark" timems="11.983" contextid="5985" timestamp="2019-08-09T18:54:13.442">
  <trace-info objectcount="596322" scancount="517329" scanbytes="13275568" />
  <finalization candidates="80" enqueued="0" />
  <ownableSynchronizers candidates="21" cleared="0" />
  <references type="soft" candidates="1849" cleared="0" enqueued="0" dynamicThreshold="21" maxThreshold="32" />
  <references type="weak" candidates="5710" cleared="0" enqueued="0" />
  <references type="phantom" candidates="97" cleared="0" enqueued="0" />
  <stringconstants candidates="13275" cleared="0"  />
</gc-op>
<gc-op id="5989" type="sweep" timems="7.650" contextid="5985" timestamp="2019-08-09T18:54:13.450" />
<mem-info id="5990" free="39388032" total="57278464" percent="68">
  <mem type="tenure" free="39388032" total="57278464" percent="68" micro-fragmented="0" macro-fragmented="0">
    <mem type="soa" free="38815616" total="56706048" percent="68" />
    <mem type="loa" free="572416" total="572416" percent="100" />
  </mem>
</mem-info>
<gc-op id="5991" type="compact" timems="78.177" contextid="5985" timestamp="2019-08-09T18:54:13.528">
  <compact-info movecount="680" movebytes="38600" reason="compact to aid heap contraction" />
</gc-op>
<heap-resize id="5992" type="expand" space="tenure" amount="131072" count="1" timems="0.019" reason="satisfy allocation request" timestamp="2019-08-09T18:54:13.530" />
<gc-end id="5993" type="global" contextid="5985" durationms="99.857" usertimems="109.952" systemtimems="25.053" timestamp="2019-08-09T18:54:13.530" activeThreads="16">
  <mem-info id="5994" free="39454896" total="57409536" percent="68">
    <mem type="tenure" free="39454896" total="57409536" percent="68">
      <mem type="soa" free="38881456" total="56836096" percent="68" />
      <mem type="loa" free="573440" total="573440" percent="100" />
    </mem>
  </mem-info>
</gc-end>
<cycle-end id="5995" type="global" contextid="5985" timestamp="2019-08-09T18:54:13.530" />
  <attribute name="elasticGC enabled" value="1" />
  <attribute name= "numThreadsSpecified" value="16" />
  <attribute name="heapSize specified" value="57278464" />
  <attribute name="Current GC Util" value="12" />
  <attribute name= "Current Time Running" value="193472" />
  <attribute name ="GC Interval" value="0" />
  <attribute name="Target GC Util Change" value ="80.000000" />
  <attribute name="Current GC Util Change" value="12.000000"/>
  <attribute name="Current Error" value="-186.000000" />
  <attribute name="Output H" value="57353936"/>
  <attribute name="Output I" value="1800"/>
  <attribute name="Output T" value="16"/>
  <attribute name= "Current Time Running" value="193472" />
  <attribute name="GC Util currently" value="12" />
  <attribute name="CPU Util currently" value="14746589943" />
<allocation-satisfied id="5996" threadId="00000000023ECF00" bytesRequested="40" />
<af-end id="5997" timestamp="2019-08-09T18:54:13.530" threadId="00000000023ED888" success="true" />
<exclusive-end id="5998" timestamp="2019-08-09T18:54:13.530" durationms="100.157" />

<exclusive-start id="5999" timestamp="2019-08-09T18:54:13.646" intervalms="215.417">
  <response-info timems="0.020" idlems="0.020" threads="0" lastid="00000000023ECF00" lastname="main" />
</exclusive-start>
<af-start id="6000" threadId="00000000023ED888" totalBytesRequested="80" timestamp="2019-08-09T18:54:13.646" intervalms="215.422" />
<cycle-start id="6001" type="global" contextid="0" timestamp="2019-08-09T18:54:13.646" intervalms="215.423" />
<gc-start id="6002" type="global" contextid="6001" timestamp="2019-08-09T18:54:13.646">
  <mem-info id="6003" free="573440" total="57409536" percent="0">
    <mem type="tenure" free="573440" total="57409536" percent="0">
      <mem type="soa" free="0" total="56836096" percent="0" />
      <mem type="loa" free="573440" total="573440" percent="100" />
    </mem>
  </mem-info>
</gc-start>
<allocation-stats totalBytes="38939704" >
  <allocated-bytes non-tlh="0" tlh="38939704" />
  <largest-consumer threadName="main" threadId="00000000023ECF00" bytes="38939704" />
</allocation-stats>
<gc-op id="6004" type="mark" timems="10.440" contextid="6001" timestamp="2019-08-09T18:54:13.656">
  <trace-info objectcount="596315" scancount="517289" scanbytes="13275320" />
  <finalization candidates="80" enqueued="0" />
  <ownableSynchronizers candidates="21" cleared="0" />
  <references type="soft" candidates="1849" cleared="0" enqueued="0" dynamicThreshold="21" maxThreshold="32" />
  <references type="weak" candidates="5710" cleared="0" enqueued="0" />
  <references type="phantom" candidates="97" cleared="0" enqueued="0" />
  <stringconstants candidates="13275" cleared="0"  />
</gc-op>
<gc-op id="6005" type="sweep" timems="2.299" contextid="6001" timestamp="2019-08-09T18:54:13.659" />
<mem-info id="6006" free="39520696" total="57409536" percent="68">
  <mem type="tenure" free="39520696" total="57409536" percent="68" micro-fragmented="0" macro-fragmented="0">
    <mem type="soa" free="38947256" total="56836096" percent="68" />
    <mem type="loa" free="573440" total="573440" percent="100" />
  </mem>
</mem-info>
<gc-op id="6007" type="compact" timems="31.414" contextid="6001" timestamp="2019-08-09T18:54:13.690">
  <compact-info movecount="1" movebytes="24" reason="compact to aid heap contraction" />
</gc-op>
<heap-resize id="6008" type="expand" space="tenure" amount="131072" count="1" timems="0.025" reason="satisfy allocation request" timestamp="2019-08-09T18:54:13.691" />
<gc-end id="6009" type="global" contextid="6001" durationms="45.225" usertimems="75.349" systemtimems="7.384" timestamp="2019-08-09T18:54:13.691" activeThreads="16">
  <mem-info id="6010" free="39586232" total="57540608" percent="68">
    <mem type="tenure" free="39586232" total="57540608" percent="68">
      <mem type="soa" free="39011768" total="56966144" percent="68" />
      <mem type="loa" free="574464" total="574464" percent="100" />
    </mem>
  </mem-info>
</gc-end>
<cycle-end id="6011" type="global" contextid="6001" timestamp="2019-08-09T18:54:13.691" />
  <attribute name="elasticGC enabled" value="1" />
  <attribute name= "numThreadsSpecified" value="16" />
  <attribute name="heapSize specified" value="57409536" />
  <attribute name="Current GC Util" value="34" />
  <attribute name= "Current Time Running" value="193634" />
  <attribute name ="GC Interval" value="0" />
  <attribute name="Target GC Util Change" value ="80.000000" />
  <attribute name="Current GC Util Change" value="34.000000"/>
  <attribute name="Current Error" value="46.000000" />
  <attribute name="Output H" value="57485272"/>
  <attribute name="Output I" value="2064"/>
  <attribute name="Output T" value="16"/>
  <attribute name= "Current Time Running" value="193634" />
  <attribute name="GC Util currently" value="34" />
  <attribute name="CPU Util currently" value="36639535918" />
<allocation-satisfied id="6012" threadId="00000000023ECF00" bytesRequested="80" />
<af-end id="6013" timestamp="2019-08-09T18:54:13.691" threadId="00000000023ED888" success="true" />
<exclusive-end id="6014" timestamp="2019-08-09T18:54:13.691" durationms="45.743" />

<exclusive-start id="6015" timestamp="2019-08-09T18:54:13.767" intervalms="121.589">
  <response-info timems="0.019" idlems="0.019" threads="0" lastid="00000000023ECF00" lastname="main" />
</exclusive-start>
<af-start id="6016" threadId="00000000023ED888" totalBytesRequested="24" timestamp="2019-08-09T18:54:13.767" intervalms="121.613" />
<cycle-start id="6017" type="global" contextid="0" timestamp="2019-08-09T18:54:13.767" intervalms="121.622" />
<gc-start id="6018" type="global" contextid="6017" timestamp="2019-08-09T18:54:13.767">
  <mem-info id="6019" free="574464" total="57540608" percent="0">
    <mem type="tenure" free="574464" total="57540608" percent="0">
      <mem type="soa" free="0" total="56966144" percent="0" />
      <mem type="loa" free="574464" total="574464" percent="100" />
    </mem>
  </mem-info>
</gc-start>
<allocation-stats totalBytes="39070240" >
  <allocated-bytes non-tlh="0" tlh="39070240" />
  <largest-consumer threadName="main" threadId="00000000023ECF00" bytes="39070240" />
</allocation-stats>
<gc-op id="6020" type="mark" timems="51.141" contextid="6017" timestamp="2019-08-09T18:54:13.819">
  <trace-info objectcount="596321" scancount="517306" scanbytes="13275624" />
  <finalization candidates="80" enqueued="0" />
  <ownableSynchronizers candidates="21" cleared="0" />
  <references type="soft" candidates="1849" cleared="0" enqueued="0" dynamicThreshold="22" maxThreshold="32" />
  <references type="weak" candidates="5710" cleared="0" enqueued="0" />
  <references type="phantom" candidates="97" cleared="0" enqueued="0" />
  <stringconstants candidates="13275" cleared="0"  />
</gc-op>
<gc-op id="6021" type="sweep" timems="4.479" contextid="6017" timestamp="2019-08-09T18:54:13.823" />
<mem-info id="6022" free="39651456" total="57540608" percent="68">
  <mem type="tenure" free="39651456" total="57540608" percent="68" micro-fragmented="0" macro-fragmented="0">
    <mem type="soa" free="39076992" total="56966144" percent="68" />
    <mem type="loa" free="574464" total="574464" percent="100" />
  </mem>
</mem-info>
<gc-op id="6023" type="compact" timems="28.572" contextid="6017" timestamp="2019-08-09T18:54:13.852">
  <compact-info movecount="7" movebytes="336" reason="compact to aid heap contraction" />
</gc-op>
<heap-resize id="6024" type="expand" space="tenure" amount="131072" count="1" timems="0.026" reason="satisfy allocation request" timestamp="2019-08-09T18:54:13.853" />
<gc-end id="6025" type="global" contextid="6017" durationms="85.513" usertimems="80.883" systemtimems="9.219" timestamp="2019-08-09T18:54:13.853" activeThreads="16">
  <mem-info id="6026" free="39716992" total="57671680" percent="68">
    <mem type="tenure" free="39716992" total="57671680" percent="68">
      <mem type="soa" free="39140480" total="57095168" percent="68" />
      <mem type="loa" free="576512" total="576512" percent="100" />
    </mem>
  </mem-info>
</gc-end>
<cycle-end id="6027" type="global" contextid="6017" timestamp="2019-08-09T18:54:13.853" />
  <attribute name="elasticGC enabled" value="1" />
  <attribute name= "numThreadsSpecified" value="16" />
  <attribute name="heapSize specified" value="57540608" />
  <attribute name="Current GC Util" value="27" />
  <attribute name= "Current Time Running" value="193796" />
  <attribute name ="GC Interval" value="0" />
  <attribute name="Target GC Util Change" value ="80.000000" />
  <attribute name="Current GC Util Change" value="27.000000"/>
  <attribute name="Current Error" value="135.000000" />
  <attribute name="Output H" value="57616448"/>
  <attribute name="Output I" value="2168"/>
  <attribute name="Output T" value="16"/>
  <attribute name= "Current Time Running" value="193796" />
  <attribute name="GC Util currently" value="27" />
  <attribute name="CPU Util currently" value="40306868222" />
<allocation-satisfied id="6028" threadId="00000000023ECF00" bytesRequested="24" />
<af-end id="6029" timestamp="2019-08-09T18:54:13.853" threadId="00000000023ED888" success="true" />
<exclusive-end id="6030" timestamp="2019-08-09T18:54:13.853" durationms="85.776" />

<exclusive-start id="6031" timestamp="2019-08-09T18:54:14.001" intervalms="233.635">
  <response-info timems="0.022" idlems="0.022" threads="0" lastid="00000000023ECF00" lastname="main" />
</exclusive-start>
<af-start id="6032" threadId="00000000023ED888" totalBytesRequested="80" timestamp="2019-08-09T18:54:14.006" intervalms="239.102" />
<cycle-start id="6033" type="global" contextid="0" timestamp="2019-08-09T18:54:14.007" intervalms="239.125" />
<gc-start id="6034" type="global" contextid="6033" timestamp="2019-08-09T18:54:14.007">
  <mem-info id="6035" free="576512" total="57671680" percent="0">
    <mem type="tenure" free="576512" total="57671680" percent="0">
      <mem type="soa" free="0" total="57095168" percent="0" />
      <mem type="loa" free="576512" total="576512" percent="100" />
    </mem>
  </mem-info>
</gc-start>
<allocation-stats totalBytes="39198624" >
  <allocated-bytes non-tlh="0" tlh="39198624" />
  <largest-consumer threadName="main" threadId="00000000023ECF00" bytes="39198624" />
</allocation-stats>
<gc-op id="6036" type="mark" timems="61.004" contextid="6033" timestamp="2019-08-09T18:54:14.068">
  <trace-info objectcount="596317" scancount="517303" scanbytes="13275412" />
  <finalization candidates="80" enqueued="0" />
  <ownableSynchronizers candidates="21" cleared="0" />
  <references type="soft" candidates="1849" cleared="0" enqueued="0" dynamicThreshold="22" maxThreshold="32" />
  <references type="weak" candidates="5710" cleared="0" enqueued="0" />
  <references type="phantom" candidates="97" cleared="0" enqueued="0" />
  <stringconstants candidates="13275" cleared="0"  />
</gc-op>
<gc-op id="6037" type="sweep" timems="4.157" contextid="6033" timestamp="2019-08-09T18:54:14.072" />
<mem-info id="6038" free="39782704" total="57671680" percent="68">
  <mem type="tenure" free="39782704" total="57671680" percent="68" micro-fragmented="0" macro-fragmented="0">
    <mem type="soa" free="39206192" total="57095168" percent="68" />
    <mem type="loa" free="576512" total="576512" percent="100" />
  </mem>
</mem-info>
<gc-op id="6039" type="compact" timems="25.622" contextid="6033" timestamp="2019-08-09T18:54:14.098">
  <compact-info movecount="3" movebytes="120" reason="compact to aid heap contraction" />
</gc-op>
<heap-resize id="6040" type="expand" space="tenure" amount="131072" count="1" timems="0.021" reason="satisfy allocation request" timestamp="2019-08-09T18:54:14.098" />
<gc-end id="6041" type="global" contextid="6033" durationms="91.785" usertimems="73.477" systemtimems="71.563" timestamp="2019-08-09T18:54:14.098" activeThreads="1">
  <mem-info id="6042" free="39848280" total="57802752" percent="68">
    <mem type="tenure" free="39848280" total="57802752" percent="68">
      <mem type="soa" free="39270744" total="57225216" percent="68" />
      <mem type="loa" free="577536" total="577536" percent="100" />
    </mem>
  </mem-info>
</gc-end>
<cycle-end id="6043" type="global" contextid="6033" timestamp="2019-08-09T18:54:14.098" />
  <attribute name="elasticGC enabled" value="1" />
  <attribute name= "numThreadsSpecified" value="1" />
  <attribute name="heapSize specified" value="57671680" />
  <attribute name="Current GC Util" value="36" />
  <attribute name= "Current Time Running" value="194042" />
  <attribute name ="GC Interval" value="0" />
  <attribute name="Target GC Util Change" value ="80.000000" />
  <attribute name="Current GC Util Change" value="36.000000"/>
  <attribute name="Current Error" value="-23.000000" />
  <attribute name="Output H" value="57747336"/>
  <attribute name="Output I" value="1984"/>
  <attribute name="Output T" value="1"/>
  <attribute name= "Current Time Running" value="194042" />
  <attribute name="GC Util currently" value="36" />
  <attribute name="CPU Util currently" value="44943758680" />
<allocation-satisfied id="6044" threadId="00000000023ECF00" bytesRequested="80" />
<af-end id="6045" timestamp="2019-08-09T18:54:14.098" threadId="00000000023ED888" success="true" />
<exclusive-end id="6046" timestamp="2019-08-09T18:54:14.098" durationms="97.537" />

<exclusive-start id="6047" timestamp="2019-08-09T18:54:14.191" intervalms="190.115">
  <response-info timems="0.031" idlems="0.031" threads="0" lastid="00000000023ECF00" lastname="main" />
</exclusive-start>
<af-start id="6048" threadId="00000000023ED888" totalBytesRequested="40" timestamp="2019-08-09T18:54:14.191" intervalms="184.672" />
<cycle-start id="6049" type="global" contextid="0" timestamp="2019-08-09T18:54:14.191" intervalms="184.666" />
<gc-start id="6050" type="global" contextid="6049" timestamp="2019-08-09T18:54:14.191">
  <mem-info id="6051" free="577536" total="57802752" percent="0">
    <mem type="tenure" free="577536" total="57802752" percent="0">
      <mem type="soa" free="0" total="57225216" percent="0" />
      <mem type="loa" free="577536" total="577536" percent="100" />
    </mem>
  </mem-info>
</gc-start>
<allocation-stats totalBytes="39328792" >
  <allocated-bytes non-tlh="0" tlh="39328792" />
  <largest-consumer threadName="main" threadId="00000000023ECF00" bytes="39328792" />
</allocation-stats>
<gc-op id="6052" type="mark" timems="30.887" contextid="6049" timestamp="2019-08-09T18:54:14.222">
  <trace-info objectcount="596318" scancount="517300" scanbytes="13275492" />
  <finalization candidates="80" enqueued="0" />
  <ownableSynchronizers candidates="21" cleared="0" />
  <references type="soft" candidates="1849" cleared="0" enqueued="0" dynamicThreshold="22" maxThreshold="32" />
  <references type="weak" candidates="5710" cleared="0" enqueued="0" />
  <references type="phantom" candidates="97" cleared="0" enqueued="0" />
  <stringconstants candidates="13275" cleared="0"  />
</gc-op>
<gc-op id="6053" type="sweep" timems="1.509" contextid="6049" timestamp="2019-08-09T18:54:14.224" />
<mem-info id="6054" free="39913736" total="57802752" percent="69">
  <mem type="tenure" free="39913736" total="57802752" percent="69" micro-fragmented="0" macro-fragmented="0">
    <mem type="soa" free="39336200" total="57225216" percent="68" />
    <mem type="loa" free="577536" total="577536" percent="100" />
  </mem>
</mem-info>
<gc-op id="6055" type="compact" timems="25.910" contextid="6049" timestamp="2019-08-09T18:54:14.250">
  <compact-info movecount="4" movebytes="200" reason="compact to aid heap contraction" />
</gc-op>
<heap-resize id="6056" type="expand" space="tenure" amount="131072" count="1" timems="0.016" reason="satisfy allocation request" timestamp="2019-08-09T18:54:14.250" />
<gc-end id="6057" type="global" contextid="6049" durationms="59.335" usertimems="68.567" systemtimems="19.508" timestamp="2019-08-09T18:54:14.251" activeThreads="16">
  <mem-info id="6058" free="39979272" total="57933824" percent="69">
    <mem type="tenure" free="39979272" total="57933824" percent="69">
      <mem type="soa" free="39400712" total="57355264" percent="68" />
      <mem type="loa" free="578560" total="578560" percent="100" />
    </mem>
  </mem-info>
</gc-end>
<cycle-end id="6059" type="global" contextid="6049" timestamp="2019-08-09T18:54:14.251" />
  <attribute name="elasticGC enabled" value="1" />
  <attribute name= "numThreadsSpecified" value="16" />
  <attribute name="heapSize specified" value="57802752" />
  <attribute name="Current GC Util" value="35" />
  <attribute name= "Current Time Running" value="194194" />
  <attribute name ="GC Interval" value="0" />
  <attribute name="Target GC Util Change" value ="80.000000" />
  <attribute name="Current GC Util Change" value="35.000000"/>
  <attribute name="Current Error" value="45.000000" />
  <attribute name="Output H" value="57878488"/>
  <attribute name="Output I" value="2064"/>
  <attribute name="Output T" value="16"/>
  <attribute name= "Current Time Running" value="194194" />
  <attribute name="GC Util currently" value="35" />
  <attribute name="CPU Util currently" value="44357310891" />
<allocation-satisfied id="6060" threadId="00000000023ECF00" bytesRequested="40" />
<af-end id="6061" timestamp="2019-08-09T18:54:14.251" threadId="00000000023ED888" success="true" />
<exclusive-end id="6062" timestamp="2019-08-09T18:54:14.251" durationms="59.602" />

<exclusive-start id="6063" timestamp="2019-08-09T18:54:14.345" intervalms="153.548">
  <response-info timems="0.017" idlems="0.017" threads="0" lastid="00000000023ECF00" lastname="main" />
</exclusive-start>
<af-start id="6064" threadId="00000000023ED888" totalBytesRequested="80" timestamp="2019-08-09T18:54:14.345" intervalms="153.504" />
<cycle-start id="6065" type="global" contextid="0" timestamp="2019-08-09T18:54:14.345" intervalms="153.496" />
<gc-start id="6066" type="global" contextid="6065" timestamp="2019-08-09T18:54:14.345">
  <mem-info id="6067" free="578560" total="57933824" percent="0">
    <mem type="tenure" free="578560" total="57933824" percent="0">
      <mem type="soa" free="0" total="57355264" percent="0" />
      <mem type="loa" free="578560" total="578560" percent="100" />
    </mem>
  </mem-info>
</gc-start>
<allocation-stats totalBytes="39458920" >
  <allocated-bytes non-tlh="0" tlh="39458920" />
  <largest-consumer threadName="main" threadId="00000000023ECF00" bytes="39458920" />
</allocation-stats>
<gc-op id="6068" type="mark" timems="8.740" contextid="6065" timestamp="2019-08-09T18:54:14.354">
  <trace-info objectcount="596317" scancount="517298" scanbytes="13275416" />
  <finalization candidates="80" enqueued="0" />
  <ownableSynchronizers candidates="21" cleared="0" />
  <references type="soft" candidates="1849" cleared="0" enqueued="0" dynamicThreshold="22" maxThreshold="32" />
  <references type="weak" candidates="5710" cleared="0" enqueued="0" />
  <references type="phantom" candidates="97" cleared="0" enqueued="0" />
  <stringconstants candidates="13275" cleared="0"  />
</gc-op>
<gc-op id="6069" type="sweep" timems="2.421" contextid="6065" timestamp="2019-08-09T18:54:14.356" />
<mem-info id="6070" free="40044856" total="57933824" percent="69">
  <mem type="tenure" free="40044856" total="57933824" percent="69" micro-fragmented="0" macro-fragmented="0">
    <mem type="soa" free="39466296" total="57355264" percent="68" />
    <mem type="loa" free="578560" total="578560" percent="100" />
  </mem>
</mem-info>
<gc-op id="6071" type="compact" timems="65.068" contextid="6065" timestamp="2019-08-09T18:54:14.421">
  <compact-info movecount="3" movebytes="120" reason="compact to aid heap contraction" />
</gc-op>
<heap-resize id="6072" type="expand" space="tenure" amount="131072" count="1" timems="0.100" reason="satisfy allocation request" timestamp="2019-08-09T18:54:14.422" />
<gc-end id="6073" type="global" contextid="6065" durationms="77.162" usertimems="98.158" systemtimems="9.662" timestamp="2019-08-09T18:54:14.422" activeThreads="16">
  <mem-info id="6074" free="40110424" total="58064896" percent="69">
    <mem type="tenure" free="40110424" total="58064896" percent="69">
      <mem type="soa" free="39529816" total="57484288" percent="68" />
      <mem type="loa" free="580608" total="580608" percent="100" />
    </mem>
  </mem-info>
</gc-end>
<cycle-end id="6075" type="global" contextid="6065" timestamp="2019-08-09T18:54:14.422" />
  <attribute name="elasticGC enabled" value="1" />
  <attribute name= "numThreadsSpecified" value="16" />
  <attribute name="heapSize specified" value="57933824" />
  <attribute name="Current GC Util" value="11" />
  <attribute name= "Current Time Running" value="194365" />
  <attribute name ="GC Interval" value="0" />
  <attribute name="Target GC Util Change" value ="80.000000" />
  <attribute name="Current GC Util Change" value="11.000000"/>
  <attribute name="Current Error" value="-209.000000" />
  <attribute name="Output H" value="58009264"/>
  <attribute name="Output I" value="1768"/>
  <attribute name="Output T" value="16"/>
  <attribute name= "Current Time Running" value="194365" />
  <attribute name="GC Util currently" value="11" />
  <attribute name="CPU Util currently" value="17703355213" />
<allocation-satisfied id="6076" threadId="00000000023ECF00" bytesRequested="80" />
<af-end id="6077" timestamp="2019-08-09T18:54:14.422" threadId="00000000023ED888" success="true" />
<exclusive-end id="6078" timestamp="2019-08-09T18:54:14.422" durationms="77.379" />

<exclusive-start id="6079" timestamp="2019-08-09T18:54:14.438" intervalms="93.180">
  <response-info timems="0.032" idlems="0.032" threads="0" lastid="00000000023ECF00" lastname="main" />
</exclusive-start>
<af-start id="6080" threadId="00000000023ED888" totalBytesRequested="488" timestamp="2019-08-09T18:54:14.438" intervalms="93.203" />
<cycle-start id="6081" type="global" contextid="0" timestamp="2019-08-09T18:54:14.438" intervalms="93.188" />
<gc-start id="6082" type="global" contextid="6081" timestamp="2019-08-09T18:54:14.438">
  <mem-info id="6083" free="580608" total="58064896" percent="0">
    <mem type="tenure" free="580608" total="58064896" percent="0">
      <mem type="soa" free="0" total="57484288" percent="0" />
      <mem type="loa" free="580608" total="580608" percent="100" />
    </mem>
  </mem-info>
</gc-start>
<allocation-stats totalBytes="39544584" >
  <allocated-bytes non-tlh="0" tlh="39544584" />
  <largest-consumer threadName="main" threadId="00000000023ECF00" bytes="39544584" />
</allocation-stats>
<gc-op id="6084" type="mark" timems="13.324" contextid="6081" timestamp="2019-08-09T18:54:14.451">
  <trace-info objectcount="596320" scancount="517306" scanbytes="13275392" />
  <finalization candidates="80" enqueued="0" />
  <ownableSynchronizers candidates="21" cleared="0" />
  <references type="soft" candidates="1849" cleared="0" enqueued="0" dynamicThreshold="22" maxThreshold="32" />
  <references type="weak" candidates="5710" cleared="0" enqueued="0" />
  <references type="phantom" candidates="97" cleared="0" enqueued="0" />
  <stringconstants candidates="13275" cleared="0"  />
</gc-op>
<gc-op id="6085" type="sweep" timems="1.716" contextid="6081" timestamp="2019-08-09T18:54:14.453" />
<mem-info id="6086" free="40174536" total="58064896" percent="69">
  <mem type="tenure" free="40174536" total="58064896" percent="69" micro-fragmented="0" macro-fragmented="0">
    <mem type="soa" free="39593928" total="57484288" percent="68" />
    <mem type="loa" free="580608" total="580608" percent="100" />
  </mem>
</mem-info>
<gc-op id="6087" type="compact" timems="44.883" contextid="6081" timestamp="2019-08-09T18:54:14.498">
  <compact-info movecount="640" movebytes="37808" reason="compact to aid heap contraction" />
</gc-op>
<heap-resize id="6088" type="expand" space="tenure" amount="131072" count="1" timems="0.017" reason="satisfy allocation request" timestamp="2019-08-09T18:54:14.500" />
<gc-end id="6089" type="global" contextid="6081" durationms="62.086" usertimems="82.434" systemtimems="17.187" timestamp="2019-08-09T18:54:14.500" activeThreads="16">
  <mem-info id="6090" free="40240936" total="58195968" percent="69">
    <mem type="tenure" free="40240936" total="58195968" percent="69">
      <mem type="soa" free="39659304" total="57614336" percent="68" />
      <mem type="loa" free="581632" total="581632" percent="100" />
    </mem>
  </mem-info>
</gc-end>
<cycle-end id="6091" type="global" contextid="6081" timestamp="2019-08-09T18:54:14.500" />
  <attribute name="elasticGC enabled" value="1" />
  <attribute name= "numThreadsSpecified" value="16" />
  <attribute name="heapSize specified" value="58064896" />
  <attribute name="Current GC Util" value="46" />
  <attribute name= "Current Time Running" value="194442" />
  <attribute name ="GC Interval" value="0" />
  <attribute name="Target GC Util Change" value ="80.000000" />
  <attribute name="Current GC Util Change" value="46.000000"/>
  <attribute name="Current Error" value="-250.000000" />
  <attribute name="Output H" value="58140288"/>
  <attribute name="Output I" value="1720"/>
  <attribute name="Output T" value="16"/>
  <attribute name= "Current Time Running" value="194442" />
  <attribute name="GC Util currently" value="46" />
  <attribute name="CPU Util currently" value="25653287386" />
<allocation-satisfied id="6092" threadId="00000000023ECF00" bytesRequested="488" />
<af-end id="6093" timestamp="2019-08-09T18:54:14.500" threadId="00000000023ED888" success="true" />
<exclusive-end id="6094" timestamp="2019-08-09T18:54:14.500" durationms="62.324" />

<exclusive-start id="6095" timestamp="2019-08-09T18:54:14.511" intervalms="72.770">
  <response-info timems="0.124" idlems="0.124" threads="0" lastid="00000000023ECF00" lastname="main" />
</exclusive-start>
<af-start id="6096" threadId="00000000023ED888" totalBytesRequested="32" timestamp="2019-08-09T18:54:14.511" intervalms="72.757" />
<cycle-start id="6097" type="global" contextid="0" timestamp="2019-08-09T18:54:14.511" intervalms="72.760" />
<gc-start id="6098" type="global" contextid="6097" timestamp="2019-08-09T18:54:14.511">
  <mem-info id="6099" free="581632" total="58195968" percent="0">
    <mem type="tenure" free="581632" total="58195968" percent="0">
      <mem type="soa" free="0" total="57614336" percent="0" />
      <mem type="loa" free="581632" total="581632" percent="100" />
    </mem>
  </mem-info>
</gc-start>
<allocation-stats totalBytes="39669608" >
  <allocated-bytes non-tlh="0" tlh="39669608" />
  <largest-consumer threadName="main" threadId="00000000023ECF00" bytes="39669608" />
</allocation-stats>
<gc-op id="6100" type="mark" timems="14.579" contextid="6097" timestamp="2019-08-09T18:54:14.525">
  <trace-info objectcount="596317" scancount="517300" scanbytes="13275304" />
  <finalization candidates="80" enqueued="0" />
  <ownableSynchronizers candidates="21" cleared="0" />
  <references type="soft" candidates="1849" cleared="0" enqueued="0" dynamicThreshold="22" maxThreshold="32" />
  <references type="weak" candidates="5710" cleared="0" enqueued="0" />
  <references type="phantom" candidates="97" cleared="0" enqueued="0" />
  <stringconstants candidates="13275" cleared="0"  />
</gc-op>
<gc-op id="6101" type="sweep" timems="1.591" contextid="6097" timestamp="2019-08-09T18:54:14.527" />
<mem-info id="6102" free="40306560" total="58195968" percent="69">
  <mem type="tenure" free="40306560" total="58195968" percent="69" micro-fragmented="0" macro-fragmented="0">
    <mem type="soa" free="39724928" total="57614336" percent="68" />
    <mem type="loa" free="581632" total="581632" percent="100" />
  </mem>
</mem-info>
<gc-op id="6103" type="compact" timems="54.492" contextid="6097" timestamp="2019-08-09T18:54:14.581">
  <compact-info movecount="1" movebytes="24" reason="compact to aid heap contraction" />
</gc-op>
<heap-resize id="6104" type="expand" space="tenure" amount="131072" count="1" timems="0.028" reason="satisfy allocation request" timestamp="2019-08-09T18:54:14.598" />
<gc-end id="6105" type="global" contextid="6097" durationms="95.628" usertimems="81.254" systemtimems="33.783" timestamp="2019-08-09T18:54:14.606" activeThreads="16">
  <mem-info id="6106" free="40372096" total="58327040" percent="69">
    <mem type="tenure" free="40372096" total="58327040" percent="69">
      <mem type="soa" free="39789440" total="57744384" percent="68" />
      <mem type="loa" free="582656" total="582656" percent="100" />
    </mem>
  </mem-info>
</gc-end>
<cycle-end id="6107" type="global" contextid="6097" timestamp="2019-08-09T18:54:14.606" />
  <attribute name="elasticGC enabled" value="1" />
  <attribute name= "numThreadsSpecified" value="16" />
  <attribute name="heapSize specified" value="58195968" />
  <attribute name="Current GC Util" value="34" />
  <attribute name= "Current Time Running" value="194525" />
  <attribute name ="GC Interval" value="0" />
  <attribute name="Target GC Util Change" value ="80.000000" />
  <attribute name="Current GC Util Change" value="34.000000"/>
  <attribute name="Current Error" value="46.000000" />
  <attribute name="Output H" value="58271704"/>
  <attribute name="Output I" value="2064"/>
  <attribute name="Output T" value="16"/>
  <attribute name= "Current Time Running" value="194525" />
  <attribute name="GC Util currently" value="34" />
  <attribute name="CPU Util currently" value="21134009078" />
<allocation-satisfied id="6108" threadId="00000000023ECF00" bytesRequested="32" />
<af-end id="6109" timestamp="2019-08-09T18:54:14.606" threadId="00000000023ED888" success="true" />
<exclusive-end id="6110" timestamp="2019-08-09T18:54:14.606" durationms="95.910" />

<exclusive-start id="6111" timestamp="2019-08-09T18:54:14.623" intervalms="112.491">
  <response-info timems="0.101" idlems="0.101" threads="0" lastid="00000000023ECF00" lastname="main" />
</exclusive-start>
<af-start id="6112" threadId="00000000023ED888" totalBytesRequested="24" timestamp="2019-08-09T18:54:14.623" intervalms="112.512" />
<cycle-start id="6113" type="global" contextid="0" timestamp="2019-08-09T18:54:14.623" intervalms="112.518" />
<gc-start id="6114" type="global" contextid="6113" timestamp="2019-08-09T18:54:14.623">
  <mem-info id="6115" free="582656" total="58327040" percent="0">
    <mem type="tenure" free="582656" total="58327040" percent="0">
      <mem type="soa" free="0" total="57744384" percent="0" />
      <mem type="loa" free="582656" total="582656" percent="100" />
    </mem>
  </mem-info>
</gc-start>
<allocation-stats totalBytes="39801248" >
  <allocated-bytes non-tlh="0" tlh="39801248" />
  <largest-consumer threadName="main" threadId="00000000023ECF00" bytes="39801248" />
</allocation-stats>
<gc-op id="6116" type="mark" timems="12.099" contextid="6113" timestamp="2019-08-09T18:54:14.635">
  <trace-info objectcount="596318" scancount="517294" scanbytes="13275336" />
  <finalization candidates="80" enqueued="0" />
  <ownableSynchronizers candidates="21" cleared="0" />
  <references type="soft" candidates="1849" cleared="0" enqueued="0" dynamicThreshold="22" maxThreshold="32" />
  <references type="weak" candidates="5710" cleared="0" enqueued="0" />
  <references type="phantom" candidates="97" cleared="0" enqueued="0" />
  <stringconstants candidates="13275" cleared="0"  />
</gc-op>
<gc-op id="6117" type="sweep" timems="2.569" contextid="6113" timestamp="2019-08-09T18:54:14.638" />
<mem-info id="6118" free="40437592" total="58327040" percent="69">
  <mem type="tenure" free="40437592" total="58327040" percent="69" micro-fragmented="0" macro-fragmented="0">
    <mem type="soa" free="39854936" total="57744384" percent="69" />
    <mem type="loa" free="582656" total="582656" percent="100" />
  </mem>
</mem-info>
<gc-op id="6119" type="compact" timems="26.520" contextid="6113" timestamp="2019-08-09T18:54:14.664">
  <compact-info movecount="2" movebytes="56" reason="compact to aid heap contraction" />
</gc-op>
<heap-resize id="6120" type="expand" space="tenure" amount="131072" count="1" timems="0.017" reason="satisfy allocation request" timestamp="2019-08-09T18:54:14.665" />
<gc-end id="6121" type="global" contextid="6113" durationms="42.023" usertimems="47.322" systemtimems="34.045" timestamp="2019-08-09T18:54:14.665" activeThreads="16">
  <mem-info id="6122" free="40503136" total="58458112" percent="69">
    <mem type="tenure" free="40503136" total="58458112" percent="69">
      <mem type="soa" free="39919456" total="57874432" percent="68" />
      <mem type="loa" free="583680" total="583680" percent="100" />
    </mem>
  </mem-info>
</gc-end>
<cycle-end id="6123" type="global" contextid="6113" timestamp="2019-08-09T18:54:14.665" />
  <attribute name="elasticGC enabled" value="1" />
  <attribute name= "numThreadsSpecified" value="16" />
  <attribute name="heapSize specified" value="58327040" />
  <attribute name="Current GC Util" value="49" />
  <attribute name= "Current Time Running" value="194608" />
  <attribute name ="GC Interval" value="0" />
  <attribute name="Target GC Util Change" value ="80.000000" />
  <attribute name="Current GC Util Change" value="49.000000"/>
  <attribute name="Current Error" value="-276.000000" />
  <attribute name="Output H" value="58402408"/>
  <attribute name="Output I" value="1696"/>
  <attribute name="Output T" value="16"/>
  <attribute name= "Current Time Running" value="194608" />
  <attribute name="GC Util currently" value="49" />
  <attribute name="CPU Util currently" value="43418923151" />
<allocation-satisfied id="6124" threadId="00000000023ECF00" bytesRequested="24" />
<af-end id="6125" timestamp="2019-08-09T18:54:14.665" threadId="00000000023ED888" success="true" />
<exclusive-end id="6126" timestamp="2019-08-09T18:54:14.665" durationms="42.270" />

<exclusive-start id="6127" timestamp="2019-08-09T18:54:14.673" intervalms="49.976">
  <response-info timems="0.024" idlems="0.024" threads="0" lastid="00000000023ECF00" lastname="main" />
</exclusive-start>
<af-start id="6128" threadId="00000000023ED888" totalBytesRequested="488" timestamp="2019-08-09T18:54:14.673" intervalms="49.949" />
<cycle-start id="6129" type="global" contextid="0" timestamp="2019-08-09T18:54:14.673" intervalms="49.946" />
<gc-start id="6130" type="global" contextid="6129" timestamp="2019-08-09T18:54:14.673">
  <mem-info id="6131" free="583680" total="58458112" percent="0">
    <mem type="tenure" free="583680" total="58458112" percent="0">
      <mem type="soa" free="0" total="57874432" percent="0" />
      <mem type="loa" free="583680" total="583680" percent="100" />
    </mem>
  </mem-info>
</gc-start>
<allocation-stats totalBytes="39930576" >
  <allocated-bytes non-tlh="0" tlh="39930576" />
  <largest-consumer threadName="main" threadId="00000000023ECF00" bytes="39930576" />
</allocation-stats>
<gc-op id="6132" type="mark" timems="51.441" contextid="6129" timestamp="2019-08-09T18:54:14.725">
  <trace-info objectcount="596320" scancount="517304" scanbytes="13275392" />
  <finalization candidates="80" enqueued="0" />
  <ownableSynchronizers candidates="21" cleared="0" />
  <references type="soft" candidates="1849" cleared="0" enqueued="0" dynamicThreshold="22" maxThreshold="32" />
  <references type="weak" candidates="5710" cleared="0" enqueued="0" />
  <references type="phantom" candidates="97" cleared="0" enqueued="0" />
  <stringconstants candidates="13275" cleared="0"  />
</gc-op>
<gc-op id="6133" type="sweep" timems="5.484" contextid="6129" timestamp="2019-08-09T18:54:14.730" />
<mem-info id="6134" free="40568248" total="58458112" percent="69">
  <mem type="tenure" free="40568248" total="58458112" percent="69" micro-fragmented="0" macro-fragmented="0">
    <mem type="soa" free="39984568" total="57874432" percent="69" />
    <mem type="loa" free="583680" total="583680" percent="100" />
  </mem>
</mem-info>
<gc-op id="6135" type="compact" timems="30.204" contextid="6129" timestamp="2019-08-09T18:54:14.760">
  <compact-info movecount="4" movebytes="112" reason="compact to aid heap contraction" />
</gc-op>
<heap-resize id="6136" type="expand" space="tenure" amount="131072" count="1" timems="0.019" reason="satisfy allocation request" timestamp="2019-08-09T18:54:14.761" />
<gc-end id="6137" type="global" contextid="6129" durationms="88.007" usertimems="72.167" systemtimems="32.073" timestamp="2019-08-09T18:54:14.761" activeThreads="16">
  <mem-info id="6138" free="40634152" total="58589184" percent="69">
    <mem type="tenure" free="40634152" total="58589184" percent="69">
      <mem type="soa" free="40048424" total="58003456" percent="69" />
      <mem type="loa" free="585728" total="585728" percent="100" />
    </mem>
  </mem-info>
</gc-end>
<cycle-end id="6139" type="global" contextid="6129" timestamp="2019-08-09T18:54:14.761" />
  <attribute name="elasticGC enabled" value="1" />
  <attribute name= "numThreadsSpecified" value="16" />
  <attribute name="heapSize specified" value="58458112" />
  <attribute name="Current GC Util" value="58" />
  <attribute name= "Current Time Running" value="194704" />
  <attribute name ="GC Interval" value="0" />
  <attribute name="Target GC Util Change" value ="80.000000" />
  <attribute name="Current GC Util Change" value="58.000000"/>
  <attribute name="Current Error" value="10.000000" />
  <attribute name="Output H" value="58533808"/>
  <attribute name="Output I" value="2024"/>
  <attribute name="Output T" value="16"/>
  <attribute name= "Current Time Running" value="194704" />
  <attribute name="GC Util currently" value="58" />
  <attribute name="CPU Util currently" value="38132329184" />
<allocation-satisfied id="6140" threadId="00000000023ECF00" bytesRequested="488" />
<af-end id="6141" timestamp="2019-08-09T18:54:14.761" threadId="00000000023ED888" success="true" />
<exclusive-end id="6142" timestamp="2019-08-09T18:54:14.761" durationms="88.229" />

* Round 2 done in 11.967 seconds.
<exclusive-start id="6143" timestamp="2019-08-09T18:54:14.824" intervalms="151.084">
  <response-info timems="0.022" idlems="0.022" threads="0" lastid="00000000023ECF00" lastname="main" />
</exclusive-start>
<af-start id="6144" threadId="00000000023ED888" totalBytesRequested="32" timestamp="2019-08-09T18:54:14.856" intervalms="182.778" />
<cycle-start id="6145" type="global" contextid="0" timestamp="2019-08-09T18:54:14.856" intervalms="182.801" />
<gc-start id="6146" type="global" contextid="6145" timestamp="2019-08-09T18:54:14.856">
  <mem-info id="6147" free="585728" total="58589184" percent="0">
    <mem type="tenure" free="585728" total="58589184" percent="0">
      <mem type="soa" free="0" total="58003456" percent="0" />
      <mem type="loa" free="585728" total="585728" percent="100" />
    </mem>
  </mem-info>
</gc-start>
<allocation-stats totalBytes="40073528" >
  <allocated-bytes non-tlh="0" tlh="40073528" />
  <largest-consumer threadName="main" threadId="00000000023ECF00" bytes="40073528" />
</allocation-stats>
<gc-op id="6148" type="mark" timems="19.641" contextid="6145" timestamp="2019-08-09T18:54:14.876">
  <trace-info objectcount="596688" scancount="517675" scanbytes="13287372" />
  <finalization candidates="80" enqueued="0" />
  <ownableSynchronizers candidates="21" cleared="0" />
  <references type="soft" candidates="1855" cleared="0" enqueued="0" dynamicThreshold="22" maxThreshold="32" />
  <references type="weak" candidates="5710" cleared="0" enqueued="0" />
  <references type="phantom" candidates="97" cleared="0" enqueued="0" />
  <stringconstants candidates="13275" cleared="0"  />
</gc-op>
<gc-op id="6149" type="sweep" timems="2.403" contextid="6145" timestamp="2019-08-09T18:54:14.878" />
<mem-info id="6150" free="40678360" total="58589184" percent="69">
  <mem type="tenure" free="40678360" total="58589184" percent="69" micro-fragmented="0" macro-fragmented="0">
    <mem type="soa" free="40092632" total="58003456" percent="69" />
    <mem type="loa" free="585728" total="585728" percent="100" />
  </mem>
</mem-info>
<gc-op id="6151" type="compact" timems="28.265" contextid="6145" timestamp="2019-08-09T18:54:14.906">
  <compact-info movecount="1006" movebytes="49352" reason="compact to aid heap contraction" />
</gc-op>
<heap-resize id="6152" type="expand" space="tenure" amount="131072" count="1" timems="0.018" reason="satisfy allocation request" timestamp="2019-08-09T18:54:14.907" />
<gc-end id="6153" type="global" contextid="6145" durationms="51.380" usertimems="68.788" systemtimems="15.910" timestamp="2019-08-09T18:54:14.907" activeThreads="16">
  <mem-info id="6154" free="40753632" total="58720256" percent="69">
    <mem type="tenure" free="40753632" total="58720256" percent="69">
      <mem type="soa" free="40166880" total="58133504" percent="69" />
      <mem type="loa" free="586752" total="586752" percent="100" />
    </mem>
  </mem-info>
</gc-end>
<cycle-end id="6155" type="global" contextid="6145" timestamp="2019-08-09T18:54:14.908" />
  <attribute name="elasticGC enabled" value="1" />
  <attribute name= "numThreadsSpecified" value="16" />
  <attribute name="heapSize specified" value="58589184" />
  <attribute name="Current GC Util" value="26" />
  <attribute name= "Current Time Running" value="194850" />
  <attribute name ="GC Interval" value="0" />
  <attribute name="Target GC Util Change" value ="80.000000" />
  <attribute name="Current GC Util Change" value="26.000000"/>
  <attribute name="Current Error" value="54.000000" />
  <attribute name="Output H" value="58664928"/>
  <attribute name="Output I" value="2072"/>
  <attribute name="Output T" value="16"/>
  <attribute name= "Current Time Running" value="194850" />
  <attribute name="GC Util currently" value="26" />
  <attribute name="CPU Util currently" value="40784990598" />
<allocation-satisfied id="6156" threadId="00000000023ECF00" bytesRequested="32" />
<af-end id="6157" timestamp="2019-08-09T18:54:14.908" threadId="00000000023ED888" success="true" />
<exclusive-end id="6158" timestamp="2019-08-09T18:54:14.908" durationms="83.478" />

<exclusive-start id="6159" timestamp="2019-08-09T18:54:14.981" intervalms="156.521">
  <response-info timems="0.022" idlems="0.022" threads="0" lastid="00000000023ECF00" lastname="main" />
</exclusive-start>
<af-start id="6160" threadId="00000000023ED888" totalBytesRequested="32" timestamp="2019-08-09T18:54:14.981" intervalms="124.842" />
<cycle-start id="6161" type="global" contextid="0" timestamp="2019-08-09T18:54:14.981" intervalms="124.841" />
<gc-start id="6162" type="global" contextid="6161" timestamp="2019-08-09T18:54:14.981">
  <mem-info id="6163" free="586752" total="58720256" percent="0">
    <mem type="tenure" free="586752" total="58720256" percent="0">
      <mem type="soa" free="0" total="58133504" percent="0" />
      <mem type="loa" free="586752" total="586752" percent="100" />
    </mem>
  </mem-info>
</gc-start>
<allocation-stats totalBytes="40228016" >
  <allocated-bytes non-tlh="0" tlh="40228016" />
  <largest-consumer threadName="main" threadId="00000000023ECF00" bytes="40228016" />
</allocation-stats>
<gc-op id="6164" type="mark" timems="15.674" contextid="6161" timestamp="2019-08-09T18:54:14.997">
  <trace-info objectcount="596694" scancount="517683" scanbytes="13287564" />
  <finalization candidates="80" enqueued="0" />
  <ownableSynchronizers candidates="21" cleared="0" />
  <references type="soft" candidates="1855" cleared="0" enqueued="0" dynamicThreshold="22" maxThreshold="32" />
  <references type="weak" candidates="5710" cleared="0" enqueued="0" />
  <references type="phantom" candidates="97" cleared="0" enqueued="0" />
  <stringconstants candidates="13275" cleared="0"  />
</gc-op>
<gc-op id="6165" type="sweep" timems="1.558" contextid="6161" timestamp="2019-08-09T18:54:14.998" />
<mem-info id="6166" free="40818280" total="58720256" percent="69">
  <mem type="tenure" free="40818280" total="58720256" percent="69" micro-fragmented="0" macro-fragmented="0">
    <mem type="soa" free="40231528" total="58133504" percent="69" />
    <mem type="loa" free="586752" total="586752" percent="100" />
  </mem>
</mem-info>
<gc-op id="6167" type="compact" timems="58.042" contextid="6161" timestamp="2019-08-09T18:54:15.056">
  <compact-info movecount="827" movebytes="42952" reason="compact to aid heap contraction" />
</gc-op>
<heap-resize id="6168" type="expand" space="tenure" amount="131072" count="1" timems="0.029" reason="satisfy allocation request" timestamp="2019-08-09T18:54:15.067" />
<gc-end id="6169" type="global" contextid="6161" durationms="86.235" usertimems="88.970" systemtimems="29.369" timestamp="2019-08-09T18:54:15.067" activeThreads="16">
  <mem-info id="6170" free="40884512" total="58851328" percent="69">
    <mem type="tenure" free="40884512" total="58851328" percent="69">
      <mem type="soa" free="40296736" total="58263552" percent="69" />
      <mem type="loa" free="587776" total="587776" percent="100" />
    </mem>
  </mem-info>
</gc-end>
<cycle-end id="6171" type="global" contextid="6161" timestamp="2019-08-09T18:54:15.067" />
  <attribute name="elasticGC enabled" value="1" />
  <attribute name= "numThreadsSpecified" value="16" />
  <attribute name="heapSize specified" value="58720256" />
  <attribute name="Current GC Util" value="100" />
  <attribute name= "Current Time Running" value="195000" />
  <attribute name ="GC Interval" value="0" />
  <attribute name="Target GC Util Change" value ="80.000000" />
  <attribute name="Current GC Util Change" value="100.000000"/>
  <attribute name="Current Error" value="-89.000000" />
  <attribute name="Output H" value="58795840"/>
  <attribute name="Output I" value="1912"/>
  <attribute name="Output T" value="16"/>
  <attribute name= "Current Time Running" value="195000" />
  <attribute name="GC Util currently" value="100" />
  <attribute name="CPU Util currently" value="19852158112" />
<allocation-satisfied id="6172" threadId="00000000023ECF00" bytesRequested="32" />
<af-end id="6173" timestamp="2019-08-09T18:54:15.067" threadId="00000000023ED888" success="true" />
<exclusive-end id="6174" timestamp="2019-08-09T18:54:15.067" durationms="86.521" />

<exclusive-start id="6175" timestamp="2019-08-09T18:54:15.313" intervalms="332.082">
  <response-info timems="0.029" idlems="0.029" threads="0" lastid="00000000023ECF00" lastname="main" />
</exclusive-start>
<af-start id="6176" threadId="00000000023ED888" totalBytesRequested="1168" timestamp="2019-08-09T18:54:15.313" intervalms="332.088" />
<cycle-start id="6177" type="global" contextid="0" timestamp="2019-08-09T18:54:15.313" intervalms="332.070" />
<gc-start id="6178" type="global" contextid="6177" timestamp="2019-08-09T18:54:15.313">
  <mem-info id="6179" free="587776" total="58851328" percent="0">
    <mem type="tenure" free="587776" total="58851328" percent="0">
      <mem type="soa" free="0" total="58263552" percent="0" />
      <mem type="loa" free="587776" total="587776" percent="100" />
    </mem>
  </mem-info>
</gc-start>
<allocation-stats totalBytes="40235680" >
  <allocated-bytes non-tlh="0" tlh="40235680" />
  <largest-consumer threadName="main" threadId="00000000023ECF00" bytes="40235680" />
</allocation-stats>
<gc-op id="6180" type="mark" timems="18.532" contextid="6177" timestamp="2019-08-09T18:54:15.332">
  <trace-info objectcount="596705" scancount="517686" scanbytes="13287764" />
  <finalization candidates="80" enqueued="0" />
  <ownableSynchronizers candidates="21" cleared="0" />
  <references type="soft" candidates="1855" cleared="0" enqueued="0" dynamicThreshold="22" maxThreshold="32" />
  <references type="weak" candidates="5710" cleared="0" enqueued="0" />
  <references type="phantom" candidates="97" cleared="0" enqueued="0" />
  <stringconstants candidates="13275" cleared="0"  />
</gc-op>
<gc-op id="6181" type="sweep" timems="2.835" contextid="6177" timestamp="2019-08-09T18:54:15.335" />
<mem-info id="6182" free="40945968" total="58851328" percent="69">
  <mem type="tenure" free="40945968" total="58851328" percent="69" micro-fragmented="0" macro-fragmented="0">
    <mem type="soa" free="40358192" total="58263552" percent="69" />
    <mem type="loa" free="587776" total="587776" percent="100" />
  </mem>
</mem-info>
<gc-op id="6183" type="compact" timems="28.190" contextid="6177" timestamp="2019-08-09T18:54:15.363">
  <compact-info movecount="837" movebytes="44344" reason="compact to aid heap contraction" />
</gc-op>
<heap-resize id="6184" type="expand" space="tenure" amount="131072" count="1" timems="0.021" reason="satisfy allocation request" timestamp="2019-08-09T18:54:15.364" />
<gc-end id="6185" type="global" contextid="6177" durationms="50.856" usertimems="90.695" systemtimems="0.000" timestamp="2019-08-09T18:54:15.364" activeThreads="16">
  <mem-info id="6186" free="41014168" total="58982400" percent="69">
    <mem type="tenure" free="41014168" total="58982400" percent="69">
      <mem type="soa" free="40424344" total="58392576" percent="69" />
      <mem type="loa" free="589824" total="589824" percent="100" />
    </mem>
  </mem-info>
</gc-end>
<cycle-end id="6187" type="global" contextid="6177" timestamp="2019-08-09T18:54:15.364" />
  <attribute name="elasticGC enabled" value="1" />
  <attribute name= "numThreadsSpecified" value="16" />
  <attribute name="heapSize specified" value="58851328" />
  <attribute name="Current GC Util" value="46" />
  <attribute name= "Current Time Running" value="195307" />
  <attribute name ="GC Interval" value="0" />
  <attribute name="Target GC Util Change" value ="80.000000" />
  <attribute name="Current GC Util Change" value="46.000000"/>
  <attribute name="Current Error" value="-143.000000" />
  <attribute name="Output H" value="58926848"/>
  <attribute name="Output I" value="1848"/>
  <attribute name="Output T" value="16"/>
  <attribute name= "Current Time Running" value="195307" />
  <attribute name="GC Util currently" value="46" />
  <attribute name="CPU Util currently" value="40850897899" />
<allocation-satisfied id="6188" threadId="00000000023ECF00" bytesRequested="1168" />
<af-end id="6189" timestamp="2019-08-09T18:54:15.364" threadId="00000000023ED888" success="true" />
<exclusive-end id="6190" timestamp="2019-08-09T18:54:15.364" durationms="51.398" />

<exclusive-start id="6191" timestamp="2019-08-09T18:54:15.368" intervalms="55.645">
  <response-info timems="0.021" idlems="0.021" threads="0" lastid="00000000023ECF00" lastname="main" />
</exclusive-start>
<af-start id="6192" threadId="00000000023ED888" totalBytesRequested="1168" timestamp="2019-08-09T18:54:15.368" intervalms="55.619" />
<cycle-start id="6193" type="global" contextid="0" timestamp="2019-08-09T18:54:15.368" intervalms="55.610" />
<gc-start id="6194" type="global" contextid="6193" timestamp="2019-08-09T18:54:15.368">
  <mem-info id="6195" free="589824" total="58982400" percent="1">
    <mem type="tenure" free="589824" total="58982400" percent="1">
      <mem type="soa" free="0" total="58392576" percent="0" />
      <mem type="loa" free="589824" total="589824" percent="100" />
    </mem>
  </mem-info>
</gc-start>
<allocation-stats totalBytes="40345584" >
  <allocated-bytes non-tlh="0" tlh="40345584" />
  <largest-consumer threadName="main" threadId="00000000023ECF00" bytes="40345584" />
</allocation-stats>
<gc-op id="6196" type="mark" timems="37.683" contextid="6193" timestamp="2019-08-09T18:54:15.406">
  <trace-info objectcount="596706" scancount="517695" scanbytes="13287788" />
  <finalization candidates="80" enqueued="0" />
  <ownableSynchronizers candidates="21" cleared="0" />
  <references type="soft" candidates="1855" cleared="0" enqueued="0" dynamicThreshold="22" maxThreshold="32" />
  <references type="weak" candidates="5710" cleared="0" enqueued="0" />
  <references type="phantom" candidates="97" cleared="0" enqueued="0" />
  <stringconstants candidates="13275" cleared="0"  />
</gc-op>
<gc-op id="6197" type="sweep" timems="6.245" contextid="6193" timestamp="2019-08-09T18:54:15.412" />
<mem-info id="6198" free="41079248" total="58982400" percent="69">
  <mem type="tenure" free="41079248" total="58982400" percent="69" micro-fragmented="0" macro-fragmented="0">
    <mem type="soa" free="40489424" total="58392576" percent="69" />
    <mem type="loa" free="589824" total="589824" percent="100" />
  </mem>
</mem-info>
<gc-op id="6199" type="compact" timems="33.339" contextid="6193" timestamp="2019-08-09T18:54:15.446">
  <compact-info movecount="2" movebytes="56" reason="compact to aid heap contraction" />
</gc-op>
<heap-resize id="6200" type="expand" space="tenure" amount="131072" count="1" timems="0.026" reason="satisfy allocation request" timestamp="2019-08-09T18:54:15.446" />
<gc-end id="6201" type="global" contextid="6193" durationms="78.051" usertimems="133.288" systemtimems="0.073" timestamp="2019-08-09T18:54:15.447" activeThreads="1">
  <mem-info id="6202" free="41145216" total="59113472" percent="69">
    <mem type="tenure" free="41145216" total="59113472" percent="69">
      <mem type="soa" free="40554368" total="58522624" percent="69" />
      <mem type="loa" free="590848" total="590848" percent="100" />
    </mem>
  </mem-info>
</gc-end>
<cycle-end id="6203" type="global" contextid="6193" timestamp="2019-08-09T18:54:15.447" />
  <attribute name="elasticGC enabled" value="1" />
  <attribute name= "numThreadsSpecified" value="1" />
  <attribute name="heapSize specified" value="58982400" />
  <attribute name="Current GC Util" value="101" />
  <attribute name= "Current Time Running" value="195390" />
  <attribute name ="GC Interval" value="0" />
  <attribute name="Target GC Util Change" value ="80.000000" />
  <attribute name="Current GC Util Change" value="101.000000"/>
  <attribute name="Current Error" value="-21.000000" />
  <attribute name="Output H" value="59058056"/>
  <attribute name="Output I" value="1984"/>
  <attribute name="Output T" value="1"/>
  <attribute name= "Current Time Running" value="195390" />
  <attribute name="GC Util currently" value="101" />
  <attribute name="CPU Util currently" value="34560097138" />
<allocation-satisfied id="6204" threadId="00000000023ECF00" bytesRequested="1168" />
<af-end id="6205" timestamp="2019-08-09T18:54:15.447" threadId="00000000023ED888" success="true" />
<exclusive-end id="6206" timestamp="2019-08-09T18:54:15.447" durationms="78.259" />

<exclusive-start id="6207" timestamp="2019-08-09T18:54:15.462" intervalms="94.087">
  <response-info timems="0.025" idlems="0.025" threads="0" lastid="00000000023ECF00" lastname="main" />
</exclusive-start>
<af-start id="6208" threadId="00000000023ED888" totalBytesRequested="1168" timestamp="2019-08-09T18:54:15.462" intervalms="94.091" />
<cycle-start id="6209" type="global" contextid="0" timestamp="2019-08-09T18:54:15.463" intervalms="94.098" />
<gc-start id="6210" type="global" contextid="6209" timestamp="2019-08-09T18:54:15.463">
  <mem-info id="6211" free="590848" total="59113472" percent="0">
    <mem type="tenure" free="590848" total="59113472" percent="0">
      <mem type="soa" free="0" total="58522624" percent="0" />
      <mem type="loa" free="590848" total="590848" percent="100" />
    </mem>
  </mem-info>
</gc-start>
<allocation-stats totalBytes="40483272" >
  <allocated-bytes non-tlh="0" tlh="40483272" />
  <largest-consumer threadName="main" threadId="00000000023ECF00" bytes="40483272" />
</allocation-stats>
<gc-op id="6212" type="mark" timems="29.430" contextid="6209" timestamp="2019-08-09T18:54:15.492">
  <trace-info objectcount="596706" scancount="517695" scanbytes="13287788" />
  <finalization candidates="80" enqueued="0" />
  <ownableSynchronizers candidates="21" cleared="0" />
  <references type="soft" candidates="1855" cleared="0" enqueued="0" dynamicThreshold="22" maxThreshold="32" />
  <references type="weak" candidates="5710" cleared="0" enqueued="0" />
  <references type="phantom" candidates="97" cleared="0" enqueued="0" />
  <stringconstants candidates="13275" cleared="0"  />
</gc-op>
<gc-op id="6213" type="sweep" timems="4.618" contextid="6209" timestamp="2019-08-09T18:54:15.497" />
<mem-info id="6214" free="41210136" total="59113472" percent="69">
  <mem type="tenure" free="41210136" total="59113472" percent="69" micro-fragmented="0" macro-fragmented="0">
    <mem type="soa" free="40619288" total="58522624" percent="69" />
    <mem type="loa" free="590848" total="590848" percent="100" />
  </mem>
</mem-info>
<gc-op id="6215" type="compact" timems="31.917" contextid="6209" timestamp="2019-08-09T18:54:15.529">
  <compact-info movecount="2" movebytes="56" reason="compact to aid heap contraction" />
</gc-op>
<heap-resize id="6216" type="expand" space="tenure" amount="131072" count="1" timems="0.022" reason="satisfy allocation request" timestamp="2019-08-09T18:54:15.530" />
<gc-end id="6217" type="global" contextid="6209" durationms="67.379" usertimems="98.317" systemtimems="6.100" timestamp="2019-08-09T18:54:15.530" activeThreads="16">
  <mem-info id="6218" free="41276288" total="59244544" percent="69">
    <mem type="tenure" free="41276288" total="59244544" percent="69">
      <mem type="soa" free="40684416" total="58652672" percent="69" />
      <mem type="loa" free="591872" total="591872" percent="100" />
    </mem>
  </mem-info>
</gc-end>
<cycle-end id="6219" type="global" contextid="6209" timestamp="2019-08-09T18:54:15.530" />
  <attribute name="elasticGC enabled" value="1" />
  <attribute name= "numThreadsSpecified" value="16" />
  <attribute name="heapSize specified" value="59113472" />
  <attribute name="Current GC Util" value="41" />
  <attribute name= "Current Time Running" value="195473" />
  <attribute name ="GC Interval" value="0" />
  <attribute name="Target GC Util Change" value ="80.000000" />
  <attribute name="Current GC Util Change" value="41.000000"/>
  <attribute name="Current Error" value="-55.000000" />
  <attribute name="Output H" value="59189096"/>
  <attribute name="Output I" value="1952"/>
  <attribute name="Output T" value="16"/>
  <attribute name= "Current Time Running" value="195473" />
  <attribute name="GC Util currently" value="41" />
  <attribute name="CPU Util currently" value="36149565769" />
<allocation-satisfied id="6220" threadId="00000000023ECF00" bytesRequested="1168" />
<af-end id="6221" timestamp="2019-08-09T18:54:15.530" threadId="00000000023ED888" success="true" />
<exclusive-end id="6222" timestamp="2019-08-09T18:54:15.530" durationms="67.857" />

<exclusive-start id="6223" timestamp="2019-08-09T18:54:15.543" intervalms="80.741">
  <response-info timems="0.021" idlems="0.021" threads="0" lastid="00000000023ECF00" lastname="main" />
</exclusive-start>
<af-start id="6224" threadId="00000000023ED888" totalBytesRequested="1168" timestamp="2019-08-09T18:54:15.545" intervalms="82.091" />
<cycle-start id="6225" type="global" contextid="0" timestamp="2019-08-09T18:54:15.545" intervalms="82.096" />
<gc-start id="6226" type="global" contextid="6225" timestamp="2019-08-09T18:54:15.545">
  <mem-info id="6227" free="591872" total="59244544" percent="0">
    <mem type="tenure" free="591872" total="59244544" percent="0">
      <mem type="soa" free="0" total="58652672" percent="0" />
      <mem type="loa" free="591872" total="591872" percent="100" />
    </mem>
  </mem-info>
</gc-start>
<allocation-stats totalBytes="40612680" >
  <allocated-bytes non-tlh="0" tlh="40612680" />
  <largest-consumer threadName="main" threadId="00000000023ECF00" bytes="40612680" />
</allocation-stats>
<gc-op id="6228" type="mark" timems="27.924" contextid="6225" timestamp="2019-08-09T18:54:15.573">
  <trace-info objectcount="596706" scancount="517689" scanbytes="13287788" />
  <finalization candidates="80" enqueued="0" />
  <ownableSynchronizers candidates="21" cleared="0" />
  <references type="soft" candidates="1855" cleared="0" enqueued="0" dynamicThreshold="22" maxThreshold="32" />
  <references type="weak" candidates="5710" cleared="0" enqueued="0" />
  <references type="phantom" candidates="97" cleared="0" enqueued="0" />
  <stringconstants candidates="13275" cleared="0"  />
</gc-op>
<gc-op id="6229" type="sweep" timems="4.464" contextid="6225" timestamp="2019-08-09T18:54:15.578" />
<mem-info id="6230" free="41341824" total="59244544" percent="69">
  <mem type="tenure" free="41341824" total="59244544" percent="69" micro-fragmented="0" macro-fragmented="0">
    <mem type="soa" free="40749952" total="58652672" percent="69" />
    <mem type="loa" free="591872" total="591872" percent="100" />
  </mem>
</mem-info>
<gc-op id="6231" type="compact" timems="30.804" contextid="6225" timestamp="2019-08-09T18:54:15.609">
  <compact-info movecount="2" movebytes="56" reason="compact to aid heap contraction" />
</gc-op>
<heap-resize id="6232" type="expand" space="tenure" amount="131072" count="1" timems="0.026" reason="satisfy allocation request" timestamp="2019-08-09T18:54:15.610" />
<gc-end id="6233" type="global" contextid="6225" durationms="65.281" usertimems="83.996" systemtimems="13.682" timestamp="2019-08-09T18:54:15.610" activeThreads="16">
  <mem-info id="6234" free="41407360" total="59375616" percent="69">
    <mem type="tenure" free="41407360" total="59375616" percent="69">
      <mem type="soa" free="40814464" total="58782720" percent="69" />
      <mem type="loa" free="592896" total="592896" percent="100" />
    </mem>
  </mem-info>
</gc-end>
<cycle-end id="6235" type="global" contextid="6225" timestamp="2019-08-09T18:54:15.610" />
  <attribute name="elasticGC enabled" value="1" />
  <attribute name= "numThreadsSpecified" value="16" />
  <attribute name="heapSize specified" value="59244544" />
  <attribute name="Current GC Util" value="43" />
  <attribute name= "Current Time Running" value="195553" />
  <attribute name ="GC Interval" value="0" />
  <attribute name="Target GC Util Change" value ="80.000000" />
  <attribute name="Current GC Util Change" value="43.000000"/>
  <attribute name="Current Error" value="-97.000000" />
  <attribute name="Output H" value="59320112"/>
  <attribute name="Output I" value="1896"/>
  <attribute name="Output T" value="16"/>
  <attribute name= "Current Time Running" value="195553" />
  <attribute name="GC Util currently" value="43" />
  <attribute name="CPU Util currently" value="37380378105" />
<allocation-satisfied id="6236" threadId="00000000023ECF00" bytesRequested="1168" />
<af-end id="6237" timestamp="2019-08-09T18:54:15.610" threadId="00000000023ED888" success="true" />
<exclusive-end id="6238" timestamp="2019-08-09T18:54:15.610" durationms="67.055" />

<exclusive-start id="6239" timestamp="2019-08-09T18:54:15.616" intervalms="72.583">
  <response-info timems="0.022" idlems="0.022" threads="0" lastid="00000000023ECF00" lastname="main" />
</exclusive-start>
<af-start id="6240" threadId="00000000023ED888" totalBytesRequested="1168" timestamp="2019-08-09T18:54:15.616" intervalms="71.228" />
<cycle-start id="6241" type="global" contextid="0" timestamp="2019-08-09T18:54:15.616" intervalms="71.261" />
<gc-start id="6242" type="global" contextid="6241" timestamp="2019-08-09T18:54:15.616">
  <mem-info id="6243" free="592896" total="59375616" percent="0">
    <mem type="tenure" free="592896" total="59375616" percent="0">
      <mem type="soa" free="0" total="58782720" percent="0" />
      <mem type="loa" free="592896" total="592896" percent="100" />
    </mem>
  </mem-info>
</gc-start>
<allocation-stats totalBytes="40742088" >
  <allocated-bytes non-tlh="0" tlh="40742088" />
  <largest-consumer threadName="main" threadId="00000000023ECF00" bytes="40742088" />
</allocation-stats>
<gc-op id="6244" type="mark" timems="54.841" contextid="6241" timestamp="2019-08-09T18:54:15.671">
  <trace-info objectcount="596706" scancount="517729" scanbytes="13287788" />
  <finalization candidates="80" enqueued="0" />
  <ownableSynchronizers candidates="21" cleared="0" />
  <references type="soft" candidates="1855" cleared="0" enqueued="0" dynamicThreshold="22" maxThreshold="32" />
  <references type="weak" candidates="5710" cleared="0" enqueued="0" />
  <references type="phantom" candidates="97" cleared="0" enqueued="0" />
  <stringconstants candidates="13275" cleared="0"  />
</gc-op>
<gc-op id="6245" type="sweep" timems="4.587" contextid="6241" timestamp="2019-08-09T18:54:15.676" />
<mem-info id="6246" free="41472896" total="59375616" percent="69">
  <mem type="tenure" free="41472896" total="59375616" percent="69" micro-fragmented="0" macro-fragmented="0">
    <mem type="soa" free="40880000" total="58782720" percent="69" />
    <mem type="loa" free="592896" total="592896" percent="100" />
  </mem>
</mem-info>
<gc-op id="6247" type="compact" timems="29.276" contextid="6241" timestamp="2019-08-09T18:54:15.705">
  <compact-info movecount="2" movebytes="56" reason="compact to aid heap contraction" />
</gc-op>
<heap-resize id="6248" type="expand" space="tenure" amount="131072" count="1" timems="0.023" reason="satisfy allocation request" timestamp="2019-08-09T18:54:15.706" />
<gc-end id="6249" type="global" contextid="6241" durationms="90.245" usertimems="92.403" systemtimems="42.194" timestamp="2019-08-09T18:54:15.706" activeThreads="16">
  <mem-info id="6250" free="41538432" total="59506688" percent="69">
    <mem type="tenure" free="41538432" total="59506688" percent="69">
      <mem type="soa" free="40943488" total="58911744" percent="69" />
      <mem type="loa" free="594944" total="594944" percent="100" />
    </mem>
  </mem-info>
</gc-end>
<cycle-end id="6251" type="global" contextid="6241" timestamp="2019-08-09T18:54:15.706" />
  <attribute name="elasticGC enabled" value="1" />
  <attribute name= "numThreadsSpecified" value="16" />
  <attribute name="heapSize specified" value="59375616" />
  <attribute name="Current GC Util" value="36" />
  <attribute name= "Current Time Running" value="195649" />
  <attribute name ="GC Interval" value="0" />
  <attribute name="Target GC Util Change" value ="80.000000" />
  <attribute name="Current GC Util Change" value="36.000000"/>
  <attribute name="Current Error" value="44.000000" />
  <attribute name="Output H" value="59451352"/>
  <attribute name="Output I" value="2064"/>
  <attribute name="Output T" value="16"/>
  <attribute name= "Current Time Running" value="195649" />
  <attribute name="GC Util currently" value="36" />
  <attribute name="CPU Util currently" value="39352802011" />
<allocation-satisfied id="6252" threadId="00000000023ECF00" bytesRequested="1168" />
<af-end id="6253" timestamp="2019-08-09T18:54:15.706" threadId="00000000023ED888" success="true" />
<exclusive-end id="6254" timestamp="2019-08-09T18:54:15.706" durationms="90.518" />

<exclusive-start id="6255" timestamp="2019-08-09T18:54:15.711" intervalms="95.097">
  <response-info timems="0.019" idlems="0.019" threads="0" lastid="00000000023ECF00" lastname="main" />
</exclusive-start>
<af-start id="6256" threadId="00000000023ED888" totalBytesRequested="1168" timestamp="2019-08-09T18:54:15.711" intervalms="95.101" />
<cycle-start id="6257" type="global" contextid="0" timestamp="2019-08-09T18:54:15.711" intervalms="95.062" />
<gc-start id="6258" type="global" contextid="6257" timestamp="2019-08-09T18:54:15.711">
  <mem-info id="6259" free="594944" total="59506688" percent="0">
    <mem type="tenure" free="594944" total="59506688" percent="0">
      <mem type="soa" free="0" total="58911744" percent="0" />
      <mem type="loa" free="594944" total="594944" percent="100" />
    </mem>
  </mem-info>
</gc-start>
<allocation-stats totalBytes="40871496" >
  <allocated-bytes non-tlh="0" tlh="40871496" />
  <largest-consumer threadName="main" threadId="00000000023ECF00" bytes="40871496" />
</allocation-stats>
<gc-op id="6260" type="mark" timems="23.053" contextid="6257" timestamp="2019-08-09T18:54:15.734">
  <trace-info objectcount="596706" scancount="517692" scanbytes="13287788" />
  <finalization candidates="80" enqueued="0" />
  <ownableSynchronizers candidates="21" cleared="0" />
  <references type="soft" candidates="1855" cleared="0" enqueued="0" dynamicThreshold="22" maxThreshold="32" />
  <references type="weak" candidates="5710" cleared="0" enqueued="0" />
  <references type="phantom" candidates="97" cleared="0" enqueued="0" />
  <stringconstants candidates="13275" cleared="0"  />
</gc-op>
<gc-op id="6261" type="sweep" timems="8.989" contextid="6257" timestamp="2019-08-09T18:54:15.743" />
<mem-info id="6262" free="41603728" total="59506688" percent="69">
  <mem type="tenure" free="41603728" total="59506688" percent="69" micro-fragmented="0" macro-fragmented="0">
    <mem type="soa" free="41008784" total="58911744" percent="69" />
    <mem type="loa" free="594944" total="594944" percent="100" />
  </mem>
</mem-info>
<gc-op id="6263" type="compact" timems="32.425" contextid="6257" timestamp="2019-08-09T18:54:15.776">
  <compact-info movecount="2" movebytes="56" reason="compact to aid heap contraction" />
</gc-op>
<heap-resize id="6264" type="expand" space="tenure" amount="131072" count="1" timems="0.020" reason="satisfy allocation request" timestamp="2019-08-09T18:54:15.776" />
<gc-end id="6265" type="global" contextid="6257" durationms="65.267" usertimems="82.725" systemtimems="15.779" timestamp="2019-08-09T18:54:15.776" activeThreads="16">
  <mem-info id="6266" free="41669504" total="59637760" percent="69">
    <mem type="tenure" free="41669504" total="59637760" percent="69">
      <mem type="soa" free="41073536" total="59041792" percent="69" />
      <mem type="loa" free="595968" total="595968" percent="100" />
    </mem>
  </mem-info>
</gc-end>
<cycle-end id="6267" type="global" contextid="6257" timestamp="2019-08-09T18:54:15.776" />
  <attribute name="elasticGC enabled" value="1" />
  <attribute name= "numThreadsSpecified" value="16" />
  <attribute name="heapSize specified" value="59506688" />
  <attribute name="Current GC Util" value="47" />
  <attribute name= "Current Time Running" value="195720" />
  <attribute name ="GC Interval" value="0" />
  <attribute name="Target GC Util Change" value ="80.000000" />
  <attribute name="Current GC Util Change" value="47.000000"/>
  <attribute name="Current Error" value="-529.000000" />
  <attribute name="Output H" value="59581760"/>
  <attribute name="Output I" value="1400"/>
  <attribute name="Output T" value="16"/>
  <attribute name= "Current Time Running" value="195720" />
  <attribute name="GC Util currently" value="47" />
  <attribute name="CPU Util currently" value="35539449524" />
<allocation-satisfied id="6268" threadId="00000000023ECF00" bytesRequested="1168" />
<af-end id="6269" timestamp="2019-08-09T18:54:15.776" threadId="00000000023ED888" success="true" />
<exclusive-end id="6270" timestamp="2019-08-09T18:54:15.776" durationms="65.583" />

<exclusive-start id="6271" timestamp="2019-08-09T18:54:15.781" intervalms="69.805">
  <response-info timems="0.021" idlems="0.021" threads="0" lastid="00000000023ECF00" lastname="main" />
</exclusive-start>
<af-start id="6272" threadId="00000000023ED888" totalBytesRequested="1168" timestamp="2019-08-09T18:54:15.781" intervalms="69.803" />
<cycle-start id="6273" type="global" contextid="0" timestamp="2019-08-09T18:54:15.781" intervalms="69.793" />
<gc-start id="6274" type="global" contextid="6273" timestamp="2019-08-09T18:54:15.781">
  <mem-info id="6275" free="595968" total="59637760" percent="0">
    <mem type="tenure" free="595968" total="59637760" percent="0">
      <mem type="soa" free="0" total="59041792" percent="0" />
      <mem type="loa" free="595968" total="595968" percent="100" />
    </mem>
  </mem-info>
</gc-start>
<allocation-stats totalBytes="41000904" >
  <allocated-bytes non-tlh="0" tlh="41000904" />
  <largest-consumer threadName="main" threadId="00000000023ECF00" bytes="41000904" />
</allocation-stats>
<gc-op id="6276" type="mark" timems="21.970" contextid="6273" timestamp="2019-08-09T18:54:15.803">
  <trace-info objectcount="596706" scancount="517691" scanbytes="13287788" />
  <finalization candidates="80" enqueued="0" />
  <ownableSynchronizers candidates="21" cleared="0" />
  <references type="soft" candidates="1855" cleared="0" enqueued="0" dynamicThreshold="22" maxThreshold="32" />
  <references type="weak" candidates="5710" cleared="0" enqueued="0" />
  <references type="phantom" candidates="97" cleared="0" enqueued="0" />
  <stringconstants candidates="13275" cleared="0"  />
</gc-op>
<gc-op id="6277" type="sweep" timems="11.982" contextid="6273" timestamp="2019-08-09T18:54:15.815" />
<mem-info id="6278" free="41734592" total="59637760" percent="69">
  <mem type="tenure" free="41734592" total="59637760" percent="69" micro-fragmented="0" macro-fragmented="0">
    <mem type="soa" free="41138624" total="59041792" percent="69" />
    <mem type="loa" free="595968" total="595968" percent="100" />
  </mem>
</mem-info>
<gc-op id="6279" type="compact" timems="30.669" contextid="6273" timestamp="2019-08-09T18:54:15.846">
  <compact-info movecount="2" movebytes="56" reason="compact to aid heap contraction" />
</gc-op>
<heap-resize id="6280" type="expand" space="tenure" amount="131072" count="1" timems="0.020" reason="satisfy allocation request" timestamp="2019-08-09T18:54:15.846" />
<gc-end id="6281" type="global" contextid="6273" durationms="65.301" usertimems="85.837" systemtimems="9.952" timestamp="2019-08-09T18:54:15.846" activeThreads="16">
  <mem-info id="6282" free="41800576" total="59768832" percent="69">
    <mem type="tenure" free="41800576" total="59768832" percent="69">
      <mem type="soa" free="41203584" total="59171840" percent="69" />
      <mem type="loa" free="596992" total="596992" percent="100" />
    </mem>
  </mem-info>
</gc-end>
<cycle-end id="6283" type="global" contextid="6273" timestamp="2019-08-09T18:54:15.846" />
  <attribute name="elasticGC enabled" value="1" />
  <attribute name= "numThreadsSpecified" value="16" />
  <attribute name="heapSize specified" value="59637760" />
  <attribute name="Current GC Util" value="29" />
  <attribute name= "Current Time Running" value="195790" />
  <attribute name ="GC Interval" value="0" />
  <attribute name="Target GC Util Change" value ="80.000000" />
  <attribute name="Current GC Util Change" value="29.000000"/>
  <attribute name="Current Error" value="-69.000000" />
  <attribute name="Output H" value="59713368"/>
  <attribute name="Output I" value="1936"/>
  <attribute name="Output T" value="16"/>
  <attribute name= "Current Time Running" value="195790" />
  <attribute name="GC Util currently" value="29" />
  <attribute name="CPU Util currently" value="37585692779" />
<allocation-satisfied id="6284" threadId="00000000023ECF00" bytesRequested="1168" />
<af-end id="6285" timestamp="2019-08-09T18:54:15.846" threadId="00000000023ED888" success="true" />
<exclusive-end id="6286" timestamp="2019-08-09T18:54:15.846" durationms="65.653" />

<exclusive-start id="6287" timestamp="2019-08-09T18:54:15.850" intervalms="69.805">
  <response-info timems="0.020" idlems="0.020" threads="0" lastid="00000000023ECF00" lastname="main" />
</exclusive-start>
<af-start id="6288" threadId="00000000023ED888" totalBytesRequested="1168" timestamp="2019-08-09T18:54:15.850" intervalms="69.801" />
<cycle-start id="6289" type="global" contextid="0" timestamp="2019-08-09T18:54:15.851" intervalms="69.801" />
<gc-start id="6290" type="global" contextid="6289" timestamp="2019-08-09T18:54:15.851">
  <mem-info id="6291" free="596992" total="59768832" percent="0">
    <mem type="tenure" free="596992" total="59768832" percent="0">
      <mem type="soa" free="0" total="59171840" percent="0" />
      <mem type="loa" free="596992" total="596992" percent="100" />
    </mem>
  </mem-info>
</gc-start>
<allocation-stats totalBytes="41130336" >
  <allocated-bytes non-tlh="0" tlh="41130336" />
  <largest-consumer threadName="main" threadId="00000000023ECF00" bytes="41130336" />
</allocation-stats>
<gc-op id="6292" type="mark" timems="9.394" contextid="6289" timestamp="2019-08-09T18:54:15.860">
  <trace-info objectcount="596706" scancount="517705" scanbytes="13287788" />
  <finalization candidates="80" enqueued="0" />
  <ownableSynchronizers candidates="21" cleared="0" />
  <references type="soft" candidates="1855" cleared="0" enqueued="0" dynamicThreshold="22" maxThreshold="32" />
  <references type="weak" candidates="5710" cleared="0" enqueued="0" />
  <references type="phantom" candidates="97" cleared="0" enqueued="0" />
  <stringconstants candidates="13275" cleared="0"  />
</gc-op>
<gc-op id="6293" type="sweep" timems="1.453" contextid="6289" timestamp="2019-08-09T18:54:15.861" />
<mem-info id="6294" free="41865480" total="59768832" percent="70">
  <mem type="tenure" free="41865480" total="59768832" percent="70" micro-fragmented="0" macro-fragmented="0">
    <mem type="soa" free="41268488" total="59171840" percent="69" />
    <mem type="loa" free="596992" total="596992" percent="100" />
  </mem>
</mem-info>
<gc-op id="6295" type="compact" timems="64.501" contextid="6289" timestamp="2019-08-09T18:54:15.926">
  <compact-info movecount="2" movebytes="56" reason="compact to aid heap contraction" />
</gc-op>
<heap-resize id="6296" type="expand" space="tenure" amount="131072" count="1" timems="0.022" reason="satisfy allocation request" timestamp="2019-08-09T18:54:15.928" />
<gc-end id="6297" type="global" contextid="6289" durationms="77.061" usertimems="91.868" systemtimems="3.033" timestamp="2019-08-09T18:54:15.928" activeThreads="16">
  <mem-info id="6298" free="41931648" total="59899904" percent="70">
    <mem type="tenure" free="41931648" total="59899904" percent="70">
      <mem type="soa" free="41333632" total="59301888" percent="69" />
      <mem type="loa" free="598016" total="598016" percent="100" />
    </mem>
  </mem-info>
</gc-end>
<cycle-end id="6299" type="global" contextid="6289" timestamp="2019-08-09T18:54:15.928" />
  <attribute name="elasticGC enabled" value="1" />
  <attribute name= "numThreadsSpecified" value="16" />
  <attribute name="heapSize specified" value="59768832" />
  <attribute name="Current GC Util" value="12" />
  <attribute name= "Current Time Running" value="195870" />
  <attribute name ="GC Interval" value="0" />
  <attribute name="Target GC Util Change" value ="80.000000" />
  <attribute name="Current GC Util Change" value="12.000000"/>
  <attribute name="Current Error" value="68.000000" />
  <attribute name="Output H" value="59844592"/>
  <attribute name="Output I" value="2088"/>
  <attribute name="Output T" value="16"/>
  <attribute name= "Current Time Running" value="195870" />
  <attribute name="GC Util currently" value="12" />
  <attribute name="CPU Util currently" value="17863622958" />
<allocation-satisfied id="6300" threadId="00000000023ECF00" bytesRequested="1168" />
<af-end id="6301" timestamp="2019-08-09T18:54:15.928" threadId="00000000023ED888" success="true" />
<exclusive-end id="6302" timestamp="2019-08-09T18:54:15.928" durationms="77.259" />

<exclusive-start id="6303" timestamp="2019-08-09T18:54:15.933" intervalms="82.208">
  <response-info timems="0.020" idlems="0.020" threads="0" lastid="00000000023ECF00" lastname="main" />
</exclusive-start>
<af-start id="6304" threadId="00000000023ED888" totalBytesRequested="1168" timestamp="2019-08-09T18:54:15.933" intervalms="82.224" />
<cycle-start id="6305" type="global" contextid="0" timestamp="2019-08-09T18:54:15.933" intervalms="82.227" />
<gc-start id="6306" type="global" contextid="6305" timestamp="2019-08-09T18:54:15.933">
  <mem-info id="6307" free="598016" total="59899904" percent="0">
    <mem type="tenure" free="598016" total="59899904" percent="0">
      <mem type="soa" free="0" total="59301888" percent="0" />
      <mem type="loa" free="598016" total="598016" percent="100" />
    </mem>
  </mem-info>
</gc-start>
<allocation-stats totalBytes="41259720" >
  <allocated-bytes non-tlh="0" tlh="41259720" />
  <largest-consumer threadName="main" threadId="00000000023ECF00" bytes="41259720" />
</allocation-stats>
<gc-op id="6308" type="mark" timems="9.501" contextid="6305" timestamp="2019-08-09T18:54:15.942">
  <trace-info objectcount="596688" scancount="517674" scanbytes="13287228" />
  <finalization candidates="80" enqueued="0" />
  <ownableSynchronizers candidates="21" cleared="0" />
  <references type="soft" candidates="1855" cleared="5" enqueued="5" dynamicThreshold="22" maxThreshold="32" />
  <references type="weak" candidates="5710" cleared="0" enqueued="0" />
  <references type="phantom" candidates="97" cleared="0" enqueued="0" />
  <stringconstants candidates="13275" cleared="0"  />
</gc-op>
<gc-op id="6309" type="sweep" timems="1.728" contextid="6305" timestamp="2019-08-09T18:54:15.944" />
<mem-info id="6310" free="41997184" total="59899904" percent="70">
  <mem type="tenure" free="41997184" total="59899904" percent="70" micro-fragmented="0" macro-fragmented="0">
    <mem type="soa" free="41399168" total="59301888" percent="69" />
    <mem type="loa" free="598016" total="598016" percent="100" />
  </mem>
  <pending-finalizers system="0" default="0" reference="5" classloader="0" />
</mem-info>
<gc-op id="6311" type="compact" timems="22.351" contextid="6305" timestamp="2019-08-09T18:54:15.967">
  <compact-info movecount="522" movebytes="35520" reason="compact to aid heap contraction" />
</gc-op>
<heap-resize id="6312" type="expand" space="tenure" amount="131072" count="1" timems="0.019" reason="satisfy allocation request" timestamp="2019-08-09T18:54:15.967" />
<gc-end id="6313" type="global" contextid="6305" durationms="34.365" usertimems="64.747" systemtimems="13.785" timestamp="2019-08-09T18:54:15.967" activeThreads="16">
  <mem-info id="6314" free="42063280" total="60030976" percent="70">
    <mem type="tenure" free="42063280" total="60030976" percent="70">
      <mem type="soa" free="41463216" total="59430912" percent="69" />
      <mem type="loa" free="600064" total="600064" percent="100" />
    </mem>
    <pending-finalizers system="0" default="0" reference="5" classloader="0" />
  </mem-info>
</gc-end>
<cycle-end id="6315" type="global" contextid="6305" timestamp="2019-08-09T18:54:15.967" />
  <attribute name="elasticGC enabled" value="1" />
  <attribute name= "numThreadsSpecified" value="16" />
  <attribute name="heapSize specified" value="59899904" />
  <attribute name="Current GC Util" value="99" />
  <attribute name= "Current Time Running" value="195911" />
  <attribute name ="GC Interval" value="0" />
  <attribute name="Target GC Util Change" value ="80.000000" />
  <attribute name="Current GC Util Change" value="99.000000"/>
  <attribute name="Current Error" value="-958.000000" />
  <attribute name="Output H" value="59974480"/>
  <attribute name="Output I" value="904"/>
  <attribute name="Output T" value="16"/>
  <attribute name= "Current Time Running" value="195911" />
  <attribute name="GC Util currently" value="99" />
  <attribute name="CPU Util currently" value="51344660291" />
<allocation-satisfied id="6316" threadId="00000000023ECF00" bytesRequested="1168" />
<af-end id="6317" timestamp="2019-08-09T18:54:15.967" threadId="00000000023ED888" success="true" />
<exclusive-end id="6318" timestamp="2019-08-09T18:54:15.967" durationms="34.598" />

<exclusive-start id="6319" timestamp="2019-08-09T18:54:15.971" intervalms="38.833">
  <response-info timems="0.019" idlems="0.019" threads="0" lastid="00000000023ECF00" lastname="main" />
</exclusive-start>
<af-start id="6320" threadId="00000000023ED888" totalBytesRequested="1168" timestamp="2019-08-09T18:54:15.972" intervalms="38.819" />
<cycle-start id="6321" type="global" contextid="0" timestamp="2019-08-09T18:54:15.972" intervalms="38.815" />
<gc-start id="6322" type="global" contextid="6321" timestamp="2019-08-09T18:54:15.972">
  <mem-info id="6323" free="600064" total="60030976" percent="0">
    <mem type="tenure" free="600064" total="60030976" percent="0">
      <mem type="soa" free="0" total="59430912" percent="0" />
      <mem type="loa" free="600064" total="600064" percent="100" />
    </mem>
  </mem-info>
</gc-start>
<allocation-stats totalBytes="41389152" >
  <allocated-bytes non-tlh="0" tlh="41389152" />
  <largest-consumer threadName="main" threadId="00000000023ECF00" bytes="41389152" />
</allocation-stats>
<gc-op id="6324" type="mark" timems="31.198" contextid="6321" timestamp="2019-08-09T18:54:16.003">
  <trace-info objectcount="596674" scancount="517660" scanbytes="13286700" />
  <finalization candidates="80" enqueued="0" />
  <ownableSynchronizers candidates="21" cleared="0" />
  <references type="soft" candidates="1850" cleared="0" enqueued="0" dynamicThreshold="22" maxThreshold="32" />
  <references type="weak" candidates="5710" cleared="0" enqueued="0" />
  <references type="phantom" candidates="97" cleared="0" enqueued="0" />
  <stringconstants candidates="13275" cleared="0"  />
</gc-op>
<gc-op id="6325" type="sweep" timems="2.165" contextid="6321" timestamp="2019-08-09T18:54:16.005" />
<mem-info id="6326" free="42128208" total="60030976" percent="70">
  <mem type="tenure" free="42128208" total="60030976" percent="70" micro-fragmented="0" macro-fragmented="0">
    <mem type="soa" free="41528144" total="59430912" percent="69" />
    <mem type="loa" free="600064" total="600064" percent="100" />
  </mem>
</mem-info>
<gc-op id="6327" type="compact" timems="41.087" contextid="6321" timestamp="2019-08-09T18:54:16.046">
  <compact-info movecount="508" movebytes="34992" reason="compact to aid heap contraction" />
</gc-op>
<heap-resize id="6328" type="expand" space="tenure" amount="131072" count="1" timems="0.020" reason="satisfy allocation request" timestamp="2019-08-09T18:54:16.047" />
<gc-end id="6329" type="global" contextid="6321" durationms="75.285" usertimems="96.618" systemtimems="0.000" timestamp="2019-08-09T18:54:16.047" activeThreads="16">
  <mem-info id="6330" free="42194880" total="60162048" percent="70">
    <mem type="tenure" free="42194880" total="60162048" percent="70">
      <mem type="soa" free="41593792" total="59560960" percent="69" />
      <mem type="loa" free="601088" total="601088" percent="100" />
    </mem>
  </mem-info>
</gc-end>
<cycle-end id="6331" type="global" contextid="6321" timestamp="2019-08-09T18:54:16.047" />
  <attribute name="elasticGC enabled" value="1" />
  <attribute name= "numThreadsSpecified" value="16" />
  <attribute name="heapSize specified" value="60030976" />
  <attribute name="Current GC Util" value="23" />
  <attribute name= "Current Time Running" value="195990" />
  <attribute name ="GC Interval" value="0" />
  <attribute name="Target GC Util Change" value ="80.000000" />
  <attribute name="Current GC Util Change" value="23.000000"/>
  <attribute name="Current Error" value="-6.000000" />
  <attribute name="Output H" value="60106656"/>
  <attribute name="Output I" value="2008"/>
  <attribute name="Output T" value="16"/>
  <attribute name= "Current Time Running" value="195990" />
  <attribute name="GC Util currently" value="23" />
  <attribute name="CPU Util currently" value="28028145141" />
<allocation-satisfied id="6332" threadId="00000000023ECF00" bytesRequested="1168" />
<af-end id="6333" timestamp="2019-08-09T18:54:16.047" threadId="00000000023ED888" success="true" />
<exclusive-end id="6334" timestamp="2019-08-09T18:54:16.047" durationms="75.522" />

<exclusive-start id="6335" timestamp="2019-08-09T18:54:16.052" intervalms="80.578">
  <response-info timems="0.026" idlems="0.026" threads="0" lastid="00000000023ECF00" lastname="main" />
</exclusive-start>
<af-start id="6336" threadId="00000000023ED888" totalBytesRequested="1168" timestamp="2019-08-09T18:54:16.052" intervalms="80.589" />
<cycle-start id="6337" type="global" contextid="0" timestamp="2019-08-09T18:54:16.052" intervalms="80.599" />
<gc-start id="6338" type="global" contextid="6337" timestamp="2019-08-09T18:54:16.052">
  <mem-info id="6339" free="601088" total="60162048" percent="0">
    <mem type="tenure" free="601088" total="60162048" percent="0">
      <mem type="soa" free="0" total="59560960" percent="0" />
      <mem type="loa" free="601088" total="601088" percent="100" />
    </mem>
  </mem-info>
</gc-start>
<allocation-stats totalBytes="41519792" >
  <allocated-bytes non-tlh="0" tlh="41519792" />
  <largest-consumer threadName="main" threadId="00000000023ECF00" bytes="41519792" />
</allocation-stats>
<gc-op id="6340" type="mark" timems="85.090" contextid="6337" timestamp="2019-08-09T18:54:16.137">
  <trace-info objectcount="596663" scancount="517649" scanbytes="13286588" />
  <finalization candidates="80" enqueued="0" />
  <ownableSynchronizers candidates="21" cleared="0" />
  <references type="soft" candidates="1850" cleared="1" enqueued="0" dynamicThreshold="22" maxThreshold="32" />
  <references type="weak" candidates="5710" cleared="0" enqueued="0" />
  <references type="phantom" candidates="97" cleared="0" enqueued="0" />
  <stringconstants candidates="13275" cleared="0"  />
</gc-op>
<gc-op id="6341" type="sweep" timems="2.400" contextid="6337" timestamp="2019-08-09T18:54:16.140" />
<mem-info id="6342" free="42278528" total="60162048" percent="70">
  <mem type="tenure" free="42278528" total="60162048" percent="70" micro-fragmented="0" macro-fragmented="0">
    <mem type="soa" free="41677440" total="59560960" percent="69" />
    <mem type="loa" free="601088" total="601088" percent="100" />
  </mem>
</mem-info>
<gc-op id="6343" type="compact" timems="30.903" contextid="6337" timestamp="2019-08-09T18:54:16.171">
  <compact-info movecount="488" movebytes="16544" reason="compact to aid heap contraction" />
</gc-op>
<heap-resize id="6344" type="expand" space="tenure" amount="131072" count="1" timems="0.018" reason="satisfy allocation request" timestamp="2019-08-09T18:54:16.172" />
<gc-end id="6345" type="global" contextid="6337" durationms="119.902" usertimems="85.783" systemtimems="32.778" timestamp="2019-08-09T18:54:16.172" activeThreads="16">
  <mem-info id="6346" free="42344152" total="60293120" percent="70">
    <mem type="tenure" free="42344152" total="60293120" percent="70">
      <mem type="soa" free="41742040" total="59691008" percent="69" />
      <mem type="loa" free="602112" total="602112" percent="100" />
    </mem>
  </mem-info>
</gc-end>
<cycle-end id="6347" type="global" contextid="6337" timestamp="2019-08-09T18:54:16.172" />
  <attribute name="elasticGC enabled" value="1" />
  <attribute name= "numThreadsSpecified" value="16" />
  <attribute name="heapSize specified" value="60162048" />
  <attribute name="Current GC Util" value="34" />
  <attribute name= "Current Time Running" value="196115" />
  <attribute name ="GC Interval" value="0" />
  <attribute name="Target GC Util Change" value ="80.000000" />
  <attribute name="Current GC Util Change" value="34.000000"/>
  <attribute name="Current Error" value="46.000000" />
  <attribute name="Output H" value="60237784"/>
  <attribute name="Output I" value="2064"/>
  <attribute name="Output T" value="16"/>
  <attribute name= "Current Time Running" value="196115" />
  <attribute name="GC Util currently" value="34" />
  <attribute name="CPU Util currently" value="37251669102" />
<allocation-satisfied id="6348" threadId="00000000023ECF00" bytesRequested="1168" />
<af-end id="6349" timestamp="2019-08-09T18:54:16.172" threadId="00000000023ED888" success="true" />
<exclusive-end id="6350" timestamp="2019-08-09T18:54:16.172" durationms="120.137" />

<exclusive-start id="6351" timestamp="2019-08-09T18:54:16.177" intervalms="124.692">
  <response-info timems="0.023" idlems="0.023" threads="0" lastid="00000000023ECF00" lastname="main" />
</exclusive-start>
<af-start id="6352" threadId="00000000023ED888" totalBytesRequested="1168" timestamp="2019-08-09T18:54:16.177" intervalms="124.701" />
<cycle-start id="6353" type="global" contextid="0" timestamp="2019-08-09T18:54:16.177" intervalms="124.701" />
<gc-start id="6354" type="global" contextid="6353" timestamp="2019-08-09T18:54:16.177">
  <mem-info id="6355" free="602112" total="60293120" percent="0">
    <mem type="tenure" free="602112" total="60293120" percent="0">
      <mem type="soa" free="0" total="59691008" percent="0" />
      <mem type="loa" free="602112" total="602112" percent="100" />
    </mem>
  </mem-info>
</gc-start>
<allocation-stats totalBytes="41667680" >
  <allocated-bytes non-tlh="0" tlh="41667680" />
  <largest-consumer threadName="main" threadId="00000000023ECF00" bytes="41667680" />
</allocation-stats>
<gc-op id="6356" type="mark" timems="7.569" contextid="6353" timestamp="2019-08-09T18:54:16.185">
  <trace-info objectcount="596663" scancount="517656" scanbytes="13286588" />
  <finalization candidates="80" enqueued="0" />
  <ownableSynchronizers candidates="21" cleared="0" />
  <references type="soft" candidates="1849" cleared="0" enqueued="0" dynamicThreshold="22" maxThreshold="32" />
  <references type="weak" candidates="5710" cleared="0" enqueued="0" />
  <references type="phantom" candidates="97" cleared="0" enqueued="0" />
  <stringconstants candidates="13275" cleared="0"  />
</gc-op>
<gc-op id="6357" type="sweep" timems="1.787" contextid="6353" timestamp="2019-08-09T18:54:16.186" />
<mem-info id="6358" free="42409672" total="60293120" percent="70">
  <mem type="tenure" free="42409672" total="60293120" percent="70" micro-fragmented="0" macro-fragmented="0">
    <mem type="soa" free="41807560" total="59691008" percent="70" />
    <mem type="loa" free="602112" total="602112" percent="100" />
  </mem>
</mem-info>
<gc-op id="6359" type="compact" timems="55.036" contextid="6353" timestamp="2019-08-09T18:54:16.241">
  <compact-info movecount="2" movebytes="56" reason="compact to aid heap contraction" />
</gc-op>
<heap-resize id="6360" type="expand" space="tenure" amount="131072" count="1" timems="0.021" reason="satisfy allocation request" timestamp="2019-08-09T18:54:16.243" />
<gc-end id="6361" type="global" contextid="6353" durationms="65.763" usertimems="75.496" systemtimems="12.236" timestamp="2019-08-09T18:54:16.243" activeThreads="16">
  <mem-info id="6362" free="42475224" total="60424192" percent="70">
    <mem type="tenure" free="42475224" total="60424192" percent="70">
      <mem type="soa" free="41871064" total="59820032" percent="69" />
      <mem type="loa" free="604160" total="604160" percent="100" />
    </mem>
  </mem-info>
</gc-end>
<cycle-end id="6363" type="global" contextid="6353" timestamp="2019-08-09T18:54:16.243" />
  <attribute name="elasticGC enabled" value="1" />
  <attribute name= "numThreadsSpecified" value="16" />
  <attribute name="heapSize specified" value="60293120" />
  <attribute name="Current GC Util" value="18" />
  <attribute name= "Current Time Running" value="196185" />
  <attribute name ="GC Interval" value="0" />
  <attribute name="Target GC Util Change" value ="80.000000" />
  <attribute name="Current GC Util Change" value="18.000000"/>
  <attribute name="Current Error" value="-788.000000" />
  <attribute name="Output H" value="60367896"/>
  <attribute name="Output I" value="1104"/>
  <attribute name="Output T" value="16"/>
  <attribute name= "Current Time Running" value="196185" />
  <attribute name="GC Util currently" value="18" />
  <attribute name="CPU Util currently" value="20936164378" />
<allocation-satisfied id="6364" threadId="00000000023ECF00" bytesRequested="1168" />
<af-end id="6365" timestamp="2019-08-09T18:54:16.243" threadId="00000000023ED888" success="true" />
<exclusive-end id="6366" timestamp="2019-08-09T18:54:16.243" durationms="66.005" />

<exclusive-start id="6367" timestamp="2019-08-09T18:54:16.248" intervalms="71.407">
  <response-info timems="0.021" idlems="0.021" threads="0" lastid="00000000023ECF00" lastname="main" />
</exclusive-start>
<af-start id="6368" threadId="00000000023ED888" totalBytesRequested="1168" timestamp="2019-08-09T18:54:16.248" intervalms="71.390" />
<cycle-start id="6369" type="global" contextid="0" timestamp="2019-08-09T18:54:16.248" intervalms="71.395" />
<gc-start id="6370" type="global" contextid="6369" timestamp="2019-08-09T18:54:16.248">
  <mem-info id="6371" free="604160" total="60424192" percent="0">
    <mem type="tenure" free="604160" total="60424192" percent="0">
      <mem type="soa" free="0" total="59820032" percent="0" />
      <mem type="loa" free="604160" total="604160" percent="100" />
    </mem>
  </mem-info>
</gc-start>
<allocation-stats totalBytes="41795856" >
  <allocated-bytes non-tlh="0" tlh="41795856" />
  <largest-consumer threadName="main" threadId="00000000023ECF00" bytes="41795856" />
</allocation-stats>
<gc-op id="6372" type="mark" timems="8.325" contextid="6369" timestamp="2019-08-09T18:54:16.257">
  <trace-info objectcount="596663" scancount="517655" scanbytes="13286588" />
  <finalization candidates="80" enqueued="0" />
  <ownableSynchronizers candidates="21" cleared="0" />
  <references type="soft" candidates="1849" cleared="0" enqueued="0" dynamicThreshold="22" maxThreshold="32" />
  <references type="weak" candidates="5710" cleared="0" enqueued="0" />
  <references type="phantom" candidates="97" cleared="0" enqueued="0" />
  <stringconstants candidates="13275" cleared="0"  />
</gc-op>
<gc-op id="6373" type="sweep" timems="1.389" contextid="6369" timestamp="2019-08-09T18:54:16.258" />
<mem-info id="6374" free="42540304" total="60424192" percent="70">
  <mem type="tenure" free="42540304" total="60424192" percent="70" micro-fragmented="0" macro-fragmented="0">
    <mem type="soa" free="41936144" total="59820032" percent="70" />
    <mem type="loa" free="604160" total="604160" percent="100" />
  </mem>
</mem-info>
<gc-op id="6375" type="compact" timems="60.510" contextid="6369" timestamp="2019-08-09T18:54:16.319">
  <compact-info movecount="2" movebytes="56" reason="compact to aid heap contraction" />
</gc-op>
<heap-resize id="6376" type="expand" space="tenure" amount="131072" count="1" timems="0.022" reason="satisfy allocation request" timestamp="2019-08-09T18:54:16.319" />
<gc-end id="6377" type="global" contextid="6369" durationms="71.162" usertimems="90.513" systemtimems="0.000" timestamp="2019-08-09T18:54:16.319" activeThreads="16">
  <mem-info id="6378" free="42606296" total="60555264" percent="70">
    <mem type="tenure" free="42606296" total="60555264" percent="70">
      <mem type="soa" free="42001112" total="59950080" percent="70" />
      <mem type="loa" free="605184" total="605184" percent="100" />
    </mem>
  </mem-info>
</gc-end>
<cycle-end id="6379" type="global" contextid="6369" timestamp="2019-08-09T18:54:16.320" />
  <attribute name="elasticGC enabled" value="1" />
  <attribute name= "numThreadsSpecified" value="16" />
  <attribute name="heapSize specified" value="60424192" />
  <attribute name="Current GC Util" value="15" />
  <attribute name= "Current Time Running" value="196263" />
  <attribute name ="GC Interval" value="0" />
  <attribute name="Target GC Util Change" value ="80.000000" />
  <attribute name="Current GC Util Change" value="15.000000"/>
  <attribute name="Current Error" value="-316.000000" />
  <attribute name="Output H" value="60499512"/>
  <attribute name="Output I" value="1648"/>
  <attribute name="Output T" value="16"/>
  <attribute name= "Current Time Running" value="196263" />
  <attribute name="GC Util currently" value="15" />
  <attribute name="CPU Util currently" value="19028573346" />
<allocation-satisfied id="6380" threadId="00000000023ECF00" bytesRequested="1168" />
<af-end id="6381" timestamp="2019-08-09T18:54:16.320" threadId="00000000023ED888" success="true" />
<exclusive-end id="6382" timestamp="2019-08-09T18:54:16.320" durationms="71.406" />

<exclusive-start id="6383" timestamp="2019-08-09T18:54:16.330" intervalms="81.369">
  <response-info timems="0.018" idlems="0.018" threads="0" lastid="00000000023ECF00" lastname="main" />
</exclusive-start>
<af-start id="6384" threadId="00000000023ED888" totalBytesRequested="1168" timestamp="2019-08-09T18:54:16.330" intervalms="81.364" />
<cycle-start id="6385" type="global" contextid="0" timestamp="2019-08-09T18:54:16.330" intervalms="81.350" />
<gc-start id="6386" type="global" contextid="6385" timestamp="2019-08-09T18:54:16.330">
  <mem-info id="6387" free="605184" total="60555264" percent="0">
    <mem type="tenure" free="605184" total="60555264" percent="0">
      <mem type="soa" free="0" total="59950080" percent="0" />
      <mem type="loa" free="605184" total="605184" percent="100" />
    </mem>
  </mem-info>
</gc-start>
<allocation-stats totalBytes="41925264" >
  <allocated-bytes non-tlh="0" tlh="41925264" />
  <largest-consumer threadName="main" threadId="00000000023ECF00" bytes="41925264" />
</allocation-stats>
<gc-op id="6388" type="mark" timems="13.626" contextid="6385" timestamp="2019-08-09T18:54:16.344">
  <trace-info objectcount="596663" scancount="517655" scanbytes="13286588" />
  <finalization candidates="80" enqueued="0" />
  <ownableSynchronizers candidates="21" cleared="0" />
  <references type="soft" candidates="1849" cleared="0" enqueued="0" dynamicThreshold="22" maxThreshold="32" />
  <references type="weak" candidates="5710" cleared="0" enqueued="0" />
  <references type="phantom" candidates="97" cleared="0" enqueued="0" />
  <stringconstants candidates="13275" cleared="0"  />
</gc-op>
<gc-op id="6389" type="sweep" timems="2.437" contextid="6385" timestamp="2019-08-09T18:54:16.346" />
<mem-info id="6390" free="42671168" total="60555264" percent="70">
  <mem type="tenure" free="42671168" total="60555264" percent="70" micro-fragmented="0" macro-fragmented="0">
    <mem type="soa" free="42065984" total="59950080" percent="70" />
    <mem type="loa" free="605184" total="605184" percent="100" />
  </mem>
</mem-info>
<gc-op id="6391" type="compact" timems="31.457" contextid="6385" timestamp="2019-08-09T18:54:16.378">
  <compact-info movecount="2" movebytes="56" reason="compact to aid heap contraction" />
</gc-op>
<heap-resize id="6392" type="expand" space="tenure" amount="131072" count="1" timems="0.022" reason="satisfy allocation request" timestamp="2019-08-09T18:54:16.379" />
<gc-end id="6393" type="global" contextid="6385" durationms="48.952" usertimems="74.106" systemtimems="12.214" timestamp="2019-08-09T18:54:16.379" activeThreads="16">
  <mem-info id="6394" free="42737368" total="60686336" percent="70">
    <mem type="tenure" free="42737368" total="60686336" percent="70">
      <mem type="soa" free="42131160" total="60080128" percent="70" />
      <mem type="loa" free="606208" total="606208" percent="100" />
    </mem>
  </mem-info>
</gc-end>
<cycle-end id="6395" type="global" contextid="6385" timestamp="2019-08-09T18:54:16.379" />
  <attribute name="elasticGC enabled" value="1" />
  <attribute name= "numThreadsSpecified" value="16" />
  <attribute name="heapSize specified" value="60555264" />
  <attribute name="Current GC Util" value="43" />
  <attribute name= "Current Time Running" value="196322" />
  <attribute name ="GC Interval" value="0" />
  <attribute name="Target GC Util Change" value ="80.000000" />
  <attribute name="Current GC Util Change" value="43.000000"/>
  <attribute name="Current Error" value="37.000000" />
  <attribute name="Output H" value="60630992"/>
  <attribute name="Output I" value="2056"/>
  <attribute name="Output T" value="16"/>
  <attribute name= "Current Time Running" value="196322" />
  <attribute name="GC Util currently" value="43" />
  <attribute name="CPU Util currently" value="36618931410" />
<allocation-satisfied id="6396" threadId="00000000023ECF00" bytesRequested="1168" />
<af-end id="6397" timestamp="2019-08-09T18:54:16.379" threadId="00000000023ED888" success="true" />
<exclusive-end id="6398" timestamp="2019-08-09T18:54:16.379" durationms="49.169" />

<exclusive-start id="6399" timestamp="2019-08-09T18:54:16.386" intervalms="56.061">
  <response-info timems="0.021" idlems="0.021" threads="0" lastid="00000000023ECF00" lastname="main" />
</exclusive-start>
<af-start id="6400" threadId="00000000023ED888" totalBytesRequested="1168" timestamp="2019-08-09T18:54:16.386" intervalms="56.068" />
<cycle-start id="6401" type="global" contextid="0" timestamp="2019-08-09T18:54:16.386" intervalms="56.075" />
<gc-start id="6402" type="global" contextid="6401" timestamp="2019-08-09T18:54:16.386">
  <mem-info id="6403" free="606208" total="60686336" percent="0">
    <mem type="tenure" free="606208" total="60686336" percent="0">
      <mem type="soa" free="0" total="60080128" percent="0" />
      <mem type="loa" free="606208" total="606208" percent="100" />
    </mem>
  </mem-info>
</gc-start>
<allocation-stats totalBytes="42054696" >
  <allocated-bytes non-tlh="0" tlh="42054696" />
  <largest-consumer threadName="main" threadId="00000000023ECF00" bytes="42054696" />
</allocation-stats>
<gc-op id="6404" type="mark" timems="55.436" contextid="6401" timestamp="2019-08-09T18:54:16.441">
  <trace-info objectcount="596663" scancount="517696" scanbytes="13286588" />
  <finalization candidates="80" enqueued="0" />
  <ownableSynchronizers candidates="21" cleared="0" />
  <references type="soft" candidates="1849" cleared="0" enqueued="0" dynamicThreshold="22" maxThreshold="32" />
  <references type="weak" candidates="5710" cleared="0" enqueued="0" />
  <references type="phantom" candidates="97" cleared="0" enqueued="0" />
  <stringconstants candidates="13275" cleared="0"  />
</gc-op>
<gc-op id="6405" type="sweep" timems="9.112" contextid="6401" timestamp="2019-08-09T18:54:16.450" />
<mem-info id="6406" free="42802904" total="60686336" percent="70">
  <mem type="tenure" free="42802904" total="60686336" percent="70" micro-fragmented="0" macro-fragmented="0">
    <mem type="soa" free="42196696" total="60080128" percent="70" />
    <mem type="loa" free="606208" total="606208" percent="100" />
  </mem>
</mem-info>
<gc-op id="6407" type="compact" timems="43.184" contextid="6401" timestamp="2019-08-09T18:54:16.494">
  <compact-info movecount="2" movebytes="56" reason="compact to aid heap contraction" />
</gc-op>
<heap-resize id="6408" type="expand" space="tenure" amount="131072" count="1" timems="0.021" reason="satisfy allocation request" timestamp="2019-08-09T18:54:16.499" />
<gc-end id="6409" type="global" contextid="6401" durationms="113.220" usertimems="104.721" systemtimems="27.356" timestamp="2019-08-09T18:54:16.499" activeThreads="16">
  <mem-info id="6410" free="42868440" total="60817408" percent="70">
    <mem type="tenure" free="42868440" total="60817408" percent="70">
      <mem type="soa" free="42261208" total="60210176" percent="70" />
      <mem type="loa" free="607232" total="607232" percent="100" />
    </mem>
  </mem-info>
</gc-end>
<cycle-end id="6411" type="global" contextid="6401" timestamp="2019-08-09T18:54:16.499" />
  <attribute name="elasticGC enabled" value="1" />
  <attribute name= "numThreadsSpecified" value="16" />
  <attribute name="heapSize specified" value="60686336" />
  <attribute name="Current GC Util" value="60" />
  <attribute name= "Current Time Running" value="196438" />
  <attribute name ="GC Interval" value="0" />
  <attribute name="Target GC Util Change" value ="80.000000" />
  <attribute name="Current GC Util Change" value="60.000000"/>
  <attribute name="Current Error" value="-277.000000" />
  <attribute name="Output H" value="60761704"/>
  <attribute name="Output I" value="1696"/>
  <attribute name="Output T" value="16"/>
  <attribute name= "Current Time Running" value="196438" />
  <attribute name="GC Util currently" value="60" />
  <attribute name="CPU Util currently" value="26374295641" />
<allocation-satisfied id="6412" threadId="00000000023ECF00" bytesRequested="1168" />
<af-end id="6413" timestamp="2019-08-09T18:54:16.499" threadId="00000000023ED888" success="true" />
<exclusive-end id="6414" timestamp="2019-08-09T18:54:16.499" durationms="113.433" />

<exclusive-start id="6415" timestamp="2019-08-09T18:54:16.506" intervalms="120.644">
  <response-info timems="0.018" idlems="0.018" threads="0" lastid="00000000023ECF00" lastname="main" />
</exclusive-start>
<af-start id="6416" threadId="00000000023ED888" totalBytesRequested="1168" timestamp="2019-08-09T18:54:16.506" intervalms="120.625" />
<cycle-start id="6417" type="global" contextid="0" timestamp="2019-08-09T18:54:16.506" intervalms="120.617" />
<gc-start id="6418" type="global" contextid="6417" timestamp="2019-08-09T18:54:16.506">
  <mem-info id="6419" free="607232" total="60817408" percent="0">
    <mem type="tenure" free="607232" total="60817408" percent="0">
      <mem type="soa" free="0" total="60210176" percent="0" />
      <mem type="loa" free="607232" total="607232" percent="100" />
    </mem>
  </mem-info>
</gc-start>
<allocation-stats totalBytes="42064848" >
  <allocated-bytes non-tlh="0" tlh="42064848" />
  <largest-consumer threadName="main" threadId="00000000023ECF00" bytes="42064848" />
</allocation-stats>
<gc-op id="6420" type="mark" timems="46.973" contextid="6417" timestamp="2019-08-09T18:54:16.553">
  <trace-info objectcount="596663" scancount="517659" scanbytes="13286616" />
  <finalization candidates="80" enqueued="0" />
  <ownableSynchronizers candidates="21" cleared="0" />
  <references type="soft" candidates="1849" cleared="0" enqueued="0" dynamicThreshold="22" maxThreshold="32" />
  <references type="weak" candidates="5710" cleared="0" enqueued="0" />
  <references type="phantom" candidates="97" cleared="0" enqueued="0" />
  <stringconstants candidates="13275" cleared="0"  />
</gc-op>
<gc-op id="6421" type="sweep" timems="4.643" contextid="6417" timestamp="2019-08-09T18:54:16.558" />
<mem-info id="6422" free="42933232" total="60817408" percent="70">
  <mem type="tenure" free="42933232" total="60817408" percent="70" micro-fragmented="0" macro-fragmented="0">
    <mem type="soa" free="42326000" total="60210176" percent="70" />
    <mem type="loa" free="607232" total="607232" percent="100" />
  </mem>
</mem-info>
<gc-op id="6423" type="compact" timems="29.402" contextid="6417" timestamp="2019-08-09T18:54:16.588">
  <compact-info movecount="785" movebytes="23880" reason="compact to aid heap contraction" />
</gc-op>
<heap-resize id="6424" type="expand" space="tenure" amount="131072" count="1" timems="0.022" reason="satisfy allocation request" timestamp="2019-08-09T18:54:16.588" />
<gc-end id="6425" type="global" contextid="6417" durationms="81.873" usertimems="101.252" systemtimems="19.553" timestamp="2019-08-09T18:54:16.588" activeThreads="16">
  <mem-info id="6426" free="42999480" total="60948480" percent="70">
    <mem type="tenure" free="42999480" total="60948480" percent="70">
      <mem type="soa" free="42390200" total="60339200" percent="70" />
      <mem type="loa" free="609280" total="609280" percent="100" />
    </mem>
  </mem-info>
</gc-end>
<cycle-end id="6427" type="global" contextid="6417" timestamp="2019-08-09T18:54:16.588" />
  <attribute name="elasticGC enabled" value="1" />
  <attribute name= "numThreadsSpecified" value="16" />
  <attribute name="heapSize specified" value="60817408" />
  <attribute name="Current GC Util" value="50" />
  <attribute name= "Current Time Running" value="196531" />
  <attribute name ="GC Interval" value="0" />
  <attribute name="Target GC Util Change" value ="80.000000" />
  <attribute name="Current GC Util Change" value="50.000000"/>
  <attribute name="Current Error" value="-119.000000" />
  <attribute name="Output H" value="60892952"/>
  <attribute name="Output I" value="1872"/>
  <attribute name="Output T" value="16"/>
  <attribute name= "Current Time Running" value="196531" />
  <attribute name="GC Util currently" value="50" />
  <attribute name="CPU Util currently" value="39151456210" />
<allocation-satisfied id="6428" threadId="00000000023ECF00" bytesRequested="1168" />
<af-end id="6429" timestamp="2019-08-09T18:54:16.588" threadId="00000000023ED888" success="true" />
<exclusive-end id="6430" timestamp="2019-08-09T18:54:16.588" durationms="82.100" />

<exclusive-start id="6431" timestamp="2019-08-09T18:54:16.593" intervalms="86.656">
  <response-info timems="0.071" idlems="0.071" threads="0" lastid="00000000023ECF00" lastname="main" />
</exclusive-start>
<af-start id="6432" threadId="00000000023ED888" totalBytesRequested="1168" timestamp="2019-08-09T18:54:16.593" intervalms="86.672" />
<cycle-start id="6433" type="global" contextid="0" timestamp="2019-08-09T18:54:16.593" intervalms="86.673" />
<gc-start id="6434" type="global" contextid="6433" timestamp="2019-08-09T18:54:16.593">
  <mem-info id="6435" free="609280" total="60948480" percent="0">
    <mem type="tenure" free="609280" total="60948480" percent="0">
      <mem type="soa" free="0" total="60339200" percent="0" />
      <mem type="loa" free="609280" total="609280" percent="100" />
    </mem>
  </mem-info>
</gc-start>
<allocation-stats totalBytes="42183832" >
  <allocated-bytes non-tlh="0" tlh="42183832" />
  <largest-consumer threadName="main" threadId="00000000023ECF00" bytes="42183832" />
</allocation-stats>
<gc-op id="6436" type="mark" timems="44.850" contextid="6433" timestamp="2019-08-09T18:54:16.638">
  <trace-info objectcount="596664" scancount="517650" scanbytes="13286640" />
  <finalization candidates="80" enqueued="0" />
  <ownableSynchronizers candidates="21" cleared="0" />
  <references type="soft" candidates="1849" cleared="0" enqueued="0" dynamicThreshold="22" maxThreshold="32" />
  <references type="weak" candidates="5710" cleared="0" enqueued="0" />
  <references type="phantom" candidates="97" cleared="0" enqueued="0" />
  <stringconstants candidates="13275" cleared="0"  />
</gc-op>
<gc-op id="6437" type="sweep" timems="5.719" contextid="6433" timestamp="2019-08-09T18:54:16.644" />
<mem-info id="6438" free="43064600" total="60948480" percent="70">
  <mem type="tenure" free="43064600" total="60948480" percent="70" micro-fragmented="0" macro-fragmented="0">
    <mem type="soa" free="42455320" total="60339200" percent="70" />
    <mem type="loa" free="609280" total="609280" percent="100" />
  </mem>
</mem-info>
<gc-op id="6439" type="compact" timems="29.931" contextid="6433" timestamp="2019-08-09T18:54:16.674">
  <compact-info movecount="2" movebytes="64" reason="compact to aid heap contraction" />
</gc-op>
<heap-resize id="6440" type="expand" space="tenure" amount="131072" count="1" timems="0.018" reason="satisfy allocation request" timestamp="2019-08-09T18:54:16.675" />
<gc-end id="6441" type="global" contextid="6433" durationms="81.597" usertimems="89.423" systemtimems="11.282" timestamp="2019-08-09T18:54:16.675" activeThreads="16">
  <mem-info id="6442" free="43130528" total="61079552" percent="70">
    <mem type="tenure" free="43130528" total="61079552" percent="70">
      <mem type="soa" free="42520224" total="60469248" percent="70" />
      <mem type="loa" free="610304" total="610304" percent="100" />
    </mem>
  </mem-info>
</gc-end>
<cycle-end id="6443" type="global" contextid="6433" timestamp="2019-08-09T18:54:16.675" />
  <attribute name="elasticGC enabled" value="1" />
  <attribute name= "numThreadsSpecified" value="16" />
  <attribute name="heapSize specified" value="60948480" />
  <attribute name="Current GC Util" value="55" />
  <attribute name= "Current Time Running" value="196618" />
  <attribute name ="GC Interval" value="0" />
  <attribute name="Target GC Util Change" value ="80.000000" />
  <attribute name="Current GC Util Change" value="55.000000"/>
  <attribute name="Current Error" value="25.000000" />
  <attribute name="Output H" value="61024192"/>
  <attribute name="Output I" value="2040"/>
  <attribute name="Output T" value="16"/>
  <attribute name= "Current Time Running" value="196618" />
  <attribute name="GC Util currently" value="55" />
  <attribute name="CPU Util currently" value="38557771170" />
<allocation-satisfied id="6444" threadId="00000000023ECF00" bytesRequested="1168" />
<af-end id="6445" timestamp="2019-08-09T18:54:16.675" threadId="00000000023ED888" success="true" />
<exclusive-end id="6446" timestamp="2019-08-09T18:54:16.675" durationms="81.796" />

<exclusive-start id="6447" timestamp="2019-08-09T18:54:16.679" intervalms="86.443">
  <response-info timems="0.022" idlems="0.022" threads="0" lastid="00000000023ECF00" lastname="main" />
</exclusive-start>
<af-start id="6448" threadId="00000000023ED888" totalBytesRequested="1168" timestamp="2019-08-09T18:54:16.679" intervalms="86.461" />
<cycle-start id="6449" type="global" contextid="0" timestamp="2019-08-09T18:54:16.679" intervalms="86.464" />
<gc-start id="6450" type="global" contextid="6449" timestamp="2019-08-09T18:54:16.679">
  <mem-info id="6451" free="610304" total="61079552" percent="0">
    <mem type="tenure" free="610304" total="61079552" percent="0">
      <mem type="soa" free="0" total="60469248" percent="0" />
      <mem type="loa" free="610304" total="610304" percent="100" />
    </mem>
  </mem-info>
</gc-start>
<allocation-stats totalBytes="42320208" >
  <allocated-bytes non-tlh="0" tlh="42320208" />
  <largest-consumer threadName="main" threadId="00000000023ECF00" bytes="42320208" />
</allocation-stats>
<gc-op id="6452" type="mark" timems="13.715" contextid="6449" timestamp="2019-08-09T18:54:16.693">
  <trace-info objectcount="596664" scancount="517655" scanbytes="13286640" />
  <finalization candidates="80" enqueued="0" />
  <ownableSynchronizers candidates="21" cleared="0" />
  <references type="soft" candidates="1849" cleared="0" enqueued="0" dynamicThreshold="22" maxThreshold="32" />
  <references type="weak" candidates="5710" cleared="0" enqueued="0" />
  <references type="phantom" candidates="97" cleared="0" enqueued="0" />
  <stringconstants candidates="13275" cleared="0"  />
</gc-op>
<gc-op id="6453" type="sweep" timems="29.670" contextid="6449" timestamp="2019-08-09T18:54:16.723" />
<mem-info id="6454" free="43195456" total="61079552" percent="70">
  <mem type="tenure" free="43195456" total="61079552" percent="70" micro-fragmented="0" macro-fragmented="0">
    <mem type="soa" free="42585152" total="60469248" percent="70" />
    <mem type="loa" free="610304" total="610304" percent="100" />
  </mem>
</mem-info>
<gc-op id="6455" type="compact" timems="37.325" contextid="6449" timestamp="2019-08-09T18:54:16.763">
  <compact-info movecount="2" movebytes="64" reason="compact to aid heap contraction" />
</gc-op>
<heap-resize id="6456" type="expand" space="tenure" amount="131072" count="1" timems="0.020" reason="satisfy allocation request" timestamp="2019-08-09T18:54:16.765" />
<gc-end id="6457" type="global" contextid="6449" durationms="85.051" usertimems="81.947" systemtimems="27.229" timestamp="2019-08-09T18:54:16.765" activeThreads="16">
  <mem-info id="6458" free="43261600" total="61210624" percent="70">
    <mem type="tenure" free="43261600" total="61210624" percent="70">
      <mem type="soa" free="42650272" total="60599296" percent="70" />
      <mem type="loa" free="611328" total="611328" percent="100" />
    </mem>
  </mem-info>
</gc-end>
<cycle-end id="6459" type="global" contextid="6449" timestamp="2019-08-09T18:54:16.765" />
  <attribute name="elasticGC enabled" value="1" />
  <attribute name= "numThreadsSpecified" value="16" />
  <attribute name="heapSize specified" value="61079552" />
  <attribute name="Current GC Util" value="33" />
  <attribute name= "Current Time Running" value="196707" />
  <attribute name ="GC Interval" value="0" />
  <attribute name="Target GC Util Change" value ="80.000000" />
  <attribute name="Current GC Util Change" value="33.000000"/>
  <attribute name="Current Error" value="-534.000000" />
  <attribute name="Output H" value="61154616"/>
  <attribute name="Output I" value="1392"/>
  <attribute name="Output T" value="16"/>
  <attribute name= "Current Time Running" value="196707" />
  <attribute name="GC Util currently" value="33" />
  <attribute name="CPU Util currently" value="30883026858" />
<allocation-satisfied id="6460" threadId="00000000023ECF00" bytesRequested="1168" />
<af-end id="6461" timestamp="2019-08-09T18:54:16.765" threadId="00000000023ED888" success="true" />
<exclusive-end id="6462" timestamp="2019-08-09T18:54:16.765" durationms="85.293" />

<exclusive-start id="6463" timestamp="2019-08-09T18:54:16.770" intervalms="90.241">
  <response-info timems="0.023" idlems="0.023" threads="0" lastid="00000000023ECF00" lastname="main" />
</exclusive-start>
<af-start id="6464" threadId="00000000023ED888" totalBytesRequested="1168" timestamp="2019-08-09T18:54:16.770" intervalms="90.226" />
<cycle-start id="6465" type="global" contextid="0" timestamp="2019-08-09T18:54:16.770" intervalms="90.226" />
<gc-start id="6466" type="global" contextid="6465" timestamp="2019-08-09T18:54:16.770">
  <mem-info id="6467" free="611328" total="61210624" percent="0">
    <mem type="tenure" free="611328" total="61210624" percent="0">
      <mem type="soa" free="0" total="60599296" percent="0" />
      <mem type="loa" free="611328" total="611328" percent="100" />
    </mem>
  </mem-info>
</gc-start>
<allocation-stats totalBytes="42448000" >
  <allocated-bytes non-tlh="0" tlh="42448000" />
  <largest-consumer threadName="main" threadId="00000000023ECF00" bytes="42448000" />
</allocation-stats>
<gc-op id="6468" type="mark" timems="8.802" contextid="6465" timestamp="2019-08-09T18:54:16.779">
  <trace-info objectcount="596664" scancount="517656" scanbytes="13286640" />
  <finalization candidates="80" enqueued="0" />
  <ownableSynchronizers candidates="21" cleared="0" />
  <references type="soft" candidates="1849" cleared="0" enqueued="0" dynamicThreshold="22" maxThreshold="32" />
  <references type="weak" candidates="5710" cleared="0" enqueued="0" />
  <references type="phantom" candidates="97" cleared="0" enqueued="0" />
  <stringconstants candidates="13275" cleared="0"  />
</gc-op>
<gc-op id="6469" type="sweep" timems="1.686" contextid="6465" timestamp="2019-08-09T18:54:16.780" />
<mem-info id="6470" free="43326632" total="61210624" percent="70">
  <mem type="tenure" free="43326632" total="61210624" percent="70" micro-fragmented="0" macro-fragmented="0">
    <mem type="soa" free="42715304" total="60599296" percent="70" />
    <mem type="loa" free="611328" total="611328" percent="100" />
  </mem>
</mem-info>
<gc-op id="6471" type="compact" timems="62.536" contextid="6465" timestamp="2019-08-09T18:54:16.843">
  <compact-info movecount="2" movebytes="64" reason="compact to aid heap contraction" />
</gc-op>
<heap-resize id="6472" type="expand" space="tenure" amount="131072" count="1" timems="0.017" reason="satisfy allocation request" timestamp="2019-08-09T18:54:16.844" />
<gc-end id="6473" type="global" contextid="6465" durationms="74.175" usertimems="99.132" systemtimems="0.731" timestamp="2019-08-09T18:54:16.844" activeThreads="16">
  <mem-info id="6474" free="43392672" total="61341696" percent="70">
    <mem type="tenure" free="43392672" total="61341696" percent="70">
      <mem type="soa" free="42779296" total="60728320" percent="70" />
      <mem type="loa" free="613376" total="613376" percent="100" />
    </mem>
  </mem-info>
</gc-end>
<cycle-end id="6475" type="global" contextid="6465" timestamp="2019-08-09T18:54:16.844" />
  <attribute name="elasticGC enabled" value="1" />
  <attribute name= "numThreadsSpecified" value="16" />
  <attribute name="heapSize specified" value="61210624" />
  <attribute name="Current GC Util" value="23" />
  <attribute name= "Current Time Running" value="196787" />
  <attribute name ="GC Interval" value="0" />
  <attribute name="Target GC Util Change" value ="80.000000" />
  <attribute name="Current GC Util Change" value="23.000000"/>
  <attribute name="Current Error" value="-352.000000" />
  <attribute name="Output H" value="61285904"/>
  <attribute name="Output I" value="1608"/>
  <attribute name="Output T" value="16"/>
  <attribute name= "Current Time Running" value="196787" />
  <attribute name="GC Util currently" value="23" />
  <attribute name="CPU Util currently" value="18427576589" />
<allocation-satisfied id="6476" threadId="00000000023ECF00" bytesRequested="1168" />
<af-end id="6477" timestamp="2019-08-09T18:54:16.844" threadId="00000000023ED888" success="true" />
<exclusive-end id="6478" timestamp="2019-08-09T18:54:16.844" durationms="74.379" />

<exclusive-start id="6479" timestamp="2019-08-09T18:54:16.849" intervalms="79.422">
  <response-info timems="0.021" idlems="0.021" threads="0" lastid="00000000023ECF00" lastname="main" />
</exclusive-start>
<af-start id="6480" threadId="00000000023ED888" totalBytesRequested="1168" timestamp="2019-08-09T18:54:16.849" intervalms="79.414" />
<cycle-start id="6481" type="global" contextid="0" timestamp="2019-08-09T18:54:16.849" intervalms="79.411" />
<gc-start id="6482" type="global" contextid="6481" timestamp="2019-08-09T18:54:16.849">
  <mem-info id="6483" free="613376" total="61341696" percent="0">
    <mem type="tenure" free="613376" total="61341696" percent="0">
      <mem type="soa" free="0" total="60728320" percent="0" />
      <mem type="loa" free="613376" total="613376" percent="100" />
    </mem>
  </mem-info>
</gc-start>
<allocation-stats totalBytes="42578224" >
  <allocated-bytes non-tlh="0" tlh="42578224" />
  <largest-consumer threadName="main" threadId="00000000023ECF00" bytes="42578224" />
</allocation-stats>
<gc-op id="6484" type="mark" timems="9.246" contextid="6481" timestamp="2019-08-09T18:54:16.858">
  <trace-info objectcount="596664" scancount="517655" scanbytes="13286640" />
  <finalization candidates="80" enqueued="0" />
  <ownableSynchronizers candidates="21" cleared="0" />
  <references type="soft" candidates="1849" cleared="0" enqueued="0" dynamicThreshold="22" maxThreshold="32" />
  <references type="weak" candidates="5710" cleared="0" enqueued="0" />
  <references type="phantom" candidates="97" cleared="0" enqueued="0" />
  <stringconstants candidates="13275" cleared="0"  />
</gc-op>
<gc-op id="6485" type="sweep" timems="2.212" contextid="6481" timestamp="2019-08-09T18:54:16.861" />
<mem-info id="6486" free="43458208" total="61341696" percent="70">
  <mem type="tenure" free="43458208" total="61341696" percent="70" micro-fragmented="0" macro-fragmented="0">
    <mem type="soa" free="42844832" total="60728320" percent="70" />
    <mem type="loa" free="613376" total="613376" percent="100" />
  </mem>
</mem-info>
<gc-op id="6487" type="compact" timems="61.929" contextid="6481" timestamp="2019-08-09T18:54:16.923">
  <compact-info movecount="2" movebytes="64" reason="compact to aid heap contraction" />
</gc-op>
<heap-resize id="6488" type="expand" space="tenure" amount="131072" count="1" timems="0.020" reason="satisfy allocation request" timestamp="2019-08-09T18:54:16.924" />
<gc-end id="6489" type="global" contextid="6481" durationms="74.426" usertimems="95.037" systemtimems="5.929" timestamp="2019-08-09T18:54:16.924" activeThreads="16">
  <mem-info id="6490" free="43523744" total="61472768" percent="70">
    <mem type="tenure" free="43523744" total="61472768" percent="70">
      <mem type="soa" free="42909344" total="60858368" percent="70" />
      <mem type="loa" free="614400" total="614400" percent="100" />
    </mem>
  </mem-info>
</gc-end>
<cycle-end id="6491" type="global" contextid="6481" timestamp="2019-08-09T18:54:16.924" />
  <attribute name="elasticGC enabled" value="1" />
  <attribute name= "numThreadsSpecified" value="16" />
  <attribute name="heapSize specified" value="61341696" />
  <attribute name="Current GC Util" value="15" />
  <attribute name= "Current Time Running" value="196867" />
  <attribute name ="GC Interval" value="0" />
  <attribute name="Target GC Util Change" value ="80.000000" />
  <attribute name="Current GC Util Change" value="15.000000"/>
  <attribute name="Current Error" value="65.000000" />
  <attribute name="Output H" value="61417456"/>
  <attribute name="Output I" value="2088"/>
  <attribute name="Output T" value="16"/>
  <attribute name= "Current Time Running" value="196867" />
  <attribute name="GC Util currently" value="15" />
  <attribute name="CPU Util currently" value="18606145640" />
<allocation-satisfied id="6492" threadId="00000000023ECF00" bytesRequested="1168" />
<af-end id="6493" timestamp="2019-08-09T18:54:16.924" threadId="00000000023ED888" success="true" />
<exclusive-end id="6494" timestamp="2019-08-09T18:54:16.924" durationms="74.622" />

<exclusive-start id="6495" timestamp="2019-08-09T18:54:16.929" intervalms="79.937">
  <response-info timems="0.021" idlems="0.021" threads="0" lastid="00000000023ECF00" lastname="main" />
</exclusive-start>
<af-start id="6496" threadId="00000000023ED888" totalBytesRequested="1168" timestamp="2019-08-09T18:54:16.929" intervalms="79.951" />
<cycle-start id="6497" type="global" contextid="0" timestamp="2019-08-09T18:54:16.929" intervalms="79.952" />
<gc-start id="6498" type="global" contextid="6497" timestamp="2019-08-09T18:54:16.929">
  <mem-info id="6499" free="614400" total="61472768" percent="0">
    <mem type="tenure" free="614400" total="61472768" percent="0">
      <mem type="soa" free="0" total="60858368" percent="0" />
      <mem type="loa" free="614400" total="614400" percent="100" />
    </mem>
  </mem-info>
</gc-start>
<allocation-stats totalBytes="42704776" >
  <allocated-bytes non-tlh="0" tlh="42704776" />
  <largest-consumer threadName="main" threadId="00000000023ECF00" bytes="42704776" />
</allocation-stats>
<gc-op id="6500" type="mark" timems="11.369" contextid="6497" timestamp="2019-08-09T18:54:16.941">
  <trace-info objectcount="596312" scancount="517307" scanbytes="13275276" />
  <finalization candidates="80" enqueued="0" />
  <ownableSynchronizers candidates="21" cleared="0" />
  <references type="soft" candidates="1849" cleared="6" enqueued="6" dynamicThreshold="22" maxThreshold="32" />
  <references type="weak" candidates="5710" cleared="0" enqueued="0" />
  <references type="phantom" candidates="97" cleared="0" enqueued="0" />
  <stringconstants candidates="13275" cleared="0"  />
</gc-op>
<gc-op id="6501" type="sweep" timems="2.076" contextid="6497" timestamp="2019-08-09T18:54:16.943" />
<mem-info id="6502" free="43600520" total="61472768" percent="70">
  <mem type="tenure" free="43600520" total="61472768" percent="70" micro-fragmented="0" macro-fragmented="0">
    <mem type="soa" free="42986120" total="60858368" percent="70" />
    <mem type="loa" free="614400" total="614400" percent="100" />
  </mem>
  <pending-finalizers system="0" default="0" reference="6" classloader="0" />
</mem-info>
<gc-op id="6503" type="compact" timems="23.199" contextid="6497" timestamp="2019-08-09T18:54:16.966">
  <compact-info movecount="112" movebytes="4440" reason="compact to aid heap contraction" />
</gc-op>
<heap-resize id="6504" type="expand" space="tenure" amount="131072" count="1" timems="0.020" reason="satisfy allocation request" timestamp="2019-08-09T18:54:16.967" />
<gc-end id="6505" type="global" contextid="6497" durationms="37.656" usertimems="73.208" systemtimems="3.347" timestamp="2019-08-09T18:54:16.967" activeThreads="16">
  <mem-info id="6506" free="43666392" total="61603840" percent="70">
    <mem type="tenure" free="43666392" total="61603840" percent="70">
      <mem type="soa" free="43050968" total="60988416" percent="70" />
      <mem type="loa" free="615424" total="615424" percent="100" />
    </mem>
    <pending-finalizers system="0" default="0" reference="6" classloader="0" />
  </mem-info>
</gc-end>
<cycle-end id="6507" type="global" contextid="6497" timestamp="2019-08-09T18:54:16.967" />
  <attribute name="elasticGC enabled" value="1" />
  <attribute name= "numThreadsSpecified" value="16" />
  <attribute name="heapSize specified" value="61472768" />
  <attribute name="Current GC Util" value="28" />
  <attribute name= "Current Time Running" value="196910" />
  <attribute name ="GC Interval" value="0" />
  <attribute name="Target GC Util Change" value ="80.000000" />
  <attribute name="Current GC Util Change" value="28.000000"/>
  <attribute name="Current Error" value="-888.000000" />
  <attribute name="Output H" value="61547424"/>
  <attribute name="Output I" value="984"/>
  <attribute name="Output T" value="16"/>
  <attribute name= "Current Time Running" value="196910" />
  <attribute name="GC Util currently" value="28" />
  <attribute name="CPU Util currently" value="49631158235" />
<allocation-satisfied id="6508" threadId="00000000023ECF00" bytesRequested="1168" />
<af-end id="6509" timestamp="2019-08-09T18:54:16.967" threadId="00000000023ED888" success="true" />
<exclusive-end id="6510" timestamp="2019-08-09T18:54:16.967" durationms="37.913" />

<exclusive-start id="6511" timestamp="2019-08-09T18:54:16.972" intervalms="42.866">
  <response-info timems="0.033" idlems="0.033" threads="0" lastid="00000000023ECF00" lastname="main" />
</exclusive-start>
<af-start id="6512" threadId="00000000023ED888" totalBytesRequested="1168" timestamp="2019-08-09T18:54:16.972" intervalms="42.853" />
<cycle-start id="6513" type="global" contextid="0" timestamp="2019-08-09T18:54:16.972" intervalms="42.852" />
<gc-start id="6514" type="global" contextid="6513" timestamp="2019-08-09T18:54:16.972">
  <mem-info id="6515" free="615424" total="61603840" percent="0">
    <mem type="tenure" free="615424" total="61603840" percent="0">
      <mem type="soa" free="0" total="60988416" percent="0" />
      <mem type="loa" free="615424" total="615424" percent="100" />
    </mem>
  </mem-info>
</gc-start>
<allocation-stats totalBytes="42847424" >
  <allocated-bytes non-tlh="0" tlh="42847424" />
  <largest-consumer threadName="main" threadId="00000000023ECF00" bytes="42847424" />
</allocation-stats>
<gc-op id="6516" type="mark" timems="34.957" contextid="6513" timestamp="2019-08-09T18:54:17.007">
  <trace-info objectcount="596298" scancount="517291" scanbytes="13274748" />
  <finalization candidates="80" enqueued="0" />
  <ownableSynchronizers candidates="21" cleared="0" />
  <references type="soft" candidates="1843" cleared="0" enqueued="0" dynamicThreshold="22" maxThreshold="32" />
  <references type="weak" candidates="5710" cleared="0" enqueued="0" />
  <references type="phantom" candidates="97" cleared="0" enqueued="0" />
  <stringconstants candidates="13275" cleared="0"  />
</gc-op>
<gc-op id="6517" type="sweep" timems="3.775" contextid="6513" timestamp="2019-08-09T18:54:17.011" />
<mem-info id="6518" free="43731928" total="61603840" percent="70">
  <mem type="tenure" free="43731928" total="61603840" percent="70" micro-fragmented="0" macro-fragmented="0">
    <mem type="soa" free="43116504" total="60988416" percent="70" />
    <mem type="loa" free="615424" total="615424" percent="100" />
  </mem>
</mem-info>
<gc-op id="6519" type="compact" timems="27.604" contextid="6513" timestamp="2019-08-09T18:54:17.039">
  <compact-info movecount="98" movebytes="3912" reason="compact to aid heap contraction" />
</gc-op>
<heap-resize id="6520" type="expand" space="tenure" amount="131072" count="1" timems="0.021" reason="satisfy allocation request" timestamp="2019-08-09T18:54:17.041" />
<gc-end id="6521" type="global" contextid="6513" durationms="68.773" usertimems="87.026" systemtimems="3.867" timestamp="2019-08-09T18:54:17.041" activeThreads="16">
  <mem-info id="6522" free="43797992" total="61734912" percent="70">
    <mem type="tenure" free="43797992" total="61734912" percent="70">
      <mem type="soa" free="43181544" total="61118464" percent="70" />
      <mem type="loa" free="616448" total="616448" percent="100" />
    </mem>
  </mem-info>
</gc-end>
<cycle-end id="6523" type="global" contextid="6513" timestamp="2019-08-09T18:54:17.041" />
  <attribute name="elasticGC enabled" value="1" />
  <attribute name= "numThreadsSpecified" value="16" />
  <attribute name="heapSize specified" value="61603840" />
  <attribute name="Current GC Util" value="28" />
  <attribute name= "Current Time Running" value="196983" />
  <attribute name ="GC Interval" value="0" />
  <attribute name="Target GC Util Change" value ="80.000000" />
  <attribute name="Current GC Util Change" value="28.000000"/>
  <attribute name="Current Error" value="18.000000" />
  <attribute name="Output H" value="61679544"/>
  <attribute name="Output I" value="2032"/>
  <attribute name="Output T" value="16"/>
  <attribute name= "Current Time Running" value="196983" />
  <attribute name="GC Util currently" value="28" />
  <attribute name="CPU Util currently" value="41741190485" />
<allocation-satisfied id="6524" threadId="00000000023ECF00" bytesRequested="1168" />
<af-end id="6525" timestamp="2019-08-09T18:54:17.041" threadId="00000000023ED888" success="true" />
<exclusive-end id="6526" timestamp="2019-08-09T18:54:17.041" durationms="69.059" />

<exclusive-start id="6527" timestamp="2019-08-09T18:54:17.045" intervalms="73.411">
  <response-info timems="0.020" idlems="0.020" threads="0" lastid="00000000023ECF00" lastname="main" />
</exclusive-start>
<af-start id="6528" threadId="00000000023ED888" totalBytesRequested="1168" timestamp="2019-08-09T18:54:17.045" intervalms="73.445" />
<cycle-start id="6529" type="global" contextid="0" timestamp="2019-08-09T18:54:17.045" intervalms="73.451" />
<gc-start id="6530" type="global" contextid="6529" timestamp="2019-08-09T18:54:17.045">
  <mem-info id="6531" free="616448" total="61734912" percent="0">
    <mem type="tenure" free="616448" total="61734912" percent="0">
      <mem type="soa" free="0" total="61118464" percent="0" />
      <mem type="loa" free="616448" total="616448" percent="100" />
    </mem>
  </mem-info>
</gc-start>
<allocation-stats totalBytes="42976432" >
  <allocated-bytes non-tlh="0" tlh="42976432" />
  <largest-consumer threadName="main" threadId="00000000023ECF00" bytes="42976432" />
</allocation-stats>
<gc-op id="6532" type="mark" timems="13.794" contextid="6529" timestamp="2019-08-09T18:54:17.059">
  <trace-info objectcount="596298" scancount="517291" scanbytes="13274748" />
  <finalization candidates="80" enqueued="0" />
  <ownableSynchronizers candidates="21" cleared="0" />
  <references type="soft" candidates="1843" cleared="0" enqueued="0" dynamicThreshold="22" maxThreshold="32" />
  <references type="weak" candidates="5710" cleared="0" enqueued="0" />
  <references type="phantom" candidates="97" cleared="0" enqueued="0" />
  <stringconstants candidates="13275" cleared="0"  />
</gc-op>
<gc-op id="6533" type="sweep" timems="2.285" contextid="6529" timestamp="2019-08-09T18:54:17.062" />
<mem-info id="6534" free="43863504" total="61734912" percent="71">
  <mem type="tenure" free="43863504" total="61734912" percent="71" micro-fragmented="0" macro-fragmented="0">
    <mem type="soa" free="43247056" total="61118464" percent="70" />
    <mem type="loa" free="616448" total="616448" percent="100" />
  </mem>
</mem-info>
<gc-op id="6535" type="compact" timems="46.919" contextid="6529" timestamp="2019-08-09T18:54:17.108">
  <compact-info movecount="2" movebytes="64" reason="compact to aid heap contraction" />
</gc-op>
<heap-resize id="6536" type="expand" space="tenure" amount="131072" count="1" timems="0.024" reason="satisfy allocation request" timestamp="2019-08-09T18:54:17.109" />
<gc-end id="6537" type="global" contextid="6529" durationms="63.981" usertimems="89.056" systemtimems="14.132" timestamp="2019-08-09T18:54:17.109" activeThreads="16">
  <mem-info id="6538" free="43929064" total="61865984" percent="71">
    <mem type="tenure" free="43929064" total="61865984" percent="71">
      <mem type="soa" free="43310568" total="61247488" percent="70" />
      <mem type="loa" free="618496" total="618496" percent="100" />
    </mem>
  </mem-info>
</gc-end>
<cycle-end id="6539" type="global" contextid="6529" timestamp="2019-08-09T18:54:17.109" />
  <attribute name="elasticGC enabled" value="1" />
  <attribute name= "numThreadsSpecified" value="16" />
  <attribute name="heapSize specified" value="61734912" />
  <attribute name="Current GC Util" value="20" />
  <attribute name= "Current Time Running" value="197052" />
  <attribute name ="GC Interval" value="0" />
  <attribute name="Target GC Util Change" value ="80.000000" />
  <attribute name="Current GC Util Change" value="20.000000"/>
  <attribute name="Current Error" value="60.000000" />
  <attribute name="Output H" value="61810664"/>
  <attribute name="Output I" value="2080"/>
  <attribute name="Output T" value="16"/>
  <attribute name= "Current Time Running" value="197052" />
  <attribute name="GC Util currently" value="20" />
  <attribute name="CPU Util currently" value="24559228326" />
<allocation-satisfied id="6540" threadId="00000000023ECF00" bytesRequested="1168" />
<af-end id="6541" timestamp="2019-08-09T18:54:17.109" threadId="00000000023ED888" success="true" />
<exclusive-end id="6542" timestamp="2019-08-09T18:54:17.109" durationms="64.232" />

<exclusive-start id="6543" timestamp="2019-08-09T18:54:17.121" intervalms="75.857">
  <response-info timems="0.016" idlems="0.016" threads="0" lastid="00000000023ECF00" lastname="main" />
</exclusive-start>
<af-start id="6544" threadId="00000000023ED888" totalBytesRequested="32" timestamp="2019-08-09T18:54:17.121" intervalms="75.826" />
<cycle-start id="6545" type="global" contextid="0" timestamp="2019-08-09T18:54:17.121" intervalms="75.825" />
<gc-start id="6546" type="global" contextid="6545" timestamp="2019-08-09T18:54:17.121">
  <mem-info id="6547" free="618496" total="61865984" percent="0">
    <mem type="tenure" free="618496" total="61865984" percent="0">
      <mem type="soa" free="0" total="61247488" percent="0" />
      <mem type="loa" free="618496" total="618496" percent="100" />
    </mem>
  </mem-info>
</gc-start>
<allocation-stats totalBytes="43364440" >
  <allocated-bytes non-tlh="0" tlh="43364440" />
  <largest-consumer threadName="main" threadId="00000000023ECF00" bytes="43364440" />
</allocation-stats>
<gc-op id="6548" type="mark" timems="11.173" contextid="6545" timestamp="2019-08-09T18:54:17.132">
  <trace-info objectcount="596436" scancount="517434" scanbytes="13279452" />
  <finalization candidates="80" enqueued="0" />
  <ownableSynchronizers candidates="21" cleared="0" />
  <references type="soft" candidates="1843" cleared="0" enqueued="0" dynamicThreshold="22" maxThreshold="32" />
  <references type="weak" candidates="5710" cleared="0" enqueued="0" />
  <references type="phantom" candidates="97" cleared="0" enqueued="0" />
  <stringconstants candidates="13275" cleared="0"  />
</gc-op>
<gc-op id="6549" type="sweep" timems="1.748" contextid="6545" timestamp="2019-08-09T18:54:17.134" />
<mem-info id="6550" free="43987568" total="61865984" percent="71">
  <mem type="tenure" free="43987568" total="61865984" percent="71" micro-fragmented="0" macro-fragmented="0">
    <mem type="soa" free="43369072" total="61247488" percent="70" />
    <mem type="loa" free="618496" total="618496" percent="100" />
  </mem>
</mem-info>
<gc-op id="6551" type="compact" timems="41.639" contextid="6545" timestamp="2019-08-09T18:54:17.176">
  <compact-info movecount="557" movebytes="15312" reason="compact to aid heap contraction" />
</gc-op>
<heap-resize id="6552" type="expand" space="tenure" amount="131072" count="1" timems="0.027" reason="satisfy allocation request" timestamp="2019-08-09T18:54:17.178" />
<gc-end id="6553" type="global" contextid="6545" durationms="57.149" usertimems="95.250" systemtimems="7.244" timestamp="2019-08-09T18:54:17.178" activeThreads="16">
  <mem-info id="6554" free="44056600" total="61997056" percent="71">
    <mem type="tenure" free="44056600" total="61997056" percent="71">
      <mem type="soa" free="43437080" total="61377536" percent="70" />
      <mem type="loa" free="619520" total="619520" percent="100" />
    </mem>
  </mem-info>
</gc-end>
<cycle-end id="6555" type="global" contextid="6545" timestamp="2019-08-09T18:54:17.178" />
  <attribute name="elasticGC enabled" value="1" />
  <attribute name= "numThreadsSpecified" value="16" />
  <attribute name="heapSize specified" value="61865984" />
  <attribute name="Current GC Util" value="28" />
  <attribute name= "Current Time Running" value="197120" />
  <attribute name ="GC Interval" value="0" />
  <attribute name="Target GC Util Change" value ="80.000000" />
  <attribute name="Current GC Util Change" value="28.000000"/>
  <attribute name="Current Error" value="-563.000000" />
  <attribute name="Output H" value="61941016"/>
  <attribute name="Output I" value="1360"/>
  <attribute name="Output T" value="16"/>
  <attribute name= "Current Time Running" value="197120" />
  <attribute name="GC Util currently" value="28" />
  <attribute name="CPU Util currently" value="27679412992" />
<allocation-satisfied id="6556" threadId="00000000023ECF00" bytesRequested="32" />
<af-end id="6557" timestamp="2019-08-09T18:54:17.178" threadId="00000000023ED888" success="true" />
<exclusive-end id="6558" timestamp="2019-08-09T18:54:17.178" durationms="57.366" />

<exclusive-start id="6559" timestamp="2019-08-09T18:54:17.230" intervalms="109.176">
  <response-info timems="0.020" idlems="0.020" threads="0" lastid="00000000023ECF00" lastname="main" />
</exclusive-start>
<af-start id="6560" threadId="00000000023ED888" totalBytesRequested="32" timestamp="2019-08-09T18:54:17.230" intervalms="109.175" />
<cycle-start id="6561" type="global" contextid="0" timestamp="2019-08-09T18:54:17.230" intervalms="109.171" />
<gc-start id="6562" type="global" contextid="6561" timestamp="2019-08-09T18:54:17.230">
  <mem-info id="6563" free="619520" total="61997056" percent="0">
    <mem type="tenure" free="619520" total="61997056" percent="0">
      <mem type="soa" free="0" total="61377536" percent="0" />
      <mem type="loa" free="619520" total="619520" percent="100" />
    </mem>
  </mem-info>
</gc-start>
<allocation-stats totalBytes="43496272" >
  <allocated-bytes non-tlh="0" tlh="43496272" />
  <largest-consumer threadName="main" threadId="00000000023ECF00" bytes="43496272" />
</allocation-stats>
<gc-op id="6564" type="mark" timems="69.856" contextid="6561" timestamp="2019-08-09T18:54:17.300">
  <trace-info objectcount="596484" scancount="517477" scanbytes="13281012" />
  <finalization candidates="80" enqueued="0" />
  <ownableSynchronizers candidates="21" cleared="0" />
  <references type="soft" candidates="1843" cleared="0" enqueued="0" dynamicThreshold="22" maxThreshold="32" />
  <references type="weak" candidates="5729" cleared="0" enqueued="0" />
  <references type="phantom" candidates="97" cleared="0" enqueued="0" />
  <stringconstants candidates="13275" cleared="0"  />
</gc-op>
<gc-op id="6565" type="sweep" timems="3.098" contextid="6561" timestamp="2019-08-09T18:54:17.303" />
<mem-info id="6566" free="44108200" total="61997056" percent="71">
  <mem type="tenure" free="44108200" total="61997056" percent="71" micro-fragmented="0" macro-fragmented="0">
    <mem type="soa" free="43488680" total="61377536" percent="70" />
    <mem type="loa" free="619520" total="619520" percent="100" />
  </mem>
</mem-info>
<gc-op id="6567" type="compact" timems="188.108" contextid="6561" timestamp="2019-08-09T18:54:17.492">
  <compact-info movecount="555333" movebytes="15438304" reason="compact to aid heap contraction" />
</gc-op>
<heap-resize id="6568" type="expand" space="tenure" amount="131072" count="1" timems="0.019" reason="satisfy allocation request" timestamp="2019-08-09T18:54:17.492" />
<gc-end id="6569" type="global" contextid="6561" durationms="261.712" usertimems="248.466" systemtimems="0.000" timestamp="2019-08-09T18:54:17.492" activeThreads="16">
  <mem-info id="6570" free="44186072" total="62128128" percent="71">
    <mem type="tenure" free="44186072" total="62128128" percent="71">
      <mem type="soa" free="43565528" total="61507584" percent="70" />
      <mem type="loa" free="620544" total="620544" percent="100" />
    </mem>
  </mem-info>
</gc-end>
<cycle-end id="6571" type="global" contextid="6561" timestamp="2019-08-09T18:54:17.492" />
  <attribute name="elasticGC enabled" value="1" />
  <attribute name= "numThreadsSpecified" value="16" />
  <attribute name="heapSize specified" value="61997056" />
  <attribute name="Current GC Util" value="6" />
  <attribute name= "Current Time Running" value="197436" />
  <attribute name ="GC Interval" value="0" />
  <attribute name="Target GC Util Change" value ="80.000000" />
  <attribute name="Current GC Util Change" value="6.000000"/>
  <attribute name="Current Error" value="13.000000" />
  <attribute name="Output H" value="62072752"/>
  <attribute name="Output I" value="2024"/>
  <attribute name="Output T" value="16"/>
  <attribute name= "Current Time Running" value="197436" />
  <attribute name="GC Util currently" value="6" />
  <attribute name="CPU Util currently" value="6126336493" />
<allocation-satisfied id="6572" threadId="00000000023ECF00" bytesRequested="32" />
<af-end id="6573" timestamp="2019-08-09T18:54:17.492" threadId="00000000023ED888" success="true" />
<exclusive-end id="6574" timestamp="2019-08-09T18:54:17.492" durationms="262.060" />

<exclusive-start id="6575" timestamp="2019-08-09T18:54:17.572" intervalms="342.036">
  <response-info timems="0.025" idlems="0.025" threads="0" lastid="00000000023ECF00" lastname="main" />
</exclusive-start>
<af-start id="6576" threadId="00000000023ED888" totalBytesRequested="80" timestamp="2019-08-09T18:54:17.572" intervalms="342.041" />
<cycle-start id="6577" type="global" contextid="0" timestamp="2019-08-09T18:54:17.572" intervalms="342.051" />
<gc-start id="6578" type="global" contextid="6577" timestamp="2019-08-09T18:54:17.572">
  <mem-info id="6579" free="620544" total="62128128" percent="0">
    <mem type="tenure" free="620544" total="62128128" percent="0">
      <mem type="soa" free="0" total="61507584" percent="0" />
      <mem type="loa" free="620544" total="620544" percent="100" />
    </mem>
  </mem-info>
</gc-start>
<allocation-stats totalBytes="43625664" >
  <allocated-bytes non-tlh="0" tlh="43625664" />
  <largest-consumer threadName="main" threadId="00000000023ECF00" bytes="43625664" />
</allocation-stats>
<gc-op id="6580" type="mark" timems="16.339" contextid="6577" timestamp="2019-08-09T18:54:17.589">
  <trace-info objectcount="596483" scancount="517480" scanbytes="13280924" />
  <finalization candidates="80" enqueued="0" />
  <ownableSynchronizers candidates="21" cleared="0" />
  <references type="soft" candidates="1843" cleared="0" enqueued="0" dynamicThreshold="22" maxThreshold="32" />
  <references type="weak" candidates="5729" cleared="0" enqueued="0" />
  <references type="phantom" candidates="97" cleared="0" enqueued="0" />
  <stringconstants candidates="13275" cleared="0"  />
</gc-op>
<gc-op id="6581" type="sweep" timems="2.087" contextid="6577" timestamp="2019-08-09T18:54:17.591" />
<mem-info id="6582" free="44245664" total="62128128" percent="71">
  <mem type="tenure" free="44245664" total="62128128" percent="71" micro-fragmented="0" macro-fragmented="0">
    <mem type="soa" free="43625120" total="61507584" percent="70" />
    <mem type="loa" free="620544" total="620544" percent="100" />
  </mem>
</mem-info>
<gc-op id="6583" type="compact" timems="25.977" contextid="6577" timestamp="2019-08-09T18:54:17.617">
  <compact-info movecount="121" movebytes="3696" reason="compact to aid heap contraction" />
</gc-op>
<heap-resize id="6584" type="expand" space="tenure" amount="131072" count="1" timems="0.017" reason="satisfy allocation request" timestamp="2019-08-09T18:54:17.618" />
<gc-end id="6585" type="global" contextid="6577" durationms="45.321" usertimems="65.150" systemtimems="22.522" timestamp="2019-08-09T18:54:17.618" activeThreads="16">
  <mem-info id="6586" free="44317232" total="62259200" percent="71">
    <mem type="tenure" free="44317232" total="62259200" percent="71">
      <mem type="soa" free="43694640" total="61636608" percent="70" />
      <mem type="loa" free="622592" total="622592" percent="100" />
    </mem>
  </mem-info>
</gc-end>
<cycle-end id="6587" type="global" contextid="6577" timestamp="2019-08-09T18:54:17.618" />
  <attribute name="elasticGC enabled" value="1" />
  <attribute name= "numThreadsSpecified" value="16" />
  <attribute name="heapSize specified" value="62128128" />
  <attribute name="Current GC Util" value="38" />
  <attribute name= "Current Time Running" value="197561" />
  <attribute name ="GC Interval" value="0" />
  <attribute name="Target GC Util Change" value ="80.000000" />
  <attribute name="Current GC Util Change" value="38.000000"/>
  <attribute name="Current Error" value="42.000000" />
  <attribute name="Output H" value="62203856"/>
  <attribute name="Output I" value="2056"/>
  <attribute name="Output T" value="16"/>
  <attribute name= "Current Time Running" value="197561" />
  <attribute name="GC Util currently" value="38" />
  <attribute name="CPU Util currently" value="44155899826" />
<allocation-satisfied id="6588" threadId="00000000023ECF00" bytesRequested="80" />
<af-end id="6589" timestamp="2019-08-09T18:54:17.618" threadId="00000000023ED888" success="true" />
<exclusive-end id="6590" timestamp="2019-08-09T18:54:17.618" durationms="45.697" />

<exclusive-start id="6591" timestamp="2019-08-09T18:54:17.632" intervalms="59.275">
  <response-info timems="0.014" idlems="0.014" threads="0" lastid="00000000023ECF00" lastname="main" />
</exclusive-start>
<af-start id="6592" threadId="00000000023ED888" totalBytesRequested="200" timestamp="2019-08-09T18:54:17.632" intervalms="59.258" />
<cycle-start id="6593" type="global" contextid="0" timestamp="2019-08-09T18:54:17.632" intervalms="59.245" />
<gc-start id="6594" type="global" contextid="6593" timestamp="2019-08-09T18:54:17.632">
  <mem-info id="6595" free="622592" total="62259200" percent="1">
    <mem type="tenure" free="622592" total="62259200" percent="1">
      <mem type="soa" free="0" total="61636608" percent="0" />
      <mem type="loa" free="622592" total="622592" percent="100" />
    </mem>
  </mem-info>
</gc-start>
<allocation-stats totalBytes="43735976" >
  <allocated-bytes non-tlh="0" tlh="43735976" />
  <largest-consumer threadName="main" threadId="00000000023ECF00" bytes="43735976" />
</allocation-stats>
<gc-op id="6596" type="mark" timems="62.258" contextid="6593" timestamp="2019-08-09T18:54:17.694">
  <trace-info objectcount="596316" scancount="517305" scanbytes="13275276" />
  <finalization candidates="80" enqueued="0" />
  <ownableSynchronizers candidates="21" cleared="0" />
  <references type="soft" candidates="1843" cleared="0" enqueued="0" dynamicThreshold="22" maxThreshold="32" />
  <references type="weak" candidates="5729" cleared="7" enqueued="3" />
  <references type="phantom" candidates="97" cleared="0" enqueued="0" />
  <stringconstants candidates="13275" cleared="0"  />
</gc-op>
<gc-op id="6597" type="sweep" timems="3.172" contextid="6593" timestamp="2019-08-09T18:54:17.698" />
<mem-info id="6598" free="44386120" total="62259200" percent="71">
  <mem type="tenure" free="44386120" total="62259200" percent="71" micro-fragmented="0" macro-fragmented="0">
    <mem type="soa" free="43763528" total="61636608" percent="71" />
    <mem type="loa" free="622592" total="622592" percent="100" />
  </mem>
  <pending-finalizers system="0" default="0" reference="3" classloader="0" />
</mem-info>
<gc-op id="6599" type="compact" timems="32.431" contextid="6593" timestamp="2019-08-09T18:54:17.730">
  <compact-info movecount="418" movebytes="10808" reason="compact to aid heap contraction" />
</gc-op>
<heap-resize id="6600" type="expand" space="tenure" amount="131072" count="1" timems="0.024" reason="satisfy allocation request" timestamp="2019-08-09T18:54:17.730" />
<gc-end id="6601" type="global" contextid="6593" durationms="98.790" usertimems="83.206" systemtimems="14.054" timestamp="2019-08-09T18:54:17.731" activeThreads="16">
  <mem-info id="6602" free="44453776" total="62390272" percent="71">
    <mem type="tenure" free="44453776" total="62390272" percent="71">
      <mem type="soa" free="43830160" total="61766656" percent="70" />
      <mem type="loa" free="623616" total="623616" percent="100" />
    </mem>
    <pending-finalizers system="0" default="0" reference="3" classloader="0" />
  </mem-info>
</gc-end>
<cycle-end id="6603" type="global" contextid="6593" timestamp="2019-08-09T18:54:17.731" />
  <attribute name="elasticGC enabled" value="1" />
  <attribute name= "numThreadsSpecified" value="16" />
  <attribute name="heapSize specified" value="62259200" />
  <attribute name="Current GC Util" value="33" />
  <attribute name= "Current Time Running" value="197674" />
  <attribute name ="GC Interval" value="0" />
  <attribute name="Target GC Util Change" value ="80.000000" />
  <attribute name="Current GC Util Change" value="33.000000"/>
  <attribute name="Current Error" value="-90.000000" />
  <attribute name="Output H" value="62334784"/>
  <attribute name="Output I" value="1912"/>
  <attribute name="Output T" value="16"/>
  <attribute name= "Current Time Running" value="197674" />
  <attribute name="GC Util currently" value="33" />
  <attribute name="CPU Util currently" value="35557653962" />
<allocation-satisfied id="6604" threadId="00000000023ECF00" bytesRequested="200" />
<af-end id="6605" timestamp="2019-08-09T18:54:17.731" threadId="00000000023ED888" success="true" />
<exclusive-end id="6606" timestamp="2019-08-09T18:54:17.731" durationms="99.046" />

<exclusive-start id="6607" timestamp="2019-08-09T18:54:17.739" intervalms="107.430">
  <response-info timems="0.020" idlems="0.020" threads="0" lastid="00000000023ECF00" lastname="main" />
</exclusive-start>
<af-start id="6608" threadId="00000000023ED888" totalBytesRequested="312" timestamp="2019-08-09T18:54:17.739" intervalms="107.440" />
<cycle-start id="6609" type="global" contextid="0" timestamp="2019-08-09T18:54:17.739" intervalms="107.441" />
<gc-start id="6610" type="global" contextid="6609" timestamp="2019-08-09T18:54:17.739">
  <mem-info id="6611" free="623616" total="62390272" percent="0">
    <mem type="tenure" free="623616" total="62390272" percent="0">
      <mem type="soa" free="0" total="61766656" percent="0" />
      <mem type="loa" free="623616" total="623616" percent="100" />
    </mem>
  </mem-info>
</gc-start>
<allocation-stats totalBytes="43872888" >
  <allocated-bytes non-tlh="0" tlh="43872888" />
  <largest-consumer threadName="main" threadId="00000000023ECF00" bytes="43872888" />
</allocation-stats>
<gc-op id="6612" type="mark" timems="37.499" contextid="6609" timestamp="2019-08-09T18:54:17.777">
  <trace-info objectcount="596316" scancount="517325" scanbytes="13275276" />
  <finalization candidates="80" enqueued="0" />
  <ownableSynchronizers candidates="21" cleared="0" />
  <references type="soft" candidates="1843" cleared="0" enqueued="0" dynamicThreshold="22" maxThreshold="32" />
  <references type="weak" candidates="5722" cleared="0" enqueued="0" />
  <references type="phantom" candidates="97" cleared="0" enqueued="0" />
  <stringconstants candidates="13275" cleared="0"  />
</gc-op>
<gc-op id="6613" type="sweep" timems="1.794" contextid="6609" timestamp="2019-08-09T18:54:17.778" />
<mem-info id="6614" free="44519112" total="62390272" percent="71">
  <mem type="tenure" free="44519112" total="62390272" percent="71" micro-fragmented="0" macro-fragmented="0">
    <mem type="soa" free="43895496" total="61766656" percent="71" />
    <mem type="loa" free="623616" total="623616" percent="100" />
  </mem>
</mem-info>
<gc-op id="6615" type="compact" timems="29.258" contextid="6609" timestamp="2019-08-09T18:54:17.808">
  <compact-info movecount="6" movebytes="424" reason="compact to aid heap contraction" />
</gc-op>
<heap-resize id="6616" type="expand" space="tenure" amount="131072" count="1" timems="0.027" reason="satisfy allocation request" timestamp="2019-08-09T18:54:17.809" />
<gc-end id="6617" type="global" contextid="6609" durationms="70.271" usertimems="80.577" systemtimems="0.000" timestamp="2019-08-09T18:54:17.809" activeThreads="16">
  <mem-info id="6618" free="44584736" total="62521344" percent="71">
    <mem type="tenure" free="44584736" total="62521344" percent="71">
      <mem type="soa" free="43960096" total="61896704" percent="71" />
      <mem type="loa" free="624640" total="624640" percent="100" />
    </mem>
  </mem-info>
</gc-end>
<cycle-end id="6619" type="global" contextid="6609" timestamp="2019-08-09T18:54:17.809" />
  <attribute name="elasticGC enabled" value="1" />
  <attribute name= "numThreadsSpecified" value="16" />
  <attribute name="heapSize specified" value="62390272" />
  <attribute name="Current GC Util" value="20" />
  <attribute name= "Current Time Running" value="197752" />
  <attribute name ="GC Interval" value="0" />
  <attribute name="Target GC Util Change" value ="80.000000" />
  <attribute name="Current GC Util Change" value="20.000000"/>
  <attribute name="Current Error" value="16.000000" />
  <attribute name="Output H" value="62465976"/>
  <attribute name="Output I" value="2032"/>
  <attribute name="Output T" value="16"/>
  <attribute name= "Current Time Running" value="197752" />
  <attribute name="GC Util currently" value="20" />
  <attribute name="CPU Util currently" value="39337090595" />
<allocation-satisfied id="6620" threadId="00000000023ECF00" bytesRequested="312" />
<af-end id="6621" timestamp="2019-08-09T18:54:17.809" threadId="00000000023ED888" success="true" />
<exclusive-end id="6622" timestamp="2019-08-09T18:54:17.809" durationms="70.496" />

<exclusive-start id="6623" timestamp="2019-08-09T18:54:17.817" intervalms="78.122">
  <response-info timems="0.023" idlems="0.023" threads="0" lastid="00000000023ECF00" lastname="main" />
</exclusive-start>
<af-start id="6624" threadId="00000000023ED888" totalBytesRequested="312" timestamp="2019-08-09T18:54:17.817" intervalms="78.122" />
<cycle-start id="6625" type="global" contextid="0" timestamp="2019-08-09T18:54:17.817" intervalms="78.125" />
<gc-start id="6626" type="global" contextid="6625" timestamp="2019-08-09T18:54:17.817">
  <mem-info id="6627" free="624640" total="62521344" percent="0">
    <mem type="tenure" free="624640" total="62521344" percent="0">
      <mem type="soa" free="0" total="61896704" percent="0" />
      <mem type="loa" free="624640" total="624640" percent="100" />
    </mem>
  </mem-info>
</gc-start>
<allocation-stats totalBytes="44002176" >
  <allocated-bytes non-tlh="0" tlh="44002176" />
  <largest-consumer threadName="main" threadId="00000000023ECF00" bytes="44002176" />
</allocation-stats>
<gc-op id="6628" type="mark" timems="17.784" contextid="6625" timestamp="2019-08-09T18:54:17.835">
  <trace-info objectcount="596316" scancount="517310" scanbytes="13275276" />
  <finalization candidates="80" enqueued="0" />
  <ownableSynchronizers candidates="21" cleared="0" />
  <references type="soft" candidates="1843" cleared="0" enqueued="0" dynamicThreshold="22" maxThreshold="32" />
  <references type="weak" candidates="5722" cleared="0" enqueued="0" />
  <references type="phantom" candidates="97" cleared="0" enqueued="0" />
  <stringconstants candidates="13275" cleared="0"  />
</gc-op>
<gc-op id="6629" type="sweep" timems="32.058" contextid="6625" timestamp="2019-08-09T18:54:17.867" />
<mem-info id="6630" free="44650032" total="62521344" percent="71">
  <mem type="tenure" free="44650032" total="62521344" percent="71" micro-fragmented="0" macro-fragmented="0">
    <mem type="soa" free="44025392" total="61896704" percent="71" />
    <mem type="loa" free="624640" total="624640" percent="100" />
  </mem>
</mem-info>
<gc-op id="6631" type="compact" timems="29.993" contextid="6625" timestamp="2019-08-09T18:54:17.897">
  <compact-info movecount="6" movebytes="424" reason="compact to aid heap contraction" />
</gc-op>
<heap-resize id="6632" type="expand" space="tenure" amount="131072" count="1" timems="0.020" reason="satisfy allocation request" timestamp="2019-08-09T18:54:17.898" />
<gc-end id="6633" type="global" contextid="6625" durationms="80.505" usertimems="84.708" systemtimems="9.539" timestamp="2019-08-09T18:54:17.898" activeThreads="16">
  <mem-info id="6634" free="44715808" total="62652416" percent="71">
    <mem type="tenure" free="44715808" total="62652416" percent="71">
      <mem type="soa" free="44090144" total="62026752" percent="71" />
      <mem type="loa" free="625664" total="625664" percent="100" />
    </mem>
  </mem-info>
</gc-end>
<cycle-end id="6635" type="global" contextid="6625" timestamp="2019-08-09T18:54:17.898" />
  <attribute name="elasticGC enabled" value="1" />
  <attribute name= "numThreadsSpecified" value="16" />
  <attribute name="heapSize specified" value="62521344" />
  <attribute name="Current GC Util" value="33" />
  <attribute name= "Current Time Running" value="197841" />
  <attribute name ="GC Interval" value="0" />
  <attribute name="Target GC Util Change" value ="80.000000" />
  <attribute name="Current GC Util Change" value="33.000000"/>
  <attribute name="Current Error" value="47.000000" />
  <attribute name="Output H" value="62597080"/>
  <attribute name="Output I" value="2064"/>
  <attribute name="Output T" value="16"/>
  <attribute name= "Current Time Running" value="197841" />
  <attribute name="GC Util currently" value="33" />
  <attribute name="CPU Util currently" value="38398180531" />
<allocation-satisfied id="6636" threadId="00000000023ECF00" bytesRequested="312" />
<af-end id="6637" timestamp="2019-08-09T18:54:17.898" threadId="00000000023ED888" success="true" />
<exclusive-end id="6638" timestamp="2019-08-09T18:54:17.898" durationms="80.734" />

<exclusive-start id="6639" timestamp="2019-08-09T18:54:17.906" intervalms="89.206">
  <response-info timems="0.019" idlems="0.019" threads="0" lastid="00000000023ECF00" lastname="main" />
</exclusive-start>
<af-start id="6640" threadId="00000000023ED888" totalBytesRequested="216" timestamp="2019-08-09T18:54:17.906" intervalms="89.205" />
<cycle-start id="6641" type="global" contextid="0" timestamp="2019-08-09T18:54:17.906" intervalms="89.204" />
<gc-start id="6642" type="global" contextid="6641" timestamp="2019-08-09T18:54:17.906">
  <mem-info id="6643" free="625664" total="62652416" percent="0">
    <mem type="tenure" free="625664" total="62652416" percent="0">
      <mem type="soa" free="0" total="62026752" percent="0" />
      <mem type="loa" free="625664" total="625664" percent="100" />
    </mem>
  </mem-info>
</gc-start>
<allocation-stats totalBytes="44132280" >
  <allocated-bytes non-tlh="0" tlh="44132280" />
  <largest-consumer threadName="main" threadId="00000000023ECF00" bytes="44132280" />
</allocation-stats>
<gc-op id="6644" type="mark" timems="30.733" contextid="6641" timestamp="2019-08-09T18:54:17.937">
  <trace-info objectcount="596316" scancount="517312" scanbytes="13275276" />
  <finalization candidates="80" enqueued="0" />
  <ownableSynchronizers candidates="21" cleared="0" />
  <references type="soft" candidates="1843" cleared="0" enqueued="0" dynamicThreshold="22" maxThreshold="32" />
  <references type="weak" candidates="5722" cleared="0" enqueued="0" />
  <references type="phantom" candidates="97" cleared="0" enqueued="0" />
  <stringconstants candidates="13275" cleared="0"  />
</gc-op>
<gc-op id="6645" type="sweep" timems="6.737" contextid="6641" timestamp="2019-08-09T18:54:17.944" />
<mem-info id="6646" free="44781248" total="62652416" percent="71">
  <mem type="tenure" free="44781248" total="62652416" percent="71" micro-fragmented="0" macro-fragmented="0">
    <mem type="soa" free="44155584" total="62026752" percent="71" />
    <mem type="loa" free="625664" total="625664" percent="100" />
  </mem>
</mem-info>
<gc-op id="6647" type="compact" timems="26.106" contextid="6641" timestamp="2019-08-09T18:54:17.970">
  <compact-info movecount="6" movebytes="336" reason="compact to aid heap contraction" />
</gc-op>
<heap-resize id="6648" type="expand" space="tenure" amount="131072" count="1" timems="0.022" reason="satisfy allocation request" timestamp="2019-08-09T18:54:17.971" />
<gc-end id="6649" type="global" contextid="6641" durationms="64.337" usertimems="76.115" systemtimems="9.056" timestamp="2019-08-09T18:54:17.971" activeThreads="16">
  <mem-info id="6650" free="44846968" total="62783488" percent="71">
    <mem type="tenure" free="44846968" total="62783488" percent="71">
      <mem type="soa" free="44219256" total="62155776" percent="71" />
      <mem type="loa" free="627712" total="627712" percent="100" />
    </mem>
  </mem-info>
</gc-end>
<cycle-end id="6651" type="global" contextid="6641" timestamp="2019-08-09T18:54:17.971" />
  <attribute name="elasticGC enabled" value="1" />
  <attribute name= "numThreadsSpecified" value="16" />
  <attribute name="heapSize specified" value="62652416" />
  <attribute name="Current GC Util" value="32" />
  <attribute name= "Current Time Running" value="197914" />
  <attribute name ="GC Interval" value="0" />
  <attribute name="Target GC Util Change" value ="80.000000" />
  <attribute name="Current GC Util Change" value="32.000000"/>
  <attribute name="Current Error" value="-151.000000" />
  <attribute name="Output H" value="62727928"/>
  <attribute name="Output I" value="1840"/>
  <attribute name="Output T" value="16"/>
  <attribute name= "Current Time Running" value="197914" />
  <attribute name="GC Util currently" value="32" />
  <attribute name="CPU Util currently" value="44142455944" />
<allocation-satisfied id="6652" threadId="00000000023ECF00" bytesRequested="216" />
<af-end id="6653" timestamp="2019-08-09T18:54:17.971" threadId="00000000023ED888" success="true" />
<exclusive-end id="6654" timestamp="2019-08-09T18:54:17.971" durationms="64.557" />

<exclusive-start id="6655" timestamp="2019-08-09T18:54:17.979" intervalms="72.625">
  <response-info timems="0.019" idlems="0.019" threads="0" lastid="00000000023ECF00" lastname="main" />
</exclusive-start>
<af-start id="6656" threadId="00000000023ED888" totalBytesRequested="248" timestamp="2019-08-09T18:54:17.979" intervalms="72.646" />
<cycle-start id="6657" type="global" contextid="0" timestamp="2019-08-09T18:54:17.979" intervalms="72.645" />
<gc-start id="6658" type="global" contextid="6657" timestamp="2019-08-09T18:54:17.979">
  <mem-info id="6659" free="627712" total="62783488" percent="0">
    <mem type="tenure" free="627712" total="62783488" percent="0">
      <mem type="soa" free="0" total="62155776" percent="0" />
      <mem type="loa" free="627712" total="627712" percent="100" />
    </mem>
  </mem-info>
</gc-start>
<allocation-stats totalBytes="44262352" >
  <allocated-bytes non-tlh="0" tlh="44262352" />
  <largest-consumer threadName="main" threadId="00000000023ECF00" bytes="44262352" />
</allocation-stats>
<gc-op id="6660" type="mark" timems="8.781" contextid="6657" timestamp="2019-08-09T18:54:17.988">
  <trace-info objectcount="596316" scancount="517309" scanbytes="13275276" />
  <finalization candidates="80" enqueued="0" />
  <ownableSynchronizers candidates="21" cleared="0" />
  <references type="soft" candidates="1843" cleared="0" enqueued="0" dynamicThreshold="22" maxThreshold="32" />
  <references type="weak" candidates="5722" cleared="0" enqueued="0" />
  <references type="phantom" candidates="97" cleared="0" enqueued="0" />
  <stringconstants candidates="13275" cleared="0"  />
</gc-op>
<gc-op id="6661" type="sweep" timems="1.452" contextid="6657" timestamp="2019-08-09T18:54:17.989" />
<mem-info id="6662" free="44912480" total="62783488" percent="71">
  <mem type="tenure" free="44912480" total="62783488" percent="71" micro-fragmented="0" macro-fragmented="0">
    <mem type="soa" free="44284768" total="62155776" percent="71" />
    <mem type="loa" free="627712" total="627712" percent="100" />
  </mem>
</mem-info>
<gc-op id="6663" type="compact" timems="67.193" contextid="6657" timestamp="2019-08-09T18:54:18.057">
  <compact-info movecount="6" movebytes="360" reason="compact to aid heap contraction" />
</gc-op>
<heap-resize id="6664" type="expand" space="tenure" amount="131072" count="1" timems="0.019" reason="satisfy allocation request" timestamp="2019-08-09T18:54:18.058" />
<gc-end id="6665" type="global" contextid="6657" durationms="78.869" usertimems="91.380" systemtimems="5.111" timestamp="2019-08-09T18:54:18.058" activeThreads="16">
  <mem-info id="6666" free="44978016" total="62914560" percent="71">
    <mem type="tenure" free="44978016" total="62914560" percent="71">
      <mem type="soa" free="44349280" total="62285824" percent="71" />
      <mem type="loa" free="628736" total="628736" percent="100" />
    </mem>
  </mem-info>
</gc-end>
<cycle-end id="6667" type="global" contextid="6657" timestamp="2019-08-09T18:54:18.058" />
  <attribute name="elasticGC enabled" value="1" />
  <attribute name= "numThreadsSpecified" value="16" />
  <attribute name="heapSize specified" value="62783488" />
  <attribute name="Current GC Util" value="12" />
  <attribute name= "Current Time Running" value="198001" />
  <attribute name ="GC Interval" value="0" />
  <attribute name="Target GC Util Change" value ="80.000000" />
  <attribute name="Current GC Util Change" value="12.000000"/>
  <attribute name="Current Error" value="-329.000000" />
  <attribute name="Output H" value="62858792"/>
  <attribute name="Output I" value="1632"/>
  <attribute name="Output T" value="16"/>
  <attribute name= "Current Time Running" value="198001" />
  <attribute name="GC Util currently" value="12" />
  <attribute name="CPU Util currently" value="17137129813" />
<allocation-satisfied id="6668" threadId="00000000023ECF00" bytesRequested="248" />
<af-end id="6669" timestamp="2019-08-09T18:54:18.058" threadId="00000000023ED888" success="true" />
<exclusive-end id="6670" timestamp="2019-08-09T18:54:18.058" durationms="79.098" />

<exclusive-start id="6671" timestamp="2019-08-09T18:54:18.071" intervalms="91.964">
  <response-info timems="0.020" idlems="0.020" threads="0" lastid="00000000023ECF00" lastname="main" />
</exclusive-start>
<af-start id="6672" threadId="00000000023ED888" totalBytesRequested="184" timestamp="2019-08-09T18:54:18.071" intervalms="91.954" />
<cycle-start id="6673" type="global" contextid="0" timestamp="2019-08-09T18:54:18.071" intervalms="91.961" />
<gc-start id="6674" type="global" contextid="6673" timestamp="2019-08-09T18:54:18.071">
  <mem-info id="6675" free="628736" total="62914560" percent="0">
    <mem type="tenure" free="628736" total="62914560" percent="0">
      <mem type="soa" free="0" total="62285824" percent="0" />
      <mem type="loa" free="628736" total="628736" percent="100" />
    </mem>
  </mem-info>
</gc-start>
<allocation-stats totalBytes="44381208" >
  <allocated-bytes non-tlh="0" tlh="44381208" />
  <largest-consumer threadName="main" threadId="00000000023ECF00" bytes="44381208" />
</allocation-stats>
<gc-op id="6676" type="mark" timems="9.126" contextid="6673" timestamp="2019-08-09T18:54:18.080">
  <trace-info objectcount="596317" scancount="517310" scanbytes="13275320" />
  <finalization candidates="80" enqueued="0" />
  <ownableSynchronizers candidates="21" cleared="0" />
  <references type="soft" candidates="1843" cleared="0" enqueued="0" dynamicThreshold="22" maxThreshold="32" />
  <references type="weak" candidates="5722" cleared="0" enqueued="0" />
  <references type="phantom" candidates="97" cleared="0" enqueued="0" />
  <stringconstants candidates="13275" cleared="0"  />
</gc-op>
<gc-op id="6677" type="sweep" timems="1.656" contextid="6673" timestamp="2019-08-09T18:54:18.082" />
<mem-info id="6678" free="45042840" total="62914560" percent="71">
  <mem type="tenure" free="45042840" total="62914560" percent="71" micro-fragmented="0" macro-fragmented="0">
    <mem type="soa" free="44414104" total="62285824" percent="71" />
    <mem type="loa" free="628736" total="628736" percent="100" />
  </mem>
</mem-info>
<gc-op id="6679" type="compact" timems="44.429" contextid="6673" timestamp="2019-08-09T18:54:18.126">
  <compact-info movecount="418" movebytes="10816" reason="compact to aid heap contraction" />
</gc-op>
<heap-resize id="6680" type="expand" space="tenure" amount="131072" count="1" timems="0.022" reason="satisfy allocation request" timestamp="2019-08-09T18:54:18.128" />
<gc-end id="6681" type="global" contextid="6673" durationms="57.197" usertimems="78.694" systemtimems="7.450" timestamp="2019-08-09T18:54:18.128" activeThreads="16">
  <mem-info id="6682" free="45109104" total="63045632" percent="71">
    <mem type="tenure" free="45109104" total="63045632" percent="71">
      <mem type="soa" free="44479344" total="62415872" percent="71" />
      <mem type="loa" free="629760" total="629760" percent="100" />
    </mem>
  </mem-info>
</gc-end>
<cycle-end id="6683" type="global" contextid="6673" timestamp="2019-08-09T18:54:18.128" />
  <attribute name="elasticGC enabled" value="1" />
  <attribute name= "numThreadsSpecified" value="16" />
  <attribute name="heapSize specified" value="62914560" />
  <attribute name="Current GC Util" value="20" />
  <attribute name= "Current Time Running" value="198070" />
  <attribute name ="GC Interval" value="0" />
  <attribute name="Target GC Util Change" value ="80.000000" />
  <attribute name="Current GC Util Change" value="20.000000"/>
  <attribute name="Current Error" value="60.000000" />
  <attribute name="Output H" value="62990312"/>
  <attribute name="Output I" value="2080"/>
  <attribute name="Output T" value="16"/>
  <attribute name= "Current Time Running" value="198070" />
  <attribute name="GC Util currently" value="20" />
  <attribute name="CPU Util currently" value="25932618054" />
<allocation-satisfied id="6684" threadId="00000000023ECF00" bytesRequested="184" />
<af-end id="6685" timestamp="2019-08-09T18:54:18.128" threadId="00000000023ED888" success="true" />
<exclusive-end id="6686" timestamp="2019-08-09T18:54:18.128" durationms="57.417" />

<exclusive-start id="6687" timestamp="2019-08-09T18:54:18.138" intervalms="67.557">
  <response-info timems="0.020" idlems="0.020" threads="0" lastid="00000000023ECF00" lastname="main" />
</exclusive-start>
<af-start id="6688" threadId="00000000023ED888" totalBytesRequested="280" timestamp="2019-08-09T18:54:18.139" intervalms="67.550" />
<cycle-start id="6689" type="global" contextid="0" timestamp="2019-08-09T18:54:18.139" intervalms="67.543" />
<gc-start id="6690" type="global" contextid="6689" timestamp="2019-08-09T18:54:18.139">
  <mem-info id="6691" free="629760" total="63045632" percent="0">
    <mem type="tenure" free="629760" total="63045632" percent="0">
      <mem type="soa" free="0" total="62415872" percent="0" />
      <mem type="loa" free="629760" total="629760" percent="100" />
    </mem>
  </mem-info>
</gc-start>
<allocation-stats totalBytes="44504520" >
  <allocated-bytes non-tlh="0" tlh="44504520" />
  <largest-consumer threadName="main" threadId="00000000023ECF00" bytes="44504520" />
</allocation-stats>
<gc-op id="6692" type="mark" timems="13.877" contextid="6689" timestamp="2019-08-09T18:54:18.152">
  <trace-info objectcount="596317" scancount="517313" scanbytes="13275320" />
  <finalization candidates="80" enqueued="0" />
  <ownableSynchronizers candidates="21" cleared="0" />
  <references type="soft" candidates="1843" cleared="0" enqueued="0" dynamicThreshold="22" maxThreshold="32" />
  <references type="weak" candidates="5722" cleared="0" enqueued="0" />
  <references type="phantom" candidates="97" cleared="0" enqueued="0" />
  <stringconstants candidates="13275" cleared="0"  />
</gc-op>
<gc-op id="6693" type="sweep" timems="4.334" contextid="6689" timestamp="2019-08-09T18:54:18.157" />
<mem-info id="6694" free="45174360" total="63045632" percent="71">
  <mem type="tenure" free="45174360" total="63045632" percent="71" micro-fragmented="0" macro-fragmented="0">
    <mem type="soa" free="44544600" total="62415872" percent="71" />
    <mem type="loa" free="629760" total="629760" percent="100" />
  </mem>
</mem-info>
<gc-op id="6695" type="compact" timems="49.370" contextid="6689" timestamp="2019-08-09T18:54:18.206">
  <compact-info movecount="6" movebytes="408" reason="compact to aid heap contraction" />
</gc-op>
<heap-resize id="6696" type="expand" space="tenure" amount="131072" count="1" timems="0.021" reason="satisfy allocation request" timestamp="2019-08-09T18:54:18.208" />
<gc-end id="6697" type="global" contextid="6689" durationms="69.697" usertimems="78.374" systemtimems="8.440" timestamp="2019-08-09T18:54:18.208" activeThreads="16">
  <mem-info id="6698" free="45240080" total="63176704" percent="71">
    <mem type="tenure" free="45240080" total="63176704" percent="71">
      <mem type="soa" free="44609296" total="62545920" percent="71" />
      <mem type="loa" free="630784" total="630784" percent="100" />
    </mem>
  </mem-info>
</gc-end>
<cycle-end id="6699" type="global" contextid="6689" timestamp="2019-08-09T18:54:18.208" />
  <attribute name="elasticGC enabled" value="1" />
  <attribute name= "numThreadsSpecified" value="16" />
  <attribute name="heapSize specified" value="63045632" />
  <attribute name="Current GC Util" value="18" />
  <attribute name= "Current Time Running" value="198150" />
  <attribute name ="GC Interval" value="0" />
  <attribute name="Target GC Util Change" value ="80.000000" />
  <attribute name="Current GC Util Change" value="18.000000"/>
  <attribute name="Current Error" value="-299.000000" />
  <attribute name="Output H" value="63120968"/>
  <attribute name="Output I" value="1664"/>
  <attribute name="Output T" value="16"/>
  <attribute name= "Current Time Running" value="198150" />
  <attribute name="GC Util currently" value="18" />
  <attribute name="CPU Util currently" value="23335852370" />
<allocation-satisfied id="6700" threadId="00000000023ECF00" bytesRequested="280" />
<af-end id="6701" timestamp="2019-08-09T18:54:18.208" threadId="00000000023ED888" success="true" />
<exclusive-end id="6702" timestamp="2019-08-09T18:54:18.208" durationms="69.925" />

<exclusive-start id="6703" timestamp="2019-08-09T18:54:18.224" intervalms="85.220">
  <response-info timems="0.020" idlems="0.020" threads="0" lastid="00000000023ECF00" lastname="main" />
</exclusive-start>
<af-start id="6704" threadId="00000000023ED888" totalBytesRequested="136" timestamp="2019-08-09T18:54:18.224" intervalms="85.214" />
<cycle-start id="6705" type="global" contextid="0" timestamp="2019-08-09T18:54:18.224" intervalms="85.214" />
<gc-start id="6706" type="global" contextid="6705" timestamp="2019-08-09T18:54:18.224">
  <mem-info id="6707" free="630784" total="63176704" percent="0">
    <mem type="tenure" free="630784" total="63176704" percent="0">
      <mem type="soa" free="0" total="62545920" percent="0" />
      <mem type="loa" free="630784" total="630784" percent="100" />
    </mem>
  </mem-info>
</gc-start>
<allocation-stats totalBytes="44655608" >
  <allocated-bytes non-tlh="0" tlh="44655608" />
  <largest-consumer threadName="main" threadId="00000000023ECF00" bytes="44655608" />
</allocation-stats>
<gc-op id="6708" type="mark" timems="9.625" contextid="6705" timestamp="2019-08-09T18:54:18.233">
  <trace-info objectcount="596338" scancount="517334" scanbytes="13276436" />
  <finalization candidates="80" enqueued="0" />
  <ownableSynchronizers candidates="21" cleared="0" />
  <references type="soft" candidates="1843" cleared="0" enqueued="0" dynamicThreshold="22" maxThreshold="32" />
  <references type="weak" candidates="5722" cleared="0" enqueued="0" />
  <references type="phantom" candidates="97" cleared="0" enqueued="0" />
  <stringconstants candidates="13275" cleared="0"  />
</gc-op>
<gc-op id="6709" type="sweep" timems="1.674" contextid="6705" timestamp="2019-08-09T18:54:18.235" />
<mem-info id="6710" free="45303992" total="63176704" percent="71">
  <mem type="tenure" free="45303992" total="63176704" percent="71" micro-fragmented="0" macro-fragmented="0">
    <mem type="soa" free="44673208" total="62545920" percent="71" />
    <mem type="loa" free="630784" total="630784" percent="100" />
  </mem>
</mem-info>
<gc-op id="6711" type="compact" timems="61.563" contextid="6705" timestamp="2019-08-09T18:54:18.297">
  <compact-info movecount="438" movebytes="11736" reason="compact to aid heap contraction" />
</gc-op>
<heap-resize id="6712" type="expand" space="tenure" amount="131072" count="1" timems="0.020" reason="satisfy allocation request" timestamp="2019-08-09T18:54:18.298" />
<gc-end id="6713" type="global" contextid="6705" durationms="74.390" usertimems="99.829" systemtimems="8.582" timestamp="2019-08-09T18:54:18.298" activeThreads="16">
  <mem-info id="6714" free="45370304" total="63307776" percent="71">
    <mem type="tenure" free="45370304" total="63307776" percent="71">
      <mem type="soa" free="44737472" total="62674944" percent="71" />
      <mem type="loa" free="632832" total="632832" percent="100" />
    </mem>
  </mem-info>
</gc-end>
<cycle-end id="6715" type="global" contextid="6705" timestamp="2019-08-09T18:54:18.298" />
  <attribute name="elasticGC enabled" value="1" />
  <attribute name= "numThreadsSpecified" value="16" />
  <attribute name="heapSize specified" value="63176704" />
  <attribute name="Current GC Util" value="15" />
  <attribute name= "Current Time Running" value="198241" />
  <attribute name ="GC Interval" value="0" />
  <attribute name="Target GC Util Change" value ="80.000000" />
  <attribute name="Current GC Util Change" value="15.000000"/>
  <attribute name="Current Error" value="-389.000000" />
  <attribute name="Output H" value="63251936"/>
  <attribute name="Output I" value="1560"/>
  <attribute name="Output T" value="16"/>
  <attribute name= "Current Time Running" value="198241" />
  <attribute name="GC Util currently" value="15" />
  <attribute name="CPU Util currently" value="18713781710" />
<allocation-satisfied id="6716" threadId="00000000023ECF00" bytesRequested="136" />
<af-end id="6717" timestamp="2019-08-09T18:54:18.298" threadId="00000000023ED888" success="true" />
<exclusive-end id="6718" timestamp="2019-08-09T18:54:18.298" durationms="74.578" />

<exclusive-start id="6719" timestamp="2019-08-09T18:54:18.315" intervalms="91.430">
  <response-info timems="0.019" idlems="0.019" threads="0" lastid="00000000023ECF00" lastname="main" />
</exclusive-start>
<af-start id="6720" threadId="00000000023ED888" totalBytesRequested="24" timestamp="2019-08-09T18:54:18.315" intervalms="91.435" />
<cycle-start id="6721" type="global" contextid="0" timestamp="2019-08-09T18:54:18.315" intervalms="91.438" />
<gc-start id="6722" type="global" contextid="6721" timestamp="2019-08-09T18:54:18.315">
  <mem-info id="6723" free="632832" total="63307776" percent="0">
    <mem type="tenure" free="632832" total="63307776" percent="0">
      <mem type="soa" free="0" total="62674944" percent="0" />
      <mem type="loa" free="632832" total="632832" percent="100" />
    </mem>
  </mem-info>
</gc-start>
<allocation-stats totalBytes="44793264" >
  <allocated-bytes non-tlh="0" tlh="44793264" />
  <largest-consumer threadName="main" threadId="00000000023ECF00" bytes="44793264" />
</allocation-stats>
<gc-op id="6724" type="mark" timems="11.149" contextid="6721" timestamp="2019-08-09T18:54:18.326">
  <trace-info objectcount="596328" scancount="517321" scanbytes="13275932" />
  <finalization candidates="80" enqueued="0" />
  <ownableSynchronizers candidates="21" cleared="0" />
  <references type="soft" candidates="1843" cleared="0" enqueued="0" dynamicThreshold="22" maxThreshold="32" />
  <references type="weak" candidates="5722" cleared="0" enqueued="0" />
  <references type="phantom" candidates="97" cleared="0" enqueued="0" />
  <stringconstants candidates="13275" cleared="0"  />
</gc-op>
<gc-op id="6725" type="sweep" timems="2.724" contextid="6721" timestamp="2019-08-09T18:54:18.329" />
<mem-info id="6726" free="45436304" total="63307776" percent="71">
  <mem type="tenure" free="45436304" total="63307776" percent="71" micro-fragmented="0" macro-fragmented="0">
    <mem type="soa" free="44803472" total="62674944" percent="71" />
    <mem type="loa" free="632832" total="632832" percent="100" />
  </mem>
</mem-info>
<gc-op id="6727" type="compact" timems="46.001" contextid="6721" timestamp="2019-08-09T18:54:18.375">
  <compact-info movecount="16" movebytes="704" reason="compact to aid heap contraction" />
</gc-op>
<heap-resize id="6728" type="expand" space="tenure" amount="131072" count="1" timems="0.023" reason="satisfy allocation request" timestamp="2019-08-09T18:54:18.376" />
<gc-end id="6729" type="global" contextid="6721" durationms="61.257" usertimems="86.120" systemtimems="15.685" timestamp="2019-08-09T18:54:18.376" activeThreads="16">
  <mem-info id="6730" free="45501880" total="63438848" percent="71">
    <mem type="tenure" free="45501880" total="63438848" percent="71">
      <mem type="soa" free="44868024" total="62804992" percent="71" />
      <mem type="loa" free="633856" total="633856" percent="100" />
    </mem>
  </mem-info>
</gc-end>
<cycle-end id="6731" type="global" contextid="6721" timestamp="2019-08-09T18:54:18.377" />
  <attribute name="elasticGC enabled" value="1" />
  <attribute name= "numThreadsSpecified" value="16" />
  <attribute name="heapSize specified" value="63307776" />
  <attribute name="Current GC Util" value="33" />
  <attribute name= "Current Time Running" value="198319" />
  <attribute name ="GC Interval" value="0" />
  <attribute name="Target GC Util Change" value ="80.000000" />
  <attribute name="Current GC Util Change" value="33.000000"/>
  <attribute name="Current Error" value="47.000000" />
  <attribute name="Output H" value="63383512"/>
  <attribute name="Output I" value="2064"/>
  <attribute name="Output T" value="16"/>
  <attribute name= "Current Time Running" value="198319" />
  <attribute name="GC Util currently" value="33" />
  <attribute name="CPU Util currently" value="25031553232" />
<allocation-satisfied id="6732" threadId="00000000023ECF00" bytesRequested="24" />
<af-end id="6733" timestamp="2019-08-09T18:54:18.377" threadId="00000000023ED888" success="true" />
<exclusive-end id="6734" timestamp="2019-08-09T18:54:18.377" durationms="61.473" />

<exclusive-start id="6735" timestamp="2019-08-09T18:54:18.596" intervalms="281.382">
  <response-info timems="0.025" idlems="0.025" threads="0" lastid="00000000023ECF00" lastname="main" />
</exclusive-start>
<af-start id="6736" threadId="00000000023ED888" totalBytesRequested="13536" timestamp="2019-08-09T18:54:18.597" intervalms="281.391" />
<cycle-start id="6737" type="global" contextid="0" timestamp="2019-08-09T18:54:18.597" intervalms="281.399" />
<gc-start id="6738" type="global" contextid="6737" timestamp="2019-08-09T18:54:18.597">
  <mem-info id="6739" free="633856" total="63438848" percent="0">
    <mem type="tenure" free="633856" total="63438848" percent="0">
      <mem type="soa" free="0" total="62804992" percent="0" />
      <mem type="loa" free="633856" total="633856" percent="100" />
    </mem>
  </mem-info>
</gc-start>
<allocation-stats totalBytes="42823224" >
  <allocated-bytes non-tlh="0" tlh="42823224" />
  <largest-consumer threadName="main" threadId="00000000023ECF00" bytes="42823224" />
</allocation-stats>
<gc-op id="6740" type="mark" timems="24.357" contextid="6737" timestamp="2019-08-09T18:54:18.621">
  <trace-info objectcount="596338" scancount="517332" scanbytes="13309884" />
  <finalization candidates="80" enqueued="0" />
  <ownableSynchronizers candidates="21" cleared="0" />
  <references type="soft" candidates="1843" cleared="0" enqueued="0" dynamicThreshold="22" maxThreshold="32" />
  <references type="weak" candidates="5722" cleared="0" enqueued="0" />
  <references type="phantom" candidates="97" cleared="0" enqueued="0" />
  <stringconstants candidates="13275" cleared="0"  />
</gc-op>
<gc-op id="6741" type="sweep" timems="2.869" contextid="6737" timestamp="2019-08-09T18:54:18.624" />
<mem-info id="6742" free="45530448" total="63438848" percent="71">
  <mem type="tenure" free="45530448" total="63438848" percent="71" micro-fragmented="0" macro-fragmented="0">
    <mem type="soa" free="44896592" total="62804992" percent="71" />
    <mem type="loa" free="633856" total="633856" percent="100" />
  </mem>
</mem-info>
<gc-op id="6743" type="compact" timems="27.650" contextid="6737" timestamp="2019-08-09T18:54:18.652">
  <compact-info movecount="437" movebytes="45192" reason="compact to aid heap contraction" />
</gc-op>
<heap-resize id="6744" type="expand" space="tenure" amount="131072" count="1" timems="0.019" reason="satisfy allocation request" timestamp="2019-08-09T18:54:18.653" />
<gc-end id="6745" type="global" contextid="6737" durationms="56.030" usertimems="105.325" systemtimems="0.000" timestamp="2019-08-09T18:54:18.653" activeThreads="16">
  <mem-info id="6746" free="45598968" total="63569920" percent="71">
    <mem type="tenure" free="45598968" total="63569920" percent="71">
      <mem type="soa" free="44964088" total="62935040" percent="71" />
      <mem type="loa" free="634880" total="634880" percent="100" />
    </mem>
  </mem-info>
</gc-end>
<cycle-end id="6747" type="global" contextid="6737" timestamp="2019-08-09T18:54:18.653" />
  <attribute name="elasticGC enabled" value="1" />
  <attribute name= "numThreadsSpecified" value="16" />
  <attribute name="heapSize specified" value="63438848" />
  <attribute name="Current GC Util" value="52" />
  <attribute name= "Current Time Running" value="198596" />
  <attribute name ="GC Interval" value="0" />
  <attribute name="Target GC Util Change" value ="80.000000" />
  <attribute name="Current GC Util Change" value="52.000000"/>
  <attribute name="Current Error" value="-41.000000" />
  <attribute name="Output H" value="63514488"/>
  <attribute name="Output I" value="1968"/>
  <attribute name="Output T" value="16"/>
  <attribute name= "Current Time Running" value="198596" />
  <attribute name="GC Util currently" value="52" />
  <attribute name="CPU Util currently" value="41648887898" />
<allocation-satisfied id="6748" threadId="00000000023ECF00" bytesRequested="13536" />
<af-end id="6749" timestamp="2019-08-09T18:54:18.653" threadId="00000000023ED888" success="true" />
<exclusive-end id="6750" timestamp="2019-08-09T18:54:18.653" durationms="56.600" />

<exclusive-start id="6751" timestamp="2019-08-09T18:54:18.721" intervalms="124.327">
  <response-info timems="0.028" idlems="0.028" threads="0" lastid="00000000023ECF00" lastname="main" />
</exclusive-start>
<af-start id="6752" threadId="00000000023ED888" totalBytesRequested="32" timestamp="2019-08-09T18:54:18.721" intervalms="124.314" />
<cycle-start id="6753" type="global" contextid="0" timestamp="2019-08-09T18:54:18.721" intervalms="124.303" />
<gc-start id="6754" type="global" contextid="6753" timestamp="2019-08-09T18:54:18.721">
  <mem-info id="6755" free="634880" total="63569920" percent="0">
    <mem type="tenure" free="634880" total="63569920" percent="0">
      <mem type="soa" free="0" total="62935040" percent="0" />
      <mem type="loa" free="634880" total="634880" percent="100" />
    </mem>
  </mem-info>
</gc-start>
<allocation-stats totalBytes="45025696" >
  <allocated-bytes non-tlh="0" tlh="45025696" />
  <largest-consumer threadName="main" threadId="00000000023ECF00" bytes="45025696" />
</allocation-stats>
<gc-op id="6756" type="mark" timems="20.231" contextid="6753" timestamp="2019-08-09T18:54:18.741">
  <trace-info objectcount="596433" scancount="517426" scanbytes="13282188" />
  <finalization candidates="80" enqueued="0" />
  <ownableSynchronizers candidates="21" cleared="0" />
  <references type="soft" candidates="1843" cleared="0" enqueued="0" dynamicThreshold="22" maxThreshold="32" />
  <references type="weak" candidates="5722" cleared="0" enqueued="0" />
  <references type="phantom" candidates="97" cleared="0" enqueued="0" />
  <stringconstants candidates="13275" cleared="0"  />
</gc-op>
<gc-op id="6757" type="sweep" timems="2.633" contextid="6753" timestamp="2019-08-09T18:54:18.744" />
<mem-info id="6758" free="45691192" total="63569920" percent="71">
  <mem type="tenure" free="45691192" total="63569920" percent="71" micro-fragmented="0" macro-fragmented="0">
    <mem type="soa" free="45056312" total="62935040" percent="71" />
    <mem type="loa" free="634880" total="634880" percent="100" />
  </mem>
</mem-info>
<gc-op id="6759" type="compact" timems="42.114" contextid="6753" timestamp="2019-08-09T18:54:18.786">
  <compact-info movecount="526" movebytes="17352" reason="compact to aid heap contraction" />
</gc-op>
<heap-resize id="6760" type="expand" space="tenure" amount="131072" count="1" timems="0.021" reason="satisfy allocation request" timestamp="2019-08-09T18:54:18.786" />
<gc-end id="6761" type="global" contextid="6753" durationms="65.500" usertimems="86.967" systemtimems="0.000" timestamp="2019-08-09T18:54:18.787" activeThreads="1">
  <mem-info id="6762" free="45757736" total="63700992" percent="71">
    <mem type="tenure" free="45757736" total="63700992" percent="71">
      <mem type="soa" free="45120808" total="63064064" percent="71" />
      <mem type="loa" free="636928" total="636928" percent="100" />
    </mem>
  </mem-info>
</gc-end>
<cycle-end id="6763" type="global" contextid="6753" timestamp="2019-08-09T18:54:18.787" />
  <attribute name="elasticGC enabled" value="1" />
  <attribute name= "numThreadsSpecified" value="1" />
  <attribute name="heapSize specified" value="63569920" />
  <attribute name="Current GC Util" value="20" />
  <attribute name= "Current Time Running" value="198730" />
  <attribute name ="GC Interval" value="0" />
  <attribute name="Target GC Util Change" value ="80.000000" />
  <attribute name="Current GC Util Change" value="20.000000"/>
  <attribute name="Current Error" value="-24.000000" />
  <attribute name="Output H" value="63645576"/>
  <attribute name="Output I" value="1984"/>
  <attribute name="Output T" value="1"/>
  <attribute name= "Current Time Running" value="198730" />
  <attribute name="GC Util currently" value="20" />
  <attribute name="CPU Util currently" value="27364144115" />
<allocation-satisfied id="6764" threadId="00000000023ECF00" bytesRequested="32" />
<af-end id="6765" timestamp="2019-08-09T18:54:18.787" threadId="00000000023ED888" success="true" />
<exclusive-end id="6766" timestamp="2019-08-09T18:54:18.787" durationms="65.790" />

<exclusive-start id="6767" timestamp="2019-08-09T18:54:18.868" intervalms="146.760">
  <response-info timems="0.018" idlems="0.018" threads="0" lastid="00000000023ECF00" lastname="main" />
</exclusive-start>
<af-start id="6768" threadId="00000000023ED888" totalBytesRequested="80" timestamp="2019-08-09T18:54:18.868" intervalms="146.787" />
<cycle-start id="6769" type="global" contextid="0" timestamp="2019-08-09T18:54:18.868" intervalms="146.788" />
<gc-start id="6770" type="global" contextid="6769" timestamp="2019-08-09T18:54:18.868">
  <mem-info id="6771" free="636928" total="63700992" percent="0">
    <mem type="tenure" free="636928" total="63700992" percent="0">
      <mem type="soa" free="0" total="63064064" percent="0" />
      <mem type="loa" free="636928" total="636928" percent="100" />
    </mem>
  </mem-info>
</gc-start>
<allocation-stats totalBytes="45180800" >
  <allocated-bytes non-tlh="0" tlh="45180800" />
  <largest-consumer threadName="main" threadId="00000000023ECF00" bytes="45180800" />
</allocation-stats>
<gc-op id="6772" type="mark" timems="9.068" contextid="6769" timestamp="2019-08-09T18:54:18.877">
  <trace-info objectcount="596323" scancount="517333" scanbytes="13275512" />
  <finalization candidates="80" enqueued="0" />
  <ownableSynchronizers candidates="21" cleared="0" />
  <references type="soft" candidates="1843" cleared="0" enqueued="0" dynamicThreshold="22" maxThreshold="32" />
  <references type="weak" candidates="5722" cleared="0" enqueued="0" />
  <references type="phantom" candidates="97" cleared="0" enqueued="0" />
  <stringconstants candidates="13275" cleared="0"  />
</gc-op>
<gc-op id="6773" type="sweep" timems="1.927" contextid="6769" timestamp="2019-08-09T18:54:18.879" />
<mem-info id="6774" free="45828792" total="63700992" percent="71">
  <mem type="tenure" free="45828792" total="63700992" percent="71" micro-fragmented="0" macro-fragmented="0">
    <mem type="soa" free="45191864" total="63064064" percent="71" />
    <mem type="loa" free="636928" total="636928" percent="100" />
  </mem>
</mem-info>
<gc-op id="6775" type="compact" timems="26.659" contextid="6769" timestamp="2019-08-09T18:54:18.906">
  <compact-info movecount="415" movebytes="10656" reason="compact to aid heap contraction" />
</gc-op>
<heap-resize id="6776" type="expand" space="tenure" amount="131072" count="1" timems="0.018" reason="satisfy allocation request" timestamp="2019-08-09T18:54:18.906" />
<gc-end id="6777" type="global" contextid="6769" durationms="38.270" usertimems="62.289" systemtimems="0.000" timestamp="2019-08-09T18:54:18.906" activeThreads="16">
  <mem-info id="6778" free="45895480" total="63832064" percent="71">
    <mem type="tenure" free="45895480" total="63832064" percent="71">
      <mem type="soa" free="45257528" total="63194112" percent="71" />
      <mem type="loa" free="637952" total="637952" percent="100" />
    </mem>
  </mem-info>
</gc-end>
<cycle-end id="6779" type="global" contextid="6769" timestamp="2019-08-09T18:54:18.906" />
  <attribute name="elasticGC enabled" value="1" />
  <attribute name= "numThreadsSpecified" value="16" />
  <attribute name="heapSize specified" value="63700992" />
  <attribute name="Current GC Util" value="27" />
  <attribute name= "Current Time Running" value="198850" />
  <attribute name ="GC Interval" value="0" />
  <attribute name="Target GC Util Change" value ="80.000000" />
  <attribute name="Current GC Util Change" value="27.000000"/>
  <attribute name="Current Error" value="53.000000" />
  <attribute name="Output H" value="63776736"/>
  <attribute name="Output I" value="2072"/>
  <attribute name="Output T" value="16"/>
  <attribute name= "Current Time Running" value="198850" />
  <attribute name="GC Util currently" value="27" />
  <attribute name="CPU Util currently" value="43224863518" />
<allocation-satisfied id="6780" threadId="00000000023ECF00" bytesRequested="80" />
<af-end id="6781" timestamp="2019-08-09T18:54:18.906" threadId="00000000023ED888" success="true" />
<exclusive-end id="6782" timestamp="2019-08-09T18:54:18.906" durationms="38.609" />

<exclusive-start id="6783" timestamp="2019-08-09T18:54:18.946" intervalms="78.547">
  <response-info timems="0.023" idlems="0.023" threads="0" lastid="00000000023ECF00" lastname="main" />
</exclusive-start>
<af-start id="6784" threadId="00000000023ED888" totalBytesRequested="80" timestamp="2019-08-09T18:54:18.946" intervalms="78.557" />
<cycle-start id="6785" type="global" contextid="0" timestamp="2019-08-09T18:54:18.946" intervalms="78.565" />
<gc-start id="6786" type="global" contextid="6785" timestamp="2019-08-09T18:54:18.946">
  <mem-info id="6787" free="637952" total="63832064" percent="0">
    <mem type="tenure" free="637952" total="63832064" percent="0">
      <mem type="soa" free="0" total="63194112" percent="0" />
      <mem type="loa" free="637952" total="637952" percent="100" />
    </mem>
  </mem-info>
</gc-start>
<allocation-stats totalBytes="45315040" >
  <allocated-bytes non-tlh="0" tlh="45315040" />
  <largest-consumer threadName="main" threadId="00000000023ECF00" bytes="45315040" />
</allocation-stats>
<gc-op id="6788" type="mark" timems="8.990" contextid="6785" timestamp="2019-08-09T18:54:18.955">
  <trace-info objectcount="596338" scancount="517333" scanbytes="13276188" />
  <finalization candidates="80" enqueued="0" />
  <ownableSynchronizers candidates="21" cleared="0" />
  <references type="soft" candidates="1843" cleared="0" enqueued="0" dynamicThreshold="23" maxThreshold="32" />
  <references type="weak" candidates="5722" cleared="0" enqueued="0" />
  <references type="phantom" candidates="97" cleared="0" enqueued="0" />
  <stringconstants candidates="13275" cleared="0"  />
</gc-op>
<gc-op id="6789" type="sweep" timems="3.816" contextid="6785" timestamp="2019-08-09T18:54:18.959" />
<mem-info id="6790" free="45959144" total="63832064" percent="72">
  <mem type="tenure" free="45959144" total="63832064" percent="72" micro-fragmented="0" macro-fragmented="0">
    <mem type="soa" free="45321192" total="63194112" percent="71" />
    <mem type="loa" free="637952" total="637952" percent="100" />
  </mem>
</mem-info>
<gc-op id="6791" type="compact" timems="23.137" contextid="6785" timestamp="2019-08-09T18:54:18.982">
  <compact-info movecount="427" movebytes="11296" reason="compact to aid heap contraction" />
</gc-op>
<heap-resize id="6792" type="expand" space="tenure" amount="131072" count="1" timems="0.017" reason="satisfy allocation request" timestamp="2019-08-09T18:54:18.983" />
<gc-end id="6793" type="global" contextid="6785" durationms="36.931" usertimems="83.674" systemtimems="0.000" timestamp="2019-08-09T18:54:18.983" activeThreads="16">
  <mem-info id="6794" free="46025840" total="63963136" percent="71">
    <mem type="tenure" free="46025840" total="63963136" percent="71">
      <mem type="soa" free="45386864" total="63324160" percent="71" />
      <mem type="loa" free="638976" total="638976" percent="100" />
    </mem>
  </mem-info>
</gc-end>
<cycle-end id="6795" type="global" contextid="6785" timestamp="2019-08-09T18:54:18.983" />
  <attribute name="elasticGC enabled" value="1" />
  <attribute name= "numThreadsSpecified" value="16" />
  <attribute name="heapSize specified" value="63832064" />
  <attribute name="Current GC Util" value="36" />
  <attribute name= "Current Time Running" value="198926" />
  <attribute name ="GC Interval" value="0" />
  <attribute name="Target GC Util Change" value ="80.000000" />
  <attribute name="Current GC Util Change" value="36.000000"/>
  <attribute name="Current Error" value="-301.000000" />
  <attribute name="Output H" value="63907400"/>
  <attribute name="Output I" value="1664"/>
  <attribute name="Output T" value="16"/>
  <attribute name= "Current Time Running" value="198926" />
  <attribute name="GC Util currently" value="36" />
  <attribute name="CPU Util currently" value="49767644028" />
<allocation-satisfied id="6796" threadId="00000000023ECF00" bytesRequested="80" />
<af-end id="6797" timestamp="2019-08-09T18:54:18.983" threadId="00000000023ED888" success="true" />
<exclusive-end id="6798" timestamp="2019-08-09T18:54:18.983" durationms="37.195" />

<exclusive-start id="6799" timestamp="2019-08-09T18:54:19.019" intervalms="73.347">
  <response-info timems="0.018" idlems="0.018" threads="0" lastid="00000000023ECF00" lastname="main" />
</exclusive-start>
<af-start id="6800" threadId="00000000023ED888" totalBytesRequested="32" timestamp="2019-08-09T18:54:19.020" intervalms="73.309" />
<cycle-start id="6801" type="global" contextid="0" timestamp="2019-08-09T18:54:19.020" intervalms="73.318" />
<gc-start id="6802" type="global" contextid="6801" timestamp="2019-08-09T18:54:19.020">
  <mem-info id="6803" free="638976" total="63963136" percent="0">
    <mem type="tenure" free="638976" total="63963136" percent="0">
      <mem type="soa" free="0" total="63324160" percent="0" />
      <mem type="loa" free="638976" total="638976" percent="100" />
    </mem>
  </mem-info>
</gc-start>
<allocation-stats totalBytes="45434616" >
  <allocated-bytes non-tlh="0" tlh="45434616" />
  <largest-consumer threadName="main" threadId="00000000023ECF00" bytes="45434616" />
</allocation-stats>
<gc-op id="6804" type="mark" timems="8.936" contextid="6801" timestamp="2019-08-09T18:54:19.029">
  <trace-info objectcount="596332" scancount="517327" scanbytes="13275800" />
  <finalization candidates="80" enqueued="0" />
  <ownableSynchronizers candidates="21" cleared="0" />
  <references type="soft" candidates="1843" cleared="0" enqueued="0" dynamicThreshold="23" maxThreshold="32" />
  <references type="weak" candidates="5722" cleared="0" enqueued="0" />
  <references type="phantom" candidates="97" cleared="0" enqueued="0" />
  <stringconstants candidates="13275" cleared="0"  />
</gc-op>
<gc-op id="6805" type="sweep" timems="1.600" contextid="6801" timestamp="2019-08-09T18:54:19.030" />
<mem-info id="6806" free="46090576" total="63963136" percent="72">
  <mem type="tenure" free="46090576" total="63963136" percent="72" micro-fragmented="0" macro-fragmented="0">
    <mem type="soa" free="45451600" total="63324160" percent="71" />
    <mem type="loa" free="638976" total="638976" percent="100" />
  </mem>
</mem-info>
<gc-op id="6807" type="compact" timems="23.259" contextid="6801" timestamp="2019-08-09T18:54:19.054">
  <compact-info movecount="419" movebytes="10840" reason="compact to aid heap contraction" />
</gc-op>
<heap-resize id="6808" type="expand" space="tenure" amount="131072" count="1" timems="0.017" reason="satisfy allocation request" timestamp="2019-08-09T18:54:19.054" />
<gc-end id="6809" type="global" contextid="6801" durationms="34.626" usertimems="77.377" systemtimems="0.000" timestamp="2019-08-09T18:54:19.054" activeThreads="16">
  <mem-info id="6810" free="46157320" total="64094208" percent="72">
    <mem type="tenure" free="46157320" total="64094208" percent="72">
      <mem type="soa" free="45517320" total="63454208" percent="71" />
      <mem type="loa" free="640000" total="640000" percent="100" />
    </mem>
  </mem-info>
</gc-end>
<cycle-end id="6811" type="global" contextid="6801" timestamp="2019-08-09T18:54:19.054" />
  <attribute name="elasticGC enabled" value="1" />
  <attribute name= "numThreadsSpecified" value="16" />
  <attribute name="heapSize specified" value="63963136" />
  <attribute name="Current GC Util" value="40" />
  <attribute name= "Current Time Running" value="198997" />
  <attribute name ="GC Interval" value="0" />
  <attribute name="Target GC Util Change" value ="80.000000" />
  <attribute name="Current GC Util Change" value="40.000000"/>
  <attribute name="Current Error" value="-383.000000" />
  <attribute name="Output H" value="64038376"/>
  <attribute name="Output I" value="1568"/>
  <attribute name="Output T" value="16"/>
  <attribute name= "Current Time Running" value="198997" />
  <attribute name="GC Util currently" value="40" />
  <attribute name="CPU Util currently" value="49481516836" />
<allocation-satisfied id="6812" threadId="00000000023ECF00" bytesRequested="32" />
<af-end id="6813" timestamp="2019-08-09T18:54:19.054" threadId="00000000023ED888" success="true" />
<exclusive-end id="6814" timestamp="2019-08-09T18:54:19.054" durationms="34.853" />

<exclusive-start id="6815" timestamp="2019-08-09T18:54:19.110" intervalms="90.990">
  <response-info timems="0.018" idlems="0.018" threads="0" lastid="00000000023ECF00" lastname="main" />
</exclusive-start>
<af-start id="6816" threadId="00000000023ED888" totalBytesRequested="24" timestamp="2019-08-09T18:54:19.111" intervalms="90.992" />
<cycle-start id="6817" type="global" contextid="0" timestamp="2019-08-09T18:54:19.111" intervalms="90.974" />
<gc-start id="6818" type="global" contextid="6817" timestamp="2019-08-09T18:54:19.111">
  <mem-info id="6819" free="640000" total="64094208" percent="0">
    <mem type="tenure" free="640000" total="64094208" percent="0">
      <mem type="soa" free="0" total="63454208" percent="0" />
      <mem type="loa" free="640000" total="640000" percent="100" />
    </mem>
  </mem-info>
</gc-start>
<allocation-stats totalBytes="45578832" >
  <allocated-bytes non-tlh="0" tlh="45578832" />
  <largest-consumer threadName="main" threadId="00000000023ECF00" bytes="45578832" />
</allocation-stats>
<gc-op id="6820" type="mark" timems="9.833" contextid="6817" timestamp="2019-08-09T18:54:19.120">
  <trace-info objectcount="596333" scancount="517328" scanbytes="13275828" />
  <finalization candidates="80" enqueued="0" />
  <ownableSynchronizers candidates="21" cleared="0" />
  <references type="soft" candidates="1843" cleared="0" enqueued="0" dynamicThreshold="23" maxThreshold="32" />
  <references type="weak" candidates="5722" cleared="0" enqueued="0" />
  <references type="phantom" candidates="97" cleared="0" enqueued="0" />
  <stringconstants candidates="13275" cleared="0"  />
</gc-op>
<gc-op id="6821" type="sweep" timems="1.990" contextid="6817" timestamp="2019-08-09T18:54:19.122" />
<mem-info id="6822" free="46221936" total="64094208" percent="72">
  <mem type="tenure" free="46221936" total="64094208" percent="72" micro-fragmented="0" macro-fragmented="0">
    <mem type="soa" free="45581936" total="63454208" percent="71" />
    <mem type="loa" free="640000" total="640000" percent="100" />
  </mem>
</mem-info>
<gc-op id="6823" type="compact" timems="34.324" contextid="6817" timestamp="2019-08-09T18:54:19.157">
  <compact-info movecount="419" movebytes="10848" reason="compact to aid heap contraction" />
</gc-op>
<heap-resize id="6824" type="expand" space="tenure" amount="131072" count="1" timems="0.022" reason="satisfy allocation request" timestamp="2019-08-09T18:54:19.158" />
<gc-end id="6825" type="global" contextid="6817" durationms="47.342" usertimems="83.732" systemtimems="0.000" timestamp="2019-08-09T18:54:19.158" activeThreads="16">
  <mem-info id="6826" free="46288360" total="64225280" percent="72">
    <mem type="tenure" free="46288360" total="64225280" percent="72">
      <mem type="soa" free="45646312" total="63583232" percent="71" />
      <mem type="loa" free="642048" total="642048" percent="100" />
    </mem>
  </mem-info>
</gc-end>
<cycle-end id="6827" type="global" contextid="6817" timestamp="2019-08-09T18:54:19.158" />
  <attribute name="elasticGC enabled" value="1" />
  <attribute name= "numThreadsSpecified" value="16" />
  <attribute name="heapSize specified" value="64094208" />
  <attribute name="Current GC Util" value="22" />
  <attribute name= "Current Time Running" value="199101" />
  <attribute name ="GC Interval" value="0" />
  <attribute name="Target GC Util Change" value ="80.000000" />
  <attribute name="Current GC Util Change" value="22.000000"/>
  <attribute name="Current Error" value="58.000000" />
  <attribute name="Output H" value="64169960"/>
  <attribute name="Output I" value="2080"/>
  <attribute name="Output T" value="16"/>
  <attribute name= "Current Time Running" value="199101" />
  <attribute name="GC Util currently" value="22" />
  <attribute name="CPU Util currently" value="33538792768" />
<allocation-satisfied id="6828" threadId="00000000023ECF00" bytesRequested="24" />
<af-end id="6829" timestamp="2019-08-09T18:54:19.158" threadId="00000000023ED888" success="true" />
<exclusive-end id="6830" timestamp="2019-08-09T18:54:19.158" durationms="47.591" />

<exclusive-start id="6831" timestamp="2019-08-09T18:54:19.218" intervalms="107.590">
  <response-info timems="0.021" idlems="0.021" threads="0" lastid="00000000023ECF00" lastname="main" />
</exclusive-start>
<af-start id="6832" threadId="00000000023ED888" totalBytesRequested="16" timestamp="2019-08-09T18:54:19.218" intervalms="107.593" />
<cycle-start id="6833" type="global" contextid="0" timestamp="2019-08-09T18:54:19.218" intervalms="107.594" />
<gc-start id="6834" type="global" contextid="6833" timestamp="2019-08-09T18:54:19.218">
  <mem-info id="6835" free="642048" total="64225280" percent="0">
    <mem type="tenure" free="642048" total="64225280" percent="0">
      <mem type="soa" free="0" total="63583232" percent="0" />
      <mem type="loa" free="642048" total="642048" percent="100" />
    </mem>
  </mem-info>
</gc-start>
<allocation-stats totalBytes="45705080" >
  <allocated-bytes non-tlh="0" tlh="45705080" />
  <largest-consumer threadName="main" threadId="00000000023ECF00" bytes="45705080" />
</allocation-stats>
<gc-op id="6836" type="mark" timems="10.188" contextid="6833" timestamp="2019-08-09T18:54:19.228">
  <trace-info objectcount="596339" scancount="517335" scanbytes="13275980" />
  <finalization candidates="80" enqueued="0" />
  <ownableSynchronizers candidates="21" cleared="0" />
  <references type="soft" candidates="1843" cleared="0" enqueued="0" dynamicThreshold="23" maxThreshold="32" />
  <references type="weak" candidates="5722" cleared="0" enqueued="0" />
  <references type="phantom" candidates="97" cleared="0" enqueued="0" />
  <stringconstants candidates="13275" cleared="0"  />
</gc-op>
<gc-op id="6837" type="sweep" timems="1.082" contextid="6833" timestamp="2019-08-09T18:54:19.230" />
<mem-info id="6838" free="46352608" total="64225280" percent="72">
  <mem type="tenure" free="46352608" total="64225280" percent="72" micro-fragmented="0" macro-fragmented="0">
    <mem type="soa" free="45710560" total="63583232" percent="71" />
    <mem type="loa" free="642048" total="642048" percent="100" />
  </mem>
</mem-info>
<gc-op id="6839" type="compact" timems="25.393" contextid="6833" timestamp="2019-08-09T18:54:19.255">
  <compact-info movecount="424" movebytes="10984" reason="compact to aid heap contraction" />
</gc-op>
<heap-resize id="6840" type="expand" space="tenure" amount="131072" count="1" timems="0.018" reason="satisfy allocation request" timestamp="2019-08-09T18:54:19.256" />
<gc-end id="6841" type="global" contextid="6833" durationms="37.810" usertimems="76.376" systemtimems="0.000" timestamp="2019-08-09T18:54:19.256" activeThreads="16">
  <mem-info id="6842" free="46419272" total="64356352" percent="72">
    <mem type="tenure" free="46419272" total="64356352" percent="72">
      <mem type="soa" free="45776200" total="63713280" percent="71" />
      <mem type="loa" free="643072" total="643072" percent="100" />
    </mem>
  </mem-info>
</gc-end>
<cycle-end id="6843" type="global" contextid="6833" timestamp="2019-08-09T18:54:19.256" />
  <attribute name="elasticGC enabled" value="1" />
  <attribute name= "numThreadsSpecified" value="16" />
  <attribute name="heapSize specified" value="64225280" />
  <attribute name="Current GC Util" value="43" />
  <attribute name= "Current Time Running" value="199199" />
  <attribute name ="GC Interval" value="0" />
  <attribute name="Target GC Util Change" value ="80.000000" />
  <attribute name="Current GC Util Change" value="43.000000"/>
  <attribute name="Current Error" value="-134.000000" />
  <attribute name="Output H" value="64300808"/>
  <attribute name="Output I" value="1856"/>
  <attribute name="Output T" value="16"/>
  <attribute name= "Current Time Running" value="199199" />
  <attribute name="GC Util currently" value="43" />
  <attribute name="CPU Util currently" value="45321717411" />
<allocation-satisfied id="6844" threadId="00000000023ECF00" bytesRequested="16" />
<af-end id="6845" timestamp="2019-08-09T18:54:19.256" threadId="00000000023ED888" success="true" />
<exclusive-end id="6846" timestamp="2019-08-09T18:54:19.256" durationms="38.025" />

<exclusive-start id="6847" timestamp="2019-08-09T18:54:19.296" intervalms="78.279">
  <response-info timems="0.020" idlems="0.020" threads="0" lastid="00000000023ECF00" lastname="main" />
</exclusive-start>
<af-start id="6848" threadId="00000000023ED888" totalBytesRequested="32" timestamp="2019-08-09T18:54:19.296" intervalms="78.277" />
<cycle-start id="6849" type="global" contextid="0" timestamp="2019-08-09T18:54:19.296" intervalms="78.276" />
<gc-start id="6850" type="global" contextid="6849" timestamp="2019-08-09T18:54:19.296">
  <mem-info id="6851" free="643072" total="64356352" percent="0">
    <mem type="tenure" free="643072" total="64356352" percent="0">
      <mem type="soa" free="0" total="63713280" percent="0" />
      <mem type="loa" free="643072" total="643072" percent="100" />
    </mem>
  </mem-info>
</gc-start>
<allocation-stats totalBytes="45839040" >
  <allocated-bytes non-tlh="0" tlh="45839040" />
  <largest-consumer threadName="main" threadId="00000000023ECF00" bytes="45839040" />
</allocation-stats>
<gc-op id="6852" type="mark" timems="8.087" contextid="6849" timestamp="2019-08-09T18:54:19.305">
  <trace-info objectcount="596333" scancount="517331" scanbytes="13275820" />
  <finalization candidates="80" enqueued="0" />
  <ownableSynchronizers candidates="21" cleared="0" />
  <references type="soft" candidates="1843" cleared="0" enqueued="0" dynamicThreshold="23" maxThreshold="32" />
  <references type="weak" candidates="5722" cleared="0" enqueued="0" />
  <references type="phantom" candidates="97" cleared="0" enqueued="0" />
  <stringconstants candidates="13275" cleared="0"  />
</gc-op>
<gc-op id="6853" type="sweep" timems="1.359" contextid="6849" timestamp="2019-08-09T18:54:19.306" />
<mem-info id="6854" free="46483520" total="64356352" percent="72">
  <mem type="tenure" free="46483520" total="64356352" percent="72" micro-fragmented="0" macro-fragmented="0">
    <mem type="soa" free="45840448" total="63713280" percent="71" />
    <mem type="loa" free="643072" total="643072" percent="100" />
  </mem>
</mem-info>
<gc-op id="6855" type="compact" timems="21.700" contextid="6849" timestamp="2019-08-09T18:54:19.328">
  <compact-info movecount="417" movebytes="10800" reason="compact to aid heap contraction" />
</gc-op>
<heap-resize id="6856" type="expand" space="tenure" amount="131072" count="1" timems="0.017" reason="satisfy allocation request" timestamp="2019-08-09T18:54:19.328" />
<gc-end id="6857" type="global" contextid="6849" durationms="31.965" usertimems="66.077" systemtimems="0.000" timestamp="2019-08-09T18:54:19.328" activeThreads="16">
  <mem-info id="6858" free="46550504" total="64487424" percent="72">
    <mem type="tenure" free="46550504" total="64487424" percent="72">
      <mem type="soa" free="45906408" total="63843328" percent="71" />
      <mem type="loa" free="644096" total="644096" percent="100" />
    </mem>
  </mem-info>
</gc-end>
<cycle-end id="6859" type="global" contextid="6849" timestamp="2019-08-09T18:54:19.329" />
  <attribute name="elasticGC enabled" value="1" />
  <attribute name= "numThreadsSpecified" value="16" />
  <attribute name="heapSize specified" value="64356352" />
  <attribute name="Current GC Util" value="35" />
  <attribute name= "Current Time Running" value="199272" />
  <attribute name ="GC Interval" value="0" />
  <attribute name="Target GC Util Change" value ="80.000000" />
  <attribute name="Current GC Util Change" value="35.000000"/>
  <attribute name="Current Error" value="-277.000000" />
  <attribute name="Output H" value="64431720"/>
  <attribute name="Output I" value="1696"/>
  <attribute name="Output T" value="16"/>
  <attribute name= "Current Time Running" value="199272" />
  <attribute name="GC Util currently" value="35" />
  <attribute name="CPU Util currently" value="53040076704" />
<allocation-satisfied id="6860" threadId="00000000023ECF00" bytesRequested="32" />
<af-end id="6861" timestamp="2019-08-09T18:54:19.329" threadId="00000000023ED888" success="true" />
<exclusive-end id="6862" timestamp="2019-08-09T18:54:19.329" durationms="32.259" />

<exclusive-start id="6863" timestamp="2019-08-09T18:54:19.451" intervalms="155.049">
  <response-info timems="0.020" idlems="0.020" threads="0" lastid="00000000023ECF00" lastname="main" />
</exclusive-start>
<af-start id="6864" threadId="00000000023ED888" totalBytesRequested="32" timestamp="2019-08-09T18:54:19.451" intervalms="155.053" />
<cycle-start id="6865" type="global" contextid="0" timestamp="2019-08-09T18:54:19.451" intervalms="155.053" />
<gc-start id="6866" type="global" contextid="6865" timestamp="2019-08-09T18:54:19.452">
  <mem-info id="6867" free="644096" total="64487424" percent="0">
    <mem type="tenure" free="644096" total="64487424" percent="0">
      <mem type="soa" free="0" total="63843328" percent="0" />
      <mem type="loa" free="644096" total="644096" percent="100" />
    </mem>
  </mem-info>
</gc-start>
<allocation-stats totalBytes="45968992" >
  <allocated-bytes non-tlh="0" tlh="45968992" />
  <largest-consumer threadName="main" threadId="00000000023ECF00" bytes="45968992" />
</allocation-stats>
<gc-op id="6868" type="mark" timems="35.164" contextid="6865" timestamp="2019-08-09T18:54:19.487">
  <trace-info objectcount="596337" scancount="517334" scanbytes="13275892" />
  <finalization candidates="80" enqueued="0" />
  <ownableSynchronizers candidates="21" cleared="0" />
  <references type="soft" candidates="1843" cleared="0" enqueued="0" dynamicThreshold="23" maxThreshold="32" />
  <references type="weak" candidates="5722" cleared="0" enqueued="0" />
  <references type="phantom" candidates="97" cleared="0" enqueued="0" />
  <stringconstants candidates="13275" cleared="0"  />
</gc-op>
<gc-op id="6869" type="sweep" timems="4.561" contextid="6865" timestamp="2019-08-09T18:54:19.491" />
<mem-info id="6870" free="46613664" total="64487424" percent="72">
  <mem type="tenure" free="46613664" total="64487424" percent="72" micro-fragmented="0" macro-fragmented="0">
    <mem type="soa" free="45969568" total="63843328" percent="72" />
    <mem type="loa" free="644096" total="644096" percent="100" />
  </mem>
</mem-info>
<gc-op id="6871" type="compact" timems="62.467" contextid="6865" timestamp="2019-08-09T18:54:19.554">
  <compact-info movecount="420" movebytes="10888" reason="compact to aid heap contraction" />
</gc-op>
<heap-resize id="6872" type="expand" space="tenure" amount="131072" count="1" timems="0.023" reason="satisfy allocation request" timestamp="2019-08-09T18:54:19.557" />
<gc-end id="6873" type="global" contextid="6865" durationms="105.505" usertimems="153.016" systemtimems="0.000" timestamp="2019-08-09T18:54:19.557" activeThreads="16">
  <mem-info id="6874" free="46681464" total="64618496" percent="72">
    <mem type="tenure" free="46681464" total="64618496" percent="72">
      <mem type="soa" free="46035320" total="63972352" percent="71" />
      <mem type="loa" free="646144" total="646144" percent="100" />
    </mem>
  </mem-info>
</gc-end>
<cycle-end id="6875" type="global" contextid="6865" timestamp="2019-08-09T18:54:19.557" />
  <attribute name="elasticGC enabled" value="1" />
  <attribute name= "numThreadsSpecified" value="16" />
  <attribute name="heapSize specified" value="64487424" />
  <attribute name="Current GC Util" value="61" />
  <attribute name= "Current Time Running" value="199498" />
  <attribute name ="GC Interval" value="0" />
  <attribute name="Target GC Util Change" value ="80.000000" />
  <attribute name="Current GC Util Change" value="61.000000"/>
  <attribute name="Current Error" value="19.000000" />
  <attribute name="Output H" value="64563128"/>
  <attribute name="Output I" value="2032"/>
  <attribute name="Output T" value="16"/>
  <attribute name= "Current Time Running" value="199498" />
  <attribute name="GC Util currently" value="61" />
  <attribute name="CPU Util currently" value="18448274461" />
<allocation-satisfied id="6876" threadId="00000000023ECF00" bytesRequested="32" />
<af-end id="6877" timestamp="2019-08-09T18:54:19.557" threadId="00000000023ED888" success="true" />
<exclusive-end id="6878" timestamp="2019-08-09T18:54:19.557" durationms="105.818" />

<exclusive-start id="6879" timestamp="2019-08-09T18:54:19.581" intervalms="129.839">
  <response-info timems="0.247" idlems="0.247" threads="0" lastid="00000000023ECF00" lastname="main" />
</exclusive-start>
<af-start id="6880" threadId="00000000023ED888" totalBytesRequested="32" timestamp="2019-08-09T18:54:19.581" intervalms="129.840" />
<cycle-start id="6881" type="global" contextid="0" timestamp="2019-08-09T18:54:19.581" intervalms="129.850" />
<gc-start id="6882" type="global" contextid="6881" timestamp="2019-08-09T18:54:19.581">
  <mem-info id="6883" free="646144" total="64618496" percent="0">
    <mem type="tenure" free="646144" total="64618496" percent="0">
      <mem type="soa" free="0" total="63972352" percent="0" />
      <mem type="loa" free="646144" total="646144" percent="100" />
    </mem>
  </mem-info>
</gc-start>
<allocation-stats totalBytes="46097200" >
  <allocated-bytes non-tlh="0" tlh="46097200" />
  <largest-consumer threadName="main" threadId="00000000023ECF00" bytes="46097200" />
</allocation-stats>
<gc-op id="6884" type="mark" timems="39.830" contextid="6881" timestamp="2019-08-09T18:54:19.621">
  <trace-info objectcount="596347" scancount="517335" scanbytes="13276188" />
  <finalization candidates="80" enqueued="0" />
  <ownableSynchronizers candidates="21" cleared="0" />
  <references type="soft" candidates="1843" cleared="0" enqueued="0" dynamicThreshold="23" maxThreshold="32" />
  <references type="weak" candidates="5722" cleared="0" enqueued="0" />
  <references type="phantom" candidates="97" cleared="0" enqueued="0" />
  <stringconstants candidates="13275" cleared="0"  />
</gc-op>
<gc-op id="6885" type="sweep" timems="13.103" contextid="6881" timestamp="2019-08-09T18:54:19.634" />
<mem-info id="6886" free="46745624" total="64618496" percent="72">
  <mem type="tenure" free="46745624" total="64618496" percent="72" micro-fragmented="0" macro-fragmented="0">
    <mem type="soa" free="46099480" total="63972352" percent="72" />
    <mem type="loa" free="646144" total="646144" percent="100" />
  </mem>
</mem-info>
<gc-op id="6887" type="compact" timems="46.806" contextid="6881" timestamp="2019-08-09T18:54:19.681">
  <compact-info movecount="424" movebytes="11032" reason="compact to aid heap contraction" />
</gc-op>
<heap-resize id="6888" type="expand" space="tenure" amount="131072" count="1" timems="0.022" reason="satisfy allocation request" timestamp="2019-08-09T18:54:19.682" />
<gc-end id="6889" type="global" contextid="6881" durationms="100.749" usertimems="132.852" systemtimems="0.033" timestamp="2019-08-09T18:54:19.682" activeThreads="16">
  <mem-info id="6890" free="46812248" total="64749568" percent="72">
    <mem type="tenure" free="46812248" total="64749568" percent="72">
      <mem type="soa" free="46165080" total="64102400" percent="72" />
      <mem type="loa" free="647168" total="647168" percent="100" />
    </mem>
  </mem-info>
</gc-end>
<cycle-end id="6891" type="global" contextid="6881" timestamp="2019-08-09T18:54:19.682" />
  <attribute name="elasticGC enabled" value="1" />
  <attribute name= "numThreadsSpecified" value="16" />
  <attribute name="heapSize specified" value="64618496" />
  <attribute name="Current GC Util" value="31" />
  <attribute name= "Current Time Running" value="199625" />
  <attribute name ="GC Interval" value="0" />
  <attribute name="Target GC Util Change" value ="80.000000" />
  <attribute name="Current GC Util Change" value="31.000000"/>
  <attribute name="Current Error" value="4.000000" />
  <attribute name="Output H" value="64694184"/>
  <attribute name="Output I" value="2016"/>
  <attribute name="Output T" value="16"/>
  <attribute name= "Current Time Running" value="199625" />
  <attribute name="GC Util currently" value="31" />
  <attribute name="CPU Util currently" value="24616740936" />
<allocation-satisfied id="6892" threadId="00000000023ECF00" bytesRequested="32" />
<af-end id="6893" timestamp="2019-08-09T18:54:19.682" threadId="00000000023ED888" success="true" />
<exclusive-end id="6894" timestamp="2019-08-09T18:54:19.682" durationms="100.958" />

<exclusive-start id="6895" timestamp="2019-08-09T18:54:19.790" intervalms="208.430">
  <response-info timems="0.028" idlems="0.028" threads="0" lastid="00000000023ECF00" lastname="main" />
</exclusive-start>
<af-start id="6896" threadId="00000000023ED888" totalBytesRequested="32" timestamp="2019-08-09T18:54:19.793" intervalms="212.225" />
<cycle-start id="6897" type="global" contextid="0" timestamp="2019-08-09T18:54:19.794" intervalms="212.238" />
<gc-start id="6898" type="global" contextid="6897" timestamp="2019-08-09T18:54:19.794">
  <mem-info id="6899" free="647168" total="64749568" percent="0">
    <mem type="tenure" free="647168" total="64749568" percent="0">
      <mem type="soa" free="0" total="64102400" percent="0" />
      <mem type="loa" free="647168" total="647168" percent="100" />
    </mem>
  </mem-info>
</gc-start>
<allocation-stats totalBytes="46227616" >
  <allocated-bytes non-tlh="0" tlh="46227616" />
  <largest-consumer threadName="main" threadId="00000000023ECF00" bytes="46227616" />
</allocation-stats>
<gc-op id="6900" type="mark" timems="19.192" contextid="6897" timestamp="2019-08-09T18:54:19.813">
  <trace-info objectcount="596344" scancount="517338" scanbytes="13276144" />
  <finalization candidates="80" enqueued="0" />
  <ownableSynchronizers candidates="21" cleared="0" />
  <references type="soft" candidates="1843" cleared="0" enqueued="0" dynamicThreshold="23" maxThreshold="32" />
  <references type="weak" candidates="5722" cleared="0" enqueued="0" />
  <references type="phantom" candidates="97" cleared="0" enqueued="0" />
  <stringconstants candidates="13275" cleared="0"  />
</gc-op>
<gc-op id="6901" type="sweep" timems="1.538" contextid="6897" timestamp="2019-08-09T18:54:19.814" />
<mem-info id="6902" free="46876976" total="64749568" percent="72">
  <mem type="tenure" free="46876976" total="64749568" percent="72" micro-fragmented="0" macro-fragmented="0">
    <mem type="soa" free="46229808" total="64102400" percent="72" />
    <mem type="loa" free="647168" total="647168" percent="100" />
  </mem>
</mem-info>
<gc-op id="6903" type="compact" timems="53.609" contextid="6897" timestamp="2019-08-09T18:54:19.868">
  <compact-info movecount="420" movebytes="10960" reason="compact to aid heap contraction" />
</gc-op>
<heap-resize id="6904" type="expand" space="tenure" amount="131072" count="1" timems="0.025" reason="satisfy allocation request" timestamp="2019-08-09T18:54:19.869" />
<gc-end id="6905" type="global" contextid="6897" durationms="75.441" usertimems="92.710" systemtimems="5.849" timestamp="2019-08-09T18:54:19.869" activeThreads="16">
  <mem-info id="6906" free="46943368" total="64880640" percent="72">
    <mem type="tenure" free="46943368" total="64880640" percent="72">
      <mem type="soa" free="46295176" total="64232448" percent="72" />
      <mem type="loa" free="648192" total="648192" percent="100" />
    </mem>
  </mem-info>
</gc-end>
<cycle-end id="6907" type="global" contextid="6897" timestamp="2019-08-09T18:54:19.869" />
  <attribute name="elasticGC enabled" value="1" />
  <attribute name= "numThreadsSpecified" value="16" />
  <attribute name="heapSize specified" value="64749568" />
  <attribute name="Current GC Util" value="18" />
  <attribute name= "Current Time Running" value="199812" />
  <attribute name ="GC Interval" value="0" />
  <attribute name="Target GC Util Change" value ="80.000000" />
  <attribute name="Current GC Util Change" value="18.000000"/>
  <attribute name="Current Error" value="-157.000000" />
  <attribute name="Output H" value="64825072"/>
  <attribute name="Output I" value="1832"/>
  <attribute name="Output T" value="16"/>
  <attribute name= "Current Time Running" value="199812" />
  <attribute name="GC Util currently" value="18" />
  <attribute name="CPU Util currently" value="21485774843" />
<allocation-satisfied id="6908" threadId="00000000023ECF00" bytesRequested="32" />
<af-end id="6909" timestamp="2019-08-09T18:54:19.869" threadId="00000000023ED888" success="true" />
<exclusive-end id="6910" timestamp="2019-08-09T18:54:19.869" durationms="79.516" />

<exclusive-start id="6911" timestamp="2019-08-09T18:54:19.907" intervalms="117.020">
  <response-info timems="0.020" idlems="0.020" threads="0" lastid="00000000023ECF00" lastname="main" />
</exclusive-start>
<af-start id="6912" threadId="00000000023ED888" totalBytesRequested="32" timestamp="2019-08-09T18:54:19.907" intervalms="113.307" />
<cycle-start id="6913" type="global" contextid="0" timestamp="2019-08-09T18:54:19.907" intervalms="113.292" />
<gc-start id="6914" type="global" contextid="6913" timestamp="2019-08-09T18:54:19.907">
  <mem-info id="6915" free="648192" total="64880640" percent="0">
    <mem type="tenure" free="648192" total="64880640" percent="0">
      <mem type="soa" free="0" total="64232448" percent="0" />
      <mem type="loa" free="648192" total="648192" percent="100" />
    </mem>
  </mem-info>
</gc-start>
<allocation-stats totalBytes="46357328" >
  <allocated-bytes non-tlh="0" tlh="46357328" />
  <largest-consumer threadName="main" threadId="00000000023ECF00" bytes="46357328" />
</allocation-stats>
<gc-op id="6916" type="mark" timems="11.577" contextid="6913" timestamp="2019-08-09T18:54:19.918">
  <trace-info objectcount="596344" scancount="517372" scanbytes="13276136" />
  <finalization candidates="80" enqueued="0" />
  <ownableSynchronizers candidates="21" cleared="0" />
  <references type="soft" candidates="1843" cleared="0" enqueued="0" dynamicThreshold="23" maxThreshold="32" />
  <references type="weak" candidates="5722" cleared="0" enqueued="0" />
  <references type="phantom" candidates="97" cleared="0" enqueued="0" />
  <stringconstants candidates="13275" cleared="0"  />
</gc-op>
<gc-op id="6917" type="sweep" timems="2.050" contextid="6913" timestamp="2019-08-09T18:54:19.921" />
<mem-info id="6918" free="47008264" total="64880640" percent="72">
  <mem type="tenure" free="47008264" total="64880640" percent="72" micro-fragmented="0" macro-fragmented="0">
    <mem type="soa" free="46360072" total="64232448" percent="72" />
    <mem type="loa" free="648192" total="648192" percent="100" />
  </mem>
</mem-info>
<gc-op id="6919" type="compact" timems="53.360" contextid="6913" timestamp="2019-08-09T18:54:19.974">
  <compact-info movecount="8" movebytes="224" reason="compact to aid heap contraction" />
</gc-op>
<heap-resize id="6920" type="expand" space="tenure" amount="131072" count="1" timems="0.027" reason="satisfy allocation request" timestamp="2019-08-09T18:54:19.976" />
<gc-end id="6921" type="global" contextid="6913" durationms="68.719" usertimems="74.685" systemtimems="11.560" timestamp="2019-08-09T18:54:19.976" activeThreads="16">
  <mem-info id="6922" free="47074448" total="65011712" percent="72">
    <mem type="tenure" free="47074448" total="65011712" percent="72">
      <mem type="soa" free="46425232" total="64362496" percent="72" />
      <mem type="loa" free="649216" total="649216" percent="100" />
    </mem>
  </mem-info>
</gc-end>
<cycle-end id="6923" type="global" contextid="6913" timestamp="2019-08-09T18:54:19.976" />
  <attribute name="elasticGC enabled" value="1" />
  <attribute name= "numThreadsSpecified" value="16" />
  <attribute name="heapSize specified" value="64880640" />
  <attribute name="Current GC Util" value="19" />
  <attribute name= "Current Time Running" value="199918" />
  <attribute name ="GC Interval" value="0" />
  <attribute name="Target GC Util Change" value ="80.000000" />
  <attribute name="Current GC Util Change" value="19.000000"/>
  <attribute name="Current Error" value="61.000000" />
  <attribute name="Output H" value="64956392"/>
  <attribute name="Output I" value="2080"/>
  <attribute name="Output T" value="16"/>
  <attribute name= "Current Time Running" value="199918" />
  <attribute name="GC Util currently" value="19" />
  <attribute name="CPU Util currently" value="21589912254" />
<allocation-satisfied id="6924" threadId="00000000023ECF00" bytesRequested="32" />
<af-end id="6925" timestamp="2019-08-09T18:54:19.976" threadId="00000000023ED888" success="true" />
<exclusive-end id="6926" timestamp="2019-08-09T18:54:19.976" durationms="69.114" />

<exclusive-start id="6927" timestamp="2019-08-09T18:54:20.099" intervalms="192.397">
  <response-info timems="0.064" idlems="0.064" threads="0" lastid="00000000023ECF00" lastname="main" />
</exclusive-start>
<af-start id="6928" threadId="00000000023ED888" totalBytesRequested="520" timestamp="2019-08-09T18:54:20.099" intervalms="192.322" />
<cycle-start id="6929" type="global" contextid="0" timestamp="2019-08-09T18:54:20.099" intervalms="192.322" />
<gc-start id="6930" type="global" contextid="6929" timestamp="2019-08-09T18:54:20.099">
  <mem-info id="6931" free="649216" total="65011712" percent="0">
    <mem type="tenure" free="649216" total="65011712" percent="0">
      <mem type="soa" free="0" total="64362496" percent="0" />
      <mem type="loa" free="649216" total="649216" percent="100" />
    </mem>
  </mem-info>
</gc-start>
<allocation-stats totalBytes="46472720" >
  <allocated-bytes non-tlh="0" tlh="46472720" />
  <largest-consumer threadName="main" threadId="00000000023ECF00" bytes="46472720" />
</allocation-stats>
<gc-op id="6932" type="mark" timems="141.167" contextid="6929" timestamp="2019-08-09T18:54:20.240">
  <trace-info objectcount="596357" scancount="517345" scanbytes="13276292" />
  <finalization candidates="80" enqueued="0" />
  <ownableSynchronizers candidates="21" cleared="0" />
  <references type="soft" candidates="1843" cleared="0" enqueued="0" dynamicThreshold="23" maxThreshold="32" />
  <references type="weak" candidates="5722" cleared="0" enqueued="0" />
  <references type="phantom" candidates="97" cleared="0" enqueued="0" />
  <stringconstants candidates="13275" cleared="0"  />
</gc-op>
<gc-op id="6933" type="sweep" timems="23.539" contextid="6929" timestamp="2019-08-09T18:54:20.264" />
<mem-info id="6934" free="47137848" total="65011712" percent="72">
  <mem type="tenure" free="47137848" total="65011712" percent="72" micro-fragmented="0" macro-fragmented="0">
    <mem type="soa" free="46488632" total="64362496" percent="72" />
    <mem type="loa" free="649216" total="649216" percent="100" />
  </mem>
</mem-info>
<gc-op id="6935" type="compact" timems="91.596" contextid="6929" timestamp="2019-08-09T18:54:20.356">
  <compact-info movecount="432" movebytes="11984" reason="compact to aid heap contraction" />
</gc-op>
<heap-resize id="6936" type="expand" space="tenure" amount="131072" count="1" timems="0.019" reason="satisfy allocation request" timestamp="2019-08-09T18:54:20.357" />
<gc-end id="6937" type="global" contextid="6929" durationms="257.855" usertimems="148.260" systemtimems="101.303" timestamp="2019-08-09T18:54:20.357" activeThreads="16">
  <mem-info id="6938" free="47204464" total="65142784" percent="72">
    <mem type="tenure" free="47204464" total="65142784" percent="72">
      <mem type="soa" free="46553200" total="64491520" percent="72" />
      <mem type="loa" free="651264" total="651264" percent="100" />
    </mem>
  </mem-info>
</gc-end>
<cycle-end id="6939" type="global" contextid="6929" timestamp="2019-08-09T18:54:20.357" />
  <attribute name="elasticGC enabled" value="1" />
  <attribute name= "numThreadsSpecified" value="16" />
  <attribute name="heapSize specified" value="65011712" />
  <attribute name="Current GC Util" value="28" />
  <attribute name= "Current Time Running" value="200300" />
  <attribute name ="GC Interval" value="0" />
  <attribute name="Target GC Util Change" value ="80.000000" />
  <attribute name="Current GC Util Change" value="28.000000"/>
  <attribute name="Current Error" value="142.000000" />
  <attribute name="Output H" value="65087560"/>
  <attribute name="Output I" value="2176"/>
  <attribute name="Output T" value="16"/>
  <attribute name= "Current Time Running" value="200300" />
  <attribute name="GC Util currently" value="28" />
  <attribute name="CPU Util currently" value="12582546490" />
<allocation-satisfied id="6940" threadId="00000000023ECF00" bytesRequested="520" />
<af-end id="6941" timestamp="2019-08-09T18:54:20.357" threadId="00000000023ED888" success="true" />
<exclusive-end id="6942" timestamp="2019-08-09T18:54:20.357" durationms="258.231" />

<exclusive-start id="6943" timestamp="2019-08-09T18:54:20.399" intervalms="299.498">
  <response-info timems="0.024" idlems="0.024" threads="0" lastid="00000000023ECF00" lastname="main" />
</exclusive-start>
<af-start id="6944" threadId="00000000023ED888" totalBytesRequested="112" timestamp="2019-08-09T18:54:20.399" intervalms="299.537" />
<cycle-start id="6945" type="global" contextid="0" timestamp="2019-08-09T18:54:20.399" intervalms="299.542" />
<gc-start id="6946" type="global" contextid="6945" timestamp="2019-08-09T18:54:20.399">
  <mem-info id="6947" free="651264" total="65142784" percent="0">
    <mem type="tenure" free="651264" total="65142784" percent="0">
      <mem type="soa" free="0" total="64491520" percent="0" />
      <mem type="loa" free="651264" total="651264" percent="100" />
    </mem>
  </mem-info>
</gc-start>
<allocation-stats totalBytes="46596736" >
  <allocated-bytes non-tlh="0" tlh="46596736" />
  <largest-consumer threadName="main" threadId="00000000023ECF00" bytes="46596736" />
</allocation-stats>
<gc-op id="6948" type="mark" timems="99.589" contextid="6945" timestamp="2019-08-09T18:54:20.499">
  <trace-info objectcount="596359" scancount="517348" scanbytes="13276308" />
  <finalization candidates="80" enqueued="0" />
  <ownableSynchronizers candidates="21" cleared="0" />
  <references type="soft" candidates="1843" cleared="0" enqueued="0" dynamicThreshold="23" maxThreshold="32" />
  <references type="weak" candidates="5722" cleared="0" enqueued="0" />
  <references type="phantom" candidates="97" cleared="0" enqueued="0" />
  <stringconstants candidates="13275" cleared="0"  />
</gc-op>
<gc-op id="6949" type="sweep" timems="133.029" contextid="6945" timestamp="2019-08-09T18:54:20.644" />
<mem-info id="6950" free="47269864" total="65142784" percent="72">
  <mem type="tenure" free="47269864" total="65142784" percent="72" micro-fragmented="0" macro-fragmented="0">
    <mem type="soa" free="46618600" total="64491520" percent="72" />
    <mem type="loa" free="651264" total="651264" percent="100" />
  </mem>
</mem-info>
<gc-op id="6951" type="compact" timems="108.512" contextid="6945" timestamp="2019-08-09T18:54:20.753">
  <compact-info movecount="4" movebytes="184" reason="compact to aid heap contraction" />
</gc-op>
<heap-resize id="6952" type="expand" space="tenure" amount="131072" count="1" timems="0.024" reason="satisfy allocation request" timestamp="2019-08-09T18:54:20.753" />
<gc-end id="6953" type="global" contextid="6945" durationms="354.426" usertimems="112.849" systemtimems="124.783" timestamp="2019-08-09T18:54:20.753" activeThreads="16">
  <mem-info id="6954" free="47335408" total="65273856" percent="72">
    <mem type="tenure" free="47335408" total="65273856" percent="72">
      <mem type="soa" free="46683120" total="64621568" percent="72" />
      <mem type="loa" free="652288" total="652288" percent="100" />
    </mem>
  </mem-info>
</gc-end>
<cycle-end id="6955" type="global" contextid="6945" timestamp="2019-08-09T18:54:20.754" />
  <attribute name="elasticGC enabled" value="1" />
  <attribute name= "numThreadsSpecified" value="16" />
  <attribute name="heapSize specified" value="65142784" />
  <attribute name="Current GC Util" value="35" />
  <attribute name= "Current Time Running" value="200697" />
  <attribute name ="GC Interval" value="0" />
  <attribute name="Target GC Util Change" value ="80.000000" />
  <attribute name="Current GC Util Change" value="35.000000"/>
  <attribute name="Current Error" value="93.000000" />
  <attribute name="Output H" value="65218576"/>
  <attribute name="Output I" value="2120"/>
  <attribute name="Output T" value="16"/>
  <attribute name= "Current Time Running" value="200697" />
  <attribute name="GC Util currently" value="35" />
  <attribute name="CPU Util currently" value="10619238594" />
<allocation-satisfied id="6956" threadId="00000000023ECF00" bytesRequested="112" />
<af-end id="6957" timestamp="2019-08-09T18:54:20.754" threadId="00000000023ED888" success="true" />
<exclusive-end id="6958" timestamp="2019-08-09T18:54:20.754" durationms="355.094" />

<exclusive-start id="6959" timestamp="2019-08-09T18:54:20.820" intervalms="421.658">
  <response-info timems="0.027" idlems="0.027" threads="0" lastid="00000000023ECF00" lastname="main" />
</exclusive-start>
<af-start id="6960" threadId="00000000023ED888" totalBytesRequested="488" timestamp="2019-08-09T18:54:20.820" intervalms="421.686" />
<cycle-start id="6961" type="global" contextid="0" timestamp="2019-08-09T18:54:20.820" intervalms="421.700" />
<gc-start id="6962" type="global" contextid="6961" timestamp="2019-08-09T18:54:20.821">
  <mem-info id="6963" free="652288" total="65273856" percent="0">
    <mem type="tenure" free="652288" total="65273856" percent="0">
      <mem type="soa" free="0" total="64621568" percent="0" />
      <mem type="loa" free="652288" total="652288" percent="100" />
    </mem>
  </mem-info>
</gc-start>
<allocation-stats totalBytes="46730048" >
  <allocated-bytes non-tlh="0" tlh="46730048" />
  <largest-consumer threadName="main" threadId="00000000023ECF00" bytes="46730048" />
</allocation-stats>
<gc-op id="6964" type="mark" timems="151.869" contextid="6961" timestamp="2019-08-09T18:54:20.972">
  <trace-info objectcount="596348" scancount="517344" scanbytes="13276160" />
  <finalization candidates="80" enqueued="0" />
  <ownableSynchronizers candidates="21" cleared="0" />
  <references type="soft" candidates="1843" cleared="0" enqueued="0" dynamicThreshold="23" maxThreshold="32" />
  <references type="weak" candidates="5722" cleared="0" enqueued="0" />
  <references type="phantom" candidates="97" cleared="0" enqueued="0" />
  <stringconstants candidates="13275" cleared="0"  />
</gc-op>
<gc-op id="6965" type="sweep" timems="17.989" contextid="6961" timestamp="2019-08-09T18:54:20.990" />
<mem-info id="6966" free="47400624" total="65273856" percent="72">
  <mem type="tenure" free="47400624" total="65273856" percent="72" micro-fragmented="0" macro-fragmented="0">
    <mem type="soa" free="46748336" total="64621568" percent="72" />
    <mem type="loa" free="652288" total="652288" percent="100" />
  </mem>
</mem-info>
<gc-op id="6967" type="compact" timems="118.091" contextid="6961" timestamp="2019-08-09T18:54:21.109">
  <compact-info movecount="420" movebytes="11496" reason="compact to aid heap contraction" />
</gc-op>
<heap-resize id="6968" type="expand" space="tenure" amount="131072" count="1" timems="0.025" reason="satisfy allocation request" timestamp="2019-08-09T18:54:21.111" />
<gc-end id="6969" type="global" contextid="6961" durationms="290.221" usertimems="136.269" systemtimems="105.578" timestamp="2019-08-09T18:54:21.111" activeThreads="16">
  <mem-info id="6970" free="47467024" total="65404928" percent="72">
    <mem type="tenure" free="47467024" total="65404928" percent="72">
      <mem type="soa" free="46813712" total="64751616" percent="72" />
      <mem type="loa" free="653312" total="653312" percent="100" />
    </mem>
  </mem-info>
</gc-end>
<cycle-end id="6971" type="global" contextid="6961" timestamp="2019-08-09T18:54:21.111" />
  <attribute name="elasticGC enabled" value="1" />
  <attribute name= "numThreadsSpecified" value="16" />
  <attribute name="heapSize specified" value="65273856" />
  <attribute name="Current GC Util" value="22" />
  <attribute name= "Current Time Running" value="201053" />
  <attribute name ="GC Interval" value="0" />
  <attribute name="Target GC Util Change" value ="80.000000" />
  <attribute name="Current GC Util Change" value="22.000000"/>
  <attribute name="Current Error" value="58.000000" />
  <attribute name="Output H" value="65349608"/>
  <attribute name="Output I" value="2080"/>
  <attribute name="Output T" value="16"/>
  <attribute name= "Current Time Running" value="201053" />
  <attribute name="GC Util currently" value="22" />
  <attribute name="CPU Util currently" value="9759066520" />
<allocation-satisfied id="6972" threadId="00000000023ECF00" bytesRequested="488" />
<af-end id="6973" timestamp="2019-08-09T18:54:21.111" threadId="00000000023ED888" success="true" />
<exclusive-end id="6974" timestamp="2019-08-09T18:54:21.111" durationms="290.779" />

<exclusive-start id="6975" timestamp="2019-08-09T18:54:21.118" intervalms="297.969">
  <response-info timems="0.019" idlems="0.019" threads="0" lastid="00000000023ECF00" lastname="main" />
</exclusive-start>
<af-start id="6976" threadId="00000000023ED888" totalBytesRequested="64" timestamp="2019-08-09T18:54:21.118" intervalms="297.906" />
<cycle-start id="6977" type="global" contextid="0" timestamp="2019-08-09T18:54:21.118" intervalms="297.880" />
<gc-start id="6978" type="global" contextid="6977" timestamp="2019-08-09T18:54:21.118">
  <mem-info id="6979" free="653312" total="65404928" percent="0">
    <mem type="tenure" free="653312" total="65404928" percent="0">
      <mem type="soa" free="0" total="64751616" percent="0" />
      <mem type="loa" free="653312" total="653312" percent="100" />
    </mem>
  </mem-info>
</gc-start>
<allocation-stats totalBytes="46796576" >
  <allocated-bytes non-tlh="0" tlh="46796576" />
  <largest-consumer threadName="main" threadId="00000000023ECF00" bytes="46796576" />
</allocation-stats>
<gc-op id="6980" type="mark" timems="10.044" contextid="6977" timestamp="2019-08-09T18:54:21.129">
  <trace-info objectcount="596348" scancount="517338" scanbytes="13276160" />
  <finalization candidates="80" enqueued="0" />
  <ownableSynchronizers candidates="21" cleared="0" />
  <references type="soft" candidates="1843" cleared="0" enqueued="0" dynamicThreshold="23" maxThreshold="32" />
  <references type="weak" candidates="5722" cleared="0" enqueued="0" />
  <references type="phantom" candidates="97" cleared="0" enqueued="0" />
  <stringconstants candidates="13275" cleared="0"  />
</gc-op>
<gc-op id="6981" type="sweep" timems="2.290" contextid="6977" timestamp="2019-08-09T18:54:21.131" />
<mem-info id="6982" free="47532528" total="65404928" percent="72">
  <mem type="tenure" free="47532528" total="65404928" percent="72" micro-fragmented="0" macro-fragmented="0">
    <mem type="soa" free="46879216" total="64751616" percent="72" />
    <mem type="loa" free="653312" total="653312" percent="100" />
  </mem>
</mem-info>
<gc-op id="6983" type="compact" timems="239.692" contextid="6977" timestamp="2019-08-09T18:54:21.371">
  <compact-info movecount="3" movebytes="72" reason="compact to aid heap contraction" />
</gc-op>
<heap-resize id="6984" type="expand" space="tenure" amount="131072" count="1" timems="0.028" reason="satisfy allocation request" timestamp="2019-08-09T18:54:21.378" />
<gc-end id="6985" type="global" contextid="6977" durationms="259.284" usertimems="135.646" systemtimems="66.651" timestamp="2019-08-09T18:54:21.378" activeThreads="16">
  <mem-info id="6986" free="47598096" total="65536000" percent="72">
    <mem type="tenure" free="47598096" total="65536000" percent="72">
      <mem type="soa" free="46942736" total="64880640" percent="72" />
      <mem type="loa" free="655360" total="655360" percent="100" />
    </mem>
  </mem-info>
</gc-end>
<cycle-end id="6987" type="global" contextid="6977" timestamp="2019-08-09T18:54:21.378" />
  <attribute name="elasticGC enabled" value="1" />
  <attribute name= "numThreadsSpecified" value="16" />
  <attribute name="heapSize specified" value="65404928" />
  <attribute name="Current GC Util" value="18" />
  <attribute name= "Current Time Running" value="201315" />
  <attribute name ="GC Interval" value="0" />
  <attribute name="Target GC Util Change" value ="80.000000" />
  <attribute name="Current GC Util Change" value="18.000000"/>
  <attribute name="Current Error" value="-963.000000" />
  <attribute name="Output H" value="65479496"/>
  <attribute name="Output I" value="896"/>
  <attribute name="Output T" value="16"/>
  <attribute name= "Current Time Running" value="201315" />
  <attribute name="GC Util currently" value="18" />
  <attribute name="CPU Util currently" value="4795511815" />
<allocation-satisfied id="6988" threadId="00000000023ECF00" bytesRequested="64" />
<af-end id="6989" timestamp="2019-08-09T18:54:21.378" threadId="00000000023ED888" success="true" />
<exclusive-end id="6990" timestamp="2019-08-09T18:54:21.378" durationms="259.718" />

<exclusive-start id="6991" timestamp="2019-08-09T18:54:21.410" intervalms="291.583">
  <response-info timems="0.024" idlems="0.024" threads="0" lastid="00000000023ECF00" lastname="main" />
</exclusive-start>
<af-start id="6992" threadId="00000000023ED888" totalBytesRequested="544" timestamp="2019-08-09T18:54:21.413" intervalms="295.150" />
<cycle-start id="6993" type="global" contextid="0" timestamp="2019-08-09T18:54:21.413" intervalms="295.163" />
<gc-start id="6994" type="global" contextid="6993" timestamp="2019-08-09T18:54:21.413">
  <mem-info id="6995" free="655360" total="65536000" percent="1">
    <mem type="tenure" free="655360" total="65536000" percent="1">
      <mem type="soa" free="0" total="64880640" percent="0" />
      <mem type="loa" free="655360" total="655360" percent="100" />
    </mem>
  </mem-info>
</gc-start>
<allocation-stats totalBytes="46924680" >
  <allocated-bytes non-tlh="0" tlh="46924680" />
  <largest-consumer threadName="main" threadId="00000000023ECF00" bytes="46924680" />
</allocation-stats>
<gc-op id="6996" type="mark" timems="91.100" contextid="6993" timestamp="2019-08-09T18:54:21.505">
  <trace-info objectcount="596348" scancount="517336" scanbytes="13276160" />
  <finalization candidates="80" enqueued="0" />
  <ownableSynchronizers candidates="21" cleared="0" />
  <references type="soft" candidates="1843" cleared="0" enqueued="0" dynamicThreshold="23" maxThreshold="32" />
  <references type="weak" candidates="5722" cleared="0" enqueued="0" />
  <references type="phantom" candidates="97" cleared="0" enqueued="0" />
  <stringconstants candidates="13275" cleared="0"  />
</gc-op>
<gc-op id="6997" type="sweep" timems="2.802" contextid="6993" timestamp="2019-08-09T18:54:21.507" />
<mem-info id="6998" free="47663584" total="65536000" percent="72">
  <mem type="tenure" free="47663584" total="65536000" percent="72" micro-fragmented="0" macro-fragmented="0">
    <mem type="soa" free="47008224" total="64880640" percent="72" />
    <mem type="loa" free="655360" total="655360" percent="100" />
  </mem>
</mem-info>
<gc-op id="6999" type="compact" timems="22.384" contextid="6993" timestamp="2019-08-09T18:54:21.530">
  <compact-info movecount="3" movebytes="72" reason="compact to aid heap contraction" />
</gc-op>
<heap-resize id="7000" type="expand" space="tenure" amount="131072" count="1" timems="0.021" reason="satisfy allocation request" timestamp="2019-08-09T18:54:21.530" />
<gc-end id="7001" type="global" contextid="6993" durationms="117.018" usertimems="66.464" systemtimems="54.861" timestamp="2019-08-09T18:54:21.531" activeThreads="16">
  <mem-info id="7002" free="47729168" total="65667072" percent="72">
    <mem type="tenure" free="47729168" total="65667072" percent="72">
      <mem type="soa" free="47072784" total="65010688" percent="72" />
      <mem type="loa" free="656384" total="656384" percent="100" />
    </mem>
  </mem-info>
</gc-end>
<cycle-end id="7003" type="global" contextid="6993" timestamp="2019-08-09T18:54:21.531" />
  <attribute name="elasticGC enabled" value="1" />
  <attribute name= "numThreadsSpecified" value="16" />
  <attribute name="heapSize specified" value="65536000" />
  <attribute name="Current GC Util" value="34" />
  <attribute name= "Current Time Running" value="201474" />
  <attribute name ="GC Interval" value="0" />
  <attribute name="Target GC Util Change" value ="80.000000" />
  <attribute name="Current GC Util Change" value="34.000000"/>
  <attribute name="Current Error" value="49.000000" />
  <attribute name="Output H" value="65611736"/>
  <attribute name="Output I" value="2064"/>
  <attribute name="Output T" value="16"/>
  <attribute name= "Current Time Running" value="201474" />
  <attribute name="GC Util currently" value="34" />
  <attribute name="CPU Util currently" value="51448862459" />
<allocation-satisfied id="7004" threadId="00000000023ECF00" bytesRequested="544" />
<af-end id="7005" timestamp="2019-08-09T18:54:21.531" threadId="00000000023ED888" success="true" />
<exclusive-end id="7006" timestamp="2019-08-09T18:54:21.531" durationms="120.806" />

<exclusive-start id="7007" timestamp="2019-08-09T18:54:21.538" intervalms="128.454">
  <response-info timems="0.019" idlems="0.019" threads="0" lastid="00000000023ECF00" lastname="main" />
</exclusive-start>
<af-start id="7008" threadId="00000000023ED888" totalBytesRequested="32" timestamp="2019-08-09T18:54:21.538" intervalms="124.869" />
<cycle-start id="7009" type="global" contextid="0" timestamp="2019-08-09T18:54:21.538" intervalms="124.855" />
<gc-start id="7010" type="global" contextid="7009" timestamp="2019-08-09T18:54:21.538">
  <mem-info id="7011" free="656384" total="65667072" percent="0">
    <mem type="tenure" free="656384" total="65667072" percent="0">
      <mem type="soa" free="0" total="65010688" percent="0" />
      <mem type="loa" free="656384" total="656384" percent="100" />
    </mem>
  </mem-info>
</gc-start>
<allocation-stats totalBytes="47054944" >
  <allocated-bytes non-tlh="0" tlh="47054944" />
  <largest-consumer threadName="main" threadId="00000000023ECF00" bytes="47054944" />
</allocation-stats>
<gc-op id="7012" type="mark" timems="64.908" contextid="7009" timestamp="2019-08-09T18:54:21.603">
  <trace-info objectcount="596346" scancount="517337" scanbytes="13276112" />
  <finalization candidates="80" enqueued="0" />
  <ownableSynchronizers candidates="21" cleared="0" />
  <references type="soft" candidates="1843" cleared="0" enqueued="0" dynamicThreshold="23" maxThreshold="32" />
  <references type="weak" candidates="5722" cleared="0" enqueued="0" />
  <references type="phantom" candidates="97" cleared="0" enqueued="0" />
  <stringconstants candidates="13275" cleared="0"  />
</gc-op>
<gc-op id="7013" type="sweep" timems="21.376" contextid="7009" timestamp="2019-08-09T18:54:21.625" />
<mem-info id="7014" free="47794752" total="65667072" percent="72">
  <mem type="tenure" free="47794752" total="65667072" percent="72" micro-fragmented="0" macro-fragmented="0">
    <mem type="soa" free="47138368" total="65010688" percent="72" />
    <mem type="loa" free="656384" total="656384" percent="100" />
  </mem>
</mem-info>
<gc-op id="7015" type="compact" timems="208.701" contextid="7009" timestamp="2019-08-09T18:54:21.833">
  <compact-info movecount="1" movebytes="24" reason="compact to aid heap contraction" />
</gc-op>
<heap-resize id="7016" type="expand" space="tenure" amount="131072" count="1" timems="0.020" reason="satisfy allocation request" timestamp="2019-08-09T18:54:21.834" />
<gc-end id="7017" type="global" contextid="7009" durationms="295.777" usertimems="146.794" systemtimems="122.271" timestamp="2019-08-09T18:54:21.834" activeThreads="16">
  <mem-info id="7018" free="47860288" total="65798144" percent="72">
    <mem type="tenure" free="47860288" total="65798144" percent="72">
      <mem type="soa" free="47202880" total="65140736" percent="72" />
      <mem type="loa" free="657408" total="657408" percent="100" />
    </mem>
  </mem-info>
</gc-end>
<cycle-end id="7019" type="global" contextid="7009" timestamp="2019-08-09T18:54:21.834" />
  <attribute name="elasticGC enabled" value="1" />
  <attribute name= "numThreadsSpecified" value="16" />
  <attribute name="heapSize specified" value="65667072" />
  <attribute name="Current GC Util" value="69" />
  <attribute name= "Current Time Running" value="201777" />
  <attribute name ="GC Interval" value="0" />
  <attribute name="Target GC Util Change" value ="80.000000" />
  <attribute name="Current GC Util Change" value="69.000000"/>
  <attribute name="Current Error" value="11.000000" />
  <attribute name="Output H" value="65742768"/>
  <attribute name="Output I" value="2024"/>
  <attribute name="Output T" value="16"/>
  <attribute name= "Current Time Running" value="201777" />
  <attribute name="GC Util currently" value="69" />
  <attribute name="CPU Util currently" value="5564694087" />
<allocation-satisfied id="7020" threadId="00000000023ECF00" bytesRequested="32" />
<af-end id="7021" timestamp="2019-08-09T18:54:21.834" threadId="00000000023ED888" success="true" />
<exclusive-end id="7022" timestamp="2019-08-09T18:54:21.834" durationms="296.109" />

<exclusive-start id="7023" timestamp="2019-08-09T18:54:21.842" intervalms="303.696">
  <response-info timems="0.019" idlems="0.019" threads="0" lastid="00000000023ECF00" lastname="main" />
</exclusive-start>
<af-start id="7024" threadId="00000000023ED888" totalBytesRequested="24" timestamp="2019-08-09T18:54:21.842" intervalms="303.759" />
<cycle-start id="7025" type="global" contextid="0" timestamp="2019-08-09T18:54:21.842" intervalms="303.783" />
<gc-start id="7026" type="global" contextid="7025" timestamp="2019-08-09T18:54:21.842">
  <mem-info id="7027" free="657408" total="65798144" percent="0">
    <mem type="tenure" free="657408" total="65798144" percent="0">
      <mem type="soa" free="0" total="65140736" percent="0" />
      <mem type="loa" free="657408" total="657408" percent="100" />
    </mem>
  </mem-info>
</gc-start>
<allocation-stats totalBytes="47185624" >
  <allocated-bytes non-tlh="0" tlh="47185624" />
  <largest-consumer threadName="main" threadId="00000000023ECF00" bytes="47185624" />
</allocation-stats>
<gc-op id="7028" type="mark" timems="16.505" contextid="7025" timestamp="2019-08-09T18:54:21.859">
  <trace-info objectcount="596347" scancount="517338" scanbytes="13276144" />
  <finalization candidates="80" enqueued="0" />
  <ownableSynchronizers candidates="21" cleared="0" />
  <references type="soft" candidates="1843" cleared="0" enqueued="0" dynamicThreshold="23" maxThreshold="32" />
  <references type="weak" candidates="5722" cleared="0" enqueued="0" />
  <references type="phantom" candidates="97" cleared="0" enqueued="0" />
  <stringconstants candidates="13275" cleared="0"  />
</gc-op>
<gc-op id="7029" type="sweep" timems="3.190" contextid="7025" timestamp="2019-08-09T18:54:21.862" />
<mem-info id="7030" free="47925792" total="65798144" percent="72">
  <mem type="tenure" free="47925792" total="65798144" percent="72" micro-fragmented="0" macro-fragmented="0">
    <mem type="soa" free="47268384" total="65140736" percent="72" />
    <mem type="loa" free="657408" total="657408" percent="100" />
  </mem>
</mem-info>
<gc-op id="7031" type="compact" timems="44.085" contextid="7025" timestamp="2019-08-09T18:54:21.906">
  <compact-info movecount="2" movebytes="56" reason="compact to aid heap contraction" />
</gc-op>
<heap-resize id="7032" type="expand" space="tenure" amount="131072" count="1" timems="2.508" reason="satisfy allocation request" timestamp="2019-08-09T18:54:21.929" />
<gc-end id="7033" type="global" contextid="7025" durationms="87.261" usertimems="70.479" systemtimems="2.703" timestamp="2019-08-09T18:54:21.929" activeThreads="16">
  <mem-info id="7034" free="47991328" total="65929216" percent="72">
    <mem type="tenure" free="47991328" total="65929216" percent="72">
      <mem type="soa" free="47332896" total="65270784" percent="72" />
      <mem type="loa" free="658432" total="658432" percent="100" />
    </mem>
  </mem-info>
</gc-end>
<cycle-end id="7035" type="global" contextid="7025" timestamp="2019-08-09T18:54:21.930" />
  <attribute name="elasticGC enabled" value="1" />
  <attribute name= "numThreadsSpecified" value="16" />
  <attribute name="heapSize specified" value="65798144" />
  <attribute name="Current GC Util" value="10" />
  <attribute name= "Current Time Running" value="201850" />
  <attribute name ="GC Interval" value="0" />
  <attribute name="Target GC Util Change" value ="80.000000" />
  <attribute name="Current GC Util Change" value="10.000000"/>
  <attribute name="Current Error" value="-313.000000" />
  <attribute name="Output H" value="65873464"/>
  <attribute name="Output I" value="1648"/>
  <attribute name="Output T" value="16"/>
  <attribute name= "Current Time Running" value="201850" />
  <attribute name="GC Util currently" value="10" />
  <attribute name="CPU Util currently" value="26091707299" />
<allocation-satisfied id="7036" threadId="00000000023ECF00" bytesRequested="24" />
<af-end id="7037" timestamp="2019-08-09T18:54:21.930" threadId="00000000023ED888" success="true" />
<exclusive-end id="7038" timestamp="2019-08-09T18:54:21.930" durationms="88.497" />

<exclusive-start id="7039" timestamp="2019-08-09T18:54:22.117" intervalms="275.054">
  <response-info timems="0.019" idlems="0.019" threads="0" lastid="00000000023ECF00" lastname="main" />
</exclusive-start>
<af-start id="7040" threadId="00000000023ED888" totalBytesRequested="32" timestamp="2019-08-09T18:54:22.118" intervalms="275.567" />
<cycle-start id="7041" type="global" contextid="0" timestamp="2019-08-09T18:54:22.118" intervalms="275.658" />
<gc-start id="7042" type="global" contextid="7041" timestamp="2019-08-09T18:54:22.118">
  <mem-info id="7043" free="658432" total="65929216" percent="0">
    <mem type="tenure" free="658432" total="65929216" percent="0">
      <mem type="soa" free="0" total="65270784" percent="0" />
      <mem type="loa" free="658432" total="658432" percent="100" />
    </mem>
  </mem-info>
</gc-start>
<allocation-stats totalBytes="47355864" >
  <allocated-bytes non-tlh="0" tlh="47355864" />
  <largest-consumer threadName="main" threadId="00000000023ECF00" bytes="47355864" />
</allocation-stats>
<gc-op id="7044" type="mark" timems="8.813" contextid="7041" timestamp="2019-08-09T18:54:22.127">
  <trace-info objectcount="596355" scancount="517355" scanbytes="13276360" />
  <finalization candidates="80" enqueued="0" />
  <ownableSynchronizers candidates="21" cleared="0" />
  <references type="soft" candidates="1843" cleared="0" enqueued="0" dynamicThreshold="23" maxThreshold="32" />
  <references type="weak" candidates="5722" cleared="0" enqueued="0" />
  <references type="phantom" candidates="97" cleared="0" enqueued="0" />
  <stringconstants candidates="13275" cleared="0"  />
</gc-op>
<gc-op id="7045" type="sweep" timems="6.702" contextid="7041" timestamp="2019-08-09T18:54:22.134" />
<mem-info id="7046" free="48055256" total="65929216" percent="72">
  <mem type="tenure" free="48055256" total="65929216" percent="72" micro-fragmented="0" macro-fragmented="0">
    <mem type="soa" free="47396824" total="65270784" percent="72" />
    <mem type="loa" free="658432" total="658432" percent="100" />
  </mem>
</mem-info>
<gc-op id="7047" type="compact" timems="157.156" contextid="7041" timestamp="2019-08-09T18:54:22.291">
  <compact-info movecount="423" movebytes="11448" reason="compact to aid heap contraction" />
</gc-op>
<heap-resize id="7048" type="expand" space="tenure" amount="131072" count="1" timems="0.020" reason="satisfy allocation request" timestamp="2019-08-09T18:54:22.292" />
<gc-end id="7049" type="global" contextid="7041" durationms="174.049" usertimems="93.273" systemtimems="35.227" timestamp="2019-08-09T18:54:22.292" activeThreads="16">
  <mem-info id="7050" free="48122320" total="66060288" percent="72">
    <mem type="tenure" free="48122320" total="66060288" percent="72">
      <mem type="soa" free="47461840" total="65399808" percent="72" />
      <mem type="loa" free="660480" total="660480" percent="100" />
    </mem>
  </mem-info>
</gc-end>
<cycle-end id="7051" type="global" contextid="7041" timestamp="2019-08-09T18:54:22.292" />
  <attribute name="elasticGC enabled" value="1" />
  <attribute name= "numThreadsSpecified" value="16" />
  <attribute name="heapSize specified" value="65929216" />
  <attribute name="Current GC Util" value="27" />
  <attribute name= "Current Time Running" value="202235" />
  <attribute name ="GC Interval" value="0" />
  <attribute name="Target GC Util Change" value ="80.000000" />
  <attribute name="Current GC Util Change" value="27.000000"/>
  <attribute name="Current Error" value="-172.000000" />
  <attribute name="Output H" value="66004704"/>
  <attribute name="Output I" value="1816"/>
  <attribute name="Output T" value="16"/>
  <attribute name= "Current Time Running" value="202235" />
  <attribute name="GC Util currently" value="27" />
  <attribute name="CPU Util currently" value="7332432044" />
<allocation-satisfied id="7052" threadId="00000000023ECF00" bytesRequested="32" />
<af-end id="7053" timestamp="2019-08-09T18:54:22.292" threadId="00000000023ED888" success="true" />
<exclusive-end id="7054" timestamp="2019-08-09T18:54:22.292" durationms="175.224" />

<exclusive-start id="7055" timestamp="2019-08-09T18:54:22.313" intervalms="196.218">
  <response-info timems="0.014" idlems="0.014" threads="0" lastid="00000000023ECF00" lastname="main" />
</exclusive-start>
<af-start id="7056" threadId="00000000023ED888" totalBytesRequested="24" timestamp="2019-08-09T18:54:22.313" intervalms="195.702" />
<cycle-start id="7057" type="global" contextid="0" timestamp="2019-08-09T18:54:22.313" intervalms="195.620" />
<gc-start id="7058" type="global" contextid="7057" timestamp="2019-08-09T18:54:22.313">
  <mem-info id="7059" free="660480" total="66060288" percent="0">
    <mem type="tenure" free="660480" total="66060288" percent="0">
      <mem type="soa" free="0" total="65399808" percent="0" />
      <mem type="loa" free="660480" total="660480" percent="100" />
    </mem>
  </mem-info>
</gc-start>
<allocation-stats totalBytes="47491144" >
  <allocated-bytes non-tlh="0" tlh="47491144" />
  <largest-consumer threadName="main" threadId="00000000023ECF00" bytes="47491144" />
</allocation-stats>
<gc-op id="7060" type="mark" timems="11.640" contextid="7057" timestamp="2019-08-09T18:54:22.325">
  <trace-info objectcount="596356" scancount="517350" scanbytes="13277272" />
  <finalization candidates="80" enqueued="0" />
  <ownableSynchronizers candidates="21" cleared="0" />
  <references type="soft" candidates="1843" cleared="0" enqueued="0" dynamicThreshold="23" maxThreshold="32" />
  <references type="weak" candidates="5722" cleared="0" enqueued="0" />
  <references type="phantom" candidates="97" cleared="0" enqueued="0" />
  <stringconstants candidates="13275" cleared="0"  />
</gc-op>
<gc-op id="7061" type="sweep" timems="29.725" contextid="7057" timestamp="2019-08-09T18:54:22.355" />
<mem-info id="7062" free="48186240" total="66060288" percent="72">
  <mem type="tenure" free="48186240" total="66060288" percent="72" micro-fragmented="0" macro-fragmented="0">
    <mem type="soa" free="47525760" total="65399808" percent="72" />
    <mem type="loa" free="660480" total="660480" percent="100" />
  </mem>
</mem-info>
<gc-op id="7063" type="compact" timems="268.609" contextid="7057" timestamp="2019-08-09T18:54:22.624">
  <compact-info movecount="422" movebytes="11872" reason="compact to aid heap contraction" />
</gc-op>
<heap-resize id="7064" type="expand" space="tenure" amount="131072" count="1" timems="0.041" reason="satisfy allocation request" timestamp="2019-08-09T18:54:22.625" />
<gc-end id="7065" type="global" contextid="7057" durationms="311.532" usertimems="125.731" systemtimems="89.226" timestamp="2019-08-09T18:54:22.625" activeThreads="16">
  <mem-info id="7066" free="48252920" total="66191360" percent="72">
    <mem type="tenure" free="48252920" total="66191360" percent="72">
      <mem type="soa" free="47591416" total="65529856" percent="72" />
      <mem type="loa" free="661504" total="661504" percent="100" />
    </mem>
  </mem-info>
</gc-end>
<cycle-end id="7067" type="global" contextid="7057" timestamp="2019-08-09T18:54:22.625" />
  <attribute name="elasticGC enabled" value="1" />
  <attribute name= "numThreadsSpecified" value="16" />
  <attribute name="heapSize specified" value="66060288" />
  <attribute name="Current GC Util" value="41" />
  <attribute name= "Current Time Running" value="202568" />
  <attribute name ="GC Interval" value="0" />
  <attribute name="Target GC Util Change" value ="80.000000" />
  <attribute name="Current GC Util Change" value="41.000000"/>
  <attribute name="Current Error" value="39.000000" />
  <attribute name="Output H" value="66136016"/>
  <attribute name="Output I" value="2056"/>
  <attribute name="Output T" value="16"/>
  <attribute name= "Current Time Running" value="202568" />
  <attribute name="GC Util currently" value="41" />
  <attribute name="CPU Util currently" value="4291281774" />
<allocation-satisfied id="7068" threadId="00000000023ECF00" bytesRequested="24" />
<af-end id="7069" timestamp="2019-08-09T18:54:22.625" threadId="00000000023ED888" success="true" />
<exclusive-end id="7070" timestamp="2019-08-09T18:54:22.625" durationms="311.921" />

<exclusive-start id="7071" timestamp="2019-08-09T18:54:22.697" intervalms="383.956">
  <response-info timems="0.019" idlems="0.019" threads="0" lastid="00000000023ECF00" lastname="main" />
</exclusive-start>
<af-start id="7072" threadId="00000000023ED888" totalBytesRequested="48" timestamp="2019-08-09T18:54:22.697" intervalms="383.984" />
<cycle-start id="7073" type="global" contextid="0" timestamp="2019-08-09T18:54:22.697" intervalms="384.009" />
<gc-start id="7074" type="global" contextid="7073" timestamp="2019-08-09T18:54:22.697">
  <mem-info id="7075" free="661504" total="66191360" percent="0">
    <mem type="tenure" free="661504" total="66191360" percent="0">
      <mem type="soa" free="0" total="65529856" percent="0" />
      <mem type="loa" free="661504" total="661504" percent="100" />
    </mem>
  </mem-info>
</gc-start>
<allocation-stats totalBytes="47613144" >
  <allocated-bytes non-tlh="0" tlh="47613144" />
  <largest-consumer threadName="main" threadId="00000000023ECF00" bytes="47613144" />
</allocation-stats>
<gc-op id="7076" type="mark" timems="16.834" contextid="7073" timestamp="2019-08-09T18:54:22.714">
  <trace-info objectcount="596399" scancount="517377" scanbytes="13277516" />
  <finalization candidates="80" enqueued="0" />
  <ownableSynchronizers candidates="21" cleared="0" />
  <references type="soft" candidates="1849" cleared="0" enqueued="0" dynamicThreshold="23" maxThreshold="32" />
  <references type="weak" candidates="5722" cleared="0" enqueued="0" />
  <references type="phantom" candidates="97" cleared="0" enqueued="0" />
  <stringconstants candidates="13275" cleared="0"  />
</gc-op>
<gc-op id="7077" type="sweep" timems="7.864" contextid="7073" timestamp="2019-08-09T18:54:22.722" />
<mem-info id="7078" free="48292408" total="66191360" percent="72">
  <mem type="tenure" free="48292408" total="66191360" percent="72" micro-fragmented="0" macro-fragmented="0">
    <mem type="soa" free="47630904" total="65529856" percent="72" />
    <mem type="loa" free="661504" total="661504" percent="100" />
  </mem>
</mem-info>
<gc-op id="7079" type="compact" timems="60.756" contextid="7073" timestamp="2019-08-09T18:54:22.783">
  <compact-info movecount="464" movebytes="33448" reason="compact to aid heap contraction" />
</gc-op>
<heap-resize id="7080" type="expand" space="tenure" amount="131072" count="1" timems="0.025" reason="satisfy allocation request" timestamp="2019-08-09T18:54:22.786" />
<gc-end id="7081" type="global" contextid="7073" durationms="88.177" usertimems="81.340" systemtimems="39.474" timestamp="2019-08-09T18:54:22.786" activeThreads="16">
  <mem-info id="7082" free="48362392" total="66322432" percent="72">
    <mem type="tenure" free="48362392" total="66322432" percent="72">
      <mem type="soa" free="47699864" total="65659904" percent="72" />
      <mem type="loa" free="662528" total="662528" percent="100" />
    </mem>
  </mem-info>
</gc-end>
<cycle-end id="7083" type="global" contextid="7073" timestamp="2019-08-09T18:54:22.786" />
  <attribute name="elasticGC enabled" value="1" />
  <attribute name= "numThreadsSpecified" value="16" />
  <attribute name="heapSize specified" value="66191360" />
  <attribute name="Current GC Util" value="25" />
  <attribute name= "Current Time Running" value="202727" />
  <attribute name ="GC Interval" value="0" />
  <attribute name="Target GC Util Change" value ="80.000000" />
  <attribute name="Current GC Util Change" value="25.000000"/>
  <attribute name="Current Error" value="-30.000000" />
  <attribute name="Output H" value="66267008"/>
  <attribute name="Output I" value="1976"/>
  <attribute name="Output T" value="16"/>
  <attribute name= "Current Time Running" value="202727" />
  <attribute name="GC Util currently" value="25" />
  <attribute name="CPU Util currently" value="18965228348" />
<allocation-satisfied id="7084" threadId="00000000023ECF00" bytesRequested="48" />
<af-end id="7085" timestamp="2019-08-09T18:54:22.786" threadId="00000000023ED888" success="true" />
<exclusive-end id="7086" timestamp="2019-08-09T18:54:22.786" durationms="88.649" />

<exclusive-start id="7087" timestamp="2019-08-09T18:54:22.860" intervalms="163.120">
  <response-info timems="0.023" idlems="0.023" threads="0" lastid="00000000023ECF00" lastname="main" />
</exclusive-start>
<af-start id="7088" threadId="00000000023ED888" totalBytesRequested="1016" timestamp="2019-08-09T18:54:22.860" intervalms="163.046" />
<cycle-start id="7089" type="global" contextid="0" timestamp="2019-08-09T18:54:22.860" intervalms="163.000" />
<gc-start id="7090" type="global" contextid="7089" timestamp="2019-08-09T18:54:22.860">
  <mem-info id="7091" free="662528" total="66322432" percent="0">
    <mem type="tenure" free="662528" total="66322432" percent="0">
      <mem type="soa" free="0" total="65659904" percent="0" />
      <mem type="loa" free="662528" total="662528" percent="100" />
    </mem>
  </mem-info>
</gc-start>
<allocation-stats totalBytes="47701752" >
  <allocated-bytes non-tlh="0" tlh="47701752" />
  <largest-consumer threadName="main" threadId="00000000023ECF00" bytes="47701752" />
</allocation-stats>
<gc-op id="7092" type="mark" timems="56.562" contextid="7089" timestamp="2019-08-09T18:54:22.917">
  <trace-info objectcount="596401" scancount="517385" scanbytes="13277516" />
  <finalization candidates="80" enqueued="0" />
  <ownableSynchronizers candidates="21" cleared="0" />
  <references type="soft" candidates="1849" cleared="0" enqueued="0" dynamicThreshold="23" maxThreshold="32" />
  <references type="weak" candidates="5722" cleared="0" enqueued="0" />
  <references type="phantom" candidates="97" cleared="0" enqueued="0" />
  <stringconstants candidates="13275" cleared="0"  />
</gc-op>
<gc-op id="7093" type="sweep" timems="23.366" contextid="7089" timestamp="2019-08-09T18:54:22.940" />
<mem-info id="7094" free="48425448" total="66322432" percent="73">
  <mem type="tenure" free="48425448" total="66322432" percent="73" micro-fragmented="0" macro-fragmented="0">
    <mem type="soa" free="47762920" total="65659904" percent="72" />
    <mem type="loa" free="662528" total="662528" percent="100" />
  </mem>
</mem-info>
<gc-op id="7095" type="compact" timems="28.468" contextid="7089" timestamp="2019-08-09T18:54:22.969">
  <compact-info movecount="4" movebytes="2096" reason="compact to aid heap contraction" />
</gc-op>
<heap-resize id="7096" type="expand" space="tenure" amount="131072" count="1" timems="0.018" reason="satisfy allocation request" timestamp="2019-08-09T18:54:22.970" />
<gc-end id="7097" type="global" contextid="7089" durationms="109.210" usertimems="97.947" systemtimems="6.859" timestamp="2019-08-09T18:54:22.970" activeThreads="16">
  <mem-info id="7098" free="48491440" total="66453504" percent="72">
    <mem type="tenure" free="48491440" total="66453504" percent="72">
      <mem type="soa" free="47827888" total="65789952" percent="72" />
      <mem type="loa" free="663552" total="663552" percent="100" />
    </mem>
  </mem-info>
</gc-end>
<cycle-end id="7099" type="global" contextid="7089" timestamp="2019-08-09T18:54:22.970" />
  <attribute name="elasticGC enabled" value="1" />
  <attribute name= "numThreadsSpecified" value="16" />
  <attribute name="heapSize specified" value="66322432" />
  <attribute name="Current GC Util" value="28" />
  <attribute name= "Current Time Running" value="202913" />
  <attribute name ="GC Interval" value="0" />
  <attribute name="Target GC Util Change" value ="80.000000" />
  <attribute name="Current GC Util Change" value="28.000000"/>
  <attribute name="Current Error" value="179.000000" />
  <attribute name="Output H" value="66398320"/>
  <attribute name="Output I" value="2216"/>
  <attribute name="Output T" value="16"/>
  <attribute name= "Current Time Running" value="202913" />
  <attribute name="GC Util currently" value="28" />
  <attribute name="CPU Util currently" value="40452092560" />
<allocation-satisfied id="7100" threadId="00000000023ECF00" bytesRequested="1016" />
<af-end id="7101" timestamp="2019-08-09T18:54:22.970" threadId="00000000023ED888" success="true" />
<exclusive-end id="7102" timestamp="2019-08-09T18:54:22.970" durationms="109.459" />

<exclusive-start id="7103" timestamp="2019-08-09T18:54:23.308" intervalms="448.075">
  <response-info timems="0.031" idlems="0.031" threads="0" lastid="00000000023ECF00" lastname="main" />
</exclusive-start>
<af-start id="7104" threadId="00000000023ED888" totalBytesRequested="80" timestamp="2019-08-09T18:54:23.309" intervalms="448.189" />
<cycle-start id="7105" type="global" contextid="0" timestamp="2019-08-09T18:54:23.309" intervalms="448.190" />
<gc-start id="7106" type="global" contextid="7105" timestamp="2019-08-09T18:54:23.309">
  <mem-info id="7107" free="663552" total="66453504" percent="0">
    <mem type="tenure" free="663552" total="66453504" percent="0">
      <mem type="soa" free="0" total="65789952" percent="0" />
      <mem type="loa" free="663552" total="663552" percent="100" />
    </mem>
  </mem-info>
</gc-start>
<allocation-stats totalBytes="47868704" >
  <allocated-bytes non-tlh="0" tlh="47868704" />
  <largest-consumer threadName="main" threadId="00000000023ECF00" bytes="47868704" />
</allocation-stats>
<gc-op id="7108" type="mark" timems="58.388" contextid="7105" timestamp="2019-08-09T18:54:23.367">
  <trace-info objectcount="596386" scancount="517373" scanbytes="13277316" />
  <finalization candidates="80" enqueued="0" />
  <ownableSynchronizers candidates="21" cleared="0" />
  <references type="soft" candidates="1849" cleared="0" enqueued="0" dynamicThreshold="23" maxThreshold="32" />
  <references type="weak" candidates="5722" cleared="0" enqueued="0" />
  <references type="phantom" candidates="97" cleared="0" enqueued="0" />
  <stringconstants candidates="13275" cleared="0"  />
</gc-op>
<gc-op id="7109" type="sweep" timems="5.636" contextid="7105" timestamp="2019-08-09T18:54:23.373" />
<mem-info id="7110" free="48561264" total="66453504" percent="73">
  <mem type="tenure" free="48561264" total="66453504" percent="73" micro-fragmented="0" macro-fragmented="0">
    <mem type="soa" free="47897712" total="65789952" percent="72" />
    <mem type="loa" free="663552" total="663552" percent="100" />
  </mem>
</mem-info>
<gc-op id="7111" type="compact" timems="28.933" contextid="7105" timestamp="2019-08-09T18:54:23.402">
  <compact-info movecount="450" movebytes="29968" reason="compact to aid heap contraction" />
</gc-op>
<heap-resize id="7112" type="expand" space="tenure" amount="131072" count="1" timems="0.020" reason="satisfy allocation request" timestamp="2019-08-09T18:54:23.403" />
<gc-end id="7113" type="global" contextid="7105" durationms="94.781" usertimems="102.643" systemtimems="40.779" timestamp="2019-08-09T18:54:23.403" activeThreads="16">
  <mem-info id="7114" free="48627992" total="66584576" percent="73">
    <mem type="tenure" free="48627992" total="66584576" percent="73">
      <mem type="soa" free="47962392" total="65918976" percent="72" />
      <mem type="loa" free="665600" total="665600" percent="100" />
    </mem>
  </mem-info>
</gc-end>
<cycle-end id="7115" type="global" contextid="7105" timestamp="2019-08-09T18:54:23.403" />
  <attribute name="elasticGC enabled" value="1" />
  <attribute name= "numThreadsSpecified" value="16" />
  <attribute name="heapSize specified" value="66453504" />
  <attribute name="Current GC Util" value="37" />
  <attribute name= "Current Time Running" value="203346" />
  <attribute name ="GC Interval" value="0" />
  <attribute name="Target GC Util Change" value ="80.000000" />
  <attribute name="Current GC Util Change" value="37.000000"/>
  <attribute name="Current Error" value="43.000000" />
  <attribute name="Output H" value="66529240"/>
  <attribute name="Output I" value="2064"/>
  <attribute name="Output T" value="16"/>
  <attribute name= "Current Time Running" value="203346" />
  <attribute name="GC Util currently" value="37" />
  <attribute name="CPU Util currently" value="39832870351" />
<allocation-satisfied id="7116" threadId="00000000023ECF00" bytesRequested="80" />
<af-end id="7117" timestamp="2019-08-09T18:54:23.404" threadId="00000000023ED888" success="true" />
<exclusive-end id="7118" timestamp="2019-08-09T18:54:23.404" durationms="95.172" />

<exclusive-start id="7119" timestamp="2019-08-09T18:54:23.603" intervalms="294.999">
  <response-info timems="0.028" idlems="0.028" threads="0" lastid="00000000023ECF00" lastname="main" />
</exclusive-start>
<af-start id="7120" threadId="00000000023ED888" totalBytesRequested="40" timestamp="2019-08-09T18:54:23.603" intervalms="294.889" />
<cycle-start id="7121" type="global" contextid="0" timestamp="2019-08-09T18:54:23.603" intervalms="294.895" />
<gc-start id="7122" type="global" contextid="7121" timestamp="2019-08-09T18:54:23.604">
  <mem-info id="7123" free="665600" total="66584576" percent="0">
    <mem type="tenure" free="665600" total="66584576" percent="0">
      <mem type="soa" free="0" total="65918976" percent="0" />
      <mem type="loa" free="665600" total="665600" percent="100" />
    </mem>
  </mem-info>
</gc-start>
<allocation-stats totalBytes="48018800" >
  <allocated-bytes non-tlh="0" tlh="48018800" />
  <largest-consumer threadName="main" threadId="00000000023ECF00" bytes="48018800" />
</allocation-stats>
<gc-op id="7124" type="mark" timems="33.738" contextid="7121" timestamp="2019-08-09T18:54:23.637">
  <trace-info objectcount="596390" scancount="517375" scanbytes="13277516" />
  <finalization candidates="80" enqueued="0" />
  <ownableSynchronizers candidates="21" cleared="0" />
  <references type="soft" candidates="1849" cleared="0" enqueued="0" dynamicThreshold="23" maxThreshold="32" />
  <references type="weak" candidates="5722" cleared="0" enqueued="0" />
  <references type="phantom" candidates="97" cleared="0" enqueued="0" />
  <stringconstants candidates="13275" cleared="0"  />
</gc-op>
<gc-op id="7125" type="sweep" timems="11.304" contextid="7121" timestamp="2019-08-09T18:54:23.649" />
<mem-info id="7126" free="48693296" total="66584576" percent="73">
  <mem type="tenure" free="48693296" total="66584576" percent="73" micro-fragmented="0" macro-fragmented="0">
    <mem type="soa" free="48027696" total="65918976" percent="72" />
    <mem type="loa" free="665600" total="665600" percent="100" />
  </mem>
</mem-info>
<gc-op id="7127" type="compact" timems="53.843" contextid="7121" timestamp="2019-08-09T18:54:23.713">
  <compact-info movecount="4" movebytes="200" reason="compact to aid heap contraction" />
</gc-op>
<heap-resize id="7128" type="expand" space="tenure" amount="131072" count="1" timems="0.027" reason="satisfy allocation request" timestamp="2019-08-09T18:54:23.714" />
<gc-end id="7129" type="global" contextid="7121" durationms="110.528" usertimems="95.946" systemtimems="24.538" timestamp="2019-08-09T18:54:23.714" activeThreads="16">
  <mem-info id="7130" free="48758864" total="66715648" percent="73">
    <mem type="tenure" free="48758864" total="66715648" percent="73">
      <mem type="soa" free="48092240" total="66049024" percent="72" />
      <mem type="loa" free="666624" total="666624" percent="100" />
    </mem>
  </mem-info>
</gc-end>
<cycle-end id="7131" type="global" contextid="7121" timestamp="2019-08-09T18:54:23.714" />
  <attribute name="elasticGC enabled" value="1" />
  <attribute name= "numThreadsSpecified" value="16" />
  <attribute name="heapSize specified" value="66584576" />
  <attribute name="Current GC Util" value="44" />
  <attribute name= "Current Time Running" value="203657" />
  <attribute name ="GC Interval" value="0" />
  <attribute name="Target GC Util Change" value ="80.000000" />
  <attribute name="Current GC Util Change" value="44.000000"/>
  <attribute name="Current Error" value="91.000000" />
  <attribute name="Output H" value="66660368"/>
  <attribute name="Output I" value="2120"/>
  <attribute name="Output T" value="16"/>
  <attribute name= "Current Time Running" value="203657" />
  <attribute name="GC Util currently" value="44" />
  <attribute name="CPU Util currently" value="21327624675" />
<allocation-satisfied id="7132" threadId="00000000023ECF00" bytesRequested="40" />
<af-end id="7133" timestamp="2019-08-09T18:54:23.714" threadId="00000000023ED888" success="true" />
<exclusive-end id="7134" timestamp="2019-08-09T18:54:23.714" durationms="111.021" />

<exclusive-start id="7135" timestamp="2019-08-09T18:54:23.856" intervalms="252.663">
  <response-info timems="0.020" idlems="0.020" threads="0" lastid="00000000023ECF00" lastname="main" />
</exclusive-start>
<af-start id="7136" threadId="00000000023ED888" totalBytesRequested="80" timestamp="2019-08-09T18:54:23.856" intervalms="252.649" />
<cycle-start id="7137" type="global" contextid="0" timestamp="2019-08-09T18:54:23.856" intervalms="252.762" />
<gc-start id="7138" type="global" contextid="7137" timestamp="2019-08-09T18:54:23.856">
  <mem-info id="7139" free="666624" total="66715648" percent="0">
    <mem type="tenure" free="666624" total="66715648" percent="0">
      <mem type="soa" free="0" total="66049024" percent="0" />
      <mem type="loa" free="666624" total="666624" percent="100" />
    </mem>
  </mem-info>
</gc-start>
<allocation-stats totalBytes="48148504" >
  <allocated-bytes non-tlh="0" tlh="48148504" />
  <largest-consumer threadName="main" threadId="00000000023ECF00" bytes="48148504" />
</allocation-stats>
<gc-op id="7140" type="mark" timems="12.929" contextid="7137" timestamp="2019-08-09T18:54:23.869">
  <trace-info objectcount="596389" scancount="517371" scanbytes="13277432" />
  <finalization candidates="80" enqueued="0" />
  <ownableSynchronizers candidates="21" cleared="0" />
  <references type="soft" candidates="1849" cleared="0" enqueued="0" dynamicThreshold="23" maxThreshold="32" />
  <references type="weak" candidates="5722" cleared="0" enqueued="0" />
  <references type="phantom" candidates="97" cleared="0" enqueued="0" />
  <stringconstants candidates="13275" cleared="0"  />
</gc-op>
<gc-op id="7141" type="sweep" timems="2.103" contextid="7137" timestamp="2019-08-09T18:54:23.872" />
<mem-info id="7142" free="48824456" total="66715648" percent="73">
  <mem type="tenure" free="48824456" total="66715648" percent="73" micro-fragmented="0" macro-fragmented="0">
    <mem type="soa" free="48157832" total="66049024" percent="72" />
    <mem type="loa" free="666624" total="666624" percent="100" />
  </mem>
</mem-info>
<gc-op id="7143" type="compact" timems="25.523" contextid="7137" timestamp="2019-08-09T18:54:23.897">
  <compact-info movecount="3" movebytes="120" reason="compact to aid heap contraction" />
</gc-op>
<heap-resize id="7144" type="expand" space="tenure" amount="131072" count="1" timems="0.021" reason="satisfy allocation request" timestamp="2019-08-09T18:54:23.898" />
<gc-end id="7145" type="global" contextid="7137" durationms="41.354" usertimems="86.335" systemtimems="3.487" timestamp="2019-08-09T18:54:23.898" activeThreads="16">
  <mem-info id="7146" free="48890016" total="66846720" percent="73">
    <mem type="tenure" free="48890016" total="66846720" percent="73">
      <mem type="soa" free="48222368" total="66179072" percent="72" />
      <mem type="loa" free="667648" total="667648" percent="100" />
    </mem>
  </mem-info>
</gc-end>
<cycle-end id="7147" type="global" contextid="7137" timestamp="2019-08-09T18:54:23.898" />
  <attribute name="elasticGC enabled" value="1" />
  <attribute name= "numThreadsSpecified" value="16" />
  <attribute name="heapSize specified" value="66715648" />
  <attribute name="Current GC Util" value="42" />
  <attribute name= "Current Time Running" value="203841" />
  <attribute name ="GC Interval" value="0" />
  <attribute name="Target GC Util Change" value ="80.000000" />
  <attribute name="Current GC Util Change" value="42.000000"/>
  <attribute name="Current Error" value="-351.000000" />
  <attribute name="Output H" value="66790928"/>
  <attribute name="Output I" value="1608"/>
  <attribute name="Output T" value="16"/>
  <attribute name= "Current Time Running" value="203841" />
  <attribute name="GC Util currently" value="42" />
  <attribute name="CPU Util currently" value="45100181818" />
<allocation-satisfied id="7148" threadId="00000000023ECF00" bytesRequested="80" />
<af-end id="7149" timestamp="2019-08-09T18:54:23.898" threadId="00000000023ED888" success="true" />
<exclusive-end id="7150" timestamp="2019-08-09T18:54:23.898" durationms="41.916" />

<exclusive-start id="7151" timestamp="2019-08-09T18:54:24.087" intervalms="231.365">
  <response-info timems="0.025" idlems="0.025" threads="0" lastid="00000000023ECF00" lastname="main" />
</exclusive-start>
<af-start id="7152" threadId="00000000023ED888" totalBytesRequested="80" timestamp="2019-08-09T18:54:24.087" intervalms="231.410" />
<cycle-start id="7153" type="global" contextid="0" timestamp="2019-08-09T18:54:24.088" intervalms="231.293" />
<gc-start id="7154" type="global" contextid="7153" timestamp="2019-08-09T18:54:24.088">
  <mem-info id="7155" free="667648" total="66846720" percent="0">
    <mem type="tenure" free="667648" total="66846720" percent="0">
      <mem type="soa" free="0" total="66179072" percent="0" />
      <mem type="loa" free="667648" total="667648" percent="100" />
    </mem>
  </mem-info>
</gc-start>
<allocation-stats totalBytes="48278904" >
  <allocated-bytes non-tlh="0" tlh="48278904" />
  <largest-consumer threadName="main" threadId="00000000023ECF00" bytes="48278904" />
</allocation-stats>
<gc-op id="7156" type="mark" timems="52.798" contextid="7153" timestamp="2019-08-09T18:54:24.141">
  <trace-info objectcount="596387" scancount="517372" scanbytes="13277340" />
  <finalization candidates="80" enqueued="0" />
  <ownableSynchronizers candidates="21" cleared="0" />
  <references type="soft" candidates="1849" cleared="0" enqueued="0" dynamicThreshold="23" maxThreshold="32" />
  <references type="weak" candidates="5722" cleared="0" enqueued="0" />
  <references type="phantom" candidates="97" cleared="0" enqueued="0" />
  <stringconstants candidates="13275" cleared="0"  />
</gc-op>
<gc-op id="7157" type="sweep" timems="7.774" contextid="7153" timestamp="2019-08-09T18:54:24.149" />
<mem-info id="7158" free="48955648" total="66846720" percent="73">
  <mem type="tenure" free="48955648" total="66846720" percent="73" micro-fragmented="0" macro-fragmented="0">
    <mem type="soa" free="48288000" total="66179072" percent="72" />
    <mem type="loa" free="667648" total="667648" percent="100" />
  </mem>
</mem-info>
<gc-op id="7159" type="compact" timems="39.763" contextid="7153" timestamp="2019-08-09T18:54:24.189">
  <compact-info movecount="1" movebytes="24" reason="compact to aid heap contraction" />
</gc-op>
<heap-resize id="7160" type="expand" space="tenure" amount="131072" count="1" timems="0.023" reason="satisfy allocation request" timestamp="2019-08-09T18:54:24.191" />
<gc-end id="7161" type="global" contextid="7153" durationms="103.085" usertimems="83.861" systemtimems="16.350" timestamp="2019-08-09T18:54:24.191" activeThreads="16">
  <mem-info id="7162" free="49021184" total="66977792" percent="73">
    <mem type="tenure" free="49021184" total="66977792" percent="73">
      <mem type="soa" free="48351488" total="66308096" percent="72" />
      <mem type="loa" free="669696" total="669696" percent="100" />
    </mem>
  </mem-info>
</gc-end>
<cycle-end id="7163" type="global" contextid="7153" timestamp="2019-08-09T18:54:24.191" />
  <attribute name="elasticGC enabled" value="1" />
  <attribute name= "numThreadsSpecified" value="16" />
  <attribute name="heapSize specified" value="66846720" />
  <attribute name="Current GC Util" value="31" />
  <attribute name= "Current Time Running" value="204133" />
  <attribute name ="GC Interval" value="0" />
  <attribute name="Target GC Util Change" value ="80.000000" />
  <attribute name="Current GC Util Change" value="31.000000"/>
  <attribute name="Current Error" value="49.000000" />
  <attribute name="Output H" value="66922456"/>
  <attribute name="Output I" value="2064"/>
  <attribute name="Output T" value="16"/>
  <attribute name= "Current Time Running" value="204133" />
  <attribute name="GC Util currently" value="31" />
  <attribute name="CPU Util currently" value="28980023575" />
<allocation-satisfied id="7164" threadId="00000000023ECF00" bytesRequested="80" />
<af-end id="7165" timestamp="2019-08-09T18:54:24.191" threadId="00000000023ED888" success="true" />
<exclusive-end id="7166" timestamp="2019-08-09T18:54:24.191" durationms="103.483" />

<exclusive-start id="7167" timestamp="2019-08-09T18:54:24.341" intervalms="253.701">
  <response-info timems="0.019" idlems="0.019" threads="0" lastid="00000000023ECF00" lastname="main" />
</exclusive-start>
<af-start id="7168" threadId="00000000023ED888" totalBytesRequested="544" timestamp="2019-08-09T18:54:24.341" intervalms="253.656" />
<cycle-start id="7169" type="global" contextid="0" timestamp="2019-08-09T18:54:24.341" intervalms="253.649" />
<gc-start id="7170" type="global" contextid="7169" timestamp="2019-08-09T18:54:24.341">
  <mem-info id="7171" free="669696" total="66977792" percent="0">
    <mem type="tenure" free="669696" total="66977792" percent="0">
      <mem type="soa" free="0" total="66308096" percent="0" />
      <mem type="loa" free="669696" total="669696" percent="100" />
    </mem>
  </mem-info>
</gc-start>
<allocation-stats totalBytes="48405352" >
  <allocated-bytes non-tlh="0" tlh="48405352" />
  <largest-consumer threadName="main" threadId="00000000023ECF00" bytes="48405352" />
</allocation-stats>
<gc-op id="7172" type="mark" timems="9.418" contextid="7169" timestamp="2019-08-09T18:54:24.351">
  <trace-info objectcount="596391" scancount="517379" scanbytes="13277388" />
  <finalization candidates="80" enqueued="0" />
  <ownableSynchronizers candidates="21" cleared="0" />
  <references type="soft" candidates="1849" cleared="0" enqueued="0" dynamicThreshold="23" maxThreshold="32" />
  <references type="weak" candidates="5722" cleared="0" enqueued="0" />
  <references type="phantom" candidates="97" cleared="0" enqueued="0" />
  <stringconstants candidates="13275" cleared="0"  />
</gc-op>
<gc-op id="7173" type="sweep" timems="1.189" contextid="7169" timestamp="2019-08-09T18:54:24.352" />
<mem-info id="7174" free="49085152" total="66977792" percent="73">
  <mem type="tenure" free="49085152" total="66977792" percent="73" micro-fragmented="0" macro-fragmented="0">
    <mem type="soa" free="48415456" total="66308096" percent="73" />
    <mem type="loa" free="669696" total="669696" percent="100" />
  </mem>
</mem-info>
<gc-op id="7175" type="compact" timems="70.161" contextid="7169" timestamp="2019-08-09T18:54:24.422">
  <compact-info movecount="453" movebytes="30584" reason="compact to aid heap contraction" />
</gc-op>
<heap-resize id="7176" type="expand" space="tenure" amount="131072" count="1" timems="0.030" reason="satisfy allocation request" timestamp="2019-08-09T18:54:24.452" />
<gc-end id="7177" type="global" contextid="7169" durationms="111.027" usertimems="94.317" systemtimems="9.634" timestamp="2019-08-09T18:54:24.452" activeThreads="16">
  <mem-info id="7178" free="49151616" total="67108864" percent="73">
    <mem type="tenure" free="49151616" total="67108864" percent="73">
      <mem type="soa" free="48480896" total="66438144" percent="72" />
      <mem type="loa" free="670720" total="670720" percent="100" />
    </mem>
  </mem-info>
</gc-end>
<cycle-end id="7179" type="global" contextid="7169" timestamp="2019-08-09T18:54:24.452" />
  <attribute name="elasticGC enabled" value="1" />
  <attribute name= "numThreadsSpecified" value="16" />
  <attribute name="heapSize specified" value="66977792" />
  <attribute name="Current GC Util" value="21" />
  <attribute name= "Current Time Running" value="204366" />
  <attribute name ="GC Interval" value="0" />
  <attribute name="Target GC Util Change" value ="80.000000" />
  <attribute name="Current GC Util Change" value="21.000000"/>
  <attribute name="Current Error" value="-137.000000" />
  <attribute name="Output H" value="67053320"/>
  <attribute name="Output I" value="1856"/>
  <attribute name="Output T" value="16"/>
  <attribute name= "Current Time Running" value="204366" />
  <attribute name="GC Util currently" value="21" />
  <attribute name="CPU Util currently" value="16362804909" />
<allocation-satisfied id="7180" threadId="00000000023ECF00" bytesRequested="544" />
<af-end id="7181" timestamp="2019-08-09T18:54:24.452" threadId="00000000023ED888" success="true" />
<exclusive-end id="7182" timestamp="2019-08-09T18:54:24.452" durationms="111.276" />

<exclusive-start id="7183" timestamp="2019-08-09T18:54:24.463" intervalms="122.328">
  <response-info timems="0.022" idlems="0.022" threads="0" lastid="00000000023ECF00" lastname="main" />
</exclusive-start>
<af-start id="7184" threadId="00000000023ED888" totalBytesRequested="24" timestamp="2019-08-09T18:54:24.463" intervalms="122.336" />
<cycle-start id="7185" type="global" contextid="0" timestamp="2019-08-09T18:54:24.463" intervalms="122.339" />
<gc-start id="7186" type="global" contextid="7185" timestamp="2019-08-09T18:54:24.464">
  <mem-info id="7187" free="670720" total="67108864" percent="0">
    <mem type="tenure" free="670720" total="67108864" percent="0">
      <mem type="soa" free="0" total="66438144" percent="0" />
      <mem type="loa" free="670720" total="670720" percent="100" />
    </mem>
  </mem-info>
</gc-start>
<allocation-stats totalBytes="48477624" >
  <allocated-bytes non-tlh="0" tlh="48477624" />
  <largest-consumer threadName="main" threadId="00000000023ECF00" bytes="48477624" />
</allocation-stats>
<gc-op id="7188" type="mark" timems="11.725" contextid="7185" timestamp="2019-08-09T18:54:24.475">
  <trace-info objectcount="596390" scancount="517376" scanbytes="13277356" />
  <finalization candidates="80" enqueued="0" />
  <ownableSynchronizers candidates="21" cleared="0" />
  <references type="soft" candidates="1849" cleared="0" enqueued="0" dynamicThreshold="23" maxThreshold="32" />
  <references type="weak" candidates="5722" cleared="0" enqueued="0" />
  <references type="phantom" candidates="97" cleared="0" enqueued="0" />
  <stringconstants candidates="13275" cleared="0"  />
</gc-op>
<gc-op id="7189" type="sweep" timems="6.866" contextid="7185" timestamp="2019-08-09T18:54:24.482" />
<mem-info id="7190" free="49217176" total="67108864" percent="73">
  <mem type="tenure" free="49217176" total="67108864" percent="73" micro-fragmented="0" macro-fragmented="0">
    <mem type="soa" free="48546456" total="66438144" percent="73" />
    <mem type="loa" free="670720" total="670720" percent="100" />
  </mem>
</mem-info>
<gc-op id="7191" type="compact" timems="33.811" contextid="7185" timestamp="2019-08-09T18:54:24.516">
  <compact-info movecount="2" movebytes="56" reason="compact to aid heap contraction" />
</gc-op>
<heap-resize id="7192" type="expand" space="tenure" amount="131072" count="1" timems="0.026" reason="satisfy allocation request" timestamp="2019-08-09T18:54:24.519" />
<gc-end id="7193" type="global" contextid="7185" durationms="55.472" usertimems="85.081" systemtimems="4.578" timestamp="2019-08-09T18:54:24.519" activeThreads="16">
  <mem-info id="7194" free="49282720" total="67239936" percent="73">
    <mem type="tenure" free="49282720" total="67239936" percent="73">
      <mem type="soa" free="48610976" total="66568192" percent="73" />
      <mem type="loa" free="671744" total="671744" percent="100" />
    </mem>
  </mem-info>
</gc-end>
<cycle-end id="7195" type="global" contextid="7185" timestamp="2019-08-09T18:54:24.519" />
  <attribute name="elasticGC enabled" value="1" />
  <attribute name= "numThreadsSpecified" value="16" />
  <attribute name="heapSize specified" value="67108864" />
  <attribute name="Current GC Util" value="58" />
  <attribute name= "Current Time Running" value="204460" />
  <attribute name ="GC Interval" value="0" />
  <attribute name="Target GC Util Change" value ="80.000000" />
  <attribute name="Current GC Util Change" value="58.000000"/>
  <attribute name="Current Error" value="-254.000000" />
  <attribute name="Output H" value="67184256"/>
  <attribute name="Output I" value="1720"/>
  <attribute name="Output T" value="16"/>
  <attribute name= "Current Time Running" value="204460" />
  <attribute name="GC Util currently" value="58" />
  <attribute name="CPU Util currently" value="34067537539" />
<allocation-satisfied id="7196" threadId="00000000023ECF00" bytesRequested="24" />
<af-end id="7197" timestamp="2019-08-09T18:54:24.519" threadId="00000000023ED888" success="true" />
<exclusive-end id="7198" timestamp="2019-08-09T18:54:24.519" durationms="55.803" />

<exclusive-start id="7199" timestamp="2019-08-09T18:54:24.544" intervalms="80.749">
  <response-info timems="0.023" idlems="0.023" threads="0" lastid="00000000023ECF00" lastname="main" />
</exclusive-start>
<af-start id="7200" threadId="00000000023ED888" totalBytesRequested="24" timestamp="2019-08-09T18:54:24.547" intervalms="83.507" />
<cycle-start id="7201" type="global" contextid="0" timestamp="2019-08-09T18:54:24.547" intervalms="83.513" />
<gc-start id="7202" type="global" contextid="7201" timestamp="2019-08-09T18:54:24.547">
  <mem-info id="7203" free="671744" total="67239936" percent="0">
    <mem type="tenure" free="671744" total="67239936" percent="0">
      <mem type="soa" free="0" total="66568192" percent="0" />
      <mem type="loa" free="671744" total="671744" percent="100" />
    </mem>
  </mem-info>
</gc-start>
<allocation-stats totalBytes="48610464" >
  <allocated-bytes non-tlh="0" tlh="48610464" />
  <largest-consumer threadName="main" threadId="00000000023ECF00" bytes="48610464" />
</allocation-stats>
<gc-op id="7204" type="mark" timems="32.318" contextid="7201" timestamp="2019-08-09T18:54:24.579">
  <trace-info objectcount="596392" scancount="517383" scanbytes="13277412" />
  <finalization candidates="80" enqueued="0" />
  <ownableSynchronizers candidates="21" cleared="0" />
  <references type="soft" candidates="1849" cleared="0" enqueued="0" dynamicThreshold="23" maxThreshold="32" />
  <references type="weak" candidates="5722" cleared="0" enqueued="0" />
  <references type="phantom" candidates="97" cleared="0" enqueued="0" />
  <stringconstants candidates="13275" cleared="0"  />
</gc-op>
<gc-op id="7205" type="sweep" timems="14.716" contextid="7201" timestamp="2019-08-09T18:54:24.594" />
<mem-info id="7206" free="49348160" total="67239936" percent="73">
  <mem type="tenure" free="49348160" total="67239936" percent="73" micro-fragmented="0" macro-fragmented="0">
    <mem type="soa" free="48676416" total="66568192" percent="73" />
    <mem type="loa" free="671744" total="671744" percent="100" />
  </mem>
</mem-info>
<gc-op id="7207" type="compact" timems="29.466" contextid="7201" timestamp="2019-08-09T18:54:24.624">
  <compact-info movecount="4" movebytes="112" reason="compact to aid heap contraction" />
</gc-op>
<heap-resize id="7208" type="expand" space="tenure" amount="131072" count="1" timems="0.021" reason="satisfy allocation request" timestamp="2019-08-09T18:54:24.624" />
<gc-end id="7209" type="global" contextid="7201" durationms="77.157" usertimems="85.599" systemtimems="30.146" timestamp="2019-08-09T18:54:24.624" activeThreads="16">
  <mem-info id="7210" free="49413736" total="67371008" percent="73">
    <mem type="tenure" free="49413736" total="67371008" percent="73">
      <mem type="soa" free="48740968" total="66698240" percent="73" />
      <mem type="loa" free="672768" total="672768" percent="100" />
    </mem>
  </mem-info>
</gc-end>
<cycle-end id="7211" type="global" contextid="7201" timestamp="2019-08-09T18:54:24.624" />
  <attribute name="elasticGC enabled" value="1" />
  <attribute name= "numThreadsSpecified" value="16" />
  <attribute name="heapSize specified" value="67239936" />
  <attribute name="Current GC Util" value="48" />
  <attribute name= "Current Time Running" value="204568" />
  <attribute name ="GC Interval" value="0" />
  <attribute name="Target GC Util Change" value ="80.000000" />
  <attribute name="Current GC Util Change" value="48.000000"/>
  <attribute name="Current Error" value="32.000000" />
  <attribute name="Output H" value="67315656"/>
  <attribute name="Output I" value="2048"/>
  <attribute name="Output T" value="16"/>
  <attribute name= "Current Time Running" value="204568" />
  <attribute name="GC Util currently" value="48" />
  <attribute name="CPU Util currently" value="39113050835" />
<allocation-satisfied id="7212" threadId="00000000023ECF00" bytesRequested="24" />
<af-end id="7213" timestamp="2019-08-09T18:54:24.624" threadId="00000000023ED888" success="true" />
<exclusive-end id="7214" timestamp="2019-08-09T18:54:24.624" durationms="80.134" />

<exclusive-start id="7215" timestamp="2019-08-09T18:54:24.632" intervalms="87.829">
  <response-info timems="0.021" idlems="0.021" threads="0" lastid="00000000023ECF00" lastname="main" />
</exclusive-start>
<af-start id="7216" threadId="00000000023ED888" totalBytesRequested="40" timestamp="2019-08-09T18:54:24.632" intervalms="85.059" />
<cycle-start id="7217" type="global" contextid="0" timestamp="2019-08-09T18:54:24.632" intervalms="85.042" />
<gc-start id="7218" type="global" contextid="7217" timestamp="2019-08-09T18:54:24.632">
  <mem-info id="7219" free="672768" total="67371008" percent="0">
    <mem type="tenure" free="672768" total="67371008" percent="0">
      <mem type="soa" free="0" total="66698240" percent="0" />
      <mem type="loa" free="672768" total="672768" percent="100" />
    </mem>
  </mem-info>
</gc-start>
<allocation-stats totalBytes="48740760" >
  <allocated-bytes non-tlh="0" tlh="48740760" />
  <largest-consumer threadName="main" threadId="00000000023ECF00" bytes="48740760" />
</allocation-stats>
<gc-op id="7220" type="mark" timems="9.960" contextid="7217" timestamp="2019-08-09T18:54:24.642">
  <trace-info objectcount="596390" scancount="517374" scanbytes="13277356" />
  <finalization candidates="80" enqueued="0" />
  <ownableSynchronizers candidates="21" cleared="0" />
  <references type="soft" candidates="1849" cleared="0" enqueued="0" dynamicThreshold="23" maxThreshold="32" />
  <references type="weak" candidates="5722" cleared="0" enqueued="0" />
  <references type="phantom" candidates="97" cleared="0" enqueued="0" />
  <stringconstants candidates="13275" cleared="0"  />
</gc-op>
<gc-op id="7221" type="sweep" timems="7.104" contextid="7217" timestamp="2019-08-09T18:54:24.649" />
<mem-info id="7222" free="49479288" total="67371008" percent="73">
  <mem type="tenure" free="49479288" total="67371008" percent="73" micro-fragmented="0" macro-fragmented="0">
    <mem type="soa" free="48806520" total="66698240" percent="73" />
    <mem type="loa" free="672768" total="672768" percent="100" />
  </mem>
</mem-info>
<gc-op id="7223" type="compact" timems="73.647" contextid="7217" timestamp="2019-08-09T18:54:24.723">
  <compact-info movecount="2" movebytes="56" reason="compact to aid heap contraction" />
</gc-op>
<heap-resize id="7224" type="expand" space="tenure" amount="131072" count="1" timems="0.023" reason="satisfy allocation request" timestamp="2019-08-09T18:54:24.724" />
<gc-end id="7225" type="global" contextid="7217" durationms="91.822" usertimems="81.157" systemtimems="26.832" timestamp="2019-08-09T18:54:24.724" activeThreads="16">
  <mem-info id="7226" free="49544864" total="67502080" percent="73">
    <mem type="tenure" free="49544864" total="67502080" percent="73">
      <mem type="soa" free="48870048" total="66827264" percent="73" />
      <mem type="loa" free="674816" total="674816" percent="100" />
    </mem>
  </mem-info>
</gc-end>
<cycle-end id="7227" type="global" contextid="7217" timestamp="2019-08-09T18:54:24.724" />
  <attribute name="elasticGC enabled" value="1" />
  <attribute name= "numThreadsSpecified" value="16" />
  <attribute name="heapSize specified" value="67371008" />
  <attribute name="Current GC Util" value="25" />
  <attribute name= "Current Time Running" value="204667" />
  <attribute name ="GC Interval" value="0" />
  <attribute name="Target GC Util Change" value ="80.000000" />
  <attribute name="Current GC Util Change" value="25.000000"/>
  <attribute name="Current Error" value="-559.000000" />
  <attribute name="Output H" value="67446048"/>
  <attribute name="Output I" value="1368"/>
  <attribute name="Output T" value="16"/>
  <attribute name= "Current Time Running" value="204667" />
  <attribute name="GC Util currently" value="25" />
  <attribute name="CPU Util currently" value="15653205782" />
<allocation-satisfied id="7228" threadId="00000000023ECF00" bytesRequested="40" />
<af-end id="7229" timestamp="2019-08-09T18:54:24.724" threadId="00000000023ED888" success="true" />
<exclusive-end id="7230" timestamp="2019-08-09T18:54:24.724" durationms="92.034" />

* Round 3 done in 9.957 seconds.
<exclusive-start id="7231" timestamp="2019-08-09T18:54:24.741" intervalms="108.718">
  <response-info timems="0.018" idlems="0.018" threads="0" lastid="00000000023ECF00" lastname="main" />
</exclusive-start>
<af-start id="7232" threadId="00000000023ED888" totalBytesRequested="16" timestamp="2019-08-09T18:54:24.741" intervalms="108.717" />
<cycle-start id="7233" type="global" contextid="0" timestamp="2019-08-09T18:54:24.741" intervalms="108.716" />
<gc-start id="7234" type="global" contextid="7233" timestamp="2019-08-09T18:54:24.741">
  <mem-info id="7235" free="674816" total="67502080" percent="0">
    <mem type="tenure" free="674816" total="67502080" percent="0">
      <mem type="soa" free="0" total="66827264" percent="0" />
      <mem type="loa" free="674816" total="674816" percent="100" />
    </mem>
  </mem-info>
</gc-start>
<allocation-stats totalBytes="48887288" >
  <allocated-bytes non-tlh="0" tlh="48887288" />
  <largest-consumer threadName="main" threadId="00000000023ECF00" bytes="48887288" />
</allocation-stats>
<gc-op id="7236" type="mark" timems="15.123" contextid="7233" timestamp="2019-08-09T18:54:24.756">
  <trace-info objectcount="596763" scancount="517751" scanbytes="13289464" />
  <finalization candidates="80" enqueued="0" />
  <ownableSynchronizers candidates="21" cleared="0" />
  <references type="soft" candidates="1855" cleared="0" enqueued="0" dynamicThreshold="23" maxThreshold="32" />
  <references type="weak" candidates="5722" cleared="0" enqueued="0" />
  <references type="phantom" candidates="97" cleared="0" enqueued="0" />
  <stringconstants candidates="13275" cleared="0"  />
</gc-op>
<gc-op id="7237" type="sweep" timems="4.183" contextid="7233" timestamp="2019-08-09T18:54:24.760" />
<mem-info id="7238" free="49589768" total="67502080" percent="73">
  <mem type="tenure" free="49589768" total="67502080" percent="73" micro-fragmented="0" macro-fragmented="0">
    <mem type="soa" free="48914952" total="66827264" percent="73" />
    <mem type="loa" free="674816" total="674816" percent="100" />
  </mem>
</mem-info>
<gc-op id="7239" type="compact" timems="49.652" contextid="7233" timestamp="2019-08-09T18:54:24.810">
  <compact-info movecount="824" movebytes="42264" reason="compact to aid heap contraction" />
</gc-op>
<heap-resize id="7240" type="expand" space="tenure" amount="131072" count="1" timems="0.025" reason="satisfy allocation request" timestamp="2019-08-09T18:54:24.818" />
<gc-end id="7241" type="global" contextid="7233" durationms="77.257" usertimems="71.665" systemtimems="18.556" timestamp="2019-08-09T18:54:24.818" activeThreads="16">
  <mem-info id="7242" free="49664200" total="67633152" percent="73">
    <mem type="tenure" free="49664200" total="67633152" percent="73">
      <mem type="soa" free="48988360" total="66957312" percent="73" />
      <mem type="loa" free="675840" total="675840" percent="100" />
    </mem>
  </mem-info>
</gc-end>
<cycle-end id="7243" type="global" contextid="7233" timestamp="2019-08-09T18:54:24.818" />
  <attribute name="elasticGC enabled" value="1" />
  <attribute name= "numThreadsSpecified" value="16" />
  <attribute name="heapSize specified" value="67502080" />
  <attribute name="Current GC Util" value="17" />
  <attribute name= "Current Time Running" value="204754" />
  <attribute name ="GC Interval" value="0" />
  <attribute name="Target GC Util Change" value ="80.000000" />
  <attribute name="Current GC Util Change" value="17.000000"/>
  <attribute name="Current Error" value="-200.000000" />
  <attribute name="Output H" value="67577536"/>
  <attribute name="Output I" value="1784"/>
  <attribute name="Output T" value="16"/>
  <attribute name= "Current Time Running" value="204754" />
  <attribute name="GC Util currently" value="17" />
  <attribute name="CPU Util currently" value="23194585992" />
<allocation-satisfied id="7244" threadId="00000000023ECF00" bytesRequested="16" />
<af-end id="7245" timestamp="2019-08-09T18:54:24.818" threadId="00000000023ED888" success="true" />
<exclusive-end id="7246" timestamp="2019-08-09T18:54:24.818" durationms="77.592" />

<exclusive-start id="7247" timestamp="2019-08-09T18:54:25.464" intervalms="723.518">
  <response-info timems="0.020" idlems="0.020" threads="0" lastid="00000000023ECF00" lastname="main" />
</exclusive-start>
<af-start id="7248" threadId="00000000023ED888" totalBytesRequested="1168" timestamp="2019-08-09T18:54:25.464" intervalms="723.542" />
<cycle-start id="7249" type="global" contextid="0" timestamp="2019-08-09T18:54:25.464" intervalms="723.550" />
<gc-start id="7250" type="global" contextid="7249" timestamp="2019-08-09T18:54:25.464">
  <mem-info id="7251" free="675840" total="67633152" percent="0">
    <mem type="tenure" free="675840" total="67633152" percent="0">
      <mem type="soa" free="0" total="66957312" percent="0" />
      <mem type="loa" free="675840" total="675840" percent="100" />
    </mem>
  </mem-info>
</gc-start>
<allocation-stats totalBytes="49026768" >
  <allocated-bytes non-tlh="0" tlh="49026768" />
  <largest-consumer threadName="main" threadId="00000000023ECF00" bytes="49026768" />
</allocation-stats>
<gc-op id="7252" type="mark" timems="43.380" contextid="7249" timestamp="2019-08-09T18:54:25.508">
  <trace-info objectcount="596777" scancount="517762" scanbytes="13289784" />
  <finalization candidates="80" enqueued="0" />
  <ownableSynchronizers candidates="21" cleared="0" />
  <references type="soft" candidates="1855" cleared="0" enqueued="0" dynamicThreshold="23" maxThreshold="32" />
  <references type="weak" candidates="5722" cleared="0" enqueued="0" />
  <references type="phantom" candidates="97" cleared="0" enqueued="0" />
  <stringconstants candidates="13275" cleared="0"  />
</gc-op>
<gc-op id="7253" type="sweep" timems="9.287" contextid="7249" timestamp="2019-08-09T18:54:25.517" />
<mem-info id="7254" free="49725088" total="67633152" percent="73">
  <mem type="tenure" free="49725088" total="67633152" percent="73" micro-fragmented="0" macro-fragmented="0">
    <mem type="soa" free="49049248" total="66957312" percent="73" />
    <mem type="loa" free="675840" total="675840" percent="100" />
  </mem>
</mem-info>
<gc-op id="7255" type="compact" timems="76.244" contextid="7249" timestamp="2019-08-09T18:54:25.593">
  <compact-info movecount="836" movebytes="43680" reason="compact to aid heap contraction" />
</gc-op>
<heap-resize id="7256" type="expand" space="tenure" amount="131072" count="1" timems="0.021" reason="satisfy allocation request" timestamp="2019-08-09T18:54:25.594" />
<gc-end id="7257" type="global" contextid="7249" durationms="129.732" usertimems="87.733" systemtimems="24.547" timestamp="2019-08-09T18:54:25.594" activeThreads="16">
  <mem-info id="7258" free="49793808" total="67764224" percent="73">
    <mem type="tenure" free="49793808" total="67764224" percent="73">
      <mem type="soa" free="49116944" total="67087360" percent="73" />
      <mem type="loa" free="676864" total="676864" percent="100" />
    </mem>
  </mem-info>
</gc-end>
<cycle-end id="7259" type="global" contextid="7249" timestamp="2019-08-09T18:54:25.594" />
  <attribute name="elasticGC enabled" value="1" />
  <attribute name= "numThreadsSpecified" value="16" />
  <attribute name="heapSize specified" value="67633152" />
  <attribute name="Current GC Util" value="21" />
  <attribute name= "Current Time Running" value="205537" />
  <attribute name ="GC Interval" value="0" />
  <attribute name="Target GC Util Change" value ="80.000000" />
  <attribute name="Current GC Util Change" value="21.000000"/>
  <attribute name="Current Error" value="59.000000" />
  <attribute name="Output H" value="67708904"/>
  <attribute name="Output I" value="2080"/>
  <attribute name="Output T" value="16"/>
  <attribute name= "Current Time Running" value="205537" />
  <attribute name="GC Util currently" value="21" />
  <attribute name="CPU Util currently" value="15118588334" />
<allocation-satisfied id="7260" threadId="00000000023ECF00" bytesRequested="1168" />
<af-end id="7261" timestamp="2019-08-09T18:54:25.594" threadId="00000000023ED888" success="true" />
<exclusive-end id="7262" timestamp="2019-08-09T18:54:25.594" durationms="129.974" />

<exclusive-start id="7263" timestamp="2019-08-09T18:54:25.600" intervalms="135.533">
  <response-info timems="0.024" idlems="0.024" threads="0" lastid="00000000023ECF00" lastname="main" />
</exclusive-start>
<af-start id="7264" threadId="00000000023ED888" totalBytesRequested="1168" timestamp="2019-08-09T18:54:25.600" intervalms="135.511" />
<cycle-start id="7265" type="global" contextid="0" timestamp="2019-08-09T18:54:25.600" intervalms="135.504" />
<gc-start id="7266" type="global" contextid="7265" timestamp="2019-08-09T18:54:25.600">
  <mem-info id="7267" free="676864" total="67764224" percent="0">
    <mem type="tenure" free="676864" total="67764224" percent="0">
      <mem type="soa" free="0" total="67087360" percent="0" />
      <mem type="loa" free="676864" total="676864" percent="100" />
    </mem>
  </mem-info>
</gc-start>
<allocation-stats totalBytes="48999104" >
  <allocated-bytes non-tlh="0" tlh="48999104" />
  <largest-consumer threadName="main" threadId="00000000023ECF00" bytes="48999104" />
</allocation-stats>
<gc-op id="7268" type="mark" timems="7.707" contextid="7265" timestamp="2019-08-09T18:54:25.608">
  <trace-info objectcount="596777" scancount="517757" scanbytes="13289784" />
  <finalization candidates="80" enqueued="0" />
  <ownableSynchronizers candidates="21" cleared="0" />
  <references type="soft" candidates="1855" cleared="0" enqueued="0" dynamicThreshold="23" maxThreshold="32" />
  <references type="weak" candidates="5722" cleared="0" enqueued="0" />
  <references type="phantom" candidates="97" cleared="0" enqueued="0" />
  <stringconstants candidates="13275" cleared="0"  />
</gc-op>
<gc-op id="7269" type="sweep" timems="1.774" contextid="7265" timestamp="2019-08-09T18:54:25.609" />
<mem-info id="7270" free="49858928" total="67764224" percent="73">
  <mem type="tenure" free="49858928" total="67764224" percent="73" micro-fragmented="0" macro-fragmented="0">
    <mem type="soa" free="49182064" total="67087360" percent="73" />
    <mem type="loa" free="676864" total="676864" percent="100" />
  </mem>
</mem-info>
<gc-op id="7271" type="compact" timems="44.725" contextid="7265" timestamp="2019-08-09T18:54:25.654">
  <compact-info movecount="1" movebytes="32" reason="compact to aid heap contraction" />
</gc-op>
<heap-resize id="7272" type="expand" space="tenure" amount="131072" count="1" timems="0.030" reason="satisfy allocation request" timestamp="2019-08-09T18:54:25.661" />
<gc-end id="7273" type="global" contextid="7265" durationms="61.175" usertimems="83.525" systemtimems="1.276" timestamp="2019-08-09T18:54:25.661" activeThreads="16">
  <mem-info id="7274" free="49924880" total="67895296" percent="73">
    <mem type="tenure" free="49924880" total="67895296" percent="73">
      <mem type="soa" free="49245968" total="67216384" percent="73" />
      <mem type="loa" free="678912" total="678912" percent="100" />
    </mem>
  </mem-info>
</gc-end>
<cycle-end id="7275" type="global" contextid="7265" timestamp="2019-08-09T18:54:25.661" />
  <attribute name="elasticGC enabled" value="1" />
  <attribute name= "numThreadsSpecified" value="16" />
  <attribute name="heapSize specified" value="67764224" />
  <attribute name="Current GC Util" value="15" />
  <attribute name= "Current Time Running" value="205598" />
  <attribute name ="GC Interval" value="0" />
  <attribute name="Target GC Util Change" value ="80.000000" />
  <attribute name="Current GC Util Change" value="15.000000"/>
  <attribute name="Current Error" value="-919.000000" />
  <attribute name="Output H" value="67838848"/>
  <attribute name="Output I" value="952"/>
  <attribute name="Output T" value="16"/>
  <attribute name= "Current Time Running" value="205598" />
  <attribute name="GC Util currently" value="15" />
  <attribute name="CPU Util currently" value="25726026142" />
<allocation-satisfied id="7276" threadId="00000000023ECF00" bytesRequested="1168" />
<af-end id="7277" timestamp="2019-08-09T18:54:25.661" threadId="00000000023ED888" success="true" />
<exclusive-end id="7278" timestamp="2019-08-09T18:54:25.661" durationms="61.400" />

<exclusive-start id="7279" timestamp="2019-08-09T18:54:25.722" intervalms="122.624">
  <response-info timems="0.025" idlems="0.025" threads="0" lastid="00000000023ECF00" lastname="main" />
</exclusive-start>
<af-start id="7280" threadId="00000000023ED888" totalBytesRequested="1168" timestamp="2019-08-09T18:54:25.722" intervalms="122.638" />
<cycle-start id="7281" type="global" contextid="0" timestamp="2019-08-09T18:54:25.722" intervalms="122.644" />
<gc-start id="7282" type="global" contextid="7281" timestamp="2019-08-09T18:54:25.723">
  <mem-info id="7283" free="678912" total="67895296" percent="0">
    <mem type="tenure" free="678912" total="67895296" percent="0">
      <mem type="soa" free="0" total="67216384" percent="0" />
      <mem type="loa" free="678912" total="678912" percent="100" />
    </mem>
  </mem-info>
</gc-start>
<allocation-stats totalBytes="49146120" >
  <allocated-bytes non-tlh="0" tlh="49146120" />
  <largest-consumer threadName="main" threadId="00000000023ECF00" bytes="49146120" />
</allocation-stats>
<gc-op id="7284" type="mark" timems="35.207" contextid="7281" timestamp="2019-08-09T18:54:25.758">
  <trace-info objectcount="596778" scancount="517761" scanbytes="13289808" />
  <finalization candidates="80" enqueued="0" />
  <ownableSynchronizers candidates="21" cleared="0" />
  <references type="soft" candidates="1855" cleared="0" enqueued="0" dynamicThreshold="23" maxThreshold="32" />
  <references type="weak" candidates="5722" cleared="0" enqueued="0" />
  <references type="phantom" candidates="97" cleared="0" enqueued="0" />
  <stringconstants candidates="13275" cleared="0"  />
</gc-op>
<gc-op id="7285" type="sweep" timems="4.059" contextid="7281" timestamp="2019-08-09T18:54:25.762" />
<mem-info id="7286" free="49990392" total="67895296" percent="73">
  <mem type="tenure" free="49990392" total="67895296" percent="73" micro-fragmented="0" macro-fragmented="0">
    <mem type="soa" free="49311480" total="67216384" percent="73" />
    <mem type="loa" free="678912" total="678912" percent="100" />
  </mem>
</mem-info>
<gc-op id="7287" type="compact" timems="30.549" contextid="7281" timestamp="2019-08-09T18:54:25.792">
  <compact-info movecount="2" movebytes="56" reason="compact to aid heap contraction" />
</gc-op>
<heap-resize id="7288" type="expand" space="tenure" amount="131072" count="1" timems="0.023" reason="satisfy allocation request" timestamp="2019-08-09T18:54:25.797" />
<gc-end id="7289" type="global" contextid="7281" durationms="74.560" usertimems="99.314" systemtimems="17.565" timestamp="2019-08-09T18:54:25.797" activeThreads="16">
  <mem-info id="7290" free="50055928" total="68026368" percent="73">
    <mem type="tenure" free="50055928" total="68026368" percent="73">
      <mem type="soa" free="49375992" total="67346432" percent="73" />
      <mem type="loa" free="679936" total="679936" percent="100" />
    </mem>
  </mem-info>
</gc-end>
<cycle-end id="7291" type="global" contextid="7281" timestamp="2019-08-09T18:54:25.797" />
  <attribute name="elasticGC enabled" value="1" />
  <attribute name= "numThreadsSpecified" value="16" />
  <attribute name="heapSize specified" value="67895296" />
  <attribute name="Current GC Util" value="40" />
  <attribute name= "Current Time Running" value="205736" />
  <attribute name ="GC Interval" value="0" />
  <attribute name="Target GC Util Change" value ="80.000000" />
  <attribute name="Current GC Util Change" value="40.000000"/>
  <attribute name="Current Error" value="-69.000000" />
  <attribute name="Output H" value="67970904"/>
  <attribute name="Output I" value="1936"/>
  <attribute name="Output T" value="16"/>
  <attribute name= "Current Time Running" value="205736" />
  <attribute name="GC Util currently" value="40" />
  <attribute name="CPU Util currently" value="37707405673" />
<allocation-satisfied id="7292" threadId="00000000023ECF00" bytesRequested="1168" />
<af-end id="7293" timestamp="2019-08-09T18:54:25.797" threadId="00000000023ED888" success="true" />
<exclusive-end id="7294" timestamp="2019-08-09T18:54:25.797" durationms="74.785" />

<exclusive-start id="7295" timestamp="2019-08-09T18:54:25.807" intervalms="84.353">
  <response-info timems="0.030" idlems="0.030" threads="0" lastid="00000000023ECF00" lastname="main" />
</exclusive-start>
<af-start id="7296" threadId="00000000023ED888" totalBytesRequested="1168" timestamp="2019-08-09T18:54:25.807" intervalms="84.354" />
<cycle-start id="7297" type="global" contextid="0" timestamp="2019-08-09T18:54:25.807" intervalms="84.361" />
<gc-start id="7298" type="global" contextid="7297" timestamp="2019-08-09T18:54:25.807">
  <mem-info id="7299" free="679936" total="68026368" percent="0">
    <mem type="tenure" free="679936" total="68026368" percent="0">
      <mem type="soa" free="0" total="67346432" percent="0" />
      <mem type="loa" free="679936" total="679936" percent="100" />
    </mem>
  </mem-info>
</gc-start>
<allocation-stats totalBytes="49275768" >
  <allocated-bytes non-tlh="0" tlh="49275768" />
  <largest-consumer threadName="main" threadId="00000000023ECF00" bytes="49275768" />
</allocation-stats>
<gc-op id="7300" type="mark" timems="132.373" contextid="7297" timestamp="2019-08-09T18:54:25.939">
  <trace-info objectcount="596778" scancount="517764" scanbytes="13289808" />
  <finalization candidates="80" enqueued="0" />
  <ownableSynchronizers candidates="21" cleared="0" />
  <references type="soft" candidates="1855" cleared="0" enqueued="0" dynamicThreshold="23" maxThreshold="32" />
  <references type="weak" candidates="5722" cleared="0" enqueued="0" />
  <references type="phantom" candidates="97" cleared="0" enqueued="0" />
  <stringconstants candidates="13275" cleared="0"  />
</gc-op>
<gc-op id="7301" type="sweep" timems="2.869" contextid="7297" timestamp="2019-08-09T18:54:25.942" />
<mem-info id="7302" free="50121464" total="68026368" percent="73">
  <mem type="tenure" free="50121464" total="68026368" percent="73" micro-fragmented="0" macro-fragmented="0">
    <mem type="soa" free="49441528" total="67346432" percent="73" />
    <mem type="loa" free="679936" total="679936" percent="100" />
  </mem>
</mem-info>
<gc-op id="7303" type="compact" timems="36.098" contextid="7297" timestamp="2019-08-09T18:54:25.978">
  <compact-info movecount="2" movebytes="56" reason="compact to aid heap contraction" />
</gc-op>
<heap-resize id="7304" type="expand" space="tenure" amount="131072" count="1" timems="0.022" reason="satisfy allocation request" timestamp="2019-08-09T18:54:25.979" />
<gc-end id="7305" type="global" contextid="7297" durationms="171.979" usertimems="164.784" systemtimems="111.328" timestamp="2019-08-09T18:54:25.979" activeThreads="16">
  <mem-info id="7306" free="50187000" total="68157440" percent="73">
    <mem type="tenure" free="50187000" total="68157440" percent="73">
      <mem type="soa" free="49506040" total="67476480" percent="73" />
      <mem type="loa" free="680960" total="680960" percent="100" />
    </mem>
  </mem-info>
</gc-end>
<cycle-end id="7307" type="global" contextid="7297" timestamp="2019-08-09T18:54:25.979" />
  <attribute name="elasticGC enabled" value="1" />
  <attribute name= "numThreadsSpecified" value="16" />
  <attribute name="heapSize specified" value="68026368" />
  <attribute name="Current GC Util" value="80" />
  <attribute name= "Current Time Running" value="205922" />
  <attribute name ="GC Interval" value="0" />
  <attribute name="Target GC Util Change" value ="80.000000" />
  <attribute name="Current GC Util Change" value="80.000000"/>
  <attribute name="Current Error" value="0.000000" />
  <attribute name="Output H" value="68102048"/>
  <attribute name="Output I" value="2008"/>
  <attribute name="Output T" value="16"/>
  <attribute name= "Current Time Running" value="205922" />
  <attribute name="GC Util currently" value="80" />
  <attribute name="CPU Util currently" value="31916502631" />
<allocation-satisfied id="7308" threadId="00000000023ECF00" bytesRequested="1168" />
<af-end id="7309" timestamp="2019-08-09T18:54:25.979" threadId="00000000023ED888" success="true" />
<exclusive-end id="7310" timestamp="2019-08-09T18:54:25.979" durationms="172.244" />

<exclusive-start id="7311" timestamp="2019-08-09T18:54:25.986" intervalms="179.123">
  <response-info timems="0.029" idlems="0.029" threads="0" lastid="00000000023ECF00" lastname="main" />
</exclusive-start>
<af-start id="7312" threadId="00000000023ED888" totalBytesRequested="1168" timestamp="2019-08-09T18:54:25.986" intervalms="179.120" />
<cycle-start id="7313" type="global" contextid="0" timestamp="2019-08-09T18:54:25.986" intervalms="179.233" />
<gc-start id="7314" type="global" contextid="7313" timestamp="2019-08-09T18:54:25.986">
  <mem-info id="7315" free="680960" total="68157440" percent="0">
    <mem type="tenure" free="680960" total="68157440" percent="0">
      <mem type="soa" free="0" total="67476480" percent="0" />
      <mem type="loa" free="680960" total="680960" percent="100" />
    </mem>
  </mem-info>
</gc-start>
<allocation-stats totalBytes="49406432" >
  <allocated-bytes non-tlh="0" tlh="49406432" />
  <largest-consumer threadName="main" threadId="00000000023ECF00" bytes="49406432" />
</allocation-stats>
<gc-op id="7316" type="mark" timems="14.652" contextid="7313" timestamp="2019-08-09T18:54:26.001">
  <trace-info objectcount="596778" scancount="517760" scanbytes="13289808" />
  <finalization candidates="80" enqueued="0" />
  <ownableSynchronizers candidates="21" cleared="0" />
  <references type="soft" candidates="1855" cleared="0" enqueued="0" dynamicThreshold="23" maxThreshold="32" />
  <references type="weak" candidates="5722" cleared="0" enqueued="0" />
  <references type="phantom" candidates="97" cleared="0" enqueued="0" />
  <stringconstants candidates="13275" cleared="0"  />
</gc-op>
<gc-op id="7317" type="sweep" timems="6.974" contextid="7313" timestamp="2019-08-09T18:54:26.008" />
<mem-info id="7318" free="50252536" total="68157440" percent="73">
  <mem type="tenure" free="50252536" total="68157440" percent="73" micro-fragmented="0" macro-fragmented="0">
    <mem type="soa" free="49571576" total="67476480" percent="73" />
    <mem type="loa" free="680960" total="680960" percent="100" />
  </mem>
</mem-info>
<gc-op id="7319" type="compact" timems="48.216" contextid="7313" timestamp="2019-08-09T18:54:26.056">
  <compact-info movecount="2" movebytes="56" reason="compact to aid heap contraction" />
</gc-op>
<heap-resize id="7320" type="expand" space="tenure" amount="131072" count="1" timems="0.021" reason="satisfy allocation request" timestamp="2019-08-09T18:54:26.057" />
<gc-end id="7321" type="global" contextid="7313" durationms="71.078" usertimems="77.382" systemtimems="8.187" timestamp="2019-08-09T18:54:26.057" activeThreads="16">
  <mem-info id="7322" free="50318072" total="68288512" percent="73">
    <mem type="tenure" free="50318072" total="68288512" percent="73">
      <mem type="soa" free="49636088" total="67606528" percent="73" />
      <mem type="loa" free="681984" total="681984" percent="100" />
    </mem>
  </mem-info>
</gc-end>
<cycle-end id="7323" type="global" contextid="7313" timestamp="2019-08-09T18:54:26.057" />
  <attribute name="elasticGC enabled" value="1" />
  <attribute name= "numThreadsSpecified" value="16" />
  <attribute name="heapSize specified" value="68157440" />
  <attribute name="Current GC Util" value="29" />
  <attribute name= "Current Time Running" value="206000" />
  <attribute name ="GC Interval" value="0" />
  <attribute name="Target GC Util Change" value ="80.000000" />
  <attribute name="Current GC Util Change" value="29.000000"/>
  <attribute name="Current Error" value="-321.000000" />
  <attribute name="Output H" value="68232752"/>
  <attribute name="Output I" value="1640"/>
  <attribute name="Output T" value="16"/>
  <attribute name= "Current Time Running" value="206000" />
  <attribute name="GC Util currently" value="29" />
  <attribute name="CPU Util currently" value="23788924731" />
<allocation-satisfied id="7324" threadId="00000000023ECF00" bytesRequested="1168" />
<af-end id="7325" timestamp="2019-08-09T18:54:26.057" threadId="00000000023ED888" success="true" />
<exclusive-end id="7326" timestamp="2019-08-09T18:54:26.057" durationms="71.502" />

<exclusive-start id="7327" timestamp="2019-08-09T18:54:26.072" intervalms="85.654">
  <response-info timems="0.024" idlems="0.024" threads="0" lastid="00000000023ECF00" lastname="main" />
</exclusive-start>
<af-start id="7328" threadId="00000000023ED888" totalBytesRequested="1168" timestamp="2019-08-09T18:54:26.072" intervalms="85.656" />
<cycle-start id="7329" type="global" contextid="0" timestamp="2019-08-09T18:54:26.072" intervalms="85.533" />
<gc-start id="7330" type="global" contextid="7329" timestamp="2019-08-09T18:54:26.072">
  <mem-info id="7331" free="681984" total="68288512" percent="0">
    <mem type="tenure" free="681984" total="68288512" percent="0">
      <mem type="soa" free="0" total="67606528" percent="0" />
      <mem type="loa" free="681984" total="681984" percent="100" />
    </mem>
  </mem-info>
</gc-start>
<allocation-stats totalBytes="49535840" >
  <allocated-bytes non-tlh="0" tlh="49535840" />
  <largest-consumer threadName="main" threadId="00000000023ECF00" bytes="49535840" />
</allocation-stats>
<gc-op id="7332" type="mark" timems="15.981" contextid="7329" timestamp="2019-08-09T18:54:26.088">
  <trace-info objectcount="596778" scancount="517762" scanbytes="13289808" />
  <finalization candidates="80" enqueued="0" />
  <ownableSynchronizers candidates="21" cleared="0" />
  <references type="soft" candidates="1855" cleared="0" enqueued="0" dynamicThreshold="23" maxThreshold="32" />
  <references type="weak" candidates="5722" cleared="0" enqueued="0" />
  <references type="phantom" candidates="97" cleared="0" enqueued="0" />
  <stringconstants candidates="13275" cleared="0"  />
</gc-op>
<gc-op id="7333" type="sweep" timems="5.829" contextid="7329" timestamp="2019-08-09T18:54:26.094" />
<mem-info id="7334" free="50383432" total="68288512" percent="73">
  <mem type="tenure" free="50383432" total="68288512" percent="73" micro-fragmented="0" macro-fragmented="0">
    <mem type="soa" free="49701448" total="67606528" percent="73" />
    <mem type="loa" free="681984" total="681984" percent="100" />
  </mem>
</mem-info>
<gc-op id="7335" type="compact" timems="25.353" contextid="7329" timestamp="2019-08-09T18:54:26.119">
  <compact-info movecount="2" movebytes="56" reason="compact to aid heap contraction" />
</gc-op>
<heap-resize id="7336" type="expand" space="tenure" amount="131072" count="1" timems="0.021" reason="satisfy allocation request" timestamp="2019-08-09T18:54:26.120" />
<gc-end id="7337" type="global" contextid="7329" durationms="48.478" usertimems="80.307" systemtimems="15.300" timestamp="2019-08-09T18:54:26.120" activeThreads="16">
  <mem-info id="7338" free="50449144" total="68419584" percent="73">
    <mem type="tenure" free="50449144" total="68419584" percent="73">
      <mem type="soa" free="49765112" total="67735552" percent="73" />
      <mem type="loa" free="684032" total="684032" percent="100" />
    </mem>
  </mem-info>
</gc-end>
<cycle-end id="7339" type="global" contextid="7329" timestamp="2019-08-09T18:54:26.120" />
  <attribute name="elasticGC enabled" value="1" />
  <attribute name= "numThreadsSpecified" value="16" />
  <attribute name="heapSize specified" value="68288512" />
  <attribute name="Current GC Util" value="53" />
  <attribute name= "Current Time Running" value="206063" />
  <attribute name ="GC Interval" value="0" />
  <attribute name="Target GC Util Change" value ="80.000000" />
  <attribute name="Current GC Util Change" value="53.000000"/>
  <attribute name="Current Error" value="-190.000000" />
  <attribute name="Output H" value="68363976"/>
  <attribute name="Output I" value="1792"/>
  <attribute name="Output T" value="16"/>
  <attribute name= "Current Time Running" value="206063" />
  <attribute name="GC Util currently" value="53" />
  <attribute name="CPU Util currently" value="45462842992" />
<allocation-satisfied id="7340" threadId="00000000023ECF00" bytesRequested="1168" />
<af-end id="7341" timestamp="2019-08-09T18:54:26.120" threadId="00000000023ED888" success="true" />
<exclusive-end id="7342" timestamp="2019-08-09T18:54:26.120" durationms="48.696" />

<exclusive-start id="7343" timestamp="2019-08-09T18:54:26.140" intervalms="68.779">
  <response-info timems="0.023" idlems="0.023" threads="0" lastid="00000000023ECF00" lastname="main" />
</exclusive-start>
<af-start id="7344" threadId="00000000023ED888" totalBytesRequested="1168" timestamp="2019-08-09T18:54:26.140" intervalms="68.773" />
<cycle-start id="7345" type="global" contextid="0" timestamp="2019-08-09T18:54:26.140" intervalms="68.781" />
<gc-start id="7346" type="global" contextid="7345" timestamp="2019-08-09T18:54:26.140">
  <mem-info id="7347" free="684032" total="68419584" percent="0">
    <mem type="tenure" free="684032" total="68419584" percent="0">
      <mem type="soa" free="0" total="67735552" percent="0" />
      <mem type="loa" free="684032" total="684032" percent="100" />
    </mem>
  </mem-info>
</gc-start>
<allocation-stats totalBytes="49664016" >
  <allocated-bytes non-tlh="0" tlh="49664016" />
  <largest-consumer threadName="main" threadId="00000000023ECF00" bytes="49664016" />
</allocation-stats>
<gc-op id="7348" type="mark" timems="58.563" contextid="7345" timestamp="2019-08-09T18:54:26.199">
  <trace-info objectcount="596778" scancount="517788" scanbytes="13289808" />
  <finalization candidates="80" enqueued="0" />
  <ownableSynchronizers candidates="21" cleared="0" />
  <references type="soft" candidates="1855" cleared="0" enqueued="0" dynamicThreshold="23" maxThreshold="32" />
  <references type="weak" candidates="5722" cleared="0" enqueued="0" />
  <references type="phantom" candidates="97" cleared="0" enqueued="0" />
  <stringconstants candidates="13275" cleared="0"  />
</gc-op>
<gc-op id="7349" type="sweep" timems="9.105" contextid="7345" timestamp="2019-08-09T18:54:26.208" />
<mem-info id="7350" free="50514088" total="68419584" percent="73">
  <mem type="tenure" free="50514088" total="68419584" percent="73" micro-fragmented="0" macro-fragmented="0">
    <mem type="soa" free="49830056" total="67735552" percent="73" />
    <mem type="loa" free="684032" total="684032" percent="100" />
  </mem>
</mem-info>
<gc-op id="7351" type="compact" timems="29.220" contextid="7345" timestamp="2019-08-09T18:54:26.237">
  <compact-info movecount="2" movebytes="56" reason="compact to aid heap contraction" />
</gc-op>
<heap-resize id="7352" type="expand" space="tenure" amount="131072" count="1" timems="0.025" reason="satisfy allocation request" timestamp="2019-08-09T18:54:26.239" />
<gc-end id="7353" type="global" contextid="7345" durationms="98.883" usertimems="158.763" systemtimems="60.509" timestamp="2019-08-09T18:54:26.239" activeThreads="16">
  <mem-info id="7354" free="50580216" total="68550656" percent="73">
    <mem type="tenure" free="50580216" total="68550656" percent="73">
      <mem type="soa" free="49895160" total="67865600" percent="73" />
      <mem type="loa" free="685056" total="685056" percent="100" />
    </mem>
  </mem-info>
</gc-end>
<cycle-end id="7355" type="global" contextid="7345" timestamp="2019-08-09T18:54:26.239" />
  <attribute name="elasticGC enabled" value="1" />
  <attribute name= "numThreadsSpecified" value="16" />
  <attribute name="heapSize specified" value="68419584" />
  <attribute name="Current GC Util" value="35" />
  <attribute name= "Current Time Running" value="206181" />
  <attribute name ="GC Interval" value="0" />
  <attribute name="Target GC Util Change" value ="80.000000" />
  <attribute name="Current GC Util Change" value="35.000000"/>
  <attribute name="Current Error" value="45.000000" />
  <attribute name="Output H" value="68495320"/>
  <attribute name="Output I" value="2064"/>
  <attribute name="Output T" value="16"/>
  <attribute name= "Current Time Running" value="206181" />
  <attribute name="GC Util currently" value="35" />
  <attribute name="CPU Util currently" value="39422977554" />
<allocation-satisfied id="7356" threadId="00000000023ECF00" bytesRequested="1168" />
<af-end id="7357" timestamp="2019-08-09T18:54:26.239" threadId="00000000023ED888" success="true" />
<exclusive-end id="7358" timestamp="2019-08-09T18:54:26.239" durationms="99.138" />

<exclusive-start id="7359" timestamp="2019-08-09T18:54:26.246" intervalms="105.302">
  <response-info timems="0.021" idlems="0.021" threads="0" lastid="00000000023ECF00" lastname="main" />
</exclusive-start>
<af-start id="7360" threadId="00000000023ED888" totalBytesRequested="1168" timestamp="2019-08-09T18:54:26.246" intervalms="105.309" />
<cycle-start id="7361" type="global" contextid="0" timestamp="2019-08-09T18:54:26.246" intervalms="105.300" />
<gc-start id="7362" type="global" contextid="7361" timestamp="2019-08-09T18:54:26.246">
  <mem-info id="7363" free="685056" total="68550656" percent="0">
    <mem type="tenure" free="685056" total="68550656" percent="0">
      <mem type="soa" free="0" total="67865600" percent="0" />
      <mem type="loa" free="685056" total="685056" percent="100" />
    </mem>
  </mem-info>
</gc-start>
<allocation-stats totalBytes="49793424" >
  <allocated-bytes non-tlh="0" tlh="49793424" />
  <largest-consumer threadName="main" threadId="00000000023ECF00" bytes="49793424" />
</allocation-stats>
<gc-op id="7364" type="mark" timems="16.058" contextid="7361" timestamp="2019-08-09T18:54:26.262">
  <trace-info objectcount="596778" scancount="517763" scanbytes="13289808" />
  <finalization candidates="80" enqueued="0" />
  <ownableSynchronizers candidates="21" cleared="0" />
  <references type="soft" candidates="1855" cleared="0" enqueued="0" dynamicThreshold="23" maxThreshold="32" />
  <references type="weak" candidates="5722" cleared="0" enqueued="0" />
  <references type="phantom" candidates="97" cleared="0" enqueued="0" />
  <stringconstants candidates="13275" cleared="0"  />
</gc-op>
<gc-op id="7365" type="sweep" timems="10.143" contextid="7361" timestamp="2019-08-09T18:54:26.272" />
<mem-info id="7366" free="50645752" total="68550656" percent="73">
  <mem type="tenure" free="50645752" total="68550656" percent="73" micro-fragmented="0" macro-fragmented="0">
    <mem type="soa" free="49960696" total="67865600" percent="73" />
    <mem type="loa" free="685056" total="685056" percent="100" />
  </mem>
</mem-info>
<gc-op id="7367" type="compact" timems="78.128" contextid="7361" timestamp="2019-08-09T18:54:26.350">
  <compact-info movecount="2" movebytes="56" reason="compact to aid heap contraction" />
</gc-op>
<heap-resize id="7368" type="expand" space="tenure" amount="131072" count="1" timems="0.020" reason="satisfy allocation request" timestamp="2019-08-09T18:54:26.352" />
<gc-end id="7369" type="global" contextid="7361" durationms="106.738" usertimems="63.624" systemtimems="46.169" timestamp="2019-08-09T18:54:26.352" activeThreads="16">
  <mem-info id="7370" free="50711288" total="68681728" percent="73">
    <mem type="tenure" free="50711288" total="68681728" percent="73">
      <mem type="soa" free="50025208" total="67995648" percent="73" />
      <mem type="loa" free="686080" total="686080" percent="100" />
    </mem>
  </mem-info>
</gc-end>
<cycle-end id="7371" type="global" contextid="7361" timestamp="2019-08-09T18:54:26.353" />
  <attribute name="elasticGC enabled" value="1" />
  <attribute name= "numThreadsSpecified" value="16" />
  <attribute name="heapSize specified" value="68550656" />
  <attribute name="Current GC Util" value="28" />
  <attribute name= "Current Time Running" value="206294" />
  <attribute name ="GC Interval" value="0" />
  <attribute name="Target GC Util Change" value ="80.000000" />
  <attribute name="Current GC Util Change" value="28.000000"/>
  <attribute name="Current Error" value="-220.000000" />
  <attribute name="Output H" value="68626088"/>
  <attribute name="Output I" value="1760"/>
  <attribute name="Output T" value="16"/>
  <attribute name= "Current Time Running" value="206294" />
  <attribute name="GC Util currently" value="28" />
  <attribute name="CPU Util currently" value="14752997602" />
<allocation-satisfied id="7372" threadId="00000000023ECF00" bytesRequested="1168" />
<af-end id="7373" timestamp="2019-08-09T18:54:26.353" threadId="00000000023ED888" success="true" />
<exclusive-end id="7374" timestamp="2019-08-09T18:54:26.353" durationms="106.984" />

<exclusive-start id="7375" timestamp="2019-08-09T18:54:26.361" intervalms="114.980">
  <response-info timems="0.055" idlems="0.055" threads="0" lastid="00000000023ECF00" lastname="main" />
</exclusive-start>
<af-start id="7376" threadId="00000000023ED888" totalBytesRequested="1168" timestamp="2019-08-09T18:54:26.361" intervalms="115.406" />
<cycle-start id="7377" type="global" contextid="0" timestamp="2019-08-09T18:54:26.361" intervalms="115.484" />
<gc-start id="7378" type="global" contextid="7377" timestamp="2019-08-09T18:54:26.361">
  <mem-info id="7379" free="686080" total="68681728" percent="0">
    <mem type="tenure" free="686080" total="68681728" percent="0">
      <mem type="soa" free="0" total="67995648" percent="0" />
      <mem type="loa" free="686080" total="686080" percent="100" />
    </mem>
  </mem-info>
</gc-start>
<allocation-stats totalBytes="49922832" >
  <allocated-bytes non-tlh="0" tlh="49922832" />
  <largest-consumer threadName="main" threadId="00000000023ECF00" bytes="49922832" />
</allocation-stats>
<gc-op id="7380" type="mark" timems="14.019" contextid="7377" timestamp="2019-08-09T18:54:26.375">
  <trace-info objectcount="596778" scancount="517761" scanbytes="13289808" />
  <finalization candidates="80" enqueued="0" />
  <ownableSynchronizers candidates="21" cleared="0" />
  <references type="soft" candidates="1855" cleared="0" enqueued="0" dynamicThreshold="23" maxThreshold="32" />
  <references type="weak" candidates="5722" cleared="0" enqueued="0" />
  <references type="phantom" candidates="97" cleared="0" enqueued="0" />
  <stringconstants candidates="13275" cleared="0"  />
</gc-op>
<gc-op id="7381" type="sweep" timems="3.549" contextid="7377" timestamp="2019-08-09T18:54:26.379" />
<mem-info id="7382" free="50776824" total="68681728" percent="73">
  <mem type="tenure" free="50776824" total="68681728" percent="73" micro-fragmented="0" macro-fragmented="0">
    <mem type="soa" free="50090744" total="67995648" percent="73" />
    <mem type="loa" free="686080" total="686080" percent="100" />
  </mem>
</mem-info>
<gc-op id="7383" type="compact" timems="74.928" contextid="7377" timestamp="2019-08-09T18:54:26.454">
  <compact-info movecount="2" movebytes="56" reason="compact to aid heap contraction" />
</gc-op>
<heap-resize id="7384" type="expand" space="tenure" amount="131072" count="1" timems="0.023" reason="satisfy allocation request" timestamp="2019-08-09T18:54:26.455" />
<gc-end id="7385" type="global" contextid="7377" durationms="94.165" usertimems="90.062" systemtimems="27.734" timestamp="2019-08-09T18:54:26.455" activeThreads="16">
  <mem-info id="7386" free="50842360" total="68812800" percent="73">
    <mem type="tenure" free="50842360" total="68812800" percent="73">
      <mem type="soa" free="50154232" total="68124672" percent="73" />
      <mem type="loa" free="688128" total="688128" percent="100" />
    </mem>
  </mem-info>
</gc-end>
<cycle-end id="7387" type="global" contextid="7377" timestamp="2019-08-09T18:54:26.456" />
  <attribute name="elasticGC enabled" value="1" />
  <attribute name= "numThreadsSpecified" value="16" />
  <attribute name="heapSize specified" value="68681728" />
  <attribute name="Current GC Util" value="23" />
  <attribute name= "Current Time Running" value="206398" />
  <attribute name ="GC Interval" value="0" />
  <attribute name="Target GC Util Change" value ="80.000000" />
  <attribute name="Current GC Util Change" value="23.000000"/>
  <attribute name="Current Error" value="-224.000000" />
  <attribute name="Output H" value="68757152"/>
  <attribute name="Output I" value="1752"/>
  <attribute name="Output T" value="16"/>
  <attribute name= "Current Time Running" value="206398" />
  <attribute name="GC Util currently" value="23" />
  <attribute name="CPU Util currently" value="15391093800" />
<allocation-satisfied id="7388" threadId="00000000023ECF00" bytesRequested="1168" />
<af-end id="7389" timestamp="2019-08-09T18:54:26.456" threadId="00000000023ED888" success="true" />
<exclusive-end id="7390" timestamp="2019-08-09T18:54:26.456" durationms="95.019" />

<exclusive-start id="7391" timestamp="2019-08-09T18:54:26.462" intervalms="101.474">
  <response-info timems="0.021" idlems="0.021" threads="0" lastid="00000000023ECF00" lastname="main" />
</exclusive-start>
<af-start id="7392" threadId="00000000023ED888" totalBytesRequested="1168" timestamp="2019-08-09T18:54:26.462" intervalms="101.049" />
<cycle-start id="7393" type="global" contextid="0" timestamp="2019-08-09T18:54:26.462" intervalms="100.981" />
<gc-start id="7394" type="global" contextid="7393" timestamp="2019-08-09T18:54:26.462">
  <mem-info id="7395" free="688128" total="68812800" percent="1">
    <mem type="tenure" free="688128" total="68812800" percent="1">
      <mem type="soa" free="0" total="68124672" percent="0" />
      <mem type="loa" free="688128" total="688128" percent="100" />
    </mem>
  </mem-info>
</gc-start>
<allocation-stats totalBytes="50052240" >
  <allocated-bytes non-tlh="0" tlh="50052240" />
  <largest-consumer threadName="main" threadId="00000000023ECF00" bytes="50052240" />
</allocation-stats>
<gc-op id="7396" type="mark" timems="25.184" contextid="7393" timestamp="2019-08-09T18:54:26.487">
  <trace-info objectcount="596778" scancount="517765" scanbytes="13289808" />
  <finalization candidates="80" enqueued="0" />
  <ownableSynchronizers candidates="21" cleared="0" />
  <references type="soft" candidates="1855" cleared="0" enqueued="0" dynamicThreshold="23" maxThreshold="32" />
  <references type="weak" candidates="5722" cleared="0" enqueued="0" />
  <references type="phantom" candidates="97" cleared="0" enqueued="0" />
  <stringconstants candidates="13275" cleared="0"  />
</gc-op>
<gc-op id="7397" type="sweep" timems="3.990" contextid="7393" timestamp="2019-08-09T18:54:26.491" />
<mem-info id="7398" free="50907704" total="68812800" percent="73">
  <mem type="tenure" free="50907704" total="68812800" percent="73" micro-fragmented="0" macro-fragmented="0">
    <mem type="soa" free="50219576" total="68124672" percent="73" />
    <mem type="loa" free="688128" total="688128" percent="100" />
  </mem>
</mem-info>
<gc-op id="7399" type="compact" timems="35.364" contextid="7393" timestamp="2019-08-09T18:54:26.527">
  <compact-info movecount="2" movebytes="56" reason="compact to aid heap contraction" />
</gc-op>
<heap-resize id="7400" type="expand" space="tenure" amount="131072" count="1" timems="0.020" reason="satisfy allocation request" timestamp="2019-08-09T18:54:26.528" />
<gc-end id="7401" type="global" contextid="7393" durationms="65.695" usertimems="65.486" systemtimems="29.860" timestamp="2019-08-09T18:54:26.528" activeThreads="16">
  <mem-info id="7402" free="50973432" total="68943872" percent="73">
    <mem type="tenure" free="50973432" total="68943872" percent="73">
      <mem type="soa" free="50284280" total="68254720" percent="73" />
      <mem type="loa" free="689152" total="689152" percent="100" />
    </mem>
  </mem-info>
</gc-end>
<cycle-end id="7403" type="global" contextid="7393" timestamp="2019-08-09T18:54:26.528" />
  <attribute name="elasticGC enabled" value="1" />
  <attribute name= "numThreadsSpecified" value="16" />
  <attribute name="heapSize specified" value="68812800" />
  <attribute name="Current GC Util" value="34" />
  <attribute name= "Current Time Running" value="206471" />
  <attribute name ="GC Interval" value="0" />
  <attribute name="Target GC Util Change" value ="80.000000" />
  <attribute name="Current GC Util Change" value="34.000000"/>
  <attribute name="Current Error" value="46.000000" />
  <attribute name="Output H" value="68888536"/>
  <attribute name="Output I" value="2064"/>
  <attribute name="Output T" value="16"/>
  <attribute name= "Current Time Running" value="206471" />
  <attribute name="GC Util currently" value="34" />
  <attribute name="CPU Util currently" value="32560390370" />
<allocation-satisfied id="7404" threadId="00000000023ECF00" bytesRequested="1168" />
<af-end id="7405" timestamp="2019-08-09T18:54:26.528" threadId="00000000023ED888" success="true" />
<exclusive-end id="7406" timestamp="2019-08-09T18:54:26.528" durationms="65.956" />

<exclusive-start id="7407" timestamp="2019-08-09T18:54:26.534" intervalms="72.383">
  <response-info timems="0.032" idlems="0.032" threads="0" lastid="00000000023ECF00" lastname="main" />
</exclusive-start>
<af-start id="7408" threadId="00000000023ED888" totalBytesRequested="1168" timestamp="2019-08-09T18:54:26.534" intervalms="72.388" />
<cycle-start id="7409" type="global" contextid="0" timestamp="2019-08-09T18:54:26.535" intervalms="72.386" />
<gc-start id="7410" type="global" contextid="7409" timestamp="2019-08-09T18:54:26.535">
  <mem-info id="7411" free="689152" total="68943872" percent="0">
    <mem type="tenure" free="689152" total="68943872" percent="0">
      <mem type="soa" free="0" total="68254720" percent="0" />
      <mem type="loa" free="689152" total="689152" percent="100" />
    </mem>
  </mem-info>
</gc-start>
<allocation-stats totalBytes="50181648" >
  <allocated-bytes non-tlh="0" tlh="50181648" />
  <largest-consumer threadName="main" threadId="00000000023ECF00" bytes="50181648" />
</allocation-stats>
<gc-op id="7412" type="mark" timems="41.226" contextid="7409" timestamp="2019-08-09T18:54:26.576">
  <trace-info objectcount="596778" scancount="517764" scanbytes="13289808" />
  <finalization candidates="80" enqueued="0" />
  <ownableSynchronizers candidates="21" cleared="0" />
  <references type="soft" candidates="1855" cleared="0" enqueued="0" dynamicThreshold="23" maxThreshold="32" />
  <references type="weak" candidates="5722" cleared="0" enqueued="0" />
  <references type="phantom" candidates="97" cleared="0" enqueued="0" />
  <stringconstants candidates="13275" cleared="0"  />
</gc-op>
<gc-op id="7413" type="sweep" timems="12.115" contextid="7409" timestamp="2019-08-09T18:54:26.588" />
<mem-info id="7414" free="51038544" total="68943872" percent="74">
  <mem type="tenure" free="51038544" total="68943872" percent="74" micro-fragmented="0" macro-fragmented="0">
    <mem type="soa" free="50349392" total="68254720" percent="73" />
    <mem type="loa" free="689152" total="689152" percent="100" />
  </mem>
</mem-info>
<gc-op id="7415" type="compact" timems="28.054" contextid="7409" timestamp="2019-08-09T18:54:26.616">
  <compact-info movecount="2" movebytes="56" reason="compact to aid heap contraction" />
</gc-op>
<heap-resize id="7416" type="expand" space="tenure" amount="131072" count="1" timems="0.026" reason="satisfy allocation request" timestamp="2019-08-09T18:54:26.618" />
<gc-end id="7417" type="global" contextid="7409" durationms="83.068" usertimems="83.871" systemtimems="14.039" timestamp="2019-08-09T18:54:26.618" activeThreads="16">
  <mem-info id="7418" free="51104504" total="69074944" percent="73">
    <mem type="tenure" free="51104504" total="69074944" percent="73">
      <mem type="soa" free="50414328" total="68384768" percent="73" />
      <mem type="loa" free="690176" total="690176" percent="100" />
    </mem>
  </mem-info>
</gc-end>
<cycle-end id="7419" type="global" contextid="7409" timestamp="2019-08-09T18:54:26.618" />
  <attribute name="elasticGC enabled" value="1" />
  <attribute name= "numThreadsSpecified" value="16" />
  <attribute name="heapSize specified" value="68943872" />
  <attribute name="Current GC Util" value="22" />
  <attribute name= "Current Time Running" value="206560" />
  <attribute name ="GC Interval" value="0" />
  <attribute name="Target GC Util Change" value ="80.000000" />
  <attribute name="Current GC Util Change" value="22.000000"/>
  <attribute name="Current Error" value="-217.000000" />
  <attribute name="Output H" value="69019304"/>
  <attribute name="Output I" value="1760"/>
  <attribute name="Output T" value="16"/>
  <attribute name= "Current Time Running" value="206560" />
  <attribute name="GC Util currently" value="22" />
  <attribute name="CPU Util currently" value="41044252511" />
<allocation-satisfied id="7420" threadId="00000000023ECF00" bytesRequested="1168" />
<af-end id="7421" timestamp="2019-08-09T18:54:26.618" threadId="00000000023ED888" success="true" />
<exclusive-end id="7422" timestamp="2019-08-09T18:54:26.618" durationms="83.344" />

<exclusive-start id="7423" timestamp="2019-08-09T18:54:26.624" intervalms="89.828">
  <response-info timems="0.024" idlems="0.024" threads="0" lastid="00000000023ECF00" lastname="main" />
</exclusive-start>
<af-start id="7424" threadId="00000000023ED888" totalBytesRequested="1168" timestamp="2019-08-09T18:54:26.624" intervalms="89.814" />
<cycle-start id="7425" type="global" contextid="0" timestamp="2019-08-09T18:54:26.624" intervalms="89.804" />
<gc-start id="7426" type="global" contextid="7425" timestamp="2019-08-09T18:54:26.624">
  <mem-info id="7427" free="690176" total="69074944" percent="0">
    <mem type="tenure" free="690176" total="69074944" percent="0">
      <mem type="soa" free="0" total="68384768" percent="0" />
      <mem type="loa" free="690176" total="690176" percent="100" />
    </mem>
  </mem-info>
</gc-start>
<allocation-stats totalBytes="50311080" >
  <allocated-bytes non-tlh="0" tlh="50311080" />
  <largest-consumer threadName="main" threadId="00000000023ECF00" bytes="50311080" />
</allocation-stats>
<gc-op id="7428" type="mark" timems="8.162" contextid="7425" timestamp="2019-08-09T18:54:26.633">
  <trace-info objectcount="596778" scancount="517777" scanbytes="13289808" />
  <finalization candidates="80" enqueued="0" />
  <ownableSynchronizers candidates="21" cleared="0" />
  <references type="soft" candidates="1855" cleared="0" enqueued="0" dynamicThreshold="23" maxThreshold="32" />
  <references type="weak" candidates="5722" cleared="0" enqueued="0" />
  <references type="phantom" candidates="97" cleared="0" enqueued="0" />
  <stringconstants candidates="13275" cleared="0"  />
</gc-op>
<gc-op id="7429" type="sweep" timems="1.540" contextid="7425" timestamp="2019-08-09T18:54:26.634" />
<mem-info id="7430" free="51169432" total="69074944" percent="74">
  <mem type="tenure" free="51169432" total="69074944" percent="74" micro-fragmented="0" macro-fragmented="0">
    <mem type="soa" free="50479256" total="68384768" percent="73" />
    <mem type="loa" free="690176" total="690176" percent="100" />
  </mem>
</mem-info>
<gc-op id="7431" type="compact" timems="27.991" contextid="7425" timestamp="2019-08-09T18:54:26.662">
  <compact-info movecount="2" movebytes="56" reason="compact to aid heap contraction" />
</gc-op>
<heap-resize id="7432" type="expand" space="tenure" amount="131072" count="1" timems="0.023" reason="satisfy allocation request" timestamp="2019-08-09T18:54:26.664" />
<gc-end id="7433" type="global" contextid="7425" durationms="39.271" usertimems="71.427" systemtimems="4.260" timestamp="2019-08-09T18:54:26.664" activeThreads="16">
  <mem-info id="7434" free="51235576" total="69206016" percent="74">
    <mem type="tenure" free="51235576" total="69206016" percent="74">
      <mem type="soa" free="50544376" total="68514816" percent="73" />
      <mem type="loa" free="691200" total="691200" percent="100" />
    </mem>
  </mem-info>
</gc-end>
<cycle-end id="7435" type="global" contextid="7425" timestamp="2019-08-09T18:54:26.664" />
  <attribute name="elasticGC enabled" value="1" />
  <attribute name= "numThreadsSpecified" value="16" />
  <attribute name="heapSize specified" value="69074944" />
  <attribute name="Current GC Util" value="26" />
  <attribute name= "Current Time Running" value="206606" />
  <attribute name ="GC Interval" value="0" />
  <attribute name="Target GC Util Change" value ="80.000000" />
  <attribute name="Current GC Util Change" value="26.000000"/>
  <attribute name="Current Error" value="-354.000000" />
  <attribute name="Output H" value="69150216"/>
  <attribute name="Output I" value="1600"/>
  <attribute name="Output T" value="16"/>
  <attribute name= "Current Time Running" value="206606" />
  <attribute name="GC Util currently" value="26" />
  <attribute name="CPU Util currently" value="41114455167" />
<allocation-satisfied id="7436" threadId="00000000023ECF00" bytesRequested="1168" />
<af-end id="7437" timestamp="2019-08-09T18:54:26.664" threadId="00000000023ED888" success="true" />
<exclusive-end id="7438" timestamp="2019-08-09T18:54:26.664" durationms="39.494" />

<exclusive-start id="7439" timestamp="2019-08-09T18:54:26.674" intervalms="49.547">
  <response-info timems="0.023" idlems="0.023" threads="0" lastid="00000000023ECF00" lastname="main" />
</exclusive-start>
<af-start id="7440" threadId="00000000023ED888" totalBytesRequested="1168" timestamp="2019-08-09T18:54:26.674" intervalms="49.559" />
<cycle-start id="7441" type="global" contextid="0" timestamp="2019-08-09T18:54:26.674" intervalms="49.563" />
<gc-start id="7442" type="global" contextid="7441" timestamp="2019-08-09T18:54:26.674">
  <mem-info id="7443" free="691200" total="69206016" percent="0">
    <mem type="tenure" free="691200" total="69206016" percent="0">
      <mem type="soa" free="0" total="68514816" percent="0" />
      <mem type="loa" free="691200" total="691200" percent="100" />
    </mem>
  </mem-info>
</gc-start>
<allocation-stats totalBytes="50440464" >
  <allocated-bytes non-tlh="0" tlh="50440464" />
  <largest-consumer threadName="main" threadId="00000000023ECF00" bytes="50440464" />
</allocation-stats>
<gc-op id="7444" type="mark" timems="49.459" contextid="7441" timestamp="2019-08-09T18:54:26.723">
  <trace-info objectcount="596760" scancount="517746" scanbytes="13289248" />
  <finalization candidates="80" enqueued="0" />
  <ownableSynchronizers candidates="21" cleared="0" />
  <references type="soft" candidates="1855" cleared="5" enqueued="5" dynamicThreshold="23" maxThreshold="32" />
  <references type="weak" candidates="5722" cleared="0" enqueued="0" />
  <references type="phantom" candidates="97" cleared="0" enqueued="0" />
  <stringconstants candidates="13275" cleared="0"  />
</gc-op>
<gc-op id="7445" type="sweep" timems="3.364" contextid="7441" timestamp="2019-08-09T18:54:26.727" />
<mem-info id="7446" free="51301112" total="69206016" percent="74">
  <mem type="tenure" free="51301112" total="69206016" percent="74" micro-fragmented="0" macro-fragmented="0">
    <mem type="soa" free="50609912" total="68514816" percent="73" />
    <mem type="loa" free="691200" total="691200" percent="100" />
  </mem>
  <pending-finalizers system="0" default="0" reference="5" classloader="0" />
</mem-info>
<gc-op id="7447" type="compact" timems="25.035" contextid="7441" timestamp="2019-08-09T18:54:26.752">
  <compact-info movecount="522" movebytes="35560" reason="compact to aid heap contraction" />
</gc-op>
<heap-resize id="7448" type="expand" space="tenure" amount="131072" count="1" timems="0.020" reason="satisfy allocation request" timestamp="2019-08-09T18:54:26.753" />
<gc-end id="7449" type="global" contextid="7441" durationms="78.931" usertimems="95.055" systemtimems="13.977" timestamp="2019-08-09T18:54:26.753" activeThreads="16">
  <mem-info id="7450" free="51367208" total="69337088" percent="74">
    <mem type="tenure" free="51367208" total="69337088" percent="74">
      <mem type="soa" free="50673960" total="68643840" percent="73" />
      <mem type="loa" free="693248" total="693248" percent="100" />
    </mem>
    <pending-finalizers system="0" default="0" reference="5" classloader="0" />
  </mem-info>
</gc-end>
<cycle-end id="7451" type="global" contextid="7441" timestamp="2019-08-09T18:54:26.753" />
  <attribute name="elasticGC enabled" value="1" />
  <attribute name= "numThreadsSpecified" value="16" />
  <attribute name="heapSize specified" value="69206016" />
  <attribute name="Current GC Util" value="31" />
  <attribute name= "Current Time Running" value="206696" />
  <attribute name ="GC Interval" value="0" />
  <attribute name="Target GC Util Change" value ="80.000000" />
  <attribute name="Current GC Util Change" value="31.000000"/>
  <attribute name="Current Error" value="49.000000" />
  <attribute name="Output H" value="69281752"/>
  <attribute name="Output I" value="2064"/>
  <attribute name="Output T" value="16"/>
  <attribute name= "Current Time Running" value="206696" />
  <attribute name="GC Util currently" value="31" />
  <attribute name="CPU Util currently" value="46002022878" />
<allocation-satisfied id="7452" threadId="00000000023ECF00" bytesRequested="1168" />
<af-end id="7453" timestamp="2019-08-09T18:54:26.753" threadId="00000000023ED888" success="true" />
<exclusive-end id="7454" timestamp="2019-08-09T18:54:26.753" durationms="79.156" />

<exclusive-start id="7455" timestamp="2019-08-09T18:54:26.759" intervalms="85.108">
  <response-info timems="0.023" idlems="0.023" threads="0" lastid="00000000023ECF00" lastname="main" />
</exclusive-start>
<af-start id="7456" threadId="00000000023ED888" totalBytesRequested="1168" timestamp="2019-08-09T18:54:26.759" intervalms="85.118" />
<cycle-start id="7457" type="global" contextid="0" timestamp="2019-08-09T18:54:26.759" intervalms="85.121" />
<gc-start id="7458" type="global" contextid="7457" timestamp="2019-08-09T18:54:26.759">
  <mem-info id="7459" free="693248" total="69337088" percent="0">
    <mem type="tenure" free="693248" total="69337088" percent="0">
      <mem type="soa" free="0" total="68643840" percent="0" />
      <mem type="loa" free="693248" total="693248" percent="100" />
    </mem>
  </mem-info>
</gc-start>
<allocation-stats totalBytes="50445184" >
  <allocated-bytes non-tlh="0" tlh="50445184" />
  <largest-consumer threadName="main" threadId="00000000023ECF00" bytes="50445184" />
</allocation-stats>
<gc-op id="7460" type="mark" timems="8.458" contextid="7457" timestamp="2019-08-09T18:54:26.768">
  <trace-info objectcount="596746" scancount="517728" scanbytes="13288748" />
  <finalization candidates="80" enqueued="0" />
  <ownableSynchronizers candidates="21" cleared="0" />
  <references type="soft" candidates="1850" cleared="0" enqueued="0" dynamicThreshold="23" maxThreshold="32" />
  <references type="weak" candidates="5722" cleared="0" enqueued="0" />
  <references type="phantom" candidates="97" cleared="0" enqueued="0" />
  <stringconstants candidates="13275" cleared="0"  />
</gc-op>
<gc-op id="7461" type="sweep" timems="6.410" contextid="7457" timestamp="2019-08-09T18:54:26.774" />
<mem-info id="7462" free="51431720" total="69337088" percent="74">
  <mem type="tenure" free="51431720" total="69337088" percent="74" micro-fragmented="0" macro-fragmented="0">
    <mem type="soa" free="50738472" total="68643840" percent="73" />
    <mem type="loa" free="693248" total="693248" percent="100" />
  </mem>
</mem-info>
<gc-op id="7463" type="compact" timems="56.115" contextid="7457" timestamp="2019-08-09T18:54:26.830">
  <compact-info movecount="796" movebytes="42424" reason="compact to aid heap contraction" />
</gc-op>
<heap-resize id="7464" type="expand" space="tenure" amount="131072" count="1" timems="0.016" reason="satisfy allocation request" timestamp="2019-08-09T18:54:26.831" />
<gc-end id="7465" type="global" contextid="7457" durationms="71.944" usertimems="82.554" systemtimems="9.213" timestamp="2019-08-09T18:54:26.831" activeThreads="16">
  <mem-info id="7466" free="51498784" total="69468160" percent="74">
    <mem type="tenure" free="51498784" total="69468160" percent="74">
      <mem type="soa" free="50804512" total="68773888" percent="73" />
      <mem type="loa" free="694272" total="694272" percent="100" />
    </mem>
  </mem-info>
</gc-end>
<cycle-end id="7467" type="global" contextid="7457" timestamp="2019-08-09T18:54:26.831" />
  <attribute name="elasticGC enabled" value="1" />
  <attribute name= "numThreadsSpecified" value="16" />
  <attribute name="heapSize specified" value="69337088" />
  <attribute name="Current GC Util" value="15" />
  <attribute name= "Current Time Running" value="206774" />
  <attribute name ="GC Interval" value="0" />
  <attribute name="Target GC Util Change" value ="80.000000" />
  <attribute name="Current GC Util Change" value="15.000000"/>
  <attribute name="Current Error" value="-573.000000" />
  <attribute name="Output H" value="69412112"/>
  <attribute name="Output I" value="1352"/>
  <attribute name="Output T" value="16"/>
  <attribute name= "Current Time Running" value="206774" />
  <attribute name="GC Util currently" value="15" />
  <attribute name="CPU Util currently" value="20522929582" />
<allocation-satisfied id="7468" threadId="00000000023ECF00" bytesRequested="1168" />
<af-end id="7469" timestamp="2019-08-09T18:54:26.831" threadId="00000000023ED888" success="true" />
<exclusive-end id="7470" timestamp="2019-08-09T18:54:26.831" durationms="72.194" />

<exclusive-start id="7471" timestamp="2019-08-09T18:54:26.839" intervalms="79.942">
  <response-info timems="0.023" idlems="0.023" threads="0" lastid="00000000023ECF00" lastname="main" />
</exclusive-start>
<af-start id="7472" threadId="00000000023ED888" totalBytesRequested="1168" timestamp="2019-08-09T18:54:26.839" intervalms="80.078" />
<cycle-start id="7473" type="global" contextid="0" timestamp="2019-08-09T18:54:26.839" intervalms="80.087" />
<gc-start id="7474" type="global" contextid="7473" timestamp="2019-08-09T18:54:26.839">
  <mem-info id="7475" free="694272" total="69468160" percent="0">
    <mem type="tenure" free="694272" total="69468160" percent="0">
      <mem type="soa" free="0" total="68773888" percent="0" />
      <mem type="loa" free="694272" total="694272" percent="100" />
    </mem>
  </mem-info>
</gc-start>
<allocation-stats totalBytes="50544624" >
  <allocated-bytes non-tlh="0" tlh="50544624" />
  <largest-consumer threadName="main" threadId="00000000023ECF00" bytes="50544624" />
</allocation-stats>
<gc-op id="7476" type="mark" timems="12.441" contextid="7473" timestamp="2019-08-09T18:54:26.852">
  <trace-info objectcount="596736" scancount="517726" scanbytes="13288660" />
  <finalization candidates="80" enqueued="0" />
  <ownableSynchronizers candidates="21" cleared="0" />
  <references type="soft" candidates="1850" cleared="1" enqueued="0" dynamicThreshold="23" maxThreshold="32" />
  <references type="weak" candidates="5722" cleared="0" enqueued="0" />
  <references type="phantom" candidates="97" cleared="0" enqueued="0" />
  <stringconstants candidates="13275" cleared="0"  />
</gc-op>
<gc-op id="7477" type="sweep" timems="2.129" contextid="7473" timestamp="2019-08-09T18:54:26.854" />
<mem-info id="7478" free="51582024" total="69468160" percent="74">
  <mem type="tenure" free="51582024" total="69468160" percent="74" micro-fragmented="0" macro-fragmented="0">
    <mem type="soa" free="50887752" total="68773888" percent="73" />
    <mem type="loa" free="694272" total="694272" percent="100" />
  </mem>
</mem-info>
<gc-op id="7479" type="compact" timems="41.765" contextid="7473" timestamp="2019-08-09T18:54:26.896">
  <compact-info movecount="494" movebytes="16752" reason="compact to aid heap contraction" />
</gc-op>
<heap-resize id="7480" type="expand" space="tenure" amount="131072" count="1" timems="0.020" reason="satisfy allocation request" timestamp="2019-08-09T18:54:26.897" />
<gc-end id="7481" type="global" contextid="7473" durationms="57.868" usertimems="77.292" systemtimems="5.881" timestamp="2019-08-09T18:54:26.897" activeThreads="16">
  <mem-info id="7482" free="51648032" total="69599232" percent="74">
    <mem type="tenure" free="51648032" total="69599232" percent="74">
      <mem type="soa" free="50952736" total="68903936" percent="73" />
      <mem type="loa" free="695296" total="695296" percent="100" />
    </mem>
  </mem-info>
</gc-end>
<cycle-end id="7483" type="global" contextid="7473" timestamp="2019-08-09T18:54:26.897" />
  <attribute name="elasticGC enabled" value="1" />
  <attribute name= "numThreadsSpecified" value="16" />
  <attribute name="heapSize specified" value="69468160" />
  <attribute name="Current GC Util" value="25" />
  <attribute name= "Current Time Running" value="206840" />
  <attribute name ="GC Interval" value="0" />
  <attribute name="Target GC Util Change" value ="80.000000" />
  <attribute name="Current GC Util Change" value="25.000000"/>
  <attribute name="Current Error" value="-223.000000" />
  <attribute name="Output H" value="69543584"/>
  <attribute name="Output I" value="1752"/>
  <attribute name="Output T" value="16"/>
  <attribute name= "Current Time Running" value="206840" />
  <attribute name="GC Util currently" value="25" />
  <attribute name="CPU Util currently" value="27494749467" />
<allocation-satisfied id="7484" threadId="00000000023ECF00" bytesRequested="1168" />
<af-end id="7485" timestamp="2019-08-09T18:54:26.897" threadId="00000000023ED888" success="true" />
<exclusive-end id="7486" timestamp="2019-08-09T18:54:26.897" durationms="58.273" />

<exclusive-start id="7487" timestamp="2019-08-09T18:54:26.910" intervalms="70.959">
  <response-info timems="0.020" idlems="0.020" threads="0" lastid="00000000023ECF00" lastname="main" />
</exclusive-start>
<af-start id="7488" threadId="00000000023ED888" totalBytesRequested="1168" timestamp="2019-08-09T18:54:26.910" intervalms="71.016" />
<cycle-start id="7489" type="global" contextid="0" timestamp="2019-08-09T18:54:26.910" intervalms="71.003" />
<gc-start id="7490" type="global" contextid="7489" timestamp="2019-08-09T18:54:26.910">
  <mem-info id="7491" free="695296" total="69599232" percent="0">
    <mem type="tenure" free="695296" total="69599232" percent="0">
      <mem type="soa" free="0" total="68903936" percent="0" />
      <mem type="loa" free="695296" total="695296" percent="100" />
    </mem>
  </mem-info>
</gc-start>
<allocation-stats totalBytes="50698432" >
  <allocated-bytes non-tlh="0" tlh="50698432" />
  <largest-consumer threadName="main" threadId="00000000023ECF00" bytes="50698432" />
</allocation-stats>
<gc-op id="7492" type="mark" timems="44.861" contextid="7489" timestamp="2019-08-09T18:54:26.955">
  <trace-info objectcount="596736" scancount="517727" scanbytes="13288660" />
  <finalization candidates="80" enqueued="0" />
  <ownableSynchronizers candidates="21" cleared="0" />
  <references type="soft" candidates="1849" cleared="0" enqueued="0" dynamicThreshold="23" maxThreshold="32" />
  <references type="weak" candidates="5722" cleared="0" enqueued="0" />
  <references type="phantom" candidates="97" cleared="0" enqueued="0" />
  <stringconstants candidates="13275" cleared="0"  />
</gc-op>
<gc-op id="7493" type="sweep" timems="3.079" contextid="7489" timestamp="2019-08-09T18:54:26.958" />
<mem-info id="7494" free="51713568" total="69599232" percent="74">
  <mem type="tenure" free="51713568" total="69599232" percent="74" micro-fragmented="0" macro-fragmented="0">
    <mem type="soa" free="51018272" total="68903936" percent="74" />
    <mem type="loa" free="695296" total="695296" percent="100" />
  </mem>
</mem-info>
<gc-op id="7495" type="compact" timems="27.084" contextid="7489" timestamp="2019-08-09T18:54:26.985">
  <compact-info movecount="2" movebytes="64" reason="compact to aid heap contraction" />
</gc-op>
<heap-resize id="7496" type="expand" space="tenure" amount="131072" count="1" timems="0.021" reason="satisfy allocation request" timestamp="2019-08-09T18:54:26.986" />
<gc-end id="7497" type="global" contextid="7489" durationms="76.017" usertimems="106.517" systemtimems="51.260" timestamp="2019-08-09T18:54:26.986" activeThreads="16">
  <mem-info id="7498" free="51779104" total="69730304" percent="74">
    <mem type="tenure" free="51779104" total="69730304" percent="74">
      <mem type="soa" free="51082784" total="69033984" percent="73" />
      <mem type="loa" free="696320" total="696320" percent="100" />
    </mem>
  </mem-info>
</gc-end>
<cycle-end id="7499" type="global" contextid="7489" timestamp="2019-08-09T18:54:26.986" />
  <attribute name="elasticGC enabled" value="1" />
  <attribute name= "numThreadsSpecified" value="16" />
  <attribute name="heapSize specified" value="69599232" />
  <attribute name="Current GC Util" value="36" />
  <attribute name= "Current Time Running" value="206929" />
  <attribute name ="GC Interval" value="0" />
  <attribute name="Target GC Util Change" value ="80.000000" />
  <attribute name="Current GC Util Change" value="36.000000"/>
  <attribute name="Current Error" value="44.000000" />
  <attribute name="Output H" value="69674968"/>
  <attribute name="Output I" value="2064"/>
  <attribute name="Output T" value="16"/>
  <attribute name= "Current Time Running" value="206929" />
  <attribute name="GC Util currently" value="36" />
  <attribute name="CPU Util currently" value="42501213214" />
<allocation-satisfied id="7500" threadId="00000000023ECF00" bytesRequested="1168" />
<af-end id="7501" timestamp="2019-08-09T18:54:26.986" threadId="00000000023ED888" success="true" />
<exclusive-end id="7502" timestamp="2019-08-09T18:54:26.986" durationms="76.446" />

<exclusive-start id="7503" timestamp="2019-08-09T18:54:26.992" intervalms="82.349">
  <response-info timems="0.021" idlems="0.021" threads="0" lastid="00000000023ECF00" lastname="main" />
</exclusive-start>
<af-start id="7504" threadId="00000000023ED888" totalBytesRequested="1168" timestamp="2019-08-09T18:54:26.992" intervalms="82.128" />
<cycle-start id="7505" type="global" contextid="0" timestamp="2019-08-09T18:54:26.992" intervalms="82.126" />
<gc-start id="7506" type="global" contextid="7505" timestamp="2019-08-09T18:54:26.992">
  <mem-info id="7507" free="696320" total="69730304" percent="0">
    <mem type="tenure" free="696320" total="69730304" percent="0">
      <mem type="soa" free="0" total="69033984" percent="0" />
      <mem type="loa" free="696320" total="696320" percent="100" />
    </mem>
  </mem-info>
</gc-start>
<allocation-stats totalBytes="50828656" >
  <allocated-bytes non-tlh="0" tlh="50828656" />
  <largest-consumer threadName="main" threadId="00000000023ECF00" bytes="50828656" />
</allocation-stats>
<gc-op id="7508" type="mark" timems="10.232" contextid="7505" timestamp="2019-08-09T18:54:27.003">
  <trace-info objectcount="596736" scancount="517730" scanbytes="13288660" />
  <finalization candidates="80" enqueued="0" />
  <ownableSynchronizers candidates="21" cleared="0" />
  <references type="soft" candidates="1849" cleared="0" enqueued="0" dynamicThreshold="23" maxThreshold="32" />
  <references type="weak" candidates="5722" cleared="0" enqueued="0" />
  <references type="phantom" candidates="97" cleared="0" enqueued="0" />
  <stringconstants candidates="13275" cleared="0"  />
</gc-op>
<gc-op id="7509" type="sweep" timems="1.368" contextid="7505" timestamp="2019-08-09T18:54:27.004" />
<mem-info id="7510" free="51844160" total="69730304" percent="74">
  <mem type="tenure" free="51844160" total="69730304" percent="74" micro-fragmented="0" macro-fragmented="0">
    <mem type="soa" free="51147840" total="69033984" percent="74" />
    <mem type="loa" free="696320" total="696320" percent="100" />
  </mem>
</mem-info>
<gc-op id="7511" type="compact" timems="53.002" contextid="7505" timestamp="2019-08-09T18:54:27.057">
  <compact-info movecount="2" movebytes="64" reason="compact to aid heap contraction" />
</gc-op>
<heap-resize id="7512" type="expand" space="tenure" amount="131072" count="1" timems="0.022" reason="satisfy allocation request" timestamp="2019-08-09T18:54:27.060" />
<gc-end id="7513" type="global" contextid="7505" durationms="68.224" usertimems="87.360" systemtimems="6.829" timestamp="2019-08-09T18:54:27.060" activeThreads="16">
  <mem-info id="7514" free="51910176" total="69861376" percent="74">
    <mem type="tenure" free="51910176" total="69861376" percent="74">
      <mem type="soa" free="51211808" total="69163008" percent="74" />
      <mem type="loa" free="698368" total="698368" percent="100" />
    </mem>
  </mem-info>
</gc-end>
<cycle-end id="7515" type="global" contextid="7505" timestamp="2019-08-09T18:54:27.061" />
  <attribute name="elasticGC enabled" value="1" />
  <attribute name= "numThreadsSpecified" value="16" />
  <attribute name="heapSize specified" value="69730304" />
  <attribute name="Current GC Util" value="21" />
  <attribute name= "Current Time Running" value="207001" />
  <attribute name ="GC Interval" value="0" />
  <attribute name="Target GC Util Change" value ="80.000000" />
  <attribute name="Current GC Util Change" value="21.000000"/>
  <attribute name="Current Error" value="-786.000000" />
  <attribute name="Output H" value="69805080"/>
  <attribute name="Output I" value="1104"/>
  <attribute name="Output T" value="16"/>
  <attribute name= "Current Time Running" value="207001" />
  <attribute name="GC Util currently" value="21" />
  <attribute name="CPU Util currently" value="21733865928" />
<allocation-satisfied id="7516" threadId="00000000023ECF00" bytesRequested="1168" />
<af-end id="7517" timestamp="2019-08-09T18:54:27.061" threadId="00000000023ED888" success="true" />
<exclusive-end id="7518" timestamp="2019-08-09T18:54:27.061" durationms="68.425" />

<exclusive-start id="7519" timestamp="2019-08-09T18:54:27.071" intervalms="78.594">
  <response-info timems="0.025" idlems="0.025" threads="0" lastid="00000000023ECF00" lastname="main" />
</exclusive-start>
<af-start id="7520" threadId="00000000023ED888" totalBytesRequested="1168" timestamp="2019-08-09T18:54:27.071" intervalms="78.594" />
<cycle-start id="7521" type="global" contextid="0" timestamp="2019-08-09T18:54:27.071" intervalms="78.602" />
<gc-start id="7522" type="global" contextid="7521" timestamp="2019-08-09T18:54:27.071">
  <mem-info id="7523" free="698368" total="69861376" percent="0">
    <mem type="tenure" free="698368" total="69861376" percent="0">
      <mem type="soa" free="0" total="69163008" percent="0" />
      <mem type="loa" free="698368" total="698368" percent="100" />
    </mem>
  </mem-info>
</gc-start>
<allocation-stats totalBytes="50956448" >
  <allocated-bytes non-tlh="0" tlh="50956448" />
  <largest-consumer threadName="main" threadId="00000000023ECF00" bytes="50956448" />
</allocation-stats>
<gc-op id="7524" type="mark" timems="17.758" contextid="7521" timestamp="2019-08-09T18:54:27.089">
  <trace-info objectcount="596736" scancount="517734" scanbytes="13288660" />
  <finalization candidates="80" enqueued="0" />
  <ownableSynchronizers candidates="21" cleared="0" />
  <references type="soft" candidates="1849" cleared="0" enqueued="0" dynamicThreshold="23" maxThreshold="32" />
  <references type="weak" candidates="5722" cleared="0" enqueued="0" />
  <references type="phantom" candidates="97" cleared="0" enqueued="0" />
  <stringconstants candidates="13275" cleared="0"  />
</gc-op>
<gc-op id="7525" type="sweep" timems="2.201" contextid="7521" timestamp="2019-08-09T18:54:27.091" />
<mem-info id="7526" free="51975536" total="69861376" percent="74">
  <mem type="tenure" free="51975536" total="69861376" percent="74" micro-fragmented="0" macro-fragmented="0">
    <mem type="soa" free="51277168" total="69163008" percent="74" />
    <mem type="loa" free="698368" total="698368" percent="100" />
  </mem>
</mem-info>
<gc-op id="7527" type="compact" timems="24.845" contextid="7521" timestamp="2019-08-09T18:54:27.116">
  <compact-info movecount="2" movebytes="64" reason="compact to aid heap contraction" />
</gc-op>
<heap-resize id="7528" type="expand" space="tenure" amount="131072" count="1" timems="0.016" reason="satisfy allocation request" timestamp="2019-08-09T18:54:27.117" />
<gc-end id="7529" type="global" contextid="7521" durationms="45.747" usertimems="87.394" systemtimems="16.780" timestamp="2019-08-09T18:54:27.117" activeThreads="16">
  <mem-info id="7530" free="52041248" total="69992448" percent="74">
    <mem type="tenure" free="52041248" total="69992448" percent="74">
      <mem type="soa" free="51341856" total="69293056" percent="74" />
      <mem type="loa" free="699392" total="699392" percent="100" />
    </mem>
  </mem-info>
</gc-end>
<cycle-end id="7531" type="global" contextid="7521" timestamp="2019-08-09T18:54:27.117" />
  <attribute name="elasticGC enabled" value="1" />
  <attribute name= "numThreadsSpecified" value="16" />
  <attribute name="heapSize specified" value="69861376" />
  <attribute name="Current GC Util" value="40" />
  <attribute name= "Current Time Running" value="207060" />
  <attribute name ="GC Interval" value="0" />
  <attribute name="Target GC Util Change" value ="80.000000" />
  <attribute name="Current GC Util Change" value="40.000000"/>
  <attribute name="Current Error" value="-296.000000" />
  <attribute name="Output H" value="69936720"/>
  <attribute name="Output I" value="1672"/>
  <attribute name="Output T" value="16"/>
  <attribute name= "Current Time Running" value="207060" />
  <attribute name="GC Util currently" value="40" />
  <attribute name="CPU Util currently" value="46454630245" />
<allocation-satisfied id="7532" threadId="00000000023ECF00" bytesRequested="1168" />
<af-end id="7533" timestamp="2019-08-09T18:54:27.117" threadId="00000000023ED888" success="true" />
<exclusive-end id="7534" timestamp="2019-08-09T18:54:27.117" durationms="46.348" />

<exclusive-start id="7535" timestamp="2019-08-09T18:54:27.128" intervalms="57.176">
  <response-info timems="0.023" idlems="0.023" threads="0" lastid="00000000023ECF00" lastname="main" />
</exclusive-start>
<af-start id="7536" threadId="00000000023ED888" totalBytesRequested="1168" timestamp="2019-08-09T18:54:27.128" intervalms="57.170" />
<cycle-start id="7537" type="global" contextid="0" timestamp="2019-08-09T18:54:27.128" intervalms="57.225" />
<gc-start id="7538" type="global" contextid="7537" timestamp="2019-08-09T18:54:27.128">
  <mem-info id="7539" free="699392" total="69992448" percent="0">
    <mem type="tenure" free="699392" total="69992448" percent="0">
      <mem type="soa" free="0" total="69293056" percent="0" />
      <mem type="loa" free="699392" total="699392" percent="100" />
    </mem>
  </mem-info>
</gc-start>
<allocation-stats totalBytes="51085456" >
  <allocated-bytes non-tlh="0" tlh="51085456" />
  <largest-consumer threadName="main" threadId="00000000023ECF00" bytes="51085456" />
</allocation-stats>
<gc-op id="7540" type="mark" timems="89.236" contextid="7537" timestamp="2019-08-09T18:54:27.218">
  <trace-info objectcount="596736" scancount="517728" scanbytes="13288660" />
  <finalization candidates="80" enqueued="0" />
  <ownableSynchronizers candidates="21" cleared="0" />
  <references type="soft" candidates="1849" cleared="0" enqueued="0" dynamicThreshold="23" maxThreshold="32" />
  <references type="weak" candidates="5722" cleared="0" enqueued="0" />
  <references type="phantom" candidates="97" cleared="0" enqueued="0" />
  <stringconstants candidates="13275" cleared="0"  />
</gc-op>
<gc-op id="7541" type="sweep" timems="4.455" contextid="7537" timestamp="2019-08-09T18:54:27.222" />
<mem-info id="7542" free="52106784" total="69992448" percent="74">
  <mem type="tenure" free="52106784" total="69992448" percent="74" micro-fragmented="0" macro-fragmented="0">
    <mem type="soa" free="51407392" total="69293056" percent="74" />
    <mem type="loa" free="699392" total="699392" percent="100" />
  </mem>
</mem-info>
<gc-op id="7543" type="compact" timems="25.302" contextid="7537" timestamp="2019-08-09T18:54:27.247">
  <compact-info movecount="2" movebytes="64" reason="compact to aid heap contraction" />
</gc-op>
<heap-resize id="7544" type="expand" space="tenure" amount="131072" count="1" timems="0.024" reason="satisfy allocation request" timestamp="2019-08-09T18:54:27.248" />
<gc-end id="7545" type="global" contextid="7537" durationms="119.868" usertimems="143.902" systemtimems="95.549" timestamp="2019-08-09T18:54:27.248" activeThreads="16">
  <mem-info id="7546" free="52172320" total="70123520" percent="74">
    <mem type="tenure" free="52172320" total="70123520" percent="74">
      <mem type="soa" free="51471904" total="69423104" percent="74" />
      <mem type="loa" free="700416" total="700416" percent="100" />
    </mem>
  </mem-info>
</gc-end>
<cycle-end id="7547" type="global" contextid="7537" timestamp="2019-08-09T18:54:27.248" />
  <attribute name="elasticGC enabled" value="1" />
  <attribute name= "numThreadsSpecified" value="16" />
  <attribute name="heapSize specified" value="69992448" />
  <attribute name="Current GC Util" value="28" />
  <attribute name= "Current Time Running" value="207191" />
  <attribute name ="GC Interval" value="0" />
  <attribute name="Target GC Util Change" value ="80.000000" />
  <attribute name="Current GC Util Change" value="28.000000"/>
  <attribute name="Current Error" value="52.000000" />
  <attribute name="Output H" value="70068192"/>
  <attribute name="Output I" value="2072"/>
  <attribute name="Output T" value="16"/>
  <attribute name= "Current Time Running" value="207191" />
  <attribute name="GC Util currently" value="28" />
  <attribute name="CPU Util currently" value="45469829925" />
<allocation-satisfied id="7548" threadId="00000000023ECF00" bytesRequested="1168" />
<af-end id="7549" timestamp="2019-08-09T18:54:27.248" threadId="00000000023ED888" success="true" />
<exclusive-end id="7550" timestamp="2019-08-09T18:54:27.248" durationms="120.334" />

<exclusive-start id="7551" timestamp="2019-08-09T18:54:27.255" intervalms="126.999">
  <response-info timems="0.026" idlems="0.026" threads="0" lastid="00000000023ECF00" lastname="main" />
</exclusive-start>
<af-start id="7552" threadId="00000000023ED888" totalBytesRequested="1168" timestamp="2019-08-09T18:54:27.255" intervalms="127.018" />
<cycle-start id="7553" type="global" contextid="0" timestamp="2019-08-09T18:54:27.255" intervalms="126.997" />
<gc-start id="7554" type="global" contextid="7553" timestamp="2019-08-09T18:54:27.255">
  <mem-info id="7555" free="700416" total="70123520" percent="0">
    <mem type="tenure" free="700416" total="70123520" percent="0">
      <mem type="soa" free="0" total="69423104" percent="0" />
      <mem type="loa" free="700416" total="700416" percent="100" />
    </mem>
  </mem-info>
</gc-start>
<allocation-stats totalBytes="51214440" >
  <allocated-bytes non-tlh="0" tlh="51214440" />
  <largest-consumer threadName="main" threadId="00000000023ECF00" bytes="51214440" />
</allocation-stats>
<gc-op id="7556" type="mark" timems="14.125" contextid="7553" timestamp="2019-08-09T18:54:27.269">
  <trace-info objectcount="596736" scancount="517722" scanbytes="13288660" />
  <finalization candidates="80" enqueued="0" />
  <ownableSynchronizers candidates="21" cleared="0" />
  <references type="soft" candidates="1849" cleared="0" enqueued="0" dynamicThreshold="23" maxThreshold="32" />
  <references type="weak" candidates="5722" cleared="0" enqueued="0" />
  <references type="phantom" candidates="97" cleared="0" enqueued="0" />
  <stringconstants candidates="13275" cleared="0"  />
</gc-op>
<gc-op id="7557" type="sweep" timems="1.968" contextid="7553" timestamp="2019-08-09T18:54:27.271" />
<mem-info id="7558" free="52237248" total="70123520" percent="74">
  <mem type="tenure" free="52237248" total="70123520" percent="74" micro-fragmented="0" macro-fragmented="0">
    <mem type="soa" free="51536832" total="69423104" percent="74" />
    <mem type="loa" free="700416" total="700416" percent="100" />
  </mem>
</mem-info>
<gc-op id="7559" type="compact" timems="60.128" contextid="7553" timestamp="2019-08-09T18:54:27.331">
  <compact-info movecount="2" movebytes="64" reason="compact to aid heap contraction" />
</gc-op>
<heap-resize id="7560" type="expand" space="tenure" amount="131072" count="1" timems="0.040" reason="satisfy allocation request" timestamp="2019-08-09T18:54:27.334" />
<gc-end id="7561" type="global" contextid="7553" durationms="79.362" usertimems="86.539" systemtimems="7.127" timestamp="2019-08-09T18:54:27.334" activeThreads="16">
  <mem-info id="7562" free="52303392" total="70254592" percent="74">
    <mem type="tenure" free="52303392" total="70254592" percent="74">
      <mem type="soa" free="51600928" total="69552128" percent="74" />
      <mem type="loa" free="702464" total="702464" percent="100" />
    </mem>
  </mem-info>
</gc-end>
<cycle-end id="7563" type="global" contextid="7553" timestamp="2019-08-09T18:54:27.335" />
  <attribute name="elasticGC enabled" value="1" />
  <attribute name= "numThreadsSpecified" value="16" />
  <attribute name="heapSize specified" value="70123520" />
  <attribute name="Current GC Util" value="12" />
  <attribute name= "Current Time Running" value="207275" />
  <attribute name ="GC Interval" value="0" />
  <attribute name="Target GC Util Change" value ="80.000000" />
  <attribute name="Current GC Util Change" value="12.000000"/>
  <attribute name="Current Error" value="-685.000000" />
  <attribute name="Output H" value="70198416"/>
  <attribute name="Output I" value="1224"/>
  <attribute name="Output T" value="16"/>
  <attribute name= "Current Time Running" value="207275" />
  <attribute name="GC Util currently" value="12" />
  <attribute name="CPU Util currently" value="19158926562" />
<allocation-satisfied id="7564" threadId="00000000023ECF00" bytesRequested="1168" />
<af-end id="7565" timestamp="2019-08-09T18:54:27.335" threadId="00000000023ED888" success="true" />
<exclusive-end id="7566" timestamp="2019-08-09T18:54:27.335" durationms="79.639" />

<exclusive-start id="7567" timestamp="2019-08-09T18:54:27.360" intervalms="104.655">
  <response-info timems="0.020" idlems="0.020" threads="0" lastid="00000000023ECF00" lastname="main" />
</exclusive-start>
<af-start id="7568" threadId="00000000023ED888" totalBytesRequested="40" timestamp="2019-08-09T18:54:27.360" intervalms="104.639" />
<cycle-start id="7569" type="global" contextid="0" timestamp="2019-08-09T18:54:27.360" intervalms="104.615" />
<gc-start id="7570" type="global" contextid="7569" timestamp="2019-08-09T18:54:27.360">
  <mem-info id="7571" free="702464" total="70254592" percent="0">
    <mem type="tenure" free="702464" total="70254592" percent="0">
      <mem type="soa" free="0" total="69552128" percent="0" />
      <mem type="loa" free="702464" total="702464" percent="100" />
    </mem>
  </mem-info>
</gc-start>
<allocation-stats totalBytes="51653832" >
  <allocated-bytes non-tlh="0" tlh="51653832" />
  <largest-consumer threadName="main" threadId="00000000023ECF00" bytes="51653832" />
</allocation-stats>
<gc-op id="7572" type="mark" timems="9.314" contextid="7569" timestamp="2019-08-09T18:54:27.369">
  <trace-info objectcount="596866" scancount="517862" scanbytes="13293108" />
  <finalization candidates="80" enqueued="0" />
  <ownableSynchronizers candidates="21" cleared="0" />
  <references type="soft" candidates="1849" cleared="0" enqueued="0" dynamicThreshold="23" maxThreshold="32" />
  <references type="weak" candidates="5722" cleared="0" enqueued="0" />
  <references type="phantom" candidates="97" cleared="0" enqueued="0" />
  <stringconstants candidates="13275" cleared="0"  />
</gc-op>
<gc-op id="7573" type="sweep" timems="1.434" contextid="7569" timestamp="2019-08-09T18:54:27.371" />
<mem-info id="7574" free="52361776" total="70254592" percent="74">
  <mem type="tenure" free="52361776" total="70254592" percent="74" micro-fragmented="0" macro-fragmented="0">
    <mem type="soa" free="51659312" total="69552128" percent="74" />
    <mem type="loa" free="702464" total="702464" percent="100" />
  </mem>
</mem-info>
<gc-op id="7575" type="compact" timems="42.799" contextid="7569" timestamp="2019-08-09T18:54:27.413">
  <compact-info movecount="915" movebytes="27496" reason="compact to aid heap contraction" />
</gc-op>
<heap-resize id="7576" type="expand" space="tenure" amount="131072" count="1" timems="0.025" reason="satisfy allocation request" timestamp="2019-08-09T18:54:27.414" />
<gc-end id="7577" type="global" contextid="7569" durationms="54.432" usertimems="87.349" systemtimems="1.275" timestamp="2019-08-09T18:54:27.414" activeThreads="16">
  <mem-info id="7578" free="52431192" total="70385664" percent="74">
    <mem type="tenure" free="52431192" total="70385664" percent="74">
      <mem type="soa" free="51727704" total="69682176" percent="74" />
      <mem type="loa" free="703488" total="703488" percent="100" />
    </mem>
  </mem-info>
</gc-end>
<cycle-end id="7579" type="global" contextid="7569" timestamp="2019-08-09T18:54:27.414" />
  <attribute name="elasticGC enabled" value="1" />
  <attribute name= "numThreadsSpecified" value="16" />
  <attribute name="heapSize specified" value="70254592" />
  <attribute name="Current GC Util" value="28" />
  <attribute name= "Current Time Running" value="207357" />
  <attribute name ="GC Interval" value="0" />
  <attribute name="Target GC Util Change" value ="80.000000" />
  <attribute name="Current GC Util Change" value="28.000000"/>
  <attribute name="Current Error" value="-279.000000" />
  <attribute name="Output H" value="70329952"/>
  <attribute name="Output I" value="1688"/>
  <attribute name="Output T" value="16"/>
  <attribute name= "Current Time Running" value="207357" />
  <attribute name="GC Util currently" value="28" />
  <attribute name="CPU Util currently" value="26905392829" />
<allocation-satisfied id="7580" threadId="00000000023ECF00" bytesRequested="40" />
<af-end id="7581" timestamp="2019-08-09T18:54:27.414" threadId="00000000023ED888" success="true" />
<exclusive-end id="7582" timestamp="2019-08-09T18:54:27.414" durationms="54.683" />

<exclusive-start id="7583" timestamp="2019-08-09T18:54:27.479" intervalms="119.259">
  <response-info timems="0.017" idlems="0.017" threads="0" lastid="00000000023ECF00" lastname="main" />
</exclusive-start>
<af-start id="7584" threadId="00000000023ED888" totalBytesRequested="24" timestamp="2019-08-09T18:54:27.479" intervalms="119.265" />
<cycle-start id="7585" type="global" contextid="0" timestamp="2019-08-09T18:54:27.479" intervalms="119.248" />
<gc-start id="7586" type="global" contextid="7585" timestamp="2019-08-09T18:54:27.479">
  <mem-info id="7587" free="703488" total="70385664" percent="0">
    <mem type="tenure" free="703488" total="70385664" percent="0">
      <mem type="soa" free="0" total="69682176" percent="0" />
      <mem type="loa" free="703488" total="703488" percent="100" />
    </mem>
  </mem-info>
</gc-start>
<allocation-stats totalBytes="51786256" >
  <allocated-bytes non-tlh="0" tlh="51786256" />
  <largest-consumer threadName="main" threadId="00000000023ECF00" bytes="51786256" />
</allocation-stats>
<gc-op id="7588" type="mark" timems="13.851" contextid="7585" timestamp="2019-08-09T18:54:27.493">
  <trace-info objectcount="596925" scancount="517920" scanbytes="13294948" />
  <finalization candidates="80" enqueued="0" />
  <ownableSynchronizers candidates="21" cleared="0" />
  <references type="soft" candidates="1849" cleared="0" enqueued="0" dynamicThreshold="23" maxThreshold="32" />
  <references type="weak" candidates="5749" cleared="0" enqueued="0" />
  <references type="phantom" candidates="97" cleared="0" enqueued="0" />
  <stringconstants candidates="13275" cleared="0"  />
</gc-op>
<gc-op id="7589" type="sweep" timems="2.964" contextid="7585" timestamp="2019-08-09T18:54:27.496" />
<mem-info id="7590" free="52482272" total="70385664" percent="74">
  <mem type="tenure" free="52482272" total="70385664" percent="74" micro-fragmented="0" macro-fragmented="0">
    <mem type="soa" free="51778784" total="69682176" percent="74" />
    <mem type="loa" free="703488" total="703488" percent="100" />
  </mem>
</mem-info>
<gc-op id="7591" type="compact" timems="207.185" contextid="7585" timestamp="2019-08-09T18:54:27.703">
  <compact-info movecount="553031" movebytes="15351680" reason="compact to aid heap contraction" />
</gc-op>
<heap-resize id="7592" type="expand" space="tenure" amount="131072" count="1" timems="0.023" reason="satisfy allocation request" timestamp="2019-08-09T18:54:27.706" />
<gc-end id="7593" type="global" contextid="7585" durationms="227.221" usertimems="250.606" systemtimems="0.000" timestamp="2019-08-09T18:54:27.706" activeThreads="16">
  <mem-info id="7594" free="52560392" total="70516736" percent="74">
    <mem type="tenure" free="52560392" total="70516736" percent="74">
      <mem type="soa" free="51855880" total="69812224" percent="74" />
      <mem type="loa" free="704512" total="704512" percent="100" />
    </mem>
  </mem-info>
</gc-end>
<cycle-end id="7595" type="global" contextid="7585" timestamp="2019-08-09T18:54:27.707" />
  <attribute name="elasticGC enabled" value="1" />
  <attribute name= "numThreadsSpecified" value="16" />
  <attribute name="heapSize specified" value="70385664" />
  <attribute name="Current GC Util" value="10" />
  <attribute name= "Current Time Running" value="207647" />
  <attribute name ="GC Interval" value="0" />
  <attribute name="Target GC Util Change" value ="80.000000" />
  <attribute name="Current GC Util Change" value="10.000000"/>
  <attribute name="Current Error" value="70.000000" />
  <attribute name="Output H" value="70461424"/>
  <attribute name="Output I" value="2088"/>
  <attribute name="Output T" value="16"/>
  <attribute name= "Current Time Running" value="207647" />
  <attribute name="GC Util currently" value="10" />
  <attribute name="CPU Util currently" value="5562282328" />
<allocation-satisfied id="7596" threadId="00000000023ECF00" bytesRequested="24" />
<af-end id="7597" timestamp="2019-08-09T18:54:27.707" threadId="00000000023ED888" success="true" />
<exclusive-end id="7598" timestamp="2019-08-09T18:54:27.707" durationms="228.160" />

<exclusive-start id="7599" timestamp="2019-08-09T18:54:27.745" intervalms="265.897">
  <response-info timems="0.049" idlems="0.049" threads="0" lastid="00000000023ECF00" lastname="main" />
</exclusive-start>
<af-start id="7600" threadId="00000000023ED888" totalBytesRequested="72" timestamp="2019-08-09T18:54:27.745" intervalms="265.908" />
<cycle-start id="7601" type="global" contextid="0" timestamp="2019-08-09T18:54:27.745" intervalms="265.916" />
<gc-start id="7602" type="global" contextid="7601" timestamp="2019-08-09T18:54:27.745">
  <mem-info id="7603" free="704512" total="70516736" percent="0">
    <mem type="tenure" free="704512" total="70516736" percent="0">
      <mem type="soa" free="0" total="69812224" percent="0" />
      <mem type="loa" free="704512" total="704512" percent="100" />
    </mem>
  </mem-info>
</gc-start>
<allocation-stats totalBytes="51900152" >
  <allocated-bytes non-tlh="0" tlh="51900152" />
  <largest-consumer threadName="main" threadId="00000000023ECF00" bytes="51900152" />
</allocation-stats>
<gc-op id="7604" type="mark" timems="9.743" contextid="7601" timestamp="2019-08-09T18:54:27.755">
  <trace-info objectcount="596410" scancount="517404" scanbytes="13278080" />
  <finalization candidates="80" enqueued="0" />
  <ownableSynchronizers candidates="21" cleared="0" />
  <references type="soft" candidates="1849" cleared="6" enqueued="6" dynamicThreshold="23" maxThreshold="32" />
  <references type="weak" candidates="5749" cleared="7" enqueued="3" />
  <references type="phantom" candidates="97" cleared="0" enqueued="0" />
  <stringconstants candidates="13275" cleared="0"  />
</gc-op>
<gc-op id="7605" type="sweep" timems="2.994" contextid="7601" timestamp="2019-08-09T18:54:27.758" />
<mem-info id="7606" free="52639752" total="70516736" percent="74">
  <mem type="tenure" free="52639752" total="70516736" percent="74" micro-fragmented="3888" macro-fragmented="0">
    <mem type="soa" free="51935240" total="69812224" percent="74" />
    <mem type="loa" free="704512" total="704512" percent="100" />
  </mem>
  <pending-finalizers system="0" default="0" reference="9" classloader="0" />
</mem-info>
<gc-op id="7607" type="compact" timems="51.082" contextid="7601" timestamp="2019-08-09T18:54:27.809">
  <compact-info movecount="432" movebytes="11528" reason="compact to aid heap contraction" />
</gc-op>
<heap-resize id="7608" type="expand" space="tenure" amount="131072" count="1" timems="0.025" reason="satisfy allocation request" timestamp="2019-08-09T18:54:27.814" />
<gc-end id="7609" type="global" contextid="7601" durationms="69.017" usertimems="107.525" systemtimems="3.244" timestamp="2019-08-09T18:54:27.814" activeThreads="16">
  <mem-info id="7610" free="52708504" total="70647808" percent="74">
    <mem type="tenure" free="52708504" total="70647808" percent="74">
      <mem type="soa" free="52002968" total="69942272" percent="74" />
      <mem type="loa" free="705536" total="705536" percent="100" />
    </mem>
    <pending-finalizers system="0" default="0" reference="9" classloader="0" />
  </mem-info>
</gc-end>
<cycle-end id="7611" type="global" contextid="7601" timestamp="2019-08-09T18:54:27.814" />
  <attribute name="elasticGC enabled" value="1" />
  <attribute name= "numThreadsSpecified" value="16" />
  <attribute name="heapSize specified" value="70516736" />
  <attribute name="Current GC Util" value="27" />
  <attribute name= "Current Time Running" value="207753" />
  <attribute name ="GC Interval" value="0" />
  <attribute name="Target GC Util Change" value ="80.000000" />
  <attribute name="Current GC Util Change" value="27.000000"/>
  <attribute name="Current Error" value="-602.000000" />
  <attribute name="Output H" value="70591728"/>
  <attribute name="Output I" value="1320"/>
  <attribute name="Output T" value="16"/>
  <attribute name= "Current Time Running" value="207753" />
  <attribute name="GC Util currently" value="27" />
  <attribute name="CPU Util currently" value="22556677457" />
<allocation-satisfied id="7612" threadId="00000000023ECF00" bytesRequested="72" />
<af-end id="7613" timestamp="2019-08-09T18:54:27.814" threadId="00000000023ED888" success="true" />
<exclusive-end id="7614" timestamp="2019-08-09T18:54:27.814" durationms="69.306" />

<exclusive-start id="7615" timestamp="2019-08-09T18:54:27.826" intervalms="81.569">
  <response-info timems="0.024" idlems="0.024" threads="0" lastid="00000000023ECF00" lastname="main" />
</exclusive-start>
<af-start id="7616" threadId="00000000023ED888" totalBytesRequested="288" timestamp="2019-08-09T18:54:27.826" intervalms="81.625" />
<cycle-start id="7617" type="global" contextid="0" timestamp="2019-08-09T18:54:27.826" intervalms="81.616" />
<gc-start id="7618" type="global" contextid="7617" timestamp="2019-08-09T18:54:27.826">
  <mem-info id="7619" free="705536" total="70647808" percent="0">
    <mem type="tenure" free="705536" total="70647808" percent="0">
      <mem type="soa" free="0" total="69942272" percent="0" />
      <mem type="loa" free="705536" total="705536" percent="100" />
    </mem>
  </mem-info>
</gc-start>
<allocation-stats totalBytes="52041816" >
  <allocated-bytes non-tlh="0" tlh="52041816" />
  <largest-consumer threadName="main" threadId="00000000023ECF00" bytes="52041816" />
</allocation-stats>
<gc-op id="7620" type="mark" timems="13.881" contextid="7617" timestamp="2019-08-09T18:54:27.840">
  <trace-info objectcount="596396" scancount="517388" scanbytes="13277552" />
  <finalization candidates="80" enqueued="0" />
  <ownableSynchronizers candidates="21" cleared="0" />
  <references type="soft" candidates="1843" cleared="0" enqueued="0" dynamicThreshold="23" maxThreshold="32" />
  <references type="weak" candidates="5742" cleared="0" enqueued="0" />
  <references type="phantom" candidates="97" cleared="0" enqueued="0" />
  <stringconstants candidates="13275" cleared="0"  />
</gc-op>
<gc-op id="7621" type="sweep" timems="2.193" contextid="7617" timestamp="2019-08-09T18:54:27.843" />
<mem-info id="7622" free="52773568" total="70647808" percent="74">
  <mem type="tenure" free="52773568" total="70647808" percent="74" micro-fragmented="0" macro-fragmented="0">
    <mem type="soa" free="52068032" total="69942272" percent="74" />
    <mem type="loa" free="705536" total="705536" percent="100" />
  </mem>
</mem-info>
<gc-op id="7623" type="compact" timems="27.674" contextid="7617" timestamp="2019-08-09T18:54:27.870">
  <compact-info movecount="155" movebytes="4656" reason="compact to aid heap contraction" />
</gc-op>
<heap-resize id="7624" type="expand" space="tenure" amount="131072" count="1" timems="0.022" reason="satisfy allocation request" timestamp="2019-08-09T18:54:27.872" />
<gc-end id="7625" type="global" contextid="7617" durationms="45.524" usertimems="86.866" systemtimems="11.641" timestamp="2019-08-09T18:54:27.872" activeThreads="16">
  <mem-info id="7626" free="52839888" total="70778880" percent="74">
    <mem type="tenure" free="52839888" total="70778880" percent="74">
      <mem type="soa" free="52132304" total="70071296" percent="74" />
      <mem type="loa" free="707584" total="707584" percent="100" />
    </mem>
  </mem-info>
</gc-end>
<cycle-end id="7627" type="global" contextid="7617" timestamp="2019-08-09T18:54:27.872" />
  <attribute name="elasticGC enabled" value="1" />
  <attribute name= "numThreadsSpecified" value="16" />
  <attribute name="heapSize specified" value="70647808" />
  <attribute name="Current GC Util" value="61" />
  <attribute name= "Current Time Running" value="207814" />
  <attribute name ="GC Interval" value="0" />
  <attribute name="Target GC Util Change" value ="80.000000" />
  <attribute name="Current GC Util Change" value="61.000000"/>
  <attribute name="Current Error" value="-399.000000" />
  <attribute name="Output H" value="70723032"/>
  <attribute name="Output I" value="1552"/>
  <attribute name="Output T" value="16"/>
  <attribute name= "Current Time Running" value="207814" />
  <attribute name="GC Util currently" value="61" />
  <attribute name="CPU Util currently" value="41605990654" />
<allocation-satisfied id="7628" threadId="00000000023ECF00" bytesRequested="288" />
<af-end id="7629" timestamp="2019-08-09T18:54:27.872" threadId="00000000023ED888" success="true" />
<exclusive-end id="7630" timestamp="2019-08-09T18:54:27.872" durationms="45.816" />

<exclusive-start id="7631" timestamp="2019-08-09T18:54:27.883" intervalms="57.103">
  <response-info timems="0.019" idlems="0.019" threads="0" lastid="00000000023ECF00" lastname="main" />
</exclusive-start>
<af-start id="7632" threadId="00000000023ED888" totalBytesRequested="32" timestamp="2019-08-09T18:54:27.883" intervalms="57.042" />
<cycle-start id="7633" type="global" contextid="0" timestamp="2019-08-09T18:54:27.883" intervalms="57.051" />
<gc-start id="7634" type="global" contextid="7633" timestamp="2019-08-09T18:54:27.884">
  <mem-info id="7635" free="707584" total="70778880" percent="0">
    <mem type="tenure" free="707584" total="70778880" percent="0">
      <mem type="soa" free="0" total="70071296" percent="0" />
      <mem type="loa" free="707584" total="707584" percent="100" />
    </mem>
  </mem-info>
</gc-start>
<allocation-stats totalBytes="52171144" >
  <allocated-bytes non-tlh="0" tlh="52171144" />
  <largest-consumer threadName="main" threadId="00000000023ECF00" bytes="52171144" />
</allocation-stats>
<gc-op id="7636" type="mark" timems="81.106" contextid="7633" timestamp="2019-08-09T18:54:27.965">
  <trace-info objectcount="596395" scancount="517386" scanbytes="13277520" />
  <finalization candidates="80" enqueued="0" />
  <ownableSynchronizers candidates="21" cleared="0" />
  <references type="soft" candidates="1843" cleared="0" enqueued="0" dynamicThreshold="23" maxThreshold="32" />
  <references type="weak" candidates="5742" cleared="0" enqueued="0" />
  <references type="phantom" candidates="97" cleared="0" enqueued="0" />
  <stringconstants candidates="13275" cleared="0"  />
</gc-op>
<gc-op id="7637" type="sweep" timems="4.179" contextid="7633" timestamp="2019-08-09T18:54:27.969" />
<mem-info id="7638" free="52905640" total="70778880" percent="74">
  <mem type="tenure" free="52905640" total="70778880" percent="74" micro-fragmented="0" macro-fragmented="0">
    <mem type="soa" free="52198056" total="70071296" percent="74" />
    <mem type="loa" free="707584" total="707584" percent="100" />
  </mem>
</mem-info>
<gc-op id="7639" type="compact" timems="26.871" contextid="7633" timestamp="2019-08-09T18:54:27.996">
  <compact-info movecount="5" movebytes="160" reason="compact to aid heap contraction" />
</gc-op>
<heap-resize id="7640" type="expand" space="tenure" amount="131072" count="1" timems="0.023" reason="satisfy allocation request" timestamp="2019-08-09T18:54:27.998" />
<gc-end id="7641" type="global" contextid="7633" durationms="114.571" usertimems="182.873" systemtimems="73.086" timestamp="2019-08-09T18:54:27.998" activeThreads="16">
  <mem-info id="7642" free="52971200" total="70909952" percent="74">
    <mem type="tenure" free="52971200" total="70909952" percent="74">
      <mem type="soa" free="52262592" total="70201344" percent="74" />
      <mem type="loa" free="708608" total="708608" percent="100" />
    </mem>
  </mem-info>
</gc-end>
<cycle-end id="7643" type="global" contextid="7633" timestamp="2019-08-09T18:54:27.998" />
  <attribute name="elasticGC enabled" value="1" />
  <attribute name= "numThreadsSpecified" value="16" />
  <attribute name="heapSize specified" value="70778880" />
  <attribute name="Current GC Util" value="37" />
  <attribute name= "Current Time Running" value="207940" />
  <attribute name ="GC Interval" value="0" />
  <attribute name="Target GC Util Change" value ="80.000000" />
  <attribute name="Current GC Util Change" value="37.000000"/>
  <attribute name="Current Error" value="43.000000" />
  <attribute name="Output H" value="70854616"/>
  <attribute name="Output I" value="2064"/>
  <attribute name="Output T" value="16"/>
  <attribute name= "Current Time Running" value="207940" />
  <attribute name="GC Util currently" value="37" />
  <attribute name="CPU Util currently" value="42865747702" />
<allocation-satisfied id="7644" threadId="00000000023ECF00" bytesRequested="32" />
<af-end id="7645" timestamp="2019-08-09T18:54:27.998" threadId="00000000023ED888" success="true" />
<exclusive-end id="7646" timestamp="2019-08-09T18:54:27.998" durationms="114.814" />

<exclusive-start id="7647" timestamp="2019-08-09T18:54:28.008" intervalms="124.839">
  <response-info timems="0.019" idlems="0.019" threads="0" lastid="00000000023ECF00" lastname="main" />
</exclusive-start>
<af-start id="7648" threadId="00000000023ED888" totalBytesRequested="296" timestamp="2019-08-09T18:54:28.008" intervalms="124.831" />
<cycle-start id="7649" type="global" contextid="0" timestamp="2019-08-09T18:54:28.008" intervalms="124.825" />
<gc-start id="7650" type="global" contextid="7649" timestamp="2019-08-09T18:54:28.008">
  <mem-info id="7651" free="708608" total="70909952" percent="0">
    <mem type="tenure" free="708608" total="70909952" percent="0">
      <mem type="soa" free="0" total="70201344" percent="0" />
      <mem type="loa" free="708608" total="708608" percent="100" />
    </mem>
  </mem-info>
</gc-start>
<allocation-stats totalBytes="52300984" >
  <allocated-bytes non-tlh="0" tlh="52300984" />
  <largest-consumer threadName="main" threadId="00000000023ECF00" bytes="52300984" />
</allocation-stats>
<gc-op id="7652" type="mark" timems="28.617" contextid="7649" timestamp="2019-08-09T18:54:28.037">
  <trace-info objectcount="596396" scancount="517388" scanbytes="13277552" />
  <finalization candidates="80" enqueued="0" />
  <ownableSynchronizers candidates="21" cleared="0" />
  <references type="soft" candidates="1843" cleared="0" enqueued="0" dynamicThreshold="23" maxThreshold="32" />
  <references type="weak" candidates="5742" cleared="0" enqueued="0" />
  <references type="phantom" candidates="97" cleared="0" enqueued="0" />
  <stringconstants candidates="13275" cleared="0"  />
</gc-op>
<gc-op id="7653" type="sweep" timems="45.387" contextid="7649" timestamp="2019-08-09T18:54:28.082" />
<mem-info id="7654" free="53036208" total="70909952" percent="74">
  <mem type="tenure" free="53036208" total="70909952" percent="74" micro-fragmented="0" macro-fragmented="0">
    <mem type="soa" free="52327600" total="70201344" percent="74" />
    <mem type="loa" free="708608" total="708608" percent="100" />
  </mem>
</mem-info>
<gc-op id="7655" type="compact" timems="38.482" contextid="7649" timestamp="2019-08-09T18:54:28.121">
  <compact-info movecount="6" movebytes="408" reason="compact to aid heap contraction" />
</gc-op>
<heap-resize id="7656" type="expand" space="tenure" amount="131072" count="1" timems="0.021" reason="satisfy allocation request" timestamp="2019-08-09T18:54:28.122" />
<gc-end id="7657" type="global" contextid="7649" durationms="113.852" usertimems="77.144" systemtimems="50.315" timestamp="2019-08-09T18:54:28.122" activeThreads="16">
  <mem-info id="7658" free="53102024" total="71041024" percent="74">
    <mem type="tenure" free="53102024" total="71041024" percent="74">
      <mem type="soa" free="52392392" total="70331392" percent="74" />
      <mem type="loa" free="709632" total="709632" percent="100" />
    </mem>
  </mem-info>
</gc-end>
<cycle-end id="7659" type="global" contextid="7649" timestamp="2019-08-09T18:54:28.122" />
  <attribute name="elasticGC enabled" value="1" />
  <attribute name= "numThreadsSpecified" value="16" />
  <attribute name="heapSize specified" value="70909952" />
  <attribute name="Current GC Util" value="39" />
  <attribute name= "Current Time Running" value="208065" />
  <attribute name ="GC Interval" value="0" />
  <attribute name="Target GC Util Change" value ="80.000000" />
  <attribute name="Current GC Util Change" value="39.000000"/>
  <attribute name="Current Error" value="-114.000000" />
  <attribute name="Output H" value="70985504"/>
  <attribute name="Output I" value="1880"/>
  <attribute name="Output T" value="16"/>
  <attribute name= "Current Time Running" value="208065" />
  <attribute name="GC Util currently" value="39" />
  <attribute name="CPU Util currently" value="29932103726" />
<allocation-satisfied id="7660" threadId="00000000023ECF00" bytesRequested="296" />
<af-end id="7661" timestamp="2019-08-09T18:54:28.122" threadId="00000000023ED888" success="true" />
<exclusive-end id="7662" timestamp="2019-08-09T18:54:28.122" durationms="114.112" />

<exclusive-start id="7663" timestamp="2019-08-09T18:54:28.133" intervalms="125.253">
  <response-info timems="0.016" idlems="0.016" threads="0" lastid="00000000023ECF00" lastname="main" />
</exclusive-start>
<af-start id="7664" threadId="00000000023ED888" totalBytesRequested="40" timestamp="2019-08-09T18:54:28.134" intervalms="125.257" />
<cycle-start id="7665" type="global" contextid="0" timestamp="2019-08-09T18:54:28.134" intervalms="125.253" />
<gc-start id="7666" type="global" contextid="7665" timestamp="2019-08-09T18:54:28.134">
  <mem-info id="7667" free="709632" total="71041024" percent="0">
    <mem type="tenure" free="709632" total="71041024" percent="0">
      <mem type="soa" free="0" total="70331392" percent="0" />
      <mem type="loa" free="709632" total="709632" percent="100" />
    </mem>
  </mem-info>
</gc-start>
<allocation-stats totalBytes="52428008" >
  <allocated-bytes non-tlh="0" tlh="52428008" />
  <largest-consumer threadName="main" threadId="00000000023ECF00" bytes="52428008" />
</allocation-stats>
<gc-op id="7668" type="mark" timems="12.433" contextid="7665" timestamp="2019-08-09T18:54:28.146">
  <trace-info objectcount="596396" scancount="517390" scanbytes="13277556" />
  <finalization candidates="80" enqueued="0" />
  <ownableSynchronizers candidates="21" cleared="0" />
  <references type="soft" candidates="1843" cleared="0" enqueued="0" dynamicThreshold="23" maxThreshold="32" />
  <references type="weak" candidates="5742" cleared="0" enqueued="0" />
  <references type="phantom" candidates="97" cleared="0" enqueued="0" />
  <stringconstants candidates="13275" cleared="0"  />
</gc-op>
<gc-op id="7669" type="sweep" timems="1.580" contextid="7665" timestamp="2019-08-09T18:54:28.148" />
<mem-info id="7670" free="53167152" total="71041024" percent="74">
  <mem type="tenure" free="53167152" total="71041024" percent="74" micro-fragmented="3882" macro-fragmented="0">
    <mem type="soa" free="52457520" total="70331392" percent="74" />
    <mem type="loa" free="709632" total="709632" percent="100" />
  </mem>
</mem-info>
<gc-op id="7671" type="compact" timems="76.154" contextid="7665" timestamp="2019-08-09T18:54:28.224">
  <compact-info movecount="417" movebytes="11000" reason="compact to aid heap contraction" />
</gc-op>
<heap-resize id="7672" type="expand" space="tenure" amount="131072" count="1" timems="0.021" reason="satisfy allocation request" timestamp="2019-08-09T18:54:28.225" />
<gc-end id="7673" type="global" contextid="7665" durationms="91.308" usertimems="112.224" systemtimems="16.504" timestamp="2019-08-09T18:54:28.225" activeThreads="16">
  <mem-info id="7674" free="53233296" total="71172096" percent="74">
    <mem type="tenure" free="53233296" total="71172096" percent="74">
      <mem type="soa" free="52521616" total="70460416" percent="74" />
      <mem type="loa" free="711680" total="711680" percent="100" />
    </mem>
  </mem-info>
</gc-end>
<cycle-end id="7675" type="global" contextid="7665" timestamp="2019-08-09T18:54:28.225" />
  <attribute name="elasticGC enabled" value="1" />
  <attribute name= "numThreadsSpecified" value="16" />
  <attribute name="heapSize specified" value="71041024" />
  <attribute name="Current GC Util" value="30" />
  <attribute name= "Current Time Running" value="208168" />
  <attribute name ="GC Interval" value="0" />
  <attribute name="Target GC Util Change" value ="80.000000" />
  <attribute name="Current GC Util Change" value="30.000000"/>
  <attribute name="Current Error" value="-412.000000" />
  <attribute name="Output H" value="71116232"/>
  <attribute name="Output I" value="1536"/>
  <attribute name="Output T" value="16"/>
  <attribute name= "Current Time Running" value="208168" />
  <attribute name="GC Util currently" value="30" />
  <attribute name="CPU Util currently" value="15132189241" />
<allocation-satisfied id="7676" threadId="00000000023ECF00" bytesRequested="40" />
<af-end id="7677" timestamp="2019-08-09T18:54:28.225" threadId="00000000023ED888" success="true" />
<exclusive-end id="7678" timestamp="2019-08-09T18:54:28.225" durationms="91.574" />

<exclusive-start id="7679" timestamp="2019-08-09T18:54:28.237" intervalms="103.383">
  <response-info timems="0.016" idlems="0.016" threads="0" lastid="00000000023ECF00" lastname="main" />
</exclusive-start>
<af-start id="7680" threadId="00000000023ED888" totalBytesRequested="40" timestamp="2019-08-09T18:54:28.237" intervalms="103.374" />
<cycle-start id="7681" type="global" contextid="0" timestamp="2019-08-09T18:54:28.237" intervalms="103.372" />
<gc-start id="7682" type="global" contextid="7681" timestamp="2019-08-09T18:54:28.237">
  <mem-info id="7683" free="711680" total="71172096" percent="0">
    <mem type="tenure" free="711680" total="71172096" percent="0">
      <mem type="soa" free="0" total="70460416" percent="0" />
      <mem type="loa" free="711680" total="711680" percent="100" />
    </mem>
  </mem-info>
</gc-start>
<allocation-stats totalBytes="52538208" >
  <allocated-bytes non-tlh="0" tlh="52538208" />
  <largest-consumer threadName="main" threadId="00000000023ECF00" bytes="52538208" />
</allocation-stats>
<gc-op id="7684" type="mark" timems="18.225" contextid="7681" timestamp="2019-08-09T18:54:28.255">
  <trace-info objectcount="596396" scancount="517389" scanbytes="13277556" />
  <finalization candidates="80" enqueued="0" />
  <ownableSynchronizers candidates="21" cleared="0" />
  <references type="soft" candidates="1843" cleared="0" enqueued="0" dynamicThreshold="23" maxThreshold="32" />
  <references type="weak" candidates="5742" cleared="0" enqueued="0" />
  <references type="phantom" candidates="97" cleared="0" enqueued="0" />
  <stringconstants candidates="13275" cleared="0"  />
</gc-op>
<gc-op id="7685" type="sweep" timems="3.080" contextid="7681" timestamp="2019-08-09T18:54:28.258" />
<mem-info id="7686" free="53298648" total="71172096" percent="74">
  <mem type="tenure" free="53298648" total="71172096" percent="74" micro-fragmented="0" macro-fragmented="0">
    <mem type="soa" free="52586968" total="70460416" percent="74" />
    <mem type="loa" free="711680" total="711680" percent="100" />
  </mem>
</mem-info>
<gc-op id="7687" type="compact" timems="58.583" contextid="7681" timestamp="2019-08-09T18:54:28.317">
  <compact-info movecount="5" movebytes="352" reason="compact to aid heap contraction" />
</gc-op>
<heap-resize id="7688" type="expand" space="tenure" amount="131072" count="1" timems="0.020" reason="satisfy allocation request" timestamp="2019-08-09T18:54:28.319" />
<gc-end id="7689" type="global" contextid="7681" durationms="81.623" usertimems="100.004" systemtimems="27.977" timestamp="2019-08-09T18:54:28.319" activeThreads="16">
  <mem-info id="7690" free="53364200" total="71303168" percent="74">
    <mem type="tenure" free="53364200" total="71303168" percent="74">
      <mem type="soa" free="52651496" total="70590464" percent="74" />
      <mem type="loa" free="712704" total="712704" percent="100" />
    </mem>
  </mem-info>
</gc-end>
<cycle-end id="7691" type="global" contextid="7681" timestamp="2019-08-09T18:54:28.319" />
  <attribute name="elasticGC enabled" value="1" />
  <attribute name= "numThreadsSpecified" value="16" />
  <attribute name="heapSize specified" value="71172096" />
  <attribute name="Current GC Util" value="64" />
  <attribute name= "Current Time Running" value="208261" />
  <attribute name ="GC Interval" value="0" />
  <attribute name="Target GC Util Change" value ="80.000000" />
  <attribute name="Current GC Util Change" value="64.000000"/>
  <attribute name="Current Error" value="16.000000" />
  <attribute name="Output H" value="71247800"/>
  <attribute name="Output I" value="2032"/>
  <attribute name="Output T" value="16"/>
  <attribute name= "Current Time Running" value="208261" />
  <attribute name="GC Util currently" value="64" />
  <attribute name="CPU Util currently" value="19669298751" />
<allocation-satisfied id="7692" threadId="00000000023ECF00" bytesRequested="40" />
<af-end id="7693" timestamp="2019-08-09T18:54:28.319" threadId="00000000023ED888" success="true" />
<exclusive-end id="7694" timestamp="2019-08-09T18:54:28.319" durationms="82.141" />

<exclusive-start id="7695" timestamp="2019-08-09T18:54:28.342" intervalms="105.159">
  <response-info timems="0.036" idlems="0.036" threads="0" lastid="00000000023ECF00" lastname="main" />
</exclusive-start>
<af-start id="7696" threadId="00000000023ED888" totalBytesRequested="136" timestamp="2019-08-09T18:54:28.342" intervalms="105.187" />
<cycle-start id="7697" type="global" contextid="0" timestamp="2019-08-09T18:54:28.342" intervalms="105.196" />
<gc-start id="7698" type="global" contextid="7697" timestamp="2019-08-09T18:54:28.342">
  <mem-info id="7699" free="712704" total="71303168" percent="0">
    <mem type="tenure" free="712704" total="71303168" percent="0">
      <mem type="soa" free="0" total="70590464" percent="0" />
      <mem type="loa" free="712704" total="712704" percent="100" />
    </mem>
  </mem-info>
</gc-start>
<allocation-stats totalBytes="52684512" >
  <allocated-bytes non-tlh="0" tlh="52684512" />
  <largest-consumer threadName="main" threadId="00000000023ECF00" bytes="52684512" />
</allocation-stats>
<gc-op id="7700" type="mark" timems="11.578" contextid="7697" timestamp="2019-08-09T18:54:28.354">
  <trace-info objectcount="596422" scancount="517412" scanbytes="13278920" />
  <finalization candidates="80" enqueued="0" />
  <ownableSynchronizers candidates="21" cleared="0" />
  <references type="soft" candidates="1843" cleared="0" enqueued="0" dynamicThreshold="23" maxThreshold="32" />
  <references type="weak" candidates="5742" cleared="0" enqueued="0" />
  <references type="phantom" candidates="97" cleared="0" enqueued="0" />
  <stringconstants candidates="13275" cleared="0"  />
</gc-op>
<gc-op id="7701" type="sweep" timems="2.926" contextid="7697" timestamp="2019-08-09T18:54:28.357" />
<mem-info id="7702" free="53427816" total="71303168" percent="74">
  <mem type="tenure" free="53427816" total="71303168" percent="74" micro-fragmented="3882" macro-fragmented="0">
    <mem type="soa" free="52715112" total="70590464" percent="74" />
    <mem type="loa" free="712704" total="712704" percent="100" />
  </mem>
</mem-info>
<gc-op id="7703" type="compact" timems="34.245" contextid="7697" timestamp="2019-08-09T18:54:28.391">
  <compact-info movecount="442" movebytes="12248" reason="compact to aid heap contraction" />
</gc-op>
<heap-resize id="7704" type="expand" space="tenure" amount="131072" count="1" timems="0.024" reason="satisfy allocation request" timestamp="2019-08-09T18:54:28.417" />
<gc-end id="7705" type="global" contextid="7697" durationms="74.833" usertimems="75.498" systemtimems="17.277" timestamp="2019-08-09T18:54:28.417" activeThreads="16">
  <mem-info id="7706" free="53494168" total="71434240" percent="74">
    <mem type="tenure" free="53494168" total="71434240" percent="74">
      <mem type="soa" free="52780440" total="70720512" percent="74" />
      <mem type="loa" free="713728" total="713728" percent="100" />
    </mem>
  </mem-info>
</gc-end>
<cycle-end id="7707" type="global" contextid="7697" timestamp="2019-08-09T18:54:28.417" />
  <attribute name="elasticGC enabled" value="1" />
  <attribute name= "numThreadsSpecified" value="16" />
  <attribute name="heapSize specified" value="71303168" />
  <attribute name="Current GC Util" value="29" />
  <attribute name= "Current Time Running" value="208335" />
  <attribute name ="GC Interval" value="0" />
  <attribute name="Target GC Util Change" value ="80.000000" />
  <attribute name="Current GC Util Change" value="29.000000"/>
  <attribute name="Current Error" value="-220.000000" />
  <attribute name="Output H" value="71378600"/>
  <attribute name="Output I" value="1760"/>
  <attribute name="Output T" value="16"/>
  <attribute name= "Current Time Running" value="208335" />
  <attribute name="GC Util currently" value="29" />
  <attribute name="CPU Util currently" value="33667502807" />
<allocation-satisfied id="7708" threadId="00000000023ECF00" bytesRequested="136" />
<af-end id="7709" timestamp="2019-08-09T18:54:28.417" threadId="00000000023ED888" success="true" />
<exclusive-end id="7710" timestamp="2019-08-09T18:54:28.417" durationms="75.114" />

<exclusive-start id="7711" timestamp="2019-08-09T18:54:28.446" intervalms="103.766">
  <response-info timems="0.019" idlems="0.019" threads="0" lastid="00000000023ECF00" lastname="main" />
</exclusive-start>
<af-start id="7712" threadId="00000000023ED888" totalBytesRequested="136" timestamp="2019-08-09T18:54:28.446" intervalms="103.745" />
<cycle-start id="7713" type="global" contextid="0" timestamp="2019-08-09T18:54:28.446" intervalms="103.738" />
<gc-start id="7714" type="global" contextid="7713" timestamp="2019-08-09T18:54:28.446">
  <mem-info id="7715" free="713728" total="71434240" percent="0">
    <mem type="tenure" free="713728" total="71434240" percent="0">
      <mem type="soa" free="0" total="70720512" percent="0" />
      <mem type="loa" free="713728" total="713728" percent="100" />
    </mem>
  </mem-info>
</gc-start>
<allocation-stats totalBytes="52834768" >
  <allocated-bytes non-tlh="0" tlh="52834768" />
  <largest-consumer threadName="main" threadId="00000000023ECF00" bytes="52834768" />
</allocation-stats>
<gc-op id="7716" type="mark" timems="18.813" contextid="7713" timestamp="2019-08-09T18:54:28.465">
  <trace-info objectcount="596418" scancount="517405" scanbytes="13278712" />
  <finalization candidates="80" enqueued="0" />
  <ownableSynchronizers candidates="21" cleared="0" />
  <references type="soft" candidates="1843" cleared="0" enqueued="0" dynamicThreshold="23" maxThreshold="32" />
  <references type="weak" candidates="5742" cleared="0" enqueued="0" />
  <references type="phantom" candidates="97" cleared="0" enqueued="0" />
  <stringconstants candidates="13275" cleared="0"  />
</gc-op>
<gc-op id="7717" type="sweep" timems="2.992" contextid="7713" timestamp="2019-08-09T18:54:28.468" />
<mem-info id="7718" free="53559456" total="71434240" percent="74">
  <mem type="tenure" free="53559456" total="71434240" percent="74" micro-fragmented="0" macro-fragmented="0">
    <mem type="soa" free="52845728" total="70720512" percent="74" />
    <mem type="loa" free="713728" total="713728" percent="100" />
  </mem>
</mem-info>
<gc-op id="7719" type="compact" timems="56.167" contextid="7713" timestamp="2019-08-09T18:54:28.524">
  <compact-info movecount="26" movebytes="1208" reason="compact to aid heap contraction" />
</gc-op>
<heap-resize id="7720" type="expand" space="tenure" amount="131072" count="1" timems="0.100" reason="satisfy allocation request" timestamp="2019-08-09T18:54:28.528" />
<gc-end id="7721" type="global" contextid="7713" durationms="82.018" usertimems="94.449" systemtimems="27.850" timestamp="2019-08-09T18:54:28.528" activeThreads="16">
  <mem-info id="7722" free="53625448" total="71565312" percent="74">
    <mem type="tenure" free="53625448" total="71565312" percent="74">
      <mem type="soa" free="52910696" total="70850560" percent="74" />
      <mem type="loa" free="714752" total="714752" percent="100" />
    </mem>
  </mem-info>
</gc-end>
<cycle-end id="7723" type="global" contextid="7713" timestamp="2019-08-09T18:54:28.528" />
  <attribute name="elasticGC enabled" value="1" />
  <attribute name= "numThreadsSpecified" value="16" />
  <attribute name="heapSize specified" value="71434240" />
  <attribute name="Current GC Util" value="22" />
  <attribute name= "Current Time Running" value="208468" />
  <attribute name ="GC Interval" value="0" />
  <attribute name="Target GC Util Change" value ="80.000000" />
  <attribute name="Current GC Util Change" value="22.000000"/>
  <attribute name="Current Error" value="-205.000000" />
  <attribute name="Output H" value="71509688"/>
  <attribute name="Output I" value="1776"/>
  <attribute name="Output T" value="16"/>
  <attribute name= "Current Time Running" value="208468" />
  <attribute name="GC Util currently" value="22" />
  <attribute name="CPU Util currently" value="20510112607" />
<allocation-satisfied id="7724" threadId="00000000023ECF00" bytesRequested="136" />
<af-end id="7725" timestamp="2019-08-09T18:54:28.528" threadId="00000000023ED888" success="true" />
<exclusive-end id="7726" timestamp="2019-08-09T18:54:28.528" durationms="82.299" />

<exclusive-start id="7727" timestamp="2019-08-09T18:54:28.753" intervalms="307.219">
  <response-info timems="0.023" idlems="0.023" threads="0" lastid="00000000023ECF00" lastname="main" />
</exclusive-start>
<af-start id="7728" threadId="00000000023ED888" totalBytesRequested="19608" timestamp="2019-08-09T18:54:28.753" intervalms="307.380" />
<cycle-start id="7729" type="global" contextid="0" timestamp="2019-08-09T18:54:28.753" intervalms="307.401" />
<gc-start id="7730" type="global" contextid="7729" timestamp="2019-08-09T18:54:28.753">
  <mem-info id="7731" free="714752" total="71565312" percent="0">
    <mem type="tenure" free="714752" total="71565312" percent="0">
      <mem type="soa" free="0" total="70850560" percent="0" />
      <mem type="loa" free="714752" total="714752" percent="100" />
    </mem>
  </mem-info>
</gc-start>
<allocation-stats totalBytes="50252784" >
  <allocated-bytes non-tlh="0" tlh="50252784" />
  <largest-consumer threadName="main" threadId="00000000023ECF00" bytes="50252784" />
</allocation-stats>
<gc-op id="7732" type="mark" timems="8.705" contextid="7729" timestamp="2019-08-09T18:54:28.762">
  <trace-info objectcount="596410" scancount="517397" scanbytes="13318120" />
  <finalization candidates="80" enqueued="0" />
  <ownableSynchronizers candidates="21" cleared="1" />
  <references type="soft" candidates="1843" cleared="0" enqueued="0" dynamicThreshold="23" maxThreshold="32" />
  <references type="weak" candidates="5742" cleared="0" enqueued="0" />
  <references type="phantom" candidates="97" cleared="0" enqueued="0" />
  <stringconstants candidates="13275" cleared="0"  />
</gc-op>
<gc-op id="7733" type="sweep" timems="1.431" contextid="7729" timestamp="2019-08-09T18:54:28.764" />
<mem-info id="7734" free="53648744" total="71565312" percent="74">
  <mem type="tenure" free="53648744" total="71565312" percent="74" micro-fragmented="12422" macro-fragmented="0">
    <mem type="soa" free="52933992" total="70850560" percent="74" />
    <mem type="loa" free="714752" total="714752" percent="100" />
  </mem>
</mem-info>
<gc-op id="7735" type="compact" timems="183.237" contextid="7729" timestamp="2019-08-09T18:54:28.947">
  <compact-info movecount="549360" movebytes="15235792" reason="compact to aid heap contraction" />
</gc-op>
<heap-resize id="7736" type="expand" space="tenure" amount="131072" count="1" timems="0.020" reason="satisfy allocation request" timestamp="2019-08-09T18:54:28.948" />
<gc-end id="7737" type="global" contextid="7729" durationms="195.024" usertimems="228.746" systemtimems="14.962" timestamp="2019-08-09T18:54:28.948" activeThreads="16">
  <mem-info id="7738" free="53717408" total="71696384" percent="74">
    <mem type="tenure" free="53717408" total="71696384" percent="74">
      <mem type="soa" free="53000608" total="70979584" percent="74" />
      <mem type="loa" free="716800" total="716800" percent="100" />
    </mem>
  </mem-info>
</gc-end>
<cycle-end id="7739" type="global" contextid="7729" timestamp="2019-08-09T18:54:28.948" />
  <attribute name="elasticGC enabled" value="1" />
  <attribute name= "numThreadsSpecified" value="16" />
  <attribute name="heapSize specified" value="71565312" />
  <attribute name="Current GC Util" value="9" />
  <attribute name= "Current Time Running" value="208891" />
  <attribute name ="GC Interval" value="0" />
  <attribute name="Target GC Util Change" value ="80.000000" />
  <attribute name="Current GC Util Change" value="9.000000"/>
  <attribute name="Current Error" value="71.000000" />
  <attribute name="Output H" value="71641080"/>
  <attribute name="Output I" value="2096"/>
  <attribute name="Output T" value="16"/>
  <attribute name= "Current Time Running" value="208891" />
  <attribute name="GC Util currently" value="9" />
  <attribute name="CPU Util currently" value="6290723826" />
<allocation-satisfied id="7740" threadId="00000000023ECF00" bytesRequested="19608" />
<af-end id="7741" timestamp="2019-08-09T18:54:28.948" threadId="00000000023ED888" success="true" />
<exclusive-end id="7742" timestamp="2019-08-09T18:54:28.948" durationms="195.448" />

<exclusive-start id="7743" timestamp="2019-08-09T18:54:29.133" intervalms="379.701">
  <response-info timems="0.020" idlems="0.020" threads="0" lastid="00000000023ECF00" lastname="main" />
</exclusive-start>
<af-start id="7744" threadId="00000000023ED888" totalBytesRequested="24" timestamp="2019-08-09T18:54:29.133" intervalms="379.547" />
<cycle-start id="7745" type="global" contextid="0" timestamp="2019-08-09T18:54:29.133" intervalms="379.546" />
<gc-start id="7746" type="global" contextid="7745" timestamp="2019-08-09T18:54:29.133">
  <mem-info id="7747" free="716800" total="71696384" percent="0">
    <mem type="tenure" free="716800" total="71696384" percent="0">
      <mem type="soa" free="0" total="70979584" percent="0" />
      <mem type="loa" free="716800" total="716800" percent="100" />
    </mem>
  </mem-info>
</gc-start>
<allocation-stats totalBytes="53060016" >
  <allocated-bytes non-tlh="0" tlh="53060016" />
  <largest-consumer threadName="main" threadId="00000000023ECF00" bytes="53060016" />
</allocation-stats>
<gc-op id="7748" type="mark" timems="12.195" contextid="7745" timestamp="2019-08-09T18:54:29.145">
  <trace-info objectcount="596401" scancount="517396" scanbytes="13277684" />
  <finalization candidates="80" enqueued="0" />
  <ownableSynchronizers candidates="20" cleared="0" />
  <references type="soft" candidates="1843" cleared="0" enqueued="0" dynamicThreshold="23" maxThreshold="32" />
  <references type="weak" candidates="5742" cleared="0" enqueued="0" />
  <references type="phantom" candidates="97" cleared="0" enqueued="0" />
  <stringconstants candidates="13275" cleared="0"  />
</gc-op>
<gc-op id="7749" type="sweep" timems="2.286" contextid="7745" timestamp="2019-08-09T18:54:29.147" />
<mem-info id="7750" free="53822032" total="71696384" percent="75">
  <mem type="tenure" free="53822032" total="71696384" percent="75" micro-fragmented="1551" macro-fragmented="0">
    <mem type="soa" free="53105232" total="70979584" percent="74" />
    <mem type="loa" free="716800" total="716800" percent="100" />
  </mem>
</mem-info>
<gc-op id="7751" type="compact" timems="69.733" contextid="7745" timestamp="2019-08-09T18:54:29.217">
  <compact-info movecount="422" movebytes="11120" reason="compact to aid heap contraction" />
</gc-op>
<heap-resize id="7752" type="expand" space="tenure" amount="131072" count="1" timems="0.023" reason="satisfy allocation request" timestamp="2019-08-09T18:54:29.229" />
<gc-end id="7753" type="global" contextid="7745" durationms="95.812" usertimems="103.948" systemtimems="31.798" timestamp="2019-08-09T18:54:29.229" activeThreads="16">
  <mem-info id="7754" free="53888936" total="71827456" percent="75">
    <mem type="tenure" free="53888936" total="71827456" percent="75">
      <mem type="soa" free="53171112" total="71109632" percent="74" />
      <mem type="loa" free="717824" total="717824" percent="100" />
    </mem>
  </mem-info>
</gc-end>
<cycle-end id="7755" type="global" contextid="7745" timestamp="2019-08-09T18:54:29.229" />
  <attribute name="elasticGC enabled" value="1" />
  <attribute name= "numThreadsSpecified" value="16" />
  <attribute name="heapSize specified" value="71696384" />
  <attribute name="Current GC Util" value="78" />
  <attribute name= "Current Time Running" value="209161" />
  <attribute name ="GC Interval" value="0" />
  <attribute name="Target GC Util Change" value ="80.000000" />
  <attribute name="Current GC Util Change" value="78.000000"/>
  <attribute name="Current Error" value="-408.000000" />
  <attribute name="Output H" value="71771600"/>
  <attribute name="Output I" value="1544"/>
  <attribute name="Output T" value="16"/>
  <attribute name= "Current Time Running" value="209161" />
  <attribute name="GC Util currently" value="78" />
  <attribute name="CPU Util currently" value="16522158713" />
<allocation-satisfied id="7756" threadId="00000000023ECF00" bytesRequested="24" />
<af-end id="7757" timestamp="2019-08-09T18:54:29.229" threadId="00000000023ED888" success="true" />
<exclusive-end id="7758" timestamp="2019-08-09T18:54:29.229" durationms="96.244" />

<exclusive-start id="7759" timestamp="2019-08-09T18:54:29.273" intervalms="140.468">
  <response-info timems="0.024" idlems="0.024" threads="0" lastid="00000000023ECF00" lastname="main" />
</exclusive-start>
<af-start id="7760" threadId="00000000023ED888" totalBytesRequested="80" timestamp="2019-08-09T18:54:29.273" intervalms="140.465" />
<cycle-start id="7761" type="global" contextid="0" timestamp="2019-08-09T18:54:29.273" intervalms="140.455" />
<gc-start id="7762" type="global" contextid="7761" timestamp="2019-08-09T18:54:29.273">
  <mem-info id="7763" free="717824" total="71827456" percent="0">
    <mem type="tenure" free="717824" total="71827456" percent="0">
      <mem type="soa" free="0" total="71109632" percent="0" />
      <mem type="loa" free="717824" total="717824" percent="100" />
    </mem>
  </mem-info>
</gc-start>
<allocation-stats totalBytes="53229440" >
  <allocated-bytes non-tlh="0" tlh="53229440" />
  <largest-consumer threadName="main" threadId="00000000023ECF00" bytes="53229440" />
</allocation-stats>
<gc-op id="7764" type="mark" timems="47.138" contextid="7761" timestamp="2019-08-09T18:54:29.321">
  <trace-info objectcount="596423" scancount="517417" scanbytes="13278396" />
  <finalization candidates="80" enqueued="0" />
  <ownableSynchronizers candidates="20" cleared="0" />
  <references type="soft" candidates="1843" cleared="0" enqueued="0" dynamicThreshold="24" maxThreshold="32" />
  <references type="weak" candidates="5742" cleared="0" enqueued="0" />
  <references type="phantom" candidates="97" cleared="0" enqueued="0" />
  <stringconstants candidates="13275" cleared="0"  />
</gc-op>
<gc-op id="7765" type="sweep" timems="4.423" contextid="7761" timestamp="2019-08-09T18:54:29.325" />
<mem-info id="7766" free="53950304" total="71827456" percent="75">
  <mem type="tenure" free="53950304" total="71827456" percent="75" micro-fragmented="0" macro-fragmented="0">
    <mem type="soa" free="53232480" total="71109632" percent="74" />
    <mem type="loa" free="717824" total="717824" percent="100" />
  </mem>
</mem-info>
<gc-op id="7767" type="compact" timems="31.779" contextid="7761" timestamp="2019-08-09T18:54:29.357">
  <compact-info movecount="440" movebytes="11728" reason="compact to aid heap contraction" />
</gc-op>
<heap-resize id="7768" type="expand" space="tenure" amount="131072" count="1" timems="0.021" reason="satisfy allocation request" timestamp="2019-08-09T18:54:29.357" />
<gc-end id="7769" type="global" contextid="7761" durationms="83.947" usertimems="89.366" systemtimems="13.567" timestamp="2019-08-09T18:54:29.357" activeThreads="1">
  <mem-info id="7770" free="54019304" total="71958528" percent="75">
    <mem type="tenure" free="54019304" total="71958528" percent="75">
      <mem type="soa" free="53300456" total="71239680" percent="74" />
      <mem type="loa" free="718848" total="718848" percent="100" />
    </mem>
  </mem-info>
</gc-end>
<cycle-end id="7771" type="global" contextid="7761" timestamp="2019-08-09T18:54:29.357" />
  <attribute name="elasticGC enabled" value="1" />
  <attribute name= "numThreadsSpecified" value="1" />
  <attribute name="heapSize specified" value="71827456" />
  <attribute name="Current GC Util" value="49" />
  <attribute name= "Current Time Running" value="209301" />
  <attribute name ="GC Interval" value="0" />
  <attribute name="Target GC Util Change" value ="80.000000" />
  <attribute name="Current GC Util Change" value="49.000000"/>
  <attribute name="Current Error" value="-24.000000" />
  <attribute name="Output H" value="71903112"/>
  <attribute name="Output I" value="1984"/>
  <attribute name="Output T" value="1"/>
  <attribute name= "Current Time Running" value="209301" />
  <attribute name="GC Util currently" value="49" />
  <attribute name="CPU Util currently" value="36235996544" />
<allocation-satisfied id="7772" threadId="00000000023ECF00" bytesRequested="80" />
<af-end id="7773" timestamp="2019-08-09T18:54:29.357" threadId="00000000023ED888" success="true" />
<exclusive-end id="7774" timestamp="2019-08-09T18:54:29.357" durationms="84.189" />

<exclusive-start id="7775" timestamp="2019-08-09T18:54:29.443" intervalms="169.451">
  <response-info timems="0.018" idlems="0.018" threads="0" lastid="00000000023ECF00" lastname="main" />
</exclusive-start>
<af-start id="7776" threadId="00000000023ED888" totalBytesRequested="80" timestamp="2019-08-09T18:54:29.443" intervalms="169.453" />
<cycle-start id="7777" type="global" contextid="0" timestamp="2019-08-09T18:54:29.443" intervalms="169.456" />
<gc-start id="7778" type="global" contextid="7777" timestamp="2019-08-09T18:54:29.443">
  <mem-info id="7779" free="718848" total="71958528" percent="0">
    <mem type="tenure" free="718848" total="71958528" percent="0">
      <mem type="soa" free="0" total="71239680" percent="0" />
      <mem type="loa" free="718848" total="718848" percent="100" />
    </mem>
  </mem-info>
</gc-start>
<allocation-stats totalBytes="53348520" >
  <allocated-bytes non-tlh="0" tlh="53348520" />
  <largest-consumer threadName="main" threadId="00000000023ECF00" bytes="53348520" />
</allocation-stats>
