<?xml version="1.0" ?>

<verbosegc xmlns="http://www.ibm.com/j9/verbosegc" version="08cc62e_CMPRSS">

<initialized id="1" timestamp="2019-08-02T20:17:23.918">
  <attribute name="gcPolicy" value="-Xgcpolicy:optthruput" />
  <attribute name="elasticGC enabled" value="1" />
  <attribute name= "numThreadsSpecified" value="0" />
  <attribute name="heapSize specified" value="0" />
  <attribute name= "numCores" value="0" />
  <attribute name ="GC Interval" value="0" />
  <attribute name="GC Util Range Max" value="0" />
  <attribute name="Current GC Util" value="0" />
  <attribute name= "Current Time Running" value="0" />
  <attribute name="maxHeapSize" value="0x7cba0000" />
  <attribute name="initialHeapSize" value="0x800000" />
  <attribute name="compressedRefs" value="true" />
  <attribute name="compressedRefsDisplacement" value="0x0" />
  <attribute name="compressedRefsShift" value="0x0" />
  <attribute name="pageSize" value="0x1000" />
  <attribute name="pageType" value="not used" />
  <attribute name="requestedPageSize" value="0x1000" />
  <attribute name="requestedPageType" value="not used" />
  <attribute name="gcthreads" value="8" />
  <attribute name="packetListSplit" value="8" />
  <attribute name="cacheListSplit" value="8" />
  <attribute name="splitFreeListSplitAmount" value="1" />
  <attribute name="numaNodes" value="0" />
  <system>
    <attribute name="physicalMemory" value="8370401280" />
    <attribute name="numCPUs" value="8" />
    <attribute name="architecture" value="amd64" />
    <attribute name="os" value="Linux" />
    <attribute name="osVersion" value="4.4.0-154-generic" />
  </system>
  <vmargs>
    <vmarg name="-Xoptionsfile=/vagrant/jdk/lib/options.default" />
    <vmarg name="-Xlockword:mode=default,noLockword=java/lang/String,noLockword=java/util/MapEntry,noLockword=java/util/HashMap$Entry,noLockword..." />
    <vmarg name="-Xjcl:jclse29" />
    <vmarg name="-Dcom.ibm.oti.vm.bootstrap.library.path=/vagrant/jdk/lib/compressedrefs:/vagrant/jdk/lib" />
    <vmarg name="-Dsun.boot.library.path=/vagrant/jdk/lib/compressedrefs:/vagrant/jdk/lib" />
    <vmarg name="-Djava.library.path=/vagrant/jdk/lib/compressedrefs:/vagrant/jdk/lib:/usr/lib64:/usr/lib" />
    <vmarg name="-Djava.home=/vagrant/jdk" />
    <vmarg name="-Duser.dir=/vagrant" />
    <vmarg name="-Xgcpolicy:optthruput" />
    <vmarg name="-Xgcelastic" />
    <vmarg name="-Xcheck:gc:::elasticGC" />
    <vmarg name="-verbose:gc" />
    <vmarg name="-Xloggc:jdkB-small-OTT-8core-verbose2pmd.txt" />
    <vmarg name="-Djava.class.path=dacapo-9.12-MR1-bach.jar" />
    <vmarg name="-Dsun.java.command=dacapo-9.12-MR1-bach.jar pmd --size=small" />
    <vmarg name="-Dsun.java.launcher=SUN_STANDARD" />
    <vmarg name="-Dsun.java.launcher.pid=18964" />
  </vmargs>
</initialized>

<exclusive-start id="2" timestamp="2019-08-02T20:17:24.622" intervalms="704.103">
  <response-info timems="0.025" idlems="0.025" threads="0" lastid="0000000001B14A00" lastname="main" />
</exclusive-start>
<sys-start reason="explicit" id="3" timestamp="2019-08-02T20:17:24.622" intervalms="704.331" />
<cycle-start id="4" type="global" contextid="0" timestamp="2019-08-02T20:17:24.623" intervalms="704.513" />
<gc-start id="5" type="global" contextid="4" timestamp="2019-08-02T20:17:24.623">
  <mem-info id="6" free="1485272" total="8388608" percent="17">
    <mem type="tenure" free="1485272" total="8388608" percent="17">
      <mem type="soa" free="1066456" total="7969792" percent="13" />
      <mem type="loa" free="418816" total="418816" percent="100" />
    </mem>
  </mem-info>
</gc-start>
<allocation-stats totalBytes="6894576" >
  <allocated-bytes non-tlh="460328" tlh="6434248" />
  <largest-consumer threadName="main" threadId="0000000001B14A00" bytes="6805728" />
</allocation-stats>
<gc-op id="7" type="mark" timems="3.916" contextid="4" timestamp="2019-08-02T20:17:24.627">
  <trace-info objectcount="19995" scancount="16567" scanbytes="533604" />
  <finalization candidates="46" enqueued="1" />
  <ownableSynchronizers candidates="4" cleared="3" />
  <references type="soft" candidates="66" cleared="0" enqueued="0" dynamicThreshold="32" maxThreshold="32" />
  <references type="weak" candidates="911" cleared="529" enqueued="452" />
  <references type="phantom" candidates="125" cleared="44" enqueued="44" />
  <stringconstants candidates="2485" cleared="0"  />
</gc-op>
<gc-op id="8" type="classunload" timems="0.042" contextid="4" timestamp="2019-08-02T20:17:24.627">
  <classunload-info classloadercandidates="6" classloadersunloaded="0" classesunloaded="0" anonymousclassesunloaded="0" quiescems="0.000" setupms="0.042" scanms="0.000" postms="0.000" />
</gc-op>
<gc-op id="9" type="sweep" timems="0.567" contextid="4" timestamp="2019-08-02T20:17:24.628" />
<gc-end id="10" type="global" contextid="4" durationms="5.677" usertimems="8.000" systemtimems="4.000" timestamp="2019-08-02T20:17:24.628" activeThreads="8">
  <mem-info id="11" free="6773680" total="8388608" percent="80">
    <mem type="tenure" free="6773680" total="8388608" percent="80" micro-fragmented="252582" macro-fragmented="0">
      <mem type="soa" free="6354864" total="7969792" percent="79" />
      <mem type="loa" free="418816" total="418816" percent="100" />
    </mem>
    <pending-finalizers system="1" default="0" reference="496" classloader="0" />
  </mem-info>
</gc-end>
<cycle-end id="12" type="global" contextid="4" timestamp="2019-08-02T20:17:24.629" />
  <attribute name="elasticGC enabled" value="1" />
  <attribute name= "numThreadsSpecified" value="0" />
  <attribute name="heapSize specified" value="0" />
  <attribute name= "numCores" value="8" />
  <attribute name ="GC Interval" value="0" />
  <attribute name ="Control flow" value="2" />
  <attribute name="GC Util Range Max" value="132" />
  <attribute name="Current GC Util" value="43" />
  <attribute name= "Current Time Running" value="4" />
<sys-end id="13" timestamp="2019-08-02T20:17:24.629" />
<exclusive-end id="14" timestamp="2019-08-02T20:17:24.629" durationms="6.400" />

<exclusive-start id="15" timestamp="2019-08-02T20:17:24.831" intervalms="208.441">
  <response-info timems="0.101" idlems="0.101" threads="0" lastid="0000000001B14A00" lastname="main" />
</exclusive-start>
<af-start id="16" threadId="0000000001B15388" totalBytesRequested="88" timestamp="2019-08-02T20:17:24.831" intervalms="912.671" />
<cycle-start id="17" type="global" contextid="0" timestamp="2019-08-02T20:17:24.831" intervalms="208.267" />
<gc-start id="18" type="global" contextid="17" timestamp="2019-08-02T20:17:24.831">
  <mem-info id="19" free="418816" total="8388608" percent="4">
    <mem type="tenure" free="418816" total="8388608" percent="4">
      <mem type="soa" free="0" total="7969792" percent="0" />
      <mem type="loa" free="418816" total="418816" percent="100" />
    </mem>
  </mem-info>
</gc-start>
<allocation-stats totalBytes="6288456" >
  <allocated-bytes non-tlh="662128" tlh="5626328" />
  <largest-consumer threadName="main" threadId="0000000001B14A00" bytes="6277624" />
</allocation-stats>
<gc-op id="20" type="mark" timems="1.090" contextid="17" timestamp="2019-08-02T20:17:24.832">
  <trace-info objectcount="23770" scancount="19207" scanbytes="629708" />
  <finalization candidates="50" enqueued="0" />
  <ownableSynchronizers candidates="1" cleared="0" />
  <references type="soft" candidates="69" cleared="0" enqueued="0" dynamicThreshold="25" maxThreshold="32" />
  <references type="weak" candidates="550" cleared="85" enqueued="80" />
  <references type="phantom" candidates="88" cleared="5" enqueued="5" />
  <stringconstants candidates="3393" cleared="4"  />
</gc-op>
<gc-op id="21" type="sweep" timems="0.250" contextid="17" timestamp="2019-08-02T20:17:24.833" />
<gc-end id="22" type="global" contextid="17" durationms="2.134" usertimems="4.000" systemtimems="0.000" timestamp="2019-08-02T20:17:24.833" activeThreads="8">
  <mem-info id="23" free="6490192" total="8388608" percent="77">
    <mem type="tenure" free="6490192" total="8388608" percent="77" micro-fragmented="323937" macro-fragmented="0">
      <mem type="soa" free="6071376" total="7969792" percent="76" />
      <mem type="loa" free="418816" total="418816" percent="100" />
    </mem>
    <pending-finalizers system="0" default="0" reference="85" classloader="0" />
  </mem-info>
</gc-end>
<cycle-end id="24" type="global" contextid="17" timestamp="2019-08-02T20:17:24.833" />
  <attribute name="elasticGC enabled" value="1" />
  <attribute name= "numThreadsSpecified" value="0" />
  <attribute name="heapSize specified" value="0" />
  <attribute name= "numCores" value="8" />
  <attribute name ="GC Interval" value="0" />
  <attribute name ="Control flow" value="2" />
  <attribute name="GC Util Range Max" value="132" />
  <attribute name="Current GC Util" value="29" />
  <attribute name= "Current Time Running" value="209" />
<allocation-satisfied id="25" threadId="0000000001B14A00" bytesRequested="88" />
<af-end id="26" timestamp="2019-08-02T20:17:24.833" threadId="0000000001B15388" success="true" />
<exclusive-end id="27" timestamp="2019-08-02T20:17:24.834" durationms="2.942" />

<exclusive-start id="28" timestamp="2019-08-02T20:17:25.038" intervalms="207.757">
  <response-info timems="0.059" idlems="0.059" threads="0" lastid="0000000001B14A00" lastname="main" />
</exclusive-start>
<af-start id="29" threadId="0000000001B15388" totalBytesRequested="16" timestamp="2019-08-02T20:17:25.039" intervalms="207.734" />
<cycle-start id="30" type="global" contextid="0" timestamp="2019-08-02T20:17:25.039" intervalms="207.719" />
<gc-start id="31" type="global" contextid="30" timestamp="2019-08-02T20:17:25.039">
  <mem-info id="32" free="271416" total="8388608" percent="3">
    <mem type="tenure" free="271416" total="8388608" percent="3">
      <mem type="soa" free="0" total="7969792" percent="0" />
      <mem type="loa" free="271416" total="418816" percent="64" />
    </mem>
  </mem-info>
</gc-start>
<allocation-stats totalBytes="6144448" >
  <allocated-bytes non-tlh="1163168" tlh="4981280" />
  <largest-consumer threadName="main" threadId="0000000001B14A00" bytes="777392" />
</allocation-stats>
<gc-op id="33" type="mark" timems="1.601" contextid="30" timestamp="2019-08-02T20:17:25.040">
  <trace-info objectcount="33029" scancount="25605" scanbytes="820356" />
  <finalization candidates="53" enqueued="0" />
  <ownableSynchronizers candidates="5" cleared="4" />
  <references type="soft" candidates="198" cleared="0" enqueued="0" dynamicThreshold="24" maxThreshold="32" />
  <references type="weak" candidates="927" cleared="260" enqueued="185" />
  <references type="phantom" candidates="90" cleared="6" enqueued="6" />
  <stringconstants candidates="4901" cleared="4"  />
</gc-op>
<gc-op id="34" type="classunload" timems="0.002" contextid="30" timestamp="2019-08-02T20:17:25.040">
  <classunload-info classloadercandidates="8" classloadersunloaded="0" classesunloaded="0" anonymousclassesunloaded="0" quiescems="0.000" setupms="0.001" scanms="0.001" postms="0.000" />
</gc-op>
<gc-op id="35" type="sweep" timems="0.295" contextid="30" timestamp="2019-08-02T20:17:25.041" />
<gc-end id="36" type="global" contextid="30" durationms="2.610" usertimems="8.000" systemtimems="0.000" timestamp="2019-08-02T20:17:25.041" activeThreads="8">
  <mem-info id="37" free="6085552" total="8388608" percent="72">
    <mem type="tenure" free="6085552" total="8388608" percent="72" micro-fragmented="504079" macro-fragmented="0">
      <mem type="soa" free="5666736" total="7969792" percent="71" />
      <mem type="loa" free="418816" total="418816" percent="100" />
    </mem>
    <pending-finalizers system="0" default="0" reference="191" classloader="0" />
  </mem-info>
</gc-end>
<cycle-end id="38" type="global" contextid="30" timestamp="2019-08-02T20:17:25.041" />
  <attribute name="elasticGC enabled" value="1" />
  <attribute name= "numThreadsSpecified" value="0" />
  <attribute name="heapSize specified" value="0" />
  <attribute name= "numCores" value="8" />
  <attribute name ="GC Interval" value="0" />
  <attribute name ="Control flow" value="2" />
  <attribute name="GC Util Range Max" value="132" />
  <attribute name="Current GC Util" value="30" />
  <attribute name= "Current Time Running" value="417" />
<allocation-satisfied id="39" threadId="0000000001B14A00" bytesRequested="16" />
<af-end id="40" timestamp="2019-08-02T20:17:25.042" threadId="0000000001B15388" success="true" />
<exclusive-end id="41" timestamp="2019-08-02T20:17:25.042" durationms="3.179" />

</verbosegc>

